Java HotSpot(TM) 64-Bit Server VM (24.80-b11) for linux-amd64 JRE (1.7.0_80-b15), built on Apr 10 2015 19:53:14 by "java_re" with gcc 4.3.0 20080428 (Red Hat 4.3.0-8)
Memory: 4k page, physical 8000092k(6053396k free), swap 8218620k(8218620k free)
CommandLine flags: -XX:InitialHeapSize=192829440 -XX:MaxHeapSize=192829440 -XX:MaxNewSize=63614976 -XX:MaxTenuringThreshold=6 -XX:NewSize=63614976 -XX:OldPLABSize=16 -XX:OldSize=127225856 -XX:+PrintGC -XX:+PrintGCApplicationConcurrentTime -XX:+PrintGCApplicationStoppedTime -XX:+PrintGCDetails -XX:+PrintGCTimeStamps -XX:-UseAdaptiveSizePolicy -XX:+UseCompressedOops -XX:+UseConcMarkSweepGC -XX:+UseParNewGC 
1.011: Application time: 0.9845850 seconds
1.011: Total time for which application threads were stopped: 0.0000400 seconds, Stopping threads took: 0.0000100 seconds
4.032: Application time: 3.0209700 seconds
4.032: Total time for which application threads were stopped: 0.0000680 seconds, Stopping threads took: 0.0000100 seconds
14.638: Application time: 10.6062180 seconds
14.638: Total time for which application threads were stopped: 0.0000240 seconds, Stopping threads took: 0.0000080 seconds
14.638: Application time: 0.0000150 seconds
14.638: Total time for which application threads were stopped: 0.0000120 seconds, Stopping threads took: 0.0000070 seconds
14.639: Application time: 0.0014320 seconds
14.639: Total time for which application threads were stopped: 0.0000100 seconds, Stopping threads took: 0.0000040 seconds
14.659: Application time: 0.0194800 seconds
14.659: Total time for which application threads were stopped: 0.0000440 seconds, Stopping threads took: 0.0000100 seconds
14.672: Application time: 0.0125360 seconds
14.672: [Full GC14.672: [CMS: 0K->3177K(126272K), 0.0108960 secs] 11433K->3177K(182144K), [CMS Perm : 5077K->5076K(21248K)], 0.0109590 secs] [Times: user=0.01 sys=0.00, real=0.02 secs] 
14.683: Total time for which application threads were stopped: 0.0110230 seconds, Stopping threads took: 0.0000050 seconds
14.683: Application time: 0.0001120 seconds
14.683: [Full GC14.683: [CMS: 3177K->3177K(126272K), 0.0077220 secs] 3177K->3177K(182144K), [CMS Perm : 5076K->5076K(21248K)], 0.0077620 secs] [Times: user=0.00 sys=0.00, real=0.00 secs] 
14.690: Total time for which application threads were stopped: 0.0078220 seconds, Stopping threads took: 0.0000080 seconds
14.691: Application time: 0.0001950 seconds
14.691: Total time for which application threads were stopped: 0.0001090 seconds, Stopping threads took: 0.0000730 seconds
14.691: Application time: 0.0000820 seconds
14.691: Total time for which application threads were stopped: 0.0001040 seconds, Stopping threads took: 0.0000710 seconds
14.691: Application time: 0.0000820 seconds
14.691: Total time for which application threads were stopped: 0.0001010 seconds, Stopping threads took: 0.0000690 seconds
14.691: Application time: 0.0000760 seconds
14.691: Total time for which application threads were stopped: 0.0000270 seconds, Stopping threads took: 0.0000210 seconds
14.691: Application time: 0.0000270 seconds
14.691: Total time for which application threads were stopped: 0.0000170 seconds, Stopping threads took: 0.0000130 seconds
14.691: Application time: 0.0000260 seconds
14.691: Total time for which application threads were stopped: 0.0000120 seconds, Stopping threads took: 0.0000090 seconds
14.691: Application time: 0.0000260 seconds
14.691: Total time for which application threads were stopped: 0.0000110 seconds, Stopping threads took: 0.0000080 seconds
14.691: Application time: 0.0000260 seconds
14.691: Total time for which application threads were stopped: 0.0000130 seconds, Stopping threads took: 0.0000090 seconds
14.691: Application time: 0.0000250 seconds
14.691: Total time for which application threads were stopped: 0.0000110 seconds, Stopping threads took: 0.0000080 seconds
14.691: Application time: 0.0000250 seconds
14.692: Total time for which application threads were stopped: 0.0000120 seconds, Stopping threads took: 0.0000080 seconds
14.692: Application time: 0.0000120 seconds
14.692: Total time for which application threads were stopped: 0.0000120 seconds, Stopping threads took: 0.0000090 seconds
14.692: Application time: 0.0000100 seconds
14.692: Total time for which application threads were stopped: 0.0000110 seconds, Stopping threads took: 0.0000080 seconds
14.692: Application time: 0.0000100 seconds
14.692: Total time for which application threads were stopped: 0.0000130 seconds, Stopping threads took: 0.0000100 seconds
14.692: Application time: 0.0000090 seconds
14.692: Total time for which application threads were stopped: 0.0000240 seconds, Stopping threads took: 0.0000210 seconds
14.692: Application time: 0.0000110 seconds
14.692: Total time for which application threads were stopped: 0.0000150 seconds, Stopping threads took: 0.0000110 seconds
14.692: Application time: 0.0000190 seconds
14.692: Total time for which application threads were stopped: 0.0000180 seconds, Stopping threads took: 0.0000150 seconds
14.692: Application time: 0.0000120 seconds
14.692: Total time for which application threads were stopped: 0.0000070 seconds, Stopping threads took: 0.0000040 seconds
14.692: Application time: 0.0000110 seconds
14.692: Total time for which application threads were stopped: 0.0000130 seconds, Stopping threads took: 0.0000100 seconds
14.692: Application time: 0.0000110 seconds
14.692: Total time for which application threads were stopped: 0.0000150 seconds, Stopping threads took: 0.0000120 seconds
14.692: Application time: 0.0000110 seconds
14.692: Total time for which application threads were stopped: 0.0000180 seconds, Stopping threads took: 0.0000090 seconds
14.694: Application time: 0.0024280 seconds
14.694: Total time for which application threads were stopped: 0.0000200 seconds, Stopping threads took: 0.0000130 seconds
14.694: Application time: 0.0000950 seconds
14.694: Total time for which application threads were stopped: 0.0000470 seconds, Stopping threads took: 0.0000380 seconds
14.695: Application time: 0.0004880 seconds
14.695: Total time for which application threads were stopped: 0.0000260 seconds, Stopping threads took: 0.0000130 seconds
14.714: Application time: 0.0188210 seconds
14.717: Total time for which application threads were stopped: 0.0037490 seconds, Stopping threads took: 0.0037310 seconds
14.800: Application time: 0.0827630 seconds
14.802: [GC14.802: [ParNew: 49664K->6208K(55872K), 0.0019720 secs] 52841K->10718K(182144K), 0.0020200 secs] [Times: user=0.01 sys=0.01, real=0.00 secs] 
14.804: Total time for which application threads were stopped: 0.0038590 seconds, Stopping threads took: 0.0017500 seconds
14.815: Application time: 0.0111260 seconds
14.818: Total time for which application threads were stopped: 0.0025630 seconds, Stopping threads took: 0.0025450 seconds
14.818: Application time: 0.0000500 seconds
14.818: Total time for which application threads were stopped: 0.0002460 seconds, Stopping threads took: 0.0002360 seconds
14.818: Application time: 0.0000300 seconds
14.818: Total time for which application threads were stopped: 0.0000610 seconds, Stopping threads took: 0.0000550 seconds
14.818: Application time: 0.0000550 seconds
14.823: Total time for which application threads were stopped: 0.0051900 seconds, Stopping threads took: 0.0051820 seconds
14.823: Application time: 0.0000340 seconds
14.825: Total time for which application threads were stopped: 0.0020150 seconds, Stopping threads took: 0.0020070 seconds
14.826: Application time: 0.0000360 seconds
14.827: Total time for which application threads were stopped: 0.0015920 seconds, Stopping threads took: 0.0015820 seconds
14.827: Application time: 0.0000210 seconds
14.827: Total time for which application threads were stopped: 0.0001150 seconds, Stopping threads took: 0.0001060 seconds
14.827: Application time: 0.0000200 seconds
14.827: Total time for which application threads were stopped: 0.0000240 seconds, Stopping threads took: 0.0000170 seconds
14.827: Application time: 0.0000100 seconds
14.827: Total time for which application threads were stopped: 0.0000070 seconds, Stopping threads took: 0.0000040 seconds
14.827: Application time: 0.0000130 seconds
14.827: Total time for which application threads were stopped: 0.0000090 seconds, Stopping threads took: 0.0000050 seconds
14.827: Application time: 0.0000110 seconds
14.827: Total time for which application threads were stopped: 0.0000060 seconds, Stopping threads took: 0.0000030 seconds
14.827: Application time: 0.0000120 seconds
14.827: Total time for which application threads were stopped: 0.0000810 seconds, Stopping threads took: 0.0000770 seconds
14.859: Application time: 0.0318880 seconds
14.862: [GC14.862: [ParNew: 55872K->6206K(55872K), 0.0020590 secs] 60382K->12555K(182144K), 0.0021180 secs] [Times: user=0.00 sys=0.01, real=0.00 secs] 
14.864: Total time for which application threads were stopped: 0.0048130 seconds, Stopping threads took: 0.0026240 seconds
14.909: Application time: 0.0448870 seconds
14.910: [GC14.910: [ParNew: 55870K->5638K(55872K), 0.0016800 secs] 62219K->11988K(182144K), 0.0017250 secs] [Times: user=0.01 sys=0.01, real=0.00 secs] 
14.912: Total time for which application threads were stopped: 0.0027290 seconds, Stopping threads took: 0.0009410 seconds
14.958: Application time: 0.0458920 seconds
14.961: [GC14.961: [ParNew: 55302K->6206K(55872K), 0.0022790 secs] 61652K->13840K(182144K), 0.0023270 secs] [Times: user=0.01 sys=0.00, real=0.01 secs] 
14.963: Total time for which application threads were stopped: 0.0053080 seconds, Stopping threads took: 0.0029150 seconds
15.010: Application time: 0.0465270 seconds
15.012: [GC15.012: [ParNew: 55870K->6207K(55872K), 0.0022180 secs] 63504K->15043K(182144K), 0.0022640 secs] [Times: user=0.01 sys=0.00, real=0.01 secs] 
15.015: Total time for which application threads were stopped: 0.0050870 seconds, Stopping threads took: 0.0027590 seconds
15.060: Application time: 0.0454190 seconds
15.061: [GC15.061: [ParNew: 55871K->6207K(55872K), 0.0019440 secs] 64707K->15248K(182144K), 0.0019880 secs] [Times: user=0.02 sys=0.00, real=0.01 secs] 
15.063: Total time for which application threads were stopped: 0.0027950 seconds, Stopping threads took: 0.0007430 seconds
15.108: Application time: 0.0452290 seconds
15.109: [GC15.109: [ParNew: 55871K->6207K(55872K), 0.0020190 secs] 64912K->15404K(182144K), 0.0020610 secs] [Times: user=0.02 sys=0.00, real=0.00 secs] 
15.112: Total time for which application threads were stopped: 0.0034940 seconds, Stopping threads took: 0.0013680 seconds
15.157: Application time: 0.0456070 seconds
15.165: [GC15.165: [ParNew: 55871K->6206K(55872K), 0.0022120 secs] 65068K->16452K(182144K), 0.0022560 secs] [Times: user=0.02 sys=0.00, real=0.00 secs] 
15.168: Total time for which application threads were stopped: 0.0104060 seconds, Stopping threads took: 0.0080750 seconds
15.216: Application time: 0.0488560 seconds
15.218: [GC15.218: [ParNew: 55870K->6026K(55872K), 0.0017470 secs] 66116K->16272K(182144K), 0.0017850 secs] [Times: user=0.01 sys=0.00, real=0.00 secs] 
15.220: Total time for which application threads were stopped: 0.0035260 seconds, Stopping threads took: 0.0016780 seconds
15.265: Application time: 0.0453470 seconds
15.267: [GC15.267: [ParNew: 55690K->5956K(55872K), 0.0017880 secs] 65936K->16202K(182144K), 0.0018280 secs] [Times: user=0.02 sys=0.00, real=0.00 secs] 
15.269: Total time for which application threads were stopped: 0.0039040 seconds, Stopping threads took: 0.0020120 seconds
15.313: Application time: 0.0435260 seconds
15.314: [GC15.314: [ParNew: 55620K->6207K(55872K), 0.0019700 secs] 65866K->16662K(182144K), 0.0020120 secs] [Times: user=0.01 sys=0.00, real=0.00 secs] 
15.316: Total time for which application threads were stopped: 0.0030720 seconds, Stopping threads took: 0.0009970 seconds
15.360: Application time: 0.0444440 seconds
15.363: [GC15.363: [ParNew: 55871K->6206K(55872K), 0.0022210 secs] 66326K->17920K(182144K), 0.0022620 secs] [Times: user=0.01 sys=0.01, real=0.00 secs] 
15.365: Total time for which application threads were stopped: 0.0045590 seconds, Stopping threads took: 0.0022250 seconds
15.412: Application time: 0.0473760 seconds
15.414: [GC15.414: [ParNew: 55870K->6207K(55872K), 0.0021360 secs] 67584K->17965K(182144K), 0.0021870 secs] [Times: user=0.01 sys=0.00, real=0.00 secs] 
15.416: Total time for which application threads were stopped: 0.0040940 seconds, Stopping threads took: 0.0018380 seconds
15.465: Application time: 0.0491890 seconds
15.469: [GC15.469: [ParNew: 55871K->6207K(55872K), 0.0024290 secs] 67629K->18977K(182144K), 0.0024790 secs] [Times: user=0.02 sys=0.00, real=0.00 secs] 
15.471: Total time for which application threads were stopped: 0.0056140 seconds, Stopping threads took: 0.0030620 seconds
15.519: Application time: 0.0477850 seconds
15.521: [GC15.521: [ParNew: 55871K->6207K(55872K), 0.0021230 secs] 68641K->20070K(182144K), 0.0021680 secs] [Times: user=0.02 sys=0.00, real=0.01 secs] 
15.523: Total time for which application threads were stopped: 0.0040780 seconds, Stopping threads took: 0.0018440 seconds
15.567: Application time: 0.0438040 seconds
15.569: [GC15.569: [ParNew: 55871K->6206K(55872K), 0.0021580 secs] 69734K->21207K(182144K), 0.0022070 secs] [Times: user=0.02 sys=0.00, real=0.00 secs] 
15.572: Total time for which application threads were stopped: 0.0048220 seconds, Stopping threads took: 0.0025510 seconds
15.616: Application time: 0.0445030 seconds
15.619: [GC15.619: [ParNew: 55870K->6206K(55872K), 0.0021580 secs] 70871K->22231K(182144K), 0.0022000 secs] [Times: user=0.01 sys=0.00, real=0.00 secs] 
15.621: Total time for which application threads were stopped: 0.0050150 seconds, Stopping threads took: 0.0027540 seconds
15.670: Application time: 0.0491910 seconds
15.672: [GC15.672: [ParNew: 55870K->5335K(55872K), 0.0016750 secs] 71895K->21360K(182144K), 0.0017180 secs] [Times: user=0.01 sys=0.00, real=0.01 secs] 
15.674: Total time for which application threads were stopped: 0.0036170 seconds, Stopping threads took: 0.0018250 seconds
15.722: Application time: 0.0476450 seconds
15.723: [GC15.723: [ParNew: 54999K->6206K(55872K), 0.0022460 secs] 71024K->23282K(182144K), 0.0022920 secs] [Times: user=0.01 sys=0.00, real=0.00 secs] 
15.725: Total time for which application threads were stopped: 0.0038420 seconds, Stopping threads took: 0.0014840 seconds
15.773: Application time: 0.0476380 seconds
15.775: [GC15.775: [ParNew: 55870K->6206K(55872K), 0.0022840 secs] 72946K->24290K(182144K), 0.0023290 secs] [Times: user=0.01 sys=0.00, real=0.00 secs] 
15.777: Total time for which application threads were stopped: 0.0037920 seconds, Stopping threads took: 0.0013930 seconds
15.826: Application time: 0.0495290 seconds
15.829: [GC15.829: [ParNew: 55870K->6206K(55872K), 0.0021070 secs] 73953K->25017K(182144K), 0.0021530 secs] [Times: user=0.01 sys=0.00, real=0.00 secs] 
15.831: Total time for which application threads were stopped: 0.0044180 seconds, Stopping threads took: 0.0022000 seconds
15.881: Application time: 0.0502600 seconds
15.884: [GC15.884: [ParNew: 55870K->6207K(55872K), 0.0022230 secs] 74681K->25699K(182144K), 0.0022660 secs] [Times: user=0.02 sys=0.00, real=0.00 secs] 
15.886: Total time for which application threads were stopped: 0.0050460 seconds, Stopping threads took: 0.0027050 seconds
15.935: Application time: 0.0491730 seconds
15.937: [GC15.937: [ParNew: 55871K->6206K(55872K), 0.0022880 secs] 75363K->26981K(182144K), 0.0023320 secs] [Times: user=0.01 sys=0.01, real=0.00 secs] 
15.940: Total time for which application threads were stopped: 0.0045190 seconds, Stopping threads took: 0.0021200 seconds
15.988: Application time: 0.0480620 seconds
15.989: [GC15.990: [ParNew: 55870K->6206K(55872K), 0.0022330 secs] 76645K->28111K(182144K), 0.0022780 secs] [Times: user=0.01 sys=0.00, real=0.00 secs] 
15.992: Total time for which application threads were stopped: 0.0039140 seconds, Stopping threads took: 0.0015700 seconds
16.040: Application time: 0.0480510 seconds
16.042: [GC16.042: [ParNew: 55870K->6207K(55872K), 0.0022200 secs] 77775K->29099K(182144K), 0.0022650 secs] [Times: user=0.01 sys=0.01, real=0.00 secs] 
16.044: Total time for which application threads were stopped: 0.0046070 seconds, Stopping threads took: 0.0022770 seconds
16.094: Application time: 0.0496370 seconds
16.096: [GC16.096: [ParNew: 55871K->6207K(55872K), 0.0021900 secs] 78763K->30103K(182144K), 0.0022470 secs] [Times: user=0.02 sys=0.00, real=0.00 secs] 
16.098: Total time for which application threads were stopped: 0.0040220 seconds, Stopping threads took: 0.0017080 seconds
16.145: Application time: 0.0471970 seconds
16.147: [GC16.147: [ParNew: 55871K->6207K(55872K), 0.0023400 secs] 79767K->30989K(182144K), 0.0023970 secs] [Times: user=0.02 sys=0.00, real=0.00 secs] 
16.150: Total time for which application threads were stopped: 0.0044670 seconds, Stopping threads took: 0.0019950 seconds
16.198: Application time: 0.0477100 seconds
16.200: [GC16.200: [ParNew: 55871K->6207K(55872K), 0.0023900 secs] 80653K->31796K(182144K), 0.0024340 secs] [Times: user=0.02 sys=0.00, real=0.01 secs] 
16.203: Total time for which application threads were stopped: 0.0052790 seconds, Stopping threads took: 0.0027790 seconds
16.251: Application time: 0.0478920 seconds
16.254: [GC16.254: [ParNew: 55871K->6096K(55872K), 0.0020040 secs] 81460K->31685K(182144K), 0.0020480 secs] [Times: user=0.01 sys=0.01, real=0.00 secs] 
16.256: Total time for which application threads were stopped: 0.0050770 seconds, Stopping threads took: 0.0029670 seconds
16.306: Application time: 0.0503240 seconds
16.308: [GC16.308: [ParNew: 55760K->5903K(55872K), 0.0017720 secs] 81349K->31492K(182144K), 0.0018140 secs] [Times: user=0.01 sys=0.00, real=0.00 secs] 
16.310: Total time for which application threads were stopped: 0.0037340 seconds, Stopping threads took: 0.0018560 seconds
16.360: Application time: 0.0497820 seconds
16.361: [GC16.361: [ParNew: 55567K->4733K(55872K), 0.0016700 secs] 81156K->30350K(182144K), 0.0017090 secs] [Times: user=0.01 sys=0.00, real=0.01 secs] 
16.362: Total time for which application threads were stopped: 0.0028570 seconds, Stopping threads took: 0.0010860 seconds
16.411: Application time: 0.0486100 seconds
16.413: [GC16.413: [ParNew: 54397K->6207K(55872K), 0.0020390 secs] 80014K->32023K(182144K), 0.0020790 secs] [Times: user=0.02 sys=0.00, real=0.01 secs] 
16.415: Total time for which application threads were stopped: 0.0038600 seconds, Stopping threads took: 0.0017170 seconds
16.464: Application time: 0.0493830 seconds
16.466: [GC16.466: [ParNew: 55871K->6207K(55872K), 0.0022230 secs] 81687K->33044K(182144K), 0.0022720 secs] [Times: user=0.02 sys=0.00, real=0.00 secs] 
16.469: Total time for which application threads were stopped: 0.0042680 seconds, Stopping threads took: 0.0019270 seconds
16.518: Application time: 0.0493350 seconds
16.519: [GC16.519: [ParNew: 55871K->6207K(55872K), 0.0021080 secs] 82708K->33726K(182144K), 0.0021520 secs] [Times: user=0.01 sys=0.00, real=0.00 secs] 
16.521: Total time for which application threads were stopped: 0.0029420 seconds, Stopping threads took: 0.0007220 seconds
16.569: Application time: 0.0477080 seconds
16.571: [GC16.571: [ParNew: 55871K->6207K(55872K), 0.0020040 secs] 83390K->34220K(182144K), 0.0020480 secs] [Times: user=0.02 sys=0.00, real=0.00 secs] 
16.573: Total time for which application threads were stopped: 0.0044850 seconds, Stopping threads took: 0.0023710 seconds
16.622: Application time: 0.0488420 seconds
16.625: [GC16.625: [ParNew: 55871K->6207K(55872K), 0.0020760 secs] 83884K->34816K(182144K), 0.0021240 secs] [Times: user=0.01 sys=0.00, real=0.00 secs] 
16.627: Total time for which application threads were stopped: 0.0052450 seconds, Stopping threads took: 0.0030530 seconds
16.677: Application time: 0.0502250 seconds
16.680: [GC16.680: [ParNew: 55871K->6207K(55872K), 0.0020460 secs] 84480K->35185K(182144K), 0.0020890 secs] [Times: user=0.02 sys=0.00, real=0.01 secs] 
16.682: Total time for which application threads were stopped: 0.0044140 seconds, Stopping threads took: 0.0022600 seconds
16.731: Application time: 0.0495560 seconds
16.734: [GC16.734: [ParNew: 55871K->6206K(55872K), 0.0020370 secs] 84849K->35544K(182144K), 0.0020810 secs] [Times: user=0.02 sys=0.00, real=0.00 secs] 
16.736: Total time for which application threads were stopped: 0.0044770 seconds, Stopping threads took: 0.0023220 seconds
16.784: Application time: 0.0481520 seconds
16.786: [GC16.786: [ParNew: 55870K->6207K(55872K), 0.0022900 secs] 85208K->35994K(182144K), 0.0023370 secs] [Times: user=0.01 sys=0.00, real=0.00 secs] 
16.788: Total time for which application threads were stopped: 0.0040310 seconds, Stopping threads took: 0.0016090 seconds
16.836: Application time: 0.0480660 seconds
16.838: [GC16.838: [ParNew: 55871K->6207K(55872K), 0.0021660 secs] 85658K->36474K(182144K), 0.0022090 secs] [Times: user=0.01 sys=0.00, real=0.00 secs] 
16.840: Total time for which application threads were stopped: 0.0038860 seconds, Stopping threads took: 0.0016020 seconds
16.891: Application time: 0.0509520 seconds
16.893: [GC16.893: [ParNew: 55871K->6207K(55872K), 0.0021520 secs] 86138K->36918K(182144K), 0.0021970 secs] [Times: user=0.02 sys=0.00, real=0.01 secs] 
16.895: Total time for which application threads were stopped: 0.0037940 seconds, Stopping threads took: 0.0015330 seconds
16.944: Application time: 0.0493860 seconds
16.946: [GC16.946: [ParNew: 55871K->6207K(55872K), 0.0022500 secs] 86582K->37983K(182144K), 0.0022970 secs] [Times: user=0.01 sys=0.01, real=0.00 secs] 
16.948: Total time for which application threads were stopped: 0.0043400 seconds, Stopping threads took: 0.0019770 seconds
16.996: Application time: 0.0476540 seconds
16.998: [GC16.998: [ParNew: 55871K->6207K(55872K), 0.0022830 secs] 87647K->39218K(182144K), 0.0023270 secs] [Times: user=0.01 sys=0.00, real=0.00 secs] 
17.001: Total time for which application threads were stopped: 0.0046670 seconds, Stopping threads took: 0.0022750 seconds
17.049: Application time: 0.0483370 seconds
17.050: [GC17.050: [ParNew: 55871K->6110K(55872K), 0.0019340 secs] 88882K->39178K(182144K), 0.0019760 secs] [Times: user=0.01 sys=0.00, real=0.00 secs] 
17.052: Total time for which application threads were stopped: 0.0030180 seconds, Stopping threads took: 0.0009750 seconds
17.099: Application time: 0.0471820 seconds
17.101: [GC17.101: [ParNew: 55774K->6206K(55872K), 0.0022460 secs] 88842K->40214K(182144K), 0.0022950 secs] [Times: user=0.01 sys=0.01, real=0.01 secs] 
17.104: Total time for which application threads were stopped: 0.0043430 seconds, Stopping threads took: 0.0019810 seconds
17.153: Application time: 0.0493680 seconds
17.156: [GC17.156: [ParNew: 55870K->6207K(55872K), 0.0021130 secs] 89878K->41029K(182144K), 0.0021570 secs] [Times: user=0.01 sys=0.01, real=0.00 secs] 
17.158: Total time for which application threads were stopped: 0.0046600 seconds, Stopping threads took: 0.0024350 seconds
17.206: Application time: 0.0486520 seconds
17.208: [GC17.208: [ParNew: 55871K->6207K(55872K), 0.0021370 secs] 90693K->41857K(182144K), 0.0021830 secs] [Times: user=0.02 sys=0.00, real=0.00 secs] 
17.211: Total time for which application threads were stopped: 0.0041330 seconds, Stopping threads took: 0.0018900 seconds
17.258: Application time: 0.0476270 seconds
17.260: [GC17.260: [ParNew: 55871K->5990K(55872K), 0.0018350 secs] 91521K->41639K(182144K), 0.0018810 secs] [Times: user=0.02 sys=0.00, real=0.01 secs] 
17.262: Total time for which application threads were stopped: 0.0041910 seconds, Stopping threads took: 0.0022390 seconds
17.312: Application time: 0.0497890 seconds
17.314: [GC17.314: [ParNew: 55654K->6207K(55872K), 0.0022390 secs] 91303K->42492K(182144K), 0.0022800 secs] [Times: user=0.01 sys=0.00, real=0.00 secs] 
17.316: Total time for which application threads were stopped: 0.0041410 seconds, Stopping threads took: 0.0017730 seconds
17.367: Application time: 0.0505760 seconds
17.368: [GC17.368: [ParNew: 55871K->6207K(55872K), 0.0020720 secs] 92156K->43115K(182144K), 0.0021140 secs] [Times: user=0.01 sys=0.01, real=0.00 secs] 
17.370: Total time for which application threads were stopped: 0.0028520 seconds, Stopping threads took: 0.0006730 seconds
17.421: Application time: 0.0513650 seconds
17.423: [GC17.423: [ParNew: 55871K->6207K(55872K), 0.0020870 secs] 92779K->43594K(182144K), 0.0021320 secs] [Times: user=0.01 sys=0.02, real=0.00 secs] 
17.426: Total time for which application threads were stopped: 0.0044790 seconds, Stopping threads took: 0.0022830 seconds
17.472: Application time: 0.0467490 seconds
17.474: [GC17.474: [ParNew: 55871K->6206K(55872K), 0.0023470 secs] 93258K->45014K(182144K), 0.0024020 secs] [Times: user=0.02 sys=0.01, real=0.00 secs] 
17.477: Total time for which application threads were stopped: 0.0045450 seconds, Stopping threads took: 0.0020540 seconds
17.527: Application time: 0.0500310 seconds
17.529: [GC17.529: [ParNew: 55870K->6206K(55872K), 0.0019250 secs] 94678K->45261K(182144K), 0.0019670 secs] [Times: user=0.02 sys=0.00, real=0.00 secs] 
17.531: Total time for which application threads were stopped: 0.0045840 seconds, Stopping threads took: 0.0025530 seconds
17.582: Application time: 0.0505780 seconds
17.583: [GC17.583: [ParNew: 55870K->6061K(55872K), 0.0018540 secs] 94925K->45230K(182144K), 0.0018920 secs] [Times: user=0.02 sys=0.00, real=0.00 secs] 
17.585: Total time for which application threads were stopped: 0.0026940 seconds, Stopping threads took: 0.0007400 seconds
17.634: Application time: 0.0492540 seconds
17.636: [GC17.636: [ParNew: 55725K->5185K(55872K), 0.0016220 secs] 94894K->44411K(182144K), 0.0016590 secs] [Times: user=0.02 sys=0.00, real=0.00 secs] 
17.637: Total time for which application threads were stopped: 0.0032660 seconds, Stopping threads took: 0.0015420 seconds
17.686: Application time: 0.0485900 seconds
17.688: [GC17.688: [ParNew: 54849K->6086K(55872K), 0.0018710 secs] 94075K->45312K(182144K), 0.0019120 secs] [Times: user=0.01 sys=0.00, real=0.00 secs] 
17.690: Total time for which application threads were stopped: 0.0040170 seconds, Stopping threads took: 0.0020410 seconds
17.741: Application time: 0.0511440 seconds
17.743: [GC17.743: [ParNew: 55750K->6207K(55872K), 0.0021360 secs] 94976K->46199K(182144K), 0.0021800 secs] [Times: user=0.01 sys=0.00, real=0.00 secs] 
17.745: Total time for which application threads were stopped: 0.0038830 seconds, Stopping threads took: 0.0016370 seconds
17.796: Application time: 0.0511170 seconds
17.798: [GC17.798: [ParNew: 55871K->5076K(55872K), 0.0015550 secs] 95863K->45068K(182144K), 0.0015920 secs] [Times: user=0.01 sys=0.00, real=0.00 secs] 
17.800: Total time for which application threads were stopped: 0.0038460 seconds, Stopping threads took: 0.0021850 seconds
17.852: Application time: 0.0523560 seconds
17.853: [GC17.853: [ParNew: 54740K->6206K(55872K), 0.0021720 secs] 94732K->46925K(182144K), 0.0022170 secs] [Times: user=0.02 sys=0.00, real=0.01 secs] 
17.855: Total time for which application threads were stopped: 0.0027640 seconds, Stopping threads took: 0.0004780 seconds
17.904: Application time: 0.0487400 seconds
17.904: [GC17.904: [ParNew: 55870K->5927K(55872K), 0.0018110 secs] 96589K->46645K(182144K), 0.0018530 secs] [Times: user=0.01 sys=0.00, real=0.00 secs] 
17.906: Total time for which application threads were stopped: 0.0023280 seconds, Stopping threads took: 0.0004110 seconds
17.956: Application time: 0.0501870 seconds
17.959: [GC17.959: [ParNew: 55591K->6206K(55872K), 0.0021180 secs] 96309K->47484K(182144K), 0.0021590 secs] [Times: user=0.01 sys=0.00, real=0.00 secs] 
17.961: Total time for which application threads were stopped: 0.0050520 seconds, Stopping threads took: 0.0028360 seconds
18.008: Application time: 0.0463980 seconds
18.009: [GC18.009: [ParNew: 55870K->6207K(55872K), 0.0020680 secs] 97148K->48077K(182144K), 0.0021130 secs] [Times: user=0.02 sys=0.00, real=0.00 secs] 
18.011: Total time for which application threads were stopped: 0.0037270 seconds, Stopping threads took: 0.0015470 seconds
18.061: Application time: 0.0497210 seconds
18.063: [GC18.063: [ParNew: 55871K->5580K(55872K), 0.0016920 secs] 97741K->47479K(182144K), 0.0017310 secs] [Times: user=0.01 sys=0.00, real=0.00 secs] 
18.065: Total time for which application threads were stopped: 0.0040200 seconds, Stopping threads took: 0.0022270 seconds
18.116: Application time: 0.0512520 seconds
18.118: [GC18.118: [ParNew: 55244K->6207K(55872K), 0.0023300 secs] 97143K->49469K(182144K), 0.0023760 secs] [Times: user=0.02 sys=0.00, real=0.00 secs] 
18.121: Total time for which application threads were stopped: 0.0040760 seconds, Stopping threads took: 0.0016260 seconds
18.169: Application time: 0.0485810 seconds
18.172: [GC18.172: [ParNew: 55871K->6206K(55872K), 0.0023360 secs] 99133K->50898K(182144K), 0.0023800 secs] [Times: user=0.02 sys=0.00, real=0.01 secs] 
18.174: Total time for which application threads were stopped: 0.0053510 seconds, Stopping threads took: 0.0029070 seconds
18.223: Application time: 0.0484570 seconds
18.225: [GC18.225: [ParNew: 55870K->6207K(55872K), 0.0020650 secs] 100562K->51255K(182144K), 0.0021120 secs] [Times: user=0.02 sys=0.00, real=0.00 secs] 
18.227: Total time for which application threads were stopped: 0.0038930 seconds, Stopping threads took: 0.0017150 seconds
18.276: Application time: 0.0492610 seconds
18.277: [GC18.277: [ParNew: 55871K->6207K(55872K), 0.0020340 secs] 100919K->51564K(182144K), 0.0020760 secs] [Times: user=0.02 sys=0.00, real=0.00 secs] 
18.279: Total time for which application threads were stopped: 0.0031140 seconds, Stopping threads took: 0.0009730 seconds
18.328: Application time: 0.0483550 seconds
18.329: [GC18.329: [ParNew: 55871K->6207K(55872K), 0.0023580 secs] 101228K->52948K(182144K), 0.0024040 secs] [Times: user=0.02 sys=0.00, real=0.00 secs] 
18.331: Total time for which application threads were stopped: 0.0038360 seconds, Stopping threads took: 0.0013560 seconds
18.382: Application time: 0.0509810 seconds
18.385: [GC18.385: [ParNew: 55871K->5610K(55872K), 0.0018550 secs] 102612K->52350K(182144K), 0.0018990 secs] [Times: user=0.01 sys=0.00, real=0.00 secs] 
18.387: Total time for which application threads were stopped: 0.0046920 seconds, Stopping threads took: 0.0027280 seconds
18.438: Application time: 0.0513870 seconds
18.439: [GC18.440: [ParNew: 55274K->6206K(55872K), 0.0022100 secs] 102014K->53743K(182144K), 0.0022590 secs] [Times: user=0.01 sys=0.00, real=0.01 secs] 
18.442: Total time for which application threads were stopped: 0.0033130 seconds, Stopping threads took: 0.0009850 seconds
18.491: Application time: 0.0487680 seconds
18.492: [GC18.492: [ParNew: 55870K->6206K(55872K), 0.0022900 secs] 103407K->54895K(182144K), 0.0023360 secs] [Times: user=0.01 sys=0.00, real=0.01 secs] 
18.494: Total time for which application threads were stopped: 0.0037390 seconds, Stopping threads took: 0.0013140 seconds
18.542: Application time: 0.0480120 seconds
18.543: [GC18.543: [ParNew: 55870K->6206K(55872K), 0.0022220 secs] 104559K->55816K(182144K), 0.0022660 secs] [Times: user=0.01 sys=0.00, real=0.00 secs] 
18.545: Total time for which application threads were stopped: 0.0030660 seconds, Stopping threads took: 0.0007230 seconds
18.596: Application time: 0.0503640 seconds
18.598: [GC18.598: [ParNew: 55870K->6005K(55872K), 0.0017390 secs] 105480K->55615K(182144K), 0.0017840 secs] [Times: user=0.01 sys=0.01, real=0.00 secs] 
18.600: Total time for which application threads were stopped: 0.0040040 seconds, Stopping threads took: 0.0021540 seconds
18.650: Application time: 0.0501480 seconds
18.653: [GC18.653: [ParNew: 55669K->5643K(55872K), 0.0017980 secs] 105279K->55310K(182144K), 0.0018410 secs] [Times: user=0.01 sys=0.00, real=0.00 secs] 
18.655: Total time for which application threads were stopped: 0.0054280 seconds, Stopping threads took: 0.0035210 seconds
18.704: Application time: 0.0488420 seconds
18.706: [GC18.706: [ParNew: 55307K->4700K(55872K), 0.0016260 secs] 104974K->54481K(182144K), 0.0016640 secs] [Times: user=0.01 sys=0.00, real=0.00 secs] 
18.708: Total time for which application threads were stopped: 0.0033580 seconds, Stopping threads took: 0.0016110 seconds
18.755: Application time: 0.0477970 seconds
18.757: [GC18.757: [ParNew: 54364K->6206K(55872K), 0.0020640 secs] 104145K->56292K(182144K), 0.0021050 secs] [Times: user=0.02 sys=0.00, real=0.00 secs] 
18.759: Total time for which application threads were stopped: 0.0036870 seconds, Stopping threads took: 0.0015160 seconds
18.810: Application time: 0.0511010 seconds
18.812: [GC18.812: [ParNew: 55870K->6206K(55872K), 0.0021420 secs] 105956K->56898K(182144K), 0.0021850 secs] [Times: user=0.02 sys=0.00, real=0.01 secs] 
18.814: Total time for which application threads were stopped: 0.0038260 seconds, Stopping threads took: 0.0015750 seconds
18.864: Application time: 0.0500510 seconds
18.866: [GC18.866: [ParNew: 55870K->5862K(55872K), 0.0018780 secs] 106562K->56554K(182144K), 0.0019250 secs] [Times: user=0.02 sys=0.00, real=0.00 secs] 
18.868: Total time for which application threads were stopped: 0.0041790 seconds, Stopping threads took: 0.0021780 seconds
18.919: Application time: 0.0510140 seconds
18.922: [GC18.922: [ParNew: 55526K->3794K(55872K), 0.0013150 secs] 106218K->54486K(182144K), 0.0013520 secs] [Times: user=0.01 sys=0.00, real=0.00 secs] 
18.924: Total time for which application threads were stopped: 0.0046110 seconds, Stopping threads took: 0.0031780 seconds
18.972: Application time: 0.0484080 seconds
18.975: [GC18.975: [ParNew: 53458K->6206K(55872K), 0.0022730 secs] 104150K->57521K(182144K), 0.0023180 secs] [Times: user=0.01 sys=0.00, real=0.00 secs] 
18.977: Total time for which application threads were stopped: 0.0049660 seconds, Stopping threads took: 0.0025820 seconds
19.029: Application time: 0.0515760 seconds
19.031: [GC19.031: [ParNew: 55870K->5949K(55872K), 0.0020360 secs] 107185K->57264K(182144K), 0.0020780 secs] [Times: user=0.01 sys=0.00, real=0.00 secs] 
19.033: Total time for which application threads were stopped: 0.0040560 seconds, Stopping threads took: 0.0019130 seconds
19.080: Application time: 0.0475410 seconds
19.082: [GC19.082: [ParNew: 55613K->6206K(55872K), 0.0020600 secs] 106928K->57843K(182144K), 0.0021030 secs] [Times: user=0.01 sys=0.00, real=0.00 secs] 
19.085: Total time for which application threads were stopped: 0.0041370 seconds, Stopping threads took: 0.0019680 seconds
19.133: Application time: 0.0487380 seconds
19.136: [GC19.136: [ParNew: 55870K->6010K(55872K), 0.0018750 secs] 107507K->57647K(182144K), 0.0019180 secs] [Times: user=0.01 sys=0.01, real=0.00 secs] 
19.137: Total time for which application threads were stopped: 0.0042060 seconds, Stopping threads took: 0.0022220 seconds
19.186: Application time: 0.0481030 seconds
19.188: [GC19.188: [ParNew: 55674K->6206K(55872K), 0.0022140 secs] 107311K->58902K(182144K), 0.0022560 secs] [Times: user=0.01 sys=0.00, real=0.00 secs] 
19.190: Total time for which application threads were stopped: 0.0042720 seconds, Stopping threads took: 0.0019520 seconds
19.240: Application time: 0.0499160 seconds
19.242: [GC19.242: [ParNew: 55870K->6206K(55872K), 0.0021150 secs] 108566K->59364K(182144K), 0.0021600 secs] [Times: user=0.01 sys=0.00, real=0.00 secs] 
19.245: Total time for which application threads were stopped: 0.0047840 seconds, Stopping threads took: 0.0025590 seconds
19.291: Application time: 0.0460100 seconds
19.293: [GC19.293: [ParNew: 55870K->6206K(55872K), 0.0024850 secs] 109028K->60311K(182144K), 0.0025250 secs] [Times: user=0.01 sys=0.00, real=0.01 secs] 
19.296: Total time for which application threads were stopped: 0.0052470 seconds, Stopping threads took: 0.0026560 seconds
19.346: Application time: 0.0497870 seconds
19.347: [GC19.347: [ParNew: 55870K->5899K(55872K), 0.0019960 secs] 109975K->60029K(182144K), 0.0020370 secs] [Times: user=0.02 sys=0.00, real=0.00 secs] 
19.349: Total time for which application threads were stopped: 0.0034000 seconds, Stopping threads took: 0.0013000 seconds
19.399: Application time: 0.0504600 seconds
19.403: [GC19.403: [ParNew: 55563K->6207K(55872K), 0.0023030 secs] 109693K->61046K(182144K), 0.0023470 secs] [Times: user=0.02 sys=0.00, real=0.00 secs] 
19.405: Total time for which application threads were stopped: 0.0056430 seconds, Stopping threads took: 0.0032210 seconds
19.454: Application time: 0.0484810 seconds
19.456: [GC19.456: [ParNew: 55871K->6206K(55872K), 0.0021230 secs] 110710K->61509K(182144K), 0.0021690 secs] [Times: user=0.02 sys=0.00, real=0.00 secs] 
19.458: Total time for which application threads were stopped: 0.0041020 seconds, Stopping threads took: 0.0018660 seconds
19.506: Application time: 0.0487220 seconds
19.509: [GC19.509: [ParNew: 55870K->4951K(55872K), 0.0017210 secs] 111173K->60254K(182144K), 0.0017720 secs] [Times: user=0.01 sys=0.00, real=0.00 secs] 
19.511: Total time for which application threads were stopped: 0.0043680 seconds, Stopping threads took: 0.0025300 seconds
19.561: Application time: 0.0506510 seconds
19.562: [GC19.562: [ParNew: 54615K->3505K(55872K), 0.0011950 secs] 109918K->58808K(182144K), 0.0012310 secs] [Times: user=0.01 sys=0.00, real=0.00 secs] 
19.563: Total time for which application threads were stopped: 0.0015800 seconds, Stopping threads took: 0.0002890 seconds
19.614: Application time: 0.0509210 seconds
19.615: [GC19.615: [ParNew: 53169K->4881K(55872K), 0.0016090 secs] 108472K->60184K(182144K), 0.0016480 secs] [Times: user=0.01 sys=0.00, real=0.00 secs] 
19.617: Total time for which application threads were stopped: 0.0028490 seconds, Stopping threads took: 0.0011390 seconds
19.667: Application time: 0.0503350 seconds
19.670: [GC19.670: [ParNew: 54545K->6206K(55872K), 0.0019400 secs] 109848K->61775K(182144K), 0.0019850 secs] [Times: user=0.01 sys=0.00, real=0.00 secs] 
19.672: Total time for which application threads were stopped: 0.0043960 seconds, Stopping threads took: 0.0023450 seconds
19.717: Application time: 0.0453560 seconds
19.720: [GC19.720: [ParNew: 55870K->6206K(55872K), 0.0019820 secs] 111439K->62083K(182144K), 0.0020270 secs] [Times: user=0.02 sys=0.00, real=0.01 secs] 
19.722: Total time for which application threads were stopped: 0.0047800 seconds, Stopping threads took: 0.0026910 seconds
19.767: Application time: 0.0451630 seconds
19.768: [GC19.768: [ParNew: 55870K->6206K(55872K), 0.0022280 secs] 111747K->62805K(182144K), 0.0022730 secs] [Times: user=0.01 sys=0.00, real=0.00 secs] 
19.770: Total time for which application threads were stopped: 0.0035300 seconds, Stopping threads took: 0.0011670 seconds
19.818: Application time: 0.0472910 seconds
19.819: [GC19.819: [ParNew: 55870K->6121K(55872K), 0.0019230 secs] 112469K->62805K(182144K), 0.0019620 secs] [Times: user=0.01 sys=0.00, real=0.00 secs] 
19.821: Total time for which application threads were stopped: 0.0035200 seconds, Stopping threads took: 0.0014960 seconds
19.871: Application time: 0.0497520 seconds
19.873: [GC19.873: [ParNew: 55785K->3183K(55872K), 0.0010860 secs] 112469K->59925K(182144K), 0.0011210 secs] [Times: user=0.01 sys=0.00, real=0.01 secs] 
19.874: Total time for which application threads were stopped: 0.0032310 seconds, Stopping threads took: 0.0020550 seconds
19.920: Application time: 0.0462410 seconds
19.922: [GC19.922: [ParNew: 52847K->5540K(55872K), 0.0017150 secs] 109589K->62282K(182144K), 0.0017570 secs] [Times: user=0.02 sys=0.00, real=0.00 secs] 
19.923: Total time for which application threads were stopped: 0.0028800 seconds, Stopping threads took: 0.0010500 seconds
19.968: Application time: 0.0442410 seconds
19.970: [GC19.970: [ParNew: 55204K->6206K(55872K), 0.0020830 secs] 111946K->63686K(182144K), 0.0021230 secs] [Times: user=0.02 sys=0.00, real=0.00 secs] 
19.972: Total time for which application threads were stopped: 0.0047150 seconds, Stopping threads took: 0.0025290 seconds
20.018: Application time: 0.0454530 seconds
20.019: [GC20.019: [ParNew: 55870K->6207K(55872K), 0.0020790 secs] 113350K->64435K(182144K), 0.0021180 secs] [Times: user=0.01 sys=0.01, real=0.01 secs] 
20.021: Total time for which application threads were stopped: 0.0037500 seconds, Stopping threads took: 0.0015680 seconds
20.068: Application time: 0.0467270 seconds
20.070: [GC20.070: [ParNew: 55871K->6207K(55872K), 0.0020260 secs] 114099K->64613K(182144K), 0.0020710 secs] [Times: user=0.01 sys=0.00, real=0.00 secs] 
20.072: Total time for which application threads were stopped: 0.0037750 seconds, Stopping threads took: 0.0016400 seconds
20.118: Application time: 0.0458100 seconds
20.119: [GC20.119: [ParNew: 55871K->6095K(55872K), 0.0019140 secs] 114277K->64500K(182144K), 0.0019550 secs] [Times: user=0.01 sys=0.01, real=0.00 secs] 
20.121: Total time for which application threads were stopped: 0.0029820 seconds, Stopping threads took: 0.0009630 seconds
20.167: Application time: 0.0457310 seconds
20.169: [GC20.169: [ParNew: 55759K->6207K(55872K), 0.0021080 secs] 114164K->65396K(182144K), 0.0021550 secs] [Times: user=0.02 sys=0.00, real=0.00 secs] 
20.171: Total time for which application threads were stopped: 0.0043450 seconds, Stopping threads took: 0.0021260 seconds
20.217: Application time: 0.0461520 seconds
20.219: [GC20.219: [ParNew: 55871K->6206K(55872K), 0.0020160 secs] 115060K->65716K(182144K), 0.0020590 secs] [Times: user=0.02 sys=0.00, real=0.00 secs] 
20.221: Total time for which application threads were stopped: 0.0040740 seconds, Stopping threads took: 0.0019520 seconds
20.269: Application time: 0.0480770 seconds
20.271: [GC20.271: [ParNew: 55870K->6186K(55872K), 0.0019310 secs] 115380K->65724K(182144K), 0.0019750 secs] [Times: user=0.01 sys=0.00, real=0.00 secs] 
20.273: Total time for which application threads were stopped: 0.0036900 seconds, Stopping threads took: 0.0016520 seconds
20.319: Application time: 0.0462690 seconds
20.321: [GC20.321: [ParNew: 55850K->6207K(55872K), 0.0023550 secs] 115388K->67067K(182144K), 0.0024010 secs] [Times: user=0.01 sys=0.01, real=0.01 secs] 
20.323: Total time for which application threads were stopped: 0.0043250 seconds, Stopping threads took: 0.0018560 seconds
20.373: Application time: 0.0498700 seconds
20.375: [GC20.375: [ParNew: 55871K->6207K(55872K), 0.0019670 secs] 116731K->67273K(182144K), 0.0020090 secs] [Times: user=0.02 sys=0.00, real=0.00 secs] 
20.377: Total time for which application threads were stopped: 0.0034630 seconds, Stopping threads took: 0.0013910 seconds
20.423: Application time: 0.0460240 seconds
20.424: [GC20.424: [ParNew: 55871K->6206K(55872K), 0.0021490 secs] 116937K->68173K(182144K), 0.0021920 secs] [Times: user=0.02 sys=0.00, real=0.00 secs] 
20.427: Total time for which application threads were stopped: 0.0037120 seconds, Stopping threads took: 0.0014440 seconds
20.473: Application time: 0.0465480 seconds
20.475: [GC20.476: [ParNew: 55870K->6207K(55872K), 0.0020330 secs] 117837K->68412K(182144K), 0.0020750 secs] [Times: user=0.02 sys=0.00, real=0.00 secs] 
20.478: Total time for which application threads were stopped: 0.0045000 seconds, Stopping threads took: 0.0023600 seconds
20.523: Application time: 0.0458180 seconds
20.525: [GC20.525: [ParNew: 55871K->4538K(55872K), 0.0014770 secs] 118076K->66743K(182144K), 0.0015180 secs] [Times: user=0.02 sys=0.00, real=0.00 secs] 
20.526: Total time for which application threads were stopped: 0.0028120 seconds, Stopping threads took: 0.0012360 seconds
20.576: Application time: 0.0498710 seconds
20.578: [GC20.578: [ParNew: 54202K->4136K(55872K), 0.0013540 secs] 116407K->66341K(182144K), 0.0013910 secs] [Times: user=0.00 sys=0.00, real=0.00 secs] 
20.579: Total time for which application threads were stopped: 0.0029760 seconds, Stopping threads took: 0.0015250 seconds
20.622: Application time: 0.0427620 seconds
20.624: [GC20.624: [ParNew: 53800K->6207K(55872K), 0.0022100 secs] 116005K->69345K(182144K), 0.0022530 secs] [Times: user=0.02 sys=0.00, real=0.00 secs] 
20.626: Total time for which application threads were stopped: 0.0041250 seconds, Stopping threads took: 0.0018070 seconds
20.626: Application time: 0.0000910 seconds
20.632: [GC [1 CMS-initial-mark: 63137K(126272K)] 69965K(182144K), 0.0002030 secs] [Times: user=0.00 sys=0.00, real=0.00 secs] 
20.632: Total time for which application threads were stopped: 0.0057540 seconds, Stopping threads took: 0.0055220 seconds
20.632: [CMS-concurrent-mark-start]
20.637: [CMS-concurrent-mark: 0.005/0.005 secs] [Times: user=0.02 sys=0.01, real=0.01 secs] 
20.637: [CMS-concurrent-preclean-start]
20.637: [CMS-concurrent-preclean: 0.000/0.000 secs] [Times: user=0.00 sys=0.00, real=0.00 secs] 
20.637: [CMS-concurrent-abortable-preclean-start]
20.675: Application time: 0.0434080 seconds
20.677: [GC20.677: [ParNew: 55871K->4694K(55872K), 0.0016460 secs] 119009K->67832K(182144K), 0.0016850 secs] [Times: user=0.01 sys=0.00, real=0.00 secs] 
20.678: Total time for which application threads were stopped: 0.0031260 seconds, Stopping threads took: 0.0013740 seconds
20.726: Application time: 0.0473320 seconds
20.727: [GC20.727: [ParNew: 54358K->5204K(55872K), 0.0016660 secs] 117496K->68342K(182144K), 0.0017050 secs] [Times: user=0.01 sys=0.00, real=0.00 secs] 
20.729: Total time for which application threads were stopped: 0.0034770 seconds, Stopping threads took: 0.0017030 seconds
20.775: Application time: 0.0453770 seconds
20.776: [GC20.776: [ParNew: 54868K->6206K(55872K), 0.0020470 secs] 118006K->69658K(182144K), 0.0020870 secs] [Times: user=0.01 sys=0.00, real=0.00 secs] 
20.778: Total time for which application threads were stopped: 0.0035900 seconds, Stopping threads took: 0.0014400 seconds
20.823: Application time: 0.0447700 seconds
20.825: [GC20.825: [ParNew: 55870K->6207K(55872K), 0.0024010 secs] 119322K->71111K(182144K), 0.0024470 secs] [Times: user=0.02 sys=0.00, real=0.00 secs] 
20.827: Total time for which application threads were stopped: 0.0045250 seconds, Stopping threads took: 0.0020110 seconds
20.871: Application time: 0.0437160 seconds
20.873: [GC20.873: [ParNew: 55871K->6206K(55872K), 0.0022430 secs] 120775K->72292K(182144K), 0.0022890 secs] [Times: user=0.02 sys=0.00, real=0.01 secs] 
20.875: Total time for which application threads were stopped: 0.0042220 seconds, Stopping threads took: 0.0018680 seconds
20.920: Application time: 0.0450450 seconds
20.923: [GC20.923: [ParNew: 55870K->6207K(55872K), 0.0020850 secs] 121956K->72838K(182144K), 0.0021270 secs] [Times: user=0.01 sys=0.00, real=0.00 secs] 
20.925: Total time for which application threads were stopped: 0.0049440 seconds, Stopping threads took: 0.0027250 seconds
20.970: Application time: 0.0450330 seconds
20.973: [GC20.973: [ParNew: 55871K->6206K(55872K), 0.0021780 secs] 122502K->73721K(182144K), 0.0022230 secs] [Times: user=0.02 sys=0.00, real=0.01 secs] 
20.976: Total time for which application threads were stopped: 0.0051030 seconds, Stopping threads took: 0.0028060 seconds
21.019: Application time: 0.0437570 seconds
21.021: [GC21.021: [ParNew: 55870K->6206K(55872K), 0.0021050 secs] 123385K->74510K(182144K), 0.0021480 secs] [Times: user=0.02 sys=0.00, real=0.01 secs] 
21.023: Total time for which application threads were stopped: 0.0035740 seconds, Stopping threads took: 0.0013610 seconds
21.067: Application time: 0.0445780 seconds
21.070: [GC21.070: [ParNew: 55870K->5139K(55872K), 0.0015100 secs] 124174K->73443K(182144K), 0.0015480 secs] [Times: user=0.01 sys=0.00, real=0.00 secs] 
21.071: Total time for which application threads were stopped: 0.0036490 seconds, Stopping threads took: 0.0020400 seconds
21.116: Application time: 0.0452040 seconds
21.118: [GC21.118: [ParNew: 54803K->6206K(55872K), 0.0020470 secs] 123107K->74884K(182144K), 0.0020900 secs] [Times: user=0.02 sys=0.00, real=0.00 secs] 
21.121: Total time for which application threads were stopped: 0.0042820 seconds, Stopping threads took: 0.0021280 seconds
21.167: Application time: 0.0460910 seconds
21.169: [GC21.169: [ParNew: 55870K->6207K(55872K), 0.0021040 secs] 124548K->75720K(182144K), 0.0021470 secs] [Times: user=0.02 sys=0.00, real=0.00 secs] 
21.171: Total time for which application threads were stopped: 0.0047120 seconds, Stopping threads took: 0.0025000 seconds
21.216: Application time: 0.0443570 seconds
21.217: [GC21.217: [ParNew: 55871K->6207K(55872K), 0.0019910 secs] 125384K->76204K(182144K), 0.0020350 secs] [Times: user=0.02 sys=0.00, real=0.00 secs] 
21.219: Total time for which application threads were stopped: 0.0035650 seconds, Stopping threads took: 0.0014670 seconds
21.265: Application time: 0.0453880 seconds
21.266: [GC21.266: [ParNew: 55871K->5822K(55872K), 0.0018830 secs] 125868K->75848K(182144K), 0.0019240 secs] [Times: user=0.01 sys=0.00, real=0.00 secs] 
21.268: Total time for which application threads were stopped: 0.0035180 seconds, Stopping threads took: 0.0015310 seconds
21.314: Application time: 0.0461640 seconds
21.317: [GC21.317: [ParNew: 55486K->5532K(55872K), 0.0017070 secs] 125512K->75557K(182144K), 0.0017600 secs] [Times: user=0.01 sys=0.00, real=0.00 secs] 
21.319: Total time for which application threads were stopped: 0.0041530 seconds, Stopping threads took: 0.0023330 seconds
21.364: Application time: 0.0457440 seconds
21.366: [GC21.366: [ParNew: 55196K->6207K(55872K), 0.0022610 secs] 125221K->77409K(182144K), 0.0023040 secs] [Times: user=0.01 sys=0.00, real=0.00 secs] 
21.368: Total time for which application threads were stopped: 0.0039830 seconds, Stopping threads took: 0.0016180 seconds
21.413: Application time: 0.0443800 seconds
21.414: [GC21.414: [ParNew: 55871K->6206K(55872K), 0.0022280 secs] 127073K->78459K(182144K), 0.0022740 secs] [Times: user=0.02 sys=0.00, real=0.00 secs] 
21.417: Total time for which application threads were stopped: 0.0041220 seconds, Stopping threads took: 0.0017870 seconds
21.463: Application time: 0.0464610 seconds
21.465: [GC21.465: [ParNew: 55870K->4885K(55872K), 0.0017070 secs] 128123K->77138K(182144K), 0.0017460 secs] [Times: user=0.02 sys=0.00, real=0.00 secs] 
21.467: Total time for which application threads were stopped: 0.0036600 seconds, Stopping threads took: 0.0018560 seconds
21.511: Application time: 0.0441390 seconds
21.513: [GC21.513: [ParNew: 54549K->6207K(55872K), 0.0022200 secs] 126802K->79478K(182144K), 0.0022640 secs] [Times: user=0.01 sys=0.00, real=0.01 secs] 
21.515: Total time for which application threads were stopped: 0.0042850 seconds, Stopping threads took: 0.0019480 seconds
21.559: Application time: 0.0432950 seconds
21.560: [GC21.560: [ParNew: 55871K->6206K(55872K), 0.0022020 secs] 129142K->80539K(182144K), 0.0022510 secs] [Times: user=0.02 sys=0.00, real=0.01 secs] 
21.562: Total time for which application threads were stopped: 0.0036670 seconds, Stopping threads took: 0.0013500 seconds
21.606: Application time: 0.0437030 seconds
21.608: [GC21.608: [ParNew: 55870K->6207K(55872K), 0.0021960 secs] 130203K->81510K(182144K), 0.0022400 secs] [Times: user=0.02 sys=0.00, real=0.00 secs] 
21.610: Total time for which application threads were stopped: 0.0044210 seconds, Stopping threads took: 0.0021160 seconds
21.656: Application time: 0.0451370 seconds
21.659: [GC21.659: [ParNew: 55871K->6207K(55872K), 0.0020440 secs] 131174K->81906K(182144K), 0.0020800 secs] [Times: user=0.01 sys=0.00, real=0.00 secs] 
21.661: Total time for which application threads were stopped: 0.0051380 seconds, Stopping threads took: 0.0029970 seconds
21.706: Application time: 0.0449980 seconds
21.707: [GC21.707: [ParNew: 55871K->6207K(55872K), 0.0019240 secs] 131570K->82193K(182144K), 0.0019690 secs] [Times: user=0.01 sys=0.00, real=0.00 secs] 
21.709: Total time for which application threads were stopped: 0.0033060 seconds, Stopping threads took: 0.0012720 seconds
21.755: Application time: 0.0457700 seconds
21.757: [GC21.757: [ParNew: 55871K->6206K(55872K), 0.0020830 secs] 131857K->82347K(182144K), 0.0021250 secs] [Times: user=0.01 sys=0.00, real=0.00 secs] 
21.759: Total time for which application threads were stopped: 0.0041900 seconds, Stopping threads took: 0.0020030 seconds
21.805: Application time: 0.0457740 seconds
21.806: [GC21.806: [ParNew: 55870K->5284K(55872K), 0.0016240 secs] 132011K->81453K(182144K), 0.0016630 secs] [Times: user=0.01 sys=0.00, real=0.00 secs] 
21.808: Total time for which application threads were stopped: 0.0027790 seconds, Stopping threads took: 0.0010350 seconds
21.857: Application time: 0.0491810 seconds
21.857: [GC21.857: [ParNew: 54948K->3783K(55872K), 0.0014640 secs] 131117K->79986K(182144K), 0.0014990 secs] [Times: user=0.01 sys=0.00, real=0.00 secs] 
21.859: Total time for which application threads were stopped: 0.0019500 seconds, Stopping threads took: 0.0003900 seconds
21.903: Application time: 0.0442990 seconds
21.905: [GC21.905: [ParNew: 53447K->6206K(55872K), 0.0022430 secs] 129650K->83283K(182144K), 0.0022870 secs] [Times: user=0.01 sys=0.00, real=0.00 secs] 
21.907: Total time for which application threads were stopped: 0.0040880 seconds, Stopping threads took: 0.0017350 seconds
21.952: Application time: 0.0452930 seconds
21.954: [GC21.954: [ParNew: 55870K->5950K(55872K), 0.0018410 secs] 132947K->83083K(182144K), 0.0018880 secs] [Times: user=0.01 sys=0.00, real=0.00 secs] 
21.956: Total time for which application threads were stopped: 0.0036330 seconds, Stopping threads took: 0.0016840 seconds
22.002: Application time: 0.0459930 seconds
22.004: [GC22.004: [ParNew: 55614K->5349K(55872K), 0.0016600 secs] 132747K->82482K(182144K), 0.0016970 secs] [Times: user=0.01 sys=0.00, real=0.00 secs] 
22.006: Total time for which application threads were stopped: 0.0035890 seconds, Stopping threads took: 0.0018200 seconds
22.052: Application time: 0.0461020 seconds
22.053: [GC22.053: [ParNew: 55013K->6140K(55872K), 0.0020440 secs] 132146K->83274K(182144K), 0.0020840 secs] [Times: user=0.01 sys=0.00, real=0.01 secs] 
22.055: Total time for which application threads were stopped: 0.0037310 seconds, Stopping threads took: 0.0015510 seconds
22.101: Application time: 0.0459880 seconds
22.103: [GC22.103: [ParNew: 55804K->5765K(55872K), 0.0018240 secs] 132938K->82899K(182144K), 0.0018700 secs] [Times: user=0.01 sys=0.00, real=0.00 secs] 
22.105: Total time for which application threads were stopped: 0.0034520 seconds, Stopping threads took: 0.0015040 seconds
22.152: Application time: 0.0473510 seconds
22.154: [GC22.154: [ParNew: 55428K->5914K(55872K), 0.0019030 secs] 132561K->83047K(182144K), 0.0019440 secs] [Times: user=0.01 sys=0.00, real=0.00 secs] 
22.156: Total time for which application threads were stopped: 0.0036740 seconds, Stopping threads took: 0.0016640 seconds
22.199: Application time: 0.0433320 seconds
22.201: [GC22.201: [ParNew: 55578K->6207K(55872K), 0.0102460 secs] 132711K->84323K(182144K), 0.0102870 secs] [Times: user=0.07 sys=0.00, real=0.01 secs] 
22.211: Total time for which application threads were stopped: 0.0122020 seconds, Stopping threads took: 0.0018530 seconds
22.259: Application time: 0.0475970 seconds
22.261: [GC22.261: [ParNew: 55871K->4769K(55872K), 0.0014710 secs] 133987K->82885K(182144K), 0.0015070 secs] [Times: user=0.01 sys=0.00, real=0.01 secs] 
22.263: Total time for which application threads were stopped: 0.0035240 seconds, Stopping threads took: 0.0019580 seconds
22.309: Application time: 0.0469400 seconds
22.314: [GC22.314: [ParNew: 54433K->6207K(55872K), 0.0023910 secs] 132549K->85269K(182144K), 0.0024370 secs] [Times: user=0.01 sys=0.00, real=0.00 secs] 
22.316: Total time for which application threads were stopped: 0.0066480 seconds, Stopping threads took: 0.0041450 seconds
22.363: Application time: 0.0463730 seconds
22.364: [GC22.364: [ParNew: 55871K->4601K(55872K), 0.0017290 secs] 134933K->83663K(182144K), 0.0017710 secs] [Times: user=0.01 sys=0.00, real=0.00 secs] 
22.366: Total time for which application threads were stopped: 0.0035710 seconds, Stopping threads took: 0.0017380 seconds
22.412: Application time: 0.0462280 seconds
22.414: [GC22.414: [ParNew: 54265K->6206K(55872K), 0.0025260 secs] 133327K->87110K(182144K), 0.0025720 secs] [Times: user=0.02 sys=0.00, real=0.00 secs] 
22.417: Total time for which application threads were stopped: 0.0045530 seconds, Stopping threads took: 0.0019120 seconds
22.461: Application time: 0.0439070 seconds
22.463: [GC22.463: [ParNew: 55870K->6206K(55872K), 0.0024260 secs] 136774K->88823K(182144K), 0.0024730 secs] [Times: user=0.01 sys=0.00, real=0.00 secs] 
22.465: Total time for which application threads were stopped: 0.0047160 seconds, Stopping threads took: 0.0021760 seconds
22.511: Application time: 0.0450990 seconds
22.513: [GC22.513: [ParNew: 55870K->6206K(55872K), 0.0023230 secs] 138487K->90006K(182144K), 0.0023650 secs] [Times: user=0.02 sys=0.00, real=0.01 secs] 
22.515: Total time for which application threads were stopped: 0.0046800 seconds, Stopping threads took: 0.0022520 seconds
22.561: Application time: 0.0459680 seconds
22.563: [GC22.563: [ParNew: 55870K->6206K(55872K), 0.0023900 secs] 139670K->91062K(182144K), 0.0024360 secs] [Times: user=0.01 sys=0.01, real=0.00 secs] 
22.566: Total time for which application threads were stopped: 0.0046050 seconds, Stopping threads took: 0.0020750 seconds
22.611: Application time: 0.0449030 seconds
22.613: [GC22.613: [ParNew: 55870K->6206K(55872K), 0.0021660 secs] 140726K->91644K(182144K), 0.0022190 secs] [Times: user=0.02 sys=0.00, real=0.01 secs] 
22.615: Total time for which application threads were stopped: 0.0042830 seconds, Stopping threads took: 0.0019970 seconds
22.661: Application time: 0.0464050 seconds
22.663: [GC22.663: [ParNew: 55870K->6207K(55872K), 0.0021710 secs] 141308K->91893K(182144K), 0.0022110 secs] [Times: user=0.02 sys=0.00, real=0.00 secs] 
22.665: Total time for which application threads were stopped: 0.0033940 seconds, Stopping threads took: 0.0011180 seconds
22.710: Application time: 0.0450390 seconds
22.711: [GC22.711: [ParNew: 55871K->5995K(55872K), 0.0019850 secs] 141557K->91681K(182144K), 0.0020260 secs] [Times: user=0.01 sys=0.00, real=0.00 secs] 
22.713: Total time for which application threads were stopped: 0.0032410 seconds, Stopping threads took: 0.0011520 seconds
22.762: Application time: 0.0490290 seconds
22.765: [GC22.765: [ParNew: 55659K->4217K(55872K), 0.0014150 secs] 141345K->89902K(182144K), 0.0014520 secs] [Times: user=0.01 sys=0.00, real=0.00 secs] 
22.766: Total time for which application threads were stopped: 0.0041010 seconds, Stopping threads took: 0.0025860 seconds
22.811: Application time: 0.0452190 seconds
22.813: [GC22.813: [ParNew: 53881K->5641K(55872K), 0.0019760 secs] 139566K->91356K(182144K), 0.0020180 secs] [Times: user=0.01 sys=0.00, real=0.00 secs] 
22.815: Total time for which application threads were stopped: 0.0039800 seconds, Stopping threads took: 0.0019000 seconds
22.861: Application time: 0.0459920 seconds
22.866: [GC22.866: [ParNew: 55305K->6206K(55872K), 0.0022050 secs] 141020K->92340K(182144K), 0.0022480 secs] [Times: user=0.01 sys=0.01, real=0.00 secs] 
22.868: Total time for which application threads were stopped: 0.0063950 seconds, Stopping threads took: 0.0040840 seconds
22.911: Application time: 0.0436060 seconds
22.914: [GC22.914: [ParNew: 55870K->6206K(55872K), 0.0024280 secs] 142004K->94100K(182144K), 0.0024780 secs] [Times: user=0.02 sys=0.00, real=0.00 secs] 
22.917: Total time for which application threads were stopped: 0.0051370 seconds, Stopping threads took: 0.0025720 seconds
22.964: Application time: 0.0470340 seconds
22.965: [GC22.965: [ParNew: 55870K->6207K(55872K), 0.0024590 secs] 143764K->95724K(182144K), 0.0025060 secs] [Times: user=0.02 sys=0.00, real=0.00 secs] 
22.967: Total time for which application threads were stopped: 0.0035390 seconds, Stopping threads took: 0.0009680 seconds
23.013: Application time: 0.0462070 seconds
23.015: [GC23.015: [ParNew: 55871K->5415K(55872K), 0.0017100 secs] 145388K->94989K(182144K), 0.0017540 secs] [Times: user=0.01 sys=0.01, real=0.00 secs] 
23.017: Total time for which application threads were stopped: 0.0034040 seconds, Stopping threads took: 0.0015860 seconds
23.066: Application time: 0.0486960 seconds
23.068: [GC23.068: [ParNew: 55079K->6160K(55872K), 0.0020220 secs] 144653K->95734K(182144K), 0.0020640 secs] [Times: user=0.01 sys=0.00, real=0.00 secs] 
23.070: Total time for which application threads were stopped: 0.0045750 seconds, Stopping threads took: 0.0024390 seconds
23.120: Application time: 0.0498290 seconds
23.122: [GC23.122: [ParNew: 55824K->4203K(55872K), 0.0015540 secs] 145398K->93777K(182144K), 0.0015890 secs] [Times: user=0.01 sys=0.00, real=0.00 secs] 
23.123: Total time for which application threads were stopped: 0.0035130 seconds, Stopping threads took: 0.0018660 seconds
23.170: Application time: 0.0470640 seconds
23.172: [GC23.172: [ParNew: 53867K->5374K(55872K), 0.0018830 secs] 143441K->94948K(182144K), 0.0019200 secs] [Times: user=0.01 sys=0.00, real=0.01 secs] 
23.174: Total time for which application threads were stopped: 0.0036320 seconds, Stopping threads took: 0.0016510 seconds
23.220: Application time: 0.0461930 seconds
23.222: [GC23.222: [ParNew: 55038K->6206K(55872K), 0.0022470 secs] 144612K->96019K(182144K), 0.0022910 secs] [Times: user=0.02 sys=0.00, real=0.00 secs] 
23.224: Total time for which application threads were stopped: 0.0038000 seconds, Stopping threads took: 0.0014390 seconds
23.270: Application time: 0.0455140 seconds
23.272: [GC23.272: [ParNew: 55870K->4942K(55872K), 0.0015370 secs] 145683K->94755K(182144K), 0.0015740 secs] [Times: user=0.01 sys=0.00, real=0.00 secs] 
23.273: Total time for which application threads were stopped: 0.0035180 seconds, Stopping threads took: 0.0018630 seconds
23.317: Application time: 0.0437320 seconds
23.319: [GC23.319: [ParNew: 54606K->6207K(55872K), 0.0024940 secs] 144419K->97614K(182144K), 0.0025360 secs] [Times: user=0.02 sys=0.00, real=0.01 secs] 
23.322: Total time for which application threads were stopped: 0.0048490 seconds, Stopping threads took: 0.0022280 seconds
23.367: Application time: 0.0457180 seconds
23.370: [GC23.370: [ParNew: 55871K->6206K(55872K), 0.0021360 secs] 147278K->97795K(182144K), 0.0021820 secs] [Times: user=0.01 sys=0.00, real=0.00 secs] 
23.373: Total time for which application threads were stopped: 0.0050650 seconds, Stopping threads took: 0.0028180 seconds
23.418: Application time: 0.0459080 seconds
23.421: [GC23.421: [ParNew: 55870K->5794K(55872K), 0.0018450 secs] 147459K->97383K(182144K), 0.0018940 secs] [Times: user=0.01 sys=0.00, real=0.01 secs] 
23.423: Total time for which application threads were stopped: 0.0048230 seconds, Stopping threads took: 0.0028640 seconds
23.467: Application time: 0.0432760 seconds
23.469: [GC23.469: [ParNew: 55458K->6207K(55872K), 0.0022870 secs] 147047K->99158K(182144K), 0.0023310 secs] [Times: user=0.01 sys=0.01, real=0.00 secs] 
23.472: Total time for which application threads were stopped: 0.0050600 seconds, Stopping threads took: 0.0026640 seconds
23.517: Application time: 0.0458060 seconds
23.522: [GC23.522: [ParNew: 55871K->6206K(55872K), 0.0020990 secs] 148822K->99344K(182144K), 0.0021430 secs] [Times: user=0.01 sys=0.00, real=0.00 secs] 
23.524: Total time for which application threads were stopped: 0.0062700 seconds, Stopping threads took: 0.0040630 seconds
23.570: Application time: 0.0458610 seconds
23.571: [GC23.571: [ParNew: 55870K->5846K(55872K), 0.0018220 secs] 149008K->98983K(182144K), 0.0018630 secs] [Times: user=0.01 sys=0.00, real=0.00 secs] 
23.573: Total time for which application threads were stopped: 0.0034830 seconds, Stopping threads took: 0.0015470 seconds
23.619: Application time: 0.0464110 seconds
23.622: [GC23.622: [ParNew: 55510K->6207K(55872K), 0.0022760 secs] 148647K->100339K(182144K), 0.0023200 secs] [Times: user=0.01 sys=0.01, real=0.00 secs] 
23.625: Total time for which application threads were stopped: 0.0051540 seconds, Stopping threads took: 0.0027480 seconds
23.670: Application time: 0.0451610 seconds
23.671: [GC23.671: [ParNew: 55871K->6206K(55872K), 0.0020260 secs] 150003K->100409K(182144K), 0.0020670 secs] [Times: user=0.01 sys=0.00, real=0.00 secs] 
23.673: Total time for which application threads were stopped: 0.0033970 seconds, Stopping threads took: 0.0012660 seconds
23.724: Application time: 0.0506470 seconds
23.727: [GC23.727: [ParNew: 55870K->5412K(55872K), 0.0018950 secs] 150073K->99614K(182144K), 0.0019350 secs] [Times: user=0.01 sys=0.00, real=0.00 secs] 
23.729: Total time for which application threads were stopped: 0.0049690 seconds, Stopping threads took: 0.0029700 seconds
23.781: Application time: 0.0523140 seconds
23.784: [GC23.784: [ParNew: 55076K->6206K(55872K), 0.0023010 secs] 149278K->101631K(182144K), 0.0023480 secs] [Times: user=0.02 sys=0.00, real=0.00 secs] 
23.786: Total time for which application threads were stopped: 0.0053630 seconds, Stopping threads took: 0.0029490 seconds
23.836: Application time: 0.0490820 seconds
23.839: [GC23.839: [ParNew: 55870K->6206K(55872K), 0.0022140 secs] 151295K->102747K(182144K), 0.0022560 secs] [Times: user=0.01 sys=0.00, real=0.00 secs] 
23.841: Total time for which application threads were stopped: 0.0054160 seconds, Stopping threads took: 0.0030740 seconds
23.889: Application time: 0.0485120 seconds
23.891: [GC23.891: [ParNew: 55870K->6207K(55872K), 0.0019570 secs] 152411K->102779K(182144K), 0.0019990 secs] [Times: user=0.01 sys=0.00, real=0.00 secs] 
23.893: Total time for which application threads were stopped: 0.0035570 seconds, Stopping threads took: 0.0014830 seconds
23.945: Application time: 0.0514920 seconds
23.947: [GC23.947: [ParNew: 55871K->5597K(55872K), 0.0018990 secs] 152443K->102168K(182144K), 0.0019380 secs] [Times: user=0.01 sys=0.00, real=0.00 secs] 
23.949: Total time for which application threads were stopped: 0.0040610 seconds, Stopping threads took: 0.0020390 seconds
23.997: Application time: 0.0486960 seconds
23.998: [GC23.998: [ParNew: 55261K->6206K(55872K), 0.0021540 secs] 151832K->103105K(182144K), 0.0021930 secs] [Times: user=0.01 sys=0.00, real=0.00 secs] 
24.001: Total time for which application threads were stopped: 0.0033190 seconds, Stopping threads took: 0.0010600 seconds
24.050: Application time: 0.0492910 seconds
24.052: [GC24.052: [ParNew: 55870K->6206K(55872K), 0.0023330 secs] 152769K->104390K(182144K), 0.0023810 secs] [Times: user=0.02 sys=0.00, real=0.01 secs] 
24.054: Total time for which application threads were stopped: 0.0045070 seconds, Stopping threads took: 0.0020590 seconds
24.104: Application time: 0.0496740 seconds
24.106: [GC24.106: [ParNew: 55870K->5332K(55872K), 0.0018880 secs] 154054K->103541K(182144K), 0.0019290 secs] [Times: user=0.01 sys=0.00, real=0.00 secs] 
24.108: Total time for which application threads were stopped: 0.0038670 seconds, Stopping threads took: 0.0018650 seconds
24.156: Application time: 0.0484750 seconds
24.158: [GC24.158: [ParNew: 54996K->6206K(55872K), 0.0023270 secs] 153205K->105370K(182144K), 0.0023720 secs] [Times: user=0.02 sys=0.00, real=0.00 secs] 
24.161: Total time for which application threads were stopped: 0.0042390 seconds, Stopping threads took: 0.0017810 seconds
24.208: Application time: 0.0472660 seconds
24.211: [GC24.211: [ParNew: 55870K->5611K(55872K), 0.0016870 secs] 155034K->104774K(182144K), 0.0017330 secs] [Times: user=0.01 sys=0.00, real=0.00 secs] 
24.212: Total time for which application threads were stopped: 0.0043820 seconds, Stopping threads took: 0.0025720 seconds
24.262: Application time: 0.0495360 seconds
24.265: [GC24.265: [ParNew: 55275K->6014K(55872K), 0.0020750 secs] 154438K->105178K(182144K), 0.0021210 secs] [Times: user=0.02 sys=0.00, real=0.00 secs] 
24.267: Total time for which application threads were stopped: 0.0048240 seconds, Stopping threads took: 0.0026160 seconds
24.313: Application time: 0.0463120 seconds
24.316: [GC24.316: [ParNew: 55678K->6206K(55872K), 0.0024250 secs] 154842K->107037K(182144K), 0.0024710 secs] [Times: user=0.02 sys=0.00, real=0.00 secs] 
24.318: Total time for which application threads were stopped: 0.0053220 seconds, Stopping threads took: 0.0027600 seconds
24.366: Application time: 0.0472480 seconds
24.368: [GC24.368: [ParNew: 55869K->6207K(55872K), 0.0022390 secs] 156700K->108192K(182144K), 0.0022850 secs] [Times: user=0.02 sys=0.00, real=0.00 secs] 
24.371: Total time for which application threads were stopped: 0.0051430 seconds, Stopping threads took: 0.0027910 seconds
24.419: Application time: 0.0484010 seconds
24.421: [GC24.421: [ParNew: 55871K->5810K(55872K), 0.0018620 secs] 157856K->107795K(182144K), 0.0019070 secs] [Times: user=0.02 sys=0.00, real=0.01 secs] 
24.423: Total time for which application threads were stopped: 0.0037670 seconds, Stopping threads took: 0.0017930 seconds
24.469: Application time: 0.0458590 seconds
24.471: [GC24.471: [ParNew: 55474K->6206K(55872K), 0.0021400 secs] 157459K->108810K(182144K), 0.0021870 secs] [Times: user=0.01 sys=0.00, real=0.00 secs] 
24.473: Total time for which application threads were stopped: 0.0044930 seconds, Stopping threads took: 0.0022200 seconds
24.522: Application time: 0.0482530 seconds
24.523: [GC24.523: [ParNew: 55870K->5557K(55872K), 0.0017180 secs] 158474K->108161K(182144K), 0.0017580 secs] [Times: user=0.02 sys=0.00, real=0.00 secs] 
24.525: Total time for which application threads were stopped: 0.0036470 seconds, Stopping threads took: 0.0018230 seconds
24.573: Application time: 0.0475840 seconds
24.575: [GC24.575: [ParNew: 55221K->6206K(55872K), 0.0019720 secs] 157825K->109010K(182144K), 0.0020210 secs] [Times: user=0.01 sys=0.00, real=0.00 secs] 
24.577: Total time for which application threads were stopped: 0.0039630 seconds, Stopping threads took: 0.0018770 seconds
24.623: Application time: 0.0463700 seconds
24.625: [GC24.625: [ParNew: 55870K->6207K(55872K), 0.0019410 secs] 158674K->109121K(182144K), 0.0019800 secs] [Times: user=0.01 sys=0.00, real=0.00 secs] 
24.627: Total time for which application threads were stopped: 0.0035080 seconds, Stopping threads took: 0.0014560 seconds
24.676: Application time: 0.0493050 seconds
24.678: [GC24.678: [ParNew: 55871K->6206K(55872K), 0.0022120 secs] 158785K->110004K(182144K), 0.0022560 secs] [Times: user=0.01 sys=0.00, real=0.00 secs] 
24.681: Total time for which application threads were stopped: 0.0046700 seconds, Stopping threads took: 0.0023490 seconds
24.728: Application time: 0.0476360 seconds
24.729: [GC24.730: [ParNew: 55870K->6207K(55872K), 0.0022090 secs] 159668K->110915K(182144K), 0.0022550 secs] [Times: user=0.01 sys=0.00, real=0.00 secs] 
24.732: Total time for which application threads were stopped: 0.0035420 seconds, Stopping threads took: 0.0012190 seconds
24.781: Application time: 0.0496300 seconds
24.784: [GC24.784: [ParNew: 55871K->6206K(55872K), 0.0021150 secs] 160579K->111603K(182144K), 0.0021600 secs] [Times: user=0.02 sys=0.00, real=0.00 secs] 
24.786: Total time for which application threads were stopped: 0.0049400 seconds, Stopping threads took: 0.0027150 seconds
24.838: Application time: 0.0513760 seconds
24.840: [GC24.840: [ParNew: 55870K->4441K(55872K), 0.0013910 secs] 161267K->109838K(182144K), 0.0014310 secs] [Times: user=0.01 sys=0.00, real=0.01 secs] 
24.842: Total time for which application threads were stopped: 0.0038920 seconds, Stopping threads took: 0.0023990 seconds
24.889: Application time: 0.0472030 seconds
24.891: [GC24.891: [ParNew: 54105K->6207K(55872K), 0.0020040 secs] 159502K->111767K(182144K), 0.0020450 secs] [Times: user=0.01 sys=0.01, real=0.00 secs] 
24.893: Total time for which application threads were stopped: 0.0039200 seconds, Stopping threads took: 0.0017850 seconds
24.943: Application time: 0.0503050 seconds
24.945: [GC24.945: [ParNew: 55871K->6207K(55872K), 0.0019800 secs] 161431K->111774K(182144K), 0.0020250 secs] [Times: user=0.01 sys=0.00, real=0.00 secs] 
24.947: Total time for which application threads were stopped: 0.0041850 seconds, Stopping threads took: 0.0020930 seconds
24.997: Application time: 0.0501270 seconds
24.998: [GC24.998: [ParNew: 55871K->5097K(55872K), 0.0017920 secs] 161438K->110693K(182144K), 0.0018320 secs] [Times: user=0.01 sys=0.00, real=0.00 secs] 
25.000: Total time for which application threads were stopped: 0.0029460 seconds, Stopping threads took: 0.0010500 seconds
25.050: Application time: 0.0492130 seconds
25.052: [GC25.052: [ParNew: 54761K->4576K(55872K), 0.0014900 secs] 160357K->110172K(182144K), 0.0015260 secs] [Times: user=0.01 sys=0.00, real=0.00 secs] 
25.053: Total time for which application threads were stopped: 0.0035910 seconds, Stopping threads took: 0.0019820 seconds
25.102: Application time: 0.0488170 seconds
25.104: [GC25.104: [ParNew: 54240K->6206K(55872K), 0.0022520 secs] 159836K->112535K(182144K), 0.0022990 secs] [Times: user=0.02 sys=0.00, real=0.00 secs] 
25.106: Total time for which application threads were stopped: 0.0043500 seconds, Stopping threads took: 0.0019830 seconds
25.153: Application time: 0.0466310 seconds
25.155: [GC25.155: [ParNew: 55870K->5368K(55872K), 0.0016700 secs] 162199K->111811K(182144K), 0.0017060 secs] [Times: user=0.01 sys=0.00, real=0.00 secs] 
25.157: Total time for which application threads were stopped: 0.0038800 seconds, Stopping threads took: 0.0021040 seconds
25.205: Application time: 0.0481360 seconds
25.207: [GC25.207: [ParNew: 55032K->6207K(55872K), 0.0022530 secs] 161475K->113588K(182144K), 0.0022970 secs] [Times: user=0.02 sys=0.00, real=0.00 secs] 
25.209: Total time for which application threads were stopped: 0.0044960 seconds, Stopping threads took: 0.0021110 seconds
25.258: Application time: 0.0488500 seconds
25.261: [GC25.261: [ParNew: 55871K->6207K(55872K), 0.0020920 secs] 163252K->114202K(182144K), 0.0021480 secs] [Times: user=0.01 sys=0.00, real=0.01 secs] 
25.263: Total time for which application threads were stopped: 0.0048560 seconds, Stopping threads took: 0.0026380 seconds
25.311: Application time: 0.0482170 seconds
25.314: [GC25.314: [ParNew: 55871K->6206K(55872K), 0.0020400 secs] 163866K->114250K(182144K), 0.0020800 secs] [Times: user=0.02 sys=0.00, real=0.00 secs] 
25.316: Total time for which application threads were stopped: 0.0046150 seconds, Stopping threads took: 0.0024480 seconds
25.364: Application time: 0.0480880 seconds
25.367: [GC25.367: [ParNew: 55870K->6206K(55872K), 0.0021280 secs] 163914K->114841K(182144K), 0.0021720 secs] [Times: user=0.02 sys=0.00, real=0.00 secs] 
25.369: Total time for which application threads were stopped: 0.0051830 seconds, Stopping threads took: 0.0029240 seconds
25.417: Application time: 0.0480070 seconds
25.420: [GC25.420: [ParNew: 55870K->6206K(55872K), 0.0023510 secs] 164505K->116359K(182144K), 0.0024010 secs] [Times: user=0.02 sys=0.00, real=0.01 secs] 
25.423: Total time for which application threads were stopped: 0.0052530 seconds, Stopping threads took: 0.0027650 seconds
25.471: Application time: 0.0489020 seconds
25.474: [GC25.474: [ParNew: 55870K->6207K(55872K), 0.0020730 secs] 166023K->116710K(182144K), 0.0021180 secs] [Times: user=0.02 sys=0.00, real=0.00 secs] 
25.476: Total time for which application threads were stopped: 0.0043700 seconds, Stopping threads took: 0.0021890 seconds
25.523: Application time: 0.0466880 seconds
25.524: [GC25.524: [ParNew: 55871K->6207K(55872K), 0.0022410 secs] 166374K->117434K(182144K), 0.0022860 secs] [Times: user=0.02 sys=0.00, real=0.00 secs] 
25.526: Total time for which application threads were stopped: 0.0037180 seconds, Stopping threads took: 0.0013660 seconds
25.573: Application time: 0.0472580 seconds
25.576: [GC25.576: [ParNew: 55871K->6207K(55872K), 0.0021280 secs] 167098K->118111K(182144K), 0.0021730 secs] [Times: user=0.02 sys=0.00, real=0.00 secs] 
25.578: Total time for which application threads were stopped: 0.0049950 seconds, Stopping threads took: 0.0027540 seconds
25.626: Application time: 0.0470980 seconds
25.628: [GC25.628: [ParNew: 55871K->6207K(55872K), 0.0024390 secs] 167775K->119875K(182144K), 0.0024850 secs] [Times: user=0.02 sys=0.00, real=0.00 secs] 
25.630: Total time for which application threads were stopped: 0.0047850 seconds, Stopping threads took: 0.0022340 seconds
25.680: Application time: 0.0499700 seconds
25.683: [GC25.683: [ParNew: 55871K->6206K(55872K), 0.0023960 secs] 169539K->121552K(182144K), 0.0024440 secs] [Times: user=0.02 sys=0.00, real=0.00 secs] 
25.685: Total time for which application threads were stopped: 0.0051010 seconds, Stopping threads took: 0.0025840 seconds
 CMS: abort preclean due to time 25.688: [CMS-concurrent-abortable-preclean: 0.249/5.051 secs] [Times: user=38.70 sys=0.13, real=5.05 secs] 
25.688: Application time: 0.0026450 seconds
25.691: [GC[YG occupancy: 11858 K (55872 K)]25.691: [Rescan (parallel) , 0.0002120 secs]25.691: [weak refs processing, 0.0000070 secs]25.691: [scrub string table, 0.0001240 secs] [1 CMS-remark: 115345K(126272K)] 127204K(182144K), 0.0003780 secs] [Times: user=0.00 sys=0.00, real=0.00 secs] 
25.691: Total time for which application threads were stopped: 0.0031200 seconds, Stopping threads took: 0.0027100 seconds
25.691: [CMS-concurrent-sweep-start]
25.699: [CMS-concurrent-sweep: 0.007/0.007 secs] [Times: user=0.05 sys=0.00, real=0.01 secs] 
25.699: [CMS-concurrent-reset-start]
25.699: [CMS-concurrent-reset: 0.000/0.000 secs] [Times: user=0.00 sys=0.00, real=0.00 secs] 
25.734: Application time: 0.0428000 seconds
25.737: [GC25.737: [ParNew: 55870K->6207K(55872K), 0.0020960 secs] 111398K->62223K(182144K), 0.0021390 secs] [Times: user=0.01 sys=0.00, real=0.00 secs] 
25.739: Total time for which application threads were stopped: 0.0051150 seconds, Stopping threads took: 0.0029000 seconds
25.739: Application time: 0.0001270 seconds
25.740: [GC [1 CMS-initial-mark: 56015K(126272K)] 63722K(182144K), 0.0002280 secs] [Times: user=0.00 sys=0.00, real=0.00 secs] 
25.740: Total time for which application threads were stopped: 0.0006030 seconds, Stopping threads took: 0.0003460 seconds
25.740: [CMS-concurrent-mark-start]
25.749: [CMS-concurrent-mark: 0.009/0.009 secs] [Times: user=0.04 sys=0.00, real=0.01 secs] 
25.749: [CMS-concurrent-preclean-start]
25.749: [CMS-concurrent-preclean: 0.000/0.000 secs] [Times: user=0.00 sys=0.00, real=0.00 secs] 
25.749: [CMS-concurrent-abortable-preclean-start]
25.787: Application time: 0.0474420 seconds
25.790: [GC25.790: [ParNew: 55871K->6206K(55872K), 0.0020290 secs] 111887K->62649K(182144K), 0.0020720 secs] [Times: user=0.02 sys=0.00, real=0.00 secs] 
25.792: Total time for which application threads were stopped: 0.0043590 seconds, Stopping threads took: 0.0022220 seconds
25.838: Application time: 0.0465610 seconds
25.841: [GC25.841: [ParNew: 55870K->6010K(55872K), 0.0019350 secs] 112313K->62453K(182144K), 0.0019830 secs] [Times: user=0.02 sys=0.00, real=0.01 secs] 
25.843: Total time for which application threads were stopped: 0.0044410 seconds, Stopping threads took: 0.0023900 seconds
25.890: Application time: 0.0471220 seconds
25.893: [GC25.893: [ParNew: 55674K->6206K(55872K), 0.0020180 secs] 112117K->62919K(182144K), 0.0020650 secs] [Times: user=0.02 sys=0.00, real=0.01 secs] 
25.895: Total time for which application threads were stopped: 0.0048030 seconds, Stopping threads took: 0.0026690 seconds
25.942: Application time: 0.0473730 seconds
25.943: [GC25.943: [ParNew: 55870K->6142K(55872K), 0.0019350 secs] 112583K->62855K(182144K), 0.0019760 secs] [Times: user=0.01 sys=0.00, real=0.00 secs] 
25.945: Total time for which application threads were stopped: 0.0030170 seconds, Stopping threads took: 0.0009780 seconds
25.994: Application time: 0.0488470 seconds
25.995: [GC25.995: [ParNew: 55806K->5087K(55872K), 0.0017430 secs] 112519K->61800K(182144K), 0.0017840 secs] [Times: user=0.01 sys=0.00, real=0.00 secs] 
25.997: Total time for which application threads were stopped: 0.0029560 seconds, Stopping threads took: 0.0011070 seconds
26.043: Application time: 0.0463930 seconds
26.045: [GC26.045: [ParNew: 54751K->6207K(55872K), 0.0023210 secs] 111464K->64085K(182144K), 0.0023660 secs] [Times: user=0.02 sys=0.00, real=0.00 secs] 
26.048: Total time for which application threads were stopped: 0.0045230 seconds, Stopping threads took: 0.0020870 seconds
26.096: Application time: 0.0481460 seconds
26.098: [GC26.098: [ParNew: 55871K->6206K(55872K), 0.0023240 secs] 113749K->65308K(182144K), 0.0023680 secs] [Times: user=0.02 sys=0.00, real=0.00 secs] 
26.100: Total time for which application threads were stopped: 0.0044280 seconds, Stopping threads took: 0.0019930 seconds
26.148: Application time: 0.0476790 seconds
26.150: [GC26.150: [ParNew: 55870K->6206K(55872K), 0.0023910 secs] 114972K->65769K(182144K), 0.0024410 secs] [Times: user=0.02 sys=0.00, real=0.00 secs] 
26.152: Total time for which application threads were stopped: 0.0044030 seconds, Stopping threads took: 0.0018930 seconds
26.201: Application time: 0.0486130 seconds
26.203: [GC26.203: [ParNew: 55870K->6207K(55872K), 0.0025620 secs] 115433K->67569K(182144K), 0.0026050 secs] [Times: user=0.02 sys=0.00, real=0.00 secs] 
26.205: Total time for which application threads were stopped: 0.0043630 seconds, Stopping threads took: 0.0016520 seconds
26.253: Application time: 0.0478630 seconds
26.256: [GC26.256: [ParNew: 55871K->4938K(55872K), 0.0016180 secs] 117233K->66438K(182144K), 0.0016590 secs] [Times: user=0.01 sys=0.00, real=0.00 secs] 
26.257: Total time for which application threads were stopped: 0.0039950 seconds, Stopping threads took: 0.0022720 seconds
26.306: Application time: 0.0486120 seconds
26.308: [GC26.308: [ParNew: 54602K->6206K(55872K), 0.0021650 secs] 116102K->68402K(182144K), 0.0022060 secs] [Times: user=0.02 sys=0.00, real=0.00 secs] 
26.310: Total time for which application threads were stopped: 0.0044290 seconds, Stopping threads took: 0.0021590 seconds
26.358: Application time: 0.0479190 seconds
26.361: [GC26.361: [ParNew: 55870K->6207K(55872K), 0.0021600 secs] 118066K->69196K(182144K), 0.0022130 secs] [Times: user=0.01 sys=0.01, real=0.00 secs] 
26.364: Total time for which application threads were stopped: 0.0053920 seconds, Stopping threads took: 0.0031080 seconds
26.414: Application time: 0.0504870 seconds
26.417: [GC26.417: [ParNew: 55871K->4511K(55872K), 0.0014200 secs] 118860K->67500K(182144K), 0.0014590 secs] [Times: user=0.00 sys=0.00, real=0.00 secs] 
26.419: Total time for which application threads were stopped: 0.0047290 seconds, Stopping threads took: 0.0032100 seconds
26.466: Application time: 0.0471610 seconds
26.468: [GC26.468: [ParNew: 54175K->6105K(55872K), 0.0018850 secs] 117164K->69094K(182144K), 0.0019250 secs] [Times: user=0.02 sys=0.00, real=0.00 secs] 
26.470: Total time for which application threads were stopped: 0.0043280 seconds, Stopping threads took: 0.0023380 seconds
26.518: Application time: 0.0476750 seconds
26.519: [GC26.519: [ParNew: 55769K->6022K(55872K), 0.0017980 secs] 118758K->69011K(182144K), 0.0018380 secs] [Times: user=0.02 sys=0.00, real=0.00 secs] 
26.521: Total time for which application threads were stopped: 0.0031510 seconds, Stopping threads took: 0.0012460 seconds
26.569: Application time: 0.0480960 seconds
26.572: [GC26.572: [ParNew: 55686K->5018K(55872K), 0.0016520 secs] 118675K->68007K(182144K), 0.0016940 secs] [Times: user=0.01 sys=0.00, real=0.01 secs] 
26.574: Total time for which application threads were stopped: 0.0043790 seconds, Stopping threads took: 0.0026100 seconds
26.620: Application time: 0.0461650 seconds
26.621: [GC26.621: [ParNew: 54682K->6195K(55872K), 0.0020800 secs] 117671K->69184K(182144K), 0.0021220 secs] [Times: user=0.02 sys=0.00, real=0.01 secs] 
26.623: Total time for which application threads were stopped: 0.0031290 seconds, Stopping threads took: 0.0009430 seconds
26.669: Application time: 0.0462110 seconds
26.671: [GC26.671: [ParNew: 55859K->6206K(55872K), 0.0024760 secs] 118848K->70623K(182144K), 0.0025220 secs] [Times: user=0.01 sys=0.00, real=0.01 secs] 
26.674: Total time for which application threads were stopped: 0.0044540 seconds, Stopping threads took: 0.0018540 seconds
26.720: Application time: 0.0464620 seconds
26.721: [GC26.721: [ParNew: 55870K->6207K(55872K), 0.0020070 secs] 120287K->70747K(182144K), 0.0020470 secs] [Times: user=0.02 sys=0.00, real=0.01 secs] 
26.723: Total time for which application threads were stopped: 0.0030280 seconds, Stopping threads took: 0.0009090 seconds
26.770: Application time: 0.0468980 seconds
26.772: [GC26.772: [ParNew: 55871K->6207K(55872K), 0.0022290 secs] 120411K->71588K(182144K), 0.0022710 secs] [Times: user=0.02 sys=0.00, real=0.01 secs] 
26.775: Total time for which application threads were stopped: 0.0045230 seconds, Stopping threads took: 0.0021860 seconds
26.822: Application time: 0.0473470 seconds
26.825: [GC26.825: [ParNew: 55871K->6206K(55872K), 0.0021340 secs] 121252K->72130K(182144K), 0.0021780 secs] [Times: user=0.01 sys=0.00, real=0.00 secs] 
26.827: Total time for which application threads were stopped: 0.0050030 seconds, Stopping threads took: 0.0027570 seconds
26.876: Application time: 0.0488660 seconds
26.879: [GC26.879: [ParNew: 55870K->6206K(55872K), 0.0021150 secs] 121794K->72587K(182144K), 0.0021630 secs] [Times: user=0.01 sys=0.00, real=0.00 secs] 
26.881: Total time for which application threads were stopped: 0.0050520 seconds, Stopping threads took: 0.0028000 seconds
26.928: Application time: 0.0473620 seconds
26.930: [GC26.930: [ParNew: 55870K->6206K(55872K), 0.0024190 secs] 122251K->73184K(182144K), 0.0024660 secs] [Times: user=0.01 sys=0.00, real=0.00 secs] 
26.933: Total time for which application threads were stopped: 0.0047680 seconds, Stopping threads took: 0.0022110 seconds
26.980: Application time: 0.0474270 seconds
26.983: [GC26.983: [ParNew: 55870K->6207K(55872K), 0.0021270 secs] 122848K->73982K(182144K), 0.0021680 secs] [Times: user=0.02 sys=0.00, real=0.00 secs] 
26.985: Total time for which application threads were stopped: 0.0044910 seconds, Stopping threads took: 0.0022510 seconds
27.033: Application time: 0.0476680 seconds
27.035: [GC27.035: [ParNew: 55871K->6206K(55872K), 0.0021910 secs] 123646K->74853K(182144K), 0.0022320 secs] [Times: user=0.01 sys=0.00, real=0.00 secs] 
27.038: Total time for which application threads were stopped: 0.0051280 seconds, Stopping threads took: 0.0028380 seconds
27.086: Application time: 0.0486960 seconds
27.089: [GC27.089: [ParNew: 55870K->5803K(55872K), 0.0018640 secs] 124517K->74449K(182144K), 0.0019070 secs] [Times: user=0.02 sys=0.00, real=0.00 secs] 
27.091: Total time for which application threads were stopped: 0.0044360 seconds, Stopping threads took: 0.0024660 seconds
27.137: Application time: 0.0464090 seconds
27.140: [GC27.140: [ParNew: 55467K->6207K(55872K), 0.0023310 secs] 124113K->75968K(182144K), 0.0023760 secs] [Times: user=0.02 sys=0.00, real=0.01 secs] 
27.142: Total time for which application threads were stopped: 0.0050960 seconds, Stopping threads took: 0.0026560 seconds
27.190: Application time: 0.0477450 seconds
27.193: [GC27.193: [ParNew: 55871K->6207K(55872K), 0.0020180 secs] 125632K->76326K(182144K), 0.0020640 secs] [Times: user=0.02 sys=0.00, real=0.01 secs] 
27.195: Total time for which application threads were stopped: 0.0052080 seconds, Stopping threads took: 0.0030730 seconds
27.244: Application time: 0.0491890 seconds
27.247: [GC27.247: [ParNew: 55871K->5546K(55872K), 0.0016830 secs] 125990K->75665K(182144K), 0.0017240 secs] [Times: user=0.01 sys=0.00, real=0.00 secs] 
27.249: Total time for which application threads were stopped: 0.0041400 seconds, Stopping threads took: 0.0023340 seconds
27.295: Application time: 0.0461720 seconds
27.297: [GC27.297: [ParNew: 55210K->6207K(55872K), 0.0022990 secs] 125329K->77413K(182144K), 0.0023440 secs] [Times: user=0.02 sys=0.00, real=0.00 secs] 
27.299: Total time for which application threads were stopped: 0.0046100 seconds, Stopping threads took: 0.0021770 seconds
27.349: Application time: 0.0497460 seconds
27.352: [GC27.352: [ParNew: 55871K->5148K(55872K), 0.0017080 secs] 127077K->76525K(182144K), 0.0017500 secs] [Times: user=0.01 sys=0.00, real=0.01 secs] 
27.354: Total time for which application threads were stopped: 0.0044320 seconds, Stopping threads took: 0.0025940 seconds
27.400: Application time: 0.0466050 seconds
27.402: [GC27.402: [ParNew: 54812K->6206K(55872K), 0.0022240 secs] 126189K->78515K(182144K), 0.0022690 secs] [Times: user=0.01 sys=0.00, real=0.00 secs] 
27.405: Total time for which application threads were stopped: 0.0043270 seconds, Stopping threads took: 0.0019910 seconds
27.453: Application time: 0.0483610 seconds
27.455: [GC27.455: [ParNew: 55870K->6172K(55872K), 0.0019140 secs] 128179K->78480K(182144K), 0.0019550 secs] [Times: user=0.01 sys=0.00, real=0.00 secs] 
27.457: Total time for which application threads were stopped: 0.0042850 seconds, Stopping threads took: 0.0022650 seconds
27.505: Application time: 0.0475590 seconds
27.506: [GC27.506: [ParNew: 55836K->6207K(55872K), 0.0022850 secs] 128144K->79358K(182144K), 0.0023310 secs] [Times: user=0.02 sys=0.00, real=0.00 secs] 
27.509: Total time for which application threads were stopped: 0.0040030 seconds, Stopping threads took: 0.0015810 seconds
27.556: Application time: 0.0467850 seconds
27.558: [GC27.558: [ParNew: 55871K->6206K(55872K), 0.0027020 secs] 129022K->80988K(182144K), 0.0027460 secs] [Times: user=0.02 sys=0.00, real=0.00 secs] 
27.561: Total time for which application threads were stopped: 0.0053060 seconds, Stopping threads took: 0.0024910 seconds
27.610: Application time: 0.0491350 seconds
27.612: [GC27.612: [ParNew: 55870K->6207K(55872K), 0.0021910 secs] 130652K->81430K(182144K), 0.0022330 secs] [Times: user=0.01 sys=0.00, real=0.01 secs] 
27.614: Total time for which application threads were stopped: 0.0042730 seconds, Stopping threads took: 0.0019750 seconds
27.662: Application time: 0.0477840 seconds
27.664: [GC27.664: [ParNew: 55871K->6207K(55872K), 0.0023140 secs] 131094K->81861K(182144K), 0.0023670 secs] [Times: user=0.02 sys=0.00, real=0.00 secs] 
27.667: Total time for which application threads were stopped: 0.0045860 seconds, Stopping threads took: 0.0021540 seconds
27.710: Application time: 0.0429740 seconds
27.712: [GC27.712: [ParNew: 55871K->6207K(55872K), 0.0025620 secs] 131525K->83266K(182144K), 0.0026060 secs] [Times: user=0.02 sys=0.00, real=0.01 secs] 
27.714: Total time for which application threads were stopped: 0.0047890 seconds, Stopping threads took: 0.0021190 seconds
27.759: Application time: 0.0443270 seconds
27.761: [GC27.761: [ParNew: 55871K->6206K(55872K), 0.0020720 secs] 132930K->83715K(182144K), 0.0021120 secs] [Times: user=0.02 sys=0.00, real=0.01 secs] 
27.763: Total time for which application threads were stopped: 0.0042710 seconds, Stopping threads took: 0.0020670 seconds
27.808: Application time: 0.0445700 seconds
27.809: [GC27.809: [ParNew: 55870K->6206K(55872K), 0.0022060 secs] 133379K->84254K(182144K), 0.0022500 secs] [Times: user=0.01 sys=0.00, real=0.00 secs] 
27.811: Total time for which application threads were stopped: 0.0037210 seconds, Stopping threads took: 0.0013840 seconds
27.856: Application time: 0.0444380 seconds
27.856: [GC27.856: [ParNew: 55870K->6206K(55872K), 0.0023750 secs] 133918K->85411K(182144K), 0.0024200 secs] [Times: user=0.02 sys=0.00, real=0.00 secs] 
27.859: Total time for which application threads were stopped: 0.0030790 seconds, Stopping threads took: 0.0005710 seconds
27.903: Application time: 0.0439290 seconds
27.904: [GC27.904: [ParNew: 55870K->6207K(55872K), 0.0023690 secs] 135075K->86337K(182144K), 0.0024120 secs] [Times: user=0.02 sys=0.00, real=0.00 secs] 
27.907: Total time for which application threads were stopped: 0.0038710 seconds, Stopping threads took: 0.0013720 seconds
27.952: Application time: 0.0449950 seconds
27.953: [GC27.953: [ParNew: 55871K->5703K(55872K), 0.0017300 secs] 136001K->85833K(182144K), 0.0017700 secs] [Times: user=0.01 sys=0.00, real=0.01 secs] 
27.955: Total time for which application threads were stopped: 0.0033050 seconds, Stopping threads took: 0.0014720 seconds
27.998: Application time: 0.0434620 seconds
28.001: [GC28.001: [ParNew: 55367K->6207K(55872K), 0.0021950 secs] 135497K->87225K(182144K), 0.0022360 secs] [Times: user=0.01 sys=0.00, real=0.01 secs] 
28.003: Total time for which application threads were stopped: 0.0046230 seconds, Stopping threads took: 0.0023140 seconds
28.047: Application time: 0.0438180 seconds
28.050: [GC28.050: [ParNew: 55871K->6206K(55872K), 0.0018660 secs] 136889K->87281K(182144K), 0.0019070 secs] [Times: user=0.02 sys=0.00, real=0.00 secs] 
28.052: Total time for which application threads were stopped: 0.0046920 seconds, Stopping threads took: 0.0027020 seconds
28.097: Application time: 0.0450330 seconds
28.098: [GC28.098: [ParNew: 55870K->6207K(55872K), 0.0020570 secs] 136945K->87324K(182144K), 0.0021000 secs] [Times: user=0.01 sys=0.00, real=0.00 secs] 
28.100: Total time for which application threads were stopped: 0.0034930 seconds, Stopping threads took: 0.0013310 seconds
28.147: Application time: 0.0465400 seconds
28.149: [GC28.149: [ParNew: 55871K->4834K(55872K), 0.0038770 secs] 136988K->85950K(182144K), 0.0039180 secs] [Times: user=0.03 sys=0.00, real=0.00 secs] 
28.152: Total time for which application threads were stopped: 0.0059060 seconds, Stopping threads took: 0.0019210 seconds
28.195: Application time: 0.0428130 seconds
28.197: [GC28.197: [ParNew: 54498K->6206K(55872K), 0.0022400 secs] 135614K->88450K(182144K), 0.0022830 secs] [Times: user=0.01 sys=0.00, real=0.00 secs] 
28.199: Total time for which application threads were stopped: 0.0040510 seconds, Stopping threads took: 0.0017040 seconds
28.245: Application time: 0.0460530 seconds
28.248: [GC28.248: [ParNew: 55870K->6207K(55872K), 0.0022240 secs] 138114K->89419K(182144K), 0.0022690 secs] [Times: user=0.02 sys=0.00, real=0.00 secs] 
28.250: Total time for which application threads were stopped: 0.0046460 seconds, Stopping threads took: 0.0023130 seconds
28.296: Application time: 0.0455160 seconds
28.299: [GC28.299: [ParNew: 55871K->6054K(55872K), 0.0019220 secs] 139083K->89266K(182144K), 0.0019760 secs] [Times: user=0.02 sys=0.00, real=0.00 secs] 
28.301: Total time for which application threads were stopped: 0.0049860 seconds, Stopping threads took: 0.0029370 seconds
28.343: Application time: 0.0427480 seconds
28.346: [GC28.346: [ParNew: 55718K->6207K(55872K), 0.0022660 secs] 138930K->90677K(182144K), 0.0023100 secs] [Times: user=0.02 sys=0.00, real=0.00 secs] 
28.348: Total time for which application threads were stopped: 0.0050360 seconds, Stopping threads took: 0.0026620 seconds
28.394: Application time: 0.0455580 seconds
28.395: [GC28.395: [ParNew: 55871K->6206K(55872K), 0.0023490 secs] 140341K->91924K(182144K), 0.0023960 secs] [Times: user=0.01 sys=0.01, real=0.00 secs] 
28.398: Total time for which application threads were stopped: 0.0039350 seconds, Stopping threads took: 0.0014730 seconds
28.442: Application time: 0.0442740 seconds
28.444: [GC28.444: [ParNew: 55870K->6206K(55872K), 0.0022690 secs] 141588K->93183K(182144K), 0.0023130 secs] [Times: user=0.01 sys=0.00, real=0.00 secs] 
28.446: Total time for which application threads were stopped: 0.0043410 seconds, Stopping threads took: 0.0019620 seconds
28.492: Application time: 0.0455580 seconds
28.495: [GC28.495: [ParNew: 55870K->6207K(55872K), 0.0021830 secs] 142847K->94283K(182144K), 0.0022280 secs] [Times: user=0.01 sys=0.00, real=0.00 secs] 
28.497: Total time for which application threads were stopped: 0.0054010 seconds, Stopping threads took: 0.0031060 seconds
28.544: Application time: 0.0461410 seconds
28.545: [GC28.545: [ParNew: 55871K->6207K(55872K), 0.0023630 secs] 143947K->95500K(182144K), 0.0024050 secs] [Times: user=0.01 sys=0.00, real=0.00 secs] 
28.548: Total time for which application threads were stopped: 0.0041360 seconds, Stopping threads took: 0.0016690 seconds
28.594: Application time: 0.0467850 seconds
28.597: [GC28.597: [ParNew: 55871K->6207K(55872K), 0.0020240 secs] 145164K->95762K(182144K), 0.0020640 secs] [Times: user=0.02 sys=0.00, real=0.00 secs] 
28.599: Total time for which application threads were stopped: 0.0044660 seconds, Stopping threads took: 0.0023370 seconds
28.645: Application time: 0.0457300 seconds
28.647: [GC28.647: [ParNew: 55871K->3482K(55872K), 0.0012290 secs] 145426K->93036K(182144K), 0.0012640 secs] [Times: user=0.01 sys=0.00, real=0.00 secs] 
28.648: Total time for which application threads were stopped: 0.0032540 seconds, Stopping threads took: 0.0019060 seconds
28.692: Application time: 0.0444510 seconds
28.694: [GC28.694: [ParNew: 53146K->6206K(55872K), 0.0023740 secs] 142700K->96910K(182144K), 0.0024180 secs] [Times: user=0.01 sys=0.00, real=0.00 secs] 
28.696: Total time for which application threads were stopped: 0.0039280 seconds, Stopping threads took: 0.0014260 seconds
28.742: Application time: 0.0457660 seconds
28.743: [GC28.743: [ParNew: 55870K->6207K(55872K), 0.0022040 secs] 146574K->98081K(182144K), 0.0022480 secs] [Times: user=0.02 sys=0.01, real=0.00 secs] 
28.745: Total time for which application threads were stopped: 0.0032390 seconds, Stopping threads took: 0.0009270 seconds
28.790: Application time: 0.0451490 seconds
28.792: [GC28.792: [ParNew: 55871K->4762K(55872K), 0.0015450 secs] 147745K->96661K(182144K), 0.0015850 secs] [Times: user=0.01 sys=0.00, real=0.01 secs] 
28.794: Total time for which application threads were stopped: 0.0031850 seconds, Stopping threads took: 0.0015400 seconds
28.835: Application time: 0.0417860 seconds
28.838: [GC28.838: [ParNew: 54426K->6207K(55872K), 0.0025190 secs] 146325K->99682K(182144K), 0.0025650 secs] [Times: user=0.01 sys=0.00, real=0.00 secs] 
28.841: Total time for which application threads were stopped: 0.0051980 seconds, Stopping threads took: 0.0025400 seconds
28.885: Application time: 0.0442630 seconds
28.887: [GC28.887: [ParNew: 55871K->6207K(55872K), 0.0021070 secs] 149346K->100264K(182144K), 0.0021500 secs] [Times: user=0.01 sys=0.00, real=0.00 secs] 
28.889: Total time for which application threads were stopped: 0.0045000 seconds, Stopping threads took: 0.0022860 seconds
28.933: Application time: 0.0430930 seconds
28.934: [GC28.934: [ParNew: 55871K->6207K(55872K), 0.0020650 secs] 149928K->100514K(182144K), 0.0021150 secs] [Times: user=0.02 sys=0.00, real=0.00 secs] 
28.936: Total time for which application threads were stopped: 0.0036600 seconds, Stopping threads took: 0.0014810 seconds
28.980: Application time: 0.0438630 seconds
28.982: [GC28.982: [ParNew: 55871K->6206K(55872K), 0.0022820 secs] 150178K->101767K(182144K), 0.0023250 secs] [Times: user=0.02 sys=0.01, real=0.00 secs] 
28.984: Total time for which application threads were stopped: 0.0043650 seconds, Stopping threads took: 0.0019770 seconds
29.030: Application time: 0.0453450 seconds
29.032: [GC29.032: [ParNew: 55870K->6207K(55872K), 0.0020470 secs] 151431K->102048K(182144K), 0.0020880 secs] [Times: user=0.01 sys=0.00, real=0.01 secs] 
29.034: Total time for which application threads were stopped: 0.0045540 seconds, Stopping threads took: 0.0023810 seconds
29.080: Application time: 0.0457730 seconds
29.082: [GC29.082: [ParNew: 55871K->6207K(55872K), 0.0021130 secs] 151712K->102642K(182144K), 0.0021570 secs] [Times: user=0.02 sys=0.00, real=0.00 secs] 
29.084: Total time for which application threads were stopped: 0.0040620 seconds, Stopping threads took: 0.0018400 seconds
29.128: Application time: 0.0439510 seconds
29.129: [GC29.129: [ParNew: 55871K->6207K(55872K), 0.0020900 secs] 152306K->102660K(182144K), 0.0021310 secs] [Times: user=0.01 sys=0.00, real=0.00 secs] 
29.131: Total time for which application threads were stopped: 0.0029830 seconds, Stopping threads took: 0.0007890 seconds
29.175: Application time: 0.0443300 seconds
29.178: [GC29.178: [ParNew: 55871K->6155K(55872K), 0.0018950 secs] 152324K->102608K(182144K), 0.0019350 secs] [Times: user=0.02 sys=0.00, real=0.00 secs] 
29.180: Total time for which application threads were stopped: 0.0045460 seconds, Stopping threads took: 0.0025480 seconds
29.224: Application time: 0.0442330 seconds
29.226: [GC29.226: [ParNew: 55819K->6206K(55872K), 0.0022550 secs] 152272K->103570K(182144K), 0.0022930 secs] [Times: user=0.01 sys=0.00, real=0.00 secs] 
29.228: Total time for which application threads were stopped: 0.0040930 seconds, Stopping threads took: 0.0017150 seconds
29.271: Application time: 0.0429490 seconds
29.273: [GC29.273: [ParNew: 55870K->6207K(55872K), 0.0022100 secs] 153234K->104494K(182144K), 0.0022570 secs] [Times: user=0.01 sys=0.00, real=0.01 secs] 
29.275: Total time for which application threads were stopped: 0.0041750 seconds, Stopping threads took: 0.0018510 seconds
29.320: Application time: 0.0447550 seconds
29.322: [GC29.322: [ParNew: 55871K->6206K(55872K), 0.0021880 secs] 154158K->105396K(182144K), 0.0022310 secs] [Times: user=0.02 sys=0.01, real=0.00 secs] 
29.324: Total time for which application threads were stopped: 0.0039040 seconds, Stopping threads took: 0.0016080 seconds
29.367: Application time: 0.0430580 seconds
29.369: [GC29.369: [ParNew: 55870K->6206K(55872K), 0.0022490 secs] 155060K->106278K(182144K), 0.0022910 secs] [Times: user=0.02 sys=0.00, real=0.00 secs] 
29.371: Total time for which application threads were stopped: 0.0041400 seconds, Stopping threads took: 0.0017750 seconds
29.416: Application time: 0.0444410 seconds
29.418: [GC29.418: [ParNew: 55870K->6207K(55872K), 0.0025080 secs] 155942K->107981K(182144K), 0.0025530 secs] [Times: user=0.02 sys=0.00, real=0.00 secs] 
29.420: Total time for which application threads were stopped: 0.0044750 seconds, Stopping threads took: 0.0018540 seconds
29.467: Application time: 0.0463120 seconds
29.469: [GC29.469: [ParNew: 55871K->4349K(55872K), 0.0013770 secs] 157645K->106123K(182144K), 0.0014170 secs] [Times: user=0.01 sys=0.00, real=0.00 secs] 
29.470: Total time for which application threads were stopped: 0.0037980 seconds, Stopping threads took: 0.0022970 seconds
29.517: Application time: 0.0464870 seconds
29.518: [GC29.518: [ParNew: 54013K->5769K(55872K), 0.0019530 secs] 155787K->107543K(182144K), 0.0019920 secs] [Times: user=0.01 sys=0.00, real=0.00 secs] 
29.520: Total time for which application threads were stopped: 0.0034170 seconds, Stopping threads took: 0.0013460 seconds
29.566: Application time: 0.0459220 seconds
29.568: [GC29.568: [ParNew: 55433K->6206K(55872K), 0.0024250 secs] 157207K->109433K(182144K), 0.0024700 secs] [Times: user=0.02 sys=0.00, real=0.00 secs] 
29.570: Total time for which application threads were stopped: 0.0040610 seconds, Stopping threads took: 0.0015280 seconds
29.614: Application time: 0.0437930 seconds
29.617: [GC29.617: [ParNew: 55870K->6207K(55872K), 0.0020820 secs] 159097K->109738K(182144K), 0.0021290 secs] [Times: user=0.02 sys=0.00, real=0.00 secs] 
29.619: Total time for which application threads were stopped: 0.0049390 seconds, Stopping threads took: 0.0027230 seconds
29.662: Application time: 0.0433050 seconds
29.665: [GC29.665: [ParNew: 55871K->6207K(55872K), 0.0021760 secs] 159402K->109968K(182144K), 0.0022180 secs] [Times: user=0.02 sys=0.00, real=0.00 secs] 
29.667: Total time for which application threads were stopped: 0.0045760 seconds, Stopping threads took: 0.0022850 seconds
29.713: Application time: 0.0461360 seconds
29.716: [GC29.716: [ParNew: 55871K->5979K(55872K), 0.0019360 secs] 159632K->109739K(182144K), 0.0019840 secs] [Times: user=0.01 sys=0.01, real=0.00 secs] 
29.718: Total time for which application threads were stopped: 0.0047440 seconds, Stopping threads took: 0.0026720 seconds
29.764: Application time: 0.0457860 seconds
29.766: [GC29.766: [ParNew: 55643K->6207K(55872K), 0.0021870 secs] 159403K->110838K(182144K), 0.0022330 secs] [Times: user=0.01 sys=0.00, real=0.00 secs] 
29.769: Total time for which application threads were stopped: 0.0050790 seconds, Stopping threads took: 0.0027800 seconds
29.813: Application time: 0.0440080 seconds
29.814: [GC29.814: [ParNew: 55871K->6207K(55872K), 0.0020030 secs] 160502K->111124K(182144K), 0.0020430 secs] [Times: user=0.02 sys=0.00, real=0.00 secs] 
29.816: Total time for which application threads were stopped: 0.0036470 seconds, Stopping threads took: 0.0015180 seconds
29.861: Application time: 0.0443780 seconds
29.862: [GC29.862: [ParNew: 55871K->6206K(55872K), 0.0022040 secs] 160788K->111321K(182144K), 0.0022470 secs] [Times: user=0.02 sys=0.00, real=0.00 secs] 
29.865: Total time for which application threads were stopped: 0.0040150 seconds, Stopping threads took: 0.0016780 seconds
29.911: Application time: 0.0463180 seconds
29.913: [GC29.913: [ParNew: 55870K->6206K(55872K), 0.0020120 secs] 160985K->111594K(182144K), 0.0020570 secs] [Times: user=0.01 sys=0.00, real=0.01 secs] 
29.915: Total time for which application threads were stopped: 0.0041180 seconds, Stopping threads took: 0.0019850 seconds
29.962: Application time: 0.0466500 seconds
29.965: [GC29.965: [ParNew: 55870K->6116K(55872K), 0.0018780 secs] 161258K->111532K(182144K), 0.0019190 secs] [Times: user=0.02 sys=0.00, real=0.00 secs] 
29.966: Total time for which application threads were stopped: 0.0046950 seconds, Stopping threads took: 0.0027130 seconds
30.012: Application time: 0.0451600 seconds
30.013: [GC30.013: [ParNew: 55780K->6206K(55872K), 0.0021990 secs] 161196K->112517K(182144K), 0.0022400 secs] [Times: user=0.02 sys=0.00, real=0.01 secs] 
30.015: Total time for which application threads were stopped: 0.0037750 seconds, Stopping threads took: 0.0014740 seconds
30.060: Application time: 0.0449970 seconds
30.062: [GC30.062: [ParNew: 55870K->6188K(55872K), 0.0020110 secs] 162181K->112498K(182144K), 0.0020480 secs] [Times: user=0.01 sys=0.00, real=0.00 secs] 
30.064: Total time for which application threads were stopped: 0.0037290 seconds, Stopping threads took: 0.0015980 seconds
30.109: Application time: 0.0451120 seconds
30.111: [GC30.111: [ParNew: 55852K->6206K(55872K), 0.0022070 secs] 162162K->113464K(182144K), 0.0022490 secs] [Times: user=0.02 sys=0.00, real=0.00 secs] 
30.113: Total time for which application threads were stopped: 0.0038650 seconds, Stopping threads took: 0.0015510 seconds
30.159: Application time: 0.0456540 seconds
30.161: [GC30.161: [ParNew: 55870K->6207K(55872K), 0.0022340 secs] 163128K->114358K(182144K), 0.0022800 secs] [Times: user=0.02 sys=0.00, real=0.01 secs] 
30.164: Total time for which application threads were stopped: 0.0048740 seconds, Stopping threads took: 0.0025290 seconds
30.209: Application time: 0.0452440 seconds
30.210: [GC30.210: [ParNew: 55871K->6206K(55872K), 0.0021150 secs] 164022K->114623K(182144K), 0.0021550 secs] [Times: user=0.02 sys=0.00, real=0.00 secs] 
30.212: Total time for which application threads were stopped: 0.0033840 seconds, Stopping threads took: 0.0011460 seconds
30.257: Application time: 0.0450200 seconds
30.259: [GC30.259: [ParNew: 55870K->6207K(55872K), 0.0021450 secs] 164287K->115423K(182144K), 0.0021910 secs] [Times: user=0.02 sys=0.00, real=0.00 secs] 
30.261: Total time for which application threads were stopped: 0.0039510 seconds, Stopping threads took: 0.0016940 seconds
30.306: Application time: 0.0443510 seconds
30.307: [GC30.307: [ParNew: 55871K->6206K(55872K), 0.0020670 secs] 165087K->115706K(182144K), 0.0021080 secs] [Times: user=0.01 sys=0.00, real=0.00 secs] 
30.309: Total time for which application threads were stopped: 0.0036800 seconds, Stopping threads took: 0.0015090 seconds
30.354: Application time: 0.0442670 seconds
30.354: [GC30.355: [ParNew: 55870K->6197K(55872K), 0.0019870 secs] 165370K->115725K(182144K), 0.0020300 secs] [Times: user=0.01 sys=0.00, real=0.00 secs] 
30.357: Total time for which application threads were stopped: 0.0029860 seconds, Stopping threads took: 0.0008920 seconds
30.402: Application time: 0.0450850 seconds
30.404: [GC30.404: [ParNew: 55861K->6206K(55872K), 0.0020260 secs] 165389K->115993K(182144K), 0.0020670 secs] [Times: user=0.02 sys=0.00, real=0.00 secs] 
30.406: Total time for which application threads were stopped: 0.0042100 seconds, Stopping threads took: 0.0020790 seconds
30.452: Application time: 0.0458700 seconds
30.454: [GC30.454: [ParNew: 55870K->5893K(55872K), 0.0019100 secs] 165657K->115794K(182144K), 0.0019540 secs] [Times: user=0.02 sys=0.00, real=0.00 secs] 
30.456: Total time for which application threads were stopped: 0.0042420 seconds, Stopping threads took: 0.0022160 seconds
30.504: Application time: 0.0479270 seconds
30.506: [GC30.506: [ParNew: 55557K->4052K(55872K), 0.0013690 secs] 165458K->113953K(182144K), 0.0014090 secs] [Times: user=0.01 sys=0.00, real=0.00 secs] 
30.507: Total time for which application threads were stopped: 0.0031190 seconds, Stopping threads took: 0.0016260 seconds
30.555: Application time: 0.0481020 seconds
30.557: [GC30.557: [ParNew: 53716K->4632K(55872K), 0.0015690 secs] 163617K->114533K(182144K), 0.0016090 secs] [Times: user=0.02 sys=0.00, real=0.00 secs] 
30.558: Total time for which application threads were stopped: 0.0030360 seconds, Stopping threads took: 0.0013670 seconds
30.605: Application time: 0.0470780 seconds
30.606: [GC30.606: [ParNew: 54296K->6139K(55872K), 0.0019540 secs] 164197K->116040K(182144K), 0.0019980 secs] [Times: user=0.02 sys=0.00, real=0.00 secs] 
30.608: Total time for which application threads were stopped: 0.0032020 seconds, Stopping threads took: 0.0011370 seconds
30.653: Application time: 0.0450550 seconds
30.656: [GC30.656: [ParNew: 55803K->5726K(55872K), 0.0018250 secs] 165704K->115627K(182144K), 0.0018650 secs] [Times: user=0.02 sys=0.00, real=0.00 secs] 
30.658: Total time for which application threads were stopped: 0.0042510 seconds, Stopping threads took: 0.0023240 seconds
30.703: Application time: 0.0451650 seconds
30.704: [GC30.704: [ParNew: 55390K->5784K(55872K), 0.0018530 secs] 165291K->115685K(182144K), 0.0018970 secs] [Times: user=0.02 sys=0.00, real=0.00 secs] 
30.706: Total time for which application threads were stopped: 0.0033010 seconds, Stopping threads took: 0.0013390 seconds
30.752: Application time: 0.0458660 seconds
30.754: [GC30.754: [ParNew: 55448K->5768K(55872K), 0.0018340 secs] 165349K->115669K(182144K), 0.0018740 secs] [Times: user=0.01 sys=0.00, real=0.00 secs] 
30.756: Total time for which application threads were stopped: 0.0034640 seconds, Stopping threads took: 0.0015260 seconds
 CMS: abort preclean due to time 30.757: [CMS-concurrent-abortable-preclean: 0.277/5.008 secs] [Times: user=38.39 sys=0.16, real=5.01 secs] 
30.757: Application time: 0.0014890 seconds
30.760: [GC[YG occupancy: 7715 K (55872 K)]30.760: [Rescan (parallel) , 0.0002830 secs]30.760: [weak refs processing, 0.0000060 secs]30.760: [scrub string table, 0.0001050 secs] [1 CMS-remark: 109900K(126272K)] 117616K(182144K), 0.0004170 secs] [Times: user=0.00 sys=0.00, real=0.00 secs] 
30.760: Total time for which application threads were stopped: 0.0030870 seconds, Stopping threads took: 0.0026460 seconds
30.760: [CMS-concurrent-sweep-start]
30.767: [CMS-concurrent-sweep: 0.007/0.007 secs] [Times: user=0.04 sys=0.00, real=0.01 secs] 
30.767: [CMS-concurrent-reset-start]
30.767: [CMS-concurrent-reset: 0.000/0.000 secs] [Times: user=0.00 sys=0.00, real=0.00 secs] 
30.805: Application time: 0.0444050 seconds
30.807: [GC30.807: [ParNew: 55432K->6207K(55872K), 0.0023030 secs] 112145K->64294K(182144K), 0.0023460 secs] [Times: user=0.01 sys=0.00, real=0.00 secs] 
30.810: Total time for which application threads were stopped: 0.0049760 seconds, Stopping threads took: 0.0025640 seconds
30.810: Application time: 0.0001460 seconds
30.812: [GC [1 CMS-initial-mark: 58086K(126272K)] 65306K(182144K), 0.0002140 secs] [Times: user=0.00 sys=0.00, real=0.00 secs] 
30.812: Total time for which application threads were stopped: 0.0024030 seconds, Stopping threads took: 0.0021430 seconds
30.812: [CMS-concurrent-mark-start]
30.817: [CMS-concurrent-mark: 0.005/0.005 secs] [Times: user=0.02 sys=0.00, real=0.01 secs] 
30.817: [CMS-concurrent-preclean-start]
30.817: [CMS-concurrent-preclean: 0.000/0.000 secs] [Times: user=0.03 sys=0.00, real=0.00 secs] 
30.817: [CMS-concurrent-abortable-preclean-start]
30.856: Application time: 0.0439440 seconds
30.858: [GC30.858: [ParNew: 55871K->6206K(55872K), 0.0022160 secs] 113958K->64595K(182144K), 0.0022560 secs] [Times: user=0.02 sys=0.00, real=0.00 secs] 
30.860: Total time for which application threads were stopped: 0.0041820 seconds, Stopping threads took: 0.0018600 seconds
30.907: Application time: 0.0465090 seconds
30.910: [GC30.910: [ParNew: 55868K->6207K(55872K), 0.0021450 secs] 114257K->65329K(182144K), 0.0021880 secs] [Times: user=0.01 sys=0.00, real=0.00 secs] 
30.912: Total time for which application threads were stopped: 0.0049940 seconds, Stopping threads took: 0.0027390 seconds
30.957: Application time: 0.0456220 seconds
30.959: [GC30.959: [ParNew: 55871K->5281K(55872K), 0.0017260 secs] 114993K->64488K(182144K), 0.0017630 secs] [Times: user=0.01 sys=0.00, real=0.00 secs] 
30.960: Total time for which application threads were stopped: 0.0030550 seconds, Stopping threads took: 0.0012230 seconds
31.005: Application time: 0.0450640 seconds
31.007: [GC31.007: [ParNew: 54945K->5989K(55872K), 0.0020160 secs] 114152K->65225K(182144K), 0.0020580 secs] [Times: user=0.01 sys=0.00, real=0.00 secs] 
31.009: Total time for which application threads were stopped: 0.0034860 seconds, Stopping threads took: 0.0013630 seconds
31.054: Application time: 0.0451570 seconds
31.056: [GC31.056: [ParNew: 55653K->6207K(55872K), 0.0024170 secs] 114889K->66261K(182144K), 0.0024610 secs] [Times: user=0.02 sys=0.00, real=0.00 secs] 
31.059: Total time for which application threads were stopped: 0.0046120 seconds, Stopping threads took: 0.0020630 seconds
31.104: Application time: 0.0451850 seconds
31.107: [GC31.107: [ParNew: 55871K->6206K(55872K), 0.0022830 secs] 115925K->67392K(182144K), 0.0023260 secs] [Times: user=0.01 sys=0.00, real=0.00 secs] 
31.109: Total time for which application threads were stopped: 0.0053680 seconds, Stopping threads took: 0.0029800 seconds
31.155: Application time: 0.0456660 seconds
31.158: [GC31.158: [ParNew: 55870K->6206K(55872K), 0.0020720 secs] 117056K->68179K(182144K), 0.0021150 secs] [Times: user=0.01 sys=0.00, real=0.00 secs] 
31.160: Total time for which application threads were stopped: 0.0052560 seconds, Stopping threads took: 0.0030530 seconds
31.206: Application time: 0.0455460 seconds
31.207: [GC31.207: [ParNew: 55870K->5421K(55872K), 0.0017660 secs] 117843K->67394K(182144K), 0.0018130 secs] [Times: user=0.01 sys=0.00, real=0.00 secs] 
31.209: Total time for which application threads were stopped: 0.0033110 seconds, Stopping threads took: 0.0014340 seconds
31.255: Application time: 0.0455010 seconds
31.256: [GC31.256: [ParNew: 55085K->6206K(55872K), 0.0025150 secs] 117058K->69331K(182144K), 0.0025580 secs] [Times: user=0.02 sys=0.00, real=0.00 secs] 
31.259: Total time for which application threads were stopped: 0.0040240 seconds, Stopping threads took: 0.0014010 seconds
31.303: Application time: 0.0443610 seconds
31.305: [GC31.305: [ParNew: 55870K->6207K(55872K), 0.0023940 secs] 118995K->70525K(182144K), 0.0024420 secs] [Times: user=0.02 sys=0.00, real=0.00 secs] 
31.308: Total time for which application threads were stopped: 0.0047700 seconds, Stopping threads took: 0.0022540 seconds
31.353: Application time: 0.0449510 seconds
31.355: [GC31.355: [ParNew: 55871K->5439K(55872K), 0.0016380 secs] 120189K->69781K(182144K), 0.0016770 secs] [Times: user=0.01 sys=0.00, real=0.00 secs] 
31.357: Total time for which application threads were stopped: 0.0038210 seconds, Stopping threads took: 0.0020590 seconds
31.403: Application time: 0.0467890 seconds
31.406: [GC31.406: [ParNew: 55103K->4003K(55872K), 0.0013390 secs] 119445K->68345K(182144K), 0.0013780 secs] [Times: user=0.01 sys=0.00, real=0.00 secs] 
31.407: Total time for which application threads were stopped: 0.0036150 seconds, Stopping threads took: 0.0021720 seconds
31.454: Application time: 0.0467910 seconds
31.455: [GC31.455: [ParNew: 53667K->5054K(55872K), 0.0017100 secs] 118009K->69539K(182144K), 0.0017500 secs] [Times: user=0.02 sys=0.00, real=0.00 secs] 
31.457: Total time for which application threads were stopped: 0.0031850 seconds, Stopping threads took: 0.0013730 seconds
31.501: Application time: 0.0444650 seconds
31.503: [GC31.503: [ParNew: 54718K->6206K(55872K), 0.0021100 secs] 119203K->71335K(182144K), 0.0021530 secs] [Times: user=0.01 sys=0.00, real=0.00 secs] 
31.505: Total time for which application threads were stopped: 0.0040550 seconds, Stopping threads took: 0.0018270 seconds
31.550: Application time: 0.0447630 seconds
31.552: [GC31.552: [ParNew: 55870K->6207K(55872K), 0.0021580 secs] 120999K->71911K(182144K), 0.0022010 secs] [Times: user=0.01 sys=0.00, real=0.01 secs] 
31.554: Total time for which application threads were stopped: 0.0042190 seconds, Stopping threads took: 0.0019500 seconds
31.599: Application time: 0.0442980 seconds
31.600: [GC31.600: [ParNew: 55871K->5790K(55872K), 0.0018150 secs] 121575K->71494K(182144K), 0.0018530 secs] [Times: user=0.01 sys=0.00, real=0.01 secs] 
31.602: Total time for which application threads were stopped: 0.0031490 seconds, Stopping threads took: 0.0012250 seconds
31.645: Application time: 0.0434130 seconds
31.647: [GC31.647: [ParNew: 55454K->6207K(55872K), 0.0022060 secs] 121158K->72783K(182144K), 0.0022490 secs] [Times: user=0.02 sys=0.01, real=0.00 secs] 
31.649: Total time for which application threads were stopped: 0.0038270 seconds, Stopping threads took: 0.0015130 seconds
31.698: Application time: 0.0485730 seconds
31.701: [GC31.701: [ParNew: 55871K->5527K(55872K), 0.0015950 secs] 122447K->72103K(182144K), 0.0016370 secs] [Times: user=0.01 sys=0.00, real=0.01 secs] 
31.703: Total time for which application threads were stopped: 0.0049330 seconds, Stopping threads took: 0.0032330 seconds
31.750: Application time: 0.0477660 seconds
31.752: [GC31.752: [ParNew: 55191K->6207K(55872K), 0.0020540 secs] 121767K->73108K(182144K), 0.0020970 secs] [Times: user=0.01 sys=0.00, real=0.01 secs] 
31.754: Total time for which application threads were stopped: 0.0032370 seconds, Stopping threads took: 0.0010530 seconds
31.801: Application time: 0.0478610 seconds
31.803: [GC31.803: [ParNew: 55871K->5052K(55872K), 0.0016030 secs] 122772K->71952K(182144K), 0.0016440 secs] [Times: user=0.01 sys=0.00, real=0.00 secs] 
31.804: Total time for which application threads were stopped: 0.0027960 seconds, Stopping threads took: 0.0010880 seconds
31.852: Application time: 0.0480900 seconds
31.854: [GC31.854: [ParNew: 54716K->6045K(55872K), 0.0020670 secs] 121616K->72945K(182144K), 0.0021170 secs] [Times: user=0.02 sys=0.00, real=0.00 secs] 
31.856: Total time for which application threads were stopped: 0.0037650 seconds, Stopping threads took: 0.0015810 seconds
31.903: Application time: 0.0466360 seconds
31.905: [GC31.905: [ParNew: 55709K->6207K(55872K), 0.0024470 secs] 122609K->74337K(182144K), 0.0024840 secs] [Times: user=0.02 sys=0.00, real=0.00 secs] 
31.907: Total time for which application threads were stopped: 0.0046590 seconds, Stopping threads took: 0.0020860 seconds
31.956: Application time: 0.0484390 seconds
31.957: [GC31.957: [ParNew: 55871K->5926K(55872K), 0.0018190 secs] 124001K->74113K(182144K), 0.0018620 secs] [Times: user=0.02 sys=0.00, real=0.00 secs] 
31.959: Total time for which application threads were stopped: 0.0030810 seconds, Stopping threads took: 0.0011510 seconds
32.004: Application time: 0.0453410 seconds
32.007: [GC32.007: [ParNew: 55590K->6206K(55872K), 0.0022070 secs] 123777K->74980K(182144K), 0.0022470 secs] [Times: user=0.02 sys=0.00, real=0.00 secs] 
32.009: Total time for which application threads were stopped: 0.0048540 seconds, Stopping threads took: 0.0025100 seconds
32.060: Application time: 0.0503260 seconds
32.062: [GC32.062: [ParNew: 55870K->5698K(55872K), 0.0017640 secs] 124644K->74501K(182144K), 0.0018080 secs] [Times: user=0.01 sys=0.00, real=0.00 secs] 
32.064: Total time for which application threads were stopped: 0.0045460 seconds, Stopping threads took: 0.0026720 seconds
32.112: Application time: 0.0477250 seconds
32.114: [GC32.114: [ParNew: 55362K->6206K(55872K), 0.0023630 secs] 124165K->76351K(182144K), 0.0024070 secs] [Times: user=0.02 sys=0.00, real=0.00 secs] 
32.116: Total time for which application threads were stopped: 0.0043190 seconds, Stopping threads took: 0.0018220 seconds
32.164: Application time: 0.0478630 seconds
32.167: [GC32.167: [ParNew: 55870K->5643K(55872K), 0.0017470 secs] 126015K->75788K(182144K), 0.0017890 secs] [Times: user=0.01 sys=0.00, real=0.00 secs] 
32.169: Total time for which application threads were stopped: 0.0046020 seconds, Stopping threads took: 0.0027470 seconds
32.217: Application time: 0.0486750 seconds
32.220: [GC32.220: [ParNew: 55307K->6040K(55872K), 0.0020300 secs] 125452K->76185K(182144K), 0.0020740 secs] [Times: user=0.01 sys=0.00, real=0.01 secs] 
32.222: Total time for which application threads were stopped: 0.0049520 seconds, Stopping threads took: 0.0027910 seconds
32.270: Application time: 0.0477240 seconds
32.272: [GC32.272: [ParNew: 55704K->6207K(55872K), 0.0020910 secs] 125849K->76618K(182144K), 0.0021370 secs] [Times: user=0.01 sys=0.00, real=0.01 secs] 
32.274: Total time for which application threads were stopped: 0.0039520 seconds, Stopping threads took: 0.0017240 seconds
32.321: Application time: 0.0468330 seconds
32.323: [GC32.323: [ParNew: 55871K->6206K(55872K), 0.0020530 secs] 126282K->76907K(182144K), 0.0020970 secs] [Times: user=0.01 sys=0.00, real=0.00 secs] 
32.325: Total time for which application threads were stopped: 0.0042380 seconds, Stopping threads took: 0.0020550 seconds
32.371: Application time: 0.0462020 seconds
32.373: [GC32.373: [ParNew: 55870K->6206K(55872K), 0.0022530 secs] 126571K->78070K(182144K), 0.0022970 secs] [Times: user=0.01 sys=0.00, real=0.01 secs] 
32.376: Total time for which application threads were stopped: 0.0045030 seconds, Stopping threads took: 0.0021380 seconds
32.422: Application time: 0.0465010 seconds
32.424: [GC32.424: [ParNew: 55869K->6207K(55872K), 0.0021690 secs] 127733K->78985K(182144K), 0.0022140 secs] [Times: user=0.02 sys=0.00, real=0.00 secs] 
32.426: Total time for which application threads were stopped: 0.0041090 seconds, Stopping threads took: 0.0018080 seconds
32.476: Application time: 0.0493840 seconds
32.477: [GC32.477: [ParNew: 55871K->6207K(55872K), 0.0025790 secs] 128649K->80740K(182144K), 0.0026260 secs] [Times: user=0.02 sys=0.00, real=0.00 secs] 
32.479: Total time for which application threads were stopped: 0.0035700 seconds, Stopping threads took: 0.0008670 seconds
32.529: Application time: 0.0493380 seconds
32.531: [GC32.531: [ParNew: 55871K->6207K(55872K), 0.0021790 secs] 130404K->81491K(182144K), 0.0022180 secs] [Times: user=0.01 sys=0.00, real=0.00 secs] 
32.533: Total time for which application threads were stopped: 0.0045860 seconds, Stopping threads took: 0.0022730 seconds
32.581: Application time: 0.0477940 seconds
32.583: [GC32.583: [ParNew: 55871K->6164K(55872K), 0.0019990 secs] 131155K->81448K(182144K), 0.0020440 secs] [Times: user=0.01 sys=0.00, real=0.00 secs] 
32.585: Total time for which application threads were stopped: 0.0042530 seconds, Stopping threads took: 0.0021420 seconds
32.636: Application time: 0.0503500 seconds
32.637: [GC32.637: [ParNew: 55828K->6207K(55872K), 0.0021870 secs] 131112K->81914K(182144K), 0.0022280 secs] [Times: user=0.01 sys=0.00, real=0.00 secs] 
32.640: Total time for which application threads were stopped: 0.0040970 seconds, Stopping threads took: 0.0018040 seconds
32.687: Application time: 0.0474070 seconds
32.690: [GC32.690: [ParNew: 55871K->5586K(55872K), 0.0017310 secs] 131578K->81293K(182144K), 0.0017720 secs] [Times: user=0.01 sys=0.00, real=0.00 secs] 
32.691: Total time for which application threads were stopped: 0.0042850 seconds, Stopping threads took: 0.0024260 seconds
32.740: Application time: 0.0483460 seconds
32.742: [GC32.742: [ParNew: 55250K->6206K(55872K), 0.0022470 secs] 130957K->83039K(182144K), 0.0022900 secs] [Times: user=0.02 sys=0.00, real=0.00 secs] 
32.744: Total time for which application threads were stopped: 0.0047830 seconds, Stopping threads took: 0.0024260 seconds
32.793: Application time: 0.0480340 seconds
32.795: [GC32.795: [ParNew: 55870K->6207K(55872K), 0.0020070 secs] 132703K->83113K(182144K), 0.0020490 secs] [Times: user=0.01 sys=0.00, real=0.00 secs] 
32.797: Total time for which application threads were stopped: 0.0044860 seconds, Stopping threads took: 0.0023480 seconds
32.846: Application time: 0.0493350 seconds
32.848: [GC32.848: [ParNew: 55871K->6207K(55872K), 0.0021760 secs] 132777K->84024K(182144K), 0.0022240 secs] [Times: user=0.02 sys=0.00, real=0.00 secs] 
32.851: Total time for which application threads were stopped: 0.0043170 seconds, Stopping threads took: 0.0020290 seconds
32.899: Application time: 0.0479060 seconds
32.900: [GC32.900: [ParNew: 55871K->6207K(55872K), 0.0018740 secs] 133688K->84026K(182144K), 0.0019150 secs] [Times: user=0.02 sys=0.00, real=0.01 secs] 
32.902: Total time for which application threads were stopped: 0.0038170 seconds, Stopping threads took: 0.0018400 seconds
32.952: Application time: 0.0492330 seconds
32.954: [GC32.954: [ParNew: 55871K->5426K(55872K), 0.0016400 secs] 133690K->83273K(182144K), 0.0016790 secs] [Times: user=0.01 sys=0.00, real=0.00 secs] 
32.956: Total time for which application threads were stopped: 0.0045040 seconds, Stopping threads took: 0.0027610 seconds
33.004: Application time: 0.0480290 seconds
33.006: [GC33.006: [ParNew: 55090K->6207K(55872K), 0.0019980 secs] 132937K->84405K(182144K), 0.0020430 secs] [Times: user=0.01 sys=0.01, real=0.00 secs] 
33.008: Total time for which application threads were stopped: 0.0034370 seconds, Stopping threads took: 0.0013280 seconds
33.056: Application time: 0.0487950 seconds
33.059: [GC33.059: [ParNew: 55871K->6206K(55872K), 0.0022780 secs] 134069K->85524K(182144K), 0.0023230 secs] [Times: user=0.01 sys=0.00, real=0.00 secs] 
33.061: Total time for which application threads were stopped: 0.0047620 seconds, Stopping threads took: 0.0023610 seconds
33.111: Application time: 0.0500390 seconds
33.114: [GC33.114: [ParNew: 55870K->6206K(55872K), 0.0021950 secs] 135188K->86494K(182144K), 0.0022390 secs] [Times: user=0.02 sys=0.00, real=0.00 secs] 
33.116: Total time for which application threads were stopped: 0.0051360 seconds, Stopping threads took: 0.0028300 seconds
33.164: Application time: 0.0478980 seconds
33.167: [GC33.167: [ParNew: 55870K->6207K(55872K), 0.0023480 secs] 136158K->87572K(182144K), 0.0023920 secs] [Times: user=0.02 sys=0.00, real=0.00 secs] 
33.170: Total time for which application threads were stopped: 0.0053620 seconds, Stopping threads took: 0.0028940 seconds
33.217: Application time: 0.0476510 seconds
33.219: [GC33.219: [ParNew: 55871K->6206K(55872K), 0.0021380 secs] 137236K->88441K(182144K), 0.0021860 secs] [Times: user=0.01 sys=0.00, real=0.01 secs] 
33.222: Total time for which application threads were stopped: 0.0043550 seconds, Stopping threads took: 0.0021020 seconds
33.271: Application time: 0.0492900 seconds
33.273: [GC33.273: [ParNew: 55870K->4105K(55872K), 0.0013840 secs] 138105K->86339K(182144K), 0.0014190 secs] [Times: user=0.01 sys=0.00, real=0.01 secs] 
33.275: Total time for which application threads were stopped: 0.0037000 seconds, Stopping threads took: 0.0022220 seconds
33.323: Application time: 0.0483970 seconds
33.325: [GC33.325: [ParNew: 53769K->5083K(55872K), 0.0016200 secs] 136003K->87318K(182144K), 0.0016620 secs] [Times: user=0.02 sys=0.00, real=0.00 secs] 
33.327: Total time for which application threads were stopped: 0.0037040 seconds, Stopping threads took: 0.0019550 seconds
33.372: Application time: 0.0457030 seconds
33.376: [GC33.376: [ParNew: 54747K->6206K(55872K), 0.0024530 secs] 136982K->90134K(182144K), 0.0025000 secs] [Times: user=0.02 sys=0.00, real=0.00 secs] 
33.378: Total time for which application threads were stopped: 0.0057250 seconds, Stopping threads took: 0.0031380 seconds
33.424: Application time: 0.0462570 seconds
33.426: [GC33.426: [ParNew: 55870K->6206K(55872K), 0.0021090 secs] 139798K->90835K(182144K), 0.0021510 secs] [Times: user=0.01 sys=0.00, real=0.00 secs] 
33.428: Total time for which application threads were stopped: 0.0038830 seconds, Stopping threads took: 0.0016670 seconds
33.476: Application time: 0.0478580 seconds
33.478: [GC33.478: [ParNew: 55870K->6207K(55872K), 0.0020120 secs] 140499K->91129K(182144K), 0.0020590 secs] [Times: user=0.01 sys=0.00, real=0.00 secs] 
33.480: Total time for which application threads were stopped: 0.0039190 seconds, Stopping threads took: 0.0017920 seconds
33.527: Application time: 0.0466070 seconds
33.528: [GC33.528: [ParNew: 55871K->6207K(55872K), 0.0019990 secs] 140793K->91327K(182144K), 0.0020460 secs] [Times: user=0.01 sys=0.00, real=0.00 secs] 
33.530: Total time for which application threads were stopped: 0.0035800 seconds, Stopping threads took: 0.0014670 seconds
33.576: Application time: 0.0460240 seconds
33.579: [GC33.579: [ParNew: 55871K->6206K(55872K), 0.0024950 secs] 140991K->92899K(182144K), 0.0025390 secs] [Times: user=0.02 sys=0.00, real=0.00 secs] 
33.581: Total time for which application threads were stopped: 0.0047970 seconds, Stopping threads took: 0.0021810 seconds
33.629: Application time: 0.0474860 seconds
33.631: [GC33.631: [ParNew: 55870K->6206K(55872K), 0.0020160 secs] 142563K->93274K(182144K), 0.0020540 secs] [Times: user=0.02 sys=0.00, real=0.00 secs] 
33.633: Total time for which application threads were stopped: 0.0044850 seconds, Stopping threads took: 0.0023680 seconds
33.681: Application time: 0.0477260 seconds
33.683: [GC33.683: [ParNew: 55870K->6207K(55872K), 0.0019920 secs] 142938K->93398K(182144K), 0.0020350 secs] [Times: user=0.02 sys=0.00, real=0.00 secs] 
33.685: Total time for which application threads were stopped: 0.0043220 seconds, Stopping threads took: 0.0022200 seconds
33.734: Application time: 0.0484280 seconds
33.735: [GC33.735: [ParNew: 55871K->4976K(55872K), 0.0017020 secs] 143062K->92195K(182144K), 0.0017410 secs] [Times: user=0.01 sys=0.00, real=0.00 secs] 
33.737: Total time for which application threads were stopped: 0.0030400 seconds, Stopping threads took: 0.0012170 seconds
33.787: Application time: 0.0502330 seconds
33.790: [GC33.790: [ParNew: 54640K->5592K(55872K), 0.0016570 secs] 141859K->92811K(182144K), 0.0017040 secs] [Times: user=0.02 sys=0.00, real=0.00 secs] 
33.792: Total time for which application threads were stopped: 0.0051700 seconds, Stopping threads took: 0.0033770 seconds
33.840: Application time: 0.0481640 seconds
33.841: [GC33.841: [ParNew: 55256K->6207K(55872K), 0.0021570 secs] 142475K->93820K(182144K), 0.0022100 secs] [Times: user=0.02 sys=0.00, real=0.01 secs] 
33.843: Total time for which application threads were stopped: 0.0029760 seconds, Stopping threads took: 0.0006990 seconds
33.892: Application time: 0.0486920 seconds
33.894: [GC33.894: [ParNew: 55871K->5665K(55872K), 0.0017930 secs] 143484K->93278K(182144K), 0.0018370 secs] [Times: user=0.01 sys=0.00, real=0.00 secs] 
33.896: Total time for which application threads were stopped: 0.0039890 seconds, Stopping threads took: 0.0020830 seconds
33.944: Application time: 0.0478200 seconds
33.945: [GC33.945: [ParNew: 55329K->5178K(55872K), 0.0015910 secs] 142942K->92791K(182144K), 0.0016320 secs] [Times: user=0.01 sys=0.00, real=0.00 secs] 
33.947: Total time for which application threads were stopped: 0.0033730 seconds, Stopping threads took: 0.0016690 seconds
33.993: Application time: 0.0456490 seconds
33.995: [GC33.995: [ParNew: 54842K->6206K(55872K), 0.0022650 secs] 142455K->94148K(182144K), 0.0023120 secs] [Times: user=0.02 sys=0.00, real=0.00 secs] 
33.998: Total time for which application threads were stopped: 0.0050970 seconds, Stopping threads took: 0.0026950 seconds
34.045: Application time: 0.0474530 seconds
34.047: [GC34.047: [ParNew: 55870K->6207K(55872K), 0.0023000 secs] 143812K->95294K(182144K), 0.0023480 secs] [Times: user=0.02 sys=0.00, real=0.00 secs] 
34.050: Total time for which application threads were stopped: 0.0043250 seconds, Stopping threads took: 0.0019100 seconds
34.097: Application time: 0.0475390 seconds
34.099: [GC34.099: [ParNew: 55871K->5489K(55872K), 0.0017930 secs] 144958K->94604K(182144K), 0.0018350 secs] [Times: user=0.01 sys=0.00, real=0.00 secs] 
34.101: Total time for which application threads were stopped: 0.0035500 seconds, Stopping threads took: 0.0016430 seconds
34.150: Application time: 0.0488780 seconds
34.152: [GC34.152: [ParNew: 55153K->5306K(55872K), 0.0018510 secs] 144268K->94449K(182144K), 0.0018900 secs] [Times: user=0.01 sys=0.00, real=0.01 secs] 
34.154: Total time for which application threads were stopped: 0.0047780 seconds, Stopping threads took: 0.0028210 seconds
34.202: Application time: 0.0479040 seconds
34.204: [GC34.204: [ParNew: 54970K->6207K(55872K), 0.0023240 secs] 144113K->95803K(182144K), 0.0023690 secs] [Times: user=0.02 sys=0.00, real=0.00 secs] 
34.206: Total time for which application threads were stopped: 0.0041080 seconds, Stopping threads took: 0.0016510 seconds
34.253: Application time: 0.0467630 seconds
34.255: [GC34.255: [ParNew: 55871K->6206K(55872K), 0.0023990 secs] 145467K->97113K(182144K), 0.0024420 secs] [Times: user=0.01 sys=0.00, real=0.00 secs] 
34.258: Total time for which application threads were stopped: 0.0047730 seconds, Stopping threads took: 0.0022660 seconds
34.310: Application time: 0.0519370 seconds
34.312: [GC34.312: [ParNew: 55870K->5487K(55872K), 0.0016440 secs] 146777K->96394K(182144K), 0.0016840 secs] [Times: user=0.01 sys=0.00, real=0.01 secs] 
34.314: Total time for which application threads were stopped: 0.0040150 seconds, Stopping threads took: 0.0022690 seconds
34.361: Application time: 0.0473820 seconds
34.364: [GC34.364: [ParNew: 55151K->5508K(55872K), 0.0017080 secs] 146058K->96415K(182144K), 0.0017470 secs] [Times: user=0.01 sys=0.00, real=0.00 secs] 
34.365: Total time for which application threads were stopped: 0.0041210 seconds, Stopping threads took: 0.0023100 seconds
34.414: Application time: 0.0489490 seconds
34.416: [GC34.416: [ParNew: 55172K->4704K(55872K), 0.0014780 secs] 146079K->95611K(182144K), 0.0015190 secs] [Times: user=0.01 sys=0.00, real=0.00 secs] 
34.418: Total time for which application threads were stopped: 0.0033110 seconds, Stopping threads took: 0.0017270 seconds
34.466: Application time: 0.0482710 seconds
34.468: [GC34.468: [ParNew: 54368K->6206K(55872K), 0.0021160 secs] 145275K->97664K(182144K), 0.0021630 secs] [Times: user=0.02 sys=0.00, real=0.00 secs] 
34.470: Total time for which application threads were stopped: 0.0043050 seconds, Stopping threads took: 0.0020760 seconds
34.519: Application time: 0.0487460 seconds
34.522: [GC34.522: [ParNew: 55870K->6206K(55872K), 0.0022650 secs] 147328K->98798K(182144K), 0.0023210 secs] [Times: user=0.02 sys=0.00, real=0.00 secs] 
34.525: Total time for which application threads were stopped: 0.0055700 seconds, Stopping threads took: 0.0031570 seconds
34.570: Application time: 0.0456360 seconds
34.573: [GC34.573: [ParNew: 55870K->6207K(55872K), 0.0025060 secs] 148462K->100410K(182144K), 0.0025530 secs] [Times: user=0.02 sys=0.00, real=0.01 secs] 
34.575: Total time for which application threads were stopped: 0.0052520 seconds, Stopping threads took: 0.0026220 seconds
34.625: Application time: 0.0491140 seconds
34.627: [GC34.627: [ParNew: 55871K->6206K(55872K), 0.0021180 secs] 150074K->100829K(182144K), 0.0021620 secs] [Times: user=0.01 sys=0.00, real=0.00 secs] 
34.630: Total time for which application threads were stopped: 0.0051080 seconds, Stopping threads took: 0.0028500 seconds
34.675: Application time: 0.0450810 seconds
34.677: [GC34.677: [ParNew: 55870K->6206K(55872K), 0.0022040 secs] 150493K->101598K(182144K), 0.0022480 secs] [Times: user=0.02 sys=0.00, real=0.00 secs] 
34.679: Total time for which application threads were stopped: 0.0042080 seconds, Stopping threads took: 0.0018720 seconds
34.726: Application time: 0.0465650 seconds
34.728: [GC34.728: [ParNew: 55870K->6207K(55872K), 0.0039360 secs] 151262K->102726K(182144K), 0.0039840 secs] [Times: user=0.01 sys=0.00, real=0.00 secs] 
34.732: Total time for which application threads were stopped: 0.0062060 seconds, Stopping threads took: 0.0021340 seconds
34.779: Application time: 0.0473720 seconds
34.782: [GC34.782: [ParNew: 55871K->6207K(55872K), 0.0022390 secs] 152390K->103546K(182144K), 0.0022840 secs] [Times: user=0.01 sys=0.00, real=0.00 secs] 
34.784: Total time for which application threads were stopped: 0.0050950 seconds, Stopping threads took: 0.0027260 seconds
34.832: Application time: 0.0474000 seconds
34.833: [GC34.833: [ParNew: 55871K->5986K(55872K), 0.0020290 secs] 153210K->103354K(182144K), 0.0020750 secs] [Times: user=0.01 sys=0.00, real=0.00 secs] 
34.836: Total time for which application threads were stopped: 0.0039470 seconds, Stopping threads took: 0.0018030 seconds
34.883: Application time: 0.0472140 seconds
34.886: [GC34.886: [ParNew: 55650K->6207K(55872K), 0.0020760 secs] 153018K->103699K(182144K), 0.0021190 secs] [Times: user=0.01 sys=0.00, real=0.00 secs] 
34.888: Total time for which application threads were stopped: 0.0054410 seconds, Stopping threads took: 0.0032340 seconds
34.937: Application time: 0.0486370 seconds
34.940: [GC34.940: [ParNew: 55871K->6206K(55872K), 0.0023040 secs] 153363K->104254K(182144K), 0.0023490 secs] [Times: user=0.02 sys=0.00, real=0.01 secs] 
34.942: Total time for which application threads were stopped: 0.0051230 seconds, Stopping threads took: 0.0026870 seconds
34.989: Application time: 0.0471720 seconds
34.992: [GC34.992: [ParNew: 55870K->6206K(55872K), 0.0022350 secs] 153918K->104354K(182144K), 0.0022770 secs] [Times: user=0.02 sys=0.00, real=0.01 secs] 
34.995: Total time for which application threads were stopped: 0.0055770 seconds, Stopping threads took: 0.0032150 seconds
35.045: Application time: 0.0501340 seconds
35.047: [GC35.047: [ParNew: 55870K->6206K(55872K), 0.0025280 secs] 154018K->105563K(182144K), 0.0025740 secs] [Times: user=0.02 sys=0.00, real=0.00 secs] 
35.050: Total time for which application threads were stopped: 0.0048220 seconds, Stopping threads took: 0.0021580 seconds
35.098: Application time: 0.0481230 seconds
35.101: [GC35.101: [ParNew: 55870K->6206K(55872K), 0.0021330 secs] 155227K->106092K(182144K), 0.0021800 secs] [Times: user=0.01 sys=0.00, real=0.01 secs] 
35.103: Total time for which application threads were stopped: 0.0050930 seconds, Stopping threads took: 0.0028250 seconds
35.149: Application time: 0.0464660 seconds
35.152: [GC35.152: [ParNew: 55870K->6207K(55872K), 0.0025940 secs] 155756K->107484K(182144K), 0.0026400 secs] [Times: user=0.02 sys=0.00, real=0.01 secs] 
35.155: Total time for which application threads were stopped: 0.0055000 seconds, Stopping threads took: 0.0027710 seconds
35.203: Application time: 0.0480840 seconds
35.206: [GC35.206: [ParNew: 55871K->5858K(55872K), 0.0018730 secs] 157148K->107192K(182144K), 0.0019220 secs] [Times: user=0.02 sys=0.00, real=0.00 secs] 
35.208: Total time for which application threads were stopped: 0.0049780 seconds, Stopping threads took: 0.0029880 seconds
35.258: Application time: 0.0496810 seconds
35.260: [GC35.260: [ParNew: 55522K->6207K(55872K), 0.0021310 secs] 156856K->107739K(182144K), 0.0021770 secs] [Times: user=0.02 sys=0.00, real=0.01 secs] 
35.263: Total time for which application threads were stopped: 0.0049880 seconds, Stopping threads took: 0.0027500 seconds
35.311: Application time: 0.0485110 seconds
35.314: [GC35.314: [ParNew: 55871K->6207K(55872K), 0.0022160 secs] 157403K->107861K(182144K), 0.0022670 secs] [Times: user=0.02 sys=0.00, real=0.00 secs] 
35.316: Total time for which application threads were stopped: 0.0047010 seconds, Stopping threads took: 0.0023480 seconds
35.367: Application time: 0.0509070 seconds
35.369: [GC35.369: [ParNew: 55871K->5575K(55872K), 0.0020250 secs] 157525K->107286K(182144K), 0.0020700 secs] [Times: user=0.01 sys=0.00, real=0.00 secs] 
35.371: Total time for which application threads were stopped: 0.0038780 seconds, Stopping threads took: 0.0017210 seconds
35.420: Application time: 0.0490610 seconds
35.421: [GC35.421: [ParNew: 55239K->6207K(55872K), 0.0019910 secs] 156950K->108150K(182144K), 0.0020400 secs] [Times: user=0.01 sys=0.00, real=0.01 secs] 
35.423: Total time for which application threads were stopped: 0.0030050 seconds, Stopping threads took: 0.0008770 seconds
35.471: Application time: 0.0483280 seconds
35.473: [GC35.473: [ParNew: 55871K->6206K(55872K), 0.0020310 secs] 157814K->108279K(182144K), 0.0020700 secs] [Times: user=0.01 sys=0.00, real=0.01 secs] 
35.475: Total time for which application threads were stopped: 0.0038270 seconds, Stopping threads took: 0.0016940 seconds
35.525: Application time: 0.0497630 seconds
35.528: [GC35.528: [ParNew: 55870K->6206K(55872K), 0.0026170 secs] 157943K->109916K(182144K), 0.0026640 secs] [Times: user=0.02 sys=0.00, real=0.00 secs] 
35.530: Total time for which application threads were stopped: 0.0057780 seconds, Stopping threads took: 0.0030350 seconds
35.576: Application time: 0.0451750 seconds
35.578: [GC35.578: [ParNew: 55870K->6206K(55872K), 0.0024960 secs] 159580K->110766K(182144K), 0.0025330 secs] [Times: user=0.01 sys=0.00, real=0.00 secs] 
35.580: Total time for which application threads were stopped: 0.0047970 seconds, Stopping threads took: 0.0021910 seconds
35.628: Application time: 0.0471950 seconds
35.630: [GC35.630: [ParNew: 55870K->6207K(55872K), 0.0021900 secs] 160430K->111594K(182144K), 0.0022350 secs] [Times: user=0.02 sys=0.00, real=0.00 secs] 
35.632: Total time for which application threads were stopped: 0.0047540 seconds, Stopping threads took: 0.0024500 seconds
35.681: Application time: 0.0484090 seconds
35.682: [GC35.682: [ParNew: 55871K->6085K(55872K), 0.0021480 secs] 161258K->111471K(182144K), 0.0021890 secs] [Times: user=0.02 sys=0.00, real=0.00 secs] 
35.685: Total time for which application threads were stopped: 0.0039590 seconds, Stopping threads took: 0.0016770 seconds
35.728: Application time: 0.0430380 seconds
35.730: [GC35.730: [ParNew: 55749K->6206K(55872K), 0.0020900 secs] 161135K->112206K(182144K), 0.0021340 secs] [Times: user=0.01 sys=0.00, real=0.00 secs] 
35.732: Total time for which application threads were stopped: 0.0041650 seconds, Stopping threads took: 0.0019660 seconds
35.777: Application time: 0.0447770 seconds
35.778: [GC35.778: [ParNew: 55870K->6207K(55872K), 0.0021410 secs] 161870K->112716K(182144K), 0.0021850 secs] [Times: user=0.01 sys=0.00, real=0.00 secs] 
35.780: Total time for which application threads were stopped: 0.0035730 seconds, Stopping threads took: 0.0013120 seconds
35.825: Application time: 0.0443320 seconds
35.826: [GC35.826: [ParNew: 55871K->6207K(55872K), 0.0021240 secs] 162380K->113174K(182144K), 0.0021730 secs] [Times: user=0.02 sys=0.00, real=0.00 secs] 
35.828: Total time for which application threads were stopped: 0.0037980 seconds, Stopping threads took: 0.0015390 seconds
 CMS: abort preclean due to time 35.830: [CMS-concurrent-abortable-preclean: 0.264/5.013 secs] [Times: user=38.40 sys=0.16, real=5.01 secs] 
35.830: Application time: 0.0020850 seconds
35.833: [GC[YG occupancy: 10972 K (55872 K)]35.833: [Rescan (parallel) , 0.0002200 secs]35.833: [weak refs processing, 0.0000080 secs]35.833: [scrub string table, 0.0001080 secs] [1 CMS-remark: 106967K(126272K)] 117940K(182144K), 0.0003660 secs] [Times: user=0.00 sys=0.00, real=0.00 secs] 
35.833: Total time for which application threads were stopped: 0.0028980 seconds, Stopping threads took: 0.0024980 seconds
35.833: [CMS-concurrent-sweep-start]
35.841: [CMS-concurrent-sweep: 0.007/0.007 secs] [Times: user=0.03 sys=0.00, real=0.00 secs] 
35.841: [CMS-concurrent-reset-start]
35.841: [CMS-concurrent-reset: 0.000/0.000 secs] [Times: user=0.00 sys=0.00, real=0.00 secs] 
35.875: Application time: 0.0418660 seconds
35.877: [GC35.877: [ParNew: 55871K->6207K(55872K), 0.0023170 secs] 108495K->60066K(182144K), 0.0023610 secs] [Times: user=0.02 sys=0.00, real=0.00 secs] 
35.879: Total time for which application threads were stopped: 0.0037600 seconds, Stopping threads took: 0.0013330 seconds
35.879: Application time: 0.0001320 seconds
35.883: [GC [1 CMS-initial-mark: 53858K(126272K)] 61041K(182144K), 0.0002130 secs] [Times: user=0.00 sys=0.00, real=0.00 secs] 
35.883: Total time for which application threads were stopped: 0.0038650 seconds, Stopping threads took: 0.0036300 seconds
35.883: [CMS-concurrent-mark-start]
35.888: [CMS-concurrent-mark: 0.005/0.005 secs] [Times: user=0.02 sys=0.00, real=0.00 secs] 
35.888: [CMS-concurrent-preclean-start]
35.888: [CMS-concurrent-preclean: 0.000/0.000 secs] [Times: user=0.00 sys=0.00, real=0.00 secs] 
35.888: [CMS-concurrent-abortable-preclean-start]
35.928: Application time: 0.0448520 seconds
35.929: [GC35.929: [ParNew: 55871K->5978K(55872K), 0.0019860 secs] 109730K->59866K(182144K), 0.0020260 secs] [Times: user=0.02 sys=0.00, real=0.00 secs] 
35.931: Total time for which application threads were stopped: 0.0035280 seconds, Stopping threads took: 0.0014410 seconds
35.978: Application time: 0.0466700 seconds
35.981: [GC35.981: [ParNew: 55642K->5224K(55872K), 0.0016150 secs] 109530K->59111K(182144K), 0.0016510 secs] [Times: user=0.01 sys=0.00, real=0.01 secs] 
35.982: Total time for which application threads were stopped: 0.0041910 seconds, Stopping threads took: 0.0024560 seconds
36.026: Application time: 0.0438540 seconds
36.028: [GC36.028: [ParNew: 54888K->6206K(55872K), 0.0021580 secs] 108775K->60694K(182144K), 0.0022030 secs] [Times: user=0.02 sys=0.00, real=0.00 secs] 
36.031: Total time for which application threads were stopped: 0.0045840 seconds, Stopping threads took: 0.0023170 seconds
36.077: Application time: 0.0460090 seconds
36.079: [GC36.079: [ParNew: 55870K->6207K(55872K), 0.0021210 secs] 110358K->60744K(182144K), 0.0021650 secs] [Times: user=0.01 sys=0.00, real=0.00 secs] 
36.081: Total time for which application threads were stopped: 0.0040530 seconds, Stopping threads took: 0.0018240 seconds
36.127: Application time: 0.0460010 seconds
36.130: [GC36.130: [ParNew: 55871K->6207K(55872K), 0.0018940 secs] 110408K->60756K(182144K), 0.0019390 secs] [Times: user=0.01 sys=0.00, real=0.00 secs] 
36.132: Total time for which application threads were stopped: 0.0047820 seconds, Stopping threads took: 0.0027790 seconds
36.176: Application time: 0.0448460 seconds
36.179: [GC36.179: [ParNew: 55871K->6206K(55872K), 0.0020210 secs] 110420K->61078K(182144K), 0.0020680 secs] [Times: user=0.01 sys=0.00, real=0.00 secs] 
36.181: Total time for which application threads were stopped: 0.0044970 seconds, Stopping threads took: 0.0023510 seconds
36.226: Application time: 0.0448470 seconds
36.227: [GC36.228: [ParNew: 55870K->5539K(55872K), 0.0017210 secs] 110742K->60439K(182144K), 0.0017590 secs] [Times: user=0.01 sys=0.00, real=0.00 secs] 
36.229: Total time for which application threads were stopped: 0.0035430 seconds, Stopping threads took: 0.0017030 seconds
36.276: Application time: 0.0471790 seconds
36.278: [GC36.278: [ParNew: 55203K->5487K(55872K), 0.0017940 secs] 110103K->60445K(182144K), 0.0018350 secs] [Times: user=0.01 sys=0.00, real=0.00 secs] 
36.280: Total time for which application threads were stopped: 0.0035480 seconds, Stopping threads took: 0.0016320 seconds
36.324: Application time: 0.0439930 seconds
36.326: [GC36.326: [ParNew: 55151K->6206K(55872K), 0.0022830 secs] 110109K->62153K(182144K), 0.0023220 secs] [Times: user=0.02 sys=0.00, real=0.00 secs] 
36.328: Total time for which application threads were stopped: 0.0043090 seconds, Stopping threads took: 0.0019240 seconds
36.374: Application time: 0.0455400 seconds
36.376: [GC36.376: [ParNew: 55870K->5416K(55872K), 0.0018530 secs] 111817K->61449K(182144K), 0.0018930 secs] [Times: user=0.00 sys=0.00, real=0.00 secs] 
36.378: Total time for which application threads were stopped: 0.0037000 seconds, Stopping threads took: 0.0017480 seconds
36.423: Application time: 0.0449370 seconds
36.424: [GC36.424: [ParNew: 55080K->6206K(55872K), 0.0021770 secs] 111113K->62592K(182144K), 0.0022240 secs] [Times: user=0.01 sys=0.00, real=0.00 secs] 
36.426: Total time for which application threads were stopped: 0.0034740 seconds, Stopping threads took: 0.0011850 seconds
36.470: Application time: 0.0441460 seconds
36.472: [GC36.472: [ParNew: 55870K->6034K(55872K), 0.0020300 secs] 112256K->62420K(182144K), 0.0020700 secs] [Times: user=0.01 sys=0.00, real=0.01 secs] 
36.474: Total time for which application threads were stopped: 0.0036070 seconds, Stopping threads took: 0.0014530 seconds
36.519: Application time: 0.0447810 seconds
36.521: [GC36.521: [ParNew: 55698K->6206K(55872K), 0.0023530 secs] 112084K->63799K(182144K), 0.0023990 secs] [Times: user=0.01 sys=0.00, real=0.01 secs] 
36.523: Total time for which application threads were stopped: 0.0049500 seconds, Stopping threads took: 0.0024770 seconds
36.569: Application time: 0.0452590 seconds
36.571: [GC36.571: [ParNew: 55870K->6207K(55872K), 0.0022350 secs] 113463K->65009K(182144K), 0.0022770 secs] [Times: user=0.02 sys=0.00, real=0.00 secs] 
36.573: Total time for which application threads were stopped: 0.0042420 seconds, Stopping threads took: 0.0019010 seconds
36.618: Application time: 0.0449510 seconds
36.619: [GC36.619: [ParNew: 55871K->4799K(55872K), 0.0014750 secs] 114673K->63600K(182144K), 0.0015090 secs] [Times: user=0.01 sys=0.00, real=0.00 secs] 
36.620: Total time for which application threads were stopped: 0.0021400 seconds, Stopping threads took: 0.0005720 seconds
36.665: Application time: 0.0448980 seconds
36.667: [GC36.667: [ParNew: 54463K->6207K(55872K), 0.0023570 secs] 113264K->66186K(182144K), 0.0024020 secs] [Times: user=0.02 sys=0.00, real=0.00 secs] 
36.670: Total time for which application threads were stopped: 0.0045830 seconds, Stopping threads took: 0.0021160 seconds
36.716: Application time: 0.0465520 seconds
36.719: [GC36.719: [ParNew: 55871K->6206K(55872K), 0.0022320 secs] 115850K->66933K(182144K), 0.0022770 secs] [Times: user=0.01 sys=0.00, real=0.00 secs] 
36.721: Total time for which application threads were stopped: 0.0047460 seconds, Stopping threads took: 0.0023820 seconds
36.766: Application time: 0.0450880 seconds
36.767: [GC36.767: [ParNew: 55870K->6206K(55872K), 0.0020200 secs] 116597K->67248K(182144K), 0.0020600 secs] [Times: user=0.01 sys=0.00, real=0.00 secs] 
36.769: Total time for which application threads were stopped: 0.0030660 seconds, Stopping threads took: 0.0009340 seconds
36.813: Application time: 0.0438870 seconds
36.815: [GC36.815: [ParNew: 55870K->6207K(55872K), 0.0022110 secs] 116912K->67923K(182144K), 0.0022540 secs] [Times: user=0.02 sys=0.00, real=0.00 secs] 
36.817: Total time for which application threads were stopped: 0.0042930 seconds, Stopping threads took: 0.0019730 seconds
36.862: Application time: 0.0446130 seconds
36.864: [GC36.864: [ParNew: 55871K->6207K(55872K), 0.0025200 secs] 117587K->69764K(182144K), 0.0025700 secs] [Times: user=0.01 sys=0.00, real=0.00 secs] 
36.867: Total time for which application threads were stopped: 0.0049720 seconds, Stopping threads took: 0.0023270 seconds
36.914: Application time: 0.0469310 seconds
36.915: [GC36.915: [ParNew: 55871K->5815K(55872K), 0.0018410 secs] 119428K->69453K(182144K), 0.0018840 secs] [Times: user=0.01 sys=0.00, real=0.00 secs] 
36.917: Total time for which application threads were stopped: 0.0036610 seconds, Stopping threads took: 0.0016930 seconds
36.964: Application time: 0.0466650 seconds
36.965: [GC36.965: [ParNew: 55479K->5813K(55872K), 0.0019270 secs] 119117K->69451K(182144K), 0.0019700 secs] [Times: user=0.01 sys=0.00, real=0.00 secs] 
36.967: Total time for which application threads were stopped: 0.0031660 seconds, Stopping threads took: 0.0011320 seconds
37.012: Application time: 0.0450770 seconds
37.014: [GC37.014: [ParNew: 55477K->5062K(55872K), 0.0018890 secs] 119115K->68701K(182144K), 0.0019290 secs] [Times: user=0.01 sys=0.00, real=0.00 secs] 
37.016: Total time for which application threads were stopped: 0.0038210 seconds, Stopping threads took: 0.0018290 seconds
37.063: Application time: 0.0469160 seconds
37.064: [GC37.064: [ParNew: 54726K->6206K(55872K), 0.0024810 secs] 118364K->71528K(182144K), 0.0025260 secs] [Times: user=0.02 sys=0.00, real=0.00 secs] 
37.066: Total time for which application threads were stopped: 0.0031580 seconds, Stopping threads took: 0.0005670 seconds
37.111: Application time: 0.0447420 seconds
37.113: [GC37.113: [ParNew: 55870K->6207K(55872K), 0.0024520 secs] 121192K->73222K(182144K), 0.0024940 secs] [Times: user=0.02 sys=0.00, real=0.01 secs] 
37.115: Total time for which application threads were stopped: 0.0043450 seconds, Stopping threads took: 0.0017850 seconds
37.162: Application time: 0.0467000 seconds
37.164: [GC37.164: [ParNew: 55871K->4829K(55872K), 0.0016200 secs] 122886K->71844K(182144K), 0.0016620 secs] [Times: user=0.01 sys=0.00, real=0.00 secs] 
37.165: Total time for which application threads were stopped: 0.0033350 seconds, Stopping threads took: 0.0016070 seconds
37.211: Application time: 0.0456950 seconds
37.212: [GC37.212: [ParNew: 54493K->4812K(55872K), 0.0015730 secs] 121508K->71827K(182144K), 0.0016070 secs] [Times: user=0.01 sys=0.00, real=0.00 secs] 
37.213: Total time for which application threads were stopped: 0.0021500 seconds, Stopping threads took: 0.0004850 seconds
37.260: Application time: 0.0463630 seconds
37.261: [GC37.261: [ParNew: 54476K->6206K(55872K), 0.0020050 secs] 121491K->73356K(182144K), 0.0020440 secs] [Times: user=0.02 sys=0.00, real=0.01 secs] 
37.263: Total time for which application threads were stopped: 0.0034750 seconds, Stopping threads took: 0.0013450 seconds
37.307: Application time: 0.0435200 seconds
37.308: [GC37.308: [ParNew: 55870K->6206K(55872K), 0.0025240 secs] 123020K->74944K(182144K), 0.0025680 secs] [Times: user=0.02 sys=0.00, real=0.00 secs] 
37.311: Total time for which application threads were stopped: 0.0042000 seconds, Stopping threads took: 0.0015540 seconds
37.356: Application time: 0.0454470 seconds
37.358: [GC37.358: [ParNew: 55870K->6207K(55872K), 0.0020540 secs] 124608K->75281K(182144K), 0.0020980 secs] [Times: user=0.01 sys=0.00, real=0.00 secs] 
37.360: Total time for which application threads were stopped: 0.0038000 seconds, Stopping threads took: 0.0016130 seconds
37.405: Application time: 0.0446430 seconds
37.408: [GC37.408: [ParNew: 55870K->6207K(55872K), 0.0025230 secs] 124944K->76539K(182144K), 0.0025690 secs] [Times: user=0.02 sys=0.00, real=0.00 secs] 
37.410: Total time for which application threads were stopped: 0.0055290 seconds, Stopping threads took: 0.0028750 seconds
37.456: Application time: 0.0463020 seconds
37.459: [GC37.459: [ParNew: 55871K->5009K(55872K), 0.0016910 secs] 126203K->75394K(182144K), 0.0017260 secs] [Times: user=0.01 sys=0.00, real=0.00 secs] 
37.460: Total time for which application threads were stopped: 0.0037860 seconds, Stopping threads took: 0.0020020 seconds
37.509: Application time: 0.0486950 seconds
37.510: [GC37.510: [ParNew: 54673K->4616K(55872K), 0.0015260 secs] 125058K->75001K(182144K), 0.0015710 secs] [Times: user=0.01 sys=0.00, real=0.00 secs] 
37.512: Total time for which application threads were stopped: 0.0029550 seconds, Stopping threads took: 0.0013240 seconds
37.556: Application time: 0.0443960 seconds
37.558: [GC37.558: [ParNew: 54280K->5260K(55872K), 0.0016700 secs] 124665K->75645K(182144K), 0.0017080 secs] [Times: user=0.01 sys=0.00, real=0.00 secs] 
37.560: Total time for which application threads were stopped: 0.0032920 seconds, Stopping threads took: 0.0015200 seconds
37.604: Application time: 0.0446120 seconds
37.606: [GC37.606: [ParNew: 54924K->5364K(55872K), 0.0016010 secs] 125309K->75749K(182144K), 0.0016390 secs] [Times: user=0.02 sys=0.00, real=0.00 secs] 
37.607: Total time for which application threads were stopped: 0.0032590 seconds, Stopping threads took: 0.0015570 seconds
37.654: Application time: 0.0467740 seconds
37.656: [GC37.656: [ParNew: 55028K->4821K(55872K), 0.0014830 secs] 125413K->75206K(182144K), 0.0015210 secs] [Times: user=0.01 sys=0.00, real=0.00 secs] 
37.657: Total time for which application threads were stopped: 0.0028780 seconds, Stopping threads took: 0.0012940 seconds
37.702: Application time: 0.0443860 seconds
37.703: [GC37.703: [ParNew: 54485K->6206K(55872K), 0.0022190 secs] 124870K->77727K(182144K), 0.0022660 secs] [Times: user=0.02 sys=0.01, real=0.00 secs] 
37.705: Total time for which application threads were stopped: 0.0038680 seconds, Stopping threads took: 0.0015240 seconds
37.751: Application time: 0.0457060 seconds
37.754: [GC37.754: [ParNew: 55870K->5693K(55872K), 0.0017010 secs] 127391K->77242K(182144K), 0.0017390 secs] [Times: user=0.02 sys=0.00, real=0.00 secs] 
37.756: Total time for which application threads were stopped: 0.0045750 seconds, Stopping threads took: 0.0027750 seconds
37.802: Application time: 0.0460200 seconds
37.804: [GC37.804: [ParNew: 55357K->6206K(55872K), 0.0024080 secs] 126906K->78540K(182144K), 0.0024520 secs] [Times: user=0.02 sys=0.00, real=0.00 secs] 
37.806: Total time for which application threads were stopped: 0.0046740 seconds, Stopping threads took: 0.0021350 seconds
37.849: Application time: 0.0429670 seconds
37.852: [GC37.852: [ParNew: 55870K->6207K(55872K), 0.0023160 secs] 128204K->79626K(182144K), 0.0023640 secs] [Times: user=0.02 sys=0.00, real=0.01 secs] 
37.855: Total time for which application threads were stopped: 0.0054280 seconds, Stopping threads took: 0.0029690 seconds
37.900: Application time: 0.0456080 seconds
37.902: [GC37.902: [ParNew: 55871K->6207K(55872K), 0.0021170 secs] 129290K->80177K(182144K), 0.0021600 secs] [Times: user=0.01 sys=0.00, real=0.00 secs] 
37.905: Total time for which application threads were stopped: 0.0042080 seconds, Stopping threads took: 0.0019850 seconds
37.950: Application time: 0.0456650 seconds
37.953: [GC37.953: [ParNew: 55871K->6206K(55872K), 0.0022080 secs] 129841K->81017K(182144K), 0.0022540 secs] [Times: user=0.01 sys=0.00, real=0.01 secs] 
37.955: Total time for which application threads were stopped: 0.0051760 seconds, Stopping threads took: 0.0028560 seconds
38.000: Application time: 0.0445800 seconds
38.002: [GC38.002: [ParNew: 55870K->6207K(55872K), 0.0021560 secs] 130681K->81339K(182144K), 0.0022020 secs] [Times: user=0.02 sys=0.00, real=0.00 secs] 
38.004: Total time for which application threads were stopped: 0.0044330 seconds, Stopping threads took: 0.0021670 seconds
38.053: Application time: 0.0490260 seconds
38.054: [GC38.054: [ParNew: 55871K->5022K(55872K), 0.0016270 secs] 131003K->80153K(182144K), 0.0016610 secs] [Times: user=0.01 sys=0.00, real=0.00 secs] 
38.056: Total time for which application threads were stopped: 0.0023940 seconds, Stopping threads took: 0.0006740 seconds
38.102: Application time: 0.0464200 seconds
38.103: [GC38.103: [ParNew: 54686K->5991K(55872K), 0.0018710 secs] 129817K->81122K(182144K), 0.0019130 secs] [Times: user=0.02 sys=0.00, real=0.00 secs] 
38.105: Total time for which application threads were stopped: 0.0029180 seconds, Stopping threads took: 0.0009410 seconds
38.151: Application time: 0.0461620 seconds
38.153: [GC38.153: [ParNew: 55655K->6206K(55872K), 0.0020830 secs] 130786K->81566K(182144K), 0.0021320 secs] [Times: user=0.01 sys=0.00, real=0.01 secs] 
38.155: Total time for which application threads were stopped: 0.0037890 seconds, Stopping threads took: 0.0015860 seconds
38.198: Application time: 0.0431680 seconds
38.200: [GC38.200: [ParNew: 55870K->6207K(55872K), 0.0025410 secs] 131230K->83225K(182144K), 0.0025870 secs] [Times: user=0.01 sys=0.00, real=0.01 secs] 
38.203: Total time for which application threads were stopped: 0.0044200 seconds, Stopping threads took: 0.0017660 seconds
38.249: Application time: 0.0461330 seconds
38.251: [GC38.251: [ParNew: 55871K->5627K(55872K), 0.0018690 secs] 132889K->82645K(182144K), 0.0019120 secs] [Times: user=0.02 sys=0.00, real=0.00 secs] 
38.253: Total time for which application threads were stopped: 0.0041040 seconds, Stopping threads took: 0.0021290 seconds
38.297: Application time: 0.0436720 seconds
38.299: [GC38.299: [ParNew: 55291K->6206K(55872K), 0.0023070 secs] 132309K->84548K(182144K), 0.0023500 secs] [Times: user=0.02 sys=0.00, real=0.00 secs] 
38.301: Total time for which application threads were stopped: 0.0044490 seconds, Stopping threads took: 0.0020330 seconds
38.345: Application time: 0.0443030 seconds
38.348: [GC38.348: [ParNew: 55870K->6206K(55872K), 0.0022690 secs] 134212K->85760K(182144K), 0.0023120 secs] [Times: user=0.02 sys=0.00, real=0.00 secs] 
38.350: Total time for which application threads were stopped: 0.0045420 seconds, Stopping threads took: 0.0021660 seconds
38.394: Application time: 0.0441070 seconds
38.396: [GC38.396: [ParNew: 55870K->6206K(55872K), 0.0021130 secs] 135424K->86600K(182144K), 0.0021590 secs] [Times: user=0.01 sys=0.00, real=0.00 secs] 
38.399: Total time for which application threads were stopped: 0.0044550 seconds, Stopping threads took: 0.0022210 seconds
38.444: Application time: 0.0458080 seconds
38.447: [GC38.447: [ParNew: 55870K->6207K(55872K), 0.0022650 secs] 136264K->87406K(182144K), 0.0023090 secs] [Times: user=0.01 sys=0.00, real=0.00 secs] 
38.449: Total time for which application threads were stopped: 0.0045950 seconds, Stopping threads took: 0.0022230 seconds
38.493: Application time: 0.0440090 seconds
38.495: [GC38.495: [ParNew: 55871K->6207K(55872K), 0.0023960 secs] 137070K->89045K(182144K), 0.0024390 secs] [Times: user=0.02 sys=0.00, real=0.00 secs] 
38.498: Total time for which application threads were stopped: 0.0045710 seconds, Stopping threads took: 0.0020660 seconds
38.543: Application time: 0.0450220 seconds
38.546: [GC38.546: [ParNew: 55871K->5744K(55872K), 0.0017480 secs] 138709K->88610K(182144K), 0.0017870 secs] [Times: user=0.01 sys=0.00, real=0.00 secs] 
38.547: Total time for which application threads were stopped: 0.0047460 seconds, Stopping threads took: 0.0028940 seconds
38.591: Application time: 0.0432930 seconds
38.592: [GC38.592: [ParNew: 55408K->6206K(55872K), 0.0021260 secs] 138274K->89469K(182144K), 0.0021680 secs] [Times: user=0.02 sys=0.00, real=0.01 secs] 
38.594: Total time for which application threads were stopped: 0.0036210 seconds, Stopping threads took: 0.0013670 seconds
38.640: Application time: 0.0456660 seconds
38.642: [GC38.642: [ParNew: 55870K->6206K(55872K), 0.0019930 secs] 139133K->89713K(182144K), 0.0020360 secs] [Times: user=0.01 sys=0.00, real=0.00 secs] 
38.644: Total time for which application threads were stopped: 0.0044220 seconds, Stopping threads took: 0.0023200 seconds
38.688: Application time: 0.0437270 seconds
38.690: [GC38.690: [ParNew: 55870K->6206K(55872K), 0.0019810 secs] 139377K->90091K(182144K), 0.0020240 secs] [Times: user=0.02 sys=0.00, real=0.00 secs] 
38.692: Total time for which application threads were stopped: 0.0041090 seconds, Stopping threads took: 0.0020230 seconds
38.738: Application time: 0.0453380 seconds
38.740: [GC38.740: [ParNew: 55870K->5631K(55872K), 0.0017580 secs] 139755K->89516K(182144K), 0.0017990 secs] [Times: user=0.01 sys=0.00, real=0.01 secs] 
38.742: Total time for which application threads were stopped: 0.0045290 seconds, Stopping threads took: 0.0026600 seconds
38.787: Application time: 0.0449710 seconds
38.788: [GC38.788: [ParNew: 55295K->6207K(55872K), 0.0019730 secs] 139180K->90155K(182144K), 0.0020150 secs] [Times: user=0.02 sys=0.00, real=0.00 secs] 
38.790: Total time for which application threads were stopped: 0.0032140 seconds, Stopping threads took: 0.0011380 seconds
38.835: Application time: 0.0452080 seconds
38.837: [GC38.837: [ParNew: 55871K->4182K(55872K), 0.0013440 secs] 139819K->88159K(182144K), 0.0013790 secs] [Times: user=0.01 sys=0.00, real=0.00 secs] 
38.838: Total time for which application threads were stopped: 0.0029570 seconds, Stopping threads took: 0.0015180 seconds
38.880: Application time: 0.0416350 seconds
38.882: [GC38.882: [ParNew: 53846K->6207K(55872K), 0.0024450 secs] 137823K->91438K(182144K), 0.0024820 secs] [Times: user=0.01 sys=0.01, real=0.00 secs] 
38.885: Total time for which application threads were stopped: 0.0047700 seconds, Stopping threads took: 0.0022340 seconds
38.930: Application time: 0.0449360 seconds
38.932: [GC38.932: [ParNew: 55871K->5221K(55872K), 0.0015810 secs] 141102K->90481K(182144K), 0.0016220 secs] [Times: user=0.01 sys=0.00, real=0.01 secs] 
38.934: Total time for which application threads were stopped: 0.0040220 seconds, Stopping threads took: 0.0023360 seconds
38.982: Application time: 0.0477790 seconds
38.983: [GC38.983: [ParNew: 54885K->4163K(55872K), 0.0014520 secs] 140145K->89480K(182144K), 0.0014860 secs] [Times: user=0.01 sys=0.00, real=0.00 secs] 
38.984: Total time for which application threads were stopped: 0.0028020 seconds, Stopping threads took: 0.0012620 seconds
39.028: Application time: 0.0438790 seconds
39.030: [GC39.030: [ParNew: 53827K->5810K(55872K), 0.0017860 secs] 139144K->91155K(182144K), 0.0018290 secs] [Times: user=0.01 sys=0.00, real=0.00 secs] 
39.032: Total time for which application threads were stopped: 0.0039220 seconds, Stopping threads took: 0.0020280 seconds
39.078: Application time: 0.0460490 seconds
39.080: [GC39.080: [ParNew: 55474K->6206K(55872K), 0.0021780 secs] 140819K->92241K(182144K), 0.0022230 secs] [Times: user=0.02 sys=0.00, real=0.01 secs] 
39.083: Total time for which application threads were stopped: 0.0044650 seconds, Stopping threads took: 0.0021560 seconds
39.128: Application time: 0.0455850 seconds
39.131: [GC39.131: [ParNew: 55870K->6206K(55872K), 0.0020270 secs] 141905K->92524K(182144K), 0.0020700 secs] [Times: user=0.01 sys=0.00, real=0.00 secs] 
39.133: Total time for which application threads were stopped: 0.0048580 seconds, Stopping threads took: 0.0027240 seconds
39.178: Application time: 0.0448690 seconds
39.180: [GC39.180: [ParNew: 55870K->6003K(55872K), 0.0019570 secs] 142188K->92320K(182144K), 0.0019990 secs] [Times: user=0.01 sys=0.00, real=0.01 secs] 
39.182: Total time for which application threads were stopped: 0.0044430 seconds, Stopping threads took: 0.0023600 seconds
39.228: Application time: 0.0457260 seconds
39.230: [GC39.230: [ParNew: 55667K->6206K(55872K), 0.0020960 secs] 141984K->92808K(182144K), 0.0021370 secs] [Times: user=0.01 sys=0.00, real=0.00 secs] 
39.232: Total time for which application threads were stopped: 0.0037470 seconds, Stopping threads took: 0.0015240 seconds
39.275: Application time: 0.0435460 seconds
39.278: [GC39.278: [ParNew: 55870K->6206K(55872K), 0.0026590 secs] 142472K->94477K(182144K), 0.0027030 secs] [Times: user=0.02 sys=0.00, real=0.00 secs] 
39.281: Total time for which application threads were stopped: 0.0053710 seconds, Stopping threads took: 0.0026030 seconds
39.326: Application time: 0.0452280 seconds
39.328: [GC39.328: [ParNew: 55870K->6206K(55872K), 0.0022930 secs] 144141K->95082K(182144K), 0.0023370 secs] [Times: user=0.01 sys=0.00, real=0.00 secs] 
39.331: Total time for which application threads were stopped: 0.0045400 seconds, Stopping threads took: 0.0021380 seconds
39.375: Application time: 0.0441540 seconds
39.376: [GC39.376: [ParNew: 55870K->6207K(55872K), 0.0024620 secs] 144746K->96636K(182144K), 0.0025170 secs] [Times: user=0.02 sys=0.00, real=0.00 secs] 
39.379: Total time for which application threads were stopped: 0.0040130 seconds, Stopping threads took: 0.0014280 seconds
39.423: Application time: 0.0441220 seconds
39.425: [GC39.425: [ParNew: 55871K->6206K(55872K), 0.0020170 secs] 146300K->96945K(182144K), 0.0020570 secs] [Times: user=0.01 sys=0.00, real=0.00 secs] 
39.427: Total time for which application threads were stopped: 0.0038650 seconds, Stopping threads took: 0.0017460 seconds
39.471: Application time: 0.0445380 seconds
39.473: [GC39.473: [ParNew: 55870K->6207K(55872K), 0.0019660 secs] 146609K->97260K(182144K), 0.0020070 secs] [Times: user=0.02 sys=0.00, real=0.01 secs] 
39.475: Total time for which application threads were stopped: 0.0038450 seconds, Stopping threads took: 0.0017680 seconds
39.518: Application time: 0.0433300 seconds
39.521: [GC39.521: [ParNew: 55871K->6206K(55872K), 0.0023710 secs] 146924K->98478K(182144K), 0.0024140 secs] [Times: user=0.02 sys=0.00, real=0.01 secs] 
39.523: Total time for which application threads were stopped: 0.0044820 seconds, Stopping threads took: 0.0019790 seconds
39.570: Application time: 0.0472040 seconds
39.571: [GC39.571: [ParNew: 55870K->4446K(55872K), 0.0014610 secs] 148142K->96717K(182144K), 0.0014960 secs] [Times: user=0.01 sys=0.00, real=0.00 secs] 
39.572: Total time for which application threads were stopped: 0.0020560 seconds, Stopping threads took: 0.0005000 seconds
39.618: Application time: 0.0462280 seconds
39.619: [GC39.619: [ParNew: 54110K->4446K(55872K), 0.0014850 secs] 146381K->96717K(182144K), 0.0015180 secs] [Times: user=0.01 sys=0.00, real=0.00 secs] 
39.621: Total time for which application threads were stopped: 0.0020150 seconds, Stopping threads took: 0.0004380 seconds
39.667: Application time: 0.0461260 seconds
39.669: [GC39.669: [ParNew: 54110K->4625K(55872K), 0.0014100 secs] 146381K->96897K(182144K), 0.0014520 secs] [Times: user=0.01 sys=0.00, real=0.00 secs] 
39.670: Total time for which application threads were stopped: 0.0037980 seconds, Stopping threads took: 0.0022830 seconds
39.718: Application time: 0.0478350 seconds
39.721: [GC39.721: [ParNew: 54289K->4656K(55872K), 0.0015630 secs] 146561K->96927K(182144K), 0.0016040 secs] [Times: user=0.01 sys=0.00, real=0.01 secs] 
39.722: Total time for which application threads were stopped: 0.0041150 seconds, Stopping threads took: 0.0024470 seconds
39.772: Application time: 0.0491470 seconds
39.775: [GC39.775: [ParNew: 54320K->6206K(55872K), 0.0021230 secs] 146591K->98892K(182144K), 0.0021680 secs] [Times: user=0.02 sys=0.00, real=0.00 secs] 
39.777: Total time for which application threads were stopped: 0.0051820 seconds, Stopping threads took: 0.0029440 seconds
39.825: Application time: 0.0485890 seconds
39.828: [GC39.828: [ParNew: 55870K->6207K(55872K), 0.0020260 secs] 148556K->99271K(182144K), 0.0020740 secs] [Times: user=0.01 sys=0.00, real=0.00 secs] 
39.830: Total time for which application threads were stopped: 0.0043780 seconds, Stopping threads took: 0.0022140 seconds
39.878: Application time: 0.0479180 seconds
39.881: [GC39.881: [ParNew: 55871K->6206K(55872K), 0.0021090 secs] 148935K->99444K(182144K), 0.0021540 secs] [Times: user=0.02 sys=0.00, real=0.01 secs] 
39.883: Total time for which application threads were stopped: 0.0051850 seconds, Stopping threads took: 0.0029640 seconds
39.929: Application time: 0.0459540 seconds
39.932: [GC39.932: [ParNew: 55870K->6206K(55872K), 0.0023220 secs] 149108K->100550K(182144K), 0.0023680 secs] [Times: user=0.02 sys=0.00, real=0.01 secs] 
39.934: Total time for which application threads were stopped: 0.0053660 seconds, Stopping threads took: 0.0029310 seconds
39.981: Application time: 0.0469960 seconds
39.984: [GC39.984: [ParNew: 55870K->6207K(55872K), 0.0022760 secs] 150214K->101566K(182144K), 0.0023210 secs] [Times: user=0.02 sys=0.00, real=0.00 secs] 
39.987: Total time for which application threads were stopped: 0.0055650 seconds, Stopping threads took: 0.0031730 seconds
40.034: Application time: 0.0471550 seconds
40.036: [GC40.036: [ParNew: 55871K->6206K(55872K), 0.0022240 secs] 151230K->102364K(182144K), 0.0022790 secs] [Times: user=0.02 sys=0.00, real=0.00 secs] 
40.038: Total time for which application threads were stopped: 0.0041200 seconds, Stopping threads took: 0.0017600 seconds
40.084: Application time: 0.0457960 seconds
40.087: [GC40.087: [ParNew: 55870K->6206K(55872K), 0.0024430 secs] 152028K->103998K(182144K), 0.0024950 secs] [Times: user=0.02 sys=0.00, real=0.00 secs] 
40.089: Total time for which application threads were stopped: 0.0056580 seconds, Stopping threads took: 0.0030820 seconds
40.139: Application time: 0.0491180 seconds
40.141: [GC40.141: [ParNew: 55870K->6206K(55872K), 0.0021330 secs] 153662K->104555K(182144K), 0.0021790 secs] [Times: user=0.02 sys=0.00, real=0.01 secs] 
40.143: Total time for which application threads were stopped: 0.0043700 seconds, Stopping threads took: 0.0021240 seconds
40.190: Application time: 0.0475650 seconds
40.193: [GC40.193: [ParNew: 55870K->6145K(55872K), 0.0018710 secs] 154219K->104494K(182144K), 0.0019160 secs] [Times: user=0.01 sys=0.00, real=0.01 secs] 
40.195: Total time for which application threads were stopped: 0.0041580 seconds, Stopping threads took: 0.0021770 seconds
40.243: Application time: 0.0479010 seconds
40.244: [GC40.244: [ParNew: 55809K->5973K(55872K), 0.0020920 secs] 154158K->104322K(182144K), 0.0021380 secs] [Times: user=0.01 sys=0.00, real=0.00 secs] 
40.246: Total time for which application threads were stopped: 0.0033050 seconds, Stopping threads took: 0.0011010 seconds
40.293: Application time: 0.0469760 seconds
40.295: [GC40.295: [ParNew: 55637K->6207K(55872K), 0.0021470 secs] 153986K->104875K(182144K), 0.0021910 secs] [Times: user=0.01 sys=0.00, real=0.00 secs] 
40.297: Total time for which application threads were stopped: 0.0038990 seconds, Stopping threads took: 0.0016410 seconds
40.347: Application time: 0.0498630 seconds
40.350: [GC40.350: [ParNew: 55871K->5071K(55872K), 0.0018430 secs] 154539K->103738K(182144K), 0.0018810 secs] [Times: user=0.01 sys=0.00, real=0.00 secs] 
40.352: Total time for which application threads were stopped: 0.0052340 seconds, Stopping threads took: 0.0032670 seconds
40.399: Application time: 0.0469290 seconds
40.400: [GC40.400: [ParNew: 54735K->6207K(55872K), 0.0021600 secs] 153402K->105231K(182144K), 0.0022060 secs] [Times: user=0.01 sys=0.00, real=0.01 secs] 
40.403: Total time for which application threads were stopped: 0.0039130 seconds, Stopping threads took: 0.0016370 seconds
40.448: Application time: 0.0456560 seconds
40.451: [GC40.451: [ParNew: 55871K->6207K(55872K), 0.0020790 secs] 154895K->105634K(182144K), 0.0021220 secs] [Times: user=0.02 sys=0.00, real=0.00 secs] 
40.453: Total time for which application threads were stopped: 0.0044080 seconds, Stopping threads took: 0.0021990 seconds
40.499: Application time: 0.0460240 seconds
40.501: [GC40.501: [ParNew: 55871K->6207K(55872K), 0.0023540 secs] 155298K->106833K(182144K), 0.0023990 secs] [Times: user=0.02 sys=0.00, real=0.01 secs] 
40.503: Total time for which application threads were stopped: 0.0044890 seconds, Stopping threads took: 0.0020140 seconds
40.551: Application time: 0.0475970 seconds
40.553: [GC40.553: [ParNew: 55871K->6207K(55872K), 0.0023940 secs] 156497K->107848K(182144K), 0.0024410 secs] [Times: user=0.00 sys=0.01, real=0.01 secs] 
40.555: Total time for which application threads were stopped: 0.0046320 seconds, Stopping threads took: 0.0021210 seconds
40.603: Application time: 0.0473850 seconds
40.606: [GC40.606: [ParNew: 55871K->6207K(55872K), 0.0020310 secs] 157512K->108178K(182144K), 0.0020770 secs] [Times: user=0.01 sys=0.00, real=0.00 secs] 
40.608: Total time for which application threads were stopped: 0.0048860 seconds, Stopping threads took: 0.0027430 seconds
40.655: Application time: 0.0477040 seconds
40.657: [GC40.657: [ParNew: 55871K->6096K(55872K), 0.0019330 secs] 157842K->108067K(182144K), 0.0019810 secs] [Times: user=0.01 sys=0.00, real=0.00 secs] 
40.659: Total time for which application threads were stopped: 0.0036240 seconds, Stopping threads took: 0.0015750 seconds
40.707: Application time: 0.0482250 seconds
40.709: [GC40.709: [ParNew: 55760K->6207K(55872K), 0.0022230 secs] 157731K->108550K(182144K), 0.0022740 secs] [Times: user=0.01 sys=0.00, real=0.00 secs] 
40.711: Total time for which application threads were stopped: 0.0035200 seconds, Stopping threads took: 0.0011590 seconds
40.758: Application time: 0.0467900 seconds
40.759: [GC40.759: [ParNew: 55871K->6207K(55872K), 0.0023110 secs] 158214K->109627K(182144K), 0.0023570 secs] [Times: user=0.02 sys=0.00, real=0.01 secs] 
40.761: Total time for which application threads were stopped: 0.0038360 seconds, Stopping threads took: 0.0014100 seconds
40.809: Application time: 0.0478770 seconds
40.812: [GC40.812: [ParNew: 55871K->6206K(55872K), 0.0021970 secs] 159291K->109750K(182144K), 0.0022400 secs] [Times: user=0.01 sys=0.00, real=0.01 secs] 
40.814: Total time for which application threads were stopped: 0.0048630 seconds, Stopping threads took: 0.0025470 seconds
40.860: Application time: 0.0453220 seconds
40.862: [GC40.862: [ParNew: 55870K->6207K(55872K), 0.0023420 secs] 159414K->110731K(182144K), 0.0023840 secs] [Times: user=0.02 sys=0.00, real=0.00 secs] 
40.865: Total time for which application threads were stopped: 0.0053210 seconds, Stopping threads took: 0.0028720 seconds
40.914: Application time: 0.0489190 seconds
40.915: [GC40.915: [ParNew: 55871K->5580K(55872K), 0.0018670 secs] 160395K->110129K(182144K), 0.0019070 secs] [Times: user=0.01 sys=0.00, real=0.00 secs] 
40.917: Total time for which application threads were stopped: 0.0033850 seconds, Stopping threads took: 0.0013900 seconds
 CMS: abort preclean due to time 40.919: [CMS-concurrent-abortable-preclean: 0.270/5.030 secs] [Times: user=38.64 sys=0.15, real=5.03 secs] 
40.919: Application time: 0.0017720 seconds
40.922: [GC[YG occupancy: 10528 K (55872 K)]40.922: [Rescan (parallel) , 0.0004550 secs]40.923: [weak refs processing, 0.0000070 secs]40.923: [scrub string table, 0.0001100 secs] [1 CMS-remark: 104548K(126272K)] 115077K(182144K), 0.0006040 secs] [Times: user=0.00 sys=0.00, real=0.00 secs] 
40.923: Total time for which application threads were stopped: 0.0037130 seconds, Stopping threads took: 0.0030760 seconds
40.923: [CMS-concurrent-sweep-start]
40.930: [CMS-concurrent-sweep: 0.007/0.007 secs] [Times: user=0.06 sys=0.00, real=0.00 secs] 
40.930: [CMS-concurrent-reset-start]
40.930: [CMS-concurrent-reset: 0.000/0.000 secs] [Times: user=0.00 sys=0.00, real=0.00 secs] 
40.968: Application time: 0.0451520 seconds
40.970: [GC40.970: [ParNew: 55244K->5867K(55872K), 0.0019560 secs] 109516K->60195K(182144K), 0.0019950 secs] [Times: user=0.02 sys=0.00, real=0.00 secs] 
40.972: Total time for which application threads were stopped: 0.0038400 seconds, Stopping threads took: 0.0017570 seconds
41.021: Application time: 0.0490860 seconds
41.022: [GC41.022: [ParNew: 55531K->6207K(55872K), 0.0025240 secs] 109859K->62256K(182144K), 0.0025700 secs] [Times: user=0.02 sys=0.00, real=0.00 secs] 
41.025: Total time for which application threads were stopped: 0.0041340 seconds, Stopping threads took: 0.0014870 seconds
41.025: Application time: 0.0000790 seconds
41.030: [GC [1 CMS-initial-mark: 56048K(126272K)] 62997K(182144K), 0.0002020 secs] [Times: user=0.00 sys=0.00, real=0.00 secs] 
41.030: Total time for which application threads were stopped: 0.0047480 seconds, Stopping threads took: 0.0045250 seconds
41.030: [CMS-concurrent-mark-start]
41.035: [CMS-concurrent-mark: 0.005/0.005 secs] [Times: user=0.03 sys=0.00, real=0.01 secs] 
41.035: [CMS-concurrent-preclean-start]
41.035: [CMS-concurrent-preclean: 0.000/0.000 secs] [Times: user=0.00 sys=0.00, real=0.00 secs] 
41.035: [CMS-concurrent-abortable-preclean-start]
41.076: Application time: 0.0464060 seconds
41.078: [GC41.078: [ParNew: 55871K->6206K(55872K), 0.0024800 secs] 111920K->63791K(182144K), 0.0025270 secs] [Times: user=0.01 sys=0.00, real=0.00 secs] 
41.081: Total time for which application threads were stopped: 0.0046360 seconds, Stopping threads took: 0.0020420 seconds
41.129: Application time: 0.0483480 seconds
41.132: [GC41.132: [ParNew: 55870K->4650K(55872K), 0.0015720 secs] 113455K->62287K(182144K), 0.0016220 secs] [Times: user=0.01 sys=0.00, real=0.01 secs] 
41.134: Total time for which application threads were stopped: 0.0046690 seconds, Stopping threads took: 0.0029730 seconds
41.183: Application time: 0.0496250 seconds
41.185: [GC41.185: [ParNew: 54314K->6206K(55872K), 0.0021450 secs] 111951K->64526K(182144K), 0.0021880 secs] [Times: user=0.01 sys=0.00, real=0.00 secs] 
41.187: Total time for which application threads were stopped: 0.0040640 seconds, Stopping threads took: 0.0018120 seconds
41.235: Application time: 0.0475440 seconds
41.237: [GC41.237: [ParNew: 55870K->6207K(55872K), 0.0025410 secs] 114190K->66128K(182144K), 0.0025920 secs] [Times: user=0.02 sys=0.00, real=0.00 secs] 
41.240: Total time for which application threads were stopped: 0.0047660 seconds, Stopping threads took: 0.0021040 seconds
41.290: Application time: 0.0502250 seconds
41.293: [GC41.293: [ParNew: 55871K->5530K(55872K), 0.0016770 secs] 115792K->65450K(182144K), 0.0017230 secs] [Times: user=0.01 sys=0.00, real=0.01 secs] 
41.294: Total time for which application threads were stopped: 0.0042580 seconds, Stopping threads took: 0.0024700 seconds
41.341: Application time: 0.0466180 seconds
41.343: [GC41.343: [ParNew: 55194K->6206K(55872K), 0.0019430 secs] 115114K->66139K(182144K), 0.0019870 secs] [Times: user=0.02 sys=0.00, real=0.00 secs] 
41.345: Total time for which application threads were stopped: 0.0039720 seconds, Stopping threads took: 0.0019190 seconds
41.394: Application time: 0.0495590 seconds
41.396: [GC41.396: [ParNew: 55870K->6101K(55872K), 0.0018490 secs] 115803K->66033K(182144K), 0.0018920 secs] [Times: user=0.01 sys=0.01, real=0.00 secs] 
41.398: Total time for which application threads were stopped: 0.0037130 seconds, Stopping threads took: 0.0017540 seconds
41.446: Application time: 0.0481680 seconds
41.449: [GC41.449: [ParNew: 55765K->6207K(55872K), 0.0021650 secs] 115697K->66901K(182144K), 0.0022100 secs] [Times: user=0.01 sys=0.00, real=0.00 secs] 
41.452: Total time for which application threads were stopped: 0.0052990 seconds, Stopping threads took: 0.0030230 seconds
41.499: Application time: 0.0471950 seconds
41.501: [GC41.501: [ParNew: 55871K->6206K(55872K), 0.0024070 secs] 116565K->68374K(182144K), 0.0024520 secs] [Times: user=0.02 sys=0.00, real=0.01 secs] 
41.504: Total time for which application threads were stopped: 0.0046880 seconds, Stopping threads took: 0.0021670 seconds
41.552: Application time: 0.0484630 seconds
41.555: [GC41.555: [ParNew: 55870K->5746K(55872K), 0.0018700 secs] 118038K->67996K(182144K), 0.0019140 secs] [Times: user=0.01 sys=0.00, real=0.00 secs] 
41.556: Total time for which application threads were stopped: 0.0044450 seconds, Stopping threads took: 0.0024570 seconds
41.606: Application time: 0.0492100 seconds
41.606: [GC41.606: [ParNew: 55410K->5410K(55872K), 0.0017760 secs] 117660K->67687K(182144K), 0.0018180 secs] [Times: user=0.01 sys=0.00, real=0.00 secs] 
41.608: Total time for which application threads were stopped: 0.0025840 seconds, Stopping threads took: 0.0007010 seconds
41.656: Application time: 0.0476020 seconds
41.658: [GC41.658: [ParNew: 55074K->6206K(55872K), 0.0024310 secs] 117351K->70043K(182144K), 0.0024750 secs] [Times: user=0.02 sys=0.00, real=0.00 secs] 
41.661: Total time for which application threads were stopped: 0.0049560 seconds, Stopping threads took: 0.0024110 seconds
41.709: Application time: 0.0480490 seconds
41.711: [GC41.711: [ParNew: 55870K->6207K(55872K), 0.0023270 secs] 119707K->71380K(182144K), 0.0023690 secs] [Times: user=0.02 sys=0.00, real=0.01 secs] 
41.714: Total time for which application threads were stopped: 0.0047790 seconds, Stopping threads took: 0.0023450 seconds
41.761: Application time: 0.0477030 seconds
41.765: [GC41.765: [ParNew: 55871K->5906K(55872K), 0.0018020 secs] 121044K->71079K(182144K), 0.0018460 secs] [Times: user=0.01 sys=0.00, real=0.00 secs] 
41.766: Total time for which application threads were stopped: 0.0050840 seconds, Stopping threads took: 0.0031740 seconds
41.814: Application time: 0.0479050 seconds
41.816: [GC41.816: [ParNew: 55570K->6104K(55872K), 0.0018030 secs] 120743K->71277K(182144K), 0.0018540 secs] [Times: user=0.01 sys=0.00, real=0.00 secs] 
41.818: Total time for which application threads were stopped: 0.0033540 seconds, Stopping threads took: 0.0014350 seconds
41.864: Application time: 0.0463550 seconds
41.865: [GC41.865: [ParNew: 55768K->6206K(55872K), 0.0022610 secs] 120941K->72639K(182144K), 0.0023040 secs] [Times: user=0.02 sys=0.00, real=0.00 secs] 
41.868: Total time for which application threads were stopped: 0.0035780 seconds, Stopping threads took: 0.0012080 seconds
41.916: Application time: 0.0487180 seconds
41.918: [GC41.918: [ParNew: 55870K->6207K(55872K), 0.0022060 secs] 122303K->72963K(182144K), 0.0022500 secs] [Times: user=0.01 sys=0.00, real=0.00 secs] 
41.921: Total time for which application threads were stopped: 0.0042370 seconds, Stopping threads took: 0.0019190 seconds
41.969: Application time: 0.0488530 seconds
41.972: [GC41.972: [ParNew: 55871K->6206K(55872K), 0.0020690 secs] 122627K->73344K(182144K), 0.0021130 secs] [Times: user=0.01 sys=0.00, real=0.01 secs] 
41.974: Total time for which application threads were stopped: 0.0043070 seconds, Stopping threads took: 0.0021300 seconds
42.022: Application time: 0.0485980 seconds
42.026: [GC42.026: [ParNew: 55870K->5483K(55872K), 0.0109520 secs] 123008K->72649K(182144K), 0.0109910 secs] [Times: user=0.08 sys=0.00, real=0.01 secs] 
42.037: Total time for which application threads were stopped: 0.0141740 seconds, Stopping threads took: 0.0031210 seconds
42.081: Application time: 0.0448850 seconds
42.084: [GC42.084: [ParNew: 55147K->6207K(55872K), 0.0025120 secs] 122313K->74543K(182144K), 0.0025580 secs] [Times: user=0.02 sys=0.00, real=0.00 secs] 
42.087: Total time for which application threads were stopped: 0.0051960 seconds, Stopping threads took: 0.0025440 seconds
42.135: Application time: 0.0485070 seconds
42.138: [GC42.138: [ParNew: 55871K->6206K(55872K), 0.0022910 secs] 124207K->75103K(182144K), 0.0023340 secs] [Times: user=0.01 sys=0.00, real=0.00 secs] 
42.141: Total time for which application threads were stopped: 0.0055100 seconds, Stopping threads took: 0.0031090 seconds
42.187: Application time: 0.0467990 seconds
42.189: [GC42.189: [ParNew: 55870K->6206K(55872K), 0.0020350 secs] 124767K->75250K(182144K), 0.0020780 secs] [Times: user=0.02 sys=0.00, real=0.00 secs] 
42.191: Total time for which application threads were stopped: 0.0037260 seconds, Stopping threads took: 0.0015830 seconds
42.238: Application time: 0.0470740 seconds
42.241: [GC42.241: [ParNew: 55870K->5702K(55872K), 0.0018010 secs] 124914K->74832K(182144K), 0.0018470 secs] [Times: user=0.02 sys=0.00, real=0.01 secs] 
42.243: Total time for which application threads were stopped: 0.0045230 seconds, Stopping threads took: 0.0026000 seconds
42.290: Application time: 0.0467650 seconds
42.291: [GC42.291: [ParNew: 55366K->6207K(55872K), 0.0020820 secs] 124496K->75774K(182144K), 0.0021250 secs] [Times: user=0.02 sys=0.00, real=0.01 secs] 
42.293: Total time for which application threads were stopped: 0.0038640 seconds, Stopping threads took: 0.0016630 seconds
42.341: Application time: 0.0471520 seconds
42.343: [GC42.343: [ParNew: 55871K->6207K(55872K), 0.0020150 secs] 125438K->76099K(182144K), 0.0020570 secs] [Times: user=0.02 sys=0.00, real=0.00 secs] 
42.345: Total time for which application threads were stopped: 0.0045680 seconds, Stopping threads took: 0.0024500 seconds
42.393: Application time: 0.0475120 seconds
42.395: [GC42.395: [ParNew: 55871K->6207K(55872K), 0.0022190 secs] 125763K->76960K(182144K), 0.0022650 secs] [Times: user=0.01 sys=0.00, real=0.00 secs] 
42.397: Total time for which application threads were stopped: 0.0041520 seconds, Stopping threads took: 0.0018220 seconds
42.446: Application time: 0.0495760 seconds
42.447: [GC42.447: [ParNew: 55871K->6024K(55872K), 0.0019380 secs] 126624K->76776K(182144K), 0.0019800 secs] [Times: user=0.01 sys=0.00, real=0.00 secs] 
42.449: Total time for which application threads were stopped: 0.0030400 seconds, Stopping threads took: 0.0009750 seconds
42.496: Application time: 0.0466830 seconds
42.498: [GC42.498: [ParNew: 55688K->5503K(55872K), 0.0018840 secs] 126440K->76255K(182144K), 0.0019240 secs] [Times: user=0.01 sys=0.00, real=0.00 secs] 
42.500: Total time for which application threads were stopped: 0.0039380 seconds, Stopping threads took: 0.0019500 seconds
42.550: Application time: 0.0497700 seconds
42.552: [GC42.552: [ParNew: 55167K->4565K(55872K), 0.0013710 secs] 125919K->75317K(182144K), 0.0014110 secs] [Times: user=0.01 sys=0.00, real=0.00 secs] 
42.553: Total time for which application threads were stopped: 0.0032260 seconds, Stopping threads took: 0.0017530 seconds
42.602: Application time: 0.0489480 seconds
42.603: [GC42.603: [ParNew: 54229K->5978K(55872K), 0.0018570 secs] 124981K->76787K(182144K), 0.0018990 secs] [Times: user=0.02 sys=0.00, real=0.00 secs] 
42.605: Total time for which application threads were stopped: 0.0026780 seconds, Stopping threads took: 0.0007070 seconds
42.654: Application time: 0.0492670 seconds
42.657: [GC42.657: [ParNew: 55642K->6207K(55872K), 0.0022020 secs] 126451K->77965K(182144K), 0.0022420 secs] [Times: user=0.02 sys=0.00, real=0.00 secs] 
42.659: Total time for which application threads were stopped: 0.0051430 seconds, Stopping threads took: 0.0028360 seconds
42.706: Application time: 0.0470850 seconds
42.708: [GC42.708: [ParNew: 55871K->6206K(55872K), 0.0023510 secs] 127629K->79220K(182144K), 0.0023950 secs] [Times: user=0.02 sys=0.00, real=0.00 secs] 
42.710: Total time for which application threads were stopped: 0.0040960 seconds, Stopping threads took: 0.0016340 seconds
42.757: Application time: 0.0468800 seconds
42.759: [GC42.759: [ParNew: 55870K->6207K(55872K), 0.0021590 secs] 128884K->79935K(182144K), 0.0022030 secs] [Times: user=0.02 sys=0.00, real=0.00 secs] 
42.761: Total time for which application threads were stopped: 0.0040330 seconds, Stopping threads took: 0.0017640 seconds
42.810: Application time: 0.0483440 seconds
42.811: [GC42.811: [ParNew: 55871K->6032K(55872K), 0.0020580 secs] 129599K->79788K(182144K), 0.0020990 secs] [Times: user=0.01 sys=0.00, real=0.00 secs] 
42.813: Total time for which application threads were stopped: 0.0035970 seconds, Stopping threads took: 0.0014140 seconds
42.861: Application time: 0.0480180 seconds
42.863: [GC42.863: [ParNew: 55696K->6207K(55872K), 0.0021690 secs] 129452K->80743K(182144K), 0.0022130 secs] [Times: user=0.02 sys=0.00, real=0.00 secs] 
42.865: Total time for which application threads were stopped: 0.0042740 seconds, Stopping threads took: 0.0019730 seconds
42.915: Application time: 0.0499640 seconds
42.918: [GC42.918: [ParNew: 55871K->6026K(55872K), 0.0019790 secs] 130407K->80562K(182144K), 0.0020200 secs] [Times: user=0.02 sys=0.00, real=0.00 secs] 
42.920: Total time for which application threads were stopped: 0.0049630 seconds, Stopping threads took: 0.0028540 seconds
42.968: Application time: 0.0474070 seconds
42.970: [GC42.970: [ParNew: 55690K->6207K(55872K), 0.0025230 secs] 130226K->82427K(182144K), 0.0025630 secs] [Times: user=0.02 sys=0.00, real=0.00 secs] 
42.972: Total time for which application threads were stopped: 0.0046300 seconds, Stopping threads took: 0.0020010 seconds
43.023: Application time: 0.0504190 seconds
43.023: [GC43.023: [ParNew: 55871K->6206K(55872K), 0.0019890 secs] 132091K->82481K(182144K), 0.0020300 secs] [Times: user=0.02 sys=0.00, real=0.00 secs] 
43.025: Total time for which application threads were stopped: 0.0025230 seconds, Stopping threads took: 0.0004270 seconds
43.074: Application time: 0.0490200 seconds
43.078: [GC43.078: [ParNew: 55870K->6206K(55872K), 0.0020640 secs] 132145K->83014K(182144K), 0.0021050 secs] [Times: user=0.02 sys=0.00, real=0.00 secs] 
43.080: Total time for which application threads were stopped: 0.0053460 seconds, Stopping threads took: 0.0031750 seconds
43.129: Application time: 0.0492340 seconds
43.130: [GC43.130: [ParNew: 55870K->4861K(55872K), 0.0016490 secs] 132678K->81697K(182144K), 0.0016880 secs] [Times: user=0.02 sys=0.00, real=0.00 secs] 
43.132: Total time for which application threads were stopped: 0.0026100 seconds, Stopping threads took: 0.0008480 seconds
43.179: Application time: 0.0473800 seconds
43.181: [GC43.181: [ParNew: 54525K->6206K(55872K), 0.0022740 secs] 131361K->83306K(182144K), 0.0023220 secs] [Times: user=0.01 sys=0.00, real=0.01 secs] 
43.183: Total time for which application threads were stopped: 0.0045070 seconds, Stopping threads took: 0.0021160 seconds
43.231: Application time: 0.0473750 seconds
43.233: [GC43.233: [ParNew: 55870K->6207K(55872K), 0.0022960 secs] 132970K->84016K(182144K), 0.0023440 secs] [Times: user=0.02 sys=0.00, real=0.01 secs] 
43.235: Total time for which application threads were stopped: 0.0044680 seconds, Stopping threads took: 0.0020550 seconds
43.283: Application time: 0.0479740 seconds
43.285: [GC43.285: [ParNew: 55871K->6206K(55872K), 0.0023310 secs] 133680K->85002K(182144K), 0.0023760 secs] [Times: user=0.02 sys=0.00, real=0.00 secs] 
43.288: Total time for which application threads were stopped: 0.0044550 seconds, Stopping threads took: 0.0020110 seconds
43.336: Application time: 0.0487460 seconds
43.339: [GC43.339: [ParNew: 55870K->6206K(55872K), 0.0023430 secs] 134666K->85867K(182144K), 0.0023860 secs] [Times: user=0.01 sys=0.01, real=0.01 secs] 
43.342: Total time for which application threads were stopped: 0.0053720 seconds, Stopping threads took: 0.0028980 seconds
43.392: Application time: 0.0503380 seconds
43.393: [GC43.393: [ParNew: 55870K->3628K(55872K), 0.0013090 secs] 135531K->83288K(182144K), 0.0013450 secs] [Times: user=0.01 sys=0.00, real=0.01 secs] 
43.394: Total time for which application threads were stopped: 0.0017950 seconds, Stopping threads took: 0.0003890 seconds
43.443: Application time: 0.0487380 seconds
43.445: [GC43.445: [ParNew: 53292K->5296K(55872K), 0.0017040 secs] 132952K->84956K(182144K), 0.0017480 secs] [Times: user=0.02 sys=0.00, real=0.00 secs] 
43.447: Total time for which application threads were stopped: 0.0039810 seconds, Stopping threads took: 0.0021670 seconds
43.497: Application time: 0.0500510 seconds
43.500: [GC43.500: [ParNew: 54960K->6178K(55872K), 0.0019960 secs] 134620K->85838K(182144K), 0.0020330 secs] [Times: user=0.01 sys=0.00, real=0.01 secs] 
43.502: Total time for which application threads were stopped: 0.0051820 seconds, Stopping threads took: 0.0030860 seconds
43.552: Application time: 0.0505160 seconds
43.555: [GC43.555: [ParNew: 55842K->5112K(55872K), 0.0015990 secs] 135502K->84772K(182144K), 0.0016400 secs] [Times: user=0.01 sys=0.00, real=0.00 secs] 
43.557: Total time for which application threads were stopped: 0.0041900 seconds, Stopping threads took: 0.0024870 seconds
43.607: Application time: 0.0500470 seconds
43.609: [GC43.609: [ParNew: 54776K->6206K(55872K), 0.0022040 secs] 134436K->86701K(182144K), 0.0022520 secs] [Times: user=0.02 sys=0.00, real=0.00 secs] 
43.611: Total time for which application threads were stopped: 0.0042660 seconds, Stopping threads took: 0.0019450 seconds
43.659: Application time: 0.0483030 seconds
43.662: [GC43.662: [ParNew: 55870K->5978K(55872K), 0.0017900 secs] 136365K->86473K(182144K), 0.0018390 secs] [Times: user=0.02 sys=0.00, real=0.00 secs] 
43.664: Total time for which application threads were stopped: 0.0044990 seconds, Stopping threads took: 0.0025810 seconds
43.710: Application time: 0.0461870 seconds
43.712: [GC43.712: [ParNew: 55642K->6206K(55872K), 0.0020800 secs] 136137K->87035K(182144K), 0.0021230 secs] [Times: user=0.02 sys=0.00, real=0.01 secs] 
43.715: Total time for which application threads were stopped: 0.0045300 seconds, Stopping threads took: 0.0023200 seconds
43.758: Application time: 0.0439630 seconds
43.761: [GC43.761: [ParNew: 55870K->6207K(55872K), 0.0021110 secs] 136699K->87628K(182144K), 0.0021590 secs] [Times: user=0.02 sys=0.00, real=0.01 secs] 
43.763: Total time for which application threads were stopped: 0.0042320 seconds, Stopping threads took: 0.0019870 seconds
43.805: Application time: 0.0427120 seconds
43.808: [GC43.808: [ParNew: 55871K->6207K(55872K), 0.0023940 secs] 137292K->88993K(182144K), 0.0024430 secs] [Times: user=0.02 sys=0.00, real=0.00 secs] 
43.810: Total time for which application threads were stopped: 0.0046940 seconds, Stopping threads took: 0.0021880 seconds
43.856: Application time: 0.0460560 seconds
43.858: [GC43.858: [ParNew: 55871K->6207K(55872K), 0.0023020 secs] 138657K->90179K(182144K), 0.0023440 secs] [Times: user=0.01 sys=0.00, real=0.00 secs] 
43.861: Total time for which application threads were stopped: 0.0046790 seconds, Stopping threads took: 0.0022670 seconds
43.906: Application time: 0.0446880 seconds
43.908: [GC43.908: [ParNew: 55871K->6206K(55872K), 0.0022580 secs] 139843K->91227K(182144K), 0.0023020 secs] [Times: user=0.00 sys=0.01, real=0.00 secs] 
43.910: Total time for which application threads were stopped: 0.0043470 seconds, Stopping threads took: 0.0019560 seconds
43.956: Application time: 0.0457650 seconds
43.958: [GC43.958: [ParNew: 55870K->5851K(55872K), 0.0018430 secs] 140891K->90872K(182144K), 0.0018830 secs] [Times: user=0.02 sys=0.00, real=0.00 secs] 
43.960: Total time for which application threads were stopped: 0.0042800 seconds, Stopping threads took: 0.0023310 seconds
44.004: Application time: 0.0441020 seconds
44.006: [GC44.006: [ParNew: 55515K->6207K(55872K), 0.0021210 secs] 140536K->91931K(182144K), 0.0021580 secs] [Times: user=0.01 sys=0.01, real=0.00 secs] 
44.008: Total time for which application threads were stopped: 0.0040780 seconds, Stopping threads took: 0.0018340 seconds
44.052: Application time: 0.0436310 seconds
44.053: [GC44.053: [ParNew: 55871K->6206K(55872K), 0.0021010 secs] 141595K->91977K(182144K), 0.0021420 secs] [Times: user=0.02 sys=0.00, real=0.01 secs] 
44.055: Total time for which application threads were stopped: 0.0034580 seconds, Stopping threads took: 0.0012530 seconds
44.101: Application time: 0.0453400 seconds
44.104: [GC44.104: [ParNew: 55870K->6206K(55872K), 0.0020620 secs] 141641K->92109K(182144K), 0.0021090 secs] [Times: user=0.01 sys=0.00, real=0.00 secs] 
44.106: Total time for which application threads were stopped: 0.0050990 seconds, Stopping threads took: 0.0029260 seconds
44.151: Application time: 0.0455580 seconds
44.153: [GC44.153: [ParNew: 55870K->6207K(55872K), 0.0020980 secs] 141773K->92204K(182144K), 0.0021400 secs] [Times: user=0.01 sys=0.00, real=0.01 secs] 
44.155: Total time for which application threads were stopped: 0.0042420 seconds, Stopping threads took: 0.0020380 seconds
44.199: Application time: 0.0438770 seconds
44.201: [GC44.201: [ParNew: 55871K->6207K(55872K), 0.0022060 secs] 141868K->93196K(182144K), 0.0022530 secs] [Times: user=0.01 sys=0.00, real=0.01 secs] 
44.204: Total time for which application threads were stopped: 0.0041800 seconds, Stopping threads took: 0.0018560 seconds
44.247: Application time: 0.0437220 seconds
44.249: [GC44.249: [ParNew: 55871K->6207K(55872K), 0.0020180 secs] 142860K->93573K(182144K), 0.0020610 secs] [Times: user=0.01 sys=0.00, real=0.00 secs] 
44.251: Total time for which application threads were stopped: 0.0042280 seconds, Stopping threads took: 0.0020990 seconds
44.297: Application time: 0.0453350 seconds
44.299: [GC44.299: [ParNew: 55871K->6207K(55872K), 0.0020840 secs] 143237K->93920K(182144K), 0.0021280 secs] [Times: user=0.02 sys=0.00, real=0.00 secs] 
44.301: Total time for which application threads were stopped: 0.0039990 seconds, Stopping threads took: 0.0018080 seconds
44.346: Application time: 0.0450260 seconds
44.347: [GC44.347: [ParNew: 55871K->6206K(55872K), 0.0020820 secs] 143584K->94143K(182144K), 0.0021240 secs] [Times: user=0.02 sys=0.00, real=0.00 secs] 
44.349: Total time for which application threads were stopped: 0.0034350 seconds, Stopping threads took: 0.0012510 seconds
44.395: Application time: 0.0454760 seconds
44.397: [GC44.397: [ParNew: 55870K->6206K(55872K), 0.0020320 secs] 143807K->94462K(182144K), 0.0020740 secs] [Times: user=0.01 sys=0.00, real=0.00 secs] 
44.399: Total time for which application threads were stopped: 0.0041760 seconds, Stopping threads took: 0.0020450 seconds
44.444: Application time: 0.0454680 seconds
44.446: [GC44.446: [ParNew: 55870K->6062K(55872K), 0.0020490 secs] 144126K->94317K(182144K), 0.0020970 secs] [Times: user=0.01 sys=0.00, real=0.00 secs] 
44.448: Total time for which application threads were stopped: 0.0039050 seconds, Stopping threads took: 0.0017420 seconds
44.495: Application time: 0.0470420 seconds
44.496: [GC44.496: [ParNew: 55726K->4689K(55872K), 0.0017880 secs] 143981K->92945K(182144K), 0.0018260 secs] [Times: user=0.01 sys=0.00, real=0.00 secs] 
44.498: Total time for which application threads were stopped: 0.0029480 seconds, Stopping threads took: 0.0010670 seconds
44.544: Application time: 0.0461680 seconds
44.546: [GC44.546: [ParNew: 54353K->6206K(55872K), 0.0020260 secs] 142609K->94682K(182144K), 0.0020680 secs] [Times: user=0.02 sys=0.00, real=0.00 secs] 
44.548: Total time for which application threads were stopped: 0.0039300 seconds, Stopping threads took: 0.0017960 seconds
44.594: Application time: 0.0453230 seconds
44.596: [GC44.596: [ParNew: 55870K->6207K(55872K), 0.0023490 secs] 144346K->95853K(182144K), 0.0023970 secs] [Times: user=0.01 sys=0.00, real=0.00 secs] 
44.598: Total time for which application threads were stopped: 0.0043390 seconds, Stopping threads took: 0.0018740 seconds
44.642: Application time: 0.0442200 seconds
44.644: [GC44.644: [ParNew: 55871K->5950K(55872K), 0.0018930 secs] 145517K->95596K(182144K), 0.0019320 secs] [Times: user=0.01 sys=0.00, real=0.00 secs] 
44.646: Total time for which application threads were stopped: 0.0037810 seconds, Stopping threads took: 0.0017850 seconds
44.694: Application time: 0.0475570 seconds
44.696: [GC44.696: [ParNew: 55614K->4955K(55872K), 0.0016100 secs] 145260K->94600K(182144K), 0.0016440 secs] [Times: user=0.01 sys=0.00, real=0.00 secs] 
44.697: Total time for which application threads were stopped: 0.0035260 seconds, Stopping threads took: 0.0018220 seconds
44.743: Application time: 0.0460720 seconds
44.744: [GC44.744: [ParNew: 54619K->5946K(55872K), 0.0019250 secs] 144264K->95648K(182144K), 0.0019650 secs] [Times: user=0.01 sys=0.00, real=0.00 secs] 
44.746: Total time for which application threads were stopped: 0.0027770 seconds, Stopping threads took: 0.0007420 seconds
44.791: Application time: 0.0445220 seconds
44.793: [GC44.793: [ParNew: 55610K->6206K(55872K), 0.0023380 secs] 145312K->97006K(182144K), 0.0023830 secs] [Times: user=0.02 sys=0.00, real=0.01 secs] 
44.795: Total time for which application threads were stopped: 0.0047060 seconds, Stopping threads took: 0.0022580 seconds
44.841: Application time: 0.0455440 seconds
44.844: [GC44.844: [ParNew: 55870K->6021K(55872K), 0.0019250 secs] 146670K->96878K(182144K), 0.0019670 secs] [Times: user=0.01 sys=0.00, real=0.00 secs] 
44.846: Total time for which application threads were stopped: 0.0047030 seconds, Stopping threads took: 0.0026720 seconds
44.890: Application time: 0.0448560 seconds
44.893: [GC44.893: [ParNew: 55685K->5941K(55872K), 0.0019960 secs] 146542K->96855K(182144K), 0.0020430 secs] [Times: user=0.02 sys=0.00, real=0.01 secs] 
44.895: Total time for which application threads were stopped: 0.0048550 seconds, Stopping threads took: 0.0027230 seconds
44.940: Application time: 0.0444590 seconds
44.941: [GC44.941: [ParNew: 55605K->6207K(55872K), 0.0023730 secs] 146519K->97855K(182144K), 0.0024180 secs] [Times: user=0.01 sys=0.00, real=0.01 secs] 
44.944: Total time for which application threads were stopped: 0.0038390 seconds, Stopping threads took: 0.0013550 seconds
44.988: Application time: 0.0446450 seconds
44.991: [GC44.991: [ParNew: 55871K->6207K(55872K), 0.0024530 secs] 147519K->99390K(182144K), 0.0024980 secs] [Times: user=0.02 sys=0.00, real=0.01 secs] 
44.994: Total time for which application threads were stopped: 0.0054390 seconds, Stopping threads took: 0.0028570 seconds
45.038: Application time: 0.0443900 seconds
45.040: [GC45.040: [ParNew: 55871K->6207K(55872K), 0.0024160 secs] 149054K->100849K(182144K), 0.0024610 secs] [Times: user=0.02 sys=0.00, real=0.01 secs] 
45.043: Total time for which application threads were stopped: 0.0046030 seconds, Stopping threads took: 0.0020690 seconds
45.089: Application time: 0.0459410 seconds
45.090: [GC45.090: [ParNew: 55871K->6206K(55872K), 0.0023800 secs] 150513K->102219K(182144K), 0.0024270 secs] [Times: user=0.02 sys=0.00, real=0.00 secs] 
45.093: Total time for which application threads were stopped: 0.0041630 seconds, Stopping threads took: 0.0016680 seconds
45.138: Application time: 0.0453750 seconds
45.140: [GC45.140: [ParNew: 55870K->6207K(55872K), 0.0020770 secs] 151883K->102617K(182144K), 0.0021190 secs] [Times: user=0.01 sys=0.00, real=0.01 secs] 
45.143: Total time for which application threads were stopped: 0.0044710 seconds, Stopping threads took: 0.0022890 seconds
45.187: Application time: 0.0447520 seconds
45.189: [GC45.189: [ParNew: 55871K->6207K(55872K), 0.0021860 secs] 152281K->103153K(182144K), 0.0022280 secs] [Times: user=0.02 sys=0.00, real=0.00 secs] 
45.191: Total time for which application threads were stopped: 0.0038850 seconds, Stopping threads took: 0.0015700 seconds
45.237: Application time: 0.0458500 seconds
45.239: [GC45.239: [ParNew: 55871K->5699K(55872K), 0.0020120 secs] 152817K->102702K(182144K), 0.0020460 secs] [Times: user=0.01 sys=0.00, real=0.00 secs] 
45.241: Total time for which application threads were stopped: 0.0037790 seconds, Stopping threads took: 0.0016520 seconds
45.286: Application time: 0.0447970 seconds
45.288: [GC45.288: [ParNew: 55363K->6206K(55872K), 0.0021710 secs] 152366K->104054K(182144K), 0.0022150 secs] [Times: user=0.01 sys=0.00, real=0.00 secs] 
45.290: Total time for which application threads were stopped: 0.0047010 seconds, Stopping threads took: 0.0024140 seconds
45.333: Application time: 0.0423590 seconds
45.335: [GC45.335: [ParNew: 55870K->6206K(55872K), 0.0021790 secs] 153718K->104962K(182144K), 0.0022230 secs] [Times: user=0.01 sys=0.00, real=0.00 secs] 
45.337: Total time for which application threads were stopped: 0.0041590 seconds, Stopping threads took: 0.0018710 seconds
45.384: Application time: 0.0472690 seconds
45.386: [GC45.386: [ParNew: 55870K->5956K(55872K), 0.0018380 secs] 154626K->104770K(182144K), 0.0018830 secs] [Times: user=0.01 sys=0.00, real=0.00 secs] 
45.388: Total time for which application threads were stopped: 0.0040880 seconds, Stopping threads took: 0.0021180 seconds
45.435: Application time: 0.0468580 seconds
45.436: [GC45.436: [ParNew: 55620K->4108K(55872K), 0.0014500 secs] 154434K->102978K(182144K), 0.0014850 secs] [Times: user=0.01 sys=0.00, real=0.00 secs] 
45.438: Total time for which application threads were stopped: 0.0026260 seconds, Stopping threads took: 0.0010840 seconds
45.489: Application time: 0.0514040 seconds
45.491: [GC45.491: [ParNew: 53772K->3081K(55872K), 0.0010640 secs] 152642K->101952K(182144K), 0.0010980 secs] [Times: user=0.01 sys=0.00, real=0.00 secs] 
45.492: Total time for which application threads were stopped: 0.0026130 seconds, Stopping threads took: 0.0014580 seconds
45.537: Application time: 0.0448750 seconds
45.538: [GC45.538: [ParNew: 52745K->4635K(55872K), 0.0015330 secs] 151616K->103506K(182144K), 0.0015710 secs] [Times: user=0.01 sys=0.00, real=0.00 secs] 
45.540: Total time for which application threads were stopped: 0.0029920 seconds, Stopping threads took: 0.0013620 seconds
45.584: Application time: 0.0445370 seconds
45.586: [GC45.586: [ParNew: 54299K->6088K(55872K), 0.0018920 secs] 153170K->104959K(182144K), 0.0019350 secs] [Times: user=0.02 sys=0.00, real=0.00 secs] 
45.587: Total time for which application threads were stopped: 0.0033010 seconds, Stopping threads took: 0.0013000 seconds
45.634: Application time: 0.0465760 seconds
45.636: [GC45.636: [ParNew: 55752K->6116K(55872K), 0.0018300 secs] 154623K->104987K(182144K), 0.0018730 secs] [Times: user=0.01 sys=0.00, real=0.00 secs] 
45.638: Total time for which application threads were stopped: 0.0040390 seconds, Stopping threads took: 0.0021010 seconds
45.683: Application time: 0.0445750 seconds
45.685: [GC45.685: [ParNew: 55780K->6206K(55872K), 0.0019420 secs] 154651K->105370K(182144K), 0.0019840 secs] [Times: user=0.01 sys=0.00, real=0.00 secs] 
45.687: Total time for which application threads were stopped: 0.0046000 seconds, Stopping threads took: 0.0025510 seconds
45.733: Application time: 0.0457220 seconds
45.735: [GC45.735: [ParNew: 55870K->6207K(55872K), 0.0022570 secs] 155034K->105659K(182144K), 0.0023010 secs] [Times: user=0.02 sys=0.00, real=0.00 secs] 
45.738: Total time for which application threads were stopped: 0.0047560 seconds, Stopping threads took: 0.0023700 seconds
45.782: Application time: 0.0447490 seconds
45.784: [GC45.784: [ParNew: 55871K->6207K(55872K), 0.0024140 secs] 155323K->107323K(182144K), 0.0024580 secs] [Times: user=0.02 sys=0.00, real=0.00 secs] 
45.787: Total time for which application threads were stopped: 0.0040220 seconds, Stopping threads took: 0.0014900 seconds
45.832: Application time: 0.0458670 seconds
45.833: [GC45.833: [ParNew: 55871K->4645K(55872K), 0.0016020 secs] 156987K->105817K(182144K), 0.0016400 secs] [Times: user=0.01 sys=0.00, real=0.01 secs] 
45.835: Total time for which application threads were stopped: 0.0026070 seconds, Stopping threads took: 0.0008980 seconds
45.879: Application time: 0.0443030 seconds
45.881: [GC45.881: [ParNew: 54309K->6207K(55872K), 0.0020880 secs] 155481K->107737K(182144K), 0.0021320 secs] [Times: user=0.01 sys=0.00, real=0.01 secs] 
45.883: Total time for which application threads were stopped: 0.0037720 seconds, Stopping threads took: 0.0015760 seconds
45.926: Application time: 0.0427740 seconds
45.928: [GC45.928: [ParNew: 55871K->6206K(55872K), 0.0023560 secs] 157401K->109066K(182144K), 0.0024000 secs] [Times: user=0.02 sys=0.00, real=0.00 secs] 
45.930: Total time for which application threads were stopped: 0.0044950 seconds, Stopping threads took: 0.0020090 seconds
45.975: Application time: 0.0445970 seconds
45.977: [GC45.977: [ParNew: 55870K->6207K(55872K), 0.0022890 secs] 158730K->110185K(182144K), 0.0023310 secs] [Times: user=0.02 sys=0.00, real=0.00 secs] 
45.980: Total time for which application threads were stopped: 0.0048210 seconds, Stopping threads took: 0.0024230 seconds
46.024: Application time: 0.0439630 seconds
46.026: [GC46.026: [ParNew: 55871K->6206K(55872K), 0.0021480 secs] 159849K->111113K(182144K), 0.0021890 secs] [Times: user=0.02 sys=0.00, real=0.00 secs] 
46.028: Total time for which application threads were stopped: 0.0047400 seconds, Stopping threads took: 0.0024870 seconds
46.074: Application time: 0.0452230 seconds
46.076: [GC46.076: [ParNew: 55870K->6206K(55872K), 0.0021240 secs] 160777K->111918K(182144K), 0.0021680 secs] [Times: user=0.02 sys=0.00, real=0.00 secs] 
46.078: Total time for which application threads were stopped: 0.0047910 seconds, Stopping threads took: 0.0025580 seconds
 CMS: abort preclean due to time 46.080: [CMS-concurrent-abortable-preclean: 0.264/5.045 secs] [Times: user=38.73 sys=0.18, real=5.04 secs] 
46.080: Application time: 0.0019160 seconds
46.083: [GC[YG occupancy: 11020 K (55872 K)]46.083: [Rescan (parallel) , 0.0002260 secs]46.083: [weak refs processing, 0.0000060 secs]46.083: [scrub string table, 0.0001080 secs] [1 CMS-remark: 105711K(126272K)] 116732K(182144K), 0.0003670 secs] [Times: user=0.00 sys=0.00, real=0.00 secs] 
46.083: Total time for which application threads were stopped: 0.0030290 seconds, Stopping threads took: 0.0026340 seconds
46.083: [CMS-concurrent-sweep-start]
46.090: [CMS-concurrent-sweep: 0.007/0.007 secs] [Times: user=0.05 sys=0.00, real=0.00 secs] 
46.090: [CMS-concurrent-reset-start]
46.091: [CMS-concurrent-reset: 0.000/0.000 secs] [Times: user=0.00 sys=0.00, real=0.00 secs] 
46.125: Application time: 0.0415880 seconds
46.128: [GC46.128: [ParNew: 55870K->6206K(55872K), 0.0019350 secs] 109606K->60008K(182144K), 0.0019770 secs] [Times: user=0.01 sys=0.00, real=0.00 secs] 
46.130: Total time for which application threads were stopped: 0.0045740 seconds, Stopping threads took: 0.0025300 seconds
46.177: Application time: 0.0471560 seconds
46.178: [GC46.178: [ParNew: 55870K->5289K(55872K), 0.0016670 secs] 109672K->59091K(182144K), 0.0017130 secs] [Times: user=0.01 sys=0.00, real=0.00 secs] 
46.180: Total time for which application threads were stopped: 0.0032980 seconds, Stopping threads took: 0.0015250 seconds
46.226: Application time: 0.0460810 seconds
46.227: [GC46.227: [ParNew: 54953K->6207K(55872K), 0.0021710 secs] 108755K->60755K(182144K), 0.0022140 secs] [Times: user=0.02 sys=0.00, real=0.00 secs] 
46.230: Total time for which application threads were stopped: 0.0035030 seconds, Stopping threads took: 0.0012280 seconds
46.277: Application time: 0.0475510 seconds
46.280: [GC46.280: [ParNew: 55871K->6206K(55872K), 0.0021390 secs] 110419K->61430K(182144K), 0.0021800 secs] [Times: user=0.02 sys=0.00, real=0.01 secs] 
46.282: Total time for which application threads were stopped: 0.0051650 seconds, Stopping threads took: 0.0029260 seconds
46.330: Application time: 0.0475560 seconds
46.331: [GC46.331: [ParNew: 55870K->5299K(55872K), 0.0016590 secs] 111094K->60522K(182144K), 0.0016940 secs] [Times: user=0.01 sys=0.00, real=0.00 secs] 
46.333: Total time for which application threads were stopped: 0.0031800 seconds, Stopping threads took: 0.0014250 seconds
46.377: Application time: 0.0443860 seconds
46.379: [GC46.379: [ParNew: 54963K->6206K(55872K), 0.0024710 secs] 110186K->63061K(182144K), 0.0025150 secs] [Times: user=0.02 sys=0.00, real=0.01 secs] 
46.382: Total time for which application threads were stopped: 0.0041270 seconds, Stopping threads took: 0.0015360 seconds
46.382: Application time: 0.0001460 seconds
46.385: [GC [1 CMS-initial-mark: 56855K(126272K)] 63809K(182144K), 0.0002060 secs] [Times: user=0.00 sys=0.00, real=0.00 secs] 
46.386: Total time for which application threads were stopped: 0.0038840 seconds, Stopping threads took: 0.0036550 seconds
46.386: [CMS-concurrent-mark-start]
46.391: [CMS-concurrent-mark: 0.005/0.005 secs] [Times: user=0.04 sys=0.00, real=0.00 secs] 
46.391: [CMS-concurrent-preclean-start]
46.391: [CMS-concurrent-preclean: 0.000/0.000 secs] [Times: user=0.00 sys=0.00, real=0.00 secs] 
46.391: [CMS-concurrent-abortable-preclean-start]
46.430: Application time: 0.0440020 seconds
46.432: [GC46.432: [ParNew: 55870K->6206K(55872K), 0.0021270 secs] 112725K->63750K(182144K), 0.0021710 secs] [Times: user=0.02 sys=0.00, real=0.01 secs] 
46.434: Total time for which application threads were stopped: 0.0041910 seconds, Stopping threads took: 0.0019530 seconds
46.479: Application time: 0.0449800 seconds
46.481: [GC46.481: [ParNew: 55870K->6206K(55872K), 0.0021450 secs] 113414K->64324K(182144K), 0.0021880 secs] [Times: user=0.02 sys=0.00, real=0.01 secs] 
46.483: Total time for which application threads were stopped: 0.0042960 seconds, Stopping threads took: 0.0020440 seconds
46.527: Application time: 0.0433910 seconds
46.528: [GC46.528: [ParNew: 55870K->6206K(55872K), 0.0020860 secs] 113988K->64843K(182144K), 0.0021310 secs] [Times: user=0.02 sys=0.00, real=0.00 secs] 
46.530: Total time for which application threads were stopped: 0.0034600 seconds, Stopping threads took: 0.0012620 seconds
46.576: Application time: 0.0465090 seconds
46.580: [GC46.580: [ParNew: 55870K->6207K(55872K), 0.0023680 secs] 114507K->66374K(182144K), 0.0024140 secs] [Times: user=0.01 sys=0.00, real=0.01 secs] 
46.582: Total time for which application threads were stopped: 0.0054780 seconds, Stopping threads took: 0.0029960 seconds
46.627: Application time: 0.0445940 seconds
46.629: [GC46.629: [ParNew: 55871K->6206K(55872K), 0.0025960 secs] 116038K->67919K(182144K), 0.0026440 secs] [Times: user=0.01 sys=0.00, real=0.00 secs] 
46.632: Total time for which application threads were stopped: 0.0050040 seconds, Stopping threads took: 0.0022910 seconds
46.680: Application time: 0.0487420 seconds
46.682: [GC46.682: [ParNew: 55870K->5721K(55872K), 0.0018630 secs] 117583K->67433K(182144K), 0.0019010 secs] [Times: user=0.02 sys=0.00, real=0.00 secs] 
46.684: Total time for which application threads were stopped: 0.0036080 seconds, Stopping threads took: 0.0016210 seconds
46.727: Application time: 0.0429880 seconds
46.729: [GC46.729: [ParNew: 55385K->6206K(55872K), 0.0021600 secs] 117097K->68278K(182144K), 0.0022110 secs] [Times: user=0.02 sys=0.00, real=0.00 secs] 
46.731: Total time for which application threads were stopped: 0.0044200 seconds, Stopping threads took: 0.0021190 seconds
46.776: Application time: 0.0442230 seconds
46.777: [GC46.777: [ParNew: 55870K->6175K(55872K), 0.0018820 secs] 117942K->68276K(182144K), 0.0019200 secs] [Times: user=0.01 sys=0.00, real=0.00 secs] 
46.779: Total time for which application threads were stopped: 0.0036790 seconds, Stopping threads took: 0.0016930 seconds
46.824: Application time: 0.0451820 seconds
46.827: [GC46.827: [ParNew: 55839K->6206K(55872K), 0.0021840 secs] 117940K->68676K(182144K), 0.0022270 secs] [Times: user=0.02 sys=0.00, real=0.00 secs] 
46.829: Total time for which application threads were stopped: 0.0048230 seconds, Stopping threads took: 0.0025100 seconds
46.874: Application time: 0.0443000 seconds
46.876: [GC46.876: [ParNew: 55870K->5943K(55872K), 0.0018060 secs] 118340K->68442K(182144K), 0.0018490 secs] [Times: user=0.02 sys=0.00, real=0.00 secs] 
46.878: Total time for which application threads were stopped: 0.0042990 seconds, Stopping threads took: 0.0023760 seconds
46.925: Application time: 0.0468420 seconds
46.926: [GC46.926: [ParNew: 55607K->5269K(55872K), 0.0019280 secs] 118105K->67853K(182144K), 0.0019670 secs] [Times: user=0.01 sys=0.00, real=0.00 secs] 
46.928: Total time for which application threads were stopped: 0.0033710 seconds, Stopping threads took: 0.0013110 seconds
46.972: Application time: 0.0439270 seconds
46.974: [GC46.974: [ParNew: 54933K->6207K(55872K), 0.0020000 secs] 117517K->69074K(182144K), 0.0020460 secs] [Times: user=0.01 sys=0.00, real=0.00 secs] 
46.976: Total time for which application threads were stopped: 0.0040850 seconds, Stopping threads took: 0.0019720 seconds
47.020: Application time: 0.0436380 seconds
47.022: [GC47.022: [ParNew: 55871K->6207K(55872K), 0.0022790 secs] 118738K->69967K(182144K), 0.0023240 secs] [Times: user=0.02 sys=0.01, real=0.00 secs] 
47.024: Total time for which application threads were stopped: 0.0042800 seconds, Stopping threads took: 0.0018710 seconds
47.067: Application time: 0.0425990 seconds
47.069: [GC47.069: [ParNew: 55871K->6207K(55872K), 0.0022440 secs] 119631K->70920K(182144K), 0.0022880 secs] [Times: user=0.02 sys=0.00, real=0.00 secs] 
47.071: Total time for which application threads were stopped: 0.0047570 seconds, Stopping threads took: 0.0024050 seconds
47.117: Application time: 0.0455820 seconds
47.118: [GC47.118: [ParNew: 55871K->6135K(55872K), 0.0018820 secs] 120584K->70847K(182144K), 0.0019190 secs] [Times: user=0.02 sys=0.00, real=0.00 secs] 
47.120: Total time for which application threads were stopped: 0.0030750 seconds, Stopping threads took: 0.0010920 seconds
47.166: Application time: 0.0463470 seconds
47.168: [GC47.169: [ParNew: 55799K->6207K(55872K), 0.0019830 secs] 120511K->71197K(182144K), 0.0020220 secs] [Times: user=0.01 sys=0.00, real=0.00 secs] 
47.171: Total time for which application threads were stopped: 0.0041490 seconds, Stopping threads took: 0.0020430 seconds
47.214: Application time: 0.0436490 seconds
47.216: [GC47.216: [ParNew: 55871K->6206K(55872K), 0.0020900 secs] 120861K->71700K(182144K), 0.0021340 secs] [Times: user=0.02 sys=0.00, real=0.00 secs] 
47.219: Total time for which application threads were stopped: 0.0044390 seconds, Stopping threads took: 0.0022400 seconds
47.266: Application time: 0.0470530 seconds
47.268: [GC47.268: [ParNew: 55870K->6206K(55872K), 0.0022070 secs] 121364K->72098K(182144K), 0.0022560 secs] [Times: user=0.02 sys=0.00, real=0.00 secs] 
47.270: Total time for which application threads were stopped: 0.0043440 seconds, Stopping threads took: 0.0020020 seconds
47.316: Application time: 0.0458050 seconds
47.318: [GC47.318: [ParNew: 55870K->6206K(55872K), 0.0020060 secs] 121762K->72401K(182144K), 0.0020490 secs] [Times: user=0.02 sys=0.00, real=0.00 secs] 
47.320: Total time for which application threads were stopped: 0.0044130 seconds, Stopping threads took: 0.0022990 seconds
47.364: Application time: 0.0434710 seconds
47.366: [GC47.366: [ParNew: 55870K->6206K(55872K), 0.0023960 secs] 122065K->73616K(182144K), 0.0024530 secs] [Times: user=0.02 sys=0.00, real=0.00 secs] 
47.368: Total time for which application threads were stopped: 0.0044080 seconds, Stopping threads took: 0.0018880 seconds
47.411: Application time: 0.0431840 seconds
47.413: [GC47.413: [ParNew: 55870K->6207K(55872K), 0.0021570 secs] 123280K->74357K(182144K), 0.0022010 secs] [Times: user=0.01 sys=0.00, real=0.00 secs] 
47.416: Total time for which application threads were stopped: 0.0043180 seconds, Stopping threads took: 0.0020530 seconds
47.461: Application time: 0.0450230 seconds
47.463: [GC47.463: [ParNew: 55870K->6207K(55872K), 0.0023750 secs] 124020K->75856K(182144K), 0.0024190 secs] [Times: user=0.01 sys=0.00, real=0.00 secs] 
47.465: Total time for which application threads were stopped: 0.0046410 seconds, Stopping threads took: 0.0021500 seconds
47.509: Application time: 0.0436990 seconds
47.511: [GC47.511: [ParNew: 55871K->6206K(55872K), 0.0024190 secs] 125520K->77152K(182144K), 0.0024630 secs] [Times: user=0.02 sys=0.00, real=0.01 secs] 
47.514: Total time for which application threads were stopped: 0.0047060 seconds, Stopping threads took: 0.0021790 seconds
47.560: Application time: 0.0467360 seconds
47.563: [GC47.564: [ParNew: 55870K->6207K(55872K), 0.0019720 secs] 126816K->77460K(182144K), 0.0020140 secs] [Times: user=0.01 sys=0.00, real=0.00 secs] 
47.566: Total time for which application threads were stopped: 0.0050690 seconds, Stopping threads took: 0.0029910 seconds
47.609: Application time: 0.0432650 seconds
47.610: [GC47.610: [ParNew: 55871K->6207K(55872K), 0.0023320 secs] 127124K->78747K(182144K), 0.0023760 secs] [Times: user=0.02 sys=0.00, real=0.00 secs] 
47.612: Total time for which application threads were stopped: 0.0034970 seconds, Stopping threads took: 0.0010580 seconds
47.658: Application time: 0.0452210 seconds
47.660: [GC47.660: [ParNew: 55871K->5978K(55872K), 0.0018750 secs] 128411K->78518K(182144K), 0.0019150 secs] [Times: user=0.01 sys=0.00, real=0.01 secs] 
47.662: Total time for which application threads were stopped: 0.0041280 seconds, Stopping threads took: 0.0021400 seconds
47.706: Application time: 0.0447210 seconds
47.709: [GC47.709: [ParNew: 55642K->6206K(55872K), 0.0022140 secs] 128182K->79688K(182144K), 0.0022620 secs] [Times: user=0.02 sys=0.00, real=0.00 secs] 
47.711: Total time for which application threads were stopped: 0.0044190 seconds, Stopping threads took: 0.0020910 seconds
47.756: Application time: 0.0447800 seconds
47.758: [GC47.758: [ParNew: 55870K->6206K(55872K), 0.0024870 secs] 129352K->81440K(182144K), 0.0025310 secs] [Times: user=0.02 sys=0.00, real=0.00 secs] 
47.761: Total time for which application threads were stopped: 0.0052030 seconds, Stopping threads took: 0.0025860 seconds
47.808: Application time: 0.0474530 seconds
47.810: [GC47.810: [ParNew: 55870K->6207K(55872K), 0.0022010 secs] 131104K->82071K(182144K), 0.0022440 secs] [Times: user=0.01 sys=0.00, real=0.00 secs] 
47.812: Total time for which application threads were stopped: 0.0039070 seconds, Stopping threads took: 0.0015960 seconds
47.859: Application time: 0.0465130 seconds
47.861: [GC47.861: [ParNew: 55871K->6207K(55872K), 0.0020510 secs] 131735K->82402K(182144K), 0.0020960 secs] [Times: user=0.02 sys=0.00, real=0.01 secs] 
47.863: Total time for which application threads were stopped: 0.0046480 seconds, Stopping threads took: 0.0024850 seconds
47.910: Application time: 0.0466220 seconds
47.912: [GC47.912: [ParNew: 55871K->5476K(55872K), 0.0016990 secs] 132066K->81728K(182144K), 0.0017340 secs] [Times: user=0.01 sys=0.00, real=0.01 secs] 
47.914: Total time for which application threads were stopped: 0.0042280 seconds, Stopping threads took: 0.0024330 seconds
47.961: Application time: 0.0466640 seconds
47.963: [GC47.963: [ParNew: 55140K->6207K(55872K), 0.0020990 secs] 131392K->82548K(182144K), 0.0021430 secs] [Times: user=0.01 sys=0.00, real=0.00 secs] 
47.965: Total time for which application threads were stopped: 0.0044200 seconds, Stopping threads took: 0.0022100 seconds
48.014: Application time: 0.0484610 seconds
48.016: [GC48.016: [ParNew: 55871K->6207K(55872K), 0.0020910 secs] 132212K->82612K(182144K), 0.0021460 secs] [Times: user=0.01 sys=0.00, real=0.00 secs] 
48.018: Total time for which application threads were stopped: 0.0041600 seconds, Stopping threads took: 0.0019370 seconds
48.066: Application time: 0.0476970 seconds
48.068: [GC48.068: [ParNew: 55871K->6206K(55872K), 0.0021850 secs] 132276K->82981K(182144K), 0.0022310 secs] [Times: user=0.02 sys=0.00, real=0.00 secs] 
48.070: Total time for which application threads were stopped: 0.0043540 seconds, Stopping threads took: 0.0020320 seconds
48.116: Application time: 0.0459130 seconds
48.119: [GC48.119: [ParNew: 55870K->6207K(55872K), 0.0022260 secs] 132645K->83764K(182144K), 0.0022690 secs] [Times: user=0.01 sys=0.00, real=0.00 secs] 
48.121: Total time for which application threads were stopped: 0.0050880 seconds, Stopping threads took: 0.0027530 seconds
48.168: Application time: 0.0475440 seconds
48.172: [GC48.172: [ParNew: 55871K->6206K(55872K), 0.0021390 secs] 133428K->84467K(182144K), 0.0021820 secs] [Times: user=0.02 sys=0.00, real=0.01 secs] 
48.174: Total time for which application threads were stopped: 0.0054250 seconds, Stopping threads took: 0.0031740 seconds
48.221: Application time: 0.0473670 seconds
48.224: [GC48.224: [ParNew: 55870K->6206K(55872K), 0.0020660 secs] 134131K->85027K(182144K), 0.0021090 secs] [Times: user=0.02 sys=0.00, real=0.00 secs] 
48.226: Total time for which application threads were stopped: 0.0044080 seconds, Stopping threads took: 0.0022350 seconds
48.273: Application time: 0.0475430 seconds
48.276: [GC48.276: [ParNew: 55870K->6207K(55872K), 0.0020360 secs] 134691K->85490K(182144K), 0.0020820 secs] [Times: user=0.02 sys=0.00, real=0.00 secs] 
48.278: Total time for which application threads were stopped: 0.0046080 seconds, Stopping threads took: 0.0024600 seconds
48.327: Application time: 0.0490300 seconds
48.328: [GC48.328: [ParNew: 55871K->5556K(55872K), 0.0017900 secs] 135154K->84868K(182144K), 0.0018300 secs] [Times: user=0.01 sys=0.00, real=0.00 secs] 
48.330: Total time for which application threads were stopped: 0.0033420 seconds, Stopping threads took: 0.0014260 seconds
48.376: Application time: 0.0455810 seconds
48.378: [GC48.378: [ParNew: 55220K->6207K(55872K), 0.0020440 secs] 134532K->85907K(182144K), 0.0020900 secs] [Times: user=0.02 sys=0.00, real=0.00 secs] 
48.380: Total time for which application threads were stopped: 0.0044830 seconds, Stopping threads took: 0.0023270 seconds
48.428: Application time: 0.0472510 seconds
48.430: [GC48.430: [ParNew: 55871K->6206K(55872K), 0.0022510 secs] 135571K->86736K(182144K), 0.0022940 secs] [Times: user=0.02 sys=0.00, real=0.00 secs] 
48.432: Total time for which application threads were stopped: 0.0043790 seconds, Stopping threads took: 0.0020180 seconds
48.480: Application time: 0.0477640 seconds
48.482: [GC48.482: [ParNew: 55870K->6207K(55872K), 0.0023750 secs] 136400K->88027K(182144K), 0.0024180 secs] [Times: user=0.02 sys=0.00, real=0.00 secs] 
48.484: Total time for which application threads were stopped: 0.0047170 seconds, Stopping threads took: 0.0022100 seconds
48.532: Application time: 0.0480640 seconds
48.534: [GC48.534: [ParNew: 55871K->5491K(55872K), 0.0017010 secs] 137691K->87369K(182144K), 0.0017410 secs] [Times: user=0.01 sys=0.00, real=0.00 secs] 
48.536: Total time for which application threads were stopped: 0.0035050 seconds, Stopping threads took: 0.0016680 seconds
48.584: Application time: 0.0476620 seconds
48.586: [GC48.586: [ParNew: 55155K->6206K(55872K), 0.0019690 secs] 137033K->88326K(182144K), 0.0020160 secs] [Times: user=0.02 sys=0.00, real=0.00 secs] 
48.588: Total time for which application threads were stopped: 0.0039710 seconds, Stopping threads took: 0.0018770 seconds
48.634: Application time: 0.0465900 seconds
48.637: [GC48.637: [ParNew: 55870K->6207K(55872K), 0.0023930 secs] 137990K->89664K(182144K), 0.0024390 secs] [Times: user=0.01 sys=0.00, real=0.00 secs] 
48.639: Total time for which application threads were stopped: 0.0049930 seconds, Stopping threads took: 0.0024770 seconds
48.685: Application time: 0.0456310 seconds
48.688: [GC48.688: [ParNew: 55871K->6207K(55872K), 0.0023250 secs] 139328K->90821K(182144K), 0.0023710 secs] [Times: user=0.02 sys=0.00, real=0.00 secs] 
48.690: Total time for which application threads were stopped: 0.0055760 seconds, Stopping threads took: 0.0031360 seconds
48.738: Application time: 0.0471260 seconds
48.740: [GC48.740: [ParNew: 55871K->6207K(55872K), 0.0021890 secs] 140485K->91814K(182144K), 0.0022380 secs] [Times: user=0.02 sys=0.00, real=0.01 secs] 
48.742: Total time for which application threads were stopped: 0.0046720 seconds, Stopping threads took: 0.0023660 seconds
48.790: Application time: 0.0476710 seconds
48.793: [GC48.793: [ParNew: 55871K->6206K(55872K), 0.0021980 secs] 141478K->92724K(182144K), 0.0022430 secs] [Times: user=0.01 sys=0.00, real=0.01 secs] 
48.795: Total time for which application threads were stopped: 0.0050940 seconds, Stopping threads took: 0.0027840 seconds
48.843: Application time: 0.0480410 seconds
48.846: [GC48.846: [ParNew: 55870K->6206K(55872K), 0.0021320 secs] 142388K->93539K(182144K), 0.0021780 secs] [Times: user=0.01 sys=0.00, real=0.00 secs] 
48.848: Total time for which application threads were stopped: 0.0050540 seconds, Stopping threads took: 0.0028080 seconds
48.895: Application time: 0.0466800 seconds
48.896: [GC48.896: [ParNew: 55870K->6190K(55872K), 0.0020440 secs] 143203K->93580K(182144K), 0.0020880 secs] [Times: user=0.02 sys=0.00, real=0.00 secs] 
48.899: Total time for which application threads were stopped: 0.0037810 seconds, Stopping threads took: 0.0016260 seconds
48.947: Application time: 0.0483450 seconds
48.948: [GC48.948: [ParNew: 55854K->4238K(55872K), 0.0013450 secs] 143244K->91657K(182144K), 0.0013840 secs] [Times: user=0.01 sys=0.00, real=0.00 secs] 
48.950: Total time for which application threads were stopped: 0.0026660 seconds, Stopping threads took: 0.0011970 seconds
48.999: Application time: 0.0495010 seconds
49.001: [GC49.001: [ParNew: 53902K->5552K(55872K), 0.0019580 secs] 141321K->92999K(182144K), 0.0020000 secs] [Times: user=0.01 sys=0.00, real=0.00 secs] 
49.003: Total time for which application threads were stopped: 0.0043570 seconds, Stopping threads took: 0.0022850 seconds
49.053: Application time: 0.0496450 seconds
49.056: [GC49.056: [ParNew: 55216K->4580K(55872K), 0.0015660 secs] 142663K->92084K(182144K), 0.0016050 secs] [Times: user=0.01 sys=0.00, real=0.00 secs] 
49.058: Total time for which application threads were stopped: 0.0050230 seconds, Stopping threads took: 0.0033550 seconds
49.106: Application time: 0.0479460 seconds
49.107: [GC49.107: [ParNew: 54244K->5022K(55872K), 0.0017230 secs] 141748K->92554K(182144K), 0.0017650 secs] [Times: user=0.01 sys=0.00, real=0.00 secs] 
49.109: Total time for which application threads were stopped: 0.0027920 seconds, Stopping threads took: 0.0009540 seconds
49.154: Application time: 0.0455450 seconds
49.156: [GC49.156: [ParNew: 54686K->6207K(55872K), 0.0024260 secs] 142218K->95133K(182144K), 0.0024730 secs] [Times: user=0.01 sys=0.00, real=0.00 secs] 
49.158: Total time for which application threads were stopped: 0.0040090 seconds, Stopping threads took: 0.0014750 seconds
49.206: Application time: 0.0474870 seconds
49.209: [GC49.209: [ParNew: 55871K->6206K(55872K), 0.0023770 secs] 144797K->96608K(182144K), 0.0024210 secs] [Times: user=0.02 sys=0.00, real=0.00 secs] 
49.211: Total time for which application threads were stopped: 0.0052650 seconds, Stopping threads took: 0.0027590 seconds
49.257: Application time: 0.0461490 seconds
49.261: [GC49.261: [ParNew: 55870K->6206K(55872K), 0.0023310 secs] 146272K->97433K(182144K), 0.0023790 secs] [Times: user=0.02 sys=0.00, real=0.01 secs] 
49.263: Total time for which application threads were stopped: 0.0057220 seconds, Stopping threads took: 0.0032760 seconds
49.312: Application time: 0.0492080 seconds
49.314: [GC49.314: [ParNew: 55870K->4644K(55872K), 0.0016440 secs] 147097K->95871K(182144K), 0.0016880 secs] [Times: user=0.02 sys=0.00, real=0.00 secs] 
49.316: Total time for which application threads were stopped: 0.0033990 seconds, Stopping threads took: 0.0016280 seconds
49.364: Application time: 0.0482110 seconds
49.366: [GC49.366: [ParNew: 54308K->6206K(55872K), 0.0022100 secs] 145535K->97787K(182144K), 0.0022560 secs] [Times: user=0.02 sys=0.00, real=0.00 secs] 
49.368: Total time for which application threads were stopped: 0.0045070 seconds, Stopping threads took: 0.0021840 seconds
49.416: Application time: 0.0475750 seconds
49.419: [GC49.419: [ParNew: 55870K->6071K(55872K), 0.0020570 secs] 147451K->97680K(182144K), 0.0020960 secs] [Times: user=0.02 sys=0.00, real=0.00 secs] 
49.421: Total time for which application threads were stopped: 0.0049520 seconds, Stopping threads took: 0.0027690 seconds
49.468: Application time: 0.0473510 seconds
49.471: [GC49.471: [ParNew: 55735K->6206K(55872K), 0.0024810 secs] 147344K->99113K(182144K), 0.0025320 secs] [Times: user=0.01 sys=0.00, real=0.01 secs] 
49.474: Total time for which application threads were stopped: 0.0056840 seconds, Stopping threads took: 0.0030630 seconds
49.522: Application time: 0.0478550 seconds
49.524: [GC49.524: [ParNew: 55870K->5935K(55872K), 0.0017940 secs] 148777K->98842K(182144K), 0.0018390 secs] [Times: user=0.01 sys=0.00, real=0.00 secs] 
49.526: Total time for which application threads were stopped: 0.0042040 seconds, Stopping threads took: 0.0022990 seconds
49.574: Application time: 0.0483400 seconds
49.576: [GC49.576: [ParNew: 55599K->5418K(55872K), 0.0019630 secs] 148506K->98382K(182144K), 0.0020050 secs] [Times: user=0.01 sys=0.00, real=0.00 secs] 
49.578: Total time for which application threads were stopped: 0.0037470 seconds, Stopping threads took: 0.0016420 seconds
49.627: Application time: 0.0488250 seconds
49.630: [GC49.630: [ParNew: 55082K->5534K(55872K), 0.0020080 secs] 148046K->98526K(182144K), 0.0020490 secs] [Times: user=0.01 sys=0.00, real=0.00 secs] 
49.632: Total time for which application threads were stopped: 0.0047480 seconds, Stopping threads took: 0.0026130 seconds
49.681: Application time: 0.0491680 seconds
49.683: [GC49.683: [ParNew: 55198K->6110K(55872K), 0.0018920 secs] 148190K->99131K(182144K), 0.0019370 secs] [Times: user=0.01 sys=0.00, real=0.00 secs] 
49.685: Total time for which application threads were stopped: 0.0045550 seconds, Stopping threads took: 0.0025220 seconds
49.734: Application time: 0.0488100 seconds
49.736: [GC49.736: [ParNew: 55774K->6207K(55872K), 0.0021780 secs] 148795K->99777K(182144K), 0.0022200 secs] [Times: user=0.01 sys=0.00, real=0.00 secs] 
49.738: Total time for which application threads were stopped: 0.0041430 seconds, Stopping threads took: 0.0018560 seconds
49.788: Application time: 0.0494270 seconds
49.789: [GC49.789: [ParNew: 55871K->4742K(55872K), 0.0016310 secs] 149441K->98311K(182144K), 0.0016720 secs] [Times: user=0.01 sys=0.00, real=0.00 secs] 
49.790: Total time for which application threads were stopped: 0.0026330 seconds, Stopping threads took: 0.0008880 seconds
49.838: Application time: 0.0475330 seconds
49.840: [GC49.840: [ParNew: 54406K->6207K(55872K), 0.0023250 secs] 147975K->100574K(182144K), 0.0023710 secs] [Times: user=0.02 sys=0.00, real=0.01 secs] 
49.842: Total time for which application threads were stopped: 0.0043480 seconds, Stopping threads took: 0.0019100 seconds
49.888: Application time: 0.0454600 seconds
49.890: [GC49.890: [ParNew: 55871K->6207K(55872K), 0.0024290 secs] 150238K->101497K(182144K), 0.0024710 secs] [Times: user=0.02 sys=0.01, real=0.00 secs] 
49.893: Total time for which application threads were stopped: 0.0051690 seconds, Stopping threads took: 0.0026220 seconds
49.939: Application time: 0.0461890 seconds
49.942: [GC49.942: [ParNew: 55870K->6206K(55872K), 0.0022420 secs] 151160K->102449K(182144K), 0.0022860 secs] [Times: user=0.01 sys=0.00, real=0.00 secs] 
49.944: Total time for which application threads were stopped: 0.0048680 seconds, Stopping threads took: 0.0025160 seconds
49.992: Application time: 0.0480040 seconds
49.995: [GC49.995: [ParNew: 55870K->6207K(55872K), 0.0025620 secs] 152113K->104227K(182144K), 0.0026130 secs] [Times: user=0.02 sys=0.00, real=0.00 secs] 
49.997: Total time for which application threads were stopped: 0.0053530 seconds, Stopping threads took: 0.0026520 seconds
50.045: Application time: 0.0475120 seconds
50.046: [GC50.046: [ParNew: 55871K->5798K(55872K), 0.0019230 secs] 153891K->103871K(182144K), 0.0019630 secs] [Times: user=0.01 sys=0.00, real=0.00 secs] 
50.048: Total time for which application threads were stopped: 0.0035210 seconds, Stopping threads took: 0.0014820 seconds
50.095: Application time: 0.0470880 seconds
50.097: [GC50.097: [ParNew: 55462K->5685K(55872K), 0.0019280 secs] 153535K->103786K(182144K), 0.0019710 secs] [Times: user=0.01 sys=0.00, real=0.00 secs] 
50.099: Total time for which application threads were stopped: 0.0038880 seconds, Stopping threads took: 0.0018380 seconds
50.149: Application time: 0.0495480 seconds
50.150: [GC50.150: [ParNew: 55349K->4680K(55872K), 0.0017830 secs] 153450K->102838K(182144K), 0.0018390 secs] [Times: user=0.01 sys=0.00, real=0.00 secs] 
50.152: Total time for which application threads were stopped: 0.0031150 seconds, Stopping threads took: 0.0011950 seconds
50.200: Application time: 0.0477860 seconds
50.202: [GC50.202: [ParNew: 54344K->6207K(55872K), 0.0020840 secs] 152502K->104732K(182144K), 0.0021310 secs] [Times: user=0.01 sys=0.00, real=0.00 secs] 
50.204: Total time for which application threads were stopped: 0.0043300 seconds, Stopping threads took: 0.0021090 seconds
50.252: Application time: 0.0477110 seconds
50.254: [GC50.254: [ParNew: 55871K->5561K(55872K), 0.0019170 secs] 154396K->104115K(182144K), 0.0019590 secs] [Times: user=0.01 sys=0.00, real=0.00 secs] 
50.256: Total time for which application threads were stopped: 0.0040430 seconds, Stopping threads took: 0.0020090 seconds
50.305: Application time: 0.0487810 seconds
50.306: [GC50.306: [ParNew: 55225K->5135K(55872K), 0.0017590 secs] 153779K->103689K(182144K), 0.0017980 secs] [Times: user=0.01 sys=0.00, real=0.00 secs] 
50.308: Total time for which application threads were stopped: 0.0035970 seconds, Stopping threads took: 0.0017400 seconds
50.357: Application time: 0.0486670 seconds
50.359: [GC50.359: [ParNew: 54799K->6206K(55872K), 0.0020830 secs] 153353K->105276K(182144K), 0.0021260 secs] [Times: user=0.01 sys=0.01, real=0.01 secs] 
50.362: Total time for which application threads were stopped: 0.0045560 seconds, Stopping threads took: 0.0023440 seconds
50.410: Application time: 0.0489600 seconds
50.412: [GC50.412: [ParNew: 55870K->5414K(55872K), 0.0017550 secs] 154940K->104484K(182144K), 0.0017930 secs] [Times: user=0.01 sys=0.00, real=0.01 secs] 
50.413: Total time for which application threads were stopped: 0.0029420 seconds, Stopping threads took: 0.0010870 seconds
50.460: Application time: 0.0465610 seconds
50.462: [GC50.462: [ParNew: 55078K->6207K(55872K), 0.0021890 secs] 154148K->106017K(182144K), 0.0022350 secs] [Times: user=0.02 sys=0.00, real=0.00 secs] 
50.464: Total time for which application threads were stopped: 0.0042590 seconds, Stopping threads took: 0.0019550 seconds
50.512: Application time: 0.0481120 seconds
50.514: [GC50.514: [ParNew: 55871K->6206K(55872K), 0.0020290 secs] 155681K->106283K(182144K), 0.0020700 secs] [Times: user=0.02 sys=0.00, real=0.00 secs] 
50.516: Total time for which application threads were stopped: 0.0037930 seconds, Stopping threads took: 0.0016370 seconds
50.563: Application time: 0.0468880 seconds
50.566: [GC50.566: [ParNew: 55870K->6206K(55872K), 0.0021610 secs] 155947K->106843K(182144K), 0.0022040 secs] [Times: user=0.01 sys=0.00, real=0.00 secs] 
50.568: Total time for which application threads were stopped: 0.0049610 seconds, Stopping threads took: 0.0026690 seconds
50.615: Application time: 0.0467810 seconds
50.617: [GC50.617: [ParNew: 55870K->6206K(55872K), 0.0020420 secs] 156507K->107295K(182144K), 0.0020880 secs] [Times: user=0.01 sys=0.00, real=0.00 secs] 
50.620: Total time for which application threads were stopped: 0.0047830 seconds, Stopping threads took: 0.0025980 seconds
50.668: Application time: 0.0480650 seconds
50.669: [GC50.669: [ParNew: 55870K->6207K(55872K), 0.0021670 secs] 156959K->107610K(182144K), 0.0022210 secs] [Times: user=0.01 sys=0.00, real=0.00 secs] 
50.671: Total time for which application threads were stopped: 0.0035560 seconds, Stopping threads took: 0.0012660 seconds
50.718: Application time: 0.0463160 seconds
50.720: [GC50.720: [ParNew: 55871K->6206K(55872K), 0.0022750 secs] 157274K->108676K(182144K), 0.0023210 secs] [Times: user=0.02 sys=0.00, real=0.01 secs] 
50.722: Total time for which application threads were stopped: 0.0047110 seconds, Stopping threads took: 0.0023200 seconds
50.771: Application time: 0.0489550 seconds
50.775: [GC50.775: [ParNew: 55870K->5222K(55872K), 0.0016490 secs] 158340K->107720K(182144K), 0.0016900 secs] [Times: user=0.01 sys=0.00, real=0.00 secs] 
50.776: Total time for which application threads were stopped: 0.0050430 seconds, Stopping threads took: 0.0032870 seconds
50.824: Application time: 0.0474180 seconds
50.825: [GC50.825: [ParNew: 54886K->6009K(55872K), 0.0019250 secs] 157384K->108535K(182144K), 0.0019680 secs] [Times: user=0.01 sys=0.00, real=0.00 secs] 
50.827: Total time for which application threads were stopped: 0.0035700 seconds, Stopping threads took: 0.0015370 seconds
50.875: Application time: 0.0480850 seconds
50.877: [GC50.877: [ParNew: 55673K->6071K(55872K), 0.0018630 secs] 158199K->108597K(182144K), 0.0019030 secs] [Times: user=0.02 sys=0.00, real=0.00 secs] 
50.879: Total time for which application threads were stopped: 0.0035920 seconds, Stopping threads took: 0.0016230 seconds
50.927: Application time: 0.0480730 seconds
50.929: [GC50.929: [ParNew: 55735K->6206K(55872K), 0.0020910 secs] 158261K->108916K(182144K), 0.0021340 secs] [Times: user=0.01 sys=0.00, real=0.00 secs] 
50.931: Total time for which application threads were stopped: 0.0038400 seconds, Stopping threads took: 0.0016370 seconds
50.981: Application time: 0.0499070 seconds
50.981: [GC50.981: [ParNew: 55870K->5688K(55872K), 0.0019840 secs] 158580K->108398K(182144K), 0.0020300 secs] [Times: user=0.01 sys=0.01, real=0.01 secs] 
50.983: Total time for which application threads were stopped: 0.0026760 seconds, Stopping threads took: 0.0005790 seconds
51.032: Application time: 0.0484400 seconds
51.035: [GC51.035: [ParNew: 55352K->5590K(55872K), 0.0019750 secs] 158062K->108328K(182144K), 0.0020160 secs] [Times: user=0.01 sys=0.00, real=0.00 secs] 
51.037: Total time for which application threads were stopped: 0.0047270 seconds, Stopping threads took: 0.0026240 seconds
51.084: Application time: 0.0478790 seconds
51.087: [GC51.087: [ParNew: 55254K->6207K(55872K), 0.0022390 secs] 157992K->109460K(182144K), 0.0022820 secs] [Times: user=0.02 sys=0.00, real=0.00 secs] 
51.089: Total time for which application threads were stopped: 0.0046090 seconds, Stopping threads took: 0.0022610 seconds
51.137: Application time: 0.0483750 seconds
51.141: [GC51.141: [ParNew: 55871K->6207K(55872K), 0.0020900 secs] 159124K->109886K(182144K), 0.0021350 secs] [Times: user=0.02 sys=0.00, real=0.01 secs] 
51.143: Total time for which application threads were stopped: 0.0057300 seconds, Stopping threads took: 0.0035220 seconds
51.191: Application time: 0.0479620 seconds
51.193: [GC51.193: [ParNew: 55871K->6206K(55872K), 0.0020350 secs] 159550K->110136K(182144K), 0.0020790 secs] [Times: user=0.02 sys=0.00, real=0.00 secs] 
51.195: Total time for which application threads were stopped: 0.0043250 seconds, Stopping threads took: 0.0021720 seconds
51.245: Application time: 0.0490680 seconds
51.247: [GC51.247: [ParNew: 55870K->4386K(55872K), 0.0016170 secs] 159800K->108374K(182144K), 0.0016580 secs] [Times: user=0.02 sys=0.00, real=0.00 secs] 
51.248: Total time for which application threads were stopped: 0.0036880 seconds, Stopping threads took: 0.0019650 seconds
51.297: Application time: 0.0489670 seconds
51.299: [GC51.299: [ParNew: 54050K->6206K(55872K), 0.0019340 secs] 158038K->110209K(182144K), 0.0019770 secs] [Times: user=0.01 sys=0.00, real=0.00 secs] 
51.301: Total time for which application threads were stopped: 0.0037070 seconds, Stopping threads took: 0.0016310 seconds
51.348: Application time: 0.0468690 seconds
51.350: [GC51.350: [ParNew: 55870K->6206K(55872K), 0.0022110 secs] 159873K->110621K(182144K), 0.0022560 secs] [Times: user=0.02 sys=0.00, real=0.00 secs] 
51.352: Total time for which application threads were stopped: 0.0044920 seconds, Stopping threads took: 0.0021700 seconds
51.401: Application time: 0.0491100 seconds
51.404: [GC51.404: [ParNew: 55870K->5045K(55872K), 0.0017460 secs] 160285K->109459K(182144K), 0.0017890 secs] [Times: user=0.00 sys=0.01, real=0.00 secs] 
51.406: Total time for which application threads were stopped: 0.0042370 seconds, Stopping threads took: 0.0023830 seconds
 CMS: abort preclean due to time 51.407: [CMS-concurrent-abortable-preclean: 0.275/5.016 secs] [Times: user=38.37 sys=0.19, real=5.02 secs] 
51.407: Application time: 0.0016810 seconds
51.410: [GC[YG occupancy: 10431 K (55872 K)]51.410: [Rescan (parallel) , 0.0003660 secs]51.411: [weak refs processing, 0.0000070 secs]51.411: [scrub string table, 0.0001210 secs] [1 CMS-remark: 104414K(126272K)] 114846K(182144K), 0.0005350 secs] [Times: user=0.00 sys=0.00, real=0.00 secs] 
51.411: Total time for which application threads were stopped: 0.0035120 seconds, Stopping threads took: 0.0029260 seconds
51.411: [CMS-concurrent-sweep-start]
51.418: [CMS-concurrent-sweep: 0.007/0.007 secs] [Times: user=0.05 sys=0.00, real=0.01 secs] 
51.418: [CMS-concurrent-reset-start]
51.418: [CMS-concurrent-reset: 0.000/0.000 secs] [Times: user=0.00 sys=0.00, real=0.00 secs] 
51.455: Application time: 0.0438400 seconds
51.457: [GC51.457: [ParNew: 54709K->6206K(55872K), 0.0024290 secs] 106172K->59351K(182144K), 0.0024730 secs] [Times: user=0.02 sys=0.00, real=0.00 secs] 
51.460: Total time for which application threads were stopped: 0.0049270 seconds, Stopping threads took: 0.0023880 seconds
51.460: Application time: 0.0000930 seconds
51.462: [GC [1 CMS-initial-mark: 53144K(126272K)] 60215K(182144K), 0.0002130 secs] [Times: user=0.00 sys=0.00, real=0.00 secs] 
51.462: Total time for which application threads were stopped: 0.0024490 seconds, Stopping threads took: 0.0022150 seconds
51.462: [CMS-concurrent-mark-start]
51.467: [CMS-concurrent-mark: 0.005/0.005 secs] [Times: user=0.03 sys=0.00, real=0.00 secs] 
51.467: [CMS-concurrent-preclean-start]
51.468: [CMS-concurrent-preclean: 0.000/0.000 secs] [Times: user=0.00 sys=0.00, real=0.00 secs] 
51.468: [CMS-concurrent-abortable-preclean-start]
51.508: Application time: 0.0455960 seconds
51.510: [GC51.510: [ParNew: 55870K->6207K(55872K), 0.0026600 secs] 109015K->60966K(182144K), 0.0027050 secs] [Times: user=0.02 sys=0.00, real=0.00 secs] 
51.513: Total time for which application threads were stopped: 0.0049610 seconds, Stopping threads took: 0.0021830 seconds
51.560: Application time: 0.0477590 seconds
51.563: [GC51.563: [ParNew: 55871K->6100K(55872K), 0.0020660 secs] 110630K->60858K(182144K), 0.0021080 secs] [Times: user=0.01 sys=0.00, real=0.00 secs] 
51.565: Total time for which application threads were stopped: 0.0047200 seconds, Stopping threads took: 0.0025500 seconds
51.616: Application time: 0.0503090 seconds
51.617: [GC51.617: [ParNew: 55763K->5562K(55872K), 0.0021120 secs] 110522K->60349K(182144K), 0.0021600 secs] [Times: user=0.01 sys=0.00, real=0.00 secs] 
51.619: Total time for which application threads were stopped: 0.0038750 seconds, Stopping threads took: 0.0016240 seconds
51.666: Application time: 0.0463870 seconds
51.668: [GC51.668: [ParNew: 55226K->6207K(55872K), 0.0024580 secs] 110013K->62225K(182144K), 0.0025030 secs] [Times: user=0.02 sys=0.00, real=0.00 secs] 
51.671: Total time for which application threads were stopped: 0.0049070 seconds, Stopping threads took: 0.0023280 seconds
51.717: Application time: 0.0459590 seconds
51.718: [GC51.718: [ParNew: 55871K->6207K(55872K), 0.0019920 secs] 111889K->62313K(182144K), 0.0020340 secs] [Times: user=0.02 sys=0.00, real=0.00 secs] 
51.720: Total time for which application threads were stopped: 0.0037000 seconds, Stopping threads took: 0.0015730 seconds
51.764: Application time: 0.0437930 seconds
51.766: [GC51.766: [ParNew: 55871K->5683K(55872K), 0.0019300 secs] 111977K->61845K(182144K), 0.0019690 secs] [Times: user=0.02 sys=0.00, real=0.00 secs] 
51.768: Total time for which application threads were stopped: 0.0035600 seconds, Stopping threads took: 0.0015210 seconds
51.814: Application time: 0.0463780 seconds
51.816: [GC51.816: [ParNew: 55347K->5292K(55872K), 0.0017500 secs] 111509K->61455K(182144K), 0.0017900 secs] [Times: user=0.02 sys=0.00, real=0.00 secs] 
51.818: Total time for which application threads were stopped: 0.0036580 seconds, Stopping threads took: 0.0018040 seconds
51.862: Application time: 0.0442130 seconds
51.864: [GC51.864: [ParNew: 54956K->5790K(55872K), 0.0017760 secs] 111119K->61980K(182144K), 0.0018150 secs] [Times: user=0.01 sys=0.00, real=0.00 secs] 
51.866: Total time for which application threads were stopped: 0.0036320 seconds, Stopping threads took: 0.0017360 seconds
51.912: Application time: 0.0462590 seconds
51.914: [GC51.914: [ParNew: 55454K->4962K(55872K), 0.0017280 secs] 111644K->61181K(182144K), 0.0017660 secs] [Times: user=0.01 sys=0.00, real=0.00 secs] 
51.915: Total time for which application threads were stopped: 0.0035050 seconds, Stopping threads took: 0.0016570 seconds
51.960: Application time: 0.0448780 seconds
51.961: [GC51.961: [ParNew: 54626K->4953K(55872K), 0.0015330 secs] 110845K->61172K(182144K), 0.0015770 secs] [Times: user=0.01 sys=0.01, real=0.01 secs] 
51.963: Total time for which application threads were stopped: 0.0026370 seconds, Stopping threads took: 0.0009990 seconds
52.008: Application time: 0.0451650 seconds
52.010: [GC52.010: [ParNew: 54617K->6206K(55872K), 0.0020530 secs] 110836K->62790K(182144K), 0.0020950 secs] [Times: user=0.02 sys=0.00, real=0.00 secs] 
52.012: Total time for which application threads were stopped: 0.0042280 seconds, Stopping threads took: 0.0020760 seconds
52.055: Application time: 0.0430120 seconds
52.057: [GC52.057: [ParNew: 55870K->6207K(55872K), 0.0023130 secs] 112454K->64094K(182144K), 0.0023570 secs] [Times: user=0.02 sys=0.00, real=0.00 secs] 
52.060: Total time for which application threads were stopped: 0.0045150 seconds, Stopping threads took: 0.0020930 seconds
52.104: Application time: 0.0443070 seconds
52.106: [GC52.106: [ParNew: 55871K->6206K(55872K), 0.0022220 secs] 113758K->65340K(182144K), 0.0022630 secs] [Times: user=0.01 sys=0.00, real=0.00 secs] 
52.108: Total time for which application threads were stopped: 0.0040370 seconds, Stopping threads took: 0.0017080 seconds
52.153: Application time: 0.0449690 seconds
52.155: [GC52.155: [ParNew: 55870K->5830K(55872K), 0.0016660 secs] 115004K->64964K(182144K), 0.0017040 secs] [Times: user=0.01 sys=0.00, real=0.00 secs] 
52.157: Total time for which application threads were stopped: 0.0034620 seconds, Stopping threads took: 0.0016720 seconds
52.203: Application time: 0.0461770 seconds
52.206: [GC52.206: [ParNew: 55494K->6002K(55872K), 0.0018470 secs] 114628K->65221K(182144K), 0.0018900 secs] [Times: user=0.01 sys=0.01, real=0.00 secs] 
52.208: Total time for which application threads were stopped: 0.0048450 seconds, Stopping threads took: 0.0028840 seconds
52.252: Application time: 0.0446450 seconds
52.255: [GC52.255: [ParNew: 55666K->5892K(55872K), 0.0018150 secs] 114885K->65112K(182144K), 0.0018540 secs] [Times: user=0.01 sys=0.00, real=0.00 secs] 
52.256: Total time for which application threads were stopped: 0.0041800 seconds, Stopping threads took: 0.0022560 seconds
52.302: Application time: 0.0457900 seconds
52.303: [GC52.303: [ParNew: 55556K->4754K(55872K), 0.0016310 secs] 114776K->64031K(182144K), 0.0016700 secs] [Times: user=0.01 sys=0.00, real=0.00 secs] 
52.305: Total time for which application threads were stopped: 0.0029250 seconds, Stopping threads took: 0.0011940 seconds
52.350: Application time: 0.0446970 seconds
52.351: [GC52.351: [ParNew: 54418K->6207K(55872K), 0.0022850 secs] 113695K->66710K(182144K), 0.0023390 secs] [Times: user=0.02 sys=0.00, real=0.01 secs] 
52.353: Total time for which application threads were stopped: 0.0036110 seconds, Stopping threads took: 0.0012080 seconds
52.399: Application time: 0.0458260 seconds
52.401: [GC52.401: [ParNew: 55871K->6207K(55872K), 0.0019230 secs] 116374K->66915K(182144K), 0.0019670 secs] [Times: user=0.01 sys=0.00, real=0.01 secs] 
52.403: Total time for which application threads were stopped: 0.0039530 seconds, Stopping threads took: 0.0019220 seconds
52.448: Application time: 0.0445120 seconds
52.449: [GC52.449: [ParNew: 55871K->6207K(55872K), 0.0022570 secs] 116579K->67994K(182144K), 0.0022980 secs] [Times: user=0.02 sys=0.00, real=0.00 secs] 
52.452: Total time for which application threads were stopped: 0.0037560 seconds, Stopping threads took: 0.0013710 seconds
52.496: Application time: 0.0444170 seconds
52.499: [GC52.499: [ParNew: 55871K->6206K(55872K), 0.0021920 secs] 117658K->68513K(182144K), 0.0022350 secs] [Times: user=0.02 sys=0.00, real=0.00 secs] 
52.501: Total time for which application threads were stopped: 0.0048180 seconds, Stopping threads took: 0.0025200 seconds
52.546: Application time: 0.0454930 seconds
52.548: [GC52.548: [ParNew: 55870K->6195K(55872K), 0.0019830 secs] 118177K->68502K(182144K), 0.0020240 secs] [Times: user=0.01 sys=0.00, real=0.00 secs] 
52.550: Total time for which application threads were stopped: 0.0038350 seconds, Stopping threads took: 0.0017490 seconds
52.596: Application time: 0.0455820 seconds
52.599: [GC52.599: [ParNew: 55859K->6023K(55872K), 0.0018220 secs] 118166K->68358K(182144K), 0.0018670 secs] [Times: user=0.01 sys=0.00, real=0.00 secs] 
52.600: Total time for which application threads were stopped: 0.0047130 seconds, Stopping threads took: 0.0027790 seconds
52.647: Application time: 0.0465050 seconds
52.649: [GC52.649: [ParNew: 55687K->6207K(55872K), 0.0020360 secs] 118022K->68825K(182144K), 0.0020770 secs] [Times: user=0.01 sys=0.00, real=0.00 secs] 
52.652: Total time for which application threads were stopped: 0.0045960 seconds, Stopping threads took: 0.0024500 seconds
52.696: Application time: 0.0449570 seconds
52.699: [GC52.699: [ParNew: 55871K->6207K(55872K), 0.0021110 secs] 118489K->69459K(182144K), 0.0021540 secs] [Times: user=0.01 sys=0.00, real=0.00 secs] 
52.701: Total time for which application threads were stopped: 0.0048420 seconds, Stopping threads took: 0.0026220 seconds
52.746: Application time: 0.0443560 seconds
52.748: [GC52.748: [ParNew: 55871K->6206K(55872K), 0.0021530 secs] 119123K->70058K(182144K), 0.0021920 secs] [Times: user=0.02 sys=0.00, real=0.00 secs] 
52.750: Total time for which application threads were stopped: 0.0045820 seconds, Stopping threads took: 0.0023210 seconds
52.796: Application time: 0.0454680 seconds
52.798: [GC52.798: [ParNew: 55870K->5889K(55872K), 0.0018890 secs] 119722K->69798K(182144K), 0.0019260 secs] [Times: user=0.02 sys=0.00, real=0.00 secs] 
52.800: Total time for which application threads were stopped: 0.0044200 seconds, Stopping threads took: 0.0024320 seconds
52.844: Application time: 0.0441200 seconds
52.847: [GC52.847: [ParNew: 55553K->6207K(55872K), 0.0022490 secs] 119462K->71429K(182144K), 0.0022900 secs] [Times: user=0.02 sys=0.00, real=0.00 secs] 
52.849: Total time for which application threads were stopped: 0.0048850 seconds, Stopping threads took: 0.0025310 seconds
52.894: Application time: 0.0451560 seconds
52.897: [GC52.897: [ParNew: 55871K->6206K(55872K), 0.0019950 secs] 121093K->71765K(182144K), 0.0020380 secs] [Times: user=0.02 sys=0.00, real=0.00 secs] 
52.899: Total time for which application threads were stopped: 0.0047770 seconds, Stopping threads took: 0.0026740 seconds
52.943: Application time: 0.0438680 seconds
52.945: [GC52.945: [ParNew: 55870K->6207K(55872K), 0.0022730 secs] 121429K->72855K(182144K), 0.0023150 secs] [Times: user=0.01 sys=0.00, real=0.00 secs] 
52.948: Total time for which application threads were stopped: 0.0048410 seconds, Stopping threads took: 0.0024600 seconds
52.993: Application time: 0.0447980 seconds
52.995: [GC52.995: [ParNew: 55871K->6207K(55872K), 0.0020270 secs] 122519K->73467K(182144K), 0.0020780 secs] [Times: user=0.02 sys=0.00, real=0.00 secs] 
52.997: Total time for which application threads were stopped: 0.0046990 seconds, Stopping threads took: 0.0025550 seconds
53.043: Application time: 0.0456990 seconds
53.045: [GC53.045: [ParNew: 55871K->6207K(55872K), 0.0020450 secs] 123131K->73538K(182144K), 0.0020860 secs] [Times: user=0.01 sys=0.00, real=0.00 secs] 
53.047: Total time for which application threads were stopped: 0.0038810 seconds, Stopping threads took: 0.0017310 seconds
53.091: Application time: 0.0437790 seconds
53.092: [GC53.092: [ParNew: 55871K->6207K(55872K), 0.0019560 secs] 123202K->73726K(182144K), 0.0019980 secs] [Times: user=0.01 sys=0.00, real=0.01 secs] 
53.094: Total time for which application threads were stopped: 0.0036210 seconds, Stopping threads took: 0.0015590 seconds
53.139: Application time: 0.0443370 seconds
53.141: [GC53.141: [ParNew: 55871K->6207K(55872K), 0.0021090 secs] 123390K->73922K(182144K), 0.0021520 secs] [Times: user=0.01 sys=0.00, real=0.01 secs] 
53.143: Total time for which application threads were stopped: 0.0047390 seconds, Stopping threads took: 0.0025210 seconds
53.188: Application time: 0.0446080 seconds
53.189: [GC53.189: [ParNew: 55869K->6206K(55872K), 0.0024290 secs] 123584K->75104K(182144K), 0.0024730 secs] [Times: user=0.01 sys=0.01, real=0.00 secs] 
53.192: Total time for which application threads were stopped: 0.0038900 seconds, Stopping threads took: 0.0013470 seconds
53.237: Application time: 0.0448450 seconds
53.238: [GC53.238: [ParNew: 55870K->5835K(55872K), 0.0018250 secs] 124768K->74733K(182144K), 0.0018670 secs] [Times: user=0.01 sys=0.00, real=0.00 secs] 
53.240: Total time for which application threads were stopped: 0.0034870 seconds, Stopping threads took: 0.0015570 seconds
53.286: Application time: 0.0456280 seconds
53.288: [GC53.288: [ParNew: 55499K->5269K(55872K), 0.0017950 secs] 124397K->74252K(182144K), 0.0018360 secs] [Times: user=0.01 sys=0.00, real=0.00 secs] 
53.290: Total time for which application threads were stopped: 0.0040300 seconds, Stopping threads took: 0.0021040 seconds
53.333: Application time: 0.0436250 seconds
53.335: [GC53.335: [ParNew: 54933K->6207K(55872K), 0.0024540 secs] 123916K->76337K(182144K), 0.0025030 secs] [Times: user=0.02 sys=0.00, real=0.00 secs] 
53.338: Total time for which application threads were stopped: 0.0044190 seconds, Stopping threads took: 0.0018300 seconds
53.383: Application time: 0.0451770 seconds
53.385: [GC53.385: [ParNew: 55871K->6206K(55872K), 0.0022170 secs] 126001K->77435K(182144K), 0.0022650 secs] [Times: user=0.01 sys=0.00, real=0.00 secs] 
53.388: Total time for which application threads were stopped: 0.0044570 seconds, Stopping threads took: 0.0021230 seconds
53.433: Application time: 0.0457460 seconds
53.436: [GC53.436: [ParNew: 55870K->6206K(55872K), 0.0021630 secs] 127099K->78272K(182144K), 0.0022060 secs] [Times: user=0.02 sys=0.00, real=0.00 secs] 
53.438: Total time for which application threads were stopped: 0.0046610 seconds, Stopping threads took: 0.0023910 seconds
53.483: Application time: 0.0454960 seconds
53.485: [GC53.485: [ParNew: 55870K->6206K(55872K), 0.0024080 secs] 127936K->79920K(182144K), 0.0024580 secs] [Times: user=0.01 sys=0.00, real=0.00 secs] 
53.488: Total time for which application threads were stopped: 0.0043840 seconds, Stopping threads took: 0.0018620 seconds
53.533: Application time: 0.0450810 seconds
53.535: [GC53.535: [ParNew: 55870K->5956K(55872K), 0.0018440 secs] 129584K->79670K(182144K), 0.0018840 secs] [Times: user=0.01 sys=0.00, real=0.00 secs] 
53.537: Total time for which application threads were stopped: 0.0043180 seconds, Stopping threads took: 0.0023600 seconds
53.582: Application time: 0.0450070 seconds
53.583: [GC53.583: [ParNew: 55620K->5934K(55872K), 0.0018110 secs] 129334K->79647K(182144K), 0.0018520 secs] [Times: user=0.02 sys=0.00, real=0.00 secs] 
53.585: Total time for which application threads were stopped: 0.0029090 seconds, Stopping threads took: 0.0009920 seconds
53.629: Application time: 0.0436530 seconds
53.631: [GC53.631: [ParNew: 55598K->6207K(55872K), 0.0023090 secs] 129311K->80562K(182144K), 0.0023600 secs] [Times: user=0.01 sys=0.00, real=0.00 secs] 
53.633: Total time for which application threads were stopped: 0.0042200 seconds, Stopping threads took: 0.0017860 seconds
53.678: Application time: 0.0446030 seconds
53.680: [GC53.680: [ParNew: 55871K->6207K(55872K), 0.0020000 secs] 130226K->80653K(182144K), 0.0020420 secs] [Times: user=0.01 sys=0.00, real=0.01 secs] 
53.682: Total time for which application threads were stopped: 0.0043790 seconds, Stopping threads took: 0.0022730 seconds
53.727: Application time: 0.0450850 seconds
53.729: [GC53.729: [ParNew: 55871K->5017K(55872K), 0.0016440 secs] 130317K->79462K(182144K), 0.0016830 secs] [Times: user=0.01 sys=0.00, real=0.00 secs] 
53.730: Total time for which application threads were stopped: 0.0033210 seconds, Stopping threads took: 0.0015530 seconds
53.776: Application time: 0.0459270 seconds
53.777: [GC53.777: [ParNew: 54681K->5443K(55872K), 0.0017300 secs] 129126K->79974K(182144K), 0.0017680 secs] [Times: user=0.01 sys=0.00, real=0.00 secs] 
53.779: Total time for which application threads were stopped: 0.0026110 seconds, Stopping threads took: 0.0007830 seconds
53.823: Application time: 0.0443940 seconds
53.825: [GC53.825: [ParNew: 55107K->6206K(55872K), 0.0022780 secs] 129638K->81415K(182144K), 0.0023210 secs] [Times: user=0.01 sys=0.00, real=0.00 secs] 
53.827: Total time for which application threads were stopped: 0.0041010 seconds, Stopping threads took: 0.0017020 seconds
53.872: Application time: 0.0449310 seconds
53.874: [GC53.874: [ParNew: 55870K->5749K(55872K), 0.0020100 secs] 131079K->80974K(182144K), 0.0020540 secs] [Times: user=0.01 sys=0.00, real=0.00 secs] 
53.876: Total time for which application threads were stopped: 0.0039720 seconds, Stopping threads took: 0.0018460 seconds
53.919: Application time: 0.0430310 seconds
53.922: [GC53.922: [ParNew: 55413K->6207K(55872K), 0.0022140 secs] 130638K->82551K(182144K), 0.0022610 secs] [Times: user=0.02 sys=0.00, real=0.00 secs] 
53.924: Total time for which application threads were stopped: 0.0047270 seconds, Stopping threads took: 0.0023770 seconds
53.969: Application time: 0.0446870 seconds
53.971: [GC53.971: [ParNew: 55871K->6207K(55872K), 0.0022140 secs] 132215K->83647K(182144K), 0.0022570 secs] [Times: user=0.02 sys=0.00, real=0.01 secs] 
53.974: Total time for which application threads were stopped: 0.0046540 seconds, Stopping threads took: 0.0023310 seconds
54.020: Application time: 0.0461290 seconds
54.023: [GC54.023: [ParNew: 55871K->6207K(55872K), 0.0018550 secs] 133311K->83819K(182144K), 0.0018970 secs] [Times: user=0.02 sys=0.00, real=0.00 secs] 
54.025: Total time for which application threads were stopped: 0.0048990 seconds, Stopping threads took: 0.0029360 seconds
54.071: Application time: 0.0461080 seconds
54.073: [GC54.073: [ParNew: 55871K->6207K(55872K), 0.0018970 secs] 133483K->84035K(182144K), 0.0019370 secs] [Times: user=0.02 sys=0.00, real=0.01 secs] 
54.075: Total time for which application threads were stopped: 0.0040500 seconds, Stopping threads took: 0.0020500 seconds
54.121: Application time: 0.0462920 seconds
54.124: [GC54.124: [ParNew: 55871K->6206K(55872K), 0.0019060 secs] 133699K->84189K(182144K), 0.0019510 secs] [Times: user=0.02 sys=0.00, real=0.00 secs] 
54.126: Total time for which application threads were stopped: 0.0049490 seconds, Stopping threads took: 0.0029330 seconds
54.176: Application time: 0.0497640 seconds
54.178: [GC54.178: [ParNew: 55870K->4434K(55872K), 0.0015690 secs] 133853K->82446K(182144K), 0.0016070 secs] [Times: user=0.01 sys=0.00, real=0.00 secs] 
54.179: Total time for which application threads were stopped: 0.0035860 seconds, Stopping threads took: 0.0019200 seconds
54.225: Application time: 0.0459760 seconds
54.227: [GC54.227: [ParNew: 54098K->6053K(55872K), 0.0018970 secs] 132110K->84093K(182144K), 0.0019370 secs] [Times: user=0.01 sys=0.00, real=0.00 secs] 
54.229: Total time for which application threads were stopped: 0.0036620 seconds, Stopping threads took: 0.0016460 seconds
54.276: Application time: 0.0466910 seconds
54.278: [GC54.278: [ParNew: 55717K->5505K(55872K), 0.0018060 secs] 133757K->83573K(182144K), 0.0018430 secs] [Times: user=0.01 sys=0.00, real=0.00 secs] 
54.280: Total time for which application threads were stopped: 0.0038630 seconds, Stopping threads took: 0.0019370 seconds
54.324: Application time: 0.0448320 seconds
54.326: [GC54.326: [ParNew: 55169K->6206K(55872K), 0.0022000 secs] 133237K->85442K(182144K), 0.0022420 secs] [Times: user=0.02 sys=0.00, real=0.00 secs] 
54.328: Total time for which application threads were stopped: 0.0040430 seconds, Stopping threads took: 0.0017300 seconds
54.372: Application time: 0.0434250 seconds
54.373: [GC54.373: [ParNew: 55870K->6206K(55872K), 0.0022490 secs] 135106K->86546K(182144K), 0.0022910 secs] [Times: user=0.02 sys=0.00, real=0.00 secs] 
54.376: Total time for which application threads were stopped: 0.0039450 seconds, Stopping threads took: 0.0015890 seconds
54.420: Application time: 0.0438910 seconds
54.423: [GC54.423: [ParNew: 55870K->6206K(55872K), 0.0022700 secs] 136210K->87540K(182144K), 0.0023130 secs] [Times: user=0.02 sys=0.00, real=0.00 secs] 
54.425: Total time for which application threads were stopped: 0.0051940 seconds, Stopping threads took: 0.0028140 seconds
54.471: Application time: 0.0460020 seconds
54.472: [GC54.472: [ParNew: 55870K->5228K(55872K), 0.0017880 secs] 137204K->86615K(182144K), 0.0018300 secs] [Times: user=0.01 sys=0.00, real=0.01 secs] 
54.474: Total time for which application threads were stopped: 0.0033440 seconds, Stopping threads took: 0.0014520 seconds
54.520: Application time: 0.0460930 seconds
54.522: [GC54.522: [ParNew: 54892K->6206K(55872K), 0.0021740 secs] 136279K->88584K(182144K), 0.0022160 secs] [Times: user=0.01 sys=0.00, real=0.00 secs] 
54.524: Total time for which application threads were stopped: 0.0038300 seconds, Stopping threads took: 0.0015280 seconds
54.567: Application time: 0.0427000 seconds
54.569: [GC54.569: [ParNew: 55870K->6207K(55872K), 0.0022450 secs] 138248K->89518K(182144K), 0.0022910 secs] [Times: user=0.01 sys=0.00, real=0.00 secs] 
54.572: Total time for which application threads were stopped: 0.0046780 seconds, Stopping threads took: 0.0023210 seconds
54.616: Application time: 0.0440620 seconds
54.617: [GC54.617: [ParNew: 55871K->6206K(55872K), 0.0021550 secs] 139182K->90286K(182144K), 0.0021970 secs] [Times: user=0.02 sys=0.00, real=0.00 secs] 
54.619: Total time for which application threads were stopped: 0.0037560 seconds, Stopping threads took: 0.0015000 seconds
54.663: Application time: 0.0438290 seconds
54.664: [GC54.664: [ParNew: 55870K->6206K(55872K), 0.0022460 secs] 139950K->91033K(182144K), 0.0022880 secs] [Times: user=0.02 sys=0.00, real=0.00 secs] 
54.667: Total time for which application threads were stopped: 0.0034530 seconds, Stopping threads took: 0.0011010 seconds
54.713: Application time: 0.0464710 seconds
54.715: [GC54.715: [ParNew: 55870K->6207K(55872K), 0.0022420 secs] 140697K->91813K(182144K), 0.0022840 secs] [Times: user=0.02 sys=0.00, real=0.00 secs] 
54.717: Total time for which application threads were stopped: 0.0040570 seconds, Stopping threads took: 0.0016880 seconds
54.760: Application time: 0.0431690 seconds
54.762: [GC54.762: [ParNew: 55871K->6206K(55872K), 0.0026670 secs] 141477K->93463K(182144K), 0.0027120 secs] [Times: user=0.02 sys=0.00, real=0.00 secs] 
54.765: Total time for which application threads were stopped: 0.0045510 seconds, Stopping threads took: 0.0017590 seconds
54.809: Application time: 0.0439280 seconds
54.810: [GC54.810: [ParNew: 55870K->5742K(55872K), 0.0019160 secs] 143127K->93057K(182144K), 0.0019530 secs] [Times: user=0.01 sys=0.00, real=0.00 secs] 
54.812: Total time for which application threads were stopped: 0.0034990 seconds, Stopping threads took: 0.0014630 seconds
54.856: Application time: 0.0439580 seconds
54.858: [GC54.858: [ParNew: 55406K->6207K(55872K), 0.0024390 secs] 142721K->94918K(182144K), 0.0024850 secs] [Times: user=0.02 sys=0.00, real=0.00 secs] 
54.861: Total time for which application threads were stopped: 0.0047220 seconds, Stopping threads took: 0.0021410 seconds
54.906: Application time: 0.0447230 seconds
54.907: [GC54.907: [ParNew: 55871K->5729K(55872K), 0.0018900 secs] 144582K->94469K(182144K), 0.0019330 secs] [Times: user=0.01 sys=0.00, real=0.00 secs] 
54.909: Total time for which application threads were stopped: 0.0032720 seconds, Stopping threads took: 0.0012740 seconds
54.956: Application time: 0.0467940 seconds
54.959: [GC54.959: [ParNew: 55393K->6206K(55872K), 0.0020890 secs] 144133K->95033K(182144K), 0.0021340 secs] [Times: user=0.02 sys=0.00, real=0.00 secs] 
54.961: Total time for which application threads were stopped: 0.0050380 seconds, Stopping threads took: 0.0028380 seconds
55.005: Application time: 0.0444750 seconds
55.007: [GC55.007: [ParNew: 55870K->6206K(55872K), 0.0022350 secs] 144697K->95872K(182144K), 0.0022790 secs] [Times: user=0.02 sys=0.00, real=0.00 secs] 
55.009: Total time for which application threads were stopped: 0.0038330 seconds, Stopping threads took: 0.0014880 seconds
55.055: Application time: 0.0463250 seconds
55.058: [GC55.058: [ParNew: 55870K->6207K(55872K), 0.0021850 secs] 145536K->96774K(182144K), 0.0022290 secs] [Times: user=0.02 sys=0.00, real=0.00 secs] 
55.060: Total time for which application threads were stopped: 0.0049650 seconds, Stopping threads took: 0.0026720 seconds
55.107: Application time: 0.0463870 seconds
55.108: [GC55.108: [ParNew: 55871K->6124K(55872K), 0.0018400 secs] 146438K->96691K(182144K), 0.0018860 secs] [Times: user=0.02 sys=0.00, real=0.00 secs] 
55.110: Total time for which application threads were stopped: 0.0027680 seconds, Stopping threads took: 0.0008170 seconds
55.155: Application time: 0.0457530 seconds
55.157: [GC55.157: [ParNew: 55788K->6207K(55872K), 0.0021460 secs] 146355K->97199K(182144K), 0.0021890 secs] [Times: user=0.02 sys=0.00, real=0.00 secs] 
55.159: Total time for which application threads were stopped: 0.0035820 seconds, Stopping threads took: 0.0013310 seconds
55.202: Application time: 0.0430920 seconds
55.204: [GC55.204: [ParNew: 55871K->6206K(55872K), 0.0025610 secs] 146863K->98928K(182144K), 0.0026060 secs] [Times: user=0.02 sys=0.00, real=0.00 secs] 
55.207: Total time for which application threads were stopped: 0.0045750 seconds, Stopping threads took: 0.0018850 seconds
55.251: Application time: 0.0443260 seconds
55.253: [GC55.253: [ParNew: 55870K->6206K(55872K), 0.0022120 secs] 148592K->99532K(182144K), 0.0022570 secs] [Times: user=0.02 sys=0.00, real=0.01 secs] 
55.255: Total time for which application threads were stopped: 0.0044350 seconds, Stopping threads took: 0.0021110 seconds
55.299: Application time: 0.0436360 seconds
55.301: [GC55.301: [ParNew: 55870K->6206K(55872K), 0.0021060 secs] 149196K->100194K(182144K), 0.0021510 secs] [Times: user=0.02 sys=0.00, real=0.01 secs] 
55.303: Total time for which application threads were stopped: 0.0043310 seconds, Stopping threads took: 0.0020920 seconds
55.348: Application time: 0.0447360 seconds
55.351: [GC55.351: [ParNew: 55870K->5748K(55872K), 0.0018670 secs] 149858K->99765K(182144K), 0.0019080 secs] [Times: user=0.01 sys=0.00, real=0.00 secs] 
55.353: Total time for which application threads were stopped: 0.0045770 seconds, Stopping threads took: 0.0025830 seconds
55.398: Application time: 0.0449400 seconds
55.399: [GC55.399: [ParNew: 55412K->6206K(55872K), 0.0023100 secs] 149429K->100575K(182144K), 0.0023570 secs] [Times: user=0.01 sys=0.00, real=0.01 secs] 
55.402: Total time for which application threads were stopped: 0.0041950 seconds, Stopping threads took: 0.0017640 seconds
55.447: Application time: 0.0449540 seconds
55.450: [GC55.450: [ParNew: 55870K->6206K(55872K), 0.0020710 secs] 150239K->100661K(182144K), 0.0021120 secs] [Times: user=0.02 sys=0.00, real=0.00 secs] 
55.452: Total time for which application threads were stopped: 0.0051150 seconds, Stopping threads took: 0.0029170 seconds
55.497: Application time: 0.0453070 seconds
55.500: [GC55.500: [ParNew: 55870K->6206K(55872K), 0.0018930 secs] 150325K->100685K(182144K), 0.0019450 secs] [Times: user=0.01 sys=0.00, real=0.01 secs] 
55.502: Total time for which application threads were stopped: 0.0047940 seconds, Stopping threads took: 0.0027650 seconds
55.546: Application time: 0.0444370 seconds
55.549: [GC55.549: [ParNew: 55870K->6207K(55872K), 0.0021170 secs] 150349K->101588K(182144K), 0.0021610 secs] [Times: user=0.01 sys=0.00, real=0.00 secs] 
55.551: Total time for which application threads were stopped: 0.0043820 seconds, Stopping threads took: 0.0021350 seconds
55.597: Application time: 0.0460810 seconds
55.599: [GC55.599: [ParNew: 55871K->5656K(55872K), 0.0016850 secs] 151252K->101036K(182144K), 0.0017290 secs] [Times: user=0.01 sys=0.00, real=0.00 secs] 
55.601: Total time for which application threads were stopped: 0.0036340 seconds, Stopping threads took: 0.0018430 seconds
55.647: Application time: 0.0466010 seconds
55.649: [GC55.649: [ParNew: 55320K->6206K(55872K), 0.0022400 secs] 150700K->102490K(182144K), 0.0022840 secs] [Times: user=0.01 sys=0.00, real=0.00 secs] 
55.651: Total time for which application threads were stopped: 0.0038870 seconds, Stopping threads took: 0.0015380 seconds
55.697: Application time: 0.0461270 seconds
55.699: [GC55.699: [ParNew: 55870K->5158K(55872K), 0.0016140 secs] 152154K->101442K(182144K), 0.0016550 secs] [Times: user=0.01 sys=0.00, real=0.00 secs] 
55.700: Total time for which application threads were stopped: 0.0033200 seconds, Stopping threads took: 0.0016000 seconds
55.750: Application time: 0.0497180 seconds
55.752: [GC55.752: [ParNew: 54822K->6207K(55872K), 0.0027450 secs] 151106K->104154K(182144K), 0.0027910 secs] [Times: user=0.02 sys=0.00, real=0.01 secs] 
55.755: Total time for which application threads were stopped: 0.0050160 seconds, Stopping threads took: 0.0021590 seconds
55.803: Application time: 0.0482480 seconds
55.805: [GC55.805: [ParNew: 55871K->6206K(55872K), 0.0021640 secs] 153818K->104530K(182144K), 0.0022080 secs] [Times: user=0.02 sys=0.00, real=0.00 secs] 
55.807: Total time for which application threads were stopped: 0.0039760 seconds, Stopping threads took: 0.0017040 seconds
55.856: Application time: 0.0483250 seconds
55.858: [GC55.858: [ParNew: 55870K->6207K(55872K), 0.0021420 secs] 154194K->104822K(182144K), 0.0021810 secs] [Times: user=0.02 sys=0.00, real=0.00 secs] 
55.860: Total time for which application threads were stopped: 0.0041840 seconds, Stopping threads took: 0.0019290 seconds
55.908: Application time: 0.0480680 seconds
55.910: [GC55.910: [ParNew: 55871K->6206K(55872K), 0.0022220 secs] 154486K->105348K(182144K), 0.0022680 secs] [Times: user=0.01 sys=0.00, real=0.00 secs] 
55.913: Total time for which application threads were stopped: 0.0047300 seconds, Stopping threads took: 0.0023670 seconds
55.958: Application time: 0.0456370 seconds
55.961: [GC55.961: [ParNew: 55870K->6207K(55872K), 0.0025850 secs] 155012K->107002K(182144K), 0.0026290 secs] [Times: user=0.02 sys=0.00, real=0.01 secs] 
55.964: Total time for which application threads were stopped: 0.0054070 seconds, Stopping threads took: 0.0026880 seconds
56.014: Application time: 0.0500940 seconds
56.016: [GC56.016: [ParNew: 55871K->5334K(55872K), 0.0017150 secs] 156666K->106158K(182144K), 0.0017570 secs] [Times: user=0.02 sys=0.00, real=0.00 secs] 
56.018: Total time for which application threads were stopped: 0.0040790 seconds, Stopping threads took: 0.0022560 seconds
56.066: Application time: 0.0485280 seconds
56.069: [GC56.069: [ParNew: 54998K->6206K(55872K), 0.0025980 secs] 155822K->108190K(182144K), 0.0026450 secs] [Times: user=0.01 sys=0.01, real=0.00 secs] 
56.071: Total time for which application threads were stopped: 0.0047470 seconds, Stopping threads took: 0.0020120 seconds
56.118: Application time: 0.0472580 seconds
56.120: [GC56.120: [ParNew: 55870K->5706K(55872K), 0.0017630 secs] 157854K->107690K(182144K), 0.0018060 secs] [Times: user=0.02 sys=0.00, real=0.01 secs] 
56.122: Total time for which application threads were stopped: 0.0034820 seconds, Stopping threads took: 0.0016180 seconds
56.169: Application time: 0.0465820 seconds
56.170: [GC56.170: [ParNew: 55370K->6207K(55872K), 0.0019840 secs] 157354K->108561K(182144K), 0.0020370 secs] [Times: user=0.02 sys=0.00, real=0.00 secs] 
56.172: Total time for which application threads were stopped: 0.0036620 seconds, Stopping threads took: 0.0015640 seconds
56.220: Application time: 0.0478060 seconds
56.223: [GC56.223: [ParNew: 55871K->6206K(55872K), 0.0021050 secs] 158225K->108837K(182144K), 0.0021530 secs] [Times: user=0.02 sys=0.00, real=0.00 secs] 
56.225: Total time for which application threads were stopped: 0.0046710 seconds, Stopping threads took: 0.0024310 seconds
56.273: Application time: 0.0479940 seconds
56.276: [GC56.276: [ParNew: 55870K->6207K(55872K), 0.0024580 secs] 158501K->110004K(182144K), 0.0025060 secs] [Times: user=0.02 sys=0.00, real=0.00 secs] 
56.278: Total time for which application threads were stopped: 0.0055040 seconds, Stopping threads took: 0.0029310 seconds
56.326: Application time: 0.0480030 seconds
56.328: [GC56.328: [ParNew: 55871K->6206K(55872K), 0.0022200 secs] 159668K->110150K(182144K), 0.0022650 secs] [Times: user=0.02 sys=0.00, real=0.00 secs] 
56.330: Total time for which application threads were stopped: 0.0041010 seconds, Stopping threads took: 0.0017470 seconds
56.379: Application time: 0.0483560 seconds
56.381: [GC56.381: [ParNew: 55870K->6153K(55872K), 0.0018890 secs] 159814K->110125K(182144K), 0.0019310 secs] [Times: user=0.02 sys=0.00, real=0.01 secs] 
56.383: Total time for which application threads were stopped: 0.0038360 seconds, Stopping threads took: 0.0018390 seconds
56.430: Application time: 0.0474080 seconds
56.432: [GC56.432: [ParNew: 55817K->6207K(55872K), 0.0027320 secs] 159789K->111897K(182144K), 0.0027770 secs] [Times: user=0.02 sys=0.00, real=0.01 secs] 
56.435: Total time for which application threads were stopped: 0.0045780 seconds, Stopping threads took: 0.0017050 seconds
56.483: Application time: 0.0484320 seconds
56.484: [GC56.484: [ParNew: 55871K->5641K(55872K), 0.0018590 secs] 161561K->111360K(182144K), 0.0019040 secs] [Times: user=0.01 sys=0.00, real=0.00 secs] 
56.486: Total time for which application threads were stopped: 0.0028230 seconds, Stopping threads took: 0.0008520 seconds
 CMS: abort preclean due to time 56.487: [CMS-concurrent-abortable-preclean: 0.260/5.020 secs] [Times: user=38.45 sys=0.15, real=5.02 secs] 
56.487: Application time: 0.0016420 seconds
56.490: [GC[YG occupancy: 9855 K (55872 K)]56.490: [Rescan (parallel) , 0.0002510 secs]56.490: [weak refs processing, 0.0000080 secs]56.490: [scrub string table, 0.0001210 secs] [1 CMS-remark: 105718K(126272K)] 115574K(182144K), 0.0004080 secs] [Times: user=0.00 sys=0.00, real=0.00 secs] 
56.490: Total time for which application threads were stopped: 0.0025220 seconds, Stopping threads took: 0.0020870 seconds
56.490: [CMS-concurrent-sweep-start]
56.497: [CMS-concurrent-sweep: 0.007/0.007 secs] [Times: user=0.03 sys=0.00, real=0.01 secs] 
56.497: [CMS-concurrent-reset-start]
56.498: [CMS-concurrent-reset: 0.000/0.000 secs] [Times: user=0.03 sys=0.00, real=0.00 secs] 
56.535: Application time: 0.0446360 seconds
56.538: [GC56.538: [ParNew: 55305K->6207K(55872K), 0.0019980 secs] 111980K->63283K(182144K), 0.0020480 secs] [Times: user=0.01 sys=0.00, real=0.00 secs] 
56.540: Total time for which application threads were stopped: 0.0053490 seconds, Stopping threads took: 0.0032340 seconds
56.587: Application time: 0.0474330 seconds
56.590: [GC56.590: [ParNew: 55871K->6206K(55872K), 0.0023040 secs] 112947K->63682K(182144K), 0.0023490 secs] [Times: user=0.01 sys=0.00, real=0.00 secs] 
56.592: Total time for which application threads were stopped: 0.0047320 seconds, Stopping threads took: 0.0023140 seconds
56.640: Application time: 0.0483800 seconds
56.643: [GC56.643: [ParNew: 55870K->6206K(55872K), 0.0021050 secs] 113346K->64296K(182144K), 0.0021520 secs] [Times: user=0.01 sys=0.00, real=0.00 secs] 
56.645: Total time for which application threads were stopped: 0.0044420 seconds, Stopping threads took: 0.0022230 seconds
56.694: Application time: 0.0489390 seconds
56.696: [GC56.696: [ParNew: 55870K->5790K(55872K), 0.0018050 secs] 113960K->63880K(182144K), 0.0018550 secs] [Times: user=0.01 sys=0.00, real=0.00 secs] 
56.698: Total time for which application threads were stopped: 0.0040420 seconds, Stopping threads took: 0.0021210 seconds
56.746: Application time: 0.0481020 seconds
56.748: [GC56.748: [ParNew: 55454K->6207K(55872K), 0.0021950 secs] 113544K->64522K(182144K), 0.0022370 secs] [Times: user=0.01 sys=0.00, real=0.00 secs] 
56.751: Total time for which application threads were stopped: 0.0044940 seconds, Stopping threads took: 0.0021930 seconds
56.804: Application time: 0.0533140 seconds
56.806: [GC56.806: [ParNew: 55871K->2909K(55872K), 0.0010590 secs] 114186K->61223K(182144K), 0.0010910 secs] [Times: user=0.01 sys=0.00, real=0.00 secs] 
56.807: Total time for which application threads were stopped: 0.0034830 seconds, Stopping threads took: 0.0023140 seconds
56.855: Application time: 0.0472530 seconds
56.858: [GC56.858: [ParNew: 52573K->6206K(55872K), 0.0020400 secs] 110887K->64733K(182144K), 0.0020830 secs] [Times: user=0.02 sys=0.00, real=0.00 secs] 
56.860: Total time for which application threads were stopped: 0.0051630 seconds, Stopping threads took: 0.0030120 seconds
56.910: Application time: 0.0498360 seconds
56.913: [GC56.913: [ParNew: 55870K->4962K(55872K), 0.0016510 secs] 114397K->63546K(182144K), 0.0016900 secs] [Times: user=0.02 sys=0.00, real=0.01 secs] 
56.914: Total time for which application threads were stopped: 0.0048800 seconds, Stopping threads took: 0.0031060 seconds
56.962: Application time: 0.0476480 seconds
56.964: [GC56.964: [ParNew: 54626K->5362K(55872K), 0.0017750 secs] 113210K->64003K(182144K), 0.0018190 secs] [Times: user=0.00 sys=0.01, real=0.00 secs] 
56.965: Total time for which application threads were stopped: 0.0033710 seconds, Stopping threads took: 0.0014570 seconds
57.015: Application time: 0.0497090 seconds
57.018: [GC57.018: [ParNew: 55026K->6207K(55872K), 0.0020640 secs] 113667K->65238K(182144K), 0.0021060 secs] [Times: user=0.01 sys=0.00, real=0.00 secs] 
57.020: Total time for which application threads were stopped: 0.0048900 seconds, Stopping threads took: 0.0026940 seconds
57.068: Application time: 0.0478210 seconds
57.070: [GC57.070: [ParNew: 55871K->6206K(55872K), 0.0020960 secs] 114902K->65534K(182144K), 0.0021390 secs] [Times: user=0.02 sys=0.00, real=0.00 secs] 
57.072: Total time for which application threads were stopped: 0.0043080 seconds, Stopping threads took: 0.0021020 seconds
57.122: Application time: 0.0493700 seconds
57.123: [GC57.123: [ParNew: 55870K->4966K(55872K), 0.0016000 secs] 115198K->64294K(182144K), 0.0016390 secs] [Times: user=0.01 sys=0.00, real=0.00 secs] 
57.125: Total time for which application threads were stopped: 0.0033860 seconds, Stopping threads took: 0.0016900 seconds
57.174: Application time: 0.0491980 seconds
57.177: [GC57.177: [ParNew: 54630K->6206K(55872K), 0.0021770 secs] 113958K->65755K(182144K), 0.0022200 secs] [Times: user=0.02 sys=0.00, real=0.00 secs] 
57.179: Total time for which application threads were stopped: 0.0047010 seconds, Stopping threads took: 0.0024140 seconds
57.228: Application time: 0.0492570 seconds
57.231: [GC57.231: [ParNew: 55870K->6206K(55872K), 0.0019300 secs] 115419K->65954K(182144K), 0.0019690 secs] [Times: user=0.02 sys=0.00, real=0.00 secs] 
57.233: Total time for which application threads were stopped: 0.0049350 seconds, Stopping threads took: 0.0029030 seconds
57.280: Application time: 0.0467110 seconds
57.281: [GC57.281: [ParNew: 55870K->6207K(55872K), 0.0018830 secs] 115618K->66094K(182144K), 0.0019270 secs] [Times: user=0.01 sys=0.00, real=0.01 secs] 
57.283: Total time for which application threads were stopped: 0.0034220 seconds, Stopping threads took: 0.0014250 seconds
57.332: Application time: 0.0490630 seconds
57.334: [GC57.334: [ParNew: 55871K->6206K(55872K), 0.0020540 secs] 115758K->66410K(182144K), 0.0020960 secs] [Times: user=0.02 sys=0.00, real=0.00 secs] 
57.337: Total time for which application threads were stopped: 0.0043190 seconds, Stopping threads took: 0.0021290 seconds
57.384: Application time: 0.0476020 seconds
57.386: [GC57.386: [ParNew: 55870K->6206K(55872K), 0.0020700 secs] 116074K->66706K(182144K), 0.0021180 secs] [Times: user=0.01 sys=0.00, real=0.00 secs] 
57.388: Total time for which application threads were stopped: 0.0038550 seconds, Stopping threads took: 0.0016690 seconds
57.434: Application time: 0.0457900 seconds
57.437: [GC57.437: [ParNew: 55870K->6207K(55872K), 0.0023290 secs] 116370K->67807K(182144K), 0.0023750 secs] [Times: user=0.01 sys=0.00, real=0.00 secs] 
57.439: Total time for which application threads were stopped: 0.0052380 seconds, Stopping threads took: 0.0027940 seconds
57.439: Application time: 0.0001940 seconds
57.442: [GC [1 CMS-initial-mark: 61599K(126272K)] 69175K(182144K), 0.0002100 secs] [Times: user=0.00 sys=0.00, real=0.00 secs] 
57.443: Total time for which application threads were stopped: 0.0033070 seconds, Stopping threads took: 0.0030500 seconds
57.443: [CMS-concurrent-mark-start]
57.448: [CMS-concurrent-mark: 0.005/0.005 secs] [Times: user=0.02 sys=0.00, real=0.00 secs] 
57.448: [CMS-concurrent-preclean-start]
57.448: [CMS-concurrent-preclean: 0.000/0.000 secs] [Times: user=0.00 sys=0.00, real=0.00 secs] 
57.448: [CMS-concurrent-abortable-preclean-start]
57.489: Application time: 0.0468100 seconds
57.492: [GC57.492: [ParNew: 55871K->5517K(55872K), 0.0020700 secs] 117471K->67174K(182144K), 0.0021160 secs] [Times: user=0.02 sys=0.00, real=0.01 secs] 
57.494: Total time for which application threads were stopped: 0.0044740 seconds, Stopping threads took: 0.0022610 seconds
57.541: Application time: 0.0468580 seconds
57.543: [GC57.543: [ParNew: 55181K->5840K(55872K), 0.0019130 secs] 116838K->67497K(182144K), 0.0019530 secs] [Times: user=0.01 sys=0.00, real=0.00 secs] 
57.545: Total time for which application threads were stopped: 0.0042210 seconds, Stopping threads took: 0.0021820 seconds
57.593: Application time: 0.0484500 seconds
57.595: [GC57.595: [ParNew: 55504K->5515K(55872K), 0.0018640 secs] 117161K->67229K(182144K), 0.0019070 secs] [Times: user=0.01 sys=0.00, real=0.00 secs] 
57.597: Total time for which application threads were stopped: 0.0038820 seconds, Stopping threads took: 0.0018910 seconds
57.646: Application time: 0.0484120 seconds
57.649: [GC57.649: [ParNew: 55179K->5965K(55872K), 0.0021270 secs] 116893K->67736K(182144K), 0.0021750 secs] [Times: user=0.01 sys=0.00, real=0.00 secs] 
57.651: Total time for which application threads were stopped: 0.0052060 seconds, Stopping threads took: 0.0029630 seconds
57.701: Application time: 0.0498070 seconds
57.702: [GC57.702: [ParNew: 55629K->6054K(55872K), 0.0021950 secs] 117400K->67825K(182144K), 0.0022390 secs] [Times: user=0.01 sys=0.00, real=0.00 secs] 
57.705: Total time for which application threads were stopped: 0.0039480 seconds, Stopping threads took: 0.0016330 seconds
57.757: Application time: 0.0521680 seconds
57.757: [GC57.757: [ParNew: 55718K->4180K(55872K), 0.0015010 secs] 117489K->65951K(182144K), 0.0015380 secs] [Times: user=0.01 sys=0.00, real=0.00 secs] 
57.759: Total time for which application threads were stopped: 0.0018890 seconds, Stopping threads took: 0.0002900 seconds
57.806: Application time: 0.0474390 seconds
57.807: [GC57.807: [ParNew: 53844K->4867K(55872K), 0.0015640 secs] 115615K->66637K(182144K), 0.0016010 secs] [Times: user=0.01 sys=0.00, real=0.00 secs] 
57.809: Total time for which application threads were stopped: 0.0028040 seconds, Stopping threads took: 0.0011400 seconds
57.857: Application time: 0.0484120 seconds
57.860: [GC57.860: [ParNew: 54531K->6074K(55872K), 0.0020540 secs] 116301K->67845K(182144K), 0.0020980 secs] [Times: user=0.02 sys=0.00, real=0.01 secs] 
57.862: Total time for which application threads were stopped: 0.0042990 seconds, Stopping threads took: 0.0021350 seconds
57.909: Application time: 0.0470010 seconds
57.911: [GC57.911: [ParNew: 55738K->6206K(55872K), 0.0021810 secs] 117509K->68696K(182144K), 0.0022270 secs] [Times: user=0.01 sys=0.00, real=0.01 secs] 
57.914: Total time for which application threads were stopped: 0.0048280 seconds, Stopping threads took: 0.0025040 seconds
57.960: Application time: 0.0465130 seconds
57.962: [GC57.962: [ParNew: 55870K->5506K(55872K), 0.0018630 secs] 118360K->68052K(182144K), 0.0019060 secs] [Times: user=0.01 sys=0.00, real=0.00 secs] 
57.964: Total time for which application threads were stopped: 0.0041930 seconds, Stopping threads took: 0.0022010 seconds
58.011: Application time: 0.0464700 seconds
58.013: [GC58.013: [ParNew: 55170K->6206K(55872K), 0.0021910 secs] 117716K->69489K(182144K), 0.0022360 secs] [Times: user=0.02 sys=0.00, real=0.01 secs] 
58.015: Total time for which application threads were stopped: 0.0047520 seconds, Stopping threads took: 0.0024420 seconds
58.064: Application time: 0.0488110 seconds
58.067: [GC58.067: [ParNew: 55870K->6206K(55872K), 0.0023090 secs] 119153K->70699K(182144K), 0.0023530 secs] [Times: user=0.01 sys=0.00, real=0.00 secs] 
58.069: Total time for which application threads were stopped: 0.0051360 seconds, Stopping threads took: 0.0027180 seconds
58.116: Application time: 0.0465070 seconds
58.118: [GC58.118: [ParNew: 55870K->6206K(55872K), 0.0022340 secs] 120363K->71766K(182144K), 0.0022750 secs] [Times: user=0.01 sys=0.00, real=0.00 secs] 
58.120: Total time for which application threads were stopped: 0.0043070 seconds, Stopping threads took: 0.0019650 seconds
58.169: Application time: 0.0488520 seconds
58.172: [GC58.172: [ParNew: 55870K->6206K(55872K), 0.0019510 secs] 121430K->72066K(182144K), 0.0019960 secs] [Times: user=0.02 sys=0.00, real=0.01 secs] 
58.174: Total time for which application threads were stopped: 0.0044350 seconds, Stopping threads took: 0.0023690 seconds
58.222: Application time: 0.0482840 seconds
58.224: [GC58.224: [ParNew: 55870K->5514K(55872K), 0.0017310 secs] 121730K->71374K(182144K), 0.0017710 secs] [Times: user=0.01 sys=0.00, real=0.00 secs] 
58.226: Total time for which application threads were stopped: 0.0036900 seconds, Stopping threads took: 0.0018540 seconds
58.274: Application time: 0.0485140 seconds
58.276: [GC58.276: [ParNew: 55178K->5443K(55872K), 0.0017810 secs] 121038K->71303K(182144K), 0.0018240 secs] [Times: user=0.01 sys=0.00, real=0.00 secs] 
58.278: Total time for which application threads were stopped: 0.0040650 seconds, Stopping threads took: 0.0021530 seconds
58.327: Application time: 0.0484890 seconds
58.329: [GC58.329: [ParNew: 55107K->6206K(55872K), 0.0023940 secs] 120967K->73214K(182144K), 0.0024420 secs] [Times: user=0.01 sys=0.00, real=0.00 secs] 
58.331: Total time for which application threads were stopped: 0.0045140 seconds, Stopping threads took: 0.0019880 seconds
58.379: Application time: 0.0475590 seconds
58.381: [GC58.381: [ParNew: 55870K->6207K(55872K), 0.0021790 secs] 122878K->73932K(182144K), 0.0022230 secs] [Times: user=0.01 sys=0.00, real=0.01 secs] 
58.383: Total time for which application threads were stopped: 0.0041830 seconds, Stopping threads took: 0.0018920 seconds
58.430: Application time: 0.0467500 seconds
58.432: [GC58.432: [ParNew: 55871K->6206K(55872K), 0.0020890 secs] 123596K->74234K(182144K), 0.0021380 secs] [Times: user=0.02 sys=0.00, real=0.01 secs] 
58.434: Total time for which application threads were stopped: 0.0046200 seconds, Stopping threads took: 0.0024150 seconds
58.481: Application time: 0.0464930 seconds
58.483: [GC58.483: [ParNew: 55870K->6207K(55872K), 0.0023000 secs] 123898K->75558K(182144K), 0.0023490 secs] [Times: user=0.02 sys=0.00, real=0.00 secs] 
58.485: Total time for which application threads were stopped: 0.0042810 seconds, Stopping threads took: 0.0018640 seconds
58.533: Application time: 0.0477810 seconds
58.535: [GC58.535: [ParNew: 55871K->6206K(55872K), 0.0023520 secs] 125222K->76795K(182144K), 0.0023960 secs] [Times: user=0.02 sys=0.00, real=0.00 secs] 
58.537: Total time for which application threads were stopped: 0.0045310 seconds, Stopping threads took: 0.0020610 seconds
58.585: Application time: 0.0476140 seconds
58.587: [GC58.587: [ParNew: 55870K->6206K(55872K), 0.0020400 secs] 126459K->77049K(182144K), 0.0020850 secs] [Times: user=0.02 sys=0.00, real=0.00 secs] 
58.589: Total time for which application threads were stopped: 0.0043860 seconds, Stopping threads took: 0.0022370 seconds
58.638: Application time: 0.0486840 seconds
58.641: [GC58.641: [ParNew: 55870K->6206K(55872K), 0.0020010 secs] 126713K->77118K(182144K), 0.0020430 secs] [Times: user=0.01 sys=0.00, real=0.01 secs] 
58.643: Total time for which application threads were stopped: 0.0047710 seconds, Stopping threads took: 0.0026570 seconds
58.693: Application time: 0.0502140 seconds
58.695: [GC58.695: [ParNew: 55870K->5792K(55872K), 0.0019080 secs] 126782K->76789K(182144K), 0.0019490 secs] [Times: user=0.01 sys=0.00, real=0.00 secs] 
58.697: Total time for which application threads were stopped: 0.0043650 seconds, Stopping threads took: 0.0023440 seconds
58.745: Application time: 0.0478450 seconds
58.747: [GC58.747: [ParNew: 55456K->6207K(55872K), 0.0020380 secs] 126453K->77607K(182144K), 0.0020820 secs] [Times: user=0.01 sys=0.00, real=0.00 secs] 
58.749: Total time for which application threads were stopped: 0.0037120 seconds, Stopping threads took: 0.0015640 seconds
58.799: Application time: 0.0496200 seconds
58.802: [GC58.802: [ParNew: 55871K->4620K(55872K), 0.0014650 secs] 127271K->76019K(182144K), 0.0015040 secs] [Times: user=0.01 sys=0.00, real=0.00 secs] 
58.803: Total time for which application threads were stopped: 0.0045950 seconds, Stopping threads took: 0.0030280 seconds
58.850: Application time: 0.0467590 seconds
58.852: [GC58.852: [ParNew: 54284K->6207K(55872K), 0.0022560 secs] 125683K->78509K(182144K), 0.0023030 secs] [Times: user=0.02 sys=0.00, real=0.01 secs] 
58.854: Total time for which application threads were stopped: 0.0041110 seconds, Stopping threads took: 0.0017410 seconds
58.902: Application time: 0.0480220 seconds
58.904: [GC58.904: [ParNew: 55871K->6207K(55872K), 0.0019610 secs] 128173K->78568K(182144K), 0.0020020 secs] [Times: user=0.02 sys=0.00, real=0.00 secs] 
58.906: Total time for which application threads were stopped: 0.0043590 seconds, Stopping threads took: 0.0022900 seconds
58.955: Application time: 0.0489210 seconds
58.957: [GC58.957: [ParNew: 55871K->6206K(55872K), 0.0021270 secs] 128232K->79230K(182144K), 0.0021700 secs] [Times: user=0.02 sys=0.00, real=0.00 secs] 
58.959: Total time for which application threads were stopped: 0.0036710 seconds, Stopping threads took: 0.0014360 seconds
59.007: Application time: 0.0483390 seconds
59.009: [GC59.009: [ParNew: 55870K->6207K(55872K), 0.0019150 secs] 128894K->79263K(182144K), 0.0019620 secs] [Times: user=0.01 sys=0.00, real=0.00 secs] 
59.011: Total time for which application threads were stopped: 0.0033520 seconds, Stopping threads took: 0.0013240 seconds
59.057: Application time: 0.0465080 seconds
59.060: [GC59.060: [ParNew: 55871K->6207K(55872K), 0.0026700 secs] 128927K->80974K(182144K), 0.0027150 secs] [Times: user=0.02 sys=0.00, real=0.01 secs] 
59.062: Total time for which application threads were stopped: 0.0052690 seconds, Stopping threads took: 0.0024790 seconds
59.110: Application time: 0.0472460 seconds
59.112: [GC59.112: [ParNew: 55871K->6207K(55872K), 0.0022890 secs] 130638K->81424K(182144K), 0.0023340 secs] [Times: user=0.01 sys=0.00, real=0.01 secs] 
59.114: Total time for which application threads were stopped: 0.0041890 seconds, Stopping threads took: 0.0017650 seconds
59.163: Application time: 0.0489190 seconds
59.166: [GC59.166: [ParNew: 55871K->6207K(55872K), 0.0024680 secs] 131088K->82812K(182144K), 0.0025100 secs] [Times: user=0.01 sys=0.00, real=0.00 secs] 
59.168: Total time for which application threads were stopped: 0.0053030 seconds, Stopping threads took: 0.0027270 seconds
59.215: Application time: 0.0467980 seconds
59.217: [GC59.217: [ParNew: 55871K->6207K(55872K), 0.0023200 secs] 132476K->83898K(182144K), 0.0023630 secs] [Times: user=0.02 sys=0.00, real=0.00 secs] 
59.219: Total time for which application threads were stopped: 0.0043450 seconds, Stopping threads took: 0.0019140 seconds
59.268: Application time: 0.0482920 seconds
59.269: [GC59.269: [ParNew: 55871K->6207K(55872K), 0.0023080 secs] 133562K->85053K(182144K), 0.0023630 secs] [Times: user=0.02 sys=0.00, real=0.00 secs] 
59.271: Total time for which application threads were stopped: 0.0034250 seconds, Stopping threads took: 0.0009960 seconds
59.319: Application time: 0.0481600 seconds
59.321: [GC59.321: [ParNew: 55871K->5487K(55872K), 0.0016990 secs] 134717K->84332K(182144K), 0.0017430 secs] [Times: user=0.01 sys=0.00, real=0.01 secs] 
59.322: Total time for which application threads were stopped: 0.0030980 seconds, Stopping threads took: 0.0012910 seconds
59.369: Application time: 0.0468750 seconds
59.371: [GC59.371: [ParNew: 55151K->5550K(55872K), 0.0019230 secs] 133996K->84395K(182144K), 0.0019620 secs] [Times: user=0.02 sys=0.01, real=0.00 secs] 
59.373: Total time for which application threads were stopped: 0.0038240 seconds, Stopping threads took: 0.0017980 seconds
59.420: Application time: 0.0466190 seconds
59.422: [GC59.422: [ParNew: 55214K->6206K(55872K), 0.0024120 secs] 134059K->86491K(182144K), 0.0024570 secs] [Times: user=0.01 sys=0.00, real=0.00 secs] 
59.424: Total time for which application threads were stopped: 0.0046280 seconds, Stopping threads took: 0.0021020 seconds
59.473: Application time: 0.0490150 seconds
59.475: [GC59.475: [ParNew: 55870K->6207K(55872K), 0.0020450 secs] 136155K->86868K(182144K), 0.0020890 secs] [Times: user=0.02 sys=0.00, real=0.00 secs] 
59.477: Total time for which application threads were stopped: 0.0040020 seconds, Stopping threads took: 0.0018470 seconds
59.528: Application time: 0.0506570 seconds
59.530: [GC59.530: [ParNew: 55871K->5116K(55872K), 0.0017070 secs] 136532K->85776K(182144K), 0.0017480 secs] [Times: user=0.02 sys=0.00, real=0.00 secs] 
59.532: Total time for which application threads were stopped: 0.0040210 seconds, Stopping threads took: 0.0022130 seconds
59.581: Application time: 0.0492870 seconds
59.582: [GC59.582: [ParNew: 54780K->6206K(55872K), 0.0020820 secs] 135440K->87237K(182144K), 0.0021260 secs] [Times: user=0.01 sys=0.00, real=0.00 secs] 
59.584: Total time for which application threads were stopped: 0.0032470 seconds, Stopping threads took: 0.0010240 seconds
59.633: Application time: 0.0489640 seconds
59.636: [GC59.636: [ParNew: 55870K->6206K(55872K), 0.0021540 secs] 136901K->87646K(182144K), 0.0021960 secs] [Times: user=0.01 sys=0.00, real=0.00 secs] 
59.638: Total time for which application threads were stopped: 0.0044300 seconds, Stopping threads took: 0.0021680 seconds
59.686: Application time: 0.0477460 seconds
59.687: [GC59.687: [ParNew: 55870K->6207K(55872K), 0.0023370 secs] 137310K->88575K(182144K), 0.0023800 secs] [Times: user=0.00 sys=0.01, real=0.00 secs] 
59.690: Total time for which application threads were stopped: 0.0042330 seconds, Stopping threads took: 0.0017880 seconds
59.737: Application time: 0.0467490 seconds
59.738: [GC59.738: [ParNew: 55871K->5005K(55872K), 0.0014980 secs] 138239K->87372K(182144K), 0.0015320 secs] [Times: user=0.01 sys=0.00, real=0.00 secs] 
59.740: Total time for which application threads were stopped: 0.0033920 seconds, Stopping threads took: 0.0017980 seconds
59.785: Application time: 0.0454040 seconds
59.788: [GC59.788: [ParNew: 54669K->5507K(55872K), 0.0018100 secs] 137036K->87989K(182144K), 0.0018530 secs] [Times: user=0.01 sys=0.00, real=0.00 secs] 
59.790: Total time for which application threads were stopped: 0.0041680 seconds, Stopping threads took: 0.0022530 seconds
59.836: Application time: 0.0467360 seconds
59.838: [GC59.838: [ParNew: 55171K->5216K(55872K), 0.0016270 secs] 137653K->87697K(182144K), 0.0016800 secs] [Times: user=0.01 sys=0.00, real=0.00 secs] 
59.840: Total time for which application threads were stopped: 0.0032080 seconds, Stopping threads took: 0.0014640 seconds
59.885: Application time: 0.0454200 seconds
59.887: [GC59.887: [ParNew: 54880K->6206K(55872K), 0.0021090 secs] 137361K->89048K(182144K), 0.0021510 secs] [Times: user=0.02 sys=0.00, real=0.00 secs] 
59.889: Total time for which application threads were stopped: 0.0040480 seconds, Stopping threads took: 0.0018310 seconds
59.933: Application time: 0.0440400 seconds
59.935: [GC59.935: [ParNew: 55870K->6207K(55872K), 0.0021730 secs] 138712K->89805K(182144K), 0.0022230 secs] [Times: user=0.01 sys=0.00, real=0.00 secs] 
59.937: Total time for which application threads were stopped: 0.0041090 seconds, Stopping threads took: 0.0018240 seconds
59.982: Application time: 0.0446340 seconds
59.984: [GC59.984: [ParNew: 55871K->6206K(55872K), 0.0021150 secs] 139469K->90495K(182144K), 0.0021580 secs] [Times: user=0.01 sys=0.00, real=0.00 secs] 
59.986: Total time for which application threads were stopped: 0.0041010 seconds, Stopping threads took: 0.0018790 seconds
60.030: Application time: 0.0438750 seconds
60.031: [GC60.032: [ParNew: 55870K->6033K(55872K), 0.0018910 secs] 140159K->90322K(182144K), 0.0019370 secs] [Times: user=0.01 sys=0.00, real=0.01 secs] 
60.033: Total time for which application threads were stopped: 0.0036790 seconds, Stopping threads took: 0.0016790 seconds
60.078: Application time: 0.0447270 seconds
60.081: [GC60.081: [ParNew: 55697K->5370K(55872K), 0.0016330 secs] 139986K->89658K(182144K), 0.0016710 secs] [Times: user=0.01 sys=0.00, real=0.01 secs] 
60.082: Total time for which application threads were stopped: 0.0042780 seconds, Stopping threads took: 0.0025490 seconds
60.127: Application time: 0.0441920 seconds
60.129: [GC60.129: [ParNew: 55034K->6206K(55872K), 0.0019070 secs] 139322K->90595K(182144K), 0.0019490 secs] [Times: user=0.01 sys=0.01, real=0.00 secs] 
60.131: Total time for which application threads were stopped: 0.0046340 seconds, Stopping threads took: 0.0026130 seconds
60.176: Application time: 0.0448870 seconds
60.178: [GC60.178: [ParNew: 55870K->6207K(55872K), 0.0020090 secs] 140259K->91008K(182144K), 0.0020540 secs] [Times: user=0.01 sys=0.00, real=0.00 secs] 
60.181: Total time for which application threads were stopped: 0.0043060 seconds, Stopping threads took: 0.0021860 seconds
60.225: Application time: 0.0445110 seconds
60.228: [GC60.228: [ParNew: 55871K->6206K(55872K), 0.0024090 secs] 140672K->91914K(182144K), 0.0024550 secs] [Times: user=0.01 sys=0.00, real=0.00 secs] 
60.231: Total time for which application threads were stopped: 0.0055250 seconds, Stopping threads took: 0.0030040 seconds
60.274: Application time: 0.0438610 seconds
60.275: [GC60.276: [ParNew: 55870K->6206K(55872K), 0.0022540 secs] 141578K->92641K(182144K), 0.0022970 secs] [Times: user=0.02 sys=0.00, real=0.00 secs] 
60.278: Total time for which application threads were stopped: 0.0034100 seconds, Stopping threads took: 0.0010510 seconds
60.323: Application time: 0.0447650 seconds
60.325: [GC60.325: [ParNew: 55870K->6206K(55872K), 0.0022840 secs] 142305K->93513K(182144K), 0.0023260 secs] [Times: user=0.02 sys=0.00, real=0.00 secs] 
60.327: Total time for which application threads were stopped: 0.0048690 seconds, Stopping threads took: 0.0024760 seconds
60.372: Application time: 0.0446100 seconds
60.375: [GC60.375: [ParNew: 55870K->5383K(55872K), 0.0016750 secs] 143177K->92690K(182144K), 0.0017140 secs] [Times: user=0.01 sys=0.00, real=0.00 secs] 
60.376: Total time for which application threads were stopped: 0.0042910 seconds, Stopping threads took: 0.0025140 seconds
60.422: Application time: 0.0458900 seconds
60.424: [GC60.424: [ParNew: 55047K->6005K(55872K), 0.0018710 secs] 142354K->93312K(182144K), 0.0019120 secs] [Times: user=0.01 sys=0.00, real=0.00 secs] 
60.426: Total time for which application threads were stopped: 0.0036100 seconds, Stopping threads took: 0.0016330 seconds
60.472: Application time: 0.0459670 seconds
60.472: [GC60.472: [ParNew: 55669K->5576K(55872K), 0.0017370 secs] 142976K->92883K(182144K), 0.0017790 secs] [Times: user=0.01 sys=0.00, real=0.01 secs] 
60.474: Total time for which application threads were stopped: 0.0021340 seconds, Stopping threads took: 0.0002920 seconds
60.520: Application time: 0.0457760 seconds
60.523: [GC60.523: [ParNew: 55240K->5950K(55872K), 0.0019090 secs] 142547K->93257K(182144K), 0.0019520 secs] [Times: user=0.02 sys=0.01, real=0.00 secs] 
60.525: Total time for which application threads were stopped: 0.0048360 seconds, Stopping threads took: 0.0028110 seconds
60.567: Application time: 0.0425560 seconds
60.569: [GC60.569: [ParNew: 55614K->6206K(55872K), 0.0023750 secs] 142921K->94944K(182144K), 0.0024210 secs] [Times: user=0.02 sys=0.00, real=0.00 secs] 
60.572: Total time for which application threads were stopped: 0.0045490 seconds, Stopping threads took: 0.0020610 seconds
60.616: Application time: 0.0444890 seconds
60.619: [GC60.619: [ParNew: 55870K->6206K(55872K), 0.0021110 secs] 144608K->95308K(182144K), 0.0021520 secs] [Times: user=0.01 sys=0.00, real=0.00 secs] 
60.621: Total time for which application threads were stopped: 0.0050250 seconds, Stopping threads took: 0.0027840 seconds
60.665: Application time: 0.0437420 seconds
60.667: [GC60.667: [ParNew: 55870K->6207K(55872K), 0.0022960 secs] 144972K->96379K(182144K), 0.0023410 secs] [Times: user=0.01 sys=0.00, real=0.00 secs] 
60.670: Total time for which application threads were stopped: 0.0047630 seconds, Stopping threads took: 0.0023480 seconds
60.715: Application time: 0.0449200 seconds
60.717: [GC60.717: [ParNew: 55871K->6119K(55872K), 0.0020360 secs] 146043K->96319K(182144K), 0.0020730 secs] [Times: user=0.02 sys=0.00, real=0.00 secs] 
60.719: Total time for which application threads were stopped: 0.0047990 seconds, Stopping threads took: 0.0026660 seconds
60.764: Application time: 0.0446600 seconds
60.767: [GC60.767: [ParNew: 55783K->6206K(55872K), 0.0021620 secs] 145983K->96659K(182144K), 0.0022070 secs] [Times: user=0.01 sys=0.00, real=0.00 secs] 
60.769: Total time for which application threads were stopped: 0.0046950 seconds, Stopping threads took: 0.0024150 seconds
60.817: Application time: 0.0486190 seconds
60.819: [GC60.819: [ParNew: 55870K->4045K(55872K), 0.0015810 secs] 146323K->94611K(182144K), 0.0016110 secs] [Times: user=0.01 sys=0.00, real=0.00 secs] 
60.821: Total time for which application threads were stopped: 0.0034280 seconds, Stopping threads took: 0.0017380 seconds
60.869: Application time: 0.0480040 seconds
60.871: [GC60.871: [ParNew: 53709K->3402K(55872K), 0.0013190 secs] 144275K->93968K(182144K), 0.0013530 secs] [Times: user=0.00 sys=0.00, real=0.00 secs] 
60.872: Total time for which application threads were stopped: 0.0031630 seconds, Stopping threads took: 0.0017280 seconds
60.920: Application time: 0.0477230 seconds
60.921: [GC60.921: [ParNew: 53066K->5987K(55872K), 0.0019940 secs] 143632K->96553K(182144K), 0.0020350 secs] [Times: user=0.01 sys=0.00, real=0.01 secs] 
60.923: Total time for which application threads were stopped: 0.0031870 seconds, Stopping threads took: 0.0010870 seconds
60.968: Application time: 0.0447570 seconds
60.970: [GC60.970: [ParNew: 55617K->6207K(55872K), 0.0020550 secs] 146183K->96996K(182144K), 0.0020940 secs] [Times: user=0.01 sys=0.00, real=0.00 secs] 
60.972: Total time for which application threads were stopped: 0.0045600 seconds, Stopping threads took: 0.0024010 seconds
61.017: Application time: 0.0448830 seconds
61.019: [GC61.019: [ParNew: 55871K->6206K(55872K), 0.0019690 secs] 146660K->97137K(182144K), 0.0020080 secs] [Times: user=0.02 sys=0.00, real=0.00 secs] 
61.021: Total time for which application threads were stopped: 0.0042330 seconds, Stopping threads took: 0.0021470 seconds
61.066: Application time: 0.0445230 seconds
61.068: [GC61.068: [ParNew: 55870K->6207K(55872K), 0.0018690 secs] 146801K->97266K(182144K), 0.0019140 secs] [Times: user=0.01 sys=0.00, real=0.00 secs] 
61.070: Total time for which application threads were stopped: 0.0041940 seconds, Stopping threads took: 0.0022140 seconds
61.117: Application time: 0.0473160 seconds
61.119: [GC61.119: [ParNew: 55871K->4228K(55872K), 0.0016680 secs] 146930K->95286K(182144K), 0.0017040 secs] [Times: user=0.01 sys=0.00, real=0.00 secs] 
61.121: Total time for which application threads were stopped: 0.0035280 seconds, Stopping threads took: 0.0017440 seconds
61.165: Application time: 0.0445250 seconds
61.167: [GC61.167: [ParNew: 53892K->6207K(55872K), 0.0023110 secs] 144950K->97732K(182144K), 0.0023590 secs] [Times: user=0.02 sys=0.00, real=0.00 secs] 
61.170: Total time for which application threads were stopped: 0.0043700 seconds, Stopping threads took: 0.0019270 seconds
61.215: Application time: 0.0453210 seconds
61.218: [GC61.218: [ParNew: 55871K->5085K(55872K), 0.0016520 secs] 147396K->96638K(182144K), 0.0016900 secs] [Times: user=0.01 sys=0.00, real=0.00 secs] 
61.220: Total time for which application threads were stopped: 0.0046860 seconds, Stopping threads took: 0.0029060 seconds
61.263: Application time: 0.0435670 seconds
61.265: [GC61.265: [ParNew: 54749K->6206K(55872K), 0.0022750 secs] 146302K->98864K(182144K), 0.0023200 secs] [Times: user=0.01 sys=0.00, real=0.00 secs] 
61.268: Total time for which application threads were stopped: 0.0041130 seconds, Stopping threads took: 0.0017260 seconds
61.314: Application time: 0.0461100 seconds
61.316: [GC61.316: [ParNew: 55870K->6207K(55872K), 0.0021760 secs] 148528K->99890K(182144K), 0.0022200 secs] [Times: user=0.02 sys=0.00, real=0.00 secs] 
61.318: Total time for which application threads were stopped: 0.0045050 seconds, Stopping threads took: 0.0022220 seconds
61.362: Application time: 0.0441260 seconds
61.365: [GC61.365: [ParNew: 55871K->6206K(55872K), 0.0021670 secs] 149554K->100795K(182144K), 0.0022120 secs] [Times: user=0.01 sys=0.00, real=0.00 secs] 
61.367: Total time for which application threads were stopped: 0.0047960 seconds, Stopping threads took: 0.0025180 seconds
61.411: Application time: 0.0442230 seconds
61.413: [GC61.413: [ParNew: 55870K->6206K(55872K), 0.0021180 secs] 150459K->101137K(182144K), 0.0021590 secs] [Times: user=0.01 sys=0.00, real=0.01 secs] 
61.415: Total time for which application threads were stopped: 0.0040260 seconds, Stopping threads took: 0.0017820 seconds
61.461: Application time: 0.0459460 seconds
61.464: [GC61.464: [ParNew: 55870K->6178K(55872K), 0.0019840 secs] 150801K->101109K(182144K), 0.0020250 secs] [Times: user=0.01 sys=0.00, real=0.00 secs] 
61.466: Total time for which application threads were stopped: 0.0043860 seconds, Stopping threads took: 0.0022790 seconds
61.509: Application time: 0.0431680 seconds
61.511: [GC61.511: [ParNew: 55842K->6207K(55872K), 0.0023260 secs] 150773K->102221K(182144K), 0.0023720 secs] [Times: user=0.01 sys=0.00, real=0.01 secs] 
61.514: Total time for which application threads were stopped: 0.0047420 seconds, Stopping threads took: 0.0023050 seconds
61.558: Application time: 0.0447910 seconds
61.561: [GC61.561: [ParNew: 55871K->6207K(55872K), 0.0021750 secs] 151885K->103280K(182144K), 0.0022190 secs] [Times: user=0.02 sys=0.00, real=0.01 secs] 
61.563: Total time for which application threads were stopped: 0.0045040 seconds, Stopping threads took: 0.0022200 seconds
61.607: Application time: 0.0444920 seconds
61.609: [GC61.609: [ParNew: 55871K->6206K(55872K), 0.0020920 secs] 152944K->103458K(182144K), 0.0021320 secs] [Times: user=0.01 sys=0.00, real=0.00 secs] 
61.611: Total time for which application threads were stopped: 0.0039580 seconds, Stopping threads took: 0.0017630 seconds
61.656: Application time: 0.0449100 seconds
61.658: [GC61.658: [ParNew: 55870K->6162K(55872K), 0.0019800 secs] 153122K->103414K(182144K), 0.0020220 secs] [Times: user=0.01 sys=0.00, real=0.00 secs] 
61.660: Total time for which application threads were stopped: 0.0038280 seconds, Stopping threads took: 0.0017200 seconds
61.703: Application time: 0.0426540 seconds
61.705: [GC61.705: [ParNew: 55826K->6207K(55872K), 0.0025600 secs] 153078K->105133K(182144K), 0.0026030 secs] [Times: user=0.02 sys=0.00, real=0.00 secs] 
61.708: Total time for which application threads were stopped: 0.0050360 seconds, Stopping threads took: 0.0023660 seconds
61.754: Application time: 0.0459680 seconds
61.757: [GC61.757: [ParNew: 55871K->6206K(55872K), 0.0024190 secs] 154797K->106697K(182144K), 0.0024620 secs] [Times: user=0.01 sys=0.00, real=0.00 secs] 
61.759: Total time for which application threads were stopped: 0.0053460 seconds, Stopping threads took: 0.0027890 seconds
61.804: Application time: 0.0449540 seconds
61.806: [GC61.806: [ParNew: 55870K->6206K(55872K), 0.0020360 secs] 156361K->106979K(182144K), 0.0020830 secs] [Times: user=0.02 sys=0.00, real=0.00 secs] 
61.808: Total time for which application threads were stopped: 0.0036710 seconds, Stopping threads took: 0.0015240 seconds
61.850: Application time: 0.0425740 seconds
61.853: [GC61.853: [ParNew: 55870K->6207K(55872K), 0.0023120 secs] 156643K->108281K(182144K), 0.0023550 secs] [Times: user=0.02 sys=0.00, real=0.01 secs] 
61.855: Total time for which application threads were stopped: 0.0049980 seconds, Stopping threads took: 0.0025790 seconds
61.899: Application time: 0.0437440 seconds
61.901: [GC61.901: [ParNew: 55871K->6206K(55872K), 0.0021370 secs] 157945K->108819K(182144K), 0.0021760 secs] [Times: user=0.01 sys=0.00, real=0.01 secs] 
61.903: Total time for which application threads were stopped: 0.0039950 seconds, Stopping threads took: 0.0017560 seconds
61.945: Application time: 0.0421220 seconds
61.948: [GC61.948: [ParNew: 55870K->6206K(55872K), 0.0022860 secs] 158483K->109904K(182144K), 0.0023310 secs] [Times: user=0.02 sys=0.00, real=0.00 secs] 
61.951: Total time for which application threads were stopped: 0.0053990 seconds, Stopping threads took: 0.0030030 seconds
61.996: Application time: 0.0450850 seconds
61.998: [GC61.998: [ParNew: 55870K->6206K(55872K), 0.0024500 secs] 159568K->110957K(182144K), 0.0024910 secs] [Times: user=0.01 sys=0.00, real=0.00 secs] 
62.001: Total time for which application threads were stopped: 0.0050550 seconds, Stopping threads took: 0.0024800 seconds
62.044: Application time: 0.0437110 seconds
62.047: [GC62.047: [ParNew: 55870K->6207K(55872K), 0.0023970 secs] 160621K->111954K(182144K), 0.0024400 secs] [Times: user=0.01 sys=0.00, real=0.00 secs] 
62.050: Total time for which application threads were stopped: 0.0054730 seconds, Stopping threads took: 0.0029480 seconds
62.093: Application time: 0.0433740 seconds
62.095: [GC62.096: [ParNew: 55871K->6206K(55872K), 0.0021650 secs] 161618K->112822K(182144K), 0.0022120 secs] [Times: user=0.01 sys=0.00, real=0.00 secs] 
62.098: Total time for which application threads were stopped: 0.0044240 seconds, Stopping threads took: 0.0021250 seconds
62.142: Application time: 0.0441580 seconds
62.144: [GC62.144: [ParNew: 55870K->6206K(55872K), 0.0022490 secs] 162486K->113698K(182144K), 0.0023000 secs] [Times: user=0.01 sys=0.00, real=0.00 secs] 
62.146: Total time for which application threads were stopped: 0.0044730 seconds, Stopping threads took: 0.0020850 seconds
62.189: Application time: 0.0429430 seconds
62.192: [GC62.192: [ParNew: 55870K->6207K(55872K), 0.0021350 secs] 163362K->114384K(182144K), 0.0021800 secs] [Times: user=0.01 sys=0.00, real=0.01 secs] 
62.194: Total time for which application threads were stopped: 0.0046340 seconds, Stopping threads took: 0.0023910 seconds
62.239: Application time: 0.0451350 seconds
62.242: [GC62.242: [ParNew: 55871K->5195K(55872K), 0.0016710 secs] 164048K->113429K(182144K), 0.0017120 secs] [Times: user=0.01 sys=0.00, real=0.00 secs] 
62.244: Total time for which application threads were stopped: 0.0044340 seconds, Stopping threads took: 0.0026600 seconds
62.287: Application time: 0.0439210 seconds
62.289: [GC62.289: [ParNew: 54859K->6207K(55872K), 0.0023190 secs] 163093K->115647K(182144K), 0.0023620 secs] [Times: user=0.02 sys=0.00, real=0.00 secs] 
62.291: Total time for which application threads were stopped: 0.0036130 seconds, Stopping threads took: 0.0011790 seconds
62.336: Application time: 0.0452390 seconds
62.338: [GC62.338: [ParNew: 55871K->6207K(55872K), 0.0020100 secs] 165311K->115802K(182144K), 0.0020500 secs] [Times: user=0.01 sys=0.00, real=0.00 secs] 
62.340: Total time for which application threads were stopped: 0.0036170 seconds, Stopping threads took: 0.0015070 seconds
62.385: Application time: 0.0449020 seconds
62.386: [GC62.386: [ParNew: 55871K->6206K(55872K), 0.0022860 secs] 165466K->117056K(182144K), 0.0023270 secs] [Times: user=0.01 sys=0.00, real=0.00 secs] 
62.388: Total time for which application threads were stopped: 0.0034990 seconds, Stopping threads took: 0.0011140 seconds
62.433: Application time: 0.0451840 seconds
62.434: [GC62.434: [ParNew: 55870K->5443K(55872K), 0.0016900 secs] 166719K->116293K(182144K), 0.0017360 secs] [Times: user=0.01 sys=0.00, real=0.00 secs] 
62.436: Total time for which application threads were stopped: 0.0024480 seconds, Stopping threads took: 0.0006490 seconds
62.481: Application time: 0.0452350 seconds
62.484: [GC62.484: [ParNew: 55107K->4532K(55872K), 0.0014100 secs] 165957K->115382K(182144K), 0.0014480 secs] [Times: user=0.01 sys=0.00, real=0.00 secs] 
62.485: Total time for which application threads were stopped: 0.0039130 seconds, Stopping threads took: 0.0024040 seconds
 CMS: abort preclean due to time 62.487: [CMS-concurrent-abortable-preclean: 0.261/5.038 secs] [Times: user=38.65 sys=0.19, real=5.04 secs] 
62.487: Application time: 0.0016390 seconds
62.490: [GC[YG occupancy: 9760 K (55872 K)]62.490: [Rescan (parallel) , 0.0002630 secs]62.490: [weak refs processing, 0.0000070 secs]62.490: [scrub string table, 0.0001070 secs] [1 CMS-remark: 110849K(126272K)] 120610K(182144K), 0.0004080 secs] [Times: user=0.00 sys=0.00, real=0.00 secs] 
62.490: Total time for which application threads were stopped: 0.0033140 seconds, Stopping threads took: 0.0028750 seconds
62.490: [CMS-concurrent-sweep-start]
62.497: [CMS-concurrent-sweep: 0.007/0.007 secs] [Times: user=0.02 sys=0.00, real=0.01 secs] 
62.497: [CMS-concurrent-reset-start]
62.498: [CMS-concurrent-reset: 0.000/0.000 secs] [Times: user=0.03 sys=0.00, real=0.00 secs] 
62.531: Application time: 0.0411960 seconds
62.534: [GC62.534: [ParNew: 54196K->6206K(55872K), 0.0020140 secs] 106859K->59172K(182144K), 0.0020540 secs] [Times: user=0.01 sys=0.00, real=0.00 secs] 
62.536: Total time for which application threads were stopped: 0.0049180 seconds, Stopping threads took: 0.0028010 seconds
62.582: Application time: 0.0455280 seconds
62.584: [GC62.584: [ParNew: 55870K->6207K(55872K), 0.0020780 secs] 108836K->59514K(182144K), 0.0021210 secs] [Times: user=0.01 sys=0.00, real=0.00 secs] 
62.586: Total time for which application threads were stopped: 0.0043440 seconds, Stopping threads took: 0.0021590 seconds
62.632: Application time: 0.0460650 seconds
62.634: [GC62.634: [ParNew: 55871K->5551K(55872K), 0.0017680 secs] 109178K->58858K(182144K), 0.0018090 secs] [Times: user=0.01 sys=0.00, real=0.00 secs] 
62.636: Total time for which application threads were stopped: 0.0039060 seconds, Stopping threads took: 0.0020250 seconds
62.684: Application time: 0.0478520 seconds
62.686: [GC62.686: [ParNew: 55215K->4996K(55872K), 0.0015550 secs] 108522K->58331K(182144K), 0.0015970 secs] [Times: user=0.02 sys=0.00, real=0.00 secs] 
62.687: Total time for which application threads were stopped: 0.0032860 seconds, Stopping threads took: 0.0016250 seconds
62.728: Application time: 0.0412830 seconds
62.731: [GC62.731: [ParNew: 54660K->6207K(55872K), 0.0023320 secs] 107995K->60701K(182144K), 0.0023740 secs] [Times: user=0.02 sys=0.00, real=0.01 secs] 
62.733: Total time for which application threads were stopped: 0.0050020 seconds, Stopping threads took: 0.0025640 seconds
62.734: Application time: 0.0000650 seconds
62.735: [GC [1 CMS-initial-mark: 54494K(126272K)] 61192K(182144K), 0.0002070 secs] [Times: user=0.00 sys=0.00, real=0.00 secs] 
62.736: Total time for which application threads were stopped: 0.0020440 seconds, Stopping threads took: 0.0018170 seconds
62.736: [CMS-concurrent-mark-start]
62.741: [CMS-concurrent-mark: 0.005/0.005 secs] [Times: user=0.02 sys=0.00, real=0.00 secs] 
62.741: [CMS-concurrent-preclean-start]
62.741: [CMS-concurrent-preclean: 0.000/0.000 secs] [Times: user=0.00 sys=0.00, real=0.00 secs] 
62.741: [CMS-concurrent-abortable-preclean-start]
62.780: Application time: 0.0442200 seconds
62.782: [GC62.782: [ParNew: 55871K->6206K(55872K), 0.0021600 secs] 110365K->61560K(182144K), 0.0022040 secs] [Times: user=0.01 sys=0.00, real=0.00 secs] 
62.784: Total time for which application threads were stopped: 0.0045240 seconds, Stopping threads took: 0.0022550 seconds
62.827: Application time: 0.0427100 seconds
62.828: [GC62.828: [ParNew: 55870K->6206K(55872K), 0.0021160 secs] 111224K->62145K(182144K), 0.0021680 secs] [Times: user=0.01 sys=0.00, real=0.00 secs] 
62.831: Total time for which application threads were stopped: 0.0035560 seconds, Stopping threads took: 0.0013120 seconds
62.875: Application time: 0.0445970 seconds
62.878: [GC62.878: [ParNew: 55870K->6206K(55872K), 0.0020500 secs] 111809K->62680K(182144K), 0.0020860 secs] [Times: user=0.01 sys=0.00, real=0.00 secs] 
62.880: Total time for which application threads were stopped: 0.0046420 seconds, Stopping threads took: 0.0024950 seconds
62.926: Application time: 0.0460010 seconds
62.929: [GC62.929: [ParNew: 55870K->6206K(55872K), 0.0023270 secs] 112344K->64159K(182144K), 0.0023700 secs] [Times: user=0.01 sys=0.00, real=0.00 secs] 
62.931: Total time for which application threads were stopped: 0.0054080 seconds, Stopping threads took: 0.0029740 seconds
62.976: Application time: 0.0451790 seconds
62.978: [GC62.978: [ParNew: 55870K->6098K(55872K), 0.0018080 secs] 113823K->64051K(182144K), 0.0018490 secs] [Times: user=0.01 sys=0.00, real=0.00 secs] 
62.980: Total time for which application threads were stopped: 0.0036110 seconds, Stopping threads took: 0.0016960 seconds
63.026: Application time: 0.0456400 seconds
63.027: [GC63.027: [ParNew: 55762K->6207K(55872K), 0.0021350 secs] 113715K->64684K(182144K), 0.0021760 secs] [Times: user=0.01 sys=0.00, real=0.00 secs] 
63.029: Total time for which application threads were stopped: 0.0034920 seconds, Stopping threads took: 0.0012520 seconds
63.075: Application time: 0.0459830 seconds
63.078: [GC63.078: [ParNew: 55871K->6207K(55872K), 0.0023980 secs] 114348K->66064K(182144K), 0.0024400 secs] [Times: user=0.02 sys=0.00, real=0.00 secs] 
63.080: Total time for which application threads were stopped: 0.0051490 seconds, Stopping threads took: 0.0026430 seconds
63.123: Application time: 0.0426980 seconds
63.126: [GC63.126: [ParNew: 55871K->6207K(55872K), 0.0022830 secs] 115728K->67363K(182144K), 0.0023230 secs] [Times: user=0.02 sys=0.00, real=0.00 secs] 
63.128: Total time for which application threads were stopped: 0.0048460 seconds, Stopping threads took: 0.0024590 seconds
63.173: Application time: 0.0450980 seconds
63.175: [GC63.175: [ParNew: 55871K->5537K(55872K), 0.0017040 secs] 117027K->66693K(182144K), 0.0017420 secs] [Times: user=0.01 sys=0.00, real=0.00 secs] 
63.177: Total time for which application threads were stopped: 0.0038380 seconds, Stopping threads took: 0.0020350 seconds
63.223: Application time: 0.0464560 seconds
63.225: [GC63.225: [ParNew: 55201K->4495K(55872K), 0.0015660 secs] 116357K->65707K(182144K), 0.0016040 secs] [Times: user=0.01 sys=0.00, real=0.00 secs] 
63.226: Total time for which application threads were stopped: 0.0032060 seconds, Stopping threads took: 0.0015410 seconds
63.271: Application time: 0.0443960 seconds
63.272: [GC63.272: [ParNew: 54159K->6206K(55872K), 0.0020400 secs] 115371K->67783K(182144K), 0.0020810 secs] [Times: user=0.01 sys=0.00, real=0.01 secs] 
63.274: Total time for which application threads were stopped: 0.0036270 seconds, Stopping threads took: 0.0014810 seconds
63.320: Application time: 0.0455040 seconds
63.323: [GC63.323: [ParNew: 55870K->5871K(55872K), 0.0017020 secs] 117447K->67448K(182144K), 0.0017450 secs] [Times: user=0.02 sys=0.00, real=0.00 secs] 
63.325: Total time for which application threads were stopped: 0.0045790 seconds, Stopping threads took: 0.0027710 seconds
63.370: Application time: 0.0450680 seconds
63.370: [GC63.370: [ParNew: 55535K->6206K(55872K), 0.0022480 secs] 117112K->68703K(182144K), 0.0022920 secs] [Times: user=0.02 sys=0.00, real=0.00 secs] 
63.373: Total time for which application threads were stopped: 0.0030430 seconds, Stopping threads took: 0.0006770 seconds
63.418: Application time: 0.0454380 seconds
63.420: [GC63.420: [ParNew: 55870K->5498K(55872K), 0.0017880 secs] 118367K->68023K(182144K), 0.0018280 secs] [Times: user=0.02 sys=0.00, real=0.01 secs] 
63.422: Total time for which application threads were stopped: 0.0034240 seconds, Stopping threads took: 0.0015330 seconds
63.467: Application time: 0.0458970 seconds
63.469: [GC63.469: [ParNew: 55162K->6095K(55872K), 0.0018270 secs] 117687K->68621K(182144K), 0.0018790 secs] [Times: user=0.02 sys=0.00, real=0.00 secs] 
63.471: Total time for which application threads were stopped: 0.0034360 seconds, Stopping threads took: 0.0014950 seconds
63.515: Application time: 0.0441390 seconds
63.517: [GC63.517: [ParNew: 55759K->6207K(55872K), 0.0021840 secs] 118285K->69603K(182144K), 0.0022260 secs] [Times: user=0.02 sys=0.00, real=0.00 secs] 
63.519: Total time for which application threads were stopped: 0.0043250 seconds, Stopping threads took: 0.0020350 seconds
63.565: Application time: 0.0451360 seconds
63.566: [GC63.566: [ParNew: 55871K->6206K(55872K), 0.0021510 secs] 119267K->70474K(182144K), 0.0021940 secs] [Times: user=0.02 sys=0.00, real=0.00 secs] 
63.568: Total time for which application threads were stopped: 0.0033820 seconds, Stopping threads took: 0.0011220 seconds
63.611: Application time: 0.0433500 seconds
63.614: [GC63.614: [ParNew: 55870K->6206K(55872K), 0.0021460 secs] 120138K->71392K(182144K), 0.0021920 secs] [Times: user=0.02 sys=0.00, real=0.00 secs] 
63.616: Total time for which application threads were stopped: 0.0052340 seconds, Stopping threads took: 0.0029770 seconds
63.662: Application time: 0.0453350 seconds
63.664: [GC63.664: [ParNew: 55870K->6207K(55872K), 0.0021320 secs] 121056K->72188K(182144K), 0.0021780 secs] [Times: user=0.02 sys=0.00, real=0.00 secs] 
63.666: Total time for which application threads were stopped: 0.0044210 seconds, Stopping threads took: 0.0021770 seconds
63.711: Application time: 0.0451770 seconds
63.713: [GC63.713: [ParNew: 55871K->6207K(55872K), 0.0021850 secs] 121852K->72867K(182144K), 0.0022300 secs] [Times: user=0.01 sys=0.00, real=0.01 secs] 
63.715: Total time for which application threads were stopped: 0.0037190 seconds, Stopping threads took: 0.0014210 seconds
63.762: Application time: 0.0466160 seconds
63.764: [GC63.764: [ParNew: 55871K->6206K(55872K), 0.0022900 secs] 122531K->73481K(182144K), 0.0023360 secs] [Times: user=0.01 sys=0.00, real=0.00 secs] 
63.766: Total time for which application threads were stopped: 0.0046370 seconds, Stopping threads took: 0.0022160 seconds
63.814: Application time: 0.0479940 seconds
63.816: [GC63.816: [ParNew: 55870K->5869K(55872K), 0.0019080 secs] 123145K->73173K(182144K), 0.0019480 secs] [Times: user=0.01 sys=0.00, real=0.00 secs] 
63.818: Total time for which application threads were stopped: 0.0035570 seconds, Stopping threads took: 0.0015450 seconds
63.868: Application time: 0.0497880 seconds
63.868: [GC63.868: [ParNew: 55533K->6207K(55872K), 0.0020990 secs] 122837K->73982K(182144K), 0.0021430 secs] [Times: user=0.01 sys=0.00, real=0.00 secs] 
63.870: Total time for which application threads were stopped: 0.0027600 seconds, Stopping threads took: 0.0005500 seconds
63.917: Application time: 0.0465020 seconds
63.919: [GC63.919: [ParNew: 55871K->6206K(55872K), 0.0024050 secs] 123646K->75325K(182144K), 0.0024490 secs] [Times: user=0.02 sys=0.00, real=0.00 secs] 
63.921: Total time for which application threads were stopped: 0.0042680 seconds, Stopping threads took: 0.0017380 seconds
63.969: Application time: 0.0475640 seconds
63.972: [GC63.972: [ParNew: 55870K->6207K(55872K), 0.0020470 secs] 124989K->75537K(182144K), 0.0020890 secs] [Times: user=0.01 sys=0.00, real=0.01 secs] 
63.974: Total time for which application threads were stopped: 0.0053040 seconds, Stopping threads took: 0.0031490 seconds
64.022: Application time: 0.0475350 seconds
64.025: [GC64.025: [ParNew: 55871K->5537K(55872K), 0.0018700 secs] 125201K->74866K(182144K), 0.0019130 secs] [Times: user=0.01 sys=0.00, real=0.00 secs] 
64.027: Total time for which application threads were stopped: 0.0048830 seconds, Stopping threads took: 0.0028820 seconds
64.076: Application time: 0.0493530 seconds
64.078: [GC64.078: [ParNew: 55201K->5519K(55872K), 0.0017610 secs] 124530K->74849K(182144K), 0.0017990 secs] [Times: user=0.01 sys=0.00, real=0.00 secs] 
64.080: Total time for which application threads were stopped: 0.0041090 seconds, Stopping threads took: 0.0022360 seconds
64.128: Application time: 0.0482930 seconds
64.130: [GC64.130: [ParNew: 55183K->5912K(55872K), 0.0018290 secs] 124513K->75241K(182144K), 0.0018750 secs] [Times: user=0.01 sys=0.00, real=0.00 secs] 
64.132: Total time for which application threads were stopped: 0.0038750 seconds, Stopping threads took: 0.0019320 seconds
64.182: Application time: 0.0497120 seconds
64.184: [GC64.184: [ParNew: 55576K->6207K(55872K), 0.0020170 secs] 124905K->75803K(182144K), 0.0020590 secs] [Times: user=0.01 sys=0.00, real=0.00 secs] 
64.186: Total time for which application threads were stopped: 0.0045330 seconds, Stopping threads took: 0.0024090 seconds
64.234: Application time: 0.0478800 seconds
64.236: [GC64.236: [ParNew: 55871K->5916K(55872K), 0.0018770 secs] 125467K->75511K(182144K), 0.0019190 secs] [Times: user=0.01 sys=0.00, real=0.00 secs] 
64.238: Total time for which application threads were stopped: 0.0035250 seconds, Stopping threads took: 0.0015410 seconds
64.286: Application time: 0.0483930 seconds
64.288: [GC64.288: [ParNew: 55580K->6206K(55872K), 0.0020070 secs] 125175K->75981K(182144K), 0.0020540 secs] [Times: user=0.02 sys=0.00, real=0.00 secs] 
64.290: Total time for which application threads were stopped: 0.0036510 seconds, Stopping threads took: 0.0015270 seconds
64.338: Application time: 0.0478650 seconds
64.340: [GC64.340: [ParNew: 55870K->5875K(55872K), 0.0018030 secs] 125645K->75706K(182144K), 0.0018460 secs] [Times: user=0.01 sys=0.00, real=0.01 secs] 
64.342: Total time for which application threads were stopped: 0.0041870 seconds, Stopping threads took: 0.0022750 seconds
64.389: Application time: 0.0471550 seconds
64.391: [GC64.391: [ParNew: 55539K->6207K(55872K), 0.0023900 secs] 125370K->76966K(182144K), 0.0024350 secs] [Times: user=0.01 sys=0.01, real=0.01 secs] 
64.394: Total time for which application threads were stopped: 0.0044100 seconds, Stopping threads took: 0.0018860 seconds
64.440: Application time: 0.0466430 seconds
64.443: [GC64.443: [ParNew: 55871K->6207K(55872K), 0.0022860 secs] 126630K->77681K(182144K), 0.0023310 secs] [Times: user=0.01 sys=0.00, real=0.00 secs] 
64.445: Total time for which application threads were stopped: 0.0050190 seconds, Stopping threads took: 0.0026100 seconds
64.493: Application time: 0.0475270 seconds
64.495: [GC64.495: [ParNew: 55871K->6206K(55872K), 0.0022100 secs] 127345K->78268K(182144K), 0.0022520 secs] [Times: user=0.02 sys=0.00, real=0.00 secs] 
64.497: Total time for which application threads were stopped: 0.0045560 seconds, Stopping threads took: 0.0022230 seconds
64.546: Application time: 0.0486090 seconds
64.547: [GC64.547: [ParNew: 55870K->6188K(55872K), 0.0019480 secs] 127932K->78249K(182144K), 0.0019880 secs] [Times: user=0.02 sys=0.00, real=0.00 secs] 
64.549: Total time for which application threads were stopped: 0.0030770 seconds, Stopping threads took: 0.0010230 seconds
64.596: Application time: 0.0468040 seconds
64.598: [GC64.598: [ParNew: 55852K->6206K(55872K), 0.0021930 secs] 127913K->78660K(182144K), 0.0022340 secs] [Times: user=0.02 sys=0.00, real=0.00 secs] 
64.600: Total time for which application threads were stopped: 0.0045450 seconds, Stopping threads took: 0.0022460 seconds
64.648: Application time: 0.0472170 seconds
64.649: [GC64.649: [ParNew: 55870K->6207K(55872K), 0.0021150 secs] 128324K->78978K(182144K), 0.0021560 secs] [Times: user=0.02 sys=0.00, real=0.00 secs] 
64.652: Total time for which application threads were stopped: 0.0040950 seconds, Stopping threads took: 0.0018720 seconds
64.700: Application time: 0.0480050 seconds
64.702: [GC64.702: [ParNew: 55871K->6206K(55872K), 0.0021560 secs] 128642K->79629K(182144K), 0.0021980 secs] [Times: user=0.02 sys=0.00, real=0.00 secs] 
64.704: Total time for which application threads were stopped: 0.0043660 seconds, Stopping threads took: 0.0020760 seconds
64.750: Application time: 0.0463210 seconds
64.752: [GC64.752: [ParNew: 55870K->5621K(55872K), 0.0018340 secs] 129293K->79043K(182144K), 0.0018840 secs] [Times: user=0.01 sys=0.00, real=0.01 secs] 
64.754: Total time for which application threads were stopped: 0.0036250 seconds, Stopping threads took: 0.0016660 seconds
64.801: Application time: 0.0474670 seconds
64.804: [GC64.804: [ParNew: 55285K->6207K(55872K), 0.0022040 secs] 128707K->80254K(182144K), 0.0022490 secs] [Times: user=0.02 sys=0.00, real=0.00 secs] 
64.807: Total time for which application threads were stopped: 0.0050860 seconds, Stopping threads took: 0.0027690 seconds
64.854: Application time: 0.0474100 seconds
64.857: [GC64.857: [ParNew: 55871K->5621K(55872K), 0.0018920 secs] 129918K->79781K(182144K), 0.0019390 secs] [Times: user=0.01 sys=0.00, real=0.00 secs] 
64.859: Total time for which application threads were stopped: 0.0048550 seconds, Stopping threads took: 0.0028260 seconds
64.906: Application time: 0.0475170 seconds
64.908: [GC64.908: [ParNew: 55285K->5591K(55872K), 0.0017490 secs] 129445K->79752K(182144K), 0.0017910 secs] [Times: user=0.02 sys=0.00, real=0.00 secs] 
64.910: Total time for which application threads were stopped: 0.0032720 seconds, Stopping threads took: 0.0014090 seconds
64.956: Application time: 0.0465690 seconds
64.958: [GC64.958: [ParNew: 55255K->6026K(55872K), 0.0019080 secs] 129416K->80243K(182144K), 0.0019540 secs] [Times: user=0.01 sys=0.00, real=0.00 secs] 
64.960: Total time for which application threads were stopped: 0.0042490 seconds, Stopping threads took: 0.0022100 seconds
65.006: Application time: 0.0457870 seconds
65.009: [GC65.009: [ParNew: 55690K->6207K(55872K), 0.0022020 secs] 129907K->80736K(182144K), 0.0022480 secs] [Times: user=0.02 sys=0.00, real=0.00 secs] 
65.011: Total time for which application threads were stopped: 0.0047590 seconds, Stopping threads took: 0.0024440 seconds
65.058: Application time: 0.0468980 seconds
65.061: [GC65.061: [ParNew: 55871K->6207K(55872K), 0.0023060 secs] 130400K->81860K(182144K), 0.0023500 secs] [Times: user=0.02 sys=0.00, real=0.01 secs] 
65.063: Total time for which application threads were stopped: 0.0052240 seconds, Stopping threads took: 0.0027890 seconds
65.108: Application time: 0.0450120 seconds
65.111: [GC65.111: [ParNew: 55871K->6207K(55872K), 0.0021780 secs] 131524K->82730K(182144K), 0.0022260 secs] [Times: user=0.01 sys=0.00, real=0.01 secs] 
65.114: Total time for which application threads were stopped: 0.0055500 seconds, Stopping threads took: 0.0032560 seconds
65.160: Application time: 0.0466050 seconds
65.163: [GC65.163: [ParNew: 55871K->6206K(55872K), 0.0024300 secs] 132394K->84405K(182144K), 0.0024780 secs] [Times: user=0.02 sys=0.00, real=0.00 secs] 
65.165: Total time for which application threads were stopped: 0.0047530 seconds, Stopping threads took: 0.0022060 seconds
65.213: Application time: 0.0480350 seconds
65.215: [GC65.215: [ParNew: 55870K->6207K(55872K), 0.0020180 secs] 134069K->84527K(182144K), 0.0020630 secs] [Times: user=0.02 sys=0.00, real=0.00 secs] 
65.217: Total time for which application threads were stopped: 0.0042130 seconds, Stopping threads took: 0.0020830 seconds
65.265: Application time: 0.0474690 seconds
65.267: [GC65.267: [ParNew: 55871K->6207K(55872K), 0.0021450 secs] 134191K->84965K(182144K), 0.0021920 secs] [Times: user=0.01 sys=0.00, real=0.00 secs] 
65.269: Total time for which application threads were stopped: 0.0046810 seconds, Stopping threads took: 0.0024010 seconds
65.317: Application time: 0.0475880 seconds
65.319: [GC65.319: [ParNew: 55871K->6206K(55872K), 0.0022230 secs] 134629K->85156K(182144K), 0.0022690 secs] [Times: user=0.02 sys=0.00, real=0.01 secs] 
65.321: Total time for which application threads were stopped: 0.0044210 seconds, Stopping threads took: 0.0020840 seconds
65.370: Application time: 0.0481940 seconds
65.372: [GC65.372: [ParNew: 55870K->5336K(55872K), 0.0019420 secs] 134820K->84371K(182144K), 0.0019890 secs] [Times: user=0.01 sys=0.01, real=0.01 secs] 
65.374: Total time for which application threads were stopped: 0.0040550 seconds, Stopping threads took: 0.0019980 seconds
65.424: Application time: 0.0502890 seconds
65.426: [GC65.426: [ParNew: 55000K->5317K(55872K), 0.0017930 secs] 134035K->84381K(182144K), 0.0018400 secs] [Times: user=0.01 sys=0.00, real=0.00 secs] 
65.427: Total time for which application threads were stopped: 0.0034630 seconds, Stopping threads took: 0.0015410 seconds
65.477: Application time: 0.0492090 seconds
65.479: [GC65.479: [ParNew: 54981K->6206K(55872K), 0.0019960 secs] 134045K->85321K(182144K), 0.0020410 secs] [Times: user=0.02 sys=0.00, real=0.00 secs] 
65.481: Total time for which application threads were stopped: 0.0044630 seconds, Stopping threads took: 0.0023470 seconds
65.532: Application time: 0.0505830 seconds
65.535: [GC65.535: [ParNew: 55870K->6207K(55872K), 0.0019230 secs] 134985K->85391K(182144K), 0.0019670 secs] [Times: user=0.01 sys=0.00, real=0.00 secs] 
65.537: Total time for which application threads were stopped: 0.0054090 seconds, Stopping threads took: 0.0033760 seconds
65.584: Application time: 0.0472020 seconds
65.586: [GC65.586: [ParNew: 55871K->5197K(55872K), 0.0016850 secs] 135055K->84380K(182144K), 0.0017290 secs] [Times: user=0.01 sys=0.00, real=0.00 secs] 
65.588: Total time for which application threads were stopped: 0.0035880 seconds, Stopping threads took: 0.0017730 seconds
65.637: Application time: 0.0487080 seconds
65.638: [GC65.638: [ParNew: 54861K->3980K(55872K), 0.0014330 secs] 134044K->83191K(182144K), 0.0014730 secs] [Times: user=0.00 sys=0.00, real=0.00 secs] 
65.640: Total time for which application threads were stopped: 0.0033220 seconds, Stopping threads took: 0.0017850 seconds
65.685: Application time: 0.0453140 seconds
65.688: [GC65.688: [ParNew: 53644K->6206K(55872K), 0.0021180 secs] 132855K->86245K(182144K), 0.0021610 secs] [Times: user=0.02 sys=0.00, real=0.00 secs] 
65.690: Total time for which application threads were stopped: 0.0050840 seconds, Stopping threads took: 0.0028570 seconds
65.738: Application time: 0.0478180 seconds
65.741: [GC65.741: [ParNew: 55870K->6067K(55872K), 0.0019080 secs] 135909K->86105K(182144K), 0.0019560 secs] [Times: user=0.02 sys=0.00, real=0.01 secs] 
65.743: Total time for which application threads were stopped: 0.0048470 seconds, Stopping threads took: 0.0028220 seconds
65.792: Application time: 0.0488290 seconds
65.795: [GC65.795: [ParNew: 55731K->5081K(55872K), 0.0017790 secs] 135769K->85120K(182144K), 0.0018200 secs] [Times: user=0.02 sys=0.00, real=0.00 secs] 
65.797: Total time for which application threads were stopped: 0.0050920 seconds, Stopping threads took: 0.0031880 seconds
65.848: Application time: 0.0509590 seconds
65.848: [GC65.848: [ParNew: 54745K->4236K(55872K), 0.0014540 secs] 134784K->84275K(182144K), 0.0014900 secs] [Times: user=0.01 sys=0.00, real=0.00 secs] 
65.850: Total time for which application threads were stopped: 0.0018170 seconds, Stopping threads took: 0.0002680 seconds
65.899: Application time: 0.0497270 seconds
65.902: [GC65.902: [ParNew: 53900K->6207K(55872K), 0.0022760 secs] 133939K->86957K(182144K), 0.0023180 secs] [Times: user=0.02 sys=0.00, real=0.00 secs] 
65.904: Total time for which application threads were stopped: 0.0044590 seconds, Stopping threads took: 0.0020760 seconds
65.955: Application time: 0.0508400 seconds
65.956: [GC65.956: [ParNew: 55871K->4308K(55872K), 0.0014610 secs] 136621K->85144K(182144K), 0.0015050 secs] [Times: user=0.01 sys=0.00, real=0.00 secs] 
65.957: Total time for which application threads were stopped: 0.0024310 seconds, Stopping threads took: 0.0008620 seconds
66.006: Application time: 0.0490080 seconds
66.009: [GC66.009: [ParNew: 53972K->6206K(55872K), 0.0020350 secs] 134808K->87392K(182144K), 0.0020770 secs] [Times: user=0.02 sys=0.00, real=0.00 secs] 
66.012: Total time for which application threads were stopped: 0.0052950 seconds, Stopping threads took: 0.0031410 seconds
66.060: Application time: 0.0485640 seconds
66.061: [GC66.061: [ParNew: 55870K->5699K(55872K), 0.0019780 secs] 137056K->86971K(182144K), 0.0020220 secs] [Times: user=0.02 sys=0.00, real=0.01 secs] 
66.063: Total time for which application threads were stopped: 0.0027530 seconds, Stopping threads took: 0.0006650 seconds
66.110: Application time: 0.0475680 seconds
66.112: [GC66.112: [ParNew: 55363K->6207K(55872K), 0.0020210 secs] 136635K->87749K(182144K), 0.0020720 secs] [Times: user=0.01 sys=0.00, real=0.01 secs] 
66.114: Total time for which application threads were stopped: 0.0037960 seconds, Stopping threads took: 0.0016560 seconds
66.164: Application time: 0.0499900 seconds
66.167: [GC66.167: [ParNew: 55871K->6206K(55872K), 0.0022500 secs] 137413K->88182K(182144K), 0.0022930 secs] [Times: user=0.01 sys=0.00, real=0.00 secs] 
66.170: Total time for which application threads were stopped: 0.0055750 seconds, Stopping threads took: 0.0032140 seconds
66.218: Application time: 0.0481270 seconds
66.220: [GC66.220: [ParNew: 55870K->5729K(55872K), 0.0018000 secs] 137846K->87705K(182144K), 0.0018430 secs] [Times: user=0.01 sys=0.00, real=0.01 secs] 
66.222: Total time for which application threads were stopped: 0.0043840 seconds, Stopping threads took: 0.0024770 seconds
66.273: Application time: 0.0506590 seconds
66.275: [GC66.275: [ParNew: 55393K->5338K(55872K), 0.0019440 secs] 137369K->87314K(182144K), 0.0019850 secs] [Times: user=0.01 sys=0.00, real=0.00 secs] 
66.277: Total time for which application threads were stopped: 0.0043350 seconds, Stopping threads took: 0.0022840 seconds
66.326: Application time: 0.0485840 seconds
66.328: [GC66.328: [ParNew: 55002K->6107K(55872K), 0.0020300 secs] 136978K->88083K(182144K), 0.0020770 secs] [Times: user=0.01 sys=0.00, real=0.00 secs] 
66.330: Total time for which application threads were stopped: 0.0043140 seconds, Stopping threads took: 0.0021690 seconds
66.377: Application time: 0.0472500 seconds
66.379: [GC66.379: [ParNew: 55771K->6207K(55872K), 0.0021850 secs] 137747K->88517K(182144K), 0.0022240 secs] [Times: user=0.02 sys=0.00, real=0.01 secs] 
66.382: Total time for which application threads were stopped: 0.0041920 seconds, Stopping threads took: 0.0018960 seconds
66.430: Application time: 0.0478990 seconds
66.432: [GC66.432: [ParNew: 55871K->6207K(55872K), 0.0022360 secs] 138181K->89255K(182144K), 0.0022830 secs] [Times: user=0.02 sys=0.00, real=0.01 secs] 
66.434: Total time for which application threads were stopped: 0.0046690 seconds, Stopping threads took: 0.0022970 seconds
66.482: Application time: 0.0477840 seconds
66.483: [GC66.483: [ParNew: 55871K->5739K(55872K), 0.0018520 secs] 138919K->88844K(182144K), 0.0018920 secs] [Times: user=0.02 sys=0.00, real=0.00 secs] 
66.485: Total time for which application threads were stopped: 0.0031990 seconds, Stopping threads took: 0.0012310 seconds
66.533: Application time: 0.0477420 seconds
66.536: [GC66.536: [ParNew: 55403K->6206K(55872K), 0.0020880 secs] 138508K->89449K(182144K), 0.0021340 secs] [Times: user=0.01 sys=0.00, real=0.00 secs] 
66.538: Total time for which application threads were stopped: 0.0050520 seconds, Stopping threads took: 0.0028380 seconds
66.588: Application time: 0.0495800 seconds
66.591: [GC66.591: [ParNew: 55870K->5652K(55872K), 0.0018900 secs] 139113K->88924K(182144K), 0.0019320 secs] [Times: user=0.01 sys=0.00, real=0.00 secs] 
66.593: Total time for which application threads were stopped: 0.0054670 seconds, Stopping threads took: 0.0034630 seconds
66.641: Application time: 0.0483580 seconds
66.643: [GC66.643: [ParNew: 55316K->6180K(55872K), 0.0022080 secs] 138588K->89509K(182144K), 0.0022500 secs] [Times: user=0.02 sys=0.00, real=0.00 secs] 
66.645: Total time for which application threads were stopped: 0.0038330 seconds, Stopping threads took: 0.0014970 seconds
66.692: Application time: 0.0467970 seconds
66.694: [GC66.694: [ParNew: 55844K->6207K(55872K), 0.0022120 secs] 139173K->90248K(182144K), 0.0022560 secs] [Times: user=0.02 sys=0.01, real=0.00 secs] 
66.697: Total time for which application threads were stopped: 0.0046410 seconds, Stopping threads took: 0.0023210 seconds
66.744: Application time: 0.0472570 seconds
66.746: [GC66.746: [ParNew: 55871K->6207K(55872K), 0.0023250 secs] 139912K->91396K(182144K), 0.0023730 secs] [Times: user=0.02 sys=0.00, real=0.00 secs] 
66.749: Total time for which application threads were stopped: 0.0047550 seconds, Stopping threads took: 0.0023040 seconds
66.796: Application time: 0.0475280 seconds
66.798: [GC66.798: [ParNew: 55871K->6207K(55872K), 0.0019290 secs] 141060K->91417K(182144K), 0.0019710 secs] [Times: user=0.01 sys=0.00, real=0.00 secs] 
66.800: Total time for which application threads were stopped: 0.0036320 seconds, Stopping threads took: 0.0015740 seconds
66.847: Application time: 0.0470780 seconds
66.849: [GC66.849: [ParNew: 55871K->6057K(55872K), 0.0018050 secs] 141081K->91267K(182144K), 0.0018480 secs] [Times: user=0.01 sys=0.00, real=0.00 secs] 
66.851: Total time for which application threads were stopped: 0.0038000 seconds, Stopping threads took: 0.0018870 seconds
66.896: Application time: 0.0451600 seconds
66.898: [GC66.898: [ParNew: 55721K->6206K(55872K), 0.0022070 secs] 140931K->92226K(182144K), 0.0022500 secs] [Times: user=0.02 sys=0.00, real=0.00 secs] 
66.900: Total time for which application threads were stopped: 0.0044930 seconds, Stopping threads took: 0.0021550 seconds
66.949: Application time: 0.0484460 seconds
66.950: [GC66.950: [ParNew: 55870K->4967K(55872K), 0.0015230 secs] 141890K->90986K(182144K), 0.0015610 secs] [Times: user=0.01 sys=0.00, real=0.00 secs] 
66.951: Total time for which application threads were stopped: 0.0025020 seconds, Stopping threads took: 0.0008780 seconds
67.000: Application time: 0.0482050 seconds
67.001: [GC67.001: [ParNew: 54631K->5282K(55872K), 0.0016950 secs] 140650K->91329K(182144K), 0.0017380 secs] [Times: user=0.01 sys=0.00, real=0.01 secs] 
67.003: Total time for which application threads were stopped: 0.0032210 seconds, Stopping threads took: 0.0014170 seconds
67.050: Application time: 0.0474670 seconds
67.052: [GC67.052: [ParNew: 54946K->6206K(55872K), 0.0021030 secs] 140993K->92349K(182144K), 0.0021460 secs] [Times: user=0.01 sys=0.00, real=0.01 secs] 
67.055: Total time for which application threads were stopped: 0.0042370 seconds, Stopping threads took: 0.0019930 seconds
67.104: Application time: 0.0494660 seconds
67.106: [GC67.106: [ParNew: 55870K->6206K(55872K), 0.0021650 secs] 142013K->92766K(182144K), 0.0022110 secs] [Times: user=0.01 sys=0.00, real=0.00 secs] 
67.108: Total time for which application threads were stopped: 0.0042790 seconds, Stopping threads took: 0.0019760 seconds
67.157: Application time: 0.0483220 seconds
67.159: [GC67.159: [ParNew: 55870K->5079K(55872K), 0.0017150 secs] 142430K->91696K(182144K), 0.0017570 secs] [Times: user=0.01 sys=0.00, real=0.00 secs] 
67.160: Total time for which application threads were stopped: 0.0037570 seconds, Stopping threads took: 0.0019360 seconds
67.209: Application time: 0.0481850 seconds
67.211: [GC67.211: [ParNew: 54743K->6207K(55872K), 0.0021810 secs] 141360K->93064K(182144K), 0.0022230 secs] [Times: user=0.02 sys=0.01, real=0.00 secs] 
67.213: Total time for which application threads were stopped: 0.0044380 seconds, Stopping threads took: 0.0021500 seconds
67.260: Application time: 0.0475160 seconds
67.261: [GC67.261: [ParNew: 55871K->6206K(55872K), 0.0019270 secs] 142728K->93141K(182144K), 0.0019690 secs] [Times: user=0.02 sys=0.00, real=0.01 secs] 
67.263: Total time for which application threads were stopped: 0.0028480 seconds, Stopping threads took: 0.0008130 seconds
67.309: Application time: 0.0461710 seconds
67.313: [GC67.313: [ParNew: 55870K->6207K(55872K), 0.0024420 secs] 142805K->94156K(182144K), 0.0024870 secs] [Times: user=0.02 sys=0.00, real=0.01 secs] 
67.315: Total time for which application threads were stopped: 0.0057540 seconds, Stopping threads took: 0.0032040 seconds
67.364: Application time: 0.0486980 seconds
67.366: [GC67.366: [ParNew: 55871K->6207K(55872K), 0.0022680 secs] 143820K->95142K(182144K), 0.0023150 secs] [Times: user=0.01 sys=0.00, real=0.00 secs] 
67.369: Total time for which application threads were stopped: 0.0046180 seconds, Stopping threads took: 0.0022150 seconds
67.418: Application time: 0.0490440 seconds
67.421: [GC67.421: [ParNew: 55871K->6207K(55872K), 0.0024330 secs] 144806K->95957K(182144K), 0.0024790 secs] [Times: user=0.01 sys=0.00, real=0.01 secs] 
67.423: Total time for which application threads were stopped: 0.0054090 seconds, Stopping threads took: 0.0028420 seconds
67.468: Application time: 0.0450990 seconds
67.470: [GC67.470: [ParNew: 55871K->6207K(55872K), 0.0021480 secs] 145621K->96014K(182144K), 0.0021890 secs] [Times: user=0.02 sys=0.00, real=0.00 secs] 
67.472: Total time for which application threads were stopped: 0.0036790 seconds, Stopping threads took: 0.0014030 seconds
67.519: Application time: 0.0471180 seconds
67.521: [GC67.521: [ParNew: 55871K->6207K(55872K), 0.0022330 secs] 145678K->96348K(182144K), 0.0022780 secs] [Times: user=0.01 sys=0.00, real=0.01 secs] 
67.523: Total time for which application threads were stopped: 0.0045210 seconds, Stopping threads took: 0.0021750 seconds
67.571: Application time: 0.0479650 seconds
67.575: [GC67.575: [ParNew: 55871K->6207K(55872K), 0.0022670 secs] 146012K->96983K(182144K), 0.0023150 secs] [Times: user=0.02 sys=0.00, real=0.00 secs] 
67.577: Total time for which application threads were stopped: 0.0059260 seconds, Stopping threads took: 0.0035350 seconds
67.625: Application time: 0.0477150 seconds
67.627: [GC67.627: [ParNew: 55871K->5258K(55872K), 0.0017910 secs] 146647K->96062K(182144K), 0.0018350 secs] [Times: user=0.01 sys=0.00, real=0.00 secs] 
67.629: Total time for which application threads were stopped: 0.0036230 seconds, Stopping threads took: 0.0017220 seconds
67.677: Application time: 0.0484280 seconds
67.679: [GC67.679: [ParNew: 54922K->5058K(55872K), 0.0017740 secs] 145726K->95920K(182144K), 0.0018080 secs] [Times: user=0.02 sys=0.00, real=0.00 secs] 
67.681: Total time for which application threads were stopped: 0.0041740 seconds, Stopping threads took: 0.0023020 seconds
67.727: Application time: 0.0455590 seconds
67.728: [GC67.728: [ParNew: 54722K->5875K(55872K), 0.0019970 secs] 145584K->96766K(182144K), 0.0020400 secs] [Times: user=0.01 sys=0.00, real=0.00 secs] 
67.730: Total time for which application threads were stopped: 0.0033810 seconds, Stopping threads took: 0.0012520 seconds
67.776: Application time: 0.0456330 seconds
67.778: [GC67.778: [ParNew: 55539K->4927K(55872K), 0.0018080 secs] 146430K->95846K(182144K), 0.0018480 secs] [Times: user=0.01 sys=0.00, real=0.00 secs] 
67.779: Total time for which application threads were stopped: 0.0035620 seconds, Stopping threads took: 0.0016300 seconds
 CMS: abort preclean due to time 67.781: [CMS-concurrent-abortable-preclean: 0.251/5.040 secs] [Times: user=38.63 sys=0.17, real=5.04 secs] 
67.781: Application time: 0.0016440 seconds
67.784: [GC[YG occupancy: 10467 K (55872 K)]67.784: [Rescan (parallel) , 0.0004370 secs]67.784: [weak refs processing, 0.0000070 secs]67.784: [scrub string table, 0.0001150 secs] [1 CMS-remark: 90918K(126272K)] 101386K(182144K), 0.0005840 secs] [Times: user=0.00 sys=0.00, real=0.00 secs] 
67.784: Total time for which application threads were stopped: 0.0033100 seconds, Stopping threads took: 0.0026780 seconds
67.784: [CMS-concurrent-sweep-start]
67.791: [CMS-concurrent-sweep: 0.006/0.006 secs] [Times: user=0.04 sys=0.00, real=0.00 secs] 
67.791: [CMS-concurrent-reset-start]
67.791: [CMS-concurrent-reset: 0.000/0.000 secs] [Times: user=0.00 sys=0.00, real=0.00 secs] 
67.827: Application time: 0.0426780 seconds
67.830: [GC67.830: [ParNew: 54591K->6206K(55872K), 0.0024280 secs] 94521K->47705K(182144K), 0.0024680 secs] [Times: user=0.02 sys=0.00, real=0.00 secs] 
67.832: Total time for which application threads were stopped: 0.0049310 seconds, Stopping threads took: 0.0023780 seconds
67.832: Application time: 0.0001090 seconds
67.834: [GC [1 CMS-initial-mark: 41499K(126272K)] 48434K(182144K), 0.0002050 secs] [Times: user=0.00 sys=0.00, real=0.00 secs] 
67.835: Total time for which application threads were stopped: 0.0024170 seconds, Stopping threads took: 0.0021910 seconds
67.835: [CMS-concurrent-mark-start]
67.840: [CMS-concurrent-mark: 0.005/0.005 secs] [Times: user=0.03 sys=0.00, real=0.00 secs] 
67.840: [CMS-concurrent-preclean-start]
67.840: [CMS-concurrent-preclean: 0.000/0.000 secs] [Times: user=0.00 sys=0.00, real=0.00 secs] 
67.840: [CMS-concurrent-abortable-preclean-start]
67.879: Application time: 0.0448460 seconds
67.882: [GC67.882: [ParNew: 55870K->5325K(55872K), 0.0017840 secs] 97369K->46824K(182144K), 0.0018280 secs] [Times: user=0.02 sys=0.00, real=0.00 secs] 
67.883: Total time for which application threads were stopped: 0.0039870 seconds, Stopping threads took: 0.0020730 seconds
67.932: Application time: 0.0491140 seconds
67.935: [GC67.935: [ParNew: 54989K->3957K(55872K), 0.0015030 secs] 96488K->45456K(182144K), 0.0015390 secs] [Times: user=0.01 sys=0.01, real=0.00 secs] 
67.936: Total time for which application threads were stopped: 0.0039310 seconds, Stopping threads took: 0.0023100 seconds
67.983: Application time: 0.0463900 seconds
67.986: [GC67.986: [ParNew: 53621K->6206K(55872K), 0.0022210 secs] 95120K->48420K(182144K), 0.0022650 secs] [Times: user=0.01 sys=0.00, real=0.00 secs] 
67.988: Total time for which application threads were stopped: 0.0053550 seconds, Stopping threads took: 0.0030270 seconds
68.033: Application time: 0.0447810 seconds
68.035: [GC68.035: [ParNew: 55870K->6207K(55872K), 0.0020800 secs] 98084K->48941K(182144K), 0.0021200 secs] [Times: user=0.01 sys=0.00, real=0.00 secs] 
68.037: Total time for which application threads were stopped: 0.0038150 seconds, Stopping threads took: 0.0016290 seconds
68.081: Application time: 0.0443910 seconds
68.083: [GC68.083: [ParNew: 55871K->6207K(55872K), 0.0022600 secs] 98605K->49825K(182144K), 0.0023050 secs] [Times: user=0.02 sys=0.00, real=0.00 secs] 
68.085: Total time for which application threads were stopped: 0.0039810 seconds, Stopping threads took: 0.0016020 seconds
68.131: Application time: 0.0463280 seconds
68.133: [GC68.133: [ParNew: 55871K->5557K(55872K), 0.0016640 secs] 99489K->49261K(182144K), 0.0017050 secs] [Times: user=0.01 sys=0.00, real=0.00 secs] 
68.135: Total time for which application threads were stopped: 0.0036790 seconds, Stopping threads took: 0.0019100 seconds
68.181: Application time: 0.0454500 seconds
68.183: [GC68.183: [ParNew: 55221K->6207K(55872K), 0.0024150 secs] 98925K->51561K(182144K), 0.0024600 secs] [Times: user=0.02 sys=0.00, real=0.00 secs] 
68.185: Total time for which application threads were stopped: 0.0043690 seconds, Stopping threads took: 0.0018440 seconds
68.233: Application time: 0.0478050 seconds
68.236: [GC68.236: [ParNew: 55871K->6206K(55872K), 0.0020750 secs] 101225K->51955K(182144K), 0.0021170 secs] [Times: user=0.02 sys=0.00, real=0.00 secs] 
68.238: Total time for which application threads were stopped: 0.0048910 seconds, Stopping threads took: 0.0027100 seconds
68.283: Application time: 0.0448810 seconds
68.285: [GC68.285: [ParNew: 55870K->6207K(55872K), 0.0020170 secs] 101619K->52276K(182144K), 0.0020610 secs] [Times: user=0.01 sys=0.00, real=0.00 secs] 
68.287: Total time for which application threads were stopped: 0.0040590 seconds, Stopping threads took: 0.0019330 seconds
68.330: Application time: 0.0437480 seconds
68.333: [GC68.333: [ParNew: 55871K->6207K(55872K), 0.0020660 secs] 101940K->52518K(182144K), 0.0021060 secs] [Times: user=0.01 sys=0.00, real=0.01 secs] 
68.335: Total time for which application threads were stopped: 0.0043230 seconds, Stopping threads took: 0.0021540 seconds
68.378: Application time: 0.0436710 seconds
68.380: [GC68.380: [ParNew: 55871K->6207K(55872K), 0.0022580 secs] 102182K->53668K(182144K), 0.0023000 secs] [Times: user=0.01 sys=0.00, real=0.01 secs] 
68.383: Total time for which application threads were stopped: 0.0043610 seconds, Stopping threads took: 0.0019970 seconds
68.427: Application time: 0.0443650 seconds
68.429: [GC68.429: [ParNew: 55871K->6206K(55872K), 0.0021070 secs] 103332K->53954K(182144K), 0.0021480 secs] [Times: user=0.01 sys=0.00, real=0.00 secs] 
68.431: Total time for which application threads were stopped: 0.0036720 seconds, Stopping threads took: 0.0014600 seconds
68.475: Application time: 0.0447060 seconds
68.478: [GC68.478: [ParNew: 55870K->6206K(55872K), 0.0023290 secs] 103618K->55242K(182144K), 0.0023740 secs] [Times: user=0.01 sys=0.00, real=0.00 secs] 
68.480: Total time for which application threads were stopped: 0.0047430 seconds, Stopping threads took: 0.0023020 seconds
68.525: Application time: 0.0447750 seconds
68.528: [GC68.528: [ParNew: 55870K->6206K(55872K), 0.0019560 secs] 104906K->55477K(182144K), 0.0020010 secs] [Times: user=0.01 sys=0.01, real=0.00 secs] 
68.530: Total time for which application threads were stopped: 0.0046190 seconds, Stopping threads took: 0.0025530 seconds
68.575: Application time: 0.0453510 seconds
68.577: [GC68.577: [ParNew: 55870K->6206K(55872K), 0.0023570 secs] 105141K->56709K(182144K), 0.0023990 secs] [Times: user=0.02 sys=0.00, real=0.00 secs] 
68.579: Total time for which application threads were stopped: 0.0040560 seconds, Stopping threads took: 0.0015700 seconds
68.622: Application time: 0.0425610 seconds
68.624: [GC68.624: [ParNew: 55870K->6207K(55872K), 0.0024040 secs] 106373K->57885K(182144K), 0.0024510 secs] [Times: user=0.02 sys=0.00, real=0.00 secs] 
68.626: Total time for which application threads were stopped: 0.0046900 seconds, Stopping threads took: 0.0021640 seconds
68.672: Application time: 0.0460960 seconds
68.675: [GC68.675: [ParNew: 55871K->5385K(55872K), 0.0017100 secs] 107549K->57119K(182144K), 0.0017500 secs] [Times: user=0.01 sys=0.00, real=0.00 secs] 
68.677: Total time for which application threads were stopped: 0.0041980 seconds, Stopping threads took: 0.0023870 seconds
68.723: Application time: 0.0462730 seconds
68.723: [GC68.723: [ParNew: 55049K->5398K(55872K), 0.0017570 secs] 106783K->57161K(182144K), 0.0017950 secs] [Times: user=0.01 sys=0.00, real=0.00 secs] 
68.725: Total time for which application threads were stopped: 0.0022410 seconds, Stopping threads took: 0.0003840 seconds
68.769: Application time: 0.0438630 seconds
68.770: [GC68.770: [ParNew: 55062K->5947K(55872K), 0.0019290 secs] 106825K->57767K(182144K), 0.0019680 secs] [Times: user=0.02 sys=0.00, real=0.00 secs] 
68.772: Total time for which application threads were stopped: 0.0032820 seconds, Stopping threads took: 0.0012520 seconds
68.815: Application time: 0.0431460 seconds
68.817: [GC68.817: [ParNew: 55611K->6206K(55872K), 0.0019460 secs] 107431K->58144K(182144K), 0.0019900 secs] [Times: user=0.01 sys=0.00, real=0.00 secs] 
68.819: Total time for which application threads were stopped: 0.0038020 seconds, Stopping threads took: 0.0017450 seconds
68.864: Application time: 0.0450630 seconds
68.866: [GC68.866: [ParNew: 55870K->5453K(55872K), 0.0017150 secs] 107808K->57420K(182144K), 0.0017580 secs] [Times: user=0.02 sys=0.00, real=0.00 secs] 
68.868: Total time for which application threads were stopped: 0.0032540 seconds, Stopping threads took: 0.0014090 seconds
68.913: Application time: 0.0450260 seconds
68.913: [GC68.913: [ParNew: 55117K->6207K(55872K), 0.0020990 secs] 107084K->58363K(182144K), 0.0021390 secs] [Times: user=0.01 sys=0.00, real=0.01 secs] 
68.915: Total time for which application threads were stopped: 0.0029000 seconds, Stopping threads took: 0.0006970 seconds
68.960: Application time: 0.0446290 seconds
68.962: [GC68.962: [ParNew: 55871K->6206K(55872K), 0.0021330 secs] 108027K->58876K(182144K), 0.0021760 secs] [Times: user=0.01 sys=0.00, real=0.00 secs] 
68.964: Total time for which application threads were stopped: 0.0036760 seconds, Stopping threads took: 0.0014330 seconds
69.008: Application time: 0.0439730 seconds
69.010: [GC69.010: [ParNew: 55870K->6207K(55872K), 0.0020980 secs] 108540K->59503K(182144K), 0.0021380 secs] [Times: user=0.02 sys=0.00, real=0.00 secs] 
69.013: Total time for which application threads were stopped: 0.0048000 seconds, Stopping threads took: 0.0025890 seconds
69.058: Application time: 0.0456220 seconds
69.059: [GC69.059: [ParNew: 55871K->6206K(55872K), 0.0022440 secs] 109167K->60633K(182144K), 0.0022850 secs] [Times: user=0.01 sys=0.00, real=0.00 secs] 
69.061: Total time for which application threads were stopped: 0.0031910 seconds, Stopping threads took: 0.0008320 seconds
69.112: Application time: 0.0509630 seconds
69.115: [GC69.115: [ParNew: 55870K->6207K(55872K), 0.0021690 secs] 110297K->61572K(182144K), 0.0022180 secs] [Times: user=0.02 sys=0.00, real=0.00 secs] 
69.117: Total time for which application threads were stopped: 0.0048070 seconds, Stopping threads took: 0.0025260 seconds
69.163: Application time: 0.0458810 seconds
69.164: [GC69.164: [ParNew: 55871K->5084K(55872K), 0.0016630 secs] 111236K->60505K(182144K), 0.0017040 secs] [Times: user=0.01 sys=0.00, real=0.00 secs] 
69.166: Total time for which application threads were stopped: 0.0025430 seconds, Stopping threads took: 0.0007680 seconds
69.212: Application time: 0.0461280 seconds
69.214: [GC69.214: [ParNew: 54748K->6023K(55872K), 0.0019140 secs] 110169K->61473K(182144K), 0.0019540 secs] [Times: user=0.02 sys=0.00, real=0.00 secs] 
69.216: Total time for which application threads were stopped: 0.0046630 seconds, Stopping threads took: 0.0026210 seconds
69.262: Application time: 0.0457770 seconds
69.264: [GC69.264: [ParNew: 55687K->6206K(55872K), 0.0023540 secs] 111137K->62558K(182144K), 0.0023940 secs] [Times: user=0.02 sys=0.00, real=0.00 secs] 
69.266: Total time for which application threads were stopped: 0.0042540 seconds, Stopping threads took: 0.0017980 seconds
69.313: Application time: 0.0461320 seconds
69.315: [GC69.315: [ParNew: 55870K->6065K(55872K), 0.0017570 secs] 112222K->62417K(182144K), 0.0017950 secs] [Times: user=0.01 sys=0.00, real=0.00 secs] 
69.317: Total time for which application threads were stopped: 0.0040400 seconds, Stopping threads took: 0.0021620 seconds
69.362: Application time: 0.0451140 seconds
69.364: [GC69.364: [ParNew: 55729K->6206K(55872K), 0.0022620 secs] 112081K->63567K(182144K), 0.0023040 secs] [Times: user=0.02 sys=0.00, real=0.00 secs] 
69.366: Total time for which application threads were stopped: 0.0042810 seconds, Stopping threads took: 0.0019150 seconds
69.412: Application time: 0.0455440 seconds
69.415: [GC69.415: [ParNew: 55870K->6206K(55872K), 0.0021440 secs] 113231K->64437K(182144K), 0.0021860 secs] [Times: user=0.01 sys=0.00, real=0.00 secs] 
69.417: Total time for which application threads were stopped: 0.0051780 seconds, Stopping threads took: 0.0029300 seconds
69.462: Application time: 0.0448520 seconds
69.463: [GC69.463: [ParNew: 55870K->5975K(55872K), 0.0018100 secs] 114101K->64206K(182144K), 0.0018450 secs] [Times: user=0.02 sys=0.00, real=0.00 secs] 
69.465: Total time for which application threads were stopped: 0.0033500 seconds, Stopping threads took: 0.0014450 seconds
69.515: Application time: 0.0501640 seconds
69.517: [GC69.518: [ParNew: 55639K->4115K(55872K), 0.0013210 secs] 113870K->62346K(182144K), 0.0013570 secs] [Times: user=0.01 sys=0.00, real=0.00 secs] 
69.519: Total time for which application threads were stopped: 0.0037830 seconds, Stopping threads took: 0.0023660 seconds
69.564: Application time: 0.0453500 seconds
69.567: [GC69.567: [ParNew: 53778K->4982K(55872K), 0.0016940 secs] 112008K->63213K(182144K), 0.0017340 secs] [Times: user=0.01 sys=0.00, real=0.00 secs] 
69.568: Total time for which application threads were stopped: 0.0041000 seconds, Stopping threads took: 0.0023010 seconds
69.614: Application time: 0.0454440 seconds
69.616: [GC69.616: [ParNew: 54646K->5877K(55872K), 0.0017810 secs] 112877K->64136K(182144K), 0.0018240 secs] [Times: user=0.02 sys=0.00, real=0.00 secs] 
69.618: Total time for which application threads were stopped: 0.0037300 seconds, Stopping threads took: 0.0018410 seconds
69.662: Application time: 0.0442000 seconds
69.663: [GC69.664: [ParNew: 55541K->6207K(55872K), 0.0025480 secs] 113800K->66053K(182144K), 0.0025920 secs] [Times: user=0.02 sys=0.00, real=0.00 secs] 
69.666: Total time for which application threads were stopped: 0.0043920 seconds, Stopping threads took: 0.0017160 seconds
69.710: Application time: 0.0441890 seconds
69.712: [GC69.712: [ParNew: 55871K->6207K(55872K), 0.0021350 secs] 115717K->66395K(182144K), 0.0021780 secs] [Times: user=0.01 sys=0.00, real=0.01 secs] 
69.714: Total time for which application threads were stopped: 0.0038930 seconds, Stopping threads took: 0.0016180 seconds
69.760: Application time: 0.0455520 seconds
69.762: [GC69.762: [ParNew: 55871K->4594K(55872K), 0.0017210 secs] 116059K->64839K(182144K), 0.0017700 secs] [Times: user=0.01 sys=0.00, real=0.00 secs] 
69.764: Total time for which application threads were stopped: 0.0040980 seconds, Stopping threads took: 0.0022450 seconds
69.809: Application time: 0.0450210 seconds
69.811: [GC69.811: [ParNew: 54258K->5637K(55872K), 0.0017990 secs] 114503K->65910K(182144K), 0.0018440 secs] [Times: user=0.02 sys=0.00, real=0.00 secs] 
69.813: Total time for which application threads were stopped: 0.0044060 seconds, Stopping threads took: 0.0024960 seconds
69.858: Application time: 0.0445100 seconds
69.860: [GC69.860: [ParNew: 55301K->6206K(55872K), 0.0039380 secs] 115574K->68070K(182144K), 0.0039880 secs] [Times: user=0.02 sys=0.00, real=0.01 secs] 
69.864: Total time for which application threads were stopped: 0.0064670 seconds, Stopping threads took: 0.0024160 seconds
69.909: Application time: 0.0445050 seconds
69.912: [GC69.912: [ParNew: 55870K->6207K(55872K), 0.0020950 secs] 117734K->68576K(182144K), 0.0021380 secs] [Times: user=0.01 sys=0.00, real=0.01 secs] 
69.914: Total time for which application threads were stopped: 0.0049560 seconds, Stopping threads took: 0.0027570 seconds
69.960: Application time: 0.0458330 seconds
69.962: [GC69.962: [ParNew: 55871K->5530K(55872K), 0.0018630 secs] 118240K->67899K(182144K), 0.0019100 secs] [Times: user=0.01 sys=0.00, real=0.00 secs] 
69.964: Total time for which application threads were stopped: 0.0039940 seconds, Stopping threads took: 0.0020180 seconds
70.009: Application time: 0.0458530 seconds
70.012: [GC70.012: [ParNew: 55194K->6206K(55872K), 0.0023730 secs] 117563K->69741K(182144K), 0.0024160 secs] [Times: user=0.02 sys=0.00, real=0.01 secs] 
70.015: Total time for which application threads were stopped: 0.0054730 seconds, Stopping threads took: 0.0029740 seconds
70.058: Application time: 0.0429110 seconds
70.060: [GC70.060: [ParNew: 55870K->6206K(55872K), 0.0022940 secs] 119405K->70933K(182144K), 0.0023360 secs] [Times: user=0.01 sys=0.00, real=0.01 secs] 
70.062: Total time for which application threads were stopped: 0.0041600 seconds, Stopping threads took: 0.0017420 seconds
70.108: Application time: 0.0457350 seconds
70.109: [GC70.109: [ParNew: 55870K->4909K(55872K), 0.0016270 secs] 120597K->69665K(182144K), 0.0016620 secs] [Times: user=0.01 sys=0.00, real=0.00 secs] 
70.111: Total time for which application threads were stopped: 0.0028750 seconds, Stopping threads took: 0.0011600 seconds
70.155: Application time: 0.0449100 seconds
70.158: [GC70.158: [ParNew: 54573K->6206K(55872K), 0.0021780 secs] 119329K->72052K(182144K), 0.0022220 secs] [Times: user=0.01 sys=0.00, real=0.00 secs] 
70.160: Total time for which application threads were stopped: 0.0045240 seconds, Stopping threads took: 0.0022370 seconds
70.204: Application time: 0.0443240 seconds
70.206: [GC70.206: [ParNew: 55870K->6207K(55872K), 0.0022060 secs] 121716K->72971K(182144K), 0.0022520 secs] [Times: user=0.02 sys=0.00, real=0.00 secs] 
70.208: Total time for which application threads were stopped: 0.0038210 seconds, Stopping threads took: 0.0014910 seconds
70.253: Application time: 0.0447330 seconds
70.255: [GC70.255: [ParNew: 55871K->6129K(55872K), 0.0018880 secs] 122635K->72950K(182144K), 0.0019310 secs] [Times: user=0.01 sys=0.00, real=0.00 secs] 
70.257: Total time for which application threads were stopped: 0.0036000 seconds, Stopping threads took: 0.0016000 seconds
70.301: Application time: 0.0442550 seconds
70.302: [GC70.302: [ParNew: 55793K->6206K(55872K), 0.0022090 secs] 122614K->73869K(182144K), 0.0022520 secs] [Times: user=0.01 sys=0.00, real=0.00 secs] 
70.305: Total time for which application threads were stopped: 0.0037990 seconds, Stopping threads took: 0.0014810 seconds
70.349: Application time: 0.0447760 seconds
70.352: [GC70.352: [ParNew: 55870K->6206K(55872K), 0.0019550 secs] 123533K->74157K(182144K), 0.0019980 secs] [Times: user=0.02 sys=0.00, real=0.01 secs] 
70.354: Total time for which application threads were stopped: 0.0044270 seconds, Stopping threads took: 0.0023570 seconds
70.398: Application time: 0.0437610 seconds
70.399: [GC70.399: [ParNew: 55870K->6207K(55872K), 0.0025670 secs] 123821K->75855K(182144K), 0.0026090 secs] [Times: user=0.01 sys=0.00, real=0.01 secs] 
70.402: Total time for which application threads were stopped: 0.0044030 seconds, Stopping threads took: 0.0017080 seconds
70.449: Application time: 0.0468660 seconds
70.451: [GC70.451: [ParNew: 55871K->6206K(55872K), 0.0022130 secs] 125519K->76592K(182144K), 0.0022560 secs] [Times: user=0.02 sys=0.00, real=0.00 secs] 
70.453: Total time for which application threads were stopped: 0.0044580 seconds, Stopping threads took: 0.0021190 seconds
70.497: Application time: 0.0432800 seconds
70.499: [GC70.499: [ParNew: 55870K->6207K(55872K), 0.0023970 secs] 126256K->78286K(182144K), 0.0024410 secs] [Times: user=0.01 sys=0.00, real=0.01 secs] 
70.502: Total time for which application threads were stopped: 0.0053160 seconds, Stopping threads took: 0.0028120 seconds
70.545: Application time: 0.0436350 seconds
70.547: [GC70.547: [ParNew: 55871K->6207K(55872K), 0.0021960 secs] 127950K->79249K(182144K), 0.0022370 secs] [Times: user=0.02 sys=0.00, real=0.00 secs] 
70.549: Total time for which application threads were stopped: 0.0036360 seconds, Stopping threads took: 0.0013350 seconds
70.595: Application time: 0.0453710 seconds
70.597: [GC70.597: [ParNew: 55871K->5126K(55872K), 0.0016280 secs] 128913K->78167K(182144K), 0.0016690 secs] [Times: user=0.01 sys=0.00, real=0.00 secs] 
70.598: Total time for which application threads were stopped: 0.0037260 seconds, Stopping threads took: 0.0019960 seconds
70.644: Application time: 0.0453560 seconds
70.646: [GC70.646: [ParNew: 54790K->5205K(55872K), 0.0017680 secs] 127831K->78304K(182144K), 0.0018080 secs] [Times: user=0.02 sys=0.00, real=0.00 secs] 
70.648: Total time for which application threads were stopped: 0.0042030 seconds, Stopping threads took: 0.0023090 seconds
70.692: Application time: 0.0440740 seconds
70.694: [GC70.694: [ParNew: 54869K->6091K(55872K), 0.0018320 secs] 127968K->79189K(182144K), 0.0018790 secs] [Times: user=0.02 sys=0.00, real=0.00 secs] 
70.696: Total time for which application threads were stopped: 0.0042780 seconds, Stopping threads took: 0.0023320 seconds
70.740: Application time: 0.0442760 seconds
70.743: [GC70.743: [ParNew: 55755K->6207K(55872K), 0.0024540 secs] 128853K->80558K(182144K), 0.0024990 secs] [Times: user=0.02 sys=0.00, real=0.00 secs] 
70.745: Total time for which application threads were stopped: 0.0046220 seconds, Stopping threads took: 0.0020550 seconds
70.788: Application time: 0.0432730 seconds
70.790: [GC70.790: [ParNew: 55871K->6207K(55872K), 0.0023210 secs] 130222K->81754K(182144K), 0.0023630 secs] [Times: user=0.01 sys=0.00, real=0.00 secs] 
70.792: Total time for which application threads were stopped: 0.0040650 seconds, Stopping threads took: 0.0016070 seconds
70.836: Application time: 0.0434870 seconds
70.839: [GC70.839: [ParNew: 55871K->6206K(55872K), 0.0024570 secs] 131418K->82910K(182144K), 0.0025040 secs] [Times: user=0.01 sys=0.00, real=0.00 secs] 
70.841: Total time for which application threads were stopped: 0.0054610 seconds, Stopping threads took: 0.0028860 seconds
70.887: Application time: 0.0455420 seconds
70.889: [GC70.889: [ParNew: 55870K->6207K(55872K), 0.0021350 secs] 132574K->83283K(182144K), 0.0021800 secs] [Times: user=0.01 sys=0.00, real=0.00 secs] 
70.891: Total time for which application threads were stopped: 0.0039770 seconds, Stopping threads took: 0.0017290 seconds
70.936: Application time: 0.0452890 seconds
70.939: [GC70.939: [ParNew: 55870K->6207K(55872K), 0.0020610 secs] 132946K->83605K(182144K), 0.0021000 secs] [Times: user=0.02 sys=0.00, real=0.00 secs] 
70.941: Total time for which application threads were stopped: 0.0044890 seconds, Stopping threads took: 0.0023060 seconds
70.985: Application time: 0.0447830 seconds
70.988: [GC70.988: [ParNew: 55871K->6206K(55872K), 0.0023310 secs] 133269K->84370K(182144K), 0.0023720 secs] [Times: user=0.02 sys=0.00, real=0.00 secs] 
70.990: Total time for which application threads were stopped: 0.0045480 seconds, Stopping threads took: 0.0020890 seconds
71.035: Application time: 0.0446530 seconds
71.036: [GC71.037: [ParNew: 55870K->6207K(55872K), 0.0018960 secs] 134034K->84405K(182144K), 0.0019410 secs] [Times: user=0.01 sys=0.00, real=0.00 secs] 
71.038: Total time for which application threads were stopped: 0.0038170 seconds, Stopping threads took: 0.0018120 seconds
71.084: Application time: 0.0450790 seconds
71.085: [GC71.085: [ParNew: 55871K->6206K(55872K), 0.0021430 secs] 134069K->85197K(182144K), 0.0021860 secs] [Times: user=0.02 sys=0.00, real=0.00 secs] 
71.087: Total time for which application threads were stopped: 0.0039340 seconds, Stopping threads took: 0.0016820 seconds
71.133: Application time: 0.0458440 seconds
71.136: [GC71.136: [ParNew: 55870K->5913K(55872K), 0.0018740 secs] 134861K->84932K(182144K), 0.0019120 secs] [Times: user=0.01 sys=0.00, real=0.00 secs] 
71.138: Total time for which application threads were stopped: 0.0044800 seconds, Stopping threads took: 0.0025060 seconds
71.185: Application time: 0.0467140 seconds
71.187: [GC71.187: [ParNew: 55577K->5456K(55872K), 0.0016810 secs] 134596K->84504K(182144K), 0.0017210 secs] [Times: user=0.02 sys=0.00, real=0.00 secs] 
71.189: Total time for which application threads were stopped: 0.0045150 seconds, Stopping threads took: 0.0027320 seconds
71.236: Application time: 0.0468140 seconds
71.238: [GC71.238: [ParNew: 55120K->5844K(55872K), 0.0019130 secs] 134168K->84921K(182144K), 0.0019580 secs] [Times: user=0.02 sys=0.00, real=0.00 secs] 
71.240: Total time for which application threads were stopped: 0.0040380 seconds, Stopping threads took: 0.0020160 seconds
71.287: Application time: 0.0470930 seconds
71.287: [GC71.287: [ParNew: 55508K->3902K(55872K), 0.0014920 secs] 134585K->83035K(182144K), 0.0015260 secs] [Times: user=0.00 sys=0.00, real=0.00 secs] 
71.289: Total time for which application threads were stopped: 0.0019910 seconds, Stopping threads took: 0.0003860 seconds
71.334: Application time: 0.0451710 seconds
71.336: [GC71.336: [ParNew: 53566K->5876K(55872K), 0.0018460 secs] 132699K->85066K(182144K), 0.0018860 secs] [Times: user=0.01 sys=0.00, real=0.00 secs] 
71.338: Total time for which application threads were stopped: 0.0037450 seconds, Stopping threads took: 0.0017640 seconds
71.383: Application time: 0.0449080 seconds
71.384: [GC71.384: [ParNew: 55540K->6206K(55872K), 0.0021100 secs] 134730K->86101K(182144K), 0.0021560 secs] [Times: user=0.01 sys=0.00, real=0.00 secs] 
71.386: Total time for which application threads were stopped: 0.0036770 seconds, Stopping threads took: 0.0014560 seconds
71.431: Application time: 0.0441560 seconds
71.433: [GC71.433: [ParNew: 55870K->6206K(55872K), 0.0021470 secs] 135765K->86817K(182144K), 0.0021890 secs] [Times: user=0.02 sys=0.00, real=0.01 secs] 
71.435: Total time for which application threads were stopped: 0.0043080 seconds, Stopping threads took: 0.0020550 seconds
71.482: Application time: 0.0467320 seconds
71.485: [GC71.485: [ParNew: 55870K->5887K(55872K), 0.0018850 secs] 136481K->86498K(182144K), 0.0019260 secs] [Times: user=0.01 sys=0.00, real=0.00 secs] 
71.486: Total time for which application threads were stopped: 0.0047880 seconds, Stopping threads took: 0.0027990 seconds
71.532: Application time: 0.0459060 seconds
71.534: [GC71.534: [ParNew: 55551K->6206K(55872K), 0.0019170 secs] 136162K->86886K(182144K), 0.0019610 secs] [Times: user=0.01 sys=0.00, real=0.00 secs] 
71.536: Total time for which application threads were stopped: 0.0034320 seconds, Stopping threads took: 0.0014060 seconds
71.581: Application time: 0.0454430 seconds
71.583: [GC71.583: [ParNew: 55870K->4670K(55872K), 0.0016740 secs] 136550K->85349K(182144K), 0.0017110 secs] [Times: user=0.01 sys=0.00, real=0.00 secs] 
71.585: Total time for which application threads were stopped: 0.0035450 seconds, Stopping threads took: 0.0017740 seconds
71.630: Application time: 0.0454290 seconds
71.632: [GC71.632: [ParNew: 54334K->6207K(55872K), 0.0021570 secs] 135013K->87212K(182144K), 0.0022090 secs] [Times: user=0.02 sys=0.00, real=0.01 secs] 
71.634: Total time for which application threads were stopped: 0.0039580 seconds, Stopping threads took: 0.0016660 seconds
71.679: Application time: 0.0450700 seconds
71.681: [GC71.681: [ParNew: 55871K->5056K(55872K), 0.0018920 secs] 136876K->86117K(182144K), 0.0019310 secs] [Times: user=0.01 sys=0.00, real=0.01 secs] 
71.683: Total time for which application threads were stopped: 0.0036790 seconds, Stopping threads took: 0.0016760 seconds
71.731: Application time: 0.0481810 seconds
71.732: [GC71.732: [ParNew: 54720K->5361K(55872K), 0.0016600 secs] 135781K->86423K(182144K), 0.0017010 secs] [Times: user=0.01 sys=0.00, real=0.01 secs] 
71.734: Total time for which application threads were stopped: 0.0028680 seconds, Stopping threads took: 0.0010990 seconds
71.784: Application time: 0.0500440 seconds
71.787: [GC71.787: [ParNew: 55025K->4855K(55872K), 0.0015840 secs] 136087K->86002K(182144K), 0.0016270 secs] [Times: user=0.01 sys=0.00, real=0.00 secs] 
71.788: Total time for which application threads were stopped: 0.0041800 seconds, Stopping threads took: 0.0024880 seconds
71.836: Application time: 0.0481820 seconds
71.839: [GC71.839: [ParNew: 54519K->6156K(55872K), 0.0019150 secs] 135666K->87331K(182144K), 0.0019560 secs] [Times: user=0.01 sys=0.00, real=0.00 secs] 
71.841: Total time for which application threads were stopped: 0.0046670 seconds, Stopping threads took: 0.0026360 seconds
71.890: Application time: 0.0487720 seconds
71.892: [GC71.892: [ParNew: 55820K->6207K(55872K), 0.0022650 secs] 136995K->88372K(182144K), 0.0023100 secs] [Times: user=0.01 sys=0.00, real=0.01 secs] 
71.894: Total time for which application threads were stopped: 0.0043940 seconds, Stopping threads took: 0.0019950 seconds
71.943: Application time: 0.0488240 seconds
71.945: [GC71.945: [ParNew: 55871K->5545K(55872K), 0.0019760 secs] 138036K->87710K(182144K), 0.0020170 secs] [Times: user=0.01 sys=0.00, real=0.00 secs] 
71.947: Total time for which application threads were stopped: 0.0041550 seconds, Stopping threads took: 0.0020530 seconds
71.994: Application time: 0.0468250 seconds
71.997: [GC71.997: [ParNew: 55209K->6207K(55872K), 0.0023130 secs] 137374K->89253K(182144K), 0.0023550 secs] [Times: user=0.02 sys=0.00, real=0.00 secs] 
71.999: Total time for which application threads were stopped: 0.0048790 seconds, Stopping threads took: 0.0024380 seconds
72.047: Application time: 0.0475850 seconds
72.049: [GC72.049: [ParNew: 55871K->6207K(55872K), 0.0020900 secs] 138917K->89673K(182144K), 0.0021340 secs] [Times: user=0.02 sys=0.00, real=0.00 secs] 
72.051: Total time for which application threads were stopped: 0.0048450 seconds, Stopping threads took: 0.0026450 seconds
72.099: Application time: 0.0473790 seconds
72.101: [GC72.101: [ParNew: 55871K->5608K(55872K), 0.0018460 secs] 139337K->89073K(182144K), 0.0018880 secs] [Times: user=0.02 sys=0.00, real=0.01 secs] 
72.103: Total time for which application threads were stopped: 0.0040010 seconds, Stopping threads took: 0.0020480 seconds
72.150: Application time: 0.0476820 seconds
72.153: [GC72.153: [ParNew: 55272K->6086K(55872K), 0.0022180 secs] 138737K->89552K(182144K), 0.0022600 secs] [Times: user=0.01 sys=0.00, real=0.01 secs] 
72.155: Total time for which application threads were stopped: 0.0046900 seconds, Stopping threads took: 0.0023610 seconds
72.205: Application time: 0.0502690 seconds
72.206: [GC72.206: [ParNew: 55750K->6206K(55872K), 0.0022810 secs] 139216K->90487K(182144K), 0.0023230 secs] [Times: user=0.01 sys=0.00, real=0.00 secs] 
72.209: Total time for which application threads were stopped: 0.0030950 seconds, Stopping threads took: 0.0006850 seconds
72.257: Application time: 0.0489630 seconds
72.259: [GC72.259: [ParNew: 55870K->6207K(55872K), 0.0020560 secs] 140151K->90732K(182144K), 0.0021040 secs] [Times: user=0.01 sys=0.00, real=0.01 secs] 
72.262: Total time for which application threads were stopped: 0.0040550 seconds, Stopping threads took: 0.0018630 seconds
72.312: Application time: 0.0501860 seconds
72.314: [GC72.315: [ParNew: 55871K->4976K(55872K), 0.0015920 secs] 140396K->89558K(182144K), 0.0016390 secs] [Times: user=0.01 sys=0.00, real=0.00 secs] 
72.316: Total time for which application threads were stopped: 0.0044200 seconds, Stopping threads took: 0.0027250 seconds
72.365: Application time: 0.0488940 seconds
72.367: [GC72.367: [ParNew: 54640K->6207K(55872K), 0.0019540 secs] 139222K->90880K(182144K), 0.0019960 secs] [Times: user=0.01 sys=0.00, real=0.00 secs] 
72.369: Total time for which application threads were stopped: 0.0042080 seconds, Stopping threads took: 0.0021370 seconds
72.415: Application time: 0.0458930 seconds
72.418: [GC72.418: [ParNew: 55871K->6206K(55872K), 0.0021390 secs] 140544K->91402K(182144K), 0.0021820 secs] [Times: user=0.02 sys=0.00, real=0.00 secs] 
72.420: Total time for which application threads were stopped: 0.0050770 seconds, Stopping threads took: 0.0028320 seconds
72.467: Application time: 0.0465310 seconds
72.469: [GC72.469: [ParNew: 55870K->6206K(55872K), 0.0023960 secs] 141066K->92625K(182144K), 0.0024410 secs] [Times: user=0.01 sys=0.00, real=0.00 secs] 
72.471: Total time for which application threads were stopped: 0.0046910 seconds, Stopping threads took: 0.0021620 seconds
72.520: Application time: 0.0480890 seconds
72.522: [GC72.522: [ParNew: 55870K->6206K(55872K), 0.0023090 secs] 142289K->93833K(182144K), 0.0023510 secs] [Times: user=0.01 sys=0.00, real=0.00 secs] 
72.524: Total time for which application threads were stopped: 0.0046840 seconds, Stopping threads took: 0.0022650 seconds
72.574: Application time: 0.0496400 seconds
72.576: [GC72.576: [ParNew: 55870K->6206K(55872K), 0.0023420 secs] 143497K->94942K(182144K), 0.0023850 secs] [Times: user=0.01 sys=0.00, real=0.00 secs] 
72.578: Total time for which application threads were stopped: 0.0044910 seconds, Stopping threads took: 0.0020410 seconds
72.625: Application time: 0.0468150 seconds
72.628: [GC72.628: [ParNew: 55870K->6207K(55872K), 0.0020370 secs] 144606K->95228K(182144K), 0.0020830 secs] [Times: user=0.01 sys=0.00, real=0.00 secs] 
72.630: Total time for which application threads were stopped: 0.0045470 seconds, Stopping threads took: 0.0023960 seconds
72.678: Application time: 0.0483570 seconds
72.680: [GC72.680: [ParNew: 55871K->6207K(55872K), 0.0020090 secs] 144892K->95513K(182144K), 0.0020520 secs] [Times: user=0.02 sys=0.00, real=0.01 secs] 
72.682: Total time for which application threads were stopped: 0.0040310 seconds, Stopping threads took: 0.0019110 seconds
72.730: Application time: 0.0474560 seconds
72.732: [GC72.732: [ParNew: 55871K->5422K(55872K), 0.0018170 secs] 145177K->94757K(182144K), 0.0018590 secs] [Times: user=0.01 sys=0.00, real=0.01 secs] 
72.734: Total time for which application threads were stopped: 0.0046320 seconds, Stopping threads took: 0.0026890 seconds
72.781: Application time: 0.0464240 seconds
72.783: [GC72.783: [ParNew: 55086K->5437K(55872K), 0.0017120 secs] 144421K->94800K(182144K), 0.0017540 secs] [Times: user=0.02 sys=0.00, real=0.00 secs] 
72.785: Total time for which application threads were stopped: 0.0045730 seconds, Stopping threads took: 0.0027330 seconds
72.833: Application time: 0.0481120 seconds
72.835: [GC72.835: [ParNew: 55101K->6206K(55872K), 0.0023530 secs] 144464K->96648K(182144K), 0.0023990 secs] [Times: user=0.02 sys=0.00, real=0.00 secs] 
72.838: Total time for which application threads were stopped: 0.0044910 seconds, Stopping threads took: 0.0020230 seconds
 CMS: abort preclean due to time 72.842: [CMS-concurrent-abortable-preclean: 0.259/5.002 secs] [Times: user=38.26 sys=0.16, real=5.01 secs] 
72.842: Application time: 0.0038650 seconds
72.845: [GC[YG occupancy: 10888 K (55872 K)]72.845: [Rescan (parallel) , 0.0002000 secs]72.845: [weak refs processing, 0.0000090 secs]72.845: [scrub string table, 0.0001220 secs] [1 CMS-remark: 90442K(126272K)] 101330K(182144K), 0.0003620 secs] [Times: user=0.00 sys=0.00, real=0.00 secs] 
72.845: Total time for which application threads were stopped: 0.0032370 seconds, Stopping threads took: 0.0028220 seconds
72.845: [CMS-concurrent-sweep-start]
72.852: [CMS-concurrent-sweep: 0.007/0.007 secs] [Times: user=0.04 sys=0.00, real=0.00 secs] 
72.852: [CMS-concurrent-reset-start]
72.852: [CMS-concurrent-reset: 0.000/0.000 secs] [Times: user=0.00 sys=0.00, real=0.00 secs] 
72.889: Application time: 0.0436350 seconds
72.891: [GC72.891: [ParNew: 55870K->6112K(55872K), 0.0020150 secs] 108819K->59146K(182144K), 0.0020600 secs] [Times: user=0.02 sys=0.00, real=0.00 secs] 
72.893: Total time for which application threads were stopped: 0.0047890 seconds, Stopping threads took: 0.0026260 seconds
72.943: Application time: 0.0493010 seconds
72.945: [GC72.945: [ParNew: 55776K->5256K(55872K), 0.0018020 secs] 108810K->58290K(182144K), 0.0018390 secs] [Times: user=0.01 sys=0.00, real=0.00 secs] 
72.947: Total time for which application threads were stopped: 0.0041270 seconds, Stopping threads took: 0.0022230 seconds
72.995: Application time: 0.0486480 seconds
72.997: [GC72.997: [ParNew: 54920K->6167K(55872K), 0.0021910 secs] 107954K->59259K(182144K), 0.0022340 secs] [Times: user=0.02 sys=0.00, real=0.00 secs] 
72.999: Total time for which application threads were stopped: 0.0035330 seconds, Stopping threads took: 0.0012330 seconds
73.049: Application time: 0.0498030 seconds
73.052: [GC73.052: [ParNew: 55831K->5469K(55872K), 0.0019210 secs] 108923K->58560K(182144K), 0.0019660 secs] [Times: user=0.01 sys=0.00, real=0.01 secs] 
73.054: Total time for which application threads were stopped: 0.0050920 seconds, Stopping threads took: 0.0030370 seconds
73.101: Application time: 0.0474510 seconds
73.103: [GC73.103: [ParNew: 55133K->5048K(55872K), 0.0017370 secs] 108224K->58168K(182144K), 0.0017750 secs] [Times: user=0.01 sys=0.00, real=0.00 secs] 
73.105: Total time for which application threads were stopped: 0.0037790 seconds, Stopping threads took: 0.0019190 seconds
73.155: Application time: 0.0500890 seconds
73.158: [GC73.158: [ParNew: 54712K->6207K(55872K), 0.0021220 secs] 107832K->60040K(182144K), 0.0021650 secs] [Times: user=0.01 sys=0.00, real=0.00 secs] 
73.160: Total time for which application threads were stopped: 0.0046810 seconds, Stopping threads took: 0.0024280 seconds
73.210: Application time: 0.0502690 seconds
73.212: [GC73.212: [ParNew: 55871K->4937K(55872K), 0.0018790 secs] 109704K->58770K(182144K), 0.0019180 secs] [Times: user=0.01 sys=0.00, real=0.01 secs] 
73.214: Total time for which application threads were stopped: 0.0035870 seconds, Stopping threads took: 0.0015950 seconds
73.263: Application time: 0.0490250 seconds
73.266: [GC73.266: [ParNew: 54601K->6207K(55872K), 0.0022590 secs] 108434K->60568K(182144K), 0.0023020 secs] [Times: user=0.02 sys=0.00, real=0.00 secs] 
73.268: Total time for which application threads were stopped: 0.0057090 seconds, Stopping threads took: 0.0033470 seconds
73.317: Application time: 0.0489680 seconds
73.320: [GC73.320: [ParNew: 55871K->6105K(55872K), 0.0019590 secs] 110232K->60522K(182144K), 0.0020070 secs] [Times: user=0.01 sys=0.00, real=0.01 secs] 
73.322: Total time for which application threads were stopped: 0.0045470 seconds, Stopping threads took: 0.0024720 seconds
73.371: Application time: 0.0492700 seconds
73.374: [GC73.374: [ParNew: 55769K->6206K(55872K), 0.0020550 secs] 110186K->60990K(182144K), 0.0021010 secs] [Times: user=0.01 sys=0.00, real=0.00 secs] 
73.376: Total time for which application threads were stopped: 0.0047660 seconds, Stopping threads took: 0.0025980 seconds
73.425: Application time: 0.0489380 seconds
73.426: [GC73.426: [ParNew: 55870K->6207K(55872K), 0.0019920 secs] 110654K->61270K(182144K), 0.0020370 secs] [Times: user=0.01 sys=0.00, real=0.00 secs] 
73.428: Total time for which application threads were stopped: 0.0031730 seconds, Stopping threads took: 0.0010360 seconds
73.478: Application time: 0.0499860 seconds
73.481: [GC73.481: [ParNew: 55871K->4468K(55872K), 0.0016140 secs] 110934K->59560K(182144K), 0.0016490 secs] [Times: user=0.01 sys=0.00, real=0.01 secs] 
73.482: Total time for which application threads were stopped: 0.0040690 seconds, Stopping threads took: 0.0023510 seconds
73.531: Application time: 0.0489790 seconds
73.533: [GC73.533: [ParNew: 54132K->6207K(55872K), 0.0020220 secs] 109224K->61359K(182144K), 0.0020700 secs] [Times: user=0.01 sys=0.00, real=0.01 secs] 
73.535: Total time for which application threads were stopped: 0.0041510 seconds, Stopping threads took: 0.0020130 seconds
73.587: Application time: 0.0511450 seconds
73.587: [GC73.587: [ParNew: 55871K->6206K(55872K), 0.0020510 secs] 111023K->61437K(182144K), 0.0020970 secs] [Times: user=0.01 sys=0.00, real=0.00 secs] 
73.589: Total time for which application threads were stopped: 0.0027310 seconds, Stopping threads took: 0.0005660 seconds
73.637: Application time: 0.0480060 seconds
73.639: [GC73.639: [ParNew: 55870K->5541K(55872K), 0.0018230 secs] 111101K->60801K(182144K), 0.0018580 secs] [Times: user=0.02 sys=0.00, real=0.00 secs] 
73.641: Total time for which application threads were stopped: 0.0038450 seconds, Stopping threads took: 0.0019030 seconds
73.691: Application time: 0.0500770 seconds
73.694: [GC73.694: [ParNew: 55205K->5036K(55872K), 0.0017620 secs] 110465K->60296K(182144K), 0.0018030 secs] [Times: user=0.01 sys=0.00, real=0.00 secs] 
73.696: Total time for which application threads were stopped: 0.0049770 seconds, Stopping threads took: 0.0031010 seconds
73.745: Application time: 0.0491600 seconds
73.747: [GC73.747: [ParNew: 54700K->6206K(55872K), 0.0025760 secs] 109960K->62321K(182144K), 0.0026200 secs] [Times: user=0.02 sys=0.00, real=0.00 secs] 
73.750: Total time for which application threads were stopped: 0.0046220 seconds, Stopping threads took: 0.0019340 seconds
73.797: Application time: 0.0471720 seconds
73.799: [GC73.799: [ParNew: 55870K->6207K(55872K), 0.0025730 secs] 111985K->64001K(182144K), 0.0026190 secs] [Times: user=0.02 sys=0.00, real=0.01 secs] 
73.802: Total time for which application threads were stopped: 0.0046570 seconds, Stopping threads took: 0.0019730 seconds
73.802: Application time: 0.0001060 seconds
73.805: [GC [1 CMS-initial-mark: 57793K(126272K)] 64753K(182144K), 0.0002220 secs] [Times: user=0.00 sys=0.00, real=0.00 secs] 
73.805: Total time for which application threads were stopped: 0.0029210 seconds, Stopping threads took: 0.0026770 seconds
73.805: [CMS-concurrent-mark-start]
73.810: [CMS-concurrent-mark: 0.006/0.006 secs] [Times: user=0.04 sys=0.00, real=0.00 secs] 
73.810: [CMS-concurrent-preclean-start]
73.811: [CMS-concurrent-preclean: 0.000/0.000 secs] [Times: user=0.00 sys=0.00, real=0.00 secs] 
73.811: [CMS-concurrent-abortable-preclean-start]
73.855: Application time: 0.0504680 seconds
73.857: [GC73.857: [ParNew: 55871K->4081K(55872K), 0.0015160 secs] 113665K->61928K(182144K), 0.0015560 secs] [Times: user=0.01 sys=0.00, real=0.00 secs] 
73.858: Total time for which application threads were stopped: 0.0029470 seconds, Stopping threads took: 0.0013290 seconds
73.906: Application time: 0.0479020 seconds
73.909: [GC73.909: [ParNew: 53745K->6206K(55872K), 0.0021840 secs] 111592K->64839K(182144K), 0.0022300 secs] [Times: user=0.01 sys=0.00, real=0.00 secs] 
73.911: Total time for which application threads were stopped: 0.0053410 seconds, Stopping threads took: 0.0030420 seconds
73.959: Application time: 0.0473540 seconds
73.960: [GC73.960: [ParNew: 55870K->6043K(55872K), 0.0018630 secs] 114503K->64675K(182144K), 0.0019060 secs] [Times: user=0.02 sys=0.00, real=0.01 secs] 
73.962: Total time for which application threads were stopped: 0.0034060 seconds, Stopping threads took: 0.0014280 seconds
74.011: Application time: 0.0483770 seconds
74.012: [GC74.012: [ParNew: 55707K->6206K(55872K), 0.0022230 secs] 114339K->65680K(182144K), 0.0022660 secs] [Times: user=0.01 sys=0.00, real=0.01 secs] 
74.014: Total time for which application threads were stopped: 0.0035350 seconds, Stopping threads took: 0.0012000 seconds
74.061: Application time: 0.0466810 seconds
74.064: [GC74.064: [ParNew: 55870K->6206K(55872K), 0.0021350 secs] 115344K->66425K(182144K), 0.0021780 secs] [Times: user=0.01 sys=0.00, real=0.00 secs] 
74.066: Total time for which application threads were stopped: 0.0048920 seconds, Stopping threads took: 0.0026430 seconds
74.113: Application time: 0.0468630 seconds
74.115: [GC74.115: [ParNew: 55870K->6207K(55872K), 0.0022980 secs] 116089K->67278K(182144K), 0.0023410 secs] [Times: user=0.01 sys=0.00, real=0.00 secs] 
74.117: Total time for which application threads were stopped: 0.0042970 seconds, Stopping threads took: 0.0018900 seconds
74.164: Application time: 0.0475510 seconds
74.167: [GC74.167: [ParNew: 55871K->6206K(55872K), 0.0021700 secs] 116942K->68088K(182144K), 0.0022120 secs] [Times: user=0.02 sys=0.00, real=0.00 secs] 
74.169: Total time for which application threads were stopped: 0.0045660 seconds, Stopping threads took: 0.0022900 seconds
74.216: Application time: 0.0471990 seconds
74.218: [GC74.218: [ParNew: 55870K->6207K(55872K), 0.0020920 secs] 117752K->68509K(182144K), 0.0021380 secs] [Times: user=0.01 sys=0.00, real=0.00 secs] 
74.220: Total time for which application threads were stopped: 0.0035870 seconds, Stopping threads took: 0.0013870 seconds
74.268: Application time: 0.0479060 seconds
74.270: [GC74.270: [ParNew: 55871K->6206K(55872K), 0.0021560 secs] 118173K->69379K(182144K), 0.0022010 secs] [Times: user=0.02 sys=0.00, real=0.00 secs] 
74.272: Total time for which application threads were stopped: 0.0043830 seconds, Stopping threads took: 0.0021210 seconds
74.320: Application time: 0.0481220 seconds
74.322: [GC74.322: [ParNew: 55870K->6207K(55872K), 0.0023020 secs] 119043K->70222K(182144K), 0.0023450 secs] [Times: user=0.02 sys=0.00, real=0.00 secs] 
74.325: Total time for which application threads were stopped: 0.0044350 seconds, Stopping threads took: 0.0020030 seconds
74.373: Application time: 0.0481390 seconds
74.374: [GC74.374: [ParNew: 55871K->6030K(55872K), 0.0018440 secs] 119886K->70073K(182144K), 0.0018880 secs] [Times: user=0.01 sys=0.00, real=0.00 secs] 
74.375: Total time for which application threads were stopped: 0.0026790 seconds, Stopping threads took: 0.0007240 seconds
74.427: Application time: 0.0515310 seconds
74.428: [GC74.428: [ParNew: 55694K->4738K(55872K), 0.0016360 secs] 119737K->68809K(182144K), 0.0016760 secs] [Times: user=0.01 sys=0.00, real=0.00 secs] 
74.430: Total time for which application threads were stopped: 0.0030110 seconds, Stopping threads took: 0.0012710 seconds
74.478: Application time: 0.0479410 seconds
74.480: [GC74.480: [ParNew: 54402K->5177K(55872K), 0.0016120 secs] 118473K->69248K(182144K), 0.0016540 secs] [Times: user=0.01 sys=0.00, real=0.00 secs] 
74.481: Total time for which application threads were stopped: 0.0032780 seconds, Stopping threads took: 0.0015480 seconds
74.532: Application time: 0.0504670 seconds
74.533: [GC74.533: [ParNew: 54841K->6206K(55872K), 0.0022510 secs] 118912K->71142K(182144K), 0.0023010 secs] [Times: user=0.02 sys=0.00, real=0.01 secs] 
74.536: Total time for which application threads were stopped: 0.0039740 seconds, Stopping threads took: 0.0016050 seconds
74.584: Application time: 0.0484720 seconds
74.587: [GC74.587: [ParNew: 55870K->5841K(55872K), 0.0018640 secs] 120806K->70801K(182144K), 0.0019070 secs] [Times: user=0.01 sys=0.00, real=0.00 secs] 
74.589: Total time for which application threads were stopped: 0.0047610 seconds, Stopping threads took: 0.0027860 seconds
74.636: Application time: 0.0467490 seconds
74.637: [GC74.637: [ParNew: 55505K->6207K(55872K), 0.0020210 secs] 120465K->71233K(182144K), 0.0020660 secs] [Times: user=0.02 sys=0.00, real=0.00 secs] 
74.639: Total time for which application threads were stopped: 0.0037230 seconds, Stopping threads took: 0.0015910 seconds
74.687: Application time: 0.0474470 seconds
74.688: [GC74.688: [ParNew: 55871K->6206K(55872K), 0.0021230 secs] 120897K->71751K(182144K), 0.0021670 secs] [Times: user=0.01 sys=0.00, real=0.00 secs] 
74.690: Total time for which application threads were stopped: 0.0035880 seconds, Stopping threads took: 0.0013540 seconds
74.737: Application time: 0.0467070 seconds
74.739: [GC74.739: [ParNew: 55870K->6207K(55872K), 0.0020400 secs] 121415K->72269K(182144K), 0.0020820 secs] [Times: user=0.02 sys=0.00, real=0.00 secs] 
74.741: Total time for which application threads were stopped: 0.0039690 seconds, Stopping threads took: 0.0018190 seconds
74.788: Application time: 0.0472380 seconds
74.791: [GC74.791: [ParNew: 55871K->6206K(55872K), 0.0019910 secs] 121933K->72282K(182144K), 0.0020310 secs] [Times: user=0.01 sys=0.00, real=0.00 secs] 
74.793: Total time for which application threads were stopped: 0.0049880 seconds, Stopping threads took: 0.0028700 seconds
74.842: Application time: 0.0491340 seconds
74.845: [GC74.845: [ParNew: 55870K->6067K(55872K), 0.0020610 secs] 121946K->72143K(182144K), 0.0021060 secs] [Times: user=0.02 sys=0.00, real=0.00 secs] 
74.848: Total time for which application threads were stopped: 0.0050630 seconds, Stopping threads took: 0.0028900 seconds
74.894: Application time: 0.0465750 seconds
74.896: [GC74.896: [ParNew: 55731K->6206K(55872K), 0.0023400 secs] 121807K->73484K(182144K), 0.0023890 secs] [Times: user=0.02 sys=0.00, real=0.00 secs] 
74.899: Total time for which application threads were stopped: 0.0045900 seconds, Stopping threads took: 0.0021110 seconds
74.945: Application time: 0.0467070 seconds
74.948: [GC74.948: [ParNew: 55870K->6207K(55872K), 0.0024070 secs] 123148K->74669K(182144K), 0.0024480 secs] [Times: user=0.02 sys=0.00, real=0.00 secs] 
74.951: Total time for which application threads were stopped: 0.0054930 seconds, Stopping threads took: 0.0029810 seconds
75.001: Application time: 0.0498350 seconds
75.002: [GC75.002: [ParNew: 55871K->6206K(55872K), 0.0023600 secs] 124333K->75481K(182144K), 0.0024040 secs] [Times: user=0.01 sys=0.00, real=0.00 secs] 
75.004: Total time for which application threads were stopped: 0.0034490 seconds, Stopping threads took: 0.0009470 seconds
75.054: Application time: 0.0493210 seconds
75.058: [GC75.058: [ParNew: 55870K->6207K(55872K), 0.0019950 secs] 125145K->75665K(182144K), 0.0020370 secs] [Times: user=0.01 sys=0.00, real=0.00 secs] 
75.060: Total time for which application threads were stopped: 0.0060350 seconds, Stopping threads took: 0.0039330 seconds
75.106: Application time: 0.0463950 seconds
75.108: [GC75.108: [ParNew: 55871K->6206K(55872K), 0.0024380 secs] 125329K->76933K(182144K), 0.0024850 secs] [Times: user=0.02 sys=0.00, real=0.00 secs] 
75.110: Total time for which application threads were stopped: 0.0043580 seconds, Stopping threads took: 0.0018040 seconds
75.158: Application time: 0.0477830 seconds
75.160: [GC75.160: [ParNew: 55870K->6206K(55872K), 0.0021300 secs] 126597K->77820K(182144K), 0.0021750 secs] [Times: user=0.01 sys=0.00, real=0.01 secs] 
75.162: Total time for which application threads were stopped: 0.0043420 seconds, Stopping threads took: 0.0021030 seconds
75.212: Application time: 0.0491780 seconds
75.213: [GC75.213: [ParNew: 55869K->6206K(55872K), 0.0021900 secs] 127483K->78103K(182144K), 0.0022380 secs] [Times: user=0.01 sys=0.00, real=0.01 secs] 
75.215: Total time for which application threads were stopped: 0.0031240 seconds, Stopping threads took: 0.0008170 seconds
75.265: Application time: 0.0500470 seconds
75.267: [GC75.267: [ParNew: 55870K->6206K(55872K), 0.0025650 secs] 127767K->79727K(182144K), 0.0026090 secs] [Times: user=0.02 sys=0.01, real=0.00 secs] 
75.270: Total time for which application threads were stopped: 0.0051440 seconds, Stopping threads took: 0.0024720 seconds
75.317: Application time: 0.0468160 seconds
75.319: [GC75.319: [ParNew: 55870K->6206K(55872K), 0.0022140 secs] 129391K->80232K(182144K), 0.0022560 secs] [Times: user=0.01 sys=0.00, real=0.00 secs] 
75.321: Total time for which application threads were stopped: 0.0044360 seconds, Stopping threads took: 0.0020940 seconds
75.368: Application time: 0.0469580 seconds
75.370: [GC75.370: [ParNew: 55870K->6207K(55872K), 0.0020770 secs] 129896K->80806K(182144K), 0.0021210 secs] [Times: user=0.02 sys=0.00, real=0.00 secs] 
75.372: Total time for which application threads were stopped: 0.0039690 seconds, Stopping threads took: 0.0017850 seconds
75.423: Application time: 0.0506590 seconds
75.425: [GC75.425: [ParNew: 55871K->6084K(55872K), 0.0020810 secs] 130470K->80683K(182144K), 0.0021360 secs] [Times: user=0.01 sys=0.00, real=0.00 secs] 
75.427: Total time for which application threads were stopped: 0.0041020 seconds, Stopping threads took: 0.0018760 seconds
75.475: Application time: 0.0479800 seconds
75.477: [GC75.477: [ParNew: 55748K->6207K(55872K), 0.0026580 secs] 130347K->82097K(182144K), 0.0027030 secs] [Times: user=0.01 sys=0.00, real=0.00 secs] 
75.480: Total time for which application threads were stopped: 0.0049550 seconds, Stopping threads took: 0.0021850 seconds
75.528: Application time: 0.0479750 seconds
75.529: [GC75.529: [ParNew: 55871K->5585K(55872K), 0.0019190 secs] 131761K->81475K(182144K), 0.0019600 secs] [Times: user=0.01 sys=0.00, real=0.00 secs] 
75.531: Total time for which application threads were stopped: 0.0036160 seconds, Stopping threads took: 0.0015810 seconds
75.580: Application time: 0.0490140 seconds
75.583: [GC75.583: [ParNew: 55249K->6059K(55872K), 0.0020110 secs] 131139K->81949K(182144K), 0.0020580 secs] [Times: user=0.01 sys=0.00, real=0.00 secs] 
75.585: Total time for which application threads were stopped: 0.0044620 seconds, Stopping threads took: 0.0023350 seconds
75.631: Application time: 0.0463870 seconds
75.634: [GC75.634: [ParNew: 55723K->6207K(55872K), 0.0023120 secs] 131613K->83214K(182144K), 0.0023560 secs] [Times: user=0.02 sys=0.00, real=0.00 secs] 
75.636: Total time for which application threads were stopped: 0.0046050 seconds, Stopping threads took: 0.0021820 seconds
75.684: Application time: 0.0481290 seconds
75.686: [GC75.686: [ParNew: 55871K->6206K(55872K), 0.0025360 secs] 132878K->84351K(182144K), 0.0025800 secs] [Times: user=0.01 sys=0.00, real=0.00 secs] 
75.689: Total time for which application threads were stopped: 0.0048990 seconds, Stopping threads took: 0.0022540 seconds
75.737: Application time: 0.0482680 seconds
75.738: [GC75.738: [ParNew: 55870K->4854K(55872K), 0.0017280 secs] 134015K->82999K(182144K), 0.0017710 secs] [Times: user=0.01 sys=0.00, real=0.00 secs] 
75.740: Total time for which application threads were stopped: 0.0028980 seconds, Stopping threads took: 0.0010400 seconds
75.785: Application time: 0.0444520 seconds
75.786: [GC75.786: [ParNew: 54518K->6207K(55872K), 0.0020090 secs] 132663K->84610K(182144K), 0.0020530 secs] [Times: user=0.01 sys=0.00, real=0.00 secs] 
75.788: Total time for which application threads were stopped: 0.0036450 seconds, Stopping threads took: 0.0015150 seconds
75.834: Application time: 0.0454680 seconds
75.835: [GC75.835: [ParNew: 55871K->6206K(55872K), 0.0020120 secs] 134274K->84958K(182144K), 0.0020530 secs] [Times: user=0.01 sys=0.00, real=0.00 secs] 
75.837: Total time for which application threads were stopped: 0.0035150 seconds, Stopping threads took: 0.0013760 seconds
75.881: Application time: 0.0439720 seconds
75.884: [GC75.884: [ParNew: 55870K->6206K(55872K), 0.0023260 secs] 134622K->86323K(182144K), 0.0023700 secs] [Times: user=0.02 sys=0.00, real=0.00 secs] 
75.886: Total time for which application threads were stopped: 0.0047550 seconds, Stopping threads took: 0.0023100 seconds
75.931: Application time: 0.0455290 seconds
75.934: [GC75.934: [ParNew: 55870K->5696K(55872K), 0.0017390 secs] 135987K->85813K(182144K), 0.0017810 secs] [Times: user=0.01 sys=0.00, real=0.00 secs] 
75.936: Total time for which application threads were stopped: 0.0044270 seconds, Stopping threads took: 0.0025700 seconds
75.983: Application time: 0.0466120 seconds
75.985: [GC75.985: [ParNew: 55360K->6206K(55872K), 0.0023930 secs] 135477K->87190K(182144K), 0.0024360 secs] [Times: user=0.02 sys=0.00, real=0.00 secs] 
75.987: Total time for which application threads were stopped: 0.0047390 seconds, Stopping threads took: 0.0022390 seconds
76.032: Application time: 0.0446940 seconds
76.034: [GC76.034: [ParNew: 55870K->6206K(55872K), 0.0023740 secs] 136854K->88511K(182144K), 0.0024150 secs] [Times: user=0.02 sys=0.00, real=0.00 secs] 
76.036: Total time for which application threads were stopped: 0.0043520 seconds, Stopping threads took: 0.0018640 seconds
76.083: Application time: 0.0463590 seconds
76.085: [GC76.085: [ParNew: 55870K->6207K(55872K), 0.0023240 secs] 138175K->89636K(182144K), 0.0023740 secs] [Times: user=0.02 sys=0.00, real=0.00 secs] 
76.087: Total time for which application threads were stopped: 0.0044680 seconds, Stopping threads took: 0.0020290 seconds
76.133: Application time: 0.0460290 seconds
76.136: [GC76.136: [ParNew: 55871K->6206K(55872K), 0.0020340 secs] 139300K->89943K(182144K), 0.0020790 secs] [Times: user=0.02 sys=0.00, real=0.00 secs] 
76.138: Total time for which application threads were stopped: 0.0050590 seconds, Stopping threads took: 0.0029140 seconds
76.182: Application time: 0.0438210 seconds
76.185: [GC76.185: [ParNew: 55870K->6207K(55872K), 0.0024920 secs] 139607K->91739K(182144K), 0.0025380 secs] [Times: user=0.02 sys=0.00, real=0.00 secs] 
76.187: Total time for which application threads were stopped: 0.0052300 seconds, Stopping threads took: 0.0026270 seconds
76.232: Application time: 0.0446840 seconds
76.233: [GC76.233: [ParNew: 55871K->6207K(55872K), 0.0021440 secs] 141403K->92263K(182144K), 0.0021870 secs] [Times: user=0.02 sys=0.00, real=0.01 secs] 
76.235: Total time for which application threads were stopped: 0.0034540 seconds, Stopping threads took: 0.0012030 seconds
76.278: Application time: 0.0426580 seconds
76.279: [GC76.279: [ParNew: 55871K->6206K(55872K), 0.0021180 secs] 141927K->92754K(182144K), 0.0021600 secs] [Times: user=0.01 sys=0.00, real=0.01 secs] 
76.282: Total time for which application threads were stopped: 0.0035540 seconds, Stopping threads took: 0.0013310 seconds
76.325: Application time: 0.0432910 seconds
76.327: [GC76.327: [ParNew: 55870K->6206K(55872K), 0.0021030 secs] 142418K->93299K(182144K), 0.0021480 secs] [Times: user=0.01 sys=0.00, real=0.00 secs] 
76.329: Total time for which application threads were stopped: 0.0043190 seconds, Stopping threads took: 0.0021050 seconds
76.373: Application time: 0.0441320 seconds
76.376: [GC76.376: [ParNew: 55870K->5758K(55872K), 0.0017290 secs] 142963K->92879K(182144K), 0.0017740 secs] [Times: user=0.01 sys=0.00, real=0.00 secs] 
76.378: Total time for which application threads were stopped: 0.0041410 seconds, Stopping threads took: 0.0023050 seconds
76.424: Application time: 0.0464200 seconds
76.426: [GC76.426: [ParNew: 55422K->6030K(55872K), 0.0019060 secs] 142543K->93151K(182144K), 0.0019480 secs] [Times: user=0.01 sys=0.00, real=0.00 secs] 
76.428: Total time for which application threads were stopped: 0.0036040 seconds, Stopping threads took: 0.0015700 seconds
76.470: Application time: 0.0421110 seconds
76.472: [GC76.472: [ParNew: 55694K->6206K(55872K), 0.0022580 secs] 142815K->94315K(182144K), 0.0023030 secs] [Times: user=0.02 sys=0.00, real=0.01 secs] 
76.474: Total time for which application threads were stopped: 0.0045610 seconds, Stopping threads took: 0.0021960 seconds
76.519: Application time: 0.0443750 seconds
76.520: [GC76.520: [ParNew: 55870K->6206K(55872K), 0.0019450 secs] 143979K->94432K(182144K), 0.0019880 secs] [Times: user=0.01 sys=0.00, real=0.01 secs] 
76.522: Total time for which application threads were stopped: 0.0038480 seconds, Stopping threads took: 0.0017850 seconds
76.569: Application time: 0.0461110 seconds
76.571: [GC76.571: [ParNew: 55870K->6207K(55872K), 0.0021330 secs] 144096K->94563K(182144K), 0.0021750 secs] [Times: user=0.02 sys=0.00, real=0.00 secs] 
76.573: Total time for which application threads were stopped: 0.0044880 seconds, Stopping threads took: 0.0022380 seconds
76.618: Application time: 0.0449760 seconds
76.620: [GC76.620: [ParNew: 55871K->5683K(55872K), 0.0017130 secs] 144227K->94039K(182144K), 0.0017530 secs] [Times: user=0.01 sys=0.00, real=0.00 secs] 
76.621: Total time for which application threads were stopped: 0.0033150 seconds, Stopping threads took: 0.0014920 seconds
76.664: Application time: 0.0429260 seconds
76.667: [GC76.667: [ParNew: 55347K->6206K(55872K), 0.0024730 secs] 143703K->96324K(182144K), 0.0025150 secs] [Times: user=0.01 sys=0.00, real=0.00 secs] 
76.669: Total time for which application threads were stopped: 0.0050840 seconds, Stopping threads took: 0.0024880 seconds
76.714: Application time: 0.0449220 seconds
76.716: [GC76.716: [ParNew: 55870K->6206K(55872K), 0.0021890 secs] 145988K->97026K(182144K), 0.0022330 secs] [Times: user=0.02 sys=0.00, real=0.00 secs] 
76.719: Total time for which application threads were stopped: 0.0043040 seconds, Stopping threads took: 0.0020040 seconds
76.763: Application time: 0.0444840 seconds
76.764: [GC76.764: [ParNew: 55870K->6207K(55872K), 0.0106720 secs] 146690K->98640K(182144K), 0.0107160 secs] [Times: user=0.07 sys=0.00, real=0.01 secs] 
76.775: Total time for which application threads were stopped: 0.0119930 seconds, Stopping threads took: 0.0012140 seconds
76.820: Application time: 0.0453660 seconds
76.823: [GC76.823: [ParNew: 55871K->6206K(55872K), 0.0024190 secs] 148304K->100085K(182144K), 0.0024690 secs] [Times: user=0.02 sys=0.00, real=0.00 secs] 
76.826: Total time for which application threads were stopped: 0.0053150 seconds, Stopping threads took: 0.0027840 seconds
76.868: Application time: 0.0422760 seconds
76.871: [GC76.871: [ParNew: 55870K->6207K(55872K), 0.0023770 secs] 149749K->101301K(182144K), 0.0024220 secs] [Times: user=0.02 sys=0.00, real=0.00 secs] 
76.873: Total time for which application threads were stopped: 0.0050370 seconds, Stopping threads took: 0.0025390 seconds
76.920: Application time: 0.0473580 seconds
76.923: [GC76.923: [ParNew: 55871K->6207K(55872K), 0.0022220 secs] 150965K->102472K(182144K), 0.0022660 secs] [Times: user=0.02 sys=0.00, real=0.00 secs] 
76.925: Total time for which application threads were stopped: 0.0048070 seconds, Stopping threads took: 0.0024760 seconds
76.969: Application time: 0.0439380 seconds
76.970: [GC76.970: [ParNew: 55871K->6207K(55872K), 0.0021960 secs] 152136K->103450K(182144K), 0.0022380 secs] [Times: user=0.02 sys=0.00, real=0.00 secs] 
76.973: Total time for which application threads were stopped: 0.0034580 seconds, Stopping threads took: 0.0011540 seconds
77.017: Application time: 0.0438400 seconds
77.018: [GC77.018: [ParNew: 55871K->6207K(55872K), 0.0022420 secs] 153114K->104320K(182144K), 0.0022840 secs] [Times: user=0.01 sys=0.00, real=0.00 secs] 
77.021: Total time for which application threads were stopped: 0.0041580 seconds, Stopping threads took: 0.0018090 seconds
77.068: Application time: 0.0468900 seconds
77.069: [GC77.069: [ParNew: 55871K->6207K(55872K), 0.0021380 secs] 153984K->105127K(182144K), 0.0021880 secs] [Times: user=0.02 sys=0.00, real=0.00 secs] 
77.072: Total time for which application threads were stopped: 0.0039970 seconds, Stopping threads took: 0.0017440 seconds
77.117: Application time: 0.0457620 seconds
77.119: [GC77.119: [ParNew: 55871K->5549K(55872K), 0.0018070 secs] 154791K->104469K(182144K), 0.0018420 secs] [Times: user=0.02 sys=0.00, real=0.00 secs] 
77.121: Total time for which application threads were stopped: 0.0037520 seconds, Stopping threads took: 0.0018200 seconds
77.165: Application time: 0.0436210 seconds
77.167: [GC77.167: [ParNew: 55213K->6207K(55872K), 0.0024730 secs] 154133K->106606K(182144K), 0.0025190 secs] [Times: user=0.02 sys=0.00, real=0.00 secs] 
77.169: Total time for which application threads were stopped: 0.0045890 seconds, Stopping threads took: 0.0020040 seconds
77.215: Application time: 0.0455950 seconds
77.217: [GC77.217: [ParNew: 55871K->6207K(55872K), 0.0021550 secs] 156270K->107036K(182144K), 0.0021950 secs] [Times: user=0.02 sys=0.00, real=0.00 secs] 
77.219: Total time for which application threads were stopped: 0.0039920 seconds, Stopping threads took: 0.0017340 seconds
77.264: Application time: 0.0449450 seconds
77.265: [GC77.265: [ParNew: 55871K->6198K(55872K), 0.0019260 secs] 156700K->107055K(182144K), 0.0019710 secs] [Times: user=0.02 sys=0.00, real=0.00 secs] 
77.267: Total time for which application threads were stopped: 0.0033350 seconds, Stopping threads took: 0.0013000 seconds
77.310: Application time: 0.0433220 seconds
77.312: [GC77.312: [ParNew: 55862K->6207K(55872K), 0.0021410 secs] 156719K->107985K(182144K), 0.0021850 secs] [Times: user=0.01 sys=0.00, real=0.01 secs] 
77.314: Total time for which application threads were stopped: 0.0039890 seconds, Stopping threads took: 0.0017420 seconds
77.360: Application time: 0.0457460 seconds
77.361: [GC77.362: [ParNew: 55871K->5553K(55872K), 0.0018040 secs] 157649K->107330K(182144K), 0.0018470 secs] [Times: user=0.01 sys=0.00, real=0.00 secs] 
77.363: Total time for which application threads were stopped: 0.0031270 seconds, Stopping threads took: 0.0012140 seconds
77.407: Application time: 0.0433930 seconds
77.409: [GC77.409: [ParNew: 55217K->6207K(55872K), 0.0023440 secs] 156994K->109203K(182144K), 0.0023870 secs] [Times: user=0.02 sys=0.00, real=0.00 secs] 
77.411: Total time for which application threads were stopped: 0.0043810 seconds, Stopping threads took: 0.0019290 seconds
77.457: Application time: 0.0454960 seconds
77.458: [GC77.458: [ParNew: 55871K->6206K(55872K), 0.0021070 secs] 158867K->109874K(182144K), 0.0021470 secs] [Times: user=0.02 sys=0.00, real=0.00 secs] 
77.460: Total time for which application threads were stopped: 0.0035280 seconds, Stopping threads took: 0.0013160 seconds
77.504: Application time: 0.0441690 seconds
77.506: [GC77.506: [ParNew: 55870K->6206K(55872K), 0.0024720 secs] 159538K->111539K(182144K), 0.0025160 secs] [Times: user=0.01 sys=0.00, real=0.00 secs] 
77.509: Total time for which application threads were stopped: 0.0045070 seconds, Stopping threads took: 0.0019260 seconds
77.553: Application time: 0.0442930 seconds
77.555: [GC77.555: [ParNew: 55870K->5658K(55872K), 0.0018840 secs] 161203K->111020K(182144K), 0.0019240 secs] [Times: user=0.01 sys=0.00, real=0.00 secs] 
77.557: Total time for which application threads were stopped: 0.0036830 seconds, Stopping threads took: 0.0016720 seconds
77.603: Application time: 0.0466020 seconds
77.606: [GC77.606: [ParNew: 55322K->4710K(55872K), 0.0015490 secs] 160684K->110072K(182144K), 0.0015880 secs] [Times: user=0.01 sys=0.00, real=0.00 secs] 
77.607: Total time for which application threads were stopped: 0.0038440 seconds, Stopping threads took: 0.0021710 seconds
77.650: Application time: 0.0431090 seconds
77.653: [GC77.653: [ParNew: 54374K->6207K(55872K), 0.0023230 secs] 159736K->112914K(182144K), 0.0023680 secs] [Times: user=0.02 sys=0.00, real=0.01 secs] 
77.655: Total time for which application threads were stopped: 0.0050240 seconds, Stopping threads took: 0.0025780 seconds
77.698: Application time: 0.0423370 seconds
77.700: [GC77.700: [ParNew: 55871K->6206K(55872K), 0.0023170 secs] 162578K->114009K(182144K), 0.0023630 secs] [Times: user=0.01 sys=0.01, real=0.01 secs] 
77.703: Total time for which application threads were stopped: 0.0048800 seconds, Stopping threads took: 0.0024510 seconds
77.750: Application time: 0.0471290 seconds
77.753: [GC77.753: [ParNew: 55870K->6207K(55872K), 0.0022300 secs] 163673K->114980K(182144K), 0.0022760 secs] [Times: user=0.02 sys=0.00, real=0.01 secs] 
77.755: Total time for which application threads were stopped: 0.0050590 seconds, Stopping threads took: 0.0026930 seconds
77.800: Application time: 0.0452770 seconds
77.802: [GC77.802: [ParNew: 55871K->6207K(55872K), 0.0020820 secs] 164644K->115232K(182144K), 0.0021240 secs] [Times: user=0.02 sys=0.00, real=0.00 secs] 
77.804: Total time for which application threads were stopped: 0.0038670 seconds, Stopping threads took: 0.0016790 seconds
77.850: Application time: 0.0457520 seconds
77.850: [GC77.850: [ParNew: 55871K->5612K(55872K), 0.0017290 secs] 164896K->114636K(182144K), 0.0017670 secs] [Times: user=0.01 sys=0.00, real=0.00 secs] 
77.852: Total time for which application threads were stopped: 0.0024360 seconds, Stopping threads took: 0.0006060 seconds
77.898: Application time: 0.0460010 seconds
77.901: [GC77.901: [ParNew: 55276K->4592K(55872K), 0.0014080 secs] 164300K->113617K(182144K), 0.0014520 secs] [Times: user=0.01 sys=0.00, real=0.01 secs] 
77.902: Total time for which application threads were stopped: 0.0043190 seconds, Stopping threads took: 0.0028030 seconds
77.946: Application time: 0.0438530 seconds
77.948: [GC77.948: [ParNew: 54256K->6206K(55872K), 0.0021360 secs] 163281K->115580K(182144K), 0.0021900 secs] [Times: user=0.01 sys=0.00, real=0.00 secs] 
77.950: Total time for which application threads were stopped: 0.0041430 seconds, Stopping threads took: 0.0018770 seconds
77.997: Application time: 0.0467220 seconds
78.000: [GC78.000: [ParNew: 55870K->5611K(55872K), 0.0019570 secs] 165244K->114985K(182144K), 0.0020040 secs] [Times: user=0.01 sys=0.00, real=0.01 secs] 
78.002: Total time for which application threads were stopped: 0.0048680 seconds, Stopping threads took: 0.0027980 seconds
78.047: Application time: 0.0450570 seconds
78.049: [GC78.049: [ParNew: 55275K->4948K(55872K), 0.0015800 secs] 164649K->114379K(182144K), 0.0016250 secs] [Times: user=0.01 sys=0.00, real=0.00 secs] 
78.051: Total time for which application threads were stopped: 0.0038620 seconds, Stopping threads took: 0.0021750 seconds
78.095: Application time: 0.0442420 seconds
78.097: [GC78.097: [ParNew: 54612K->5860K(55872K), 0.0019690 secs] 164043K->115291K(182144K), 0.0020130 secs] [Times: user=0.01 sys=0.00, real=0.00 secs] 
78.099: Total time for which application threads were stopped: 0.0036320 seconds, Stopping threads took: 0.0015320 seconds
78.144: Application time: 0.0451760 seconds
78.146: [GC78.146: [ParNew: 55524K->6207K(55872K), 0.0020810 secs] 164955K->115843K(182144K), 0.0021260 secs] [Times: user=0.01 sys=0.00, real=0.00 secs] 
78.148: Total time for which application threads were stopped: 0.0037570 seconds, Stopping threads took: 0.0015390 seconds
78.192: Application time: 0.0443510 seconds
78.194: [GC78.194: [ParNew: 55871K->6206K(55872K), 0.0020040 secs] 165507K->115899K(182144K), 0.0020490 secs] [Times: user=0.01 sys=0.00, real=0.00 secs] 
78.196: Total time for which application threads were stopped: 0.0036810 seconds, Stopping threads took: 0.0015360 seconds
78.241: Application time: 0.0449660 seconds
78.242: [GC78.243: [ParNew: 55870K->5261K(55872K), 0.0016980 secs] 165563K->115040K(182144K), 0.0017420 secs] [Times: user=0.01 sys=0.00, real=0.00 secs] 
78.244: Total time for which application threads were stopped: 0.0034370 seconds, Stopping threads took: 0.0016080 seconds
78.291: Application time: 0.0463390 seconds
78.293: [GC78.293: [ParNew: 54925K->5807K(55872K), 0.0019260 secs] 164704K->115642K(182144K), 0.0019700 secs] [Times: user=0.01 sys=0.00, real=0.01 secs] 
78.295: Total time for which application threads were stopped: 0.0043110 seconds, Stopping threads took: 0.0022780 seconds
78.342: Application time: 0.0467980 seconds
78.345: [GC78.345: [ParNew: 55471K->6207K(55872K), 0.0023150 secs] 165306K->116688K(182144K), 0.0023600 secs] [Times: user=0.02 sys=0.00, real=0.00 secs] 
78.347: Total time for which application threads were stopped: 0.0052810 seconds, Stopping threads took: 0.0028540 seconds
78.391: Application time: 0.0438290 seconds
78.392: [GC78.392: [ParNew: 55871K->6206K(55872K), 0.0020830 secs] 166352K->116941K(182144K), 0.0021210 secs] [Times: user=0.02 sys=0.00, real=0.01 secs] 
78.395: Total time for which application threads were stopped: 0.0037600 seconds, Stopping threads took: 0.0015640 seconds
78.440: Application time: 0.0452650 seconds
78.443: [GC78.443: [ParNew: 55870K->6207K(55872K), 0.0020920 secs] 166605K->117583K(182144K), 0.0021380 secs] [Times: user=0.01 sys=0.00, real=0.00 secs] 
78.445: Total time for which application threads were stopped: 0.0049600 seconds, Stopping threads took: 0.0027560 seconds
78.489: Application time: 0.0444550 seconds
78.491: [GC78.491: [ParNew: 55871K->5863K(55872K), 0.0018480 secs] 167246K->117239K(182144K), 0.0018920 secs] [Times: user=0.02 sys=0.00, real=0.00 secs] 
78.493: Total time for which application threads were stopped: 0.0035410 seconds, Stopping threads took: 0.0015850 seconds
78.539: Application time: 0.0459490 seconds
78.540: [GC78.540: [ParNew: 55527K->5452K(55872K), 0.0018210 secs] 166903K->116856K(182144K), 0.0018630 secs] [Times: user=0.02 sys=0.00, real=0.01 secs] 
78.542: Total time for which application threads were stopped: 0.0032640 seconds, Stopping threads took: 0.0013380 seconds
78.589: Application time: 0.0465720 seconds
78.590: [GC78.590: [ParNew: 55116K->5860K(55872K), 0.0018090 secs] 166520K->117293K(182144K), 0.0018640 secs] [Times: user=0.01 sys=0.00, real=0.00 secs] 
78.592: Total time for which application threads were stopped: 0.0036390 seconds, Stopping threads took: 0.0017110 seconds
78.638: Application time: 0.0457340 seconds
78.640: [GC78.640: [ParNew: 55524K->6206K(55872K), 0.0025270 secs] 166957K->119289K(182144K), 0.0025730 secs] [Times: user=0.02 sys=0.00, real=0.01 secs] 
78.643: Total time for which application threads were stopped: 0.0048320 seconds, Stopping threads took: 0.0021710 seconds
78.687: Application time: 0.0443690 seconds
78.689: [GC78.689: [ParNew: 55870K->6207K(55872K), 0.0024050 secs] 168953K->120967K(182144K), 0.0024510 secs] [Times: user=0.02 sys=0.00, real=0.00 secs] 
78.691: Total time for which application threads were stopped: 0.0041660 seconds, Stopping threads took: 0.0016510 seconds
78.738: Application time: 0.0469780 seconds
78.739: [GC78.739: [ParNew: 55871K->6206K(55872K), 0.0021840 secs] 170631K->121313K(182144K), 0.0022250 secs] [Times: user=0.02 sys=0.00, real=0.00 secs] 
78.741: Total time for which application threads were stopped: 0.0026600 seconds, Stopping threads took: 0.0003610 seconds
78.787: Application time: 0.0459520 seconds
78.788: [GC78.788: [ParNew: 55870K->6207K(55872K), 0.0022400 secs] 170977K->121648K(182144K), 0.0022850 secs] [Times: user=0.01 sys=0.00, real=0.00 secs] 
78.791: Total time for which application threads were stopped: 0.0037100 seconds, Stopping threads took: 0.0013410 seconds
78.835: Application time: 0.0439580 seconds
78.837: [GC78.837: [ParNew: 55871K->5949K(55872K), 0.0019220 secs] 171312K->121418K(182144K), 0.0019650 secs] [Times: user=0.01 sys=0.00, real=0.00 secs] 
78.839: Total time for which application threads were stopped: 0.0043460 seconds, Stopping threads took: 0.0023200 seconds
 CMS: abort preclean due to time 78.840: [CMS-concurrent-abortable-preclean: 0.280/5.030 secs] [Times: user=38.66 sys=0.11, real=5.03 secs] 
78.841: Application time: 0.0016030 seconds
78.843: [GC[YG occupancy: 10275 K (55872 K)]78.843: [Rescan (parallel) , 0.0002380 secs]78.844: [weak refs processing, 0.0000070 secs]78.844: [scrub string table, 0.0001150 secs] [1 CMS-remark: 115469K(126272K)] 125745K(182144K), 0.0004110 secs] [Times: user=0.01 sys=0.00, real=0.00 secs] 
78.844: Total time for which application threads were stopped: 0.0031800 seconds, Stopping threads took: 0.0027200 seconds
78.844: [CMS-concurrent-sweep-start]
78.851: [CMS-concurrent-sweep: 0.008/0.008 secs] [Times: user=0.04 sys=0.00, real=0.00 secs] 
78.852: [CMS-concurrent-reset-start]
78.852: [CMS-concurrent-reset: 0.001/0.001 secs] [Times: user=0.00 sys=0.00, real=0.00 secs] 
78.887: Application time: 0.0428220 seconds
78.889: [GC78.889: [ParNew: 55613K->6207K(55872K), 0.0023070 secs] 117354K->69120K(182144K), 0.0023530 secs] [Times: user=0.01 sys=0.00, real=0.00 secs] 
78.891: Total time for which application threads were stopped: 0.0045390 seconds, Stopping threads took: 0.0021230 seconds
78.891: Application time: 0.0001390 seconds
78.894: [GC [1 CMS-initial-mark: 62913K(126272K)] 69854K(182144K), 0.0001920 secs] [Times: user=0.00 sys=0.00, real=0.00 secs] 
78.894: Total time for which application threads were stopped: 0.0029850 seconds, Stopping threads took: 0.0027730 seconds
78.894: [CMS-concurrent-mark-start]
78.900: [CMS-concurrent-mark: 0.005/0.005 secs] [Times: user=0.03 sys=0.00, real=0.00 secs] 
78.900: [CMS-concurrent-preclean-start]
78.900: [CMS-concurrent-preclean: 0.000/0.000 secs] [Times: user=0.00 sys=0.00, real=0.00 secs] 
78.900: [CMS-concurrent-abortable-preclean-start]
78.940: Application time: 0.0456700 seconds
78.942: [GC78.942: [ParNew: 55871K->4407K(55872K), 0.0013880 secs] 118784K->67320K(182144K), 0.0014300 secs] [Times: user=0.01 sys=0.00, real=0.00 secs] 
78.944: Total time for which application threads were stopped: 0.0036340 seconds, Stopping threads took: 0.0021380 seconds
78.987: Application time: 0.0435440 seconds
78.989: [GC78.989: [ParNew: 54071K->6207K(55872K), 0.0023310 secs] 116984K->70303K(182144K), 0.0023850 secs] [Times: user=0.02 sys=0.00, real=0.00 secs] 
78.991: Total time for which application threads were stopped: 0.0041200 seconds, Stopping threads took: 0.0016680 seconds
79.038: Application time: 0.0463070 seconds
79.039: [GC79.039: [ParNew: 55871K->5832K(55872K), 0.0018070 secs] 119967K->69928K(182144K), 0.0018470 secs] [Times: user=0.02 sys=0.00, real=0.00 secs] 
79.041: Total time for which application threads were stopped: 0.0037770 seconds, Stopping threads took: 0.0018670 seconds
79.086: Application time: 0.0442520 seconds
79.087: [GC79.087: [ParNew: 55496K->6206K(55872K), 0.0023530 secs] 119592K->71418K(182144K), 0.0024000 secs] [Times: user=0.01 sys=0.00, real=0.00 secs] 
79.090: Total time for which application threads were stopped: 0.0039150 seconds, Stopping threads took: 0.0014280 seconds
79.136: Application time: 0.0462890 seconds
79.139: [GC79.139: [ParNew: 55870K->6207K(55872K), 0.0018610 secs] 121082K->71490K(182144K), 0.0019050 secs] [Times: user=0.01 sys=0.00, real=0.00 secs] 
79.141: Total time for which application threads were stopped: 0.0048650 seconds, Stopping threads took: 0.0028950 seconds
79.187: Application time: 0.0467350 seconds
79.188: [GC79.188: [ParNew: 55871K->4579K(55872K), 0.0015170 secs] 121154K->69862K(182144K), 0.0015520 secs] [Times: user=0.01 sys=0.00, real=0.00 secs] 
79.190: Total time for which application threads were stopped: 0.0025090 seconds, Stopping threads took: 0.0009020 seconds
79.238: Application time: 0.0476530 seconds
79.239: [GC79.239: [ParNew: 54243K->6000K(55872K), 0.0019160 secs] 119526K->71282K(182144K), 0.0019540 secs] [Times: user=0.02 sys=0.00, real=0.00 secs] 
79.241: Total time for which application threads were stopped: 0.0035260 seconds, Stopping threads took: 0.0015120 seconds
79.285: Application time: 0.0436470 seconds
79.286: [GC79.286: [ParNew: 55664K->5976K(55872K), 0.0019360 secs] 120946K->71372K(182144K), 0.0019770 secs] [Times: user=0.01 sys=0.00, real=0.00 secs] 
79.288: Total time for which application threads were stopped: 0.0032990 seconds, Stopping threads took: 0.0012590 seconds
79.331: Application time: 0.0430480 seconds
79.332: [GC79.332: [ParNew: 55640K->6207K(55872K), 0.0022570 secs] 121036K->72659K(182144K), 0.0022970 secs] [Times: user=0.01 sys=0.00, real=0.01 secs] 
79.334: Total time for which application threads were stopped: 0.0031680 seconds, Stopping threads took: 0.0008080 seconds
79.379: Application time: 0.0444200 seconds
79.381: [GC79.381: [ParNew: 55871K->6207K(55872K), 0.0022480 secs] 122323K->73798K(182144K), 0.0022890 secs] [Times: user=0.01 sys=0.00, real=0.00 secs] 
79.384: Total time for which application threads were stopped: 0.0050780 seconds, Stopping threads took: 0.0027250 seconds
79.429: Application time: 0.0453430 seconds
79.431: [GC79.431: [ParNew: 55871K->6207K(55872K), 0.0024410 secs] 123462K->75129K(182144K), 0.0024860 secs] [Times: user=0.01 sys=0.00, real=0.01 secs] 
79.434: Total time for which application threads were stopped: 0.0046750 seconds, Stopping threads took: 0.0021240 seconds
79.479: Application time: 0.0449130 seconds
79.481: [GC79.481: [ParNew: 55871K->6207K(55872K), 0.0019690 secs] 124793K->75497K(182144K), 0.0020100 secs] [Times: user=0.02 sys=0.00, real=0.01 secs] 
79.483: Total time for which application threads were stopped: 0.0046020 seconds, Stopping threads took: 0.0025250 seconds
79.526: Application time: 0.0427070 seconds
79.528: [GC79.528: [ParNew: 55871K->6206K(55872K), 0.0023770 secs] 125161K->76873K(182144K), 0.0024210 secs] [Times: user=0.01 sys=0.00, real=0.00 secs] 
79.531: Total time for which application threads were stopped: 0.0046110 seconds, Stopping threads took: 0.0021150 seconds
79.578: Application time: 0.0473220 seconds
79.581: [GC79.581: [ParNew: 55870K->6207K(55872K), 0.0019710 secs] 126537K->77077K(182144K), 0.0020140 secs] [Times: user=0.01 sys=0.00, real=0.01 secs] 
79.583: Total time for which application threads were stopped: 0.0046340 seconds, Stopping threads took: 0.0025490 seconds
79.628: Application time: 0.0457430 seconds
79.631: [GC79.631: [ParNew: 55871K->5809K(55872K), 0.0019380 secs] 126741K->76708K(182144K), 0.0019800 secs] [Times: user=0.01 sys=0.00, real=0.00 secs] 
79.633: Total time for which application threads were stopped: 0.0046720 seconds, Stopping threads took: 0.0026280 seconds
79.679: Application time: 0.0463380 seconds
79.681: [GC79.681: [ParNew: 55473K->6206K(55872K), 0.0021610 secs] 126372K->77198K(182144K), 0.0022030 secs] [Times: user=0.02 sys=0.00, real=0.00 secs] 
79.684: Total time for which application threads were stopped: 0.0042800 seconds, Stopping threads took: 0.0020100 seconds
79.731: Application time: 0.0469280 seconds
79.733: [GC79.733: [ParNew: 55870K->6207K(55872K), 0.0020150 secs] 126862K->77437K(182144K), 0.0020610 secs] [Times: user=0.01 sys=0.00, real=0.01 secs] 
79.735: Total time for which application threads were stopped: 0.0042830 seconds, Stopping threads took: 0.0021460 seconds
79.783: Application time: 0.0485350 seconds
79.785: [GC79.785: [ParNew: 55871K->5921K(55872K), 0.0019770 secs] 127101K->77265K(182144K), 0.0020190 secs] [Times: user=0.02 sys=0.00, real=0.00 secs] 
79.787: Total time for which application threads were stopped: 0.0035700 seconds, Stopping threads took: 0.0014770 seconds
79.835: Application time: 0.0485180 seconds
79.838: [GC79.838: [ParNew: 55585K->5786K(55872K), 0.0017400 secs] 126929K->77129K(182144K), 0.0017840 secs] [Times: user=0.01 sys=0.00, real=0.00 secs] 
79.840: Total time for which application threads were stopped: 0.0047450 seconds, Stopping threads took: 0.0028920 seconds
79.887: Application time: 0.0469080 seconds
79.889: [GC79.889: [ParNew: 55450K->6206K(55872K), 0.0024730 secs] 126793K->79042K(182144K), 0.0025180 secs] [Times: user=0.02 sys=0.00, real=0.00 secs] 
79.892: Total time for which application threads were stopped: 0.0045000 seconds, Stopping threads took: 0.0019220 seconds
79.938: Application time: 0.0463280 seconds
79.940: [GC79.940: [ParNew: 55870K->6207K(55872K), 0.0025360 secs] 128706K->80230K(182144K), 0.0025900 secs] [Times: user=0.02 sys=0.00, real=0.01 secs] 
79.943: Total time for which application threads were stopped: 0.0050290 seconds, Stopping threads took: 0.0023750 seconds
79.989: Application time: 0.0460370 seconds
79.991: [GC79.991: [ParNew: 55871K->6207K(55872K), 0.0022940 secs] 129894K->81332K(182144K), 0.0023380 secs] [Times: user=0.01 sys=0.00, real=0.01 secs] 
79.994: Total time for which application threads were stopped: 0.0047550 seconds, Stopping threads took: 0.0023520 seconds
80.043: Application time: 0.0487540 seconds
80.045: [GC80.045: [ParNew: 55871K->6207K(55872K), 0.0019650 secs] 130996K->81556K(182144K), 0.0020110 secs] [Times: user=0.02 sys=0.00, real=0.00 secs] 
80.047: Total time for which application threads were stopped: 0.0043710 seconds, Stopping threads took: 0.0022930 seconds
80.094: Application time: 0.0468110 seconds
80.096: [GC80.096: [ParNew: 55871K->5962K(55872K), 0.0018750 secs] 131220K->81311K(182144K), 0.0019150 secs] [Times: user=0.01 sys=0.00, real=0.00 secs] 
80.098: Total time for which application threads were stopped: 0.0045190 seconds, Stopping threads took: 0.0025150 seconds
80.149: Application time: 0.0510090 seconds
80.151: [GC80.151: [ParNew: 55626K->5706K(55872K), 0.0019600 secs] 130975K->81112K(182144K), 0.0020010 secs] [Times: user=0.01 sys=0.00, real=0.00 secs] 
80.153: Total time for which application threads were stopped: 0.0038550 seconds, Stopping threads took: 0.0017860 seconds
80.200: Application time: 0.0470130 seconds
80.202: [GC80.202: [ParNew: 55370K->5684K(55872K), 0.0018250 secs] 130776K->81089K(182144K), 0.0018630 secs] [Times: user=0.01 sys=0.00, real=0.00 secs] 
80.203: Total time for which application threads were stopped: 0.0032800 seconds, Stopping threads took: 0.0013510 seconds
80.251: Application time: 0.0479330 seconds
80.253: [GC80.253: [ParNew: 55348K->5732K(55872K), 0.0017390 secs] 130753K->81138K(182144K), 0.0017880 secs] [Times: user=0.01 sys=0.00, real=0.01 secs] 
80.254: Total time for which application threads were stopped: 0.0030430 seconds, Stopping threads took: 0.0011900 seconds
80.303: Application time: 0.0485890 seconds
80.306: [GC80.306: [ParNew: 55396K->5206K(55872K), 0.0016230 secs] 130802K->80640K(182144K), 0.0016660 secs] [Times: user=0.02 sys=0.00, real=0.00 secs] 
80.308: Total time for which application threads were stopped: 0.0048640 seconds, Stopping threads took: 0.0031340 seconds
80.354: Application time: 0.0459910 seconds
80.356: [GC80.356: [ParNew: 54870K->6207K(55872K), 0.0023810 secs] 130304K->83176K(182144K), 0.0024260 secs] [Times: user=0.02 sys=0.00, real=0.00 secs] 
80.359: Total time for which application threads were stopped: 0.0047440 seconds, Stopping threads took: 0.0022430 seconds
80.407: Application time: 0.0481880 seconds
80.409: [GC80.409: [ParNew: 55871K->6207K(55872K), 0.0020890 secs] 132840K->83628K(182144K), 0.0021330 secs] [Times: user=0.01 sys=0.00, real=0.00 secs] 
80.411: Total time for which application threads were stopped: 0.0042990 seconds, Stopping threads took: 0.0020790 seconds
80.458: Application time: 0.0469610 seconds
80.461: [GC80.461: [ParNew: 55871K->6207K(55872K), 0.0023610 secs] 133292K->84959K(182144K), 0.0024080 secs] [Times: user=0.02 sys=0.00, real=0.01 secs] 
80.463: Total time for which application threads were stopped: 0.0050180 seconds, Stopping threads took: 0.0025430 seconds
80.509: Application time: 0.0462620 seconds
80.512: [GC80.512: [ParNew: 55871K->6207K(55872K), 0.0021840 secs] 134623K->85970K(182144K), 0.0022260 secs] [Times: user=0.02 sys=0.00, real=0.01 secs] 
80.515: Total time for which application threads were stopped: 0.0053070 seconds, Stopping threads took: 0.0030150 seconds
80.563: Application time: 0.0483700 seconds
80.566: [GC80.566: [ParNew: 55871K->6207K(55872K), 0.0021340 secs] 135634K->86698K(182144K), 0.0021800 secs] [Times: user=0.02 sys=0.00, real=0.00 secs] 
80.568: Total time for which application threads were stopped: 0.0048310 seconds, Stopping threads took: 0.0025820 seconds
80.618: Application time: 0.0498210 seconds
80.620: [GC80.620: [ParNew: 55871K->6206K(55872K), 0.0021530 secs] 136362K->87217K(182144K), 0.0022010 secs] [Times: user=0.02 sys=0.00, real=0.01 secs] 
80.622: Total time for which application threads were stopped: 0.0043860 seconds, Stopping threads took: 0.0021170 seconds
80.670: Application time: 0.0480620 seconds
80.672: [GC80.672: [ParNew: 55870K->5585K(55872K), 0.0017810 secs] 136881K->86653K(182144K), 0.0018180 secs] [Times: user=0.02 sys=0.00, real=0.01 secs] 
80.674: Total time for which application threads were stopped: 0.0036250 seconds, Stopping threads took: 0.0017440 seconds
80.724: Application time: 0.0503310 seconds
80.727: [GC80.727: [ParNew: 55249K->6207K(55872K), 0.0021100 secs] 136317K->87594K(182144K), 0.0021540 secs] [Times: user=0.02 sys=0.00, real=0.00 secs] 
80.729: Total time for which application threads were stopped: 0.0050490 seconds, Stopping threads took: 0.0028290 seconds
80.779: Application time: 0.0493760 seconds
80.780: [GC80.780: [ParNew: 55871K->4613K(55872K), 0.0016540 secs] 137258K->85999K(182144K), 0.0016910 secs] [Times: user=0.01 sys=0.00, real=0.00 secs] 
80.781: Total time for which application threads were stopped: 0.0027940 seconds, Stopping threads took: 0.0010200 seconds
80.829: Application time: 0.0474930 seconds
80.830: [GC80.830: [ParNew: 54277K->6207K(55872K), 0.0020690 secs] 135663K->87860K(182144K), 0.0021100 secs] [Times: user=0.01 sys=0.00, real=0.00 secs] 
80.832: Total time for which application threads were stopped: 0.0035490 seconds, Stopping threads took: 0.0013740 seconds
80.882: Application time: 0.0500330 seconds
80.886: [GC80.886: [ParNew: 55871K->5386K(55872K), 0.0017070 secs] 137524K->87096K(182144K), 0.0017490 secs] [Times: user=0.01 sys=0.00, real=0.00 secs] 
80.887: Total time for which application threads were stopped: 0.0049350 seconds, Stopping threads took: 0.0031130 seconds
80.934: Application time: 0.0471580 seconds
80.936: [GC80.936: [ParNew: 55050K->6168K(55872K), 0.0021280 secs] 136760K->87934K(182144K), 0.0021770 secs] [Times: user=0.02 sys=0.00, real=0.00 secs] 
80.939: Total time for which application threads were stopped: 0.0040430 seconds, Stopping threads took: 0.0018020 seconds
80.987: Application time: 0.0482160 seconds
80.988: [GC80.988: [ParNew: 55832K->6052K(55872K), 0.0018980 secs] 137598K->87847K(182144K), 0.0019420 secs] [Times: user=0.01 sys=0.00, real=0.00 secs] 
80.990: Total time for which application threads were stopped: 0.0034200 seconds, Stopping threads took: 0.0014120 seconds
81.038: Application time: 0.0478860 seconds
81.040: [GC81.040: [ParNew: 55716K->6035K(55872K), 0.0018520 secs] 137511K->87830K(182144K), 0.0018980 secs] [Times: user=0.01 sys=0.00, real=0.01 secs] 
81.042: Total time for which application threads were stopped: 0.0035170 seconds, Stopping threads took: 0.0015300 seconds
81.086: Application time: 0.0447770 seconds
81.089: [GC81.089: [ParNew: 55699K->6207K(55872K), 0.0020770 secs] 137494K->88750K(182144K), 0.0021230 secs] [Times: user=0.02 sys=0.00, real=0.00 secs] 
81.091: Total time for which application threads were stopped: 0.0047020 seconds, Stopping threads took: 0.0025130 seconds
81.138: Application time: 0.0473060 seconds
81.141: [GC81.141: [ParNew: 55871K->5973K(55872K), 0.0018890 secs] 138414K->88544K(182144K), 0.0019310 secs] [Times: user=0.01 sys=0.00, real=0.01 secs] 
81.143: Total time for which application threads were stopped: 0.0041300 seconds, Stopping threads took: 0.0021270 seconds
81.189: Application time: 0.0467130 seconds
81.191: [GC81.191: [ParNew: 55637K->6206K(55872K), 0.0021490 secs] 138208K->89508K(182144K), 0.0022010 secs] [Times: user=0.02 sys=0.00, real=0.01 secs] 
81.193: Total time for which application threads were stopped: 0.0041780 seconds, Stopping threads took: 0.0019100 seconds
81.242: Application time: 0.0489380 seconds
81.245: [GC81.245: [ParNew: 55870K->5524K(55872K), 0.0018640 secs] 139172K->88883K(182144K), 0.0019040 secs] [Times: user=0.02 sys=0.00, real=0.00 secs] 
81.247: Total time for which application threads were stopped: 0.0046390 seconds, Stopping threads took: 0.0026770 seconds
81.294: Application time: 0.0468290 seconds
81.295: [GC81.295: [ParNew: 55188K->6207K(55872K), 0.0022470 secs] 138547K->90476K(182144K), 0.0022880 secs] [Times: user=0.01 sys=0.00, real=0.00 secs] 
81.298: Total time for which application threads were stopped: 0.0038610 seconds, Stopping threads took: 0.0014960 seconds
81.346: Application time: 0.0483460 seconds
81.348: [GC81.348: [ParNew: 55871K->6206K(55872K), 0.0021840 secs] 140140K->91296K(182144K), 0.0022310 secs] [Times: user=0.01 sys=0.00, real=0.00 secs] 
81.350: Total time for which application threads were stopped: 0.0041780 seconds, Stopping threads took: 0.0018790 seconds
81.398: Application time: 0.0473830 seconds
81.399: [GC81.399: [ParNew: 55870K->6206K(55872K), 0.0022370 secs] 140960K->92016K(182144K), 0.0022820 secs] [Times: user=0.02 sys=0.00, real=0.00 secs] 
81.401: Total time for which application threads were stopped: 0.0035540 seconds, Stopping threads took: 0.0011740 seconds
81.450: Application time: 0.0487840 seconds
81.452: [GC81.452: [ParNew: 55870K->6207K(55872K), 0.0111370 secs] 141680K->93578K(182144K), 0.0111830 secs] [Times: user=0.08 sys=0.00, real=0.02 secs] 
81.463: Total time for which application threads were stopped: 0.0130080 seconds, Stopping threads took: 0.0017600 seconds
81.512: Application time: 0.0491410 seconds
81.514: [GC81.514: [ParNew: 55871K->6207K(55872K), 0.0020700 secs] 143242K->94139K(182144K), 0.0021110 secs] [Times: user=0.01 sys=0.00, real=0.00 secs] 
81.517: Total time for which application threads were stopped: 0.0044800 seconds, Stopping threads took: 0.0023050 seconds
81.562: Application time: 0.0453900 seconds
81.565: [GC81.565: [ParNew: 55871K->6206K(55872K), 0.0021540 secs] 143803K->94742K(182144K), 0.0021990 secs] [Times: user=0.02 sys=0.00, real=0.00 secs] 
81.567: Total time for which application threads were stopped: 0.0053850 seconds, Stopping threads took: 0.0031200 seconds
81.613: Application time: 0.0456420 seconds
81.615: [GC81.615: [ParNew: 55870K->6207K(55872K), 0.0025900 secs] 144406K->96418K(182144K), 0.0026440 secs] [Times: user=0.02 sys=0.00, real=0.00 secs] 
81.618: Total time for which application threads were stopped: 0.0050310 seconds, Stopping threads took: 0.0022960 seconds
81.666: Application time: 0.0479110 seconds
81.668: [GC81.668: [ParNew: 55871K->6206K(55872K), 0.0023150 secs] 146082K->97533K(182144K), 0.0023630 secs] [Times: user=0.02 sys=0.00, real=0.00 secs] 
81.671: Total time for which application threads were stopped: 0.0048380 seconds, Stopping threads took: 0.0024080 seconds
81.720: Application time: 0.0488320 seconds
81.722: [GC81.722: [ParNew: 55870K->6023K(55872K), 0.0020040 secs] 147197K->97349K(182144K), 0.0020500 secs] [Times: user=0.01 sys=0.00, real=0.00 secs] 
81.724: Total time for which application threads were stopped: 0.0047010 seconds, Stopping threads took: 0.0025610 seconds
81.770: Application time: 0.0461320 seconds
81.773: [GC81.773: [ParNew: 55687K->6207K(55872K), 0.0027030 secs] 147013K->99217K(182144K), 0.0027490 secs] [Times: user=0.01 sys=0.00, real=0.01 secs] 
81.775: Total time for which application threads were stopped: 0.0048430 seconds, Stopping threads took: 0.0020040 seconds
81.823: Application time: 0.0476800 seconds
81.825: [GC81.825: [ParNew: 55871K->6207K(55872K), 0.0020280 secs] 148881K->99496K(182144K), 0.0020730 secs] [Times: user=0.01 sys=0.00, real=0.00 secs] 
81.827: Total time for which application threads were stopped: 0.0042860 seconds, Stopping threads took: 0.0021470 seconds
81.875: Application time: 0.0478280 seconds
81.877: [GC81.877: [ParNew: 55871K->6207K(55872K), 0.0021510 secs] 149160K->100164K(182144K), 0.0021950 secs] [Times: user=0.02 sys=0.00, real=0.00 secs] 
81.879: Total time for which application threads were stopped: 0.0042410 seconds, Stopping threads took: 0.0019790 seconds
81.926: Application time: 0.0470720 seconds
81.929: [GC81.929: [ParNew: 55871K->6206K(55872K), 0.0021660 secs] 149828K->100579K(182144K), 0.0022090 secs] [Times: user=0.01 sys=0.00, real=0.00 secs] 
81.931: Total time for which application threads were stopped: 0.0044650 seconds, Stopping threads took: 0.0021830 seconds
81.979: Application time: 0.0484090 seconds
81.981: [GC81.981: [ParNew: 55870K->5653K(55872K), 0.0018570 secs] 150243K->100141K(182144K), 0.0018990 secs] [Times: user=0.01 sys=0.00, real=0.01 secs] 
81.983: Total time for which application threads were stopped: 0.0037250 seconds, Stopping threads took: 0.0017400 seconds
82.031: Application time: 0.0478170 seconds
82.032: [GC82.032: [ParNew: 55317K->6207K(55872K), 0.0020650 secs] 149805K->101180K(182144K), 0.0021160 secs] [Times: user=0.01 sys=0.00, real=0.01 secs] 
82.034: Total time for which application threads were stopped: 0.0035650 seconds, Stopping threads took: 0.0013800 seconds
82.082: Application time: 0.0472740 seconds
82.084: [GC82.084: [ParNew: 55871K->6207K(55872K), 0.0020450 secs] 150844K->101234K(182144K), 0.0020910 secs] [Times: user=0.02 sys=0.00, real=0.00 secs] 
82.086: Total time for which application threads were stopped: 0.0040910 seconds, Stopping threads took: 0.0019230 seconds
82.133: Application time: 0.0471150 seconds
82.135: [GC82.135: [ParNew: 55871K->6206K(55872K), 0.0024090 secs] 150898K->102743K(182144K), 0.0024570 secs] [Times: user=0.02 sys=0.00, real=0.00 secs] 
82.137: Total time for which application threads were stopped: 0.0042360 seconds, Stopping threads took: 0.0017120 seconds
82.184: Application time: 0.0466300 seconds
82.185: [GC82.185: [ParNew: 55870K->6207K(55872K), 0.0020590 secs] 152407K->103149K(182144K), 0.0021050 secs] [Times: user=0.01 sys=0.01, real=0.00 secs] 
82.187: Total time for which application threads were stopped: 0.0036790 seconds, Stopping threads took: 0.0015050 seconds
82.234: Application time: 0.0462470 seconds
82.236: [GC82.236: [ParNew: 55871K->6206K(55872K), 0.0023370 secs] 152813K->104433K(182144K), 0.0023870 secs] [Times: user=0.02 sys=0.00, real=0.00 secs] 
82.238: Total time for which application threads were stopped: 0.0045300 seconds, Stopping threads took: 0.0020650 seconds
82.286: Application time: 0.0477650 seconds
82.289: [GC82.289: [ParNew: 55870K->6206K(55872K), 0.0019230 secs] 154097K->104522K(182144K), 0.0019690 secs] [Times: user=0.02 sys=0.00, real=0.00 secs] 
82.291: Total time for which application threads were stopped: 0.0047600 seconds, Stopping threads took: 0.0027200 seconds
82.341: Application time: 0.0499720 seconds
82.342: [GC82.342: [ParNew: 55870K->6206K(55872K), 0.0023160 secs] 154186K->105586K(182144K), 0.0023600 secs] [Times: user=0.01 sys=0.00, real=0.00 secs] 
82.344: Total time for which application threads were stopped: 0.0032950 seconds, Stopping threads took: 0.0008710 seconds
82.392: Application time: 0.0482180 seconds
82.394: [GC82.394: [ParNew: 55870K->6207K(55872K), 0.0023010 secs] 155250K->106578K(182144K), 0.0023430 secs] [Times: user=0.02 sys=0.00, real=0.00 secs] 
82.396: Total time for which application threads were stopped: 0.0041870 seconds, Stopping threads took: 0.0017730 seconds
82.445: Application time: 0.0490280 seconds
82.448: [GC82.448: [ParNew: 55871K->6206K(55872K), 0.0022140 secs] 156242K->107470K(182144K), 0.0022560 secs] [Times: user=0.01 sys=0.00, real=0.00 secs] 
82.450: Total time for which application threads were stopped: 0.0047000 seconds, Stopping threads took: 0.0023490 seconds
82.498: Application time: 0.0476590 seconds
82.500: [GC82.500: [ParNew: 55870K->6206K(55872K), 0.0024920 secs] 157134K->109070K(182144K), 0.0025380 secs] [Times: user=0.01 sys=0.00, real=0.01 secs] 
82.503: Total time for which application threads were stopped: 0.0050050 seconds, Stopping threads took: 0.0023980 seconds
82.551: Application time: 0.0480090 seconds
82.553: [GC82.553: [ParNew: 55870K->6206K(55872K), 0.0026530 secs] 158734K->110453K(182144K), 0.0026950 secs] [Times: user=0.02 sys=0.00, real=0.01 secs] 
82.555: Total time for which application threads were stopped: 0.0045130 seconds, Stopping threads took: 0.0017520 seconds
82.602: Application time: 0.0467620 seconds
82.603: [GC82.603: [ParNew: 55870K->6207K(55872K), 0.0021530 secs] 160117K->110641K(182144K), 0.0021990 secs] [Times: user=0.01 sys=0.00, real=0.00 secs] 
82.606: Total time for which application threads were stopped: 0.0034860 seconds, Stopping threads took: 0.0012200 seconds
82.653: Application time: 0.0475700 seconds
82.655: [GC82.655: [ParNew: 55871K->6206K(55872K), 0.0020940 secs] 160305K->110797K(182144K), 0.0021350 secs] [Times: user=0.02 sys=0.00, real=0.00 secs] 
82.657: Total time for which application threads were stopped: 0.0038190 seconds, Stopping threads took: 0.0016190 seconds
82.705: Application time: 0.0479410 seconds
82.707: [GC82.707: [ParNew: 55870K->5341K(55872K), 0.0018450 secs] 160461K->109931K(182144K), 0.0018870 secs] [Times: user=0.02 sys=0.00, real=0.00 secs] 
82.709: Total time for which application threads were stopped: 0.0038810 seconds, Stopping threads took: 0.0019330 seconds
82.759: Application time: 0.0500760 seconds
82.761: [GC82.761: [ParNew: 55005K->5390K(55872K), 0.0018930 secs] 159595K->110009K(182144K), 0.0019350 secs] [Times: user=0.01 sys=0.00, real=0.01 secs] 
82.762: Total time for which application threads were stopped: 0.0035420 seconds, Stopping threads took: 0.0015420 seconds
82.812: Application time: 0.0499060 seconds
82.814: [GC82.814: [ParNew: 55054K->4533K(55872K), 0.0014840 secs] 159673K->109152K(182144K), 0.0015260 secs] [Times: user=0.01 sys=0.00, real=0.00 secs] 
82.816: Total time for which application threads were stopped: 0.0031990 seconds, Stopping threads took: 0.0016060 seconds
82.863: Application time: 0.0473490 seconds
82.866: [GC82.866: [ParNew: 54197K->6207K(55872K), 0.0021810 secs] 158816K->111602K(182144K), 0.0022260 secs] [Times: user=0.01 sys=0.00, real=0.00 secs] 
82.868: Total time for which application threads were stopped: 0.0053210 seconds, Stopping threads took: 0.0030050 seconds
82.914: Application time: 0.0454630 seconds
82.916: [GC82.916: [ParNew: 55871K->6206K(55872K), 0.0024400 secs] 161266K->112662K(182144K), 0.0024920 secs] [Times: user=0.02 sys=0.00, real=0.00 secs] 
82.918: Total time for which application threads were stopped: 0.0045650 seconds, Stopping threads took: 0.0019850 seconds
82.967: Application time: 0.0483140 seconds
82.970: [GC82.970: [ParNew: 55870K->6206K(55872K), 0.0023560 secs] 162326K->113662K(182144K), 0.0023980 secs] [Times: user=0.02 sys=0.00, real=0.00 secs] 
82.972: Total time for which application threads were stopped: 0.0054020 seconds, Stopping threads took: 0.0029250 seconds
83.021: Application time: 0.0486150 seconds
83.023: [GC83.023: [ParNew: 55870K->5639K(55872K), 0.0019660 secs] 163326K->113094K(182144K), 0.0020100 secs] [Times: user=0.01 sys=0.00, real=0.00 secs] 
83.025: Total time for which application threads were stopped: 0.0045420 seconds, Stopping threads took: 0.0024650 seconds
83.077: Application time: 0.0515180 seconds
83.079: [GC83.079: [ParNew: 55303K->5548K(55872K), 0.0018700 secs] 162758K->113117K(182144K), 0.0019120 secs] [Times: user=0.01 sys=0.00, real=0.00 secs] 
83.081: Total time for which application threads were stopped: 0.0045420 seconds, Stopping threads took: 0.0025640 seconds
83.129: Application time: 0.0480480 seconds
83.131: [GC83.131: [ParNew: 55212K->6207K(55872K), 0.0019890 secs] 162781K->114037K(182144K), 0.0020360 secs] [Times: user=0.02 sys=0.00, real=0.00 secs] 
83.133: Total time for which application threads were stopped: 0.0039960 seconds, Stopping threads took: 0.0018930 seconds
83.180: Application time: 0.0466630 seconds
83.182: [GC83.182: [ParNew: 55871K->6206K(55872K), 0.0024460 secs] 163701K->115670K(182144K), 0.0024900 secs] [Times: user=0.01 sys=0.00, real=0.00 secs] 
83.184: Total time for which application threads were stopped: 0.0043650 seconds, Stopping threads took: 0.0018080 seconds
83.232: Application time: 0.0477620 seconds
83.235: [GC83.235: [ParNew: 55870K->6206K(55872K), 0.0023830 secs] 165334K->116890K(182144K), 0.0024290 secs] [Times: user=0.02 sys=0.00, real=0.00 secs] 
83.237: Total time for which application threads were stopped: 0.0053110 seconds, Stopping threads took: 0.0028040 seconds
83.285: Application time: 0.0473500 seconds
83.285: [GC83.285: [ParNew: 55870K->6207K(55872K), 0.0022110 secs] 166554K->117473K(182144K), 0.0022540 secs] [Times: user=0.02 sys=0.00, real=0.00 secs] 
83.288: Total time for which application threads were stopped: 0.0029250 seconds, Stopping threads took: 0.0005970 seconds
83.334: Application time: 0.0467770 seconds
83.336: [GC83.336: [ParNew: 55871K->6207K(55872K), 0.0022380 secs] 167137K->118169K(182144K), 0.0022810 secs] [Times: user=0.01 sys=0.00, real=0.00 secs] 
83.339: Total time for which application threads were stopped: 0.0041700 seconds, Stopping threads took: 0.0018240 seconds
83.385: Application time: 0.0468080 seconds
83.389: [GC83.389: [ParNew: 55871K->6207K(55872K), 0.0020890 secs] 167833K->118708K(182144K), 0.0021360 secs] [Times: user=0.02 sys=0.00, real=0.00 secs] 
83.391: Total time for which application threads were stopped: 0.0054140 seconds, Stopping threads took: 0.0031990 seconds
83.436: Application time: 0.0455420 seconds
83.438: [GC83.438: [ParNew: 55871K->6206K(55872K), 0.0023230 secs] 168372K->119243K(182144K), 0.0023660 secs] [Times: user=0.01 sys=0.00, real=0.00 secs] 
83.441: Total time for which application threads were stopped: 0.0044000 seconds, Stopping threads took: 0.0019450 seconds
83.489: Application time: 0.0477080 seconds
83.491: [GC83.491: [ParNew: 55870K->6207K(55872K), 0.0021340 secs] 168907K->119618K(182144K), 0.0021780 secs] [Times: user=0.02 sys=0.00, real=0.00 secs] 
83.493: Total time for which application threads were stopped: 0.0048000 seconds, Stopping threads took: 0.0025240 seconds
83.540: Application time: 0.0467060 seconds
83.542: [GC83.542: [ParNew: 55871K->6206K(55872K), 0.0024460 secs] 169282K->120904K(182144K), 0.0024900 secs] [Times: user=0.02 sys=0.01, real=0.00 secs] 
83.545: Total time for which application threads were stopped: 0.0047530 seconds, Stopping threads took: 0.0021750 seconds
83.593: Application time: 0.0479120 seconds
83.595: [GC83.595: [ParNew: 55870K->6206K(55872K), 0.0025530 secs] 170568K->122234K(182144K), 0.0026090 secs] [Times: user=0.02 sys=0.00, real=0.00 secs] 
83.598: Total time for which application threads were stopped: 0.0050680 seconds, Stopping threads took: 0.0023830 seconds
83.645: Application time: 0.0475600 seconds
83.648: [GC83.648: [ParNew: 55869K->6207K(55872K), 0.0021790 secs] 171898K->122443K(182144K), 0.0022260 secs] [Times: user=0.02 sys=0.00, real=0.00 secs] 
83.650: Total time for which application threads were stopped: 0.0049290 seconds, Stopping threads took: 0.0026140 seconds
83.698: Application time: 0.0479680 seconds
83.701: [GC83.701: [ParNew: 55871K->5268K(55872K), 0.0017290 secs] 172107K->121504K(182144K), 0.0017720 secs] [Times: user=0.01 sys=0.00, real=0.01 secs] 
83.702: Total time for which application threads were stopped: 0.0041130 seconds, Stopping threads took: 0.0022740 seconds
83.748: Application time: 0.0458610 seconds
83.751: [GC83.751: [ParNew: 54932K->5171K(55872K), 0.0017520 secs] 171168K->121435K(182144K), 0.0017920 secs] [Times: user=0.01 sys=0.00, real=0.00 secs] 
83.753: Total time for which application threads were stopped: 0.0045900 seconds, Stopping threads took: 0.0027120 seconds
83.800: Application time: 0.0472640 seconds
83.802: [GC83.802: [ParNew: 54835K->4597K(55872K), 0.0014550 secs] 171099K->120862K(182144K), 0.0014900 secs] [Times: user=0.02 sys=0.00, real=0.00 secs] 
83.803: Total time for which application threads were stopped: 0.0030390 seconds, Stopping threads took: 0.0014890 seconds
83.851: Application time: 0.0477990 seconds
83.851: [GC83.851: [ParNew: 54261K->4531K(55872K), 0.0016380 secs] 170526K->120824K(182144K), 0.0016760 secs] [Times: user=0.02 sys=0.00, real=0.00 secs] 
83.853: Total time for which application threads were stopped: 0.0021360 seconds, Stopping threads took: 0.0003880 seconds
83.897: Application time: 0.0435200 seconds
83.898: [GC83.898: [ParNew: 54195K->6207K(55872K), 0.0020500 secs] 170488K->123044K(182144K), 0.0020950 secs] [Times: user=0.02 sys=0.00, real=0.00 secs] 
83.901: Total time for which application threads were stopped: 0.0040320 seconds, Stopping threads took: 0.0018500 seconds
 CMS: abort preclean due to time 83.903: [CMS-concurrent-abortable-preclean: 0.271/5.003 secs] [Times: user=38.51 sys=0.08, real=5.01 secs] 
83.903: Application time: 0.0021410 seconds
83.905: [GC[YG occupancy: 10734 K (55872 K)]83.905: [Rescan (parallel) , 0.0002820 secs]83.906: [weak refs processing, 0.0000070 secs]83.906: [scrub string table, 0.0001190 secs] [1 CMS-remark: 116836K(126272K)] 127570K(182144K), 0.0004390 secs] [Times: user=0.00 sys=0.00, real=0.00 secs] 
83.906: Total time for which application threads were stopped: 0.0031030 seconds, Stopping threads took: 0.0026300 seconds
83.906: [CMS-concurrent-sweep-start]
83.914: [CMS-concurrent-sweep: 0.008/0.008 secs] [Times: user=0.05 sys=0.00, real=0.01 secs] 
83.914: [CMS-concurrent-reset-start]
83.914: [CMS-concurrent-reset: 0.000/0.000 secs] [Times: user=0.00 sys=0.00, real=0.00 secs] 
83.948: Application time: 0.0420280 seconds
83.950: [GC83.950: [ParNew: 55871K->6206K(55872K), 0.0021760 secs] 113415K->64269K(182144K), 0.0022180 secs] [Times: user=0.02 sys=0.00, real=0.00 secs] 
83.952: Total time for which application threads were stopped: 0.0042710 seconds, Stopping threads took: 0.0019890 seconds
83.999: Application time: 0.0463750 seconds
84.000: [GC84.000: [ParNew: 55870K->5244K(55872K), 0.0017860 secs] 113933K->63307K(182144K), 0.0018290 secs] [Times: user=0.01 sys=0.00, real=0.01 secs] 
84.002: Total time for which application threads were stopped: 0.0037240 seconds, Stopping threads took: 0.0018040 seconds
84.046: Application time: 0.0440550 seconds
84.048: [GC84.048: [ParNew: 54908K->6206K(55872K), 0.0022820 secs] 112971K->65493K(182144K), 0.0023260 secs] [Times: user=0.01 sys=0.00, real=0.00 secs] 
84.051: Total time for which application threads were stopped: 0.0043580 seconds, Stopping threads took: 0.0019550 seconds
84.051: Application time: 0.0001180 seconds
84.053: [GC [1 CMS-initial-mark: 59287K(126272K)] 66362K(182144K), 0.0002120 secs] [Times: user=0.00 sys=0.00, real=0.00 secs] 
84.053: Total time for which application threads were stopped: 0.0020490 seconds, Stopping threads took: 0.0018090 seconds
84.053: [CMS-concurrent-mark-start]
84.062: [CMS-concurrent-mark: 0.009/0.009 secs] [Times: user=0.07 sys=0.00, real=0.02 secs] 
84.062: [CMS-concurrent-preclean-start]
84.062: [CMS-concurrent-preclean: 0.000/0.000 secs] [Times: user=0.00 sys=0.00, real=0.00 secs] 
84.062: [CMS-concurrent-abortable-preclean-start]
84.099: Application time: 0.0461340 seconds
84.100: [GC84.100: [ParNew: 55870K->5395K(55872K), 0.0016840 secs] 115157K->64711K(182144K), 0.0017210 secs] [Times: user=0.01 sys=0.00, real=0.01 secs] 
84.102: Total time for which application threads were stopped: 0.0030470 seconds, Stopping threads took: 0.0012650 seconds
84.148: Application time: 0.0459440 seconds
84.150: [GC84.150: [ParNew: 55059K->6090K(55872K), 0.0037820 secs] 114375K->65492K(182144K), 0.0038320 secs] [Times: user=0.03 sys=0.00, real=0.01 secs] 
84.154: Total time for which application threads were stopped: 0.0056040 seconds, Stopping threads took: 0.0016780 seconds
84.198: Application time: 0.0448050 seconds
84.201: [GC84.201: [ParNew: 55754K->6206K(55872K), 0.0022350 secs] 115156K->66655K(182144K), 0.0022790 secs] [Times: user=0.01 sys=0.00, real=0.01 secs] 
84.204: Total time for which application threads were stopped: 0.0051600 seconds, Stopping threads took: 0.0028160 seconds
84.249: Application time: 0.0449770 seconds
84.251: [GC84.251: [ParNew: 55870K->6207K(55872K), 0.0023310 secs] 116319K->67689K(182144K), 0.0023740 secs] [Times: user=0.01 sys=0.00, real=0.00 secs] 
84.253: Total time for which application threads were stopped: 0.0043940 seconds, Stopping threads took: 0.0019350 seconds
84.298: Application time: 0.0445860 seconds
84.299: [GC84.299: [ParNew: 55871K->6207K(55872K), 0.0023360 secs] 117353K->68723K(182144K), 0.0023840 secs] [Times: user=0.02 sys=0.00, real=0.01 secs] 
84.302: Total time for which application threads were stopped: 0.0043630 seconds, Stopping threads took: 0.0019130 seconds
84.348: Application time: 0.0456990 seconds
84.351: [GC84.351: [ParNew: 55871K->5981K(55872K), 0.0103220 secs] 118387K->68496K(182144K), 0.0103590 secs] [Times: user=0.07 sys=0.00, real=0.01 secs] 
84.361: Total time for which application threads were stopped: 0.0134030 seconds, Stopping threads took: 0.0029850 seconds
84.408: Application time: 0.0474200 seconds
84.410: [GC84.410: [ParNew: 55645K->6207K(55872K), 0.0025110 secs] 118160K->70452K(182144K), 0.0025580 secs] [Times: user=0.02 sys=0.00, real=0.00 secs] 
84.412: Total time for which application threads were stopped: 0.0038600 seconds, Stopping threads took: 0.0012410 seconds
84.456: Application time: 0.0441590 seconds
84.459: [GC84.459: [ParNew: 55871K->6206K(55872K), 0.0021400 secs] 120116K->71204K(182144K), 0.0021800 secs] [Times: user=0.01 sys=0.00, real=0.00 secs] 
84.461: Total time for which application threads were stopped: 0.0045910 seconds, Stopping threads took: 0.0023490 seconds
84.506: Application time: 0.0453260 seconds
84.507: [GC84.507: [ParNew: 55870K->6207K(55872K), 0.0022670 secs] 120868K->72092K(182144K), 0.0023070 secs] [Times: user=0.01 sys=0.00, real=0.00 secs] 
84.510: Total time for which application threads were stopped: 0.0034370 seconds, Stopping threads took: 0.0010600 seconds
84.556: Application time: 0.0463460 seconds
84.558: [GC84.558: [ParNew: 55871K->6206K(55872K), 0.0023580 secs] 121756K->72789K(182144K), 0.0024040 secs] [Times: user=0.02 sys=0.00, real=0.00 secs] 
84.560: Total time for which application threads were stopped: 0.0040050 seconds, Stopping threads took: 0.0015350 seconds
84.604: Application time: 0.0441050 seconds
84.607: [GC84.607: [ParNew: 55870K->6206K(55872K), 0.0024150 secs] 122453K->74441K(182144K), 0.0024540 secs] [Times: user=0.02 sys=0.00, real=0.00 secs] 
84.609: Total time for which application threads were stopped: 0.0048440 seconds, Stopping threads took: 0.0023050 seconds
84.656: Application time: 0.0465650 seconds
84.658: [GC84.658: [ParNew: 55870K->6207K(55872K), 0.0023730 secs] 124105K->75890K(182144K), 0.0024240 secs] [Times: user=0.02 sys=0.00, real=0.00 secs] 
84.661: Total time for which application threads were stopped: 0.0050240 seconds, Stopping threads took: 0.0025140 seconds
84.705: Application time: 0.0443060 seconds
84.707: [GC84.707: [ParNew: 55871K->6206K(55872K), 0.0021070 secs] 125554K->76424K(182144K), 0.0021490 secs] [Times: user=0.02 sys=0.00, real=0.00 secs] 
84.709: Total time for which application threads were stopped: 0.0036920 seconds, Stopping threads took: 0.0014790 seconds
84.754: Application time: 0.0449280 seconds
84.755: [GC84.755: [ParNew: 55870K->5617K(55872K), 0.0017430 secs] 126088K->75835K(182144K), 0.0017840 secs] [Times: user=0.01 sys=0.00, real=0.00 secs] 
84.757: Total time for which application threads were stopped: 0.0035250 seconds, Stopping threads took: 0.0016770 seconds
84.802: Application time: 0.0443720 seconds
84.804: [GC84.804: [ParNew: 55281K->6206K(55872K), 0.0023710 secs] 125499K->77825K(182144K), 0.0024170 secs] [Times: user=0.01 sys=0.00, real=0.00 secs] 
84.807: Total time for which application threads were stopped: 0.0051630 seconds, Stopping threads took: 0.0026570 seconds
84.852: Application time: 0.0456840 seconds
84.855: [GC84.855: [ParNew: 55870K->6206K(55872K), 0.0023740 secs] 127489K->79091K(182144K), 0.0024210 secs] [Times: user=0.02 sys=0.00, real=0.00 secs] 
84.857: Total time for which application threads were stopped: 0.0051070 seconds, Stopping threads took: 0.0025980 seconds
84.900: Application time: 0.0427670 seconds
84.903: [GC84.903: [ParNew: 55870K->6206K(55872K), 0.0023120 secs] 128755K->80293K(182144K), 0.0023610 secs] [Times: user=0.01 sys=0.00, real=0.00 secs] 
84.906: Total time for which application threads were stopped: 0.0055150 seconds, Stopping threads took: 0.0030890 seconds
84.950: Application time: 0.0445430 seconds
84.952: [GC84.952: [ParNew: 55869K->6206K(55872K), 0.0019870 secs] 129956K->80379K(182144K), 0.0020370 secs] [Times: user=0.02 sys=0.00, real=0.01 secs] 
84.954: Total time for which application threads were stopped: 0.0036870 seconds, Stopping threads took: 0.0015870 seconds
85.001: Application time: 0.0467990 seconds
85.003: [GC85.003: [ParNew: 55870K->5529K(55872K), 0.0017650 secs] 130043K->79759K(182144K), 0.0018050 secs] [Times: user=0.01 sys=0.00, real=0.00 secs] 
85.005: Total time for which application threads were stopped: 0.0037960 seconds, Stopping threads took: 0.0019300 seconds
85.049: Application time: 0.0448810 seconds
85.050: [GC85.050: [ParNew: 55193K->6207K(55872K), 0.0022320 secs] 129423K->81140K(182144K), 0.0022740 secs] [Times: user=0.02 sys=0.00, real=0.00 secs] 
85.053: Total time for which application threads were stopped: 0.0031250 seconds, Stopping threads took: 0.0007760 seconds
85.097: Application time: 0.0445520 seconds
85.099: [GC85.099: [ParNew: 55871K->6207K(55872K), 0.0022350 secs] 130804K->81457K(182144K), 0.0022790 secs] [Times: user=0.01 sys=0.00, real=0.01 secs] 
85.102: Total time for which application threads were stopped: 0.0045260 seconds, Stopping threads took: 0.0021820 seconds
85.146: Application time: 0.0443840 seconds
85.149: [GC85.149: [ParNew: 55871K->5928K(55872K), 0.0036100 secs] 131121K->81207K(182144K), 0.0036520 secs] [Times: user=0.02 sys=0.00, real=0.00 secs] 
85.153: Total time for which application threads were stopped: 0.0065500 seconds, Stopping threads took: 0.0028230 seconds
85.198: Application time: 0.0453500 seconds
85.201: [GC85.201: [ParNew: 55592K->4488K(55872K), 0.0014370 secs] 130871K->79851K(182144K), 0.0014780 secs] [Times: user=0.01 sys=0.00, real=0.01 secs] 
85.202: Total time for which application threads were stopped: 0.0040690 seconds, Stopping threads took: 0.0025200 seconds
85.246: Application time: 0.0440160 seconds
85.250: [GC85.250: [ParNew: 54152K->6206K(55872K), 0.0020190 secs] 129515K->81657K(182144K), 0.0020620 secs] [Times: user=0.01 sys=0.00, real=0.00 secs] 
85.252: Total time for which application threads were stopped: 0.0055280 seconds, Stopping threads took: 0.0034020 seconds
85.296: Application time: 0.0447500 seconds
85.298: [GC85.298: [ParNew: 55870K->6206K(55872K), 0.0020710 secs] 131321K->82221K(182144K), 0.0021190 secs] [Times: user=0.02 sys=0.00, real=0.00 secs] 
85.301: Total time for which application threads were stopped: 0.0041600 seconds, Stopping threads took: 0.0019760 seconds
85.344: Application time: 0.0438310 seconds
85.347: [GC85.347: [ParNew: 55870K->6207K(55872K), 0.0021130 secs] 131885K->83131K(182144K), 0.0021560 secs] [Times: user=0.01 sys=0.00, real=0.00 secs] 
85.349: Total time for which application threads were stopped: 0.0045290 seconds, Stopping threads took: 0.0023090 seconds
85.393: Application time: 0.0436990 seconds
85.395: [GC85.395: [ParNew: 55871K->6206K(55872K), 0.0021590 secs] 132795K->83433K(182144K), 0.0022050 secs] [Times: user=0.01 sys=0.00, real=0.00 secs] 
85.397: Total time for which application threads were stopped: 0.0041910 seconds, Stopping threads took: 0.0018980 seconds
85.440: Application time: 0.0430370 seconds
85.443: [GC85.443: [ParNew: 55870K->6206K(55872K), 0.0024010 secs] 133097K->84531K(182144K), 0.0024440 secs] [Times: user=0.02 sys=0.00, real=0.00 secs] 
85.445: Total time for which application threads were stopped: 0.0052790 seconds, Stopping threads took: 0.0027500 seconds
85.489: Application time: 0.0440740 seconds
85.491: [GC85.491: [ParNew: 55870K->6207K(55872K), 0.0022310 secs] 134195K->85574K(182144K), 0.0022710 secs] [Times: user=0.01 sys=0.00, real=0.00 secs] 
85.493: Total time for which application threads were stopped: 0.0039090 seconds, Stopping threads took: 0.0015510 seconds
85.537: Application time: 0.0442360 seconds
85.540: [GC85.540: [ParNew: 55871K->6206K(55872K), 0.0025170 secs] 135238K->86671K(182144K), 0.0025590 secs] [Times: user=0.01 sys=0.00, real=0.01 secs] 
85.542: Total time for which application threads were stopped: 0.0050060 seconds, Stopping threads took: 0.0023740 seconds
85.589: Application time: 0.0465700 seconds
85.591: [GC85.591: [ParNew: 55870K->6097K(55872K), 0.0018870 secs] 136335K->86561K(182144K), 0.0019400 secs] [Times: user=0.01 sys=0.00, real=0.01 secs] 
85.593: Total time for which application threads were stopped: 0.0045100 seconds, Stopping threads took: 0.0024730 seconds
85.640: Application time: 0.0465600 seconds
85.643: [GC85.643: [ParNew: 55761K->5956K(55872K), 0.0017760 secs] 136225K->86450K(182144K), 0.0018150 secs] [Times: user=0.01 sys=0.00, real=0.00 secs] 
85.645: Total time for which application threads were stopped: 0.0045970 seconds, Stopping threads took: 0.0026990 seconds
85.688: Application time: 0.0432380 seconds
85.690: [GC85.690: [ParNew: 55620K->6206K(55872K), 0.0024680 secs] 136114K->88182K(182144K), 0.0025130 secs] [Times: user=0.02 sys=0.00, real=0.00 secs] 
85.693: Total time for which application threads were stopped: 0.0051750 seconds, Stopping threads took: 0.0025750 seconds
85.740: Application time: 0.0468860 seconds
85.741: [GC85.741: [ParNew: 55870K->3625K(55872K), 0.0013380 secs] 137846K->85687K(182144K), 0.0013720 secs] [Times: user=0.01 sys=0.00, real=0.01 secs] 
85.743: Total time for which application threads were stopped: 0.0028570 seconds, Stopping threads took: 0.0014280 seconds
85.790: Application time: 0.0473150 seconds
85.791: [GC85.791: [ParNew: 53289K->3159K(55872K), 0.0011640 secs] 135351K->85221K(182144K), 0.0012000 secs] [Times: user=0.01 sys=0.00, real=0.00 secs] 
85.792: Total time for which application threads were stopped: 0.0017590 seconds, Stopping threads took: 0.0004990 seconds
85.837: Application time: 0.0453700 seconds
85.839: [GC85.839: [ParNew: 52823K->6207K(55872K), 0.0020850 secs] 134885K->88701K(182144K), 0.0021280 secs] [Times: user=0.01 sys=0.00, real=0.00 secs] 
85.841: Total time for which application threads were stopped: 0.0037870 seconds, Stopping threads took: 0.0015930 seconds
85.886: Application time: 0.0454870 seconds
85.888: [GC85.888: [ParNew: 55871K->6207K(55872K), 0.0019640 secs] 138365K->88929K(182144K), 0.0020050 secs] [Times: user=0.01 sys=0.00, real=0.00 secs] 
85.890: Total time for which application threads were stopped: 0.0040290 seconds, Stopping threads took: 0.0019540 seconds
85.935: Application time: 0.0441890 seconds
85.937: [GC85.937: [ParNew: 55871K->6206K(55872K), 0.0022500 secs] 138593K->90128K(182144K), 0.0022940 secs] [Times: user=0.02 sys=0.00, real=0.00 secs] 
85.939: Total time for which application threads were stopped: 0.0041460 seconds, Stopping threads took: 0.0017870 seconds
85.983: Application time: 0.0445330 seconds
85.985: [GC85.985: [ParNew: 55870K->6206K(55872K), 0.0022200 secs] 139792K->91216K(182144K), 0.0022640 secs] [Times: user=0.02 sys=0.00, real=0.00 secs] 
85.988: Total time for which application threads were stopped: 0.0042610 seconds, Stopping threads took: 0.0019300 seconds
86.034: Application time: 0.0460890 seconds
86.036: [GC86.036: [ParNew: 55870K->6206K(55872K), 0.0025460 secs] 140880K->92475K(182144K), 0.0025890 secs] [Times: user=0.01 sys=0.00, real=0.00 secs] 
86.039: Total time for which application threads were stopped: 0.0049110 seconds, Stopping threads took: 0.0022580 seconds
86.087: Application time: 0.0480080 seconds
86.087: [GC86.087: [ParNew: 55870K->4064K(55872K), 0.0013250 secs] 142139K->90362K(182144K), 0.0013620 secs] [Times: user=0.01 sys=0.00, real=0.00 secs] 
86.089: Total time for which application threads were stopped: 0.0021280 seconds, Stopping threads took: 0.0007040 seconds
86.134: Application time: 0.0455260 seconds
86.136: [GC86.136: [ParNew: 53728K->5236K(55872K), 0.0016910 secs] 140026K->91562K(182144K), 0.0017350 secs] [Times: user=0.01 sys=0.00, real=0.00 secs] 
86.138: Total time for which application threads were stopped: 0.0032500 seconds, Stopping threads took: 0.0014400 seconds
86.184: Application time: 0.0468150 seconds
86.187: [GC86.187: [ParNew: 54900K->5661K(55872K), 0.0017020 secs] 141226K->91987K(182144K), 0.0017440 secs] [Times: user=0.01 sys=0.00, real=0.00 secs] 
86.189: Total time for which application threads were stopped: 0.0043400 seconds, Stopping threads took: 0.0025120 seconds
86.235: Application time: 0.0463300 seconds
86.237: [GC86.237: [ParNew: 55325K->6206K(55872K), 0.0021130 secs] 141651K->92843K(182144K), 0.0021540 secs] [Times: user=0.01 sys=0.00, real=0.00 secs] 
86.239: Total time for which application threads were stopped: 0.0044400 seconds, Stopping threads took: 0.0022210 seconds
86.285: Application time: 0.0455770 seconds
86.287: [GC86.287: [ParNew: 55870K->6206K(55872K), 0.0020840 secs] 142507K->93126K(182144K), 0.0021260 secs] [Times: user=0.02 sys=0.00, real=0.00 secs] 
86.289: Total time for which application threads were stopped: 0.0038710 seconds, Stopping threads took: 0.0016580 seconds
86.333: Application time: 0.0445260 seconds
86.336: [GC86.336: [ParNew: 55870K->6206K(55872K), 0.0021690 secs] 142790K->93392K(182144K), 0.0022090 secs] [Times: user=0.02 sys=0.00, real=0.00 secs] 
86.338: Total time for which application threads were stopped: 0.0044780 seconds, Stopping threads took: 0.0022070 seconds
86.380: Application time: 0.0424140 seconds
86.383: [GC86.383: [ParNew: 55870K->6207K(55872K), 0.0020630 secs] 143056K->93532K(182144K), 0.0021040 secs] [Times: user=0.01 sys=0.00, real=0.00 secs] 
86.385: Total time for which application threads were stopped: 0.0045090 seconds, Stopping threads took: 0.0023330 seconds
86.428: Application time: 0.0429270 seconds
86.430: [GC86.430: [ParNew: 55871K->6207K(55872K), 0.0021690 secs] 143196K->94271K(182144K), 0.0022130 secs] [Times: user=0.01 sys=0.00, real=0.00 secs] 
86.432: Total time for which application threads were stopped: 0.0046360 seconds, Stopping threads took: 0.0023360 seconds
86.476: Application time: 0.0438360 seconds
86.478: [GC86.478: [ParNew: 55871K->6207K(55872K), 0.0019200 secs] 143935K->94354K(182144K), 0.0019590 secs] [Times: user=0.01 sys=0.00, real=0.00 secs] 
86.480: Total time for which application threads were stopped: 0.0041300 seconds, Stopping threads took: 0.0020970 seconds
86.525: Application time: 0.0443990 seconds
86.527: [GC86.527: [ParNew: 55871K->6207K(55872K), 0.0019970 secs] 144018K->94740K(182144K), 0.0020420 secs] [Times: user=0.02 sys=0.00, real=0.00 secs] 
86.529: Total time for which application threads were stopped: 0.0040510 seconds, Stopping threads took: 0.0019440 seconds
86.575: Application time: 0.0463160 seconds
86.577: [GC86.577: [ParNew: 55870K->5420K(55872K), 0.0017230 secs] 144402K->94009K(182144K), 0.0017600 secs] [Times: user=0.01 sys=0.00, real=0.00 secs] 
86.579: Total time for which application threads were stopped: 0.0035030 seconds, Stopping threads took: 0.0016820 seconds
86.624: Application time: 0.0454310 seconds
86.626: [GC86.626: [ParNew: 55084K->6206K(55872K), 0.0026200 secs] 143673K->96478K(182144K), 0.0026670 secs] [Times: user=0.02 sys=0.00, real=0.00 secs] 
86.629: Total time for which application threads were stopped: 0.0043860 seconds, Stopping threads took: 0.0016500 seconds
86.676: Application time: 0.0470280 seconds
86.677: [GC86.677: [ParNew: 55870K->5986K(55872K), 0.0019070 secs] 146142K->96316K(182144K), 0.0019490 secs] [Times: user=0.01 sys=0.00, real=0.00 secs] 
86.679: Total time for which application threads were stopped: 0.0033840 seconds, Stopping threads took: 0.0013600 seconds
86.723: Application time: 0.0438740 seconds
86.725: [GC86.725: [ParNew: 55650K->6206K(55872K), 0.0021380 secs] 145980K->96896K(182144K), 0.0021830 secs] [Times: user=0.02 sys=0.00, real=0.00 secs] 
86.727: Total time for which application threads were stopped: 0.0044930 seconds, Stopping threads took: 0.0022440 seconds
86.774: Application time: 0.0471110 seconds
86.776: [GC86.776: [ParNew: 55870K->6207K(55872K), 0.0022020 secs] 146560K->97762K(182144K), 0.0022460 secs] [Times: user=0.02 sys=0.00, real=0.00 secs] 
86.778: Total time for which application threads were stopped: 0.0035490 seconds, Stopping threads took: 0.0012350 seconds
86.823: Application time: 0.0451050 seconds
86.825: [GC86.825: [ParNew: 55871K->6021K(55872K), 0.0019330 secs] 147426K->97575K(182144K), 0.0019790 secs] [Times: user=0.01 sys=0.00, real=0.00 secs] 
86.827: Total time for which application threads were stopped: 0.0036340 seconds, Stopping threads took: 0.0015900 seconds
86.875: Application time: 0.0485540 seconds
86.877: [GC86.877: [ParNew: 55685K->5423K(55872K), 0.0019330 secs] 147239K->97006K(182144K), 0.0019760 secs] [Times: user=0.02 sys=0.00, real=0.00 secs] 
86.879: Total time for which application threads were stopped: 0.0034030 seconds, Stopping threads took: 0.0013400 seconds
86.923: Application time: 0.0445560 seconds
86.926: [GC86.926: [ParNew: 55087K->6001K(55872K), 0.0020220 secs] 146670K->97584K(182144K), 0.0020670 secs] [Times: user=0.01 sys=0.00, real=0.00 secs] 
86.928: Total time for which application threads were stopped: 0.0047530 seconds, Stopping threads took: 0.0025970 seconds
86.974: Application time: 0.0461650 seconds
86.976: [GC86.976: [ParNew: 55665K->6207K(55872K), 0.0023420 secs] 147248K->98651K(182144K), 0.0023860 secs] [Times: user=0.02 sys=0.00, real=0.00 secs] 
86.979: Total time for which application threads were stopped: 0.0047080 seconds, Stopping threads took: 0.0022350 seconds
87.023: Application time: 0.0442940 seconds
87.025: [GC87.025: [ParNew: 55871K->6207K(55872K), 0.0023500 secs] 148315K->99586K(182144K), 0.0023950 secs] [Times: user=0.02 sys=0.00, real=0.00 secs] 
87.027: Total time for which application threads were stopped: 0.0043090 seconds, Stopping threads took: 0.0018490 seconds
87.074: Application time: 0.0461620 seconds
87.075: [GC87.075: [ParNew: 55871K->6206K(55872K), 0.0021950 secs] 149250K->100281K(182144K), 0.0022400 secs] [Times: user=0.02 sys=0.00, real=0.00 secs] 
87.078: Total time for which application threads were stopped: 0.0039190 seconds, Stopping threads took: 0.0015880 seconds
87.125: Application time: 0.0475850 seconds
87.126: [GC87.126: [ParNew: 55870K->4007K(55872K), 0.0013410 secs] 149945K->98110K(182144K), 0.0013790 secs] [Times: user=0.01 sys=0.00, real=0.00 secs] 
87.128: Total time for which application threads were stopped: 0.0024810 seconds, Stopping threads took: 0.0010420 seconds
87.171: Application time: 0.0436740 seconds
87.174: [GC87.174: [ParNew: 53671K->6206K(55872K), 0.0023810 secs] 147774K->101502K(182144K), 0.0024360 secs] [Times: user=0.01 sys=0.00, real=0.00 secs] 
87.176: Total time for which application threads were stopped: 0.0049140 seconds, Stopping threads took: 0.0023900 seconds
87.220: Application time: 0.0433290 seconds
87.221: [GC87.222: [ParNew: 55870K->6207K(55872K), 0.0022180 secs] 151166K->102508K(182144K), 0.0022600 secs] [Times: user=0.02 sys=0.00, real=0.00 secs] 
87.224: Total time for which application threads were stopped: 0.0042400 seconds, Stopping threads took: 0.0018900 seconds
87.269: Application time: 0.0451250 seconds
87.270: [GC87.270: [ParNew: 55871K->6192K(55872K), 0.0019010 secs] 152172K->102549K(182144K), 0.0019390 secs] [Times: user=0.02 sys=0.00, real=0.00 secs] 
87.272: Total time for which application threads were stopped: 0.0031700 seconds, Stopping threads took: 0.0011690 seconds
87.318: Application time: 0.0455920 seconds
87.319: [GC87.319: [ParNew: 55856K->5697K(55872K), 0.0017950 secs] 152213K->102055K(182144K), 0.0018320 secs] [Times: user=0.02 sys=0.00, real=0.00 secs] 
87.320: Total time for which application threads were stopped: 0.0028100 seconds, Stopping threads took: 0.0009160 seconds
87.367: Application time: 0.0460380 seconds
87.369: [GC87.369: [ParNew: 55361K->5254K(55872K), 0.0016480 secs] 151719K->101641K(182144K), 0.0016890 secs] [Times: user=0.02 sys=0.00, real=0.00 secs] 
87.371: Total time for which application threads were stopped: 0.0042610 seconds, Stopping threads took: 0.0025100 seconds
87.417: Application time: 0.0459290 seconds
87.420: [GC87.420: [ParNew: 54918K->5230K(55872K), 0.0016790 secs] 151305K->101617K(182144K), 0.0017170 secs] [Times: user=0.01 sys=0.00, real=0.00 secs] 
87.421: Total time for which application threads were stopped: 0.0045260 seconds, Stopping threads took: 0.0027300 seconds
87.467: Application time: 0.0461280 seconds
87.469: [GC87.469: [ParNew: 54894K->4656K(55872K), 0.0016380 secs] 151281K->101071K(182144K), 0.0016750 secs] [Times: user=0.01 sys=0.00, real=0.00 secs] 
87.471: Total time for which application threads were stopped: 0.0037300 seconds, Stopping threads took: 0.0019690 seconds
87.518: Application time: 0.0467370 seconds
87.520: [GC87.520: [ParNew: 54320K->6207K(55872K), 0.0022030 secs] 150735K->103380K(182144K), 0.0022470 secs] [Times: user=0.02 sys=0.00, real=0.01 secs] 
87.522: Total time for which application threads were stopped: 0.0046240 seconds, Stopping threads took: 0.0023040 seconds
87.567: Application time: 0.0449810 seconds
87.571: [GC87.571: [ParNew: 55871K->6207K(55872K), 0.0021820 secs] 153044K->103978K(182144K), 0.0022240 secs] [Times: user=0.02 sys=0.00, real=0.00 secs] 
87.573: Total time for which application threads were stopped: 0.0054440 seconds, Stopping threads took: 0.0031340 seconds
87.616: Application time: 0.0432750 seconds
87.618: [GC87.618: [ParNew: 55871K->6207K(55872K), 0.0022810 secs] 153642K->104599K(182144K), 0.0023280 secs] [Times: user=0.02 sys=0.00, real=0.00 secs] 
87.620: Total time for which application threads were stopped: 0.0040310 seconds, Stopping threads took: 0.0016280 seconds
87.665: Application time: 0.0444740 seconds
87.667: [GC87.667: [ParNew: 55871K->6207K(55872K), 0.0020950 secs] 154263K->105203K(182144K), 0.0021380 secs] [Times: user=0.01 sys=0.00, real=0.00 secs] 
87.669: Total time for which application threads were stopped: 0.0045600 seconds, Stopping threads took: 0.0023400 seconds
87.715: Application time: 0.0452620 seconds
87.716: [GC87.716: [ParNew: 55871K->6206K(55872K), 0.0024530 secs] 154867K->106705K(182144K), 0.0024990 secs] [Times: user=0.02 sys=0.00, real=0.00 secs] 
87.719: Total time for which application threads were stopped: 0.0043050 seconds, Stopping threads took: 0.0017470 seconds
87.763: Application time: 0.0446710 seconds
87.766: [GC87.766: [ParNew: 55870K->6206K(55872K), 0.0023220 secs] 156369K->108048K(182144K), 0.0023690 secs] [Times: user=0.02 sys=0.00, real=0.00 secs] 
87.768: Total time for which application threads were stopped: 0.0048870 seconds, Stopping threads took: 0.0024380 seconds
87.815: Application time: 0.0461390 seconds
87.816: [GC87.816: [ParNew: 55870K->6207K(55872K), 0.0026290 secs] 157712K->109317K(182144K), 0.0026820 secs] [Times: user=0.01 sys=0.00, real=0.00 secs] 
87.818: Total time for which application threads were stopped: 0.0038550 seconds, Stopping threads took: 0.0010960 seconds
87.865: Application time: 0.0470820 seconds
87.868: [GC87.868: [ParNew: 55871K->6207K(55872K), 0.0022230 secs] 158981K->110427K(182144K), 0.0022670 secs] [Times: user=0.02 sys=0.00, real=0.00 secs] 
87.870: Total time for which application threads were stopped: 0.0046380 seconds, Stopping threads took: 0.0022950 seconds
87.917: Application time: 0.0467050 seconds
87.920: [GC87.920: [ParNew: 55871K->6206K(55872K), 0.0019760 secs] 160091K->110501K(182144K), 0.0020190 secs] [Times: user=0.01 sys=0.00, real=0.01 secs] 
87.922: Total time for which application threads were stopped: 0.0050220 seconds, Stopping threads took: 0.0029200 seconds
87.971: Application time: 0.0492350 seconds
87.974: [GC87.974: [ParNew: 55870K->5597K(55872K), 0.0017200 secs] 160165K->109891K(182144K), 0.0017630 secs] [Times: user=0.01 sys=0.01, real=0.00 secs] 
87.976: Total time for which application threads were stopped: 0.0050420 seconds, Stopping threads took: 0.0032110 seconds
88.024: Application time: 0.0481660 seconds
88.027: [GC88.027: [ParNew: 55261K->5187K(55872K), 0.0017180 secs] 159555K->109510K(182144K), 0.0017590 secs] [Times: user=0.01 sys=0.00, real=0.00 secs] 
88.029: Total time for which application threads were stopped: 0.0048060 seconds, Stopping threads took: 0.0029580 seconds
88.078: Application time: 0.0485720 seconds
88.080: [GC88.080: [ParNew: 54851K->5650K(55872K), 0.0017480 secs] 159174K->109973K(182144K), 0.0017890 secs] [Times: user=0.01 sys=0.00, real=0.01 secs] 
88.082: Total time for which application threads were stopped: 0.0045290 seconds, Stopping threads took: 0.0026750 seconds
88.130: Application time: 0.0474710 seconds
88.131: [GC88.132: [ParNew: 55314K->6150K(55872K), 0.0019120 secs] 159637K->110501K(182144K), 0.0019560 secs] [Times: user=0.02 sys=0.00, real=0.01 secs] 
88.133: Total time for which application threads were stopped: 0.0037920 seconds, Stopping threads took: 0.0017700 seconds
88.179: Application time: 0.0455120 seconds
88.182: [GC88.182: [ParNew: 55814K->6207K(55872K), 0.0024320 secs] 160165K->112264K(182144K), 0.0024760 secs] [Times: user=0.02 sys=0.00, real=0.00 secs] 
88.185: Total time for which application threads were stopped: 0.0057020 seconds, Stopping threads took: 0.0031610 seconds
88.232: Application time: 0.0477550 seconds
88.234: [GC88.234: [ParNew: 55871K->6207K(55872K), 0.0020320 secs] 161928K->112383K(182144K), 0.0020760 secs] [Times: user=0.02 sys=0.00, real=0.00 secs] 
88.236: Total time for which application threads were stopped: 0.0032290 seconds, Stopping threads took: 0.0010850 seconds
88.284: Application time: 0.0481820 seconds
88.286: [GC88.286: [ParNew: 55871K->6206K(55872K), 0.0023460 secs] 162047K->113920K(182144K), 0.0023930 secs] [Times: user=0.02 sys=0.00, real=0.00 secs] 
88.288: Total time for which application threads were stopped: 0.0043410 seconds, Stopping threads took: 0.0018710 seconds
88.337: Application time: 0.0483470 seconds
88.338: [GC88.338: [ParNew: 55870K->5668K(55872K), 0.0018030 secs] 163584K->113382K(182144K), 0.0018460 secs] [Times: user=0.01 sys=0.00, real=0.00 secs] 
88.340: Total time for which application threads were stopped: 0.0031130 seconds, Stopping threads took: 0.0011880 seconds
88.386: Application time: 0.0464810 seconds
88.388: [GC88.388: [ParNew: 55332K->6206K(55872K), 0.0022020 secs] 163046K->114506K(182144K), 0.0022460 secs] [Times: user=0.01 sys=0.00, real=0.00 secs] 
88.390: Total time for which application threads were stopped: 0.0041160 seconds, Stopping threads took: 0.0018020 seconds
88.437: Application time: 0.0467540 seconds
88.439: [GC88.439: [ParNew: 55870K->6206K(55872K), 0.0021210 secs] 164170K->115076K(182144K), 0.0021640 secs] [Times: user=0.01 sys=0.00, real=0.00 secs] 
88.441: Total time for which application threads were stopped: 0.0038340 seconds, Stopping threads took: 0.0015930 seconds
88.491: Application time: 0.0501190 seconds
88.493: [GC88.493: [ParNew: 55870K->5993K(55872K), 0.0020170 secs] 164740K->114863K(182144K), 0.0020590 secs] [Times: user=0.02 sys=0.00, real=0.01 secs] 
88.495: Total time for which application threads were stopped: 0.0041350 seconds, Stopping threads took: 0.0020110 seconds
88.542: Application time: 0.0472740 seconds
88.545: [GC88.545: [ParNew: 55657K->6206K(55872K), 0.0023680 secs] 164527K->116501K(182144K), 0.0024160 secs] [Times: user=0.01 sys=0.00, real=0.00 secs] 
88.548: Total time for which application threads were stopped: 0.0053130 seconds, Stopping threads took: 0.0028290 seconds
88.596: Application time: 0.0480610 seconds
88.598: [GC88.598: [ParNew: 55870K->6206K(55872K), 0.0023510 secs] 166165K->117825K(182144K), 0.0023950 secs] [Times: user=0.02 sys=0.00, real=0.00 secs] 
88.600: Total time for which application threads were stopped: 0.0044350 seconds, Stopping threads took: 0.0019720 seconds
88.649: Application time: 0.0484080 seconds
88.651: [GC88.651: [ParNew: 55870K->6055K(55872K), 0.0020640 secs] 167489K->117703K(182144K), 0.0021040 secs] [Times: user=0.01 sys=0.00, real=0.00 secs] 
88.653: Total time for which application threads were stopped: 0.0041900 seconds, Stopping threads took: 0.0020130 seconds
88.701: Application time: 0.0484220 seconds
88.705: [GC88.705: [ParNew: 55719K->6194K(55872K), 0.0019620 secs] 167367K->117870K(182144K), 0.0020050 secs] [Times: user=0.01 sys=0.00, real=0.00 secs] 
88.707: Total time for which application threads were stopped: 0.0053610 seconds, Stopping threads took: 0.0032910 seconds
88.754: Application time: 0.0474400 seconds
88.756: [GC88.756: [ParNew: 55858K->6207K(55872K), 0.0021300 secs] 167534K->118238K(182144K), 0.0021760 secs] [Times: user=0.01 sys=0.00, real=0.00 secs] 
88.758: Total time for which application threads were stopped: 0.0038630 seconds, Stopping threads took: 0.0016010 seconds
88.806: Application time: 0.0479190 seconds
88.808: [GC88.808: [ParNew: 55871K->5051K(55872K), 0.0016340 secs] 167902K->117110K(182144K), 0.0016760 secs] [Times: user=0.01 sys=0.00, real=0.00 secs] 
88.810: Total time for which application threads were stopped: 0.0041760 seconds, Stopping threads took: 0.0024270 seconds
88.858: Application time: 0.0474910 seconds
88.859: [GC88.859: [ParNew: 54715K->5926K(55872K), 0.0018540 secs] 166774K->118013K(182144K), 0.0018910 secs] [Times: user=0.01 sys=0.00, real=0.00 secs] 
88.861: Total time for which application threads were stopped: 0.0037940 seconds, Stopping threads took: 0.0018390 seconds
88.910: Application time: 0.0488650 seconds
88.912: [GC88.912: [ParNew: 55590K->6063K(55872K), 0.0018570 secs] 167677K->118208K(182144K), 0.0018990 secs] [Times: user=0.01 sys=0.00, real=0.01 secs] 
88.913: Total time for which application threads were stopped: 0.0033060 seconds, Stopping threads took: 0.0013410 seconds
88.961: Application time: 0.0475660 seconds
88.963: [GC88.963: [ParNew: 55727K->6207K(55872K), 0.0022900 secs] 167872K->118573K(182144K), 0.0023340 secs] [Times: user=0.01 sys=0.00, real=0.00 secs] 
88.965: Total time for which application threads were stopped: 0.0040220 seconds, Stopping threads took: 0.0016200 seconds
89.012: Application time: 0.0471540 seconds
89.014: [GC89.014: [ParNew: 55871K->6207K(55872K), 0.0021020 secs] 168237K->119276K(182144K), 0.0021440 secs] [Times: user=0.02 sys=0.00, real=0.00 secs] 
89.016: Total time for which application threads were stopped: 0.0038750 seconds, Stopping threads took: 0.0016620 seconds
89.064: Application time: 0.0476380 seconds
89.066: [GC89.066: [ParNew: 55871K->6207K(55872K), 0.0024220 secs] 168940K->120703K(182144K), 0.0024640 secs] [Times: user=0.02 sys=0.00, real=0.00 secs] 
89.069: Total time for which application threads were stopped: 0.0051460 seconds, Stopping threads took: 0.0026130 seconds
 CMS: abort preclean due to time 89.071: [CMS-concurrent-abortable-preclean: 0.260/5.009 secs] [Times: user=38.40 sys=0.16, real=5.00 secs] 
89.071: Application time: 0.0021590 seconds
89.074: [GC[YG occupancy: 9820 K (55872 K)]89.074: [Rescan (parallel) , 0.0002660 secs]89.074: [weak refs processing, 0.0000080 secs]89.074: [scrub string table, 0.0001200 secs] [1 CMS-remark: 114496K(126272K)] 124316K(182144K), 0.0004220 secs] [Times: user=0.00 sys=0.00, real=0.00 secs] 
89.074: Total time for which application threads were stopped: 0.0032600 seconds, Stopping threads took: 0.0028070 seconds
89.074: [CMS-concurrent-sweep-start]
89.082: [CMS-concurrent-sweep: 0.007/0.007 secs] [Times: user=0.05 sys=0.00, real=0.01 secs] 
89.082: [CMS-concurrent-reset-start]
89.082: [CMS-concurrent-reset: 0.000/0.000 secs] [Times: user=0.01 sys=0.00, real=0.00 secs] 
89.118: Application time: 0.0440000 seconds
89.121: [GC89.121: [ParNew: 55871K->6206K(55872K), 0.0021080 secs] 114730K->65533K(182144K), 0.0021500 secs] [Times: user=0.01 sys=0.00, real=0.01 secs] 
89.123: Total time for which application threads were stopped: 0.0045170 seconds, Stopping threads took: 0.0023030 seconds
89.123: Application time: 0.0000710 seconds
89.125: [GC [1 CMS-initial-mark: 59326K(126272K)] 66405K(182144K), 0.0002200 secs] [Times: user=0.00 sys=0.00, real=0.00 secs] 
89.126: Total time for which application threads were stopped: 0.0027230 seconds, Stopping threads took: 0.0024750 seconds
89.126: [CMS-concurrent-mark-start]
89.131: [CMS-concurrent-mark: 0.005/0.005 secs] [Times: user=0.04 sys=0.00, real=0.00 secs] 
89.131: [CMS-concurrent-preclean-start]
89.131: [CMS-concurrent-preclean: 0.000/0.000 secs] [Times: user=0.00 sys=0.00, real=0.00 secs] 
89.131: [CMS-concurrent-abortable-preclean-start]
89.173: Application time: 0.0477960 seconds
89.176: [GC89.176: [ParNew: 55870K->6207K(55872K), 0.0020530 secs] 115197K->65931K(182144K), 0.0020960 secs] [Times: user=0.02 sys=0.00, real=0.00 secs] 
89.178: Total time for which application threads were stopped: 0.0045860 seconds, Stopping threads took: 0.0024240 seconds
89.227: Application time: 0.0490370 seconds
89.228: [GC89.228: [ParNew: 55871K->5465K(55872K), 0.0016820 secs] 115595K->65217K(182144K), 0.0017220 secs] [Times: user=0.01 sys=0.00, real=0.00 secs] 
89.230: Total time for which application threads were stopped: 0.0030310 seconds, Stopping threads took: 0.0012440 seconds
89.280: Application time: 0.0502800 seconds
89.283: [GC89.283: [ParNew: 55129K->6207K(55872K), 0.0023310 secs] 114881K->67169K(182144K), 0.0023780 secs] [Times: user=0.01 sys=0.00, real=0.00 secs] 
89.285: Total time for which application threads were stopped: 0.0047950 seconds, Stopping threads took: 0.0023470 seconds
89.333: Application time: 0.0478330 seconds
89.334: [GC89.334: [ParNew: 55871K->6207K(55872K), 0.0019300 secs] 116833K->67251K(182144K), 0.0019720 secs] [Times: user=0.01 sys=0.00, real=0.00 secs] 
89.336: Total time for which application threads were stopped: 0.0034230 seconds, Stopping threads took: 0.0013750 seconds
89.384: Application time: 0.0477790 seconds
89.385: [GC89.385: [ParNew: 55871K->5695K(55872K), 0.0017750 secs] 116915K->66768K(182144K), 0.0018160 secs] [Times: user=0.01 sys=0.00, real=0.00 secs] 
89.387: Total time for which application threads were stopped: 0.0030640 seconds, Stopping threads took: 0.0011840 seconds
89.435: Application time: 0.0474340 seconds
89.437: [GC89.437: [ParNew: 55359K->6125K(55872K), 0.0018480 secs] 116432K->67226K(182144K), 0.0018910 secs] [Times: user=0.01 sys=0.00, real=0.00 secs] 
89.438: Total time for which application threads were stopped: 0.0037170 seconds, Stopping threads took: 0.0017570 seconds
89.485: Application time: 0.0461510 seconds
89.487: [GC89.487: [ParNew: 55789K->6206K(55872K), 0.0019800 secs] 116890K->67584K(182144K), 0.0020240 secs] [Times: user=0.01 sys=0.00, real=0.00 secs] 
89.489: Total time for which application threads were stopped: 0.0040930 seconds, Stopping threads took: 0.0019900 seconds
89.539: Application time: 0.0505160 seconds
89.541: [GC89.541: [ParNew: 55870K->4976K(55872K), 0.0016780 secs] 117248K->66382K(182144K), 0.0017250 secs] [Times: user=0.01 sys=0.00, real=0.01 secs] 
89.542: Total time for which application threads were stopped: 0.0032550 seconds, Stopping threads took: 0.0014680 seconds
89.589: Application time: 0.0463470 seconds
89.591: [GC89.591: [ParNew: 54640K->6206K(55872K), 0.0018990 secs] 116046K->67642K(182144K), 0.0019400 secs] [Times: user=0.01 sys=0.00, real=0.00 secs] 
89.592: Total time for which application threads were stopped: 0.0036780 seconds, Stopping threads took: 0.0016750 seconds
89.640: Application time: 0.0473920 seconds
89.641: [GC89.641: [ParNew: 55870K->5429K(55872K), 0.0017360 secs] 117306K->66893K(182144K), 0.0017790 secs] [Times: user=0.01 sys=0.00, real=0.01 secs] 
89.643: Total time for which application threads were stopped: 0.0032570 seconds, Stopping threads took: 0.0014120 seconds
89.690: Application time: 0.0468590 seconds
89.693: [GC89.693: [ParNew: 55093K->6207K(55872K), 0.0021940 secs] 116557K->68226K(182144K), 0.0022340 secs] [Times: user=0.01 sys=0.00, real=0.01 secs] 
89.695: Total time for which application threads were stopped: 0.0048440 seconds, Stopping threads took: 0.0025340 seconds
89.744: Application time: 0.0493340 seconds
89.746: [GC89.746: [ParNew: 55871K->6207K(55872K), 0.0021060 secs] 117890K->68350K(182144K), 0.0021480 secs] [Times: user=0.01 sys=0.00, real=0.00 secs] 
89.748: Total time for which application threads were stopped: 0.0039600 seconds, Stopping threads took: 0.0017370 seconds
89.794: Application time: 0.0456430 seconds
89.796: [GC89.796: [ParNew: 55871K->6046K(55872K), 0.0019850 secs] 118014K->68188K(182144K), 0.0020300 secs] [Times: user=0.01 sys=0.00, real=0.00 secs] 
89.798: Total time for which application threads were stopped: 0.0044370 seconds, Stopping threads took: 0.0023420 seconds
89.844: Application time: 0.0457990 seconds
89.846: [GC89.846: [ParNew: 55710K->6206K(55872K), 0.0023960 secs] 117852K->69567K(182144K), 0.0024380 secs] [Times: user=0.02 sys=0.00, real=0.00 secs] 
89.849: Total time for which application threads were stopped: 0.0044870 seconds, Stopping threads took: 0.0019510 seconds
89.895: Application time: 0.0469210 seconds
89.898: [GC89.898: [ParNew: 55870K->6206K(55872K), 0.0022780 secs] 119231K->70516K(182144K), 0.0023230 secs] [Times: user=0.01 sys=0.00, real=0.00 secs] 
89.900: Total time for which application threads were stopped: 0.0045830 seconds, Stopping threads took: 0.0021940 seconds
89.947: Application time: 0.0474630 seconds
89.951: [GC89.951: [ParNew: 55870K->6206K(55872K), 0.0021450 secs] 120180K->71246K(182144K), 0.0021920 secs] [Times: user=0.02 sys=0.00, real=0.00 secs] 
89.953: Total time for which application threads were stopped: 0.0054240 seconds, Stopping threads took: 0.0031640 seconds
90.001: Application time: 0.0478310 seconds
90.002: [GC90.002: [ParNew: 55870K->6206K(55872K), 0.0021330 secs] 120910K->71911K(182144K), 0.0021740 secs] [Times: user=0.02 sys=0.00, real=0.00 secs] 
90.005: Total time for which application threads were stopped: 0.0038220 seconds, Stopping threads took: 0.0015600 seconds
90.053: Application time: 0.0483980 seconds
90.055: [GC90.055: [ParNew: 55870K->6207K(55872K), 0.0024460 secs] 121575K->73498K(182144K), 0.0024940 secs] [Times: user=0.01 sys=0.00, real=0.00 secs] 
90.058: Total time for which application threads were stopped: 0.0046300 seconds, Stopping threads took: 0.0020690 seconds
90.105: Application time: 0.0476120 seconds
90.107: [GC90.107: [ParNew: 55871K->6091K(55872K), 0.0019240 secs] 123162K->73382K(182144K), 0.0019650 secs] [Times: user=0.02 sys=0.00, real=0.00 secs] 
90.109: Total time for which application threads were stopped: 0.0036000 seconds, Stopping threads took: 0.0015660 seconds
90.157: Application time: 0.0482630 seconds
90.160: [GC90.160: [ParNew: 55755K->5533K(55872K), 0.0017740 secs] 123046K->72823K(182144K), 0.0018140 secs] [Times: user=0.01 sys=0.00, real=0.01 secs] 
90.162: Total time for which application threads were stopped: 0.0047670 seconds, Stopping threads took: 0.0028790 seconds
90.208: Application time: 0.0464360 seconds
90.210: [GC90.210: [ParNew: 55197K->5473K(55872K), 0.0018440 secs] 122487K->72792K(182144K), 0.0018940 secs] [Times: user=0.01 sys=0.00, real=0.00 secs] 
90.212: Total time for which application threads were stopped: 0.0034570 seconds, Stopping threads took: 0.0014970 seconds
90.257: Application time: 0.0453920 seconds
90.260: [GC90.260: [ParNew: 55137K->6206K(55872K), 0.0025010 secs] 122456K->74650K(182144K), 0.0025480 secs] [Times: user=0.01 sys=0.00, real=0.01 secs] 
90.262: Total time for which application threads were stopped: 0.0052990 seconds, Stopping threads took: 0.0026830 seconds
90.311: Application time: 0.0484110 seconds
90.313: [GC90.313: [ParNew: 55870K->6207K(55872K), 0.0023280 secs] 124314K->75704K(182144K), 0.0023740 secs] [Times: user=0.01 sys=0.00, real=0.01 secs] 
90.316: Total time for which application threads were stopped: 0.0048330 seconds, Stopping threads took: 0.0023920 seconds
90.366: Application time: 0.0505390 seconds
90.368: [GC90.368: [ParNew: 55871K->6019K(55872K), 0.0019800 secs] 125368K->75515K(182144K), 0.0020210 secs] [Times: user=0.01 sys=0.00, real=0.00 secs] 
90.370: Total time for which application threads were stopped: 0.0037910 seconds, Stopping threads took: 0.0016900 seconds
90.417: Application time: 0.0469200 seconds
90.419: [GC90.419: [ParNew: 55683K->6207K(55872K), 0.0022930 secs] 125179K->76417K(182144K), 0.0023430 secs] [Times: user=0.01 sys=0.00, real=0.00 secs] 
90.421: Total time for which application threads were stopped: 0.0039830 seconds, Stopping threads took: 0.0015660 seconds
90.468: Application time: 0.0470450 seconds
90.470: [GC90.470: [ParNew: 55871K->6207K(55872K), 0.0021320 secs] 126081K->77074K(182144K), 0.0021770 secs] [Times: user=0.01 sys=0.00, real=0.00 secs] 
90.472: Total time for which application threads were stopped: 0.0041250 seconds, Stopping threads took: 0.0018600 seconds
90.522: Application time: 0.0498350 seconds
90.525: [GC90.525: [ParNew: 55871K->6206K(55872K), 0.0020720 secs] 126738K->77791K(182144K), 0.0021140 secs] [Times: user=0.01 sys=0.00, real=0.00 secs] 
90.527: Total time for which application threads were stopped: 0.0055140 seconds, Stopping threads took: 0.0033410 seconds
90.575: Application time: 0.0473170 seconds
90.577: [GC90.577: [ParNew: 55870K->5857K(55872K), 0.0018300 secs] 127455K->77443K(182144K), 0.0018680 secs] [Times: user=0.02 sys=0.00, real=0.00 secs] 
90.579: Total time for which application threads were stopped: 0.0042170 seconds, Stopping threads took: 0.0022910 seconds
90.628: Application time: 0.0488620 seconds
90.630: [GC90.630: [ParNew: 55521K->5437K(55872K), 0.0018020 secs] 127107K->77050K(182144K), 0.0018420 secs] [Times: user=0.02 sys=0.00, real=0.00 secs] 
90.632: Total time for which application threads were stopped: 0.0040630 seconds, Stopping threads took: 0.0021590 seconds
90.679: Application time: 0.0468390 seconds
90.681: [GC90.681: [ParNew: 55101K->6206K(55872K), 0.0021270 secs] 126714K->78593K(182144K), 0.0021690 secs] [Times: user=0.01 sys=0.00, real=0.01 secs] 
90.683: Total time for which application threads were stopped: 0.0043160 seconds, Stopping threads took: 0.0020800 seconds
90.731: Application time: 0.0476340 seconds
90.732: [GC90.732: [ParNew: 55870K->6207K(55872K), 0.0022010 secs] 128257K->79025K(182144K), 0.0022490 secs] [Times: user=0.01 sys=0.00, real=0.01 secs] 
90.735: Total time for which application threads were stopped: 0.0038730 seconds, Stopping threads took: 0.0015340 seconds
90.781: Application time: 0.0468850 seconds
90.783: [GC90.783: [ParNew: 55871K->5992K(55872K), 0.0019170 secs] 128689K->78810K(182144K), 0.0019570 secs] [Times: user=0.02 sys=0.00, real=0.00 secs] 
90.785: Total time for which application threads were stopped: 0.0037180 seconds, Stopping threads took: 0.0016950 seconds
90.833: Application time: 0.0473130 seconds
90.835: [GC90.835: [ParNew: 55656K->6207K(55872K), 0.0024340 secs] 128473K->80681K(182144K), 0.0024780 secs] [Times: user=0.01 sys=0.00, real=0.00 secs] 
90.837: Total time for which application threads were stopped: 0.0046870 seconds, Stopping threads took: 0.0021440 seconds
90.886: Application time: 0.0489020 seconds
90.888: [GC90.888: [ParNew: 55871K->6107K(55872K), 0.0018670 secs] 130345K->80606K(182144K), 0.0019170 secs] [Times: user=0.02 sys=0.00, real=0.00 secs] 
90.890: Total time for which application threads were stopped: 0.0040950 seconds, Stopping threads took: 0.0021030 seconds
90.936: Application time: 0.0453330 seconds
90.938: [GC90.938: [ParNew: 55771K->6207K(55872K), 0.0020290 secs] 130270K->81105K(182144K), 0.0020710 secs] [Times: user=0.02 sys=0.00, real=0.00 secs] 
90.940: Total time for which application threads were stopped: 0.0045550 seconds, Stopping threads took: 0.0023960 seconds
90.988: Application time: 0.0479120 seconds
90.991: [GC90.991: [ParNew: 55871K->6206K(55872K), 0.0019730 secs] 130769K->81297K(182144K), 0.0020150 secs] [Times: user=0.01 sys=0.00, real=0.00 secs] 
90.993: Total time for which application threads were stopped: 0.0050800 seconds, Stopping threads took: 0.0030010 seconds
91.040: Application time: 0.0473440 seconds
91.042: [GC91.042: [ParNew: 55870K->6207K(55872K), 0.0022100 secs] 130961K->81933K(182144K), 0.0022680 secs] [Times: user=0.02 sys=0.00, real=0.00 secs] 
91.044: Total time for which application threads were stopped: 0.0034320 seconds, Stopping threads took: 0.0011000 seconds
91.091: Application time: 0.0475250 seconds
91.093: [GC91.093: [ParNew: 55871K->6122K(55872K), 0.0018960 secs] 131597K->81877K(182144K), 0.0019390 secs] [Times: user=0.01 sys=0.00, real=0.01 secs] 
91.095: Total time for which application threads were stopped: 0.0038710 seconds, Stopping threads took: 0.0018660 seconds
91.145: Application time: 0.0494940 seconds
91.147: [GC91.147: [ParNew: 55786K->5019K(55872K), 0.0016990 secs] 131541K->80802K(182144K), 0.0017340 secs] [Times: user=0.01 sys=0.00, real=0.00 secs] 
91.149: Total time for which application threads were stopped: 0.0040720 seconds, Stopping threads took: 0.0022770 seconds
91.199: Application time: 0.0505930 seconds
91.201: [GC91.201: [ParNew: 54683K->5552K(55872K), 0.0019720 secs] 130466K->81335K(182144K), 0.0020120 secs] [Times: user=0.01 sys=0.00, real=0.01 secs] 
91.203: Total time for which application threads were stopped: 0.0036250 seconds, Stopping threads took: 0.0015490 seconds
91.250: Application time: 0.0467650 seconds
91.252: [GC91.252: [ParNew: 55216K->5423K(55872K), 0.0017160 secs] 130999K->81207K(182144K), 0.0017610 secs] [Times: user=0.02 sys=0.00, real=0.00 secs] 
91.253: Total time for which application threads were stopped: 0.0034960 seconds, Stopping threads took: 0.0016460 seconds
91.302: Application time: 0.0489800 seconds
91.304: [GC91.304: [ParNew: 55087K->4543K(55872K), 0.0015730 secs] 130871K->80354K(182144K), 0.0016120 secs] [Times: user=0.01 sys=0.00, real=0.00 secs] 
91.306: Total time for which application threads were stopped: 0.0035490 seconds, Stopping threads took: 0.0018540 seconds
91.355: Application time: 0.0487380 seconds
91.356: [GC91.356: [ParNew: 54207K->4885K(55872K), 0.0014990 secs] 130018K->80697K(182144K), 0.0015350 secs] [Times: user=0.01 sys=0.00, real=0.00 secs] 
91.357: Total time for which application threads were stopped: 0.0026400 seconds, Stopping threads took: 0.0010460 seconds
91.406: Application time: 0.0491770 seconds
91.410: [GC91.410: [ParNew: 54549K->6207K(55872K), 0.0020140 secs] 130361K->82354K(182144K), 0.0020570 secs] [Times: user=0.02 sys=0.00, real=0.00 secs] 
91.412: Total time for which application threads were stopped: 0.0054600 seconds, Stopping threads took: 0.0033100 seconds
91.459: Application time: 0.0473080 seconds
91.463: [GC91.463: [ParNew: 55871K->6207K(55872K), 0.0022100 secs] 132018K->82995K(182144K), 0.0022560 secs] [Times: user=0.02 sys=0.00, real=0.00 secs] 
91.465: Total time for which application threads were stopped: 0.0057350 seconds, Stopping threads took: 0.0033930 seconds
91.512: Application time: 0.0473880 seconds
91.514: [GC91.514: [ParNew: 55871K->4797K(55872K), 0.0015290 secs] 132659K->81614K(182144K), 0.0015700 secs] [Times: user=0.01 sys=0.00, real=0.00 secs] 
91.515: Total time for which application threads were stopped: 0.0030660 seconds, Stopping threads took: 0.0014270 seconds
91.562: Application time: 0.0468760 seconds
91.564: [GC91.564: [ParNew: 54461K->5721K(55872K), 0.0018580 secs] 131278K->82566K(182144K), 0.0019020 secs] [Times: user=0.02 sys=0.00, real=0.00 secs] 
91.566: Total time for which application threads were stopped: 0.0041140 seconds, Stopping threads took: 0.0021390 seconds
91.613: Application time: 0.0469800 seconds
91.616: [GC91.616: [ParNew: 55385K->6207K(55872K), 0.0019740 secs] 132230K->83348K(182144K), 0.0020210 secs] [Times: user=0.02 sys=0.00, real=0.00 secs] 
91.618: Total time for which application threads were stopped: 0.0044670 seconds, Stopping threads took: 0.0023770 seconds
91.665: Application time: 0.0473340 seconds
91.666: [GC91.666: [ParNew: 55871K->5046K(55872K), 0.0018140 secs] 133012K->82187K(182144K), 0.0018510 secs] [Times: user=0.01 sys=0.00, real=0.00 secs] 
91.668: Total time for which application threads were stopped: 0.0027210 seconds, Stopping threads took: 0.0007880 seconds
91.715: Application time: 0.0473610 seconds
91.718: [GC91.718: [ParNew: 54710K->5540K(55872K), 0.0018840 secs] 131851K->82709K(182144K), 0.0019290 secs] [Times: user=0.01 sys=0.00, real=0.00 secs] 
91.720: Total time for which application threads were stopped: 0.0046650 seconds, Stopping threads took: 0.0026690 seconds
91.765: Application time: 0.0453350 seconds
91.767: [GC91.767: [ParNew: 55204K->6206K(55872K), 0.0023510 secs] 132373K->84586K(182144K), 0.0023970 secs] [Times: user=0.01 sys=0.00, real=0.00 secs] 
91.769: Total time for which application threads were stopped: 0.0041880 seconds, Stopping threads took: 0.0017030 seconds
91.813: Application time: 0.0433230 seconds
91.815: [GC91.815: [ParNew: 55870K->6207K(55872K), 0.0024810 secs] 134250K->85767K(182144K), 0.0025250 secs] [Times: user=0.02 sys=0.00, real=0.00 secs] 
91.818: Total time for which application threads were stopped: 0.0051590 seconds, Stopping threads took: 0.0025700 seconds
91.859: Application time: 0.0415380 seconds
91.862: [GC91.862: [ParNew: 55871K->6206K(55872K), 0.0022680 secs] 135431K->86721K(182144K), 0.0023130 secs] [Times: user=0.02 sys=0.00, real=0.00 secs] 
91.864: Total time for which application threads were stopped: 0.0044180 seconds, Stopping threads took: 0.0020180 seconds
91.909: Application time: 0.0450160 seconds
91.911: [GC91.912: [ParNew: 55870K->6206K(55872K), 0.0019830 secs] 136385K->87019K(182144K), 0.0020270 secs] [Times: user=0.02 sys=0.00, real=0.01 secs] 
91.914: Total time for which application threads were stopped: 0.0046120 seconds, Stopping threads took: 0.0025100 seconds
91.958: Application time: 0.0442090 seconds
91.960: [GC91.960: [ParNew: 55870K->6207K(55872K), 0.0021450 secs] 136683K->87629K(182144K), 0.0021890 secs] [Times: user=0.02 sys=0.00, real=0.01 secs] 
91.962: Total time for which application threads were stopped: 0.0044260 seconds, Stopping threads took: 0.0021700 seconds
92.006: Application time: 0.0441270 seconds
92.009: [GC92.009: [ParNew: 55871K->6206K(55872K), 0.0021130 secs] 137293K->88224K(182144K), 0.0021560 secs] [Times: user=0.01 sys=0.00, real=0.00 secs] 
92.011: Total time for which application threads were stopped: 0.0047480 seconds, Stopping threads took: 0.0025250 seconds
92.054: Application time: 0.0433890 seconds
92.056: [GC92.056: [ParNew: 55870K->6207K(55872K), 0.0024900 secs] 137888K->89617K(182144K), 0.0025330 secs] [Times: user=0.01 sys=0.00, real=0.00 secs] 
92.058: Total time for which application threads were stopped: 0.0040050 seconds, Stopping threads took: 0.0014060 seconds
92.104: Application time: 0.0460330 seconds
92.107: [GC92.107: [ParNew: 55871K->6206K(55872K), 0.0023830 secs] 139281K->90995K(182144K), 0.0024280 secs] [Times: user=0.02 sys=0.00, real=0.00 secs] 
92.110: Total time for which application threads were stopped: 0.0052230 seconds, Stopping threads took: 0.0027290 seconds
92.154: Application time: 0.0442130 seconds
92.156: [GC92.156: [ParNew: 55870K->6206K(55872K), 0.0020390 secs] 140659K->91306K(182144K), 0.0020810 secs] [Times: user=0.01 sys=0.00, real=0.00 secs] 
92.158: Total time for which application threads were stopped: 0.0037570 seconds, Stopping threads took: 0.0016080 seconds
92.202: Application time: 0.0442160 seconds
92.205: [GC92.205: [ParNew: 55870K->5892K(55872K), 0.0018120 secs] 140970K->91021K(182144K), 0.0018570 secs] [Times: user=0.01 sys=0.00, real=0.00 secs] 
92.206: Total time for which application threads were stopped: 0.0045330 seconds, Stopping threads took: 0.0026110 seconds
92.254: Application time: 0.0471320 seconds
92.255: [GC92.255: [ParNew: 55556K->5493K(55872K), 0.0019090 secs] 140685K->90621K(182144K), 0.0019480 secs] [Times: user=0.02 sys=0.00, real=0.00 secs] 
92.257: Total time for which application threads were stopped: 0.0034090 seconds, Stopping threads took: 0.0013950 seconds
92.302: Application time: 0.0453850 seconds
92.303: [GC92.303: [ParNew: 55157K->6206K(55872K), 0.0023640 secs] 140285K->92453K(182144K), 0.0024060 secs] [Times: user=0.02 sys=0.00, real=0.00 secs] 
92.306: Total time for which application threads were stopped: 0.0035030 seconds, Stopping threads took: 0.0010220 seconds
92.351: Application time: 0.0448170 seconds
92.352: [GC92.352: [ParNew: 55870K->6206K(55872K), 0.0023310 secs] 142117K->93425K(182144K), 0.0023740 secs] [Times: user=0.01 sys=0.00, real=0.01 secs] 
92.355: Total time for which application threads were stopped: 0.0039620 seconds, Stopping threads took: 0.0015030 seconds
92.398: Application time: 0.0435880 seconds
92.400: [GC92.400: [ParNew: 55870K->6206K(55872K), 0.0022490 secs] 143089K->94309K(182144K), 0.0022930 secs] [Times: user=0.02 sys=0.00, real=0.01 secs] 
92.402: Total time for which application threads were stopped: 0.0041270 seconds, Stopping threads took: 0.0017670 seconds
92.447: Application time: 0.0449800 seconds
92.450: [GC92.450: [ParNew: 55870K->6206K(55872K), 0.0022480 secs] 143973K->95249K(182144K), 0.0022930 secs] [Times: user=0.01 sys=0.01, real=0.00 secs] 
92.452: Total time for which application threads were stopped: 0.0046050 seconds, Stopping threads took: 0.0022370 seconds
92.497: Application time: 0.0452550 seconds
92.499: [GC92.499: [ParNew: 55870K->6207K(55872K), 0.0021770 secs] 144913K->96100K(182144K), 0.0022220 secs] [Times: user=0.02 sys=0.00, real=0.00 secs] 
92.501: Total time for which application threads were stopped: 0.0040360 seconds, Stopping threads took: 0.0017490 seconds
92.546: Application time: 0.0447700 seconds
92.548: [GC92.548: [ParNew: 55871K->6206K(55872K), 0.0021220 secs] 145764K->96756K(182144K), 0.0021640 secs] [Times: user=0.02 sys=0.00, real=0.00 secs] 
92.550: Total time for which application threads were stopped: 0.0041940 seconds, Stopping threads took: 0.0019660 seconds
92.596: Application time: 0.0453430 seconds
92.598: [GC92.598: [ParNew: 55870K->6207K(55872K), 0.0021350 secs] 146420K->97337K(182144K), 0.0021800 secs] [Times: user=0.02 sys=0.00, real=0.00 secs] 
92.600: Total time for which application threads were stopped: 0.0042430 seconds, Stopping threads took: 0.0019750 seconds
92.644: Application time: 0.0440430 seconds
92.645: [GC92.645: [ParNew: 55871K->5622K(55872K), 0.0017440 secs] 147001K->96781K(182144K), 0.0017800 secs] [Times: user=0.01 sys=0.00, real=0.00 secs] 
92.647: Total time for which application threads were stopped: 0.0033490 seconds, Stopping threads took: 0.0015080 seconds
92.692: Application time: 0.0451340 seconds
92.695: [GC92.695: [ParNew: 55286K->6027K(55872K), 0.0020040 secs] 146445K->97214K(182144K), 0.0020460 secs] [Times: user=0.01 sys=0.00, real=0.00 secs] 
92.697: Total time for which application threads were stopped: 0.0043890 seconds, Stopping threads took: 0.0022780 seconds
92.744: Application time: 0.0473780 seconds
92.746: [GC92.746: [ParNew: 55691K->6207K(55872K), 0.0021150 secs] 146878K->97758K(182144K), 0.0021540 secs] [Times: user=0.01 sys=0.00, real=0.00 secs] 
92.748: Total time for which application threads were stopped: 0.0039350 seconds, Stopping threads took: 0.0016960 seconds
92.794: Application time: 0.0459950 seconds
92.795: [GC92.795: [ParNew: 55871K->6206K(55872K), 0.0020590 secs] 147422K->98052K(182144K), 0.0021120 secs] [Times: user=0.02 sys=0.00, real=0.00 secs] 
92.797: Total time for which application threads were stopped: 0.0030180 seconds, Stopping threads took: 0.0008180 seconds
92.845: Application time: 0.0478280 seconds
92.846: [GC92.846: [ParNew: 55870K->3607K(55872K), 0.0011860 secs] 147716K->95453K(182144K), 0.0012240 secs] [Times: user=0.01 sys=0.00, real=0.00 secs] 
92.848: Total time for which application threads were stopped: 0.0028030 seconds, Stopping threads took: 0.0015200 seconds
92.893: Application time: 0.0451300 seconds
92.901: [GC92.901: [ParNew: 53271K->4965K(55872K), 0.0018120 secs] 145117K->96839K(182144K), 0.0018510 secs] [Times: user=0.01 sys=0.00, real=0.01 secs] 
92.903: Total time for which application threads were stopped: 0.0101770 seconds, Stopping threads took: 0.0082430 seconds
92.948: Application time: 0.0446060 seconds
92.950: [GC92.950: [ParNew: 54629K->6206K(55872K), 0.0022100 secs] 146503K->98309K(182144K), 0.0022530 secs] [Times: user=0.02 sys=0.00, real=0.00 secs] 
92.952: Total time for which application threads were stopped: 0.0045850 seconds, Stopping threads took: 0.0022470 seconds
92.998: Application time: 0.0453080 seconds
93.000: [GC93.000: [ParNew: 55870K->5370K(55872K), 0.0017120 secs] 147973K->97502K(182144K), 0.0017490 secs] [Times: user=0.02 sys=0.00, real=0.01 secs] 
93.001: Total time for which application threads were stopped: 0.0039110 seconds, Stopping threads took: 0.0020810 seconds
93.048: Application time: 0.0470560 seconds
93.050: [GC93.050: [ParNew: 55034K->5507K(55872K), 0.0017580 secs] 147166K->97668K(182144K), 0.0018010 secs] [Times: user=0.01 sys=0.00, real=0.00 secs] 
93.052: Total time for which application threads were stopped: 0.0031510 seconds, Stopping threads took: 0.0012850 seconds
93.098: Application time: 0.0463910 seconds
93.101: [GC93.101: [ParNew: 55171K->5209K(55872K), 0.0017820 secs] 147332K->97398K(182144K), 0.0018240 secs] [Times: user=0.01 sys=0.00, real=0.01 secs] 
93.102: Total time for which application threads were stopped: 0.0043690 seconds, Stopping threads took: 0.0024830 seconds
93.150: Application time: 0.0473790 seconds
93.152: [GC93.152: [ParNew: 54873K->4384K(55872K), 0.0015810 secs] 147062K->96601K(182144K), 0.0016170 secs] [Times: user=0.01 sys=0.00, real=0.01 secs] 
93.154: Total time for which application threads were stopped: 0.0041740 seconds, Stopping threads took: 0.0024960 seconds
93.198: Application time: 0.0438450 seconds
93.200: [GC93.200: [ParNew: 54048K->5124K(55872K), 0.0016010 secs] 146265K->97370K(182144K), 0.0016390 secs] [Times: user=0.01 sys=0.00, real=0.00 secs] 
93.201: Total time for which application threads were stopped: 0.0035480 seconds, Stopping threads took: 0.0018310 seconds
93.247: Application time: 0.0452070 seconds
93.249: [GC93.249: [ParNew: 54788K->6207K(55872K), 0.0020210 secs] 147034K->98765K(182144K), 0.0020650 secs] [Times: user=0.01 sys=0.00, real=0.00 secs] 
93.251: Total time for which application threads were stopped: 0.0043760 seconds, Stopping threads took: 0.0022270 seconds
93.294: Application time: 0.0428200 seconds
93.296: [GC93.296: [ParNew: 55871K->6206K(55872K), 0.0025890 secs] 148429K->100389K(182144K), 0.0026350 secs] [Times: user=0.02 sys=0.00, real=0.00 secs] 
93.299: Total time for which application threads were stopped: 0.0051180 seconds, Stopping threads took: 0.0023950 seconds
93.345: Application time: 0.0464150 seconds
93.348: [GC93.348: [ParNew: 55870K->5725K(55872K), 0.0019290 secs] 150053K->99907K(182144K), 0.0019680 secs] [Times: user=0.02 sys=0.00, real=0.00 secs] 
93.350: Total time for which application threads were stopped: 0.0046310 seconds, Stopping threads took: 0.0025990 seconds
93.394: Application time: 0.0444170 seconds
93.397: [GC93.397: [ParNew: 55389K->6206K(55872K), 0.0024720 secs] 149571K->101931K(182144K), 0.0025170 secs] [Times: user=0.02 sys=0.00, real=0.00 secs] 
93.399: Total time for which application threads were stopped: 0.0048750 seconds, Stopping threads took: 0.0022940 seconds
93.443: Application time: 0.0435120 seconds
93.446: [GC93.446: [ParNew: 55870K->6206K(55872K), 0.0023340 secs] 151595K->102646K(182144K), 0.0023920 secs] [Times: user=0.01 sys=0.00, real=0.00 secs] 
93.448: Total time for which application threads were stopped: 0.0053710 seconds, Stopping threads took: 0.0029180 seconds
93.492: Application time: 0.0437650 seconds
93.494: [GC93.494: [ParNew: 55870K->6206K(55872K), 0.0025040 secs] 152310K->103801K(182144K), 0.0025440 secs] [Times: user=0.02 sys=0.00, real=0.00 secs] 
93.496: Total time for which application threads were stopped: 0.0044640 seconds, Stopping threads took: 0.0018560 seconds
93.541: Application time: 0.0443930 seconds
93.543: [GC93.543: [ParNew: 55870K->6207K(55872K), 0.0022960 secs] 153465K->104825K(182144K), 0.0023410 secs] [Times: user=0.01 sys=0.00, real=0.00 secs] 
93.546: Total time for which application threads were stopped: 0.0050400 seconds, Stopping threads took: 0.0026220 seconds
93.589: Application time: 0.0434520 seconds
93.592: [GC93.592: [ParNew: 55871K->6206K(55872K), 0.0022670 secs] 154489K->105890K(182144K), 0.0023100 secs] [Times: user=0.02 sys=0.00, real=0.01 secs] 
93.594: Total time for which application threads were stopped: 0.0048620 seconds, Stopping threads took: 0.0024780 seconds
93.639: Application time: 0.0446560 seconds
93.642: [GC93.642: [ParNew: 55870K->6207K(55872K), 0.0022520 secs] 155554K->106773K(182144K), 0.0022940 secs] [Times: user=0.02 sys=0.00, real=0.00 secs] 
93.644: Total time for which application threads were stopped: 0.0051220 seconds, Stopping threads took: 0.0027650 seconds
93.688: Application time: 0.0442440 seconds
93.690: [GC93.690: [ParNew: 55871K->6207K(55872K), 0.0022260 secs] 156437K->107146K(182144K), 0.0022640 secs] [Times: user=0.01 sys=0.00, real=0.00 secs] 
93.693: Total time for which application threads were stopped: 0.0045380 seconds, Stopping threads took: 0.0021880 seconds
93.736: Application time: 0.0436260 seconds
93.738: [GC93.738: [ParNew: 55871K->6206K(55872K), 0.0022070 secs] 156810K->107339K(182144K), 0.0022500 secs] [Times: user=0.02 sys=0.00, real=0.00 secs] 
93.741: Total time for which application threads were stopped: 0.0042970 seconds, Stopping threads took: 0.0019830 seconds
93.785: Application time: 0.0443100 seconds
93.787: [GC93.787: [ParNew: 55870K->6207K(55872K), 0.0020980 secs] 157003K->107636K(182144K), 0.0021420 secs] [Times: user=0.01 sys=0.00, real=0.00 secs] 
93.789: Total time for which application threads were stopped: 0.0045220 seconds, Stopping threads took: 0.0022920 seconds
93.836: Application time: 0.0466420 seconds
93.838: [GC93.838: [ParNew: 55871K->5782K(55872K), 0.0018390 secs] 157300K->107211K(182144K), 0.0018800 secs] [Times: user=0.01 sys=0.00, real=0.00 secs] 
93.840: Total time for which application threads were stopped: 0.0037830 seconds, Stopping threads took: 0.0018380 seconds
93.889: Application time: 0.0490950 seconds
93.891: [GC93.891: [ParNew: 55446K->5872K(55872K), 0.0019870 secs] 156875K->107329K(182144K), 0.0020310 secs] [Times: user=0.01 sys=0.01, real=0.00 secs] 
93.893: Total time for which application threads were stopped: 0.0035620 seconds, Stopping threads took: 0.0014410 seconds
93.935: Application time: 0.0426700 seconds
93.938: [GC93.938: [ParNew: 55536K->6206K(55872K), 0.0025580 secs] 156993K->109251K(182144K), 0.0025990 secs] [Times: user=0.02 sys=0.00, real=0.00 secs] 
93.941: Total time for which application threads were stopped: 0.0054360 seconds, Stopping threads took: 0.0027520 seconds
93.985: Application time: 0.0441310 seconds
93.988: [GC93.988: [ParNew: 55870K->6207K(55872K), 0.0021030 secs] 158915K->109775K(182144K), 0.0021460 secs] [Times: user=0.01 sys=0.00, real=0.00 secs] 
93.990: Total time for which application threads were stopped: 0.0048700 seconds, Stopping threads took: 0.0026570 seconds
94.033: Application time: 0.0431340 seconds
94.035: [GC94.035: [ParNew: 55871K->6206K(55872K), 0.0023010 secs] 159439K->110967K(182144K), 0.0023440 secs] [Times: user=0.02 sys=0.00, real=0.00 secs] 
94.037: Total time for which application threads were stopped: 0.0041800 seconds, Stopping threads took: 0.0017610 seconds
94.081: Application time: 0.0443590 seconds
94.084: [GC94.084: [ParNew: 55870K->6207K(55872K), 0.0023100 secs] 160631K->112146K(182144K), 0.0023520 secs] [Times: user=0.02 sys=0.00, real=0.00 secs] 
94.086: Total time for which application threads were stopped: 0.0045280 seconds, Stopping threads took: 0.0021040 seconds
94.131: Application time: 0.0447300 seconds
94.133: [GC94.133: [ParNew: 55871K->6206K(55872K), 0.0021790 secs] 161810K->113101K(182144K), 0.0022240 secs] [Times: user=0.02 sys=0.00, real=0.01 secs] 
94.135: Total time for which application threads were stopped: 0.0044860 seconds, Stopping threads took: 0.0021950 seconds
 CMS: abort preclean due to time 94.137: [CMS-concurrent-abortable-preclean: 0.267/5.006 secs] [Times: user=38.31 sys=0.19, real=5.01 secs] 
94.137: Application time: 0.0017410 seconds
94.140: [GC[YG occupancy: 10337 K (55872 K)]94.140: [Rescan (parallel) , 0.0002680 secs]94.140: [weak refs processing, 0.0000080 secs]94.140: [scrub string table, 0.0001160 secs] [1 CMS-remark: 106895K(126272K)] 117232K(182144K), 0.0004180 secs] [Times: user=0.00 sys=0.00, real=0.00 secs] 
94.140: Total time for which application threads were stopped: 0.0035870 seconds, Stopping threads took: 0.0031390 seconds
94.140: [CMS-concurrent-sweep-start]
94.148: [CMS-concurrent-sweep: 0.007/0.007 secs] [Times: user=0.05 sys=0.00, real=0.01 secs] 
94.148: [CMS-concurrent-reset-start]
94.148: [CMS-concurrent-reset: 0.000/0.000 secs] [Times: user=0.00 sys=0.00, real=0.00 secs] 
94.183: Application time: 0.0425200 seconds
94.186: [GC94.186: [ParNew: 55870K->6206K(55872K), 0.0021160 secs] 106321K->57481K(182144K), 0.0021580 secs] [Times: user=0.01 sys=0.01, real=0.00 secs] 
94.188: Total time for which application threads were stopped: 0.0048680 seconds, Stopping threads took: 0.0026440 seconds
94.188: Application time: 0.0001400 seconds
94.192: [GC [1 CMS-initial-mark: 51275K(126272K)] 58824K(182144K), 0.0002070 secs] [Times: user=0.00 sys=0.00, real=0.00 secs] 
94.192: Total time for which application threads were stopped: 0.0038950 seconds, Stopping threads took: 0.0036600 seconds
94.192: [CMS-concurrent-mark-start]
94.196: [CMS-concurrent-mark: 0.004/0.004 secs] [Times: user=0.02 sys=0.00, real=0.01 secs] 
94.196: [CMS-concurrent-preclean-start]
94.196: [CMS-concurrent-preclean: 0.000/0.000 secs] [Times: user=0.00 sys=0.00, real=0.00 secs] 
94.196: [CMS-concurrent-abortable-preclean-start]
94.237: Application time: 0.0446490 seconds
94.239: [GC94.239: [ParNew: 55870K->5879K(55872K), 0.0018410 secs] 107145K->57154K(182144K), 0.0018800 secs] [Times: user=0.01 sys=0.00, real=0.00 secs] 
94.240: Total time for which application threads were stopped: 0.0039450 seconds, Stopping threads took: 0.0020020 seconds
94.285: Application time: 0.0447170 seconds
94.287: [GC94.287: [ParNew: 55543K->6206K(55872K), 0.0024030 secs] 106818K->58961K(182144K), 0.0024470 secs] [Times: user=0.01 sys=0.00, real=0.00 secs] 
94.289: Total time for which application threads were stopped: 0.0040190 seconds, Stopping threads took: 0.0015070 seconds
94.334: Application time: 0.0452520 seconds
94.336: [GC94.336: [ParNew: 55870K->5477K(55872K), 0.0017480 secs] 108625K->58256K(182144K), 0.0017880 secs] [Times: user=0.01 sys=0.00, real=0.00 secs] 
94.338: Total time for which application threads were stopped: 0.0031910 seconds, Stopping threads took: 0.0013400 seconds
94.381: Application time: 0.0435060 seconds
94.384: [GC94.384: [ParNew: 55141K->6206K(55872K), 0.0023610 secs] 107920K->60319K(182144K), 0.0024030 secs] [Times: user=0.02 sys=0.00, real=0.00 secs] 
94.386: Total time for which application threads were stopped: 0.0048840 seconds, Stopping threads took: 0.0024180 seconds
94.431: Application time: 0.0449770 seconds
94.433: [GC94.433: [ParNew: 55870K->6206K(55872K), 0.0020170 secs] 109983K->60683K(182144K), 0.0020600 secs] [Times: user=0.02 sys=0.00, real=0.01 secs] 
94.435: Total time for which application threads were stopped: 0.0043940 seconds, Stopping threads took: 0.0022670 seconds
94.480: Application time: 0.0449010 seconds
94.483: [GC94.483: [ParNew: 55870K->6207K(55872K), 0.0020040 secs] 110347K->60990K(182144K), 0.0020560 secs] [Times: user=0.01 sys=0.00, real=0.00 secs] 
94.485: Total time for which application threads were stopped: 0.0050730 seconds, Stopping threads took: 0.0029450 seconds
94.529: Application time: 0.0434190 seconds
94.530: [GC94.530: [ParNew: 55871K->6207K(55872K), 0.0022930 secs] 110654K->62342K(182144K), 0.0023330 secs] [Times: user=0.02 sys=0.00, real=0.00 secs] 
94.532: Total time for which application threads were stopped: 0.0034750 seconds, Stopping threads took: 0.0010570 seconds
94.578: Application time: 0.0457810 seconds
94.580: [GC94.580: [ParNew: 55871K->5689K(55872K), 0.0018710 secs] 112006K->61852K(182144K), 0.0019110 secs] [Times: user=0.01 sys=0.00, real=0.01 secs] 
94.582: Total time for which application threads were stopped: 0.0038340 seconds, Stopping threads took: 0.0018610 seconds
94.627: Application time: 0.0447050 seconds
94.628: [GC94.628: [ParNew: 55353K->6206K(55872K), 0.0018780 secs] 111516K->62399K(182144K), 0.0019160 secs] [Times: user=0.01 sys=0.00, real=0.00 secs] 
94.630: Total time for which application threads were stopped: 0.0035380 seconds, Stopping threads took: 0.0015290 seconds
94.674: Application time: 0.0433570 seconds
94.676: [GC94.676: [ParNew: 55870K->6207K(55872K), 0.0024210 secs] 112063K->63385K(182144K), 0.0024660 secs] [Times: user=0.02 sys=0.00, real=0.00 secs] 
94.678: Total time for which application threads were stopped: 0.0045930 seconds, Stopping threads took: 0.0020410 seconds
94.722: Application time: 0.0441110 seconds
94.725: [GC94.725: [ParNew: 55871K->6206K(55872K), 0.0021530 secs] 113049K->64182K(182144K), 0.0021960 secs] [Times: user=0.02 sys=0.00, real=0.00 secs] 
94.727: Total time for which application threads were stopped: 0.0045290 seconds, Stopping threads took: 0.0022460 seconds
94.771: Application time: 0.0445030 seconds
94.772: [GC94.772: [ParNew: 55870K->6207K(55872K), 0.0023290 secs] 113846K->65362K(182144K), 0.0023730 secs] [Times: user=0.01 sys=0.00, real=0.01 secs] 
94.775: Total time for which application threads were stopped: 0.0035130 seconds, Stopping threads took: 0.0010510 seconds
94.819: Application time: 0.0441050 seconds
94.821: [GC94.821: [ParNew: 55871K->6206K(55872K), 0.0023880 secs] 115026K->65913K(182144K), 0.0024280 secs] [Times: user=0.01 sys=0.00, real=0.01 secs] 
94.823: Total time for which application threads were stopped: 0.0043440 seconds, Stopping threads took: 0.0018300 seconds
94.866: Application time: 0.0426200 seconds
94.868: [GC94.868: [ParNew: 55870K->6207K(55872K), 0.0023350 secs] 115577K->67339K(182144K), 0.0023770 secs] [Times: user=0.02 sys=0.00, real=0.00 secs] 
94.870: Total time for which application threads were stopped: 0.0045160 seconds, Stopping threads took: 0.0020660 seconds
94.914: Application time: 0.0434930 seconds
94.916: [GC94.916: [ParNew: 55871K->6207K(55872K), 0.0024050 secs] 117003K->68838K(182144K), 0.0024470 secs] [Times: user=0.02 sys=0.00, real=0.00 secs] 
94.919: Total time for which application threads were stopped: 0.0049310 seconds, Stopping threads took: 0.0024180 seconds
94.967: Application time: 0.0479570 seconds
94.969: [GC94.969: [ParNew: 55871K->6207K(55872K), 0.0020410 secs] 118502K->69267K(182144K), 0.0020870 secs] [Times: user=0.02 sys=0.00, real=0.00 secs] 
94.971: Total time for which application threads were stopped: 0.0044540 seconds, Stopping threads took: 0.0023000 seconds
95.017: Application time: 0.0453480 seconds
95.018: [GC95.018: [ParNew: 55871K->4662K(55872K), 0.0016480 secs] 118931K->67750K(182144K), 0.0016850 secs] [Times: user=0.01 sys=0.00, real=0.00 secs] 
95.020: Total time for which application threads were stopped: 0.0030180 seconds, Stopping threads took: 0.0012730 seconds
95.064: Application time: 0.0442920 seconds
95.066: [GC95.066: [ParNew: 54326K->6207K(55872K), 0.0024580 secs] 117414K->70829K(182144K), 0.0025020 secs] [Times: user=0.02 sys=0.00, real=0.00 secs] 
95.068: Total time for which application threads were stopped: 0.0045900 seconds, Stopping threads took: 0.0019920 seconds
95.116: Application time: 0.0475840 seconds
95.118: [GC95.118: [ParNew: 55871K->5661K(55872K), 0.0017880 secs] 120493K->70311K(182144K), 0.0018330 secs] [Times: user=0.01 sys=0.00, real=0.00 secs] 
95.120: Total time for which application threads were stopped: 0.0038330 seconds, Stopping threads took: 0.0019360 seconds
95.165: Application time: 0.0450660 seconds
95.173: [GC95.173: [ParNew: 55325K->5741K(55872K), 0.0018720 secs] 119975K->70420K(182144K), 0.0019140 secs] [Times: user=0.01 sys=0.00, real=0.01 secs] 
95.175: Total time for which application threads were stopped: 0.0100410 seconds, Stopping threads took: 0.0080530 seconds
95.222: Application time: 0.0471030 seconds
95.224: [GC95.224: [ParNew: 55405K->6171K(55872K), 0.0019560 secs] 120084K->70850K(182144K), 0.0019970 secs] [Times: user=0.02 sys=0.00, real=0.00 secs] 
95.226: Total time for which application threads were stopped: 0.0039790 seconds, Stopping threads took: 0.0019200 seconds
95.271: Application time: 0.0447090 seconds
95.272: [GC95.272: [ParNew: 55835K->6206K(55872K), 0.0021960 secs] 120514K->71284K(182144K), 0.0022410 secs] [Times: user=0.01 sys=0.00, real=0.01 secs] 
95.275: Total time for which application threads were stopped: 0.0037170 seconds, Stopping threads took: 0.0014110 seconds
95.319: Application time: 0.0447620 seconds
95.322: [GC95.322: [ParNew: 55870K->6206K(55872K), 0.0019600 secs] 120948K->71456K(182144K), 0.0020030 secs] [Times: user=0.01 sys=0.00, real=0.00 secs] 
95.324: Total time for which application threads were stopped: 0.0046560 seconds, Stopping threads took: 0.0025870 seconds
95.369: Application time: 0.0452470 seconds
95.370: [GC95.370: [ParNew: 55870K->4471K(55872K), 0.0014710 secs] 121120K->69749K(182144K), 0.0015080 secs] [Times: user=0.01 sys=0.00, real=0.00 secs] 
95.372: Total time for which application threads were stopped: 0.0027340 seconds, Stopping threads took: 0.0011670 seconds
95.416: Application time: 0.0442190 seconds
95.419: [GC95.419: [ParNew: 54135K->6206K(55872K), 0.0021260 secs] 119413K->71973K(182144K), 0.0021680 secs] [Times: user=0.02 sys=0.00, real=0.00 secs] 
95.421: Total time for which application threads were stopped: 0.0045650 seconds, Stopping threads took: 0.0023100 seconds
95.464: Application time: 0.0436320 seconds
95.467: [GC95.467: [ParNew: 55870K->6206K(55872K), 0.0021110 secs] 121637K->72429K(182144K), 0.0021540 secs] [Times: user=0.01 sys=0.00, real=0.00 secs] 
95.469: Total time for which application threads were stopped: 0.0044540 seconds, Stopping threads took: 0.0022350 seconds
95.513: Application time: 0.0437110 seconds
95.514: [GC95.514: [ParNew: 55870K->6207K(55872K), 0.0024530 secs] 122093K->74018K(182144K), 0.0024940 secs] [Times: user=0.01 sys=0.00, real=0.00 secs] 
95.517: Total time for which application threads were stopped: 0.0044160 seconds, Stopping threads took: 0.0018580 seconds
95.563: Application time: 0.0463930 seconds
95.565: [GC95.565: [ParNew: 55871K->5356K(55872K), 0.0019160 secs] 123682K->73167K(182144K), 0.0019560 secs] [Times: user=0.01 sys=0.00, real=0.00 secs] 
95.567: Total time for which application threads were stopped: 0.0035020 seconds, Stopping threads took: 0.0014850 seconds
95.610: Application time: 0.0434760 seconds
95.611: [GC95.611: [ParNew: 55020K->6206K(55872K), 0.0020370 secs] 122831K->74536K(182144K), 0.0020770 secs] [Times: user=0.02 sys=0.00, real=0.00 secs] 
95.613: Total time for which application threads were stopped: 0.0030320 seconds, Stopping threads took: 0.0008920 seconds
95.659: Application time: 0.0459710 seconds
95.662: [GC95.662: [ParNew: 55870K->6206K(55872K), 0.0019820 secs] 124200K->74989K(182144K), 0.0020240 secs] [Times: user=0.01 sys=0.00, real=0.00 secs] 
95.664: Total time for which application threads were stopped: 0.0051440 seconds, Stopping threads took: 0.0030590 seconds
95.709: Application time: 0.0445270 seconds
95.711: [GC95.711: [ParNew: 55870K->6206K(55872K), 0.0020090 secs] 124653K->75460K(182144K), 0.0020600 secs] [Times: user=0.02 sys=0.00, real=0.01 secs] 
95.714: Total time for which application threads were stopped: 0.0045220 seconds, Stopping threads took: 0.0023890 seconds
95.758: Application time: 0.0446700 seconds
95.761: [GC95.761: [ParNew: 55870K->6206K(55872K), 0.0022830 secs] 125124K->76022K(182144K), 0.0023290 secs] [Times: user=0.02 sys=0.00, real=0.01 secs] 
95.763: Total time for which application threads were stopped: 0.0050620 seconds, Stopping threads took: 0.0026430 seconds
95.811: Application time: 0.0477630 seconds
95.812: [GC95.812: [ParNew: 55870K->6166K(55872K), 0.0019470 secs] 125686K->76038K(182144K), 0.0019920 secs] [Times: user=0.02 sys=0.00, real=0.01 secs] 
95.814: Total time for which application threads were stopped: 0.0034230 seconds, Stopping threads took: 0.0013650 seconds
95.862: Application time: 0.0474660 seconds
95.864: [GC95.864: [ParNew: 55830K->6206K(55872K), 0.0020510 secs] 125702K->76125K(182144K), 0.0020910 secs] [Times: user=0.02 sys=0.00, real=0.00 secs] 
95.866: Total time for which application threads were stopped: 0.0038380 seconds, Stopping threads took: 0.0016600 seconds
95.912: Application time: 0.0458840 seconds
95.914: [GC95.914: [ParNew: 55870K->6098K(55872K), 0.0020020 secs] 125789K->76016K(182144K), 0.0020430 secs] [Times: user=0.01 sys=0.00, real=0.00 secs] 
95.916: Total time for which application threads were stopped: 0.0046880 seconds, Stopping threads took: 0.0025590 seconds
95.963: Application time: 0.0468650 seconds
95.965: [GC95.965: [ParNew: 55762K->6206K(55872K), 0.0023930 secs] 125680K->76992K(182144K), 0.0024360 secs] [Times: user=0.02 sys=0.00, real=0.00 secs] 
95.967: Total time for which application threads were stopped: 0.0042080 seconds, Stopping threads took: 0.0016820 seconds
96.014: Application time: 0.0461830 seconds
96.016: [GC96.016: [ParNew: 55870K->6206K(55872K), 0.0025360 secs] 126656K->78540K(182144K), 0.0025820 secs] [Times: user=0.01 sys=0.00, real=0.00 secs] 
96.018: Total time for which application threads were stopped: 0.0047670 seconds, Stopping threads took: 0.0021100 seconds
96.066: Application time: 0.0474720 seconds
96.068: [GC96.068: [ParNew: 55870K->6206K(55872K), 0.0025070 secs] 128204K->79937K(182144K), 0.0025510 secs] [Times: user=0.02 sys=0.00, real=0.00 secs] 
96.071: Total time for which application threads were stopped: 0.0051280 seconds, Stopping threads took: 0.0025130 seconds
96.119: Application time: 0.0475810 seconds
96.121: [GC96.121: [ParNew: 55870K->6031K(55872K), 0.0019540 secs] 129601K->79762K(182144K), 0.0019980 secs] [Times: user=0.02 sys=0.00, real=0.01 secs] 
96.123: Total time for which application threads were stopped: 0.0040130 seconds, Stopping threads took: 0.0019500 seconds
96.170: Application time: 0.0477830 seconds
96.173: [GC96.173: [ParNew: 55695K->6207K(55872K), 0.0022040 secs] 129426K->80967K(182144K), 0.0022500 secs] [Times: user=0.02 sys=0.00, real=0.01 secs] 
96.176: Total time for which application threads were stopped: 0.0051900 seconds, Stopping threads took: 0.0028730 seconds
96.222: Application time: 0.0466850 seconds
96.225: [GC96.225: [ParNew: 55871K->6192K(55872K), 0.0018880 secs] 130631K->80980K(182144K), 0.0019330 secs] [Times: user=0.01 sys=0.00, real=0.00 secs] 
96.227: Total time for which application threads were stopped: 0.0044240 seconds, Stopping threads took: 0.0024140 seconds
96.273: Application time: 0.0465050 seconds
96.276: [GC96.276: [ParNew: 55856K->6206K(55872K), 0.0024260 secs] 130644K->82743K(182144K), 0.0024750 secs] [Times: user=0.02 sys=0.00, real=0.00 secs] 
96.279: Total time for which application threads were stopped: 0.0057490 seconds, Stopping threads took: 0.0032060 seconds
96.325: Application time: 0.0460320 seconds
96.327: [GC96.327: [ParNew: 55870K->6206K(55872K), 0.0025060 secs] 132407K->84381K(182144K), 0.0025520 secs] [Times: user=0.02 sys=0.00, real=0.00 secs] 
96.330: Total time for which application threads were stopped: 0.0050330 seconds, Stopping threads took: 0.0024140 seconds
96.378: Application time: 0.0483770 seconds
96.381: [GC96.382: [ParNew: 55870K->6207K(55872K), 0.0024490 secs] 134045K->85955K(182144K), 0.0025020 secs] [Times: user=0.02 sys=0.00, real=0.00 secs] 
96.384: Total time for which application threads were stopped: 0.0056430 seconds, Stopping threads took: 0.0030750 seconds
96.430: Application time: 0.0463980 seconds
96.432: [GC96.432: [ParNew: 55871K->6207K(55872K), 0.0021270 secs] 135619K->86454K(182144K), 0.0021700 secs] [Times: user=0.01 sys=0.00, real=0.01 secs] 
96.434: Total time for which application threads were stopped: 0.0038940 seconds, Stopping threads took: 0.0016590 seconds
96.484: Application time: 0.0494260 seconds
96.486: [GC96.486: [ParNew: 55871K->6207K(55872K), 0.0020030 secs] 136118K->86737K(182144K), 0.0020420 secs] [Times: user=0.01 sys=0.00, real=0.00 secs] 
96.488: Total time for which application threads were stopped: 0.0042250 seconds, Stopping threads took: 0.0020980 seconds
96.537: Application time: 0.0490610 seconds
96.539: [GC96.539: [ParNew: 55871K->5666K(55872K), 0.0017130 secs] 136401K->86253K(182144K), 0.0017560 secs] [Times: user=0.01 sys=0.00, real=0.00 secs] 
96.541: Total time for which application threads were stopped: 0.0042120 seconds, Stopping threads took: 0.0023910 seconds
96.589: Application time: 0.0479580 seconds
96.592: [GC96.592: [ParNew: 55330K->6207K(55872K), 0.0022170 secs] 135917K->87782K(182144K), 0.0022600 secs] [Times: user=0.01 sys=0.00, real=0.01 secs] 
96.594: Total time for which application threads were stopped: 0.0049270 seconds, Stopping threads took: 0.0026040 seconds
96.642: Application time: 0.0474250 seconds
96.643: [GC96.643: [ParNew: 55871K->5572K(55872K), 0.0017000 secs] 137446K->87172K(182144K), 0.0017440 secs] [Times: user=0.02 sys=0.00, real=0.00 secs] 
96.645: Total time for which application threads were stopped: 0.0034140 seconds, Stopping threads took: 0.0016030 seconds
96.694: Application time: 0.0492800 seconds
96.697: [GC96.697: [ParNew: 55236K->5454K(55872K), 0.0016350 secs] 136836K->87083K(182144K), 0.0016770 secs] [Times: user=0.02 sys=0.00, real=0.00 secs] 
96.698: Total time for which application threads were stopped: 0.0039770 seconds, Stopping threads took: 0.0022170 seconds
96.747: Application time: 0.0482880 seconds
96.748: [GC96.748: [ParNew: 55118K->4921K(55872K), 0.0016140 secs] 136747K->86554K(182144K), 0.0016540 secs] [Times: user=0.01 sys=0.00, real=0.00 secs] 
96.750: Total time for which application threads were stopped: 0.0034870 seconds, Stopping threads took: 0.0017630 seconds
96.799: Application time: 0.0485210 seconds
96.800: [GC96.800: [ParNew: 54585K->4487K(55872K), 0.0014180 secs] 136218K->86144K(182144K), 0.0014570 secs] [Times: user=0.01 sys=0.00, real=0.01 secs] 
96.802: Total time for which application threads were stopped: 0.0031500 seconds, Stopping threads took: 0.0016290 seconds
96.851: Application time: 0.0488820 seconds
96.852: [GC96.852: [ParNew: 54151K->4402K(55872K), 0.0014340 secs] 135808K->86116K(182144K), 0.0014710 secs] [Times: user=0.01 sys=0.00, real=0.01 secs] 
96.854: Total time for which application threads were stopped: 0.0032520 seconds, Stopping threads took: 0.0017230 seconds
96.901: Application time: 0.0471990 seconds
96.903: [GC96.903: [ParNew: 54066K->6206K(55872K), 0.0022220 secs] 135780K->88991K(182144K), 0.0022680 secs] [Times: user=0.02 sys=0.00, real=0.00 secs] 
96.905: Total time for which application threads were stopped: 0.0043920 seconds, Stopping threads took: 0.0020600 seconds
96.955: Application time: 0.0491490 seconds
96.958: [GC96.958: [ParNew: 55870K->6206K(55872K), 0.0018580 secs] 138655K->89028K(182144K), 0.0019010 secs] [Times: user=0.01 sys=0.00, real=0.00 secs] 
96.960: Total time for which application threads were stopped: 0.0054270 seconds, Stopping threads took: 0.0034610 seconds
97.008: Application time: 0.0479290 seconds
97.010: [GC97.010: [ParNew: 55870K->6207K(55872K), 0.0024160 secs] 138692K->89867K(182144K), 0.0024620 secs] [Times: user=0.01 sys=0.00, real=0.00 secs] 
97.013: Total time for which application threads were stopped: 0.0045930 seconds, Stopping threads took: 0.0020630 seconds
97.060: Application time: 0.0471710 seconds
97.062: [GC97.062: [ParNew: 55871K->6206K(55872K), 0.0020340 secs] 139531K->90214K(182144K), 0.0020890 secs] [Times: user=0.02 sys=0.00, real=0.00 secs] 
97.064: Total time for which application threads were stopped: 0.0045160 seconds, Stopping threads took: 0.0023360 seconds
97.113: Application time: 0.0483460 seconds
97.115: [GC97.115: [ParNew: 55870K->5556K(55872K), 0.0018610 secs] 139878K->89592K(182144K), 0.0019060 secs] [Times: user=0.01 sys=0.00, real=0.00 secs] 
97.117: Total time for which application threads were stopped: 0.0041850 seconds, Stopping threads took: 0.0021900 seconds
97.165: Application time: 0.0478580 seconds
97.167: [GC97.167: [ParNew: 55220K->6206K(55872K), 0.0022730 secs] 139256K->91007K(182144K), 0.0023210 secs] [Times: user=0.02 sys=0.00, real=0.00 secs] 
97.170: Total time for which application threads were stopped: 0.0050680 seconds, Stopping threads took: 0.0026810 seconds
97.220: Application time: 0.0498810 seconds
97.222: [GC97.222: [ParNew: 55870K->6207K(55872K), 0.0019830 secs] 140671K->91189K(182144K), 0.0020300 secs] [Times: user=0.01 sys=0.00, real=0.00 secs] 
97.224: Total time for which application threads were stopped: 0.0040200 seconds, Stopping threads took: 0.0019240 seconds
97.270: Application time: 0.0466890 seconds
97.273: [GC97.273: [ParNew: 55871K->6207K(55872K), 0.0021330 secs] 140853K->91702K(182144K), 0.0021750 secs] [Times: user=0.01 sys=0.00, real=0.01 secs] 
97.275: Total time for which application threads were stopped: 0.0051850 seconds, Stopping threads took: 0.0029360 seconds
97.325: Application time: 0.0491810 seconds
97.327: [GC97.327: [ParNew: 55871K->5632K(55872K), 0.0018180 secs] 141366K->91155K(182144K), 0.0018590 secs] [Times: user=0.01 sys=0.00, real=0.00 secs] 
97.329: Total time for which application threads were stopped: 0.0039670 seconds, Stopping threads took: 0.0020420 seconds
97.376: Application time: 0.0469660 seconds
97.377: [GC97.377: [ParNew: 55296K->6206K(55872K), 0.0021840 secs] 140819K->92177K(182144K), 0.0022300 secs] [Times: user=0.01 sys=0.00, real=0.00 secs] 
97.380: Total time for which application threads were stopped: 0.0040970 seconds, Stopping threads took: 0.0017990 seconds
97.427: Application time: 0.0475870 seconds
97.430: [GC97.430: [ParNew: 55870K->6207K(55872K), 0.0024020 secs] 141841K->93670K(182144K), 0.0024460 secs] [Times: user=0.02 sys=0.00, real=0.00 secs] 
97.432: Total time for which application threads were stopped: 0.0049170 seconds, Stopping threads took: 0.0024030 seconds
97.479: Application time: 0.0469800 seconds
97.481: [GC97.481: [ParNew: 55871K->6082K(55872K), 0.0019250 secs] 143334K->93545K(182144K), 0.0019680 secs] [Times: user=0.02 sys=0.00, real=0.01 secs] 
97.483: Total time for which application threads were stopped: 0.0037190 seconds, Stopping threads took: 0.0016650 seconds
97.531: Application time: 0.0478190 seconds
97.533: [GC97.533: [ParNew: 55746K->6207K(55872K), 0.0020990 secs] 143209K->94059K(182144K), 0.0021430 secs] [Times: user=0.01 sys=0.00, real=0.01 secs] 
97.535: Total time for which application threads were stopped: 0.0041890 seconds, Stopping threads took: 0.0019780 seconds
97.583: Application time: 0.0481970 seconds
97.586: [GC97.586: [ParNew: 55871K->6037K(55872K), 0.0019810 secs] 143723K->93889K(182144K), 0.0020220 secs] [Times: user=0.01 sys=0.00, real=0.00 secs] 
97.588: Total time for which application threads were stopped: 0.0046910 seconds, Stopping threads took: 0.0026050 seconds
97.635: Application time: 0.0466820 seconds
97.638: [GC97.638: [ParNew: 55701K->5591K(55872K), 0.0016840 secs] 143553K->93499K(182144K), 0.0017260 secs] [Times: user=0.02 sys=0.00, real=0.00 secs] 
97.640: Total time for which application threads were stopped: 0.0051450 seconds, Stopping threads took: 0.0033320 seconds
97.687: Application time: 0.0474950 seconds
97.689: [GC97.689: [ParNew: 55255K->6207K(55872K), 0.0020240 secs] 143163K->94418K(182144K), 0.0020680 secs] [Times: user=0.01 sys=0.00, real=0.00 secs] 
97.691: Total time for which application threads were stopped: 0.0042560 seconds, Stopping threads took: 0.0021150 seconds
97.742: Application time: 0.0502380 seconds
97.744: [GC97.744: [ParNew: 55871K->5941K(55872K), 0.0018830 secs] 144082K->94151K(182144K), 0.0019190 secs] [Times: user=0.01 sys=0.00, real=0.00 secs] 
97.746: Total time for which application threads were stopped: 0.0043920 seconds, Stopping threads took: 0.0024110 seconds
97.794: Application time: 0.0480020 seconds
97.795: [GC97.795: [ParNew: 55605K->5422K(55872K), 0.0017470 secs] 143815K->93633K(182144K), 0.0017900 secs] [Times: user=0.01 sys=0.00, real=0.00 secs] 
97.797: Total time for which application threads were stopped: 0.0030350 seconds, Stopping threads took: 0.0011730 seconds
97.844: Application time: 0.0473910 seconds
97.847: [GC97.847: [ParNew: 55086K->6206K(55872K), 0.0023390 secs] 143297K->95476K(182144K), 0.0023870 secs] [Times: user=0.02 sys=0.00, real=0.00 secs] 
97.849: Total time for which application threads were stopped: 0.0044370 seconds, Stopping threads took: 0.0019810 seconds
97.897: Application time: 0.0476830 seconds
97.898: [GC97.898: [ParNew: 55870K->5712K(55872K), 0.0018210 secs] 145140K->94982K(182144K), 0.0018630 secs] [Times: user=0.02 sys=0.00, real=0.00 secs] 
97.900: Total time for which application threads were stopped: 0.0034310 seconds, Stopping threads took: 0.0015020 seconds
97.948: Application time: 0.0483460 seconds
97.950: [GC97.950: [ParNew: 55376K->6206K(55872K), 0.0022670 secs] 144646K->96171K(182144K), 0.0023110 secs] [Times: user=0.01 sys=0.00, real=0.00 secs] 
97.953: Total time for which application threads were stopped: 0.0043340 seconds, Stopping threads took: 0.0019570 seconds
98.002: Application time: 0.0487940 seconds
98.003: [GC98.003: [ParNew: 55870K->4889K(55872K), 0.0016070 secs] 145835K->94854K(182144K), 0.0016470 secs] [Times: user=0.01 sys=0.00, real=0.00 secs] 
98.005: Total time for which application threads were stopped: 0.0035580 seconds, Stopping threads took: 0.0018380 seconds
98.053: Application time: 0.0476400 seconds
98.054: [GC98.054: [ParNew: 54553K->6207K(55872K), 0.0022100 secs] 144518K->96779K(182144K), 0.0022540 secs] [Times: user=0.01 sys=0.00, real=0.00 secs] 
98.056: Total time for which application threads were stopped: 0.0037690 seconds, Stopping threads took: 0.0014270 seconds
98.102: Application time: 0.0459920 seconds
98.105: [GC98.105: [ParNew: 55871K->6207K(55872K), 0.0020860 secs] 146443K->97407K(182144K), 0.0021360 secs] [Times: user=0.02 sys=0.00, real=0.00 secs] 
98.107: Total time for which application threads were stopped: 0.0043100 seconds, Stopping threads took: 0.0021060 seconds
98.156: Application time: 0.0494810 seconds
98.159: [GC98.159: [ParNew: 55871K->6206K(55872K), 0.0021660 secs] 147071K->97968K(182144K), 0.0022060 secs] [Times: user=0.02 sys=0.00, real=0.00 secs] 
98.161: Total time for which application threads were stopped: 0.0045720 seconds, Stopping threads took: 0.0022820 seconds
98.210: Application time: 0.0490260 seconds
98.213: [GC98.213: [ParNew: 55870K->4971K(55872K), 0.0015590 secs] 147632K->96762K(182144K), 0.0016040 secs] [Times: user=0.01 sys=0.00, real=0.01 secs] 
98.215: Total time for which application threads were stopped: 0.0047020 seconds, Stopping threads took: 0.0030310 seconds
98.263: Application time: 0.0483650 seconds
98.266: [GC98.266: [ParNew: 54635K->6206K(55872K), 0.0020400 secs] 146426K->98236K(182144K), 0.0020820 secs] [Times: user=0.02 sys=0.00, real=0.00 secs] 
98.268: Total time for which application threads were stopped: 0.0050830 seconds, Stopping threads took: 0.0029360 seconds
98.316: Application time: 0.0477720 seconds
98.318: [GC98.318: [ParNew: 55870K->5731K(55872K), 0.0017860 secs] 147900K->97761K(182144K), 0.0018260 secs] [Times: user=0.02 sys=0.00, real=0.00 secs] 
98.320: Total time for which application threads were stopped: 0.0041030 seconds, Stopping threads took: 0.0022020 seconds
98.370: Application time: 0.0497480 seconds
98.371: [GC98.371: [ParNew: 55395K->5549K(55872K), 0.0018330 secs] 147425K->97608K(182144K), 0.0018840 secs] [Times: user=0.01 sys=0.00, real=0.00 secs] 
98.373: Total time for which application threads were stopped: 0.0036840 seconds, Stopping threads took: 0.0017330 seconds
98.421: Application time: 0.0479600 seconds
98.422: [GC98.422: [ParNew: 55213K->6094K(55872K), 0.0019320 secs] 147272K->98181K(182144K), 0.0019750 secs] [Times: user=0.01 sys=0.00, real=0.00 secs] 
98.424: Total time for which application threads were stopped: 0.0030060 seconds, Stopping threads took: 0.0009650 seconds
98.472: Application time: 0.0478730 seconds
98.475: [GC98.475: [ParNew: 55758K->6103K(55872K), 0.0019890 secs] 147845K->98219K(182144K), 0.0020340 secs] [Times: user=0.01 sys=0.00, real=0.00 secs] 
98.477: Total time for which application threads were stopped: 0.0051910 seconds, Stopping threads took: 0.0030800 seconds
98.525: Application time: 0.0475150 seconds
98.527: [GC98.527: [ParNew: 55767K->6206K(55872K), 0.0024780 secs] 147883K->100047K(182144K), 0.0025230 secs] [Times: user=0.01 sys=0.00, real=0.00 secs] 
98.529: Total time for which application threads were stopped: 0.0045290 seconds, Stopping threads took: 0.0019390 seconds
98.577: Application time: 0.0477580 seconds
98.580: [GC98.580: [ParNew: 55870K->6206K(55872K), 0.0022210 secs] 149711K->100570K(182144K), 0.0022690 secs] [Times: user=0.01 sys=0.00, real=0.01 secs] 
98.582: Total time for which application threads were stopped: 0.0048240 seconds, Stopping threads took: 0.0024750 seconds
98.629: Application time: 0.0468390 seconds
98.631: [GC98.632: [ParNew: 55870K->6206K(55872K), 0.0021500 secs] 150234K->101060K(182144K), 0.0021910 secs] [Times: user=0.01 sys=0.00, real=0.01 secs] 
98.634: Total time for which application threads were stopped: 0.0048400 seconds, Stopping threads took: 0.0025640 seconds
98.681: Application time: 0.0475480 seconds
98.684: [GC98.684: [ParNew: 55870K->5215K(55872K), 0.0016840 secs] 150724K->100097K(182144K), 0.0017240 secs] [Times: user=0.01 sys=0.00, real=0.00 secs] 
98.685: Total time for which application threads were stopped: 0.0040780 seconds, Stopping threads took: 0.0022910 seconds
98.735: Application time: 0.0495840 seconds
98.738: [GC98.738: [ParNew: 54879K->5090K(55872K), 0.0016550 secs] 149761K->100001K(182144K), 0.0016990 secs] [Times: user=0.02 sys=0.00, real=0.00 secs] 
98.740: Total time for which application threads were stopped: 0.0046120 seconds, Stopping threads took: 0.0028470 seconds
98.789: Application time: 0.0490600 seconds
98.791: [GC98.791: [ParNew: 54754K->4583K(55872K), 0.0015340 secs] 149665K->99522K(182144K), 0.0015730 secs] [Times: user=0.01 sys=0.00, real=0.00 secs] 
98.792: Total time for which application threads were stopped: 0.0037900 seconds, Stopping threads took: 0.0021330 seconds
98.842: Application time: 0.0500710 seconds
98.844: [GC98.844: [ParNew: 54247K->4607K(55872K), 0.0016470 secs] 149186K->99546K(182144K), 0.0016850 secs] [Times: user=0.01 sys=0.00, real=0.00 secs] 
98.846: Total time for which application threads were stopped: 0.0034290 seconds, Stopping threads took: 0.0016750 seconds
98.898: Application time: 0.0517720 seconds
98.898: [GC98.898: [ParNew: 54271K->4014K(55872K), 0.0014370 secs] 149210K->98966K(182144K), 0.0014710 secs] [Times: user=0.01 sys=0.00, real=0.00 secs] 
98.900: Total time for which application threads were stopped: 0.0020490 seconds, Stopping threads took: 0.0005160 seconds
98.952: Application time: 0.0519480 seconds
98.952: [GC98.952: [ParNew: 53678K->4691K(55872K), 0.0015160 secs] 148630K->99687K(182144K), 0.0015570 secs] [Times: user=0.01 sys=0.00, real=0.01 secs] 
98.954: Total time for which application threads were stopped: 0.0020510 seconds, Stopping threads took: 0.0004260 seconds
99.004: Application time: 0.0501310 seconds
99.005: [GC99.005: [ParNew: 54355K->6158K(55872K), 0.0020010 secs] 149351K->101183K(182144K), 0.0020450 secs] [Times: user=0.02 sys=0.00, real=0.00 secs] 
99.007: Total time for which application threads were stopped: 0.0033510 seconds, Stopping threads took: 0.0012400 seconds
99.055: Application time: 0.0477590 seconds
99.057: [GC99.057: [ParNew: 55822K->6207K(55872K), 0.0021080 secs] 150847K->101534K(182144K), 0.0021580 secs] [Times: user=0.01 sys=0.00, real=0.00 secs] 
99.059: Total time for which application threads were stopped: 0.0041390 seconds, Stopping threads took: 0.0019150 seconds
99.106: Application time: 0.0471810 seconds
99.109: [GC99.109: [ParNew: 55871K->6207K(55872K), 0.0022850 secs] 151198K->102242K(182144K), 0.0023260 secs] [Times: user=0.02 sys=0.00, real=0.00 secs] 
99.111: Total time for which application threads were stopped: 0.0046680 seconds, Stopping threads took: 0.0022660 seconds
99.160: Application time: 0.0490570 seconds
99.163: [GC99.163: [ParNew: 55871K->6207K(55872K), 0.0022370 secs] 151906K->102957K(182144K), 0.0022750 secs] [Times: user=0.02 sys=0.00, real=0.00 secs] 
99.165: Total time for which application threads were stopped: 0.0051510 seconds, Stopping threads took: 0.0027940 seconds
99.213: Application time: 0.0477410 seconds
99.215: [GC99.215: [ParNew: 55871K->6206K(55872K), 0.0019500 secs] 152621K->103206K(182144K), 0.0019910 secs] [Times: user=0.01 sys=0.00, real=0.00 secs] 
99.217: Total time for which application threads were stopped: 0.0041140 seconds, Stopping threads took: 0.0020590 seconds
 CMS: abort preclean due to time 99.219: [CMS-concurrent-abortable-preclean: 0.256/5.023 secs] [Times: user=38.51 sys=0.14, real=5.02 secs] 
99.221: Application time: 0.0043770 seconds
99.223: [GC[YG occupancy: 12276 K (55872 K)]99.223: [Rescan (parallel) , 0.0003070 secs]99.223: [weak refs processing, 0.0000080 secs]99.223: [scrub string table, 0.0001110 secs] [1 CMS-remark: 96999K(126272K)] 109275K(182144K), 0.0004610 secs] [Times: user=0.00 sys=0.00, real=0.00 secs] 
99.223: Total time for which application threads were stopped: 0.0016040 seconds, Stopping threads took: 0.0011080 seconds
99.223: [CMS-concurrent-sweep-start]
99.230: [CMS-concurrent-sweep: 0.007/0.007 secs] [Times: user=0.05 sys=0.00, real=0.00 secs] 
99.230: [CMS-concurrent-reset-start]
99.231: [CMS-concurrent-reset: 0.000/0.000 secs] [Times: user=0.00 sys=0.00, real=0.00 secs] 
99.267: Application time: 0.0437160 seconds
99.268: [GC99.268: [ParNew: 55870K->5483K(55872K), 0.0017700 secs] 104855K->54497K(182144K), 0.0018150 secs] [Times: user=0.02 sys=0.00, real=0.00 secs] 
99.270: Total time for which application threads were stopped: 0.0033540 seconds, Stopping threads took: 0.0014700 seconds
99.322: Application time: 0.0520770 seconds
99.325: [GC99.325: [ParNew: 55147K->6207K(55872K), 0.0021820 secs] 104161K->55349K(182144K), 0.0022280 secs] [Times: user=0.02 sys=0.00, real=0.00 secs] 
99.327: Total time for which application threads were stopped: 0.0046100 seconds, Stopping threads took: 0.0023120 seconds
99.377: Application time: 0.0499500 seconds
99.379: [GC99.379: [ParNew: 55871K->4701K(55872K), 0.0015380 secs] 105013K->53872K(182144K), 0.0015820 secs] [Times: user=0.01 sys=0.00, real=0.00 secs] 
99.381: Total time for which application threads were stopped: 0.0043110 seconds, Stopping threads took: 0.0026540 seconds
99.432: Application time: 0.0505390 seconds
99.434: [GC99.434: [ParNew: 54365K->4362K(55872K), 0.0015380 secs] 103536K->53533K(182144K), 0.0015770 secs] [Times: user=0.01 sys=0.00, real=0.00 secs] 
99.436: Total time for which application threads were stopped: 0.0039670 seconds, Stopping threads took: 0.0023260 seconds
99.484: Application time: 0.0480920 seconds
99.486: [GC99.486: [ParNew: 54026K->6206K(55872K), 0.0020090 secs] 103197K->55480K(182144K), 0.0020550 secs] [Times: user=0.01 sys=0.00, real=0.00 secs] 
99.488: Total time for which application threads were stopped: 0.0045570 seconds, Stopping threads took: 0.0024340 seconds
99.538: Application time: 0.0494580 seconds
99.540: [GC99.540: [ParNew: 55870K->6207K(55872K), 0.0021250 secs] 105144K->55639K(182144K), 0.0021670 secs] [Times: user=0.01 sys=0.00, real=0.01 secs] 
99.542: Total time for which application threads were stopped: 0.0043050 seconds, Stopping threads took: 0.0020530 seconds
99.589: Application time: 0.0474760 seconds
99.591: [GC99.591: [ParNew: 55871K->5577K(55872K), 0.0019200 secs] 105303K->55038K(182144K), 0.0019690 secs] [Times: user=0.01 sys=0.00, real=0.00 secs] 
99.593: Total time for which application threads were stopped: 0.0035330 seconds, Stopping threads took: 0.0014970 seconds
99.641: Application time: 0.0476440 seconds
99.642: [GC99.642: [ParNew: 55241K->5119K(55872K), 0.0017990 secs] 104702K->54580K(182144K), 0.0018350 secs] [Times: user=0.01 sys=0.00, real=0.00 secs] 
99.644: Total time for which application threads were stopped: 0.0036530 seconds, Stopping threads took: 0.0017550 seconds
99.693: Application time: 0.0490860 seconds
99.696: [GC99.696: [ParNew: 54783K->6011K(55872K), 0.0021690 secs] 104244K->55529K(182144K), 0.0022120 secs] [Times: user=0.01 sys=0.00, real=0.00 secs] 
99.698: Total time for which application threads were stopped: 0.0047190 seconds, Stopping threads took: 0.0024430 seconds
99.746: Application time: 0.0479540 seconds
99.748: [GC99.748: [ParNew: 55675K->5009K(55872K), 0.0016330 secs] 105193K->54527K(182144K), 0.0016750 secs] [Times: user=0.01 sys=0.00, real=0.00 secs] 
99.749: Total time for which application threads were stopped: 0.0033560 seconds, Stopping threads took: 0.0016180 seconds
99.795: Application time: 0.0451360 seconds
99.796: [GC99.796: [ParNew: 54673K->4904K(55872K), 0.0017480 secs] 104191K->54422K(182144K), 0.0017880 secs] [Times: user=0.01 sys=0.00, real=0.00 secs] 
99.798: Total time for which application threads were stopped: 0.0033290 seconds, Stopping threads took: 0.0014780 seconds
99.847: Application time: 0.0493590 seconds
99.848: [GC99.848: [ParNew: 54568K->5621K(55872K), 0.0018300 secs] 104086K->55196K(182144K), 0.0018720 secs] [Times: user=0.02 sys=0.00, real=0.00 secs] 
99.850: Total time for which application threads were stopped: 0.0028710 seconds, Stopping threads took: 0.0009130 seconds
99.897: Application time: 0.0466090 seconds
99.900: [GC99.900: [ParNew: 55285K->6207K(55872K), 0.0021870 secs] 104860K->56309K(182144K), 0.0022280 secs] [Times: user=0.02 sys=0.00, real=0.01 secs] 
99.902: Total time for which application threads were stopped: 0.0053470 seconds, Stopping threads took: 0.0030280 seconds
99.948: Application time: 0.0459750 seconds
99.950: [GC99.951: [ParNew: 55871K->6207K(55872K), 0.0019320 secs] 105973K->56317K(182144K), 0.0019730 secs] [Times: user=0.02 sys=0.00, real=0.00 secs] 
99.952: Total time for which application threads were stopped: 0.0043900 seconds, Stopping threads took: 0.0023550 seconds
99.999: Application time: 0.0468910 seconds
100.001: [GC100.001: [ParNew: 55871K->6050K(55872K), 0.0019110 secs] 105981K->56159K(182144K), 0.0019540 secs] [Times: user=0.01 sys=0.00, real=0.01 secs] 
100.002: Total time for which application threads were stopped: 0.0031080 seconds, Stopping threads took: 0.0010660 seconds
100.047: Application time: 0.0447430 seconds
100.050: [GC100.050: [ParNew: 55714K->6206K(55872K), 0.0022040 secs] 105823K->57142K(182144K), 0.0022480 secs] [Times: user=0.02 sys=0.00, real=0.00 secs] 
100.052: Total time for which application threads were stopped: 0.0052510 seconds, Stopping threads took: 0.0029360 seconds
100.095: Application time: 0.0423340 seconds
100.097: [GC100.097: [ParNew: 55870K->6207K(55872K), 0.0024580 secs] 106806K->58737K(182144K), 0.0025040 secs] [Times: user=0.02 sys=0.00, real=0.00 secs] 
100.100: Total time for which application threads were stopped: 0.0051360 seconds, Stopping threads took: 0.0025630 seconds
100.101: Application time: 0.0015200 seconds
100.105: [GC [1 CMS-initial-mark: 52529K(126272K)] 61214K(182144K), 0.0002500 secs] [Times: user=0.00 sys=0.00, real=0.00 secs] 
100.105: Total time for which application threads were stopped: 0.0033170 seconds, Stopping threads took: 0.0030370 seconds
100.105: [CMS-concurrent-mark-start]
100.113: [CMS-concurrent-mark: 0.009/0.009 secs] [Times: user=0.07 sys=0.00, real=0.01 secs] 
100.114: [CMS-concurrent-preclean-start]
100.114: [CMS-concurrent-preclean: 0.000/0.000 secs] [Times: user=0.00 sys=0.00, real=0.00 secs] 
100.114: [CMS-concurrent-abortable-preclean-start]
100.150: Application time: 0.0448660 seconds
100.151: [GC100.151: [ParNew: 55871K->6207K(55872K), 0.0022530 secs] 108401K->59241K(182144K), 0.0023050 secs] [Times: user=0.02 sys=0.00, real=0.01 secs] 
100.154: Total time for which application threads were stopped: 0.0038350 seconds, Stopping threads took: 0.0014490 seconds
100.197: Application time: 0.0437060 seconds
100.199: [GC100.199: [ParNew: 55871K->6207K(55872K), 0.0021240 secs] 108905K->59610K(182144K), 0.0021670 secs] [Times: user=0.02 sys=0.00, real=0.01 secs] 
100.202: Total time for which application threads were stopped: 0.0043930 seconds, Stopping threads took: 0.0021640 seconds
100.245: Application time: 0.0438890 seconds
100.248: [GC100.248: [ParNew: 55871K->6206K(55872K), 0.0022310 secs] 109274K->60465K(182144K), 0.0022740 secs] [Times: user=0.02 sys=0.00, real=0.00 secs] 
100.251: Total time for which application threads were stopped: 0.0051700 seconds, Stopping threads took: 0.0028330 seconds
100.295: Application time: 0.0445590 seconds
100.297: [GC100.297: [ParNew: 55870K->6206K(55872K), 0.0022560 secs] 110129K->61700K(182144K), 0.0022990 secs] [Times: user=0.01 sys=0.00, real=0.00 secs] 
100.299: Total time for which application threads were stopped: 0.0038410 seconds, Stopping threads took: 0.0014790 seconds
100.344: Application time: 0.0445710 seconds
100.346: [GC100.346: [ParNew: 55870K->6207K(55872K), 0.0021060 secs] 111364K->62427K(182144K), 0.0021480 secs] [Times: user=0.02 sys=0.00, real=0.00 secs] 
100.349: Total time for which application threads were stopped: 0.0049770 seconds, Stopping threads took: 0.0027650 seconds
100.394: Application time: 0.0455960 seconds
100.396: [GC100.396: [ParNew: 55871K->6207K(55872K), 0.0019720 secs] 112091K->62570K(182144K), 0.0020120 secs] [Times: user=0.01 sys=0.00, real=0.00 secs] 
100.398: Total time for which application threads were stopped: 0.0033910 seconds, Stopping threads took: 0.0013160 seconds
100.442: Application time: 0.0444350 seconds
100.444: [GC100.444: [ParNew: 55871K->6207K(55872K), 0.0022410 secs] 112234K->63617K(182144K), 0.0022800 secs] [Times: user=0.02 sys=0.00, real=0.00 secs] 
100.446: Total time for which application threads were stopped: 0.0041770 seconds, Stopping threads took: 0.0018230 seconds
100.491: Application time: 0.0444450 seconds
100.493: [GC100.493: [ParNew: 55871K->6081K(55872K), 0.0018670 secs] 113281K->63491K(182144K), 0.0019090 secs] [Times: user=0.01 sys=0.00, real=0.01 secs] 
100.495: Total time for which application threads were stopped: 0.0042780 seconds, Stopping threads took: 0.0023060 seconds
100.541: Application time: 0.0460630 seconds
100.543: [GC100.543: [ParNew: 55745K->4952K(55872K), 0.0016350 secs] 113155K->62419K(182144K), 0.0016740 secs] [Times: user=0.01 sys=0.00, real=0.00 secs] 
100.545: Total time for which application threads were stopped: 0.0036370 seconds, Stopping threads took: 0.0019010 seconds
100.589: Application time: 0.0441610 seconds
100.590: [GC100.590: [ParNew: 54616K->6207K(55872K), 0.0024810 secs] 112083K->65319K(182144K), 0.0025240 secs] [Times: user=0.01 sys=0.00, real=0.00 secs] 
100.593: Total time for which application threads were stopped: 0.0039810 seconds, Stopping threads took: 0.0013710 seconds
100.640: Application time: 0.0475690 seconds
100.642: [GC100.642: [ParNew: 55871K->5931K(55872K), 0.0018660 secs] 114983K->65072K(182144K), 0.0019110 secs] [Times: user=0.02 sys=0.00, real=0.00 secs] 
100.644: Total time for which application threads were stopped: 0.0037440 seconds, Stopping threads took: 0.0017660 seconds
100.692: Application time: 0.0480850 seconds
100.694: [GC100.694: [ParNew: 55595K->3907K(55872K), 0.0013270 secs] 114736K->63077K(182144K), 0.0013650 secs] [Times: user=0.01 sys=0.00, real=0.00 secs] 
100.695: Total time for which application threads were stopped: 0.0032560 seconds, Stopping threads took: 0.0018040 seconds
100.741: Application time: 0.0458280 seconds
100.744: [GC100.744: [ParNew: 53571K->5480K(55872K), 0.0017510 secs] 112741K->64678K(182144K), 0.0017960 secs] [Times: user=0.01 sys=0.00, real=0.00 secs] 
100.745: Total time for which application threads were stopped: 0.0040400 seconds, Stopping threads took: 0.0021490 seconds
100.788: Application time: 0.0428530 seconds
100.790: [GC100.790: [ParNew: 55144K->6207K(55872K), 0.0024100 secs] 114342K->67102K(182144K), 0.0024540 secs] [Times: user=0.02 sys=0.00, real=0.00 secs] 
100.792: Total time for which application threads were stopped: 0.0041830 seconds, Stopping threads took: 0.0016630 seconds
100.837: Application time: 0.0449260 seconds
100.840: [GC100.840: [ParNew: 55871K->6206K(55872K), 0.0022090 secs] 116766K->67824K(182144K), 0.0022540 secs] [Times: user=0.01 sys=0.00, real=0.01 secs] 
100.842: Total time for which application threads were stopped: 0.0044990 seconds, Stopping threads took: 0.0021800 seconds
100.886: Application time: 0.0445990 seconds
100.889: [GC100.889: [ParNew: 55870K->6206K(55872K), 0.0022080 secs] 117488K->68652K(182144K), 0.0022510 secs] [Times: user=0.01 sys=0.00, real=0.00 secs] 
100.891: Total time for which application threads were stopped: 0.0045610 seconds, Stopping threads took: 0.0022450 seconds
100.937: Application time: 0.0457460 seconds
100.939: [GC100.939: [ParNew: 55870K->6206K(55872K), 0.0022400 secs] 118316K->69455K(182144K), 0.0022870 secs] [Times: user=0.02 sys=0.00, real=0.01 secs] 
100.942: Total time for which application threads were stopped: 0.0049020 seconds, Stopping threads took: 0.0025490 seconds
100.987: Application time: 0.0454290 seconds
100.990: [GC100.990: [ParNew: 55870K->6207K(55872K), 0.0021820 secs] 119119K->70207K(182144K), 0.0022250 secs] [Times: user=0.01 sys=0.00, real=0.00 secs] 
100.992: Total time for which application threads were stopped: 0.0048910 seconds, Stopping threads took: 0.0025920 seconds
101.040: Application time: 0.0484450 seconds
101.042: [GC101.042: [ParNew: 55871K->4871K(55872K), 0.0015430 secs] 119871K->68928K(182144K), 0.0015800 secs] [Times: user=0.01 sys=0.00, real=0.00 secs] 
101.044: Total time for which application threads were stopped: 0.0036130 seconds, Stopping threads took: 0.0019700 seconds
101.088: Application time: 0.0444160 seconds
101.091: [GC101.091: [ParNew: 54535K->6206K(55872K), 0.0024610 secs] 118592K->71872K(182144K), 0.0025060 secs] [Times: user=0.02 sys=0.00, real=0.00 secs] 
101.093: Total time for which application threads were stopped: 0.0046430 seconds, Stopping threads took: 0.0020690 seconds
101.138: Application time: 0.0446120 seconds
101.140: [GC101.140: [ParNew: 55870K->5845K(55872K), 0.0017580 secs] 121536K->71511K(182144K), 0.0017990 secs] [Times: user=0.01 sys=0.00, real=0.01 secs] 
101.142: Total time for which application threads were stopped: 0.0043550 seconds, Stopping threads took: 0.0024920 seconds
101.189: Application time: 0.0467110 seconds
101.192: [GC101.192: [ParNew: 55509K->5709K(55872K), 0.0017470 secs] 121175K->71432K(182144K), 0.0017930 secs] [Times: user=0.01 sys=0.00, real=0.01 secs] 
101.194: Total time for which application threads were stopped: 0.0048010 seconds, Stopping threads took: 0.0029430 seconds
101.240: Application time: 0.0469230 seconds
101.244: [GC101.244: [ParNew: 55373K->5397K(55872K), 0.0016400 secs] 121096K->71120K(182144K), 0.0016830 secs] [Times: user=0.01 sys=0.00, real=0.00 secs] 
101.245: Total time for which application threads were stopped: 0.0048300 seconds, Stopping threads took: 0.0030820 seconds
101.292: Application time: 0.0463910 seconds
101.292: [GC101.292: [ParNew: 55061K->4968K(55872K), 0.0016160 secs] 120784K->70720K(182144K), 0.0016580 secs] [Times: user=0.01 sys=0.00, real=0.01 secs] 
101.294: Total time for which application threads were stopped: 0.0023720 seconds, Stopping threads took: 0.0006300 seconds
101.338: Application time: 0.0443030 seconds
101.340: [GC101.340: [ParNew: 54631K->5953K(55872K), 0.0018270 secs] 120382K->71705K(182144K), 0.0018680 secs] [Times: user=0.01 sys=0.00, real=0.01 secs] 
101.342: Total time for which application threads were stopped: 0.0035290 seconds, Stopping threads took: 0.0015970 seconds
101.386: Application time: 0.0440090 seconds
101.388: [GC101.388: [ParNew: 55617K->6207K(55872K), 0.0021600 secs] 121369K->72623K(182144K), 0.0022080 secs] [Times: user=0.02 sys=0.00, real=0.00 secs] 
101.390: Total time for which application threads were stopped: 0.0042270 seconds, Stopping threads took: 0.0019560 seconds
101.435: Application time: 0.0451140 seconds
101.437: [GC101.437: [ParNew: 55871K->6184K(55872K), 0.0018470 secs] 122287K->72629K(182144K), 0.0018910 secs] [Times: user=0.01 sys=0.00, real=0.00 secs] 
101.439: Total time for which application threads were stopped: 0.0037110 seconds, Stopping threads took: 0.0017540 seconds
101.485: Application time: 0.0460200 seconds
101.487: [GC101.487: [ParNew: 55848K->5472K(55872K), 0.0018380 secs] 122293K->71945K(182144K), 0.0018800 secs] [Times: user=0.01 sys=0.00, real=0.00 secs] 
101.489: Total time for which application threads were stopped: 0.0036600 seconds, Stopping threads took: 0.0016960 seconds
101.538: Application time: 0.0496800 seconds
101.539: [GC101.539: [ParNew: 55136K->3976K(55872K), 0.0014900 secs] 121609K->70449K(182144K), 0.0015310 secs] [Times: user=0.01 sys=0.00, real=0.00 secs] 
101.541: Total time for which application threads were stopped: 0.0024920 seconds, Stopping threads took: 0.0008880 seconds
101.588: Application time: 0.0472870 seconds
101.590: [GC101.590: [ParNew: 53640K->5757K(55872K), 0.0019480 secs] 120113K->72287K(182144K), 0.0019890 secs] [Times: user=0.01 sys=0.01, real=0.00 secs] 
101.592: Total time for which application threads were stopped: 0.0039730 seconds, Stopping threads took: 0.0019210 seconds
101.638: Application time: 0.0454560 seconds
101.639: [GC101.639: [ParNew: 55421K->5828K(55872K), 0.0018500 secs] 121951K->72358K(182144K), 0.0018920 secs] [Times: user=0.01 sys=0.00, real=0.00 secs] 
101.641: Total time for which application threads were stopped: 0.0034400 seconds, Stopping threads took: 0.0014630 seconds
101.687: Application time: 0.0462590 seconds
101.689: [GC101.689: [ParNew: 55492K->5579K(55872K), 0.0017510 secs] 122022K->72137K(182144K), 0.0017910 secs] [Times: user=0.02 sys=0.00, real=0.00 secs] 
101.691: Total time for which application threads were stopped: 0.0033040 seconds, Stopping threads took: 0.0014520 seconds
101.735: Application time: 0.0440560 seconds
101.737: [GC101.737: [ParNew: 55243K->6206K(55872K), 0.0025020 secs] 121801K->73860K(182144K), 0.0025480 secs] [Times: user=0.02 sys=0.00, real=0.00 secs] 
101.739: Total time for which application threads were stopped: 0.0046050 seconds, Stopping threads took: 0.0019900 seconds
101.784: Application time: 0.0449320 seconds
101.786: [GC101.786: [ParNew: 55870K->6206K(55872K), 0.0022800 secs] 123524K->74974K(182144K), 0.0023240 secs] [Times: user=0.02 sys=0.00, real=0.00 secs] 
101.788: Total time for which application threads were stopped: 0.0041120 seconds, Stopping threads took: 0.0017230 seconds
101.837: Application time: 0.0489790 seconds
101.842: [GC101.842: [ParNew: 55870K->5858K(55872K), 0.0017870 secs] 124638K->74625K(182144K), 0.0018270 secs] [Times: user=0.01 sys=0.00, real=0.00 secs] 
101.843: Total time for which application threads were stopped: 0.0060760 seconds, Stopping threads took: 0.0041840 seconds
101.888: Application time: 0.0444780 seconds
101.889: [GC101.889: [ParNew: 55522K->6206K(55872K), 0.0019710 secs] 124289K->75061K(182144K), 0.0020130 secs] [Times: user=0.00 sys=0.01, real=0.00 secs] 
101.891: Total time for which application threads were stopped: 0.0033600 seconds, Stopping threads took: 0.0012820 seconds
101.937: Application time: 0.0460910 seconds
101.938: [GC101.938: [ParNew: 55870K->6207K(55872K), 0.0023430 secs] 124725K->76142K(182144K), 0.0023860 secs] [Times: user=0.02 sys=0.00, real=0.00 secs] 
101.941: Total time for which application threads were stopped: 0.0034820 seconds, Stopping threads took: 0.0010300 seconds
101.987: Application time: 0.0463140 seconds
101.990: [GC101.990: [ParNew: 55871K->6190K(55872K), 0.0020670 secs] 125806K->76149K(182144K), 0.0021090 secs] [Times: user=0.02 sys=0.00, real=0.00 secs] 
101.992: Total time for which application threads were stopped: 0.0047850 seconds, Stopping threads took: 0.0026100 seconds
102.038: Application time: 0.0456940 seconds
102.039: [GC102.039: [ParNew: 55854K->6207K(55872K), 0.0020700 secs] 125813K->76349K(182144K), 0.0021230 secs] [Times: user=0.01 sys=0.00, real=0.00 secs] 
102.041: Total time for which application threads were stopped: 0.0036470 seconds, Stopping threads took: 0.0014350 seconds
102.086: Application time: 0.0447680 seconds
102.087: [GC102.087: [ParNew: 55871K->6207K(55872K), 0.0021540 secs] 126013K->76996K(182144K), 0.0021950 secs] [Times: user=0.02 sys=0.00, real=0.00 secs] 
102.090: Total time for which application threads were stopped: 0.0036770 seconds, Stopping threads took: 0.0014120 seconds
102.134: Application time: 0.0441730 seconds
102.136: [GC102.136: [ParNew: 55871K->6207K(55872K), 0.0020130 secs] 126660K->77498K(182144K), 0.0020560 secs] [Times: user=0.02 sys=0.00, real=0.00 secs] 
102.138: Total time for which application threads were stopped: 0.0046430 seconds, Stopping threads took: 0.0025000 seconds
102.184: Application time: 0.0450720 seconds
102.185: [GC102.185: [ParNew: 55871K->6207K(55872K), 0.0019740 secs] 127162K->77858K(182144K), 0.0020210 secs] [Times: user=0.01 sys=0.00, real=0.00 secs] 
102.187: Total time for which application threads were stopped: 0.0038250 seconds, Stopping threads took: 0.0017400 seconds
102.229: Application time: 0.0420210 seconds
102.231: [GC102.231: [ParNew: 55871K->6206K(55872K), 0.0022460 secs] 127522K->78869K(182144K), 0.0022950 secs] [Times: user=0.02 sys=0.00, real=0.01 secs] 
102.234: Total time for which application threads were stopped: 0.0041160 seconds, Stopping threads took: 0.0017550 seconds
102.278: Application time: 0.0444080 seconds
102.280: [GC102.280: [ParNew: 55870K->6032K(55872K), 0.0019050 secs] 128533K->78694K(182144K), 0.0019500 secs] [Times: user=0.01 sys=0.00, real=0.01 secs] 
102.282: Total time for which application threads were stopped: 0.0038040 seconds, Stopping threads took: 0.0017890 seconds
102.327: Application time: 0.0448680 seconds
102.328: [GC102.328: [ParNew: 55696K->6206K(55872K), 0.0020950 secs] 128358K->79155K(182144K), 0.0021350 secs] [Times: user=0.01 sys=0.00, real=0.00 secs] 
102.330: Total time for which application threads were stopped: 0.0036650 seconds, Stopping threads took: 0.0014660 seconds
102.376: Application time: 0.0454120 seconds
102.377: [GC102.377: [ParNew: 55870K->6207K(55872K), 0.0019460 secs] 128819K->79270K(182144K), 0.0019900 secs] [Times: user=0.02 sys=0.00, real=0.00 secs] 
102.379: Total time for which application threads were stopped: 0.0037730 seconds, Stopping threads took: 0.0017150 seconds
102.427: Application time: 0.0470300 seconds
102.428: [GC102.428: [ParNew: 55871K->6206K(55872K), 0.0024660 secs] 128934K->80675K(182144K), 0.0025080 secs] [Times: user=0.02 sys=0.00, real=0.00 secs] 
102.431: Total time for which application threads were stopped: 0.0041110 seconds, Stopping threads took: 0.0015380 seconds
102.476: Application time: 0.0457140 seconds
102.478: [GC102.478: [ParNew: 55870K->6207K(55872K), 0.0022830 secs] 130339K->81943K(182144K), 0.0023280 secs] [Times: user=0.02 sys=0.00, real=0.00 secs] 
102.480: Total time for which application threads were stopped: 0.0041080 seconds, Stopping threads took: 0.0017140 seconds
102.527: Application time: 0.0462440 seconds
102.529: [GC102.529: [ParNew: 55871K->6125K(55872K), 0.0019310 secs] 131607K->81886K(182144K), 0.0019720 secs] [Times: user=0.02 sys=0.00, real=0.00 secs] 
102.531: Total time for which application threads were stopped: 0.0039310 seconds, Stopping threads took: 0.0018960 seconds
102.575: Application time: 0.0439000 seconds
102.577: [GC102.577: [ParNew: 55789K->6206K(55872K), 0.0023350 secs] 131550K->83352K(182144K), 0.0023790 secs] [Times: user=0.02 sys=0.00, real=0.00 secs] 
102.580: Total time for which application threads were stopped: 0.0050580 seconds, Stopping threads took: 0.0026130 seconds
102.624: Application time: 0.0442050 seconds
102.626: [GC102.626: [ParNew: 55870K->6206K(55872K), 0.0022540 secs] 133016K->83706K(182144K), 0.0023040 secs] [Times: user=0.01 sys=0.00, real=0.00 secs] 
102.629: Total time for which application threads were stopped: 0.0049350 seconds, Stopping threads took: 0.0025590 seconds
102.675: Application time: 0.0462980 seconds
102.677: [GC102.677: [ParNew: 55870K->5589K(55872K), 0.0017770 secs] 133370K->83089K(182144K), 0.0018160 secs] [Times: user=0.01 sys=0.00, real=0.00 secs] 
102.679: Total time for which application threads were stopped: 0.0040750 seconds, Stopping threads took: 0.0021990 seconds
102.723: Application time: 0.0435940 seconds
102.725: [GC102.725: [ParNew: 55253K->6206K(55872K), 0.0025250 secs] 132753K->85098K(182144K), 0.0025710 secs] [Times: user=0.01 sys=0.00, real=0.00 secs] 
102.728: Total time for which application threads were stopped: 0.0049810 seconds, Stopping threads took: 0.0023200 seconds
102.774: Application time: 0.0463260 seconds
102.776: [GC102.776: [ParNew: 55870K->6207K(55872K), 0.0023550 secs] 134762K->86250K(182144K), 0.0024010 secs] [Times: user=0.02 sys=0.00, real=0.00 secs] 
102.778: Total time for which application threads were stopped: 0.0043550 seconds, Stopping threads took: 0.0018880 seconds
102.824: Application time: 0.0456080 seconds
102.826: [GC102.826: [ParNew: 55871K->6206K(55872K), 0.0023090 secs] 135914K->87310K(182144K), 0.0023530 secs] [Times: user=0.01 sys=0.00, real=0.00 secs] 
102.828: Total time for which application threads were stopped: 0.0042660 seconds, Stopping threads took: 0.0018280 seconds
102.873: Application time: 0.0449000 seconds
102.875: [GC102.875: [ParNew: 55870K->6207K(55872K), 0.0022920 secs] 136974K->88311K(182144K), 0.0023370 secs] [Times: user=0.02 sys=0.00, real=0.00 secs] 
102.877: Total time for which application threads were stopped: 0.0043240 seconds, Stopping threads took: 0.0019190 seconds
102.922: Application time: 0.0443150 seconds
102.924: [GC102.924: [ParNew: 55871K->6206K(55872K), 0.0024160 secs] 137975K->89236K(182144K), 0.0024600 secs] [Times: user=0.02 sys=0.00, real=0.00 secs] 
102.926: Total time for which application threads were stopped: 0.0044640 seconds, Stopping threads took: 0.0019390 seconds
102.971: Application time: 0.0443790 seconds
102.973: [GC102.973: [ParNew: 55870K->6207K(55872K), 0.0021850 secs] 138900K->89547K(182144K), 0.0022270 secs] [Times: user=0.01 sys=0.00, real=0.01 secs] 
102.975: Total time for which application threads were stopped: 0.0044800 seconds, Stopping threads took: 0.0021670 seconds
103.018: Application time: 0.0427560 seconds
103.020: [GC103.020: [ParNew: 55871K->6206K(55872K), 0.0026330 secs] 139211K->91262K(182144K), 0.0026770 secs] [Times: user=0.02 sys=0.00, real=0.01 secs] 
103.023: Total time for which application threads were stopped: 0.0050210 seconds, Stopping threads took: 0.0022590 seconds
103.069: Application time: 0.0457350 seconds
103.070: [GC103.070: [ParNew: 55870K->6206K(55872K), 0.0021720 secs] 140926K->91428K(182144K), 0.0022150 secs] [Times: user=0.01 sys=0.00, real=0.00 secs] 
103.072: Total time for which application threads were stopped: 0.0038480 seconds, Stopping threads took: 0.0015720 seconds
103.120: Application time: 0.0479430 seconds
103.122: [GC103.122: [ParNew: 55870K->5755K(55872K), 0.0020410 secs] 141092K->91006K(182144K), 0.0020830 secs] [Times: user=0.01 sys=0.00, real=0.00 secs] 
103.124: Total time for which application threads were stopped: 0.0036470 seconds, Stopping threads took: 0.0014770 seconds
103.170: Application time: 0.0458960 seconds
103.173: [GC103.173: [ParNew: 55419K->5499K(55872K), 0.0016570 secs] 140670K->90750K(182144K), 0.0017010 secs] [Times: user=0.01 sys=0.00, real=0.01 secs] 
103.175: Total time for which application threads were stopped: 0.0047930 seconds, Stopping threads took: 0.0030220 seconds
103.219: Application time: 0.0439790 seconds
103.221: [GC103.221: [ParNew: 55163K->6207K(55872K), 0.0020790 secs] 140414K->91813K(182144K), 0.0021250 secs] [Times: user=0.02 sys=0.00, real=0.01 secs] 
103.223: Total time for which application threads were stopped: 0.0040730 seconds, Stopping threads took: 0.0018790 seconds
103.268: Application time: 0.0449730 seconds
103.270: [GC103.270: [ParNew: 55871K->6207K(55872K), 0.0024150 secs] 141477K->93123K(182144K), 0.0024680 secs] [Times: user=0.02 sys=0.00, real=0.00 secs] 
103.272: Total time for which application threads were stopped: 0.0046560 seconds, Stopping threads took: 0.0021030 seconds
103.317: Application time: 0.0448810 seconds
103.320: [GC103.320: [ParNew: 55870K->6206K(55872K), 0.0021450 secs] 142786K->93841K(182144K), 0.0021880 secs] [Times: user=0.02 sys=0.00, real=0.01 secs] 
103.322: Total time for which application threads were stopped: 0.0045220 seconds, Stopping threads took: 0.0022750 seconds
103.367: Application time: 0.0450760 seconds
103.370: [GC103.370: [ParNew: 55870K->4576K(55872K), 0.0015050 secs] 143505K->92239K(182144K), 0.0015450 secs] [Times: user=0.01 sys=0.00, real=0.00 secs] 
103.372: Total time for which application threads were stopped: 0.0046040 seconds, Stopping threads took: 0.0029920 seconds
103.419: Application time: 0.0470270 seconds
103.421: [GC103.421: [ParNew: 54240K->6024K(55872K), 0.0018280 secs] 141903K->93687K(182144K), 0.0018760 secs] [Times: user=0.02 sys=0.00, real=0.01 secs] 
103.422: Total time for which application threads were stopped: 0.0038600 seconds, Stopping threads took: 0.0019160 seconds
103.467: Application time: 0.0444740 seconds
103.469: [GC103.469: [ParNew: 55688K->6207K(55872K), 0.0023010 secs] 143351K->94860K(182144K), 0.0023450 secs] [Times: user=0.01 sys=0.00, real=0.00 secs] 
103.471: Total time for which application threads were stopped: 0.0039550 seconds, Stopping threads took: 0.0015500 seconds
103.518: Application time: 0.0471440 seconds
103.520: [GC103.520: [ParNew: 55871K->4529K(55872K), 0.0015830 secs] 144524K->93238K(182144K), 0.0016220 secs] [Times: user=0.01 sys=0.00, real=0.00 secs] 
103.521: Total time for which application threads were stopped: 0.0031420 seconds, Stopping threads took: 0.0014570 seconds
103.565: Application time: 0.0437010 seconds
103.566: [GC103.566: [ParNew: 54193K->5457K(55872K), 0.0016490 secs] 142902K->94166K(182144K), 0.0016940 secs] [Times: user=0.02 sys=0.00, real=0.00 secs] 
103.568: Total time for which application threads were stopped: 0.0030970 seconds, Stopping threads took: 0.0013370 seconds
103.614: Application time: 0.0462100 seconds
103.616: [GC103.616: [ParNew: 55121K->6207K(55872K), 0.0021730 secs] 143830K->95108K(182144K), 0.0022170 secs] [Times: user=0.02 sys=0.00, real=0.00 secs] 
103.618: Total time for which application threads were stopped: 0.0038310 seconds, Stopping threads took: 0.0015290 seconds
103.664: Application time: 0.0455010 seconds
103.665: [GC103.665: [ParNew: 55871K->5861K(55872K), 0.0017600 secs] 144772K->94791K(182144K), 0.0018010 secs] [Times: user=0.02 sys=0.00, real=0.00 secs] 
103.667: Total time for which application threads were stopped: 0.0035280 seconds, Stopping threads took: 0.0016620 seconds
103.711: Application time: 0.0435090 seconds
103.713: [GC103.713: [ParNew: 55525K->6207K(55872K), 0.0022500 secs] 144455K->95732K(182144K), 0.0022940 secs] [Times: user=0.02 sys=0.00, real=0.01 secs] 
103.715: Total time for which application threads were stopped: 0.0044710 seconds, Stopping threads took: 0.0020800 seconds
103.762: Application time: 0.0472790 seconds
103.763: [GC103.763: [ParNew: 55871K->5796K(55872K), 0.0020020 secs] 145396K->95377K(182144K), 0.0020420 secs] [Times: user=0.02 sys=0.00, real=0.00 secs] 
103.765: Total time for which application threads were stopped: 0.0028380 seconds, Stopping threads took: 0.0007090 seconds
103.813: Application time: 0.0476970 seconds
103.816: [GC103.816: [ParNew: 55460K->5504K(55872K), 0.0019340 secs] 145041K->95086K(182144K), 0.0019790 secs] [Times: user=0.01 sys=0.00, real=0.00 secs] 
103.818: Total time for which application threads were stopped: 0.0047720 seconds, Stopping threads took: 0.0027280 seconds
103.863: Application time: 0.0458490 seconds
103.866: [GC103.866: [ParNew: 55168K->6207K(55872K), 0.0023110 secs] 144750K->96649K(182144K), 0.0023510 secs] [Times: user=0.02 sys=0.00, real=0.00 secs] 
103.869: Total time for which application threads were stopped: 0.0051610 seconds, Stopping threads took: 0.0027230 seconds
103.916: Application time: 0.0477520 seconds
103.919: [GC103.919: [ParNew: 55871K->5726K(55872K), 0.0018110 secs] 146313K->96196K(182144K), 0.0018530 secs] [Times: user=0.01 sys=0.00, real=0.00 secs] 
103.921: Total time for which application threads were stopped: 0.0045230 seconds, Stopping threads took: 0.0025880 seconds
103.969: Application time: 0.0476120 seconds
103.970: [GC103.970: [ParNew: 55390K->6206K(55872K), 0.0021500 secs] 145860K->97175K(182144K), 0.0021940 secs] [Times: user=0.02 sys=0.00, real=0.00 secs] 
103.973: Total time for which application threads were stopped: 0.0040600 seconds, Stopping threads took: 0.0017910 seconds
104.020: Application time: 0.0477510 seconds
104.022: [GC104.022: [ParNew: 55869K->6206K(55872K), 0.0023030 secs] 146838K->98212K(182144K), 0.0023460 secs] [Times: user=0.02 sys=0.00, real=0.00 secs] 
104.025: Total time for which application threads were stopped: 0.0043470 seconds, Stopping threads took: 0.0019130 seconds
104.074: Application time: 0.0492240 seconds
104.077: [GC104.077: [ParNew: 55870K->6207K(55872K), 0.0023170 secs] 147876K->98833K(182144K), 0.0023600 secs] [Times: user=0.01 sys=0.00, real=0.00 secs] 
104.079: Total time for which application threads were stopped: 0.0050330 seconds, Stopping threads took: 0.0025870 seconds
104.127: Application time: 0.0479580 seconds
104.129: [GC104.129: [ParNew: 55871K->6206K(55872K), 0.0019280 secs] 148497K->98857K(182144K), 0.0019700 secs] [Times: user=0.02 sys=0.00, real=0.00 secs] 
104.131: Total time for which application threads were stopped: 0.0039620 seconds, Stopping threads took: 0.0019050 seconds
104.178: Application time: 0.0473340 seconds
104.182: [GC104.182: [ParNew: 55870K->6206K(55872K), 0.0024170 secs] 148521K->99761K(182144K), 0.0024590 secs] [Times: user=0.02 sys=0.00, real=0.00 secs] 
104.185: Total time for which application threads were stopped: 0.0066920 seconds, Stopping threads took: 0.0041660 seconds
104.231: Application time: 0.0463640 seconds
104.233: [GC104.233: [ParNew: 55870K->6207K(55872K), 0.0021600 secs] 149425K->100411K(182144K), 0.0022030 secs] [Times: user=0.02 sys=0.01, real=0.01 secs] 
104.236: Total time for which application threads were stopped: 0.0042420 seconds, Stopping threads took: 0.0019620 seconds
104.283: Application time: 0.0472160 seconds
104.285: [GC104.285: [ParNew: 55871K->6206K(55872K), 0.0023350 secs] 150075K->101939K(182144K), 0.0023780 secs] [Times: user=0.02 sys=0.00, real=0.00 secs] 
104.287: Total time for which application threads were stopped: 0.0044630 seconds, Stopping threads took: 0.0020190 seconds
104.337: Application time: 0.0496760 seconds
104.340: [GC104.340: [ParNew: 55870K->6207K(55872K), 0.0022550 secs] 151603K->102502K(182144K), 0.0023010 secs] [Times: user=0.02 sys=0.00, real=0.01 secs] 
104.342: Total time for which application threads were stopped: 0.0054700 seconds, Stopping threads took: 0.0031000 seconds
104.392: Application time: 0.0498810 seconds
104.395: [GC104.395: [ParNew: 55871K->6206K(55872K), 0.0025320 secs] 152166K->104043K(182144K), 0.0025810 secs] [Times: user=0.01 sys=0.00, real=0.00 secs] 
104.397: Total time for which application threads were stopped: 0.0048770 seconds, Stopping threads took: 0.0022170 seconds
104.447: Application time: 0.0502680 seconds
104.450: [GC104.450: [ParNew: 55870K->6207K(55872K), 0.0022950 secs] 153707K->104522K(182144K), 0.0023410 secs] [Times: user=0.02 sys=0.00, real=0.00 secs] 
104.452: Total time for which application threads were stopped: 0.0049180 seconds, Stopping threads took: 0.0025090 seconds
104.500: Application time: 0.0475050 seconds
104.502: [GC104.502: [ParNew: 55871K->6206K(55872K), 0.0020810 secs] 154186K->104695K(182144K), 0.0021280 secs] [Times: user=0.02 sys=0.00, real=0.00 secs] 
104.504: Total time for which application threads were stopped: 0.0045600 seconds, Stopping threads took: 0.0023410 seconds
104.553: Application time: 0.0484640 seconds
104.554: [GC104.554: [ParNew: 55870K->4954K(55872K), 0.0016610 secs] 154359K->103500K(182144K), 0.0017040 secs] [Times: user=0.01 sys=0.00, real=0.00 secs] 
104.556: Total time for which application threads were stopped: 0.0028290 seconds, Stopping threads took: 0.0010420 seconds
104.602: Application time: 0.0466540 seconds
104.604: [GC104.604: [ParNew: 54618K->6206K(55872K), 0.0019780 secs] 153164K->104877K(182144K), 0.0020280 secs] [Times: user=0.02 sys=0.00, real=0.00 secs] 
104.606: Total time for which application threads were stopped: 0.0039110 seconds, Stopping threads took: 0.0017940 seconds
104.652: Application time: 0.0455540 seconds
104.655: [GC104.655: [ParNew: 55870K->6207K(55872K), 0.0024470 secs] 154541K->106505K(182144K), 0.0024920 secs] [Times: user=0.02 sys=0.00, real=0.00 secs] 
104.657: Total time for which application threads were stopped: 0.0056650 seconds, Stopping threads took: 0.0030840 seconds
104.705: Application time: 0.0470390 seconds
104.706: [GC104.707: [ParNew: 55871K->6206K(55872K), 0.0021310 secs] 156169K->106941K(182144K), 0.0021770 secs] [Times: user=0.01 sys=0.00, real=0.00 secs] 
104.709: Total time for which application threads were stopped: 0.0041650 seconds, Stopping threads took: 0.0019220 seconds
104.760: Application time: 0.0508820 seconds
104.761: [GC104.761: [ParNew: 55870K->4684K(55872K), 0.0015920 secs] 156605K->105475K(182144K), 0.0016310 secs] [Times: user=0.01 sys=0.00, real=0.01 secs] 
104.762: Total time for which application threads were stopped: 0.0028130 seconds, Stopping threads took: 0.0011010 seconds
104.810: Application time: 0.0471340 seconds
104.812: [GC104.812: [ParNew: 54348K->6206K(55872K), 0.0022810 secs] 155139K->107774K(182144K), 0.0023250 secs] [Times: user=0.01 sys=0.00, real=0.01 secs] 
104.814: Total time for which application threads were stopped: 0.0045070 seconds, Stopping threads took: 0.0020930 seconds
104.861: Application time: 0.0472640 seconds
104.863: [GC104.863: [ParNew: 55870K->6207K(55872K), 0.0020940 secs] 157438K->108062K(182144K), 0.0021370 secs] [Times: user=0.01 sys=0.00, real=0.00 secs] 
104.865: Total time for which application threads were stopped: 0.0036820 seconds, Stopping threads took: 0.0014550 seconds
104.912: Application time: 0.0473770 seconds
104.915: [GC104.915: [ParNew: 55871K->6207K(55872K), 0.0023560 secs] 157726K->109328K(182144K), 0.0023980 secs] [Times: user=0.02 sys=0.00, real=0.00 secs] 
104.917: Total time for which application threads were stopped: 0.0050410 seconds, Stopping threads took: 0.0025400 seconds
104.963: Application time: 0.0451890 seconds
104.966: [GC104.966: [ParNew: 55871K->6207K(55872K), 0.0023400 secs] 158992K->110450K(182144K), 0.0023800 secs] [Times: user=0.02 sys=0.00, real=0.00 secs] 
104.968: Total time for which application threads were stopped: 0.0055030 seconds, Stopping threads took: 0.0030570 seconds
105.017: Application time: 0.0486560 seconds
105.020: [GC105.020: [ParNew: 55871K->6206K(55872K), 0.0019930 secs] 160114K->110638K(182144K), 0.0020410 secs] [Times: user=0.01 sys=0.00, real=0.01 secs] 
105.022: Total time for which application threads were stopped: 0.0055620 seconds, Stopping threads took: 0.0034330 seconds
105.071: Application time: 0.0482020 seconds
105.072: [GC105.072: [ParNew: 55870K->5920K(55872K), 0.0021130 secs] 160302K->110409K(182144K), 0.0021560 secs] [Times: user=0.01 sys=0.00, real=0.01 secs] 
105.074: Total time for which application threads were stopped: 0.0037580 seconds, Stopping threads took: 0.0015340 seconds
105.122: Application time: 0.0473370 seconds
105.123: [GC105.123: [ParNew: 55584K->6180K(55872K), 0.0019240 secs] 160073K->110697K(182144K), 0.0019670 secs] [Times: user=0.01 sys=0.00, real=0.00 secs] 
105.125: Total time for which application threads were stopped: 0.0035120 seconds, Stopping threads took: 0.0014830 seconds
 CMS: abort preclean due to time 105.127: [CMS-concurrent-abortable-preclean: 0.267/5.013 secs] [Times: user=38.26 sys=0.16, real=5.01 secs] 
105.127: Application time: 0.0018080 seconds
105.130: [GC[YG occupancy: 9114 K (55872 K)]105.130: [Rescan (parallel) , 0.0004150 secs]105.130: [weak refs processing, 0.0000080 secs]105.130: [scrub string table, 0.0001130 secs] [1 CMS-remark: 104517K(126272K)] 113631K(182144K), 0.0005920 secs] [Times: user=0.00 sys=0.00, real=0.00 secs] 
105.130: Total time for which application threads were stopped: 0.0035220 seconds, Stopping threads took: 0.0028880 seconds
105.131: [CMS-concurrent-sweep-start]
105.137: [CMS-concurrent-sweep: 0.007/0.007 secs] [Times: user=0.06 sys=0.00, real=0.01 secs] 
105.138: [CMS-concurrent-reset-start]
105.138: [CMS-concurrent-reset: 0.000/0.000 secs] [Times: user=0.00 sys=0.00, real=0.00 secs] 
105.177: Application time: 0.0464870 seconds
105.179: [GC105.179: [ParNew: 55844K->6206K(55872K), 0.0022090 secs] 111868K->63217K(182144K), 0.0022540 secs] [Times: user=0.01 sys=0.00, real=0.00 secs] 
105.181: Total time for which application threads were stopped: 0.0042190 seconds, Stopping threads took: 0.0018790 seconds
105.230: Application time: 0.0483820 seconds
105.232: [GC105.232: [ParNew: 55870K->6206K(55872K), 0.0023220 secs] 112881K->64483K(182144K), 0.0023660 secs] [Times: user=0.02 sys=0.00, real=0.01 secs] 
105.234: Total time for which application threads were stopped: 0.0048750 seconds, Stopping threads took: 0.0024440 seconds
105.237: Application time: 0.0029990 seconds
105.240: [GC [1 CMS-initial-mark: 58276K(126272K)] 70906K(182144K), 0.0004020 secs] [Times: user=0.00 sys=0.00, real=0.00 secs] 
105.240: Total time for which application threads were stopped: 0.0027910 seconds, Stopping threads took: 0.0023520 seconds
105.240: [CMS-concurrent-mark-start]
105.246: [CMS-concurrent-mark: 0.005/0.005 secs] [Times: user=0.04 sys=0.00, real=0.01 secs] 
105.246: [CMS-concurrent-preclean-start]
105.246: [CMS-concurrent-preclean: 0.000/0.000 secs] [Times: user=0.00 sys=0.00, real=0.00 secs] 
105.246: [CMS-concurrent-abortable-preclean-start]
105.282: Application time: 0.0422420 seconds
105.285: [GC105.285: [ParNew: 55870K->6040K(55872K), 0.0019590 secs] 114147K->64370K(182144K), 0.0020070 secs] [Times: user=0.01 sys=0.00, real=0.00 secs] 
105.287: Total time for which application threads were stopped: 0.0049030 seconds, Stopping threads took: 0.0028250 seconds
105.333: Application time: 0.0460470 seconds
105.335: [GC105.335: [ParNew: 55704K->6207K(55872K), 0.0021440 secs] 114034K->65338K(182144K), 0.0021870 secs] [Times: user=0.01 sys=0.00, real=0.00 secs] 
105.337: Total time for which application threads were stopped: 0.0036570 seconds, Stopping threads took: 0.0013820 seconds
105.384: Application time: 0.0472520 seconds
105.387: [GC105.387: [ParNew: 55871K->6207K(55872K), 0.0021330 secs] 115002K->66027K(182144K), 0.0021810 secs] [Times: user=0.01 sys=0.00, real=0.00 secs] 
105.389: Total time for which application threads were stopped: 0.0047940 seconds, Stopping threads took: 0.0025440 seconds
105.437: Application time: 0.0481830 seconds
105.440: [GC105.440: [ParNew: 55871K->6206K(55872K), 0.0020320 secs] 115691K->66115K(182144K), 0.0020770 secs] [Times: user=0.02 sys=0.00, real=0.01 secs] 
105.442: Total time for which application threads were stopped: 0.0044910 seconds, Stopping threads took: 0.0023460 seconds
105.490: Application time: 0.0481570 seconds
105.492: [GC105.492: [ParNew: 55870K->5869K(55872K), 0.0017270 secs] 115779K->65777K(182144K), 0.0017670 secs] [Times: user=0.02 sys=0.00, real=0.00 secs] 
105.493: Total time for which application threads were stopped: 0.0033590 seconds, Stopping threads took: 0.0015270 seconds
105.540: Application time: 0.0463830 seconds
105.541: [GC105.541: [ParNew: 55533K->6206K(55872K), 0.0021970 secs] 115441K->66697K(182144K), 0.0022410 secs] [Times: user=0.02 sys=0.00, real=0.01 secs] 
105.543: Total time for which application threads were stopped: 0.0032540 seconds, Stopping threads took: 0.0009240 seconds
105.595: Application time: 0.0518010 seconds
105.597: [GC105.597: [ParNew: 55870K->6206K(55872K), 0.0021180 secs] 116361K->67212K(182144K), 0.0021610 secs] [Times: user=0.01 sys=0.00, real=0.00 secs] 
105.599: Total time for which application threads were stopped: 0.0040230 seconds, Stopping threads took: 0.0017940 seconds
105.647: Application time: 0.0485710 seconds
105.649: [GC105.649: [ParNew: 55870K->4655K(55872K), 0.0016910 secs] 116876K->65717K(182144K), 0.0017360 secs] [Times: user=0.01 sys=0.00, real=0.00 secs] 
105.651: Total time for which application threads were stopped: 0.0035320 seconds, Stopping threads took: 0.0017350 seconds
105.704: Application time: 0.0532430 seconds
105.705: [GC105.705: [ParNew: 54319K->4465K(55872K), 0.0013390 secs] 115381K->65556K(182144K), 0.0013790 secs] [Times: user=0.01 sys=0.00, real=0.00 secs] 
105.707: Total time for which application threads were stopped: 0.0026790 seconds, Stopping threads took: 0.0012330 seconds
105.754: Application time: 0.0470730 seconds
105.756: [GC105.756: [ParNew: 54129K->5917K(55872K), 0.0019080 secs] 115220K->67009K(182144K), 0.0019560 secs] [Times: user=0.01 sys=0.00, real=0.00 secs] 
105.758: Total time for which application threads were stopped: 0.0036380 seconds, Stopping threads took: 0.0016160 seconds
105.807: Application time: 0.0491410 seconds
105.809: [GC105.809: [ParNew: 55581K->6207K(55872K), 0.0023340 secs] 116673K->68366K(182144K), 0.0023800 secs] [Times: user=0.02 sys=0.00, real=0.00 secs] 
105.811: Total time for which application threads were stopped: 0.0045700 seconds, Stopping threads took: 0.0021180 seconds
105.862: Application time: 0.0507940 seconds
105.862: [GC105.862: [ParNew: 55871K->3415K(55872K), 0.0012150 secs] 118030K->65603K(182144K), 0.0012550 secs] [Times: user=0.01 sys=0.00, real=0.00 secs] 
105.864: Total time for which application threads were stopped: 0.0016340 seconds, Stopping threads took: 0.0003170 seconds
105.916: Application time: 0.0527170 seconds
105.918: [GC105.918: [ParNew: 53079K->5067K(55872K), 0.0017960 secs] 115267K->67255K(182144K), 0.0018330 secs] [Times: user=0.01 sys=0.00, real=0.00 secs] 
105.920: Total time for which application threads were stopped: 0.0032160 seconds, Stopping threads took: 0.0012980 seconds
105.973: Application time: 0.0532690 seconds
105.976: [GC105.976: [ParNew: 54731K->4753K(55872K), 0.0015770 secs] 116919K->66998K(182144K), 0.0016170 secs] [Times: user=0.01 sys=0.00, real=0.00 secs] 
105.977: Total time for which application threads were stopped: 0.0044810 seconds, Stopping threads took: 0.0028010 seconds
106.026: Application time: 0.0484420 seconds
106.029: [GC106.029: [ParNew: 54417K->6206K(55872K), 0.0019370 secs] 116662K->68571K(182144K), 0.0019790 secs] [Times: user=0.01 sys=0.00, real=0.00 secs] 
106.031: Total time for which application threads were stopped: 0.0053490 seconds, Stopping threads took: 0.0033050 seconds
106.079: Application time: 0.0474700 seconds
106.080: [GC106.080: [ParNew: 55870K->5921K(55872K), 0.0018310 secs] 118235K->68286K(182144K), 0.0018720 secs] [Times: user=0.01 sys=0.00, real=0.01 secs] 
106.082: Total time for which application threads were stopped: 0.0034040 seconds, Stopping threads took: 0.0014680 seconds
106.131: Application time: 0.0487340 seconds
106.133: [GC106.133: [ParNew: 55585K->5929K(55872K), 0.0018420 secs] 117950K->68294K(182144K), 0.0018860 secs] [Times: user=0.01 sys=0.00, real=0.01 secs] 
106.135: Total time for which application threads were stopped: 0.0043970 seconds, Stopping threads took: 0.0024450 seconds
106.184: Application time: 0.0488260 seconds
106.185: [GC106.185: [ParNew: 55593K->6207K(55872K), 0.0020300 secs] 117958K->68792K(182144K), 0.0020740 secs] [Times: user=0.01 sys=0.00, real=0.00 secs] 
106.187: Total time for which application threads were stopped: 0.0033020 seconds, Stopping threads took: 0.0011610 seconds
106.235: Application time: 0.0478380 seconds
106.237: [GC106.237: [ParNew: 55871K->5771K(55872K), 0.0018810 secs] 118456K->68384K(182144K), 0.0019270 secs] [Times: user=0.01 sys=0.00, real=0.00 secs] 
106.239: Total time for which application threads were stopped: 0.0041130 seconds, Stopping threads took: 0.0021210 seconds
106.287: Application time: 0.0480600 seconds
106.288: [GC106.288: [ParNew: 55435K->4964K(55872K), 0.0016690 secs] 118048K->67577K(182144K), 0.0017210 secs] [Times: user=0.01 sys=0.00, real=0.00 secs] 
106.290: Total time for which application threads were stopped: 0.0027070 seconds, Stopping threads took: 0.0009210 seconds
106.338: Application time: 0.0479840 seconds
106.340: [GC106.340: [ParNew: 54628K->4624K(55872K), 0.0014230 secs] 117241K->67237K(182144K), 0.0014620 secs] [Times: user=0.01 sys=0.00, real=0.00 secs] 
106.341: Total time for which application threads were stopped: 0.0032730 seconds, Stopping threads took: 0.0017390 seconds
106.391: Application time: 0.0494450 seconds
106.394: [GC106.394: [ParNew: 54288K->6023K(55872K), 0.0019300 secs] 116901K->68693K(182144K), 0.0019760 secs] [Times: user=0.01 sys=0.00, real=0.00 secs] 
106.396: Total time for which application threads were stopped: 0.0050400 seconds, Stopping threads took: 0.0029940 seconds
106.442: Application time: 0.0466790 seconds
106.445: [GC106.445: [ParNew: 55687K->6206K(55872K), 0.0025060 secs] 118357K->70597K(182144K), 0.0025510 secs] [Times: user=0.02 sys=0.00, real=0.00 secs] 
106.448: Total time for which application threads were stopped: 0.0051330 seconds, Stopping threads took: 0.0025140 seconds
106.497: Application time: 0.0496300 seconds
106.501: [GC106.501: [ParNew: 55870K->6206K(55872K), 0.0021820 secs] 120261K->71294K(182144K), 0.0022280 secs] [Times: user=0.02 sys=0.00, real=0.01 secs] 
106.503: Total time for which application threads were stopped: 0.0055140 seconds, Stopping threads took: 0.0031960 seconds
106.552: Application time: 0.0493420 seconds
106.554: [GC106.554: [ParNew: 55870K->5661K(55872K), 0.0018410 secs] 120958K->70749K(182144K), 0.0018850 secs] [Times: user=0.02 sys=0.00, real=0.00 secs] 
106.556: Total time for which application threads were stopped: 0.0034250 seconds, Stopping threads took: 0.0014700 seconds
106.601: Application time: 0.0453170 seconds
106.604: [GC106.604: [ParNew: 55325K->6207K(55872K), 0.0024300 secs] 120413K->72927K(182144K), 0.0024740 secs] [Times: user=0.02 sys=0.00, real=0.00 secs] 
106.606: Total time for which application threads were stopped: 0.0051750 seconds, Stopping threads took: 0.0026260 seconds
106.653: Application time: 0.0472500 seconds
106.656: [GC106.656: [ParNew: 55871K->6207K(55872K), 0.0022810 secs] 122591K->74063K(182144K), 0.0023240 secs] [Times: user=0.02 sys=0.00, real=0.00 secs] 
106.658: Total time for which application threads were stopped: 0.0051100 seconds, Stopping threads took: 0.0027200 seconds
106.706: Application time: 0.0473640 seconds
106.708: [GC106.708: [ParNew: 55871K->5588K(55872K), 0.0018300 secs] 123727K->73473K(182144K), 0.0018730 secs] [Times: user=0.01 sys=0.00, real=0.00 secs] 
106.710: Total time for which application threads were stopped: 0.0042090 seconds, Stopping threads took: 0.0022700 seconds
106.757: Application time: 0.0473820 seconds
106.759: [GC106.759: [ParNew: 55252K->6207K(55872K), 0.0026490 secs] 123137K->75335K(182144K), 0.0026940 secs] [Times: user=0.02 sys=0.00, real=0.00 secs] 
106.761: Total time for which application threads were stopped: 0.0038640 seconds, Stopping threads took: 0.0011050 seconds
106.809: Application time: 0.0482390 seconds
106.813: [GC106.813: [ParNew: 55871K->6206K(55872K), 0.0020920 secs] 124999K->75452K(182144K), 0.0021380 secs] [Times: user=0.02 sys=0.00, real=0.01 secs] 
106.815: Total time for which application threads were stopped: 0.0054840 seconds, Stopping threads took: 0.0032570 seconds
106.868: Application time: 0.0531140 seconds
106.870: [GC106.870: [ParNew: 55870K->6206K(55872K), 0.0020800 secs] 125116K->75574K(182144K), 0.0021240 secs] [Times: user=0.02 sys=0.00, real=0.00 secs] 
106.872: Total time for which application threads were stopped: 0.0042690 seconds, Stopping threads took: 0.0020470 seconds
106.920: Application time: 0.0475230 seconds
106.922: [GC106.922: [ParNew: 55870K->6206K(55872K), 0.0021510 secs] 125238K->75649K(182144K), 0.0021920 secs] [Times: user=0.02 sys=0.00, real=0.00 secs] 
106.924: Total time for which application threads were stopped: 0.0040410 seconds, Stopping threads took: 0.0017630 seconds
106.971: Application time: 0.0473390 seconds
106.974: [GC106.974: [ParNew: 55870K->6206K(55872K), 0.0020680 secs] 125313K->76084K(182144K), 0.0021190 secs] [Times: user=0.02 sys=0.00, real=0.00 secs] 
106.976: Total time for which application threads were stopped: 0.0048050 seconds, Stopping threads took: 0.0026010 seconds
107.024: Application time: 0.0474470 seconds
107.025: [GC107.025: [ParNew: 55870K->6206K(55872K), 0.0021900 secs] 125748K->76115K(182144K), 0.0022320 secs] [Times: user=0.01 sys=0.00, real=0.00 secs] 
107.027: Total time for which application threads were stopped: 0.0037140 seconds, Stopping threads took: 0.0014070 seconds
107.074: Application time: 0.0469760 seconds
107.076: [GC107.076: [ParNew: 55870K->6206K(55872K), 0.0022900 secs] 125779K->76637K(182144K), 0.0023340 secs] [Times: user=0.01 sys=0.00, real=0.00 secs] 
107.079: Total time for which application threads were stopped: 0.0042810 seconds, Stopping threads took: 0.0018600 seconds
107.126: Application time: 0.0470930 seconds
107.128: [GC107.128: [ParNew: 55870K->6144K(55872K), 0.0018560 secs] 126301K->76575K(182144K), 0.0019020 secs] [Times: user=0.02 sys=0.00, real=0.00 secs] 
107.130: Total time for which application threads were stopped: 0.0046270 seconds, Stopping threads took: 0.0026620 seconds
107.178: Application time: 0.0473040 seconds
107.179: [GC107.179: [ParNew: 55808K->6050K(55872K), 0.0018500 secs] 126239K->76481K(182144K), 0.0018940 secs] [Times: user=0.01 sys=0.00, real=0.00 secs] 
107.181: Total time for which application threads were stopped: 0.0038480 seconds, Stopping threads took: 0.0018840 seconds
107.229: Application time: 0.0477380 seconds
107.231: [GC107.231: [ParNew: 55714K->6206K(55872K), 0.0021610 secs] 126145K->77420K(182144K), 0.0022020 secs] [Times: user=0.02 sys=0.00, real=0.00 secs] 
107.233: Total time for which application threads were stopped: 0.0041640 seconds, Stopping threads took: 0.0018750 seconds
107.283: Application time: 0.0493060 seconds
107.285: [GC107.285: [ParNew: 55870K->4816K(55872K), 0.0016360 secs] 127084K->76116K(182144K), 0.0016790 secs] [Times: user=0.01 sys=0.00, real=0.00 secs] 
107.287: Total time for which application threads were stopped: 0.0039780 seconds, Stopping threads took: 0.0022100 seconds
107.335: Application time: 0.0489030 seconds
107.338: [GC107.338: [ParNew: 54480K->5388K(55872K), 0.0019320 secs] 125780K->76717K(182144K), 0.0019720 secs] [Times: user=0.01 sys=0.00, real=0.00 secs] 
107.340: Total time for which application threads were stopped: 0.0042130 seconds, Stopping threads took: 0.0021550 seconds
107.388: Application time: 0.0482150 seconds
107.390: [GC107.390: [ParNew: 55052K->5464K(55872K), 0.0017080 secs] 126381K->76792K(182144K), 0.0017480 secs] [Times: user=0.01 sys=0.01, real=0.00 secs] 
107.392: Total time for which application threads were stopped: 0.0042320 seconds, Stopping threads took: 0.0024110 seconds
107.443: Application time: 0.0504940 seconds
107.445: [GC107.445: [ParNew: 55128K->6206K(55872K), 0.0022400 secs] 126456K->77678K(182144K), 0.0022830 secs] [Times: user=0.02 sys=0.00, real=0.00 secs] 
107.447: Total time for which application threads were stopped: 0.0044800 seconds, Stopping threads took: 0.0021100 seconds
107.495: Application time: 0.0481650 seconds
107.497: [GC107.497: [ParNew: 55870K->5388K(55872K), 0.0020020 secs] 127342K->76917K(182144K), 0.0020430 secs] [Times: user=0.02 sys=0.00, real=0.00 secs] 
107.499: Total time for which application threads were stopped: 0.0035200 seconds, Stopping threads took: 0.0014030 seconds
107.544: Application time: 0.0455160 seconds
107.547: [GC107.547: [ParNew: 55052K->6206K(55872K), 0.0021530 secs] 126581K->78395K(182144K), 0.0021960 secs] [Times: user=0.02 sys=0.00, real=0.00 secs] 
107.549: Total time for which application threads were stopped: 0.0048730 seconds, Stopping threads took: 0.0026100 seconds
107.599: Application time: 0.0501110 seconds
107.601: [GC107.601: [ParNew: 55870K->3804K(55872K), 0.0016300 secs] 128059K->76021K(182144K), 0.0016670 secs] [Times: user=0.01 sys=0.00, real=0.01 secs] 
107.602: Total time for which application threads were stopped: 0.0031070 seconds, Stopping threads took: 0.0013460 seconds
107.650: Application time: 0.0478770 seconds
107.653: [GC107.653: [ParNew: 53468K->5735K(55872K), 0.0020260 secs] 125685K->77980K(182144K), 0.0020690 secs] [Times: user=0.02 sys=0.00, real=0.01 secs] 
107.655: Total time for which application threads were stopped: 0.0047320 seconds, Stopping threads took: 0.0025850 seconds
107.701: Application time: 0.0457040 seconds
107.703: [GC107.703: [ParNew: 55399K->6207K(55872K), 0.0024860 secs] 127644K->80002K(182144K), 0.0025300 secs] [Times: user=0.02 sys=0.00, real=0.00 secs] 
107.706: Total time for which application threads were stopped: 0.0048470 seconds, Stopping threads took: 0.0022520 seconds
107.753: Application time: 0.0473670 seconds
107.755: [GC107.756: [ParNew: 55871K->5618K(55872K), 0.0017210 secs] 129666K->79413K(182144K), 0.0017600 secs] [Times: user=0.01 sys=0.00, real=0.00 secs] 
107.757: Total time for which application threads were stopped: 0.0042980 seconds, Stopping threads took: 0.0024550 seconds
107.803: Application time: 0.0457580 seconds
107.805: [GC107.805: [ParNew: 55282K->6207K(55872K), 0.0023140 secs] 129077K->80885K(182144K), 0.0023590 secs] [Times: user=0.01 sys=0.00, real=0.00 secs] 
107.807: Total time for which application threads were stopped: 0.0044230 seconds, Stopping threads took: 0.0019990 seconds
107.854: Application time: 0.0462050 seconds
107.856: [GC107.856: [ParNew: 55871K->6206K(55872K), 0.0023730 secs] 130549K->82108K(182144K), 0.0024170 secs] [Times: user=0.02 sys=0.00, real=0.00 secs] 
107.858: Total time for which application threads were stopped: 0.0044810 seconds, Stopping threads took: 0.0019980 seconds
107.901: Application time: 0.0431650 seconds
107.904: [GC107.904: [ParNew: 55870K->6207K(55872K), 0.0023540 secs] 131772K->83353K(182144K), 0.0023980 secs] [Times: user=0.02 sys=0.00, real=0.00 secs] 
107.906: Total time for which application threads were stopped: 0.0049770 seconds, Stopping threads took: 0.0024820 seconds
107.950: Application time: 0.0440100 seconds
107.953: [GC107.953: [ParNew: 55871K->6207K(55872K), 0.0024980 secs] 133017K->84731K(182144K), 0.0025420 secs] [Times: user=0.01 sys=0.00, real=0.01 secs] 
107.955: Total time for which application threads were stopped: 0.0047690 seconds, Stopping threads took: 0.0021380 seconds
108.000: Application time: 0.0447990 seconds
108.001: [GC108.001: [ParNew: 55871K->5001K(55872K), 0.0018050 secs] 134395K->83553K(182144K), 0.0018470 secs] [Times: user=0.01 sys=0.00, real=0.01 secs] 
108.003: Total time for which application threads were stopped: 0.0030260 seconds, Stopping threads took: 0.0011180 seconds
108.046: Application time: 0.0433730 seconds
108.048: [GC108.048: [ParNew: 54665K->5556K(55872K), 0.0017450 secs] 133217K->84137K(182144K), 0.0017850 secs] [Times: user=0.01 sys=0.00, real=0.00 secs] 
108.050: Total time for which application threads were stopped: 0.0035530 seconds, Stopping threads took: 0.0017040 seconds
108.094: Application time: 0.0438940 seconds
108.095: [GC108.095: [ParNew: 55220K->5405K(55872K), 0.0016700 secs] 133801K->83986K(182144K), 0.0017100 secs] [Times: user=0.02 sys=0.00, real=0.00 secs] 
108.097: Total time for which application threads were stopped: 0.0033760 seconds, Stopping threads took: 0.0016020 seconds
108.144: Application time: 0.0469130 seconds
108.146: [GC108.146: [ParNew: 55069K->5775K(55872K), 0.0019990 secs] 133650K->84413K(182144K), 0.0020390 secs] [Times: user=0.01 sys=0.00, real=0.00 secs] 
108.148: Total time for which application threads were stopped: 0.0043790 seconds, Stopping threads took: 0.0022750 seconds
108.199: Application time: 0.0502600 seconds
108.200: [GC108.200: [ParNew: 55439K->3871K(55872K), 0.0012590 secs] 134077K->82509K(182144K), 0.0012920 secs] [Times: user=0.01 sys=0.00, real=0.00 secs] 
108.201: Total time for which application threads were stopped: 0.0026800 seconds, Stopping threads took: 0.0013310 seconds
108.248: Application time: 0.0467200 seconds
108.251: [GC108.251: [ParNew: 53535K->6207K(55872K), 0.0019940 secs] 132173K->85038K(182144K), 0.0020460 secs] [Times: user=0.01 sys=0.00, real=0.00 secs] 
108.253: Total time for which application threads were stopped: 0.0050530 seconds, Stopping threads took: 0.0029440 seconds
108.298: Application time: 0.0448530 seconds
108.299: [GC108.299: [ParNew: 55871K->6100K(55872K), 0.0018950 secs] 134702K->84987K(182144K), 0.0019400 secs] [Times: user=0.02 sys=0.00, real=0.00 secs] 
108.301: Total time for which application threads were stopped: 0.0033320 seconds, Stopping threads took: 0.0013250 seconds
108.347: Application time: 0.0454320 seconds
108.348: [GC108.348: [ParNew: 55764K->5831K(55872K), 0.0022380 secs] 134651K->84748K(182144K), 0.0022830 secs] [Times: user=0.01 sys=0.00, real=0.00 secs] 
108.351: Total time for which application threads were stopped: 0.0038460 seconds, Stopping threads took: 0.0014750 seconds
108.396: Application time: 0.0451420 seconds
108.397: [GC108.397: [ParNew: 55495K->6207K(55872K), 0.0021060 secs] 134412K->85214K(182144K), 0.0021500 secs] [Times: user=0.01 sys=0.00, real=0.00 secs] 
108.399: Total time for which application threads were stopped: 0.0033730 seconds, Stopping threads took: 0.0011600 seconds
108.444: Application time: 0.0450310 seconds
108.447: [GC108.447: [ParNew: 55871K->5686K(55872K), 0.0019310 secs] 134878K->84722K(182144K), 0.0019760 secs] [Times: user=0.01 sys=0.00, real=0.00 secs] 
108.449: Total time for which application threads were stopped: 0.0048280 seconds, Stopping threads took: 0.0027580 seconds
108.495: Application time: 0.0460280 seconds
108.496: [GC108.496: [ParNew: 55350K->4618K(55872K), 0.0017260 secs] 134386K->83682K(182144K), 0.0017630 secs] [Times: user=0.01 sys=0.00, real=0.00 secs] 
108.498: Total time for which application threads were stopped: 0.0031120 seconds, Stopping threads took: 0.0012670 seconds
108.544: Application time: 0.0456910 seconds
108.547: [GC108.547: [ParNew: 54282K->6207K(55872K), 0.0023000 secs] 133346K->86501K(182144K), 0.0023470 secs] [Times: user=0.01 sys=0.00, real=0.00 secs] 
108.549: Total time for which application threads were stopped: 0.0050800 seconds, Stopping threads took: 0.0026670 seconds
108.596: Application time: 0.0469060 seconds
108.598: [GC108.598: [ParNew: 55871K->6207K(55872K), 0.0024830 secs] 136165K->87632K(182144K), 0.0025250 secs] [Times: user=0.01 sys=0.00, real=0.00 secs] 
108.601: Total time for which application threads were stopped: 0.0048810 seconds, Stopping threads took: 0.0022920 seconds
108.645: Application time: 0.0440810 seconds
108.647: [GC108.647: [ParNew: 55871K->6206K(55872K), 0.0023710 secs] 137296K->88828K(182144K), 0.0024170 secs] [Times: user=0.02 sys=0.00, real=0.00 secs] 
108.649: Total time for which application threads were stopped: 0.0044400 seconds, Stopping threads took: 0.0019540 seconds
108.695: Application time: 0.0455280 seconds
108.697: [GC108.697: [ParNew: 55870K->5365K(55872K), 0.0018790 secs] 138492K->88015K(182144K), 0.0019230 secs] [Times: user=0.01 sys=0.00, real=0.00 secs] 
108.699: Total time for which application threads were stopped: 0.0042030 seconds, Stopping threads took: 0.0022160 seconds
108.744: Application time: 0.0455360 seconds
108.746: [GC108.746: [ParNew: 55029K->6207K(55872K), 0.0019630 secs] 137679K->89113K(182144K), 0.0020070 secs] [Times: user=0.02 sys=0.00, real=0.00 secs] 
108.748: Total time for which application threads were stopped: 0.0039450 seconds, Stopping threads took: 0.0018510 seconds
108.791: Application time: 0.0426400 seconds
108.794: [GC108.794: [ParNew: 55871K->6207K(55872K), 0.0022110 secs] 138777K->90034K(182144K), 0.0022520 secs] [Times: user=0.02 sys=0.00, real=0.00 secs] 
108.796: Total time for which application threads were stopped: 0.0052330 seconds, Stopping threads took: 0.0029170 seconds
108.841: Application time: 0.0447300 seconds
108.844: [GC108.844: [ParNew: 55871K->6206K(55872K), 0.0020950 secs] 139698K->90434K(182144K), 0.0021370 secs] [Times: user=0.01 sys=0.00, real=0.00 secs] 
108.846: Total time for which application threads were stopped: 0.0048090 seconds, Stopping threads took: 0.0026100 seconds
108.890: Application time: 0.0443170 seconds
108.892: [GC108.892: [ParNew: 55870K->6206K(55872K), 0.0021070 secs] 140098K->91058K(182144K), 0.0021600 secs] [Times: user=0.02 sys=0.00, real=0.01 secs] 
108.894: Total time for which application threads were stopped: 0.0036750 seconds, Stopping threads took: 0.0014510 seconds
108.940: Application time: 0.0458250 seconds
108.942: [GC108.942: [ParNew: 55870K->5774K(55872K), 0.0019340 secs] 140722K->90651K(182144K), 0.0019740 secs] [Times: user=0.01 sys=0.00, real=0.00 secs] 
108.944: Total time for which application threads were stopped: 0.0041990 seconds, Stopping threads took: 0.0021610 seconds
108.990: Application time: 0.0458530 seconds
108.991: [GC108.991: [ParNew: 55438K->4802K(55872K), 0.0016260 secs] 140315K->89678K(182144K), 0.0016660 secs] [Times: user=0.01 sys=0.00, real=0.00 secs] 
108.993: Total time for which application threads were stopped: 0.0033700 seconds, Stopping threads took: 0.0016130 seconds
109.040: Application time: 0.0471140 seconds
109.043: [GC109.043: [ParNew: 54466K->4747K(55872K), 0.0016710 secs] 139342K->89681K(182144K), 0.0017090 secs] [Times: user=0.01 sys=0.00, real=0.00 secs] 
109.045: Total time for which application threads were stopped: 0.0045360 seconds, Stopping threads took: 0.0027480 seconds
109.091: Application time: 0.0459790 seconds
109.092: [GC109.092: [ParNew: 54411K->6207K(55872K), 0.0021560 secs] 139345K->91546K(182144K), 0.0021970 secs] [Times: user=0.02 sys=0.00, real=0.01 secs] 
109.094: Total time for which application threads were stopped: 0.0036430 seconds, Stopping threads took: 0.0013820 seconds
109.140: Application time: 0.0459110 seconds
109.142: [GC109.142: [ParNew: 55871K->5239K(55872K), 0.0017200 secs] 141210K->90606K(182144K), 0.0017590 secs] [Times: user=0.02 sys=0.00, real=0.00 secs] 
109.143: Total time for which application threads were stopped: 0.0031080 seconds, Stopping threads took: 0.0012860 seconds
109.188: Application time: 0.0447900 seconds
109.190: [GC109.190: [ParNew: 54903K->6207K(55872K), 0.0023260 secs] 140270K->92199K(182144K), 0.0023640 secs] [Times: user=0.01 sys=0.00, real=0.00 secs] 
109.193: Total time for which application threads were stopped: 0.0046360 seconds, Stopping threads took: 0.0021870 seconds
109.240: Application time: 0.0467740 seconds
109.242: [GC109.242: [ParNew: 55871K->5814K(55872K), 0.0020580 secs] 141863K->91834K(182144K), 0.0021020 secs] [Times: user=0.02 sys=0.00, real=0.00 secs] 
109.244: Total time for which application threads were stopped: 0.0042940 seconds, Stopping threads took: 0.0021280 seconds
109.291: Application time: 0.0467660 seconds
109.293: [GC109.293: [ParNew: 55478K->4851K(55872K), 0.0016420 secs] 141498K->90872K(182144K), 0.0016820 secs] [Times: user=0.01 sys=0.00, real=0.01 secs] 
109.294: Total time for which application threads were stopped: 0.0037830 seconds, Stopping threads took: 0.0020400 seconds
109.340: Application time: 0.0457020 seconds
109.343: [GC109.343: [ParNew: 54515K->4869K(55872K), 0.0014750 secs] 140536K->90917K(182144K), 0.0015150 secs] [Times: user=0.01 sys=0.00, real=0.00 secs] 
109.344: Total time for which application threads were stopped: 0.0040370 seconds, Stopping threads took: 0.0024590 seconds
109.390: Application time: 0.0455230 seconds
109.392: [GC109.392: [ParNew: 54533K->6206K(55872K), 0.0022000 secs] 140581K->92422K(182144K), 0.0022460 secs] [Times: user=0.01 sys=0.00, real=0.01 secs] 
109.395: Total time for which application threads were stopped: 0.0049290 seconds, Stopping threads took: 0.0025970 seconds
109.439: Application time: 0.0447650 seconds
109.441: [GC109.441: [ParNew: 55870K->5842K(55872K), 0.0018130 secs] 142086K->92087K(182144K), 0.0018590 secs] [Times: user=0.02 sys=0.00, real=0.01 secs] 
109.443: Total time for which application threads were stopped: 0.0031460 seconds, Stopping threads took: 0.0012220 seconds
109.491: Application time: 0.0481570 seconds
109.494: [GC109.494: [ParNew: 55506K->3690K(55872K), 0.0011810 secs] 141751K->89934K(182144K), 0.0012300 secs] [Times: user=0.01 sys=0.00, real=0.00 secs] 
109.495: Total time for which application threads were stopped: 0.0040460 seconds, Stopping threads took: 0.0027440 seconds
109.542: Application time: 0.0469750 seconds
109.543: [GC109.543: [ParNew: 53354K->6207K(55872K), 0.0019840 secs] 139598K->92882K(182144K), 0.0020240 secs] [Times: user=0.01 sys=0.00, real=0.00 secs] 
109.545: Total time for which application threads were stopped: 0.0036700 seconds, Stopping threads took: 0.0015840 seconds
109.590: Application time: 0.0447580 seconds
109.591: [GC109.591: [ParNew: 55871K->6206K(55872K), 0.0022130 secs] 142546K->93461K(182144K), 0.0022530 secs] [Times: user=0.01 sys=0.00, real=0.01 secs] 
109.594: Total time for which application threads were stopped: 0.0034770 seconds, Stopping threads took: 0.0011610 seconds
109.641: Application time: 0.0468410 seconds
109.643: [GC109.643: [ParNew: 55870K->6206K(55872K), 0.0019840 secs] 143125K->93807K(182144K), 0.0020270 secs] [Times: user=0.02 sys=0.00, real=0.00 secs] 
109.645: Total time for which application threads were stopped: 0.0044820 seconds, Stopping threads took: 0.0023900 seconds
109.692: Application time: 0.0466850 seconds
109.694: [GC109.694: [ParNew: 55870K->6207K(55872K), 0.0024120 secs] 143471K->95246K(182144K), 0.0024560 secs] [Times: user=0.02 sys=0.00, real=0.00 secs] 
109.697: Total time for which application threads were stopped: 0.0052110 seconds, Stopping threads took: 0.0026670 seconds
109.741: Application time: 0.0442440 seconds
109.743: [GC109.743: [ParNew: 55871K->6206K(55872K), 0.0020640 secs] 144910K->95642K(182144K), 0.0021060 secs] [Times: user=0.02 sys=0.00, real=0.00 secs] 
109.746: Total time for which application threads were stopped: 0.0044630 seconds, Stopping threads took: 0.0022920 seconds
109.792: Application time: 0.0459830 seconds
109.795: [GC109.795: [ParNew: 55870K->6206K(55872K), 0.0020100 secs] 145306K->96152K(182144K), 0.0020490 secs] [Times: user=0.01 sys=0.00, real=0.00 secs] 
109.797: Total time for which application threads were stopped: 0.0051070 seconds, Stopping threads took: 0.0029950 seconds
109.842: Application time: 0.0450020 seconds
109.844: [GC109.844: [ParNew: 55870K->5978K(55872K), 0.0018960 secs] 145816K->95924K(182144K), 0.0019350 secs] [Times: user=0.01 sys=0.00, real=0.00 secs] 
109.846: Total time for which application threads were stopped: 0.0046450 seconds, Stopping threads took: 0.0026490 seconds
109.891: Application time: 0.0447070 seconds
109.893: [GC109.893: [ParNew: 55642K->6206K(55872K), 0.0020070 secs] 145588K->96271K(182144K), 0.0020530 secs] [Times: user=0.02 sys=0.00, real=0.01 secs] 
109.895: Total time for which application threads were stopped: 0.0038140 seconds, Stopping threads took: 0.0016930 seconds
109.939: Application time: 0.0440260 seconds
109.941: [GC109.941: [ParNew: 55870K->6104K(55872K), 0.0018470 secs] 145935K->96168K(182144K), 0.0018880 secs] [Times: user=0.01 sys=0.00, real=0.01 secs] 
109.943: Total time for which application threads were stopped: 0.0038650 seconds, Stopping threads took: 0.0019100 seconds
109.988: Application time: 0.0447430 seconds
109.990: [GC109.990: [ParNew: 55768K->6206K(55872K), 0.0023280 secs] 145832K->97504K(182144K), 0.0023680 secs] [Times: user=0.02 sys=0.00, real=0.00 secs] 
109.993: Total time for which application threads were stopped: 0.0053190 seconds, Stopping threads took: 0.0028870 seconds
110.038: Application time: 0.0452020 seconds
110.040: [GC110.040: [ParNew: 55870K->6206K(55872K), 0.0024290 secs] 147168K->99072K(182144K), 0.0024790 secs] [Times: user=0.01 sys=0.00, real=0.01 secs] 
110.043: Total time for which application threads were stopped: 0.0045040 seconds, Stopping threads took: 0.0019490 seconds
110.089: Application time: 0.0463480 seconds
110.091: [GC110.091: [ParNew: 55870K->4842K(55872K), 0.0017710 secs] 148736K->97733K(182144K), 0.0018040 secs] [Times: user=0.01 sys=0.00, real=0.00 secs] 
110.093: Total time for which application threads were stopped: 0.0038670 seconds, Stopping threads took: 0.0019820 seconds
110.138: Application time: 0.0453700 seconds
110.140: [GC110.140: [ParNew: 54506K->5309K(55872K), 0.0017970 secs] 147397K->98200K(182144K), 0.0018460 secs] [Times: user=0.02 sys=0.00, real=0.01 secs] 
110.142: Total time for which application threads were stopped: 0.0037170 seconds, Stopping threads took: 0.0017860 seconds
110.187: Application time: 0.0448940 seconds
110.189: [GC110.189: [ParNew: 54973K->5991K(55872K), 0.0020030 secs] 147864K->98911K(182144K), 0.0020460 secs] [Times: user=0.01 sys=0.01, real=0.00 secs] 
110.191: Total time for which application threads were stopped: 0.0043520 seconds, Stopping threads took: 0.0022400 seconds
110.237: Application time: 0.0455830 seconds
110.239: [GC110.239: [ParNew: 55655K->5035K(55872K), 0.0016890 secs] 148575K->97983K(182144K), 0.0017280 secs] [Times: user=0.01 sys=0.00, real=0.00 secs] 
110.240: Total time for which application threads were stopped: 0.0036210 seconds, Stopping threads took: 0.0018280 seconds
110.286: Application time: 0.0460100 seconds
110.288: [GC110.288: [ParNew: 54699K->6207K(55872K), 0.0020380 secs] 147647K->99439K(182144K), 0.0020760 secs] [Times: user=0.01 sys=0.00, real=0.00 secs] 
110.290: Total time for which application threads were stopped: 0.0036870 seconds, Stopping threads took: 0.0015480 seconds
 CMS: abort preclean due to time 110.292: [CMS-concurrent-abortable-preclean: 0.228/5.046 secs] [Times: user=38.65 sys=0.13, real=5.04 secs] 
110.292: Application time: 0.0018230 seconds
110.295: [GC[YG occupancy: 10942 K (55872 K)]110.295: [Rescan (parallel) , 0.0002130 secs]110.295: [weak refs processing, 0.0000090 secs]110.295: [scrub string table, 0.0001140 secs] [1 CMS-remark: 93231K(126272K)] 104173K(182144K), 0.0003660 secs] [Times: user=0.00 sys=0.00, real=0.00 secs] 
110.295: Total time for which application threads were stopped: 0.0033910 seconds, Stopping threads took: 0.0029940 seconds
110.295: [CMS-concurrent-sweep-start]
110.302: [CMS-concurrent-sweep: 0.007/0.007 secs] [Times: user=0.05 sys=0.00, real=0.01 secs] 
110.302: [CMS-concurrent-reset-start]
110.302: [CMS-concurrent-reset: 0.000/0.000 secs] [Times: user=0.00 sys=0.00, real=0.00 secs] 
110.336: Application time: 0.0405020 seconds
110.339: [GC110.339: [ParNew: 55871K->6207K(55872K), 0.0021790 secs] 94512K->45478K(182144K), 0.0022220 secs] [Times: user=0.01 sys=0.01, real=0.00 secs] 
110.341: Total time for which application threads were stopped: 0.0051190 seconds, Stopping threads took: 0.0028330 seconds
110.385: Application time: 0.0441320 seconds
110.387: [GC110.387: [ParNew: 55871K->6207K(55872K), 0.0019580 secs] 95142K->45595K(182144K), 0.0020010 secs] [Times: user=0.02 sys=0.00, real=0.00 secs] 
110.389: Total time for which application threads were stopped: 0.0041950 seconds, Stopping threads took: 0.0021080 seconds
110.435: Application time: 0.0461330 seconds
110.436: [GC110.436: [ParNew: 55871K->6206K(55872K), 0.0021750 secs] 95259K->46057K(182144K), 0.0022160 secs] [Times: user=0.01 sys=0.00, real=0.00 secs] 
110.438: Total time for which application threads were stopped: 0.0030610 seconds, Stopping threads took: 0.0007810 seconds
110.489: Application time: 0.0501580 seconds
110.489: [GC110.489: [ParNew: 55870K->3323K(55872K), 0.0012720 secs] 95721K->43173K(182144K), 0.0013080 secs] [Times: user=0.00 sys=0.00, real=0.00 secs] 
110.490: Total time for which application threads were stopped: 0.0016690 seconds, Stopping threads took: 0.0003020 seconds
110.538: Application time: 0.0473750 seconds
110.539: [GC110.539: [ParNew: 52987K->5735K(55872K), 0.0019180 secs] 92837K->45642K(182144K), 0.0019570 secs] [Times: user=0.01 sys=0.00, real=0.00 secs] 
110.541: Total time for which application threads were stopped: 0.0035220 seconds, Stopping threads took: 0.0015030 seconds
110.589: Application time: 0.0482890 seconds
110.593: [GC110.593: [ParNew: 55399K->5341K(55872K), 0.0016270 secs] 95306K->45248K(182144K), 0.0016690 secs] [Times: user=0.01 sys=0.00, real=0.01 secs] 
110.594: Total time for which application threads were stopped: 0.0049770 seconds, Stopping threads took: 0.0032410 seconds
110.641: Application time: 0.0468270 seconds
110.643: [GC110.643: [ParNew: 55005K->5760K(55872K), 0.0018540 secs] 94912K->45696K(182144K), 0.0019080 secs] [Times: user=0.01 sys=0.00, real=0.00 secs] 
110.645: Total time for which application threads were stopped: 0.0041080 seconds, Stopping threads took: 0.0021100 seconds
110.693: Application time: 0.0477850 seconds
110.695: [GC110.695: [ParNew: 55424K->6207K(55872K), 0.0021800 secs] 95360K->46946K(182144K), 0.0022260 secs] [Times: user=0.02 sys=0.00, real=0.00 secs] 
110.697: Total time for which application threads were stopped: 0.0042410 seconds, Stopping threads took: 0.0019520 seconds
110.744: Application time: 0.0466430 seconds
110.746: [GC110.746: [ParNew: 55871K->6089K(55872K), 0.0020640 secs] 96610K->46856K(182144K), 0.0021070 secs] [Times: user=0.01 sys=0.00, real=0.00 secs] 
110.748: Total time for which application threads were stopped: 0.0043830 seconds, Stopping threads took: 0.0022110 seconds
110.795: Application time: 0.0469660 seconds
110.797: [GC110.797: [ParNew: 55753K->6206K(55872K), 0.0022670 secs] 96520K->47951K(182144K), 0.0023120 secs] [Times: user=0.02 sys=0.00, real=0.00 secs] 
110.799: Total time for which application threads were stopped: 0.0038420 seconds, Stopping threads took: 0.0014440 seconds
110.845: Application time: 0.0456650 seconds
110.847: [GC110.847: [ParNew: 55870K->6207K(55872K), 0.0020640 secs] 97615K->48470K(182144K), 0.0021050 secs] [Times: user=0.01 sys=0.00, real=0.00 secs] 
110.849: Total time for which application threads were stopped: 0.0038410 seconds, Stopping threads took: 0.0016720 seconds
110.894: Application time: 0.0457470 seconds
110.896: [GC110.896: [ParNew: 55871K->6207K(55872K), 0.0024220 secs] 98134K->50157K(182144K), 0.0024650 secs] [Times: user=0.01 sys=0.00, real=0.00 secs] 
110.899: Total time for which application threads were stopped: 0.0042820 seconds, Stopping threads took: 0.0017510 seconds
110.899: Application time: 0.0000830 seconds
110.900: [GC [1 CMS-initial-mark: 43949K(126272K)] 50900K(182144K), 0.0002110 secs] [Times: user=0.00 sys=0.00, real=0.00 secs] 
110.901: Total time for which application threads were stopped: 0.0018520 seconds, Stopping threads took: 0.0016140 seconds
110.901: [CMS-concurrent-mark-start]
110.906: [CMS-concurrent-mark: 0.005/0.005 secs] [Times: user=0.04 sys=0.00, real=0.01 secs] 
110.906: [CMS-concurrent-preclean-start]
110.906: [CMS-concurrent-preclean: 0.000/0.000 secs] [Times: user=0.00 sys=0.00, real=0.00 secs] 
110.906: [CMS-concurrent-abortable-preclean-start]
110.944: Application time: 0.0429720 seconds
110.946: [GC110.946: [ParNew: 55871K->6207K(55872K), 0.0023190 secs] 99821K->51296K(182144K), 0.0023620 secs] [Times: user=0.02 sys=0.00, real=0.00 secs] 
110.948: Total time for which application threads were stopped: 0.0044730 seconds, Stopping threads took: 0.0020240 seconds
110.993: Application time: 0.0446010 seconds
110.995: [GC110.995: [ParNew: 55871K->6207K(55872K), 0.0020470 secs] 100960K->51808K(182144K), 0.0020860 secs] [Times: user=0.01 sys=0.00, real=0.00 secs] 
110.997: Total time for which application threads were stopped: 0.0041250 seconds, Stopping threads took: 0.0019740 seconds
111.042: Application time: 0.0454570 seconds
111.043: [GC111.043: [ParNew: 55871K->5271K(55872K), 0.0016810 secs] 101472K->50872K(182144K), 0.0017160 secs] [Times: user=0.01 sys=0.00, real=0.00 secs] 
111.045: Total time for which application threads were stopped: 0.0022160 seconds, Stopping threads took: 0.0004390 seconds
111.089: Application time: 0.0442730 seconds
111.090: [GC111.090: [ParNew: 54935K->6206K(55872K), 0.0020560 secs] 100536K->52035K(182144K), 0.0020940 secs] [Times: user=0.02 sys=0.00, real=0.00 secs] 
111.092: Total time for which application threads were stopped: 0.0032930 seconds, Stopping threads took: 0.0011360 seconds
111.135: Application time: 0.0432050 seconds
111.137: [GC111.137: [ParNew: 55870K->6206K(55872K), 0.0020870 secs] 101699K->52668K(182144K), 0.0021300 secs] [Times: user=0.02 sys=0.00, real=0.00 secs] 
111.139: Total time for which application threads were stopped: 0.0036480 seconds, Stopping threads took: 0.0014340 seconds
111.186: Application time: 0.0471260 seconds
111.189: [GC111.189: [ParNew: 55870K->4889K(55872K), 0.0014560 secs] 102332K->51351K(182144K), 0.0014880 secs] [Times: user=0.01 sys=0.00, real=0.00 secs] 
111.190: Total time for which application threads were stopped: 0.0040520 seconds, Stopping threads took: 0.0025060 seconds
111.234: Application time: 0.0437150 seconds
111.235: [GC111.235: [ParNew: 54553K->6206K(55872K), 0.0023730 secs] 101015K->54110K(182144K), 0.0024170 secs] [Times: user=0.01 sys=0.00, real=0.00 secs] 
111.238: Total time for which application threads were stopped: 0.0038700 seconds, Stopping threads took: 0.0013910 seconds
111.284: Application time: 0.0465920 seconds
111.287: [GC111.287: [ParNew: 55870K->6206K(55872K), 0.0023610 secs] 103774K->55596K(182144K), 0.0024060 secs] [Times: user=0.01 sys=0.00, real=0.00 secs] 
111.289: Total time for which application threads were stopped: 0.0048510 seconds, Stopping threads took: 0.0023780 seconds
111.334: Application time: 0.0447720 seconds
111.336: [GC111.336: [ParNew: 55870K->6055K(55872K), 0.0019110 secs] 105260K->55444K(182144K), 0.0019570 secs] [Times: user=0.01 sys=0.00, real=0.00 secs] 
111.338: Total time for which application threads were stopped: 0.0043180 seconds, Stopping threads took: 0.0023020 seconds
111.383: Application time: 0.0442530 seconds
111.385: [GC111.385: [ParNew: 55719K->5942K(55872K), 0.0019680 secs] 105108K->55331K(182144K), 0.0020120 secs] [Times: user=0.01 sys=0.00, real=0.00 secs] 
111.387: Total time for which application threads were stopped: 0.0042470 seconds, Stopping threads took: 0.0021750 seconds
111.431: Application time: 0.0438820 seconds
111.432: [GC111.432: [ParNew: 55606K->6206K(55872K), 0.0023610 secs] 104995K->56747K(182144K), 0.0024090 secs] [Times: user=0.01 sys=0.00, real=0.01 secs] 
111.434: Total time for which application threads were stopped: 0.0036870 seconds, Stopping threads took: 0.0012110 seconds
111.480: Application time: 0.0457740 seconds
111.481: [GC111.481: [ParNew: 55870K->6202K(55872K), 0.0018830 secs] 106411K->56772K(182144K), 0.0019280 secs] [Times: user=0.01 sys=0.00, real=0.01 secs] 
111.483: Total time for which application threads were stopped: 0.0030940 seconds, Stopping threads took: 0.0010990 seconds
111.527: Application time: 0.0434420 seconds
111.528: [GC111.528: [ParNew: 55866K->6207K(55872K), 0.0022570 secs] 106436K->57623K(182144K), 0.0023060 secs] [Times: user=0.02 sys=0.00, real=0.00 secs] 
111.531: Total time for which application threads were stopped: 0.0039670 seconds, Stopping threads took: 0.0015950 seconds
111.576: Application time: 0.0456110 seconds
111.579: [GC111.579: [ParNew: 55871K->6206K(55872K), 0.0019900 secs] 107287K->57949K(182144K), 0.0020330 secs] [Times: user=0.01 sys=0.00, real=0.00 secs] 
111.581: Total time for which application threads were stopped: 0.0044820 seconds, Stopping threads took: 0.0023620 seconds
111.625: Application time: 0.0440080 seconds
111.627: [GC111.627: [ParNew: 55870K->6206K(55872K), 0.0021880 secs] 107613K->58616K(182144K), 0.0022340 secs] [Times: user=0.02 sys=0.00, real=0.00 secs] 
111.629: Total time for which application threads were stopped: 0.0046290 seconds, Stopping threads took: 0.0023000 seconds
111.675: Application time: 0.0452350 seconds
111.678: [GC111.678: [ParNew: 55870K->5913K(55872K), 0.0019280 secs] 108280K->58352K(182144K), 0.0019710 secs] [Times: user=0.02 sys=0.00, real=0.00 secs] 
111.680: Total time for which application threads were stopped: 0.0051510 seconds, Stopping threads took: 0.0030970 seconds
111.726: Application time: 0.0460090 seconds
111.728: [GC111.728: [ParNew: 55577K->6207K(55872K), 0.0024130 secs] 108016K->60198K(182144K), 0.0024610 secs] [Times: user=0.02 sys=0.00, real=0.00 secs] 
111.731: Total time for which application threads were stopped: 0.0049670 seconds, Stopping threads took: 0.0024390 seconds
111.777: Application time: 0.0464860 seconds
111.779: [GC111.779: [ParNew: 55871K->6206K(55872K), 0.0023180 secs] 109862K->61494K(182144K), 0.0023710 secs] [Times: user=0.02 sys=0.00, real=0.01 secs] 
111.781: Total time for which application threads were stopped: 0.0041700 seconds, Stopping threads took: 0.0017310 seconds
111.829: Application time: 0.0478640 seconds
111.831: [GC111.831: [ParNew: 55870K->6207K(55872K), 0.0022930 secs] 111158K->62674K(182144K), 0.0023370 secs] [Times: user=0.01 sys=0.00, real=0.01 secs] 
111.834: Total time for which application threads were stopped: 0.0045120 seconds, Stopping threads took: 0.0021080 seconds
111.881: Application time: 0.0475350 seconds
111.885: [GC111.885: [ParNew: 55871K->6207K(55872K), 0.0021380 secs] 112338K->63600K(182144K), 0.0021800 secs] [Times: user=0.01 sys=0.00, real=0.00 secs] 
111.887: Total time for which application threads were stopped: 0.0055380 seconds, Stopping threads took: 0.0032920 seconds
111.936: Application time: 0.0486390 seconds
111.936: [GC111.936: [ParNew: 55871K->5079K(55872K), 0.0016160 secs] 113264K->62472K(182144K), 0.0016590 secs] [Times: user=0.01 sys=0.00, real=0.00 secs] 
111.938: Total time for which application threads were stopped: 0.0026140 seconds, Stopping threads took: 0.0008900 seconds
111.986: Application time: 0.0482810 seconds
111.988: [GC111.988: [ParNew: 54743K->6206K(55872K), 0.0022900 secs] 112136K->64575K(182144K), 0.0023330 secs] [Times: user=0.02 sys=0.00, real=0.00 secs] 
111.990: Total time for which application threads were stopped: 0.0040820 seconds, Stopping threads took: 0.0016870 seconds
112.039: Application time: 0.0481370 seconds
112.041: [GC112.041: [ParNew: 55870K->6207K(55872K), 0.0023180 secs] 114239K->65035K(182144K), 0.0023620 secs] [Times: user=0.01 sys=0.00, real=0.01 secs] 
112.043: Total time for which application threads were stopped: 0.0046450 seconds, Stopping threads took: 0.0021950 seconds
112.092: Application time: 0.0483230 seconds
112.093: [GC112.093: [ParNew: 55871K->6206K(55872K), 0.0021420 secs] 114699K->65506K(182144K), 0.0021860 secs] [Times: user=0.02 sys=0.00, real=0.01 secs] 
112.095: Total time for which application threads were stopped: 0.0036600 seconds, Stopping threads took: 0.0014050 seconds
112.143: Application time: 0.0475450 seconds
112.145: [GC112.145: [ParNew: 55870K->6206K(55872K), 0.0022240 secs] 115170K->66440K(182144K), 0.0022710 secs] [Times: user=0.02 sys=0.00, real=0.00 secs] 
112.147: Total time for which application threads were stopped: 0.0040160 seconds, Stopping threads took: 0.0016750 seconds
112.195: Application time: 0.0478760 seconds
112.197: [GC112.197: [ParNew: 55870K->6031K(55872K), 0.0019410 secs] 116104K->66290K(182144K), 0.0019810 secs] [Times: user=0.01 sys=0.00, real=0.00 secs] 
112.199: Total time for which application threads were stopped: 0.0042080 seconds, Stopping threads took: 0.0021330 seconds
112.247: Application time: 0.0483350 seconds
112.249: [GC112.249: [ParNew: 55695K->5591K(55872K), 0.0018440 secs] 115954K->65849K(182144K), 0.0018900 secs] [Times: user=0.01 sys=0.00, real=0.00 secs] 
112.251: Total time for which application threads were stopped: 0.0040020 seconds, Stopping threads took: 0.0020470 seconds
112.301: Application time: 0.0499640 seconds
112.303: [GC112.303: [ParNew: 55255K->5637K(55872K), 0.0018350 secs] 115513K->65924K(182144K), 0.0018770 secs] [Times: user=0.02 sys=0.00, real=0.00 secs] 
112.305: Total time for which application threads were stopped: 0.0034260 seconds, Stopping threads took: 0.0014620 seconds
112.352: Application time: 0.0472050 seconds
112.354: [GC112.354: [ParNew: 55301K->6206K(55872K), 0.0023320 secs] 115588K->67731K(182144K), 0.0023780 secs] [Times: user=0.02 sys=0.00, real=0.00 secs] 
112.357: Total time for which application threads were stopped: 0.0048370 seconds, Stopping threads took: 0.0023900 seconds
112.404: Application time: 0.0473170 seconds
112.406: [GC112.406: [ParNew: 55870K->6011K(55872K), 0.0018380 secs] 117395K->67536K(182144K), 0.0018790 secs] [Times: user=0.01 sys=0.00, real=0.00 secs] 
112.407: Total time for which application threads were stopped: 0.0034170 seconds, Stopping threads took: 0.0014730 seconds
112.456: Application time: 0.0485220 seconds
112.458: [GC112.458: [ParNew: 55675K->6206K(55872K), 0.0020140 secs] 117200K->67837K(182144K), 0.0020640 secs] [Times: user=0.02 sys=0.00, real=0.00 secs] 
112.460: Total time for which application threads were stopped: 0.0039250 seconds, Stopping threads took: 0.0017950 seconds
112.508: Application time: 0.0482540 seconds
112.510: [GC112.510: [ParNew: 55870K->6206K(55872K), 0.0022650 secs] 117501K->68819K(182144K), 0.0023060 secs] [Times: user=0.02 sys=0.00, real=0.00 secs] 
112.512: Total time for which application threads were stopped: 0.0039600 seconds, Stopping threads took: 0.0015860 seconds
112.559: Application time: 0.0472500 seconds
112.561: [GC112.561: [ParNew: 55870K->6037K(55872K), 0.0018030 secs] 118483K->68706K(182144K), 0.0018440 secs] [Times: user=0.01 sys=0.00, real=0.01 secs] 
112.563: Total time for which application threads were stopped: 0.0037550 seconds, Stopping threads took: 0.0018460 seconds
112.611: Application time: 0.0478050 seconds
112.612: [GC112.612: [ParNew: 55701K->5111K(55872K), 0.0016540 secs] 118370K->67780K(182144K), 0.0016930 secs] [Times: user=0.01 sys=0.00, real=0.01 secs] 
112.614: Total time for which application threads were stopped: 0.0029620 seconds, Stopping threads took: 0.0012040 seconds
112.662: Application time: 0.0477090 seconds
112.663: [GC112.663: [ParNew: 54775K->6206K(55872K), 0.0019860 secs] 117444K->69086K(182144K), 0.0020280 secs] [Times: user=0.01 sys=0.00, real=0.00 secs] 
112.665: Total time for which application threads were stopped: 0.0033820 seconds, Stopping threads took: 0.0012890 seconds
112.713: Application time: 0.0476010 seconds
112.715: [GC112.715: [ParNew: 55870K->6115K(55872K), 0.0019560 secs] 118750K->69023K(182144K), 0.0019980 secs] [Times: user=0.02 sys=0.00, real=0.00 secs] 
112.717: Total time for which application threads were stopped: 0.0041440 seconds, Stopping threads took: 0.0020690 seconds
112.765: Application time: 0.0482030 seconds
112.767: [GC112.767: [ParNew: 55779K->6206K(55872K), 0.0022250 secs] 118687K->69930K(182144K), 0.0022690 secs] [Times: user=0.02 sys=0.00, real=0.00 secs] 
112.769: Total time for which application threads were stopped: 0.0038890 seconds, Stopping threads took: 0.0015540 seconds
112.818: Application time: 0.0489190 seconds
112.820: [GC112.820: [ParNew: 55870K->6207K(55872K), 0.0020440 secs] 119594K->70313K(182144K), 0.0020910 secs] [Times: user=0.01 sys=0.00, real=0.01 secs] 
112.822: Total time for which application threads were stopped: 0.0044250 seconds, Stopping threads took: 0.0022660 seconds
112.870: Application time: 0.0479290 seconds
112.872: [GC112.872: [ParNew: 55871K->6207K(55872K), 0.0022090 secs] 119977K->70592K(182144K), 0.0022540 secs] [Times: user=0.01 sys=0.00, real=0.01 secs] 
112.875: Total time for which application threads were stopped: 0.0043990 seconds, Stopping threads took: 0.0020570 seconds
112.922: Application time: 0.0475180 seconds
112.925: [GC112.925: [ParNew: 55871K->6207K(55872K), 0.0019650 secs] 120256K->70828K(182144K), 0.0020120 secs] [Times: user=0.02 sys=0.00, real=0.00 secs] 
112.927: Total time for which application threads were stopped: 0.0047910 seconds, Stopping threads took: 0.0027130 seconds
112.976: Application time: 0.0489490 seconds
112.978: [GC112.978: [ParNew: 55871K->4390K(55872K), 0.0015240 secs] 120492K->69011K(182144K), 0.0015640 secs] [Times: user=0.01 sys=0.00, real=0.00 secs] 
112.980: Total time for which application threads were stopped: 0.0037600 seconds, Stopping threads took: 0.0021330 seconds
113.031: Application time: 0.0516130 seconds
113.033: [GC113.033: [ParNew: 54054K->6206K(55872K), 0.0022720 secs] 118675K->71836K(182144K), 0.0023190 secs] [Times: user=0.02 sys=0.00, real=0.01 secs] 
113.036: Total time for which application threads were stopped: 0.0044440 seconds, Stopping threads took: 0.0020580 seconds
113.083: Application time: 0.0470060 seconds
113.085: [GC113.085: [ParNew: 55870K->6207K(55872K), 0.0026390 secs] 121500K->73537K(182144K), 0.0026870 secs] [Times: user=0.02 sys=0.00, real=0.00 secs] 
113.088: Total time for which application threads were stopped: 0.0052880 seconds, Stopping threads took: 0.0025230 seconds
113.134: Application time: 0.0459630 seconds
113.136: [GC113.136: [ParNew: 55871K->6207K(55872K), 0.0023410 secs] 123201K->74773K(182144K), 0.0023850 secs] [Times: user=0.02 sys=0.00, real=0.00 secs] 
113.138: Total time for which application threads were stopped: 0.0040940 seconds, Stopping threads took: 0.0016190 seconds
113.186: Application time: 0.0481560 seconds
113.189: [GC113.189: [ParNew: 55871K->6206K(55872K), 0.0022840 secs] 124437K->76057K(182144K), 0.0023270 secs] [Times: user=0.02 sys=0.00, real=0.00 secs] 
113.191: Total time for which application threads were stopped: 0.0048040 seconds, Stopping threads took: 0.0024110 seconds
113.237: Application time: 0.0463660 seconds
113.239: [GC113.239: [ParNew: 55870K->6206K(55872K), 0.0023150 secs] 125721K->77259K(182144K), 0.0023590 secs] [Times: user=0.02 sys=0.00, real=0.01 secs] 
113.241: Total time for which application threads were stopped: 0.0042060 seconds, Stopping threads took: 0.0017790 seconds
113.291: Application time: 0.0500120 seconds
113.294: [GC113.294: [ParNew: 55870K->6207K(55872K), 0.0022300 secs] 126923K->78254K(182144K), 0.0022760 secs] [Times: user=0.01 sys=0.00, real=0.00 secs] 
113.296: Total time for which application threads were stopped: 0.0048110 seconds, Stopping threads took: 0.0024470 seconds
113.345: Application time: 0.0482850 seconds
113.347: [GC113.347: [ParNew: 55871K->6150K(55872K), 0.0020050 secs] 127918K->78197K(182144K), 0.0020480 secs] [Times: user=0.01 sys=0.00, real=0.00 secs] 
113.349: Total time for which application threads were stopped: 0.0044860 seconds, Stopping threads took: 0.0023700 seconds
113.397: Application time: 0.0483950 seconds
113.399: [GC113.399: [ParNew: 55814K->6207K(55872K), 0.0022590 secs] 127861K->78985K(182144K), 0.0023080 secs] [Times: user=0.01 sys=0.00, real=0.00 secs] 
113.401: Total time for which application threads were stopped: 0.0034780 seconds, Stopping threads took: 0.0010990 seconds
113.448: Application time: 0.0469430 seconds
113.450: [GC113.450: [ParNew: 55871K->5931K(55872K), 0.0019440 secs] 128649K->78738K(182144K), 0.0019860 secs] [Times: user=0.01 sys=0.00, real=0.00 secs] 
113.452: Total time for which application threads were stopped: 0.0039120 seconds, Stopping threads took: 0.0018590 seconds
113.500: Application time: 0.0479930 seconds
113.502: [GC113.502: [ParNew: 55595K->6206K(55872K), 0.0025970 secs] 128402K->80635K(182144K), 0.0026390 secs] [Times: user=0.02 sys=0.00, real=0.00 secs] 
113.505: Total time for which application threads were stopped: 0.0047400 seconds, Stopping threads took: 0.0020130 seconds
113.552: Application time: 0.0478230 seconds
113.554: [GC113.554: [ParNew: 55870K->6206K(55872K), 0.0025930 secs] 130299K->82246K(182144K), 0.0026360 secs] [Times: user=0.02 sys=0.00, real=0.00 secs] 
113.557: Total time for which application threads were stopped: 0.0045310 seconds, Stopping threads took: 0.0018070 seconds
113.605: Application time: 0.0481850 seconds
113.608: [GC113.608: [ParNew: 55870K->6207K(55872K), 0.0022030 secs] 131910K->82552K(182144K), 0.0022480 secs] [Times: user=0.02 sys=0.00, real=0.00 secs] 
113.610: Total time for which application threads were stopped: 0.0049250 seconds, Stopping threads took: 0.0025920 seconds
113.656: Application time: 0.0460860 seconds
113.659: [GC113.659: [ParNew: 55871K->6206K(55872K), 0.0023810 secs] 132216K->84196K(182144K), 0.0024250 secs] [Times: user=0.02 sys=0.00, real=0.00 secs] 
113.661: Total time for which application threads were stopped: 0.0051720 seconds, Stopping threads took: 0.0026780 seconds
113.710: Application time: 0.0486500 seconds
113.713: [GC113.713: [ParNew: 55870K->6207K(55872K), 0.0021020 secs] 133860K->84661K(182144K), 0.0021460 secs] [Times: user=0.01 sys=0.00, real=0.01 secs] 
113.715: Total time for which application threads were stopped: 0.0053550 seconds, Stopping threads took: 0.0031230 seconds
113.764: Application time: 0.0484030 seconds
113.766: [GC113.766: [ParNew: 55871K->6206K(55872K), 0.0023070 secs] 134325K->85645K(182144K), 0.0023590 secs] [Times: user=0.02 sys=0.00, real=0.00 secs] 
113.768: Total time for which application threads were stopped: 0.0042270 seconds, Stopping threads took: 0.0017940 seconds
113.816: Application time: 0.0484490 seconds
113.819: [GC113.819: [ParNew: 55870K->6206K(55872K), 0.0022230 secs] 135309K->86406K(182144K), 0.0022670 secs] [Times: user=0.02 sys=0.00, real=0.00 secs] 
113.821: Total time for which application threads were stopped: 0.0046750 seconds, Stopping threads took: 0.0023180 seconds
113.869: Application time: 0.0481480 seconds
113.871: [GC113.871: [ParNew: 55870K->6207K(55872K), 0.0023760 secs] 136070K->87580K(182144K), 0.0024200 secs] [Times: user=0.01 sys=0.00, real=0.01 secs] 
113.874: Total time for which application threads were stopped: 0.0044790 seconds, Stopping threads took: 0.0019720 seconds
113.921: Application time: 0.0475700 seconds
113.922: [GC113.922: [ParNew: 55871K->6207K(55872K), 0.0021000 secs] 137244K->88151K(182144K), 0.0021400 secs] [Times: user=0.01 sys=0.00, real=0.00 secs] 
113.925: Total time for which application threads were stopped: 0.0032920 seconds, Stopping threads took: 0.0010760 seconds
113.972: Application time: 0.0477040 seconds
113.974: [GC113.974: [ParNew: 55871K->6207K(55872K), 0.0022530 secs] 137815K->89100K(182144K), 0.0022980 secs] [Times: user=0.02 sys=0.00, real=0.00 secs] 
113.976: Total time for which application threads were stopped: 0.0035990 seconds, Stopping threads took: 0.0012130 seconds
114.024: Application time: 0.0483500 seconds
114.025: [GC114.025: [ParNew: 55870K->6049K(55872K), 0.0019160 secs] 138763K->88942K(182144K), 0.0019620 secs] [Times: user=0.01 sys=0.00, real=0.00 secs] 
114.027: Total time for which application threads were stopped: 0.0028230 seconds, Stopping threads took: 0.0007940 seconds
114.074: Application time: 0.0464560 seconds
114.075: [GC114.075: [ParNew: 55713K->6207K(55872K), 0.0022840 secs] 138606K->90098K(182144K), 0.0023290 secs] [Times: user=0.01 sys=0.00, real=0.00 secs] 
114.078: Total time for which application threads were stopped: 0.0040620 seconds, Stopping threads took: 0.0016660 seconds
114.125: Application time: 0.0472220 seconds
114.128: [GC114.128: [ParNew: 55871K->6207K(55872K), 0.0021470 secs] 139762K->91015K(182144K), 0.0021910 secs] [Times: user=0.02 sys=0.00, real=0.00 secs] 
114.130: Total time for which application threads were stopped: 0.0055450 seconds, Stopping threads took: 0.0032890 seconds
114.179: Application time: 0.0487160 seconds
114.181: [GC114.182: [ParNew: 55871K->6207K(55872K), 0.0021550 secs] 140679K->91813K(182144K), 0.0022060 secs] [Times: user=0.02 sys=0.00, real=0.00 secs] 
114.184: Total time for which application threads were stopped: 0.0046760 seconds, Stopping threads took: 0.0024000 seconds
114.230: Application time: 0.0464130 seconds
114.233: [GC114.233: [ParNew: 55871K->6207K(55872K), 0.0021660 secs] 141477K->92479K(182144K), 0.0022100 secs] [Times: user=0.01 sys=0.00, real=0.01 secs] 
114.235: Total time for which application threads were stopped: 0.0048000 seconds, Stopping threads took: 0.0025220 seconds
114.282: Application time: 0.0466910 seconds
114.284: [GC114.284: [ParNew: 55871K->6206K(55872K), 0.0022240 secs] 142143K->93212K(182144K), 0.0022670 secs] [Times: user=0.02 sys=0.00, real=0.00 secs] 
114.286: Total time for which application threads were stopped: 0.0047620 seconds, Stopping threads took: 0.0024200 seconds
114.335: Application time: 0.0488890 seconds
114.337: [GC114.337: [ParNew: 55870K->6207K(55872K), 0.0021230 secs] 142876K->93394K(182144K), 0.0021680 secs] [Times: user=0.01 sys=0.00, real=0.00 secs] 
114.340: Total time for which application threads were stopped: 0.0043200 seconds, Stopping threads took: 0.0020840 seconds
114.386: Application time: 0.0466410 seconds
114.389: [GC114.389: [ParNew: 55871K->6206K(55872K), 0.0026260 secs] 143058K->95086K(182144K), 0.0026740 secs] [Times: user=0.02 sys=0.00, real=0.00 secs] 
114.391: Total time for which application threads were stopped: 0.0051520 seconds, Stopping threads took: 0.0024000 seconds
114.439: Application time: 0.0473060 seconds
114.441: [GC114.441: [ParNew: 55870K->6206K(55872K), 0.0023270 secs] 144750K->95749K(182144K), 0.0023710 secs] [Times: user=0.02 sys=0.00, real=0.01 secs] 
114.443: Total time for which application threads were stopped: 0.0043810 seconds, Stopping threads took: 0.0019430 seconds
114.490: Application time: 0.0465760 seconds
114.492: [GC114.492: [ParNew: 55870K->6207K(55872K), 0.0024380 secs] 145413K->97320K(182144K), 0.0024890 secs] [Times: user=0.02 sys=0.00, real=0.01 secs] 
114.494: Total time for which application threads were stopped: 0.0044660 seconds, Stopping threads took: 0.0018860 seconds
114.541: Application time: 0.0466350 seconds
114.544: [GC114.544: [ParNew: 55871K->6207K(55872K), 0.0024060 secs] 146984K->98944K(182144K), 0.0024540 secs] [Times: user=0.02 sys=0.00, real=0.00 secs] 
114.546: Total time for which application threads were stopped: 0.0054220 seconds, Stopping threads took: 0.0029040 seconds
114.594: Application time: 0.0473760 seconds
114.596: [GC114.596: [ParNew: 55871K->6207K(55872K), 0.0020880 secs] 148608K->99393K(182144K), 0.0021310 secs] [Times: user=0.01 sys=0.00, real=0.00 secs] 
114.598: Total time for which application threads were stopped: 0.0048600 seconds, Stopping threads took: 0.0026690 seconds
114.647: Application time: 0.0480750 seconds
114.648: [GC114.648: [ParNew: 55871K->6207K(55872K), 0.0020660 secs] 149057K->99699K(182144K), 0.0021060 secs] [Times: user=0.02 sys=0.00, real=0.00 secs] 
114.650: Total time for which application threads were stopped: 0.0034430 seconds, Stopping threads took: 0.0012730 seconds
114.700: Application time: 0.0496470 seconds
114.702: [GC114.702: [ParNew: 55871K->5503K(55872K), 0.0018110 secs] 149363K->99023K(182144K), 0.0018530 secs] [Times: user=0.01 sys=0.00, real=0.00 secs] 
114.703: Total time for which application threads were stopped: 0.0038430 seconds, Stopping threads took: 0.0019250 seconds
114.752: Application time: 0.0482640 seconds
114.754: [GC114.754: [ParNew: 55167K->6207K(55872K), 0.0022820 secs] 148687K->100773K(182144K), 0.0023230 secs] [Times: user=0.01 sys=0.01, real=0.00 secs] 
114.757: Total time for which application threads were stopped: 0.0048860 seconds, Stopping threads took: 0.0024970 seconds
114.804: Application time: 0.0472340 seconds
114.806: [GC114.806: [ParNew: 55871K->6150K(55872K), 0.0018770 secs] 150437K->100745K(182144K), 0.0019160 secs] [Times: user=0.02 sys=0.00, real=0.00 secs] 
114.808: Total time for which application threads were stopped: 0.0045530 seconds, Stopping threads took: 0.0025620 seconds
114.857: Application time: 0.0485470 seconds
114.859: [GC114.860: [ParNew: 55814K->5893K(55872K), 0.0018460 secs] 150409K->100545K(182144K), 0.0018990 secs] [Times: user=0.01 sys=0.00, real=0.01 secs] 
114.861: Total time for which application threads were stopped: 0.0044420 seconds, Stopping threads took: 0.0024530 seconds
114.909: Application time: 0.0475390 seconds
114.910: [GC114.910: [ParNew: 55557K->6207K(55872K), 0.0022540 secs] 150209K->101355K(182144K), 0.0022990 secs] [Times: user=0.01 sys=0.00, real=0.00 secs] 
114.913: Total time for which application threads were stopped: 0.0038510 seconds, Stopping threads took: 0.0014720 seconds
114.961: Application time: 0.0480740 seconds
114.963: [GC114.963: [ParNew: 55871K->5482K(55872K), 0.0019360 secs] 151019K->100630K(182144K), 0.0019790 secs] [Times: user=0.01 sys=0.00, real=0.00 secs] 
114.965: Total time for which application threads were stopped: 0.0039210 seconds, Stopping threads took: 0.0018740 seconds
115.014: Application time: 0.0496160 seconds
115.017: [GC115.017: [ParNew: 55146K->5993K(55872K), 0.0021600 secs] 150294K->101141K(182144K), 0.0022050 secs] [Times: user=0.01 sys=0.00, real=0.00 secs] 
115.019: Total time for which application threads were stopped: 0.0047810 seconds, Stopping threads took: 0.0025110 seconds
115.068: Application time: 0.0486760 seconds
115.070: [GC115.070: [ParNew: 55657K->4382K(55872K), 0.0030680 secs] 150805K->99558K(182144K), 0.0031060 secs] [Times: user=0.01 sys=0.00, real=0.00 secs] 
115.073: Total time for which application threads were stopped: 0.0053390 seconds, Stopping threads took: 0.0021570 seconds
115.125: Application time: 0.0517020 seconds
115.125: [GC115.125: [ParNew: 54046K->4399K(55872K), 0.0016190 secs] 149222K->99604K(182144K), 0.0016610 secs] [Times: user=0.01 sys=0.00, real=0.00 secs] 
115.127: Total time for which application threads were stopped: 0.0021780 seconds, Stopping threads took: 0.0004490 seconds
115.174: Application time: 0.0471970 seconds
115.176: [GC115.176: [ParNew: 54063K->6206K(55872K), 0.0021070 secs] 149268K->101687K(182144K), 0.0021510 secs] [Times: user=0.01 sys=0.00, real=0.00 secs] 
115.178: Total time for which application threads were stopped: 0.0037800 seconds, Stopping threads took: 0.0015390 seconds
115.225: Application time: 0.0471280 seconds
115.227: [GC115.227: [ParNew: 55870K->6207K(55872K), 0.0021960 secs] 151351K->102438K(182144K), 0.0022400 secs] [Times: user=0.01 sys=0.00, real=0.00 secs] 
115.229: Total time for which application threads were stopped: 0.0036270 seconds, Stopping threads took: 0.0012980 seconds
115.276: Application time: 0.0471750 seconds
115.278: [GC115.278: [ParNew: 55871K->6206K(55872K), 0.0020130 secs] 152102K->102515K(182144K), 0.0020550 secs] [Times: user=0.01 sys=0.00, real=0.00 secs] 
115.280: Total time for which application threads were stopped: 0.0036390 seconds, Stopping threads took: 0.0015180 seconds
115.330: Application time: 0.0498680 seconds
115.332: [GC115.332: [ParNew: 55870K->5133K(55872K), 0.0018650 secs] 152179K->101471K(182144K), 0.0019070 secs] [Times: user=0.01 sys=0.00, real=0.01 secs] 
115.334: Total time for which application threads were stopped: 0.0041390 seconds, Stopping threads took: 0.0021590 seconds
115.382: Application time: 0.0481770 seconds
115.383: [GC115.383: [ParNew: 54797K->5497K(55872K), 0.0017870 secs] 151135K->101892K(182144K), 0.0018300 secs] [Times: user=0.01 sys=0.00, real=0.00 secs] 
115.385: Total time for which application threads were stopped: 0.0033350 seconds, Stopping threads took: 0.0014170 seconds
115.435: Application time: 0.0497410 seconds
115.438: [GC115.438: [ParNew: 55161K->6206K(55872K), 0.0020990 secs] 151556K->102925K(182144K), 0.0021420 secs] [Times: user=0.02 sys=0.00, real=0.00 secs] 
115.440: Total time for which application threads were stopped: 0.0051220 seconds, Stopping threads took: 0.0029160 seconds
115.488: Application time: 0.0480500 seconds
115.490: [GC115.490: [ParNew: 55870K->6206K(55872K), 0.0023190 secs] 152589K->104203K(182144K), 0.0023610 secs] [Times: user=0.02 sys=0.00, real=0.00 secs] 
115.492: Total time for which application threads were stopped: 0.0041710 seconds, Stopping threads took: 0.0017450 seconds
115.542: Application time: 0.0494330 seconds
115.544: [GC115.544: [ParNew: 55870K->6206K(55872K), 0.0022040 secs] 153867K->105104K(182144K), 0.0022510 secs] [Times: user=0.01 sys=0.00, real=0.00 secs] 
115.546: Total time for which application threads were stopped: 0.0046070 seconds, Stopping threads took: 0.0022860 seconds
115.593: Application time: 0.0470760 seconds
115.596: [GC115.596: [ParNew: 55870K->6206K(55872K), 0.0022040 secs] 154768K->105997K(182144K), 0.0022500 secs] [Times: user=0.02 sys=0.00, real=0.00 secs] 
115.598: Total time for which application threads were stopped: 0.0044810 seconds, Stopping threads took: 0.0021640 seconds
115.646: Application time: 0.0482170 seconds
115.648: [GC115.648: [ParNew: 55870K->5487K(55872K), 0.0017790 secs] 155661K->105306K(182144K), 0.0018240 secs] [Times: user=0.01 sys=0.00, real=0.00 secs] 
115.650: Total time for which application threads were stopped: 0.0036350 seconds, Stopping threads took: 0.0017260 seconds
115.697: Application time: 0.0471220 seconds
115.699: [GC115.699: [ParNew: 55151K->6207K(55872K), 0.0020850 secs] 154970K->106340K(182144K), 0.0021290 secs] [Times: user=0.01 sys=0.00, real=0.00 secs] 
115.701: Total time for which application threads were stopped: 0.0041000 seconds, Stopping threads took: 0.0018910 seconds
115.749: Application time: 0.0476390 seconds
115.751: [GC115.751: [ParNew: 55871K->6206K(55872K), 0.0021240 secs] 156004K->107142K(182144K), 0.0021760 secs] [Times: user=0.01 sys=0.00, real=0.00 secs] 
115.753: Total time for which application threads were stopped: 0.0043630 seconds, Stopping threads took: 0.0021220 seconds
115.798: Application time: 0.0449700 seconds
115.799: [GC115.799: [ParNew: 55870K->6207K(55872K), 0.0024180 secs] 156806K->108762K(182144K), 0.0024650 secs] [Times: user=0.01 sys=0.00, real=0.01 secs] 
115.802: Total time for which application threads were stopped: 0.0038110 seconds, Stopping threads took: 0.0012790 seconds
115.846: Application time: 0.0441860 seconds
115.848: [GC115.848: [ParNew: 55871K->6207K(55872K), 0.0021650 secs] 158426K->109596K(182144K), 0.0022070 secs] [Times: user=0.02 sys=0.00, real=0.00 secs] 
115.850: Total time for which application threads were stopped: 0.0042110 seconds, Stopping threads took: 0.0019390 seconds
115.894: Application time: 0.0439980 seconds
115.895: [GC115.895: [ParNew: 55871K->6207K(55872K), 0.0020260 secs] 159260K->109831K(182144K), 0.0020650 secs] [Times: user=0.01 sys=0.00, real=0.00 secs] 
115.897: Total time for which application threads were stopped: 0.0029870 seconds, Stopping threads took: 0.0008570 seconds
115.943: Application time: 0.0454050 seconds
115.945: [GC115.945: [ParNew: 55871K->6206K(55872K), 0.0019300 secs] 159495K->109934K(182144K), 0.0019750 secs] [Times: user=0.01 sys=0.00, real=0.00 secs] 
115.947: Total time for which application threads were stopped: 0.0046640 seconds, Stopping threads took: 0.0026230 seconds
 CMS: abort preclean due to time 115.949: [CMS-concurrent-abortable-preclean: 0.285/5.043 secs] [Times: user=38.69 sys=0.15, real=5.04 secs] 
115.949: Application time: 0.0022040 seconds
115.952: [GC[YG occupancy: 11791 K (55872 K)]115.952: [Rescan (parallel) , 0.0003170 secs]115.952: [weak refs processing, 0.0000100 secs]115.952: [scrub string table, 0.0001130 secs] [1 CMS-remark: 103727K(126272K)] 115518K(182144K), 0.0005000 secs] [Times: user=0.00 sys=0.00, real=0.00 secs] 
115.952: Total time for which application threads were stopped: 0.0030230 seconds, Stopping threads took: 0.0024700 seconds
115.953: [CMS-concurrent-sweep-start]
115.959: [CMS-concurrent-sweep: 0.007/0.007 secs] [Times: user=0.04 sys=0.00, real=0.01 secs] 
115.959: [CMS-concurrent-reset-start]
115.960: [CMS-concurrent-reset: 0.000/0.000 secs] [Times: user=0.00 sys=0.00, real=0.00 secs] 
115.993: Application time: 0.0407350 seconds
115.995: [GC115.995: [ParNew: 55870K->6206K(55872K), 0.0020690 secs] 119732K->70682K(182144K), 0.0021090 secs] [Times: user=0.01 sys=0.00, real=0.00 secs] 
115.997: Total time for which application threads were stopped: 0.0037880 seconds, Stopping threads took: 0.0016120 seconds
116.043: Application time: 0.0458360 seconds
116.044: [GC116.044: [ParNew: 55870K->5384K(55872K), 0.0016820 secs] 120346K->69860K(182144K), 0.0017210 secs] [Times: user=0.01 sys=0.00, real=0.00 secs] 
116.046: Total time for which application threads were stopped: 0.0027380 seconds, Stopping threads took: 0.0009530 seconds
116.090: Application time: 0.0446900 seconds
116.092: [GC116.092: [ParNew: 55048K->5934K(55872K), 0.0018090 secs] 119524K->70410K(182144K), 0.0018600 secs] [Times: user=0.01 sys=0.00, real=0.01 secs] 
116.093: Total time for which application threads were stopped: 0.0031650 seconds, Stopping threads took: 0.0012380 seconds
116.138: Application time: 0.0448590 seconds
116.140: [GC116.140: [ParNew: 55598K->6055K(55872K), 0.0018880 secs] 120074K->70560K(182144K), 0.0019310 secs] [Times: user=0.02 sys=0.00, real=0.01 secs] 
116.142: Total time for which application threads were stopped: 0.0038840 seconds, Stopping threads took: 0.0018890 seconds
116.186: Application time: 0.0434460 seconds
116.188: [GC116.188: [ParNew: 55719K->6207K(55872K), 0.0023960 secs] 120224K->72044K(182144K), 0.0024390 secs] [Times: user=0.02 sys=0.00, real=0.00 secs] 
116.191: Total time for which application threads were stopped: 0.0052940 seconds, Stopping threads took: 0.0027870 seconds
116.201: Application time: 0.0105430 seconds
116.206: [GC [1 CMS-initial-mark: 65836K(126272K)] 84476K(182144K), 0.0005940 secs] [Times: user=0.00 sys=0.00, real=0.00 secs] 
116.207: Total time for which application threads were stopped: 0.0056110 seconds, Stopping threads took: 0.0049830 seconds
116.207: [CMS-concurrent-mark-start]
116.211: [CMS-concurrent-mark: 0.004/0.004 secs] [Times: user=0.03 sys=0.00, real=0.00 secs] 
116.211: [CMS-concurrent-preclean-start]
116.212: [CMS-concurrent-preclean: 0.000/0.000 secs] [Times: user=0.00 sys=0.00, real=0.00 secs] 
116.212: [CMS-concurrent-abortable-preclean-start]
116.241: Application time: 0.0342980 seconds
116.243: [GC116.243: [ParNew: 55871K->6206K(55872K), 0.0021940 secs] 121708K->72809K(182144K), 0.0022350 secs] [Times: user=0.02 sys=0.00, real=0.00 secs] 
116.246: Total time for which application threads were stopped: 0.0043590 seconds, Stopping threads took: 0.0020390 seconds
116.290: Application time: 0.0442020 seconds
116.292: [GC116.292: [ParNew: 55870K->6207K(55872K), 0.0020780 secs] 122473K->73445K(182144K), 0.0021210 secs] [Times: user=0.01 sys=0.00, real=0.01 secs] 
116.294: Total time for which application threads were stopped: 0.0045390 seconds, Stopping threads took: 0.0023540 seconds
116.342: Application time: 0.0476290 seconds
116.344: [GC116.344: [ParNew: 55871K->5924K(55872K), 0.0018390 secs] 123109K->73219K(182144K), 0.0018780 secs] [Times: user=0.01 sys=0.00, real=0.00 secs] 
116.346: Total time for which application threads were stopped: 0.0042380 seconds, Stopping threads took: 0.0022980 seconds
116.395: Application time: 0.0482400 seconds
116.396: [GC116.396: [ParNew: 55588K->4299K(55872K), 0.0014770 secs] 122883K->71623K(182144K), 0.0015180 secs] [Times: user=0.01 sys=0.00, real=0.00 secs] 
116.398: Total time for which application threads were stopped: 0.0030120 seconds, Stopping threads took: 0.0014220 seconds
116.443: Application time: 0.0458860 seconds
116.446: [GC116.446: [ParNew: 53963K->5540K(55872K), 0.0017160 secs] 121287K->72949K(182144K), 0.0017550 secs] [Times: user=0.01 sys=0.00, real=0.00 secs] 
116.447: Total time for which application threads were stopped: 0.0037970 seconds, Stopping threads took: 0.0019800 seconds
116.493: Application time: 0.0452350 seconds
116.494: [GC116.494: [ParNew: 55204K->6207K(55872K), 0.0020010 secs] 122613K->73975K(182144K), 0.0020450 secs] [Times: user=0.01 sys=0.01, real=0.00 secs] 
116.496: Total time for which application threads were stopped: 0.0033660 seconds, Stopping threads took: 0.0012570 seconds
116.544: Application time: 0.0485600 seconds
116.546: [GC116.546: [ParNew: 55871K->4030K(55872K), 0.0015730 secs] 123639K->71797K(182144K), 0.0016140 secs] [Times: user=0.01 sys=0.00, real=0.00 secs] 
116.548: Total time for which application threads were stopped: 0.0034390 seconds, Stopping threads took: 0.0017400 seconds
116.591: Application time: 0.0427320 seconds
116.593: [GC116.593: [ParNew: 53694K->6207K(55872K), 0.0024540 secs] 121461K->75671K(182144K), 0.0024980 secs] [Times: user=0.02 sys=0.00, real=0.00 secs] 
116.596: Total time for which application threads were stopped: 0.0052690 seconds, Stopping threads took: 0.0027040 seconds
116.641: Application time: 0.0453280 seconds
116.642: [GC116.642: [ParNew: 55871K->6207K(55872K), 0.0021630 secs] 125335K->76369K(182144K), 0.0022040 secs] [Times: user=0.02 sys=0.00, real=0.00 secs] 
116.644: Total time for which application threads were stopped: 0.0032070 seconds, Stopping threads took: 0.0009400 seconds
116.692: Application time: 0.0470820 seconds
116.693: [GC116.693: [ParNew: 55871K->5025K(55872K), 0.0016000 secs] 126033K->75216K(182144K), 0.0016390 secs] [Times: user=0.01 sys=0.00, real=0.01 secs] 
116.694: Total time for which application threads were stopped: 0.0027710 seconds, Stopping threads took: 0.0010710 seconds
116.740: Application time: 0.0461440 seconds
116.742: [GC116.742: [ParNew: 54689K->5432K(55872K), 0.0016310 secs] 124880K->75623K(182144K), 0.0016710 secs] [Times: user=0.01 sys=0.00, real=0.00 secs] 
116.744: Total time for which application threads were stopped: 0.0036090 seconds, Stopping threads took: 0.0018660 seconds
116.789: Application time: 0.0445980 seconds
116.790: [GC116.790: [ParNew: 55096K->6207K(55872K), 0.0021760 secs] 125287K->77136K(182144K), 0.0022200 secs] [Times: user=0.01 sys=0.00, real=0.00 secs] 
116.792: Total time for which application threads were stopped: 0.0035190 seconds, Stopping threads took: 0.0012090 seconds
116.834: Application time: 0.0420050 seconds
116.837: [GC116.837: [ParNew: 55871K->6207K(55872K), 0.0023780 secs] 126800K->78665K(182144K), 0.0024210 secs] [Times: user=0.02 sys=0.00, real=0.00 secs] 
116.839: Total time for which application threads were stopped: 0.0047630 seconds, Stopping threads took: 0.0022770 seconds
116.885: Application time: 0.0458550 seconds
116.887: [GC116.887: [ParNew: 55871K->6206K(55872K), 0.0020110 secs] 128329K->79118K(182144K), 0.0020530 secs] [Times: user=0.02 sys=0.00, real=0.00 secs] 
116.889: Total time for which application threads were stopped: 0.0041380 seconds, Stopping threads took: 0.0020220 seconds
116.934: Application time: 0.0449380 seconds
116.936: [GC116.936: [ParNew: 55870K->6206K(55872K), 0.0023040 secs] 128782K->80261K(182144K), 0.0023470 secs] [Times: user=0.02 sys=0.00, real=0.00 secs] 
116.938: Total time for which application threads were stopped: 0.0043990 seconds, Stopping threads took: 0.0019760 seconds
116.983: Application time: 0.0451120 seconds
116.986: [GC116.986: [ParNew: 55870K->6207K(55872K), 0.0019130 secs] 129925K->80391K(182144K), 0.0019570 secs] [Times: user=0.02 sys=0.00, real=0.00 secs] 
116.988: Total time for which application threads were stopped: 0.0043200 seconds, Stopping threads took: 0.0022990 seconds
117.037: Application time: 0.0491530 seconds
117.038: [GC117.038: [ParNew: 55871K->2791K(55872K), 0.0012000 secs] 130055K->76975K(182144K), 0.0012310 secs] [Times: user=0.01 sys=0.00, real=0.00 secs] 
117.040: Total time for which application threads were stopped: 0.0026850 seconds, Stopping threads took: 0.0013990 seconds
117.084: Application time: 0.0442400 seconds
117.086: [GC117.086: [ParNew: 52455K->6206K(55872K), 0.0021720 secs] 126639K->80579K(182144K), 0.0022180 secs] [Times: user=0.02 sys=0.00, real=0.00 secs] 
117.088: Total time for which application threads were stopped: 0.0040790 seconds, Stopping threads took: 0.0017710 seconds
117.132: Application time: 0.0440170 seconds
117.134: [GC117.134: [ParNew: 55870K->6207K(55872K), 0.0021000 secs] 130243K->81245K(182144K), 0.0021430 secs] [Times: user=0.02 sys=0.00, real=0.00 secs] 
117.136: Total time for which application threads were stopped: 0.0045210 seconds, Stopping threads took: 0.0023130 seconds
117.181: Application time: 0.0449150 seconds
117.184: [GC117.184: [ParNew: 55871K->6207K(55872K), 0.0023280 secs] 130909K->82394K(182144K), 0.0023740 secs] [Times: user=0.02 sys=0.00, real=0.00 secs] 
117.186: Total time for which application threads were stopped: 0.0050530 seconds, Stopping threads took: 0.0026120 seconds
117.231: Application time: 0.0449070 seconds
117.233: [GC117.233: [ParNew: 55871K->6206K(55872K), 0.0022240 secs] 132058K->83211K(182144K), 0.0022690 secs] [Times: user=0.02 sys=0.00, real=0.01 secs] 
117.235: Total time for which application threads were stopped: 0.0038550 seconds, Stopping threads took: 0.0015200 seconds
117.280: Application time: 0.0452230 seconds
117.282: [GC117.282: [ParNew: 55870K->6206K(55872K), 0.0021600 secs] 132875K->83892K(182144K), 0.0022010 secs] [Times: user=0.01 sys=0.00, real=0.00 secs] 
117.284: Total time for which application threads were stopped: 0.0036130 seconds, Stopping threads took: 0.0013480 seconds
117.329: Application time: 0.0448940 seconds
117.331: [GC117.331: [ParNew: 55870K->6206K(55872K), 0.0021620 secs] 133556K->84695K(182144K), 0.0022060 secs] [Times: user=0.02 sys=0.00, real=0.00 secs] 
117.333: Total time for which application threads were stopped: 0.0040690 seconds, Stopping threads took: 0.0017990 seconds
117.377: Application time: 0.0440690 seconds
117.378: [GC117.378: [ParNew: 55870K->6206K(55872K), 0.0021910 secs] 134359K->85378K(182144K), 0.0022440 secs] [Times: user=0.02 sys=0.00, real=0.00 secs] 
117.380: Total time for which application threads were stopped: 0.0033080 seconds, Stopping threads took: 0.0009790 seconds
117.425: Application time: 0.0444490 seconds
117.427: [GC117.427: [ParNew: 55870K->6206K(55872K), 0.0020520 secs] 135042K->85688K(182144K), 0.0020930 secs] [Times: user=0.01 sys=0.00, real=0.00 secs] 
117.429: Total time for which application threads were stopped: 0.0040800 seconds, Stopping threads took: 0.0019220 seconds
117.472: Application time: 0.0432310 seconds
117.474: [GC117.474: [ParNew: 55870K->6206K(55872K), 0.0023330 secs] 135352K->86975K(182144K), 0.0023760 secs] [Times: user=0.02 sys=0.00, real=0.00 secs] 
117.476: Total time for which application threads were stopped: 0.0038710 seconds, Stopping threads took: 0.0014220 seconds
117.519: Application time: 0.0429290 seconds
117.521: [GC117.521: [ParNew: 55870K->6207K(55872K), 0.0018740 secs] 136639K->87073K(182144K), 0.0019150 secs] [Times: user=0.01 sys=0.00, real=0.01 secs] 
117.523: Total time for which application threads were stopped: 0.0039420 seconds, Stopping threads took: 0.0019530 seconds
117.567: Application time: 0.0438210 seconds
117.570: [GC117.570: [ParNew: 55871K->6206K(55872K), 0.0020380 secs] 136737K->87229K(182144K), 0.0020790 secs] [Times: user=0.01 sys=0.00, real=0.00 secs] 
117.572: Total time for which application threads were stopped: 0.0050030 seconds, Stopping threads took: 0.0028380 seconds
117.618: Application time: 0.0465220 seconds
117.620: [GC117.620: [ParNew: 55870K->5718K(55872K), 0.0019030 secs] 136893K->86740K(182144K), 0.0019450 secs] [Times: user=0.01 sys=0.00, real=0.01 secs] 
117.622: Total time for which application threads were stopped: 0.0039430 seconds, Stopping threads took: 0.0019340 seconds
117.667: Application time: 0.0445800 seconds
117.668: [GC117.668: [ParNew: 55382K->6207K(55872K), 0.0022820 secs] 136404K->88250K(182144K), 0.0023280 secs] [Times: user=0.01 sys=0.00, real=0.00 secs] 
117.670: Total time for which application threads were stopped: 0.0037440 seconds, Stopping threads took: 0.0013270 seconds
117.715: Application time: 0.0445490 seconds
117.718: [GC117.718: [ParNew: 55871K->6206K(55872K), 0.0022100 secs] 137914K->89225K(182144K), 0.0022540 secs] [Times: user=0.01 sys=0.00, real=0.00 secs] 
117.720: Total time for which application threads were stopped: 0.0052740 seconds, Stopping threads took: 0.0029570 seconds
117.766: Application time: 0.0452560 seconds
117.767: [GC117.767: [ParNew: 55870K->6207K(55872K), 0.0020830 secs] 138889K->89724K(182144K), 0.0021250 secs] [Times: user=0.02 sys=0.00, real=0.00 secs] 
117.769: Total time for which application threads were stopped: 0.0036210 seconds, Stopping threads took: 0.0014310 seconds
117.815: Application time: 0.0453880 seconds
117.817: [GC117.817: [ParNew: 55871K->6206K(55872K), 0.0021670 secs] 139388K->90720K(182144K), 0.0022100 secs] [Times: user=0.02 sys=0.00, real=0.00 secs] 
117.820: Total time for which application threads were stopped: 0.0050330 seconds, Stopping threads took: 0.0027490 seconds
117.864: Application time: 0.0444810 seconds
117.865: [GC117.865: [ParNew: 55870K->5193K(55872K), 0.0016480 secs] 140384K->89760K(182144K), 0.0016900 secs] [Times: user=0.02 sys=0.00, real=0.00 secs] 
117.867: Total time for which application threads were stopped: 0.0027810 seconds, Stopping threads took: 0.0010280 seconds
117.913: Application time: 0.0463680 seconds
117.916: [GC117.916: [ParNew: 54857K->5944K(55872K), 0.0018660 secs] 139424K->90510K(182144K), 0.0019090 secs] [Times: user=0.01 sys=0.00, real=0.00 secs] 
117.918: Total time for which application threads were stopped: 0.0048300 seconds, Stopping threads took: 0.0028570 seconds
117.964: Application time: 0.0456910 seconds
117.966: [GC117.966: [ParNew: 55608K->6207K(55872K), 0.0023510 secs] 140174K->91969K(182144K), 0.0023970 secs] [Times: user=0.02 sys=0.00, real=0.00 secs] 
117.969: Total time for which application threads were stopped: 0.0048800 seconds, Stopping threads took: 0.0024070 seconds
118.012: Application time: 0.0435750 seconds
118.014: [GC118.014: [ParNew: 55871K->6206K(55872K), 0.0020500 secs] 141633K->92044K(182144K), 0.0020890 secs] [Times: user=0.02 sys=0.00, real=0.00 secs] 
118.016: Total time for which application threads were stopped: 0.0037200 seconds, Stopping threads took: 0.0015570 seconds
118.061: Application time: 0.0446260 seconds
118.064: [GC118.064: [ParNew: 55870K->6207K(55872K), 0.0024900 secs] 141708K->93065K(182144K), 0.0025350 secs] [Times: user=0.00 sys=0.01, real=0.00 secs] 
118.066: Total time for which application threads were stopped: 0.0054670 seconds, Stopping threads took: 0.0028460 seconds
118.112: Application time: 0.0459490 seconds
118.115: [GC118.115: [ParNew: 55871K->6105K(55872K), 0.0020400 secs] 142729K->92963K(182144K), 0.0020810 secs] [Times: user=0.02 sys=0.00, real=0.00 secs] 
118.117: Total time for which application threads were stopped: 0.0046130 seconds, Stopping threads took: 0.0024610 seconds
118.159: Application time: 0.0424320 seconds
118.161: [GC118.161: [ParNew: 55769K->6206K(55872K), 0.0021700 secs] 142627K->93843K(182144K), 0.0022130 secs] [Times: user=0.02 sys=0.00, real=0.01 secs] 
118.163: Total time for which application threads were stopped: 0.0038270 seconds, Stopping threads took: 0.0015490 seconds
118.209: Application time: 0.0459630 seconds
118.212: [GC118.212: [ParNew: 55870K->5805K(55872K), 0.0017040 secs] 143507K->93471K(182144K), 0.0017460 secs] [Times: user=0.01 sys=0.00, real=0.01 secs] 
118.214: Total time for which application threads were stopped: 0.0049340 seconds, Stopping threads took: 0.0031250 seconds
118.260: Application time: 0.0459810 seconds
118.261: [GC118.261: [ParNew: 55469K->4384K(55872K), 0.0015460 secs] 143135K->92079K(182144K), 0.0015840 secs] [Times: user=0.01 sys=0.00, real=0.01 secs] 
118.263: Total time for which application threads were stopped: 0.0028460 seconds, Stopping threads took: 0.0012040 seconds
118.308: Application time: 0.0456870 seconds
118.310: [GC118.310: [ParNew: 54048K->5959K(55872K), 0.0018280 secs] 141743K->93654K(182144K), 0.0018660 secs] [Times: user=0.01 sys=0.00, real=0.00 secs] 
118.312: Total time for which application threads were stopped: 0.0040220 seconds, Stopping threads took: 0.0020950 seconds
118.356: Application time: 0.0438060 seconds
118.358: [GC118.358: [ParNew: 55623K->6206K(55872K), 0.0021810 secs] 143318K->94398K(182144K), 0.0022270 secs] [Times: user=0.02 sys=0.00, real=0.00 secs] 
118.360: Total time for which application threads were stopped: 0.0041780 seconds, Stopping threads took: 0.0018610 seconds
118.407: Application time: 0.0461920 seconds
118.408: [GC118.408: [ParNew: 55870K->5572K(55872K), 0.0018890 secs] 144062K->93822K(182144K), 0.0019300 secs] [Times: user=0.02 sys=0.00, real=0.00 secs] 
118.410: Total time for which application threads were stopped: 0.0033710 seconds, Stopping threads took: 0.0013770 seconds
118.455: Application time: 0.0452690 seconds
118.456: [GC118.456: [ParNew: 55236K->6112K(55872K), 0.0020010 secs] 143486K->94447K(182144K), 0.0020450 secs] [Times: user=0.01 sys=0.00, real=0.00 secs] 
118.458: Total time for which application threads were stopped: 0.0029080 seconds, Stopping threads took: 0.0008000 seconds
118.501: Application time: 0.0425150 seconds
118.503: [GC118.503: [ParNew: 55776K->6206K(55872K), 0.0024000 secs] 144111K->95846K(182144K), 0.0024480 secs] [Times: user=0.02 sys=0.00, real=0.00 secs] 
118.505: Total time for which application threads were stopped: 0.0048400 seconds, Stopping threads took: 0.0023320 seconds
118.551: Application time: 0.0458890 seconds
118.554: [GC118.554: [ParNew: 55870K->6039K(55872K), 0.0019570 secs] 145510K->95678K(182144K), 0.0020000 secs] [Times: user=0.01 sys=0.00, real=0.00 secs] 
118.556: Total time for which application threads were stopped: 0.0043710 seconds, Stopping threads took: 0.0023040 seconds
118.599: Application time: 0.0430250 seconds
118.601: [GC118.601: [ParNew: 55703K->6206K(55872K), 0.0023780 secs] 145342K->97015K(182144K), 0.0024310 secs] [Times: user=0.01 sys=0.00, real=0.01 secs] 
118.603: Total time for which application threads were stopped: 0.0047150 seconds, Stopping threads took: 0.0021950 seconds
118.648: Application time: 0.0443970 seconds
118.649: [GC118.649: [ParNew: 55870K->6206K(55872K), 0.0021580 secs] 146679K->97733K(182144K), 0.0022020 secs] [Times: user=0.02 sys=0.00, real=0.00 secs] 
118.652: Total time for which application threads were stopped: 0.0038360 seconds, Stopping threads took: 0.0015690 seconds
118.695: Application time: 0.0432630 seconds
118.697: [GC118.697: [ParNew: 55870K->6207K(55872K), 0.0021030 secs] 147397K->98462K(182144K), 0.0021460 secs] [Times: user=0.02 sys=0.00, real=0.00 secs] 
118.700: Total time for which application threads were stopped: 0.0046320 seconds, Stopping threads took: 0.0024150 seconds
118.744: Application time: 0.0441540 seconds
118.745: [GC118.745: [ParNew: 55871K->6206K(55872K), 0.0022770 secs] 148126K->99533K(182144K), 0.0023200 secs] [Times: user=0.02 sys=0.00, real=0.00 secs] 
118.748: Total time for which application threads were stopped: 0.0039390 seconds, Stopping threads took: 0.0015530 seconds
118.791: Application time: 0.0432360 seconds
118.793: [GC118.793: [ParNew: 55870K->6207K(55872K), 0.0021630 secs] 149197K->100355K(182144K), 0.0022050 secs] [Times: user=0.02 sys=0.00, real=0.01 secs] 
118.796: Total time for which application threads were stopped: 0.0046260 seconds, Stopping threads took: 0.0023580 seconds
118.840: Application time: 0.0446740 seconds
118.843: [GC118.843: [ParNew: 55871K->6169K(55872K), 0.0018760 secs] 150019K->100316K(182144K), 0.0019190 secs] [Times: user=0.02 sys=0.00, real=0.00 secs] 
118.845: Total time for which application threads were stopped: 0.0051360 seconds, Stopping threads took: 0.0031520 seconds
118.891: Application time: 0.0455600 seconds
118.892: [GC118.892: [ParNew: 55833K->6206K(55872K), 0.0021970 secs] 149980K->101168K(182144K), 0.0022390 secs] [Times: user=0.01 sys=0.00, real=0.01 secs] 
118.895: Total time for which application threads were stopped: 0.0038040 seconds, Stopping threads took: 0.0014990 seconds
118.943: Application time: 0.0479340 seconds
118.944: [GC118.944: [ParNew: 55870K->3959K(55872K), 0.0014340 secs] 150832K->98949K(182144K), 0.0014710 secs] [Times: user=0.01 sys=0.00, real=0.00 secs] 
118.946: Total time for which application threads were stopped: 0.0032800 seconds, Stopping threads took: 0.0017470 seconds
118.992: Application time: 0.0463220 seconds
118.994: [GC118.994: [ParNew: 53623K->6206K(55872K), 0.0021510 secs] 148613K->102033K(182144K), 0.0021910 secs] [Times: user=0.01 sys=0.00, real=0.00 secs] 
118.996: Total time for which application threads were stopped: 0.0038570 seconds, Stopping threads took: 0.0015810 seconds
119.042: Application time: 0.0456730 seconds
119.043: [GC119.043: [ParNew: 55870K->6206K(55872K), 0.0025210 secs] 151697K->103687K(182144K), 0.0025630 secs] [Times: user=0.02 sys=0.00, real=0.00 secs] 
119.046: Total time for which application threads were stopped: 0.0039900 seconds, Stopping threads took: 0.0013380 seconds
119.090: Application time: 0.0440530 seconds
119.092: [GC119.092: [ParNew: 55870K->6206K(55872K), 0.0020530 secs] 153351K->103910K(182144K), 0.0020940 secs] [Times: user=0.02 sys=0.00, real=0.01 secs] 
119.094: Total time for which application threads were stopped: 0.0037720 seconds, Stopping threads took: 0.0015860 seconds
119.138: Application time: 0.0446590 seconds
119.141: [GC119.141: [ParNew: 55870K->6207K(55872K), 0.0022220 secs] 153574K->104460K(182144K), 0.0022690 secs] [Times: user=0.02 sys=0.00, real=0.01 secs] 
119.143: Total time for which application threads were stopped: 0.0048270 seconds, Stopping threads took: 0.0024930 seconds
119.188: Application time: 0.0453030 seconds
119.190: [GC119.190: [ParNew: 55871K->6206K(55872K), 0.0022100 secs] 154124K->105482K(182144K), 0.0022510 secs] [Times: user=0.01 sys=0.00, real=0.00 secs] 
119.193: Total time for which application threads were stopped: 0.0041420 seconds, Stopping threads took: 0.0018270 seconds
119.238: Application time: 0.0456520 seconds
119.241: [GC119.241: [ParNew: 55870K->6206K(55872K), 0.0023530 secs] 155146K->106855K(182144K), 0.0024100 secs] [Times: user=0.02 sys=0.00, real=0.01 secs] 
119.243: Total time for which application threads were stopped: 0.0050550 seconds, Stopping threads took: 0.0025770 seconds
119.289: Application time: 0.0459760 seconds
119.292: [GC119.292: [ParNew: 55870K->5731K(55872K), 0.0017050 secs] 156519K->106409K(182144K), 0.0017440 secs] [Times: user=0.01 sys=0.00, real=0.01 secs] 
119.294: Total time for which application threads were stopped: 0.0045730 seconds, Stopping threads took: 0.0027660 seconds
119.339: Application time: 0.0448890 seconds
119.341: [GC119.341: [ParNew: 55395K->6206K(55872K), 0.0024830 secs] 156073K->108349K(182144K), 0.0025330 secs] [Times: user=0.02 sys=0.00, real=0.01 secs] 
119.344: Total time for which application threads were stopped: 0.0049600 seconds, Stopping threads took: 0.0023520 seconds
119.388: Application time: 0.0442740 seconds
119.390: [GC119.390: [ParNew: 55870K->6207K(55872K), 0.0023740 secs] 158013K->109913K(182144K), 0.0024190 secs] [Times: user=0.02 sys=0.00, real=0.00 secs] 
119.392: Total time for which application threads were stopped: 0.0042240 seconds, Stopping threads took: 0.0017180 seconds
119.439: Application time: 0.0470180 seconds
119.442: [GC119.442: [ParNew: 55871K->6206K(55872K), 0.0021900 secs] 159577K->110458K(182144K), 0.0022350 secs] [Times: user=0.01 sys=0.00, real=0.00 secs] 
119.444: Total time for which application threads were stopped: 0.0051700 seconds, Stopping threads took: 0.0028690 seconds
119.492: Application time: 0.0480530 seconds
119.493: [GC119.493: [ParNew: 55870K->6206K(55872K), 0.0024680 secs] 160122K->111427K(182144K), 0.0025140 secs] [Times: user=0.02 sys=0.00, real=0.01 secs] 
119.495: Total time for which application threads were stopped: 0.0028230 seconds, Stopping threads took: 0.0002410 seconds
119.540: Application time: 0.0446990 seconds
119.542: [GC119.542: [ParNew: 55870K->6207K(55872K), 0.0024150 secs] 161091K->112579K(182144K), 0.0024580 secs] [Times: user=0.02 sys=0.00, real=0.00 secs] 
119.544: Total time for which application threads were stopped: 0.0042470 seconds, Stopping threads took: 0.0017040 seconds
119.588: Application time: 0.0439110 seconds
119.591: [GC119.591: [ParNew: 55871K->6207K(55872K), 0.0022470 secs] 162243K->113230K(182144K), 0.0022930 secs] [Times: user=0.02 sys=0.00, real=0.00 secs] 
119.593: Total time for which application threads were stopped: 0.0048220 seconds, Stopping threads took: 0.0024420 seconds
119.639: Application time: 0.0459750 seconds
119.641: [GC119.641: [ParNew: 55871K->4489K(55872K), 0.0015720 secs] 162894K->111512K(182144K), 0.0016130 secs] [Times: user=0.01 sys=0.00, real=0.01 secs] 
119.643: Total time for which application threads were stopped: 0.0038480 seconds, Stopping threads took: 0.0021630 seconds
119.689: Application time: 0.0460040 seconds
119.690: [GC119.690: [ParNew: 54153K->3593K(55872K), 0.0015110 secs] 161176K->110616K(182144K), 0.0015500 secs] [Times: user=0.01 sys=0.00, real=0.00 secs] 
119.691: Total time for which application threads were stopped: 0.0027100 seconds, Stopping threads took: 0.0010780 seconds
119.736: Application time: 0.0444220 seconds
119.738: [GC119.738: [ParNew: 53257K->5418K(55872K), 0.0017820 secs] 160280K->112470K(182144K), 0.0018190 secs] [Times: user=0.02 sys=0.00, real=0.00 secs] 
119.740: Total time for which application threads were stopped: 0.0043160 seconds, Stopping threads took: 0.0024130 seconds
119.788: Application time: 0.0481100 seconds
119.791: [GC119.791: [ParNew: 55082K->4427K(55872K), 0.0015910 secs] 162134K->111507K(182144K), 0.0016330 secs] [Times: user=0.01 sys=0.00, real=0.00 secs] 
119.792: Total time for which application threads were stopped: 0.0040680 seconds, Stopping threads took: 0.0023610 seconds
119.842: Application time: 0.0494690 seconds
119.842: [GC119.842: [ParNew: 54091K->5171K(55872K), 0.0019140 secs] 161171K->112251K(182144K), 0.0019650 secs] [Times: user=0.01 sys=0.00, real=0.00 secs] 
119.844: Total time for which application threads were stopped: 0.0024690 seconds, Stopping threads took: 0.0004270 seconds
119.892: Application time: 0.0480870 seconds
119.894: [GC119.894: [ParNew: 54835K->6206K(55872K), 0.0020410 secs] 161915K->113552K(182144K), 0.0020830 secs] [Times: user=0.02 sys=0.00, real=0.00 secs] 
119.896: Total time for which application threads were stopped: 0.0039500 seconds, Stopping threads took: 0.0017770 seconds
119.944: Application time: 0.0479550 seconds
119.947: [GC119.947: [ParNew: 55870K->6207K(55872K), 0.0023980 secs] 163216K->114790K(182144K), 0.0024450 secs] [Times: user=0.01 sys=0.01, real=0.00 secs] 
119.950: Total time for which application threads were stopped: 0.0051980 seconds, Stopping threads took: 0.0026840 seconds
119.995: Application time: 0.0452960 seconds
119.997: [GC119.997: [ParNew: 55871K->6207K(55872K), 0.0022780 secs] 164454K->115839K(182144K), 0.0023240 secs] [Times: user=0.02 sys=0.00, real=0.00 secs] 
119.999: Total time for which application threads were stopped: 0.0044350 seconds, Stopping threads took: 0.0020420 seconds
120.047: Application time: 0.0480990 seconds
120.050: [GC120.050: [ParNew: 55871K->6206K(55872K), 0.0021360 secs] 165503K->116216K(182144K), 0.0021790 secs] [Times: user=0.01 sys=0.00, real=0.00 secs] 
120.052: Total time for which application threads were stopped: 0.0050100 seconds, Stopping threads took: 0.0027630 seconds
120.099: Application time: 0.0465180 seconds
120.101: [GC120.101: [ParNew: 55870K->6206K(55872K), 0.0022400 secs] 165880K->116897K(182144K), 0.0022840 secs] [Times: user=0.02 sys=0.00, real=0.00 secs] 
120.104: Total time for which application threads were stopped: 0.0048770 seconds, Stopping threads took: 0.0025270 seconds
120.151: Application time: 0.0474660 seconds
120.153: [GC120.153: [ParNew: 55870K->6207K(55872K), 0.0022820 secs] 166561K->117366K(182144K), 0.0023340 secs] [Times: user=0.02 sys=0.00, real=0.01 secs] 
120.155: Total time for which application threads were stopped: 0.0041050 seconds, Stopping threads took: 0.0016640 seconds
120.204: Application time: 0.0487320 seconds
120.207: [GC120.207: [ParNew: 55871K->6206K(55872K), 0.0019180 secs] 167030K->117387K(182144K), 0.0019600 secs] [Times: user=0.02 sys=0.00, real=0.00 secs] 
120.209: Total time for which application threads were stopped: 0.0047090 seconds, Stopping threads took: 0.0026620 seconds
120.257: Application time: 0.0483200 seconds
120.259: [GC120.259: [ParNew: 55870K->6206K(55872K), 0.0023860 secs] 167051K->118735K(182144K), 0.0024350 secs] [Times: user=0.02 sys=0.00, real=0.01 secs] 
120.262: Total time for which application threads were stopped: 0.0046820 seconds, Stopping threads took: 0.0021580 seconds
120.309: Application time: 0.0475370 seconds
120.312: [GC120.312: [ParNew: 55870K->6207K(55872K), 0.0023740 secs] 168399K->120080K(182144K), 0.0024230 secs] [Times: user=0.02 sys=0.00, real=0.01 secs] 
120.315: Total time for which application threads were stopped: 0.0053920 seconds, Stopping threads took: 0.0028990 seconds
120.361: Application time: 0.0458450 seconds
120.364: [GC120.364: [ParNew: 55871K->6207K(55872K), 0.0020940 secs] 169744K->120544K(182144K), 0.0021350 secs] [Times: user=0.01 sys=0.00, real=0.00 secs] 
120.366: Total time for which application threads were stopped: 0.0053840 seconds, Stopping threads took: 0.0031640 seconds
120.413: Application time: 0.0474200 seconds
120.416: [GC120.416: [ParNew: 55871K->6206K(55872K), 0.0023390 secs] 170208K->121952K(182144K), 0.0023850 secs] [Times: user=0.02 sys=0.00, real=0.00 secs] 
120.418: Total time for which application threads were stopped: 0.0049560 seconds, Stopping threads took: 0.0025050 seconds
120.466: Application time: 0.0471670 seconds
120.468: [GC120.468: [ParNew: 55870K->6206K(55872K), 0.0021370 secs] 171616K->122280K(182144K), 0.0021860 secs] [Times: user=0.01 sys=0.00, real=0.00 secs] 
120.471: Total time for which application threads were stopped: 0.0050580 seconds, Stopping threads took: 0.0028060 seconds
120.518: Application time: 0.0478200 seconds
120.521: [GC120.521: [ParNew: 55870K->5937K(55872K), 0.0021050 secs] 171944K->122040K(182144K), 0.0021590 secs] [Times: user=0.02 sys=0.00, real=0.01 secs] 
120.523: Total time for which application threads were stopped: 0.0044780 seconds, Stopping threads took: 0.0022440 seconds
120.569: Application time: 0.0463070 seconds
120.573: [GC120.573: [ParNew: 55601K->6206K(55872K), 0.0023620 secs] 171704K->123251K(182144K), 0.0024040 secs] [Times: user=0.02 sys=0.00, real=0.01 secs] 
120.575: Total time for which application threads were stopped: 0.0057960 seconds, Stopping threads took: 0.0033070 seconds
120.623: Application time: 0.0477090 seconds
120.625: [GC120.625: [ParNew: 55870K->6206K(55872K), 0.0024040 secs] 172915K->124278K(182144K), 0.0024490 secs] [Times: user=0.02 sys=0.00, real=0.00 secs] 
120.627: Total time for which application threads were stopped: 0.0045170 seconds, Stopping threads took: 0.0019810 seconds
120.676: Application time: 0.0483590 seconds
120.678: [GC120.678: [ParNew: 55870K->5325K(55872K), 0.0017190 secs] 173942K->123397K(182144K), 0.0017560 secs] [Times: user=0.01 sys=0.00, real=0.00 secs] 
120.679: Total time for which application threads were stopped: 0.0037430 seconds, Stopping threads took: 0.0018950 seconds
120.728: Application time: 0.0486580 seconds
120.729: [GC120.729: [ParNew: 54989K->5405K(55872K), 0.0019700 secs] 173061K->123476K(182144K), 0.0020120 secs] [Times: user=0.01 sys=0.00, real=0.00 secs] 
120.731: Total time for which application threads were stopped: 0.0033240 seconds, Stopping threads took: 0.0012440 seconds
120.778: Application time: 0.0466860 seconds
120.780: [GC120.780: [ParNew: 55069K->6206K(55872K), 0.0023110 secs] 173140K->125370K(182144K), 0.0023550 secs] [Times: user=0.02 sys=0.00, real=0.01 secs] 
120.783: Total time for which application threads were stopped: 0.0046030 seconds, Stopping threads took: 0.0021810 seconds
120.829: Application time: 0.0468000 seconds
120.832: [GC120.832: [ParNew: 55870K->5769K(55872K), 0.0020060 secs] 175034K->124962K(182144K), 0.0020490 secs] [Times: user=0.01 sys=0.00, real=0.01 secs] 
120.834: Total time for which application threads were stopped: 0.0048910 seconds, Stopping threads took: 0.0027710 seconds
120.882: Application time: 0.0479660 seconds
120.884: [GC120.884: [ParNew: 55433K->6206K(55872K), 0.0022680 secs] 174626K->125790K(182144K), 0.0023140 secs] [Times: user=0.01 sys=0.00, real=0.00 secs] 
120.887: Total time for which application threads were stopped: 0.0045300 seconds, Stopping threads took: 0.0021260 seconds
120.934: Application time: 0.0473960 seconds
120.937: [GC120.937: [ParNew: 55870K->6006K(55872K), 0.0019910 secs] 175454K->125618K(182144K), 0.0020400 secs] [Times: user=0.02 sys=0.00, real=0.00 secs] 
120.940: Total time for which application threads were stopped: 0.0053050 seconds, Stopping threads took: 0.0031740 seconds
120.988: Application time: 0.0488740 seconds
120.990: [GC120.990: [ParNew: 55670K->6059K(55872K), 0.0019870 secs] 175282K->125672K(182144K), 0.0020310 secs] [Times: user=0.01 sys=0.00, real=0.00 secs] 
120.992: Total time for which application threads were stopped: 0.0038470 seconds, Stopping threads took: 0.0017480 seconds
121.040: Application time: 0.0479500 seconds
121.041: [GC121.041: [ParNew: 55723K->6206K(55872K), 0.0022520 secs] 175336K->126586K(182144K), 0.0022940 secs] [Times: user=0.02 sys=0.00, real=0.01 secs] 
121.043: Total time for which application threads were stopped: 0.0032940 seconds, Stopping threads took: 0.0009110 seconds
121.094: Application time: 0.0503590 seconds
121.095: [GC121.095: [ParNew: 55870K->6206K(55872K), 0.0025270 secs] 176250K->127939K(182144K), 0.0025720 secs] [Times: user=0.01 sys=0.00, real=0.00 secs] 
121.098: Total time for which application threads were stopped: 0.0040760 seconds, Stopping threads took: 0.0014380 seconds
121.145: Application time: 0.0469540 seconds
121.147: [GC121.148: [ParNew: 55869K->6207K(55872K), 0.0022520 secs] 177603K->128180K(182144K), 0.0023020 secs] [Times: user=0.02 sys=0.00, real=0.00 secs] 
121.150: Total time for which application threads were stopped: 0.0049620 seconds, Stopping threads took: 0.0025800 seconds
121.196: Application time: 0.0463150 seconds
121.199: [GC121.199: [ParNew: 55871K->6206K(55872K), 0.0023920 secs] 177844K->129483K(182144K), 0.0024400 secs] [Times: user=0.01 sys=0.00, real=0.01 secs] 
121.201: Total time for which application threads were stopped: 0.0053090 seconds, Stopping threads took: 0.0027730 seconds
121.249: Application time: 0.0477600 seconds
121.252: [GC121.252: [ParNew: 55870K->6207K(55872K), 0.0020790 secs] 179147K->129795K(182144K), 0.0021230 secs] [Times: user=0.02 sys=0.00, real=0.01 secs] 
121.254: Total time for which application threads were stopped: 0.0047470 seconds, Stopping threads took: 0.0025500 seconds
 CMS: abort preclean due to time 121.256: [CMS-concurrent-abortable-preclean: 0.278/5.044 secs] [Times: user=38.62 sys=0.18, real=5.05 secs] 
121.256: Application time: 0.0018080 seconds
121.258: [GC[YG occupancy: 8812 K (55872 K)]121.258: [Rescan (parallel) , 0.0003980 secs]121.259: [weak refs processing, 0.0000150 secs]121.259: [scrub string table, 0.0001320 secs] [1 CMS-remark: 123587K(126272K)] 132400K(182144K), 0.0005960 secs] [Times: user=0.00 sys=0.00, real=0.00 secs] 
121.259: Total time for which application threads were stopped: 0.0032680 seconds, Stopping threads took: 0.0026250 seconds
121.259: [CMS-concurrent-sweep-start]
121.269: [CMS-concurrent-sweep: 0.010/0.010 secs] [Times: user=0.05 sys=0.00, real=0.01 secs] 
121.269: [CMS-concurrent-reset-start]
121.269: [CMS-concurrent-reset: 0.000/0.000 secs] [Times: user=0.00 sys=0.00, real=0.00 secs] 
121.304: Application time: 0.0448740 seconds
121.306: [GC121.306: [ParNew: 55871K->6206K(55872K), 0.0020570 secs] 116399K->67026K(182144K), 0.0021030 secs] [Times: user=0.01 sys=0.00, real=0.00 secs] 
121.308: Total time for which application threads were stopped: 0.0040440 seconds, Stopping threads took: 0.0018530 seconds
121.355: Application time: 0.0469490 seconds
121.357: [GC121.357: [ParNew: 55870K->6207K(55872K), 0.0024220 secs] 116690K->68282K(182144K), 0.0024670 secs] [Times: user=0.01 sys=0.00, real=0.00 secs] 
121.359: Total time for which application threads were stopped: 0.0044970 seconds, Stopping threads took: 0.0019630 seconds
121.360: Application time: 0.0001330 seconds
121.363: [GC [1 CMS-initial-mark: 62075K(126272K)] 69257K(182144K), 0.0002180 secs] [Times: user=0.00 sys=0.00, real=0.00 secs] 
121.364: Total time for which application threads were stopped: 0.0040310 seconds, Stopping threads took: 0.0037900 seconds
121.364: [CMS-concurrent-mark-start]
121.368: [CMS-concurrent-mark: 0.004/0.004 secs] [Times: user=0.02 sys=0.00, real=0.00 secs] 
121.368: [CMS-concurrent-preclean-start]
121.368: [CMS-concurrent-preclean: 0.000/0.000 secs] [Times: user=0.00 sys=0.00, real=0.00 secs] 
121.368: [CMS-concurrent-abortable-preclean-start]
121.410: Application time: 0.0464870 seconds
121.412: [GC121.412: [ParNew: 55871K->6206K(55872K), 0.0022490 secs] 117946K->69025K(182144K), 0.0022930 secs] [Times: user=0.02 sys=0.00, real=0.01 secs] 
121.414: Total time for which application threads were stopped: 0.0041940 seconds, Stopping threads took: 0.0018360 seconds
121.462: Application time: 0.0480160 seconds
121.465: [GC121.465: [ParNew: 55870K->6207K(55872K), 0.0019260 secs] 118689K->69075K(182144K), 0.0019690 secs] [Times: user=0.01 sys=0.00, real=0.00 secs] 
121.467: Total time for which application threads were stopped: 0.0046480 seconds, Stopping threads took: 0.0026130 seconds
121.515: Application time: 0.0478210 seconds
121.518: [GC121.518: [ParNew: 55871K->6207K(55872K), 0.0022830 secs] 118739K->70074K(182144K), 0.0023360 secs] [Times: user=0.01 sys=0.00, real=0.00 secs] 
121.520: Total time for which application threads were stopped: 0.0051030 seconds, Stopping threads took: 0.0026960 seconds
121.566: Application time: 0.0459760 seconds
121.569: [GC121.569: [ParNew: 55871K->6207K(55872K), 0.0024300 secs] 119738K->71746K(182144K), 0.0024780 secs] [Times: user=0.02 sys=0.00, real=0.00 secs] 
121.571: Total time for which application threads were stopped: 0.0053250 seconds, Stopping threads took: 0.0027570 seconds
121.621: Application time: 0.0495060 seconds
121.622: [GC121.622: [ParNew: 55871K->4186K(55872K), 0.0015100 secs] 121410K->69835K(182144K), 0.0015510 secs] [Times: user=0.01 sys=0.00, real=0.00 secs] 
121.624: Total time for which application threads were stopped: 0.0033290 seconds, Stopping threads took: 0.0017110 seconds
121.674: Application time: 0.0498390 seconds
121.677: [GC121.677: [ParNew: 53850K->5265K(55872K), 0.0018670 secs] 119499K->70971K(182144K), 0.0019090 secs] [Times: user=0.01 sys=0.00, real=0.00 secs] 
121.679: Total time for which application threads were stopped: 0.0048270 seconds, Stopping threads took: 0.0028530 seconds
121.726: Application time: 0.0468260 seconds
121.728: [GC121.728: [ParNew: 54929K->5834K(55872K), 0.0019900 secs] 120635K->71540K(182144K), 0.0020360 secs] [Times: user=0.02 sys=0.00, real=0.00 secs] 
121.730: Total time for which application threads were stopped: 0.0042110 seconds, Stopping threads took: 0.0021000 seconds
121.777: Application time: 0.0470880 seconds
121.779: [GC121.779: [ParNew: 55498K->5814K(55872K), 0.0020410 secs] 121204K->71519K(182144K), 0.0020860 secs] [Times: user=0.02 sys=0.00, real=0.00 secs] 
121.781: Total time for which application threads were stopped: 0.0041040 seconds, Stopping threads took: 0.0019490 seconds
121.827: Application time: 0.0464130 seconds
121.829: [GC121.829: [ParNew: 55478K->6207K(55872K), 0.0021990 secs] 121183K->72031K(182144K), 0.0022410 secs] [Times: user=0.02 sys=0.00, real=0.00 secs] 
121.831: Total time for which application threads were stopped: 0.0039800 seconds, Stopping threads took: 0.0016740 seconds
121.880: Application time: 0.0488340 seconds
121.882: [GC121.882: [ParNew: 55871K->6207K(55872K), 0.0021130 secs] 121695K->72692K(182144K), 0.0021570 secs] [Times: user=0.01 sys=0.00, real=0.00 secs] 
121.885: Total time for which application threads were stopped: 0.0043880 seconds, Stopping threads took: 0.0021390 seconds
121.932: Application time: 0.0475620 seconds
121.934: [GC121.934: [ParNew: 55871K->6207K(55872K), 0.0024830 secs] 122356K->74399K(182144K), 0.0025300 secs] [Times: user=0.02 sys=0.00, real=0.00 secs] 
121.937: Total time for which application threads were stopped: 0.0044250 seconds, Stopping threads took: 0.0018060 seconds
121.985: Application time: 0.0483480 seconds
121.987: [GC121.987: [ParNew: 55871K->6207K(55872K), 0.0021190 secs] 124063K->75006K(182144K), 0.0021650 secs] [Times: user=0.01 sys=0.00, real=0.00 secs] 
121.990: Total time for which application threads were stopped: 0.0046670 seconds, Stopping threads took: 0.0024340 seconds
122.038: Application time: 0.0484910 seconds
122.041: [GC122.041: [ParNew: 55871K->6206K(55872K), 0.0020430 secs] 124670K->75623K(182144K), 0.0020860 secs] [Times: user=0.01 sys=0.00, real=0.01 secs] 
122.043: Total time for which application threads were stopped: 0.0047580 seconds, Stopping threads took: 0.0026070 seconds
122.091: Application time: 0.0478470 seconds
122.093: [GC122.093: [ParNew: 55870K->6190K(55872K), 0.0018850 secs] 125287K->75607K(182144K), 0.0019280 secs] [Times: user=0.02 sys=0.00, real=0.01 secs] 
122.095: Total time for which application threads were stopped: 0.0038770 seconds, Stopping threads took: 0.0018740 seconds
122.142: Application time: 0.0479430 seconds
122.144: [GC122.144: [ParNew: 55854K->6039K(55872K), 0.0018480 secs] 125271K->75484K(182144K), 0.0018880 secs] [Times: user=0.02 sys=0.00, real=0.00 secs] 
122.146: Total time for which application threads were stopped: 0.0034050 seconds, Stopping threads took: 0.0014530 seconds
122.193: Application time: 0.0472280 seconds
122.196: [GC122.196: [ParNew: 55703K->6207K(55872K), 0.0021910 secs] 125148K->76439K(182144K), 0.0022340 secs] [Times: user=0.01 sys=0.00, real=0.00 secs] 
122.198: Total time for which application threads were stopped: 0.0049980 seconds, Stopping threads took: 0.0026990 seconds
122.245: Application time: 0.0469620 seconds
122.248: [GC122.248: [ParNew: 55871K->6207K(55872K), 0.0023500 secs] 126103K->77181K(182144K), 0.0024000 secs] [Times: user=0.01 sys=0.00, real=0.00 secs] 
122.250: Total time for which application threads were stopped: 0.0049550 seconds, Stopping threads took: 0.0024800 seconds
122.297: Application time: 0.0470090 seconds
122.299: [GC122.299: [ParNew: 55871K->6206K(55872K), 0.0022140 secs] 126845K->78233K(182144K), 0.0022550 secs] [Times: user=0.02 sys=0.00, real=0.00 secs] 
122.301: Total time for which application threads were stopped: 0.0040040 seconds, Stopping threads took: 0.0016840 seconds
122.350: Application time: 0.0491030 seconds
122.352: [GC122.352: [ParNew: 55870K->5170K(55872K), 0.0017110 secs] 127897K->77197K(182144K), 0.0017510 secs] [Times: user=0.01 sys=0.00, real=0.01 secs] 
122.354: Total time for which application threads were stopped: 0.0038490 seconds, Stopping threads took: 0.0020220 seconds
122.403: Application time: 0.0492680 seconds
122.407: [GC122.407: [ParNew: 54834K->6207K(55872K), 0.0018630 secs] 126861K->78244K(182144K), 0.0019090 secs] [Times: user=0.01 sys=0.00, real=0.00 secs] 
122.409: Total time for which application threads were stopped: 0.0053460 seconds, Stopping threads took: 0.0033580 seconds
122.456: Application time: 0.0474060 seconds
122.459: [GC122.459: [ParNew: 55871K->6206K(55872K), 0.0023680 secs] 127908K->79380K(182144K), 0.0024170 secs] [Times: user=0.02 sys=0.00, real=0.01 secs] 
122.462: Total time for which application threads were stopped: 0.0056090 seconds, Stopping threads took: 0.0031230 seconds
122.509: Application time: 0.0471640 seconds
122.512: [GC122.512: [ParNew: 55870K->6206K(55872K), 0.0022730 secs] 129044K->80386K(182144K), 0.0023190 secs] [Times: user=0.02 sys=0.00, real=0.01 secs] 
122.514: Total time for which application threads were stopped: 0.0053900 seconds, Stopping threads took: 0.0030110 seconds
122.562: Application time: 0.0477760 seconds
122.564: [GC122.564: [ParNew: 55870K->5123K(55872K), 0.0016550 secs] 130050K->79331K(182144K), 0.0016950 secs] [Times: user=0.02 sys=0.00, real=0.00 secs] 
122.565: Total time for which application threads were stopped: 0.0033180 seconds, Stopping threads took: 0.0015400 seconds
122.612: Application time: 0.0468410 seconds
122.613: [GC122.613: [ParNew: 54787K->6206K(55872K), 0.0023140 secs] 128995K->81617K(182144K), 0.0023580 secs] [Times: user=0.01 sys=0.00, real=0.00 secs] 
122.616: Total time for which application threads were stopped: 0.0036650 seconds, Stopping threads took: 0.0012440 seconds
122.662: Application time: 0.0457790 seconds
122.663: [GC122.663: [ParNew: 55870K->6206K(55872K), 0.0024680 secs] 131281K->83272K(182144K), 0.0025140 secs] [Times: user=0.01 sys=0.00, real=0.00 secs] 
122.666: Total time for which application threads were stopped: 0.0043470 seconds, Stopping threads took: 0.0017720 seconds
122.712: Application time: 0.0464720 seconds
122.715: [GC122.715: [ParNew: 55870K->6207K(55872K), 0.0024550 secs] 132936K->84689K(182144K), 0.0025010 secs] [Times: user=0.02 sys=0.00, real=0.00 secs] 
122.717: Total time for which application threads were stopped: 0.0048930 seconds, Stopping threads took: 0.0023040 seconds
122.765: Application time: 0.0481520 seconds
122.769: [GC122.769: [ParNew: 55871K->6206K(55872K), 0.0020770 secs] 134353K->85032K(182144K), 0.0021220 secs] [Times: user=0.01 sys=0.00, real=0.00 secs] 
122.771: Total time for which application threads were stopped: 0.0056050 seconds, Stopping threads took: 0.0034070 seconds
122.820: Application time: 0.0487860 seconds
122.823: [GC122.823: [ParNew: 55870K->4785K(55872K), 0.0015630 secs] 134696K->83639K(182144K), 0.0016020 secs] [Times: user=0.01 sys=0.00, real=0.00 secs] 
122.824: Total time for which application threads were stopped: 0.0046120 seconds, Stopping threads took: 0.0029450 seconds
122.873: Application time: 0.0482640 seconds
122.874: [GC122.874: [ParNew: 54449K->5905K(55872K), 0.0018490 secs] 133303K->84760K(182144K), 0.0018860 secs] [Times: user=0.01 sys=0.00, real=0.00 secs] 
122.876: Total time for which application threads were stopped: 0.0034280 seconds, Stopping threads took: 0.0014770 seconds
122.929: Application time: 0.0528990 seconds
122.931: [GC122.931: [ParNew: 55569K->3978K(55872K), 0.0014140 secs] 134424K->82832K(182144K), 0.0014600 secs] [Times: user=0.01 sys=0.00, real=0.00 secs] 
122.933: Total time for which application threads were stopped: 0.0036350 seconds, Stopping threads took: 0.0021050 seconds
122.983: Application time: 0.0500380 seconds
122.986: [GC122.986: [ParNew: 53642K->4687K(55872K), 0.0016740 secs] 132496K->83542K(182144K), 0.0017110 secs] [Times: user=0.01 sys=0.00, real=0.00 secs] 
122.988: Total time for which application threads were stopped: 0.0048530 seconds, Stopping threads took: 0.0030810 seconds
123.034: Application time: 0.0466050 seconds
123.036: [GC123.036: [ParNew: 54351K->6206K(55872K), 0.0024430 secs] 133206K->86028K(182144K), 0.0024880 secs] [Times: user=0.02 sys=0.00, real=0.00 secs] 
123.039: Total time for which application threads were stopped: 0.0044200 seconds, Stopping threads took: 0.0018570 seconds
123.087: Application time: 0.0488080 seconds
123.090: [GC123.090: [ParNew: 55870K->5165K(55872K), 0.0017460 secs] 135692K->84988K(182144K), 0.0017860 secs] [Times: user=0.02 sys=0.00, real=0.00 secs] 
123.092: Total time for which application threads were stopped: 0.0041360 seconds, Stopping threads took: 0.0022860 seconds
123.141: Application time: 0.0498440 seconds
123.144: [GC123.144: [ParNew: 54829K->5177K(55872K), 0.0018360 secs] 134652K->85027K(182144K), 0.0018730 secs] [Times: user=0.01 sys=0.00, real=0.00 secs] 
123.146: Total time for which application threads were stopped: 0.0041850 seconds, Stopping threads took: 0.0022270 seconds
123.194: Application time: 0.0479380 seconds
123.196: [GC123.196: [ParNew: 54841K->6207K(55872K), 0.0024040 secs] 134691K->87044K(182144K), 0.0024510 secs] [Times: user=0.02 sys=0.00, real=0.00 secs] 
123.198: Total time for which application threads were stopped: 0.0049080 seconds, Stopping threads took: 0.0023790 seconds
123.246: Application time: 0.0472220 seconds
123.247: [GC123.247: [ParNew: 55871K->6173K(55872K), 0.0018860 secs] 136708K->87067K(182144K), 0.0019300 secs] [Times: user=0.02 sys=0.00, real=0.00 secs] 
123.249: Total time for which application threads were stopped: 0.0028380 seconds, Stopping threads took: 0.0008180 seconds
123.295: Application time: 0.0469090 seconds
123.297: [GC123.297: [ParNew: 55837K->6206K(55872K), 0.0023220 secs] 136731K->87994K(182144K), 0.0023710 secs] [Times: user=0.02 sys=0.00, real=0.00 secs] 
123.300: Total time for which application threads were stopped: 0.0043240 seconds, Stopping threads took: 0.0018720 seconds
123.350: Application time: 0.0505100 seconds
123.352: [GC123.352: [ParNew: 55870K->5576K(55872K), 0.0017500 secs] 137658K->87392K(182144K), 0.0017960 secs] [Times: user=0.01 sys=0.00, real=0.01 secs] 
123.354: Total time for which application threads were stopped: 0.0035980 seconds, Stopping threads took: 0.0017350 seconds
123.403: Application time: 0.0491810 seconds
123.405: [GC123.405: [ParNew: 55240K->4989K(55872K), 0.0018940 secs] 137056K->86833K(182144K), 0.0019330 secs] [Times: user=0.01 sys=0.00, real=0.00 secs] 
123.407: Total time for which application threads were stopped: 0.0040850 seconds, Stopping threads took: 0.0020910 seconds
123.454: Application time: 0.0467650 seconds
123.457: [GC123.457: [ParNew: 54653K->6207K(55872K), 0.0026750 secs] 136497K->89730K(182144K), 0.0027280 secs] [Times: user=0.02 sys=0.00, real=0.00 secs] 
123.459: Total time for which application threads were stopped: 0.0054580 seconds, Stopping threads took: 0.0026390 seconds
123.507: Application time: 0.0476470 seconds
123.508: [GC123.508: [ParNew: 55871K->6206K(55872K), 0.0022770 secs] 139394K->90317K(182144K), 0.0023220 secs] [Times: user=0.02 sys=0.00, real=0.00 secs] 
123.510: Total time for which application threads were stopped: 0.0034230 seconds, Stopping threads took: 0.0010210 seconds
123.559: Application time: 0.0486490 seconds
123.562: [GC123.562: [ParNew: 55870K->6189K(55872K), 0.0021500 secs] 139981K->90328K(182144K), 0.0022040 secs] [Times: user=0.02 sys=0.00, real=0.00 secs] 
123.564: Total time for which application threads were stopped: 0.0050400 seconds, Stopping threads took: 0.0027700 seconds
123.610: Application time: 0.0460860 seconds
123.613: [GC123.613: [ParNew: 55853K->6206K(55872K), 0.0024960 secs] 139992K->91973K(182144K), 0.0025430 secs] [Times: user=0.01 sys=0.00, real=0.01 secs] 
123.616: Total time for which application threads were stopped: 0.0054850 seconds, Stopping threads took: 0.0028520 seconds
123.664: Application time: 0.0484550 seconds
123.666: [GC123.666: [ParNew: 55870K->5300K(55872K), 0.0016330 secs] 141637K->91096K(182144K), 0.0016750 secs] [Times: user=0.02 sys=0.00, real=0.00 secs] 
123.668: Total time for which application threads were stopped: 0.0037940 seconds, Stopping threads took: 0.0020550 seconds
123.715: Application time: 0.0474410 seconds
123.717: [GC123.717: [ParNew: 54964K->6206K(55872K), 0.0024610 secs] 140760K->93632K(182144K), 0.0025090 secs] [Times: user=0.02 sys=0.00, real=0.00 secs] 
123.720: Total time for which application threads were stopped: 0.0045420 seconds, Stopping threads took: 0.0019640 seconds
123.767: Application time: 0.0468810 seconds
123.769: [GC123.769: [ParNew: 55870K->6207K(55872K), 0.0021270 secs] 143296K->94323K(182144K), 0.0021700 secs] [Times: user=0.02 sys=0.00, real=0.00 secs] 
123.771: Total time for which application threads were stopped: 0.0044000 seconds, Stopping threads took: 0.0021580 seconds
123.816: Application time: 0.0447350 seconds
123.817: [GC123.817: [ParNew: 55871K->6158K(55872K), 0.0019890 secs] 143987K->94359K(182144K), 0.0020290 secs] [Times: user=0.02 sys=0.00, real=0.00 secs] 
123.819: Total time for which application threads were stopped: 0.0035100 seconds, Stopping threads took: 0.0014080 seconds
123.862: Application time: 0.0420460 seconds
123.864: [GC123.864: [ParNew: 55822K->6206K(55872K), 0.0022110 secs] 144023K->95320K(182144K), 0.0022550 secs] [Times: user=0.02 sys=0.00, real=0.00 secs] 
123.866: Total time for which application threads were stopped: 0.0049500 seconds, Stopping threads took: 0.0026300 seconds
123.911: Application time: 0.0441350 seconds
123.913: [GC123.913: [ParNew: 55870K->6207K(55872K), 0.0021100 secs] 144984K->96118K(182144K), 0.0021540 secs] [Times: user=0.02 sys=0.00, real=0.01 secs] 
123.915: Total time for which application threads were stopped: 0.0044470 seconds, Stopping threads took: 0.0022270 seconds
123.960: Application time: 0.0450980 seconds
123.963: [GC123.963: [ParNew: 55870K->6207K(55872K), 0.0021140 secs] 145781K->96947K(182144K), 0.0021560 secs] [Times: user=0.01 sys=0.00, real=0.00 secs] 
123.965: Total time for which application threads were stopped: 0.0049290 seconds, Stopping threads took: 0.0027090 seconds
124.011: Application time: 0.0454270 seconds
124.012: [GC124.012: [ParNew: 55871K->6207K(55872K), 0.0022280 secs] 146611K->97717K(182144K), 0.0022730 secs] [Times: user=0.02 sys=0.00, real=0.01 secs] 
124.015: Total time for which application threads were stopped: 0.0042260 seconds, Stopping threads took: 0.0018650 seconds
124.058: Application time: 0.0435810 seconds
124.061: [GC124.061: [ParNew: 55871K->6206K(55872K), 0.0021580 secs] 147381K->98258K(182144K), 0.0021970 secs] [Times: user=0.01 sys=0.00, real=0.01 secs] 
124.063: Total time for which application threads were stopped: 0.0046940 seconds, Stopping threads took: 0.0024290 seconds
124.107: Application time: 0.0437920 seconds
124.109: [GC124.109: [ParNew: 55870K->6206K(55872K), 0.0023190 secs] 147922K->99150K(182144K), 0.0023640 secs] [Times: user=0.01 sys=0.00, real=0.00 secs] 
124.112: Total time for which application threads were stopped: 0.0048050 seconds, Stopping threads took: 0.0023760 seconds
124.157: Application time: 0.0452960 seconds
124.159: [GC124.159: [ParNew: 55870K->5981K(55872K), 0.0018420 secs] 148814K->98924K(182144K), 0.0018860 secs] [Times: user=0.01 sys=0.00, real=0.00 secs] 
124.161: Total time for which application threads were stopped: 0.0037070 seconds, Stopping threads took: 0.0017550 seconds
124.206: Application time: 0.0453730 seconds
124.207: [GC124.207: [ParNew: 55645K->5553K(55872K), 0.0018860 secs] 148588K->98525K(182144K), 0.0019380 secs] [Times: user=0.02 sys=0.00, real=0.00 secs] 
124.209: Total time for which application threads were stopped: 0.0028520 seconds, Stopping threads took: 0.0008490 seconds
124.255: Application time: 0.0458950 seconds
124.257: [GC124.257: [ParNew: 55217K->6206K(55872K), 0.0022080 secs] 148189K->99621K(182144K), 0.0022530 secs] [Times: user=0.01 sys=0.00, real=0.00 secs] 
124.259: Total time for which application threads were stopped: 0.0041560 seconds, Stopping threads took: 0.0018180 seconds
124.302: Application time: 0.0433560 seconds
124.305: [GC124.305: [ParNew: 55870K->6207K(55872K), 0.0022350 secs] 149285K->100424K(182144K), 0.0022800 secs] [Times: user=0.01 sys=0.00, real=0.00 secs] 
124.307: Total time for which application threads were stopped: 0.0045830 seconds, Stopping threads took: 0.0022410 seconds
124.353: Application time: 0.0464360 seconds
124.356: [GC124.356: [ParNew: 55871K->5256K(55872K), 0.0016660 secs] 150088K->99530K(182144K), 0.0017100 secs] [Times: user=0.02 sys=0.00, real=0.00 secs] 
124.358: Total time for which application threads were stopped: 0.0044360 seconds, Stopping threads took: 0.0026520 seconds
124.402: Application time: 0.0445770 seconds
124.404: [GC124.404: [ParNew: 54920K->6203K(55872K), 0.0019500 secs] 149194K->100534K(182144K), 0.0019890 secs] [Times: user=0.01 sys=0.00, real=0.00 secs] 
124.406: Total time for which application threads were stopped: 0.0033860 seconds, Stopping threads took: 0.0013340 seconds
124.449: Application time: 0.0429410 seconds
124.450: [GC124.450: [ParNew: 55867K->6206K(55872K), 0.0023250 secs] 150198K->101539K(182144K), 0.0023690 secs] [Times: user=0.02 sys=0.00, real=0.00 secs] 
124.453: Total time for which application threads were stopped: 0.0041130 seconds, Stopping threads took: 0.0016540 seconds
124.498: Application time: 0.0453200 seconds
124.501: [GC124.501: [ParNew: 55870K->6207K(55872K), 0.0021850 secs] 151203K->102536K(182144K), 0.0022280 secs] [Times: user=0.01 sys=0.00, real=0.01 secs] 
124.503: Total time for which application threads were stopped: 0.0048260 seconds, Stopping threads took: 0.0025340 seconds
124.548: Application time: 0.0449140 seconds
124.550: [GC124.550: [ParNew: 55871K->6060K(55872K), 0.0017720 secs] 152200K->102389K(182144K), 0.0018130 secs] [Times: user=0.01 sys=0.00, real=0.00 secs] 
124.552: Total time for which application threads were stopped: 0.0043690 seconds, Stopping threads took: 0.0024930 seconds
124.598: Application time: 0.0454720 seconds
124.600: [GC124.600: [ParNew: 55724K->5667K(55872K), 0.0019010 secs] 152053K->102024K(182144K), 0.0019410 secs] [Times: user=0.02 sys=0.00, real=0.01 secs] 
124.602: Total time for which application threads were stopped: 0.0043080 seconds, Stopping threads took: 0.0022950 seconds
124.649: Application time: 0.0472480 seconds
124.650: [GC124.651: [ParNew: 55331K->4781K(55872K), 0.0016710 secs] 151688K->101138K(182144K), 0.0017110 secs] [Times: user=0.01 sys=0.00, real=0.00 secs] 
124.652: Total time for which application threads were stopped: 0.0029640 seconds, Stopping threads took: 0.0011830 seconds
124.697: Application time: 0.0449270 seconds
124.699: [GC124.699: [ParNew: 54445K->6178K(55872K), 0.0020540 secs] 150802K->102563K(182144K), 0.0020950 secs] [Times: user=0.02 sys=0.00, real=0.00 secs] 
124.701: Total time for which application threads were stopped: 0.0039950 seconds, Stopping threads took: 0.0018150 seconds
124.746: Application time: 0.0447280 seconds
124.748: [GC124.748: [ParNew: 55842K->6206K(55872K), 0.0023120 secs] 152227K->103407K(182144K), 0.0023580 secs] [Times: user=0.02 sys=0.00, real=0.00 secs] 
124.751: Total time for which application threads were stopped: 0.0048540 seconds, Stopping threads took: 0.0024080 seconds
124.794: Application time: 0.0435200 seconds
124.796: [GC124.796: [ParNew: 55870K->6206K(55872K), 0.0022580 secs] 153071K->104628K(182144K), 0.0023030 secs] [Times: user=0.02 sys=0.00, real=0.00 secs] 
124.799: Total time for which application threads were stopped: 0.0045540 seconds, Stopping threads took: 0.0021560 seconds
124.843: Application time: 0.0439760 seconds
124.845: [GC124.845: [ParNew: 55870K->6207K(55872K), 0.0024560 secs] 154292K->106061K(182144K), 0.0024990 secs] [Times: user=0.01 sys=0.00, real=0.00 secs] 
124.848: Total time for which application threads were stopped: 0.0048810 seconds, Stopping threads took: 0.0023150 seconds
124.892: Application time: 0.0442670 seconds
124.894: [GC124.894: [ParNew: 55871K->6207K(55872K), 0.0020320 secs] 155725K->106428K(182144K), 0.0020730 secs] [Times: user=0.01 sys=0.00, real=0.00 secs] 
124.896: Total time for which application threads were stopped: 0.0036980 seconds, Stopping threads took: 0.0015510 seconds
124.942: Application time: 0.0459450 seconds
124.943: [GC124.943: [ParNew: 55871K->6207K(55872K), 0.0020990 secs] 156092K->106652K(182144K), 0.0021410 secs] [Times: user=0.02 sys=0.00, real=0.00 secs] 
124.945: Total time for which application threads were stopped: 0.0035980 seconds, Stopping threads took: 0.0013900 seconds
124.990: Application time: 0.0452900 seconds
124.993: [GC124.993: [ParNew: 55871K->6206K(55872K), 0.0024230 secs] 156316K->107730K(182144K), 0.0024620 secs] [Times: user=0.01 sys=0.00, real=0.01 secs] 
124.995: Total time for which application threads were stopped: 0.0045490 seconds, Stopping threads took: 0.0020240 seconds
125.040: Application time: 0.0450470 seconds
125.042: [GC125.042: [ParNew: 55870K->5134K(55872K), 0.0018300 secs] 157394K->106658K(182144K), 0.0018690 secs] [Times: user=0.01 sys=0.00, real=0.00 secs] 
125.044: Total time for which application threads were stopped: 0.0036460 seconds, Stopping threads took: 0.0016950 seconds
125.089: Application time: 0.0450430 seconds
125.091: [GC125.091: [ParNew: 54798K->6207K(55872K), 0.0021780 secs] 156322K->108583K(182144K), 0.0022210 secs] [Times: user=0.01 sys=0.00, real=0.00 secs] 
125.093: Total time for which application threads were stopped: 0.0043040 seconds, Stopping threads took: 0.0020080 seconds
125.139: Application time: 0.0454810 seconds
125.141: [GC125.141: [ParNew: 55871K->6025K(55872K), 0.0018610 secs] 158247K->108401K(182144K), 0.0019060 secs] [Times: user=0.02 sys=0.00, real=0.01 secs] 
125.143: Total time for which application threads were stopped: 0.0042900 seconds, Stopping threads took: 0.0023200 seconds
125.187: Application time: 0.0442450 seconds
125.189: [GC125.189: [ParNew: 55689K->6207K(55872K), 0.0024990 secs] 158065K->110214K(182144K), 0.0025420 secs] [Times: user=0.02 sys=0.00, real=0.00 secs] 
125.191: Total time for which application threads were stopped: 0.0042700 seconds, Stopping threads took: 0.0016610 seconds
125.235: Application time: 0.0440540 seconds
125.238: [GC125.238: [ParNew: 55871K->6126K(55872K), 0.0019150 secs] 159878K->110162K(182144K), 0.0019540 secs] [Times: user=0.01 sys=0.00, real=0.00 secs] 
125.240: Total time for which application threads were stopped: 0.0047500 seconds, Stopping threads took: 0.0027250 seconds
125.285: Application time: 0.0448360 seconds
125.287: [GC125.287: [ParNew: 55790K->6206K(55872K), 0.0020380 secs] 159826K->110509K(182144K), 0.0020800 secs] [Times: user=0.01 sys=0.00, real=0.00 secs] 
125.289: Total time for which application threads were stopped: 0.0041080 seconds, Stopping threads took: 0.0019520 seconds
125.332: Application time: 0.0427300 seconds
125.335: [GC125.335: [ParNew: 55870K->6206K(55872K), 0.0021800 secs] 160173K->111402K(182144K), 0.0022260 secs] [Times: user=0.01 sys=0.00, real=0.00 secs] 
125.337: Total time for which application threads were stopped: 0.0050030 seconds, Stopping threads took: 0.0027090 seconds
125.381: Application time: 0.0445440 seconds
125.384: [GC125.384: [ParNew: 55870K->6206K(55872K), 0.0021880 secs] 161066K->111822K(182144K), 0.0022330 secs] [Times: user=0.02 sys=0.00, real=0.00 secs] 
125.386: Total time for which application threads were stopped: 0.0044950 seconds, Stopping threads took: 0.0021970 seconds
125.431: Application time: 0.0450280 seconds
125.434: [GC125.434: [ParNew: 55870K->6207K(55872K), 0.0021780 secs] 161486K->112698K(182144K), 0.0022300 secs] [Times: user=0.02 sys=0.00, real=0.00 secs] 
125.436: Total time for which application threads were stopped: 0.0050290 seconds, Stopping threads took: 0.0027240 seconds
125.482: Application time: 0.0457890 seconds
125.484: [GC125.484: [ParNew: 55871K->5974K(55872K), 0.0018210 secs] 162362K->112465K(182144K), 0.0018720 secs] [Times: user=0.01 sys=0.01, real=0.00 secs] 
125.485: Total time for which application threads were stopped: 0.0036640 seconds, Stopping threads took: 0.0017240 seconds
125.531: Application time: 0.0451170 seconds
125.531: [GC125.531: [ParNew: 55638K->4392K(55872K), 0.0016210 secs] 162129K->110883K(182144K), 0.0016550 secs] [Times: user=0.01 sys=0.00, real=0.00 secs] 
125.533: Total time for which application threads were stopped: 0.0022400 seconds, Stopping threads took: 0.0005050 seconds
125.580: Application time: 0.0468450 seconds
125.582: [GC125.582: [ParNew: 54056K->5230K(55872K), 0.0017650 secs] 160547K->111721K(182144K), 0.0018030 secs] [Times: user=0.01 sys=0.00, real=0.00 secs] 
125.584: Total time for which application threads were stopped: 0.0043610 seconds, Stopping threads took: 0.0024730 seconds
125.628: Application time: 0.0443040 seconds
125.630: [GC125.630: [ParNew: 54894K->6206K(55872K), 0.0020160 secs] 161385K->113056K(182144K), 0.0020600 secs] [Times: user=0.01 sys=0.00, real=0.00 secs] 
125.632: Total time for which application threads were stopped: 0.0035680 seconds, Stopping threads took: 0.0014210 seconds
125.677: Application time: 0.0451940 seconds
125.679: [GC125.679: [ParNew: 55870K->6089K(55872K), 0.0018830 secs] 162720K->112939K(182144K), 0.0019280 secs] [Times: user=0.01 sys=0.00, real=0.00 secs] 
125.681: Total time for which application threads were stopped: 0.0037500 seconds, Stopping threads took: 0.0017310 seconds
125.729: Application time: 0.0477410 seconds
125.729: [GC125.729: [ParNew: 55753K->3514K(55872K), 0.0011750 secs] 162603K->110364K(182144K), 0.0012130 secs] [Times: user=0.01 sys=0.00, real=0.00 secs] 
125.731: Total time for which application threads were stopped: 0.0020880 seconds, Stopping threads took: 0.0008120 seconds
125.776: Application time: 0.0450770 seconds
125.777: [GC125.777: [ParNew: 53178K->6207K(55872K), 0.0024060 secs] 160028K->114298K(182144K), 0.0024540 secs] [Times: user=0.01 sys=0.00, real=0.00 secs] 
125.779: Total time for which application threads were stopped: 0.0035830 seconds, Stopping threads took: 0.0010600 seconds
125.824: Application time: 0.0443560 seconds
125.824: [GC125.824: [ParNew: 55871K->6207K(55872K), 0.0026490 secs] 163962K->115426K(182144K), 0.0026940 secs] [Times: user=0.02 sys=0.00, real=0.00 secs] 
125.827: Total time for which application threads were stopped: 0.0033930 seconds, Stopping threads took: 0.0006330 seconds
125.870: Application time: 0.0431080 seconds
125.872: [GC125.872: [ParNew: 55871K->6206K(55872K), 0.0020040 secs] 165090K->115791K(182144K), 0.0020480 secs] [Times: user=0.01 sys=0.00, real=0.01 secs] 
125.874: Total time for which application threads were stopped: 0.0040150 seconds, Stopping threads took: 0.0019100 seconds
125.918: Application time: 0.0436890 seconds
125.920: [GC125.920: [ParNew: 55870K->6206K(55872K), 0.0021270 secs] 165455K->116523K(182144K), 0.0021720 secs] [Times: user=0.01 sys=0.00, real=0.01 secs] 
125.922: Total time for which application threads were stopped: 0.0041780 seconds, Stopping threads took: 0.0019230 seconds
125.967: Application time: 0.0453040 seconds
125.969: [GC125.969: [ParNew: 55870K->5895K(55872K), 0.0021660 secs] 166187K->116241K(182144K), 0.0022070 secs] [Times: user=0.01 sys=0.00, real=0.00 secs] 
125.971: Total time for which application threads were stopped: 0.0041100 seconds, Stopping threads took: 0.0018280 seconds
126.016: Application time: 0.0446330 seconds
126.018: [GC126.018: [ParNew: 55559K->6207K(55872K), 0.0021440 secs] 165905K->117005K(182144K), 0.0021870 secs] [Times: user=0.01 sys=0.00, real=0.00 secs] 
126.020: Total time for which application threads were stopped: 0.0040980 seconds, Stopping threads took: 0.0018170 seconds
126.065: Application time: 0.0449380 seconds
126.067: [GC126.067: [ParNew: 55871K->5569K(55872K), 0.0017760 secs] 166669K->116367K(182144K), 0.0018130 secs] [Times: user=0.02 sys=0.00, real=0.00 secs] 
126.069: Total time for which application threads were stopped: 0.0034740 seconds, Stopping threads took: 0.0015770 seconds
126.113: Application time: 0.0442670 seconds
126.115: [GC126.115: [ParNew: 55233K->6207K(55872K), 0.0022130 secs] 166031K->117333K(182144K), 0.0022610 secs] [Times: user=0.01 sys=0.00, real=0.00 secs] 
126.117: Total time for which application threads were stopped: 0.0041490 seconds, Stopping threads took: 0.0017990 seconds
126.162: Application time: 0.0448400 seconds
126.165: [GC126.165: [ParNew: 55871K->6206K(55872K), 0.0023270 secs] 166997K->118521K(182144K), 0.0023710 secs] [Times: user=0.02 sys=0.00, real=0.00 secs] 
126.167: Total time for which application threads were stopped: 0.0054200 seconds, Stopping threads took: 0.0029720 seconds
126.211: Application time: 0.0436290 seconds
126.213: [GC126.213: [ParNew: 55870K->6207K(55872K), 0.0020380 secs] 168185K->118683K(182144K), 0.0020840 secs] [Times: user=0.01 sys=0.00, real=0.00 secs] 
126.216: Total time for which application threads were stopped: 0.0045510 seconds, Stopping threads took: 0.0023930 seconds
126.261: Application time: 0.0452050 seconds
126.263: [GC126.263: [ParNew: 55871K->6206K(55872K), 0.0024040 secs] 168347K->119780K(182144K), 0.0024520 secs] [Times: user=0.02 sys=0.00, real=0.00 secs] 
126.266: Total time for which application threads were stopped: 0.0052400 seconds, Stopping threads took: 0.0027220 seconds
126.311: Application time: 0.0449140 seconds
126.313: [GC126.313: [ParNew: 55870K->6206K(55872K), 0.0022160 secs] 169444K->120681K(182144K), 0.0022600 secs] [Times: user=0.02 sys=0.00, real=0.00 secs] 
126.316: Total time for which application threads were stopped: 0.0048200 seconds, Stopping threads took: 0.0024900 seconds
126.363: Application time: 0.0476450 seconds
126.366: [GC126.366: [ParNew: 55870K->4429K(55872K), 0.0015300 secs] 170345K->118961K(182144K), 0.0015720 secs] [Times: user=0.01 sys=0.00, real=0.00 secs] 
126.368: Total time for which application threads were stopped: 0.0043620 seconds, Stopping threads took: 0.0027270 seconds
 CMS: abort preclean due to time 126.369: [CMS-concurrent-abortable-preclean: 0.263/5.001 secs] [Times: user=38.39 sys=0.15, real=5.00 secs] 
126.369: Application time: 0.0016450 seconds
126.372: [GC[YG occupancy: 9344 K (55872 K)]126.372: [Rescan (parallel) , 0.0002870 secs]126.373: [weak refs processing, 0.0000080 secs]126.373: [scrub string table, 0.0001100 secs] [1 CMS-remark: 114531K(126272K)] 123875K(182144K), 0.0004330 secs] [Times: user=0.01 sys=0.00, real=0.00 secs] 
126.373: Total time for which application threads were stopped: 0.0035320 seconds, Stopping threads took: 0.0030530 seconds
126.373: [CMS-concurrent-sweep-start]
126.380: [CMS-concurrent-sweep: 0.007/0.007 secs] [Times: user=0.02 sys=0.00, real=0.01 secs] 
126.380: [CMS-concurrent-reset-start]
126.380: [CMS-concurrent-reset: 0.000/0.000 secs] [Times: user=0.00 sys=0.00, real=0.00 secs] 
126.414: Application time: 0.0414940 seconds
126.416: [GC126.416: [ParNew: 54093K->6207K(55872K), 0.0023010 secs] 109184K->62129K(182144K), 0.0023460 secs] [Times: user=0.02 sys=0.00, real=0.00 secs] 
126.419: Total time for which application threads were stopped: 0.0044320 seconds, Stopping threads took: 0.0020010 seconds
126.419: Application time: 0.0002050 seconds
126.423: [GC [1 CMS-initial-mark: 55922K(126272K)] 63229K(182144K), 0.0002100 secs] [Times: user=0.00 sys=0.00, real=0.00 secs] 
126.423: Total time for which application threads were stopped: 0.0039040 seconds, Stopping threads took: 0.0036710 seconds
126.423: [CMS-concurrent-mark-start]
126.430: [CMS-concurrent-mark: 0.007/0.007 secs] [Times: user=0.05 sys=0.00, real=0.00 secs] 
126.430: [CMS-concurrent-preclean-start]
126.430: [CMS-concurrent-preclean: 0.000/0.000 secs] [Times: user=0.00 sys=0.00, real=0.00 secs] 
126.430: [CMS-concurrent-abortable-preclean-start]
126.468: Application time: 0.0452440 seconds
126.471: [GC126.471: [ParNew: 55871K->4002K(55872K), 0.0012550 secs] 111793K->59982K(182144K), 0.0012940 secs] [Times: user=0.01 sys=0.00, real=0.00 secs] 
126.472: Total time for which application threads were stopped: 0.0038500 seconds, Stopping threads took: 0.0024630 seconds
126.517: Application time: 0.0444810 seconds
126.518: [GC126.518: [ParNew: 53666K->6207K(55872K), 0.0022810 secs] 109646K->62982K(182144K), 0.0023290 secs] [Times: user=0.02 sys=0.00, real=0.00 secs] 
126.521: Total time for which application threads were stopped: 0.0041930 seconds, Stopping threads took: 0.0017870 seconds
126.565: Application time: 0.0439530 seconds
126.566: [GC126.566: [ParNew: 55871K->6207K(55872K), 0.0024550 secs] 112646K->64634K(182144K), 0.0024990 secs] [Times: user=0.02 sys=0.00, real=0.00 secs] 
126.569: Total time for which application threads were stopped: 0.0040060 seconds, Stopping threads took: 0.0014430 seconds
126.615: Application time: 0.0460210 seconds
126.617: [GC126.617: [ParNew: 55871K->6207K(55872K), 0.0022610 secs] 114298K->65630K(182144K), 0.0023040 secs] [Times: user=0.02 sys=0.00, real=0.00 secs] 
126.620: Total time for which application threads were stopped: 0.0049000 seconds, Stopping threads took: 0.0025300 seconds
126.664: Application time: 0.0439720 seconds
126.666: [GC126.666: [ParNew: 55871K->6206K(55872K), 0.0019680 secs] 115294K->65878K(182144K), 0.0020090 secs] [Times: user=0.02 sys=0.00, real=0.00 secs] 
126.668: Total time for which application threads were stopped: 0.0040640 seconds, Stopping threads took: 0.0019910 seconds
126.713: Application time: 0.0449300 seconds
126.714: [GC126.714: [ParNew: 55870K->5598K(55872K), 0.0016620 secs] 115542K->65270K(182144K), 0.0017020 secs] [Times: user=0.01 sys=0.00, real=0.00 secs] 
126.716: Total time for which application threads were stopped: 0.0035190 seconds, Stopping threads took: 0.0017540 seconds
126.759: Application time: 0.0428530 seconds
126.761: [GC126.761: [ParNew: 55262K->6207K(55872K), 0.0023590 secs] 114934K->67229K(182144K), 0.0024030 secs] [Times: user=0.02 sys=0.00, real=0.01 secs] 
126.764: Total time for which application threads were stopped: 0.0046020 seconds, Stopping threads took: 0.0021330 seconds
126.808: Application time: 0.0448990 seconds
126.810: [GC126.811: [ParNew: 55871K->6206K(55872K), 0.0022640 secs] 116893K->68300K(182144K), 0.0023050 secs] [Times: user=0.02 sys=0.00, real=0.00 secs] 
126.813: Total time for which application threads were stopped: 0.0043790 seconds, Stopping threads took: 0.0020080 seconds
126.857: Application time: 0.0439450 seconds
126.859: [GC126.859: [ParNew: 55870K->6207K(55872K), 0.0023600 secs] 117964K->69297K(182144K), 0.0024040 secs] [Times: user=0.02 sys=0.00, real=0.00 secs] 
126.861: Total time for which application threads were stopped: 0.0042450 seconds, Stopping threads took: 0.0017530 seconds
126.905: Application time: 0.0442110 seconds
126.907: [GC126.907: [ParNew: 55871K->6207K(55872K), 0.0021350 secs] 118961K->70195K(182144K), 0.0021800 secs] [Times: user=0.02 sys=0.00, real=0.00 secs] 
126.910: Total time for which application threads were stopped: 0.0043450 seconds, Stopping threads took: 0.0020990 seconds
126.954: Application time: 0.0442980 seconds
126.956: [GC126.956: [ParNew: 55871K->6207K(55872K), 0.0025520 secs] 119859K->71751K(182144K), 0.0025980 secs] [Times: user=0.02 sys=0.00, real=0.00 secs] 
126.959: Total time for which application threads were stopped: 0.0051280 seconds, Stopping threads took: 0.0024620 seconds
127.004: Application time: 0.0450170 seconds
127.006: [GC127.006: [ParNew: 55871K->6092K(55872K), 0.0019400 secs] 121415K->71665K(182144K), 0.0019850 secs] [Times: user=0.01 sys=0.00, real=0.00 secs] 
127.008: Total time for which application threads were stopped: 0.0041150 seconds, Stopping threads took: 0.0020530 seconds
127.052: Application time: 0.0441550 seconds
127.054: [GC127.054: [ParNew: 55756K->6206K(55872K), 0.0023780 secs] 121329K->72921K(182144K), 0.0024290 secs] [Times: user=0.02 sys=0.00, real=0.00 secs] 
127.056: Total time for which application threads were stopped: 0.0041520 seconds, Stopping threads took: 0.0016360 seconds
127.102: Application time: 0.0452040 seconds
127.103: [GC127.103: [ParNew: 55870K->6207K(55872K), 0.0023260 secs] 122585K->74339K(182144K), 0.0023660 secs] [Times: user=0.01 sys=0.01, real=0.00 secs] 
127.105: Total time for which application threads were stopped: 0.0038380 seconds, Stopping threads took: 0.0014080 seconds
127.149: Application time: 0.0434050 seconds
127.151: [GC127.151: [ParNew: 55871K->6207K(55872K), 0.0025460 secs] 124003K->75807K(182144K), 0.0025910 secs] [Times: user=0.02 sys=0.00, real=0.01 secs] 
127.153: Total time for which application threads were stopped: 0.0045620 seconds, Stopping threads took: 0.0019030 seconds
127.199: Application time: 0.0454770 seconds
127.201: [GC127.201: [ParNew: 55871K->6015K(55872K), 0.0018180 secs] 125471K->75615K(182144K), 0.0018600 secs] [Times: user=0.01 sys=0.00, real=0.01 secs] 
127.203: Total time for which application threads were stopped: 0.0040420 seconds, Stopping threads took: 0.0021180 seconds
127.248: Application time: 0.0447530 seconds
127.250: [GC127.250: [ParNew: 55679K->6207K(55872K), 0.0021180 secs] 125279K->76114K(182144K), 0.0021650 secs] [Times: user=0.02 sys=0.00, real=0.00 secs] 
127.252: Total time for which application threads were stopped: 0.0043630 seconds, Stopping threads took: 0.0021120 seconds
127.295: Application time: 0.0427770 seconds
127.296: [GC127.296: [ParNew: 55871K->6206K(55872K), 0.0023070 secs] 125778K->77325K(182144K), 0.0023500 secs] [Times: user=0.02 sys=0.00, real=0.00 secs] 
127.299: Total time for which application threads were stopped: 0.0036450 seconds, Stopping threads took: 0.0012310 seconds
127.344: Application time: 0.0449940 seconds
127.346: [GC127.346: [ParNew: 55870K->6207K(55872K), 0.0020620 secs] 126989K->77540K(182144K), 0.0021050 secs] [Times: user=0.02 sys=0.00, real=0.00 secs] 
127.348: Total time for which application threads were stopped: 0.0046160 seconds, Stopping threads took: 0.0024470 seconds
127.393: Application time: 0.0447570 seconds
127.395: [GC127.395: [ParNew: 55871K->6207K(55872K), 0.0021280 secs] 127204K->77998K(182144K), 0.0021740 secs] [Times: user=0.02 sys=0.00, real=0.00 secs] 
127.397: Total time for which application threads were stopped: 0.0043060 seconds, Stopping threads took: 0.0020440 seconds
127.443: Application time: 0.0453480 seconds
127.445: [GC127.445: [ParNew: 55871K->6207K(55872K), 0.0021390 secs] 127662K->78851K(182144K), 0.0021830 secs] [Times: user=0.01 sys=0.00, real=0.00 secs] 
127.447: Total time for which application threads were stopped: 0.0044460 seconds, Stopping threads took: 0.0021780 seconds
127.492: Application time: 0.0451600 seconds
127.495: [GC127.495: [ParNew: 55871K->5487K(55872K), 0.0017000 secs] 128515K->78160K(182144K), 0.0017410 secs] [Times: user=0.01 sys=0.00, real=0.00 secs] 
127.496: Total time for which application threads were stopped: 0.0042430 seconds, Stopping threads took: 0.0024380 seconds
127.540: Application time: 0.0433000 seconds
127.542: [GC127.542: [ParNew: 55151K->6206K(55872K), 0.0024560 secs] 127824K->80512K(182144K), 0.0024970 secs] [Times: user=0.02 sys=0.00, real=0.00 secs] 
127.545: Total time for which application threads were stopped: 0.0049020 seconds, Stopping threads took: 0.0023320 seconds
127.590: Application time: 0.0449790 seconds
127.591: [GC127.591: [ParNew: 55870K->6207K(55872K), 0.0021130 secs] 130176K->81210K(182144K), 0.0021560 secs] [Times: user=0.01 sys=0.00, real=0.01 secs] 
127.593: Total time for which application threads were stopped: 0.0038810 seconds, Stopping threads took: 0.0016600 seconds
127.638: Application time: 0.0444870 seconds
127.641: [GC127.641: [ParNew: 55871K->6206K(55872K), 0.0021670 secs] 130874K->82038K(182144K), 0.0022120 secs] [Times: user=0.02 sys=0.00, real=0.01 secs] 
127.643: Total time for which application threads were stopped: 0.0050420 seconds, Stopping threads took: 0.0027650 seconds
127.688: Application time: 0.0451300 seconds
127.689: [GC127.689: [ParNew: 55870K->5660K(55872K), 0.0018830 secs] 131702K->81520K(182144K), 0.0019350 secs] [Times: user=0.01 sys=0.00, real=0.00 secs] 
127.691: Total time for which application threads were stopped: 0.0031290 seconds, Stopping threads took: 0.0011280 seconds
127.738: Application time: 0.0464290 seconds
127.739: [GC127.739: [ParNew: 55324K->5121K(55872K), 0.0018310 secs] 131184K->80981K(182144K), 0.0018690 secs] [Times: user=0.01 sys=0.00, real=0.00 secs] 
127.741: Total time for which application threads were stopped: 0.0033640 seconds, Stopping threads took: 0.0014220 seconds
127.788: Application time: 0.0469530 seconds
127.790: [GC127.790: [ParNew: 54785K->6206K(55872K), 0.0021210 secs] 130645K->82270K(182144K), 0.0021660 secs] [Times: user=0.02 sys=0.00, real=0.00 secs] 
127.792: Total time for which application threads were stopped: 0.0040920 seconds, Stopping threads took: 0.0018350 seconds
127.842: Application time: 0.0495610 seconds
127.843: [GC127.843: [ParNew: 55870K->5808K(55872K), 0.0020790 secs] 131934K->81928K(182144K), 0.0021200 secs] [Times: user=0.01 sys=0.00, real=0.00 secs] 
127.845: Total time for which application threads were stopped: 0.0035580 seconds, Stopping threads took: 0.0013720 seconds
127.895: Application time: 0.0495170 seconds
127.897: [GC127.897: [ParNew: 55472K->4218K(55872K), 0.0014020 secs] 131592K->80395K(182144K), 0.0014420 secs] [Times: user=0.01 sys=0.00, real=0.00 secs] 
127.898: Total time for which application threads were stopped: 0.0036870 seconds, Stopping threads took: 0.0021810 seconds
127.946: Application time: 0.0476990 seconds
127.949: [GC127.949: [ParNew: 53882K->6207K(55872K), 0.0022530 secs] 130059K->82688K(182144K), 0.0022970 secs] [Times: user=0.02 sys=0.00, real=0.00 secs] 
127.951: Total time for which application threads were stopped: 0.0051250 seconds, Stopping threads took: 0.0027610 seconds
127.997: Application time: 0.0461740 seconds
128.000: [GC128.000: [ParNew: 55871K->6206K(55872K), 0.0023160 secs] 132352K->83970K(182144K), 0.0023620 secs] [Times: user=0.01 sys=0.00, real=0.01 secs] 
128.003: Total time for which application threads were stopped: 0.0052700 seconds, Stopping threads took: 0.0028390 seconds
128.053: Application time: 0.0498920 seconds
128.056: [GC128.056: [ParNew: 55870K->6206K(55872K), 0.0020120 secs] 133634K->84257K(182144K), 0.0020580 secs] [Times: user=0.02 sys=0.00, real=0.00 secs] 
128.058: Total time for which application threads were stopped: 0.0051280 seconds, Stopping threads took: 0.0029940 seconds
128.105: Application time: 0.0475990 seconds
128.108: [GC128.108: [ParNew: 55870K->6207K(55872K), 0.0023070 secs] 133921K->85476K(182144K), 0.0023530 secs] [Times: user=0.02 sys=0.00, real=0.00 secs] 
128.110: Total time for which application threads were stopped: 0.0051100 seconds, Stopping threads took: 0.0026900 seconds
128.158: Application time: 0.0478750 seconds
128.160: [GC128.160: [ParNew: 55871K->6207K(55872K), 0.0020430 secs] 135140K->85730K(182144K), 0.0020900 secs] [Times: user=0.01 sys=0.00, real=0.01 secs] 
128.162: Total time for which application threads were stopped: 0.0040100 seconds, Stopping threads took: 0.0018510 seconds
128.209: Application time: 0.0464360 seconds
128.211: [GC128.211: [ParNew: 55871K->6207K(55872K), 0.0023580 secs] 135394K->86958K(182144K), 0.0024040 secs] [Times: user=0.02 sys=0.00, real=0.00 secs] 
128.213: Total time for which application threads were stopped: 0.0042270 seconds, Stopping threads took: 0.0017560 seconds
128.261: Application time: 0.0484690 seconds
128.264: [GC128.264: [ParNew: 55871K->6120K(55872K), 0.0017850 secs] 136622K->86870K(182144K), 0.0018280 secs] [Times: user=0.01 sys=0.00, real=0.00 secs] 
128.266: Total time for which application threads were stopped: 0.0044070 seconds, Stopping threads took: 0.0025140 seconds
128.314: Application time: 0.0481270 seconds
128.317: [GC128.317: [ParNew: 55784K->6207K(55872K), 0.0020960 secs] 136534K->87806K(182144K), 0.0021340 secs] [Times: user=0.01 sys=0.00, real=0.00 secs] 
128.319: Total time for which application threads were stopped: 0.0052030 seconds, Stopping threads took: 0.0029950 seconds
128.366: Application time: 0.0471720 seconds
128.368: [GC128.368: [ParNew: 55871K->6207K(55872K), 0.0025790 secs] 137470K->89443K(182144K), 0.0026240 secs] [Times: user=0.01 sys=0.00, real=0.00 secs] 
128.371: Total time for which application threads were stopped: 0.0043480 seconds, Stopping threads took: 0.0016550 seconds
128.417: Application time: 0.0461640 seconds
128.420: [GC128.420: [ParNew: 55871K->6206K(55872K), 0.0024800 secs] 139107K->91023K(182144K), 0.0025300 secs] [Times: user=0.02 sys=0.00, real=0.01 secs] 
128.423: Total time for which application threads were stopped: 0.0059310 seconds, Stopping threads took: 0.0033200 seconds
128.472: Application time: 0.0491540 seconds
128.474: [GC128.474: [ParNew: 55870K->6207K(55872K), 0.0021560 secs] 140687K->91523K(182144K), 0.0022020 secs] [Times: user=0.01 sys=0.00, real=0.00 secs] 
128.477: Total time for which application threads were stopped: 0.0046470 seconds, Stopping threads took: 0.0023780 seconds
128.527: Application time: 0.0507340 seconds
128.529: [GC128.529: [ParNew: 55871K->4238K(55872K), 0.0015350 secs] 141187K->89582K(182144K), 0.0015770 secs] [Times: user=0.01 sys=0.00, real=0.00 secs] 
128.531: Total time for which application threads were stopped: 0.0034740 seconds, Stopping threads took: 0.0018330 seconds
128.580: Application time: 0.0486330 seconds
128.581: [GC128.581: [ParNew: 53902K->5828K(55872K), 0.0020190 secs] 139246K->91201K(182144K), 0.0020620 secs] [Times: user=0.01 sys=0.00, real=0.01 secs] 
128.583: Total time for which application threads were stopped: 0.0034990 seconds, Stopping threads took: 0.0013450 seconds
128.631: Application time: 0.0479080 seconds
128.632: [GC128.632: [ParNew: 55492K->5342K(55872K), 0.0019440 secs] 140865K->90743K(182144K), 0.0019820 secs] [Times: user=0.01 sys=0.00, real=0.01 secs] 
128.634: Total time for which application threads were stopped: 0.0032230 seconds, Stopping threads took: 0.0011550 seconds
128.682: Application time: 0.0481550 seconds
128.685: [GC128.685: [ParNew: 55006K->6013K(55872K), 0.0019730 secs] 140407K->91415K(182144K), 0.0020160 secs] [Times: user=0.02 sys=0.00, real=0.00 secs] 
128.687: Total time for which application threads were stopped: 0.0043660 seconds, Stopping threads took: 0.0022610 seconds
128.736: Application time: 0.0491590 seconds
128.738: [GC128.738: [ParNew: 55677K->6206K(55872K), 0.0020800 secs] 141079K->92247K(182144K), 0.0021220 secs] [Times: user=0.01 sys=0.00, real=0.00 secs] 
128.740: Total time for which application threads were stopped: 0.0038400 seconds, Stopping threads took: 0.0016510 seconds
128.787: Application time: 0.0472750 seconds
128.789: [GC128.789: [ParNew: 55870K->6207K(55872K), 0.0023570 secs] 141911K->92946K(182144K), 0.0024000 secs] [Times: user=0.01 sys=0.00, real=0.00 secs] 
128.791: Total time for which application threads were stopped: 0.0041320 seconds, Stopping threads took: 0.0016660 seconds
128.839: Application time: 0.0477620 seconds
128.840: [GC128.840: [ParNew: 55871K->5857K(55872K), 0.0019110 secs] 142610K->92596K(182144K), 0.0019500 secs] [Times: user=0.01 sys=0.00, real=0.01 secs] 
128.842: Total time for which application threads were stopped: 0.0034790 seconds, Stopping threads took: 0.0014660 seconds
128.891: Application time: 0.0485290 seconds
128.894: [GC128.894: [ParNew: 55521K->6207K(55872K), 0.0018800 secs] 142260K->92975K(182144K), 0.0019210 secs] [Times: user=0.01 sys=0.00, real=0.00 secs] 
128.896: Total time for which application threads were stopped: 0.0046890 seconds, Stopping threads took: 0.0027030 seconds
128.943: Application time: 0.0476610 seconds
128.945: [GC128.945: [ParNew: 55871K->6159K(55872K), 0.0020490 secs] 142639K->93013K(182144K), 0.0020960 secs] [Times: user=0.01 sys=0.01, real=0.00 secs] 
128.947: Total time for which application threads were stopped: 0.0041960 seconds, Stopping threads took: 0.0020310 seconds
128.994: Application time: 0.0466870 seconds
128.996: [GC128.996: [ParNew: 55823K->5107K(55872K), 0.0016740 secs] 142677K->91962K(182144K), 0.0017250 secs] [Times: user=0.01 sys=0.00, real=0.00 secs] 
128.998: Total time for which application threads were stopped: 0.0038120 seconds, Stopping threads took: 0.0020210 seconds
129.045: Application time: 0.0467170 seconds
129.046: [GC129.046: [ParNew: 54771K->6207K(55872K), 0.0022940 secs] 141626K->93777K(182144K), 0.0023350 secs] [Times: user=0.01 sys=0.00, real=0.00 secs] 
129.049: Total time for which application threads were stopped: 0.0039740 seconds, Stopping threads took: 0.0015510 seconds
129.097: Application time: 0.0488430 seconds
129.100: [GC129.100: [ParNew: 55871K->6206K(55872K), 0.0021300 secs] 143441K->94002K(182144K), 0.0021740 secs] [Times: user=0.01 sys=0.00, real=0.01 secs] 
129.102: Total time for which application threads were stopped: 0.0047200 seconds, Stopping threads took: 0.0024610 seconds
129.150: Application time: 0.0478620 seconds
129.153: [GC129.153: [ParNew: 55870K->6206K(55872K), 0.0020940 secs] 143666K->94528K(182144K), 0.0021410 secs] [Times: user=0.01 sys=0.00, real=0.01 secs] 
129.155: Total time for which application threads were stopped: 0.0052880 seconds, Stopping threads took: 0.0030770 seconds
129.202: Application time: 0.0462610 seconds
129.204: [GC129.204: [ParNew: 55870K->6206K(55872K), 0.0022980 secs] 144192K->95555K(182144K), 0.0023440 secs] [Times: user=0.01 sys=0.00, real=0.00 secs] 
129.207: Total time for which application threads were stopped: 0.0051650 seconds, Stopping threads took: 0.0027540 seconds
129.254: Application time: 0.0473370 seconds
129.256: [GC129.256: [ParNew: 55870K->6064K(55872K), 0.0020240 secs] 145219K->95413K(182144K), 0.0020670 secs] [Times: user=0.01 sys=0.00, real=0.00 secs] 
129.258: Total time for which application threads were stopped: 0.0042590 seconds, Stopping threads took: 0.0021040 seconds
129.306: Application time: 0.0481070 seconds
129.309: [GC129.309: [ParNew: 55728K->6206K(55872K), 0.0022330 secs] 145077K->96389K(182144K), 0.0022820 secs] [Times: user=0.02 sys=0.00, real=0.00 secs] 
129.311: Total time for which application threads were stopped: 0.0044380 seconds, Stopping threads took: 0.0020670 seconds
129.358: Application time: 0.0474660 seconds
129.361: [GC129.361: [ParNew: 55870K->6207K(55872K), 0.0022310 secs] 146053K->97138K(182144K), 0.0022790 secs] [Times: user=0.01 sys=0.00, real=0.01 secs] 
129.363: Total time for which application threads were stopped: 0.0045230 seconds, Stopping threads took: 0.0021520 seconds
129.409: Application time: 0.0464880 seconds
129.411: [GC129.411: [ParNew: 55871K->6207K(55872K), 0.0025030 secs] 146802K->98756K(182144K), 0.0025470 secs] [Times: user=0.01 sys=0.00, real=0.01 secs] 
129.413: Total time for which application threads were stopped: 0.0040810 seconds, Stopping threads took: 0.0014670 seconds
129.461: Application time: 0.0472150 seconds
129.463: [GC129.463: [ParNew: 55871K->5706K(55872K), 0.0018010 secs] 148420K->98284K(182144K), 0.0018430 secs] [Times: user=0.01 sys=0.00, real=0.00 secs] 
129.465: Total time for which application threads were stopped: 0.0046170 seconds, Stopping threads took: 0.0027080 seconds
129.512: Application time: 0.0464750 seconds
129.514: [GC129.514: [ParNew: 55370K->6206K(55872K), 0.0023580 secs] 147948K->99992K(182144K), 0.0024050 secs] [Times: user=0.01 sys=0.00, real=0.00 secs] 
129.517: Total time for which application threads were stopped: 0.0050810 seconds, Stopping threads took: 0.0026090 seconds
129.566: Application time: 0.0490600 seconds
129.568: [GC129.568: [ParNew: 55870K->6206K(55872K), 0.0020920 secs] 149656K->100519K(182144K), 0.0021360 secs] [Times: user=0.02 sys=0.00, real=0.00 secs] 
129.570: Total time for which application threads were stopped: 0.0045410 seconds, Stopping threads took: 0.0023370 seconds
129.620: Application time: 0.0496390 seconds
129.623: [GC129.623: [ParNew: 55870K->6179K(55872K), 0.0020930 secs] 150183K->100548K(182144K), 0.0021480 secs] [Times: user=0.02 sys=0.00, real=0.00 secs] 
129.625: Total time for which application threads were stopped: 0.0053090 seconds, Stopping threads took: 0.0030520 seconds
129.676: Application time: 0.0508050 seconds
129.677: [GC129.677: [ParNew: 55843K->6167K(55872K), 0.0019410 secs] 150212K->100537K(182144K), 0.0019810 secs] [Times: user=0.01 sys=0.00, real=0.00 secs] 
129.679: Total time for which application threads were stopped: 0.0029100 seconds, Stopping threads took: 0.0008650 seconds
129.727: Application time: 0.0482670 seconds
129.729: [GC129.729: [ParNew: 55831K->6207K(55872K), 0.0023040 secs] 150201K->101617K(182144K), 0.0023490 secs] [Times: user=0.02 sys=0.00, real=0.00 secs] 
129.731: Total time for which application threads were stopped: 0.0040100 seconds, Stopping threads took: 0.0015930 seconds
129.778: Application time: 0.0470050 seconds
129.781: [GC129.781: [ParNew: 55871K->6206K(55872K), 0.0020610 secs] 151281K->102160K(182144K), 0.0021040 secs] [Times: user=0.01 sys=0.00, real=0.01 secs] 
129.783: Total time for which application threads were stopped: 0.0042890 seconds, Stopping threads took: 0.0021240 seconds
129.830: Application time: 0.0471960 seconds
129.833: [GC129.833: [ParNew: 55870K->6207K(55872K), 0.0025350 secs] 151824K->103885K(182144K), 0.0025810 secs] [Times: user=0.02 sys=0.00, real=0.01 secs] 
129.835: Total time for which application threads were stopped: 0.0054860 seconds, Stopping threads took: 0.0028210 seconds
129.883: Application time: 0.0477080 seconds
129.885: [GC129.885: [ParNew: 55871K->6206K(55872K), 0.0025270 secs] 153549K->105610K(182144K), 0.0025750 secs] [Times: user=0.02 sys=0.00, real=0.00 secs] 
129.888: Total time for which application threads were stopped: 0.0046950 seconds, Stopping threads took: 0.0020520 seconds
129.938: Application time: 0.0498400 seconds
129.940: [GC129.940: [ParNew: 55870K->5274K(55872K), 0.0017360 secs] 155274K->104678K(182144K), 0.0017760 secs] [Times: user=0.01 sys=0.00, real=0.01 secs] 
129.942: Total time for which application threads were stopped: 0.0040810 seconds, Stopping threads took: 0.0022400 seconds
129.990: Application time: 0.0477880 seconds
129.991: [GC129.991: [ParNew: 54938K->6206K(55872K), 0.0021280 secs] 154342K->106125K(182144K), 0.0021680 secs] [Times: user=0.01 sys=0.00, real=0.01 secs] 
129.993: Total time for which application threads were stopped: 0.0038480 seconds, Stopping threads took: 0.0015820 seconds
130.040: Application time: 0.0470050 seconds
130.043: [GC130.043: [ParNew: 55870K->6206K(55872K), 0.0020510 secs] 155789K->106595K(182144K), 0.0020960 secs] [Times: user=0.02 sys=0.00, real=0.00 secs] 
130.045: Total time for which application threads were stopped: 0.0048110 seconds, Stopping threads took: 0.0026460 seconds
130.094: Application time: 0.0484920 seconds
130.096: [GC130.096: [ParNew: 55870K->6206K(55872K), 0.0019770 secs] 156259K->106883K(182144K), 0.0020200 secs] [Times: user=0.02 sys=0.00, real=0.00 secs] 
130.098: Total time for which application threads were stopped: 0.0040940 seconds, Stopping threads took: 0.0020060 seconds
130.146: Application time: 0.0481450 seconds
130.148: [GC130.148: [ParNew: 55870K->5500K(55872K), 0.0017830 secs] 156547K->106233K(182144K), 0.0018260 secs] [Times: user=0.02 sys=0.00, real=0.00 secs] 
130.149: Total time for which application threads were stopped: 0.0034080 seconds, Stopping threads took: 0.0015090 seconds
130.197: Application time: 0.0473380 seconds
130.199: [GC130.199: [ParNew: 55164K->6206K(55872K), 0.0020850 secs] 155897K->107310K(182144K), 0.0021290 secs] [Times: user=0.01 sys=0.00, real=0.00 secs] 
130.201: Total time for which application threads were stopped: 0.0040850 seconds, Stopping threads took: 0.0018880 seconds
130.249: Application time: 0.0481780 seconds
130.251: [GC130.251: [ParNew: 55870K->6113K(55872K), 0.0020190 secs] 156974K->107246K(182144K), 0.0020610 secs] [Times: user=0.01 sys=0.00, real=0.00 secs] 
130.253: Total time for which application threads were stopped: 0.0041210 seconds, Stopping threads took: 0.0019940 seconds
130.301: Application time: 0.0479920 seconds
130.304: [GC130.304: [ParNew: 55777K->5509K(55872K), 0.0019670 secs] 156910K->106642K(182144K), 0.0020220 secs] [Times: user=0.02 sys=0.00, real=0.00 secs] 
130.306: Total time for which application threads were stopped: 0.0049410 seconds, Stopping threads took: 0.0028310 seconds
130.352: Application time: 0.0457960 seconds
130.354: [GC130.354: [ParNew: 55173K->6206K(55872K), 0.0021750 secs] 156306K->107786K(182144K), 0.0022230 secs] [Times: user=0.01 sys=0.00, real=0.00 secs] 
130.356: Total time for which application threads were stopped: 0.0044320 seconds, Stopping threads took: 0.0021170 seconds
130.406: Application time: 0.0498140 seconds
130.407: [GC130.407: [ParNew: 55870K->5239K(55872K), 0.0018340 secs] 157450K->106847K(182144K), 0.0018760 secs] [Times: user=0.02 sys=0.00, real=0.00 secs] 
130.409: Total time for which application threads were stopped: 0.0025300 seconds, Stopping threads took: 0.0005780 seconds
130.458: Application time: 0.0489980 seconds
130.461: [GC130.461: [ParNew: 54903K->6207K(55872K), 0.0019880 secs] 156511K->107824K(182144K), 0.0020280 secs] [Times: user=0.01 sys=0.00, real=0.01 secs] 
130.463: Total time for which application threads were stopped: 0.0053400 seconds, Stopping threads took: 0.0032260 seconds
130.513: Application time: 0.0498420 seconds
130.515: [GC130.515: [ParNew: 55871K->6206K(55872K), 0.0022280 secs] 157488K->108301K(182144K), 0.0022690 secs] [Times: user=0.02 sys=0.00, real=0.00 secs] 
130.517: Total time for which application threads were stopped: 0.0042890 seconds, Stopping threads took: 0.0019350 seconds
130.566: Application time: 0.0488720 seconds
130.567: [GC130.567: [ParNew: 55870K->4610K(55872K), 0.0015160 secs] 157965K->106762K(182144K), 0.0015570 secs] [Times: user=0.02 sys=0.00, real=0.00 secs] 
130.569: Total time for which application threads were stopped: 0.0030700 seconds, Stopping threads took: 0.0014500 seconds
130.622: Application time: 0.0527680 seconds
130.623: [GC130.624: [ParNew: 54274K->4360K(55872K), 0.0015070 secs] 156426K->106540K(182144K), 0.0015440 secs] [Times: user=0.01 sys=0.00, real=0.00 secs] 
130.625: Total time for which application threads were stopped: 0.0032490 seconds, Stopping threads took: 0.0016430 seconds
130.675: Application time: 0.0501110 seconds
130.677: [GC130.677: [ParNew: 54024K->4374K(55872K), 0.0016930 secs] 156204K->106583K(182144K), 0.0017300 secs] [Times: user=0.02 sys=0.00, real=0.00 secs] 
130.678: Total time for which application threads were stopped: 0.0032880 seconds, Stopping threads took: 0.0014890 seconds
130.725: Application time: 0.0468830 seconds
130.727: [GC130.727: [ParNew: 54038K->6207K(55872K), 0.0020040 secs] 156247K->108579K(182144K), 0.0020550 secs] [Times: user=0.01 sys=0.00, real=0.00 secs] 
130.729: Total time for which application threads were stopped: 0.0040550 seconds, Stopping threads took: 0.0019340 seconds
130.778: Application time: 0.0487390 seconds
130.781: [GC130.781: [ParNew: 55871K->5467K(55872K), 0.0017600 secs] 158243K->107839K(182144K), 0.0018010 secs] [Times: user=0.01 sys=0.00, real=0.01 secs] 
130.783: Total time for which application threads were stopped: 0.0044030 seconds, Stopping threads took: 0.0025370 seconds
130.832: Application time: 0.0491870 seconds
130.835: [GC130.835: [ParNew: 55131K->6207K(55872K), 0.0021560 secs] 157503K->109386K(182144K), 0.0021990 secs] [Times: user=0.01 sys=0.00, real=0.00 secs] 
130.837: Total time for which application threads were stopped: 0.0056530 seconds, Stopping threads took: 0.0033630 seconds
130.886: Application time: 0.0490160 seconds
130.889: [GC130.889: [ParNew: 55871K->5959K(55872K), 0.0017660 secs] 159050K->109138K(182144K), 0.0018120 secs] [Times: user=0.01 sys=0.00, real=0.00 secs] 
130.891: Total time for which application threads were stopped: 0.0043690 seconds, Stopping threads took: 0.0024900 seconds
130.943: Application time: 0.0521490 seconds
130.944: [GC130.944: [ParNew: 55623K->6207K(55872K), 0.0023290 secs] 158802K->110539K(182144K), 0.0023760 secs] [Times: user=0.02 sys=0.00, real=0.00 secs] 
130.946: Total time for which application threads were stopped: 0.0032890 seconds, Stopping threads took: 0.0008460 seconds
130.995: Application time: 0.0483180 seconds
130.995: [GC130.996: [ParNew: 55871K->6206K(55872K), 0.0021040 secs] 160203K->110986K(182144K), 0.0021570 secs] [Times: user=0.01 sys=0.01, real=0.00 secs] 
130.998: Total time for which application threads were stopped: 0.0031230 seconds, Stopping threads took: 0.0008990 seconds
131.047: Application time: 0.0490740 seconds
131.050: [GC131.050: [ParNew: 55870K->6090K(55872K), 0.0019390 secs] 160650K->110870K(182144K), 0.0019840 secs] [Times: user=0.01 sys=0.00, real=0.00 secs] 
131.052: Total time for which application threads were stopped: 0.0048290 seconds, Stopping threads took: 0.0027740 seconds
131.102: Application time: 0.0499810 seconds
131.103: [GC131.103: [ParNew: 55754K->6207K(55872K), 0.0022720 secs] 160534K->111690K(182144K), 0.0023180 secs] [Times: user=0.01 sys=0.00, real=0.00 secs] 
131.106: Total time for which application threads were stopped: 0.0041900 seconds, Stopping threads took: 0.0017820 seconds
131.154: Application time: 0.0479480 seconds
131.156: [GC131.156: [ParNew: 55871K->6207K(55872K), 0.0022710 secs] 161354K->112942K(182144K), 0.0023160 secs] [Times: user=0.02 sys=0.00, real=0.00 secs] 
131.158: Total time for which application threads were stopped: 0.0041710 seconds, Stopping threads took: 0.0017870 seconds
131.209: Application time: 0.0508130 seconds
131.211: [GC131.211: [ParNew: 55871K->6206K(55872K), 0.0020860 secs] 162606K->113290K(182144K), 0.0021320 secs] [Times: user=0.02 sys=0.00, real=0.00 secs] 
131.213: Total time for which application threads were stopped: 0.0039630 seconds, Stopping threads took: 0.0017340 seconds
131.258: Application time: 0.0451130 seconds
131.261: [GC131.261: [ParNew: 55870K->6206K(55872K), 0.0023580 secs] 162954K->114404K(182144K), 0.0024050 secs] [Times: user=0.01 sys=0.00, real=0.01 secs] 
131.263: Total time for which application threads were stopped: 0.0051520 seconds, Stopping threads took: 0.0026780 seconds
131.311: Application time: 0.0485270 seconds
131.315: [GC131.315: [ParNew: 55870K->5611K(55872K), 0.0017810 secs] 164068K->113866K(182144K), 0.0018200 secs] [Times: user=0.01 sys=0.00, real=0.00 secs] 
131.316: Total time for which application threads were stopped: 0.0049520 seconds, Stopping threads took: 0.0030680 seconds
131.365: Application time: 0.0481010 seconds
131.367: [GC131.367: [ParNew: 55275K->6206K(55872K), 0.0021830 secs] 163530K->115017K(182144K), 0.0022240 secs] [Times: user=0.02 sys=0.00, real=0.00 secs] 
131.370: Total time for which application threads were stopped: 0.0050030 seconds, Stopping threads took: 0.0026940 seconds
131.418: Application time: 0.0482380 seconds
131.420: [GC131.420: [ParNew: 55870K->6145K(55872K), 0.0018630 secs] 164681K->114956K(182144K), 0.0019100 secs] [Times: user=0.01 sys=0.00, real=0.01 secs] 
131.421: Total time for which application threads were stopped: 0.0036940 seconds, Stopping threads took: 0.0017160 seconds
131.471: Application time: 0.0492790 seconds
131.474: [GC131.474: [ParNew: 55809K->5053K(55872K), 0.0017090 secs] 164620K->113864K(182144K), 0.0017460 secs] [Times: user=0.01 sys=0.00, real=0.00 secs] 
131.475: Total time for which application threads were stopped: 0.0045900 seconds, Stopping threads took: 0.0027790 seconds
 CMS: abort preclean due to time 131.477: [CMS-concurrent-abortable-preclean: 0.276/5.046 secs] [Times: user=38.68 sys=0.15, real=5.05 secs] 
131.478: Application time: 0.0025590 seconds
131.482: [GC[YG occupancy: 9825 K (55872 K)]131.482: [Rescan (parallel) , 0.0003240 secs]131.483: [weak refs processing, 0.0000080 secs]131.483: [scrub string table, 0.0001120 secs] [1 CMS-remark: 108810K(126272K)] 118636K(182144K), 0.0004910 secs] [Times: user=0.00 sys=0.00, real=0.00 secs] 
131.483: Total time for which application threads were stopped: 0.0050540 seconds, Stopping threads took: 0.0045310 seconds
131.483: [CMS-concurrent-sweep-start]
131.490: [CMS-concurrent-sweep: 0.007/0.007 secs] [Times: user=0.06 sys=0.00, real=0.00 secs] 
131.490: [CMS-concurrent-reset-start]
131.491: [CMS-concurrent-reset: 0.000/0.000 secs] [Times: user=0.00 sys=0.00, real=0.00 secs] 
131.528: Application time: 0.0447490 seconds
131.530: [GC131.530: [ParNew: 54717K->6206K(55872K), 0.0021840 secs] 109764K->62022K(182144K), 0.0022290 secs] [Times: user=0.02 sys=0.00, real=0.00 secs] 
131.532: Total time for which application threads were stopped: 0.0047420 seconds, Stopping threads took: 0.0024240 seconds
131.583: Application time: 0.0500800 seconds
131.584: [GC131.584: [ParNew: 55870K->5531K(55872K), 0.0018170 secs] 111686K->61347K(182144K), 0.0018570 secs] [Times: user=0.01 sys=0.00, real=0.00 secs] 
131.586: Total time for which application threads were stopped: 0.0038050 seconds, Stopping threads took: 0.0018870 seconds
131.634: Application time: 0.0481310 seconds
131.636: [GC131.636: [ParNew: 55195K->5565K(55872K), 0.0019140 secs] 111011K->61380K(182144K), 0.0019570 secs] [Times: user=0.02 sys=0.00, real=0.00 secs] 
131.638: Total time for which application threads were stopped: 0.0034130 seconds, Stopping threads took: 0.0013880 seconds
131.687: Application time: 0.0490650 seconds
131.688: [GC131.688: [ParNew: 55229K->6207K(55872K), 0.0023170 secs] 111044K->62410K(182144K), 0.0023630 secs] [Times: user=0.02 sys=0.00, real=0.00 secs] 
131.690: Total time for which application threads were stopped: 0.0032180 seconds, Stopping threads took: 0.0007900 seconds
131.739: Application time: 0.0490040 seconds
131.741: [GC131.741: [ParNew: 55871K->5034K(55872K), 0.0016010 secs] 112074K->61266K(182144K), 0.0016410 secs] [Times: user=0.02 sys=0.00, real=0.00 secs] 
131.743: Total time for which application threads were stopped: 0.0038950 seconds, Stopping threads took: 0.0021680 seconds
131.794: Application time: 0.0505800 seconds
131.798: [GC131.798: [ParNew: 54698K->4563K(55872K), 0.0017220 secs] 110930K->60823K(182144K), 0.0017590 secs] [Times: user=0.01 sys=0.00, real=0.00 secs] 
131.799: Total time for which application threads were stopped: 0.0058060 seconds, Stopping threads took: 0.0039640 seconds
131.847: Application time: 0.0473120 seconds
131.849: [GC131.849: [ParNew: 54227K->4910K(55872K), 0.0018310 secs] 110487K->61228K(182144K), 0.0018730 secs] [Times: user=0.01 sys=0.00, real=0.00 secs] 
131.851: Total time for which application threads were stopped: 0.0041560 seconds, Stopping threads took: 0.0022190 seconds
131.900: Application time: 0.0492900 seconds
131.902: [GC131.902: [ParNew: 54574K->4076K(55872K), 0.0014110 secs] 110892K->60422K(182144K), 0.0014460 secs] [Times: user=0.01 sys=0.00, real=0.00 secs] 
131.903: Total time for which application threads were stopped: 0.0029720 seconds, Stopping threads took: 0.0014620 seconds
131.951: Application time: 0.0479060 seconds
131.952: [GC131.952: [ParNew: 53740K->4422K(55872K), 0.0014610 secs] 110086K->60768K(182144K), 0.0014970 secs] [Times: user=0.01 sys=0.00, real=0.01 secs] 
131.954: Total time for which application threads were stopped: 0.0028610 seconds, Stopping threads took: 0.0013060 seconds
132.002: Application time: 0.0477500 seconds
132.003: [GC132.003: [ParNew: 54086K->5064K(55872K), 0.0016090 secs] 110432K->61411K(182144K), 0.0016430 secs] [Times: user=0.01 sys=0.00, real=0.00 secs] 
132.005: Total time for which application threads were stopped: 0.0030050 seconds, Stopping threads took: 0.0013050 seconds
132.051: Application time: 0.0466250 seconds
132.055: [GC132.055: [ParNew: 54728K->5969K(55872K), 0.0018740 secs] 111075K->62315K(182144K), 0.0019180 secs] [Times: user=0.02 sys=0.00, real=0.00 secs] 
132.057: Total time for which application threads were stopped: 0.0052580 seconds, Stopping threads took: 0.0032660 seconds
132.106: Application time: 0.0496920 seconds
132.108: [GC132.108: [ParNew: 55633K->6012K(55872K), 0.0018480 secs] 111979K->62387K(182144K), 0.0018880 secs] [Times: user=0.01 sys=0.00, real=0.00 secs] 
132.110: Total time for which application threads were stopped: 0.0037610 seconds, Stopping threads took: 0.0018110 seconds
132.155: Application time: 0.0448400 seconds
132.158: [GC132.158: [ParNew: 55676K->6207K(55872K), 0.0020790 secs] 112051K->63334K(182144K), 0.0021230 secs] [Times: user=0.01 sys=0.00, real=0.00 secs] 
132.160: Total time for which application threads were stopped: 0.0052460 seconds, Stopping threads took: 0.0030500 seconds
132.207: Application time: 0.0468600 seconds
132.209: [GC132.209: [ParNew: 55871K->6206K(55872K), 0.0020210 secs] 112998K->63436K(182144K), 0.0020620 secs] [Times: user=0.01 sys=0.00, real=0.00 secs] 
132.211: Total time for which application threads were stopped: 0.0036060 seconds, Stopping threads took: 0.0014800 seconds
132.258: Application time: 0.0468670 seconds
132.259: [GC132.259: [ParNew: 55870K->6206K(55872K), 0.0020820 secs] 113100K->63911K(182144K), 0.0021260 secs] [Times: user=0.02 sys=0.00, real=0.01 secs] 
132.261: Total time for which application threads were stopped: 0.0039700 seconds, Stopping threads took: 0.0017720 seconds
132.307: Application time: 0.0451270 seconds
132.309: [GC132.309: [ParNew: 55870K->6206K(55872K), 0.0021060 secs] 113575K->64187K(182144K), 0.0021480 secs] [Times: user=0.01 sys=0.00, real=0.00 secs] 
132.311: Total time for which application threads were stopped: 0.0044880 seconds, Stopping threads took: 0.0022770 seconds
132.356: Application time: 0.0452210 seconds
132.358: [GC132.358: [ParNew: 55870K->6207K(55872K), 0.0021920 secs] 113851K->64551K(182144K), 0.0022350 secs] [Times: user=0.02 sys=0.00, real=0.00 secs] 
132.360: Total time for which application threads were stopped: 0.0040900 seconds, Stopping threads took: 0.0017820 seconds
132.406: Application time: 0.0451190 seconds
132.406: [GC132.406: [ParNew: 55871K->6206K(55872K), 0.0022700 secs] 114215K->65776K(182144K), 0.0023110 secs] [Times: user=0.01 sys=0.00, real=0.00 secs] 
132.409: Total time for which application threads were stopped: 0.0031680 seconds, Stopping threads took: 0.0007730 seconds
132.409: Application time: 0.0001070 seconds
132.411: [GC [1 CMS-initial-mark: 59569K(126272K)] 67019K(182144K), 0.0002070 secs] [Times: user=0.00 sys=0.00, real=0.00 secs] 
132.411: Total time for which application threads were stopped: 0.0022160 seconds, Stopping threads took: 0.0019890 seconds
132.411: [CMS-concurrent-mark-start]
132.418: [CMS-concurrent-mark: 0.007/0.007 secs] [Times: user=0.05 sys=0.00, real=0.01 secs] 
132.418: [CMS-concurrent-preclean-start]
132.419: [CMS-concurrent-preclean: 0.000/0.000 secs] [Times: user=0.00 sys=0.00, real=0.00 secs] 
132.419: [CMS-concurrent-abortable-preclean-start]
132.456: Application time: 0.0450280 seconds
132.459: [GC132.459: [ParNew: 55870K->6206K(55872K), 0.0019290 secs] 115440K->65838K(182144K), 0.0019740 secs] [Times: user=0.01 sys=0.00, real=0.00 secs] 
132.461: Total time for which application threads were stopped: 0.0046180 seconds, Stopping threads took: 0.0025780 seconds
132.506: Application time: 0.0452630 seconds
132.509: [GC132.509: [ParNew: 55870K->6206K(55872K), 0.0020910 secs] 115502K->66466K(182144K), 0.0021300 secs] [Times: user=0.02 sys=0.00, real=0.00 secs] 
132.511: Total time for which application threads were stopped: 0.0048080 seconds, Stopping threads took: 0.0026150 seconds
132.555: Application time: 0.0443790 seconds
132.557: [GC132.557: [ParNew: 55870K->6207K(55872K), 0.0019270 secs] 116130K->66555K(182144K), 0.0019680 secs] [Times: user=0.02 sys=0.00, real=0.00 secs] 
132.559: Total time for which application threads were stopped: 0.0039990 seconds, Stopping threads took: 0.0019680 seconds
132.604: Application time: 0.0449210 seconds
132.606: [GC132.606: [ParNew: 55871K->6199K(55872K), 0.0019440 secs] 116219K->66576K(182144K), 0.0019800 secs] [Times: user=0.01 sys=0.00, real=0.00 secs] 
132.608: Total time for which application threads were stopped: 0.0041690 seconds, Stopping threads took: 0.0021190 seconds
132.654: Application time: 0.0458590 seconds
132.656: [GC132.656: [ParNew: 55863K->6206K(55872K), 0.0018690 secs] 116240K->66613K(182144K), 0.0019110 secs] [Times: user=0.02 sys=0.00, real=0.00 secs] 
132.657: Total time for which application threads were stopped: 0.0033780 seconds, Stopping threads took: 0.0014040 seconds
132.702: Application time: 0.0446840 seconds
132.703: [GC132.703: [ParNew: 55870K->6207K(55872K), 0.0022860 secs] 116277K->67710K(182144K), 0.0023360 secs] [Times: user=0.01 sys=0.00, real=0.00 secs] 
132.706: Total time for which application threads were stopped: 0.0035360 seconds, Stopping threads took: 0.0011130 seconds
132.752: Application time: 0.0462080 seconds
132.754: [GC132.755: [ParNew: 55871K->6207K(55872K), 0.0020920 secs] 117374K->67987K(182144K), 0.0021330 secs] [Times: user=0.01 sys=0.01, real=0.00 secs] 
132.757: Total time for which application threads were stopped: 0.0047420 seconds, Stopping threads took: 0.0025430 seconds
132.802: Application time: 0.0456510 seconds
132.804: [GC132.804: [ParNew: 55871K->6207K(55872K), 0.0022650 secs] 117651K->69069K(182144K), 0.0023040 secs] [Times: user=0.02 sys=0.00, real=0.00 secs] 
132.806: Total time for which application threads were stopped: 0.0039050 seconds, Stopping threads took: 0.0015170 seconds
132.855: Application time: 0.0485040 seconds
132.858: [GC132.858: [ParNew: 55871K->4394K(55872K), 0.0014940 secs] 118733K->67285K(182144K), 0.0015250 secs] [Times: user=0.01 sys=0.00, real=0.00 secs] 
132.859: Total time for which application threads were stopped: 0.0046670 seconds, Stopping threads took: 0.0030640 seconds
132.906: Application time: 0.0462600 seconds
132.908: [GC132.908: [ParNew: 54058K->6207K(55872K), 0.0020580 secs] 116949K->69289K(182144K), 0.0021020 secs] [Times: user=0.01 sys=0.00, real=0.00 secs] 
132.910: Total time for which application threads were stopped: 0.0043610 seconds, Stopping threads took: 0.0021920 seconds
132.956: Application time: 0.0456860 seconds
132.958: [GC132.958: [ParNew: 55871K->5935K(55872K), 0.0021150 secs] 118953K->69045K(182144K), 0.0021580 secs] [Times: user=0.02 sys=0.00, real=0.00 secs] 
132.960: Total time for which application threads were stopped: 0.0041130 seconds, Stopping threads took: 0.0018900 seconds
133.005: Application time: 0.0450220 seconds
133.007: [GC133.007: [ParNew: 55599K->6207K(55872K), 0.0021630 secs] 118709K->70013K(182144K), 0.0022060 secs] [Times: user=0.01 sys=0.00, real=0.00 secs] 
133.009: Total time for which application threads were stopped: 0.0045930 seconds, Stopping threads took: 0.0022980 seconds
133.056: Application time: 0.0468230 seconds
133.057: [GC133.057: [ParNew: 55871K->4116K(55872K), 0.0013810 secs] 119677K->67921K(182144K), 0.0014170 secs] [Times: user=0.01 sys=0.00, real=0.00 secs] 
133.058: Total time for which application threads were stopped: 0.0016820 seconds, Stopping threads took: 0.0002050 seconds
133.104: Application time: 0.0460510 seconds
133.105: [GC133.105: [ParNew: 53780K->4591K(55872K), 0.0014390 secs] 117585K->68396K(182144K), 0.0014760 secs] [Times: user=0.01 sys=0.00, real=0.00 secs] 
133.107: Total time for which application threads were stopped: 0.0028880 seconds, Stopping threads took: 0.0013470 seconds
133.153: Application time: 0.0461750 seconds
133.155: [GC133.155: [ParNew: 54255K->5638K(55872K), 0.0017780 secs] 118060K->69472K(182144K), 0.0018180 secs] [Times: user=0.01 sys=0.00, real=0.00 secs] 
133.157: Total time for which application threads were stopped: 0.0040020 seconds, Stopping threads took: 0.0021000 seconds
133.203: Application time: 0.0457670 seconds
133.205: [GC133.205: [ParNew: 55302K->6207K(55872K), 0.0021750 secs] 119136K->70844K(182144K), 0.0022230 secs] [Times: user=0.01 sys=0.00, real=0.00 secs] 
133.208: Total time for which application threads were stopped: 0.0047620 seconds, Stopping threads took: 0.0024740 seconds
133.251: Application time: 0.0436930 seconds
133.253: [GC133.253: [ParNew: 55871K->6207K(55872K), 0.0022280 secs] 120508K->71645K(182144K), 0.0022720 secs] [Times: user=0.02 sys=0.00, real=0.01 secs] 
133.255: Total time for which application threads were stopped: 0.0039730 seconds, Stopping threads took: 0.0016380 seconds
133.299: Application time: 0.0438850 seconds
133.301: [GC133.302: [ParNew: 55871K->6206K(55872K), 0.0021470 secs] 121309K->72425K(182144K), 0.0021950 secs] [Times: user=0.02 sys=0.00, real=0.00 secs] 
133.304: Total time for which application threads were stopped: 0.0045510 seconds, Stopping threads took: 0.0022810 seconds
133.351: Application time: 0.0477600 seconds
133.354: [GC133.354: [ParNew: 55870K->5039K(55872K), 0.0015170 secs] 122089K->71258K(182144K), 0.0015540 secs] [Times: user=0.01 sys=0.00, real=0.00 secs] 
133.355: Total time for which application threads were stopped: 0.0040030 seconds, Stopping threads took: 0.0023810 seconds
133.401: Application time: 0.0450770 seconds
133.403: [GC133.403: [ParNew: 54703K->6206K(55872K), 0.0023110 secs] 120922K->73604K(182144K), 0.0023550 secs] [Times: user=0.01 sys=0.00, real=0.00 secs] 
133.405: Total time for which application threads were stopped: 0.0047620 seconds, Stopping threads took: 0.0023220 seconds
133.452: Application time: 0.0469170 seconds
133.455: [GC133.455: [ParNew: 55870K->6206K(55872K), 0.0022010 secs] 123268K->74353K(182144K), 0.0022450 secs] [Times: user=0.01 sys=0.00, real=0.00 secs] 
133.457: Total time for which application threads were stopped: 0.0047330 seconds, Stopping threads took: 0.0024240 seconds
133.503: Application time: 0.0463980 seconds
133.505: [GC133.505: [ParNew: 55870K->3912K(55872K), 0.0014270 secs] 124017K->72058K(182144K), 0.0014650 secs] [Times: user=0.01 sys=0.00, real=0.00 secs] 
133.507: Total time for which application threads were stopped: 0.0031370 seconds, Stopping threads took: 0.0016130 seconds
133.552: Application time: 0.0452120 seconds
133.554: [GC133.554: [ParNew: 53576K->6206K(55872K), 0.0023850 secs] 121722K->75660K(182144K), 0.0024310 secs] [Times: user=0.02 sys=0.00, real=0.00 secs] 
133.556: Total time for which application threads were stopped: 0.0045280 seconds, Stopping threads took: 0.0020090 seconds
133.602: Application time: 0.0457430 seconds
133.604: [GC133.604: [ParNew: 55870K->6206K(55872K), 0.0019950 secs] 125324K->75984K(182144K), 0.0020380 secs] [Times: user=0.01 sys=0.00, real=0.00 secs] 
133.606: Total time for which application threads were stopped: 0.0037480 seconds, Stopping threads took: 0.0016440 seconds
133.650: Application time: 0.0440600 seconds
133.653: [GC133.653: [ParNew: 55870K->6207K(55872K), 0.0021630 secs] 125648K->76274K(182144K), 0.0022070 secs] [Times: user=0.01 sys=0.00, real=0.01 secs] 
133.655: Total time for which application threads were stopped: 0.0049190 seconds, Stopping threads took: 0.0026240 seconds
133.698: Application time: 0.0435400 seconds
133.701: [GC133.701: [ParNew: 55871K->6207K(55872K), 0.0022140 secs] 125938K->77367K(182144K), 0.0022560 secs] [Times: user=0.01 sys=0.00, real=0.01 secs] 
133.703: Total time for which application threads were stopped: 0.0048560 seconds, Stopping threads took: 0.0025370 seconds
133.749: Application time: 0.0456100 seconds
133.751: [GC133.751: [ParNew: 55871K->6206K(55872K), 0.0022130 secs] 127031K->78238K(182144K), 0.0022590 secs] [Times: user=0.01 sys=0.00, real=0.00 secs] 
133.753: Total time for which application threads were stopped: 0.0043920 seconds, Stopping threads took: 0.0020670 seconds
133.797: Application time: 0.0434540 seconds
133.799: [GC133.799: [ParNew: 55870K->6206K(55872K), 0.0024520 secs] 127902K->80023K(182144K), 0.0024940 secs] [Times: user=0.02 sys=0.00, real=0.00 secs] 
133.801: Total time for which application threads were stopped: 0.0047420 seconds, Stopping threads took: 0.0021830 seconds
133.847: Application time: 0.0456550 seconds
133.849: [GC133.849: [ParNew: 55870K->4507K(55872K), 0.0014300 secs] 129687K->78352K(182144K), 0.0014660 secs] [Times: user=0.01 sys=0.00, real=0.00 secs] 
133.851: Total time for which application threads were stopped: 0.0039390 seconds, Stopping threads took: 0.0024110 seconds
133.897: Application time: 0.0462050 seconds
133.900: [GC133.900: [ParNew: 54171K->6206K(55872K), 0.0022580 secs] 128016K->80785K(182144K), 0.0023040 secs] [Times: user=0.02 sys=0.00, real=0.01 secs] 
133.902: Total time for which application threads were stopped: 0.0047810 seconds, Stopping threads took: 0.0023800 seconds
133.948: Application time: 0.0459050 seconds
133.949: [GC133.949: [ParNew: 55870K->5892K(55872K), 0.0018410 secs] 130449K->80528K(182144K), 0.0018960 secs] [Times: user=0.02 sys=0.00, real=0.00 secs] 
133.951: Total time for which application threads were stopped: 0.0028710 seconds, Stopping threads took: 0.0008890 seconds
133.998: Application time: 0.0477450 seconds
134.000: [GC134.000: [ParNew: 55556K->5923K(55872K), 0.0018430 secs] 130192K->80587K(182144K), 0.0018830 secs] [Times: user=0.02 sys=0.00, real=0.01 secs] 
134.002: Total time for which application threads were stopped: 0.0035710 seconds, Stopping threads took: 0.0016180 seconds
134.046: Application time: 0.0443530 seconds
134.048: [GC134.048: [ParNew: 55587K->6021K(55872K), 0.0019310 secs] 130251K->80686K(182144K), 0.0019710 secs] [Times: user=0.01 sys=0.00, real=0.00 secs] 
134.050: Total time for which application threads were stopped: 0.0037030 seconds, Stopping threads took: 0.0016680 seconds
134.095: Application time: 0.0451770 seconds
134.098: [GC134.098: [ParNew: 55685K->6206K(55872K), 0.0022160 secs] 130350K->81640K(182144K), 0.0022610 secs] [Times: user=0.01 sys=0.00, real=0.00 secs] 
134.100: Total time for which application threads were stopped: 0.0046720 seconds, Stopping threads took: 0.0023440 seconds
134.144: Application time: 0.0439500 seconds
134.145: [GC134.145: [ParNew: 55870K->5707K(55872K), 0.0018780 secs] 131304K->81170K(182144K), 0.0019210 secs] [Times: user=0.02 sys=0.00, real=0.00 secs] 
134.147: Total time for which application threads were stopped: 0.0032080 seconds, Stopping threads took: 0.0012250 seconds
134.190: Application time: 0.0428230 seconds
134.191: [GC134.191: [ParNew: 55371K->6206K(55872K), 0.0021560 secs] 130834K->82236K(182144K), 0.0022040 secs] [Times: user=0.00 sys=0.01, real=0.01 secs] 
134.194: Total time for which application threads were stopped: 0.0035910 seconds, Stopping threads took: 0.0013210 seconds
134.239: Application time: 0.0459450 seconds
134.242: [GC134.242: [ParNew: 55870K->5137K(55872K), 0.0016020 secs] 131900K->81167K(182144K), 0.0016400 secs] [Times: user=0.01 sys=0.00, real=0.00 secs] 
134.243: Total time for which application threads were stopped: 0.0039170 seconds, Stopping threads took: 0.0022140 seconds
134.289: Application time: 0.0459880 seconds
134.291: [GC134.291: [ParNew: 54801K->5912K(55872K), 0.0018990 secs] 130831K->81970K(182144K), 0.0019430 secs] [Times: user=0.02 sys=0.00, real=0.00 secs] 
134.293: Total time for which application threads were stopped: 0.0031140 seconds, Stopping threads took: 0.0011060 seconds
134.335: Application time: 0.0423340 seconds
134.338: [GC134.338: [ParNew: 55576K->6206K(55872K), 0.0018610 secs] 131634K->82337K(182144K), 0.0019060 secs] [Times: user=0.02 sys=0.00, real=0.00 secs] 
134.340: Total time for which application threads were stopped: 0.0047030 seconds, Stopping threads took: 0.0027340 seconds
134.385: Application time: 0.0450940 seconds
134.386: [GC134.386: [ParNew: 55870K->5591K(55872K), 0.0018510 secs] 132001K->81722K(182144K), 0.0018920 secs] [Times: user=0.01 sys=0.00, real=0.00 secs] 
134.388: Total time for which application threads were stopped: 0.0033500 seconds, Stopping threads took: 0.0013730 seconds
134.431: Application time: 0.0429430 seconds
134.432: [GC134.432: [ParNew: 55255K->6206K(55872K), 0.0022230 secs] 131386K->83218K(182144K), 0.0022650 secs] [Times: user=0.01 sys=0.00, real=0.01 secs] 
134.435: Total time for which application threads were stopped: 0.0036670 seconds, Stopping threads took: 0.0013250 seconds
134.480: Application time: 0.0452610 seconds
134.483: [GC134.483: [ParNew: 55870K->5831K(55872K), 0.0019040 secs] 132882K->82872K(182144K), 0.0019450 secs] [Times: user=0.01 sys=0.00, real=0.00 secs] 
134.485: Total time for which application threads were stopped: 0.0047330 seconds, Stopping threads took: 0.0027160 seconds
134.530: Application time: 0.0455080 seconds
134.532: [GC134.532: [ParNew: 55495K->6206K(55872K), 0.0021290 secs] 132536K->83721K(182144K), 0.0021740 secs] [Times: user=0.01 sys=0.00, real=0.01 secs] 
134.534: Total time for which application threads were stopped: 0.0042980 seconds, Stopping threads took: 0.0020360 seconds
134.578: Application time: 0.0436460 seconds
134.580: [GC134.580: [ParNew: 55870K->6207K(55872K), 0.0019890 secs] 133385K->84085K(182144K), 0.0020370 secs] [Times: user=0.01 sys=0.00, real=0.01 secs] 
134.582: Total time for which application threads were stopped: 0.0035970 seconds, Stopping threads took: 0.0014950 seconds
134.626: Application time: 0.0445620 seconds
134.628: [GC134.628: [ParNew: 55871K->6206K(55872K), 0.0022800 secs] 133749K->85351K(182144K), 0.0023250 secs] [Times: user=0.02 sys=0.00, real=0.00 secs] 
134.631: Total time for which application threads were stopped: 0.0043150 seconds, Stopping threads took: 0.0019260 seconds
134.674: Application time: 0.0437490 seconds
134.677: [GC134.677: [ParNew: 55870K->6207K(55872K), 0.0020470 secs] 135015K->85670K(182144K), 0.0020920 secs] [Times: user=0.02 sys=0.00, real=0.00 secs] 
134.679: Total time for which application threads were stopped: 0.0047130 seconds, Stopping threads took: 0.0025560 seconds
134.723: Application time: 0.0442580 seconds
134.726: [GC134.726: [ParNew: 55871K->6207K(55872K), 0.0020800 secs] 135334K->86062K(182144K), 0.0021200 secs] [Times: user=0.02 sys=0.00, real=0.00 secs] 
134.728: Total time for which application threads were stopped: 0.0044820 seconds, Stopping threads took: 0.0022780 seconds
134.773: Application time: 0.0450330 seconds
134.775: [GC134.775: [ParNew: 55871K->5056K(55872K), 0.0016330 secs] 135726K->84910K(182144K), 0.0016680 secs] [Times: user=0.02 sys=0.00, real=0.00 secs] 
134.776: Total time for which application threads were stopped: 0.0034670 seconds, Stopping threads took: 0.0017150 seconds
134.820: Application time: 0.0440950 seconds
134.822: [GC134.822: [ParNew: 54720K->6207K(55872K), 0.0023350 secs] 134574K->87365K(182144K), 0.0023770 secs] [Times: user=0.02 sys=0.00, real=0.00 secs] 
134.824: Total time for which application threads were stopped: 0.0041110 seconds, Stopping threads took: 0.0016690 seconds
134.870: Application time: 0.0452840 seconds
134.872: [GC134.872: [ParNew: 55871K->6207K(55872K), 0.0022840 secs] 137029K->88535K(182144K), 0.0023260 secs] [Times: user=0.02 sys=0.00, real=0.01 secs] 
134.874: Total time for which application threads were stopped: 0.0043480 seconds, Stopping threads took: 0.0019570 seconds
134.918: Application time: 0.0441370 seconds
134.920: [GC134.920: [ParNew: 55870K->6206K(55872K), 0.0022340 secs] 138198K->89592K(182144K), 0.0022790 secs] [Times: user=0.01 sys=0.01, real=0.01 secs] 
134.922: Total time for which application threads were stopped: 0.0036000 seconds, Stopping threads took: 0.0012540 seconds
134.966: Application time: 0.0445780 seconds
134.968: [GC134.968: [ParNew: 55870K->6053K(55872K), 0.0018470 secs] 139256K->89467K(182144K), 0.0018900 secs] [Times: user=0.01 sys=0.00, real=0.00 secs] 
134.970: Total time for which application threads were stopped: 0.0037550 seconds, Stopping threads took: 0.0017900 seconds
135.014: Application time: 0.0436340 seconds
135.016: [GC135.016: [ParNew: 55717K->6207K(55872K), 0.0022210 secs] 139131K->90014K(182144K), 0.0022670 secs] [Times: user=0.02 sys=0.00, real=0.00 secs] 
135.018: Total time for which application threads were stopped: 0.0044750 seconds, Stopping threads took: 0.0021440 seconds
135.064: Application time: 0.0458460 seconds
135.065: [GC135.065: [ParNew: 55871K->5989K(55872K), 0.0018190 secs] 139678K->89796K(182144K), 0.0018580 secs] [Times: user=0.01 sys=0.00, real=0.00 secs] 
135.067: Total time for which application threads were stopped: 0.0028140 seconds, Stopping threads took: 0.0008720 seconds
135.090: Application time: 0.0233570 seconds
135.092: Total time for which application threads were stopped: 0.0021070 seconds, Stopping threads took: 0.0020830 seconds
135.116: Application time: 0.0238170 seconds
135.118: [GC135.118: [ParNew: 55653K->4959K(55872K), 0.0016410 secs] 139460K->88766K(182144K), 0.0016850 secs] [Times: user=0.01 sys=0.00, real=0.00 secs] 
135.119: Total time for which application threads were stopped: 0.0030400 seconds, Stopping threads took: 0.0012650 seconds
135.119: [CMS-concurrent-abortable-preclean: 0.143/2.701 secs] [Times: user=20.67 sys=0.09, real=2.70 secs] 
135.119: Application time: 0.0001390 seconds
135.121: [GC[YG occupancy: 6327 K (55872 K)]135.121: [Rescan (parallel) , 0.0001720 secs]135.121: [weak refs processing, 0.0000060 secs]135.121: [scrub string table, 0.0000960 secs] [1 CMS-remark: 83806K(126272K)] 90134K(182144K), 0.0002970 secs] [Times: user=0.00 sys=0.00, real=0.01 secs] 
135.122: Total time for which application threads were stopped: 0.0020950 seconds, Stopping threads took: 0.0017750 seconds
135.122: [CMS-concurrent-sweep-start]
135.127: [CMS-concurrent-sweep: 0.006/0.006 secs] [Times: user=0.03 sys=0.00, real=0.00 secs] 
135.127: [CMS-concurrent-reset-start]
135.128: [CMS-concurrent-reset: 0.000/0.000 secs] [Times: user=0.00 sys=0.00, real=0.00 secs] 
135.166: Application time: 0.0441550 seconds
135.168: [GC135.168: [ParNew: 54623K->5124K(55872K), 0.0016490 secs] 81447K->31949K(182144K), 0.0016960 secs] [Times: user=0.01 sys=0.00, real=0.00 secs] 
135.170: Total time for which application threads were stopped: 0.0039410 seconds, Stopping threads took: 0.0021600 seconds
135.215: Application time: 0.0449720 seconds
135.216: [GC135.216: [ParNew: 54788K->4277K(55872K), 0.0015060 secs] 81613K->31101K(182144K), 0.0015490 secs] [Times: user=0.01 sys=0.00, real=0.00 secs] 
135.217: Total time for which application threads were stopped: 0.0026260 seconds, Stopping threads took: 0.0010010 seconds
135.239: Application time: 0.0216660 seconds
135.240: Total time for which application threads were stopped: 0.0008300 seconds, Stopping threads took: 0.0007850 seconds
135.270: Application time: 0.0305780 seconds
135.272: [GC135.272: [ParNew: 53941K->3363K(55872K), 0.0011010 secs] 80765K->30187K(182144K), 0.0011380 secs] [Times: user=0.01 sys=0.00, real=0.00 secs] 
135.273: Total time for which application threads were stopped: 0.0030170 seconds, Stopping threads took: 0.0018150 seconds
135.277: Application time: 0.0040880 seconds
135.279: Total time for which application threads were stopped: 0.0014080 seconds, Stopping threads took: 0.0013870 seconds
135.299: Application time: 0.0198380 seconds
135.300: Total time for which application threads were stopped: 0.0017240 seconds, Stopping threads took: 0.0017000 seconds
135.319: Application time: 0.0186830 seconds
135.321: Total time for which application threads were stopped: 0.0015460 seconds, Stopping threads took: 0.0015220 seconds
135.322: Application time: 0.0018110 seconds
135.324: Total time for which application threads were stopped: 0.0013790 seconds, Stopping threads took: 0.0013710 seconds
135.353: Application time: 0.0287070 seconds
135.353: [GC135.353: [ParNew: 53027K->333K(55872K), 0.0006930 secs] 79851K->27158K(182144K), 0.0007230 secs] [Times: user=0.00 sys=0.00, real=0.00 secs] 
135.353: Total time for which application threads were stopped: 0.0007850 seconds, Stopping threads took: 0.0000100 seconds
135.409: Application time: 0.0552370 seconds
135.409: Total time for which application threads were stopped: 0.0000540 seconds, Stopping threads took: 0.0000240 seconds
135.447: Application time: 0.0384020 seconds
135.450: [GC135.450: [ParNew: 49997K->6206K(55872K), 0.0021380 secs] 76822K->33682K(182144K), 0.0021810 secs] [Times: user=0.02 sys=0.00, real=0.00 secs] 
135.452: Total time for which application threads were stopped: 0.0052430 seconds, Stopping threads took: 0.0029960 seconds
135.499: Application time: 0.0464770 seconds
135.501: [GC135.501: [ParNew: 55870K->5543K(55872K), 0.0018430 secs] 83346K->33295K(182144K), 0.0018850 secs] [Times: user=0.01 sys=0.00, real=0.01 secs] 
135.503: Total time for which application threads were stopped: 0.0039470 seconds, Stopping threads took: 0.0019920 seconds
135.549: Application time: 0.0464150 seconds
135.550: [GC135.551: [ParNew: 55207K->6207K(55872K), 0.0020640 secs] 82959K->34329K(182144K), 0.0021070 secs] [Times: user=0.01 sys=0.00, real=0.00 secs] 
135.553: Total time for which application threads were stopped: 0.0035200 seconds, Stopping threads took: 0.0013260 seconds
135.598: Application time: 0.0451240 seconds
135.600: [GC135.600: [ParNew: 55871K->5590K(55872K), 0.0016860 secs] 83993K->33712K(182144K), 0.0017390 secs] [Times: user=0.01 sys=0.00, real=0.01 secs] 
135.602: Total time for which application threads were stopped: 0.0042850 seconds, Stopping threads took: 0.0024840 seconds
135.650: Application time: 0.0484260 seconds
135.652: [GC135.652: [ParNew: 55254K->5491K(55872K), 0.0016700 secs] 83376K->33612K(182144K), 0.0017150 secs] [Times: user=0.01 sys=0.00, real=0.01 secs] 
135.654: Total time for which application threads were stopped: 0.0035930 seconds, Stopping threads took: 0.0018140 seconds
135.702: Application time: 0.0475120 seconds
135.705: [GC135.705: [ParNew: 55155K->6207K(55872K), 0.0025310 secs] 83276K->35420K(182144K), 0.0025890 secs] [Times: user=0.02 sys=0.00, real=0.00 secs] 
135.708: Total time for which application threads were stopped: 0.0062720 seconds, Stopping threads took: 0.0036040 seconds
135.756: Application time: 0.0481930 seconds
135.757: [GC135.757: [ParNew: 55871K->6206K(55872K), 0.0022000 secs] 85084K->35563K(182144K), 0.0022470 secs] [Times: user=0.02 sys=0.00, real=0.00 secs] 
135.760: Total time for which application threads were stopped: 0.0036850 seconds, Stopping threads took: 0.0013680 seconds
135.811: Application time: 0.0509700 seconds
135.813: [GC135.813: [ParNew: 55870K->6206K(55872K), 0.0022800 secs] 85227K->36705K(182144K), 0.0023250 secs] [Times: user=0.01 sys=0.00, real=0.00 secs] 
135.816: Total time for which application threads were stopped: 0.0050680 seconds, Stopping threads took: 0.0026780 seconds
135.864: Application time: 0.0487410 seconds
135.866: [GC135.866: [ParNew: 55870K->6207K(55872K), 0.0022010 secs] 86369K->37430K(182144K), 0.0022440 secs] [Times: user=0.01 sys=0.00, real=0.00 secs] 
135.868: Total time for which application threads were stopped: 0.0035890 seconds, Stopping threads took: 0.0012780 seconds
135.916: Application time: 0.0477780 seconds
135.918: [GC135.918: [ParNew: 55871K->6206K(55872K), 0.0020270 secs] 87094K->37768K(182144K), 0.0020750 secs] [Times: user=0.02 sys=0.00, real=0.00 secs] 
135.920: Total time for which application threads were stopped: 0.0037680 seconds, Stopping threads took: 0.0016240 seconds
135.932: Application time: 0.0124580 seconds
135.933: Total time for which application threads were stopped: 0.0005810 seconds, Stopping threads took: 0.0005290 seconds
135.969: Application time: 0.0364580 seconds
135.972: [GC135.972: [ParNew: 55870K->6103K(55872K), 0.0020190 secs] 87432K->37664K(182144K), 0.0020610 secs] [Times: user=0.01 sys=0.00, real=0.01 secs] 
135.974: Total time for which application threads were stopped: 0.0045960 seconds, Stopping threads took: 0.0024700 seconds
136.022: Application time: 0.0482980 seconds
136.027: [GC136.027: [ParNew: 55767K->6033K(55872K), 0.0021160 secs] 87328K->37824K(182144K), 0.0021580 secs] [Times: user=0.01 sys=0.01, real=0.00 secs] 
136.029: Total time for which application threads were stopped: 0.0074400 seconds, Stopping threads took: 0.0052060 seconds
136.079: Application time: 0.0490870 seconds
136.080: [GC136.080: [ParNew: 55697K->5372K(55872K), 0.0018330 secs] 87488K->37162K(182144K), 0.0018720 secs] [Times: user=0.02 sys=0.00, real=0.01 secs] 
136.082: Total time for which application threads were stopped: 0.0037520 seconds, Stopping threads took: 0.0018170 seconds
136.131: Application time: 0.0489260 seconds
136.133: [GC136.133: [ParNew: 55036K->6206K(55872K), 0.0019240 secs] 86826K->38123K(182144K), 0.0019700 secs] [Times: user=0.02 sys=0.00, real=0.01 secs] 
136.135: Total time for which application threads were stopped: 0.0039720 seconds, Stopping threads took: 0.0019340 seconds
136.184: Application time: 0.0485410 seconds
136.186: [GC136.186: [ParNew: 55870K->5511K(55872K), 0.0017190 secs] 87787K->37428K(182144K), 0.0017650 secs] [Times: user=0.01 sys=0.00, real=0.00 secs] 
136.188: Total time for which application threads were stopped: 0.0043000 seconds, Stopping threads took: 0.0024660 seconds
136.238: Application time: 0.0500170 seconds
136.241: [GC136.241: [ParNew: 55175K->5935K(55872K), 0.0018150 secs] 87092K->37852K(182144K), 0.0018710 secs] [Times: user=0.01 sys=0.00, real=0.01 secs] 
136.243: Total time for which application threads were stopped: 0.0049180 seconds, Stopping threads took: 0.0029800 seconds
136.291: Application time: 0.0477070 seconds
136.292: [GC136.292: [ParNew: 55599K->6206K(55872K), 0.0020670 secs] 87516K->38253K(182144K), 0.0021090 secs] [Times: user=0.01 sys=0.00, real=0.01 secs] 
136.294: Total time for which application threads were stopped: 0.0036780 seconds, Stopping threads took: 0.0015030 seconds
136.343: Application time: 0.0488530 seconds
136.346: [GC136.346: [ParNew: 55870K->6207K(55872K), 0.0021230 secs] 87917K->38378K(182144K), 0.0021670 secs] [Times: user=0.01 sys=0.00, real=0.00 secs] 
136.348: Total time for which application threads were stopped: 0.0046000 seconds, Stopping threads took: 0.0023540 seconds
136.398: Application time: 0.0503100 seconds
136.400: [GC136.400: [ParNew: 55871K->6206K(55872K), 0.0021600 secs] 88042K->38564K(182144K), 0.0022060 secs] [Times: user=0.02 sys=0.00, real=0.01 secs] 
136.402: Total time for which application threads were stopped: 0.0040830 seconds, Stopping threads took: 0.0018090 seconds
136.453: Application time: 0.0512110 seconds
136.456: [GC136.456: [ParNew: 55870K->5362K(55872K), 0.0017780 secs] 88228K->37720K(182144K), 0.0018190 secs] [Times: user=0.02 sys=0.00, real=0.00 secs] 
136.458: Total time for which application threads were stopped: 0.0043250 seconds, Stopping threads took: 0.0024420 seconds
136.507: Application time: 0.0487540 seconds
136.508: [GC136.508: [ParNew: 55026K->5823K(55872K), 0.0019070 secs] 87384K->38180K(182144K), 0.0019480 secs] [Times: user=0.02 sys=0.00, real=0.00 secs] 
136.510: Total time for which application threads were stopped: 0.0032750 seconds, Stopping threads took: 0.0012640 seconds
136.558: Application time: 0.0477350 seconds
136.559: [GC136.559: [ParNew: 55487K->6206K(55872K), 0.0022210 secs] 87844K->39438K(182144K), 0.0022650 secs] [Times: user=0.02 sys=0.00, real=0.00 secs] 
136.561: Total time for which application threads were stopped: 0.0032250 seconds, Stopping threads took: 0.0008830 seconds
136.611: Application time: 0.0504610 seconds
136.613: [GC136.613: [ParNew: 55870K->4841K(55872K), 0.0017020 secs] 89102K->38187K(182144K), 0.0017440 secs] [Times: user=0.02 sys=0.00, real=0.01 secs] 
136.615: Total time for which application threads were stopped: 0.0033310 seconds, Stopping threads took: 0.0015210 seconds
136.662: Application time: 0.0471590 seconds
136.665: [GC136.665: [ParNew: 54505K->6206K(55872K), 0.0022200 secs] 87851K->40592K(182144K), 0.0022670 secs] [Times: user=0.01 sys=0.00, real=0.00 secs] 
136.667: Total time for which application threads were stopped: 0.0052150 seconds, Stopping threads took: 0.0028800 seconds
136.717: Application time: 0.0499080 seconds
136.719: [GC136.719: [ParNew: 55870K->6146K(55872K), 0.0018980 secs] 90256K->40532K(182144K), 0.0019450 secs] [Times: user=0.01 sys=0.00, real=0.00 secs] 
136.721: Total time for which application threads were stopped: 0.0038330 seconds, Stopping threads took: 0.0018200 seconds
136.768: Application time: 0.0472310 seconds
136.769: [GC136.769: [ParNew: 55810K->5991K(55872K), 0.0019200 secs] 90196K->40376K(182144K), 0.0019650 secs] [Times: user=0.02 sys=0.00, real=0.00 secs] 
136.771: Total time for which application threads were stopped: 0.0031220 seconds, Stopping threads took: 0.0010920 seconds
136.818: Application time: 0.0472670 seconds
136.820: [GC136.820: [ParNew: 55655K->6207K(55872K), 0.0021290 secs] 90040K->41215K(182144K), 0.0021710 secs] [Times: user=0.02 sys=0.00, real=0.01 secs] 
136.822: Total time for which application threads were stopped: 0.0035580 seconds, Stopping threads took: 0.0013000 seconds
136.871: Application time: 0.0485950 seconds
136.872: [GC136.872: [ParNew: 55871K->6207K(55872K), 0.0021010 secs] 90879K->41833K(182144K), 0.0021430 secs] [Times: user=0.02 sys=0.00, real=0.01 secs] 
136.875: Total time for which application threads were stopped: 0.0040000 seconds, Stopping threads took: 0.0017830 seconds
136.920: Application time: 0.0455860 seconds
136.922: [GC136.922: [ParNew: 55871K->6207K(55872K), 0.0024430 secs] 91497K->43333K(182144K), 0.0024920 secs] [Times: user=0.01 sys=0.00, real=0.00 secs] 
136.925: Total time for which application threads were stopped: 0.0046880 seconds, Stopping threads took: 0.0021270 seconds
136.974: Application time: 0.0496310 seconds
136.976: [GC136.976: [ParNew: 55871K->6207K(55872K), 0.0020440 secs] 92997K->43591K(182144K), 0.0020880 secs] [Times: user=0.01 sys=0.00, real=0.00 secs] 
136.978: Total time for which application threads were stopped: 0.0039090 seconds, Stopping threads took: 0.0017540 seconds
137.029: Application time: 0.0505530 seconds
137.031: [GC137.031: [ParNew: 55871K->6206K(55872K), 0.0020530 secs] 93255K->43889K(182144K), 0.0020970 secs] [Times: user=0.01 sys=0.00, real=0.00 secs] 
137.033: Total time for which application threads were stopped: 0.0039060 seconds, Stopping threads took: 0.0017420 seconds
137.081: Application time: 0.0481240 seconds
137.083: [GC137.083: [ParNew: 55870K->6207K(55872K), 0.0021930 secs] 93553K->43946K(182144K), 0.0022340 secs] [Times: user=0.01 sys=0.00, real=0.00 secs] 
137.085: Total time for which application threads were stopped: 0.0040590 seconds, Stopping threads took: 0.0017430 seconds
137.133: Application time: 0.0479570 seconds
137.135: [GC137.135: [ParNew: 55871K->6207K(55872K), 0.0022830 secs] 93610K->44975K(182144K), 0.0023270 secs] [Times: user=0.02 sys=0.00, real=0.00 secs] 
137.137: Total time for which application threads were stopped: 0.0044430 seconds, Stopping threads took: 0.0020180 seconds
137.185: Application time: 0.0478580 seconds
137.187: [GC137.187: [ParNew: 55871K->5451K(55872K), 0.0017620 secs] 94639K->44219K(182144K), 0.0018040 secs] [Times: user=0.01 sys=0.00, real=0.00 secs] 
137.189: Total time for which application threads were stopped: 0.0036590 seconds, Stopping threads took: 0.0017900 seconds
137.240: Application time: 0.0513690 seconds
137.242: [GC137.242: [ParNew: 55115K->5022K(55872K), 0.0018240 secs] 93883K->43790K(182144K), 0.0018650 secs] [Times: user=0.01 sys=0.00, real=0.00 secs] 
137.244: Total time for which application threads were stopped: 0.0038200 seconds, Stopping threads took: 0.0018920 seconds
137.296: Application time: 0.0522670 seconds
137.298: [GC137.298: [ParNew: 54686K->4038K(55872K), 0.0015440 secs] 93454K->42805K(182144K), 0.0015830 secs] [Times: user=0.01 sys=0.00, real=0.00 secs] 
137.300: Total time for which application threads were stopped: 0.0035400 seconds, Stopping threads took: 0.0018760 seconds
137.349: Application time: 0.0488530 seconds
137.351: [GC137.351: [ParNew: 53702K->6207K(55872K), 0.0022370 secs] 92469K->45995K(182144K), 0.0022810 secs] [Times: user=0.01 sys=0.00, real=0.00 secs] 
137.353: Total time for which application threads were stopped: 0.0044150 seconds, Stopping threads took: 0.0020460 seconds
137.403: Application time: 0.0499290 seconds
137.406: [GC137.406: [ParNew: 55871K->5777K(55872K), 0.0018120 secs] 95659K->45565K(182144K), 0.0018580 secs] [Times: user=0.01 sys=0.00, real=0.00 secs] 
137.408: Total time for which application threads were stopped: 0.0045230 seconds, Stopping threads took: 0.0025960 seconds
137.459: Application time: 0.0516040 seconds
137.461: [GC137.461: [ParNew: 55441K->5044K(55872K), 0.0018140 secs] 95229K->44831K(182144K), 0.0018520 secs] [Times: user=0.01 sys=0.00, real=0.01 secs] 
137.463: Total time for which application threads were stopped: 0.0037440 seconds, Stopping threads took: 0.0018210 seconds
137.513: Application time: 0.0502830 seconds
137.516: [GC137.516: [ParNew: 54708K->5842K(55872K), 0.0017990 secs] 94495K->45630K(182144K), 0.0018430 secs] [Times: user=0.01 sys=0.00, real=0.00 secs] 
137.518: Total time for which application threads were stopped: 0.0046440 seconds, Stopping threads took: 0.0027370 seconds
137.570: Application time: 0.0522810 seconds
137.573: [GC137.573: [ParNew: 55506K->4975K(55872K), 0.0017810 secs] 95294K->44762K(182144K), 0.0018300 secs] [Times: user=0.01 sys=0.00, real=0.01 secs] 
137.575: Total time for which application threads were stopped: 0.0044800 seconds, Stopping threads took: 0.0025640 seconds
137.624: Application time: 0.0496480 seconds
137.626: [GC137.626: [ParNew: 54639K->6206K(55872K), 0.0020360 secs] 94426K->46102K(182144K), 0.0020740 secs] [Times: user=0.01 sys=0.00, real=0.00 secs] 
137.629: Total time for which application threads were stopped: 0.0042100 seconds, Stopping threads took: 0.0020640 seconds
137.679: Application time: 0.0504850 seconds
137.679: [GC137.679: [ParNew: 55870K->5461K(55872K), 0.0019270 secs] 95766K->45442K(182144K), 0.0019690 secs] [Times: user=0.01 sys=0.00, real=0.01 secs] 
137.681: Total time for which application threads were stopped: 0.0024190 seconds, Stopping threads took: 0.0003850 seconds
137.731: Application time: 0.0495880 seconds
137.733: [GC137.733: [ParNew: 55125K->4989K(55872K), 0.0016910 secs] 95106K->45113K(182144K), 0.0017320 secs] [Times: user=0.01 sys=0.00, real=0.01 secs] 
137.735: Total time for which application threads were stopped: 0.0036000 seconds, Stopping threads took: 0.0018020 seconds
137.782: Application time: 0.0477550 seconds
137.785: [GC137.785: [ParNew: 54653K->5541K(55872K), 0.0016770 secs] 94777K->45665K(182144K), 0.0017180 secs] [Times: user=0.01 sys=0.00, real=0.00 secs] 
137.787: Total time for which application threads were stopped: 0.0043390 seconds, Stopping threads took: 0.0025560 seconds
137.838: Application time: 0.0509200 seconds
137.841: [GC137.841: [ParNew: 55205K->5668K(55872K), 0.0018790 secs] 95329K->45792K(182144K), 0.0019260 secs] [Times: user=0.02 sys=0.00, real=0.01 secs] 
137.843: Total time for which application threads were stopped: 0.0049970 seconds, Stopping threads took: 0.0030040 seconds
137.897: Application time: 0.0542790 seconds
137.897: [GC137.897: [ParNew: 55332K->3271K(55872K), 0.0012110 secs] 95456K->43395K(182144K), 0.0012480 secs] [Times: user=0.01 sys=0.00, real=0.00 secs] 
137.899: Total time for which application threads were stopped: 0.0015370 seconds, Stopping threads took: 0.0002340 seconds
137.949: Application time: 0.0507060 seconds
137.951: [GC137.951: [ParNew: 52935K->6207K(55872K), 0.0020840 secs] 93059K->46528K(182144K), 0.0021250 secs] [Times: user=0.01 sys=0.00, real=0.00 secs] 
137.953: Total time for which application threads were stopped: 0.0039380 seconds, Stopping threads took: 0.0017460 seconds
138.002: Application time: 0.0488980 seconds
138.004: [GC138.004: [ParNew: 55871K->6206K(55872K), 0.0022300 secs] 96192K->47277K(182144K), 0.0022750 secs] [Times: user=0.01 sys=0.00, real=0.00 secs] 
138.007: Total time for which application threads were stopped: 0.0045110 seconds, Stopping threads took: 0.0021690 seconds
138.055: Application time: 0.0486800 seconds
138.057: [GC138.057: [ParNew: 55870K->6047K(55872K), 0.0018850 secs] 96941K->47118K(182144K), 0.0019300 secs] [Times: user=0.01 sys=0.00, real=0.00 secs] 
138.059: Total time for which application threads were stopped: 0.0038700 seconds, Stopping threads took: 0.0018730 seconds
138.108: Application time: 0.0486340 seconds
138.109: [GC138.109: [ParNew: 55711K->6207K(55872K), 0.0024640 secs] 96782K->48891K(182144K), 0.0025100 secs] [Times: user=0.02 sys=0.01, real=0.00 secs] 
138.112: Total time for which application threads were stopped: 0.0041480 seconds, Stopping threads took: 0.0015650 seconds
138.160: Application time: 0.0483860 seconds
138.162: [GC138.162: [ParNew: 55871K->6207K(55872K), 0.0020850 secs] 98555K->49518K(182144K), 0.0021250 secs] [Times: user=0.01 sys=0.00, real=0.00 secs] 
138.164: Total time for which application threads were stopped: 0.0036600 seconds, Stopping threads took: 0.0014570 seconds
138.211: Application time: 0.0471470 seconds
138.213: [GC138.213: [ParNew: 55871K->5529K(55872K), 0.0016810 secs] 99182K->48868K(182144K), 0.0017300 secs] [Times: user=0.01 sys=0.00, real=0.01 secs] 
138.215: Total time for which application threads were stopped: 0.0035750 seconds, Stopping threads took: 0.0017770 seconds
138.263: Application time: 0.0486360 seconds
138.265: [GC138.265: [ParNew: 55193K->6206K(55872K), 0.0023020 secs] 98532K->50388K(182144K), 0.0023590 secs] [Times: user=0.02 sys=0.00, real=0.00 secs] 
138.267: Total time for which application threads were stopped: 0.0041180 seconds, Stopping threads took: 0.0016900 seconds
138.321: Application time: 0.0533180 seconds
138.321: [GC138.321: [ParNew: 55870K->3059K(55872K), 0.0011400 secs] 100052K->47241K(182144K), 0.0011790 secs] [Times: user=0.01 sys=0.00, real=0.01 secs] 
138.322: Total time for which application threads were stopped: 0.0016320 seconds, Stopping threads took: 0.0003910 seconds
138.372: Application time: 0.0496640 seconds
138.374: [GC138.374: [ParNew: 52723K->4808K(55872K), 0.0018050 secs] 96905K->48989K(182144K), 0.0018450 secs] [Times: user=0.01 sys=0.00, real=0.00 secs] 
138.376: Total time for which application threads were stopped: 0.0034750 seconds, Stopping threads took: 0.0015670 seconds
138.427: Application time: 0.0512300 seconds
138.429: [GC138.429: [ParNew: 54472K->6206K(55872K), 0.0021080 secs] 98653K->50561K(182144K), 0.0021590 secs] [Times: user=0.01 sys=0.00, real=0.00 secs] 
138.432: Total time for which application threads were stopped: 0.0047680 seconds, Stopping threads took: 0.0025420 seconds
138.478: Application time: 0.0466280 seconds
138.480: [GC138.480: [ParNew: 55870K->5651K(55872K), 0.0017720 secs] 100225K->50006K(182144K), 0.0018160 secs] [Times: user=0.01 sys=0.00, real=0.01 secs] 
138.482: Total time for which application threads were stopped: 0.0034210 seconds, Stopping threads took: 0.0015380 seconds
138.530: Application time: 0.0479370 seconds
138.532: [GC138.532: [ParNew: 55315K->5752K(55872K), 0.0017700 secs] 99670K->50106K(182144K), 0.0018120 secs] [Times: user=0.01 sys=0.00, real=0.01 secs] 
138.533: Total time for which application threads were stopped: 0.0039470 seconds, Stopping threads took: 0.0020680 seconds
138.582: Application time: 0.0484820 seconds
138.584: [GC138.584: [ParNew: 55416K->6206K(55872K), 0.0022230 secs] 99770K->50921K(182144K), 0.0022670 secs] [Times: user=0.01 sys=0.00, real=0.00 secs] 
138.586: Total time for which application threads were stopped: 0.0042440 seconds, Stopping threads took: 0.0019100 seconds
138.638: Application time: 0.0521660 seconds
138.639: [GC138.639: [ParNew: 55870K->4634K(55872K), 0.0016270 secs] 100585K->49349K(182144K), 0.0016660 secs] [Times: user=0.01 sys=0.00, real=0.00 secs] 
138.640: Total time for which application threads were stopped: 0.0020370 seconds, Stopping threads took: 0.0002860 seconds
138.691: Application time: 0.0508510 seconds
138.693: [GC138.693: [ParNew: 54298K->5236K(55872K), 0.0017110 secs] 99013K->49951K(182144K), 0.0017530 secs] [Times: user=0.01 sys=0.00, real=0.01 secs] 
138.695: Total time for which application threads were stopped: 0.0035550 seconds, Stopping threads took: 0.0017210 seconds
138.741: Application time: 0.0464990 seconds
138.744: [GC138.744: [ParNew: 54900K->6206K(55872K), 0.0022510 secs] 99615K->51381K(182144K), 0.0022990 secs] [Times: user=0.01 sys=0.00, real=0.00 secs] 
138.746: Total time for which application threads were stopped: 0.0046280 seconds, Stopping threads took: 0.0022510 seconds
138.794: Application time: 0.0478300 seconds
138.796: [GC138.796: [ParNew: 55870K->6206K(55872K), 0.0023480 secs] 101045K->52660K(182144K), 0.0023940 secs] [Times: user=0.02 sys=0.00, real=0.00 secs] 
138.798: Total time for which application threads were stopped: 0.0045040 seconds, Stopping threads took: 0.0020190 seconds
138.849: Application time: 0.0508520 seconds
138.851: [GC138.851: [ParNew: 55870K->5811K(55872K), 0.0019220 secs] 102324K->52427K(182144K), 0.0019710 secs] [Times: user=0.01 sys=0.00, real=0.00 secs] 
138.853: Total time for which application threads were stopped: 0.0036160 seconds, Stopping threads took: 0.0015810 seconds
138.903: Application time: 0.0506360 seconds
138.905: [GC138.905: [ParNew: 55475K->4732K(55872K), 0.0016500 secs] 102091K->51348K(182144K), 0.0016920 secs] [Times: user=0.01 sys=0.00, real=0.00 secs] 
138.907: Total time for which application threads were stopped: 0.0035510 seconds, Stopping threads took: 0.0017790 seconds
138.953: Application time: 0.0463690 seconds
138.955: [GC138.955: [ParNew: 54396K->6207K(55872K), 0.0021710 secs] 101012K->52946K(182144K), 0.0022140 secs] [Times: user=0.01 sys=0.00, real=0.00 secs] 
138.958: Total time for which application threads were stopped: 0.0043720 seconds, Stopping threads took: 0.0020930 seconds
139.006: Application time: 0.0479910 seconds
139.008: [GC139.008: [ParNew: 55871K->6206K(55872K), 0.0023040 secs] 102610K->53913K(182144K), 0.0023520 secs] [Times: user=0.01 sys=0.00, real=0.00 secs] 
139.010: Total time for which application threads were stopped: 0.0041890 seconds, Stopping threads took: 0.0017480 seconds
139.058: Application time: 0.0481440 seconds
139.063: [GC139.063: [ParNew: 55870K->6111K(55872K), 0.0018540 secs] 103577K->53818K(182144K), 0.0018960 secs] [Times: user=0.02 sys=0.00, real=0.00 secs] 
139.064: Total time for which application threads were stopped: 0.0064250 seconds, Stopping threads took: 0.0044420 seconds
139.114: Application time: 0.0495640 seconds
139.117: [GC139.117: [ParNew: 55774K->5976K(55872K), 0.0019590 secs] 103481K->53683K(182144K), 0.0020080 secs] [Times: user=0.01 sys=0.00, real=0.00 secs] 
139.119: Total time for which application threads were stopped: 0.0046790 seconds, Stopping threads took: 0.0025800 seconds
139.169: Application time: 0.0500420 seconds
139.170: [GC139.170: [ParNew: 55640K->5843K(55872K), 0.0018670 secs] 103347K->53550K(182144K), 0.0019110 secs] [Times: user=0.01 sys=0.00, real=0.00 secs] 
139.172: Total time for which application threads were stopped: 0.0030880 seconds, Stopping threads took: 0.0011110 seconds
139.221: Application time: 0.0490190 seconds
139.224: [GC139.224: [ParNew: 55507K->4877K(55872K), 0.0014930 secs] 103214K->52584K(182144K), 0.0015330 secs] [Times: user=0.01 sys=0.00, real=0.00 secs] 
139.225: Total time for which application threads were stopped: 0.0045100 seconds, Stopping threads took: 0.0028980 seconds
139.274: Application time: 0.0486620 seconds
139.276: [GC139.276: [ParNew: 54541K->6207K(55872K), 0.0021800 secs] 102248K->54679K(182144K), 0.0022220 secs] [Times: user=0.01 sys=0.00, real=0.00 secs] 
139.279: Total time for which application threads were stopped: 0.0045640 seconds, Stopping threads took: 0.0022780 seconds
139.328: Application time: 0.0494650 seconds
139.329: [GC139.329: [ParNew: 55871K->6206K(55872K), 0.0023560 secs] 104343K->56141K(182144K), 0.0024030 secs] [Times: user=0.02 sys=0.00, real=0.00 secs] 
139.332: Total time for which application threads were stopped: 0.0036670 seconds, Stopping threads took: 0.0011950 seconds
139.332: Application time: 0.0000540 seconds
139.332: [GC [1 CMS-initial-mark: 49934K(126272K)] 57384K(182144K), 0.0002340 secs] [Times: user=0.00 sys=0.00, real=0.00 secs] 
139.332: Total time for which application threads were stopped: 0.0006270 seconds, Stopping threads took: 0.0003650 seconds
139.332: [CMS-concurrent-mark-start]
139.340: [CMS-concurrent-mark: 0.008/0.008 secs] [Times: user=0.04 sys=0.00, real=0.01 secs] 
139.340: [CMS-concurrent-preclean-start]
139.340: [CMS-concurrent-preclean: 0.000/0.000 secs] [Times: user=0.00 sys=0.00, real=0.00 secs] 
139.340: [CMS-concurrent-abortable-preclean-start]
139.380: Application time: 0.0471220 seconds
139.381: [GC139.381: [ParNew: 55870K->6207K(55872K), 0.0023050 secs] 105805K->57317K(182144K), 0.0023520 secs] [Times: user=0.02 sys=0.00, real=0.01 secs] 
139.384: Total time for which application threads were stopped: 0.0039730 seconds, Stopping threads took: 0.0015520 seconds
139.431: Application time: 0.0478140 seconds
139.435: [GC139.435: [ParNew: 55871K->6104K(55872K), 0.0019050 secs] 106981K->57242K(182144K), 0.0019470 secs] [Times: user=0.01 sys=0.00, real=0.00 secs] 
139.437: Total time for which application threads were stopped: 0.0053900 seconds, Stopping threads took: 0.0033780 seconds
139.485: Application time: 0.0484900 seconds
139.487: [GC139.487: [ParNew: 55768K->6156K(55872K), 0.0019060 secs] 106906K->57294K(182144K), 0.0019580 secs] [Times: user=0.02 sys=0.00, real=0.00 secs] 
139.489: Total time for which application threads were stopped: 0.0032780 seconds, Stopping threads took: 0.0012510 seconds
139.536: Application time: 0.0476410 seconds
139.538: [GC139.538: [ParNew: 55820K->6207K(55872K), 0.0022530 secs] 106958K->58316K(182144K), 0.0023010 secs] [Times: user=0.02 sys=0.00, real=0.00 secs] 
139.540: Total time for which application threads were stopped: 0.0039600 seconds, Stopping threads took: 0.0015690 seconds
139.590: Application time: 0.0494700 seconds
139.593: [GC139.593: [ParNew: 55871K->5699K(55872K), 0.0017960 secs] 107980K->57808K(182144K), 0.0018400 secs] [Times: user=0.02 sys=0.00, real=0.01 secs] 
139.595: Total time for which application threads were stopped: 0.0050840 seconds, Stopping threads took: 0.0031790 seconds
139.642: Application time: 0.0473200 seconds
139.644: [GC139.644: [ParNew: 55363K->6199K(55872K), 0.0020520 secs] 107472K->58307K(182144K), 0.0020960 secs] [Times: user=0.02 sys=0.00, real=0.00 secs] 
139.646: Total time for which application threads were stopped: 0.0042370 seconds, Stopping threads took: 0.0020730 seconds
139.694: Application time: 0.0476110 seconds
139.696: [GC139.696: [ParNew: 55863K->4204K(55872K), 0.0013540 secs] 107971K->56313K(182144K), 0.0013930 secs] [Times: user=0.01 sys=0.00, real=0.00 secs] 
139.697: Total time for which application threads were stopped: 0.0033770 seconds, Stopping threads took: 0.0019120 seconds
139.746: Application time: 0.0492200 seconds
139.747: [GC139.747: [ParNew: 53868K->5747K(55872K), 0.0018380 secs] 105977K->57856K(182144K), 0.0018750 secs] [Times: user=0.02 sys=0.00, real=0.00 secs] 
139.749: Total time for which application threads were stopped: 0.0021730 seconds, Stopping threads took: 0.0002280 seconds
139.795: Application time: 0.0460770 seconds
139.796: [GC139.796: [ParNew: 55411K->5698K(55872K), 0.0018120 secs] 107520K->57807K(182144K), 0.0018500 secs] [Times: user=0.02 sys=0.00, real=0.00 secs] 
139.798: Total time for which application threads were stopped: 0.0031870 seconds, Stopping threads took: 0.0012760 seconds
139.844: Application time: 0.0457920 seconds
139.846: [GC139.846: [ParNew: 55362K->6207K(55872K), 0.0024620 secs] 107471K->60075K(182144K), 0.0025070 secs] [Times: user=0.01 sys=0.00, real=0.00 secs] 
139.849: Total time for which application threads were stopped: 0.0049310 seconds, Stopping threads took: 0.0023590 seconds
139.893: Application time: 0.0446120 seconds
139.895: [GC139.895: [ParNew: 55871K->6207K(55872K), 0.0024400 secs] 109739K->61718K(182144K), 0.0024860 secs] [Times: user=0.02 sys=0.00, real=0.00 secs] 
139.898: Total time for which application threads were stopped: 0.0045860 seconds, Stopping threads took: 0.0020330 seconds
139.944: Application time: 0.0465120 seconds
139.947: [GC139.947: [ParNew: 55871K->6207K(55872K), 0.0022150 secs] 111382K->62620K(182144K), 0.0022590 secs] [Times: user=0.01 sys=0.00, real=0.00 secs] 
139.949: Total time for which application threads were stopped: 0.0050220 seconds, Stopping threads took: 0.0027000 seconds
139.995: Application time: 0.0455740 seconds
139.997: [GC139.998: [ParNew: 55871K->6206K(55872K), 0.0019270 secs] 112284K->62985K(182144K), 0.0019660 secs] [Times: user=0.01 sys=0.00, real=0.00 secs] 
139.999: Total time for which application threads were stopped: 0.0045500 seconds, Stopping threads took: 0.0025210 seconds
140.044: Application time: 0.0445800 seconds
140.046: [GC140.046: [ParNew: 55870K->5607K(55872K), 0.0017450 secs] 112649K->62385K(182144K), 0.0017810 secs] [Times: user=0.01 sys=0.00, real=0.00 secs] 
140.047: Total time for which application threads were stopped: 0.0034010 seconds, Stopping threads took: 0.0015580 seconds
140.096: Application time: 0.0484320 seconds
140.098: [GC140.098: [ParNew: 55271K->5869K(55872K), 0.0018350 secs] 112049K->62647K(182144K), 0.0018750 secs] [Times: user=0.01 sys=0.00, real=0.00 secs] 
140.100: Total time for which application threads were stopped: 0.0039480 seconds, Stopping threads took: 0.0020090 seconds
140.145: Application time: 0.0451490 seconds
140.147: [GC140.147: [ParNew: 55533K->6022K(55872K), 0.0020140 secs] 112311K->62801K(182144K), 0.0020620 secs] [Times: user=0.02 sys=0.00, real=0.00 secs] 
140.149: Total time for which application threads were stopped: 0.0040390 seconds, Stopping threads took: 0.0019130 seconds
140.194: Application time: 0.0449740 seconds
140.196: [GC140.196: [ParNew: 55685K->6207K(55872K), 0.0021770 secs] 112463K->63210K(182144K), 0.0022250 secs] [Times: user=0.01 sys=0.00, real=0.00 secs] 
140.198: Total time for which application threads were stopped: 0.0037470 seconds, Stopping threads took: 0.0014330 seconds
140.243: Application time: 0.0456420 seconds
140.247: [GC140.247: [ParNew: 55871K->6207K(55872K), 0.0019480 secs] 112874K->63338K(182144K), 0.0019960 secs] [Times: user=0.01 sys=0.00, real=0.00 secs] 
140.249: Total time for which application threads were stopped: 0.0053450 seconds, Stopping threads took: 0.0032620 seconds
140.296: Application time: 0.0471810 seconds
140.297: [GC140.297: [ParNew: 55871K->5416K(55872K), 0.0019590 secs] 113002K->62575K(182144K), 0.0019990 secs] [Times: user=0.01 sys=0.00, real=0.00 secs] 
140.299: Total time for which application threads were stopped: 0.0027370 seconds, Stopping threads took: 0.0006460 seconds
140.344: Application time: 0.0451030 seconds
140.346: [GC140.346: [ParNew: 55080K->6207K(55872K), 0.0019750 secs] 112239K->63516K(182144K), 0.0020150 secs] [Times: user=0.01 sys=0.00, real=0.00 secs] 
140.348: Total time for which application threads were stopped: 0.0042490 seconds, Stopping threads took: 0.0021710 seconds
140.395: Application time: 0.0470790 seconds
140.398: [GC140.398: [ParNew: 55871K->5411K(55872K), 0.0017290 secs] 113180K->62720K(182144K), 0.0017750 secs] [Times: user=0.01 sys=0.00, real=0.00 secs] 
140.400: Total time for which application threads were stopped: 0.0044910 seconds, Stopping threads took: 0.0026490 seconds
140.446: Application time: 0.0463580 seconds
140.447: [GC140.447: [ParNew: 55075K->6207K(55872K), 0.0020840 secs] 112384K->64029K(182144K), 0.0021260 secs] [Times: user=0.02 sys=0.00, real=0.00 secs] 
140.449: Total time for which application threads were stopped: 0.0031460 seconds, Stopping threads took: 0.0009320 seconds
140.494: Application time: 0.0448090 seconds
140.496: [GC140.496: [ParNew: 55871K->6206K(55872K), 0.0023160 secs] 113693K->64412K(182144K), 0.0023580 secs] [Times: user=0.02 sys=0.00, real=0.00 secs] 
140.498: Total time for which application threads were stopped: 0.0044770 seconds, Stopping threads took: 0.0020340 seconds
140.544: Application time: 0.0450870 seconds
140.546: [GC140.546: [ParNew: 55870K->5984K(55872K), 0.0019590 secs] 114076K->64189K(182144K), 0.0020040 secs] [Times: user=0.02 sys=0.00, real=0.00 secs] 
140.548: Total time for which application threads were stopped: 0.0043120 seconds, Stopping threads took: 0.0022420 seconds
140.594: Application time: 0.0461520 seconds
140.595: [GC140.595: [ParNew: 55648K->6206K(55872K), 0.0019770 secs] 113853K->64727K(182144K), 0.0020190 secs] [Times: user=0.01 sys=0.00, real=0.00 secs] 
140.597: Total time for which application threads were stopped: 0.0034980 seconds, Stopping threads took: 0.0013940 seconds
140.641: Application time: 0.0440130 seconds
140.644: [GC140.644: [ParNew: 55870K->6207K(55872K), 0.0020910 secs] 114391K->65029K(182144K), 0.0021400 secs] [Times: user=0.02 sys=0.00, real=0.00 secs] 
140.646: Total time for which application threads were stopped: 0.0042500 seconds, Stopping threads took: 0.0020440 seconds
140.690: Application time: 0.0440170 seconds
140.691: [GC140.691: [ParNew: 55871K->6206K(55872K), 0.0020600 secs] 114693K->65367K(182144K), 0.0021030 secs] [Times: user=0.02 sys=0.00, real=0.00 secs] 
140.693: Total time for which application threads were stopped: 0.0035450 seconds, Stopping threads took: 0.0013770 seconds
140.737: Application time: 0.0437460 seconds
140.740: [GC140.740: [ParNew: 55870K->6207K(55872K), 0.0021090 secs] 115031K->66004K(182144K), 0.0021650 secs] [Times: user=0.02 sys=0.00, real=0.01 secs] 
140.742: Total time for which application threads were stopped: 0.0049020 seconds, Stopping threads took: 0.0026740 seconds
140.787: Application time: 0.0446700 seconds
140.789: [GC140.789: [ParNew: 55871K->6207K(55872K), 0.0022400 secs] 115668K->66996K(182144K), 0.0022830 secs] [Times: user=0.02 sys=0.00, real=0.00 secs] 
140.792: Total time for which application threads were stopped: 0.0050690 seconds, Stopping threads took: 0.0027170 seconds
140.840: Application time: 0.0485140 seconds
140.842: [GC140.842: [ParNew: 55871K->4591K(55872K), 0.0016180 secs] 116660K->65408K(182144K), 0.0016610 secs] [Times: user=0.01 sys=0.00, real=0.00 secs] 
140.844: Total time for which application threads were stopped: 0.0035900 seconds, Stopping threads took: 0.0018560 seconds
140.893: Application time: 0.0495250 seconds
140.894: [GC140.894: [ParNew: 54255K->5193K(55872K), 0.0016920 secs] 115072K->66011K(182144K), 0.0017330 secs] [Times: user=0.01 sys=0.00, real=0.00 secs] 
140.896: Total time for which application threads were stopped: 0.0022930 seconds, Stopping threads took: 0.0004950 seconds
140.939: Application time: 0.0434780 seconds
140.941: [GC140.941: [ParNew: 54857K->6207K(55872K), 0.0023140 secs] 115675K->68083K(182144K), 0.0023580 secs] [Times: user=0.01 sys=0.00, real=0.01 secs] 
140.943: Total time for which application threads were stopped: 0.0042570 seconds, Stopping threads took: 0.0018140 seconds
140.991: Application time: 0.0475200 seconds
140.993: [GC140.993: [ParNew: 55871K->5679K(55872K), 0.0017960 secs] 117747K->67698K(182144K), 0.0018340 secs] [Times: user=0.01 sys=0.00, real=0.01 secs] 
140.995: Total time for which application threads were stopped: 0.0040560 seconds, Stopping threads took: 0.0021600 seconds
141.039: Application time: 0.0443500 seconds
141.041: [GC141.041: [ParNew: 55343K->6206K(55872K), 0.0022580 secs] 117362K->68652K(182144K), 0.0023020 secs] [Times: user=0.02 sys=0.00, real=0.01 secs] 
141.043: Total time for which application threads were stopped: 0.0038120 seconds, Stopping threads took: 0.0014440 seconds
141.091: Application time: 0.0477150 seconds
141.093: [GC141.093: [ParNew: 55870K->3422K(55872K), 0.0011850 secs] 118316K->65868K(182144K), 0.0012240 secs] [Times: user=0.01 sys=0.00, real=0.01 secs] 
141.094: Total time for which application threads were stopped: 0.0030870 seconds, Stopping threads took: 0.0017900 seconds
141.140: Application time: 0.0461760 seconds
141.142: [GC141.142: [ParNew: 53086K->6206K(55872K), 0.0019780 secs] 115532K->68708K(182144K), 0.0020190 secs] [Times: user=0.02 sys=0.00, real=0.00 secs] 
141.144: Total time for which application threads were stopped: 0.0043030 seconds, Stopping threads took: 0.0022080 seconds
141.188: Application time: 0.0434120 seconds
141.190: [GC141.190: [ParNew: 55870K->6207K(55872K), 0.0022880 secs] 118372K->69693K(182144K), 0.0023320 secs] [Times: user=0.02 sys=0.00, real=0.00 secs] 
141.192: Total time for which application threads were stopped: 0.0044880 seconds, Stopping threads took: 0.0020690 seconds
141.236: Application time: 0.0439620 seconds
141.238: [GC141.239: [ParNew: 55871K->6206K(55872K), 0.0021830 secs] 119357K->70684K(182144K), 0.0022300 secs] [Times: user=0.02 sys=0.00, real=0.00 secs] 
141.241: Total time for which application threads were stopped: 0.0044700 seconds, Stopping threads took: 0.0021730 seconds
141.284: Application time: 0.0434410 seconds
141.286: [GC141.286: [ParNew: 55870K->6207K(55872K), 0.0021360 secs] 120348K->71456K(182144K), 0.0021820 secs] [Times: user=0.01 sys=0.00, real=0.00 secs] 
141.288: Total time for which application threads were stopped: 0.0038280 seconds, Stopping threads took: 0.0015780 seconds
141.334: Application time: 0.0455700 seconds
141.335: [GC141.335: [ParNew: 55871K->5668K(55872K), 0.0017960 secs] 121120K->70946K(182144K), 0.0018350 secs] [Times: user=0.02 sys=0.00, real=0.00 secs] 
141.337: Total time for which application threads were stopped: 0.0034280 seconds, Stopping threads took: 0.0015290 seconds
141.383: Application time: 0.0461870 seconds
141.386: [GC141.386: [ParNew: 55332K->6086K(55872K), 0.0019030 secs] 120610K->71364K(182144K), 0.0019560 secs] [Times: user=0.01 sys=0.00, real=0.00 secs] 
141.388: Total time for which application threads were stopped: 0.0044500 seconds, Stopping threads took: 0.0023980 seconds
141.431: Application time: 0.0436900 seconds
141.433: [GC141.433: [ParNew: 55750K->6206K(55872K), 0.0024190 secs] 121028K->73008K(182144K), 0.0024660 secs] [Times: user=0.01 sys=0.01, real=0.01 secs] 
141.436: Total time for which application threads were stopped: 0.0042780 seconds, Stopping threads took: 0.0017430 seconds
141.479: Application time: 0.0434420 seconds
141.481: [GC141.481: [ParNew: 55870K->6124K(55872K), 0.0020160 secs] 122672K->73093K(182144K), 0.0020560 secs] [Times: user=0.01 sys=0.00, real=0.00 secs] 
141.484: Total time for which application threads were stopped: 0.0044570 seconds, Stopping threads took: 0.0023380 seconds
141.528: Application time: 0.0447770 seconds
141.530: [GC141.530: [ParNew: 55788K->5664K(55872K), 0.0018190 secs] 122757K->72662K(182144K), 0.0018610 secs] [Times: user=0.02 sys=0.00, real=0.00 secs] 
141.532: Total time for which application threads were stopped: 0.0036390 seconds, Stopping threads took: 0.0017140 seconds
141.577: Application time: 0.0447430 seconds
141.578: [GC141.578: [ParNew: 55328K->6206K(55872K), 0.0019990 secs] 122326K->73594K(182144K), 0.0020430 secs] [Times: user=0.01 sys=0.00, real=0.00 secs] 
141.580: Total time for which application threads were stopped: 0.0033860 seconds, Stopping threads took: 0.0012580 seconds
141.623: Application time: 0.0430700 seconds
141.625: [GC141.625: [ParNew: 55870K->6206K(55872K), 0.0022880 secs] 123258K->74470K(182144K), 0.0023310 secs] [Times: user=0.02 sys=0.00, real=0.00 secs] 
141.628: Total time for which application threads were stopped: 0.0043630 seconds, Stopping threads took: 0.0019670 seconds
141.674: Application time: 0.0461800 seconds
141.677: [GC141.677: [ParNew: 55870K->6206K(55872K), 0.0019960 secs] 124134K->74771K(182144K), 0.0020350 secs] [Times: user=0.02 sys=0.00, real=0.00 secs] 
141.679: Total time for which application threads were stopped: 0.0050300 seconds, Stopping threads took: 0.0029330 seconds
141.724: Application time: 0.0450670 seconds
141.726: [GC141.726: [ParNew: 55870K->6206K(55872K), 0.0021960 secs] 124435K->75568K(182144K), 0.0022440 secs] [Times: user=0.02 sys=0.00, real=0.00 secs] 
141.728: Total time for which application threads were stopped: 0.0046180 seconds, Stopping threads took: 0.0023080 seconds
141.772: Application time: 0.0437690 seconds
141.775: [GC141.775: [ParNew: 55870K->6087K(55872K), 0.0019620 secs] 125232K->75449K(182144K), 0.0020020 secs] [Times: user=0.01 sys=0.00, real=0.00 secs] 
141.777: Total time for which application threads were stopped: 0.0044190 seconds, Stopping threads took: 0.0023540 seconds
141.825: Application time: 0.0487800 seconds
141.827: [GC141.827: [ParNew: 55751K->4273K(55872K), 0.0015730 secs] 125113K->73635K(182144K), 0.0016110 secs] [Times: user=0.01 sys=0.00, real=0.00 secs] 
141.829: Total time for which application threads were stopped: 0.0033770 seconds, Stopping threads took: 0.0016880 seconds
141.876: Application time: 0.0472300 seconds
141.877: [GC141.877: [ParNew: 53937K->4811K(55872K), 0.0017370 secs] 123299K->74202K(182144K), 0.0017780 secs] [Times: user=0.01 sys=0.00, real=0.00 secs] 
141.879: Total time for which application threads were stopped: 0.0029480 seconds, Stopping threads took: 0.0011050 seconds
141.923: Application time: 0.0444960 seconds
141.925: [GC141.925: [ParNew: 54475K->6206K(55872K), 0.0023000 secs] 123866K->76118K(182144K), 0.0023420 secs] [Times: user=0.02 sys=0.00, real=0.00 secs] 
141.928: Total time for which application threads were stopped: 0.0041600 seconds, Stopping threads took: 0.0017460 seconds
141.974: Application time: 0.0466780 seconds
141.977: [GC141.977: [ParNew: 55870K->6064K(55872K), 0.0019000 secs] 125782K->76118K(182144K), 0.0019430 secs] [Times: user=0.01 sys=0.00, real=0.00 secs] 
141.979: Total time for which application threads were stopped: 0.0042830 seconds, Stopping threads took: 0.0022670 seconds
142.024: Application time: 0.0453260 seconds
142.025: [GC142.025: [ParNew: 55728K->6206K(55872K), 0.0019250 secs] 125782K->76460K(182144K), 0.0019630 secs] [Times: user=0.01 sys=0.00, real=0.00 secs] 
142.027: Total time for which application threads were stopped: 0.0032870 seconds, Stopping threads took: 0.0012630 seconds
142.070: Application time: 0.0432480 seconds
142.073: [GC142.073: [ParNew: 55870K->6206K(55872K), 0.0104580 secs] 126124K->77598K(182144K), 0.0105000 secs] [Times: user=0.08 sys=0.00, real=0.01 secs] 
142.084: Total time for which application threads were stopped: 0.0134690 seconds, Stopping threads took: 0.0028990 seconds
142.131: Application time: 0.0470660 seconds
142.133: [GC142.133: [ParNew: 55870K->6207K(55872K), 0.0023530 secs] 127262K->78733K(182144K), 0.0024000 secs] [Times: user=0.02 sys=0.00, real=0.01 secs] 
142.135: Total time for which application threads were stopped: 0.0042960 seconds, Stopping threads took: 0.0018090 seconds
142.179: Application time: 0.0440520 seconds
142.182: [GC142.182: [ParNew: 55871K->6206K(55872K), 0.0022340 secs] 128397K->79496K(182144K), 0.0022740 secs] [Times: user=0.01 sys=0.00, real=0.00 secs] 
142.184: Total time for which application threads were stopped: 0.0049680 seconds, Stopping threads took: 0.0026090 seconds
142.229: Application time: 0.0446490 seconds
142.230: [GC142.231: [ParNew: 55870K->5527K(55872K), 0.0017290 secs] 129160K->78817K(182144K), 0.0017700 secs] [Times: user=0.01 sys=0.00, real=0.00 secs] 
142.232: Total time for which application threads were stopped: 0.0033190 seconds, Stopping threads took: 0.0014680 seconds
142.279: Application time: 0.0463150 seconds
142.281: [GC142.281: [ParNew: 55191K->6207K(55872K), 0.0020300 secs] 128481K->79849K(182144K), 0.0020760 secs] [Times: user=0.02 sys=0.00, real=0.01 secs] 
142.283: Total time for which application threads were stopped: 0.0045600 seconds, Stopping threads took: 0.0024090 seconds
142.327: Application time: 0.0436830 seconds
142.328: [GC142.328: [ParNew: 55871K->6206K(55872K), 0.0025050 secs] 129513K->81276K(182144K), 0.0025480 secs] [Times: user=0.02 sys=0.00, real=0.00 secs] 
142.331: Total time for which application threads were stopped: 0.0039500 seconds, Stopping threads took: 0.0013140 seconds
142.375: Application time: 0.0439280 seconds
142.377: [GC142.377: [ParNew: 55870K->6207K(55872K), 0.0020970 secs] 130940K->82117K(182144K), 0.0021420 secs] [Times: user=0.02 sys=0.00, real=0.00 secs] 
142.379: Total time for which application threads were stopped: 0.0045210 seconds, Stopping threads took: 0.0022950 seconds
142.424: Application time: 0.0449870 seconds
142.427: [GC142.427: [ParNew: 55871K->6206K(55872K), 0.0021190 secs] 131781K->82568K(182144K), 0.0021650 secs] [Times: user=0.01 sys=0.00, real=0.00 secs] 
142.429: Total time for which application threads were stopped: 0.0050560 seconds, Stopping threads took: 0.0027980 seconds
142.477: Application time: 0.0475680 seconds
142.479: [GC142.479: [ParNew: 55870K->6207K(55872K), 0.0023000 secs] 132232K->82806K(182144K), 0.0023430 secs] [Times: user=0.02 sys=0.00, real=0.00 secs] 
142.481: Total time for which application threads were stopped: 0.0043530 seconds, Stopping threads took: 0.0019270 seconds
142.526: Application time: 0.0446480 seconds
142.528: [GC142.528: [ParNew: 55871K->6206K(55872K), 0.0023870 secs] 132470K->84020K(182144K), 0.0024350 secs] [Times: user=0.02 sys=0.00, real=0.00 secs] 
142.530: Total time for which application threads were stopped: 0.0044610 seconds, Stopping threads took: 0.0019380 seconds
142.575: Application time: 0.0443600 seconds
142.576: [GC142.576: [ParNew: 55870K->6207K(55872K), 0.0024360 secs] 133684K->85027K(182144K), 0.0024800 secs] [Times: user=0.01 sys=0.00, real=0.00 secs] 
142.579: Total time for which application threads were stopped: 0.0041180 seconds, Stopping threads took: 0.0015740 seconds
142.623: Application time: 0.0437690 seconds
142.626: [GC142.626: [ParNew: 55871K->6207K(55872K), 0.0023570 secs] 134691K->86084K(182144K), 0.0024100 secs] [Times: user=0.02 sys=0.00, real=0.00 secs] 
142.628: Total time for which application threads were stopped: 0.0054210 seconds, Stopping threads took: 0.0029460 seconds
142.673: Application time: 0.0448970 seconds
142.676: [GC142.676: [ParNew: 55871K->6207K(55872K), 0.0019300 secs] 135748K->86257K(182144K), 0.0019750 secs] [Times: user=0.01 sys=0.01, real=0.00 secs] 
142.678: Total time for which application threads were stopped: 0.0045820 seconds, Stopping threads took: 0.0025230 seconds
142.723: Application time: 0.0459430 seconds
142.725: [GC142.725: [ParNew: 55871K->6206K(55872K), 0.0022480 secs] 135921K->87083K(182144K), 0.0022960 secs] [Times: user=0.01 sys=0.01, real=0.00 secs] 
142.728: Total time for which application threads were stopped: 0.0041700 seconds, Stopping threads took: 0.0018110 seconds
142.774: Application time: 0.0461610 seconds
142.775: [GC142.775: [ParNew: 55870K->6206K(55872K), 0.0023460 secs] 136747K->88245K(182144K), 0.0023890 secs] [Times: user=0.01 sys=0.00, real=0.00 secs] 
142.777: Total time for which application threads were stopped: 0.0037040 seconds, Stopping threads took: 0.0012510 seconds
142.823: Application time: 0.0458920 seconds
142.825: [GC142.826: [ParNew: 55870K->5820K(55872K), 0.0018230 secs] 137909K->87859K(182144K), 0.0018600 secs] [Times: user=0.02 sys=0.00, real=0.00 secs] 
142.827: Total time for which application threads were stopped: 0.0039890 seconds, Stopping threads took: 0.0020440 seconds
142.874: Application time: 0.0466100 seconds
142.876: [GC142.876: [ParNew: 55484K->6206K(55872K), 0.0020130 secs] 137523K->88504K(182144K), 0.0020590 secs] [Times: user=0.01 sys=0.00, real=0.00 secs] 
142.878: Total time for which application threads were stopped: 0.0041390 seconds, Stopping threads took: 0.0020130 seconds
142.924: Application time: 0.0456150 seconds
142.925: [GC142.925: [ParNew: 55870K->6206K(55872K), 0.0020210 secs] 138168K->88903K(182144K), 0.0020630 secs] [Times: user=0.01 sys=0.00, real=0.00 secs] 
142.927: Total time for which application threads were stopped: 0.0037470 seconds, Stopping threads took: 0.0016230 seconds
142.974: Application time: 0.0465260 seconds
142.978: [GC142.978: [ParNew: 55870K->6207K(55872K), 0.0021840 secs] 138567K->89272K(182144K), 0.0022280 secs] [Times: user=0.02 sys=0.00, real=0.00 secs] 
142.980: Total time for which application threads were stopped: 0.0058000 seconds, Stopping threads took: 0.0035000 seconds
143.024: Application time: 0.0444020 seconds
143.027: [GC143.027: [ParNew: 55871K->6207K(55872K), 0.0022950 secs] 138936K->90523K(182144K), 0.0023480 secs] [Times: user=0.01 sys=0.01, real=0.00 secs] 
143.029: Total time for which application threads were stopped: 0.0051830 seconds, Stopping threads took: 0.0027480 seconds
143.074: Application time: 0.0450120 seconds
143.076: [GC143.076: [ParNew: 55871K->6207K(55872K), 0.0022010 secs] 140187K->91431K(182144K), 0.0022420 secs] [Times: user=0.01 sys=0.00, real=0.00 secs] 
143.078: Total time for which application threads were stopped: 0.0040140 seconds, Stopping threads took: 0.0017090 seconds
143.124: Application time: 0.0458010 seconds
143.126: [GC143.126: [ParNew: 55871K->5673K(55872K), 0.0017680 secs] 141095K->90926K(182144K), 0.0018080 secs] [Times: user=0.02 sys=0.00, real=0.00 secs] 
143.128: Total time for which application threads were stopped: 0.0036650 seconds, Stopping threads took: 0.0017940 seconds
143.172: Application time: 0.0441350 seconds
143.174: [GC143.174: [ParNew: 55337K->6207K(55872K), 0.0022520 secs] 140590K->91835K(182144K), 0.0022960 secs] [Times: user=0.01 sys=0.00, real=0.00 secs] 
143.176: Total time for which application threads were stopped: 0.0040580 seconds, Stopping threads took: 0.0016860 seconds
143.220: Application time: 0.0434310 seconds
143.222: [GC143.222: [ParNew: 55871K->6206K(55872K), 0.0024790 secs] 141499K->92844K(182144K), 0.0025220 secs] [Times: user=0.01 sys=0.00, real=0.00 secs] 
143.225: Total time for which application threads were stopped: 0.0054600 seconds, Stopping threads took: 0.0028650 seconds
143.270: Application time: 0.0448580 seconds
143.272: [GC143.272: [ParNew: 55870K->6207K(55872K), 0.0023610 secs] 142508K->93900K(182144K), 0.0024120 secs] [Times: user=0.02 sys=0.00, real=0.01 secs] 
143.275: Total time for which application threads were stopped: 0.0048330 seconds, Stopping threads took: 0.0023580 seconds
143.319: Application time: 0.0438160 seconds
143.321: [GC143.321: [ParNew: 55871K->6207K(55872K), 0.0022070 secs] 143564K->94906K(182144K), 0.0022500 secs] [Times: user=0.02 sys=0.00, real=0.01 secs] 
143.323: Total time for which application threads were stopped: 0.0045890 seconds, Stopping threads took: 0.0022750 seconds
143.368: Application time: 0.0449450 seconds
143.369: [GC143.369: [ParNew: 55871K->6206K(55872K), 0.0021290 secs] 144570K->95523K(182144K), 0.0021700 secs] [Times: user=0.01 sys=0.00, real=0.00 secs] 
143.371: Total time for which application threads were stopped: 0.0030840 seconds, Stopping threads took: 0.0008490 seconds
143.415: Application time: 0.0436180 seconds
143.416: [GC143.416: [ParNew: 55870K->6207K(55872K), 0.0021370 secs] 145187K->96095K(182144K), 0.0021790 secs] [Times: user=0.01 sys=0.00, real=0.00 secs] 
143.419: Total time for which application threads were stopped: 0.0039150 seconds, Stopping threads took: 0.0016500 seconds
143.464: Application time: 0.0457550 seconds
143.467: [GC143.467: [ParNew: 55871K->5674K(55872K), 0.0017010 secs] 145759K->95591K(182144K), 0.0017430 secs] [Times: user=0.02 sys=0.00, real=0.00 secs] 
143.469: Total time for which application threads were stopped: 0.0043520 seconds, Stopping threads took: 0.0025240 seconds
143.515: Application time: 0.0460900 seconds
143.517: [GC143.517: [ParNew: 55338K->6207K(55872K), 0.0023700 secs] 145255K->97018K(182144K), 0.0024160 secs] [Times: user=0.02 sys=0.00, real=0.00 secs] 
143.519: Total time for which application threads were stopped: 0.0044500 seconds, Stopping threads took: 0.0019600 seconds
143.562: Application time: 0.0428790 seconds
143.564: [GC143.564: [ParNew: 55871K->6207K(55872K), 0.0022450 secs] 146682K->97714K(182144K), 0.0022870 secs] [Times: user=0.02 sys=0.00, real=0.00 secs] 
143.566: Total time for which application threads were stopped: 0.0037730 seconds, Stopping threads took: 0.0014200 seconds
143.611: Application time: 0.0447150 seconds
143.613: [GC143.613: [ParNew: 55871K->6207K(55872K), 0.0021810 secs] 147378K->98223K(182144K), 0.0022300 secs] [Times: user=0.01 sys=0.00, real=0.01 secs] 
143.616: Total time for which application threads were stopped: 0.0048900 seconds, Stopping threads took: 0.0025920 seconds
143.660: Application time: 0.0445330 seconds
143.661: [GC143.661: [ParNew: 55871K->5980K(55872K), 0.0019240 secs] 147887K->97995K(182144K), 0.0019630 secs] [Times: user=0.02 sys=0.00, real=0.01 secs] 
143.663: Total time for which application threads were stopped: 0.0031050 seconds, Stopping threads took: 0.0010810 seconds
143.707: Application time: 0.0441000 seconds
143.710: [GC143.710: [ParNew: 55644K->6206K(55872K), 0.0020030 secs] 147659K->98440K(182144K), 0.0020430 secs] [Times: user=0.01 sys=0.00, real=0.00 secs] 
143.712: Total time for which application threads were stopped: 0.0046760 seconds, Stopping threads took: 0.0025770 seconds
143.757: Application time: 0.0447880 seconds
143.759: [GC143.759: [ParNew: 55870K->4961K(55872K), 0.0016410 secs] 148104K->97195K(182144K), 0.0016730 secs] [Times: user=0.01 sys=0.00, real=0.00 secs] 
143.761: Total time for which application threads were stopped: 0.0040010 seconds, Stopping threads took: 0.0022770 seconds
143.810: Application time: 0.0491410 seconds
143.813: [GC143.813: [ParNew: 54625K->6009K(55872K), 0.0020290 secs] 146859K->98244K(182144K), 0.0020700 secs] [Times: user=0.01 sys=0.00, real=0.01 secs] 
143.815: Total time for which application threads were stopped: 0.0047490 seconds, Stopping threads took: 0.0026170 seconds
143.863: Application time: 0.0484420 seconds
143.865: [GC143.865: [ParNew: 55673K->6206K(55872K), 0.0024830 secs] 147908K->99683K(182144K), 0.0025360 secs] [Times: user=0.02 sys=0.00, real=0.00 secs] 
143.868: Total time for which application threads were stopped: 0.0045090 seconds, Stopping threads took: 0.0018840 seconds
143.914: Application time: 0.0463980 seconds
143.916: [GC143.916: [ParNew: 55869K->6206K(55872K), 0.0022630 secs] 149346K->100785K(182144K), 0.0023100 secs] [Times: user=0.01 sys=0.00, real=0.00 secs] 
143.918: Total time for which application threads were stopped: 0.0043470 seconds, Stopping threads took: 0.0019710 seconds
143.966: Application time: 0.0472100 seconds
143.967: [GC143.967: [ParNew: 55870K->5281K(55872K), 0.0016600 secs] 150449K->99859K(182144K), 0.0016970 secs] [Times: user=0.01 sys=0.00, real=0.00 secs] 
143.969: Total time for which application threads were stopped: 0.0033750 seconds, Stopping threads took: 0.0015930 seconds
144.015: Application time: 0.0463360 seconds
144.017: [GC144.017: [ParNew: 54945K->6207K(55872K), 0.0024730 secs] 149523K->102565K(182144K), 0.0025180 secs] [Times: user=0.02 sys=0.00, real=0.00 secs] 
144.019: Total time for which application threads were stopped: 0.0041350 seconds, Stopping threads took: 0.0015260 seconds
144.068: Application time: 0.0490190 seconds
144.070: [GC144.070: [ParNew: 55871K->5853K(55872K), 0.0018110 secs] 152229K->102378K(182144K), 0.0018560 secs] [Times: user=0.01 sys=0.00, real=0.00 secs] 
144.072: Total time for which application threads were stopped: 0.0033000 seconds, Stopping threads took: 0.0013680 seconds
144.118: Application time: 0.0463600 seconds
144.120: [GC144.120: [ParNew: 55517K->5995K(55872K), 0.0019160 secs] 152042K->102548K(182144K), 0.0019590 secs] [Times: user=0.02 sys=0.00, real=0.01 secs] 
144.122: Total time for which application threads were stopped: 0.0040360 seconds, Stopping threads took: 0.0020100 seconds
144.171: Application time: 0.0489710 seconds
144.173: [GC144.173: [ParNew: 55659K->6000K(55872K), 0.0018490 secs] 152212K->102553K(182144K), 0.0018970 secs] [Times: user=0.02 sys=0.00, real=0.01 secs] 
144.175: Total time for which application threads were stopped: 0.0041030 seconds, Stopping threads took: 0.0021410 seconds
144.223: Application time: 0.0479280 seconds
144.226: [GC144.226: [ParNew: 55664K->5236K(55872K), 0.0015870 secs] 152217K->101789K(182144K), 0.0016320 secs] [Times: user=0.02 sys=0.00, real=0.00 secs] 
144.228: Total time for which application threads were stopped: 0.0043070 seconds, Stopping threads took: 0.0026090 seconds
144.275: Application time: 0.0470930 seconds
144.276: [GC144.276: [ParNew: 54900K->5121K(55872K), 0.0016190 secs] 151453K->101674K(182144K), 0.0016620 secs] [Times: user=0.01 sys=0.00, real=0.00 secs] 
144.278: Total time for which application threads were stopped: 0.0031300 seconds, Stopping threads took: 0.0014010 seconds
144.327: Application time: 0.0489000 seconds
144.328: [GC144.328: [ParNew: 54784K->5544K(55872K), 0.0018380 secs] 151337K->102097K(182144K), 0.0018830 secs] [Times: user=0.01 sys=0.00, real=0.00 secs] 
144.330: Total time for which application threads were stopped: 0.0032230 seconds, Stopping threads took: 0.0012740 seconds
144.379: Application time: 0.0490800 seconds
144.382: [GC144.382: [ParNew: 55208K->5755K(55872K), 0.0017090 secs] 151761K->102308K(182144K), 0.0017500 secs] [Times: user=0.02 sys=0.00, real=0.00 secs] 
144.384: Total time for which application threads were stopped: 0.0050220 seconds, Stopping threads took: 0.0032070 seconds
 CMS: abort preclean due to time 144.385: [CMS-concurrent-abortable-preclean: 0.262/5.045 secs] [Times: user=38.69 sys=0.17, real=5.05 secs] 
144.385: Application time: 0.0015030 seconds
144.389: [GC[YG occupancy: 8821 K (55872 K)]144.389: [Rescan (parallel) , 0.0003340 secs]144.389: [weak refs processing, 0.0000070 secs]144.389: [scrub string table, 0.0001190 secs] [1 CMS-remark: 96553K(126272K)] 105374K(182144K), 0.0004850 secs] [Times: user=0.01 sys=0.00, real=0.00 secs] 
144.389: Total time for which application threads were stopped: 0.0036640 seconds, Stopping threads took: 0.0031320 seconds
144.389: [CMS-concurrent-sweep-start]
144.395: [CMS-concurrent-sweep: 0.006/0.006 secs] [Times: user=0.02 sys=0.00, real=0.01 secs] 
144.395: [CMS-concurrent-reset-start]
144.395: [CMS-concurrent-reset: 0.000/0.000 secs] [Times: user=0.00 sys=0.00, real=0.00 secs] 
144.435: Application time: 0.0457600 seconds
144.438: [GC144.438: [ParNew: 55419K->6207K(55872K), 0.0022420 secs] 104797K->56692K(182144K), 0.0022880 secs] [Times: user=0.02 sys=0.00, real=0.00 secs] 
144.441: Total time for which application threads were stopped: 0.0056720 seconds, Stopping threads took: 0.0032970 seconds
144.488: Application time: 0.0471360 seconds
144.490: [GC144.490: [ParNew: 55871K->6207K(55872K), 0.0022620 secs] 106356K->57826K(182144K), 0.0023120 secs] [Times: user=0.02 sys=0.00, real=0.00 secs] 
144.493: Total time for which application threads were stopped: 0.0049040 seconds, Stopping threads took: 0.0025230 seconds
144.493: Application time: 0.0001470 seconds
144.495: [GC [1 CMS-initial-mark: 51618K(126272K)] 58315K(182144K), 0.0002100 secs] [Times: user=0.00 sys=0.00, real=0.00 secs] 
144.495: Total time for which application threads were stopped: 0.0027270 seconds, Stopping threads took: 0.0024920 seconds
144.496: [CMS-concurrent-mark-start]
144.500: [CMS-concurrent-mark: 0.005/0.005 secs] [Times: user=0.02 sys=0.00, real=0.00 secs] 
144.500: [CMS-concurrent-preclean-start]
144.501: [CMS-concurrent-preclean: 0.000/0.000 secs] [Times: user=0.00 sys=0.00, real=0.00 secs] 
144.501: [CMS-concurrent-abortable-preclean-start]
144.541: Application time: 0.0457430 seconds
144.544: [GC144.544: [ParNew: 55871K->6207K(55872K), 0.0022280 secs] 107490K->58904K(182144K), 0.0022710 secs] [Times: user=0.01 sys=0.00, real=0.00 secs] 
144.546: Total time for which application threads were stopped: 0.0051880 seconds, Stopping threads took: 0.0028510 seconds
144.594: Application time: 0.0473110 seconds
144.595: [GC144.595: [ParNew: 55871K->6206K(55872K), 0.0021070 secs] 108568K->59292K(182144K), 0.0021460 secs] [Times: user=0.02 sys=0.00, real=0.00 secs] 
144.597: Total time for which application threads were stopped: 0.0037490 seconds, Stopping threads took: 0.0015320 seconds
144.645: Application time: 0.0475750 seconds
144.647: [GC144.647: [ParNew: 55870K->6206K(55872K), 0.0021180 secs] 108956K->59569K(182144K), 0.0021650 secs] [Times: user=0.02 sys=0.00, real=0.00 secs] 
144.649: Total time for which application threads were stopped: 0.0041180 seconds, Stopping threads took: 0.0018840 seconds
144.697: Application time: 0.0479730 seconds
144.699: [GC144.699: [ParNew: 55870K->5414K(55872K), 0.0017410 secs] 109233K->58776K(182144K), 0.0017850 secs] [Times: user=0.02 sys=0.00, real=0.00 secs] 
144.701: Total time for which application threads were stopped: 0.0036450 seconds, Stopping threads took: 0.0017920 seconds
144.749: Application time: 0.0482820 seconds
144.750: [GC144.750: [ParNew: 55078K->6206K(55872K), 0.0020370 secs] 108440K->59780K(182144K), 0.0020840 secs] [Times: user=0.01 sys=0.00, real=0.00 secs] 
144.752: Total time for which application threads were stopped: 0.0033520 seconds, Stopping threads took: 0.0011980 seconds
144.801: Application time: 0.0490440 seconds
144.804: [GC144.804: [ParNew: 55870K->6206K(55872K), 0.0021990 secs] 109444K->60479K(182144K), 0.0022410 secs] [Times: user=0.01 sys=0.00, real=0.00 secs] 
144.807: Total time for which application threads were stopped: 0.0050890 seconds, Stopping threads took: 0.0027580 seconds
144.855: Application time: 0.0482020 seconds
144.857: [GC144.857: [ParNew: 55870K->5963K(55872K), 0.0018440 secs] 110143K->60235K(182144K), 0.0018850 secs] [Times: user=0.02 sys=0.00, real=0.00 secs] 
144.859: Total time for which application threads were stopped: 0.0042750 seconds, Stopping threads took: 0.0023240 seconds
144.907: Application time: 0.0482420 seconds
144.910: [GC144.910: [ParNew: 55627K->4073K(55872K), 0.0013450 secs] 109899K->58345K(182144K), 0.0013850 secs] [Times: user=0.01 sys=0.00, real=0.00 secs] 
144.911: Total time for which application threads were stopped: 0.0036890 seconds, Stopping threads took: 0.0022400 seconds
144.959: Application time: 0.0475520 seconds
144.961: [GC144.961: [ParNew: 53737K->5839K(55872K), 0.0018750 secs] 108009K->60111K(182144K), 0.0019300 secs] [Times: user=0.02 sys=0.00, real=0.01 secs] 
144.963: Total time for which application threads were stopped: 0.0045850 seconds, Stopping threads took: 0.0025950 seconds
145.013: Application time: 0.0497490 seconds
145.016: [GC145.016: [ParNew: 55503K->5908K(55872K), 0.0019360 secs] 109775K->60180K(182144K), 0.0019820 secs] [Times: user=0.01 sys=0.00, real=0.00 secs] 
145.018: Total time for which application threads were stopped: 0.0047960 seconds, Stopping threads took: 0.0027480 seconds
145.066: Application time: 0.0484070 seconds
145.068: [GC145.068: [ParNew: 55572K->6207K(55872K), 0.0021370 secs] 109844K->60537K(182144K), 0.0021820 secs] [Times: user=0.02 sys=0.00, real=0.00 secs] 
145.070: Total time for which application threads were stopped: 0.0039960 seconds, Stopping threads took: 0.0017380 seconds
145.118: Application time: 0.0478040 seconds
145.120: [GC145.120: [ParNew: 55871K->6207K(55872K), 0.0024210 secs] 110201K->61757K(182144K), 0.0024720 secs] [Times: user=0.01 sys=0.00, real=0.01 secs] 
145.123: Total time for which application threads were stopped: 0.0048530 seconds, Stopping threads took: 0.0023050 seconds
145.170: Application time: 0.0471950 seconds
145.172: [GC145.172: [ParNew: 55871K->6015K(55872K), 0.0018990 secs] 111421K->61675K(182144K), 0.0019470 secs] [Times: user=0.01 sys=0.00, real=0.01 secs] 
145.174: Total time for which application threads were stopped: 0.0042140 seconds, Stopping threads took: 0.0021980 seconds
145.223: Application time: 0.0483840 seconds
145.224: [GC145.224: [ParNew: 55679K->4669K(55872K), 0.0016340 secs] 111339K->60386K(182144K), 0.0016800 secs] [Times: user=0.01 sys=0.00, real=0.00 secs] 
145.226: Total time for which application threads were stopped: 0.0035450 seconds, Stopping threads took: 0.0018030 seconds
145.277: Application time: 0.0506690 seconds
145.278: [GC145.278: [ParNew: 54333K->5791K(55872K), 0.0019230 secs] 110050K->61508K(182144K), 0.0019680 secs] [Times: user=0.01 sys=0.00, real=0.00 secs] 
145.280: Total time for which application threads were stopped: 0.0027150 seconds, Stopping threads took: 0.0006810 seconds
145.328: Application time: 0.0483620 seconds
145.330: [GC145.330: [ParNew: 55454K->5879K(55872K), 0.0020310 secs] 111171K->61596K(182144K), 0.0020770 secs] [Times: user=0.01 sys=0.00, real=0.00 secs] 
145.332: Total time for which application threads were stopped: 0.0041560 seconds, Stopping threads took: 0.0019910 seconds
145.381: Application time: 0.0484840 seconds
145.383: [GC145.383: [ParNew: 55543K->6207K(55872K), 0.0023240 secs] 111260K->62608K(182144K), 0.0023680 secs] [Times: user=0.02 sys=0.00, real=0.00 secs] 
145.385: Total time for which application threads were stopped: 0.0046520 seconds, Stopping threads took: 0.0022070 seconds
145.433: Application time: 0.0477630 seconds
145.435: [GC145.435: [ParNew: 55871K->6207K(55872K), 0.0020750 secs] 112272K->62887K(182144K), 0.0021240 secs] [Times: user=0.01 sys=0.01, real=0.00 secs] 
145.438: Total time for which application threads were stopped: 0.0046000 seconds, Stopping threads took: 0.0024050 seconds
145.484: Application time: 0.0467700 seconds
145.488: [GC145.488: [ParNew: 55871K->6206K(55872K), 0.0023190 secs] 112551K->64095K(182144K), 0.0023700 secs] [Times: user=0.02 sys=0.00, real=0.00 secs] 
145.490: Total time for which application threads were stopped: 0.0055860 seconds, Stopping threads took: 0.0031470 seconds
145.536: Application time: 0.0458300 seconds
145.538: [GC145.538: [ParNew: 55870K->6207K(55872K), 0.0023380 secs] 113759K->65350K(182144K), 0.0023860 secs] [Times: user=0.02 sys=0.00, real=0.00 secs] 
145.541: Total time for which application threads were stopped: 0.0048220 seconds, Stopping threads took: 0.0023690 seconds
145.591: Application time: 0.0509040 seconds
145.594: [GC145.594: [ParNew: 55871K->6207K(55872K), 0.0020320 secs] 115014K->65833K(182144K), 0.0020780 secs] [Times: user=0.02 sys=0.00, real=0.00 secs] 
145.597: Total time for which application threads were stopped: 0.0050420 seconds, Stopping threads took: 0.0028860 seconds
145.644: Application time: 0.0475800 seconds
145.647: [GC145.647: [ParNew: 55871K->6207K(55872K), 0.0024020 secs] 115497K->67248K(182144K), 0.0024490 secs] [Times: user=0.02 sys=0.00, real=0.00 secs] 
145.649: Total time for which application threads were stopped: 0.0050060 seconds, Stopping threads took: 0.0024790 seconds
145.695: Application time: 0.0459400 seconds
145.698: [GC145.698: [ParNew: 55871K->6207K(55872K), 0.0023050 secs] 116912K->68562K(182144K), 0.0023490 secs] [Times: user=0.01 sys=0.00, real=0.00 secs] 
145.700: Total time for which application threads were stopped: 0.0050320 seconds, Stopping threads took: 0.0026160 seconds
145.749: Application time: 0.0485990 seconds
145.750: [GC145.750: [ParNew: 55871K->5710K(55872K), 0.0019190 secs] 118226K->68178K(182144K), 0.0019600 secs] [Times: user=0.01 sys=0.00, real=0.00 secs] 
145.752: Total time for which application threads were stopped: 0.0035810 seconds, Stopping threads took: 0.0015580 seconds
145.798: Application time: 0.0457820 seconds
145.799: [GC145.799: [ParNew: 55374K->6206K(55872K), 0.0022650 secs] 117842K->69566K(182144K), 0.0023090 secs] [Times: user=0.01 sys=0.00, real=0.01 secs] 
145.801: Total time for which application threads were stopped: 0.0034210 seconds, Stopping threads took: 0.0010440 seconds
145.851: Application time: 0.0493000 seconds
145.853: [GC145.853: [ParNew: 55870K->6207K(55872K), 0.0022860 secs] 119230K->70246K(182144K), 0.0023290 secs] [Times: user=0.02 sys=0.00, real=0.01 secs] 
145.855: Total time for which application threads were stopped: 0.0041920 seconds, Stopping threads took: 0.0017960 seconds
145.902: Application time: 0.0469830 seconds
145.905: [GC145.905: [ParNew: 55871K->6206K(55872K), 0.0024290 secs] 119910K->71773K(182144K), 0.0024760 secs] [Times: user=0.02 sys=0.00, real=0.00 secs] 
145.908: Total time for which application threads were stopped: 0.0055680 seconds, Stopping threads took: 0.0030150 seconds
145.956: Application time: 0.0486270 seconds
145.958: [GC145.958: [ParNew: 55870K->6206K(55872K), 0.0021140 secs] 121437K->72261K(182144K), 0.0021590 secs] [Times: user=0.01 sys=0.00, real=0.00 secs] 
145.960: Total time for which application threads were stopped: 0.0038660 seconds, Stopping threads took: 0.0016370 seconds
146.007: Application time: 0.0473770 seconds
146.009: [GC146.009: [ParNew: 55870K->6206K(55872K), 0.0019150 secs] 121925K->72314K(182144K), 0.0019590 secs] [Times: user=0.01 sys=0.00, real=0.00 secs] 
146.011: Total time for which application threads were stopped: 0.0039030 seconds, Stopping threads took: 0.0018780 seconds
146.059: Application time: 0.0475800 seconds
146.060: [GC146.060: [ParNew: 55870K->4892K(55872K), 0.0016770 secs] 121978K->71000K(182144K), 0.0017170 secs] [Times: user=0.01 sys=0.00, real=0.01 secs] 
146.062: Total time for which application threads were stopped: 0.0031660 seconds, Stopping threads took: 0.0013660 seconds
146.106: Application time: 0.0442390 seconds
146.108: [GC146.108: [ParNew: 54556K->6206K(55872K), 0.0024120 secs] 120664K->73788K(182144K), 0.0024630 secs] [Times: user=0.02 sys=0.00, real=0.00 secs] 
146.111: Total time for which application threads were stopped: 0.0046230 seconds, Stopping threads took: 0.0020890 seconds
146.159: Application time: 0.0484450 seconds
146.162: [GC146.162: [ParNew: 55870K->6206K(55872K), 0.0022460 secs] 123452K->74801K(182144K), 0.0022910 secs] [Times: user=0.02 sys=0.00, real=0.00 secs] 
146.164: Total time for which application threads were stopped: 0.0049780 seconds, Stopping threads took: 0.0026110 seconds
146.213: Application time: 0.0491520 seconds
146.215: [GC146.215: [ParNew: 55870K->6207K(55872K), 0.0020070 secs] 124465K->74918K(182144K), 0.0020480 secs] [Times: user=0.01 sys=0.00, real=0.00 secs] 
146.217: Total time for which application threads were stopped: 0.0036450 seconds, Stopping threads took: 0.0015190 seconds
146.268: Application time: 0.0508250 seconds
146.268: [GC146.268: [ParNew: 55870K->5001K(55872K), 0.0016280 secs] 124581K->73798K(182144K), 0.0016780 secs] [Times: user=0.01 sys=0.00, real=0.00 secs] 
146.270: Total time for which application threads were stopped: 0.0019030 seconds, Stopping threads took: 0.0001600 seconds
146.318: Application time: 0.0481720 seconds
146.320: [GC146.320: [ParNew: 54665K->4559K(55872K), 0.0017440 secs] 123462K->73413K(182144K), 0.0017850 secs] [Times: user=0.01 sys=0.00, real=0.01 secs] 
146.322: Total time for which application threads were stopped: 0.0039990 seconds, Stopping threads took: 0.0021520 seconds
146.371: Application time: 0.0487740 seconds
146.374: [GC146.374: [ParNew: 54223K->5024K(55872K), 0.0017370 secs] 123077K->73878K(182144K), 0.0017780 secs] [Times: user=0.01 sys=0.00, real=0.00 secs] 
146.376: Total time for which application threads were stopped: 0.0050380 seconds, Stopping threads took: 0.0031950 seconds
146.424: Application time: 0.0485410 seconds
146.426: [GC146.426: [ParNew: 54688K->5993K(55872K), 0.0020670 secs] 123542K->74847K(182144K), 0.0021100 secs] [Times: user=0.02 sys=0.00, real=0.00 secs] 
146.428: Total time for which application threads were stopped: 0.0040250 seconds, Stopping threads took: 0.0018480 seconds
146.482: Application time: 0.0535660 seconds
146.482: [GC146.482: [ParNew: 55657K->4017K(55872K), 0.0105680 secs] 124511K->72871K(182144K), 0.0106070 secs] [Times: user=0.07 sys=0.01, real=0.00 secs] 
146.493: Total time for which application threads were stopped: 0.0109400 seconds, Stopping threads took: 0.0002630 seconds
146.543: Application time: 0.0500560 seconds
146.546: [GC146.546: [ParNew: 53681K->4554K(55872K), 0.0014450 secs] 122535K->73408K(182144K), 0.0014830 secs] [Times: user=0.01 sys=0.00, real=0.00 secs] 
146.547: Total time for which application threads were stopped: 0.0041160 seconds, Stopping threads took: 0.0025720 seconds
146.598: Application time: 0.0505630 seconds
146.599: [GC146.599: [ParNew: 54218K->5595K(55872K), 0.0017340 secs] 123072K->74449K(182144K), 0.0017750 secs] [Times: user=0.02 sys=0.00, real=0.00 secs] 
146.601: Total time for which application threads were stopped: 0.0028540 seconds, Stopping threads took: 0.0010120 seconds
146.648: Application time: 0.0471510 seconds
146.650: [GC146.650: [ParNew: 55259K->6206K(55872K), 0.0020380 secs] 124113K->75306K(182144K), 0.0020800 secs] [Times: user=0.01 sys=0.00, real=0.00 secs] 
146.652: Total time for which application threads were stopped: 0.0045720 seconds, Stopping threads took: 0.0024270 seconds
146.701: Application time: 0.0486550 seconds
146.703: [GC146.703: [ParNew: 55870K->6206K(55872K), 0.0020980 secs] 124970K->75606K(182144K), 0.0021410 secs] [Times: user=0.02 sys=0.00, real=0.00 secs] 
146.705: Total time for which application threads were stopped: 0.0041560 seconds, Stopping threads took: 0.0019210 seconds
146.751: Application time: 0.0461120 seconds
146.753: [GC146.753: [ParNew: 55870K->6206K(55872K), 0.0022650 secs] 125270K->76591K(182144K), 0.0023050 secs] [Times: user=0.02 sys=0.00, real=0.01 secs] 
146.755: Total time for which application threads were stopped: 0.0042760 seconds, Stopping threads took: 0.0019040 seconds
146.803: Application time: 0.0479630 seconds
146.807: [GC146.807: [ParNew: 55870K->6206K(55872K), 0.0021360 secs] 126255K->76912K(182144K), 0.0021790 secs] [Times: user=0.01 sys=0.00, real=0.00 secs] 
146.809: Total time for which application threads were stopped: 0.0053340 seconds, Stopping threads took: 0.0030870 seconds
146.856: Application time: 0.0469900 seconds
146.858: [GC146.858: [ParNew: 55870K->6207K(55872K), 0.0021080 secs] 126576K->77497K(182144K), 0.0021500 secs] [Times: user=0.02 sys=0.00, real=0.00 secs] 
146.860: Total time for which application threads were stopped: 0.0046780 seconds, Stopping threads took: 0.0024420 seconds
146.908: Application time: 0.0478830 seconds
146.911: [GC146.911: [ParNew: 55871K->6206K(55872K), 0.0023350 secs] 127161K->78695K(182144K), 0.0023840 secs] [Times: user=0.02 sys=0.00, real=0.01 secs] 
146.914: Total time for which application threads were stopped: 0.0053580 seconds, Stopping threads took: 0.0029070 seconds
146.963: Application time: 0.0488280 seconds
146.964: [GC146.965: [ParNew: 55870K->6207K(55872K), 0.0023600 secs] 128359K->79778K(182144K), 0.0024120 secs] [Times: user=0.01 sys=0.00, real=0.00 secs] 
146.967: Total time for which application threads were stopped: 0.0043910 seconds, Stopping threads took: 0.0019120 seconds
147.014: Application time: 0.0473830 seconds
147.016: [GC147.016: [ParNew: 55871K->6206K(55872K), 0.0019700 secs] 129442K->79888K(182144K), 0.0020130 secs] [Times: user=0.01 sys=0.00, real=0.00 secs] 
147.018: Total time for which application threads were stopped: 0.0038460 seconds, Stopping threads took: 0.0017710 seconds
147.065: Application time: 0.0472870 seconds
147.067: [GC147.067: [ParNew: 55870K->6207K(55872K), 0.0021980 secs] 129552K->80840K(182144K), 0.0022420 secs] [Times: user=0.01 sys=0.00, real=0.00 secs] 
147.069: Total time for which application threads were stopped: 0.0040430 seconds, Stopping threads took: 0.0017240 seconds
147.117: Application time: 0.0475140 seconds
147.119: [GC147.119: [ParNew: 55871K->6207K(55872K), 0.0019250 secs] 130504K->81168K(182144K), 0.0019700 secs] [Times: user=0.01 sys=0.00, real=0.00 secs] 
147.121: Total time for which application threads were stopped: 0.0039280 seconds, Stopping threads took: 0.0018930 seconds
147.169: Application time: 0.0478160 seconds
147.171: [GC147.171: [ParNew: 55871K->6206K(55872K), 0.0021410 secs] 130832K->81973K(182144K), 0.0021870 secs] [Times: user=0.02 sys=0.00, real=0.00 secs] 
147.173: Total time for which application threads were stopped: 0.0043250 seconds, Stopping threads took: 0.0020760 seconds
147.218: Application time: 0.0450650 seconds
147.221: [GC147.221: [ParNew: 55870K->6207K(55872K), 0.0020850 secs] 131637K->82804K(182144K), 0.0021310 secs] [Times: user=0.02 sys=0.00, real=0.01 secs] 
147.223: Total time for which application threads were stopped: 0.0049000 seconds, Stopping threads took: 0.0027000 seconds
147.270: Application time: 0.0464670 seconds
147.272: [GC147.272: [ParNew: 55871K->6206K(55872K), 0.0024840 secs] 132468K->84541K(182144K), 0.0025310 secs] [Times: user=0.02 sys=0.00, real=0.01 secs] 
147.275: Total time for which application threads were stopped: 0.0051150 seconds, Stopping threads took: 0.0025220 seconds
147.321: Application time: 0.0467150 seconds
147.323: [GC147.323: [ParNew: 55870K->6207K(55872K), 0.0020190 secs] 134205K->85010K(182144K), 0.0020640 secs] [Times: user=0.01 sys=0.00, real=0.00 secs] 
147.325: Total time for which application threads were stopped: 0.0040140 seconds, Stopping threads took: 0.0018830 seconds
147.373: Application time: 0.0473300 seconds
147.375: [GC147.375: [ParNew: 55871K->6206K(55872K), 0.0023180 secs] 134674K->85398K(182144K), 0.0023650 secs] [Times: user=0.02 sys=0.01, real=0.00 secs] 
147.377: Total time for which application threads were stopped: 0.0042490 seconds, Stopping threads took: 0.0017960 seconds
147.424: Application time: 0.0466930 seconds
147.426: [GC147.426: [ParNew: 55870K->6206K(55872K), 0.0023590 secs] 135062K->86245K(182144K), 0.0024040 secs] [Times: user=0.01 sys=0.00, real=0.00 secs] 
147.428: Total time for which application threads were stopped: 0.0047480 seconds, Stopping threads took: 0.0022540 seconds
147.476: Application time: 0.0479540 seconds
147.480: [GC147.480: [ParNew: 55870K->6206K(55872K), 0.0020970 secs] 135909K->86796K(182144K), 0.0021460 secs] [Times: user=0.01 sys=0.00, real=0.01 secs] 
147.482: Total time for which application threads were stopped: 0.0056110 seconds, Stopping threads took: 0.0033960 seconds
147.528: Application time: 0.0464480 seconds
147.531: [GC147.531: [ParNew: 55870K->6207K(55872K), 0.0020670 secs] 136460K->87228K(182144K), 0.0021070 secs] [Times: user=0.02 sys=0.00, real=0.00 secs] 
147.533: Total time for which application threads were stopped: 0.0042580 seconds, Stopping threads took: 0.0020860 seconds
147.582: Application time: 0.0497820 seconds
147.584: [GC147.584: [ParNew: 55871K->6206K(55872K), 0.0018970 secs] 136892K->87258K(182144K), 0.0019470 secs] [Times: user=0.01 sys=0.00, real=0.00 secs] 
147.586: Total time for which application threads were stopped: 0.0037990 seconds, Stopping threads took: 0.0017880 seconds
147.634: Application time: 0.0480040 seconds
147.636: [GC147.636: [ParNew: 55870K->5553K(55872K), 0.0017920 secs] 136922K->86605K(182144K), 0.0018360 secs] [Times: user=0.02 sys=0.00, real=0.00 secs] 
147.638: Total time for which application threads were stopped: 0.0038540 seconds, Stopping threads took: 0.0019500 seconds
147.685: Application time: 0.0471580 seconds
147.687: [GC147.687: [ParNew: 55217K->6207K(55872K), 0.0019990 secs] 136269K->87590K(182144K), 0.0020420 secs] [Times: user=0.02 sys=0.00, real=0.00 secs] 
147.689: Total time for which application threads were stopped: 0.0040780 seconds, Stopping threads took: 0.0019720 seconds
147.738: Application time: 0.0487270 seconds
147.741: [GC147.741: [ParNew: 55871K->5965K(55872K), 0.0019390 secs] 137254K->87348K(182144K), 0.0019860 secs] [Times: user=0.01 sys=0.00, real=0.01 secs] 
147.743: Total time for which application threads were stopped: 0.0046000 seconds, Stopping threads took: 0.0025380 seconds
147.790: Application time: 0.0476520 seconds
147.792: [GC147.792: [ParNew: 55629K->6207K(55872K), 0.0022780 secs] 137012K->88806K(182144K), 0.0023220 secs] [Times: user=0.01 sys=0.00, real=0.01 secs] 
147.794: Total time for which application threads were stopped: 0.0037310 seconds, Stopping threads took: 0.0013230 seconds
147.838: Application time: 0.0440400 seconds
147.841: [GC147.841: [ParNew: 55871K->6206K(55872K), 0.0021190 secs] 138470K->89340K(182144K), 0.0021630 secs] [Times: user=0.02 sys=0.00, real=0.01 secs] 
147.843: Total time for which application threads were stopped: 0.0047860 seconds, Stopping threads took: 0.0025600 seconds
147.888: Application time: 0.0455630 seconds
147.890: [GC147.890: [ParNew: 55870K->6207K(55872K), 0.0020800 secs] 139004K->89578K(182144K), 0.0021180 secs] [Times: user=0.02 sys=0.00, real=0.00 secs] 
147.892: Total time for which application threads were stopped: 0.0032590 seconds, Stopping threads took: 0.0010780 seconds
147.937: Application time: 0.0448230 seconds
147.939: [GC147.939: [ParNew: 55871K->6207K(55872K), 0.0020490 secs] 139242K->89681K(182144K), 0.0020880 secs] [Times: user=0.01 sys=0.00, real=0.00 secs] 
147.941: Total time for which application threads were stopped: 0.0041810 seconds, Stopping threads took: 0.0020230 seconds
147.985: Application time: 0.0446500 seconds
147.987: [GC147.987: [ParNew: 55871K->6083K(55872K), 0.0018730 secs] 139345K->89586K(182144K), 0.0019150 secs] [Times: user=0.02 sys=0.00, real=0.00 secs] 
147.989: Total time for which application threads were stopped: 0.0036540 seconds, Stopping threads took: 0.0016540 seconds
148.034: Application time: 0.0451820 seconds
148.037: [GC148.037: [ParNew: 55747K->6207K(55872K), 0.0020310 secs] 139250K->90090K(182144K), 0.0020760 secs] [Times: user=0.01 sys=0.00, real=0.00 secs] 
148.039: Total time for which application threads were stopped: 0.0047620 seconds, Stopping threads took: 0.0026190 seconds
148.084: Application time: 0.0455020 seconds
148.087: [GC148.087: [ParNew: 55871K->6207K(55872K), 0.0023500 secs] 139754K->91579K(182144K), 0.0023960 secs] [Times: user=0.02 sys=0.00, real=0.00 secs] 
148.090: Total time for which application threads were stopped: 0.0052450 seconds, Stopping threads took: 0.0027830 seconds
148.136: Application time: 0.0462040 seconds
148.139: [GC148.139: [ParNew: 55871K->6206K(55872K), 0.0025150 secs] 141243K->93048K(182144K), 0.0025630 secs] [Times: user=0.02 sys=0.00, real=0.00 secs] 
148.141: Total time for which application threads were stopped: 0.0053690 seconds, Stopping threads took: 0.0027320 seconds
148.189: Application time: 0.0473020 seconds
148.190: [GC148.190: [ParNew: 55870K->6149K(55872K), 0.0018640 secs] 142712K->92991K(182144K), 0.0019040 secs] [Times: user=0.01 sys=0.00, real=0.00 secs] 
148.192: Total time for which application threads were stopped: 0.0036140 seconds, Stopping threads took: 0.0016450 seconds
148.238: Application time: 0.0457150 seconds
148.240: [GC148.240: [ParNew: 55813K->6207K(55872K), 0.0021360 secs] 142655K->93449K(182144K), 0.0021870 secs] [Times: user=0.02 sys=0.00, real=0.01 secs] 
148.242: Total time for which application threads were stopped: 0.0043930 seconds, Stopping threads took: 0.0021410 seconds
148.287: Application time: 0.0445300 seconds
148.288: [GC148.288: [ParNew: 55871K->6206K(55872K), 0.0020620 secs] 143113K->93487K(182144K), 0.0021040 secs] [Times: user=0.02 sys=0.00, real=0.00 secs] 
148.290: Total time for which application threads were stopped: 0.0033130 seconds, Stopping threads took: 0.0011340 seconds
148.335: Application time: 0.0448710 seconds
148.336: [GC148.336: [ParNew: 55870K->6084K(55872K), 0.0019040 secs] 143151K->93394K(182144K), 0.0019450 secs] [Times: user=0.01 sys=0.00, real=0.00 secs] 
148.338: Total time for which application threads were stopped: 0.0032060 seconds, Stopping threads took: 0.0011840 seconds
148.382: Application time: 0.0441340 seconds
148.385: [GC148.385: [ParNew: 55748K->6206K(55872K), 0.0023910 secs] 143058K->94602K(182144K), 0.0024360 secs] [Times: user=0.01 sys=0.00, real=0.00 secs] 
148.388: Total time for which application threads were stopped: 0.0053190 seconds, Stopping threads took: 0.0028170 seconds
148.433: Application time: 0.0448520 seconds
148.433: [GC148.433: [ParNew: 55870K->5974K(55872K), 0.0018560 secs] 144266K->94452K(182144K), 0.0018990 secs] [Times: user=0.02 sys=0.00, real=0.01 secs] 
148.435: Total time for which application threads were stopped: 0.0026460 seconds, Stopping threads took: 0.0006820 seconds
148.480: Application time: 0.0448930 seconds
148.482: [GC148.482: [ParNew: 55638K->6206K(55872K), 0.0021880 secs] 144116K->95411K(182144K), 0.0022270 secs] [Times: user=0.01 sys=0.01, real=0.00 secs] 
148.484: Total time for which application threads were stopped: 0.0039180 seconds, Stopping threads took: 0.0016280 seconds
148.531: Application time: 0.0472410 seconds
148.532: [GC148.532: [ParNew: 55870K->6207K(55872K), 0.0020620 secs] 145075K->95744K(182144K), 0.0021090 secs] [Times: user=0.02 sys=0.00, real=0.01 secs] 
148.535: Total time for which application threads were stopped: 0.0032570 seconds, Stopping threads took: 0.0010810 seconds
148.579: Application time: 0.0445850 seconds
148.581: [GC148.581: [ParNew: 55871K->6206K(55872K), 0.0021900 secs] 145408K->96578K(182144K), 0.0022380 secs] [Times: user=0.01 sys=0.00, real=0.01 secs] 
148.583: Total time for which application threads were stopped: 0.0038010 seconds, Stopping threads took: 0.0014970 seconds
148.627: Application time: 0.0443640 seconds
148.629: [GC148.629: [ParNew: 55870K->6207K(55872K), 0.0020180 secs] 146242K->96902K(182144K), 0.0020610 secs] [Times: user=0.01 sys=0.00, real=0.00 secs] 
148.631: Total time for which application threads were stopped: 0.0034480 seconds, Stopping threads took: 0.0013220 seconds
148.674: Application time: 0.0437120 seconds
148.677: [GC148.677: [ParNew: 55871K->6035K(55872K), 0.0019040 secs] 146566K->96730K(182144K), 0.0019420 secs] [Times: user=0.02 sys=0.00, real=0.00 secs] 
148.678: Total time for which application threads were stopped: 0.0040100 seconds, Stopping threads took: 0.0020100 seconds
148.723: Application time: 0.0444910 seconds
148.725: [GC148.725: [ParNew: 55699K->6206K(55872K), 0.0023110 secs] 146394K->97704K(182144K), 0.0023540 secs] [Times: user=0.02 sys=0.00, real=0.00 secs] 
148.728: Total time for which application threads were stopped: 0.0045720 seconds, Stopping threads took: 0.0021580 seconds
148.772: Application time: 0.0439720 seconds
148.774: [GC148.774: [ParNew: 55870K->6108K(55872K), 0.0020630 secs] 147368K->97605K(182144K), 0.0021100 secs] [Times: user=0.02 sys=0.00, real=0.00 secs] 
148.776: Total time for which application threads were stopped: 0.0043300 seconds, Stopping threads took: 0.0021380 seconds
148.820: Application time: 0.0438640 seconds
148.822: [GC148.822: [ParNew: 55772K->6207K(55872K), 0.0022560 secs] 147269K->98271K(182144K), 0.0022960 secs] [Times: user=0.01 sys=0.00, real=0.00 secs] 
148.824: Total time for which application threads were stopped: 0.0041830 seconds, Stopping threads took: 0.0017850 seconds
148.869: Application time: 0.0453070 seconds
148.871: [GC148.871: [ParNew: 55871K->5059K(55872K), 0.0016010 secs] 147935K->97122K(182144K), 0.0016390 secs] [Times: user=0.01 sys=0.00, real=0.00 secs] 
148.873: Total time for which application threads were stopped: 0.0035030 seconds, Stopping threads took: 0.0017780 seconds
148.918: Application time: 0.0450440 seconds
148.920: [GC148.920: [ParNew: 54723K->5315K(55872K), 0.0016810 secs] 146786K->97492K(182144K), 0.0017190 secs] [Times: user=0.01 sys=0.00, real=0.00 secs] 
148.921: Total time for which application threads were stopped: 0.0035380 seconds, Stopping threads took: 0.0017490 seconds
148.966: Application time: 0.0451310 seconds
148.968: [GC148.968: [ParNew: 54979K->6019K(55872K), 0.0021990 secs] 147156K->98254K(182144K), 0.0022400 secs] [Times: user=0.01 sys=0.00, real=0.00 secs] 
148.970: Total time for which application threads were stopped: 0.0040400 seconds, Stopping threads took: 0.0017170 seconds
149.015: Application time: 0.0449180 seconds
149.018: [GC149.018: [ParNew: 55683K->6207K(55872K), 0.0022820 secs] 147918K->99676K(182144K), 0.0023270 secs] [Times: user=0.01 sys=0.00, real=0.00 secs] 
149.021: Total time for which application threads were stopped: 0.0052530 seconds, Stopping threads took: 0.0028600 seconds
149.067: Application time: 0.0459100 seconds
149.068: [GC149.068: [ParNew: 55871K->5277K(55872K), 0.0017160 secs] 149340K->98745K(182144K), 0.0017570 secs] [Times: user=0.01 sys=0.00, real=0.00 secs] 
149.069: Total time for which application threads were stopped: 0.0027060 seconds, Stopping threads took: 0.0008650 seconds
149.115: Application time: 0.0458980 seconds
149.117: [GC149.117: [ParNew: 54941K->5269K(55872K), 0.0015830 secs] 148409K->98738K(182144K), 0.0016200 secs] [Times: user=0.01 sys=0.00, real=0.00 secs] 
149.119: Total time for which application threads were stopped: 0.0036140 seconds, Stopping threads took: 0.0019340 seconds
149.165: Application time: 0.0465860 seconds
149.168: [GC149.168: [ParNew: 54933K->6207K(55872K), 0.0019210 secs] 148402K->99829K(182144K), 0.0019630 secs] [Times: user=0.02 sys=0.00, real=0.00 secs] 
149.170: Total time for which application threads were stopped: 0.0042070 seconds, Stopping threads took: 0.0021790 seconds
149.214: Application time: 0.0444030 seconds
149.215: [GC149.215: [ParNew: 55871K->5707K(55872K), 0.0017820 secs] 149493K->99329K(182144K), 0.0018190 secs] [Times: user=0.02 sys=0.00, real=0.00 secs] 
149.217: Total time for which application threads were stopped: 0.0032280 seconds, Stopping threads took: 0.0013460 seconds
149.264: Application time: 0.0471260 seconds
149.266: [GC149.266: [ParNew: 55371K->6085K(55872K), 0.0018840 secs] 148993K->99707K(182144K), 0.0019270 secs] [Times: user=0.02 sys=0.00, real=0.00 secs] 
149.268: Total time for which application threads were stopped: 0.0038680 seconds, Stopping threads took: 0.0018560 seconds
149.314: Application time: 0.0461280 seconds
149.317: [GC149.317: [ParNew: 55749K->5174K(55872K), 0.0017660 secs] 149371K->98796K(182144K), 0.0018060 secs] [Times: user=0.01 sys=0.00, real=0.00 secs] 
149.319: Total time for which application threads were stopped: 0.0045700 seconds, Stopping threads took: 0.0027020 seconds
149.362: Application time: 0.0433420 seconds
149.365: [GC149.365: [ParNew: 54838K->6206K(55872K), 0.0022600 secs] 148460K->100780K(182144K), 0.0023090 secs] [Times: user=0.01 sys=0.00, real=0.00 secs] 
149.367: Total time for which application threads were stopped: 0.0047650 seconds, Stopping threads took: 0.0023590 seconds
149.413: Application time: 0.0460510 seconds
149.414: [GC149.414: [ParNew: 55870K->6206K(55872K), 0.0021390 secs] 150444K->101495K(182144K), 0.0021840 secs] [Times: user=0.01 sys=0.00, real=0.00 secs] 
149.416: Total time for which application threads were stopped: 0.0033260 seconds, Stopping threads took: 0.0010740 seconds
149.460: Application time: 0.0435100 seconds
149.461: [GC149.461: [ParNew: 55870K->6207K(55872K), 0.0021610 secs] 151159K->101904K(182144K), 0.0022120 secs] [Times: user=0.02 sys=0.00, real=0.01 secs] 
149.463: Total time for which application threads were stopped: 0.0035310 seconds, Stopping threads took: 0.0012550 seconds
149.506: Application time: 0.0429870 seconds
149.508: [GC149.508: [ParNew: 55871K->6206K(55872K), 0.0024440 secs] 151568K->103268K(182144K), 0.0024900 secs] [Times: user=0.02 sys=0.00, real=0.00 secs] 
149.511: Total time for which application threads were stopped: 0.0043020 seconds, Stopping threads took: 0.0017230 seconds
 CMS: abort preclean due to time 149.513: [CMS-concurrent-abortable-preclean: 0.267/5.012 secs] [Times: user=38.50 sys=0.13, real=5.01 secs] 
149.513: Application time: 0.0021560 seconds
149.517: [GC[YG occupancy: 10030 K (55872 K)]149.517: [Rescan (parallel) , 0.0003320 secs]149.518: [weak refs processing, 0.0000080 secs]149.518: [scrub string table, 0.0001100 secs] [1 CMS-remark: 97061K(126272K)] 107091K(182144K), 0.0004860 secs] [Times: user=0.00 sys=0.00, real=0.00 secs] 
149.518: Total time for which application threads were stopped: 0.0050290 seconds, Stopping threads took: 0.0045080 seconds
149.518: [CMS-concurrent-sweep-start]
149.524: [CMS-concurrent-sweep: 0.006/0.006 secs] [Times: user=0.03 sys=0.00, real=0.01 secs] 
149.524: [CMS-concurrent-reset-start]
149.524: [CMS-concurrent-reset: 0.000/0.000 secs] [Times: user=0.00 sys=0.00, real=0.00 secs] 
149.558: Application time: 0.0399650 seconds
149.560: [GC149.560: [ParNew: 55870K->6207K(55872K), 0.0022610 secs] 103903K->55373K(182144K), 0.0023050 secs] [Times: user=0.01 sys=0.00, real=0.01 secs] 
149.563: Total time for which application threads were stopped: 0.0046530 seconds, Stopping threads took: 0.0022830 seconds
149.563: Application time: 0.0000400 seconds
149.567: [GC [1 CMS-initial-mark: 49165K(126272K)] 55497K(182144K), 0.0001970 secs] [Times: user=0.00 sys=0.00, real=0.00 secs] 
149.567: Total time for which application threads were stopped: 0.0041330 seconds, Stopping threads took: 0.0039150 seconds
149.567: [CMS-concurrent-mark-start]
149.570: [CMS-concurrent-mark: 0.003/0.003 secs] [Times: user=0.01 sys=0.00, real=0.00 secs] 
149.570: [CMS-concurrent-preclean-start]
149.570: [CMS-concurrent-preclean: 0.000/0.000 secs] [Times: user=0.00 sys=0.00, real=0.00 secs] 
149.570: [CMS-concurrent-abortable-preclean-start]
149.611: Application time: 0.0437740 seconds
149.613: [GC149.613: [ParNew: 55871K->5261K(55872K), 0.0016760 secs] 105037K->54426K(182144K), 0.0017170 secs] [Times: user=0.01 sys=0.00, real=0.01 secs] 
149.614: Total time for which application threads were stopped: 0.0038350 seconds, Stopping threads took: 0.0020340 seconds
149.661: Application time: 0.0462550 seconds
149.664: [GC149.664: [ParNew: 54925K->5830K(55872K), 0.0017730 secs] 104090K->54995K(182144K), 0.0018160 secs] [Times: user=0.01 sys=0.00, real=0.00 secs] 
149.666: Total time for which application threads were stopped: 0.0052020 seconds, Stopping threads took: 0.0033020 seconds
149.714: Application time: 0.0477890 seconds
149.715: [GC149.715: [ParNew: 55494K->3428K(55872K), 0.0011870 secs] 104659K->52593K(182144K), 0.0012280 secs] [Times: user=0.00 sys=0.00, real=0.00 secs] 
149.717: Total time for which application threads were stopped: 0.0030400 seconds, Stopping threads took: 0.0017520 seconds
149.762: Application time: 0.0457080 seconds
149.764: [GC149.764: [ParNew: 53092K->6207K(55872K), 0.0019750 secs] 102257K->55693K(182144K), 0.0020190 secs] [Times: user=0.02 sys=0.00, real=0.00 secs] 
149.766: Total time for which application threads were stopped: 0.0039330 seconds, Stopping threads took: 0.0018270 seconds
149.813: Application time: 0.0467560 seconds
149.816: [GC149.816: [ParNew: 55871K->5636K(55872K), 0.0017490 secs] 105357K->55122K(182144K), 0.0017910 secs] [Times: user=0.02 sys=0.00, real=0.00 secs] 
149.818: Total time for which application threads were stopped: 0.0046200 seconds, Stopping threads took: 0.0027640 seconds
149.868: Application time: 0.0501490 seconds
149.869: [GC149.870: [ParNew: 55300K->2969K(55872K), 0.0011170 secs] 104786K->52484K(182144K), 0.0011580 secs] [Times: user=0.01 sys=0.00, real=0.00 secs] 
149.871: Total time for which application threads were stopped: 0.0028180 seconds, Stopping threads took: 0.0015960 seconds
149.916: Application time: 0.0457720 seconds
149.918: [GC149.918: [ParNew: 52633K->6207K(55872K), 0.0023740 secs] 102148K->56279K(182144K), 0.0024180 secs] [Times: user=0.02 sys=0.00, real=0.00 secs] 
149.921: Total time for which application threads were stopped: 0.0043530 seconds, Stopping threads took: 0.0018470 seconds
149.967: Application time: 0.0466270 seconds
149.970: [GC149.970: [ParNew: 55871K->5249K(55872K), 0.0017120 secs] 105943K->55434K(182144K), 0.0017520 secs] [Times: user=0.01 sys=0.00, real=0.00 secs] 
149.972: Total time for which application threads were stopped: 0.0046900 seconds, Stopping threads took: 0.0028760 seconds
150.020: Application time: 0.0477200 seconds
150.022: [GC150.022: [ParNew: 54913K->5120K(55872K), 0.0018490 secs] 105098K->55363K(182144K), 0.0018890 secs] [Times: user=0.01 sys=0.00, real=0.00 secs] 
150.024: Total time for which application threads were stopped: 0.0038510 seconds, Stopping threads took: 0.0018790 seconds
150.068: Application time: 0.0446080 seconds
150.070: [GC150.070: [ParNew: 54784K->6206K(55872K), 0.0021160 secs] 105027K->56871K(182144K), 0.0021600 secs] [Times: user=0.01 sys=0.00, real=0.00 secs] 
150.072: Total time for which application threads were stopped: 0.0041270 seconds, Stopping threads took: 0.0019020 seconds
150.118: Application time: 0.0456460 seconds
150.121: [GC150.121: [ParNew: 55870K->5711K(55872K), 0.0019610 secs] 106535K->56376K(182144K), 0.0020020 secs] [Times: user=0.01 sys=0.00, real=0.01 secs] 
150.123: Total time for which application threads were stopped: 0.0047090 seconds, Stopping threads took: 0.0026250 seconds
150.169: Application time: 0.0461290 seconds
150.172: [GC150.172: [ParNew: 55375K->6207K(55872K), 0.0024170 secs] 106040K->57798K(182144K), 0.0024660 secs] [Times: user=0.01 sys=0.00, real=0.01 secs] 
150.174: Total time for which application threads were stopped: 0.0053150 seconds, Stopping threads took: 0.0027840 seconds
150.220: Application time: 0.0453820 seconds
150.222: [GC150.222: [ParNew: 55871K->6207K(55872K), 0.0021940 secs] 107462K->58688K(182144K), 0.0022410 secs] [Times: user=0.02 sys=0.00, real=0.00 secs] 
150.224: Total time for which application threads were stopped: 0.0046070 seconds, Stopping threads took: 0.0023010 seconds
150.269: Application time: 0.0450840 seconds
150.271: [GC150.271: [ParNew: 55871K->6207K(55872K), 0.0019680 secs] 108352K->58825K(182144K), 0.0020120 secs] [Times: user=0.02 sys=0.00, real=0.00 secs] 
150.273: Total time for which application threads were stopped: 0.0040260 seconds, Stopping threads took: 0.0019500 seconds
150.319: Application time: 0.0454080 seconds
150.321: [GC150.321: [ParNew: 55871K->6207K(55872K), 0.0020980 secs] 108489K->58986K(182144K), 0.0021420 secs] [Times: user=0.02 sys=0.00, real=0.01 secs] 
150.323: Total time for which application threads were stopped: 0.0042770 seconds, Stopping threads took: 0.0020720 seconds
150.369: Application time: 0.0460510 seconds
150.371: [GC150.371: [ParNew: 55871K->5800K(55872K), 0.0018080 secs] 108650K->58608K(182144K), 0.0018530 secs] [Times: user=0.02 sys=0.00, real=0.00 secs] 
150.373: Total time for which application threads were stopped: 0.0036250 seconds, Stopping threads took: 0.0016800 seconds
150.419: Application time: 0.0464380 seconds
150.420: [GC150.420: [ParNew: 55464K->5759K(55872K), 0.0019050 secs] 108272K->58567K(182144K), 0.0019480 secs] [Times: user=0.01 sys=0.00, real=0.01 secs] 
150.422: Total time for which application threads were stopped: 0.0028370 seconds, Stopping threads took: 0.0008050 seconds
150.465: Application time: 0.0433270 seconds
150.467: [GC150.467: [ParNew: 55423K->6206K(55872K), 0.0019640 secs] 108231K->59183K(182144K), 0.0020060 secs] [Times: user=0.01 sys=0.00, real=0.00 secs] 
150.469: Total time for which application threads were stopped: 0.0036450 seconds, Stopping threads took: 0.0015760 seconds
150.515: Application time: 0.0456660 seconds
150.516: [GC150.516: [ParNew: 55870K->6090K(55872K), 0.0019670 secs] 108847K->59096K(182144K), 0.0020210 secs] [Times: user=0.01 sys=0.00, real=0.00 secs] 
150.518: Total time for which application threads were stopped: 0.0030220 seconds, Stopping threads took: 0.0009360 seconds
150.562: Application time: 0.0446780 seconds
150.565: [GC150.565: [ParNew: 55754K->6206K(55872K), 0.0022240 secs] 108760K->60080K(182144K), 0.0022710 secs] [Times: user=0.02 sys=0.00, real=0.00 secs] 
150.567: Total time for which application threads were stopped: 0.0048400 seconds, Stopping threads took: 0.0025050 seconds
150.613: Application time: 0.0460340 seconds
150.614: [GC150.614: [ParNew: 55870K->6007K(55872K), 0.0018040 secs] 109744K->59880K(182144K), 0.0018440 secs] [Times: user=0.02 sys=0.00, real=0.00 secs] 
150.616: Total time for which application threads were stopped: 0.0023330 seconds, Stopping threads took: 0.0004260 seconds
150.662: Application time: 0.0469190 seconds
150.664: [GC150.664: [ParNew: 55671K->5122K(55872K), 0.0016520 secs] 109544K->58995K(182144K), 0.0016880 secs] [Times: user=0.01 sys=0.00, real=0.00 secs] 
150.666: Total time for which application threads were stopped: 0.0034510 seconds, Stopping threads took: 0.0017050 seconds
150.711: Application time: 0.0446460 seconds
150.713: [GC150.713: [ParNew: 54786K->6207K(55872K), 0.0019610 secs] 108659K->60099K(182144K), 0.0020020 secs] [Times: user=0.02 sys=0.00, real=0.01 secs] 
150.715: Total time for which application threads were stopped: 0.0045520 seconds, Stopping threads took: 0.0024870 seconds
150.763: Application time: 0.0480420 seconds
150.764: [GC150.764: [ParNew: 55871K->3332K(55872K), 0.0012870 secs] 109763K->57224K(182144K), 0.0013200 secs] [Times: user=0.01 sys=0.00, real=0.00 secs] 
150.765: Total time for which application threads were stopped: 0.0017230 seconds, Stopping threads took: 0.0003350 seconds
150.810: Application time: 0.0450980 seconds
150.811: [GC150.811: [ParNew: 52996K->6206K(55872K), 0.0020510 secs] 106888K->60246K(182144K), 0.0020900 secs] [Times: user=0.02 sys=0.00, real=0.00 secs] 
150.813: Total time for which application threads were stopped: 0.0030590 seconds, Stopping threads took: 0.0008850 seconds
150.859: Application time: 0.0458470 seconds
150.860: [GC150.860: [ParNew: 55870K->4401K(55872K), 0.0015370 secs] 109910K->58440K(182144K), 0.0015730 secs] [Times: user=0.01 sys=0.00, real=0.01 secs] 
150.862: Total time for which application threads were stopped: 0.0026000 seconds, Stopping threads took: 0.0009660 seconds
150.910: Application time: 0.0487630 seconds
150.911: [GC150.911: [ParNew: 54065K->4453K(55872K), 0.0016890 secs] 108104K->58521K(182144K), 0.0017220 secs] [Times: user=0.01 sys=0.00, real=0.00 secs] 
150.913: Total time for which application threads were stopped: 0.0027380 seconds, Stopping threads took: 0.0009500 seconds
150.959: Application time: 0.0455450 seconds
150.960: [GC150.960: [ParNew: 54117K->5827K(55872K), 0.0018390 secs] 108185K->59952K(182144K), 0.0018840 secs] [Times: user=0.01 sys=0.00, real=0.01 secs] 
150.962: Total time for which application threads were stopped: 0.0029670 seconds, Stopping threads took: 0.0009980 seconds
151.007: Application time: 0.0450950 seconds
151.009: [GC151.009: [ParNew: 55491K->6207K(55872K), 0.0020950 secs] 109616K->60693K(182144K), 0.0021370 secs] [Times: user=0.02 sys=0.00, real=0.00 secs] 
151.011: Total time for which application threads were stopped: 0.0042040 seconds, Stopping threads took: 0.0020020 seconds
151.056: Application time: 0.0453030 seconds
151.059: [GC151.059: [ParNew: 55871K->6206K(55872K), 0.0021190 secs] 110357K->61383K(182144K), 0.0021620 secs] [Times: user=0.02 sys=0.00, real=0.00 secs] 
151.061: Total time for which application threads were stopped: 0.0051490 seconds, Stopping threads took: 0.0029250 seconds
151.105: Application time: 0.0439370 seconds
151.108: [GC151.108: [ParNew: 55870K->6207K(55872K), 0.0021700 secs] 111047K->62174K(182144K), 0.0022300 secs] [Times: user=0.02 sys=0.00, real=0.00 secs] 
151.110: Total time for which application threads were stopped: 0.0048070 seconds, Stopping threads took: 0.0025110 seconds
151.157: Application time: 0.0465620 seconds
151.160: [GC151.160: [ParNew: 55871K->6207K(55872K), 0.0020380 secs] 111838K->62749K(182144K), 0.0020860 secs] [Times: user=0.01 sys=0.00, real=0.01 secs] 
151.162: Total time for which application threads were stopped: 0.0050090 seconds, Stopping threads took: 0.0028570 seconds
151.207: Application time: 0.0451130 seconds
151.209: [GC151.209: [ParNew: 55871K->4793K(55872K), 0.0014090 secs] 112413K->61334K(182144K), 0.0014500 secs] [Times: user=0.01 sys=0.00, real=0.00 secs] 
151.210: Total time for which application threads were stopped: 0.0036810 seconds, Stopping threads took: 0.0021690 seconds
151.253: Application time: 0.0429310 seconds
151.256: [GC151.256: [ParNew: 54457K->6207K(55872K), 0.0021030 secs] 110998K->63341K(182144K), 0.0021470 secs] [Times: user=0.01 sys=0.00, real=0.00 secs] 
151.258: Total time for which application threads were stopped: 0.0049360 seconds, Stopping threads took: 0.0027250 seconds
151.304: Application time: 0.0461910 seconds
151.307: [GC151.307: [ParNew: 55871K->4779K(55872K), 0.0015000 secs] 113005K->61913K(182144K), 0.0015350 secs] [Times: user=0.01 sys=0.00, real=0.00 secs] 
151.308: Total time for which application threads were stopped: 0.0036180 seconds, Stopping threads took: 0.0020230 seconds
151.352: Application time: 0.0442870 seconds
151.354: [GC151.354: [ParNew: 54443K->5127K(55872K), 0.0015400 secs] 111577K->62261K(182144K), 0.0015850 secs] [Times: user=0.01 sys=0.00, real=0.00 secs] 
151.356: Total time for which application threads were stopped: 0.0032010 seconds, Stopping threads took: 0.0015510 seconds
151.402: Application time: 0.0460010 seconds
151.404: [GC151.404: [ParNew: 54791K->6207K(55872K), 0.0023280 secs] 111925K->64504K(182144K), 0.0023780 secs] [Times: user=0.01 sys=0.00, real=0.00 secs] 
151.406: Total time for which application threads were stopped: 0.0045770 seconds, Stopping threads took: 0.0021090 seconds
151.450: Application time: 0.0435850 seconds
151.452: [GC151.452: [ParNew: 55871K->6207K(55872K), 0.0024920 secs] 114168K->66286K(182144K), 0.0025390 secs] [Times: user=0.02 sys=0.00, real=0.01 secs] 
151.454: Total time for which application threads were stopped: 0.0045730 seconds, Stopping threads took: 0.0019580 seconds
151.500: Application time: 0.0457030 seconds
151.502: [GC151.502: [ParNew: 55871K->4972K(55872K), 0.0016180 secs] 115950K->65156K(182144K), 0.0016590 secs] [Times: user=0.01 sys=0.00, real=0.00 secs] 
151.504: Total time for which application threads were stopped: 0.0039980 seconds, Stopping threads took: 0.0022760 seconds
151.549: Application time: 0.0451500 seconds
151.551: [GC151.551: [ParNew: 54636K->6207K(55872K), 0.0020510 secs] 114820K->66944K(182144K), 0.0020910 secs] [Times: user=0.01 sys=0.00, real=0.00 secs] 
151.553: Total time for which application threads were stopped: 0.0038700 seconds, Stopping threads took: 0.0017160 seconds
151.598: Application time: 0.0454260 seconds
151.600: [GC151.600: [ParNew: 55871K->6207K(55872K), 0.0019270 secs] 116608K->67029K(182144K), 0.0019720 secs] [Times: user=0.01 sys=0.00, real=0.01 secs] 
151.602: Total time for which application threads were stopped: 0.0034590 seconds, Stopping threads took: 0.0014200 seconds
151.646: Application time: 0.0442660 seconds
151.648: [GC151.648: [ParNew: 55871K->5306K(55872K), 0.0016020 secs] 116693K->66127K(182144K), 0.0016370 secs] [Times: user=0.01 sys=0.00, real=0.00 secs] 
151.649: Total time for which application threads were stopped: 0.0030270 seconds, Stopping threads took: 0.0013270 seconds
151.694: Application time: 0.0444330 seconds
151.696: [GC151.696: [ParNew: 54970K->5295K(55872K), 0.0016980 secs] 115791K->66116K(182144K), 0.0017390 secs] [Times: user=0.01 sys=0.00, real=0.00 secs] 
151.697: Total time for which application threads were stopped: 0.0036020 seconds, Stopping threads took: 0.0017980 seconds
151.743: Application time: 0.0456670 seconds
151.744: [GC151.744: [ParNew: 54959K->6207K(55872K), 0.0024580 secs] 115780K->68684K(182144K), 0.0025140 secs] [Times: user=0.01 sys=0.00, real=0.00 secs] 
151.747: Total time for which application threads were stopped: 0.0037110 seconds, Stopping threads took: 0.0011290 seconds
151.793: Application time: 0.0467150 seconds
151.796: [GC151.796: [ParNew: 55871K->6206K(55872K), 0.0018580 secs] 118348K->68918K(182144K), 0.0019010 secs] [Times: user=0.01 sys=0.00, real=0.00 secs] 
151.798: Total time for which application threads were stopped: 0.0048130 seconds, Stopping threads took: 0.0028470 seconds
151.847: Application time: 0.0486890 seconds
151.848: [GC151.849: [ParNew: 55870K->4178K(55872K), 0.0014770 secs] 118582K->66889K(182144K), 0.0015120 secs] [Times: user=0.01 sys=0.00, real=0.00 secs] 
151.850: Total time for which application threads were stopped: 0.0031190 seconds, Stopping threads took: 0.0015460 seconds
151.898: Application time: 0.0476650 seconds
151.900: [GC151.900: [ParNew: 53842K->6206K(55872K), 0.0022400 secs] 116553K->69216K(182144K), 0.0022880 secs] [Times: user=0.02 sys=0.00, real=0.01 secs] 
151.902: Total time for which application threads were stopped: 0.0046440 seconds, Stopping threads took: 0.0022880 seconds
151.950: Application time: 0.0479540 seconds
151.952: [GC151.952: [ParNew: 55870K->5910K(55872K), 0.0018900 secs] 118880K->68949K(182144K), 0.0019340 secs] [Times: user=0.02 sys=0.00, real=0.01 secs] 
151.954: Total time for which application threads were stopped: 0.0041190 seconds, Stopping threads took: 0.0020880 seconds
152.002: Application time: 0.0476520 seconds
152.004: [GC152.004: [ParNew: 55574K->6207K(55872K), 0.0021000 secs] 118613K->69806K(182144K), 0.0021410 secs] [Times: user=0.02 sys=0.00, real=0.00 secs] 
152.006: Total time for which application threads were stopped: 0.0036390 seconds, Stopping threads took: 0.0014100 seconds
152.053: Application time: 0.0475030 seconds
152.055: [GC152.055: [ParNew: 55871K->6207K(55872K), 0.0021020 secs] 119470K->70387K(182144K), 0.0021470 secs] [Times: user=0.01 sys=0.00, real=0.00 secs] 
152.057: Total time for which application threads were stopped: 0.0039020 seconds, Stopping threads took: 0.0016850 seconds
152.106: Application time: 0.0484340 seconds
152.107: [GC152.107: [ParNew: 55871K->5240K(55872K), 0.0016400 secs] 120051K->69419K(182144K), 0.0016830 secs] [Times: user=0.01 sys=0.00, real=0.00 secs] 
152.108: Total time for which application threads were stopped: 0.0027320 seconds, Stopping threads took: 0.0009830 seconds
152.158: Application time: 0.0493890 seconds
152.161: [GC152.161: [ParNew: 54904K->4577K(55872K), 0.0014850 secs] 119083K->68814K(182144K), 0.0015250 secs] [Times: user=0.01 sys=0.00, real=0.01 secs] 
152.162: Total time for which application threads were stopped: 0.0046200 seconds, Stopping threads took: 0.0030330 seconds
152.210: Application time: 0.0476330 seconds
152.212: [GC152.212: [ParNew: 54241K->6206K(55872K), 0.0020870 secs] 118478K->70648K(182144K), 0.0021310 secs] [Times: user=0.02 sys=0.00, real=0.01 secs] 
152.214: Total time for which application threads were stopped: 0.0039530 seconds, Stopping threads took: 0.0017480 seconds
152.261: Application time: 0.0466850 seconds
152.263: [GC152.263: [ParNew: 55870K->5800K(55872K), 0.0017630 secs] 120312K->70241K(182144K), 0.0018070 secs] [Times: user=0.01 sys=0.00, real=0.00 secs] 
152.265: Total time for which application threads were stopped: 0.0044310 seconds, Stopping threads took: 0.0025570 seconds
152.312: Application time: 0.0470180 seconds
152.314: [GC152.314: [ParNew: 55464K->6206K(55872K), 0.0021820 secs] 119905K->71542K(182144K), 0.0022250 secs] [Times: user=0.02 sys=0.00, real=0.00 secs] 
152.316: Total time for which application threads were stopped: 0.0040370 seconds, Stopping threads took: 0.0017450 seconds
152.363: Application time: 0.0465470 seconds
152.365: [GC152.365: [ParNew: 55870K->6206K(55872K), 0.0025790 secs] 121206K->73221K(182144K), 0.0026280 secs] [Times: user=0.02 sys=0.00, real=0.00 secs] 
152.368: Total time for which application threads were stopped: 0.0049290 seconds, Stopping threads took: 0.0022040 seconds
152.417: Application time: 0.0492480 seconds
152.420: [GC152.420: [ParNew: 55870K->6206K(55872K), 0.0020810 secs] 122885K->73762K(182144K), 0.0021260 secs] [Times: user=0.01 sys=0.00, real=0.01 secs] 
152.422: Total time for which application threads were stopped: 0.0052190 seconds, Stopping threads took: 0.0030260 seconds
152.468: Application time: 0.0463320 seconds
152.470: [GC152.470: [ParNew: 55870K->6207K(55872K), 0.0020480 secs] 123426K->73837K(182144K), 0.0020900 secs] [Times: user=0.02 sys=0.00, real=0.00 secs] 
152.472: Total time for which application threads were stopped: 0.0036970 seconds, Stopping threads took: 0.0015320 seconds
152.520: Application time: 0.0480030 seconds
152.522: [GC152.522: [ParNew: 55871K->5514K(55872K), 0.0018240 secs] 123501K->73144K(182144K), 0.0018620 secs] [Times: user=0.02 sys=0.00, real=0.00 secs] 
152.524: Total time for which application threads were stopped: 0.0034680 seconds, Stopping threads took: 0.0015200 seconds
152.572: Application time: 0.0484600 seconds
152.574: [GC152.574: [ParNew: 55178K->5468K(55872K), 0.0019510 secs] 122808K->73212K(182144K), 0.0019900 secs] [Times: user=0.01 sys=0.00, real=0.00 secs] 
152.576: Total time for which application threads were stopped: 0.0040720 seconds, Stopping threads took: 0.0020080 seconds
152.626: Application time: 0.0495470 seconds
152.626: [GC152.626: [ParNew: 55132K->5436K(55872K), 0.0018470 secs] 122876K->73208K(182144K), 0.0018860 secs] [Times: user=0.02 sys=0.00, real=0.00 secs] 
152.628: Total time for which application threads were stopped: 0.0024080 seconds, Stopping threads took: 0.0004580 seconds
152.675: Application time: 0.0466590 seconds
152.678: [GC152.678: [ParNew: 55100K->6206K(55872K), 0.0021750 secs] 122872K->74312K(182144K), 0.0022160 secs] [Times: user=0.02 sys=0.00, real=0.00 secs] 
152.680: Total time for which application threads were stopped: 0.0051820 seconds, Stopping threads took: 0.0028980 seconds
152.725: Application time: 0.0451930 seconds
152.727: [GC152.727: [ParNew: 55870K->6207K(55872K), 0.0024440 secs] 123976K->75332K(182144K), 0.0024890 secs] [Times: user=0.02 sys=0.00, real=0.00 secs] 
152.730: Total time for which application threads were stopped: 0.0047990 seconds, Stopping threads took: 0.0022430 seconds
152.777: Application time: 0.0470230 seconds
152.779: [GC152.779: [ParNew: 55871K->6207K(55872K), 0.0022170 secs] 124996K->75911K(182144K), 0.0022600 secs] [Times: user=0.02 sys=0.00, real=0.00 secs] 
152.781: Total time for which application threads were stopped: 0.0040890 seconds, Stopping threads took: 0.0017640 seconds
152.829: Application time: 0.0483560 seconds
152.832: [GC152.832: [ParNew: 55871K->6032K(55872K), 0.0018590 secs] 125575K->75736K(182144K), 0.0019050 secs] [Times: user=0.02 sys=0.00, real=0.01 secs] 
152.834: Total time for which application threads were stopped: 0.0043350 seconds, Stopping threads took: 0.0023650 seconds
152.883: Application time: 0.0488520 seconds
152.884: [GC152.884: [ParNew: 55696K->5462K(55872K), 0.0018120 secs] 125400K->75166K(182144K), 0.0018570 secs] [Times: user=0.01 sys=0.00, real=0.00 secs] 
152.886: Total time for which application threads were stopped: 0.0033660 seconds, Stopping threads took: 0.0014330 seconds
152.932: Application time: 0.0461690 seconds
152.935: [GC152.935: [ParNew: 55126K->6207K(55872K), 0.0021490 secs] 124830K->76508K(182144K), 0.0021920 secs] [Times: user=0.02 sys=0.00, real=0.00 secs] 
152.937: Total time for which application threads were stopped: 0.0049790 seconds, Stopping threads took: 0.0027210 seconds
152.986: Application time: 0.0487950 seconds
152.987: [GC152.987: [ParNew: 55871K->5652K(55872K), 0.0017470 secs] 126172K->75952K(182144K), 0.0017870 secs] [Times: user=0.01 sys=0.00, real=0.00 secs] 
152.989: Total time for which application threads were stopped: 0.0031800 seconds, Stopping threads took: 0.0013290 seconds
153.037: Application time: 0.0482060 seconds
153.039: [GC153.039: [ParNew: 55308K->6207K(55872K), 0.0021580 secs] 125609K->77313K(182144K), 0.0022080 secs] [Times: user=0.01 sys=0.00, real=0.00 secs] 
153.041: Total time for which application threads were stopped: 0.0036280 seconds, Stopping threads took: 0.0013570 seconds
153.089: Application time: 0.0477500 seconds
153.091: [GC153.091: [ParNew: 55871K->6206K(55872K), 0.0021520 secs] 126977K->78026K(182144K), 0.0021960 secs] [Times: user=0.01 sys=0.00, real=0.00 secs] 
153.093: Total time for which application threads were stopped: 0.0045690 seconds, Stopping threads took: 0.0023090 seconds
153.140: Application time: 0.0466850 seconds
153.142: [GC153.142: [ParNew: 55870K->6206K(55872K), 0.0023900 secs] 127690K->79563K(182144K), 0.0024300 secs] [Times: user=0.02 sys=0.00, real=0.00 secs] 
153.145: Total time for which application threads were stopped: 0.0047950 seconds, Stopping threads took: 0.0023010 seconds
153.195: Application time: 0.0502860 seconds
153.198: [GC153.198: [ParNew: 55870K->6206K(55872K), 0.0020840 secs] 129227K->80062K(182144K), 0.0021280 secs] [Times: user=0.02 sys=0.00, real=0.00 secs] 
153.200: Total time for which application threads were stopped: 0.0053580 seconds, Stopping threads took: 0.0031630 seconds
153.248: Application time: 0.0477690 seconds
153.251: [GC153.251: [ParNew: 55870K->6124K(55872K), 0.0018800 secs] 129726K->79979K(182144K), 0.0019270 secs] [Times: user=0.02 sys=0.00, real=0.00 secs] 
153.253: Total time for which application threads were stopped: 0.0046210 seconds, Stopping threads took: 0.0026260 seconds
153.302: Application time: 0.0497420 seconds
153.305: [GC153.305: [ParNew: 55788K->4114K(55872K), 0.0015870 secs] 129643K->77969K(182144K), 0.0016230 secs] [Times: user=0.01 sys=0.00, real=0.00 secs] 
153.307: Total time for which application threads were stopped: 0.0042900 seconds, Stopping threads took: 0.0026050 seconds
153.352: Application time: 0.0454020 seconds
153.355: [GC153.355: [ParNew: 53778K->6206K(55872K), 0.0024470 secs] 127633K->81381K(182144K), 0.0024950 secs] [Times: user=0.02 sys=0.00, real=0.00 secs] 
153.357: Total time for which application threads were stopped: 0.0049880 seconds, Stopping threads took: 0.0024110 seconds
153.406: Application time: 0.0488290 seconds
153.408: [GC153.408: [ParNew: 55870K->6207K(55872K), 0.0021370 secs] 131045K->81817K(182144K), 0.0021860 secs] [Times: user=0.01 sys=0.00, real=0.00 secs] 
153.410: Total time for which application threads were stopped: 0.0041390 seconds, Stopping threads took: 0.0018850 seconds
153.457: Application time: 0.0470980 seconds
153.459: [GC153.459: [ParNew: 55871K->6161K(55872K), 0.0020460 secs] 131481K->81771K(182144K), 0.0020880 secs] [Times: user=0.02 sys=0.00, real=0.00 secs] 
153.461: Total time for which application threads were stopped: 0.0040190 seconds, Stopping threads took: 0.0018650 seconds
153.508: Application time: 0.0463580 seconds
153.511: [GC153.511: [ParNew: 55825K->6206K(55872K), 0.0025050 secs] 131435K->83224K(182144K), 0.0025540 secs] [Times: user=0.01 sys=0.00, real=0.00 secs] 
153.513: Total time for which application threads were stopped: 0.0056300 seconds, Stopping threads took: 0.0029890 seconds
153.561: Application time: 0.0477070 seconds
153.564: [GC153.564: [ParNew: 55870K->6206K(55872K), 0.0019640 secs] 132888K->83501K(182144K), 0.0020060 secs] [Times: user=0.01 sys=0.00, real=0.00 secs] 
153.566: Total time for which application threads were stopped: 0.0047240 seconds, Stopping threads took: 0.0026530 seconds
153.613: Application time: 0.0472310 seconds
153.615: [GC153.615: [ParNew: 55870K->6206K(55872K), 0.0020850 secs] 133165K->83853K(182144K), 0.0021290 secs] [Times: user=0.02 sys=0.00, real=0.00 secs] 
153.617: Total time for which application threads were stopped: 0.0043460 seconds, Stopping threads took: 0.0021530 seconds
153.665: Application time: 0.0473440 seconds
153.668: [GC153.668: [ParNew: 55870K->6207K(55872K), 0.0021160 secs] 133517K->84225K(182144K), 0.0021660 secs] [Times: user=0.02 sys=0.00, real=0.00 secs] 
153.670: Total time for which application threads were stopped: 0.0052930 seconds, Stopping threads took: 0.0030590 seconds
153.717: Application time: 0.0474500 seconds
153.720: [GC153.720: [ParNew: 55871K->6207K(55872K), 0.0024730 secs] 133889K->85463K(182144K), 0.0025330 secs] [Times: user=0.01 sys=0.00, real=0.01 secs] 
153.722: Total time for which application threads were stopped: 0.0049800 seconds, Stopping threads took: 0.0023800 seconds
153.770: Application time: 0.0480760 seconds
153.773: [GC153.773: [ParNew: 55871K->6207K(55872K), 0.0022690 secs] 135127K->86444K(182144K), 0.0023140 secs] [Times: user=0.01 sys=0.00, real=0.01 secs] 
153.775: Total time for which application threads were stopped: 0.0044510 seconds, Stopping threads took: 0.0020470 seconds
153.822: Application time: 0.0469900 seconds
153.824: [GC153.824: [ParNew: 55871K->6207K(55872K), 0.0023030 secs] 136108K->87446K(182144K), 0.0023490 secs] [Times: user=0.01 sys=0.00, real=0.00 secs] 
153.826: Total time for which application threads were stopped: 0.0043490 seconds, Stopping threads took: 0.0019110 seconds
153.874: Application time: 0.0482660 seconds
153.877: [GC153.877: [ParNew: 55871K->6207K(55872K), 0.0021810 secs] 137110K->87873K(182144K), 0.0022230 secs] [Times: user=0.01 sys=0.00, real=0.00 secs] 
153.879: Total time for which application threads were stopped: 0.0048130 seconds, Stopping threads took: 0.0025250 seconds
153.926: Application time: 0.0470370 seconds
153.928: [GC153.929: [ParNew: 55871K->6207K(55872K), 0.0022430 secs] 137537K->88895K(182144K), 0.0022880 secs] [Times: user=0.02 sys=0.00, real=0.00 secs] 
153.931: Total time for which application threads were stopped: 0.0044690 seconds, Stopping threads took: 0.0020900 seconds
153.979: Application time: 0.0479580 seconds
153.981: [GC153.981: [ParNew: 55871K->6207K(55872K), 0.0021050 secs] 138559K->88912K(182144K), 0.0021500 secs] [Times: user=0.01 sys=0.00, real=0.01 secs] 
153.983: Total time for which application threads were stopped: 0.0042780 seconds, Stopping threads took: 0.0020390 seconds
154.033: Application time: 0.0502230 seconds
154.035: [GC154.035: [ParNew: 55871K->5155K(55872K), 0.0018680 secs] 138576K->87860K(182144K), 0.0019130 secs] [Times: user=0.01 sys=0.00, real=0.00 secs] 
154.037: Total time for which application threads were stopped: 0.0038150 seconds, Stopping threads took: 0.0018040 seconds
154.084: Application time: 0.0467490 seconds
154.087: [GC154.087: [ParNew: 54819K->6207K(55872K), 0.0022030 secs] 137524K->89347K(182144K), 0.0022480 secs] [Times: user=0.01 sys=0.00, real=0.00 secs] 
154.089: Total time for which application threads were stopped: 0.0049390 seconds, Stopping threads took: 0.0026130 seconds
154.139: Application time: 0.0501880 seconds
154.139: [GC154.139: [ParNew: 55871K->4943K(55872K), 0.0016620 secs] 139011K->88112K(182144K), 0.0017080 secs] [Times: user=0.01 sys=0.00, real=0.00 secs] 
154.141: Total time for which application threads were stopped: 0.0022300 seconds, Stopping threads took: 0.0004600 seconds
154.189: Application time: 0.0480610 seconds
154.192: [GC154.192: [ParNew: 54607K->6207K(55872K), 0.0023220 secs] 137776K->90108K(182144K), 0.0023690 secs] [Times: user=0.01 sys=0.00, real=0.01 secs] 
154.194: Total time for which application threads were stopped: 0.0051810 seconds, Stopping threads took: 0.0027470 seconds
154.242: Application time: 0.0478490 seconds
154.244: [GC154.244: [ParNew: 55871K->6206K(55872K), 0.0020920 secs] 139772K->90526K(182144K), 0.0021380 secs] [Times: user=0.01 sys=0.00, real=0.00 secs] 
154.246: Total time for which application threads were stopped: 0.0041280 seconds, Stopping threads took: 0.0019220 seconds
154.292: Application time: 0.0455040 seconds
154.295: [GC154.295: [ParNew: 55870K->6207K(55872K), 0.0022290 secs] 140190K->91747K(182144K), 0.0022760 secs] [Times: user=0.02 sys=0.00, real=0.00 secs] 
154.298: Total time for which application threads were stopped: 0.0056350 seconds, Stopping threads took: 0.0032910 seconds
154.346: Application time: 0.0487240 seconds
154.348: [GC154.348: [ParNew: 55871K->6206K(55872K), 0.0022930 secs] 141411K->92936K(182144K), 0.0023420 secs] [Times: user=0.02 sys=0.00, real=0.00 secs] 
154.350: Total time for which application threads were stopped: 0.0040530 seconds, Stopping threads took: 0.0016340 seconds
154.399: Application time: 0.0487620 seconds
154.402: [GC154.402: [ParNew: 55870K->6206K(55872K), 0.0023870 secs] 142600K->94133K(182144K), 0.0024330 secs] [Times: user=0.01 sys=0.00, real=0.00 secs] 
154.404: Total time for which application threads were stopped: 0.0052720 seconds, Stopping threads took: 0.0027500 seconds
154.451: Application time: 0.0469200 seconds
154.454: [GC154.454: [ParNew: 55870K->6206K(55872K), 0.0020090 secs] 143797K->94451K(182144K), 0.0020530 secs] [Times: user=0.01 sys=0.00, real=0.00 secs] 
154.456: Total time for which application threads were stopped: 0.0045680 seconds, Stopping threads took: 0.0024260 seconds
154.504: Application time: 0.0478790 seconds
154.506: [GC154.506: [ParNew: 55870K->6207K(55872K), 0.0019890 secs] 144115K->94738K(182144K), 0.0020310 secs] [Times: user=0.01 sys=0.00, real=0.00 secs] 
154.508: Total time for which application threads were stopped: 0.0044300 seconds, Stopping threads took: 0.0023330 seconds
154.557: Application time: 0.0486400 seconds
154.560: [GC154.560: [ParNew: 55871K->6207K(55872K), 0.0020330 secs] 144402K->95077K(182144K), 0.0020830 secs] [Times: user=0.01 sys=0.00, real=0.01 secs] 
154.562: Total time for which application threads were stopped: 0.0053790 seconds, Stopping threads took: 0.0032190 seconds
154.610: Application time: 0.0478040 seconds
154.612: [GC154.612: [ParNew: 55871K->6206K(55872K), 0.0025180 secs] 144741K->96511K(182144K), 0.0025640 secs] [Times: user=0.02 sys=0.00, real=0.01 secs] 
154.615: Total time for which application threads were stopped: 0.0045310 seconds, Stopping threads took: 0.0018750 seconds
 CMS: abort preclean due to time 154.617: [CMS-concurrent-abortable-preclean: 0.255/5.046 secs] [Times: user=38.79 sys=0.11, real=5.05 secs] 
154.617: Application time: 0.0028640 seconds
154.620: [GC[YG occupancy: 11967 K (55872 K)]154.620: [Rescan (parallel) , 0.0004020 secs]154.620: [weak refs processing, 0.0000080 secs]154.620: [scrub string table, 0.0001190 secs] [1 CMS-remark: 90304K(126272K)] 102271K(182144K), 0.0005870 secs] [Times: user=0.00 sys=0.00, real=0.00 secs] 
154.621: Total time for which application threads were stopped: 0.0031400 seconds, Stopping threads took: 0.0025200 seconds
154.621: [CMS-concurrent-sweep-start]
154.627: [CMS-concurrent-sweep: 0.006/0.006 secs] [Times: user=0.04 sys=0.00, real=0.01 secs] 
154.627: [CMS-concurrent-reset-start]
154.627: [CMS-concurrent-reset: 0.000/0.000 secs] [Times: user=0.00 sys=0.00, real=0.00 secs] 
154.666: Application time: 0.0450620 seconds
154.666: [GC154.666: [ParNew: 55870K->6207K(55872K), 0.0020770 secs] 99620K->50227K(182144K), 0.0021180 secs] [Times: user=0.02 sys=0.00, real=0.00 secs] 
154.668: Total time for which application threads were stopped: 0.0026670 seconds, Stopping threads took: 0.0004610 seconds
154.716: Application time: 0.0475810 seconds
154.718: [GC154.718: [ParNew: 55871K->6206K(55872K), 0.0023520 secs] 99891K->51363K(182144K), 0.0023950 secs] [Times: user=0.01 sys=0.00, real=0.00 secs] 
154.720: Total time for which application threads were stopped: 0.0043390 seconds, Stopping threads took: 0.0018560 seconds
154.725: Application time: 0.0052430 seconds
154.729: [GC [1 CMS-initial-mark: 45156K(126272K)] 56668K(182144K), 0.0003390 secs] [Times: user=0.00 sys=0.00, real=0.00 secs] 
154.729: Total time for which application threads were stopped: 0.0035540 seconds, Stopping threads took: 0.0031860 seconds
154.729: [CMS-concurrent-mark-start]
154.733: [CMS-concurrent-mark: 0.004/0.004 secs] [Times: user=0.01 sys=0.00, real=0.00 secs] 
154.733: [CMS-concurrent-preclean-start]
154.734: [CMS-concurrent-preclean: 0.000/0.000 secs] [Times: user=0.02 sys=0.00, real=0.01 secs] 
154.734: [CMS-concurrent-abortable-preclean-start]
154.772: Application time: 0.0434630 seconds
154.775: [GC154.775: [ParNew: 55870K->6206K(55872K), 0.0022080 secs] 101027K->52389K(182144K), 0.0022490 secs] [Times: user=0.02 sys=0.00, real=0.00 secs] 
154.778: Total time for which application threads were stopped: 0.0050460 seconds, Stopping threads took: 0.0027170 seconds
154.829: Application time: 0.0512820 seconds
154.831: [GC154.831: [ParNew: 55870K->4671K(55872K), 0.0015300 secs] 102053K->50883K(182144K), 0.0015700 secs] [Times: user=0.01 sys=0.00, real=0.00 secs] 
154.833: Total time for which application threads were stopped: 0.0037960 seconds, Stopping threads took: 0.0021640 seconds
154.881: Application time: 0.0483220 seconds
154.883: [GC154.883: [ParNew: 54335K->6206K(55872K), 0.0023180 secs] 100547K->53505K(182144K), 0.0023640 secs] [Times: user=0.01 sys=0.00, real=0.00 secs] 
154.886: Total time for which application threads were stopped: 0.0047810 seconds, Stopping threads took: 0.0023480 seconds
154.934: Application time: 0.0480160 seconds
154.935: [GC154.935: [ParNew: 55870K->6207K(55872K), 0.0020450 secs] 103169K->53864K(182144K), 0.0020900 secs] [Times: user=0.02 sys=0.00, real=0.00 secs] 
154.937: Total time for which application threads were stopped: 0.0034220 seconds, Stopping threads took: 0.0012630 seconds
154.986: Application time: 0.0484440 seconds
154.987: [GC154.987: [ParNew: 55871K->5541K(55872K), 0.0017660 secs] 103528K->53198K(182144K), 0.0018070 secs] [Times: user=0.01 sys=0.00, real=0.00 secs] 
154.989: Total time for which application threads were stopped: 0.0030960 seconds, Stopping threads took: 0.0012260 seconds
155.037: Application time: 0.0483270 seconds
155.040: [GC155.040: [ParNew: 55205K->6206K(55872K), 0.0025970 secs] 102862K->55490K(182144K), 0.0026450 secs] [Times: user=0.02 sys=0.00, real=0.01 secs] 
155.042: Total time for which application threads were stopped: 0.0054490 seconds, Stopping threads took: 0.0027150 seconds
155.090: Application time: 0.0477550 seconds
155.092: [GC155.092: [ParNew: 55870K->5043K(55872K), 0.0017860 secs] 105154K->54326K(182144K), 0.0018260 secs] [Times: user=0.01 sys=0.00, real=0.01 secs] 
155.094: Total time for which application threads were stopped: 0.0038490 seconds, Stopping threads took: 0.0019360 seconds
155.141: Application time: 0.0467960 seconds
155.143: [GC155.143: [ParNew: 54707K->6106K(55872K), 0.0019700 secs] 103990K->55389K(182144K), 0.0020120 secs] [Times: user=0.01 sys=0.00, real=0.00 secs] 
155.145: Total time for which application threads were stopped: 0.0036850 seconds, Stopping threads took: 0.0016110 seconds
155.191: Application time: 0.0468700 seconds
155.195: [GC155.195: [ParNew: 55770K->6207K(55872K), 0.0024960 secs] 105053K->57040K(182144K), 0.0025410 secs] [Times: user=0.02 sys=0.00, real=0.00 secs] 
155.197: Total time for which application threads were stopped: 0.0058380 seconds, Stopping threads took: 0.0032170 seconds
155.246: Application time: 0.0487150 seconds
155.248: [GC155.248: [ParNew: 55871K->6206K(55872K), 0.0023390 secs] 106704K->58213K(182144K), 0.0023870 secs] [Times: user=0.02 sys=0.01, real=0.00 secs] 
155.250: Total time for which application threads were stopped: 0.0042010 seconds, Stopping threads took: 0.0017470 seconds
155.299: Application time: 0.0483520 seconds
155.302: [GC155.302: [ParNew: 55870K->6207K(55872K), 0.0021750 secs] 107877K->59197K(182144K), 0.0022220 secs] [Times: user=0.01 sys=0.00, real=0.00 secs] 
155.304: Total time for which application threads were stopped: 0.0054040 seconds, Stopping threads took: 0.0031140 seconds
155.350: Application time: 0.0461690 seconds
155.353: [GC155.353: [ParNew: 55871K->6206K(55872K), 0.0024390 secs] 108861K->60875K(182144K), 0.0024880 secs] [Times: user=0.02 sys=0.00, real=0.01 secs] 
155.356: Total time for which application threads were stopped: 0.0053580 seconds, Stopping threads took: 0.0028030 seconds
155.403: Application time: 0.0477200 seconds
155.406: [GC155.406: [ParNew: 55870K->6207K(55872K), 0.0019130 secs] 110539K->61048K(182144K), 0.0019580 secs] [Times: user=0.01 sys=0.00, real=0.00 secs] 
155.408: Total time for which application threads were stopped: 0.0052080 seconds, Stopping threads took: 0.0031850 seconds
155.458: Application time: 0.0492540 seconds
155.459: [GC155.459: [ParNew: 55871K->6207K(55872K), 0.0021270 secs] 110712K->61552K(182144K), 0.0021800 secs] [Times: user=0.02 sys=0.00, real=0.01 secs] 
155.461: Total time for which application threads were stopped: 0.0037740 seconds, Stopping threads took: 0.0015060 seconds
155.510: Application time: 0.0487690 seconds
155.513: [GC155.513: [ParNew: 55871K->6206K(55872K), 0.0021230 secs] 111216K->62144K(182144K), 0.0021640 secs] [Times: user=0.01 sys=0.00, real=0.00 secs] 
155.516: Total time for which application threads were stopped: 0.0053380 seconds, Stopping threads took: 0.0031030 seconds
155.564: Application time: 0.0484600 seconds
155.565: [GC155.565: [ParNew: 55870K->6206K(55872K), 0.0021720 secs] 111808K->62910K(182144K), 0.0022140 secs] [Times: user=0.01 sys=0.00, real=0.00 secs] 
155.568: Total time for which application threads were stopped: 0.0036520 seconds, Stopping threads took: 0.0013720 seconds
155.616: Application time: 0.0483960 seconds
155.618: [GC155.618: [ParNew: 55870K->6064K(55872K), 0.0017680 secs] 112574K->62767K(182144K), 0.0018060 secs] [Times: user=0.02 sys=0.00, real=0.00 secs] 
155.620: Total time for which application threads were stopped: 0.0041520 seconds, Stopping threads took: 0.0022780 seconds
155.671: Application time: 0.0507500 seconds
155.674: [GC155.674: [ParNew: 55728K->5159K(55872K), 0.0015040 secs] 112431K->61862K(182144K), 0.0015460 secs] [Times: user=0.01 sys=0.00, real=0.00 secs] 
155.676: Total time for which application threads were stopped: 0.0048710 seconds, Stopping threads took: 0.0032610 seconds
155.724: Application time: 0.0483520 seconds
155.726: [GC155.726: [ParNew: 54823K->5669K(55872K), 0.0018390 secs] 111526K->62372K(182144K), 0.0018800 secs] [Times: user=0.01 sys=0.00, real=0.00 secs] 
155.728: Total time for which application threads were stopped: 0.0036570 seconds, Stopping threads took: 0.0017130 seconds
155.777: Application time: 0.0490850 seconds
155.779: [GC155.779: [ParNew: 55333K->6044K(55872K), 0.0018920 secs] 112036K->62748K(182144K), 0.0019380 secs] [Times: user=0.02 sys=0.00, real=0.00 secs] 
155.781: Total time for which application threads were stopped: 0.0042270 seconds, Stopping threads took: 0.0022200 seconds
155.828: Application time: 0.0463770 seconds
155.830: [GC155.830: [ParNew: 55708K->5315K(55872K), 0.0017150 secs] 112412K->62103K(182144K), 0.0017550 secs] [Times: user=0.01 sys=0.00, real=0.00 secs] 
155.832: Total time for which application threads were stopped: 0.0046000 seconds, Stopping threads took: 0.0027830 seconds
155.879: Application time: 0.0471230 seconds
155.881: [GC155.881: [ParNew: 54979K->6206K(55872K), 0.0021890 secs] 111767K->63504K(182144K), 0.0022360 secs] [Times: user=0.02 sys=0.00, real=0.01 secs] 
155.884: Total time for which application threads were stopped: 0.0042280 seconds, Stopping threads took: 0.0019240 seconds
155.929: Application time: 0.0451130 seconds
155.930: [GC155.930: [ParNew: 55870K->6207K(55872K), 0.0022690 secs] 113168K->64832K(182144K), 0.0023110 secs] [Times: user=0.02 sys=0.00, real=0.00 secs] 
155.932: Total time for which application threads were stopped: 0.0038010 seconds, Stopping threads took: 0.0014260 seconds
155.981: Application time: 0.0488820 seconds
155.984: [GC155.984: [ParNew: 55871K->4274K(55872K), 0.0014930 secs] 114496K->62956K(182144K), 0.0015330 secs] [Times: user=0.01 sys=0.00, real=0.00 secs] 
155.985: Total time for which application threads were stopped: 0.0038210 seconds, Stopping threads took: 0.0022250 seconds
156.032: Application time: 0.0467080 seconds
156.033: [GC156.033: [ParNew: 53938K->3391K(55872K), 0.0013100 secs] 112620K->62073K(182144K), 0.0013460 secs] [Times: user=0.01 sys=0.00, real=0.00 secs] 
156.035: Total time for which application threads were stopped: 0.0028960 seconds, Stopping threads took: 0.0014790 seconds
156.081: Application time: 0.0464900 seconds
156.083: [GC156.083: [ParNew: 53055K->5576K(55872K), 0.0019210 secs] 111737K->64258K(182144K), 0.0019630 secs] [Times: user=0.01 sys=0.00, real=0.00 secs] 
156.085: Total time for which application threads were stopped: 0.0038490 seconds, Stopping threads took: 0.0018030 seconds
156.131: Application time: 0.0459930 seconds
156.132: [GC156.132: [ParNew: 55240K->6117K(55872K), 0.0020560 secs] 113922K->64798K(182144K), 0.0020970 secs] [Times: user=0.01 sys=0.00, real=0.01 secs] 
156.134: Total time for which application threads were stopped: 0.0030280 seconds, Stopping threads took: 0.0008570 seconds
156.179: Application time: 0.0449800 seconds
156.182: [GC156.182: [ParNew: 55781K->5541K(55872K), 0.0017210 secs] 114462K->64222K(182144K), 0.0017620 secs] [Times: user=0.01 sys=0.00, real=0.00 secs] 
156.184: Total time for which application threads were stopped: 0.0044050 seconds, Stopping threads took: 0.0025790 seconds
156.229: Application time: 0.0451440 seconds
156.231: [GC156.231: [ParNew: 55205K->6207K(55872K), 0.0020630 secs] 113886K->64903K(182144K), 0.0021110 secs] [Times: user=0.02 sys=0.00, real=0.00 secs] 
156.233: Total time for which application threads were stopped: 0.0042530 seconds, Stopping threads took: 0.0020760 seconds
156.279: Application time: 0.0458570 seconds
156.280: [GC156.280: [ParNew: 55871K->5843K(55872K), 0.0019990 secs] 114567K->64539K(182144K), 0.0020460 secs] [Times: user=0.01 sys=0.00, real=0.01 secs] 
156.282: Total time for which application threads were stopped: 0.0034420 seconds, Stopping threads took: 0.0013300 seconds
156.326: Application time: 0.0435160 seconds
156.328: [GC156.328: [ParNew: 55507K->6207K(55872K), 0.0023090 secs] 114203K->65426K(182144K), 0.0023550 secs] [Times: user=0.01 sys=0.00, real=0.00 secs] 
156.330: Total time for which application threads were stopped: 0.0046180 seconds, Stopping threads took: 0.0021980 seconds
156.375: Application time: 0.0444300 seconds
156.377: [GC156.378: [ParNew: 55871K->6206K(55872K), 0.0020160 secs] 115090K->65605K(182144K), 0.0020600 secs] [Times: user=0.01 sys=0.00, real=0.00 secs] 
156.380: Total time for which application threads were stopped: 0.0047630 seconds, Stopping threads took: 0.0026150 seconds
156.425: Application time: 0.0449410 seconds
156.427: [GC156.427: [ParNew: 55870K->6207K(55872K), 0.0023440 secs] 115269K->66465K(182144K), 0.0023910 secs] [Times: user=0.02 sys=0.00, real=0.00 secs] 
156.429: Total time for which application threads were stopped: 0.0046710 seconds, Stopping threads took: 0.0021930 seconds
156.477: Application time: 0.0473850 seconds
156.478: [GC156.478: [ParNew: 55871K->4082K(55872K), 0.0013870 secs] 116129K->64368K(182144K), 0.0014240 secs] [Times: user=0.01 sys=0.00, real=0.00 secs] 
156.480: Total time for which application threads were stopped: 0.0033210 seconds, Stopping threads took: 0.0018370 seconds
156.528: Application time: 0.0479440 seconds
156.528: [GC156.528: [ParNew: 53746K->6148K(55872K), 0.0021240 secs] 114032K->66464K(182144K), 0.0021670 secs] [Times: user=0.02 sys=0.00, real=0.00 secs] 
156.531: Total time for which application threads were stopped: 0.0027250 seconds, Stopping threads took: 0.0004730 seconds
156.579: Application time: 0.0484810 seconds
156.581: [GC156.581: [ParNew: 55812K->3447K(55872K), 0.0013050 secs] 116128K->63762K(182144K), 0.0013450 secs] [Times: user=0.01 sys=0.00, real=0.01 secs] 
156.583: Total time for which application threads were stopped: 0.0036370 seconds, Stopping threads took: 0.0022310 seconds
156.628: Application time: 0.0456520 seconds
156.629: [GC156.629: [ParNew: 53111K->5450K(55872K), 0.0016450 secs] 113426K->65766K(182144K), 0.0016940 secs] [Times: user=0.02 sys=0.00, real=0.00 secs] 
156.631: Total time for which application threads were stopped: 0.0027230 seconds, Stopping threads took: 0.0009630 seconds
156.676: Application time: 0.0451480 seconds
156.679: [GC156.679: [ParNew: 55114K->6207K(55872K), 0.0020550 secs] 115430K->66718K(182144K), 0.0020960 secs] [Times: user=0.02 sys=0.00, real=0.00 secs] 
156.681: Total time for which application threads were stopped: 0.0046670 seconds, Stopping threads took: 0.0024770 seconds
156.727: Application time: 0.0460340 seconds
156.729: [GC156.729: [ParNew: 55871K->5963K(55872K), 0.0018940 secs] 116382K->66474K(182144K), 0.0019310 secs] [Times: user=0.02 sys=0.00, real=0.00 secs] 
156.731: Total time for which application threads were stopped: 0.0036840 seconds, Stopping threads took: 0.0016700 seconds
156.777: Application time: 0.0460920 seconds
156.779: [GC156.779: [ParNew: 55627K->6206K(55872K), 0.0024420 secs] 116138K->68034K(182144K), 0.0024870 secs] [Times: user=0.02 sys=0.00, real=0.01 secs] 
156.782: Total time for which application threads were stopped: 0.0050050 seconds, Stopping threads took: 0.0024540 seconds
156.826: Application time: 0.0440650 seconds
156.827: [GC156.827: [ParNew: 55870K->6207K(55872K), 0.0019690 secs] 117698K->68106K(182144K), 0.0020220 secs] [Times: user=0.01 sys=0.00, real=0.00 secs] 
156.829: Total time for which application threads were stopped: 0.0036390 seconds, Stopping threads took: 0.0015520 seconds
156.878: Application time: 0.0490800 seconds
156.881: [GC156.881: [ParNew: 55871K->4601K(55872K), 0.0017020 secs] 117770K->66614K(182144K), 0.0017390 secs] [Times: user=0.02 sys=0.00, real=0.00 secs] 
156.883: Total time for which application threads were stopped: 0.0046520 seconds, Stopping threads took: 0.0028400 seconds
156.929: Application time: 0.0460690 seconds
156.931: [GC156.931: [ParNew: 54265K->6207K(55872K), 0.0020270 secs] 116278K->68625K(182144K), 0.0020710 secs] [Times: user=0.01 sys=0.00, real=0.00 secs] 
156.933: Total time for which application threads were stopped: 0.0040610 seconds, Stopping threads took: 0.0019250 seconds
156.980: Application time: 0.0465210 seconds
156.981: [GC156.981: [ParNew: 55871K->6207K(55872K), 0.0021870 secs] 118289K->69342K(182144K), 0.0022300 secs] [Times: user=0.01 sys=0.00, real=0.01 secs] 
156.983: Total time for which application threads were stopped: 0.0036020 seconds, Stopping threads took: 0.0013060 seconds
157.028: Application time: 0.0443030 seconds
157.030: [GC157.030: [ParNew: 55871K->6206K(55872K), 0.0024370 secs] 119006K->70888K(182144K), 0.0024800 secs] [Times: user=0.02 sys=0.00, real=0.00 secs] 
157.033: Total time for which application threads were stopped: 0.0051000 seconds, Stopping threads took: 0.0025330 seconds
157.080: Application time: 0.0473200 seconds
157.082: [GC157.082: [ParNew: 55870K->6207K(55872K), 0.0019350 secs] 120552K->70999K(182144K), 0.0019780 secs] [Times: user=0.01 sys=0.01, real=0.00 secs] 
157.084: Total time for which application threads were stopped: 0.0043080 seconds, Stopping threads took: 0.0022650 seconds
157.129: Application time: 0.0449960 seconds
157.132: [GC157.132: [ParNew: 55871K->6207K(55872K), 0.0020210 secs] 120663K->71194K(182144K), 0.0020640 secs] [Times: user=0.01 sys=0.00, real=0.01 secs] 
157.135: Total time for which application threads were stopped: 0.0050810 seconds, Stopping threads took: 0.0029280 seconds
157.180: Application time: 0.0451090 seconds
157.182: [GC157.182: [ParNew: 55871K->6207K(55872K), 0.0020000 secs] 120858K->71421K(182144K), 0.0020410 secs] [Times: user=0.02 sys=0.00, real=0.00 secs] 
157.184: Total time for which application threads were stopped: 0.0039510 seconds, Stopping threads took: 0.0018390 seconds
157.231: Application time: 0.0472760 seconds
157.234: [GC157.234: [ParNew: 55871K->6206K(55872K), 0.0021000 secs] 121085K->71884K(182144K), 0.0021400 secs] [Times: user=0.01 sys=0.00, real=0.00 secs] 
157.236: Total time for which application threads were stopped: 0.0051820 seconds, Stopping threads took: 0.0029790 seconds
157.281: Application time: 0.0452710 seconds
157.284: [GC157.284: [ParNew: 55870K->6206K(55872K), 0.0020510 secs] 121548K->72353K(182144K), 0.0020940 secs] [Times: user=0.02 sys=0.00, real=0.00 secs] 
157.286: Total time for which application threads were stopped: 0.0051000 seconds, Stopping threads took: 0.0029210 seconds
157.331: Application time: 0.0449000 seconds
157.334: [GC157.334: [ParNew: 55870K->5713K(55872K), 0.0019740 secs] 122017K->71859K(182144K), 0.0020190 secs] [Times: user=0.01 sys=0.00, real=0.00 secs] 
157.336: Total time for which application threads were stopped: 0.0043030 seconds, Stopping threads took: 0.0022200 seconds
157.381: Application time: 0.0457310 seconds
157.382: [GC157.382: [ParNew: 55377K->5526K(55872K), 0.0019350 secs] 121523K->71701K(182144K), 0.0019840 secs] [Times: user=0.01 sys=0.00, real=0.00 secs] 
157.384: Total time for which application threads were stopped: 0.0026430 seconds, Stopping threads took: 0.0005760 seconds
157.431: Application time: 0.0466260 seconds
157.433: [GC157.433: [ParNew: 55190K->5825K(55872K), 0.0017920 secs] 121365K->72114K(182144K), 0.0018330 secs] [Times: user=0.01 sys=0.00, real=0.01 secs] 
157.435: Total time for which application threads were stopped: 0.0043620 seconds, Stopping threads took: 0.0024660 seconds
157.479: Application time: 0.0436770 seconds
157.481: [GC157.481: [ParNew: 55489K->6206K(55872K), 0.0023350 secs] 121778K->73291K(182144K), 0.0023810 secs] [Times: user=0.02 sys=0.00, real=0.01 secs] 
157.484: Total time for which application threads were stopped: 0.0049760 seconds, Stopping threads took: 0.0025290 seconds
157.530: Application time: 0.0460820 seconds
157.531: [GC157.531: [ParNew: 55870K->5800K(55872K), 0.0019430 secs] 122955K->72885K(182144K), 0.0019790 secs] [Times: user=0.01 sys=0.00, real=0.00 secs] 
157.533: Total time for which application threads were stopped: 0.0031970 seconds, Stopping threads took: 0.0011570 seconds
157.580: Application time: 0.0466370 seconds
157.581: [GC157.581: [ParNew: 55464K->5805K(55872K), 0.0020100 secs] 122549K->72918K(182144K), 0.0020560 secs] [Times: user=0.02 sys=0.00, real=0.01 secs] 
157.583: Total time for which application threads were stopped: 0.0037280 seconds, Stopping threads took: 0.0016040 seconds
157.628: Application time: 0.0442710 seconds
157.630: [GC157.630: [ParNew: 55469K->6207K(55872K), 0.0022010 secs] 122582K->73667K(182144K), 0.0022480 secs] [Times: user=0.01 sys=0.00, real=0.00 secs] 
157.633: Total time for which application threads were stopped: 0.0050870 seconds, Stopping threads took: 0.0027530 seconds
157.678: Application time: 0.0450290 seconds
157.680: [GC157.680: [ParNew: 55871K->5045K(55872K), 0.0017270 secs] 123331K->72504K(182144K), 0.0017690 secs] [Times: user=0.01 sys=0.00, real=0.01 secs] 
157.682: Total time for which application threads were stopped: 0.0041250 seconds, Stopping threads took: 0.0022720 seconds
157.727: Application time: 0.0449680 seconds
157.728: [GC157.728: [ParNew: 54709K->5028K(55872K), 0.0016970 secs] 122168K->72487K(182144K), 0.0017440 secs] [Times: user=0.01 sys=0.00, real=0.00 secs] 
157.729: Total time for which application threads were stopped: 0.0025810 seconds, Stopping threads took: 0.0007440 seconds
157.776: Application time: 0.0464550 seconds
157.777: [GC157.777: [ParNew: 54692K->6206K(55872K), 0.0022890 secs] 122151K->74627K(182144K), 0.0023340 secs] [Times: user=0.01 sys=0.00, real=0.00 secs] 
157.780: Total time for which application threads were stopped: 0.0039310 seconds, Stopping threads took: 0.0015300 seconds
157.825: Application time: 0.0456600 seconds
157.827: [GC157.827: [ParNew: 55870K->4861K(55872K), 0.0015510 secs] 124291K->73281K(182144K), 0.0015950 secs] [Times: user=0.01 sys=0.00, real=0.00 secs] 
157.829: Total time for which application threads were stopped: 0.0036270 seconds, Stopping threads took: 0.0019670 seconds
157.875: Application time: 0.0458220 seconds
157.877: [GC157.877: [ParNew: 54525K->5517K(55872K), 0.0016580 secs] 122945K->73938K(182144K), 0.0017040 secs] [Times: user=0.02 sys=0.00, real=0.00 secs] 
157.879: Total time for which application threads were stopped: 0.0040370 seconds, Stopping threads took: 0.0022680 seconds
157.926: Application time: 0.0466250 seconds
157.927: [GC157.927: [ParNew: 55181K->6207K(55872K), 0.0023820 secs] 123602K->75290K(182144K), 0.0024290 secs] [Times: user=0.02 sys=0.00, real=0.00 secs] 
157.930: Total time for which application threads were stopped: 0.0043410 seconds, Stopping threads took: 0.0018270 seconds
157.974: Application time: 0.0437730 seconds
157.976: [GC157.976: [ParNew: 55871K->6206K(55872K), 0.0022750 secs] 124954K->75709K(182144K), 0.0023200 secs] [Times: user=0.02 sys=0.00, real=0.00 secs] 
157.978: Total time for which application threads were stopped: 0.0044950 seconds, Stopping threads took: 0.0020820 seconds
158.023: Application time: 0.0450090 seconds
158.025: [GC158.025: [ParNew: 55870K->5975K(55872K), 0.0020450 secs] 125373K->75536K(182144K), 0.0020880 secs] [Times: user=0.01 sys=0.00, real=0.00 secs] 
158.027: Total time for which application threads were stopped: 0.0037450 seconds, Stopping threads took: 0.0015920 seconds
158.074: Application time: 0.0470160 seconds
158.074: [GC158.074: [ParNew: 55639K->4687K(55872K), 0.0016470 secs] 125200K->74277K(182144K), 0.0016900 secs] [Times: user=0.01 sys=0.00, real=0.00 secs] 
158.076: Total time for which application threads were stopped: 0.0020570 seconds, Stopping threads took: 0.0003020 seconds
158.121: Application time: 0.0448420 seconds
158.122: [GC158.122: [ParNew: 54351K->6207K(55872K), 0.0021760 secs] 123941K->75858K(182144K), 0.0022220 secs] [Times: user=0.02 sys=0.00, real=0.00 secs] 
158.125: Total time for which application threads were stopped: 0.0037100 seconds, Stopping threads took: 0.0014000 seconds
158.168: Application time: 0.0438230 seconds
158.170: [GC158.171: [ParNew: 55871K->6206K(55872K), 0.0024340 secs] 125522K->77363K(182144K), 0.0024800 secs] [Times: user=0.02 sys=0.00, real=0.00 secs] 
158.173: Total time for which application threads were stopped: 0.0045850 seconds, Stopping threads took: 0.0020150 seconds
158.219: Application time: 0.0455960 seconds
158.222: [GC158.222: [ParNew: 55870K->5664K(55872K), 0.0016870 secs] 127027K->76821K(182144K), 0.0017260 secs] [Times: user=0.01 sys=0.00, real=0.00 secs] 
158.223: Total time for which application threads were stopped: 0.0047460 seconds, Stopping threads took: 0.0029580 seconds
158.268: Application time: 0.0444030 seconds
158.270: [GC158.270: [ParNew: 55328K->6206K(55872K), 0.0020300 secs] 126485K->77670K(182144K), 0.0020780 secs] [Times: user=0.02 sys=0.00, real=0.00 secs] 
158.273: Total time for which application threads were stopped: 0.0048080 seconds, Stopping threads took: 0.0026510 seconds
158.317: Application time: 0.0440930 seconds
158.319: [GC158.319: [ParNew: 55870K->6206K(55872K), 0.0024520 secs] 127334K->79080K(182144K), 0.0025060 secs] [Times: user=0.02 sys=0.00, real=0.00 secs] 
158.321: Total time for which application threads were stopped: 0.0044480 seconds, Stopping threads took: 0.0018540 seconds
158.365: Application time: 0.0436160 seconds
158.367: [GC158.367: [ParNew: 55870K->6207K(55872K), 0.0022920 secs] 128744K->80341K(182144K), 0.0023350 secs] [Times: user=0.02 sys=0.00, real=0.00 secs] 
158.369: Total time for which application threads were stopped: 0.0043530 seconds, Stopping threads took: 0.0019410 seconds
158.415: Application time: 0.0461890 seconds
158.417: [GC158.417: [ParNew: 55871K->6207K(55872K), 0.0020500 secs] 130005K->80474K(182144K), 0.0020910 secs] [Times: user=0.01 sys=0.00, real=0.00 secs] 
158.419: Total time for which application threads were stopped: 0.0037510 seconds, Stopping threads took: 0.0015940 seconds
158.465: Application time: 0.0455190 seconds
158.467: [GC158.467: [ParNew: 55871K->6207K(55872K), 0.0022970 secs] 130138K->81441K(182144K), 0.0023420 secs] [Times: user=0.01 sys=0.00, real=0.00 secs] 
158.469: Total time for which application threads were stopped: 0.0045600 seconds, Stopping threads took: 0.0021290 seconds
158.514: Application time: 0.0453980 seconds
158.516: [GC158.516: [ParNew: 55871K->6207K(55872K), 0.0025590 secs] 131105K->83066K(182144K), 0.0026060 secs] [Times: user=0.02 sys=0.00, real=0.00 secs] 
158.518: Total time for which application threads were stopped: 0.0038850 seconds, Stopping threads took: 0.0012100 seconds
158.564: Application time: 0.0456490 seconds
158.565: [GC158.565: [ParNew: 55871K->4746K(55872K), 0.0016630 secs] 132730K->81662K(182144K), 0.0017060 secs] [Times: user=0.01 sys=0.00, real=0.00 secs] 
158.567: Total time for which application threads were stopped: 0.0028520 seconds, Stopping threads took: 0.0010810 seconds
158.611: Application time: 0.0442020 seconds
158.614: [GC158.614: [ParNew: 54410K->5753K(55872K), 0.0019820 secs] 131326K->82697K(182144K), 0.0020340 secs] [Times: user=0.01 sys=0.00, real=0.00 secs] 
158.616: Total time for which application threads were stopped: 0.0044990 seconds, Stopping threads took: 0.0023960 seconds
158.660: Application time: 0.0444550 seconds
158.661: [GC158.661: [ParNew: 55417K->4967K(55872K), 0.0016530 secs] 132361K->81912K(182144K), 0.0016950 secs] [Times: user=0.01 sys=0.00, real=0.01 secs] 
158.663: Total time for which application threads were stopped: 0.0028950 seconds, Stopping threads took: 0.0011380 seconds
158.708: Application time: 0.0446410 seconds
158.709: [GC158.709: [ParNew: 54631K->6051K(55872K), 0.0019190 secs] 131576K->82996K(182144K), 0.0019560 secs] [Times: user=0.02 sys=0.00, real=0.00 secs] 
158.711: Total time for which application threads were stopped: 0.0034520 seconds, Stopping threads took: 0.0014330 seconds
158.757: Application time: 0.0462500 seconds
158.760: [GC158.760: [ParNew: 55715K->6207K(55872K), 0.0021680 secs] 132660K->84042K(182144K), 0.0022110 secs] [Times: user=0.01 sys=0.00, real=0.01 secs] 
158.763: Total time for which application threads were stopped: 0.0052650 seconds, Stopping threads took: 0.0029910 seconds
158.808: Application time: 0.0455040 seconds
158.810: [GC158.810: [ParNew: 55871K->5534K(55872K), 0.0018790 secs] 133706K->83369K(182144K), 0.0019200 secs] [Times: user=0.01 sys=0.00, real=0.00 secs] 
158.812: Total time for which application threads were stopped: 0.0038320 seconds, Stopping threads took: 0.0018380 seconds
158.855: Application time: 0.0426390 seconds
158.857: [GC158.857: [ParNew: 55198K->6206K(55872K), 0.0022220 secs] 133033K->84684K(182144K), 0.0022670 secs] [Times: user=0.01 sys=0.00, real=0.00 secs] 
158.860: Total time for which application threads were stopped: 0.0050860 seconds, Stopping threads took: 0.0027540 seconds
158.904: Application time: 0.0448150 seconds
158.907: [GC158.907: [ParNew: 55870K->6206K(55872K), 0.0021140 secs] 134348K->85180K(182144K), 0.0021540 secs] [Times: user=0.02 sys=0.00, real=0.00 secs] 
158.909: Total time for which application threads were stopped: 0.0046650 seconds, Stopping threads took: 0.0024490 seconds
158.955: Application time: 0.0463380 seconds
158.958: [GC158.958: [ParNew: 55870K->6206K(55872K), 0.0020440 secs] 134844K->85607K(182144K), 0.0020870 secs] [Times: user=0.01 sys=0.00, real=0.00 secs] 
158.960: Total time for which application threads were stopped: 0.0047450 seconds, Stopping threads took: 0.0025930 seconds
159.003: Application time: 0.0428180 seconds
159.005: [GC159.005: [ParNew: 55870K->6206K(55872K), 0.0022500 secs] 135271K->86743K(182144K), 0.0022910 secs] [Times: user=0.02 sys=0.00, real=0.00 secs] 
159.007: Total time for which application threads were stopped: 0.0042700 seconds, Stopping threads took: 0.0019150 seconds
159.053: Application time: 0.0455550 seconds
159.054: [GC159.054: [ParNew: 55870K->5327K(55872K), 0.0016800 secs] 136407K->85921K(182144K), 0.0017220 secs] [Times: user=0.02 sys=0.00, real=0.00 secs] 
159.056: Total time for which application threads were stopped: 0.0027150 seconds, Stopping threads took: 0.0009310 seconds
159.101: Application time: 0.0455620 seconds
159.104: [GC159.104: [ParNew: 54991K->6206K(55872K), 0.0020130 secs] 135585K->86986K(182144K), 0.0020540 secs] [Times: user=0.01 sys=0.00, real=0.00 secs] 
159.106: Total time for which application threads were stopped: 0.0047140 seconds, Stopping threads took: 0.0025970 seconds
159.151: Application time: 0.0447960 seconds
159.153: [GC159.153: [ParNew: 55870K->6206K(55872K), 0.0021290 secs] 136650K->87539K(182144K), 0.0021680 secs] [Times: user=0.02 sys=0.00, real=0.01 secs] 
159.156: Total time for which application threads were stopped: 0.0048580 seconds, Stopping threads took: 0.0026260 seconds
159.200: Application time: 0.0440160 seconds
159.201: [GC159.201: [ParNew: 55870K->5872K(55872K), 0.0018970 secs] 137203K->87205K(182144K), 0.0019360 secs] [Times: user=0.01 sys=0.00, real=0.01 secs] 
159.203: Total time for which application threads were stopped: 0.0036560 seconds, Stopping threads took: 0.0016480 seconds
159.249: Application time: 0.0462090 seconds
159.251: [GC159.251: [ParNew: 55536K->6207K(55872K), 0.0021740 secs] 136869K->88153K(182144K), 0.0022190 secs] [Times: user=0.02 sys=0.00, real=0.00 secs] 
159.253: Total time for which application threads were stopped: 0.0036200 seconds, Stopping threads took: 0.0013170 seconds
159.297: Application time: 0.0439930 seconds
159.298: [GC159.298: [ParNew: 55871K->6206K(55872K), 0.0022650 secs] 137817K->89296K(182144K), 0.0023080 secs] [Times: user=0.01 sys=0.00, real=0.00 secs] 
159.301: Total time for which application threads were stopped: 0.0037000 seconds, Stopping threads took: 0.0013260 seconds
159.347: Application time: 0.0463170 seconds
159.349: [GC159.349: [ParNew: 55870K->6206K(55872K), 0.0022180 secs] 138960K->89823K(182144K), 0.0022650 secs] [Times: user=0.01 sys=0.00, real=0.00 secs] 
159.351: Total time for which application threads were stopped: 0.0039630 seconds, Stopping threads took: 0.0016020 seconds
159.394: Application time: 0.0432860 seconds
159.397: [GC159.397: [ParNew: 55870K->6207K(55872K), 0.0020860 secs] 139487K->89856K(182144K), 0.0021330 secs] [Times: user=0.02 sys=0.00, real=0.00 secs] 
159.399: Total time for which application threads were stopped: 0.0046010 seconds, Stopping threads took: 0.0023820 seconds
159.442: Application time: 0.0427090 seconds
159.445: [GC159.445: [ParNew: 55871K->6206K(55872K), 0.0027530 secs] 139520K->91624K(182144K), 0.0027990 secs] [Times: user=0.02 sys=0.00, real=0.00 secs] 
159.447: Total time for which application threads were stopped: 0.0058200 seconds, Stopping threads took: 0.0029360 seconds
159.495: Application time: 0.0471740 seconds
159.497: [GC159.497: [ParNew: 55870K->5962K(55872K), 0.0019280 secs] 141288K->91462K(182144K), 0.0019700 secs] [Times: user=0.02 sys=0.00, real=0.00 secs] 
159.499: Total time for which application threads were stopped: 0.0043440 seconds, Stopping threads took: 0.0023010 seconds
159.545: Application time: 0.0464950 seconds
159.547: [GC159.547: [ParNew: 55626K->6206K(55872K), 0.0020530 secs] 141126K->92167K(182144K), 0.0020980 secs] [Times: user=0.02 sys=0.00, real=0.00 secs] 
159.549: Total time for which application threads were stopped: 0.0031800 seconds, Stopping threads took: 0.0010040 seconds
159.593: Application time: 0.0443140 seconds
159.595: [GC159.595: [ParNew: 55870K->6206K(55872K), 0.0024980 secs] 141831K->93749K(182144K), 0.0025410 secs] [Times: user=0.02 sys=0.00, real=0.00 secs] 
159.597: Total time for which application threads were stopped: 0.0041330 seconds, Stopping threads took: 0.0015260 seconds
159.642: Application time: 0.0448350 seconds
159.644: [GC159.644: [ParNew: 55870K->6207K(55872K), 0.0020050 secs] 143413K->94238K(182144K), 0.0020460 secs] [Times: user=0.01 sys=0.00, real=0.00 secs] 
159.646: Total time for which application threads were stopped: 0.0042800 seconds, Stopping threads took: 0.0021510 seconds
159.691: Application time: 0.0445760 seconds
159.693: [GC159.693: [ParNew: 55871K->5739K(55872K), 0.0017940 secs] 143902K->93769K(182144K), 0.0018360 secs] [Times: user=0.02 sys=0.00, real=0.01 secs] 
159.695: Total time for which application threads were stopped: 0.0041790 seconds, Stopping threads took: 0.0022800 seconds
159.739: Application time: 0.0439820 seconds
159.741: [GC159.741: [ParNew: 55403K->6207K(55872K), 0.0021510 secs] 143433K->94799K(182144K), 0.0021970 secs] [Times: user=0.02 sys=0.00, real=0.01 secs] 
159.743: Total time for which application threads were stopped: 0.0043090 seconds, Stopping threads took: 0.0020470 seconds
 CMS: abort preclean due to time 159.745: [CMS-concurrent-abortable-preclean: 0.247/5.011 secs] [Times: user=38.41 sys=0.16, real=5.01 secs] 
159.745: Application time: 0.0021990 seconds
159.748: [GC[YG occupancy: 12968 K (55872 K)]159.748: [Rescan (parallel) , 0.0002230 secs]159.749: [weak refs processing, 0.0000080 secs]159.749: [scrub string table, 0.0001050 secs] [1 CMS-remark: 88591K(126272K)] 101560K(182144K), 0.0003700 secs] [Times: user=0.00 sys=0.00, real=0.00 secs] 
159.749: Total time for which application threads were stopped: 0.0032480 seconds, Stopping threads took: 0.0028360 seconds
159.749: [CMS-concurrent-sweep-start]
159.755: [CMS-concurrent-sweep: 0.006/0.006 secs] [Times: user=0.04 sys=0.00, real=0.01 secs] 
159.755: [CMS-concurrent-reset-start]
159.755: [CMS-concurrent-reset: 0.000/0.000 secs] [Times: user=0.00 sys=0.00, real=0.00 secs] 
159.791: Application time: 0.0423470 seconds
159.794: [GC159.794: [ParNew: 55871K->4785K(55872K), 0.0014300 secs] 101783K->50697K(182144K), 0.0014670 secs] [Times: user=0.01 sys=0.00, real=0.00 secs] 
159.795: Total time for which application threads were stopped: 0.0042870 seconds, Stopping threads took: 0.0027580 seconds
159.846: Application time: 0.0503830 seconds
159.849: [GC159.849: [ParNew: 54449K->5825K(55872K), 0.0018660 secs] 100361K->51737K(182144K), 0.0019050 secs] [Times: user=0.01 sys=0.00, real=0.00 secs] 
159.851: Total time for which application threads were stopped: 0.0047890 seconds, Stopping threads took: 0.0027980 seconds
159.900: Application time: 0.0490470 seconds
159.902: [GC159.902: [ParNew: 55489K->6206K(55872K), 0.0023450 secs] 101401K->53055K(182144K), 0.0023880 secs] [Times: user=0.01 sys=0.00, real=0.00 secs] 
159.905: Total time for which application threads were stopped: 0.0051400 seconds, Stopping threads took: 0.0026570 seconds
159.952: Application time: 0.0469450 seconds
159.954: [GC159.954: [ParNew: 55870K->6207K(55872K), 0.0022900 secs] 102719K->54321K(182144K), 0.0023340 secs] [Times: user=0.01 sys=0.00, real=0.00 secs] 
159.956: Total time for which application threads were stopped: 0.0044630 seconds, Stopping threads took: 0.0020390 seconds
159.956: Application time: 0.0001120 seconds
159.960: [GC [1 CMS-initial-mark: 48113K(126272K)] 54935K(182144K), 0.0002110 secs] [Times: user=0.00 sys=0.00, real=0.00 secs] 
159.960: Total time for which application threads were stopped: 0.0040550 seconds, Stopping threads took: 0.0038200 seconds
159.960: [CMS-concurrent-mark-start]
159.965: [CMS-concurrent-mark: 0.005/0.005 secs] [Times: user=0.04 sys=0.01, real=0.01 secs] 
159.965: [CMS-concurrent-preclean-start]
159.966: [CMS-concurrent-preclean: 0.000/0.000 secs] [Times: user=0.00 sys=0.00, real=0.00 secs] 
159.966: [CMS-concurrent-abortable-preclean-start]
160.008: Application time: 0.0477180 seconds
160.010: [GC160.010: [ParNew: 55871K->6156K(55872K), 0.0019050 secs] 103985K->54376K(182144K), 0.0019500 secs] [Times: user=0.01 sys=0.00, real=0.00 secs] 
160.012: Total time for which application threads were stopped: 0.0036430 seconds, Stopping threads took: 0.0016270 seconds
160.059: Application time: 0.0475450 seconds
160.060: [GC160.060: [ParNew: 55820K->6207K(55872K), 0.0021610 secs] 104040K->55004K(182144K), 0.0022010 secs] [Times: user=0.02 sys=0.00, real=0.01 secs] 
160.063: Total time for which application threads were stopped: 0.0033780 seconds, Stopping threads took: 0.0010900 seconds
160.111: Application time: 0.0479560 seconds
160.112: [GC160.112: [ParNew: 55871K->5806K(55872K), 0.0018830 secs] 104668K->54660K(182144K), 0.0019260 secs] [Times: user=0.02 sys=0.00, real=0.01 secs] 
160.114: Total time for which application threads were stopped: 0.0036180 seconds, Stopping threads took: 0.0016260 seconds
160.162: Application time: 0.0478200 seconds
160.165: [GC160.165: [ParNew: 55470K->6207K(55872K), 0.0021800 secs] 104324K->55224K(182144K), 0.0022220 secs] [Times: user=0.01 sys=0.00, real=0.00 secs] 
160.167: Total time for which application threads were stopped: 0.0050140 seconds, Stopping threads took: 0.0027160 seconds
160.215: Application time: 0.0479550 seconds
160.217: [GC160.217: [ParNew: 55871K->6192K(55872K), 0.0022090 secs] 104888K->55208K(182144K), 0.0022550 secs] [Times: user=0.01 sys=0.00, real=0.00 secs] 
160.219: Total time for which application threads were stopped: 0.0039810 seconds, Stopping threads took: 0.0016390 seconds
160.266: Application time: 0.0472820 seconds
160.269: [GC160.269: [ParNew: 55856K->6207K(55872K), 0.0023650 secs] 104872K->56267K(182144K), 0.0024190 secs] [Times: user=0.02 sys=0.00, real=0.00 secs] 
160.272: Total time for which application threads were stopped: 0.0054180 seconds, Stopping threads took: 0.0029310 seconds
160.319: Application time: 0.0472400 seconds
160.321: [GC160.321: [ParNew: 55871K->6207K(55872K), 0.0019050 secs] 105931K->56277K(182144K), 0.0019500 secs] [Times: user=0.02 sys=0.00, real=0.01 secs] 
160.323: Total time for which application threads were stopped: 0.0043630 seconds, Stopping threads took: 0.0023460 seconds
160.371: Application time: 0.0473380 seconds
160.372: [GC160.372: [ParNew: 55871K->6206K(55872K), 0.0021830 secs] 105941K->56638K(182144K), 0.0022280 secs] [Times: user=0.01 sys=0.00, real=0.01 secs] 
160.374: Total time for which application threads were stopped: 0.0037940 seconds, Stopping threads took: 0.0014980 seconds
160.422: Application time: 0.0479970 seconds
160.425: [GC160.425: [ParNew: 55870K->6098K(55872K), 0.0018220 secs] 106302K->56530K(182144K), 0.0018690 secs] [Times: user=0.01 sys=0.00, real=0.00 secs] 
160.427: Total time for which application threads were stopped: 0.0047720 seconds, Stopping threads took: 0.0028270 seconds
160.478: Application time: 0.0505350 seconds
160.480: [GC160.480: [ParNew: 55762K->4099K(55872K), 0.0013490 secs] 106194K->54531K(182144K), 0.0013900 secs] [Times: user=0.01 sys=0.00, real=0.00 secs] 
160.481: Total time for which application threads were stopped: 0.0036320 seconds, Stopping threads took: 0.0021780 seconds
160.530: Application time: 0.0482680 seconds
160.533: [GC160.533: [ParNew: 53763K->6206K(55872K), 0.0021990 secs] 104195K->57352K(182144K), 0.0022480 secs] [Times: user=0.02 sys=0.00, real=0.01 secs] 
160.535: Total time for which application threads were stopped: 0.0055150 seconds, Stopping threads took: 0.0031980 seconds
160.581: Application time: 0.0462480 seconds
160.584: [GC160.584: [ParNew: 55870K->6207K(55872K), 0.0021430 secs] 107016K->57866K(182144K), 0.0021880 secs] [Times: user=0.02 sys=0.00, real=0.00 secs] 
160.586: Total time for which application threads were stopped: 0.0046770 seconds, Stopping threads took: 0.0024230 seconds
160.634: Application time: 0.0475770 seconds
160.636: [GC160.636: [ParNew: 55871K->6207K(55872K), 0.0019360 secs] 107530K->58114K(182144K), 0.0019830 secs] [Times: user=0.02 sys=0.00, real=0.00 secs] 
160.638: Total time for which application threads were stopped: 0.0045160 seconds, Stopping threads took: 0.0024640 seconds
160.684: Application time: 0.0459360 seconds
160.686: [GC160.686: [ParNew: 55871K->6206K(55872K), 0.0024340 secs] 107778K->59447K(182144K), 0.0024810 secs] [Times: user=0.02 sys=0.00, real=0.00 secs] 
160.688: Total time for which application threads were stopped: 0.0043740 seconds, Stopping threads took: 0.0018260 seconds
160.737: Application time: 0.0485800 seconds
160.739: [GC160.739: [ParNew: 55870K->6206K(55872K), 0.0021650 secs] 109111K->59750K(182144K), 0.0022090 secs] [Times: user=0.02 sys=0.00, real=0.00 secs] 
160.741: Total time for which application threads were stopped: 0.0039200 seconds, Stopping threads took: 0.0016210 seconds
160.789: Application time: 0.0477790 seconds
160.792: [GC160.792: [ParNew: 55870K->6206K(55872K), 0.0025420 secs] 109414K->61034K(182144K), 0.0025870 secs] [Times: user=0.02 sys=0.00, real=0.01 secs] 
160.794: Total time for which application threads were stopped: 0.0057160 seconds, Stopping threads took: 0.0030410 seconds
160.843: Application time: 0.0490450 seconds
160.846: [GC160.846: [ParNew: 55870K->5446K(55872K), 0.0018660 secs] 110698K->60274K(182144K), 0.0019060 secs] [Times: user=0.01 sys=0.00, real=0.00 secs] 
160.848: Total time for which application threads were stopped: 0.0044720 seconds, Stopping threads took: 0.0024910 seconds
160.897: Application time: 0.0493880 seconds
160.900: [GC160.900: [ParNew: 55110K->5698K(55872K), 0.0019060 secs] 109938K->60526K(182144K), 0.0019550 secs] [Times: user=0.01 sys=0.00, real=0.01 secs] 
160.902: Total time for which application threads were stopped: 0.0049580 seconds, Stopping threads took: 0.0029380 seconds
160.949: Application time: 0.0471750 seconds
160.951: [GC160.951: [ParNew: 55362K->6207K(55872K), 0.0020290 secs] 110190K->61342K(182144K), 0.0020870 secs] [Times: user=0.02 sys=0.00, real=0.01 secs] 
160.954: Total time for which application threads were stopped: 0.0040620 seconds, Stopping threads took: 0.0018760 seconds
161.001: Application time: 0.0473790 seconds
161.003: [GC161.003: [ParNew: 55871K->5928K(55872K), 0.0019880 secs] 111006K->61063K(182144K), 0.0020360 secs] [Times: user=0.02 sys=0.00, real=0.00 secs] 
161.005: Total time for which application threads were stopped: 0.0041190 seconds, Stopping threads took: 0.0020160 seconds
161.053: Application time: 0.0482740 seconds
161.055: [GC161.055: [ParNew: 55592K->5803K(55872K), 0.0019220 secs] 110727K->60966K(182144K), 0.0019610 secs] [Times: user=0.01 sys=0.00, real=0.00 secs] 
161.057: Total time for which application threads were stopped: 0.0034360 seconds, Stopping threads took: 0.0014020 seconds
161.107: Application time: 0.0501280 seconds
161.109: [GC161.109: [ParNew: 55467K->5405K(55872K), 0.0018440 secs] 110630K->60682K(182144K), 0.0018850 secs] [Times: user=0.01 sys=0.00, real=0.00 secs] 
161.111: Total time for which application threads were stopped: 0.0041090 seconds, Stopping threads took: 0.0021430 seconds
161.161: Application time: 0.0500170 seconds
161.163: [GC161.163: [ParNew: 55069K->5586K(55872K), 0.0017190 secs] 110346K->60863K(182144K), 0.0017600 secs] [Times: user=0.01 sys=0.00, real=0.00 secs] 
161.165: Total time for which application threads were stopped: 0.0041430 seconds, Stopping threads took: 0.0023180 seconds
161.214: Application time: 0.0487260 seconds
161.216: [GC161.216: [ParNew: 55250K->4476K(55872K), 0.0015530 secs] 110527K->59839K(182144K), 0.0015950 secs] [Times: user=0.01 sys=0.00, real=0.00 secs] 
161.217: Total time for which application threads were stopped: 0.0035260 seconds, Stopping threads took: 0.0018560 seconds
161.263: Application time: 0.0459900 seconds
161.266: [GC161.266: [ParNew: 54140K->6207K(55872K), 0.0020660 secs] 109503K->61828K(182144K), 0.0021120 secs] [Times: user=0.02 sys=0.00, real=0.00 secs] 
161.268: Total time for which application threads were stopped: 0.0043450 seconds, Stopping threads took: 0.0021670 seconds
161.316: Application time: 0.0481440 seconds
161.319: [GC161.319: [ParNew: 55871K->5937K(55872K), 0.0021140 secs] 111492K->61558K(182144K), 0.0021580 secs] [Times: user=0.01 sys=0.00, real=0.00 secs] 
161.321: Total time for which application threads were stopped: 0.0053170 seconds, Stopping threads took: 0.0030920 seconds
161.370: Application time: 0.0484120 seconds
161.372: [GC161.372: [ParNew: 55601K->6207K(55872K), 0.0024540 secs] 111222K->62789K(182144K), 0.0025040 secs] [Times: user=0.02 sys=0.00, real=0.01 secs] 
161.374: Total time for which application threads were stopped: 0.0046830 seconds, Stopping threads took: 0.0020890 seconds
161.421: Application time: 0.0470800 seconds
161.423: [GC161.423: [ParNew: 55871K->6207K(55872K), 0.0020300 secs] 112453K->63165K(182144K), 0.0020730 secs] [Times: user=0.01 sys=0.00, real=0.00 secs] 
161.425: Total time for which application threads were stopped: 0.0037960 seconds, Stopping threads took: 0.0016580 seconds
161.473: Application time: 0.0475790 seconds
161.474: [GC161.474: [ParNew: 55871K->5912K(55872K), 0.0019740 secs] 112829K->62870K(182144K), 0.0020130 secs] [Times: user=0.01 sys=0.00, real=0.00 secs] 
161.476: Total time for which application threads were stopped: 0.0029150 seconds, Stopping threads took: 0.0008280 seconds
161.523: Application time: 0.0471540 seconds
161.524: [GC161.524: [ParNew: 55576K->6207K(55872K), 0.0021080 secs] 112534K->63295K(182144K), 0.0021520 secs] [Times: user=0.01 sys=0.00, real=0.00 secs] 
161.527: Total time for which application threads were stopped: 0.0037380 seconds, Stopping threads took: 0.0015090 seconds
161.575: Application time: 0.0482530 seconds
161.578: [GC161.578: [ParNew: 55871K->6207K(55872K), 0.0023630 secs] 112959K->64716K(182144K), 0.0024070 secs] [Times: user=0.01 sys=0.00, real=0.00 secs] 
161.581: Total time for which application threads were stopped: 0.0057480 seconds, Stopping threads took: 0.0032430 seconds
161.628: Application time: 0.0476130 seconds
161.630: [GC161.630: [ParNew: 55871K->6207K(55872K), 0.0023430 secs] 114380K->65535K(182144K), 0.0023870 secs] [Times: user=0.02 sys=0.00, real=0.00 secs] 
161.632: Total time for which application threads were stopped: 0.0042130 seconds, Stopping threads took: 0.0017380 seconds
161.679: Application time: 0.0467260 seconds
161.681: [GC161.681: [ParNew: 55871K->6207K(55872K), 0.0021720 secs] 115199K->66133K(182144K), 0.0022210 secs] [Times: user=0.01 sys=0.01, real=0.01 secs] 
161.683: Total time for which application threads were stopped: 0.0042130 seconds, Stopping threads took: 0.0019250 seconds
161.730: Application time: 0.0466000 seconds
161.732: [GC161.732: [ParNew: 55871K->6207K(55872K), 0.0023870 secs] 115797K->67375K(182144K), 0.0024300 secs] [Times: user=0.02 sys=0.00, real=0.01 secs] 
161.735: Total time for which application threads were stopped: 0.0046070 seconds, Stopping threads took: 0.0021100 seconds
161.784: Application time: 0.0489430 seconds
161.785: [GC161.785: [ParNew: 55871K->6054K(55872K), 0.0019960 secs] 117039K->67303K(182144K), 0.0020400 secs] [Times: user=0.02 sys=0.00, real=0.00 secs] 
161.787: Total time for which application threads were stopped: 0.0035080 seconds, Stopping threads took: 0.0014010 seconds
161.836: Application time: 0.0490160 seconds
161.839: [GC161.839: [ParNew: 55718K->6207K(55872K), 0.0023980 secs] 116967K->68404K(182144K), 0.0024430 secs] [Times: user=0.01 sys=0.00, real=0.01 secs] 
161.842: Total time for which application threads were stopped: 0.0054960 seconds, Stopping threads took: 0.0029640 seconds
161.889: Application time: 0.0475650 seconds
161.894: [GC161.894: [ParNew: 55871K->6127K(55872K), 0.0018540 secs] 118068K->68323K(182144K), 0.0018990 secs] [Times: user=0.02 sys=0.00, real=0.00 secs] 
161.896: Total time for which application threads were stopped: 0.0064660 seconds, Stopping threads took: 0.0045000 seconds
161.943: Application time: 0.0475610 seconds
161.946: [GC161.946: [ParNew: 55791K->6207K(55872K), 0.0020490 secs] 117987K->68616K(182144K), 0.0020970 secs] [Times: user=0.02 sys=0.00, real=0.00 secs] 
161.948: Total time for which application threads were stopped: 0.0045580 seconds, Stopping threads took: 0.0023740 seconds
161.993: Application time: 0.0456060 seconds
161.996: [GC161.996: [ParNew: 55871K->6207K(55872K), 0.0022270 secs] 118280K->69209K(182144K), 0.0022730 secs] [Times: user=0.02 sys=0.00, real=0.00 secs] 
161.998: Total time for which application threads were stopped: 0.0046710 seconds, Stopping threads took: 0.0023030 seconds
162.045: Application time: 0.0469670 seconds
162.047: [GC162.047: [ParNew: 55871K->6206K(55872K), 0.0026070 secs] 118873K->70893K(182144K), 0.0026530 secs] [Times: user=0.02 sys=0.00, real=0.00 secs] 
162.050: Total time for which application threads were stopped: 0.0049430 seconds, Stopping threads took: 0.0022140 seconds
162.096: Application time: 0.0465380 seconds
162.099: [GC162.099: [ParNew: 55870K->6207K(55872K), 0.0024610 secs] 120557K->72374K(182144K), 0.0025110 secs] [Times: user=0.02 sys=0.00, real=0.01 secs] 
162.101: Total time for which application threads were stopped: 0.0049800 seconds, Stopping threads took: 0.0024000 seconds
162.147: Application time: 0.0457580 seconds
162.150: [GC162.150: [ParNew: 55871K->6206K(55872K), 0.0027750 secs] 122038K->73652K(182144K), 0.0028240 secs] [Times: user=0.02 sys=0.00, real=0.00 secs] 
162.153: Total time for which application threads were stopped: 0.0054230 seconds, Stopping threads took: 0.0025230 seconds
162.202: Application time: 0.0493100 seconds
162.205: [GC162.205: [ParNew: 55870K->6207K(55872K), 0.0022640 secs] 123316K->74823K(182144K), 0.0023120 secs] [Times: user=0.02 sys=0.00, real=0.00 secs] 
162.207: Total time for which application threads were stopped: 0.0054610 seconds, Stopping threads took: 0.0030800 seconds
162.255: Application time: 0.0474870 seconds
162.257: [GC162.257: [ParNew: 55871K->4260K(55872K), 0.0013500 secs] 124487K->72905K(182144K), 0.0013980 secs] [Times: user=0.01 sys=0.00, real=0.00 secs] 
162.259: Total time for which application threads were stopped: 0.0039660 seconds, Stopping threads took: 0.0025030 seconds
162.307: Application time: 0.0485740 seconds
162.309: [GC162.309: [ParNew: 53924K->5742K(55872K), 0.0018670 secs] 122569K->74415K(182144K), 0.0019120 secs] [Times: user=0.01 sys=0.00, real=0.00 secs] 
162.311: Total time for which application threads were stopped: 0.0035240 seconds, Stopping threads took: 0.0015480 seconds
162.361: Application time: 0.0499330 seconds
162.363: [GC162.363: [ParNew: 55406K->5628K(55872K), 0.0019420 secs] 124079K->74358K(182144K), 0.0019790 secs] [Times: user=0.01 sys=0.00, real=0.00 secs] 
162.365: Total time for which application threads were stopped: 0.0037370 seconds, Stopping threads took: 0.0016940 seconds
162.416: Application time: 0.0515770 seconds
162.418: [GC162.418: [ParNew: 55292K->4174K(55872K), 0.0015850 secs] 124022K->72904K(182144K), 0.0016230 secs] [Times: user=0.01 sys=0.00, real=0.00 secs] 
162.420: Total time for which application threads were stopped: 0.0038560 seconds, Stopping threads took: 0.0021510 seconds
162.467: Application time: 0.0471550 seconds
162.470: [GC162.470: [ParNew: 53838K->6207K(55872K), 0.0022350 secs] 122568K->75727K(182144K), 0.0022770 secs] [Times: user=0.01 sys=0.00, real=0.00 secs] 
162.472: Total time for which application threads were stopped: 0.0052220 seconds, Stopping threads took: 0.0028590 seconds
162.521: Application time: 0.0484230 seconds
162.524: [GC162.524: [ParNew: 55871K->4892K(55872K), 0.0015690 secs] 125391K->74412K(182144K), 0.0016060 secs] [Times: user=0.02 sys=0.00, real=0.00 secs] 
162.525: Total time for which application threads were stopped: 0.0044170 seconds, Stopping threads took: 0.0027300 seconds
162.572: Application time: 0.0470220 seconds
162.575: [GC162.575: [ParNew: 54556K->6207K(55872K), 0.0019830 secs] 124076K->76052K(182144K), 0.0020280 secs] [Times: user=0.01 sys=0.00, real=0.00 secs] 
162.577: Total time for which application threads were stopped: 0.0044280 seconds, Stopping threads took: 0.0023340 seconds
162.622: Application time: 0.0453340 seconds
162.625: [GC162.625: [ParNew: 55871K->6206K(55872K), 0.0025910 secs] 125716K->77516K(182144K), 0.0026350 secs] [Times: user=0.01 sys=0.00, real=0.00 secs] 
162.627: Total time for which application threads were stopped: 0.0050710 seconds, Stopping threads took: 0.0023490 seconds
162.677: Application time: 0.0496000 seconds
162.680: [GC162.680: [ParNew: 55870K->5648K(55872K), 0.0017630 secs] 127180K->76958K(182144K), 0.0018090 secs] [Times: user=0.01 sys=0.00, real=0.01 secs] 
162.682: Total time for which application threads were stopped: 0.0049480 seconds, Stopping threads took: 0.0030720 seconds
162.729: Application time: 0.0468690 seconds
162.730: [GC162.730: [ParNew: 55312K->6021K(55872K), 0.0019050 secs] 126622K->77444K(182144K), 0.0019490 secs] [Times: user=0.01 sys=0.00, real=0.00 secs] 
162.732: Total time for which application threads were stopped: 0.0034950 seconds, Stopping threads took: 0.0014800 seconds
162.780: Application time: 0.0482630 seconds
162.783: [GC162.783: [ParNew: 55685K->6206K(55872K), 0.0021640 secs] 127108K->78138K(182144K), 0.0022130 secs] [Times: user=0.01 sys=0.00, real=0.00 secs] 
162.785: Total time for which application threads were stopped: 0.0046530 seconds, Stopping threads took: 0.0023730 seconds
162.833: Application time: 0.0477700 seconds
162.835: [GC162.835: [ParNew: 55870K->6083K(55872K), 0.0019600 secs] 127802K->78044K(182144K), 0.0020050 secs] [Times: user=0.02 sys=0.00, real=0.00 secs] 
162.837: Total time for which application threads were stopped: 0.0041190 seconds, Stopping threads took: 0.0020460 seconds
162.885: Application time: 0.0479200 seconds
162.888: [GC162.888: [ParNew: 55747K->6206K(55872K), 0.0022610 secs] 127708K->78833K(182144K), 0.0023090 secs] [Times: user=0.02 sys=0.00, real=0.00 secs] 
162.890: Total time for which application threads were stopped: 0.0055780 seconds, Stopping threads took: 0.0031800 seconds
162.937: Application time: 0.0469900 seconds
162.940: [GC162.940: [ParNew: 55870K->6207K(55872K), 0.0023240 secs] 128497K->79346K(182144K), 0.0023760 secs] [Times: user=0.01 sys=0.00, real=0.01 secs] 
162.942: Total time for which application threads were stopped: 0.0046170 seconds, Stopping threads took: 0.0021730 seconds
162.992: Application time: 0.0500020 seconds
162.995: [GC162.995: [ParNew: 55871K->5662K(55872K), 0.0018300 secs] 129010K->78800K(182144K), 0.0018720 secs] [Times: user=0.01 sys=0.00, real=0.00 secs] 
162.997: Total time for which application threads were stopped: 0.0051240 seconds, Stopping threads took: 0.0031670 seconds
163.043: Application time: 0.0460300 seconds
163.045: [GC163.045: [ParNew: 55326K->6056K(55872K), 0.0019470 secs] 128464K->79194K(182144K), 0.0019910 secs] [Times: user=0.01 sys=0.00, real=0.00 secs] 
163.047: Total time for which application threads were stopped: 0.0036640 seconds, Stopping threads took: 0.0015980 seconds
163.094: Application time: 0.0468330 seconds
163.096: [GC163.096: [ParNew: 55720K->6207K(55872K), 0.0021380 secs] 128858K->79684K(182144K), 0.0021830 secs] [Times: user=0.02 sys=0.00, real=0.00 secs] 
163.098: Total time for which application threads were stopped: 0.0042410 seconds, Stopping threads took: 0.0019690 seconds
163.144: Application time: 0.0456310 seconds
163.146: [GC163.146: [ParNew: 55871K->6206K(55872K), 0.0023780 secs] 129348K->80819K(182144K), 0.0024240 secs] [Times: user=0.01 sys=0.00, real=0.00 secs] 
163.148: Total time for which application threads were stopped: 0.0046630 seconds, Stopping threads took: 0.0021700 seconds
163.199: Application time: 0.0507730 seconds
163.201: [GC163.201: [ParNew: 55870K->6207K(55872K), 0.0022430 secs] 130483K->81892K(182144K), 0.0022940 secs] [Times: user=0.01 sys=0.00, real=0.01 secs] 
163.204: Total time for which application threads were stopped: 0.0045600 seconds, Stopping threads took: 0.0021970 seconds
163.250: Application time: 0.0465580 seconds
163.253: [GC163.253: [ParNew: 55870K->6207K(55872K), 0.0025870 secs] 131556K->83659K(182144K), 0.0026360 secs] [Times: user=0.01 sys=0.00, real=0.01 secs] 
163.255: Total time for which application threads were stopped: 0.0050920 seconds, Stopping threads took: 0.0023880 seconds
163.302: Application time: 0.0466770 seconds
163.304: [GC163.304: [ParNew: 55871K->6206K(55872K), 0.0020840 secs] 133323K->84294K(182144K), 0.0021260 secs] [Times: user=0.01 sys=0.00, real=0.00 secs] 
163.306: Total time for which application threads were stopped: 0.0043090 seconds, Stopping threads took: 0.0021170 seconds
163.358: Application time: 0.0520710 seconds
163.360: [GC163.360: [ParNew: 55870K->5689K(55872K), 0.0019630 secs] 133958K->83834K(182144K), 0.0020050 secs] [Times: user=0.02 sys=0.00, real=0.01 secs] 
163.362: Total time for which application threads were stopped: 0.0039410 seconds, Stopping threads took: 0.0018690 seconds
163.412: Application time: 0.0500250 seconds
163.414: [GC163.414: [ParNew: 55353K->6206K(55872K), 0.0021750 secs] 133498K->84777K(182144K), 0.0022170 secs] [Times: user=0.02 sys=0.00, real=0.00 secs] 
163.416: Total time for which application threads were stopped: 0.0039380 seconds, Stopping threads took: 0.0016560 seconds
163.465: Application time: 0.0484790 seconds
163.467: [GC163.467: [ParNew: 55870K->6206K(55872K), 0.0020820 secs] 134441K->85069K(182144K), 0.0021280 secs] [Times: user=0.01 sys=0.00, real=0.00 secs] 
163.469: Total time for which application threads were stopped: 0.0046260 seconds, Stopping threads took: 0.0024180 seconds
163.516: Application time: 0.0469050 seconds
163.519: [GC163.519: [ParNew: 55870K->6207K(55872K), 0.0019820 secs] 134733K->85149K(182144K), 0.0020220 secs] [Times: user=0.01 sys=0.00, real=0.00 secs] 
163.521: Total time for which application threads were stopped: 0.0046340 seconds, Stopping threads took: 0.0025510 seconds
163.567: Application time: 0.0464620 seconds
163.570: [GC163.570: [ParNew: 55871K->6207K(55872K), 0.0023940 secs] 134813K->86246K(182144K), 0.0024470 secs] [Times: user=0.02 sys=0.00, real=0.00 secs] 
163.572: Total time for which application threads were stopped: 0.0047820 seconds, Stopping threads took: 0.0022370 seconds
163.621: Application time: 0.0489480 seconds
163.623: [GC163.623: [ParNew: 55871K->5856K(55872K), 0.0017710 secs] 135910K->85894K(182144K), 0.0018110 secs] [Times: user=0.01 sys=0.00, real=0.00 secs] 
163.625: Total time for which application threads were stopped: 0.0041300 seconds, Stopping threads took: 0.0022460 seconds
163.673: Application time: 0.0479620 seconds
163.674: [GC163.674: [ParNew: 55520K->6207K(55872K), 0.0025370 secs] 135558K->87409K(182144K), 0.0025860 secs] [Times: user=0.02 sys=0.00, real=0.00 secs] 
163.677: Total time for which application threads were stopped: 0.0038810 seconds, Stopping threads took: 0.0012150 seconds
163.725: Application time: 0.0484910 seconds
163.727: [GC163.727: [ParNew: 55871K->5524K(55872K), 0.0020020 secs] 137073K->86726K(182144K), 0.0020420 secs] [Times: user=0.01 sys=0.00, real=0.00 secs] 
163.729: Total time for which application threads were stopped: 0.0034920 seconds, Stopping threads took: 0.0013840 seconds
163.776: Application time: 0.0472310 seconds
163.778: [GC163.778: [ParNew: 55188K->6206K(55872K), 0.0020960 secs] 136390K->87634K(182144K), 0.0021400 secs] [Times: user=0.02 sys=0.00, real=0.00 secs] 
163.780: Total time for which application threads were stopped: 0.0039450 seconds, Stopping threads took: 0.0017150 seconds
163.825: Application time: 0.0449060 seconds
163.828: [GC163.828: [ParNew: 55870K->6131K(55872K), 0.0018190 secs] 137298K->87645K(182144K), 0.0018600 secs] [Times: user=0.01 sys=0.00, real=0.00 secs] 
163.829: Total time for which application threads were stopped: 0.0043780 seconds, Stopping threads took: 0.0024540 seconds
163.877: Application time: 0.0474890 seconds
163.879: [GC163.879: [ParNew: 55795K->6046K(55872K), 0.0019180 secs] 137309K->87617K(182144K), 0.0019530 secs] [Times: user=0.02 sys=0.01, real=0.00 secs] 
163.881: Total time for which application threads were stopped: 0.0037290 seconds, Stopping threads took: 0.0017140 seconds
163.928: Application time: 0.0470440 seconds
163.929: [GC163.929: [ParNew: 55710K->5564K(55872K), 0.0017960 secs] 137281K->87163K(182144K), 0.0018350 secs] [Times: user=0.02 sys=0.00, real=0.00 secs] 
163.931: Total time for which application threads were stopped: 0.0032630 seconds, Stopping threads took: 0.0013590 seconds
163.975: Application time: 0.0437230 seconds
163.977: [GC163.977: [ParNew: 55228K->6093K(55872K), 0.0019350 secs] 136827K->87750K(182144K), 0.0019770 secs] [Times: user=0.02 sys=0.00, real=0.00 secs] 
163.979: Total time for which application threads were stopped: 0.0040220 seconds, Stopping threads took: 0.0019810 seconds
164.023: Application time: 0.0444180 seconds
164.025: [GC164.025: [ParNew: 55757K->6162K(55872K), 0.0018700 secs] 137414K->87819K(182144K), 0.0019140 secs] [Times: user=0.01 sys=0.00, real=0.00 secs] 
164.027: Total time for which application threads were stopped: 0.0036500 seconds, Stopping threads took: 0.0016710 seconds
164.074: Application time: 0.0469880 seconds
164.074: [GC164.074: [ParNew: 55826K->5687K(55872K), 0.0019230 secs] 137483K->87343K(182144K), 0.0019630 secs] [Times: user=0.01 sys=0.00, real=0.00 secs] 
164.076: Total time for which application threads were stopped: 0.0024710 seconds, Stopping threads took: 0.0004370 seconds
164.122: Application time: 0.0459480 seconds
164.123: [GC164.123: [ParNew: 55351K->6207K(55872K), 0.0019200 secs] 137007K->87886K(182144K), 0.0019600 secs] [Times: user=0.01 sys=0.00, real=0.00 secs] 
164.125: Total time for which application threads were stopped: 0.0026360 seconds, Stopping threads took: 0.0006100 seconds
164.171: Application time: 0.0458500 seconds
164.172: [GC164.172: [ParNew: 55871K->6207K(55872K), 0.0021910 secs] 137550K->87984K(182144K), 0.0022300 secs] [Times: user=0.01 sys=0.00, real=0.01 secs] 
164.175: Total time for which application threads were stopped: 0.0037910 seconds, Stopping threads took: 0.0014980 seconds
164.220: Application time: 0.0450080 seconds
164.223: [GC164.223: [ParNew: 55871K->6206K(55872K), 0.0019870 secs] 137648K->88099K(182144K), 0.0020370 secs] [Times: user=0.02 sys=0.00, real=0.00 secs] 
164.225: Total time for which application threads were stopped: 0.0051730 seconds, Stopping threads took: 0.0030710 seconds
164.270: Application time: 0.0450300 seconds
164.271: [GC164.271: [ParNew: 55870K->5456K(55872K), 0.0016380 secs] 137763K->87349K(182144K), 0.0016770 secs] [Times: user=0.01 sys=0.00, real=0.00 secs] 
164.273: Total time for which application threads were stopped: 0.0030230 seconds, Stopping threads took: 0.0012620 seconds
164.320: Application time: 0.0468370 seconds
164.322: [GC164.322: [ParNew: 55120K->6207K(55872K), 0.0022790 secs] 137013K->89314K(182144K), 0.0023180 secs] [Times: user=0.02 sys=0.00, real=0.00 secs] 
164.324: Total time for which application threads were stopped: 0.0046600 seconds, Stopping threads took: 0.0022570 seconds
164.371: Application time: 0.0466800 seconds
164.373: [GC164.373: [ParNew: 55871K->6206K(55872K), 0.0023570 secs] 138978K->90318K(182144K), 0.0024020 secs] [Times: user=0.02 sys=0.00, real=0.01 secs] 
164.376: Total time for which application threads were stopped: 0.0045900 seconds, Stopping threads took: 0.0021210 seconds
164.420: Application time: 0.0446090 seconds
164.422: [GC164.422: [ParNew: 55870K->6207K(55872K), 0.0022560 secs] 139982K->91234K(182144K), 0.0022970 secs] [Times: user=0.02 sys=0.00, real=0.00 secs] 
164.425: Total time for which application threads were stopped: 0.0044830 seconds, Stopping threads took: 0.0020980 seconds
164.472: Application time: 0.0470340 seconds
164.475: [GC164.475: [ParNew: 55871K->6049K(55872K), 0.0017850 secs] 140898K->91105K(182144K), 0.0018260 secs] [Times: user=0.01 sys=0.00, real=0.00 secs] 
164.477: Total time for which application threads were stopped: 0.0049530 seconds, Stopping threads took: 0.0030600 seconds
164.523: Application time: 0.0462570 seconds
164.525: [GC164.525: [ParNew: 55713K->6207K(55872K), 0.0024440 secs] 140769K->92967K(182144K), 0.0024850 secs] [Times: user=0.02 sys=0.00, real=0.00 secs] 
164.527: Total time for which application threads were stopped: 0.0041690 seconds, Stopping threads took: 0.0016190 seconds
164.572: Application time: 0.0446630 seconds
164.573: [GC164.573: [ParNew: 55871K->6207K(55872K), 0.0023970 secs] 142631K->94627K(182144K), 0.0024400 secs] [Times: user=0.02 sys=0.00, real=0.01 secs] 
164.576: Total time for which application threads were stopped: 0.0040260 seconds, Stopping threads took: 0.0015230 seconds
164.620: Application time: 0.0439820 seconds
164.622: [GC164.622: [ParNew: 55871K->6207K(55872K), 0.0020660 secs] 144291K->95188K(182144K), 0.0021080 secs] [Times: user=0.02 sys=0.00, real=0.00 secs] 
164.624: Total time for which application threads were stopped: 0.0042290 seconds, Stopping threads took: 0.0020440 seconds
164.669: Application time: 0.0450850 seconds
164.671: [GC164.671: [ParNew: 55871K->6207K(55872K), 0.0019760 secs] 144852K->95339K(182144K), 0.0020170 secs] [Times: user=0.01 sys=0.00, real=0.00 secs] 
164.673: Total time for which application threads were stopped: 0.0038890 seconds, Stopping threads took: 0.0018100 seconds
164.721: Application time: 0.0477340 seconds
164.722: [GC164.722: [ParNew: 55871K->5594K(55872K), 0.0016990 secs] 145003K->94726K(182144K), 0.0017340 secs] [Times: user=0.01 sys=0.00, real=0.00 secs] 
164.724: Total time for which application threads were stopped: 0.0034140 seconds, Stopping threads took: 0.0016200 seconds
164.770: Application time: 0.0454780 seconds
164.771: [GC164.771: [ParNew: 55258K->5581K(55872K), 0.0016970 secs] 144390K->94713K(182144K), 0.0017380 secs] [Times: user=0.02 sys=0.00, real=0.00 secs] 
164.773: Total time for which application threads were stopped: 0.0035280 seconds, Stopping threads took: 0.0017250 seconds
164.820: Application time: 0.0468880 seconds
164.822: [GC164.822: [ParNew: 55245K->5992K(55872K), 0.0018020 secs] 144377K->95181K(182144K), 0.0018420 secs] [Times: user=0.01 sys=0.00, real=0.00 secs] 
164.824: Total time for which application threads were stopped: 0.0037790 seconds, Stopping threads took: 0.0018630 seconds
164.868: Application time: 0.0441480 seconds
164.870: [GC164.870: [ParNew: 55656K->6207K(55872K), 0.0023240 secs] 144845K->96425K(182144K), 0.0023710 secs] [Times: user=0.02 sys=0.00, real=0.00 secs] 
164.872: Total time for which application threads were stopped: 0.0041400 seconds, Stopping threads took: 0.0017070 seconds
164.917: Application time: 0.0453500 seconds
164.920: [GC164.920: [ParNew: 55871K->6052K(55872K), 0.0019280 secs] 146089K->96299K(182144K), 0.0019710 secs] [Times: user=0.02 sys=0.00, real=0.01 secs] 
164.922: Total time for which application threads were stopped: 0.0045440 seconds, Stopping threads took: 0.0025150 seconds
164.964: Application time: 0.0419750 seconds
164.967: [GC164.967: [ParNew: 55716K->6207K(55872K), 0.0021100 secs] 145963K->97206K(182144K), 0.0021500 secs] [Times: user=0.01 sys=0.00, real=0.00 secs] 
164.969: Total time for which application threads were stopped: 0.0051970 seconds, Stopping threads took: 0.0029840 seconds
 CMS: abort preclean due to time 164.971: [CMS-concurrent-abortable-preclean: 0.252/5.005 secs] [Times: user=38.30 sys=0.18, real=5.00 secs] 
164.971: Application time: 0.0020960 seconds
164.974: [GC[YG occupancy: 11850 K (55872 K)]164.974: [Rescan (parallel) , 0.0003250 secs]164.974: [weak refs processing, 0.0000070 secs]164.974: [scrub string table, 0.0001160 secs] [1 CMS-remark: 90998K(126272K)] 102848K(182144K), 0.0004820 secs] [Times: user=0.00 sys=0.00, real=0.00 secs] 
164.974: Total time for which application threads were stopped: 0.0032190 seconds, Stopping threads took: 0.0027050 seconds
164.974: [CMS-concurrent-sweep-start]
164.980: [CMS-concurrent-sweep: 0.006/0.006 secs] [Times: user=0.03 sys=0.00, real=0.00 secs] 
164.980: [CMS-concurrent-reset-start]
164.981: [CMS-concurrent-reset: 0.000/0.000 secs] [Times: user=0.00 sys=0.00, real=0.00 secs] 
165.014: Application time: 0.0393220 seconds
165.016: [GC165.016: [ParNew: 55871K->6206K(55872K), 0.0021990 secs] 101367K->52537K(182144K), 0.0022420 secs] [Times: user=0.02 sys=0.00, real=0.00 secs] 
165.019: Total time for which application threads were stopped: 0.0049360 seconds, Stopping threads took: 0.0026090 seconds
165.064: Application time: 0.0455530 seconds
165.067: [GC165.067: [ParNew: 55870K->5072K(55872K), 0.0014770 secs] 102201K->51403K(182144K), 0.0015160 secs] [Times: user=0.01 sys=0.00, real=0.00 secs] 
165.068: Total time for which application threads were stopped: 0.0039740 seconds, Stopping threads took: 0.0023940 seconds
165.116: Application time: 0.0480950 seconds
165.118: [GC165.118: [ParNew: 54736K->6206K(55872K), 0.0025690 secs] 101067K->54232K(182144K), 0.0026180 secs] [Times: user=0.01 sys=0.00, real=0.00 secs] 
165.121: Total time for which application threads were stopped: 0.0043120 seconds, Stopping threads took: 0.0016180 seconds
165.121: Application time: 0.0000970 seconds
165.121: [GC [1 CMS-initial-mark: 48025K(126272K)] 55228K(182144K), 0.0002090 secs] [Times: user=0.00 sys=0.00, real=0.00 secs] 
165.121: Total time for which application threads were stopped: 0.0005910 seconds, Stopping threads took: 0.0003540 seconds
165.121: [CMS-concurrent-mark-start]
165.129: [CMS-concurrent-mark: 0.007/0.007 secs] [Times: user=0.02 sys=0.01, real=0.01 secs] 
165.129: [CMS-concurrent-preclean-start]
165.129: [CMS-concurrent-preclean: 0.000/0.000 secs] [Times: user=0.00 sys=0.00, real=0.00 secs] 
165.129: [CMS-concurrent-abortable-preclean-start]
165.167: Application time: 0.0460720 seconds
165.169: [GC165.169: [ParNew: 55870K->4784K(55872K), 0.0016120 secs] 103896K->52810K(182144K), 0.0016520 secs] [Times: user=0.01 sys=0.00, real=0.00 secs] 
165.171: Total time for which application threads were stopped: 0.0032510 seconds, Stopping threads took: 0.0015290 seconds
165.215: Application time: 0.0438740 seconds
165.217: [GC165.217: [ParNew: 54448K->6206K(55872K), 0.0021200 secs] 102474K->54988K(182144K), 0.0021660 secs] [Times: user=0.02 sys=0.00, real=0.00 secs] 
165.219: Total time for which application threads were stopped: 0.0044470 seconds, Stopping threads took: 0.0022050 seconds
165.264: Application time: 0.0451590 seconds
165.266: [GC165.266: [ParNew: 55870K->5035K(55872K), 0.0015410 secs] 104652K->53817K(182144K), 0.0015870 secs] [Times: user=0.01 sys=0.00, real=0.00 secs] 
165.267: Total time for which application threads were stopped: 0.0031630 seconds, Stopping threads took: 0.0015080 seconds
165.314: Application time: 0.0464820 seconds
165.316: [GC165.316: [ParNew: 54699K->6155K(55872K), 0.0021780 secs] 103481K->54965K(182144K), 0.0022290 secs] [Times: user=0.02 sys=0.00, real=0.00 secs] 
165.318: Total time for which application threads were stopped: 0.0042780 seconds, Stopping threads took: 0.0019630 seconds
165.364: Application time: 0.0463360 seconds
165.366: [GC165.366: [ParNew: 55819K->6206K(55872K), 0.0022440 secs] 104629K->55887K(182144K), 0.0022900 secs] [Times: user=0.01 sys=0.00, real=0.00 secs] 
165.369: Total time for which application threads were stopped: 0.0043150 seconds, Stopping threads took: 0.0019580 seconds
165.413: Application time: 0.0442300 seconds
165.414: [GC165.414: [ParNew: 55870K->6030K(55872K), 0.0019430 secs] 105551K->55797K(182144K), 0.0019860 secs] [Times: user=0.01 sys=0.00, real=0.00 secs] 
165.416: Total time for which application threads were stopped: 0.0031280 seconds, Stopping threads took: 0.0010770 seconds
165.461: Application time: 0.0450220 seconds
165.464: [GC165.464: [ParNew: 55694K->6207K(55872K), 0.0022310 secs] 105461K->56642K(182144K), 0.0022760 secs] [Times: user=0.02 sys=0.00, real=0.00 secs] 
165.466: Total time for which application threads were stopped: 0.0047650 seconds, Stopping threads took: 0.0024050 seconds
165.510: Application time: 0.0445040 seconds
165.512: [GC165.512: [ParNew: 55871K->6206K(55872K), 0.0024170 secs] 106306K->58298K(182144K), 0.0024610 secs] [Times: user=0.02 sys=0.00, real=0.01 secs] 
165.515: Total time for which application threads were stopped: 0.0044130 seconds, Stopping threads took: 0.0018850 seconds
165.560: Application time: 0.0455070 seconds
165.562: [GC165.562: [ParNew: 55870K->6206K(55872K), 0.0020540 secs] 107962K->58772K(182144K), 0.0020970 secs] [Times: user=0.02 sys=0.00, real=0.00 secs] 
165.564: Total time for which application threads were stopped: 0.0035960 seconds, Stopping threads took: 0.0014340 seconds
165.609: Application time: 0.0447830 seconds
165.611: [GC165.611: [ParNew: 55870K->6207K(55872K), 0.0023030 secs] 108436K->60104K(182144K), 0.0023480 secs] [Times: user=0.02 sys=0.00, real=0.00 secs] 
165.613: Total time for which application threads were stopped: 0.0046400 seconds, Stopping threads took: 0.0022280 seconds
165.657: Application time: 0.0437300 seconds
165.659: [GC165.659: [ParNew: 55871K->6207K(55872K), 0.0020280 secs] 109768K->60521K(182144K), 0.0020680 secs] [Times: user=0.01 sys=0.00, real=0.01 secs] 
165.661: Total time for which application threads were stopped: 0.0044120 seconds, Stopping threads took: 0.0022800 seconds
165.707: Application time: 0.0457320 seconds
165.709: [GC165.709: [ParNew: 55871K->5084K(55872K), 0.0015480 secs] 110185K->59398K(182144K), 0.0015880 secs] [Times: user=0.01 sys=0.00, real=0.00 secs] 
165.711: Total time for which application threads were stopped: 0.0034910 seconds, Stopping threads took: 0.0018310 seconds
165.754: Application time: 0.0433990 seconds
165.756: [GC165.756: [ParNew: 54748K->6207K(55872K), 0.0020110 secs] 109062K->60832K(182144K), 0.0020560 secs] [Times: user=0.02 sys=0.00, real=0.00 secs] 
165.758: Total time for which application threads were stopped: 0.0036590 seconds, Stopping threads took: 0.0015370 seconds
165.803: Application time: 0.0448480 seconds
165.804: [GC165.804: [ParNew: 55871K->6207K(55872K), 0.0023070 secs] 110496K->62000K(182144K), 0.0023510 secs] [Times: user=0.02 sys=0.00, real=0.00 secs] 
165.806: Total time for which application threads were stopped: 0.0037160 seconds, Stopping threads took: 0.0013010 seconds
165.850: Application time: 0.0438850 seconds
165.852: [GC165.852: [ParNew: 55871K->6207K(55872K), 0.0020040 secs] 111664K->62161K(182144K), 0.0020550 secs] [Times: user=0.02 sys=0.00, real=0.01 secs] 
165.854: Total time for which application threads were stopped: 0.0041290 seconds, Stopping threads took: 0.0020090 seconds
165.898: Application time: 0.0439390 seconds
165.900: [GC165.900: [ParNew: 55871K->6207K(55872K), 0.0020310 secs] 111825K->62345K(182144K), 0.0020730 secs] [Times: user=0.02 sys=0.00, real=0.01 secs] 
165.902: Total time for which application threads were stopped: 0.0033950 seconds, Stopping threads took: 0.0012590 seconds
165.947: Application time: 0.0456760 seconds
165.950: [GC165.950: [ParNew: 55871K->5836K(55872K), 0.0018310 secs] 112009K->62031K(182144K), 0.0018720 secs] [Times: user=0.01 sys=0.00, real=0.00 secs] 
165.952: Total time for which application threads were stopped: 0.0042340 seconds, Stopping threads took: 0.0022990 seconds
165.997: Application time: 0.0458140 seconds
165.998: [GC165.998: [ParNew: 55498K->3793K(55872K), 0.0013220 secs] 111693K->60016K(182144K), 0.0013550 secs] [Times: user=0.01 sys=0.00, real=0.00 secs] 
165.999: Total time for which application threads were stopped: 0.0018320 seconds, Stopping threads took: 0.0004180 seconds
166.044: Application time: 0.0444300 seconds
166.047: [GC166.047: [ParNew: 53457K->6207K(55872K), 0.0022870 secs] 109680K->63553K(182144K), 0.0023310 secs] [Times: user=0.02 sys=0.00, real=0.00 secs] 
166.049: Total time for which application threads were stopped: 0.0052630 seconds, Stopping threads took: 0.0028670 seconds
166.094: Application time: 0.0446190 seconds
166.095: [GC166.095: [ParNew: 55871K->6206K(55872K), 0.0021550 secs] 113217K->64125K(182144K), 0.0021990 secs] [Times: user=0.02 sys=0.00, real=0.00 secs] 
166.097: Total time for which application threads were stopped: 0.0033270 seconds, Stopping threads took: 0.0010610 seconds
166.145: Application time: 0.0479200 seconds
166.146: [GC166.146: [ParNew: 55870K->4000K(55872K), 0.0013900 secs] 113789K->61919K(182144K), 0.0014260 secs] [Times: user=0.01 sys=0.00, real=0.00 secs] 
166.148: Total time for which application threads were stopped: 0.0029080 seconds, Stopping threads took: 0.0014230 seconds
166.194: Application time: 0.0457910 seconds
166.196: [GC166.196: [ParNew: 53664K->6034K(55872K), 0.0019980 secs] 111583K->63952K(182144K), 0.0020330 secs] [Times: user=0.01 sys=0.00, real=0.00 secs] 
166.198: Total time for which application threads were stopped: 0.0044770 seconds, Stopping threads took: 0.0023820 seconds
166.242: Application time: 0.0441780 seconds
166.244: [GC166.244: [ParNew: 55698K->6206K(55872K), 0.0021890 secs] 113616K->65162K(182144K), 0.0022310 secs] [Times: user=0.02 sys=0.00, real=0.00 secs] 
166.247: Total time for which application threads were stopped: 0.0043320 seconds, Stopping threads took: 0.0020280 seconds
166.291: Application time: 0.0444520 seconds
166.294: [GC166.294: [ParNew: 55870K->6206K(55872K), 0.0022350 secs] 114826K->66265K(182144K), 0.0022760 secs] [Times: user=0.01 sys=0.00, real=0.00 secs] 
166.296: Total time for which application threads were stopped: 0.0052750 seconds, Stopping threads took: 0.0029370 seconds
166.341: Application time: 0.0442950 seconds
166.343: [GC166.343: [ParNew: 55870K->6206K(55872K), 0.0023120 secs] 115929K->67306K(182144K), 0.0023560 secs] [Times: user=0.02 sys=0.00, real=0.00 secs] 
166.346: Total time for which application threads were stopped: 0.0052890 seconds, Stopping threads took: 0.0028710 seconds
166.395: Application time: 0.0492760 seconds
166.397: [GC166.397: [ParNew: 55870K->6207K(55872K), 0.0020910 secs] 116970K->67884K(182144K), 0.0021350 secs] [Times: user=0.01 sys=0.00, real=0.00 secs] 
166.399: Total time for which application threads were stopped: 0.0038810 seconds, Stopping threads took: 0.0016800 seconds
166.442: Application time: 0.0430990 seconds
166.444: [GC166.444: [ParNew: 55871K->6207K(55872K), 0.0022220 secs] 117548K->68716K(182144K), 0.0022650 secs] [Times: user=0.02 sys=0.00, real=0.00 secs] 
166.447: Total time for which application threads were stopped: 0.0044800 seconds, Stopping threads took: 0.0021520 seconds
166.491: Application time: 0.0444470 seconds
166.493: [GC166.493: [ParNew: 55871K->6207K(55872K), 0.0023620 secs] 118380K->70200K(182144K), 0.0024190 secs] [Times: user=0.02 sys=0.00, real=0.01 secs] 
166.495: Total time for which application threads were stopped: 0.0042230 seconds, Stopping threads took: 0.0017340 seconds
166.539: Application time: 0.0436940 seconds
166.541: [GC166.541: [ParNew: 55871K->6206K(55872K), 0.0021490 secs] 119864K->70598K(182144K), 0.0021950 secs] [Times: user=0.01 sys=0.00, real=0.01 secs] 
166.543: Total time for which application threads were stopped: 0.0042320 seconds, Stopping threads took: 0.0019510 seconds
166.586: Application time: 0.0423340 seconds
166.588: [GC166.588: [ParNew: 55870K->6206K(55872K), 0.0024280 secs] 120262K->71860K(182144K), 0.0024730 secs] [Times: user=0.01 sys=0.00, real=0.00 secs] 
166.590: Total time for which application threads were stopped: 0.0045220 seconds, Stopping threads took: 0.0019840 seconds
166.635: Application time: 0.0446060 seconds
166.636: [GC166.636: [ParNew: 55870K->6206K(55872K), 0.0020080 secs] 121524K->72234K(182144K), 0.0020560 secs] [Times: user=0.02 sys=0.00, real=0.00 secs] 
166.638: Total time for which application threads were stopped: 0.0033880 seconds, Stopping threads took: 0.0012430 seconds
166.683: Application time: 0.0447420 seconds
166.685: [GC166.685: [ParNew: 55870K->6207K(55872K), 0.0023920 secs] 121898K->73580K(182144K), 0.0024370 secs] [Times: user=0.02 sys=0.00, real=0.00 secs] 
166.687: Total time for which application threads were stopped: 0.0045260 seconds, Stopping threads took: 0.0020010 seconds
166.734: Application time: 0.0469060 seconds
166.736: [GC166.736: [ParNew: 55871K->5619K(55872K), 0.0019780 secs] 123244K->72991K(182144K), 0.0020210 secs] [Times: user=0.02 sys=0.00, real=0.00 secs] 
166.738: Total time for which application threads were stopped: 0.0039200 seconds, Stopping threads took: 0.0018150 seconds
166.782: Application time: 0.0434430 seconds
166.784: [GC166.784: [ParNew: 55283K->6207K(55872K), 0.0024220 secs] 122655K->74957K(182144K), 0.0024690 secs] [Times: user=0.02 sys=0.00, real=0.00 secs] 
166.787: Total time for which application threads were stopped: 0.0049550 seconds, Stopping threads took: 0.0023930 seconds
166.831: Application time: 0.0444780 seconds
166.833: [GC166.833: [ParNew: 55871K->6206K(55872K), 0.0023750 secs] 124621K->76231K(182144K), 0.0024210 secs] [Times: user=0.02 sys=0.00, real=0.01 secs] 
166.835: Total time for which application threads were stopped: 0.0042150 seconds, Stopping threads took: 0.0017070 seconds
166.879: Application time: 0.0440680 seconds
166.881: [GC166.881: [ParNew: 55870K->6206K(55872K), 0.0023070 secs] 125895K->77445K(182144K), 0.0023510 secs] [Times: user=0.02 sys=0.00, real=0.01 secs] 
166.883: Total time for which application threads were stopped: 0.0038980 seconds, Stopping threads took: 0.0014800 seconds
166.928: Application time: 0.0450550 seconds
166.930: [GC166.930: [ParNew: 55870K->6206K(55872K), 0.0023580 secs] 127109K->78473K(182144K), 0.0024020 secs] [Times: user=0.02 sys=0.00, real=0.00 secs] 
166.933: Total time for which application threads were stopped: 0.0044960 seconds, Stopping threads took: 0.0020270 seconds
166.977: Application time: 0.0442020 seconds
166.979: [GC166.979: [ParNew: 55870K->6207K(55872K), 0.0022030 secs] 128137K->78823K(182144K), 0.0022460 secs] [Times: user=0.01 sys=0.00, real=0.00 secs] 
166.981: Total time for which application threads were stopped: 0.0040780 seconds, Stopping threads took: 0.0017680 seconds
167.025: Application time: 0.0441480 seconds
167.028: [GC167.028: [ParNew: 55871K->6207K(55872K), 0.0024720 secs] 128487K->80091K(182144K), 0.0025170 secs] [Times: user=0.02 sys=0.00, real=0.00 secs] 
167.030: Total time for which application threads were stopped: 0.0052000 seconds, Stopping threads took: 0.0025980 seconds
167.074: Application time: 0.0439840 seconds
167.076: [GC167.076: [ParNew: 55871K->5754K(55872K), 0.0017770 secs] 129755K->79695K(182144K), 0.0018310 secs] [Times: user=0.01 sys=0.00, real=0.00 secs] 
167.078: Total time for which application threads were stopped: 0.0032150 seconds, Stopping threads took: 0.0013230 seconds
167.120: Application time: 0.0420400 seconds
167.123: [GC167.123: [ParNew: 55418K->6206K(55872K), 0.0024130 secs] 129359K->81845K(182144K), 0.0024560 secs] [Times: user=0.02 sys=0.00, real=0.00 secs] 
167.125: Total time for which application threads were stopped: 0.0055510 seconds, Stopping threads took: 0.0030080 seconds
167.169: Application time: 0.0442220 seconds
167.172: [GC167.172: [ParNew: 55870K->6207K(55872K), 0.0024170 secs] 131509K->82431K(182144K), 0.0024640 secs] [Times: user=0.01 sys=0.00, real=0.01 secs] 
167.174: Total time for which application threads were stopped: 0.0048610 seconds, Stopping threads took: 0.0023110 seconds
167.220: Application time: 0.0455160 seconds
167.223: [GC167.223: [ParNew: 55871K->5466K(55872K), 0.0016420 secs] 132095K->81690K(182144K), 0.0016840 secs] [Times: user=0.01 sys=0.00, real=0.00 secs] 
167.224: Total time for which application threads were stopped: 0.0046540 seconds, Stopping threads took: 0.0029070 seconds
167.270: Application time: 0.0457390 seconds
167.273: [GC167.273: [ParNew: 55130K->6207K(55872K), 0.0022150 secs] 131354K->83197K(182144K), 0.0022570 secs] [Times: user=0.02 sys=0.00, real=0.01 secs] 
167.275: Total time for which application threads were stopped: 0.0045850 seconds, Stopping threads took: 0.0022420 seconds
167.320: Application time: 0.0451900 seconds
167.322: [GC167.322: [ParNew: 55871K->6207K(55872K), 0.0021090 secs] 132861K->83975K(182144K), 0.0021530 secs] [Times: user=0.02 sys=0.00, real=0.00 secs] 
167.324: Total time for which application threads were stopped: 0.0043510 seconds, Stopping threads took: 0.0021250 seconds
167.369: Application time: 0.0445810 seconds
167.370: [GC167.370: [ParNew: 55871K->6206K(55872K), 0.0025380 secs] 133639K->85728K(182144K), 0.0025840 secs] [Times: user=0.02 sys=0.00, real=0.00 secs] 
167.373: Total time for which application threads were stopped: 0.0040280 seconds, Stopping threads took: 0.0013780 seconds
167.417: Application time: 0.0444340 seconds
167.419: [GC167.419: [ParNew: 55870K->6206K(55872K), 0.0023540 secs] 135392K->87153K(182144K), 0.0023980 secs] [Times: user=0.01 sys=0.00, real=0.01 secs] 
167.422: Total time for which application threads were stopped: 0.0044520 seconds, Stopping threads took: 0.0019930 seconds
167.466: Application time: 0.0442850 seconds
167.468: [GC167.468: [ParNew: 55870K->6206K(55872K), 0.0023960 secs] 136817K->88570K(182144K), 0.0024410 secs] [Times: user=0.02 sys=0.00, real=0.00 secs] 
167.470: Total time for which application threads were stopped: 0.0038470 seconds, Stopping threads took: 0.0013390 seconds
167.518: Application time: 0.0479950 seconds
167.520: [GC167.520: [ParNew: 55870K->5074K(55872K), 0.0016190 secs] 138234K->87467K(182144K), 0.0016570 secs] [Times: user=0.01 sys=0.00, real=0.01 secs] 
167.521: Total time for which application threads were stopped: 0.0034800 seconds, Stopping threads took: 0.0017610 seconds
167.567: Application time: 0.0452220 seconds
167.569: [GC167.569: [ParNew: 54738K->6206K(55872K), 0.0019310 secs] 137131K->88667K(182144K), 0.0019720 secs] [Times: user=0.01 sys=0.00, real=0.00 secs] 
167.571: Total time for which application threads were stopped: 0.0039760 seconds, Stopping threads took: 0.0019380 seconds
167.615: Application time: 0.0442290 seconds
167.617: [GC167.617: [ParNew: 55870K->6206K(55872K), 0.0023440 secs] 138331K->89539K(182144K), 0.0023890 secs] [Times: user=0.02 sys=0.00, real=0.00 secs] 
167.619: Total time for which application threads were stopped: 0.0043720 seconds, Stopping threads took: 0.0019180 seconds
167.665: Application time: 0.0453900 seconds
167.666: [GC167.666: [ParNew: 55870K->5973K(55872K), 0.0019000 secs] 139203K->89306K(182144K), 0.0019350 secs] [Times: user=0.02 sys=0.00, real=0.00 secs] 
167.668: Total time for which application threads were stopped: 0.0037130 seconds, Stopping threads took: 0.0016940 seconds
167.714: Application time: 0.0454070 seconds
167.718: [GC167.718: [ParNew: 55637K->6207K(55872K), 0.0022570 secs] 138970K->90322K(182144K), 0.0023060 secs] [Times: user=0.01 sys=0.00, real=0.00 secs] 
167.720: Total time for which application threads were stopped: 0.0062010 seconds, Stopping threads took: 0.0038320 seconds
167.764: Application time: 0.0444890 seconds
167.766: [GC167.766: [ParNew: 55871K->5578K(55872K), 0.0017790 secs] 139986K->89693K(182144K), 0.0018170 secs] [Times: user=0.01 sys=0.00, real=0.00 secs] 
167.768: Total time for which application threads were stopped: 0.0036110 seconds, Stopping threads took: 0.0017330 seconds
167.812: Application time: 0.0441060 seconds
167.815: [GC167.815: [ParNew: 55242K->6207K(55872K), 0.0021770 secs] 139357K->91170K(182144K), 0.0022200 secs] [Times: user=0.01 sys=0.00, real=0.00 secs] 
167.817: Total time for which application threads were stopped: 0.0049090 seconds, Stopping threads took: 0.0026210 seconds
167.866: Application time: 0.0487070 seconds
167.868: [GC167.868: [ParNew: 55871K->6206K(55872K), 0.0023010 secs] 140834K->92162K(182144K), 0.0023480 secs] [Times: user=0.02 sys=0.00, real=0.00 secs] 
167.870: Total time for which application threads were stopped: 0.0044510 seconds, Stopping threads took: 0.0020250 seconds
167.919: Application time: 0.0483960 seconds
167.921: [GC167.921: [ParNew: 55870K->6206K(55872K), 0.0020990 secs] 141826K->92931K(182144K), 0.0021450 secs] [Times: user=0.01 sys=0.00, real=0.01 secs] 
167.923: Total time for which application threads were stopped: 0.0047290 seconds, Stopping threads took: 0.0025140 seconds
167.972: Application time: 0.0484830 seconds
167.974: [GC167.974: [ParNew: 55870K->6207K(55872K), 0.0025430 secs] 142595K->94633K(182144K), 0.0025880 secs] [Times: user=0.02 sys=0.00, real=0.00 secs] 
167.976: Total time for which application threads were stopped: 0.0044930 seconds, Stopping threads took: 0.0018390 seconds
168.025: Application time: 0.0482880 seconds
168.027: [GC168.027: [ParNew: 55871K->5855K(55872K), 0.0018220 secs] 144297K->94310K(182144K), 0.0018620 secs] [Times: user=0.01 sys=0.00, real=0.00 secs] 
168.029: Total time for which application threads were stopped: 0.0040470 seconds, Stopping threads took: 0.0021240 seconds
168.077: Application time: 0.0482580 seconds
168.078: [GC168.078: [ParNew: 55519K->5829K(55872K), 0.0018120 secs] 143974K->94313K(182144K), 0.0018540 secs] [Times: user=0.01 sys=0.00, real=0.00 secs] 
168.080: Total time for which application threads were stopped: 0.0032050 seconds, Stopping threads took: 0.0012620 seconds
168.128: Application time: 0.0477030 seconds
168.130: [GC168.130: [ParNew: 55493K->6206K(55872K), 0.0024720 secs] 143977K->96385K(182144K), 0.0025140 secs] [Times: user=0.01 sys=0.00, real=0.00 secs] 
168.132: Total time for which application threads were stopped: 0.0042600 seconds, Stopping threads took: 0.0016810 seconds
168.181: Application time: 0.0488790 seconds
168.183: [GC168.183: [ParNew: 55870K->6207K(55872K), 0.0024470 secs] 146049K->98033K(182144K), 0.0024910 secs] [Times: user=0.02 sys=0.00, real=0.00 secs] 
168.185: Total time for which application threads were stopped: 0.0042320 seconds, Stopping threads took: 0.0016710 seconds
168.233: Application time: 0.0476330 seconds
168.235: [GC168.235: [ParNew: 55871K->6207K(55872K), 0.0021830 secs] 147697K->98789K(182144K), 0.0022260 secs] [Times: user=0.02 sys=0.00, real=0.00 secs] 
168.237: Total time for which application threads were stopped: 0.0041000 seconds, Stopping threads took: 0.0018050 seconds
168.285: Application time: 0.0480450 seconds
168.286: [GC168.286: [ParNew: 55871K->6206K(55872K), 0.0021300 secs] 148453K->99450K(182144K), 0.0021720 secs] [Times: user=0.01 sys=0.00, real=0.00 secs] 
168.288: Total time for which application threads were stopped: 0.0030620 seconds, Stopping threads took: 0.0008040 seconds
168.336: Application time: 0.0474480 seconds
168.338: [GC168.338: [ParNew: 55870K->6207K(55872K), 0.0019980 secs] 149114K->99709K(182144K), 0.0020460 secs] [Times: user=0.02 sys=0.00, real=0.00 secs] 
168.341: Total time for which application threads were stopped: 0.0049470 seconds, Stopping threads took: 0.0028250 seconds
168.388: Application time: 0.0478310 seconds
168.390: [GC168.390: [ParNew: 55871K->5813K(55872K), 0.0020500 secs] 149373K->99314K(182144K), 0.0020930 secs] [Times: user=0.01 sys=0.00, real=0.00 secs] 
168.392: Total time for which application threads were stopped: 0.0034730 seconds, Stopping threads took: 0.0013030 seconds
168.442: Application time: 0.0499130 seconds
168.444: [GC168.444: [ParNew: 55477K->5222K(55872K), 0.0016540 secs] 148978K->98780K(182144K), 0.0016980 secs] [Times: user=0.01 sys=0.00, real=0.00 secs] 
168.445: Total time for which application threads were stopped: 0.0036190 seconds, Stopping threads took: 0.0018320 seconds
168.495: Application time: 0.0498330 seconds
168.496: [GC168.496: [ParNew: 54886K->3686K(55872K), 0.0013060 secs] 148444K->97244K(182144K), 0.0013370 secs] [Times: user=0.01 sys=0.00, real=0.00 secs] 
168.497: Total time for which application threads were stopped: 0.0019300 seconds, Stopping threads took: 0.0005260 seconds
168.546: Application time: 0.0488350 seconds
168.548: [GC168.548: [ParNew: 53350K->6207K(55872K), 0.0025260 secs] 146908K->101219K(182144K), 0.0025690 secs] [Times: user=0.02 sys=0.00, real=0.00 secs] 
168.551: Total time for which application threads were stopped: 0.0045430 seconds, Stopping threads took: 0.0018960 seconds
168.599: Application time: 0.0486470 seconds
168.601: [GC168.601: [ParNew: 55871K->6207K(55872K), 0.0025130 secs] 150883K->102596K(182144K), 0.0025570 secs] [Times: user=0.02 sys=0.00, real=0.01 secs] 
168.603: Total time for which application threads were stopped: 0.0043310 seconds, Stopping threads took: 0.0017090 seconds
168.655: Application time: 0.0516930 seconds
168.657: [GC168.657: [ParNew: 55871K->5208K(55872K), 0.0018350 secs] 152260K->101626K(182144K), 0.0018750 secs] [Times: user=0.01 sys=0.00, real=0.00 secs] 
168.659: Total time for which application threads were stopped: 0.0034930 seconds, Stopping threads took: 0.0015530 seconds
168.709: Application time: 0.0502520 seconds
168.711: [GC168.711: [ParNew: 54872K->5098K(55872K), 0.0018400 secs] 151290K->101544K(182144K), 0.0018810 secs] [Times: user=0.01 sys=0.00, real=0.00 secs] 
168.713: Total time for which application threads were stopped: 0.0041650 seconds, Stopping threads took: 0.0022100 seconds
168.761: Application time: 0.0474380 seconds
168.763: [GC168.763: [ParNew: 54762K->6207K(55872K), 0.0019670 secs] 151208K->102900K(182144K), 0.0020150 secs] [Times: user=0.02 sys=0.00, real=0.00 secs] 
168.765: Total time for which application threads were stopped: 0.0040260 seconds, Stopping threads took: 0.0019200 seconds
168.814: Application time: 0.0493920 seconds
168.817: [GC168.817: [ParNew: 55871K->5539K(55872K), 0.0016520 secs] 152564K->102232K(182144K), 0.0016960 secs] [Times: user=0.01 sys=0.00, real=0.00 secs] 
168.818: Total time for which application threads were stopped: 0.0042520 seconds, Stopping threads took: 0.0024900 seconds
168.864: Application time: 0.0460230 seconds
168.866: [GC168.866: [ParNew: 55203K->6206K(55872K), 0.0024930 secs] 151896K->104132K(182144K), 0.0025410 secs] [Times: user=0.02 sys=0.00, real=0.00 secs] 
168.868: Total time for which application threads were stopped: 0.0041070 seconds, Stopping threads took: 0.0014970 seconds
168.916: Application time: 0.0474560 seconds
168.917: [GC168.917: [ParNew: 55870K->6206K(55872K), 0.0024550 secs] 153796K->105287K(182144K), 0.0025030 secs] [Times: user=0.02 sys=0.00, real=0.00 secs] 
168.920: Total time for which application threads were stopped: 0.0041410 seconds, Stopping threads took: 0.0015640 seconds
168.966: Application time: 0.0463020 seconds
168.970: [GC168.970: [ParNew: 55870K->6206K(55872K), 0.0019250 secs] 154951K->105347K(182144K), 0.0019680 secs] [Times: user=0.02 sys=0.00, real=0.00 secs] 
168.972: Total time for which application threads were stopped: 0.0052950 seconds, Stopping threads took: 0.0032600 seconds
169.021: Application time: 0.0492290 seconds
169.023: [GC169.023: [ParNew: 55870K->6206K(55872K), 0.0023850 secs] 155011K->106614K(182144K), 0.0024400 secs] [Times: user=0.02 sys=0.00, real=0.00 secs] 
169.025: Total time for which application threads were stopped: 0.0046920 seconds, Stopping threads took: 0.0021840 seconds
169.074: Application time: 0.0482100 seconds
169.076: [GC169.076: [ParNew: 55870K->6206K(55872K), 0.0021210 secs] 156278K->107283K(182144K), 0.0021620 secs] [Times: user=0.02 sys=0.00, real=0.00 secs] 
169.078: Total time for which application threads were stopped: 0.0042570 seconds, Stopping threads took: 0.0020090 seconds
169.129: Application time: 0.0505680 seconds
169.130: [GC169.130: [ParNew: 55870K->4459K(55872K), 0.0016030 secs] 156947K->105564K(182144K), 0.0016400 secs] [Times: user=0.01 sys=0.00, real=0.00 secs] 
169.132: Total time for which application threads were stopped: 0.0032750 seconds, Stopping threads took: 0.0015750 seconds
169.179: Application time: 0.0475060 seconds
169.181: [GC169.181: [ParNew: 54123K->6168K(55872K), 0.0020860 secs] 155228K->107331K(182144K), 0.0021310 secs] [Times: user=0.01 sys=0.00, real=0.01 secs] 
169.183: Total time for which application threads were stopped: 0.0039940 seconds, Stopping threads took: 0.0017960 seconds
169.231: Application time: 0.0474040 seconds
169.233: [GC169.233: [ParNew: 55832K->6206K(55872K), 0.0021600 secs] 156995K->107673K(182144K), 0.0021960 secs] [Times: user=0.02 sys=0.00, real=0.01 secs] 
169.235: Total time for which application threads were stopped: 0.0046620 seconds, Stopping threads took: 0.0023960 seconds
169.282: Application time: 0.0467440 seconds
169.284: [GC169.284: [ParNew: 55870K->6206K(55872K), 0.0023420 secs] 157337K->108407K(182144K), 0.0023890 secs] [Times: user=0.01 sys=0.00, real=0.00 secs] 
169.286: Total time for which application threads were stopped: 0.0040570 seconds, Stopping threads took: 0.0015990 seconds
169.334: Application time: 0.0475660 seconds
169.337: [GC169.337: [ParNew: 55870K->6207K(55872K), 0.0020380 secs] 158071K->108465K(182144K), 0.0020810 secs] [Times: user=0.01 sys=0.00, real=0.00 secs] 
169.339: Total time for which application threads were stopped: 0.0050090 seconds, Stopping threads took: 0.0028400 seconds
169.389: Application time: 0.0505350 seconds
169.392: [GC169.392: [ParNew: 55871K->6206K(55872K), 0.0023270 secs] 158129K->108516K(182144K), 0.0023680 secs] [Times: user=0.02 sys=0.00, real=0.01 secs] 
169.394: Total time for which application threads were stopped: 0.0046980 seconds, Stopping threads took: 0.0022550 seconds
169.441: Application time: 0.0474480 seconds
169.443: [GC169.443: [ParNew: 55870K->6207K(55872K), 0.0021440 secs] 158180K->109097K(182144K), 0.0021840 secs] [Times: user=0.02 sys=0.00, real=0.00 secs] 
169.445: Total time for which application threads were stopped: 0.0038260 seconds, Stopping threads took: 0.0015680 seconds
169.494: Application time: 0.0488720 seconds
169.496: [GC169.496: [ParNew: 55871K->6012K(55872K), 0.0021530 secs] 158761K->108902K(182144K), 0.0021960 secs] [Times: user=0.02 sys=0.00, real=0.00 secs] 
169.498: Total time for which application threads were stopped: 0.0040290 seconds, Stopping threads took: 0.0017670 seconds
169.546: Application time: 0.0473710 seconds
169.547: [GC169.547: [ParNew: 55676K->6207K(55872K), 0.0021630 secs] 158566K->109279K(182144K), 0.0022050 secs] [Times: user=0.01 sys=0.00, real=0.00 secs] 
169.549: Total time for which application threads were stopped: 0.0036630 seconds, Stopping threads took: 0.0013800 seconds
169.596: Application time: 0.0470000 seconds
169.598: [GC169.598: [ParNew: 55871K->6206K(55872K), 0.0024120 secs] 158943K->110277K(182144K), 0.0024560 secs] [Times: user=0.01 sys=0.00, real=0.00 secs] 
169.600: Total time for which application threads were stopped: 0.0038660 seconds, Stopping threads took: 0.0013430 seconds
169.649: Application time: 0.0487920 seconds
169.651: [GC169.651: [ParNew: 55870K->5629K(55872K), 0.0019770 secs] 159941K->109782K(182144K), 0.0020180 secs] [Times: user=0.02 sys=0.00, real=0.00 secs] 
169.653: Total time for which application threads were stopped: 0.0036550 seconds, Stopping threads took: 0.0015730 seconds
169.698: Application time: 0.0454320 seconds
169.700: [GC169.700: [ParNew: 55293K->6207K(55872K), 0.0024190 secs] 159446K->112062K(182144K), 0.0024750 secs] [Times: user=0.02 sys=0.00, real=0.01 secs] 
169.702: Total time for which application threads were stopped: 0.0044910 seconds, Stopping threads took: 0.0019280 seconds
169.750: Application time: 0.0473210 seconds
169.752: [GC169.752: [ParNew: 55871K->6206K(55872K), 0.0022950 secs] 161726K->113146K(182144K), 0.0023400 secs] [Times: user=0.02 sys=0.00, real=0.01 secs] 
169.754: Total time for which application threads were stopped: 0.0043450 seconds, Stopping threads took: 0.0019380 seconds
169.804: Application time: 0.0499230 seconds
169.806: [GC169.806: [ParNew: 55870K->4699K(55872K), 0.0015250 secs] 162810K->111668K(182144K), 0.0015650 secs] [Times: user=0.01 sys=0.00, real=0.00 secs] 
169.807: Total time for which application threads were stopped: 0.0032070 seconds, Stopping threads took: 0.0015790 seconds
169.855: Application time: 0.0480790 seconds
169.857: [GC169.857: [ParNew: 54363K->5208K(55872K), 0.0016920 secs] 161332K->112177K(182144K), 0.0017360 secs] [Times: user=0.01 sys=0.00, real=0.00 secs] 
169.858: Total time for which application threads were stopped: 0.0030320 seconds, Stopping threads took: 0.0012310 seconds
169.906: Application time: 0.0472340 seconds
169.908: [GC169.908: [ParNew: 54872K->6207K(55872K), 0.0021000 secs] 161841K->113704K(182144K), 0.0021450 secs] [Times: user=0.01 sys=0.00, real=0.00 secs] 
169.910: Total time for which application threads were stopped: 0.0047620 seconds, Stopping threads took: 0.0025500 seconds
169.960: Application time: 0.0492250 seconds
169.962: [GC169.962: [ParNew: 55871K->5990K(55872K), 0.0019630 secs] 163368K->113487K(182144K), 0.0020060 secs] [Times: user=0.01 sys=0.00, real=0.00 secs] 
169.964: Total time for which application threads were stopped: 0.0044220 seconds, Stopping threads took: 0.0023390 seconds
170.010: Application time: 0.0461330 seconds
170.012: [GC170.012: [ParNew: 55653K->5100K(55872K), 0.0016000 secs] 163150K->112597K(182144K), 0.0016370 secs] [Times: user=0.01 sys=0.00, real=0.00 secs] 
170.013: Total time for which application threads were stopped: 0.0031960 seconds, Stopping threads took: 0.0014880 seconds
170.060: Application time: 0.0466820 seconds
170.063: [GC170.063: [ParNew: 54764K->6207K(55872K), 0.0021410 secs] 162261K->114579K(182144K), 0.0021840 secs] [Times: user=0.02 sys=0.00, real=0.00 secs] 
170.065: Total time for which application threads were stopped: 0.0047930 seconds, Stopping threads took: 0.0025390 seconds
170.114: Application time: 0.0490080 seconds
170.116: [GC170.116: [ParNew: 55871K->6207K(55872K), 0.0020640 secs] 164243K->115216K(182144K), 0.0021040 secs] [Times: user=0.01 sys=0.00, real=0.00 secs] 
170.119: Total time for which application threads were stopped: 0.0047260 seconds, Stopping threads took: 0.0025570 seconds
170.167: Application time: 0.0484890 seconds
170.169: [GC170.169: [ParNew: 55871K->6207K(55872K), 0.0020210 secs] 164880K->115590K(182144K), 0.0020690 secs] [Times: user=0.01 sys=0.00, real=0.00 secs] 
170.172: Total time for which application threads were stopped: 0.0044870 seconds, Stopping threads took: 0.0023480 seconds
 CMS: abort preclean due to time 170.173: [CMS-concurrent-abortable-preclean: 0.278/5.044 secs] [Times: user=38.85 sys=0.10, real=5.05 secs] 
170.174: Application time: 0.0020400 seconds
170.177: [GC[YG occupancy: 11528 K (55872 K)]170.177: [Rescan (parallel) , 0.0003060 secs]170.177: [weak refs processing, 0.0000070 secs]170.177: [scrub string table, 0.0001220 secs] [1 CMS-remark: 109382K(126272K)] 120911K(182144K), 0.0004640 secs] [Times: user=0.00 sys=0.00, real=0.00 secs] 
170.177: Total time for which application threads were stopped: 0.0035270 seconds, Stopping threads took: 0.0030260 seconds
170.177: [CMS-concurrent-sweep-start]
170.183: [CMS-concurrent-sweep: 0.006/0.006 secs] [Times: user=0.03 sys=0.00, real=0.01 secs] 
170.183: [CMS-concurrent-reset-start]
170.184: [CMS-concurrent-reset: 0.000/0.000 secs] [Times: user=0.00 sys=0.00, real=0.00 secs] 
170.220: Application time: 0.0430360 seconds
170.223: [GC170.223: [ParNew: 55871K->6206K(55872K), 0.0023890 secs] 120418K->71944K(182144K), 0.0024350 secs] [Times: user=0.02 sys=0.00, real=0.00 secs] 
170.225: Total time for which application threads were stopped: 0.0052050 seconds, Stopping threads took: 0.0026930 seconds
170.226: Application time: 0.0001280 seconds
170.228: [GC [1 CMS-initial-mark: 65737K(126272K)] 73177K(182144K), 0.0002110 secs] [Times: user=0.00 sys=0.00, real=0.00 secs] 
170.229: Total time for which application threads were stopped: 0.0031980 seconds, Stopping threads took: 0.0029430 seconds
170.229: [CMS-concurrent-mark-start]
170.233: [CMS-concurrent-mark: 0.004/0.004 secs] [Times: user=0.01 sys=0.00, real=0.00 secs] 
170.233: [CMS-concurrent-preclean-start]
170.233: [CMS-concurrent-preclean: 0.000/0.000 secs] [Times: user=0.00 sys=0.00, real=0.00 secs] 
170.233: [CMS-concurrent-abortable-preclean-start]
170.277: Application time: 0.0485470 seconds
170.279: [GC170.279: [ParNew: 55870K->5636K(55872K), 0.0018210 secs] 121608K->71374K(182144K), 0.0018620 secs] [Times: user=0.01 sys=0.00, real=0.00 secs] 
170.281: Total time for which application threads were stopped: 0.0040570 seconds, Stopping threads took: 0.0021330 seconds
170.327: Application time: 0.0460930 seconds
170.329: [GC170.329: [ParNew: 55300K->6206K(55872K), 0.0022650 secs] 121038K->72763K(182144K), 0.0023120 secs] [Times: user=0.02 sys=0.00, real=0.00 secs] 
170.331: Total time for which application threads were stopped: 0.0040660 seconds, Stopping threads took: 0.0016870 seconds
170.377: Application time: 0.0456480 seconds
170.380: [GC170.380: [ParNew: 55870K->6206K(55872K), 0.0022310 secs] 122427K->73607K(182144K), 0.0022780 secs] [Times: user=0.01 sys=0.00, real=0.01 secs] 
170.382: Total time for which application threads were stopped: 0.0047100 seconds, Stopping threads took: 0.0023650 seconds
170.432: Application time: 0.0502700 seconds
170.434: [GC170.434: [ParNew: 55870K->6206K(55872K), 0.0022000 secs] 123271K->74352K(182144K), 0.0022480 secs] [Times: user=0.02 sys=0.00, real=0.00 secs] 
170.437: Total time for which application threads were stopped: 0.0045080 seconds, Stopping threads took: 0.0021720 seconds
170.485: Application time: 0.0479380 seconds
170.486: [GC170.486: [ParNew: 55870K->6088K(55872K), 0.0018740 secs] 124016K->74233K(182144K), 0.0019180 secs] [Times: user=0.01 sys=0.00, real=0.00 secs] 
170.488: Total time for which application threads were stopped: 0.0032290 seconds, Stopping threads took: 0.0012370 seconds
170.534: Application time: 0.0464120 seconds
170.536: [GC170.536: [ParNew: 55752K->6206K(55872K), 0.0022740 secs] 123897K->75283K(182144K), 0.0023190 secs] [Times: user=0.01 sys=0.00, real=0.00 secs] 
170.539: Total time for which application threads were stopped: 0.0042910 seconds, Stopping threads took: 0.0019030 seconds
170.589: Application time: 0.0506460 seconds
170.592: [GC170.592: [ParNew: 55870K->6116K(55872K), 0.0018830 secs] 124947K->75192K(182144K), 0.0019290 secs] [Times: user=0.01 sys=0.00, real=0.01 secs] 
170.594: Total time for which application threads were stopped: 0.0051480 seconds, Stopping threads took: 0.0031550 seconds
170.642: Application time: 0.0472730 seconds
170.643: [GC170.643: [ParNew: 55780K->6025K(55872K), 0.0019940 secs] 124856K->75158K(182144K), 0.0020400 secs] [Times: user=0.02 sys=0.00, real=0.00 secs] 
170.645: Total time for which application threads were stopped: 0.0035600 seconds, Stopping threads took: 0.0014350 seconds
170.693: Application time: 0.0477600 seconds
170.695: [GC170.695: [ParNew: 55689K->6071K(55872K), 0.0019230 secs] 124822K->75233K(182144K), 0.0019740 secs] [Times: user=0.01 sys=0.00, real=0.00 secs] 
170.697: Total time for which application threads were stopped: 0.0037800 seconds, Stopping threads took: 0.0017170 seconds
170.747: Application time: 0.0498680 seconds
170.749: [GC170.749: [ParNew: 55735K->6144K(55872K), 0.0020590 secs] 124897K->75392K(182144K), 0.0021000 secs] [Times: user=0.02 sys=0.00, real=0.00 secs] 
170.751: Total time for which application threads were stopped: 0.0042860 seconds, Stopping threads took: 0.0021200 seconds
170.798: Application time: 0.0469080 seconds
170.800: [GC170.800: [ParNew: 55808K->6120K(55872K), 0.0020910 secs] 125056K->75368K(182144K), 0.0021340 secs] [Times: user=0.01 sys=0.00, real=0.01 secs] 
170.802: Total time for which application threads were stopped: 0.0043470 seconds, Stopping threads took: 0.0021470 seconds
170.849: Application time: 0.0467940 seconds
170.852: [GC170.852: [ParNew: 55784K->6207K(55872K), 0.0022840 secs] 125032K->76363K(182144K), 0.0023280 secs] [Times: user=0.02 sys=0.00, real=0.01 secs] 
170.854: Total time for which application threads were stopped: 0.0053230 seconds, Stopping threads took: 0.0029220 seconds
170.901: Application time: 0.0470240 seconds
170.904: [GC170.904: [ParNew: 55871K->6206K(55872K), 0.0022730 secs] 126027K->77427K(182144K), 0.0023210 secs] [Times: user=0.02 sys=0.00, real=0.00 secs] 
170.906: Total time for which application threads were stopped: 0.0049720 seconds, Stopping threads took: 0.0025820 seconds
170.953: Application time: 0.0469970 seconds
170.956: [GC170.956: [ParNew: 55870K->6206K(55872K), 0.0021340 secs] 127091K->78320K(182144K), 0.0021790 secs] [Times: user=0.02 sys=0.00, real=0.00 secs] 
170.958: Total time for which application threads were stopped: 0.0048080 seconds, Stopping threads took: 0.0025630 seconds
171.011: Application time: 0.0531680 seconds
171.013: [GC171.013: [ParNew: 55870K->6207K(55872K), 0.0021600 secs] 127984K->79148K(182144K), 0.0022040 secs] [Times: user=0.01 sys=0.00, real=0.01 secs] 
171.015: Total time for which application threads were stopped: 0.0040720 seconds, Stopping threads took: 0.0017950 seconds
171.066: Application time: 0.0509820 seconds
171.069: [GC171.069: [ParNew: 55871K->5844K(55872K), 0.0018020 secs] 128812K->78785K(182144K), 0.0018430 secs] [Times: user=0.01 sys=0.00, real=0.00 secs] 
171.071: Total time for which application threads were stopped: 0.0045170 seconds, Stopping threads took: 0.0026080 seconds
171.117: Application time: 0.0465000 seconds
171.119: [GC171.119: [ParNew: 55508K->6207K(55872K), 0.0022880 secs] 128449K->80297K(182144K), 0.0023430 secs] [Times: user=0.01 sys=0.01, real=0.01 secs] 
171.121: Total time for which application threads were stopped: 0.0041400 seconds, Stopping threads took: 0.0017290 seconds
171.169: Application time: 0.0473910 seconds
171.172: [GC171.172: [ParNew: 55871K->6206K(55872K), 0.0021700 secs] 129961K->81028K(182144K), 0.0022160 secs] [Times: user=0.01 sys=0.00, real=0.01 secs] 
171.174: Total time for which application threads were stopped: 0.0052290 seconds, Stopping threads took: 0.0029470 seconds
171.219: Application time: 0.0445370 seconds
171.221: [GC171.221: [ParNew: 55870K->6206K(55872K), 0.0023010 secs] 130692K->82199K(182144K), 0.0023450 secs] [Times: user=0.02 sys=0.00, real=0.01 secs] 
171.223: Total time for which application threads were stopped: 0.0044650 seconds, Stopping threads took: 0.0020520 seconds
171.271: Application time: 0.0483330 seconds
171.274: [GC171.274: [ParNew: 55870K->6206K(55872K), 0.0021540 secs] 131863K->82984K(182144K), 0.0021980 secs] [Times: user=0.02 sys=0.00, real=0.00 secs] 
171.277: Total time for which application threads were stopped: 0.0051510 seconds, Stopping threads took: 0.0028860 seconds
171.325: Application time: 0.0486310 seconds
171.327: [GC171.327: [ParNew: 55870K->6206K(55872K), 0.0021330 secs] 132648K->83657K(182144K), 0.0021750 secs] [Times: user=0.01 sys=0.00, real=0.00 secs] 
171.329: Total time for which application threads were stopped: 0.0042230 seconds, Stopping threads took: 0.0019730 seconds
171.377: Application time: 0.0476930 seconds
171.379: [GC171.379: [ParNew: 55870K->6207K(55872K), 0.0022500 secs] 133321K->84774K(182144K), 0.0022930 secs] [Times: user=0.02 sys=0.01, real=0.00 secs] 
171.381: Total time for which application threads were stopped: 0.0039410 seconds, Stopping threads took: 0.0015830 seconds
171.429: Application time: 0.0477680 seconds
171.431: [GC171.431: [ParNew: 55871K->6207K(55872K), 0.0022770 secs] 134438K->85890K(182144K), 0.0023280 secs] [Times: user=0.02 sys=0.00, real=0.00 secs] 
171.433: Total time for which application threads were stopped: 0.0045400 seconds, Stopping threads took: 0.0021460 seconds
171.480: Application time: 0.0464170 seconds
171.483: [GC171.483: [ParNew: 55871K->6206K(55872K), 0.0023020 secs] 135554K->87083K(182144K), 0.0023480 secs] [Times: user=0.02 sys=0.00, real=0.00 secs] 
171.485: Total time for which application threads were stopped: 0.0052120 seconds, Stopping threads took: 0.0027940 seconds
171.533: Application time: 0.0475720 seconds
171.534: [GC171.534: [ParNew: 55870K->6206K(55872K), 0.0022780 secs] 136747K->88180K(182144K), 0.0023220 secs] [Times: user=0.02 sys=0.00, real=0.00 secs] 
171.537: Total time for which application threads were stopped: 0.0042190 seconds, Stopping threads took: 0.0017990 seconds
171.584: Application time: 0.0474400 seconds
171.587: [GC171.587: [ParNew: 55870K->6206K(55872K), 0.0024070 secs] 137844K->89219K(182144K), 0.0024530 secs] [Times: user=0.02 sys=0.00, real=0.00 secs] 
171.589: Total time for which application threads were stopped: 0.0047830 seconds, Stopping threads took: 0.0022630 seconds
171.636: Application time: 0.0466850 seconds
171.638: [GC171.638: [ParNew: 55870K->6207K(55872K), 0.0022440 secs] 138883K->90121K(182144K), 0.0022880 secs] [Times: user=0.01 sys=0.00, real=0.00 secs] 
171.640: Total time for which application threads were stopped: 0.0043540 seconds, Stopping threads took: 0.0019980 seconds
171.687: Application time: 0.0469400 seconds
171.688: [GC171.688: [ParNew: 55871K->6207K(55872K), 0.0021510 secs] 139785K->90920K(182144K), 0.0021940 secs] [Times: user=0.02 sys=0.00, real=0.00 secs] 
171.691: Total time for which application threads were stopped: 0.0036570 seconds, Stopping threads took: 0.0013950 seconds
171.737: Application time: 0.0459060 seconds
171.739: [GC171.739: [ParNew: 55871K->6207K(55872K), 0.0024760 secs] 140584K->92645K(182144K), 0.0025180 secs] [Times: user=0.02 sys=0.00, real=0.00 secs] 
171.741: Total time for which application threads were stopped: 0.0046930 seconds, Stopping threads took: 0.0021070 seconds
171.791: Application time: 0.0498520 seconds
171.794: [GC171.794: [ParNew: 55871K->6207K(55872K), 0.0024180 secs] 142309K->94229K(182144K), 0.0024630 secs] [Times: user=0.02 sys=0.00, real=0.00 secs] 
171.797: Total time for which application threads were stopped: 0.0055870 seconds, Stopping threads took: 0.0030580 seconds
171.843: Application time: 0.0467330 seconds
171.844: [GC171.844: [ParNew: 55871K->4804K(55872K), 0.0018580 secs] 143893K->92908K(182144K), 0.0018980 secs] [Times: user=0.01 sys=0.00, real=0.00 secs] 
171.846: Total time for which application threads were stopped: 0.0028080 seconds, Stopping threads took: 0.0008500 seconds
171.890: Application time: 0.0436850 seconds
171.892: [GC171.892: [ParNew: 54468K->6206K(55872K), 0.0021310 secs] 142572K->94790K(182144K), 0.0021700 secs] [Times: user=0.02 sys=0.00, real=0.01 secs] 
171.894: Total time for which application threads were stopped: 0.0042030 seconds, Stopping threads took: 0.0019640 seconds
171.939: Application time: 0.0445970 seconds
171.942: [GC171.942: [ParNew: 55870K->6206K(55872K), 0.0023570 secs] 144454K->96165K(182144K), 0.0024000 secs] [Times: user=0.02 sys=0.00, real=0.00 secs] 
171.944: Total time for which application threads were stopped: 0.0053550 seconds, Stopping threads took: 0.0028950 seconds
171.988: Application time: 0.0436160 seconds
171.990: [GC171.990: [ParNew: 55870K->6207K(55872K), 0.0019750 secs] 145829K->96504K(182144K), 0.0020190 secs] [Times: user=0.02 sys=0.00, real=0.00 secs] 
171.992: Total time for which application threads were stopped: 0.0041910 seconds, Stopping threads took: 0.0020960 seconds
172.036: Application time: 0.0443700 seconds
172.038: [GC172.038: [ParNew: 55871K->6206K(55872K), 0.0020190 secs] 146168K->96824K(182144K), 0.0020620 secs] [Times: user=0.01 sys=0.00, real=0.00 secs] 
172.040: Total time for which application threads were stopped: 0.0040740 seconds, Stopping threads took: 0.0019310 seconds
172.084: Application time: 0.0436400 seconds
172.087: [GC172.087: [ParNew: 55870K->6206K(55872K), 0.0021040 secs] 146488K->97618K(182144K), 0.0021490 secs] [Times: user=0.02 sys=0.00, real=0.00 secs] 
172.089: Total time for which application threads were stopped: 0.0050790 seconds, Stopping threads took: 0.0028630 seconds
172.136: Application time: 0.0471390 seconds
172.139: [GC172.139: [ParNew: 55870K->6206K(55872K), 0.0019330 secs] 147282K->97844K(182144K), 0.0019740 secs] [Times: user=0.01 sys=0.00, real=0.00 secs] 
172.141: Total time for which application threads were stopped: 0.0046010 seconds, Stopping threads took: 0.0025640 seconds
172.187: Application time: 0.0458210 seconds
172.189: [GC172.189: [ParNew: 55870K->6206K(55872K), 0.0022580 secs] 147508K->98903K(182144K), 0.0023030 secs] [Times: user=0.02 sys=0.00, real=0.00 secs] 
172.191: Total time for which application threads were stopped: 0.0047110 seconds, Stopping threads took: 0.0023420 seconds
172.236: Application time: 0.0441920 seconds
172.237: [GC172.237: [ParNew: 55870K->6207K(55872K), 0.0025100 secs] 148567K->100665K(182144K), 0.0025570 secs] [Times: user=0.02 sys=0.00, real=0.00 secs] 
172.240: Total time for which application threads were stopped: 0.0041220 seconds, Stopping threads took: 0.0014960 seconds
172.287: Application time: 0.0476450 seconds
172.290: [GC172.290: [ParNew: 55871K->5355K(55872K), 0.0017500 secs] 150329K->99870K(182144K), 0.0017920 secs] [Times: user=0.02 sys=0.00, real=0.00 secs] 
172.291: Total time for which application threads were stopped: 0.0040850 seconds, Stopping threads took: 0.0022260 seconds
172.336: Application time: 0.0443030 seconds
172.338: [GC172.338: [ParNew: 55019K->6206K(55872K), 0.0021860 secs] 149534K->101297K(182144K), 0.0022300 secs] [Times: user=0.02 sys=0.00, real=0.00 secs] 
172.340: Total time for which application threads were stopped: 0.0047420 seconds, Stopping threads took: 0.0024240 seconds
172.387: Application time: 0.0464200 seconds
172.389: [GC172.389: [ParNew: 55870K->5775K(55872K), 0.0020030 secs] 150961K->100899K(182144K), 0.0020470 secs] [Times: user=0.01 sys=0.00, real=0.00 secs] 
172.391: Total time for which application threads were stopped: 0.0041170 seconds, Stopping threads took: 0.0020030 seconds
172.436: Application time: 0.0449980 seconds
172.438: [GC172.438: [ParNew: 55439K->5357K(55872K), 0.0016970 secs] 150563K->100510K(182144K), 0.0017380 secs] [Times: user=0.01 sys=0.00, real=0.00 secs] 
172.440: Total time for which application threads were stopped: 0.0036700 seconds, Stopping threads took: 0.0018490 seconds
172.483: Application time: 0.0430520 seconds
172.485: [GC172.485: [ParNew: 55021K->6206K(55872K), 0.0021750 secs] 150174K->101747K(182144K), 0.0022210 secs] [Times: user=0.02 sys=0.00, real=0.00 secs] 
172.487: Total time for which application threads were stopped: 0.0043490 seconds, Stopping threads took: 0.0020420 seconds
172.532: Application time: 0.0446720 seconds
172.534: [GC172.534: [ParNew: 55870K->6206K(55872K), 0.0024080 secs] 151411K->103095K(182144K), 0.0024540 secs] [Times: user=0.02 sys=0.00, real=0.00 secs] 
172.537: Total time for which application threads were stopped: 0.0047800 seconds, Stopping threads took: 0.0022400 seconds
172.583: Application time: 0.0464130 seconds
172.584: [GC172.584: [ParNew: 55870K->5653K(55872K), 0.0019510 secs] 152759K->102541K(182144K), 0.0019930 secs] [Times: user=0.02 sys=0.00, real=0.00 secs] 
172.586: Total time for which application threads were stopped: 0.0028400 seconds, Stopping threads took: 0.0007720 seconds
172.632: Application time: 0.0458520 seconds
172.634: [GC172.634: [ParNew: 55317K->5200K(55872K), 0.0015570 secs] 152205K->102089K(182144K), 0.0015960 secs] [Times: user=0.02 sys=0.00, real=0.00 secs] 
172.636: Total time for which application threads were stopped: 0.0039700 seconds, Stopping threads took: 0.0022880 seconds
172.681: Application time: 0.0457920 seconds
172.684: [GC172.684: [ParNew: 54864K->5132K(55872K), 0.0016370 secs] 151753K->102020K(182144K), 0.0016820 secs] [Times: user=0.01 sys=0.00, real=0.00 secs] 
172.685: Total time for which application threads were stopped: 0.0040340 seconds, Stopping threads took: 0.0022920 seconds
172.730: Application time: 0.0450360 seconds
172.732: [GC172.732: [ParNew: 54796K->6207K(55872K), 0.0020830 secs] 151684K->103474K(182144K), 0.0021270 secs] [Times: user=0.01 sys=0.00, real=0.01 secs] 
172.734: Total time for which application threads were stopped: 0.0034800 seconds, Stopping threads took: 0.0012880 seconds
172.780: Application time: 0.0459370 seconds
172.781: [GC172.781: [ParNew: 55871K->6206K(55872K), 0.0020840 secs] 153138K->103965K(182144K), 0.0021250 secs] [Times: user=0.01 sys=0.00, real=0.01 secs] 
172.783: Total time for which application threads were stopped: 0.0034200 seconds, Stopping threads took: 0.0012310 seconds
172.828: Application time: 0.0447590 seconds
172.830: [GC172.830: [ParNew: 55870K->6207K(55872K), 0.0020370 secs] 153629K->104458K(182144K), 0.0020790 secs] [Times: user=0.02 sys=0.00, real=0.00 secs] 
172.832: Total time for which application threads were stopped: 0.0039770 seconds, Stopping threads took: 0.0018370 seconds
172.878: Application time: 0.0460050 seconds
172.880: [GC172.880: [ParNew: 55871K->5010K(55872K), 0.0016160 secs] 154122K->103289K(182144K), 0.0016540 secs] [Times: user=0.01 sys=0.00, real=0.01 secs] 
172.882: Total time for which application threads were stopped: 0.0036030 seconds, Stopping threads took: 0.0018640 seconds
172.927: Application time: 0.0451830 seconds
172.928: [GC172.928: [ParNew: 54674K->6175K(55872K), 0.0019210 secs] 152953K->104483K(182144K), 0.0019620 secs] [Times: user=0.02 sys=0.00, real=0.00 secs] 
172.930: Total time for which application threads were stopped: 0.0034020 seconds, Stopping threads took: 0.0013770 seconds
172.976: Application time: 0.0458570 seconds
172.978: [GC172.978: [ParNew: 55839K->6206K(55872K), 0.0022080 secs] 154147K->105503K(182144K), 0.0022530 secs] [Times: user=0.02 sys=0.00, real=0.00 secs] 
172.980: Total time for which application threads were stopped: 0.0042130 seconds, Stopping threads took: 0.0018960 seconds
173.028: Application time: 0.0475510 seconds
173.030: [GC173.031: [ParNew: 55870K->5115K(55872K), 0.0016090 secs] 155167K->104440K(182144K), 0.0016480 secs] [Times: user=0.02 sys=0.00, real=0.00 secs] 
173.032: Total time for which application threads were stopped: 0.0042810 seconds, Stopping threads took: 0.0025690 seconds
173.076: Application time: 0.0440830 seconds
173.078: [GC173.078: [ParNew: 54779K->6207K(55872K), 0.0022460 secs] 154104K->106468K(182144K), 0.0022910 secs] [Times: user=0.02 sys=0.00, real=0.00 secs] 
173.080: Total time for which application threads were stopped: 0.0042270 seconds, Stopping threads took: 0.0018710 seconds
173.125: Application time: 0.0449710 seconds
173.128: [GC173.128: [ParNew: 55871K->6206K(55872K), 0.0022310 secs] 156132K->107424K(182144K), 0.0022720 secs] [Times: user=0.01 sys=0.00, real=0.00 secs] 
173.130: Total time for which application threads were stopped: 0.0043610 seconds, Stopping threads took: 0.0020060 seconds
173.175: Application time: 0.0449140 seconds
173.177: [GC173.177: [ParNew: 55870K->6135K(55872K), 0.0018940 secs] 157088K->107352K(182144K), 0.0019340 secs] [Times: user=0.01 sys=0.00, real=0.00 secs] 
173.179: Total time for which application threads were stopped: 0.0046120 seconds, Stopping threads took: 0.0026090 seconds
173.226: Application time: 0.0470150 seconds
173.228: [GC173.228: [ParNew: 55799K->5888K(55872K), 0.0019480 secs] 157016K->107105K(182144K), 0.0019880 secs] [Times: user=0.01 sys=0.00, real=0.00 secs] 
173.230: Total time for which application threads were stopped: 0.0034160 seconds, Stopping threads took: 0.0013640 seconds
173.275: Application time: 0.0454020 seconds
173.276: [GC173.276: [ParNew: 55552K->5128K(55872K), 0.0016830 secs] 156769K->106403K(182144K), 0.0017210 secs] [Times: user=0.01 sys=0.00, real=0.00 secs] 
173.278: Total time for which application threads were stopped: 0.0025620 seconds, Stopping threads took: 0.0007740 seconds
173.322: Application time: 0.0440260 seconds
173.324: [GC173.324: [ParNew: 54792K->6195K(55872K), 0.0018910 secs] 156067K->107498K(182144K), 0.0019340 secs] [Times: user=0.01 sys=0.01, real=0.00 secs] 
173.326: Total time for which application threads were stopped: 0.0040410 seconds, Stopping threads took: 0.0020430 seconds
173.370: Application time: 0.0438290 seconds
173.372: [GC173.372: [ParNew: 55859K->6206K(55872K), 0.0022370 secs] 157162K->108476K(182144K), 0.0022810 secs] [Times: user=0.02 sys=0.00, real=0.01 secs] 
173.374: Total time for which application threads were stopped: 0.0043640 seconds, Stopping threads took: 0.0020160 seconds
173.418: Application time: 0.0441700 seconds
173.421: [GC173.421: [ParNew: 55870K->6206K(55872K), 0.0021350 secs] 158140K->109282K(182144K), 0.0021820 secs] [Times: user=0.01 sys=0.00, real=0.01 secs] 
173.423: Total time for which application threads were stopped: 0.0046540 seconds, Stopping threads took: 0.0024060 seconds
173.469: Application time: 0.0461580 seconds
173.470: [GC173.470: [ParNew: 55870K->2588K(55872K), 0.0011200 secs] 158946K->105692K(182144K), 0.0011520 secs] [Times: user=0.01 sys=0.00, real=0.00 secs] 
173.471: Total time for which application threads were stopped: 0.0024540 seconds, Stopping threads took: 0.0012230 seconds
173.518: Application time: 0.0463460 seconds
173.518: [GC173.518: [ParNew: 52252K->4012K(55872K), 0.0013720 secs] 155356K->107116K(182144K), 0.0014060 secs] [Times: user=0.01 sys=0.00, real=0.00 secs] 
173.520: Total time for which application threads were stopped: 0.0018080 seconds, Stopping threads took: 0.0003200 seconds
173.564: Application time: 0.0443640 seconds
173.566: [GC173.566: [ParNew: 53676K->6206K(55872K), 0.0025000 secs] 156780K->111017K(182144K), 0.0025440 secs] [Times: user=0.02 sys=0.00, real=0.00 secs] 
173.568: Total time for which application threads were stopped: 0.0041760 seconds, Stopping threads took: 0.0015650 seconds
173.615: Application time: 0.0468600 seconds
173.616: [GC173.616: [ParNew: 55870K->5455K(55872K), 0.0017630 secs] 160681K->110265K(182144K), 0.0018000 secs] [Times: user=0.02 sys=0.00, real=0.00 secs] 
173.618: Total time for which application threads were stopped: 0.0030480 seconds, Stopping threads took: 0.0011860 seconds
173.664: Application time: 0.0458060 seconds
173.667: [GC173.667: [ParNew: 55119K->5098K(55872K), 0.0016080 secs] 159929K->109908K(182144K), 0.0016480 secs] [Times: user=0.01 sys=0.00, real=0.00 secs] 
173.668: Total time for which application threads were stopped: 0.0045040 seconds, Stopping threads took: 0.0027850 seconds
173.716: Application time: 0.0472030 seconds
173.718: [GC173.718: [ParNew: 54762K->6098K(55872K), 0.0018750 secs] 159572K->110908K(182144K), 0.0019180 secs] [Times: user=0.01 sys=0.00, real=0.00 secs] 
173.720: Total time for which application threads were stopped: 0.0041140 seconds, Stopping threads took: 0.0021110 seconds
173.762: Application time: 0.0425680 seconds
173.765: [GC173.765: [ParNew: 55762K->6206K(55872K), 0.0021990 secs] 160572K->111885K(182144K), 0.0022420 secs] [Times: user=0.02 sys=0.00, real=0.00 secs] 
173.767: Total time for which application threads were stopped: 0.0046070 seconds, Stopping threads took: 0.0022960 seconds
173.812: Application time: 0.0447020 seconds
173.815: [GC173.815: [ParNew: 55870K->6206K(55872K), 0.0020900 secs] 161549K->112459K(182144K), 0.0021320 secs] [Times: user=0.01 sys=0.00, real=0.00 secs] 
173.817: Total time for which application threads were stopped: 0.0051360 seconds, Stopping threads took: 0.0029280 seconds
173.861: Application time: 0.0444010 seconds
173.863: [GC173.863: [ParNew: 55870K->6206K(55872K), 0.0023690 secs] 162123K->113744K(182144K), 0.0024150 secs] [Times: user=0.02 sys=0.00, real=0.00 secs] 
173.865: Total time for which application threads were stopped: 0.0040460 seconds, Stopping threads took: 0.0015430 seconds
173.916: Application time: 0.0508480 seconds
173.918: [GC173.918: [ParNew: 55870K->5481K(55872K), 0.0018080 secs] 163408K->113072K(182144K), 0.0018530 secs] [Times: user=0.01 sys=0.00, real=0.00 secs] 
173.920: Total time for which application threads were stopped: 0.0037570 seconds, Stopping threads took: 0.0018430 seconds
173.965: Application time: 0.0453820 seconds
173.967: [GC173.967: [ParNew: 55145K->5988K(55872K), 0.0018450 secs] 162736K->113636K(182144K), 0.0018870 secs] [Times: user=0.01 sys=0.00, real=0.00 secs] 
173.968: Total time for which application threads were stopped: 0.0032980 seconds, Stopping threads took: 0.0013440 seconds
174.015: Application time: 0.0468160 seconds
174.016: [GC174.016: [ParNew: 55652K->6041K(55872K), 0.0018490 secs] 163300K->113689K(182144K), 0.0018930 secs] [Times: user=0.01 sys=0.00, real=0.00 secs] 
174.018: Total time for which application threads were stopped: 0.0029560 seconds, Stopping threads took: 0.0009970 seconds
174.062: Application time: 0.0440340 seconds
174.064: [GC174.064: [ParNew: 55705K->5978K(55872K), 0.0019800 secs] 163353K->113626K(182144K), 0.0020220 secs] [Times: user=0.01 sys=0.00, real=0.00 secs] 
174.066: Total time for which application threads were stopped: 0.0037220 seconds, Stopping threads took: 0.0016270 seconds
174.114: Application time: 0.0480980 seconds
174.116: [GC174.116: [ParNew: 55642K->5639K(55872K), 0.0019590 secs] 163290K->113316K(182144K), 0.0020030 secs] [Times: user=0.01 sys=0.01, real=0.00 secs] 
174.118: Total time for which application threads were stopped: 0.0035470 seconds, Stopping threads took: 0.0014770 seconds
174.162: Application time: 0.0448200 seconds
174.164: [GC174.164: [ParNew: 55303K->6206K(55872K), 0.0024510 secs] 162980K->115300K(182144K), 0.0025010 secs] [Times: user=0.02 sys=0.00, real=0.00 secs] 
174.167: Total time for which application threads were stopped: 0.0043930 seconds, Stopping threads took: 0.0018220 seconds
174.212: Application time: 0.0455920 seconds
174.215: [GC174.215: [ParNew: 55870K->6054K(55872K), 0.0018750 secs] 164964K->115148K(182144K), 0.0019200 secs] [Times: user=0.01 sys=0.00, real=0.00 secs] 
174.217: Total time for which application threads were stopped: 0.0043980 seconds, Stopping threads took: 0.0023960 seconds
174.263: Application time: 0.0461320 seconds
174.265: [GC174.265: [ParNew: 55718K->6207K(55872K), 0.0019920 secs] 164812K->115676K(182144K), 0.0020340 secs] [Times: user=0.01 sys=0.00, real=0.00 secs] 
174.267: Total time for which application threads were stopped: 0.0037210 seconds, Stopping threads took: 0.0016150 seconds
174.311: Application time: 0.0445350 seconds
174.313: [GC174.313: [ParNew: 55871K->6207K(55872K), 0.0020550 secs] 165340K->116370K(182144K), 0.0020970 secs] [Times: user=0.02 sys=0.00, real=0.01 secs] 
174.315: Total time for which application threads were stopped: 0.0041660 seconds, Stopping threads took: 0.0020050 seconds
174.360: Application time: 0.0447650 seconds
174.362: [GC174.362: [ParNew: 55871K->6206K(55872K), 0.0022860 secs] 166034K->117468K(182144K), 0.0023270 secs] [Times: user=0.02 sys=0.00, real=0.00 secs] 
174.364: Total time for which application threads were stopped: 0.0039430 seconds, Stopping threads took: 0.0015510 seconds
174.410: Application time: 0.0460800 seconds
174.411: [GC174.411: [ParNew: 55869K->3176K(55872K), 0.0011920 secs] 167132K->114467K(182144K), 0.0012220 secs] [Times: user=0.00 sys=0.00, real=0.00 secs] 
174.413: Total time for which application threads were stopped: 0.0024690 seconds, Stopping threads took: 0.0011910 seconds
174.459: Application time: 0.0462540 seconds
174.461: [GC174.461: [ParNew: 52840K->5029K(55872K), 0.0016500 secs] 164131K->116377K(182144K), 0.0016920 secs] [Times: user=0.01 sys=0.00, real=0.01 secs] 
174.462: Total time for which application threads were stopped: 0.0033680 seconds, Stopping threads took: 0.0016110 seconds
174.508: Application time: 0.0452240 seconds
174.509: [GC174.509: [ParNew: 54693K->5255K(55872K), 0.0017000 secs] 166041K->116632K(182144K), 0.0017400 secs] [Times: user=0.02 sys=0.00, real=0.00 secs] 
174.511: Total time for which application threads were stopped: 0.0030030 seconds, Stopping threads took: 0.0012020 seconds
174.557: Application time: 0.0460240 seconds
174.559: [GC174.559: [ParNew: 54919K->6206K(55872K), 0.0023090 secs] 166296K->118626K(182144K), 0.0023620 secs] [Times: user=0.02 sys=0.00, real=0.01 secs] 
174.562: Total time for which application threads were stopped: 0.0050480 seconds, Stopping threads took: 0.0025990 seconds
174.606: Application time: 0.0443770 seconds
174.608: [GC174.608: [ParNew: 55870K->6207K(55872K), 0.0023630 secs] 168290K->119790K(182144K), 0.0024140 secs] [Times: user=0.01 sys=0.00, real=0.00 secs] 
174.610: Total time for which application threads were stopped: 0.0041900 seconds, Stopping threads took: 0.0016860 seconds
174.654: Application time: 0.0441950 seconds
174.657: [GC174.657: [ParNew: 55871K->6207K(55872K), 0.0023280 secs] 169454K->120924K(182144K), 0.0023700 secs] [Times: user=0.02 sys=0.00, real=0.00 secs] 
174.659: Total time for which application threads were stopped: 0.0046610 seconds, Stopping threads took: 0.0022020 seconds
174.703: Application time: 0.0442720 seconds
174.705: [GC174.705: [ParNew: 55871K->6207K(55872K), 0.0022490 secs] 170588K->122074K(182144K), 0.0022960 secs] [Times: user=0.01 sys=0.00, real=0.00 secs] 
174.707: Total time for which application threads were stopped: 0.0038750 seconds, Stopping threads took: 0.0015110 seconds
174.752: Application time: 0.0447030 seconds
174.754: [GC174.754: [ParNew: 55871K->5353K(55872K), 0.0016450 secs] 171738K->121220K(182144K), 0.0016850 secs] [Times: user=0.01 sys=0.00, real=0.00 secs] 
174.755: Total time for which application threads were stopped: 0.0035550 seconds, Stopping threads took: 0.0017980 seconds
174.800: Application time: 0.0445160 seconds
174.802: [GC174.802: [ParNew: 55017K->6206K(55872K), 0.0021580 secs] 170884K->122349K(182144K), 0.0021990 secs] [Times: user=0.01 sys=0.00, real=0.00 secs] 
174.804: Total time for which application threads were stopped: 0.0040600 seconds, Stopping threads took: 0.0017750 seconds
174.849: Application time: 0.0453090 seconds
174.853: [GC174.853: [ParNew: 55870K->6081K(55872K), 0.0018450 secs] 172013K->122252K(182144K), 0.0018910 secs] [Times: user=0.01 sys=0.00, real=0.01 secs] 
174.854: Total time for which application threads were stopped: 0.0050520 seconds, Stopping threads took: 0.0030760 seconds
174.901: Application time: 0.0462450 seconds
174.903: [GC174.903: [ParNew: 55745K->6207K(55872K), 0.0022960 secs] 171916K->123611K(182144K), 0.0023380 secs] [Times: user=0.02 sys=0.00, real=0.00 secs] 
174.905: Total time for which application threads were stopped: 0.0045280 seconds, Stopping threads took: 0.0021040 seconds
174.950: Application time: 0.0447550 seconds
174.952: [GC174.952: [ParNew: 55871K->6207K(55872K), 0.0021510 secs] 173275K->123671K(182144K), 0.0021960 secs] [Times: user=0.01 sys=0.00, real=0.01 secs] 
174.954: Total time for which application threads were stopped: 0.0042000 seconds, Stopping threads took: 0.0019410 seconds
174.998: Application time: 0.0437040 seconds
175.000: [GC175.000: [ParNew: 55871K->6206K(55872K), 0.0020860 secs] 173335K->123761K(182144K), 0.0021270 secs] [Times: user=0.01 sys=0.00, real=0.01 secs] 
175.002: Total time for which application threads were stopped: 0.0039250 seconds, Stopping threads took: 0.0017380 seconds
175.046: Application time: 0.0445790 seconds
175.049: [GC175.049: [ParNew: 55870K->5738K(55872K), 0.0018860 secs] 173425K->123292K(182144K), 0.0019260 secs] [Times: user=0.01 sys=0.00, real=0.00 secs] 
175.051: Total time for which application threads were stopped: 0.0047330 seconds, Stopping threads took: 0.0027480 seconds
175.094: Application time: 0.0428490 seconds
175.096: [GC175.096: [ParNew: 55402K->6207K(55872K), 0.0024410 secs] 172956K->124704K(182144K), 0.0024830 secs] [Times: user=0.02 sys=0.00, real=0.00 secs] 
175.099: Total time for which application threads were stopped: 0.0047580 seconds, Stopping threads took: 0.0022100 seconds
175.142: Application time: 0.0430710 seconds
175.143: [GC175.143: [ParNew: 55871K->6207K(55872K), 0.0022570 secs] 174368K->125078K(182144K), 0.0023100 secs] [Times: user=0.01 sys=0.00, real=0.00 secs] 
175.146: Total time for which application threads were stopped: 0.0039850 seconds, Stopping threads took: 0.0016110 seconds
175.191: Application time: 0.0451370 seconds
175.193: [GC175.193: [ParNew: 55871K->6206K(55872K), 0.0020230 secs] 174742K->125382K(182144K), 0.0020650 secs] [Times: user=0.01 sys=0.00, real=0.01 secs] 
175.195: Total time for which application threads were stopped: 0.0044140 seconds, Stopping threads took: 0.0022840 seconds
175.239: Application time: 0.0432420 seconds
175.241: [GC175.241: [ParNew: 55869K->6207K(55872K), 0.0021930 secs] 175044K->126208K(182144K), 0.0022340 secs] [Times: user=0.02 sys=0.00, real=0.01 secs] 
175.244: Total time for which application threads were stopped: 0.0049890 seconds, Stopping threads took: 0.0026910 seconds
 CMS: abort preclean due to time 175.245: [CMS-concurrent-abortable-preclean: 0.263/5.011 secs] [Times: user=38.47 sys=0.13, real=5.02 secs] 
175.245: Application time: 0.0018830 seconds
175.249: [GC[YG occupancy: 12225 K (55872 K)]175.249: [Rescan (parallel) , 0.0002360 secs]175.249: [weak refs processing, 0.0000070 secs]175.249: [scrub string table, 0.0001150 secs] [1 CMS-remark: 120000K(126272K)] 132225K(182144K), 0.0003920 secs] [Times: user=0.00 sys=0.00, real=0.00 secs] 
175.249: Total time for which application threads were stopped: 0.0035230 seconds, Stopping threads took: 0.0031010 seconds
175.249: [CMS-concurrent-sweep-start]
175.256: [CMS-concurrent-sweep: 0.007/0.007 secs] [Times: user=0.04 sys=0.00, real=0.01 secs] 
175.256: [CMS-concurrent-reset-start]
175.257: [CMS-concurrent-reset: 0.000/0.000 secs] [Times: user=0.00 sys=0.00, real=0.00 secs] 
175.290: Application time: 0.0405990 seconds
175.292: [GC175.292: [ParNew: 55871K->6207K(55872K), 0.0024240 secs] 112768K->63795K(182144K), 0.0024660 secs] [Times: user=0.02 sys=0.00, real=0.01 secs] 
175.295: Total time for which application threads were stopped: 0.0049360 seconds, Stopping threads took: 0.0023820 seconds
175.295: Application time: 0.0002620 seconds
175.297: [GC [1 CMS-initial-mark: 57587K(126272K)] 64792K(182144K), 0.0002000 secs] [Times: user=0.00 sys=0.00, real=0.00 secs] 
175.297: Total time for which application threads were stopped: 0.0023460 seconds, Stopping threads took: 0.0021120 seconds
175.297: [CMS-concurrent-mark-start]
175.302: [CMS-concurrent-mark: 0.005/0.005 secs] [Times: user=0.03 sys=0.00, real=0.01 secs] 
175.302: [CMS-concurrent-preclean-start]
175.302: [CMS-concurrent-preclean: 0.000/0.000 secs] [Times: user=0.01 sys=0.00, real=0.00 secs] 
175.302: [CMS-concurrent-abortable-preclean-start]
175.342: Application time: 0.0450180 seconds
175.344: [GC175.344: [ParNew: 55871K->5651K(55872K), 0.0018520 secs] 113459K->63296K(182144K), 0.0018960 secs] [Times: user=0.01 sys=0.00, real=0.00 secs] 
175.346: Total time for which application threads were stopped: 0.0036340 seconds, Stopping threads took: 0.0016540 seconds
175.389: Application time: 0.0436760 seconds
175.391: [GC175.391: [ParNew: 55315K->6206K(55872K), 0.0020310 secs] 112960K->64212K(182144K), 0.0020740 secs] [Times: user=0.01 sys=0.00, real=0.01 secs] 
175.394: Total time for which application threads were stopped: 0.0040130 seconds, Stopping threads took: 0.0018530 seconds
175.438: Application time: 0.0445870 seconds
175.441: [GC175.441: [ParNew: 55870K->6207K(55872K), 0.0022770 secs] 113876K->65338K(182144K), 0.0023230 secs] [Times: user=0.01 sys=0.00, real=0.01 secs] 
175.443: Total time for which application threads were stopped: 0.0048370 seconds, Stopping threads took: 0.0024270 seconds
175.489: Application time: 0.0456010 seconds
175.491: [GC175.491: [ParNew: 55871K->6206K(55872K), 0.0022620 secs] 115002K->66587K(182144K), 0.0023070 secs] [Times: user=0.02 sys=0.00, real=0.01 secs] 
175.494: Total time for which application threads were stopped: 0.0050790 seconds, Stopping threads took: 0.0027070 seconds
175.540: Application time: 0.0459980 seconds
175.542: [GC175.542: [ParNew: 55870K->6206K(55872K), 0.0018860 secs] 116251K->66596K(182144K), 0.0019350 secs] [Times: user=0.02 sys=0.00, real=0.00 secs] 
175.544: Total time for which application threads were stopped: 0.0044990 seconds, Stopping threads took: 0.0025010 seconds
175.589: Application time: 0.0451490 seconds
175.591: [GC175.591: [ParNew: 55870K->6068K(55872K), 0.0018080 secs] 116260K->66458K(182144K), 0.0018460 secs] [Times: user=0.01 sys=0.00, real=0.00 secs] 
175.593: Total time for which application threads were stopped: 0.0038170 seconds, Stopping threads took: 0.0019080 seconds
175.639: Application time: 0.0460970 seconds
175.640: [GC175.640: [ParNew: 55732K->5646K(55872K), 0.0019760 secs] 116122K->66065K(182144K), 0.0020190 secs] [Times: user=0.02 sys=0.00, real=0.01 secs] 
175.642: Total time for which application threads were stopped: 0.0029390 seconds, Stopping threads took: 0.0008540 seconds
175.687: Application time: 0.0444650 seconds
175.688: [GC175.688: [ParNew: 55310K->5674K(55872K), 0.0017310 secs] 115729K->66092K(182144K), 0.0017730 secs] [Times: user=0.01 sys=0.00, real=0.00 secs] 
175.690: Total time for which application threads were stopped: 0.0033700 seconds, Stopping threads took: 0.0015330 seconds
175.734: Application time: 0.0442850 seconds
175.736: [GC175.736: [ParNew: 55338K->6206K(55872K), 0.0022390 secs] 115756K->67424K(182144K), 0.0022830 secs] [Times: user=0.01 sys=0.00, real=0.00 secs] 
175.738: Total time for which application threads were stopped: 0.0040990 seconds, Stopping threads took: 0.0017310 seconds
175.784: Application time: 0.0461490 seconds
175.787: [GC175.787: [ParNew: 55870K->4964K(55872K), 0.0015240 secs] 117088K->66182K(182144K), 0.0015630 secs] [Times: user=0.02 sys=0.00, real=0.00 secs] 
175.788: Total time for which application threads were stopped: 0.0036950 seconds, Stopping threads took: 0.0020600 seconds
175.833: Application time: 0.0445670 seconds
175.835: [GC175.835: [ParNew: 54628K->6206K(55872K), 0.0021330 secs] 115846K->68067K(182144K), 0.0021720 secs] [Times: user=0.01 sys=0.00, real=0.00 secs] 
175.837: Total time for which application threads were stopped: 0.0044610 seconds, Stopping threads took: 0.0021930 seconds
175.884: Application time: 0.0468620 seconds
175.887: [GC175.887: [ParNew: 55870K->6207K(55872K), 0.0023120 secs] 117731K->69327K(182144K), 0.0023590 secs] [Times: user=0.01 sys=0.00, real=0.00 secs] 
175.889: Total time for which application threads were stopped: 0.0049800 seconds, Stopping threads took: 0.0025540 seconds
175.936: Application time: 0.0469430 seconds
175.937: [GC175.937: [ParNew: 55871K->6206K(55872K), 0.0022150 secs] 118991K->70299K(182144K), 0.0022630 secs] [Times: user=0.02 sys=0.00, real=0.00 secs] 
175.939: Total time for which application threads were stopped: 0.0034170 seconds, Stopping threads took: 0.0010860 seconds
175.987: Application time: 0.0471100 seconds
175.988: [GC175.988: [ParNew: 55870K->5558K(55872K), 0.0017970 secs] 119963K->69707K(182144K), 0.0018380 secs] [Times: user=0.01 sys=0.00, real=0.00 secs] 
175.990: Total time for which application threads were stopped: 0.0030220 seconds, Stopping threads took: 0.0011180 seconds
176.037: Application time: 0.0474730 seconds
176.039: [GC176.039: [ParNew: 55222K->6206K(55872K), 0.0024660 secs] 119371K->72071K(182144K), 0.0025100 secs] [Times: user=0.02 sys=0.00, real=0.00 secs] 
176.041: Total time for which application threads were stopped: 0.0040430 seconds, Stopping threads took: 0.0014650 seconds
176.092: Application time: 0.0507090 seconds
176.092: [GC176.092: [ParNew: 55870K->4404K(55872K), 0.0014950 secs] 121735K->70269K(182144K), 0.0015320 secs] [Times: user=0.01 sys=0.00, real=0.01 secs] 
176.094: Total time for which application threads were stopped: 0.0020670 seconds, Stopping threads took: 0.0004720 seconds
176.138: Application time: 0.0438770 seconds
176.140: [GC176.140: [ParNew: 54068K->6206K(55872K), 0.0022520 secs] 119933K->73141K(182144K), 0.0022960 secs] [Times: user=0.01 sys=0.00, real=0.01 secs] 
176.142: Total time for which application threads were stopped: 0.0042910 seconds, Stopping threads took: 0.0019290 seconds
176.190: Application time: 0.0484260 seconds
176.192: [GC176.192: [ParNew: 55870K->6206K(55872K), 0.0021200 secs] 122805K->73527K(182144K), 0.0021760 secs] [Times: user=0.01 sys=0.00, real=0.01 secs] 
176.194: Total time for which application threads were stopped: 0.0037820 seconds, Stopping threads took: 0.0015360 seconds
176.241: Application time: 0.0469340 seconds
176.244: [GC176.244: [ParNew: 55870K->6206K(55872K), 0.0022090 secs] 123191K->73996K(182144K), 0.0022560 secs] [Times: user=0.02 sys=0.00, real=0.00 secs] 
176.246: Total time for which application threads were stopped: 0.0046680 seconds, Stopping threads took: 0.0023420 seconds
176.294: Application time: 0.0480770 seconds
176.297: [GC176.297: [ParNew: 55870K->6207K(55872K), 0.0021370 secs] 123660K->74459K(182144K), 0.0021800 secs] [Times: user=0.02 sys=0.00, real=0.00 secs] 
176.299: Total time for which application threads were stopped: 0.0047930 seconds, Stopping threads took: 0.0025460 seconds
176.347: Application time: 0.0483810 seconds
176.349: [GC176.349: [ParNew: 55871K->6207K(55872K), 0.0024360 secs] 124123K->75767K(182144K), 0.0024800 secs] [Times: user=0.02 sys=0.00, real=0.00 secs] 
176.352: Total time for which application threads were stopped: 0.0045110 seconds, Stopping threads took: 0.0019570 seconds
176.403: Application time: 0.0510570 seconds
176.406: [GC176.406: [ParNew: 55871K->3489K(55872K), 0.0011570 secs] 125431K->73105K(182144K), 0.0011990 secs] [Times: user=0.01 sys=0.00, real=0.00 secs] 
176.407: Total time for which application threads were stopped: 0.0042520 seconds, Stopping threads took: 0.0029920 seconds
176.459: Application time: 0.0516170 seconds
176.461: [GC176.461: [ParNew: 53153K->5461K(55872K), 0.0017580 secs] 122769K->75106K(182144K), 0.0018030 secs] [Times: user=0.01 sys=0.00, real=0.01 secs] 
176.463: Total time for which application threads were stopped: 0.0039330 seconds, Stopping threads took: 0.0020640 seconds
176.511: Application time: 0.0483360 seconds
176.512: [GC176.512: [ParNew: 55125K->6138K(55872K), 0.0020540 secs] 124770K->75811K(182144K), 0.0020960 secs] [Times: user=0.02 sys=0.00, real=0.01 secs] 
176.514: Total time for which application threads were stopped: 0.0032820 seconds, Stopping threads took: 0.0011220 seconds
176.561: Application time: 0.0471500 seconds
176.563: [GC176.563: [ParNew: 55802K->6207K(55872K), 0.0022390 secs] 125475K->76649K(182144K), 0.0022820 secs] [Times: user=0.02 sys=0.00, real=0.00 secs] 
176.566: Total time for which application threads were stopped: 0.0042480 seconds, Stopping threads took: 0.0018790 seconds
176.614: Application time: 0.0487900 seconds
176.617: [GC176.617: [ParNew: 55871K->3851K(55872K), 0.0015770 secs] 126313K->74293K(182144K), 0.0016160 secs] [Times: user=0.01 sys=0.00, real=0.00 secs] 
176.618: Total time for which application threads were stopped: 0.0038440 seconds, Stopping threads took: 0.0021640 seconds
176.667: Application time: 0.0489690 seconds
176.669: [GC176.669: [ParNew: 53514K->6207K(55872K), 0.0022130 secs] 123956K->77135K(182144K), 0.0022610 secs] [Times: user=0.01 sys=0.00, real=0.00 secs] 
176.671: Total time for which application threads were stopped: 0.0039680 seconds, Stopping threads took: 0.0016370 seconds
176.718: Application time: 0.0472360 seconds
176.720: [GC176.720: [ParNew: 55871K->6207K(55872K), 0.0024030 secs] 126799K->78564K(182144K), 0.0024490 secs] [Times: user=0.01 sys=0.00, real=0.01 secs] 
176.723: Total time for which application threads were stopped: 0.0042460 seconds, Stopping threads took: 0.0017320 seconds
176.770: Application time: 0.0478860 seconds
176.772: [GC176.773: [ParNew: 55871K->5708K(55872K), 0.0017910 secs] 128228K->78065K(182144K), 0.0018340 secs] [Times: user=0.01 sys=0.00, real=0.01 secs] 
176.774: Total time for which application threads were stopped: 0.0038650 seconds, Stopping threads took: 0.0019650 seconds
176.824: Application time: 0.0492210 seconds
176.826: [GC176.827: [ParNew: 55372K->5665K(55872K), 0.0018220 secs] 127729K->78022K(182144K), 0.0018630 secs] [Times: user=0.01 sys=0.00, real=0.00 secs] 
176.828: Total time for which application threads were stopped: 0.0048000 seconds, Stopping threads took: 0.0028430 seconds
176.875: Application time: 0.0469110 seconds
176.878: [GC176.878: [ParNew: 55329K->6206K(55872K), 0.0021720 secs] 127686K->79073K(182144K), 0.0022160 secs] [Times: user=0.02 sys=0.00, real=0.00 secs] 
176.881: Total time for which application threads were stopped: 0.0053100 seconds, Stopping threads took: 0.0029990 seconds
176.929: Application time: 0.0487160 seconds
176.932: [GC176.932: [ParNew: 55870K->6206K(55872K), 0.0022590 secs] 128737K->79498K(182144K), 0.0023080 secs] [Times: user=0.01 sys=0.00, real=0.01 secs] 
176.935: Total time for which application threads were stopped: 0.0052880 seconds, Stopping threads took: 0.0029060 seconds
176.981: Application time: 0.0465570 seconds
176.983: [GC176.983: [ParNew: 55870K->6207K(55872K), 0.0023420 secs] 129162K->80864K(182144K), 0.0023830 secs] [Times: user=0.01 sys=0.00, real=0.00 secs] 
176.986: Total time for which application threads were stopped: 0.0045570 seconds, Stopping threads took: 0.0021090 seconds
177.034: Application time: 0.0478730 seconds
177.036: [GC177.036: [ParNew: 55871K->6206K(55872K), 0.0022880 secs] 130528K->81699K(182144K), 0.0023310 secs] [Times: user=0.02 sys=0.00, real=0.00 secs] 
177.038: Total time for which application threads were stopped: 0.0048100 seconds, Stopping threads took: 0.0024110 seconds
177.084: Application time: 0.0458810 seconds
177.087: [GC177.087: [ParNew: 55870K->6207K(55872K), 0.0021900 secs] 131363K->82449K(182144K), 0.0022340 secs] [Times: user=0.01 sys=0.00, real=0.00 secs] 
177.089: Total time for which application threads were stopped: 0.0051400 seconds, Stopping threads took: 0.0028300 seconds
177.138: Application time: 0.0482390 seconds
177.139: [GC177.139: [ParNew: 55871K->6206K(55872K), 0.0019720 secs] 132113K->82570K(182144K), 0.0020100 secs] [Times: user=0.01 sys=0.01, real=0.00 secs] 
177.141: Total time for which application threads were stopped: 0.0032020 seconds, Stopping threads took: 0.0011270 seconds
177.188: Application time: 0.0474170 seconds
177.191: [GC177.191: [ParNew: 55870K->6207K(55872K), 0.0022400 secs] 132234K->83692K(182144K), 0.0022850 secs] [Times: user=0.02 sys=0.00, real=0.00 secs] 
177.193: Total time for which application threads were stopped: 0.0046870 seconds, Stopping threads took: 0.0023330 seconds
177.242: Application time: 0.0487050 seconds
177.244: [GC177.244: [ParNew: 55871K->4696K(55872K), 0.0015680 secs] 133356K->82180K(182144K), 0.0016100 secs] [Times: user=0.01 sys=0.00, real=0.00 secs] 
177.245: Total time for which application threads were stopped: 0.0036070 seconds, Stopping threads took: 0.0019350 seconds
177.293: Application time: 0.0481020 seconds
177.295: [GC177.295: [ParNew: 54360K->5670K(55872K), 0.0017470 secs] 131844K->83183K(182144K), 0.0017910 secs] [Times: user=0.01 sys=0.00, real=0.00 secs] 
177.297: Total time for which application threads were stopped: 0.0032770 seconds, Stopping threads took: 0.0014200 seconds
177.347: Application time: 0.0500890 seconds
177.350: [GC177.350: [ParNew: 55334K->6206K(55872K), 0.0020540 secs] 132847K->84197K(182144K), 0.0021020 secs] [Times: user=0.02 sys=0.00, real=0.00 secs] 
177.352: Total time for which application threads were stopped: 0.0051520 seconds, Stopping threads took: 0.0029820 seconds
177.401: Application time: 0.0494880 seconds
177.403: [GC177.403: [ParNew: 55870K->4798K(55872K), 0.0016290 secs] 133861K->82789K(182144K), 0.0016690 secs] [Times: user=0.01 sys=0.00, real=0.00 secs] 
177.405: Total time for which application threads were stopped: 0.0035930 seconds, Stopping threads took: 0.0018290 seconds
177.455: Application time: 0.0496360 seconds
177.456: [GC177.456: [ParNew: 54462K->4714K(55872K), 0.0016180 secs] 132453K->82705K(182144K), 0.0016620 secs] [Times: user=0.01 sys=0.00, real=0.00 secs] 
177.457: Total time for which application threads were stopped: 0.0026640 seconds, Stopping threads took: 0.0009350 seconds
177.506: Application time: 0.0491340 seconds
177.509: [GC177.509: [ParNew: 54378K->6149K(55872K), 0.0020130 secs] 132369K->84169K(182144K), 0.0020690 secs] [Times: user=0.02 sys=0.00, real=0.00 secs] 
177.511: Total time for which application threads were stopped: 0.0043750 seconds, Stopping threads took: 0.0022450 seconds
177.559: Application time: 0.0479390 seconds
177.560: [GC177.560: [ParNew: 55813K->5516K(55872K), 0.0018340 secs] 133833K->83621K(182144K), 0.0018760 secs] [Times: user=0.02 sys=0.00, real=0.01 secs] 
177.562: Total time for which application threads were stopped: 0.0033940 seconds, Stopping threads took: 0.0014320 seconds
177.609: Application time: 0.0469010 seconds
177.610: [GC177.610: [ParNew: 55180K->6207K(55872K), 0.0023910 secs] 133285K->85095K(182144K), 0.0024380 secs] [Times: user=0.02 sys=0.00, real=0.00 secs] 
177.613: Total time for which application threads were stopped: 0.0037950 seconds, Stopping threads took: 0.0012700 seconds
177.659: Application time: 0.0465360 seconds
177.661: [GC177.662: [ParNew: 55871K->6206K(55872K), 0.0024160 secs] 134759K->86155K(182144K), 0.0024620 secs] [Times: user=0.02 sys=0.01, real=0.00 secs] 
177.664: Total time for which application threads were stopped: 0.0045690 seconds, Stopping threads took: 0.0020380 seconds
177.712: Application time: 0.0479110 seconds
177.715: [GC177.715: [ParNew: 55870K->6207K(55872K), 0.0020830 secs] 135819K->86650K(182144K), 0.0021330 secs] [Times: user=0.02 sys=0.00, real=0.00 secs] 
177.717: Total time for which application threads were stopped: 0.0050550 seconds, Stopping threads took: 0.0028540 seconds
177.764: Application time: 0.0466740 seconds
177.765: [GC177.765: [ParNew: 55871K->5583K(55872K), 0.0017590 secs] 136314K->86026K(182144K), 0.0018060 secs] [Times: user=0.01 sys=0.00, real=0.00 secs] 
177.767: Total time for which application threads were stopped: 0.0032450 seconds, Stopping threads took: 0.0013720 seconds
177.814: Application time: 0.0471910 seconds
177.816: [GC177.816: [ParNew: 55247K->6207K(55872K), 0.0020910 secs] 135690K->86891K(182144K), 0.0021420 secs] [Times: user=0.01 sys=0.00, real=0.00 secs] 
177.818: Total time for which application threads were stopped: 0.0038270 seconds, Stopping threads took: 0.0016140 seconds
177.864: Application time: 0.0459640 seconds
177.866: [GC177.866: [ParNew: 55871K->6207K(55872K), 0.0022420 secs] 136555K->87941K(182144K), 0.0022870 secs] [Times: user=0.02 sys=0.00, real=0.00 secs] 
177.868: Total time for which application threads were stopped: 0.0045320 seconds, Stopping threads took: 0.0021780 seconds
177.916: Application time: 0.0480980 seconds
177.920: [GC177.920: [ParNew: 55871K->6206K(55872K), 0.0019620 secs] 137605K->88056K(182144K), 0.0020100 secs] [Times: user=0.02 sys=0.00, real=0.01 secs] 
177.922: Total time for which application threads were stopped: 0.0051100 seconds, Stopping threads took: 0.0030210 seconds
177.974: Application time: 0.0526090 seconds
177.976: [GC177.976: [ParNew: 55870K->6206K(55872K), 0.0020410 secs] 137720K->88156K(182144K), 0.0020840 secs] [Times: user=0.02 sys=0.00, real=0.00 secs] 
177.978: Total time for which application threads were stopped: 0.0037030 seconds, Stopping threads took: 0.0015520 seconds
178.026: Application time: 0.0485220 seconds
178.028: [GC178.028: [ParNew: 55870K->6206K(55872K), 0.0022930 secs] 137820K->89155K(182144K), 0.0023410 secs] [Times: user=0.02 sys=0.00, real=0.00 secs] 
178.031: Total time for which application threads were stopped: 0.0042140 seconds, Stopping threads took: 0.0018050 seconds
178.079: Application time: 0.0482790 seconds
178.082: [GC178.082: [ParNew: 55870K->4674K(55872K), 0.0016000 secs] 138819K->87680K(182144K), 0.0016390 secs] [Times: user=0.01 sys=0.00, real=0.00 secs] 
178.083: Total time for which application threads were stopped: 0.0042420 seconds, Stopping threads took: 0.0025410 seconds
178.132: Application time: 0.0484060 seconds
178.133: [GC178.133: [ParNew: 54338K->6207K(55872K), 0.0023800 secs] 137344K->90446K(182144K), 0.0024260 secs] [Times: user=0.01 sys=0.00, real=0.01 secs] 
178.136: Total time for which application threads were stopped: 0.0041110 seconds, Stopping threads took: 0.0016180 seconds
178.185: Application time: 0.0494320 seconds
178.190: [GC178.190: [ParNew: 55871K->5265K(55872K), 0.0017550 secs] 140110K->89590K(182144K), 0.0018060 secs] [Times: user=0.01 sys=0.00, real=0.00 secs] 
178.191: Total time for which application threads were stopped: 0.0062090 seconds, Stopping threads took: 0.0043400 seconds
178.237: Application time: 0.0458720 seconds
178.240: [GC178.240: [ParNew: 54929K->6206K(55872K), 0.0024090 secs] 139254K->91915K(182144K), 0.0024550 secs] [Times: user=0.02 sys=0.00, real=0.01 secs] 
178.243: Total time for which application threads were stopped: 0.0053300 seconds, Stopping threads took: 0.0027880 seconds
178.290: Application time: 0.0479410 seconds
178.293: [GC178.293: [ParNew: 55870K->5878K(55872K), 0.0018850 secs] 141579K->91587K(182144K), 0.0019260 secs] [Times: user=0.01 sys=0.00, real=0.01 secs] 
178.295: Total time for which application threads were stopped: 0.0043660 seconds, Stopping threads took: 0.0023750 seconds
178.344: Application time: 0.0489160 seconds
178.347: [GC178.347: [ParNew: 55542K->6207K(55872K), 0.0021320 secs] 141251K->92660K(182144K), 0.0021800 secs] [Times: user=0.02 sys=0.00, real=0.00 secs] 
178.350: Total time for which application threads were stopped: 0.0057910 seconds, Stopping threads took: 0.0035440 seconds
178.397: Application time: 0.0472580 seconds
178.399: [GC178.399: [ParNew: 55871K->6206K(55872K), 0.0022570 secs] 142324K->93389K(182144K), 0.0023060 secs] [Times: user=0.01 sys=0.00, real=0.01 secs] 
178.401: Total time for which application threads were stopped: 0.0045870 seconds, Stopping threads took: 0.0021910 seconds
178.450: Application time: 0.0486080 seconds
178.455: [GC178.455: [ParNew: 55870K->5846K(55872K), 0.0021060 secs] 143053K->93029K(182144K), 0.0021490 secs] [Times: user=0.01 sys=0.00, real=0.00 secs] 
178.458: Total time for which application threads were stopped: 0.0075470 seconds, Stopping threads took: 0.0053250 seconds
178.505: Application time: 0.0472250 seconds
178.507: [GC178.507: [ParNew: 55510K->6206K(55872K), 0.0022220 secs] 142693K->93985K(182144K), 0.0022680 secs] [Times: user=0.01 sys=0.00, real=0.00 secs] 
178.509: Total time for which application threads were stopped: 0.0043650 seconds, Stopping threads took: 0.0020210 seconds
178.557: Application time: 0.0481480 seconds
178.560: [GC178.560: [ParNew: 55870K->6207K(55872K), 0.0022190 secs] 143649K->94653K(182144K), 0.0022650 secs] [Times: user=0.01 sys=0.00, real=0.01 secs] 
178.563: Total time for which application threads were stopped: 0.0053130 seconds, Stopping threads took: 0.0029870 seconds
178.612: Application time: 0.0489150 seconds
178.614: [GC178.614: [ParNew: 55871K->6151K(55872K), 0.0018930 secs] 144317K->94597K(182144K), 0.0019390 secs] [Times: user=0.02 sys=0.00, real=0.00 secs] 
178.616: Total time for which application threads were stopped: 0.0042030 seconds, Stopping threads took: 0.0021970 seconds
178.665: Application time: 0.0488320 seconds
178.668: [GC178.668: [ParNew: 55815K->5572K(55872K), 0.0018330 secs] 144261K->94075K(182144K), 0.0018740 secs] [Times: user=0.00 sys=0.01, real=0.00 secs] 
178.670: Total time for which application threads were stopped: 0.0049550 seconds, Stopping threads took: 0.0030190 seconds
178.719: Application time: 0.0495930 seconds
178.721: [GC178.721: [ParNew: 55236K->6207K(55872K), 0.0020310 secs] 143739K->95086K(182144K), 0.0020790 secs] [Times: user=0.01 sys=0.00, real=0.01 secs] 
178.723: Total time for which application threads were stopped: 0.0039060 seconds, Stopping threads took: 0.0017580 seconds
178.770: Application time: 0.0468670 seconds
178.772: [GC178.772: [ParNew: 55871K->6206K(55872K), 0.0026310 secs] 144750K->96620K(182144K), 0.0026780 secs] [Times: user=0.02 sys=0.00, real=0.01 secs] 
178.774: Total time for which application threads were stopped: 0.0044030 seconds, Stopping threads took: 0.0016570 seconds
178.825: Application time: 0.0506530 seconds
178.827: [GC178.827: [ParNew: 55870K->6085K(55872K), 0.0020260 secs] 146284K->96499K(182144K), 0.0020710 secs] [Times: user=0.01 sys=0.00, real=0.00 secs] 
178.829: Total time for which application threads were stopped: 0.0040250 seconds, Stopping threads took: 0.0018920 seconds
178.877: Application time: 0.0475630 seconds
178.878: [GC178.878: [ParNew: 55749K->6207K(55872K), 0.0020970 secs] 146163K->96660K(182144K), 0.0021410 secs] [Times: user=0.02 sys=0.00, real=0.00 secs] 
178.881: Total time for which application threads were stopped: 0.0039580 seconds, Stopping threads took: 0.0017300 seconds
178.928: Application time: 0.0478690 seconds
178.930: [GC178.930: [ParNew: 55871K->5675K(55872K), 0.0018120 secs] 146324K->96157K(182144K), 0.0018510 secs] [Times: user=0.01 sys=0.00, real=0.00 secs] 
178.932: Total time for which application threads were stopped: 0.0031290 seconds, Stopping threads took: 0.0011940 seconds
178.980: Application time: 0.0486980 seconds
178.982: [GC178.982: [ParNew: 55339K->4765K(55872K), 0.0016640 secs] 145821K->95247K(182144K), 0.0017010 secs] [Times: user=0.01 sys=0.00, real=0.00 secs] 
178.984: Total time for which application threads were stopped: 0.0033900 seconds, Stopping threads took: 0.0016000 seconds
179.033: Application time: 0.0497880 seconds
179.035: [GC179.035: [ParNew: 54429K->5621K(55872K), 0.0017210 secs] 144911K->96103K(182144K), 0.0017610 secs] [Times: user=0.01 sys=0.00, real=0.00 secs] 
179.037: Total time for which application threads were stopped: 0.0035900 seconds, Stopping threads took: 0.0017410 seconds
179.087: Application time: 0.0499370 seconds
179.089: [GC179.089: [ParNew: 55285K->6207K(55872K), 0.0022120 secs] 145767K->97010K(182144K), 0.0022560 secs] [Times: user=0.01 sys=0.00, real=0.00 secs] 
179.091: Total time for which application threads were stopped: 0.0040080 seconds, Stopping threads took: 0.0016850 seconds
179.139: Application time: 0.0477380 seconds
179.140: [GC179.140: [ParNew: 55871K->5713K(55872K), 0.0018920 secs] 146674K->96544K(182144K), 0.0019330 secs] [Times: user=0.01 sys=0.00, real=0.01 secs] 
179.142: Total time for which application threads were stopped: 0.0032240 seconds, Stopping threads took: 0.0012280 seconds
179.188: Application time: 0.0459240 seconds
179.190: [GC179.190: [ParNew: 55377K->6206K(55872K), 0.0021440 secs] 146208K->97521K(182144K), 0.0021880 secs] [Times: user=0.01 sys=0.00, real=0.00 secs] 
179.193: Total time for which application threads were stopped: 0.0046830 seconds, Stopping threads took: 0.0024280 seconds
179.243: Application time: 0.0501710 seconds
179.244: [GC179.244: [ParNew: 55870K->4490K(55872K), 0.0015240 secs] 147185K->95862K(182144K), 0.0015600 secs] [Times: user=0.01 sys=0.00, real=0.00 secs] 
179.246: Total time for which application threads were stopped: 0.0032520 seconds, Stopping threads took: 0.0016290 seconds
179.293: Application time: 0.0469720 seconds
179.295: [GC179.295: [ParNew: 54154K->6207K(55872K), 0.0020740 secs] 145526K->97745K(182144K), 0.0021190 secs] [Times: user=0.01 sys=0.00, real=0.00 secs] 
179.297: Total time for which application threads were stopped: 0.0042590 seconds, Stopping threads took: 0.0020720 seconds
179.346: Application time: 0.0485690 seconds
179.349: [GC179.349: [ParNew: 55871K->6207K(55872K), 0.0020720 secs] 147409K->97787K(182144K), 0.0021170 secs] [Times: user=0.01 sys=0.00, real=0.00 secs] 
179.351: Total time for which application threads were stopped: 0.0051850 seconds, Stopping threads took: 0.0030020 seconds
179.400: Application time: 0.0493810 seconds
179.402: [GC179.402: [ParNew: 55871K->5906K(55872K), 0.0020390 secs] 147451K->97485K(182144K), 0.0020810 secs] [Times: user=0.02 sys=0.00, real=0.00 secs] 
179.404: Total time for which application threads were stopped: 0.0040750 seconds, Stopping threads took: 0.0019070 seconds
179.450: Application time: 0.0457270 seconds
179.453: [GC179.453: [ParNew: 55570K->6207K(55872K), 0.0024020 secs] 147149K->98761K(182144K), 0.0024440 secs] [Times: user=0.02 sys=0.00, real=0.01 secs] 
179.455: Total time for which application threads were stopped: 0.0052490 seconds, Stopping threads took: 0.0027170 seconds
179.502: Application time: 0.0469810 seconds
179.505: [GC179.505: [ParNew: 55871K->6133K(55872K), 0.0021230 secs] 148425K->98715K(182144K), 0.0021730 secs] [Times: user=0.01 sys=0.00, real=0.00 secs] 
179.507: Total time for which application threads were stopped: 0.0044210 seconds, Stopping threads took: 0.0021770 seconds
179.552: Application time: 0.0452640 seconds
179.556: [GC179.556: [ParNew: 55797K->6207K(55872K), 0.0023290 secs] 148379K->99560K(182144K), 0.0023760 secs] [Times: user=0.02 sys=0.00, real=0.00 secs] 
179.558: Total time for which application threads were stopped: 0.0059570 seconds, Stopping threads took: 0.0034950 seconds
179.603: Application time: 0.0450340 seconds
179.606: [GC179.606: [ParNew: 55871K->6207K(55872K), 0.0022650 secs] 149224K->100433K(182144K), 0.0023060 secs] [Times: user=0.02 sys=0.00, real=0.00 secs] 
179.608: Total time for which application threads were stopped: 0.0049480 seconds, Stopping threads took: 0.0025790 seconds
179.657: Application time: 0.0491930 seconds
179.659: [GC179.659: [ParNew: 55871K->6206K(55872K), 0.0021120 secs] 150097K->100800K(182144K), 0.0021610 secs] [Times: user=0.02 sys=0.00, real=0.00 secs] 
179.661: Total time for which application threads were stopped: 0.0038670 seconds, Stopping threads took: 0.0016350 seconds
179.709: Application time: 0.0478720 seconds
179.712: [GC179.712: [ParNew: 55870K->6207K(55872K), 0.0020970 secs] 150464K->100988K(182144K), 0.0021410 secs] [Times: user=0.01 sys=0.00, real=0.01 secs] 
179.714: Total time for which application threads were stopped: 0.0049990 seconds, Stopping threads took: 0.0027690 seconds
179.763: Application time: 0.0490730 seconds
179.764: [GC179.764: [ParNew: 55871K->6207K(55872K), 0.0022430 secs] 150652K->101570K(182144K), 0.0022910 secs] [Times: user=0.02 sys=0.00, real=0.00 secs] 
179.766: Total time for which application threads were stopped: 0.0034210 seconds, Stopping threads took: 0.0010620 seconds
179.815: Application time: 0.0482040 seconds
179.817: [GC179.817: [ParNew: 55871K->6207K(55872K), 0.0024230 secs] 151234K->102794K(182144K), 0.0024660 secs] [Times: user=0.02 sys=0.00, real=0.00 secs] 
179.819: Total time for which application threads were stopped: 0.0044060 seconds, Stopping threads took: 0.0018740 seconds
179.863: Application time: 0.0442240 seconds
179.866: [GC179.866: [ParNew: 55871K->6207K(55872K), 0.0021930 secs] 152458K->103059K(182144K), 0.0022380 secs] [Times: user=0.01 sys=0.00, real=0.00 secs] 
179.868: Total time for which application threads were stopped: 0.0048780 seconds, Stopping threads took: 0.0025530 seconds
179.913: Application time: 0.0443590 seconds
179.915: [GC179.915: [ParNew: 55871K->6207K(55872K), 0.0021690 secs] 152723K->103394K(182144K), 0.0022150 secs] [Times: user=0.02 sys=0.00, real=0.00 secs] 
179.917: Total time for which application threads were stopped: 0.0043110 seconds, Stopping threads took: 0.0020300 seconds
179.962: Application time: 0.0451220 seconds
179.967: [GC179.967: [ParNew: 55871K->6206K(55872K), 0.0020900 secs] 153058K->103556K(182144K), 0.0021390 secs] [Times: user=0.02 sys=0.00, real=0.00 secs] 
179.969: Total time for which application threads were stopped: 0.0072870 seconds, Stopping threads took: 0.0050820 seconds
180.016: Application time: 0.0465180 seconds
180.018: [GC180.018: [ParNew: 55870K->4911K(55872K), 0.0016040 secs] 153220K->102289K(182144K), 0.0016460 secs] [Times: user=0.01 sys=0.00, real=0.00 secs] 
180.020: Total time for which application threads were stopped: 0.0038760 seconds, Stopping threads took: 0.0021540 seconds
180.066: Application time: 0.0462250 seconds
180.068: [GC180.068: [ParNew: 54575K->4551K(55872K), 0.0014390 secs] 151953K->101929K(182144K), 0.0014770 secs] [Times: user=0.01 sys=0.00, real=0.00 secs] 
180.069: Total time for which application threads were stopped: 0.0031570 seconds, Stopping threads took: 0.0016200 seconds
180.114: Application time: 0.0448580 seconds
180.116: [GC180.116: [ParNew: 54215K->6207K(55872K), 0.0023740 secs] 151593K->104965K(182144K), 0.0024120 secs] [Times: user=0.01 sys=0.00, real=0.00 secs] 
180.118: Total time for which application threads were stopped: 0.0041130 seconds, Stopping threads took: 0.0016260 seconds
180.164: Application time: 0.0458660 seconds
180.166: [GC180.166: [ParNew: 55871K->6206K(55872K), 0.0024420 secs] 154629K->106486K(182144K), 0.0024880 secs] [Times: user=0.02 sys=0.00, real=0.00 secs] 
180.168: Total time for which application threads were stopped: 0.0043980 seconds, Stopping threads took: 0.0018450 seconds
180.213: Application time: 0.0450210 seconds
180.215: [GC180.215: [ParNew: 55870K->6207K(55872K), 0.0024180 secs] 156150K->107841K(182144K), 0.0024600 secs] [Times: user=0.02 sys=0.00, real=0.00 secs] 
180.217: Total time for which application threads were stopped: 0.0039500 seconds, Stopping threads took: 0.0014250 seconds
180.262: Application time: 0.0446310 seconds
180.264: [GC180.264: [ParNew: 55871K->6206K(55872K), 0.0023270 secs] 157505K->109118K(182144K), 0.0023760 secs] [Times: user=0.01 sys=0.00, real=0.00 secs] 
180.266: Total time for which application threads were stopped: 0.0040050 seconds, Stopping threads took: 0.0015610 seconds
180.311: Application time: 0.0451240 seconds
180.313: [GC180.313: [ParNew: 55870K->6207K(55872K), 0.0022260 secs] 158782K->109911K(182144K), 0.0022770 secs] [Times: user=0.01 sys=0.00, real=0.01 secs] 
180.315: Total time for which application threads were stopped: 0.0041820 seconds, Stopping threads took: 0.0018370 seconds
 CMS: abort preclean due to time 180.317: [CMS-concurrent-abortable-preclean: 0.258/5.015 secs] [Times: user=38.44 sys=0.13, real=5.01 secs] 
180.321: Application time: 0.0061040 seconds
180.323: [GC[YG occupancy: 13417 K (55872 K)]180.324: [Rescan (parallel) , 0.0004040 secs]180.324: [weak refs processing, 0.0000080 secs]180.324: [scrub string table, 0.0001360 secs] [1 CMS-remark: 103703K(126272K)] 117121K(182144K), 0.0006100 secs] [Times: user=0.00 sys=0.00, real=0.00 secs] 
180.324: Total time for which application threads were stopped: 0.0027530 seconds, Stopping threads took: 0.0020930 seconds
180.324: [CMS-concurrent-sweep-start]
180.331: [CMS-concurrent-sweep: 0.007/0.007 secs] [Times: user=0.04 sys=0.00, real=0.00 secs] 
180.331: [CMS-concurrent-reset-start]
180.332: [CMS-concurrent-reset: 0.000/0.000 secs] [Times: user=0.00 sys=0.00, real=0.00 secs] 
180.362: Application time: 0.0383420 seconds
180.364: [GC180.364: [ParNew: 55871K->6206K(55872K), 0.0019290 secs] 104126K->54541K(182144K), 0.0019750 secs] [Times: user=0.02 sys=0.00, real=0.00 secs] 
180.366: Total time for which application threads were stopped: 0.0036010 seconds, Stopping threads took: 0.0015600 seconds
180.412: Application time: 0.0460630 seconds
180.414: [GC180.414: [ParNew: 55870K->5107K(55872K), 0.0016060 secs] 104205K->53442K(182144K), 0.0016440 secs] [Times: user=0.01 sys=0.00, real=0.00 secs] 
180.416: Total time for which application threads were stopped: 0.0035490 seconds, Stopping threads took: 0.0018430 seconds
180.465: Application time: 0.0493540 seconds
180.468: [GC180.468: [ParNew: 54771K->4087K(55872K), 0.0014260 secs] 103106K->52421K(182144K), 0.0014610 secs] [Times: user=0.01 sys=0.00, real=0.00 secs] 
180.469: Total time for which application threads were stopped: 0.0042040 seconds, Stopping threads took: 0.0026860 seconds
180.517: Application time: 0.0473340 seconds
180.519: [GC180.519: [ParNew: 53751K->5017K(55872K), 0.0017910 secs] 102085K->53381K(182144K), 0.0018320 secs] [Times: user=0.01 sys=0.00, real=0.00 secs] 
180.521: Total time for which application threads were stopped: 0.0041180 seconds, Stopping threads took: 0.0022040 seconds
180.567: Application time: 0.0466150 seconds
180.570: [GC180.570: [ParNew: 54681K->4663K(55872K), 0.0014960 secs] 103045K->53026K(182144K), 0.0015360 secs] [Times: user=0.01 sys=0.00, real=0.00 secs] 
180.571: Total time for which application threads were stopped: 0.0039390 seconds, Stopping threads took: 0.0023170 seconds
180.616: Application time: 0.0448910 seconds
180.618: [GC180.618: [ParNew: 54327K->6090K(55872K), 0.0018340 secs] 102690K->54454K(182144K), 0.0018710 secs] [Times: user=0.02 sys=0.00, real=0.00 secs] 
180.620: Total time for which application threads were stopped: 0.0033980 seconds, Stopping threads took: 0.0014540 seconds
180.665: Application time: 0.0455250 seconds
180.667: [GC180.667: [ParNew: 55754K->5677K(55872K), 0.0016240 secs] 104118K->54041K(182144K), 0.0016660 secs] [Times: user=0.01 sys=0.00, real=0.00 secs] 
180.669: Total time for which application threads were stopped: 0.0037290 seconds, Stopping threads took: 0.0020000 seconds
180.716: Application time: 0.0472620 seconds
180.719: [GC180.719: [ParNew: 55341K->6207K(55872K), 0.0019710 secs] 103705K->54908K(182144K), 0.0020140 secs] [Times: user=0.02 sys=0.00, real=0.00 secs] 
180.721: Total time for which application threads were stopped: 0.0046190 seconds, Stopping threads took: 0.0025410 seconds
180.765: Application time: 0.0447710 seconds
180.767: [GC180.767: [ParNew: 55871K->6207K(55872K), 0.0019250 secs] 104572K->55111K(182144K), 0.0019620 secs] [Times: user=0.02 sys=0.00, real=0.00 secs] 
180.769: Total time for which application threads were stopped: 0.0035890 seconds, Stopping threads took: 0.0015650 seconds
180.814: Application time: 0.0450900 seconds
180.816: [GC180.816: [ParNew: 55871K->6206K(55872K), 0.0023310 secs] 104775K->56090K(182144K), 0.0023760 secs] [Times: user=0.01 sys=0.00, real=0.00 secs] 
180.819: Total time for which application threads were stopped: 0.0043800 seconds, Stopping threads took: 0.0019380 seconds
180.866: Application time: 0.0470040 seconds
180.868: [GC180.868: [ParNew: 55870K->5525K(55872K), 0.0017110 secs] 105754K->55522K(182144K), 0.0017540 secs] [Times: user=0.01 sys=0.00, real=0.00 secs] 
180.870: Total time for which application threads were stopped: 0.0040970 seconds, Stopping threads took: 0.0022780 seconds
180.917: Application time: 0.0471150 seconds
180.918: [GC180.918: [ParNew: 55189K->6207K(55872K), 0.0021830 secs] 105186K->57013K(182144K), 0.0022280 secs] [Times: user=0.01 sys=0.00, real=0.00 secs] 
180.921: Total time for which application threads were stopped: 0.0039740 seconds, Stopping threads took: 0.0016780 seconds
180.963: Application time: 0.0426160 seconds
180.966: [GC180.966: [ParNew: 55871K->6206K(55872K), 0.0024620 secs] 106677K->58689K(182144K), 0.0025060 secs] [Times: user=0.01 sys=0.00, real=0.00 secs] 
180.968: Total time for which application threads were stopped: 0.0049250 seconds, Stopping threads took: 0.0023310 seconds
180.968: Application time: 0.0001440 seconds
180.971: [GC [1 CMS-initial-mark: 52482K(126272K)] 59430K(182144K), 0.0002030 secs] [Times: user=0.00 sys=0.00, real=0.00 secs] 
180.971: Total time for which application threads were stopped: 0.0026450 seconds, Stopping threads took: 0.0024140 seconds
180.971: [CMS-concurrent-mark-start]
180.975: [CMS-concurrent-mark: 0.004/0.004 secs] [Times: user=0.02 sys=0.00, real=0.01 secs] 
180.975: [CMS-concurrent-preclean-start]
180.975: [CMS-concurrent-preclean: 0.000/0.000 secs] [Times: user=0.00 sys=0.00, real=0.00 secs] 
180.975: [CMS-concurrent-abortable-preclean-start]
181.015: Application time: 0.0441340 seconds
181.017: [GC181.017: [ParNew: 55870K->6207K(55872K), 0.0023990 secs] 108353K->60151K(182144K), 0.0024440 secs] [Times: user=0.01 sys=0.00, real=0.00 secs] 
181.020: Total time for which application threads were stopped: 0.0045450 seconds, Stopping threads took: 0.0020360 seconds
181.069: Application time: 0.0495880 seconds
181.071: [GC181.071: [ParNew: 55871K->5631K(55872K), 0.0017520 secs] 109815K->59603K(182144K), 0.0017960 secs] [Times: user=0.01 sys=0.00, real=0.00 secs] 
181.072: Total time for which application threads were stopped: 0.0031360 seconds, Stopping threads took: 0.0012650 seconds
181.118: Application time: 0.0457020 seconds
181.120: [GC181.120: [ParNew: 55295K->5394K(55872K), 0.0016800 secs] 109267K->59367K(182144K), 0.0017200 secs] [Times: user=0.01 sys=0.00, real=0.01 secs] 
181.122: Total time for which application threads were stopped: 0.0036100 seconds, Stopping threads took: 0.0018260 seconds
181.167: Application time: 0.0456160 seconds
181.168: [GC181.168: [ParNew: 55058K->5030K(55872K), 0.0017550 secs] 109031K->59002K(182144K), 0.0018030 secs] [Times: user=0.01 sys=0.00, real=0.00 secs] 
181.170: Total time for which application threads were stopped: 0.0024730 seconds, Stopping threads took: 0.0006080 seconds
181.215: Application time: 0.0447240 seconds
181.216: [GC181.216: [ParNew: 54694K->5454K(55872K), 0.0016980 secs] 108666K->59455K(182144K), 0.0017380 secs] [Times: user=0.01 sys=0.00, real=0.00 secs] 
181.218: Total time for which application threads were stopped: 0.0031470 seconds, Stopping threads took: 0.0013470 seconds
181.263: Application time: 0.0456780 seconds
181.266: [GC181.266: [ParNew: 55118K->6042K(55872K), 0.0017940 secs] 109119K->60043K(182144K), 0.0018330 secs] [Times: user=0.01 sys=0.00, real=0.00 secs] 
181.268: Total time for which application threads were stopped: 0.0042530 seconds, Stopping threads took: 0.0023560 seconds
181.315: Application time: 0.0473410 seconds
181.317: [GC181.317: [ParNew: 55706K->4857K(55872K), 0.0015540 secs] 109707K->58886K(182144K), 0.0015930 secs] [Times: user=0.01 sys=0.00, real=0.00 secs] 
181.319: Total time for which application threads were stopped: 0.0037290 seconds, Stopping threads took: 0.0020750 seconds
181.363: Application time: 0.0437740 seconds
181.365: [GC181.365: [ParNew: 54521K->6207K(55872K), 0.0021550 secs] 108550K->61268K(182144K), 0.0021970 secs] [Times: user=0.02 sys=0.00, real=0.00 secs] 
181.367: Total time for which application threads were stopped: 0.0042300 seconds, Stopping threads took: 0.0019690 seconds
181.412: Application time: 0.0450410 seconds
181.415: [GC181.415: [ParNew: 55871K->6207K(55872K), 0.0020320 secs] 110932K->61630K(182144K), 0.0020730 secs] [Times: user=0.01 sys=0.01, real=0.00 secs] 
181.417: Total time for which application threads were stopped: 0.0049370 seconds, Stopping threads took: 0.0028020 seconds
181.460: Application time: 0.0432420 seconds
181.462: [GC181.462: [ParNew: 55871K->6207K(55872K), 0.0022250 secs] 111294K->62553K(182144K), 0.0022650 secs] [Times: user=0.01 sys=0.00, real=0.00 secs] 
181.465: Total time for which application threads were stopped: 0.0046350 seconds, Stopping threads took: 0.0022880 seconds
181.511: Application time: 0.0468270 seconds
181.513: [GC181.513: [ParNew: 55871K->5191K(55872K), 0.0016540 secs] 112217K->61537K(182144K), 0.0016940 secs] [Times: user=0.01 sys=0.00, real=0.01 secs] 
181.515: Total time for which application threads were stopped: 0.0034230 seconds, Stopping threads took: 0.0016660 seconds
181.563: Application time: 0.0479910 seconds
181.565: [GC181.565: [ParNew: 54855K->5344K(55872K), 0.0017530 secs] 111201K->61718K(182144K), 0.0017990 secs] [Times: user=0.01 sys=0.00, real=0.00 secs] 
181.567: Total time for which application threads were stopped: 0.0044110 seconds, Stopping threads took: 0.0025450 seconds
181.613: Application time: 0.0457810 seconds
181.615: [GC181.615: [ParNew: 55008K->4952K(55872K), 0.0016310 secs] 111382K->61326K(182144K), 0.0016670 secs] [Times: user=0.01 sys=0.00, real=0.00 secs] 
181.617: Total time for which application threads were stopped: 0.0040080 seconds, Stopping threads took: 0.0022480 seconds
181.663: Application time: 0.0459990 seconds
181.664: [GC181.664: [ParNew: 54616K->5183K(55872K), 0.0016880 secs] 110990K->61557K(182144K), 0.0017340 secs] [Times: user=0.01 sys=0.00, real=0.00 secs] 
181.666: Total time for which application threads were stopped: 0.0027680 seconds, Stopping threads took: 0.0009680 seconds
181.714: Application time: 0.0477600 seconds
181.714: [GC181.714: [ParNew: 54847K->3743K(55872K), 0.0012950 secs] 111221K->60145K(182144K), 0.0013300 secs] [Times: user=0.01 sys=0.00, real=0.00 secs] 
181.715: Total time for which application threads were stopped: 0.0015650 seconds, Stopping threads took: 0.0001740 seconds
181.762: Application time: 0.0463630 seconds
181.764: [GC181.764: [ParNew: 53407K->5293K(55872K), 0.0016850 secs] 109809K->61695K(182144K), 0.0017290 secs] [Times: user=0.01 sys=0.00, real=0.00 secs] 
181.766: Total time for which application threads were stopped: 0.0040590 seconds, Stopping threads took: 0.0022640 seconds
181.811: Application time: 0.0450010 seconds
181.814: [GC181.814: [ParNew: 54957K->5833K(55872K), 0.0017880 secs] 111359K->62236K(182144K), 0.0018400 secs] [Times: user=0.02 sys=0.00, real=0.00 secs] 
181.816: Total time for which application threads were stopped: 0.0049780 seconds, Stopping threads took: 0.0030730 seconds
181.861: Application time: 0.0452470 seconds
181.861: [GC181.861: [ParNew: 55496K->5006K(55872K), 0.0016640 secs] 111899K->61466K(182144K), 0.0017040 secs] [Times: user=0.01 sys=0.00, real=0.00 secs] 
181.863: Total time for which application threads were stopped: 0.0022760 seconds, Stopping threads took: 0.0005020 seconds
181.906: Application time: 0.0426860 seconds
181.909: [GC181.909: [ParNew: 54670K->6206K(55872K), 0.0022840 secs] 111130K->63769K(182144K), 0.0023280 secs] [Times: user=0.02 sys=0.00, real=0.00 secs] 
181.911: Total time for which application threads were stopped: 0.0051630 seconds, Stopping threads took: 0.0027710 seconds
181.955: Application time: 0.0441130 seconds
181.957: [GC181.957: [ParNew: 55870K->6206K(55872K), 0.0022300 secs] 113433K->64749K(182144K), 0.0022730 secs] [Times: user=0.01 sys=0.00, real=0.00 secs] 
181.960: Total time for which application threads were stopped: 0.0046500 seconds, Stopping threads took: 0.0023110 seconds
182.007: Application time: 0.0475800 seconds
182.009: [GC182.009: [ParNew: 55870K->6206K(55872K), 0.0020980 secs] 114413K->65527K(182144K), 0.0021370 secs] [Times: user=0.01 sys=0.00, real=0.00 secs] 
182.012: Total time for which application threads were stopped: 0.0042050 seconds, Stopping threads took: 0.0020000 seconds
182.056: Application time: 0.0446100 seconds
182.059: [GC182.059: [ParNew: 55870K->6207K(55872K), 0.0024180 secs] 115191K->67114K(182144K), 0.0024630 secs] [Times: user=0.02 sys=0.00, real=0.00 secs] 
182.061: Total time for which application threads were stopped: 0.0051300 seconds, Stopping threads took: 0.0026000 seconds
182.107: Application time: 0.0460780 seconds
182.109: [GC182.109: [ParNew: 55871K->4636K(55872K), 0.0014800 secs] 116778K->65572K(182144K), 0.0015170 secs] [Times: user=0.01 sys=0.00, real=0.00 secs] 
182.111: Total time for which application threads were stopped: 0.0031930 seconds, Stopping threads took: 0.0016130 seconds
182.153: Application time: 0.0427110 seconds
182.156: [GC182.156: [ParNew: 54300K->6207K(55872K), 0.0019200 secs] 115236K->67482K(182144K), 0.0019610 secs] [Times: user=0.02 sys=0.00, real=0.00 secs] 
182.158: Total time for which application threads were stopped: 0.0050030 seconds, Stopping threads took: 0.0029730 seconds
182.203: Application time: 0.0443540 seconds
182.204: [GC182.204: [ParNew: 55871K->5984K(55872K), 0.0018740 secs] 117146K->67258K(182144K), 0.0019140 secs] [Times: user=0.01 sys=0.00, real=0.00 secs] 
182.206: Total time for which application threads were stopped: 0.0031250 seconds, Stopping threads took: 0.0011480 seconds
182.254: Application time: 0.0479990 seconds
182.256: [GC182.256: [ParNew: 55648K->4514K(55872K), 0.0014650 secs] 116922K->65817K(182144K), 0.0015010 secs] [Times: user=0.01 sys=0.00, real=0.00 secs] 
182.258: Total time for which application threads were stopped: 0.0039960 seconds, Stopping threads took: 0.0024390 seconds
182.305: Application time: 0.0473410 seconds
182.308: [GC182.308: [ParNew: 54178K->3724K(55872K), 0.0012180 secs] 115481K->65027K(182144K), 0.0012520 secs] [Times: user=0.01 sys=0.00, real=0.00 secs] 
182.309: Total time for which application threads were stopped: 0.0038260 seconds, Stopping threads took: 0.0025160 seconds
182.356: Application time: 0.0470360 seconds
182.358: [GC182.358: [ParNew: 53388K->6206K(55872K), 0.0023360 secs] 114691K->67972K(182144K), 0.0023770 secs] [Times: user=0.01 sys=0.00, real=0.00 secs] 
182.361: Total time for which application threads were stopped: 0.0048960 seconds, Stopping threads took: 0.0024540 seconds
182.406: Application time: 0.0449660 seconds
182.407: [GC182.407: [ParNew: 55870K->6206K(55872K), 0.0024100 secs] 117636K->69306K(182144K), 0.0024610 secs] [Times: user=0.01 sys=0.00, real=0.00 secs] 
182.409: Total time for which application threads were stopped: 0.0033820 seconds, Stopping threads took: 0.0008560 seconds
182.456: Application time: 0.0470070 seconds
182.458: [GC182.458: [ParNew: 55870K->5932K(55872K), 0.0018790 secs] 118970K->69089K(182144K), 0.0019190 secs] [Times: user=0.02 sys=0.00, real=0.00 secs] 
182.460: Total time for which application threads were stopped: 0.0036730 seconds, Stopping threads took: 0.0016920 seconds
182.506: Application time: 0.0459860 seconds
182.507: [GC182.507: [ParNew: 55596K->4604K(55872K), 0.0015180 secs] 118753K->67761K(182144K), 0.0015540 secs] [Times: user=0.01 sys=0.00, real=0.00 secs] 
182.509: Total time for which application threads were stopped: 0.0030170 seconds, Stopping threads took: 0.0013930 seconds
182.554: Application time: 0.0450540 seconds
182.556: [GC182.556: [ParNew: 54268K->6206K(55872K), 0.0023260 secs] 117425K->70548K(182144K), 0.0023730 secs] [Times: user=0.02 sys=0.00, real=0.00 secs] 
182.558: Total time for which application threads were stopped: 0.0039580 seconds, Stopping threads took: 0.0014970 seconds
182.603: Application time: 0.0450570 seconds
182.605: [GC182.605: [ParNew: 55870K->6007K(55872K), 0.0020730 secs] 120212K->70377K(182144K), 0.0021180 secs] [Times: user=0.01 sys=0.00, real=0.00 secs] 
182.607: Total time for which application threads were stopped: 0.0040250 seconds, Stopping threads took: 0.0018430 seconds
182.652: Application time: 0.0453410 seconds
182.654: [GC182.654: [ParNew: 55671K->6207K(55872K), 0.0020700 secs] 120041K->70921K(182144K), 0.0021100 secs] [Times: user=0.02 sys=0.00, real=0.00 secs] 
182.656: Total time for which application threads were stopped: 0.0039190 seconds, Stopping threads took: 0.0017240 seconds
182.701: Application time: 0.0442370 seconds
182.702: [GC182.702: [ParNew: 55871K->6207K(55872K), 0.0023450 secs] 120585K->72190K(182144K), 0.0023900 secs] [Times: user=0.02 sys=0.00, real=0.00 secs] 
182.704: Total time for which application threads were stopped: 0.0036920 seconds, Stopping threads took: 0.0012070 seconds
182.751: Application time: 0.0471270 seconds
182.753: [GC182.753: [ParNew: 55871K->6206K(55872K), 0.0020370 secs] 121854K->72458K(182144K), 0.0020770 secs] [Times: user=0.02 sys=0.00, real=0.01 secs] 
182.755: Total time for which application threads were stopped: 0.0037350 seconds, Stopping threads took: 0.0015940 seconds
182.800: Application time: 0.0444450 seconds
182.802: [GC182.802: [ParNew: 55870K->6207K(55872K), 0.0021030 secs] 122122K->72632K(182144K), 0.0021420 secs] [Times: user=0.02 sys=0.00, real=0.00 secs] 
182.804: Total time for which application threads were stopped: 0.0046140 seconds, Stopping threads took: 0.0023870 seconds
182.853: Application time: 0.0486490 seconds
182.855: [GC182.855: [ParNew: 55871K->4892K(55872K), 0.0016660 secs] 122296K->71345K(182144K), 0.0017020 secs] [Times: user=0.01 sys=0.00, real=0.00 secs] 
182.857: Total time for which application threads were stopped: 0.0043740 seconds, Stopping threads took: 0.0026120 seconds
182.903: Application time: 0.0459350 seconds
182.905: [GC182.905: [ParNew: 54556K->6168K(55872K), 0.0020220 secs] 121009K->72650K(182144K), 0.0020700 secs] [Times: user=0.01 sys=0.00, real=0.00 secs] 
182.907: Total time for which application threads were stopped: 0.0040560 seconds, Stopping threads took: 0.0019200 seconds
182.954: Application time: 0.0463850 seconds
182.955: [GC182.955: [ParNew: 55832K->5795K(55872K), 0.0018890 secs] 122314K->72363K(182144K), 0.0019250 secs] [Times: user=0.01 sys=0.00, real=0.00 secs] 
182.957: Total time for which application threads were stopped: 0.0036770 seconds, Stopping threads took: 0.0016690 seconds
183.002: Application time: 0.0443840 seconds
183.004: [GC183.004: [ParNew: 55459K->6207K(55872K), 0.0022080 secs] 122027K->73339K(182144K), 0.0022510 secs] [Times: user=0.01 sys=0.00, real=0.00 secs] 
183.006: Total time for which application threads were stopped: 0.0045890 seconds, Stopping threads took: 0.0022510 seconds
183.050: Application time: 0.0440730 seconds
183.053: [GC183.053: [ParNew: 55871K->6207K(55872K), 0.0021080 secs] 123003K->73874K(182144K), 0.0021610 secs] [Times: user=0.01 sys=0.00, real=0.01 secs] 
183.055: Total time for which application threads were stopped: 0.0048250 seconds, Stopping threads took: 0.0026000 seconds
183.099: Application time: 0.0443130 seconds
183.102: [GC183.102: [ParNew: 55871K->5785K(55872K), 0.0017780 secs] 123538K->73481K(182144K), 0.0018170 secs] [Times: user=0.01 sys=0.00, real=0.00 secs] 
183.104: Total time for which application threads were stopped: 0.0046350 seconds, Stopping threads took: 0.0027550 seconds
183.149: Application time: 0.0450190 seconds
183.151: [GC183.151: [ParNew: 55449K->6207K(55872K), 0.0023280 secs] 123145K->74586K(182144K), 0.0023700 secs] [Times: user=0.02 sys=0.00, real=0.01 secs] 
183.154: Total time for which application threads were stopped: 0.0044450 seconds, Stopping threads took: 0.0020030 seconds
183.197: Application time: 0.0434200 seconds
183.198: [GC183.198: [ParNew: 55871K->5920K(55872K), 0.0018380 secs] 124250K->74299K(182144K), 0.0018830 secs] [Times: user=0.02 sys=0.00, real=0.00 secs] 
183.200: Total time for which application threads were stopped: 0.0029830 seconds, Stopping threads took: 0.0010340 seconds
183.246: Application time: 0.0463520 seconds
183.249: [GC183.249: [ParNew: 55584K->4879K(55872K), 0.0016470 secs] 123963K->73258K(182144K), 0.0016860 secs] [Times: user=0.01 sys=0.00, real=0.00 secs] 
183.250: Total time for which application threads were stopped: 0.0040320 seconds, Stopping threads took: 0.0022560 seconds
183.295: Application time: 0.0445090 seconds
183.296: [GC183.296: [ParNew: 54543K->6206K(55872K), 0.0022490 secs] 122922K->74700K(182144K), 0.0022950 secs] [Times: user=0.02 sys=0.00, real=0.00 secs] 
183.298: Total time for which application threads were stopped: 0.0034860 seconds, Stopping threads took: 0.0011050 seconds
183.344: Application time: 0.0456410 seconds
183.347: [GC183.347: [ParNew: 55870K->5788K(55872K), 0.0017790 secs] 124364K->74282K(182144K), 0.0018210 secs] [Times: user=0.01 sys=0.00, real=0.00 secs] 
183.349: Total time for which application threads were stopped: 0.0049610 seconds, Stopping threads took: 0.0030770 seconds
183.393: Application time: 0.0437260 seconds
183.395: [GC183.395: [ParNew: 55452K->6207K(55872K), 0.0021800 secs] 123946K->75131K(182144K), 0.0022260 secs] [Times: user=0.01 sys=0.00, real=0.00 secs] 
183.397: Total time for which application threads were stopped: 0.0041510 seconds, Stopping threads took: 0.0018570 seconds
183.441: Application time: 0.0443640 seconds
183.443: [GC183.443: [ParNew: 55871K->6207K(55872K), 0.0022100 secs] 124795K->75373K(182144K), 0.0022540 secs] [Times: user=0.01 sys=0.00, real=0.00 secs] 
183.445: Total time for which application threads were stopped: 0.0038970 seconds, Stopping threads took: 0.0015560 seconds
183.490: Application time: 0.0445340 seconds
183.492: [GC183.492: [ParNew: 55871K->6207K(55872K), 0.0019860 secs] 125037K->75430K(182144K), 0.0020290 secs] [Times: user=0.01 sys=0.00, real=0.01 secs] 
183.494: Total time for which application threads were stopped: 0.0045840 seconds, Stopping threads took: 0.0024700 seconds
183.538: Application time: 0.0442110 seconds
183.541: [GC183.541: [ParNew: 55871K->6207K(55872K), 0.0024840 secs] 125094K->76465K(182144K), 0.0025330 secs] [Times: user=0.02 sys=0.00, real=0.01 secs] 
183.544: Total time for which application threads were stopped: 0.0051470 seconds, Stopping threads took: 0.0025270 seconds
183.588: Application time: 0.0444450 seconds
183.590: [GC183.590: [ParNew: 55871K->6207K(55872K), 0.0022620 secs] 126129K->77432K(182144K), 0.0023030 secs] [Times: user=0.01 sys=0.00, real=0.00 secs] 
183.592: Total time for which application threads were stopped: 0.0044060 seconds, Stopping threads took: 0.0020180 seconds
183.637: Application time: 0.0443030 seconds
183.640: [GC183.640: [ParNew: 55871K->6206K(55872K), 0.0020730 secs] 127096K->77967K(182144K), 0.0021130 secs] [Times: user=0.02 sys=0.00, real=0.01 secs] 
183.642: Total time for which application threads were stopped: 0.0051280 seconds, Stopping threads took: 0.0029430 seconds
183.686: Application time: 0.0440270 seconds
183.687: [GC183.687: [ParNew: 55870K->6206K(55872K), 0.0021080 secs] 127631K->78462K(182144K), 0.0021510 secs] [Times: user=0.02 sys=0.00, real=0.00 secs] 
183.690: Total time for which application threads were stopped: 0.0037100 seconds, Stopping threads took: 0.0014940 seconds
183.735: Application time: 0.0456650 seconds
183.738: [GC183.738: [ParNew: 55870K->6206K(55872K), 0.0022550 secs] 128126K->79469K(182144K), 0.0022940 secs] [Times: user=0.01 sys=0.00, real=0.00 secs] 
183.740: Total time for which application threads were stopped: 0.0049530 seconds, Stopping threads took: 0.0025750 seconds
183.786: Application time: 0.0453140 seconds
183.787: [GC183.787: [ParNew: 55870K->6175K(55872K), 0.0019970 secs] 129133K->79467K(182144K), 0.0020360 secs] [Times: user=0.01 sys=0.00, real=0.00 secs] 
183.789: Total time for which application threads were stopped: 0.0037650 seconds, Stopping threads took: 0.0016480 seconds
183.835: Application time: 0.0460980 seconds
183.837: [GC183.837: [ParNew: 55838K->5766K(55872K), 0.0019460 secs] 129130K->79058K(182144K), 0.0019870 secs] [Times: user=0.01 sys=0.00, real=0.00 secs] 
183.839: Total time for which application threads were stopped: 0.0037270 seconds, Stopping threads took: 0.0016770 seconds
183.885: Application time: 0.0455900 seconds
183.887: [GC183.887: [ParNew: 55430K->6207K(55872K), 0.0024040 secs] 128722K->80393K(182144K), 0.0024520 secs] [Times: user=0.02 sys=0.00, real=0.00 secs] 
183.890: Total time for which application threads were stopped: 0.0049800 seconds, Stopping threads took: 0.0024590 seconds
183.938: Application time: 0.0479960 seconds
183.940: [GC183.940: [ParNew: 55871K->6207K(55872K), 0.0019890 secs] 130057K->80654K(182144K), 0.0020290 secs] [Times: user=0.01 sys=0.00, real=0.01 secs] 
183.943: Total time for which application threads were stopped: 0.0048320 seconds, Stopping threads took: 0.0027370 seconds
183.990: Application time: 0.0473250 seconds
183.992: [GC183.992: [ParNew: 55871K->6207K(55872K), 0.0021730 secs] 130318K->81412K(182144K), 0.0022170 secs] [Times: user=0.02 sys=0.00, real=0.01 secs] 
183.994: Total time for which application threads were stopped: 0.0040210 seconds, Stopping threads took: 0.0017380 seconds
184.041: Application time: 0.0473670 seconds
184.044: [GC184.044: [ParNew: 55871K->5525K(55872K), 0.0018050 secs] 131076K->80730K(182144K), 0.0018520 secs] [Times: user=0.01 sys=0.00, real=0.00 secs] 
184.046: Total time for which application threads were stopped: 0.0044570 seconds, Stopping threads took: 0.0025360 seconds
184.097: Application time: 0.0509720 seconds
184.100: [GC184.100: [ParNew: 55189K->3562K(55872K), 0.0012190 secs] 130394K->78767K(182144K), 0.0012590 secs] [Times: user=0.01 sys=0.01, real=0.00 secs] 
184.101: Total time for which application threads were stopped: 0.0043570 seconds, Stopping threads took: 0.0030150 seconds
184.151: Application time: 0.0500850 seconds
184.153: [GC184.153: [ParNew: 53225K->6018K(55872K), 0.0019930 secs] 128430K->81252K(182144K), 0.0020300 secs] [Times: user=0.01 sys=0.00, real=0.01 secs] 
184.155: Total time for which application threads were stopped: 0.0037150 seconds, Stopping threads took: 0.0016200 seconds
184.204: Application time: 0.0490180 seconds
184.206: [GC184.206: [ParNew: 55682K->4059K(55872K), 0.0013240 secs] 130916K->79293K(182144K), 0.0013620 secs] [Times: user=0.01 sys=0.00, real=0.00 secs] 
184.207: Total time for which application threads were stopped: 0.0032200 seconds, Stopping threads took: 0.0017970 seconds
184.255: Application time: 0.0476100 seconds
184.257: [GC184.257: [ParNew: 53723K->6207K(55872K), 0.0020640 secs] 128957K->81803K(182144K), 0.0021090 secs] [Times: user=0.01 sys=0.00, real=0.00 secs] 
184.259: Total time for which application threads were stopped: 0.0039840 seconds, Stopping threads took: 0.0018070 seconds
184.305: Application time: 0.0462450 seconds
184.307: [GC184.307: [ParNew: 55871K->6206K(55872K), 0.0022180 secs] 131467K->82896K(182144K), 0.0022700 secs] [Times: user=0.01 sys=0.00, real=0.00 secs] 
184.309: Total time for which application threads were stopped: 0.0041000 seconds, Stopping threads took: 0.0017340 seconds
184.356: Application time: 0.0470670 seconds
184.358: [GC184.358: [ParNew: 55870K->6207K(55872K), 0.0023220 secs] 132560K->84273K(182144K), 0.0023640 secs] [Times: user=0.02 sys=0.00, real=0.00 secs] 
184.361: Total time for which application threads were stopped: 0.0046070 seconds, Stopping threads took: 0.0021760 seconds
184.408: Application time: 0.0475340 seconds
184.411: [GC184.411: [ParNew: 55871K->6206K(55872K), 0.0020260 secs] 133937K->84626K(182144K), 0.0020710 secs] [Times: user=0.01 sys=0.00, real=0.00 secs] 
184.413: Total time for which application threads were stopped: 0.0047540 seconds, Stopping threads took: 0.0025940 seconds
184.461: Application time: 0.0478320 seconds
184.463: [GC184.463: [ParNew: 55870K->6016K(55872K), 0.0019150 secs] 134290K->84465K(182144K), 0.0019580 secs] [Times: user=0.01 sys=0.00, real=0.00 secs] 
184.465: Total time for which application threads were stopped: 0.0038950 seconds, Stopping threads took: 0.0018490 seconds
184.516: Application time: 0.0510180 seconds
184.517: [GC184.517: [ParNew: 55680K->5402K(55872K), 0.0018380 secs] 134129K->83964K(182144K), 0.0018800 secs] [Times: user=0.01 sys=0.00, real=0.00 secs] 
184.519: Total time for which application threads were stopped: 0.0035530 seconds, Stopping threads took: 0.0016030 seconds
184.571: Application time: 0.0519920 seconds
184.573: [GC184.573: [ParNew: 55066K->4912K(55872K), 0.0015530 secs] 133628K->83503K(182144K), 0.0015950 secs] [Times: user=0.01 sys=0.00, real=0.01 secs] 
184.574: Total time for which application threads were stopped: 0.0029070 seconds, Stopping threads took: 0.0012490 seconds
184.621: Application time: 0.0468020 seconds
184.622: [GC184.622: [ParNew: 54576K->6207K(55872K), 0.0020300 secs] 133167K->85017K(182144K), 0.0020730 secs] [Times: user=0.01 sys=0.00, real=0.00 secs] 
184.624: Total time for which application threads were stopped: 0.0033840 seconds, Stopping threads took: 0.0012460 seconds
184.674: Application time: 0.0491920 seconds
184.675: [GC184.675: [ParNew: 55871K->6207K(55872K), 0.0021490 secs] 134681K->85422K(182144K), 0.0021950 secs] [Times: user=0.01 sys=0.00, real=0.00 secs] 
184.677: Total time for which application threads were stopped: 0.0037310 seconds, Stopping threads took: 0.0014680 seconds
184.726: Application time: 0.0490240 seconds
184.727: [GC184.728: [ParNew: 55871K->5055K(55872K), 0.0015440 secs] 135086K->84298K(182144K), 0.0015860 secs] [Times: user=0.01 sys=0.00, real=0.00 secs] 
184.729: Total time for which application threads were stopped: 0.0027550 seconds, Stopping threads took: 0.0011020 seconds
184.777: Application time: 0.0479840 seconds
184.779: [GC184.779: [ParNew: 54718K->5496K(55872K), 0.0016560 secs] 133961K->84739K(182144K), 0.0016950 secs] [Times: user=0.01 sys=0.00, real=0.00 secs] 
184.781: Total time for which application threads were stopped: 0.0038540 seconds, Stopping threads took: 0.0020800 seconds
184.829: Application time: 0.0477350 seconds
184.830: [GC184.830: [ParNew: 55160K->6207K(55872K), 0.0024370 secs] 134403K->87065K(182144K), 0.0024830 secs] [Times: user=0.02 sys=0.00, real=0.00 secs] 
184.833: Total time for which application threads were stopped: 0.0042770 seconds, Stopping threads took: 0.0017240 seconds
184.882: Application time: 0.0486280 seconds
184.885: [GC184.885: [ParNew: 55871K->6206K(55872K), 0.0020240 secs] 136729K->87185K(182144K), 0.0020700 secs] [Times: user=0.02 sys=0.00, real=0.00 secs] 
184.887: Total time for which application threads were stopped: 0.0053360 seconds, Stopping threads took: 0.0031970 seconds
184.933: Application time: 0.0459500 seconds
184.935: [GC184.935: [ParNew: 55870K->6206K(55872K), 0.0023720 secs] 136849K->88744K(182144K), 0.0024180 secs] [Times: user=0.01 sys=0.00, real=0.00 secs] 
184.937: Total time for which application threads were stopped: 0.0044400 seconds, Stopping threads took: 0.0019330 seconds
184.988: Application time: 0.0503560 seconds
184.991: [GC184.991: [ParNew: 55870K->4842K(55872K), 0.0016100 secs] 138408K->87405K(182144K), 0.0016590 secs] [Times: user=0.01 sys=0.00, real=0.00 secs] 
184.993: Total time for which application threads were stopped: 0.0048740 seconds, Stopping threads took: 0.0031410 seconds
185.041: Application time: 0.0485740 seconds
185.043: [GC185.043: [ParNew: 54506K->5156K(55872K), 0.0016180 secs] 137069K->87748K(182144K), 0.0016600 secs] [Times: user=0.01 sys=0.00, real=0.00 secs] 
185.044: Total time for which application threads were stopped: 0.0031880 seconds, Stopping threads took: 0.0014620 seconds
185.096: Application time: 0.0515540 seconds
185.098: [GC185.098: [ParNew: 54820K->4489K(55872K), 0.0017050 secs] 137412K->87194K(182144K), 0.0017440 secs] [Times: user=0.01 sys=0.00, real=0.00 secs] 
185.100: Total time for which application threads were stopped: 0.0037750 seconds, Stopping threads took: 0.0019670 seconds
185.150: Application time: 0.0508010 seconds
185.153: [GC185.153: [ParNew: 54153K->5644K(55872K), 0.0019760 secs] 136858K->88350K(182144K), 0.0020150 secs] [Times: user=0.01 sys=0.00, real=0.01 secs] 
185.155: Total time for which application threads were stopped: 0.0046520 seconds, Stopping threads took: 0.0025700 seconds
185.204: Application time: 0.0493170 seconds
185.207: [GC185.207: [ParNew: 55308K->5734K(55872K), 0.0019580 secs] 138014K->88440K(182144K), 0.0020000 secs] [Times: user=0.02 sys=0.00, real=0.00 secs] 
185.209: Total time for which application threads were stopped: 0.0043500 seconds, Stopping threads took: 0.0022630 seconds
185.259: Application time: 0.0501420 seconds
185.262: [GC185.262: [ParNew: 55398K->6040K(55872K), 0.0020630 secs] 138104K->88774K(182144K), 0.0021070 secs] [Times: user=0.01 sys=0.00, real=0.00 secs] 
185.264: Total time for which application threads were stopped: 0.0049420 seconds, Stopping threads took: 0.0027690 seconds
185.316: Application time: 0.0517760 seconds
185.316: [GC185.316: [ParNew: 55704K->5797K(55872K), 0.0019840 secs] 138438K->88531K(182144K), 0.0020270 secs] [Times: user=0.01 sys=0.00, real=0.00 secs] 
185.318: Total time for which application threads were stopped: 0.0027610 seconds, Stopping threads took: 0.0006580 seconds
185.366: Application time: 0.0473220 seconds
185.368: [GC185.368: [ParNew: 55461K->6207K(55872K), 0.0023260 secs] 138195K->89487K(182144K), 0.0023710 secs] [Times: user=0.02 sys=0.00, real=0.00 secs] 
185.370: Total time for which application threads were stopped: 0.0047430 seconds, Stopping threads took: 0.0022740 seconds
185.419: Application time: 0.0485720 seconds
185.422: [GC185.422: [ParNew: 55871K->6206K(55872K), 0.0021610 secs] 139151K->89853K(182144K), 0.0022050 secs] [Times: user=0.01 sys=0.00, real=0.00 secs] 
185.424: Total time for which application threads were stopped: 0.0053090 seconds, Stopping threads took: 0.0030170 seconds
185.474: Application time: 0.0491860 seconds
185.476: [GC185.476: [ParNew: 55870K->6206K(55872K), 0.0021350 secs] 139517K->90379K(182144K), 0.0021800 secs] [Times: user=0.02 sys=0.00, real=0.00 secs] 
185.478: Total time for which application threads were stopped: 0.0047510 seconds, Stopping threads took: 0.0024810 seconds
185.527: Application time: 0.0484900 seconds
185.529: [GC185.529: [ParNew: 55870K->5231K(55872K), 0.0017750 secs] 140043K->89403K(182144K), 0.0018140 secs] [Times: user=0.01 sys=0.00, real=0.00 secs] 
185.530: Total time for which application threads were stopped: 0.0036290 seconds, Stopping threads took: 0.0017340 seconds
185.580: Application time: 0.0498420 seconds
185.582: [GC185.582: [ParNew: 54895K->6207K(55872K), 0.0023420 secs] 139067K->91649K(182144K), 0.0023920 secs] [Times: user=0.02 sys=0.00, real=0.00 secs] 
185.584: Total time for which application threads were stopped: 0.0036910 seconds, Stopping threads took: 0.0012370 seconds
185.632: Application time: 0.0483930 seconds
185.634: [GC185.635: [ParNew: 55871K->6207K(55872K), 0.0019820 secs] 141313K->91769K(182144K), 0.0020370 secs] [Times: user=0.01 sys=0.00, real=0.00 secs] 
185.637: Total time for which application threads were stopped: 0.0041830 seconds, Stopping threads took: 0.0020570 seconds
185.685: Application time: 0.0488480 seconds
185.687: [GC185.687: [ParNew: 55871K->5119K(55872K), 0.0018670 secs] 141433K->90738K(182144K), 0.0019050 secs] [Times: user=0.01 sys=0.00, real=0.00 secs] 
185.689: Total time for which application threads were stopped: 0.0035060 seconds, Stopping threads took: 0.0015370 seconds
185.737: Application time: 0.0482430 seconds
185.740: [GC185.740: [ParNew: 54783K->5528K(55872K), 0.0017700 secs] 140402K->91147K(182144K), 0.0018130 secs] [Times: user=0.02 sys=0.00, real=0.01 secs] 
185.741: Total time for which application threads were stopped: 0.0043170 seconds, Stopping threads took: 0.0024390 seconds
185.789: Application time: 0.0478650 seconds
185.791: [GC185.791: [ParNew: 55192K->6207K(55872K), 0.0023070 secs] 140811K->92562K(182144K), 0.0023510 secs] [Times: user=0.02 sys=0.00, real=0.01 secs] 
185.794: Total time for which application threads were stopped: 0.0042710 seconds, Stopping threads took: 0.0018540 seconds
185.842: Application time: 0.0486170 seconds
185.844: [GC185.844: [ParNew: 55871K->4982K(55872K), 0.0016640 secs] 142226K->91366K(182144K), 0.0017030 secs] [Times: user=0.02 sys=0.00, real=0.00 secs] 
185.846: Total time for which application threads were stopped: 0.0038030 seconds, Stopping threads took: 0.0020350 seconds
185.893: Application time: 0.0470700 seconds
185.895: [GC185.895: [ParNew: 54646K->6034K(55872K), 0.0019220 secs] 141030K->92418K(182144K), 0.0019600 secs] [Times: user=0.02 sys=0.00, real=0.00 secs] 
185.897: Total time for which application threads were stopped: 0.0039680 seconds, Stopping threads took: 0.0019360 seconds
185.944: Application time: 0.0466850 seconds
185.946: [GC185.946: [ParNew: 55698K->6206K(55872K), 0.0020950 secs] 142082K->93389K(182144K), 0.0021380 secs] [Times: user=0.02 sys=0.00, real=0.00 secs] 
185.948: Total time for which application threads were stopped: 0.0046370 seconds, Stopping threads took: 0.0024120 seconds
185.997: Application time: 0.0486130 seconds
185.999: [GC185.999: [ParNew: 55870K->6206K(55872K), 0.0021110 secs] 143053K->93583K(182144K), 0.0021570 secs] [Times: user=0.01 sys=0.00, real=0.00 secs] 
186.001: Total time for which application threads were stopped: 0.0043030 seconds, Stopping threads took: 0.0020580 seconds
 CMS: abort preclean due to time 186.003: [CMS-concurrent-abortable-preclean: 0.237/5.028 secs] [Times: user=38.63 sys=0.13, real=5.03 secs] 
186.009: Application time: 0.0081560 seconds
186.012: [GC[YG occupancy: 16987 K (55872 K)]186.012: [Rescan (parallel) , 0.0004470 secs]186.012: [weak refs processing, 0.0000070 secs]186.012: [scrub string table, 0.0001110 secs] [1 CMS-remark: 87377K(126272K)] 104364K(182144K), 0.0006090 secs] [Times: user=0.01 sys=0.00, real=0.00 secs] 
186.012: Total time for which application threads were stopped: 0.0027480 seconds, Stopping threads took: 0.0020790 seconds
186.012: [CMS-concurrent-sweep-start]
186.019: [CMS-concurrent-sweep: 0.006/0.006 secs] [Times: user=0.03 sys=0.00, real=0.01 secs] 
186.019: [CMS-concurrent-reset-start]
186.019: [CMS-concurrent-reset: 0.000/0.000 secs] [Times: user=0.01 sys=0.00, real=0.00 secs] 
186.050: Application time: 0.0373710 seconds
186.052: [GC186.052: [ParNew: 55870K->6206K(55872K), 0.0024550 secs] 93953K->45327K(182144K), 0.0025000 secs] [Times: user=0.02 sys=0.00, real=0.01 secs] 
186.054: Total time for which application threads were stopped: 0.0047050 seconds, Stopping threads took: 0.0021380 seconds
186.103: Application time: 0.0484920 seconds
186.105: [GC186.105: [ParNew: 55870K->6119K(55872K), 0.0018490 secs] 94991K->45240K(182144K), 0.0018910 secs] [Times: user=0.02 sys=0.00, real=0.00 secs] 
186.107: Total time for which application threads were stopped: 0.0038570 seconds, Stopping threads took: 0.0019010 seconds
186.156: Application time: 0.0491560 seconds
186.159: [GC186.159: [ParNew: 55783K->5079K(55872K), 0.0016270 secs] 94904K->44285K(182144K), 0.0016680 secs] [Times: user=0.01 sys=0.00, real=0.00 secs] 
186.160: Total time for which application threads were stopped: 0.0046480 seconds, Stopping threads took: 0.0028930 seconds
186.208: Application time: 0.0479060 seconds
186.210: [GC186.210: [ParNew: 54743K->6207K(55872K), 0.0024020 secs] 93949K->46749K(182144K), 0.0024480 secs] [Times: user=0.02 sys=0.00, real=0.00 secs] 
186.213: Total time for which application threads were stopped: 0.0044620 seconds, Stopping threads took: 0.0019470 seconds
186.261: Application time: 0.0479340 seconds
186.264: [GC186.264: [ParNew: 55871K->6206K(55872K), 0.0020540 secs] 96413K->47165K(182144K), 0.0021010 secs] [Times: user=0.01 sys=0.00, real=0.00 secs] 
186.266: Total time for which application threads were stopped: 0.0054070 seconds, Stopping threads took: 0.0032410 seconds
186.313: Application time: 0.0464150 seconds
186.315: [GC186.315: [ParNew: 55870K->6207K(55872K), 0.0020670 secs] 96829K->47662K(182144K), 0.0021120 secs] [Times: user=0.01 sys=0.00, real=0.00 secs] 
186.317: Total time for which application threads were stopped: 0.0042990 seconds, Stopping threads took: 0.0021200 seconds
186.367: Application time: 0.0497720 seconds
186.368: [GC186.368: [ParNew: 55871K->5213K(55872K), 0.0018450 secs] 97326K->46697K(182144K), 0.0018860 secs] [Times: user=0.01 sys=0.00, real=0.00 secs] 
186.370: Total time for which application threads were stopped: 0.0033700 seconds, Stopping threads took: 0.0013920 seconds
186.420: Application time: 0.0497480 seconds
186.421: [GC186.421: [ParNew: 54877K->6206K(55872K), 0.0021480 secs] 96361K->47743K(182144K), 0.0021950 secs] [Times: user=0.01 sys=0.00, real=0.01 secs] 
186.423: Total time for which application threads were stopped: 0.0036390 seconds, Stopping threads took: 0.0013670 seconds
186.470: Application time: 0.0468550 seconds
186.473: [GC186.473: [ParNew: 55870K->6206K(55872K), 0.0024910 secs] 97407K->49267K(182144K), 0.0025370 secs] [Times: user=0.01 sys=0.00, real=0.01 secs] 
186.475: Total time for which application threads were stopped: 0.0050170 seconds, Stopping threads took: 0.0024140 seconds
186.475: Application time: 0.0001140 seconds
186.477: [GC [1 CMS-initial-mark: 43060K(126272K)] 50262K(182144K), 0.0002620 secs] [Times: user=0.00 sys=0.00, real=0.00 secs] 
186.478: Total time for which application threads were stopped: 0.0022490 seconds, Stopping threads took: 0.0019630 seconds
186.478: [CMS-concurrent-mark-start]
186.483: [CMS-concurrent-mark: 0.005/0.005 secs] [Times: user=0.03 sys=0.00, real=0.01 secs] 
186.483: [CMS-concurrent-preclean-start]
186.483: [CMS-concurrent-preclean: 0.000/0.000 secs] [Times: user=0.00 sys=0.00, real=0.00 secs] 
186.483: [CMS-concurrent-abortable-preclean-start]
186.523: Application time: 0.0450800 seconds
186.525: [GC186.525: [ParNew: 55870K->6207K(55872K), 0.0020400 secs] 98931K->49447K(182144K), 0.0020850 secs] [Times: user=0.02 sys=0.00, real=0.00 secs] 
186.527: Total time for which application threads were stopped: 0.0042840 seconds, Stopping threads took: 0.0021320 seconds
186.572: Application time: 0.0451690 seconds
186.575: [GC186.575: [ParNew: 55871K->6207K(55872K), 0.0022400 secs] 99111K->50458K(182144K), 0.0022860 secs] [Times: user=0.01 sys=0.00, real=0.00 secs] 
186.577: Total time for which application threads were stopped: 0.0050090 seconds, Stopping threads took: 0.0026580 seconds
186.625: Application time: 0.0475270 seconds
186.627: [GC186.627: [ParNew: 55871K->6207K(55872K), 0.0021610 secs] 100122K->51252K(182144K), 0.0022110 secs] [Times: user=0.01 sys=0.00, real=0.00 secs] 
186.629: Total time for which application threads were stopped: 0.0044750 seconds, Stopping threads took: 0.0021950 seconds
186.675: Application time: 0.0454480 seconds
186.675: [GC186.675: [ParNew: 55871K->6207K(55872K), 0.0021220 secs] 100916K->51932K(182144K), 0.0021650 secs] [Times: user=0.02 sys=0.00, real=0.00 secs] 
186.678: Total time for which application threads were stopped: 0.0028250 seconds, Stopping threads took: 0.0005950 seconds
186.726: Application time: 0.0482510 seconds
186.729: [GC186.729: [ParNew: 55871K->6207K(55872K), 0.0023910 secs] 101596K->53331K(182144K), 0.0024470 secs] [Times: user=0.02 sys=0.00, real=0.00 secs] 
186.731: Total time for which application threads were stopped: 0.0055450 seconds, Stopping threads took: 0.0030300 seconds
186.779: Application time: 0.0480580 seconds
186.782: [GC186.782: [ParNew: 55871K->6208K(55872K), 0.0023290 secs] 102995K->54689K(182144K), 0.0023750 secs] [Times: user=0.02 sys=0.00, real=0.00 secs] 
186.784: Total time for which application threads were stopped: 0.0047580 seconds, Stopping threads took: 0.0023160 seconds
186.831: Application time: 0.0465610 seconds
186.832: [GC186.832: [ParNew: 55872K->6207K(55872K), 0.0022930 secs] 104353K->55831K(182144K), 0.0023370 secs] [Times: user=0.01 sys=0.00, real=0.01 secs] 
186.835: Total time for which application threads were stopped: 0.0038610 seconds, Stopping threads took: 0.0014560 seconds
186.881: Application time: 0.0462400 seconds
186.883: [GC186.883: [ParNew: 55871K->6207K(55872K), 0.0021780 secs] 105495K->56696K(182144K), 0.0022220 secs] [Times: user=0.02 sys=0.00, real=0.00 secs] 
186.885: Total time for which application threads were stopped: 0.0043700 seconds, Stopping threads took: 0.0020810 seconds
186.932: Application time: 0.0472430 seconds
186.934: [GC186.934: [ParNew: 55871K->6122K(55872K), 0.0020000 secs] 106360K->56640K(182144K), 0.0020440 secs] [Times: user=0.01 sys=0.00, real=0.00 secs] 
186.936: Total time for which application threads were stopped: 0.0037630 seconds, Stopping threads took: 0.0016440 seconds
186.982: Application time: 0.0460000 seconds
186.985: [GC186.985: [ParNew: 55786K->6207K(55872K), 0.0022490 secs] 106304K->57647K(182144K), 0.0022950 secs] [Times: user=0.02 sys=0.00, real=0.00 secs] 
186.987: Total time for which application threads were stopped: 0.0046650 seconds, Stopping threads took: 0.0023010 seconds
187.035: Application time: 0.0476880 seconds
187.038: [GC187.038: [ParNew: 55871K->6206K(55872K), 0.0021040 secs] 107311K->58504K(182144K), 0.0021460 secs] [Times: user=0.01 sys=0.00, real=0.00 secs] 
187.040: Total time for which application threads were stopped: 0.0052030 seconds, Stopping threads took: 0.0029980 seconds
187.088: Application time: 0.0485600 seconds
187.091: [GC187.091: [ParNew: 55870K->6206K(55872K), 0.0020480 secs] 108168K->58954K(182144K), 0.0020900 secs] [Times: user=0.02 sys=0.00, real=0.00 secs] 
187.093: Total time for which application threads were stopped: 0.0044670 seconds, Stopping threads took: 0.0023140 seconds
187.140: Application time: 0.0469060 seconds
187.143: [GC187.143: [ParNew: 55870K->6207K(55872K), 0.0022160 secs] 108618K->59768K(182144K), 0.0022580 secs] [Times: user=0.02 sys=0.00, real=0.00 secs] 
187.145: Total time for which application threads were stopped: 0.0052740 seconds, Stopping threads took: 0.0029530 seconds
187.194: Application time: 0.0485550 seconds
187.196: [GC187.196: [ParNew: 55871K->5452K(55872K), 0.0017830 secs] 109432K->59041K(182144K), 0.0018260 secs] [Times: user=0.01 sys=0.00, real=0.00 secs] 
187.198: Total time for which application threads were stopped: 0.0040730 seconds, Stopping threads took: 0.0021810 seconds
187.245: Application time: 0.0478760 seconds
187.247: [GC187.247: [ParNew: 55116K->5120K(55872K), 0.0017650 secs] 108705K->58766K(182144K), 0.0018050 secs] [Times: user=0.01 sys=0.00, real=0.00 secs] 
187.249: Total time for which application threads were stopped: 0.0035440 seconds, Stopping threads took: 0.0016510 seconds
187.296: Application time: 0.0468410 seconds
187.298: [GC187.298: [ParNew: 54784K->6206K(55872K), 0.0023110 secs] 108430K->61088K(182144K), 0.0023540 secs] [Times: user=0.02 sys=0.00, real=0.00 secs] 
187.300: Total time for which application threads were stopped: 0.0042470 seconds, Stopping threads took: 0.0018280 seconds
187.349: Application time: 0.0488060 seconds
187.353: [GC187.354: [ParNew: 55870K->4519K(55872K), 0.0014910 secs] 110752K->59401K(182144K), 0.0015300 secs] [Times: user=0.01 sys=0.00, real=0.00 secs] 
187.355: Total time for which application threads were stopped: 0.0061300 seconds, Stopping threads took: 0.0045270 seconds
187.407: Application time: 0.0523000 seconds
187.409: [GC187.409: [ParNew: 54183K->6207K(55872K), 0.0022320 secs] 109065K->61338K(182144K), 0.0022740 secs] [Times: user=0.02 sys=0.00, real=0.00 secs] 
187.411: Total time for which application threads were stopped: 0.0037270 seconds, Stopping threads took: 0.0013660 seconds
187.460: Application time: 0.0492050 seconds
187.463: [GC187.463: [ParNew: 55871K->4419K(55872K), 0.0015570 secs] 111002K->59579K(182144K), 0.0015920 secs] [Times: user=0.01 sys=0.00, real=0.00 secs] 
187.464: Total time for which application threads were stopped: 0.0038910 seconds, Stopping threads took: 0.0022310 seconds
187.510: Application time: 0.0460590 seconds
187.512: [GC187.512: [ParNew: 54083K->6206K(55872K), 0.0022780 secs] 109243K->62534K(182144K), 0.0023210 secs] [Times: user=0.01 sys=0.00, real=0.01 secs] 
187.514: Total time for which application threads were stopped: 0.0039990 seconds, Stopping threads took: 0.0015900 seconds
187.562: Application time: 0.0482130 seconds
187.565: [GC187.565: [ParNew: 55870K->6207K(55872K), 0.0019030 secs] 112198K->62605K(182144K), 0.0019430 secs] [Times: user=0.02 sys=0.00, real=0.00 secs] 
187.567: Total time for which application threads were stopped: 0.0041790 seconds, Stopping threads took: 0.0021710 seconds
187.615: Application time: 0.0482090 seconds
187.617: [GC187.617: [ParNew: 55871K->6207K(55872K), 0.0022240 secs] 112269K->63347K(182144K), 0.0022690 secs] [Times: user=0.01 sys=0.00, real=0.00 secs] 
187.619: Total time for which application threads were stopped: 0.0044930 seconds, Stopping threads took: 0.0021560 seconds
187.666: Application time: 0.0471370 seconds
187.669: [GC187.669: [ParNew: 55871K->5233K(55872K), 0.0017280 secs] 113011K->62372K(182144K), 0.0017690 secs] [Times: user=0.01 sys=0.00, real=0.00 secs] 
187.670: Total time for which application threads were stopped: 0.0038490 seconds, Stopping threads took: 0.0020160 seconds
187.719: Application time: 0.0484070 seconds
187.721: [GC187.721: [ParNew: 54897K->6206K(55872K), 0.0023410 secs] 112036K->64554K(182144K), 0.0023860 secs] [Times: user=0.02 sys=0.00, real=0.01 secs] 
187.723: Total time for which application threads were stopped: 0.0047200 seconds, Stopping threads took: 0.0022690 seconds
187.770: Application time: 0.0463070 seconds
187.773: [GC187.773: [ParNew: 55870K->6207K(55872K), 0.0023480 secs] 114218K->65592K(182144K), 0.0023910 secs] [Times: user=0.02 sys=0.00, real=0.01 secs] 
187.775: Total time for which application threads were stopped: 0.0052240 seconds, Stopping threads took: 0.0027470 seconds
187.824: Application time: 0.0491710 seconds
187.826: [GC187.826: [ParNew: 55871K->6207K(55872K), 0.0020760 secs] 115256K->66021K(182144K), 0.0021160 secs] [Times: user=0.02 sys=0.00, real=0.00 secs] 
187.828: Total time for which application threads were stopped: 0.0040730 seconds, Stopping threads took: 0.0018950 seconds
187.870: Application time: 0.0421220 seconds
187.873: [GC187.873: [ParNew: 55871K->6206K(55872K), 0.0022420 secs] 115685K->67260K(182144K), 0.0022820 secs] [Times: user=0.01 sys=0.00, real=0.01 secs] 
187.876: Total time for which application threads were stopped: 0.0052320 seconds, Stopping threads took: 0.0028850 seconds
187.921: Application time: 0.0449800 seconds
187.922: [GC187.922: [ParNew: 55870K->6206K(55872K), 0.0019540 secs] 116924K->67303K(182144K), 0.0019950 secs] [Times: user=0.01 sys=0.00, real=0.00 secs] 
187.924: Total time for which application threads were stopped: 0.0035620 seconds, Stopping threads took: 0.0015030 seconds
187.971: Application time: 0.0464340 seconds
187.971: [GC187.971: [ParNew: 55870K->5754K(55872K), 0.0017830 secs] 116967K->66851K(182144K), 0.0018250 secs] [Times: user=0.01 sys=0.00, real=0.00 secs] 
187.973: Total time for which application threads were stopped: 0.0023120 seconds, Stopping threads took: 0.0004130 seconds
188.018: Application time: 0.0453070 seconds
188.020: [GC188.020: [ParNew: 55418K->6206K(55872K), 0.0022890 secs] 116515K->68308K(182144K), 0.0023400 secs] [Times: user=0.02 sys=0.00, real=0.01 secs] 
188.023: Total time for which application threads were stopped: 0.0044470 seconds, Stopping threads took: 0.0020420 seconds
188.066: Application time: 0.0431760 seconds
188.068: [GC188.068: [ParNew: 55870K->6206K(55872K), 0.0024440 secs] 117972K->70007K(182144K), 0.0024860 secs] [Times: user=0.01 sys=0.00, real=0.00 secs] 
188.070: Total time for which application threads were stopped: 0.0042020 seconds, Stopping threads took: 0.0016530 seconds
188.117: Application time: 0.0473270 seconds
188.120: [GC188.120: [ParNew: 55870K->6206K(55872K), 0.0020220 secs] 119671K->70400K(182144K), 0.0020700 secs] [Times: user=0.02 sys=0.00, real=0.01 secs] 
188.122: Total time for which application threads were stopped: 0.0046120 seconds, Stopping threads took: 0.0024750 seconds
188.168: Application time: 0.0460040 seconds
188.170: [GC188.170: [ParNew: 55870K->5617K(55872K), 0.0017910 secs] 120064K->69840K(182144K), 0.0018300 secs] [Times: user=0.01 sys=0.00, real=0.00 secs] 
188.171: Total time for which application threads were stopped: 0.0034260 seconds, Stopping threads took: 0.0015340 seconds
188.216: Application time: 0.0442390 seconds
188.218: [GC188.218: [ParNew: 55281K->6206K(55872K), 0.0020330 secs] 119504K->70831K(182144K), 0.0020770 secs] [Times: user=0.01 sys=0.00, real=0.00 secs] 
188.220: Total time for which application threads were stopped: 0.0040290 seconds, Stopping threads took: 0.0018630 seconds
188.266: Application time: 0.0465110 seconds
188.268: [GC188.268: [ParNew: 55870K->5640K(55872K), 0.0019170 secs] 120495K->70293K(182144K), 0.0019630 secs] [Times: user=0.01 sys=0.00, real=0.00 secs] 
188.270: Total time for which application threads were stopped: 0.0036600 seconds, Stopping threads took: 0.0016310 seconds
188.315: Application time: 0.0450530 seconds
188.317: [GC188.317: [ParNew: 55304K->6206K(55872K), 0.0023190 secs] 119957K->72148K(182144K), 0.0023630 secs] [Times: user=0.01 sys=0.00, real=0.00 secs] 
188.320: Total time for which application threads were stopped: 0.0047490 seconds, Stopping threads took: 0.0023220 seconds
188.367: Application time: 0.0470840 seconds
188.368: [GC188.368: [ParNew: 55870K->6207K(55872K), 0.0020240 secs] 121812K->72365K(182144K), 0.0020640 secs] [Times: user=0.02 sys=0.00, real=0.00 secs] 
188.370: Total time for which application threads were stopped: 0.0033970 seconds, Stopping threads took: 0.0012690 seconds
188.416: Application time: 0.0461340 seconds
188.419: [GC188.419: [ParNew: 55871K->5780K(55872K), 0.0017210 secs] 122029K->71938K(182144K), 0.0017610 secs] [Times: user=0.01 sys=0.00, real=0.00 secs] 
188.420: Total time for which application threads were stopped: 0.0041150 seconds, Stopping threads took: 0.0022680 seconds
188.465: Application time: 0.0446010 seconds
188.467: [GC188.467: [ParNew: 55444K->6206K(55872K), 0.0020950 secs] 121602K->72659K(182144K), 0.0021400 secs] [Times: user=0.02 sys=0.00, real=0.00 secs] 
188.469: Total time for which application threads were stopped: 0.0040970 seconds, Stopping threads took: 0.0018900 seconds
188.515: Application time: 0.0456970 seconds
188.518: [GC188.518: [ParNew: 55870K->6207K(55872K), 0.0020210 secs] 122323K->73015K(182144K), 0.0020640 secs] [Times: user=0.02 sys=0.00, real=0.00 secs] 
188.520: Total time for which application threads were stopped: 0.0052710 seconds, Stopping threads took: 0.0031350 seconds
188.566: Application time: 0.0457440 seconds
188.567: [GC188.567: [ParNew: 55871K->5553K(55872K), 0.0017810 secs] 122679K->72361K(182144K), 0.0018260 secs] [Times: user=0.02 sys=0.00, real=0.00 secs] 
188.569: Total time for which application threads were stopped: 0.0034100 seconds, Stopping threads took: 0.0015190 seconds
188.614: Application time: 0.0447110 seconds
188.616: [GC188.616: [ParNew: 55217K->6173K(55872K), 0.0021300 secs] 122025K->72982K(182144K), 0.0021740 secs] [Times: user=0.01 sys=0.00, real=0.00 secs] 
188.618: Total time for which application threads were stopped: 0.0038120 seconds, Stopping threads took: 0.0015640 seconds
188.665: Application time: 0.0474060 seconds
188.667: [GC188.667: [ParNew: 55837K->5144K(55872K), 0.0018910 secs] 122646K->71952K(182144K), 0.0019410 secs] [Times: user=0.02 sys=0.00, real=0.00 secs] 
188.669: Total time for which application threads were stopped: 0.0040020 seconds, Stopping threads took: 0.0019740 seconds
188.718: Application time: 0.0488230 seconds
188.720: [GC188.720: [ParNew: 54808K->4720K(55872K), 0.0016630 secs] 121616K->71557K(182144K), 0.0017010 secs] [Times: user=0.02 sys=0.00, real=0.01 secs] 
188.722: Total time for which application threads were stopped: 0.0037600 seconds, Stopping threads took: 0.0019970 seconds
188.768: Application time: 0.0464890 seconds
188.769: [GC188.769: [ParNew: 54384K->4128K(55872K), 0.0015580 secs] 121221K->70994K(182144K), 0.0015990 secs] [Times: user=0.01 sys=0.00, real=0.00 secs] 
188.771: Total time for which application threads were stopped: 0.0022430 seconds, Stopping threads took: 0.0005830 seconds
188.817: Application time: 0.0465150 seconds
188.820: [GC188.820: [ParNew: 53792K->4243K(55872K), 0.0015710 secs] 120658K->71166K(182144K), 0.0016130 secs] [Times: user=0.00 sys=0.01, real=0.01 secs] 
188.822: Total time for which application threads were stopped: 0.0045750 seconds, Stopping threads took: 0.0028760 seconds
188.866: Application time: 0.0445350 seconds
188.868: [GC188.868: [ParNew: 53907K->6207K(55872K), 0.0020600 secs] 120830K->73407K(182144K), 0.0021040 secs] [Times: user=0.01 sys=0.00, real=0.00 secs] 
188.871: Total time for which application threads were stopped: 0.0043890 seconds, Stopping threads took: 0.0021970 seconds
188.916: Application time: 0.0458180 seconds
188.919: [GC188.919: [ParNew: 55871K->5803K(55872K), 0.0020860 secs] 123071K->73089K(182144K), 0.0021270 secs] [Times: user=0.01 sys=0.00, real=0.00 secs] 
188.921: Total time for which application threads were stopped: 0.0043260 seconds, Stopping threads took: 0.0021350 seconds
188.967: Application time: 0.0463490 seconds
188.969: [GC188.969: [ParNew: 55467K->6206K(55872K), 0.0020150 secs] 122753K->73531K(182144K), 0.0020570 secs] [Times: user=0.02 sys=0.00, real=0.00 secs] 
188.971: Total time for which application threads were stopped: 0.0043500 seconds, Stopping threads took: 0.0022300 seconds
189.019: Application time: 0.0474120 seconds
189.021: [GC189.021: [ParNew: 55870K->5276K(55872K), 0.0017300 secs] 123195K->72630K(182144K), 0.0017710 secs] [Times: user=0.01 sys=0.00, real=0.00 secs] 
189.023: Total time for which application threads were stopped: 0.0043900 seconds, Stopping threads took: 0.0025400 seconds
189.070: Application time: 0.0467230 seconds
189.072: [GC189.072: [ParNew: 54940K->6206K(55872K), 0.0020380 secs] 122294K->73680K(182144K), 0.0020800 secs] [Times: user=0.02 sys=0.00, real=0.01 secs] 
189.074: Total time for which application threads were stopped: 0.0041750 seconds, Stopping threads took: 0.0020330 seconds
189.122: Application time: 0.0480750 seconds
189.125: [GC189.125: [ParNew: 55870K->3926K(55872K), 0.0013560 secs] 123344K->71400K(182144K), 0.0013920 secs] [Times: user=0.01 sys=0.00, real=0.00 secs] 
189.126: Total time for which application threads were stopped: 0.0037450 seconds, Stopping threads took: 0.0022760 seconds
189.172: Application time: 0.0462780 seconds
189.175: [GC189.175: [ParNew: 53590K->6207K(55872K), 0.0022120 secs] 121064K->74295K(182144K), 0.0022580 secs] [Times: user=0.01 sys=0.00, real=0.00 secs] 
189.178: Total time for which application threads were stopped: 0.0054280 seconds, Stopping threads took: 0.0031040 seconds
189.224: Application time: 0.0462170 seconds
189.225: [GC189.225: [ParNew: 55871K->5558K(55872K), 0.0018470 secs] 123959K->73675K(182144K), 0.0018900 secs] [Times: user=0.01 sys=0.00, real=0.00 secs] 
189.227: Total time for which application threads were stopped: 0.0035180 seconds, Stopping threads took: 0.0015620 seconds
189.274: Application time: 0.0467270 seconds
189.277: [GC189.277: [ParNew: 55222K->6206K(55872K), 0.0023510 secs] 123339K->75488K(182144K), 0.0024060 secs] [Times: user=0.02 sys=0.00, real=0.00 secs] 
189.279: Total time for which application threads were stopped: 0.0051050 seconds, Stopping threads took: 0.0026120 seconds
189.324: Application time: 0.0447030 seconds
189.326: [GC189.326: [ParNew: 55870K->5514K(55872K), 0.0017190 secs] 125152K->74849K(182144K), 0.0017610 secs] [Times: user=0.02 sys=0.00, real=0.00 secs] 
189.328: Total time for which application threads were stopped: 0.0041130 seconds, Stopping threads took: 0.0022880 seconds
189.370: Application time: 0.0422230 seconds
189.372: [GC189.372: [ParNew: 55178K->6207K(55872K), 0.0024650 secs] 124513K->76839K(182144K), 0.0025150 secs] [Times: user=0.02 sys=0.00, real=0.01 secs] 
189.375: Total time for which application threads were stopped: 0.0045830 seconds, Stopping threads took: 0.0019810 seconds
189.418: Application time: 0.0432150 seconds
189.420: [GC189.420: [ParNew: 55871K->6207K(55872K), 0.0022150 secs] 126503K->77865K(182144K), 0.0022600 secs] [Times: user=0.02 sys=0.00, real=0.01 secs] 
189.423: Total time for which application threads were stopped: 0.0046040 seconds, Stopping threads took: 0.0022780 seconds
189.467: Application time: 0.0440170 seconds
189.468: [GC189.468: [ParNew: 55871K->6206K(55872K), 0.0022230 secs] 127529K->78934K(182144K), 0.0022660 secs] [Times: user=0.02 sys=0.00, real=0.00 secs] 
189.470: Total time for which application threads were stopped: 0.0037800 seconds, Stopping threads took: 0.0014390 seconds
189.516: Application time: 0.0455190 seconds
189.518: [GC189.518: [ParNew: 55870K->5776K(55872K), 0.0018070 secs] 128598K->78503K(182144K), 0.0018490 secs] [Times: user=0.01 sys=0.00, real=0.00 secs] 
189.520: Total time for which application threads were stopped: 0.0039740 seconds, Stopping threads took: 0.0020620 seconds
189.565: Application time: 0.0447140 seconds
189.567: [GC189.567: [ParNew: 55440K->5853K(55872K), 0.0020940 secs] 128167K->78609K(182144K), 0.0021400 secs] [Times: user=0.01 sys=0.00, real=0.00 secs] 
189.569: Total time for which application threads were stopped: 0.0042750 seconds, Stopping threads took: 0.0020590 seconds
189.614: Application time: 0.0447980 seconds
189.616: [GC189.616: [ParNew: 55517K->6207K(55872K), 0.0022670 secs] 128273K->79349K(182144K), 0.0023150 secs] [Times: user=0.02 sys=0.00, real=0.00 secs] 
189.618: Total time for which application threads were stopped: 0.0043580 seconds, Stopping threads took: 0.0019760 seconds
189.662: Application time: 0.0437450 seconds
189.664: [GC189.664: [ParNew: 55871K->6207K(55872K), 0.0022640 secs] 129013K->80120K(182144K), 0.0023120 secs] [Times: user=0.02 sys=0.00, real=0.00 secs] 
189.666: Total time for which application threads were stopped: 0.0045330 seconds, Stopping threads took: 0.0021330 seconds
189.711: Application time: 0.0443060 seconds
189.712: [GC189.712: [ParNew: 55871K->6207K(55872K), 0.0022580 secs] 129784K->81104K(182144K), 0.0023050 secs] [Times: user=0.01 sys=0.00, real=0.01 secs] 
189.715: Total time for which application threads were stopped: 0.0039080 seconds, Stopping threads took: 0.0015360 seconds
189.758: Application time: 0.0438720 seconds
189.761: [GC189.761: [ParNew: 55871K->6207K(55872K), 0.0022260 secs] 130768K->81956K(182144K), 0.0022700 secs] [Times: user=0.01 sys=0.00, real=0.01 secs] 
189.763: Total time for which application threads were stopped: 0.0044110 seconds, Stopping threads took: 0.0020750 seconds
189.806: Application time: 0.0428430 seconds
189.807: [GC189.807: [ParNew: 55871K->6206K(55872K), 0.0024320 secs] 131620K->83506K(182144K), 0.0024760 secs] [Times: user=0.02 sys=0.00, real=0.00 secs] 
189.810: Total time for which application threads were stopped: 0.0041890 seconds, Stopping threads took: 0.0016470 seconds
189.854: Application time: 0.0440010 seconds
189.856: [GC189.856: [ParNew: 55870K->6206K(55872K), 0.0023300 secs] 133170K->84795K(182144K), 0.0023740 secs] [Times: user=0.02 sys=0.00, real=0.00 secs] 
189.858: Total time for which application threads were stopped: 0.0044510 seconds, Stopping threads took: 0.0020120 seconds
189.905: Application time: 0.0464830 seconds
189.907: [GC189.907: [ParNew: 55870K->6206K(55872K), 0.0022700 secs] 134459K->85956K(182144K), 0.0023220 secs] [Times: user=0.01 sys=0.00, real=0.00 secs] 
189.909: Total time for which application threads were stopped: 0.0040810 seconds, Stopping threads took: 0.0016920 seconds
189.955: Application time: 0.0463400 seconds
189.958: [GC189.958: [ParNew: 55870K->6207K(55872K), 0.0022270 secs] 135620K->87009K(182144K), 0.0022680 secs] [Times: user=0.02 sys=0.00, real=0.00 secs] 
189.960: Total time for which application threads were stopped: 0.0049650 seconds, Stopping threads took: 0.0026310 seconds
190.004: Application time: 0.0438470 seconds
190.007: [GC190.007: [ParNew: 55871K->6206K(55872K), 0.0021580 secs] 136673K->87875K(182144K), 0.0021980 secs] [Times: user=0.02 sys=0.00, real=0.00 secs] 
190.009: Total time for which application threads were stopped: 0.0049710 seconds, Stopping threads took: 0.0027110 seconds
190.052: Application time: 0.0430830 seconds
190.054: [GC190.054: [ParNew: 55870K->6121K(55872K), 0.0019780 secs] 137539K->87818K(182144K), 0.0020240 secs] [Times: user=0.01 sys=0.00, real=0.00 secs] 
190.056: Total time for which application threads were stopped: 0.0039770 seconds, Stopping threads took: 0.0018870 seconds
190.103: Application time: 0.0466520 seconds
190.104: [GC190.104: [ParNew: 55785K->6207K(55872K), 0.0019300 secs] 137482K->87938K(182144K), 0.0019720 secs] [Times: user=0.02 sys=0.00, real=0.00 secs] 
190.106: Total time for which application threads were stopped: 0.0027890 seconds, Stopping threads took: 0.0007200 seconds
190.150: Application time: 0.0442450 seconds
190.152: [GC190.152: [ParNew: 55871K->6206K(55872K), 0.0022800 secs] 137602K->88778K(182144K), 0.0023270 secs] [Times: user=0.02 sys=0.00, real=0.01 secs] 
190.154: Total time for which application threads were stopped: 0.0046570 seconds, Stopping threads took: 0.0022610 seconds
190.199: Application time: 0.0442970 seconds
190.202: [GC190.202: [ParNew: 55870K->6206K(55872K), 0.0020490 secs] 138442K->88984K(182144K), 0.0020970 secs] [Times: user=0.01 sys=0.00, real=0.00 secs] 
190.204: Total time for which application threads were stopped: 0.0049370 seconds, Stopping threads took: 0.0027720 seconds
190.247: Application time: 0.0429640 seconds
190.249: [GC190.249: [ParNew: 55870K->6207K(55872K), 0.0024240 secs] 138648K->90465K(182144K), 0.0024750 secs] [Times: user=0.01 sys=0.00, real=0.00 secs] 
190.252: Total time for which application threads were stopped: 0.0050310 seconds, Stopping threads took: 0.0024880 seconds
190.296: Application time: 0.0445550 seconds
190.298: [GC190.298: [ParNew: 55871K->6207K(55872K), 0.0024990 secs] 140129K->91984K(182144K), 0.0025430 secs] [Times: user=0.02 sys=0.00, real=0.00 secs] 
190.301: Total time for which application threads were stopped: 0.0043940 seconds, Stopping threads took: 0.0017850 seconds
190.350: Application time: 0.0488210 seconds
190.351: [GC190.351: [ParNew: 55871K->6206K(55872K), 0.0020370 secs] 141648K->92393K(182144K), 0.0020780 secs] [Times: user=0.02 sys=0.00, real=0.00 secs] 
190.353: Total time for which application threads were stopped: 0.0036390 seconds, Stopping threads took: 0.0014970 seconds
190.397: Application time: 0.0435800 seconds
190.399: [GC190.399: [ParNew: 55870K->6207K(55872K), 0.0024000 secs] 142057K->93795K(182144K), 0.0024440 secs] [Times: user=0.02 sys=0.00, real=0.00 secs] 
190.401: Total time for which application threads were stopped: 0.0045840 seconds, Stopping threads took: 0.0020530 seconds
190.446: Application time: 0.0445600 seconds
190.448: [GC190.448: [ParNew: 55871K->5952K(55872K), 0.0018820 secs] 143459K->93569K(182144K), 0.0019240 secs] [Times: user=0.01 sys=0.00, real=0.00 secs] 
190.450: Total time for which application threads were stopped: 0.0042600 seconds, Stopping threads took: 0.0022730 seconds
190.494: Application time: 0.0438210 seconds
190.496: [GC190.496: [ParNew: 55616K->6206K(55872K), 0.0020990 secs] 143233K->93986K(182144K), 0.0021460 secs] [Times: user=0.02 sys=0.00, real=0.00 secs] 
190.498: Total time for which application threads were stopped: 0.0038320 seconds, Stopping threads took: 0.0016140 seconds
190.544: Application time: 0.0460720 seconds
190.544: [GC190.544: [ParNew: 55870K->4284K(55872K), 0.0013780 secs] 143650K->92064K(182144K), 0.0014160 secs] [Times: user=0.01 sys=0.00, real=0.00 secs] 
190.546: Total time for which application threads were stopped: 0.0017960 seconds, Stopping threads took: 0.0003220 seconds
190.593: Application time: 0.0477430 seconds
190.596: [GC190.596: [ParNew: 53948K->5350K(55872K), 0.0016960 secs] 141728K->93158K(182144K), 0.0017400 secs] [Times: user=0.01 sys=0.00, real=0.00 secs] 
190.598: Total time for which application threads were stopped: 0.0045330 seconds, Stopping threads took: 0.0027290 seconds
190.643: Application time: 0.0448740 seconds
190.645: [GC190.645: [ParNew: 55014K->5353K(55872K), 0.0016850 secs] 142822K->93161K(182144K), 0.0017210 secs] [Times: user=0.01 sys=0.00, real=0.00 secs] 
190.647: Total time for which application threads were stopped: 0.0041670 seconds, Stopping threads took: 0.0023830 seconds
190.692: Application time: 0.0446230 seconds
190.693: [GC190.693: [ParNew: 55017K->6206K(55872K), 0.0019780 secs] 142825K->94178K(182144K), 0.0020170 secs] [Times: user=0.01 sys=0.00, real=0.00 secs] 
190.695: Total time for which application threads were stopped: 0.0038270 seconds, Stopping threads took: 0.0017540 seconds
190.738: Application time: 0.0426650 seconds
190.740: [GC190.740: [ParNew: 55869K->6206K(55872K), 0.0022010 secs] 143841K->94661K(182144K), 0.0022480 secs] [Times: user=0.02 sys=0.00, real=0.01 secs] 
190.743: Total time for which application threads were stopped: 0.0045560 seconds, Stopping threads took: 0.0022420 seconds
190.788: Application time: 0.0451260 seconds
190.790: [GC190.790: [ParNew: 55870K->6207K(55872K), 0.0021990 secs] 144325K->95601K(182144K), 0.0022390 secs] [Times: user=0.02 sys=0.00, real=0.00 secs] 
190.793: Total time for which application threads were stopped: 0.0047320 seconds, Stopping threads took: 0.0024310 seconds
190.835: Application time: 0.0424890 seconds
190.837: [GC190.837: [ParNew: 55871K->6207K(55872K), 0.0021610 secs] 145265K->96367K(182144K), 0.0022040 secs] [Times: user=0.02 sys=0.00, real=0.00 secs] 
190.839: Total time for which application threads were stopped: 0.0042450 seconds, Stopping threads took: 0.0019770 seconds
190.883: Application time: 0.0437500 seconds
190.886: [GC190.886: [ParNew: 55871K->6206K(55872K), 0.0021900 secs] 146031K->97182K(182144K), 0.0022350 secs] [Times: user=0.01 sys=0.00, real=0.00 secs] 
190.888: Total time for which application threads were stopped: 0.0047940 seconds, Stopping threads took: 0.0024830 seconds
190.933: Application time: 0.0450740 seconds
190.934: [GC190.934: [ParNew: 55870K->5014K(55872K), 0.0017410 secs] 146846K->96018K(182144K), 0.0017840 secs] [Times: user=0.01 sys=0.00, real=0.00 secs] 
190.936: Total time for which application threads were stopped: 0.0027760 seconds, Stopping threads took: 0.0009300 seconds
190.981: Application time: 0.0452830 seconds
190.983: [GC190.983: [ParNew: 54678K->6207K(55872K), 0.0020670 secs] 145682K->97460K(182144K), 0.0021050 secs] [Times: user=0.01 sys=0.00, real=0.00 secs] 
190.986: Total time for which application threads were stopped: 0.0045940 seconds, Stopping threads took: 0.0024260 seconds
191.031: Application time: 0.0457040 seconds
191.034: [GC191.034: [ParNew: 55871K->6207K(55872K), 0.0020690 secs] 147124K->97544K(182144K), 0.0021140 secs] [Times: user=0.02 sys=0.00, real=0.00 secs] 
191.036: Total time for which application threads were stopped: 0.0047770 seconds, Stopping threads took: 0.0025770 seconds
191.082: Application time: 0.0454960 seconds
191.083: [GC191.083: [ParNew: 55871K->5697K(55872K), 0.0017800 secs] 147208K->97063K(182144K), 0.0018210 secs] [Times: user=0.02 sys=0.00, real=0.00 secs] 
191.085: Total time for which application threads were stopped: 0.0032280 seconds, Stopping threads took: 0.0013180 seconds
191.130: Application time: 0.0455960 seconds
191.133: [GC191.133: [ParNew: 55361K->6207K(55872K), 0.0023130 secs] 146727K->98451K(182144K), 0.0023670 secs] [Times: user=0.02 sys=0.00, real=0.01 secs] 
191.135: Total time for which application threads were stopped: 0.0049920 seconds, Stopping threads took: 0.0025380 seconds
191.181: Application time: 0.0459930 seconds
191.183: [GC191.183: [ParNew: 55871K->6206K(55872K), 0.0022180 secs] 148115K->99523K(182144K), 0.0022600 secs] [Times: user=0.01 sys=0.00, real=0.00 secs] 
191.185: Total time for which application threads were stopped: 0.0038070 seconds, Stopping threads took: 0.0014540 seconds
191.231: Application time: 0.0457400 seconds
191.233: [GC191.233: [ParNew: 55870K->6190K(55872K), 0.0019130 secs] 149187K->99535K(182144K), 0.0019530 secs] [Times: user=0.01 sys=0.00, real=0.01 secs] 
191.235: Total time for which application threads were stopped: 0.0037220 seconds, Stopping threads took: 0.0017050 seconds
191.280: Application time: 0.0449620 seconds
191.281: [GC191.281: [ParNew: 55854K->6206K(55872K), 0.0021850 secs] 149199K->100398K(182144K), 0.0022280 secs] [Times: user=0.01 sys=0.00, real=0.01 secs] 
191.283: Total time for which application threads were stopped: 0.0037160 seconds, Stopping threads took: 0.0014240 seconds
191.328: Application time: 0.0445300 seconds
191.329: [GC191.329: [ParNew: 55870K->5905K(55872K), 0.0018160 secs] 150062K->100125K(182144K), 0.0018620 secs] [Times: user=0.02 sys=0.00, real=0.00 secs] 
191.331: Total time for which application threads were stopped: 0.0031260 seconds, Stopping threads took: 0.0011960 seconds
191.375: Application time: 0.0443540 seconds
191.377: [GC191.377: [ParNew: 55569K->5975K(55872K), 0.0018680 secs] 149789K->100223K(182144K), 0.0019080 secs] [Times: user=0.02 sys=0.00, real=0.00 secs] 
191.379: Total time for which application threads were stopped: 0.0040040 seconds, Stopping threads took: 0.0020300 seconds
191.422: Application time: 0.0430620 seconds
191.425: [GC191.425: [ParNew: 55639K->6207K(55872K), 0.0025490 secs] 149887K->102044K(182144K), 0.0025930 secs] [Times: user=0.01 sys=0.00, real=0.00 secs] 
191.428: Total time for which application threads were stopped: 0.0054370 seconds, Stopping threads took: 0.0027800 seconds
191.474: Application time: 0.0466440 seconds
191.477: [GC191.477: [ParNew: 55871K->4126K(55872K), 0.0013850 secs] 151708K->100020K(182144K), 0.0014220 secs] [Times: user=0.01 sys=0.00, real=0.00 secs] 
191.478: Total time for which application threads were stopped: 0.0035970 seconds, Stopping threads took: 0.0020840 seconds
191.523: Application time: 0.0447570 seconds
191.525: [GC191.525: [ParNew: 53790K->6206K(55872K), 0.0023120 secs] 149684K->103298K(182144K), 0.0023590 secs] [Times: user=0.01 sys=0.00, real=0.00 secs] 
191.527: Total time for which application threads were stopped: 0.0045020 seconds, Stopping threads took: 0.0020660 seconds
 CMS: abort preclean due to time 191.530: [CMS-concurrent-abortable-preclean: 0.268/5.047 secs] [Times: user=38.70 sys=0.13, real=5.04 secs] 
191.533: Application time: 0.0060810 seconds
191.536: [GC[YG occupancy: 13743 K (55872 K)]191.536: [Rescan (parallel) , 0.0002900 secs]191.536: [weak refs processing, 0.0000080 secs]191.536: [scrub string table, 0.0001150 secs] [1 CMS-remark: 97091K(126272K)] 110835K(182144K), 0.0004500 secs] [Times: user=0.00 sys=0.00, real=0.00 secs] 
191.536: Total time for which application threads were stopped: 0.0026160 seconds, Stopping threads took: 0.0021340 seconds
191.536: [CMS-concurrent-sweep-start]
191.542: [CMS-concurrent-sweep: 0.006/0.006 secs] [Times: user=0.04 sys=0.00, real=0.01 secs] 
191.542: [CMS-concurrent-reset-start]
191.542: [CMS-concurrent-reset: 0.000/0.000 secs] [Times: user=0.00 sys=0.00, real=0.00 secs] 
191.575: Application time: 0.0385690 seconds
191.576: [GC191.576: [ParNew: 55870K->5469K(55872K), 0.0016740 secs] 112942K->62540K(182144K), 0.0017270 secs] [Times: user=0.01 sys=0.00, real=0.00 secs] 
191.578: Total time for which application threads were stopped: 0.0034650 seconds, Stopping threads took: 0.0016760 seconds
191.623: Application time: 0.0446020 seconds
191.625: [GC191.625: [ParNew: 55133K->6206K(55872K), 0.0022570 secs] 112204K->64394K(182144K), 0.0023080 secs] [Times: user=0.02 sys=0.00, real=0.00 secs] 
191.627: Total time for which application threads were stopped: 0.0043090 seconds, Stopping threads took: 0.0019350 seconds
191.627: Application time: 0.0001430 seconds
191.631: [GC [1 CMS-initial-mark: 58187K(126272K)] 64643K(182144K), 0.0001970 secs] [Times: user=0.01 sys=0.00, real=0.00 secs] 
191.631: Total time for which application threads were stopped: 0.0041680 seconds, Stopping threads took: 0.0039480 seconds
191.631: [CMS-concurrent-mark-start]
191.637: [CMS-concurrent-mark: 0.005/0.005 secs] [Times: user=0.02 sys=0.00, real=0.01 secs] 
191.637: [CMS-concurrent-preclean-start]
191.637: [CMS-concurrent-preclean: 0.000/0.000 secs] [Times: user=0.00 sys=0.00, real=0.00 secs] 
191.637: [CMS-concurrent-abortable-preclean-start]
191.675: Application time: 0.0439440 seconds
191.678: [GC191.678: [ParNew: 55870K->6207K(55872K), 0.0022840 secs] 114058K->65485K(182144K), 0.0023260 secs] [Times: user=0.01 sys=0.00, real=0.00 secs] 
191.680: Total time for which application threads were stopped: 0.0050500 seconds, Stopping threads took: 0.0026590 seconds
191.727: Application time: 0.0463510 seconds
191.728: [GC191.728: [ParNew: 55871K->6206K(55872K), 0.0021370 secs] 115149K->66084K(182144K), 0.0021800 secs] [Times: user=0.01 sys=0.00, real=0.00 secs] 
191.730: Total time for which application threads were stopped: 0.0036160 seconds, Stopping threads took: 0.0013630 seconds
191.776: Application time: 0.0458700 seconds
191.778: [GC191.778: [ParNew: 55870K->4716K(55872K), 0.0015200 secs] 115748K->64593K(182144K), 0.0015600 secs] [Times: user=0.01 sys=0.00, real=0.00 secs] 
191.780: Total time for which application threads were stopped: 0.0037710 seconds, Stopping threads took: 0.0021480 seconds
191.822: Application time: 0.0424770 seconds
191.825: [GC191.825: [ParNew: 54380K->6206K(55872K), 0.0021770 secs] 114257K->66938K(182144K), 0.0022190 secs] [Times: user=0.02 sys=0.00, real=0.00 secs] 
191.828: Total time for which application threads were stopped: 0.0053120 seconds, Stopping threads took: 0.0030280 seconds
191.874: Application time: 0.0464410 seconds
191.875: [GC191.875: [ParNew: 55870K->6207K(55872K), 0.0023620 secs] 116602K->68103K(182144K), 0.0024070 secs] [Times: user=0.01 sys=0.00, real=0.00 secs] 
191.878: Total time for which application threads were stopped: 0.0035000 seconds, Stopping threads took: 0.0010260 seconds
191.925: Application time: 0.0476230 seconds
191.926: [GC191.926: [ParNew: 55871K->5697K(55872K), 0.0017680 secs] 117767K->67650K(182144K), 0.0018060 secs] [Times: user=0.01 sys=0.00, real=0.00 secs] 
191.928: Total time for which application threads were stopped: 0.0028650 seconds, Stopping threads took: 0.0009910 seconds
191.977: Application time: 0.0489010 seconds
191.979: [GC191.979: [ParNew: 55361K->6206K(55872K), 0.0023990 secs] 117314K->68934K(182144K), 0.0024470 secs] [Times: user=0.02 sys=0.00, real=0.01 secs] 
191.982: Total time for which application threads were stopped: 0.0048480 seconds, Stopping threads took: 0.0023280 seconds
192.027: Application time: 0.0455470 seconds
192.030: [GC192.030: [ParNew: 55870K->6206K(55872K), 0.0021240 secs] 118598K->69617K(182144K), 0.0021680 secs] [Times: user=0.02 sys=0.00, real=0.00 secs] 
192.032: Total time for which application threads were stopped: 0.0043220 seconds, Stopping threads took: 0.0020880 seconds
192.079: Application time: 0.0472360 seconds
192.082: [GC192.082: [ParNew: 55870K->6141K(55872K), 0.0017710 secs] 119281K->69552K(182144K), 0.0018160 secs] [Times: user=0.01 sys=0.00, real=0.00 secs] 
192.083: Total time for which application threads were stopped: 0.0044110 seconds, Stopping threads took: 0.0025300 seconds
192.130: Application time: 0.0463940 seconds
192.132: [GC192.132: [ParNew: 55805K->6206K(55872K), 0.0022510 secs] 119216K->70559K(182144K), 0.0022980 secs] [Times: user=0.01 sys=0.00, real=0.01 secs] 
192.135: Total time for which application threads were stopped: 0.0048250 seconds, Stopping threads took: 0.0024590 seconds
192.184: Application time: 0.0489030 seconds
192.186: [GC192.186: [ParNew: 55870K->6206K(55872K), 0.0020750 secs] 120223K->71150K(182144K), 0.0021250 secs] [Times: user=0.01 sys=0.00, real=0.00 secs] 
192.188: Total time for which application threads were stopped: 0.0048660 seconds, Stopping threads took: 0.0026750 seconds
192.238: Application time: 0.0498380 seconds
192.241: [GC192.241: [ParNew: 55870K->4777K(55872K), 0.0015430 secs] 120814K->69749K(182144K), 0.0015840 secs] [Times: user=0.01 sys=0.00, real=0.01 secs] 
192.242: Total time for which application threads were stopped: 0.0040790 seconds, Stopping threads took: 0.0024220 seconds
192.289: Application time: 0.0469520 seconds
192.291: [GC192.291: [ParNew: 54441K->6207K(55872K), 0.0023810 secs] 119413K->72587K(182144K), 0.0024280 secs] [Times: user=0.02 sys=0.00, real=0.00 secs] 
192.293: Total time for which application threads were stopped: 0.0036620 seconds, Stopping threads took: 0.0011650 seconds
192.340: Application time: 0.0474070 seconds
192.343: [GC192.343: [ParNew: 55871K->6206K(55872K), 0.0019280 secs] 122251K->72838K(182144K), 0.0019740 secs] [Times: user=0.01 sys=0.00, real=0.00 secs] 
192.345: Total time for which application threads were stopped: 0.0041380 seconds, Stopping threads took: 0.0020970 seconds
192.391: Application time: 0.0464290 seconds
192.392: [GC192.392: [ParNew: 55870K->6206K(55872K), 0.0020160 secs] 122502K->73026K(182144K), 0.0020580 secs] [Times: user=0.01 sys=0.00, real=0.01 secs] 
192.394: Total time for which application threads were stopped: 0.0035210 seconds, Stopping threads took: 0.0013960 seconds
192.442: Application time: 0.0474200 seconds
192.444: [GC192.444: [ParNew: 55870K->6206K(55872K), 0.0020040 secs] 122690K->73137K(182144K), 0.0020450 secs] [Times: user=0.02 sys=0.00, real=0.00 secs] 
192.446: Total time for which application threads were stopped: 0.0036890 seconds, Stopping threads took: 0.0015780 seconds
192.492: Application time: 0.0467570 seconds
192.494: [GC192.494: [ParNew: 55870K->6206K(55872K), 0.0022990 secs] 122801K->74219K(182144K), 0.0023430 secs] [Times: user=0.01 sys=0.00, real=0.00 secs] 
192.497: Total time for which application threads were stopped: 0.0043710 seconds, Stopping threads took: 0.0019620 seconds
192.545: Application time: 0.0486890 seconds
192.548: [GC192.548: [ParNew: 55870K->5540K(55872K), 0.0016980 secs] 123883K->73610K(182144K), 0.0017400 secs] [Times: user=0.01 sys=0.00, real=0.00 secs] 
192.550: Total time for which application threads were stopped: 0.0043210 seconds, Stopping threads took: 0.0025220 seconds
192.601: Application time: 0.0517020 seconds
192.604: [GC192.604: [ParNew: 55204K->4855K(55872K), 0.0015160 secs] 123274K->72953K(182144K), 0.0015540 secs] [Times: user=0.01 sys=0.00, real=0.00 secs] 
192.606: Total time for which application threads were stopped: 0.0043250 seconds, Stopping threads took: 0.0027080 seconds
192.653: Application time: 0.0473470 seconds
192.655: [GC192.655: [ParNew: 54519K->5645K(55872K), 0.0018860 secs] 122617K->73743K(182144K), 0.0019250 secs] [Times: user=0.02 sys=0.00, real=0.00 secs] 
192.657: Total time for which application threads were stopped: 0.0039090 seconds, Stopping threads took: 0.0018990 seconds
192.704: Application time: 0.0473500 seconds
192.707: [GC192.707: [ParNew: 55309K->6206K(55872K), 0.0023810 secs] 123407K->75627K(182144K), 0.0024250 secs] [Times: user=0.02 sys=0.00, real=0.00 secs] 
192.709: Total time for which application threads were stopped: 0.0046090 seconds, Stopping threads took: 0.0020950 seconds
192.756: Application time: 0.0471230 seconds
192.758: [GC192.758: [ParNew: 55870K->6206K(55872K), 0.0019670 secs] 125291K->75985K(182144K), 0.0020070 secs] [Times: user=0.02 sys=0.00, real=0.00 secs] 
192.760: Total time for which application threads were stopped: 0.0039750 seconds, Stopping threads took: 0.0018930 seconds
192.808: Application time: 0.0482250 seconds
192.810: [GC192.810: [ParNew: 55870K->6206K(55872K), 0.0025020 secs] 125649K->77325K(182144K), 0.0025520 secs] [Times: user=0.01 sys=0.00, real=0.00 secs] 
192.813: Total time for which application threads were stopped: 0.0046510 seconds, Stopping threads took: 0.0019960 seconds
192.862: Application time: 0.0490370 seconds
192.864: [GC192.864: [ParNew: 55870K->5275K(55872K), 0.0017350 secs] 126989K->76393K(182144K), 0.0017750 secs] [Times: user=0.01 sys=0.00, real=0.00 secs] 
192.866: Total time for which application threads were stopped: 0.0035770 seconds, Stopping threads took: 0.0017380 seconds
192.915: Application time: 0.0491340 seconds
192.917: [GC192.917: [ParNew: 54939K->5231K(55872K), 0.0017380 secs] 126057K->76378K(182144K), 0.0017780 secs] [Times: user=0.01 sys=0.00, real=0.00 secs] 
192.919: Total time for which application threads were stopped: 0.0041360 seconds, Stopping threads took: 0.0022860 seconds
192.967: Application time: 0.0485000 seconds
192.970: [GC192.970: [ParNew: 54895K->6132K(55872K), 0.0018790 secs] 126042K->77279K(182144K), 0.0019250 secs] [Times: user=0.01 sys=0.00, real=0.00 secs] 
192.972: Total time for which application threads were stopped: 0.0042730 seconds, Stopping threads took: 0.0022800 seconds
193.019: Application time: 0.0470980 seconds
193.020: [GC193.020: [ParNew: 55796K->6206K(55872K), 0.0021950 secs] 126943K->77765K(182144K), 0.0022390 secs] [Times: user=0.02 sys=0.00, real=0.01 secs] 
193.023: Total time for which application threads were stopped: 0.0038240 seconds, Stopping threads took: 0.0015070 seconds
193.070: Application time: 0.0473640 seconds
193.071: [GC193.071: [ParNew: 55870K->6074K(55872K), 0.0020750 secs] 127429K->77689K(182144K), 0.0021170 secs] [Times: user=0.01 sys=0.00, real=0.00 secs] 
193.073: Total time for which application threads were stopped: 0.0031990 seconds, Stopping threads took: 0.0010140 seconds
193.121: Application time: 0.0483720 seconds
193.123: [GC193.123: [ParNew: 55738K->6206K(55872K), 0.0020200 secs] 127353K->78166K(182144K), 0.0020610 secs] [Times: user=0.02 sys=0.00, real=0.00 secs] 
193.125: Total time for which application threads were stopped: 0.0032330 seconds, Stopping threads took: 0.0010850 seconds
193.174: Application time: 0.0488250 seconds
193.176: [GC193.176: [ParNew: 55870K->6206K(55872K), 0.0020460 secs] 127830K->78551K(182144K), 0.0020960 secs] [Times: user=0.01 sys=0.00, real=0.00 secs] 
193.178: Total time for which application threads were stopped: 0.0042430 seconds, Stopping threads took: 0.0020780 seconds
193.225: Application time: 0.0473750 seconds
193.228: [GC193.228: [ParNew: 55870K->6206K(55872K), 0.0020900 secs] 128215K->79041K(182144K), 0.0021360 secs] [Times: user=0.02 sys=0.00, real=0.00 secs] 
193.230: Total time for which application threads were stopped: 0.0048620 seconds, Stopping threads took: 0.0026580 seconds
193.278: Application time: 0.0479680 seconds
193.281: [GC193.281: [ParNew: 55870K->6207K(55872K), 0.0020770 secs] 128705K->79578K(182144K), 0.0021220 secs] [Times: user=0.02 sys=0.00, real=0.01 secs] 
193.283: Total time for which application threads were stopped: 0.0054150 seconds, Stopping threads took: 0.0032140 seconds
193.329: Application time: 0.0454990 seconds
193.331: [GC193.331: [ParNew: 55871K->6206K(55872K), 0.0024720 secs] 129242K->81241K(182144K), 0.0025170 secs] [Times: user=0.01 sys=0.00, real=0.01 secs] 
193.333: Total time for which application threads were stopped: 0.0045420 seconds, Stopping threads took: 0.0019570 seconds
193.382: Application time: 0.0486580 seconds
193.385: [GC193.385: [ParNew: 55870K->5394K(55872K), 0.0016940 secs] 130905K->80428K(182144K), 0.0017350 secs] [Times: user=0.01 sys=0.00, real=0.00 secs] 
193.387: Total time for which application threads were stopped: 0.0043960 seconds, Stopping threads took: 0.0025960 seconds
193.435: Application time: 0.0488530 seconds
193.436: [GC193.436: [ParNew: 55058K->6207K(55872K), 0.0022080 secs] 130092K->81932K(182144K), 0.0022520 secs] [Times: user=0.02 sys=0.00, real=0.00 secs] 
193.439: Total time for which application threads were stopped: 0.0032160 seconds, Stopping threads took: 0.0008980 seconds
193.484: Application time: 0.0458690 seconds
193.487: [GC193.487: [ParNew: 55871K->6206K(55872K), 0.0026170 secs] 131596K->83632K(182144K), 0.0026710 secs] [Times: user=0.02 sys=0.00, real=0.00 secs] 
193.490: Total time for which application threads were stopped: 0.0055420 seconds, Stopping threads took: 0.0027810 seconds
193.538: Application time: 0.0481020 seconds
193.540: [GC193.540: [ParNew: 55870K->6206K(55872K), 0.0025080 secs] 133296K->85199K(182144K), 0.0025540 secs] [Times: user=0.02 sys=0.00, real=0.01 secs] 
193.543: Total time for which application threads were stopped: 0.0043750 seconds, Stopping threads took: 0.0017540 seconds
193.589: Application time: 0.0460830 seconds
193.591: [GC193.591: [ParNew: 55870K->6207K(55872K), 0.0023630 secs] 134863K->86594K(182144K), 0.0024090 secs] [Times: user=0.01 sys=0.00, real=0.00 secs] 
193.593: Total time for which application threads were stopped: 0.0047250 seconds, Stopping threads took: 0.0022490 seconds
193.640: Application time: 0.0466920 seconds
193.642: [GC193.642: [ParNew: 55871K->6207K(55872K), 0.0019500 secs] 136258K->86814K(182144K), 0.0019930 secs] [Times: user=0.01 sys=0.00, real=0.00 secs] 
193.644: Total time for which application threads were stopped: 0.0041930 seconds, Stopping threads took: 0.0021140 seconds
193.693: Application time: 0.0489230 seconds
193.695: [GC193.695: [ParNew: 55871K->5419K(55872K), 0.0016930 secs] 136478K->86054K(182144K), 0.0017400 secs] [Times: user=0.01 sys=0.00, real=0.00 secs] 
193.697: Total time for which application threads were stopped: 0.0040810 seconds, Stopping threads took: 0.0022730 seconds
193.746: Application time: 0.0492450 seconds
193.748: [GC193.748: [ParNew: 55083K->6206K(55872K), 0.0019540 secs] 135718K->86967K(182144K), 0.0019990 secs] [Times: user=0.01 sys=0.00, real=0.00 secs] 
193.750: Total time for which application threads were stopped: 0.0035380 seconds, Stopping threads took: 0.0014720 seconds
193.798: Application time: 0.0481100 seconds
193.800: [GC193.800: [ParNew: 55870K->5793K(55872K), 0.0018570 secs] 136631K->86583K(182144K), 0.0018980 secs] [Times: user=0.01 sys=0.00, real=0.01 secs] 
193.802: Total time for which application threads were stopped: 0.0036270 seconds, Stopping threads took: 0.0016560 seconds
193.849: Application time: 0.0467810 seconds
193.851: [GC193.851: [ParNew: 55457K->6206K(55872K), 0.0022140 secs] 136247K->88090K(182144K), 0.0022610 secs] [Times: user=0.02 sys=0.00, real=0.00 secs] 
193.853: Total time for which application threads were stopped: 0.0043370 seconds, Stopping threads took: 0.0020160 seconds
193.899: Application time: 0.0465860 seconds
193.902: [GC193.902: [ParNew: 55870K->6206K(55872K), 0.0023810 secs] 137754K->89153K(182144K), 0.0024290 secs] [Times: user=0.02 sys=0.00, real=0.00 secs] 
193.905: Total time for which application threads were stopped: 0.0051040 seconds, Stopping threads took: 0.0025910 seconds
193.954: Application time: 0.0489790 seconds
193.956: [GC193.956: [ParNew: 55870K->6206K(55872K), 0.0022560 secs] 138817K->90111K(182144K), 0.0023020 secs] [Times: user=0.02 sys=0.00, real=0.00 secs] 
193.958: Total time for which application threads were stopped: 0.0045830 seconds, Stopping threads took: 0.0021930 seconds
194.006: Application time: 0.0476400 seconds
194.008: [GC194.008: [ParNew: 55870K->6206K(55872K), 0.0021660 secs] 139775K->90959K(182144K), 0.0022140 secs] [Times: user=0.01 sys=0.00, real=0.00 secs] 
194.011: Total time for which application threads were stopped: 0.0047980 seconds, Stopping threads took: 0.0025140 seconds
194.056: Application time: 0.0456510 seconds
194.058: [GC194.058: [ParNew: 55870K->6207K(55872K), 0.0026410 secs] 140623K->92586K(182144K), 0.0026860 secs] [Times: user=0.02 sys=0.00, real=0.00 secs] 
194.061: Total time for which application threads were stopped: 0.0048950 seconds, Stopping threads took: 0.0021200 seconds
194.109: Application time: 0.0481630 seconds
194.112: [GC194.112: [ParNew: 55871K->6206K(55872K), 0.0021170 secs] 142250K->93066K(182144K), 0.0021660 secs] [Times: user=0.01 sys=0.00, real=0.01 secs] 
194.115: Total time for which application threads were stopped: 0.0053370 seconds, Stopping threads took: 0.0030910 seconds
194.163: Application time: 0.0479860 seconds
194.164: [GC194.164: [ParNew: 55870K->6207K(55872K), 0.0024470 secs] 142730K->94417K(182144K), 0.0024970 secs] [Times: user=0.02 sys=0.00, real=0.00 secs] 
194.167: Total time for which application threads were stopped: 0.0039240 seconds, Stopping threads took: 0.0013560 seconds
194.214: Application time: 0.0479450 seconds
194.217: [GC194.217: [ParNew: 55871K->6206K(55872K), 0.0021880 secs] 144081K->95059K(182144K), 0.0022350 secs] [Times: user=0.02 sys=0.00, real=0.00 secs] 
194.220: Total time for which application threads were stopped: 0.0050150 seconds, Stopping threads took: 0.0027100 seconds
194.267: Application time: 0.0475150 seconds
194.270: [GC194.270: [ParNew: 55870K->6207K(55872K), 0.0022870 secs] 144723K->96007K(182144K), 0.0023390 secs] [Times: user=0.02 sys=0.00, real=0.00 secs] 
194.272: Total time for which application threads were stopped: 0.0050620 seconds, Stopping threads took: 0.0026540 seconds
194.319: Application time: 0.0468550 seconds
194.321: [GC194.321: [ParNew: 55871K->6044K(55872K), 0.0017620 secs] 145671K->95843K(182144K), 0.0018080 secs] [Times: user=0.01 sys=0.00, real=0.01 secs] 
194.322: Total time for which application threads were stopped: 0.0035180 seconds, Stopping threads took: 0.0016340 seconds
194.370: Application time: 0.0476860 seconds
194.372: [GC194.372: [ParNew: 55708K->6070K(55872K), 0.0018610 secs] 145507K->95898K(182144K), 0.0019050 secs] [Times: user=0.01 sys=0.00, real=0.01 secs] 
194.374: Total time for which application threads were stopped: 0.0035030 seconds, Stopping threads took: 0.0015270 seconds
194.420: Application time: 0.0465930 seconds
194.423: [GC194.423: [ParNew: 55734K->6207K(55872K), 0.0021670 secs] 145562K->96477K(182144K), 0.0022130 secs] [Times: user=0.02 sys=0.00, real=0.00 secs] 
194.425: Total time for which application threads were stopped: 0.0045990 seconds, Stopping threads took: 0.0023180 seconds
194.472: Application time: 0.0471610 seconds
194.474: [GC194.474: [ParNew: 55871K->6207K(55872K), 0.0020560 secs] 146141K->96810K(182144K), 0.0021000 secs] [Times: user=0.01 sys=0.00, real=0.00 secs] 
194.476: Total time for which application threads were stopped: 0.0037770 seconds, Stopping threads took: 0.0016080 seconds
194.524: Application time: 0.0478600 seconds
194.526: [GC194.526: [ParNew: 55871K->6207K(55872K), 0.0022500 secs] 146474K->97631K(182144K), 0.0022930 secs] [Times: user=0.02 sys=0.00, real=0.00 secs] 
194.528: Total time for which application threads were stopped: 0.0045880 seconds, Stopping threads took: 0.0022280 seconds
194.577: Application time: 0.0485090 seconds
194.579: [GC194.579: [ParNew: 55871K->5932K(55872K), 0.0020160 secs] 147295K->97384K(182144K), 0.0020580 secs] [Times: user=0.01 sys=0.00, real=0.00 secs] 
194.581: Total time for which application threads were stopped: 0.0038410 seconds, Stopping threads took: 0.0017160 seconds
194.628: Application time: 0.0477550 seconds
194.632: [GC194.632: [ParNew: 55596K->5839K(55872K), 0.0019370 secs] 147048K->97291K(182144K), 0.0019810 secs] [Times: user=0.02 sys=0.00, real=0.01 secs] 
194.634: Total time for which application threads were stopped: 0.0053820 seconds, Stopping threads took: 0.0033120 seconds
194.684: Application time: 0.0503760 seconds
194.686: [GC194.686: [ParNew: 55503K->5621K(55872K), 0.0021530 secs] 146955K->97159K(182144K), 0.0022010 secs] [Times: user=0.02 sys=0.00, real=0.00 secs] 
194.688: Total time for which application threads were stopped: 0.0043730 seconds, Stopping threads took: 0.0021020 seconds
194.737: Application time: 0.0487950 seconds
194.739: [GC194.739: [ParNew: 55285K->5972K(55872K), 0.0020610 secs] 146823K->97538K(182144K), 0.0020980 secs] [Times: user=0.01 sys=0.00, real=0.00 secs] 
194.741: Total time for which application threads were stopped: 0.0038640 seconds, Stopping threads took: 0.0016930 seconds
194.789: Application time: 0.0481500 seconds
194.792: [GC194.792: [ParNew: 55636K->5024K(55872K), 0.0016990 secs] 147202K->96619K(182144K), 0.0017510 secs] [Times: user=0.02 sys=0.00, real=0.00 secs] 
194.793: Total time for which application threads were stopped: 0.0040140 seconds, Stopping threads took: 0.0021970 seconds
194.840: Application time: 0.0463340 seconds
194.842: [GC194.842: [ParNew: 54688K->6207K(55872K), 0.0024720 secs] 146283K->99105K(182144K), 0.0025170 secs] [Times: user=0.02 sys=0.00, real=0.00 secs] 
194.845: Total time for which application threads were stopped: 0.0049270 seconds, Stopping threads took: 0.0023230 seconds
194.892: Application time: 0.0470240 seconds
194.894: [GC194.894: [ParNew: 55871K->6206K(55872K), 0.0022020 secs] 148769K->99245K(182144K), 0.0022490 secs] [Times: user=0.01 sys=0.00, real=0.00 secs] 
194.896: Total time for which application threads were stopped: 0.0044160 seconds, Stopping threads took: 0.0020860 seconds
194.944: Application time: 0.0475020 seconds
194.947: [GC194.947: [ParNew: 55870K->6207K(55872K), 0.0021980 secs] 148909K->100253K(182144K), 0.0022450 secs] [Times: user=0.01 sys=0.00, real=0.00 secs] 
194.949: Total time for which application threads were stopped: 0.0055340 seconds, Stopping threads took: 0.0032210 seconds
194.996: Application time: 0.0467270 seconds
194.998: [GC194.998: [ParNew: 55871K->6206K(55872K), 0.0022570 secs] 149917K->101240K(182144K), 0.0022930 secs] [Times: user=0.02 sys=0.00, real=0.00 secs] 
195.000: Total time for which application threads were stopped: 0.0044810 seconds, Stopping threads took: 0.0021240 seconds
195.048: Application time: 0.0481480 seconds
195.051: [GC195.051: [ParNew: 55870K->5559K(55872K), 0.0017390 secs] 150904K->100593K(182144K), 0.0017810 secs] [Times: user=0.01 sys=0.00, real=0.00 secs] 
195.053: Total time for which application threads were stopped: 0.0043380 seconds, Stopping threads took: 0.0024900 seconds
195.103: Application time: 0.0498080 seconds
195.106: [GC195.106: [ParNew: 55223K->5990K(55872K), 0.0022040 secs] 150257K->101052K(182144K), 0.0022460 secs] [Times: user=0.01 sys=0.00, real=0.00 secs] 
195.108: Total time for which application threads were stopped: 0.0054110 seconds, Stopping threads took: 0.0030890 seconds
195.159: Application time: 0.0505430 seconds
195.161: [GC195.161: [ParNew: 55654K->6206K(55872K), 0.0023090 secs] 150716K->102143K(182144K), 0.0023570 secs] [Times: user=0.01 sys=0.00, real=0.01 secs] 
195.163: Total time for which application threads were stopped: 0.0043950 seconds, Stopping threads took: 0.0019690 seconds
195.210: Application time: 0.0473920 seconds
195.213: [GC195.213: [ParNew: 55870K->6207K(55872K), 0.0021440 secs] 151807K->102454K(182144K), 0.0021920 secs] [Times: user=0.02 sys=0.00, real=0.00 secs] 
195.216: Total time for which application threads were stopped: 0.0053060 seconds, Stopping threads took: 0.0030470 seconds
195.263: Application time: 0.0469180 seconds
195.266: [GC195.266: [ParNew: 55871K->6207K(55872K), 0.0025600 secs] 152118K->104145K(182144K), 0.0026070 secs] [Times: user=0.01 sys=0.00, real=0.00 secs] 
195.268: Total time for which application threads were stopped: 0.0057600 seconds, Stopping threads took: 0.0030840 seconds
195.317: Application time: 0.0490940 seconds
195.319: [GC195.319: [ParNew: 55871K->5860K(55872K), 0.0019840 secs] 153809K->103827K(182144K), 0.0020210 secs] [Times: user=0.01 sys=0.00, real=0.00 secs] 
195.321: Total time for which application threads were stopped: 0.0038400 seconds, Stopping threads took: 0.0017310 seconds
195.368: Application time: 0.0468210 seconds
195.370: [GC195.370: [ParNew: 55524K->6207K(55872K), 0.0025560 secs] 153491K->105677K(182144K), 0.0025970 secs] [Times: user=0.02 sys=0.00, real=0.00 secs] 
195.373: Total time for which application threads were stopped: 0.0046740 seconds, Stopping threads took: 0.0019800 seconds
195.420: Application time: 0.0472740 seconds
195.421: [GC195.421: [ParNew: 55871K->5613K(55872K), 0.0019670 secs] 155341K->105082K(182144K), 0.0020100 secs] [Times: user=0.01 sys=0.00, real=0.01 secs] 
195.423: Total time for which application threads were stopped: 0.0032040 seconds, Stopping threads took: 0.0011280 seconds
195.470: Application time: 0.0464600 seconds
195.472: [GC195.472: [ParNew: 55277K->6207K(55872K), 0.0024200 secs] 154746K->106990K(182144K), 0.0024750 secs] [Times: user=0.01 sys=0.00, real=0.01 secs] 
195.474: Total time for which application threads were stopped: 0.0045290 seconds, Stopping threads took: 0.0019750 seconds
195.523: Application time: 0.0483830 seconds
195.525: [GC195.525: [ParNew: 55871K->6207K(55872K), 0.0023030 secs] 156654K->108061K(182144K), 0.0023510 secs] [Times: user=0.02 sys=0.00, real=0.00 secs] 
195.527: Total time for which application threads were stopped: 0.0043270 seconds, Stopping threads took: 0.0019070 seconds
195.575: Application time: 0.0484690 seconds
195.576: [GC195.577: [ParNew: 55871K->6162K(55872K), 0.0019620 secs] 157725K->108015K(182144K), 0.0020060 secs] [Times: user=0.01 sys=0.00, real=0.00 secs] 
195.579: Total time for which application threads were stopped: 0.0030960 seconds, Stopping threads took: 0.0010230 seconds
195.626: Application time: 0.0477030 seconds
195.628: [GC195.628: [ParNew: 55824K->6207K(55872K), 0.0022370 secs] 157678K->109047K(182144K), 0.0022790 secs] [Times: user=0.02 sys=0.00, real=0.00 secs] 
195.631: Total time for which application threads were stopped: 0.0044830 seconds, Stopping threads took: 0.0021380 seconds
195.677: Application time: 0.0463710 seconds
195.680: [GC195.680: [ParNew: 55871K->6207K(55872K), 0.0023230 secs] 158711K->110151K(182144K), 0.0023710 secs] [Times: user=0.02 sys=0.00, real=0.01 secs] 
195.682: Total time for which application threads were stopped: 0.0051290 seconds, Stopping threads took: 0.0026860 seconds
195.730: Application time: 0.0478040 seconds
195.732: [GC195.732: [ParNew: 55871K->6206K(55872K), 0.0019200 secs] 159815K->110152K(182144K), 0.0019650 secs] [Times: user=0.01 sys=0.00, real=0.01 secs] 
195.734: Total time for which application threads were stopped: 0.0035550 seconds, Stopping threads took: 0.0015200 seconds
195.781: Application time: 0.0477350 seconds
195.783: [GC195.783: [ParNew: 55870K->6207K(55872K), 0.0021910 secs] 159816K->111083K(182144K), 0.0022370 secs] [Times: user=0.02 sys=0.00, real=0.00 secs] 
195.785: Total time for which application threads were stopped: 0.0038100 seconds, Stopping threads took: 0.0015070 seconds
195.835: Application time: 0.0501470 seconds
195.838: [GC195.838: [ParNew: 55871K->6207K(55872K), 0.0022750 secs] 160747K->112113K(182144K), 0.0023140 secs] [Times: user=0.02 sys=0.00, real=0.00 secs] 
195.840: Total time for which application threads were stopped: 0.0048660 seconds, Stopping threads took: 0.0024650 seconds
195.884: Application time: 0.0437750 seconds
195.886: [GC195.886: [ParNew: 55871K->6163K(55872K), 0.0020250 secs] 161777K->112098K(182144K), 0.0020700 secs] [Times: user=0.01 sys=0.00, real=0.00 secs] 
195.888: Total time for which application threads were stopped: 0.0044180 seconds, Stopping threads took: 0.0022740 seconds
195.935: Application time: 0.0462650 seconds
195.936: [GC195.936: [ParNew: 55827K->6028K(55872K), 0.0019040 secs] 161762K->111963K(182144K), 0.0019480 secs] [Times: user=0.01 sys=0.00, real=0.00 secs] 
195.938: Total time for which application threads were stopped: 0.0031210 seconds, Stopping threads took: 0.0011060 seconds
195.983: Application time: 0.0453120 seconds
195.984: [GC195.984: [ParNew: 55692K->4954K(55872K), 0.0018110 secs] 161627K->110889K(182144K), 0.0018550 secs] [Times: user=0.01 sys=0.00, real=0.00 secs] 
195.986: Total time for which application threads were stopped: 0.0028860 seconds, Stopping threads took: 0.0009450 seconds
196.031: Application time: 0.0448570 seconds
196.033: [GC196.033: [ParNew: 54618K->5882K(55872K), 0.0020700 secs] 160553K->111873K(182144K), 0.0021120 secs] [Times: user=0.02 sys=0.00, real=0.01 secs] 
196.035: Total time for which application threads were stopped: 0.0041630 seconds, Stopping threads took: 0.0019860 seconds
196.080: Application time: 0.0449150 seconds
196.082: [GC196.082: [ParNew: 55546K->5973K(55872K), 0.0018880 secs] 161537K->111965K(182144K), 0.0019360 secs] [Times: user=0.01 sys=0.00, real=0.00 secs] 
196.084: Total time for which application threads were stopped: 0.0040260 seconds, Stopping threads took: 0.0020040 seconds
196.130: Application time: 0.0460220 seconds
196.133: [GC196.133: [ParNew: 55637K->6206K(55872K), 0.0022170 secs] 161629K->112804K(182144K), 0.0022600 secs] [Times: user=0.01 sys=0.00, real=0.01 secs] 
196.135: Total time for which application threads were stopped: 0.0051850 seconds, Stopping threads took: 0.0028390 seconds
196.180: Application time: 0.0451140 seconds
196.182: [GC196.182: [ParNew: 55870K->4961K(55872K), 0.0016230 secs] 162468K->111588K(182144K), 0.0016630 secs] [Times: user=0.01 sys=0.00, real=0.00 secs] 
196.184: Total time for which application threads were stopped: 0.0033670 seconds, Stopping threads took: 0.0016190 seconds
196.228: Application time: 0.0439910 seconds
196.229: [GC196.229: [ParNew: 54625K->6207K(55872K), 0.0019540 secs] 161252K->112954K(182144K), 0.0019970 secs] [Times: user=0.01 sys=0.00, real=0.00 secs] 
196.231: Total time for which application threads were stopped: 0.0037130 seconds, Stopping threads took: 0.0016510 seconds
196.276: Application time: 0.0442800 seconds
196.277: [GC196.277: [ParNew: 55871K->6207K(55872K), 0.0026920 secs] 162618K->114356K(182144K), 0.0027330 secs] [Times: user=0.02 sys=0.00, real=0.00 secs] 
196.280: Total time for which application threads were stopped: 0.0043220 seconds, Stopping threads took: 0.0015010 seconds
196.326: Application time: 0.0463610 seconds
196.327: [GC196.327: [ParNew: 55871K->6206K(55872K), 0.0022000 secs] 164020K->115156K(182144K), 0.0022400 secs] [Times: user=0.02 sys=0.00, real=0.00 secs] 
196.329: Total time for which application threads were stopped: 0.0030550 seconds, Stopping threads took: 0.0007510 seconds
196.374: Application time: 0.0445050 seconds
196.375: [GC196.375: [ParNew: 55870K->6206K(55872K), 0.0023080 secs] 164820K->116275K(182144K), 0.0023570 secs] [Times: user=0.02 sys=0.00, real=0.00 secs] 
196.378: Total time for which application threads were stopped: 0.0040190 seconds, Stopping threads took: 0.0015740 seconds
196.423: Application time: 0.0448910 seconds
196.425: [GC196.425: [ParNew: 55870K->6207K(55872K), 0.0019640 secs] 165939K->116418K(182144K), 0.0020050 secs] [Times: user=0.01 sys=0.00, real=0.00 secs] 
196.427: Total time for which application threads were stopped: 0.0040200 seconds, Stopping threads took: 0.0019300 seconds
196.470: Application time: 0.0428240 seconds
196.472: [GC196.472: [ParNew: 55871K->6207K(55872K), 0.0022110 secs] 166082K->117300K(182144K), 0.0022540 secs] [Times: user=0.02 sys=0.00, real=0.01 secs] 
196.474: Total time for which application threads were stopped: 0.0046050 seconds, Stopping threads took: 0.0022850 seconds
196.520: Application time: 0.0454750 seconds
196.522: [GC196.523: [ParNew: 55871K->6207K(55872K), 0.0023680 secs] 166964K->118202K(182144K), 0.0024150 secs] [Times: user=0.02 sys=0.00, real=0.00 secs] 
196.525: Total time for which application threads were stopped: 0.0052540 seconds, Stopping threads took: 0.0027700 seconds
196.570: Application time: 0.0447840 seconds
196.573: [GC196.573: [ParNew: 55871K->6207K(55872K), 0.0020600 secs] 167866K->118357K(182144K), 0.0021040 secs] [Times: user=0.01 sys=0.00, real=0.01 secs] 
196.575: Total time for which application threads were stopped: 0.0050310 seconds, Stopping threads took: 0.0028620 seconds
196.619: Application time: 0.0445090 seconds
196.621: [GC196.621: [ParNew: 55871K->6165K(55872K), 0.0019510 secs] 168021K->118315K(182144K), 0.0019950 secs] [Times: user=0.02 sys=0.00, real=0.01 secs] 
196.623: Total time for which application threads were stopped: 0.0036210 seconds, Stopping threads took: 0.0015580 seconds
196.670: Application time: 0.0476000 seconds
196.672: [GC196.673: [ParNew: 55829K->4219K(55872K), 0.0014960 secs] 167979K->116397K(182144K), 0.0015330 secs] [Times: user=0.01 sys=0.00, real=0.01 secs] 
196.674: Total time for which application threads were stopped: 0.0035570 seconds, Stopping threads took: 0.0019640 seconds
 CMS: abort preclean due to time 196.675: [CMS-concurrent-abortable-preclean: 0.288/5.038 secs] [Times: user=38.58 sys=0.14, real=5.04 secs] 
196.675: Application time: 0.0013900 seconds
196.678: [GC[YG occupancy: 8541 K (55872 K)]196.678: [Rescan (parallel) , 0.0002070 secs]196.679: [weak refs processing, 0.0000060 secs]196.679: [scrub string table, 0.0001030 secs] [1 CMS-remark: 112178K(126272K)] 120719K(182144K), 0.0003440 secs] [Times: user=0.00 sys=0.00, real=0.00 secs] 
196.679: Total time for which application threads were stopped: 0.0033840 seconds, Stopping threads took: 0.0030020 seconds
196.679: [CMS-concurrent-sweep-start]
196.686: [CMS-concurrent-sweep: 0.007/0.007 secs] [Times: user=0.05 sys=0.00, real=0.01 secs] 
196.686: [CMS-concurrent-reset-start]
196.686: [CMS-concurrent-reset: 0.000/0.000 secs] [Times: user=0.00 sys=0.00, real=0.00 secs] 
196.721: Application time: 0.0417960 seconds
196.723: [GC196.723: [ParNew: 53883K->6166K(55872K), 0.0018950 secs] 110483K->62767K(182144K), 0.0019350 secs] [Times: user=0.01 sys=0.00, real=0.00 secs] 
196.725: Total time for which application threads were stopped: 0.0041000 seconds, Stopping threads took: 0.0021020 seconds
196.770: Application time: 0.0449090 seconds
196.772: [GC196.772: [ParNew: 55830K->6206K(55872K), 0.0024760 secs] 112431K->64067K(182144K), 0.0025210 secs] [Times: user=0.02 sys=0.00, real=0.01 secs] 
196.774: Total time for which application threads were stopped: 0.0044540 seconds, Stopping threads took: 0.0018670 seconds
196.774: Application time: 0.0001350 seconds
196.776: [GC [1 CMS-initial-mark: 57860K(126272K)] 64694K(182144K), 0.0002050 secs] [Times: user=0.00 sys=0.00, real=0.00 secs] 
196.777: Total time for which application threads were stopped: 0.0023580 seconds, Stopping threads took: 0.0021320 seconds
196.777: [CMS-concurrent-mark-start]
196.782: [CMS-concurrent-mark: 0.005/0.005 secs] [Times: user=0.04 sys=0.00, real=0.01 secs] 
196.782: [CMS-concurrent-preclean-start]
196.782: [CMS-concurrent-preclean: 0.000/0.000 secs] [Times: user=0.00 sys=0.00, real=0.00 secs] 
196.782: [CMS-concurrent-abortable-preclean-start]
196.822: Application time: 0.0457310 seconds
196.824: [GC196.824: [ParNew: 55870K->5732K(55872K), 0.0018690 secs] 113731K->63679K(182144K), 0.0019120 secs] [Times: user=0.01 sys=0.00, real=0.00 secs] 
196.826: Total time for which application threads were stopped: 0.0037460 seconds, Stopping threads took: 0.0017690 seconds
196.870: Application time: 0.0442470 seconds
196.872: [GC196.872: [ParNew: 55396K->6206K(55872K), 0.0020970 secs] 113343K->64706K(182144K), 0.0021390 secs] [Times: user=0.02 sys=0.00, real=0.01 secs] 
196.875: Total time for which application threads were stopped: 0.0043150 seconds, Stopping threads took: 0.0021110 seconds
196.922: Application time: 0.0477860 seconds
196.924: [GC196.924: [ParNew: 55870K->6206K(55872K), 0.0020550 secs] 114370K->65147K(182144K), 0.0020970 secs] [Times: user=0.02 sys=0.00, real=0.00 secs] 
196.926: Total time for which application threads were stopped: 0.0038800 seconds, Stopping threads took: 0.0017200 seconds
196.972: Application time: 0.0455970 seconds
196.973: [GC196.973: [ParNew: 55870K->5601K(55872K), 0.0016670 secs] 114811K->64541K(182144K), 0.0017120 secs] [Times: user=0.02 sys=0.00, real=0.01 secs] 
196.975: Total time for which application threads were stopped: 0.0031060 seconds, Stopping threads took: 0.0013200 seconds
197.018: Application time: 0.0432970 seconds
197.021: [GC197.021: [ParNew: 55265K->6206K(55872K), 0.0023640 secs] 114205K->66406K(182144K), 0.0024090 secs] [Times: user=0.01 sys=0.00, real=0.01 secs] 
197.023: Total time for which application threads were stopped: 0.0050110 seconds, Stopping threads took: 0.0025360 seconds
197.069: Application time: 0.0454870 seconds
197.072: [GC197.072: [ParNew: 55870K->6207K(55872K), 0.0023350 secs] 116070K->67742K(182144K), 0.0023800 secs] [Times: user=0.02 sys=0.00, real=0.01 secs] 
197.074: Total time for which application threads were stopped: 0.0052440 seconds, Stopping threads took: 0.0027990 seconds
197.121: Application time: 0.0467450 seconds
197.123: [GC197.123: [ParNew: 55871K->5410K(55872K), 0.0016760 secs] 117406K->66945K(182144K), 0.0017250 secs] [Times: user=0.01 sys=0.00, real=0.00 secs] 
197.125: Total time for which application threads were stopped: 0.0041320 seconds, Stopping threads took: 0.0023440 seconds
197.173: Application time: 0.0479790 seconds
197.176: [GC197.176: [ParNew: 55074K->5354K(55872K), 0.0016380 secs] 116609K->66889K(182144K), 0.0016790 secs] [Times: user=0.01 sys=0.00, real=0.00 secs] 
197.177: Total time for which application threads were stopped: 0.0043650 seconds, Stopping threads took: 0.0026200 seconds
197.224: Application time: 0.0469660 seconds
197.226: [GC197.226: [ParNew: 55018K->5292K(55872K), 0.0017530 secs] 116553K->66855K(182144K), 0.0017920 secs] [Times: user=0.01 sys=0.00, real=0.00 secs] 
197.228: Total time for which application threads were stopped: 0.0036640 seconds, Stopping threads took: 0.0018080 seconds
197.276: Application time: 0.0485650 seconds
197.277: [GC197.277: [ParNew: 54956K->3267K(55872K), 0.0011480 secs] 116519K->64830K(182144K), 0.0011820 secs] [Times: user=0.01 sys=0.00, real=0.00 secs] 
197.279: Total time for which application threads were stopped: 0.0021360 seconds, Stopping threads took: 0.0008970 seconds
197.324: Application time: 0.0458180 seconds
197.326: [GC197.326: [ParNew: 52931K->4975K(55872K), 0.0016450 secs] 114494K->66624K(182144K), 0.0016820 secs] [Times: user=0.02 sys=0.00, real=0.00 secs] 
197.327: Total time for which application threads were stopped: 0.0030050 seconds, Stopping threads took: 0.0012640 seconds
197.375: Application time: 0.0472240 seconds
197.377: [GC197.377: [ParNew: 54639K->6067K(55872K), 0.0020600 secs] 116288K->67745K(182144K), 0.0021000 secs] [Times: user=0.01 sys=0.00, real=0.00 secs] 
197.379: Total time for which application threads were stopped: 0.0045820 seconds, Stopping threads took: 0.0024200 seconds
197.426: Application time: 0.0465340 seconds
197.428: [GC197.428: [ParNew: 55731K->6207K(55872K), 0.0021530 secs] 117409K->68181K(182144K), 0.0021950 secs] [Times: user=0.01 sys=0.00, real=0.00 secs] 
197.430: Total time for which application threads were stopped: 0.0040780 seconds, Stopping threads took: 0.0017970 seconds
197.474: Application time: 0.0437950 seconds
197.476: [GC197.476: [ParNew: 55871K->6207K(55872K), 0.0021210 secs] 117845K->68922K(182144K), 0.0021600 secs] [Times: user=0.02 sys=0.00, real=0.00 secs] 
197.478: Total time for which application threads were stopped: 0.0042460 seconds, Stopping threads took: 0.0020150 seconds
197.523: Application time: 0.0446610 seconds
197.526: [GC197.526: [ParNew: 55871K->6206K(55872K), 0.0020190 secs] 118586K->69312K(182144K), 0.0020590 secs] [Times: user=0.01 sys=0.00, real=0.00 secs] 
197.528: Total time for which application threads were stopped: 0.0050270 seconds, Stopping threads took: 0.0029080 seconds
197.572: Application time: 0.0447480 seconds
197.574: [GC197.574: [ParNew: 55870K->6206K(55872K), 0.0022710 secs] 118976K->70517K(182144K), 0.0023130 secs] [Times: user=0.01 sys=0.00, real=0.00 secs] 
197.577: Total time for which application threads were stopped: 0.0042880 seconds, Stopping threads took: 0.0018870 seconds
197.623: Application time: 0.0459830 seconds
197.624: [GC197.624: [ParNew: 55870K->6206K(55872K), 0.0022460 secs] 120181K->71661K(182144K), 0.0022890 secs] [Times: user=0.02 sys=0.00, real=0.00 secs] 
197.626: Total time for which application threads were stopped: 0.0034080 seconds, Stopping threads took: 0.0010530 seconds
197.673: Application time: 0.0466210 seconds
197.675: [GC197.675: [ParNew: 55870K->4720K(55872K), 0.0014480 secs] 121325K->70175K(182144K), 0.0014880 secs] [Times: user=0.02 sys=0.00, real=0.00 secs] 
197.676: Total time for which application threads were stopped: 0.0034120 seconds, Stopping threads took: 0.0018590 seconds
197.721: Application time: 0.0444270 seconds
197.722: [GC197.722: [ParNew: 54384K->6207K(55872K), 0.0022170 secs] 119839K->72502K(182144K), 0.0022580 secs] [Times: user=0.02 sys=0.00, real=0.00 secs] 
197.724: Total time for which application threads were stopped: 0.0037270 seconds, Stopping threads took: 0.0013960 seconds
197.767: Application time: 0.0431540 seconds
197.770: [GC197.770: [ParNew: 55871K->6206K(55872K), 0.0021590 secs] 122166K->73294K(182144K), 0.0022030 secs] [Times: user=0.01 sys=0.00, real=0.00 secs] 
197.772: Total time for which application threads were stopped: 0.0043460 seconds, Stopping threads took: 0.0020780 seconds
197.814: Application time: 0.0423090 seconds
197.816: [GC197.816: [ParNew: 55870K->6207K(55872K), 0.0024260 secs] 122958K->74907K(182144K), 0.0024710 secs] [Times: user=0.02 sys=0.00, real=0.00 secs] 
197.819: Total time for which application threads were stopped: 0.0048240 seconds, Stopping threads took: 0.0022860 seconds
197.862: Application time: 0.0429330 seconds
197.864: [GC197.864: [ParNew: 55871K->6207K(55872K), 0.0024690 secs] 124571K->76532K(182144K), 0.0025110 secs] [Times: user=0.02 sys=0.00, real=0.00 secs] 
197.867: Total time for which application threads were stopped: 0.0047480 seconds, Stopping threads took: 0.0021760 seconds
197.910: Application time: 0.0435930 seconds
197.912: [GC197.912: [ParNew: 55871K->6207K(55872K), 0.0021180 secs] 126196K->77057K(182144K), 0.0021630 secs] [Times: user=0.01 sys=0.00, real=0.01 secs] 
197.914: Total time for which application threads were stopped: 0.0040060 seconds, Stopping threads took: 0.0017790 seconds
197.960: Application time: 0.0458980 seconds
197.962: [GC197.962: [ParNew: 55871K->6206K(55872K), 0.0025000 secs] 126721K->78516K(182144K), 0.0025450 secs] [Times: user=0.02 sys=0.00, real=0.00 secs] 
197.965: Total time for which application threads were stopped: 0.0045930 seconds, Stopping threads took: 0.0019820 seconds
198.009: Application time: 0.0440030 seconds
198.011: [GC198.011: [ParNew: 55870K->6206K(55872K), 0.0023690 secs] 128180K->79988K(182144K), 0.0024100 secs] [Times: user=0.02 sys=0.00, real=0.00 secs] 
198.013: Total time for which application threads were stopped: 0.0042960 seconds, Stopping threads took: 0.0018160 seconds
198.058: Application time: 0.0450140 seconds
198.061: [GC198.061: [ParNew: 55870K->6207K(55872K), 0.0021450 secs] 129652K->80943K(182144K), 0.0021890 secs] [Times: user=0.01 sys=0.00, real=0.01 secs] 
198.063: Total time for which application threads were stopped: 0.0049720 seconds, Stopping threads took: 0.0027200 seconds
198.108: Application time: 0.0454880 seconds
198.111: [GC198.111: [ParNew: 55871K->6206K(55872K), 0.0021190 secs] 130607K->81630K(182144K), 0.0021610 secs] [Times: user=0.02 sys=0.00, real=0.00 secs] 
198.113: Total time for which application threads were stopped: 0.0045190 seconds, Stopping threads took: 0.0022950 seconds
198.159: Application time: 0.0464670 seconds
198.163: [GC198.163: [ParNew: 55870K->5895K(55872K), 0.0019480 secs] 131294K->81319K(182144K), 0.0019890 secs] [Times: user=0.02 sys=0.00, real=0.00 secs] 
198.165: Total time for which application threads were stopped: 0.0052710 seconds, Stopping threads took: 0.0032160 seconds
198.210: Application time: 0.0456420 seconds
198.213: [GC198.213: [ParNew: 55559K->5599K(55872K), 0.0018140 secs] 130983K->81023K(182144K), 0.0018570 secs] [Times: user=0.01 sys=0.00, real=0.01 secs] 
198.215: Total time for which application threads were stopped: 0.0042820 seconds, Stopping threads took: 0.0023600 seconds
198.258: Application time: 0.0436230 seconds
198.261: [GC198.261: [ParNew: 55263K->6207K(55872K), 0.0020550 secs] 130687K->82044K(182144K), 0.0021000 secs] [Times: user=0.01 sys=0.00, real=0.01 secs] 
198.263: Total time for which application threads were stopped: 0.0044040 seconds, Stopping threads took: 0.0022180 seconds
198.308: Application time: 0.0449930 seconds
198.310: [GC198.310: [ParNew: 55871K->5602K(55872K), 0.0016970 secs] 131708K->81438K(182144K), 0.0017400 secs] [Times: user=0.01 sys=0.00, real=0.00 secs] 
198.312: Total time for which application threads were stopped: 0.0044640 seconds, Stopping threads took: 0.0026620 seconds
198.356: Application time: 0.0440090 seconds
198.358: [GC198.358: [ParNew: 55266K->6207K(55872K), 0.0020340 secs] 131102K->82411K(182144K), 0.0020830 secs] [Times: user=0.01 sys=0.00, real=0.00 secs] 
198.360: Total time for which application threads were stopped: 0.0036850 seconds, Stopping threads took: 0.0015390 seconds
198.404: Application time: 0.0439990 seconds
198.406: [GC198.406: [ParNew: 55871K->6206K(55872K), 0.0023250 secs] 132075K->83631K(182144K), 0.0023700 secs] [Times: user=0.02 sys=0.00, real=0.00 secs] 
198.408: Total time for which application threads were stopped: 0.0044380 seconds, Stopping threads took: 0.0020050 seconds
198.452: Application time: 0.0442000 seconds
198.455: [GC198.455: [ParNew: 55870K->6207K(55872K), 0.0023180 secs] 133295K->84775K(182144K), 0.0023650 secs] [Times: user=0.01 sys=0.00, real=0.00 secs] 
198.457: Total time for which application threads were stopped: 0.0046710 seconds, Stopping threads took: 0.0022380 seconds
198.504: Application time: 0.0467620 seconds
198.507: [GC198.507: [ParNew: 55871K->5542K(55872K), 0.0018000 secs] 134439K->84110K(182144K), 0.0018420 secs] [Times: user=0.02 sys=0.00, real=0.00 secs] 
198.508: Total time for which application threads were stopped: 0.0045320 seconds, Stopping threads took: 0.0026260 seconds
198.552: Application time: 0.0437800 seconds
198.554: [GC198.554: [ParNew: 55206K->6207K(55872K), 0.0021820 secs] 133774K->85564K(182144K), 0.0022240 secs] [Times: user=0.01 sys=0.00, real=0.00 secs] 
198.556: Total time for which application threads were stopped: 0.0040390 seconds, Stopping threads took: 0.0017420 seconds
198.601: Application time: 0.0450500 seconds
198.603: [GC198.603: [ParNew: 55871K->5482K(55872K), 0.0018020 secs] 135228K->84868K(182144K), 0.0018430 secs] [Times: user=0.01 sys=0.00, real=0.00 secs] 
198.605: Total time for which application threads were stopped: 0.0036730 seconds, Stopping threads took: 0.0017460 seconds
198.651: Application time: 0.0457550 seconds
198.652: [GC198.652: [ParNew: 55146K->6103K(55872K), 0.0019410 secs] 134532K->85517K(182144K), 0.0019840 secs] [Times: user=0.01 sys=0.00, real=0.01 secs] 
198.654: Total time for which application threads were stopped: 0.0037180 seconds, Stopping threads took: 0.0016690 seconds
198.700: Application time: 0.0451460 seconds
198.701: [GC198.701: [ParNew: 55767K->5534K(55872K), 0.0017040 secs] 135181K->84948K(182144K), 0.0017470 secs] [Times: user=0.01 sys=0.00, real=0.01 secs] 
198.703: Total time for which application threads were stopped: 0.0030410 seconds, Stopping threads took: 0.0012280 seconds
198.747: Application time: 0.0441090 seconds
198.749: [GC198.749: [ParNew: 55198K->6206K(55872K), 0.0020780 secs] 134612K->86128K(182144K), 0.0021220 secs] [Times: user=0.01 sys=0.00, real=0.00 secs] 
198.751: Total time for which application threads were stopped: 0.0045250 seconds, Stopping threads took: 0.0023390 seconds
198.797: Application time: 0.0456240 seconds
198.799: [GC198.799: [ParNew: 55870K->6207K(55872K), 0.0021210 secs] 135792K->86710K(182144K), 0.0021610 secs] [Times: user=0.01 sys=0.00, real=0.00 secs] 
198.801: Total time for which application threads were stopped: 0.0041720 seconds, Stopping threads took: 0.0019460 seconds
198.845: Application time: 0.0434900 seconds
198.847: [GC198.847: [ParNew: 55871K->6206K(55872K), 0.0023670 secs] 136374K->88157K(182144K), 0.0024100 secs] [Times: user=0.02 sys=0.00, real=0.00 secs] 
198.849: Total time for which application threads were stopped: 0.0047560 seconds, Stopping threads took: 0.0022810 seconds
198.894: Application time: 0.0441490 seconds
198.895: [GC198.895: [ParNew: 55870K->6207K(55872K), 0.0024070 secs] 137821K->89610K(182144K), 0.0024480 secs] [Times: user=0.01 sys=0.00, real=0.00 secs] 
198.898: Total time for which application threads were stopped: 0.0041170 seconds, Stopping threads took: 0.0016040 seconds
198.942: Application time: 0.0441710 seconds
198.943: [GC198.943: [ParNew: 55871K->6138K(55872K), 0.0019150 secs] 139274K->89570K(182144K), 0.0019610 secs] [Times: user=0.01 sys=0.00, real=0.00 secs] 
198.945: Total time for which application threads were stopped: 0.0034050 seconds, Stopping threads took: 0.0013770 seconds
198.990: Application time: 0.0445670 seconds
198.991: [GC198.991: [ParNew: 55802K->6207K(55872K), 0.0020970 secs] 139234K->90063K(182144K), 0.0021490 secs] [Times: user=0.01 sys=0.01, real=0.01 secs] 
198.994: Total time for which application threads were stopped: 0.0037740 seconds, Stopping threads took: 0.0015600 seconds
199.038: Application time: 0.0441670 seconds
199.040: [GC199.040: [ParNew: 55871K->5675K(55872K), 0.0017230 secs] 139727K->89531K(182144K), 0.0017650 secs] [Times: user=0.01 sys=0.00, real=0.01 secs] 
199.042: Total time for which application threads were stopped: 0.0039840 seconds, Stopping threads took: 0.0021520 seconds
199.087: Application time: 0.0448900 seconds
199.089: [GC199.089: [ParNew: 55339K->6206K(55872K), 0.0020950 secs] 139195K->90514K(182144K), 0.0021400 secs] [Times: user=0.01 sys=0.00, real=0.00 secs] 
199.091: Total time for which application threads were stopped: 0.0041820 seconds, Stopping threads took: 0.0019690 seconds
199.134: Application time: 0.0436080 seconds
199.137: [GC199.137: [ParNew: 55870K->6010K(55872K), 0.0017890 secs] 140178K->90347K(182144K), 0.0018340 secs] [Times: user=0.02 sys=0.00, real=0.00 secs] 
199.138: Total time for which application threads were stopped: 0.0040800 seconds, Stopping threads took: 0.0021810 seconds
199.184: Application time: 0.0454270 seconds
199.186: [GC199.186: [ParNew: 55674K->6206K(55872K), 0.0021460 secs] 140011K->91273K(182144K), 0.0021910 secs] [Times: user=0.01 sys=0.00, real=0.00 secs] 
199.188: Total time for which application threads were stopped: 0.0043210 seconds, Stopping threads took: 0.0020440 seconds
199.235: Application time: 0.0465150 seconds
199.235: [GC199.235: [ParNew: 55870K->4627K(55872K), 0.0015800 secs] 140937K->89694K(182144K), 0.0016170 secs] [Times: user=0.01 sys=0.00, real=0.00 secs] 
199.237: Total time for which application threads were stopped: 0.0020470 seconds, Stopping threads took: 0.0003590 seconds
199.282: Application time: 0.0449090 seconds
199.284: [GC199.284: [ParNew: 54291K->6098K(55872K), 0.0019610 secs] 139358K->91193K(182144K), 0.0020020 secs] [Times: user=0.01 sys=0.00, real=0.00 secs] 
199.286: Total time for which application threads were stopped: 0.0043250 seconds, Stopping threads took: 0.0022600 seconds
199.329: Application time: 0.0427970 seconds
199.332: [GC199.332: [ParNew: 55762K->6206K(55872K), 0.0022920 secs] 140857K->92451K(182144K), 0.0023410 secs] [Times: user=0.02 sys=0.00, real=0.01 secs] 
199.334: Total time for which application threads were stopped: 0.0050460 seconds, Stopping threads took: 0.0026410 seconds
199.380: Application time: 0.0462960 seconds
199.382: [GC199.382: [ParNew: 55870K->6207K(55872K), 0.0022330 secs] 142115K->93368K(182144K), 0.0022750 secs] [Times: user=0.02 sys=0.00, real=0.00 secs] 
199.384: Total time for which application threads were stopped: 0.0039120 seconds, Stopping threads took: 0.0015750 seconds
199.428: Application time: 0.0435450 seconds
199.429: [GC199.429: [ParNew: 55871K->6207K(55872K), 0.0021050 secs] 143032K->94128K(182144K), 0.0021480 secs] [Times: user=0.02 sys=0.00, real=0.00 secs] 
199.431: Total time for which application threads were stopped: 0.0037780 seconds, Stopping threads took: 0.0015670 seconds
199.477: Application time: 0.0456510 seconds
199.479: [GC199.479: [ParNew: 55871K->6207K(55872K), 0.0023990 secs] 143792K->95785K(182144K), 0.0024420 secs] [Times: user=0.01 sys=0.00, real=0.01 secs] 
199.482: Total time for which application threads were stopped: 0.0046530 seconds, Stopping threads took: 0.0021440 seconds
199.530: Application time: 0.0479050 seconds
199.531: [GC199.531: [ParNew: 55871K->6206K(55872K), 0.0024280 secs] 145449K->97423K(182144K), 0.0024680 secs] [Times: user=0.01 sys=0.01, real=0.01 secs] 
199.534: Total time for which application threads were stopped: 0.0042220 seconds, Stopping threads took: 0.0016920 seconds
199.581: Application time: 0.0468960 seconds
199.582: [GC199.582: [ParNew: 55870K->5999K(55872K), 0.0019160 secs] 147087K->97216K(182144K), 0.0019630 secs] [Times: user=0.02 sys=0.00, real=0.00 secs] 
199.584: Total time for which application threads were stopped: 0.0035640 seconds, Stopping threads took: 0.0015380 seconds
199.631: Application time: 0.0471710 seconds
199.634: [GC199.634: [ParNew: 55663K->4709K(55872K), 0.0015050 secs] 146880K->95983K(182144K), 0.0015450 secs] [Times: user=0.01 sys=0.00, real=0.00 secs] 
199.635: Total time for which application threads were stopped: 0.0039960 seconds, Stopping threads took: 0.0023790 seconds
199.683: Application time: 0.0472900 seconds
199.684: [GC199.684: [ParNew: 54373K->5826K(55872K), 0.0020100 secs] 145647K->97100K(182144K), 0.0020470 secs] [Times: user=0.01 sys=0.00, real=0.00 secs] 
199.686: Total time for which application threads were stopped: 0.0034550 seconds, Stopping threads took: 0.0013360 seconds
199.731: Application time: 0.0452580 seconds
199.733: [GC199.733: [ParNew: 55490K->6206K(55872K), 0.0020400 secs] 146764K->97663K(182144K), 0.0020830 secs] [Times: user=0.01 sys=0.00, real=0.01 secs] 
199.735: Total time for which application threads were stopped: 0.0033650 seconds, Stopping threads took: 0.0012170 seconds
199.780: Application time: 0.0449410 seconds
199.782: [GC199.782: [ParNew: 55870K->5938K(55872K), 0.0017870 secs] 147327K->97423K(182144K), 0.0018250 secs] [Times: user=0.01 sys=0.00, real=0.00 secs] 
199.783: Total time for which application threads were stopped: 0.0035710 seconds, Stopping threads took: 0.0016830 seconds
199.825: Application time: 0.0418520 seconds
199.828: [GC199.828: [ParNew: 55602K->6207K(55872K), 0.0023920 secs] 147087K->99218K(182144K), 0.0024340 secs] [Times: user=0.01 sys=0.00, real=0.00 secs] 
199.830: Total time for which application threads were stopped: 0.0049600 seconds, Stopping threads took: 0.0024400 seconds
199.878: Application time: 0.0481210 seconds
199.880: [GC199.880: [ParNew: 55871K->5632K(55872K), 0.0018070 secs] 148882K->98721K(182144K), 0.0018470 secs] [Times: user=0.01 sys=0.00, real=0.01 secs] 
199.882: Total time for which application threads were stopped: 0.0034420 seconds, Stopping threads took: 0.0015320 seconds
199.928: Application time: 0.0458050 seconds
199.930: [GC199.930: [ParNew: 55296K->6206K(55872K), 0.0022710 secs] 148385K->100545K(182144K), 0.0023160 secs] [Times: user=0.02 sys=0.00, real=0.00 secs] 
199.932: Total time for which application threads were stopped: 0.0046890 seconds, Stopping threads took: 0.0023060 seconds
199.979: Application time: 0.0466650 seconds
199.982: [GC199.982: [ParNew: 55870K->6207K(55872K), 0.0022900 secs] 150209K->101807K(182144K), 0.0023320 secs] [Times: user=0.02 sys=0.00, real=0.00 secs] 
199.984: Total time for which application threads were stopped: 0.0050860 seconds, Stopping threads took: 0.0026870 seconds
200.033: Application time: 0.0491710 seconds
200.036: [GC200.036: [ParNew: 55871K->6206K(55872K), 0.0020280 secs] 151471K->102050K(182144K), 0.0020740 secs] [Times: user=0.01 sys=0.00, real=0.00 secs] 
200.039: Total time for which application threads were stopped: 0.0053950 seconds, Stopping threads took: 0.0032520 seconds
200.086: Application time: 0.0474910 seconds
200.088: [GC200.088: [ParNew: 55870K->5422K(55872K), 0.0017770 secs] 151714K->101265K(182144K), 0.0018210 secs] [Times: user=0.01 sys=0.00, real=0.00 secs] 
200.090: Total time for which application threads were stopped: 0.0037670 seconds, Stopping threads took: 0.0018710 seconds
200.137: Application time: 0.0475940 seconds
200.141: [GC200.141: [ParNew: 55086K->5952K(55872K), 0.0018980 secs] 150929K->101852K(182144K), 0.0019420 secs] [Times: user=0.01 sys=0.00, real=0.01 secs] 
200.143: Total time for which application threads were stopped: 0.0050620 seconds, Stopping threads took: 0.0030460 seconds
200.190: Application time: 0.0473530 seconds
200.192: [GC200.192: [ParNew: 55616K->5609K(55872K), 0.0017530 secs] 151516K->101509K(182144K), 0.0017930 secs] [Times: user=0.02 sys=0.00, real=0.01 secs] 
200.194: Total time for which application threads were stopped: 0.0036570 seconds, Stopping threads took: 0.0018010 seconds
200.241: Application time: 0.0470290 seconds
200.243: [GC200.243: [ParNew: 55273K->5632K(55872K), 0.0019340 secs] 151173K->101533K(182144K), 0.0019820 secs] [Times: user=0.01 sys=0.00, real=0.00 secs] 
200.245: Total time for which application threads were stopped: 0.0048520 seconds, Stopping threads took: 0.0027990 seconds
200.295: Application time: 0.0491920 seconds
200.296: [GC200.296: [ParNew: 55296K->5955K(55872K), 0.0020430 secs] 151197K->101855K(182144K), 0.0020870 secs] [Times: user=0.01 sys=0.00, real=0.00 secs] 
200.298: Total time for which application threads were stopped: 0.0038980 seconds, Stopping threads took: 0.0017230 seconds
200.346: Application time: 0.0475150 seconds
200.348: [GC200.348: [ParNew: 55619K->6103K(55872K), 0.0019770 secs] 151519K->102032K(182144K), 0.0020200 secs] [Times: user=0.01 sys=0.00, real=0.00 secs] 
200.350: Total time for which application threads were stopped: 0.0043060 seconds, Stopping threads took: 0.0022210 seconds
200.398: Application time: 0.0475260 seconds
200.399: [GC200.399: [ParNew: 55767K->5323K(55872K), 0.0016280 secs] 151696K->101252K(182144K), 0.0016690 secs] [Times: user=0.02 sys=0.00, real=0.00 secs] 
200.401: Total time for which application threads were stopped: 0.0030790 seconds, Stopping threads took: 0.0013240 seconds
200.449: Application time: 0.0481720 seconds
200.451: [GC200.451: [ParNew: 54987K->6206K(55872K), 0.0020810 secs] 150916K->102353K(182144K), 0.0021250 secs] [Times: user=0.01 sys=0.00, real=0.00 secs] 
200.453: Total time for which application threads were stopped: 0.0036550 seconds, Stopping threads took: 0.0014620 seconds
200.500: Application time: 0.0475430 seconds
200.502: [GC200.502: [ParNew: 55870K->5741K(55872K), 0.0017940 secs] 152017K->101887K(182144K), 0.0018410 secs] [Times: user=0.01 sys=0.00, real=0.00 secs] 
200.504: Total time for which application threads were stopped: 0.0035910 seconds, Stopping threads took: 0.0016580 seconds
200.553: Application time: 0.0486330 seconds
200.554: [GC200.554: [ParNew: 55405K->6207K(55872K), 0.0022760 secs] 151551K->103208K(182144K), 0.0023170 secs] [Times: user=0.02 sys=0.00, real=0.00 secs] 
200.557: Total time for which application threads were stopped: 0.0041610 seconds, Stopping threads took: 0.0017700 seconds
200.604: Application time: 0.0469540 seconds
200.605: [GC200.605: [ParNew: 55871K->5994K(55872K), 0.0019160 secs] 152872K->103024K(182144K), 0.0019580 secs] [Times: user=0.00 sys=0.00, real=0.00 secs] 
200.607: Total time for which application threads were stopped: 0.0036200 seconds, Stopping threads took: 0.0015990 seconds
200.654: Application time: 0.0469720 seconds
200.656: [GC200.656: [ParNew: 55658K->6206K(55872K), 0.0023050 secs] 152688K->104110K(182144K), 0.0023510 secs] [Times: user=0.02 sys=0.00, real=0.00 secs] 
200.659: Total time for which application threads were stopped: 0.0045990 seconds, Stopping threads took: 0.0021740 seconds
200.707: Application time: 0.0479110 seconds
200.708: [GC200.708: [ParNew: 55870K->6055K(55872K), 0.0018730 secs] 153774K->104016K(182144K), 0.0019200 secs] [Times: user=0.02 sys=0.00, real=0.00 secs] 
200.710: Total time for which application threads were stopped: 0.0036380 seconds, Stopping threads took: 0.0016510 seconds
200.761: Application time: 0.0501800 seconds
200.763: [GC200.763: [ParNew: 55719K->4200K(55872K), 0.0013150 secs] 153680K->102161K(182144K), 0.0013550 secs] [Times: user=0.01 sys=0.00, real=0.00 secs] 
200.765: Total time for which application threads were stopped: 0.0040750 seconds, Stopping threads took: 0.0026620 seconds
200.813: Application time: 0.0487800 seconds
200.815: [GC200.815: [ParNew: 53864K->6207K(55872K), 0.0018990 secs] 151825K->104188K(182144K), 0.0019410 secs] [Times: user=0.02 sys=0.00, real=0.00 secs] 
200.817: Total time for which application threads were stopped: 0.0036650 seconds, Stopping threads took: 0.0016590 seconds
200.866: Application time: 0.0488370 seconds
200.868: [GC200.868: [ParNew: 55871K->6062K(55872K), 0.0018200 secs] 153852K->104071K(182144K), 0.0018650 secs] [Times: user=0.01 sys=0.00, real=0.00 secs] 
200.870: Total time for which application threads were stopped: 0.0043190 seconds, Stopping threads took: 0.0023820 seconds
200.917: Application time: 0.0468300 seconds
200.919: [GC200.919: [ParNew: 55726K->6207K(55872K), 0.0021000 secs] 153735K->104738K(182144K), 0.0021430 secs] [Times: user=0.02 sys=0.00, real=0.00 secs] 
200.921: Total time for which application threads were stopped: 0.0040420 seconds, Stopping threads took: 0.0018330 seconds
200.971: Application time: 0.0497910 seconds
200.974: [GC200.974: [ParNew: 55871K->5521K(55872K), 0.0019360 secs] 154402K->104138K(182144K), 0.0019780 secs] [Times: user=0.01 sys=0.00, real=0.00 secs] 
200.976: Total time for which application threads were stopped: 0.0046450 seconds, Stopping threads took: 0.0026010 seconds
201.024: Application time: 0.0479300 seconds
201.024: [GC201.024: [ParNew: 55185K->6206K(55872K), 0.0020200 secs] 153802K->104829K(182144K), 0.0020630 secs] [Times: user=0.01 sys=0.00, real=0.00 secs] 
201.026: Total time for which application threads were stopped: 0.0026900 seconds, Stopping threads took: 0.0005610 seconds
201.073: Application time: 0.0463440 seconds
201.075: [GC201.075: [ParNew: 55870K->6206K(55872K), 0.0023570 secs] 154493K->105700K(182144K), 0.0023990 secs] [Times: user=0.01 sys=0.00, real=0.00 secs] 
201.078: Total time for which application threads were stopped: 0.0050770 seconds, Stopping threads took: 0.0026100 seconds
201.127: Application time: 0.0491470 seconds
201.130: [GC201.130: [ParNew: 55870K->6022K(55872K), 0.0017830 secs] 155364K->105545K(182144K), 0.0018260 secs] [Times: user=0.02 sys=0.00, real=0.00 secs] 
201.132: Total time for which application threads were stopped: 0.0048090 seconds, Stopping threads took: 0.0029180 seconds
201.181: Application time: 0.0490180 seconds
201.181: [GC201.181: [ParNew: 55686K->5567K(55872K), 0.0018100 secs] 155209K->105089K(182144K), 0.0018520 secs] [Times: user=0.00 sys=0.01, real=0.01 secs] 
201.183: Total time for which application threads were stopped: 0.0023890 seconds, Stopping threads took: 0.0004620 seconds
201.231: Application time: 0.0476410 seconds
201.233: [GC201.233: [ParNew: 55231K->6076K(55872K), 0.0018490 secs] 154753K->105656K(182144K), 0.0018900 secs] [Times: user=0.01 sys=0.00, real=0.01 secs] 
201.235: Total time for which application threads were stopped: 0.0044890 seconds, Stopping threads took: 0.0025360 seconds
201.282: Application time: 0.0467270 seconds
201.284: [GC201.284: [ParNew: 55740K->6207K(55872K), 0.0022940 secs] 155320K->106722K(182144K), 0.0023380 secs] [Times: user=0.01 sys=0.00, real=0.00 secs] 
201.286: Total time for which application threads were stopped: 0.0041260 seconds, Stopping threads took: 0.0017230 seconds
201.335: Application time: 0.0488930 seconds
201.338: [GC201.338: [ParNew: 55871K->6160K(55872K), 0.0018920 secs] 156386K->106675K(182144K), 0.0019320 secs] [Times: user=0.01 sys=0.00, real=0.00 secs] 
201.340: Total time for which application threads were stopped: 0.0049030 seconds, Stopping threads took: 0.0028830 seconds
201.387: Application time: 0.0469190 seconds
201.389: [GC201.389: [ParNew: 55824K->6206K(55872K), 0.0023110 secs] 156339K->107847K(182144K), 0.0023590 secs] [Times: user=0.02 sys=0.00, real=0.00 secs] 
201.391: Total time for which application threads were stopped: 0.0043610 seconds, Stopping threads took: 0.0019240 seconds
201.440: Application time: 0.0486000 seconds
201.441: [GC201.441: [ParNew: 55870K->5477K(55872K), 0.0017390 secs] 157511K->107147K(182144K), 0.0017760 secs] [Times: user=0.02 sys=0.00, real=0.01 secs] 
201.443: Total time for which application threads were stopped: 0.0032890 seconds, Stopping threads took: 0.0014500 seconds
201.490: Application time: 0.0472320 seconds
201.493: [GC201.493: [ParNew: 55141K->6207K(55872K), 0.0022810 secs] 156811K->109126K(182144K), 0.0023230 secs] [Times: user=0.01 sys=0.00, real=0.01 secs] 
201.495: Total time for which application threads were stopped: 0.0052810 seconds, Stopping threads took: 0.0028920 seconds
201.543: Application time: 0.0473740 seconds
201.545: [GC201.545: [ParNew: 55871K->5307K(55872K), 0.0018470 secs] 158790K->108282K(182144K), 0.0018990 secs] [Times: user=0.01 sys=0.00, real=0.00 secs] 
201.547: Total time for which application threads were stopped: 0.0037660 seconds, Stopping threads took: 0.0018010 seconds
201.593: Application time: 0.0466310 seconds
201.597: [GC201.597: [ParNew: 54971K->6207K(55872K), 0.0023560 secs] 157946K->110213K(182144K), 0.0024020 secs] [Times: user=0.02 sys=0.00, real=0.00 secs] 
201.599: Total time for which application threads were stopped: 0.0057400 seconds, Stopping threads took: 0.0032500 seconds
201.645: Application time: 0.0462990 seconds
201.648: [GC201.648: [ParNew: 55871K->6207K(55872K), 0.0023190 secs] 159877K->111092K(182144K), 0.0023620 secs] [Times: user=0.01 sys=0.00, real=0.00 secs] 
201.650: Total time for which application threads were stopped: 0.0046230 seconds, Stopping threads took: 0.0021950 seconds
201.698: Application time: 0.0481570 seconds
201.700: [GC201.700: [ParNew: 55871K->5057K(55872K), 0.0016640 secs] 160756K->109941K(182144K), 0.0017070 secs] [Times: user=0.01 sys=0.00, real=0.01 secs] 
201.702: Total time for which application threads were stopped: 0.0034750 seconds, Stopping threads took: 0.0016700 seconds
201.747: Application time: 0.0456190 seconds
201.750: [GC201.750: [ParNew: 54721K->6207K(55872K), 0.0025940 secs] 159605K->112811K(182144K), 0.0026400 secs] [Times: user=0.02 sys=0.00, real=0.00 secs] 
201.753: Total time for which application threads were stopped: 0.0055680 seconds, Stopping threads took: 0.0028490 seconds
201.800: Application time: 0.0476710 seconds
201.803: [GC201.803: [ParNew: 55871K->5783K(55872K), 0.0018490 secs] 162475K->112440K(182144K), 0.0018900 secs] [Times: user=0.01 sys=0.00, real=0.00 secs] 
201.805: Total time for which application threads were stopped: 0.0042110 seconds, Stopping threads took: 0.0022530 seconds
 CMS: abort preclean due to time 201.806: [CMS-concurrent-abortable-preclean: 0.251/5.024 secs] [Times: user=38.56 sys=0.13, real=5.02 secs] 
201.806: Application time: 0.0017110 seconds
201.809: [GC[YG occupancy: 9870 K (55872 K)]201.809: [Rescan (parallel) , 0.0001920 secs]201.809: [weak refs processing, 0.0000070 secs]201.809: [scrub string table, 0.0001170 secs] [1 CMS-remark: 106656K(126272K)] 116527K(182144K), 0.0003400 secs] [Times: user=0.00 sys=0.00, real=0.00 secs] 
201.809: Total time for which application threads were stopped: 0.0030800 seconds, Stopping threads took: 0.0027140 seconds
201.809: [CMS-concurrent-sweep-start]
201.816: [CMS-concurrent-sweep: 0.007/0.007 secs] [Times: user=0.03 sys=0.00, real=0.01 secs] 
201.816: [CMS-concurrent-reset-start]
201.816: [CMS-concurrent-reset: 0.000/0.000 secs] [Times: user=0.00 sys=0.00, real=0.00 secs] 
201.853: Application time: 0.0437650 seconds
201.856: [GC201.856: [ParNew: 55447K->6207K(55872K), 0.0023290 secs] 106946K->59157K(182144K), 0.0023740 secs] [Times: user=0.02 sys=0.00, real=0.00 secs] 
201.858: Total time for which application threads were stopped: 0.0048100 seconds, Stopping threads took: 0.0023670 seconds
201.861: Application time: 0.0034300 seconds
201.863: [GC [1 CMS-initial-mark: 52949K(126272K)] 63872K(182144K), 0.0003400 secs] [Times: user=0.00 sys=0.00, real=0.00 secs] 
201.863: Total time for which application threads were stopped: 0.0018020 seconds, Stopping threads took: 0.0014280 seconds
201.863: [CMS-concurrent-mark-start]
201.868: [CMS-concurrent-mark: 0.005/0.005 secs] [Times: user=0.02 sys=0.00, real=0.00 secs] 
201.868: [CMS-concurrent-preclean-start]
201.869: [CMS-concurrent-preclean: 0.000/0.000 secs] [Times: user=0.00 sys=0.00, real=0.00 secs] 
201.869: [CMS-concurrent-abortable-preclean-start]
201.907: Application time: 0.0437500 seconds
201.909: [GC201.909: [ParNew: 55871K->6207K(55872K), 0.0022860 secs] 108821K->60456K(182144K), 0.0023330 secs] [Times: user=0.01 sys=0.00, real=0.00 secs] 
201.912: Total time for which application threads were stopped: 0.0046680 seconds, Stopping threads took: 0.0022670 seconds
201.960: Application time: 0.0484260 seconds
201.963: [GC201.963: [ParNew: 55871K->6207K(55872K), 0.0019690 secs] 110120K->60890K(182144K), 0.0020200 secs] [Times: user=0.01 sys=0.00, real=0.00 secs] 
201.965: Total time for which application threads were stopped: 0.0049570 seconds, Stopping threads took: 0.0028720 seconds
202.012: Application time: 0.0466140 seconds
202.014: [GC202.014: [ParNew: 55871K->6207K(55872K), 0.0021770 secs] 110554K->61217K(182144K), 0.0022230 secs] [Times: user=0.01 sys=0.00, real=0.00 secs] 
202.016: Total time for which application threads were stopped: 0.0041850 seconds, Stopping threads took: 0.0018720 seconds
202.064: Application time: 0.0477970 seconds
202.067: [GC202.067: [ParNew: 55871K->6206K(55872K), 0.0023140 secs] 110881K->62408K(182144K), 0.0023590 secs] [Times: user=0.02 sys=0.00, real=0.00 secs] 
202.069: Total time for which application threads were stopped: 0.0054400 seconds, Stopping threads took: 0.0029940 seconds
202.115: Application time: 0.0462250 seconds
202.118: [GC202.118: [ParNew: 55870K->6206K(55872K), 0.0021770 secs] 112072K->63275K(182144K), 0.0022210 secs] [Times: user=0.01 sys=0.00, real=0.00 secs] 
202.120: Total time for which application threads were stopped: 0.0048210 seconds, Stopping threads took: 0.0025360 seconds
202.167: Application time: 0.0466410 seconds
202.169: [GC202.169: [ParNew: 55870K->6206K(55872K), 0.0023340 secs] 112939K->64139K(182144K), 0.0023790 secs] [Times: user=0.01 sys=0.00, real=0.00 secs] 
202.171: Total time for which application threads were stopped: 0.0045310 seconds, Stopping threads took: 0.0020860 seconds
202.219: Application time: 0.0474450 seconds
202.222: [GC202.222: [ParNew: 55870K->6206K(55872K), 0.0023200 secs] 113803K->65076K(182144K), 0.0023640 secs] [Times: user=0.02 sys=0.00, real=0.00 secs] 
202.224: Total time for which application threads were stopped: 0.0056350 seconds, Stopping threads took: 0.0031960 seconds
202.273: Application time: 0.0481500 seconds
202.274: [GC202.275: [ParNew: 55870K->6207K(55872K), 0.0020500 secs] 114740K->65508K(182144K), 0.0020930 secs] [Times: user=0.01 sys=0.00, real=0.00 secs] 
202.277: Total time for which application threads were stopped: 0.0040340 seconds, Stopping threads took: 0.0018760 seconds
202.324: Application time: 0.0469610 seconds
202.325: [GC202.325: [ParNew: 55871K->6207K(55872K), 0.0022570 secs] 115172K->66445K(182144K), 0.0023020 secs] [Times: user=0.01 sys=0.01, real=0.00 secs] 
202.328: Total time for which application threads were stopped: 0.0040210 seconds, Stopping threads took: 0.0016520 seconds
202.375: Application time: 0.0469520 seconds
202.376: [GC202.376: [ParNew: 55871K->6206K(55872K), 0.0022690 secs] 116109K->67442K(182144K), 0.0023140 secs] [Times: user=0.02 sys=0.00, real=0.00 secs] 
202.378: Total time for which application threads were stopped: 0.0038660 seconds, Stopping threads took: 0.0014850 seconds
202.425: Application time: 0.0470600 seconds
202.428: [GC202.428: [ParNew: 55870K->6206K(55872K), 0.0022680 secs] 117106K->68452K(182144K), 0.0023120 secs] [Times: user=0.02 sys=0.00, real=0.00 secs] 
202.430: Total time for which application threads were stopped: 0.0049620 seconds, Stopping threads took: 0.0025840 seconds
202.478: Application time: 0.0479950 seconds
202.480: [GC202.480: [ParNew: 55870K->5734K(55872K), 0.0018310 secs] 118116K->68004K(182144K), 0.0018700 secs] [Times: user=0.02 sys=0.00, real=0.01 secs] 
202.482: Total time for which application threads were stopped: 0.0034750 seconds, Stopping threads took: 0.0015320 seconds
202.530: Application time: 0.0475990 seconds
202.532: [GC202.532: [ParNew: 55398K->6198K(55872K), 0.0019590 secs] 117668K->68468K(182144K), 0.0020040 secs] [Times: user=0.02 sys=0.00, real=0.01 secs] 
202.534: Total time for which application threads were stopped: 0.0040400 seconds, Stopping threads took: 0.0019460 seconds
202.583: Application time: 0.0492960 seconds
202.584: [GC202.584: [ParNew: 55862K->6206K(55872K), 0.0110690 secs] 118132K->68515K(182144K), 0.0111100 secs] [Times: user=0.08 sys=0.00, real=0.01 secs] 
202.595: Total time for which application threads were stopped: 0.0118160 seconds, Stopping threads took: 0.0006230 seconds
202.645: Application time: 0.0503830 seconds
202.646: [GC202.646: [ParNew: 55869K->6206K(55872K), 0.0021780 secs] 118177K->68969K(182144K), 0.0022210 secs] [Times: user=0.02 sys=0.00, real=0.00 secs] 
202.649: Total time for which application threads were stopped: 0.0034550 seconds, Stopping threads took: 0.0011660 seconds
202.699: Application time: 0.0509900 seconds
202.702: [GC202.702: [ParNew: 55870K->3907K(55872K), 0.0013940 secs] 118633K->66699K(182144K), 0.0014290 secs] [Times: user=0.01 sys=0.00, real=0.00 secs] 
202.703: Total time for which application threads were stopped: 0.0035600 seconds, Stopping threads took: 0.0020670 seconds
202.751: Application time: 0.0479260 seconds
202.754: [GC202.754: [ParNew: 53571K->6207K(55872K), 0.0021650 secs] 116363K->69723K(182144K), 0.0022110 secs] [Times: user=0.02 sys=0.00, real=0.00 secs] 
202.756: Total time for which application threads were stopped: 0.0053750 seconds, Stopping threads took: 0.0030890 seconds
202.803: Application time: 0.0467650 seconds
202.805: [GC202.805: [ParNew: 55871K->6207K(55872K), 0.0021550 secs] 119387K->70408K(182144K), 0.0022040 secs] [Times: user=0.02 sys=0.00, real=0.00 secs] 
202.807: Total time for which application threads were stopped: 0.0041760 seconds, Stopping threads took: 0.0019040 seconds
202.853: Application time: 0.0452130 seconds
202.855: [GC202.855: [ParNew: 55871K->6206K(55872K), 0.0025070 secs] 120072K->71900K(182144K), 0.0025540 secs] [Times: user=0.02 sys=0.00, real=0.00 secs] 
202.858: Total time for which application threads were stopped: 0.0050820 seconds, Stopping threads took: 0.0024380 seconds
202.907: Application time: 0.0492050 seconds
202.910: [GC202.910: [ParNew: 55870K->6206K(55872K), 0.0020160 secs] 121564K->72230K(182144K), 0.0020620 secs] [Times: user=0.02 sys=0.00, real=0.00 secs] 
202.912: Total time for which application threads were stopped: 0.0052930 seconds, Stopping threads took: 0.0031620 seconds
202.958: Application time: 0.0454460 seconds
202.960: [GC202.960: [ParNew: 55870K->6206K(55872K), 0.0023650 secs] 121894K->73480K(182144K), 0.0024090 secs] [Times: user=0.02 sys=0.00, real=0.01 secs] 
202.963: Total time for which application threads were stopped: 0.0052730 seconds, Stopping threads took: 0.0027980 seconds
203.010: Application time: 0.0468050 seconds
203.011: [GC203.011: [ParNew: 55870K->6206K(55872K), 0.0019610 secs] 123144K->73720K(182144K), 0.0020030 secs] [Times: user=0.01 sys=0.00, real=0.00 secs] 
203.013: Total time for which application threads were stopped: 0.0033720 seconds, Stopping threads took: 0.0013030 seconds
203.062: Application time: 0.0487620 seconds
203.064: [GC203.064: [ParNew: 55870K->6206K(55872K), 0.0020780 secs] 123384K->74036K(182144K), 0.0021210 secs] [Times: user=0.02 sys=0.00, real=0.00 secs] 
203.066: Total time for which application threads were stopped: 0.0046350 seconds, Stopping threads took: 0.0024480 seconds
203.115: Application time: 0.0487360 seconds
203.117: [GC203.117: [ParNew: 55870K->6090K(55872K), 0.0019200 secs] 123700K->73920K(182144K), 0.0019660 secs] [Times: user=0.01 sys=0.00, real=0.00 secs] 
203.119: Total time for which application threads were stopped: 0.0038000 seconds, Stopping threads took: 0.0017640 seconds
203.166: Application time: 0.0469510 seconds
203.168: [GC203.168: [ParNew: 55754K->6207K(55872K), 0.0021900 secs] 123584K->74866K(182144K), 0.0022410 secs] [Times: user=0.02 sys=0.00, real=0.00 secs] 
203.171: Total time for which application threads were stopped: 0.0047160 seconds, Stopping threads took: 0.0024080 seconds
203.219: Application time: 0.0486050 seconds
203.222: [GC203.222: [ParNew: 55871K->6206K(55872K), 0.0021530 secs] 124530K->75286K(182144K), 0.0021960 secs] [Times: user=0.02 sys=0.00, real=0.00 secs] 
203.224: Total time for which application threads were stopped: 0.0045170 seconds, Stopping threads took: 0.0022600 seconds
203.271: Application time: 0.0473480 seconds
203.273: [GC203.273: [ParNew: 55870K->6206K(55872K), 0.0021190 secs] 124950K->75787K(182144K), 0.0021650 secs] [Times: user=0.02 sys=0.00, real=0.01 secs] 
203.275: Total time for which application threads were stopped: 0.0038020 seconds, Stopping threads took: 0.0015640 seconds
203.324: Application time: 0.0490260 seconds
203.326: [GC203.326: [ParNew: 55870K->6206K(55872K), 0.0019960 secs] 125451K->75892K(182144K), 0.0020350 secs] [Times: user=0.02 sys=0.00, real=0.00 secs] 
203.328: Total time for which application threads were stopped: 0.0044080 seconds, Stopping threads took: 0.0023080 seconds
203.377: Application time: 0.0489650 seconds
203.379: [GC203.379: [ParNew: 55870K->6207K(55872K), 0.0020580 secs] 125556K->75940K(182144K), 0.0021060 secs] [Times: user=0.02 sys=0.00, real=0.01 secs] 
203.382: Total time for which application threads were stopped: 0.0042790 seconds, Stopping threads took: 0.0021060 seconds
203.429: Application time: 0.0473460 seconds
203.431: [GC203.431: [ParNew: 55871K->6194K(55872K), 0.0020460 secs] 125603K->75983K(182144K), 0.0020910 secs] [Times: user=0.01 sys=0.00, real=0.00 secs] 
203.433: Total time for which application threads were stopped: 0.0043920 seconds, Stopping threads took: 0.0022130 seconds
203.482: Application time: 0.0487590 seconds
203.485: [GC203.485: [ParNew: 55858K->4944K(55872K), 0.0016210 secs] 125647K->74734K(182144K), 0.0016590 secs] [Times: user=0.02 sys=0.00, real=0.00 secs] 
203.486: Total time for which application threads were stopped: 0.0042200 seconds, Stopping threads took: 0.0024730 seconds
203.532: Application time: 0.0457480 seconds
203.535: [GC203.535: [ParNew: 54608K->6207K(55872K), 0.0024750 secs] 124398K->77625K(182144K), 0.0025210 secs] [Times: user=0.01 sys=0.00, real=0.00 secs] 
203.537: Total time for which application threads were stopped: 0.0052520 seconds, Stopping threads took: 0.0026520 seconds
203.585: Application time: 0.0477230 seconds
203.587: [GC203.587: [ParNew: 55871K->6206K(55872K), 0.0021610 secs] 127289K->78153K(182144K), 0.0022010 secs] [Times: user=0.01 sys=0.00, real=0.00 secs] 
203.589: Total time for which application threads were stopped: 0.0044040 seconds, Stopping threads took: 0.0021380 seconds
203.636: Application time: 0.0467050 seconds
203.638: [GC203.638: [ParNew: 55870K->6207K(55872K), 0.0021470 secs] 127817K->78498K(182144K), 0.0021920 secs] [Times: user=0.01 sys=0.00, real=0.00 secs] 
203.640: Total time for which application threads were stopped: 0.0041930 seconds, Stopping threads took: 0.0019360 seconds
203.687: Application time: 0.0463300 seconds
203.689: [GC203.689: [ParNew: 55871K->6207K(55872K), 0.0023620 secs] 128162K->79721K(182144K), 0.0024050 secs] [Times: user=0.02 sys=0.00, real=0.00 secs] 
203.691: Total time for which application threads were stopped: 0.0045610 seconds, Stopping threads took: 0.0020890 seconds
203.739: Application time: 0.0475330 seconds
203.741: [GC203.741: [ParNew: 55871K->6207K(55872K), 0.0022190 secs] 129385K->80640K(182144K), 0.0022670 secs] [Times: user=0.01 sys=0.00, real=0.01 secs] 
203.743: Total time for which application threads were stopped: 0.0040020 seconds, Stopping threads took: 0.0016670 seconds
203.789: Application time: 0.0462260 seconds
203.791: [GC203.791: [ParNew: 55871K->6206K(55872K), 0.0022390 secs] 130304K->81622K(182144K), 0.0022840 secs] [Times: user=0.02 sys=0.00, real=0.01 secs] 
203.794: Total time for which application threads were stopped: 0.0044940 seconds, Stopping threads took: 0.0021380 seconds
203.842: Application time: 0.0483830 seconds
203.843: [GC203.843: [ParNew: 55870K->6207K(55872K), 0.0022140 secs] 131286K->82527K(182144K), 0.0022590 secs] [Times: user=0.02 sys=0.00, real=0.00 secs] 
203.846: Total time for which application threads were stopped: 0.0036280 seconds, Stopping threads took: 0.0013040 seconds
203.890: Application time: 0.0447500 seconds
203.892: [GC203.892: [ParNew: 55871K->6207K(55872K), 0.0020590 secs] 132191K->83000K(182144K), 0.0021000 secs] [Times: user=0.01 sys=0.00, real=0.01 secs] 
203.895: Total time for which application threads were stopped: 0.0042900 seconds, Stopping threads took: 0.0021260 seconds
203.940: Application time: 0.0457190 seconds
203.942: [GC203.942: [ParNew: 55871K->5226K(55872K), 0.0016540 secs] 132664K->82018K(182144K), 0.0016970 secs] [Times: user=0.01 sys=0.00, real=0.00 secs] 
203.944: Total time for which application threads were stopped: 0.0035560 seconds, Stopping threads took: 0.0017970 seconds
203.988: Application time: 0.0442280 seconds
203.990: [GC203.990: [ParNew: 54890K->6206K(55872K), 0.0021380 secs] 131682K->83920K(182144K), 0.0021840 secs] [Times: user=0.01 sys=0.00, real=0.00 secs] 
203.992: Total time for which application threads were stopped: 0.0041480 seconds, Stopping threads took: 0.0018970 seconds
204.037: Application time: 0.0448770 seconds
204.039: [GC204.039: [ParNew: 55870K->6206K(55872K), 0.0022210 secs] 133584K->84857K(182144K), 0.0022620 secs] [Times: user=0.02 sys=0.01, real=0.00 secs] 
204.041: Total time for which application threads were stopped: 0.0040290 seconds, Stopping threads took: 0.0017010 seconds
204.087: Application time: 0.0454810 seconds
204.089: [GC204.089: [ParNew: 55870K->6207K(55872K), 0.0020910 secs] 134521K->85253K(182144K), 0.0021350 secs] [Times: user=0.01 sys=0.00, real=0.00 secs] 
204.091: Total time for which application threads were stopped: 0.0048310 seconds, Stopping threads took: 0.0026290 seconds
204.136: Application time: 0.0441180 seconds
204.138: [GC204.138: [ParNew: 55871K->5858K(55872K), 0.0018620 secs] 134917K->84933K(182144K), 0.0019030 secs] [Times: user=0.01 sys=0.00, real=0.00 secs] 
204.140: Total time for which application threads were stopped: 0.0041800 seconds, Stopping threads took: 0.0021900 seconds
204.184: Application time: 0.0438330 seconds
204.185: [GC204.186: [ParNew: 55522K->6207K(55872K), 0.0024140 secs] 134597K->86674K(182144K), 0.0024560 secs] [Times: user=0.01 sys=0.00, real=0.00 secs] 
204.188: Total time for which application threads were stopped: 0.0043510 seconds, Stopping threads took: 0.0018120 seconds
204.234: Application time: 0.0457970 seconds
204.236: [GC204.236: [ParNew: 55871K->6207K(55872K), 0.0019410 secs] 136338K->86814K(182144K), 0.0019840 secs] [Times: user=0.01 sys=0.00, real=0.00 secs] 
204.238: Total time for which application threads were stopped: 0.0042710 seconds, Stopping threads took: 0.0022210 seconds
204.282: Application time: 0.0436810 seconds
204.283: [GC204.283: [ParNew: 55871K->6137K(55872K), 0.0019900 secs] 136478K->86801K(182144K), 0.0020350 secs] [Times: user=0.01 sys=0.00, real=0.00 secs] 
204.286: Total time for which application threads were stopped: 0.0038110 seconds, Stopping threads took: 0.0017110 seconds
204.331: Application time: 0.0455610 seconds
204.333: [GC204.333: [ParNew: 55801K->6206K(55872K), 0.0022500 secs] 136465K->87706K(182144K), 0.0022990 secs] [Times: user=0.02 sys=0.00, real=0.01 secs] 
204.335: Total time for which application threads were stopped: 0.0040550 seconds, Stopping threads took: 0.0016600 seconds
204.378: Application time: 0.0427550 seconds
204.380: [GC204.380: [ParNew: 55870K->6207K(55872K), 0.0022150 secs] 137370K->88546K(182144K), 0.0022580 secs] [Times: user=0.02 sys=0.00, real=0.01 secs] 
204.382: Total time for which application threads were stopped: 0.0043990 seconds, Stopping threads took: 0.0020770 seconds
204.426: Application time: 0.0436010 seconds
204.428: [GC204.428: [ParNew: 55871K->6207K(55872K), 0.0022160 secs] 138210K->89431K(182144K), 0.0022620 secs] [Times: user=0.02 sys=0.00, real=0.00 secs] 
204.430: Total time for which application threads were stopped: 0.0043870 seconds, Stopping threads took: 0.0020430 seconds
204.473: Application time: 0.0424030 seconds
204.475: [GC204.475: [ParNew: 55871K->6206K(55872K), 0.0021470 secs] 139095K->90277K(182144K), 0.0021890 secs] [Times: user=0.02 sys=0.00, real=0.00 secs] 
204.477: Total time for which application threads were stopped: 0.0045730 seconds, Stopping threads took: 0.0023110 seconds
204.522: Application time: 0.0445560 seconds
204.524: [GC204.524: [ParNew: 55870K->6207K(55872K), 0.0024750 secs] 139941K->91902K(182144K), 0.0025190 secs] [Times: user=0.02 sys=0.00, real=0.00 secs] 
204.526: Total time for which application threads were stopped: 0.0044570 seconds, Stopping threads took: 0.0018640 seconds
204.571: Application time: 0.0443260 seconds
204.573: [GC204.573: [ParNew: 55871K->6207K(55872K), 0.0023250 secs] 141566K->93311K(182144K), 0.0023700 secs] [Times: user=0.01 sys=0.00, real=0.01 secs] 
204.575: Total time for which application threads were stopped: 0.0046290 seconds, Stopping threads took: 0.0021940 seconds
204.620: Application time: 0.0444360 seconds
204.621: [GC204.621: [ParNew: 55871K->6206K(55872K), 0.0023280 secs] 142975K->94534K(182144K), 0.0023720 secs] [Times: user=0.01 sys=0.00, real=0.01 secs] 
204.624: Total time for which application threads were stopped: 0.0040400 seconds, Stopping threads took: 0.0016010 seconds
204.666: Application time: 0.0424750 seconds
204.668: [GC204.668: [ParNew: 55870K->6206K(55872K), 0.0022700 secs] 144198K->95637K(182144K), 0.0023170 secs] [Times: user=0.02 sys=0.00, real=0.00 secs] 
204.671: Total time for which application threads were stopped: 0.0043910 seconds, Stopping threads took: 0.0020070 seconds
204.716: Application time: 0.0449110 seconds
204.718: [GC204.718: [ParNew: 55870K->6207K(55872K), 0.0023170 secs] 145301K->96683K(182144K), 0.0023580 secs] [Times: user=0.02 sys=0.00, real=0.00 secs] 
204.720: Total time for which application threads were stopped: 0.0046080 seconds, Stopping threads took: 0.0021640 seconds
204.764: Application time: 0.0438240 seconds
204.766: [GC204.766: [ParNew: 55871K->6206K(55872K), 0.0025140 secs] 146347K->98445K(182144K), 0.0025570 secs] [Times: user=0.01 sys=0.00, real=0.00 secs] 
204.768: Total time for which application threads were stopped: 0.0044220 seconds, Stopping threads took: 0.0017790 seconds
204.813: Application time: 0.0450160 seconds
204.815: [GC204.815: [ParNew: 55870K->6206K(55872K), 0.0024500 secs] 148109K->99876K(182144K), 0.0024950 secs] [Times: user=0.02 sys=0.00, real=0.00 secs] 
204.818: Total time for which application threads were stopped: 0.0045130 seconds, Stopping threads took: 0.0019540 seconds
204.861: Application time: 0.0432370 seconds
204.864: [GC204.864: [ParNew: 55870K->6207K(55872K), 0.0019640 secs] 149540K->100257K(182144K), 0.0020080 secs] [Times: user=0.01 sys=0.00, real=0.00 secs] 
204.866: Total time for which application threads were stopped: 0.0049370 seconds, Stopping threads took: 0.0028530 seconds
204.910: Application time: 0.0443070 seconds
204.912: [GC204.912: [ParNew: 55871K->6207K(55872K), 0.0024140 secs] 149921K->101617K(182144K), 0.0024570 secs] [Times: user=0.02 sys=0.00, real=0.01 secs] 
204.915: Total time for which application threads were stopped: 0.0042560 seconds, Stopping threads took: 0.0017350 seconds
204.958: Application time: 0.0429480 seconds
204.960: [GC204.960: [ParNew: 55871K->6206K(55872K), 0.0023440 secs] 151281K->102840K(182144K), 0.0023890 secs] [Times: user=0.02 sys=0.00, real=0.01 secs] 
204.962: Total time for which application threads were stopped: 0.0046170 seconds, Stopping threads took: 0.0021610 seconds
205.007: Application time: 0.0448800 seconds
205.008: [GC205.008: [ParNew: 55870K->6207K(55872K), 0.0023220 secs] 152504K->104148K(182144K), 0.0023660 secs] [Times: user=0.02 sys=0.00, real=0.00 secs] 
205.011: Total time for which application threads were stopped: 0.0036270 seconds, Stopping threads took: 0.0011950 seconds
205.058: Application time: 0.0469320 seconds
205.060: [GC205.060: [ParNew: 55871K->6206K(55872K), 0.0022550 secs] 153812K->105237K(182144K), 0.0022990 secs] [Times: user=0.01 sys=0.00, real=0.01 secs] 
205.062: Total time for which application threads were stopped: 0.0044200 seconds, Stopping threads took: 0.0020550 seconds
205.108: Application time: 0.0456550 seconds
205.110: [GC205.110: [ParNew: 55870K->6207K(55872K), 0.0022710 secs] 154901K->106193K(182144K), 0.0023190 secs] [Times: user=0.02 sys=0.00, real=0.00 secs] 
205.113: Total time for which application threads were stopped: 0.0048750 seconds, Stopping threads took: 0.0024860 seconds
205.158: Application time: 0.0458060 seconds
205.161: [GC205.161: [ParNew: 55871K->6206K(55872K), 0.0020560 secs] 155857K->106673K(182144K), 0.0021040 secs] [Times: user=0.01 sys=0.00, real=0.01 secs] 
205.163: Total time for which application threads were stopped: 0.0048580 seconds, Stopping threads took: 0.0026900 seconds
205.210: Application time: 0.0464990 seconds
205.212: [GC205.212: [ParNew: 55870K->5570K(55872K), 0.0018160 secs] 156337K->106037K(182144K), 0.0018590 secs] [Times: user=0.02 sys=0.00, real=0.01 secs] 
205.214: Total time for which application threads were stopped: 0.0037560 seconds, Stopping threads took: 0.0018300 seconds
205.259: Application time: 0.0455670 seconds
205.260: [GC205.260: [ParNew: 55234K->5133K(55872K), 0.0016170 secs] 155701K->105658K(182144K), 0.0016610 secs] [Times: user=0.01 sys=0.00, real=0.01 secs] 
205.262: Total time for which application threads were stopped: 0.0030120 seconds, Stopping threads took: 0.0012870 seconds
205.309: Application time: 0.0465650 seconds
205.311: [GC205.311: [ParNew: 54797K->5700K(55872K), 0.0018790 secs] 155322K->106281K(182144K), 0.0019180 secs] [Times: user=0.01 sys=0.00, real=0.00 secs] 
205.313: Total time for which application threads were stopped: 0.0038560 seconds, Stopping threads took: 0.0018760 seconds
205.359: Application time: 0.0459820 seconds
205.361: [GC205.361: [ParNew: 55364K->5480K(55872K), 0.0018200 secs] 155945K->106090K(182144K), 0.0018620 secs] [Times: user=0.01 sys=0.00, real=0.01 secs] 
205.363: Total time for which application threads were stopped: 0.0041400 seconds, Stopping threads took: 0.0021930 seconds
205.408: Application time: 0.0456210 seconds
205.410: [GC205.410: [ParNew: 55144K->5220K(55872K), 0.0016220 secs] 155754K->105830K(182144K), 0.0016600 secs] [Times: user=0.01 sys=0.00, real=0.00 secs] 
205.411: Total time for which application threads were stopped: 0.0029580 seconds, Stopping threads took: 0.0012260 seconds
205.455: Application time: 0.0441850 seconds
205.457: [GC205.457: [ParNew: 54884K->5709K(55872K), 0.0017530 secs] 155494K->106318K(182144K), 0.0018010 secs] [Times: user=0.01 sys=0.00, real=0.00 secs] 
205.459: Total time for which application threads were stopped: 0.0030910 seconds, Stopping threads took: 0.0012240 seconds
205.503: Application time: 0.0444370 seconds
205.505: [GC205.505: [ParNew: 55373K->6207K(55872K), 0.0022650 secs] 155982K->107839K(182144K), 0.0023100 secs] [Times: user=0.02 sys=0.00, real=0.00 secs] 
205.508: Total time for which application threads were stopped: 0.0046040 seconds, Stopping threads took: 0.0022260 seconds
205.551: Application time: 0.0437320 seconds
205.553: [GC205.553: [ParNew: 55871K->6206K(55872K), 0.0024150 secs] 157503K->108958K(182144K), 0.0024590 secs] [Times: user=0.02 sys=0.00, real=0.01 secs] 
205.555: Total time for which application threads were stopped: 0.0040970 seconds, Stopping threads took: 0.0015510 seconds
205.600: Application time: 0.0446620 seconds
205.602: [GC205.602: [ParNew: 55870K->5512K(55872K), 0.0017790 secs] 158622K->108264K(182144K), 0.0018170 secs] [Times: user=0.02 sys=0.00, real=0.00 secs] 
205.603: Total time for which application threads were stopped: 0.0033690 seconds, Stopping threads took: 0.0014900 seconds
205.648: Application time: 0.0448310 seconds
205.651: [GC205.651: [ParNew: 55176K->6207K(55872K), 0.0020350 secs] 157928K->109281K(182144K), 0.0020760 secs] [Times: user=0.01 sys=0.00, real=0.00 secs] 
205.653: Total time for which application threads were stopped: 0.0046170 seconds, Stopping threads took: 0.0024580 seconds
205.698: Application time: 0.0453020 seconds
205.699: [GC205.699: [ParNew: 55871K->6207K(55872K), 0.0023690 secs] 158945K->110540K(182144K), 0.0024160 secs] [Times: user=0.02 sys=0.00, real=0.01 secs] 
205.702: Total time for which application threads were stopped: 0.0034760 seconds, Stopping threads took: 0.0009920 seconds
205.751: Application time: 0.0497010 seconds
205.753: [GC205.753: [ParNew: 55871K->6206K(55872K), 0.0020970 secs] 160204K->110978K(182144K), 0.0021410 secs] [Times: user=0.01 sys=0.00, real=0.01 secs] 
205.755: Total time for which application threads were stopped: 0.0036010 seconds, Stopping threads took: 0.0013840 seconds
205.800: Application time: 0.0448320 seconds
205.801: [GC205.801: [ParNew: 55870K->6206K(55872K), 0.0022820 secs] 160642K->111864K(182144K), 0.0023250 secs] [Times: user=0.02 sys=0.00, real=0.01 secs] 
205.803: Total time for which application threads were stopped: 0.0036260 seconds, Stopping threads took: 0.0012330 seconds
205.848: Application time: 0.0443810 seconds
205.849: [GC205.849: [ParNew: 55870K->6006K(55872K), 0.0018510 secs] 161528K->111692K(182144K), 0.0018910 secs] [Times: user=0.01 sys=0.00, real=0.00 secs] 
205.851: Total time for which application threads were stopped: 0.0033550 seconds, Stopping threads took: 0.0014040 seconds
205.895: Application time: 0.0441790 seconds
205.897: [GC205.897: [ParNew: 55670K->6140K(55872K), 0.0020230 secs] 161356K->111827K(182144K), 0.0020650 secs] [Times: user=0.02 sys=0.00, real=0.00 secs] 
205.899: Total time for which application threads were stopped: 0.0034960 seconds, Stopping threads took: 0.0013460 seconds
205.944: Application time: 0.0452260 seconds
205.947: [GC205.947: [ParNew: 55804K->5528K(55872K), 0.0016680 secs] 161491K->111215K(182144K), 0.0017150 secs] [Times: user=0.01 sys=0.00, real=0.00 secs] 
205.949: Total time for which application threads were stopped: 0.0050440 seconds, Stopping threads took: 0.0032560 seconds
205.993: Application time: 0.0443190 seconds
205.996: [GC205.996: [ParNew: 55192K->6207K(55872K), 0.0025460 secs] 160879K->113568K(182144K), 0.0025930 secs] [Times: user=0.02 sys=0.00, real=0.00 secs] 
205.999: Total time for which application threads were stopped: 0.0052280 seconds, Stopping threads took: 0.0025680 seconds
206.042: Application time: 0.0436170 seconds
206.045: [GC206.045: [ParNew: 55870K->6206K(55872K), 0.0021320 secs] 163231K->114240K(182144K), 0.0021740 secs] [Times: user=0.01 sys=0.00, real=0.00 secs] 
206.047: Total time for which application threads were stopped: 0.0049180 seconds, Stopping threads took: 0.0026810 seconds
206.093: Application time: 0.0460600 seconds
206.096: [GC206.096: [ParNew: 55870K->5741K(55872K), 0.0017990 secs] 163904K->113774K(182144K), 0.0018400 secs] [Times: user=0.02 sys=0.00, real=0.00 secs] 
206.098: Total time for which application threads were stopped: 0.0042930 seconds, Stopping threads took: 0.0023910 seconds
206.146: Application time: 0.0479500 seconds
206.146: [GC206.146: [ParNew: 55405K->4741K(55872K), 0.0018560 secs] 163438K->112775K(182144K), 0.0018930 secs] [Times: user=0.01 sys=0.00, real=0.00 secs] 
206.148: Total time for which application threads were stopped: 0.0023380 seconds, Stopping threads took: 0.0003820 seconds
206.193: Application time: 0.0450090 seconds
206.195: [GC206.195: [ParNew: 54405K->5690K(55872K), 0.0018450 secs] 162439K->113752K(182144K), 0.0018860 secs] [Times: user=0.02 sys=0.00, real=0.00 secs] 
206.197: Total time for which application threads were stopped: 0.0038060 seconds, Stopping threads took: 0.0018550 seconds
206.242: Application time: 0.0452530 seconds
206.244: [GC206.244: [ParNew: 55354K->5135K(55872K), 0.0016210 secs] 163416K->113197K(182144K), 0.0016600 secs] [Times: user=0.01 sys=0.00, real=0.00 secs] 
206.245: Total time for which application threads were stopped: 0.0034700 seconds, Stopping threads took: 0.0017500 seconds
206.291: Application time: 0.0452350 seconds
206.292: [GC206.292: [ParNew: 54799K->6207K(55872K), 0.0025390 secs] 162861K->115519K(182144K), 0.0025870 secs] [Times: user=0.02 sys=0.00, real=0.01 secs] 
206.294: Total time for which application threads were stopped: 0.0038170 seconds, Stopping threads took: 0.0011460 seconds
206.340: Application time: 0.0452080 seconds
206.342: [GC206.342: [ParNew: 55871K->5945K(55872K), 0.0018760 secs] 165183K->115343K(182144K), 0.0019190 secs] [Times: user=0.01 sys=0.00, real=0.00 secs] 
206.344: Total time for which application threads were stopped: 0.0039600 seconds, Stopping threads took: 0.0019800 seconds
206.389: Application time: 0.0456160 seconds
206.391: [GC206.391: [ParNew: 55609K->6207K(55872K), 0.0022100 secs] 165007K->115944K(182144K), 0.0022600 secs] [Times: user=0.02 sys=0.00, real=0.00 secs] 
206.393: Total time for which application threads were stopped: 0.0035130 seconds, Stopping threads took: 0.0011930 seconds
206.438: Application time: 0.0453130 seconds
206.440: [GC206.440: [ParNew: 55871K->6207K(55872K), 0.0021810 secs] 165608K->116412K(182144K), 0.0022220 secs] [Times: user=0.02 sys=0.00, real=0.01 secs] 
206.442: Total time for which application threads were stopped: 0.0039050 seconds, Stopping threads took: 0.0016030 seconds
206.487: Application time: 0.0446460 seconds
206.489: [GC206.489: [ParNew: 55871K->6185K(55872K), 0.0018880 secs] 166076K->116390K(182144K), 0.0019340 secs] [Times: user=0.02 sys=0.00, real=0.00 secs] 
206.491: Total time for which application threads were stopped: 0.0043530 seconds, Stopping threads took: 0.0023430 seconds
206.537: Application time: 0.0461280 seconds
206.539: [GC206.539: [ParNew: 55849K->3609K(55872K), 0.0012480 secs] 166054K->113871K(182144K), 0.0012820 secs] [Times: user=0.01 sys=0.00, real=0.00 secs] 
206.540: Total time for which application threads were stopped: 0.0032780 seconds, Stopping threads took: 0.0019370 seconds
206.588: Application time: 0.0479980 seconds
206.590: [GC206.590: [ParNew: 53273K->6206K(55872K), 0.0023170 secs] 163535K->116915K(182144K), 0.0023630 secs] [Times: user=0.01 sys=0.00, real=0.00 secs] 
206.593: Total time for which application threads were stopped: 0.0041230 seconds, Stopping threads took: 0.0016860 seconds
206.640: Application time: 0.0469940 seconds
206.642: [GC206.642: [ParNew: 55870K->6207K(55872K), 0.0020950 secs] 166579K->117296K(182144K), 0.0021390 secs] [Times: user=0.01 sys=0.00, real=0.00 secs] 
206.644: Total time for which application threads were stopped: 0.0041610 seconds, Stopping threads took: 0.0019590 seconds
206.689: Application time: 0.0452000 seconds
206.692: [GC206.692: [ParNew: 55871K->6206K(55872K), 0.0025130 secs] 166960K->118740K(182144K), 0.0025570 secs] [Times: user=0.02 sys=0.00, real=0.01 secs] 
206.694: Total time for which application threads were stopped: 0.0052760 seconds, Stopping threads took: 0.0026370 seconds
206.739: Application time: 0.0446270 seconds
206.741: [GC206.741: [ParNew: 55870K->6207K(55872K), 0.0020470 secs] 168404K->119076K(182144K), 0.0020900 secs] [Times: user=0.02 sys=0.00, real=0.01 secs] 
206.743: Total time for which application threads were stopped: 0.0038130 seconds, Stopping threads took: 0.0016650 seconds
206.788: Application time: 0.0457890 seconds
206.791: [GC206.791: [ParNew: 55871K->6206K(55872K), 0.0022740 secs] 168740K->120234K(182144K), 0.0023140 secs] [Times: user=0.02 sys=0.00, real=0.01 secs] 
206.793: Total time for which application threads were stopped: 0.0050120 seconds, Stopping threads took: 0.0026400 seconds
206.840: Application time: 0.0464550 seconds
206.842: [GC206.842: [ParNew: 55870K->5273K(55872K), 0.0017360 secs] 169898K->119386K(182144K), 0.0017730 secs] [Times: user=0.01 sys=0.00, real=0.00 secs] 
206.843: Total time for which application threads were stopped: 0.0035630 seconds, Stopping threads took: 0.0017310 seconds
206.888: Application time: 0.0445030 seconds
206.889: [GC206.889: [ParNew: 54937K->6196K(55872K), 0.0019510 secs] 169050K->120338K(182144K), 0.0019940 secs] [Times: user=0.02 sys=0.00, real=0.00 secs] 
206.891: Total time for which application threads were stopped: 0.0034260 seconds, Stopping threads took: 0.0013630 seconds
 CMS: abort preclean due to time 206.893: [CMS-concurrent-abortable-preclean: 0.288/5.024 secs] [Times: user=38.54 sys=0.15, real=5.02 secs] 
206.893: Application time: 0.0020220 seconds
206.896: [GC[YG occupancy: 11803 K (55872 K)]206.896: [Rescan (parallel) , 0.0003590 secs]206.897: [weak refs processing, 0.0000070 secs]206.897: [scrub string table, 0.0001050 secs] [1 CMS-remark: 114142K(126272K)] 125945K(182144K), 0.0005280 secs] [Times: user=0.00 sys=0.00, real=0.00 secs] 
206.897: Total time for which application threads were stopped: 0.0035370 seconds, Stopping threads took: 0.0029760 seconds
206.897: [CMS-concurrent-sweep-start]
206.904: [CMS-concurrent-sweep: 0.007/0.007 secs] [Times: user=0.04 sys=0.00, real=0.01 secs] 
206.904: [CMS-concurrent-reset-start]
206.904: [CMS-concurrent-reset: 0.000/0.000 secs] [Times: user=0.00 sys=0.00, real=0.00 secs] 
206.938: Application time: 0.0412360 seconds
206.940: [GC206.940: [ParNew: 55860K->6033K(55872K), 0.0018210 secs] 120036K->70210K(182144K), 0.0018610 secs] [Times: user=0.02 sys=0.00, real=0.01 secs] 
206.942: Total time for which application threads were stopped: 0.0034300 seconds, Stopping threads took: 0.0014840 seconds
206.988: Application time: 0.0464680 seconds
206.990: [GC206.990: [ParNew: 55697K->6207K(55872K), 0.0021060 secs] 119874K->70904K(182144K), 0.0021450 secs] [Times: user=0.02 sys=0.00, real=0.00 secs] 
206.992: Total time for which application threads were stopped: 0.0041900 seconds, Stopping threads took: 0.0019720 seconds
207.038: Application time: 0.0453950 seconds
207.039: [GC207.039: [ParNew: 55871K->5679K(55872K), 0.0018950 secs] 120568K->70375K(182144K), 0.0019420 secs] [Times: user=0.00 sys=0.00, real=0.01 secs] 
207.041: Total time for which application threads were stopped: 0.0037200 seconds, Stopping threads took: 0.0016930 seconds
207.087: Application time: 0.0453060 seconds
207.088: [GC207.088: [ParNew: 55343K->6047K(55872K), 0.0021380 secs] 120039K->70800K(182144K), 0.0021820 secs] [Times: user=0.02 sys=0.00, real=0.00 secs] 
207.090: Total time for which application threads were stopped: 0.0036720 seconds, Stopping threads took: 0.0014030 seconds
207.137: Application time: 0.0462780 seconds
207.139: [GC207.139: [ParNew: 55711K->5677K(55872K), 0.0017430 secs] 120464K->70430K(182144K), 0.0017820 secs] [Times: user=0.01 sys=0.00, real=0.00 secs] 
207.140: Total time for which application threads were stopped: 0.0038070 seconds, Stopping threads took: 0.0019420 seconds
207.187: Application time: 0.0468620 seconds
207.190: [GC207.190: [ParNew: 55341K->6207K(55872K), 0.0022660 secs] 120094K->71512K(182144K), 0.0023080 secs] [Times: user=0.02 sys=0.00, real=0.00 secs] 
207.192: Total time for which application threads were stopped: 0.0047120 seconds, Stopping threads took: 0.0023300 seconds
207.239: Application time: 0.0473040 seconds
207.242: [GC207.242: [ParNew: 55871K->3920K(55872K), 0.0012200 secs] 121176K->69253K(182144K), 0.0012560 secs] [Times: user=0.01 sys=0.00, real=0.00 secs] 
207.243: Total time for which application threads were stopped: 0.0034200 seconds, Stopping threads took: 0.0021070 seconds
207.288: Application time: 0.0451260 seconds
207.289: [GC207.290: [ParNew: 53584K->6207K(55872K), 0.0019700 secs] 118917K->71877K(182144K), 0.0020090 secs] [Times: user=0.02 sys=0.00, real=0.00 secs] 
207.292: Total time for which application threads were stopped: 0.0036000 seconds, Stopping threads took: 0.0015270 seconds
207.336: Application time: 0.0444780 seconds
207.338: [GC207.338: [ParNew: 55871K->6206K(55872K), 0.0024370 secs] 121541K->73080K(182144K), 0.0024750 secs] [Times: user=0.01 sys=0.00, real=0.00 secs] 
207.340: Total time for which application threads were stopped: 0.0044140 seconds, Stopping threads took: 0.0018660 seconds
207.341: Application time: 0.0001550 seconds
207.343: [GC [1 CMS-initial-mark: 66873K(126272K)] 74469K(182144K), 0.0002070 secs] [Times: user=0.00 sys=0.00, real=0.00 secs] 
207.343: Total time for which application threads were stopped: 0.0023610 seconds, Stopping threads took: 0.0021330 seconds
207.343: [CMS-concurrent-mark-start]
207.350: [CMS-concurrent-mark: 0.007/0.007 secs] [Times: user=0.05 sys=0.00, real=0.00 secs] 
207.351: [CMS-concurrent-preclean-start]
207.351: [CMS-concurrent-preclean: 0.000/0.000 secs] [Times: user=0.00 sys=0.00, real=0.00 secs] 
207.351: [CMS-concurrent-abortable-preclean-start]
207.391: Application time: 0.0476510 seconds
207.392: [GC207.392: [ParNew: 55870K->4378K(55872K), 0.0014800 secs] 122744K->71309K(182144K), 0.0015180 secs] [Times: user=0.01 sys=0.00, real=0.01 secs] 
207.394: Total time for which application threads were stopped: 0.0031780 seconds, Stopping threads took: 0.0016030 seconds
207.443: Application time: 0.0488170 seconds
207.445: [GC207.445: [ParNew: 54042K->4606K(55872K), 0.0013890 secs] 120973K->71537K(182144K), 0.0014340 secs] [Times: user=0.01 sys=0.00, real=0.00 secs] 
207.447: Total time for which application threads were stopped: 0.0039600 seconds, Stopping threads took: 0.0024720 seconds
207.493: Application time: 0.0459700 seconds
207.494: [GC207.494: [ParNew: 54270K->4543K(55872K), 0.0017150 secs] 121201K->71473K(182144K), 0.0017540 secs] [Times: user=0.02 sys=0.00, real=0.00 secs] 
207.496: Total time for which application threads were stopped: 0.0036510 seconds, Stopping threads took: 0.0018110 seconds
207.542: Application time: 0.0458080 seconds
207.544: [GC207.544: [ParNew: 54207K->6207K(55872K), 0.0022900 secs] 121137K->73704K(182144K), 0.0023340 secs] [Times: user=0.01 sys=0.00, real=0.00 secs] 
207.547: Total time for which application threads were stopped: 0.0047520 seconds, Stopping threads took: 0.0023610 seconds
207.592: Application time: 0.0448700 seconds
207.595: [GC207.595: [ParNew: 55871K->6207K(55872K), 0.0022810 secs] 123368K->74668K(182144K), 0.0023200 secs] [Times: user=0.02 sys=0.00, real=0.00 secs] 
207.597: Total time for which application threads were stopped: 0.0053740 seconds, Stopping threads took: 0.0029750 seconds
207.644: Application time: 0.0467880 seconds
207.645: [GC207.645: [ParNew: 55871K->3950K(55872K), 0.0013350 secs] 124332K->72411K(182144K), 0.0013710 secs] [Times: user=0.01 sys=0.00, real=0.00 secs] 
207.646: Total time for which application threads were stopped: 0.0024980 seconds, Stopping threads took: 0.0010730 seconds
207.692: Application time: 0.0456830 seconds
207.694: [GC207.694: [ParNew: 53614K->6206K(55872K), 0.0024200 secs] 122075K->75952K(182144K), 0.0024650 secs] [Times: user=0.02 sys=0.00, real=0.00 secs] 
207.696: Total time for which application threads were stopped: 0.0045190 seconds, Stopping threads took: 0.0019920 seconds
207.742: Application time: 0.0455120 seconds
207.744: [GC207.744: [ParNew: 55870K->5817K(55872K), 0.0018600 secs] 125616K->75563K(182144K), 0.0019000 secs] [Times: user=0.01 sys=0.00, real=0.00 secs] 
207.746: Total time for which application threads were stopped: 0.0039690 seconds, Stopping threads took: 0.0020050 seconds
207.792: Application time: 0.0460620 seconds
207.793: [GC207.793: [ParNew: 55481K->6206K(55872K), 0.0022060 secs] 125227K->76853K(182144K), 0.0022520 secs] [Times: user=0.02 sys=0.00, real=0.01 secs] 
207.796: Total time for which application threads were stopped: 0.0035360 seconds, Stopping threads took: 0.0012180 seconds
207.839: Application time: 0.0435360 seconds
207.841: [GC207.841: [ParNew: 55870K->5931K(55872K), 0.0018790 secs] 126517K->76606K(182144K), 0.0019200 secs] [Times: user=0.01 sys=0.00, real=0.01 secs] 
207.843: Total time for which application threads were stopped: 0.0036010 seconds, Stopping threads took: 0.0016150 seconds
207.886: Application time: 0.0436380 seconds
207.888: [GC207.888: [ParNew: 55595K->5803K(55872K), 0.0018290 secs] 126270K->76564K(182144K), 0.0018690 secs] [Times: user=0.01 sys=0.00, real=0.00 secs] 
207.890: Total time for which application threads were stopped: 0.0035890 seconds, Stopping threads took: 0.0016560 seconds
207.935: Application time: 0.0449220 seconds
207.937: [GC207.937: [ParNew: 55467K->6206K(55872K), 0.0022000 secs] 126228K->77565K(182144K), 0.0022400 secs] [Times: user=0.02 sys=0.00, real=0.00 secs] 
207.939: Total time for which application threads were stopped: 0.0039070 seconds, Stopping threads took: 0.0015930 seconds
207.984: Application time: 0.0453900 seconds
207.986: [GC207.986: [ParNew: 55870K->5761K(55872K), 0.0018850 secs] 127229K->77120K(182144K), 0.0019200 secs] [Times: user=0.02 sys=0.00, real=0.00 secs] 
207.988: Total time for which application threads were stopped: 0.0039140 seconds, Stopping threads took: 0.0019250 seconds
208.034: Application time: 0.0454670 seconds
208.035: [GC208.035: [ParNew: 55425K->5188K(55872K), 0.0016100 secs] 126784K->76546K(182144K), 0.0016540 secs] [Times: user=0.01 sys=0.00, real=0.00 secs] 
208.037: Total time for which application threads were stopped: 0.0030870 seconds, Stopping threads took: 0.0013640 seconds
208.086: Application time: 0.0490820 seconds
208.088: [GC208.088: [ParNew: 54852K->5180K(55872K), 0.0017800 secs] 126210K->76567K(182144K), 0.0018160 secs] [Times: user=0.01 sys=0.00, real=0.00 secs] 
208.090: Total time for which application threads were stopped: 0.0041560 seconds, Stopping threads took: 0.0022570 seconds
208.132: Application time: 0.0423170 seconds
208.135: [GC208.135: [ParNew: 54844K->6206K(55872K), 0.0022440 secs] 126231K->78212K(182144K), 0.0022920 secs] [Times: user=0.02 sys=0.00, real=0.00 secs] 
208.137: Total time for which application threads were stopped: 0.0048440 seconds, Stopping threads took: 0.0024630 seconds
208.183: Application time: 0.0456880 seconds
208.185: [GC208.185: [ParNew: 55870K->6207K(55872K), 0.0020440 secs] 127876K->78829K(182144K), 0.0020860 secs] [Times: user=0.02 sys=0.00, real=0.00 secs] 
208.187: Total time for which application threads were stopped: 0.0043210 seconds, Stopping threads took: 0.0021700 seconds
208.233: Application time: 0.0462450 seconds
208.235: [GC208.235: [ParNew: 55871K->4900K(55872K), 0.0015960 secs] 128493K->77522K(182144K), 0.0016360 secs] [Times: user=0.01 sys=0.00, real=0.00 secs] 
208.237: Total time for which application threads were stopped: 0.0032360 seconds, Stopping threads took: 0.0015370 seconds
208.283: Application time: 0.0461220 seconds
208.283: [GC208.283: [ParNew: 54564K->6207K(55872K), 0.0021370 secs] 127186K->79462K(182144K), 0.0021830 secs] [Times: user=0.02 sys=0.00, real=0.00 secs] 
208.286: Total time for which application threads were stopped: 0.0029090 seconds, Stopping threads took: 0.0006600 seconds
208.332: Application time: 0.0465410 seconds
208.335: [GC208.335: [ParNew: 55871K->6206K(55872K), 0.0020370 secs] 129126K->79934K(182144K), 0.0020780 secs] [Times: user=0.01 sys=0.00, real=0.00 secs] 
208.337: Total time for which application threads were stopped: 0.0046470 seconds, Stopping threads took: 0.0025040 seconds
208.382: Application time: 0.0456940 seconds
208.385: [GC208.385: [ParNew: 55870K->6206K(55872K), 0.0020400 secs] 129598K->80193K(182144K), 0.0020780 secs] [Times: user=0.02 sys=0.00, real=0.00 secs] 
208.387: Total time for which application threads were stopped: 0.0041690 seconds, Stopping threads took: 0.0020290 seconds
208.430: Application time: 0.0429180 seconds
208.432: [GC208.432: [ParNew: 55870K->6206K(55872K), 0.0021380 secs] 129857K->80789K(182144K), 0.0021820 secs] [Times: user=0.01 sys=0.00, real=0.01 secs] 
208.434: Total time for which application threads were stopped: 0.0043010 seconds, Stopping threads took: 0.0020530 seconds
208.479: Application time: 0.0454350 seconds
208.482: [GC208.482: [ParNew: 55870K->6207K(55872K), 0.0020270 secs] 130453K->81036K(182144K), 0.0020750 secs] [Times: user=0.02 sys=0.00, real=0.00 secs] 
208.484: Total time for which application threads were stopped: 0.0046860 seconds, Stopping threads took: 0.0025440 seconds
208.528: Application time: 0.0436040 seconds
208.530: [GC208.530: [ParNew: 55871K->6207K(55872K), 0.0020860 secs] 130700K->81735K(182144K), 0.0021310 secs] [Times: user=0.02 sys=0.00, real=0.00 secs] 
208.532: Total time for which application threads were stopped: 0.0047910 seconds, Stopping threads took: 0.0025850 seconds
208.576: Application time: 0.0435930 seconds
208.578: [GC208.578: [ParNew: 55871K->6207K(55872K), 0.0022890 secs] 131399K->82803K(182144K), 0.0023320 secs] [Times: user=0.01 sys=0.00, real=0.00 secs] 
208.580: Total time for which application threads were stopped: 0.0041630 seconds, Stopping threads took: 0.0017380 seconds
208.625: Application time: 0.0449900 seconds
208.628: [GC208.628: [ParNew: 55871K->6206K(55872K), 0.0023060 secs] 132467K->83886K(182144K), 0.0023500 secs] [Times: user=0.02 sys=0.00, real=0.00 secs] 
208.631: Total time for which application threads were stopped: 0.0054800 seconds, Stopping threads took: 0.0030660 seconds
208.676: Application time: 0.0451080 seconds
208.678: [GC208.678: [ParNew: 55870K->6206K(55872K), 0.0022090 secs] 133550K->84583K(182144K), 0.0022590 secs] [Times: user=0.02 sys=0.00, real=0.00 secs] 
208.680: Total time for which application threads were stopped: 0.0045790 seconds, Stopping threads took: 0.0022560 seconds
208.728: Application time: 0.0473990 seconds
208.729: [GC208.729: [ParNew: 55870K->6207K(55872K), 0.0020020 secs] 134247K->84891K(182144K), 0.0020480 secs] [Times: user=0.02 sys=0.00, real=0.00 secs] 
208.731: Total time for which application threads were stopped: 0.0036190 seconds, Stopping threads took: 0.0015020 seconds
208.783: Application time: 0.0512240 seconds
208.786: [GC208.786: [ParNew: 55871K->5627K(55872K), 0.0016230 secs] 134555K->84311K(182144K), 0.0016650 secs] [Times: user=0.02 sys=0.00, real=0.00 secs] 
208.787: Total time for which application threads were stopped: 0.0046950 seconds, Stopping threads took: 0.0029670 seconds
208.830: Application time: 0.0430010 seconds
208.833: [GC208.833: [ParNew: 55291K->6206K(55872K), 0.0023300 secs] 133975K->86249K(182144K), 0.0023750 secs] [Times: user=0.02 sys=0.00, real=0.01 secs] 
208.835: Total time for which application threads were stopped: 0.0051050 seconds, Stopping threads took: 0.0026650 seconds
208.878: Application time: 0.0428100 seconds
208.880: [GC208.880: [ParNew: 55870K->6207K(55872K), 0.0023050 secs] 135913K->87296K(182144K), 0.0023500 secs] [Times: user=0.02 sys=0.00, real=0.01 secs] 
208.883: Total time for which application threads were stopped: 0.0044390 seconds, Stopping threads took: 0.0020230 seconds
208.927: Application time: 0.0442980 seconds
208.930: [GC208.930: [ParNew: 55871K->6114K(55872K), 0.0020420 secs] 136960K->87289K(182144K), 0.0020840 secs] [Times: user=0.01 sys=0.00, real=0.00 secs] 
208.932: Total time for which application threads were stopped: 0.0047140 seconds, Stopping threads took: 0.0025430 seconds
208.977: Application time: 0.0450730 seconds
208.978: [GC208.978: [ParNew: 55778K->6206K(55872K), 0.0022290 secs] 136953K->87725K(182144K), 0.0022740 secs] [Times: user=0.02 sys=0.00, real=0.00 secs] 
208.981: Total time for which application threads were stopped: 0.0040280 seconds, Stopping threads took: 0.0016880 seconds
209.027: Application time: 0.0465220 seconds
209.030: [GC209.030: [ParNew: 55870K->6206K(55872K), 0.0022630 secs] 137389K->88144K(182144K), 0.0023070 secs] [Times: user=0.01 sys=0.00, real=0.00 secs] 
209.033: Total time for which application threads were stopped: 0.0053670 seconds, Stopping threads took: 0.0029960 seconds
209.079: Application time: 0.0466960 seconds
209.082: [GC209.082: [ParNew: 55870K->4573K(55872K), 0.0014020 secs] 137808K->86511K(182144K), 0.0014430 secs] [Times: user=0.01 sys=0.00, real=0.00 secs] 
209.083: Total time for which application threads were stopped: 0.0038420 seconds, Stopping threads took: 0.0023280 seconds
209.128: Application time: 0.0448870 seconds
209.130: [GC209.130: [ParNew: 54237K->6207K(55872K), 0.0021730 secs] 136175K->88423K(182144K), 0.0022140 secs] [Times: user=0.01 sys=0.00, real=0.00 secs] 
209.132: Total time for which application threads were stopped: 0.0039210 seconds, Stopping threads took: 0.0016200 seconds
209.177: Application time: 0.0454120 seconds
209.179: [GC209.179: [ParNew: 55871K->6207K(55872K), 0.0021870 secs] 138087K->89116K(182144K), 0.0022300 secs] [Times: user=0.01 sys=0.00, real=0.01 secs] 
209.182: Total time for which application threads were stopped: 0.0042280 seconds, Stopping threads took: 0.0019100 seconds
209.227: Application time: 0.0449550 seconds
209.229: [GC209.229: [ParNew: 55871K->6207K(55872K), 0.0021570 secs] 138780K->89791K(182144K), 0.0022020 secs] [Times: user=0.02 sys=0.00, real=0.00 secs] 
209.231: Total time for which application threads were stopped: 0.0048230 seconds, Stopping threads took: 0.0025530 seconds
209.274: Application time: 0.0423960 seconds
209.275: [GC209.275: [ParNew: 55871K->6206K(55872K), 0.0024600 secs] 139455K->91333K(182144K), 0.0025090 secs] [Times: user=0.02 sys=0.00, real=0.00 secs] 
209.278: Total time for which application threads were stopped: 0.0041880 seconds, Stopping threads took: 0.0016000 seconds
209.323: Application time: 0.0452060 seconds
209.326: [GC209.326: [ParNew: 55870K->6207K(55872K), 0.0019740 secs] 140997K->91786K(182144K), 0.0020170 secs] [Times: user=0.01 sys=0.00, real=0.00 secs] 
209.328: Total time for which application threads were stopped: 0.0051620 seconds, Stopping threads took: 0.0030780 seconds
209.374: Application time: 0.0454690 seconds
209.376: [GC209.376: [ParNew: 55871K->6206K(55872K), 0.0020720 secs] 141450K->92345K(182144K), 0.0021120 secs] [Times: user=0.01 sys=0.00, real=0.00 secs] 
209.378: Total time for which application threads were stopped: 0.0039780 seconds, Stopping threads took: 0.0017820 seconds
209.424: Application time: 0.0459930 seconds
209.426: [GC209.426: [ParNew: 55870K->6207K(55872K), 0.0023820 secs] 142009K->93753K(182144K), 0.0024290 secs] [Times: user=0.01 sys=0.00, real=0.00 secs] 
209.428: Total time for which application threads were stopped: 0.0044260 seconds, Stopping threads took: 0.0019310 seconds
209.473: Application time: 0.0446650 seconds
209.474: [GC209.474: [ParNew: 55871K->6207K(55872K), 0.0021340 secs] 143417K->94217K(182144K), 0.0021740 secs] [Times: user=0.02 sys=0.00, real=0.00 secs] 
209.477: Total time for which application threads were stopped: 0.0036730 seconds, Stopping threads took: 0.0014340 seconds
209.521: Application time: 0.0446960 seconds
209.523: [GC209.523: [ParNew: 55871K->6207K(55872K), 0.0019750 secs] 143881K->94589K(182144K), 0.0020180 secs] [Times: user=0.01 sys=0.00, real=0.00 secs] 
209.525: Total time for which application threads were stopped: 0.0035470 seconds, Stopping threads took: 0.0014630 seconds
209.570: Application time: 0.0447450 seconds
209.572: [GC209.572: [ParNew: 55871K->6207K(55872K), 0.0022510 secs] 144253K->95713K(182144K), 0.0022930 secs] [Times: user=0.02 sys=0.00, real=0.01 secs] 
209.574: Total time for which application threads were stopped: 0.0044170 seconds, Stopping threads took: 0.0020370 seconds
209.619: Application time: 0.0449620 seconds
209.621: [GC209.621: [ParNew: 55871K->6016K(55872K), 0.0018770 secs] 145377K->95522K(182144K), 0.0019230 secs] [Times: user=0.01 sys=0.00, real=0.01 secs] 
209.623: Total time for which application threads were stopped: 0.0039990 seconds, Stopping threads took: 0.0019980 seconds
209.668: Application time: 0.0445900 seconds
209.670: [GC209.670: [ParNew: 55680K->6207K(55872K), 0.0024690 secs] 145186K->97288K(182144K), 0.0025140 secs] [Times: user=0.02 sys=0.00, real=0.00 secs] 
209.672: Total time for which application threads were stopped: 0.0047660 seconds, Stopping threads took: 0.0021860 seconds
209.719: Application time: 0.0470330 seconds
209.721: [GC209.721: [ParNew: 55871K->6207K(55872K), 0.0023020 secs] 146952K->98650K(182144K), 0.0023440 secs] [Times: user=0.01 sys=0.00, real=0.01 secs] 
209.723: Total time for which application threads were stopped: 0.0039340 seconds, Stopping threads took: 0.0015250 seconds
209.767: Application time: 0.0436140 seconds
209.769: [GC209.769: [ParNew: 55871K->6206K(55872K), 0.0021320 secs] 148314K->99076K(182144K), 0.0021830 secs] [Times: user=0.01 sys=0.00, real=0.00 secs] 
209.771: Total time for which application threads were stopped: 0.0043480 seconds, Stopping threads took: 0.0020990 seconds
209.815: Application time: 0.0440230 seconds
209.817: [GC209.817: [ParNew: 55870K->6207K(55872K), 0.0020650 secs] 148740K->99138K(182144K), 0.0021090 secs] [Times: user=0.01 sys=0.00, real=0.00 secs] 
209.819: Total time for which application threads were stopped: 0.0035700 seconds, Stopping threads took: 0.0013710 seconds
209.865: Application time: 0.0459260 seconds
209.867: [GC209.867: [ParNew: 55871K->6207K(55872K), 0.0019490 secs] 148802K->99245K(182144K), 0.0019890 secs] [Times: user=0.02 sys=0.00, real=0.00 secs] 
209.869: Total time for which application threads were stopped: 0.0043150 seconds, Stopping threads took: 0.0022520 seconds
209.914: Application time: 0.0446970 seconds
209.916: [GC209.916: [ParNew: 55871K->6207K(55872K), 0.0022570 secs] 148909K->100146K(182144K), 0.0023120 secs] [Times: user=0.02 sys=0.00, real=0.00 secs] 
209.918: Total time for which application threads were stopped: 0.0042500 seconds, Stopping threads took: 0.0018630 seconds
209.962: Application time: 0.0440650 seconds
209.964: [GC209.964: [ParNew: 55871K->6206K(55872K), 0.0024920 secs] 149810K->101912K(182144K), 0.0025360 secs] [Times: user=0.01 sys=0.00, real=0.00 secs] 
209.966: Total time for which application threads were stopped: 0.0040890 seconds, Stopping threads took: 0.0014860 seconds
210.010: Application time: 0.0440450 seconds
210.011: [GC210.011: [ParNew: 55870K->5473K(55872K), 0.0018190 secs] 151576K->101207K(182144K), 0.0018560 secs] [Times: user=0.01 sys=0.00, real=0.00 secs] 
210.013: Total time for which application threads were stopped: 0.0025210 seconds, Stopping threads took: 0.0006050 seconds
210.058: Application time: 0.0454440 seconds
210.060: [GC210.060: [ParNew: 55137K->5975K(55872K), 0.0018080 secs] 150871K->101709K(182144K), 0.0018520 secs] [Times: user=0.01 sys=0.00, real=0.01 secs] 
210.062: Total time for which application threads were stopped: 0.0035430 seconds, Stopping threads took: 0.0016250 seconds
210.107: Application time: 0.0452780 seconds
210.110: [GC210.110: [ParNew: 55639K->5341K(55872K), 0.0016710 secs] 151373K->101075K(182144K), 0.0017150 secs] [Times: user=0.02 sys=0.00, real=0.00 secs] 
210.111: Total time for which application threads were stopped: 0.0042330 seconds, Stopping threads took: 0.0024530 seconds
210.157: Application time: 0.0456360 seconds
210.159: [GC210.159: [ParNew: 55005K->6206K(55872K), 0.0024600 secs] 150739K->103384K(182144K), 0.0025040 secs] [Times: user=0.02 sys=0.01, real=0.01 secs] 
210.161: Total time for which application threads were stopped: 0.0045640 seconds, Stopping threads took: 0.0019840 seconds
210.207: Application time: 0.0455080 seconds
210.209: [GC210.209: [ParNew: 55870K->5682K(55872K), 0.0017630 secs] 153048K->102889K(182144K), 0.0018030 secs] [Times: user=0.02 sys=0.00, real=0.00 secs] 
210.210: Total time for which application threads were stopped: 0.0034510 seconds, Stopping threads took: 0.0015870 seconds
210.258: Application time: 0.0480390 seconds
210.259: [GC210.259: [ParNew: 55346K->6206K(55872K), 0.0022220 secs] 152553K->103982K(182144K), 0.0022650 secs] [Times: user=0.02 sys=0.00, real=0.01 secs] 
210.261: Total time for which application threads were stopped: 0.0029360 seconds, Stopping threads took: 0.0006040 seconds
210.305: Application time: 0.0437760 seconds
210.307: [GC210.307: [ParNew: 55870K->6207K(55872K), 0.0019290 secs] 153646K->104334K(182144K), 0.0019730 secs] [Times: user=0.01 sys=0.00, real=0.00 secs] 
210.309: Total time for which application threads were stopped: 0.0041440 seconds, Stopping threads took: 0.0021060 seconds
210.354: Application time: 0.0450040 seconds
210.356: [GC210.356: [ParNew: 55871K->6206K(55872K), 0.0021860 secs] 153998K->104541K(182144K), 0.0022310 secs] [Times: user=0.02 sys=0.00, real=0.00 secs] 
210.358: Total time for which application threads were stopped: 0.0038390 seconds, Stopping threads took: 0.0015440 seconds
210.402: Application time: 0.0438380 seconds
210.403: [GC210.403: [ParNew: 55870K->6206K(55872K), 0.0019310 secs] 154205K->104557K(182144K), 0.0019720 secs] [Times: user=0.02 sys=0.00, real=0.00 secs] 
210.405: Total time for which application threads were stopped: 0.0031070 seconds, Stopping threads took: 0.0010730 seconds
210.451: Application time: 0.0462750 seconds
210.453: [GC210.453: [ParNew: 55869K->4487K(55872K), 0.0015420 secs] 154220K->102923K(182144K), 0.0015800 secs] [Times: user=0.01 sys=0.00, real=0.01 secs] 
210.455: Total time for which application threads were stopped: 0.0030630 seconds, Stopping threads took: 0.0014230 seconds
210.501: Application time: 0.0466210 seconds
210.502: [GC210.502: [ParNew: 54151K->4998K(55872K), 0.0017870 secs] 152587K->103463K(182144K), 0.0018280 secs] [Times: user=0.01 sys=0.00, real=0.00 secs] 
210.503: Total time for which application threads were stopped: 0.0023570 seconds, Stopping threads took: 0.0004460 seconds
210.548: Application time: 0.0443220 seconds
210.550: [GC210.550: [ParNew: 54662K->5992K(55872K), 0.0018600 secs] 153127K->104457K(182144K), 0.0019070 secs] [Times: user=0.01 sys=0.00, real=0.00 secs] 
210.552: Total time for which application threads were stopped: 0.0037780 seconds, Stopping threads took: 0.0018050 seconds
210.595: Application time: 0.0436150 seconds
210.597: [GC210.597: [ParNew: 55656K->6206K(55872K), 0.0022020 secs] 154121K->105381K(182144K), 0.0022440 secs] [Times: user=0.02 sys=0.00, real=0.00 secs] 
210.599: Total time for which application threads were stopped: 0.0042260 seconds, Stopping threads took: 0.0019180 seconds
210.642: Application time: 0.0424190 seconds
210.644: [GC210.644: [ParNew: 55870K->6207K(55872K), 0.0024630 secs] 155045K->107049K(182144K), 0.0025120 secs] [Times: user=0.02 sys=0.00, real=0.00 secs] 
210.646: Total time for which application threads were stopped: 0.0044660 seconds, Stopping threads took: 0.0018860 seconds
210.691: Application time: 0.0451690 seconds
210.694: [GC210.694: [ParNew: 55871K->6206K(55872K), 0.0023470 secs] 156713K->108515K(182144K), 0.0023930 secs] [Times: user=0.02 sys=0.00, real=0.00 secs] 
210.697: Total time for which application threads were stopped: 0.0050620 seconds, Stopping threads took: 0.0025950 seconds
210.742: Application time: 0.0449880 seconds
210.744: [GC210.744: [ParNew: 55870K->6207K(55872K), 0.0020710 secs] 158179K->108940K(182144K), 0.0021140 secs] [Times: user=0.02 sys=0.00, real=0.00 secs] 
210.746: Total time for which application threads were stopped: 0.0042390 seconds, Stopping threads took: 0.0020610 seconds
210.791: Application time: 0.0453080 seconds
210.793: [GC210.793: [ParNew: 55871K->5990K(55872K), 0.0018230 secs] 158604K->108723K(182144K), 0.0018690 secs] [Times: user=0.01 sys=0.00, real=0.01 secs] 
210.795: Total time for which application threads were stopped: 0.0041250 seconds, Stopping threads took: 0.0021870 seconds
210.842: Application time: 0.0463990 seconds
210.843: [GC210.843: [ParNew: 55654K->4486K(55872K), 0.0015720 secs] 158387K->107248K(182144K), 0.0016100 secs] [Times: user=0.01 sys=0.00, real=0.00 secs] 
210.844: Total time for which application threads were stopped: 0.0027190 seconds, Stopping threads took: 0.0010480 seconds
210.890: Application time: 0.0455200 seconds
210.892: [GC210.892: [ParNew: 54150K->6206K(55872K), 0.0021660 secs] 156912K->109243K(182144K), 0.0022130 secs] [Times: user=0.02 sys=0.00, real=0.01 secs] 
210.894: Total time for which application threads were stopped: 0.0046210 seconds, Stopping threads took: 0.0023390 seconds
210.939: Application time: 0.0443680 seconds
210.941: [GC210.941: [ParNew: 55870K->6206K(55872K), 0.0022720 secs] 158907K->110329K(182144K), 0.0023100 secs] [Times: user=0.01 sys=0.00, real=0.01 secs] 
210.943: Total time for which application threads were stopped: 0.0041710 seconds, Stopping threads took: 0.0017960 seconds
210.988: Application time: 0.0451860 seconds
210.991: [GC210.991: [ParNew: 55870K->6159K(55872K), 0.0020390 secs] 159993K->110396K(182144K), 0.0020830 secs] [Times: user=0.01 sys=0.00, real=0.00 secs] 
210.993: Total time for which application threads were stopped: 0.0045280 seconds, Stopping threads took: 0.0023780 seconds
211.039: Application time: 0.0462810 seconds
211.041: [GC211.041: [ParNew: 55823K->6050K(55872K), 0.0020040 secs] 160060K->110287K(182144K), 0.0020440 secs] [Times: user=0.02 sys=0.00, real=0.01 secs] 
211.043: Total time for which application threads were stopped: 0.0036910 seconds, Stopping threads took: 0.0015630 seconds
211.089: Application time: 0.0458320 seconds
211.091: [GC211.091: [ParNew: 55714K->6207K(55872K), 0.0022480 secs] 159951K->111257K(182144K), 0.0022900 secs] [Times: user=0.02 sys=0.00, real=0.01 secs] 
211.093: Total time for which application threads were stopped: 0.0048970 seconds, Stopping threads took: 0.0025400 seconds
211.138: Application time: 0.0442840 seconds
211.138: [GC211.138: [ParNew: 55871K->6207K(55872K), 0.0021240 secs] 160921K->111993K(182144K), 0.0021720 secs] [Times: user=0.01 sys=0.00, real=0.00 secs] 
211.141: Total time for which application threads were stopped: 0.0029080 seconds, Stopping threads took: 0.0006730 seconds
211.184: Application time: 0.0429420 seconds
211.186: [GC211.186: [ParNew: 55871K->6207K(55872K), 0.0024670 secs] 161657K->113715K(182144K), 0.0025110 secs] [Times: user=0.01 sys=0.00, real=0.00 secs] 
211.188: Total time for which application threads were stopped: 0.0048850 seconds, Stopping threads took: 0.0023070 seconds
211.232: Application time: 0.0433680 seconds
211.234: [GC211.234: [ParNew: 55871K->6206K(55872K), 0.0021300 secs] 163379K->114347K(182144K), 0.0021760 secs] [Times: user=0.02 sys=0.00, real=0.00 secs] 
211.236: Total time for which application threads were stopped: 0.0042340 seconds, Stopping threads took: 0.0019820 seconds
211.279: Application time: 0.0433800 seconds
211.282: [GC211.282: [ParNew: 55870K->6207K(55872K), 0.0022590 secs] 164011K->115762K(182144K), 0.0023040 secs] [Times: user=0.02 sys=0.00, real=0.00 secs] 
211.285: Total time for which application threads were stopped: 0.0052270 seconds, Stopping threads took: 0.0028580 seconds
211.330: Application time: 0.0453880 seconds
211.333: [GC211.333: [ParNew: 55871K->5604K(55872K), 0.0017430 secs] 165426K->115159K(182144K), 0.0017860 secs] [Times: user=0.01 sys=0.00, real=0.01 secs] 
211.335: Total time for which application threads were stopped: 0.0045210 seconds, Stopping threads took: 0.0026700 seconds
211.377: Application time: 0.0428580 seconds
211.380: [GC211.380: [ParNew: 55268K->6207K(55872K), 0.0022160 secs] 164823K->116603K(182144K), 0.0022570 secs] [Times: user=0.02 sys=0.00, real=0.01 secs] 
211.382: Total time for which application threads were stopped: 0.0047980 seconds, Stopping threads took: 0.0024570 seconds
211.427: Application time: 0.0444410 seconds
211.429: [GC211.429: [ParNew: 55871K->5492K(55872K), 0.0017440 secs] 166267K->115888K(182144K), 0.0017930 secs] [Times: user=0.01 sys=0.00, real=0.00 secs] 
211.431: Total time for which application threads were stopped: 0.0043560 seconds, Stopping threads took: 0.0024960 seconds
211.475: Application time: 0.0439460 seconds
211.477: [GC211.477: [ParNew: 55156K->6206K(55872K), 0.0021920 secs] 165552K->117158K(182144K), 0.0022370 secs] [Times: user=0.02 sys=0.00, real=0.00 secs] 
211.480: Total time for which application threads were stopped: 0.0046130 seconds, Stopping threads took: 0.0023050 seconds
211.524: Application time: 0.0445720 seconds
211.526: [GC211.526: [ParNew: 55870K->6207K(55872K), 0.0023280 secs] 166822K->118286K(182144K), 0.0023720 secs] [Times: user=0.02 sys=0.00, real=0.00 secs] 
211.528: Total time for which application threads were stopped: 0.0042800 seconds, Stopping threads took: 0.0018210 seconds
211.574: Application time: 0.0458020 seconds
211.575: [GC211.575: [ParNew: 55871K->5605K(55872K), 0.0018150 secs] 167950K->117683K(182144K), 0.0018530 secs] [Times: user=0.01 sys=0.00, real=0.00 secs] 
211.577: Total time for which application threads were stopped: 0.0029740 seconds, Stopping threads took: 0.0010360 seconds
211.622: Application time: 0.0447630 seconds
211.626: [GC211.626: [ParNew: 55267K->4619K(55872K), 0.0014990 secs] 167346K->116697K(182144K), 0.0015380 secs] [Times: user=0.02 sys=0.00, real=0.00 secs] 
211.627: Total time for which application threads were stopped: 0.0051490 seconds, Stopping threads took: 0.0035260 seconds
211.672: Application time: 0.0449390 seconds
211.674: [GC211.674: [ParNew: 54283K->6206K(55872K), 0.0022780 secs] 166361K->119074K(182144K), 0.0023250 secs] [Times: user=0.02 sys=0.00, real=0.00 secs] 
211.677: Total time for which application threads were stopped: 0.0044030 seconds, Stopping threads took: 0.0020060 seconds
211.719: Application time: 0.0427890 seconds
211.722: [GC211.722: [ParNew: 55870K->6207K(55872K), 0.0025280 secs] 168738K->120749K(182144K), 0.0025710 secs] [Times: user=0.02 sys=0.00, real=0.00 secs] 
211.725: Total time for which application threads were stopped: 0.0053170 seconds, Stopping threads took: 0.0026800 seconds
211.770: Application time: 0.0455730 seconds
211.773: [GC211.773: [ParNew: 55871K->6206K(55872K), 0.0022290 secs] 170413K->121512K(182144K), 0.0022810 secs] [Times: user=0.02 sys=0.00, real=0.01 secs] 
211.775: Total time for which application threads were stopped: 0.0052190 seconds, Stopping threads took: 0.0028620 seconds
211.820: Application time: 0.0450490 seconds
211.823: [GC211.823: [ParNew: 55870K->5935K(55872K), 0.0018010 secs] 171176K->121241K(182144K), 0.0018420 secs] [Times: user=0.01 sys=0.00, real=0.00 secs] 
211.825: Total time for which application threads were stopped: 0.0043150 seconds, Stopping threads took: 0.0024110 seconds
211.871: Application time: 0.0457830 seconds
211.872: [GC211.872: [ParNew: 55599K->6207K(55872K), 0.0023280 secs] 170905K->122549K(182144K), 0.0023720 secs] [Times: user=0.02 sys=0.00, real=0.01 secs] 
211.875: Total time for which application threads were stopped: 0.0041810 seconds, Stopping threads took: 0.0017310 seconds
211.922: Application time: 0.0473280 seconds
211.924: [GC211.924: [ParNew: 55871K->6207K(55872K), 0.0021270 secs] 172213K->122948K(182144K), 0.0021740 secs] [Times: user=0.02 sys=0.00, real=0.00 secs] 
211.926: Total time for which application threads were stopped: 0.0041030 seconds, Stopping threads took: 0.0018510 seconds
211.973: Application time: 0.0468600 seconds
211.975: [GC211.975: [ParNew: 55871K->6207K(55872K), 0.0023160 secs] 172612K->124009K(182144K), 0.0023590 secs] [Times: user=0.01 sys=0.00, real=0.00 secs] 
211.978: Total time for which application threads were stopped: 0.0045960 seconds, Stopping threads took: 0.0021690 seconds
212.028: Application time: 0.0499510 seconds
212.029: [GC212.029: [ParNew: 55871K->6206K(55872K), 0.0023890 secs] 173673K->125063K(182144K), 0.0024320 secs] [Times: user=0.02 sys=0.00, real=0.00 secs] 
212.032: Total time for which application threads were stopped: 0.0040140 seconds, Stopping threads took: 0.0015160 seconds
212.082: Application time: 0.0508340 seconds
212.085: [GC212.085: [ParNew: 55870K->5207K(55872K), 0.0016840 secs] 174727K->124064K(182144K), 0.0017240 secs] [Times: user=0.01 sys=0.00, real=0.00 secs] 
212.087: Total time for which application threads were stopped: 0.0042100 seconds, Stopping threads took: 0.0024210 seconds
212.132: Application time: 0.0452620 seconds
212.134: [GC212.134: [ParNew: 54871K->6207K(55872K), 0.0022070 secs] 173728K->125923K(182144K), 0.0022530 secs] [Times: user=0.02 sys=0.00, real=0.00 secs] 
212.137: Total time for which application threads were stopped: 0.0045920 seconds, Stopping threads took: 0.0022720 seconds
212.186: Application time: 0.0491930 seconds
212.187: [GC212.187: [ParNew: 55871K->5625K(55872K), 0.0017900 secs] 175587K->125340K(182144K), 0.0018290 secs] [Times: user=0.02 sys=0.00, real=0.00 secs] 
212.189: Total time for which application threads were stopped: 0.0031830 seconds, Stopping threads took: 0.0012900 seconds
212.240: Application time: 0.0506980 seconds
212.243: [GC212.243: [ParNew: 55289K->6206K(55872K), 0.0020280 secs] 175004K->126247K(182144K), 0.0020730 secs] [Times: user=0.02 sys=0.00, real=0.00 secs] 
212.245: Total time for which application threads were stopped: 0.0049830 seconds, Stopping threads took: 0.0028230 seconds
212.290: Application time: 0.0450890 seconds
212.292: [GC212.292: [ParNew: 55870K->6206K(55872K), 0.0021390 secs] 175911K->126819K(182144K), 0.0021870 secs] [Times: user=0.01 sys=0.00, real=0.01 secs] 
212.294: Total time for which application threads were stopped: 0.0043760 seconds, Stopping threads took: 0.0020900 seconds
212.341: Application time: 0.0468330 seconds
212.343: [GC212.343: [ParNew: 55870K->6207K(55872K), 0.0020780 secs] 176483K->127251K(182144K), 0.0021210 secs] [Times: user=0.02 sys=0.00, real=0.00 secs] 
212.345: Total time for which application threads were stopped: 0.0042680 seconds, Stopping threads took: 0.0020800 seconds
212.393: Application time: 0.0474930 seconds
212.395: [GC212.395: [ParNew: 55871K->6206K(55872K), 0.0020980 secs] 176915K->127621K(182144K), 0.0021390 secs] [Times: user=0.01 sys=0.00, real=0.00 secs] 
212.397: Total time for which application threads were stopped: 0.0045120 seconds, Stopping threads took: 0.0022790 seconds
 CMS: abort preclean due to time 212.399: [CMS-concurrent-abortable-preclean: 0.271/5.048 secs] [Times: user=38.71 sys=0.12, real=5.05 secs] 
212.399: Application time: 0.0016930 seconds
212.402: [GC[YG occupancy: 10167 K (55872 K)]212.402: [Rescan (parallel) , 0.0002010 secs]212.402: [weak refs processing, 0.0000090 secs]212.402: [scrub string table, 0.0001080 secs] [1 CMS-remark: 121414K(126272K)] 131581K(182144K), 0.0003440 secs] [Times: user=0.00 sys=0.00, real=0.00 secs] 
212.402: Total time for which application threads were stopped: 0.0031970 seconds, Stopping threads took: 0.0028260 seconds
212.402: [CMS-concurrent-sweep-start]
212.409: [CMS-concurrent-sweep: 0.007/0.007 secs] [Times: user=0.06 sys=0.00, real=0.00 secs] 
212.410: [CMS-concurrent-reset-start]
212.410: [CMS-concurrent-reset: 0.000/0.000 secs] [Times: user=0.00 sys=0.00, real=0.00 secs] 
212.446: Application time: 0.0436720 seconds
212.449: [GC212.449: [ParNew: 55870K->6206K(55872K), 0.0023480 secs] 113011K->64558K(182144K), 0.0023930 secs] [Times: user=0.02 sys=0.00, real=0.00 secs] 
212.451: Total time for which application threads were stopped: 0.0054040 seconds, Stopping threads took: 0.0029250 seconds
212.451: Application time: 0.0001390 seconds
212.454: [GC [1 CMS-initial-mark: 58351K(126272K)] 65787K(182144K), 0.0002340 secs] [Times: user=0.00 sys=0.00, real=0.00 secs] 
212.455: Total time for which application threads were stopped: 0.0032340 seconds, Stopping threads took: 0.0029530 seconds
212.455: [CMS-concurrent-mark-start]
212.459: [CMS-concurrent-mark: 0.004/0.004 secs] [Times: user=0.03 sys=0.00, real=0.00 secs] 
212.459: [CMS-concurrent-preclean-start]
212.459: [CMS-concurrent-preclean: 0.000/0.000 secs] [Times: user=0.00 sys=0.00, real=0.00 secs] 
212.459: [CMS-concurrent-abortable-preclean-start]
212.502: Application time: 0.0473470 seconds
212.504: [GC212.504: [ParNew: 55870K->5594K(55872K), 0.0017110 secs] 114222K->63945K(182144K), 0.0017520 secs] [Times: user=0.01 sys=0.00, real=0.00 secs] 
212.505: Total time for which application threads were stopped: 0.0034480 seconds, Stopping threads took: 0.0016330 seconds
212.555: Application time: 0.0493090 seconds
212.558: [GC212.558: [ParNew: 55258K->6002K(55872K), 0.0019090 secs] 113609K->64439K(182144K), 0.0019540 secs] [Times: user=0.02 sys=0.00, real=0.00 secs] 
212.560: Total time for which application threads were stopped: 0.0052220 seconds, Stopping threads took: 0.0032040 seconds
212.604: Application time: 0.0438790 seconds
212.605: [GC212.605: [ParNew: 55666K->6207K(55872K), 0.0020910 secs] 114103K->65031K(182144K), 0.0021390 secs] [Times: user=0.02 sys=0.00, real=0.00 secs] 
212.607: Total time for which application threads were stopped: 0.0035500 seconds, Stopping threads took: 0.0013420 seconds
212.654: Application time: 0.0467590 seconds
212.656: [GC212.656: [ParNew: 55871K->6167K(55872K), 0.0021760 secs] 114695K->64991K(182144K), 0.0022160 secs] [Times: user=0.01 sys=0.00, real=0.00 secs] 
212.658: Total time for which application threads were stopped: 0.0043810 seconds, Stopping threads took: 0.0021080 seconds
212.706: Application time: 0.0475150 seconds
212.708: [GC212.708: [ParNew: 55831K->6109K(55872K), 0.0018870 secs] 114655K->64933K(182144K), 0.0019300 secs] [Times: user=0.01 sys=0.00, real=0.00 secs] 
212.710: Total time for which application threads were stopped: 0.0040360 seconds, Stopping threads took: 0.0020450 seconds
212.758: Application time: 0.0483540 seconds
212.760: [GC212.760: [ParNew: 55773K->5518K(55872K), 0.0019160 secs] 114597K->64371K(182144K), 0.0019610 secs] [Times: user=0.01 sys=0.00, real=0.01 secs] 
212.762: Total time for which application threads were stopped: 0.0035780 seconds, Stopping threads took: 0.0015520 seconds
212.808: Application time: 0.0456570 seconds
212.809: [GC212.809: [ParNew: 55182K->6206K(55872K), 0.0024650 secs] 114035K->66744K(182144K), 0.0025100 secs] [Times: user=0.02 sys=0.00, real=0.00 secs] 
212.812: Total time for which application threads were stopped: 0.0041090 seconds, Stopping threads took: 0.0015140 seconds
212.861: Application time: 0.0497480 seconds
212.864: [GC212.864: [ParNew: 55870K->5455K(55872K), 0.0016790 secs] 116408K->66022K(182144K), 0.0017220 secs] [Times: user=0.01 sys=0.00, real=0.00 secs] 
212.865: Total time for which application threads were stopped: 0.0038720 seconds, Stopping threads took: 0.0020850 seconds
212.911: Application time: 0.0457630 seconds
212.913: [GC212.913: [ParNew: 55119K->6207K(55872K), 0.0024270 secs] 115686K->68224K(182144K), 0.0024730 secs] [Times: user=0.02 sys=0.00, real=0.01 secs] 
212.916: Total time for which application threads were stopped: 0.0045170 seconds, Stopping threads took: 0.0019530 seconds
212.963: Application time: 0.0478360 seconds
212.965: [GC212.965: [ParNew: 55871K->6207K(55872K), 0.0024080 secs] 117888K->69531K(182144K), 0.0024550 secs] [Times: user=0.02 sys=0.00, real=0.00 secs] 
212.968: Total time for which application threads were stopped: 0.0043350 seconds, Stopping threads took: 0.0018100 seconds
213.017: Application time: 0.0489580 seconds
213.018: [GC213.018: [ParNew: 55871K->4996K(55872K), 0.0018750 secs] 119195K->68344K(182144K), 0.0019120 secs] [Times: user=0.01 sys=0.00, real=0.00 secs] 
213.020: Total time for which application threads were stopped: 0.0034000 seconds, Stopping threads took: 0.0014260 seconds
213.068: Application time: 0.0479160 seconds
213.071: [GC213.071: [ParNew: 54660K->6206K(55872K), 0.0023780 secs] 118008K->70574K(182144K), 0.0024230 secs] [Times: user=0.02 sys=0.00, real=0.00 secs] 
213.073: Total time for which application threads were stopped: 0.0048910 seconds, Stopping threads took: 0.0023770 seconds
213.121: Application time: 0.0479740 seconds
213.123: [GC213.123: [ParNew: 55870K->6206K(55872K), 0.0023250 secs] 120238K->71458K(182144K), 0.0023680 secs] [Times: user=0.01 sys=0.00, real=0.00 secs] 
213.126: Total time for which application threads were stopped: 0.0046580 seconds, Stopping threads took: 0.0022270 seconds
213.173: Application time: 0.0476790 seconds
213.175: [GC213.175: [ParNew: 55870K->6207K(55872K), 0.0022750 secs] 121122K->72207K(182144K), 0.0023200 secs] [Times: user=0.02 sys=0.00, real=0.00 secs] 
213.178: Total time for which application threads were stopped: 0.0045400 seconds, Stopping threads took: 0.0021510 seconds
213.225: Application time: 0.0474580 seconds
213.229: [GC213.229: [ParNew: 55871K->5976K(55872K), 0.0018490 secs] 121871K->71976K(182144K), 0.0018890 secs] [Times: user=0.02 sys=0.00, real=0.00 secs] 
213.231: Total time for which application threads were stopped: 0.0052610 seconds, Stopping threads took: 0.0032830 seconds
213.280: Application time: 0.0497690 seconds
213.283: [GC213.283: [ParNew: 55640K->5648K(55872K), 0.0017680 secs] 121640K->71648K(182144K), 0.0018090 secs] [Times: user=0.01 sys=0.00, real=0.00 secs] 
213.285: Total time for which application threads were stopped: 0.0047220 seconds, Stopping threads took: 0.0028470 seconds
213.334: Application time: 0.0486790 seconds
213.337: [GC213.337: [ParNew: 55312K->6207K(55872K), 0.0022860 secs] 121312K->73198K(182144K), 0.0023350 secs] [Times: user=0.02 sys=0.00, real=0.00 secs] 
213.339: Total time for which application threads were stopped: 0.0052690 seconds, Stopping threads took: 0.0028290 seconds
213.387: Application time: 0.0478870 seconds
213.389: [GC213.389: [ParNew: 55871K->6207K(55872K), 0.0021550 secs] 122862K->73552K(182144K), 0.0022010 secs] [Times: user=0.01 sys=0.01, real=0.00 secs] 
213.392: Total time for which application threads were stopped: 0.0046190 seconds, Stopping threads took: 0.0023530 seconds
213.440: Application time: 0.0484270 seconds
213.442: [GC213.442: [ParNew: 55871K->6207K(55872K), 0.0021970 secs] 123216K->74275K(182144K), 0.0022440 secs] [Times: user=0.01 sys=0.00, real=0.00 secs] 
213.444: Total time for which application threads were stopped: 0.0043230 seconds, Stopping threads took: 0.0020100 seconds
213.491: Application time: 0.0466450 seconds
213.493: [GC213.493: [ParNew: 55871K->6206K(55872K), 0.0021450 secs] 123939K->74584K(182144K), 0.0021960 secs] [Times: user=0.01 sys=0.00, real=0.01 secs] 
213.495: Total time for which application threads were stopped: 0.0040760 seconds, Stopping threads took: 0.0018140 seconds
213.543: Application time: 0.0475620 seconds
213.545: [GC213.545: [ParNew: 55870K->6026K(55872K), 0.0021180 secs] 124248K->74432K(182144K), 0.0021630 secs] [Times: user=0.01 sys=0.00, real=0.00 secs] 
213.547: Total time for which application threads were stopped: 0.0045650 seconds, Stopping threads took: 0.0023120 seconds
213.595: Application time: 0.0475450 seconds
213.597: [GC213.597: [ParNew: 55690K->6207K(55872K), 0.0021990 secs] 124096K->75280K(182144K), 0.0022400 secs] [Times: user=0.02 sys=0.00, real=0.00 secs] 
213.599: Total time for which application threads were stopped: 0.0042450 seconds, Stopping threads took: 0.0019310 seconds
213.647: Application time: 0.0482340 seconds
213.649: [GC213.649: [ParNew: 55871K->6206K(55872K), 0.0022080 secs] 124944K->75786K(182144K), 0.0022540 secs] [Times: user=0.02 sys=0.00, real=0.00 secs] 
213.651: Total time for which application threads were stopped: 0.0037590 seconds, Stopping threads took: 0.0014140 seconds
213.699: Application time: 0.0477170 seconds
213.700: [GC213.700: [ParNew: 55870K->6206K(55872K), 0.0023110 secs] 125450K->76309K(182144K), 0.0023540 secs] [Times: user=0.02 sys=0.00, real=0.01 secs] 
213.703: Total time for which application threads were stopped: 0.0041360 seconds, Stopping threads took: 0.0016970 seconds
213.752: Application time: 0.0495130 seconds
213.754: [GC213.755: [ParNew: 55870K->6206K(55872K), 0.0023980 secs] 125973K->77412K(182144K), 0.0024420 secs] [Times: user=0.01 sys=0.00, real=0.00 secs] 
213.757: Total time for which application threads were stopped: 0.0046960 seconds, Stopping threads took: 0.0021630 seconds
213.807: Application time: 0.0498680 seconds
213.808: [GC213.808: [ParNew: 55870K->5646K(55872K), 0.0018360 secs] 127076K->76851K(182144K), 0.0018780 secs] [Times: user=0.02 sys=0.00, real=0.00 secs] 
213.810: Total time for which application threads were stopped: 0.0029170 seconds, Stopping threads took: 0.0009720 seconds
213.857: Application time: 0.0469620 seconds
213.859: [GC213.859: [ParNew: 55310K->6207K(55872K), 0.0021140 secs] 126515K->77689K(182144K), 0.0021590 secs] [Times: user=0.02 sys=0.00, real=0.00 secs] 
213.861: Total time for which application threads were stopped: 0.0040990 seconds, Stopping threads took: 0.0018660 seconds
213.908: Application time: 0.0476230 seconds
213.911: [GC213.911: [ParNew: 55871K->6206K(55872K), 0.0023630 secs] 127353K->78855K(182144K), 0.0024090 secs] [Times: user=0.02 sys=0.00, real=0.00 secs] 
213.913: Total time for which application threads were stopped: 0.0046960 seconds, Stopping threads took: 0.0021980 seconds
213.961: Application time: 0.0483640 seconds
213.963: [GC213.963: [ParNew: 55870K->5542K(55872K), 0.0016680 secs] 128519K->78190K(182144K), 0.0017140 secs] [Times: user=0.01 sys=0.00, real=0.00 secs] 
213.965: Total time for which application threads were stopped: 0.0035690 seconds, Stopping threads took: 0.0017870 seconds
214.015: Application time: 0.0498920 seconds
214.017: [GC214.017: [ParNew: 55204K->5686K(55872K), 0.0017640 secs] 127852K->78334K(182144K), 0.0018070 secs] [Times: user=0.02 sys=0.00, real=0.00 secs] 
214.019: Total time for which application threads were stopped: 0.0037250 seconds, Stopping threads took: 0.0018540 seconds
214.066: Application time: 0.0469000 seconds
214.067: [GC214.067: [ParNew: 55350K->6207K(55872K), 0.0025140 secs] 127998K->80541K(182144K), 0.0025590 secs] [Times: user=0.00 sys=0.01, real=0.00 secs] 
214.070: Total time for which application threads were stopped: 0.0044530 seconds, Stopping threads took: 0.0018060 seconds
214.117: Application time: 0.0473440 seconds
214.120: [GC214.120: [ParNew: 55871K->6207K(55872K), 0.0022460 secs] 130205K->81454K(182144K), 0.0022920 secs] [Times: user=0.02 sys=0.00, real=0.01 secs] 
214.122: Total time for which application threads were stopped: 0.0047940 seconds, Stopping threads took: 0.0024340 seconds
214.169: Application time: 0.0463220 seconds
214.171: [GC214.171: [ParNew: 55871K->6206K(55872K), 0.0024820 secs] 131118K->83174K(182144K), 0.0025300 secs] [Times: user=0.02 sys=0.00, real=0.01 secs] 
214.174: Total time for which application threads were stopped: 0.0050490 seconds, Stopping threads took: 0.0024570 seconds
214.220: Application time: 0.0464330 seconds
214.221: [GC214.221: [ParNew: 55870K->6004K(55872K), 0.0019940 secs] 132838K->83085K(182144K), 0.0020370 secs] [Times: user=0.01 sys=0.00, real=0.01 secs] 
214.223: Total time for which application threads were stopped: 0.0030070 seconds, Stopping threads took: 0.0009090 seconds
214.270: Application time: 0.0469490 seconds
214.273: [GC214.273: [ParNew: 55668K->6207K(55872K), 0.0023550 secs] 132749K->84270K(182144K), 0.0024050 secs] [Times: user=0.02 sys=0.00, real=0.01 secs] 
214.275: Total time for which application threads were stopped: 0.0051340 seconds, Stopping threads took: 0.0026660 seconds
214.321: Application time: 0.0461140 seconds
214.324: [GC214.324: [ParNew: 55871K->6206K(55872K), 0.0022520 secs] 133934K->85290K(182144K), 0.0022980 secs] [Times: user=0.01 sys=0.00, real=0.00 secs] 
214.326: Total time for which application threads were stopped: 0.0047790 seconds, Stopping threads took: 0.0023950 seconds
214.373: Application time: 0.0471750 seconds
214.376: [GC214.376: [ParNew: 55870K->6147K(55872K), 0.0019080 secs] 134954K->85231K(182144K), 0.0019500 secs] [Times: user=0.01 sys=0.00, real=0.00 secs] 
214.378: Total time for which application threads were stopped: 0.0049610 seconds, Stopping threads took: 0.0029380 seconds
214.426: Application time: 0.0480430 seconds
214.428: [GC214.428: [ParNew: 55811K->6207K(55872K), 0.0022510 secs] 134895K->86136K(182144K), 0.0022960 secs] [Times: user=0.02 sys=0.00, real=0.00 secs] 
214.431: Total time for which application threads were stopped: 0.0044290 seconds, Stopping threads took: 0.0020430 seconds
214.479: Application time: 0.0481390 seconds
214.480: [GC214.480: [ParNew: 55871K->6206K(55872K), 0.0020340 secs] 135800K->86379K(182144K), 0.0020790 secs] [Times: user=0.01 sys=0.00, real=0.01 secs] 
214.482: Total time for which application threads were stopped: 0.0033870 seconds, Stopping threads took: 0.0012430 seconds
214.530: Application time: 0.0481240 seconds
214.532: [GC214.533: [ParNew: 55870K->6077K(55872K), 0.0018840 secs] 136043K->86250K(182144K), 0.0019220 secs] [Times: user=0.02 sys=0.00, real=0.01 secs] 
214.534: Total time for which application threads were stopped: 0.0041640 seconds, Stopping threads took: 0.0021770 seconds
214.580: Application time: 0.0456430 seconds
214.583: [GC214.583: [ParNew: 55741K->6206K(55872K), 0.0025470 secs] 135914K->88080K(182144K), 0.0025950 secs] [Times: user=0.02 sys=0.00, real=0.00 secs] 
214.585: Total time for which application threads were stopped: 0.0051640 seconds, Stopping threads took: 0.0024780 seconds
214.632: Application time: 0.0471940 seconds
214.635: [GC214.635: [ParNew: 55869K->6207K(55872K), 0.0021570 secs] 137742K->88481K(182144K), 0.0022010 secs] [Times: user=0.01 sys=0.00, real=0.00 secs] 
214.637: Total time for which application threads were stopped: 0.0045420 seconds, Stopping threads took: 0.0022740 seconds
214.684: Application time: 0.0471460 seconds
214.685: [GC214.686: [ParNew: 55871K->6206K(55872K), 0.0020300 secs] 138145K->88794K(182144K), 0.0020750 secs] [Times: user=0.02 sys=0.00, real=0.00 secs] 
214.688: Total time for which application threads were stopped: 0.0034410 seconds, Stopping threads took: 0.0012980 seconds
214.737: Application time: 0.0491960 seconds
214.738: [GC214.738: [ParNew: 55870K->6207K(55872K), 0.0020300 secs] 138458K->89198K(182144K), 0.0020730 secs] [Times: user=0.01 sys=0.00, real=0.00 secs] 
214.740: Total time for which application threads were stopped: 0.0033050 seconds, Stopping threads took: 0.0011640 seconds
214.789: Application time: 0.0493230 seconds
214.792: [GC214.792: [ParNew: 55871K->5566K(55872K), 0.0017140 secs] 138862K->88585K(182144K), 0.0017570 secs] [Times: user=0.01 sys=0.00, real=0.01 secs] 
214.794: Total time for which application threads were stopped: 0.0044410 seconds, Stopping threads took: 0.0026160 seconds
214.843: Application time: 0.0489190 seconds
214.845: [GC214.845: [ParNew: 55230K->6207K(55872K), 0.0020320 secs] 138249K->89561K(182144K), 0.0020760 secs] [Times: user=0.01 sys=0.00, real=0.00 secs] 
214.847: Total time for which application threads were stopped: 0.0043830 seconds, Stopping threads took: 0.0022410 seconds
214.894: Application time: 0.0464610 seconds
214.895: [GC214.895: [ParNew: 55871K->6207K(55872K), 0.0022900 secs] 139225K->90628K(182144K), 0.0023360 secs] [Times: user=0.01 sys=0.00, real=0.00 secs] 
214.898: Total time for which application threads were stopped: 0.0041720 seconds, Stopping threads took: 0.0017630 seconds
214.946: Application time: 0.0479090 seconds
214.948: [GC214.948: [ParNew: 55871K->6207K(55872K), 0.0022820 secs] 140292K->91589K(182144K), 0.0023280 secs] [Times: user=0.01 sys=0.00, real=0.00 secs] 
214.951: Total time for which application threads were stopped: 0.0047890 seconds, Stopping threads took: 0.0023750 seconds
214.997: Application time: 0.0460690 seconds
214.999: [GC214.999: [ParNew: 55871K->6207K(55872K), 0.0022620 secs] 141253K->92477K(182144K), 0.0023050 secs] [Times: user=0.02 sys=0.00, real=0.00 secs] 
215.001: Total time for which application threads were stopped: 0.0045560 seconds, Stopping threads took: 0.0021610 seconds
215.050: Application time: 0.0492660 seconds
215.053: [GC215.053: [ParNew: 55871K->4540K(55872K), 0.0015150 secs] 142141K->90810K(182144K), 0.0015540 secs] [Times: user=0.02 sys=0.00, real=0.00 secs] 
215.055: Total time for which application threads were stopped: 0.0045800 seconds, Stopping threads took: 0.0029550 seconds
215.103: Application time: 0.0480150 seconds
215.104: [GC215.104: [ParNew: 54204K->6207K(55872K), 0.0022100 secs] 140474K->93119K(182144K), 0.0022560 secs] [Times: user=0.02 sys=0.00, real=0.00 secs] 
215.106: Total time for which application threads were stopped: 0.0034900 seconds, Stopping threads took: 0.0011580 seconds
215.156: Application time: 0.0494150 seconds
215.158: [GC215.158: [ParNew: 55871K->5769K(55872K), 0.0017530 secs] 142783K->92709K(182144K), 0.0017950 secs] [Times: user=0.01 sys=0.00, real=0.00 secs] 
215.160: Total time for which application threads were stopped: 0.0039800 seconds, Stopping threads took: 0.0021200 seconds
215.208: Application time: 0.0481410 seconds
215.210: [GC215.210: [ParNew: 55433K->6206K(55872K), 0.0023650 secs] 142373K->94576K(182144K), 0.0024090 secs] [Times: user=0.01 sys=0.00, real=0.00 secs] 
215.212: Total time for which application threads were stopped: 0.0043640 seconds, Stopping threads took: 0.0018890 seconds
215.260: Application time: 0.0471160 seconds
215.262: [GC215.262: [ParNew: 55870K->6207K(55872K), 0.0023370 secs] 144240K->95754K(182144K), 0.0023840 secs] [Times: user=0.02 sys=0.00, real=0.00 secs] 
215.264: Total time for which application threads were stopped: 0.0047680 seconds, Stopping threads took: 0.0023190 seconds
215.312: Application time: 0.0473570 seconds
215.313: [GC215.313: [ParNew: 55871K->6207K(55872K), 0.0022770 secs] 145418K->96798K(182144K), 0.0023220 secs] [Times: user=0.02 sys=0.00, real=0.01 secs] 
215.315: Total time for which application threads were stopped: 0.0033580 seconds, Stopping threads took: 0.0009700 seconds
215.366: Application time: 0.0506120 seconds
215.368: [GC215.368: [ParNew: 55871K->4291K(55872K), 0.0014050 secs] 146462K->94882K(182144K), 0.0014460 secs] [Times: user=0.01 sys=0.00, real=0.00 secs] 
215.370: Total time for which application threads were stopped: 0.0041690 seconds, Stopping threads took: 0.0026590 seconds
215.417: Application time: 0.0474370 seconds
215.419: [GC215.419: [ParNew: 53955K->5280K(55872K), 0.0017470 secs] 144546K->95871K(182144K), 0.0017840 secs] [Times: user=0.01 sys=0.00, real=0.00 secs] 
215.420: Total time for which application threads were stopped: 0.0032580 seconds, Stopping threads took: 0.0014040 seconds
215.469: Application time: 0.0488140 seconds
215.471: [GC215.471: [ParNew: 54944K->6207K(55872K), 0.0020320 secs] 145535K->96954K(182144K), 0.0020850 secs] [Times: user=0.01 sys=0.00, real=0.00 secs] 
215.473: Total time for which application threads were stopped: 0.0037060 seconds, Stopping threads took: 0.0015530 seconds
215.520: Application time: 0.0472370 seconds
215.522: [GC215.522: [ParNew: 55871K->6206K(55872K), 0.0020910 secs] 146618K->97156K(182144K), 0.0021320 secs] [Times: user=0.01 sys=0.00, real=0.00 secs] 
215.524: Total time for which application threads were stopped: 0.0037010 seconds, Stopping threads took: 0.0015030 seconds
215.573: Application time: 0.0487370 seconds
215.575: [GC215.575: [ParNew: 55870K->6206K(55872K), 0.0020650 secs] 146820K->97750K(182144K), 0.0021090 secs] [Times: user=0.01 sys=0.00, real=0.00 secs] 
215.577: Total time for which application threads were stopped: 0.0042180 seconds, Stopping threads took: 0.0020490 seconds
215.624: Application time: 0.0471560 seconds
215.626: [GC215.626: [ParNew: 55870K->6207K(55872K), 0.0022930 secs] 147414K->98694K(182144K), 0.0023370 secs] [Times: user=0.02 sys=0.00, real=0.00 secs] 
215.628: Total time for which application threads were stopped: 0.0040260 seconds, Stopping threads took: 0.0016020 seconds
215.675: Application time: 0.0470600 seconds
215.678: [GC215.678: [ParNew: 55871K->6207K(55872K), 0.0019720 secs] 148358K->98828K(182144K), 0.0020210 secs] [Times: user=0.01 sys=0.00, real=0.00 secs] 
215.680: Total time for which application threads were stopped: 0.0045070 seconds, Stopping threads took: 0.0024190 seconds
215.728: Application time: 0.0488250 seconds
215.730: [GC215.731: [ParNew: 55871K->5185K(55872K), 0.0017160 secs] 148492K->97834K(182144K), 0.0017540 secs] [Times: user=0.01 sys=0.00, real=0.00 secs] 
215.732: Total time for which application threads were stopped: 0.0037710 seconds, Stopping threads took: 0.0019520 seconds
215.781: Application time: 0.0487880 seconds
215.782: [GC215.782: [ParNew: 54849K->5080K(55872K), 0.0016480 secs] 147498K->97758K(182144K), 0.0016910 secs] [Times: user=0.01 sys=0.00, real=0.00 secs] 
215.784: Total time for which application threads were stopped: 0.0030130 seconds, Stopping threads took: 0.0012570 seconds
215.833: Application time: 0.0484490 seconds
215.834: [GC215.834: [ParNew: 54744K->6206K(55872K), 0.0023110 secs] 147422K->99979K(182144K), 0.0023560 secs] [Times: user=0.02 sys=0.00, real=0.00 secs] 
215.837: Total time for which application threads were stopped: 0.0041470 seconds, Stopping threads took: 0.0017240 seconds
215.882: Application time: 0.0448610 seconds
215.884: [GC215.884: [ParNew: 55870K->6207K(55872K), 0.0024680 secs] 149643K->101677K(182144K), 0.0025130 secs] [Times: user=0.01 sys=0.00, real=0.00 secs] 
215.887: Total time for which application threads were stopped: 0.0052590 seconds, Stopping threads took: 0.0026790 seconds
215.929: Application time: 0.0426740 seconds
215.932: [GC215.932: [ParNew: 55871K->6206K(55872K), 0.0023690 secs] 151341K->103184K(182144K), 0.0024110 secs] [Times: user=0.02 sys=0.00, real=0.01 secs] 
215.935: Total time for which application threads were stopped: 0.0050270 seconds, Stopping threads took: 0.0025450 seconds
215.981: Application time: 0.0462960 seconds
215.983: [GC215.983: [ParNew: 55870K->6207K(55872K), 0.0020090 secs] 152848K->103565K(182144K), 0.0020500 secs] [Times: user=0.02 sys=0.00, real=0.00 secs] 
215.985: Total time for which application threads were stopped: 0.0043420 seconds, Stopping threads took: 0.0022280 seconds
216.031: Application time: 0.0455810 seconds
216.033: [GC216.033: [ParNew: 55871K->6019K(55872K), 0.0019010 secs] 153229K->103434K(182144K), 0.0019430 secs] [Times: user=0.01 sys=0.00, real=0.01 secs] 
216.035: Total time for which application threads were stopped: 0.0042640 seconds, Stopping threads took: 0.0022490 seconds
216.080: Application time: 0.0448610 seconds
216.081: [GC216.081: [ParNew: 55683K->5908K(55872K), 0.0018650 secs] 153098K->103323K(182144K), 0.0019050 secs] [Times: user=0.01 sys=0.00, real=0.00 secs] 
216.083: Total time for which application threads were stopped: 0.0035060 seconds, Stopping threads took: 0.0015060 seconds
216.130: Application time: 0.0466820 seconds
216.132: [GC216.132: [ParNew: 55572K->6206K(55872K), 0.0021730 secs] 152987K->104615K(182144K), 0.0022160 secs] [Times: user=0.02 sys=0.00, real=0.01 secs] 
216.135: Total time for which application threads were stopped: 0.0046180 seconds, Stopping threads took: 0.0023370 seconds
216.181: Application time: 0.0461380 seconds
216.182: [GC216.182: [ParNew: 55870K->6207K(55872K), 0.0019200 secs] 154279K->104649K(182144K), 0.0019620 secs] [Times: user=0.01 sys=0.00, real=0.00 secs] 
216.184: Total time for which application threads were stopped: 0.0035960 seconds, Stopping threads took: 0.0015680 seconds
216.230: Application time: 0.0452900 seconds
216.231: [GC216.231: [ParNew: 55871K->6206K(55872K), 0.0020190 secs] 154313K->105005K(182144K), 0.0020630 secs] [Times: user=0.01 sys=0.01, real=0.01 secs] 
216.233: Total time for which application threads were stopped: 0.0037050 seconds, Stopping threads took: 0.0015600 seconds
216.278: Application time: 0.0447920 seconds
216.281: [GC216.281: [ParNew: 55870K->6207K(55872K), 0.0022010 secs] 154669K->105905K(182144K), 0.0022480 secs] [Times: user=0.02 sys=0.00, real=0.01 secs] 
216.283: Total time for which application threads were stopped: 0.0048090 seconds, Stopping threads took: 0.0024750 seconds
216.327: Application time: 0.0443430 seconds
216.329: [GC216.329: [ParNew: 55871K->6206K(55872K), 0.0025430 secs] 155569K->107683K(182144K), 0.0025890 secs] [Times: user=0.01 sys=0.00, real=0.00 secs] 
216.332: Total time for which application threads were stopped: 0.0046540 seconds, Stopping threads took: 0.0019960 seconds
216.380: Application time: 0.0476420 seconds
216.382: [GC216.382: [ParNew: 55870K->6206K(55872K), 0.0020500 secs] 157347K->107832K(182144K), 0.0020900 secs] [Times: user=0.02 sys=0.00, real=0.00 secs] 
216.384: Total time for which application threads were stopped: 0.0042610 seconds, Stopping threads took: 0.0021070 seconds
216.431: Application time: 0.0470690 seconds
216.432: [GC216.432: [ParNew: 55870K->6126K(55872K), 0.0019110 secs] 157496K->107751K(182144K), 0.0019540 secs] [Times: user=0.01 sys=0.00, real=0.01 secs] 
216.433: Total time for which application threads were stopped: 0.0025020 seconds, Stopping threads took: 0.0004830 seconds
216.480: Application time: 0.0461420 seconds
216.480: [GC216.480: [ParNew: 55790K->6207K(55872K), 0.0024670 secs] 157415K->109407K(182144K), 0.0025160 secs] [Times: user=0.02 sys=0.00, real=0.01 secs] 
216.483: Total time for which application threads were stopped: 0.0033020 seconds, Stopping threads took: 0.0007120 seconds
216.529: Application time: 0.0465120 seconds
216.531: [GC216.531: [ParNew: 55871K->4880K(55872K), 0.0015380 secs] 159071K->108138K(182144K), 0.0015790 secs] [Times: user=0.02 sys=0.00, real=0.00 secs] 
216.532: Total time for which application threads were stopped: 0.0030120 seconds, Stopping threads took: 0.0013680 seconds
216.577: Application time: 0.0440460 seconds
216.579: [GC216.579: [ParNew: 54544K->6019K(55872K), 0.0018450 secs] 157802K->109277K(182144K), 0.0018860 secs] [Times: user=0.02 sys=0.00, real=0.00 secs] 
216.581: Total time for which application threads were stopped: 0.0040160 seconds, Stopping threads took: 0.0020460 seconds
216.626: Application time: 0.0457770 seconds
216.628: [GC216.628: [ParNew: 55683K->6070K(55872K), 0.0018990 secs] 158941K->109328K(182144K), 0.0019410 secs] [Times: user=0.01 sys=0.00, real=0.00 secs] 
216.630: Total time for which application threads were stopped: 0.0040680 seconds, Stopping threads took: 0.0020650 seconds
216.675: Application time: 0.0451050 seconds
216.677: [GC216.677: [ParNew: 55734K->6050K(55872K), 0.0019420 secs] 158992K->109308K(182144K), 0.0019840 secs] [Times: user=0.02 sys=0.00, real=0.00 secs] 
216.679: Total time for which application threads were stopped: 0.0031390 seconds, Stopping threads took: 0.0010990 seconds
216.723: Application time: 0.0442350 seconds
216.725: [GC216.725: [ParNew: 55714K->6118K(55872K), 0.0018580 secs] 158972K->109376K(182144K), 0.0019110 secs] [Times: user=0.01 sys=0.00, real=0.00 secs] 
216.727: Total time for which application threads were stopped: 0.0041700 seconds, Stopping threads took: 0.0021930 seconds
216.772: Application time: 0.0452160 seconds
216.775: [GC216.775: [ParNew: 55782K->6207K(55872K), 0.0021160 secs] 159040K->109721K(182144K), 0.0021580 secs] [Times: user=0.01 sys=0.00, real=0.00 secs] 
216.777: Total time for which application threads were stopped: 0.0045550 seconds, Stopping threads took: 0.0023340 seconds
216.824: Application time: 0.0468570 seconds
216.824: [GC216.824: [ParNew: 55871K->5898K(55872K), 0.0021510 secs] 159385K->109441K(182144K), 0.0021900 secs] [Times: user=0.01 sys=0.00, real=0.00 secs] 
216.826: Total time for which application threads were stopped: 0.0027970 seconds, Stopping threads took: 0.0005460 seconds
216.871: Application time: 0.0444730 seconds
216.873: [GC216.873: [ParNew: 55562K->6206K(55872K), 0.0021630 secs] 159105K->110271K(182144K), 0.0022080 secs] [Times: user=0.02 sys=0.00, real=0.01 secs] 
216.875: Total time for which application threads were stopped: 0.0040810 seconds, Stopping threads took: 0.0018060 seconds
216.921: Application time: 0.0458420 seconds
216.923: [GC216.923: [ParNew: 55870K->4681K(55872K), 0.0017170 secs] 159935K->108802K(182144K), 0.0017530 secs] [Times: user=0.01 sys=0.00, real=0.00 secs] 
216.925: Total time for which application threads were stopped: 0.0036800 seconds, Stopping threads took: 0.0018450 seconds
216.972: Application time: 0.0470430 seconds
216.973: [GC216.973: [ParNew: 54345K->6207K(55872K), 0.0020680 secs] 158466K->110711K(182144K), 0.0021130 secs] [Times: user=0.02 sys=0.00, real=0.01 secs] 
216.975: Total time for which application threads were stopped: 0.0038710 seconds, Stopping threads took: 0.0016940 seconds
217.019: Application time: 0.0432390 seconds
217.021: [GC217.021: [ParNew: 55871K->6207K(55872K), 0.0020650 secs] 160375K->111197K(182144K), 0.0021120 secs] [Times: user=0.02 sys=0.00, real=0.01 secs] 
217.023: Total time for which application threads were stopped: 0.0039920 seconds, Stopping threads took: 0.0018040 seconds
217.069: Application time: 0.0459780 seconds
217.072: [GC217.072: [ParNew: 55871K->5553K(55872K), 0.0016520 secs] 160861K->110543K(182144K), 0.0016910 secs] [Times: user=0.01 sys=0.00, real=0.01 secs] 
217.074: Total time for which application threads were stopped: 0.0048490 seconds, Stopping threads took: 0.0030970 seconds
217.119: Application time: 0.0451890 seconds
217.120: [GC217.120: [ParNew: 55217K->6206K(55872K), 0.0021160 secs] 160207K->111647K(182144K), 0.0021570 secs] [Times: user=0.02 sys=0.00, real=0.01 secs] 
217.122: Total time for which application threads were stopped: 0.0031300 seconds, Stopping threads took: 0.0009100 seconds
217.167: Application time: 0.0449710 seconds
217.169: [GC217.169: [ParNew: 55870K->5698K(55872K), 0.0019260 secs] 161311K->111138K(182144K), 0.0019650 secs] [Times: user=0.02 sys=0.00, real=0.00 secs] 
217.171: Total time for which application threads were stopped: 0.0045470 seconds, Stopping threads took: 0.0025090 seconds
217.215: Application time: 0.0440350 seconds
217.218: [GC217.218: [ParNew: 55362K->6207K(55872K), 0.0023080 secs] 160802K->113000K(182144K), 0.0023530 secs] [Times: user=0.01 sys=0.00, real=0.00 secs] 
217.221: Total time for which application threads were stopped: 0.0051820 seconds, Stopping threads took: 0.0027620 seconds
217.265: Application time: 0.0442470 seconds
217.267: [GC217.267: [ParNew: 55871K->6175K(55872K), 0.0019540 secs] 162664K->112997K(182144K), 0.0019970 secs] [Times: user=0.02 sys=0.00, real=0.00 secs] 
217.269: Total time for which application threads were stopped: 0.0042940 seconds, Stopping threads took: 0.0022310 seconds
217.313: Application time: 0.0443380 seconds
217.316: [GC217.316: [ParNew: 55839K->6206K(55872K), 0.0019450 secs] 162661K->113296K(182144K), 0.0019880 secs] [Times: user=0.01 sys=0.00, real=0.00 secs] 
217.318: Total time for which application threads were stopped: 0.0042010 seconds, Stopping threads took: 0.0021150 seconds
217.364: Application time: 0.0464990 seconds
217.366: [GC217.366: [ParNew: 55870K->5732K(55872K), 0.0018930 secs] 162960K->112907K(182144K), 0.0019300 secs] [Times: user=0.01 sys=0.00, real=0.00 secs] 
217.368: Total time for which application threads were stopped: 0.0039840 seconds, Stopping threads took: 0.0019930 seconds
217.416: Application time: 0.0480790 seconds
217.417: [GC217.417: [ParNew: 55396K->5674K(55872K), 0.0018230 secs] 162571K->112906K(182144K), 0.0018670 secs] [Times: user=0.02 sys=0.00, real=0.00 secs] 
217.419: Total time for which application threads were stopped: 0.0028310 seconds, Stopping threads took: 0.0008990 seconds
217.468: Application time: 0.0489420 seconds
217.469: [GC217.469: [ParNew: 55338K->4276K(55872K), 0.0014610 secs] 162570K->111508K(182144K), 0.0015000 secs] [Times: user=0.01 sys=0.00, real=0.00 secs] 
217.471: Total time for which application threads were stopped: 0.0025530 seconds, Stopping threads took: 0.0009910 seconds
 CMS: abort preclean due to time 217.472: [CMS-concurrent-abortable-preclean: 0.268/5.013 secs] [Times: user=38.46 sys=0.17, real=5.01 secs] 
217.472: Application time: 0.0014130 seconds
217.475: [GC[YG occupancy: 9561 K (55872 K)]217.475: [Rescan (parallel) , 0.0002230 secs]217.475: [weak refs processing, 0.0000060 secs]217.475: [scrub string table, 0.0001140 secs] [1 CMS-remark: 107232K(126272K)] 116793K(182144K), 0.0003690 secs] [Times: user=0.00 sys=0.00, real=0.00 secs] 
217.475: Total time for which application threads were stopped: 0.0033340 seconds, Stopping threads took: 0.0029370 seconds
217.475: [CMS-concurrent-sweep-start]
217.482: [CMS-concurrent-sweep: 0.007/0.007 secs] [Times: user=0.05 sys=0.00, real=0.01 secs] 
217.482: [CMS-concurrent-reset-start]
217.483: [CMS-concurrent-reset: 0.000/0.000 secs] [Times: user=0.00 sys=0.00, real=0.00 secs] 
217.516: Application time: 0.0409970 seconds
217.518: [GC217.518: [ParNew: 53940K->6190K(55872K), 0.0020380 secs] 105519K->57768K(182144K), 0.0020780 secs] [Times: user=0.01 sys=0.00, real=0.00 secs] 
217.520: Total time for which application threads were stopped: 0.0039290 seconds, Stopping threads took: 0.0017870 seconds
217.567: Application time: 0.0462550 seconds
217.569: [GC217.569: [ParNew: 55854K->5219K(55872K), 0.0016930 secs] 107432K->56855K(182144K), 0.0017340 secs] [Times: user=0.01 sys=0.00, real=0.00 secs] 
217.571: Total time for which application threads were stopped: 0.0043340 seconds, Stopping threads took: 0.0025270 seconds
217.617: Application time: 0.0464330 seconds
217.619: [GC217.619: [ParNew: 54883K->5357K(55872K), 0.0017240 secs] 106519K->56993K(182144K), 0.0017620 secs] [Times: user=0.01 sys=0.00, real=0.00 secs] 
217.621: Total time for which application threads were stopped: 0.0037140 seconds, Stopping threads took: 0.0018890 seconds
217.668: Application time: 0.0467420 seconds
217.669: [GC217.669: [ParNew: 55021K->4706K(55872K), 0.0014540 secs] 106657K->56342K(182144K), 0.0015000 secs] [Times: user=0.01 sys=0.00, real=0.00 secs] 
217.671: Total time for which application threads were stopped: 0.0031490 seconds, Stopping threads took: 0.0015800 seconds
217.714: Application time: 0.0435080 seconds
217.716: [GC217.716: [ParNew: 54370K->6106K(55872K), 0.0019350 secs] 106006K->57742K(182144K), 0.0019810 secs] [Times: user=0.02 sys=0.00, real=0.00 secs] 
217.718: Total time for which application threads were stopped: 0.0032940 seconds, Stopping threads took: 0.0012470 seconds
217.763: Application time: 0.0448520 seconds
217.765: [GC217.765: [ParNew: 55770K->6207K(55872K), 0.0021790 secs] 107406K->58169K(182144K), 0.0022210 secs] [Times: user=0.02 sys=0.00, real=0.00 secs] 
217.767: Total time for which application threads were stopped: 0.0048640 seconds, Stopping threads took: 0.0025790 seconds
217.815: Application time: 0.0474150 seconds
217.816: [GC217.817: [ParNew: 55871K->3985K(55872K), 0.0015450 secs] 107833K->55976K(182144K), 0.0015820 secs] [Times: user=0.01 sys=0.00, real=0.00 secs] 
217.818: Total time for which application threads were stopped: 0.0032300 seconds, Stopping threads took: 0.0015830 seconds
217.866: Application time: 0.0479570 seconds
217.869: [GC217.869: [ParNew: 53649K->6207K(55872K), 0.0022630 secs] 105640K->58520K(182144K), 0.0023050 secs] [Times: user=0.01 sys=0.00, real=0.00 secs] 
217.871: Total time for which application threads were stopped: 0.0053540 seconds, Stopping threads took: 0.0029870 seconds
217.919: Application time: 0.0478690 seconds
217.922: [GC217.922: [ParNew: 55871K->5568K(55872K), 0.0019070 secs] 108184K->57966K(182144K), 0.0019490 secs] [Times: user=0.01 sys=0.00, real=0.00 secs] 
217.924: Total time for which application threads were stopped: 0.0045530 seconds, Stopping threads took: 0.0025390 seconds
217.972: Application time: 0.0480460 seconds
217.974: [GC217.974: [ParNew: 55232K->5071K(55872K), 0.0016410 secs] 107630K->57498K(182144K), 0.0016840 secs] [Times: user=0.01 sys=0.00, real=0.00 secs] 
217.976: Total time for which application threads were stopped: 0.0041760 seconds, Stopping threads took: 0.0024060 seconds
218.023: Application time: 0.0470140 seconds
218.024: [GC218.024: [ParNew: 54735K->6207K(55872K), 0.0020940 secs] 107162K->59032K(182144K), 0.0021330 secs] [Times: user=0.02 sys=0.00, real=0.00 secs] 
218.026: Total time for which application threads were stopped: 0.0028200 seconds, Stopping threads took: 0.0006160 seconds
218.074: Application time: 0.0481580 seconds
218.076: [GC218.076: [ParNew: 55871K->4154K(55872K), 0.0013690 secs] 108696K->56979K(182144K), 0.0014060 secs] [Times: user=0.01 sys=0.00, real=0.00 secs] 
218.077: Total time for which application threads were stopped: 0.0029740 seconds, Stopping threads took: 0.0014990 seconds
218.122: Application time: 0.0448260 seconds
218.124: [GC218.124: [ParNew: 53818K->6206K(55872K), 0.0022370 secs] 106643K->60013K(182144K), 0.0022770 secs] [Times: user=0.01 sys=0.00, real=0.00 secs] 
218.127: Total time for which application threads were stopped: 0.0048640 seconds, Stopping threads took: 0.0025270 seconds
218.174: Application time: 0.0473460 seconds
218.176: [GC218.176: [ParNew: 55870K->6206K(55872K), 0.0020150 secs] 109677K->60228K(182144K), 0.0020600 secs] [Times: user=0.01 sys=0.00, real=0.00 secs] 
218.178: Total time for which application threads were stopped: 0.0041940 seconds, Stopping threads took: 0.0020470 seconds
218.228: Application time: 0.0499520 seconds
218.228: [GC218.228: [ParNew: 55870K->3168K(55872K), 0.0011570 secs] 109892K->57190K(182144K), 0.0011950 secs] [Times: user=0.01 sys=0.00, real=0.00 secs] 
218.230: Total time for which application threads were stopped: 0.0014100 seconds, Stopping threads took: 0.0001550 seconds
218.281: Application time: 0.0509880 seconds
218.282: [GC218.282: [ParNew: 52832K->4542K(55872K), 0.0017600 secs] 106854K->58564K(182144K), 0.0017980 secs] [Times: user=0.01 sys=0.00, real=0.00 secs] 
218.284: Total time for which application threads were stopped: 0.0032740 seconds, Stopping threads took: 0.0013950 seconds
218.334: Application time: 0.0497210 seconds
218.334: [GC218.335: [ParNew: 54206K->3995K(55872K), 0.0014790 secs] 108228K->58045K(182144K), 0.0015150 secs] [Times: user=0.00 sys=0.00, real=0.00 secs] 
218.336: Total time for which application threads were stopped: 0.0023960 seconds, Stopping threads took: 0.0008190 seconds
218.385: Application time: 0.0492020 seconds
218.387: [GC218.387: [ParNew: 53659K->5120K(55872K), 0.0016040 secs] 107709K->59199K(182144K), 0.0016460 secs] [Times: user=0.01 sys=0.00, real=0.00 secs] 
218.389: Total time for which application threads were stopped: 0.0035060 seconds, Stopping threads took: 0.0017740 seconds
218.435: Application time: 0.0467020 seconds
218.438: [GC218.438: [ParNew: 54784K->5353K(55872K), 0.0016930 secs] 108863K->59460K(182144K), 0.0017370 secs] [Times: user=0.02 sys=0.00, real=0.00 secs] 
218.440: Total time for which application threads were stopped: 0.0040810 seconds, Stopping threads took: 0.0022790 seconds
218.486: Application time: 0.0463250 seconds
218.487: [GC218.487: [ParNew: 55017K->5801K(55872K), 0.0019920 secs] 109124K->59966K(182144K), 0.0020410 secs] [Times: user=0.02 sys=0.00, real=0.00 secs] 
218.489: Total time for which application threads were stopped: 0.0033920 seconds, Stopping threads took: 0.0012870 seconds
218.536: Application time: 0.0470000 seconds
218.537: [GC218.537: [ParNew: 55465K->5431K(55872K), 0.0018500 secs] 109630K->59623K(182144K), 0.0018930 secs] [Times: user=0.02 sys=0.00, real=0.00 secs] 
218.539: Total time for which application threads were stopped: 0.0028730 seconds, Stopping threads took: 0.0009170 seconds
218.586: Application time: 0.0469350 seconds
218.588: [GC218.588: [ParNew: 55095K->6206K(55872K), 0.0020880 secs] 109287K->60925K(182144K), 0.0021370 secs] [Times: user=0.01 sys=0.00, real=0.00 secs] 
218.590: Total time for which application threads were stopped: 0.0036030 seconds, Stopping threads took: 0.0013920 seconds
218.638: Application time: 0.0485950 seconds
218.641: [GC218.641: [ParNew: 55870K->4702K(55872K), 0.0015590 secs] 110589K->59477K(182144K), 0.0015950 secs] [Times: user=0.01 sys=0.00, real=0.01 secs] 
218.642: Total time for which application threads were stopped: 0.0040940 seconds, Stopping threads took: 0.0024410 seconds
218.690: Application time: 0.0475410 seconds
218.691: [GC218.691: [ParNew: 54366K->5879K(55872K), 0.0018010 secs] 109141K->60654K(182144K), 0.0018380 secs] [Times: user=0.02 sys=0.00, real=0.00 secs] 
218.693: Total time for which application threads were stopped: 0.0034090 seconds, Stopping threads took: 0.0015090 seconds
218.739: Application time: 0.0457610 seconds
218.741: [GC218.741: [ParNew: 55543K->6206K(55872K), 0.0022970 secs] 110318K->62269K(182144K), 0.0023370 secs] [Times: user=0.02 sys=0.00, real=0.01 secs] 
218.743: Total time for which application threads were stopped: 0.0043120 seconds, Stopping threads took: 0.0019100 seconds
218.743: Application time: 0.0000290 seconds
218.744: [GC [1 CMS-initial-mark: 56062K(126272K)] 62771K(182144K), 0.0002140 secs] [Times: user=0.00 sys=0.00, real=0.00 secs] 
218.744: Total time for which application threads were stopped: 0.0003950 seconds, Stopping threads took: 0.0001640 seconds
218.744: [CMS-concurrent-mark-start]
218.747: [CMS-concurrent-mark: 0.003/0.003 secs] [Times: user=0.01 sys=0.00, real=0.00 secs] 
218.747: [CMS-concurrent-preclean-start]
218.747: [CMS-concurrent-preclean: 0.000/0.000 secs] [Times: user=0.00 sys=0.00, real=0.00 secs] 
218.747: [CMS-concurrent-abortable-preclean-start]
218.787: Application time: 0.0433250 seconds
218.790: [GC218.790: [ParNew: 55870K->6207K(55872K), 0.0022380 secs] 111933K->63445K(182144K), 0.0022820 secs] [Times: user=0.01 sys=0.00, real=0.00 secs] 
218.792: Total time for which application threads were stopped: 0.0047500 seconds, Stopping threads took: 0.0024030 seconds
218.838: Application time: 0.0456010 seconds
218.840: [GC218.840: [ParNew: 55871K->6207K(55872K), 0.0022430 secs] 113109K->64317K(182144K), 0.0022920 secs] [Times: user=0.01 sys=0.00, real=0.01 secs] 
218.842: Total time for which application threads were stopped: 0.0048190 seconds, Stopping threads took: 0.0024590 seconds
218.888: Application time: 0.0456770 seconds
218.890: [GC218.890: [ParNew: 55871K->6206K(55872K), 0.0019860 secs] 113981K->64644K(182144K), 0.0020270 secs] [Times: user=0.02 sys=0.00, real=0.00 secs] 
218.892: Total time for which application threads were stopped: 0.0043240 seconds, Stopping threads took: 0.0022330 seconds
218.935: Application time: 0.0429950 seconds
218.937: [GC218.938: [ParNew: 55870K->6206K(55872K), 0.0023640 secs] 114308K->65704K(182144K), 0.0024080 secs] [Times: user=0.02 sys=0.00, real=0.00 secs] 
218.940: Total time for which application threads were stopped: 0.0045830 seconds, Stopping threads took: 0.0021100 seconds
218.985: Application time: 0.0448040 seconds
218.987: [GC218.987: [ParNew: 55870K->5646K(55872K), 0.0017760 secs] 115368K->65230K(182144K), 0.0018150 secs] [Times: user=0.02 sys=0.00, real=0.00 secs] 
218.989: Total time for which application threads were stopped: 0.0042310 seconds, Stopping threads took: 0.0023540 seconds
219.035: Application time: 0.0458230 seconds
219.036: [GC219.036: [ParNew: 55310K->6207K(55872K), 0.0021480 secs] 114894K->66532K(182144K), 0.0022020 secs] [Times: user=0.01 sys=0.00, real=0.00 secs] 
219.038: Total time for which application threads were stopped: 0.0032130 seconds, Stopping threads took: 0.0009460 seconds
219.082: Application time: 0.0441070 seconds
219.084: [GC219.084: [ParNew: 55871K->6206K(55872K), 0.0021550 secs] 116196K->67295K(182144K), 0.0021950 secs] [Times: user=0.01 sys=0.00, real=0.00 secs] 
219.086: Total time for which application threads were stopped: 0.0036790 seconds, Stopping threads took: 0.0014220 seconds
219.132: Application time: 0.0461010 seconds
219.134: [GC219.134: [ParNew: 55870K->5810K(55872K), 0.0018180 secs] 116959K->66928K(182144K), 0.0018530 secs] [Times: user=0.02 sys=0.00, real=0.00 secs] 
219.136: Total time for which application threads were stopped: 0.0042470 seconds, Stopping threads took: 0.0023310 seconds
219.183: Application time: 0.0469240 seconds
219.185: [GC219.185: [ParNew: 55474K->5320K(55872K), 0.0019620 secs] 116592K->66466K(182144K), 0.0020040 secs] [Times: user=0.01 sys=0.00, real=0.00 secs] 
219.187: Total time for which application threads were stopped: 0.0038510 seconds, Stopping threads took: 0.0017840 seconds
219.232: Application time: 0.0452760 seconds
219.235: [GC219.235: [ParNew: 54984K->5884K(55872K), 0.0018960 secs] 116130K->67030K(182144K), 0.0019390 secs] [Times: user=0.01 sys=0.00, real=0.00 secs] 
219.237: Total time for which application threads were stopped: 0.0045130 seconds, Stopping threads took: 0.0024920 seconds
219.281: Application time: 0.0439320 seconds
219.283: [GC219.283: [ParNew: 55548K->6206K(55872K), 0.0021890 secs] 116694K->68207K(182144K), 0.0022350 secs] [Times: user=0.01 sys=0.00, real=0.00 secs] 
219.285: Total time for which application threads were stopped: 0.0048210 seconds, Stopping threads took: 0.0025050 seconds
219.330: Application time: 0.0446470 seconds
219.331: [GC219.331: [ParNew: 55870K->6206K(55872K), 0.0021250 secs] 117871K->68821K(182144K), 0.0021700 secs] [Times: user=0.01 sys=0.00, real=0.00 secs] 
219.333: Total time for which application threads were stopped: 0.0030510 seconds, Stopping threads took: 0.0008160 seconds
219.379: Application time: 0.0457470 seconds
219.381: [GC219.381: [ParNew: 55870K->6207K(55872K), 0.0020160 secs] 118485K->69142K(182144K), 0.0020550 secs] [Times: user=0.01 sys=0.00, real=0.01 secs] 
219.383: Total time for which application threads were stopped: 0.0041520 seconds, Stopping threads took: 0.0020370 seconds
219.427: Application time: 0.0440100 seconds
219.429: [GC219.429: [ParNew: 55871K->6206K(55872K), 0.0023300 secs] 118806K->70316K(182144K), 0.0023740 secs] [Times: user=0.01 sys=0.00, real=0.00 secs] 
219.431: Total time for which application threads were stopped: 0.0042960 seconds, Stopping threads took: 0.0018560 seconds
219.476: Application time: 0.0451140 seconds
219.478: [GC219.478: [ParNew: 55870K->6206K(55872K), 0.0023050 secs] 119980K->71331K(182144K), 0.0023510 secs] [Times: user=0.01 sys=0.00, real=0.00 secs] 
219.481: Total time for which application threads were stopped: 0.0042110 seconds, Stopping threads took: 0.0017920 seconds
219.526: Application time: 0.0449240 seconds
219.528: [GC219.528: [ParNew: 55870K->6206K(55872K), 0.0021370 secs] 120995K->72160K(182144K), 0.0021830 secs] [Times: user=0.02 sys=0.00, real=0.00 secs] 
219.530: Total time for which application threads were stopped: 0.0044320 seconds, Stopping threads took: 0.0021650 seconds
219.575: Application time: 0.0450860 seconds
219.577: [GC219.577: [ParNew: 55870K->6096K(55872K), 0.0019500 secs] 121824K->72079K(182144K), 0.0019930 secs] [Times: user=0.01 sys=0.00, real=0.00 secs] 
219.579: Total time for which application threads were stopped: 0.0035800 seconds, Stopping threads took: 0.0015200 seconds
219.623: Application time: 0.0442270 seconds
219.625: [GC219.625: [ParNew: 55760K->6206K(55872K), 0.0021770 secs] 121743K->72472K(182144K), 0.0022210 secs] [Times: user=0.02 sys=0.00, real=0.00 secs] 
219.627: Total time for which application threads were stopped: 0.0042060 seconds, Stopping threads took: 0.0019110 seconds
219.675: Application time: 0.0474240 seconds
219.675: [GC219.675: [ParNew: 55870K->5373K(55872K), 0.0017100 secs] 122136K->71696K(182144K), 0.0017480 secs] [Times: user=0.01 sys=0.00, real=0.00 secs] 
219.677: Total time for which application threads were stopped: 0.0022460 seconds, Stopping threads took: 0.0004070 seconds
219.720: Application time: 0.0428860 seconds
219.722: [GC219.722: [ParNew: 55037K->6207K(55872K), 0.0024120 secs] 121360K->74135K(182144K), 0.0024580 secs] [Times: user=0.02 sys=0.00, real=0.00 secs] 
219.724: Total time for which application threads were stopped: 0.0046910 seconds, Stopping threads took: 0.0021450 seconds
219.770: Application time: 0.0456110 seconds
219.773: [GC219.773: [ParNew: 55871K->6206K(55872K), 0.0023980 secs] 123799K->75704K(182144K), 0.0024420 secs] [Times: user=0.01 sys=0.00, real=0.01 secs] 
219.775: Total time for which application threads were stopped: 0.0053490 seconds, Stopping threads took: 0.0028400 seconds
219.819: Application time: 0.0436280 seconds
219.821: [GC219.821: [ParNew: 55870K->6207K(55872K), 0.0019950 secs] 125368K->76122K(182144K), 0.0020370 secs] [Times: user=0.02 sys=0.00, real=0.01 secs] 
219.823: Total time for which application threads were stopped: 0.0041030 seconds, Stopping threads took: 0.0020030 seconds
219.869: Application time: 0.0459980 seconds
219.871: [GC219.871: [ParNew: 55871K->6206K(55872K), 0.0024770 secs] 125786K->77516K(182144K), 0.0025170 secs] [Times: user=0.02 sys=0.00, real=0.01 secs] 
219.874: Total time for which application threads were stopped: 0.0045430 seconds, Stopping threads took: 0.0019370 seconds
219.921: Application time: 0.0471170 seconds
219.923: [GC219.923: [ParNew: 55870K->6206K(55872K), 0.0023300 secs] 127180K->78827K(182144K), 0.0023740 secs] [Times: user=0.02 sys=0.00, real=0.00 secs] 
219.925: Total time for which application threads were stopped: 0.0042430 seconds, Stopping threads took: 0.0018030 seconds
219.974: Application time: 0.0486050 seconds
219.974: [GC219.974: [ParNew: 55870K->6207K(55872K), 0.0020250 secs] 128491K->79077K(182144K), 0.0020700 secs] [Times: user=0.01 sys=0.00, real=0.00 secs] 
219.976: Total time for which application threads were stopped: 0.0028280 seconds, Stopping threads took: 0.0006900 seconds
220.024: Application time: 0.0475060 seconds
220.027: [GC220.027: [ParNew: 55871K->6206K(55872K), 0.0022360 secs] 128741K->80245K(182144K), 0.0022830 secs] [Times: user=0.01 sys=0.00, real=0.00 secs] 
220.029: Total time for which application threads were stopped: 0.0049790 seconds, Stopping threads took: 0.0026260 seconds
220.076: Application time: 0.0474060 seconds
220.078: [GC220.078: [ParNew: 55870K->5298K(55872K), 0.0016830 secs] 129909K->79336K(182144K), 0.0017210 secs] [Times: user=0.01 sys=0.00, real=0.00 secs] 
220.080: Total time for which application threads were stopped: 0.0033750 seconds, Stopping threads took: 0.0015890 seconds
220.130: Application time: 0.0497650 seconds
220.133: [GC220.133: [ParNew: 54962K->6127K(55872K), 0.0021110 secs] 129000K->80193K(182144K), 0.0021530 secs] [Times: user=0.01 sys=0.00, real=0.01 secs] 
220.135: Total time for which application threads were stopped: 0.0054250 seconds, Stopping threads took: 0.0032070 seconds
220.183: Application time: 0.0476450 seconds
220.185: [GC220.186: [ParNew: 55791K->6206K(55872K), 0.0022980 secs] 129857K->81333K(182144K), 0.0023420 secs] [Times: user=0.01 sys=0.00, real=0.00 secs] 
220.188: Total time for which application threads were stopped: 0.0052730 seconds, Stopping threads took: 0.0028620 seconds
220.233: Application time: 0.0449320 seconds
220.235: [GC220.235: [ParNew: 55870K->6207K(55872K), 0.0022190 secs] 130997K->82414K(182144K), 0.0022640 secs] [Times: user=0.01 sys=0.00, real=0.00 secs] 
220.238: Total time for which application threads were stopped: 0.0048570 seconds, Stopping threads took: 0.0025330 seconds
220.285: Application time: 0.0476370 seconds
220.288: [GC220.288: [ParNew: 55871K->6206K(55872K), 0.0021640 secs] 132078K->83411K(182144K), 0.0022180 secs] [Times: user=0.02 sys=0.00, real=0.00 secs] 
220.291: Total time for which application threads were stopped: 0.0053300 seconds, Stopping threads took: 0.0030500 seconds
220.337: Application time: 0.0468560 seconds
220.339: [GC220.340: [ParNew: 55870K->6206K(55872K), 0.0023350 secs] 133075K->84494K(182144K), 0.0023820 secs] [Times: user=0.01 sys=0.00, real=0.01 secs] 
220.342: Total time for which application threads were stopped: 0.0044240 seconds, Stopping threads took: 0.0019740 seconds
220.390: Application time: 0.0476640 seconds
220.393: [GC220.393: [ParNew: 55870K->6207K(55872K), 0.0022720 secs] 134158K->85660K(182144K), 0.0023200 secs] [Times: user=0.01 sys=0.00, real=0.01 secs] 
220.395: Total time for which application threads were stopped: 0.0058020 seconds, Stopping threads took: 0.0034140 seconds
220.442: Application time: 0.0461570 seconds
220.444: [GC220.444: [ParNew: 55871K->6206K(55872K), 0.0022990 secs] 135324K->86757K(182144K), 0.0023500 secs] [Times: user=0.02 sys=0.00, real=0.00 secs] 
220.446: Total time for which application threads were stopped: 0.0046120 seconds, Stopping threads took: 0.0021920 seconds
220.494: Application time: 0.0480370 seconds
220.497: [GC220.497: [ParNew: 55870K->6206K(55872K), 0.0019320 secs] 136421K->86904K(182144K), 0.0019740 secs] [Times: user=0.02 sys=0.00, real=0.00 secs] 
220.499: Total time for which application threads were stopped: 0.0044680 seconds, Stopping threads took: 0.0024300 seconds
220.545: Application time: 0.0466420 seconds
220.548: [GC220.548: [ParNew: 55870K->6206K(55872K), 0.0023060 secs] 136568K->87911K(182144K), 0.0023530 secs] [Times: user=0.01 sys=0.00, real=0.00 secs] 
220.550: Total time for which application threads were stopped: 0.0046420 seconds, Stopping threads took: 0.0022230 seconds
220.598: Application time: 0.0478300 seconds
220.599: [GC220.599: [ParNew: 55870K->5702K(55872K), 0.0018200 secs] 137575K->87436K(182144K), 0.0018600 secs] [Times: user=0.01 sys=0.00, real=0.00 secs] 
220.600: Total time for which application threads were stopped: 0.0026540 seconds, Stopping threads took: 0.0007290 seconds
220.650: Application time: 0.0491070 seconds
220.652: [GC220.652: [ParNew: 55366K->5329K(55872K), 0.0019370 secs] 137100K->87091K(182144K), 0.0019780 secs] [Times: user=0.01 sys=0.00, real=0.01 secs] 
220.654: Total time for which application threads were stopped: 0.0046170 seconds, Stopping threads took: 0.0025670 seconds
220.708: Application time: 0.0533830 seconds
220.709: [GC220.709: [ParNew: 54993K->5273K(55872K), 0.0018610 secs] 136755K->87064K(182144K), 0.0019050 secs] [Times: user=0.01 sys=0.00, real=0.00 secs] 
220.711: Total time for which application threads were stopped: 0.0036480 seconds, Stopping threads took: 0.0016660 seconds
220.759: Application time: 0.0480170 seconds
220.762: [GC220.762: [ParNew: 54937K->6207K(55872K), 0.0021370 secs] 136728K->88468K(182144K), 0.0021780 secs] [Times: user=0.02 sys=0.00, real=0.00 secs] 
220.764: Total time for which application threads were stopped: 0.0051030 seconds, Stopping threads took: 0.0028590 seconds
220.813: Application time: 0.0483470 seconds
220.816: [GC220.816: [ParNew: 55871K->6206K(55872K), 0.0022880 secs] 138132K->89325K(182144K), 0.0023310 secs] [Times: user=0.02 sys=0.00, real=0.00 secs] 
220.818: Total time for which application threads were stopped: 0.0054550 seconds, Stopping threads took: 0.0030440 seconds
220.865: Application time: 0.0466140 seconds
220.866: [GC220.866: [ParNew: 55870K->6207K(55872K), 0.0022500 secs] 138989K->90190K(182144K), 0.0022970 secs] [Times: user=0.01 sys=0.00, real=0.00 secs] 
220.868: Total time for which application threads were stopped: 0.0035950 seconds, Stopping threads took: 0.0012300 seconds
220.918: Application time: 0.0493670 seconds
220.920: [GC220.920: [ParNew: 55871K->5913K(55872K), 0.0017770 secs] 139854K->89896K(182144K), 0.0018190 secs] [Times: user=0.01 sys=0.00, real=0.01 secs] 
220.922: Total time for which application threads were stopped: 0.0040980 seconds, Stopping threads took: 0.0022040 seconds
220.970: Application time: 0.0479920 seconds
220.971: [GC220.971: [ParNew: 55577K->6207K(55872K), 0.0022020 secs] 139560K->91040K(182144K), 0.0022470 secs] [Times: user=0.01 sys=0.00, real=0.00 secs] 
220.973: Total time for which application threads were stopped: 0.0030660 seconds, Stopping threads took: 0.0007500 seconds
221.022: Application time: 0.0487160 seconds
221.023: [GC221.023: [ParNew: 55871K->6207K(55872K), 0.0022100 secs] 140704K->91764K(182144K), 0.0022540 secs] [Times: user=0.01 sys=0.00, real=0.00 secs] 
221.026: Total time for which application threads were stopped: 0.0040220 seconds, Stopping threads took: 0.0017010 seconds
221.074: Application time: 0.0486370 seconds
221.077: [GC221.077: [ParNew: 55871K->6207K(55872K), 0.0021090 secs] 141428K->92188K(182144K), 0.0021520 secs] [Times: user=0.01 sys=0.00, real=0.00 secs] 
221.079: Total time for which application threads were stopped: 0.0045390 seconds, Stopping threads took: 0.0023210 seconds
221.128: Application time: 0.0487220 seconds
221.130: [GC221.130: [ParNew: 55871K->5747K(55872K), 0.0019950 secs] 141852K->91756K(182144K), 0.0020360 secs] [Times: user=0.01 sys=0.00, real=0.00 secs] 
221.132: Total time for which application threads were stopped: 0.0042830 seconds, Stopping threads took: 0.0021810 seconds
221.178: Application time: 0.0463110 seconds
221.180: [GC221.180: [ParNew: 55411K->6206K(55872K), 0.0024240 secs] 141420K->93667K(182144K), 0.0024700 secs] [Times: user=0.01 sys=0.00, real=0.01 secs] 
221.183: Total time for which application threads were stopped: 0.0048010 seconds, Stopping threads took: 0.0022620 seconds
221.231: Application time: 0.0484560 seconds
221.233: [GC221.233: [ParNew: 55870K->5581K(55872K), 0.0018090 secs] 143331K->93066K(182144K), 0.0018500 secs] [Times: user=0.02 sys=0.00, real=0.01 secs] 
221.235: Total time for which application threads were stopped: 0.0035860 seconds, Stopping threads took: 0.0016600 seconds
221.285: Application time: 0.0495680 seconds
221.285: [GC221.285: [ParNew: 55245K->5136K(55872K), 0.0017050 secs] 142730K->92650K(182144K), 0.0017420 secs] [Times: user=0.02 sys=0.00, real=0.00 secs] 
221.287: Total time for which application threads were stopped: 0.0023710 seconds, Stopping threads took: 0.0005680 seconds
221.339: Application time: 0.0521000 seconds
221.339: [GC221.339: [ParNew: 54800K->5000K(55872K), 0.0017060 secs] 142314K->92543K(182144K), 0.0017430 secs] [Times: user=0.01 sys=0.00, real=0.00 secs] 
221.341: Total time for which application threads were stopped: 0.0021060 seconds, Stopping threads took: 0.0003000 seconds
221.392: Application time: 0.0511040 seconds
221.394: [GC221.394: [ParNew: 54664K->5029K(55872K), 0.0016200 secs] 142207K->92571K(182144K), 0.0016560 secs] [Times: user=0.01 sys=0.00, real=0.00 secs] 
221.395: Total time for which application threads were stopped: 0.0030920 seconds, Stopping threads took: 0.0013710 seconds
221.444: Application time: 0.0489070 seconds
221.445: [GC221.445: [ParNew: 54693K->6206K(55872K), 0.0020270 secs] 142235K->93780K(182144K), 0.0020740 secs] [Times: user=0.01 sys=0.00, real=0.00 secs] 
221.447: Total time for which application threads were stopped: 0.0031650 seconds, Stopping threads took: 0.0010230 seconds
221.495: Application time: 0.0477450 seconds
221.498: [GC221.498: [ParNew: 55870K->6207K(55872K), 0.0020500 secs] 143444K->94119K(182144K), 0.0020990 secs] [Times: user=0.02 sys=0.00, real=0.00 secs] 
221.500: Total time for which application threads were stopped: 0.0052310 seconds, Stopping threads took: 0.0030620 seconds
221.548: Application time: 0.0476590 seconds
221.550: [GC221.550: [ParNew: 55871K->6206K(55872K), 0.0023480 secs] 143783K->95240K(182144K), 0.0023950 secs] [Times: user=0.02 sys=0.00, real=0.00 secs] 
221.552: Total time for which application threads were stopped: 0.0041660 seconds, Stopping threads took: 0.0016930 seconds
221.600: Application time: 0.0480140 seconds
221.602: [GC221.602: [ParNew: 55870K->6206K(55872K), 0.0022690 secs] 144904K->96225K(182144K), 0.0023200 secs] [Times: user=0.02 sys=0.00, real=0.00 secs] 
221.604: Total time for which application threads were stopped: 0.0042630 seconds, Stopping threads took: 0.0018760 seconds
221.652: Application time: 0.0479950 seconds
221.655: [GC221.655: [ParNew: 55870K->5113K(55872K), 0.0017740 secs] 145889K->95217K(182144K), 0.0018090 secs] [Times: user=0.01 sys=0.00, real=0.00 secs] 
221.657: Total time for which application threads were stopped: 0.0042070 seconds, Stopping threads took: 0.0023120 seconds
221.705: Application time: 0.0481390 seconds
221.707: [GC221.707: [ParNew: 54777K->6206K(55872K), 0.0021680 secs] 144881K->96566K(182144K), 0.0022120 secs] [Times: user=0.01 sys=0.00, real=0.00 secs] 
221.709: Total time for which application threads were stopped: 0.0044540 seconds, Stopping threads took: 0.0021750 seconds
221.756: Application time: 0.0463410 seconds
221.757: [GC221.757: [ParNew: 55870K->6206K(55872K), 0.0022940 secs] 146230K->97542K(182144K), 0.0023360 secs] [Times: user=0.02 sys=0.00, real=0.00 secs] 
221.760: Total time for which application threads were stopped: 0.0040240 seconds, Stopping threads took: 0.0016100 seconds
221.807: Application time: 0.0472700 seconds
221.808: [GC221.808: [ParNew: 55870K->6206K(55872K), 0.0023980 secs] 147206K->98899K(182144K), 0.0024440 secs] [Times: user=0.01 sys=0.00, real=0.00 secs] 
221.811: Total time for which application threads were stopped: 0.0038300 seconds, Stopping threads took: 0.0013180 seconds
221.858: Application time: 0.0472020 seconds
221.860: [GC221.860: [ParNew: 55870K->6022K(55872K), 0.0018840 secs] 148563K->98744K(182144K), 0.0019290 secs] [Times: user=0.02 sys=0.00, real=0.01 secs] 
221.862: Total time for which application threads were stopped: 0.0039340 seconds, Stopping threads took: 0.0019380 seconds
221.910: Application time: 0.0484410 seconds
221.912: [GC221.912: [ParNew: 55686K->5563K(55872K), 0.0018670 secs] 148408K->98284K(182144K), 0.0019070 secs] [Times: user=0.01 sys=0.00, real=0.01 secs] 
221.914: Total time for which application threads were stopped: 0.0035860 seconds, Stopping threads took: 0.0016120 seconds
221.961: Application time: 0.0468700 seconds
221.963: [GC221.963: [ParNew: 55227K->6207K(55872K), 0.0020200 secs] 147948K->99366K(182144K), 0.0020600 secs] [Times: user=0.01 sys=0.00, real=0.00 secs] 
221.965: Total time for which application threads were stopped: 0.0042130 seconds, Stopping threads took: 0.0020880 seconds
222.012: Application time: 0.0465230 seconds
222.013: [GC222.013: [ParNew: 55871K->6206K(55872K), 0.0023750 secs] 149030K->100576K(182144K), 0.0024210 secs] [Times: user=0.01 sys=0.00, real=0.01 secs] 
222.015: Total time for which application threads were stopped: 0.0036950 seconds, Stopping threads took: 0.0012050 seconds
222.065: Application time: 0.0496770 seconds
222.068: [GC222.068: [ParNew: 55870K->6206K(55872K), 0.0022910 secs] 150240K->101647K(182144K), 0.0023370 secs] [Times: user=0.01 sys=0.00, real=0.00 secs] 
222.070: Total time for which application threads were stopped: 0.0051340 seconds, Stopping threads took: 0.0027320 seconds
222.118: Application time: 0.0478800 seconds
222.121: [GC222.121: [ParNew: 55870K->6207K(55872K), 0.0020850 secs] 151311K->102176K(182144K), 0.0021280 secs] [Times: user=0.01 sys=0.00, real=0.00 secs] 
222.124: Total time for which application threads were stopped: 0.0056760 seconds, Stopping threads took: 0.0034830 seconds
222.172: Application time: 0.0481540 seconds
222.173: [GC222.173: [ParNew: 55871K->6138K(55872K), 0.0018860 secs] 151840K->102193K(182144K), 0.0019290 secs] [Times: user=0.01 sys=0.00, real=0.01 secs] 
222.175: Total time for which application threads were stopped: 0.0029950 seconds, Stopping threads took: 0.0009750 seconds
222.224: Application time: 0.0496070 seconds
222.227: [GC222.227: [ParNew: 55802K->5604K(55872K), 0.0018530 secs] 151857K->101688K(182144K), 0.0018950 secs] [Times: user=0.01 sys=0.00, real=0.00 secs] 
222.229: Total time for which application threads were stopped: 0.0045820 seconds, Stopping threads took: 0.0026230 seconds
222.278: Application time: 0.0492400 seconds
222.280: [GC222.280: [ParNew: 55268K->6206K(55872K), 0.0021220 secs] 151352K->102722K(182144K), 0.0021740 secs] [Times: user=0.01 sys=0.00, real=0.01 secs] 
222.282: Total time for which application threads were stopped: 0.0039820 seconds, Stopping threads took: 0.0017340 seconds
222.331: Application time: 0.0483310 seconds
222.333: [GC222.333: [ParNew: 55870K->5572K(55872K), 0.0017500 secs] 152386K->102087K(182144K), 0.0017960 secs] [Times: user=0.02 sys=0.00, real=0.01 secs] 
222.335: Total time for which application threads were stopped: 0.0040830 seconds, Stopping threads took: 0.0022190 seconds
222.384: Application time: 0.0494640 seconds
222.387: [GC222.387: [ParNew: 55236K->6206K(55872K), 0.0020970 secs] 151751K->103062K(182144K), 0.0021390 secs] [Times: user=0.02 sys=0.00, real=0.00 secs] 
222.389: Total time for which application threads were stopped: 0.0052810 seconds, Stopping threads took: 0.0030730 seconds
222.436: Application time: 0.0467230 seconds
222.439: [GC222.439: [ParNew: 55870K->6207K(55872K), 0.0021250 secs] 152726K->103715K(182144K), 0.0021690 secs] [Times: user=0.01 sys=0.00, real=0.00 secs] 
222.441: Total time for which application threads were stopped: 0.0048070 seconds, Stopping threads took: 0.0025700 seconds
222.491: Application time: 0.0498920 seconds
222.494: [GC222.494: [ParNew: 55871K->5581K(55872K), 0.0016400 secs] 153379K->103089K(182144K), 0.0016850 secs] [Times: user=0.01 sys=0.00, real=0.00 secs] 
222.495: Total time for which application threads were stopped: 0.0044960 seconds, Stopping threads took: 0.0027520 seconds
222.544: Application time: 0.0487600 seconds
222.547: [GC222.547: [ParNew: 55245K->6207K(55872K), 0.0020950 secs] 152753K->103784K(182144K), 0.0021380 secs] [Times: user=0.01 sys=0.00, real=0.00 secs] 
222.549: Total time for which application threads were stopped: 0.0050390 seconds, Stopping threads took: 0.0028230 seconds
222.597: Application time: 0.0480740 seconds
222.600: [GC222.600: [ParNew: 55871K->6206K(55872K), 0.0022070 secs] 153448K->104702K(182144K), 0.0022520 secs] [Times: user=0.01 sys=0.00, real=0.01 secs] 
222.602: Total time for which application threads were stopped: 0.0053160 seconds, Stopping threads took: 0.0029970 seconds
222.649: Application time: 0.0467640 seconds
222.651: [GC222.651: [ParNew: 55870K->6207K(55872K), 0.0025530 secs] 154366K->106464K(182144K), 0.0026010 secs] [Times: user=0.02 sys=0.00, real=0.01 secs] 
222.654: Total time for which application threads were stopped: 0.0043470 seconds, Stopping threads took: 0.0016780 seconds
222.702: Application time: 0.0480200 seconds
222.704: [GC222.704: [ParNew: 55871K->6061K(55872K), 0.0020810 secs] 156128K->106371K(182144K), 0.0021230 secs] [Times: user=0.01 sys=0.00, real=0.00 secs] 
222.706: Total time for which application threads were stopped: 0.0048120 seconds, Stopping threads took: 0.0026260 seconds
222.755: Application time: 0.0489330 seconds
222.757: [GC222.757: [ParNew: 55725K->4410K(55872K), 0.0015180 secs] 156035K->104749K(182144K), 0.0015600 secs] [Times: user=0.01 sys=0.00, real=0.00 secs] 
222.759: Total time for which application threads were stopped: 0.0031130 seconds, Stopping threads took: 0.0014870 seconds
222.807: Application time: 0.0483980 seconds
222.809: [GC222.809: [ParNew: 54074K->5223K(55872K), 0.0017210 secs] 154413K->105591K(182144K), 0.0017630 secs] [Times: user=0.01 sys=0.00, real=0.00 secs] 
222.811: Total time for which application threads were stopped: 0.0038350 seconds, Stopping threads took: 0.0019970 seconds
222.859: Application time: 0.0485190 seconds
222.861: [GC222.861: [ParNew: 54887K->5658K(55872K), 0.0020260 secs] 155255K->106054K(182144K), 0.0020730 secs] [Times: user=0.01 sys=0.00, real=0.01 secs] 
222.863: Total time for which application threads were stopped: 0.0034750 seconds, Stopping threads took: 0.0013340 seconds
222.911: Application time: 0.0477890 seconds
222.913: [GC222.913: [ParNew: 55322K->6207K(55872K), 0.0024650 secs] 155718K->107922K(182144K), 0.0025190 secs] [Times: user=0.02 sys=0.00, real=0.01 secs] 
222.915: Total time for which application threads were stopped: 0.0045950 seconds, Stopping threads took: 0.0019890 seconds
222.963: Application time: 0.0479190 seconds
222.965: [GC222.965: [ParNew: 55871K->6207K(55872K), 0.0021600 secs] 157586K->108086K(182144K), 0.0021930 secs] [Times: user=0.01 sys=0.00, real=0.00 secs] 
222.967: Total time for which application threads were stopped: 0.0039450 seconds, Stopping threads took: 0.0016890 seconds
223.014: Application time: 0.0467660 seconds
223.016: [GC223.016: [ParNew: 55871K->6206K(55872K), 0.0021630 secs] 157750K->108260K(182144K), 0.0022060 secs] [Times: user=0.02 sys=0.00, real=0.00 secs] 
223.019: Total time for which application threads were stopped: 0.0048180 seconds, Stopping threads took: 0.0025210 seconds
223.067: Application time: 0.0479410 seconds
223.068: [GC223.068: [ParNew: 55870K->5327K(55872K), 0.0017130 secs] 157924K->107381K(182144K), 0.0017580 secs] [Times: user=0.02 sys=0.00, real=0.00 secs] 
223.069: Total time for which application threads were stopped: 0.0027870 seconds, Stopping threads took: 0.0009620 seconds
223.117: Application time: 0.0477770 seconds
223.119: [GC223.119: [ParNew: 54991K->5356K(55872K), 0.0016880 secs] 157045K->107409K(182144K), 0.0017290 secs] [Times: user=0.01 sys=0.00, real=0.00 secs] 
223.120: Total time for which application threads were stopped: 0.0033640 seconds, Stopping threads took: 0.0015700 seconds
223.168: Application time: 0.0479120 seconds
223.171: [GC223.171: [ParNew: 55020K->6207K(55872K), 0.0022840 secs] 157073K->109243K(182144K), 0.0023340 secs] [Times: user=0.02 sys=0.00, real=0.01 secs] 
223.174: Total time for which application threads were stopped: 0.0053820 seconds, Stopping threads took: 0.0029790 seconds
223.221: Application time: 0.0468330 seconds
223.224: [GC223.224: [ParNew: 55871K->6206K(55872K), 0.0025480 secs] 158907K->110995K(182144K), 0.0025900 secs] [Times: user=0.02 sys=0.00, real=0.00 secs] 
223.226: Total time for which application threads were stopped: 0.0056500 seconds, Stopping threads took: 0.0029750 seconds
223.275: Application time: 0.0489750 seconds
223.277: [GC223.277: [ParNew: 55870K->5842K(55872K), 0.0019030 secs] 160659K->110712K(182144K), 0.0019480 secs] [Times: user=0.01 sys=0.00, real=0.00 secs] 
223.279: Total time for which application threads were stopped: 0.0039680 seconds, Stopping threads took: 0.0019530 seconds
223.328: Application time: 0.0487150 seconds
223.331: [GC223.331: [ParNew: 55506K->6206K(55872K), 0.0027860 secs] 160376K->112684K(182144K), 0.0028390 secs] [Times: user=0.02 sys=0.00, real=0.01 secs] 
223.334: Total time for which application threads were stopped: 0.0060690 seconds, Stopping threads took: 0.0031510 seconds
223.383: Application time: 0.0486840 seconds
223.385: [GC223.385: [ParNew: 55870K->4795K(55872K), 0.0018390 secs] 162348K->111273K(182144K), 0.0018730 secs] [Times: user=0.01 sys=0.00, real=0.00 secs] 
223.387: Total time for which application threads were stopped: 0.0039720 seconds, Stopping threads took: 0.0020180 seconds
223.438: Application time: 0.0518280 seconds
223.441: [GC223.441: [ParNew: 54459K->4391K(55872K), 0.0015210 secs] 160937K->110898K(182144K), 0.0015650 secs] [Times: user=0.01 sys=0.00, real=0.01 secs] 
223.442: Total time for which application threads were stopped: 0.0037740 seconds, Stopping threads took: 0.0021440 seconds
223.490: Application time: 0.0476540 seconds
223.492: [GC223.492: [ParNew: 54055K->6206K(55872K), 0.0024790 secs] 160562K->113868K(182144K), 0.0025230 secs] [Times: user=0.02 sys=0.00, real=0.01 secs] 
223.494: Total time for which application threads were stopped: 0.0043470 seconds, Stopping threads took: 0.0017600 seconds
223.543: Application time: 0.0485580 seconds
223.544: [GC223.544: [ParNew: 55870K->4271K(55872K), 0.0015070 secs] 163532K->111933K(182144K), 0.0015460 secs] [Times: user=0.01 sys=0.00, real=0.00 secs] 
223.546: Total time for which application threads were stopped: 0.0028400 seconds, Stopping threads took: 0.0012170 seconds
223.592: Application time: 0.0466870 seconds
223.595: [GC223.595: [ParNew: 53935K->6207K(55872K), 0.0025160 secs] 161597K->115407K(182144K), 0.0025670 secs] [Times: user=0.02 sys=0.00, real=0.00 secs] 
223.597: Total time for which application threads were stopped: 0.0048300 seconds, Stopping threads took: 0.0021790 seconds
223.645: Application time: 0.0482680 seconds
223.649: [GC223.649: [ParNew: 55871K->6207K(55872K), 0.0021400 secs] 165071K->116126K(182144K), 0.0021850 secs] [Times: user=0.02 sys=0.00, real=0.00 secs] 
223.651: Total time for which application threads were stopped: 0.0053840 seconds, Stopping threads took: 0.0031370 seconds
223.697: Application time: 0.0459100 seconds
223.700: [GC223.700: [ParNew: 55871K->6207K(55872K), 0.0024460 secs] 165790K->117757K(182144K), 0.0024910 secs] [Times: user=0.01 sys=0.00, real=0.01 secs] 
223.702: Total time for which application threads were stopped: 0.0053260 seconds, Stopping threads took: 0.0027680 seconds
223.750: Application time: 0.0477170 seconds
223.752: [GC223.752: [ParNew: 55871K->6206K(55872K), 0.0023920 secs] 167421K->119110K(182144K), 0.0024360 secs] [Times: user=0.02 sys=0.00, real=0.01 secs] 
223.754: Total time for which application threads were stopped: 0.0045360 seconds, Stopping threads took: 0.0020120 seconds
 CMS: abort preclean due to time 223.757: [CMS-concurrent-abortable-preclean: 0.269/5.009 secs] [Times: user=38.46 sys=0.12, real=5.01 secs] 
223.757: Application time: 0.0031050 seconds
223.760: [GC[YG occupancy: 13357 K (55872 K)]223.760: [Rescan (parallel) , 0.0002670 secs]223.760: [weak refs processing, 0.0000080 secs]223.760: [scrub string table, 0.0001110 secs] [1 CMS-remark: 112904K(126272K)] 126261K(182144K), 0.0004210 secs] [Times: user=0.00 sys=0.00, real=0.00 secs] 
223.760: Total time for which application threads were stopped: 0.0027900 seconds, Stopping threads took: 0.0023320 seconds
223.760: [CMS-concurrent-sweep-start]
223.767: [CMS-concurrent-sweep: 0.007/0.007 secs] [Times: user=0.05 sys=0.00, real=0.01 secs] 
223.767: [CMS-concurrent-reset-start]
223.767: [CMS-concurrent-reset: 0.000/0.000 secs] [Times: user=0.00 sys=0.00, real=0.00 secs] 
223.804: Application time: 0.0439360 seconds
223.806: [GC223.806: [ParNew: 55870K->5383K(55872K), 0.0016830 secs] 115550K->65145K(182144K), 0.0017300 secs] [Times: user=0.01 sys=0.00, real=0.00 secs] 
223.808: Total time for which application threads were stopped: 0.0040320 seconds, Stopping threads took: 0.0022360 seconds
223.808: Application time: 0.0001980 seconds
223.811: [GC [1 CMS-initial-mark: 59761K(126272K)] 67251K(182144K), 0.0002080 secs] [Times: user=0.00 sys=0.00, real=0.00 secs] 
223.811: Total time for which application threads were stopped: 0.0023660 seconds, Stopping threads took: 0.0021100 seconds
223.811: [CMS-concurrent-mark-start]
223.816: [CMS-concurrent-mark: 0.005/0.005 secs] [Times: user=0.03 sys=0.00, real=0.01 secs] 
223.816: [CMS-concurrent-preclean-start]
223.816: [CMS-concurrent-preclean: 0.000/0.000 secs] [Times: user=0.00 sys=0.00, real=0.00 secs] 
223.816: [CMS-concurrent-abortable-preclean-start]
223.857: Application time: 0.0461360 seconds
223.859: [GC223.859: [ParNew: 55047K->5645K(55872K), 0.0019900 secs] 114809K->65406K(182144K), 0.0020290 secs] [Times: user=0.01 sys=0.00, real=0.00 secs] 
223.861: Total time for which application threads were stopped: 0.0040440 seconds, Stopping threads took: 0.0019340 seconds
223.907: Application time: 0.0457520 seconds
223.908: [GC223.908: [ParNew: 55309K->4307K(55872K), 0.0015950 secs] 115070K->64097K(182144K), 0.0016280 secs] [Times: user=0.01 sys=0.00, real=0.00 secs] 
223.910: Total time for which application threads were stopped: 0.0030860 seconds, Stopping threads took: 0.0013890 seconds
223.958: Application time: 0.0478080 seconds
223.961: [GC223.961: [ParNew: 53971K->6207K(55872K), 0.0022440 secs] 113761K->66634K(182144K), 0.0022870 secs] [Times: user=0.01 sys=0.00, real=0.01 secs] 
223.963: Total time for which application threads were stopped: 0.0054870 seconds, Stopping threads took: 0.0031130 seconds
224.009: Application time: 0.0456860 seconds
224.012: [GC224.012: [ParNew: 55871K->5748K(55872K), 0.0017840 secs] 116298K->66203K(182144K), 0.0018410 secs] [Times: user=0.01 sys=0.01, real=0.01 secs] 
224.013: Total time for which application threads were stopped: 0.0046290 seconds, Stopping threads took: 0.0027220 seconds
224.059: Application time: 0.0458450 seconds
224.061: [GC224.061: [ParNew: 55412K->6207K(55872K), 0.0021870 secs] 115867K->67307K(182144K), 0.0022280 secs] [Times: user=0.02 sys=0.00, real=0.00 secs] 
224.064: Total time for which application threads were stopped: 0.0043900 seconds, Stopping threads took: 0.0020900 seconds
224.108: Application time: 0.0441450 seconds
224.109: [GC224.109: [ParNew: 55871K->6206K(55872K), 0.0021380 secs] 116971K->68068K(182144K), 0.0021820 secs] [Times: user=0.01 sys=0.00, real=0.00 secs] 
224.112: Total time for which application threads were stopped: 0.0038210 seconds, Stopping threads took: 0.0015720 seconds
224.157: Application time: 0.0451050 seconds
224.159: [GC224.159: [ParNew: 55870K->6206K(55872K), 0.0020600 secs] 117732K->68769K(182144K), 0.0021060 secs] [Times: user=0.02 sys=0.00, real=0.01 secs] 
224.161: Total time for which application threads were stopped: 0.0047670 seconds, Stopping threads took: 0.0025900 seconds
224.208: Application time: 0.0465380 seconds
224.210: [GC224.210: [ParNew: 55870K->4129K(55872K), 0.0013990 secs] 118433K->66692K(182144K), 0.0014390 secs] [Times: user=0.01 sys=0.00, real=0.00 secs] 
224.211: Total time for which application threads were stopped: 0.0032580 seconds, Stopping threads took: 0.0017570 seconds
224.257: Application time: 0.0457120 seconds
224.259: [GC224.259: [ParNew: 53793K->6207K(55872K), 0.0019370 secs] 116356K->68961K(182144K), 0.0019800 secs] [Times: user=0.01 sys=0.00, real=0.00 secs] 
224.261: Total time for which application threads were stopped: 0.0043480 seconds, Stopping threads took: 0.0022830 seconds
224.307: Application time: 0.0456860 seconds
224.308: [GC224.308: [ParNew: 55871K->6206K(55872K), 0.0020240 secs] 118625K->69156K(182144K), 0.0020680 secs] [Times: user=0.01 sys=0.00, real=0.00 secs] 
224.310: Total time for which application threads were stopped: 0.0031500 seconds, Stopping threads took: 0.0010170 seconds
224.354: Application time: 0.0433220 seconds
224.356: [GC224.356: [ParNew: 55870K->6206K(55872K), 0.0021520 secs] 118820K->69681K(182144K), 0.0022000 secs] [Times: user=0.02 sys=0.00, real=0.00 secs] 
224.358: Total time for which application threads were stopped: 0.0043190 seconds, Stopping threads took: 0.0020320 seconds
224.402: Application time: 0.0442760 seconds
224.404: [GC224.404: [ParNew: 55870K->6206K(55872K), 0.0019370 secs] 119345K->69750K(182144K), 0.0019810 secs] [Times: user=0.01 sys=0.00, real=0.00 secs] 
224.406: Total time for which application threads were stopped: 0.0035460 seconds, Stopping threads took: 0.0014930 seconds
224.452: Application time: 0.0460400 seconds
224.453: [GC224.453: [ParNew: 55870K->5745K(55872K), 0.0018250 secs] 119414K->69345K(182144K), 0.0018620 secs] [Times: user=0.02 sys=0.00, real=0.01 secs] 
224.455: Total time for which application threads were stopped: 0.0029430 seconds, Stopping threads took: 0.0010190 seconds
224.500: Application time: 0.0451960 seconds
224.502: [GC224.502: [ParNew: 55409K->5240K(55872K), 0.0015880 secs] 119009K->68869K(182144K), 0.0016290 secs] [Times: user=0.01 sys=0.00, real=0.00 secs] 
224.504: Total time for which application threads were stopped: 0.0042280 seconds, Stopping threads took: 0.0025370 seconds
224.555: Application time: 0.0505520 seconds
224.556: [GC224.556: [ParNew: 54904K->3902K(55872K), 0.0013010 secs] 118533K->67559K(182144K), 0.0013380 secs] [Times: user=0.01 sys=0.00, real=0.00 secs] 
224.558: Total time for which application threads were stopped: 0.0031260 seconds, Stopping threads took: 0.0017280 seconds
224.605: Application time: 0.0469660 seconds
224.607: [GC224.607: [ParNew: 53566K->5424K(55872K), 0.0019320 secs] 117223K->69081K(182144K), 0.0019660 secs] [Times: user=0.01 sys=0.00, real=0.00 secs] 
224.609: Total time for which application threads were stopped: 0.0041400 seconds, Stopping threads took: 0.0020850 seconds
224.657: Application time: 0.0477830 seconds
224.659: [GC224.659: [ParNew: 55088K->6206K(55872K), 0.0022710 secs] 118745K->70986K(182144K), 0.0023170 secs] [Times: user=0.01 sys=0.00, real=0.00 secs] 
224.661: Total time for which application threads were stopped: 0.0046760 seconds, Stopping threads took: 0.0022910 seconds
224.707: Application time: 0.0457940 seconds
224.709: [GC224.709: [ParNew: 55870K->5356K(55872K), 0.0016710 secs] 120650K->70135K(182144K), 0.0017060 secs] [Times: user=0.01 sys=0.00, real=0.00 secs] 
224.711: Total time for which application threads were stopped: 0.0034410 seconds, Stopping threads took: 0.0016730 seconds
224.755: Application time: 0.0447720 seconds
224.758: [GC224.758: [ParNew: 55020K->6206K(55872K), 0.0021490 secs] 119799K->71165K(182144K), 0.0021910 secs] [Times: user=0.01 sys=0.00, real=0.00 secs] 
224.760: Total time for which application threads were stopped: 0.0050700 seconds, Stopping threads took: 0.0027950 seconds
224.807: Application time: 0.0461150 seconds
224.808: [GC224.808: [ParNew: 55870K->3678K(55872K), 0.0012650 secs] 120829K->68637K(182144K), 0.0013040 secs] [Times: user=0.01 sys=0.00, real=0.00 secs] 
224.809: Total time for which application threads were stopped: 0.0028900 seconds, Stopping threads took: 0.0015230 seconds
224.855: Application time: 0.0457820 seconds
224.857: [GC224.857: [ParNew: 53342K->6065K(55872K), 0.0021150 secs] 118301K->71137K(182144K), 0.0021580 secs] [Times: user=0.01 sys=0.00, real=0.00 secs] 
224.859: Total time for which application threads were stopped: 0.0041340 seconds, Stopping threads took: 0.0019120 seconds
224.905: Application time: 0.0455790 seconds
224.906: [GC224.906: [ParNew: 55729K->5094K(55872K), 0.0017100 secs] 120801K->70167K(182144K), 0.0017500 secs] [Times: user=0.01 sys=0.00, real=0.00 secs] 
224.908: Total time for which application threads were stopped: 0.0029600 seconds, Stopping threads took: 0.0011170 seconds
224.952: Application time: 0.0443300 seconds
224.954: [GC224.954: [ParNew: 54758K->6207K(55872K), 0.0021510 secs] 119831K->72020K(182144K), 0.0021930 secs] [Times: user=0.02 sys=0.00, real=0.00 secs] 
224.956: Total time for which application threads were stopped: 0.0040610 seconds, Stopping threads took: 0.0017810 seconds
225.000: Application time: 0.0432230 seconds
225.002: [GC225.002: [ParNew: 55871K->6207K(55872K), 0.0024720 secs] 121684K->73680K(182144K), 0.0025140 secs] [Times: user=0.02 sys=0.00, real=0.00 secs] 
225.004: Total time for which application threads were stopped: 0.0048360 seconds, Stopping threads took: 0.0022570 seconds
225.048: Application time: 0.0441240 seconds
225.051: [GC225.051: [ParNew: 55871K->6207K(55872K), 0.0020920 secs] 123344K->74341K(182144K), 0.0021320 secs] [Times: user=0.01 sys=0.00, real=0.00 secs] 
225.053: Total time for which application threads were stopped: 0.0043820 seconds, Stopping threads took: 0.0021870 seconds
225.098: Application time: 0.0456130 seconds
225.101: [GC225.101: [ParNew: 55871K->6207K(55872K), 0.0019560 secs] 124005K->74479K(182144K), 0.0019990 secs] [Times: user=0.02 sys=0.00, real=0.01 secs] 
225.103: Total time for which application threads were stopped: 0.0045440 seconds, Stopping threads took: 0.0024800 seconds
225.149: Application time: 0.0462820 seconds
225.150: [GC225.150: [ParNew: 55871K->5791K(55872K), 0.0020690 secs] 124143K->74063K(182144K), 0.0021260 secs] [Times: user=0.01 sys=0.00, real=0.00 secs] 
225.152: Total time for which application threads were stopped: 0.0029200 seconds, Stopping threads took: 0.0007110 seconds
225.197: Application time: 0.0448670 seconds
225.199: [GC225.199: [ParNew: 55455K->4746K(55872K), 0.0016310 secs] 123727K->73017K(182144K), 0.0016710 secs] [Times: user=0.01 sys=0.00, real=0.00 secs] 
225.200: Total time for which application threads were stopped: 0.0030940 seconds, Stopping threads took: 0.0013360 seconds
225.247: Application time: 0.0471810 seconds
225.249: [GC225.249: [ParNew: 54409K->6206K(55872K), 0.0020940 secs] 122680K->74651K(182144K), 0.0021450 secs] [Times: user=0.02 sys=0.00, real=0.00 secs] 
225.251: Total time for which application threads were stopped: 0.0036420 seconds, Stopping threads took: 0.0014120 seconds
225.297: Application time: 0.0463260 seconds
225.300: [GC225.300: [ParNew: 55870K->6010K(55872K), 0.0018900 secs] 124315K->74456K(182144K), 0.0019330 secs] [Times: user=0.01 sys=0.00, real=0.01 secs] 
225.302: Total time for which application threads were stopped: 0.0049810 seconds, Stopping threads took: 0.0029840 seconds
225.347: Application time: 0.0449640 seconds
225.350: [GC225.350: [ParNew: 55674K->6206K(55872K), 0.0021370 secs] 124120K->74764K(182144K), 0.0021790 secs] [Times: user=0.02 sys=0.00, real=0.00 secs] 
225.352: Total time for which application threads were stopped: 0.0047510 seconds, Stopping threads took: 0.0025060 seconds
225.397: Application time: 0.0450430 seconds
225.399: [GC225.399: [ParNew: 55870K->6207K(55872K), 0.0023040 secs] 124428K->75328K(182144K), 0.0023460 secs] [Times: user=0.02 sys=0.00, real=0.00 secs] 
225.401: Total time for which application threads were stopped: 0.0040100 seconds, Stopping threads took: 0.0015790 seconds
225.447: Application time: 0.0461620 seconds
225.451: [GC225.451: [ParNew: 55871K->6206K(55872K), 0.0020150 secs] 124992K->75710K(182144K), 0.0020590 secs] [Times: user=0.02 sys=0.00, real=0.00 secs] 
225.453: Total time for which application threads were stopped: 0.0056920 seconds, Stopping threads took: 0.0035580 seconds
225.498: Application time: 0.0449000 seconds
225.500: [GC225.500: [ParNew: 55870K->6207K(55872K), 0.0022170 secs] 125374K->76258K(182144K), 0.0022620 secs] [Times: user=0.02 sys=0.00, real=0.01 secs] 
225.502: Total time for which application threads were stopped: 0.0043650 seconds, Stopping threads took: 0.0020400 seconds
225.549: Application time: 0.0470510 seconds
225.551: [GC225.551: [ParNew: 55871K->4291K(55872K), 0.0013990 secs] 125922K->74371K(182144K), 0.0014400 secs] [Times: user=0.01 sys=0.00, real=0.00 secs] 
225.552: Total time for which application threads were stopped: 0.0030480 seconds, Stopping threads took: 0.0015450 seconds
225.598: Application time: 0.0452720 seconds
225.599: [GC225.599: [ParNew: 53955K->5037K(55872K), 0.0016620 secs] 124035K->75145K(182144K), 0.0017040 secs] [Times: user=0.01 sys=0.00, real=0.00 secs] 
225.601: Total time for which application threads were stopped: 0.0032750 seconds, Stopping threads took: 0.0015080 seconds
225.648: Application time: 0.0471210 seconds
225.651: [GC225.651: [ParNew: 54701K->6206K(55872K), 0.0022620 secs] 124809K->77014K(182144K), 0.0023040 secs] [Times: user=0.02 sys=0.00, real=0.00 secs] 
225.653: Total time for which application threads were stopped: 0.0052370 seconds, Stopping threads took: 0.0028680 seconds
225.697: Application time: 0.0438120 seconds
225.699: [GC225.699: [ParNew: 55870K->6206K(55872K), 0.0024290 secs] 126678K->78543K(182144K), 0.0024760 secs] [Times: user=0.02 sys=0.00, real=0.01 secs] 
225.702: Total time for which application threads were stopped: 0.0044570 seconds, Stopping threads took: 0.0019200 seconds
225.747: Application time: 0.0456970 seconds
225.748: [GC225.748: [ParNew: 55870K->5360K(55872K), 0.0017070 secs] 128207K->77697K(182144K), 0.0017470 secs] [Times: user=0.02 sys=0.00, real=0.00 secs] 
225.750: Total time for which application threads were stopped: 0.0025400 seconds, Stopping threads took: 0.0007350 seconds
225.795: Application time: 0.0455790 seconds
225.797: [GC225.797: [ParNew: 55024K->6206K(55872K), 0.0024810 secs] 127361K->80167K(182144K), 0.0025290 secs] [Times: user=0.02 sys=0.00, real=0.00 secs] 
225.800: Total time for which application threads were stopped: 0.0046530 seconds, Stopping threads took: 0.0020560 seconds
225.846: Application time: 0.0455690 seconds
225.847: [GC225.847: [ParNew: 55870K->5653K(55872K), 0.0017880 secs] 129831K->79643K(182144K), 0.0018290 secs] [Times: user=0.01 sys=0.00, real=0.00 secs] 
225.849: Total time for which application threads were stopped: 0.0034780 seconds, Stopping threads took: 0.0015850 seconds
225.895: Application time: 0.0461550 seconds
225.898: [GC225.898: [ParNew: 55317K->6207K(55872K), 0.0021760 secs] 129307K->80576K(182144K), 0.0022300 secs] [Times: user=0.01 sys=0.00, real=0.00 secs] 
225.901: Total time for which application threads were stopped: 0.0054250 seconds, Stopping threads took: 0.0031210 seconds
225.946: Application time: 0.0448660 seconds
225.947: [GC225.947: [ParNew: 55871K->6207K(55872K), 0.0023560 secs] 130240K->81933K(182144K), 0.0024000 secs] [Times: user=0.01 sys=0.00, real=0.00 secs] 
225.950: Total time for which application threads were stopped: 0.0043870 seconds, Stopping threads took: 0.0019220 seconds
225.995: Application time: 0.0449070 seconds
225.997: [GC225.997: [ParNew: 55871K->6206K(55872K), 0.0023610 secs] 131597K->83310K(182144K), 0.0024060 secs] [Times: user=0.02 sys=0.00, real=0.00 secs] 
225.999: Total time for which application threads were stopped: 0.0044350 seconds, Stopping threads took: 0.0019540 seconds
226.043: Application time: 0.0437260 seconds
226.045: [GC226.045: [ParNew: 55870K->6207K(55872K), 0.0020210 secs] 132974K->83645K(182144K), 0.0020710 secs] [Times: user=0.02 sys=0.00, real=0.00 secs] 
226.047: Total time for which application threads were stopped: 0.0044530 seconds, Stopping threads took: 0.0023140 seconds
226.093: Application time: 0.0452810 seconds
226.095: [GC226.095: [ParNew: 55871K->5588K(55872K), 0.0017810 secs] 133309K->83054K(182144K), 0.0018210 secs] [Times: user=0.02 sys=0.00, real=0.00 secs] 
226.097: Total time for which application threads were stopped: 0.0039250 seconds, Stopping threads took: 0.0020430 seconds
226.141: Application time: 0.0446400 seconds
226.144: [GC226.144: [ParNew: 55252K->6206K(55872K), 0.0020850 secs] 132718K->84101K(182144K), 0.0021270 secs] [Times: user=0.02 sys=0.00, real=0.00 secs] 
226.146: Total time for which application threads were stopped: 0.0049120 seconds, Stopping threads took: 0.0027190 seconds
226.191: Application time: 0.0448420 seconds
226.193: [GC226.193: [ParNew: 55870K->5654K(55872K), 0.0019280 secs] 133765K->83549K(182144K), 0.0019680 secs] [Times: user=0.02 sys=0.00, real=0.01 secs] 
226.195: Total time for which application threads were stopped: 0.0034710 seconds, Stopping threads took: 0.0014180 seconds
226.237: Application time: 0.0429570 seconds
226.240: [GC226.240: [ParNew: 55318K->6207K(55872K), 0.0023620 secs] 133213K->85494K(182144K), 0.0024050 secs] [Times: user=0.02 sys=0.00, real=0.01 secs] 
226.242: Total time for which application threads were stopped: 0.0047850 seconds, Stopping threads took: 0.0023150 seconds
226.287: Application time: 0.0442870 seconds
226.289: [GC226.289: [ParNew: 55871K->6207K(55872K), 0.0020080 secs] 135158K->85707K(182144K), 0.0020540 secs] [Times: user=0.01 sys=0.00, real=0.00 secs] 
226.291: Total time for which application threads were stopped: 0.0042190 seconds, Stopping threads took: 0.0020990 seconds
226.336: Application time: 0.0449150 seconds
226.337: [GC226.337: [ParNew: 55871K->4956K(55872K), 0.0016020 secs] 135371K->84455K(182144K), 0.0016420 secs] [Times: user=0.01 sys=0.00, real=0.00 secs] 
226.339: Total time for which application threads were stopped: 0.0033890 seconds, Stopping threads took: 0.0016860 seconds
226.385: Application time: 0.0459790 seconds
226.386: [GC226.386: [ParNew: 54620K->6207K(55872K), 0.0019710 secs] 134119K->85849K(182144K), 0.0020140 secs] [Times: user=0.01 sys=0.00, real=0.00 secs] 
226.388: Total time for which application threads were stopped: 0.0033380 seconds, Stopping threads took: 0.0012580 seconds
226.436: Application time: 0.0478630 seconds
226.437: [GC226.437: [ParNew: 55871K->5710K(55872K), 0.0019310 secs] 135513K->85380K(182144K), 0.0019710 secs] [Times: user=0.01 sys=0.00, real=0.00 secs] 
226.439: Total time for which application threads were stopped: 0.0025220 seconds, Stopping threads took: 0.0004840 seconds
226.488: Application time: 0.0491260 seconds
226.490: [GC226.490: [ParNew: 55374K->3540K(55872K), 0.0012650 secs] 135044K->83239K(182144K), 0.0013090 secs] [Times: user=0.00 sys=0.00, real=0.00 secs] 
226.491: Total time for which application threads were stopped: 0.0029300 seconds, Stopping threads took: 0.0015400 seconds
226.541: Application time: 0.0497340 seconds
226.542: [GC226.542: [ParNew: 53204K->5154K(55872K), 0.0016930 secs] 132903K->84881K(182144K), 0.0017320 secs] [Times: user=0.02 sys=0.00, real=0.00 secs] 
226.544: Total time for which application threads were stopped: 0.0030810 seconds, Stopping threads took: 0.0012810 seconds
226.590: Application time: 0.0459440 seconds
226.592: [GC226.592: [ParNew: 54818K->5537K(55872K), 0.0018180 secs] 134545K->85293K(182144K), 0.0018580 secs] [Times: user=0.02 sys=0.00, real=0.01 secs] 
226.594: Total time for which application threads were stopped: 0.0043400 seconds, Stopping threads took: 0.0024190 seconds
226.640: Application time: 0.0461700 seconds
226.642: [GC226.642: [ParNew: 55201K->6207K(55872K), 0.0023180 secs] 134957K->86246K(182144K), 0.0023650 secs] [Times: user=0.01 sys=0.00, real=0.00 secs] 
226.644: Total time for which application threads were stopped: 0.0038900 seconds, Stopping threads took: 0.0014380 seconds
226.687: Application time: 0.0426620 seconds
226.689: [GC226.689: [ParNew: 55871K->6207K(55872K), 0.0021130 secs] 135910K->87053K(182144K), 0.0021580 secs] [Times: user=0.01 sys=0.00, real=0.00 secs] 
226.691: Total time for which application threads were stopped: 0.0047220 seconds, Stopping threads took: 0.0024980 seconds
226.736: Application time: 0.0450830 seconds
226.739: [GC226.739: [ParNew: 55871K->6206K(55872K), 0.0019930 secs] 136717K->87377K(182144K), 0.0020350 secs] [Times: user=0.01 sys=0.00, real=0.00 secs] 
226.741: Total time for which application threads were stopped: 0.0044230 seconds, Stopping threads took: 0.0023260 seconds
226.786: Application time: 0.0452750 seconds
226.788: [GC226.788: [ParNew: 55870K->5550K(55872K), 0.0019540 secs] 137041K->86720K(182144K), 0.0019920 secs] [Times: user=0.01 sys=0.00, real=0.00 secs] 
226.790: Total time for which application threads were stopped: 0.0036610 seconds, Stopping threads took: 0.0015840 seconds
226.834: Application time: 0.0443610 seconds
226.837: [GC226.837: [ParNew: 55214K->5016K(55872K), 0.0016220 secs] 136384K->86186K(182144K), 0.0016640 secs] [Times: user=0.01 sys=0.00, real=0.00 secs] 
226.839: Total time for which application threads were stopped: 0.0045620 seconds, Stopping threads took: 0.0028120 seconds
226.883: Application time: 0.0442680 seconds
226.885: [GC226.885: [ParNew: 54680K->5744K(55872K), 0.0018740 secs] 135850K->86943K(182144K), 0.0019180 secs] [Times: user=0.02 sys=0.00, real=0.00 secs] 
226.887: Total time for which application threads were stopped: 0.0043070 seconds, Stopping threads took: 0.0023230 seconds
226.936: Application time: 0.0485960 seconds
226.938: [GC226.938: [ParNew: 55408K->5698K(55872K), 0.0018150 secs] 136607K->86954K(182144K), 0.0018590 secs] [Times: user=0.01 sys=0.00, real=0.00 secs] 
226.940: Total time for which application threads were stopped: 0.0036830 seconds, Stopping threads took: 0.0017580 seconds
226.986: Application time: 0.0465040 seconds
226.987: [GC226.987: [ParNew: 55362K->5585K(55872K), 0.0019340 secs] 136618K->86870K(182144K), 0.0019760 secs] [Times: user=0.02 sys=0.00, real=0.00 secs] 
226.989: Total time for which application threads were stopped: 0.0026900 seconds, Stopping threads took: 0.0006480 seconds
227.038: Application time: 0.0487770 seconds
227.040: [GC227.040: [ParNew: 55249K->5975K(55872K), 0.0018960 secs] 136534K->87317K(182144K), 0.0019390 secs] [Times: user=0.02 sys=0.00, real=0.01 secs] 
227.042: Total time for which application threads were stopped: 0.0039780 seconds, Stopping threads took: 0.0019740 seconds
227.087: Application time: 0.0449240 seconds
227.088: [GC227.088: [ParNew: 55639K->6207K(55872K), 0.0023430 secs] 136981K->88722K(182144K), 0.0023890 secs] [Times: user=0.02 sys=0.00, real=0.00 secs] 
227.091: Total time for which application threads were stopped: 0.0043470 seconds, Stopping threads took: 0.0018810 seconds
227.137: Application time: 0.0463500 seconds
227.140: [GC227.140: [ParNew: 55871K->6206K(55872K), 0.0022200 secs] 138386K->89612K(182144K), 0.0022710 secs] [Times: user=0.01 sys=0.00, real=0.01 secs] 
227.142: Total time for which application threads were stopped: 0.0049780 seconds, Stopping threads took: 0.0026440 seconds
227.187: Application time: 0.0448040 seconds
227.189: [GC227.189: [ParNew: 55870K->6206K(55872K), 0.0020060 secs] 139276K->89875K(182144K), 0.0020520 secs] [Times: user=0.02 sys=0.00, real=0.00 secs] 
227.191: Total time for which application threads were stopped: 0.0039060 seconds, Stopping threads took: 0.0017900 seconds
227.237: Application time: 0.0458970 seconds
227.238: [GC227.238: [ParNew: 55870K->6207K(55872K), 0.0024160 secs] 139539K->91542K(182144K), 0.0024610 secs] [Times: user=0.02 sys=0.00, real=0.00 secs] 
227.241: Total time for which application threads were stopped: 0.0039850 seconds, Stopping threads took: 0.0014580 seconds
227.286: Application time: 0.0451080 seconds
227.288: [GC227.288: [ParNew: 55871K->6207K(55872K), 0.0021260 secs] 141206K->92205K(182144K), 0.0021670 secs] [Times: user=0.01 sys=0.00, real=0.00 secs] 
227.290: Total time for which application threads were stopped: 0.0039200 seconds, Stopping threads took: 0.0016860 seconds
227.334: Application time: 0.0445660 seconds
227.336: [GC227.336: [ParNew: 55871K->6206K(55872K), 0.0020810 secs] 141869K->92889K(182144K), 0.0021220 secs] [Times: user=0.01 sys=0.00, real=0.00 secs] 
227.338: Total time for which application threads were stopped: 0.0040260 seconds, Stopping threads took: 0.0018380 seconds
227.381: Application time: 0.0424670 seconds
227.383: [GC227.383: [ParNew: 55870K->6206K(55872K), 0.0024720 secs] 142553K->94401K(182144K), 0.0025170 secs] [Times: user=0.02 sys=0.00, real=0.00 secs] 
227.385: Total time for which application threads were stopped: 0.0044510 seconds, Stopping threads took: 0.0018600 seconds
227.431: Application time: 0.0454270 seconds
227.433: [GC227.433: [ParNew: 55870K->6206K(55872K), 0.0019290 secs] 144065K->94506K(182144K), 0.0019720 secs] [Times: user=0.01 sys=0.00, real=0.01 secs] 
227.435: Total time for which application threads were stopped: 0.0042230 seconds, Stopping threads took: 0.0021870 seconds
227.480: Application time: 0.0452960 seconds
227.482: [GC227.482: [ParNew: 55870K->6162K(55872K), 0.0019300 secs] 144170K->94491K(182144K), 0.0019680 secs] [Times: user=0.02 sys=0.00, real=0.00 secs] 
227.484: Total time for which application threads were stopped: 0.0035950 seconds, Stopping threads took: 0.0015640 seconds
227.528: Application time: 0.0444830 seconds
227.530: [GC227.531: [ParNew: 55826K->6207K(55872K), 0.0024090 secs] 144155K->96085K(182144K), 0.0024570 secs] [Times: user=0.02 sys=0.00, real=0.00 secs] 
227.533: Total time for which application threads were stopped: 0.0045670 seconds, Stopping threads took: 0.0020190 seconds
227.579: Application time: 0.0456760 seconds
227.581: [GC227.581: [ParNew: 55871K->5559K(55872K), 0.0018920 secs] 145749K->95437K(182144K), 0.0019350 secs] [Times: user=0.01 sys=0.00, real=0.01 secs] 
227.583: Total time for which application threads were stopped: 0.0038760 seconds, Stopping threads took: 0.0018780 seconds
227.628: Application time: 0.0458860 seconds
227.630: [GC227.630: [ParNew: 55223K->4577K(55872K), 0.0016290 secs] 145101K->94483K(182144K), 0.0016660 secs] [Times: user=0.01 sys=0.00, real=0.00 secs] 
227.632: Total time for which application threads were stopped: 0.0031280 seconds, Stopping threads took: 0.0013760 seconds
227.679: Application time: 0.0472340 seconds
227.680: [GC227.680: [ParNew: 54241K->5580K(55872K), 0.0019020 secs] 144147K->95515K(182144K), 0.0019470 secs] [Times: user=0.02 sys=0.00, real=0.01 secs] 
227.682: Total time for which application threads were stopped: 0.0034400 seconds, Stopping threads took: 0.0014270 seconds
227.728: Application time: 0.0456890 seconds
227.729: [GC227.729: [ParNew: 55244K->6206K(55872K), 0.0020500 secs] 145179K->96431K(182144K), 0.0020960 secs] [Times: user=0.01 sys=0.00, real=0.00 secs] 
227.731: Total time for which application threads were stopped: 0.0034960 seconds, Stopping threads took: 0.0013250 seconds
227.777: Application time: 0.0459310 seconds
227.779: [GC227.779: [ParNew: 55870K->6207K(55872K), 0.0021790 secs] 146095K->96696K(182144K), 0.0022220 secs] [Times: user=0.02 sys=0.00, real=0.00 secs] 
227.781: Total time for which application threads were stopped: 0.0038060 seconds, Stopping threads took: 0.0014960 seconds
227.829: Application time: 0.0477420 seconds
227.831: [GC227.831: [ParNew: 55871K->4443K(55872K), 0.0015990 secs] 146360K->94932K(182144K), 0.0016390 secs] [Times: user=0.01 sys=0.00, real=0.00 secs] 
227.833: Total time for which application threads were stopped: 0.0039450 seconds, Stopping threads took: 0.0022230 seconds
227.879: Application time: 0.0462770 seconds
227.881: [GC227.881: [ParNew: 54107K->6207K(55872K), 0.0021300 secs] 144596K->96804K(182144K), 0.0021740 secs] [Times: user=0.01 sys=0.00, real=0.01 secs] 
227.883: Total time for which application threads were stopped: 0.0042230 seconds, Stopping threads took: 0.0019820 seconds
227.933: Application time: 0.0492900 seconds
227.935: [GC227.935: [ParNew: 55871K->6207K(55872K), 0.0022060 secs] 146468K->97843K(182144K), 0.0022490 secs] [Times: user=0.01 sys=0.00, real=0.00 secs] 
227.937: Total time for which application threads were stopped: 0.0044880 seconds, Stopping threads took: 0.0021520 seconds
227.985: Application time: 0.0480950 seconds
227.986: [GC227.986: [ParNew: 55871K->6206K(55872K), 0.0019980 secs] 147507K->97880K(182144K), 0.0020400 secs] [Times: user=0.01 sys=0.00, real=0.00 secs] 
227.988: Total time for which application threads were stopped: 0.0030690 seconds, Stopping threads took: 0.0009610 seconds
228.037: Application time: 0.0487420 seconds
228.038: [GC228.038: [ParNew: 55870K->6206K(55872K), 0.0020670 secs] 147544K->98348K(182144K), 0.0021110 secs] [Times: user=0.02 sys=0.00, real=0.00 secs] 
228.041: Total time for which application threads were stopped: 0.0035160 seconds, Stopping threads took: 0.0013380 seconds
228.087: Application time: 0.0469250 seconds
228.090: [GC228.090: [ParNew: 55870K->6078K(55872K), 0.0019610 secs] 148012K->98277K(182144K), 0.0020080 secs] [Times: user=0.01 sys=0.00, real=0.00 secs] 
228.092: Total time for which application threads were stopped: 0.0041300 seconds, Stopping threads took: 0.0020540 seconds
228.140: Application time: 0.0480510 seconds
228.142: [GC228.142: [ParNew: 55742K->6207K(55872K), 0.0023040 secs] 147941K->99461K(182144K), 0.0023480 secs] [Times: user=0.01 sys=0.00, real=0.00 secs] 
228.144: Total time for which application threads were stopped: 0.0042400 seconds, Stopping threads took: 0.0018140 seconds
228.195: Application time: 0.0506150 seconds
228.196: [GC228.196: [ParNew: 55871K->6206K(55872K), 0.0022920 secs] 149125K->100004K(182144K), 0.0023390 secs] [Times: user=0.02 sys=0.00, real=0.00 secs] 
228.199: Total time for which application threads were stopped: 0.0040890 seconds, Stopping threads took: 0.0016830 seconds
228.245: Application time: 0.0463830 seconds
228.248: [GC228.248: [ParNew: 55870K->6207K(55872K), 0.0020820 secs] 149668K->100418K(182144K), 0.0021290 secs] [Times: user=0.01 sys=0.00, real=0.00 secs] 
228.250: Total time for which application threads were stopped: 0.0046730 seconds, Stopping threads took: 0.0024770 seconds
228.297: Application time: 0.0477440 seconds
228.300: [GC228.300: [ParNew: 55871K->6207K(55872K), 0.0021180 secs] 150082K->100881K(182144K), 0.0021620 secs] [Times: user=0.01 sys=0.01, real=0.01 secs] 
228.302: Total time for which application threads were stopped: 0.0042710 seconds, Stopping threads took: 0.0020430 seconds
228.350: Application time: 0.0480490 seconds
228.352: [GC228.353: [ParNew: 55871K->6207K(55872K), 0.0022450 secs] 150545K->101853K(182144K), 0.0022950 secs] [Times: user=0.02 sys=0.00, real=0.01 secs] 
228.355: Total time for which application threads were stopped: 0.0050500 seconds, Stopping threads took: 0.0026870 seconds
228.403: Application time: 0.0486680 seconds
228.406: [GC228.406: [ParNew: 55871K->6207K(55872K), 0.0022290 secs] 151517K->102741K(182144K), 0.0022820 secs] [Times: user=0.01 sys=0.00, real=0.00 secs] 
228.409: Total time for which application threads were stopped: 0.0052220 seconds, Stopping threads took: 0.0028740 seconds
228.457: Application time: 0.0479160 seconds
228.457: [GC228.457: [ParNew: 55871K->4465K(55872K), 0.0016040 secs] 152405K->101056K(182144K), 0.0016450 secs] [Times: user=0.01 sys=0.00, real=0.00 secs] 
228.459: Total time for which application threads were stopped: 0.0025310 seconds, Stopping threads took: 0.0008230 seconds
228.507: Application time: 0.0475790 seconds
228.509: [GC228.509: [ParNew: 54129K->6207K(55872K), 0.0019730 secs] 150720K->103000K(182144K), 0.0020170 secs] [Times: user=0.01 sys=0.00, real=0.00 secs] 
228.511: Total time for which application threads were stopped: 0.0045570 seconds, Stopping threads took: 0.0024790 seconds
228.559: Application time: 0.0477250 seconds
228.561: [GC228.561: [ParNew: 55871K->6206K(55872K), 0.0020750 secs] 152664K->103140K(182144K), 0.0021180 secs] [Times: user=0.01 sys=0.00, real=0.01 secs] 
228.563: Total time for which application threads were stopped: 0.0041160 seconds, Stopping threads took: 0.0019370 seconds
228.610: Application time: 0.0472820 seconds
228.613: [GC228.613: [ParNew: 55870K->6207K(55872K), 0.0020090 secs] 152804K->103205K(182144K), 0.0020530 secs] [Times: user=0.01 sys=0.00, real=0.01 secs] 
228.615: Total time for which application threads were stopped: 0.0041920 seconds, Stopping threads took: 0.0020720 seconds
228.664: Application time: 0.0489600 seconds
228.666: [GC228.666: [ParNew: 55871K->5164K(55872K), 0.0016520 secs] 152869K->102220K(182144K), 0.0016970 secs] [Times: user=0.01 sys=0.00, real=0.00 secs] 
228.667: Total time for which application threads were stopped: 0.0037190 seconds, Stopping threads took: 0.0019440 seconds
228.715: Application time: 0.0475940 seconds
228.716: [GC228.716: [ParNew: 54828K->6206K(55872K), 0.0019450 secs] 151884K->103306K(182144K), 0.0019910 secs] [Times: user=0.01 sys=0.00, real=0.00 secs] 
228.718: Total time for which application threads were stopped: 0.0031080 seconds, Stopping threads took: 0.0010510 seconds
228.765: Application time: 0.0474380 seconds
228.767: [GC228.767: [ParNew: 55870K->6207K(55872K), 0.0020350 secs] 152970K->103450K(182144K), 0.0020800 secs] [Times: user=0.01 sys=0.00, real=0.00 secs] 
228.769: Total time for which application threads were stopped: 0.0039830 seconds, Stopping threads took: 0.0018370 seconds
228.816: Application time: 0.0466380 seconds
228.817: [GC228.817: [ParNew: 55871K->6206K(55872K), 0.0020540 secs] 153114K->103719K(182144K), 0.0020960 secs] [Times: user=0.02 sys=0.00, real=0.00 secs] 
228.819: Total time for which application threads were stopped: 0.0029180 seconds, Stopping threads took: 0.0007550 seconds
 CMS: abort preclean due to time 228.821: [CMS-concurrent-abortable-preclean: 0.240/5.005 secs] [Times: user=38.38 sys=0.13, real=5.00 secs] 
228.821: Application time: 0.0021010 seconds
228.824: [GC[YG occupancy: 10908 K (55872 K)]228.824: [Rescan (parallel) , 0.0004090 secs]228.824: [weak refs processing, 0.0000080 secs]228.824: [scrub string table, 0.0001170 secs] [1 CMS-remark: 97512K(126272K)] 108421K(182144K), 0.0005650 secs] [Times: user=0.00 sys=0.00, real=0.00 secs] 
228.825: Total time for which application threads were stopped: 0.0034480 seconds, Stopping threads took: 0.0028520 seconds
228.825: [CMS-concurrent-sweep-start]
228.831: [CMS-concurrent-sweep: 0.007/0.007 secs] [Times: user=0.04 sys=0.00, real=0.00 secs] 
228.831: [CMS-concurrent-reset-start]
228.832: [CMS-concurrent-reset: 0.000/0.000 secs] [Times: user=0.00 sys=0.00, real=0.00 secs] 
228.870: Application time: 0.0458240 seconds
228.873: [GC228.873: [ParNew: 55870K->6206K(55872K), 0.0020220 secs] 95178K->45795K(182144K), 0.0020620 secs] [Times: user=0.02 sys=0.00, real=0.01 secs] 
228.875: Total time for which application threads were stopped: 0.0046960 seconds, Stopping threads took: 0.0025690 seconds
228.924: Application time: 0.0488550 seconds
228.927: [GC228.927: [ParNew: 55870K->6206K(55872K), 0.0023690 secs] 95459K->47110K(182144K), 0.0024240 secs] [Times: user=0.01 sys=0.00, real=0.00 secs] 
228.930: Total time for which application threads were stopped: 0.0057960 seconds, Stopping threads took: 0.0032840 seconds
228.980: Application time: 0.0502380 seconds
228.983: [GC228.983: [ParNew: 55870K->5078K(55872K), 0.0017170 secs] 96774K->45982K(182144K), 0.0017570 secs] [Times: user=0.02 sys=0.00, real=0.00 secs] 
228.985: Total time for which application threads were stopped: 0.0046290 seconds, Stopping threads took: 0.0028080 seconds
229.034: Application time: 0.0491290 seconds
229.035: [GC229.035: [ParNew: 54742K->5466K(55872K), 0.0018100 secs] 95646K->46427K(182144K), 0.0018510 secs] [Times: user=0.02 sys=0.00, real=0.00 secs] 
229.037: Total time for which application threads were stopped: 0.0033440 seconds, Stopping threads took: 0.0014280 seconds
229.088: Application time: 0.0504630 seconds
229.090: [GC229.090: [ParNew: 55130K->5290K(55872K), 0.0017660 secs] 96091K->46280K(182144K), 0.0018150 secs] [Times: user=0.01 sys=0.00, real=0.00 secs] 
229.092: Total time for which application threads were stopped: 0.0046620 seconds, Stopping threads took: 0.0027680 seconds
229.142: Application time: 0.0501590 seconds
229.144: [GC229.144: [ParNew: 54954K->4695K(55872K), 0.0017160 secs] 95944K->45713K(182144K), 0.0017570 secs] [Times: user=0.02 sys=0.00, real=0.00 secs] 
229.146: Total time for which application threads were stopped: 0.0035650 seconds, Stopping threads took: 0.0017340 seconds
229.194: Application time: 0.0485460 seconds
229.196: [GC229.196: [ParNew: 54359K->5623K(55872K), 0.0018810 secs] 95377K->46669K(182144K), 0.0019230 secs] [Times: user=0.01 sys=0.00, real=0.00 secs] 
229.198: Total time for which application threads were stopped: 0.0035460 seconds, Stopping threads took: 0.0015500 seconds
229.246: Application time: 0.0477930 seconds
229.247: [GC229.247: [ParNew: 55287K->6207K(55872K), 0.0022350 secs] 96333K->48122K(182144K), 0.0022800 secs] [Times: user=0.01 sys=0.00, real=0.00 secs] 
229.250: Total time for which application threads were stopped: 0.0037790 seconds, Stopping threads took: 0.0014320 seconds
229.300: Application time: 0.0499820 seconds
229.302: [GC229.302: [ParNew: 55871K->6206K(55872K), 0.0022180 secs] 97786K->48870K(182144K), 0.0022670 secs] [Times: user=0.01 sys=0.00, real=0.00 secs] 
229.304: Total time for which application threads were stopped: 0.0043470 seconds, Stopping threads took: 0.0020110 seconds
229.353: Application time: 0.0492410 seconds
229.355: [GC229.355: [ParNew: 55870K->5435K(55872K), 0.0016670 secs] 98534K->48098K(182144K), 0.0017040 secs] [Times: user=0.01 sys=0.00, real=0.00 secs] 
229.357: Total time for which application threads were stopped: 0.0034740 seconds, Stopping threads took: 0.0017080 seconds
229.405: Application time: 0.0482800 seconds
229.406: [GC229.406: [ParNew: 55099K->6207K(55872K), 0.0024500 secs] 97762K->50452K(182144K), 0.0024940 secs] [Times: user=0.02 sys=0.00, real=0.00 secs] 
229.409: Total time for which application threads were stopped: 0.0040090 seconds, Stopping threads took: 0.0014480 seconds
229.409: Application time: 0.0000860 seconds
229.411: [GC [1 CMS-initial-mark: 44244K(126272K)] 51191K(182144K), 0.0002120 secs] [Times: user=0.00 sys=0.00, real=0.00 secs] 
229.411: Total time for which application threads were stopped: 0.0022290 seconds, Stopping threads took: 0.0019960 seconds
229.411: [CMS-concurrent-mark-start]
229.420: [CMS-concurrent-mark: 0.008/0.008 secs] [Times: user=0.05 sys=0.00, real=0.01 secs] 
229.420: [CMS-concurrent-preclean-start]
229.420: [CMS-concurrent-preclean: 0.000/0.000 secs] [Times: user=0.00 sys=0.00, real=0.00 secs] 
229.420: [CMS-concurrent-abortable-preclean-start]
229.461: Application time: 0.0494070 seconds
229.461: [GC229.461: [ParNew: 55871K->4790K(55872K), 0.0015540 secs] 100116K->49035K(182144K), 0.0015920 secs] [Times: user=0.01 sys=0.00, real=0.00 secs] 
229.463: Total time for which application threads were stopped: 0.0023410 seconds, Stopping threads took: 0.0006820 seconds
229.513: Application time: 0.0497600 seconds
229.515: [GC229.515: [ParNew: 54454K->5771K(55872K), 0.0017950 secs] 98699K->50016K(182144K), 0.0018470 secs] [Times: user=0.02 sys=0.00, real=0.00 secs] 
229.517: Total time for which application threads were stopped: 0.0041280 seconds, Stopping threads took: 0.0022140 seconds
229.568: Application time: 0.0511030 seconds
229.570: [GC229.570: [ParNew: 55435K->5145K(55872K), 0.0016680 secs] 99680K->49419K(182144K), 0.0017080 secs] [Times: user=0.01 sys=0.00, real=0.00 secs] 
229.572: Total time for which application threads were stopped: 0.0035340 seconds, Stopping threads took: 0.0017580 seconds
229.626: Application time: 0.0546440 seconds
229.627: [GC229.627: [ParNew: 54809K->2666K(55872K), 0.0011680 secs] 99083K->46996K(182144K), 0.0012040 secs] [Times: user=0.01 sys=0.00, real=0.00 secs] 
229.628: Total time for which application threads were stopped: 0.0016750 seconds, Stopping threads took: 0.0004100 seconds
229.681: Application time: 0.0530620 seconds
229.683: [GC229.683: [ParNew: 52330K->5078K(55872K), 0.0016110 secs] 96660K->49409K(182144K), 0.0016510 secs] [Times: user=0.01 sys=0.00, real=0.00 secs] 
229.685: Total time for which application threads were stopped: 0.0037490 seconds, Stopping threads took: 0.0020340 seconds
229.732: Application time: 0.0477800 seconds
229.734: [GC229.734: [ParNew: 54742K->5628K(55872K), 0.0017210 secs] 99073K->50015K(182144K), 0.0017610 secs] [Times: user=0.02 sys=0.00, real=0.00 secs] 
229.736: Total time for which application threads were stopped: 0.0035360 seconds, Stopping threads took: 0.0016990 seconds
229.787: Application time: 0.0510070 seconds
229.788: [GC229.788: [ParNew: 55291K->3855K(55872K), 0.0013310 secs] 99679K->48271K(182144K), 0.0013670 secs] [Times: user=0.01 sys=0.00, real=0.00 secs] 
229.789: Total time for which application threads were stopped: 0.0022880 seconds, Stopping threads took: 0.0008580 seconds
229.837: Application time: 0.0481090 seconds
229.839: [GC229.839: [ParNew: 53519K->5658K(55872K), 0.0017310 secs] 97935K->50102K(182144K), 0.0017710 secs] [Times: user=0.01 sys=0.00, real=0.00 secs] 
229.841: Total time for which application threads were stopped: 0.0034750 seconds, Stopping threads took: 0.0016390 seconds
229.888: Application time: 0.0472570 seconds
229.891: [GC229.891: [ParNew: 55320K->6206K(55872K), 0.0023450 secs] 99764K->51110K(182144K), 0.0023930 secs] [Times: user=0.01 sys=0.00, real=0.01 secs] 
229.894: Total time for which application threads were stopped: 0.0056380 seconds, Stopping threads took: 0.0031790 seconds
229.942: Application time: 0.0482630 seconds
229.945: [GC229.945: [ParNew: 55870K->6207K(55872K), 0.0021410 secs] 100774K->51489K(182144K), 0.0021880 secs] [Times: user=0.02 sys=0.00, real=0.00 secs] 
229.947: Total time for which application threads were stopped: 0.0047790 seconds, Stopping threads took: 0.0025020 seconds
229.994: Application time: 0.0468850 seconds
229.996: [GC229.996: [ParNew: 55871K->6207K(55872K), 0.0023820 secs] 101153K->52972K(182144K), 0.0024260 secs] [Times: user=0.02 sys=0.00, real=0.00 secs] 
229.999: Total time for which application threads were stopped: 0.0051820 seconds, Stopping threads took: 0.0026920 seconds
230.044: Application time: 0.0448810 seconds
230.047: [GC230.047: [ParNew: 55870K->6206K(55872K), 0.0023530 secs] 102635K->54270K(182144K), 0.0024010 secs] [Times: user=0.01 sys=0.00, real=0.00 secs] 
230.049: Total time for which application threads were stopped: 0.0054970 seconds, Stopping threads took: 0.0030250 seconds
230.098: Application time: 0.0484290 seconds
230.100: [GC230.100: [ParNew: 55870K->6206K(55872K), 0.0019330 secs] 103934K->54397K(182144K), 0.0019780 secs] [Times: user=0.02 sys=0.00, real=0.01 secs] 
230.102: Total time for which application threads were stopped: 0.0041080 seconds, Stopping threads took: 0.0020610 seconds
230.150: Application time: 0.0480920 seconds
230.153: [GC230.153: [ParNew: 55870K->4818K(55872K), 0.0017860 secs] 104061K->53038K(182144K), 0.0018380 secs] [Times: user=0.01 sys=0.00, real=0.01 secs] 
230.154: Total time for which application threads were stopped: 0.0045180 seconds, Stopping threads took: 0.0026120 seconds
230.203: Application time: 0.0483360 seconds
230.204: [GC230.204: [ParNew: 54482K->6206K(55872K), 0.0022320 secs] 102702K->54933K(182144K), 0.0022760 secs] [Times: user=0.02 sys=0.00, real=0.00 secs] 
230.206: Total time for which application threads were stopped: 0.0032820 seconds, Stopping threads took: 0.0009280 seconds
230.255: Application time: 0.0485730 seconds
230.258: [GC230.258: [ParNew: 55870K->6206K(55872K), 0.0023150 secs] 104597K->55925K(182144K), 0.0023600 secs] [Times: user=0.02 sys=0.00, real=0.00 secs] 
230.260: Total time for which application threads were stopped: 0.0055110 seconds, Stopping threads took: 0.0030710 seconds
230.308: Application time: 0.0479810 seconds
230.310: [GC230.310: [ParNew: 55870K->5476K(55872K), 0.0017500 secs] 105589K->55195K(182144K), 0.0017940 secs] [Times: user=0.01 sys=0.00, real=0.00 secs] 
230.312: Total time for which application threads were stopped: 0.0039350 seconds, Stopping threads took: 0.0020780 seconds
230.359: Application time: 0.0468730 seconds
230.361: [GC230.361: [ParNew: 55140K->4900K(55872K), 0.0016960 secs] 104859K->54676K(182144K), 0.0017370 secs] [Times: user=0.01 sys=0.00, real=0.01 secs] 
230.363: Total time for which application threads were stopped: 0.0037210 seconds, Stopping threads took: 0.0019180 seconds
230.409: Application time: 0.0465050 seconds
230.410: [GC230.410: [ParNew: 54564K->6207K(55872K), 0.0021450 secs] 104340K->56569K(182144K), 0.0021910 secs] [Times: user=0.01 sys=0.00, real=0.00 secs] 
230.413: Total time for which application threads were stopped: 0.0033720 seconds, Stopping threads took: 0.0010900 seconds
230.460: Application time: 0.0476530 seconds
230.462: [GC230.462: [ParNew: 55871K->6206K(55872K), 0.0021650 secs] 106233K->57097K(182144K), 0.0022090 secs] [Times: user=0.01 sys=0.00, real=0.00 secs] 
230.465: Total time for which application threads were stopped: 0.0044090 seconds, Stopping threads took: 0.0021340 seconds
230.512: Application time: 0.0475800 seconds
230.515: [GC230.515: [ParNew: 55870K->6207K(55872K), 0.0021060 secs] 106761K->57545K(182144K), 0.0021490 secs] [Times: user=0.01 sys=0.00, real=0.00 secs] 
230.517: Total time for which application threads were stopped: 0.0045280 seconds, Stopping threads took: 0.0022980 seconds
230.565: Application time: 0.0483150 seconds
230.567: [GC230.567: [ParNew: 55871K->5131K(55872K), 0.0018080 secs] 107209K->56469K(182144K), 0.0018480 secs] [Times: user=0.01 sys=0.00, real=0.00 secs] 
230.569: Total time for which application threads were stopped: 0.0041450 seconds, Stopping threads took: 0.0022230 seconds
230.616: Application time: 0.0464520 seconds
230.618: [GC230.618: [ParNew: 54795K->5782K(55872K), 0.0019100 secs] 106133K->57119K(182144K), 0.0019520 secs] [Times: user=0.02 sys=0.00, real=0.00 secs] 
230.620: Total time for which application threads were stopped: 0.0040580 seconds, Stopping threads took: 0.0020200 seconds
230.667: Application time: 0.0476680 seconds
230.670: [GC230.670: [ParNew: 55446K->5305K(55872K), 0.0016810 secs] 106783K->56671K(182144K), 0.0017220 secs] [Times: user=0.01 sys=0.00, real=0.00 secs] 
230.672: Total time for which application threads were stopped: 0.0042130 seconds, Stopping threads took: 0.0024050 seconds
230.721: Application time: 0.0491910 seconds
230.724: [GC230.724: [ParNew: 54969K->4807K(55872K), 0.0015180 secs] 106335K->56230K(182144K), 0.0015570 secs] [Times: user=0.01 sys=0.00, real=0.00 secs] 
230.725: Total time for which application threads were stopped: 0.0044620 seconds, Stopping threads took: 0.0028420 seconds
230.771: Application time: 0.0454530 seconds
230.773: [GC230.773: [ParNew: 54471K->6206K(55872K), 0.0020780 secs] 105894K->58043K(182144K), 0.0021200 secs] [Times: user=0.01 sys=0.00, real=0.00 secs] 
230.776: Total time for which application threads were stopped: 0.0048780 seconds, Stopping threads took: 0.0026820 seconds
230.821: Application time: 0.0450870 seconds
230.823: [GC230.823: [ParNew: 55869K->6207K(55872K), 0.0021560 secs] 107705K->58827K(182144K), 0.0022070 secs] [Times: user=0.02 sys=0.00, real=0.00 secs] 
230.825: Total time for which application threads were stopped: 0.0042770 seconds, Stopping threads took: 0.0020040 seconds
230.873: Application time: 0.0477940 seconds
230.876: [GC230.876: [ParNew: 55871K->6207K(55872K), 0.0022870 secs] 108491K->60084K(182144K), 0.0023310 secs] [Times: user=0.01 sys=0.00, real=0.00 secs] 
230.878: Total time for which application threads were stopped: 0.0053320 seconds, Stopping threads took: 0.0029350 seconds
230.927: Application time: 0.0493150 seconds
230.930: [GC230.930: [ParNew: 55871K->5602K(55872K), 0.0018270 secs] 109748K->59507K(182144K), 0.0018690 secs] [Times: user=0.01 sys=0.00, real=0.00 secs] 
230.932: Total time for which application threads were stopped: 0.0045290 seconds, Stopping threads took: 0.0025950 seconds
230.980: Application time: 0.0484020 seconds
230.982: [GC230.982: [ParNew: 55266K->6207K(55872K), 0.0020430 secs] 109171K->60396K(182144K), 0.0020860 secs] [Times: user=0.02 sys=0.00, real=0.00 secs] 
230.984: Total time for which application threads were stopped: 0.0036350 seconds, Stopping threads took: 0.0014820 seconds
231.031: Application time: 0.0469030 seconds
231.032: [GC231.032: [ParNew: 55871K->6206K(55872K), 0.0022730 secs] 110060K->60991K(182144K), 0.0023220 secs] [Times: user=0.01 sys=0.00, real=0.01 secs] 
231.035: Total time for which application threads were stopped: 0.0038190 seconds, Stopping threads took: 0.0014290 seconds
231.081: Application time: 0.0461650 seconds
231.083: [GC231.083: [ParNew: 55870K->6207K(55872K), 0.0023510 secs] 110655K->62087K(182144K), 0.0023960 secs] [Times: user=0.01 sys=0.00, real=0.00 secs] 
231.085: Total time for which application threads were stopped: 0.0045020 seconds, Stopping threads took: 0.0020330 seconds
231.134: Application time: 0.0490290 seconds
231.135: [GC231.135: [ParNew: 55871K->5283K(55872K), 0.0016990 secs] 111751K->61162K(182144K), 0.0017350 secs] [Times: user=0.01 sys=0.00, real=0.00 secs] 
231.137: Total time for which application threads were stopped: 0.0027270 seconds, Stopping threads took: 0.0009300 seconds
231.186: Application time: 0.0489610 seconds
231.188: [GC231.188: [ParNew: 54945K->6206K(55872K), 0.0020350 secs] 110825K->62187K(182144K), 0.0020790 secs] [Times: user=0.01 sys=0.00, real=0.00 secs] 
231.190: Total time for which application threads were stopped: 0.0038170 seconds, Stopping threads took: 0.0016710 seconds
231.240: Application time: 0.0501050 seconds
231.243: [GC231.243: [ParNew: 55870K->5517K(55872K), 0.0017440 secs] 111851K->61555K(182144K), 0.0017880 secs] [Times: user=0.01 sys=0.00, real=0.00 secs] 
231.245: Total time for which application threads were stopped: 0.0049490 seconds, Stopping threads took: 0.0030920 seconds
231.292: Application time: 0.0470770 seconds
231.294: [GC231.294: [ParNew: 55181K->6206K(55872K), 0.0020700 secs] 111219K->62564K(182144K), 0.0021130 secs] [Times: user=0.01 sys=0.00, real=0.00 secs] 
231.296: Total time for which application threads were stopped: 0.0040760 seconds, Stopping threads took: 0.0018870 seconds
231.344: Application time: 0.0474300 seconds
231.345: [GC231.345: [ParNew: 55870K->6207K(55872K), 0.0019840 secs] 112228K->62830K(182144K), 0.0020270 secs] [Times: user=0.01 sys=0.00, real=0.00 secs] 
231.347: Total time for which application threads were stopped: 0.0037130 seconds, Stopping threads took: 0.0016220 seconds
231.397: Application time: 0.0501240 seconds
231.400: [GC231.400: [ParNew: 55871K->6033K(55872K), 0.0018080 secs] 112494K->62656K(182144K), 0.0018530 secs] [Times: user=0.01 sys=0.00, real=0.01 secs] 
231.402: Total time for which application threads were stopped: 0.0043830 seconds, Stopping threads took: 0.0024610 seconds
231.448: Application time: 0.0466740 seconds
231.451: [GC231.451: [ParNew: 55697K->6206K(55872K), 0.0021940 secs] 112320K->63238K(182144K), 0.0022400 secs] [Times: user=0.01 sys=0.01, real=0.01 secs] 
231.454: Total time for which application threads were stopped: 0.0052730 seconds, Stopping threads took: 0.0029460 seconds
231.503: Application time: 0.0492520 seconds
231.505: [GC231.505: [ParNew: 55870K->5980K(55872K), 0.0019800 secs] 112902K->63012K(182144K), 0.0020190 secs] [Times: user=0.01 sys=0.00, real=0.00 secs] 
231.507: Total time for which application threads were stopped: 0.0044420 seconds, Stopping threads took: 0.0023490 seconds
231.554: Application time: 0.0468160 seconds
231.557: [GC231.557: [ParNew: 55644K->5588K(55872K), 0.0017500 secs] 112676K->62649K(182144K), 0.0017940 secs] [Times: user=0.02 sys=0.00, real=0.00 secs] 
231.559: Total time for which application threads were stopped: 0.0048260 seconds, Stopping threads took: 0.0029650 seconds
231.607: Application time: 0.0481810 seconds
231.608: [GC231.608: [ParNew: 55252K->6207K(55872K), 0.0022080 secs] 112313K->63490K(182144K), 0.0022530 secs] [Times: user=0.01 sys=0.00, real=0.00 secs] 
231.611: Total time for which application threads were stopped: 0.0032560 seconds, Stopping threads took: 0.0009360 seconds
231.659: Application time: 0.0484070 seconds
231.662: [GC231.662: [ParNew: 55871K->5971K(55872K), 0.0020710 secs] 113154K->63254K(182144K), 0.0021170 secs] [Times: user=0.01 sys=0.00, real=0.00 secs] 
231.664: Total time for which application threads were stopped: 0.0049590 seconds, Stopping threads took: 0.0027750 seconds
231.710: Application time: 0.0462090 seconds
231.713: [GC231.713: [ParNew: 55635K->6207K(55872K), 0.0025210 secs] 112918K->65195K(182144K), 0.0025690 secs] [Times: user=0.01 sys=0.00, real=0.01 secs] 
231.715: Total time for which application threads were stopped: 0.0053900 seconds, Stopping threads took: 0.0027420 seconds
231.765: Application time: 0.0493160 seconds
231.767: [GC231.767: [ParNew: 55871K->6206K(55872K), 0.0018830 secs] 114859K->65222K(182144K), 0.0019220 secs] [Times: user=0.01 sys=0.00, real=0.00 secs] 
231.768: Total time for which application threads were stopped: 0.0036390 seconds, Stopping threads took: 0.0016600 seconds
231.816: Application time: 0.0477550 seconds
231.818: [GC231.818: [ParNew: 55870K->6206K(55872K), 0.0023830 secs] 114886K->66622K(182144K), 0.0024300 secs] [Times: user=0.02 sys=0.00, real=0.00 secs] 
231.821: Total time for which application threads were stopped: 0.0046400 seconds, Stopping threads took: 0.0021350 seconds
231.870: Application time: 0.0487900 seconds
231.872: [GC231.872: [ParNew: 55870K->6206K(55872K), 0.0019030 secs] 116286K->66673K(182144K), 0.0019450 secs] [Times: user=0.01 sys=0.00, real=0.01 secs] 
231.874: Total time for which application threads were stopped: 0.0040250 seconds, Stopping threads took: 0.0020120 seconds
231.918: Application time: 0.0446100 seconds
231.921: [GC231.921: [ParNew: 55870K->6206K(55872K), 0.0022030 secs] 116337K->67628K(182144K), 0.0022500 secs] [Times: user=0.01 sys=0.00, real=0.01 secs] 
231.923: Total time for which application threads were stopped: 0.0049560 seconds, Stopping threads took: 0.0026420 seconds
231.968: Application time: 0.0445990 seconds
231.969: [GC231.969: [ParNew: 55870K->5983K(55872K), 0.0019440 secs] 117292K->67430K(182144K), 0.0019880 secs] [Times: user=0.01 sys=0.00, real=0.00 secs] 
231.971: Total time for which application threads were stopped: 0.0034620 seconds, Stopping threads took: 0.0014100 seconds
232.016: Application time: 0.0446120 seconds
232.017: [GC232.017: [ParNew: 55647K->6206K(55872K), 0.0022120 secs] 117094K->68453K(182144K), 0.0022570 secs] [Times: user=0.02 sys=0.00, real=0.00 secs] 
232.020: Total time for which application threads were stopped: 0.0037360 seconds, Stopping threads took: 0.0014090 seconds
232.065: Application time: 0.0454150 seconds
232.066: [GC232.066: [ParNew: 55870K->5064K(55872K), 0.0016480 secs] 118117K->67340K(182144K), 0.0016860 secs] [Times: user=0.01 sys=0.00, real=0.00 secs] 
232.068: Total time for which application threads were stopped: 0.0025530 seconds, Stopping threads took: 0.0008130 seconds
232.112: Application time: 0.0447140 seconds
232.114: [GC232.114: [ParNew: 54728K->6207K(55872K), 0.0021860 secs] 117004K->69202K(182144K), 0.0022400 secs] [Times: user=0.02 sys=0.00, real=0.00 secs] 
232.117: Total time for which application threads were stopped: 0.0041520 seconds, Stopping threads took: 0.0018460 seconds
232.161: Application time: 0.0443120 seconds
232.163: [GC232.163: [ParNew: 55871K->6206K(55872K), 0.0021000 secs] 118866K->70061K(182144K), 0.0021420 secs] [Times: user=0.02 sys=0.00, real=0.00 secs] 
232.165: Total time for which application threads were stopped: 0.0045570 seconds, Stopping threads took: 0.0023420 seconds
232.210: Application time: 0.0445130 seconds
232.212: [GC232.212: [ParNew: 55870K->6207K(55872K), 0.0020980 secs] 119725K->70324K(182144K), 0.0021460 secs] [Times: user=0.02 sys=0.00, real=0.01 secs] 
232.215: Total time for which application threads were stopped: 0.0046080 seconds, Stopping threads took: 0.0023840 seconds
232.260: Application time: 0.0457600 seconds
232.263: [GC232.263: [ParNew: 55871K->3924K(55872K), 0.0012760 secs] 119988K->68069K(182144K), 0.0013140 secs] [Times: user=0.01 sys=0.00, real=0.00 secs] 
232.264: Total time for which application threads were stopped: 0.0036150 seconds, Stopping threads took: 0.0022410 seconds
232.307: Application time: 0.0434410 seconds
232.309: [GC232.309: [ParNew: 53588K->6206K(55872K), 0.0021450 secs] 117733K->70932K(182144K), 0.0021900 secs] [Times: user=0.02 sys=0.00, real=0.00 secs] 
232.312: Total time for which application threads were stopped: 0.0042260 seconds, Stopping threads took: 0.0019710 seconds
232.356: Application time: 0.0446780 seconds
232.358: [GC232.358: [ParNew: 55870K->6207K(55872K), 0.0019540 secs] 120596K->71073K(182144K), 0.0019970 secs] [Times: user=0.02 sys=0.00, real=0.00 secs] 
232.360: Total time for which application threads were stopped: 0.0037500 seconds, Stopping threads took: 0.0016840 seconds
232.406: Application time: 0.0461250 seconds
232.408: [GC232.408: [ParNew: 55871K->5231K(55872K), 0.0016000 secs] 120737K->70126K(182144K), 0.0016420 secs] [Times: user=0.01 sys=0.00, real=0.00 secs] 
232.410: Total time for which application threads were stopped: 0.0039370 seconds, Stopping threads took: 0.0022110 seconds
232.457: Application time: 0.0467800 seconds
232.459: [GC232.459: [ParNew: 54895K->6207K(55872K), 0.0024400 secs] 119790K->72589K(182144K), 0.0024880 secs] [Times: user=0.01 sys=0.00, real=0.01 secs] 
232.462: Total time for which application threads were stopped: 0.0049040 seconds, Stopping threads took: 0.0023500 seconds
232.507: Application time: 0.0451380 seconds
232.508: [GC232.508: [ParNew: 55871K->5733K(55872K), 0.0018250 secs] 122253K->72144K(182144K), 0.0018620 secs] [Times: user=0.01 sys=0.00, real=0.00 secs] 
232.510: Total time for which application threads were stopped: 0.0030890 seconds, Stopping threads took: 0.0011660 seconds
232.558: Application time: 0.0477180 seconds
232.560: [GC232.560: [ParNew: 55397K->5234K(55872K), 0.0017850 secs] 121808K->71645K(182144K), 0.0018290 secs] [Times: user=0.01 sys=0.00, real=0.01 secs] 
232.562: Total time for which application threads were stopped: 0.0044860 seconds, Stopping threads took: 0.0025710 seconds
232.611: Application time: 0.0488000 seconds
232.613: [GC232.613: [ParNew: 54898K->4801K(55872K), 0.0014860 secs] 121309K->71240K(182144K), 0.0015290 secs] [Times: user=0.00 sys=0.00, real=0.01 secs] 
232.615: Total time for which application threads were stopped: 0.0038210 seconds, Stopping threads took: 0.0022290 seconds
232.663: Application time: 0.0477520 seconds
232.664: [GC232.664: [ParNew: 54465K->5354K(55872K), 0.0017630 secs] 120904K->71793K(182144K), 0.0018060 secs] [Times: user=0.01 sys=0.00, real=0.00 secs] 
232.666: Total time for which application threads were stopped: 0.0034950 seconds, Stopping threads took: 0.0016270 seconds
232.710: Application time: 0.0439230 seconds
232.711: [GC232.711: [ParNew: 55018K->6207K(55872K), 0.0022650 secs] 121457K->73328K(182144K), 0.0023090 secs] [Times: user=0.01 sys=0.00, real=0.01 secs] 
232.714: Total time for which application threads were stopped: 0.0038170 seconds, Stopping threads took: 0.0014440 seconds
232.758: Application time: 0.0446720 seconds
232.761: [GC232.761: [ParNew: 55871K->5893K(55872K), 0.0018010 secs] 122992K->73013K(182144K), 0.0018480 secs] [Times: user=0.01 sys=0.00, real=0.00 secs] 
232.763: Total time for which application threads were stopped: 0.0047940 seconds, Stopping threads took: 0.0028770 seconds
232.808: Application time: 0.0449580 seconds
232.810: [GC232.810: [ParNew: 55557K->5295K(55872K), 0.0017790 secs] 122677K->72444K(182144K), 0.0018170 secs] [Times: user=0.01 sys=0.00, real=0.00 secs] 
232.812: Total time for which application threads were stopped: 0.0036620 seconds, Stopping threads took: 0.0017620 seconds
232.858: Application time: 0.0464930 seconds
232.860: [GC232.860: [ParNew: 54959K->6207K(55872K), 0.0026470 secs] 122108K->74516K(182144K), 0.0026970 secs] [Times: user=0.02 sys=0.00, real=0.01 secs] 
232.863: Total time for which application threads were stopped: 0.0043150 seconds, Stopping threads took: 0.0015210 seconds
232.908: Application time: 0.0451170 seconds
232.910: [GC232.910: [ParNew: 55871K->6207K(55872K), 0.0020670 secs] 124180K->74855K(182144K), 0.0021110 secs] [Times: user=0.02 sys=0.00, real=0.00 secs] 
232.912: Total time for which application threads were stopped: 0.0040780 seconds, Stopping threads took: 0.0019020 seconds
232.956: Application time: 0.0441740 seconds
232.958: [GC232.958: [ParNew: 55871K->5280K(55872K), 0.0017040 secs] 124519K->73927K(182144K), 0.0017430 secs] [Times: user=0.01 sys=0.00, real=0.00 secs] 
232.960: Total time for which application threads were stopped: 0.0035570 seconds, Stopping threads took: 0.0017300 seconds
233.004: Application time: 0.0446540 seconds
233.007: [GC233.007: [ParNew: 54944K->6207K(55872K), 0.0021890 secs] 123591K->75782K(182144K), 0.0022340 secs] [Times: user=0.01 sys=0.00, real=0.00 secs] 
233.009: Total time for which application threads were stopped: 0.0044710 seconds, Stopping threads took: 0.0021720 seconds
233.053: Application time: 0.0441970 seconds
233.055: [GC233.055: [ParNew: 55871K->6207K(55872K), 0.0024260 secs] 125446K->77541K(182144K), 0.0024710 secs] [Times: user=0.01 sys=0.00, real=0.00 secs] 
233.057: Total time for which application threads were stopped: 0.0040320 seconds, Stopping threads took: 0.0014940 seconds
233.103: Application time: 0.0457830 seconds
233.105: [GC233.105: [ParNew: 55871K->6207K(55872K), 0.0021180 secs] 127205K->78169K(182144K), 0.0021660 secs] [Times: user=0.02 sys=0.00, real=0.00 secs] 
233.107: Total time for which application threads were stopped: 0.0039020 seconds, Stopping threads took: 0.0016670 seconds
233.150: Application time: 0.0434240 seconds
233.152: [GC233.152: [ParNew: 55871K->6207K(55872K), 0.0025070 secs] 127833K->79830K(182144K), 0.0025510 secs] [Times: user=0.02 sys=0.00, real=0.01 secs] 
233.155: Total time for which application threads were stopped: 0.0045640 seconds, Stopping threads took: 0.0019460 seconds
233.199: Application time: 0.0447420 seconds
233.202: [GC233.202: [ParNew: 55871K->5929K(55872K), 0.0018660 secs] 129494K->79552K(182144K), 0.0019050 secs] [Times: user=0.01 sys=0.00, real=0.00 secs] 
233.204: Total time for which application threads were stopped: 0.0042900 seconds, Stopping threads took: 0.0023220 seconds
233.247: Application time: 0.0431750 seconds
233.249: [GC233.249: [ParNew: 55593K->6206K(55872K), 0.0024470 secs] 129216K->81510K(182144K), 0.0024950 secs] [Times: user=0.01 sys=0.00, real=0.00 secs] 
233.251: Total time for which application threads were stopped: 0.0045410 seconds, Stopping threads took: 0.0019790 seconds
233.297: Application time: 0.0459770 seconds
233.300: [GC233.300: [ParNew: 55870K->6207K(55872K), 0.0021180 secs] 131174K->82089K(182144K), 0.0021610 secs] [Times: user=0.01 sys=0.00, real=0.01 secs] 
233.302: Total time for which application threads were stopped: 0.0046940 seconds, Stopping threads took: 0.0024680 seconds
233.346: Application time: 0.0435510 seconds
233.347: [GC233.347: [ParNew: 55871K->6207K(55872K), 0.0021380 secs] 131753K->82882K(182144K), 0.0021840 secs] [Times: user=0.01 sys=0.00, real=0.00 secs] 
233.349: Total time for which application threads were stopped: 0.0037960 seconds, Stopping threads took: 0.0015380 seconds
233.394: Application time: 0.0449790 seconds
233.397: [GC233.397: [ParNew: 55871K->6206K(55872K), 0.0023050 secs] 132546K->84146K(182144K), 0.0023510 secs] [Times: user=0.01 sys=0.00, real=0.00 secs] 
233.399: Total time for which application threads were stopped: 0.0050270 seconds, Stopping threads took: 0.0025980 seconds
233.445: Application time: 0.0459920 seconds
233.448: [GC233.448: [ParNew: 55870K->6207K(55872K), 0.0022570 secs] 133810K->85173K(182144K), 0.0023030 secs] [Times: user=0.02 sys=0.00, real=0.00 secs] 
233.450: Total time for which application threads were stopped: 0.0047040 seconds, Stopping threads took: 0.0023370 seconds
233.492: Application time: 0.0422880 seconds
233.495: [GC233.495: [ParNew: 55871K->6207K(55872K), 0.0024920 secs] 134837K->86919K(182144K), 0.0025390 secs] [Times: user=0.02 sys=0.00, real=0.00 secs] 
233.498: Total time for which application threads were stopped: 0.0054970 seconds, Stopping threads took: 0.0028900 seconds
233.542: Application time: 0.0440490 seconds
233.544: [GC233.544: [ParNew: 55871K->6207K(55872K), 0.0024960 secs] 136583K->88641K(182144K), 0.0025400 secs] [Times: user=0.01 sys=0.00, real=0.00 secs] 
233.547: Total time for which application threads were stopped: 0.0049370 seconds, Stopping threads took: 0.0023330 seconds
233.589: Application time: 0.0424910 seconds
233.592: [GC233.592: [ParNew: 55871K->5773K(55872K), 0.0017300 secs] 138305K->88236K(182144K), 0.0017710 secs] [Times: user=0.01 sys=0.00, real=0.01 secs] 
233.594: Total time for which application threads were stopped: 0.0043010 seconds, Stopping threads took: 0.0024660 seconds
233.638: Application time: 0.0438610 seconds
233.640: [GC233.640: [ParNew: 55437K->6207K(55872K), 0.0020240 secs] 137900K->89139K(182144K), 0.0020660 secs] [Times: user=0.01 sys=0.00, real=0.01 secs] 
233.642: Total time for which application threads were stopped: 0.0042190 seconds, Stopping threads took: 0.0020900 seconds
233.687: Application time: 0.0446920 seconds
233.689: [GC233.689: [ParNew: 55871K->6207K(55872K), 0.0024670 secs] 138803K->90749K(182144K), 0.0025100 secs] [Times: user=0.01 sys=0.00, real=0.00 secs] 
233.692: Total time for which application threads were stopped: 0.0051130 seconds, Stopping threads took: 0.0025390 seconds
233.736: Application time: 0.0440310 seconds
233.738: [GC233.738: [ParNew: 55871K->6206K(55872K), 0.0024060 secs] 140413K->92279K(182144K), 0.0024500 secs] [Times: user=0.02 sys=0.00, real=0.00 secs] 
233.740: Total time for which application threads were stopped: 0.0047530 seconds, Stopping threads took: 0.0022350 seconds
233.786: Application time: 0.0457340 seconds
233.789: [GC233.789: [ParNew: 55870K->6206K(55872K), 0.0020620 secs] 141943K->92664K(182144K), 0.0021070 secs] [Times: user=0.01 sys=0.00, real=0.00 secs] 
233.791: Total time for which application threads were stopped: 0.0052110 seconds, Stopping threads took: 0.0030400 seconds
233.836: Application time: 0.0441930 seconds
233.837: [GC233.837: [ParNew: 55870K->6109K(55872K), 0.0018970 secs] 142328K->92596K(182144K), 0.0019380 secs] [Times: user=0.01 sys=0.00, real=0.00 secs] 
233.839: Total time for which application threads were stopped: 0.0037180 seconds, Stopping threads took: 0.0017170 seconds
233.882: Application time: 0.0430900 seconds
233.884: [GC233.884: [ParNew: 55773K->6206K(55872K), 0.0020440 secs] 142260K->93037K(182144K), 0.0020870 secs] [Times: user=0.01 sys=0.00, real=0.00 secs] 
233.887: Total time for which application threads were stopped: 0.0041780 seconds, Stopping threads took: 0.0020060 seconds
233.932: Application time: 0.0453510 seconds
233.934: [GC233.934: [ParNew: 55870K->5462K(55872K), 0.0017490 secs] 142701K->92379K(182144K), 0.0017840 secs] [Times: user=0.01 sys=0.00, real=0.00 secs] 
233.936: Total time for which application threads were stopped: 0.0038920 seconds, Stopping threads took: 0.0020200 seconds
233.982: Application time: 0.0457230 seconds
233.984: [GC233.984: [ParNew: 55126K->6207K(55872K), 0.0022060 secs] 142043K->93563K(182144K), 0.0022540 secs] [Times: user=0.01 sys=0.00, real=0.00 secs] 
233.986: Total time for which application threads were stopped: 0.0044740 seconds, Stopping threads took: 0.0021580 seconds
234.030: Application time: 0.0440670 seconds
234.032: [GC234.032: [ParNew: 55871K->6206K(55872K), 0.0023780 secs] 143227K->94971K(182144K), 0.0024290 secs] [Times: user=0.02 sys=0.00, real=0.01 secs] 
234.035: Total time for which application threads were stopped: 0.0047590 seconds, Stopping threads took: 0.0022630 seconds
234.079: Application time: 0.0436950 seconds
234.081: [GC234.081: [ParNew: 55870K->6206K(55872K), 0.0021420 secs] 144635K->95737K(182144K), 0.0021870 secs] [Times: user=0.02 sys=0.00, real=0.01 secs] 
234.083: Total time for which application threads were stopped: 0.0046800 seconds, Stopping threads took: 0.0024260 seconds
234.127: Application time: 0.0437380 seconds
234.129: [GC234.129: [ParNew: 55870K->6206K(55872K), 0.0022540 secs] 145401K->96942K(182144K), 0.0022990 secs] [Times: user=0.01 sys=0.00, real=0.00 secs] 
234.132: Total time for which application threads were stopped: 0.0046670 seconds, Stopping threads took: 0.0023020 seconds
234.176: Application time: 0.0446480 seconds
234.179: [GC234.179: [ParNew: 55870K->6206K(55872K), 0.0019970 secs] 146606K->97200K(182144K), 0.0020410 secs] [Times: user=0.02 sys=0.00, real=0.00 secs] 
234.181: Total time for which application threads were stopped: 0.0046970 seconds, Stopping threads took: 0.0025930 seconds
234.225: Application time: 0.0443280 seconds
234.228: [GC234.228: [ParNew: 55870K->6207K(55872K), 0.0022800 secs] 146864K->98314K(182144K), 0.0023250 secs] [Times: user=0.02 sys=0.00, real=0.00 secs] 
234.230: Total time for which application threads were stopped: 0.0048390 seconds, Stopping threads took: 0.0024280 seconds
234.277: Application time: 0.0463730 seconds
234.279: [GC234.279: [ParNew: 55871K->5796K(55872K), 0.0017130 secs] 147978K->97932K(182144K), 0.0017560 secs] [Times: user=0.01 sys=0.00, real=0.00 secs] 
234.281: Total time for which application threads were stopped: 0.0043570 seconds, Stopping threads took: 0.0025380 seconds
234.326: Application time: 0.0448580 seconds
234.327: [GC234.327: [ParNew: 55460K->6206K(55872K), 0.0022530 secs] 147596K->99330K(182144K), 0.0022930 secs] [Times: user=0.01 sys=0.01, real=0.00 secs] 
234.330: Total time for which application threads were stopped: 0.0037540 seconds, Stopping threads took: 0.0014010 seconds
234.374: Application time: 0.0445940 seconds
234.377: [GC234.377: [ParNew: 55870K->6206K(55872K), 0.0021810 secs] 148994K->100196K(182144K), 0.0022250 secs] [Times: user=0.02 sys=0.00, real=0.00 secs] 
234.379: Total time for which application threads were stopped: 0.0046640 seconds, Stopping threads took: 0.0023810 seconds
234.425: Application time: 0.0465250 seconds
234.427: [GC234.427: [ParNew: 55870K->6206K(55872K), 0.0021520 secs] 149860K->100986K(182144K), 0.0021940 secs] [Times: user=0.01 sys=0.01, real=0.00 secs] 
234.429: Total time for which application threads were stopped: 0.0041900 seconds, Stopping threads took: 0.0019340 seconds
 CMS: abort preclean due to time 234.431: [CMS-concurrent-abortable-preclean: 0.256/5.011 secs] [Times: user=38.43 sys=0.15, real=5.01 secs] 
234.431: Application time: 0.0017840 seconds
234.434: [GC[YG occupancy: 10504 K (55872 K)]234.434: [Rescan (parallel) , 0.0001850 secs]234.434: [weak refs processing, 0.0000080 secs]234.434: [scrub string table, 0.0001130 secs] [1 CMS-remark: 94779K(126272K)] 105284K(182144K), 0.0003320 secs] [Times: user=0.01 sys=0.00, real=0.00 secs] 
234.434: Total time for which application threads were stopped: 0.0030160 seconds, Stopping threads took: 0.0026490 seconds
234.434: [CMS-concurrent-sweep-start]
234.441: [CMS-concurrent-sweep: 0.006/0.006 secs] [Times: user=0.02 sys=0.00, real=0.00 secs] 
234.441: [CMS-concurrent-reset-start]
234.441: [CMS-concurrent-reset: 0.000/0.000 secs] [Times: user=0.00 sys=0.00, real=0.00 secs] 
234.476: Application time: 0.0421590 seconds
234.479: [GC234.479: [ParNew: 55870K->6207K(55872K), 0.0022140 secs] 109549K->60636K(182144K), 0.0022590 secs] [Times: user=0.02 sys=0.00, real=0.01 secs] 
234.482: Total time for which application threads were stopped: 0.0052000 seconds, Stopping threads took: 0.0028470 seconds
234.482: Application time: 0.0000660 seconds
234.484: [GC [1 CMS-initial-mark: 54428K(126272K)] 61597K(182144K), 0.0001990 secs] [Times: user=0.00 sys=0.00, real=0.00 secs] 
234.484: Total time for which application threads were stopped: 0.0027510 seconds, Stopping threads took: 0.0025320 seconds
234.485: [CMS-concurrent-mark-start]
234.489: [CMS-concurrent-mark: 0.005/0.005 secs] [Times: user=0.03 sys=0.00, real=0.00 secs] 
234.489: [CMS-concurrent-preclean-start]
234.490: [CMS-concurrent-preclean: 0.000/0.000 secs] [Times: user=0.00 sys=0.00, real=0.00 secs] 
234.490: [CMS-concurrent-abortable-preclean-start]
234.529: Application time: 0.0444570 seconds
234.531: [GC234.531: [ParNew: 55871K->6078K(55872K), 0.0019520 secs] 110300K->60507K(182144K), 0.0019910 secs] [Times: user=0.01 sys=0.00, real=0.00 secs] 
234.533: Total time for which application threads were stopped: 0.0039490 seconds, Stopping threads took: 0.0018920 seconds
234.579: Application time: 0.0457830 seconds
234.581: [GC234.581: [ParNew: 55742K->6207K(55872K), 0.0019740 secs] 110171K->61043K(182144K), 0.0020190 secs] [Times: user=0.01 sys=0.00, real=0.01 secs] 
234.583: Total time for which application threads were stopped: 0.0044690 seconds, Stopping threads took: 0.0023860 seconds
234.628: Application time: 0.0445300 seconds
234.629: [GC234.629: [ParNew: 55871K->6206K(55872K), 0.0022090 secs] 110707K->61878K(182144K), 0.0022560 secs] [Times: user=0.01 sys=0.00, real=0.00 secs] 
234.632: Total time for which application threads were stopped: 0.0040350 seconds, Stopping threads took: 0.0017160 seconds
234.679: Application time: 0.0471560 seconds
234.680: [GC234.680: [ParNew: 55870K->5113K(55872K), 0.0016380 secs] 111542K->60785K(182144K), 0.0016830 secs] [Times: user=0.01 sys=0.00, real=0.01 secs] 
234.682: Total time for which application threads were stopped: 0.0027090 seconds, Stopping threads took: 0.0009630 seconds
234.724: Application time: 0.0425040 seconds
234.727: [GC234.727: [ParNew: 54777K->6206K(55872K), 0.0021580 secs] 110449K->62652K(182144K), 0.0021990 secs] [Times: user=0.01 sys=0.00, real=0.00 secs] 
234.729: Total time for which application threads were stopped: 0.0046910 seconds, Stopping threads took: 0.0024340 seconds
234.774: Application time: 0.0450790 seconds
234.776: [GC234.776: [ParNew: 55870K->6207K(55872K), 0.0020690 secs] 112316K->63316K(182144K), 0.0021100 secs] [Times: user=0.02 sys=0.00, real=0.00 secs] 
234.778: Total time for which application threads were stopped: 0.0044490 seconds, Stopping threads took: 0.0022800 seconds
234.823: Application time: 0.0447740 seconds
234.825: [GC234.825: [ParNew: 55871K->6126K(55872K), 0.0019570 secs] 112980K->63264K(182144K), 0.0020010 secs] [Times: user=0.01 sys=0.00, real=0.00 secs] 
234.827: Total time for which application threads were stopped: 0.0042060 seconds, Stopping threads took: 0.0021450 seconds
234.875: Application time: 0.0481910 seconds
234.877: [GC234.877: [ParNew: 55790K->4647K(55872K), 0.0016390 secs] 112928K->61813K(182144K), 0.0016800 secs] [Times: user=0.01 sys=0.00, real=0.00 secs] 
234.879: Total time for which application threads were stopped: 0.0031670 seconds, Stopping threads took: 0.0014250 seconds
234.922: Application time: 0.0431160 seconds
234.924: [GC234.924: [ParNew: 54311K->6206K(55872K), 0.0020880 secs] 111477K->63978K(182144K), 0.0021300 secs] [Times: user=0.02 sys=0.00, real=0.00 secs] 
234.926: Total time for which application threads were stopped: 0.0044640 seconds, Stopping threads took: 0.0022690 seconds
234.973: Application time: 0.0467070 seconds
234.975: [GC234.975: [ParNew: 55870K->3481K(55872K), 0.0011300 secs] 113642K->61339K(182144K), 0.0011650 secs] [Times: user=0.01 sys=0.00, real=0.00 secs] 
234.976: Total time for which application threads were stopped: 0.0032740 seconds, Stopping threads took: 0.0020400 seconds
235.023: Application time: 0.0469710 seconds
235.024: [GC235.024: [ParNew: 53145K->5323K(55872K), 0.0016220 secs] 111003K->63181K(182144K), 0.0016590 secs] [Times: user=0.01 sys=0.00, real=0.00 secs] 
235.025: Total time for which application threads were stopped: 0.0021450 seconds, Stopping threads took: 0.0004180 seconds
235.071: Application time: 0.0460190 seconds
235.073: [GC235.073: [ParNew: 54987K->6207K(55872K), 0.0021140 secs] 112845K->64731K(182144K), 0.0021560 secs] [Times: user=0.02 sys=0.00, real=0.01 secs] 
235.075: Total time for which application threads were stopped: 0.0039170 seconds, Stopping threads took: 0.0016960 seconds
235.120: Application time: 0.0450300 seconds
235.122: [GC235.122: [ParNew: 55871K->5367K(55872K), 0.0017640 secs] 114395K->63891K(182144K), 0.0018040 secs] [Times: user=0.01 sys=0.00, real=0.00 secs] 
235.124: Total time for which application threads were stopped: 0.0033100 seconds, Stopping threads took: 0.0014420 seconds
235.167: Application time: 0.0438210 seconds
235.169: [GC235.169: [ParNew: 55031K->5737K(55872K), 0.0017950 secs] 113555K->64289K(182144K), 0.0018430 secs] [Times: user=0.02 sys=0.00, real=0.00 secs] 
235.171: Total time for which application threads were stopped: 0.0035350 seconds, Stopping threads took: 0.0016240 seconds
235.215: Application time: 0.0435310 seconds
235.217: [GC235.217: [ParNew: 55401K->6206K(55872K), 0.0021920 secs] 113953K->65650K(182144K), 0.0022370 secs] [Times: user=0.02 sys=0.00, real=0.00 secs] 
235.219: Total time for which application threads were stopped: 0.0042750 seconds, Stopping threads took: 0.0019730 seconds
235.264: Application time: 0.0448630 seconds
235.265: [GC235.265: [ParNew: 55870K->6055K(55872K), 0.0018820 secs] 115314K->65499K(182144K), 0.0019280 secs] [Times: user=0.01 sys=0.00, real=0.00 secs] 
235.267: Total time for which application threads were stopped: 0.0030170 seconds, Stopping threads took: 0.0010240 seconds
235.311: Application time: 0.0438480 seconds
235.313: [GC235.313: [ParNew: 55719K->6206K(55872K), 0.0022320 secs] 115163K->66017K(182144K), 0.0022740 secs] [Times: user=0.01 sys=0.00, real=0.01 secs] 
235.315: Total time for which application threads were stopped: 0.0042880 seconds, Stopping threads took: 0.0019280 seconds
235.361: Application time: 0.0464790 seconds
235.363: [GC235.363: [ParNew: 55870K->5938K(55872K), 0.0018080 secs] 115681K->65777K(182144K), 0.0018510 secs] [Times: user=0.01 sys=0.00, real=0.00 secs] 
235.365: Total time for which application threads were stopped: 0.0033280 seconds, Stopping threads took: 0.0014130 seconds
235.409: Application time: 0.0444260 seconds
235.410: [GC235.410: [ParNew: 55602K->6207K(55872K), 0.0021510 secs] 115441K->66573K(182144K), 0.0021970 secs] [Times: user=0.02 sys=0.00, real=0.00 secs] 
235.412: Total time for which application threads were stopped: 0.0034270 seconds, Stopping threads took: 0.0011660 seconds
235.458: Application time: 0.0450860 seconds
235.461: [GC235.461: [ParNew: 55871K->6206K(55872K), 0.0021480 secs] 116237K->67130K(182144K), 0.0021890 secs] [Times: user=0.02 sys=0.00, real=0.01 secs] 
235.463: Total time for which application threads were stopped: 0.0053440 seconds, Stopping threads took: 0.0030930 seconds
235.508: Application time: 0.0453500 seconds
235.510: [GC235.510: [ParNew: 55870K->5214K(55872K), 0.0016350 secs] 116794K->66167K(182144K), 0.0016760 secs] [Times: user=0.01 sys=0.00, real=0.00 secs] 
235.512: Total time for which application threads were stopped: 0.0035080 seconds, Stopping threads took: 0.0017440 seconds
235.560: Application time: 0.0477610 seconds
235.560: [GC235.560: [ParNew: 54878K->4745K(55872K), 0.0015540 secs] 115831K->65697K(182144K), 0.0015940 secs] [Times: user=0.01 sys=0.00, real=0.01 secs] 
235.562: Total time for which application threads were stopped: 0.0019770 seconds, Stopping threads took: 0.0003140 seconds
235.609: Application time: 0.0470570 seconds
235.611: [GC235.611: [ParNew: 54407K->4338K(55872K), 0.0014920 secs] 115360K->65347K(182144K), 0.0015300 secs] [Times: user=0.01 sys=0.00, real=0.00 secs] 
235.613: Total time for which application threads were stopped: 0.0042100 seconds, Stopping threads took: 0.0026190 seconds
235.661: Application time: 0.0480360 seconds
235.661: [GC235.661: [ParNew: 54002K->5855K(55872K), 0.0018750 secs] 115011K->66893K(182144K), 0.0019200 secs] [Times: user=0.01 sys=0.00, real=0.01 secs] 
235.663: Total time for which application threads were stopped: 0.0024510 seconds, Stopping threads took: 0.0004660 seconds
235.708: Application time: 0.0448870 seconds
235.710: [GC235.710: [ParNew: 55519K->6206K(55872K), 0.0020960 secs] 116557K->67944K(182144K), 0.0021390 secs] [Times: user=0.02 sys=0.00, real=0.00 secs] 
235.713: Total time for which application threads were stopped: 0.0044450 seconds, Stopping threads took: 0.0022410 seconds
235.758: Application time: 0.0456010 seconds
235.760: [GC235.760: [ParNew: 55870K->6207K(55872K), 0.0019220 secs] 117607K->68155K(182144K), 0.0019620 secs] [Times: user=0.02 sys=0.00, real=0.01 secs] 
235.762: Total time for which application threads were stopped: 0.0037080 seconds, Stopping threads took: 0.0016830 seconds
235.808: Application time: 0.0462120 seconds
235.811: [GC235.811: [ParNew: 55871K->4815K(55872K), 0.0016150 secs] 117819K->66762K(182144K), 0.0016540 secs] [Times: user=0.02 sys=0.00, real=0.00 secs] 
235.812: Total time for which application threads were stopped: 0.0040930 seconds, Stopping threads took: 0.0023770 seconds
235.863: Application time: 0.0508620 seconds
235.863: [GC235.863: [ParNew: 54479K->2892K(55872K), 0.0010550 secs] 116426K->64897K(182144K), 0.0010860 secs] [Times: user=0.01 sys=0.00, real=0.00 secs] 
235.864: Total time for which application threads were stopped: 0.0013370 seconds, Stopping threads took: 0.0001950 seconds
235.913: Application time: 0.0488080 seconds
235.915: [GC235.915: [ParNew: 52556K->6206K(55872K), 0.0020810 secs] 114561K->68280K(182144K), 0.0021200 secs] [Times: user=0.01 sys=0.00, real=0.00 secs] 
235.917: Total time for which application threads were stopped: 0.0042010 seconds, Stopping threads took: 0.0020180 seconds
235.966: Application time: 0.0486780 seconds
235.968: [GC235.968: [ParNew: 55870K->5443K(55872K), 0.0018750 secs] 117944K->67517K(182144K), 0.0019220 secs] [Times: user=0.01 sys=0.00, real=0.00 secs] 
235.970: Total time for which application threads were stopped: 0.0038570 seconds, Stopping threads took: 0.0018640 seconds
236.018: Application time: 0.0477310 seconds
236.020: [GC236.020: [ParNew: 55107K->6207K(55872K), 0.0019740 secs] 117181K->68418K(182144K), 0.0020190 secs] [Times: user=0.02 sys=0.00, real=0.01 secs] 
236.022: Total time for which application threads were stopped: 0.0038980 seconds, Stopping threads took: 0.0018130 seconds
236.070: Application time: 0.0481590 seconds
236.072: [GC236.072: [ParNew: 55871K->5329K(55872K), 0.0016000 secs] 118082K->67539K(182144K), 0.0016410 secs] [Times: user=0.01 sys=0.00, real=0.01 secs] 
236.074: Total time for which application threads were stopped: 0.0037500 seconds, Stopping threads took: 0.0020330 seconds
236.122: Application time: 0.0482780 seconds
236.124: [GC236.124: [ParNew: 54993K->6207K(55872K), 0.0023490 secs] 117203K->69454K(182144K), 0.0023960 secs] [Times: user=0.02 sys=0.00, real=0.00 secs] 
236.127: Total time for which application threads were stopped: 0.0050300 seconds, Stopping threads took: 0.0025660 seconds
236.172: Application time: 0.0452210 seconds
236.174: [GC236.174: [ParNew: 55871K->6207K(55872K), 0.0022900 secs] 119118K->70457K(182144K), 0.0023310 secs] [Times: user=0.01 sys=0.00, real=0.00 secs] 
236.176: Total time for which application threads were stopped: 0.0041430 seconds, Stopping threads took: 0.0017450 seconds
236.224: Application time: 0.0475560 seconds
236.226: [GC236.226: [ParNew: 55871K->6206K(55872K), 0.0023430 secs] 120121K->71286K(182144K), 0.0023880 secs] [Times: user=0.02 sys=0.00, real=0.00 secs] 
236.228: Total time for which application threads were stopped: 0.0044750 seconds, Stopping threads took: 0.0020190 seconds
236.276: Application time: 0.0474150 seconds
236.278: [GC236.278: [ParNew: 55870K->6207K(55872K), 0.0021520 secs] 120950K->71970K(182144K), 0.0022070 secs] [Times: user=0.02 sys=0.00, real=0.00 secs] 
236.280: Total time for which application threads were stopped: 0.0044350 seconds, Stopping threads took: 0.0021380 seconds
236.329: Application time: 0.0492230 seconds
236.330: [GC236.330: [ParNew: 55871K->6207K(55872K), 0.0020530 secs] 121634K->72169K(182144K), 0.0020960 secs] [Times: user=0.01 sys=0.00, real=0.00 secs] 
236.332: Total time for which application threads were stopped: 0.0030280 seconds, Stopping threads took: 0.0008660 seconds
236.381: Application time: 0.0486550 seconds
236.383: [GC236.383: [ParNew: 55871K->4769K(55872K), 0.0017350 secs] 121833K->70788K(182144K), 0.0017750 secs] [Times: user=0.01 sys=0.00, real=0.00 secs] 
236.384: Total time for which application threads were stopped: 0.0033010 seconds, Stopping threads took: 0.0014420 seconds
236.430: Application time: 0.0461160 seconds
236.432: [GC236.432: [ParNew: 54433K->6206K(55872K), 0.0020680 secs] 120452K->72781K(182144K), 0.0021090 secs] [Times: user=0.02 sys=0.00, real=0.01 secs] 
236.434: Total time for which application threads were stopped: 0.0034720 seconds, Stopping threads took: 0.0012770 seconds
236.481: Application time: 0.0466190 seconds
236.483: [GC236.483: [ParNew: 55870K->5656K(55872K), 0.0017220 secs] 122445K->72230K(182144K), 0.0017640 secs] [Times: user=0.02 sys=0.00, real=0.00 secs] 
236.484: Total time for which application threads were stopped: 0.0039310 seconds, Stopping threads took: 0.0020800 seconds
236.533: Application time: 0.0487760 seconds
236.535: [GC236.535: [ParNew: 55320K->5633K(55872K), 0.0017630 secs] 121894K->72235K(182144K), 0.0018060 secs] [Times: user=0.02 sys=0.00, real=0.00 secs] 
236.537: Total time for which application threads were stopped: 0.0039040 seconds, Stopping threads took: 0.0020320 seconds
236.588: Application time: 0.0510030 seconds
236.591: [GC236.591: [ParNew: 55297K->4265K(55872K), 0.0015080 secs] 121899K->70924K(182144K), 0.0015450 secs] [Times: user=0.00 sys=0.00, real=0.00 secs] 
236.592: Total time for which application threads were stopped: 0.0039710 seconds, Stopping threads took: 0.0023610 seconds
236.642: Application time: 0.0501300 seconds
236.643: [GC236.643: [ParNew: 53929K->4360K(55872K), 0.0015190 secs] 120588K->71048K(182144K), 0.0015560 secs] [Times: user=0.01 sys=0.00, real=0.00 secs] 
236.645: Total time for which application threads were stopped: 0.0027120 seconds, Stopping threads took: 0.0010950 seconds
236.695: Application time: 0.0501740 seconds
236.698: [GC236.698: [ParNew: 54024K->5745K(55872K), 0.0018170 secs] 120712K->72462K(182144K), 0.0018620 secs] [Times: user=0.01 sys=0.00, real=0.00 secs] 
236.699: Total time for which application threads were stopped: 0.0042190 seconds, Stopping threads took: 0.0022910 seconds
236.748: Application time: 0.0489470 seconds
236.751: [GC236.751: [ParNew: 55409K->5724K(55872K), 0.0019080 secs] 122126K->72469K(182144K), 0.0019530 secs] [Times: user=0.01 sys=0.00, real=0.00 secs] 
236.753: Total time for which application threads were stopped: 0.0045280 seconds, Stopping threads took: 0.0024980 seconds
236.802: Application time: 0.0494880 seconds
236.804: [GC236.804: [ParNew: 55388K->5835K(55872K), 0.0020520 secs] 122133K->72581K(182144K), 0.0020930 secs] [Times: user=0.01 sys=0.00, real=0.00 secs] 
236.806: Total time for which application threads were stopped: 0.0035690 seconds, Stopping threads took: 0.0013900 seconds
236.852: Application time: 0.0465540 seconds
236.855: [GC236.855: [ParNew: 55499K->6207K(55872K), 0.0022030 secs] 122245K->73768K(182144K), 0.0022560 secs] [Times: user=0.01 sys=0.00, real=0.00 secs] 
236.858: Total time for which application threads were stopped: 0.0051850 seconds, Stopping threads took: 0.0028500 seconds
236.906: Application time: 0.0480750 seconds
236.908: [GC236.908: [ParNew: 55871K->6207K(55872K), 0.0022350 secs] 123432K->74633K(182144K), 0.0022810 secs] [Times: user=0.02 sys=0.00, real=0.00 secs] 
236.910: Total time for which application threads were stopped: 0.0041580 seconds, Stopping threads took: 0.0017970 seconds
236.958: Application time: 0.0479920 seconds
236.960: [GC236.960: [ParNew: 55871K->5545K(55872K), 0.0018590 secs] 124297K->74028K(182144K), 0.0019040 secs] [Times: user=0.01 sys=0.00, real=0.01 secs] 
236.962: Total time for which application threads were stopped: 0.0036360 seconds, Stopping threads took: 0.0016650 seconds
237.007: Application time: 0.0452060 seconds
237.009: [GC237.009: [ParNew: 55209K->6207K(55872K), 0.0024610 secs] 123692K->76335K(182144K), 0.0025050 secs] [Times: user=0.02 sys=0.00, real=0.00 secs] 
237.012: Total time for which application threads were stopped: 0.0048440 seconds, Stopping threads took: 0.0022720 seconds
237.059: Application time: 0.0472270 seconds
237.061: [GC237.061: [ParNew: 55871K->6206K(55872K), 0.0020330 secs] 125999K->76837K(182144K), 0.0020770 secs] [Times: user=0.01 sys=0.00, real=0.01 secs] 
237.063: Total time for which application threads were stopped: 0.0037930 seconds, Stopping threads took: 0.0016510 seconds
237.111: Application time: 0.0484740 seconds
237.113: [GC237.113: [ParNew: 55870K->6088K(55872K), 0.0019810 secs] 126501K->76776K(182144K), 0.0020260 secs] [Times: user=0.01 sys=0.00, real=0.01 secs] 
237.115: Total time for which application threads were stopped: 0.0037110 seconds, Stopping threads took: 0.0016070 seconds
237.160: Application time: 0.0456530 seconds
237.163: [GC237.163: [ParNew: 55752K->6206K(55872K), 0.0023440 secs] 126440K->78071K(182144K), 0.0023860 secs] [Times: user=0.02 sys=0.00, real=0.00 secs] 
237.165: Total time for which application threads were stopped: 0.0046680 seconds, Stopping threads took: 0.0022160 seconds
237.212: Application time: 0.0469950 seconds
237.214: [GC237.214: [ParNew: 55870K->6206K(55872K), 0.0022580 secs] 127735K->79053K(182144K), 0.0023010 secs] [Times: user=0.02 sys=0.00, real=0.00 secs] 
237.216: Total time for which application threads were stopped: 0.0038270 seconds, Stopping threads took: 0.0014590 seconds
237.263: Application time: 0.0466910 seconds
237.265: [GC237.265: [ParNew: 55870K->6206K(55872K), 0.0021850 secs] 128717K->79665K(182144K), 0.0022280 secs] [Times: user=0.02 sys=0.00, real=0.00 secs] 
237.268: Total time for which application threads were stopped: 0.0048650 seconds, Stopping threads took: 0.0025720 seconds
237.316: Application time: 0.0485720 seconds
237.319: [GC237.319: [ParNew: 55870K->6206K(55872K), 0.0021550 secs] 129329K->80326K(182144K), 0.0022000 secs] [Times: user=0.01 sys=0.00, real=0.00 secs] 
237.321: Total time for which application threads were stopped: 0.0050520 seconds, Stopping threads took: 0.0027850 seconds
237.369: Application time: 0.0478060 seconds
237.371: [GC237.371: [ParNew: 55870K->6207K(55872K), 0.0022340 secs] 129990K->81365K(182144K), 0.0022810 secs] [Times: user=0.02 sys=0.00, real=0.00 secs] 
237.373: Total time for which application threads were stopped: 0.0040120 seconds, Stopping threads took: 0.0016610 seconds
237.421: Application time: 0.0483610 seconds
237.424: [GC237.424: [ParNew: 55871K->6207K(55872K), 0.0020870 secs] 131029K->81516K(182144K), 0.0021250 secs] [Times: user=0.02 sys=0.00, real=0.00 secs] 
237.426: Total time for which application threads were stopped: 0.0044760 seconds, Stopping threads took: 0.0022880 seconds
237.473: Application time: 0.0468920 seconds
237.475: [GC237.475: [ParNew: 55871K->5343K(55872K), 0.0017340 secs] 131180K->80680K(182144K), 0.0017770 secs] [Times: user=0.01 sys=0.00, real=0.00 secs] 
237.477: Total time for which application threads were stopped: 0.0038110 seconds, Stopping threads took: 0.0019650 seconds
237.524: Application time: 0.0473380 seconds
237.526: [GC237.526: [ParNew: 55007K->6206K(55872K), 0.0023450 secs] 130344K->82675K(182144K), 0.0023920 secs] [Times: user=0.02 sys=0.00, real=0.00 secs] 
237.529: Total time for which application threads were stopped: 0.0049380 seconds, Stopping threads took: 0.0024810 seconds
237.578: Application time: 0.0489680 seconds
237.581: [GC237.581: [ParNew: 55870K->6206K(55872K), 0.0021420 secs] 132339K->83279K(182144K), 0.0021960 secs] [Times: user=0.02 sys=0.00, real=0.01 secs] 
237.583: Total time for which application threads were stopped: 0.0050040 seconds, Stopping threads took: 0.0027420 seconds
237.632: Application time: 0.0489750 seconds
237.634: [GC237.634: [ParNew: 55870K->5248K(55872K), 0.0016910 secs] 132943K->82378K(182144K), 0.0017270 secs] [Times: user=0.01 sys=0.00, real=0.00 secs] 
237.636: Total time for which application threads were stopped: 0.0040450 seconds, Stopping threads took: 0.0022240 seconds
237.683: Application time: 0.0468720 seconds
237.684: [GC237.684: [ParNew: 54912K->5244K(55872K), 0.0016660 secs] 132042K->82403K(182144K), 0.0017100 secs] [Times: user=0.01 sys=0.00, real=0.00 secs] 
237.686: Total time for which application threads were stopped: 0.0034670 seconds, Stopping threads took: 0.0016730 seconds
237.734: Application time: 0.0474680 seconds
237.736: [GC237.736: [ParNew: 54908K->6016K(55872K), 0.0019870 secs] 132067K->83203K(182144K), 0.0020300 secs] [Times: user=0.00 sys=0.01, real=0.00 secs] 
237.738: Total time for which application threads were stopped: 0.0039780 seconds, Stopping threads took: 0.0018820 seconds
237.784: Application time: 0.0465160 seconds
237.787: [GC237.787: [ParNew: 55680K->6207K(55872K), 0.0022840 secs] 132867K->83996K(182144K), 0.0023290 secs] [Times: user=0.01 sys=0.00, real=0.00 secs] 
237.789: Total time for which application threads were stopped: 0.0049100 seconds, Stopping threads took: 0.0025130 seconds
237.835: Application time: 0.0457110 seconds
237.836: [GC237.837: [ParNew: 55871K->6207K(55872K), 0.0024790 secs] 133660K->85540K(182144K), 0.0025250 secs] [Times: user=0.01 sys=0.00, real=0.00 secs] 
237.839: Total time for which application threads were stopped: 0.0042950 seconds, Stopping threads took: 0.0016830 seconds
237.888: Application time: 0.0490030 seconds
237.890: [GC237.890: [ParNew: 55871K->6206K(55872K), 0.0022970 secs] 135204K->86969K(182144K), 0.0023430 secs] [Times: user=0.02 sys=0.00, real=0.00 secs] 
237.893: Total time for which application threads were stopped: 0.0046270 seconds, Stopping threads took: 0.0022170 seconds
237.940: Application time: 0.0475970 seconds
237.943: [GC237.943: [ParNew: 55870K->6207K(55872K), 0.0023740 secs] 136633K->88285K(182144K), 0.0024200 secs] [Times: user=0.02 sys=0.00, real=0.00 secs] 
237.946: Total time for which application threads were stopped: 0.0055400 seconds, Stopping threads took: 0.0030590 seconds
237.991: Application time: 0.0453100 seconds
237.994: [GC237.994: [ParNew: 55871K->6207K(55872K), 0.0022190 secs] 137949K->89378K(182144K), 0.0022650 secs] [Times: user=0.01 sys=0.00, real=0.00 secs] 
237.996: Total time for which application threads were stopped: 0.0049760 seconds, Stopping threads took: 0.0026490 seconds
238.044: Application time: 0.0482240 seconds
238.047: [GC238.047: [ParNew: 55871K->6206K(55872K), 0.0019770 secs] 139042K->89573K(182144K), 0.0020220 secs] [Times: user=0.01 sys=0.00, real=0.00 secs] 
238.049: Total time for which application threads were stopped: 0.0044410 seconds, Stopping threads took: 0.0023530 seconds
238.095: Application time: 0.0463960 seconds
238.097: [GC238.097: [ParNew: 55870K->6206K(55872K), 0.0021820 secs] 139237K->90715K(182144K), 0.0022270 secs] [Times: user=0.02 sys=0.00, real=0.00 secs] 
238.099: Total time for which application threads were stopped: 0.0042100 seconds, Stopping threads took: 0.0019180 seconds
238.147: Application time: 0.0475850 seconds
238.149: [GC238.149: [ParNew: 55870K->6206K(55872K), 0.0057390 secs] 140379K->91895K(182144K), 0.0057830 secs] [Times: user=0.04 sys=0.00, real=0.01 secs] 
238.155: Total time for which application threads were stopped: 0.0075860 seconds, Stopping threads took: 0.0017240 seconds
238.203: Application time: 0.0481400 seconds
238.205: [GC238.205: [ParNew: 55870K->6206K(55872K), 0.0020730 secs] 141559K->92338K(182144K), 0.0021170 secs] [Times: user=0.02 sys=0.00, real=0.00 secs] 
238.207: Total time for which application threads were stopped: 0.0043240 seconds, Stopping threads took: 0.0021290 seconds
238.252: Application time: 0.0452760 seconds
238.254: [GC238.255: [ParNew: 55870K->6207K(55872K), 0.0021960 secs] 142002K->93147K(182144K), 0.0022400 secs] [Times: user=0.01 sys=0.00, real=0.00 secs] 
238.257: Total time for which application threads were stopped: 0.0044560 seconds, Stopping threads took: 0.0021290 seconds
238.305: Application time: 0.0481400 seconds
238.308: [GC238.308: [ParNew: 55871K->6207K(55872K), 0.0021550 secs] 142811K->93961K(182144K), 0.0021990 secs] [Times: user=0.01 sys=0.00, real=0.00 secs] 
238.310: Total time for which application threads were stopped: 0.0050900 seconds, Stopping threads took: 0.0028240 seconds
238.359: Application time: 0.0485240 seconds
238.360: [GC238.360: [ParNew: 55871K->5860K(55872K), 0.0019350 secs] 143625K->93642K(182144K), 0.0019780 secs] [Times: user=0.02 sys=0.00, real=0.01 secs] 
238.362: Total time for which application threads were stopped: 0.0035210 seconds, Stopping threads took: 0.0014760 seconds
238.410: Application time: 0.0483390 seconds
238.413: [GC238.413: [ParNew: 55524K->6206K(55872K), 0.0025060 secs] 143306K->95684K(182144K), 0.0025540 secs] [Times: user=0.02 sys=0.00, real=0.01 secs] 
238.415: Total time for which application threads were stopped: 0.0048460 seconds, Stopping threads took: 0.0022240 seconds
238.462: Application time: 0.0466070 seconds
238.465: [GC238.465: [ParNew: 55870K->6206K(55872K), 0.0024200 secs] 145348K->97263K(182144K), 0.0024650 secs] [Times: user=0.01 sys=0.00, real=0.00 secs] 
238.467: Total time for which application threads were stopped: 0.0052760 seconds, Stopping threads took: 0.0027440 seconds
238.514: Application time: 0.0472210 seconds
238.517: [GC238.517: [ParNew: 55870K->6206K(55872K), 0.0023870 secs] 146927K->98716K(182144K), 0.0024350 secs] [Times: user=0.02 sys=0.00, real=0.00 secs] 
238.520: Total time for which application threads were stopped: 0.0052890 seconds, Stopping threads took: 0.0027850 seconds
238.567: Application time: 0.0474210 seconds
238.569: [GC238.569: [ParNew: 55870K->6207K(55872K), 0.0021760 secs] 148380K->99131K(182144K), 0.0022200 secs] [Times: user=0.01 sys=0.01, real=0.00 secs] 
238.571: Total time for which application threads were stopped: 0.0043260 seconds, Stopping threads took: 0.0020390 seconds
238.619: Application time: 0.0471310 seconds
238.622: [GC238.622: [ParNew: 55871K->6206K(55872K), 0.0022010 secs] 148795K->99606K(182144K), 0.0022420 secs] [Times: user=0.01 sys=0.00, real=0.00 secs] 
238.624: Total time for which application threads were stopped: 0.0053690 seconds, Stopping threads took: 0.0030390 seconds
238.675: Application time: 0.0511220 seconds
238.678: [GC238.678: [ParNew: 55870K->4688K(55872K), 0.0016330 secs] 149270K->98087K(182144K), 0.0016700 secs] [Times: user=0.01 sys=0.00, real=0.00 secs] 
238.679: Total time for which application threads were stopped: 0.0042410 seconds, Stopping threads took: 0.0025030 seconds
238.726: Application time: 0.0471410 seconds
238.728: [GC238.728: [ParNew: 54352K->6207K(55872K), 0.0022810 secs] 147751K->100401K(182144K), 0.0023260 secs] [Times: user=0.02 sys=0.00, real=0.00 secs] 
238.731: Total time for which application threads were stopped: 0.0042000 seconds, Stopping threads took: 0.0018060 seconds
238.779: Application time: 0.0479840 seconds
238.781: [GC238.781: [ParNew: 55871K->6206K(55872K), 0.0022140 secs] 150065K->101121K(182144K), 0.0022620 secs] [Times: user=0.01 sys=0.00, real=0.01 secs] 
238.783: Total time for which application threads were stopped: 0.0042350 seconds, Stopping threads took: 0.0019050 seconds
238.830: Application time: 0.0470720 seconds
238.832: [GC238.832: [ParNew: 55870K->6206K(55872K), 0.0023710 secs] 150785K->102365K(182144K), 0.0024150 secs] [Times: user=0.01 sys=0.00, real=0.01 secs] 
238.835: Total time for which application threads were stopped: 0.0046360 seconds, Stopping threads took: 0.0021540 seconds
238.883: Application time: 0.0479980 seconds
238.885: [GC238.885: [ParNew: 55870K->6207K(55872K), 0.0023640 secs] 152029K->103582K(182144K), 0.0024090 secs] [Times: user=0.02 sys=0.00, real=0.00 secs] 
238.887: Total time for which application threads were stopped: 0.0048180 seconds, Stopping threads took: 0.0023420 seconds
238.937: Application time: 0.0494740 seconds
238.939: [GC238.939: [ParNew: 55871K->4920K(55872K), 0.0017310 secs] 153246K->102324K(182144K), 0.0017780 secs] [Times: user=0.02 sys=0.00, real=0.00 secs] 
238.941: Total time for which application threads were stopped: 0.0044350 seconds, Stopping threads took: 0.0025930 seconds
238.987: Application time: 0.0454990 seconds
238.989: [GC238.989: [ParNew: 54584K->6207K(55872K), 0.0023950 secs] 151988K->104731K(182144K), 0.0024400 secs] [Times: user=0.01 sys=0.00, real=0.00 secs] 
238.992: Total time for which application threads were stopped: 0.0048750 seconds, Stopping threads took: 0.0023680 seconds
239.041: Application time: 0.0488850 seconds
239.043: [GC239.043: [ParNew: 55871K->6206K(55872K), 0.0020830 secs] 154395K->105345K(182144K), 0.0021380 secs] [Times: user=0.01 sys=0.00, real=0.00 secs] 
239.045: Total time for which application threads were stopped: 0.0048700 seconds, Stopping threads took: 0.0026620 seconds
239.093: Application time: 0.0477170 seconds
239.097: [GC239.097: [ParNew: 55870K->6207K(55872K), 0.0021420 secs] 155009K->106280K(182144K), 0.0021850 secs] [Times: user=0.01 sys=0.00, real=0.00 secs] 
239.099: Total time for which application threads were stopped: 0.0057020 seconds, Stopping threads took: 0.0034480 seconds
239.145: Application time: 0.0465400 seconds
239.147: [GC239.147: [ParNew: 55871K->6207K(55872K), 0.0067600 secs] 155944K->107312K(182144K), 0.0068070 secs] [Times: user=0.05 sys=0.00, real=0.01 secs] 
239.154: Total time for which application threads were stopped: 0.0088210 seconds, Stopping threads took: 0.0019480 seconds
239.203: Application time: 0.0490220 seconds
239.205: [GC239.205: [ParNew: 55871K->6206K(55872K), 0.0020200 secs] 156976K->107341K(182144K), 0.0020680 secs] [Times: user=0.02 sys=0.00, real=0.00 secs] 
239.207: Total time for which application threads were stopped: 0.0037550 seconds, Stopping threads took: 0.0016100 seconds
239.258: Application time: 0.0508420 seconds
239.260: [GC239.260: [ParNew: 55870K->6206K(55872K), 0.0020430 secs] 157005K->107774K(182144K), 0.0020840 secs] [Times: user=0.01 sys=0.00, real=0.01 secs] 
239.262: Total time for which application threads were stopped: 0.0043600 seconds, Stopping threads took: 0.0022120 seconds
239.310: Application time: 0.0477000 seconds
239.312: [GC239.312: [ParNew: 55870K->6206K(55872K), 0.0022210 secs] 157438K->108044K(182144K), 0.0022640 secs] [Times: user=0.02 sys=0.00, real=0.01 secs] 
239.315: Total time for which application threads were stopped: 0.0046430 seconds, Stopping threads took: 0.0022900 seconds
239.364: Application time: 0.0490880 seconds
239.366: [GC239.366: [ParNew: 55870K->5682K(55872K), 0.0017890 secs] 157708K->107549K(182144K), 0.0018350 secs] [Times: user=0.02 sys=0.00, real=0.00 secs] 
239.368: Total time for which application threads were stopped: 0.0039900 seconds, Stopping threads took: 0.0020640 seconds
239.415: Application time: 0.0475610 seconds
239.417: [GC239.417: [ParNew: 55346K->6206K(55872K), 0.0024050 secs] 157213K->109428K(182144K), 0.0024510 secs] [Times: user=0.02 sys=0.00, real=0.00 secs] 
239.420: Total time for which application threads were stopped: 0.0046320 seconds, Stopping threads took: 0.0021110 seconds
239.469: Application time: 0.0487770 seconds
239.470: [GC239.470: [ParNew: 55870K->6206K(55872K), 0.0018750 secs] 159092K->109522K(182144K), 0.0019160 secs] [Times: user=0.02 sys=0.00, real=0.00 secs] 
239.472: Total time for which application threads were stopped: 0.0036010 seconds, Stopping threads took: 0.0016200 seconds
239.518: Application time: 0.0455930 seconds
239.521: [GC239.521: [ParNew: 55870K->6206K(55872K), 0.0023530 secs] 159186K->110646K(182144K), 0.0023990 secs] [Times: user=0.02 sys=0.00, real=0.01 secs] 
239.523: Total time for which application threads were stopped: 0.0054820 seconds, Stopping threads took: 0.0029940 seconds
 CMS: abort preclean due to time 239.525: [CMS-concurrent-abortable-preclean: 0.272/5.036 secs] [Times: user=38.70 sys=0.13, real=5.04 secs] 
239.525: Application time: 0.0021680 seconds
239.528: [GC[YG occupancy: 10165 K (55872 K)]239.528: [Rescan (parallel) , 0.0001850 secs]239.528: [weak refs processing, 0.0000070 secs]239.528: [scrub string table, 0.0001100 secs] [1 CMS-remark: 104439K(126272K)] 114605K(182144K), 0.0003300 secs] [Times: user=0.00 sys=0.00, real=0.00 secs] 
239.528: Total time for which application threads were stopped: 0.0028240 seconds, Stopping threads took: 0.0024660 seconds
239.528: [CMS-concurrent-sweep-start]
239.535: [CMS-concurrent-sweep: 0.007/0.007 secs] [Times: user=0.04 sys=0.00, real=0.01 secs] 
239.535: [CMS-concurrent-reset-start]
239.536: [CMS-concurrent-reset: 0.000/0.000 secs] [Times: user=0.00 sys=0.00, real=0.00 secs] 
239.573: Application time: 0.0443140 seconds
239.576: [GC239.576: [ParNew: 55870K->6206K(55872K), 0.0020030 secs] 108200K->58670K(182144K), 0.0020480 secs] [Times: user=0.01 sys=0.00, real=0.00 secs] 
239.578: Total time for which application threads were stopped: 0.0049950 seconds, Stopping threads took: 0.0028600 seconds
239.628: Application time: 0.0499700 seconds
239.630: [GC239.630: [ParNew: 55870K->6207K(55872K), 0.0021360 secs] 108334K->59038K(182144K), 0.0021830 secs] [Times: user=0.02 sys=0.00, real=0.00 secs] 
239.632: Total time for which application threads were stopped: 0.0041910 seconds, Stopping threads took: 0.0019180 seconds
239.686: Application time: 0.0542640 seconds
239.686: [GC239.686: [ParNew: 55871K->2763K(55872K), 0.0011750 secs] 108702K->55623K(182144K), 0.0012080 secs] [Times: user=0.00 sys=0.00, real=0.00 secs] 
239.687: Total time for which application threads were stopped: 0.0014450 seconds, Stopping threads took: 0.0001800 seconds
239.741: Application time: 0.0540270 seconds
239.743: [GC239.743: [ParNew: 52427K->3764K(55872K), 0.0012420 secs] 105287K->56624K(182144K), 0.0012790 secs] [Times: user=0.01 sys=0.00, real=0.00 secs] 
239.745: Total time for which application threads were stopped: 0.0032700 seconds, Stopping threads took: 0.0019200 seconds
239.792: Application time: 0.0474860 seconds
239.794: [GC239.794: [ParNew: 53428K->6206K(55872K), 0.0020220 secs] 106288K->59495K(182144K), 0.0020630 secs] [Times: user=0.01 sys=0.00, real=0.00 secs] 
239.796: Total time for which application threads were stopped: 0.0037030 seconds, Stopping threads took: 0.0015520 seconds
239.844: Application time: 0.0484990 seconds
239.846: [GC239.846: [ParNew: 55870K->6207K(55872K), 0.0021500 secs] 109159K->60003K(182144K), 0.0021950 secs] [Times: user=0.01 sys=0.00, real=0.00 secs] 
239.848: Total time for which application threads were stopped: 0.0036570 seconds, Stopping threads took: 0.0013950 seconds
239.896: Application time: 0.0479260 seconds
239.899: [GC239.899: [ParNew: 55871K->6207K(55872K), 0.0020780 secs] 109667K->60412K(182144K), 0.0021200 secs] [Times: user=0.02 sys=0.00, real=0.00 secs] 
239.901: Total time for which application threads were stopped: 0.0046180 seconds, Stopping threads took: 0.0024360 seconds
239.947: Application time: 0.0462920 seconds
239.948: [GC239.948: [ParNew: 55871K->5551K(55872K), 0.0018130 secs] 110076K->59813K(182144K), 0.0018510 secs] [Times: user=0.01 sys=0.01, real=0.00 secs] 
239.949: Total time for which application threads were stopped: 0.0025140 seconds, Stopping threads took: 0.0006020 seconds
239.993: Application time: 0.0438660 seconds
239.995: [GC239.995: [ParNew: 55215K->6206K(55872K), 0.0023080 secs] 109477K->61778K(182144K), 0.0023470 secs] [Times: user=0.02 sys=0.00, real=0.00 secs] 
239.998: Total time for which application threads were stopped: 0.0041620 seconds, Stopping threads took: 0.0017520 seconds
239.998: Application time: 0.0001290 seconds
240.002: [GC [1 CMS-initial-mark: 55571K(126272K)] 62530K(182144K), 0.0002040 secs] [Times: user=0.00 sys=0.00, real=0.00 secs] 
240.002: Total time for which application threads were stopped: 0.0040900 seconds, Stopping threads took: 0.0038630 seconds
240.002: [CMS-concurrent-mark-start]
240.007: [CMS-concurrent-mark: 0.005/0.005 secs] [Times: user=0.03 sys=0.00, real=0.00 secs] 
240.007: [CMS-concurrent-preclean-start]
240.007: [CMS-concurrent-preclean: 0.000/0.000 secs] [Times: user=0.00 sys=0.00, real=0.00 secs] 
240.007: [CMS-concurrent-abortable-preclean-start]
240.047: Application time: 0.0456640 seconds
240.050: [GC240.050: [ParNew: 55870K->3990K(55872K), 0.0012620 secs] 111442K->59561K(182144K), 0.0013020 secs] [Times: user=0.01 sys=0.00, real=0.00 secs] 
240.051: Total time for which application threads were stopped: 0.0039980 seconds, Stopping threads took: 0.0026390 seconds
240.096: Application time: 0.0443790 seconds
240.097: [GC240.097: [ParNew: 53654K->5548K(55872K), 0.0017490 secs] 109225K->61120K(182144K), 0.0017900 secs] [Times: user=0.01 sys=0.00, real=0.00 secs] 
240.099: Total time for which application threads were stopped: 0.0032790 seconds, Stopping threads took: 0.0014220 seconds
240.144: Application time: 0.0452510 seconds
240.146: [GC240.146: [ParNew: 55212K->6057K(55872K), 0.0019320 secs] 110784K->61629K(182144K), 0.0019770 secs] [Times: user=0.01 sys=0.00, real=0.00 secs] 
240.148: Total time for which application threads were stopped: 0.0035110 seconds, Stopping threads took: 0.0014670 seconds
240.191: Application time: 0.0432940 seconds
240.193: [GC240.193: [ParNew: 55721K->6206K(55872K), 0.0023690 secs] 111293K->63073K(182144K), 0.0024170 secs] [Times: user=0.02 sys=0.00, real=0.01 secs] 
240.196: Total time for which application threads were stopped: 0.0045870 seconds, Stopping threads took: 0.0021030 seconds
240.240: Application time: 0.0445030 seconds
240.243: [GC240.243: [ParNew: 55870K->6206K(55872K), 0.0022050 secs] 112737K->63490K(182144K), 0.0022570 secs] [Times: user=0.02 sys=0.00, real=0.00 secs] 
240.245: Total time for which application threads were stopped: 0.0047810 seconds, Stopping threads took: 0.0024580 seconds
240.290: Application time: 0.0445880 seconds
240.292: [GC240.292: [ParNew: 55870K->6207K(55872K), 0.0021950 secs] 113154K->64197K(182144K), 0.0022380 secs] [Times: user=0.02 sys=0.00, real=0.01 secs] 
240.294: Total time for which application threads were stopped: 0.0043700 seconds, Stopping threads took: 0.0020590 seconds
240.340: Application time: 0.0457950 seconds
240.342: [GC240.342: [ParNew: 55871K->6207K(55872K), 0.0022940 secs] 113861K->65391K(182144K), 0.0023370 secs] [Times: user=0.01 sys=0.00, real=0.00 secs] 
240.344: Total time for which application threads were stopped: 0.0041680 seconds, Stopping threads took: 0.0017640 seconds
240.390: Application time: 0.0460520 seconds
240.392: [GC240.392: [ParNew: 55871K->5427K(55872K), 0.0016860 secs] 115055K->64640K(182144K), 0.0017320 secs] [Times: user=0.01 sys=0.00, real=0.01 secs] 
240.394: Total time for which application threads were stopped: 0.0038820 seconds, Stopping threads took: 0.0020840 seconds
240.440: Application time: 0.0461400 seconds
240.443: [GC240.443: [ParNew: 55091K->6207K(55872K), 0.0022880 secs] 114304K->65879K(182144K), 0.0023390 secs] [Times: user=0.01 sys=0.00, real=0.00 secs] 
240.445: Total time for which application threads were stopped: 0.0048760 seconds, Stopping threads took: 0.0024480 seconds
240.489: Application time: 0.0444000 seconds
240.491: [GC240.491: [ParNew: 55871K->6207K(55872K), 0.0021240 secs] 115543K->66294K(182144K), 0.0021660 secs] [Times: user=0.02 sys=0.01, real=0.01 secs] 
240.494: Total time for which application threads were stopped: 0.0042290 seconds, Stopping threads took: 0.0020000 seconds
240.539: Application time: 0.0452840 seconds
240.541: [GC240.541: [ParNew: 55871K->6207K(55872K), 0.0024170 secs] 115958K->67843K(182144K), 0.0024620 secs] [Times: user=0.02 sys=0.00, real=0.01 secs] 
240.543: Total time for which application threads were stopped: 0.0044330 seconds, Stopping threads took: 0.0019070 seconds
240.587: Application time: 0.0441540 seconds
240.590: [GC240.590: [ParNew: 55871K->6206K(55872K), 0.0020300 secs] 117507K->68302K(182144K), 0.0020720 secs] [Times: user=0.02 sys=0.00, real=0.00 secs] 
240.592: Total time for which application threads were stopped: 0.0046760 seconds, Stopping threads took: 0.0025320 seconds
240.639: Application time: 0.0472240 seconds
240.641: [GC240.641: [ParNew: 55870K->5604K(55872K), 0.0017480 secs] 117966K->67700K(182144K), 0.0017920 secs] [Times: user=0.01 sys=0.00, real=0.01 secs] 
240.643: Total time for which application threads were stopped: 0.0033140 seconds, Stopping threads took: 0.0014570 seconds
240.686: Application time: 0.0436700 seconds
240.688: [GC240.688: [ParNew: 55268K->6207K(55872K), 0.0022050 secs] 117364K->68912K(182144K), 0.0022500 secs] [Times: user=0.02 sys=0.00, real=0.00 secs] 
240.690: Total time for which application threads were stopped: 0.0040830 seconds, Stopping threads took: 0.0017670 seconds
240.737: Application time: 0.0464220 seconds
240.738: [GC240.738: [ParNew: 55871K->6207K(55872K), 0.0022130 secs] 118576K->69801K(182144K), 0.0022550 secs] [Times: user=0.02 sys=0.00, real=0.00 secs] 
240.740: Total time for which application threads were stopped: 0.0035900 seconds, Stopping threads took: 0.0012690 seconds
240.785: Application time: 0.0444090 seconds
240.787: [GC240.787: [ParNew: 55871K->6206K(55872K), 0.0022230 secs] 119465K->70641K(182144K), 0.0022700 secs] [Times: user=0.02 sys=0.00, real=0.00 secs] 
240.789: Total time for which application threads were stopped: 0.0040790 seconds, Stopping threads took: 0.0017410 seconds
240.833: Application time: 0.0442310 seconds
240.836: [GC240.836: [ParNew: 55870K->6206K(55872K), 0.0021980 secs] 120305K->71419K(182144K), 0.0022410 secs] [Times: user=0.01 sys=0.00, real=0.00 secs] 
240.838: Total time for which application threads were stopped: 0.0051640 seconds, Stopping threads took: 0.0028500 seconds
240.883: Application time: 0.0444040 seconds
240.884: [GC240.884: [ParNew: 55870K->6206K(55872K), 0.0024300 secs] 121083K->73035K(182144K), 0.0024730 secs] [Times: user=0.02 sys=0.00, real=0.00 secs] 
240.887: Total time for which application threads were stopped: 0.0039100 seconds, Stopping threads took: 0.0013710 seconds
240.932: Application time: 0.0450520 seconds
240.933: [GC240.933: [ParNew: 55870K->6207K(55872K), 0.0021240 secs] 122699K->73748K(182144K), 0.0021670 secs] [Times: user=0.02 sys=0.00, real=0.01 secs] 
240.935: Total time for which application threads were stopped: 0.0037260 seconds, Stopping threads took: 0.0014940 seconds
240.978: Application time: 0.0425910 seconds
240.981: [GC240.981: [ParNew: 55871K->6207K(55872K), 0.0022600 secs] 123412K->74769K(182144K), 0.0023040 secs] [Times: user=0.01 sys=0.00, real=0.01 secs] 
240.983: Total time for which application threads were stopped: 0.0048790 seconds, Stopping threads took: 0.0025130 seconds
241.028: Application time: 0.0451160 seconds
241.031: [GC241.031: [ParNew: 55871K->6206K(55872K), 0.0021460 secs] 124433K->75522K(182144K), 0.0021880 secs] [Times: user=0.01 sys=0.00, real=0.00 secs] 
241.033: Total time for which application threads were stopped: 0.0049140 seconds, Stopping threads took: 0.0026400 seconds
241.077: Application time: 0.0440120 seconds
241.079: [GC241.079: [ParNew: 55870K->6207K(55872K), 0.0024520 secs] 125186K->77184K(182144K), 0.0025010 secs] [Times: user=0.01 sys=0.00, real=0.01 secs] 
241.082: Total time for which application threads were stopped: 0.0049250 seconds, Stopping threads took: 0.0023580 seconds
241.126: Application time: 0.0438250 seconds
241.128: [GC241.128: [ParNew: 55871K->6206K(55872K), 0.0021240 secs] 126848K->77880K(182144K), 0.0021690 secs] [Times: user=0.02 sys=0.00, real=0.00 secs] 
241.130: Total time for which application threads were stopped: 0.0043930 seconds, Stopping threads took: 0.0021590 seconds
241.177: Application time: 0.0470980 seconds
241.182: [GC241.182: [ParNew: 55870K->5872K(55872K), 0.0019910 secs] 127544K->77545K(182144K), 0.0020300 secs] [Times: user=0.02 sys=0.00, real=0.00 secs] 
241.184: Total time for which application threads were stopped: 0.0064040 seconds, Stopping threads took: 0.0043110 seconds
241.231: Application time: 0.0472250 seconds
241.232: [GC241.232: [ParNew: 55536K->6207K(55872K), 0.0023930 secs] 127209K->79005K(182144K), 0.0024470 secs] [Times: user=0.02 sys=0.00, real=0.01 secs] 
241.235: Total time for which application threads were stopped: 0.0041330 seconds, Stopping threads took: 0.0016210 seconds
241.282: Application time: 0.0466890 seconds
241.283: [GC241.283: [ParNew: 55871K->3710K(55872K), 0.0012480 secs] 128669K->76565K(182144K), 0.0012840 secs] [Times: user=0.01 sys=0.00, real=0.00 secs] 
241.285: Total time for which application threads were stopped: 0.0031560 seconds, Stopping threads took: 0.0018140 seconds
241.332: Application time: 0.0474140 seconds
241.333: [GC241.333: [ParNew: 53374K->6207K(55872K), 0.0023450 secs] 126229K->80230K(182144K), 0.0023900 secs] [Times: user=0.02 sys=0.00, real=0.01 secs] 
241.336: Total time for which application threads were stopped: 0.0033350 seconds, Stopping threads took: 0.0008780 seconds
241.380: Application time: 0.0443970 seconds
241.383: [GC241.383: [ParNew: 55871K->6207K(55872K), 0.0022150 secs] 129894K->81421K(182144K), 0.0022600 secs] [Times: user=0.02 sys=0.00, real=0.00 secs] 
241.385: Total time for which application threads were stopped: 0.0050910 seconds, Stopping threads took: 0.0027570 seconds
241.431: Application time: 0.0456670 seconds
241.432: [GC241.432: [ParNew: 55871K->6207K(55872K), 0.0022510 secs] 131085K->82517K(182144K), 0.0022970 secs] [Times: user=0.01 sys=0.00, real=0.01 secs] 
241.435: Total time for which application threads were stopped: 0.0038100 seconds, Stopping threads took: 0.0014450 seconds
241.481: Application time: 0.0463970 seconds
241.482: [GC241.482: [ParNew: 55871K->5276K(55872K), 0.0017500 secs] 132181K->81615K(182144K), 0.0017890 secs] [Times: user=0.02 sys=0.00, real=0.00 secs] 
241.484: Total time for which application threads were stopped: 0.0027760 seconds, Stopping threads took: 0.0009250 seconds
241.532: Application time: 0.0481510 seconds
241.533: [GC241.533: [ParNew: 54940K->5235K(55872K), 0.0016590 secs] 131279K->81631K(182144K), 0.0016960 secs] [Times: user=0.01 sys=0.00, real=0.01 secs] 
241.535: Total time for which application threads were stopped: 0.0032290 seconds, Stopping threads took: 0.0014720 seconds
241.580: Application time: 0.0446070 seconds
241.582: [GC241.582: [ParNew: 54899K->6207K(55872K), 0.0023130 secs] 131295K->83539K(182144K), 0.0023540 secs] [Times: user=0.01 sys=0.00, real=0.00 secs] 
241.584: Total time for which application threads were stopped: 0.0046550 seconds, Stopping threads took: 0.0022390 seconds
241.632: Application time: 0.0480630 seconds
241.634: [GC241.634: [ParNew: 55871K->4638K(55872K), 0.0014380 secs] 133203K->81970K(182144K), 0.0014750 secs] [Times: user=0.01 sys=0.00, real=0.00 secs] 
241.636: Total time for which application threads were stopped: 0.0031240 seconds, Stopping threads took: 0.0015890 seconds
241.680: Application time: 0.0449300 seconds
241.682: [GC241.682: [ParNew: 54302K->6092K(55872K), 0.0019520 secs] 131634K->83424K(182144K), 0.0019990 secs] [Times: user=0.02 sys=0.00, real=0.00 secs] 
241.684: Total time for which application threads were stopped: 0.0037020 seconds, Stopping threads took: 0.0016380 seconds
241.728: Application time: 0.0440310 seconds
241.730: [GC241.730: [ParNew: 55756K->6169K(55872K), 0.0019520 secs] 133088K->83501K(182144K), 0.0019960 secs] [Times: user=0.01 sys=0.00, real=0.00 secs] 
241.732: Total time for which application threads were stopped: 0.0039530 seconds, Stopping threads took: 0.0018910 seconds
241.777: Application time: 0.0444000 seconds
241.778: [GC241.778: [ParNew: 55833K->6207K(55872K), 0.0022620 secs] 133165K->84485K(182144K), 0.0023070 secs] [Times: user=0.01 sys=0.00, real=0.00 secs] 
241.781: Total time for which application threads were stopped: 0.0041140 seconds, Stopping threads took: 0.0017380 seconds
241.825: Application time: 0.0441060 seconds
241.828: [GC241.828: [ParNew: 55871K->6207K(55872K), 0.0024670 secs] 134149K->86232K(182144K), 0.0025160 secs] [Times: user=0.02 sys=0.00, real=0.00 secs] 
241.830: Total time for which application threads were stopped: 0.0053390 seconds, Stopping threads took: 0.0027490 seconds
241.873: Application time: 0.0431910 seconds
241.875: [GC241.875: [ParNew: 55871K->5936K(55872K), 0.0018310 secs] 135896K->85986K(182144K), 0.0018720 secs] [Times: user=0.02 sys=0.00, real=0.00 secs] 
241.877: Total time for which application threads were stopped: 0.0033980 seconds, Stopping threads took: 0.0014600 seconds
241.924: Application time: 0.0474180 seconds
241.926: [GC241.926: [ParNew: 55600K->5471K(55872K), 0.0018470 secs] 135650K->85554K(182144K), 0.0018880 secs] [Times: user=0.01 sys=0.00, real=0.00 secs] 
241.928: Total time for which application threads were stopped: 0.0041250 seconds, Stopping threads took: 0.0021680 seconds
241.973: Application time: 0.0449540 seconds
241.976: [GC241.976: [ParNew: 55135K->6206K(55872K), 0.0021450 secs] 135218K->86429K(182144K), 0.0021830 secs] [Times: user=0.02 sys=0.00, real=0.00 secs] 
241.978: Total time for which application threads were stopped: 0.0045150 seconds, Stopping threads took: 0.0022580 seconds
242.023: Application time: 0.0452770 seconds
242.025: [GC242.025: [ParNew: 55870K->5821K(55872K), 0.0019720 secs] 136093K->86101K(182144K), 0.0020140 secs] [Times: user=0.02 sys=0.00, real=0.00 secs] 
242.027: Total time for which application threads were stopped: 0.0039480 seconds, Stopping threads took: 0.0018700 seconds
242.074: Application time: 0.0467960 seconds
242.076: [GC242.076: [ParNew: 55485K->6206K(55872K), 0.0023890 secs] 135765K->87533K(182144K), 0.0024470 secs] [Times: user=0.01 sys=0.00, real=0.00 secs] 
242.078: Total time for which application threads were stopped: 0.0043890 seconds, Stopping threads took: 0.0018680 seconds
242.124: Application time: 0.0455550 seconds
242.126: [GC242.126: [ParNew: 55870K->5629K(55872K), 0.0017760 secs] 137197K->86955K(182144K), 0.0018130 secs] [Times: user=0.01 sys=0.00, real=0.00 secs] 
242.128: Total time for which application threads were stopped: 0.0041690 seconds, Stopping threads took: 0.0022920 seconds
242.173: Application time: 0.0449670 seconds
242.175: [GC242.175: [ParNew: 55293K->5612K(55872K), 0.0016990 secs] 136619K->86938K(182144K), 0.0017410 secs] [Times: user=0.01 sys=0.00, real=0.00 secs] 
242.177: Total time for which application threads were stopped: 0.0038950 seconds, Stopping threads took: 0.0020650 seconds
242.221: Application time: 0.0444200 seconds
242.223: [GC242.223: [ParNew: 55276K->6207K(55872K), 0.0022910 secs] 136602K->88737K(182144K), 0.0023310 secs] [Times: user=0.02 sys=0.00, real=0.00 secs] 
242.225: Total time for which application threads were stopped: 0.0040290 seconds, Stopping threads took: 0.0016120 seconds
242.269: Application time: 0.0436650 seconds
242.272: [GC242.272: [ParNew: 55871K->6206K(55872K), 0.0022440 secs] 138401K->89710K(182144K), 0.0022870 secs] [Times: user=0.02 sys=0.00, real=0.01 secs] 
242.274: Total time for which application threads were stopped: 0.0050280 seconds, Stopping threads took: 0.0026760 seconds
242.320: Application time: 0.0458270 seconds
242.322: [GC242.322: [ParNew: 55870K->6047K(55872K), 0.0018490 secs] 139374K->89608K(182144K), 0.0018880 secs] [Times: user=0.01 sys=0.00, real=0.00 secs] 
242.324: Total time for which application threads were stopped: 0.0042460 seconds, Stopping threads took: 0.0022930 seconds
242.370: Application time: 0.0461810 seconds
242.372: [GC242.372: [ParNew: 55711K->6207K(55872K), 0.0024970 secs] 139272K->91440K(182144K), 0.0025440 secs] [Times: user=0.02 sys=0.00, real=0.01 secs] 
242.374: Total time for which application threads were stopped: 0.0043210 seconds, Stopping threads took: 0.0017120 seconds
242.418: Application time: 0.0434690 seconds
242.420: [GC242.420: [ParNew: 55871K->5789K(55872K), 0.0018780 secs] 141104K->91078K(182144K), 0.0019170 secs] [Times: user=0.01 sys=0.00, real=0.01 secs] 
242.422: Total time for which application threads were stopped: 0.0039270 seconds, Stopping threads took: 0.0019480 seconds
242.466: Application time: 0.0442130 seconds
242.468: [GC242.468: [ParNew: 55453K->5811K(55872K), 0.0018750 secs] 140742K->91128K(182144K), 0.0019160 secs] [Times: user=0.02 sys=0.00, real=0.00 secs] 
242.470: Total time for which application threads were stopped: 0.0042390 seconds, Stopping threads took: 0.0022540 seconds
242.515: Application time: 0.0447070 seconds
242.516: [GC242.516: [ParNew: 55475K->4326K(55872K), 0.0014380 secs] 140792K->89644K(182144K), 0.0014760 secs] [Times: user=0.01 sys=0.00, real=0.00 secs] 
242.518: Total time for which application threads were stopped: 0.0028450 seconds, Stopping threads took: 0.0013090 seconds
242.565: Application time: 0.0466750 seconds
242.567: [GC242.567: [ParNew: 53990K->5680K(55872K), 0.0018970 secs] 139308K->91055K(182144K), 0.0019340 secs] [Times: user=0.02 sys=0.00, real=0.00 secs] 
242.569: Total time for which application threads were stopped: 0.0043710 seconds, Stopping threads took: 0.0023750 seconds
242.614: Application time: 0.0446320 seconds
242.615: [GC242.615: [ParNew: 55344K->6206K(55872K), 0.0021470 secs] 140719K->92269K(182144K), 0.0021900 secs] [Times: user=0.02 sys=0.00, real=0.00 secs] 
242.617: Total time for which application threads were stopped: 0.0038000 seconds, Stopping threads took: 0.0015450 seconds
242.661: Application time: 0.0441340 seconds
242.664: [GC242.664: [ParNew: 55870K->6207K(55872K), 0.0021460 secs] 141933K->93018K(182144K), 0.0021890 secs] [Times: user=0.01 sys=0.00, real=0.00 secs] 
242.666: Total time for which application threads were stopped: 0.0048010 seconds, Stopping threads took: 0.0025470 seconds
242.710: Application time: 0.0439800 seconds
242.713: [GC242.713: [ParNew: 55871K->6207K(55872K), 0.0021930 secs] 142682K->93276K(182144K), 0.0022370 secs] [Times: user=0.02 sys=0.00, real=0.01 secs] 
242.715: Total time for which application threads were stopped: 0.0050730 seconds, Stopping threads took: 0.0027720 seconds
242.760: Application time: 0.0446530 seconds
242.761: [GC242.761: [ParNew: 55871K->5861K(55872K), 0.0019440 secs] 142940K->92930K(182144K), 0.0019860 secs] [Times: user=0.01 sys=0.00, real=0.01 secs] 
242.763: Total time for which application threads were stopped: 0.0028800 seconds, Stopping threads took: 0.0008080 seconds
242.807: Application time: 0.0436790 seconds
242.809: [GC242.809: [ParNew: 55525K->6206K(55872K), 0.0023530 secs] 142594K->93939K(182144K), 0.0023940 secs] [Times: user=0.01 sys=0.00, real=0.00 secs] 
242.811: Total time for which application threads were stopped: 0.0045680 seconds, Stopping threads took: 0.0021120 seconds
242.856: Application time: 0.0444050 seconds
242.857: [GC242.857: [ParNew: 55870K->5068K(55872K), 0.0017850 secs] 143603K->92800K(182144K), 0.0018310 secs] [Times: user=0.01 sys=0.00, real=0.00 secs] 
242.859: Total time for which application threads were stopped: 0.0032880 seconds, Stopping threads took: 0.0013700 seconds
242.904: Application time: 0.0446990 seconds
242.905: [GC242.905: [ParNew: 54732K->6206K(55872K), 0.0020580 secs] 142464K->93999K(182144K), 0.0021020 secs] [Times: user=0.02 sys=0.00, real=0.00 secs] 
242.907: Total time for which application threads were stopped: 0.0032540 seconds, Stopping threads took: 0.0010870 seconds
242.951: Application time: 0.0439840 seconds
242.953: [GC242.953: [ParNew: 55870K->6207K(55872K), 0.0021190 secs] 143663K->94543K(182144K), 0.0021590 secs] [Times: user=0.02 sys=0.00, real=0.01 secs] 
242.955: Total time for which application threads were stopped: 0.0039620 seconds, Stopping threads took: 0.0017180 seconds
243.000: Application time: 0.0452770 seconds
243.001: [GC243.001: [ParNew: 55871K->5635K(55872K), 0.0017450 secs] 144207K->93970K(182144K), 0.0017870 secs] [Times: user=0.01 sys=0.00, real=0.01 secs] 
243.003: Total time for which application threads were stopped: 0.0029450 seconds, Stopping threads took: 0.0010830 seconds
243.050: Application time: 0.0471250 seconds
243.052: [GC243.052: [ParNew: 55299K->5510K(55872K), 0.0017520 secs] 143634K->93875K(182144K), 0.0017910 secs] [Times: user=0.01 sys=0.00, real=0.01 secs] 
243.054: Total time for which application threads were stopped: 0.0036740 seconds, Stopping threads took: 0.0018190 seconds
243.100: Application time: 0.0461060 seconds
243.101: [GC243.101: [ParNew: 55174K->3972K(55872K), 0.0015490 secs] 143539K->92393K(182144K), 0.0015960 secs] [Times: user=0.01 sys=0.00, real=0.01 secs] 
243.102: Total time for which application threads were stopped: 0.0022510 seconds, Stopping threads took: 0.0005930 seconds
243.147: Application time: 0.0446630 seconds
243.148: [GC243.148: [ParNew: 53636K->6024K(55872K), 0.0040670 secs] 142057K->94445K(182144K), 0.0041090 secs] [Times: user=0.02 sys=0.00, real=0.00 secs] 
243.152: Total time for which application threads were stopped: 0.0056530 seconds, Stopping threads took: 0.0014800 seconds
243.200: Application time: 0.0479540 seconds
243.201: [GC243.201: [ParNew: 55688K->6207K(55872K), 0.0022700 secs] 144109K->95611K(182144K), 0.0023140 secs] [Times: user=0.01 sys=0.00, real=0.00 secs] 
243.204: Total time for which application threads were stopped: 0.0033730 seconds, Stopping threads took: 0.0009920 seconds
243.251: Application time: 0.0470410 seconds
243.252: [GC243.252: [ParNew: 55871K->5088K(55872K), 0.0016210 secs] 145275K->94491K(182144K), 0.0016650 secs] [Times: user=0.01 sys=0.00, real=0.01 secs] 
243.254: Total time for which application threads were stopped: 0.0031870 seconds, Stopping threads took: 0.0014560 seconds
243.299: Application time: 0.0447950 seconds
243.301: [GC243.301: [ParNew: 54752K->6207K(55872K), 0.0022490 secs] 144155K->96480K(182144K), 0.0022920 secs] [Times: user=0.02 sys=0.00, real=0.01 secs] 
243.303: Total time for which application threads were stopped: 0.0041910 seconds, Stopping threads took: 0.0018340 seconds
243.347: Application time: 0.0444540 seconds
243.350: [GC243.350: [ParNew: 55871K->4959K(55872K), 0.0015360 secs] 146144K->95260K(182144K), 0.0015760 secs] [Times: user=0.01 sys=0.00, real=0.00 secs] 
243.352: Total time for which application threads were stopped: 0.0042360 seconds, Stopping threads took: 0.0025960 seconds
243.397: Application time: 0.0452140 seconds
243.398: [GC243.398: [ParNew: 54623K->6207K(55872K), 0.0025000 secs] 144924K->98200K(182144K), 0.0025460 secs] [Times: user=0.02 sys=0.00, real=0.00 secs] 
243.401: Total time for which application threads were stopped: 0.0040730 seconds, Stopping threads took: 0.0014510 seconds
243.446: Application time: 0.0450350 seconds
243.448: [GC243.448: [ParNew: 55871K->6207K(55872K), 0.0019690 secs] 147864K->98353K(182144K), 0.0020130 secs] [Times: user=0.02 sys=0.00, real=0.00 secs] 
243.450: Total time for which application threads were stopped: 0.0037740 seconds, Stopping threads took: 0.0016980 seconds
243.494: Application time: 0.0443010 seconds
243.496: [GC243.496: [ParNew: 55871K->6206K(55872K), 0.0022240 secs] 148017K->98910K(182144K), 0.0022680 secs] [Times: user=0.01 sys=0.00, real=0.00 secs] 
243.498: Total time for which application threads were stopped: 0.0043270 seconds, Stopping threads took: 0.0019950 seconds
243.543: Application time: 0.0448040 seconds
243.544: [GC243.544: [ParNew: 55870K->5620K(55872K), 0.0018140 secs] 148574K->98324K(182144K), 0.0018570 secs] [Times: user=0.01 sys=0.00, real=0.00 secs] 
243.546: Total time for which application threads were stopped: 0.0026430 seconds, Stopping threads took: 0.0007090 seconds
243.591: Application time: 0.0449500 seconds
243.594: [GC243.594: [ParNew: 55284K->6137K(55872K), 0.0018300 secs] 147988K->98898K(182144K), 0.0018730 secs] [Times: user=0.01 sys=0.00, real=0.00 secs] 
243.596: Total time for which application threads were stopped: 0.0047350 seconds, Stopping threads took: 0.0027970 seconds
243.641: Application time: 0.0455520 seconds
243.643: [GC243.643: [ParNew: 55801K->6207K(55872K), 0.0023020 secs] 148562K->100153K(182144K), 0.0023480 secs] [Times: user=0.02 sys=0.00, real=0.00 secs] 
243.645: Total time for which application threads were stopped: 0.0043220 seconds, Stopping threads took: 0.0019090 seconds
243.691: Application time: 0.0451810 seconds
243.693: [GC243.693: [ParNew: 55871K->5539K(55872K), 0.0017730 secs] 149817K->99484K(182144K), 0.0018100 secs] [Times: user=0.01 sys=0.00, real=0.01 secs] 
243.695: Total time for which application threads were stopped: 0.0042560 seconds, Stopping threads took: 0.0023750 seconds
243.738: Application time: 0.0433160 seconds
243.741: [GC243.741: [ParNew: 55203K->6207K(55872K), 0.0023550 secs] 149148K->101458K(182144K), 0.0023980 secs] [Times: user=0.01 sys=0.00, real=0.01 secs] 
243.744: Total time for which application threads were stopped: 0.0054810 seconds, Stopping threads took: 0.0030170 seconds
243.788: Application time: 0.0444040 seconds
243.790: [GC243.790: [ParNew: 55871K->5286K(55872K), 0.0015740 secs] 151122K->100537K(182144K), 0.0016160 secs] [Times: user=0.01 sys=0.00, real=0.00 secs] 
243.792: Total time for which application threads were stopped: 0.0034760 seconds, Stopping threads took: 0.0017970 seconds
243.839: Application time: 0.0477530 seconds
243.841: [GC243.841: [ParNew: 54950K->6207K(55872K), 0.0021200 secs] 150201K->101710K(182144K), 0.0021630 secs] [Times: user=0.01 sys=0.00, real=0.01 secs] 
243.843: Total time for which application threads were stopped: 0.0035220 seconds, Stopping threads took: 0.0012730 seconds
243.886: Application time: 0.0428230 seconds
243.887: [GC243.887: [ParNew: 55871K->6206K(55872K), 0.0022670 secs] 151374K->102608K(182144K), 0.0023120 secs] [Times: user=0.02 sys=0.00, real=0.00 secs] 
243.890: Total time for which application threads were stopped: 0.0040070 seconds, Stopping threads took: 0.0016060 seconds
243.937: Application time: 0.0473990 seconds
243.939: [GC243.940: [ParNew: 55870K->6206K(55872K), 0.0020840 secs] 152272K->102692K(182144K), 0.0021280 secs] [Times: user=0.02 sys=0.00, real=0.01 secs] 
243.942: Total time for which application threads were stopped: 0.0045280 seconds, Stopping threads took: 0.0023330 seconds
243.991: Application time: 0.0492880 seconds
243.993: [GC243.993: [ParNew: 55870K->6177K(55872K), 0.0019030 secs] 152356K->102692K(182144K), 0.0019440 secs] [Times: user=0.01 sys=0.00, real=0.01 secs] 
243.995: Total time for which application threads were stopped: 0.0042920 seconds, Stopping threads took: 0.0022830 seconds
244.043: Application time: 0.0475870 seconds
244.046: [GC244.046: [ParNew: 55841K->6142K(55872K), 0.0018470 secs] 152356K->102684K(182144K), 0.0018910 secs] [Times: user=0.02 sys=0.00, real=0.00 secs] 
244.047: Total time for which application threads were stopped: 0.0046840 seconds, Stopping threads took: 0.0027170 seconds
244.096: Application time: 0.0481430 seconds
244.097: [GC244.097: [ParNew: 55806K->5975K(55872K), 0.0019510 secs] 152348K->102574K(182144K), 0.0019870 secs] [Times: user=0.02 sys=0.00, real=0.00 secs] 
244.099: Total time for which application threads were stopped: 0.0037790 seconds, Stopping threads took: 0.0017290 seconds
244.147: Application time: 0.0476300 seconds
244.149: [GC244.149: [ParNew: 55639K->5495K(55872K), 0.0042710 secs] 152238K->102123K(182144K), 0.0043150 secs] [Times: user=0.03 sys=0.00, real=0.00 secs] 
244.153: Total time for which application threads were stopped: 0.0061050 seconds, Stopping threads took: 0.0017020 seconds
244.200: Application time: 0.0472590 seconds
244.203: [GC244.203: [ParNew: 55159K->6206K(55872K), 0.0022340 secs] 151787K->103664K(182144K), 0.0022820 secs] [Times: user=0.02 sys=0.00, real=0.00 secs] 
244.205: Total time for which application threads were stopped: 0.0045460 seconds, Stopping threads took: 0.0021720 seconds
244.253: Application time: 0.0477290 seconds
244.254: [GC244.254: [ParNew: 55870K->6016K(55872K), 0.0017970 secs] 153328K->103474K(182144K), 0.0018410 secs] [Times: user=0.01 sys=0.00, real=0.00 secs] 
244.256: Total time for which application threads were stopped: 0.0036160 seconds, Stopping threads took: 0.0017100 seconds
244.303: Application time: 0.0467050 seconds
244.305: [GC244.305: [ParNew: 55680K->6009K(55872K), 0.0020010 secs] 153138K->103466K(182144K), 0.0020400 secs] [Times: user=0.01 sys=0.00, real=0.00 secs] 
244.307: Total time for which application threads were stopped: 0.0044360 seconds, Stopping threads took: 0.0023270 seconds
244.356: Application time: 0.0485610 seconds
244.358: [GC244.358: [ParNew: 55673K->4233K(55872K), 0.0015610 secs] 153130K->101690K(182144K), 0.0016070 secs] [Times: user=0.01 sys=0.00, real=0.00 secs] 
244.360: Total time for which application threads were stopped: 0.0034990 seconds, Stopping threads took: 0.0018120 seconds
244.410: Application time: 0.0504420 seconds
244.412: [GC244.412: [ParNew: 53897K->5628K(55872K), 0.0017900 secs] 151354K->103142K(182144K), 0.0018340 secs] [Times: user=0.01 sys=0.00, real=0.01 secs] 
244.414: Total time for which application threads were stopped: 0.0041840 seconds, Stopping threads took: 0.0022850 seconds
244.462: Application time: 0.0475940 seconds
244.464: [GC244.464: [ParNew: 55292K->6207K(55872K), 0.0022210 secs] 152806K->104104K(182144K), 0.0022650 secs] [Times: user=0.02 sys=0.00, real=0.00 secs] 
244.466: Total time for which application threads were stopped: 0.0040940 seconds, Stopping threads took: 0.0017650 seconds
244.514: Application time: 0.0478570 seconds
244.515: [GC244.515: [ParNew: 55871K->6207K(55872K), 0.0020700 secs] 153768K->104503K(182144K), 0.0021110 secs] [Times: user=0.01 sys=0.00, real=0.00 secs] 
244.517: Total time for which application threads were stopped: 0.0035840 seconds, Stopping threads took: 0.0013830 seconds
244.567: Application time: 0.0498030 seconds
244.569: [GC244.569: [ParNew: 55871K->6206K(55872K), 0.0020210 secs] 154167K->104666K(182144K), 0.0020640 secs] [Times: user=0.01 sys=0.00, real=0.00 secs] 
244.571: Total time for which application threads were stopped: 0.0036120 seconds, Stopping threads took: 0.0014510 seconds
244.620: Application time: 0.0493270 seconds
244.622: [GC244.622: [ParNew: 55870K->6206K(55872K), 0.0018780 secs] 154330K->104718K(182144K), 0.0019240 secs] [Times: user=0.01 sys=0.00, real=0.00 secs] 
244.624: Total time for which application threads were stopped: 0.0037250 seconds, Stopping threads took: 0.0017350 seconds
244.671: Application time: 0.0470390 seconds
244.673: [GC244.673: [ParNew: 55870K->6206K(55872K), 0.0021500 secs] 154382K->105564K(182144K), 0.0021990 secs] [Times: user=0.02 sys=0.00, real=0.01 secs] 
244.675: Total time for which application threads were stopped: 0.0039700 seconds, Stopping threads took: 0.0017010 seconds
244.720: Application time: 0.0453140 seconds
244.722: [GC244.722: [ParNew: 55870K->6206K(55872K), 0.0020560 secs] 155228K->106229K(182144K), 0.0020980 secs] [Times: user=0.02 sys=0.00, real=0.00 secs] 
244.724: Total time for which application threads were stopped: 0.0040820 seconds, Stopping threads took: 0.0019180 seconds
244.774: Application time: 0.0496520 seconds
244.776: [GC244.776: [ParNew: 55870K->4229K(55872K), 0.0012860 secs] 155893K->104251K(182144K), 0.0013230 secs] [Times: user=0.01 sys=0.00, real=0.00 secs] 
244.777: Total time for which application threads were stopped: 0.0032070 seconds, Stopping threads took: 0.0018230 seconds
244.827: Application time: 0.0496320 seconds
244.829: [GC244.829: [ParNew: 53893K->6207K(55872K), 0.0020480 secs] 153915K->106651K(182144K), 0.0020900 secs] [Times: user=0.01 sys=0.00, real=0.00 secs] 
244.831: Total time for which application threads were stopped: 0.0045970 seconds, Stopping threads took: 0.0024400 seconds
244.879: Application time: 0.0472510 seconds
244.880: [GC244.880: [ParNew: 55871K->4745K(55872K), 0.0016370 secs] 156315K->105188K(182144K), 0.0016710 secs] [Times: user=0.01 sys=0.00, real=0.01 secs] 
244.882: Total time for which application threads were stopped: 0.0032020 seconds, Stopping threads took: 0.0014710 seconds
244.931: Application time: 0.0489500 seconds
244.932: [GC244.932: [ParNew: 54409K->4159K(55872K), 0.0013980 secs] 154852K->104659K(182144K), 0.0014360 secs] [Times: user=0.01 sys=0.00, real=0.01 secs] 
244.934: Total time for which application threads were stopped: 0.0030590 seconds, Stopping threads took: 0.0015390 seconds
244.983: Application time: 0.0487920 seconds
244.983: [GC244.983: [ParNew: 53823K->5182K(55872K), 0.0018640 secs] 154323K->105683K(182144K), 0.0019020 secs] [Times: user=0.01 sys=0.00, real=0.00 secs] 
244.985: Total time for which application threads were stopped: 0.0026440 seconds, Stopping threads took: 0.0006570 seconds
245.035: Application time: 0.0495770 seconds
245.038: [GC245.038: [ParNew: 54846K->6207K(55872K), 0.0020270 secs] 155347K->106813K(182144K), 0.0020660 secs] [Times: user=0.02 sys=0.00, real=0.00 secs] 
245.040: Total time for which application threads were stopped: 0.0050660 seconds, Stopping threads took: 0.0029130 seconds
 CMS: abort preclean due to time 245.042: [CMS-concurrent-abortable-preclean: 0.250/5.035 secs] [Times: user=38.70 sys=0.10, real=5.04 secs] 
245.042: Application time: 0.0021280 seconds
245.045: [GC[YG occupancy: 11913 K (55872 K)]245.045: [Rescan (parallel) , 0.0003250 secs]245.046: [weak refs processing, 0.0000080 secs]245.046: [scrub string table, 0.0001260 secs] [1 CMS-remark: 100605K(126272K)] 112518K(182144K), 0.0004890 secs] [Times: user=0.00 sys=0.00, real=0.00 secs] 
245.046: Total time for which application threads were stopped: 0.0037230 seconds, Stopping threads took: 0.0032050 seconds
245.046: [CMS-concurrent-sweep-start]
245.052: [CMS-concurrent-sweep: 0.007/0.007 secs] [Times: user=0.02 sys=0.00, real=0.00 secs] 
245.052: [CMS-concurrent-reset-start]
245.053: [CMS-concurrent-reset: 0.000/0.000 secs] [Times: user=0.00 sys=0.00, real=0.00 secs] 
245.088: Application time: 0.0423590 seconds
245.091: [GC245.091: [ParNew: 55871K->6207K(55872K), 0.0022300 secs] 103761K->54670K(182144K), 0.0022720 secs] [Times: user=0.01 sys=0.00, real=0.00 secs] 
245.093: Total time for which application threads were stopped: 0.0048460 seconds, Stopping threads took: 0.0024750 seconds
245.144: Application time: 0.0509880 seconds
245.147: [GC245.147: [ParNew: 55871K->5578K(55872K), 0.0018750 secs] 104334K->54041K(182144K), 0.0019160 secs] [Times: user=0.01 sys=0.00, real=0.00 secs] 
245.149: Total time for which application threads were stopped: 0.0046110 seconds, Stopping threads took: 0.0026290 seconds
245.195: Application time: 0.0463740 seconds
245.197: [GC245.197: [ParNew: 55242K->6206K(55872K), 0.0023770 secs] 103705K->56119K(182144K), 0.0024260 secs] [Times: user=0.02 sys=0.00, real=0.00 secs] 
245.200: Total time for which application threads were stopped: 0.0047750 seconds, Stopping threads took: 0.0022790 seconds
245.200: Application time: 0.0000480 seconds
245.202: [GC [1 CMS-initial-mark: 49913K(126272K)] 56606K(182144K), 0.0002180 secs] [Times: user=0.00 sys=0.00, real=0.00 secs] 
245.202: Total time for which application threads were stopped: 0.0021950 seconds, Stopping threads took: 0.0019510 seconds
245.202: [CMS-concurrent-mark-start]
245.207: [CMS-concurrent-mark: 0.005/0.005 secs] [Times: user=0.03 sys=0.00, real=0.00 secs] 
245.207: [CMS-concurrent-preclean-start]
245.207: [CMS-concurrent-preclean: 0.000/0.000 secs] [Times: user=0.00 sys=0.00, real=0.00 secs] 
245.207: [CMS-concurrent-abortable-preclean-start]
245.248: Application time: 0.0457330 seconds
245.249: [GC245.249: [ParNew: 55870K->6206K(55872K), 0.0021410 secs] 105783K->56495K(182144K), 0.0021970 secs] [Times: user=0.01 sys=0.00, real=0.00 secs] 
245.251: Total time for which application threads were stopped: 0.0038030 seconds, Stopping threads took: 0.0015400 seconds
245.298: Application time: 0.0463560 seconds
245.301: [GC245.301: [ParNew: 55869K->6206K(55872K), 0.0024060 secs] 106158K->57804K(182144K), 0.0024550 secs] [Times: user=0.02 sys=0.00, real=0.01 secs] 
245.303: Total time for which application threads were stopped: 0.0056440 seconds, Stopping threads took: 0.0030990 seconds
245.352: Application time: 0.0488690 seconds
245.355: [GC245.355: [ParNew: 55870K->6207K(55872K), 0.0021070 secs] 107468K->58106K(182144K), 0.0021550 secs] [Times: user=0.01 sys=0.00, real=0.00 secs] 
245.357: Total time for which application threads were stopped: 0.0049880 seconds, Stopping threads took: 0.0027630 seconds
245.403: Application time: 0.0460050 seconds
245.406: [GC245.406: [ParNew: 55871K->6207K(55872K), 0.0022980 secs] 107770K->59343K(182144K), 0.0023430 secs] [Times: user=0.02 sys=0.00, real=0.00 secs] 
245.408: Total time for which application threads were stopped: 0.0046540 seconds, Stopping threads took: 0.0022150 seconds
245.457: Application time: 0.0491930 seconds
245.458: [GC245.458: [ParNew: 55871K->6207K(55872K), 0.0019490 secs] 109007K->59443K(182144K), 0.0019910 secs] [Times: user=0.02 sys=0.00, real=0.00 secs] 
245.460: Total time for which application threads were stopped: 0.0028340 seconds, Stopping threads took: 0.0007780 seconds
245.508: Application time: 0.0475660 seconds
245.511: [GC245.511: [ParNew: 55871K->6206K(55872K), 0.0023020 secs] 109107K->60601K(182144K), 0.0023450 secs] [Times: user=0.02 sys=0.00, real=0.00 secs] 
245.513: Total time for which application threads were stopped: 0.0055430 seconds, Stopping threads took: 0.0031100 seconds
245.564: Application time: 0.0504390 seconds
245.564: [GC245.564: [ParNew: 55868K->5699K(55872K), 0.0018520 secs] 110264K->60123K(182144K), 0.0018950 secs] [Times: user=0.01 sys=0.00, real=0.00 secs] 
245.566: Total time for which application threads were stopped: 0.0026040 seconds, Stopping threads took: 0.0006440 seconds
245.613: Application time: 0.0465890 seconds
245.615: [GC245.615: [ParNew: 55363K->6207K(55872K), 0.0022440 secs] 109787K->61594K(182144K), 0.0022890 secs] [Times: user=0.02 sys=0.00, real=0.00 secs] 
245.617: Total time for which application threads were stopped: 0.0042030 seconds, Stopping threads took: 0.0018450 seconds
245.664: Application time: 0.0473930 seconds
245.667: [GC245.667: [ParNew: 55871K->6159K(55872K), 0.0019900 secs] 111258K->61575K(182144K), 0.0020370 secs] [Times: user=0.01 sys=0.00, real=0.00 secs] 
245.669: Total time for which application threads were stopped: 0.0042300 seconds, Stopping threads took: 0.0021030 seconds
245.717: Application time: 0.0485570 seconds
245.720: [GC245.720: [ParNew: 55823K->6206K(55872K), 0.0020000 secs] 111239K->61991K(182144K), 0.0020420 secs] [Times: user=0.02 sys=0.00, real=0.01 secs] 
245.722: Total time for which application threads were stopped: 0.0045360 seconds, Stopping threads took: 0.0024290 seconds
245.771: Application time: 0.0492460 seconds
245.773: [GC245.773: [ParNew: 55870K->5969K(55872K), 0.0018110 secs] 111655K->61782K(182144K), 0.0018540 secs] [Times: user=0.02 sys=0.00, real=0.01 secs] 
245.775: Total time for which application threads were stopped: 0.0040250 seconds, Stopping threads took: 0.0020960 seconds
245.825: Application time: 0.0502910 seconds
245.827: [GC245.827: [ParNew: 55633K->5471K(55872K), 0.0019750 secs] 111446K->61313K(182144K), 0.0020140 secs] [Times: user=0.01 sys=0.00, real=0.00 secs] 
245.829: Total time for which application threads were stopped: 0.0032950 seconds, Stopping threads took: 0.0012100 seconds
245.875: Application time: 0.0469140 seconds
245.877: [GC245.877: [ParNew: 55135K->6207K(55872K), 0.0022150 secs] 110977K->62886K(182144K), 0.0022580 secs] [Times: user=0.01 sys=0.00, real=0.00 secs] 
245.880: Total time for which application threads were stopped: 0.0042520 seconds, Stopping threads took: 0.0019280 seconds
245.929: Application time: 0.0488230 seconds
245.930: [GC245.931: [ParNew: 55871K->5066K(55872K), 0.0015280 secs] 112550K->61745K(182144K), 0.0015710 secs] [Times: user=0.01 sys=0.00, real=0.00 secs] 
245.932: Total time for which application threads were stopped: 0.0035420 seconds, Stopping threads took: 0.0019030 seconds
245.980: Application time: 0.0476400 seconds
245.982: [GC245.982: [ParNew: 54730K->5463K(55872K), 0.0017100 secs] 111409K->62142K(182144K), 0.0017530 secs] [Times: user=0.01 sys=0.00, real=0.00 secs] 
245.984: Total time for which application threads were stopped: 0.0042460 seconds, Stopping threads took: 0.0024070 seconds
246.033: Application time: 0.0489720 seconds
246.034: [GC246.034: [ParNew: 55127K->6207K(55872K), 0.0023660 secs] 111806K->63493K(182144K), 0.0024140 secs] [Times: user=0.02 sys=0.00, real=0.00 secs] 
246.037: Total time for which application threads were stopped: 0.0039520 seconds, Stopping threads took: 0.0014470 seconds
246.084: Application time: 0.0473800 seconds
246.086: [GC246.086: [ParNew: 55871K->6207K(55872K), 0.0022640 secs] 113157K->63559K(182144K), 0.0023210 secs] [Times: user=0.02 sys=0.00, real=0.00 secs] 
246.089: Total time for which application threads were stopped: 0.0043870 seconds, Stopping threads took: 0.0019760 seconds
246.138: Application time: 0.0489990 seconds
246.139: [GC246.139: [ParNew: 55871K->4639K(55872K), 0.0015860 secs] 113223K->62020K(182144K), 0.0016270 secs] [Times: user=0.01 sys=0.00, real=0.00 secs] 
246.141: Total time for which application threads were stopped: 0.0031290 seconds, Stopping threads took: 0.0014280 seconds
246.190: Application time: 0.0491690 seconds
246.193: [GC246.193: [ParNew: 54303K->6004K(55872K), 0.0022450 secs] 111684K->63441K(182144K), 0.0022870 secs] [Times: user=0.01 sys=0.00, real=0.01 secs] 
246.195: Total time for which application threads were stopped: 0.0051230 seconds, Stopping threads took: 0.0027710 seconds
246.245: Application time: 0.0495980 seconds
246.248: [GC246.248: [ParNew: 55668K->4230K(55872K), 0.0015190 secs] 113105K->61667K(182144K), 0.0015580 secs] [Times: user=0.01 sys=0.00, real=0.00 secs] 
246.249: Total time for which application threads were stopped: 0.0045710 seconds, Stopping threads took: 0.0029310 seconds
246.298: Application time: 0.0490750 seconds
246.299: [GC246.299: [ParNew: 53894K->6113K(55872K), 0.0021620 secs] 111331K->63608K(182144K), 0.0022050 secs] [Times: user=0.01 sys=0.00, real=0.00 secs] 
246.301: Total time for which application threads were stopped: 0.0030030 seconds, Stopping threads took: 0.0007120 seconds
246.348: Application time: 0.0468480 seconds
246.351: [GC246.351: [ParNew: 55777K->6207K(55872K), 0.0021480 secs] 113272K->63973K(182144K), 0.0021900 secs] [Times: user=0.01 sys=0.00, real=0.00 secs] 
246.353: Total time for which application threads were stopped: 0.0045770 seconds, Stopping threads took: 0.0022990 seconds
246.400: Application time: 0.0472120 seconds
246.403: [GC246.403: [ParNew: 55871K->6207K(55872K), 0.0024940 secs] 113637K->65656K(182144K), 0.0025390 secs] [Times: user=0.01 sys=0.00, real=0.00 secs] 
246.405: Total time for which application threads were stopped: 0.0050910 seconds, Stopping threads took: 0.0024640 seconds
246.453: Application time: 0.0478120 seconds
246.455: [GC246.455: [ParNew: 55871K->6206K(55872K), 0.0021000 secs] 115320K->66356K(182144K), 0.0021410 secs] [Times: user=0.02 sys=0.00, real=0.00 secs] 
246.457: Total time for which application threads were stopped: 0.0042130 seconds, Stopping threads took: 0.0020050 seconds
246.505: Application time: 0.0480570 seconds
246.508: [GC246.508: [ParNew: 55870K->5754K(55872K), 0.0018300 secs] 116020K->65903K(182144K), 0.0018680 secs] [Times: user=0.01 sys=0.00, real=0.00 secs] 
246.509: Total time for which application threads were stopped: 0.0042550 seconds, Stopping threads took: 0.0023230 seconds
246.558: Application time: 0.0481020 seconds
246.559: [GC246.559: [ParNew: 55418K->5538K(55872K), 0.0017860 secs] 115567K->65687K(182144K), 0.0018260 secs] [Times: user=0.01 sys=0.00, real=0.00 secs] 
246.561: Total time for which application threads were stopped: 0.0036930 seconds, Stopping threads took: 0.0018030 seconds
246.611: Application time: 0.0493180 seconds
246.613: [GC246.613: [ParNew: 55202K->5150K(55872K), 0.0018010 secs] 115351K->65356K(182144K), 0.0018440 secs] [Times: user=0.01 sys=0.00, real=0.01 secs] 
246.615: Total time for which application threads were stopped: 0.0039760 seconds, Stopping threads took: 0.0020680 seconds
246.664: Application time: 0.0494050 seconds
246.667: [GC246.667: [ParNew: 54814K->6206K(55872K), 0.0023780 secs] 115020K->67380K(182144K), 0.0024170 secs] [Times: user=0.02 sys=0.00, real=0.00 secs] 
246.670: Total time for which application threads were stopped: 0.0059350 seconds, Stopping threads took: 0.0034290 seconds
246.718: Application time: 0.0484990 seconds
246.720: [GC246.720: [ParNew: 55870K->6079K(55872K), 0.0021310 secs] 117044K->67282K(182144K), 0.0021760 secs] [Times: user=0.01 sys=0.00, real=0.01 secs] 
246.722: Total time for which application threads were stopped: 0.0039150 seconds, Stopping threads took: 0.0016720 seconds
246.769: Application time: 0.0471640 seconds
246.772: [GC246.772: [ParNew: 55743K->6207K(55872K), 0.0023560 secs] 116946K->68598K(182144K), 0.0024070 secs] [Times: user=0.01 sys=0.00, real=0.01 secs] 
246.775: Total time for which application threads were stopped: 0.0053490 seconds, Stopping threads took: 0.0028770 seconds
246.821: Application time: 0.0462200 seconds
246.823: [GC246.823: [ParNew: 55871K->6207K(55872K), 0.0023600 secs] 118262K->69571K(182144K), 0.0024060 secs] [Times: user=0.01 sys=0.00, real=0.00 secs] 
246.825: Total time for which application threads were stopped: 0.0040960 seconds, Stopping threads took: 0.0016200 seconds
246.875: Application time: 0.0498360 seconds
246.877: [GC246.877: [ParNew: 55871K->4808K(55872K), 0.0017350 secs] 119235K->68201K(182144K), 0.0017740 secs] [Times: user=0.01 sys=0.00, real=0.00 secs] 
246.879: Total time for which application threads were stopped: 0.0040280 seconds, Stopping threads took: 0.0021910 seconds
246.930: Application time: 0.0512940 seconds
246.932: [GC246.932: [ParNew: 54472K->5637K(55872K), 0.0017880 secs] 117865K->69059K(182144K), 0.0018300 secs] [Times: user=0.02 sys=0.00, real=0.01 secs] 
246.934: Total time for which application threads were stopped: 0.0036880 seconds, Stopping threads took: 0.0017790 seconds
246.982: Application time: 0.0480820 seconds
246.985: [GC246.985: [ParNew: 55301K->5611K(55872K), 0.0019570 secs] 118723K->69032K(182144K), 0.0020020 secs] [Times: user=0.01 sys=0.00, real=0.00 secs] 
246.987: Total time for which application threads were stopped: 0.0048840 seconds, Stopping threads took: 0.0028050 seconds
247.037: Application time: 0.0503490 seconds
247.039: [GC247.039: [ParNew: 55275K->5673K(55872K), 0.0019590 secs] 118696K->69094K(182144K), 0.0020060 secs] [Times: user=0.01 sys=0.00, real=0.00 secs] 
247.041: Total time for which application threads were stopped: 0.0036990 seconds, Stopping threads took: 0.0016040 seconds
247.089: Application time: 0.0480590 seconds
247.091: [GC247.091: [ParNew: 55337K->6191K(55872K), 0.0021190 secs] 118758K->69612K(182144K), 0.0021630 secs] [Times: user=0.02 sys=0.00, real=0.00 secs] 
247.093: Total time for which application threads were stopped: 0.0037690 seconds, Stopping threads took: 0.0015160 seconds
247.142: Application time: 0.0486880 seconds
247.143: [GC247.143: [ParNew: 55855K->6207K(55872K), 0.0022100 secs] 119276K->69991K(182144K), 0.0022540 secs] [Times: user=0.02 sys=0.00, real=0.00 secs] 
247.146: Total time for which application threads were stopped: 0.0041350 seconds, Stopping threads took: 0.0017920 seconds
247.193: Application time: 0.0471400 seconds
247.195: [GC247.195: [ParNew: 55871K->6206K(55872K), 0.0020710 secs] 119655K->70340K(182144K), 0.0021210 secs] [Times: user=0.01 sys=0.01, real=0.00 secs] 
247.197: Total time for which application threads were stopped: 0.0045940 seconds, Stopping threads took: 0.0023980 seconds
247.246: Application time: 0.0486360 seconds
247.248: [GC247.248: [ParNew: 55870K->6119K(55872K), 0.0019710 secs] 120004K->70281K(182144K), 0.0020150 secs] [Times: user=0.01 sys=0.00, real=0.00 secs] 
247.250: Total time for which application threads were stopped: 0.0037230 seconds, Stopping threads took: 0.0016410 seconds
247.300: Application time: 0.0507040 seconds
247.304: [GC247.304: [ParNew: 55783K->4328K(55872K), 0.0015550 secs] 119945K->68548K(182144K), 0.0015920 secs] [Times: user=0.01 sys=0.00, real=0.00 secs] 
247.305: Total time for which application threads were stopped: 0.0048170 seconds, Stopping threads took: 0.0031660 seconds
247.354: Application time: 0.0483950 seconds
247.355: [GC247.355: [ParNew: 53992K->6207K(55872K), 0.0020490 secs] 118212K->70455K(182144K), 0.0020940 secs] [Times: user=0.02 sys=0.00, real=0.00 secs] 
247.357: Total time for which application threads were stopped: 0.0036720 seconds, Stopping threads took: 0.0015020 seconds
247.404: Application time: 0.0471090 seconds
247.406: [GC247.406: [ParNew: 55871K->6207K(55872K), 0.0023090 secs] 120119K->71474K(182144K), 0.0023590 secs] [Times: user=0.02 sys=0.00, real=0.00 secs] 
247.409: Total time for which application threads were stopped: 0.0041080 seconds, Stopping threads took: 0.0016840 seconds
247.458: Application time: 0.0489760 seconds
247.460: [GC247.460: [ParNew: 55871K->5682K(55872K), 0.0018100 secs] 121138K->70977K(182144K), 0.0018510 secs] [Times: user=0.01 sys=0.00, real=0.00 secs] 
247.461: Total time for which application threads were stopped: 0.0037950 seconds, Stopping threads took: 0.0018720 seconds
247.510: Application time: 0.0489970 seconds
247.512: [GC247.512: [ParNew: 55346K->4314K(55872K), 0.0014270 secs] 120641K->69610K(182144K), 0.0014660 secs] [Times: user=0.01 sys=0.00, real=0.00 secs] 
247.513: Total time for which application threads were stopped: 0.0029920 seconds, Stopping threads took: 0.0014560 seconds
247.563: Application time: 0.0493350 seconds
247.565: [GC247.565: [ParNew: 53978K->5488K(55872K), 0.0019980 secs] 119274K->70783K(182144K), 0.0020410 secs] [Times: user=0.02 sys=0.00, real=0.00 secs] 
247.567: Total time for which application threads were stopped: 0.0042330 seconds, Stopping threads took: 0.0021250 seconds
247.618: Application time: 0.0510920 seconds
247.620: [GC247.620: [ParNew: 55152K->4503K(55872K), 0.0015540 secs] 120447K->69798K(182144K), 0.0015950 secs] [Times: user=0.01 sys=0.00, real=0.00 secs] 
247.621: Total time for which application threads were stopped: 0.0030790 seconds, Stopping threads took: 0.0014190 seconds
247.670: Application time: 0.0485400 seconds
247.672: [GC247.672: [ParNew: 54167K->5089K(55872K), 0.0017960 secs] 119462K->70413K(182144K), 0.0018410 secs] [Times: user=0.01 sys=0.00, real=0.01 secs] 
247.674: Total time for which application threads were stopped: 0.0043090 seconds, Stopping threads took: 0.0023940 seconds
247.722: Application time: 0.0479830 seconds
247.724: [GC247.724: [ParNew: 54753K->6206K(55872K), 0.0022570 secs] 120077K->72397K(182144K), 0.0023010 secs] [Times: user=0.01 sys=0.00, real=0.00 secs] 
247.727: Total time for which application threads were stopped: 0.0047270 seconds, Stopping threads took: 0.0023290 seconds
247.776: Application time: 0.0491200 seconds
247.778: [GC247.778: [ParNew: 55870K->6207K(55872K), 0.0021020 secs] 122061K->73085K(182144K), 0.0021460 secs] [Times: user=0.02 sys=0.00, real=0.00 secs] 
247.780: Total time for which application threads were stopped: 0.0039140 seconds, Stopping threads took: 0.0016900 seconds
247.826: Application time: 0.0463510 seconds
247.829: [GC247.829: [ParNew: 55871K->6207K(55872K), 0.0024680 secs] 122749K->74725K(182144K), 0.0025150 secs] [Times: user=0.02 sys=0.00, real=0.00 secs] 
247.832: Total time for which application threads were stopped: 0.0055830 seconds, Stopping threads took: 0.0029990 seconds
247.881: Application time: 0.0493970 seconds
247.884: [GC247.884: [ParNew: 55871K->6207K(55872K), 0.0023750 secs] 124389K->76336K(182144K), 0.0024170 secs] [Times: user=0.02 sys=0.00, real=0.00 secs] 
247.887: Total time for which application threads were stopped: 0.0055730 seconds, Stopping threads took: 0.0030920 seconds
247.931: Application time: 0.0445570 seconds
247.933: [GC247.933: [ParNew: 55871K->6207K(55872K), 0.0021920 secs] 126000K->76834K(182144K), 0.0022350 secs] [Times: user=0.01 sys=0.00, real=0.01 secs] 
247.935: Total time for which application threads were stopped: 0.0042100 seconds, Stopping threads took: 0.0019110 seconds
247.982: Application time: 0.0462380 seconds
247.982: [GC247.982: [ParNew: 55871K->4067K(55872K), 0.0013630 secs] 126498K->74722K(182144K), 0.0013960 secs] [Times: user=0.01 sys=0.00, real=0.00 secs] 
247.984: Total time for which application threads were stopped: 0.0021200 seconds, Stopping threads took: 0.0006660 seconds
248.031: Application time: 0.0473990 seconds
248.034: [GC248.034: [ParNew: 53731K->6206K(55872K), 0.0019950 secs] 124386K->77191K(182144K), 0.0020330 secs] [Times: user=0.01 sys=0.00, real=0.00 secs] 
248.036: Total time for which application threads were stopped: 0.0047930 seconds, Stopping threads took: 0.0026970 seconds
248.079: Application time: 0.0428270 seconds
248.081: [GC248.081: [ParNew: 55870K->6207K(55872K), 0.0023100 secs] 126855K->78448K(182144K), 0.0023660 secs] [Times: user=0.02 sys=0.00, real=0.01 secs] 
248.083: Total time for which application threads were stopped: 0.0045250 seconds, Stopping threads took: 0.0020930 seconds
248.129: Application time: 0.0459780 seconds
248.132: [GC248.132: [ParNew: 55871K->6206K(55872K), 0.0019450 secs] 128112K->78760K(182144K), 0.0019870 secs] [Times: user=0.01 sys=0.00, real=0.01 secs] 
248.134: Total time for which application threads were stopped: 0.0050590 seconds, Stopping threads took: 0.0030060 seconds
248.178: Application time: 0.0432640 seconds
248.180: [GC248.180: [ParNew: 55870K->6206K(55872K), 0.0023110 secs] 128424K->79843K(182144K), 0.0023510 secs] [Times: user=0.02 sys=0.00, real=0.01 secs] 
248.182: Total time for which application threads were stopped: 0.0046700 seconds, Stopping threads took: 0.0022560 seconds
248.229: Application time: 0.0463520 seconds
248.231: [GC248.231: [ParNew: 55870K->6207K(55872K), 0.0022130 secs] 129507K->80833K(182144K), 0.0022560 secs] [Times: user=0.02 sys=0.00, real=0.00 secs] 
248.233: Total time for which application threads were stopped: 0.0044800 seconds, Stopping threads took: 0.0021520 seconds
248.278: Application time: 0.0453660 seconds
248.280: [GC248.280: [ParNew: 55871K->5710K(55872K), 0.0017990 secs] 130497K->80365K(182144K), 0.0018410 secs] [Times: user=0.01 sys=0.00, real=0.01 secs] 
248.282: Total time for which application threads were stopped: 0.0036890 seconds, Stopping threads took: 0.0017870 seconds
248.326: Application time: 0.0436700 seconds
248.328: [GC248.328: [ParNew: 55374K->6206K(55872K), 0.0023390 secs] 130029K->81227K(182144K), 0.0023870 secs] [Times: user=0.01 sys=0.00, real=0.00 secs] 
248.331: Total time for which application threads were stopped: 0.0047110 seconds, Stopping threads took: 0.0022380 seconds
248.378: Application time: 0.0470420 seconds
248.381: [GC248.381: [ParNew: 55870K->5777K(55872K), 0.0020790 secs] 130891K->80826K(182144K), 0.0021240 secs] [Times: user=0.01 sys=0.00, real=0.01 secs] 
248.383: Total time for which application threads were stopped: 0.0051920 seconds, Stopping threads took: 0.0029850 seconds
248.431: Application time: 0.0478070 seconds
248.431: [GC248.431: [ParNew: 55441K->5723K(55872K), 0.0018080 secs] 130490K->80800K(182144K), 0.0018520 secs] [Times: user=0.01 sys=0.00, real=0.00 secs] 
248.433: Total time for which application threads were stopped: 0.0024780 seconds, Stopping threads took: 0.0005470 seconds
248.479: Application time: 0.0455490 seconds
248.480: [GC248.480: [ParNew: 55387K->4690K(55872K), 0.0016110 secs] 130464K->79796K(182144K), 0.0016480 secs] [Times: user=0.02 sys=0.00, real=0.00 secs] 
248.481: Total time for which application threads were stopped: 0.0025300 seconds, Stopping threads took: 0.0008230 seconds
248.527: Application time: 0.0456060 seconds
248.528: [GC248.528: [ParNew: 54354K->6206K(55872K), 0.0020200 secs] 129460K->81451K(182144K), 0.0020590 secs] [Times: user=0.02 sys=0.00, real=0.00 secs] 
248.530: Total time for which application threads were stopped: 0.0034800 seconds, Stopping threads took: 0.0013560 seconds
248.574: Application time: 0.0439810 seconds
248.577: [GC248.577: [ParNew: 55870K->6206K(55872K), 0.0022310 secs] 131115K->81904K(182144K), 0.0022750 secs] [Times: user=0.01 sys=0.01, real=0.00 secs] 
248.580: Total time for which application threads were stopped: 0.0053370 seconds, Stopping threads took: 0.0029960 seconds
248.624: Application time: 0.0446980 seconds
248.625: [GC248.625: [ParNew: 55870K->6206K(55872K), 0.0023230 secs] 131568K->82861K(182144K), 0.0023630 secs] [Times: user=0.02 sys=0.00, real=0.00 secs] 
248.628: Total time for which application threads were stopped: 0.0034780 seconds, Stopping threads took: 0.0010420 seconds
248.674: Application time: 0.0464640 seconds
248.677: [GC248.677: [ParNew: 55870K->6207K(55872K), 0.0019060 secs] 132525K->83147K(182144K), 0.0019470 secs] [Times: user=0.01 sys=0.00, real=0.00 secs] 
248.679: Total time for which application threads were stopped: 0.0045920 seconds, Stopping threads took: 0.0025700 seconds
248.723: Application time: 0.0442200 seconds
248.725: [GC248.725: [ParNew: 55871K->6207K(55872K), 0.0024020 secs] 132811K->84361K(182144K), 0.0024510 secs] [Times: user=0.01 sys=0.00, real=0.00 secs] 
248.727: Total time for which application threads were stopped: 0.0044240 seconds, Stopping threads took: 0.0019050 seconds
248.772: Application time: 0.0440850 seconds
248.774: [GC248.774: [ParNew: 55871K->6206K(55872K), 0.0019770 secs] 134025K->84514K(182144K), 0.0020200 secs] [Times: user=0.02 sys=0.00, real=0.00 secs] 
248.776: Total time for which application threads were stopped: 0.0040010 seconds, Stopping threads took: 0.0019110 seconds
248.820: Application time: 0.0441170 seconds
248.822: [GC248.822: [ParNew: 55870K->6206K(55872K), 0.0019060 secs] 134178K->84625K(182144K), 0.0019490 secs] [Times: user=0.02 sys=0.00, real=0.00 secs] 
248.824: Total time for which application threads were stopped: 0.0043300 seconds, Stopping threads took: 0.0023150 seconds
248.867: Application time: 0.0427370 seconds
248.869: [GC248.869: [ParNew: 55870K->6206K(55872K), 0.0021980 secs] 134289K->85756K(182144K), 0.0022410 secs] [Times: user=0.02 sys=0.00, real=0.00 secs] 
248.871: Total time for which application threads were stopped: 0.0047120 seconds, Stopping threads took: 0.0024120 seconds
248.917: Application time: 0.0458180 seconds
248.920: [GC248.920: [ParNew: 55869K->6207K(55872K), 0.0020240 secs] 135418K->86127K(182144K), 0.0020680 secs] [Times: user=0.02 sys=0.00, real=0.01 secs] 
248.922: Total time for which application threads were stopped: 0.0046820 seconds, Stopping threads took: 0.0025540 seconds
248.966: Application time: 0.0435870 seconds
248.968: [GC248.968: [ParNew: 55871K->6206K(55872K), 0.0021620 secs] 135791K->86873K(182144K), 0.0022070 secs] [Times: user=0.01 sys=0.00, real=0.00 secs] 
248.970: Total time for which application threads were stopped: 0.0043740 seconds, Stopping threads took: 0.0021020 seconds
249.014: Application time: 0.0441380 seconds
249.016: [GC249.016: [ParNew: 55870K->6207K(55872K), 0.0022150 secs] 136537K->87549K(182144K), 0.0022590 secs] [Times: user=0.01 sys=0.00, real=0.00 secs] 
249.018: Total time for which application threads were stopped: 0.0037170 seconds, Stopping threads took: 0.0013930 seconds
249.062: Application time: 0.0438240 seconds
249.064: [GC249.064: [ParNew: 55871K->6207K(55872K), 0.0021120 secs] 137213K->88091K(182144K), 0.0021580 secs] [Times: user=0.01 sys=0.00, real=0.00 secs] 
249.066: Total time for which application threads were stopped: 0.0043980 seconds, Stopping threads took: 0.0021730 seconds
249.111: Application time: 0.0446190 seconds
249.113: [GC249.113: [ParNew: 55871K->6207K(55872K), 0.0020430 secs] 137755K->88565K(182144K), 0.0020860 secs] [Times: user=0.02 sys=0.00, real=0.01 secs] 
249.115: Total time for which application threads were stopped: 0.0041900 seconds, Stopping threads took: 0.0020390 seconds
249.161: Application time: 0.0460320 seconds
249.163: [GC249.164: [ParNew: 55871K->6207K(55872K), 0.0019780 secs] 138229K->88867K(182144K), 0.0020230 secs] [Times: user=0.02 sys=0.01, real=0.00 secs] 
249.166: Total time for which application threads were stopped: 0.0046450 seconds, Stopping threads took: 0.0025560 seconds
249.211: Application time: 0.0457230 seconds
249.212: [GC249.212: [ParNew: 55871K->6206K(55872K), 0.0022280 secs] 138531K->89936K(182144K), 0.0022730 secs] [Times: user=0.02 sys=0.00, real=0.01 secs] 
249.215: Total time for which application threads were stopped: 0.0034540 seconds, Stopping threads took: 0.0011160 seconds
249.258: Application time: 0.0433400 seconds
249.260: [GC249.260: [ParNew: 55870K->6206K(55872K), 0.0020830 secs] 139600K->90333K(182144K), 0.0021250 secs] [Times: user=0.02 sys=0.00, real=0.01 secs] 
249.263: Total time for which application threads were stopped: 0.0044630 seconds, Stopping threads took: 0.0022730 seconds
249.307: Application time: 0.0440650 seconds
249.309: [GC249.309: [ParNew: 55870K->6206K(55872K), 0.0021130 secs] 139997K->91138K(182144K), 0.0021660 secs] [Times: user=0.02 sys=0.00, real=0.00 secs] 
249.311: Total time for which application threads were stopped: 0.0044420 seconds, Stopping threads took: 0.0022010 seconds
249.355: Application time: 0.0434860 seconds
249.356: [GC249.356: [ParNew: 55870K->6207K(55872K), 0.0024450 secs] 140802K->92735K(182144K), 0.0024890 secs] [Times: user=0.02 sys=0.00, real=0.00 secs] 
249.359: Total time for which application threads were stopped: 0.0041730 seconds, Stopping threads took: 0.0016200 seconds
249.404: Application time: 0.0453390 seconds
249.407: [GC249.407: [ParNew: 55871K->6206K(55872K), 0.0020010 secs] 142399K->93052K(182144K), 0.0020470 secs] [Times: user=0.02 sys=0.00, real=0.00 secs] 
249.409: Total time for which application threads were stopped: 0.0051600 seconds, Stopping threads took: 0.0030470 seconds
249.455: Application time: 0.0459050 seconds
249.457: [GC249.457: [ParNew: 55870K->6206K(55872K), 0.0021650 secs] 142716K->93578K(182144K), 0.0022120 secs] [Times: user=0.01 sys=0.00, real=0.00 secs] 
249.459: Total time for which application threads were stopped: 0.0042260 seconds, Stopping threads took: 0.0019500 seconds
249.503: Application time: 0.0436630 seconds
249.505: [GC249.505: [ParNew: 55870K->6207K(55872K), 0.0021660 secs] 143242K->94580K(182144K), 0.0022120 secs] [Times: user=0.01 sys=0.00, real=0.00 secs] 
249.507: Total time for which application threads were stopped: 0.0044750 seconds, Stopping threads took: 0.0021990 seconds
249.551: Application time: 0.0435180 seconds
249.554: [GC249.554: [ParNew: 55871K->6207K(55872K), 0.0024430 secs] 144244K->96210K(182144K), 0.0024850 secs] [Times: user=0.02 sys=0.00, real=0.00 secs] 
249.556: Total time for which application threads were stopped: 0.0054810 seconds, Stopping threads took: 0.0029290 seconds
249.601: Application time: 0.0449270 seconds
249.603: [GC249.604: [ParNew: 55871K->5742K(55872K), 0.0017680 secs] 145874K->95744K(182144K), 0.0018080 secs] [Times: user=0.01 sys=0.00, real=0.00 secs] 
249.605: Total time for which application threads were stopped: 0.0039120 seconds, Stopping threads took: 0.0020400 seconds
249.648: Application time: 0.0427670 seconds
249.650: [GC249.650: [ParNew: 55406K->6206K(55872K), 0.0021890 secs] 145408K->96801K(182144K), 0.0022320 secs] [Times: user=0.02 sys=0.00, real=0.00 secs] 
249.652: Total time for which application threads were stopped: 0.0041710 seconds, Stopping threads took: 0.0018520 seconds
249.697: Application time: 0.0446870 seconds
249.699: [GC249.699: [ParNew: 55870K->6206K(55872K), 0.0019860 secs] 146465K->97181K(182144K), 0.0020400 secs] [Times: user=0.01 sys=0.00, real=0.01 secs] 
249.701: Total time for which application threads were stopped: 0.0044640 seconds, Stopping threads took: 0.0023560 seconds
249.745: Application time: 0.0434600 seconds
249.747: [GC249.747: [ParNew: 55870K->6207K(55872K), 0.0023160 secs] 146845K->98424K(182144K), 0.0023590 secs] [Times: user=0.01 sys=0.00, real=0.00 secs] 
249.749: Total time for which application threads were stopped: 0.0041300 seconds, Stopping threads took: 0.0017070 seconds
249.795: Application time: 0.0462050 seconds
249.797: [GC249.797: [ParNew: 55871K->6207K(55872K), 0.0019690 secs] 148088K->98673K(182144K), 0.0020120 secs] [Times: user=0.02 sys=0.00, real=0.00 secs] 
249.799: Total time for which application threads were stopped: 0.0033180 seconds, Stopping threads took: 0.0012430 seconds
249.844: Application time: 0.0456220 seconds
249.847: [GC249.847: [ParNew: 55871K->6207K(55872K), 0.0018530 secs] 148337K->98743K(182144K), 0.0018940 secs] [Times: user=0.01 sys=0.00, real=0.00 secs] 
249.849: Total time for which application threads were stopped: 0.0048790 seconds, Stopping threads took: 0.0029140 seconds
249.893: Application time: 0.0443570 seconds
249.895: [GC249.895: [ParNew: 55871K->6206K(55872K), 0.0021230 secs] 148407K->99243K(182144K), 0.0021610 secs] [Times: user=0.01 sys=0.00, real=0.00 secs] 
249.897: Total time for which application threads were stopped: 0.0038220 seconds, Stopping threads took: 0.0015980 seconds
249.942: Application time: 0.0450750 seconds
249.945: [GC249.945: [ParNew: 55870K->5539K(55872K), 0.0017170 secs] 148907K->98576K(182144K), 0.0017650 secs] [Times: user=0.02 sys=0.00, real=0.00 secs] 
249.946: Total time for which application threads were stopped: 0.0040920 seconds, Stopping threads took: 0.0022640 seconds
249.990: Application time: 0.0437670 seconds
249.992: [GC249.992: [ParNew: 55203K->6207K(55872K), 0.0023030 secs] 148240K->99921K(182144K), 0.0023460 secs] [Times: user=0.02 sys=0.00, real=0.01 secs] 
249.994: Total time for which application threads were stopped: 0.0040450 seconds, Stopping threads took: 0.0016140 seconds
250.039: Application time: 0.0443810 seconds
250.041: [GC250.041: [ParNew: 55871K->6206K(55872K), 0.0021840 secs] 149585K->100648K(182144K), 0.0022240 secs] [Times: user=0.01 sys=0.00, real=0.01 secs] 
250.043: Total time for which application threads were stopped: 0.0042140 seconds, Stopping threads took: 0.0019250 seconds
250.088: Application time: 0.0447380 seconds
250.090: [GC250.090: [ParNew: 55870K->6206K(55872K), 0.0023550 secs] 150312K->102136K(182144K), 0.0024020 secs] [Times: user=0.02 sys=0.00, real=0.00 secs] 
250.093: Total time for which application threads were stopped: 0.0050460 seconds, Stopping threads took: 0.0025760 seconds
250.138: Application time: 0.0449160 seconds
250.139: [GC250.139: [ParNew: 55870K->6206K(55872K), 0.0020640 secs] 151800K->102552K(182144K), 0.0021060 secs] [Times: user=0.02 sys=0.00, real=0.00 secs] 
250.141: Total time for which application threads were stopped: 0.0034600 seconds, Stopping threads took: 0.0012890 seconds
250.186: Application time: 0.0447170 seconds
250.188: [GC250.188: [ParNew: 55870K->6206K(55872K), 0.0022770 secs] 152216K->102990K(182144K), 0.0023210 secs] [Times: user=0.02 sys=0.00, real=0.00 secs] 
250.191: Total time for which application threads were stopped: 0.0048110 seconds, Stopping threads took: 0.0024260 seconds
250.235: Application time: 0.0446570 seconds
250.238: [GC250.238: [ParNew: 55870K->6206K(55872K), 0.0022160 secs] 152654K->103435K(182144K), 0.0022650 secs] [Times: user=0.01 sys=0.00, real=0.00 secs] 
250.240: Total time for which application threads were stopped: 0.0046940 seconds, Stopping threads took: 0.0023630 seconds
 CMS: abort preclean due to time 250.242: [CMS-concurrent-abortable-preclean: 0.266/5.035 secs] [Times: user=38.70 sys=0.14, real=5.04 secs] 
250.242: Application time: 0.0021660 seconds
250.245: [GC[YG occupancy: 12547 K (55872 K)]250.245: [Rescan (parallel) , 0.0001850 secs]250.245: [weak refs processing, 0.0000070 secs]250.245: [scrub string table, 0.0001050 secs] [1 CMS-remark: 97228K(126272K)] 109775K(182144K), 0.0003320 secs] [Times: user=0.00 sys=0.00, real=0.00 secs] 
250.245: Total time for which application threads were stopped: 0.0031390 seconds, Stopping threads took: 0.0027730 seconds
250.245: [CMS-concurrent-sweep-start]
250.251: [CMS-concurrent-sweep: 0.006/0.006 secs] [Times: user=0.01 sys=0.00, real=0.00 secs] 
250.253: [CMS-concurrent-reset-start]
250.253: [CMS-concurrent-reset: 0.000/0.000 secs] [Times: user=0.00 sys=0.00, real=0.00 secs] 
250.286: Application time: 0.0412460 seconds
250.289: [GC250.289: [ParNew: 55870K->6207K(55872K), 0.0023510 secs] 106130K->57959K(182144K), 0.0023980 secs] [Times: user=0.01 sys=0.00, real=0.00 secs] 
250.292: Total time for which application threads were stopped: 0.0051840 seconds, Stopping threads took: 0.0027200 seconds
250.292: Application time: 0.0000730 seconds
250.294: [GC [1 CMS-initial-mark: 51752K(126272K)] 58588K(182144K), 0.0002140 secs] [Times: user=0.00 sys=0.00, real=0.00 secs] 
250.294: Total time for which application threads were stopped: 0.0026290 seconds, Stopping threads took: 0.0023940 seconds
250.294: [CMS-concurrent-mark-start]
250.299: [CMS-concurrent-mark: 0.005/0.005 secs] [Times: user=0.03 sys=0.00, real=0.00 secs] 
250.299: [CMS-concurrent-preclean-start]
250.299: [CMS-concurrent-preclean: 0.000/0.000 secs] [Times: user=0.00 sys=0.00, real=0.00 secs] 
250.300: [CMS-concurrent-abortable-preclean-start]
250.337: Application time: 0.0425790 seconds
250.339: [GC250.339: [ParNew: 55871K->6207K(55872K), 0.0024030 secs] 107623K->59216K(182144K), 0.0024500 secs] [Times: user=0.02 sys=0.00, real=0.01 secs] 
250.341: Total time for which application threads were stopped: 0.0045460 seconds, Stopping threads took: 0.0020080 seconds
250.386: Application time: 0.0446570 seconds
250.388: [GC250.388: [ParNew: 55871K->5866K(55872K), 0.0018170 secs] 108880K->58904K(182144K), 0.0018610 secs] [Times: user=0.02 sys=0.00, real=0.00 secs] 
250.390: Total time for which application threads were stopped: 0.0035690 seconds, Stopping threads took: 0.0016340 seconds
250.441: Application time: 0.0509790 seconds
250.441: [GC250.441: [ParNew: 55530K->2427K(55872K), 0.0010880 secs] 108568K->55522K(182144K), 0.0011210 secs] [Times: user=0.00 sys=0.00, real=0.01 secs] 
250.442: Total time for which application threads were stopped: 0.0016240 seconds, Stopping threads took: 0.0004380 seconds
250.488: Application time: 0.0462090 seconds
250.491: [GC250.491: [ParNew: 52091K->4498K(55872K), 0.0014540 secs] 105186K->57593K(182144K), 0.0014910 secs] [Times: user=0.01 sys=0.00, real=0.00 secs] 
250.493: Total time for which application threads were stopped: 0.0044860 seconds, Stopping threads took: 0.0029110 seconds
250.541: Application time: 0.0479010 seconds
250.544: [GC250.544: [ParNew: 54162K->6207K(55872K), 0.0022740 secs] 107257K->60486K(182144K), 0.0023170 secs] [Times: user=0.02 sys=0.00, real=0.00 secs] 
250.546: Total time for which application threads were stopped: 0.0051150 seconds, Stopping threads took: 0.0027120 seconds
250.592: Application time: 0.0464440 seconds
250.595: [GC250.595: [ParNew: 55871K->4826K(55872K), 0.0016140 secs] 110150K->59105K(182144K), 0.0016560 secs] [Times: user=0.01 sys=0.00, real=0.00 secs] 
250.596: Total time for which application threads were stopped: 0.0039940 seconds, Stopping threads took: 0.0022730 seconds
250.643: Application time: 0.0465740 seconds
250.645: [GC250.645: [ParNew: 54490K->5522K(55872K), 0.0018440 secs] 108769K->59801K(182144K), 0.0018870 secs] [Times: user=0.02 sys=0.00, real=0.00 secs] 
250.647: Total time for which application threads were stopped: 0.0043430 seconds, Stopping threads took: 0.0023890 seconds
250.693: Application time: 0.0460890 seconds
250.696: [GC250.696: [ParNew: 55186K->6207K(55872K), 0.0019750 secs] 109465K->60797K(182144K), 0.0020170 secs] [Times: user=0.02 sys=0.00, real=0.00 secs] 
250.698: Total time for which application threads were stopped: 0.0050260 seconds, Stopping threads took: 0.0029220 seconds
250.744: Application time: 0.0456440 seconds
250.746: [GC250.746: [ParNew: 55871K->4968K(55872K), 0.0015820 secs] 110461K->59558K(182144K), 0.0016190 secs] [Times: user=0.02 sys=0.00, real=0.00 secs] 
250.748: Total time for which application threads were stopped: 0.0034500 seconds, Stopping threads took: 0.0017700 seconds
250.794: Application time: 0.0463540 seconds
250.795: [GC250.795: [ParNew: 54632K->6206K(55872K), 0.0019520 secs] 109222K->60921K(182144K), 0.0019910 secs] [Times: user=0.01 sys=0.00, real=0.00 secs] 
250.797: Total time for which application threads were stopped: 0.0029840 seconds, Stopping threads took: 0.0009300 seconds
250.840: Application time: 0.0435690 seconds
250.842: [GC250.842: [ParNew: 55870K->6207K(55872K), 0.0022490 secs] 110585K->62066K(182144K), 0.0022910 secs] [Times: user=0.02 sys=0.00, real=0.00 secs] 
250.844: Total time for which application threads were stopped: 0.0038260 seconds, Stopping threads took: 0.0014700 seconds
250.890: Application time: 0.0455060 seconds
250.893: [GC250.894: [ParNew: 55871K->4816K(55872K), 0.0014990 secs] 111730K->60703K(182144K), 0.0015370 secs] [Times: user=0.01 sys=0.00, real=0.00 secs] 
250.895: Total time for which application threads were stopped: 0.0052180 seconds, Stopping threads took: 0.0036100 seconds
250.940: Application time: 0.0445240 seconds
250.941: [GC250.941: [ParNew: 54480K->5810K(55872K), 0.0018840 secs] 110367K->61783K(182144K), 0.0019250 secs] [Times: user=0.01 sys=0.00, real=0.01 secs] 
250.943: Total time for which application threads were stopped: 0.0036950 seconds, Stopping threads took: 0.0016860 seconds
250.988: Application time: 0.0442990 seconds
250.989: [GC250.989: [ParNew: 55474K->6207K(55872K), 0.0023500 secs] 111447K->63171K(182144K), 0.0023930 secs] [Times: user=0.02 sys=0.00, real=0.00 secs] 
250.991: Total time for which application threads were stopped: 0.0037130 seconds, Stopping threads took: 0.0012340 seconds
251.036: Application time: 0.0445910 seconds
251.037: [GC251.037: [ParNew: 55871K->6081K(55872K), 0.0018930 secs] 112835K->63074K(182144K), 0.0019360 secs] [Times: user=0.01 sys=0.00, real=0.00 secs] 
251.039: Total time for which application threads were stopped: 0.0033860 seconds, Stopping threads took: 0.0013830 seconds
251.085: Application time: 0.0455760 seconds
251.088: [GC251.088: [ParNew: 55745K->5967K(55872K), 0.0018060 secs] 112738K->62988K(182144K), 0.0018480 secs] [Times: user=0.01 sys=0.00, real=0.00 secs] 
251.089: Total time for which application threads were stopped: 0.0045890 seconds, Stopping threads took: 0.0026680 seconds
251.134: Application time: 0.0449510 seconds
251.136: [GC251.136: [ParNew: 55631K->5936K(55872K), 0.0021190 secs] 112652K->62957K(182144K), 0.0021590 secs] [Times: user=0.01 sys=0.00, real=0.00 secs] 
251.138: Total time for which application threads were stopped: 0.0033170 seconds, Stopping threads took: 0.0010930 seconds
251.183: Application time: 0.0451030 seconds
251.184: [GC251.184: [ParNew: 55600K->6207K(55872K), 0.0021850 secs] 112621K->63778K(182144K), 0.0022310 secs] [Times: user=0.02 sys=0.00, real=0.00 secs] 
251.187: Total time for which application threads were stopped: 0.0038590 seconds, Stopping threads took: 0.0015650 seconds
251.231: Application time: 0.0445640 seconds
251.234: [GC251.234: [ParNew: 55871K->6206K(55872K), 0.0020280 secs] 113442K->64318K(182144K), 0.0020710 secs] [Times: user=0.01 sys=0.00, real=0.00 secs] 
251.236: Total time for which application threads were stopped: 0.0049140 seconds, Stopping threads took: 0.0027550 seconds
251.280: Application time: 0.0435550 seconds
251.281: [GC251.281: [ParNew: 55870K->6206K(55872K), 0.0023850 secs] 113982K->65819K(182144K), 0.0024280 secs] [Times: user=0.01 sys=0.00, real=0.01 secs] 
251.284: Total time for which application threads were stopped: 0.0039200 seconds, Stopping threads took: 0.0014260 seconds
251.328: Application time: 0.0443580 seconds
251.330: [GC251.330: [ParNew: 55870K->6206K(55872K), 0.0020500 secs] 115483K->66168K(182144K), 0.0020900 secs] [Times: user=0.02 sys=0.00, real=0.00 secs] 
251.332: Total time for which application threads were stopped: 0.0039510 seconds, Stopping threads took: 0.0017950 seconds
251.377: Application time: 0.0451160 seconds
251.379: [GC251.379: [ParNew: 55870K->5657K(55872K), 0.0018120 secs] 115832K->65619K(182144K), 0.0018470 secs] [Times: user=0.02 sys=0.00, real=0.00 secs] 
251.381: Total time for which application threads were stopped: 0.0037690 seconds, Stopping threads took: 0.0018620 seconds
251.426: Application time: 0.0449180 seconds
251.427: [GC251.427: [ParNew: 55321K->6150K(55872K), 0.0019100 secs] 115283K->66168K(182144K), 0.0019520 secs] [Times: user=0.01 sys=0.00, real=0.00 secs] 
251.429: Total time for which application threads were stopped: 0.0031270 seconds, Stopping threads took: 0.0011020 seconds
251.473: Application time: 0.0443310 seconds
251.475: [GC251.475: [ParNew: 55814K->4598K(55872K), 0.0015940 secs] 115832K->64702K(182144K), 0.0016240 secs] [Times: user=0.01 sys=0.00, real=0.00 secs] 
251.476: Total time for which application threads were stopped: 0.0029500 seconds, Stopping threads took: 0.0012710 seconds
251.519: Application time: 0.0431630 seconds
251.521: [GC251.521: [ParNew: 54262K->6206K(55872K), 0.0022810 secs] 114366K->67256K(182144K), 0.0023240 secs] [Times: user=0.02 sys=0.00, real=0.01 secs] 
251.524: Total time for which application threads were stopped: 0.0042320 seconds, Stopping threads took: 0.0018450 seconds
251.566: Application time: 0.0425520 seconds
251.568: [GC251.568: [ParNew: 55870K->6207K(55872K), 0.0023890 secs] 116920K->68727K(182144K), 0.0024410 secs] [Times: user=0.01 sys=0.00, real=0.00 secs] 
251.571: Total time for which application threads were stopped: 0.0044200 seconds, Stopping threads took: 0.0019130 seconds
251.617: Application time: 0.0466640 seconds
251.620: [GC251.620: [ParNew: 55871K->6206K(55872K), 0.0022870 secs] 118391K->69823K(182144K), 0.0023310 secs] [Times: user=0.02 sys=0.00, real=0.01 secs] 
251.622: Total time for which application threads were stopped: 0.0048700 seconds, Stopping threads took: 0.0024720 seconds
251.667: Application time: 0.0449150 seconds
251.669: [GC251.669: [ParNew: 55870K->6206K(55872K), 0.0023530 secs] 119487K->71244K(182144K), 0.0023960 secs] [Times: user=0.02 sys=0.00, real=0.00 secs] 
251.671: Total time for which application threads were stopped: 0.0044400 seconds, Stopping threads took: 0.0019780 seconds
251.717: Application time: 0.0455980 seconds
251.719: [GC251.719: [ParNew: 55870K->5432K(55872K), 0.0016720 secs] 120908K->70469K(182144K), 0.0017110 secs] [Times: user=0.01 sys=0.00, real=0.00 secs] 
251.721: Total time for which application threads were stopped: 0.0036630 seconds, Stopping threads took: 0.0018890 seconds
251.765: Application time: 0.0442160 seconds
251.767: [GC251.767: [ParNew: 55096K->6207K(55872K), 0.0023290 secs] 120133K->72522K(182144K), 0.0023750 secs] [Times: user=0.02 sys=0.00, real=0.00 secs] 
251.769: Total time for which application threads were stopped: 0.0044260 seconds, Stopping threads took: 0.0019830 seconds
251.815: Application time: 0.0452210 seconds
251.816: [GC251.816: [ParNew: 55871K->6207K(55872K), 0.0023210 secs] 122186K->73735K(182144K), 0.0023640 secs] [Times: user=0.02 sys=0.00, real=0.00 secs] 
251.818: Total time for which application threads were stopped: 0.0036740 seconds, Stopping threads took: 0.0012470 seconds
251.863: Application time: 0.0449360 seconds
251.865: [GC251.865: [ParNew: 55871K->5856K(55872K), 0.0018380 secs] 123399K->73383K(182144K), 0.0018810 secs] [Times: user=0.01 sys=0.00, real=0.00 secs] 
251.867: Total time for which application threads were stopped: 0.0034290 seconds, Stopping threads took: 0.0014820 seconds
251.912: Application time: 0.0457530 seconds
251.914: [GC251.914: [ParNew: 55520K->6206K(55872K), 0.0022680 secs] 123047K->74756K(182144K), 0.0023110 secs] [Times: user=0.02 sys=0.00, real=0.00 secs] 
251.916: Total time for which application threads were stopped: 0.0037980 seconds, Stopping threads took: 0.0014190 seconds
251.966: Application time: 0.0499150 seconds
251.969: [GC251.969: [ParNew: 55870K->5878K(55872K), 0.0019130 secs] 124420K->74506K(182144K), 0.0019500 secs] [Times: user=0.01 sys=0.00, real=0.00 secs] 
251.971: Total time for which application threads were stopped: 0.0047060 seconds, Stopping threads took: 0.0026850 seconds
252.017: Application time: 0.0457770 seconds
252.019: [GC252.019: [ParNew: 55542K->6207K(55872K), 0.0022780 secs] 124170K->75840K(182144K), 0.0023240 secs] [Times: user=0.01 sys=0.00, real=0.00 secs] 
252.021: Total time for which application threads were stopped: 0.0043260 seconds, Stopping threads took: 0.0019140 seconds
252.069: Application time: 0.0479800 seconds
252.070: [GC252.070: [ParNew: 55871K->5816K(55872K), 0.0017710 secs] 125504K->75478K(182144K), 0.0018110 secs] [Times: user=0.01 sys=0.00, real=0.00 secs] 
252.072: Total time for which application threads were stopped: 0.0033380 seconds, Stopping threads took: 0.0014620 seconds
252.120: Application time: 0.0479930 seconds
252.123: [GC252.123: [ParNew: 55480K->6207K(55872K), 0.0019630 secs] 125142K->76185K(182144K), 0.0020060 secs] [Times: user=0.01 sys=0.00, real=0.00 secs] 
252.125: Total time for which application threads were stopped: 0.0046720 seconds, Stopping threads took: 0.0026020 seconds
252.171: Application time: 0.0459410 seconds
252.173: [GC252.173: [ParNew: 55871K->5826K(55872K), 0.0017720 secs] 125849K->75804K(182144K), 0.0018100 secs] [Times: user=0.01 sys=0.00, real=0.01 secs] 
252.174: Total time for which application threads were stopped: 0.0035660 seconds, Stopping threads took: 0.0016830 seconds
252.221: Application time: 0.0463730 seconds
252.223: [GC252.223: [ParNew: 55490K->6207K(55872K), 0.0020750 secs] 125468K->76756K(182144K), 0.0021200 secs] [Times: user=0.01 sys=0.00, real=0.00 secs] 
252.225: Total time for which application threads were stopped: 0.0045510 seconds, Stopping threads took: 0.0023640 seconds
252.276: Application time: 0.0510470 seconds
252.279: [GC252.279: [ParNew: 55871K->5668K(55872K), 0.0018080 secs] 126420K->76217K(182144K), 0.0018490 secs] [Times: user=0.02 sys=0.00, real=0.00 secs] 
252.281: Total time for which application threads were stopped: 0.0043250 seconds, Stopping threads took: 0.0024060 seconds
252.330: Application time: 0.0490750 seconds
252.332: [GC252.332: [ParNew: 55332K->5576K(55872K), 0.0020480 secs] 125881K->76153K(182144K), 0.0020890 secs] [Times: user=0.02 sys=0.00, real=0.01 secs] 
252.334: Total time for which application threads were stopped: 0.0041120 seconds, Stopping threads took: 0.0019360 seconds
252.381: Application time: 0.0467910 seconds
252.384: [GC252.384: [ParNew: 55240K->6206K(55872K), 0.0023570 secs] 125817K->77966K(182144K), 0.0024000 secs] [Times: user=0.01 sys=0.00, real=0.00 secs] 
252.386: Total time for which application threads were stopped: 0.0052520 seconds, Stopping threads took: 0.0027710 seconds
252.434: Application time: 0.0480500 seconds
252.436: [GC252.436: [ParNew: 55870K->6085K(55872K), 0.0020550 secs] 127630K->77845K(182144K), 0.0021010 secs] [Times: user=0.01 sys=0.00, real=0.00 secs] 
252.438: Total time for which application threads were stopped: 0.0040720 seconds, Stopping threads took: 0.0019030 seconds
252.485: Application time: 0.0470140 seconds
252.488: [GC252.488: [ParNew: 55749K->6206K(55872K), 0.0025060 secs] 127509K->78707K(182144K), 0.0025550 secs] [Times: user=0.01 sys=0.00, real=0.00 secs] 
252.491: Total time for which application threads were stopped: 0.0057010 seconds, Stopping threads took: 0.0030480 seconds
252.538: Application time: 0.0467570 seconds
252.539: [GC252.539: [ParNew: 55870K->6206K(55872K), 0.0020270 secs] 128371K->78884K(182144K), 0.0020740 secs] [Times: user=0.02 sys=0.00, real=0.01 secs] 
252.541: Total time for which application threads were stopped: 0.0039460 seconds, Stopping threads took: 0.0017810 seconds
252.589: Application time: 0.0471560 seconds
252.591: [GC252.591: [ParNew: 55870K->6207K(55872K), 0.0024410 secs] 128548K->80556K(182144K), 0.0024890 secs] [Times: user=0.02 sys=0.00, real=0.01 secs] 
252.594: Total time for which application threads were stopped: 0.0050150 seconds, Stopping threads took: 0.0024580 seconds
252.642: Application time: 0.0481910 seconds
252.644: [GC252.644: [ParNew: 55871K->5629K(55872K), 0.0016740 secs] 130220K->80006K(182144K), 0.0017160 secs] [Times: user=0.01 sys=0.00, real=0.00 secs] 
252.646: Total time for which application threads were stopped: 0.0041280 seconds, Stopping threads took: 0.0023480 seconds
252.692: Application time: 0.0464970 seconds
252.695: [GC252.695: [ParNew: 55293K->6206K(55872K), 0.0022990 secs] 129670K->81605K(182144K), 0.0023460 secs] [Times: user=0.02 sys=0.00, real=0.00 secs] 
252.697: Total time for which application threads were stopped: 0.0046750 seconds, Stopping threads took: 0.0022630 seconds
252.746: Application time: 0.0485510 seconds
252.748: [GC252.748: [ParNew: 55870K->6206K(55872K), 0.0021000 secs] 131269K->82174K(182144K), 0.0021500 secs] [Times: user=0.02 sys=0.00, real=0.00 secs] 
252.751: Total time for which application threads were stopped: 0.0049210 seconds, Stopping threads took: 0.0027000 seconds
252.797: Application time: 0.0462830 seconds
252.800: [GC252.800: [ParNew: 55870K->6207K(55872K), 0.0025370 secs] 131838K->83581K(182144K), 0.0025820 secs] [Times: user=0.01 sys=0.00, real=0.01 secs] 
252.802: Total time for which application threads were stopped: 0.0054450 seconds, Stopping threads took: 0.0027720 seconds
252.850: Application time: 0.0477170 seconds
252.852: [GC252.852: [ParNew: 55871K->5772K(55872K), 0.0017980 secs] 133245K->83145K(182144K), 0.0018490 secs] [Times: user=0.01 sys=0.00, real=0.01 secs] 
252.854: Total time for which application threads were stopped: 0.0035310 seconds, Stopping threads took: 0.0016160 seconds
252.899: Application time: 0.0455650 seconds
252.901: [GC252.901: [ParNew: 55436K->6207K(55872K), 0.0022920 secs] 132809K->84186K(182144K), 0.0023330 secs] [Times: user=0.02 sys=0.00, real=0.01 secs] 
252.904: Total time for which application threads were stopped: 0.0043360 seconds, Stopping threads took: 0.0019170 seconds
252.951: Application time: 0.0475580 seconds
252.952: [GC252.952: [ParNew: 55871K->5723K(55872K), 0.0018960 secs] 133850K->83702K(182144K), 0.0019360 secs] [Times: user=0.01 sys=0.00, real=0.01 secs] 
252.954: Total time for which application threads were stopped: 0.0030580 seconds, Stopping threads took: 0.0010360 seconds
253.001: Application time: 0.0468250 seconds
253.004: [GC253.004: [ParNew: 55387K->6206K(55872K), 0.0022070 secs] 133366K->84799K(182144K), 0.0022560 secs] [Times: user=0.02 sys=0.00, real=0.00 secs] 
253.006: Total time for which application threads were stopped: 0.0049210 seconds, Stopping threads took: 0.0025830 seconds
253.054: Application time: 0.0483100 seconds
253.057: [GC253.057: [ParNew: 55870K->6206K(55872K), 0.0024040 secs] 134463K->86197K(182144K), 0.0024480 secs] [Times: user=0.02 sys=0.01, real=0.00 secs] 
253.060: Total time for which application threads were stopped: 0.0055340 seconds, Stopping threads took: 0.0030180 seconds
253.108: Application time: 0.0478440 seconds
253.110: [GC253.110: [ParNew: 55870K->6207K(55872K), 0.0023260 secs] 135861K->87479K(182144K), 0.0023690 secs] [Times: user=0.02 sys=0.00, real=0.00 secs] 
253.112: Total time for which application threads were stopped: 0.0045600 seconds, Stopping threads took: 0.0021220 seconds
253.164: Application time: 0.0514560 seconds
253.167: [GC253.167: [ParNew: 55871K->6207K(55872K), 0.0022880 secs] 137143K->88778K(182144K), 0.0023340 secs] [Times: user=0.02 sys=0.00, real=0.00 secs] 
253.169: Total time for which application threads were stopped: 0.0054620 seconds, Stopping threads took: 0.0030580 seconds
253.216: Application time: 0.0471360 seconds
253.218: [GC253.218: [ParNew: 55871K->6206K(55872K), 0.0023120 secs] 138442K->90102K(182144K), 0.0023560 secs] [Times: user=0.01 sys=0.00, real=0.00 secs] 
253.220: Total time for which application threads were stopped: 0.0041960 seconds, Stopping threads took: 0.0017720 seconds
253.266: Application time: 0.0460200 seconds
253.269: [GC253.269: [ParNew: 55870K->6206K(55872K), 0.0022200 secs] 139766K->91075K(182144K), 0.0022670 secs] [Times: user=0.02 sys=0.00, real=0.00 secs] 
253.271: Total time for which application threads were stopped: 0.0050070 seconds, Stopping threads took: 0.0026730 seconds
253.318: Application time: 0.0463650 seconds
253.319: [GC253.319: [ParNew: 55870K->6207K(55872K), 0.0022990 secs] 140739K->92403K(182144K), 0.0023430 secs] [Times: user=0.02 sys=0.00, real=0.01 secs] 
253.322: Total time for which application threads were stopped: 0.0039930 seconds, Stopping threads took: 0.0015820 seconds
253.369: Application time: 0.0472210 seconds
253.371: [GC253.372: [ParNew: 55871K->6206K(55872K), 0.0023440 secs] 142067K->93437K(182144K), 0.0023920 secs] [Times: user=0.01 sys=0.00, real=0.01 secs] 
253.374: Total time for which application threads were stopped: 0.0048720 seconds, Stopping threads took: 0.0024110 seconds
253.422: Application time: 0.0478760 seconds
253.424: [GC253.424: [ParNew: 55870K->6206K(55872K), 0.0024290 secs] 143101K->95079K(182144K), 0.0024790 secs] [Times: user=0.02 sys=0.00, real=0.00 secs] 
253.427: Total time for which application threads were stopped: 0.0050620 seconds, Stopping threads took: 0.0025150 seconds
253.475: Application time: 0.0477560 seconds
253.477: [GC253.477: [ParNew: 55870K->6207K(55872K), 0.0021680 secs] 144743K->95774K(182144K), 0.0022100 secs] [Times: user=0.01 sys=0.00, real=0.00 secs] 
253.479: Total time for which application threads were stopped: 0.0044250 seconds, Stopping threads took: 0.0021480 seconds
253.527: Application time: 0.0475280 seconds
253.529: [GC253.529: [ParNew: 55871K->6207K(55872K), 0.0022120 secs] 145438K->96471K(182144K), 0.0022660 secs] [Times: user=0.01 sys=0.00, real=0.00 secs] 
253.531: Total time for which application threads were stopped: 0.0045960 seconds, Stopping threads took: 0.0022490 seconds
253.579: Application time: 0.0473820 seconds
253.580: [GC253.580: [ParNew: 55871K->6206K(55872K), 0.0020650 secs] 146135K->96597K(182144K), 0.0021080 secs] [Times: user=0.02 sys=0.00, real=0.01 secs] 
253.582: Total time for which application threads were stopped: 0.0037180 seconds, Stopping threads took: 0.0015230 seconds
253.630: Application time: 0.0472500 seconds
253.631: [GC253.631: [ParNew: 55870K->6206K(55872K), 0.0020750 secs] 146261K->97053K(182144K), 0.0021160 secs] [Times: user=0.01 sys=0.01, real=0.01 secs] 
253.633: Total time for which application threads were stopped: 0.0039730 seconds, Stopping threads took: 0.0017920 seconds
253.682: Application time: 0.0488840 seconds
253.685: [GC253.685: [ParNew: 55870K->6206K(55872K), 0.0021850 secs] 146717K->97348K(182144K), 0.0022300 secs] [Times: user=0.02 sys=0.00, real=0.00 secs] 
253.687: Total time for which application threads were stopped: 0.0047650 seconds, Stopping threads took: 0.0024690 seconds
253.735: Application time: 0.0479800 seconds
253.737: [GC253.737: [ParNew: 55870K->6207K(55872K), 0.0022470 secs] 147012K->98348K(182144K), 0.0022900 secs] [Times: user=0.01 sys=0.00, real=0.00 secs] 
253.739: Total time for which application threads were stopped: 0.0042580 seconds, Stopping threads took: 0.0019090 seconds
253.789: Application time: 0.0496060 seconds
253.791: [GC253.791: [ParNew: 55871K->5631K(55872K), 0.0017120 secs] 148012K->97772K(182144K), 0.0017540 secs] [Times: user=0.01 sys=0.00, real=0.00 secs] 
253.792: Total time for which application threads were stopped: 0.0033560 seconds, Stopping threads took: 0.0015390 seconds
253.840: Application time: 0.0473400 seconds
253.842: [GC253.842: [ParNew: 55295K->6207K(55872K), 0.0021650 secs] 147436K->99185K(182144K), 0.0022110 secs] [Times: user=0.02 sys=0.00, real=0.00 secs] 
253.844: Total time for which application threads were stopped: 0.0045140 seconds, Stopping threads took: 0.0022340 seconds
253.891: Application time: 0.0463360 seconds
253.893: [GC253.893: [ParNew: 55871K->6207K(55872K), 0.0024520 secs] 148849K->100876K(182144K), 0.0024960 secs] [Times: user=0.02 sys=0.00, real=0.01 secs] 
253.895: Total time for which application threads were stopped: 0.0046770 seconds, Stopping threads took: 0.0021150 seconds
253.942: Application time: 0.0467420 seconds
253.945: [GC253.945: [ParNew: 55871K->6206K(55872K), 0.0024940 secs] 150540K->102584K(182144K), 0.0025390 secs] [Times: user=0.02 sys=0.00, real=0.00 secs] 
253.947: Total time for which application threads were stopped: 0.0051230 seconds, Stopping threads took: 0.0025140 seconds
253.996: Application time: 0.0492670 seconds
253.999: [GC253.999: [ParNew: 55870K->5827K(55872K), 0.0018420 secs] 152248K->102230K(182144K), 0.0018800 secs] [Times: user=0.01 sys=0.00, real=0.00 secs] 
254.001: Total time for which application threads were stopped: 0.0048820 seconds, Stopping threads took: 0.0029390 seconds
254.049: Application time: 0.0480730 seconds
254.052: [GC254.052: [ParNew: 55491K->5375K(55872K), 0.0017080 secs] 151894K->101777K(182144K), 0.0017590 secs] [Times: user=0.01 sys=0.00, real=0.01 secs] 
254.053: Total time for which application threads were stopped: 0.0040900 seconds, Stopping threads took: 0.0022470 seconds
254.101: Application time: 0.0475830 seconds
254.103: [GC254.103: [ParNew: 55039K->6206K(55872K), 0.0023700 secs] 151441K->103865K(182144K), 0.0024140 secs] [Times: user=0.01 sys=0.01, real=0.00 secs] 
254.105: Total time for which application threads were stopped: 0.0044850 seconds, Stopping threads took: 0.0019830 seconds
254.153: Application time: 0.0478940 seconds
254.156: [GC254.156: [ParNew: 55870K->6206K(55872K), 0.0021310 secs] 153529K->104642K(182144K), 0.0021740 secs] [Times: user=0.02 sys=0.00, real=0.00 secs] 
254.158: Total time for which application threads were stopped: 0.0047770 seconds, Stopping threads took: 0.0025290 seconds
254.204: Application time: 0.0461480 seconds
254.207: [GC254.207: [ParNew: 55870K->6207K(55872K), 0.0020800 secs] 154306K->105265K(182144K), 0.0021220 secs] [Times: user=0.02 sys=0.00, real=0.00 secs] 
254.209: Total time for which application threads were stopped: 0.0043960 seconds, Stopping threads took: 0.0022070 seconds
254.257: Application time: 0.0482910 seconds
254.259: [GC254.259: [ParNew: 55871K->5725K(55872K), 0.0019760 secs] 154929K->104839K(182144K), 0.0020150 secs] [Times: user=0.01 sys=0.00, real=0.00 secs] 
254.261: Total time for which application threads were stopped: 0.0038370 seconds, Stopping threads took: 0.0017590 seconds
254.309: Application time: 0.0477630 seconds
254.309: [GC254.310: [ParNew: 55389K->6206K(55872K), 0.0024030 secs] 154503K->106313K(182144K), 0.0024470 secs] [Times: user=0.01 sys=0.00, real=0.00 secs] 
254.312: Total time for which application threads were stopped: 0.0033590 seconds, Stopping threads took: 0.0008440 seconds
254.359: Application time: 0.0467350 seconds
254.361: [GC254.361: [ParNew: 55870K->6207K(55872K), 0.0021950 secs] 155977K->107060K(182144K), 0.0022430 secs] [Times: user=0.02 sys=0.00, real=0.01 secs] 
254.363: Total time for which application threads were stopped: 0.0040790 seconds, Stopping threads took: 0.0017680 seconds
254.410: Application time: 0.0470200 seconds
254.412: [GC254.412: [ParNew: 55871K->6206K(55872K), 0.0021740 secs] 156724K->107778K(182144K), 0.0022190 secs] [Times: user=0.02 sys=0.00, real=0.01 secs] 
254.414: Total time for which application threads were stopped: 0.0044680 seconds, Stopping threads took: 0.0021800 seconds
254.461: Application time: 0.0464460 seconds
254.463: [GC254.463: [ParNew: 55870K->6206K(55872K), 0.0021690 secs] 157442K->108419K(182144K), 0.0022150 secs] [Times: user=0.02 sys=0.00, real=0.00 secs] 
254.465: Total time for which application threads were stopped: 0.0043600 seconds, Stopping threads took: 0.0020760 seconds
254.514: Application time: 0.0486100 seconds
254.516: [GC254.516: [ParNew: 55870K->5866K(55872K), 0.0020320 secs] 158083K->108107K(182144K), 0.0020770 secs] [Times: user=0.01 sys=0.00, real=0.00 secs] 
254.518: Total time for which application threads were stopped: 0.0047070 seconds, Stopping threads took: 0.0025410 seconds
254.566: Application time: 0.0476900 seconds
254.568: [GC254.568: [ParNew: 55530K->6207K(55872K), 0.0023520 secs] 157771K->108911K(182144K), 0.0023940 secs] [Times: user=0.02 sys=0.00, real=0.00 secs] 
254.570: Total time for which application threads were stopped: 0.0040220 seconds, Stopping threads took: 0.0015320 seconds
254.617: Application time: 0.0472280 seconds
254.620: [GC254.620: [ParNew: 55871K->6207K(55872K), 0.0023860 secs] 158575K->109791K(182144K), 0.0024310 secs] [Times: user=0.02 sys=0.00, real=0.01 secs] 
254.623: Total time for which application threads were stopped: 0.0053630 seconds, Stopping threads took: 0.0028570 seconds
254.671: Application time: 0.0478790 seconds
254.673: [GC254.673: [ParNew: 55871K->6207K(55872K), 0.0022460 secs] 159455K->110377K(182144K), 0.0022890 secs] [Times: user=0.02 sys=0.00, real=0.01 secs] 
254.675: Total time for which application threads were stopped: 0.0046440 seconds, Stopping threads took: 0.0022670 seconds
254.723: Application time: 0.0472590 seconds
254.725: [GC254.725: [ParNew: 55871K->6206K(55872K), 0.0023870 secs] 160041K->111592K(182144K), 0.0024290 secs] [Times: user=0.02 sys=0.00, real=0.00 secs] 
254.727: Total time for which application threads were stopped: 0.0046290 seconds, Stopping threads took: 0.0021340 seconds
254.774: Application time: 0.0464990 seconds
254.776: [GC254.776: [ParNew: 55870K->6206K(55872K), 0.0024320 secs] 161256K->112839K(182144K), 0.0024750 secs] [Times: user=0.01 sys=0.00, real=0.00 secs] 
254.778: Total time for which application threads were stopped: 0.0043810 seconds, Stopping threads took: 0.0018400 seconds
254.826: Application time: 0.0475420 seconds
254.827: [GC254.827: [ParNew: 55870K->5258K(55872K), 0.0016850 secs] 162503K->111891K(182144K), 0.0017310 secs] [Times: user=0.01 sys=0.00, real=0.00 secs] 
254.829: Total time for which application threads were stopped: 0.0030140 seconds, Stopping threads took: 0.0012210 seconds
254.875: Application time: 0.0465290 seconds
254.878: [GC254.878: [ParNew: 54922K->6206K(55872K), 0.0021750 secs] 161555K->113747K(182144K), 0.0022190 secs] [Times: user=0.01 sys=0.00, real=0.00 secs] 
254.880: Total time for which application threads were stopped: 0.0050350 seconds, Stopping threads took: 0.0027500 seconds
254.929: Application time: 0.0491600 seconds
254.932: [GC254.932: [ParNew: 55870K->6206K(55872K), 0.0021510 secs] 163411K->114514K(182144K), 0.0021940 secs] [Times: user=0.02 sys=0.00, real=0.01 secs] 
254.934: Total time for which application threads were stopped: 0.0051500 seconds, Stopping threads took: 0.0028680 seconds
254.980: Application time: 0.0455270 seconds
254.983: [GC254.983: [ParNew: 55870K->6207K(55872K), 0.0024560 secs] 164178K->116096K(182144K), 0.0025020 secs] [Times: user=0.01 sys=0.00, real=0.00 secs] 
254.986: Total time for which application threads were stopped: 0.0057560 seconds, Stopping threads took: 0.0031750 seconds
255.033: Application time: 0.0471460 seconds
255.035: [GC255.036: [ParNew: 55871K->6206K(55872K), 0.0024120 secs] 165760K->117593K(182144K), 0.0024590 secs] [Times: user=0.02 sys=0.00, real=0.00 secs] 
255.038: Total time for which application threads were stopped: 0.0050550 seconds, Stopping threads took: 0.0025080 seconds
255.087: Application time: 0.0488080 seconds
255.089: [GC255.089: [ParNew: 55870K->6206K(55872K), 0.0021480 secs] 167257K->118022K(182144K), 0.0021920 secs] [Times: user=0.01 sys=0.00, real=0.00 secs] 
255.091: Total time for which application threads were stopped: 0.0043190 seconds, Stopping threads took: 0.0020580 seconds
255.139: Application time: 0.0483330 seconds
255.143: [GC255.143: [ParNew: 55870K->6206K(55872K), 0.0022610 secs] 167686K->118450K(182144K), 0.0023080 secs] [Times: user=0.01 sys=0.00, real=0.00 secs] 
255.145: Total time for which application threads were stopped: 0.0054350 seconds, Stopping threads took: 0.0030400 seconds
255.191: Application time: 0.0460740 seconds
255.194: [GC255.194: [ParNew: 55870K->6207K(55872K), 0.0021080 secs] 168114K->118859K(182144K), 0.0021540 secs] [Times: user=0.01 sys=0.00, real=0.00 secs] 
255.196: Total time for which application threads were stopped: 0.0052790 seconds, Stopping threads took: 0.0030570 seconds
255.247: Application time: 0.0503880 seconds
255.250: [GC255.250: [ParNew: 55871K->6060K(55872K), 0.0018630 secs] 168523K->118741K(182144K), 0.0019100 secs] [Times: user=0.01 sys=0.00, real=0.00 secs] 
255.252: Total time for which application threads were stopped: 0.0054240 seconds, Stopping threads took: 0.0034470 seconds
255.299: Application time: 0.0472420 seconds
255.302: [GC255.302: [ParNew: 55724K->5285K(55872K), 0.0017680 secs] 168405K->117994K(182144K), 0.0018120 secs] [Times: user=0.01 sys=0.00, real=0.00 secs] 
255.303: Total time for which application threads were stopped: 0.0041630 seconds, Stopping threads took: 0.0022850 seconds
 CMS: abort preclean due to time 255.305: [CMS-concurrent-abortable-preclean: 0.279/5.005 secs] [Times: user=38.34 sys=0.14, real=5.01 secs] 
255.305: Application time: 0.0015820 seconds
255.308: [GC[YG occupancy: 7981 K (55872 K)]255.308: [Rescan (parallel) , 0.0003150 secs]255.308: [weak refs processing, 0.0000070 secs]255.308: [scrub string table, 0.0001150 secs] [1 CMS-remark: 112709K(126272K)] 120690K(182144K), 0.0004860 secs] [Times: user=0.00 sys=0.00, real=0.00 secs] 
255.308: Total time for which application threads were stopped: 0.0034390 seconds, Stopping threads took: 0.0029290 seconds
255.309: [CMS-concurrent-sweep-start]
255.315: [CMS-concurrent-sweep: 0.007/0.007 secs] [Times: user=0.04 sys=0.00, real=0.01 secs] 
255.316: [CMS-concurrent-reset-start]
255.316: [CMS-concurrent-reset: 0.000/0.000 secs] [Times: user=0.00 sys=0.00, real=0.00 secs] 
255.353: Application time: 0.0447530 seconds
255.356: [GC255.356: [ParNew: 54949K->6207K(55872K), 0.0024490 secs] 118954K->71102K(182144K), 0.0024960 secs] [Times: user=0.02 sys=0.00, real=0.00 secs] 
255.358: Total time for which application threads were stopped: 0.0050230 seconds, Stopping threads took: 0.0024370 seconds
255.408: Application time: 0.0496010 seconds
255.411: [GC255.411: [ParNew: 55871K->5574K(55872K), 0.0017760 secs] 120766K->70469K(182144K), 0.0018130 secs] [Times: user=0.01 sys=0.00, real=0.00 secs] 
255.413: Total time for which application threads were stopped: 0.0051190 seconds, Stopping threads took: 0.0032200 seconds
255.462: Application time: 0.0491320 seconds
255.465: [GC255.465: [ParNew: 55238K->5131K(55872K), 0.0017890 secs] 120133K->70026K(182144K), 0.0018340 secs] [Times: user=0.01 sys=0.00, real=0.00 secs] 
255.467: Total time for which application threads were stopped: 0.0045210 seconds, Stopping threads took: 0.0026220 seconds
255.517: Application time: 0.0504810 seconds
255.520: [GC255.520: [ParNew: 54795K->4623K(55872K), 0.0017850 secs] 119690K->69518K(182144K), 0.0018260 secs] [Times: user=0.02 sys=0.00, real=0.01 secs] 
255.522: Total time for which application threads were stopped: 0.0051130 seconds, Stopping threads took: 0.0032110 seconds
255.572: Application time: 0.0499550 seconds
255.575: [GC255.575: [ParNew: 54287K->6206K(55872K), 0.0022460 secs] 119182K->71931K(182144K), 0.0022930 secs] [Times: user=0.02 sys=0.00, real=0.00 secs] 
255.577: Total time for which application threads were stopped: 0.0048310 seconds, Stopping threads took: 0.0024480 seconds
255.626: Application time: 0.0486330 seconds
255.628: [GC255.628: [ParNew: 55870K->5749K(55872K), 0.0020220 secs] 121595K->71502K(182144K), 0.0020650 secs] [Times: user=0.02 sys=0.00, real=0.00 secs] 
255.630: Total time for which application threads were stopped: 0.0044970 seconds, Stopping threads took: 0.0023410 seconds
255.682: Application time: 0.0514680 seconds
255.684: [GC255.685: [ParNew: 55413K->5179K(55872K), 0.0018270 secs] 121166K->70932K(182144K), 0.0018660 secs] [Times: user=0.01 sys=0.00, real=0.00 secs] 
255.686: Total time for which application threads were stopped: 0.0047330 seconds, Stopping threads took: 0.0027830 seconds
255.737: Application time: 0.0505230 seconds
255.739: [GC255.739: [ParNew: 54843K->5174K(55872K), 0.0018420 secs] 120596K->70985K(182144K), 0.0018890 secs] [Times: user=0.01 sys=0.00, real=0.00 secs] 
255.741: Total time for which application threads were stopped: 0.0042170 seconds, Stopping threads took: 0.0022510 seconds
255.790: Application time: 0.0492490 seconds
255.794: [GC255.794: [ParNew: 54838K->6207K(55872K), 0.0020980 secs] 120649K->72306K(182144K), 0.0021400 secs] [Times: user=0.01 sys=0.00, real=0.00 secs] 
255.796: Total time for which application threads were stopped: 0.0056020 seconds, Stopping threads took: 0.0033790 seconds
255.842: Application time: 0.0458630 seconds
255.844: [GC255.844: [ParNew: 55871K->6206K(55872K), 0.0020790 secs] 121970K->72814K(182144K), 0.0021210 secs] [Times: user=0.01 sys=0.00, real=0.00 secs] 
255.846: Total time for which application threads were stopped: 0.0045810 seconds, Stopping threads took: 0.0023840 seconds
255.897: Application time: 0.0508640 seconds
255.899: [GC255.899: [ParNew: 55870K->4636K(55872K), 0.0015830 secs] 122478K->71357K(182144K), 0.0016180 secs] [Times: user=0.01 sys=0.00, real=0.00 secs] 
255.901: Total time for which application threads were stopped: 0.0032370 seconds, Stopping threads took: 0.0015570 seconds
255.947: Application time: 0.0463010 seconds
255.949: [GC255.949: [ParNew: 54300K->5066K(55872K), 0.0016830 secs] 121021K->71787K(182144K), 0.0017210 secs] [Times: user=0.01 sys=0.00, real=0.00 secs] 
255.951: Total time for which application threads were stopped: 0.0038590 seconds, Stopping threads took: 0.0020700 seconds
255.998: Application time: 0.0477600 seconds
255.999: [GC255.999: [ParNew: 54730K->4027K(55872K), 0.0015390 secs] 121451K->70748K(182144K), 0.0015750 secs] [Times: user=0.01 sys=0.00, real=0.00 secs] 
256.001: Total time for which application threads were stopped: 0.0025400 seconds, Stopping threads took: 0.0008950 seconds
256.049: Application time: 0.0484450 seconds
256.050: [GC256.050: [ParNew: 53691K->3047K(55872K), 0.0012970 secs] 120412K->69769K(182144K), 0.0013340 secs] [Times: user=0.01 sys=0.00, real=0.00 secs] 
256.051: Total time for which application threads were stopped: 0.0016970 seconds, Stopping threads took: 0.0003010 seconds
256.102: Application time: 0.0504750 seconds
256.103: [GC256.104: [ParNew: 52711K->6207K(55872K), 0.0022690 secs] 119433K->73536K(182144K), 0.0023150 secs] [Times: user=0.01 sys=0.00, real=0.00 secs] 
256.106: Total time for which application threads were stopped: 0.0042110 seconds, Stopping threads took: 0.0018200 seconds
256.153: Application time: 0.0469350 seconds
256.155: [GC256.155: [ParNew: 55871K->6206K(55872K), 0.0023110 secs] 123200K->74742K(182144K), 0.0023540 secs] [Times: user=0.02 sys=0.00, real=0.00 secs] 
256.158: Total time for which application threads were stopped: 0.0048240 seconds, Stopping threads took: 0.0023870 seconds
256.158: Application time: 0.0000840 seconds
256.160: [GC [1 CMS-initial-mark: 68535K(126272K)] 76104K(182144K), 0.0002110 secs] [Times: user=0.00 sys=0.00, real=0.00 secs] 
256.160: Total time for which application threads were stopped: 0.0020950 seconds, Stopping threads took: 0.0018600 seconds
256.160: [CMS-concurrent-mark-start]
256.164: [CMS-concurrent-mark: 0.005/0.005 secs] [Times: user=0.02 sys=0.00, real=0.01 secs] 
256.165: [CMS-concurrent-preclean-start]
256.165: [CMS-concurrent-preclean: 0.000/0.000 secs] [Times: user=0.00 sys=0.00, real=0.00 secs] 
256.165: [CMS-concurrent-abortable-preclean-start]
256.202: Application time: 0.0424080 seconds
256.205: [GC256.205: [ParNew: 55870K->6206K(55872K), 0.0022720 secs] 124406K->75826K(182144K), 0.0023210 secs] [Times: user=0.02 sys=0.00, real=0.00 secs] 
256.207: Total time for which application threads were stopped: 0.0052250 seconds, Stopping threads took: 0.0028360 seconds
256.254: Application time: 0.0463240 seconds
256.256: [GC256.256: [ParNew: 55870K->5026K(55872K), 0.0015720 secs] 125490K->74674K(182144K), 0.0016110 secs] [Times: user=0.01 sys=0.00, real=0.00 secs] 
256.258: Total time for which application threads were stopped: 0.0041660 seconds, Stopping threads took: 0.0024930 seconds
256.305: Application time: 0.0472630 seconds
256.307: [GC256.307: [ParNew: 54690K->5065K(55872K), 0.0017860 secs] 124338K->74742K(182144K), 0.0018270 secs] [Times: user=0.02 sys=0.00, real=0.00 secs] 
256.309: Total time for which application threads were stopped: 0.0040460 seconds, Stopping threads took: 0.0021350 seconds
256.356: Application time: 0.0469290 seconds
256.358: [GC256.358: [ParNew: 54729K->5835K(55872K), 0.0019610 secs] 124406K->75540K(182144K), 0.0020030 secs] [Times: user=0.01 sys=0.00, real=0.00 secs] 
256.360: Total time for which application threads were stopped: 0.0037160 seconds, Stopping threads took: 0.0016480 seconds
256.405: Application time: 0.0447970 seconds
256.407: [GC256.407: [ParNew: 55499K->5587K(55872K), 0.0019490 secs] 125204K->75378K(182144K), 0.0019940 secs] [Times: user=0.02 sys=0.00, real=0.00 secs] 
256.409: Total time for which application threads were stopped: 0.0043170 seconds, Stopping threads took: 0.0022590 seconds
256.456: Application time: 0.0465860 seconds
256.458: [GC256.458: [ParNew: 55251K->5531K(55872K), 0.0020030 secs] 125042K->75351K(182144K), 0.0020440 secs] [Times: user=0.01 sys=0.00, real=0.00 secs] 
256.460: Total time for which application threads were stopped: 0.0045430 seconds, Stopping threads took: 0.0024150 seconds
256.507: Application time: 0.0464390 seconds
256.508: [GC256.508: [ParNew: 55195K->6207K(55872K), 0.0023270 secs] 125015K->77104K(182144K), 0.0023720 secs] [Times: user=0.01 sys=0.00, real=0.00 secs] 
256.511: Total time for which application threads were stopped: 0.0042750 seconds, Stopping threads took: 0.0018370 seconds
256.555: Application time: 0.0443800 seconds
256.558: [GC256.558: [ParNew: 55871K->6206K(55872K), 0.0022920 secs] 126768K->78164K(182144K), 0.0023440 secs] [Times: user=0.02 sys=0.00, real=0.00 secs] 
256.560: Total time for which application threads were stopped: 0.0047240 seconds, Stopping threads took: 0.0023130 seconds
256.606: Application time: 0.0457980 seconds
256.609: [GC256.609: [ParNew: 55870K->6207K(55872K), 0.0022850 secs] 127828K->79173K(182144K), 0.0023290 secs] [Times: user=0.01 sys=0.00, real=0.00 secs] 
256.611: Total time for which application threads were stopped: 0.0051160 seconds, Stopping threads took: 0.0027230 seconds
256.656: Application time: 0.0449430 seconds
256.658: [GC256.658: [ParNew: 55871K->6206K(55872K), 0.0020720 secs] 128837K->79745K(182144K), 0.0021180 secs] [Times: user=0.01 sys=0.00, real=0.00 secs] 
256.660: Total time for which application threads were stopped: 0.0043100 seconds, Stopping threads took: 0.0021160 seconds
256.705: Application time: 0.0453250 seconds
256.708: [GC256.708: [ParNew: 55870K->6207K(55872K), 0.0019450 secs] 129409K->79829K(182144K), 0.0019890 secs] [Times: user=0.01 sys=0.00, real=0.00 secs] 
256.710: Total time for which application threads were stopped: 0.0041370 seconds, Stopping threads took: 0.0020830 seconds
256.754: Application time: 0.0442570 seconds
256.756: [GC256.756: [ParNew: 55871K->6207K(55872K), 0.0020720 secs] 129493K->80205K(182144K), 0.0021170 secs] [Times: user=0.02 sys=0.00, real=0.00 secs] 
256.758: Total time for which application threads were stopped: 0.0041130 seconds, Stopping threads took: 0.0019320 seconds
256.802: Application time: 0.0443720 seconds
256.804: [GC256.804: [ParNew: 55871K->6111K(55872K), 0.0019420 secs] 129868K->80108K(182144K), 0.0019850 secs] [Times: user=0.02 sys=0.00, real=0.00 secs] 
256.806: Total time for which application threads were stopped: 0.0036520 seconds, Stopping threads took: 0.0016050 seconds
256.850: Application time: 0.0437850 seconds
256.852: [GC256.852: [ParNew: 55775K->6206K(55872K), 0.0023190 secs] 129772K->81071K(182144K), 0.0023620 secs] [Times: user=0.01 sys=0.00, real=0.01 secs] 
256.854: Total time for which application threads were stopped: 0.0042880 seconds, Stopping threads took: 0.0018400 seconds
256.900: Application time: 0.0458860 seconds
256.903: [GC256.903: [ParNew: 55870K->6207K(55872K), 0.0025560 secs] 130735K->82865K(182144K), 0.0026000 secs] [Times: user=0.02 sys=0.00, real=0.00 secs] 
256.905: Total time for which application threads were stopped: 0.0054770 seconds, Stopping threads took: 0.0028130 seconds
256.952: Application time: 0.0464510 seconds
256.954: [GC256.954: [ParNew: 55871K->5743K(55872K), 0.0017510 secs] 132529K->82486K(182144K), 0.0017910 secs] [Times: user=0.02 sys=0.00, real=0.00 secs] 
256.956: Total time for which application threads were stopped: 0.0038690 seconds, Stopping threads took: 0.0020130 seconds
257.001: Application time: 0.0455280 seconds
257.004: [GC257.004: [ParNew: 55407K->6206K(55872K), 0.0020120 secs] 132150K->83468K(182144K), 0.0020530 secs] [Times: user=0.01 sys=0.00, real=0.00 secs] 
257.006: Total time for which application threads were stopped: 0.0044100 seconds, Stopping threads took: 0.0022930 seconds
257.050: Application time: 0.0446330 seconds
257.052: [GC257.052: [ParNew: 55870K->6207K(55872K), 0.0020450 secs] 133132K->83896K(182144K), 0.0020870 secs] [Times: user=0.02 sys=0.00, real=0.01 secs] 
257.054: Total time for which application threads were stopped: 0.0037660 seconds, Stopping threads took: 0.0016150 seconds
257.098: Application time: 0.0443430 seconds
257.099: [GC257.099: [ParNew: 55871K->6207K(55872K), 0.0020310 secs] 133560K->84357K(182144K), 0.0020720 secs] [Times: user=0.01 sys=0.00, real=0.01 secs] 
257.101: Total time for which application threads were stopped: 0.0030010 seconds, Stopping threads took: 0.0008670 seconds
257.147: Application time: 0.0457860 seconds
257.150: [GC257.150: [ParNew: 55871K->6207K(55872K), 0.0025740 secs] 134021K->85272K(182144K), 0.0026180 secs] [Times: user=0.02 sys=0.00, real=0.00 secs] 
257.153: Total time for which application threads were stopped: 0.0056560 seconds, Stopping threads took: 0.0029460 seconds
257.197: Application time: 0.0442120 seconds
257.199: [GC257.199: [ParNew: 55871K->6206K(55872K), 0.0022130 secs] 134936K->86277K(182144K), 0.0022600 secs] [Times: user=0.02 sys=0.01, real=0.00 secs] 
257.201: Total time for which application threads were stopped: 0.0040520 seconds, Stopping threads took: 0.0017230 seconds
257.247: Application time: 0.0462680 seconds
257.254: [GC257.254: [ParNew: 55870K->6206K(55872K), 0.0025170 secs] 135941K->87691K(182144K), 0.0025610 secs] [Times: user=0.01 sys=0.00, real=0.00 secs] 
257.256: Total time for which application threads were stopped: 0.0089450 seconds, Stopping threads took: 0.0063150 seconds
257.302: Application time: 0.0456820 seconds
257.304: [GC257.304: [ParNew: 55870K->5533K(55872K), 0.0017470 secs] 137355K->87047K(182144K), 0.0017900 secs] [Times: user=0.01 sys=0.00, real=0.00 secs] 
257.305: Total time for which application threads were stopped: 0.0033780 seconds, Stopping threads took: 0.0015240 seconds
257.350: Application time: 0.0450470 seconds
257.352: [GC257.352: [ParNew: 55197K->6010K(55872K), 0.0020420 secs] 136711K->87528K(182144K), 0.0020810 secs] [Times: user=0.01 sys=0.00, real=0.01 secs] 
257.354: Total time for which application threads were stopped: 0.0034030 seconds, Stopping threads took: 0.0012490 seconds
257.403: Application time: 0.0490430 seconds
257.403: [GC257.403: [ParNew: 55674K->4336K(55872K), 0.0015140 secs] 137192K->85907K(182144K), 0.0015540 secs] [Times: user=0.01 sys=0.00, real=0.00 secs] 
257.405: Total time for which application threads were stopped: 0.0019240 seconds, Stopping threads took: 0.0003080 seconds
257.451: Application time: 0.0462460 seconds
257.452: [GC257.452: [ParNew: 54000K->5381K(55872K), 0.0017290 secs] 135571K->87038K(182144K), 0.0017900 secs] [Times: user=0.01 sys=0.00, real=0.01 secs] 
257.454: Total time for which application threads were stopped: 0.0023810 seconds, Stopping threads took: 0.0005320 seconds
257.497: Application time: 0.0439540 seconds
257.500: [GC257.500: [ParNew: 55045K->6207K(55872K), 0.0023640 secs] 136702K->88967K(182144K), 0.0024060 secs] [Times: user=0.02 sys=0.00, real=0.01 secs] 
257.502: Total time for which application threads were stopped: 0.0046330 seconds, Stopping threads took: 0.0021620 seconds
257.548: Application time: 0.0460150 seconds
257.550: [GC257.550: [ParNew: 55871K->5486K(55872K), 0.0017430 secs] 138631K->88246K(182144K), 0.0017820 secs] [Times: user=0.02 sys=0.00, real=0.00 secs] 
257.552: Total time for which application threads were stopped: 0.0038420 seconds, Stopping threads took: 0.0019970 seconds
257.601: Application time: 0.0491500 seconds
257.602: [GC257.602: [ParNew: 55150K->4919K(55872K), 0.0016840 secs] 137910K->87679K(182144K), 0.0017240 secs] [Times: user=0.02 sys=0.00, real=0.00 secs] 
257.603: Total time for which application threads were stopped: 0.0021890 seconds, Stopping threads took: 0.0004020 seconds
257.649: Application time: 0.0454550 seconds
257.650: [GC257.650: [ParNew: 54583K->5920K(55872K), 0.0019300 secs] 137343K->88680K(182144K), 0.0019720 secs] [Times: user=0.01 sys=0.00, real=0.00 secs] 
257.652: Total time for which application threads were stopped: 0.0035660 seconds, Stopping threads took: 0.0015100 seconds
257.698: Application time: 0.0455240 seconds
257.699: [GC257.699: [ParNew: 55584K->5225K(55872K), 0.0018260 secs] 138344K->87985K(182144K), 0.0018710 secs] [Times: user=0.01 sys=0.00, real=0.00 secs] 
257.701: Total time for which application threads were stopped: 0.0031780 seconds, Stopping threads took: 0.0012410 seconds
257.747: Application time: 0.0461300 seconds
257.750: [GC257.750: [ParNew: 54889K->5315K(55872K), 0.0018010 secs] 137649K->88132K(182144K), 0.0018410 secs] [Times: user=0.01 sys=0.00, real=0.00 secs] 
257.752: Total time for which application threads were stopped: 0.0045290 seconds, Stopping threads took: 0.0026190 seconds
257.797: Application time: 0.0449190 seconds
257.798: [GC257.798: [ParNew: 54979K->6207K(55872K), 0.0020230 secs] 137796K->89261K(182144K), 0.0020730 secs] [Times: user=0.01 sys=0.00, real=0.00 secs] 
257.800: Total time for which application threads were stopped: 0.0038520 seconds, Stopping threads took: 0.0017130 seconds
257.843: Application time: 0.0426350 seconds
257.846: [GC257.846: [ParNew: 55871K->6206K(55872K), 0.0022800 secs] 138925K->90318K(182144K), 0.0023220 secs] [Times: user=0.02 sys=0.00, real=0.00 secs] 
257.848: Total time for which application threads were stopped: 0.0049750 seconds, Stopping threads took: 0.0025900 seconds
257.893: Application time: 0.0444510 seconds
257.894: [GC257.894: [ParNew: 55870K->6206K(55872K), 0.0022580 secs] 139982K->91205K(182144K), 0.0023000 secs] [Times: user=0.01 sys=0.00, real=0.00 secs] 
257.897: Total time for which application threads were stopped: 0.0040050 seconds, Stopping threads took: 0.0016420 seconds
257.941: Application time: 0.0449630 seconds
257.944: [GC257.944: [ParNew: 55870K->5769K(55872K), 0.0020240 secs] 140869K->90820K(182144K), 0.0020670 secs] [Times: user=0.01 sys=0.00, real=0.00 secs] 
257.946: Total time for which application threads were stopped: 0.0043700 seconds, Stopping threads took: 0.0022420 seconds
257.989: Application time: 0.0435620 seconds
257.991: [GC257.991: [ParNew: 55433K->6207K(55872K), 0.0024520 secs] 140484K->92801K(182144K), 0.0024940 secs] [Times: user=0.02 sys=0.00, real=0.01 secs] 
257.994: Total time for which application threads were stopped: 0.0044860 seconds, Stopping threads took: 0.0019270 seconds
258.039: Application time: 0.0453200 seconds
258.041: [GC258.041: [ParNew: 55871K->6206K(55872K), 0.0019530 secs] 142465K->92884K(182144K), 0.0019920 secs] [Times: user=0.01 sys=0.00, real=0.01 secs] 
258.043: Total time for which application threads were stopped: 0.0039410 seconds, Stopping threads took: 0.0018870 seconds
258.090: Application time: 0.0463870 seconds
258.092: [GC258.092: [ParNew: 55870K->6206K(55872K), 0.0022680 secs] 142548K->93362K(182144K), 0.0023030 secs] [Times: user=0.02 sys=0.00, real=0.01 secs] 
258.094: Total time for which application threads were stopped: 0.0042930 seconds, Stopping threads took: 0.0019230 seconds
258.139: Application time: 0.0450160 seconds
258.141: [GC258.141: [ParNew: 55870K->6207K(55872K), 0.0020590 secs] 143026K->93814K(182144K), 0.0021000 secs] [Times: user=0.01 sys=0.01, real=0.01 secs] 
258.143: Total time for which application threads were stopped: 0.0045450 seconds, Stopping threads took: 0.0023800 seconds
258.189: Application time: 0.0457090 seconds
258.192: [GC258.192: [ParNew: 55871K->6206K(55872K), 0.0020150 secs] 143478K->94191K(182144K), 0.0020550 secs] [Times: user=0.01 sys=0.00, real=0.01 secs] 
258.194: Total time for which application threads were stopped: 0.0048090 seconds, Stopping threads took: 0.0026910 seconds
258.239: Application time: 0.0445860 seconds
258.240: [GC258.241: [ParNew: 55870K->5653K(55872K), 0.0019940 secs] 143855K->93638K(182144K), 0.0020380 secs] [Times: user=0.02 sys=0.00, real=0.01 secs] 
258.243: Total time for which application threads were stopped: 0.0040080 seconds, Stopping threads took: 0.0019080 seconds
258.287: Application time: 0.0447940 seconds
258.289: [GC258.289: [ParNew: 55317K->5177K(55872K), 0.0018710 secs] 143302K->93219K(182144K), 0.0019100 secs] [Times: user=0.01 sys=0.00, real=0.00 secs] 
258.291: Total time for which application threads were stopped: 0.0039200 seconds, Stopping threads took: 0.0019410 seconds
258.335: Application time: 0.0439460 seconds
258.337: [GC258.337: [ParNew: 54841K->6206K(55872K), 0.0022440 secs] 142883K->95274K(182144K), 0.0022860 secs] [Times: user=0.02 sys=0.00, real=0.00 secs] 
258.339: Total time for which application threads were stopped: 0.0041180 seconds, Stopping threads took: 0.0017490 seconds
258.384: Application time: 0.0451140 seconds
258.386: [GC258.386: [ParNew: 55870K->6206K(55872K), 0.0023210 secs] 144938K->96112K(182144K), 0.0023620 secs] [Times: user=0.02 sys=0.00, real=0.00 secs] 
258.389: Total time for which application threads were stopped: 0.0041660 seconds, Stopping threads took: 0.0017190 seconds
258.435: Application time: 0.0459230 seconds
258.437: [GC258.437: [ParNew: 55870K->6206K(55872K), 0.0023060 secs] 145776K->97202K(182144K), 0.0023570 secs] [Times: user=0.02 sys=0.00, real=0.00 secs] 
258.440: Total time for which application threads were stopped: 0.0049880 seconds, Stopping threads took: 0.0025650 seconds
258.487: Application time: 0.0476390 seconds
258.489: [GC258.489: [ParNew: 55870K->5101K(55872K), 0.0016860 secs] 146866K->96154K(182144K), 0.0017220 secs] [Times: user=0.02 sys=0.00, real=0.00 secs] 
258.490: Total time for which application threads were stopped: 0.0031390 seconds, Stopping threads took: 0.0013570 seconds
258.535: Application time: 0.0445000 seconds
258.536: [GC258.536: [ParNew: 54765K->5534K(55872K), 0.0017510 secs] 145818K->96616K(182144K), 0.0017910 secs] [Times: user=0.01 sys=0.00, real=0.00 secs] 
258.538: Total time for which application threads were stopped: 0.0032160 seconds, Stopping threads took: 0.0013620 seconds
258.582: Application time: 0.0443270 seconds
258.584: [GC258.584: [ParNew: 55198K->5403K(55872K), 0.0017180 secs] 146280K->96485K(182144K), 0.0017560 secs] [Times: user=0.01 sys=0.00, real=0.00 secs] 
258.586: Total time for which application threads were stopped: 0.0032170 seconds, Stopping threads took: 0.0013990 seconds
258.633: Application time: 0.0477980 seconds
258.635: [GC258.635: [ParNew: 55067K->3505K(55872K), 0.0013170 secs] 146149K->94587K(182144K), 0.0013540 secs] [Times: user=0.01 sys=0.00, real=0.00 secs] 
258.637: Total time for which application threads were stopped: 0.0031610 seconds, Stopping threads took: 0.0017460 seconds
258.680: Application time: 0.0436230 seconds
258.682: [GC258.682: [ParNew: 53169K->5784K(55872K), 0.0018430 secs] 144251K->96866K(182144K), 0.0018850 secs] [Times: user=0.01 sys=0.00, real=0.00 secs] 
258.684: Total time for which application threads were stopped: 0.0034190 seconds, Stopping threads took: 0.0014710 seconds
258.728: Application time: 0.0440100 seconds
258.729: [GC258.729: [ParNew: 55448K->6207K(55872K), 0.0020580 secs] 146530K->97462K(182144K), 0.0021030 secs] [Times: user=0.01 sys=0.00, real=0.00 secs] 
258.731: Total time for which application threads were stopped: 0.0036350 seconds, Stopping threads took: 0.0014640 seconds
258.777: Application time: 0.0460000 seconds
258.780: [GC258.780: [ParNew: 55871K->6206K(55872K), 0.0023490 secs] 147126K->99041K(182144K), 0.0023930 secs] [Times: user=0.02 sys=0.00, real=0.01 secs] 
258.782: Total time for which application threads were stopped: 0.0050300 seconds, Stopping threads took: 0.0025750 seconds
258.826: Application time: 0.0433530 seconds
258.827: [GC258.827: [ParNew: 55870K->6207K(55872K), 0.0020800 secs] 148705K->99517K(182144K), 0.0021220 secs] [Times: user=0.01 sys=0.00, real=0.00 secs] 
258.829: Total time for which application threads were stopped: 0.0034070 seconds, Stopping threads took: 0.0012090 seconds
258.874: Application time: 0.0446910 seconds
258.875: [GC258.875: [ParNew: 55871K->6207K(55872K), 0.0021540 secs] 149181K->99998K(182144K), 0.0021970 secs] [Times: user=0.02 sys=0.00, real=0.00 secs] 
258.877: Total time for which application threads were stopped: 0.0034850 seconds, Stopping threads took: 0.0012240 seconds
258.921: Application time: 0.0438460 seconds
258.923: [GC258.923: [ParNew: 55871K->6207K(55872K), 0.0022950 secs] 149662K->101275K(182144K), 0.0023420 secs] [Times: user=0.02 sys=0.00, real=0.00 secs] 
258.926: Total time for which application threads were stopped: 0.0046670 seconds, Stopping threads took: 0.0022580 seconds
258.972: Application time: 0.0461420 seconds
258.974: [GC258.974: [ParNew: 55871K->6207K(55872K), 0.0019210 secs] 150939K->101464K(182144K), 0.0019600 secs] [Times: user=0.02 sys=0.00, real=0.00 secs] 
258.976: Total time for which application threads were stopped: 0.0042820 seconds, Stopping threads took: 0.0022600 seconds
259.021: Application time: 0.0451840 seconds
259.023: [GC259.023: [ParNew: 55871K->6058K(55872K), 0.0018640 secs] 151128K->101344K(182144K), 0.0019030 secs] [Times: user=0.01 sys=0.00, real=0.00 secs] 
259.025: Total time for which application threads were stopped: 0.0035060 seconds, Stopping threads took: 0.0015090 seconds
259.070: Application time: 0.0448550 seconds
259.070: [GC259.070: [ParNew: 55722K->6207K(55872K), 0.0019920 secs] 151008K->101765K(182144K), 0.0020330 secs] [Times: user=0.02 sys=0.00, real=0.00 secs] 
259.072: Total time for which application threads were stopped: 0.0027390 seconds, Stopping threads took: 0.0006410 seconds
259.117: Application time: 0.0441600 seconds
259.118: [GC259.118: [ParNew: 55871K->5814K(55872K), 0.0018240 secs] 151429K->101372K(182144K), 0.0018680 secs] [Times: user=0.02 sys=0.00, real=0.00 secs] 
259.120: Total time for which application threads were stopped: 0.0036450 seconds, Stopping threads took: 0.0017110 seconds
259.166: Application time: 0.0455970 seconds
259.169: [GC259.169: [ParNew: 55478K->6206K(55872K), 0.0020060 secs] 151036K->102066K(182144K), 0.0020460 secs] [Times: user=0.02 sys=0.00, real=0.00 secs] 
259.171: Total time for which application threads were stopped: 0.0047550 seconds, Stopping threads took: 0.0026460 seconds
259.216: Application time: 0.0449780 seconds
259.218: [GC259.218: [ParNew: 55870K->6206K(55872K), 0.0020850 secs] 151730K->102517K(182144K), 0.0021330 secs] [Times: user=0.02 sys=0.00, real=0.00 secs] 
259.220: Total time for which application threads were stopped: 0.0042840 seconds, Stopping threads took: 0.0020850 seconds
259.264: Application time: 0.0440630 seconds
259.266: [GC259.266: [ParNew: 55870K->6206K(55872K), 0.0018570 secs] 152181K->102540K(182144K), 0.0019030 secs] [Times: user=0.01 sys=0.00, real=0.00 secs] 
259.268: Total time for which application threads were stopped: 0.0038000 seconds, Stopping threads took: 0.0018090 seconds
259.312: Application time: 0.0442600 seconds
259.314: [GC259.314: [ParNew: 55870K->6206K(55872K), 0.0022550 secs] 152204K->102636K(182144K), 0.0022990 secs] [Times: user=0.02 sys=0.00, real=0.00 secs] 
259.316: Total time for which application threads were stopped: 0.0044720 seconds, Stopping threads took: 0.0021100 seconds
259.362: Application time: 0.0459920 seconds
259.364: [GC259.364: [ParNew: 55868K->6133K(55872K), 0.0018980 secs] 152298K->102592K(182144K), 0.0019460 secs] [Times: user=0.02 sys=0.00, real=0.00 secs] 
259.366: Total time for which application threads were stopped: 0.0038060 seconds, Stopping threads took: 0.0017860 seconds
259.411: Application time: 0.0447600 seconds
259.413: [GC259.413: [ParNew: 55797K->5572K(55872K), 0.0017990 secs] 152256K->102031K(182144K), 0.0018420 secs] [Times: user=0.02 sys=0.00, real=0.01 secs] 
259.415: Total time for which application threads were stopped: 0.0039980 seconds, Stopping threads took: 0.0020700 seconds
259.461: Application time: 0.0457180 seconds
259.463: [GC259.463: [ParNew: 55236K->6206K(55872K), 0.0022060 secs] 151695K->103569K(182144K), 0.0022480 secs] [Times: user=0.01 sys=0.00, real=0.00 secs] 
259.465: Total time for which application threads were stopped: 0.0041150 seconds, Stopping threads took: 0.0017800 seconds
259.509: Application time: 0.0437190 seconds
259.511: [GC259.511: [ParNew: 55870K->6206K(55872K), 0.0023450 secs] 153233K->104561K(182144K), 0.0023920 secs] [Times: user=0.02 sys=0.00, real=0.01 secs] 
259.514: Total time for which application threads were stopped: 0.0050220 seconds, Stopping threads took: 0.0025430 seconds
259.560: Application time: 0.0463500 seconds
259.563: [GC259.563: [ParNew: 55870K->6206K(55872K), 0.0021110 secs] 154225K->104960K(182144K), 0.0021560 secs] [Times: user=0.01 sys=0.00, real=0.00 secs] 
259.565: Total time for which application threads were stopped: 0.0050510 seconds, Stopping threads took: 0.0028290 seconds
259.609: Application time: 0.0443640 seconds
259.611: [GC259.611: [ParNew: 55870K->6206K(55872K), 0.0019380 secs] 154624K->105036K(182144K), 0.0019750 secs] [Times: user=0.01 sys=0.00, real=0.00 secs] 
259.613: Total time for which application threads were stopped: 0.0036720 seconds, Stopping threads took: 0.0016240 seconds
259.658: Application time: 0.0452460 seconds
259.661: [GC259.661: [ParNew: 55870K->5404K(55872K), 0.0018300 secs] 154700K->104234K(182144K), 0.0018830 secs] [Times: user=0.01 sys=0.00, real=0.01 secs] 
259.663: Total time for which application threads were stopped: 0.0046660 seconds, Stopping threads took: 0.0027170 seconds
259.710: Application time: 0.0473330 seconds
259.712: [GC259.712: [ParNew: 55068K->4023K(55872K), 0.0013240 secs] 153898K->102853K(182144K), 0.0013610 secs] [Times: user=0.01 sys=0.00, real=0.00 secs] 
259.713: Total time for which application threads were stopped: 0.0030410 seconds, Stopping threads took: 0.0016100 seconds
259.761: Application time: 0.0478990 seconds
259.763: [GC259.763: [ParNew: 53687K->5447K(55872K), 0.0017480 secs] 152517K->104277K(182144K), 0.0017930 secs] [Times: user=0.01 sys=0.00, real=0.00 secs] 
259.765: Total time for which application threads were stopped: 0.0037590 seconds, Stopping threads took: 0.0018990 seconds
259.812: Application time: 0.0470690 seconds
259.814: [GC259.814: [ParNew: 55111K->4920K(55872K), 0.0016160 secs] 153941K->103779K(182144K), 0.0016540 secs] [Times: user=0.01 sys=0.00, real=0.00 secs] 
259.816: Total time for which application threads were stopped: 0.0039890 seconds, Stopping threads took: 0.0022510 seconds
259.862: Application time: 0.0459560 seconds
259.865: [GC259.865: [ParNew: 54584K->4388K(55872K), 0.0015310 secs] 153443K->103275K(182144K), 0.0015660 secs] [Times: user=0.01 sys=0.00, real=0.00 secs] 
259.866: Total time for which application threads were stopped: 0.0040340 seconds, Stopping threads took: 0.0024010 seconds
259.912: Application time: 0.0456970 seconds
259.914: [GC259.914: [ParNew: 54051K->6207K(55872K), 0.0022050 secs] 152938K->106026K(182144K), 0.0022490 secs] [Times: user=0.02 sys=0.00, real=0.00 secs] 
259.916: Total time for which application threads were stopped: 0.0040640 seconds, Stopping threads took: 0.0017200 seconds
259.967: Application time: 0.0506590 seconds
259.970: [GC259.970: [ParNew: 55871K->3903K(55872K), 0.0012140 secs] 155690K->103751K(182144K), 0.0012520 secs] [Times: user=0.01 sys=0.00, real=0.00 secs] 
259.971: Total time for which application threads were stopped: 0.0044500 seconds, Stopping threads took: 0.0031370 seconds
260.018: Application time: 0.0468180 seconds
260.020: [GC260.020: [ParNew: 53567K->6207K(55872K), 0.0025200 secs] 153415K->107744K(182144K), 0.0025690 secs] [Times: user=0.02 sys=0.00, real=0.01 secs] 
260.023: Total time for which application threads were stopped: 0.0051310 seconds, Stopping threads took: 0.0024920 seconds
260.074: Application time: 0.0506530 seconds
260.077: [GC260.077: [ParNew: 55871K->5823K(55872K), 0.0018620 secs] 157408K->107388K(182144K), 0.0019040 secs] [Times: user=0.02 sys=0.00, real=0.00 secs] 
260.079: Total time for which application threads were stopped: 0.0050140 seconds, Stopping threads took: 0.0030420 seconds
260.128: Application time: 0.0496430 seconds
260.129: [GC260.129: [ParNew: 55487K->6207K(55872K), 0.0021660 secs] 157052K->108203K(182144K), 0.0022110 secs] [Times: user=0.01 sys=0.00, real=0.00 secs] 
260.131: Total time for which application threads were stopped: 0.0030400 seconds, Stopping threads took: 0.0007610 seconds
260.181: Application time: 0.0493340 seconds
260.181: [GC260.181: [ParNew: 55871K->4992K(55872K), 0.0015500 secs] 157867K->106987K(182144K), 0.0015910 secs] [Times: user=0.01 sys=0.00, real=0.01 secs] 
260.183: Total time for which application threads were stopped: 0.0020570 seconds, Stopping threads took: 0.0004000 seconds
260.230: Application time: 0.0469190 seconds
260.232: [GC260.232: [ParNew: 54656K->6206K(55872K), 0.0023080 secs] 156651K->108653K(182144K), 0.0023550 secs] [Times: user=0.02 sys=0.00, real=0.01 secs] 
260.234: Total time for which application threads were stopped: 0.0047340 seconds, Stopping threads took: 0.0023110 seconds
260.283: Application time: 0.0481760 seconds
260.285: [GC260.285: [ParNew: 55870K->6207K(55872K), 0.0037490 secs] 158317K->108996K(182144K), 0.0038010 secs] [Times: user=0.01 sys=0.00, real=0.00 secs] 
260.289: Total time for which application threads were stopped: 0.0066170 seconds, Stopping threads took: 0.0027470 seconds
260.337: Application time: 0.0479290 seconds
260.340: [GC260.340: [ParNew: 55871K->5650K(55872K), 0.0017710 secs] 158660K->108439K(182144K), 0.0018220 secs] [Times: user=0.01 sys=0.00, real=0.01 secs] 
260.342: Total time for which application threads were stopped: 0.0044920 seconds, Stopping threads took: 0.0025850 seconds
260.387: Application time: 0.0458030 seconds
260.389: [GC260.389: [ParNew: 55314K->6207K(55872K), 0.0023940 secs] 158103K->110305K(182144K), 0.0024390 secs] [Times: user=0.02 sys=0.00, real=0.00 secs] 
260.392: Total time for which application threads were stopped: 0.0044900 seconds, Stopping threads took: 0.0019780 seconds
260.440: Application time: 0.0484030 seconds
260.442: [GC260.442: [ParNew: 55871K->6207K(55872K), 0.0022230 secs] 159969K->110525K(182144K), 0.0022670 secs] [Times: user=0.02 sys=0.00, real=0.00 secs] 
260.445: Total time for which application threads were stopped: 0.0044940 seconds, Stopping threads took: 0.0021510 seconds
260.491: Application time: 0.0465340 seconds
260.494: [GC260.494: [ParNew: 55871K->6206K(55872K), 0.0022970 secs] 160189K->111539K(182144K), 0.0023420 secs] [Times: user=0.01 sys=0.00, real=0.00 secs] 
260.496: Total time for which application threads were stopped: 0.0048090 seconds, Stopping threads took: 0.0023770 seconds
260.543: Application time: 0.0470620 seconds
260.546: [GC260.546: [ParNew: 55870K->6207K(55872K), 0.0024060 secs] 161203K->113091K(182144K), 0.0024530 secs] [Times: user=0.01 sys=0.00, real=0.00 secs] 
260.549: Total time for which application threads were stopped: 0.0054430 seconds, Stopping threads took: 0.0029200 seconds
260.599: Application time: 0.0500460 seconds
260.602: [GC260.602: [ParNew: 55871K->6207K(55872K), 0.0021250 secs] 162755K->113617K(182144K), 0.0021710 secs] [Times: user=0.01 sys=0.00, real=0.00 secs] 
260.604: Total time for which application threads were stopped: 0.0052670 seconds, Stopping threads took: 0.0030310 seconds
260.651: Application time: 0.0471880 seconds
260.653: [GC260.653: [ParNew: 55870K->5781K(55872K), 0.0019160 secs] 163281K->113220K(182144K), 0.0019600 secs] [Times: user=0.01 sys=0.00, real=0.01 secs] 
260.655: Total time for which application threads were stopped: 0.0037780 seconds, Stopping threads took: 0.0017300 seconds
260.702: Application time: 0.0470690 seconds
260.704: [GC260.704: [ParNew: 55445K->6207K(55872K), 0.0023920 secs] 162884K->114603K(182144K), 0.0024350 secs] [Times: user=0.01 sys=0.00, real=0.00 secs] 
260.706: Total time for which application threads were stopped: 0.0043990 seconds, Stopping threads took: 0.0018980 seconds
260.753: Application time: 0.0470810 seconds
260.756: [GC260.756: [ParNew: 55871K->6207K(55872K), 0.0023110 secs] 164267K->115081K(182144K), 0.0023580 secs] [Times: user=0.02 sys=0.00, real=0.00 secs] 
260.758: Total time for which application threads were stopped: 0.0046040 seconds, Stopping threads took: 0.0021780 seconds
260.804: Application time: 0.0457860 seconds
260.806: [GC260.806: [ParNew: 55871K->6206K(55872K), 0.0024100 secs] 164745K->116465K(182144K), 0.0024550 secs] [Times: user=0.02 sys=0.00, real=0.00 secs] 
260.809: Total time for which application threads were stopped: 0.0046680 seconds, Stopping threads took: 0.0021470 seconds
260.856: Application time: 0.0479220 seconds
260.858: [GC260.858: [ParNew: 55870K->6207K(55872K), 0.0019490 secs] 166129K->116659K(182144K), 0.0019890 secs] [Times: user=0.02 sys=0.00, real=0.00 secs] 
260.860: Total time for which application threads were stopped: 0.0039580 seconds, Stopping threads took: 0.0019050 seconds
260.909: Application time: 0.0490530 seconds
260.912: [GC260.913: [ParNew: 55871K->5793K(55872K), 0.0018090 secs] 166323K->116301K(182144K), 0.0018530 secs] [Times: user=0.01 sys=0.00, real=0.01 secs] 
260.914: Total time for which application threads were stopped: 0.0049060 seconds, Stopping threads took: 0.0029840 seconds
260.964: Application time: 0.0492860 seconds
260.965: [GC260.965: [ParNew: 55457K->3836K(55872K), 0.0012610 secs] 165965K->114345K(182144K), 0.0012980 secs] [Times: user=0.01 sys=0.00, real=0.00 secs] 
260.966: Total time for which application threads were stopped: 0.0028180 seconds, Stopping threads took: 0.0014520 seconds
261.015: Application time: 0.0483540 seconds
261.016: [GC261.016: [ParNew: 53500K->4378K(55872K), 0.0015920 secs] 164009K->114915K(182144K), 0.0016330 secs] [Times: user=0.01 sys=0.00, real=0.00 secs] 
261.018: Total time for which application threads were stopped: 0.0031630 seconds, Stopping threads took: 0.0014650 seconds
261.067: Application time: 0.0493740 seconds
261.068: [GC261.068: [ParNew: 54042K->6206K(55872K), 0.0021980 secs] 164579K->116785K(182144K), 0.0022440 secs] [Times: user=0.01 sys=0.00, real=0.00 secs] 
261.071: Total time for which application threads were stopped: 0.0031170 seconds, Stopping threads took: 0.0008020 seconds
261.119: Application time: 0.0483430 seconds
261.121: [GC261.121: [ParNew: 55870K->6207K(55872K), 0.0024430 secs] 166449K->117819K(182144K), 0.0024890 secs] [Times: user=0.01 sys=0.00, real=0.01 secs] 
261.123: Total time for which application threads were stopped: 0.0043500 seconds, Stopping threads took: 0.0017920 seconds
261.170: Application time: 0.0472040 seconds
261.172: [GC261.172: [ParNew: 55871K->6207K(55872K), 0.0021920 secs] 167483K->117901K(182144K), 0.0022360 secs] [Times: user=0.02 sys=0.00, real=0.01 secs] 
261.175: Total time for which application threads were stopped: 0.0041380 seconds, Stopping threads took: 0.0018140 seconds
 CMS: abort preclean due to time 261.176: [CMS-concurrent-abortable-preclean: 0.252/5.012 secs] [Times: user=38.30 sys=0.11, real=5.01 secs] 
261.177: Application time: 0.0028800 seconds
261.180: [GC[YG occupancy: 11902 K (55872 K)]261.180: [Rescan (parallel) , 0.0003810 secs]261.180: [weak refs processing, 0.0000090 secs]261.180: [scrub string table, 0.0001170 secs] [1 CMS-remark: 111694K(126272K)] 123596K(182144K), 0.0005560 secs] [Times: user=0.01 sys=0.00, real=0.00 secs] 
261.181: Total time for which application threads were stopped: 0.0030830 seconds, Stopping threads took: 0.0024960 seconds
261.181: [CMS-concurrent-sweep-start]
261.188: [CMS-concurrent-sweep: 0.007/0.007 secs] [Times: user=0.04 sys=0.00, real=0.01 secs] 
261.188: [CMS-concurrent-reset-start]
261.188: [CMS-concurrent-reset: 0.000/0.000 secs] [Times: user=0.00 sys=0.00, real=0.00 secs] 
261.224: Application time: 0.0436720 seconds
261.226: [GC261.226: [ParNew: 55871K->5329K(55872K), 0.0018280 secs] 101765K->51252K(182144K), 0.0018710 secs] [Times: user=0.01 sys=0.00, real=0.00 secs] 
261.228: Total time for which application threads were stopped: 0.0039100 seconds, Stopping threads took: 0.0019500 seconds
261.277: Application time: 0.0487490 seconds
261.278: [GC261.278: [ParNew: 54993K->4555K(55872K), 0.0014690 secs] 100916K->50477K(182144K), 0.0015080 secs] [Times: user=0.01 sys=0.00, real=0.00 secs] 
261.280: Total time for which application threads were stopped: 0.0030890 seconds, Stopping threads took: 0.0015090 seconds
261.330: Application time: 0.0504970 seconds
261.332: [GC261.332: [ParNew: 54219K->5681K(55872K), 0.0018070 secs] 100141K->51603K(182144K), 0.0018510 secs] [Times: user=0.02 sys=0.00, real=0.01 secs] 
261.334: Total time for which application threads were stopped: 0.0035870 seconds, Stopping threads took: 0.0016710 seconds
261.383: Application time: 0.0491900 seconds
261.385: [GC261.385: [ParNew: 55345K->5968K(55872K), 0.0018840 secs] 101267K->51891K(182144K), 0.0019240 secs] [Times: user=0.02 sys=0.00, real=0.00 secs] 
261.387: Total time for which application threads were stopped: 0.0037010 seconds, Stopping threads took: 0.0017140 seconds
261.439: Application time: 0.0521270 seconds
261.441: [GC261.441: [ParNew: 55632K->5876K(55872K), 0.0019460 secs] 101555K->51798K(182144K), 0.0019870 secs] [Times: user=0.01 sys=0.00, real=0.01 secs] 
261.443: Total time for which application threads were stopped: 0.0037960 seconds, Stopping threads took: 0.0017440 seconds
261.490: Application time: 0.0476190 seconds
261.493: [GC261.493: [ParNew: 55540K->6207K(55872K), 0.0022060 secs] 101462K->52892K(182144K), 0.0022580 secs] [Times: user=0.01 sys=0.00, real=0.01 secs] 
261.496: Total time for which application threads were stopped: 0.0051050 seconds, Stopping threads took: 0.0027690 seconds
261.545: Application time: 0.0497190 seconds
261.548: [GC261.548: [ParNew: 55871K->6206K(55872K), 0.0023380 secs] 102556K->53651K(182144K), 0.0023840 secs] [Times: user=0.01 sys=0.00, real=0.00 secs] 
261.550: Total time for which application threads were stopped: 0.0051920 seconds, Stopping threads took: 0.0027320 seconds
261.600: Application time: 0.0492560 seconds
261.602: [GC261.602: [ParNew: 55870K->5361K(55872K), 0.0017860 secs] 103315K->52835K(182144K), 0.0018280 secs] [Times: user=0.01 sys=0.00, real=0.00 secs] 
261.604: Total time for which application threads were stopped: 0.0040680 seconds, Stopping threads took: 0.0021780 seconds
261.656: Application time: 0.0523760 seconds
261.658: [GC261.658: [ParNew: 55025K->4813K(55872K), 0.0017280 secs] 102499K->52315K(182144K), 0.0017700 secs] [Times: user=0.01 sys=0.00, real=0.00 secs] 
261.660: Total time for which application threads were stopped: 0.0036180 seconds, Stopping threads took: 0.0017610 seconds
261.709: Application time: 0.0493150 seconds
261.711: [GC261.711: [ParNew: 54477K->5602K(55872K), 0.0017850 secs] 101979K->53161K(182144K), 0.0018240 secs] [Times: user=0.01 sys=0.00, real=0.00 secs] 
261.713: Total time for which application threads were stopped: 0.0035740 seconds, Stopping threads took: 0.0016840 seconds
261.762: Application time: 0.0488500 seconds
261.764: [GC261.764: [ParNew: 55266K->5757K(55872K), 0.0019070 secs] 102825K->53346K(182144K), 0.0019510 secs] [Times: user=0.01 sys=0.00, real=0.00 secs] 
261.766: Total time for which application threads were stopped: 0.0046580 seconds, Stopping threads took: 0.0026400 seconds
261.816: Application time: 0.0493790 seconds
261.816: [GC261.816: [ParNew: 55421K->5629K(55872K), 0.0018360 secs] 103010K->53217K(182144K), 0.0018750 secs] [Times: user=0.01 sys=0.00, real=0.00 secs] 
261.818: Total time for which application threads were stopped: 0.0024060 seconds, Stopping threads took: 0.0004660 seconds
261.867: Application time: 0.0492040 seconds
261.870: [GC261.870: [ParNew: 55293K->6207K(55872K), 0.0020200 secs] 102881K->54177K(182144K), 0.0020600 secs] [Times: user=0.01 sys=0.00, real=0.00 secs] 
261.872: Total time for which application threads were stopped: 0.0045900 seconds, Stopping threads took: 0.0024450 seconds
261.919: Application time: 0.0476650 seconds
261.921: [GC261.921: [ParNew: 55871K->6206K(55872K), 0.0021130 secs] 103841K->54521K(182144K), 0.0021590 secs] [Times: user=0.01 sys=0.00, real=0.01 secs] 
261.923: Total time for which application threads were stopped: 0.0038710 seconds, Stopping threads took: 0.0016440 seconds
261.970: Application time: 0.0470490 seconds
261.972: [GC261.972: [ParNew: 55870K->5585K(55872K), 0.0018040 secs] 104185K->53899K(182144K), 0.0018440 secs] [Times: user=0.01 sys=0.00, real=0.01 secs] 
261.974: Total time for which application threads were stopped: 0.0034950 seconds, Stopping threads took: 0.0015850 seconds
262.024: Application time: 0.0496390 seconds
262.026: [GC262.026: [ParNew: 55249K->4841K(55872K), 0.0016780 secs] 103563K->53184K(182144K), 0.0017160 secs] [Times: user=0.01 sys=0.00, real=0.00 secs] 
262.028: Total time for which application threads were stopped: 0.0041900 seconds, Stopping threads took: 0.0023810 seconds
262.077: Application time: 0.0489770 seconds
262.078: [GC262.078: [ParNew: 54505K->4497K(55872K), 0.0015570 secs] 102848K->52898K(182144K), 0.0015900 secs] [Times: user=0.02 sys=0.00, real=0.00 secs] 
262.079: Total time for which application threads were stopped: 0.0025400 seconds, Stopping threads took: 0.0008930 seconds
262.131: Application time: 0.0518030 seconds
262.133: [GC262.133: [ParNew: 54161K->5642K(55872K), 0.0018200 secs] 102562K->54042K(182144K), 0.0018600 secs] [Times: user=0.01 sys=0.00, real=0.01 secs] 
262.135: Total time for which application threads were stopped: 0.0037520 seconds, Stopping threads took: 0.0018240 seconds
262.182: Application time: 0.0476720 seconds
262.185: [GC262.185: [ParNew: 55306K->6206K(55872K), 0.0023050 secs] 103706K->55877K(182144K), 0.0023610 secs] [Times: user=0.02 sys=0.00, real=0.00 secs] 
262.188: Total time for which application threads were stopped: 0.0050280 seconds, Stopping threads took: 0.0025980 seconds
262.236: Application time: 0.0481820 seconds
262.238: [GC262.238: [ParNew: 55870K->5814K(55872K), 0.0018940 secs] 105541K->55542K(182144K), 0.0019350 secs] [Times: user=0.01 sys=0.00, real=0.00 secs] 
262.240: Total time for which application threads were stopped: 0.0044090 seconds, Stopping threads took: 0.0024050 seconds
262.289: Application time: 0.0490120 seconds
262.294: [GC262.294: [ParNew: 55478K->5847K(55872K), 0.0020910 secs] 105206K->55603K(182144K), 0.0021320 secs] [Times: user=0.01 sys=0.00, real=0.00 secs] 
262.296: Total time for which application threads were stopped: 0.0066960 seconds, Stopping threads took: 0.0044770 seconds
262.347: Application time: 0.0511000 seconds
262.349: [GC262.349: [ParNew: 55511K->4521K(55872K), 0.0015520 secs] 105267K->54306K(182144K), 0.0015910 secs] [Times: user=0.01 sys=0.00, real=0.00 secs] 
262.350: Total time for which application threads were stopped: 0.0032610 seconds, Stopping threads took: 0.0015880 seconds
262.403: Application time: 0.0526220 seconds
262.404: [GC262.405: [ParNew: 54185K->5482K(55872K), 0.0017160 secs] 103970K->55267K(182144K), 0.0017590 secs] [Times: user=0.01 sys=0.00, real=0.00 secs] 
262.406: Total time for which application threads were stopped: 0.0034500 seconds, Stopping threads took: 0.0016240 seconds
262.455: Application time: 0.0482820 seconds
262.457: [GC262.457: [ParNew: 55146K->5715K(55872K), 0.0017210 secs] 104931K->55500K(182144K), 0.0017630 secs] [Times: user=0.01 sys=0.00, real=0.00 secs] 
262.459: Total time for which application threads were stopped: 0.0045580 seconds, Stopping threads took: 0.0027300 seconds
262.507: Application time: 0.0481470 seconds
262.510: [GC262.510: [ParNew: 55379K->6206K(55872K), 0.0020980 secs] 105164K->56552K(182144K), 0.0021400 secs] [Times: user=0.01 sys=0.00, real=0.00 secs] 
262.512: Total time for which application threads were stopped: 0.0047280 seconds, Stopping threads took: 0.0025210 seconds
262.562: Application time: 0.0500800 seconds
262.563: [GC262.563: [ParNew: 55870K->5142K(55872K), 0.0016160 secs] 106216K->55488K(182144K), 0.0016570 secs] [Times: user=0.01 sys=0.00, real=0.00 secs] 
262.565: Total time for which application threads were stopped: 0.0025610 seconds, Stopping threads took: 0.0008300 seconds
262.615: Application time: 0.0504020 seconds
262.616: [GC262.616: [ParNew: 54806K->4634K(55872K), 0.0015550 secs] 105152K->55037K(182144K), 0.0015960 secs] [Times: user=0.01 sys=0.00, real=0.00 secs] 
262.618: Total time for which application threads were stopped: 0.0030270 seconds, Stopping threads took: 0.0013670 seconds
262.666: Application time: 0.0482200 seconds
262.668: [GC262.668: [ParNew: 54298K->5797K(55872K), 0.0020290 secs] 104701K->56229K(182144K), 0.0020740 secs] [Times: user=0.01 sys=0.00, real=0.00 secs] 
262.670: Total time for which application threads were stopped: 0.0033410 seconds, Stopping threads took: 0.0011790 seconds
262.722: Application time: 0.0522000 seconds
262.724: [GC262.724: [ParNew: 55461K->5218K(55872K), 0.0018450 secs] 105893K->55678K(182144K), 0.0018860 secs] [Times: user=0.01 sys=0.00, real=0.00 secs] 
262.726: Total time for which application threads were stopped: 0.0043650 seconds, Stopping threads took: 0.0024160 seconds
262.773: Application time: 0.0472460 seconds
262.775: [GC262.775: [ParNew: 54882K->6207K(55872K), 0.0024730 secs] 105342K->58149K(182144K), 0.0025160 secs] [Times: user=0.01 sys=0.00, real=0.00 secs] 
262.778: Total time for which application threads were stopped: 0.0041220 seconds, Stopping threads took: 0.0015180 seconds
262.778: Application time: 0.0001480 seconds
262.782: [GC [1 CMS-initial-mark: 51941K(126272K)] 59020K(182144K), 0.0002210 secs] [Times: user=0.00 sys=0.00, real=0.00 secs] 
262.782: Total time for which application threads were stopped: 0.0040250 seconds, Stopping threads took: 0.0037730 seconds
262.782: [CMS-concurrent-mark-start]
262.786: [CMS-concurrent-mark: 0.004/0.004 secs] [Times: user=0.02 sys=0.00, real=0.00 secs] 
262.786: [CMS-concurrent-preclean-start]
262.786: [CMS-concurrent-preclean: 0.000/0.000 secs] [Times: user=0.00 sys=0.00, real=0.00 secs] 
262.786: [CMS-concurrent-abortable-preclean-start]
262.829: Application time: 0.0476870 seconds
262.832: [GC262.832: [ParNew: 55871K->6207K(55872K), 0.0024760 secs] 107813K->59318K(182144K), 0.0025230 secs] [Times: user=0.02 sys=0.00, real=0.01 secs] 
262.835: Total time for which application threads were stopped: 0.0053230 seconds, Stopping threads took: 0.0027300 seconds
262.881: Application time: 0.0464140 seconds
262.883: [GC262.883: [ParNew: 55871K->6207K(55872K), 0.0023310 secs] 108982K->60432K(182144K), 0.0023740 secs] [Times: user=0.02 sys=0.00, real=0.00 secs] 
262.885: Total time for which application threads were stopped: 0.0040050 seconds, Stopping threads took: 0.0015620 seconds
262.932: Application time: 0.0471620 seconds
262.936: [GC262.936: [ParNew: 55871K->6207K(55872K), 0.0022260 secs] 110096K->61528K(182144K), 0.0022730 secs] [Times: user=0.01 sys=0.00, real=0.00 secs] 
262.938: Total time for which application threads were stopped: 0.0054640 seconds, Stopping threads took: 0.0031240 seconds
262.986: Application time: 0.0481540 seconds
262.989: [GC262.989: [ParNew: 55871K->5934K(55872K), 0.0018550 secs] 111192K->61255K(182144K), 0.0019000 secs] [Times: user=0.02 sys=0.00, real=0.00 secs] 
262.991: Total time for which application threads were stopped: 0.0050060 seconds, Stopping threads took: 0.0030390 seconds
263.042: Application time: 0.0505760 seconds
263.044: [GC263.044: [ParNew: 55598K->5486K(55872K), 0.0016790 secs] 110919K->60807K(182144K), 0.0017190 secs] [Times: user=0.01 sys=0.00, real=0.00 secs] 
263.046: Total time for which application threads were stopped: 0.0039540 seconds, Stopping threads took: 0.0021700 seconds
263.094: Application time: 0.0489460 seconds
263.095: [GC263.095: [ParNew: 55150K->6182K(55872K), 0.0021380 secs] 110471K->61503K(182144K), 0.0021840 secs] [Times: user=0.02 sys=0.00, real=0.00 secs] 
263.098: Total time for which application threads were stopped: 0.0032050 seconds, Stopping threads took: 0.0009440 seconds
263.145: Application time: 0.0475400 seconds
263.147: [GC263.147: [ParNew: 55846K->6145K(55872K), 0.0018790 secs] 111167K->61495K(182144K), 0.0019220 secs] [Times: user=0.02 sys=0.00, real=0.00 secs] 
263.149: Total time for which application threads were stopped: 0.0041060 seconds, Stopping threads took: 0.0020950 seconds
263.197: Application time: 0.0479290 seconds
263.199: [GC263.199: [ParNew: 55809K->6122K(55872K), 0.0020200 secs] 111159K->61528K(182144K), 0.0020690 secs] [Times: user=0.01 sys=0.00, real=0.00 secs] 
263.201: Total time for which application threads were stopped: 0.0040120 seconds, Stopping threads took: 0.0018640 seconds
263.249: Application time: 0.0478370 seconds
263.251: [GC263.251: [ParNew: 55786K->6196K(55872K), 0.0019340 secs] 111192K->61602K(182144K), 0.0019730 secs] [Times: user=0.01 sys=0.00, real=0.00 secs] 
263.253: Total time for which application threads were stopped: 0.0038930 seconds, Stopping threads took: 0.0018560 seconds
263.301: Application time: 0.0479870 seconds
263.303: [GC263.303: [ParNew: 55860K->5320K(55872K), 0.0016580 secs] 111266K->60754K(182144K), 0.0016990 secs] [Times: user=0.01 sys=0.00, real=0.00 secs] 
263.304: Total time for which application threads were stopped: 0.0033190 seconds, Stopping threads took: 0.0015550 seconds
263.353: Application time: 0.0487030 seconds
263.356: [GC263.356: [ParNew: 54984K->6206K(55872K), 0.0023820 secs] 110418K->62510K(182144K), 0.0024290 secs] [Times: user=0.01 sys=0.00, real=0.00 secs] 
263.359: Total time for which application threads were stopped: 0.0057870 seconds, Stopping threads took: 0.0032930 seconds
263.406: Application time: 0.0470160 seconds
263.407: [GC263.407: [ParNew: 55870K->6207K(55872K), 0.0021100 secs] 112174K->62945K(182144K), 0.0021660 secs] [Times: user=0.01 sys=0.00, real=0.00 secs] 
263.409: Total time for which application threads were stopped: 0.0035680 seconds, Stopping threads took: 0.0013370 seconds
263.458: Application time: 0.0485280 seconds
263.461: [GC263.461: [ParNew: 55871K->5641K(55872K), 0.0017140 secs] 112609K->62379K(182144K), 0.0017550 secs] [Times: user=0.01 sys=0.00, real=0.01 secs] 
263.462: Total time for which application threads were stopped: 0.0044380 seconds, Stopping threads took: 0.0026190 seconds
263.511: Application time: 0.0482110 seconds
263.512: [GC263.512: [ParNew: 55305K->5799K(55872K), 0.0017870 secs] 112043K->62537K(182144K), 0.0018250 secs] [Times: user=0.01 sys=0.00, real=0.01 secs] 
263.514: Total time for which application threads were stopped: 0.0036260 seconds, Stopping threads took: 0.0017390 seconds
263.563: Application time: 0.0485970 seconds
263.565: [GC263.565: [ParNew: 55463K->5887K(55872K), 0.0019700 secs] 112201K->62626K(182144K), 0.0020070 secs] [Times: user=0.02 sys=0.00, real=0.00 secs] 
263.567: Total time for which application threads were stopped: 0.0038620 seconds, Stopping threads took: 0.0017710 seconds
263.614: Application time: 0.0473510 seconds
263.616: [GC263.616: [ParNew: 55551K->5901K(55872K), 0.0019530 secs] 112290K->62639K(182144K), 0.0019970 secs] [Times: user=0.02 sys=0.00, real=0.00 secs] 
263.618: Total time for which application threads were stopped: 0.0038740 seconds, Stopping threads took: 0.0018050 seconds
263.664: Application time: 0.0464450 seconds
263.667: [GC263.667: [ParNew: 55565K->6207K(55872K), 0.0024910 secs] 112303K->64621K(182144K), 0.0025390 secs] [Times: user=0.02 sys=0.00, real=0.00 secs] 
263.670: Total time for which application threads were stopped: 0.0056110 seconds, Stopping threads took: 0.0030040 seconds
263.718: Application time: 0.0479180 seconds
263.720: [GC263.720: [ParNew: 55871K->5080K(55872K), 0.0016340 secs] 114285K->63522K(182144K), 0.0016720 secs] [Times: user=0.01 sys=0.00, real=0.00 secs] 
263.721: Total time for which application threads were stopped: 0.0034900 seconds, Stopping threads took: 0.0017490 seconds
263.770: Application time: 0.0486010 seconds
263.772: [GC263.772: [ParNew: 54744K->6207K(55872K), 0.0023190 secs] 113186K->65870K(182144K), 0.0023650 secs] [Times: user=0.02 sys=0.00, real=0.01 secs] 
263.774: Total time for which application threads were stopped: 0.0042160 seconds, Stopping threads took: 0.0017830 seconds
263.821: Application time: 0.0472590 seconds
263.823: [GC263.823: [ParNew: 55871K->6207K(55872K), 0.0023170 secs] 115534K->67158K(182144K), 0.0023600 secs] [Times: user=0.01 sys=0.00, real=0.00 secs] 
263.825: Total time for which application threads were stopped: 0.0038730 seconds, Stopping threads took: 0.0014460 seconds
263.873: Application time: 0.0478160 seconds
263.875: [GC263.875: [ParNew: 55871K->6206K(55872K), 0.0020180 secs] 116822K->67393K(182144K), 0.0020600 secs] [Times: user=0.01 sys=0.00, real=0.00 secs] 
263.877: Total time for which application threads were stopped: 0.0038210 seconds, Stopping threads took: 0.0016960 seconds
263.923: Application time: 0.0463850 seconds
263.926: [GC263.926: [ParNew: 55870K->6207K(55872K), 0.0024010 secs] 117057K->68614K(182144K), 0.0024440 secs] [Times: user=0.02 sys=0.00, real=0.00 secs] 
263.928: Total time for which application threads were stopped: 0.0048550 seconds, Stopping threads took: 0.0023460 seconds
263.975: Application time: 0.0469220 seconds
263.977: [GC263.977: [ParNew: 55871K->5446K(55872K), 0.0016260 secs] 118278K->67882K(182144K), 0.0016690 secs] [Times: user=0.01 sys=0.00, real=0.00 secs] 
263.979: Total time for which application threads were stopped: 0.0035270 seconds, Stopping threads took: 0.0017910 seconds
264.023: Application time: 0.0441520 seconds
264.025: [GC264.025: [ParNew: 55110K->5711K(55872K), 0.0019690 secs] 117546K->68147K(182144K), 0.0020120 secs] [Times: user=0.01 sys=0.00, real=0.00 secs] 
264.027: Total time for which application threads were stopped: 0.0043240 seconds, Stopping threads took: 0.0022480 seconds
264.070: Application time: 0.0433440 seconds
264.073: [GC264.073: [ParNew: 55375K->6194K(55872K), 0.0018840 secs] 117811K->68629K(182144K), 0.0019310 secs] [Times: user=0.01 sys=0.00, real=0.01 secs] 
264.074: Total time for which application threads were stopped: 0.0039490 seconds, Stopping threads took: 0.0019570 seconds
264.118: Application time: 0.0431680 seconds
264.120: [GC264.120: [ParNew: 55858K->6207K(55872K), 0.0022190 secs] 118293K->69157K(182144K), 0.0022660 secs] [Times: user=0.01 sys=0.00, real=0.01 secs] 
264.122: Total time for which application threads were stopped: 0.0048210 seconds, Stopping threads took: 0.0024600 seconds
264.167: Application time: 0.0446780 seconds
264.170: [GC264.170: [ParNew: 55871K->6207K(55872K), 0.0020180 secs] 118821K->69562K(182144K), 0.0020610 secs] [Times: user=0.01 sys=0.00, real=0.00 secs] 
264.172: Total time for which application threads were stopped: 0.0048240 seconds, Stopping threads took: 0.0026990 seconds
264.216: Application time: 0.0437980 seconds
264.218: [GC264.218: [ParNew: 55871K->6206K(55872K), 0.0023340 secs] 119226K->70610K(182144K), 0.0023770 secs] [Times: user=0.01 sys=0.00, real=0.00 secs] 
264.220: Total time for which application threads were stopped: 0.0046730 seconds, Stopping threads took: 0.0022100 seconds
264.267: Application time: 0.0463120 seconds
264.269: [GC264.269: [ParNew: 55870K->6207K(55872K), 0.0022670 secs] 120274K->71284K(182144K), 0.0023120 secs] [Times: user=0.01 sys=0.00, real=0.00 secs] 
264.271: Total time for which application threads were stopped: 0.0045740 seconds, Stopping threads took: 0.0021770 seconds
264.316: Application time: 0.0445460 seconds
264.319: [GC264.319: [ParNew: 55871K->6207K(55872K), 0.0019250 secs] 120948K->71534K(182144K), 0.0019640 secs] [Times: user=0.02 sys=0.00, real=0.00 secs] 
264.321: Total time for which application threads were stopped: 0.0046720 seconds, Stopping threads took: 0.0026450 seconds
264.367: Application time: 0.0464260 seconds
264.368: [GC264.368: [ParNew: 55871K->5387K(55872K), 0.0017550 secs] 121198K->70743K(182144K), 0.0017970 secs] [Times: user=0.01 sys=0.00, real=0.00 secs] 
264.370: Total time for which application threads were stopped: 0.0028170 seconds, Stopping threads took: 0.0009580 seconds
264.415: Application time: 0.0451990 seconds
264.416: [GC264.416: [ParNew: 55051K->6207K(55872K), 0.0022760 secs] 120407K->72731K(182144K), 0.0023280 secs] [Times: user=0.01 sys=0.00, real=0.00 secs] 
264.418: Total time for which application threads were stopped: 0.0034940 seconds, Stopping threads took: 0.0010800 seconds
264.464: Application time: 0.0452210 seconds
264.466: [GC264.466: [ParNew: 55871K->6207K(55872K), 0.0019720 secs] 122395K->72923K(182144K), 0.0020130 secs] [Times: user=0.01 sys=0.00, real=0.00 secs] 
264.468: Total time for which application threads were stopped: 0.0040950 seconds, Stopping threads took: 0.0020200 seconds
264.513: Application time: 0.0455120 seconds
264.516: [GC264.516: [ParNew: 55871K->6207K(55872K), 0.0022770 secs] 122587K->74053K(182144K), 0.0023200 secs] [Times: user=0.02 sys=0.00, real=0.00 secs] 
264.518: Total time for which application threads were stopped: 0.0047670 seconds, Stopping threads took: 0.0023670 seconds
264.564: Application time: 0.0457650 seconds
264.566: [GC264.566: [ParNew: 55871K->5974K(55872K), 0.0018820 secs] 123717K->73819K(182144K), 0.0019270 secs] [Times: user=0.01 sys=0.00, real=0.00 secs] 
264.568: Total time for which application threads were stopped: 0.0041270 seconds, Stopping threads took: 0.0021350 seconds
264.613: Application time: 0.0451950 seconds
264.615: [GC264.615: [ParNew: 55638K->6206K(55872K), 0.0021520 secs] 123483K->74765K(182144K), 0.0021940 secs] [Times: user=0.02 sys=0.00, real=0.00 secs] 
264.617: Total time for which application threads were stopped: 0.0035800 seconds, Stopping threads took: 0.0013230 seconds
264.661: Application time: 0.0438480 seconds
264.663: [GC264.663: [ParNew: 55870K->6207K(55872K), 0.0019520 secs] 124429K->74970K(182144K), 0.0019960 secs] [Times: user=0.01 sys=0.00, real=0.00 secs] 
264.665: Total time for which application threads were stopped: 0.0039690 seconds, Stopping threads took: 0.0018790 seconds
264.708: Application time: 0.0431940 seconds
264.709: [GC264.709: [ParNew: 55871K->6086K(55872K), 0.0103310 secs] 124634K->74849K(182144K), 0.0103760 secs] [Times: user=0.07 sys=0.00, real=0.01 secs] 
264.720: Total time for which application threads were stopped: 0.0120890 seconds, Stopping threads took: 0.0016510 seconds
264.765: Application time: 0.0454740 seconds
264.767: [GC264.767: [ParNew: 55750K->6206K(55872K), 0.0022360 secs] 124513K->75787K(182144K), 0.0022820 secs] [Times: user=0.02 sys=0.00, real=0.00 secs] 
264.769: Total time for which application threads were stopped: 0.0038730 seconds, Stopping threads took: 0.0015260 seconds
264.815: Application time: 0.0455600 seconds
264.816: [GC264.816: [ParNew: 55870K->6206K(55872K), 0.0021720 secs] 125451K->76009K(182144K), 0.0022130 secs] [Times: user=0.01 sys=0.00, real=0.00 secs] 
264.818: Total time for which application threads were stopped: 0.0033630 seconds, Stopping threads took: 0.0010860 seconds
264.865: Application time: 0.0465710 seconds
264.868: [GC264.868: [ParNew: 55870K->5887K(55872K), 0.0020710 secs] 125673K->75719K(182144K), 0.0021150 secs] [Times: user=0.02 sys=0.00, real=0.00 secs] 
264.870: Total time for which application threads were stopped: 0.0052640 seconds, Stopping threads took: 0.0030620 seconds
264.915: Application time: 0.0453920 seconds
264.916: [GC264.916: [ParNew: 55551K->5837K(55872K), 0.0020190 secs] 125383K->75698K(182144K), 0.0020610 secs] [Times: user=0.02 sys=0.00, real=0.00 secs] 
264.918: Total time for which application threads were stopped: 0.0029860 seconds, Stopping threads took: 0.0008620 seconds
264.966: Application time: 0.0474330 seconds
264.967: [GC264.967: [ParNew: 55501K->4922K(55872K), 0.0017710 secs] 125362K->74840K(182144K), 0.0018040 secs] [Times: user=0.01 sys=0.00, real=0.00 secs] 
264.969: Total time for which application threads were stopped: 0.0034980 seconds, Stopping threads took: 0.0016360 seconds
265.014: Application time: 0.0446140 seconds
265.015: [GC265.015: [ParNew: 54586K->5927K(55872K), 0.0019020 secs] 124504K->75873K(182144K), 0.0019400 secs] [Times: user=0.01 sys=0.00, real=0.00 secs] 
265.017: Total time for which application threads were stopped: 0.0030060 seconds, Stopping threads took: 0.0010040 seconds
265.064: Application time: 0.0470560 seconds
265.067: [GC265.067: [ParNew: 55591K->4680K(55872K), 0.0015650 secs] 125537K->74625K(182144K), 0.0016000 secs] [Times: user=0.01 sys=0.00, real=0.00 secs] 
265.068: Total time for which application threads were stopped: 0.0045100 seconds, Stopping threads took: 0.0028520 seconds
265.114: Application time: 0.0457590 seconds
265.116: [GC265.116: [ParNew: 54344K->6206K(55872K), 0.0022750 secs] 124289K->76967K(182144K), 0.0023180 secs] [Times: user=0.02 sys=0.00, real=0.00 secs] 
265.118: Total time for which application threads were stopped: 0.0041340 seconds, Stopping threads took: 0.0017310 seconds
265.165: Application time: 0.0470050 seconds
265.167: [GC265.167: [ParNew: 55870K->4613K(55872K), 0.0015850 secs] 126631K->75374K(182144K), 0.0016220 secs] [Times: user=0.01 sys=0.00, real=0.00 secs] 
265.169: Total time for which application threads were stopped: 0.0036590 seconds, Stopping threads took: 0.0019420 seconds
265.217: Application time: 0.0478590 seconds
265.220: [GC265.220: [ParNew: 54277K->6153K(55872K), 0.0019910 secs] 125038K->76914K(182144K), 0.0020290 secs] [Times: user=0.02 sys=0.00, real=0.01 secs] 
265.222: Total time for which application threads were stopped: 0.0046950 seconds, Stopping threads took: 0.0025820 seconds
265.271: Application time: 0.0489840 seconds
265.273: [GC265.273: [ParNew: 55817K->4301K(55872K), 0.0014280 secs] 126578K->75090K(182144K), 0.0014650 secs] [Times: user=0.01 sys=0.00, real=0.01 secs] 
265.275: Total time for which application threads were stopped: 0.0040360 seconds, Stopping threads took: 0.0025090 seconds
265.319: Application time: 0.0441860 seconds
265.322: [GC265.322: [ParNew: 53965K->6206K(55872K), 0.0022720 secs] 124754K->77915K(182144K), 0.0023240 secs] [Times: user=0.02 sys=0.00, real=0.00 secs] 
265.324: Total time for which application threads were stopped: 0.0055550 seconds, Stopping threads took: 0.0031460 seconds
265.370: Application time: 0.0454810 seconds
265.372: [GC265.372: [ParNew: 55870K->6192K(55872K), 0.0018780 secs] 127579K->77929K(182144K), 0.0019230 secs] [Times: user=0.01 sys=0.00, real=0.01 secs] 
265.374: Total time for which application threads were stopped: 0.0039260 seconds, Stopping threads took: 0.0019370 seconds
265.420: Application time: 0.0461410 seconds
265.422: [GC265.422: [ParNew: 55856K->5128K(55872K), 0.0017060 secs] 127593K->76865K(182144K), 0.0017420 secs] [Times: user=0.01 sys=0.00, real=0.00 secs] 
265.423: Total time for which application threads were stopped: 0.0033260 seconds, Stopping threads took: 0.0015230 seconds
265.468: Application time: 0.0447020 seconds
265.469: [GC265.469: [ParNew: 54792K->5270K(55872K), 0.0017920 secs] 126529K->77064K(182144K), 0.0018330 secs] [Times: user=0.02 sys=0.00, real=0.00 secs] 
265.471: Total time for which application threads were stopped: 0.0027430 seconds, Stopping threads took: 0.0008470 seconds
265.517: Application time: 0.0465130 seconds
265.520: [GC265.520: [ParNew: 54934K->6206K(55872K), 0.0019100 secs] 126728K->78041K(182144K), 0.0019540 secs] [Times: user=0.01 sys=0.00, real=0.01 secs] 
265.522: Total time for which application threads were stopped: 0.0048490 seconds, Stopping threads took: 0.0028320 seconds
265.568: Application time: 0.0457510 seconds
265.570: [GC265.570: [ParNew: 55870K->6207K(55872K), 0.0022540 secs] 127705K->79059K(182144K), 0.0023000 secs] [Times: user=0.02 sys=0.00, real=0.00 secs] 
265.572: Total time for which application threads were stopped: 0.0044430 seconds, Stopping threads took: 0.0020770 seconds
265.618: Application time: 0.0458420 seconds
265.619: [GC265.619: [ParNew: 55871K->6207K(55872K), 0.0022610 secs] 128723K->79984K(182144K), 0.0023020 secs] [Times: user=0.02 sys=0.00, real=0.00 secs] 
265.621: Total time for which application threads were stopped: 0.0029380 seconds, Stopping threads took: 0.0005710 seconds
265.667: Application time: 0.0463760 seconds
265.669: [GC265.669: [ParNew: 55871K->6040K(55872K), 0.0018840 secs] 129648K->79817K(182144K), 0.0019250 secs] [Times: user=0.02 sys=0.00, real=0.00 secs] 
265.671: Total time for which application threads were stopped: 0.0035570 seconds, Stopping threads took: 0.0015610 seconds
265.714: Application time: 0.0434910 seconds
265.716: [GC265.716: [ParNew: 55704K->6206K(55872K), 0.0022180 secs] 129481K->80831K(182144K), 0.0022590 secs] [Times: user=0.02 sys=0.00, real=0.00 secs] 
265.719: Total time for which application threads were stopped: 0.0041400 seconds, Stopping threads took: 0.0017940 seconds
265.762: Application time: 0.0434990 seconds
265.765: [GC265.765: [ParNew: 55870K->6207K(55872K), 0.0023820 secs] 130495K->82428K(182144K), 0.0024250 secs] [Times: user=0.01 sys=0.00, real=0.00 secs] 
265.767: Total time for which application threads were stopped: 0.0053400 seconds, Stopping threads took: 0.0028520 seconds
265.814: Application time: 0.0469460 seconds
265.816: [GC265.816: [ParNew: 55871K->6207K(55872K), 0.0020550 secs] 132092K->82865K(182144K), 0.0020990 secs] [Times: user=0.01 sys=0.00, real=0.00 secs] 
265.818: Total time for which application threads were stopped: 0.0036910 seconds, Stopping threads took: 0.0015280 seconds
265.862: Application time: 0.0440400 seconds
265.863: [GC265.863: [ParNew: 55871K->5835K(55872K), 0.0019530 secs] 132529K->82522K(182144K), 0.0019940 secs] [Times: user=0.02 sys=0.00, real=0.00 secs] 
265.865: Total time for which application threads were stopped: 0.0032050 seconds, Stopping threads took: 0.0011180 seconds
265.910: Application time: 0.0449190 seconds
265.913: [GC265.913: [ParNew: 55499K->6207K(55872K), 0.0023270 secs] 132186K->83933K(182144K), 0.0023730 secs] [Times: user=0.01 sys=0.00, real=0.01 secs] 
265.916: Total time for which application threads were stopped: 0.0052920 seconds, Stopping threads took: 0.0028260 seconds
265.960: Application time: 0.0441660 seconds
265.961: [GC265.961: [ParNew: 55871K->6206K(55872K), 0.0020050 secs] 133597K->84036K(182144K), 0.0020490 secs] [Times: user=0.01 sys=0.00, real=0.01 secs] 
265.963: Total time for which application threads were stopped: 0.0028840 seconds, Stopping threads took: 0.0007710 seconds
266.007: Application time: 0.0443690 seconds
266.008: [GC266.008: [ParNew: 55870K->6207K(55872K), 0.0022700 secs] 133700K->84997K(182144K), 0.0023170 secs] [Times: user=0.02 sys=0.00, real=0.00 secs] 
266.011: Total time for which application threads were stopped: 0.0036880 seconds, Stopping threads took: 0.0012820 seconds
266.056: Application time: 0.0448540 seconds
266.057: [GC266.057: [ParNew: 55871K->6207K(55872K), 0.0022190 secs] 134661K->85735K(182144K), 0.0022620 secs] [Times: user=0.01 sys=0.00, real=0.00 secs] 
266.060: Total time for which application threads were stopped: 0.0040230 seconds, Stopping threads took: 0.0016960 seconds
266.104: Application time: 0.0445080 seconds
266.107: [GC266.107: [ParNew: 55871K->6206K(55872K), 0.0023630 secs] 135399K->87084K(182144K), 0.0024080 secs] [Times: user=0.02 sys=0.00, real=0.00 secs] 
266.109: Total time for which application threads were stopped: 0.0048820 seconds, Stopping threads took: 0.0024070 seconds
266.154: Application time: 0.0453870 seconds
266.156: [GC266.156: [ParNew: 55870K->6207K(55872K), 0.0019610 secs] 136748K->87329K(182144K), 0.0020010 secs] [Times: user=0.02 sys=0.00, real=0.00 secs] 
266.158: Total time for which application threads were stopped: 0.0040820 seconds, Stopping threads took: 0.0019960 seconds
266.205: Application time: 0.0460640 seconds
266.207: [GC266.207: [ParNew: 55871K->6206K(55872K), 0.0023670 secs] 136993K->88466K(182144K), 0.0024070 secs] [Times: user=0.02 sys=0.00, real=0.00 secs] 
266.209: Total time for which application threads were stopped: 0.0047000 seconds, Stopping threads took: 0.0022100 seconds
266.254: Application time: 0.0451900 seconds
266.256: [GC266.256: [ParNew: 55870K->6206K(55872K), 0.0018510 secs] 138130K->88485K(182144K), 0.0018970 secs] [Times: user=0.01 sys=0.00, real=0.00 secs] 
266.258: Total time for which application threads were stopped: 0.0037600 seconds, Stopping threads took: 0.0017960 seconds
266.305: Application time: 0.0463800 seconds
266.305: [GC266.305: [ParNew: 55870K->6206K(55872K), 0.0023040 secs] 138149K->89367K(182144K), 0.0023490 secs] [Times: user=0.02 sys=0.00, real=0.00 secs] 
266.308: Total time for which application threads were stopped: 0.0032410 seconds, Stopping threads took: 0.0008240 seconds
266.352: Application time: 0.0444390 seconds
266.353: [GC266.353: [ParNew: 55870K->5445K(55872K), 0.0017970 secs] 139031K->88663K(182144K), 0.0018370 secs] [Times: user=0.01 sys=0.00, real=0.01 secs] 
266.355: Total time for which application threads were stopped: 0.0027820 seconds, Stopping threads took: 0.0008830 seconds
266.400: Application time: 0.0451820 seconds
266.401: [GC266.401: [ParNew: 55109K->4946K(55872K), 0.0018960 secs] 138327K->88192K(182144K), 0.0019360 secs] [Times: user=0.02 sys=0.00, real=0.01 secs] 
266.403: Total time for which application threads were stopped: 0.0028840 seconds, Stopping threads took: 0.0008850 seconds
266.449: Application time: 0.0454470 seconds
266.451: [GC266.451: [ParNew: 54610K->6207K(55872K), 0.0020620 secs] 137856K->89615K(182144K), 0.0021000 secs] [Times: user=0.02 sys=0.00, real=0.00 secs] 
266.453: Total time for which application threads were stopped: 0.0046680 seconds, Stopping threads took: 0.0025050 seconds
266.498: Application time: 0.0444140 seconds
266.499: [GC266.499: [ParNew: 55871K->6207K(55872K), 0.0021570 secs] 139279K->90213K(182144K), 0.0021960 secs] [Times: user=0.01 sys=0.00, real=0.00 secs] 
266.501: Total time for which application threads were stopped: 0.0037460 seconds, Stopping threads took: 0.0014790 seconds
266.546: Application time: 0.0442670 seconds
266.548: [GC266.548: [ParNew: 55871K->5816K(55872K), 0.0017660 secs] 139877K->89851K(182144K), 0.0018200 secs] [Times: user=0.01 sys=0.00, real=0.00 secs] 
266.550: Total time for which application threads were stopped: 0.0039770 seconds, Stopping threads took: 0.0020900 seconds
266.595: Application time: 0.0451150 seconds
266.597: [GC266.597: [ParNew: 55480K->5945K(55872K), 0.0019080 secs] 139515K->90008K(182144K), 0.0019480 secs] [Times: user=0.02 sys=0.00, real=0.00 secs] 
266.599: Total time for which application threads were stopped: 0.0037670 seconds, Stopping threads took: 0.0017560 seconds
266.640: Application time: 0.0417270 seconds
266.643: [GC266.643: [ParNew: 55609K->6207K(55872K), 0.0021470 secs] 139672K->91107K(182144K), 0.0021920 secs] [Times: user=0.02 sys=0.00, real=0.00 secs] 
266.645: Total time for which application threads were stopped: 0.0046530 seconds, Stopping threads took: 0.0023730 seconds
266.688: Application time: 0.0430620 seconds
266.690: [GC266.690: [ParNew: 55871K->6207K(55872K), 0.0021200 secs] 140771K->91924K(182144K), 0.0021650 secs] [Times: user=0.01 sys=0.00, real=0.00 secs] 
266.692: Total time for which application threads were stopped: 0.0042630 seconds, Stopping threads took: 0.0020320 seconds
266.738: Application time: 0.0462410 seconds
266.741: [GC266.741: [ParNew: 55871K->6097K(55872K), 0.0017920 secs] 141588K->91813K(182144K), 0.0018320 secs] [Times: user=0.02 sys=0.00, real=0.01 secs] 
266.742: Total time for which application threads were stopped: 0.0040030 seconds, Stopping threads took: 0.0021020 seconds
266.789: Application time: 0.0464670 seconds
266.790: [GC266.790: [ParNew: 55761K->4689K(55872K), 0.0015280 secs] 141477K->90434K(182144K), 0.0015670 secs] [Times: user=0.01 sys=0.00, real=0.00 secs] 
266.792: Total time for which application threads were stopped: 0.0027190 seconds, Stopping threads took: 0.0010870 seconds
266.837: Application time: 0.0456130 seconds
266.838: [GC266.838: [ParNew: 54353K->6207K(55872K), 0.0023430 secs] 140098K->93070K(182144K), 0.0023840 secs] [Times: user=0.01 sys=0.00, real=0.00 secs] 
266.841: Total time for which application threads were stopped: 0.0035320 seconds, Stopping threads took: 0.0010850 seconds
266.886: Application time: 0.0453990 seconds
266.888: [GC266.888: [ParNew: 55871K->6207K(55872K), 0.0019720 secs] 142734K->93182K(182144K), 0.0020110 secs] [Times: user=0.01 sys=0.00, real=0.00 secs] 
266.890: Total time for which application threads were stopped: 0.0034060 seconds, Stopping threads took: 0.0013330 seconds
266.933: Application time: 0.0429240 seconds
266.935: [GC266.935: [ParNew: 55871K->6206K(55872K), 0.0021920 secs] 142846K->93670K(182144K), 0.0022360 secs] [Times: user=0.01 sys=0.00, real=0.00 secs] 
266.937: Total time for which application threads were stopped: 0.0046370 seconds, Stopping threads took: 0.0023350 seconds
266.982: Application time: 0.0447850 seconds
266.985: [GC266.985: [ParNew: 55870K->6206K(55872K), 0.0019830 secs] 143334K->93746K(182144K), 0.0020290 secs] [Times: user=0.01 sys=0.00, real=0.00 secs] 
266.987: Total time for which application threads were stopped: 0.0051360 seconds, Stopping threads took: 0.0030410 seconds
267.035: Application time: 0.0478970 seconds
267.037: [GC267.037: [ParNew: 55870K->3724K(55872K), 0.0012940 secs] 143410K->91263K(182144K), 0.0013300 secs] [Times: user=0.00 sys=0.00, real=0.00 secs] 
267.039: Total time for which application threads were stopped: 0.0037950 seconds, Stopping threads took: 0.0024040 seconds
267.083: Application time: 0.0445740 seconds
267.085: [GC267.085: [ParNew: 53388K->5541K(55872K), 0.0018120 secs] 140927K->93138K(182144K), 0.0018490 secs] [Times: user=0.01 sys=0.00, real=0.00 secs] 
267.087: Total time for which application threads were stopped: 0.0032180 seconds, Stopping threads took: 0.0013100 seconds
267.134: Application time: 0.0471630 seconds
267.134: [GC267.134: [ParNew: 55205K->4546K(55872K), 0.0015310 secs] 142802K->92142K(182144K), 0.0015680 secs] [Times: user=0.01 sys=0.00, real=0.00 secs] 
267.136: Total time for which application threads were stopped: 0.0020840 seconds, Stopping threads took: 0.0004560 seconds
267.180: Application time: 0.0437980 seconds
267.181: [GC267.181: [ParNew: 54210K->6206K(55872K), 0.0021470 secs] 141806K->94470K(182144K), 0.0021970 secs] [Times: user=0.02 sys=0.00, real=0.01 secs] 
267.184: Total time for which application threads were stopped: 0.0038840 seconds, Stopping threads took: 0.0016210 seconds
267.229: Application time: 0.0455750 seconds
267.231: [GC267.231: [ParNew: 55870K->5377K(55872K), 0.0016890 secs] 144134K->93642K(182144K), 0.0017270 secs] [Times: user=0.01 sys=0.00, real=0.00 secs] 
267.233: Total time for which application threads were stopped: 0.0038300 seconds, Stopping threads took: 0.0020420 seconds
267.278: Application time: 0.0446560 seconds
267.279: [GC267.279: [ParNew: 55041K->6207K(55872K), 0.0020690 secs] 143306K->94953K(182144K), 0.0021150 secs] [Times: user=0.01 sys=0.00, real=0.01 secs] 
267.282: Total time for which application threads were stopped: 0.0039430 seconds, Stopping threads took: 0.0017580 seconds
267.327: Application time: 0.0452580 seconds
267.329: [GC267.329: [ParNew: 55871K->6207K(55872K), 0.0021810 secs] 144617K->95821K(182144K), 0.0022260 secs] [Times: user=0.02 sys=0.00, real=0.00 secs] 
267.331: Total time for which application threads were stopped: 0.0043240 seconds, Stopping threads took: 0.0020300 seconds
267.375: Application time: 0.0434020 seconds
267.376: [GC267.376: [ParNew: 55871K->6207K(55872K), 0.0021290 secs] 145485K->96576K(182144K), 0.0021700 secs] [Times: user=0.01 sys=0.00, real=0.00 secs] 
267.378: Total time for which application threads were stopped: 0.0035890 seconds, Stopping threads took: 0.0013560 seconds
267.424: Application time: 0.0462530 seconds
267.426: [GC267.427: [ParNew: 55871K->4832K(55872K), 0.0015610 secs] 146240K->95230K(182144K), 0.0015980 secs] [Times: user=0.01 sys=0.00, real=0.00 secs] 
267.428: Total time for which application threads were stopped: 0.0037200 seconds, Stopping threads took: 0.0020630 seconds
267.473: Application time: 0.0446680 seconds
267.474: [GC267.474: [ParNew: 54496K->6207K(55872K), 0.0020050 secs] 144894K->96667K(182144K), 0.0020460 secs] [Times: user=0.01 sys=0.00, real=0.00 secs] 
267.476: Total time for which application threads were stopped: 0.0035220 seconds, Stopping threads took: 0.0014120 seconds
267.521: Application time: 0.0442820 seconds
267.523: [GC267.523: [ParNew: 55871K->6207K(55872K), 0.0023830 secs] 146331K->97917K(182144K), 0.0024280 secs] [Times: user=0.02 sys=0.00, real=0.00 secs] 
267.525: Total time for which application threads were stopped: 0.0045610 seconds, Stopping threads took: 0.0020660 seconds
267.570: Application time: 0.0450920 seconds
267.573: [GC267.573: [ParNew: 55871K->6207K(55872K), 0.0021730 secs] 147581K->98635K(182144K), 0.0022190 secs] [Times: user=0.01 sys=0.00, real=0.01 secs] 
267.575: Total time for which application threads were stopped: 0.0051400 seconds, Stopping threads took: 0.0028530 seconds
267.619: Application time: 0.0440770 seconds
267.622: [GC267.622: [ParNew: 55871K->6207K(55872K), 0.0023120 secs] 148299K->99791K(182144K), 0.0023580 secs] [Times: user=0.02 sys=0.00, real=0.00 secs] 
267.624: Total time for which application threads were stopped: 0.0045900 seconds, Stopping threads took: 0.0021660 seconds
267.669: Application time: 0.0451490 seconds
267.671: [GC267.671: [ParNew: 55871K->6206K(55872K), 0.0019130 secs] 149455K->99894K(182144K), 0.0019530 secs] [Times: user=0.01 sys=0.00, real=0.00 secs] 
267.673: Total time for which application threads were stopped: 0.0039140 seconds, Stopping threads took: 0.0018960 seconds
267.719: Application time: 0.0459140 seconds
267.720: [GC267.720: [ParNew: 55870K->4626K(55872K), 0.0017060 secs] 149558K->98314K(182144K), 0.0017440 secs] [Times: user=0.01 sys=0.00, real=0.01 secs] 
267.722: Total time for which application threads were stopped: 0.0027730 seconds, Stopping threads took: 0.0009590 seconds
267.768: Application time: 0.0463430 seconds
267.770: [GC267.770: [ParNew: 54290K->5964K(55872K), 0.0019220 secs] 147978K->99651K(182144K), 0.0019730 secs] [Times: user=0.01 sys=0.00, real=0.00 secs] 
267.772: Total time for which application threads were stopped: 0.0034960 seconds, Stopping threads took: 0.0014510 seconds
267.816: Application time: 0.0447910 seconds
267.819: [GC267.819: [ParNew: 55628K->5721K(55872K), 0.0017520 secs] 149315K->99437K(182144K), 0.0017910 secs] [Times: user=0.01 sys=0.00, real=0.00 secs] 
267.821: Total time for which application threads were stopped: 0.0041580 seconds, Stopping threads took: 0.0022760 seconds
 CMS: abort preclean due to time 267.822: [CMS-concurrent-abortable-preclean: 0.260/5.036 secs] [Times: user=38.66 sys=0.11, real=5.04 secs] 
267.822: Application time: 0.0017620 seconds
267.825: [GC[YG occupancy: 10814 K (55872 K)]267.825: [Rescan (parallel) , 0.0003200 secs]267.826: [weak refs processing, 0.0000070 secs]267.826: [scrub string table, 0.0001030 secs] [1 CMS-remark: 93716K(126272K)] 104531K(182144K), 0.0004610 secs] [Times: user=0.00 sys=0.00, real=0.00 secs] 
267.826: Total time for which application threads were stopped: 0.0034440 seconds, Stopping threads took: 0.0029290 seconds
267.826: [CMS-concurrent-sweep-start]
267.833: [CMS-concurrent-sweep: 0.007/0.007 secs] [Times: user=0.03 sys=0.00, real=0.00 secs] 
267.833: [CMS-concurrent-reset-start]
267.833: [CMS-concurrent-reset: 0.000/0.000 secs] [Times: user=0.00 sys=0.00, real=0.00 secs] 
267.868: Application time: 0.0423650 seconds
267.871: [GC267.871: [ParNew: 55385K->6206K(55872K), 0.0020420 secs] 100121K->51391K(182144K), 0.0020890 secs] [Times: user=0.01 sys=0.00, real=0.00 secs] 
267.873: Total time for which application threads were stopped: 0.0051060 seconds, Stopping threads took: 0.0029510 seconds
267.919: Application time: 0.0453350 seconds
267.920: [GC267.920: [ParNew: 55870K->6207K(55872K), 0.0021060 secs] 101055K->51479K(182144K), 0.0021550 secs] [Times: user=0.01 sys=0.00, real=0.01 secs] 
267.922: Total time for which application threads were stopped: 0.0036990 seconds, Stopping threads took: 0.0014760 seconds
267.972: Application time: 0.0492650 seconds
267.973: [GC267.973: [ParNew: 55871K->6019K(55872K), 0.0018920 secs] 101143K->51320K(182144K), 0.0019360 secs] [Times: user=0.01 sys=0.00, real=0.01 secs] 
267.975: Total time for which application threads were stopped: 0.0035170 seconds, Stopping threads took: 0.0015120 seconds
268.024: Application time: 0.0492050 seconds
268.027: [GC268.027: [ParNew: 55683K->6206K(55872K), 0.0021200 secs] 100984K->52122K(182144K), 0.0021670 secs] [Times: user=0.02 sys=0.00, real=0.00 secs] 
268.029: Total time for which application threads were stopped: 0.0046890 seconds, Stopping threads took: 0.0024330 seconds
268.078: Application time: 0.0490160 seconds
268.080: [GC268.080: [ParNew: 55870K->5801K(55872K), 0.0018020 secs] 101786K->51717K(182144K), 0.0018440 secs] [Times: user=0.01 sys=0.00, real=0.01 secs] 
268.081: Total time for which application threads were stopped: 0.0034160 seconds, Stopping threads took: 0.0015070 seconds
268.135: Application time: 0.0531960 seconds
268.136: [GC268.136: [ParNew: 55465K->3341K(55872K), 0.0014990 secs] 101381K->49314K(182144K), 0.0015340 secs] [Times: user=0.01 sys=0.00, real=0.00 secs] 
268.138: Total time for which application threads were stopped: 0.0032460 seconds, Stopping threads took: 0.0016440 seconds
268.187: Application time: 0.0488050 seconds
268.189: [GC268.189: [ParNew: 53005K->4869K(55872K), 0.0015360 secs] 98978K->50842K(182144K), 0.0015730 secs] [Times: user=0.01 sys=0.00, real=0.00 secs] 
268.191: Total time for which application threads were stopped: 0.0040250 seconds, Stopping threads took: 0.0023920 seconds
268.240: Application time: 0.0488820 seconds
268.241: [GC268.241: [ParNew: 54533K->4932K(55872K), 0.0016910 secs] 100506K->50905K(182144K), 0.0017300 secs] [Times: user=0.01 sys=0.00, real=0.01 secs] 
268.243: Total time for which application threads were stopped: 0.0032210 seconds, Stopping threads took: 0.0014270 seconds
268.294: Application time: 0.0509250 seconds
268.296: [GC268.296: [ParNew: 54596K->4973K(55872K), 0.0016470 secs] 100569K->50946K(182144K), 0.0016920 secs] [Times: user=0.02 sys=0.00, real=0.00 secs] 
268.297: Total time for which application threads were stopped: 0.0035610 seconds, Stopping threads took: 0.0018040 seconds
268.347: Application time: 0.0500030 seconds
268.349: [GC268.349: [ParNew: 54637K->6206K(55872K), 0.0021640 secs] 100610K->52476K(182144K), 0.0022050 secs] [Times: user=0.02 sys=0.00, real=0.00 secs] 
268.351: Total time for which application threads were stopped: 0.0039780 seconds, Stopping threads took: 0.0017010 seconds
268.399: Application time: 0.0477050 seconds
268.402: [GC268.402: [ParNew: 55870K->6207K(55872K), 0.0021340 secs] 102140K->53160K(182144K), 0.0021790 secs] [Times: user=0.01 sys=0.00, real=0.00 secs] 
268.404: Total time for which application threads were stopped: 0.0049910 seconds, Stopping threads took: 0.0027360 seconds
268.454: Application time: 0.0501410 seconds
268.457: [GC268.457: [ParNew: 55871K->6206K(55872K), 0.0022400 secs] 102824K->53737K(182144K), 0.0022850 secs] [Times: user=0.02 sys=0.00, real=0.00 secs] 
268.459: Total time for which application threads were stopped: 0.0051650 seconds, Stopping threads took: 0.0027910 seconds
268.507: Application time: 0.0481780 seconds
268.509: [GC268.509: [ParNew: 55870K->6206K(55872K), 0.0021120 secs] 103401K->54093K(182144K), 0.0021550 secs] [Times: user=0.02 sys=0.00, real=0.00 secs] 
268.511: Total time for which application threads were stopped: 0.0037920 seconds, Stopping threads took: 0.0015710 seconds
268.561: Application time: 0.0494590 seconds
268.563: [GC268.563: [ParNew: 55870K->6207K(55872K), 0.0023610 secs] 103757K->55279K(182144K), 0.0024060 secs] [Times: user=0.02 sys=0.00, real=0.00 secs] 
268.565: Total time for which application threads were stopped: 0.0042130 seconds, Stopping threads took: 0.0017380 seconds
268.565: Application time: 0.0000690 seconds
268.568: [GC [1 CMS-initial-mark: 49071K(126272K)] 56267K(182144K), 0.0002350 secs] [Times: user=0.00 sys=0.00, real=0.00 secs] 
268.568: Total time for which application threads were stopped: 0.0028340 seconds, Stopping threads took: 0.0025790 seconds
268.568: [CMS-concurrent-mark-start]
268.573: [CMS-concurrent-mark: 0.005/0.005 secs] [Times: user=0.02 sys=0.00, real=0.00 secs] 
268.573: [CMS-concurrent-preclean-start]
268.573: [CMS-concurrent-preclean: 0.000/0.000 secs] [Times: user=0.00 sys=0.00, real=0.00 secs] 
268.573: [CMS-concurrent-abortable-preclean-start]
268.615: Application time: 0.0468490 seconds
268.617: [GC268.617: [ParNew: 55871K->5709K(55872K), 0.0018150 secs] 104943K->54781K(182144K), 0.0018590 secs] [Times: user=0.01 sys=0.00, real=0.00 secs] 
268.619: Total time for which application threads were stopped: 0.0037730 seconds, Stopping threads took: 0.0018530 seconds
268.666: Application time: 0.0475280 seconds
268.669: [GC268.669: [ParNew: 55373K->6206K(55872K), 0.0022430 secs] 104445K->56171K(182144K), 0.0022900 secs] [Times: user=0.02 sys=0.00, real=0.00 secs] 
268.671: Total time for which application threads were stopped: 0.0054630 seconds, Stopping threads took: 0.0030870 seconds
268.719: Application time: 0.0474470 seconds
268.721: [GC268.721: [ParNew: 55870K->5500K(55872K), 0.0017630 secs] 105835K->55493K(182144K), 0.0018070 secs] [Times: user=0.02 sys=0.00, real=0.01 secs] 
268.723: Total time for which application threads were stopped: 0.0037500 seconds, Stopping threads took: 0.0018760 seconds
268.771: Application time: 0.0482610 seconds
268.773: [GC268.773: [ParNew: 55164K->6207K(55872K), 0.0019860 secs] 105157K->56557K(182144K), 0.0020370 secs] [Times: user=0.01 sys=0.00, real=0.01 secs] 
268.775: Total time for which application threads were stopped: 0.0043810 seconds, Stopping threads took: 0.0022750 seconds
268.824: Application time: 0.0483160 seconds
268.824: [GC268.824: [ParNew: 55871K->5183K(55872K), 0.0017500 secs] 106221K->55532K(182144K), 0.0017910 secs] [Times: user=0.01 sys=0.00, real=0.00 secs] 
268.826: Total time for which application threads were stopped: 0.0025430 seconds, Stopping threads took: 0.0006880 seconds
268.873: Application time: 0.0472150 seconds
268.876: [GC268.876: [ParNew: 54847K->6206K(55872K), 0.0023730 secs] 105196K->57402K(182144K), 0.0024310 secs] [Times: user=0.02 sys=0.00, real=0.00 secs] 
268.878: Total time for which application threads were stopped: 0.0049930 seconds, Stopping threads took: 0.0024860 seconds
268.927: Application time: 0.0483130 seconds
268.929: [GC268.929: [ParNew: 55870K->6207K(55872K), 0.0023790 secs] 107066K->58298K(182144K), 0.0024240 secs] [Times: user=0.02 sys=0.00, real=0.00 secs] 
268.932: Total time for which application threads were stopped: 0.0049170 seconds, Stopping threads took: 0.0024050 seconds
268.977: Application time: 0.0458190 seconds
268.979: [GC268.979: [ParNew: 55871K->6207K(55872K), 0.0025360 secs] 107962K->60054K(182144K), 0.0025810 secs] [Times: user=0.02 sys=0.00, real=0.01 secs] 
268.982: Total time for which application threads were stopped: 0.0044930 seconds, Stopping threads took: 0.0018470 seconds
269.030: Application time: 0.0479910 seconds
269.032: [GC269.032: [ParNew: 55871K->6206K(55872K), 0.0024070 secs] 109718K->61617K(182144K), 0.0024570 secs] [Times: user=0.01 sys=0.00, real=0.01 secs] 
269.034: Total time for which application threads were stopped: 0.0043560 seconds, Stopping threads took: 0.0018300 seconds
269.082: Application time: 0.0472220 seconds
269.084: [GC269.084: [ParNew: 55870K->6207K(55872K), 0.0021070 secs] 111281K->62254K(182144K), 0.0021520 secs] [Times: user=0.02 sys=0.00, real=0.00 secs] 
269.086: Total time for which application threads were stopped: 0.0043780 seconds, Stopping threads took: 0.0021600 seconds
269.134: Application time: 0.0485050 seconds
269.136: [GC269.136: [ParNew: 55871K->6207K(55872K), 0.0024240 secs] 111918K->63750K(182144K), 0.0024670 secs] [Times: user=0.02 sys=0.00, real=0.00 secs] 
269.138: Total time for which application threads were stopped: 0.0038260 seconds, Stopping threads took: 0.0012950 seconds
269.186: Application time: 0.0480400 seconds
269.188: [GC269.188: [ParNew: 55871K->6206K(55872K), 0.0019480 secs] 113414K->63786K(182144K), 0.0019890 secs] [Times: user=0.01 sys=0.00, real=0.00 secs] 
269.190: Total time for which application threads were stopped: 0.0039500 seconds, Stopping threads took: 0.0018960 seconds
269.237: Application time: 0.0469390 seconds
269.239: [GC269.239: [ParNew: 55870K->6207K(55872K), 0.0022710 secs] 113450K->64664K(182144K), 0.0023150 secs] [Times: user=0.01 sys=0.01, real=0.01 secs] 
269.242: Total time for which application threads were stopped: 0.0045790 seconds, Stopping threads took: 0.0021990 seconds
269.289: Application time: 0.0467420 seconds
269.292: [GC269.292: [ParNew: 55871K->6206K(55872K), 0.0025230 secs] 114328K->65919K(182144K), 0.0025680 secs] [Times: user=0.02 sys=0.00, real=0.01 secs] 
269.294: Total time for which application threads were stopped: 0.0056660 seconds, Stopping threads took: 0.0030330 seconds
269.341: Application time: 0.0470250 seconds
269.344: [GC269.344: [ParNew: 55870K->6206K(55872K), 0.0019840 secs] 115583K->66177K(182144K), 0.0020320 secs] [Times: user=0.01 sys=0.00, real=0.00 secs] 
269.346: Total time for which application threads were stopped: 0.0047330 seconds, Stopping threads took: 0.0026350 seconds
269.393: Application time: 0.0473870 seconds
269.396: [GC269.396: [ParNew: 55870K->6206K(55872K), 0.0021180 secs] 115841K->66779K(182144K), 0.0021630 secs] [Times: user=0.02 sys=0.00, real=0.00 secs] 
269.398: Total time for which application threads were stopped: 0.0045910 seconds, Stopping threads took: 0.0023520 seconds
269.446: Application time: 0.0483170 seconds
269.449: [GC269.449: [ParNew: 55870K->6207K(55872K), 0.0021690 secs] 116443K->67703K(182144K), 0.0022160 secs] [Times: user=0.02 sys=0.00, real=0.00 secs] 
269.452: Total time for which application threads were stopped: 0.0053970 seconds, Stopping threads took: 0.0031060 seconds
269.501: Application time: 0.0494760 seconds
269.503: [GC269.503: [ParNew: 55871K->5764K(55872K), 0.0022270 secs] 117367K->67346K(182144K), 0.0022700 secs] [Times: user=0.01 sys=0.00, real=0.00 secs] 
269.506: Total time for which application threads were stopped: 0.0044280 seconds, Stopping threads took: 0.0020850 seconds
269.554: Application time: 0.0487260 seconds
269.556: [GC269.556: [ParNew: 55428K->6206K(55872K), 0.0022030 secs] 117010K->67799K(182144K), 0.0022470 secs] [Times: user=0.01 sys=0.00, real=0.00 secs] 
269.559: Total time for which application threads were stopped: 0.0044220 seconds, Stopping threads took: 0.0020850 seconds
269.606: Application time: 0.0476650 seconds
269.608: [GC269.608: [ParNew: 55870K->6207K(55872K), 0.0022860 secs] 117463K->68712K(182144K), 0.0023370 secs] [Times: user=0.02 sys=0.00, real=0.00 secs] 
269.610: Total time for which application threads were stopped: 0.0039560 seconds, Stopping threads took: 0.0015380 seconds
269.657: Application time: 0.0471660 seconds
269.660: [GC269.660: [ParNew: 55871K->5959K(55872K), 0.0018720 secs] 118376K->68520K(182144K), 0.0019140 secs] [Times: user=0.02 sys=0.00, real=0.01 secs] 
269.662: Total time for which application threads were stopped: 0.0044230 seconds, Stopping threads took: 0.0024430 seconds
269.709: Application time: 0.0472360 seconds
269.712: [GC269.712: [ParNew: 55623K->4982K(55872K), 0.0015990 secs] 118184K->67543K(182144K), 0.0016400 secs] [Times: user=0.01 sys=0.00, real=0.00 secs] 
269.713: Total time for which application threads were stopped: 0.0042160 seconds, Stopping threads took: 0.0025040 seconds
269.760: Application time: 0.0463860 seconds
269.761: [GC269.761: [ParNew: 54646K->6207K(55872K), 0.0020900 secs] 117207K->69396K(182144K), 0.0021370 secs] [Times: user=0.01 sys=0.00, real=0.01 secs] 
269.764: Total time for which application threads were stopped: 0.0037490 seconds, Stopping threads took: 0.0015440 seconds
269.810: Application time: 0.0469520 seconds
269.812: [GC269.812: [ParNew: 55871K->6207K(55872K), 0.0020950 secs] 119060K->69964K(182144K), 0.0021390 secs] [Times: user=0.01 sys=0.00, real=0.01 secs] 
269.814: Total time for which application threads were stopped: 0.0035220 seconds, Stopping threads took: 0.0013150 seconds
269.864: Application time: 0.0498200 seconds
269.865: [GC269.865: [ParNew: 55871K->4211K(55872K), 0.0014240 secs] 119628K->67997K(182144K), 0.0014600 secs] [Times: user=0.01 sys=0.00, real=0.00 secs] 
269.867: Total time for which application threads were stopped: 0.0027460 seconds, Stopping threads took: 0.0012230 seconds
269.918: Application time: 0.0515050 seconds
269.920: [GC269.920: [ParNew: 53875K->5341K(55872K), 0.0017760 secs] 117661K->69127K(182144K), 0.0018190 secs] [Times: user=0.01 sys=0.00, real=0.01 secs] 
269.922: Total time for which application threads were stopped: 0.0036780 seconds, Stopping threads took: 0.0017840 seconds
269.967: Application time: 0.0455970 seconds
269.969: [GC269.969: [ParNew: 55005K->6207K(55872K), 0.0021800 secs] 118791K->70467K(182144K), 0.0022300 secs] [Times: user=0.02 sys=0.00, real=0.00 secs] 
269.971: Total time for which application threads were stopped: 0.0039670 seconds, Stopping threads took: 0.0016750 seconds
270.019: Application time: 0.0473010 seconds
270.021: [GC270.021: [ParNew: 55871K->5510K(55872K), 0.0017460 secs] 120131K->69827K(182144K), 0.0017890 secs] [Times: user=0.02 sys=0.00, real=0.01 secs] 
270.023: Total time for which application threads were stopped: 0.0040430 seconds, Stopping threads took: 0.0021890 seconds
270.071: Application time: 0.0485640 seconds
270.073: [GC270.073: [ParNew: 55174K->6206K(55872K), 0.0020010 secs] 119491K->70755K(182144K), 0.0020440 secs] [Times: user=0.01 sys=0.01, real=0.01 secs] 
270.075: Total time for which application threads were stopped: 0.0041280 seconds, Stopping threads took: 0.0020170 seconds
270.122: Application time: 0.0464210 seconds
270.124: [GC270.124: [ParNew: 55870K->6207K(55872K), 0.0022570 secs] 120419K->71761K(182144K), 0.0023030 secs] [Times: user=0.01 sys=0.00, real=0.00 secs] 
270.126: Total time for which application threads were stopped: 0.0040780 seconds, Stopping threads took: 0.0017080 seconds
270.172: Application time: 0.0461910 seconds
270.173: [GC270.173: [ParNew: 55871K->6129K(55872K), 0.0019940 secs] 121425K->71769K(182144K), 0.0020440 secs] [Times: user=0.02 sys=0.00, real=0.00 secs] 
270.176: Total time for which application threads were stopped: 0.0034590 seconds, Stopping threads took: 0.0013500 seconds
270.223: Application time: 0.0476090 seconds
270.226: [GC270.226: [ParNew: 55793K->6207K(55872K), 0.0022760 secs] 121433K->72820K(182144K), 0.0023220 secs] [Times: user=0.01 sys=0.00, real=0.00 secs] 
270.229: Total time for which application threads were stopped: 0.0053880 seconds, Stopping threads took: 0.0029780 seconds
270.276: Application time: 0.0479380 seconds
270.278: [GC270.279: [ParNew: 55871K->6207K(55872K), 0.0018490 secs] 122484K->72837K(182144K), 0.0018910 secs] [Times: user=0.02 sys=0.00, real=0.00 secs] 
270.280: Total time for which application threads were stopped: 0.0039210 seconds, Stopping threads took: 0.0019640 seconds
270.329: Application time: 0.0487080 seconds
270.332: [GC270.332: [ParNew: 55871K->6206K(55872K), 0.0021330 secs] 122501K->73292K(182144K), 0.0021780 secs] [Times: user=0.02 sys=0.00, real=0.01 secs] 
270.334: Total time for which application threads were stopped: 0.0050940 seconds, Stopping threads took: 0.0028500 seconds
270.384: Application time: 0.0496510 seconds
270.387: [GC270.387: [ParNew: 55870K->5151K(55872K), 0.0018940 secs] 122956K->72266K(182144K), 0.0019370 secs] [Times: user=0.01 sys=0.00, real=0.00 secs] 
270.389: Total time for which application threads were stopped: 0.0048480 seconds, Stopping threads took: 0.0028260 seconds
270.436: Application time: 0.0477630 seconds
270.439: [GC270.439: [ParNew: 54815K->6207K(55872K), 0.0021280 secs] 121930K->73560K(182144K), 0.0021740 secs] [Times: user=0.02 sys=0.00, real=0.00 secs] 
270.441: Total time for which application threads were stopped: 0.0043740 seconds, Stopping threads took: 0.0021030 seconds
270.488: Application time: 0.0469820 seconds
270.490: [GC270.490: [ParNew: 55871K->6206K(55872K), 0.0024410 secs] 123224K->75197K(182144K), 0.0024890 secs] [Times: user=0.02 sys=0.00, real=0.00 secs] 
270.493: Total time for which application threads were stopped: 0.0048300 seconds, Stopping threads took: 0.0022520 seconds
270.541: Application time: 0.0483870 seconds
270.543: [GC270.543: [ParNew: 55870K->5335K(55872K), 0.0016650 secs] 124861K->74354K(182144K), 0.0017050 secs] [Times: user=0.01 sys=0.00, real=0.00 secs] 
270.545: Total time for which application threads were stopped: 0.0040090 seconds, Stopping threads took: 0.0022380 seconds
270.592: Application time: 0.0468920 seconds
270.594: [GC270.594: [ParNew: 54999K->6207K(55872K), 0.0024260 secs] 124018K->76599K(182144K), 0.0024680 secs] [Times: user=0.01 sys=0.00, real=0.00 secs] 
270.597: Total time for which application threads were stopped: 0.0046230 seconds, Stopping threads took: 0.0020680 seconds
270.647: Application time: 0.0503120 seconds
270.649: [GC270.649: [ParNew: 55871K->5633K(55872K), 0.0020130 secs] 126263K->76053K(182144K), 0.0020560 secs] [Times: user=0.01 sys=0.00, real=0.00 secs] 
270.651: Total time for which application threads were stopped: 0.0039440 seconds, Stopping threads took: 0.0018210 seconds
270.698: Application time: 0.0476370 seconds
270.700: [GC270.700: [ParNew: 55297K->5029K(55872K), 0.0016450 secs] 125717K->75507K(182144K), 0.0016860 secs] [Times: user=0.01 sys=0.00, real=0.01 secs] 
270.702: Total time for which application threads were stopped: 0.0035200 seconds, Stopping threads took: 0.0017710 seconds
270.752: Application time: 0.0495300 seconds
270.753: [GC270.753: [ParNew: 54693K->3651K(55872K), 0.0012940 secs] 125171K->74157K(182144K), 0.0013330 secs] [Times: user=0.01 sys=0.00, real=0.01 secs] 
270.755: Total time for which application threads were stopped: 0.0031350 seconds, Stopping threads took: 0.0017400 seconds
270.805: Application time: 0.0503190 seconds
270.807: [GC270.807: [ParNew: 53315K->5558K(55872K), 0.0017980 secs] 123821K->76065K(182144K), 0.0018450 secs] [Times: user=0.01 sys=0.01, real=0.00 secs] 
270.808: Total time for which application threads were stopped: 0.0034050 seconds, Stopping threads took: 0.0014820 seconds
270.856: Application time: 0.0471990 seconds
270.859: [GC270.859: [ParNew: 55221K->5940K(55872K), 0.0018320 secs] 125727K->76475K(182144K), 0.0018800 secs] [Times: user=0.02 sys=0.00, real=0.00 secs] 
270.861: Total time for which application threads were stopped: 0.0050970 seconds, Stopping threads took: 0.0031520 seconds
270.908: Application time: 0.0472700 seconds
270.910: [GC270.910: [ParNew: 55604K->6206K(55872K), 0.0021330 secs] 126139K->77274K(182144K), 0.0021760 secs] [Times: user=0.01 sys=0.00, real=0.00 secs] 
270.912: Total time for which application threads were stopped: 0.0042070 seconds, Stopping threads took: 0.0019440 seconds
270.960: Application time: 0.0479350 seconds
270.962: [GC270.962: [ParNew: 55870K->6206K(55872K), 0.0021220 secs] 126938K->77691K(182144K), 0.0021630 secs] [Times: user=0.02 sys=0.00, real=0.00 secs] 
270.964: Total time for which application threads were stopped: 0.0037160 seconds, Stopping threads took: 0.0014580 seconds
271.014: Application time: 0.0504670 seconds
271.016: [GC271.016: [ParNew: 55870K->3775K(55872K), 0.0012470 secs] 127355K->75260K(182144K), 0.0012790 secs] [Times: user=0.01 sys=0.00, real=0.00 secs] 
271.017: Total time for which application threads were stopped: 0.0030160 seconds, Stopping threads took: 0.0016800 seconds
271.066: Application time: 0.0485230 seconds
271.069: [GC271.069: [ParNew: 53439K->6206K(55872K), 0.0021850 secs] 124924K->78526K(182144K), 0.0022300 secs] [Times: user=0.02 sys=0.00, real=0.00 secs] 
271.071: Total time for which application threads were stopped: 0.0054930 seconds, Stopping threads took: 0.0032010 seconds
271.119: Application time: 0.0475470 seconds
271.120: [GC271.120: [ParNew: 55870K->6206K(55872K), 0.0021510 secs] 128190K->79171K(182144K), 0.0021940 secs] [Times: user=0.01 sys=0.00, real=0.01 secs] 
271.122: Total time for which application threads were stopped: 0.0031870 seconds, Stopping threads took: 0.0009330 seconds
271.169: Application time: 0.0464570 seconds
271.171: [GC271.171: [ParNew: 55870K->6206K(55872K), 0.0023810 secs] 128835K->80509K(182144K), 0.0024260 secs] [Times: user=0.02 sys=0.00, real=0.01 secs] 
271.174: Total time for which application threads were stopped: 0.0051320 seconds, Stopping threads took: 0.0026330 seconds
271.221: Application time: 0.0476570 seconds
271.224: [GC271.224: [ParNew: 55870K->6206K(55872K), 0.0020650 secs] 130173K->80808K(182144K), 0.0021130 secs] [Times: user=0.02 sys=0.00, real=0.00 secs] 
271.226: Total time for which application threads were stopped: 0.0048800 seconds, Stopping threads took: 0.0026970 seconds
271.274: Application time: 0.0480300 seconds
271.276: [GC271.276: [ParNew: 55870K->6206K(55872K), 0.0021280 secs] 130472K->80975K(182144K), 0.0021730 secs] [Times: user=0.02 sys=0.00, real=0.00 secs] 
271.278: Total time for which application threads were stopped: 0.0038200 seconds, Stopping threads took: 0.0015780 seconds
271.325: Application time: 0.0471570 seconds
271.327: [GC271.327: [ParNew: 55870K->6207K(55872K), 0.0019370 secs] 130639K->81029K(182144K), 0.0019820 secs] [Times: user=0.02 sys=0.00, real=0.00 secs] 
271.329: Total time for which application threads were stopped: 0.0034540 seconds, Stopping threads took: 0.0014020 seconds
271.378: Application time: 0.0491510 seconds
271.380: [GC271.380: [ParNew: 55871K->6207K(55872K), 0.0019190 secs] 130693K->81073K(182144K), 0.0019660 secs] [Times: user=0.02 sys=0.00, real=0.01 secs] 
271.382: Total time for which application threads were stopped: 0.0043410 seconds, Stopping threads took: 0.0023070 seconds
271.430: Application time: 0.0481830 seconds
271.432: [GC271.432: [ParNew: 55871K->5291K(55872K), 0.0016580 secs] 130737K->80157K(182144K), 0.0017020 secs] [Times: user=0.01 sys=0.00, real=0.01 secs] 
271.434: Total time for which application threads were stopped: 0.0037150 seconds, Stopping threads took: 0.0019250 seconds
271.484: Application time: 0.0496660 seconds
271.487: [GC271.487: [ParNew: 54955K->6207K(55872K), 0.0019000 secs] 129821K->81131K(182144K), 0.0019530 secs] [Times: user=0.02 sys=0.00, real=0.00 secs] 
271.489: Total time for which application threads were stopped: 0.0049880 seconds, Stopping threads took: 0.0029380 seconds
271.539: Application time: 0.0505430 seconds
271.540: [GC271.540: [ParNew: 55871K->4226K(55872K), 0.0015650 secs] 130795K->79150K(182144K), 0.0016030 secs] [Times: user=0.01 sys=0.00, real=0.00 secs] 
271.541: Total time for which application threads were stopped: 0.0019640 seconds, Stopping threads took: 0.0002770 seconds
271.586: Application time: 0.0447540 seconds
271.589: [GC271.589: [ParNew: 53890K->6206K(55872K), 0.0022710 secs] 128814K->81839K(182144K), 0.0023160 secs] [Times: user=0.01 sys=0.00, real=0.00 secs] 
271.591: Total time for which application threads were stopped: 0.0051400 seconds, Stopping threads took: 0.0027580 seconds
271.640: Application time: 0.0490780 seconds
271.642: [GC271.642: [ParNew: 55870K->6138K(55872K), 0.0020050 secs] 131503K->81771K(182144K), 0.0020510 secs] [Times: user=0.01 sys=0.00, real=0.00 secs] 
271.644: Total time for which application threads were stopped: 0.0041660 seconds, Stopping threads took: 0.0020470 seconds
271.696: Application time: 0.0512970 seconds
271.699: [GC271.699: [ParNew: 55802K->5098K(55872K), 0.0015780 secs] 131435K->80759K(182144K), 0.0016220 secs] [Times: user=0.01 sys=0.00, real=0.00 secs] 
271.701: Total time for which application threads were stopped: 0.0050080 seconds, Stopping threads took: 0.0032990 seconds
271.749: Application time: 0.0481480 seconds
271.750: [GC271.750: [ParNew: 54762K->6207K(55872K), 0.0022360 secs] 130423K->82275K(182144K), 0.0022790 secs] [Times: user=0.02 sys=0.00, real=0.00 secs] 
271.753: Total time for which application threads were stopped: 0.0037500 seconds, Stopping threads took: 0.0014060 seconds
271.801: Application time: 0.0483020 seconds
271.803: [GC271.803: [ParNew: 55871K->5603K(55872K), 0.0017200 secs] 131939K->81728K(182144K), 0.0017630 secs] [Times: user=0.01 sys=0.00, real=0.00 secs] 
271.805: Total time for which application threads were stopped: 0.0037110 seconds, Stopping threads took: 0.0018590 seconds
271.851: Application time: 0.0467290 seconds
271.853: [GC271.853: [ParNew: 55267K->6206K(55872K), 0.0022250 secs] 131392K->82672K(182144K), 0.0022660 secs] [Times: user=0.02 sys=0.00, real=0.01 secs] 
271.855: Total time for which application threads were stopped: 0.0038710 seconds, Stopping threads took: 0.0015320 seconds
271.904: Application time: 0.0483250 seconds
271.907: [GC271.907: [ParNew: 55870K->6206K(55872K), 0.0021020 secs] 132336K->82705K(182144K), 0.0021410 secs] [Times: user=0.01 sys=0.00, real=0.00 secs] 
271.909: Total time for which application threads were stopped: 0.0054220 seconds, Stopping threads took: 0.0031980 seconds
271.951: Application time: 0.0416730 seconds
271.953: [GC271.953: [ParNew: 55870K->6206K(55872K), 0.0022140 secs] 132369K->83586K(182144K), 0.0022570 secs] [Times: user=0.01 sys=0.00, real=0.01 secs] 
271.955: Total time for which application threads were stopped: 0.0041900 seconds, Stopping threads took: 0.0018590 seconds
272.002: Application time: 0.0473180 seconds
272.003: [GC272.003: [ParNew: 55870K->6105K(55872K), 0.0019270 secs] 133250K->83513K(182144K), 0.0019680 secs] [Times: user=0.02 sys=0.00, real=0.00 secs] 
272.005: Total time for which application threads were stopped: 0.0031650 seconds, Stopping threads took: 0.0011270 seconds
272.051: Application time: 0.0455680 seconds
272.053: [GC272.053: [ParNew: 55768K->6206K(55872K), 0.0022170 secs] 133176K->84467K(182144K), 0.0022590 secs] [Times: user=0.01 sys=0.00, real=0.01 secs] 
272.055: Total time for which application threads were stopped: 0.0044120 seconds, Stopping threads took: 0.0020900 seconds
272.106: Application time: 0.0503310 seconds
272.107: [GC272.107: [ParNew: 55870K->5210K(55872K), 0.0015510 secs] 134131K->83471K(182144K), 0.0015890 secs] [Times: user=0.01 sys=0.00, real=0.00 secs] 
272.109: Total time for which application threads were stopped: 0.0031660 seconds, Stopping threads took: 0.0015130 seconds
272.153: Application time: 0.0444020 seconds
272.155: [GC272.155: [ParNew: 54874K->6207K(55872K), 0.0022240 secs] 133135K->85547K(182144K), 0.0022770 secs] [Times: user=0.02 sys=0.00, real=0.00 secs] 
272.158: Total time for which application threads were stopped: 0.0043520 seconds, Stopping threads took: 0.0020070 seconds
272.205: Application time: 0.0470830 seconds
272.207: [GC272.207: [ParNew: 55871K->6207K(55872K), 0.0021500 secs] 135211K->86497K(182144K), 0.0021960 secs] [Times: user=0.02 sys=0.00, real=0.00 secs] 
272.210: Total time for which application threads were stopped: 0.0049180 seconds, Stopping threads took: 0.0026550 seconds
272.254: Application time: 0.0441230 seconds
272.256: [GC272.256: [ParNew: 55871K->6207K(55872K), 0.0022370 secs] 136161K->87386K(182144K), 0.0022820 secs] [Times: user=0.00 sys=0.01, real=0.00 secs] 
272.258: Total time for which application threads were stopped: 0.0041090 seconds, Stopping threads took: 0.0017600 seconds
272.303: Application time: 0.0450560 seconds
272.305: [GC272.305: [ParNew: 55871K->4915K(55872K), 0.0016010 secs] 137050K->86123K(182144K), 0.0016410 secs] [Times: user=0.01 sys=0.00, real=0.00 secs] 
272.307: Total time for which application threads were stopped: 0.0040720 seconds, Stopping threads took: 0.0023700 seconds
272.355: Application time: 0.0478380 seconds
272.356: [GC272.356: [ParNew: 54579K->5701K(55872K), 0.0017700 secs] 135787K->86966K(182144K), 0.0018100 secs] [Times: user=0.02 sys=0.00, real=0.00 secs] 
272.358: Total time for which application threads were stopped: 0.0034830 seconds, Stopping threads took: 0.0015880 seconds
272.406: Application time: 0.0480530 seconds
272.409: [GC272.409: [ParNew: 55365K->6097K(55872K), 0.0020720 secs] 136630K->87362K(182144K), 0.0021170 secs] [Times: user=0.02 sys=0.00, real=0.00 secs] 
272.411: Total time for which application threads were stopped: 0.0044810 seconds, Stopping threads took: 0.0022960 seconds
272.456: Application time: 0.0449200 seconds
272.459: [GC272.459: [ParNew: 55761K->5776K(55872K), 0.0020160 secs] 137026K->87069K(182144K), 0.0020620 secs] [Times: user=0.01 sys=0.00, real=0.00 secs] 
272.461: Total time for which application threads were stopped: 0.0048800 seconds, Stopping threads took: 0.0027430 seconds
272.507: Application time: 0.0462000 seconds
272.508: [GC272.508: [ParNew: 55440K->5824K(55872K), 0.0019920 secs] 136733K->87147K(182144K), 0.0020310 secs] [Times: user=0.02 sys=0.00, real=0.00 secs] 
272.510: Total time for which application threads were stopped: 0.0034180 seconds, Stopping threads took: 0.0013100 seconds
272.556: Application time: 0.0458520 seconds
272.559: [GC272.559: [ParNew: 55488K->6207K(55872K), 0.0021310 secs] 136811K->88100K(182144K), 0.0021770 secs] [Times: user=0.02 sys=0.00, real=0.00 secs] 
272.561: Total time for which application threads were stopped: 0.0052630 seconds, Stopping threads took: 0.0030090 seconds
272.607: Application time: 0.0451570 seconds
272.608: [GC272.608: [ParNew: 55871K->6207K(55872K), 0.0022880 secs] 137764K->89236K(182144K), 0.0023320 secs] [Times: user=0.02 sys=0.00, real=0.00 secs] 
272.610: Total time for which application threads were stopped: 0.0036440 seconds, Stopping threads took: 0.0012460 seconds
272.653: Application time: 0.0429240 seconds
272.656: [GC272.656: [ParNew: 55871K->6206K(55872K), 0.0022380 secs] 138900K->90263K(182144K), 0.0022820 secs] [Times: user=0.02 sys=0.00, real=0.00 secs] 
272.658: Total time for which application threads were stopped: 0.0050150 seconds, Stopping threads took: 0.0026690 seconds
272.703: Application time: 0.0448980 seconds
272.706: [GC272.706: [ParNew: 55870K->6207K(55872K), 0.0022990 secs] 139927K->91046K(182144K), 0.0023450 secs] [Times: user=0.02 sys=0.00, real=0.00 secs] 
272.708: Total time for which application threads were stopped: 0.0052530 seconds, Stopping threads took: 0.0028420 seconds
272.755: Application time: 0.0466310 seconds
272.755: [GC272.755: [ParNew: 55871K->5339K(55872K), 0.0016940 secs] 140710K->90206K(182144K), 0.0017330 secs] [Times: user=0.02 sys=0.00, real=0.00 secs] 
272.757: Total time for which application threads were stopped: 0.0021970 seconds, Stopping threads took: 0.0003910 seconds
272.801: Application time: 0.0436650 seconds
272.803: [GC272.803: [ParNew: 55003K->6207K(55872K), 0.0022430 secs] 139870K->92276K(182144K), 0.0022850 secs] [Times: user=0.01 sys=0.00, real=0.00 secs] 
272.805: Total time for which application threads were stopped: 0.0044630 seconds, Stopping threads took: 0.0020900 seconds
272.850: Application time: 0.0446630 seconds
272.851: [GC272.851: [ParNew: 55871K->6206K(55872K), 0.0020400 secs] 141940K->92453K(182144K), 0.0020840 secs] [Times: user=0.02 sys=0.00, real=0.00 secs] 
272.853: Total time for which application threads were stopped: 0.0030190 seconds, Stopping threads took: 0.0008660 seconds
272.899: Application time: 0.0458400 seconds
272.902: [GC272.902: [ParNew: 55870K->5209K(55872K), 0.0017520 secs] 142117K->91484K(182144K), 0.0017940 secs] [Times: user=0.02 sys=0.00, real=0.00 secs] 
272.904: Total time for which application threads were stopped: 0.0048520 seconds, Stopping threads took: 0.0029720 seconds
272.948: Application time: 0.0442210 seconds
272.950: [GC272.950: [ParNew: 54873K->6146K(55872K), 0.0018900 secs] 141148K->92421K(182144K), 0.0019320 secs] [Times: user=0.01 sys=0.00, real=0.00 secs] 
272.952: Total time for which application threads were stopped: 0.0043890 seconds, Stopping threads took: 0.0023940 seconds
273.000: Application time: 0.0473400 seconds
273.002: [GC273.002: [ParNew: 55810K->6206K(55872K), 0.0022100 secs] 142085K->92961K(182144K), 0.0022530 secs] [Times: user=0.01 sys=0.00, real=0.00 secs] 
273.004: Total time for which application threads were stopped: 0.0045860 seconds, Stopping threads took: 0.0022480 seconds
273.052: Application time: 0.0478790 seconds
273.052: [GC273.053: [ParNew: 55870K->2855K(55872K), 0.0012620 secs] 142625K->89639K(182144K), 0.0012940 secs] [Times: user=0.01 sys=0.00, real=0.01 secs] 
273.054: Total time for which application threads were stopped: 0.0017460 seconds, Stopping threads took: 0.0003670 seconds
273.102: Application time: 0.0480240 seconds
273.104: [GC273.104: [ParNew: 52519K->3041K(55872K), 0.0011150 secs] 139303K->89824K(182144K), 0.0011510 secs] [Times: user=0.01 sys=0.00, real=0.00 secs] 
273.105: Total time for which application threads were stopped: 0.0029690 seconds, Stopping threads took: 0.0017570 seconds
273.151: Application time: 0.0462930 seconds
273.153: [GC273.153: [ParNew: 52705K->5572K(55872K), 0.0019120 secs] 139488K->92355K(182144K), 0.0019460 secs] [Times: user=0.01 sys=0.00, real=0.00 secs] 
273.155: Total time for which application threads were stopped: 0.0043080 seconds, Stopping threads took: 0.0023020 seconds
273.201: Application time: 0.0453890 seconds
273.202: [GC273.202: [ParNew: 55236K->6081K(55872K), 0.0019220 secs] 142019K->92893K(182144K), 0.0019640 secs] [Times: user=0.01 sys=0.00, real=0.00 secs] 
273.204: Total time for which application threads were stopped: 0.0035350 seconds, Stopping threads took: 0.0014850 seconds
273.251: Application time: 0.0463640 seconds
273.252: [GC273.252: [ParNew: 55745K->6207K(55872K), 0.0022630 secs] 142557K->93106K(182144K), 0.0023060 secs] [Times: user=0.02 sys=0.00, real=0.01 secs] 
273.255: Total time for which application threads were stopped: 0.0038330 seconds, Stopping threads took: 0.0014630 seconds
273.299: Application time: 0.0448460 seconds
273.302: [GC273.302: [ParNew: 55871K->6207K(55872K), 0.0023680 secs] 142770K->94635K(182144K), 0.0024130 secs] [Times: user=0.01 sys=0.00, real=0.00 secs] 
273.304: Total time for which application threads were stopped: 0.0047030 seconds, Stopping threads took: 0.0022040 seconds
273.348: Application time: 0.0441210 seconds
273.350: [GC273.350: [ParNew: 55871K->6207K(55872K), 0.0022950 secs] 144299K->96050K(182144K), 0.0023380 secs] [Times: user=0.01 sys=0.00, real=0.00 secs] 
273.352: Total time for which application threads were stopped: 0.0042530 seconds, Stopping threads took: 0.0018520 seconds
273.398: Application time: 0.0451560 seconds
273.398: [GC273.399: [ParNew: 55871K->5587K(55872K), 0.0017980 secs] 145714K->95512K(182144K), 0.0018490 secs] [Times: user=0.01 sys=0.00, real=0.00 secs] 
273.400: Total time for which application threads were stopped: 0.0027470 seconds, Stopping threads took: 0.0008350 seconds
273.445: Application time: 0.0446530 seconds
273.447: [GC273.447: [ParNew: 55251K->6206K(55872K), 0.0019740 secs] 145176K->96466K(182144K), 0.0020170 secs] [Times: user=0.02 sys=0.00, real=0.00 secs] 
273.449: Total time for which application threads were stopped: 0.0038190 seconds, Stopping threads took: 0.0017370 seconds
273.493: Application time: 0.0442600 seconds
273.496: [GC273.496: [ParNew: 55870K->6206K(55872K), 0.0023270 secs] 146130K->97459K(182144K), 0.0023700 secs] [Times: user=0.01 sys=0.00, real=0.00 secs] 
273.498: Total time for which application threads were stopped: 0.0050500 seconds, Stopping threads took: 0.0026150 seconds
273.544: Application time: 0.0458760 seconds
273.545: [GC273.545: [ParNew: 55870K->6206K(55872K), 0.0019860 secs] 147123K->97746K(182144K), 0.0020270 secs] [Times: user=0.02 sys=0.00, real=0.00 secs] 
273.547: Total time for which application threads were stopped: 0.0031530 seconds, Stopping threads took: 0.0010620 seconds
273.596: Application time: 0.0485090 seconds
273.598: [GC273.598: [ParNew: 55870K->6207K(55872K), 0.0020430 secs] 147410K->97987K(182144K), 0.0020870 secs] [Times: user=0.02 sys=0.00, real=0.00 secs] 
273.600: Total time for which application threads were stopped: 0.0045200 seconds, Stopping threads took: 0.0023610 seconds
 CMS: abort preclean due to time 273.602: [CMS-concurrent-abortable-preclean: 0.252/5.029 secs] [Times: user=38.62 sys=0.16, real=5.04 secs] 
273.602: Application time: 0.0019840 seconds
273.605: [GC[YG occupancy: 13163 K (55872 K)]273.605: [Rescan (parallel) , 0.0002740 secs]273.606: [weak refs processing, 0.0000080 secs]273.606: [scrub string table, 0.0001380 secs] [1 CMS-remark: 91779K(126272K)] 104942K(182144K), 0.0004480 secs] [Times: user=0.00 sys=0.00, real=0.00 secs] 
273.606: Total time for which application threads were stopped: 0.0036690 seconds, Stopping threads took: 0.0031920 seconds
273.606: [CMS-concurrent-sweep-start]
273.612: [CMS-concurrent-sweep: 0.007/0.007 secs] [Times: user=0.04 sys=0.00, real=0.00 secs] 
273.612: [CMS-concurrent-reset-start]
273.613: [CMS-concurrent-reset: 0.000/0.000 secs] [Times: user=0.00 sys=0.00, real=0.00 secs] 
273.647: Application time: 0.0410390 seconds
273.649: [GC273.650: [ParNew: 55871K->5431K(55872K), 0.0017590 secs] 101278K->50838K(182144K), 0.0018000 secs] [Times: user=0.01 sys=0.00, real=0.00 secs] 
273.651: Total time for which application threads were stopped: 0.0043940 seconds, Stopping threads took: 0.0025290 seconds
273.697: Application time: 0.0458900 seconds
273.700: [GC273.700: [ParNew: 55095K->6207K(55872K), 0.0022180 secs] 100502K->51879K(182144K), 0.0022650 secs] [Times: user=0.01 sys=0.00, real=0.01 secs] 
273.702: Total time for which application threads were stopped: 0.0048700 seconds, Stopping threads took: 0.0025390 seconds
273.748: Application time: 0.0455850 seconds
273.749: [GC273.749: [ParNew: 55871K->6206K(55872K), 0.0022430 secs] 101543K->52386K(182144K), 0.0022930 secs] [Times: user=0.02 sys=0.00, real=0.00 secs] 
273.752: Total time for which application threads were stopped: 0.0039240 seconds, Stopping threads took: 0.0015430 seconds
273.799: Application time: 0.0472060 seconds
273.801: [GC273.801: [ParNew: 55870K->6061K(55872K), 0.0018320 secs] 102050K->52241K(182144K), 0.0018730 secs] [Times: user=0.01 sys=0.00, real=0.01 secs] 
273.802: Total time for which application threads were stopped: 0.0036910 seconds, Stopping threads took: 0.0017540 seconds
273.848: Application time: 0.0453110 seconds
273.849: [GC273.849: [ParNew: 55725K->5804K(55872K), 0.0019180 secs] 101905K->52041K(182144K), 0.0019610 secs] [Times: user=0.02 sys=0.00, real=0.00 secs] 
273.851: Total time for which application threads were stopped: 0.0030930 seconds, Stopping threads took: 0.0010670 seconds
273.899: Application time: 0.0478760 seconds
273.900: [GC273.900: [ParNew: 55468K->3520K(55872K), 0.0012970 secs] 101705K->49843K(182144K), 0.0013370 secs] [Times: user=0.01 sys=0.00, real=0.00 secs] 
273.901: Total time for which application threads were stopped: 0.0022300 seconds, Stopping threads took: 0.0008350 seconds
273.947: Application time: 0.0457890 seconds
273.950: [GC273.950: [ParNew: 53184K->6207K(55872K), 0.0020170 secs] 99507K->52989K(182144K), 0.0020600 secs] [Times: user=0.01 sys=0.00, real=0.00 secs] 
273.952: Total time for which application threads were stopped: 0.0048340 seconds, Stopping threads took: 0.0027090 seconds
273.997: Application time: 0.0449250 seconds
273.999: [GC273.999: [ParNew: 55871K->4779K(55872K), 0.0015440 secs] 102653K->51560K(182144K), 0.0015830 secs] [Times: user=0.02 sys=0.00, real=0.00 secs] 
274.000: Total time for which application threads were stopped: 0.0036620 seconds, Stopping threads took: 0.0019940 seconds
274.046: Application time: 0.0457140 seconds
274.048: [GC274.048: [ParNew: 54443K->5246K(55872K), 0.0017280 secs] 101224K->52056K(182144K), 0.0017650 secs] [Times: user=0.01 sys=0.00, real=0.00 secs] 
274.049: Total time for which application threads were stopped: 0.0034110 seconds, Stopping threads took: 0.0015840 seconds
274.098: Application time: 0.0486640 seconds
274.100: [GC274.100: [ParNew: 54910K->3356K(55872K), 0.0012300 secs] 101720K->50194K(182144K), 0.0012670 secs] [Times: user=0.01 sys=0.00, real=0.00 secs] 
274.101: Total time for which application threads were stopped: 0.0029570 seconds, Stopping threads took: 0.0016220 seconds
274.148: Application time: 0.0475020 seconds
274.150: [GC274.150: [ParNew: 53020K->4420K(55872K), 0.0016660 secs] 99858K->51258K(182144K), 0.0017450 secs] [Times: user=0.01 sys=0.00, real=0.00 secs] 
274.152: Total time for which application threads were stopped: 0.0031260 seconds, Stopping threads took: 0.0013010 seconds
274.197: Application time: 0.0454970 seconds
274.200: [GC274.200: [ParNew: 54084K->6206K(55872K), 0.0021860 secs] 100922K->53810K(182144K), 0.0022300 secs] [Times: user=0.02 sys=0.00, real=0.01 secs] 
274.202: Total time for which application threads were stopped: 0.0047720 seconds, Stopping threads took: 0.0024550 seconds
274.247: Application time: 0.0454120 seconds
274.249: [GC274.249: [ParNew: 55870K->6207K(55872K), 0.0021450 secs] 103474K->54620K(182144K), 0.0021880 secs] [Times: user=0.01 sys=0.00, real=0.00 secs] 
274.251: Total time for which application threads were stopped: 0.0037610 seconds, Stopping threads took: 0.0015090 seconds
274.297: Application time: 0.0463780 seconds
274.299: [GC274.299: [ParNew: 55871K->5184K(55872K), 0.0015680 secs] 104284K->53596K(182144K), 0.0016130 secs] [Times: user=0.01 sys=0.00, real=0.00 secs] 
274.301: Total time for which application threads were stopped: 0.0035210 seconds, Stopping threads took: 0.0018200 seconds
274.346: Application time: 0.0450670 seconds
274.347: [GC274.347: [ParNew: 54848K->6206K(55872K), 0.0024740 secs] 103260K->56401K(182144K), 0.0025210 secs] [Times: user=0.01 sys=0.00, real=0.00 secs] 
274.350: Total time for which application threads were stopped: 0.0039530 seconds, Stopping threads took: 0.0013650 seconds
274.350: Application time: 0.0001140 seconds
274.353: [GC [1 CMS-initial-mark: 50195K(126272K)] 57142K(182144K), 0.0002070 secs] [Times: user=0.01 sys=0.00, real=0.00 secs] 
274.353: Total time for which application threads were stopped: 0.0029950 seconds, Stopping threads took: 0.0027640 seconds
274.353: [CMS-concurrent-mark-start]
274.361: [CMS-concurrent-mark: 0.008/0.008 secs] [Times: user=0.03 sys=0.00, real=0.01 secs] 
274.361: [CMS-concurrent-preclean-start]
274.361: [CMS-concurrent-preclean: 0.000/0.000 secs] [Times: user=0.00 sys=0.00, real=0.00 secs] 
274.361: [CMS-concurrent-abortable-preclean-start]
274.396: Application time: 0.0429430 seconds
274.398: [GC274.398: [ParNew: 55870K->6206K(55872K), 0.0021170 secs] 106065K->57217K(182144K), 0.0021590 secs] [Times: user=0.02 sys=0.00, real=0.00 secs] 
274.400: Total time for which application threads were stopped: 0.0039380 seconds, Stopping threads took: 0.0017120 seconds
274.445: Application time: 0.0450100 seconds
274.447: [GC274.447: [ParNew: 55870K->4992K(55872K), 0.0014800 secs] 106881K->56031K(182144K), 0.0015290 secs] [Times: user=0.01 sys=0.00, real=0.00 secs] 
274.449: Total time for which application threads were stopped: 0.0035240 seconds, Stopping threads took: 0.0019310 seconds
274.495: Application time: 0.0462820 seconds
274.496: [GC274.496: [ParNew: 54656K->6000K(55872K), 0.0018490 secs] 105695K->57039K(182144K), 0.0018900 secs] [Times: user=0.01 sys=0.00, real=0.00 secs] 
274.498: Total time for which application threads were stopped: 0.0034240 seconds, Stopping threads took: 0.0014480 seconds
274.545: Application time: 0.0472030 seconds
274.548: [GC274.548: [ParNew: 55664K->4954K(55872K), 0.0015880 secs] 106703K->55993K(182144K), 0.0016270 secs] [Times: user=0.01 sys=0.00, real=0.00 secs] 
274.549: Total time for which application threads were stopped: 0.0039090 seconds, Stopping threads took: 0.0021990 seconds
274.598: Application time: 0.0487510 seconds
274.599: [GC274.599: [ParNew: 54618K->3803K(55872K), 0.0013390 secs] 105657K->54871K(182144K), 0.0013780 secs] [Times: user=0.00 sys=0.00, real=0.00 secs] 
274.601: Total time for which application threads were stopped: 0.0027150 seconds, Stopping threads took: 0.0012740 seconds
274.646: Application time: 0.0454230 seconds
274.648: [GC274.648: [ParNew: 53467K->4831K(55872K), 0.0017450 secs] 104535K->55928K(182144K), 0.0017820 secs] [Times: user=0.01 sys=0.00, real=0.00 secs] 
274.650: Total time for which application threads were stopped: 0.0034450 seconds, Stopping threads took: 0.0015750 seconds
274.694: Application time: 0.0445430 seconds
274.697: [GC274.697: [ParNew: 54495K->5774K(55872K), 0.0017940 secs] 105592K->56870K(182144K), 0.0018390 secs] [Times: user=0.01 sys=0.00, real=0.00 secs] 
274.699: Total time for which application threads were stopped: 0.0045320 seconds, Stopping threads took: 0.0026070 seconds
274.744: Application time: 0.0450230 seconds
274.745: [GC274.745: [ParNew: 55438K->6206K(55872K), 0.0024900 secs] 106534K->58906K(182144K), 0.0025370 secs] [Times: user=0.02 sys=0.00, real=0.00 secs] 
274.747: Total time for which application threads were stopped: 0.0034200 seconds, Stopping threads took: 0.0007940 seconds
274.791: Application time: 0.0442320 seconds
274.793: [GC274.793: [ParNew: 55870K->6207K(55872K), 0.0019740 secs] 108570K->58986K(182144K), 0.0020130 secs] [Times: user=0.01 sys=0.00, real=0.01 secs] 
274.795: Total time for which application threads were stopped: 0.0036040 seconds, Stopping threads took: 0.0015280 seconds
274.840: Application time: 0.0451180 seconds
274.842: [GC274.842: [ParNew: 55871K->5711K(55872K), 0.0018670 secs] 108650K->58518K(182144K), 0.0019050 secs] [Times: user=0.01 sys=0.00, real=0.00 secs] 
274.844: Total time for which application threads were stopped: 0.0034020 seconds, Stopping threads took: 0.0014250 seconds
274.888: Application time: 0.0442780 seconds
274.889: [GC274.889: [ParNew: 55375K->5724K(55872K), 0.0017460 secs] 108182K->58560K(182144K), 0.0017860 secs] [Times: user=0.01 sys=0.00, real=0.00 secs] 
274.891: Total time for which application threads were stopped: 0.0033820 seconds, Stopping threads took: 0.0015340 seconds
274.938: Application time: 0.0462890 seconds
274.940: [GC274.940: [ParNew: 55388K->6028K(55872K), 0.0020950 secs] 108224K->58921K(182144K), 0.0021380 secs] [Times: user=0.01 sys=0.00, real=0.01 secs] 
274.942: Total time for which application threads were stopped: 0.0042900 seconds, Stopping threads took: 0.0020890 seconds
274.985: Application time: 0.0436010 seconds
274.988: [GC274.988: [ParNew: 55692K->6206K(55872K), 0.0022430 secs] 108585K->59392K(182144K), 0.0022850 secs] [Times: user=0.01 sys=0.00, real=0.00 secs] 
274.990: Total time for which application threads were stopped: 0.0045880 seconds, Stopping threads took: 0.0022390 seconds
275.035: Application time: 0.0445890 seconds
275.036: [GC275.036: [ParNew: 55870K->5571K(55872K), 0.0018310 secs] 109056K->58756K(182144K), 0.0018810 secs] [Times: user=0.01 sys=0.00, real=0.00 secs] 
275.038: Total time for which application threads were stopped: 0.0036110 seconds, Stopping threads took: 0.0016660 seconds
275.083: Application time: 0.0443500 seconds
275.085: [GC275.085: [ParNew: 55235K->6207K(55872K), 0.0022720 secs] 108420K->60094K(182144K), 0.0023190 secs] [Times: user=0.02 sys=0.00, real=0.00 secs] 
275.087: Total time for which application threads were stopped: 0.0044610 seconds, Stopping threads took: 0.0020540 seconds
275.133: Application time: 0.0457820 seconds
275.134: [GC275.134: [ParNew: 55871K->6206K(55872K), 0.0022860 secs] 109758K->60724K(182144K), 0.0023290 secs] [Times: user=0.01 sys=0.00, real=0.00 secs] 
275.136: Total time for which application threads were stopped: 0.0030190 seconds, Stopping threads took: 0.0006250 seconds
275.183: Application time: 0.0466730 seconds
275.185: [GC275.185: [ParNew: 55870K->6206K(55872K), 0.0022580 secs] 110388K->61527K(182144K), 0.0023030 secs] [Times: user=0.02 sys=0.00, real=0.00 secs] 
275.187: Total time for which application threads were stopped: 0.0044630 seconds, Stopping threads took: 0.0020820 seconds
275.231: Application time: 0.0437980 seconds
275.232: [GC275.232: [ParNew: 55870K->6206K(55872K), 0.0022400 secs] 111191K->62499K(182144K), 0.0022850 secs] [Times: user=0.02 sys=0.00, real=0.01 secs] 
275.234: Total time for which application threads were stopped: 0.0036590 seconds, Stopping threads took: 0.0013130 seconds
275.279: Application time: 0.0449660 seconds
275.281: [GC275.281: [ParNew: 55870K->6067K(55872K), 0.0018860 secs] 112163K->62360K(182144K), 0.0019270 secs] [Times: user=0.01 sys=0.00, real=0.01 secs] 
275.283: Total time for which application threads were stopped: 0.0037920 seconds, Stopping threads took: 0.0018000 seconds
275.328: Application time: 0.0449650 seconds
275.330: [GC275.330: [ParNew: 55731K->6207K(55872K), 0.0023450 secs] 112024K->63237K(182144K), 0.0023910 secs] [Times: user=0.02 sys=0.00, real=0.00 secs] 
275.333: Total time for which application threads were stopped: 0.0046500 seconds, Stopping threads took: 0.0021960 seconds
275.378: Application time: 0.0454570 seconds
275.380: [GC275.380: [ParNew: 55871K->6206K(55872K), 0.0019760 secs] 112901K->63504K(182144K), 0.0020180 secs] [Times: user=0.02 sys=0.00, real=0.01 secs] 
275.382: Total time for which application threads were stopped: 0.0041980 seconds, Stopping threads took: 0.0021170 seconds
275.426: Application time: 0.0433280 seconds
275.428: [GC275.428: [ParNew: 55870K->6207K(55872K), 0.0024950 secs] 113168K->65248K(182144K), 0.0025410 secs] [Times: user=0.02 sys=0.00, real=0.00 secs] 
275.430: Total time for which application threads were stopped: 0.0042900 seconds, Stopping threads took: 0.0016610 seconds
275.476: Application time: 0.0453870 seconds
275.478: [GC275.478: [ParNew: 55871K->6207K(55872K), 0.0024470 secs] 114912K->66813K(182144K), 0.0024920 secs] [Times: user=0.02 sys=0.01, real=0.00 secs] 
275.481: Total time for which application threads were stopped: 0.0050180 seconds, Stopping threads took: 0.0024590 seconds
275.526: Application time: 0.0459030 seconds
275.529: [GC275.529: [ParNew: 55871K->6145K(55872K), 0.0019140 secs] 116477K->66750K(182144K), 0.0019610 secs] [Times: user=0.02 sys=0.00, real=0.00 secs] 
275.531: Total time for which application threads were stopped: 0.0043790 seconds, Stopping threads took: 0.0023510 seconds
275.575: Application time: 0.0437120 seconds
275.577: [GC275.577: [ParNew: 55809K->6206K(55872K), 0.0024500 secs] 116414K->68118K(182144K), 0.0024990 secs] [Times: user=0.01 sys=0.00, real=0.00 secs] 
275.579: Total time for which application threads were stopped: 0.0046000 seconds, Stopping threads took: 0.0020150 seconds
275.621: Application time: 0.0415640 seconds
275.624: [GC275.624: [ParNew: 55870K->6206K(55872K), 0.0022620 secs] 117782K->69291K(182144K), 0.0023110 secs] [Times: user=0.01 sys=0.00, real=0.00 secs] 
275.626: Total time for which application threads were stopped: 0.0053370 seconds, Stopping threads took: 0.0029590 seconds
275.668: Application time: 0.0424320 seconds
275.670: [GC275.670: [ParNew: 55870K->6206K(55872K), 0.0025310 secs] 118955K->70456K(182144K), 0.0025810 secs] [Times: user=0.02 sys=0.00, real=0.00 secs] 
275.673: Total time for which application threads were stopped: 0.0046050 seconds, Stopping threads took: 0.0019360 seconds
275.717: Application time: 0.0436050 seconds
275.720: [GC275.720: [ParNew: 55870K->6206K(55872K), 0.0020970 secs] 120120K->71402K(182144K), 0.0021410 secs] [Times: user=0.01 sys=0.00, real=0.01 secs] 
275.722: Total time for which application threads were stopped: 0.0052130 seconds, Stopping threads took: 0.0029780 seconds
275.769: Application time: 0.0467370 seconds
275.770: [GC275.770: [ParNew: 55870K->6206K(55872K), 0.0021410 secs] 121066K->72159K(182144K), 0.0021860 secs] [Times: user=0.01 sys=0.00, real=0.00 secs] 
275.773: Total time for which application threads were stopped: 0.0039770 seconds, Stopping threads took: 0.0017040 seconds
275.817: Application time: 0.0446190 seconds
275.818: [GC275.818: [ParNew: 55870K->5929K(55872K), 0.0020490 secs] 121823K->71911K(182144K), 0.0020920 secs] [Times: user=0.02 sys=0.00, real=0.00 secs] 
275.821: Total time for which application threads were stopped: 0.0032830 seconds, Stopping threads took: 0.0011250 seconds
275.864: Application time: 0.0436810 seconds
275.866: [GC275.866: [ParNew: 55593K->6207K(55872K), 0.0021220 secs] 121575K->72880K(182144K), 0.0021630 secs] [Times: user=0.01 sys=0.00, real=0.00 secs] 
275.869: Total time for which application threads were stopped: 0.0043320 seconds, Stopping threads took: 0.0020970 seconds
275.913: Application time: 0.0442160 seconds
275.915: [GC275.915: [ParNew: 55871K->6128K(55872K), 0.0018250 secs] 122544K->72830K(182144K), 0.0018670 secs] [Times: user=0.02 sys=0.00, real=0.00 secs] 
275.916: Total time for which application threads were stopped: 0.0036580 seconds, Stopping threads took: 0.0017050 seconds
275.965: Application time: 0.0482930 seconds
275.967: [GC275.967: [ParNew: 55792K->6206K(55872K), 0.0023740 secs] 122494K->74155K(182144K), 0.0024190 secs] [Times: user=0.01 sys=0.00, real=0.00 secs] 
275.970: Total time for which application threads were stopped: 0.0050260 seconds, Stopping threads took: 0.0025190 seconds
276.015: Application time: 0.0456130 seconds
276.017: [GC276.017: [ParNew: 55870K->6207K(55872K), 0.0022590 secs] 123819K->75117K(182144K), 0.0023050 secs] [Times: user=0.02 sys=0.00, real=0.00 secs] 
276.020: Total time for which application threads were stopped: 0.0043780 seconds, Stopping threads took: 0.0020010 seconds
276.068: Application time: 0.0483630 seconds
276.069: [GC276.069: [ParNew: 55871K->5944K(55872K), 0.0020150 secs] 124781K->74854K(182144K), 0.0020630 secs] [Times: user=0.01 sys=0.01, real=0.00 secs] 
276.071: Total time for which application threads were stopped: 0.0033500 seconds, Stopping threads took: 0.0012170 seconds
276.119: Application time: 0.0479390 seconds
276.122: [GC276.122: [ParNew: 55608K->6024K(55872K), 0.0018930 secs] 124518K->74962K(182144K), 0.0019300 secs] [Times: user=0.01 sys=0.00, real=0.00 secs] 
276.124: Total time for which application threads were stopped: 0.0044690 seconds, Stopping threads took: 0.0024530 seconds
276.172: Application time: 0.0481830 seconds
276.174: [GC276.174: [ParNew: 55688K->5938K(55872K), 0.0017980 secs] 124626K->74876K(182144K), 0.0018430 secs] [Times: user=0.02 sys=0.00, real=0.00 secs] 
276.176: Total time for which application threads were stopped: 0.0042130 seconds, Stopping threads took: 0.0023020 seconds
276.221: Application time: 0.0448030 seconds
276.224: [GC276.224: [ParNew: 55600K->6207K(55872K), 0.0026550 secs] 124538K->76754K(182144K), 0.0027060 secs] [Times: user=0.01 sys=0.00, real=0.00 secs] 
276.227: Total time for which application threads were stopped: 0.0056680 seconds, Stopping threads took: 0.0028860 seconds
276.274: Application time: 0.0468450 seconds
276.276: [GC276.276: [ParNew: 55871K->6206K(55872K), 0.0021940 secs] 126418K->77142K(182144K), 0.0022420 secs] [Times: user=0.02 sys=0.00, real=0.00 secs] 
276.278: Total time for which application threads were stopped: 0.0045010 seconds, Stopping threads took: 0.0021830 seconds
276.325: Application time: 0.0470020 seconds
276.327: [GC276.327: [ParNew: 55870K->5919K(55872K), 0.0020460 secs] 126806K->76884K(182144K), 0.0020880 secs] [Times: user=0.02 sys=0.00, real=0.00 secs] 
276.329: Total time for which application threads were stopped: 0.0040680 seconds, Stopping threads took: 0.0019040 seconds
276.377: Application time: 0.0481490 seconds
276.378: [GC276.378: [ParNew: 55583K->6206K(55872K), 0.0021700 secs] 126548K->77368K(182144K), 0.0022140 secs] [Times: user=0.02 sys=0.00, real=0.00 secs] 
276.380: Total time for which application threads were stopped: 0.0030900 seconds, Stopping threads took: 0.0007890 seconds
276.427: Application time: 0.0467130 seconds
276.429: [GC276.429: [ParNew: 55870K->6207K(55872K), 0.0025010 secs] 127032K->78442K(182144K), 0.0025440 secs] [Times: user=0.01 sys=0.00, real=0.00 secs] 
276.431: Total time for which application threads were stopped: 0.0041360 seconds, Stopping threads took: 0.0015020 seconds
276.481: Application time: 0.0495380 seconds
276.483: [GC276.483: [ParNew: 55871K->5207K(55872K), 0.0016920 secs] 128106K->77499K(182144K), 0.0017310 secs] [Times: user=0.01 sys=0.00, real=0.00 secs] 
276.485: Total time for which application threads were stopped: 0.0043050 seconds, Stopping threads took: 0.0024850 seconds
276.533: Application time: 0.0480120 seconds
276.535: [GC276.535: [ParNew: 54871K->4785K(55872K), 0.0016390 secs] 127163K->77134K(182144K), 0.0016780 secs] [Times: user=0.01 sys=0.00, real=0.00 secs] 
276.537: Total time for which application threads were stopped: 0.0040360 seconds, Stopping threads took: 0.0022940 seconds
276.585: Application time: 0.0478380 seconds
276.588: [GC276.588: [ParNew: 54449K->6206K(55872K), 0.0022670 secs] 126798K->78734K(182144K), 0.0023100 secs] [Times: user=0.01 sys=0.00, real=0.00 secs] 
276.591: Total time for which application threads were stopped: 0.0057470 seconds, Stopping threads took: 0.0033560 seconds
276.639: Application time: 0.0481740 seconds
276.640: [GC276.640: [ParNew: 55870K->4322K(55872K), 0.0015320 secs] 128398K->76849K(182144K), 0.0015690 secs] [Times: user=0.01 sys=0.00, real=0.01 secs] 
276.641: Total time for which application threads were stopped: 0.0025380 seconds, Stopping threads took: 0.0009080 seconds
276.692: Application time: 0.0505580 seconds
276.695: [GC276.695: [ParNew: 53986K->3923K(55872K), 0.0012800 secs] 126513K->76479K(182144K), 0.0013150 secs] [Times: user=0.01 sys=0.00, real=0.00 secs] 
276.696: Total time for which application threads were stopped: 0.0038130 seconds, Stopping threads took: 0.0024160 seconds
276.748: Application time: 0.0520030 seconds
276.751: [GC276.751: [ParNew: 53587K->4385K(55872K), 0.0015440 secs] 126143K->76970K(182144K), 0.0015810 secs] [Times: user=0.01 sys=0.00, real=0.00 secs] 
276.753: Total time for which application threads were stopped: 0.0046840 seconds, Stopping threads took: 0.0030090 seconds
276.803: Application time: 0.0501010 seconds
276.805: [GC276.805: [ParNew: 54049K->4348K(55872K), 0.0015200 secs] 126634K->76933K(182144K), 0.0015620 secs] [Times: user=0.01 sys=0.00, real=0.00 secs] 
276.807: Total time for which application threads were stopped: 0.0044240 seconds, Stopping threads took: 0.0027960 seconds
276.855: Application time: 0.0480440 seconds
276.857: [GC276.857: [ParNew: 54011K->5709K(55872K), 0.0018730 secs] 126596K->78322K(182144K), 0.0019200 secs] [Times: user=0.01 sys=0.00, real=0.00 secs] 
276.859: Total time for which application threads were stopped: 0.0035200 seconds, Stopping threads took: 0.0015320 seconds
276.906: Application time: 0.0477870 seconds
276.909: [GC276.909: [ParNew: 55373K->6196K(55872K), 0.0019420 secs] 127986K->78837K(182144K), 0.0019890 secs] [Times: user=0.02 sys=0.00, real=0.00 secs] 
276.911: Total time for which application threads were stopped: 0.0041000 seconds, Stopping threads took: 0.0020230 seconds
276.958: Application time: 0.0474740 seconds
276.960: [GC276.960: [ParNew: 55860K->6207K(55872K), 0.0024130 secs] 128501K->79679K(182144K), 0.0024720 secs] [Times: user=0.02 sys=0.00, real=0.01 secs] 
276.962: Total time for which application threads were stopped: 0.0043860 seconds, Stopping threads took: 0.0018340 seconds
277.008: Application time: 0.0454970 seconds
277.010: [GC277.010: [ParNew: 55871K->6207K(55872K), 0.0025240 secs] 129343K->81420K(182144K), 0.0025700 secs] [Times: user=0.02 sys=0.00, real=0.00 secs] 
277.013: Total time for which application threads were stopped: 0.0047340 seconds, Stopping threads took: 0.0020950 seconds
277.061: Application time: 0.0483480 seconds
277.064: [GC277.064: [ParNew: 55871K->6207K(55872K), 0.0021110 secs] 131084K->82226K(182144K), 0.0021570 secs] [Times: user=0.01 sys=0.00, real=0.00 secs] 
277.066: Total time for which application threads were stopped: 0.0054700 seconds, Stopping threads took: 0.0032450 seconds
277.115: Application time: 0.0489860 seconds
277.118: [GC277.118: [ParNew: 55871K->6207K(55872K), 0.0020820 secs] 131890K->82720K(182144K), 0.0021280 secs] [Times: user=0.01 sys=0.00, real=0.00 secs] 
277.120: Total time for which application threads were stopped: 0.0048720 seconds, Stopping threads took: 0.0026770 seconds
277.169: Application time: 0.0489490 seconds
277.172: [GC277.172: [ParNew: 55871K->5543K(55872K), 0.0018450 secs] 132384K->82056K(182144K), 0.0018880 secs] [Times: user=0.01 sys=0.00, real=0.01 secs] 
277.174: Total time for which application threads were stopped: 0.0047950 seconds, Stopping threads took: 0.0028430 seconds
277.221: Application time: 0.0467020 seconds
277.223: [GC277.223: [ParNew: 55207K->6207K(55872K), 0.0024190 secs] 131720K->83949K(182144K), 0.0024650 secs] [Times: user=0.01 sys=0.00, real=0.00 secs] 
277.225: Total time for which application threads were stopped: 0.0045100 seconds, Stopping threads took: 0.0019560 seconds
277.276: Application time: 0.0504170 seconds
277.277: [GC277.277: [ParNew: 55871K->5809K(55872K), 0.0020660 secs] 133613K->83551K(182144K), 0.0021160 secs] [Times: user=0.01 sys=0.00, real=0.00 secs] 
277.280: Total time for which application threads were stopped: 0.0038080 seconds, Stopping threads took: 0.0016190 seconds
277.326: Application time: 0.0466540 seconds
277.328: [GC277.328: [ParNew: 55473K->6206K(55872K), 0.0024530 secs] 133215K->84949K(182144K), 0.0025000 secs] [Times: user=0.01 sys=0.00, real=0.00 secs] 
277.331: Total time for which application threads were stopped: 0.0047560 seconds, Stopping threads took: 0.0021880 seconds
277.378: Application time: 0.0473170 seconds
277.380: [GC277.380: [ParNew: 55870K->6206K(55872K), 0.0021600 secs] 134613K->85605K(182144K), 0.0022030 secs] [Times: user=0.02 sys=0.00, real=0.01 secs] 
277.382: Total time for which application threads were stopped: 0.0040200 seconds, Stopping threads took: 0.0017530 seconds
277.429: Application time: 0.0467540 seconds
277.431: [GC277.431: [ParNew: 55870K->5342K(55872K), 0.0017990 secs] 135269K->84770K(182144K), 0.0018410 secs] [Times: user=0.01 sys=0.00, real=0.00 secs] 
277.433: Total time for which application threads were stopped: 0.0037920 seconds, Stopping threads took: 0.0018830 seconds
277.480: Application time: 0.0472220 seconds
277.482: [GC277.482: [ParNew: 55006K->6206K(55872K), 0.0020480 secs] 134434K->85742K(182144K), 0.0020930 secs] [Times: user=0.02 sys=0.00, real=0.00 secs] 
277.484: Total time for which application threads were stopped: 0.0041480 seconds, Stopping threads took: 0.0019900 seconds
277.534: Application time: 0.0497200 seconds
277.537: [GC277.537: [ParNew: 55870K->6206K(55872K), 0.0022010 secs] 135406K->86429K(182144K), 0.0022470 secs] [Times: user=0.02 sys=0.00, real=0.00 secs] 
277.539: Total time for which application threads were stopped: 0.0055460 seconds, Stopping threads took: 0.0032310 seconds
277.587: Application time: 0.0471260 seconds
277.588: [GC277.588: [ParNew: 55870K->6206K(55872K), 0.0021790 secs] 136093K->87029K(182144K), 0.0022270 secs] [Times: user=0.01 sys=0.00, real=0.00 secs] 
277.590: Total time for which application threads were stopped: 0.0038960 seconds, Stopping threads took: 0.0016000 seconds
277.636: Application time: 0.0451510 seconds
277.638: [GC277.638: [ParNew: 55870K->6207K(55872K), 0.0024360 secs] 136693K->88360K(182144K), 0.0024910 secs] [Times: user=0.02 sys=0.00, real=0.00 secs] 
277.640: Total time for which application threads were stopped: 0.0048250 seconds, Stopping threads took: 0.0022430 seconds
277.692: Application time: 0.0510640 seconds
277.693: [GC277.693: [ParNew: 55871K->6206K(55872K), 0.0020590 secs] 138024K->88479K(182144K), 0.0020980 secs] [Times: user=0.01 sys=0.00, real=0.00 secs] 
277.696: Total time for which application threads were stopped: 0.0040650 seconds, Stopping threads took: 0.0018980 seconds
277.743: Application time: 0.0470860 seconds
277.744: [GC277.744: [ParNew: 55870K->6206K(55872K), 0.0022740 secs] 138143K->89567K(182144K), 0.0023190 secs] [Times: user=0.02 sys=0.00, real=0.00 secs] 
277.747: Total time for which application threads were stopped: 0.0039980 seconds, Stopping threads took: 0.0016130 seconds
277.795: Application time: 0.0481450 seconds
277.798: [GC277.798: [ParNew: 55870K->6207K(55872K), 0.0019410 secs] 139231K->89645K(182144K), 0.0019850 secs] [Times: user=0.02 sys=0.00, real=0.00 secs] 
277.800: Total time for which application threads were stopped: 0.0052720 seconds, Stopping threads took: 0.0032160 seconds
277.846: Application time: 0.0455740 seconds
277.848: [GC277.848: [ParNew: 55871K->6206K(55872K), 0.0023290 secs] 139309K->90685K(182144K), 0.0023720 secs] [Times: user=0.02 sys=0.00, real=0.00 secs] 
277.850: Total time for which application threads were stopped: 0.0043250 seconds, Stopping threads took: 0.0018720 seconds
277.897: Application time: 0.0468300 seconds
277.899: [GC277.899: [ParNew: 55870K->6206K(55872K), 0.0022690 secs] 140349K->91465K(182144K), 0.0023130 secs] [Times: user=0.02 sys=0.00, real=0.00 secs] 
277.901: Total time for which application threads were stopped: 0.0042670 seconds, Stopping threads took: 0.0018710 seconds
277.949: Application time: 0.0482990 seconds
277.951: [GC277.951: [ParNew: 55870K->6207K(55872K), 0.0021250 secs] 141129K->92148K(182144K), 0.0021690 secs] [Times: user=0.02 sys=0.00, real=0.00 secs] 
277.953: Total time for which application threads were stopped: 0.0039880 seconds, Stopping threads took: 0.0017490 seconds
277.998: Application time: 0.0443680 seconds
278.000: [GC278.000: [ParNew: 55871K->6207K(55872K), 0.0024200 secs] 141812K->93806K(182144K), 0.0024660 secs] [Times: user=0.02 sys=0.00, real=0.01 secs] 
278.003: Total time for which application threads were stopped: 0.0049080 seconds, Stopping threads took: 0.0023780 seconds
278.052: Application time: 0.0496390 seconds
278.054: [GC278.054: [ParNew: 55871K->5890K(55872K), 0.0017630 secs] 143470K->93489K(182144K), 0.0018030 secs] [Times: user=0.01 sys=0.00, real=0.00 secs] 
278.056: Total time for which application threads were stopped: 0.0035170 seconds, Stopping threads took: 0.0016250 seconds
278.102: Application time: 0.0463910 seconds
278.104: [GC278.104: [ParNew: 55554K->6207K(55872K), 0.0021490 secs] 143153K->94327K(182144K), 0.0021960 secs] [Times: user=0.02 sys=0.00, real=0.00 secs] 
278.107: Total time for which application threads were stopped: 0.0044230 seconds, Stopping threads took: 0.0021610 seconds
278.154: Application time: 0.0469510 seconds
278.155: [GC278.155: [ParNew: 55871K->6206K(55872K), 0.0019480 secs] 143991K->94452K(182144K), 0.0019870 secs] [Times: user=0.02 sys=0.00, real=0.00 secs] 
278.157: Total time for which application threads were stopped: 0.0036620 seconds, Stopping threads took: 0.0016120 seconds
278.206: Application time: 0.0486410 seconds
278.209: [GC278.209: [ParNew: 55870K->6206K(55872K), 0.0025110 secs] 144116K->96031K(182144K), 0.0025580 secs] [Times: user=0.02 sys=0.00, real=0.00 secs] 
278.211: Total time for which application threads were stopped: 0.0055700 seconds, Stopping threads took: 0.0029340 seconds
278.261: Application time: 0.0492240 seconds
278.263: [GC278.263: [ParNew: 55870K->5892K(55872K), 0.0018050 secs] 145695K->95717K(182144K), 0.0018560 secs] [Times: user=0.01 sys=0.00, real=0.00 secs] 
278.265: Total time for which application threads were stopped: 0.0038760 seconds, Stopping threads took: 0.0019300 seconds
278.312: Application time: 0.0469660 seconds
278.314: [GC278.314: [ParNew: 55556K->6206K(55872K), 0.0022320 secs] 145381K->96772K(182144K), 0.0022760 secs] [Times: user=0.02 sys=0.00, real=0.00 secs] 
278.316: Total time for which application threads were stopped: 0.0045120 seconds, Stopping threads took: 0.0021390 seconds
278.363: Application time: 0.0469970 seconds
278.366: [GC278.366: [ParNew: 55870K->6207K(55872K), 0.0020700 secs] 146436K->97338K(182144K), 0.0021100 secs] [Times: user=0.01 sys=0.00, real=0.00 secs] 
278.368: Total time for which application threads were stopped: 0.0046020 seconds, Stopping threads took: 0.0024050 seconds
278.415: Application time: 0.0470900 seconds
278.417: [GC278.417: [ParNew: 55871K->5645K(55872K), 0.0019100 secs] 147002K->96804K(182144K), 0.0019540 secs] [Times: user=0.01 sys=0.00, real=0.00 secs] 
278.419: Total time for which application threads were stopped: 0.0044150 seconds, Stopping threads took: 0.0023970 seconds
278.469: Application time: 0.0494130 seconds
278.471: [GC278.471: [ParNew: 55309K->6148K(55872K), 0.0021390 secs] 146468K->97336K(182144K), 0.0021830 secs] [Times: user=0.02 sys=0.00, real=0.00 secs] 
278.473: Total time for which application threads were stopped: 0.0045730 seconds, Stopping threads took: 0.0023230 seconds
278.520: Application time: 0.0470180 seconds
278.523: [GC278.523: [ParNew: 55812K->6206K(55872K), 0.0022930 secs] 147000K->97919K(182144K), 0.0023380 secs] [Times: user=0.02 sys=0.00, real=0.00 secs] 
278.525: Total time for which application threads were stopped: 0.0049170 seconds, Stopping threads took: 0.0025110 seconds
278.574: Application time: 0.0484850 seconds
278.577: [GC278.577: [ParNew: 55870K->6206K(55872K), 0.0022920 secs] 147583K->98555K(182144K), 0.0023400 secs] [Times: user=0.02 sys=0.00, real=0.00 secs] 
278.579: Total time for which application threads were stopped: 0.0056620 seconds, Stopping threads took: 0.0032550 seconds
278.627: Application time: 0.0475890 seconds
278.629: [GC278.629: [ParNew: 55870K->6207K(55872K), 0.0021360 secs] 148219K->99096K(182144K), 0.0021790 secs] [Times: user=0.01 sys=0.00, real=0.00 secs] 
278.631: Total time for which application threads were stopped: 0.0041940 seconds, Stopping threads took: 0.0019460 seconds
278.679: Application time: 0.0476940 seconds
278.681: [GC278.681: [ParNew: 55871K->6207K(55872K), 0.0023960 secs] 148760K->100393K(182144K), 0.0024450 secs] [Times: user=0.02 sys=0.00, real=0.01 secs] 
278.683: Total time for which application threads were stopped: 0.0043840 seconds, Stopping threads took: 0.0018450 seconds
278.730: Application time: 0.0464160 seconds
278.732: [GC278.732: [ParNew: 55871K->6207K(55872K), 0.0023890 secs] 150057K->101493K(182144K), 0.0024400 secs] [Times: user=0.01 sys=0.00, real=0.01 secs] 
278.734: Total time for which application threads were stopped: 0.0048610 seconds, Stopping threads took: 0.0023530 seconds
278.783: Application time: 0.0490670 seconds
278.785: [GC278.785: [ParNew: 55871K->6207K(55872K), 0.0020810 secs] 151157K->101548K(182144K), 0.0021250 secs] [Times: user=0.02 sys=0.00, real=0.00 secs] 
278.787: Total time for which application threads were stopped: 0.0038070 seconds, Stopping threads took: 0.0016160 seconds
278.837: Application time: 0.0493060 seconds
278.839: [GC278.839: [ParNew: 55871K->4690K(55872K), 0.0017770 secs] 151212K->100031K(182144K), 0.0018180 secs] [Times: user=0.01 sys=0.00, real=0.00 secs] 
278.841: Total time for which application threads were stopped: 0.0043120 seconds, Stopping threads took: 0.0024220 seconds
278.889: Application time: 0.0480960 seconds
278.891: [GC278.891: [ParNew: 54354K->6206K(55872K), 0.0020630 secs] 149695K->101934K(182144K), 0.0021090 secs] [Times: user=0.02 sys=0.00, real=0.00 secs] 
278.893: Total time for which application threads were stopped: 0.0041190 seconds, Stopping threads took: 0.0019420 seconds
278.941: Application time: 0.0474920 seconds
278.944: [GC278.944: [ParNew: 55870K->6207K(55872K), 0.0023520 secs] 151598K->102202K(182144K), 0.0024050 secs] [Times: user=0.01 sys=0.00, real=0.00 secs] 
278.946: Total time for which application threads were stopped: 0.0054980 seconds, Stopping threads took: 0.0030060 seconds
278.994: Application time: 0.0481620 seconds
278.996: [GC278.996: [ParNew: 55871K->6207K(55872K), 0.0025350 secs] 151866K->103851K(182144K), 0.0025850 secs] [Times: user=0.01 sys=0.00, real=0.00 secs] 
278.999: Total time for which application threads were stopped: 0.0047410 seconds, Stopping threads took: 0.0020780 seconds
279.050: Application time: 0.0509400 seconds
279.051: [GC279.051: [ParNew: 55871K->6207K(55872K), 0.0024850 secs] 153515K->105534K(182144K), 0.0025290 secs] [Times: user=0.02 sys=0.00, real=0.00 secs] 
279.053: Total time for which application threads were stopped: 0.0032860 seconds, Stopping threads took: 0.0006680 seconds
279.100: Application time: 0.0471150 seconds
279.102: [GC279.102: [ParNew: 55871K->6206K(55872K), 0.0021330 secs] 155198K->106201K(182144K), 0.0021760 secs] [Times: user=0.02 sys=0.00, real=0.00 secs] 
279.104: Total time for which application threads were stopped: 0.0040240 seconds, Stopping threads took: 0.0017600 seconds
279.150: Application time: 0.0459920 seconds
279.153: [GC279.153: [ParNew: 55870K->6207K(55872K), 0.0025390 secs] 155865K->107772K(182144K), 0.0025830 secs] [Times: user=0.02 sys=0.00, real=0.00 secs] 
279.156: Total time for which application threads were stopped: 0.0056680 seconds, Stopping threads took: 0.0029940 seconds
279.204: Application time: 0.0482680 seconds
279.207: [GC279.207: [ParNew: 55871K->6206K(55872K), 0.0023840 secs] 157436K->108856K(182144K), 0.0024280 secs] [Times: user=0.01 sys=0.00, real=0.00 secs] 
279.210: Total time for which application threads were stopped: 0.0055070 seconds, Stopping threads took: 0.0029980 seconds
279.257: Application time: 0.0470530 seconds
279.260: [GC279.260: [ParNew: 55870K->6177K(55872K), 0.0019410 secs] 158520K->108908K(182144K), 0.0019840 secs] [Times: user=0.02 sys=0.00, real=0.01 secs] 
279.262: Total time for which application threads were stopped: 0.0046290 seconds, Stopping threads took: 0.0025600 seconds
279.307: Application time: 0.0452640 seconds
279.309: [GC279.309: [ParNew: 55841K->6206K(55872K), 0.0024270 secs] 158572K->110448K(182144K), 0.0024760 secs] [Times: user=0.02 sys=0.00, real=0.00 secs] 
279.311: Total time for which application threads were stopped: 0.0045760 seconds, Stopping threads took: 0.0020380 seconds
279.360: Application time: 0.0489270 seconds
279.363: [GC279.363: [ParNew: 55870K->5468K(55872K), 0.0018100 secs] 160112K->109709K(182144K), 0.0018510 secs] [Times: user=0.01 sys=0.00, real=0.00 secs] 
279.365: Total time for which application threads were stopped: 0.0044260 seconds, Stopping threads took: 0.0025010 seconds
 CMS: abort preclean due to time 279.366: [CMS-concurrent-abortable-preclean: 0.267/5.005 secs] [Times: user=38.37 sys=0.13, real=5.01 secs] 
279.366: Application time: 0.0011430 seconds
279.368: [GC[YG occupancy: 9171 K (55872 K)]279.368: [Rescan (parallel) , 0.0004620 secs]279.368: [weak refs processing, 0.0000070 secs]279.368: [scrub string table, 0.0001170 secs] [1 CMS-remark: 104241K(126272K)] 113413K(182144K), 0.0006350 secs] [Times: user=0.01 sys=0.00, real=0.00 secs] 
279.368: Total time for which application threads were stopped: 0.0024620 seconds, Stopping threads took: 0.0017790 seconds
279.368: [CMS-concurrent-sweep-start]
279.375: [CMS-concurrent-sweep: 0.007/0.007 secs] [Times: user=0.04 sys=0.00, real=0.01 secs] 
279.375: [CMS-concurrent-reset-start]
279.376: [CMS-concurrent-reset: 0.000/0.000 secs] [Times: user=0.00 sys=0.00, real=0.00 secs] 
279.413: Application time: 0.0451020 seconds
279.416: [GC279.416: [ParNew: 55132K->6207K(55872K), 0.0024140 secs] 112424K->64682K(182144K), 0.0024580 secs] [Times: user=0.01 sys=0.00, real=0.00 secs] 
279.419: Total time for which application threads were stopped: 0.0051770 seconds, Stopping threads took: 0.0026410 seconds
279.419: Application time: 0.0001320 seconds
279.422: [GC [1 CMS-initial-mark: 58474K(126272K)] 65294K(182144K), 0.0002100 secs] [Times: user=0.00 sys=0.00, real=0.00 secs] 
279.422: Total time for which application threads were stopped: 0.0032750 seconds, Stopping threads took: 0.0030410 seconds
279.422: [CMS-concurrent-mark-start]
279.425: [CMS-concurrent-mark: 0.003/0.003 secs] [Times: user=0.01 sys=0.00, real=0.00 secs] 
279.425: [CMS-concurrent-preclean-start]
279.425: [CMS-concurrent-preclean: 0.000/0.000 secs] [Times: user=0.00 sys=0.00, real=0.00 secs] 
279.425: [CMS-concurrent-abortable-preclean-start]
279.469: Application time: 0.0473260 seconds
279.473: [GC279.473: [ParNew: 55871K->6207K(55872K), 0.0022290 secs] 114346K->65786K(182144K), 0.0022750 secs] [Times: user=0.01 sys=0.00, real=0.01 secs] 
279.475: Total time for which application threads were stopped: 0.0056880 seconds, Stopping threads took: 0.0033440 seconds
279.522: Application time: 0.0471310 seconds
279.525: [GC279.525: [ParNew: 55871K->6206K(55872K), 0.0022080 secs] 115450K->66761K(182144K), 0.0022550 secs] [Times: user=0.02 sys=0.00, real=0.00 secs] 
279.527: Total time for which application threads were stopped: 0.0052010 seconds, Stopping threads took: 0.0028780 seconds
279.575: Application time: 0.0479100 seconds
279.578: [GC279.578: [ParNew: 55870K->6207K(55872K), 0.0023670 secs] 116425K->68031K(182144K), 0.0024090 secs] [Times: user=0.02 sys=0.00, real=0.00 secs] 
279.580: Total time for which application threads were stopped: 0.0051510 seconds, Stopping threads took: 0.0026560 seconds
279.628: Application time: 0.0479880 seconds
279.631: [GC279.631: [ParNew: 55871K->5934K(55872K), 0.0018150 secs] 117695K->67815K(182144K), 0.0018590 secs] [Times: user=0.02 sys=0.00, real=0.00 secs] 
279.633: Total time for which application threads were stopped: 0.0043740 seconds, Stopping threads took: 0.0024480 seconds
279.682: Application time: 0.0493580 seconds
279.683: [GC279.683: [ParNew: 55598K->4794K(55872K), 0.0016220 secs] 117479K->66676K(182144K), 0.0016640 secs] [Times: user=0.01 sys=0.00, real=0.00 secs] 
279.685: Total time for which application threads were stopped: 0.0029080 seconds, Stopping threads took: 0.0011780 seconds
279.734: Application time: 0.0492220 seconds
279.735: [GC279.735: [ParNew: 54458K->6207K(55872K), 0.0020490 secs] 116340K->68537K(182144K), 0.0020940 secs] [Times: user=0.02 sys=0.00, real=0.00 secs] 
279.737: Total time for which application threads were stopped: 0.0027490 seconds, Stopping threads took: 0.0005880 seconds
279.786: Application time: 0.0485810 seconds
279.787: [GC279.787: [ParNew: 55871K->5133K(55872K), 0.0017040 secs] 118201K->67548K(182144K), 0.0017460 secs] [Times: user=0.01 sys=0.00, real=0.00 secs] 
279.788: Total time for which application threads were stopped: 0.0026590 seconds, Stopping threads took: 0.0008470 seconds
279.837: Application time: 0.0489890 seconds
279.840: [GC279.840: [ParNew: 54797K->5530K(55872K), 0.0016770 secs] 117212K->67945K(182144K), 0.0017200 secs] [Times: user=0.01 sys=0.00, real=0.01 secs] 
279.842: Total time for which application threads were stopped: 0.0042260 seconds, Stopping threads took: 0.0024220 seconds
279.890: Application time: 0.0482010 seconds
279.893: [GC279.893: [ParNew: 55194K->5469K(55872K), 0.0015890 secs] 117609K->67884K(182144K), 0.0016320 secs] [Times: user=0.01 sys=0.00, real=0.01 secs] 
279.895: Total time for which application threads were stopped: 0.0051340 seconds, Stopping threads took: 0.0034240 seconds
279.941: Application time: 0.0459950 seconds
279.943: [GC279.943: [ParNew: 55133K->6207K(55872K), 0.0022410 secs] 117548K->69368K(182144K), 0.0022940 secs] [Times: user=0.01 sys=0.00, real=0.00 secs] 
279.945: Total time for which application threads were stopped: 0.0045260 seconds, Stopping threads took: 0.0021420 seconds
279.991: Application time: 0.0453610 seconds
279.993: [GC279.993: [ParNew: 55871K->6207K(55872K), 0.0024420 secs] 119032K->70543K(182144K), 0.0024860 secs] [Times: user=0.02 sys=0.00, real=0.01 secs] 
279.996: Total time for which application threads were stopped: 0.0047440 seconds, Stopping threads took: 0.0021850 seconds
280.038: Application time: 0.0425380 seconds
280.041: [GC280.041: [ParNew: 55871K->6206K(55872K), 0.0022090 secs] 120207K->71615K(182144K), 0.0022510 secs] [Times: user=0.01 sys=0.00, real=0.01 secs] 
280.043: Total time for which application threads were stopped: 0.0051870 seconds, Stopping threads took: 0.0028720 seconds
280.090: Application time: 0.0466930 seconds
280.092: [GC280.092: [ParNew: 55870K->4639K(55872K), 0.0015060 secs] 121279K->70076K(182144K), 0.0015450 secs] [Times: user=0.01 sys=0.00, real=0.01 secs] 
280.093: Total time for which application threads were stopped: 0.0035370 seconds, Stopping threads took: 0.0019320 seconds
280.138: Application time: 0.0442390 seconds
280.140: [GC280.140: [ParNew: 54303K->6206K(55872K), 0.0022000 secs] 119740K->72500K(182144K), 0.0022470 secs] [Times: user=0.02 sys=0.00, real=0.01 secs] 
280.142: Total time for which application threads were stopped: 0.0045720 seconds, Stopping threads took: 0.0022590 seconds
280.187: Application time: 0.0448680 seconds
280.190: [GC280.190: [ParNew: 55870K->6207K(55872K), 0.0020700 secs] 122164K->73308K(182144K), 0.0021110 secs] [Times: user=0.02 sys=0.00, real=0.00 secs] 
280.192: Total time for which application threads were stopped: 0.0050690 seconds, Stopping threads took: 0.0028930 seconds
280.237: Application time: 0.0452090 seconds
280.238: [GC280.238: [ParNew: 55871K->4897K(55872K), 0.0014970 secs] 122972K->71998K(182144K), 0.0015350 secs] [Times: user=0.01 sys=0.00, real=0.00 secs] 
280.240: Total time for which application threads were stopped: 0.0023980 seconds, Stopping threads took: 0.0008020 seconds
280.286: Application time: 0.0457730 seconds
280.287: [GC280.287: [ParNew: 54561K->5324K(55872K), 0.0017580 secs] 121662K->72522K(182144K), 0.0017980 secs] [Times: user=0.01 sys=0.00, real=0.00 secs] 
280.288: Total time for which application threads were stopped: 0.0028470 seconds, Stopping threads took: 0.0009870 seconds
280.334: Application time: 0.0454700 seconds
280.336: [GC280.336: [ParNew: 54988K->5842K(55872K), 0.0018630 secs] 122186K->73057K(182144K), 0.0019070 secs] [Times: user=0.02 sys=0.00, real=0.00 secs] 
280.338: Total time for which application threads were stopped: 0.0037010 seconds, Stopping threads took: 0.0017280 seconds
280.383: Application time: 0.0454670 seconds
280.384: [GC280.384: [ParNew: 55506K->5135K(55872K), 0.0015760 secs] 122721K->72350K(182144K), 0.0016140 secs] [Times: user=0.01 sys=0.00, real=0.00 secs] 
280.385: Total time for which application threads were stopped: 0.0023150 seconds, Stopping threads took: 0.0006390 seconds
280.430: Application time: 0.0447630 seconds
280.434: [GC280.434: [ParNew: 54799K->5220K(55872K), 0.0015180 secs] 122014K->72434K(182144K), 0.0015560 secs] [Times: user=0.01 sys=0.00, real=0.00 secs] 
280.435: Total time for which application threads were stopped: 0.0049070 seconds, Stopping threads took: 0.0032810 seconds
280.480: Application time: 0.0447540 seconds
280.482: [GC280.482: [ParNew: 54884K->6207K(55872K), 0.0023170 secs] 122098K->74402K(182144K), 0.0023590 secs] [Times: user=0.02 sys=0.00, real=0.00 secs] 
280.484: Total time for which application threads were stopped: 0.0043190 seconds, Stopping threads took: 0.0018950 seconds
280.530: Application time: 0.0453680 seconds
280.533: [GC280.533: [ParNew: 55871K->6206K(55872K), 0.0024630 secs] 124066K->76103K(182144K), 0.0025100 secs] [Times: user=0.01 sys=0.00, real=0.01 secs] 
280.535: Total time for which application threads were stopped: 0.0056850 seconds, Stopping threads took: 0.0031100 seconds
280.581: Application time: 0.0457620 seconds
280.583: [GC280.583: [ParNew: 55870K->5941K(55872K), 0.0018330 secs] 125767K->75866K(182144K), 0.0018740 secs] [Times: user=0.02 sys=0.00, real=0.00 secs] 
280.585: Total time for which application threads were stopped: 0.0040420 seconds, Stopping threads took: 0.0021040 seconds
280.631: Application time: 0.0459460 seconds
280.632: [GC280.632: [ParNew: 55605K->6013K(55872K), 0.0020310 secs] 125530K->75939K(182144K), 0.0020830 secs] [Times: user=0.01 sys=0.00, real=0.01 secs] 
280.634: Total time for which application threads were stopped: 0.0034430 seconds, Stopping threads took: 0.0012940 seconds
280.678: Application time: 0.0435380 seconds
280.680: [GC280.680: [ParNew: 55677K->6207K(55872K), 0.0022160 secs] 125603K->76822K(182144K), 0.0022580 secs] [Times: user=0.02 sys=0.00, real=0.01 secs] 
280.682: Total time for which application threads were stopped: 0.0041030 seconds, Stopping threads took: 0.0017820 seconds
280.727: Application time: 0.0449520 seconds
280.730: [GC280.730: [ParNew: 55871K->5312K(55872K), 0.0016230 secs] 126486K->75927K(182144K), 0.0016650 secs] [Times: user=0.00 sys=0.00, real=0.00 secs] 
280.732: Total time for which application threads were stopped: 0.0048950 seconds, Stopping threads took: 0.0031670 seconds
280.776: Application time: 0.0444060 seconds
280.778: [GC280.778: [ParNew: 54976K->5177K(55872K), 0.0017430 secs] 125591K->75820K(182144K), 0.0017840 secs] [Times: user=0.01 sys=0.00, real=0.00 secs] 
280.780: Total time for which application threads were stopped: 0.0032720 seconds, Stopping threads took: 0.0014250 seconds
280.825: Application time: 0.0450110 seconds
280.826: [GC280.826: [ParNew: 54841K->5014K(55872K), 0.0018120 secs] 125484K->75743K(182144K), 0.0018520 secs] [Times: user=0.02 sys=0.00, real=0.00 secs] 
280.828: Total time for which application threads were stopped: 0.0033920 seconds, Stopping threads took: 0.0014790 seconds
280.873: Application time: 0.0446500 seconds
280.874: [GC280.874: [ParNew: 54678K->5026K(55872K), 0.0016240 secs] 125407K->75754K(182144K), 0.0016690 secs] [Times: user=0.02 sys=0.00, real=0.00 secs] 
280.876: Total time for which application threads were stopped: 0.0033830 seconds, Stopping threads took: 0.0016270 seconds
280.919: Application time: 0.0433470 seconds
280.922: [GC280.922: [ParNew: 54690K->6206K(55872K), 0.0022580 secs] 125418K->78161K(182144K), 0.0023000 secs] [Times: user=0.01 sys=0.00, real=0.00 secs] 
280.924: Total time for which application threads were stopped: 0.0046920 seconds, Stopping threads took: 0.0023260 seconds
280.969: Application time: 0.0452160 seconds
280.970: [GC280.970: [ParNew: 55870K->6206K(55872K), 0.0019240 secs] 127825K->78436K(182144K), 0.0019670 secs] [Times: user=0.01 sys=0.00, real=0.00 secs] 
280.972: Total time for which application threads were stopped: 0.0029880 seconds, Stopping threads took: 0.0009480 seconds
281.020: Application time: 0.0476780 seconds
281.022: [GC281.022: [ParNew: 55870K->5431K(55872K), 0.0016840 secs] 128100K->77661K(182144K), 0.0017180 secs] [Times: user=0.01 sys=0.00, real=0.00 secs] 
281.023: Total time for which application threads were stopped: 0.0033760 seconds, Stopping threads took: 0.0015980 seconds
281.069: Application time: 0.0453000 seconds
281.071: [GC281.071: [ParNew: 55095K->6207K(55872K), 0.0020300 secs] 127325K->78632K(182144K), 0.0020700 secs] [Times: user=0.02 sys=0.00, real=0.00 secs] 
281.073: Total time for which application threads were stopped: 0.0045020 seconds, Stopping threads took: 0.0023690 seconds
281.119: Application time: 0.0454610 seconds
281.120: [GC281.120: [ParNew: 55871K->6105K(55872K), 0.0018260 secs] 128296K->78558K(182144K), 0.0018670 secs] [Times: user=0.02 sys=0.00, real=0.01 secs] 
281.122: Total time for which application threads were stopped: 0.0035900 seconds, Stopping threads took: 0.0016570 seconds
281.169: Application time: 0.0469780 seconds
281.170: [GC281.170: [ParNew: 55769K->4473K(55872K), 0.0015640 secs] 128222K->76983K(182144K), 0.0016000 secs] [Times: user=0.02 sys=0.00, real=0.00 secs] 
281.172: Total time for which application threads were stopped: 0.0027590 seconds, Stopping threads took: 0.0011000 seconds
281.217: Application time: 0.0450520 seconds
281.220: [GC281.220: [ParNew: 54137K->6206K(55872K), 0.0022360 secs] 126647K->79538K(182144K), 0.0022780 secs] [Times: user=0.01 sys=0.00, real=0.01 secs] 
281.222: Total time for which application threads were stopped: 0.0048090 seconds, Stopping threads took: 0.0024590 seconds
281.265: Application time: 0.0432040 seconds
281.268: [GC281.268: [ParNew: 55870K->6012K(55872K), 0.0018110 secs] 129202K->79343K(182144K), 0.0018690 secs] [Times: user=0.01 sys=0.00, real=0.00 secs] 
281.269: Total time for which application threads were stopped: 0.0043490 seconds, Stopping threads took: 0.0024130 seconds
281.313: Application time: 0.0434630 seconds
281.315: [GC281.315: [ParNew: 55676K->6206K(55872K), 0.0021560 secs] 129007K->80422K(182144K), 0.0022030 secs] [Times: user=0.01 sys=0.00, real=0.00 secs] 
281.317: Total time for which application threads were stopped: 0.0043010 seconds, Stopping threads took: 0.0020320 seconds
281.362: Application time: 0.0444480 seconds
281.364: [GC281.364: [ParNew: 55869K->6206K(55872K), 0.0021090 secs] 130085K->81286K(182144K), 0.0021560 secs] [Times: user=0.01 sys=0.00, real=0.00 secs] 
281.366: Total time for which application threads were stopped: 0.0042330 seconds, Stopping threads took: 0.0020140 seconds
281.412: Application time: 0.0463780 seconds
281.414: [GC281.414: [ParNew: 55870K->5538K(55872K), 0.0019550 secs] 130950K->80618K(182144K), 0.0019950 secs] [Times: user=0.01 sys=0.00, real=0.00 secs] 
281.416: Total time for which application threads were stopped: 0.0034070 seconds, Stopping threads took: 0.0013490 seconds
281.460: Application time: 0.0444040 seconds
281.462: [GC281.462: [ParNew: 55202K->6207K(55872K), 0.0023270 secs] 130282K->82318K(182144K), 0.0023700 secs] [Times: user=0.02 sys=0.00, real=0.00 secs] 
281.464: Total time for which application threads were stopped: 0.0038710 seconds, Stopping threads took: 0.0014420 seconds
281.510: Application time: 0.0464760 seconds
281.513: [GC281.513: [ParNew: 55871K->4821K(55872K), 0.0015960 secs] 131982K->80931K(182144K), 0.0016330 secs] [Times: user=0.02 sys=0.00, real=0.01 secs] 
281.515: Total time for which application threads were stopped: 0.0041080 seconds, Stopping threads took: 0.0023960 seconds
281.559: Application time: 0.0443560 seconds
281.560: [GC281.560: [ParNew: 54485K->4745K(55872K), 0.0017690 secs] 130595K->80855K(182144K), 0.0018080 secs] [Times: user=0.02 sys=0.00, real=0.01 secs] 
281.562: Total time for which application threads were stopped: 0.0032910 seconds, Stopping threads took: 0.0014280 seconds
281.609: Application time: 0.0466350 seconds
281.610: [GC281.610: [ParNew: 54409K->5319K(55872K), 0.0016520 secs] 130519K->81429K(182144K), 0.0016930 secs] [Times: user=0.01 sys=0.00, real=0.00 secs] 
281.612: Total time for which application threads were stopped: 0.0033210 seconds, Stopping threads took: 0.0015720 seconds
281.655: Application time: 0.0430740 seconds
281.658: [GC281.658: [ParNew: 54983K->6207K(55872K), 0.0023300 secs] 131093K->83400K(182144K), 0.0023730 secs] [Times: user=0.02 sys=0.00, real=0.00 secs] 
281.660: Total time for which application threads were stopped: 0.0048640 seconds, Stopping threads took: 0.0024260 seconds
281.705: Application time: 0.0446180 seconds
281.707: [GC281.707: [ParNew: 55871K->6006K(55872K), 0.0019050 secs] 133064K->83227K(182144K), 0.0019480 secs] [Times: user=0.02 sys=0.00, real=0.00 secs] 
281.709: Total time for which application threads were stopped: 0.0040180 seconds, Stopping threads took: 0.0020060 seconds
281.754: Application time: 0.0449390 seconds
281.755: [GC281.755: [ParNew: 55670K->6084K(55872K), 0.0018610 secs] 132891K->83305K(182144K), 0.0019110 secs] [Times: user=0.01 sys=0.00, real=0.00 secs] 
281.757: Total time for which application threads were stopped: 0.0037500 seconds, Stopping threads took: 0.0017730 seconds
281.803: Application time: 0.0458320 seconds
281.805: [GC281.805: [ParNew: 55748K->5663K(55872K), 0.0018170 secs] 132969K->82913K(182144K), 0.0018610 secs] [Times: user=0.02 sys=0.00, real=0.00 secs] 
281.807: Total time for which application threads were stopped: 0.0038710 seconds, Stopping threads took: 0.0019450 seconds
281.853: Application time: 0.0457210 seconds
281.855: [GC281.855: [ParNew: 55327K->6207K(55872K), 0.0021010 secs] 132577K->83624K(182144K), 0.0021550 secs] [Times: user=0.01 sys=0.00, real=0.00 secs] 
281.857: Total time for which application threads were stopped: 0.0046100 seconds, Stopping threads took: 0.0023680 seconds
281.903: Application time: 0.0452800 seconds
281.904: [GC281.904: [ParNew: 55871K->5938K(55872K), 0.0020320 secs] 133288K->83354K(182144K), 0.0020730 secs] [Times: user=0.01 sys=0.00, real=0.00 secs] 
281.907: Total time for which application threads were stopped: 0.0038100 seconds, Stopping threads took: 0.0016540 seconds
281.950: Application time: 0.0436600 seconds
281.952: [GC281.952: [ParNew: 55602K->5786K(55872K), 0.0019630 secs] 133018K->83202K(182144K), 0.0020080 secs] [Times: user=0.01 sys=0.00, real=0.01 secs] 
281.954: Total time for which application threads were stopped: 0.0035490 seconds, Stopping threads took: 0.0014760 seconds
282.003: Application time: 0.0490820 seconds
282.004: [GC282.004: [ParNew: 55450K->4278K(55872K), 0.0014610 secs] 132866K->81723K(182144K), 0.0015020 secs] [Times: user=0.01 sys=0.00, real=0.00 secs] 
282.006: Total time for which application threads were stopped: 0.0029890 seconds, Stopping threads took: 0.0014020 seconds
282.050: Application time: 0.0443790 seconds
282.051: [GC282.051: [ParNew: 53942K->6207K(55872K), 0.0019050 secs] 131387K->83662K(182144K), 0.0019500 secs] [Times: user=0.01 sys=0.00, real=0.00 secs] 
282.053: Total time for which application threads were stopped: 0.0031800 seconds, Stopping threads took: 0.0011250 seconds
282.098: Application time: 0.0449760 seconds
282.100: [GC282.100: [ParNew: 55871K->6206K(55872K), 0.0024410 secs] 133326K->84915K(182144K), 0.0024920 secs] [Times: user=0.02 sys=0.00, real=0.01 secs] 
282.103: Total time for which application threads were stopped: 0.0041640 seconds, Stopping threads took: 0.0016050 seconds
282.145: Application time: 0.0427960 seconds
282.148: [GC282.148: [ParNew: 55870K->6206K(55872K), 0.0025030 secs] 134579K->86078K(182144K), 0.0025500 secs] [Times: user=0.02 sys=0.00, real=0.00 secs] 
282.150: Total time for which application threads were stopped: 0.0049720 seconds, Stopping threads took: 0.0023520 seconds
282.195: Application time: 0.0443650 seconds
282.198: [GC282.198: [ParNew: 55870K->6207K(55872K), 0.0022510 secs] 135742K->87160K(182144K), 0.0022930 secs] [Times: user=0.02 sys=0.00, real=0.00 secs] 
282.200: Total time for which application threads were stopped: 0.0051570 seconds, Stopping threads took: 0.0027980 seconds
282.245: Application time: 0.0447660 seconds
282.247: [GC282.247: [ParNew: 55871K->6206K(55872K), 0.0021710 secs] 136824K->87998K(182144K), 0.0022110 secs] [Times: user=0.02 sys=0.00, real=0.00 secs] 
282.249: Total time for which application threads were stopped: 0.0045410 seconds, Stopping threads took: 0.0022670 seconds
282.295: Application time: 0.0456550 seconds
282.297: [GC282.297: [ParNew: 55870K->5887K(55872K), 0.0018740 secs] 137662K->87708K(182144K), 0.0019180 secs] [Times: user=0.02 sys=0.00, real=0.00 secs] 
282.299: Total time for which application threads were stopped: 0.0038020 seconds, Stopping threads took: 0.0017980 seconds
282.342: Application time: 0.0432860 seconds
282.344: [GC282.344: [ParNew: 55551K->6207K(55872K), 0.0022450 secs] 137372K->88423K(182144K), 0.0022900 secs] [Times: user=0.01 sys=0.00, real=0.00 secs] 
282.346: Total time for which application threads were stopped: 0.0039240 seconds, Stopping threads took: 0.0015700 seconds
282.391: Application time: 0.0451850 seconds
282.393: [GC282.393: [ParNew: 55871K->6206K(55872K), 0.0021310 secs] 138087K->89089K(182144K), 0.0021850 secs] [Times: user=0.02 sys=0.00, real=0.01 secs] 
282.396: Total time for which application threads were stopped: 0.0045470 seconds, Stopping threads took: 0.0022950 seconds
282.439: Application time: 0.0437890 seconds
282.442: [GC282.442: [ParNew: 55870K->6206K(55872K), 0.0022370 secs] 138753K->90001K(182144K), 0.0022810 secs] [Times: user=0.01 sys=0.00, real=0.00 secs] 
282.444: Total time for which application threads were stopped: 0.0050040 seconds, Stopping threads took: 0.0026370 seconds
282.489: Application time: 0.0451150 seconds
282.492: [GC282.492: [ParNew: 55870K->6207K(55872K), 0.0020890 secs] 139665K->90124K(182144K), 0.0021360 secs] [Times: user=0.01 sys=0.00, real=0.01 secs] 
282.494: Total time for which application threads were stopped: 0.0047410 seconds, Stopping threads took: 0.0025190 seconds
282.540: Application time: 0.0460650 seconds
282.541: [GC282.541: [ParNew: 55871K->5803K(55872K), 0.0018920 secs] 139788K->89748K(182144K), 0.0019350 secs] [Times: user=0.01 sys=0.00, real=0.01 secs] 
282.543: Total time for which application threads were stopped: 0.0029900 seconds, Stopping threads took: 0.0009910 seconds
282.589: Application time: 0.0456160 seconds
282.591: [GC282.591: [ParNew: 55467K->6207K(55872K), 0.0020900 secs] 139412K->90883K(182144K), 0.0021340 secs] [Times: user=0.01 sys=0.00, real=0.00 secs] 
282.593: Total time for which application threads were stopped: 0.0038090 seconds, Stopping threads took: 0.0015980 seconds
282.638: Application time: 0.0450530 seconds
282.640: [GC282.640: [ParNew: 55871K->5825K(55872K), 0.0018610 secs] 140547K->90501K(182144K), 0.0019010 secs] [Times: user=0.02 sys=0.00, real=0.01 secs] 
282.642: Total time for which application threads were stopped: 0.0041810 seconds, Stopping threads took: 0.0022170 seconds
282.686: Application time: 0.0441640 seconds
282.688: [GC282.688: [ParNew: 55488K->6206K(55872K), 0.0023300 secs] 140164K->92122K(182144K), 0.0023750 secs] [Times: user=0.02 sys=0.00, real=0.00 secs] 
282.690: Total time for which application threads were stopped: 0.0041980 seconds, Stopping threads took: 0.0017570 seconds
282.736: Application time: 0.0456740 seconds
282.738: [GC282.738: [ParNew: 55870K->6207K(55872K), 0.0022630 secs] 141786K->93166K(182144K), 0.0023070 secs] [Times: user=0.02 sys=0.00, real=0.00 secs] 
282.741: Total time for which application threads were stopped: 0.0045460 seconds, Stopping threads took: 0.0021750 seconds
282.786: Application time: 0.0458780 seconds
282.787: [GC282.787: [ParNew: 55871K->6206K(55872K), 0.0023920 secs] 142830K->94210K(182144K), 0.0024340 secs] [Times: user=0.01 sys=0.00, real=0.00 secs] 
282.790: Total time for which application threads were stopped: 0.0033880 seconds, Stopping threads took: 0.0008670 seconds
282.837: Application time: 0.0467330 seconds
282.839: [GC282.839: [ParNew: 55870K->6207K(55872K), 0.0022810 secs] 143874K->95533K(182144K), 0.0023260 secs] [Times: user=0.02 sys=0.00, real=0.01 secs] 
282.842: Total time for which application threads were stopped: 0.0050960 seconds, Stopping threads took: 0.0026830 seconds
282.887: Application time: 0.0448680 seconds
282.888: [GC282.888: [ParNew: 55871K->6207K(55872K), 0.0024360 secs] 145197K->96995K(182144K), 0.0024810 secs] [Times: user=0.01 sys=0.00, real=0.00 secs] 
282.891: Total time for which application threads were stopped: 0.0043480 seconds, Stopping threads took: 0.0018020 seconds
282.937: Application time: 0.0463850 seconds
282.940: [GC282.940: [ParNew: 55871K->6206K(55872K), 0.0023450 secs] 146659K->98270K(182144K), 0.0023900 secs] [Times: user=0.02 sys=0.00, real=0.01 secs] 
282.942: Total time for which application threads were stopped: 0.0048860 seconds, Stopping threads took: 0.0024080 seconds
282.987: Application time: 0.0450350 seconds
282.989: [GC282.989: [ParNew: 55870K->6207K(55872K), 0.0023390 secs] 147934K->99420K(182144K), 0.0023830 secs] [Times: user=0.02 sys=0.00, real=0.00 secs] 
282.992: Total time for which application threads were stopped: 0.0044850 seconds, Stopping threads took: 0.0020370 seconds
283.041: Application time: 0.0493350 seconds
283.043: [GC283.043: [ParNew: 55871K->6207K(55872K), 0.0022680 secs] 149084K->100611K(182144K), 0.0023110 secs] [Times: user=0.02 sys=0.00, real=0.00 secs] 
283.045: Total time for which application threads were stopped: 0.0040090 seconds, Stopping threads took: 0.0016340 seconds
283.091: Application time: 0.0462200 seconds
283.093: [GC283.093: [ParNew: 55871K->5879K(55872K), 0.0017800 secs] 150275K->100282K(182144K), 0.0018220 secs] [Times: user=0.02 sys=0.00, real=0.01 secs] 
283.095: Total time for which application threads were stopped: 0.0034410 seconds, Stopping threads took: 0.0015360 seconds
283.141: Application time: 0.0465170 seconds
283.142: [GC283.142: [ParNew: 55543K->6206K(55872K), 0.0019310 secs] 149946K->100633K(182144K), 0.0019760 secs] [Times: user=0.01 sys=0.00, real=0.00 secs] 
283.144: Total time for which application threads were stopped: 0.0027660 seconds, Stopping threads took: 0.0007020 seconds
283.190: Application time: 0.0465120 seconds
283.191: [GC283.191: [ParNew: 55870K->5622K(55872K), 0.0018540 secs] 150297K->100077K(182144K), 0.0018940 secs] [Times: user=0.01 sys=0.00, real=0.00 secs] 
283.193: Total time for which application threads were stopped: 0.0026820 seconds, Stopping threads took: 0.0007220 seconds
283.238: Application time: 0.0443920 seconds
283.239: [GC283.239: [ParNew: 55286K->6207K(55872K), 0.0023630 secs] 149741K->101799K(182144K), 0.0024070 secs] [Times: user=0.02 sys=0.00, real=0.00 secs] 
283.241: Total time for which application threads were stopped: 0.0038270 seconds, Stopping threads took: 0.0013450 seconds
283.287: Application time: 0.0458500 seconds
283.289: [GC283.289: [ParNew: 55871K->6206K(55872K), 0.0020580 secs] 151463K->102193K(182144K), 0.0021000 secs] [Times: user=0.01 sys=0.00, real=0.00 secs] 
283.291: Total time for which application threads were stopped: 0.0037910 seconds, Stopping threads took: 0.0016270 seconds
283.337: Application time: 0.0456730 seconds
283.339: [GC283.339: [ParNew: 55870K->6207K(55872K), 0.0024270 secs] 151857K->103618K(182144K), 0.0024730 secs] [Times: user=0.01 sys=0.00, real=0.01 secs] 
283.341: Total time for which application threads were stopped: 0.0047420 seconds, Stopping threads took: 0.0022010 seconds
283.386: Application time: 0.0445910 seconds
283.387: [GC283.387: [ParNew: 55871K->6206K(55872K), 0.0020570 secs] 153282K->104158K(182144K), 0.0021010 secs] [Times: user=0.02 sys=0.00, real=0.00 secs] 
283.389: Total time for which application threads were stopped: 0.0034470 seconds, Stopping threads took: 0.0012830 seconds
283.434: Application time: 0.0449790 seconds
283.436: [GC283.436: [ParNew: 55870K->6206K(55872K), 0.0021100 secs] 153822K->104605K(182144K), 0.0021540 secs] [Times: user=0.02 sys=0.00, real=0.00 secs] 
283.438: Total time for which application threads were stopped: 0.0039870 seconds, Stopping threads took: 0.0017690 seconds
283.484: Application time: 0.0453290 seconds
283.486: [GC283.486: [ParNew: 55870K->5714K(55872K), 0.0017150 secs] 154269K->104113K(182144K), 0.0017580 secs] [Times: user=0.02 sys=0.00, real=0.00 secs] 
283.487: Total time for which application threads were stopped: 0.0035630 seconds, Stopping threads took: 0.0017400 seconds
283.532: Application time: 0.0446860 seconds
283.534: [GC283.534: [ParNew: 55378K->6063K(55872K), 0.0018900 secs] 153777K->104462K(182144K), 0.0019320 secs] [Times: user=0.01 sys=0.00, real=0.00 secs] 
283.536: Total time for which application threads were stopped: 0.0039510 seconds, Stopping threads took: 0.0019540 seconds
283.582: Application time: 0.0462200 seconds
283.584: [GC283.584: [ParNew: 55727K->6206K(55872K), 0.0021750 secs] 154126K->105067K(182144K), 0.0022130 secs] [Times: user=0.02 sys=0.00, real=0.00 secs] 
283.587: Total time for which application threads were stopped: 0.0043150 seconds, Stopping threads took: 0.0020390 seconds
283.631: Application time: 0.0445010 seconds
283.633: [GC283.633: [ParNew: 55870K->5704K(55872K), 0.0019780 secs] 154731K->104565K(182144K), 0.0020160 secs] [Times: user=0.01 sys=0.00, real=0.01 secs] 
283.635: Total time for which application threads were stopped: 0.0037910 seconds, Stopping threads took: 0.0016840 seconds
283.679: Application time: 0.0439680 seconds
283.682: [GC283.682: [ParNew: 55368K->6207K(55872K), 0.0023380 secs] 154229K->105793K(182144K), 0.0023850 secs] [Times: user=0.02 sys=0.00, real=0.00 secs] 
283.684: Total time for which application threads were stopped: 0.0052190 seconds, Stopping threads took: 0.0027470 seconds
283.729: Application time: 0.0445320 seconds
283.731: [GC283.731: [ParNew: 55871K->6207K(55872K), 0.0023200 secs] 155457K->106900K(182144K), 0.0023720 secs] [Times: user=0.01 sys=0.01, real=0.00 secs] 
283.733: Total time for which application threads were stopped: 0.0047730 seconds, Stopping threads took: 0.0023330 seconds
283.778: Application time: 0.0447340 seconds
283.780: [GC283.780: [ParNew: 55871K->6207K(55872K), 0.0023410 secs] 156564K->108110K(182144K), 0.0023860 secs] [Times: user=0.02 sys=0.00, real=0.01 secs] 
283.783: Total time for which application threads were stopped: 0.0045150 seconds, Stopping threads took: 0.0020650 seconds
283.827: Application time: 0.0448730 seconds
283.830: [GC283.830: [ParNew: 55871K->6207K(55872K), 0.0023150 secs] 157774K->109334K(182144K), 0.0023590 secs] [Times: user=0.02 sys=0.00, real=0.00 secs] 
283.832: Total time for which application threads were stopped: 0.0045710 seconds, Stopping threads took: 0.0021440 seconds
283.877: Application time: 0.0447350 seconds
283.879: [GC283.879: [ParNew: 55871K->6206K(55872K), 0.0023130 secs] 158998K->110524K(182144K), 0.0023560 secs] [Times: user=0.02 sys=0.00, real=0.01 secs] 
283.882: Total time for which application threads were stopped: 0.0050310 seconds, Stopping threads took: 0.0025910 seconds
283.926: Application time: 0.0438280 seconds
283.927: [GC283.927: [ParNew: 55870K->6207K(55872K), 0.0021270 secs] 160188K->111319K(182144K), 0.0021730 secs] [Times: user=0.02 sys=0.00, real=0.00 secs] 
283.930: Total time for which application threads were stopped: 0.0039770 seconds, Stopping threads took: 0.0017370 seconds
283.976: Application time: 0.0464600 seconds
283.978: [GC283.979: [ParNew: 55871K->6206K(55872K), 0.0021930 secs] 160983K->112033K(182144K), 0.0022390 secs] [Times: user=0.01 sys=0.00, real=0.00 secs] 
283.981: Total time for which application threads were stopped: 0.0046930 seconds, Stopping threads took: 0.0023860 seconds
284.027: Application time: 0.0464820 seconds
284.030: [GC284.030: [ParNew: 55870K->6206K(55872K), 0.0023470 secs] 161697K->113259K(182144K), 0.0023900 secs] [Times: user=0.02 sys=0.00, real=0.00 secs] 
284.032: Total time for which application threads were stopped: 0.0047570 seconds, Stopping threads took: 0.0022970 seconds
284.081: Application time: 0.0486060 seconds
284.084: [GC284.084: [ParNew: 55868K->6207K(55872K), 0.0021400 secs] 162921K->114008K(182144K), 0.0021860 secs] [Times: user=0.01 sys=0.00, real=0.00 secs] 
284.086: Total time for which application threads were stopped: 0.0051870 seconds, Stopping threads took: 0.0029360 seconds
284.134: Application time: 0.0480320 seconds
284.135: [GC284.135: [ParNew: 55871K->6207K(55872K), 0.0021620 secs] 163672K->114723K(182144K), 0.0022040 secs] [Times: user=0.02 sys=0.00, real=0.00 secs] 
284.137: Total time for which application threads were stopped: 0.0035560 seconds, Stopping threads took: 0.0012690 seconds
284.183: Application time: 0.0459980 seconds
284.186: [GC284.186: [ParNew: 55871K->6206K(55872K), 0.0020600 secs] 164387K->115367K(182144K), 0.0021050 secs] [Times: user=0.02 sys=0.00, real=0.00 secs] 
284.188: Total time for which application threads were stopped: 0.0048310 seconds, Stopping threads took: 0.0026580 seconds
284.235: Application time: 0.0467860 seconds
284.237: [GC284.237: [ParNew: 55870K->6207K(55872K), 0.0022650 secs] 165031K->115851K(182144K), 0.0023100 secs] [Times: user=0.02 sys=0.00, real=0.00 secs] 
284.239: Total time for which application threads were stopped: 0.0041670 seconds, Stopping threads took: 0.0017700 seconds
284.288: Application time: 0.0489280 seconds
284.291: [GC284.291: [ParNew: 55871K->5032K(55872K), 0.0018610 secs] 165515K->114733K(182144K), 0.0018980 secs] [Times: user=0.01 sys=0.00, real=0.00 secs] 
284.293: Total time for which application threads were stopped: 0.0048810 seconds, Stopping threads took: 0.0029000 seconds
284.341: Application time: 0.0477690 seconds
284.343: [GC284.343: [ParNew: 54696K->6206K(55872K), 0.0025210 secs] 164397K->117082K(182144K), 0.0025590 secs] [Times: user=0.02 sys=0.00, real=0.00 secs] 
284.345: Total time for which application threads were stopped: 0.0046460 seconds, Stopping threads took: 0.0020000 seconds
284.392: Application time: 0.0464840 seconds
284.395: [GC284.395: [ParNew: 55870K->6207K(55872K), 0.0022530 secs] 166746K->118132K(182144K), 0.0023040 secs] [Times: user=0.02 sys=0.00, real=0.00 secs] 
284.397: Total time for which application threads were stopped: 0.0049500 seconds, Stopping threads took: 0.0025600 seconds
284.443: Application time: 0.0461480 seconds
284.446: [GC284.446: [ParNew: 55871K->6207K(55872K), 0.0022580 secs] 167796K->119175K(182144K), 0.0023040 secs] [Times: user=0.02 sys=0.00, real=0.00 secs] 
284.448: Total time for which application threads were stopped: 0.0048670 seconds, Stopping threads took: 0.0024960 seconds
 CMS: abort preclean due to time 284.450: [CMS-concurrent-abortable-preclean: 0.262/5.025 secs] [Times: user=38.53 sys=0.15, real=5.02 secs] 
284.450: Application time: 0.0019470 seconds
284.452: [GC[YG occupancy: 6961 K (55872 K)]284.452: [Rescan (parallel) , 0.0002100 secs]284.453: [weak refs processing, 0.0000070 secs]284.453: [scrub string table, 0.0001100 secs] [1 CMS-remark: 112967K(126272K)] 119928K(182144K), 0.0003560 secs] [Times: user=0.01 sys=0.00, real=0.00 secs] 
284.453: Total time for which application threads were stopped: 0.0029670 seconds, Stopping threads took: 0.0025860 seconds
284.453: [CMS-concurrent-sweep-start]
284.460: [CMS-concurrent-sweep: 0.008/0.008 secs] [Times: user=0.04 sys=0.00, real=0.01 secs] 
284.460: [CMS-concurrent-reset-start]
284.461: [CMS-concurrent-reset: 0.000/0.000 secs] [Times: user=0.00 sys=0.00, real=0.00 secs] 
284.499: Application time: 0.0465350 seconds
284.501: [GC284.501: [ParNew: 55871K->6206K(55872K), 0.0022340 secs] 113100K->64390K(182144K), 0.0022780 secs] [Times: user=0.01 sys=0.00, real=0.01 secs] 
284.504: Total time for which application threads were stopped: 0.0042830 seconds, Stopping threads took: 0.0019390 seconds
284.506: Application time: 0.0019330 seconds
284.509: [GC [1 CMS-initial-mark: 58183K(126272K)] 69844K(182144K), 0.0003660 secs] [Times: user=0.00 sys=0.00, real=0.00 secs] 
284.509: Total time for which application threads were stopped: 0.0037060 seconds, Stopping threads took: 0.0033020 seconds
284.509: [CMS-concurrent-mark-start]
284.514: [CMS-concurrent-mark: 0.005/0.005 secs] [Times: user=0.03 sys=0.00, real=0.01 secs] 
284.514: [CMS-concurrent-preclean-start]
284.514: [CMS-concurrent-preclean: 0.000/0.000 secs] [Times: user=0.00 sys=0.00, real=0.00 secs] 
284.514: [CMS-concurrent-abortable-preclean-start]
284.554: Application time: 0.0451260 seconds
284.557: [GC284.557: [ParNew: 55870K->6207K(55872K), 0.0021380 secs] 114054K->65253K(182144K), 0.0021810 secs] [Times: user=0.02 sys=0.00, real=0.00 secs] 
284.560: Total time for which application threads were stopped: 0.0052390 seconds, Stopping threads took: 0.0029860 seconds
284.606: Application time: 0.0463180 seconds
284.608: [GC284.608: [ParNew: 55871K->6206K(55872K), 0.0024600 secs] 114917K->66896K(182144K), 0.0025060 secs] [Times: user=0.02 sys=0.00, real=0.00 secs] 
284.610: Total time for which application threads were stopped: 0.0044880 seconds, Stopping threads took: 0.0019120 seconds
284.660: Application time: 0.0492910 seconds
284.662: [GC284.662: [ParNew: 55870K->6206K(55872K), 0.0021380 secs] 116560K->67704K(182144K), 0.0021830 secs] [Times: user=0.01 sys=0.00, real=0.00 secs] 
284.664: Total time for which application threads were stopped: 0.0046120 seconds, Stopping threads took: 0.0023550 seconds
284.709: Application time: 0.0446630 seconds
284.711: [GC284.711: [ParNew: 55870K->6207K(55872K), 0.0025370 secs] 117368K->69430K(182144K), 0.0025850 secs] [Times: user=0.01 sys=0.00, real=0.00 secs] 
284.713: Total time for which application threads were stopped: 0.0043300 seconds, Stopping threads took: 0.0016750 seconds
284.763: Application time: 0.0495170 seconds
284.765: [GC284.765: [ParNew: 55871K->5454K(55872K), 0.0017320 secs] 119094K->68705K(182144K), 0.0017730 secs] [Times: user=0.01 sys=0.00, real=0.00 secs] 
284.767: Total time for which application threads were stopped: 0.0039330 seconds, Stopping threads took: 0.0020970 seconds
284.812: Application time: 0.0450420 seconds
284.814: [GC284.814: [ParNew: 55118K->6206K(55872K), 0.0022960 secs] 118369K->70543K(182144K), 0.0023500 secs] [Times: user=0.02 sys=0.00, real=0.00 secs] 
284.817: Total time for which application threads were stopped: 0.0049500 seconds, Stopping threads took: 0.0025350 seconds
284.865: Application time: 0.0477720 seconds
284.867: [GC284.867: [ParNew: 55870K->6178K(55872K), 0.0020350 secs] 120207K->70543K(182144K), 0.0020820 secs] [Times: user=0.01 sys=0.00, real=0.00 secs] 
284.869: Total time for which application threads were stopped: 0.0041440 seconds, Stopping threads took: 0.0019940 seconds
284.917: Application time: 0.0484640 seconds
284.919: [GC284.919: [ParNew: 55842K->6206K(55872K), 0.0021050 secs] 120207K->70764K(182144K), 0.0021500 secs] [Times: user=0.01 sys=0.00, real=0.00 secs] 
284.921: Total time for which application threads were stopped: 0.0037930 seconds, Stopping threads took: 0.0015570 seconds
284.969: Application time: 0.0481500 seconds
284.971: [GC284.971: [ParNew: 55870K->6206K(55872K), 0.0021390 secs] 120428K->70917K(182144K), 0.0021850 secs] [Times: user=0.02 sys=0.00, real=0.00 secs] 
284.973: Total time for which application threads were stopped: 0.0040580 seconds, Stopping threads took: 0.0017850 seconds
285.023: Application time: 0.0499320 seconds
285.024: [GC285.024: [ParNew: 55870K->6206K(55872K), 0.0020810 secs] 120581K->71066K(182144K), 0.0021270 secs] [Times: user=0.01 sys=0.00, real=0.00 secs] 
285.026: Total time for which application threads were stopped: 0.0031320 seconds, Stopping threads took: 0.0009170 seconds
285.073: Application time: 0.0464460 seconds
285.074: [GC285.074: [ParNew: 55869K->6207K(55872K), 0.0020370 secs] 120729K->71291K(182144K), 0.0020780 secs] [Times: user=0.01 sys=0.00, real=0.00 secs] 
285.076: Total time for which application threads were stopped: 0.0037610 seconds, Stopping threads took: 0.0015950 seconds
285.125: Application time: 0.0484550 seconds
285.127: [GC285.127: [ParNew: 55871K->5797K(55872K), 0.0018680 secs] 120955K->70881K(182144K), 0.0019100 secs] [Times: user=0.01 sys=0.00, real=0.00 secs] 
285.129: Total time for which application threads were stopped: 0.0038040 seconds, Stopping threads took: 0.0018080 seconds
285.177: Application time: 0.0487860 seconds
285.180: [GC285.180: [ParNew: 55461K->6031K(55872K), 0.0019670 secs] 120545K->71144K(182144K), 0.0020110 secs] [Times: user=0.01 sys=0.00, real=0.01 secs] 
285.182: Total time for which application threads were stopped: 0.0049400 seconds, Stopping threads took: 0.0028510 seconds
285.231: Application time: 0.0483440 seconds
285.232: [GC285.232: [ParNew: 55695K->5481K(55872K), 0.0017060 secs] 120808K->70594K(182144K), 0.0017490 secs] [Times: user=0.01 sys=0.00, real=0.01 secs] 
285.234: Total time for which application threads were stopped: 0.0029920 seconds, Stopping threads took: 0.0011770 seconds
285.282: Application time: 0.0484830 seconds
285.283: [GC285.283: [ParNew: 55145K->5367K(55872K), 0.0017700 secs] 120258K->70508K(182144K), 0.0018080 secs] [Times: user=0.02 sys=0.00, real=0.00 secs] 
285.285: Total time for which application threads were stopped: 0.0028950 seconds, Stopping threads took: 0.0010220 seconds
285.335: Application time: 0.0502010 seconds
285.338: [GC285.338: [ParNew: 55031K->5772K(55872K), 0.0017320 secs] 120172K->70913K(182144K), 0.0017780 secs] [Times: user=0.02 sys=0.00, real=0.00 secs] 
285.340: Total time for which application threads were stopped: 0.0045160 seconds, Stopping threads took: 0.0026520 seconds
285.388: Application time: 0.0483440 seconds
285.391: [GC285.391: [ParNew: 55436K->6206K(55872K), 0.0021430 secs] 120577K->71928K(182144K), 0.0021880 secs] [Times: user=0.02 sys=0.00, real=0.00 secs] 
285.393: Total time for which application threads were stopped: 0.0049320 seconds, Stopping threads took: 0.0026770 seconds
285.442: Application time: 0.0485670 seconds
285.445: [GC285.445: [ParNew: 55870K->4568K(55872K), 0.0013460 secs] 121592K->70290K(182144K), 0.0013990 secs] [Times: user=0.01 sys=0.00, real=0.00 secs] 
285.446: Total time for which application threads were stopped: 0.0044500 seconds, Stopping threads took: 0.0029860 seconds
285.493: Application time: 0.0464940 seconds
285.495: [GC285.495: [ParNew: 54232K->6207K(55872K), 0.0022410 secs] 119954K->72595K(182144K), 0.0022860 secs] [Times: user=0.01 sys=0.00, real=0.00 secs] 
285.497: Total time for which application threads were stopped: 0.0044670 seconds, Stopping threads took: 0.0021150 seconds
285.545: Application time: 0.0483270 seconds
285.548: [GC285.548: [ParNew: 55871K->5717K(55872K), 0.0018490 secs] 122259K->72162K(182144K), 0.0018900 secs] [Times: user=0.02 sys=0.00, real=0.00 secs] 
285.550: Total time for which application threads were stopped: 0.0042990 seconds, Stopping threads took: 0.0023420 seconds
285.598: Application time: 0.0484050 seconds
285.601: [GC285.601: [ParNew: 55381K->6206K(55872K), 0.0020870 secs] 121826K->72710K(182144K), 0.0021310 secs] [Times: user=0.01 sys=0.00, real=0.00 secs] 
285.604: Total time for which application threads were stopped: 0.0054320 seconds, Stopping threads took: 0.0032360 seconds
285.651: Application time: 0.0473160 seconds
285.654: [GC285.654: [ParNew: 55870K->6206K(55872K), 0.0023070 secs] 122374K->73489K(182144K), 0.0023500 secs] [Times: user=0.01 sys=0.00, real=0.00 secs] 
285.656: Total time for which application threads were stopped: 0.0053820 seconds, Stopping threads took: 0.0029530 seconds
285.706: Application time: 0.0495390 seconds
285.709: [GC285.709: [ParNew: 55870K->5998K(55872K), 0.0019540 secs] 123153K->73309K(182144K), 0.0020010 secs] [Times: user=0.02 sys=0.00, real=0.00 secs] 
285.711: Total time for which application threads were stopped: 0.0052030 seconds, Stopping threads took: 0.0031270 seconds
285.758: Application time: 0.0471590 seconds
285.761: [GC285.761: [ParNew: 55662K->5904K(55872K), 0.0020530 secs] 122973K->73216K(182144K), 0.0020980 secs] [Times: user=0.01 sys=0.00, real=0.01 secs] 
285.763: Total time for which application threads were stopped: 0.0044020 seconds, Stopping threads took: 0.0022380 seconds
285.808: Application time: 0.0456530 seconds
285.811: [GC285.811: [ParNew: 55568K->6206K(55872K), 0.0022870 secs] 122880K->73982K(182144K), 0.0023300 secs] [Times: user=0.02 sys=0.00, real=0.01 secs] 
285.814: Total time for which application threads were stopped: 0.0055230 seconds, Stopping threads took: 0.0031060 seconds
285.864: Application time: 0.0506960 seconds
285.866: [GC285.866: [ParNew: 55870K->3629K(55872K), 0.0014540 secs] 123646K->71434K(182144K), 0.0014920 secs] [Times: user=0.01 sys=0.00, real=0.00 secs] 
285.867: Total time for which application threads were stopped: 0.0028670 seconds, Stopping threads took: 0.0012930 seconds
285.914: Application time: 0.0470460 seconds
285.916: [GC285.916: [ParNew: 53293K->5617K(55872K), 0.0019320 secs] 121098K->73478K(182144K), 0.0019760 secs] [Times: user=0.01 sys=0.00, real=0.00 secs] 
285.918: Total time for which application threads were stopped: 0.0039080 seconds, Stopping threads took: 0.0018450 seconds
285.966: Application time: 0.0480290 seconds
285.969: [GC285.969: [ParNew: 55281K->6206K(55872K), 0.0022510 secs] 123142K->74903K(182144K), 0.0022960 secs] [Times: user=0.01 sys=0.00, real=0.00 secs] 
285.972: Total time for which application threads were stopped: 0.0054100 seconds, Stopping threads took: 0.0030460 seconds
286.020: Application time: 0.0483230 seconds
286.022: [GC286.022: [ParNew: 55870K->6206K(55872K), 0.0023020 secs] 124567K->75954K(182144K), 0.0023470 secs] [Times: user=0.02 sys=0.00, real=0.00 secs] 
286.024: Total time for which application threads were stopped: 0.0037920 seconds, Stopping threads took: 0.0013830 seconds
286.073: Application time: 0.0487880 seconds
286.075: [GC286.075: [ParNew: 55870K->5658K(55872K), 0.0018380 secs] 125618K->75487K(182144K), 0.0018810 secs] [Times: user=0.02 sys=0.00, real=0.00 secs] 
286.077: Total time for which application threads were stopped: 0.0038110 seconds, Stopping threads took: 0.0018660 seconds
286.126: Application time: 0.0489960 seconds
286.128: [GC286.128: [ParNew: 55322K->5088K(55872K), 0.0019510 secs] 125151K->74946K(182144K), 0.0020020 secs] [Times: user=0.02 sys=0.00, real=0.00 secs] 
286.130: Total time for which application threads were stopped: 0.0048310 seconds, Stopping threads took: 0.0027630 seconds
286.178: Application time: 0.0476670 seconds
286.181: [GC286.181: [ParNew: 54752K->4587K(55872K), 0.0017630 secs] 124610K->74445K(182144K), 0.0018060 secs] [Times: user=0.01 sys=0.00, real=0.01 secs] 
286.182: Total time for which application threads were stopped: 0.0044230 seconds, Stopping threads took: 0.0025540 seconds
286.231: Application time: 0.0484990 seconds
286.233: [GC286.233: [ParNew: 54251K->6207K(55872K), 0.0021030 secs] 124108K->76350K(182144K), 0.0021490 secs] [Times: user=0.01 sys=0.00, real=0.01 secs] 
286.235: Total time for which application threads were stopped: 0.0043690 seconds, Stopping threads took: 0.0021240 seconds
286.284: Application time: 0.0485990 seconds
286.286: [GC286.286: [ParNew: 55871K->5949K(55872K), 0.0018020 secs] 126014K->76121K(182144K), 0.0018450 secs] [Times: user=0.01 sys=0.00, real=0.00 secs] 
286.288: Total time for which application threads were stopped: 0.0040300 seconds, Stopping threads took: 0.0021200 seconds
286.334: Application time: 0.0455780 seconds
286.335: [GC286.335: [ParNew: 55613K->6207K(55872K), 0.0023370 secs] 125785K->77040K(182144K), 0.0023850 secs] [Times: user=0.01 sys=0.00, real=0.00 secs] 
286.338: Total time for which application threads were stopped: 0.0043630 seconds, Stopping threads took: 0.0018880 seconds
286.385: Application time: 0.0470820 seconds
286.388: [GC286.388: [ParNew: 55871K->6207K(55872K), 0.0022260 secs] 126704K->77650K(182144K), 0.0022710 secs] [Times: user=0.02 sys=0.00, real=0.00 secs] 
286.390: Total time for which application threads were stopped: 0.0048920 seconds, Stopping threads took: 0.0025550 seconds
286.438: Application time: 0.0480400 seconds
286.440: [GC286.440: [ParNew: 55871K->6207K(55872K), 0.0021770 secs] 127314K->78237K(182144K), 0.0022200 secs] [Times: user=0.01 sys=0.00, real=0.01 secs] 
286.442: Total time for which application threads were stopped: 0.0041830 seconds, Stopping threads took: 0.0018750 seconds
286.490: Application time: 0.0484130 seconds
286.493: [GC286.493: [ParNew: 55871K->6206K(55872K), 0.0026120 secs] 127901K->79846K(182144K), 0.0026570 secs] [Times: user=0.02 sys=0.00, real=0.01 secs] 
286.496: Total time for which application threads were stopped: 0.0053690 seconds, Stopping threads took: 0.0026370 seconds
286.544: Application time: 0.0483550 seconds
286.546: [GC286.546: [ParNew: 55870K->6207K(55872K), 0.0021840 secs] 129510K->80436K(182144K), 0.0022270 secs] [Times: user=0.01 sys=0.00, real=0.00 secs] 
286.549: Total time for which application threads were stopped: 0.0044660 seconds, Stopping threads took: 0.0021730 seconds
286.597: Application time: 0.0484600 seconds
286.599: [GC286.599: [ParNew: 55871K->6206K(55872K), 0.0023340 secs] 130100K->81550K(182144K), 0.0023810 secs] [Times: user=0.02 sys=0.00, real=0.01 secs] 
286.602: Total time for which application threads were stopped: 0.0044010 seconds, Stopping threads took: 0.0019520 seconds
286.649: Application time: 0.0470760 seconds
286.650: [GC286.650: [ParNew: 55870K->6135K(55872K), 0.0019240 secs] 131214K->81508K(182144K), 0.0019690 secs] [Times: user=0.02 sys=0.00, real=0.00 secs] 
286.652: Total time for which application threads were stopped: 0.0036610 seconds, Stopping threads took: 0.0016010 seconds
286.700: Application time: 0.0480620 seconds
286.702: [GC286.702: [ParNew: 55799K->4702K(55872K), 0.0016690 secs] 131172K->80104K(182144K), 0.0017090 secs] [Times: user=0.02 sys=0.00, real=0.00 secs] 
286.704: Total time for which application threads were stopped: 0.0036810 seconds, Stopping threads took: 0.0018860 seconds
286.754: Application time: 0.0495570 seconds
286.755: [GC286.755: [ParNew: 54366K->5697K(55872K), 0.0017890 secs] 129768K->81099K(182144K), 0.0018320 secs] [Times: user=0.01 sys=0.00, real=0.00 secs] 
286.757: Total time for which application threads were stopped: 0.0035190 seconds, Stopping threads took: 0.0016030 seconds
286.806: Application time: 0.0492250 seconds
286.809: [GC286.809: [ParNew: 55361K->4261K(55872K), 0.0013930 secs] 130763K->79662K(182144K), 0.0014380 secs] [Times: user=0.01 sys=0.00, real=0.00 secs] 
286.811: Total time for which application threads were stopped: 0.0042700 seconds, Stopping threads took: 0.0027460 seconds
286.857: Application time: 0.0460840 seconds
286.859: [GC286.859: [ParNew: 53925K->6206K(55872K), 0.0020890 secs] 129326K->82028K(182144K), 0.0021370 secs] [Times: user=0.01 sys=0.00, real=0.00 secs] 
286.861: Total time for which application threads were stopped: 0.0042220 seconds, Stopping threads took: 0.0020060 seconds
286.910: Application time: 0.0488900 seconds
286.911: [GC286.911: [ParNew: 55870K->5385K(55872K), 0.0018310 secs] 131692K->81207K(182144K), 0.0018720 secs] [Times: user=0.01 sys=0.00, real=0.00 secs] 
286.912: Total time for which application threads were stopped: 0.0025880 seconds, Stopping threads took: 0.0006510 seconds
286.961: Application time: 0.0481420 seconds
286.962: [GC286.962: [ParNew: 55049K->6207K(55872K), 0.0023910 secs] 130871K->83004K(182144K), 0.0024360 secs] [Times: user=0.01 sys=0.00, real=0.00 secs] 
286.965: Total time for which application threads were stopped: 0.0043070 seconds, Stopping threads took: 0.0017820 seconds
287.011: Application time: 0.0462990 seconds
287.013: [GC287.013: [ParNew: 55871K->6206K(55872K), 0.0025200 secs] 132668K->84658K(182144K), 0.0025670 secs] [Times: user=0.02 sys=0.00, real=0.01 secs] 
287.015: Total time for which application threads were stopped: 0.0041410 seconds, Stopping threads took: 0.0015070 seconds
287.063: Application time: 0.0475870 seconds
287.066: [GC287.066: [ParNew: 55870K->6206K(55872K), 0.0021490 secs] 134322K->85192K(182144K), 0.0021930 secs] [Times: user=0.02 sys=0.00, real=0.00 secs] 
287.068: Total time for which application threads were stopped: 0.0053560 seconds, Stopping threads took: 0.0030760 seconds
287.115: Application time: 0.0471410 seconds
287.117: [GC287.117: [ParNew: 55870K->5506K(55872K), 0.0018120 secs] 134856K->84521K(182144K), 0.0018550 secs] [Times: user=0.01 sys=0.00, real=0.00 secs] 
287.119: Total time for which application threads were stopped: 0.0037420 seconds, Stopping threads took: 0.0018200 seconds
287.165: Application time: 0.0455500 seconds
287.166: [GC287.166: [ParNew: 55170K->6207K(55872K), 0.0022970 secs] 134185K->86198K(182144K), 0.0023430 secs] [Times: user=0.02 sys=0.00, real=0.00 secs] 
287.168: Total time for which application threads were stopped: 0.0037780 seconds, Stopping threads took: 0.0013430 seconds
287.217: Application time: 0.0485700 seconds
287.220: [GC287.220: [ParNew: 55871K->6207K(55872K), 0.0020650 secs] 135862K->86273K(182144K), 0.0021130 secs] [Times: user=0.01 sys=0.00, real=0.01 secs] 
287.223: Total time for which application threads were stopped: 0.0054630 seconds, Stopping threads took: 0.0032640 seconds
287.273: Application time: 0.0508950 seconds
287.275: [GC287.275: [ParNew: 55871K->5793K(55872K), 0.0018630 secs] 135937K->85858K(182144K), 0.0019070 secs] [Times: user=0.01 sys=0.00, real=0.00 secs] 
287.277: Total time for which application threads were stopped: 0.0035660 seconds, Stopping threads took: 0.0015710 seconds
287.328: Application time: 0.0509000 seconds
287.328: [GC287.328: [ParNew: 55457K->5318K(55872K), 0.0017670 secs] 135522K->85383K(182144K), 0.0018060 secs] [Times: user=0.01 sys=0.00, real=0.00 secs] 
287.330: Total time for which application threads were stopped: 0.0024070 seconds, Stopping threads took: 0.0005380 seconds
287.379: Application time: 0.0486990 seconds
287.380: [GC287.380: [ParNew: 54982K->5824K(55872K), 0.0018380 secs] 135047K->85917K(182144K), 0.0018820 secs] [Times: user=0.02 sys=0.00, real=0.01 secs] 
287.382: Total time for which application threads were stopped: 0.0028750 seconds, Stopping threads took: 0.0009300 seconds
287.430: Application time: 0.0481310 seconds
287.432: [GC287.432: [ParNew: 55488K->5877K(55872K), 0.0018750 secs] 135581K->85971K(182144K), 0.0019250 secs] [Times: user=0.01 sys=0.00, real=0.01 secs] 
287.434: Total time for which application threads were stopped: 0.0035330 seconds, Stopping threads took: 0.0015380 seconds
287.480: Application time: 0.0460100 seconds
287.482: [GC287.482: [ParNew: 55541K->6207K(55872K), 0.0024670 secs] 135635K->87472K(182144K), 0.0025080 secs] [Times: user=0.01 sys=0.00, real=0.00 secs] 
287.485: Total time for which application threads were stopped: 0.0052180 seconds, Stopping threads took: 0.0026440 seconds
287.532: Application time: 0.0475660 seconds
287.535: [GC287.535: [ParNew: 55871K->6207K(55872K), 0.0021390 secs] 137136K->88265K(182144K), 0.0021830 secs] [Times: user=0.01 sys=0.00, real=0.00 secs] 
287.537: Total time for which application threads were stopped: 0.0049140 seconds, Stopping threads took: 0.0026650 seconds
287.588: Application time: 0.0505490 seconds
287.590: [GC287.590: [ParNew: 55871K->6207K(55872K), 0.0021760 secs] 137929K->89074K(182144K), 0.0022200 secs] [Times: user=0.01 sys=0.00, real=0.00 secs] 
287.592: Total time for which application threads were stopped: 0.0045530 seconds, Stopping threads took: 0.0022670 seconds
287.640: Application time: 0.0480920 seconds
287.643: [GC287.643: [ParNew: 55871K->5755K(55872K), 0.0017880 secs] 138738K->88621K(182144K), 0.0018290 secs] [Times: user=0.02 sys=0.00, real=0.00 secs] 
287.644: Total time for which application threads were stopped: 0.0039220 seconds, Stopping threads took: 0.0020290 seconds
287.692: Application time: 0.0476480 seconds
287.693: [GC287.693: [ParNew: 55419K->5971K(55872K), 0.0018310 secs] 138285K->88894K(182144K), 0.0018730 secs] [Times: user=0.01 sys=0.00, real=0.01 secs] 
287.695: Total time for which application threads were stopped: 0.0030460 seconds, Stopping threads took: 0.0010850 seconds
287.744: Application time: 0.0489860 seconds
287.747: [GC287.747: [ParNew: 55635K->6207K(55872K), 0.0020640 secs] 138558K->89273K(182144K), 0.0021070 secs] [Times: user=0.02 sys=0.00, real=0.00 secs] 
287.749: Total time for which application threads were stopped: 0.0047460 seconds, Stopping threads took: 0.0025710 seconds
287.795: Application time: 0.0459090 seconds
287.797: [GC287.797: [ParNew: 55871K->6207K(55872K), 0.0023100 secs] 138937K->90413K(182144K), 0.0023550 secs] [Times: user=0.01 sys=0.00, real=0.00 secs] 
287.800: Total time for which application threads were stopped: 0.0049380 seconds, Stopping threads took: 0.0025060 seconds
287.846: Application time: 0.0464840 seconds
287.849: [GC287.849: [ParNew: 55871K->5910K(55872K), 0.0019410 secs] 140077K->90115K(182144K), 0.0019850 secs] [Times: user=0.02 sys=0.00, real=0.00 secs] 
287.851: Total time for which application threads were stopped: 0.0049220 seconds, Stopping threads took: 0.0028690 seconds
287.899: Application time: 0.0483060 seconds
287.900: [GC287.900: [ParNew: 55574K->6206K(55872K), 0.0022390 secs] 139779K->91025K(182144K), 0.0022810 secs] [Times: user=0.01 sys=0.00, real=0.01 secs] 
287.902: Total time for which application threads were stopped: 0.0030790 seconds, Stopping threads took: 0.0007310 seconds
287.948: Application time: 0.0458450 seconds
287.950: [GC287.950: [ParNew: 55870K->6149K(55872K), 0.0019660 secs] 140689K->90997K(182144K), 0.0020040 secs] [Times: user=0.01 sys=0.00, real=0.00 secs] 
287.952: Total time for which application threads were stopped: 0.0041140 seconds, Stopping threads took: 0.0020480 seconds
287.998: Application time: 0.0451500 seconds
287.999: [GC287.999: [ParNew: 55813K->6206K(55872K), 0.0022330 secs] 140661K->91993K(182144K), 0.0022840 secs] [Times: user=0.01 sys=0.01, real=0.01 secs] 
288.001: Total time for which application threads were stopped: 0.0038220 seconds, Stopping threads took: 0.0014730 seconds
288.045: Application time: 0.0440310 seconds
288.048: [GC288.048: [ParNew: 55870K->6207K(55872K), 0.0022010 secs] 141657K->92914K(182144K), 0.0022420 secs] [Times: user=0.02 sys=0.00, real=0.00 secs] 
288.050: Total time for which application threads were stopped: 0.0045770 seconds, Stopping threads took: 0.0022710 seconds
288.094: Application time: 0.0439810 seconds
288.095: [GC288.095: [ParNew: 55871K->6206K(55872K), 0.0022700 secs] 142578K->93922K(182144K), 0.0023230 secs] [Times: user=0.02 sys=0.00, real=0.00 secs] 
288.098: Total time for which application threads were stopped: 0.0037190 seconds, Stopping threads took: 0.0013300 seconds
288.143: Application time: 0.0452830 seconds
288.145: [GC288.145: [ParNew: 55870K->5041K(55872K), 0.0015270 secs] 143586K->92757K(182144K), 0.0015660 secs] [Times: user=0.01 sys=0.00, real=0.00 secs] 
288.146: Total time for which application threads were stopped: 0.0031150 seconds, Stopping threads took: 0.0014880 seconds
288.190: Application time: 0.0433980 seconds
288.191: [GC288.191: [ParNew: 54705K->6207K(55872K), 0.0026010 secs] 142420K->95511K(182144K), 0.0026460 secs] [Times: user=0.02 sys=0.00, real=0.01 secs] 
288.194: Total time for which application threads were stopped: 0.0041050 seconds, Stopping threads took: 0.0013950 seconds
288.241: Application time: 0.0474830 seconds
288.243: [GC288.243: [ParNew: 55871K->5708K(55872K), 0.0018940 secs] 145175K->95064K(182144K), 0.0019400 secs] [Times: user=0.01 sys=0.00, real=0.00 secs] 
288.245: Total time for which application threads were stopped: 0.0035740 seconds, Stopping threads took: 0.0015470 seconds
288.292: Application time: 0.0472650 seconds
288.294: [GC288.294: [ParNew: 55372K->5745K(55872K), 0.0017680 secs] 144728K->95130K(182144K), 0.0018090 secs] [Times: user=0.01 sys=0.00, real=0.00 secs] 
288.296: Total time for which application threads were stopped: 0.0039710 seconds, Stopping threads took: 0.0020750 seconds
288.342: Application time: 0.0461650 seconds
288.344: [GC288.344: [ParNew: 55409K->6206K(55872K), 0.0020400 secs] 144794K->95987K(182144K), 0.0020840 secs] [Times: user=0.02 sys=0.00, real=0.00 secs] 
288.346: Total time for which application threads were stopped: 0.0041770 seconds, Stopping threads took: 0.0020170 seconds
288.391: Application time: 0.0443800 seconds
288.393: [GC288.393: [ParNew: 55870K->6207K(55872K), 0.0022230 secs] 145651K->96531K(182144K), 0.0022700 secs] [Times: user=0.01 sys=0.00, real=0.00 secs] 
288.396: Total time for which application threads were stopped: 0.0050040 seconds, Stopping threads took: 0.0026590 seconds
288.444: Application time: 0.0482430 seconds
288.446: [GC288.446: [ParNew: 55871K->4710K(55872K), 0.0014900 secs] 146195K->95062K(182144K), 0.0015240 secs] [Times: user=0.01 sys=0.00, real=0.00 secs] 
288.448: Total time for which application threads were stopped: 0.0035830 seconds, Stopping threads took: 0.0020010 seconds
288.492: Application time: 0.0447450 seconds
288.494: [GC288.494: [ParNew: 54374K->6207K(55872K), 0.0020760 secs] 144726K->97004K(182144K), 0.0021170 secs] [Times: user=0.02 sys=0.00, real=0.00 secs] 
288.496: Total time for which application threads were stopped: 0.0038780 seconds, Stopping threads took: 0.0016760 seconds
288.545: Application time: 0.0484670 seconds
288.547: [GC288.547: [ParNew: 55871K->3830K(55872K), 0.0012560 secs] 146668K->94656K(182144K), 0.0012910 secs] [Times: user=0.01 sys=0.00, real=0.00 secs] 
288.548: Total time for which application threads were stopped: 0.0032630 seconds, Stopping threads took: 0.0019150 seconds
288.593: Application time: 0.0446830 seconds
288.595: [GC288.595: [ParNew: 53494K->6192K(55872K), 0.0018560 secs] 144320K->97018K(182144K), 0.0019000 secs] [Times: user=0.02 sys=0.00, real=0.00 secs] 
288.597: Total time for which application threads were stopped: 0.0047540 seconds, Stopping threads took: 0.0027910 seconds
288.644: Application time: 0.0466960 seconds
288.646: [GC288.646: [ParNew: 55856K->6051K(55872K), 0.0019090 secs] 146682K->96934K(182144K), 0.0019480 secs] [Times: user=0.01 sys=0.01, real=0.00 secs] 
288.648: Total time for which application threads were stopped: 0.0038730 seconds, Stopping threads took: 0.0018610 seconds
288.693: Application time: 0.0454090 seconds
288.694: [GC288.694: [ParNew: 55715K->5398K(55872K), 0.0018600 secs] 146598K->96281K(182144K), 0.0019100 secs] [Times: user=0.01 sys=0.00, real=0.00 secs] 
288.696: Total time for which application threads were stopped: 0.0029500 seconds, Stopping threads took: 0.0009560 seconds
288.744: Application time: 0.0473060 seconds
288.746: [GC288.746: [ParNew: 55062K->5476K(55872K), 0.0017320 secs] 145945K->96444K(182144K), 0.0017730 secs] [Times: user=0.01 sys=0.00, real=0.00 secs] 
288.748: Total time for which application threads were stopped: 0.0045740 seconds, Stopping threads took: 0.0027160 seconds
288.794: Application time: 0.0461540 seconds
288.795: [GC288.795: [ParNew: 55140K->5262K(55872K), 0.0017760 secs] 146108K->96230K(182144K), 0.0018120 secs] [Times: user=0.02 sys=0.00, real=0.00 secs] 
288.797: Total time for which application threads were stopped: 0.0027390 seconds, Stopping threads took: 0.0008650 seconds
288.845: Application time: 0.0478170 seconds
288.846: [GC288.846: [ParNew: 54926K->4481K(55872K), 0.0016000 secs] 145894K->95478K(182144K), 0.0016330 secs] [Times: user=0.02 sys=0.00, real=0.00 secs] 
288.848: Total time for which application threads were stopped: 0.0032030 seconds, Stopping threads took: 0.0014930 seconds
288.895: Application time: 0.0464840 seconds
288.895: [GC288.895: [ParNew: 54145K->4681K(55872K), 0.0017050 secs] 145142K->95678K(182144K), 0.0017430 secs] [Times: user=0.02 sys=0.00, real=0.00 secs] 
288.897: Total time for which application threads were stopped: 0.0024920 seconds, Stopping threads took: 0.0006660 seconds
288.949: Application time: 0.0516460 seconds
288.951: [GC288.951: [ParNew: 54345K->4666K(55872K), 0.0015280 secs] 145342K->95663K(182144K), 0.0015660 secs] [Times: user=0.01 sys=0.00, real=0.00 secs] 
288.952: Total time for which application threads were stopped: 0.0037750 seconds, Stopping threads took: 0.0021280 seconds
288.998: Application time: 0.0454910 seconds
289.001: [GC289.001: [ParNew: 54330K->6207K(55872K), 0.0023510 secs] 145327K->98532K(182144K), 0.0023950 secs] [Times: user=0.02 sys=0.00, real=0.01 secs] 
289.003: Total time for which application threads were stopped: 0.0051940 seconds, Stopping threads took: 0.0027340 seconds
289.047: Application time: 0.0434210 seconds
289.049: [GC289.049: [ParNew: 55871K->6206K(55872K), 0.0022720 secs] 148196K->99720K(182144K), 0.0023170 secs] [Times: user=0.02 sys=0.00, real=0.00 secs] 
289.051: Total time for which application threads were stopped: 0.0048270 seconds, Stopping threads took: 0.0024430 seconds
289.097: Application time: 0.0455300 seconds
289.099: [GC289.099: [ParNew: 55870K->6206K(55872K), 0.0022720 secs] 149384K->100772K(182144K), 0.0023160 secs] [Times: user=0.01 sys=0.00, real=0.00 secs] 
289.101: Total time for which application threads were stopped: 0.0041810 seconds, Stopping threads took: 0.0017990 seconds
289.146: Application time: 0.0444920 seconds
289.147: [GC289.147: [ParNew: 55870K->6206K(55872K), 0.0044080 secs] 150436K->101726K(182144K), 0.0044540 secs] [Times: user=0.04 sys=0.00, real=0.00 secs] 
289.152: Total time for which application threads were stopped: 0.0062560 seconds, Stopping threads took: 0.0017380 seconds
289.198: Application time: 0.0464850 seconds
289.201: [GC289.202: [ParNew: 55870K->6207K(55872K), 0.0019540 secs] 151390K->101770K(182144K), 0.0020000 secs] [Times: user=0.01 sys=0.00, real=0.00 secs] 
289.204: Total time for which application threads were stopped: 0.0051790 seconds, Stopping threads took: 0.0030920 seconds
289.249: Application time: 0.0454150 seconds
289.251: [GC289.251: [ParNew: 55871K->6207K(55872K), 0.0020770 secs] 151434K->102177K(182144K), 0.0021200 secs] [Times: user=0.02 sys=0.00, real=0.00 secs] 
289.253: Total time for which application threads were stopped: 0.0043520 seconds, Stopping threads took: 0.0021430 seconds
289.297: Application time: 0.0438700 seconds
289.300: [GC289.300: [ParNew: 55871K->6206K(55872K), 0.0021760 secs] 151841K->102970K(182144K), 0.0022240 secs] [Times: user=0.01 sys=0.00, real=0.01 secs] 
289.302: Total time for which application threads were stopped: 0.0046540 seconds, Stopping threads took: 0.0023650 seconds
289.346: Application time: 0.0446020 seconds
289.349: [GC289.349: [ParNew: 55870K->5532K(55872K), 0.0018010 secs] 152634K->102321K(182144K), 0.0018510 secs] [Times: user=0.01 sys=0.00, real=0.00 secs] 
289.351: Total time for which application threads were stopped: 0.0041480 seconds, Stopping threads took: 0.0022040 seconds
289.396: Application time: 0.0456690 seconds
289.398: [GC289.398: [ParNew: 55196K->6206K(55872K), 0.0022530 secs] 151985K->103787K(182144K), 0.0022990 secs] [Times: user=0.01 sys=0.00, real=0.00 secs] 
289.400: Total time for which application threads were stopped: 0.0037600 seconds, Stopping threads took: 0.0013850 seconds
289.447: Application time: 0.0465710 seconds
289.448: [GC289.448: [ParNew: 55870K->5085K(55872K), 0.0019890 secs] 153451K->102665K(182144K), 0.0020330 secs] [Times: user=0.02 sys=0.00, real=0.00 secs] 
289.450: Total time for which application threads were stopped: 0.0035130 seconds, Stopping threads took: 0.0013920 seconds
289.495: Application time: 0.0449200 seconds
289.498: [GC289.498: [ParNew: 54749K->6206K(55872K), 0.0022170 secs] 152329K->103874K(182144K), 0.0022590 secs] [Times: user=0.01 sys=0.00, real=0.00 secs] 
289.500: Total time for which application threads were stopped: 0.0050870 seconds, Stopping threads took: 0.0027430 seconds
289.546: Application time: 0.0457020 seconds
289.548: [GC289.548: [ParNew: 55870K->6206K(55872K), 0.0021960 secs] 153538K->104795K(182144K), 0.0022450 secs] [Times: user=0.01 sys=0.00, real=0.00 secs] 
289.551: Total time for which application threads were stopped: 0.0047430 seconds, Stopping threads took: 0.0024300 seconds
 CMS: abort preclean due to time 289.553: [CMS-concurrent-abortable-preclean: 0.243/5.038 secs] [Times: user=38.62 sys=0.17, real=5.03 secs] 
289.553: Application time: 0.0028710 seconds
289.555: [GC[YG occupancy: 11491 K (55872 K)]289.555: [Rescan (parallel) , 0.0002550 secs]289.556: [weak refs processing, 0.0000080 secs]289.556: [scrub string table, 0.0001220 secs] [1 CMS-remark: 98589K(126272K)] 110080K(182144K), 0.0004160 secs] [Times: user=0.00 sys=0.00, real=0.00 secs] 
289.556: Total time for which application threads were stopped: 0.0024020 seconds, Stopping threads took: 0.0019330 seconds
289.556: [CMS-concurrent-sweep-start]
289.562: [CMS-concurrent-sweep: 0.006/0.006 secs] [Times: user=0.04 sys=0.00, real=0.01 secs] 
289.562: [CMS-concurrent-reset-start]
289.563: [CMS-concurrent-reset: 0.000/0.000 secs] [Times: user=0.00 sys=0.00, real=0.00 secs] 
289.596: Application time: 0.0404290 seconds
289.598: [GC289.598: [ParNew: 55870K->6207K(55872K), 0.0023430 secs] 98819K->49968K(182144K), 0.0023880 secs] [Times: user=0.01 sys=0.00, real=0.00 secs] 
289.601: Total time for which application threads were stopped: 0.0044550 seconds, Stopping threads took: 0.0019800 seconds
289.645: Application time: 0.0442370 seconds
289.647: [GC289.647: [ParNew: 55871K->6011K(55872K), 0.0018010 secs] 99632K->49772K(182144K), 0.0018430 secs] [Times: user=0.01 sys=0.00, real=0.00 secs] 
289.649: Total time for which application threads were stopped: 0.0038180 seconds, Stopping threads took: 0.0019110 seconds
289.695: Application time: 0.0459260 seconds
289.698: [GC289.698: [ParNew: 55675K->6207K(55872K), 0.0022430 secs] 99436K->50264K(182144K), 0.0022880 secs] [Times: user=0.02 sys=0.00, real=0.00 secs] 
289.700: Total time for which application threads were stopped: 0.0053730 seconds, Stopping threads took: 0.0030220 seconds
289.746: Application time: 0.0455450 seconds
289.747: [GC289.747: [ParNew: 55871K->5712K(55872K), 0.0018390 secs] 99928K->49827K(182144K), 0.0018830 secs] [Times: user=0.01 sys=0.00, real=0.00 secs] 
289.749: Total time for which application threads were stopped: 0.0037240 seconds, Stopping threads took: 0.0017770 seconds
289.798: Application time: 0.0489480 seconds
289.798: [GC289.798: [ParNew: 55376K->4246K(55872K), 0.0014980 secs] 99491K->48418K(182144K), 0.0015290 secs] [Times: user=0.01 sys=0.00, real=0.00 secs] 
289.800: Total time for which application threads were stopped: 0.0016690 seconds, Stopping threads took: 0.0000840 seconds
289.851: Application time: 0.0505530 seconds
289.852: [GC289.852: [ParNew: 53910K->5688K(55872K), 0.0017610 secs] 98082K->49859K(182144K), 0.0018140 secs] [Times: user=0.01 sys=0.00, real=0.01 secs] 
289.854: Total time for which application threads were stopped: 0.0035490 seconds, Stopping threads took: 0.0016400 seconds
289.900: Application time: 0.0458790 seconds
289.901: [GC289.901: [ParNew: 55352K->5288K(55872K), 0.0015900 secs] 99523K->49488K(182144K), 0.0016290 secs] [Times: user=0.01 sys=0.00, real=0.01 secs] 
289.903: Total time for which application threads were stopped: 0.0029320 seconds, Stopping threads took: 0.0012390 seconds
289.951: Application time: 0.0482270 seconds
289.953: [GC289.953: [ParNew: 54952K->5781K(55872K), 0.0018650 secs] 99152K->49980K(182144K), 0.0019060 secs] [Times: user=0.02 sys=0.00, real=0.01 secs] 
289.955: Total time for which application threads were stopped: 0.0038920 seconds, Stopping threads took: 0.0019220 seconds
290.004: Application time: 0.0487440 seconds
290.005: [GC290.005: [ParNew: 55445K->4788K(55872K), 0.0015840 secs] 99644K->49016K(182144K), 0.0016230 secs] [Times: user=0.01 sys=0.00, real=0.00 secs] 
290.007: Total time for which application threads were stopped: 0.0033520 seconds, Stopping threads took: 0.0016680 seconds
290.054: Application time: 0.0464730 seconds
290.055: [GC290.055: [ParNew: 54452K->6206K(55872K), 0.0023990 secs] 98680K->51877K(182144K), 0.0024420 secs] [Times: user=0.02 sys=0.00, real=0.00 secs] 
290.058: Total time for which application threads were stopped: 0.0042260 seconds, Stopping threads took: 0.0017210 seconds
290.058: Application time: 0.0001180 seconds
290.060: [GC [1 CMS-initial-mark: 45671K(126272K)] 52869K(182144K), 0.0002330 secs] [Times: user=0.00 sys=0.00, real=0.00 secs] 
290.060: Total time for which application threads were stopped: 0.0024350 seconds, Stopping threads took: 0.0021770 seconds
290.060: [CMS-concurrent-mark-start]
290.065: [CMS-concurrent-mark: 0.005/0.005 secs] [Times: user=0.01 sys=0.00, real=0.01 secs] 
290.065: [CMS-concurrent-preclean-start]
290.066: [CMS-concurrent-preclean: 0.000/0.000 secs] [Times: user=0.03 sys=0.00, real=0.00 secs] 
290.066: [CMS-concurrent-abortable-preclean-start]
290.104: Application time: 0.0439680 seconds
290.106: [GC290.106: [ParNew: 55870K->5624K(55872K), 0.0017400 secs] 101541K->51320K(182144K), 0.0017810 secs] [Times: user=0.01 sys=0.00, real=0.00 secs] 
290.108: Total time for which application threads were stopped: 0.0035690 seconds, Stopping threads took: 0.0017240 seconds
290.153: Application time: 0.0449230 seconds
290.155: [GC290.155: [ParNew: 55288K->5066K(55872K), 0.0015120 secs] 100984K->50762K(182144K), 0.0015490 secs] [Times: user=0.01 sys=0.00, real=0.00 secs] 
290.157: Total time for which application threads were stopped: 0.0039840 seconds, Stopping threads took: 0.0023650 seconds
290.200: Application time: 0.0432470 seconds
290.202: [GC290.202: [ParNew: 54730K->6207K(55872K), 0.0020250 secs] 100426K->52183K(182144K), 0.0020710 secs] [Times: user=0.02 sys=0.00, real=0.00 secs] 
290.204: Total time for which application threads were stopped: 0.0041790 seconds, Stopping threads took: 0.0020420 seconds
290.251: Application time: 0.0465280 seconds
290.253: [GC290.253: [ParNew: 55871K->5818K(55872K), 0.0019010 secs] 101847K->51823K(182144K), 0.0019410 secs] [Times: user=0.01 sys=0.00, real=0.01 secs] 
290.255: Total time for which application threads were stopped: 0.0043610 seconds, Stopping threads took: 0.0023580 seconds
290.300: Application time: 0.0451350 seconds
290.302: [GC290.302: [ParNew: 55482K->6082K(55872K), 0.0019140 secs] 101487K->52144K(182144K), 0.0019540 secs] [Times: user=0.01 sys=0.00, real=0.00 secs] 
290.304: Total time for which application threads were stopped: 0.0038100 seconds, Stopping threads took: 0.0017820 seconds
290.349: Application time: 0.0446800 seconds
290.350: [GC290.350: [ParNew: 55746K->5634K(55872K), 0.0017940 secs] 101808K->51725K(182144K), 0.0018390 secs] [Times: user=0.01 sys=0.00, real=0.00 secs] 
290.352: Total time for which application threads were stopped: 0.0035410 seconds, Stopping threads took: 0.0016080 seconds
290.398: Application time: 0.0458170 seconds
290.400: [GC290.400: [ParNew: 55298K->4181K(55872K), 0.0015400 secs] 101389K->50300K(182144K), 0.0015820 secs] [Times: user=0.01 sys=0.00, real=0.01 secs] 
290.402: Total time for which application threads were stopped: 0.0037890 seconds, Stopping threads took: 0.0021360 seconds
290.451: Application time: 0.0489670 seconds
290.452: [GC290.452: [ParNew: 53845K->6207K(55872K), 0.0024320 secs] 99964K->53327K(182144K), 0.0024780 secs] [Times: user=0.01 sys=0.00, real=0.01 secs] 
290.455: Total time for which application threads were stopped: 0.0036730 seconds, Stopping threads took: 0.0011090 seconds
290.498: Application time: 0.0429730 seconds
290.502: [GC290.502: [ParNew: 55871K->6206K(55872K), 0.0022690 secs] 102991K->54215K(182144K), 0.0023080 secs] [Times: user=0.01 sys=0.00, real=0.00 secs] 
290.504: Total time for which application threads were stopped: 0.0066290 seconds, Stopping threads took: 0.0042530 seconds
290.550: Application time: 0.0460600 seconds
290.553: [GC290.553: [ParNew: 55870K->6206K(55872K), 0.0022780 secs] 103879K->55047K(182144K), 0.0023250 secs] [Times: user=0.02 sys=0.00, real=0.01 secs] 
290.555: Total time for which application threads were stopped: 0.0049540 seconds, Stopping threads took: 0.0025630 seconds
290.602: Application time: 0.0468800 seconds
290.604: [GC290.604: [ParNew: 55870K->6207K(55872K), 0.0022770 secs] 104711K->55459K(182144K), 0.0023170 secs] [Times: user=0.02 sys=0.00, real=0.00 secs] 
290.606: Total time for which application threads were stopped: 0.0041640 seconds, Stopping threads took: 0.0017840 seconds
290.651: Application time: 0.0448350 seconds
290.653: [GC290.653: [ParNew: 55871K->6207K(55872K), 0.0021590 secs] 105123K->56276K(182144K), 0.0022030 secs] [Times: user=0.01 sys=0.00, real=0.01 secs] 
290.655: Total time for which application threads were stopped: 0.0044000 seconds, Stopping threads took: 0.0021330 seconds
290.701: Application time: 0.0459070 seconds
290.704: [GC290.704: [ParNew: 55871K->6207K(55872K), 0.0021510 secs] 105940K->57167K(182144K), 0.0021930 secs] [Times: user=0.02 sys=0.00, real=0.00 secs] 
290.706: Total time for which application threads were stopped: 0.0048760 seconds, Stopping threads took: 0.0026200 seconds
290.751: Application time: 0.0444620 seconds
290.753: [GC290.753: [ParNew: 55871K->6207K(55872K), 0.0024530 secs] 106831K->58835K(182144K), 0.0024940 secs] [Times: user=0.02 sys=0.00, real=0.01 secs] 
290.755: Total time for which application threads were stopped: 0.0044550 seconds, Stopping threads took: 0.0018970 seconds
290.800: Application time: 0.0449220 seconds
290.800: [GC290.800: [ParNew: 55871K->6206K(55872K), 0.0020170 secs] 108499K->59304K(182144K), 0.0020590 secs] [Times: user=0.02 sys=0.00, real=0.01 secs] 
290.803: Total time for which application threads were stopped: 0.0024130 seconds, Stopping threads took: 0.0002900 seconds
290.847: Application time: 0.0444270 seconds
290.848: [GC290.848: [ParNew: 55870K->6207K(55872K), 0.0024710 secs] 108968K->60824K(182144K), 0.0025180 secs] [Times: user=0.01 sys=0.00, real=0.00 secs] 
290.851: Total time for which application threads were stopped: 0.0038290 seconds, Stopping threads took: 0.0012440 seconds
290.896: Application time: 0.0452040 seconds
290.898: [GC290.898: [ParNew: 55871K->6207K(55872K), 0.0019910 secs] 110488K->61210K(182144K), 0.0020320 secs] [Times: user=0.01 sys=0.00, real=0.00 secs] 
290.900: Total time for which application threads were stopped: 0.0037780 seconds, Stopping threads took: 0.0016840 seconds
290.944: Application time: 0.0437790 seconds
290.945: [GC290.945: [ParNew: 55871K->6207K(55872K), 0.0021040 secs] 110874K->61702K(182144K), 0.0021460 secs] [Times: user=0.01 sys=0.00, real=0.00 secs] 
290.947: Total time for which application threads were stopped: 0.0037860 seconds, Stopping threads took: 0.0015480 seconds
290.990: Application time: 0.0430520 seconds
290.992: [GC290.992: [ParNew: 55871K->6206K(55872K), 0.0024220 secs] 111366K->63146K(182144K), 0.0024760 secs] [Times: user=0.02 sys=0.00, real=0.01 secs] 
290.994: Total time for which application threads were stopped: 0.0037710 seconds, Stopping threads took: 0.0012280 seconds
291.041: Application time: 0.0464510 seconds
291.043: [GC291.044: [ParNew: 55870K->5750K(55872K), 0.0018250 secs] 112810K->62689K(182144K), 0.0018660 secs] [Times: user=0.01 sys=0.00, real=0.00 secs] 
291.045: Total time for which application threads were stopped: 0.0047490 seconds, Stopping threads took: 0.0028140 seconds
291.092: Application time: 0.0462980 seconds
291.094: [GC291.094: [ParNew: 55414K->5688K(55872K), 0.0017870 secs] 112353K->62656K(182144K), 0.0018260 secs] [Times: user=0.01 sys=0.00, real=0.00 secs] 
291.096: Total time for which application threads were stopped: 0.0046190 seconds, Stopping threads took: 0.0027090 seconds
291.143: Application time: 0.0470180 seconds
291.145: [GC291.145: [ParNew: 55352K->4561K(55872K), 0.0015170 secs] 112320K->61558K(182144K), 0.0015560 secs] [Times: user=0.01 sys=0.01, real=0.00 secs] 
291.147: Total time for which application threads were stopped: 0.0035170 seconds, Stopping threads took: 0.0019010 seconds
291.192: Application time: 0.0450240 seconds
291.193: [GC291.193: [ParNew: 54225K->6207K(55872K), 0.0020960 secs] 111222K->63609K(182144K), 0.0021390 secs] [Times: user=0.02 sys=0.00, real=0.01 secs] 
291.195: Total time for which application threads were stopped: 0.0035870 seconds, Stopping threads took: 0.0013620 seconds
291.239: Application time: 0.0436470 seconds
291.241: [GC291.241: [ParNew: 55871K->6207K(55872K), 0.0020630 secs] 113273K->63891K(182144K), 0.0021100 secs] [Times: user=0.02 sys=0.00, real=0.00 secs] 
291.244: Total time for which application threads were stopped: 0.0044580 seconds, Stopping threads took: 0.0022810 seconds
291.289: Application time: 0.0456250 seconds
291.292: [GC291.292: [ParNew: 55871K->6206K(55872K), 0.0021450 secs] 113555K->64107K(182144K), 0.0021860 secs] [Times: user=0.01 sys=0.00, real=0.01 secs] 
291.294: Total time for which application threads were stopped: 0.0045130 seconds, Stopping threads took: 0.0022420 seconds
291.338: Application time: 0.0438790 seconds
291.340: [GC291.340: [ParNew: 55870K->6207K(55872K), 0.0019370 secs] 113771K->64221K(182144K), 0.0019840 secs] [Times: user=0.02 sys=0.00, real=0.01 secs] 
291.342: Total time for which application threads were stopped: 0.0039240 seconds, Stopping threads took: 0.0018730 seconds
291.388: Application time: 0.0460340 seconds
291.389: [GC291.389: [ParNew: 55871K->5826K(55872K), 0.0018190 secs] 113885K->63868K(182144K), 0.0018620 secs] [Times: user=0.01 sys=0.00, real=0.00 secs] 
291.391: Total time for which application threads were stopped: 0.0031060 seconds, Stopping threads took: 0.0011770 seconds
291.436: Application time: 0.0449420 seconds
291.438: [GC291.438: [ParNew: 55490K->6207K(55872K), 0.0021200 secs] 113532K->64643K(182144K), 0.0021610 secs] [Times: user=0.01 sys=0.00, real=0.00 secs] 
291.440: Total time for which application threads were stopped: 0.0044120 seconds, Stopping threads took: 0.0021870 seconds
291.485: Application time: 0.0451390 seconds
291.487: [GC291.487: [ParNew: 55871K->6054K(55872K), 0.0018800 secs] 114307K->64489K(182144K), 0.0019240 secs] [Times: user=0.01 sys=0.00, real=0.00 secs] 
291.489: Total time for which application threads were stopped: 0.0041350 seconds, Stopping threads took: 0.0021310 seconds
291.533: Application time: 0.0441720 seconds
291.536: [GC291.536: [ParNew: 55718K->6206K(55872K), 0.0021970 secs] 114153K->65547K(182144K), 0.0022420 secs] [Times: user=0.01 sys=0.00, real=0.00 secs] 
291.538: Total time for which application threads were stopped: 0.0044210 seconds, Stopping threads took: 0.0021140 seconds
291.582: Application time: 0.0444200 seconds
291.585: [GC291.585: [ParNew: 55870K->6206K(55872K), 0.0021180 secs] 115211K->66456K(182144K), 0.0021620 secs] [Times: user=0.01 sys=0.00, real=0.00 secs] 
291.587: Total time for which application threads were stopped: 0.0048360 seconds, Stopping threads took: 0.0025880 seconds
291.630: Application time: 0.0428870 seconds
291.632: [GC291.632: [ParNew: 55870K->6207K(55872K), 0.0022640 secs] 116120K->67313K(182144K), 0.0023110 secs] [Times: user=0.02 sys=0.00, real=0.01 secs] 
291.634: Total time for which application threads were stopped: 0.0044280 seconds, Stopping threads took: 0.0020570 seconds
291.678: Application time: 0.0438770 seconds
291.680: [GC291.680: [ParNew: 55871K->6207K(55872K), 0.0022940 secs] 116977K->68013K(182144K), 0.0023400 secs] [Times: user=0.02 sys=0.00, real=0.01 secs] 
291.682: Total time for which application threads were stopped: 0.0035680 seconds, Stopping threads took: 0.0011600 seconds
291.728: Application time: 0.0459600 seconds
291.730: [GC291.730: [ParNew: 55871K->5719K(55872K), 0.0017280 secs] 117677K->67525K(182144K), 0.0017690 secs] [Times: user=0.02 sys=0.00, real=0.00 secs] 
291.732: Total time for which application threads were stopped: 0.0042010 seconds, Stopping threads took: 0.0023670 seconds
291.778: Application time: 0.0454670 seconds
291.779: [GC291.779: [ParNew: 55383K->5618K(55872K), 0.0018680 secs] 117189K->67480K(182144K), 0.0019050 secs] [Times: user=0.01 sys=0.00, real=0.00 secs] 
291.781: Total time for which application threads were stopped: 0.0032420 seconds, Stopping threads took: 0.0012760 seconds
291.829: Application time: 0.0485080 seconds
291.831: [GC291.831: [ParNew: 55282K->5190K(55872K), 0.0016020 secs] 117144K->67110K(182144K), 0.0016400 secs] [Times: user=0.01 sys=0.00, real=0.00 secs] 
291.833: Total time for which application threads were stopped: 0.0036490 seconds, Stopping threads took: 0.0019250 seconds
291.879: Application time: 0.0457100 seconds
291.881: [GC291.881: [ParNew: 54854K->5247K(55872K), 0.0017950 secs] 116774K->67195K(182144K), 0.0018360 secs] [Times: user=0.02 sys=0.00, real=0.01 secs] 
291.882: Total time for which application threads were stopped: 0.0037950 seconds, Stopping threads took: 0.0018950 seconds
291.929: Application time: 0.0460830 seconds
291.929: [GC291.929: [ParNew: 54911K->5572K(55872K), 0.0018100 secs] 116859K->67520K(182144K), 0.0018480 secs] [Times: user=0.02 sys=0.00, real=0.00 secs] 
291.931: Total time for which application threads were stopped: 0.0027640 seconds, Stopping threads took: 0.0008540 seconds
291.978: Application time: 0.0470820 seconds
291.980: [GC291.980: [ParNew: 55236K->6206K(55872K), 0.0021110 secs] 117184K->68429K(182144K), 0.0021490 secs] [Times: user=0.01 sys=0.00, real=0.01 secs] 
291.982: Total time for which application threads were stopped: 0.0040390 seconds, Stopping threads took: 0.0018040 seconds
292.030: Application time: 0.0478450 seconds
292.032: [GC292.032: [ParNew: 55870K->6206K(55872K), 0.0019910 secs] 118093K->68862K(182144K), 0.0020330 secs] [Times: user=0.02 sys=0.00, real=0.01 secs] 
292.034: Total time for which application threads were stopped: 0.0040680 seconds, Stopping threads took: 0.0019590 seconds
292.081: Application time: 0.0468710 seconds
292.084: [GC292.084: [ParNew: 55870K->5631K(55872K), 0.0017920 secs] 118526K->68287K(182144K), 0.0018330 secs] [Times: user=0.01 sys=0.00, real=0.00 secs] 
292.086: Total time for which application threads were stopped: 0.0046760 seconds, Stopping threads took: 0.0027760 seconds
292.133: Application time: 0.0472640 seconds
292.135: [GC292.135: [ParNew: 55295K->6206K(55872K), 0.0023620 secs] 117951K->70200K(182144K), 0.0024080 secs] [Times: user=0.02 sys=0.00, real=0.00 secs] 
292.137: Total time for which application threads were stopped: 0.0042560 seconds, Stopping threads took: 0.0017780 seconds
292.186: Application time: 0.0482050 seconds
292.187: [GC292.187: [ParNew: 55870K->5932K(55872K), 0.0018210 secs] 119864K->69954K(182144K), 0.0018610 secs] [Times: user=0.02 sys=0.00, real=0.00 secs] 
292.189: Total time for which application threads were stopped: 0.0036550 seconds, Stopping threads took: 0.0017350 seconds
292.238: Application time: 0.0484030 seconds
292.241: [GC292.241: [ParNew: 55596K->6207K(55872K), 0.0023200 secs] 119618K->71176K(182144K), 0.0023730 secs] [Times: user=0.02 sys=0.00, real=0.01 secs] 
292.243: Total time for which application threads were stopped: 0.0052880 seconds, Stopping threads took: 0.0028480 seconds
292.290: Application time: 0.0469730 seconds
292.292: [GC292.292: [ParNew: 55871K->6207K(55872K), 0.0023870 secs] 120840K->72382K(182144K), 0.0024340 secs] [Times: user=0.01 sys=0.00, real=0.01 secs] 
292.294: Total time for which application threads were stopped: 0.0042780 seconds, Stopping threads took: 0.0017780 seconds
292.341: Application time: 0.0466520 seconds
292.343: [GC292.343: [ParNew: 55871K->6207K(55872K), 0.0022720 secs] 122046K->73394K(182144K), 0.0023130 secs] [Times: user=0.02 sys=0.00, real=0.00 secs] 
292.345: Total time for which application threads were stopped: 0.0044800 seconds, Stopping threads took: 0.0020660 seconds
292.394: Application time: 0.0482620 seconds
292.396: [GC292.396: [ParNew: 55871K->6206K(55872K), 0.0021090 secs] 123058K->73894K(182144K), 0.0021570 secs] [Times: user=0.02 sys=0.00, real=0.00 secs] 
292.398: Total time for which application threads were stopped: 0.0045390 seconds, Stopping threads took: 0.0023140 seconds
292.446: Application time: 0.0475920 seconds
292.448: [GC292.448: [ParNew: 55870K->6207K(55872K), 0.0023970 secs] 123558K->75418K(182144K), 0.0024450 secs] [Times: user=0.02 sys=0.00, real=0.00 secs] 
292.450: Total time for which application threads were stopped: 0.0044360 seconds, Stopping threads took: 0.0019220 seconds
292.498: Application time: 0.0477800 seconds
292.500: [GC292.500: [ParNew: 55871K->5773K(55872K), 0.0020670 secs] 125082K->75012K(182144K), 0.0021120 secs] [Times: user=0.02 sys=0.00, real=0.01 secs] 
292.502: Total time for which application threads were stopped: 0.0044720 seconds, Stopping threads took: 0.0022740 seconds
292.551: Application time: 0.0485700 seconds
292.554: [GC292.554: [ParNew: 55437K->5816K(55872K), 0.0020660 secs] 124676K->75055K(182144K), 0.0021040 secs] [Times: user=0.02 sys=0.00, real=0.00 secs] 
292.556: Total time for which application threads were stopped: 0.0050820 seconds, Stopping threads took: 0.0028860 seconds
292.605: Application time: 0.0486830 seconds
292.608: [GC292.608: [ParNew: 55480K->5816K(55872K), 0.0017870 secs] 124719K->75055K(182144K), 0.0018330 secs] [Times: user=0.01 sys=0.00, real=0.00 secs] 
292.610: Total time for which application threads were stopped: 0.0051950 seconds, Stopping threads took: 0.0032760 seconds
292.659: Application time: 0.0484800 seconds
292.661: [GC292.661: [ParNew: 55480K->6206K(55872K), 0.0021240 secs] 124719K->75582K(182144K), 0.0021680 secs] [Times: user=0.01 sys=0.00, real=0.01 secs] 
292.663: Total time for which application threads were stopped: 0.0042770 seconds, Stopping threads took: 0.0020190 seconds
292.714: Application time: 0.0515790 seconds
292.718: [GC292.718: [ParNew: 55870K->3873K(55872K), 0.0015520 secs] 125246K->73278K(182144K), 0.0015870 secs] [Times: user=0.01 sys=0.00, real=0.00 secs] 
292.719: Total time for which application threads were stopped: 0.0048780 seconds, Stopping threads took: 0.0032290 seconds
292.771: Application time: 0.0515190 seconds
292.772: [GC292.772: [ParNew: 53537K->4396K(55872K), 0.0016020 secs] 122942K->73801K(182144K), 0.0016480 secs] [Times: user=0.01 sys=0.00, real=0.01 secs] 
292.774: Total time for which application threads were stopped: 0.0033180 seconds, Stopping threads took: 0.0016020 seconds
292.822: Application time: 0.0476170 seconds
292.825: [GC292.825: [ParNew: 54060K->5544K(55872K), 0.0017950 secs] 123465K->74948K(182144K), 0.0018360 secs] [Times: user=0.01 sys=0.00, real=0.00 secs] 
292.826: Total time for which application threads were stopped: 0.0046690 seconds, Stopping threads took: 0.0027690 seconds
292.874: Application time: 0.0472540 seconds
292.875: [GC292.875: [ParNew: 55208K->6207K(55872K), 0.0025010 secs] 124612K->76308K(182144K), 0.0025490 secs] [Times: user=0.01 sys=0.00, real=0.00 secs] 
292.878: Total time for which application threads were stopped: 0.0043290 seconds, Stopping threads took: 0.0016890 seconds
292.926: Application time: 0.0475960 seconds
292.927: [GC292.927: [ParNew: 55871K->6206K(55872K), 0.0021890 secs] 125972K->76770K(182144K), 0.0022430 secs] [Times: user=0.01 sys=0.00, real=0.00 secs] 
292.929: Total time for which application threads were stopped: 0.0038960 seconds, Stopping threads took: 0.0015860 seconds
292.977: Application time: 0.0474980 seconds
292.979: [GC292.979: [ParNew: 55870K->6207K(55872K), 0.0020640 secs] 126434K->77237K(182144K), 0.0021080 secs] [Times: user=0.01 sys=0.00, real=0.00 secs] 
292.981: Total time for which application threads were stopped: 0.0038100 seconds, Stopping threads took: 0.0016350 seconds
293.030: Application time: 0.0497190 seconds
293.033: [GC293.033: [ParNew: 55871K->5735K(55872K), 0.0020370 secs] 126901K->76765K(182144K), 0.0020790 secs] [Times: user=0.01 sys=0.00, real=0.01 secs] 
293.035: Total time for which application threads were stopped: 0.0043120 seconds, Stopping threads took: 0.0021590 seconds
293.084: Application time: 0.0492300 seconds
293.087: [GC293.087: [ParNew: 55399K->6207K(55872K), 0.0021230 secs] 126429K->77716K(182144K), 0.0021770 secs] [Times: user=0.02 sys=0.00, real=0.00 secs] 
293.089: Total time for which application threads were stopped: 0.0053610 seconds, Stopping threads took: 0.0031050 seconds
293.137: Application time: 0.0478810 seconds
293.140: [GC293.140: [ParNew: 55871K->5728K(55872K), 0.0018070 secs] 127380K->77237K(182144K), 0.0018510 secs] [Times: user=0.01 sys=0.00, real=0.01 secs] 
293.142: Total time for which application threads were stopped: 0.0042480 seconds, Stopping threads took: 0.0023290 seconds
293.191: Application time: 0.0489820 seconds
293.193: [GC293.193: [ParNew: 55392K->6057K(55872K), 0.0021870 secs] 126901K->77566K(182144K), 0.0022310 secs] [Times: user=0.02 sys=0.00, real=0.01 secs] 
293.195: Total time for which application threads were stopped: 0.0045410 seconds, Stopping threads took: 0.0022390 seconds
293.243: Application time: 0.0479320 seconds
293.245: [GC293.245: [ParNew: 55721K->5970K(55872K), 0.0020750 secs] 127230K->77536K(182144K), 0.0021150 secs] [Times: user=0.02 sys=0.00, real=0.00 secs] 
293.247: Total time for which application threads were stopped: 0.0039740 seconds, Stopping threads took: 0.0017990 seconds
293.297: Application time: 0.0499710 seconds
293.298: [GC293.298: [ParNew: 55634K->6206K(55872K), 0.0023830 secs] 127200K->78934K(182144K), 0.0024280 secs] [Times: user=0.02 sys=0.00, real=0.00 secs] 
293.300: Total time for which application threads were stopped: 0.0034030 seconds, Stopping threads took: 0.0008980 seconds
293.351: Application time: 0.0505540 seconds
293.354: [GC293.354: [ParNew: 55869K->5316K(55872K), 0.0015850 secs] 128596K->78044K(182144K), 0.0016270 secs] [Times: user=0.02 sys=0.00, real=0.00 secs] 
293.355: Total time for which application threads were stopped: 0.0043390 seconds, Stopping threads took: 0.0026470 seconds
293.401: Application time: 0.0458570 seconds
293.404: [GC293.404: [ParNew: 54980K->6207K(55872K), 0.0022690 secs] 127708K->79975K(182144K), 0.0023120 secs] [Times: user=0.02 sys=0.00, real=0.00 secs] 
293.406: Total time for which application threads were stopped: 0.0050850 seconds, Stopping threads took: 0.0027040 seconds
293.453: Application time: 0.0471160 seconds
293.456: [GC293.456: [ParNew: 55871K->6207K(55872K), 0.0020160 secs] 129639K->80083K(182144K), 0.0020600 secs] [Times: user=0.02 sys=0.00, real=0.00 secs] 
293.458: Total time for which application threads were stopped: 0.0044060 seconds, Stopping threads took: 0.0022810 seconds
293.508: Application time: 0.0503640 seconds
293.510: [GC293.510: [ParNew: 55871K->4860K(55872K), 0.0015620 secs] 129747K->78765K(182144K), 0.0016030 secs] [Times: user=0.01 sys=0.00, real=0.00 secs] 
293.511: Total time for which application threads were stopped: 0.0033710 seconds, Stopping threads took: 0.0016850 seconds
293.559: Application time: 0.0472020 seconds
293.560: [GC293.560: [ParNew: 54524K->6206K(55872K), 0.0022650 secs] 128429K->80738K(182144K), 0.0023150 secs] [Times: user=0.02 sys=0.00, real=0.01 secs] 
293.563: Total time for which application threads were stopped: 0.0040740 seconds, Stopping threads took: 0.0016610 seconds
293.610: Application time: 0.0468830 seconds
293.612: [GC293.612: [ParNew: 55870K->6207K(55872K), 0.0021990 secs] 130402K->81758K(182144K), 0.0022450 secs] [Times: user=0.01 sys=0.00, real=0.01 secs] 
293.614: Total time for which application threads were stopped: 0.0047320 seconds, Stopping threads took: 0.0024120 seconds
293.663: Application time: 0.0482190 seconds
293.665: [GC293.665: [ParNew: 55871K->6179K(55872K), 0.0019750 secs] 131422K->81729K(182144K), 0.0020250 secs] [Times: user=0.01 sys=0.00, real=0.00 secs] 
293.667: Total time for which application threads were stopped: 0.0048190 seconds, Stopping threads took: 0.0027260 seconds
293.715: Application time: 0.0479840 seconds
293.717: [GC293.717: [ParNew: 55843K->5567K(55872K), 0.0018300 secs] 131393K->81118K(182144K), 0.0018770 secs] [Times: user=0.02 sys=0.00, real=0.00 secs] 
293.719: Total time for which application threads were stopped: 0.0034920 seconds, Stopping threads took: 0.0015490 seconds
293.767: Application time: 0.0480630 seconds
293.769: [GC293.769: [ParNew: 55231K->6206K(55872K), 0.0020590 secs] 130782K->82037K(182144K), 0.0021040 secs] [Times: user=0.02 sys=0.00, real=0.00 secs] 
293.771: Total time for which application threads were stopped: 0.0037540 seconds, Stopping threads took: 0.0015840 seconds
293.819: Application time: 0.0482390 seconds
293.820: [GC293.820: [ParNew: 55870K->6207K(55872K), 0.0024290 secs] 131701K->83203K(182144K), 0.0024780 secs] [Times: user=0.01 sys=0.00, real=0.01 secs] 
293.823: Total time for which application threads were stopped: 0.0037380 seconds, Stopping threads took: 0.0011890 seconds
293.871: Application time: 0.0487960 seconds
293.874: [GC293.874: [ParNew: 55871K->5174K(55872K), 0.0016540 secs] 132867K->82170K(182144K), 0.0016990 secs] [Times: user=0.01 sys=0.00, real=0.00 secs] 
293.876: Total time for which application threads were stopped: 0.0043410 seconds, Stopping threads took: 0.0025700 seconds
293.922: Application time: 0.0465560 seconds
293.925: [GC293.925: [ParNew: 54838K->6207K(55872K), 0.0022820 secs] 131834K->84446K(182144K), 0.0023300 secs] [Times: user=0.02 sys=0.00, real=0.00 secs] 
293.928: Total time for which application threads were stopped: 0.0051270 seconds, Stopping threads took: 0.0027280 seconds
293.977: Application time: 0.0494090 seconds
293.980: [GC293.980: [ParNew: 55871K->5531K(55872K), 0.0019460 secs] 134110K->83794K(182144K), 0.0019900 secs] [Times: user=0.01 sys=0.00, real=0.01 secs] 
293.982: Total time for which application threads were stopped: 0.0049040 seconds, Stopping threads took: 0.0028510 seconds
294.028: Application time: 0.0466430 seconds
294.029: [GC294.029: [ParNew: 55195K->6128K(55872K), 0.0020940 secs] 133458K->84420K(182144K), 0.0021350 secs] [Times: user=0.01 sys=0.00, real=0.00 secs] 
294.032: Total time for which application threads were stopped: 0.0030890 seconds, Stopping threads took: 0.0008830 seconds
294.078: Application time: 0.0469240 seconds
294.081: [GC294.081: [ParNew: 55792K->6207K(55872K), 0.0023600 secs] 134084K->85442K(182144K), 0.0024060 secs] [Times: user=0.01 sys=0.01, real=0.01 secs] 
294.084: Total time for which application threads were stopped: 0.0051730 seconds, Stopping threads took: 0.0026890 seconds
294.132: Application time: 0.0482620 seconds
294.134: [GC294.134: [ParNew: 55871K->6054K(55872K), 0.0018550 secs] 135106K->85289K(182144K), 0.0019010 secs] [Times: user=0.01 sys=0.00, real=0.00 secs] 
294.136: Total time for which application threads were stopped: 0.0042280 seconds, Stopping threads took: 0.0022510 seconds
294.186: Application time: 0.0501370 seconds
294.188: [GC294.188: [ParNew: 55718K->5564K(55872K), 0.0020660 secs] 134953K->84827K(182144K), 0.0021080 secs] [Times: user=0.01 sys=0.00, real=0.00 secs] 
294.190: Total time for which application threads were stopped: 0.0035500 seconds, Stopping threads took: 0.0013560 seconds
294.239: Application time: 0.0491380 seconds
294.241: [GC294.241: [ParNew: 55228K->4620K(55872K), 0.0015530 secs] 134491K->83883K(182144K), 0.0016030 secs] [Times: user=0.01 sys=0.00, real=0.01 secs] 
294.243: Total time for which application threads were stopped: 0.0036750 seconds, Stopping threads took: 0.0020080 seconds
294.289: Application time: 0.0464070 seconds
294.291: [GC294.291: [ParNew: 54284K->6207K(55872K), 0.0022210 secs] 133547K->86358K(182144K), 0.0022660 secs] [Times: user=0.01 sys=0.00, real=0.00 secs] 
294.293: Total time for which application threads were stopped: 0.0042320 seconds, Stopping threads took: 0.0018750 seconds
294.341: Application time: 0.0478930 seconds
294.344: [GC294.344: [ParNew: 55871K->6207K(55872K), 0.0021700 secs] 136022K->87080K(182144K), 0.0022160 secs] [Times: user=0.02 sys=0.00, real=0.00 secs] 
294.346: Total time for which application threads were stopped: 0.0047700 seconds, Stopping threads took: 0.0024930 seconds
294.394: Application time: 0.0484980 seconds
294.397: [GC294.397: [ParNew: 55871K->6207K(55872K), 0.0024580 secs] 136744K->88782K(182144K), 0.0025040 secs] [Times: user=0.02 sys=0.00, real=0.00 secs] 
294.399: Total time for which application threads were stopped: 0.0046280 seconds, Stopping threads took: 0.0020580 seconds
294.449: Application time: 0.0496110 seconds
294.452: [GC294.452: [ParNew: 55871K->6207K(55872K), 0.0019960 secs] 138446K->88945K(182144K), 0.0020380 secs] [Times: user=0.01 sys=0.00, real=0.01 secs] 
294.454: Total time for which application threads were stopped: 0.0051840 seconds, Stopping threads took: 0.0030810 seconds
294.499: Application time: 0.0455760 seconds
294.502: [GC294.502: [ParNew: 55871K->6206K(55872K), 0.0024480 secs] 138609K->90539K(182144K), 0.0024940 secs] [Times: user=0.01 sys=0.00, real=0.00 secs] 
294.505: Total time for which application threads were stopped: 0.0050490 seconds, Stopping threads took: 0.0024880 seconds
294.553: Application time: 0.0481850 seconds
294.555: [GC294.555: [ParNew: 55870K->6207K(55872K), 0.0020360 secs] 140203K->90954K(182144K), 0.0020830 secs] [Times: user=0.02 sys=0.00, real=0.00 secs] 
294.557: Total time for which application threads were stopped: 0.0040670 seconds, Stopping threads took: 0.0019150 seconds
294.607: Application time: 0.0501370 seconds
294.610: [GC294.610: [ParNew: 55871K->5487K(55872K), 0.0017120 secs] 140618K->90263K(182144K), 0.0017520 secs] [Times: user=0.01 sys=0.00, real=0.00 secs] 
294.611: Total time for which application threads were stopped: 0.0044400 seconds, Stopping threads took: 0.0026250 seconds
294.660: Application time: 0.0488880 seconds
294.662: [GC294.662: [ParNew: 55151K->6207K(55872K), 0.0020210 secs] 139927K->91127K(182144K), 0.0020670 secs] [Times: user=0.02 sys=0.00, real=0.00 secs] 
294.664: Total time for which application threads were stopped: 0.0038560 seconds, Stopping threads took: 0.0017170 seconds
294.714: Application time: 0.0495730 seconds
294.716: [GC294.716: [ParNew: 55871K->3292K(55872K), 0.0012030 secs] 140791K->88241K(182144K), 0.0012360 secs] [Times: user=0.01 sys=0.00, real=0.00 secs] 
294.717: Total time for which application threads were stopped: 0.0033230 seconds, Stopping threads took: 0.0020060 seconds
294.767: Application time: 0.0496490 seconds
294.768: [GC294.768: [ParNew: 52956K->6206K(55872K), 0.0023170 secs] 137905K->92140K(182144K), 0.0023630 secs] [Times: user=0.02 sys=0.00, real=0.00 secs] 
294.770: Total time for which application threads were stopped: 0.0038170 seconds, Stopping threads took: 0.0013640 seconds
294.819: Application time: 0.0483490 seconds
294.821: [GC294.821: [ParNew: 55870K->6155K(55872K), 0.0018400 secs] 141804K->92088K(182144K), 0.0018860 secs] [Times: user=0.02 sys=0.00, real=0.01 secs] 
294.823: Total time for which application threads were stopped: 0.0042290 seconds, Stopping threads took: 0.0022760 seconds
294.872: Application time: 0.0489050 seconds
294.873: [GC294.873: [ParNew: 55819K->6207K(55872K), 0.0022310 secs] 141752K->92413K(182144K), 0.0022750 secs] [Times: user=0.01 sys=0.00, real=0.01 secs] 
294.875: Total time for which application threads were stopped: 0.0034860 seconds, Stopping threads took: 0.0011430 seconds
294.922: Application time: 0.0463740 seconds
294.924: [GC294.924: [ParNew: 55871K->6206K(55872K), 0.0024740 secs] 142077K->94047K(182144K), 0.0025300 secs] [Times: user=0.02 sys=0.00, real=0.00 secs] 
294.927: Total time for which application threads were stopped: 0.0047280 seconds, Stopping threads took: 0.0021260 seconds
294.975: Application time: 0.0480820 seconds
294.977: [GC294.977: [ParNew: 55870K->6206K(55872K), 0.0021000 secs] 143711K->94405K(182144K), 0.0021480 secs] [Times: user=0.01 sys=0.00, real=0.00 secs] 
294.979: Total time for which application threads were stopped: 0.0042940 seconds, Stopping threads took: 0.0020770 seconds
295.024: Application time: 0.0454840 seconds
295.026: [GC295.026: [ParNew: 55870K->6206K(55872K), 0.0023680 secs] 144069K->95729K(182144K), 0.0024150 secs] [Times: user=0.02 sys=0.00, real=0.00 secs] 
295.029: Total time for which application threads were stopped: 0.0043250 seconds, Stopping threads took: 0.0018430 seconds
295.081: Application time: 0.0526950 seconds
295.085: [GC295.085: [ParNew: 55870K->6207K(55872K), 0.0020910 secs] 145393K->95916K(182144K), 0.0021360 secs] [Times: user=0.02 sys=0.00, real=0.00 secs] 
295.087: Total time for which application threads were stopped: 0.0053260 seconds, Stopping threads took: 0.0031140 seconds
 CMS: abort preclean due to time 295.089: [CMS-concurrent-abortable-preclean: 0.254/5.023 secs] [Times: user=38.55 sys=0.11, real=5.02 secs] 
295.089: Application time: 0.0022090 seconds
295.092: [GC[YG occupancy: 12072 K (55872 K)]295.092: [Rescan (parallel) , 0.0002580 secs]295.092: [weak refs processing, 0.0000070 secs]295.092: [scrub string table, 0.0001220 secs] [1 CMS-remark: 89709K(126272K)] 101782K(182144K), 0.0004420 secs] [Times: user=0.00 sys=0.00, real=0.00 secs] 
295.093: Total time for which application threads were stopped: 0.0035860 seconds, Stopping threads took: 0.0031120 seconds
295.093: [CMS-concurrent-sweep-start]
295.099: [CMS-concurrent-sweep: 0.007/0.007 secs] [Times: user=0.04 sys=0.00, real=0.01 secs] 
295.100: [CMS-concurrent-reset-start]
295.100: [CMS-concurrent-reset: 0.000/0.000 secs] [Times: user=0.00 sys=0.00, real=0.00 secs] 
295.137: Application time: 0.0446320 seconds
295.139: [GC295.139: [ParNew: 55871K->4859K(55872K), 0.0016600 secs] 102917K->51934K(182144K), 0.0016990 secs] [Times: user=0.01 sys=0.00, real=0.00 secs] 
295.140: Total time for which application threads were stopped: 0.0032110 seconds, Stopping threads took: 0.0014260 seconds
295.191: Application time: 0.0501010 seconds
295.194: [GC295.194: [ParNew: 54523K->5934K(55872K), 0.0018250 secs] 101598K->53066K(182144K), 0.0018670 secs] [Times: user=0.01 sys=0.00, real=0.00 secs] 
295.196: Total time for which application threads were stopped: 0.0051180 seconds, Stopping threads took: 0.0031770 seconds
295.244: Application time: 0.0486340 seconds
295.246: [GC295.246: [ParNew: 55598K->6206K(55872K), 0.0021780 secs] 102730K->54153K(182144K), 0.0022220 secs] [Times: user=0.01 sys=0.00, real=0.00 secs] 
295.248: Total time for which application threads were stopped: 0.0040800 seconds, Stopping threads took: 0.0017970 seconds
295.296: Application time: 0.0480840 seconds
295.298: [GC295.298: [ParNew: 55870K->5003K(55872K), 0.0015620 secs] 103817K->52950K(182144K), 0.0016030 secs] [Times: user=0.01 sys=0.00, real=0.00 secs] 
295.300: Total time for which application threads were stopped: 0.0032190 seconds, Stopping threads took: 0.0015520 seconds
295.352: Application time: 0.0524920 seconds
295.354: [GC295.354: [ParNew: 54667K->5613K(55872K), 0.0017680 secs] 102614K->53559K(182144K), 0.0018080 secs] [Times: user=0.02 sys=0.00, real=0.00 secs] 
295.356: Total time for which application threads were stopped: 0.0035970 seconds, Stopping threads took: 0.0017270 seconds
295.404: Application time: 0.0481470 seconds
295.405: [GC295.405: [ParNew: 55277K->6206K(55872K), 0.0019960 secs] 103223K->54377K(182144K), 0.0020390 secs] [Times: user=0.01 sys=0.00, real=0.00 secs] 
295.407: Total time for which application threads were stopped: 0.0033580 seconds, Stopping threads took: 0.0012510 seconds
295.457: Application time: 0.0494660 seconds
295.459: [GC295.459: [ParNew: 55870K->5372K(55872K), 0.0017290 secs] 104041K->53571K(182144K), 0.0017780 secs] [Times: user=0.01 sys=0.00, real=0.00 secs] 
295.460: Total time for which application threads were stopped: 0.0036890 seconds, Stopping threads took: 0.0018450 seconds
295.508: Application time: 0.0479840 seconds
295.510: [GC295.510: [ParNew: 55036K->6207K(55872K), 0.0023210 secs] 103235K->55435K(182144K), 0.0023670 secs] [Times: user=0.02 sys=0.00, real=0.00 secs] 
295.512: Total time for which application threads were stopped: 0.0035760 seconds, Stopping threads took: 0.0011420 seconds
295.562: Application time: 0.0503510 seconds
295.563: [GC295.563: [ParNew: 55871K->6207K(55872K), 0.0019790 secs] 105099K->55474K(182144K), 0.0020150 secs] [Times: user=0.02 sys=0.00, real=0.00 secs] 
295.565: Total time for which application threads were stopped: 0.0023940 seconds, Stopping threads took: 0.0003170 seconds
295.613: Application time: 0.0484570 seconds
295.615: [GC295.615: [ParNew: 55871K->6207K(55872K), 0.0022780 secs] 105138K->56331K(182144K), 0.0023230 secs] [Times: user=0.02 sys=0.00, real=0.00 secs] 
295.618: Total time for which application threads were stopped: 0.0043770 seconds, Stopping threads took: 0.0019840 seconds
295.667: Application time: 0.0491500 seconds
295.669: [GC295.669: [ParNew: 55871K->5969K(55872K), 0.0017980 secs] 105995K->56151K(182144K), 0.0018400 secs] [Times: user=0.01 sys=0.00, real=0.00 secs] 
295.671: Total time for which application threads were stopped: 0.0043140 seconds, Stopping threads took: 0.0024070 seconds
295.720: Application time: 0.0488270 seconds
295.722: [GC295.722: [ParNew: 55633K->5270K(55872K), 0.0016620 secs] 105815K->55509K(182144K), 0.0017040 secs] [Times: user=0.01 sys=0.00, real=0.00 secs] 
295.724: Total time for which application threads were stopped: 0.0040650 seconds, Stopping threads took: 0.0022880 seconds
295.774: Application time: 0.0500240 seconds
295.777: [GC295.777: [ParNew: 54934K->5612K(55872K), 0.0018300 secs] 105173K->55851K(182144K), 0.0018860 secs] [Times: user=0.01 sys=0.00, real=0.00 secs] 
295.779: Total time for which application threads were stopped: 0.0049800 seconds, Stopping threads took: 0.0030320 seconds
295.828: Application time: 0.0493800 seconds
295.831: [GC295.831: [ParNew: 55276K->6207K(55872K), 0.0020450 secs] 105515K->56768K(182144K), 0.0020880 secs] [Times: user=0.01 sys=0.00, real=0.00 secs] 
295.833: Total time for which application threads were stopped: 0.0048260 seconds, Stopping threads took: 0.0026720 seconds
295.880: Application time: 0.0468370 seconds
295.882: [GC295.882: [ParNew: 55871K->6207K(55872K), 0.0021350 secs] 106432K->57479K(182144K), 0.0021830 secs] [Times: user=0.01 sys=0.00, real=0.00 secs] 
295.884: Total time for which application threads were stopped: 0.0039080 seconds, Stopping threads took: 0.0016580 seconds
295.934: Application time: 0.0496360 seconds
295.935: [GC295.935: [ParNew: 55871K->6206K(55872K), 0.0021890 secs] 107143K->58485K(182144K), 0.0022320 secs] [Times: user=0.02 sys=0.00, real=0.00 secs] 
295.937: Total time for which application threads were stopped: 0.0038990 seconds, Stopping threads took: 0.0015790 seconds
295.938: Application time: 0.0000430 seconds
295.938: [GC [1 CMS-initial-mark: 52279K(126272K)] 59238K(182144K), 0.0002140 secs] [Times: user=0.00 sys=0.00, real=0.00 secs] 
295.938: Total time for which application threads were stopped: 0.0005390 seconds, Stopping threads took: 0.0003040 seconds
295.938: [CMS-concurrent-mark-start]
295.946: [CMS-concurrent-mark: 0.008/0.008 secs] [Times: user=0.06 sys=0.00, real=0.01 secs] 
295.946: [CMS-concurrent-preclean-start]
295.946: [CMS-concurrent-preclean: 0.000/0.000 secs] [Times: user=0.00 sys=0.00, real=0.00 secs] 
295.946: [CMS-concurrent-abortable-preclean-start]
295.985: Application time: 0.0471330 seconds
295.987: [GC295.988: [ParNew: 55870K->3249K(55872K), 0.0012870 secs] 108149K->55556K(182144K), 0.0013220 secs] [Times: user=0.01 sys=0.00, real=0.00 secs] 
295.989: Total time for which application threads were stopped: 0.0036440 seconds, Stopping threads took: 0.0022510 seconds
296.039: Application time: 0.0497450 seconds
296.040: [GC296.040: [ParNew: 52913K->3758K(55872K), 0.0012760 secs] 105220K->56094K(182144K), 0.0013070 secs] [Times: user=0.01 sys=0.00, real=0.01 secs] 
296.041: Total time for which application threads were stopped: 0.0028150 seconds, Stopping threads took: 0.0014420 seconds
296.087: Application time: 0.0460800 seconds
296.091: [GC296.091: [ParNew: 53422K->4739K(55872K), 0.0016360 secs] 105758K->57075K(182144K), 0.0016700 secs] [Times: user=0.01 sys=0.00, real=0.00 secs] 
296.092: Total time for which application threads were stopped: 0.0048290 seconds, Stopping threads took: 0.0030790 seconds
296.139: Application time: 0.0471850 seconds
296.141: [GC296.141: [ParNew: 54403K->5341K(55872K), 0.0016400 secs] 106739K->57706K(182144K), 0.0016820 secs] [Times: user=0.01 sys=0.00, real=0.01 secs] 
296.142: Total time for which application threads were stopped: 0.0028570 seconds, Stopping threads took: 0.0011110 seconds
296.185: Application time: 0.0429310 seconds
296.187: [GC296.187: [ParNew: 55005K->6206K(55872K), 0.0021770 secs] 107370K->59536K(182144K), 0.0022200 secs] [Times: user=0.02 sys=0.00, real=0.00 secs] 
296.189: Total time for which application threads were stopped: 0.0041500 seconds, Stopping threads took: 0.0018670 seconds
296.234: Application time: 0.0448750 seconds
296.236: [GC296.236: [ParNew: 55870K->6207K(55872K), 0.0021100 secs] 109200K->60340K(182144K), 0.0021540 secs] [Times: user=0.02 sys=0.00, real=0.00 secs] 
296.239: Total time for which application threads were stopped: 0.0042510 seconds, Stopping threads took: 0.0020260 seconds
296.282: Application time: 0.0431890 seconds
296.284: [GC296.284: [ParNew: 55871K->6207K(55872K), 0.0021930 secs] 110004K->61101K(182144K), 0.0022370 secs] [Times: user=0.02 sys=0.00, real=0.00 secs] 
296.286: Total time for which application threads were stopped: 0.0041580 seconds, Stopping threads took: 0.0018570 seconds
296.331: Application time: 0.0447270 seconds
296.333: [GC296.333: [ParNew: 55871K->6206K(55872K), 0.0021390 secs] 110765K->61818K(182144K), 0.0021810 secs] [Times: user=0.02 sys=0.00, real=0.01 secs] 
296.335: Total time for which application threads were stopped: 0.0043850 seconds, Stopping threads took: 0.0021380 seconds
296.378: Application time: 0.0427930 seconds
296.380: [GC296.380: [ParNew: 55870K->6207K(55872K), 0.0021260 secs] 111482K->62414K(182144K), 0.0021740 secs] [Times: user=0.02 sys=0.00, real=0.01 secs] 
296.382: Total time for which application threads were stopped: 0.0044770 seconds, Stopping threads took: 0.0022360 seconds
296.428: Application time: 0.0460880 seconds
296.431: [GC296.431: [ParNew: 55871K->5978K(55872K), 0.0018010 secs] 112078K->62185K(182144K), 0.0018450 secs] [Times: user=0.01 sys=0.00, real=0.00 secs] 
296.433: Total time for which application threads were stopped: 0.0048420 seconds, Stopping threads took: 0.0029330 seconds
296.480: Application time: 0.0467390 seconds
296.482: [GC296.482: [ParNew: 55642K->6206K(55872K), 0.0020210 secs] 111849K->62633K(182144K), 0.0020590 secs] [Times: user=0.01 sys=0.00, real=0.00 secs] 
296.485: Total time for which application threads were stopped: 0.0045320 seconds, Stopping threads took: 0.0024110 seconds
296.529: Application time: 0.0445760 seconds
296.531: [GC296.531: [ParNew: 55870K->6207K(55872K), 0.0025370 secs] 112297K->64268K(182144K), 0.0025840 secs] [Times: user=0.02 sys=0.00, real=0.01 secs] 
296.534: Total time for which application threads were stopped: 0.0046830 seconds, Stopping threads took: 0.0020320 seconds
296.579: Application time: 0.0449480 seconds
296.581: [GC296.581: [ParNew: 55871K->5835K(55872K), 0.0018280 secs] 113932K->63896K(182144K), 0.0018700 secs] [Times: user=0.01 sys=0.00, real=0.01 secs] 
296.583: Total time for which application threads were stopped: 0.0038120 seconds, Stopping threads took: 0.0018550 seconds
296.627: Application time: 0.0444740 seconds
296.629: [GC296.629: [ParNew: 55499K->6207K(55872K), 0.0025240 secs] 113560K->65937K(182144K), 0.0025790 secs] [Times: user=0.02 sys=0.00, real=0.00 secs] 
296.631: Total time for which application threads were stopped: 0.0041970 seconds, Stopping threads took: 0.0015500 seconds
296.675: Application time: 0.0435160 seconds
296.679: [GC296.679: [ParNew: 55871K->6206K(55872K), 0.0025250 secs] 115601K->67626K(182144K), 0.0025670 secs] [Times: user=0.01 sys=0.01, real=0.01 secs] 
296.682: Total time for which application threads were stopped: 0.0070530 seconds, Stopping threads took: 0.0044030 seconds
296.728: Application time: 0.0459780 seconds
296.730: [GC296.730: [ParNew: 55870K->6207K(55872K), 0.0024060 secs] 117290K->69063K(182144K), 0.0024520 secs] [Times: user=0.02 sys=0.00, real=0.00 secs] 
296.732: Total time for which application threads were stopped: 0.0046980 seconds, Stopping threads took: 0.0021790 seconds
296.777: Application time: 0.0441230 seconds
296.779: [GC296.779: [ParNew: 55871K->6207K(55872K), 0.0023210 secs] 118727K->70291K(182144K), 0.0023680 secs] [Times: user=0.01 sys=0.00, real=0.00 secs] 
296.781: Total time for which application threads were stopped: 0.0042810 seconds, Stopping threads took: 0.0018360 seconds
296.826: Application time: 0.0454020 seconds
296.828: [GC296.828: [ParNew: 55871K->6207K(55872K), 0.0019810 secs] 119955K->70527K(182144K), 0.0020250 secs] [Times: user=0.02 sys=0.00, real=0.00 secs] 
296.830: Total time for which application threads were stopped: 0.0039520 seconds, Stopping threads took: 0.0018600 seconds
296.878: Application time: 0.0472910 seconds
296.880: [GC296.880: [ParNew: 55871K->6207K(55872K), 0.0022470 secs] 120191K->71612K(182144K), 0.0022920 secs] [Times: user=0.02 sys=0.01, real=0.01 secs] 
296.882: Total time for which application threads were stopped: 0.0042980 seconds, Stopping threads took: 0.0019420 seconds
296.926: Application time: 0.0437120 seconds
296.927: [GC296.927: [ParNew: 55871K->6206K(55872K), 0.0020870 secs] 121276K->72030K(182144K), 0.0021270 secs] [Times: user=0.01 sys=0.00, real=0.00 secs] 
296.929: Total time for which application threads were stopped: 0.0036170 seconds, Stopping threads took: 0.0014240 seconds
296.975: Application time: 0.0462350 seconds
296.978: [GC296.978: [ParNew: 55870K->6206K(55872K), 0.0021600 secs] 121694K->72788K(182144K), 0.0022000 secs] [Times: user=0.02 sys=0.00, real=0.00 secs] 
296.980: Total time for which application threads were stopped: 0.0049310 seconds, Stopping threads took: 0.0026660 seconds
297.025: Application time: 0.0446220 seconds
297.027: [GC297.027: [ParNew: 55870K->6207K(55872K), 0.0019350 secs] 122452K->73120K(182144K), 0.0019740 secs] [Times: user=0.02 sys=0.00, real=0.00 secs] 
297.029: Total time for which application threads were stopped: 0.0041580 seconds, Stopping threads took: 0.0021200 seconds
297.075: Application time: 0.0457170 seconds
297.077: [GC297.077: [ParNew: 55871K->5030K(55872K), 0.0016430 secs] 122784K->71999K(182144K), 0.0016850 secs] [Times: user=0.01 sys=0.00, real=0.00 secs] 
297.078: Total time for which application threads were stopped: 0.0034930 seconds, Stopping threads took: 0.0017440 seconds
297.124: Application time: 0.0453940 seconds
297.126: [GC297.126: [ParNew: 54694K->6207K(55872K), 0.0021460 secs] 121663K->73866K(182144K), 0.0021900 secs] [Times: user=0.01 sys=0.00, real=0.00 secs] 
297.128: Total time for which application threads were stopped: 0.0042630 seconds, Stopping threads took: 0.0020090 seconds
297.173: Application time: 0.0452670 seconds
297.176: [GC297.176: [ParNew: 55871K->6207K(55872K), 0.0020110 secs] 123530K->74318K(182144K), 0.0020570 secs] [Times: user=0.02 sys=0.00, real=0.00 secs] 
297.178: Total time for which application threads were stopped: 0.0047440 seconds, Stopping threads took: 0.0025990 seconds
297.224: Application time: 0.0457770 seconds
297.226: [GC297.226: [ParNew: 55871K->6206K(55872K), 0.0019580 secs] 123982K->74700K(182144K), 0.0019980 secs] [Times: user=0.02 sys=0.00, real=0.00 secs] 
297.228: Total time for which application threads were stopped: 0.0041290 seconds, Stopping threads took: 0.0020490 seconds
297.271: Application time: 0.0433700 seconds
297.274: [GC297.274: [ParNew: 55870K->6207K(55872K), 0.0022270 secs] 124364K->75734K(182144K), 0.0022740 secs] [Times: user=0.01 sys=0.00, real=0.00 secs] 
297.276: Total time for which application threads were stopped: 0.0045920 seconds, Stopping threads took: 0.0022540 seconds
297.320: Application time: 0.0444440 seconds
297.322: [GC297.322: [ParNew: 55871K->5847K(55872K), 0.0018810 secs] 125398K->75402K(182144K), 0.0019220 secs] [Times: user=0.01 sys=0.00, real=0.00 secs] 
297.324: Total time for which application threads were stopped: 0.0034430 seconds, Stopping threads took: 0.0014520 seconds
297.366: Application time: 0.0426690 seconds
297.368: [GC297.368: [ParNew: 55511K->6207K(55872K), 0.0023540 secs] 125066K->76998K(182144K), 0.0023980 secs] [Times: user=0.01 sys=0.00, real=0.00 secs] 
297.371: Total time for which application threads were stopped: 0.0043860 seconds, Stopping threads took: 0.0019220 seconds
297.415: Application time: 0.0444510 seconds
297.417: [GC297.417: [ParNew: 55871K->6207K(55872K), 0.0021530 secs] 126662K->77648K(182144K), 0.0021970 secs] [Times: user=0.02 sys=0.00, real=0.00 secs] 
297.419: Total time for which application threads were stopped: 0.0035490 seconds, Stopping threads took: 0.0012870 seconds
297.463: Application time: 0.0443950 seconds
297.464: [GC297.464: [ParNew: 55871K->6207K(55872K), 0.0021660 secs] 127312K->78331K(182144K), 0.0022050 secs] [Times: user=0.01 sys=0.00, real=0.00 secs] 
297.467: Total time for which application threads were stopped: 0.0033110 seconds, Stopping threads took: 0.0010350 seconds
297.511: Application time: 0.0441750 seconds
297.513: [GC297.513: [ParNew: 55871K->6207K(55872K), 0.0025230 secs] 127995K->79521K(182144K), 0.0025710 secs] [Times: user=0.02 sys=0.00, real=0.01 secs] 
297.515: Total time for which application threads were stopped: 0.0043870 seconds, Stopping threads took: 0.0017290 seconds
297.560: Application time: 0.0451990 seconds
297.563: [GC297.563: [ParNew: 55871K->6206K(55872K), 0.0021540 secs] 129185K->80100K(182144K), 0.0022060 secs] [Times: user=0.01 sys=0.01, real=0.00 secs] 
297.565: Total time for which application threads were stopped: 0.0050770 seconds, Stopping threads took: 0.0028040 seconds
297.610: Application time: 0.0442810 seconds
297.611: [GC297.611: [ParNew: 55870K->5037K(55872K), 0.0016180 secs] 129764K->78960K(182144K), 0.0016580 secs] [Times: user=0.01 sys=0.00, real=0.00 secs] 
297.613: Total time for which application threads were stopped: 0.0032210 seconds, Stopping threads took: 0.0014980 seconds
297.657: Application time: 0.0443090 seconds
297.659: [GC297.659: [ParNew: 54701K->6207K(55872K), 0.0019120 secs] 128624K->80258K(182144K), 0.0019540 secs] [Times: user=0.02 sys=0.00, real=0.00 secs] 
297.661: Total time for which application threads were stopped: 0.0039110 seconds, Stopping threads took: 0.0018930 seconds
297.706: Application time: 0.0444090 seconds
297.708: [GC297.708: [ParNew: 55871K->6207K(55872K), 0.0022510 secs] 129922K->81231K(182144K), 0.0022960 secs] [Times: user=0.01 sys=0.00, real=0.00 secs] 
297.710: Total time for which application threads were stopped: 0.0047040 seconds, Stopping threads took: 0.0023420 seconds
297.756: Application time: 0.0452530 seconds
297.758: [GC297.758: [ParNew: 55871K->5573K(55872K), 0.0017720 secs] 130895K->80679K(182144K), 0.0018080 secs] [Times: user=0.01 sys=0.00, real=0.00 secs] 
297.759: Total time for which application threads were stopped: 0.0038220 seconds, Stopping threads took: 0.0019530 seconds
297.804: Application time: 0.0449730 seconds
297.806: [GC297.806: [ParNew: 55237K->5921K(55872K), 0.0018440 secs] 130343K->81056K(182144K), 0.0018880 secs] [Times: user=0.01 sys=0.00, real=0.00 secs] 
297.808: Total time for which application threads were stopped: 0.0039220 seconds, Stopping threads took: 0.0019670 seconds
297.857: Application time: 0.0486550 seconds
297.859: [GC297.859: [ParNew: 55585K->6207K(55872K), 0.0021040 secs] 130720K->82006K(182144K), 0.0021560 secs] [Times: user=0.02 sys=0.00, real=0.00 secs] 
297.861: Total time for which application threads were stopped: 0.0044340 seconds, Stopping threads took: 0.0022030 seconds
297.909: Application time: 0.0473710 seconds
297.910: [GC297.910: [ParNew: 55871K->4192K(55872K), 0.0013780 secs] 131670K->79991K(182144K), 0.0014150 secs] [Times: user=0.01 sys=0.00, real=0.00 secs] 
297.911: Total time for which application threads were stopped: 0.0024820 seconds, Stopping threads took: 0.0010060 seconds
297.954: Application time: 0.0431230 seconds
297.957: [GC297.957: [ParNew: 53856K->6207K(55872K), 0.0021450 secs] 129655K->82821K(182144K), 0.0021890 secs] [Times: user=0.02 sys=0.00, real=0.00 secs] 
297.959: Total time for which application threads were stopped: 0.0045900 seconds, Stopping threads took: 0.0023340 seconds
298.005: Application time: 0.0462370 seconds
298.008: [GC298.008: [ParNew: 55871K->5487K(55872K), 0.0017200 secs] 132485K->82101K(182144K), 0.0017600 secs] [Times: user=0.01 sys=0.00, real=0.00 secs] 
298.010: Total time for which application threads were stopped: 0.0046170 seconds, Stopping threads took: 0.0027970 seconds
298.053: Application time: 0.0436650 seconds
298.056: [GC298.056: [ParNew: 55151K->6207K(55872K), 0.0023380 secs] 131765K->83956K(182144K), 0.0023840 secs] [Times: user=0.02 sys=0.00, real=0.00 secs] 
298.058: Total time for which application threads were stopped: 0.0045380 seconds, Stopping threads took: 0.0020880 seconds
298.104: Application time: 0.0458780 seconds
298.105: [GC298.105: [ParNew: 55871K->6207K(55872K), 0.0020830 secs] 133620K->84514K(182144K), 0.0021320 secs] [Times: user=0.02 sys=0.00, real=0.00 secs] 
298.108: Total time for which application threads were stopped: 0.0036700 seconds, Stopping threads took: 0.0014730 seconds
298.153: Application time: 0.0450560 seconds
298.155: [GC298.155: [ParNew: 55871K->6207K(55872K), 0.0024250 secs] 134178K->85829K(182144K), 0.0024670 secs] [Times: user=0.02 sys=0.00, real=0.00 secs] 
298.157: Total time for which application threads were stopped: 0.0047360 seconds, Stopping threads took: 0.0022040 seconds
298.203: Application time: 0.0459470 seconds
298.206: [GC298.206: [ParNew: 55871K->5447K(55872K), 0.0017390 secs] 135493K->85098K(182144K), 0.0017790 secs] [Times: user=0.02 sys=0.00, real=0.00 secs] 
298.207: Total time for which application threads were stopped: 0.0040510 seconds, Stopping threads took: 0.0022080 seconds
298.251: Application time: 0.0432990 seconds
298.253: [GC298.253: [ParNew: 55111K->6206K(55872K), 0.0023720 secs] 134762K->87116K(182144K), 0.0024170 secs] [Times: user=0.01 sys=0.00, real=0.01 secs] 
298.255: Total time for which application threads were stopped: 0.0044280 seconds, Stopping threads took: 0.0019280 seconds
298.302: Application time: 0.0466130 seconds
298.304: [GC298.304: [ParNew: 55870K->6207K(55872K), 0.0021980 secs] 136780K->87601K(182144K), 0.0022460 secs] [Times: user=0.02 sys=0.00, real=0.00 secs] 
298.306: Total time for which application threads were stopped: 0.0047250 seconds, Stopping threads took: 0.0024150 seconds
298.352: Application time: 0.0460740 seconds
298.355: [GC298.355: [ParNew: 55871K->6207K(55872K), 0.0021530 secs] 137265K->88068K(182144K), 0.0022010 secs] [Times: user=0.01 sys=0.00, real=0.00 secs] 
298.357: Total time for which application threads were stopped: 0.0044040 seconds, Stopping threads took: 0.0021390 seconds
298.404: Application time: 0.0471230 seconds
298.406: [GC298.406: [ParNew: 55871K->4194K(55872K), 0.0015910 secs] 137732K->86084K(182144K), 0.0016310 secs] [Times: user=0.01 sys=0.00, real=0.00 secs] 
298.408: Total time for which application threads were stopped: 0.0035420 seconds, Stopping threads took: 0.0018220 seconds
298.451: Application time: 0.0435080 seconds
298.452: [GC298.453: [ParNew: 53858K->6206K(55872K), 0.0023630 secs] 135748K->89354K(182144K), 0.0024090 secs] [Times: user=0.02 sys=0.00, real=0.01 secs] 
298.455: Total time for which application threads were stopped: 0.0038730 seconds, Stopping threads took: 0.0013810 seconds
298.501: Application time: 0.0459540 seconds
298.503: [GC298.503: [ParNew: 55870K->6206K(55872K), 0.0020290 secs] 139018K->89707K(182144K), 0.0020820 secs] [Times: user=0.01 sys=0.00, real=0.00 secs] 
298.505: Total time for which application threads were stopped: 0.0041430 seconds, Stopping threads took: 0.0020030 seconds
298.551: Application time: 0.0458330 seconds
298.553: [GC298.553: [ParNew: 55870K->6207K(55872K), 0.0020400 secs] 139371K->90009K(182144K), 0.0020850 secs] [Times: user=0.02 sys=0.00, real=0.01 secs] 
298.555: Total time for which application threads were stopped: 0.0043280 seconds, Stopping threads took: 0.0021840 seconds
298.599: Application time: 0.0438750 seconds
298.601: [GC298.601: [ParNew: 55871K->6206K(55872K), 0.0019910 secs] 139673K->90287K(182144K), 0.0020360 secs] [Times: user=0.02 sys=0.00, real=0.01 secs] 
298.603: Total time for which application threads were stopped: 0.0041400 seconds, Stopping threads took: 0.0020400 seconds
298.649: Application time: 0.0457600 seconds
298.652: [GC298.652: [ParNew: 55870K->5981K(55872K), 0.0020180 secs] 139951K->90062K(182144K), 0.0020630 secs] [Times: user=0.01 sys=0.00, real=0.01 secs] 
298.654: Total time for which application threads were stopped: 0.0052640 seconds, Stopping threads took: 0.0031370 seconds
298.699: Application time: 0.0443580 seconds
298.701: [GC298.701: [ParNew: 55645K->6206K(55872K), 0.0022460 secs] 139726K->91449K(182144K), 0.0022920 secs] [Times: user=0.01 sys=0.00, real=0.01 secs] 
298.703: Total time for which application threads were stopped: 0.0042230 seconds, Stopping threads took: 0.0018650 seconds
298.749: Application time: 0.0460040 seconds
298.750: [GC298.750: [ParNew: 55870K->5744K(55872K), 0.0019130 secs] 141113K->91044K(182144K), 0.0019550 secs] [Times: user=0.01 sys=0.00, real=0.00 secs] 
298.752: Total time for which application threads were stopped: 0.0028990 seconds, Stopping threads took: 0.0008790 seconds
298.802: Application time: 0.0502050 seconds
298.804: [GC298.804: [ParNew: 55408K->2739K(55872K), 0.0011820 secs] 140708K->88096K(182144K), 0.0012170 secs] [Times: user=0.01 sys=0.00, real=0.00 secs] 
298.805: Total time for which application threads were stopped: 0.0028340 seconds, Stopping threads took: 0.0015570 seconds
298.850: Application time: 0.0451760 seconds
298.852: [GC298.852: [ParNew: 52403K->6206K(55872K), 0.0024830 secs] 137760K->93289K(182144K), 0.0025270 secs] [Times: user=0.01 sys=0.00, real=0.01 secs] 
298.854: Total time for which application threads were stopped: 0.0043380 seconds, Stopping threads took: 0.0017470 seconds
298.900: Application time: 0.0457740 seconds
298.903: [GC298.903: [ParNew: 55870K->6206K(55872K), 0.0023120 secs] 142953K->94556K(182144K), 0.0023560 secs] [Times: user=0.02 sys=0.00, real=0.00 secs] 
298.905: Total time for which application threads were stopped: 0.0049290 seconds, Stopping threads took: 0.0025060 seconds
298.952: Application time: 0.0465880 seconds
298.955: [GC298.955: [ParNew: 55870K->5895K(55872K), 0.0018400 secs] 144220K->94245K(182144K), 0.0018800 secs] [Times: user=0.01 sys=0.00, real=0.00 secs] 
298.957: Total time for which application threads were stopped: 0.0050410 seconds, Stopping threads took: 0.0030760 seconds
299.001: Application time: 0.0447190 seconds
299.004: [GC299.004: [ParNew: 55559K->6207K(55872K), 0.0021710 secs] 143909K->94972K(182144K), 0.0022140 secs] [Times: user=0.01 sys=0.00, real=0.00 secs] 
299.006: Total time for which application threads were stopped: 0.0045570 seconds, Stopping threads took: 0.0022800 seconds
299.053: Application time: 0.0467770 seconds
299.054: [GC299.054: [ParNew: 55871K->6207K(55872K), 0.0021220 secs] 144636K->95442K(182144K), 0.0021670 secs] [Times: user=0.01 sys=0.00, real=0.00 secs] 
299.056: Total time for which application threads were stopped: 0.0031380 seconds, Stopping threads took: 0.0008840 seconds
299.102: Application time: 0.0458030 seconds
299.103: [GC299.103: [ParNew: 55871K->6054K(55872K), 0.0019640 secs] 145106K->95318K(182144K), 0.0020020 secs] [Times: user=0.01 sys=0.00, real=0.00 secs] 
299.105: Total time for which application threads were stopped: 0.0029950 seconds, Stopping threads took: 0.0009150 seconds
299.151: Application time: 0.0462680 seconds
299.152: [GC299.152: [ParNew: 55718K->5478K(55872K), 0.0019450 secs] 144982K->94770K(182144K), 0.0019790 secs] [Times: user=0.02 sys=0.00, real=0.01 secs] 
299.154: Total time for which application threads were stopped: 0.0033160 seconds, Stopping threads took: 0.0012760 seconds
299.197: Application time: 0.0429730 seconds
299.200: [GC299.200: [ParNew: 55142K->6206K(55872K), 0.0022900 secs] 144434K->96150K(182144K), 0.0023350 secs] [Times: user=0.02 sys=0.00, real=0.01 secs] 
299.202: Total time for which application threads were stopped: 0.0049620 seconds, Stopping threads took: 0.0025530 seconds
299.248: Application time: 0.0457000 seconds
299.251: [GC299.251: [ParNew: 55869K->5384K(55872K), 0.0015790 secs] 145813K->95356K(182144K), 0.0016180 secs] [Times: user=0.01 sys=0.00, real=0.00 secs] 
299.253: Total time for which application threads were stopped: 0.0047000 seconds, Stopping threads took: 0.0030200 seconds
299.297: Application time: 0.0445330 seconds
299.299: [GC299.299: [ParNew: 55048K->6206K(55872K), 0.0020940 secs] 145020K->96525K(182144K), 0.0021420 secs] [Times: user=0.02 sys=0.00, real=0.00 secs] 
299.301: Total time for which application threads were stopped: 0.0040050 seconds, Stopping threads took: 0.0017960 seconds
299.346: Application time: 0.0452550 seconds
299.348: [GC299.348: [ParNew: 55870K->6207K(55872K), 0.0020450 secs] 146189K->96625K(182144K), 0.0020940 secs] [Times: user=0.02 sys=0.00, real=0.00 secs] 
299.350: Total time for which application threads were stopped: 0.0037430 seconds, Stopping threads took: 0.0015810 seconds
299.396: Application time: 0.0461500 seconds
299.399: [GC299.399: [ParNew: 55871K->5614K(55872K), 0.0018270 secs] 146289K->96061K(182144K), 0.0018730 secs] [Times: user=0.01 sys=0.00, real=0.00 secs] 
299.401: Total time for which application threads were stopped: 0.0046750 seconds, Stopping threads took: 0.0027160 seconds
299.449: Application time: 0.0479200 seconds
299.450: [GC299.450: [ParNew: 55278K->5285K(55872K), 0.0017630 secs] 145725K->95760K(182144K), 0.0018070 secs] [Times: user=0.01 sys=0.00, real=0.00 secs] 
299.452: Total time for which application threads were stopped: 0.0027590 seconds, Stopping threads took: 0.0008680 seconds
299.497: Application time: 0.0450570 seconds
299.499: [GC299.499: [ParNew: 54949K->6207K(55872K), 0.0022560 secs] 145424K->97590K(182144K), 0.0023000 secs] [Times: user=0.01 sys=0.00, real=0.00 secs] 
299.501: Total time for which application threads were stopped: 0.0044780 seconds, Stopping threads took: 0.0020810 seconds
299.548: Application time: 0.0471620 seconds
299.552: [GC299.552: [ParNew: 55871K->6207K(55872K), 0.0022380 secs] 147254K->98523K(182144K), 0.0022830 secs] [Times: user=0.02 sys=0.00, real=0.01 secs] 
299.554: Total time for which application threads were stopped: 0.0056200 seconds, Stopping threads took: 0.0032510 seconds
299.599: Application time: 0.0454680 seconds
299.603: [GC299.603: [ParNew: 55871K->6023K(55872K), 0.0020800 secs] 148187K->98339K(182144K), 0.0021230 secs] [Times: user=0.01 sys=0.00, real=0.00 secs] 
299.605: Total time for which application threads were stopped: 0.0054120 seconds, Stopping threads took: 0.0032040 seconds
299.653: Application time: 0.0479090 seconds
299.653: [GC299.653: [ParNew: 55687K->4970K(55872K), 0.0015800 secs] 148003K->97343K(182144K), 0.0016170 secs] [Times: user=0.01 sys=0.00, real=0.01 secs] 
299.655: Total time for which application threads were stopped: 0.0020400 seconds, Stopping threads took: 0.0003630 seconds
299.700: Application time: 0.0454530 seconds
299.703: [GC299.703: [ParNew: 54634K->5447K(55872K), 0.0018760 secs] 147007K->97821K(182144K), 0.0019160 secs] [Times: user=0.01 sys=0.00, real=0.00 secs] 
299.705: Total time for which application threads were stopped: 0.0045460 seconds, Stopping threads took: 0.0025640 seconds
299.749: Application time: 0.0437330 seconds
299.751: [GC299.751: [ParNew: 55111K->5746K(55872K), 0.0017800 secs] 147485K->98119K(182144K), 0.0018300 secs] [Times: user=0.02 sys=0.00, real=0.00 secs] 
299.753: Total time for which application threads were stopped: 0.0041700 seconds, Stopping threads took: 0.0022770 seconds
299.798: Application time: 0.0450460 seconds
299.800: [GC299.800: [ParNew: 55410K->6206K(55872K), 0.0020420 secs] 147783K->98957K(182144K), 0.0020910 secs] [Times: user=0.02 sys=0.00, real=0.01 secs] 
299.802: Total time for which application threads were stopped: 0.0039220 seconds, Stopping threads took: 0.0017640 seconds
299.846: Application time: 0.0443140 seconds
299.848: [GC299.848: [ParNew: 55870K->6207K(55872K), 0.0024690 secs] 148621K->100291K(182144K), 0.0025170 secs] [Times: user=0.02 sys=0.00, real=0.00 secs] 
299.850: Total time for which application threads were stopped: 0.0043650 seconds, Stopping threads took: 0.0017610 seconds
299.893: Application time: 0.0430830 seconds
299.896: [GC299.896: [ParNew: 55871K->6207K(55872K), 0.0023300 secs] 149955K->101518K(182144K), 0.0023740 secs] [Times: user=0.02 sys=0.00, real=0.00 secs] 
299.898: Total time for which application threads were stopped: 0.0049240 seconds, Stopping threads took: 0.0024840 seconds
299.943: Application time: 0.0444750 seconds
299.945: [GC299.945: [ParNew: 55871K->6206K(55872K), 0.0022830 secs] 151182K->102284K(182144K), 0.0023270 secs] [Times: user=0.01 sys=0.00, real=0.00 secs] 
299.948: Total time for which application threads were stopped: 0.0047570 seconds, Stopping threads took: 0.0023640 seconds
299.999: Application time: 0.0517690 seconds
300.001: [GC300.001: [ParNew: 55870K->4985K(55872K), 0.0016860 secs] 151948K->101063K(182144K), 0.0017260 secs] [Times: user=0.01 sys=0.00, real=0.01 secs] 
300.002: Total time for which application threads were stopped: 0.0030640 seconds, Stopping threads took: 0.0012570 seconds
300.049: Application time: 0.0467790 seconds
300.051: [GC300.051: [ParNew: 54649K->5492K(55872K), 0.0018220 secs] 150727K->101570K(182144K), 0.0018660 secs] [Times: user=0.01 sys=0.00, real=0.00 secs] 
300.053: Total time for which application threads were stopped: 0.0040690 seconds, Stopping threads took: 0.0021150 seconds
300.102: Application time: 0.0489230 seconds
300.104: [GC300.104: [ParNew: 55156K->5409K(55872K), 0.0017670 secs] 151234K->101488K(182144K), 0.0018080 secs] [Times: user=0.01 sys=0.00, real=0.00 secs] 
300.106: Total time for which application threads were stopped: 0.0040620 seconds, Stopping threads took: 0.0021870 seconds
300.153: Application time: 0.0465730 seconds
300.155: [GC300.155: [ParNew: 55073K->6102K(55872K), 0.0019710 secs] 151152K->102209K(182144K), 0.0020150 secs] [Times: user=0.02 sys=0.00, real=0.00 secs] 
300.158: Total time for which application threads were stopped: 0.0046560 seconds, Stopping threads took: 0.0025510 seconds
300.204: Application time: 0.0463750 seconds
300.206: [GC300.206: [ParNew: 55766K->6206K(55872K), 0.0023230 secs] 151873K->103170K(182144K), 0.0023670 secs] [Times: user=0.01 sys=0.00, real=0.00 secs] 
300.209: Total time for which application threads were stopped: 0.0046930 seconds, Stopping threads took: 0.0022400 seconds
300.255: Application time: 0.0465960 seconds
300.257: [GC300.257: [ParNew: 55870K->6206K(55872K), 0.0022440 secs] 152834K->103796K(182144K), 0.0022910 secs] [Times: user=0.02 sys=0.00, real=0.00 secs] 
300.259: Total time for which application threads were stopped: 0.0040510 seconds, Stopping threads took: 0.0016920 seconds
300.307: Application time: 0.0477350 seconds
300.309: [GC300.309: [ParNew: 55870K->5725K(55872K), 0.0018140 secs] 153460K->103372K(182144K), 0.0018600 secs] [Times: user=0.02 sys=0.00, real=0.00 secs] 
300.311: Total time for which application threads were stopped: 0.0037570 seconds, Stopping threads took: 0.0018290 seconds
300.359: Application time: 0.0480030 seconds
300.360: [GC300.360: [ParNew: 55389K->5624K(55872K), 0.0018710 secs] 153036K->103300K(182144K), 0.0019170 secs] [Times: user=0.02 sys=0.00, real=0.01 secs] 
300.362: Total time for which application threads were stopped: 0.0031160 seconds, Stopping threads took: 0.0011230 seconds
300.411: Application time: 0.0491460 seconds
300.412: [GC300.412: [ParNew: 55288K->4127K(55872K), 0.0014110 secs] 152964K->101831K(182144K), 0.0014500 secs] [Times: user=0.01 sys=0.00, real=0.00 secs] 
300.413: Total time for which application threads were stopped: 0.0023770 seconds, Stopping threads took: 0.0008360 seconds
300.461: Application time: 0.0473830 seconds
300.462: [GC300.462: [ParNew: 53791K->6207K(55872K), 0.0024920 secs] 151495K->105114K(182144K), 0.0025380 secs] [Times: user=0.02 sys=0.00, real=0.00 secs] 
300.465: Total time for which application threads were stopped: 0.0041350 seconds, Stopping threads took: 0.0015100 seconds
300.514: Application time: 0.0490330 seconds
300.516: [GC300.516: [ParNew: 55871K->4918K(55872K), 0.0017710 secs] 154778K->103878K(182144K), 0.0018090 secs] [Times: user=0.01 sys=0.00, real=0.00 secs] 
300.518: Total time for which application threads were stopped: 0.0039530 seconds, Stopping threads took: 0.0020530 seconds
300.564: Application time: 0.0459070 seconds
300.566: [GC300.566: [ParNew: 54582K->6207K(55872K), 0.0023110 secs] 153542K->106311K(182144K), 0.0023610 secs] [Times: user=0.02 sys=0.00, real=0.00 secs] 
300.568: Total time for which application threads were stopped: 0.0042100 seconds, Stopping threads took: 0.0017790 seconds
300.616: Application time: 0.0481800 seconds
300.619: [GC300.619: [ParNew: 55871K->6032K(55872K), 0.0020940 secs] 155975K->106136K(182144K), 0.0021360 secs] [Times: user=0.01 sys=0.00, real=0.00 secs] 
300.621: Total time for which application threads were stopped: 0.0045980 seconds, Stopping threads took: 0.0023750 seconds
300.668: Application time: 0.0473940 seconds
300.670: [GC300.670: [ParNew: 55696K->4941K(55872K), 0.0017310 secs] 155800K->105045K(182144K), 0.0017710 secs] [Times: user=0.01 sys=0.00, real=0.00 secs] 
300.672: Total time for which application threads were stopped: 0.0037900 seconds, Stopping threads took: 0.0019340 seconds
300.719: Application time: 0.0472280 seconds
300.721: [GC300.721: [ParNew: 54605K->6207K(55872K), 0.0020470 secs] 154709K->106455K(182144K), 0.0020920 secs] [Times: user=0.02 sys=0.00, real=0.00 secs] 
300.724: Total time for which application threads were stopped: 0.0043640 seconds, Stopping threads took: 0.0022060 seconds
300.771: Application time: 0.0475290 seconds
300.773: [GC300.773: [ParNew: 55871K->6206K(55872K), 0.0020820 secs] 156119K->106971K(182144K), 0.0021260 secs] [Times: user=0.01 sys=0.00, real=0.01 secs] 
300.775: Total time for which application threads were stopped: 0.0043640 seconds, Stopping threads took: 0.0021710 seconds
300.827: Application time: 0.0512430 seconds
300.829: [GC300.829: [ParNew: 55870K->4365K(55872K), 0.0014470 secs] 156635K->105158K(182144K), 0.0014870 secs] [Times: user=0.01 sys=0.00, real=0.00 secs] 
300.830: Total time for which application threads were stopped: 0.0033540 seconds, Stopping threads took: 0.0018060 seconds
300.878: Application time: 0.0483600 seconds
300.881: [GC300.881: [ParNew: 54029K->6206K(55872K), 0.0024070 secs] 154822K->107955K(182144K), 0.0024530 secs] [Times: user=0.02 sys=0.00, real=0.01 secs] 
300.883: Total time for which application threads were stopped: 0.0046550 seconds, Stopping threads took: 0.0021130 seconds
300.930: Application time: 0.0473140 seconds
300.932: [GC300.932: [ParNew: 55870K->5093K(55872K), 0.0017530 secs] 157619K->106870K(182144K), 0.0017920 secs] [Times: user=0.01 sys=0.00, real=0.01 secs] 
300.934: Total time for which application threads were stopped: 0.0032220 seconds, Stopping threads took: 0.0013420 seconds
300.982: Application time: 0.0485820 seconds
300.985: [GC300.985: [ParNew: 54757K->6206K(55872K), 0.0022280 secs] 156534K->108647K(182144K), 0.0022750 secs] [Times: user=0.01 sys=0.00, real=0.00 secs] 
300.987: Total time for which application threads were stopped: 0.0047280 seconds, Stopping threads took: 0.0023850 seconds
 CMS: abort preclean due to time 300.989: [CMS-concurrent-abortable-preclean: 0.260/5.043 secs] [Times: user=38.65 sys=0.15, real=5.04 secs] 
300.989: Application time: 0.0020220 seconds
300.992: [GC[YG occupancy: 11265 K (55872 K)]300.992: [Rescan (parallel) , 0.0003130 secs]300.992: [weak refs processing, 0.0000080 secs]300.992: [scrub string table, 0.0001220 secs] [1 CMS-remark: 102440K(126272K)] 113706K(182144K), 0.0004700 secs] [Times: user=0.00 sys=0.00, real=0.00 secs] 
300.992: Total time for which application threads were stopped: 0.0033790 seconds, Stopping threads took: 0.0028820 seconds
300.992: [CMS-concurrent-sweep-start]
300.999: [CMS-concurrent-sweep: 0.007/0.007 secs] [Times: user=0.04 sys=0.00, real=0.01 secs] 
300.999: [CMS-concurrent-reset-start]
301.000: [CMS-concurrent-reset: 0.000/0.000 secs] [Times: user=0.01 sys=0.00, real=0.00 secs] 
301.034: Application time: 0.0417340 seconds
301.036: [GC301.036: [ParNew: 55869K->6206K(55872K), 0.0024870 secs] 108610K->60552K(182144K), 0.0025330 secs] [Times: user=0.02 sys=0.00, real=0.00 secs] 
301.039: Total time for which application threads were stopped: 0.0048600 seconds, Stopping threads took: 0.0022520 seconds
301.039: Application time: 0.0001750 seconds
301.044: [GC [1 CMS-initial-mark: 54345K(126272K)] 60934K(182144K), 0.0002000 secs] [Times: user=0.00 sys=0.00, real=0.00 secs] 
301.044: Total time for which application threads were stopped: 0.0046460 seconds, Stopping threads took: 0.0044200 seconds
301.044: [CMS-concurrent-mark-start]
301.049: [CMS-concurrent-mark: 0.005/0.005 secs] [Times: user=0.02 sys=0.00, real=0.00 secs] 
301.049: [CMS-concurrent-preclean-start]
301.049: [CMS-concurrent-preclean: 0.000/0.000 secs] [Times: user=0.00 sys=0.00, real=0.00 secs] 
301.049: [CMS-concurrent-abortable-preclean-start]
301.089: Application time: 0.0457010 seconds
301.092: [GC301.092: [ParNew: 55870K->6206K(55872K), 0.0022340 secs] 110216K->61021K(182144K), 0.0022800 secs] [Times: user=0.02 sys=0.00, real=0.01 secs] 
301.094: Total time for which application threads were stopped: 0.0046820 seconds, Stopping threads took: 0.0023340 seconds
301.141: Application time: 0.0473240 seconds
301.144: [GC301.144: [ParNew: 55870K->6207K(55872K), 0.0025150 secs] 110685K->62339K(182144K), 0.0025610 secs] [Times: user=0.01 sys=0.00, real=0.00 secs] 
301.147: Total time for which application threads were stopped: 0.0051760 seconds, Stopping threads took: 0.0025470 seconds
301.195: Application time: 0.0483070 seconds
301.196: [GC301.196: [ParNew: 55871K->5478K(55872K), 0.0017370 secs] 112003K->61610K(182144K), 0.0017830 secs] [Times: user=0.01 sys=0.00, real=0.00 secs] 
301.198: Total time for which application threads were stopped: 0.0031860 seconds, Stopping threads took: 0.0013140 seconds
301.247: Application time: 0.0487420 seconds
301.250: [GC301.250: [ParNew: 55142K->5923K(55872K), 0.0019250 secs] 111274K->62083K(182144K), 0.0019700 secs] [Times: user=0.01 sys=0.00, real=0.00 secs] 
301.252: Total time for which application threads were stopped: 0.0048390 seconds, Stopping threads took: 0.0027790 seconds
301.301: Application time: 0.0493710 seconds
301.304: [GC301.304: [ParNew: 55587K->4906K(55872K), 0.0016190 secs] 111747K->61094K(182144K), 0.0016570 secs] [Times: user=0.01 sys=0.00, real=0.00 secs] 
301.306: Total time for which application threads were stopped: 0.0044400 seconds, Stopping threads took: 0.0026960 seconds
301.354: Application time: 0.0480410 seconds
301.354: [GC301.354: [ParNew: 54570K->6166K(55872K), 0.0019290 secs] 110758K->62354K(182144K), 0.0019690 secs] [Times: user=0.02 sys=0.00, real=0.00 secs] 
301.356: Total time for which application threads were stopped: 0.0027560 seconds, Stopping threads took: 0.0007000 seconds
301.406: Application time: 0.0495620 seconds
301.408: [GC301.408: [ParNew: 55830K->6206K(55872K), 0.0021420 secs] 112018K->62819K(182144K), 0.0021900 secs] [Times: user=0.01 sys=0.00, real=0.00 secs] 
301.410: Total time for which application threads were stopped: 0.0038340 seconds, Stopping threads took: 0.0015740 seconds
301.458: Application time: 0.0477470 seconds
301.460: [GC301.460: [ParNew: 55870K->6207K(55872K), 0.0022330 secs] 112483K->63661K(182144K), 0.0022880 secs] [Times: user=0.02 sys=0.00, real=0.01 secs] 
301.462: Total time for which application threads were stopped: 0.0043640 seconds, Stopping threads took: 0.0020120 seconds
301.510: Application time: 0.0476990 seconds
301.511: [GC301.511: [ParNew: 55871K->5956K(55872K), 0.0017710 secs] 113325K->63411K(182144K), 0.0018170 secs] [Times: user=0.01 sys=0.00, real=0.00 secs] 
301.513: Total time for which application threads were stopped: 0.0036980 seconds, Stopping threads took: 0.0018150 seconds
301.561: Application time: 0.0481590 seconds
301.563: [GC301.563: [ParNew: 55620K->6206K(55872K), 0.0025130 secs] 113075K->65300K(182144K), 0.0025590 secs] [Times: user=0.02 sys=0.01, real=0.00 secs] 
301.566: Total time for which application threads were stopped: 0.0044850 seconds, Stopping threads took: 0.0018570 seconds
301.614: Application time: 0.0479600 seconds
301.616: [GC301.616: [ParNew: 55870K->5894K(55872K), 0.0018710 secs] 114964K->65045K(182144K), 0.0019200 secs] [Times: user=0.02 sys=0.00, real=0.00 secs] 
301.618: Total time for which application threads were stopped: 0.0036950 seconds, Stopping threads took: 0.0017100 seconds
301.663: Application time: 0.0458100 seconds
301.666: [GC301.666: [ParNew: 55558K->6206K(55872K), 0.0024620 secs] 114709K->66929K(182144K), 0.0025070 secs] [Times: user=0.01 sys=0.00, real=0.00 secs] 
301.669: Total time for which application threads were stopped: 0.0054190 seconds, Stopping threads took: 0.0028250 seconds
301.717: Application time: 0.0486560 seconds
301.720: [GC301.720: [ParNew: 55870K->5832K(55872K), 0.0018230 secs] 116593K->66554K(182144K), 0.0018660 secs] [Times: user=0.01 sys=0.00, real=0.01 secs] 
301.722: Total time for which application threads were stopped: 0.0044700 seconds, Stopping threads took: 0.0025380 seconds
301.773: Application time: 0.0508260 seconds
301.775: [GC301.775: [ParNew: 55496K->4975K(55872K), 0.0016710 secs] 116218K->65726K(182144K), 0.0017100 secs] [Times: user=0.01 sys=0.00, real=0.00 secs] 
301.776: Total time for which application threads were stopped: 0.0035470 seconds, Stopping threads took: 0.0017530 seconds
301.823: Application time: 0.0463840 seconds
301.825: [GC301.825: [ParNew: 54639K->6207K(55872K), 0.0024690 secs] 115390K->68547K(182144K), 0.0025110 secs] [Times: user=0.02 sys=0.00, real=0.00 secs] 
301.828: Total time for which application threads were stopped: 0.0048600 seconds, Stopping threads took: 0.0022820 seconds
301.875: Application time: 0.0476610 seconds
301.877: [GC301.877: [ParNew: 55871K->6207K(55872K), 0.0020350 secs] 118211K->69051K(182144K), 0.0020790 secs] [Times: user=0.01 sys=0.00, real=0.00 secs] 
301.880: Total time for which application threads were stopped: 0.0043240 seconds, Stopping threads took: 0.0021790 seconds
301.927: Application time: 0.0470610 seconds
301.929: [GC301.929: [ParNew: 55871K->6207K(55872K), 0.0023700 secs] 118715K->70230K(182144K), 0.0024190 secs] [Times: user=0.01 sys=0.00, real=0.00 secs] 
301.931: Total time for which application threads were stopped: 0.0046120 seconds, Stopping threads took: 0.0021230 seconds
301.978: Application time: 0.0465610 seconds
301.980: [GC301.980: [ParNew: 55871K->6206K(55872K), 0.0024210 secs] 119894K->71436K(182144K), 0.0024660 secs] [Times: user=0.02 sys=0.00, real=0.01 secs] 
301.982: Total time for which application threads were stopped: 0.0042800 seconds, Stopping threads took: 0.0017480 seconds
302.031: Application time: 0.0485760 seconds
302.034: [GC302.034: [ParNew: 55870K->6207K(55872K), 0.0020460 secs] 121100K->71609K(182144K), 0.0020900 secs] [Times: user=0.02 sys=0.00, real=0.00 secs] 
302.036: Total time for which application threads were stopped: 0.0054470 seconds, Stopping threads took: 0.0032700 seconds
302.085: Application time: 0.0485890 seconds
302.087: [GC302.087: [ParNew: 55871K->6207K(55872K), 0.0022970 secs] 121273K->72766K(182144K), 0.0023400 secs] [Times: user=0.01 sys=0.00, real=0.00 secs] 
302.089: Total time for which application threads were stopped: 0.0046230 seconds, Stopping threads took: 0.0021890 seconds
302.136: Application time: 0.0465850 seconds
302.137: [GC302.137: [ParNew: 55871K->6206K(55872K), 0.0023400 secs] 122430K->73486K(182144K), 0.0023950 secs] [Times: user=0.02 sys=0.00, real=0.00 secs] 
302.140: Total time for which application threads were stopped: 0.0038280 seconds, Stopping threads took: 0.0013640 seconds
302.188: Application time: 0.0485430 seconds
302.190: [GC302.190: [ParNew: 55870K->6207K(55872K), 0.0022460 secs] 123150K->74598K(182144K), 0.0022900 secs] [Times: user=0.02 sys=0.00, real=0.00 secs] 
302.192: Total time for which application threads were stopped: 0.0037920 seconds, Stopping threads took: 0.0014350 seconds
302.239: Application time: 0.0468480 seconds
302.241: [GC302.241: [ParNew: 55871K->5082K(55872K), 0.0015650 secs] 124262K->73473K(182144K), 0.0016070 secs] [Times: user=0.01 sys=0.00, real=0.01 secs] 
302.243: Total time for which application threads were stopped: 0.0036930 seconds, Stopping threads took: 0.0020200 seconds
302.290: Application time: 0.0471840 seconds
302.292: [GC302.292: [ParNew: 54746K->6015K(55872K), 0.0020660 secs] 123137K->74405K(182144K), 0.0021140 secs] [Times: user=0.02 sys=0.00, real=0.01 secs] 
302.294: Total time for which application threads were stopped: 0.0041840 seconds, Stopping threads took: 0.0020020 seconds
302.342: Application time: 0.0479020 seconds
302.344: [GC302.344: [ParNew: 55679K->6206K(55872K), 0.0020370 secs] 124069K->74925K(182144K), 0.0021010 secs] [Times: user=0.01 sys=0.00, real=0.00 secs] 
302.346: Total time for which application threads were stopped: 0.0043980 seconds, Stopping threads took: 0.0022100 seconds
302.394: Application time: 0.0477410 seconds
302.396: [GC302.396: [ParNew: 55870K->6207K(55872K), 0.0021710 secs] 124589K->75495K(182144K), 0.0022160 secs] [Times: user=0.01 sys=0.00, real=0.00 secs] 
302.398: Total time for which application threads were stopped: 0.0041580 seconds, Stopping threads took: 0.0018750 seconds
302.445: Application time: 0.0472830 seconds
302.446: [GC302.446: [ParNew: 55871K->6207K(55872K), 0.0019570 secs] 125159K->75657K(182144K), 0.0020010 secs] [Times: user=0.01 sys=0.00, real=0.00 secs] 
302.448: Total time for which application threads were stopped: 0.0029820 seconds, Stopping threads took: 0.0009140 seconds
302.498: Application time: 0.0491450 seconds
302.500: [GC302.500: [ParNew: 55871K->6206K(55872K), 0.0022340 secs] 125321K->76041K(182144K), 0.0022760 secs] [Times: user=0.02 sys=0.00, real=0.01 secs] 
302.502: Total time for which application threads were stopped: 0.0046550 seconds, Stopping threads took: 0.0022920 seconds
302.550: Application time: 0.0475970 seconds
302.552: [GC302.552: [ParNew: 55870K->6206K(55872K), 0.0021060 secs] 125705K->76245K(182144K), 0.0021480 secs] [Times: user=0.01 sys=0.00, real=0.01 secs] 
302.554: Total time for which application threads were stopped: 0.0045620 seconds, Stopping threads took: 0.0023480 seconds
302.600: Application time: 0.0459970 seconds
302.603: [GC302.603: [ParNew: 55870K->6206K(55872K), 0.0022920 secs] 125909K->77124K(182144K), 0.0023400 secs] [Times: user=0.02 sys=0.00, real=0.00 secs] 
302.605: Total time for which application threads were stopped: 0.0045170 seconds, Stopping threads took: 0.0020990 seconds
302.652: Application time: 0.0469690 seconds
302.655: [GC302.655: [ParNew: 55870K->6206K(55872K), 0.0023940 secs] 126788K->78751K(182144K), 0.0024430 secs] [Times: user=0.02 sys=0.00, real=0.00 secs] 
302.657: Total time for which application threads were stopped: 0.0052910 seconds, Stopping threads took: 0.0027790 seconds
302.707: Application time: 0.0497940 seconds
302.709: [GC302.709: [ParNew: 55870K->6207K(55872K), 0.0020860 secs] 128415K->79265K(182144K), 0.0021310 secs] [Times: user=0.01 sys=0.00, real=0.00 secs] 
302.711: Total time for which application threads were stopped: 0.0037670 seconds, Stopping threads took: 0.0015690 seconds
302.758: Application time: 0.0472470 seconds
302.760: [GC302.760: [ParNew: 55871K->6207K(55872K), 0.0020950 secs] 128929K->79805K(182144K), 0.0021450 secs] [Times: user=0.01 sys=0.00, real=0.01 secs] 
302.762: Total time for which application threads were stopped: 0.0044040 seconds, Stopping threads took: 0.0021940 seconds
302.809: Application time: 0.0469290 seconds
302.811: [GC302.811: [ParNew: 55871K->6206K(55872K), 0.0026890 secs] 129469K->81432K(182144K), 0.0027340 secs] [Times: user=0.02 sys=0.00, real=0.01 secs] 
302.814: Total time for which application threads were stopped: 0.0045510 seconds, Stopping threads took: 0.0017500 seconds
302.864: Application time: 0.0500920 seconds
302.867: [GC302.867: [ParNew: 55870K->6207K(55872K), 0.0024090 secs] 131096K->82935K(182144K), 0.0024530 secs] [Times: user=0.02 sys=0.00, real=0.00 secs] 
302.870: Total time for which application threads were stopped: 0.0054840 seconds, Stopping threads took: 0.0029690 seconds
302.917: Application time: 0.0471040 seconds
302.918: [GC302.918: [ParNew: 55871K->6206K(55872K), 0.0024720 secs] 132599K->83939K(182144K), 0.0025150 secs] [Times: user=0.01 sys=0.00, real=0.00 secs] 
302.921: Total time for which application threads were stopped: 0.0042590 seconds, Stopping threads took: 0.0016800 seconds
302.969: Application time: 0.0483570 seconds
302.972: [GC302.972: [ParNew: 55870K->5709K(55872K), 0.0019620 secs] 133603K->83471K(182144K), 0.0020070 secs] [Times: user=0.01 sys=0.00, real=0.01 secs] 
302.974: Total time for which application threads were stopped: 0.0046270 seconds, Stopping threads took: 0.0025520 seconds
303.022: Application time: 0.0476880 seconds
303.024: [GC303.024: [ParNew: 55373K->6207K(55872K), 0.0026510 secs] 133135K->85464K(182144K), 0.0027000 secs] [Times: user=0.02 sys=0.00, real=0.00 secs] 
303.027: Total time for which application threads were stopped: 0.0053040 seconds, Stopping threads took: 0.0025250 seconds
303.075: Application time: 0.0476390 seconds
303.077: [GC303.077: [ParNew: 55871K->6206K(55872K), 0.0021300 secs] 135128K->85744K(182144K), 0.0021730 secs] [Times: user=0.01 sys=0.00, real=0.00 secs] 
303.079: Total time for which application threads were stopped: 0.0041890 seconds, Stopping threads took: 0.0019490 seconds
303.125: Application time: 0.0458290 seconds
303.127: [GC303.127: [ParNew: 55870K->6207K(55872K), 0.0023740 secs] 135408K->87022K(182144K), 0.0024200 secs] [Times: user=0.01 sys=0.00, real=0.00 secs] 
303.129: Total time for which application threads were stopped: 0.0044570 seconds, Stopping threads took: 0.0019370 seconds
303.177: Application time: 0.0484000 seconds
303.180: [GC303.180: [ParNew: 55871K->6207K(55872K), 0.0019800 secs] 136686K->87067K(182144K), 0.0020260 secs] [Times: user=0.01 sys=0.00, real=0.01 secs] 
303.182: Total time for which application threads were stopped: 0.0043410 seconds, Stopping threads took: 0.0022490 seconds
303.229: Application time: 0.0470000 seconds
303.231: [GC303.231: [ParNew: 55871K->6161K(55872K), 0.0019050 secs] 136731K->87078K(182144K), 0.0019490 secs] [Times: user=0.01 sys=0.00, real=0.00 secs] 
303.233: Total time for which application threads were stopped: 0.0037790 seconds, Stopping threads took: 0.0017620 seconds
303.279: Application time: 0.0469830 seconds
303.281: [GC303.281: [ParNew: 55825K->6206K(55872K), 0.0021850 secs] 136742K->87781K(182144K), 0.0022310 secs] [Times: user=0.02 sys=0.00, real=0.01 secs] 
303.283: Total time for which application threads were stopped: 0.0036160 seconds, Stopping threads took: 0.0013170 seconds
303.331: Application time: 0.0478810 seconds
303.334: [GC303.334: [ParNew: 55870K->6207K(55872K), 0.0022140 secs] 137445K->88936K(182144K), 0.0022590 secs] [Times: user=0.02 sys=0.00, real=0.00 secs] 
303.336: Total time for which application threads were stopped: 0.0049780 seconds, Stopping threads took: 0.0026520 seconds
303.384: Application time: 0.0479570 seconds
303.386: [GC303.386: [ParNew: 55871K->6206K(55872K), 0.0021550 secs] 138600K->89710K(182144K), 0.0022010 secs] [Times: user=0.01 sys=0.00, real=0.00 secs] 
303.389: Total time for which application threads were stopped: 0.0045850 seconds, Stopping threads took: 0.0023160 seconds
303.436: Application time: 0.0473930 seconds
303.438: [GC303.438: [ParNew: 55870K->6206K(55872K), 0.0022260 secs] 139374K->90703K(182144K), 0.0022820 secs] [Times: user=0.02 sys=0.00, real=0.00 secs] 
303.441: Total time for which application threads were stopped: 0.0046010 seconds, Stopping threads took: 0.0022500 seconds
303.487: Application time: 0.0468090 seconds
303.490: [GC303.490: [ParNew: 55870K->6207K(55872K), 0.0023210 secs] 140367K->91523K(182144K), 0.0023710 secs] [Times: user=0.01 sys=0.00, real=0.00 secs] 
303.492: Total time for which application threads were stopped: 0.0046650 seconds, Stopping threads took: 0.0022260 seconds
303.542: Application time: 0.0497810 seconds
303.544: [GC303.544: [ParNew: 55871K->6207K(55872K), 0.0021590 secs] 141187K->92198K(182144K), 0.0022040 secs] [Times: user=0.01 sys=0.00, real=0.00 secs] 
303.546: Total time for which application threads were stopped: 0.0041570 seconds, Stopping threads took: 0.0018880 seconds
303.593: Application time: 0.0472170 seconds
303.595: [GC303.595: [ParNew: 55871K->6206K(55872K), 0.0023220 secs] 141862K->93480K(182144K), 0.0023670 secs] [Times: user=0.01 sys=0.00, real=0.00 secs] 
303.597: Total time for which application threads were stopped: 0.0041660 seconds, Stopping threads took: 0.0017310 seconds
303.644: Application time: 0.0469660 seconds
303.647: [GC303.647: [ParNew: 55870K->6207K(55872K), 0.0023640 secs] 143144K->94642K(182144K), 0.0024120 secs] [Times: user=0.02 sys=0.00, real=0.00 secs] 
303.650: Total time for which application threads were stopped: 0.0056040 seconds, Stopping threads took: 0.0031170 seconds
303.698: Application time: 0.0481940 seconds
303.700: [GC303.700: [ParNew: 55871K->6206K(55872K), 0.0022700 secs] 144306K->95618K(182144K), 0.0023140 secs] [Times: user=0.02 sys=0.00, real=0.01 secs] 
303.702: Total time for which application threads were stopped: 0.0041620 seconds, Stopping threads took: 0.0017830 seconds
303.748: Application time: 0.0459160 seconds
303.751: [GC303.751: [ParNew: 55870K->6206K(55872K), 0.0024400 secs] 145282K->97322K(182144K), 0.0024830 secs] [Times: user=0.02 sys=0.00, real=0.01 secs] 
303.754: Total time for which application threads were stopped: 0.0057270 seconds, Stopping threads took: 0.0031780 seconds
303.804: Application time: 0.0501560 seconds
303.806: [GC303.806: [ParNew: 55870K->5016K(55872K), 0.0016430 secs] 146986K->96161K(182144K), 0.0016820 secs] [Times: user=0.02 sys=0.00, real=0.00 secs] 
303.807: Total time for which application threads were stopped: 0.0033580 seconds, Stopping threads took: 0.0016110 seconds
303.858: Application time: 0.0506680 seconds
303.860: [GC303.860: [ParNew: 54680K->6015K(55872K), 0.0017730 secs] 145825K->97160K(182144K), 0.0018170 secs] [Times: user=0.01 sys=0.00, real=0.01 secs] 
303.862: Total time for which application threads were stopped: 0.0039700 seconds, Stopping threads took: 0.0020890 seconds
303.908: Application time: 0.0461910 seconds
303.911: [GC303.911: [ParNew: 55679K->6063K(55872K), 0.0018440 secs] 146824K->97207K(182144K), 0.0018870 secs] [Times: user=0.01 sys=0.00, real=0.00 secs] 
303.913: Total time for which application threads were stopped: 0.0048950 seconds, Stopping threads took: 0.0029410 seconds
303.961: Application time: 0.0478080 seconds
303.963: [GC303.963: [ParNew: 55727K->5014K(55872K), 0.0015140 secs] 146871K->96159K(182144K), 0.0015500 secs] [Times: user=0.01 sys=0.00, real=0.00 secs] 
303.964: Total time for which application threads were stopped: 0.0031890 seconds, Stopping threads took: 0.0015680 seconds
304.007: Application time: 0.0430350 seconds
304.009: [GC304.010: [ParNew: 54678K->6206K(55872K), 0.0024950 secs] 145823K->99070K(182144K), 0.0025340 secs] [Times: user=0.01 sys=0.00, real=0.00 secs] 
304.012: Total time for which application threads were stopped: 0.0048610 seconds, Stopping threads took: 0.0022620 seconds
304.056: Application time: 0.0440700 seconds
304.058: [GC304.058: [ParNew: 55870K->6206K(55872K), 0.0019340 secs] 148734K->99328K(182144K), 0.0019750 secs] [Times: user=0.02 sys=0.00, real=0.00 secs] 
304.060: Total time for which application threads were stopped: 0.0038900 seconds, Stopping threads took: 0.0018410 seconds
304.107: Application time: 0.0471140 seconds
304.109: [GC304.109: [ParNew: 55870K->6206K(55872K), 0.0025130 secs] 148992K->100798K(182144K), 0.0025580 secs] [Times: user=0.02 sys=0.00, real=0.00 secs] 
304.112: Total time for which application threads were stopped: 0.0047090 seconds, Stopping threads took: 0.0020850 seconds
304.158: Application time: 0.0456920 seconds
304.160: [GC304.160: [ParNew: 55869K->6207K(55872K), 0.0021410 secs] 150461K->101103K(182144K), 0.0021820 secs] [Times: user=0.01 sys=0.00, real=0.01 secs] 
304.162: Total time for which application threads were stopped: 0.0042820 seconds, Stopping threads took: 0.0020060 seconds
304.206: Application time: 0.0445230 seconds
304.209: [GC304.209: [ParNew: 55871K->6207K(55872K), 0.0023200 secs] 150767K->102396K(182144K), 0.0023630 secs] [Times: user=0.02 sys=0.00, real=0.00 secs] 
304.211: Total time for which application threads were stopped: 0.0046920 seconds, Stopping threads took: 0.0022430 seconds
304.256: Application time: 0.0449450 seconds
304.258: [GC304.258: [ParNew: 55871K->5628K(55872K), 0.0019630 secs] 152060K->101845K(182144K), 0.0020060 secs] [Times: user=0.01 sys=0.00, real=0.00 secs] 
304.260: Total time for which application threads were stopped: 0.0041540 seconds, Stopping threads took: 0.0020800 seconds
304.306: Application time: 0.0455000 seconds
304.307: [GC304.307: [ParNew: 55292K->6207K(55872K), 0.0022230 secs] 151509K->102863K(182144K), 0.0022710 secs] [Times: user=0.02 sys=0.00, real=0.00 secs] 
304.310: Total time for which application threads were stopped: 0.0040660 seconds, Stopping threads took: 0.0017280 seconds
304.355: Application time: 0.0448460 seconds
304.356: [GC304.356: [ParNew: 55871K->6206K(55872K), 0.0020960 secs] 152527K->103056K(182144K), 0.0021360 secs] [Times: user=0.01 sys=0.00, real=0.00 secs] 
304.358: Total time for which application threads were stopped: 0.0032590 seconds, Stopping threads took: 0.0010610 seconds
304.404: Application time: 0.0465570 seconds
304.406: [GC304.406: [ParNew: 55870K->5899K(55872K), 0.0018820 secs] 152720K->102749K(182144K), 0.0019220 secs] [Times: user=0.01 sys=0.00, real=0.00 secs] 
304.408: Total time for which application threads were stopped: 0.0036060 seconds, Stopping threads took: 0.0016010 seconds
304.453: Application time: 0.0449040 seconds
304.455: [GC304.455: [ParNew: 55563K->5935K(55872K), 0.0019140 secs] 152413K->102785K(182144K), 0.0019500 secs] [Times: user=0.01 sys=0.00, real=0.00 secs] 
304.456: Total time for which application threads were stopped: 0.0035830 seconds, Stopping threads took: 0.0015510 seconds
304.503: Application time: 0.0461950 seconds
304.504: [GC304.504: [ParNew: 55599K->6207K(55872K), 0.0021120 secs] 152449K->103215K(182144K), 0.0021550 secs] [Times: user=0.01 sys=0.00, real=0.00 secs] 
304.507: Total time for which application threads were stopped: 0.0038580 seconds, Stopping threads took: 0.0016280 seconds
304.550: Application time: 0.0431760 seconds
304.553: [GC304.553: [ParNew: 55871K->6206K(55872K), 0.0023780 secs] 152879K->104084K(182144K), 0.0024270 secs] [Times: user=0.02 sys=0.00, real=0.01 secs] 
304.555: Total time for which application threads were stopped: 0.0053100 seconds, Stopping threads took: 0.0028040 seconds
304.598: Application time: 0.0433380 seconds
304.600: [GC304.600: [ParNew: 55870K->6207K(55872K), 0.0020670 secs] 153748K->104460K(182144K), 0.0021170 secs] [Times: user=0.01 sys=0.00, real=0.01 secs] 
304.602: Total time for which application threads were stopped: 0.0033870 seconds, Stopping threads took: 0.0012040 seconds
304.646: Application time: 0.0440580 seconds
304.648: [GC304.648: [ParNew: 55871K->6206K(55872K), 0.0021850 secs] 154124K->104836K(182144K), 0.0022290 secs] [Times: user=0.02 sys=0.00, real=0.00 secs] 
304.650: Total time for which application threads were stopped: 0.0045460 seconds, Stopping threads took: 0.0022520 seconds
304.695: Application time: 0.0443290 seconds
304.697: [GC304.697: [ParNew: 55870K->6207K(55872K), 0.0024640 secs] 154500K->106551K(182144K), 0.0025200 secs] [Times: user=0.02 sys=0.00, real=0.00 secs] 
304.699: Total time for which application threads were stopped: 0.0046450 seconds, Stopping threads took: 0.0020510 seconds
304.743: Application time: 0.0433890 seconds
304.746: [GC304.746: [ParNew: 55871K->6206K(55872K), 0.0025160 secs] 156215K->108168K(182144K), 0.0025630 secs] [Times: user=0.02 sys=0.00, real=0.00 secs] 
304.749: Total time for which application threads were stopped: 0.0058490 seconds, Stopping threads took: 0.0031980 seconds
304.794: Application time: 0.0456780 seconds
304.796: [GC304.796: [ParNew: 55870K->6207K(55872K), 0.0022710 secs] 157832K->108584K(182144K), 0.0023170 secs] [Times: user=0.02 sys=0.00, real=0.00 secs] 
304.798: Total time for which application threads were stopped: 0.0038540 seconds, Stopping threads took: 0.0014490 seconds
304.841: Application time: 0.0433300 seconds
304.844: [GC304.844: [ParNew: 55871K->6207K(55872K), 0.0023500 secs] 158248K->109812K(182144K), 0.0023950 secs] [Times: user=0.02 sys=0.00, real=0.00 secs] 
304.846: Total time for which application threads were stopped: 0.0046700 seconds, Stopping threads took: 0.0021880 seconds
304.892: Application time: 0.0454860 seconds
304.893: [GC304.893: [ParNew: 55871K->6207K(55872K), 0.0021060 secs] 159476K->109995K(182144K), 0.0021460 secs] [Times: user=0.02 sys=0.00, real=0.01 secs] 
304.895: Total time for which application threads were stopped: 0.0035390 seconds, Stopping threads took: 0.0013070 seconds
304.943: Application time: 0.0481620 seconds
304.945: [GC304.945: [ParNew: 55871K->6207K(55872K), 0.0023110 secs] 159659K->111017K(182144K), 0.0023560 secs] [Times: user=0.01 sys=0.00, real=0.00 secs] 
304.947: Total time for which application threads were stopped: 0.0036510 seconds, Stopping threads took: 0.0012070 seconds
304.990: Application time: 0.0433590 seconds
304.993: [GC304.993: [ParNew: 55871K->6206K(55872K), 0.0021040 secs] 160681K->111908K(182144K), 0.0021460 secs] [Times: user=0.01 sys=0.00, real=0.01 secs] 
304.995: Total time for which application threads were stopped: 0.0049350 seconds, Stopping threads took: 0.0027060 seconds
305.039: Application time: 0.0435190 seconds
305.041: [GC305.041: [ParNew: 55870K->6207K(55872K), 0.0024730 secs] 161572K->113446K(182144K), 0.0025180 secs] [Times: user=0.02 sys=0.00, real=0.01 secs] 
305.043: Total time for which application threads were stopped: 0.0046930 seconds, Stopping threads took: 0.0021100 seconds
305.089: Application time: 0.0451820 seconds
305.090: [GC305.090: [ParNew: 55871K->6207K(55872K), 0.0020080 secs] 163110K->113827K(182144K), 0.0020550 secs] [Times: user=0.02 sys=0.00, real=0.00 secs] 
305.092: Total time for which application threads were stopped: 0.0037610 seconds, Stopping threads took: 0.0016360 seconds
305.136: Application time: 0.0439570 seconds
305.139: [GC305.139: [ParNew: 55871K->6206K(55872K), 0.0022920 secs] 163491K->115174K(182144K), 0.0023330 secs] [Times: user=0.02 sys=0.00, real=0.00 secs] 
305.141: Total time for which application threads were stopped: 0.0048870 seconds, Stopping threads took: 0.0024800 seconds
305.186: Application time: 0.0445260 seconds
305.187: [GC305.187: [ParNew: 55870K->6206K(55872K), 0.0020810 secs] 164838K->115460K(182144K), 0.0021240 secs] [Times: user=0.01 sys=0.00, real=0.00 secs] 
305.189: Total time for which application threads were stopped: 0.0036380 seconds, Stopping threads took: 0.0014460 seconds
305.235: Application time: 0.0454420 seconds
305.237: [GC305.237: [ParNew: 55870K->6207K(55872K), 0.0023050 secs] 165124K->116533K(182144K), 0.0023500 secs] [Times: user=0.01 sys=0.00, real=0.00 secs] 
305.240: Total time for which application threads were stopped: 0.0047930 seconds, Stopping threads took: 0.0023710 seconds
305.284: Application time: 0.0440950 seconds
305.285: [GC305.285: [ParNew: 55871K->6206K(55872K), 0.0022250 secs] 166197K->117427K(182144K), 0.0022690 secs] [Times: user=0.01 sys=0.00, real=0.00 secs] 
305.288: Total time for which application threads were stopped: 0.0039460 seconds, Stopping threads took: 0.0016090 seconds
305.332: Application time: 0.0442010 seconds
305.333: [GC305.333: [ParNew: 55870K->6207K(55872K), 0.0020230 secs] 167091K->117506K(182144K), 0.0020730 secs] [Times: user=0.01 sys=0.00, real=0.00 secs] 
305.336: Total time for which application threads were stopped: 0.0036290 seconds, Stopping threads took: 0.0014920 seconds
305.382: Application time: 0.0464330 seconds
305.384: [GC305.384: [ParNew: 55871K->6076K(55872K), 0.0019490 secs] 167170K->117375K(182144K), 0.0019930 secs] [Times: user=0.01 sys=0.00, real=0.00 secs] 
305.386: Total time for which application threads were stopped: 0.0039300 seconds, Stopping threads took: 0.0018740 seconds
305.432: Application time: 0.0455790 seconds
305.433: [GC305.433: [ParNew: 55740K->6078K(55872K), 0.0019810 secs] 167039K->117377K(182144K), 0.0020220 secs] [Times: user=0.02 sys=0.00, real=0.01 secs] 
305.435: Total time for which application threads were stopped: 0.0038360 seconds, Stopping threads took: 0.0017410 seconds
305.480: Application time: 0.0446550 seconds
305.482: [GC305.482: [ParNew: 55742K->6207K(55872K), 0.0021540 secs] 167041K->118287K(182144K), 0.0021980 secs] [Times: user=0.02 sys=0.00, real=0.00 secs] 
305.484: Total time for which application threads were stopped: 0.0043420 seconds, Stopping threads took: 0.0020580 seconds
305.527: Application time: 0.0431310 seconds
305.529: [GC305.529: [ParNew: 55871K->6206K(55872K), 0.0020610 secs] 167951K->118886K(182144K), 0.0021030 secs] [Times: user=0.01 sys=0.00, real=0.00 secs] 
305.531: Total time for which application threads were stopped: 0.0035350 seconds, Stopping threads took: 0.0013680 seconds
305.576: Application time: 0.0450530 seconds
305.578: [GC305.578: [ParNew: 55870K->6206K(55872K), 0.0021110 secs] 168550K->119442K(182144K), 0.0021530 secs] [Times: user=0.01 sys=0.00, real=0.00 secs] 
305.580: Total time for which application threads were stopped: 0.0041610 seconds, Stopping threads took: 0.0019450 seconds
305.624: Application time: 0.0441370 seconds
305.626: [GC305.626: [ParNew: 55870K->6206K(55872K), 0.0020610 secs] 169106K->119787K(182144K), 0.0021050 secs] [Times: user=0.01 sys=0.00, real=0.00 secs] 
305.628: Total time for which application threads were stopped: 0.0037180 seconds, Stopping threads took: 0.0015470 seconds
305.674: Application time: 0.0460240 seconds
305.676: [GC305.676: [ParNew: 55870K->6206K(55872K), 0.0022100 secs] 169451K->120581K(182144K), 0.0022540 secs] [Times: user=0.02 sys=0.00, real=0.00 secs] 
305.678: Total time for which application threads were stopped: 0.0036820 seconds, Stopping threads took: 0.0013620 seconds
305.723: Application time: 0.0447100 seconds
305.724: [GC305.724: [ParNew: 55870K->6206K(55872K), 0.0022440 secs] 170245K->121454K(182144K), 0.0022880 secs] [Times: user=0.02 sys=0.00, real=0.00 secs] 
305.727: Total time for which application threads were stopped: 0.0042590 seconds, Stopping threads took: 0.0019040 seconds
305.771: Application time: 0.0446350 seconds
305.773: [GC305.773: [ParNew: 55870K->6207K(55872K), 0.0021490 secs] 171118K->122188K(182144K), 0.0021870 secs] [Times: user=0.02 sys=0.00, real=0.01 secs] 
305.775: Total time for which application threads were stopped: 0.0039680 seconds, Stopping threads took: 0.0017110 seconds
305.820: Application time: 0.0444950 seconds
305.822: [GC305.822: [ParNew: 55871K->6206K(55872K), 0.0020860 secs] 171852K->122521K(182144K), 0.0021300 secs] [Times: user=0.01 sys=0.00, real=0.00 secs] 
305.824: Total time for which application threads were stopped: 0.0040190 seconds, Stopping threads took: 0.0018260 seconds
305.867: Application time: 0.0431230 seconds
305.869: [GC305.869: [ParNew: 55870K->6207K(55872K), 0.0023330 secs] 172185K->123721K(182144K), 0.0023740 secs] [Times: user=0.02 sys=0.00, real=0.00 secs] 
305.871: Total time for which application threads were stopped: 0.0043000 seconds, Stopping threads took: 0.0018630 seconds
305.919: Application time: 0.0475000 seconds
305.920: [GC305.920: [ParNew: 55871K->6206K(55872K), 0.0019490 secs] 173385K->123832K(182144K), 0.0019970 secs] [Times: user=0.02 sys=0.00, real=0.01 secs] 
305.922: Total time for which application threads were stopped: 0.0035960 seconds, Stopping threads took: 0.0015350 seconds
305.966: Application time: 0.0437330 seconds
305.969: [GC305.969: [ParNew: 55870K->6208K(55872K), 0.0023010 secs] 173496K->124898K(182144K), 0.0023430 secs] [Times: user=0.02 sys=0.00, real=0.00 secs] 
305.971: Total time for which application threads were stopped: 0.0049120 seconds, Stopping threads took: 0.0025040 seconds
306.015: Application time: 0.0438340 seconds
306.017: [GC306.017: [ParNew: 55872K->6207K(55872K), 0.0021820 secs] 174562K->125719K(182144K), 0.0022250 secs] [Times: user=0.02 sys=0.00, real=0.00 secs] 
306.019: Total time for which application threads were stopped: 0.0041020 seconds, Stopping threads took: 0.0018110 seconds
306.065: Application time: 0.0459100 seconds
306.067: [GC306.067: [ParNew: 55871K->5259K(55872K), 0.0017120 secs] 175383K->124800K(182144K), 0.0017530 secs] [Times: user=0.01 sys=0.00, real=0.00 secs] 
306.068: Total time for which application threads were stopped: 0.0034930 seconds, Stopping threads took: 0.0016770 seconds
 CMS: abort preclean due to time 306.070: [CMS-concurrent-abortable-preclean: 0.299/5.021 secs] [Times: user=38.64 sys=0.10, real=5.02 secs] 
306.070: Application time: 0.0017500 seconds
306.073: [GC[YG occupancy: 11475 K (55872 K)]306.073: [Rescan (parallel) , 0.0002840 secs]306.073: [weak refs processing, 0.0000070 secs]306.073: [scrub string table, 0.0001070 secs] [1 CMS-remark: 119540K(126272K)] 131015K(182144K), 0.0004270 secs] [Times: user=0.00 sys=0.00, real=0.01 secs] 
306.074: Total time for which application threads were stopped: 0.0033600 seconds, Stopping threads took: 0.0029010 seconds
306.074: [CMS-concurrent-sweep-start]
306.081: [CMS-concurrent-sweep: 0.008/0.008 secs] [Times: user=0.03 sys=0.00, real=0.00 secs] 
306.081: [CMS-concurrent-reset-start]
306.082: [CMS-concurrent-reset: 0.000/0.000 secs] [Times: user=0.00 sys=0.00, real=0.00 secs] 
306.115: Application time: 0.0409940 seconds
306.116: [GC306.116: [ParNew: 54923K->6159K(55872K), 0.0019740 secs] 123271K->74564K(182144K), 0.0020200 secs] [Times: user=0.01 sys=0.00, real=0.00 secs] 
306.118: Total time for which application threads were stopped: 0.0035770 seconds, Stopping threads took: 0.0014910 seconds
306.163: Application time: 0.0452100 seconds
306.166: [GC306.166: [ParNew: 55823K->5776K(55872K), 0.0017730 secs] 124228K->74209K(182144K), 0.0018120 secs] [Times: user=0.02 sys=0.00, real=0.00 secs] 
306.168: Total time for which application threads were stopped: 0.0044800 seconds, Stopping threads took: 0.0026040 seconds
306.215: Application time: 0.0470690 seconds
306.216: [GC306.216: [ParNew: 55440K->4274K(55872K), 0.0014770 secs] 123873K->72736K(182144K), 0.0015110 secs] [Times: user=0.01 sys=0.00, real=0.00 secs] 
306.218: Total time for which application threads were stopped: 0.0029730 seconds, Stopping threads took: 0.0014040 seconds
306.259: Application time: 0.0414400 seconds
306.261: [GC306.262: [ParNew: 53938K->6207K(55872K), 0.0023280 secs] 122400K->76017K(182144K), 0.0023700 secs] [Times: user=0.02 sys=0.00, real=0.00 secs] 
306.264: Total time for which application threads were stopped: 0.0045890 seconds, Stopping threads took: 0.0021320 seconds
306.271: Application time: 0.0075840 seconds
306.273: [GC [1 CMS-initial-mark: 69809K(126272K)] 85044K(182144K), 0.0005270 secs] [Times: user=0.00 sys=0.00, real=0.00 secs] 
306.274: Total time for which application threads were stopped: 0.0024510 seconds, Stopping threads took: 0.0018880 seconds
306.274: [CMS-concurrent-mark-start]
306.279: [CMS-concurrent-mark: 0.005/0.005 secs] [Times: user=0.03 sys=0.00, real=0.00 secs] 
306.279: [CMS-concurrent-preclean-start]
306.279: [CMS-concurrent-preclean: 0.000/0.000 secs] [Times: user=0.00 sys=0.00, real=0.00 secs] 
306.279: [CMS-concurrent-abortable-preclean-start]
306.312: Application time: 0.0377980 seconds
306.314: [GC306.314: [ParNew: 55871K->6207K(55872K), 0.0019900 secs] 125681K->76309K(182144K), 0.0020410 secs] [Times: user=0.01 sys=0.00, real=0.00 secs] 
306.316: Total time for which application threads were stopped: 0.0044160 seconds, Stopping threads took: 0.0023050 seconds
306.363: Application time: 0.0464900 seconds
306.365: [GC306.365: [ParNew: 55871K->5947K(55872K), 0.0020450 secs] 125973K->76078K(182144K), 0.0020870 secs] [Times: user=0.01 sys=0.00, real=0.00 secs] 
306.367: Total time for which application threads were stopped: 0.0042750 seconds, Stopping threads took: 0.0021040 seconds
306.413: Application time: 0.0461560 seconds
306.416: [GC306.416: [ParNew: 55611K->6207K(55872K), 0.0023660 secs] 125742K->77482K(182144K), 0.0024090 secs] [Times: user=0.02 sys=0.00, real=0.00 secs] 
306.418: Total time for which application threads were stopped: 0.0051190 seconds, Stopping threads took: 0.0026450 seconds
306.462: Application time: 0.0442790 seconds
306.465: [GC306.465: [ParNew: 55871K->5944K(55872K), 0.0018550 secs] 127146K->77218K(182144K), 0.0018990 secs] [Times: user=0.02 sys=0.00, real=0.00 secs] 
306.467: Total time for which application threads were stopped: 0.0041540 seconds, Stopping threads took: 0.0021670 seconds
306.513: Application time: 0.0466840 seconds
306.514: [GC306.514: [ParNew: 55608K->6206K(55872K), 0.0021420 secs] 126882K->77528K(182144K), 0.0021850 secs] [Times: user=0.02 sys=0.00, real=0.00 secs] 
306.516: Total time for which application threads were stopped: 0.0028510 seconds, Stopping threads took: 0.0005800 seconds
306.564: Application time: 0.0480370 seconds
306.567: [GC306.567: [ParNew: 55870K->4114K(55872K), 0.0013220 secs] 127192K->75436K(182144K), 0.0013570 secs] [Times: user=0.01 sys=0.00, real=0.00 secs] 
306.568: Total time for which application threads were stopped: 0.0038400 seconds, Stopping threads took: 0.0024190 seconds
306.613: Application time: 0.0450640 seconds
306.615: [GC306.615: [ParNew: 53778K->6207K(55872K), 0.0024900 secs] 125100K->79112K(182144K), 0.0025360 secs] [Times: user=0.01 sys=0.00, real=0.00 secs] 
306.617: Total time for which application threads were stopped: 0.0039920 seconds, Stopping threads took: 0.0013690 seconds
306.660: Application time: 0.0427950 seconds
306.662: [GC306.662: [ParNew: 55871K->6207K(55872K), 0.0023900 secs] 128776K->80472K(182144K), 0.0024340 secs] [Times: user=0.02 sys=0.00, real=0.00 secs] 
306.664: Total time for which application threads were stopped: 0.0042730 seconds, Stopping threads took: 0.0017740 seconds
306.708: Application time: 0.0441330 seconds
306.710: [GC306.710: [ParNew: 55871K->5702K(55872K), 0.0018280 secs] 130136K->79967K(182144K), 0.0018670 secs] [Times: user=0.02 sys=0.00, real=0.00 secs] 
306.712: Total time for which application threads were stopped: 0.0034110 seconds, Stopping threads took: 0.0014810 seconds
306.757: Application time: 0.0453530 seconds
306.758: [GC306.758: [ParNew: 55366K->6206K(55872K), 0.0020700 secs] 129631K->80832K(182144K), 0.0021120 secs] [Times: user=0.02 sys=0.00, real=0.00 secs] 
306.760: Total time for which application threads were stopped: 0.0031610 seconds, Stopping threads took: 0.0009840 seconds
306.804: Application time: 0.0433500 seconds
306.806: [GC306.806: [ParNew: 55870K->6206K(55872K), 0.0022070 secs] 130496K->81750K(182144K), 0.0022530 secs] [Times: user=0.01 sys=0.00, real=0.00 secs] 
306.808: Total time for which application threads were stopped: 0.0048760 seconds, Stopping threads took: 0.0025380 seconds
306.853: Application time: 0.0445920 seconds
306.855: [GC306.855: [ParNew: 55870K->5590K(55872K), 0.0018220 secs] 131414K->81133K(182144K), 0.0018630 secs] [Times: user=0.01 sys=0.00, real=0.00 secs] 
306.857: Total time for which application threads were stopped: 0.0040650 seconds, Stopping threads took: 0.0021050 seconds
306.902: Application time: 0.0453400 seconds
306.904: [GC306.904: [ParNew: 55254K->5019K(55872K), 0.0017490 secs] 130797K->80591K(182144K), 0.0017910 secs] [Times: user=0.01 sys=0.00, real=0.00 secs] 
306.906: Total time for which application threads were stopped: 0.0033350 seconds, Stopping threads took: 0.0014590 seconds
306.954: Application time: 0.0482810 seconds
306.957: [GC306.957: [ParNew: 54683K->4900K(55872K), 0.0015620 secs] 130255K->80472K(182144K), 0.0016160 secs] [Times: user=0.01 sys=0.00, real=0.00 secs] 
306.958: Total time for which application threads were stopped: 0.0042930 seconds, Stopping threads took: 0.0026120 seconds
307.006: Application time: 0.0478160 seconds
307.008: [GC307.008: [ParNew: 54564K->6206K(55872K), 0.0020950 secs] 130136K->82330K(182144K), 0.0021380 secs] [Times: user=0.01 sys=0.00, real=0.00 secs] 
307.010: Total time for which application threads were stopped: 0.0036180 seconds, Stopping threads took: 0.0014150 seconds
307.053: Application time: 0.0434640 seconds
307.056: [GC307.056: [ParNew: 55870K->6206K(55872K), 0.0024100 secs] 131994K->83892K(182144K), 0.0024540 secs] [Times: user=0.02 sys=0.00, real=0.00 secs] 
307.059: Total time for which application threads were stopped: 0.0053310 seconds, Stopping threads took: 0.0028130 seconds
307.103: Application time: 0.0441910 seconds
307.105: [GC307.105: [ParNew: 55870K->6206K(55872K), 0.0019940 secs] 133556K->84246K(182144K), 0.0020430 secs] [Times: user=0.01 sys=0.00, real=0.00 secs] 
307.107: Total time for which application threads were stopped: 0.0037440 seconds, Stopping threads took: 0.0016330 seconds
307.152: Application time: 0.0452760 seconds
307.154: [GC307.154: [ParNew: 55870K->6207K(55872K), 0.0023160 secs] 133910K->85495K(182144K), 0.0023600 secs] [Times: user=0.01 sys=0.00, real=0.00 secs] 
307.156: Total time for which application threads were stopped: 0.0044560 seconds, Stopping threads took: 0.0020270 seconds
307.201: Application time: 0.0442800 seconds
307.203: [GC307.203: [ParNew: 55871K->6206K(55872K), 0.0021090 secs] 135159K->85796K(182144K), 0.0021450 secs] [Times: user=0.02 sys=0.00, real=0.00 secs] 
307.205: Total time for which application threads were stopped: 0.0046170 seconds, Stopping threads took: 0.0024110 seconds
307.251: Application time: 0.0459780 seconds
307.253: [GC307.253: [ParNew: 55870K->5495K(55872K), 0.0017630 secs] 135460K->85113K(182144K), 0.0018050 secs] [Times: user=0.01 sys=0.00, real=0.01 secs] 
307.254: Total time for which application threads were stopped: 0.0032430 seconds, Stopping threads took: 0.0013740 seconds
307.298: Application time: 0.0439070 seconds
307.300: [GC307.300: [ParNew: 55159K->6207K(55872K), 0.0019910 secs] 134777K->85977K(182144K), 0.0020350 secs] [Times: user=0.02 sys=0.00, real=0.01 secs] 
307.302: Total time for which application threads were stopped: 0.0039960 seconds, Stopping threads took: 0.0018760 seconds
307.349: Application time: 0.0468790 seconds
307.351: [GC307.351: [ParNew: 55871K->6187K(55872K), 0.0018580 secs] 135641K->85957K(182144K), 0.0019000 secs] [Times: user=0.02 sys=0.00, real=0.00 secs] 
307.353: Total time for which application threads were stopped: 0.0041630 seconds, Stopping threads took: 0.0021910 seconds
307.399: Application time: 0.0457950 seconds
307.402: [GC307.402: [ParNew: 55851K->6013K(55872K), 0.0018390 secs] 135621K->85811K(182144K), 0.0018850 secs] [Times: user=0.01 sys=0.00, real=0.00 secs] 
307.404: Total time for which application threads were stopped: 0.0043350 seconds, Stopping threads took: 0.0023560 seconds
307.447: Application time: 0.0432050 seconds
307.449: [GC307.449: [ParNew: 55677K->6206K(55872K), 0.0021470 secs] 135475K->86747K(182144K), 0.0021940 secs] [Times: user=0.02 sys=0.00, real=0.00 secs] 
307.451: Total time for which application threads were stopped: 0.0043690 seconds, Stopping threads took: 0.0021080 seconds
307.496: Application time: 0.0444890 seconds
307.497: [GC307.497: [ParNew: 55870K->6206K(55872K), 0.0022150 secs] 136411K->87600K(182144K), 0.0022620 secs] [Times: user=0.02 sys=0.00, real=0.00 secs] 
307.500: Total time for which application threads were stopped: 0.0039550 seconds, Stopping threads took: 0.0016260 seconds
307.543: Application time: 0.0430550 seconds
307.545: [GC307.545: [ParNew: 55870K->6207K(55872K), 0.0021550 secs] 137264K->87967K(182144K), 0.0021980 secs] [Times: user=0.01 sys=0.00, real=0.00 secs] 
307.547: Total time for which application threads were stopped: 0.0043600 seconds, Stopping threads took: 0.0020610 seconds
307.591: Application time: 0.0443130 seconds
307.594: [GC307.594: [ParNew: 55871K->6037K(55872K), 0.0018630 secs] 137631K->87797K(182144K), 0.0019060 secs] [Times: user=0.02 sys=0.00, real=0.00 secs] 
307.596: Total time for which application threads were stopped: 0.0044190 seconds, Stopping threads took: 0.0024410 seconds
307.642: Application time: 0.0464880 seconds
307.644: [GC307.645: [ParNew: 55701K->6206K(55872K), 0.0021730 secs] 137461K->88641K(182144K), 0.0022190 secs] [Times: user=0.01 sys=0.00, real=0.00 secs] 
307.647: Total time for which application threads were stopped: 0.0045330 seconds, Stopping threads took: 0.0022480 seconds
307.690: Application time: 0.0432330 seconds
307.692: [GC307.692: [ParNew: 55870K->6206K(55872K), 0.0023890 secs] 138305K->90116K(182144K), 0.0024350 secs] [Times: user=0.02 sys=0.00, real=0.01 secs] 
307.695: Total time for which application threads were stopped: 0.0045610 seconds, Stopping threads took: 0.0020590 seconds
307.740: Application time: 0.0454590 seconds
307.742: [GC307.742: [ParNew: 55870K->5597K(55872K), 0.0017270 secs] 139780K->89506K(182144K), 0.0017720 secs] [Times: user=0.01 sys=0.00, real=0.00 secs] 
307.744: Total time for which application threads were stopped: 0.0042200 seconds, Stopping threads took: 0.0023840 seconds
307.789: Application time: 0.0444570 seconds
307.790: [GC307.790: [ParNew: 55261K->6207K(55872K), 0.0023200 secs] 139170K->91323K(182144K), 0.0023650 secs] [Times: user=0.01 sys=0.00, real=0.00 secs] 
307.793: Total time for which application threads were stopped: 0.0041430 seconds, Stopping threads took: 0.0017130 seconds
307.841: Application time: 0.0477640 seconds
307.842: [GC307.842: [ParNew: 55871K->3103K(55872K), 0.0011460 secs] 140987K->88271K(182144K), 0.0011760 secs] [Times: user=0.01 sys=0.00, real=0.00 secs] 
307.843: Total time for which application threads were stopped: 0.0027630 seconds, Stopping threads took: 0.0015110 seconds
307.890: Application time: 0.0466120 seconds
307.892: [GC307.892: [ParNew: 52767K->6207K(55872K), 0.0020270 secs] 137935K->91706K(182144K), 0.0020720 secs] [Times: user=0.02 sys=0.00, real=0.01 secs] 
307.895: Total time for which application threads were stopped: 0.0045790 seconds, Stopping threads took: 0.0024310 seconds
307.940: Application time: 0.0453870 seconds
307.942: [GC307.942: [ParNew: 55871K->5070K(55872K), 0.0016880 secs] 141370K->90598K(182144K), 0.0017230 secs] [Times: user=0.01 sys=0.00, real=0.00 secs] 
307.943: Total time for which application threads were stopped: 0.0035390 seconds, Stopping threads took: 0.0017450 seconds
307.991: Application time: 0.0478260 seconds
307.993: [GC307.993: [ParNew: 54734K->6206K(55872K), 0.0024690 secs] 140262K->93063K(182144K), 0.0025180 secs] [Times: user=0.02 sys=0.00, real=0.01 secs] 
307.996: Total time for which application threads were stopped: 0.0045070 seconds, Stopping threads took: 0.0019200 seconds
308.045: Application time: 0.0492920 seconds
308.048: [GC308.048: [ParNew: 55870K->5540K(55872K), 0.0018670 secs] 142727K->92396K(182144K), 0.0019070 secs] [Times: user=0.02 sys=0.00, real=0.00 secs] 
308.050: Total time for which application threads were stopped: 0.0045280 seconds, Stopping threads took: 0.0025360 seconds
308.101: Application time: 0.0511010 seconds
308.103: [GC308.103: [ParNew: 55204K->4151K(55872K), 0.0013990 secs] 142060K->91008K(182144K), 0.0014310 secs] [Times: user=0.01 sys=0.00, real=0.00 secs] 
308.104: Total time for which application threads were stopped: 0.0037260 seconds, Stopping threads took: 0.0022270 seconds
308.154: Application time: 0.0495190 seconds
308.156: [GC308.156: [ParNew: 53815K->6207K(55872K), 0.0024360 secs] 140672K->94592K(182144K), 0.0024810 secs] [Times: user=0.02 sys=0.00, real=0.00 secs] 
308.159: Total time for which application threads were stopped: 0.0047810 seconds, Stopping threads took: 0.0022340 seconds
308.207: Application time: 0.0479090 seconds
308.209: [GC308.209: [ParNew: 55871K->6206K(55872K), 0.0025580 secs] 144256K->96185K(182144K), 0.0026130 secs] [Times: user=0.02 sys=0.00, real=0.00 secs] 
308.211: Total time for which application threads were stopped: 0.0045130 seconds, Stopping threads took: 0.0018320 seconds
308.261: Application time: 0.0496830 seconds
308.262: [GC308.262: [ParNew: 55870K->6185K(55872K), 0.0019910 secs] 145849K->96213K(182144K), 0.0020330 secs] [Times: user=0.01 sys=0.00, real=0.00 secs] 
308.264: Total time for which application threads were stopped: 0.0026850 seconds, Stopping threads took: 0.0005850 seconds
308.312: Application time: 0.0479970 seconds
308.314: [GC308.314: [ParNew: 55849K->6207K(55872K), 0.0023320 secs] 145877K->97113K(182144K), 0.0023760 secs] [Times: user=0.02 sys=0.00, real=0.00 secs] 
308.316: Total time for which application threads were stopped: 0.0045010 seconds, Stopping threads took: 0.0020600 seconds
308.363: Application time: 0.0470910 seconds
308.365: [GC308.365: [ParNew: 55871K->6206K(55872K), 0.0023360 secs] 146777K->98410K(182144K), 0.0023840 secs] [Times: user=0.02 sys=0.00, real=0.00 secs] 
308.367: Total time for which application threads were stopped: 0.0037840 seconds, Stopping threads took: 0.0013320 seconds
308.416: Application time: 0.0488010 seconds
308.419: [GC308.419: [ParNew: 55870K->6207K(55872K), 0.0021150 secs] 148074K->98690K(182144K), 0.0021560 secs] [Times: user=0.01 sys=0.00, real=0.00 secs] 
308.421: Total time for which application threads were stopped: 0.0053300 seconds, Stopping threads took: 0.0030850 seconds
308.467: Application time: 0.0462880 seconds
308.469: [GC308.469: [ParNew: 55871K->6207K(55872K), 0.0020300 secs] 148354K->99054K(182144K), 0.0020690 secs] [Times: user=0.01 sys=0.00, real=0.00 secs] 
308.471: Total time for which application threads were stopped: 0.0040480 seconds, Stopping threads took: 0.0019000 seconds
308.519: Application time: 0.0472870 seconds
308.522: [GC308.522: [ParNew: 55871K->6206K(55872K), 0.0021460 secs] 148718K->99867K(182144K), 0.0021900 secs] [Times: user=0.01 sys=0.00, real=0.00 secs] 
308.524: Total time for which application threads were stopped: 0.0050690 seconds, Stopping threads took: 0.0028120 seconds
308.569: Application time: 0.0456850 seconds
308.571: [GC308.571: [ParNew: 55870K->6207K(55872K), 0.0022930 secs] 149531K->101066K(182144K), 0.0023380 secs] [Times: user=0.01 sys=0.00, real=0.01 secs] 
308.574: Total time for which application threads were stopped: 0.0043510 seconds, Stopping threads took: 0.0019450 seconds
308.620: Application time: 0.0466040 seconds
308.622: [GC308.622: [ParNew: 55871K->6206K(55872K), 0.0024410 secs] 150730K->102160K(182144K), 0.0024790 secs] [Times: user=0.01 sys=0.00, real=0.00 secs] 
308.624: Total time for which application threads were stopped: 0.0038450 seconds, Stopping threads took: 0.0012990 seconds
308.673: Application time: 0.0485690 seconds
308.675: [GC308.675: [ParNew: 55870K->5146K(55872K), 0.0016580 secs] 151824K->101100K(182144K), 0.0017000 secs] [Times: user=0.01 sys=0.00, real=0.00 secs] 
308.677: Total time for which application threads were stopped: 0.0042380 seconds, Stopping threads took: 0.0024490 seconds
308.724: Application time: 0.0472780 seconds
308.727: [GC308.727: [ParNew: 54810K->6099K(55872K), 0.0019170 secs] 150764K->102110K(182144K), 0.0019610 secs] [Times: user=0.02 sys=0.00, real=0.00 secs] 
308.729: Total time for which application threads were stopped: 0.0043450 seconds, Stopping threads took: 0.0023170 seconds
308.777: Application time: 0.0479450 seconds
308.778: [GC308.778: [ParNew: 55763K->5977K(55872K), 0.0018380 secs] 151774K->102045K(182144K), 0.0018810 secs] [Times: user=0.01 sys=0.00, real=0.00 secs] 
308.780: Total time for which application threads were stopped: 0.0033400 seconds, Stopping threads took: 0.0013700 seconds
308.829: Application time: 0.0489930 seconds
308.832: [GC308.832: [ParNew: 55641K->5869K(55872K), 0.0019540 secs] 151709K->101937K(182144K), 0.0019960 secs] [Times: user=0.02 sys=0.00, real=0.01 secs] 
308.834: Total time for which application threads were stopped: 0.0047400 seconds, Stopping threads took: 0.0026690 seconds
308.881: Application time: 0.0472230 seconds
308.883: [GC308.883: [ParNew: 55533K->6206K(55872K), 0.0022050 secs] 151601K->102663K(182144K), 0.0022570 secs] [Times: user=0.02 sys=0.00, real=0.00 secs] 
308.885: Total time for which application threads were stopped: 0.0043960 seconds, Stopping threads took: 0.0020720 seconds
308.933: Application time: 0.0474710 seconds
308.935: [GC308.935: [ParNew: 55870K->6206K(55872K), 0.0022320 secs] 152327K->103438K(182144K), 0.0022730 secs] [Times: user=0.02 sys=0.00, real=0.00 secs] 
308.937: Total time for which application threads were stopped: 0.0041270 seconds, Stopping threads took: 0.0017880 seconds
308.987: Application time: 0.0497400 seconds
308.989: [GC308.989: [ParNew: 55870K->5381K(55872K), 0.0017700 secs] 153102K->102642K(182144K), 0.0018090 secs] [Times: user=0.02 sys=0.00, real=0.00 secs] 
308.990: Total time for which application threads were stopped: 0.0036760 seconds, Stopping threads took: 0.0017950 seconds
309.038: Application time: 0.0479520 seconds
309.041: [GC309.041: [ParNew: 55045K->6206K(55872K), 0.0023090 secs] 152306K->104672K(182144K), 0.0023550 secs] [Times: user=0.02 sys=0.00, real=0.00 secs] 
309.044: Total time for which application threads were stopped: 0.0055250 seconds, Stopping threads took: 0.0031030 seconds
309.093: Application time: 0.0494100 seconds
309.095: [GC309.095: [ParNew: 55870K->4967K(55872K), 0.0017590 secs] 154336K->103433K(182144K), 0.0018020 secs] [Times: user=0.01 sys=0.00, real=0.00 secs] 
309.097: Total time for which application threads were stopped: 0.0036920 seconds, Stopping threads took: 0.0018240 seconds
309.146: Application time: 0.0491970 seconds
309.148: [GC309.148: [ParNew: 54631K->6207K(55872K), 0.0039840 secs] 153097K->104724K(182144K), 0.0040340 secs] [Times: user=0.03 sys=0.00, real=0.00 secs] 
309.152: Total time for which application threads were stopped: 0.0057680 seconds, Stopping threads took: 0.0016660 seconds
309.203: Application time: 0.0510480 seconds
309.205: [GC309.205: [ParNew: 55871K->6206K(55872K), 0.0024590 secs] 154388K->105562K(182144K), 0.0025080 secs] [Times: user=0.02 sys=0.00, real=0.00 secs] 
309.208: Total time for which application threads were stopped: 0.0047570 seconds, Stopping threads took: 0.0021830 seconds
309.253: Application time: 0.0457280 seconds
309.256: [GC309.256: [ParNew: 55870K->6207K(55872K), 0.0026590 secs] 155226K->107277K(182144K), 0.0027110 secs] [Times: user=0.01 sys=0.00, real=0.00 secs] 
309.259: Total time for which application threads were stopped: 0.0053890 seconds, Stopping threads took: 0.0026080 seconds
309.305: Application time: 0.0465240 seconds
309.307: [GC309.307: [ParNew: 55871K->6206K(55872K), 0.0021450 secs] 156941K->107838K(182144K), 0.0021930 secs] [Times: user=0.02 sys=0.00, real=0.00 secs] 
309.310: Total time for which application threads were stopped: 0.0042270 seconds, Stopping threads took: 0.0019690 seconds
309.359: Application time: 0.0490310 seconds
309.360: [GC309.360: [ParNew: 55870K->6207K(55872K), 0.0021640 secs] 157502K->108384K(182144K), 0.0022090 secs] [Times: user=0.01 sys=0.00, real=0.01 secs] 
309.363: Total time for which application threads were stopped: 0.0038660 seconds, Stopping threads took: 0.0015820 seconds
309.410: Application time: 0.0475600 seconds
309.411: [GC309.411: [ParNew: 55871K->5724K(55872K), 0.0017410 secs] 158048K->107929K(182144K), 0.0017820 secs] [Times: user=0.01 sys=0.00, real=0.00 secs] 
309.413: Total time for which application threads were stopped: 0.0027310 seconds, Stopping threads took: 0.0008820 seconds
309.461: Application time: 0.0484980 seconds
309.464: [GC309.464: [ParNew: 55388K->6206K(55872K), 0.0021650 secs] 157593K->108602K(182144K), 0.0022090 secs] [Times: user=0.02 sys=0.00, real=0.00 secs] 
309.466: Total time for which application threads were stopped: 0.0044470 seconds, Stopping threads took: 0.0021500 seconds
309.514: Application time: 0.0484020 seconds
309.517: [GC309.517: [ParNew: 55870K->5674K(55872K), 0.0019820 secs] 158266K->108126K(182144K), 0.0020260 secs] [Times: user=0.01 sys=0.00, real=0.00 secs] 
309.519: Total time for which application threads were stopped: 0.0051910 seconds, Stopping threads took: 0.0030940 seconds
309.568: Application time: 0.0490940 seconds
309.571: [GC309.571: [ParNew: 55338K->6207K(55872K), 0.0021820 secs] 157790K->108851K(182144K), 0.0022280 secs] [Times: user=0.02 sys=0.00, real=0.00 secs] 
309.573: Total time for which application threads were stopped: 0.0047300 seconds, Stopping threads took: 0.0024140 seconds
309.624: Application time: 0.0503240 seconds
309.624: [GC309.624: [ParNew: 55871K->5442K(55872K), 0.0018400 secs] 158515K->108086K(182144K), 0.0018820 secs] [Times: user=0.02 sys=0.00, real=0.00 secs] 
309.626: Total time for which application threads were stopped: 0.0025460 seconds, Stopping threads took: 0.0005790 seconds
309.673: Application time: 0.0471560 seconds
309.675: [GC309.675: [ParNew: 55106K->6206K(55872K), 0.0023040 secs] 157750K->109574K(182144K), 0.0023490 secs] [Times: user=0.02 sys=0.00, real=0.00 secs] 
309.677: Total time for which application threads were stopped: 0.0041030 seconds, Stopping threads took: 0.0016860 seconds
309.725: Application time: 0.0480940 seconds
309.728: [GC309.728: [ParNew: 55870K->5778K(55872K), 0.0017830 secs] 159238K->109145K(182144K), 0.0018270 secs] [Times: user=0.01 sys=0.00, real=0.00 secs] 
309.730: Total time for which application threads were stopped: 0.0044920 seconds, Stopping threads took: 0.0025900 seconds
309.778: Application time: 0.0481970 seconds
309.780: [GC309.780: [ParNew: 55442K->5651K(55872K), 0.0019700 secs] 158809K->109047K(182144K), 0.0020110 secs] [Times: user=0.01 sys=0.01, real=0.01 secs] 
309.782: Total time for which application threads were stopped: 0.0038670 seconds, Stopping threads took: 0.0017710 seconds
309.831: Application time: 0.0490180 seconds
309.835: [GC309.835: [ParNew: 55315K->5069K(55872K), 0.0018340 secs] 158711K->108494K(182144K), 0.0018740 secs] [Times: user=0.02 sys=0.00, real=0.00 secs] 
309.836: Total time for which application threads were stopped: 0.0054330 seconds, Stopping threads took: 0.0034720 seconds
309.886: Application time: 0.0496070 seconds
309.887: [GC309.887: [ParNew: 54733K->2791K(55872K), 0.0011410 secs] 158158K->106273K(182144K), 0.0011730 secs] [Times: user=0.01 sys=0.00, real=0.00 secs] 
309.888: Total time for which application threads were stopped: 0.0017990 seconds, Stopping threads took: 0.0005700 seconds
309.937: Application time: 0.0486780 seconds
309.938: [GC309.938: [ParNew: 52455K->6206K(55872K), 0.0022890 secs] 155937K->110355K(182144K), 0.0023290 secs] [Times: user=0.02 sys=0.00, real=0.00 secs] 
309.940: Total time for which application threads were stopped: 0.0037500 seconds, Stopping threads took: 0.0013440 seconds
309.991: Application time: 0.0503190 seconds
309.992: [GC309.992: [ParNew: 55870K->6206K(55872K), 0.0021160 secs] 160019K->110570K(182144K), 0.0021570 secs] [Times: user=0.01 sys=0.00, real=0.01 secs] 
309.994: Total time for which application threads were stopped: 0.0038860 seconds, Stopping threads took: 0.0016650 seconds
310.042: Application time: 0.0475710 seconds
310.045: [GC310.045: [ParNew: 55870K->6206K(55872K), 0.0019110 secs] 160234K->110814K(182144K), 0.0019560 secs] [Times: user=0.01 sys=0.00, real=0.00 secs] 
310.047: Total time for which application threads were stopped: 0.0049770 seconds, Stopping threads took: 0.0029430 seconds
310.095: Application time: 0.0477290 seconds
310.097: [GC310.097: [ParNew: 55870K->6011K(55872K), 0.0020320 secs] 160478K->110675K(182144K), 0.0020760 secs] [Times: user=0.02 sys=0.00, real=0.00 secs] 
310.099: Total time for which application threads were stopped: 0.0041000 seconds, Stopping threads took: 0.0019570 seconds
310.148: Application time: 0.0492570 seconds
310.149: [GC310.149: [ParNew: 55675K->4082K(55872K), 0.0034830 secs] 160339K->108747K(182144K), 0.0035250 secs] [Times: user=0.03 sys=0.00, real=0.00 secs] 
310.153: Total time for which application threads were stopped: 0.0044140 seconds, Stopping threads took: 0.0008230 seconds
310.201: Application time: 0.0482560 seconds
310.202: [GC310.202: [ParNew: 53746K->6100K(55872K), 0.0020310 secs] 158411K->110765K(182144K), 0.0020810 secs] [Times: user=0.01 sys=0.00, real=0.00 secs] 
310.205: Total time for which application threads were stopped: 0.0036980 seconds, Stopping threads took: 0.0015530 seconds
310.251: Application time: 0.0467810 seconds
310.253: [GC310.253: [ParNew: 55764K->6067K(55872K), 0.0017870 secs] 160429K->110732K(182144K), 0.0018350 secs] [Times: user=0.02 sys=0.00, real=0.01 secs] 
310.255: Total time for which application threads were stopped: 0.0038000 seconds, Stopping threads took: 0.0019010 seconds
310.303: Application time: 0.0483200 seconds
310.306: [GC310.306: [ParNew: 55731K->5853K(55872K), 0.0021370 secs] 160396K->110547K(182144K), 0.0021790 secs] [Times: user=0.01 sys=0.00, real=0.00 secs] 
310.308: Total time for which application threads were stopped: 0.0044580 seconds, Stopping threads took: 0.0022130 seconds
310.353: Application time: 0.0447580 seconds
310.355: [GC310.355: [ParNew: 55517K->6207K(55872K), 0.0027440 secs] 160211K->112538K(182144K), 0.0027850 secs] [Times: user=0.02 sys=0.00, real=0.00 secs] 
310.358: Total time for which application threads were stopped: 0.0054520 seconds, Stopping threads took: 0.0026000 seconds
310.406: Application time: 0.0475630 seconds
310.408: [GC310.408: [ParNew: 55871K->6206K(55872K), 0.0020750 secs] 162202K->113003K(182144K), 0.0021200 secs] [Times: user=0.01 sys=0.00, real=0.00 secs] 
310.410: Total time for which application threads were stopped: 0.0041480 seconds, Stopping threads took: 0.0019620 seconds
310.457: Application time: 0.0470170 seconds
310.460: [GC310.460: [ParNew: 55870K->6207K(55872K), 0.0024420 secs] 162667K->114457K(182144K), 0.0024890 secs] [Times: user=0.02 sys=0.00, real=0.01 secs] 
310.462: Total time for which application threads were stopped: 0.0053000 seconds, Stopping threads took: 0.0027440 seconds
310.509: Application time: 0.0464820 seconds
310.512: [GC310.512: [ParNew: 55871K->6207K(55872K), 0.0023730 secs] 164121K->115844K(182144K), 0.0024140 secs] [Times: user=0.02 sys=0.00, real=0.01 secs] 
310.514: Total time for which application threads were stopped: 0.0058300 seconds, Stopping threads took: 0.0033300 seconds
310.563: Application time: 0.0486220 seconds
310.565: [GC310.565: [ParNew: 55871K->6206K(55872K), 0.0020590 secs] 165508K->116239K(182144K), 0.0021010 secs] [Times: user=0.01 sys=0.00, real=0.00 secs] 
310.567: Total time for which application threads were stopped: 0.0043780 seconds, Stopping threads took: 0.0022050 seconds
310.613: Application time: 0.0456350 seconds
310.616: [GC310.616: [ParNew: 55870K->6206K(55872K), 0.0021130 secs] 165903K->116451K(182144K), 0.0021550 secs] [Times: user=0.01 sys=0.00, real=0.00 secs] 
310.618: Total time for which application threads were stopped: 0.0047290 seconds, Stopping threads took: 0.0025100 seconds
310.665: Application time: 0.0474010 seconds
310.667: [GC310.667: [ParNew: 55870K->6207K(55872K), 0.0019790 secs] 166115K->116605K(182144K), 0.0020210 secs] [Times: user=0.02 sys=0.00, real=0.00 secs] 
310.669: Total time for which application threads were stopped: 0.0039010 seconds, Stopping threads took: 0.0018140 seconds
310.720: Application time: 0.0506790 seconds
310.721: [GC310.721: [ParNew: 55871K->5270K(55872K), 0.0017020 secs] 166269K->115668K(182144K), 0.0017430 secs] [Times: user=0.02 sys=0.00, real=0.01 secs] 
310.723: Total time for which application threads were stopped: 0.0032770 seconds, Stopping threads took: 0.0014440 seconds
310.770: Application time: 0.0472280 seconds
310.772: [GC310.772: [ParNew: 54934K->4801K(55872K), 0.0015970 secs] 165332K->115198K(182144K), 0.0016370 secs] [Times: user=0.01 sys=0.00, real=0.01 secs] 
310.774: Total time for which application threads were stopped: 0.0034280 seconds, Stopping threads took: 0.0017280 seconds
310.820: Application time: 0.0464810 seconds
310.823: [GC310.823: [ParNew: 54465K->6207K(55872K), 0.0019090 secs] 164862K->116605K(182144K), 0.0019590 secs] [Times: user=0.02 sys=0.00, real=0.00 secs] 
310.825: Total time for which application threads were stopped: 0.0043420 seconds, Stopping threads took: 0.0023160 seconds
310.871: Application time: 0.0465540 seconds
310.873: [GC310.873: [ParNew: 55871K->6207K(55872K), 0.0021990 secs] 166269K->117110K(182144K), 0.0022440 secs] [Times: user=0.01 sys=0.00, real=0.01 secs] 
310.876: Total time for which application threads were stopped: 0.0043970 seconds, Stopping threads took: 0.0020840 seconds
310.922: Application time: 0.0461810 seconds
310.924: [GC310.924: [ParNew: 55871K->6207K(55872K), 0.0023000 secs] 166774K->118153K(182144K), 0.0023470 secs] [Times: user=0.02 sys=0.00, real=0.00 secs] 
310.926: Total time for which application threads were stopped: 0.0046160 seconds, Stopping threads took: 0.0022010 seconds
310.973: Application time: 0.0467220 seconds
310.975: [GC310.975: [ParNew: 55871K->6165K(55872K), 0.0018930 secs] 167817K->118111K(182144K), 0.0019340 secs] [Times: user=0.01 sys=0.00, real=0.00 secs] 
310.977: Total time for which application threads were stopped: 0.0038750 seconds, Stopping threads took: 0.0018750 seconds
311.024: Application time: 0.0469540 seconds
311.026: [GC311.026: [ParNew: 55829K->6207K(55872K), 0.0023870 secs] 167775K->119003K(182144K), 0.0024320 secs] [Times: user=0.02 sys=0.00, real=0.00 secs] 
311.028: Total time for which application threads were stopped: 0.0043320 seconds, Stopping threads took: 0.0018320 seconds
311.077: Application time: 0.0487490 seconds
311.078: [GC311.078: [ParNew: 55871K->6207K(55872K), 0.0020460 secs] 168667K->119184K(182144K), 0.0020930 secs] [Times: user=0.02 sys=0.00, real=0.00 secs] 
311.080: Total time for which application threads were stopped: 0.0031090 seconds, Stopping threads took: 0.0009400 seconds
311.129: Application time: 0.0485350 seconds
311.130: [GC311.130: [ParNew: 55871K->6206K(55872K), 0.0021440 secs] 168848K->119794K(182144K), 0.0021840 secs] [Times: user=0.01 sys=0.00, real=0.00 secs] 
311.132: Total time for which application threads were stopped: 0.0038730 seconds, Stopping threads took: 0.0016250 seconds
311.181: Application time: 0.0484450 seconds
311.182: [GC311.182: [ParNew: 55870K->5783K(55872K), 0.0018610 secs] 169458K->119399K(182144K), 0.0019040 secs] [Times: user=0.01 sys=0.00, real=0.00 secs] 
311.184: Total time for which application threads were stopped: 0.0026100 seconds, Stopping threads took: 0.0006370 seconds
311.229: Application time: 0.0455020 seconds
311.232: [GC311.232: [ParNew: 55447K->6207K(55872K), 0.0023740 secs] 169063K->121164K(182144K), 0.0024180 secs] [Times: user=0.02 sys=0.00, real=0.01 secs] 
311.234: Total time for which application threads were stopped: 0.0050500 seconds, Stopping threads took: 0.0025670 seconds
311.281: Application time: 0.0473540 seconds
311.284: [GC311.284: [ParNew: 55871K->6207K(55872K), 0.0022240 secs] 170828K->121932K(182144K), 0.0022700 secs] [Times: user=0.02 sys=0.00, real=0.00 secs] 
311.287: Total time for which application threads were stopped: 0.0051400 seconds, Stopping threads took: 0.0028020 seconds
 CMS: abort preclean due to time 311.289: [CMS-concurrent-abortable-preclean: 0.257/5.010 secs] [Times: user=38.48 sys=0.13, real=5.01 secs] 
311.289: Application time: 0.0020810 seconds
311.292: [GC[YG occupancy: 10930 K (55872 K)]311.292: [Rescan (parallel) , 0.0002950 secs]311.292: [weak refs processing, 0.0000080 secs]311.292: [scrub string table, 0.0001120 secs] [1 CMS-remark: 115724K(126272K)] 126655K(182144K), 0.0004520 secs] [Times: user=0.00 sys=0.00, real=0.00 secs] 
311.292: Total time for which application threads were stopped: 0.0034780 seconds, Stopping threads took: 0.0029890 seconds
311.292: [CMS-concurrent-sweep-start]
311.300: [CMS-concurrent-sweep: 0.008/0.008 secs] [Times: user=0.04 sys=0.00, real=0.01 secs] 
311.300: [CMS-concurrent-reset-start]
311.300: [CMS-concurrent-reset: 0.000/0.000 secs] [Times: user=0.00 sys=0.00, real=0.00 secs] 
311.336: Application time: 0.0435230 seconds
311.338: [GC311.338: [ParNew: 55871K->6206K(55872K), 0.0024160 secs] 104688K->56543K(182144K), 0.0024560 secs] [Times: user=0.02 sys=0.00, real=0.00 secs] 
311.340: Total time for which application threads were stopped: 0.0047410 seconds, Stopping threads took: 0.0022190 seconds
311.341: Application time: 0.0001080 seconds
311.344: [GC [1 CMS-initial-mark: 50336K(126272K)] 57027K(182144K), 0.0002070 secs] [Times: user=0.00 sys=0.00, real=0.00 secs] 
311.345: Total time for which application threads were stopped: 0.0041460 seconds, Stopping threads took: 0.0039160 seconds
311.345: [CMS-concurrent-mark-start]
311.353: [CMS-concurrent-mark: 0.008/0.008 secs] [Times: user=0.04 sys=0.00, real=0.00 secs] 
311.353: [CMS-concurrent-preclean-start]
311.353: [CMS-concurrent-preclean: 0.000/0.000 secs] [Times: user=0.00 sys=0.00, real=0.00 secs] 
311.353: [CMS-concurrent-abortable-preclean-start]
311.393: Application time: 0.0487030 seconds
311.395: [GC311.395: [ParNew: 55870K->5778K(55872K), 0.0018550 secs] 106207K->56115K(182144K), 0.0018950 secs] [Times: user=0.01 sys=0.00, real=0.00 secs] 
311.397: Total time for which application threads were stopped: 0.0039810 seconds, Stopping threads took: 0.0020100 seconds
311.445: Application time: 0.0479310 seconds
311.450: [GC311.450: [ParNew: 55442K->5380K(55872K), 0.0019380 secs] 105779K->55774K(182144K), 0.0019810 secs] [Times: user=0.01 sys=0.00, real=0.00 secs] 
311.452: Total time for which application threads were stopped: 0.0062860 seconds, Stopping threads took: 0.0042400 seconds
311.498: Application time: 0.0466300 seconds
311.501: [GC311.501: [ParNew: 55044K->6207K(55872K), 0.0022810 secs] 105438K->57406K(182144K), 0.0023310 secs] [Times: user=0.01 sys=0.00, real=0.01 secs] 
311.503: Total time for which application threads were stopped: 0.0050280 seconds, Stopping threads took: 0.0026180 seconds
311.551: Application time: 0.0473180 seconds
311.552: [GC311.552: [ParNew: 55871K->5832K(55872K), 0.0018200 secs] 107070K->57030K(182144K), 0.0018620 secs] [Times: user=0.01 sys=0.00, real=0.01 secs] 
311.554: Total time for which application threads were stopped: 0.0037710 seconds, Stopping threads took: 0.0018440 seconds
311.602: Application time: 0.0479440 seconds
311.606: [GC311.606: [ParNew: 55496K->6207K(55872K), 0.0020520 secs] 106694K->57536K(182144K), 0.0020960 secs] [Times: user=0.01 sys=0.00, real=0.00 secs] 
311.608: Total time for which application threads were stopped: 0.0053170 seconds, Stopping threads took: 0.0031470 seconds
311.656: Application time: 0.0483720 seconds
311.657: [GC311.658: [ParNew: 55871K->6207K(55872K), 0.0021730 secs] 107200K->58211K(182144K), 0.0022220 secs] [Times: user=0.01 sys=0.00, real=0.00 secs] 
311.660: Total time for which application threads were stopped: 0.0037500 seconds, Stopping threads took: 0.0014590 seconds
311.707: Application time: 0.0476030 seconds
311.710: [GC311.710: [ParNew: 55871K->6207K(55872K), 0.0025490 secs] 107875K->59642K(182144K), 0.0025940 secs] [Times: user=0.01 sys=0.00, real=0.00 secs] 
311.712: Total time for which application threads were stopped: 0.0051240 seconds, Stopping threads took: 0.0024670 seconds
311.760: Application time: 0.0470870 seconds
311.762: [GC311.762: [ParNew: 55871K->6206K(55872K), 0.0020770 secs] 109306K->60054K(182144K), 0.0021220 secs] [Times: user=0.02 sys=0.00, real=0.00 secs] 
311.764: Total time for which application threads were stopped: 0.0043590 seconds, Stopping threads took: 0.0021730 seconds
311.813: Application time: 0.0492230 seconds
311.815: [GC311.815: [ParNew: 55870K->3840K(55872K), 0.0013590 secs] 109718K->57687K(182144K), 0.0013950 secs] [Times: user=0.00 sys=0.00, real=0.00 secs] 
311.816: Total time for which application threads were stopped: 0.0030690 seconds, Stopping threads took: 0.0016150 seconds
311.865: Application time: 0.0483180 seconds
311.867: [GC311.867: [ParNew: 53504K->6206K(55872K), 0.0021790 secs] 107351K->60662K(182144K), 0.0022240 secs] [Times: user=0.01 sys=0.00, real=0.00 secs] 
311.869: Total time for which application threads were stopped: 0.0047510 seconds, Stopping threads took: 0.0024610 seconds
311.918: Application time: 0.0491120 seconds
311.921: [GC311.921: [ParNew: 55870K->6206K(55872K), 0.0019510 secs] 110326K->60693K(182144K), 0.0020030 secs] [Times: user=0.01 sys=0.00, real=0.00 secs] 
311.923: Total time for which application threads were stopped: 0.0050780 seconds, Stopping threads took: 0.0030070 seconds
311.969: Application time: 0.0455640 seconds
311.971: [GC311.971: [ParNew: 55870K->5760K(55872K), 0.0017630 secs] 110357K->60304K(182144K), 0.0018070 secs] [Times: user=0.02 sys=0.00, real=0.00 secs] 
311.973: Total time for which application threads were stopped: 0.0035350 seconds, Stopping threads took: 0.0016670 seconds
312.018: Application time: 0.0453690 seconds
312.021: [GC312.021: [ParNew: 55424K->6206K(55872K), 0.0020350 secs] 109968K->61271K(182144K), 0.0020820 secs] [Times: user=0.02 sys=0.00, real=0.01 secs] 
312.023: Total time for which application threads were stopped: 0.0050300 seconds, Stopping threads took: 0.0028840 seconds
312.068: Application time: 0.0446850 seconds
312.070: [GC312.070: [ParNew: 55870K->6206K(55872K), 0.0024260 secs] 110935K->62745K(182144K), 0.0024750 secs] [Times: user=0.02 sys=0.00, real=0.00 secs] 
312.072: Total time for which application threads were stopped: 0.0044970 seconds, Stopping threads took: 0.0019530 seconds
312.114: Application time: 0.0413410 seconds
312.116: [GC312.116: [ParNew: 55870K->6206K(55872K), 0.0023810 secs] 112409K->64212K(182144K), 0.0024280 secs] [Times: user=0.02 sys=0.00, real=0.00 secs] 
312.118: Total time for which application threads were stopped: 0.0047450 seconds, Stopping threads took: 0.0022430 seconds
312.163: Application time: 0.0447690 seconds
312.166: [GC312.166: [ParNew: 55870K->6206K(55872K), 0.0020200 secs] 113876K->64654K(182144K), 0.0020610 secs] [Times: user=0.01 sys=0.00, real=0.00 secs] 
312.168: Total time for which application threads were stopped: 0.0047120 seconds, Stopping threads took: 0.0025870 seconds
312.211: Application time: 0.0431940 seconds
312.213: [GC312.213: [ParNew: 55870K->6207K(55872K), 0.0020970 secs] 114318K->65213K(182144K), 0.0021430 secs] [Times: user=0.02 sys=0.00, real=0.01 secs] 
312.215: Total time for which application threads were stopped: 0.0037820 seconds, Stopping threads took: 0.0015750 seconds
312.260: Application time: 0.0455650 seconds
312.263: [GC312.263: [ParNew: 55871K->6101K(55872K), 0.0020750 secs] 114877K->65136K(182144K), 0.0021210 secs] [Times: user=0.01 sys=0.00, real=0.00 secs] 
312.265: Total time for which application threads were stopped: 0.0044450 seconds, Stopping threads took: 0.0022630 seconds
312.310: Application time: 0.0454890 seconds
312.311: [GC312.311: [ParNew: 55765K->6206K(55872K), 0.0022580 secs] 114800K->66359K(182144K), 0.0023030 secs] [Times: user=0.02 sys=0.00, real=0.00 secs] 
312.313: Total time for which application threads were stopped: 0.0029730 seconds, Stopping threads took: 0.0006070 seconds
312.358: Application time: 0.0447350 seconds
312.360: [GC312.360: [ParNew: 55870K->6206K(55872K), 0.0021580 secs] 116023K->67415K(182144K), 0.0022010 secs] [Times: user=0.02 sys=0.00, real=0.01 secs] 
312.362: Total time for which application threads were stopped: 0.0040010 seconds, Stopping threads took: 0.0017420 seconds
312.408: Application time: 0.0463490 seconds
312.410: [GC312.410: [ParNew: 55870K->5203K(55872K), 0.0015250 secs] 117079K->66411K(182144K), 0.0015650 secs] [Times: user=0.01 sys=0.00, real=0.00 secs] 
312.412: Total time for which application threads were stopped: 0.0034450 seconds, Stopping threads took: 0.0018240 seconds
312.459: Application time: 0.0470810 seconds
312.460: [GC312.460: [ParNew: 54867K->4704K(55872K), 0.0016790 secs] 116075K->65941K(182144K), 0.0017150 secs] [Times: user=0.02 sys=0.00, real=0.01 secs] 
312.462: Total time for which application threads were stopped: 0.0032160 seconds, Stopping threads took: 0.0014470 seconds
312.509: Application time: 0.0466930 seconds
312.510: [GC312.510: [ParNew: 54368K->4356K(55872K), 0.0015000 secs] 115605K->65622K(182144K), 0.0015360 secs] [Times: user=0.01 sys=0.00, real=0.00 secs] 
312.512: Total time for which application threads were stopped: 0.0028220 seconds, Stopping threads took: 0.0012230 seconds
312.557: Application time: 0.0455000 seconds
312.559: [GC312.559: [ParNew: 54020K->6207K(55872K), 0.0022750 secs] 115286K->68551K(182144K), 0.0023200 secs] [Times: user=0.02 sys=0.00, real=0.00 secs] 
312.561: Total time for which application threads were stopped: 0.0039950 seconds, Stopping threads took: 0.0016090 seconds
312.606: Application time: 0.0449900 seconds
312.608: [GC312.608: [ParNew: 55871K->6206K(55872K), 0.0021790 secs] 118215K->69400K(182144K), 0.0022230 secs] [Times: user=0.02 sys=0.00, real=0.00 secs] 
312.610: Total time for which application threads were stopped: 0.0044150 seconds, Stopping threads took: 0.0021270 seconds
312.656: Application time: 0.0452860 seconds
312.658: [GC312.658: [ParNew: 55870K->5899K(55872K), 0.0019660 secs] 119064K->69146K(182144K), 0.0020040 secs] [Times: user=0.02 sys=0.00, real=0.00 secs] 
312.660: Total time for which application threads were stopped: 0.0038170 seconds, Stopping threads took: 0.0017310 seconds
312.703: Application time: 0.0435210 seconds
312.705: [GC312.705: [ParNew: 55563K->6206K(55872K), 0.0021700 secs] 118810K->70217K(182144K), 0.0022200 secs] [Times: user=0.01 sys=0.00, real=0.00 secs] 
312.708: Total time for which application threads were stopped: 0.0044900 seconds, Stopping threads took: 0.0022050 seconds
312.753: Application time: 0.0450570 seconds
312.755: [GC312.755: [ParNew: 55870K->6206K(55872K), 0.0024840 secs] 119881K->71817K(182144K), 0.0025360 secs] [Times: user=0.01 sys=0.00, real=0.00 secs] 
312.757: Total time for which application threads were stopped: 0.0047450 seconds, Stopping threads took: 0.0021430 seconds
312.803: Application time: 0.0452420 seconds
312.805: [GC312.805: [ParNew: 55870K->6207K(55872K), 0.0021730 secs] 121481K->72337K(182144K), 0.0022210 secs] [Times: user=0.02 sys=0.00, real=0.00 secs] 
312.807: Total time for which application threads were stopped: 0.0043380 seconds, Stopping threads took: 0.0020510 seconds
312.852: Application time: 0.0452460 seconds
312.855: [GC312.855: [ParNew: 55871K->5671K(55872K), 0.0018940 secs] 122001K->71801K(182144K), 0.0019340 secs] [Times: user=0.01 sys=0.00, real=0.00 secs] 
312.857: Total time for which application threads were stopped: 0.0043920 seconds, Stopping threads took: 0.0023940 seconds
312.901: Application time: 0.0439350 seconds
312.902: [GC312.902: [ParNew: 55335K->6207K(55872K), 0.0021640 secs] 121465K->72678K(182144K), 0.0022050 secs] [Times: user=0.01 sys=0.00, real=0.00 secs] 
312.905: Total time for which application threads were stopped: 0.0040520 seconds, Stopping threads took: 0.0017830 seconds
312.950: Application time: 0.0451600 seconds
312.952: [GC312.952: [ParNew: 55871K->5842K(55872K), 0.0018180 secs] 122342K->72341K(182144K), 0.0018600 secs] [Times: user=0.01 sys=0.00, real=0.01 secs] 
312.953: Total time for which application threads were stopped: 0.0036170 seconds, Stopping threads took: 0.0016730 seconds
313.000: Application time: 0.0462630 seconds
313.002: [GC313.002: [ParNew: 55506K->5914K(55872K), 0.0018500 secs] 122005K->72442K(182144K), 0.0018850 secs] [Times: user=0.01 sys=0.00, real=0.00 secs] 
313.004: Total time for which application threads were stopped: 0.0039700 seconds, Stopping threads took: 0.0020210 seconds
313.052: Application time: 0.0485190 seconds
313.054: [GC313.054: [ParNew: 55578K->4936K(55872K), 0.0016850 secs] 122106K->71464K(182144K), 0.0017240 secs] [Times: user=0.02 sys=0.00, real=0.00 secs] 
313.056: Total time for which application threads were stopped: 0.0037370 seconds, Stopping threads took: 0.0019280 seconds
313.098: Application time: 0.0417610 seconds
313.100: [GC313.100: [ParNew: 54600K->6207K(55872K), 0.0022370 secs] 121128K->73653K(182144K), 0.0022810 secs] [Times: user=0.02 sys=0.00, real=0.01 secs] 
313.103: Total time for which application threads were stopped: 0.0049190 seconds, Stopping threads took: 0.0025730 seconds
313.147: Application time: 0.0440130 seconds
313.148: [GC313.148: [ParNew: 55871K->6207K(55872K), 0.0025680 secs] 123317K->74796K(182144K), 0.0026250 secs] [Times: user=0.01 sys=0.00, real=0.00 secs] 
313.151: Total time for which application threads were stopped: 0.0042470 seconds, Stopping threads took: 0.0015290 seconds
313.196: Application time: 0.0454060 seconds
313.198: [GC313.198: [ParNew: 55871K->6206K(55872K), 0.0024880 secs] 124460K->76556K(182144K), 0.0025320 secs] [Times: user=0.02 sys=0.00, real=0.00 secs] 
313.201: Total time for which application threads were stopped: 0.0045720 seconds, Stopping threads took: 0.0019660 seconds
313.246: Application time: 0.0452350 seconds
313.248: [GC313.248: [ParNew: 55870K->5604K(55872K), 0.0016890 secs] 126220K->75954K(182144K), 0.0017270 secs] [Times: user=0.02 sys=0.00, real=0.00 secs] 
313.250: Total time for which application threads were stopped: 0.0039430 seconds, Stopping threads took: 0.0021550 seconds
313.294: Application time: 0.0435990 seconds
313.296: [GC313.296: [ParNew: 55268K->6207K(55872K), 0.0022580 secs] 125618K->77789K(182144K), 0.0023040 secs] [Times: user=0.01 sys=0.00, real=0.00 secs] 
313.298: Total time for which application threads were stopped: 0.0045540 seconds, Stopping threads took: 0.0021840 seconds
313.344: Application time: 0.0456500 seconds
313.346: [GC313.346: [ParNew: 55871K->6207K(55872K), 0.0022930 secs] 127453K->78990K(182144K), 0.0023370 secs] [Times: user=0.02 sys=0.00, real=0.00 secs] 
313.349: Total time for which application threads were stopped: 0.0048910 seconds, Stopping threads took: 0.0024900 seconds
313.395: Application time: 0.0462940 seconds
313.397: [GC313.397: [ParNew: 55871K->5589K(55872K), 0.0016760 secs] 128654K->78372K(182144K), 0.0017140 secs] [Times: user=0.01 sys=0.00, real=0.00 secs] 
313.398: Total time for which application threads were stopped: 0.0032960 seconds, Stopping threads took: 0.0015020 seconds
313.443: Application time: 0.0442110 seconds
313.445: [GC313.445: [ParNew: 55253K->6206K(55872K), 0.0023590 secs] 128036K->80380K(182144K), 0.0024010 secs] [Times: user=0.01 sys=0.00, real=0.00 secs] 
313.447: Total time for which application threads were stopped: 0.0044430 seconds, Stopping threads took: 0.0019760 seconds
313.492: Application time: 0.0450640 seconds
313.494: [GC313.494: [ParNew: 55870K->6207K(55872K), 0.0019960 secs] 130044K->80754K(182144K), 0.0020400 secs] [Times: user=0.02 sys=0.00, real=0.00 secs] 
313.496: Total time for which application threads were stopped: 0.0038150 seconds, Stopping threads took: 0.0017100 seconds
313.541: Application time: 0.0452270 seconds
313.543: [GC313.543: [ParNew: 55871K->5897K(55872K), 0.0019490 secs] 130418K->80473K(182144K), 0.0019900 secs] [Times: user=0.01 sys=0.00, real=0.00 secs] 
313.545: Total time for which application threads were stopped: 0.0036970 seconds, Stopping threads took: 0.0016440 seconds
313.590: Application time: 0.0449020 seconds
313.592: [GC313.592: [ParNew: 55561K->6207K(55872K), 0.0024100 secs] 130137K->81914K(182144K), 0.0024590 secs] [Times: user=0.02 sys=0.00, real=0.01 secs] 
313.594: Total time for which application threads were stopped: 0.0044660 seconds, Stopping threads took: 0.0019430 seconds
313.639: Application time: 0.0445870 seconds
313.641: [GC313.641: [ParNew: 55871K->6180K(55872K), 0.0020880 secs] 131578K->81887K(182144K), 0.0021340 secs] [Times: user=0.02 sys=0.00, real=0.01 secs] 
313.643: Total time for which application threads were stopped: 0.0040610 seconds, Stopping threads took: 0.0018390 seconds
313.693: Application time: 0.0501670 seconds
313.696: [GC313.696: [ParNew: 55844K->4572K(55872K), 0.0017520 secs] 131551K->80364K(182144K), 0.0017880 secs] [Times: user=0.02 sys=0.00, real=0.00 secs] 
313.697: Total time for which application threads were stopped: 0.0044070 seconds, Stopping threads took: 0.0025410 seconds
313.741: Application time: 0.0435540 seconds
313.743: [GC313.743: [ParNew: 54236K->6207K(55872K), 0.0023670 secs] 130028K->82934K(182144K), 0.0024100 secs] [Times: user=0.02 sys=0.00, real=0.00 secs] 
313.746: Total time for which application threads were stopped: 0.0046400 seconds, Stopping threads took: 0.0021430 seconds
313.790: Application time: 0.0447570 seconds
313.792: [GC313.792: [ParNew: 55871K->6207K(55872K), 0.0023470 secs] 132598K->83772K(182144K), 0.0024030 secs] [Times: user=0.02 sys=0.00, real=0.01 secs] 
313.794: Total time for which application threads were stopped: 0.0038320 seconds, Stopping threads took: 0.0013420 seconds
313.839: Application time: 0.0448710 seconds
313.840: [GC313.840: [ParNew: 55871K->6025K(55872K), 0.0020060 secs] 133436K->83619K(182144K), 0.0020450 secs] [Times: user=0.01 sys=0.00, real=0.01 secs] 
313.842: Total time for which application threads were stopped: 0.0031680 seconds, Stopping threads took: 0.0010380 seconds
313.886: Application time: 0.0434690 seconds
313.887: [GC313.887: [ParNew: 55689K->6207K(55872K), 0.0021750 secs] 133283K->84471K(182144K), 0.0022170 secs] [Times: user=0.02 sys=0.00, real=0.00 secs] 
313.889: Total time for which application threads were stopped: 0.0037430 seconds, Stopping threads took: 0.0014600 seconds
313.936: Application time: 0.0461100 seconds
313.937: [GC313.937: [ParNew: 55871K->4949K(55872K), 0.0016010 secs] 134135K->83212K(182144K), 0.0016400 secs] [Times: user=0.01 sys=0.00, real=0.00 secs] 
313.939: Total time for which application threads were stopped: 0.0031630 seconds, Stopping threads took: 0.0014600 seconds
313.984: Application time: 0.0449360 seconds
313.985: [GC313.985: [ParNew: 54613K->4496K(55872K), 0.0014350 secs] 132876K->82787K(182144K), 0.0014770 secs] [Times: user=0.01 sys=0.00, real=0.00 secs] 
313.987: Total time for which application threads were stopped: 0.0029130 seconds, Stopping threads took: 0.0013740 seconds
314.034: Application time: 0.0472170 seconds
314.036: [GC314.036: [ParNew: 54160K->6142K(55872K), 0.0021740 secs] 132451K->84434K(182144K), 0.0022200 secs] [Times: user=0.02 sys=0.00, real=0.00 secs] 
314.038: Total time for which application threads were stopped: 0.0042170 seconds, Stopping threads took: 0.0019080 seconds
314.082: Application time: 0.0435310 seconds
314.083: [GC314.083: [ParNew: 55806K->6207K(55872K), 0.0021410 secs] 134098K->85301K(182144K), 0.0021840 secs] [Times: user=0.01 sys=0.00, real=0.00 secs] 
314.086: Total time for which application threads were stopped: 0.0040650 seconds, Stopping threads took: 0.0018150 seconds
314.130: Application time: 0.0443930 seconds
314.131: [GC314.132: [ParNew: 55871K->6206K(55872K), 0.0020920 secs] 134965K->85985K(182144K), 0.0021340 secs] [Times: user=0.01 sys=0.00, real=0.01 secs] 
314.134: Total time for which application threads were stopped: 0.0036590 seconds, Stopping threads took: 0.0014600 seconds
314.180: Application time: 0.0467470 seconds
314.182: [GC314.182: [ParNew: 55870K->6191K(55872K), 0.0019870 secs] 135649K->86022K(182144K), 0.0020310 secs] [Times: user=0.01 sys=0.00, real=0.00 secs] 
314.184: Total time for which application threads were stopped: 0.0035170 seconds, Stopping threads took: 0.0014210 seconds
314.228: Application time: 0.0443940 seconds
314.230: [GC314.230: [ParNew: 55855K->6207K(55872K), 0.0020010 secs] 135686K->86417K(182144K), 0.0020460 secs] [Times: user=0.02 sys=0.00, real=0.00 secs] 
314.232: Total time for which application threads were stopped: 0.0036020 seconds, Stopping threads took: 0.0014710 seconds
314.277: Application time: 0.0446080 seconds
314.278: [GC314.278: [ParNew: 55871K->5991K(55872K), 0.0020030 secs] 136081K->86201K(182144K), 0.0020470 secs] [Times: user=0.01 sys=0.00, real=0.00 secs] 
314.280: Total time for which application threads were stopped: 0.0037960 seconds, Stopping threads took: 0.0016750 seconds
314.327: Application time: 0.0463700 seconds
314.329: [GC314.329: [ParNew: 55655K->6207K(55872K), 0.0022470 secs] 135865K->86729K(182144K), 0.0022910 secs] [Times: user=0.01 sys=0.00, real=0.00 secs] 
314.331: Total time for which application threads were stopped: 0.0045040 seconds, Stopping threads took: 0.0021280 seconds
314.376: Application time: 0.0449290 seconds
314.379: [GC314.379: [ParNew: 55871K->6207K(55872K), 0.0022750 secs] 136393K->87754K(182144K), 0.0023290 secs] [Times: user=0.01 sys=0.00, real=0.00 secs] 
314.381: Total time for which application threads were stopped: 0.0048610 seconds, Stopping threads took: 0.0024660 seconds
314.428: Application time: 0.0470050 seconds
314.430: [GC314.430: [ParNew: 55871K->4270K(55872K), 0.0014430 secs] 137418K->85817K(182144K), 0.0014800 secs] [Times: user=0.01 sys=0.00, real=0.00 secs] 
314.432: Total time for which application threads were stopped: 0.0038060 seconds, Stopping threads took: 0.0022660 seconds
314.476: Application time: 0.0446490 seconds
314.478: [GC314.478: [ParNew: 53934K->5695K(55872K), 0.0019740 secs] 135481K->87270K(182144K), 0.0020150 secs] [Times: user=0.02 sys=0.00, real=0.00 secs] 
314.480: Total time for which application threads were stopped: 0.0032200 seconds, Stopping threads took: 0.0011400 seconds
314.525: Application time: 0.0449810 seconds
314.526: [GC314.526: [ParNew: 55359K->6207K(55872K), 0.0024370 secs] 136934K->88765K(182144K), 0.0024790 secs] [Times: user=0.02 sys=0.00, real=0.00 secs] 
