Java HotSpot(TM) 64-Bit Server VM (24.80-b11) for linux-amd64 JRE (1.7.0_80-b15), built on Apr 10 2015 19:53:14 by "java_re" with gcc 4.3.0 20080428 (Red Hat 4.3.0-8)
Memory: 4k page, physical 8000092k(6229988k free), swap 8218620k(8218620k free)
CommandLine flags: -XX:InitialHeapSize=128001472 -XX:MaxHeapSize=2048023552 -XX:MaxNewSize=682274816 -XX:MaxTenuringThreshold=6 -XX:OldPLABSize=16 -XX:+PrintGC -XX:+PrintGCApplicationConcurrentTime -XX:+PrintGCApplicationStoppedTime -XX:+PrintGCDetails -XX:+PrintGCTimeStamps -XX:+UseCompressedOops -XX:+UseConcMarkSweepGC -XX:+UseParNewGC 
4.030: Application time: 4.0055320 seconds
4.030: Total time for which application threads were stopped: 0.0000850 seconds, Stopping threads took: 0.0000110 seconds
14.873: Application time: 10.8431020 seconds
14.873: Total time for which application threads were stopped: 0.0000330 seconds, Stopping threads took: 0.0000180 seconds
14.873: Application time: 0.0000780 seconds
14.873: Total time for which application threads were stopped: 0.0000230 seconds, Stopping threads took: 0.0000170 seconds
14.875: Application time: 0.0014980 seconds
14.875: Total time for which application threads were stopped: 0.0000110 seconds, Stopping threads took: 0.0000040 seconds
14.895: Application time: 0.0205890 seconds
14.895: Total time for which application threads were stopped: 0.0000430 seconds, Stopping threads took: 0.0000120 seconds
14.908: Application time: 0.0123690 seconds
14.908: [Full GC14.908: [CMS: 0K->3176K(83392K), 0.0145340 secs] 11089K->3176K(120896K), [CMS Perm : 5078K->5077K(21248K)], 0.0146070 secs] [Times: user=0.01 sys=0.01, real=0.01 secs] 
14.922: Total time for which application threads were stopped: 0.0146810 seconds, Stopping threads took: 0.0000180 seconds
14.922: Application time: 0.0000890 seconds
14.923: [Full GC14.923: [CMS: 3176K->3176K(83392K), 0.0087310 secs] 3176K->3176K(120960K), [CMS Perm : 5077K->5077K(21248K)], 0.0087690 secs] [Times: user=0.01 sys=0.00, real=0.01 secs] 
14.931: Total time for which application threads were stopped: 0.0088380 seconds, Stopping threads took: 0.0000190 seconds
14.932: Application time: 0.0002320 seconds
14.932: Total time for which application threads were stopped: 0.0001100 seconds, Stopping threads took: 0.0000740 seconds
14.932: Application time: 0.0000870 seconds
14.932: Total time for which application threads were stopped: 0.0000290 seconds, Stopping threads took: 0.0000220 seconds
14.932: Application time: 0.0000830 seconds
14.932: Total time for which application threads were stopped: 0.0000530 seconds, Stopping threads took: 0.0000330 seconds
14.932: Application time: 0.0000340 seconds
14.932: Total time for which application threads were stopped: 0.0000190 seconds, Stopping threads took: 0.0000150 seconds
14.932: Application time: 0.0000290 seconds
14.932: Total time for which application threads were stopped: 0.0000180 seconds, Stopping threads took: 0.0000140 seconds
14.932: Application time: 0.0000290 seconds
14.932: Total time for which application threads were stopped: 0.0000190 seconds, Stopping threads took: 0.0000150 seconds
14.932: Application time: 0.0000270 seconds
14.932: Total time for which application threads were stopped: 0.0000150 seconds, Stopping threads took: 0.0000110 seconds
14.932: Application time: 0.0000260 seconds
14.932: Total time for which application threads were stopped: 0.0000140 seconds, Stopping threads took: 0.0000100 seconds
14.932: Application time: 0.0000110 seconds
14.932: Total time for which application threads were stopped: 0.0000070 seconds, Stopping threads took: 0.0000040 seconds
14.932: Application time: 0.0000110 seconds
14.932: Total time for which application threads were stopped: 0.0000140 seconds, Stopping threads took: 0.0000100 seconds
14.932: Application time: 0.0000100 seconds
14.932: Total time for which application threads were stopped: 0.0000120 seconds, Stopping threads took: 0.0000090 seconds
14.932: Application time: 0.0000110 seconds
14.932: Total time for which application threads were stopped: 0.0000120 seconds, Stopping threads took: 0.0000080 seconds
14.932: Application time: 0.0000110 seconds
14.932: Total time for which application threads were stopped: 0.0000120 seconds, Stopping threads took: 0.0000080 seconds
14.932: Application time: 0.0000100 seconds
14.932: Total time for which application threads were stopped: 0.0000120 seconds, Stopping threads took: 0.0000080 seconds
14.932: Application time: 0.0000110 seconds
14.932: Total time for which application threads were stopped: 0.0000060 seconds, Stopping threads took: 0.0000030 seconds
14.932: Application time: 0.0000100 seconds
14.932: Total time for which application threads were stopped: 0.0000120 seconds, Stopping threads took: 0.0000090 seconds
14.932: Application time: 0.0000100 seconds
14.932: Total time for which application threads were stopped: 0.0000120 seconds, Stopping threads took: 0.0000080 seconds
14.932: Application time: 0.0000120 seconds
14.932: Total time for which application threads were stopped: 0.0000120 seconds, Stopping threads took: 0.0000080 seconds
14.932: Application time: 0.0000100 seconds
14.932: Total time for which application threads were stopped: 0.0000110 seconds, Stopping threads took: 0.0000080 seconds
14.932: Application time: 0.0000110 seconds
14.932: Total time for which application threads were stopped: 0.0000190 seconds, Stopping threads took: 0.0000090 seconds
14.959: Application time: 0.0270590 seconds
14.960: Total time for which application threads were stopped: 0.0000580 seconds, Stopping threads took: 0.0000130 seconds
14.963: Application time: 0.0033590 seconds
14.963: Total time for which application threads were stopped: 0.0000270 seconds, Stopping threads took: 0.0000090 seconds
14.981: Application time: 0.0175880 seconds
14.981: Total time for which application threads were stopped: 0.0000330 seconds, Stopping threads took: 0.0000110 seconds
14.999: Application time: 0.0180760 seconds
14.999: Total time for which application threads were stopped: 0.0000300 seconds, Stopping threads took: 0.0000210 seconds
14.999: Application time: 0.0002120 seconds
14.999: Total time for which application threads were stopped: 0.0000500 seconds, Stopping threads took: 0.0000400 seconds
14.999: Application time: 0.0005050 seconds
14.999: Total time for which application threads were stopped: 0.0000250 seconds, Stopping threads took: 0.0000160 seconds
15.000: Application time: 0.0000290 seconds
15.000: Total time for which application threads were stopped: 0.0000310 seconds, Stopping threads took: 0.0000210 seconds
15.000: Application time: 0.0000420 seconds
15.000: Total time for which application threads were stopped: 0.0000270 seconds, Stopping threads took: 0.0000180 seconds
15.000: Application time: 0.0000400 seconds
15.000: Total time for which application threads were stopped: 0.0000300 seconds, Stopping threads took: 0.0000220 seconds
15.000: Application time: 0.0006160 seconds
15.000: Total time for which application threads were stopped: 0.0000280 seconds, Stopping threads took: 0.0000180 seconds
15.000: Application time: 0.0000440 seconds
15.000: Total time for which application threads were stopped: 0.0000300 seconds, Stopping threads took: 0.0000200 seconds
15.000: Application time: 0.0000240 seconds
15.000: Total time for which application threads were stopped: 0.0000330 seconds, Stopping threads took: 0.0000230 seconds
15.001: Application time: 0.0001210 seconds
15.001: Total time for which application threads were stopped: 0.0000090 seconds, Stopping threads took: 0.0000030 seconds
15.001: Application time: 0.0000110 seconds
15.001: Total time for which application threads were stopped: 0.0000080 seconds, Stopping threads took: 0.0000030 seconds
15.001: Application time: 0.0000120 seconds
15.001: Total time for which application threads were stopped: 0.0000070 seconds, Stopping threads took: 0.0000020 seconds
15.001: Application time: 0.0000160 seconds
15.001: Total time for which application threads were stopped: 0.0000070 seconds, Stopping threads took: 0.0000030 seconds
15.001: Application time: 0.0001050 seconds
15.001: Total time for which application threads were stopped: 0.0000080 seconds, Stopping threads took: 0.0000030 seconds
15.001: Application time: 0.0002900 seconds
15.001: Total time for which application threads were stopped: 0.0000360 seconds, Stopping threads took: 0.0000250 seconds
15.004: Application time: 0.0031350 seconds
15.004: Total time for which application threads were stopped: 0.0000490 seconds, Stopping threads took: 0.0000340 seconds
15.005: Application time: 0.0002580 seconds
15.005: Total time for which application threads were stopped: 0.0000540 seconds, Stopping threads took: 0.0000430 seconds
15.005: Application time: 0.0004000 seconds
15.005: Total time for which application threads were stopped: 0.0000160 seconds, Stopping threads took: 0.0000070 seconds
15.005: Application time: 0.0000340 seconds
15.005: Total time for which application threads were stopped: 0.0000310 seconds, Stopping threads took: 0.0000220 seconds
15.028: Application time: 0.0231880 seconds
15.028: Total time for which application threads were stopped: 0.0000300 seconds, Stopping threads took: 0.0000100 seconds
15.028: Application time: 0.0001380 seconds
15.028: Total time for which application threads were stopped: 0.0000570 seconds, Stopping threads took: 0.0000220 seconds
15.029: Application time: 0.0000800 seconds
15.029: Total time for which application threads were stopped: 0.0000150 seconds, Stopping threads took: 0.0000040 seconds
15.029: Application time: 0.0001610 seconds
15.029: Total time for which application threads were stopped: 0.0000220 seconds, Stopping threads took: 0.0000130 seconds
15.029: Application time: 0.0000960 seconds
15.029: Total time for which application threads were stopped: 0.0000250 seconds, Stopping threads took: 0.0000140 seconds
15.029: Application time: 0.0000510 seconds
15.029: Total time for which application threads were stopped: 0.0000260 seconds, Stopping threads took: 0.0000170 seconds
15.029: Application time: 0.0003240 seconds
15.029: Total time for which application threads were stopped: 0.0000290 seconds, Stopping threads took: 0.0000170 seconds
15.049: Application time: 0.0200390 seconds
15.049: Total time for which application threads were stopped: 0.0000580 seconds, Stopping threads took: 0.0000330 seconds
15.051: Application time: 0.0011460 seconds
15.051: Total time for which application threads were stopped: 0.0000470 seconds, Stopping threads took: 0.0000120 seconds
15.052: Application time: 0.0009260 seconds
15.052: Total time for which application threads were stopped: 0.0000400 seconds, Stopping threads took: 0.0000270 seconds
15.052: Application time: 0.0001370 seconds
15.052: Total time for which application threads were stopped: 0.0000610 seconds, Stopping threads took: 0.0000270 seconds
15.112: Application time: 0.0599270 seconds
15.112: [GC15.112: [ParNew: 33391K->4160K(37568K), 0.0051450 secs] 36568K->21109K(120960K), 0.0051880 secs] [Times: user=0.01 sys=0.02, real=0.01 secs] 
15.117: Total time for which application threads were stopped: 0.0053680 seconds, Stopping threads took: 0.0000930 seconds
15.124: Application time: 0.0064620 seconds
15.124: Total time for which application threads were stopped: 0.0002330 seconds, Stopping threads took: 0.0002030 seconds
15.124: Application time: 0.0000390 seconds
15.124: Total time for which application threads were stopped: 0.0001190 seconds, Stopping threads took: 0.0001100 seconds
15.124: Application time: 0.0000180 seconds
15.124: Total time for which application threads were stopped: 0.0000480 seconds, Stopping threads took: 0.0000410 seconds
15.124: Application time: 0.0000150 seconds
15.124: Total time for which application threads were stopped: 0.0000310 seconds, Stopping threads took: 0.0000240 seconds
15.124: Application time: 0.0000170 seconds
15.124: Total time for which application threads were stopped: 0.0000320 seconds, Stopping threads took: 0.0000250 seconds
15.124: Application time: 0.0000140 seconds
15.124: Total time for which application threads were stopped: 0.0000260 seconds, Stopping threads took: 0.0000190 seconds
15.124: Application time: 0.0000130 seconds
15.124: Total time for which application threads were stopped: 0.0000270 seconds, Stopping threads took: 0.0000200 seconds
15.124: Application time: 0.0000120 seconds
15.124: Total time for which application threads were stopped: 0.0000250 seconds, Stopping threads took: 0.0000190 seconds
15.124: Application time: 0.0000120 seconds
15.124: Total time for which application threads were stopped: 0.0000300 seconds, Stopping threads took: 0.0000230 seconds
15.124: Application time: 0.0000110 seconds
15.124: Total time for which application threads were stopped: 0.0000270 seconds, Stopping threads took: 0.0000220 seconds
15.124: Application time: 0.0000120 seconds
15.124: Total time for which application threads were stopped: 0.0000280 seconds, Stopping threads took: 0.0000210 seconds
15.124: Application time: 0.0000110 seconds
15.124: Total time for which application threads were stopped: 0.0000200 seconds, Stopping threads took: 0.0000150 seconds
15.124: Application time: 0.0000110 seconds
15.124: Total time for which application threads were stopped: 0.0000250 seconds, Stopping threads took: 0.0000190 seconds
15.124: Application time: 0.0000120 seconds
15.125: Total time for which application threads were stopped: 0.0000260 seconds, Stopping threads took: 0.0000210 seconds
15.125: Application time: 0.0000120 seconds
15.125: Total time for which application threads were stopped: 0.0000260 seconds, Stopping threads took: 0.0000200 seconds
15.125: Application time: 0.0000130 seconds
15.125: Total time for which application threads were stopped: 0.0000180 seconds, Stopping threads took: 0.0000130 seconds
15.125: Application time: 0.0000130 seconds
15.125: Total time for which application threads were stopped: 0.0000280 seconds, Stopping threads took: 0.0000220 seconds
15.125: Application time: 0.0000120 seconds
15.125: Total time for which application threads were stopped: 0.0000250 seconds, Stopping threads took: 0.0000190 seconds
15.125: Application time: 0.0000150 seconds
15.125: Total time for which application threads were stopped: 0.0000300 seconds, Stopping threads took: 0.0000230 seconds
15.125: Application time: 0.0000120 seconds
15.125: Total time for which application threads were stopped: 0.0000690 seconds, Stopping threads took: 0.0000210 seconds
15.125: Application time: 0.0000540 seconds
15.127: Total time for which application threads were stopped: 0.0019830 seconds, Stopping threads took: 0.0019760 seconds
15.127: Application time: 0.0000580 seconds
15.131: Total time for which application threads were stopped: 0.0038170 seconds, Stopping threads took: 0.0038100 seconds
15.131: Application time: 0.0000240 seconds
15.131: Total time for which application threads were stopped: 0.0000240 seconds, Stopping threads took: 0.0000180 seconds
15.131: Application time: 0.0001620 seconds
15.131: Total time for which application threads were stopped: 0.0000380 seconds, Stopping threads took: 0.0000300 seconds
15.136: Application time: 0.0045710 seconds
15.136: [GC15.136: [ParNew: 37221K->3880K(37568K), 0.0037780 secs] 54170K->32116K(120960K), 0.0038210 secs] [Times: user=0.03 sys=0.00, real=0.00 secs] 
15.140: Total time for which application threads were stopped: 0.0040820 seconds, Stopping threads took: 0.0001930 seconds
15.150: Application time: 0.0107630 seconds
15.151: [GC15.151: [ParNew: 36599K->3608K(37568K), 0.0031450 secs] 64835K->41108K(120960K), 0.0031880 secs] [Times: user=0.01 sys=0.01, real=0.00 secs] 
15.154: Total time for which application threads were stopped: 0.0036200 seconds, Stopping threads took: 0.0003510 seconds
15.165: Application time: 0.0105550 seconds
15.165: [GC15.165: [ParNew: 36762K->3568K(37568K), 0.0031530 secs] 74262K->50331K(120960K), 0.0031960 secs] [Times: user=0.01 sys=0.01, real=0.00 secs] 
15.168: Total time for which application threads were stopped: 0.0033930 seconds, Stopping threads took: 0.0001250 seconds
15.168: Application time: 0.0000430 seconds
15.168: [GC [1 CMS-initial-mark: 46762K(83392K)] 51043K(120960K), 0.0001090 secs] [Times: user=0.00 sys=0.00, real=0.00 secs] 
15.168: Total time for which application threads were stopped: 0.0002830 seconds, Stopping threads took: 0.0001430 seconds
15.168: [CMS-concurrent-mark-start]
15.179: [CMS-concurrent-mark: 0.010/0.010 secs] [Times: user=0.08 sys=0.00, real=0.01 secs] 
15.179: [CMS-concurrent-preclean-start]
15.179: [CMS-concurrent-preclean: 0.000/0.000 secs] [Times: user=0.00 sys=0.00, real=0.00 secs] 
15.179: [CMS-concurrent-abortable-preclean-start]
15.180: Application time: 0.0114470 seconds
15.180: [GC15.180: [ParNew: 36644K->3568K(37568K), 0.0023390 secs] 83407K->56031K(120960K), 0.0023700 secs] [Times: user=0.01 sys=0.01, real=0.00 secs] 
15.182: Total time for which application threads were stopped: 0.0024710 seconds, Stopping threads took: 0.0000390 seconds
15.193: Application time: 0.0108450 seconds
15.193: [GC15.193: [ParNew: 36542K->3576K(37568K), 0.0034040 secs] 89005K->67439K(120960K), 0.0034490 secs] [Times: user=0.01 sys=0.02, real=0.01 secs] 
15.197: Total time for which application threads were stopped: 0.0037690 seconds, Stopping threads took: 0.0002490 seconds
15.209: Application time: 0.0119270 seconds
15.209: [GC15.209: [ParNew: 36482K->3578K(37568K), 0.0034280 secs] 100345K->78842K(120960K), 0.0034720 secs] [Times: user=0.01 sys=0.01, real=0.00 secs] 
15.213: Total time for which application threads were stopped: 0.0039000 seconds, Stopping threads took: 0.0003550 seconds
15.224: Application time: 0.0116090 seconds
15.225: [GC15.225: [ParNew: 36439K->3572K(37568K), 0.0036110 secs] 111703K->90239K(125256K), 0.0036540 secs] [Times: user=0.03 sys=0.00, real=0.00 secs] 
15.228: Total time for which application threads were stopped: 0.0040410 seconds, Stopping threads took: 0.0003120 seconds
15.240: Application time: 0.0114450 seconds
15.240: [GC15.240: [ParNew: 36410K->3570K(37568K), 0.0035780 secs] 123077K->100215K(135280K), 0.0036220 secs] [Times: user=0.02 sys=0.01, real=0.01 secs] 
15.244: Total time for which application threads were stopped: 0.0041410 seconds, Stopping threads took: 0.0004440 seconds
15.254: Application time: 0.0104390 seconds
15.255: [GC15.255: [ParNew: 36383K->3566K(37568K), 0.0035470 secs] 133027K->111612K(146736K), 0.0035890 secs] [Times: user=0.02 sys=0.01, real=0.01 secs] 
15.258: Total time for which application threads were stopped: 0.0039190 seconds, Stopping threads took: 0.0002570 seconds
15.269: Application time: 0.0103960 seconds
15.269: [GC15.269: [ParNew: 36366K->3568K(37568K), 0.0032940 secs] 144412K->121589K(156760K), 0.0033350 secs] [Times: user=0.02 sys=0.00, real=0.00 secs] 
15.272: Total time for which application threads were stopped: 0.0036260 seconds, Stopping threads took: 0.0002180 seconds
15.284: Application time: 0.0115440 seconds
15.285: [GC15.285: [ParNew: 36369K->3576K(37568K), 0.0034370 secs] 154390K->132285K(167500K), 0.0034750 secs] [Times: user=0.02 sys=0.01, real=0.00 secs] 
15.288: Total time for which application threads were stopped: 0.0043140 seconds, Stopping threads took: 0.0007700 seconds
15.299: Application time: 0.0107910 seconds
15.299: [GC15.299: [ParNew: 36368K->3562K(37568K), 0.0032560 secs] 165077K->142247K(176808K), 0.0033030 secs] [Times: user=0.02 sys=0.01, real=0.00 secs] 
15.303: Total time for which application threads were stopped: 0.0035190 seconds, Stopping threads took: 0.0001470 seconds
15.314: Application time: 0.0119140 seconds
15.315: [GC15.315: [ParNew: 36393K->3578K(37568K), 0.0038700 secs] 175077K->152951K(187548K), 0.0039100 secs] [Times: user=0.03 sys=0.00, real=0.01 secs] 
15.319: Total time for which application threads were stopped: 0.0041020 seconds, Stopping threads took: 0.0001210 seconds
15.328: Application time: 0.0095670 seconds
15.329: [GC15.329: [ParNew: 36384K->3574K(37568K), 0.0034910 secs] 185757K->164352K(199004K), 0.0035310 secs] [Times: user=0.02 sys=0.01, real=0.00 secs] 
15.332: Total time for which application threads were stopped: 0.0041730 seconds, Stopping threads took: 0.0005720 seconds
15.343: Application time: 0.0106240 seconds
15.343: [GC15.343: [ParNew: 36369K->3568K(37568K), 0.0035040 secs] 197146K->175036K(209744K), 0.0035460 secs] [Times: user=0.02 sys=0.01, real=0.00 secs] 
15.347: Total time for which application threads were stopped: 0.0039280 seconds, Stopping threads took: 0.0003120 seconds
15.357: Application time: 0.0101660 seconds
15.357: [GC15.357: [ParNew: 36370K->3573K(37568K), 0.0034280 secs] 207838K->185729K(220484K), 0.0034700 secs] [Times: user=0.01 sys=0.01, real=0.00 secs] 
15.361: Total time for which application threads were stopped: 0.0038870 seconds, Stopping threads took: 0.0003430 seconds
15.372: Application time: 0.0114310 seconds
15.373: [GC15.373: [ParNew: 36369K->3563K(37568K), 0.0037050 secs] 218526K->197835K(232656K), 0.0037460 secs] [Times: user=0.03 sys=0.00, real=0.01 secs] 
15.377: Total time for which application threads were stopped: 0.0041900 seconds, Stopping threads took: 0.0003700 seconds
15.389: Application time: 0.0122110 seconds
15.389: [GC15.389: [ParNew: 36360K->3569K(37568K), 0.0035390 secs] 230632K->209243K(244112K), 0.0035800 secs] [Times: user=0.03 sys=0.00, real=0.00 secs] 
15.393: Total time for which application threads were stopped: 0.0040310 seconds, Stopping threads took: 0.0003670 seconds
15.403: Application time: 0.0104480 seconds
15.404: [GC15.404: [ParNew: 36371K->3571K(37568K), 0.0031820 secs] 242045K->218510K(253420K), 0.0032210 secs] [Times: user=0.02 sys=0.00, real=0.00 secs] 
15.407: Total time for which application threads were stopped: 0.0036010 seconds, Stopping threads took: 0.0003080 seconds
15.418: Application time: 0.0107790 seconds
15.418: [GC15.418: [ParNew: 36391K->3577K(37568K), 0.0036560 secs] 251330K->229919K(264876K), 0.0036950 secs] [Times: user=0.02 sys=0.00, real=0.00 secs] 
15.422: Total time for which application threads were stopped: 0.0038480 seconds, Stopping threads took: 0.0000830 seconds
15.432: Application time: 0.0105860 seconds
15.432: [GC15.432: [ParNew: 36382K->3571K(37568K), 0.0036360 secs] 262724K->240606K(275616K), 0.0036790 secs] [Times: user=0.02 sys=0.01, real=0.01 secs] 
15.436: Total time for which application threads were stopped: 0.0038260 seconds, Stopping threads took: 0.0000760 seconds
15.446: Application time: 0.0097220 seconds
15.446: [GC15.446: [ParNew: 36367K->3563K(37568K), 0.0034620 secs] 273402K->251289K(286356K), 0.0035030 secs] [Times: user=0.01 sys=0.01, real=0.00 secs] 
15.449: Total time for which application threads were stopped: 0.0036900 seconds, Stopping threads took: 0.0001160 seconds
15.460: Application time: 0.0107090 seconds
15.460: [GC15.460: [ParNew: 36368K->3575K(37568K), 0.0038210 secs] 284093K->262703K(297812K), 0.0038610 secs] [Times: user=0.01 sys=0.01, real=0.01 secs] 
15.464: Total time for which application threads were stopped: 0.0042350 seconds, Stopping threads took: 0.0003000 seconds
15.475: Application time: 0.0106800 seconds
15.475: [GC15.475: [ParNew: 36385K->3579K(37568K), 0.0036440 secs] 295514K->273397K(308552K), 0.0036920 secs] [Times: user=0.02 sys=0.01, real=0.00 secs] 
15.479: Total time for which application threads were stopped: 0.0038150 seconds, Stopping threads took: 0.0000540 seconds
15.490: Application time: 0.0108130 seconds
15.490: [GC15.490: [ParNew: 36375K->3569K(37568K), 0.0035630 secs] 306194K->284078K(319292K), 0.0036080 secs] [Times: user=0.02 sys=0.01, real=0.00 secs] 
15.494: Total time for which application threads were stopped: 0.0038550 seconds, Stopping threads took: 0.0001730 seconds
15.506: Application time: 0.0127180 seconds
15.506: [GC15.507: [ParNew: 36364K->3563K(37568K), 0.0036760 secs] 316874K->294761K(329316K), 0.0037190 secs] [Times: user=0.02 sys=0.01, real=0.00 secs] 
15.510: Total time for which application threads were stopped: 0.0039850 seconds, Stopping threads took: 0.0001940 seconds
15.521: Application time: 0.0111860 seconds
15.522: [GC15.522: [ParNew: 36357K->3572K(37568K), 0.0031290 secs] 327555K->304034K(338624K), 0.0031700 secs] [Times: user=0.02 sys=0.00, real=0.01 secs] 
15.525: Total time for which application threads were stopped: 0.0036450 seconds, Stopping threads took: 0.0004010 seconds
15.536: Application time: 0.0113940 seconds
15.537: [GC15.537: [ParNew: 36414K->3582K(37568K), 0.0029300 secs] 336875K->311169K(345784K), 0.0029790 secs] [Times: user=0.01 sys=0.00, real=0.00 secs] 
15.540: Total time for which application threads were stopped: 0.0031540 seconds, Stopping threads took: 0.0001110 seconds
15.549: Application time: 0.0098480 seconds
15.550: [GC15.550: [ParNew: 36395K->3572K(37568K), 0.0033120 secs] 343982K->320426K(355092K), 0.0033550 secs] [Times: user=0.02 sys=0.00, real=0.00 secs] 
15.553: Total time for which application threads were stopped: 0.0038050 seconds, Stopping threads took: 0.0003800 seconds
15.633: Application time: 0.0793880 seconds
15.633: [GC15.633: [ParNew: 36400K->3578K(37568K), 0.0041500 secs] 353254K->333261K(367980K), 0.0041910 secs] [Times: user=0.02 sys=0.02, real=0.01 secs] 
15.637: Total time for which application threads were stopped: 0.0043410 seconds, Stopping threads took: 0.0000790 seconds
15.790: Application time: 0.1529010 seconds
15.790: [GC15.790: [ParNew: 36370K->3562K(37568K), 0.0039570 secs] 366053K->345363K(380152K), 0.0039980 secs] [Times: user=0.03 sys=0.00, real=0.00 secs] 
15.794: Total time for which application threads were stopped: 0.0041470 seconds, Stopping threads took: 0.0000750 seconds
15.794: [CMS-concurrent-abortable-preclean: 0.028/0.615 secs] [Times: user=4.35 sys=0.27, real=0.61 secs] 
15.794: Application time: 0.0000550 seconds
15.794: [GC[YG occupancy: 4275 K (37568 K)]15.794: [Rescan (parallel) , 0.0001380 secs]15.794: [weak refs processing, 0.0000130 secs]15.794: [scrub string table, 0.0001150 secs] [1 CMS-remark: 341801K(342584K)] 346076K(380152K), 0.0002890 secs] [Times: user=0.00 sys=0.00, real=0.00 secs] 
15.795: Total time for which application threads were stopped: 0.0004160 seconds, Stopping threads took: 0.0001010 seconds
15.795: [CMS-concurrent-sweep-start]
15.796: [CMS-concurrent-sweep: 0.002/0.002 secs] [Times: user=0.00 sys=0.00, real=0.01 secs] 
15.797: [CMS-concurrent-reset-start]
15.798: [CMS-concurrent-reset: 0.002/0.002 secs] [Times: user=0.01 sys=0.00, real=0.00 secs] 
15.949: Application time: 0.1540170 seconds
15.949: [GC15.949: [ParNew: 36354K->3564K(37568K), 0.0046100 secs] 350581K->329192K(561284K), 0.0046520 secs] [Times: user=0.04 sys=0.00, real=0.00 secs] 
15.953: Total time for which application threads were stopped: 0.0048240 seconds, Stopping threads took: 0.0000980 seconds
16.107: Application time: 0.1540640 seconds
16.108: [GC16.108: [ParNew: 36356K->3564K(37568K), 0.0051170 secs] 361984K->342017K(561284K), 0.0051600 secs] [Times: user=0.04 sys=0.00, real=0.00 secs] 
16.113: Total time for which application threads were stopped: 0.0052930 seconds, Stopping threads took: 0.0000650 seconds
16.271: Application time: 0.1581790 seconds
16.271: [GC16.271: [ParNew: 36356K->3562K(37568K), 0.0040920 secs] 374809K->354128K(561284K), 0.0041350 secs] [Times: user=0.03 sys=0.00, real=0.01 secs] 
16.275: Total time for which application threads were stopped: 0.0042690 seconds, Stopping threads took: 0.0000640 seconds
16.424: Application time: 0.1484110 seconds
16.424: [GC16.424: [ParNew: 36354K->3562K(37568K), 0.0043930 secs] 386920K->366953K(561284K), 0.0044360 secs] [Times: user=0.04 sys=0.00, real=0.00 secs] 
16.428: Total time for which application threads were stopped: 0.0045780 seconds, Stopping threads took: 0.0000690 seconds
16.576: Application time: 0.1480300 seconds
16.576: [GC16.576: [ParNew: 36414K->3578K(37568K), 0.0045330 secs] 399805K->381219K(561284K), 0.0045750 secs] [Times: user=0.03 sys=0.00, real=0.00 secs] 
16.581: Total time for which application threads were stopped: 0.0047200 seconds, Stopping threads took: 0.0000620 seconds
16.723: Application time: 0.1423250 seconds
16.723: [GC16.723: [ParNew: 36379K->3572K(37568K), 0.0042990 secs] 414020K->394044K(561284K), 0.0043430 secs] [Times: user=0.03 sys=0.00, real=0.00 secs] 
16.728: Total time for which application threads were stopped: 0.0044860 seconds, Stopping threads took: 0.0000720 seconds
16.876: Application time: 0.1480940 seconds
16.876: [GC16.876: [ParNew: 36364K->3562K(37568K), 0.0042150 secs] 426836K->406861K(561284K), 0.0042650 secs] [Times: user=0.02 sys=0.01, real=0.00 secs] 
16.880: Total time for which application threads were stopped: 0.0044180 seconds, Stopping threads took: 0.0000810 seconds
17.029: Application time: 0.1491570 seconds
17.030: [GC17.030: [ParNew: 36354K->3564K(37568K), 0.0042610 secs] 439652K->419688K(561284K), 0.0043020 secs] [Times: user=0.02 sys=0.02, real=0.00 secs] 
17.034: Total time for which application threads were stopped: 0.0044350 seconds, Stopping threads took: 0.0000610 seconds
17.183: Application time: 0.1495770 seconds
17.184: [GC17.184: [ParNew: 36356K->3562K(37568K), 0.0040640 secs] 452480K->431799K(561284K), 0.0041040 secs] [Times: user=0.02 sys=0.00, real=0.00 secs] 
17.188: Total time for which application threads were stopped: 0.0042490 seconds, Stopping threads took: 0.0000640 seconds
17.333: Application time: 0.1456760 seconds
17.334: [GC17.334: [ParNew: 36354K->3562K(37568K), 0.0042080 secs] 464591K->444624K(561284K), 0.0042490 secs] [Times: user=0.02 sys=0.01, real=0.01 secs] 
17.338: Total time for which application threads were stopped: 0.0044010 seconds, Stopping threads took: 0.0000800 seconds
17.338: Application time: 0.0000650 seconds
17.338: [GC [1 CMS-initial-mark: 441061K(523716K)] 445336K(561284K), 0.0001200 secs] [Times: user=0.00 sys=0.00, real=0.00 secs] 
17.338: Total time for which application threads were stopped: 0.0002770 seconds, Stopping threads took: 0.0001300 seconds
17.338: [CMS-concurrent-mark-start]
17.346: [CMS-concurrent-mark: 0.008/0.008 secs] [Times: user=0.04 sys=0.00, real=0.01 secs] 
17.347: [CMS-concurrent-preclean-start]
17.347: [CMS-concurrent-preclean: 0.001/0.001 secs] [Times: user=0.03 sys=0.00, real=0.00 secs] 
17.347: [CMS-concurrent-abortable-preclean-start]
17.484: Application time: 0.1457100 seconds
17.484: [GC17.484: [ParNew: 36387K->3576K(37568K), 0.0042340 secs] 477449K->457463K(561284K), 0.0042740 secs] [Times: user=0.03 sys=0.00, real=0.00 secs] 
17.488: Total time for which application threads were stopped: 0.0043970 seconds, Stopping threads took: 0.0000550 seconds
17.488: [CMS-concurrent-abortable-preclean: 0.002/0.141 secs] [Times: user=1.12 sys=0.00, real=0.14 secs] 
17.488: Application time: 0.0000470 seconds
17.488: [GC[YG occupancy: 4289 K (37568 K)]17.488: [Rescan (parallel) , 0.0001870 secs]17.489: [weak refs processing, 0.0000050 secs]17.489: [scrub string table, 0.0000880 secs] [1 CMS-remark: 453887K(523716K)] 458176K(561284K), 0.0003020 secs] [Times: user=0.00 sys=0.00, real=0.00 secs] 
17.489: Total time for which application threads were stopped: 0.0004290 seconds, Stopping threads took: 0.0001000 seconds
17.489: [CMS-concurrent-sweep-start]
17.490: [CMS-concurrent-sweep: 0.002/0.002 secs] [Times: user=0.00 sys=0.00, real=0.00 secs] 
17.490: [CMS-concurrent-reset-start]
17.492: [CMS-concurrent-reset: 0.002/0.002 secs] [Times: user=0.02 sys=0.00, real=0.00 secs] 
17.587: Application time: 0.0979360 seconds
17.587: [GC17.587: [ParNew: 36402K->3576K(37568K), 0.0057100 secs] 76932K->59073K(561284K), 0.0057530 secs] [Times: user=0.05 sys=0.00, real=0.00 secs] 
17.593: Total time for which application threads were stopped: 0.0059100 seconds, Stopping threads took: 0.0000790 seconds
17.722: Application time: 0.1297630 seconds
17.722: [GC17.722: [ParNew: 36369K->3562K(37568K), 0.0051050 secs] 91866K->71889K(561284K), 0.0051470 secs] [Times: user=0.04 sys=0.00, real=0.01 secs] 
17.728: Total time for which application threads were stopped: 0.0052990 seconds, Stopping threads took: 0.0000710 seconds
17.826: Application time: 0.0979120 seconds
17.826: [GC17.826: [ParNew: 36355K->3564K(37568K), 0.0050850 secs] 104682K->84717K(561284K), 0.0051330 secs] [Times: user=0.04 sys=0.00, real=0.00 secs] 
17.831: Total time for which application threads were stopped: 0.0052770 seconds, Stopping threads took: 0.0000700 seconds
17.939: Application time: 0.1082520 seconds
17.939: [GC17.939: [ParNew: 36358K->3562K(37568K), 0.0051270 secs] 117510K->97541K(561284K), 0.0051700 secs] [Times: user=0.04 sys=0.01, real=0.01 secs] 
17.944: Total time for which application threads were stopped: 0.0053270 seconds, Stopping threads took: 0.0000770 seconds
18.065: Application time: 0.1201660 seconds
18.065: [GC18.065: [ParNew: 36356K->3564K(37568K), 0.0050300 secs] 130335K->110369K(561284K), 0.0050720 secs] [Times: user=0.04 sys=0.00, real=0.00 secs] 
18.070: Total time for which application threads were stopped: 0.0052310 seconds, Stopping threads took: 0.0000910 seconds
18.160: Application time: 0.0898260 seconds
18.160: [GC18.160: [ParNew: 36359K->3562K(37568K), 0.0051130 secs] 143164K->123194K(561284K), 0.0051560 secs] [Times: user=0.04 sys=0.00, real=0.01 secs] 
18.165: Total time for which application threads were stopped: 0.0053170 seconds, Stopping threads took: 0.0000840 seconds
18.271: Application time: 0.1064140 seconds
18.271: [GC18.272: [ParNew: 36358K->3564K(37568K), 0.0051900 secs] 155989K->136022K(561284K), 0.0052350 secs] [Times: user=0.04 sys=0.00, real=0.01 secs] 
18.277: Total time for which application threads were stopped: 0.0053850 seconds, Stopping threads took: 0.0000670 seconds
18.403: Application time: 0.1260820 seconds
18.403: [GC18.403: [ParNew: 36368K->3571K(37568K), 0.0051290 secs] 168826K->148855K(561284K), 0.0051720 secs] [Times: user=0.04 sys=0.00, real=0.00 secs] 
18.408: Total time for which application threads were stopped: 0.0053190 seconds, Stopping threads took: 0.0000800 seconds
18.500: Application time: 0.0922400 seconds
18.501: [GC18.501: [ParNew: 36428K->3577K(37568K), 0.0056960 secs] 181713K->163114K(561284K), 0.0057400 secs] [Times: user=0.04 sys=0.00, real=0.01 secs] 
18.506: Total time for which application threads were stopped: 0.0059090 seconds, Stopping threads took: 0.0000960 seconds
18.632: Application time: 0.1257320 seconds
18.632: [GC18.632: [ParNew: 36372K->3562K(37568K), 0.0054480 secs] 195910K->176645K(561284K), 0.0054910 secs] [Times: user=0.04 sys=0.00, real=0.01 secs] 
18.638: Total time for which application threads were stopped: 0.0056310 seconds, Stopping threads took: 0.0000670 seconds
18.743: Application time: 0.1049830 seconds
18.743: [GC18.743: [ParNew: 36357K->3564K(37568K), 0.0042860 secs] 209440K->189474K(561284K), 0.0043300 secs] [Times: user=0.03 sys=0.00, real=0.00 secs] 
18.747: Total time for which application threads were stopped: 0.0044940 seconds, Stopping threads took: 0.0000870 seconds
18.855: Application time: 0.1075860 seconds
18.855: [GC18.855: [ParNew: 36359K->3562K(37568K), 0.0042290 secs] 222268K->202298K(561284K), 0.0042720 secs] [Times: user=0.03 sys=0.00, real=0.00 secs] 
18.859: Total time for which application threads were stopped: 0.0044210 seconds, Stopping threads took: 0.0000680 seconds
18.971: Application time: 0.1116190 seconds
18.971: [GC18.971: [ParNew: 36356K->3564K(37568K), 0.0042410 secs] 235092K->215126K(561284K), 0.0042830 secs] [Times: user=0.03 sys=0.00, real=0.01 secs] 
18.975: Total time for which application threads were stopped: 0.0044430 seconds, Stopping threads took: 0.0000890 seconds
19.097: Application time: 0.1214410 seconds
19.097: [GC19.097: [ParNew: 36358K->3562K(37568K), 0.0041770 secs] 247919K->227950K(561284K), 0.0042210 secs] [Times: user=0.03 sys=0.00, real=0.00 secs] 
19.101: Total time for which application threads were stopped: 0.0043800 seconds, Stopping threads took: 0.0000880 seconds
19.207: Application time: 0.1059470 seconds
19.207: [GC19.207: [ParNew: 36355K->3564K(37568K), 0.0042330 secs] 260743K->240777K(561284K), 0.0042760 secs] [Times: user=0.03 sys=0.01, real=0.00 secs] 
19.211: Total time for which application threads were stopped: 0.0044140 seconds, Stopping threads took: 0.0000640 seconds
19.298: Application time: 0.0860890 seconds
19.298: [GC19.298: [ParNew: 36357K->3562K(37568K), 0.0049690 secs] 273570K->253601K(561284K), 0.0050150 secs] [Times: user=0.02 sys=0.02, real=0.00 secs] 
19.303: Total time for which application threads were stopped: 0.0051770 seconds, Stopping threads took: 0.0000880 seconds
19.344: Application time: 0.0416670 seconds
19.344: Total time for which application threads were stopped: 0.0001060 seconds, Stopping threads took: 0.0000790 seconds
19.377: Application time: 0.0323470 seconds
19.379: [GC19.379: [ParNew: 36402K->3696K(37568K), 0.0041890 secs] 286441K->261572K(561284K), 0.0042490 secs] [Times: user=0.03 sys=0.00, real=0.01 secs] 
19.383: Total time for which application threads were stopped: 0.0063480 seconds, Stopping threads took: 0.0019860 seconds
19.395: Application time: 0.0116340 seconds
19.395: [GC19.395: [ParNew: 36592K->3570K(37568K), 0.0040920 secs] 294469K->269401K(561284K), 0.0041400 secs] [Times: user=0.03 sys=0.00, real=0.00 secs] 
19.399: Total time for which application threads were stopped: 0.0043650 seconds, Stopping threads took: 0.0001430 seconds
19.409: Application time: 0.0103230 seconds
19.410: [GC19.410: [ParNew: 36364K->3570K(37568K), 0.0041650 secs] 302196K->277953K(561284K), 0.0042180 secs] [Times: user=0.03 sys=0.00, real=0.00 secs] 
19.414: Total time for which application threads were stopped: 0.0044370 seconds, Stopping threads took: 0.0001270 seconds
19.425: Application time: 0.0112640 seconds
19.425: [GC19.425: [ParNew: 36354K->3562K(37568K), 0.0033100 secs] 310737K->283646K(561284K), 0.0033550 secs] [Times: user=0.02 sys=0.00, real=0.00 secs] 
19.429: Total time for which application threads were stopped: 0.0035470 seconds, Stopping threads took: 0.0001170 seconds
19.440: Application time: 0.0111220 seconds
19.440: [GC19.440: [ParNew: 36365K->3574K(37568K), 0.0034460 secs] 316449K->290071K(561284K), 0.0034890 secs] [Times: user=0.02 sys=0.00, real=0.01 secs] 
19.444: Total time for which application threads were stopped: 0.0036670 seconds, Stopping threads took: 0.0001010 seconds
19.454: Application time: 0.0106630 seconds
19.454: [GC19.454: [ParNew: 36846K->3607K(37568K), 0.0030290 secs] 323342K->295094K(561284K), 0.0030710 secs] [Times: user=0.03 sys=0.00, real=0.01 secs] 
19.457: Total time for which application threads were stopped: 0.0032680 seconds, Stopping threads took: 0.0001240 seconds
19.468: Application time: 0.0102300 seconds
19.468: [GC19.468: [ParNew: 36669K->3572K(37568K), 0.0032900 secs] 328156K->300789K(561284K), 0.0033340 secs] [Times: user=0.02 sys=0.00, real=0.00 secs] 
19.471: Total time for which application threads were stopped: 0.0035720 seconds, Stopping threads took: 0.0001440 seconds
19.482: Application time: 0.0105810 seconds
19.482: [GC19.482: [ParNew: 36367K->3568K(37568K), 0.0033020 secs] 333584K->307199K(561284K), 0.0033440 secs] [Times: user=0.02 sys=0.00, real=0.01 secs] 
19.486: Total time for which application threads were stopped: 0.0036420 seconds, Stopping threads took: 0.0002260 seconds
19.496: Application time: 0.0101800 seconds
19.496: [GC19.496: [ParNew: 36463K->3606K(37568K), 0.0037370 secs] 340093K->315075K(561284K), 0.0037790 secs] [Times: user=0.03 sys=0.00, real=0.00 secs] 
19.500: Total time for which application threads were stopped: 0.0040090 seconds, Stopping threads took: 0.0001610 seconds
19.500: Application time: 0.0001100 seconds
19.500: [GC [1 CMS-initial-mark: 311469K(523716K)] 315790K(561284K), 0.0001820 secs] [Times: user=0.00 sys=0.00, real=0.00 secs] 
19.500: Total time for which application threads were stopped: 0.0004770 seconds, Stopping threads took: 0.0002670 seconds
19.500: [CMS-concurrent-mark-start]
19.506: [CMS-concurrent-mark: 0.006/0.006 secs] [Times: user=0.01 sys=0.00, real=0.01 secs] 
19.506: [CMS-concurrent-preclean-start]
19.509: [CMS-concurrent-preclean: 0.003/0.003 secs] [Times: user=0.03 sys=0.00, real=0.00 secs] 
19.509: [CMS-concurrent-abortable-preclean-start]
19.512: Application time: 0.0112590 seconds
19.512: [GC19.512: [ParNew: 36452K->3619K(37568K), 0.0049950 secs] 347921K->320821K(561284K), 0.0050420 secs] [Times: user=0.04 sys=0.00, real=0.01 secs] 
19.517: Total time for which application threads were stopped: 0.0052660 seconds, Stopping threads took: 0.0001400 seconds
19.529: Application time: 0.0118110 seconds
19.531: [GC19.531: [ParNew: 36766K->3617K(37568K), 0.0034550 secs] 353969K->327946K(561284K), 0.0034970 secs] [Times: user=0.03 sys=0.00, real=0.00 secs] 
19.534: Total time for which application threads were stopped: 0.0054920 seconds, Stopping threads took: 0.0018970 seconds
19.545: Application time: 0.0109130 seconds
19.545: [GC19.545: [ParNew: 36493K->3610K(37568K), 0.0041370 secs] 360822K->337945K(561284K), 0.0041850 secs] [Times: user=0.03 sys=0.00, real=0.00 secs] 
19.549: Total time for which application threads were stopped: 0.0043300 seconds, Stopping threads took: 0.0000730 seconds
19.560: Application time: 0.0106210 seconds
19.560: [GC19.560: [ParNew: 36669K->3572K(37568K), 0.0036370 secs] 371004K->345064K(561284K), 0.0036880 secs] [Times: user=0.03 sys=0.00, real=0.01 secs] 
19.564: Total time for which application threads were stopped: 0.0039520 seconds, Stopping threads took: 0.0001750 seconds
19.574: Application time: 0.0100120 seconds
19.574: [GC19.574: [ParNew: 36378K->3572K(37568K), 0.0047370 secs] 377870K->355754K(561284K), 0.0047870 secs] [Times: user=0.04 sys=0.00, real=0.01 secs] 
19.579: Total time for which application threads were stopped: 0.0051650 seconds, Stopping threads took: 0.0002910 seconds
19.590: Application time: 0.0108890 seconds
19.590: [GC19.590: [ParNew: 36374K->3570K(37568K), 0.0044970 secs] 388555K->366442K(561284K), 0.0045470 secs] [Times: user=0.03 sys=0.00, real=0.01 secs] 
19.595: Total time for which application threads were stopped: 0.0047550 seconds, Stopping threads took: 0.0001350 seconds
19.605: Application time: 0.0104740 seconds
19.605: [GC19.606: [ParNew: 36369K->3570K(37568K), 0.0044440 secs] 399241K->377132K(561284K), 0.0044860 secs] [Times: user=0.03 sys=0.00, real=0.00 secs] 
19.610: Total time for which application threads were stopped: 0.0047120 seconds, Stopping threads took: 0.0001550 seconds
19.621: Application time: 0.0108850 seconds
19.621: [GC19.621: [ParNew: 36380K->3576K(37568K), 0.0046040 secs] 409942K->387827K(561284K), 0.0046470 secs] [Times: user=0.03 sys=0.00, real=0.01 secs] 
19.626: Total time for which application threads were stopped: 0.0048850 seconds, Stopping threads took: 0.0001680 seconds
19.637: Application time: 0.0109070 seconds
19.637: [GC19.637: [ParNew: 36371K->3564K(37568K), 0.0039860 secs] 420621K->397080K(561284K), 0.0040340 secs] [Times: user=0.03 sys=0.00, real=0.00 secs] 
19.641: Total time for which application threads were stopped: 0.0044090 seconds, Stopping threads took: 0.0003040 seconds
19.651: Application time: 0.0100450 seconds
19.651: [GC19.651: [ParNew: 36371K->3574K(37568K), 0.0043790 secs] 429888K->407066K(561284K), 0.0044240 secs] [Times: user=0.04 sys=0.00, real=0.01 secs] 
19.656: Total time for which application threads were stopped: 0.0047060 seconds, Stopping threads took: 0.0002100 seconds
19.666: Application time: 0.0102380 seconds
19.666: [GC19.666: [ParNew: 36368K->3566K(37568K), 0.0049300 secs] 439860K->419173K(561284K), 0.0049730 secs] [Times: user=0.04 sys=0.00, real=0.00 secs] 
19.671: Total time for which application threads were stopped: 0.0051720 seconds, Stopping threads took: 0.0001270 seconds
19.681: Application time: 0.0102190 seconds
19.682: [GC19.682: [ParNew: 36364K->3572K(37568K), 0.0042490 secs] 451970K->429155K(561284K), 0.0042940 secs] [Times: user=0.03 sys=0.00, real=0.01 secs] 
19.686: Total time for which application threads were stopped: 0.0046230 seconds, Stopping threads took: 0.0002570 seconds
19.697: Application time: 0.0106750 seconds
19.697: [GC19.697: [ParNew: 36367K->3572K(37568K), 0.0032170 secs] 461950K->435569K(561284K), 0.0032620 secs] [Times: user=0.02 sys=0.00, real=0.00 secs] 
19.700: Total time for which application threads were stopped: 0.0034740 seconds, Stopping threads took: 0.0001400 seconds
19.711: Application time: 0.0105740 seconds
19.711: [GC19.711: [ParNew: 36401K->3578K(37568K), 0.0043650 secs] 468397K->445550K(561284K), 0.0044070 secs] [Times: user=0.04 sys=0.00, real=0.01 secs] 
19.715: Total time for which application threads were stopped: 0.0045990 seconds, Stopping threads took: 0.0001230 seconds
19.726: Application time: 0.0104660 seconds
19.726: [GC19.726: [ParNew: 36373K->3568K(37568K), 0.0030780 secs] 478345K->450533K(561284K), 0.0031310 secs] [Times: user=0.02 sys=0.00, real=0.00 secs] 
19.729: Total time for which application threads were stopped: 0.0033490 seconds, Stopping threads took: 0.0001200 seconds
19.739: Application time: 0.0095650 seconds
19.739: [GC19.739: [ParNew: 36364K->3571K(37568K), 0.0027640 secs] 483328K->454811K(561284K), 0.0028040 secs] [Times: user=0.02 sys=0.01, real=0.00 secs] 
19.742: Total time for which application threads were stopped: 0.0029920 seconds, Stopping threads took: 0.0001170 seconds
19.752: Application time: 0.0101370 seconds
19.752: [GC19.752: [ParNew: 36357K->3565K(37568K), 0.0028620 secs] 487598K->459082K(561284K), 0.0029030 secs] [Times: user=0.02 sys=0.00, real=0.01 secs] 
19.755: Total time for which application threads were stopped: 0.0030660 seconds, Stopping threads took: 0.0000890 seconds
19.766: Application time: 0.0105760 seconds
19.766: [GC19.766: [ParNew: 36371K->3571K(37568K), 0.0032670 secs] 491888K->465501K(561284K), 0.0033070 secs] [Times: user=0.02 sys=0.00, real=0.00 secs] 
19.769: Total time for which application threads were stopped: 0.0034470 seconds, Stopping threads took: 0.0000740 seconds
19.780: Application time: 0.0106260 seconds
19.780: [GC19.780: [ParNew: 36359K->3565K(37568K), 0.0028030 secs] 498289K->469773K(561284K), 0.0028470 secs] [Times: user=0.02 sys=0.00, real=0.00 secs] 
19.783: Total time for which application threads were stopped: 0.0030560 seconds, Stopping threads took: 0.0001340 seconds
19.795: Application time: 0.0125640 seconds
19.795: [GC19.795: [ParNew: 36368K->3573K(37568K), 0.0029990 secs] 502577K->474769K(561284K), 0.0030390 secs] [Times: user=0.02 sys=0.00, real=0.00 secs] 
19.799: Total time for which application threads were stopped: 0.0032080 seconds, Stopping threads took: 0.0000950 seconds
19.810: Application time: 0.0114050 seconds
19.810: [GC19.810: [ParNew: 36362K->3566K(37568K), 0.0030340 secs] 507559K->479752K(561284K), 0.0030770 secs] [Times: user=0.02 sys=0.00, real=0.00 secs] 
19.813: Total time for which application threads were stopped: 0.0035030 seconds, Stopping threads took: 0.0003510 seconds
19.835: Application time: 0.0212530 seconds
19.835: [GC19.835: [ParNew: 36369K->3578K(37568K), 0.0026690 secs] 512555K->483327K(561284K), 0.0027140 secs] [Times: user=0.02 sys=0.01, real=0.00 secs] 
19.838: Total time for which application threads were stopped: 0.0028970 seconds, Stopping threads took: 0.0001070 seconds
19.963: Application time: 0.1251440 seconds
19.963: [GC19.963: [ParNew: 36379K->3572K(37568K), 0.0050930 secs] 516127K->496148K(561284K), 0.0051370 secs] [Times: user=0.04 sys=0.01, real=0.00 secs] 
19.968: Total time for which application threads were stopped: 0.0052830 seconds, Stopping threads took: 0.0000660 seconds
19.968: [CMS-concurrent-abortable-preclean: 0.032/0.459 secs] [Times: user=3.44 sys=0.05, real=0.46 secs] 
19.969: Application time: 0.0011100 seconds
19.971: [GC[YG occupancy: 6424 K (37568 K)]19.971: [Rescan (parallel) , 0.0002710 secs]19.971: [weak refs processing, 0.0000060 secs]19.971: [scrub string table, 0.0001150 secs] [1 CMS-remark: 492575K(523716K)] 499000K(561284K), 0.0004140 secs] [Times: user=0.00 sys=0.00, real=0.00 secs] 
19.971: Total time for which application threads were stopped: 0.0021770 seconds, Stopping threads took: 0.0017360 seconds
19.971: [CMS-concurrent-sweep-start]
19.973: [CMS-concurrent-sweep: 0.002/0.002 secs] [Times: user=0.00 sys=0.00, real=0.00 secs] 
19.973: [CMS-concurrent-reset-start]
19.975: [CMS-concurrent-reset: 0.001/0.001 secs] [Times: user=0.00 sys=0.00, real=0.00 secs] 
20.113: Application time: 0.1411980 seconds
20.113: [GC20.113: [ParNew: 36364K->3562K(37568K), 0.0051920 secs] 238021K->218045K(561284K), 0.0052340 secs] [Times: user=0.04 sys=0.00, real=0.01 secs] 
20.118: Total time for which application threads were stopped: 0.0053910 seconds, Stopping threads took: 0.0000850 seconds
20.265: Application time: 0.1468580 seconds
20.265: [GC20.265: [ParNew: 36354K->3564K(37568K), 0.0050400 secs] 250837K->230873K(561284K), 0.0050880 secs] [Times: user=0.04 sys=0.00, real=0.00 secs] 
20.270: Total time for which application threads were stopped: 0.0052120 seconds, Stopping threads took: 0.0000540 seconds
20.415: Application time: 0.1448450 seconds
20.415: [GC20.415: [ParNew: 36356K->3562K(37568K), 0.0047840 secs] 263665K->242984K(561284K), 0.0048310 secs] [Times: user=0.04 sys=0.00, real=0.00 secs] 
20.420: Total time for which application threads were stopped: 0.0049580 seconds, Stopping threads took: 0.0000540 seconds
20.544: Application time: 0.1246140 seconds
20.545: [GC20.545: [ParNew: 36354K->3562K(37568K), 0.0051290 secs] 275775K->255809K(561284K), 0.0051770 secs] [Times: user=0.04 sys=0.00, real=0.00 secs] 
20.550: Total time for which application threads were stopped: 0.0053180 seconds, Stopping threads took: 0.0000590 seconds
20.698: Application time: 0.1479960 seconds
20.698: [GC20.698: [ParNew: 36397K->3576K(37568K), 0.0053440 secs] 288644K->269361K(561284K), 0.0053910 secs] [Times: user=0.04 sys=0.00, real=0.01 secs] 
20.703: Total time for which application threads were stopped: 0.0055210 seconds, Stopping threads took: 0.0000590 seconds
20.845: Application time: 0.1412530 seconds
20.845: [GC20.845: [ParNew: 36394K->3570K(37568K), 0.0054490 secs] 302178K->283609K(561284K), 0.0054940 secs] [Times: user=0.04 sys=0.00, real=0.00 secs] 
20.850: Total time for which application threads were stopped: 0.0056490 seconds, Stopping threads took: 0.0000830 seconds
20.993: Application time: 0.1425780 seconds
20.993: [GC20.993: [ParNew: 36362K->3562K(37568K), 0.0051480 secs] 316401K->296429K(561284K), 0.0051910 secs] [Times: user=0.04 sys=0.00, real=0.01 secs] 
20.998: Total time for which application threads were stopped: 0.0053380 seconds, Stopping threads took: 0.0000730 seconds
21.152: Application time: 0.1535050 seconds
21.152: [GC21.152: [ParNew: 36354K->3564K(37568K), 0.0051980 secs] 329221K->309256K(561284K), 0.0052420 secs] [Times: user=0.04 sys=0.00, real=0.01 secs] 
21.157: Total time for which application threads were stopped: 0.0053880 seconds, Stopping threads took: 0.0000600 seconds
21.303: Application time: 0.1460900 seconds
21.303: [GC21.303: [ParNew: 36356K->3562K(37568K), 0.0048810 secs] 342048K->321367K(561284K), 0.0049230 secs] [Times: user=0.03 sys=0.00, real=0.00 secs] 
21.308: Total time for which application threads were stopped: 0.0050690 seconds, Stopping threads took: 0.0000730 seconds
21.466: Application time: 0.1580170 seconds
21.466: [GC21.466: [ParNew: 36354K->3562K(37568K), 0.0051240 secs] 354159K->334192K(561284K), 0.0051680 secs] [Times: user=0.04 sys=0.00, real=0.00 secs] 
21.471: Total time for which application threads were stopped: 0.0053040 seconds, Stopping threads took: 0.0000630 seconds
21.617: Application time: 0.1455720 seconds
21.617: [GC21.617: [ParNew: 36371K->3572K(37568K), 0.0046230 secs] 367001K->345602K(561284K), 0.0046670 secs] [Times: user=0.04 sys=0.00, real=0.00 secs] 
21.622: Total time for which application threads were stopped: 0.0047950 seconds, Stopping threads took: 0.0000570 seconds
21.711: Application time: 0.0889410 seconds
21.711: [GC21.711: [ParNew: 36415K->3578K(37568K), 0.0050420 secs] 378445K->358436K(561284K), 0.0050830 secs] [Times: user=0.04 sys=0.00, real=0.01 secs] 
21.716: Total time for which application threads were stopped: 0.0052590 seconds, Stopping threads took: 0.0000960 seconds
21.834: Application time: 0.1181420 seconds
21.834: [GC21.834: [ParNew: 36371K->3568K(37568K), 0.0053330 secs] 391228K->371969K(561284K), 0.0053780 secs] [Times: user=0.04 sys=0.00, real=0.01 secs] 
21.840: Total time for which application threads were stopped: 0.0055160 seconds, Stopping threads took: 0.0000690 seconds
21.944: Application time: 0.1040830 seconds
21.944: [GC21.944: [ParNew: 36361K->3564K(37568K), 0.0051630 secs] 404762K->384792K(561284K), 0.0052070 secs] [Times: user=0.04 sys=0.00, real=0.00 secs] 
21.949: Total time for which application threads were stopped: 0.0053470 seconds, Stopping threads took: 0.0000670 seconds
22.055: Application time: 0.1058310 seconds
22.055: [GC22.055: [ParNew: 36358K->3562K(37568K), 0.0051370 secs] 417585K->397616K(561284K), 0.0051890 secs] [Times: user=0.04 sys=0.00, real=0.00 secs] 
22.060: Total time for which application threads were stopped: 0.0053250 seconds, Stopping threads took: 0.0000620 seconds
22.180: Application time: 0.1200560 seconds
22.180: [GC22.180: [ParNew: 36356K->3564K(37568K), 0.0051340 secs] 430410K->410444K(561284K), 0.0051800 secs] [Times: user=0.04 sys=0.00, real=0.01 secs] 
22.186: Total time for which application threads were stopped: 0.0053100 seconds, Stopping threads took: 0.0000610 seconds
22.278: Application time: 0.0919470 seconds
22.278: [GC22.278: [ParNew: 36359K->3562K(37568K), 0.0051600 secs] 443238K->423268K(561284K), 0.0052020 secs] [Times: user=0.04 sys=0.00, real=0.01 secs] 
22.283: Total time for which application threads were stopped: 0.0053420 seconds, Stopping threads took: 0.0000650 seconds
22.411: Application time: 0.1276850 seconds
22.411: [GC22.411: [ParNew: 36357K->3564K(37568K), 0.0051660 secs] 456063K->436097K(561284K), 0.0052080 secs] [Times: user=0.04 sys=0.00, real=0.01 secs] 
22.416: Total time for which application threads were stopped: 0.0053510 seconds, Stopping threads took: 0.0000710 seconds
22.501: Application time: 0.0854200 seconds
22.502: [GC22.502: [ParNew: 36369K->3573K(37568K), 0.0051670 secs] 468901K->448932K(561284K), 0.0052110 secs] [Times: user=0.05 sys=0.00, real=0.01 secs] 
22.507: Total time for which application threads were stopped: 0.0053770 seconds, Stopping threads took: 0.0000870 seconds
22.507: Application time: 0.0000620 seconds
22.507: [GC [1 CMS-initial-mark: 445359K(523716K)] 449645K(561284K), 0.0001190 secs] [Times: user=0.00 sys=0.00, real=0.00 secs] 
22.507: Total time for which application threads were stopped: 0.0002770 seconds, Stopping threads took: 0.0001310 seconds
22.507: [CMS-concurrent-mark-start]
22.515: [CMS-concurrent-mark: 0.008/0.008 secs] [Times: user=0.06 sys=0.00, real=0.01 secs] 
22.515: [CMS-concurrent-preclean-start]
22.516: [CMS-concurrent-preclean: 0.001/0.001 secs] [Times: user=0.00 sys=0.00, real=0.00 secs] 
22.516: [CMS-concurrent-abortable-preclean-start]
22.643: Application time: 0.1360940 seconds
22.643: [GC22.643: [ParNew: 36403K->3577K(37568K), 0.0053060 secs] 481763K->462476K(561284K), 0.0053470 secs] [Times: user=0.04 sys=0.00, real=0.00 secs] 
22.649: Total time for which application threads were stopped: 0.0055070 seconds, Stopping threads took: 0.0000910 seconds
22.742: Application time: 0.0932530 seconds
22.742: [GC22.742: [ParNew: 36399K->3573K(37568K), 0.0056660 secs] 495299K->476728K(561284K), 0.0057100 secs] [Times: user=0.04 sys=0.00, real=0.01 secs] 
22.748: Total time for which application threads were stopped: 0.0059440 seconds, Stopping threads took: 0.0001600 seconds
22.871: Application time: 0.1233710 seconds
22.871: [GC22.871: [ParNew: 36368K->3564K(37568K), 0.0053080 secs] 509523K->490261K(561284K), 0.0053500 secs] [Times: user=0.04 sys=0.00, real=0.01 secs] 
22.877: Total time for which application threads were stopped: 0.0054940 seconds, Stopping threads took: 0.0000660 seconds
22.877: [CMS-concurrent-abortable-preclean: 0.005/0.361 secs] [Times: user=2.88 sys=0.00, real=0.36 secs] 
22.877: Application time: 0.0000580 seconds
22.877: [GC[YG occupancy: 4277 K (37568 K)]22.877: [Rescan (parallel) , 0.0002390 secs]22.877: [weak refs processing, 0.0000060 secs]22.877: [scrub string table, 0.0000910 secs] [1 CMS-remark: 486696K(523716K)] 490974K(561284K), 0.0003570 secs] [Times: user=0.00 sys=0.00, real=0.00 secs] 
22.877: Total time for which application threads were stopped: 0.0004790 seconds, Stopping threads took: 0.0000950 seconds
22.877: [CMS-concurrent-sweep-start]
22.879: [CMS-concurrent-sweep: 0.002/0.002 secs] [Times: user=0.01 sys=0.00, real=0.00 secs] 
22.879: [CMS-concurrent-reset-start]
22.881: [CMS-concurrent-reset: 0.002/0.002 secs] [Times: user=0.00 sys=0.00, real=0.00 secs] 
22.967: Application time: 0.0899540 seconds
22.967: [GC22.967: [ParNew: 36359K->3562K(37568K), 0.0051800 secs] 99704K->79734K(561284K), 0.0052310 secs] [Times: user=0.04 sys=0.00, real=0.00 secs] 
22.973: Total time for which application threads were stopped: 0.0053920 seconds, Stopping threads took: 0.0000890 seconds
23.086: Application time: 0.1128140 seconds
23.086: [GC23.086: [ParNew: 36356K->3564K(37568K), 0.0051680 secs] 112528K->92562K(561284K), 0.0052130 secs] [Times: user=0.04 sys=0.00, real=0.00 secs] 
23.091: Total time for which application threads were stopped: 0.0053600 seconds, Stopping threads took: 0.0000740 seconds
23.206: Application time: 0.1154380 seconds
23.206: [GC23.206: [ParNew: 36358K->3562K(37568K), 0.0051710 secs] 125356K->105386K(561284K), 0.0052120 secs] [Times: user=0.04 sys=0.00, real=0.00 secs] 
23.212: Total time for which application threads were stopped: 0.0053530 seconds, Stopping threads took: 0.0000700 seconds
23.314: Application time: 0.1018510 seconds
23.314: [GC23.314: [ParNew: 36355K->3564K(37568K), 0.0051470 secs] 138179K->118214K(561284K), 0.0051900 secs] [Times: user=0.04 sys=0.00, real=0.01 secs] 
23.319: Total time for which application threads were stopped: 0.0053480 seconds, Stopping threads took: 0.0000840 seconds
23.438: Application time: 0.1195590 seconds
23.439: [GC23.439: [ParNew: 36357K->3562K(37568K), 0.0049630 secs] 151006K->130324K(561284K), 0.0050070 secs] [Times: user=0.04 sys=0.01, real=0.01 secs] 
23.444: Total time for which application threads were stopped: 0.0051440 seconds, Stopping threads took: 0.0000550 seconds
23.495: Application time: 0.0509690 seconds
23.495: [GC23.495: [ParNew: 36393K->3604K(37568K), 0.0047550 secs] 163155K->141054K(561284K), 0.0047990 secs] [Times: user=0.03 sys=0.00, real=0.01 secs] 
23.500: Total time for which application threads were stopped: 0.0049620 seconds, Stopping threads took: 0.0000860 seconds
23.528: Application time: 0.0286610 seconds
23.528: [GC23.528: [ParNew: 36350K->3611K(37568K), 0.0029130 secs] 173800K->145365K(561284K), 0.0029570 secs] [Times: user=0.02 sys=0.00, real=0.00 secs] 
23.531: Total time for which application threads were stopped: 0.0030900 seconds, Stopping threads took: 0.0000660 seconds
23.550: Application time: 0.0191820 seconds
23.551: [GC23.551: [ParNew: 36577K->3608K(37568K), 0.0027560 secs] 178331K->149666K(561284K), 0.0027990 secs] [Times: user=0.02 sys=0.00, real=0.00 secs] 
23.553: Total time for which application threads were stopped: 0.0029630 seconds, Stopping threads took: 0.0000920 seconds
23.568: Application time: 0.0149810 seconds
23.569: [GC23.569: [ParNew: 36387K->3641K(37568K), 0.0029310 secs] 182444K->154717K(561284K), 0.0029740 secs] [Times: user=0.03 sys=0.00, real=0.00 secs] 
23.572: Total time for which application threads were stopped: 0.0031440 seconds, Stopping threads took: 0.0000940 seconds
23.582: Application time: 0.0102780 seconds
23.582: [GC23.582: [ParNew: 36961K->3609K(37568K), 0.0032850 secs] 188037K->161157K(561284K), 0.0033270 secs] [Times: user=0.02 sys=0.00, real=0.01 secs] 
23.585: Total time for which application threads were stopped: 0.0034770 seconds, Stopping threads took: 0.0000770 seconds
23.595: Application time: 0.0100320 seconds
23.595: [GC23.595: [ParNew: 36666K->3568K(37568K), 0.0036980 secs] 194213K->168984K(561284K), 0.0037380 secs] [Times: user=0.03 sys=0.00, real=0.00 secs] 
23.599: Total time for which application threads were stopped: 0.0038970 seconds, Stopping threads took: 0.0000870 seconds
23.610: Application time: 0.0105910 seconds
23.610: [GC23.610: [ParNew: 36375K->3574K(37568K), 0.0041980 secs] 201790K->178966K(561284K), 0.0042440 secs] [Times: user=0.03 sys=0.00, real=0.00 secs] 
23.614: Total time for which application threads were stopped: 0.0044450 seconds, Stopping threads took: 0.0001270 seconds
23.625: Application time: 0.0111950 seconds
23.626: [GC23.626: [ParNew: 36721K->3638K(37568K), 0.0028310 secs] 212112K->184019K(561284K), 0.0028710 secs] [Times: user=0.02 sys=0.00, real=0.00 secs] 
23.629: Total time for which application threads were stopped: 0.0031360 seconds, Stopping threads took: 0.0001920 seconds
23.640: Application time: 0.0109980 seconds
23.640: [GC23.640: [ParNew: 36886K->3574K(37568K), 0.0043760 secs] 217267K->194701K(561284K), 0.0044240 secs] [Times: user=0.04 sys=0.00, real=0.01 secs] 
23.644: Total time for which application threads were stopped: 0.0048010 seconds, Stopping threads took: 0.0003070 seconds
23.655: Application time: 0.0108810 seconds
23.656: [GC23.656: [ParNew: 36382K->3574K(37568K), 0.0050310 secs] 227508K->207529K(561284K), 0.0050730 secs] [Times: user=0.04 sys=0.00, real=0.00 secs] 
23.661: Total time for which application threads were stopped: 0.0054550 seconds, Stopping threads took: 0.0003080 seconds
23.663: Application time: 0.0021170 seconds
23.663: [GC [1 CMS-initial-mark: 203954K(523716K)] 215375K(561284K), 0.0001540 secs] [Times: user=0.00 sys=0.00, real=0.00 secs] 
23.663: Total time for which application threads were stopped: 0.0003630 seconds, Stopping threads took: 0.0001730 seconds
23.663: [CMS-concurrent-mark-start]
23.672: Application time: 0.0086770 seconds
23.672: [GC23.672: [ParNew: 36367K->3568K(37568K), 0.0043110 secs] 240322K->217500K(561284K), 0.0043520 secs] [Times: user=0.04 sys=0.00, real=0.01 secs] 
23.676: Total time for which application threads were stopped: 0.0045190 seconds, Stopping threads took: 0.0000960 seconds
23.686: [CMS-concurrent-mark: 0.018/0.023 secs] [Times: user=0.16 sys=0.00, real=0.02 secs] 
23.686: [CMS-concurrent-preclean-start]
23.688: Application time: 0.0114160 seconds
23.688: [GC23.688: [ParNew: 36367K->3578K(37568K), 0.0042750 secs] 250299K->226773K(561284K), 0.0043160 secs] [Times: user=0.02 sys=0.00, real=0.00 secs] 
23.692: Total time for which application threads were stopped: 0.0044590 seconds, Stopping threads took: 0.0000620 seconds
23.692: [CMS-concurrent-preclean: 0.002/0.006 secs] [Times: user=0.06 sys=0.00, real=0.00 secs] 
23.692: [CMS-concurrent-abortable-preclean-start]
23.703: Application time: 0.0109800 seconds
23.704: [GC23.704: [ParNew: 36371K->3562K(37568K), 0.0045840 secs] 259566K->238158K(561284K), 0.0046250 secs] [Times: user=0.03 sys=0.00, real=0.00 secs] 
23.708: Total time for which application threads were stopped: 0.0050340 seconds, Stopping threads took: 0.0003140 seconds
23.719: Application time: 0.0106160 seconds
23.719: [GC23.719: [ParNew: 36361K->3576K(37568K), 0.0042560 secs] 270957K->248148K(561284K), 0.0042990 secs] [Times: user=0.04 sys=0.00, real=0.01 secs] 
23.724: Total time for which application threads were stopped: 0.0045150 seconds, Stopping threads took: 0.0001460 seconds
23.734: Application time: 0.0106110 seconds
23.734: [GC23.734: [ParNew: 36382K->3574K(37568K), 0.0040450 secs] 280953K->257409K(561284K), 0.0040880 secs] [Times: user=0.03 sys=0.00, real=0.01 secs] 
23.738: Total time for which application threads were stopped: 0.0043390 seconds, Stopping threads took: 0.0001810 seconds
23.749: Application time: 0.0103950 seconds
23.749: [GC23.749: [ParNew: 36389K->3574K(37568K), 0.0037570 secs] 290224K->265961K(561284K), 0.0037980 secs] [Times: user=0.03 sys=0.00, real=0.00 secs] 
23.753: Total time for which application threads were stopped: 0.0042970 seconds, Stopping threads took: 0.0004300 seconds
23.763: Application time: 0.0098320 seconds
23.763: [GC23.763: [ParNew: 36375K->3572K(37568K), 0.0042510 secs] 298762K->275225K(561284K), 0.0042950 secs] [Times: user=0.03 sys=0.00, real=0.00 secs] 
23.767: Total time for which application threads were stopped: 0.0044710 seconds, Stopping threads took: 0.0001050 seconds
23.777: Application time: 0.0094530 seconds
23.777: [GC23.777: [ParNew: 36363K->3562K(37568K), 0.0034940 secs] 308015K->282342K(561284K), 0.0035360 secs] [Times: user=0.03 sys=0.00, real=0.00 secs] 
23.781: Total time for which application threads were stopped: 0.0037660 seconds, Stopping threads took: 0.0001570 seconds
23.791: Application time: 0.0100790 seconds
23.791: [GC23.791: [ParNew: 36363K->3575K(37568K), 0.0034500 secs] 315143K->288768K(561284K), 0.0034940 secs] [Times: user=0.02 sys=0.00, real=0.00 secs] 
23.794: Total time for which application threads were stopped: 0.0036870 seconds, Stopping threads took: 0.0001170 seconds
23.806: Application time: 0.0114930 seconds
23.806: [GC23.806: [ParNew: 36368K->3564K(37568K), 0.0040600 secs] 321562K->298023K(561284K), 0.0041130 secs] [Times: user=0.04 sys=0.00, real=0.00 secs] 
23.810: Total time for which application threads were stopped: 0.0043790 seconds, Stopping threads took: 0.0001940 seconds
23.820: Application time: 0.0101310 seconds
23.821: [GC23.821: [ParNew: 36369K->3576K(37568K), 0.0047100 secs] 330828K->310150K(561284K), 0.0047510 secs] [Times: user=0.04 sys=0.00, real=0.01 secs] 
23.826: Total time for which application threads were stopped: 0.0050290 seconds, Stopping threads took: 0.0002070 seconds
23.835: Application time: 0.0096220 seconds
23.835: [GC23.835: [ParNew: 36386K->3569K(37568K), 0.0047650 secs] 342959K->321545K(561284K), 0.0048060 secs] [Times: user=0.04 sys=0.00, real=0.00 secs] 
23.840: Total time for which application threads were stopped: 0.0050030 seconds, Stopping threads took: 0.0001260 seconds
23.851: Application time: 0.0107340 seconds
23.851: [GC23.851: [ParNew: 36378K->3573K(37568K), 0.0033880 secs] 354354K->327964K(561284K), 0.0034330 secs] [Times: user=0.03 sys=0.00, real=0.00 secs] 
23.855: Total time for which application threads were stopped: 0.0036140 seconds, Stopping threads took: 0.0001080 seconds
23.864: Application time: 0.0095900 seconds
23.864: [GC23.864: [ParNew: 36374K->3569K(37568K), 0.0041710 secs] 360766K->337939K(561284K), 0.0042120 secs] [Times: user=0.04 sys=0.00, real=0.00 secs] 
23.869: Total time for which application threads were stopped: 0.0044890 seconds, Stopping threads took: 0.0002040 seconds
23.879: Application time: 0.0102280 seconds
23.879: [GC23.879: [ParNew: 36363K->3569K(37568K), 0.0038710 secs] 370733K->346491K(561284K), 0.0039150 secs] [Times: user=0.03 sys=0.00, real=0.01 secs] 
23.883: Total time for which application threads were stopped: 0.0041120 seconds, Stopping threads took: 0.0001260 seconds
23.893: Application time: 0.0103200 seconds
23.893: [GC23.894: [ParNew: 36371K->3575K(37568K), 0.0040180 secs] 379293K->355761K(561284K), 0.0040620 secs] [Times: user=0.03 sys=0.00, real=0.01 secs] 
23.898: Total time for which application threads were stopped: 0.0043010 seconds, Stopping threads took: 0.0001660 seconds
23.907: Application time: 0.0091560 seconds
23.907: [GC23.907: [ParNew: 36364K->3564K(37568K), 0.0033050 secs] 388550K->362165K(561284K), 0.0033470 secs] [Times: user=0.02 sys=0.00, real=0.00 secs] 
23.910: Total time for which application threads were stopped: 0.0036270 seconds, Stopping threads took: 0.0002060 seconds
23.920: Application time: 0.0096610 seconds
23.920: [GC23.920: [ParNew: 36362K->3569K(37568K), 0.0033090 secs] 394963K->368582K(561284K), 0.0033520 secs] [Times: user=0.02 sys=0.00, real=0.01 secs] 
23.924: Total time for which application threads were stopped: 0.0037630 seconds, Stopping threads took: 0.0003410 seconds
23.933: Application time: 0.0090810 seconds
23.933: [GC23.933: [ParNew: 36379K->3577K(37568K), 0.0047780 secs] 401393K->379992K(561284K), 0.0048190 secs] [Times: user=0.03 sys=0.00, real=0.01 secs] 
23.938: Total time for which application threads were stopped: 0.0050450 seconds, Stopping threads took: 0.0001610 seconds
23.951: Application time: 0.0130450 seconds
23.951: [GC23.951: [ParNew: 36389K->3575K(37568K), 0.0035600 secs] 412805K->386405K(561284K), 0.0036050 secs] [Times: user=0.03 sys=0.00, real=0.00 secs] 
23.955: Total time for which application threads were stopped: 0.0037740 seconds, Stopping threads took: 0.0000800 seconds
23.970: Application time: 0.0156200 seconds
23.971: [GC23.971: [ParNew: 36367K->2860K(37568K), 0.0020050 secs] 419198K->387831K(561284K), 0.0020450 secs] [Times: user=0.02 sys=0.00, real=0.00 secs] 
23.973: Total time for which application threads were stopped: 0.0022020 seconds, Stopping threads took: 0.0000830 seconds
24.092: Application time: 0.1195760 seconds
24.092: [GC24.092: [ParNew: 35660K->3572K(37568K), 0.0052650 secs] 420631K->402082K(561284K), 0.0053110 secs] [Times: user=0.04 sys=0.00, real=0.01 secs] 
24.098: Total time for which application threads were stopped: 0.0054390 seconds, Stopping threads took: 0.0000550 seconds
24.098: [CMS-concurrent-abortable-preclean: 0.031/0.405 secs] [Times: user=3.07 sys=0.01, real=0.41 secs] 
24.098: Application time: 0.0000500 seconds
24.098: [GC[YG occupancy: 4285 K (37568 K)]24.098: [Rescan (parallel) , 0.0002320 secs]24.098: [weak refs processing, 0.0000050 secs]24.098: [scrub string table, 0.0001220 secs] [1 CMS-remark: 398509K(523716K)] 402794K(561284K), 0.0003810 secs] [Times: user=0.00 sys=0.00, real=0.00 secs] 
24.098: Total time for which application threads were stopped: 0.0005180 seconds, Stopping threads took: 0.0001100 seconds
24.098: [CMS-concurrent-sweep-start]
24.099: [CMS-concurrent-sweep: 0.001/0.001 secs] [Times: user=0.00 sys=0.00, real=0.00 secs] 
24.099: [CMS-concurrent-reset-start]
24.101: [CMS-concurrent-reset: 0.001/0.001 secs] [Times: user=0.01 sys=0.00, real=0.00 secs] 
24.230: Application time: 0.1318320 seconds
24.230: [GC24.230: [ParNew: 36364K->3562K(37568K), 0.0066770 secs] 249363K->229387K(561284K), 0.0067170 secs] [Times: user=0.04 sys=0.00, real=0.01 secs] 
24.237: Total time for which application threads were stopped: 0.0068580 seconds, Stopping threads took: 0.0000690 seconds
24.383: Application time: 0.1457950 seconds
24.383: [GC24.383: [ParNew: 36354K->3564K(37568K), 0.0051150 secs] 262179K->242214K(561284K), 0.0051570 secs] [Times: user=0.04 sys=0.00, real=0.00 secs] 
24.388: Total time for which application threads were stopped: 0.0053230 seconds, Stopping threads took: 0.0000890 seconds
24.534: Application time: 0.1460250 seconds
24.534: [GC24.534: [ParNew: 36356K->3562K(37568K), 0.0048170 secs] 275006K->254325K(561284K), 0.0048590 secs] [Times: user=0.03 sys=0.00, real=0.01 secs] 
24.539: Total time for which application threads were stopped: 0.0050030 seconds, Stopping threads took: 0.0000600 seconds
24.668: Application time: 0.1286240 seconds
24.668: [GC24.668: [ParNew: 36354K->3562K(37568K), 0.0051380 secs] 287117K->267150K(561284K), 0.0051820 secs] [Times: user=0.04 sys=0.00, real=0.00 secs] 
24.673: Total time for which application threads were stopped: 0.0053370 seconds, Stopping threads took: 0.0000800 seconds
24.830: Application time: 0.1567330 seconds
24.830: [GC24.830: [ParNew: 36363K->3570K(37568K), 0.0053250 secs] 299951K->280696K(561284K), 0.0053670 secs] [Times: user=0.04 sys=0.00, real=0.01 secs] 
24.835: Total time for which application threads were stopped: 0.0055080 seconds, Stopping threads took: 0.0000680 seconds
24.974: Application time: 0.1384070 seconds
24.974: [GC24.974: [ParNew: 36422K->3576K(37568K), 0.0060820 secs] 313548K->297091K(561284K), 0.0061260 secs] [Times: user=0.04 sys=0.00, real=0.01 secs] 
24.980: Total time for which application threads were stopped: 0.0062650 seconds, Stopping threads took: 0.0000640 seconds
25.126: Application time: 0.1457270 seconds
25.126: [GC25.126: [ParNew: 36368K->3562K(37568K), 0.0052390 secs] 329883K->309908K(561284K), 0.0052800 secs] [Times: user=0.04 sys=0.00, real=0.00 secs] 
25.131: Total time for which application threads were stopped: 0.0054220 seconds, Stopping threads took: 0.0000610 seconds
25.280: Application time: 0.1491340 seconds
25.280: [GC25.280: [ParNew: 36354K->3564K(37568K), 0.0051700 secs] 342700K->322735K(561284K), 0.0052130 secs] [Times: user=0.04 sys=0.00, real=0.01 secs] 
25.286: Total time for which application threads were stopped: 0.0053570 seconds, Stopping threads took: 0.0000710 seconds
25.441: Application time: 0.1557490 seconds
25.441: [GC25.441: [ParNew: 36356K->3566K(37568K), 0.0051680 secs] 355527K->335562K(561284K), 0.0052110 secs] [Times: user=0.04 sys=0.00, real=0.01 secs] 
25.447: Total time for which application threads were stopped: 0.0053840 seconds, Stopping threads took: 0.0001050 seconds
25.597: Application time: 0.1504640 seconds
25.597: [GC25.597: [ParNew: 36358K->3562K(37568K), 0.0051720 secs] 368354K->348384K(561284K), 0.0052200 secs] [Times: user=0.04 sys=0.00, real=0.00 secs] 
25.603: Total time for which application threads were stopped: 0.0053590 seconds, Stopping threads took: 0.0000690 seconds
25.744: Application time: 0.1417450 seconds
25.744: [GC25.744: [ParNew: 36362K->3574K(37568K), 0.0051160 secs] 381184K->361221K(561284K), 0.0051680 secs] [Times: user=0.04 sys=0.00, real=0.00 secs] 
25.750: Total time for which application threads were stopped: 0.0053250 seconds, Stopping threads took: 0.0000750 seconds
25.850: Application time: 0.1004620 seconds
25.850: [GC25.850: [ParNew: 36416K->3576K(37568K), 0.0052060 secs] 394063K->374049K(561284K), 0.0052470 secs] [Times: user=0.04 sys=0.00, real=0.01 secs] 
25.855: Total time for which application threads were stopped: 0.0053830 seconds, Stopping threads took: 0.0000660 seconds
25.983: Application time: 0.1279690 seconds
25.984: [GC25.984: [ParNew: 36377K->3570K(37568K), 0.0055240 secs] 406850K->388299K(561284K), 0.0055650 secs] [Times: user=0.05 sys=0.00, real=0.00 secs] 
25.989: Total time for which application threads were stopped: 0.0057090 seconds, Stopping threads took: 0.0000710 seconds
26.096: Application time: 0.1068730 seconds
26.096: [GC26.096: [ParNew: 36363K->3564K(37568K), 0.0049860 secs] 421092K->400408K(561284K), 0.0050290 secs] [Times: user=0.04 sys=0.00, real=0.00 secs] 
26.101: Total time for which application threads were stopped: 0.0051930 seconds, Stopping threads took: 0.0000950 seconds
26.217: Application time: 0.1160860 seconds
26.217: [GC26.217: [ParNew: 36358K->3562K(37568K), 0.0050860 secs] 433201K->413232K(561284K), 0.0051290 secs] [Times: user=0.03 sys=0.00, real=0.00 secs] 
26.223: Total time for which application threads were stopped: 0.0052590 seconds, Stopping threads took: 0.0000590 seconds
26.323: Application time: 0.1004230 seconds
26.323: [GC26.323: [ParNew: 36356K->3564K(37568K), 0.0050850 secs] 446026K->426060K(561284K), 0.0051260 secs] [Times: user=0.04 sys=0.00, real=0.00 secs] 
26.328: Total time for which application threads were stopped: 0.0052870 seconds, Stopping threads took: 0.0000810 seconds
26.453: Application time: 0.1250000 seconds
26.453: [GC26.453: [ParNew: 36359K->3562K(37568K), 0.0050800 secs] 458854K->438884K(561284K), 0.0051240 secs] [Times: user=0.04 sys=0.00, real=0.01 secs] 
26.459: Total time for which application threads were stopped: 0.0052830 seconds, Stopping threads took: 0.0000950 seconds
26.551: Application time: 0.0926550 seconds
26.551: [GC26.551: [ParNew: 36357K->3564K(37568K), 0.0051890 secs] 471679K->451713K(561284K), 0.0052340 secs] [Times: user=0.04 sys=0.00, real=0.01 secs] 
26.557: Total time for which application threads were stopped: 0.0053850 seconds, Stopping threads took: 0.0000790 seconds
26.557: Application time: 0.0000580 seconds
26.557: [GC [1 CMS-initial-mark: 448148K(523716K)] 452426K(561284K), 0.0001140 secs] [Times: user=0.00 sys=0.00, real=0.00 secs] 
26.557: Total time for which application threads were stopped: 0.0002720 seconds, Stopping threads took: 0.0001310 seconds
26.557: [CMS-concurrent-mark-start]
26.565: [CMS-concurrent-mark: 0.008/0.008 secs] [Times: user=0.05 sys=0.00, real=0.01 secs] 
26.565: [CMS-concurrent-preclean-start]
26.566: [CMS-concurrent-preclean: 0.001/0.001 secs] [Times: user=0.00 sys=0.00, real=0.00 secs] 
26.566: [CMS-concurrent-abortable-preclean-start]
26.665: Application time: 0.1078440 seconds
26.665: [GC26.665: [ParNew26.670: [CMS-concurrent-abortable-preclean: 0.001/0.104 secs] [Times: user=0.85 sys=0.00, real=0.10 secs] 
: 36368K->3573K(37568K), 0.0052660 secs] 484517K->464548K(561284K), 0.0052970 secs] [Times: user=0.04 sys=0.00, real=0.00 secs] 
26.670: Total time for which application threads were stopped: 0.0054340 seconds, Stopping threads took: 0.0000680 seconds
26.670: Application time: 0.0000600 seconds
26.670: [GC[YG occupancy: 4285 K (37568 K)]26.670: [Rescan (parallel) , 0.0001880 secs]26.671: [weak refs processing, 0.0000050 secs]26.671: [scrub string table, 0.0000930 secs] [1 CMS-remark: 460975K(523716K)] 465261K(561284K), 0.0003090 secs] [Times: user=0.00 sys=0.00, real=0.00 secs] 
26.671: Total time for which application threads were stopped: 0.0004370 seconds, Stopping threads took: 0.0001010 seconds
26.671: [CMS-concurrent-sweep-start]
26.672: [CMS-concurrent-sweep: 0.001/0.001 secs] [Times: user=0.00 sys=0.00, real=0.00 secs] 
26.672: [CMS-concurrent-reset-start]
26.674: [CMS-concurrent-reset: 0.001/0.001 secs] [Times: user=0.01 sys=0.00, real=0.00 secs] 
26.785: Application time: 0.1146900 seconds
26.786: [GC26.786: [ParNew: 36393K->3571K(37568K), 0.0051490 secs] 71229K->51234K(561284K), 0.0051920 secs] [Times: user=0.04 sys=0.00, real=0.00 secs] 
26.791: Total time for which application threads were stopped: 0.0053530 seconds, Stopping threads took: 0.0000880 seconds
26.891: Application time: 0.0998600 seconds
26.891: [GC26.891: [ParNew: 36400K->3573K(37568K), 0.0058410 secs] 84064K->66203K(561284K), 0.0058840 secs] [Times: user=0.04 sys=0.00, real=0.01 secs] 
26.897: Total time for which application threads were stopped: 0.0060440 seconds, Stopping threads took: 0.0000790 seconds
27.020: Application time: 0.1236260 seconds
27.020: [GC27.020: [ParNew: 36368K->3564K(37568K), 0.0051480 secs] 98999K->79025K(561284K), 0.0051920 secs] [Times: user=0.04 sys=0.00, real=0.01 secs] 
27.026: Total time for which application threads were stopped: 0.0053270 seconds, Stopping threads took: 0.0000640 seconds
27.129: Application time: 0.1038760 seconds
27.130: [GC27.130: [ParNew: 36359K->3562K(37568K), 0.0051290 secs] 111820K->91850K(561284K), 0.0051720 secs] [Times: user=0.03 sys=0.00, real=0.01 secs] 
27.135: Total time for which application threads were stopped: 0.0053300 seconds, Stopping threads took: 0.0000760 seconds
27.273: Application time: 0.1384120 seconds
27.273: [GC27.273: [ParNew: 36357K->3564K(37568K), 0.0051150 secs] 124644K->104678K(561284K), 0.0051590 secs] [Times: user=0.04 sys=0.00, real=0.01 secs] 
27.279: Total time for which application threads were stopped: 0.0053010 seconds, Stopping threads took: 0.0000730 seconds
27.375: Application time: 0.0964380 seconds
27.375: [GC27.375: [ParNew: 36358K->3562K(37568K), 0.0050850 secs] 137471K->117502K(561284K), 0.0051330 secs] [Times: user=0.03 sys=0.00, real=0.00 secs] 
27.380: Total time for which application threads were stopped: 0.0053190 seconds, Stopping threads took: 0.0001110 seconds
27.482: Application time: 0.1013300 seconds
27.482: [GC27.482: [ParNew: 36355K->3564K(37568K), 0.0051580 secs] 150295K->130329K(561284K), 0.0052030 secs] [Times: user=0.04 sys=0.00, real=0.01 secs] 
27.487: Total time for which application threads were stopped: 0.0053770 seconds, Stopping threads took: 0.0000910 seconds
27.619: Application time: 0.1315140 seconds
27.619: [GC27.619: [ParNew: 36357K->3566K(37568K), 0.0049160 secs] 163122K->142444K(561284K), 0.0049600 secs] [Times: user=0.04 sys=0.00, real=0.01 secs] 
27.624: Total time for which application threads were stopped: 0.0051300 seconds, Stopping threads took: 0.0000980 seconds
27.656: Application time: 0.0323900 seconds
27.656: [GC27.656: [ParNew: 36398K->3602K(37568K), 0.0043820 secs] 175276K->151743K(561284K), 0.0044210 secs] [Times: user=0.04 sys=0.00, real=0.00 secs] 
27.661: Total time for which application threads were stopped: 0.0045960 seconds, Stopping threads took: 0.0000980 seconds
27.698: Application time: 0.0371710 seconds
27.698: [GC27.698: [ParNew: 36388K->2145K(37568K), 0.0021850 secs] 184529K->153165K(561284K), 0.0022260 secs] [Times: user=0.01 sys=0.00, real=0.00 secs] 
27.700: Total time for which application threads were stopped: 0.0023920 seconds, Stopping threads took: 0.0001000 seconds
27.721: Application time: 0.0206920 seconds
27.721: [GC27.721: [ParNew: 34941K->3574K(37568K), 0.0035470 secs] 185961K->161007K(561284K), 0.0035900 secs] [Times: user=0.03 sys=0.00, real=0.01 secs] 
27.725: Total time for which application threads were stopped: 0.0037650 seconds, Stopping threads took: 0.0001000 seconds
27.748: Application time: 0.0234420 seconds
27.748: [GC27.748: [ParNew: 36953K->3644K(37568K), 0.0027060 secs] 194386K->164639K(561284K), 0.0027480 secs] [Times: user=0.02 sys=0.00, real=0.00 secs] 
27.751: Total time for which application threads were stopped: 0.0029210 seconds, Stopping threads took: 0.0001050 seconds
27.769: Application time: 0.0183760 seconds
27.770: [GC27.770: [ParNew: 36646K->3572K(37568K), 0.0031220 secs] 197641K->169617K(561284K), 0.0031750 secs] [Times: user=0.02 sys=0.00, real=0.00 secs] 
27.773: Total time for which application threads were stopped: 0.0033470 seconds, Stopping threads took: 0.0000970 seconds
27.788: Application time: 0.0151080 seconds
27.788: [GC27.788: [ParNew: 36362K->3570K(37568K), 0.0022210 secs] 202408K->171755K(561284K), 0.0022640 secs] [Times: user=0.02 sys=0.00, real=0.00 secs] 
27.790: Total time for which application threads were stopped: 0.0024420 seconds, Stopping threads took: 0.0001010 seconds
27.809: Application time: 0.0191850 seconds
27.810: [GC27.810: [ParNew: 36769K->3685K(37568K), 0.0022700 secs] 204954K->174720K(561284K), 0.0023120 secs] [Times: user=0.01 sys=0.00, real=0.00 secs] 
27.812: Total time for which application threads were stopped: 0.0024920 seconds, Stopping threads took: 0.0001120 seconds
27.824: Application time: 0.0116890 seconds
27.824: [GC27.824: [ParNew: 36706K->3613K(37568K), 0.0040330 secs] 207741K->184002K(561284K), 0.0040760 secs] [Times: user=0.04 sys=0.00, real=0.00 secs] 
27.828: Total time for which application threads were stopped: 0.0042620 seconds, Stopping threads took: 0.0000880 seconds
27.838: Application time: 0.0105450 seconds
27.839: [GC27.839: [ParNew: 36653K->3574K(37568K), 0.0039280 secs] 217041K->192545K(561284K), 0.0039680 secs] [Times: user=0.03 sys=0.00, real=0.00 secs] 
27.843: Total time for which application threads were stopped: 0.0041620 seconds, Stopping threads took: 0.0001230 seconds
27.853: Application time: 0.0104630 seconds
27.853: [GC27.853: [ParNew: 36371K->3570K(37568K), 0.0030170 secs] 225341K->198242K(561284K), 0.0030600 secs] [Times: user=0.02 sys=0.00, real=0.01 secs] 
27.856: Total time for which application threads were stopped: 0.0032040 seconds, Stopping threads took: 0.0000720 seconds
27.867: Application time: 0.0106120 seconds
27.867: [GC27.867: [ParNew: 36369K->3572K(37568K), 0.0039480 secs] 231040K->206795K(561284K), 0.0039910 secs] [Times: user=0.03 sys=0.00, real=0.00 secs] 
27.871: Total time for which application threads were stopped: 0.0042340 seconds, Stopping threads took: 0.0001690 seconds
27.881: Application time: 0.0100180 seconds
27.881: [GC27.881: [ParNew: 36365K->3568K(37568K), 0.0040780 secs] 239588K->216055K(561284K), 0.0041200 secs] [Times: user=0.03 sys=0.00, real=0.01 secs] 
27.886: Total time for which application threads were stopped: 0.0043090 seconds, Stopping threads took: 0.0001150 seconds
27.895: Application time: 0.0097890 seconds
27.896: [GC27.896: [ParNew: 36364K->3570K(37568K), 0.0037110 secs] 248851K->223896K(561284K), 0.0037540 secs] [Times: user=0.02 sys=0.00, real=0.00 secs] 
27.899: Total time for which application threads were stopped: 0.0040010 seconds, Stopping threads took: 0.0001720 seconds
27.910: Application time: 0.0104410 seconds
27.910: [GC27.910: [ParNew: 36828K->3606K(37568K), 0.0039580 secs] 257153K->232483K(561284K), 0.0039990 secs] [Times: user=0.03 sys=0.00, real=0.00 secs] 
27.914: Total time for which application threads were stopped: 0.0042130 seconds, Stopping threads took: 0.0001420 seconds
27.924: Application time: 0.0102610 seconds
27.924: [GC27.924: [ParNew: 36697K->3574K(37568K), 0.0037320 secs] 265574K->240320K(561284K), 0.0037750 secs] [Times: user=0.03 sys=0.00, real=0.00 secs] 
27.928: Total time for which application threads were stopped: 0.0039240 seconds, Stopping threads took: 0.0000770 seconds
27.938: Application time: 0.0099840 seconds
27.938: [GC27.938: [ParNew: 36371K->3572K(37568K), 0.0035470 secs] 273117K->247444K(561284K), 0.0035900 secs] [Times: user=0.03 sys=0.00, real=0.00 secs] 
27.942: Total time for which application threads were stopped: 0.0037800 seconds, Stopping threads took: 0.0001180 seconds
27.953: Application time: 0.0107530 seconds
27.953: [GC27.953: [ParNew: 36381K->3574K(37568K), 0.0041980 secs] 280253K->257423K(561284K), 0.0042400 secs] [Times: user=0.03 sys=0.00, real=0.01 secs] 
27.957: Total time for which application threads were stopped: 0.0045010 seconds, Stopping threads took: 0.0001810 seconds
27.967: Application time: 0.0101320 seconds
27.968: [GC27.968: [ParNew: 36368K->3564K(37568K), 0.0044140 secs] 290217K->268103K(561284K), 0.0044570 secs] [Times: user=0.03 sys=0.00, real=0.00 secs] 
27.972: Total time for which application threads were stopped: 0.0049560 seconds, Stopping threads took: 0.0004250 seconds
27.983: Application time: 0.0103470 seconds
27.983: [GC27.983: [ParNew: 36364K->3576K(37568K), 0.0046020 secs] 300903K->279516K(561284K), 0.0046470 secs] [Times: user=0.03 sys=0.00, real=0.00 secs] 
27.988: Total time for which application threads were stopped: 0.0051230 seconds, Stopping threads took: 0.0003750 seconds
27.998: Application time: 0.0102840 seconds
27.998: [GC27.998: [ParNew: 36377K->3570K(37568K), 0.0048030 secs] 312316K->290912K(561284K), 0.0048460 secs] [Times: user=0.04 sys=0.00, real=0.01 secs] 
28.003: Total time for which application threads were stopped: 0.0051490 seconds, Stopping threads took: 0.0002280 seconds
28.003: Application time: 0.0001280 seconds
28.004: [GC [1 CMS-initial-mark: 287341K(523716K)] 291624K(561284K), 0.0001230 secs] [Times: user=0.00 sys=0.00, real=0.00 secs] 
28.004: Total time for which application threads were stopped: 0.0006640 seconds, Stopping threads took: 0.0005140 seconds
28.004: [CMS-concurrent-mark-start]
28.015: Application time: 0.0106690 seconds
28.015: [GC28.015: [ParNew: 36377K->3572K(37568K), 0.0042950 secs] 323719K->300891K(561284K), 0.0043390 secs] [Times: user=0.03 sys=0.00, real=0.00 secs] 
28.019: Total time for which application threads were stopped: 0.0046320 seconds, Stopping threads took: 0.0002210 seconds
28.027: [CMS-concurrent-mark: 0.017/0.023 secs] [Times: user=0.15 sys=0.02, real=0.02 secs] 
28.027: [CMS-concurrent-preclean-start]
28.028: [CMS-concurrent-preclean: 0.001/0.001 secs] [Times: user=0.00 sys=0.00, real=0.00 secs] 
28.029: [CMS-concurrent-abortable-preclean-start]
28.031: Application time: 0.0113070 seconds
28.031: [GC28.031: [ParNew: 36370K->3570K(37568K), 0.0028370 secs] 333688K->305878K(561284K), 0.0028790 secs] [Times: user=0.02 sys=0.00, real=0.00 secs] 
28.034: Total time for which application threads were stopped: 0.0030400 seconds, Stopping threads took: 0.0000850 seconds
28.043: Application time: 0.0098160 seconds
28.044: [GC28.044: [ParNew: 36370K->3577K(37568K), 0.0035430 secs] 338677K->313011K(561284K), 0.0035860 secs] [Times: user=0.03 sys=0.00, real=0.00 secs] 
28.047: Total time for which application threads were stopped: 0.0037950 seconds, Stopping threads took: 0.0001360 seconds
28.057: Application time: 0.0099730 seconds
28.057: [GC28.057: [ParNew: 36368K->3567K(37568K), 0.0034100 secs] 345802K->319416K(561284K), 0.0034550 secs] [Times: user=0.02 sys=0.00, real=0.00 secs] 
28.061: Total time for which application threads were stopped: 0.0036640 seconds, Stopping threads took: 0.0001330 seconds
28.071: Application time: 0.0099620 seconds
28.071: [GC28.071: [ParNew: 36373K->3577K(37568K), 0.0031120 secs] 352222K->325127K(561284K), 0.0031520 secs] [Times: user=0.02 sys=0.01, real=0.00 secs] 
28.074: Total time for which application threads were stopped: 0.0033440 seconds, Stopping threads took: 0.0001210 seconds
28.084: Application time: 0.0100490 seconds
28.084: [GC28.085: [ParNew: 36385K->3575K(37568K), 0.0031690 secs] 357935K->330828K(561284K), 0.0032130 secs] [Times: user=0.02 sys=0.00, real=0.00 secs] 
28.088: Total time for which application threads were stopped: 0.0033940 seconds, Stopping threads took: 0.0001070 seconds
28.097: Application time: 0.0088220 seconds
28.097: [GC28.097: [ParNew: 36374K->3571K(37568K), 0.0040060 secs] 363626K->339376K(561284K), 0.0040500 secs] [Times: user=0.03 sys=0.00, real=0.00 secs] 
28.101: Total time for which application threads were stopped: 0.0042390 seconds, Stopping threads took: 0.0001140 seconds
28.109: Application time: 0.0084530 seconds
28.109: [GC28.109: [ParNew: 36360K->3563K(37568K), 0.0036460 secs] 372166K->346495K(561284K), 0.0036900 secs] [Times: user=0.03 sys=0.00, real=0.00 secs] 
28.113: Total time for which application threads were stopped: 0.0038740 seconds, Stopping threads took: 0.0001100 seconds
28.123: Application time: 0.0094340 seconds
28.123: [GC28.123: [ParNew: 36354K->3562K(37568K), 0.0033010 secs] 379286K->352908K(561284K), 0.0033410 secs] [Times: user=0.03 sys=0.00, real=0.00 secs] 
28.126: Total time for which application threads were stopped: 0.0036110 seconds, Stopping threads took: 0.0001920 seconds
28.137: Application time: 0.0110680 seconds
28.137: [GC28.137: [ParNew: 36377K->3578K(37568K), 0.0036550 secs] 385723K->360050K(561284K), 0.0037020 secs] [Times: user=0.03 sys=0.00, real=0.00 secs] 
28.141: Total time for which application threads were stopped: 0.0038890 seconds, Stopping threads took: 0.0001120 seconds
28.158: Application time: 0.0166130 seconds
28.158: [GC28.158: [ParNew: 36373K->3566K(37568K), 0.0029640 secs] 392845K->364316K(561284K), 0.0030070 secs] [Times: user=0.02 sys=0.00, real=0.00 secs] 
28.161: Total time for which application threads were stopped: 0.0031900 seconds, Stopping threads took: 0.0001070 seconds
28.209: Application time: 0.0480370 seconds
28.209: [GC28.209: [ParNew: 36374K->3572K(37568K), 0.0038840 secs] 397124K->372872K(561284K), 0.0039280 secs] [Times: user=0.03 sys=0.00, real=0.00 secs] 
28.213: Total time for which application threads were stopped: 0.0040630 seconds, Stopping threads took: 0.0000630 seconds
28.365: Application time: 0.1517010 seconds
28.365: [GC28.365: [ParNew: 36364K->3564K(37568K), 0.0051560 secs] 405664K->385691K(561284K), 0.0052000 secs] [Times: user=0.04 sys=0.00, real=0.00 secs] 
28.370: Total time for which application threads were stopped: 0.0053390 seconds, Stopping threads took: 0.0000680 seconds
28.370: [CMS-concurrent-abortable-preclean: 0.014/0.342 secs] [Times: user=2.66 sys=0.01, real=0.34 secs] 
28.370: Application time: 0.0000470 seconds
28.370: [GC[YG occupancy: 4277 K (37568 K)]28.370: [Rescan (parallel) , 0.0002350 secs]28.371: [weak refs processing, 0.0000060 secs]28.371: [scrub string table, 0.0000900 secs] [1 CMS-remark: 382127K(523716K)] 386404K(561284K), 0.0003540 secs] [Times: user=0.00 sys=0.00, real=0.00 secs] 
28.371: Total time for which application threads were stopped: 0.0004890 seconds, Stopping threads took: 0.0001090 seconds
28.371: [CMS-concurrent-sweep-start]
28.372: [CMS-concurrent-sweep: 0.002/0.002 secs] [Times: user=0.01 sys=0.00, real=0.00 secs] 
28.372: [CMS-concurrent-reset-start]
28.374: [CMS-concurrent-reset: 0.002/0.002 secs] [Times: user=0.00 sys=0.00, real=0.00 secs] 
28.522: Application time: 0.1512910 seconds
28.522: [GC28.522: [ParNew: 36356K->3562K(37568K), 0.0047830 secs] 155295K->134614K(561284K), 0.0048260 secs] [Times: user=0.04 sys=0.00, real=0.01 secs] 
28.527: Total time for which application threads were stopped: 0.0049800 seconds, Stopping threads took: 0.0000680 seconds
28.653: Application time: 0.1263960 seconds
28.653: [GC28.653: [ParNew: 36354K->3562K(37568K), 0.0052050 secs] 167406K->147439K(561284K), 0.0052480 secs] [Times: user=0.04 sys=0.00, real=0.01 secs] 
28.659: Total time for which application threads were stopped: 0.0053880 seconds, Stopping threads took: 0.0000650 seconds
28.802: Application time: 0.1430600 seconds
28.802: [GC28.802: [ParNew: 36363K->3574K(37568K), 0.0051480 secs] 180240K->160277K(561284K), 0.0051890 secs] [Times: user=0.04 sys=0.00, real=0.01 secs] 
28.807: Total time for which application threads were stopped: 0.0053510 seconds, Stopping threads took: 0.0000880 seconds
28.952: Application time: 0.1444170 seconds
28.952: [GC28.952: [ParNew: 36375K->3568K(37568K), 0.0049540 secs] 193077K->172384K(561284K), 0.0049970 secs] [Times: user=0.04 sys=0.00, real=0.01 secs] 
28.957: Total time for which application threads were stopped: 0.0051390 seconds, Stopping threads took: 0.0000700 seconds
29.099: Application time: 0.1422180 seconds
29.099: [GC29.099: [ParNew: 36394K->3574K(37568K), 0.0055130 secs] 205210K->185929K(561284K), 0.0055650 secs] [Times: user=0.03 sys=0.00, real=0.01 secs] 
29.105: Total time for which application threads were stopped: 0.0057890 seconds, Stopping threads took: 0.0001200 seconds
29.260: Application time: 0.1554430 seconds
29.260: [GC29.260: [ParNew: 36383K->3574K(37568K), 0.0055440 secs] 218738K->200183K(561284K), 0.0055870 secs] [Times: user=0.05 sys=0.00, real=0.01 secs] 
29.266: Total time for which application threads were stopped: 0.0057080 seconds, Stopping threads took: 0.0000560 seconds
29.415: Application time: 0.1491770 seconds
29.415: [GC29.415: [ParNew: 36366K->3562K(37568K), 0.0049750 secs] 232974K->212285K(561284K), 0.0050180 secs] [Times: user=0.04 sys=0.00, real=0.00 secs] 
29.420: Total time for which application threads were stopped: 0.0051530 seconds, Stopping threads took: 0.0000660 seconds
29.582: Application time: 0.1619060 seconds
29.582: [GC29.582: [ParNew: 36354K->3562K(37568K), 0.0052190 secs] 245077K->225110K(561284K), 0.0052650 secs] [Times: user=0.04 sys=0.00, real=0.01 secs] 
29.588: Total time for which application threads were stopped: 0.0054660 seconds, Stopping threads took: 0.0001210 seconds
29.750: Application time: 0.1625230 seconds
29.750: [GC29.750: [ParNew: 36354K->3564K(37568K), 0.0050940 secs] 257902K->237938K(561284K), 0.0051340 secs] [Times: user=0.04 sys=0.00, real=0.01 secs] 
29.755: Total time for which application threads were stopped: 0.0052730 seconds, Stopping threads took: 0.0000590 seconds
29.873: Application time: 0.1180370 seconds
29.873: [GC29.873: [ParNew: 36373K->3576K(37568K), 0.0050640 secs] 270746K->250775K(561284K), 0.0051060 secs] [Times: user=0.04 sys=0.00, real=0.01 secs] 
29.879: Total time for which application threads were stopped: 0.0052310 seconds, Stopping threads took: 0.0000560 seconds
30.010: Application time: 0.1318620 seconds
30.011: [GC30.011: [ParNew: 36377K->3572K(37568K), 0.0053000 secs] 283575K->263598K(561284K), 0.0053430 secs] [Times: user=0.04 sys=0.00, real=0.01 secs] 
30.016: Total time for which application threads were stopped: 0.0054760 seconds, Stopping threads took: 0.0000650 seconds
30.140: Application time: 0.1238740 seconds
30.140: [GC30.140: [ParNew: 36406K->3578K(37568K), 0.0053260 secs] 296432K->277143K(561284K), 0.0053680 secs] [Times: user=0.04 sys=0.00, real=0.01 secs] 
30.145: Total time for which application threads were stopped: 0.0055020 seconds, Stopping threads took: 0.0000600 seconds
30.247: Application time: 0.1015780 seconds
30.247: [GC30.247: [ParNew: 36371K->3562K(37568K), 0.0048760 secs] 309936K->289245K(561284K), 0.0049170 secs] [Times: user=0.03 sys=0.00, real=0.00 secs] 
30.252: Total time for which application threads were stopped: 0.0050370 seconds, Stopping threads took: 0.0000520 seconds
30.371: Application time: 0.1194100 seconds
30.371: [GC30.371: [ParNew: 36355K->3562K(37568K), 0.0051480 secs] 322038K->302071K(561284K), 0.0051920 secs] [Times: user=0.04 sys=0.00, real=0.01 secs] 
30.377: Total time for which application threads were stopped: 0.0053250 seconds, Stopping threads took: 0.0000570 seconds
30.470: Application time: 0.0934260 seconds
30.470: [GC30.470: [ParNew: 36356K->3562K(37568K), 0.0049000 secs] 334865K->314185K(561284K), 0.0049430 secs] [Times: user=0.04 sys=0.00, real=0.01 secs] 
30.475: Total time for which application threads were stopped: 0.0050790 seconds, Stopping threads took: 0.0000670 seconds
30.603: Application time: 0.1282390 seconds
30.604: [GC30.604: [ParNew: 36357K->3562K(37568K), 0.0051950 secs] 346979K->327011K(561284K), 0.0052480 secs] [Times: user=0.04 sys=0.00, real=0.00 secs] 
30.609: Total time for which application threads were stopped: 0.0053880 seconds, Stopping threads took: 0.0000680 seconds
30.694: Application time: 0.0848390 seconds
30.694: [GC30.694: [ParNew: 36365K->3573K(37568K), 0.0049400 secs] 359814K->339135K(561284K), 0.0049830 secs] [Times: user=0.03 sys=0.00, real=0.01 secs] 
30.699: Total time for which application threads were stopped: 0.0051400 seconds, Stopping threads took: 0.0000760 seconds
30.829: Application time: 0.1298300 seconds
30.829: [GC30.829: [ParNew: 36376K->3571K(37568K), 0.0050590 secs] 371939K->351961K(561284K), 0.0051130 secs] [Times: user=0.03 sys=0.00, real=0.00 secs] 
30.834: Total time for which application threads were stopped: 0.0052410 seconds, Stopping threads took: 0.0000560 seconds
30.934: Application time: 0.1002600 seconds
30.934: [GC30.934: [ParNew: 36374K->3569K(37568K), 0.0049990 secs] 384765K->364074K(561284K), 0.0050410 secs] [Times: user=0.03 sys=0.00, real=0.01 secs] 
30.939: Total time for which application threads were stopped: 0.0051860 seconds, Stopping threads took: 0.0000640 seconds
31.054: Application time: 0.1147840 seconds
31.054: [GC31.054: [ParNew: 36389K->3579K(37568K), 0.0051680 secs] 396894K->376911K(561284K), 0.0052100 secs] [Times: user=0.04 sys=0.00, real=0.01 secs] 
31.059: Total time for which application threads were stopped: 0.0053470 seconds, Stopping threads took: 0.0000640 seconds
31.167: Application time: 0.1076050 seconds
31.167: [GC31.167: [ParNew: 36391K->3569K(37568K), 0.0049640 secs] 409723K->389018K(561284K), 0.0050060 secs] [Times: user=0.04 sys=0.00, real=0.00 secs] 
31.172: Total time for which application threads were stopped: 0.0051540 seconds, Stopping threads took: 0.0000810 seconds
31.285: Application time: 0.1123030 seconds
31.285: [GC31.285: [ParNew: 36363K->3562K(37568K), 0.0052030 secs] 421813K->401840K(561284K), 0.0052480 secs] [Times: user=0.04 sys=0.00, real=0.00 secs] 
31.290: Total time for which application threads were stopped: 0.0053890 seconds, Stopping threads took: 0.0000680 seconds
31.408: Application time: 0.1183970 seconds
31.408: [GC31.408: [ParNew: 36357K->3562K(37568K), 0.0048870 secs] 434634K->413954K(561284K), 0.0049290 secs] [Times: user=0.04 sys=0.00, real=0.00 secs] 
31.413: Total time for which application threads were stopped: 0.0050680 seconds, Stopping threads took: 0.0000660 seconds
31.534: Application time: 0.1209120 seconds
31.534: [GC31.534: [ParNew: 36356K->3562K(37568K), 0.0051440 secs] 446747K->426779K(561284K), 0.0051870 secs] [Times: user=0.04 sys=0.00, real=0.01 secs] 
31.540: Total time for which application threads were stopped: 0.0053660 seconds, Stopping threads took: 0.0000970 seconds
31.626: Application time: 0.0864720 seconds
31.626: [GC31.626: [ParNew: 36356K->3562K(37568K), 0.0049870 secs] 459573K->438893K(561284K), 0.0050310 secs] [Times: user=0.03 sys=0.00, real=0.00 secs] 
31.631: Total time for which application threads were stopped: 0.0051830 seconds, Stopping threads took: 0.0000790 seconds
31.696: Application time: 0.0649260 seconds
31.696: [GC31.696: [ParNew: 36391K->3604K(37568K), 0.0042860 secs] 471722K->448198K(561284K), 0.0043290 secs] [Times: user=0.04 sys=0.00, real=0.00 secs] 
31.701: Total time for which application threads were stopped: 0.0044970 seconds, Stopping threads took: 0.0000930 seconds
31.725: Application time: 0.0240910 seconds
31.725: [GC31.725: [ParNew: 36399K->3570K(37568K), 0.0043200 secs] 480992K->457455K(561284K), 0.0043620 secs] [Times: user=0.03 sys=0.00, real=0.00 secs] 
31.729: Total time for which application threads were stopped: 0.0045320 seconds, Stopping threads took: 0.0000940 seconds
31.729: Application time: 0.0000720 seconds
31.730: [GC [1 CMS-initial-mark: 453885K(523716K)] 458168K(561284K), 0.0001230 secs] [Times: user=0.01 sys=0.00, real=0.00 secs] 
31.730: Total time for which application threads were stopped: 0.0002800 seconds, Stopping threads took: 0.0001320 seconds
31.730: [CMS-concurrent-mark-start]
31.734: [CMS-concurrent-mark: 0.004/0.004 secs] [Times: user=0.00 sys=0.00, real=0.00 secs] 
31.734: [CMS-concurrent-preclean-start]
31.735: [CMS-concurrent-preclean: 0.001/0.001 secs] [Times: user=0.03 sys=0.00, real=0.01 secs] 
31.735: [CMS-concurrent-abortable-preclean-start]
31.759: Application time: 0.0293730 seconds
31.759: [GC31.759: [ParNew: 36362K->3576K(37568K), 0.0027990 secs] 490247K->461024K(561284K), 0.0028390 secs] [Times: user=0.02 sys=0.00, real=0.00 secs] 
31.762: Total time for which application threads were stopped: 0.0030050 seconds, Stopping threads took: 0.0000910 seconds
31.786: Application time: 0.0241850 seconds
31.786: [GC31.786: [ParNew: 36415K->3605K(37568K), 0.0032470 secs] 493863K->466753K(561284K), 0.0032970 secs] [Times: user=0.03 sys=0.00, real=0.00 secs] 
31.790: Total time for which application threads were stopped: 0.0034450 seconds, Stopping threads took: 0.0000750 seconds
31.804: Application time: 0.0147360 seconds
31.805: [GC31.805: [ParNew: 36392K->3564K(37568K), 0.0032540 secs] 499541K->472443K(561284K), 0.0032970 secs] [Times: user=0.02 sys=0.00, real=0.00 secs] 
31.808: Total time for which application threads were stopped: 0.0035040 seconds, Stopping threads took: 0.0001320 seconds
31.829: Application time: 0.0210500 seconds
31.829: [GC31.829: [ParNew: 36363K->3572K(37568K), 0.0033460 secs] 505242K->478152K(561284K), 0.0033860 secs] [Times: user=0.02 sys=0.00, real=0.00 secs] 
31.833: Total time for which application threads were stopped: 0.0035560 seconds, Stopping threads took: 0.0000940 seconds
31.872: Application time: 0.0390670 seconds
31.872: [GC31.872: [ParNew: 36361K->3572K(37568K), 0.0026090 secs] 510940K->481003K(561284K), 0.0026500 secs] [Times: user=0.02 sys=0.00, real=0.00 secs] 
31.874: Total time for which application threads were stopped: 0.0028030 seconds, Stopping threads took: 0.0000800 seconds
31.893: Application time: 0.0181450 seconds
31.893: [GC31.893: [ParNew: 36403K->3600K(37568K), 0.0041710 secs] 513834K->490295K(561284K), 0.0042120 secs] [Times: user=0.03 sys=0.00, real=0.01 secs] 
31.897: Total time for which application threads were stopped: 0.0043790 seconds, Stopping threads took: 0.0000920 seconds
31.913: Application time: 0.0155940 seconds
31.913: [GC31.913: [ParNew: 36396K->3566K(37568K), 0.0034640 secs] 523091K->496703K(561284K), 0.0035090 secs] [Times: user=0.02 sys=0.00, real=0.01 secs] 
31.916: Total time for which application threads were stopped: 0.0037050 seconds, Stopping threads took: 0.0001180 seconds
31.934: Application time: 0.0174400 seconds
31.934: [GC31.934: [ParNew: 36352K->3562K(37568K), 0.0029140 secs] 529489K->500975K(561284K), 0.0029580 secs] [Times: user=0.02 sys=0.00, real=0.01 secs] 
31.937: Total time for which application threads were stopped: 0.0031040 seconds, Stopping threads took: 0.0000670 seconds
31.963: Application time: 0.0259200 seconds
31.963: [GC31.963: [ParNew: 36814K->3611K(37568K), 0.0025150 secs] 534227K->503875K(561284K), 0.0025550 secs] [Times: user=0.01 sys=0.00, real=0.00 secs] 
31.966: Total time for which application threads were stopped: 0.0027290 seconds, Stopping threads took: 0.0001010 seconds
31.985: Application time: 0.0196270 seconds
31.985: [GC31.985: [ParNew: 36704K->3572K(37568K), 0.0032910 secs] 536967K->508853K(561284K), 0.0033350 secs] [Times: user=0.02 sys=0.00, real=0.00 secs] 
31.989: Total time for which application threads were stopped: 0.0035310 seconds, Stopping threads took: 0.0001170 seconds
32.002: Application time: 0.0135860 seconds
32.002: [GC32.003: [ParNew: 36360K->3562K(37568K), 0.0040440 secs] 541641K->517395K(561284K), 0.0040910 secs] [Times: user=0.03 sys=0.00, real=0.01 secs] 
32.007: Total time for which application threads were stopped: 0.0043490 seconds, Stopping threads took: 0.0001810 seconds
32.027: Application time: 0.0199050 seconds
32.027: [GC32.027: [ParNew: 36362K->3575K(37568K), 0.0027410 secs] 550195K->520970K(561284K), 0.0027840 secs] [Times: user=0.02 sys=0.00, real=0.00 secs] 
32.029: Total time for which application threads were stopped: 0.0029690 seconds, Stopping threads took: 0.0001080 seconds
32.048: Application time: 0.0187450 seconds
32.048: [GC32.048: [ParNew: 36368K->3570K(37568K), 0.0091780 secs] 553764K->525242K(562716K), 0.0092170 secs] [Times: user=0.07 sys=0.00, real=0.01 secs] 
32.058: Total time for which application threads were stopped: 0.0093820 seconds, Stopping threads took: 0.0000850 seconds
32.081: Application time: 0.0236810 seconds
32.081: [GC32.081: [ParNew: 36826K->3610K(37568K), 0.0022050 secs] 558497K->527420K(564864K), 0.0022460 secs] [Times: user=0.01 sys=0.00, real=0.01 secs] 
32.084: Total time for which application threads were stopped: 0.0024620 seconds, Stopping threads took: 0.0001360 seconds
32.103: Application time: 0.0192980 seconds
32.103: [GC32.103: [ParNew: 36713K->3613K(37568K), 0.0029970 secs] 560523K->533866K(571308K), 0.0030360 secs] [Times: user=0.02 sys=0.01, real=0.00 secs] 
32.106: Total time for which application threads were stopped: 0.0032890 seconds, Stopping threads took: 0.0001690 seconds
32.120: Application time: 0.0131810 seconds
32.120: [GC32.120: [ParNew: 36424K->3576K(37568K), 0.0026680 secs] 566676K->538847K(576320K), 0.0027100 secs] [Times: user=0.02 sys=0.00, real=0.00 secs] 
32.122: Total time for which application threads were stopped: 0.0028680 seconds, Stopping threads took: 0.0000830 seconds
32.134: Application time: 0.0120750 seconds
32.135: [GC32.135: [ParNew: 36369K->3568K(37568K), 0.0025660 secs] 571640K->543827K(581332K), 0.0026060 secs] [Times: user=0.01 sys=0.00, real=0.01 secs] 
32.137: Total time for which application threads were stopped: 0.0028260 seconds, Stopping threads took: 0.0001460 seconds
32.150: Application time: 0.0124430 seconds
32.150: [GC32.150: [ParNew: 36290K->3609K(37568K), 0.0029660 secs] 576549K->550282K(587776K), 0.0030070 secs] [Times: user=0.01 sys=0.00, real=0.00 secs] 
32.153: Total time for which application threads were stopped: 0.0031640 seconds, Stopping threads took: 0.0000840 seconds
32.167: Application time: 0.0141970 seconds
32.167: [GC32.167: [ParNew: 36511K->3574K(37568K), 0.0026800 secs] 583184K->555265K(592788K), 0.0027210 secs] [Times: user=0.02 sys=0.00, real=0.00 secs] 
32.170: Total time for which application threads were stopped: 0.0028750 seconds, Stopping threads took: 0.0000800 seconds
32.183: Application time: 0.0129920 seconds
32.183: [GC32.183: [ParNew: 36800K->3605K(37568K), 0.0022950 secs] 588490K->558859K(596368K), 0.0023330 secs] [Times: user=0.01 sys=0.00, real=0.00 secs] 
32.185: Total time for which application threads were stopped: 0.0024790 seconds, Stopping threads took: 0.0000740 seconds
32.199: Application time: 0.0133000 seconds
32.203: [GC32.203: [ParNew: 36730K->3578K(37568K), 0.0027690 secs] 591984K->564562K(602096K), 0.0028080 secs] [Times: user=0.02 sys=0.00, real=0.00 secs] 
32.206: Total time for which application threads were stopped: 0.0069140 seconds, Stopping threads took: 0.0040360 seconds
32.216: Application time: 0.0099090 seconds
32.219: [GC32.219: [ParNew: 36365K->3564K(37568K), 0.0029910 secs] 597349K->570964K(608540K), 0.0030340 secs] [Times: user=0.02 sys=0.00, real=0.00 secs] 
32.222: Total time for which application threads were stopped: 0.0063320 seconds, Stopping threads took: 0.0032250 seconds
32.233: Application time: 0.0107890 seconds
32.233: [GC32.233: [ParNew: 36361K->3573K(37568K), 0.0031430 secs] 603760K->576673K(614268K), 0.0031930 secs] [Times: user=0.01 sys=0.02, real=0.01 secs] 
32.236: Total time for which application threads were stopped: 0.0033960 seconds, Stopping threads took: 0.0001120 seconds
32.246: Application time: 0.0101810 seconds
32.246: [GC32.246: [ParNew: 36372K->3572K(37568K), 0.0027920 secs] 609473K->582374K(619996K), 0.0028340 secs] [Times: user=0.02 sys=0.00, real=0.00 secs] 
32.249: Total time for which application threads were stopped: 0.0029990 seconds, Stopping threads took: 0.0000900 seconds
32.259: Application time: 0.0095490 seconds
32.259: [GC32.259: [ParNew: 36372K->3576K(37568K), 0.0037460 secs] 615174K->592355K(629304K), 0.0037890 secs] [Times: user=0.02 sys=0.00, real=0.01 secs] 
32.263: Total time for which application threads were stopped: 0.0040010 seconds, Stopping threads took: 0.0001370 seconds
32.274: Application time: 0.0106940 seconds
32.274: [GC32.274: [ParNew: 36369K->3570K(37568K), 0.0030730 secs] 625147K->598763K(635748K), 0.0031130 secs] [Times: user=0.02 sys=0.01, real=0.01 secs] 
32.277: Total time for which application threads were stopped: 0.0032770 seconds, Stopping threads took: 0.0000900 seconds
32.289: Application time: 0.0120480 seconds
32.289: [GC32.289: [ParNew: 36364K->3572K(37568K), 0.0022560 secs] 631556K->601616K(638612K), 0.0023050 secs] [Times: user=0.01 sys=0.00, real=0.00 secs] 
32.291: Total time for which application threads were stopped: 0.0024610 seconds, Stopping threads took: 0.0000830 seconds
32.311: Application time: 0.0196570 seconds
32.311: [GC32.311: [ParNew: 36367K->3573K(37568K), 0.0024870 secs] 634411K->605892K(642908K), 0.0025280 secs] [Times: user=0.02 sys=0.00, real=0.00 secs] 
32.314: Total time for which application threads were stopped: 0.0026800 seconds, Stopping threads took: 0.0000790 seconds
32.331: Application time: 0.0170990 seconds
32.331: [GC32.331: [ParNew: 36373K->3571K(37568K), 0.0023660 secs] 638693K->608741K(645772K), 0.0024080 secs] [Times: user=0.02 sys=0.00, real=0.00 secs] 
32.333: Total time for which application threads were stopped: 0.0025760 seconds, Stopping threads took: 0.0000910 seconds
32.348: Application time: 0.0145230 seconds
32.348: [GC32.348: [ParNew: 36358K->3562K(37568K), 0.0025930 secs] 641528K->613010K(650068K), 0.0026330 secs] [Times: user=0.02 sys=0.00, real=0.00 secs] 
32.351: Total time for which application threads were stopped: 0.0028030 seconds, Stopping threads took: 0.0000960 seconds
32.370: Application time: 0.0190830 seconds
32.370: [GC32.370: [ParNew: 36367K->3570K(37568K), 0.0030770 secs] 645815K->619431K(656512K), 0.0031190 secs] [Times: user=0.02 sys=0.01, real=0.00 secs] 
32.373: Total time for which application threads were stopped: 0.0032880 seconds, Stopping threads took: 0.0000940 seconds
32.441: Application time: 0.0676760 seconds
32.441: [GC32.441: [ParNew: 36372K->3566K(37568K), 0.0038430 secs] 652233K->630115K(667252K), 0.0038850 secs] [Times: user=0.01 sys=0.02, real=0.01 secs] 
32.445: Total time for which application threads were stopped: 0.0040240 seconds, Stopping threads took: 0.0000670 seconds
32.586: Application time: 0.1410390 seconds
32.586: [GC32.586: [ParNew: 36358K->3562K(37568K), 0.0043530 secs] 662907K->642938K(680140K), 0.0043940 secs] [Times: user=0.03 sys=0.01, real=0.00 secs] 
32.590: Total time for which application threads were stopped: 0.0045530 seconds, Stopping threads took: 0.0000780 seconds
32.590: [CMS-concurrent-abortable-preclean: 0.032/0.855 secs] [Times: user=6.44 sys=0.08, real=0.85 secs] 
32.590: Application time: 0.0000640 seconds
32.591: [GC[YG occupancy: 4275 K (37568 K)]32.591: [Rescan (parallel) , 0.0002280 secs]32.591: [weak refs processing, 0.0000060 secs]32.591: [scrub string table, 0.0001080 secs] [1 CMS-remark: 639375K(642572K)] 643650K(680140K), 0.0003600 secs] [Times: user=0.00 sys=0.00, real=0.00 secs] 
32.591: Total time for which application threads were stopped: 0.0004800 seconds, Stopping threads took: 0.0000940 seconds
32.591: [CMS-concurrent-sweep-start]
32.592: [CMS-concurrent-sweep: 0.001/0.001 secs] [Times: user=0.00 sys=0.00, real=0.00 secs] 
32.592: [CMS-concurrent-reset-start]
32.594: [CMS-concurrent-reset: 0.001/0.001 secs] [Times: user=0.00 sys=0.00, real=0.00 secs] 
32.752: Application time: 0.1614080 seconds
32.752: [GC32.752: [ParNew: 36354K->3564K(37568K), 0.0051740 secs] 249561K->229597K(680140K), 0.0052140 secs] [Times: user=0.04 sys=0.00, real=0.01 secs] 
32.758: Total time for which application threads were stopped: 0.0053540 seconds, Stopping threads took: 0.0000670 seconds
32.884: Application time: 0.1258430 seconds
32.884: [GC32.884: [ParNew: 36356K->3562K(37568K), 0.0049370 secs] 262388K->241707K(680140K), 0.0049790 secs] [Times: user=0.04 sys=0.00, real=0.00 secs] 
32.889: Total time for which application threads were stopped: 0.0051390 seconds, Stopping threads took: 0.0000870 seconds
33.037: Application time: 0.1483680 seconds
33.037: [GC33.037: [ParNew: 36371K->3576K(37568K), 0.0053850 secs] 274516K->255259K(680140K), 0.0054270 secs] [Times: user=0.04 sys=0.00, real=0.00 secs] 
33.043: Total time for which application threads were stopped: 0.0055880 seconds, Stopping threads took: 0.0000880 seconds
33.192: Application time: 0.1495960 seconds
33.192: [GC33.192: [ParNew: 36395K->3574K(37568K), 0.0054920 secs] 288078K->268797K(680140K), 0.0055360 secs] [Times: user=0.04 sys=0.00, real=0.01 secs] 
33.198: Total time for which application threads were stopped: 0.0056950 seconds, Stopping threads took: 0.0000680 seconds
33.347: Application time: 0.1490760 seconds
33.347: [GC33.347: [ParNew: 36392K->3572K(37568K), 0.0054300 secs] 301614K->282336K(680140K), 0.0054730 secs] [Times: user=0.04 sys=0.00, real=0.00 secs] 
33.353: Total time for which application threads were stopped: 0.0056040 seconds, Stopping threads took: 0.0000580 seconds
33.497: Application time: 0.1439270 seconds
33.497: [GC33.497: [ParNew: 36364K->3562K(37568K), 0.0052100 secs] 315128K->295154K(680140K), 0.0052540 secs] [Times: user=0.04 sys=0.00, real=0.00 secs] 
33.502: Total time for which application threads were stopped: 0.0053960 seconds, Stopping threads took: 0.0000680 seconds
33.648: Application time: 0.1460870 seconds
33.648: [GC33.648: [ParNew: 36354K->3564K(37568K), 0.0051860 secs] 327946K->307981K(680140K), 0.0052280 secs] [Times: user=0.04 sys=0.00, real=0.00 secs] 
33.653: Total time for which application threads were stopped: 0.0053570 seconds, Stopping threads took: 0.0000590 seconds
33.800: Application time: 0.1466250 seconds
33.800: [GC33.800: [ParNew: 36356K->3562K(37568K), 0.0049290 secs] 340773K->320092K(680140K), 0.0049710 secs] [Times: user=0.03 sys=0.00, real=0.01 secs] 
33.805: Total time for which application threads were stopped: 0.0051190 seconds, Stopping threads took: 0.0000640 seconds
33.945: Application time: 0.1398750 seconds
33.945: [GC33.945: [ParNew: 36362K->3576K(37568K), 0.0054020 secs] 352892K->333644K(680140K), 0.0054460 secs] [Times: user=0.04 sys=0.00, real=0.00 secs] 
33.951: Total time for which application threads were stopped: 0.0055920 seconds, Stopping threads took: 0.0000710 seconds
34.076: Application time: 0.1258040 seconds
34.077: [GC34.077: [ParNew: 36393K->3574K(37568K), 0.0051410 secs] 366461K->346468K(680140K), 0.0051850 secs] [Times: user=0.04 sys=0.00, real=0.00 secs] 
34.082: Total time for which application threads were stopped: 0.0053140 seconds, Stopping threads took: 0.0000570 seconds
34.203: Application time: 0.1216820 seconds
34.203: [GC34.204: [ParNew: 36383K->3574K(37568K), 0.0048060 secs] 379277K->357871K(680140K), 0.0048470 secs] [Times: user=0.04 sys=0.00, real=0.00 secs] 
34.208: Total time for which application threads were stopped: 0.0049750 seconds, Stopping threads took: 0.0000560 seconds
34.317: Application time: 0.1088950 seconds
34.317: [GC34.317: [ParNew: 36384K->3570K(37568K), 0.0056250 secs] 390681K->372120K(680140K), 0.0056710 secs] [Times: user=0.04 sys=0.00, real=0.01 secs] 
34.323: Total time for which application threads were stopped: 0.0058240 seconds, Stopping threads took: 0.0000690 seconds
34.437: Application time: 0.1142590 seconds
34.437: [GC34.437: [ParNew: 36363K->3564K(37568K), 0.0052200 secs] 404913K->384942K(680140K), 0.0052610 secs] [Times: user=0.05 sys=0.00, real=0.00 secs] 
34.443: Total time for which application threads were stopped: 0.0053920 seconds, Stopping threads took: 0.0000610 seconds
34.550: Application time: 0.1073480 seconds
34.550: [GC34.550: [ParNew: 36358K->3562K(37568K), 0.0052160 secs] 417735K->397766K(680140K), 0.0052610 secs] [Times: user=0.04 sys=0.00, real=0.01 secs] 
34.556: Total time for which application threads were stopped: 0.0054290 seconds, Stopping threads took: 0.0000970 seconds
34.655: Application time: 0.0992190 seconds
34.655: [GC34.655: [ParNew: 36356K->3564K(37568K), 0.0052390 secs] 430560K->410594K(680140K), 0.0052800 secs] [Times: user=0.04 sys=0.00, real=0.00 secs] 
34.660: Total time for which application threads were stopped: 0.0054430 seconds, Stopping threads took: 0.0000900 seconds
34.773: Application time: 0.1132750 seconds
34.774: [GC34.774: [ParNew: 36359K->3562K(37568K), 0.0052530 secs] 443389K->423419K(680140K), 0.0052950 secs] [Times: user=0.04 sys=0.00, real=0.01 secs] 
34.779: Total time for which application threads were stopped: 0.0054430 seconds, Stopping threads took: 0.0000770 seconds
34.895: Application time: 0.1161130 seconds
34.895: [GC34.895: [ParNew: 36366K->3577K(37568K), 0.0053010 secs] 456222K->436260K(680140K), 0.0053390 secs] [Times: user=0.04 sys=0.00, real=0.00 secs] 
34.901: Total time for which application threads were stopped: 0.0055090 seconds, Stopping threads took: 0.0000830 seconds
35.001: Application time: 0.0999840 seconds
35.001: [GC35.001: [ParNew: 36380K->3569K(37568K), 0.0054100 secs] 469063K->449792K(680140K), 0.0054550 secs] [Times: user=0.04 sys=0.00, real=0.01 secs] 
35.006: Total time for which application threads were stopped: 0.0056010 seconds, Stopping threads took: 0.0000700 seconds
35.114: Application time: 0.1075100 seconds
35.114: [GC35.114: [ParNew: 36389K->3575K(37568K), 0.0054220 secs] 482612K->463338K(680140K), 0.0054650 secs] [Times: user=0.05 sys=0.00, real=0.01 secs] 
35.119: Total time for which application threads were stopped: 0.0056130 seconds, Stopping threads took: 0.0000730 seconds
35.220: Application time: 0.1005560 seconds
35.220: [GC35.220: [ParNew: 36395K->3571K(37568K), 0.0057000 secs] 496159K->477588K(680140K), 0.0057430 secs] [Times: user=0.04 sys=0.00, real=0.01 secs] 
35.226: Total time for which application threads were stopped: 0.0058830 seconds, Stopping threads took: 0.0000650 seconds
35.348: Application time: 0.1220470 seconds
35.348: [GC35.348: [ParNew: 36366K->3564K(37568K), 0.0052760 secs] 510383K->490411K(680140K), 0.0053220 secs] [Times: user=0.04 sys=0.00, real=0.00 secs] 
35.353: Total time for which application threads were stopped: 0.0054830 seconds, Stopping threads took: 0.0000870 seconds
35.455: Application time: 0.1017270 seconds
35.455: [GC35.455: [ParNew: 36359K->3562K(37568K), 0.0052780 secs] 523206K->503236K(680140K), 0.0053240 secs] [Times: user=0.03 sys=0.00, real=0.00 secs] 
35.460: Total time for which application threads were stopped: 0.0054800 seconds, Stopping threads took: 0.0000690 seconds
35.585: Application time: 0.1245340 seconds
35.585: [GC35.585: [ParNew: 36356K->3564K(37568K), 0.0052970 secs] 536030K->516064K(680140K), 0.0053440 secs] [Times: user=0.05 sys=0.00, real=0.00 secs] 
35.590: Total time for which application threads were stopped: 0.0054880 seconds, Stopping threads took: 0.0000700 seconds
35.686: Application time: 0.0957620 seconds
35.686: [GC35.686: [ParNew: 36358K->3564K(37568K), 0.0048390 secs] 548857K->527464K(680140K), 0.0048950 secs] [Times: user=0.04 sys=0.00, real=0.00 secs] 
35.691: Total time for which application threads were stopped: 0.0050440 seconds, Stopping threads took: 0.0000790 seconds
35.782: Application time: 0.0907090 seconds
35.782: [GC35.782: [ParNew: 36398K->3604K(37568K), 0.0055110 secs] 560298K->540330K(680140K), 0.0055540 secs] [Times: user=0.05 sys=0.00, real=0.01 secs] 
35.788: Total time for which application threads were stopped: 0.0057180 seconds, Stopping threads took: 0.0000910 seconds
35.788: Application time: 0.0000590 seconds
35.788: [GC [1 CMS-initial-mark: 536725K(642572K)] 541043K(680140K), 0.0001210 secs] [Times: user=0.00 sys=0.00, real=0.00 secs] 
35.788: Total time for which application threads were stopped: 0.0002480 seconds, Stopping threads took: 0.0001000 seconds
35.788: [CMS-concurrent-mark-start]
35.793: [CMS-concurrent-mark: 0.005/0.005 secs] [Times: user=0.02 sys=0.00, real=0.00 secs] 
35.793: [CMS-concurrent-preclean-start]
35.794: [CMS-concurrent-preclean: 0.001/0.001 secs] [Times: user=0.00 sys=0.00, real=0.00 secs] 
35.794: [CMS-concurrent-abortable-preclean-start]
35.819: Application time: 0.0310690 seconds
35.819: [GC35.819: [ParNew: 36395K->3566K(37568K), 0.0033600 secs] 573120K->545308K(680140K), 0.0034030 secs] [Times: user=0.03 sys=0.00, real=0.00 secs] 
35.823: Total time for which application threads were stopped: 0.0036310 seconds, Stopping threads took: 0.0001520 seconds
35.850: Application time: 0.0275470 seconds
35.850: [GC35.850: [ParNew: 36359K->3570K(37568K), 0.0034490 secs] 578101K->551725K(680140K), 0.0034960 secs] [Times: user=0.03 sys=0.00, real=0.00 secs] 
35.854: Total time for which application threads were stopped: 0.0036610 seconds, Stopping threads took: 0.0000910 seconds
35.878: Application time: 0.0241430 seconds
35.878: [GC35.878: [ParNew: 36356K->3563K(37568K), 0.0036260 secs] 584511K->558131K(680140K), 0.0036790 secs] [Times: user=0.03 sys=0.00, real=0.00 secs] 
35.882: Total time for which application threads were stopped: 0.0038280 seconds, Stopping threads took: 0.0000760 seconds
35.903: Application time: 0.0215200 seconds
35.904: [GC35.904: [ParNew: 36357K->3566K(37568K), 0.0030820 secs] 590926K->562410K(680140K), 0.0031220 secs] [Times: user=0.02 sys=0.00, real=0.00 secs] 
35.907: Total time for which application threads were stopped: 0.0032740 seconds, Stopping threads took: 0.0000760 seconds
35.960: Application time: 0.0532810 seconds
35.960: [GC35.960: [ParNew: 36407K->3606K(37568K), 0.0047000 secs] 595250K->573138K(680140K), 0.0047430 secs] [Times: user=0.03 sys=0.00, real=0.01 secs] 
35.965: Total time for which application threads were stopped: 0.0049360 seconds, Stopping threads took: 0.0001070 seconds
35.991: Application time: 0.0259000 seconds
35.991: [GC35.991: [ParNew: 36400K->3570K(37568K), 0.0041110 secs] 605932K->581682K(680140K), 0.0041520 secs] [Times: user=0.03 sys=0.00, real=0.01 secs] 
35.995: Total time for which application threads were stopped: 0.0043120 seconds, Stopping threads took: 0.0000860 seconds
36.027: Application time: 0.0320570 seconds
36.027: [GC36.027: [ParNew: 36359K->3576K(37568K), 0.0026040 secs] 614470K->584538K(680140K), 0.0026450 secs] [Times: user=0.02 sys=0.00, real=0.00 secs] 
36.030: Total time for which application threads were stopped: 0.0027900 seconds, Stopping threads took: 0.0000740 seconds
36.050: Application time: 0.0199850 seconds
36.050: [GC36.050: [ParNew: 36983K->3636K(37568K), 0.0028430 secs] 617945K->588874K(680140K), 0.0028870 secs] [Times: user=0.02 sys=0.00, real=0.00 secs] 
36.053: Total time for which application threads were stopped: 0.0030610 seconds, Stopping threads took: 0.0000990 seconds
36.064: Application time: 0.0112570 seconds
36.064: [GC36.064: [ParNew: 36556K->3608K(37568K), 0.0033870 secs] 621794K->594605K(680140K), 0.0034310 secs] [Times: user=0.02 sys=0.00, real=0.00 secs] 
36.068: Total time for which application threads were stopped: 0.0036180 seconds, Stopping threads took: 0.0001130 seconds
36.078: Application time: 0.0105490 seconds
36.079: [GC36.079: [ParNew: 36493K->3570K(37568K), 0.0032630 secs] 627489K->600297K(680140K), 0.0033070 secs] [Times: user=0.02 sys=0.00, real=0.00 secs] 
36.082: Total time for which application threads were stopped: 0.0035080 seconds, Stopping threads took: 0.0001260 seconds
36.093: Application time: 0.0106500 seconds
36.093: [GC36.093: [ParNew: 36363K->3566K(37568K), 0.0038110 secs] 633090K->607419K(680140K), 0.0038550 secs] [Times: user=0.03 sys=0.00, real=0.01 secs] 
36.097: Total time for which application threads were stopped: 0.0040290 seconds, Stopping threads took: 0.0001000 seconds
36.112: Application time: 0.0154510 seconds
36.112: [GC36.112: [ParNew: 36365K->3572K(37568K), 0.0036420 secs] 640217K->613839K(680140K), 0.0036850 secs] [Times: user=0.03 sys=0.00, real=0.01 secs] 
36.116: Total time for which application threads were stopped: 0.0038790 seconds, Stopping threads took: 0.0001200 seconds
36.128: Application time: 0.0122200 seconds
36.128: [GC36.128: [ParNew: 36360K->3572K(37568K), 0.0029460 secs] 646627K->618115K(680140K), 0.0029860 secs] [Times: user=0.02 sys=0.00, real=0.00 secs] 
36.131: Total time for which application threads were stopped: 0.0031620 seconds, Stopping threads took: 0.0001010 seconds
36.146: Application time: 0.0150240 seconds
36.147: [GC36.147: [ParNew: 36369K->3570K(37568K), 0.0023940 secs] 650912K->620964K(680140K), 0.0024370 secs] [Times: user=0.02 sys=0.00, real=0.00 secs] 
36.149: Total time for which application threads were stopped: 0.0025900 seconds, Stopping threads took: 0.0000800 seconds
36.161: Application time: 0.0121450 seconds
36.161: [GC36.161: [ParNew: 36821K->3608K(37568K), 0.0026940 secs] 654215K->624565K(680140K), 0.0027340 secs] [Times: user=0.02 sys=0.00, real=0.01 secs] 
36.164: Total time for which application threads were stopped: 0.0028830 seconds, Stopping threads took: 0.0000770 seconds
36.175: Application time: 0.0105210 seconds
36.175: [GC36.175: [ParNew: 37014K->3608K(37568K), 0.0030260 secs] 657972K->629584K(680140K), 0.0030780 secs] [Times: user=0.02 sys=0.00, real=0.01 secs] 
36.178: Total time for which application threads were stopped: 0.0032080 seconds, Stopping threads took: 0.0000590 seconds
36.188: Application time: 0.0103530 seconds
36.188: [GC36.188: [ParNew: 36830K->3571K(37568K), 0.0034550 secs] 662806K->635990K(680140K), 0.0034960 secs] [Times: user=0.03 sys=0.00, real=0.00 secs] 
36.192: Total time for which application threads were stopped: 0.0036980 seconds, Stopping threads took: 0.0001280 seconds
36.201: Application time: 0.0092690 seconds
36.201: [GC36.201: [ParNew: 36384K->3575K(37568K), 0.0041290 secs] 668803K->645970K(683720K), 0.0041700 secs] [Times: user=0.03 sys=0.00, real=0.01 secs] 
36.206: Total time for which application threads were stopped: 0.0045220 seconds, Stopping threads took: 0.0002750 seconds
36.217: Application time: 0.0116940 seconds
36.217: [GC36.217: [ParNew: 36373K->3573K(37568K), 0.0029780 secs] 678768K->652384K(690164K), 0.0030200 secs] [Times: user=0.01 sys=0.01, real=0.00 secs] 
36.221: Total time for which application threads were stopped: 0.0031870 seconds, Stopping threads took: 0.0000920 seconds
36.231: Application time: 0.0109790 seconds
36.232: [GC36.232: [ParNew: 36816K->3608K(37568K), 0.0034440 secs] 685627K->657408K(695176K), 0.0034950 secs] [Times: user=0.02 sys=0.00, real=0.01 secs] 
36.235: Total time for which application threads were stopped: 0.0037890 seconds, Stopping threads took: 0.0002100 seconds
36.246: Application time: 0.0109400 seconds
36.247: [GC36.247: [ParNew: 36691K->3574K(37568K), 0.0031190 secs] 690491K->664529K(702336K), 0.0031620 secs] [Times: user=0.02 sys=0.00, real=0.00 secs] 
36.250: Total time for which application threads were stopped: 0.0038550 seconds, Stopping threads took: 0.0006190 seconds
36.260: Application time: 0.0096150 seconds
36.260: [GC36.260: [ParNew: 36384K->3578K(37568K), 0.0032440 secs] 697339K->672371K(710212K), 0.0032850 secs] [Times: user=0.03 sys=0.00, real=0.01 secs] 
36.263: Total time for which application threads were stopped: 0.0035410 seconds, Stopping threads took: 0.0001850 seconds
36.274: Application time: 0.0103980 seconds
36.274: [GC36.274: [ParNew: 36373K->3570K(37568K), 0.0031550 secs] 705165K->679490K(717372K), 0.0031950 secs] [Times: user=0.03 sys=0.00, real=0.01 secs] 
36.277: Total time for which application threads were stopped: 0.0033500 seconds, Stopping threads took: 0.0000830 seconds
36.290: Application time: 0.0126370 seconds
36.290: [GC36.290: [ParNew: 36375K->3574K(37568K), 0.0035010 secs] 712295K->687333K(725248K), 0.0035430 secs] [Times: user=0.02 sys=0.01, real=0.00 secs] 
36.293: Total time for which application threads were stopped: 0.0036990 seconds, Stopping threads took: 0.0000820 seconds
36.307: Application time: 0.0138810 seconds
36.311: [GC36.311: [ParNew: 36362K->3568K(37568K), 0.0024530 secs] 720121K->690179K(728112K), 0.0024930 secs] [Times: user=0.02 sys=0.00, real=0.00 secs] 
36.313: Total time for which application threads were stopped: 0.0061500 seconds, Stopping threads took: 0.0035840 seconds
36.326: Application time: 0.0121780 seconds
36.326: [GC36.326: [ParNew: 36368K->3574K(37568K), 0.0025420 secs] 722978K->694461K(732408K), 0.0025870 secs] [Times: user=0.02 sys=0.00, real=0.00 secs] 
36.328: Total time for which application threads were stopped: 0.0027850 seconds, Stopping threads took: 0.0001210 seconds
36.342: Application time: 0.0140400 seconds
36.343: [GC36.343: [ParNew: 36359K->3563K(37568K), 0.0022480 secs] 727245K->696589K(734556K), 0.0022890 secs] [Times: user=0.02 sys=0.00, real=0.01 secs] 
36.345: Total time for which application threads were stopped: 0.0024560 seconds, Stopping threads took: 0.0000920 seconds
36.356: Application time: 0.0116110 seconds
36.357: [GC36.357: [ParNew: 36359K->3571K(37568K), 0.0024450 secs] 729385K->700160K(738136K), 0.0024860 secs] [Times: user=0.02 sys=0.00, real=0.00 secs] 
36.359: Total time for which application threads were stopped: 0.0026510 seconds, Stopping threads took: 0.0000860 seconds
36.370: Application time: 0.0108010 seconds
36.370: [GC36.370: [ParNew: 36378K->3569K(37568K), 0.0031050 secs] 732967K->707284K(745296K), 0.0031460 secs] [Times: user=0.02 sys=0.00, real=0.00 secs] 
36.373: Total time for which application threads were stopped: 0.0034150 seconds, Stopping threads took: 0.0001950 seconds
36.384: Application time: 0.0102540 seconds
36.384: [GC36.384: [ParNew: 36361K->3562K(37568K), 0.0034550 secs] 740077K->715118K(753172K), 0.0034970 secs] [Times: user=0.03 sys=0.00, real=0.00 secs] 
36.387: Total time for which application threads were stopped: 0.0036890 seconds, Stopping threads took: 0.0001150 seconds
36.399: Application time: 0.0117520 seconds
36.399: [GC36.399: [ParNew: 36357K->3573K(37568K), 0.0028280 secs] 747913K->720117K(758184K), 0.0028690 secs] [Times: user=0.02 sys=0.00, real=0.00 secs] 
36.402: Total time for which application threads were stopped: 0.0030240 seconds, Stopping threads took: 0.0000810 seconds
36.415: Application time: 0.0127650 seconds
36.415: [GC36.415: [ParNew: 36374K->3574K(37568K), 0.0018420 secs] 752918K->720832K(758900K), 0.0018810 secs] [Times: user=0.01 sys=0.00, real=0.00 secs] 
36.417: Total time for which application threads were stopped: 0.0020150 seconds, Stopping threads took: 0.0000620 seconds
36.500: Application time: 0.0832340 seconds
36.500: [GC36.500: [ParNew: 36378K->3568K(37568K), 0.0045490 secs] 753635K->734365K(772504K), 0.0045910 secs] [Times: user=0.03 sys=0.01, real=0.01 secs] 
36.505: Total time for which application threads were stopped: 0.0047560 seconds, Stopping threads took: 0.0000870 seconds
36.648: Application time: 0.1431680 seconds
36.648: [GC36.648: [ParNew: 36360K->3562K(37568K), 0.0041680 secs] 767157K->746473K(784676K), 0.0042100 secs] [Times: user=0.03 sys=0.00, real=0.00 secs] 
36.652: Total time for which application threads were stopped: 0.0043430 seconds, Stopping threads took: 0.0000610 seconds
36.652: [CMS-concurrent-abortable-preclean: 0.045/0.858 secs] [Times: user=6.52 sys=0.06, real=0.86 secs] 
36.652: Application time: 0.0000540 seconds
36.653: [GC[YG occupancy: 4275 K (37568 K)]36.653: [Rescan (parallel) , 0.0003050 secs]36.653: [weak refs processing, 0.0000050 secs]36.653: [scrub string table, 0.0001210 secs] [1 CMS-remark: 742910K(747108K)] 747185K(784676K), 0.0004490 secs] [Times: user=0.00 sys=0.00, real=0.00 secs] 
36.653: Total time for which application threads were stopped: 0.0005660 seconds, Stopping threads took: 0.0000910 seconds
36.653: [CMS-concurrent-sweep-start]
36.655: [CMS-concurrent-sweep: 0.002/0.002 secs] [Times: user=0.01 sys=0.00, real=0.00 secs] 
36.655: [CMS-concurrent-reset-start]
36.656: [CMS-concurrent-reset: 0.002/0.002 secs] [Times: user=0.01 sys=0.00, real=0.01 secs] 
36.801: Application time: 0.1484210 seconds
36.802: [GC36.802: [ParNew: 36354K->3562K(37568K), 0.0052050 secs] 268804K->248837K(784676K), 0.0052480 secs] [Times: user=0.04 sys=0.00, real=0.01 secs] 
36.807: Total time for which application threads were stopped: 0.0053960 seconds, Stopping threads took: 0.0000690 seconds
36.948: Application time: 0.1410090 seconds
36.948: [GC36.948: [ParNew: 36354K->3564K(37568K), 0.0052160 secs] 281629K->261665K(784676K), 0.0052580 secs] [Times: user=0.04 sys=0.00, real=0.00 secs] 
36.953: Total time for which application threads were stopped: 0.0053960 seconds, Stopping threads took: 0.0000660 seconds
37.097: Application time: 0.1440440 seconds
37.097: [GC37.097: [ParNew: 36373K->3568K(37568K), 0.0051820 secs] 294474K->274494K(784676K), 0.0052240 secs] [Times: user=0.04 sys=0.00, real=0.00 secs] 
37.103: Total time for which application threads were stopped: 0.0053680 seconds, Stopping threads took: 0.0000640 seconds
37.239: Application time: 0.1363970 seconds
37.239: [GC37.239: [ParNew: 36369K->3566K(37568K), 0.0051430 secs] 307294K->287319K(784676K), 0.0051830 secs] [Times: user=0.04 sys=0.00, real=0.01 secs] 
37.244: Total time for which application threads were stopped: 0.0053200 seconds, Stopping threads took: 0.0000600 seconds
37.392: Application time: 0.1478470 seconds
37.392: [GC37.392: [ParNew: 36401K->3576K(37568K), 0.0055990 secs] 320153K->301580K(784676K), 0.0056410 secs] [Times: user=0.04 sys=0.00, real=0.01 secs] 
37.398: Total time for which application threads were stopped: 0.0057910 seconds, Stopping threads took: 0.0000790 seconds
37.547: Application time: 0.1491480 seconds
37.547: [GC37.547: [ParNew: 36368K->3562K(37568K), 0.0052320 secs] 334372K->314395K(784676K), 0.0052750 secs] [Times: user=0.04 sys=0.00, real=0.00 secs] 
37.553: Total time for which application threads were stopped: 0.0054180 seconds, Stopping threads took: 0.0000690 seconds
37.697: Application time: 0.1445650 seconds
37.697: [GC37.697: [ParNew: 36354K->3562K(37568K), 0.0052330 secs] 347187K->327221K(784676K), 0.0052760 secs] [Times: user=0.04 sys=0.00, real=0.00 secs] 
37.703: Total time for which application threads were stopped: 0.0054330 seconds, Stopping threads took: 0.0000740 seconds
37.854: Application time: 0.1513150 seconds
37.854: [GC37.854: [ParNew: 36354K->3564K(37568K), 0.0052790 secs] 360013K->340048K(784676K), 0.0053200 secs] [Times: user=0.04 sys=0.00, real=0.01 secs] 
37.859: Total time for which application threads were stopped: 0.0054750 seconds, Stopping threads took: 0.0000850 seconds
38.000: Application time: 0.1406040 seconds
38.000: [GC38.000: [ParNew: 36373K->3572K(37568K), 0.0051780 secs] 372857K->352881K(784676K), 0.0052220 secs] [Times: user=0.03 sys=0.00, real=0.01 secs] 
38.005: Total time for which application threads were stopped: 0.0053510 seconds, Stopping threads took: 0.0000630 seconds
38.110: Application time: 0.1050960 seconds
38.111: [GC38.111: [ParNew: 36364K->3562K(37568K), 0.0053680 secs] 385673K->365699K(784676K), 0.0054090 secs] [Times: user=0.04 sys=0.00, real=0.01 secs] 
38.116: Total time for which application threads were stopped: 0.0055460 seconds, Stopping threads took: 0.0000650 seconds
38.251: Application time: 0.1345620 seconds
38.251: [GC38.251: [ParNew: 36379K->3578K(37568K), 0.0053680 secs] 398516K->379253K(784676K), 0.0054090 secs] [Times: user=0.04 sys=0.00, real=0.01 secs] 
38.256: Total time for which application threads were stopped: 0.0055550 seconds, Stopping threads took: 0.0000640 seconds
38.350: Application time: 0.0934520 seconds
38.350: [GC38.350: [ParNew: 36396K->3576K(37568K), 0.0059280 secs] 412070K->394217K(784676K), 0.0059710 secs] [Times: user=0.04 sys=0.00, real=0.01 secs] 
38.356: Total time for which application threads were stopped: 0.0061310 seconds, Stopping threads took: 0.0000880 seconds
38.483: Application time: 0.1272510 seconds
38.483: [GC38.483: [ParNew: 36369K->3562K(37568K), 0.0054100 secs] 427010K->407031K(784676K), 0.0054570 secs] [Times: user=0.04 sys=0.00, real=0.00 secs] 
38.489: Total time for which application threads were stopped: 0.0056180 seconds, Stopping threads took: 0.0000880 seconds
38.584: Application time: 0.0952400 seconds
38.584: [GC38.584: [ParNew: 36356K->3564K(37568K), 0.0053780 secs] 439825K->419860K(784676K), 0.0054230 secs] [Times: user=0.04 sys=0.00, real=0.00 secs] 
38.589: Total time for which application threads were stopped: 0.0055910 seconds, Stopping threads took: 0.0000940 seconds
38.703: Application time: 0.1134480 seconds
38.703: [GC38.703: [ParNew: 36358K->3562K(37568K), 0.0052990 secs] 452654K->432684K(784676K), 0.0053410 secs] [Times: user=0.04 sys=0.00, real=0.00 secs] 
38.708: Total time for which application threads were stopped: 0.0054780 seconds, Stopping threads took: 0.0000670 seconds
38.819: Application time: 0.1103280 seconds
38.819: [GC38.819: [ParNew: 36357K->3564K(37568K), 0.0053290 secs] 465478K->445512K(784676K), 0.0053730 secs] [Times: user=0.05 sys=0.00, real=0.01 secs] 
38.824: Total time for which application threads were stopped: 0.0055260 seconds, Stopping threads took: 0.0000670 seconds
38.924: Application time: 0.1002760 seconds
38.925: [GC38.925: [ParNew: 36376K->3573K(37568K), 0.0055310 secs] 478324K->459060K(784676K), 0.0055830 secs] [Times: user=0.04 sys=0.00, real=0.00 secs] 
38.930: Total time for which application threads were stopped: 0.0057420 seconds, Stopping threads took: 0.0000860 seconds
39.045: Application time: 0.1145840 seconds
39.045: [GC39.045: [ParNew: 36368K->3564K(37568K), 0.0053420 secs] 491855K->471880K(784676K), 0.0053870 secs] [Times: user=0.04 sys=0.00, real=0.00 secs] 
39.050: Total time for which application threads were stopped: 0.0055100 seconds, Stopping threads took: 0.0000560 seconds
39.163: Application time: 0.1123640 seconds
39.163: [GC39.163: [ParNew: 36377K->3579K(37568K), 0.0052970 secs] 504692K->484721K(784676K), 0.0053400 secs] [Times: user=0.04 sys=0.00, real=0.01 secs] 
39.168: Total time for which application threads were stopped: 0.0054890 seconds, Stopping threads took: 0.0000770 seconds
39.272: Application time: 0.1039500 seconds
39.272: [GC39.272: [ParNew: 36407K->3573K(37568K), 0.0054800 secs] 517550K->498256K(784676K), 0.0055230 secs] [Times: user=0.04 sys=0.00, real=0.01 secs] 
39.278: Total time for which application threads were stopped: 0.0056810 seconds, Stopping threads took: 0.0000840 seconds
39.395: Application time: 0.1176500 seconds
39.396: [GC39.396: [ParNew: 36368K->3562K(37568K), 0.0056650 secs] 531051K->511788K(784676K), 0.0057080 secs] [Times: user=0.04 sys=0.00, real=0.00 secs] 
39.401: Total time for which application threads were stopped: 0.0058620 seconds, Stopping threads took: 0.0000710 seconds
39.499: Application time: 0.0981230 seconds
39.500: [GC39.500: [ParNew: 36357K->3564K(37568K), 0.0052760 secs] 544583K->524617K(784676K), 0.0053240 secs] [Times: user=0.04 sys=0.00, real=0.01 secs] 
39.505: Total time for which application threads were stopped: 0.0054860 seconds, Stopping threads took: 0.0000930 seconds
39.633: Application time: 0.1283050 seconds
39.633: [GC39.633: [ParNew: 36358K->3562K(37568K), 0.0052430 secs] 557411K->537441K(784676K), 0.0052870 secs] [Times: user=0.04 sys=0.00, real=0.01 secs] 
39.639: Total time for which application threads were stopped: 0.0054250 seconds, Stopping threads took: 0.0000650 seconds
39.731: Application time: 0.0922570 seconds
39.731: [GC39.731: [ParNew: 36356K->3564K(37568K), 0.0053370 secs] 570234K->550269K(784676K), 0.0053780 secs] [Times: user=0.04 sys=0.00, real=0.01 secs] 
39.736: Total time for which application threads were stopped: 0.0055170 seconds, Stopping threads took: 0.0000650 seconds
39.822: Application time: 0.0853610 seconds
39.822: [GC39.822: [ParNew: 36401K->3604K(37568K), 0.0056870 secs] 583105K->563847K(784676K), 0.0057310 secs] [Times: user=0.04 sys=0.00, real=0.01 secs] 
39.828: Total time for which application threads were stopped: 0.0058930 seconds, Stopping threads took: 0.0000870 seconds
39.855: Application time: 0.0269630 seconds
39.855: [GC39.855: [ParNew: 36397K->3572K(37568K), 0.0036310 secs] 596639K->570256K(784676K), 0.0036740 secs] [Times: user=0.02 sys=0.00, real=0.01 secs] 
39.858: Total time for which application threads were stopped: 0.0038250 seconds, Stopping threads took: 0.0000760 seconds
39.888: Application time: 0.0299970 seconds
39.889: [GC39.889: [ParNew: 36363K->3574K(37568K), 0.0031950 secs] 603047K->575246K(784676K), 0.0032340 secs] [Times: user=0.02 sys=0.00, real=0.00 secs] 
39.892: Total time for which application threads were stopped: 0.0033870 seconds, Stopping threads took: 0.0000810 seconds
39.915: Application time: 0.0228700 seconds
39.915: [GC39.915: [ParNew: 36404K->3602K(37568K), 0.0029700 secs] 608076K->579551K(784676K), 0.0030120 secs] [Times: user=0.03 sys=0.00, real=0.00 secs] 
39.918: Total time for which application threads were stopped: 0.0031800 seconds, Stopping threads took: 0.0000830 seconds
39.932: Application time: 0.0142340 seconds
39.932: [GC39.932: [ParNew: 36400K->3568K(37568K), 0.0036330 secs] 612348K->586672K(784676K), 0.0036770 secs] [Times: user=0.03 sys=0.00, real=0.01 secs] 
39.936: Total time for which application threads were stopped: 0.0039110 seconds, Stopping threads took: 0.0001580 seconds
39.936: Application time: 0.0000750 seconds
39.936: [GC [1 CMS-initial-mark: 583103K(747108K)] 588813K(784676K), 0.0001320 secs] [Times: user=0.00 sys=0.00, real=0.00 secs] 
39.937: Total time for which application threads were stopped: 0.0004470 seconds, Stopping threads took: 0.0002870 seconds
39.937: [CMS-concurrent-mark-start]
39.943: [CMS-concurrent-mark: 0.006/0.006 secs] [Times: user=0.03 sys=0.00, real=0.00 secs] 
39.943: [CMS-concurrent-preclean-start]
39.944: [CMS-concurrent-preclean: 0.001/0.001 secs] [Times: user=0.02 sys=0.00, real=0.01 secs] 
39.944: [CMS-concurrent-abortable-preclean-start]
39.954: Application time: 0.0172860 seconds
39.954: [GC39.954: [ParNew: 36358K->3574K(37568K), 0.0023460 secs] 619461K->588104K(784676K), 0.0023860 secs] [Times: user=0.02 sys=0.00, real=0.01 secs] 
39.956: Total time for which application threads were stopped: 0.0025570 seconds, Stopping threads took: 0.0000970 seconds
39.984: Application time: 0.0274750 seconds
39.984: [GC39.984: [ParNew: 36366K->3570K(37568K), 0.0034740 secs] 620896K->593800K(784676K), 0.0035190 secs] [Times: user=0.02 sys=0.00, real=0.00 secs] 
39.988: Total time for which application threads were stopped: 0.0036880 seconds, Stopping threads took: 0.0000950 seconds
40.012: Application time: 0.0241870 seconds
40.012: [GC40.012: [ParNew: 36367K->3572K(37568K), 0.0038020 secs] 626596K->600929K(784676K), 0.0038460 secs] [Times: user=0.03 sys=0.00, real=0.01 secs] 
40.016: Total time for which application threads were stopped: 0.0040120 seconds, Stopping threads took: 0.0000910 seconds
40.042: Application time: 0.0258010 seconds
40.042: [GC40.042: [ParNew: 36370K->3574K(37568K), 0.0040310 secs] 633726K->608769K(784676K), 0.0040750 secs] [Times: user=0.03 sys=0.00, real=0.01 secs] 
40.046: Total time for which application threads were stopped: 0.0042330 seconds, Stopping threads took: 0.0000830 seconds
40.099: Application time: 0.0528460 seconds
40.099: [GC40.099: [ParNew: 36981K->3608K(37568K), 0.0038950 secs] 642176K->616640K(784676K), 0.0039400 secs] [Times: user=0.03 sys=0.00, real=0.00 secs] 
40.103: Total time for which application threads were stopped: 0.0040770 seconds, Stopping threads took: 0.0000670 seconds
40.135: Application time: 0.0318200 seconds
40.135: [GC40.135: [ParNew: 36537K->3574K(37568K), 0.0042900 secs] 649569K->625186K(784676K), 0.0043350 secs] [Times: user=0.03 sys=0.00, real=0.01 secs] 
40.139: Total time for which application threads were stopped: 0.0045200 seconds, Stopping threads took: 0.0001080 seconds
40.167: Application time: 0.0274250 seconds
40.167: [GC40.167: [ParNew: 36858K->3641K(37568K), 0.0032440 secs] 658470K->630241K(784676K), 0.0032850 secs] [Times: user=0.02 sys=0.00, real=0.00 secs] 
40.170: Total time for which application threads were stopped: 0.0034240 seconds, Stopping threads took: 0.0000670 seconds
40.184: Application time: 0.0144990 seconds
40.185: [GC40.185: [ParNew: 36740K->3574K(37568K), 0.0038260 secs] 663340K->637357K(784676K), 0.0038710 secs] [Times: user=0.03 sys=0.00, real=0.00 secs] 
40.188: Total time for which application threads were stopped: 0.0040600 seconds, Stopping threads took: 0.0001120 seconds
40.201: Application time: 0.0126240 seconds
40.201: [GC40.201: [ParNew: 36365K->3566K(37568K), 0.0032020 secs] 670148K->642339K(784676K), 0.0032470 secs] [Times: user=0.03 sys=0.00, real=0.01 secs] 
40.205: Total time for which application threads were stopped: 0.0034410 seconds, Stopping threads took: 0.0001180 seconds
40.218: Application time: 0.0133070 seconds
40.218: [GC40.218: [ParNew: 36733K->3608K(37568K), 0.0025180 secs] 675505K->645231K(784676K), 0.0025590 secs] [Times: user=0.02 sys=0.00, real=0.00 secs] 
40.221: Total time for which application threads were stopped: 0.0027270 seconds, Stopping threads took: 0.0000960 seconds
40.232: Application time: 0.0118780 seconds
40.234: [GC40.234: [ParNew: 36692K->3576K(37568K), 0.0040520 secs] 678316K->653067K(784676K), 0.0041010 secs] [Times: user=0.02 sys=0.00, real=0.01 secs] 
40.238: Total time for which application threads were stopped: 0.0051810 seconds, Stopping threads took: 0.0010010 seconds
40.249: Application time: 0.0112930 seconds
40.251: [GC40.251: [ParNew: 36465K->3570K(37568K), 0.0031730 secs] 685955K->658050K(784676K), 0.0032280 secs] [Times: user=0.02 sys=0.00, real=0.00 secs] 
40.254: Total time for which application threads were stopped: 0.0053720 seconds, Stopping threads took: 0.0020480 seconds
40.264: Application time: 0.0095150 seconds
40.264: [GC40.264: [ParNew: 36356K->3562K(37568K), 0.0028900 secs] 690836K->662319K(784676K), 0.0029370 secs] [Times: user=0.02 sys=0.00, real=0.00 secs] 
40.267: Total time for which application threads were stopped: 0.0032120 seconds, Stopping threads took: 0.0001810 seconds
40.279: Application time: 0.0114620 seconds
40.279: [GC40.279: [ParNew: 36914K->3608K(37568K), 0.0029300 secs] 695672K->666641K(784676K), 0.0029750 secs] [Times: user=0.02 sys=0.00, real=0.00 secs] 
40.282: Total time for which application threads were stopped: 0.0031640 seconds, Stopping threads took: 0.0001140 seconds
40.292: Application time: 0.0101120 seconds
40.292: [GC40.292: [ParNew: 36607K->3576K(37568K), 0.0037540 secs] 699640K->673764K(784676K), 0.0037970 secs] [Times: user=0.02 sys=0.00, real=0.01 secs] 
40.296: Total time for which application threads were stopped: 0.0039890 seconds, Stopping threads took: 0.0001180 seconds
40.308: Application time: 0.0121330 seconds
40.308: [GC40.308: [ParNew: 36833K->3610K(37568K), 0.0027850 secs] 707020K->677363K(784676K), 0.0028280 secs] [Times: user=0.02 sys=0.00, real=0.00 secs] 
40.311: Total time for which application threads were stopped: 0.0030070 seconds, Stopping threads took: 0.0001050 seconds
40.321: Application time: 0.0100510 seconds
40.321: [GC40.321: [ParNew: 36687K->3568K(37568K), 0.0033010 secs] 710440K->683052K(784676K), 0.0033470 secs] [Times: user=0.03 sys=0.00, real=0.01 secs] 
40.325: Total time for which application threads were stopped: 0.0035470 seconds, Stopping threads took: 0.0001250 seconds
40.334: Application time: 0.0095470 seconds
40.334: [GC40.334: [ParNew: 36376K->3574K(37568K), 0.0039440 secs] 715860K->691609K(784676K), 0.0039850 secs] [Times: user=0.03 sys=0.00, real=0.01 secs] 
40.338: Total time for which application threads were stopped: 0.0043000 seconds, Stopping threads took: 0.0002400 seconds
40.348: Application time: 0.0100800 seconds
40.349: [GC40.349: [ParNew: 36370K->3572K(37568K), 0.0047510 secs] 724404K->702296K(784676K), 0.0047980 secs] [Times: user=0.04 sys=0.00, real=0.00 secs] 
40.354: Total time for which application threads were stopped: 0.0050230 seconds, Stopping threads took: 0.0001510 seconds
40.364: Application time: 0.0100300 seconds
40.364: [GC40.364: [ParNew: 36368K->3574K(37568K), 0.0038500 secs] 735092K->710137K(784676K), 0.0038960 secs] [Times: user=0.03 sys=0.00, real=0.00 secs] 
40.368: Total time for which application threads were stopped: 0.0042320 seconds, Stopping threads took: 0.0002260 seconds
40.378: Application time: 0.0105700 seconds
40.379: [GC40.379: [ParNew: 36376K->3576K(37568K), 0.0031510 secs] 742939K->715128K(784676K), 0.0031930 secs] [Times: user=0.02 sys=0.00, real=0.00 secs] 
40.382: Total time for which application threads were stopped: 0.0034110 seconds, Stopping threads took: 0.0001410 seconds
40.393: Application time: 0.0114970 seconds
40.393: [GC40.393: [ParNew: 36372K->3570K(37568K), 0.0039550 secs] 747923K->722961K(784676K), 0.0039980 secs] [Times: user=0.03 sys=0.00, real=0.01 secs] 
40.397: Total time for which application threads were stopped: 0.0042130 seconds, Stopping threads took: 0.0001410 seconds
40.412: Application time: 0.0142240 seconds
40.412: [GC40.412: [ParNew: 36362K->3571K(37568K), 0.0027210 secs] 755754K->726525K(784676K), 0.0027670 secs] [Times: user=0.02 sys=0.00, real=0.00 secs] 
40.415: Total time for which application threads were stopped: 0.0029360 seconds, Stopping threads took: 0.0000940 seconds
40.426: Application time: 0.0112730 seconds
40.426: [GC40.426: [ParNew: 36368K->3570K(37568K), 0.0031320 secs] 759323K->731514K(784676K), 0.0031770 secs] [Times: user=0.02 sys=0.00, real=0.00 secs] 
40.430: Total time for which application threads were stopped: 0.0037300 seconds, Stopping threads took: 0.0004540 seconds
40.441: Application time: 0.0117450 seconds
40.442: [GC40.442: [ParNew: 36365K->3571K(37568K), 0.0031430 secs] 764309K->735791K(784676K), 0.0031880 secs] [Times: user=0.02 sys=0.00, real=0.01 secs] 
40.445: Total time for which application threads were stopped: 0.0033830 seconds, Stopping threads took: 0.0001190 seconds
40.456: Application time: 0.0110240 seconds
40.456: [GC40.456: [ParNew: 36365K->3571K(37568K), 0.0025990 secs] 768585K->738642K(784676K), 0.0026410 secs] [Times: user=0.01 sys=0.00, real=0.00 secs] 
40.459: Total time for which application threads were stopped: 0.0028360 seconds, Stopping threads took: 0.0001210 seconds
40.473: Application time: 0.0143400 seconds
40.473: [GC40.473: [ParNew: 36367K->3571K(37568K), 0.0030080 secs] 771439K->742918K(784676K), 0.0030520 secs] [Times: user=0.02 sys=0.00, real=0.01 secs] 
40.476: Total time for which application threads were stopped: 0.0032420 seconds, Stopping threads took: 0.0001150 seconds
40.494: Application time: 0.0175630 seconds
40.494: [GC40.494: [ParNew: 36378K->3572K(37568K), 0.0039910 secs] 775726K->751472K(790404K), 0.0040300 secs] [Times: user=0.02 sys=0.00, real=0.01 secs] 
40.498: Total time for which application threads were stopped: 0.0042480 seconds, Stopping threads took: 0.0001440 seconds
40.525: Application time: 0.0267760 seconds
40.525: [GC40.525: [ParNew: 36357K->2850K(37568K), 0.0023930 secs] 784257K->753600K(793268K), 0.0024370 secs] [Times: user=0.01 sys=0.00, real=0.00 secs] 
40.527: Total time for which application threads were stopped: 0.0026090 seconds, Stopping threads took: 0.0001000 seconds
40.673: Application time: 0.1451330 seconds
40.673: [GC40.673: [ParNew: 35650K->3572K(37568K), 0.0043900 secs] 786401K->767148K(806156K), 0.0044340 secs] [Times: user=0.03 sys=0.01, real=0.01 secs] 
40.677: Total time for which application threads were stopped: 0.0046320 seconds, Stopping threads took: 0.0001250 seconds
40.677: [CMS-concurrent-abortable-preclean: 0.042/0.733 secs] [Times: user=5.61 sys=0.02, real=0.73 secs] 
40.677: Application time: 0.0000860 seconds
40.677: [GC[YG occupancy: 4999 K (37568 K)]40.677: [Rescan (parallel) , 0.0003080 secs]40.678: [weak refs processing, 0.0000050 secs]40.678: [scrub string table, 0.0000960 secs] [1 CMS-remark: 763575K(768588K)] 768575K(806156K), 0.0004270 secs] [Times: user=0.00 sys=0.00, real=0.00 secs] 
40.678: Total time for which application threads were stopped: 0.0005980 seconds, Stopping threads took: 0.0001450 seconds
40.678: [CMS-concurrent-sweep-start]
40.680: [CMS-concurrent-sweep: 0.002/0.002 secs] [Times: user=0.01 sys=0.00, real=0.00 secs] 
40.680: [CMS-concurrent-reset-start]
40.681: [CMS-concurrent-reset: 0.002/0.002 secs] [Times: user=0.00 sys=0.00, real=0.00 secs] 
40.818: Application time: 0.1401000 seconds
40.818: [GC40.818: [ParNew: 36364K->3562K(37568K), 0.0052800 secs] 240993K->221017K(806156K), 0.0053260 secs] [Times: user=0.04 sys=0.00, real=0.01 secs] 
40.823: Total time for which application threads were stopped: 0.0054600 seconds, Stopping threads took: 0.0000640 seconds
40.970: Application time: 0.1466670 seconds
40.970: [GC40.970: [ParNew: 36363K->3568K(37568K), 0.0054440 secs] 253818K->233849K(806156K), 0.0054840 secs] [Times: user=0.04 sys=0.00, real=0.01 secs] 
40.976: Total time for which application threads were stopped: 0.0056330 seconds, Stopping threads took: 0.0000680 seconds
41.117: Application time: 0.1410800 seconds
41.117: [GC41.117: [ParNew: 36369K->3568K(37568K), 0.0049990 secs] 266649K->245962K(806156K), 0.0050410 secs] [Times: user=0.04 sys=0.00, real=0.00 secs] 
41.122: Total time for which application threads were stopped: 0.0051710 seconds, Stopping threads took: 0.0000570 seconds
41.262: Application time: 0.1398810 seconds
41.262: [GC41.262: [ParNew: 36369K->3564K(37568K), 0.0054200 secs] 278763K->258784K(806156K), 0.0054620 secs] [Times: user=0.04 sys=0.00, real=0.01 secs] 
41.268: Total time for which application threads were stopped: 0.0056140 seconds, Stopping threads took: 0.0000830 seconds
41.422: Application time: 0.1544330 seconds
41.422: [GC41.422: [ParNew: 36373K->3572K(37568K), 0.0056820 secs] 291593K->273043K(806156K), 0.0057330 secs] [Times: user=0.04 sys=0.00, real=0.01 secs] 
41.428: Total time for which application threads were stopped: 0.0058930 seconds, Stopping threads took: 0.0000860 seconds
41.571: Application time: 0.1433740 seconds
41.571: [GC41.571: [ParNew: 36390K->3576K(37568K), 0.0056470 secs] 305861K->287299K(806156K), 0.0056930 secs] [Times: user=0.04 sys=0.00, real=0.01 secs] 
41.577: Total time for which application threads were stopped: 0.0058440 seconds, Stopping threads took: 0.0000700 seconds
41.715: Application time: 0.1384150 seconds
41.716: [GC41.716: [ParNew: 36368K->3562K(37568K), 0.0052730 secs] 320091K->300113K(806156K), 0.0053140 secs] [Times: user=0.05 sys=0.00, real=0.00 secs] 
41.721: Total time for which application threads were stopped: 0.0054500 seconds, Stopping threads took: 0.0000670 seconds
41.872: Application time: 0.1509220 seconds
41.872: [GC41.872: [ParNew: 36354K->3564K(37568K), 0.0052830 secs] 332905K->312941K(806156K), 0.0053250 secs] [Times: user=0.04 sys=0.00, real=0.01 secs] 
41.877: Total time for which application threads were stopped: 0.0054510 seconds, Stopping threads took: 0.0000590 seconds
42.001: Application time: 0.1234360 seconds
42.001: [GC42.001: [ParNew: 36364K->3570K(37568K), 0.0055170 secs] 345741K->326484K(806156K), 0.0055610 secs] [Times: user=0.04 sys=0.00, real=0.01 secs] 
42.006: Total time for which application threads were stopped: 0.0056890 seconds, Stopping threads took: 0.0000610 seconds
42.156: Application time: 0.1495770 seconds
42.156: [GC42.156: [ParNew: 36371K->3572K(37568K), 0.0045060 secs] 359285K->337175K(806156K), 0.0045490 secs] [Times: user=0.04 sys=0.00, real=0.00 secs] 
42.161: Total time for which application threads were stopped: 0.0047290 seconds, Stopping threads took: 0.0000960 seconds
42.284: Application time: 0.1237380 seconds
42.285: [GC42.285: [ParNew: 36390K->3576K(37568K), 0.0052190 secs] 369993K->350006K(806156K), 0.0052630 secs] [Times: user=0.04 sys=0.00, real=0.00 secs] 
42.290: Total time for which application threads were stopped: 0.0053980 seconds, Stopping threads took: 0.0000630 seconds
42.389: Application time: 0.0991930 seconds
42.389: [GC42.389: [ParNew: 36377K->3570K(37568K), 0.0055400 secs] 382807K->362828K(806156K), 0.0055950 secs] [Times: user=0.04 sys=0.00, real=0.01 secs] 
42.395: Total time for which application threads were stopped: 0.0057430 seconds, Stopping threads took: 0.0000750 seconds
42.519: Application time: 0.1239020 seconds
42.519: [GC42.519: [ParNew: 36380K->3576K(37568K), 0.0051720 secs] 395638K->375661K(806156K), 0.0052180 secs] [Times: user=0.04 sys=0.00, real=0.01 secs] 
42.524: Total time for which application threads were stopped: 0.0054140 seconds, Stopping threads took: 0.0001240 seconds
42.619: Application time: 0.0950760 seconds
42.619: [GC42.619: [ParNew: 36370K->3562K(37568K), 0.0053980 secs] 408454K->388475K(806156K), 0.0054410 secs] [Times: user=0.04 sys=0.00, real=0.01 secs] 
42.625: Total time for which application threads were stopped: 0.0055890 seconds, Stopping threads took: 0.0000750 seconds
42.727: Application time: 0.1026050 seconds
42.728: [GC42.728: [ParNew: 36356K->3562K(37568K), 0.0051180 secs] 421269K->400588K(806156K), 0.0051610 secs] [Times: user=0.04 sys=0.00, real=0.00 secs] 
42.733: Total time for which application threads were stopped: 0.0053170 seconds, Stopping threads took: 0.0000730 seconds
42.853: Application time: 0.1201320 seconds
42.853: [GC42.853: [ParNew: 36365K->3570K(37568K), 0.0054230 secs] 433391K->413423K(806156K), 0.0054660 secs] [Times: user=0.05 sys=0.00, real=0.01 secs] 
42.858: Total time for which application threads were stopped: 0.0055910 seconds, Stopping threads took: 0.0000570 seconds
42.960: Application time: 0.1013500 seconds
42.960: [GC42.960: [ParNew: 36373K->3568K(37568K), 0.0050320 secs] 446226K->425536K(806156K), 0.0050750 secs] [Times: user=0.04 sys=0.00, real=0.01 secs] 
42.965: Total time for which application threads were stopped: 0.0052120 seconds, Stopping threads took: 0.0000640 seconds
43.081: Application time: 0.1158330 seconds
43.081: [GC43.081: [ParNew: 36364K->3562K(37568K), 0.0053290 secs] 458331K->438357K(806156K), 0.0053710 secs] [Times: user=0.04 sys=0.00, real=0.01 secs] 
43.086: Total time for which application threads were stopped: 0.0055480 seconds, Stopping threads took: 0.0001040 seconds
43.177: Application time: 0.0900950 seconds
43.177: [GC43.177: [ParNew: 36375K->3573K(37568K), 0.0052660 secs] 471169K->451194K(806156K), 0.0053100 secs] [Times: user=0.05 sys=0.00, real=0.00 secs] 
43.182: Total time for which application threads were stopped: 0.0054590 seconds, Stopping threads took: 0.0000760 seconds
43.315: Application time: 0.1327230 seconds
43.315: [GC43.315: [ParNew: 36384K->3573K(37568K), 0.0053750 secs] 484006K->464022K(806156K), 0.0054200 secs] [Times: user=0.04 sys=0.00, real=0.00 secs] 
43.320: Total time for which application threads were stopped: 0.0055610 seconds, Stopping threads took: 0.0000570 seconds
43.413: Application time: 0.0923600 seconds
43.413: [GC43.413: [ParNew: 36384K->3573K(37568K), 0.0053530 secs] 496834K->476851K(806156K), 0.0053960 secs] [Times: user=0.04 sys=0.00, real=0.01 secs] 
43.418: Total time for which application threads were stopped: 0.0055610 seconds, Stopping threads took: 0.0000920 seconds
43.548: Application time: 0.1301540 seconds
43.548: [GC43.549: [ParNew: 36367K->3562K(37568K), 0.0054450 secs] 509645K->489669K(806156K), 0.0054920 secs] [Times: user=0.04 sys=0.00, real=0.00 secs] 
43.554: Total time for which application threads were stopped: 0.0056580 seconds, Stopping threads took: 0.0000930 seconds
43.643: Application time: 0.0894470 seconds
43.644: [GC43.644: [ParNew: 36357K->3562K(37568K), 0.0051560 secs] 522463K->501782K(806156K), 0.0052000 secs] [Times: user=0.03 sys=0.01, real=0.00 secs] 
43.649: Total time for which application threads were stopped: 0.0053370 seconds, Stopping threads took: 0.0000630 seconds
43.766: Application time: 0.1170300 seconds
43.766: [GC43.766: [ParNew: 36356K->3562K(37568K), 0.0053270 secs] 534576K->514608K(806156K), 0.0053670 secs] [Times: user=0.04 sys=0.00, real=0.00 secs] 
43.771: Total time for which application threads were stopped: 0.0055310 seconds, Stopping threads took: 0.0000970 seconds
43.825: Application time: 0.0532610 seconds
43.825: [GC43.825: [ParNew: 36395K->3606K(37568K), 0.0049860 secs] 547441K->526053K(806156K), 0.0050300 secs] [Times: user=0.04 sys=0.00, real=0.00 secs] 
43.830: Total time for which application threads were stopped: 0.0052100 seconds, Stopping threads took: 0.0000950 seconds
43.861: Application time: 0.0315910 seconds
43.862: [GC43.862: [ParNew: 36397K->3568K(37568K), 0.0033790 secs] 558843K->531031K(806156K), 0.0034240 secs] [Times: user=0.03 sys=0.00, real=0.01 secs] 
43.865: Total time for which application threads were stopped: 0.0035810 seconds, Stopping threads took: 0.0000800 seconds
43.892: Application time: 0.0271060 seconds
43.892: [GC43.892: [ParNew: 36359K->3572K(37568K), 0.0033660 secs] 563822K->536023K(806156K), 0.0034110 secs] [Times: user=0.02 sys=0.00, real=0.01 secs] 
43.896: Total time for which application threads were stopped: 0.0035610 seconds, Stopping threads took: 0.0000750 seconds
43.917: Application time: 0.0213360 seconds
43.917: [GC43.917: [ParNew: 36942K->3608K(37568K), 0.0037720 secs] 569393K->543184K(806156K), 0.0038180 secs] [Times: user=0.03 sys=0.00, real=0.00 secs] 
43.921: Total time for which application threads were stopped: 0.0039780 seconds, Stopping threads took: 0.0000850 seconds
43.939: Application time: 0.0184530 seconds
43.940: [GC43.940: [ParNew: 36576K->3566K(37568K), 0.0031210 secs] 576152K->547447K(806156K), 0.0031650 secs] [Times: user=0.02 sys=0.00, real=0.00 secs] 
43.943: Total time for which application threads were stopped: 0.0033430 seconds, Stopping threads took: 0.0000940 seconds
43.963: Application time: 0.0205250 seconds
43.963: [GC43.963: [ParNew: 36363K->3574K(37568K), 0.0028370 secs] 580244K->551018K(806156K), 0.0028780 secs] [Times: user=0.02 sys=0.00, real=0.00 secs] 
43.966: Total time for which application threads were stopped: 0.0030290 seconds, Stopping threads took: 0.0000770 seconds
43.994: Application time: 0.0279540 seconds
43.994: [GC43.994: [ParNew: 36358K->3564K(37568K), 0.0038560 secs] 583802K->558135K(806156K), 0.0038980 secs] [Times: user=0.03 sys=0.00, real=0.01 secs] 
43.998: Total time for which application threads were stopped: 0.0040560 seconds, Stopping threads took: 0.0000830 seconds
44.024: Application time: 0.0256290 seconds
44.024: [GC44.024: [ParNew: 36359K->3570K(37568K), 0.0035440 secs] 590930K->563842K(806156K), 0.0035860 secs] [Times: user=0.03 sys=0.00, real=0.00 secs] 
44.028: Total time for which application threads were stopped: 0.0037670 seconds, Stopping threads took: 0.0001070 seconds
44.057: Application time: 0.0290560 seconds
44.057: [GC44.057: [ParNew: 36366K->3566K(37568K), 0.0035070 secs] 596637K->569538K(806156K), 0.0035520 secs] [Times: user=0.03 sys=0.00, real=0.00 secs] 
44.061: Total time for which application threads were stopped: 0.0037120 seconds, Stopping threads took: 0.0000900 seconds
44.101: Application time: 0.0405100 seconds
44.101: [GC44.101: [ParNew: 36408K->3604K(37568K), 0.0046700 secs] 602380K->580264K(806156K), 0.0047130 secs] [Times: user=0.03 sys=0.00, real=0.01 secs] 
44.106: Total time for which application threads were stopped: 0.0048820 seconds, Stopping threads took: 0.0001000 seconds
44.106: Application time: 0.0000820 seconds
44.106: [GC [1 CMS-initial-mark: 576659K(768588K)] 580976K(806156K), 0.0001220 secs] [Times: user=0.00 sys=0.00, real=0.00 secs] 
44.106: Total time for which application threads were stopped: 0.0002860 seconds, Stopping threads took: 0.0001380 seconds
44.106: [CMS-concurrent-mark-start]
44.112: [CMS-concurrent-mark: 0.005/0.005 secs] [Times: user=0.04 sys=0.00, real=0.00 secs] 
44.112: [CMS-concurrent-preclean-start]
44.113: [CMS-concurrent-preclean: 0.001/0.001 secs] [Times: user=0.00 sys=0.00, real=0.00 secs] 
44.113: [CMS-concurrent-abortable-preclean-start]
44.134: Application time: 0.0275840 seconds
44.134: [GC44.134: [ParNew: 36394K->3566K(37568K), 0.0039710 secs] 613054K->587381K(806156K), 0.0040130 secs] [Times: user=0.03 sys=0.00, real=0.01 secs] 
44.138: Total time for which application threads were stopped: 0.0041790 seconds, Stopping threads took: 0.0000900 seconds
44.169: Application time: 0.0304600 seconds
44.169: [GC44.169: [ParNew: 36812K->3611K(37568K), 0.0028070 secs] 620626K->590988K(806156K), 0.0028470 secs] [Times: user=0.02 sys=0.00, real=0.00 secs] 
44.172: Total time for which application threads were stopped: 0.0030350 seconds, Stopping threads took: 0.0001160 seconds
44.191: Application time: 0.0198250 seconds
44.192: [GC44.192: [ParNew: 36700K->3572K(37568K), 0.0044080 secs] 624077K->599529K(806156K), 0.0044530 secs] [Times: user=0.04 sys=0.00, real=0.01 secs] 
44.196: Total time for which application threads were stopped: 0.0046360 seconds, Stopping threads took: 0.0001070 seconds
44.212: Application time: 0.0158590 seconds
44.212: [GC44.212: [ParNew: 36367K->3572K(37568K), 0.0040560 secs] 632324K->607368K(806156K), 0.0040950 secs] [Times: user=0.03 sys=0.00, real=0.01 secs] 
44.216: Total time for which application threads were stopped: 0.0042680 seconds, Stopping threads took: 0.0000990 seconds
44.233: Application time: 0.0165330 seconds
44.233: [GC44.233: [ParNew: 36364K->3568K(37568K), 0.0024430 secs] 640160K->609503K(806156K), 0.0024880 secs] [Times: user=0.01 sys=0.00, real=0.01 secs] 
44.235: Total time for which application threads were stopped: 0.0028030 seconds, Stopping threads took: 0.0002360 seconds
44.260: Application time: 0.0243480 seconds
44.260: [GC44.260: [ParNew: 36976K->2895K(37568K), 0.0018870 secs] 642910K->609542K(806156K), 0.0019240 secs] [Times: user=0.02 sys=0.00, real=0.00 secs] 
44.262: Total time for which application threads were stopped: 0.0024120 seconds, Stopping threads took: 0.0004150 seconds
44.278: Application time: 0.0156010 seconds
44.279: [GC44.279: [ParNew: 35673K->3610K(37568K), 0.0039030 secs] 642320K->617411K(806156K), 0.0039580 secs] [Times: user=0.03 sys=0.00, real=0.01 secs] 
44.283: Total time for which application threads were stopped: 0.0050110 seconds, Stopping threads took: 0.0009770 seconds
44.297: Application time: 0.0145860 seconds
44.298: [GC44.298: [ParNew: 36594K->3570K(37568K), 0.0038820 secs] 650396K->624528K(806156K), 0.0039290 secs] [Times: user=0.03 sys=0.00, real=0.00 secs] 
44.302: Total time for which application threads were stopped: 0.0041300 seconds, Stopping threads took: 0.0001240 seconds
44.314: Application time: 0.0122160 seconds
44.314: [GC44.314: [ParNew: 36372K->3570K(37568K), 0.0036760 secs] 657329K->630942K(806156K), 0.0037190 secs] [Times: user=0.03 sys=0.00, real=0.01 secs] 
44.318: Total time for which application threads were stopped: 0.0039090 seconds, Stopping threads took: 0.0001130 seconds
44.332: Application time: 0.0141260 seconds
44.332: [GC44.332: [ParNew: 36354K->3564K(37568K), 0.0025000 secs] 663725K->633075K(806156K), 0.0025450 secs] [Times: user=0.02 sys=0.00, real=0.00 secs] 
44.335: Total time for which application threads were stopped: 0.0027910 seconds, Stopping threads took: 0.0001570 seconds
44.347: Application time: 0.0127010 seconds
44.351: [GC44.351: [ParNew: 36355K->3572K(37568K), 0.0030230 secs] 665866K->637358K(806156K), 0.0030640 secs] [Times: user=0.02 sys=0.00, real=0.00 secs] 
44.354: Total time for which application threads were stopped: 0.0068400 seconds, Stopping threads took: 0.0036810 seconds
44.367: Application time: 0.0131560 seconds
44.368: [GC44.368: [ParNew: 36405K->3613K(37568K), 0.0038560 secs] 670190K->643812K(806156K), 0.0039020 secs] [Times: user=0.03 sys=0.00, real=0.00 secs] 
44.372: Total time for which application threads were stopped: 0.0041740 seconds, Stopping threads took: 0.0001940 seconds
44.384: Application time: 0.0126300 seconds
44.384: [GC44.384: [ParNew: 36419K->3574K(37568K), 0.0033380 secs] 676618K->649504K(806156K), 0.0033840 secs] [Times: user=0.02 sys=0.00, real=0.00 secs] 
44.388: Total time for which application threads were stopped: 0.0035490 seconds, Stopping threads took: 0.0000910 seconds
44.399: Application time: 0.0112930 seconds
44.399: [GC44.399: [ParNew: 36359K->3562K(37568K), 0.0028080 secs] 682289K->653057K(806156K), 0.0028540 secs] [Times: user=0.02 sys=0.00, real=0.00 secs] 
44.402: Total time for which application threads were stopped: 0.0030340 seconds, Stopping threads took: 0.0001030 seconds
44.415: Application time: 0.0127790 seconds
44.415: [GC44.415: [ParNew: 36907K->3615K(37568K), 0.0023440 secs] 686402K->655248K(806156K), 0.0023890 secs] [Times: user=0.02 sys=0.00, real=0.00 secs] 
44.417: Total time for which application threads were stopped: 0.0025330 seconds, Stopping threads took: 0.0000690 seconds
44.429: Application time: 0.0116970 seconds
44.429: [GC44.429: [ParNew: 36616K->3570K(37568K), 0.0031020 secs] 688249K->659509K(806156K), 0.0031480 secs] [Times: user=0.02 sys=0.00, real=0.00 secs] 
44.432: Total time for which application threads were stopped: 0.0033480 seconds, Stopping threads took: 0.0001250 seconds
44.443: Application time: 0.0104790 seconds
44.443: [GC44.443: [ParNew: 36365K->3572K(37568K), 0.0029620 secs] 692304K->663787K(806156K), 0.0030060 secs] [Times: user=0.02 sys=0.00, real=0.00 secs] 
44.446: Total time for which application threads were stopped: 0.0031720 seconds, Stopping threads took: 0.0000920 seconds
44.456: Application time: 0.0102240 seconds
44.456: [GC44.456: [ParNew: 36360K->3568K(37568K), 0.0028590 secs] 696574K->667346K(806156K), 0.0029060 secs] [Times: user=0.02 sys=0.00, real=0.00 secs] 
44.459: Total time for which application threads were stopped: 0.0031020 seconds, Stopping threads took: 0.0001300 seconds
44.475: Application time: 0.0156370 seconds
44.475: [GC44.475: [ParNew: 36373K->3578K(37568K), 0.0037040 secs] 700151K->674481K(806156K), 0.0037500 secs] [Times: user=0.03 sys=0.00, real=0.00 secs] 
44.479: Total time for which application threads were stopped: 0.0040160 seconds, Stopping threads took: 0.0001910 seconds
44.495: Application time: 0.0157110 seconds
44.495: [GC44.495: [ParNew: 36380K->3570K(37568K), 0.0037280 secs] 707283K->680888K(806156K), 0.0037810 secs] [Times: user=0.03 sys=0.00, real=0.00 secs] 
44.499: Total time for which application threads were stopped: 0.0039800 seconds, Stopping threads took: 0.0001210 seconds
44.517: Application time: 0.0179900 seconds
44.517: [GC44.517: [ParNew: 36368K->2864K(37568K), 0.0019680 secs] 713686K->681607K(806156K), 0.0020070 secs] [Times: user=0.01 sys=0.01, real=0.00 secs] 
44.519: Total time for which application threads were stopped: 0.0021750 seconds, Stopping threads took: 0.0000980 seconds
44.536: Application time: 0.0168800 seconds
44.536: [GC44.536: [ParNew: 35648K->3563K(37568K), 0.0022280 secs] 714391K->683733K(806156K), 0.0022710 secs] [Times: user=0.02 sys=0.00, real=0.00 secs] 
44.538: Total time for which application threads were stopped: 0.0024530 seconds, Stopping threads took: 0.0001050 seconds
44.552: Application time: 0.0139820 seconds
44.552: [GC44.552: [ParNew: 36350K->3562K(37568K), 0.0030010 secs] 716520K->688008K(806156K), 0.0030470 secs] [Times: user=0.02 sys=0.00, real=0.01 secs] 
44.555: Total time for which application threads were stopped: 0.0032210 seconds, Stopping threads took: 0.0000980 seconds
44.581: Application time: 0.0253170 seconds
44.581: [GC44.581: [ParNew: 36371K->3576K(37568K), 0.0049380 secs] 720816K->698710K(806156K), 0.0049840 secs] [Times: user=0.04 sys=0.00, real=0.01 secs] 
44.586: Total time for which application threads were stopped: 0.0051820 seconds, Stopping threads took: 0.0001230 seconds
44.651: Application time: 0.0648250 seconds
44.651: [GC44.651: [ParNew: 36380K->3572K(37568K), 0.0048490 secs] 731513K->710107K(806156K), 0.0048950 secs] [Times: user=0.03 sys=0.00, real=0.01 secs] 
44.656: Total time for which application threads were stopped: 0.0050240 seconds, Stopping threads took: 0.0000550 seconds
44.797: Application time: 0.1414470 seconds
44.797: [GC44.797: [ParNew: 36364K->3562K(37568K), 0.0050770 secs] 742899K->722210K(806156K), 0.0051190 secs] [Times: user=0.04 sys=0.00, real=0.00 secs] 
44.803: Total time for which application threads were stopped: 0.0052600 seconds, Stopping threads took: 0.0000690 seconds
44.803: [CMS-concurrent-abortable-preclean: 0.036/0.690 secs] [Times: user=5.27 sys=0.01, real=0.69 secs] 
44.803: Application time: 0.0000690 seconds
44.807: [GC[YG occupancy: 4275 K (37568 K)]44.807: [Rescan (parallel) , 0.0003280 secs]44.807: [weak refs processing, 0.0000050 secs]44.807: [scrub string table, 0.0001080 secs] [1 CMS-remark: 718648K(768588K)] 722923K(806156K), 0.0004610 secs] [Times: user=0.00 sys=0.01, real=0.00 secs] 
44.807: Total time for which application threads were stopped: 0.0048300 seconds, Stopping threads took: 0.0043420 seconds
44.807: [CMS-concurrent-sweep-start]
44.809: [CMS-concurrent-sweep: 0.001/0.001 secs] [Times: user=0.00 sys=0.00, real=0.00 secs] 
44.809: [CMS-concurrent-reset-start]
44.810: [CMS-concurrent-reset: 0.001/0.001 secs] [Times: user=0.00 sys=0.00, real=0.00 secs] 
44.949: Application time: 0.1420430 seconds
44.950: [GC44.950: [ParNew: 36363K->3570K(37568K), 0.0053060 secs] 203191K->183224K(806156K), 0.0053490 secs] [Times: user=0.04 sys=0.00, real=0.01 secs] 
44.955: Total time for which application threads were stopped: 0.0055200 seconds, Stopping threads took: 0.0000890 seconds
45.099: Application time: 0.1441390 seconds
45.099: [GC45.099: [ParNew: 36371K->3570K(37568K), 0.0052610 secs] 216025K->196050K(806156K), 0.0053030 secs] [Times: user=0.04 sys=0.00, real=0.01 secs] 
45.105: Total time for which application threads were stopped: 0.0054490 seconds, Stopping threads took: 0.0000730 seconds
45.251: Application time: 0.1459260 seconds
45.251: [GC45.251: [ParNew: 36371K->3570K(37568K), 0.0052200 secs] 228851K->208876K(806156K), 0.0052640 secs] [Times: user=0.03 sys=0.00, real=0.01 secs] 
45.256: Total time for which application threads were stopped: 0.0054470 seconds, Stopping threads took: 0.0001110 seconds
45.414: Application time: 0.1575620 seconds
45.414: [GC45.414: [ParNew: 36371K->3572K(37568K), 0.0052780 secs] 241677K->221704K(806156K), 0.0053310 secs] [Times: user=0.05 sys=0.00, real=0.01 secs] 
45.419: Total time for which application threads were stopped: 0.0054630 seconds, Stopping threads took: 0.0000650 seconds
45.564: Application time: 0.1453530 seconds
45.564: [GC45.564: [ParNew: 36390K->3576K(37568K), 0.0059690 secs] 254522K->236672K(806156K), 0.0060130 secs] [Times: user=0.05 sys=0.00, real=0.00 secs] 
45.570: Total time for which application threads were stopped: 0.0061560 seconds, Stopping threads took: 0.0000650 seconds
45.712: Application time: 0.1416900 seconds
45.712: [GC45.712: [ParNew: 36377K->3572K(37568K), 0.0052430 secs] 269472K->249496K(806156K), 0.0052870 secs] [Times: user=0.04 sys=0.00, real=0.01 secs] 
45.718: Total time for which application threads were stopped: 0.0054130 seconds, Stopping threads took: 0.0000580 seconds
45.861: Application time: 0.1431210 seconds
45.861: [GC45.861: [ParNew: 36364K->3562K(37568K), 0.0069490 secs] 282288K->262312K(806156K), 0.0069960 secs] [Times: user=0.04 sys=0.00, real=0.01 secs] 
45.868: Total time for which application threads were stopped: 0.0071670 seconds, Stopping threads took: 0.0001060 seconds
46.007: Application time: 0.1394200 seconds
46.007: [GC46.007: [ParNew: 36362K->3574K(37568K), 0.0051950 secs] 295112K->275149K(806156K), 0.0052410 secs] [Times: user=0.04 sys=0.00, real=0.00 secs] 
46.013: Total time for which application threads were stopped: 0.0053790 seconds, Stopping threads took: 0.0000650 seconds
46.155: Application time: 0.1422920 seconds
46.155: [GC46.155: [ParNew: 36383K->3574K(37568K), 0.0054540 secs] 307958K->288688K(806156K), 0.0054950 secs] [Times: user=0.04 sys=0.00, real=0.00 secs] 
46.161: Total time for which application threads were stopped: 0.0056470 seconds, Stopping threads took: 0.0000680 seconds
46.282: Application time: 0.1217150 seconds
46.282: [GC46.282: [ParNew: 36375K->3570K(37568K), 0.0053380 secs] 321489K->301511K(806156K), 0.0053820 secs] [Times: user=0.03 sys=0.00, real=0.01 secs] 
46.288: Total time for which application threads were stopped: 0.0055130 seconds, Stopping threads took: 0.0000630 seconds
46.399: Application time: 0.1108840 seconds
46.399: [GC46.399: [ParNew: 36379K->3576K(37568K), 0.0052670 secs] 334321K->314344K(806156K), 0.0053070 secs] [Times: user=0.04 sys=0.00, real=0.01 secs] 
46.404: Total time for which application threads were stopped: 0.0054540 seconds, Stopping threads took: 0.0000760 seconds
46.521: Application time: 0.1169240 seconds
46.521: [GC46.521: [ParNew: 36377K->3570K(37568K), 0.0048220 secs] 347145K->325741K(806156K), 0.0048670 secs] [Times: user=0.04 sys=0.00, real=0.01 secs] 
46.526: Total time for which application threads were stopped: 0.0049990 seconds, Stopping threads took: 0.0000610 seconds
46.635: Application time: 0.1084520 seconds
46.635: [GC46.635: [ParNew: 36372K->3572K(37568K), 0.0050860 secs] 358543K->337857K(806156K), 0.0051290 secs] [Times: user=0.04 sys=0.01, real=0.01 secs] 
46.640: Total time for which application threads were stopped: 0.0052670 seconds, Stopping threads took: 0.0000660 seconds
46.753: Application time: 0.1129740 seconds
46.753: [GC46.753: [ParNew: 36366K->3562K(37568K), 0.0053350 secs] 370651K->350674K(806156K), 0.0053780 secs] [Times: user=0.04 sys=0.00, real=0.01 secs] 
46.758: Total time for which application threads were stopped: 0.0055150 seconds, Stopping threads took: 0.0000570 seconds
46.865: Application time: 0.1064400 seconds
46.865: [GC46.865: [ParNew: 36357K->3562K(37568K), 0.0051420 secs] 383469K->362788K(806156K), 0.0051840 secs] [Times: user=0.04 sys=0.00, real=0.00 secs] 
46.870: Total time for which application threads were stopped: 0.0053490 seconds, Stopping threads took: 0.0001010 seconds
46.986: Application time: 0.1155550 seconds
46.986: [GC46.986: [ParNew: 36366K->3570K(37568K), 0.0055080 secs] 395591K->376335K(806156K), 0.0055500 secs] [Times: user=0.04 sys=0.00, real=0.00 secs] 
46.991: Total time for which application threads were stopped: 0.0057130 seconds, Stopping threads took: 0.0000830 seconds
47.089: Application time: 0.0976050 seconds
47.089: [GC47.089: [ParNew: 36374K->3569K(37568K), 0.0052710 secs] 409139K->389161K(806156K), 0.0053150 secs] [Times: user=0.04 sys=0.00, real=0.00 secs] 
47.094: Total time for which application threads were stopped: 0.0054600 seconds, Stopping threads took: 0.0000700 seconds
47.206: Application time: 0.1110860 seconds
47.206: [GC47.206: [ParNew: 36381K->3575K(37568K), 0.0055490 secs] 421973K->402707K(806156K), 0.0055900 secs] [Times: user=0.05 sys=0.00, real=0.00 secs] 
47.211: Total time for which application threads were stopped: 0.0057230 seconds, Stopping threads took: 0.0000580 seconds
47.316: Application time: 0.1045070 seconds
47.316: [GC47.316: [ParNew: 36378K->3571K(37568K), 0.0051990 secs] 435510K->414819K(806156K), 0.0052430 secs] [Times: user=0.04 sys=0.00, real=0.00 secs] 
47.321: Total time for which application threads were stopped: 0.0053830 seconds, Stopping threads took: 0.0000650 seconds
47.435: Application time: 0.1134020 seconds
47.435: [GC47.435: [ParNew: 36383K->3573K(37568K), 0.0055450 secs] 447631K->428361K(806156K), 0.0055870 secs] [Times: user=0.04 sys=0.00, real=0.01 secs] 
47.440: Total time for which application threads were stopped: 0.0057430 seconds, Stopping threads took: 0.0000870 seconds
47.544: Application time: 0.1035830 seconds
47.544: [GC47.544: [ParNew: 36376K->3568K(37568K), 0.0053200 secs] 461164K->441185K(806156K), 0.0053640 secs] [Times: user=0.04 sys=0.00, real=0.00 secs] 
47.549: Total time for which application threads were stopped: 0.0055380 seconds, Stopping threads took: 0.0000980 seconds
47.663: Application time: 0.1135770 seconds
47.663: [GC47.663: [ParNew: 36363K->3562K(37568K), 0.0055340 secs] 473979K->454006K(806156K), 0.0055780 secs] [Times: user=0.04 sys=0.00, real=0.00 secs] 
47.669: Total time for which application threads were stopped: 0.0057150 seconds, Stopping threads took: 0.0000640 seconds
47.780: Application time: 0.1108670 seconds
47.780: [GC47.780: [ParNew: 36356K->3562K(37568K), 0.0050800 secs] 486799K->466119K(806156K), 0.0051250 secs] [Times: user=0.03 sys=0.00, real=0.01 secs] 
47.785: Total time for which application threads were stopped: 0.0052560 seconds, Stopping threads took: 0.0000630 seconds
47.842: Application time: 0.0576020 seconds
47.843: [GC47.843: [ParNew: 36399K->3602K(37568K), 0.0055870 secs] 498955K->478985K(806156K), 0.0056310 secs] [Times: user=0.04 sys=0.00, real=0.01 secs] 
47.848: Total time for which application threads were stopped: 0.0058040 seconds, Stopping threads took: 0.0000850 seconds
47.879: Application time: 0.0307380 seconds
47.879: [GC47.879: [ParNew: 36392K->3568K(37568K), 0.0031010 secs] 511775K->483255K(806156K), 0.0031420 secs] [Times: user=0.03 sys=0.00, real=0.00 secs] 
47.882: Total time for which application threads were stopped: 0.0032930 seconds, Stopping threads took: 0.0000750 seconds
47.911: Application time: 0.0288450 seconds
47.911: [GC47.911: [ParNew: 36359K->3572K(37568K), 0.0034030 secs] 516046K->488247K(806156K), 0.0034460 secs] [Times: user=0.02 sys=0.00, real=0.00 secs] 
47.915: Total time for which application threads were stopped: 0.0036180 seconds, Stopping threads took: 0.0000870 seconds
47.936: Application time: 0.0212700 seconds
47.936: [GC47.936: [ParNew: 36370K->3575K(37568K), 0.0041140 secs] 521044K->496087K(806156K), 0.0041570 secs] [Times: user=0.03 sys=0.00, real=0.00 secs] 
47.940: Total time for which application threads were stopped: 0.0043250 seconds, Stopping threads took: 0.0000940 seconds
47.965: Application time: 0.0246220 seconds
47.965: [GC47.965: [ParNew: 36378K->2899K(37568K), 0.0023600 secs] 528891K->497550K(806156K), 0.0024020 secs] [Times: user=0.02 sys=0.00, real=0.00 secs] 
47.968: Total time for which application threads were stopped: 0.0025460 seconds, Stopping threads took: 0.0000720 seconds
47.993: Application time: 0.0259280 seconds
47.994: [GC47.994: [ParNew: 35717K->3576K(37568K), 0.0036400 secs] 530368K->504669K(806156K), 0.0036930 secs] [Times: user=0.03 sys=0.00, real=0.01 secs] 
47.997: Total time for which application threads were stopped: 0.0038720 seconds, Stopping threads took: 0.0001030 seconds
48.024: Application time: 0.0264510 seconds
48.024: [GC48.024: [ParNew: 36369K->3570K(37568K), 0.0040660 secs] 537461K->512502K(806156K), 0.0041100 secs] [Times: user=0.03 sys=0.00, real=0.00 secs] 
48.028: Total time for which application threads were stopped: 0.0042580 seconds, Stopping threads took: 0.0000720 seconds
48.058: Application time: 0.0295640 seconds
48.058: [GC48.058: [ParNew: 36364K->3570K(37568K), 0.0034140 secs] 545296K->518202K(806156K), 0.0034560 secs] [Times: user=0.03 sys=0.00, real=0.00 secs] 
48.061: Total time for which application threads were stopped: 0.0036110 seconds, Stopping threads took: 0.0000790 seconds
48.085: Application time: 0.0242060 seconds
48.086: [GC48.086: [ParNew: 36366K->3571K(37568K), 0.0031180 secs] 550998K->522477K(806156K), 0.0031610 secs] [Times: user=0.02 sys=0.00, real=0.00 secs] 
48.089: Total time for which application threads were stopped: 0.0033390 seconds, Stopping threads took: 0.0001010 seconds
48.113: Application time: 0.0243490 seconds
48.113: [GC48.113: [ParNew: 36409K->3604K(37568K), 0.0035860 secs] 555316K->528924K(806156K), 0.0036270 secs] [Times: user=0.03 sys=0.00, real=0.01 secs] 
48.117: Total time for which application threads were stopped: 0.0037690 seconds, Stopping threads took: 0.0000690 seconds
48.148: Application time: 0.0306600 seconds
48.148: [GC48.148: [ParNew: 36436K->3602K(37568K), 0.0034360 secs] 561756K->534652K(806156K), 0.0034760 secs] [Times: user=0.02 sys=0.00, real=0.00 secs] 
48.151: Total time for which application threads were stopped: 0.0036340 seconds, Stopping threads took: 0.0000840 seconds
48.167: Application time: 0.0161170 seconds
48.167: [GC48.168: [ParNew: 36386K->3562K(37568K), 0.0032150 secs] 567436K->539630K(806156K), 0.0032560 secs] [Times: user=0.03 sys=0.00, real=0.00 secs] 
48.171: Total time for which application threads were stopped: 0.0034270 seconds, Stopping threads took: 0.0000980 seconds
48.189: Application time: 0.0179670 seconds
48.189: [GC48.189: [ParNew: 36359K->3574K(37568K), 0.0034210 secs] 572426K->545342K(806156K), 0.0034650 secs] [Times: user=0.03 sys=0.00, real=0.00 secs] 
48.192: Total time for which application threads were stopped: 0.0036220 seconds, Stopping threads took: 0.0000800 seconds
48.207: Application time: 0.0148610 seconds
48.207: [GC48.207: [ParNew: 36360K->3562K(37568K), 0.0032750 secs] 578128K->550320K(806156K), 0.0033180 secs] [Times: user=0.02 sys=0.00, real=0.00 secs] 
48.211: Total time for which application threads were stopped: 0.0034820 seconds, Stopping threads took: 0.0000860 seconds
48.229: Application time: 0.0183210 seconds
48.229: [GC48.229: [ParNew: 36363K->3575K(37568K), 0.0040950 secs] 583120K->552469K(806156K), 0.0041330 secs] [Times: user=0.03 sys=0.00, real=0.00 secs] 
48.233: Total time for which application threads were stopped: 0.0042780 seconds, Stopping threads took: 0.0000730 seconds
48.247: Application time: 0.0137550 seconds
48.247: [GC48.247: [ParNew: 36359K->3562K(37568K), 0.0028360 secs] 585254K->556022K(806156K), 0.0028770 secs] [Times: user=0.02 sys=0.00, real=0.00 secs] 
48.250: Total time for which application threads were stopped: 0.0030570 seconds, Stopping threads took: 0.0001040 seconds
48.265: Application time: 0.0146370 seconds
48.265: [GC48.265: [ParNew: 36358K->3577K(37568K), 0.0032380 secs] 588817K->561024K(806156K), 0.0032800 secs] [Times: user=0.02 sys=0.00, real=0.00 secs] 
48.268: Total time for which application threads were stopped: 0.0034120 seconds, Stopping threads took: 0.0000590 seconds
48.291: Application time: 0.0228920 seconds
48.291: [GC48.291: [ParNew: 36373K->3574K(37568K), 0.0038180 secs] 593821K->568148K(806156K), 0.0038630 secs] [Times: user=0.03 sys=0.00, real=0.01 secs] 
48.295: Total time for which application threads were stopped: 0.0040140 seconds, Stopping threads took: 0.0000760 seconds
48.295: Application time: 0.0000760 seconds
48.295: [GC [1 CMS-initial-mark: 564573K(768588K)] 568860K(806156K), 0.0001280 secs] [Times: user=0.00 sys=0.00, real=0.00 secs] 
48.295: Total time for which application threads were stopped: 0.0002550 seconds, Stopping threads took: 0.0001000 seconds
48.295: [CMS-concurrent-mark-start]
48.305: [CMS-concurrent-mark: 0.010/0.010 secs] [Times: user=0.05 sys=0.00, real=0.01 secs] 
48.305: [CMS-concurrent-preclean-start]
48.306: [CMS-concurrent-preclean: 0.001/0.001 secs] [Times: user=0.00 sys=0.00, real=0.00 secs] 
48.306: [CMS-concurrent-abortable-preclean-start]
48.367: Application time: 0.0719300 seconds
48.367: [GC48.368: [ParNew: 36416K->3606K(37568K), 0.0049170 secs] 600989K->578868K(806156K), 0.0049590 secs] [Times: user=0.03 sys=0.00, real=0.00 secs] 
48.372: Total time for which application threads were stopped: 0.0051200 seconds, Stopping threads took: 0.0000780 seconds
48.399: Application time: 0.0263380 seconds
48.399: [GC48.399: [ParNew: 36993K->3641K(37568K), 0.0036280 secs] 612254K->585345K(806156K), 0.0036730 secs] [Times: user=0.03 sys=0.00, real=0.00 secs] 
48.403: Total time for which application threads were stopped: 0.0038590 seconds, Stopping threads took: 0.0001110 seconds
48.416: Application time: 0.0134290 seconds
48.416: [GC48.416: [ParNew: 36628K->3570K(37568K), 0.0040430 secs] 618331K->593170K(806156K), 0.0040860 secs] [Times: user=0.03 sys=0.00, real=0.00 secs] 
48.420: Total time for which application threads were stopped: 0.0042630 seconds, Stopping threads took: 0.0001010 seconds
48.433: Application time: 0.0124680 seconds
48.433: [GC48.433: [ParNew: 36354K->3564K(37568K), 0.0032050 secs] 625954K->598153K(806156K), 0.0032470 secs] [Times: user=0.03 sys=0.00, real=0.01 secs] 
48.436: Total time for which application threads were stopped: 0.0033950 seconds, Stopping threads took: 0.0000750 seconds
48.454: Application time: 0.0174900 seconds
48.454: [GC48.454: [ParNew: 36365K->3576K(37568K), 0.0033920 secs] 630954K->603865K(806156K), 0.0034350 secs] [Times: user=0.03 sys=0.00, real=0.01 secs] 
48.457: Total time for which application threads were stopped: 0.0036280 seconds, Stopping threads took: 0.0001190 seconds
48.472: Application time: 0.0144070 seconds
48.472: [GC48.472: [ParNew: 36366K->3568K(37568K), 0.0028500 secs] 636654K->607421K(806156K), 0.0028920 secs] [Times: user=0.02 sys=0.00, real=0.01 secs] 
48.475: Total time for which application threads were stopped: 0.0030660 seconds, Stopping threads took: 0.0001000 seconds
48.486: Application time: 0.0114030 seconds
48.486: [GC48.486: [ParNew: 36363K->3568K(37568K), 0.0035150 secs] 640216K->613123K(806156K), 0.0035580 secs] [Times: user=0.03 sys=0.00, real=0.00 secs] 
48.490: Total time for which application threads were stopped: 0.0037400 seconds, Stopping threads took: 0.0001070 seconds
48.503: Application time: 0.0126640 seconds
48.503: [GC48.503: [ParNew: 36366K->3570K(37568K), 0.0034930 secs] 645920K->619539K(806156K), 0.0035360 secs] [Times: user=0.02 sys=0.00, real=0.00 secs] 
48.506: Total time for which application threads were stopped: 0.0037560 seconds, Stopping threads took: 0.0001490 seconds
48.523: Application time: 0.0162770 seconds
48.523: [GC48.523: [ParNew: 36367K->3572K(37568K), 0.0033900 secs] 652335K->625243K(806156K), 0.0034350 secs] [Times: user=0.03 sys=0.00, real=0.00 secs] 
48.526: Total time for which application threads were stopped: 0.0036310 seconds, Stopping threads took: 0.0001210 seconds
48.538: Application time: 0.0118580 seconds
48.539: [GC48.539: [ParNew: 36979K->3604K(37568K), 0.0035480 secs] 658649K->631688K(806156K), 0.0035910 secs] [Times: user=0.02 sys=0.00, real=0.00 secs] 
48.543: Total time for which application threads were stopped: 0.0043300 seconds, Stopping threads took: 0.0006630 seconds
48.556: Application time: 0.0130230 seconds
48.556: [GC48.556: [ParNew: 36545K->3573K(37568K), 0.0033730 secs] 664629K->637386K(806156K), 0.0034160 secs] [Times: user=0.02 sys=0.00, real=0.00 secs] 
48.559: Total time for which application threads were stopped: 0.0036200 seconds, Stopping threads took: 0.0001290 seconds
48.570: Application time: 0.0111030 seconds
48.570: [GC48.570: [ParNew: 36369K->3569K(37568K), 0.0033730 secs] 670182K->643085K(806156K), 0.0034260 secs] [Times: user=0.03 sys=0.00, real=0.00 secs] 
48.574: Total time for which application threads were stopped: 0.0036250 seconds, Stopping threads took: 0.0001250 seconds
48.587: Application time: 0.0133450 seconds
48.587: [GC48.587: [ParNew: 36363K->3574K(37568K), 0.0029420 secs] 675879K->647366K(806156K), 0.0029840 secs] [Times: user=0.02 sys=0.00, real=0.00 secs] 
48.590: Total time for which application threads were stopped: 0.0031330 seconds, Stopping threads took: 0.0000760 seconds
48.606: Application time: 0.0153660 seconds
48.606: [GC48.606: [ParNew: 36366K->3568K(37568K), 0.0033000 secs] 680158K->652349K(806156K), 0.0033450 secs] [Times: user=0.02 sys=0.00, real=0.00 secs] 
48.609: Total time for which application threads were stopped: 0.0035100 seconds, Stopping threads took: 0.0000900 seconds
48.635: Application time: 0.0257540 seconds
48.635: [GC48.635: [ParNew: 36367K->3576K(37568K), 0.0033560 secs] 685148K->657345K(806156K), 0.0033990 secs] [Times: user=0.03 sys=0.00, real=0.00 secs] 
48.639: Total time for which application threads were stopped: 0.0035450 seconds, Stopping threads took: 0.0000690 seconds
48.665: Application time: 0.0262200 seconds
48.665: [GC48.665: [ParNew: 36373K->3566K(37568K), 0.0036250 secs] 690142K->663748K(806156K), 0.0036680 secs] [Times: user=0.03 sys=0.00, real=0.00 secs] 
48.669: Total time for which application threads were stopped: 0.0038320 seconds, Stopping threads took: 0.0000880 seconds
48.694: Application time: 0.0249750 seconds
48.694: [GC48.694: [ParNew: 36352K->3562K(37568K), 0.0029840 secs] 696534K->667308K(806156K), 0.0030270 secs] [Times: user=0.02 sys=0.00, real=0.01 secs] 
48.697: Total time for which application threads were stopped: 0.0031910 seconds, Stopping threads took: 0.0000880 seconds
48.816: Application time: 0.1194280 seconds
48.816: [GC48.816: [ParNew: 36362K->3572K(37568K), 0.0052530 secs] 700108K->680143K(806156K), 0.0052980 secs] [Times: user=0.04 sys=0.00, real=0.00 secs] 
48.822: Total time for which application threads were stopped: 0.0054530 seconds, Stopping threads took: 0.0000850 seconds
48.822: [CMS-concurrent-abortable-preclean: 0.025/0.515 secs] [Times: user=3.98 sys=0.01, real=0.51 secs] 
48.822: Application time: 0.0001120 seconds
48.822: [GC[YG occupancy: 4285 K (37568 K)]48.822: [Rescan (parallel) , 0.0002660 secs]48.822: [weak refs processing, 0.0000060 secs]48.822: [scrub string table, 0.0001150 secs] [1 CMS-remark: 676571K(768588K)] 680856K(806156K), 0.0004090 secs] [Times: user=0.00 sys=0.00, real=0.00 secs] 
48.822: Total time for which application threads were stopped: 0.0005370 seconds, Stopping threads took: 0.0001010 seconds
48.822: [CMS-concurrent-sweep-start]
48.824: [CMS-concurrent-sweep: 0.002/0.002 secs] [Times: user=0.00 sys=0.00, real=0.01 secs] 
48.824: [CMS-concurrent-reset-start]
48.825: [CMS-concurrent-reset: 0.002/0.002 secs] [Times: user=0.00 sys=0.00, real=0.00 secs] 
48.967: Application time: 0.1447820 seconds
48.967: [GC48.967: [ParNew: 36364K->3562K(37568K), 0.0052640 secs] 173232K->153256K(806156K), 0.0053070 secs] [Times: user=0.04 sys=0.00, real=0.00 secs] 
48.973: Total time for which application threads were stopped: 0.0054890 seconds, Stopping threads took: 0.0001020 seconds
49.120: Application time: 0.1473310 seconds
49.120: [GC49.120: [ParNew: 36371K->3574K(37568K), 0.0054570 secs] 186065K->166806K(806156K), 0.0055010 secs] [Times: user=0.04 sys=0.00, real=0.01 secs] 
49.126: Total time for which application threads were stopped: 0.0056290 seconds, Stopping threads took: 0.0000550 seconds
49.258: Application time: 0.1327590 seconds
49.258: [GC49.258: [ParNew: 36375K->3572K(37568K), 0.0049860 secs] 199606K->178918K(806156K), 0.0050300 secs] [Times: user=0.04 sys=0.00, real=0.01 secs] 
49.264: Total time for which application threads were stopped: 0.0051720 seconds, Stopping threads took: 0.0000710 seconds
49.405: Application time: 0.1416910 seconds
49.405: [GC49.405: [ParNew: 36373K->3570K(37568K), 0.0054980 secs] 211719K->192455K(806156K), 0.0055520 secs] [Times: user=0.04 sys=0.01, real=0.00 secs] 
49.411: Total time for which application threads were stopped: 0.0057070 seconds, Stopping threads took: 0.0000820 seconds
49.560: Application time: 0.1491790 seconds
49.560: [GC49.560: [ParNew: 36388K->3576K(37568K), 0.0052750 secs] 225272K->205287K(806156K), 0.0053180 secs] [Times: user=0.04 sys=0.00, real=0.01 secs] 
49.566: Total time for which application threads were stopped: 0.0054600 seconds, Stopping threads took: 0.0000570 seconds
49.698: Application time: 0.1320880 seconds
49.698: [GC49.698: [ParNew: 36377K->3568K(37568K), 0.0052820 secs] 238087K->218107K(806156K), 0.0053250 secs] [Times: user=0.05 sys=0.00, real=0.01 secs] 
49.703: Total time for which application threads were stopped: 0.0054690 seconds, Stopping threads took: 0.0000710 seconds
49.848: Application time: 0.1449700 seconds
49.848: [GC49.848: [ParNew: 36360K->3562K(37568K), 0.0054640 secs] 250899K->230927K(806156K), 0.0055050 secs] [Times: user=0.04 sys=0.00, real=0.00 secs] 
49.854: Total time for which application threads were stopped: 0.0056680 seconds, Stopping threads took: 0.0000900 seconds
50.001: Application time: 0.1470230 seconds
50.001: [GC50.001: [ParNew: 36362K->3572K(37568K), 0.0045600 secs] 263727K->241625K(806156K), 0.0046020 secs] [Times: user=0.03 sys=0.00, real=0.01 secs] 
50.006: Total time for which application threads were stopped: 0.0050360 seconds, Stopping threads took: 0.0003610 seconds
50.153: Application time: 0.1471270 seconds
50.153: [GC50.153: [ParNew: 36375K->3570K(37568K), 0.0052260 secs] 274427K->254449K(806156K), 0.0052650 secs] [Times: user=0.03 sys=0.00, real=0.01 secs] 
50.158: Total time for which application threads were stopped: 0.0054200 seconds, Stopping threads took: 0.0000740 seconds
50.277: Application time: 0.1186750 seconds
50.277: [GC50.277: [ParNew: 36379K->3576K(37568K), 0.0054490 secs] 287258K->267994K(806156K), 0.0054940 secs] [Times: user=0.04 sys=0.00, real=0.00 secs] 
50.283: Total time for which application threads were stopped: 0.0056390 seconds, Stopping threads took: 0.0000700 seconds
50.400: Application time: 0.1169830 seconds
50.400: [GC50.400: [ParNew: 36369K->3564K(37568K), 0.0052070 secs] 300787K->280097K(806156K), 0.0052490 secs] [Times: user=0.04 sys=0.00, real=0.01 secs] 
50.405: Total time for which application threads were stopped: 0.0054410 seconds, Stopping threads took: 0.0001200 seconds
50.535: Application time: 0.1301410 seconds
50.535: [GC50.535: [ParNew: 36382K->3576K(37568K), 0.0053970 secs] 312915K->293647K(806156K), 0.0054400 secs] [Times: user=0.04 sys=0.00, real=0.00 secs] 
50.541: Total time for which application threads were stopped: 0.0055630 seconds, Stopping threads took: 0.0000570 seconds
50.631: Application time: 0.0904030 seconds
50.631: [GC50.631: [ParNew: 36378K->3570K(37568K), 0.0053010 secs] 326449K->306470K(806156K), 0.0053440 secs] [Times: user=0.03 sys=0.00, real=0.01 secs] 
50.637: Total time for which application threads were stopped: 0.0054860 seconds, Stopping threads took: 0.0000700 seconds
50.753: Application time: 0.1164870 seconds
50.753: [GC50.753: [ParNew: 36364K->3562K(37568K), 0.0054320 secs] 339263K->319289K(806156K), 0.0054830 secs] [Times: user=0.04 sys=0.00, real=0.01 secs] 
50.759: Total time for which application threads were stopped: 0.0056250 seconds, Stopping threads took: 0.0000640 seconds
50.857: Application time: 0.0978580 seconds
50.857: [GC50.857: [ParNew: 36357K->3562K(37568K), 0.0052950 secs] 352083K->331403K(806156K), 0.0053410 secs] [Times: user=0.03 sys=0.00, real=0.00 secs] 
50.862: Total time for which application threads were stopped: 0.0055250 seconds, Stopping threads took: 0.0001010 seconds
50.987: Application time: 0.1248150 seconds
50.987: [GC50.987: [ParNew: 36374K->3572K(37568K), 0.0052480 secs] 364214K->344239K(806156K), 0.0052930 secs] [Times: user=0.04 sys=0.00, real=0.00 secs] 
50.992: Total time for which application threads were stopped: 0.0054290 seconds, Stopping threads took: 0.0000610 seconds
51.083: Application time: 0.0902090 seconds
51.083: [GC51.083: [ParNew: 36376K->3564K(37568K), 0.0053090 secs] 377043K->357059K(806156K), 0.0053620 secs] [Times: user=0.05 sys=0.00, real=0.00 secs] 
51.088: Total time for which application threads were stopped: 0.0055080 seconds, Stopping threads took: 0.0000670 seconds
51.200: Application time: 0.1118320 seconds
51.200: [GC51.200: [ParNew: 36360K->3562K(37568K), 0.0054470 secs] 389854K->370598K(806156K), 0.0054900 secs] [Times: user=0.04 sys=0.00, real=0.01 secs] 
51.206: Total time for which application threads were stopped: 0.0056290 seconds, Stopping threads took: 0.0000730 seconds
51.318: Application time: 0.1127720 seconds
51.319: [GC51.319: [ParNew: 36366K->3573K(37568K), 0.0053080 secs] 403401K->383434K(806156K), 0.0053540 secs] [Times: user=0.05 sys=0.00, real=0.01 secs] 
51.324: Total time for which application threads were stopped: 0.0055480 seconds, Stopping threads took: 0.0001100 seconds
51.428: Application time: 0.1040750 seconds
51.428: [GC51.428: [ParNew: 36384K->3577K(37568K), 0.0053110 secs] 416246K->396266K(806156K), 0.0053520 secs] [Times: user=0.04 sys=0.00, real=0.00 secs] 
51.434: Total time for which application threads were stopped: 0.0055020 seconds, Stopping threads took: 0.0000760 seconds
51.554: Application time: 0.1207320 seconds
51.554: [GC51.554: [ParNew: 36388K->3570K(37568K), 0.0052880 secs] 429078K->409088K(806156K), 0.0053330 secs] [Times: user=0.04 sys=0.00, real=0.01 secs] 
51.560: Total time for which application threads were stopped: 0.0054710 seconds, Stopping threads took: 0.0000660 seconds
51.672: Application time: 0.1122080 seconds
51.672: [GC51.672: [ParNew: 36365K->3562K(37568K), 0.0052950 secs] 441882K->421908K(806156K), 0.0053390 secs] [Times: user=0.04 sys=0.00, real=0.01 secs] 
51.677: Total time for which application threads were stopped: 0.0054740 seconds, Stopping threads took: 0.0000590 seconds
51.786: Application time: 0.1089890 seconds
51.791: [GC51.791: [ParNew: 36356K->3564K(37568K), 0.0051360 secs] 454702K->434023K(806156K), 0.0051810 secs] [Times: user=0.04 sys=0.00, real=0.01 secs] 
51.796: Total time for which application threads were stopped: 0.0097010 seconds, Stopping threads took: 0.0044360 seconds
51.893: Application time: 0.0967350 seconds
51.893: [GC51.893: [ParNew: 36401K->3602K(37568K), 0.0051210 secs] 466860K->446174K(806156K), 0.0051640 secs] [Times: user=0.04 sys=0.00, real=0.01 secs] 
51.898: Total time for which application threads were stopped: 0.0054200 seconds, Stopping threads took: 0.0001800 seconds
51.913: Application time: 0.0143220 seconds
51.913: [GC51.913: [ParNew: 36435K->3604K(37568K), 0.0030140 secs] 479007K->450480K(806156K), 0.0030560 secs] [Times: user=0.02 sys=0.00, real=0.01 secs] 
51.916: Total time for which application threads were stopped: 0.0031900 seconds, Stopping threads took: 0.0000590 seconds
51.924: Application time: 0.0079760 seconds
51.924: [GC51.924: [ParNew: 36386K->2850K(37568K), 0.0023330 secs] 483262K->451894K(806156K), 0.0023770 secs] [Times: user=0.02 sys=0.00, real=0.00 secs] 
51.926: Total time for which application threads were stopped: 0.0025300 seconds, Stopping threads took: 0.0000760 seconds
51.936: Application time: 0.0100650 seconds
51.937: [GC51.937: [ParNew: 35646K->3574K(37568K), 0.0028270 secs] 484690K->456181K(806156K), 0.0028690 secs] [Times: user=0.02 sys=0.00, real=0.00 secs] 
51.940: Total time for which application threads were stopped: 0.0032560 seconds, Stopping threads took: 0.0003110 seconds
51.947: Application time: 0.0073370 seconds
51.947: [GC51.947: [ParNew: 36356K->2852K(37568K), 0.0023140 secs] 488962K->457598K(806156K), 0.0023540 secs] [Times: user=0.02 sys=0.00, real=0.00 secs] 
51.950: Total time for which application threads were stopped: 0.0026310 seconds, Stopping threads took: 0.0002020 seconds
51.959: Application time: 0.0092010 seconds
51.959: [GC51.959: [ParNew: 35653K->3573K(37568K), 0.0020170 secs] 490399K->459031K(806156K), 0.0020560 secs] [Times: user=0.01 sys=0.00, real=0.00 secs] 
51.961: Total time for which application threads were stopped: 0.0024010 seconds, Stopping threads took: 0.0002610 seconds
51.968: Application time: 0.0069610 seconds
51.969: [GC51.969: [ParNew: 36359K->3562K(37568K), 0.0023590 secs] 491817K->460448K(806156K), 0.0024010 secs] [Times: user=0.01 sys=0.00, real=0.00 secs] 
51.971: Total time for which application threads were stopped: 0.0030440 seconds, Stopping threads took: 0.0005670 seconds
51.980: Application time: 0.0089210 seconds
51.980: [GC51.980: [ParNew: 36366K->3568K(37568K), 0.0031130 secs] 493251K->464730K(806156K), 0.0031570 secs] [Times: user=0.02 sys=0.00, real=0.01 secs] 
51.983: Total time for which application threads were stopped: 0.0033370 seconds, Stopping threads took: 0.0001040 seconds
51.997: Application time: 0.0138660 seconds
51.997: [GC51.998: [ParNew: 36361K->3570K(37568K), 0.0027120 secs] 497523K->468295K(806156K), 0.0027550 secs] [Times: user=0.02 sys=0.00, real=0.00 secs] 
52.000: Total time for which application threads were stopped: 0.0029140 seconds, Stopping threads took: 0.0000860 seconds
52.094: Application time: 0.0940690 seconds
52.095: [GC52.095: [ParNew: 36406K->3598K(37568K), 0.0058830 secs] 501131K->482575K(806156K), 0.0059280 secs] [Times: user=0.05 sys=0.00, real=0.01 secs] 
52.100: Total time for which application threads were stopped: 0.0061080 seconds, Stopping threads took: 0.0001050 seconds
52.114: Application time: 0.0136970 seconds
52.114: [GC52.114: [ParNew: 36386K->3566K(37568K), 0.0030210 secs] 515363K->486134K(806156K), 0.0030650 secs] [Times: user=0.02 sys=0.00, real=0.01 secs] 
52.117: Total time for which application threads were stopped: 0.0032300 seconds, Stopping threads took: 0.0000870 seconds
52.131: Application time: 0.0139190 seconds
52.131: [GC52.131: [ParNew: 36353K->2147K(37568K), 0.0020940 secs] 518921K->486853K(806156K), 0.0021340 secs] [Times: user=0.01 sys=0.00, real=0.00 secs] 
52.134: Total time for which application threads were stopped: 0.0022900 seconds, Stopping threads took: 0.0000810 seconds
52.145: Application time: 0.0114220 seconds
52.145: [GC52.145: [ParNew: 34942K->3567K(37568K), 0.0023550 secs] 519647K->489697K(806156K), 0.0023970 secs] [Times: user=0.02 sys=0.00, real=0.00 secs] 
52.148: Total time for which application threads were stopped: 0.0025790 seconds, Stopping threads took: 0.0001070 seconds
52.160: Application time: 0.0124150 seconds
52.160: [GC52.160: [ParNew: 36365K->3572K(37568K), 0.0037330 secs] 522495K->496828K(806156K), 0.0037740 secs] [Times: user=0.03 sys=0.00, real=0.01 secs] 
52.164: Total time for which application threads were stopped: 0.0039020 seconds, Stopping threads took: 0.0000570 seconds
52.219: Application time: 0.0551100 seconds
52.219: [GC52.219: [ParNew: 36403K->3602K(37568K), 0.0032540 secs] 529659K->501847K(806156K), 0.0032940 secs] [Times: user=0.02 sys=0.00, real=0.00 secs] 
52.222: Total time for which application threads were stopped: 0.0034310 seconds, Stopping threads took: 0.0000610 seconds
52.233: Application time: 0.0101670 seconds
52.234: [GC52.234: [ParNew: 36393K->3574K(37568K), 0.0027050 secs] 534637K->505410K(806156K), 0.0027450 secs] [Times: user=0.02 sys=0.00, real=0.01 secs] 
52.236: Total time for which application threads were stopped: 0.0037190 seconds, Stopping threads took: 0.0009020 seconds
52.254: Application time: 0.0173380 seconds
52.254: [GC52.254: [ParNew: 36362K->3562K(37568K), 0.0046060 secs] 538198K->515374K(806156K), 0.0046500 secs] [Times: user=0.03 sys=0.00, real=0.01 secs] 
52.259: Total time for which application threads were stopped: 0.0048010 seconds, Stopping threads took: 0.0000760 seconds
52.269: Application time: 0.0101200 seconds
52.269: [GC52.269: [ParNew: 36354K->1433K(37568K), 0.0022820 secs] 548167K->516095K(806156K), 0.0023250 secs] [Times: user=0.02 sys=0.00, real=0.00 secs] 
52.271: Total time for which application threads were stopped: 0.0025010 seconds, Stopping threads took: 0.0001000 seconds
52.348: Application time: 0.0768430 seconds
52.348: [GC52.348: [ParNew: 34234K->3574K(37568K), 0.0055300 secs] 548896K->531774K(806156K), 0.0055860 secs] [Times: user=0.05 sys=0.00, real=0.00 secs] 
52.354: Total time for which application threads were stopped: 0.0057560 seconds, Stopping threads took: 0.0001000 seconds
52.429: Application time: 0.0753140 seconds
52.429: [GC52.429: [ParNew: 36454K->3634K(37568K), 0.0054490 secs] 564654K->544661K(806156K), 0.0054950 secs] [Times: user=0.05 sys=0.00, real=0.00 secs] 
52.435: Total time for which application threads were stopped: 0.0056630 seconds, Stopping threads took: 0.0000810 seconds
52.445: Application time: 0.0099410 seconds
52.445: [GC52.445: [ParNew: 36414K->2850K(37568K), 0.0025380 secs] 577440K->546785K(806156K), 0.0025820 secs] [Times: user=0.02 sys=0.00, real=0.00 secs] 
52.448: Total time for which application threads were stopped: 0.0032870 seconds, Stopping threads took: 0.0006290 seconds
52.456: Application time: 0.0080730 seconds
52.456: [GC52.456: [ParNew: 35648K->3572K(37568K), 0.0023190 secs] 579583K->548933K(806156K), 0.0023610 secs] [Times: user=0.01 sys=0.00, real=0.00 secs] 
52.459: Total time for which application threads were stopped: 0.0025130 seconds, Stopping threads took: 0.0000770 seconds
52.468: Application time: 0.0091270 seconds
52.468: [GC52.468: [ParNew: 36368K->2860K(37568K), 0.0016700 secs] 581729K->548933K(806156K), 0.0017050 secs] [Times: user=0.01 sys=0.00, real=0.00 secs] 
52.470: Total time for which application threads were stopped: 0.0022380 seconds, Stopping threads took: 0.0004640 seconds
52.479: Application time: 0.0095210 seconds
52.480: [GC52.480: [ParNew: 35642K->3563K(37568K), 0.0022690 secs] 581715K->551062K(806156K), 0.0023120 secs] [Times: user=0.01 sys=0.00, real=0.00 secs] 
52.482: Total time for which application threads were stopped: 0.0025570 seconds, Stopping threads took: 0.0001710 seconds
52.492: Application time: 0.0095850 seconds
52.495: [GC52.495: [ParNew: 36931K->2185K(37568K), 0.0013430 secs] 584431K->549685K(806156K), 0.0013800 secs] [Times: user=0.01 sys=0.00, real=0.00 secs] 
52.496: Total time for which application threads were stopped: 0.0046990 seconds, Stopping threads took: 0.0032510 seconds
52.503: Application time: 0.0070540 seconds
52.504: [GC52.504: [ParNew: 35158K->3566K(37568K), 0.0027990 secs] 582658K->554659K(806156K), 0.0028390 secs] [Times: user=0.02 sys=0.00, real=0.00 secs] 
52.506: Total time for which application threads were stopped: 0.0031350 seconds, Stopping threads took: 0.0002240 seconds
52.514: Application time: 0.0071340 seconds
52.514: [GC52.514: [ParNew: 36361K->3572K(37568K), 0.0026720 secs] 587453K->558228K(806156K), 0.0027170 secs] [Times: user=0.02 sys=0.00, real=0.01 secs] 
52.517: Total time for which application threads were stopped: 0.0030100 seconds, Stopping threads took: 0.0002180 seconds
52.526: Application time: 0.0090940 seconds
52.526: [GC52.526: [ParNew: 36375K->3574K(37568K), 0.0036540 secs] 591031K->564644K(806156K), 0.0036970 secs] [Times: user=0.02 sys=0.00, real=0.00 secs] 
52.530: Total time for which application threads were stopped: 0.0038700 seconds, Stopping threads took: 0.0000990 seconds
52.530: Application time: 0.0000530 seconds
52.530: [GC [1 CMS-initial-mark: 561069K(768588K)] 565356K(806156K), 0.0001270 secs] [Times: user=0.00 sys=0.00, real=0.00 secs] 
52.530: Total time for which application threads were stopped: 0.0002860 seconds, Stopping threads took: 0.0001320 seconds
52.530: [CMS-concurrent-mark-start]
52.541: Application time: 0.0115300 seconds
52.542: [GC52.542: [ParNew: 36362K->3568K(37568K), 0.0029470 secs] 597432K->568202K(806156K), 0.0029880 secs] [Times: user=0.02 sys=0.00, real=0.01 secs] 
52.545: Total time for which application threads were stopped: 0.0031210 seconds, Stopping threads took: 0.0000630 seconds
52.546: [CMS-concurrent-mark: 0.013/0.016 secs] [Times: user=0.11 sys=0.00, real=0.02 secs] 
52.546: [CMS-concurrent-preclean-start]
52.547: [CMS-concurrent-preclean: 0.001/0.001 secs] [Times: user=0.01 sys=0.00, real=0.00 secs] 
52.547: [CMS-concurrent-abortable-preclean-start]
52.558: Application time: 0.0131020 seconds
52.558: [GC52.558: [ParNew: 36401K->3600K(37568K), 0.0024480 secs] 601035K->570372K(806156K), 0.0025020 secs] [Times: user=0.02 sys=0.00, real=0.00 secs] 
52.561: Total time for which application threads were stopped: 0.0032430 seconds, Stopping threads took: 0.0006650 seconds
52.571: Application time: 0.0098880 seconds
52.571: [GC52.571: [ParNew: 36392K->2854K(37568K), 0.0020630 secs] 603164K->571080K(806156K), 0.0021040 secs] [Times: user=0.02 sys=0.00, real=0.00 secs] 
52.573: Total time for which application threads were stopped: 0.0022790 seconds, Stopping threads took: 0.0001000 seconds
52.581: Application time: 0.0078510 seconds
52.581: [GC52.581: [ParNew: 35643K->3570K(37568K), 0.0020810 secs] 603869K->572510K(806156K), 0.0021230 secs] [Times: user=0.02 sys=0.00, real=0.01 secs] 
52.583: Total time for which application threads were stopped: 0.0022680 seconds, Stopping threads took: 0.0000720 seconds
52.594: Application time: 0.0108330 seconds
52.594: [GC52.594: [ParNew: 36367K->3576K(37568K), 0.0018240 secs] 605307K->572516K(806156K), 0.0018650 secs] [Times: user=0.01 sys=0.00, real=0.01 secs] 
52.596: Total time for which application threads were stopped: 0.0020070 seconds, Stopping threads took: 0.0000740 seconds
52.611: Application time: 0.0150120 seconds
52.611: [GC52.611: [ParNew: 36367K->1433K(37568K), 0.0021270 secs] 605307K->573224K(806156K), 0.0021690 secs] [Times: user=0.01 sys=0.00, real=0.00 secs] 
52.613: Total time for which application threads were stopped: 0.0023150 seconds, Stopping threads took: 0.0000710 seconds
52.621: Application time: 0.0077240 seconds
52.621: [GC52.621: [ParNew: 34221K->3570K(37568K), 0.0027720 secs] 606012K->578211K(806156K), 0.0028160 secs] [Times: user=0.02 sys=0.00, real=0.01 secs] 
52.624: Total time for which application threads were stopped: 0.0029940 seconds, Stopping threads took: 0.0001010 seconds
52.742: Application time: 0.1180550 seconds
52.742: [GC52.742: [ParNew: 36371K->3572K(37568K), 0.0052810 secs] 611012K->591751K(806156K), 0.0053230 secs] [Times: user=0.05 sys=0.00, real=0.01 secs] 
52.748: Total time for which application threads were stopped: 0.0054450 seconds, Stopping threads took: 0.0000590 seconds
52.748: [CMS-concurrent-abortable-preclean: 0.012/0.200 secs] [Times: user=1.55 sys=0.00, real=0.20 secs] 
52.748: Application time: 0.0000620 seconds
52.748: [GC[YG occupancy: 4285 K (37568 K)]52.748: [Rescan (parallel) , 0.0002540 secs]52.748: [weak refs processing, 0.0000060 secs]52.748: [scrub string table, 0.0000960 secs] [1 CMS-remark: 588178K(768588K)] 592464K(806156K), 0.0003760 secs] [Times: user=0.00 sys=0.00, real=0.00 secs] 
52.748: Total time for which application threads were stopped: 0.0004960 seconds, Stopping threads took: 0.0000940 seconds
52.748: [CMS-concurrent-sweep-start]
52.750: [CMS-concurrent-sweep: 0.002/0.002 secs] [Times: user=0.00 sys=0.00, real=0.00 secs] 
52.750: [CMS-concurrent-reset-start]
52.751: [CMS-concurrent-reset: 0.002/0.002 secs] [Times: user=0.02 sys=0.00, real=0.00 secs] 
52.890: Application time: 0.1413960 seconds
52.890: [GC52.890: [ParNew: 36364K->3564K(37568K), 0.0048540 secs] 84780K->63381K(806156K), 0.0048950 secs] [Times: user=0.03 sys=0.00, real=0.00 secs] 
52.895: Total time for which application threads were stopped: 0.0050320 seconds, Stopping threads took: 0.0000640 seconds
53.046: Application time: 0.1515210 seconds
53.046: [GC53.046: [ParNew: 36365K->3576K(37568K), 0.0051230 secs] 96182K->76219K(806156K), 0.0051580 secs] [Times: user=0.04 sys=0.00, real=0.00 secs] 
53.051: Total time for which application threads were stopped: 0.0053090 seconds, Stopping threads took: 0.0000740 seconds
53.195: Application time: 0.1436690 seconds
53.195: [GC53.195: [ParNew: 36385K->3570K(37568K), 0.0055110 secs] 109027K->89751K(806156K), 0.0055520 secs] [Times: user=0.05 sys=0.00, real=0.00 secs] 
53.201: Total time for which application threads were stopped: 0.0056730 seconds, Stopping threads took: 0.0000580 seconds
53.347: Application time: 0.1460040 seconds
53.347: [GC53.347: [ParNew: 36371K->3570K(37568K), 0.0050270 secs] 122552K->101865K(806156K), 0.0050770 secs] [Times: user=0.04 sys=0.00, real=0.00 secs] 
53.352: Total time for which application threads were stopped: 0.0052040 seconds, Stopping threads took: 0.0000630 seconds
53.487: Application time: 0.1346710 seconds
53.487: [GC53.487: [ParNew: 36379K->3572K(37568K), 0.0053470 secs] 134674K->114694K(806156K), 0.0053890 secs] [Times: user=0.04 sys=0.00, real=0.00 secs] 
53.492: Total time for which application threads were stopped: 0.0055300 seconds, Stopping threads took: 0.0000690 seconds
53.640: Application time: 0.1480050 seconds
53.640: [GC53.640: [ParNew: 36381K->3572K(37568K), 0.0060810 secs] 147503K->129658K(806156K), 0.0061230 secs] [Times: user=0.05 sys=0.00, real=0.01 secs] 
53.646: Total time for which application threads were stopped: 0.0062650 seconds, Stopping threads took: 0.0000590 seconds
53.791: Application time: 0.1447910 seconds
53.791: [GC53.791: [ParNew: 36364K->3562K(37568K), 0.0050120 secs] 162450K->141762K(806156K), 0.0050560 secs] [Times: user=0.03 sys=0.00, real=0.01 secs] 
53.796: Total time for which application threads were stopped: 0.0051970 seconds, Stopping threads took: 0.0000670 seconds
53.938: Application time: 0.1414560 seconds
53.938: [GC53.938: [ParNew: 36362K->3572K(37568K), 0.0049660 secs] 174563K->153885K(806156K), 0.0050070 secs] [Times: user=0.04 sys=0.00, real=0.01 secs] 
53.943: Total time for which application threads were stopped: 0.0051640 seconds, Stopping threads took: 0.0000880 seconds
54.085: Application time: 0.1422040 seconds
54.085: [GC54.085: [ParNew: 36373K->3574K(37568K), 0.0051780 secs] 186686K->166714K(806156K), 0.0052220 secs] [Times: user=0.04 sys=0.00, real=0.00 secs] 
54.091: Total time for which application threads were stopped: 0.0053540 seconds, Stopping threads took: 0.0000600 seconds
54.212: Application time: 0.1212470 seconds
54.212: [GC54.212: [ParNew: 36375K->3572K(37568K), 0.0050580 secs] 199514K->178825K(806156K), 0.0051010 secs] [Times: user=0.04 sys=0.00, real=0.01 secs] 
54.217: Total time for which application threads were stopped: 0.0052450 seconds, Stopping threads took: 0.0000670 seconds
54.339: Application time: 0.1222200 seconds
54.340: [GC54.340: [ParNew: 36373K->3572K(37568K), 0.0051160 secs] 211626K->190939K(806156K), 0.0051600 secs] [Times: user=0.03 sys=0.00, real=0.01 secs] 
54.345: Total time for which application threads were stopped: 0.0053180 seconds, Stopping threads took: 0.0000860 seconds
54.460: Application time: 0.1154380 seconds
54.460: [GC54.460: [ParNew: 36382K->3570K(37568K), 0.0055280 secs] 223749K->204477K(806156K), 0.0055710 secs] [Times: user=0.05 sys=0.00, real=0.01 secs] 
54.466: Total time for which application threads were stopped: 0.0057440 seconds, Stopping threads took: 0.0000990 seconds
54.580: Application time: 0.1138770 seconds
54.580: [GC54.580: [ParNew: 36380K->3576K(37568K), 0.0052920 secs] 237286K->217310K(806156K), 0.0053330 secs] [Times: user=0.04 sys=0.00, real=0.01 secs] 
54.585: Total time for which application threads were stopped: 0.0054770 seconds, Stopping threads took: 0.0000720 seconds
54.703: Application time: 0.1175470 seconds
54.703: [GC54.703: [ParNew: 36370K->3562K(37568K), 0.0053120 secs] 250104K->230124K(806156K), 0.0053570 secs] [Times: user=0.04 sys=0.00, real=0.00 secs] 
54.708: Total time for which application threads were stopped: 0.0054900 seconds, Stopping threads took: 0.0000630 seconds
54.820: Application time: 0.1117740 seconds
54.820: [GC54.820: [ParNew: 36356K->3564K(37568K), 0.0052700 secs] 262918K->242953K(806156K), 0.0053140 secs] [Times: user=0.04 sys=0.00, real=0.01 secs] 
54.826: Total time for which application threads were stopped: 0.0054580 seconds, Stopping threads took: 0.0000610 seconds
54.913: Application time: 0.0870440 seconds
54.913: [GC54.913: [ParNew: 36367K->3568K(37568K), 0.0054670 secs] 275755K->256496K(806156K), 0.0055090 secs] [Times: user=0.05 sys=0.00, real=0.01 secs] 
54.918: Total time for which application threads were stopped: 0.0056930 seconds, Stopping threads took: 0.0001110 seconds
55.055: Application time: 0.1367530 seconds
55.055: [GC55.055: [ParNew: 36372K->3575K(37568K), 0.0055450 secs] 289299K->270042K(806156K), 0.0055960 secs] [Times: user=0.04 sys=0.00, real=0.00 secs] 
55.061: Total time for which application threads were stopped: 0.0057510 seconds, Stopping threads took: 0.0000850 seconds
55.152: Application time: 0.0911840 seconds
55.152: [GC55.152: [ParNew: 36370K->3562K(37568K), 0.0052470 secs] 302837K->282857K(806156K), 0.0052910 secs] [Times: user=0.04 sys=0.00, real=0.01 secs] 
55.157: Total time for which application threads were stopped: 0.0054390 seconds, Stopping threads took: 0.0000760 seconds
55.286: Application time: 0.1285680 seconds
55.286: [GC55.286: [ParNew: 36375K->3571K(37568K), 0.0054560 secs] 315669K->296404K(806156K), 0.0055010 secs] [Times: user=0.04 sys=0.00, real=0.00 secs] 
55.292: Total time for which application threads were stopped: 0.0056590 seconds, Stopping threads took: 0.0000860 seconds
55.382: Application time: 0.0905550 seconds
55.382: [GC55.382: [ParNew: 36383K->3569K(37568K), 0.0056060 secs] 329216K->309943K(806156K), 0.0056490 secs] [Times: user=0.04 sys=0.00, real=0.01 secs] 
55.388: Total time for which application threads were stopped: 0.0057990 seconds, Stopping threads took: 0.0000660 seconds
55.508: Application time: 0.1197250 seconds
55.508: [GC55.508: [ParNew: 36372K->3570K(37568K), 0.0054120 secs] 342747K->322773K(806156K), 0.0054550 secs] [Times: user=0.03 sys=0.00, real=0.00 secs] 
55.513: Total time for which application threads were stopped: 0.0055900 seconds, Stopping threads took: 0.0000690 seconds
55.608: Application time: 0.0947380 seconds
55.608: [GC55.608: [ParNew: 36373K->3572K(37568K), 0.0055330 secs] 355576K->336315K(806156K), 0.0055750 secs] [Times: user=0.04 sys=0.00, real=0.00 secs] 
55.614: Total time for which application threads were stopped: 0.0057220 seconds, Stopping threads took: 0.0000720 seconds
55.734: Application time: 0.1204360 seconds
55.734: [GC55.734: [ParNew: 36367K->3564K(37568K), 0.0053260 secs] 369109K->349134K(806156K), 0.0053680 secs] [Times: user=0.04 sys=0.00, real=0.01 secs] 
55.740: Total time for which application threads were stopped: 0.0055010 seconds, Stopping threads took: 0.0000630 seconds
55.783: Application time: 0.0428090 seconds
55.783: [GC55.783: [ParNew: 36395K->3600K(37568K), 0.0048080 secs] 381965K->359858K(806156K), 0.0048510 secs] [Times: user=0.03 sys=0.00, real=0.01 secs] 
55.788: Total time for which application threads were stopped: 0.0050910 seconds, Stopping threads took: 0.0001660 seconds
55.799: Application time: 0.0113670 seconds
55.799: [GC55.799: [ParNew: 36389K->3568K(37568K), 0.0030340 secs] 392647K->363418K(806156K), 0.0030750 secs] [Times: user=0.02 sys=0.00, real=0.00 secs] 
55.802: Total time for which application threads were stopped: 0.0032390 seconds, Stopping threads took: 0.0000900 seconds
55.817: Application time: 0.0152600 seconds
55.818: [GC55.818: [ParNew: 36361K->3568K(37568K), 0.0025870 secs] 396210K->366268K(806156K), 0.0026290 secs] [Times: user=0.02 sys=0.00, real=0.00 secs] 
55.820: Total time for which application threads were stopped: 0.0027870 seconds, Stopping threads took: 0.0000830 seconds
55.830: Application time: 0.0101570 seconds
55.831: [GC55.831: [ParNew: 36361K->1435K(37568K), 0.0019660 secs] 399060K->366272K(806156K), 0.0020070 secs] [Times: user=0.02 sys=0.00, real=0.00 secs] 
55.833: Total time for which application threads were stopped: 0.0021660 seconds, Stopping threads took: 0.0000840 seconds
55.889: Application time: 0.0559580 seconds
55.889: [GC55.889: [ParNew: 34236K->3574K(37568K), 0.0054900 secs] 399074K->381238K(806156K), 0.0055450 secs] [Times: user=0.04 sys=0.00, real=0.00 secs] 
55.894: Total time for which application threads were stopped: 0.0056960 seconds, Stopping threads took: 0.0000700 seconds
55.954: Application time: 0.0601760 seconds
55.955: [GC55.955: [ParNew: 36406K->3602K(37568K), 0.0051060 secs] 414070K->392667K(806156K), 0.0051490 secs] [Times: user=0.04 sys=0.00, real=0.01 secs] 
55.960: Total time for which application threads were stopped: 0.0053100 seconds, Stopping threads took: 0.0000770 seconds
55.971: Application time: 0.0112680 seconds
55.971: [GC55.971: [ParNew: 36391K->3568K(37568K), 0.0030390 secs] 425455K->396224K(806156K), 0.0030810 secs] [Times: user=0.02 sys=0.00, real=0.00 secs] 
55.974: Total time for which application threads were stopped: 0.0032390 seconds, Stopping threads took: 0.0000820 seconds
55.989: Application time: 0.0144490 seconds
55.989: [GC55.989: [ParNew: 36361K->3572K(37568K), 0.0025840 secs] 429017K->398366K(806156K), 0.0026260 secs] [Times: user=0.02 sys=0.00, real=0.00 secs] 
55.991: Total time for which application threads were stopped: 0.0027860 seconds, Stopping threads took: 0.0000850 seconds
56.002: Application time: 0.0109230 seconds
56.003: [GC56.003: [ParNew: 36365K->2147K(37568K), 0.0021460 secs] 431158K->399079K(806156K), 0.0021910 secs] [Times: user=0.02 sys=0.00, real=0.01 secs] 
56.005: Total time for which application threads were stopped: 0.0023390 seconds, Stopping threads took: 0.0000800 seconds
56.058: Application time: 0.0536000 seconds
56.058: [GC56.058: [ParNew: 34949K->3572K(37568K), 0.0053050 secs] 431880K->413329K(806156K), 0.0053470 secs] [Times: user=0.04 sys=0.00, real=0.01 secs] 
56.064: Total time for which application threads were stopped: 0.0054780 seconds, Stopping threads took: 0.0000670 seconds
56.156: Application time: 0.0923200 seconds
56.156: [GC56.156: [ParNew: 36407K->3600K(37568K), 0.0054580 secs] 446164K->426184K(806156K), 0.0055050 secs] [Times: user=0.04 sys=0.00, real=0.00 secs] 
56.162: Total time for which application threads were stopped: 0.0056710 seconds, Stopping threads took: 0.0000900 seconds
56.175: Application time: 0.0135200 seconds
56.175: [GC56.176: [ParNew: 36390K->3572K(37568K), 0.0033660 secs] 458974K->431172K(806156K), 0.0034090 secs] [Times: user=0.03 sys=0.00, real=0.00 secs] 
56.179: Total time for which application threads were stopped: 0.0035640 seconds, Stopping threads took: 0.0000770 seconds
56.194: Application time: 0.0153500 seconds
56.194: [GC56.194: [ParNew: 36365K->3572K(37568K), 0.0037090 secs] 463965K->437585K(806156K), 0.0037520 secs] [Times: user=0.03 sys=0.00, real=0.01 secs] 
56.198: Total time for which application threads were stopped: 0.0039340 seconds, Stopping threads took: 0.0001060 seconds
56.211: Application time: 0.0126470 seconds
56.211: [GC56.211: [ParNew: 36366K->3567K(37568K), 0.0028790 secs] 470379K->441142K(806156K), 0.0029200 secs] [Times: user=0.02 sys=0.00, real=0.00 secs] 
56.214: Total time for which application threads were stopped: 0.0030710 seconds, Stopping threads took: 0.0000780 seconds
56.228: Application time: 0.0141010 seconds
56.228: [GC56.228: [ParNew: 36402K->3604K(37568K), 0.0020690 secs] 473977K->442605K(806156K), 0.0021100 secs] [Times: user=0.02 sys=0.00, real=0.00 secs] 
56.230: Total time for which application threads were stopped: 0.0022520 seconds, Stopping threads took: 0.0000680 seconds
56.247: Application time: 0.0162240 seconds
56.247: [GC56.247: [ParNew: 36390K->3568K(37568K), 0.0029210 secs] 475391K->446161K(806156K), 0.0029670 secs] [Times: user=0.02 sys=0.00, real=0.00 secs] 
56.250: Total time for which application threads were stopped: 0.0031490 seconds, Stopping threads took: 0.0001050 seconds
56.262: Application time: 0.0118410 seconds
56.262: [GC56.262: [ParNew: 36357K->3574K(37568K), 0.0025120 secs] 478949K->448305K(806156K), 0.0025530 secs] [Times: user=0.02 sys=0.00, real=0.01 secs] 
56.264: Total time for which application threads were stopped: 0.0027290 seconds, Stopping threads took: 0.0000980 seconds
56.278: Application time: 0.0139230 seconds
56.278: [GC56.278: [ParNew: 36367K->2146K(37568K), 0.0021250 secs] 481097K->449014K(806156K), 0.0021670 secs] [Times: user=0.02 sys=0.00, real=0.00 secs] 
56.281: Total time for which application threads were stopped: 0.0023380 seconds, Stopping threads took: 0.0000950 seconds
56.288: Application time: 0.0076520 seconds
56.288: [GC56.288: [ParNew: 34932K->3562K(37568K), 0.0032440 secs] 481800K->455419K(806156K), 0.0032950 secs] [Times: user=0.03 sys=0.00, real=0.00 secs] 
56.292: Total time for which application threads were stopped: 0.0034460 seconds, Stopping threads took: 0.0000790 seconds
56.319: Application time: 0.0271180 seconds
56.319: [GC56.319: [ParNew: 36396K->3604K(37568K), 0.0033390 secs] 488253K->460449K(806156K), 0.0033860 secs] [Times: user=0.02 sys=0.00, real=0.00 secs] 
56.322: Total time for which application threads were stopped: 0.0035790 seconds, Stopping threads took: 0.0001170 seconds
56.335: Application time: 0.0122360 seconds
56.335: [GC56.335: [ParNew: 36401K->3570K(37568K), 0.0023740 secs] 493245K->462582K(806156K), 0.0024150 secs] [Times: user=0.02 sys=0.00, real=0.01 secs] 
56.337: Total time for which application threads were stopped: 0.0025620 seconds, Stopping threads took: 0.0000740 seconds
56.351: Application time: 0.0141350 seconds
56.351: [GC56.351: [ParNew: 36354K->3562K(37568K), 0.0026830 secs] 495365K->465425K(806156K), 0.0027300 secs] [Times: user=0.02 sys=0.00, real=0.00 secs] 
56.354: Total time for which application threads were stopped: 0.0028710 seconds, Stopping threads took: 0.0000640 seconds
56.362: Application time: 0.0083170 seconds
56.363: [GC56.363: [ParNew: 36355K->1429K(37568K), 0.0019260 secs] 498218K->465429K(806156K), 0.0019670 secs] [Times: user=0.01 sys=0.00, real=0.01 secs] 
56.365: Total time for which application threads were stopped: 0.0021480 seconds, Stopping threads took: 0.0001060 seconds
56.402: Application time: 0.0376740 seconds
56.402: [GC56.402: [ParNew: 34267K->3604K(37568K), 0.0045580 secs] 498267K->476867K(806156K), 0.0046020 secs] [Times: user=0.03 sys=0.00, real=0.01 secs] 
56.407: Total time for which application threads were stopped: 0.0047740 seconds, Stopping threads took: 0.0000880 seconds
56.419: Application time: 0.0121660 seconds
56.419: [GC56.419: [ParNew: 36392K->3568K(37568K), 0.0030140 secs] 509655K->480423K(806156K), 0.0030540 secs] [Times: user=0.02 sys=0.00, real=0.00 secs] 
56.422: Total time for which application threads were stopped: 0.0032070 seconds, Stopping threads took: 0.0000780 seconds
56.438: Application time: 0.0152490 seconds
56.438: [GC56.438: [ParNew: 36361K->3572K(37568K), 0.0025110 secs] 513216K->482565K(806156K), 0.0025530 secs] [Times: user=0.02 sys=0.00, real=0.00 secs] 
56.440: Total time for which application threads were stopped: 0.0027160 seconds, Stopping threads took: 0.0000880 seconds
56.451: Application time: 0.0101380 seconds
56.451: [GC56.451: [ParNew: 36365K->1427K(37568K), 0.0020190 secs] 515357K->482557K(806156K), 0.0020600 secs] [Times: user=0.01 sys=0.01, real=0.00 secs] 
56.453: Total time for which application threads were stopped: 0.0022150 seconds, Stopping threads took: 0.0000780 seconds
56.482: Application time: 0.0291510 seconds
56.482: [GC56.482: [ParNew: 34265K->3600K(37568K), 0.0038770 secs] 515395K->491855K(806156K), 0.0039210 secs] [Times: user=0.03 sys=0.00, real=0.01 secs] 
56.486: Total time for which application threads were stopped: 0.0040840 seconds, Stopping threads took: 0.0000850 seconds
56.499: Application time: 0.0128750 seconds
56.499: [GC56.499: [ParNew: 36388K->3566K(37568K), 0.0030500 secs] 524643K->495414K(806156K), 0.0030890 secs] [Times: user=0.02 sys=0.00, real=0.00 secs] 
56.502: Total time for which application threads were stopped: 0.0032630 seconds, Stopping threads took: 0.0000980 seconds
56.520: Application time: 0.0179040 seconds
56.520: [GC56.520: [ParNew: 36883K->3615K(37568K), 0.0027320 secs] 528730K->498313K(806156K), 0.0027730 secs] [Times: user=0.02 sys=0.00, real=0.01 secs] 
56.523: Total time for which application threads were stopped: 0.0029390 seconds, Stopping threads took: 0.0000920 seconds
56.534: Application time: 0.0113070 seconds
56.534: [GC56.534: [ParNew: 36640K->3575K(37568K), 0.0026310 secs] 531338K->501151K(806156K), 0.0026730 secs] [Times: user=0.02 sys=0.00, real=0.01 secs] 
56.537: Total time for which application threads were stopped: 0.0028600 seconds, Stopping threads took: 0.0001110 seconds
56.544: Application time: 0.0073690 seconds
56.545: [GC56.545: [ParNew: 36359K->3562K(37568K), 0.0021590 secs] 533935K->501853K(806156K), 0.0022080 secs] [Times: user=0.01 sys=0.00, real=0.00 secs] 
56.547: Total time for which application threads were stopped: 0.0023470 seconds, Stopping threads took: 0.0000590 seconds
56.558: Application time: 0.0110420 seconds
56.558: [GC56.558: [ParNew: 36361K->3572K(37568K), 0.0029870 secs] 534651K->506138K(806156K), 0.0030300 secs] [Times: user=0.02 sys=0.00, real=0.00 secs] 
56.561: Total time for which application threads were stopped: 0.0031750 seconds, Stopping threads took: 0.0000730 seconds
56.573: Application time: 0.0123010 seconds
56.574: [GC56.574: [ParNew: 36365K->3570K(37568K), 0.0039440 secs] 538931K->513262K(806156K), 0.0039880 secs] [Times: user=0.03 sys=0.00, real=0.01 secs] 
56.578: Total time for which application threads were stopped: 0.0041710 seconds, Stopping threads took: 0.0001080 seconds
56.591: Application time: 0.0137720 seconds
56.591: [GC56.592: [ParNew: 36365K->2148K(37568K), 0.0023400 secs] 546057K->514690K(806156K), 0.0023800 secs] [Times: user=0.02 sys=0.00, real=0.00 secs] 
56.594: Total time for which application threads were stopped: 0.0025730 seconds, Stopping threads took: 0.0001210 seconds
56.647: Application time: 0.0530830 seconds
56.647: [GC56.647: [ParNew: 34947K->3570K(37568K), 0.0040750 secs] 547490K->524663K(806156K), 0.0041190 secs] [Times: user=0.03 sys=0.00, real=0.00 secs] 
56.651: Total time for which application threads were stopped: 0.0042540 seconds, Stopping threads took: 0.0000640 seconds
56.808: Application time: 0.1566660 seconds
56.808: [GC56.808: [ParNew: 36362K->3564K(37568K), 0.0052570 secs] 557455K->537483K(806156K), 0.0052990 secs] [Times: user=0.04 sys=0.00, real=0.00 secs] 
56.813: Total time for which application threads were stopped: 0.0054300 seconds, Stopping threads took: 0.0000640 seconds
56.938: Application time: 0.1244340 seconds
56.938: [GC56.938: [ParNew: 36365K->3570K(37568K), 0.0051490 secs] 570283K->549602K(806156K), 0.0051910 secs] [Times: user=0.04 sys=0.00, real=0.01 secs] 
56.943: Total time for which application threads were stopped: 0.0053400 seconds, Stopping threads took: 0.0000670 seconds
57.083: Application time: 0.1397320 seconds
57.083: [GC57.083: [ParNew: 36371K->3572K(37568K), 0.0054550 secs] 582402K->563142K(806156K), 0.0054980 secs] [Times: user=0.04 sys=0.00, real=0.00 secs] 
57.088: Total time for which application threads were stopped: 0.0056340 seconds, Stopping threads took: 0.0000640 seconds
57.234: Application time: 0.1454270 seconds
57.234: [GC57.234: [ParNew: 36373K->3572K(37568K), 0.0053980 secs] 595943K->576681K(806156K), 0.0054380 secs] [Times: user=0.04 sys=0.00, real=0.01 secs] 
57.239: Total time for which application threads were stopped: 0.0055790 seconds, Stopping threads took: 0.0000700 seconds
57.392: Application time: 0.1527610 seconds
57.392: [GC57.392: [ParNew: 36381K->3572K(37568K), 0.0052250 secs] 609490K->589507K(806156K), 0.0052680 secs] [Times: user=0.04 sys=0.00, real=0.01 secs] 
57.398: Total time for which application threads were stopped: 0.0054080 seconds, Stopping threads took: 0.0000650 seconds
57.535: Application time: 0.1371450 seconds
57.535: [GC57.535: [ParNew: 36390K->3572K(37568K), 0.0053430 secs] 622324K->602334K(806156K), 0.0053850 secs] [Times: user=0.04 sys=0.00, real=0.00 secs] 
57.540: Total time for which application threads were stopped: 0.0055280 seconds, Stopping threads took: 0.0000570 seconds
57.689: Application time: 0.1484990 seconds
57.689: [GC57.689: [ParNew: 36364K->3564K(37568K), 0.0053150 secs] 635126K->615154K(806156K), 0.0053520 secs] [Times: user=0.04 sys=0.00, real=0.00 secs] 
57.694: Total time for which application threads were stopped: 0.0054820 seconds, Stopping threads took: 0.0000580 seconds
57.834: Application time: 0.1396460 seconds
57.834: [GC57.834: [ParNew: 36364K->3574K(37568K), 0.0055020 secs] 647954K->627989K(806156K), 0.0055430 secs] [Times: user=0.04 sys=0.00, real=0.01 secs] 
57.840: Total time for which application threads were stopped: 0.0056720 seconds, Stopping threads took: 0.0000570 seconds
57.979: Application time: 0.1392360 seconds
57.979: [GC57.979: [ParNew: 36375K->3572K(37568K), 0.0053150 secs] 660789K->640813K(806156K), 0.0053650 secs] [Times: user=0.04 sys=0.00, real=0.01 secs] 
57.984: Total time for which application threads were stopped: 0.0055150 seconds, Stopping threads took: 0.0000750 seconds
58.095: Application time: 0.1107460 seconds
58.095: [GC58.095: [ParNew: 36373K->3570K(37568K), 0.0066730 secs] 673614K->652925K(806156K), 0.0067090 secs] [Times: user=0.05 sys=0.00, real=0.00 secs] 
58.102: Total time for which application threads were stopped: 0.0068610 seconds, Stopping threads took: 0.0000700 seconds
58.236: Application time: 0.1343820 seconds
58.237: [GC58.237: [ParNew: 36371K->3570K(37568K), 0.0051410 secs] 685726K->665039K(806156K), 0.0051830 secs] [Times: user=0.04 sys=0.00, real=0.00 secs] 
58.242: Total time for which application threads were stopped: 0.0053230 seconds, Stopping threads took: 0.0000680 seconds
58.380: Application time: 0.1377860 seconds
58.380: [GC58.380: [ParNew: 36371K->3572K(37568K), 0.0054620 secs] 697840K->678580K(806156K), 0.0055060 secs] [Times: user=0.04 sys=0.00, real=0.01 secs] 
58.385: Total time for which application threads were stopped: 0.0056330 seconds, Stopping threads took: 0.0000560 seconds
58.479: Application time: 0.0941870 seconds
58.479: [GC58.479: [ParNew: 36382K->3572K(37568K), 0.0057970 secs] 711390K->692120K(806156K), 0.0058420 secs] [Times: user=0.04 sys=0.00, real=0.01 secs] 
58.485: Total time for which application threads were stopped: 0.0059820 seconds, Stopping threads took: 0.0000680 seconds
58.485: Application time: 0.0000690 seconds
58.486: [GC [1 CMS-initial-mark: 688547K(768588K)] 692832K(806156K), 0.0001230 secs] [Times: user=0.00 sys=0.00, real=0.00 secs] 
58.486: Total time for which application threads were stopped: 0.0003720 seconds, Stopping threads took: 0.0002230 seconds
58.486: [CMS-concurrent-mark-start]
58.491: [CMS-concurrent-mark: 0.005/0.005 secs] [Times: user=0.04 sys=0.00, real=0.00 secs] 
58.491: [CMS-concurrent-preclean-start]
58.492: [CMS-concurrent-preclean: 0.001/0.001 secs] [Times: user=0.00 sys=0.00, real=0.00 secs] 
58.492: [CMS-concurrent-abortable-preclean-start]
58.615: Application time: 0.1296200 seconds
58.615: [GC58.616: [ParNew: 36374K->3572K(37568K), 0.0051450 secs] 724921K->704947K(806156K), 0.0051880 secs] [Times: user=0.04 sys=0.00, real=0.00 secs] 
58.621: Total time for which application threads were stopped: 0.0053150 seconds, Stopping threads took: 0.0000550 seconds
58.712: Application time: 0.0915810 seconds
58.712: [GC58.712: [ParNew: 36367K->3562K(37568K), 0.0054440 secs] 737742K->717765K(806156K), 0.0054890 secs] [Times: user=0.05 sys=0.00, real=0.01 secs] 
58.718: Total time for which application threads were stopped: 0.0056160 seconds, Stopping threads took: 0.0000590 seconds
58.807: Application time: 0.0889790 seconds
58.807: [GC58.807: [ParNew: 36365K->3577K(37568K), 0.0051460 secs] 750567K->729893K(806156K), 0.0051870 secs] [Times: user=0.04 sys=0.00, real=0.00 secs] 
58.812: Total time for which application threads were stopped: 0.0053440 seconds, Stopping threads took: 0.0000860 seconds
58.952: Application time: 0.1393420 seconds
58.952: [GC58.952: [ParNew: 36380K->3572K(37568K), 0.0055790 secs] 762696K->743428K(806156K), 0.0056230 secs] [Times: user=0.04 sys=0.00, real=0.01 secs] 
58.957: Total time for which application threads were stopped: 0.0057620 seconds, Stopping threads took: 0.0000680 seconds
58.957: [CMS-concurrent-abortable-preclean: 0.008/0.465 secs] [Times: user=3.69 sys=0.00, real=0.47 secs] 
58.957: Application time: 0.0000580 seconds
58.958: [GC[YG occupancy: 4285 K (37568 K)]58.958: [Rescan (parallel) , 0.0002360 secs]58.958: [weak refs processing, 0.0000060 secs]58.958: [scrub string table, 0.0001030 secs] [1 CMS-remark: 739855K(768588K)] 744141K(806156K), 0.0003670 secs] [Times: user=0.00 sys=0.00, real=0.00 secs] 
58.958: Total time for which application threads were stopped: 0.0005870 seconds, Stopping threads took: 0.0001930 seconds
58.958: [CMS-concurrent-sweep-start]
58.959: [CMS-concurrent-sweep: 0.001/0.001 secs] [Times: user=0.01 sys=0.00, real=0.00 secs] 
58.959: [CMS-concurrent-reset-start]
58.962: [CMS-concurrent-reset: 0.003/0.003 secs] [Times: user=0.00 sys=0.00, real=0.00 secs] 
59.046: Application time: 0.0882750 seconds
59.046: [GC59.046: [ParNew: 36376K->3564K(37568K), 0.0051920 secs] 108992K->88296K(806156K), 0.0052340 secs] [Times: user=0.04 sys=0.00, real=0.00 secs] 
59.052: Total time for which application threads were stopped: 0.0053780 seconds, Stopping threads took: 0.0000700 seconds
59.179: Application time: 0.1272000 seconds
59.179: [GC59.179: [ParNew: 36360K->3562K(37568K), 0.0052950 secs] 121091K->101121K(806156K), 0.0053370 secs] [Times: user=0.05 sys=0.00, real=0.01 secs] 
59.184: Total time for which application threads were stopped: 0.0054850 seconds, Stopping threads took: 0.0000670 seconds
59.286: Application time: 0.1019050 seconds
59.286: [GC59.286: [ParNew: 36375K->3571K(37568K), 0.0054850 secs] 133933K->114668K(806156K), 0.0055290 secs] [Times: user=0.04 sys=0.00, real=0.00 secs] 
59.292: Total time for which application threads were stopped: 0.0056740 seconds, Stopping threads took: 0.0000720 seconds
59.405: Application time: 0.1126950 seconds
59.405: [GC59.405: [ParNew: 36382K->3568K(37568K), 0.0052890 secs] 147480K->127495K(806156K), 0.0053320 secs] [Times: user=0.04 sys=0.00, real=0.00 secs] 
59.410: Total time for which application threads were stopped: 0.0054640 seconds, Stopping threads took: 0.0000610 seconds
59.522: Application time: 0.1123960 seconds
59.523: [GC59.523: [ParNew: 36371K->3568K(37568K), 0.0050410 secs] 160297K->139610K(806156K), 0.0050860 secs] [Times: user=0.04 sys=0.01, real=0.01 secs] 
59.528: Total time for which application threads were stopped: 0.0052230 seconds, Stopping threads took: 0.0000690 seconds
59.622: Application time: 0.0942700 seconds
59.622: [GC59.622: [ParNew: 36363K->3562K(37568K), 0.0053440 secs] 172404K->152431K(806156K), 0.0053850 secs] [Times: user=0.04 sys=0.00, real=0.01 secs] 
59.627: Total time for which application threads were stopped: 0.0055330 seconds, Stopping threads took: 0.0000790 seconds
59.749: Application time: 0.1213460 seconds
59.749: [GC59.749: [ParNew: 36969K->3606K(37568K), 0.0051730 secs] 185838K->163875K(806156K), 0.0052170 secs] [Times: user=0.03 sys=0.00, real=0.00 secs] 
59.754: Total time for which application threads were stopped: 0.0053680 seconds, Stopping threads took: 0.0000650 seconds
59.775: Application time: 0.0203740 seconds
59.775: [GC59.775: [ParNew: 36534K->2149K(37568K), 0.0027970 secs] 196803K->166010K(806156K), 0.0028410 secs] [Times: user=0.02 sys=0.00, real=0.00 secs] 
59.778: Total time for which application threads were stopped: 0.0030650 seconds, Stopping threads took: 0.0001410 seconds
59.797: Application time: 0.0193340 seconds
59.797: [GC59.797: [ParNew: 34944K->3574K(37568K), 0.0034250 secs] 198805K->173848K(806156K), 0.0034670 secs] [Times: user=0.03 sys=0.00, real=0.00 secs] 
59.801: Total time for which application threads were stopped: 0.0036200 seconds, Stopping threads took: 0.0000810 seconds
59.814: Application time: 0.0132180 seconds
59.814: [GC59.814: [ParNew: 36360K->3564K(37568K), 0.0028420 secs] 206634K->177402K(806156K), 0.0028840 secs] [Times: user=0.02 sys=0.00, real=0.01 secs] 
59.817: Total time for which application threads were stopped: 0.0032220 seconds, Stopping threads took: 0.0002720 seconds
59.831: Application time: 0.0138840 seconds
59.831: [GC59.831: [ParNew: 36401K->3604K(37568K), 0.0030420 secs] 210238K->181717K(806156K), 0.0030860 secs] [Times: user=0.03 sys=0.00, real=0.00 secs] 
59.834: Total time for which application threads were stopped: 0.0032970 seconds, Stopping threads took: 0.0001370 seconds
59.845: Application time: 0.0108450 seconds
59.845: [GC59.845: [ParNew: 36393K->3576K(37568K), 0.0020330 secs] 214506K->182431K(806156K), 0.0020720 secs] [Times: user=0.02 sys=0.00, real=0.00 secs] 
59.847: Total time for which application threads were stopped: 0.0022340 seconds, Stopping threads took: 0.0000850 seconds
59.860: Application time: 0.0129920 seconds
59.860: [GC59.860: [ParNew: 36370K->1433K(37568K), 0.0016600 secs] 215225K->182426K(806156K), 0.0017040 secs] [Times: user=0.01 sys=0.00, real=0.00 secs] 
59.862: Total time for which application threads were stopped: 0.0018440 seconds, Stopping threads took: 0.0000690 seconds
59.876: Application time: 0.0135380 seconds
59.876: [GC59.876: [ParNew: 34216K->3572K(37568K), 0.0018750 secs] 215210K->184566K(806156K), 0.0019130 secs] [Times: user=0.02 sys=0.00, real=0.00 secs] 
59.878: Total time for which application threads were stopped: 0.0020600 seconds, Stopping threads took: 0.0000740 seconds
59.887: Application time: 0.0088690 seconds
59.887: [GC59.887: [ParNew: 36365K->3568K(37568K), 0.0027600 secs] 217359K->188125K(806156K), 0.0028010 secs] [Times: user=0.01 sys=0.00, real=0.00 secs] 
59.890: Total time for which application threads were stopped: 0.0029850 seconds, Stopping threads took: 0.0001030 seconds
59.973: Application time: 0.0831200 seconds
59.975: [GC59.975: [ParNew: 36409K->3604K(37568K), 0.0053440 secs] 220966K->200274K(806156K), 0.0053860 secs] [Times: user=0.04 sys=0.00, real=0.00 secs] 
59.980: Total time for which application threads were stopped: 0.0075100 seconds, Stopping threads took: 0.0020500 seconds
59.996: Application time: 0.0154590 seconds
59.996: [GC59.996: [ParNew: 36395K->3572K(37568K), 0.0033230 secs] 233064K->205260K(806156K), 0.0033640 secs] [Times: user=0.02 sys=0.00, real=0.00 secs] 
59.999: Total time for which application threads were stopped: 0.0035530 seconds, Stopping threads took: 0.0000900 seconds
60.010: Application time: 0.0110770 seconds
60.010: [GC60.011: [ParNew: 36363K->3570K(37568K), 0.0025590 secs] 238050K->208108K(806156K), 0.0026020 secs] [Times: user=0.02 sys=0.00, real=0.00 secs] 
60.013: Total time for which application threads were stopped: 0.0027620 seconds, Stopping threads took: 0.0000870 seconds
60.027: Application time: 0.0136220 seconds
60.027: [GC60.027: [ParNew: 36363K->3566K(37568K), 0.0025060 secs] 240901K->210242K(806156K), 0.0025460 secs] [Times: user=0.01 sys=0.00, real=0.00 secs] 
60.029: Total time for which application threads were stopped: 0.0027210 seconds, Stopping threads took: 0.0001030 seconds
60.038: Application time: 0.0082950 seconds
60.038: [GC60.038: [ParNew: 36350K->1427K(37568K), 0.0021190 secs] 243026K->210953K(806156K), 0.0021620 secs] [Times: user=0.01 sys=0.00, real=0.00 secs] 
60.040: Total time for which application threads were stopped: 0.0023610 seconds, Stopping threads took: 0.0001230 seconds
60.152: Application time: 0.1117370 seconds
60.152: [GC60.152: [ParNew: 34227K->3570K(37568K), 0.0053880 secs] 243754K->225922K(806156K), 0.0054340 secs] [Times: user=0.04 sys=0.00, real=0.01 secs] 
60.157: Total time for which application threads were stopped: 0.0055970 seconds, Stopping threads took: 0.0000890 seconds
60.256: Application time: 0.0987440 seconds
60.256: [GC60.256: [ParNew: 36446K->3630K(37568K), 0.0052770 secs] 258798K->238808K(806156K), 0.0053180 secs] [Times: user=0.04 sys=0.00, real=0.00 secs] 
60.262: Total time for which application threads were stopped: 0.0054690 seconds, Stopping threads took: 0.0000700 seconds
60.273: Application time: 0.0109270 seconds
60.273: [GC60.273: [ParNew: 36412K->3562K(37568K), 0.0028630 secs] 271590K->242362K(806156K), 0.0029050 secs] [Times: user=0.02 sys=0.00, real=0.01 secs] 
60.276: Total time for which application threads were stopped: 0.0030460 seconds, Stopping threads took: 0.0000670 seconds
60.285: Application time: 0.0098370 seconds
60.286: [GC60.286: [ParNew: 36356K->3574K(37568K), 0.0023550 secs] 275156K->243799K(806156K), 0.0023980 secs] [Times: user=0.02 sys=0.00, real=0.00 secs] 
60.288: Total time for which application threads were stopped: 0.0025740 seconds, Stopping threads took: 0.0000990 seconds
60.299: Application time: 0.0111530 seconds
60.302: [GC60.302: [ParNew: 36364K->3568K(37568K), 0.0021620 secs] 276589K->245219K(806156K), 0.0022050 secs] [Times: user=0.02 sys=0.00, real=0.01 secs] 
60.304: Total time for which application threads were stopped: 0.0048290 seconds, Stopping threads took: 0.0025460 seconds
60.312: Application time: 0.0083870 seconds
60.313: [GC60.313: [ParNew: 36364K->3570K(37568K), 0.0032790 secs] 278014K->250922K(806156K), 0.0033220 secs] [Times: user=0.03 sys=0.00, real=0.01 secs] 
60.316: Total time for which application threads were stopped: 0.0035200 seconds, Stopping threads took: 0.0001230 seconds
60.325: Application time: 0.0086150 seconds
60.325: [GC60.325: [ParNew: 36953K->2899K(37568K), 0.0020270 secs] 284305K->251677K(806156K), 0.0020770 secs] [Times: user=0.01 sys=0.00, real=0.00 secs] 
60.327: Total time for which application threads were stopped: 0.0022420 seconds, Stopping threads took: 0.0000910 seconds
60.336: Application time: 0.0093050 seconds
60.336: [GC60.336: [ParNew: 35856K->3575K(37568K), 0.0028010 secs] 284634K->255945K(806156K), 0.0028430 secs] [Times: user=0.02 sys=0.00, real=0.00 secs] 
60.339: Total time for which application threads were stopped: 0.0030880 seconds, Stopping threads took: 0.0001710 seconds
60.347: Application time: 0.0078460 seconds
60.347: [GC60.347: [ParNew: 36362K->3562K(37568K), 0.0027750 secs] 288732K->259497K(806156K), 0.0028200 secs] [Times: user=0.02 sys=0.01, real=0.00 secs] 
60.350: Total time for which application threads were stopped: 0.0029620 seconds, Stopping threads took: 0.0000700 seconds
60.357: Application time: 0.0074100 seconds
60.358: [GC60.358: [ParNew: 36346K->3564K(37568K), 0.0020340 secs] 292281K->260211K(806156K), 0.0020710 secs] [Times: user=0.01 sys=0.00, real=0.00 secs] 
60.360: Total time for which application threads were stopped: 0.0023450 seconds, Stopping threads took: 0.0002030 seconds
60.369: Application time: 0.0093170 seconds
60.369: [GC60.369: [ParNew: 36373K->3572K(37568K), 0.0031990 secs] 293021K->264495K(806156K), 0.0032420 secs] [Times: user=0.02 sys=0.00, real=0.00 secs] 
60.373: Total time for which application threads were stopped: 0.0034020 seconds, Stopping threads took: 0.0000830 seconds
60.386: Application time: 0.0135090 seconds
60.386: [GC60.386: [ParNew: 36361K->3574K(37568K), 0.0028710 secs] 297284K->267349K(806156K), 0.0029100 secs] [Times: user=0.02 sys=0.00, real=0.00 secs] 
60.389: Total time for which application threads were stopped: 0.0030930 seconds, Stopping threads took: 0.0001050 seconds
60.400: Application time: 0.0112810 seconds
60.401: [GC60.401: [ParNew: 36368K->3567K(37568K), 0.0028950 secs] 300143K->270904K(806156K), 0.0029400 secs] [Times: user=0.03 sys=0.00, real=0.01 secs] 
60.404: Total time for which application threads were stopped: 0.0031230 seconds, Stopping threads took: 0.0001060 seconds
60.447: Application time: 0.0432980 seconds
60.447: [GC60.447: [ParNew: 36404K->3604K(37568K), 0.0033550 secs] 303741K->276641K(806156K), 0.0033990 secs] [Times: user=0.03 sys=0.00, real=0.00 secs] 
60.450: Total time for which application threads were stopped: 0.0035500 seconds, Stopping threads took: 0.0000810 seconds
60.465: Application time: 0.0144000 seconds
60.465: [GC60.465: [ParNew: 36394K->3570K(37568K), 0.0041140 secs] 309431K->284475K(806156K), 0.0041570 secs] [Times: user=0.03 sys=0.00, real=0.00 secs] 
60.469: Total time for which application threads were stopped: 0.0043190 seconds, Stopping threads took: 0.0000880 seconds
60.481: Application time: 0.0122280 seconds
60.481: [GC60.482: [ParNew: 36358K->2858K(37568K), 0.0022980 secs] 317263K->285900K(806156K), 0.0023380 secs] [Times: user=0.02 sys=0.00, real=0.01 secs] 
60.484: Total time for which application threads were stopped: 0.0025230 seconds, Stopping threads took: 0.0001130 seconds
60.497: Application time: 0.0127130 seconds
60.497: [GC60.497: [ParNew: 35686K->3603K(37568K), 0.0027930 secs] 318728K->290207K(806156K), 0.0028350 secs] [Times: user=0.02 sys=0.00, real=0.00 secs] 
60.500: Total time for which application threads were stopped: 0.0030120 seconds, Stopping threads took: 0.0001020 seconds
60.507: Application time: 0.0074900 seconds
60.508: [GC60.508: [ParNew: 36394K->2858K(37568K), 0.0025130 secs] 322999K->292342K(806156K), 0.0025640 secs] [Times: user=0.02 sys=0.00, real=0.00 secs] 
60.510: Total time for which application threads were stopped: 0.0033850 seconds, Stopping threads took: 0.0007250 seconds
60.522: Application time: 0.0111480 seconds
60.522: [GC60.522: [ParNew: 35652K->3572K(37568K), 0.0018770 secs] 325137K->293057K(806156K), 0.0019160 secs] [Times: user=0.02 sys=0.00, real=0.01 secs] 
60.524: Total time for which application threads were stopped: 0.0020910 seconds, Stopping threads took: 0.0001020 seconds
60.537: Application time: 0.0129390 seconds
60.537: [GC60.537: [ParNew: 36359K->2145K(37568K), 0.0021500 secs] 325843K->293768K(806156K), 0.0021910 secs] [Times: user=0.02 sys=0.00, real=0.00 secs] 
60.539: Total time for which application threads were stopped: 0.0023690 seconds, Stopping threads took: 0.0001040 seconds
60.550: Application time: 0.0114360 seconds
60.551: [GC60.551: [ParNew: 34942K->3570K(37568K), 0.0038850 secs] 326565K->302319K(806156K), 0.0039290 secs] [Times: user=0.03 sys=0.00, real=0.00 secs] 
60.555: Total time for which application threads were stopped: 0.0040890 seconds, Stopping threads took: 0.0000850 seconds
60.563: Application time: 0.0082910 seconds
60.563: [GC60.563: [ParNew: 36354K->1427K(37568K), 0.0024260 secs] 335103K->303739K(806156K), 0.0024690 secs] [Times: user=0.02 sys=0.00, real=0.00 secs] 
60.565: Total time for which application threads were stopped: 0.0026190 seconds, Stopping threads took: 0.0000740 seconds
60.710: Application time: 0.1447420 seconds
60.710: [GC60.710: [ParNew: 34227K->3572K(37568K), 0.0054490 secs] 336539K->319422K(806156K), 0.0054920 secs] [Times: user=0.04 sys=0.00, real=0.01 secs] 
60.716: Total time for which application threads were stopped: 0.0056240 seconds, Stopping threads took: 0.0000600 seconds
60.860: Application time: 0.1443990 seconds
60.860: [GC60.860: [ParNew: 36373K->3566K(37568K), 0.0050310 secs] 352222K->331530K(806156K), 0.0050730 secs] [Times: user=0.03 sys=0.00, real=0.01 secs] 
60.865: Total time for which application threads were stopped: 0.0052230 seconds, Stopping threads took: 0.0000700 seconds
61.003: Application time: 0.1375600 seconds
61.003: [GC61.003: [ParNew: 36375K->3570K(37568K), 0.0057810 secs] 364339K->345785K(806156K), 0.0058230 secs] [Times: user=0.04 sys=0.00, real=0.00 secs] 
61.009: Total time for which application threads were stopped: 0.0059640 seconds, Stopping threads took: 0.0000690 seconds
61.165: Application time: 0.1557820 seconds
61.165: [GC61.165: [ParNew: 36362K->3564K(37568K), 0.0053730 secs] 378577K->358606K(806156K), 0.0054150 secs] [Times: user=0.04 sys=0.00, real=0.00 secs] 
61.170: Total time for which application threads were stopped: 0.0055440 seconds, Stopping threads took: 0.0000580 seconds
61.323: Application time: 0.1529900 seconds
61.323: [GC61.323: [ParNew: 36365K->3570K(37568K), 0.0050730 secs] 391406K->370725K(806156K), 0.0051140 secs] [Times: user=0.04 sys=0.00, real=0.00 secs] 
61.329: Total time for which application threads were stopped: 0.0052360 seconds, Stopping threads took: 0.0000570 seconds
61.481: Application time: 0.1527770 seconds
61.481: [GC61.481: [ParNew: 36383K->3570K(37568K), 0.0047400 secs] 403538K->382126K(806156K), 0.0047820 secs] [Times: user=0.04 sys=0.00, real=0.01 secs] 
61.486: Total time for which application threads were stopped: 0.0049210 seconds, Stopping threads took: 0.0000620 seconds
61.637: Application time: 0.1502590 seconds
61.637: [GC61.637: [ParNew: 36373K->3570K(37568K), 0.0054170 secs] 414928K->395665K(806156K), 0.0054590 secs] [Times: user=0.04 sys=0.00, real=0.00 secs] 
61.642: Total time for which application threads were stopped: 0.0055730 seconds, Stopping threads took: 0.0000490 seconds
61.754: Application time: 0.1122630 seconds
61.754: [GC61.754: [ParNew: 36362K->3562K(37568K), 0.0051210 secs] 428457K->407771K(806156K), 0.0051630 secs] [Times: user=0.04 sys=0.00, real=0.01 secs] 
61.760: Total time for which application threads were stopped: 0.0052940 seconds, Stopping threads took: 0.0000600 seconds
61.900: Application time: 0.1400320 seconds
61.900: [GC61.900: [ParNew: 36371K->3574K(37568K), 0.0054330 secs] 440580K->421321K(806156K), 0.0054860 secs] [Times: user=0.04 sys=0.00, real=0.01 secs] 
61.905: Total time for which application threads were stopped: 0.0056170 seconds, Stopping threads took: 0.0000570 seconds
62.036: Application time: 0.1302910 seconds
62.036: [GC62.036: [ParNew: 36375K->3568K(37568K), 0.0052200 secs] 454122K->433430K(806156K), 0.0052630 secs] [Times: user=0.03 sys=0.00, real=0.00 secs] 
62.041: Total time for which application threads were stopped: 0.0054230 seconds, Stopping threads took: 0.0000790 seconds
62.188: Application time: 0.1467310 seconds
62.188: [GC62.188: [ParNew: 36360K->3564K(37568K), 0.0052930 secs] 466223K->446253K(806156K), 0.0053360 secs] [Times: user=0.04 sys=0.00, real=0.00 secs] 
62.193: Total time for which application threads were stopped: 0.0054650 seconds, Stopping threads took: 0.0000610 seconds
62.293: Application time: 0.0997070 seconds
62.293: [GC62.293: [ParNew: 36365K->3570K(37568K), 0.0053460 secs] 479054K->459084K(806156K), 0.0053890 secs] [Times: user=0.05 sys=0.00, real=0.01 secs] 
62.298: Total time for which application threads were stopped: 0.0055380 seconds, Stopping threads took: 0.0000750 seconds
62.430: Application time: 0.1312400 seconds
62.430: [GC62.430: [ParNew: 36396K->3578K(37568K), 0.0053940 secs] 491910K->472632K(806156K), 0.0054350 secs] [Times: user=0.04 sys=0.00, real=0.01 secs] 
62.435: Total time for which application threads were stopped: 0.0055580 seconds, Stopping threads took: 0.0000610 seconds
62.527: Application time: 0.0913440 seconds
62.527: [GC62.527: [ParNew: 36372K->3562K(37568K), 0.0050540 secs] 505425K->484733K(806156K), 0.0051000 secs] [Times: user=0.04 sys=0.00, real=0.00 secs] 
62.532: Total time for which application threads were stopped: 0.0052370 seconds, Stopping threads took: 0.0000700 seconds
62.653: Application time: 0.1206640 seconds
62.653: [GC62.653: [ParNew: 36356K->3562K(37568K), 0.0053700 secs] 517527K->497559K(806156K), 0.0054130 secs] [Times: user=0.04 sys=0.00, real=0.01 secs] 
62.658: Total time for which application threads were stopped: 0.0055650 seconds, Stopping threads took: 0.0000670 seconds
62.754: Application time: 0.0961080 seconds
62.754: [GC62.754: [ParNew: 36374K->3578K(37568K), 0.0050790 secs] 530371K->509689K(806156K), 0.0051230 secs] [Times: user=0.04 sys=0.00, real=0.01 secs] 
62.759: Total time for which application threads were stopped: 0.0053080 seconds, Stopping threads took: 0.0001120 seconds
62.887: Application time: 0.1270430 seconds
62.887: [GC62.887: [ParNew: 36373K->3562K(37568K), 0.0053070 secs] 542483K->522501K(806156K), 0.0053500 secs] [Times: user=0.04 sys=0.00, real=0.00 secs] 
62.892: Total time for which application threads were stopped: 0.0054960 seconds, Stopping threads took: 0.0000780 seconds
62.993: Application time: 0.1005280 seconds
62.993: [GC62.993: [ParNew: 36366K->3575K(37568K), 0.0053270 secs] 555304K->535340K(806156K), 0.0053700 secs] [Times: user=0.04 sys=0.00, real=0.01 secs] 
62.998: Total time for which application threads were stopped: 0.0055050 seconds, Stopping threads took: 0.0000600 seconds
63.130: Application time: 0.1318490 seconds
63.130: [GC63.130: [ParNew: 36370K->3562K(37568K), 0.0052570 secs] 568135K->548155K(806156K), 0.0053000 secs] [Times: user=0.04 sys=0.00, real=0.01 secs] 
63.135: Total time for which application threads were stopped: 0.0054600 seconds, Stopping threads took: 0.0000950 seconds
63.220: Application time: 0.0850600 seconds
63.221: [GC63.221: [ParNew: 36366K->3573K(37568K), 0.0051090 secs] 580959K->560279K(806156K), 0.0051540 secs] [Times: user=0.04 sys=0.00, real=0.01 secs] 
63.226: Total time for which application threads were stopped: 0.0053470 seconds, Stopping threads took: 0.0001050 seconds
63.356: Application time: 0.1299800 seconds
63.356: [GC63.356: [ParNew: 36376K->3568K(37568K), 0.0053280 secs] 593083K->573102K(806156K), 0.0053730 secs] [Times: user=0.04 sys=0.00, real=0.00 secs] 
63.361: Total time for which application threads were stopped: 0.0055060 seconds, Stopping threads took: 0.0000570 seconds
63.455: Application time: 0.0933770 seconds
63.459: [GC63.459: [ParNew: 36389K->3574K(37568K), 0.0057380 secs] 605923K->586648K(806156K), 0.0057830 secs] [Times: user=0.05 sys=0.00, real=0.01 secs] 
63.465: Total time for which application threads were stopped: 0.0101070 seconds, Stopping threads took: 0.0042300 seconds
63.562: Application time: 0.0970950 seconds
63.562: [GC63.562: [ParNew: 36368K->3562K(37568K), 0.0055440 secs] 619442K->600178K(806156K), 0.0055900 secs] [Times: user=0.05 sys=0.00, real=0.01 secs] 
63.568: Total time for which application threads were stopped: 0.0057960 seconds, Stopping threads took: 0.0001210 seconds
63.692: Application time: 0.1240920 seconds
63.692: [GC63.692: [ParNew: 36356K->3562K(37568K), 0.0051290 secs] 632972K->612291K(806156K), 0.0051760 secs] [Times: user=0.04 sys=0.00, real=0.01 secs] 
63.697: Total time for which application threads were stopped: 0.0053500 seconds, Stopping threads took: 0.0001020 seconds
63.721: Application time: 0.0235260 seconds
63.721: [GC63.721: [ParNew: 36432K->3634K(37568K), 0.0043870 secs] 645161K->620914K(806156K), 0.0044330 secs] [Times: user=0.03 sys=0.00, real=0.01 secs] 
63.725: Total time for which application threads were stopped: 0.0046400 seconds, Stopping threads took: 0.0001300 seconds
63.735: Application time: 0.0092590 seconds
63.735: [GC63.735: [ParNew: 36420K->2860K(37568K), 0.0026350 secs] 653700K->623047K(806156K), 0.0026780 secs] [Times: user=0.02 sys=0.00, real=0.01 secs] 
63.737: Total time for which application threads were stopped: 0.0028480 seconds, Stopping threads took: 0.0000830 seconds
63.745: Application time: 0.0074480 seconds
63.745: [GC63.745: [ParNew: 35648K->3570K(37568K), 0.0024470 secs] 655835K->625896K(806156K), 0.0024890 secs] [Times: user=0.01 sys=0.00, real=0.00 secs] 
63.748: Total time for which application threads were stopped: 0.0027310 seconds, Stopping threads took: 0.0001660 seconds
63.756: Application time: 0.0084340 seconds
63.756: [GC63.756: [ParNew: 36359K->2147K(37568K), 0.0017260 secs] 658684K->625898K(806156K), 0.0017650 secs] [Times: user=0.01 sys=0.00, real=0.00 secs] 
63.758: Total time for which application threads were stopped: 0.0019550 seconds, Stopping threads took: 0.0001170 seconds
63.766: Application time: 0.0082810 seconds
63.767: [GC63.767: [ParNew: 34941K->3571K(37568K), 0.0024980 secs] 658691K->629460K(806156K), 0.0025450 secs] [Times: user=0.02 sys=0.00, real=0.00 secs] 
63.769: Total time for which application threads were stopped: 0.0031270 seconds, Stopping threads took: 0.0004940 seconds
63.778: Application time: 0.0081560 seconds
63.778: [GC63.778: [ParNew: 36367K->3573K(37568K), 0.0027890 secs] 662256K->633026K(806156K), 0.0028320 secs] [Times: user=0.03 sys=0.00, real=0.00 secs] 
63.781: Total time for which application threads were stopped: 0.0034260 seconds, Stopping threads took: 0.0005240 seconds
63.788: Application time: 0.0068920 seconds
63.788: [GC63.788: [ParNew: 36366K->3571K(37568K), 0.0023150 secs] 665819K->634449K(806156K), 0.0023570 secs] [Times: user=0.02 sys=0.00, real=0.00 secs] 
63.790: Total time for which application threads were stopped: 0.0025580 seconds, Stopping threads took: 0.0001250 seconds
63.798: Application time: 0.0072550 seconds
63.798: [GC63.798: [ParNew: 36366K->3570K(37568K), 0.0032750 secs] 667245K->639438K(806156K), 0.0033160 secs] [Times: user=0.02 sys=0.00, real=0.00 secs] 
63.801: Total time for which application threads were stopped: 0.0035010 seconds, Stopping threads took: 0.0001100 seconds
63.801: Application time: 0.0000550 seconds
63.801: [GC [1 CMS-initial-mark: 635867K(768588K)] 640151K(806156K), 0.0001230 secs] [Times: user=0.00 sys=0.00, real=0.00 secs] 
63.802: Total time for which application threads were stopped: 0.0002840 seconds, Stopping threads took: 0.0001340 seconds
63.802: [CMS-concurrent-mark-start]
63.811: [CMS-concurrent-mark: 0.010/0.010 secs] [Times: user=0.08 sys=0.00, real=0.01 secs] 
63.812: [CMS-concurrent-preclean-start]
63.813: [CMS-concurrent-preclean: 0.001/0.001 secs] [Times: user=0.00 sys=0.00, real=0.00 secs] 
63.813: [CMS-concurrent-abortable-preclean-start]
63.893: Application time: 0.0913490 seconds
63.893: [GC63.893: [ParNew: 36977K->3608K(37568K), 0.0050780 secs] 672845K->651590K(806156K), 0.0051180 secs] [Times: user=0.04 sys=0.00, real=0.01 secs] 
63.898: Total time for which application threads were stopped: 0.0052570 seconds, Stopping threads took: 0.0000650 seconds
63.919: Application time: 0.0204820 seconds
63.919: [GC63.919: [ParNew: 36540K->2147K(37568K), 0.0026000 secs] 684522K->653721K(806156K), 0.0026430 secs] [Times: user=0.02 sys=0.00, real=0.00 secs] 
63.921: Total time for which application threads were stopped: 0.0028400 seconds, Stopping threads took: 0.0001130 seconds
63.935: Application time: 0.0138610 seconds
63.935: [GC63.935: [ParNew: 34936K->3572K(37568K), 0.0021000 secs] 686510K->655859K(806156K), 0.0021400 secs] [Times: user=0.01 sys=0.00, real=0.00 secs] 
63.938: Total time for which application threads were stopped: 0.0022950 seconds, Stopping threads took: 0.0000800 seconds
63.954: Application time: 0.0164430 seconds
63.954: [GC63.954: [ParNew: 36362K->3562K(37568K), 0.0040200 secs] 688649K->663688K(806156K), 0.0040630 secs] [Times: user=0.03 sys=0.00, real=0.01 secs] 
63.958: Total time for which application threads were stopped: 0.0042160 seconds, Stopping threads took: 0.0000810 seconds
63.967: Application time: 0.0089170 seconds
63.967: [GC63.967: [ParNew: 36355K->3570K(37568K), 0.0032240 secs] 696481K->667971K(806156K), 0.0032660 secs] [Times: user=0.02 sys=0.00, real=0.00 secs] 
63.971: Total time for which application threads were stopped: 0.0034130 seconds, Stopping threads took: 0.0000740 seconds
64.095: Application time: 0.1248350 seconds
64.096: [GC64.096: [ParNew: 36371K->3568K(37568K), 0.0051080 secs] 700772K->680795K(806156K), 0.0051500 secs] [Times: user=0.04 sys=0.00, real=0.00 secs] 
64.101: Total time for which application threads were stopped: 0.0052760 seconds, Stopping threads took: 0.0000620 seconds
64.101: [CMS-concurrent-abortable-preclean: 0.009/0.288 secs] [Times: user=2.28 sys=0.00, real=0.29 secs] 
64.101: Application time: 0.0000630 seconds
64.101: [GC[YG occupancy: 4281 K (37568 K)]64.101: [Rescan (parallel) , 0.0002500 secs]64.101: [weak refs processing, 0.0000060 secs]64.101: [scrub string table, 0.0001270 secs] [1 CMS-remark: 677226K(768588K)] 681507K(806156K), 0.0004030 secs] [Times: user=0.00 sys=0.00, real=0.00 secs] 
64.101: Total time for which application threads were stopped: 0.0005370 seconds, Stopping threads took: 0.0001060 seconds
64.101: [CMS-concurrent-sweep-start]
64.103: [CMS-concurrent-sweep: 0.002/0.002 secs] [Times: user=0.00 sys=0.00, real=0.01 secs] 
64.103: [CMS-concurrent-reset-start]
64.105: [CMS-concurrent-reset: 0.002/0.002 secs] [Times: user=0.01 sys=0.00, real=0.00 secs] 
64.201: Application time: 0.0997390 seconds
64.201: [GC64.201: [ParNew: 36846K->3607K(37568K), 0.0048150 secs] 104503K->81241K(806156K), 0.0048600 secs] [Times: user=0.04 sys=0.00, real=0.01 secs] 
64.206: Total time for which application threads were stopped: 0.0050180 seconds, Stopping threads took: 0.0000830 seconds
64.243: Application time: 0.0369810 seconds
64.243: [GC64.243: [ParNew: 36666K->3570K(37568K), 0.0040110 secs] 114300K->87645K(806156K), 0.0040910 secs] [Times: user=0.03 sys=0.00, real=0.00 secs] 
64.247: Total time for which application threads were stopped: 0.0042950 seconds, Stopping threads took: 0.0000790 seconds
64.260: Application time: 0.0126020 seconds
64.260: [GC64.260: [ParNew: 36360K->3570K(37568K), 0.0027840 secs] 120435K->91208K(806156K), 0.0028430 secs] [Times: user=0.02 sys=0.00, real=0.01 secs] 
64.263: Total time for which application threads were stopped: 0.0031680 seconds, Stopping threads took: 0.0002390 seconds
64.279: Application time: 0.0158300 seconds
64.283: [GC64.283: [ParNew: 36354K->3562K(37568K), 0.0025670 secs] 123991K->94051K(806156K), 0.0026100 secs] [Times: user=0.01 sys=0.00, real=0.00 secs] 
64.286: Total time for which application threads were stopped: 0.0066300 seconds, Stopping threads took: 0.0039210 seconds
64.308: Application time: 0.0220570 seconds
64.311: [GC64.311: [ParNew: 36355K->3574K(37568K), 0.0030840 secs] 126844K->97626K(806156K), 0.0031360 secs] [Times: user=0.02 sys=0.00, real=0.00 secs] 
64.314: Total time for which application threads were stopped: 0.0064170 seconds, Stopping threads took: 0.0032010 seconds
64.355: Application time: 0.0411490 seconds
64.355: [GC64.355: [ParNew: 36409K->3643K(37568K), 0.0038090 secs] 130460K->104107K(806156K), 0.0038540 secs] [Times: user=0.03 sys=0.00, real=0.00 secs] 
64.359: Total time for which application threads were stopped: 0.0040300 seconds, Stopping threads took: 0.0000960 seconds
64.368: Application time: 0.0090460 seconds
64.369: [GC64.369: [ParNew: 36951K->2893K(37568K), 0.0025840 secs] 137415K->106265K(806156K), 0.0026270 secs] [Times: user=0.02 sys=0.00, real=0.00 secs] 
64.371: Total time for which application threads were stopped: 0.0029550 seconds, Stopping threads took: 0.0002550 seconds
64.380: Application time: 0.0084080 seconds
64.380: [GC64.380: [ParNew: 35941K->2862K(37568K), 0.0018190 secs] 139313K->106976K(806156K), 0.0018590 secs] [Times: user=0.01 sys=0.00, real=0.00 secs] 
64.382: Total time for which application threads were stopped: 0.0023910 seconds, Stopping threads took: 0.0004590 seconds
64.390: Application time: 0.0077990 seconds
64.391: [GC64.391: [ParNew: 35652K->3570K(37568K), 0.0026650 secs] 139766K->110536K(806156K), 0.0027110 secs] [Times: user=0.02 sys=0.00, real=0.00 secs] 
64.393: Total time for which application threads were stopped: 0.0035780 seconds, Stopping threads took: 0.0007910 seconds
64.402: Application time: 0.0087530 seconds
64.403: [GC64.403: [ParNew: 36802K->3609K(37568K), 0.0021830 secs] 143768K->111288K(806156K), 0.0022240 secs] [Times: user=0.02 sys=0.00, real=0.00 secs] 
64.405: Total time for which application threads were stopped: 0.0030280 seconds, Stopping threads took: 0.0007220 seconds
64.414: Application time: 0.0084500 seconds
64.414: [GC64.414: [ParNew: 36694K->3583K(37568K), 0.0021740 secs] 144372K->112715K(806156K), 0.0022140 secs] [Times: user=0.01 sys=0.00, real=0.01 secs] 
64.416: Total time for which application threads were stopped: 0.0024360 seconds, Stopping threads took: 0.0001510 seconds
64.423: Application time: 0.0072940 seconds
64.424: [GC64.424: [ParNew: 36396K->3575K(37568K), 0.0028150 secs] 145528K->116271K(806156K), 0.0028580 secs] [Times: user=0.03 sys=0.01, real=0.00 secs] 
64.427: Total time for which application threads were stopped: 0.0031190 seconds, Stopping threads took: 0.0001850 seconds
64.435: Application time: 0.0081670 seconds
64.435: [GC64.435: [ParNew: 36363K->3562K(37568K), 0.0024330 secs] 149059K->118398K(806156K), 0.0024740 secs] [Times: user=0.02 sys=0.00, real=0.00 secs] 
64.438: Total time for which application threads were stopped: 0.0027840 seconds, Stopping threads took: 0.0002370 seconds
64.446: Application time: 0.0081360 seconds
64.446: [GC64.446: [ParNew: 36355K->3572K(37568K), 0.0023460 secs] 151191K->119833K(806156K), 0.0023840 secs] [Times: user=0.01 sys=0.00, real=0.00 secs] 
64.448: Total time for which application threads were stopped: 0.0025470 seconds, Stopping threads took: 0.0000920 seconds
64.457: Application time: 0.0087550 seconds
64.457: [GC64.457: [ParNew: 36373K->3570K(37568K), 0.0027640 secs] 152634K->123395K(806156K), 0.0028090 secs] [Times: user=0.02 sys=0.00, real=0.00 secs] 
64.460: Total time for which application threads were stopped: 0.0030760 seconds, Stopping threads took: 0.0001950 seconds
64.468: Application time: 0.0077630 seconds
64.468: [GC64.468: [ParNew: 36366K->3576K(37568K), 0.0032230 secs] 156191K->127677K(806156K), 0.0032670 secs] [Times: user=0.02 sys=0.00, real=0.00 secs] 
64.471: Total time for which application threads were stopped: 0.0034340 seconds, Stopping threads took: 0.0000920 seconds
64.479: Application time: 0.0074850 seconds
64.479: [GC64.479: [ParNew: 36359K->2141K(37568K), 0.0016630 secs] 160460K->127669K(806156K), 0.0017090 secs] [Times: user=0.02 sys=0.00, real=0.00 secs] 
64.481: Total time for which application threads were stopped: 0.0021520 seconds, Stopping threads took: 0.0003730 seconds
64.489: Application time: 0.0083580 seconds
64.490: [GC64.490: [ParNew: 34943K->3570K(37568K), 0.0022360 secs] 160471K->129811K(806156K), 0.0022770 secs] [Times: user=0.02 sys=0.00, real=0.00 secs] 
64.492: Total time for which application threads were stopped: 0.0030580 seconds, Stopping threads took: 0.0006960 seconds
64.499: Application time: 0.0070750 seconds
64.500: [GC64.500: [ParNew: 36364K->2146K(37568K), 0.0021570 secs] 162604K->130525K(806156K), 0.0021970 secs] [Times: user=0.01 sys=0.00, real=0.00 secs] 
64.502: Total time for which application threads were stopped: 0.0023440 seconds, Stopping threads took: 0.0000730 seconds
64.510: Application time: 0.0080830 seconds
64.510: [GC64.510: [ParNew: 34945K->2151K(37568K), 0.0014770 secs] 163324K->130531K(806156K), 0.0015130 secs] [Times: user=0.01 sys=0.00, real=0.00 secs] 
64.512: Total time for which application threads were stopped: 0.0016750 seconds, Stopping threads took: 0.0000910 seconds
64.534: Application time: 0.0223400 seconds
64.534: [GC64.534: [ParNew: 34948K->3570K(37568K), 0.0026410 secs] 163328K->135513K(806156K), 0.0026880 secs] [Times: user=0.02 sys=0.00, real=0.01 secs] 
64.537: Total time for which application threads were stopped: 0.0028460 seconds, Stopping threads took: 0.0000920 seconds
64.674: Application time: 0.1369760 seconds
64.674: [GC64.674: [ParNew: 36362K->3562K(37568K), 0.0052480 secs] 168305K->148331K(806156K), 0.0052900 secs] [Times: user=0.04 sys=0.00, real=0.01 secs] 
64.679: Total time for which application threads were stopped: 0.0054290 seconds, Stopping threads took: 0.0000670 seconds
64.836: Application time: 0.1565710 seconds
64.836: [GC64.836: [ParNew: 36354K->3564K(37568K), 0.0054950 secs] 181123K->161159K(806156K), 0.0055340 secs] [Times: user=0.04 sys=0.00, real=0.00 secs] 
64.841: Total time for which application threads were stopped: 0.0056740 seconds, Stopping threads took: 0.0000660 seconds
64.995: Application time: 0.1538110 seconds
64.995: [GC64.995: [ParNew: 36373K->3576K(37568K), 0.0050310 secs] 193967K->173284K(806156K), 0.0050750 secs] [Times: user=0.04 sys=0.00, real=0.00 secs] 
65.000: Total time for which application threads were stopped: 0.0052150 seconds, Stopping threads took: 0.0000740 seconds
65.137: Application time: 0.1364100 seconds
65.137: [GC65.137: [ParNew: 36376K->3568K(37568K), 0.0055230 secs] 206084K->186815K(806156K), 0.0055670 secs] [Times: user=0.05 sys=0.00, real=0.00 secs] 
65.142: Total time for which application threads were stopped: 0.0056970 seconds, Stopping threads took: 0.0000610 seconds
65.298: Application time: 0.1559870 seconds
65.299: [GC65.299: [ParNew: 36360K->3564K(37568K), 0.0050830 secs] 219607K->198925K(806156K), 0.0051240 secs] [Times: user=0.04 sys=0.00, real=0.01 secs] 
65.304: Total time for which application threads were stopped: 0.0052560 seconds, Stopping threads took: 0.0000660 seconds
65.439: Application time: 0.1350740 seconds
65.439: [GC65.439: [ParNew: 36377K->3576K(37568K), 0.0052640 secs] 231738K->211762K(806156K), 0.0053060 secs] [Times: user=0.04 sys=0.00, real=0.01 secs] 
65.444: Total time for which application threads were stopped: 0.0054460 seconds, Stopping threads took: 0.0000600 seconds
65.579: Application time: 0.1351290 seconds
65.580: [GC65.580: [ParNew: 36385K->3572K(37568K), 0.0056850 secs] 244571K->226011K(806156K), 0.0057280 secs] [Times: user=0.04 sys=0.00, real=0.01 secs] 
65.585: Total time for which application threads were stopped: 0.0058800 seconds, Stopping threads took: 0.0000800 seconds
65.731: Application time: 0.1457040 seconds
65.731: [GC65.731: [ParNew: 36364K->3564K(37568K), 0.0051170 secs] 258803K->238117K(806156K), 0.0051550 secs] [Times: user=0.04 sys=0.00, real=0.01 secs] 
65.736: Total time for which application threads were stopped: 0.0053210 seconds, Stopping threads took: 0.0001000 seconds
65.872: Application time: 0.1361300 seconds
65.873: [GC65.873: [ParNew: 36373K->3574K(37568K), 0.0054030 secs] 270926K->250953K(806156K), 0.0054550 secs] [Times: user=0.04 sys=0.00, real=0.01 secs] 
65.878: Total time for which application threads were stopped: 0.0056180 seconds, Stopping threads took: 0.0000890 seconds
66.018: Application time: 0.1395020 seconds
66.018: [GC66.018: [ParNew: 36375K->3572K(37568K), 0.0053480 secs] 283753K->263778K(806156K), 0.0053970 secs] [Times: user=0.04 sys=0.00, real=0.01 secs] 
66.023: Total time for which application threads were stopped: 0.0055640 seconds, Stopping threads took: 0.0000850 seconds
66.159: Application time: 0.1354010 seconds
66.159: [GC66.159: [ParNew: 36365K->3562K(37568K), 0.0054760 secs] 296570K->276594K(806156K), 0.0055190 secs] [Times: user=0.04 sys=0.00, real=0.01 secs] 
66.164: Total time for which application threads were stopped: 0.0056530 seconds, Stopping threads took: 0.0000620 seconds
66.276: Application time: 0.1120710 seconds
66.276: [GC66.276: [ParNew: 36355K->3564K(37568K), 0.0051700 secs] 309387K->288710K(806156K), 0.0052140 secs] [Times: user=0.04 sys=0.00, real=0.00 secs] 
66.282: Total time for which application threads were stopped: 0.0053610 seconds, Stopping threads took: 0.0000730 seconds
66.404: Application time: 0.1225820 seconds
66.404: [GC66.404: [ParNew: 36375K->3570K(37568K), 0.0054920 secs] 321520K->302254K(806156K), 0.0055370 secs] [Times: user=0.04 sys=0.00, real=0.00 secs] 
66.410: Total time for which application threads were stopped: 0.0057190 seconds, Stopping threads took: 0.0001070 seconds
66.519: Application time: 0.1089900 seconds
66.519: [GC66.519: [ParNew: 36389K->3578K(37568K), 0.0056700 secs] 335073K->316515K(806156K), 0.0057180 secs] [Times: user=0.05 sys=0.00, real=0.01 secs] 
66.525: Total time for which application threads were stopped: 0.0059380 seconds, Stopping threads took: 0.0001240 seconds
66.631: Application time: 0.1062630 seconds
66.631: [GC66.631: [ParNew: 36372K->3562K(37568K), 0.0052440 secs] 349308K->328615K(806156K), 0.0052900 secs] [Times: user=0.04 sys=0.00, real=0.01 secs] 
66.637: Total time for which application threads were stopped: 0.0054310 seconds, Stopping threads took: 0.0000670 seconds
66.746: Application time: 0.1096010 seconds
66.746: [GC66.746: [ParNew: 36370K->3574K(37568K), 0.0051890 secs] 361422K->340741K(806156K), 0.0052350 secs] [Times: user=0.04 sys=0.00, real=0.00 secs] 
66.752: Total time for which application threads were stopped: 0.0053900 seconds, Stopping threads took: 0.0000870 seconds
66.859: Application time: 0.1070920 seconds
66.859: [GC66.859: [ParNew: 36369K->3562K(37568K), 0.0051410 secs] 373535K->352844K(806156K), 0.0051840 secs] [Times: user=0.04 sys=0.00, real=0.01 secs] 
66.864: Total time for which application threads were stopped: 0.0053250 seconds, Stopping threads took: 0.0000690 seconds
66.974: Application time: 0.1100840 seconds
66.974: [GC66.974: [ParNew: 36366K->3572K(37568K), 0.0051840 secs] 385648K->364968K(806156K), 0.0052280 secs] [Times: user=0.04 sys=0.00, real=0.01 secs] 
66.980: Total time for which application threads were stopped: 0.0055180 seconds, Stopping threads took: 0.0002170 seconds
67.091: Application time: 0.1111360 seconds
67.091: [GC67.091: [ParNew: 36367K->3562K(37568K), 0.0050460 secs] 397763K->377073K(806156K), 0.0050920 secs] [Times: user=0.04 sys=0.00, real=0.01 secs] 
67.096: Total time for which application threads were stopped: 0.0052450 seconds, Stopping threads took: 0.0000740 seconds
67.208: Application time: 0.1120120 seconds
67.208: [GC67.208: [ParNew: 36357K->3562K(37568K), 0.0051240 secs] 409868K->389187K(806156K), 0.0051660 secs] [Times: user=0.04 sys=0.00, real=0.00 secs] 
67.213: Total time for which application threads were stopped: 0.0052990 seconds, Stopping threads took: 0.0000580 seconds
67.316: Application time: 0.1024580 seconds
67.316: [GC67.316: [ParNew: 36373K->3568K(37568K), 0.0053300 secs] 421997K->402020K(806156K), 0.0053760 secs] [Times: user=0.04 sys=0.00, real=0.00 secs] 
67.321: Total time for which application threads were stopped: 0.0055210 seconds, Stopping threads took: 0.0000710 seconds
67.437: Application time: 0.1155280 seconds
67.437: [GC67.437: [ParNew: 36383K->3574K(37568K), 0.0051490 secs] 434834K->414141K(806156K), 0.0052040 secs] [Times: user=0.04 sys=0.00, real=0.00 secs] 
67.442: Total time for which application threads were stopped: 0.0053590 seconds, Stopping threads took: 0.0000820 seconds
67.540: Application time: 0.0976960 seconds
67.540: [GC67.540: [ParNew: 36369K->3562K(37568K), 0.0050820 secs] 446936K->426245K(806156K), 0.0051260 secs] [Times: user=0.04 sys=0.00, real=0.01 secs] 
67.545: Total time for which application threads were stopped: 0.0052870 seconds, Stopping threads took: 0.0000940 seconds
67.661: Application time: 0.1162760 seconds
67.662: [GC67.662: [ParNew: 36390K->3606K(37568K), 0.0049840 secs] 459073K->438403K(806156K), 0.0050220 secs] [Times: user=0.04 sys=0.00, real=0.01 secs] 
67.667: Total time for which application threads were stopped: 0.0051730 seconds, Stopping threads took: 0.0000710 seconds
67.681: Application time: 0.0148170 seconds
67.682: [GC67.682: [ParNew: 36395K->3566K(37568K), 0.0031210 secs] 471191K->442667K(806156K), 0.0031650 secs] [Times: user=0.03 sys=0.00, real=0.01 secs] 
67.685: Total time for which application threads were stopped: 0.0033120 seconds, Stopping threads took: 0.0000720 seconds
67.695: Application time: 0.0104590 seconds
67.695: [GC67.695: [ParNew: 36970K->3614K(37568K), 0.0028740 secs] 476070K->446277K(806156K), 0.0029150 secs] [Times: user=0.02 sys=0.00, real=0.00 secs] 
67.698: Total time for which application threads were stopped: 0.0030520 seconds, Stopping threads took: 0.0000670 seconds
67.708: Application time: 0.0102410 seconds
67.709: [GC67.709: [ParNew: 36531K->3570K(37568K), 0.0026810 secs] 479194K->449113K(806156K), 0.0027270 secs] [Times: user=0.02 sys=0.00, real=0.00 secs] 
67.712: Total time for which application threads were stopped: 0.0036000 seconds, Stopping threads took: 0.0007950 seconds
67.721: Application time: 0.0085720 seconds
67.721: [GC67.722: [ParNew: 36363K->3569K(37568K), 0.0026580 secs] 481906K->451963K(806156K), 0.0027010 secs] [Times: user=0.02 sys=0.00, real=0.01 secs] 
67.724: Total time for which application threads were stopped: 0.0035690 seconds, Stopping threads took: 0.0007940 seconds
67.732: Application time: 0.0074830 seconds
67.732: [GC67.732: [ParNew: 36357K->2856K(37568K), 0.0023910 secs] 484751K->453388K(806156K), 0.0024290 secs] [Times: user=0.02 sys=0.00, real=0.00 secs] 
67.734: Total time for which application threads were stopped: 0.0026400 seconds, Stopping threads took: 0.0001380 seconds
67.746: Application time: 0.0117760 seconds
67.746: [GC67.746: [ParNew: 35652K->3578K(37568K), 0.0019080 secs] 486185K->454111K(806156K), 0.0019480 secs] [Times: user=0.02 sys=0.00, real=0.00 secs] 
67.748: Total time for which application threads were stopped: 0.0021100 seconds, Stopping threads took: 0.0000930 seconds
67.761: Application time: 0.0129100 seconds
67.761: [GC67.761: [ParNew: 36364K->3564K(37568K), 0.0029040 secs] 486897K->457662K(806156K), 0.0029460 secs] [Times: user=0.02 sys=0.00, real=0.01 secs] 
67.764: Total time for which application threads were stopped: 0.0031180 seconds, Stopping threads took: 0.0001010 seconds
67.772: Application time: 0.0079080 seconds
67.772: [GC67.772: [ParNew: 36355K->2147K(37568K), 0.0024080 secs] 490452K->459095K(806156K), 0.0024500 secs] [Times: user=0.01 sys=0.00, real=0.01 secs] 
67.775: Total time for which application threads were stopped: 0.0026290 seconds, Stopping threads took: 0.0000960 seconds
67.857: Application time: 0.0825720 seconds
67.858: [GC67.858: [ParNew: 34984K->3604K(37568K), 0.0056460 secs] 491932K->474091K(806156K), 0.0056930 secs] [Times: user=0.05 sys=0.00, real=0.01 secs] 
67.863: Total time for which application threads were stopped: 0.0058630 seconds, Stopping threads took: 0.0000950 seconds
67.876: Application time: 0.0126630 seconds
67.876: [GC67.876: [ParNew: 36395K->3568K(37568K), 0.0039750 secs] 506881K->481209K(806156K), 0.0040210 secs] [Times: user=0.03 sys=0.00, real=0.00 secs] 
67.880: Total time for which application threads were stopped: 0.0042120 seconds, Stopping threads took: 0.0001100 seconds
67.892: Application time: 0.0114720 seconds
67.892: [GC67.892: [ParNew: 36357K->3572K(37568K), 0.0026110 secs] 513998K->483351K(806156K), 0.0026540 secs] [Times: user=0.02 sys=0.00, real=0.00 secs] 
67.894: Total time for which application threads were stopped: 0.0027950 seconds, Stopping threads took: 0.0000640 seconds
67.908: Application time: 0.0133280 seconds
67.908: [GC67.908: [ParNew: 36364K->1433K(37568K), 0.0021920 secs] 516143K->484062K(806156K), 0.0022320 secs] [Times: user=0.01 sys=0.00, real=0.00 secs] 
67.910: Total time for which application threads were stopped: 0.0023990 seconds, Stopping threads took: 0.0000930 seconds
67.940: Application time: 0.0295160 seconds
67.940: [GC67.940: [ParNew: 34228K->3572K(37568K), 0.0021220 secs] 516857K->487626K(806156K), 0.0021600 secs] [Times: user=0.02 sys=0.00, real=0.00 secs] 
67.942: Total time for which application threads were stopped: 0.0023070 seconds, Stopping threads took: 0.0000790 seconds
68.046: Application time: 0.1044670 seconds
68.047: [GC68.047: [ParNew: 36365K->3562K(37568K), 0.0052820 secs] 520419K->499730K(806156K), 0.0053280 secs] [Times: user=0.04 sys=0.00, real=0.00 secs] 
68.052: Total time for which application threads were stopped: 0.0054800 seconds, Stopping threads took: 0.0000870 seconds
68.184: Application time: 0.1317170 seconds
68.184: [GC68.184: [ParNew: 36355K->3562K(37568K), 0.0051000 secs] 532523K->511843K(806156K), 0.0051450 secs] [Times: user=0.04 sys=0.00, real=0.00 secs] 
68.189: Total time for which application threads were stopped: 0.0052950 seconds, Stopping threads took: 0.0000620 seconds
68.224: Application time: 0.0351220 seconds
68.225: [GC68.225: [ParNew: 36384K->3600K(37568K), 0.0034720 secs] 544665K->517582K(806156K), 0.0035190 secs] [Times: user=0.02 sys=0.00, real=0.00 secs] 
68.228: Total time for which application threads were stopped: 0.0043800 seconds, Stopping threads took: 0.0007860 seconds
68.240: Application time: 0.0110930 seconds
68.240: [GC68.240: [ParNew: 36390K->3566K(37568K), 0.0033950 secs] 550372K->522564K(806156K), 0.0034380 secs] [Times: user=0.03 sys=0.00, real=0.01 secs] 
68.243: Total time for which application threads were stopped: 0.0035860 seconds, Stopping threads took: 0.0000720 seconds
68.259: Application time: 0.0162700 seconds
68.260: [GC68.260: [ParNew: 36356K->1435K(37568K), 0.0019960 secs] 555353K->522570K(806156K), 0.0020350 secs] [Times: user=0.01 sys=0.00, real=0.00 secs] 
68.262: Total time for which application threads were stopped: 0.0022010 seconds, Stopping threads took: 0.0000940 seconds
68.282: Application time: 0.0205430 seconds
68.283: [GC68.283: [ParNew: 34231K->3570K(37568K), 0.0032540 secs] 555367K->529693K(806156K), 0.0032980 secs] [Times: user=0.03 sys=0.00, real=0.00 secs] 
68.286: Total time for which application threads were stopped: 0.0040810 seconds, Stopping threads took: 0.0007060 seconds
68.306: Application time: 0.0197080 seconds
68.306: [GC68.306: [ParNew: 36399K->3604K(37568K), 0.0037470 secs] 562522K->536140K(806156K), 0.0037890 secs] [Times: user=0.03 sys=0.00, real=0.00 secs] 
68.310: Total time for which application threads were stopped: 0.0039640 seconds, Stopping threads took: 0.0001000 seconds
68.322: Application time: 0.0124430 seconds
68.322: [GC68.322: [ParNew: 36390K->3570K(37568K), 0.0028550 secs] 568926K->538986K(806156K), 0.0028980 secs] [Times: user=0.03 sys=0.00, real=0.01 secs] 
68.325: Total time for which application threads were stopped: 0.0030590 seconds, Stopping threads took: 0.0000870 seconds
68.340: Application time: 0.0145850 seconds
68.340: [GC68.340: [ParNew: 36358K->1431K(37568K), 0.0020610 secs] 571773K->538984K(806156K), 0.0020980 secs] [Times: user=0.01 sys=0.00, real=0.00 secs] 
68.342: Total time for which application threads were stopped: 0.0022480 seconds, Stopping threads took: 0.0000780 seconds
68.353: Application time: 0.0104590 seconds
68.353: [GC68.353: [ParNew: 34670K->2185K(37568K), 0.0016390 secs] 572223K->539737K(806156K), 0.0016720 secs] [Times: user=0.01 sys=0.00, real=0.00 secs] 
68.355: Total time for which application threads were stopped: 0.0018260 seconds, Stopping threads took: 0.0000860 seconds
68.370: Application time: 0.0151620 seconds
68.370: [GC68.370: [ParNew: 35282K->3606K(37568K), 0.0028520 secs] 572834K->544722K(806156K), 0.0028960 secs] [Times: user=0.02 sys=0.00, real=0.00 secs] 
68.373: Total time for which application threads were stopped: 0.0030740 seconds, Stopping threads took: 0.0001020 seconds
68.384: Application time: 0.0116480 seconds
68.385: [GC68.385: [ParNew: 36858K->3611K(37568K), 0.0036880 secs] 577973K->550456K(806156K), 0.0037320 secs] [Times: user=0.03 sys=0.00, real=0.00 secs] 
68.388: Total time for which application threads were stopped: 0.0038770 seconds, Stopping threads took: 0.0000680 seconds
68.399: Application time: 0.0110780 seconds
68.400: [GC68.400: [ParNew: 36688K->2864K(37568K), 0.0023850 secs] 583533K->551875K(806156K), 0.0024280 secs] [Times: user=0.01 sys=0.00, real=0.00 secs] 
68.402: Total time for which application threads were stopped: 0.0029030 seconds, Stopping threads took: 0.0004020 seconds
68.411: Application time: 0.0087890 seconds
68.411: [GC68.411: [ParNew: 35646K->1427K(37568K), 0.0016530 secs] 584657K->551865K(806156K), 0.0016920 secs] [Times: user=0.02 sys=0.00, real=0.00 secs] 
68.413: Total time for which application threads were stopped: 0.0018670 seconds, Stopping threads took: 0.0001020 seconds
68.421: Application time: 0.0079890 seconds
68.421: [GC68.421: [ParNew: 34225K->3577K(37568K), 0.0019400 secs] 584663K->554015K(806156K), 0.0019800 secs] [Times: user=0.02 sys=0.00, real=0.01 secs] 
68.423: Total time for which application threads were stopped: 0.0021750 seconds, Stopping threads took: 0.0001210 seconds
68.430: Application time: 0.0067400 seconds
68.430: [GC68.430: [ParNew: 36360K->3564K(37568K), 0.0023710 secs] 586798K->555429K(806156K), 0.0024140 secs] [Times: user=0.02 sys=0.00, real=0.00 secs] 
68.433: Total time for which application threads were stopped: 0.0026990 seconds, Stopping threads took: 0.0002080 seconds
68.446: Application time: 0.0132420 seconds
68.446: [GC68.446: [ParNew: 36363K->3574K(37568K), 0.0026700 secs] 588228K->557577K(806156K), 0.0027110 secs] [Times: user=0.02 sys=0.00, real=0.00 secs] 
68.449: Total time for which application threads were stopped: 0.0028670 seconds, Stopping threads took: 0.0000780 seconds
68.458: Application time: 0.0095040 seconds
68.458: [GC68.458: [ParNew: 36370K->3566K(37568K), 0.0033470 secs] 590373K->562558K(806156K), 0.0033940 secs] [Times: user=0.03 sys=0.00, real=0.00 secs] 
68.462: Total time for which application threads were stopped: 0.0035470 seconds, Stopping threads took: 0.0000750 seconds
68.482: Application time: 0.0203820 seconds
68.482: [GC68.482: [ParNew: 36395K->3600K(37568K), 0.0040150 secs] 595387K->569717K(806156K), 0.0040590 secs] [Times: user=0.03 sys=0.00, real=0.01 secs] 
68.486: Total time for which application threads were stopped: 0.0042060 seconds, Stopping threads took: 0.0000720 seconds
68.500: Application time: 0.0139130 seconds
68.500: [GC68.500: [ParNew: 36384K->2143K(37568K), 0.0024130 secs] 602501K->571139K(806156K), 0.0024550 secs] [Times: user=0.02 sys=0.00, real=0.01 secs] 
68.503: Total time for which application threads were stopped: 0.0026370 seconds, Stopping threads took: 0.0001080 seconds
68.517: Application time: 0.0139950 seconds
68.517: [GC68.517: [ParNew: 34931K->1433K(37568K), 0.0013120 secs] 603927K->570429K(806156K), 0.0013470 secs] [Times: user=0.01 sys=0.00, real=0.00 secs] 
68.518: Total time for which application threads were stopped: 0.0015000 seconds, Stopping threads took: 0.0000810 seconds
68.529: Application time: 0.0101920 seconds
68.529: [GC68.529: [ParNew: 34229K->3574K(37568K), 0.0028020 secs] 603225K->575421K(806156K), 0.0028430 secs] [Times: user=0.02 sys=0.00, real=0.00 secs] 
68.532: Total time for which application threads were stopped: 0.0030230 seconds, Stopping threads took: 0.0001050 seconds
68.606: Application time: 0.0746130 seconds
68.606: [GC68.606: [ParNew: 36376K->3572K(37568K), 0.0045310 secs] 608223K->586107K(806156K), 0.0045800 secs] [Times: user=0.03 sys=0.00, real=0.00 secs] 
68.611: Total time for which application threads were stopped: 0.0047150 seconds, Stopping threads took: 0.0000700 seconds
68.722: Application time: 0.1107620 seconds
68.722: [GC68.722: [ParNew: 36364K->3562K(37568K), 0.0051150 secs] 618898K->598210K(806156K), 0.0051580 secs] [Times: user=0.04 sys=0.01, real=0.01 secs] 
68.727: Total time for which application threads were stopped: 0.0053020 seconds, Stopping threads took: 0.0000590 seconds
68.882: Application time: 0.1553470 seconds
68.882: [GC68.882: [ParNew: 36371K->3578K(37568K), 0.0056590 secs] 631019K->612477K(806156K), 0.0057030 secs] [Times: user=0.05 sys=0.00, real=0.01 secs] 
68.888: Total time for which application threads were stopped: 0.0058360 seconds, Stopping threads took: 0.0000610 seconds
69.037: Application time: 0.1489740 seconds
69.037: [GC69.037: [ParNew: 36379K->3570K(37568K), 0.0053070 secs] 645277K->625296K(806156K), 0.0053490 secs] [Times: user=0.03 sys=0.00, real=0.00 secs] 
69.043: Total time for which application threads were stopped: 0.0054910 seconds, Stopping threads took: 0.0000690 seconds
69.177: Application time: 0.1339070 seconds
69.177: [GC69.177: [ParNew: 36362K->3562K(37568K), 0.0050530 secs] 658087K->637401K(806156K), 0.0050960 secs] [Times: user=0.03 sys=0.00, real=0.00 secs] 
69.182: Total time for which application threads were stopped: 0.0052380 seconds, Stopping threads took: 0.0000710 seconds
69.336: Application time: 0.1546660 seconds
69.337: [GC69.337: [ParNew: 36369K->3578K(37568K), 0.0054820 secs] 670208K->650955K(806156K), 0.0055260 secs] [Times: user=0.04 sys=0.00, real=0.00 secs] 
69.342: Total time for which application threads were stopped: 0.0057010 seconds, Stopping threads took: 0.0000910 seconds
69.485: Application time: 0.1428960 seconds
69.485: [GC69.485: [ParNew: 36383K->3572K(37568K), 0.0051690 secs] 683760K->663063K(806156K), 0.0052110 secs] [Times: user=0.04 sys=0.00, real=0.00 secs] 
69.490: Total time for which application threads were stopped: 0.0053570 seconds, Stopping threads took: 0.0000720 seconds
69.629: Application time: 0.1383040 seconds
69.629: [GC69.629: [ParNew: 36372K->3572K(37568K), 0.0053080 secs] 695864K->675890K(806156K), 0.0053490 secs] [Times: user=0.04 sys=0.00, real=0.00 secs] 
69.634: Total time for which application threads were stopped: 0.0055100 seconds, Stopping threads took: 0.0000880 seconds
69.789: Application time: 0.1550820 seconds
69.789: [GC69.789: [ParNew: 36381K->3576K(37568K), 0.0046840 secs] 708700K->686583K(806156K), 0.0047280 secs] [Times: user=0.04 sys=0.00, real=0.00 secs] 
69.794: Total time for which application threads were stopped: 0.0048690 seconds, Stopping threads took: 0.0000650 seconds
69.907: Application time: 0.1127940 seconds
69.907: [GC69.907: [ParNew: 36377K->3570K(37568K), 0.0052980 secs] 719384K->699404K(806156K), 0.0053410 secs] [Times: user=0.04 sys=0.00, real=0.00 secs] 
69.912: Total time for which application threads were stopped: 0.0054870 seconds, Stopping threads took: 0.0000670 seconds
70.039: Application time: 0.1261000 seconds
70.039: [GC70.039: [ParNew: 36363K->3562K(37568K), 0.0054970 secs] 732197K->712223K(806156K), 0.0055410 secs] [Times: user=0.04 sys=0.00, real=0.01 secs] 
70.044: Total time for which application threads were stopped: 0.0057090 seconds, Stopping threads took: 0.0000950 seconds
70.044: Application time: 0.0000560 seconds
70.044: [GC [1 CMS-initial-mark: 708660K(768588K)] 712935K(806156K), 0.0001390 secs] [Times: user=0.00 sys=0.00, real=0.00 secs] 
70.045: Total time for which application threads were stopped: 0.0002950 seconds, Stopping threads took: 0.0001320 seconds
70.045: [CMS-concurrent-mark-start]
70.050: [CMS-concurrent-mark: 0.005/0.005 secs] [Times: user=0.02 sys=0.00, real=0.00 secs] 
70.050: [CMS-concurrent-preclean-start]
70.051: [CMS-concurrent-preclean: 0.001/0.001 secs] [Times: user=0.02 sys=0.00, real=0.00 secs] 
70.051: [CMS-concurrent-abortable-preclean-start]
70.199: Application time: 0.1546450 seconds
70.200: [GC70.200: [ParNew: 36355K->3562K(37568K), 0.0045870 secs] 745015K->722911K(806156K), 0.0046280 secs] [Times: user=0.04 sys=0.00, real=0.01 secs] 
70.204: Total time for which application threads were stopped: 0.0050020 seconds, Stopping threads took: 0.0003070 seconds
70.204: [CMS-concurrent-abortable-preclean: 0.002/0.153 secs] [Times: user=1.22 sys=0.00, real=0.16 secs] 
70.207: Application time: 0.0025470 seconds
70.207: [GC[YG occupancy: 6416 K (37568 K)]70.207: [Rescan (parallel) , 0.0003170 secs]70.208: [weak refs processing, 0.0000060 secs]70.208: [scrub string table, 0.0001200 secs] [1 CMS-remark: 719348K(768588K)] 725765K(806156K), 0.0004650 secs] [Times: user=0.01 sys=0.00, real=0.00 secs] 
70.208: Total time for which application threads were stopped: 0.0009930 seconds, Stopping threads took: 0.0005010 seconds
70.208: [CMS-concurrent-sweep-start]
70.210: [CMS-concurrent-sweep: 0.002/0.002 secs] [Times: user=0.00 sys=0.00, real=0.00 secs] 
70.210: [CMS-concurrent-reset-start]
70.211: [CMS-concurrent-reset: 0.002/0.002 secs] [Times: user=0.02 sys=0.00, real=0.00 secs] 
70.319: Application time: 0.1115640 seconds
70.320: [GC70.320: [ParNew: 36372K->3572K(37568K), 0.0053970 secs] 72647K->53386K(806156K), 0.0054380 secs] [Times: user=0.05 sys=0.00, real=0.01 secs] 
70.325: Total time for which application threads were stopped: 0.0055990 seconds, Stopping threads took: 0.0000940 seconds
70.437: Application time: 0.1121100 seconds
70.437: [GC70.437: [ParNew: 36374K->3570K(37568K), 0.0050650 secs] 86188K->65499K(806156K), 0.0051080 secs] [Times: user=0.04 sys=0.00, real=0.00 secs] 
70.442: Total time for which application threads were stopped: 0.0052490 seconds, Stopping threads took: 0.0000610 seconds
70.535: Application time: 0.0923350 seconds
70.535: [GC70.535: [ParNew: 36381K->3572K(37568K), 0.0056400 secs] 98310K->79040K(806156K), 0.0056830 secs] [Times: user=0.04 sys=0.00, real=0.00 secs] 
70.541: Total time for which application threads were stopped: 0.0058330 seconds, Stopping threads took: 0.0000720 seconds
70.674: Application time: 0.1331210 seconds
70.674: [GC70.674: [ParNew: 36373K->3568K(37568K), 0.0050150 secs] 111841K->91152K(806156K), 0.0050600 secs] [Times: user=0.03 sys=0.01, real=0.01 secs] 
70.679: Total time for which application threads were stopped: 0.0052210 seconds, Stopping threads took: 0.0000900 seconds
70.762: Application time: 0.0827680 seconds
70.762: [GC70.762: [ParNew: 36376K->3572K(37568K), 0.0054290 secs] 123959K->103983K(806156K), 0.0054710 secs] [Times: user=0.04 sys=0.00, real=0.01 secs] 
70.767: Total time for which application threads were stopped: 0.0056370 seconds, Stopping threads took: 0.0000930 seconds
70.892: Application time: 0.1251910 seconds
70.893: [GC70.893: [ParNew: 36367K->3564K(37568K), 0.0050130 secs] 136778K->116091K(806156K), 0.0050580 secs] [Times: user=0.04 sys=0.00, real=0.01 secs] 
70.898: Total time for which application threads were stopped: 0.0052160 seconds, Stopping threads took: 0.0000850 seconds
70.996: Application time: 0.0983210 seconds
70.996: [GC70.996: [ParNew: 36359K->3562K(37568K), 0.0053140 secs] 148886K->128915K(806156K), 0.0053560 secs] [Times: user=0.04 sys=0.00, real=0.00 secs] 
71.002: Total time for which application threads were stopped: 0.0055260 seconds, Stopping threads took: 0.0000850 seconds
71.104: Application time: 0.1026080 seconds
71.104: [GC71.104: [ParNew: 36357K->3564K(37568K), 0.0051210 secs] 161710K->141031K(806156K), 0.0051680 secs] [Times: user=0.04 sys=0.00, real=0.00 secs] 
71.109: Total time for which application threads were stopped: 0.0053240 seconds, Stopping threads took: 0.0000860 seconds
71.229: Application time: 0.1194280 seconds
71.229: [GC71.229: [ParNew: 36372K->3575K(37568K), 0.0069300 secs] 173839K->153868K(806156K), 0.0069740 secs] [Times: user=0.04 sys=0.00, real=0.01 secs] 
71.236: Total time for which application threads were stopped: 0.0071090 seconds, Stopping threads took: 0.0000610 seconds
71.338: Application time: 0.1016850 seconds
71.338: [GC71.338: [ParNew: 36376K->3570K(37568K), 0.0051660 secs] 186669K->165979K(806156K), 0.0052190 secs] [Times: user=0.03 sys=0.00, real=0.01 secs] 
71.343: Total time for which application threads were stopped: 0.0053620 seconds, Stopping threads took: 0.0000680 seconds
71.455: Application time: 0.1116210 seconds
71.455: [GC71.455: [ParNew: 36378K->3574K(37568K), 0.0054000 secs] 198787K->178810K(806156K), 0.0054440 secs] [Times: user=0.05 sys=0.00, real=0.00 secs] 
71.460: Total time for which application threads were stopped: 0.0055940 seconds, Stopping threads took: 0.0000790 seconds
71.556: Application time: 0.0952490 seconds
71.556: [GC71.556: [ParNew: 36369K->3564K(37568K), 0.0051420 secs] 211605K->190916K(806156K), 0.0051880 secs] [Times: user=0.04 sys=0.00, real=0.00 secs] 
71.561: Total time for which application threads were stopped: 0.0053550 seconds, Stopping threads took: 0.0000850 seconds
71.624: Application time: 0.0632860 seconds
71.624: [GC71.624: [ParNew: 36386K->3602K(37568K), 0.0042300 secs] 223737K->198792K(806156K), 0.0042720 secs] [Times: user=0.03 sys=0.00, real=0.00 secs] 
71.629: Total time for which application threads were stopped: 0.0044220 seconds, Stopping threads took: 0.0000760 seconds
71.638: Application time: 0.0095030 seconds
71.638: [GC71.638: [ParNew: 36395K->3568K(37568K), 0.0037900 secs] 231584K->205199K(806156K), 0.0038330 secs] [Times: user=0.03 sys=0.00, real=0.00 secs] 
71.642: Total time for which application threads were stopped: 0.0039850 seconds, Stopping threads took: 0.0000760 seconds
71.656: Application time: 0.0135640 seconds
71.656: [GC71.656: [ParNew: 36394K->3605K(37568K), 0.0030960 secs] 238025K->209511K(806156K), 0.0031390 secs] [Times: user=0.02 sys=0.00, real=0.00 secs] 
71.659: Total time for which application threads were stopped: 0.0033640 seconds, Stopping threads took: 0.0001530 seconds
71.668: Application time: 0.0092200 seconds
71.669: [GC71.669: [ParNew: 36398K->3568K(37568K), 0.0026240 secs] 242304K->212355K(806156K), 0.0026680 secs] [Times: user=0.02 sys=0.00, real=0.00 secs] 
71.672: Total time for which application threads were stopped: 0.0034250 seconds, Stopping threads took: 0.0006850 seconds
71.679: Application time: 0.0073170 seconds
71.680: [GC71.680: [ParNew: 36926K->2181K(37568K), 0.0018890 secs] 245713K->212393K(806156K), 0.0019280 secs] [Times: user=0.01 sys=0.00, real=0.00 secs] 
71.682: Total time for which application threads were stopped: 0.0026300 seconds, Stopping threads took: 0.0006310 seconds
71.689: Application time: 0.0074230 seconds
71.689: [GC71.689: [ParNew: 35149K->3574K(37568K), 0.0022180 secs] 245361K->215240K(806156K), 0.0022580 secs] [Times: user=0.02 sys=0.00, real=0.00 secs] 
71.691: Total time for which application threads were stopped: 0.0024310 seconds, Stopping threads took: 0.0001000 seconds
71.700: Application time: 0.0089050 seconds
71.701: [GC71.701: [ParNew: 36362K->2149K(37568K), 0.0019130 secs] 248028K->215242K(806156K), 0.0019510 secs] [Times: user=0.01 sys=0.00, real=0.00 secs] 
71.703: Total time for which application threads were stopped: 0.0021560 seconds, Stopping threads took: 0.0001320 seconds
71.712: Application time: 0.0093020 seconds
71.713: [GC71.713: [ParNew: 34939K->3570K(37568K), 0.0025060 secs] 248032K->218802K(806156K), 0.0025500 secs] [Times: user=0.02 sys=0.00, real=0.01 secs] 
71.715: Total time for which application threads were stopped: 0.0033610 seconds, Stopping threads took: 0.0007360 seconds
71.724: Application time: 0.0088480 seconds
71.724: [GC71.724: [ParNew: 36363K->2149K(37568K), 0.0019460 secs] 251594K->218807K(806156K), 0.0019870 secs] [Times: user=0.01 sys=0.00, real=0.00 secs] 
71.726: Total time for which application threads were stopped: 0.0021920 seconds, Stopping threads took: 0.0001310 seconds
71.733: Application time: 0.0071400 seconds
71.734: [GC71.734: [ParNew: 34942K->3570K(37568K), 0.0022390 secs] 251599K->221654K(806156K), 0.0022780 secs] [Times: user=0.02 sys=0.00, real=0.01 secs] 
71.737: Total time for which application threads were stopped: 0.0031460 seconds, Stopping threads took: 0.0007750 seconds
71.747: Application time: 0.0107640 seconds
71.747: [GC71.748: [ParNew: 36365K->3572K(37568K), 0.0036750 secs] 254449K->227357K(806156K), 0.0037270 secs] [Times: user=0.03 sys=0.00, real=0.00 secs] 
71.751: Total time for which application threads were stopped: 0.0039080 seconds, Stopping threads took: 0.0001060 seconds
71.761: Application time: 0.0102360 seconds
71.762: [GC71.762: [ParNew: 36365K->2143K(37568K), 0.0025710 secs] 260149K->228779K(806156K), 0.0026110 secs] [Times: user=0.02 sys=0.00, real=0.01 secs] 
71.764: Total time for which application threads were stopped: 0.0027900 seconds, Stopping threads took: 0.0001040 seconds
71.823: Application time: 0.0584070 seconds
71.823: [GC71.823: [ParNew: 34945K->3570K(37568K), 0.0051180 secs] 261581K->242319K(806156K), 0.0051600 secs] [Times: user=0.04 sys=0.00, real=0.00 secs] 
71.828: Total time for which application threads were stopped: 0.0053090 seconds, Stopping threads took: 0.0000690 seconds
71.971: Application time: 0.1425860 seconds
71.971: [GC71.971: [ParNew: 36363K->3564K(37568K), 0.0052200 secs] 275112K->254427K(806156K), 0.0052600 secs] [Times: user=0.04 sys=0.01, real=0.01 secs] 
71.976: Total time for which application threads were stopped: 0.0054030 seconds, Stopping threads took: 0.0000780 seconds
72.072: Application time: 0.0965060 seconds
72.073: [GC72.073: [ParNew: 36357K->3562K(37568K), 0.0053580 secs] 287220K->267251K(806156K), 0.0054010 secs] [Times: user=0.04 sys=0.00, real=0.01 secs] 
72.078: Total time for which application threads were stopped: 0.0055670 seconds, Stopping threads took: 0.0000850 seconds
72.150: Application time: 0.0724110 seconds
72.151: [GC72.151: [ParNew: 36423K->3632K(37568K), 0.0050400 secs] 300112K->278721K(806156K), 0.0050820 secs] [Times: user=0.04 sys=0.00, real=0.01 secs] 
72.156: Total time for which application threads were stopped: 0.0052810 seconds, Stopping threads took: 0.0001250 seconds
72.165: Application time: 0.0096460 seconds
72.166: [GC72.166: [ParNew: 36416K->3562K(37568K), 0.0031900 secs] 311505K->282985K(806156K), 0.0032310 secs] [Times: user=0.02 sys=0.00, real=0.00 secs] 
72.169: Total time for which application threads were stopped: 0.0034020 seconds, Stopping threads took: 0.0000960 seconds
72.178: Application time: 0.0090040 seconds
72.178: [GC72.178: [ParNew: 36356K->3574K(37568K), 0.0028060 secs] 315779K->285847K(806156K), 0.0028490 secs] [Times: user=0.02 sys=0.00, real=0.00 secs] 
72.181: Total time for which application threads were stopped: 0.0029970 seconds, Stopping threads took: 0.0000740 seconds
72.189: Application time: 0.0083170 seconds
72.189: [GC72.189: [ParNew: 36364K->2862K(37568K), 0.0016040 secs] 318637K->285847K(806156K), 0.0016380 secs] [Times: user=0.01 sys=0.00, real=0.00 secs] 
72.191: Total time for which application threads were stopped: 0.0018570 seconds, Stopping threads took: 0.0001510 seconds
72.200: Application time: 0.0088560 seconds
72.200: [GC72.200: [ParNew: 35654K->3570K(37568K), 0.0022910 secs] 318639K->287982K(806156K), 0.0023330 secs] [Times: user=0.02 sys=0.00, real=0.00 secs] 
72.203: Total time for which application threads were stopped: 0.0027950 seconds, Stopping threads took: 0.0003860 seconds
72.212: Application time: 0.0098010 seconds
72.213: [GC72.213: [ParNew: 36356K->2850K(37568K), 0.0024460 secs] 320768K->289400K(806156K), 0.0024840 secs] [Times: user=0.01 sys=0.00, real=0.01 secs] 
72.215: Total time for which application threads were stopped: 0.0026490 seconds, Stopping threads took: 0.0000930 seconds
72.223: Application time: 0.0074580 seconds
72.223: [GC72.223: [ParNew: 35653K->2860K(37568K), 0.0017960 secs] 322203K->289410K(806156K), 0.0018320 secs] [Times: user=0.01 sys=0.00, real=0.01 secs] 
72.225: Total time for which application threads were stopped: 0.0019570 seconds, Stopping threads took: 0.0000510 seconds
72.232: Application time: 0.0070920 seconds
72.232: [GC72.232: [ParNew: 35645K->3562K(37568K), 0.0027820 secs] 322195K->292252K(806156K), 0.0028320 secs] [Times: user=0.02 sys=0.00, real=0.00 secs] 
72.235: Total time for which application threads were stopped: 0.0031090 seconds, Stopping threads took: 0.0001800 seconds
72.300: Application time: 0.0649860 seconds
72.300: [GC72.300: [ParNew: 36405K->3606K(37568K), 0.0052820 secs] 325095K->304409K(806156K), 0.0053230 secs] [Times: user=0.04 sys=0.00, real=0.01 secs] 
72.305: Total time for which application threads were stopped: 0.0054550 seconds, Stopping threads took: 0.0000610 seconds
72.318: Application time: 0.0131190 seconds
72.318: [GC72.318: [ParNew: 36394K->3570K(37568K), 0.0036600 secs] 337197K->310103K(806156K), 0.0037040 secs] [Times: user=0.03 sys=0.00, real=0.00 secs] 
72.322: Total time for which application threads were stopped: 0.0038950 seconds, Stopping threads took: 0.0001140 seconds
72.334: Application time: 0.0119300 seconds
72.334: [GC72.334: [ParNew: 36361K->3572K(37568K), 0.0030960 secs] 342894K->314381K(806156K), 0.0031390 secs] [Times: user=0.03 sys=0.00, real=0.01 secs] 
72.337: Total time for which application threads were stopped: 0.0033000 seconds, Stopping threads took: 0.0000850 seconds
72.350: Application time: 0.0123980 seconds
72.350: [GC72.350: [ParNew: 36364K->3566K(37568K), 0.0030880 secs] 347172K->317938K(806156K), 0.0031290 secs] [Times: user=0.02 sys=0.00, real=0.00 secs] 
72.353: Total time for which application threads were stopped: 0.0033050 seconds, Stopping threads took: 0.0001020 seconds
72.362: Application time: 0.0091630 seconds
72.362: [GC72.362: [ParNew: 36362K->3570K(37568K), 0.0026430 secs] 350733K->321504K(806156K), 0.0026840 secs] [Times: user=0.02 sys=0.00, real=0.01 secs] 
72.365: Total time for which application threads were stopped: 0.0028400 seconds, Stopping threads took: 0.0000850 seconds
72.424: Application time: 0.0593270 seconds
72.425: [GC72.425: [ParNew: 36427K->3632K(37568K), 0.0051210 secs] 354361K->332967K(806156K), 0.0051680 secs] [Times: user=0.04 sys=0.00, real=0.00 secs] 
72.431: Total time for which application threads were stopped: 0.0061570 seconds, Stopping threads took: 0.0009110 seconds
72.441: Application time: 0.0098940 seconds
72.441: [GC72.441: [ParNew: 36420K->3568K(37568K), 0.0030040 secs] 365755K->336524K(806156K), 0.0030490 secs] [Times: user=0.03 sys=0.00, real=0.01 secs] 
72.444: Total time for which application threads were stopped: 0.0032750 seconds, Stopping threads took: 0.0001500 seconds
72.452: Application time: 0.0087150 seconds
72.453: [GC72.453: [ParNew: 36358K->3572K(37568K), 0.0033260 secs] 369314K->341516K(806156K), 0.0033680 secs] [Times: user=0.03 sys=0.00, real=0.01 secs] 
72.456: Total time for which application threads were stopped: 0.0035790 seconds, Stopping threads took: 0.0001350 seconds
72.465: Application time: 0.0084890 seconds
72.465: [GC72.465: [ParNew: 36368K->2864K(37568K), 0.0020530 secs] 374313K->342233K(806156K), 0.0020930 secs] [Times: user=0.01 sys=0.00, real=0.00 secs] 
72.467: Total time for which application threads were stopped: 0.0028240 seconds, Stopping threads took: 0.0006600 seconds
72.477: Application time: 0.0093920 seconds
72.477: [GC72.477: [ParNew: 35646K->1425K(37568K), 0.0015480 secs] 375016K->342221K(806156K), 0.0015830 secs] [Times: user=0.01 sys=0.00, real=0.00 secs] 
72.479: Total time for which application threads were stopped: 0.0018920 seconds, Stopping threads took: 0.0002350 seconds
72.488: Application time: 0.0092810 seconds
72.488: [GC72.488: [ParNew: 34221K->2858K(37568K), 0.0016020 secs] 375017K->343654K(806156K), 0.0016400 secs] [Times: user=0.01 sys=0.00, real=0.00 secs] 
72.490: Total time for which application threads were stopped: 0.0017850 seconds, Stopping threads took: 0.0000750 seconds
72.498: Application time: 0.0085120 seconds
72.498: [GC72.498: [ParNew: 35656K->3570K(37568K), 0.0033670 secs] 376452K->349355K(806156K), 0.0034080 secs] [Times: user=0.02 sys=0.00, real=0.00 secs] 
72.502: Total time for which application threads were stopped: 0.0036070 seconds, Stopping threads took: 0.0001220 seconds
72.508: Application time: 0.0065180 seconds
72.509: [GC72.509: [ParNew: 36352K->2850K(37568K), 0.0021460 secs] 382137K->350061K(806156K), 0.0021940 secs] [Times: user=0.02 sys=0.00, real=0.00 secs] 
72.511: Total time for which application threads were stopped: 0.0023790 seconds, Stopping threads took: 0.0001050 seconds
72.645: Application time: 0.1339720 seconds
72.645: [GC72.645: [ParNew: 35659K->3576K(37568K), 0.0053850 secs] 382870K->364325K(806156K), 0.0054270 secs] [Times: user=0.04 sys=0.00, real=0.00 secs] 
72.650: Total time for which application threads were stopped: 0.0055720 seconds, Stopping threads took: 0.0000610 seconds
72.766: Application time: 0.1152170 seconds
72.766: [GC72.766: [ParNew: 36389K->3574K(37568K), 0.0053110 secs] 397138K->377150K(806156K), 0.0053570 secs] [Times: user=0.04 sys=0.00, real=0.00 secs] 
72.771: Total time for which application threads were stopped: 0.0054890 seconds, Stopping threads took: 0.0000640 seconds
72.915: Application time: 0.1442460 seconds
72.915: [GC72.915: [ParNew: 36366K->3562K(37568K), 0.0053120 secs] 409942K->389966K(806156K), 0.0053560 secs] [Times: user=0.05 sys=0.00, real=0.00 secs] 
72.921: Total time for which application threads were stopped: 0.0055030 seconds, Stopping threads took: 0.0000810 seconds
73.078: Application time: 0.1569440 seconds
73.078: [GC73.078: [ParNew: 36354K->3564K(37568K), 0.0050200 secs] 422758K->402081K(806156K), 0.0050610 secs] [Times: user=0.04 sys=0.00, real=0.01 secs] 
73.083: Total time for which application threads were stopped: 0.0051870 seconds, Stopping threads took: 0.0000590 seconds
73.216: Application time: 0.1326530 seconds
73.216: [GC73.216: [ParNew: 36369K->3578K(37568K), 0.0050200 secs] 434885K->414207K(806156K), 0.0050650 secs] [Times: user=0.04 sys=0.00, real=0.00 secs] 
73.221: Total time for which application threads were stopped: 0.0052020 seconds, Stopping threads took: 0.0000570 seconds
73.369: Application time: 0.1483030 seconds
73.369: [GC73.369: [ParNew: 36378K->3568K(37568K), 0.0055510 secs] 447008K->427737K(806156K), 0.0055980 secs] [Times: user=0.04 sys=0.01, real=0.01 secs] 
73.375: Total time for which application threads were stopped: 0.0057270 seconds, Stopping threads took: 0.0000600 seconds
73.523: Application time: 0.1480310 seconds
73.523: [GC73.523: [ParNew: 36373K->3572K(37568K), 0.0053250 secs] 460541K->440567K(806156K), 0.0053670 secs] [Times: user=0.04 sys=0.00, real=0.00 secs] 
73.528: Total time for which application threads were stopped: 0.0054940 seconds, Stopping threads took: 0.0000580 seconds
73.666: Application time: 0.1379380 seconds
73.666: [GC73.666: [ParNew: 36381K->3576K(37568K), 0.0054570 secs] 473376K->453398K(806156K), 0.0055000 secs] [Times: user=0.04 sys=0.00, real=0.00 secs] 
73.672: Total time for which application threads were stopped: 0.0056340 seconds, Stopping threads took: 0.0000670 seconds
73.804: Application time: 0.1320240 seconds
73.804: [GC73.804: [ParNew: 36377K->3570K(37568K), 0.0053650 secs] 486199K->466219K(806156K), 0.0054070 secs] [Times: user=0.04 sys=0.00, real=0.00 secs] 
73.810: Total time for which application threads were stopped: 0.0055570 seconds, Stopping threads took: 0.0000630 seconds
73.950: Application time: 0.1409680 seconds
73.951: [GC73.951: [ParNew: 36362K->3564K(37568K), 0.0049810 secs] 499011K->478327K(806156K), 0.0050270 secs] [Times: user=0.03 sys=0.01, real=0.01 secs] 
73.956: Total time for which application threads were stopped: 0.0051690 seconds, Stopping threads took: 0.0000690 seconds
74.054: Application time: 0.0986690 seconds
74.054: [GC74.054: [ParNew: 36357K->3562K(37568K), 0.0053060 secs] 511120K->491151K(806156K), 0.0053500 secs] [Times: user=0.04 sys=0.00, real=0.01 secs] 
74.060: Total time for which application threads were stopped: 0.0055220 seconds, Stopping threads took: 0.0000990 seconds
74.193: Application time: 0.1330140 seconds
74.193: [GC74.193: [ParNew: 36380K->3574K(37568K), 0.0052720 secs] 523969K->503988K(806156K), 0.0053120 secs] [Times: user=0.04 sys=0.00, real=0.01 secs] 
74.198: Total time for which application threads were stopped: 0.0054900 seconds, Stopping threads took: 0.0001060 seconds
74.337: Application time: 0.1385670 seconds
74.337: [GC74.337: [ParNew: 36367K->3562K(37568K), 0.0051960 secs] 536782K->516092K(806156K), 0.0052510 secs] [Times: user=0.04 sys=0.00, real=0.00 secs] 
74.342: Total time for which application threads were stopped: 0.0053870 seconds, Stopping threads took: 0.0000540 seconds
74.433: Application time: 0.0905290 seconds
74.433: [GC74.433: [ParNew: 36373K->3576K(37568K), 0.0051280 secs] 548904K->528220K(806156K), 0.0051720 secs] [Times: user=0.03 sys=0.00, real=0.01 secs] 
74.438: Total time for which application threads were stopped: 0.0053050 seconds, Stopping threads took: 0.0000600 seconds
74.564: Application time: 0.1257790 seconds
74.564: [GC74.564: [ParNew: 36370K->3562K(37568K), 0.0050650 secs] 561014K->540322K(806156K), 0.0051090 secs] [Times: user=0.04 sys=0.00, real=0.00 secs] 
74.569: Total time for which application threads were stopped: 0.0052460 seconds, Stopping threads took: 0.0000730 seconds
74.665: Application time: 0.0955870 seconds
74.665: [GC74.665: [ParNew: 36378K->3579K(37568K), 0.0053370 secs] 573138K->553164K(806156K), 0.0053820 secs] [Times: user=0.04 sys=0.00, real=0.00 secs] 
74.670: Total time for which application threads were stopped: 0.0055170 seconds, Stopping threads took: 0.0000630 seconds
74.760: Application time: 0.0901810 seconds
74.761: [GC74.761: [ParNew: 36373K->3562K(37568K), 0.0055450 secs] 585959K->565977K(806156K), 0.0055880 secs] [Times: user=0.04 sys=0.00, real=0.01 secs] 
74.766: Total time for which application threads were stopped: 0.0057380 seconds, Stopping threads took: 0.0000780 seconds
74.895: Application time: 0.1285280 seconds
74.895: [GC74.895: [ParNew: 36357K->3566K(37568K), 0.0046570 secs] 598772K->576670K(806156K), 0.0046990 secs] [Times: user=0.03 sys=0.00, real=0.00 secs] 
74.900: Total time for which application threads were stopped: 0.0049380 seconds, Stopping threads took: 0.0001550 seconds
75.002: Application time: 0.1018790 seconds
75.002: [GC75.002: [ParNew: 36361K->3562K(37568K), 0.0051530 secs] 609465K->588780K(806156K), 0.0051970 secs] [Times: user=0.03 sys=0.00, real=0.01 secs] 
75.007: Total time for which application threads were stopped: 0.0053390 seconds, Stopping threads took: 0.0000680 seconds
75.117: Application time: 0.1099710 seconds
75.117: [GC75.117: [ParNew: 36364K->3566K(37568K), 0.0052770 secs] 621581K->600898K(806156K), 0.0053200 secs] [Times: user=0.04 sys=0.00, real=0.00 secs] 
75.122: Total time for which application threads were stopped: 0.0054540 seconds, Stopping threads took: 0.0000670 seconds
75.232: Application time: 0.1100140 seconds
75.233: [GC75.233: [ParNew: 36376K->3574K(37568K), 0.0052670 secs] 633707K->613733K(806156K), 0.0053160 secs] [Times: user=0.04 sys=0.00, real=0.01 secs] 
75.238: Total time for which application threads were stopped: 0.0056580 seconds, Stopping threads took: 0.0002620 seconds
75.347: Application time: 0.1089010 seconds
75.347: [GC75.347: [ParNew: 36376K->3572K(37568K), 0.0050900 secs] 646534K->625847K(806156K), 0.0051340 secs] [Times: user=0.04 sys=0.00, real=0.00 secs] 
75.352: Total time for which application threads were stopped: 0.0052640 seconds, Stopping threads took: 0.0000570 seconds
75.460: Application time: 0.1076730 seconds
75.460: [GC75.460: [ParNew: 36375K->3570K(37568K), 0.0052920 secs] 658649K->638672K(806156K), 0.0053350 secs] [Times: user=0.04 sys=0.00, real=0.01 secs] 
75.465: Total time for which application threads were stopped: 0.0054930 seconds, Stopping threads took: 0.0000710 seconds
75.554: Application time: 0.0890100 seconds
75.554: [GC75.554: [ParNew: 36430K->3634K(37568K), 0.0049450 secs] 671531K->650138K(806156K), 0.0049890 secs] [Times: user=0.04 sys=0.00, real=0.01 secs] 
75.559: Total time for which application threads were stopped: 0.0051370 seconds, Stopping threads took: 0.0000750 seconds
75.571: Application time: 0.0110310 seconds
75.571: [GC75.571: [ParNew: 36416K->3562K(37568K), 0.0030540 secs] 682920K->653687K(806156K), 0.0030960 secs] [Times: user=0.01 sys=0.01, real=0.00 secs] 
75.574: Total time for which application threads were stopped: 0.0032530 seconds, Stopping threads took: 0.0000740 seconds
75.583: Application time: 0.0090720 seconds
75.583: [GC75.583: [ParNew: 36357K->3572K(37568K), 0.0030230 secs] 686481K->657972K(806156K), 0.0030650 secs] [Times: user=0.02 sys=0.00, real=0.00 secs] 
75.586: Total time for which application threads were stopped: 0.0032310 seconds, Stopping threads took: 0.0000910 seconds
75.593: Application time: 0.0073200 seconds
75.594: [GC75.594: [ParNew: 36354K->2143K(37568K), 0.0018760 secs] 690754K->658682K(806156K), 0.0019180 secs] [Times: user=0.02 sys=0.00, real=0.01 secs] 
75.596: Total time for which application threads were stopped: 0.0022140 seconds, Stopping threads took: 0.0002250 seconds
75.604: Application time: 0.0087080 seconds
75.604: [GC75.605: [ParNew: 34889K->3610K(37568K), 0.0033790 secs] 691428K->665136K(806156K), 0.0034230 secs] [Times: user=0.02 sys=0.00, real=0.00 secs] 
75.608: Total time for which application threads were stopped: 0.0036050 seconds, Stopping threads took: 0.0001070 seconds
75.616: Application time: 0.0077270 seconds
75.616: [GC75.616: [ParNew: 36488K->3572K(37568K), 0.0028960 secs] 698014K->668692K(806156K), 0.0029390 secs] [Times: user=0.02 sys=0.00, real=0.00 secs] 
75.619: Total time for which application threads were stopped: 0.0035030 seconds, Stopping threads took: 0.0004890 seconds
75.628: Application time: 0.0084080 seconds
75.631: [GC75.631: [ParNew: 36367K->3570K(37568K), 0.0026150 secs] 701487K->670829K(806156K), 0.0026570 secs] [Times: user=0.02 sys=0.00, real=0.00 secs] 
75.634: Total time for which application threads were stopped: 0.0061170 seconds, Stopping threads took: 0.0033670 seconds
75.641: Application time: 0.0075470 seconds
75.642: [GC75.642: [ParNew: 36356K->2850K(37568K), 0.0020180 secs] 703614K->671535K(806156K), 0.0020600 secs] [Times: user=0.01 sys=0.00, real=0.01 secs] 
75.644: Total time for which application threads were stopped: 0.0030190 seconds, Stopping threads took: 0.0008650 seconds
75.652: Application time: 0.0074390 seconds
75.652: [GC75.652: [ParNew: 35647K->3579K(37568K), 0.0022250 secs] 704331K->673688K(806156K), 0.0022690 secs] [Times: user=0.02 sys=0.00, real=0.00 secs] 
75.654: Total time for which application threads were stopped: 0.0024540 seconds, Stopping threads took: 0.0001110 seconds
75.661: Application time: 0.0070800 seconds
75.661: [GC75.661: [ParNew: 36372K->2864K(37568K), 0.0021310 secs] 706481K->674399K(806156K), 0.0021720 secs] [Times: user=0.01 sys=0.00, real=0.01 secs] 
75.664: Total time for which application threads were stopped: 0.0023780 seconds, Stopping threads took: 0.0001320 seconds
75.674: Application time: 0.0102380 seconds
75.674: [GC75.674: [ParNew: 35662K->3574K(37568K), 0.0027110 secs] 707198K->677248K(806156K), 0.0027530 secs] [Times: user=0.02 sys=0.00, real=0.01 secs] 
75.677: Total time for which application threads were stopped: 0.0029160 seconds, Stopping threads took: 0.0000870 seconds
75.688: Application time: 0.0110220 seconds
75.688: [GC75.688: [ParNew: 36370K->3566K(37568K), 0.0033170 secs] 710044K->681517K(806156K), 0.0033600 secs] [Times: user=0.02 sys=0.00, real=0.00 secs] 
75.691: Total time for which application threads were stopped: 0.0036190 seconds, Stopping threads took: 0.0001760 seconds
75.711: Application time: 0.0191200 seconds
75.711: [GC75.711: [ParNew: 36363K->3570K(37568K), 0.0035440 secs] 714314K->687934K(806156K), 0.0035840 secs] [Times: user=0.03 sys=0.00, real=0.00 secs] 
75.714: Total time for which application threads were stopped: 0.0037280 seconds, Stopping threads took: 0.0000730 seconds
75.714: Application time: 0.0000620 seconds
75.714: [GC [1 CMS-initial-mark: 684363K(768588K)] 688646K(806156K), 0.0001370 secs] [Times: user=0.00 sys=0.00, real=0.00 secs] 
75.715: Total time for which application threads were stopped: 0.0002560 seconds, Stopping threads took: 0.0000950 seconds
75.715: [CMS-concurrent-mark-start]
75.724: [CMS-concurrent-mark: 0.009/0.009 secs] [Times: user=0.06 sys=0.00, real=0.02 secs] 
75.724: [CMS-concurrent-preclean-start]
75.725: [CMS-concurrent-preclean: 0.001/0.001 secs] [Times: user=0.00 sys=0.00, real=0.00 secs] 
75.725: Application time: 0.0107910 seconds
75.725: [GC[YG occupancy: 4997 K (37568 K)]75.725: [Rescan (parallel) , 0.0003270 secs]75.726: [weak refs processing, 0.0000060 secs]75.726: [scrub string table, 0.0001170 secs] [1 CMS-remark: 684363K(768588K)] 689361K(806156K), 0.0004730 secs] [Times: user=0.00 sys=0.00, real=0.00 secs] 
75.726: Total time for which application threads were stopped: 0.0005500 seconds, Stopping threads took: 0.0000490 seconds
75.726: [CMS-concurrent-sweep-start]
75.728: [CMS-concurrent-sweep: 0.001/0.001 secs] [Times: user=0.00 sys=0.00, real=0.00 secs] 
75.728: [CMS-concurrent-reset-start]
75.729: [CMS-concurrent-reset: 0.001/0.001 secs] [Times: user=0.01 sys=0.00, real=0.00 secs] 
75.847: Application time: 0.1214350 seconds
75.848: [GC75.848: [ParNew: 36363K->3562K(37568K), 0.0050880 secs] 59101K->38414K(806156K), 0.0051300 secs] [Times: user=0.04 sys=0.00, real=0.00 secs] 
75.853: Total time for which application threads were stopped: 0.0052690 seconds, Stopping threads took: 0.0000690 seconds
75.991: Application time: 0.1387350 seconds
75.992: [GC75.992: [ParNew: 36355K->3562K(37568K), 0.0050130 secs] 71207K->50527K(806156K), 0.0050570 secs] [Times: user=0.03 sys=0.00, real=0.01 secs] 
75.997: Total time for which application threads were stopped: 0.0051970 seconds, Stopping threads took: 0.0000550 seconds
76.028: Application time: 0.0309160 seconds
76.028: [GC76.028: [ParNew: 36386K->3602K(37568K), 0.0044480 secs] 83351K->59830K(806156K), 0.0044920 secs] [Times: user=0.04 sys=0.00, real=0.00 secs] 
76.032: Total time for which application threads were stopped: 0.0046730 seconds, Stopping threads took: 0.0001080 seconds
76.043: Application time: 0.0106360 seconds
76.043: [GC76.043: [ParNew: 36390K->3570K(37568K), 0.0028540 secs] 92618K->62677K(806156K), 0.0028930 secs] [Times: user=0.02 sys=0.00, real=0.00 secs] 
76.046: Total time for which application threads were stopped: 0.0030440 seconds, Stopping threads took: 0.0000770 seconds
76.062: Application time: 0.0156470 seconds
76.062: [GC76.062: [ParNew: 36359K->1439K(37568K), 0.0019990 secs] 95466K->62683K(806156K), 0.0020380 secs] [Times: user=0.01 sys=0.00, real=0.01 secs] 
76.064: Total time for which application threads were stopped: 0.0022150 seconds, Stopping threads took: 0.0001030 seconds
76.073: Application time: 0.0091610 seconds
76.073: [GC76.073: [ParNew: 34232K->3570K(37568K), 0.0020580 secs] 95476K->65527K(806156K), 0.0021000 secs] [Times: user=0.02 sys=0.00, real=0.01 secs] 
76.075: Total time for which application threads were stopped: 0.0022800 seconds, Stopping threads took: 0.0001030 seconds
76.121: Application time: 0.0461740 seconds
76.121: [GC76.122: [ParNew: 36403K->3604K(37568K), 0.0046010 secs] 98360K->75536K(806156K), 0.0046450 secs] [Times: user=0.03 sys=0.00, real=0.01 secs] 
76.126: Total time for which application threads were stopped: 0.0047830 seconds, Stopping threads took: 0.0000640 seconds
76.139: Application time: 0.0130520 seconds
76.139: [GC76.139: [ParNew: 36390K->3568K(37568K), 0.0027590 secs] 108322K->78380K(806156K), 0.0027990 secs] [Times: user=0.02 sys=0.00, real=0.00 secs] 
76.142: Total time for which application threads were stopped: 0.0029650 seconds, Stopping threads took: 0.0000920 seconds
76.155: Application time: 0.0129070 seconds
76.155: [GC76.155: [ParNew: 36357K->3572K(37568K), 0.0022910 secs] 111169K->80521K(806156K), 0.0023340 secs] [Times: user=0.02 sys=0.00, real=0.00 secs] 
76.158: Total time for which application threads were stopped: 0.0024810 seconds, Stopping threads took: 0.0000720 seconds
76.169: Application time: 0.0110570 seconds
76.169: [GC76.169: [ParNew: 36368K->3570K(37568K), 0.0033490 secs] 113317K->85507K(806156K), 0.0033910 secs] [Times: user=0.02 sys=0.00, real=0.00 secs] 
76.172: Total time for which application threads were stopped: 0.0035410 seconds, Stopping threads took: 0.0000750 seconds
76.199: Application time: 0.0269320 seconds
76.199: [GC76.199: [ParNew: 36394K->3600K(37568K), 0.0032540 secs] 118331K->91237K(806156K), 0.0033040 secs] [Times: user=0.02 sys=0.00, real=0.00 secs] 
76.203: Total time for which application threads were stopped: 0.0034430 seconds, Stopping threads took: 0.0000680 seconds
76.219: Application time: 0.0162110 seconds
76.219: [GC76.219: [ParNew: 36394K->3572K(37568K), 0.0028750 secs] 124032K->94801K(806156K), 0.0029170 secs] [Times: user=0.02 sys=0.00, real=0.00 secs] 
76.222: Total time for which application threads were stopped: 0.0030990 seconds, Stopping threads took: 0.0001090 seconds
76.234: Application time: 0.0126200 seconds
76.235: [GC76.235: [ParNew: 36361K->2145K(37568K), 0.0018520 secs] 127590K->94800K(806156K), 0.0018860 secs] [Times: user=0.01 sys=0.00, real=0.01 secs] 
76.237: Total time for which application threads were stopped: 0.0020450 seconds, Stopping threads took: 0.0000880 seconds
76.249: Application time: 0.0119930 seconds
76.249: [GC76.249: [ParNew: 34938K->3570K(37568K), 0.0028800 secs] 127593K->99788K(806156K), 0.0029210 secs] [Times: user=0.03 sys=0.00, real=0.00 secs] 
76.252: Total time for which application threads were stopped: 0.0030770 seconds, Stopping threads took: 0.0000830 seconds
76.260: Application time: 0.0085970 seconds
76.260: [GC76.260: [ParNew: 36355K->2137K(37568K), 0.0022300 secs] 132573K->101204K(806156K), 0.0022690 secs] [Times: user=0.01 sys=0.00, real=0.00 secs] 
76.263: Total time for which application threads were stopped: 0.0024250 seconds, Stopping threads took: 0.0000840 seconds
76.347: Application time: 0.0843850 seconds
76.347: [GC76.347: [ParNew: 34973K->3602K(37568K), 0.0053630 secs] 134041K->115495K(806156K), 0.0054070 secs] [Times: user=0.04 sys=0.00, real=0.00 secs] 
76.353: Total time for which application threads were stopped: 0.0056000 seconds, Stopping threads took: 0.0001170 seconds
76.365: Application time: 0.0125920 seconds
76.365: [GC76.365: [ParNew: 36388K->2858K(37568K), 0.0028700 secs] 148281K->118342K(806156K), 0.0029120 secs] [Times: user=0.02 sys=0.00, real=0.00 secs] 
76.368: Total time for which application threads were stopped: 0.0030680 seconds, Stopping threads took: 0.0000860 seconds
76.382: Application time: 0.0134270 seconds
76.382: [GC76.382: [ParNew: 35649K->3572K(37568K), 0.0029950 secs] 151134K->122620K(806156K), 0.0030380 secs] [Times: user=0.02 sys=0.00, real=0.01 secs] 
76.385: Total time for which application threads were stopped: 0.0032240 seconds, Stopping threads took: 0.0001120 seconds
76.396: Application time: 0.0107230 seconds
76.396: [GC76.396: [ParNew: 36274K->1474K(37568K), 0.0021380 secs] 155321K->123372K(806156K), 0.0021810 secs] [Times: user=0.02 sys=0.00, real=0.00 secs] 
76.398: Total time for which application threads were stopped: 0.0023250 seconds, Stopping threads took: 0.0000670 seconds
76.408: Application time: 0.0099870 seconds
76.408: [GC76.408: [ParNew: 34394K->3602K(37568K), 0.0026430 secs] 156291K->128350K(806156K), 0.0026860 secs] [Times: user=0.01 sys=0.00, real=0.00 secs] 
76.411: Total time for which application threads were stopped: 0.0028630 seconds, Stopping threads took: 0.0001010 seconds
76.424: Application time: 0.0134890 seconds
76.424: [GC76.424: [ParNew: 36386K->1429K(37568K), 0.0018730 secs] 161134K->128343K(806156K), 0.0019120 secs] [Times: user=0.02 sys=0.00, real=0.00 secs] 
76.426: Total time for which application threads were stopped: 0.0020690 seconds, Stopping threads took: 0.0000820 seconds
76.440: Application time: 0.0138380 seconds
76.440: [GC76.440: [ParNew: 34220K->3572K(37568K), 0.0025160 secs] 161135K->132625K(806156K), 0.0025570 secs] [Times: user=0.01 sys=0.00, real=0.01 secs] 
76.443: Total time for which application threads were stopped: 0.0027070 seconds, Stopping threads took: 0.0000740 seconds
76.454: Application time: 0.0107120 seconds
76.454: [GC76.454: [ParNew: 36366K->3569K(37568K), 0.0028650 secs] 165419K->136184K(806156K), 0.0029100 secs] [Times: user=0.02 sys=0.00, real=0.01 secs] 
76.457: Total time for which application threads were stopped: 0.0030690 seconds, Stopping threads took: 0.0000820 seconds
76.516: Application time: 0.0591070 seconds
76.516: [GC76.516: [ParNew: 36370K->3570K(37568K), 0.0048850 secs] 168985K->147585K(806156K), 0.0049350 secs] [Times: user=0.03 sys=0.00, real=0.00 secs] 
76.521: Total time for which application threads were stopped: 0.0050920 seconds, Stopping threads took: 0.0000800 seconds
76.672: Application time: 0.1510010 seconds
76.672: [GC76.672: [ParNew: 36362K->3562K(37568K), 0.0053930 secs] 180377K->160404K(806156K), 0.0054280 secs] [Times: user=0.04 sys=0.00, real=0.01 secs] 
76.678: Total time for which application threads were stopped: 0.0055460 seconds, Stopping threads took: 0.0000520 seconds
76.825: Application time: 0.1478990 seconds
76.826: [GC76.826: [ParNew: 36379K->3578K(37568K), 0.0055430 secs] 193221K->174670K(806156K), 0.0055860 secs] [Times: user=0.04 sys=0.00, real=0.00 secs] 
76.831: Total time for which application threads were stopped: 0.0057490 seconds, Stopping threads took: 0.0000980 seconds
76.950: Application time: 0.1193320 seconds
76.951: [GC76.951: [ParNew: 36370K->3562K(37568K), 0.0050610 secs] 207462K->186769K(806156K), 0.0051050 secs] [Times: user=0.03 sys=0.01, real=0.01 secs] 
76.956: Total time for which application threads were stopped: 0.0052430 seconds, Stopping threads took: 0.0000650 seconds
77.098: Application time: 0.1422340 seconds
77.098: [GC77.098: [ParNew: 36362K->3570K(37568K), 0.0054720 secs] 219570K->200315K(806156K), 0.0055130 secs] [Times: user=0.04 sys=0.00, real=0.01 secs] 
77.104: Total time for which application threads were stopped: 0.0056620 seconds, Stopping threads took: 0.0000670 seconds
77.251: Application time: 0.1473530 seconds
77.251: [GC77.251: [ParNew: 36377K->3576K(37568K), 0.0052240 secs] 233122K->213147K(806156K), 0.0052660 secs] [Times: user=0.04 sys=0.00, real=0.01 secs] 
77.256: Total time for which application threads were stopped: 0.0053970 seconds, Stopping threads took: 0.0000620 seconds
77.392: Application time: 0.1359070 seconds
77.392: [GC77.392: [ParNew: 36381K->3570K(37568K), 0.0051650 secs] 245952K->225256K(806156K), 0.0052040 secs] [Times: user=0.03 sys=0.00, real=0.01 secs] 
77.398: Total time for which application threads were stopped: 0.0053450 seconds, Stopping threads took: 0.0000720 seconds
77.544: Application time: 0.1461760 seconds
77.544: [GC77.544: [ParNew: 36362K->3562K(37568K), 0.0053440 secs] 258048K->238075K(806156K), 0.0053850 secs] [Times: user=0.04 sys=0.00, real=0.00 secs] 
77.549: Total time for which application threads were stopped: 0.0055610 seconds, Stopping threads took: 0.0001060 seconds
77.690: Application time: 0.1406690 seconds
77.690: [GC77.690: [ParNew: 36380K->3576K(37568K), 0.0056770 secs] 270893K->251627K(806156K), 0.0057190 secs] [Times: user=0.04 sys=0.00, real=0.01 secs] 
77.696: Total time for which application threads were stopped: 0.0058680 seconds, Stopping threads took: 0.0000660 seconds
77.830: Application time: 0.1340460 seconds
77.830: [GC77.830: [ParNew: 36368K->3562K(37568K), 0.0050360 secs] 284419K->263728K(806156K), 0.0050780 secs] [Times: user=0.03 sys=0.00, real=0.01 secs] 
77.835: Total time for which application threads were stopped: 0.0052330 seconds, Stopping threads took: 0.0000870 seconds
77.948: Application time: 0.1129800 seconds
77.948: [GC77.948: [ParNew: 36363K->3568K(37568K), 0.0053800 secs] 296529K->276560K(806156K), 0.0054240 secs] [Times: user=0.04 sys=0.00, real=0.00 secs] 
77.954: Total time for which application threads were stopped: 0.0055630 seconds, Stopping threads took: 0.0000670 seconds
78.077: Application time: 0.1232210 seconds
78.077: [GC78.077: [ParNew: 36370K->3570K(37568K), 0.0053190 secs] 309361K->289388K(806156K), 0.0053610 secs] [Times: user=0.04 sys=0.00, real=0.00 secs] 
78.082: Total time for which application threads were stopped: 0.0054890 seconds, Stopping threads took: 0.0000580 seconds
78.195: Application time: 0.1123490 seconds
78.195: [GC78.195: [ParNew: 36372K->3566K(37568K), 0.0054940 secs] 322190K->302211K(806156K), 0.0055390 secs] [Times: user=0.04 sys=0.00, real=0.00 secs] 
78.201: Total time for which application threads were stopped: 0.0056910 seconds, Stopping threads took: 0.0000610 seconds
78.317: Application time: 0.1167320 seconds
78.317: [GC78.317: [ParNew: 36368K->3572K(37568K), 0.0051400 secs] 335013K->314332K(806156K), 0.0051820 secs] [Times: user=0.04 sys=0.00, real=0.00 secs] 
78.323: Total time for which application threads were stopped: 0.0053130 seconds, Stopping threads took: 0.0000680 seconds
78.431: Application time: 0.1080310 seconds
78.431: [GC78.431: [ParNew: 36375K->3572K(37568K), 0.0053800 secs] 347134K->327159K(806156K), 0.0054220 secs] [Times: user=0.04 sys=0.01, real=0.01 secs] 
78.436: Total time for which application threads were stopped: 0.0055520 seconds, Stopping threads took: 0.0000600 seconds
78.556: Application time: 0.1194030 seconds
78.556: [GC78.556: [ParNew: 36367K->3562K(37568K), 0.0051440 secs] 359953K->339263K(806156K), 0.0051870 secs] [Times: user=0.04 sys=0.00, real=0.00 secs] 
78.561: Total time for which application threads were stopped: 0.0053230 seconds, Stopping threads took: 0.0000620 seconds
78.665: Application time: 0.1044090 seconds
78.665: [GC78.665: [ParNew: 36381K->3572K(37568K), 0.0054470 secs] 372082K->352813K(806156K), 0.0054870 secs] [Times: user=0.04 sys=0.00, real=0.00 secs] 
78.671: Total time for which application threads were stopped: 0.0056290 seconds, Stopping threads took: 0.0000700 seconds
78.791: Application time: 0.1200790 seconds
78.791: [GC78.791: [ParNew: 36367K->3562K(37568K), 0.0050940 secs] 385607K->364919K(806156K), 0.0051340 secs] [Times: user=0.04 sys=0.00, real=0.01 secs] 
78.796: Total time for which application threads were stopped: 0.0052770 seconds, Stopping threads took: 0.0000630 seconds
78.883: Application time: 0.0871300 seconds
78.884: [GC78.884: [ParNew: 36364K->3573K(37568K), 0.0050830 secs] 397721K->377043K(806156K), 0.0051260 secs] [Times: user=0.04 sys=0.00, real=0.00 secs] 
78.889: Total time for which application threads were stopped: 0.0052610 seconds, Stopping threads took: 0.0000610 seconds
79.027: Application time: 0.1383800 seconds
79.027: [GC79.027: [ParNew: 36367K->3562K(37568K), 0.0051720 secs] 409838K->389148K(806156K), 0.0052140 secs] [Times: user=0.04 sys=0.00, real=0.00 secs] 
79.032: Total time for which application threads were stopped: 0.0053480 seconds, Stopping threads took: 0.0000700 seconds
79.113: Application time: 0.0808080 seconds
79.113: [GC79.113: [ParNew: 36372K->3577K(37568K), 0.0053070 secs] 421958K->401988K(806156K), 0.0053490 secs] [Times: user=0.04 sys=0.00, real=0.01 secs] 
79.119: Total time for which application threads were stopped: 0.0055040 seconds, Stopping threads took: 0.0000820 seconds
79.241: Application time: 0.1225020 seconds
79.241: [GC79.241: [ParNew: 36371K->3562K(37568K), 0.0050860 secs] 434783K->414090K(806156K), 0.0051300 secs] [Times: user=0.04 sys=0.00, real=0.01 secs] 
79.246: Total time for which application threads were stopped: 0.0052780 seconds, Stopping threads took: 0.0000800 seconds
79.347: Application time: 0.1001890 seconds
79.347: [GC79.347: [ParNew: 36372K->3574K(37568K), 0.0051390 secs] 446899K->426216K(806156K), 0.0051840 secs] [Times: user=0.04 sys=0.00, real=0.00 secs] 
79.352: Total time for which application threads were stopped: 0.0053810 seconds, Stopping threads took: 0.0001120 seconds
79.472: Application time: 0.1196460 seconds
79.472: [GC79.472: [ParNew: 36368K->3562K(37568K), 0.0051280 secs] 459010K->438319K(806156K), 0.0051720 secs] [Times: user=0.04 sys=0.00, real=0.01 secs] 
79.477: Total time for which application threads were stopped: 0.0053260 seconds, Stopping threads took: 0.0000830 seconds
79.520: Application time: 0.0428680 seconds
79.520: [GC79.520: [ParNew: 36423K->3634K(37568K), 0.0048510 secs] 471179K->449079K(806156K), 0.0048950 secs] [Times: user=0.04 sys=0.00, real=0.01 secs] 
79.525: Total time for which application threads were stopped: 0.0053750 seconds, Stopping threads took: 0.0003980 seconds
79.536: Application time: 0.0108050 seconds
79.536: [GC79.536: [ParNew: 36420K->2145K(37568K), 0.0020630 secs] 481865K->449786K(806156K), 0.0021030 secs] [Times: user=0.01 sys=0.00, real=0.00 secs] 
79.539: Total time for which application threads were stopped: 0.0024990 seconds, Stopping threads took: 0.0003220 seconds
79.546: Application time: 0.0071830 seconds
79.546: [GC79.546: [ParNew: 34931K->3570K(37568K), 0.0021060 secs] 482572K->451924K(806156K), 0.0021460 secs] [Times: user=0.02 sys=0.00, real=0.00 secs] 
79.548: Total time for which application threads were stopped: 0.0022920 seconds, Stopping threads took: 0.0000710 seconds
79.557: Application time: 0.0086250 seconds
79.557: [GC79.557: [ParNew: 36358K->2149K(37568K), 0.0014720 secs] 484712K->450503K(806156K), 0.0015050 secs] [Times: user=0.00 sys=0.00, real=0.00 secs] 
79.558: Total time for which application threads were stopped: 0.0016660 seconds, Stopping threads took: 0.0000900 seconds
79.567: Application time: 0.0083230 seconds
79.568: [GC79.568: [ParNew: 35395K->3608K(37568K), 0.0023840 secs] 483749K->454100K(806156K), 0.0024240 secs] [Times: user=0.02 sys=0.00, real=0.00 secs] 
79.570: Total time for which application threads were stopped: 0.0032960 seconds, Stopping threads took: 0.0008010 seconds
79.580: Application time: 0.0095190 seconds
79.580: [GC79.580: [ParNew: 36698K->3573K(37568K), 0.0027080 secs] 487190K->456945K(806156K), 0.0027530 secs] [Times: user=0.02 sys=0.00, real=0.00 secs] 
79.582: Total time for which application threads were stopped: 0.0029260 seconds, Stopping threads took: 0.0001010 seconds
79.590: Application time: 0.0072660 seconds
79.591: [GC79.591: [ParNew: 36368K->2860K(37568K), 0.0022400 secs] 489740K->458371K(806156K), 0.0022830 secs] [Times: user=0.02 sys=0.00, real=0.00 secs] 
79.593: Total time for which application threads were stopped: 0.0032480 seconds, Stopping threads took: 0.0008910 seconds
79.600: Application time: 0.0073970 seconds
79.600: [GC79.601: [ParNew: 35647K->3562K(37568K), 0.0027870 secs] 491158K->461925K(806156K), 0.0028270 secs] [Times: user=0.03 sys=0.00, real=0.01 secs] 
79.603: Total time for which application threads were stopped: 0.0029740 seconds, Stopping threads took: 0.0000730 seconds
79.611: Application time: 0.0077160 seconds
79.611: [GC79.611: [ParNew: 36356K->3570K(37568K), 0.0029920 secs] 494719K->466208K(806156K), 0.0030340 secs] [Times: user=0.02 sys=0.00, real=0.00 secs] 
79.614: Total time for which application threads were stopped: 0.0032050 seconds, Stopping threads took: 0.0000970 seconds
79.622: Application time: 0.0081170 seconds
79.623: [GC79.623: [ParNew: 36369K->3570K(37568K), 0.0031110 secs] 499008K->470485K(806156K), 0.0031560 secs] [Times: user=0.02 sys=0.00, real=0.01 secs] 
79.626: Total time for which application threads were stopped: 0.0033190 seconds, Stopping threads took: 0.0000890 seconds
79.641: Application time: 0.0157780 seconds
79.642: [GC79.642: [ParNew: 36359K->1433K(37568K), 0.0019450 secs] 503273K->470486K(806156K), 0.0019850 secs] [Times: user=0.02 sys=0.00, real=0.01 secs] 
79.644: Total time for which application threads were stopped: 0.0021460 seconds, Stopping threads took: 0.0000860 seconds
79.653: Application time: 0.0090110 seconds
79.653: [GC79.653: [ParNew: 34224K->2147K(37568K), 0.0015700 secs] 503277K->471200K(806156K), 0.0016040 secs] [Times: user=0.01 sys=0.00, real=0.00 secs] 
79.654: Total time for which application threads were stopped: 0.0017760 seconds, Stopping threads took: 0.0001010 seconds
79.748: Application time: 0.0939340 seconds
79.748: [GC79.749: [ParNew: 34949K->3572K(37568K), 0.0052680 secs] 504002K->485451K(806156K), 0.0053090 secs] [Times: user=0.04 sys=0.00, real=0.00 secs] 
79.754: Total time for which application threads were stopped: 0.0054610 seconds, Stopping threads took: 0.0000790 seconds
79.859: Application time: 0.1056640 seconds
79.860: [GC79.860: [ParNew: 36398K->3602K(37568K), 0.0053150 secs] 518276K->498307K(806156K), 0.0053550 secs] [Times: user=0.03 sys=0.01, real=0.01 secs] 
79.865: Total time for which application threads were stopped: 0.0054980 seconds, Stopping threads took: 0.0000630 seconds
79.879: Application time: 0.0142080 seconds
79.879: [GC79.879: [ParNew: 36390K->3568K(37568K), 0.0032950 secs] 531095K->502577K(806156K), 0.0033450 secs] [Times: user=0.02 sys=0.00, real=0.00 secs] 
79.883: Total time for which application threads were stopped: 0.0034910 seconds, Stopping threads took: 0.0000730 seconds
79.893: Application time: 0.0105500 seconds
79.893: [GC79.893: [ParNew: 36358K->3570K(37568K), 0.0032950 secs] 535367K->507567K(806156K), 0.0033360 secs] [Times: user=0.03 sys=0.00, real=0.01 secs] 
79.897: Total time for which application threads were stopped: 0.0035100 seconds, Stopping threads took: 0.0001000 seconds
79.911: Application time: 0.0139660 seconds
79.911: [GC79.911: [ParNew: 36360K->1429K(37568K), 0.0018960 secs] 540356K->507563K(806156K), 0.0019340 secs] [Times: user=0.02 sys=0.00, real=0.00 secs] 
79.913: Total time for which application threads were stopped: 0.0021100 seconds, Stopping threads took: 0.0001010 seconds
79.922: Application time: 0.0094140 seconds
79.922: [GC79.922: [ParNew: 34223K->2856K(37568K), 0.0016420 secs] 540357K->508990K(806156K), 0.0016770 secs] [Times: user=0.01 sys=0.00, real=0.01 secs] 
79.924: Total time for which application threads were stopped: 0.0018340 seconds, Stopping threads took: 0.0000860 seconds
80.017: Application time: 0.0927420 seconds
80.017: [GC80.017: [ParNew: 35683K->3602K(37568K), 0.0055950 secs] 541817K->523275K(806156K), 0.0056360 secs] [Times: user=0.05 sys=0.00, real=0.00 secs] 
80.023: Total time for which application threads were stopped: 0.0058010 seconds, Stopping threads took: 0.0000910 seconds
80.037: Application time: 0.0138850 seconds
80.037: [GC80.037: [ParNew: 36386K->1431K(37568K), 0.0021750 secs] 556059K->523982K(806156K), 0.0022160 secs] [Times: user=0.01 sys=0.00, real=0.00 secs] 
80.039: Total time for which application threads were stopped: 0.0023770 seconds, Stopping threads took: 0.0000870 seconds
80.051: Application time: 0.0124860 seconds
80.052: [GC80.052: [ParNew: 34222K->3572K(37568K), 0.0021870 secs] 556773K->527549K(806156K), 0.0022270 secs] [Times: user=0.02 sys=0.00, real=0.00 secs] 
80.054: Total time for which application threads were stopped: 0.0025070 seconds, Stopping threads took: 0.0002060 seconds
80.065: Application time: 0.0109770 seconds
80.065: [GC80.065: [ParNew: 36368K->3568K(37568K), 0.0035680 secs] 560345K->533246K(806156K), 0.0036120 secs] [Times: user=0.02 sys=0.00, real=0.00 secs] 
80.069: Total time for which application threads were stopped: 0.0038290 seconds, Stopping threads took: 0.0001420 seconds
80.090: Application time: 0.0214240 seconds
80.090: [GC80.090: [ParNew: 36363K->3570K(37568K), 0.0033110 secs] 566040K->538948K(806156K), 0.0033520 secs] [Times: user=0.03 sys=0.00, real=0.00 secs] 
80.094: Total time for which application threads were stopped: 0.0034890 seconds, Stopping threads took: 0.0000650 seconds
80.120: Application time: 0.0264320 seconds
80.120: [GC80.120: [ParNew: 36390K->2173K(37568K), 0.0025660 secs] 571768K->541114K(806156K), 0.0026170 secs] [Times: user=0.02 sys=0.00, real=0.01 secs] 
80.123: Total time for which application threads were stopped: 0.0027620 seconds, Stopping threads took: 0.0000670 seconds
80.135: Application time: 0.0123740 seconds
80.135: [GC80.135: [ParNew: 34960K->1435K(37568K), 0.0012580 secs] 573901K->540404K(806156K), 0.0012910 secs] [Times: user=0.01 sys=0.00, real=0.00 secs] 
80.137: Total time for which application threads were stopped: 0.0014700 seconds, Stopping threads took: 0.0001080 seconds
80.149: Application time: 0.0122760 seconds
80.149: [GC80.149: [ParNew: 34228K->3570K(37568K), 0.0024650 secs] 573198K->544678K(806156K), 0.0025060 secs] [Times: user=0.02 sys=0.00, real=0.00 secs] 
80.152: Total time for which application threads were stopped: 0.0026590 seconds, Stopping threads took: 0.0000810 seconds
80.159: Application time: 0.0075200 seconds
80.159: [GC80.159: [ParNew: 36359K->3564K(37568K), 0.0030830 secs] 577466K->548948K(806156K), 0.0031240 secs] [Times: user=0.02 sys=0.00, real=0.00 secs] 
80.162: Total time for which application threads were stopped: 0.0032650 seconds, Stopping threads took: 0.0000690 seconds
80.305: Application time: 0.1424170 seconds
80.305: [GC80.305: [ParNew: 36365K->3570K(37568K), 0.0054540 secs] 581748K->562491K(806156K), 0.0055030 secs] [Times: user=0.04 sys=0.00, real=0.00 secs] 
80.310: Total time for which application threads were stopped: 0.0056470 seconds, Stopping threads took: 0.0000730 seconds
80.340: Application time: 0.0291370 seconds
80.340: [GC80.340: [ParNew: 36345K->3641K(37568K), 0.0040920 secs] 595266K->570401K(806156K), 0.0041360 secs] [Times: user=0.03 sys=0.00, real=0.01 secs] 
80.344: Total time for which application threads were stopped: 0.0043140 seconds, Stopping threads took: 0.0001030 seconds
80.353: Application time: 0.0087690 seconds
80.354: [GC80.354: [ParNew: 36509K->2862K(37568K), 0.0026300 secs] 603269K->572529K(806156K), 0.0026730 secs] [Times: user=0.02 sys=0.00, real=0.01 secs] 
80.356: Total time for which application threads were stopped: 0.0036240 seconds, Stopping threads took: 0.0008780 seconds
80.365: Application time: 0.0089960 seconds
80.366: [GC80.366: [ParNew: 35650K->2149K(37568K), 0.0016010 secs] 605317K->572530K(806156K), 0.0016380 secs] [Times: user=0.01 sys=0.00, real=0.00 secs] 
80.368: Total time for which application threads were stopped: 0.0025340 seconds, Stopping threads took: 0.0008030 seconds
80.376: Application time: 0.0081840 seconds
80.376: [GC80.376: [ParNew: 34937K->2147K(37568K), 0.0016000 secs] 605318K->573241K(806156K), 0.0016350 secs] [Times: user=0.01 sys=0.00, real=0.00 secs] 
80.378: Total time for which application threads were stopped: 0.0018140 seconds, Stopping threads took: 0.0001090 seconds
80.386: Application time: 0.0080050 seconds
80.386: [GC80.386: [ParNew: 34945K->2864K(37568K), 0.0017640 secs] 606040K->573958K(806156K), 0.0017990 secs] [Times: user=0.02 sys=0.00, real=0.00 secs] 
80.388: Total time for which application threads were stopped: 0.0019440 seconds, Stopping threads took: 0.0000760 seconds
80.395: Application time: 0.0071150 seconds
80.395: [GC80.395: [ParNew: 35647K->1427K(37568K), 0.0017090 secs] 606741K->573948K(806156K), 0.0017480 secs] [Times: user=0.02 sys=0.00, real=0.00 secs] 
80.397: Total time for which application threads were stopped: 0.0019760 seconds, Stopping threads took: 0.0001550 seconds
80.407: Application time: 0.0104530 seconds
80.408: [GC80.408: [ParNew: 34225K->3570K(37568K), 0.0033830 secs] 606746K->581792K(806156K), 0.0034260 secs] [Times: user=0.03 sys=0.00, real=0.00 secs] 
80.411: Total time for which application threads were stopped: 0.0036100 seconds, Stopping threads took: 0.0001100 seconds
80.419: Application time: 0.0078110 seconds
80.419: [GC80.419: [ParNew: 36361K->2147K(37568K), 0.0024560 secs] 614582K->583220K(806156K), 0.0024960 secs] [Times: user=0.02 sys=0.00, real=0.00 secs] 
80.421: Total time for which application threads were stopped: 0.0026490 seconds, Stopping threads took: 0.0000780 seconds
80.571: Application time: 0.1494100 seconds
80.571: [GC80.571: [ParNew: 34948K->3570K(37568K), 0.0051780 secs] 616020K->597468K(806156K), 0.0052210 secs] [Times: user=0.04 sys=0.00, real=0.01 secs] 
80.576: Total time for which application threads were stopped: 0.0053650 seconds, Stopping threads took: 0.0000720 seconds
80.706: Application time: 0.1295140 seconds
80.706: [GC80.706: [ParNew: 36381K->3574K(37568K), 0.0053130 secs] 630279K->610298K(806156K), 0.0053560 secs] [Times: user=0.05 sys=0.00, real=0.00 secs] 
80.711: Total time for which application threads were stopped: 0.0055130 seconds, Stopping threads took: 0.0000860 seconds
80.852: Application time: 0.1406530 seconds
80.852: [GC80.852: [ParNew: 36372K->3568K(37568K), 0.0049120 secs] 643096K->621695K(806156K), 0.0049560 secs] [Times: user=0.04 sys=0.00, real=0.01 secs] 
80.857: Total time for which application threads were stopped: 0.0052200 seconds, Stopping threads took: 0.0001960 seconds
81.003: Application time: 0.1454590 seconds
81.003: [GC81.003: [ParNew: 36360K->3562K(37568K), 0.0051990 secs] 654486K->634515K(806156K), 0.0052340 secs] [Times: user=0.03 sys=0.01, real=0.01 secs] 
81.008: Total time for which application threads were stopped: 0.0053690 seconds, Stopping threads took: 0.0000470 seconds
81.158: Application time: 0.1502220 seconds
81.158: [GC81.158: [ParNew: 36367K->3576K(37568K), 0.0051670 secs] 667319K->646642K(806156K), 0.0052100 secs] [Times: user=0.04 sys=0.00, real=0.01 secs] 
81.164: Total time for which application threads were stopped: 0.0053590 seconds, Stopping threads took: 0.0000800 seconds
81.309: Application time: 0.1451920 seconds
81.309: [GC81.309: [ParNew: 36368K->3564K(37568K), 0.0051550 secs] 679434K->658744K(806156K), 0.0052000 secs] [Times: user=0.04 sys=0.00, real=0.00 secs] 
81.314: Total time for which application threads were stopped: 0.0053560 seconds, Stopping threads took: 0.0000830 seconds
81.468: Application time: 0.1538830 seconds
81.468: [GC81.468: [ParNew: 36373K->3576K(37568K), 0.0054580 secs] 691553K->672294K(806156K), 0.0055000 secs] [Times: user=0.04 sys=0.00, real=0.00 secs] 
81.474: Total time for which application threads were stopped: 0.0056310 seconds, Stopping threads took: 0.0000570 seconds
81.616: Application time: 0.1421110 seconds
81.616: [GC81.616: [ParNew: 36385K->3576K(37568K), 0.0050800 secs] 705103K->684408K(806156K), 0.0051240 secs] [Times: user=0.04 sys=0.00, real=0.00 secs] 
81.621: Total time for which application threads were stopped: 0.0052700 seconds, Stopping threads took: 0.0000690 seconds
81.730: Application time: 0.1092860 seconds
81.730: [GC81.730: [ParNew: 36377K->3566K(37568K), 0.0053750 secs] 717209K->697226K(806156K), 0.0054160 secs] [Times: user=0.04 sys=0.00, real=0.01 secs] 
81.736: Total time for which application threads were stopped: 0.0055580 seconds, Stopping threads took: 0.0000750 seconds
81.877: Application time: 0.1410850 seconds
81.877: [GC81.877: [ParNew: 36367K->3570K(37568K), 0.0051550 secs] 730027K->709343K(806156K), 0.0051970 secs] [Times: user=0.04 sys=0.00, real=0.00 secs] 
81.882: Total time for which application threads were stopped: 0.0053340 seconds, Stopping threads took: 0.0000670 seconds
82.012: Application time: 0.1294270 seconds
82.012: [GC82.012: [ParNew: 36363K->3564K(37568K), 0.0050540 secs] 742136K->721452K(806156K), 0.0050980 secs] [Times: user=0.03 sys=0.00, real=0.01 secs] 
82.017: Total time for which application threads were stopped: 0.0052380 seconds, Stopping threads took: 0.0000660 seconds
82.017: Application time: 0.0000700 seconds
82.017: [GC [1 CMS-initial-mark: 717887K(768588K)] 722164K(806156K), 0.0001360 secs] [Times: user=0.00 sys=0.00, real=0.00 secs] 
82.017: Total time for which application threads were stopped: 0.0004110 seconds, Stopping threads took: 0.0002510 seconds
82.017: [CMS-concurrent-mark-start]
82.027: [CMS-concurrent-mark: 0.009/0.009 secs] [Times: user=0.05 sys=0.00, real=0.01 secs] 
82.027: [CMS-concurrent-preclean-start]
82.028: [CMS-concurrent-preclean: 0.001/0.001 secs] [Times: user=0.03 sys=0.00, real=0.00 secs] 
82.028: Application time: 0.0104560 seconds
82.028: [GC[YG occupancy: 4277 K (37568 K)]82.028: [Rescan (parallel) , 0.0002690 secs]82.028: [weak refs processing, 0.0000060 secs]82.028: [scrub string table, 0.0001130 secs] [1 CMS-remark: 717887K(768588K)] 722164K(806156K), 0.0004130 secs] [Times: user=0.00 sys=0.00, real=0.00 secs] 
82.028: Total time for which application threads were stopped: 0.0004900 seconds, Stopping threads took: 0.0000490 seconds
82.028: [CMS-concurrent-sweep-start]
82.030: [CMS-concurrent-sweep: 0.002/0.002 secs] [Times: user=0.00 sys=0.00, real=0.00 secs] 
82.030: [CMS-concurrent-reset-start]
82.033: [CMS-concurrent-reset: 0.003/0.003 secs] [Times: user=0.02 sys=0.00, real=0.00 secs] 
82.134: Application time: 0.1051720 seconds
82.134: [GC82.134: [ParNew: 36366K->3576K(37568K), 0.0053430 secs] 60529K->40565K(806156K), 0.0053860 secs] [Times: user=0.04 sys=0.00, real=0.01 secs] 
82.139: Total time for which application threads were stopped: 0.0055290 seconds, Stopping threads took: 0.0000670 seconds
82.255: Application time: 0.1156810 seconds
82.255: [GC82.255: [ParNew: 36378K->3568K(37568K), 0.0054060 secs] 73367K->54096K(806156K), 0.0054550 secs] [Times: user=0.04 sys=0.00, real=0.00 secs] 
82.260: Total time for which application threads were stopped: 0.0055790 seconds, Stopping threads took: 0.0000550 seconds
82.371: Application time: 0.1105690 seconds
82.371: [GC82.371: [ParNew: 36379K->3576K(37568K), 0.0048940 secs] 86907K->65506K(806156K), 0.0049410 secs] [Times: user=0.04 sys=0.00, real=0.01 secs] 
82.376: Total time for which application threads were stopped: 0.0050700 seconds, Stopping threads took: 0.0000560 seconds
82.460: Application time: 0.0843130 seconds
82.460: [GC82.460: [ParNew: 36371K->3562K(37568K), 0.0053370 secs] 98300K->78320K(806156K), 0.0053820 secs] [Times: user=0.04 sys=0.00, real=0.01 secs] 
82.466: Total time for which application threads were stopped: 0.0055290 seconds, Stopping threads took: 0.0000720 seconds
82.605: Application time: 0.1388390 seconds
82.605: [GC82.605: [ParNew: 36379K->3577K(37568K), 0.0052030 secs] 111137K->91161K(806156K), 0.0052490 secs] [Times: user=0.04 sys=0.00, real=0.00 secs] 
82.610: Total time for which application threads were stopped: 0.0053830 seconds, Stopping threads took: 0.0000660 seconds
82.692: Application time: 0.0824100 seconds
82.693: [GC82.693: [ParNew: 36371K->3562K(37568K), 0.0054470 secs] 123956K->103976K(806156K), 0.0054910 secs] [Times: user=0.04 sys=0.01, real=0.01 secs] 
82.698: Total time for which application threads were stopped: 0.0056560 seconds, Stopping threads took: 0.0000810 seconds
82.828: Application time: 0.1300950 seconds
82.828: [GC82.828: [ParNew: 36364K->3570K(37568K), 0.0050870 secs] 136777K->116098K(806156K), 0.0051290 secs] [Times: user=0.04 sys=0.00, real=0.00 secs] 
82.833: Total time for which application threads were stopped: 0.0052690 seconds, Stopping threads took: 0.0000680 seconds
82.936: Application time: 0.1023920 seconds
82.936: [GC82.936: [ParNew: 36365K->3562K(37568K), 0.0053380 secs] 148893K->128917K(806156K), 0.0053800 secs] [Times: user=0.04 sys=0.00, real=0.00 secs] 
82.941: Total time for which application threads were stopped: 0.0055310 seconds, Stopping threads took: 0.0000840 seconds
83.049: Application time: 0.1072510 seconds
83.049: [GC83.049: [ParNew: 36364K->3568K(37568K), 0.0051960 secs] 161719K->141037K(806156K), 0.0052410 secs] [Times: user=0.04 sys=0.00, real=0.00 secs] 
83.054: Total time for which application threads were stopped: 0.0053970 seconds, Stopping threads took: 0.0000840 seconds
83.162: Application time: 0.1074370 seconds
83.162: [GC83.162: [ParNew: 36370K->3570K(37568K), 0.0055300 secs] 173838K->153866K(806156K), 0.0055730 secs] [Times: user=0.04 sys=0.00, real=0.01 secs] 
83.167: Total time for which application threads were stopped: 0.0057170 seconds, Stopping threads took: 0.0000720 seconds
83.286: Application time: 0.1185310 seconds
83.286: [GC83.286: [ParNew: 36371K->3570K(37568K), 0.0051340 secs] 186667K->165981K(806156K), 0.0051810 secs] [Times: user=0.04 sys=0.00, real=0.00 secs] 
83.291: Total time for which application threads were stopped: 0.0053480 seconds, Stopping threads took: 0.0000910 seconds
83.382: Application time: 0.0907020 seconds
83.382: [GC83.382: [ParNew: 36373K->3572K(37568K), 0.0056170 secs] 198783K->179522K(806156K), 0.0056630 secs] [Times: user=0.05 sys=0.00, real=0.01 secs] 
83.388: Total time for which application threads were stopped: 0.0058150 seconds, Stopping threads took: 0.0000790 seconds
83.458: Application time: 0.0707030 seconds
83.458: [GC83.459: [ParNew: 36399K->3600K(37568K), 0.0048250 secs] 212349K->190240K(806156K), 0.0048700 secs] [Times: user=0.04 sys=0.00, real=0.01 secs] 
83.463: Total time for which application threads were stopped: 0.0050460 seconds, Stopping threads took: 0.0001000 seconds
83.474: Application time: 0.0105570 seconds
83.474: [GC83.474: [ParNew: 36388K->3568K(37568K), 0.0030370 secs] 223028K->193799K(806156K), 0.0030790 secs] [Times: user=0.03 sys=0.00, real=0.01 secs] 
83.477: Total time for which application threads were stopped: 0.0032660 seconds, Stopping threads took: 0.0001120 seconds
83.492: Application time: 0.0144610 seconds
83.492: [GC83.492: [ParNew: 36906K->1476K(37568K), 0.0019630 secs] 227137K->193844K(806156K), 0.0020110 secs] [Times: user=0.02 sys=0.00, real=0.00 secs] 
83.494: Total time for which application threads were stopped: 0.0021830 seconds, Stopping threads took: 0.0000970 seconds
83.504: Application time: 0.0099010 seconds
83.504: [GC83.504: [ParNew: 34467K->3604K(37568K), 0.0027440 secs] 226835K->198823K(806156K), 0.0027880 secs] [Times: user=0.02 sys=0.00, real=0.00 secs] 
83.507: Total time for which application threads were stopped: 0.0030100 seconds, Stopping threads took: 0.0001460 seconds
83.514: Application time: 0.0071890 seconds
83.515: [GC83.515: [ParNew: 36388K->3562K(37568K), 0.0027590 secs] 231607K->201661K(806156K), 0.0028020 secs] [Times: user=0.02 sys=0.00, real=0.01 secs] 
83.517: Total time for which application threads were stopped: 0.0034590 seconds, Stopping threads took: 0.0005830 seconds
83.528: Application time: 0.0109330 seconds
83.529: [GC83.529: [ParNew: 36357K->3574K(37568K), 0.0024110 secs] 234456K->203099K(806156K), 0.0024580 secs] [Times: user=0.02 sys=0.01, real=0.00 secs] 
83.531: Total time for which application threads were stopped: 0.0026540 seconds, Stopping threads took: 0.0001200 seconds
83.544: Application time: 0.0134810 seconds
83.545: [GC83.545: [ParNew: 36364K->3568K(37568K), 0.0028160 secs] 235888K->205944K(806156K), 0.0028590 secs] [Times: user=0.02 sys=0.00, real=0.00 secs] 
83.548: Total time for which application threads were stopped: 0.0030560 seconds, Stopping threads took: 0.0001010 seconds
83.558: Application time: 0.0103930 seconds
83.558: [GC83.558: [ParNew: 36364K->3568K(37568K), 0.0031570 secs] 238740K->210219K(806156K), 0.0032000 secs] [Times: user=0.02 sys=0.00, real=0.00 secs] 
83.561: Total time for which application threads were stopped: 0.0033930 seconds, Stopping threads took: 0.0001190 seconds
83.583: Application time: 0.0212340 seconds
83.583: [GC83.583: [ParNew: 36396K->3602K(37568K), 0.0030380 secs] 243047K->213816K(806156K), 0.0030800 secs] [Times: user=0.02 sys=0.00, real=0.01 secs] 
83.586: Total time for which application threads were stopped: 0.0032330 seconds, Stopping threads took: 0.0000800 seconds
83.599: Application time: 0.0136690 seconds
83.600: [GC83.600: [ParNew: 36388K->3568K(37568K), 0.0027110 secs] 246602K->216662K(806156K), 0.0027500 secs] [Times: user=0.02 sys=0.00, real=0.00 secs] 
83.602: Total time for which application threads were stopped: 0.0029090 seconds, Stopping threads took: 0.0000830 seconds
83.615: Application time: 0.0125700 seconds
83.615: [GC83.615: [ParNew: 36359K->3570K(37568K), 0.0030000 secs] 249453K->220226K(806156K), 0.0030410 secs] [Times: user=0.02 sys=0.00, real=0.00 secs] 
83.618: Total time for which application threads were stopped: 0.0031900 seconds, Stopping threads took: 0.0000750 seconds
83.630: Application time: 0.0115550 seconds
83.630: [GC83.630: [ParNew: 36364K->3567K(37568K), 0.0028130 secs] 253021K->223073K(806156K), 0.0028600 secs] [Times: user=0.02 sys=0.00, real=0.00 secs] 
83.633: Total time for which application threads were stopped: 0.0030550 seconds, Stopping threads took: 0.0001190 seconds
83.643: Application time: 0.0103750 seconds
83.643: [GC83.643: [ParNew: 36361K->3576K(37568K), 0.0029510 secs] 255868K->227358K(806156K), 0.0029930 secs] [Times: user=0.02 sys=0.00, real=0.00 secs] 
83.646: Total time for which application threads were stopped: 0.0031270 seconds, Stopping threads took: 0.0000620 seconds
83.733: Application time: 0.0871610 seconds
83.734: [GC83.734: [ParNew: 36404K->3598K(37568K), 0.0057110 secs] 260186K->240919K(806156K), 0.0057550 secs] [Times: user=0.04 sys=0.00, real=0.01 secs] 
83.739: Total time for which application threads were stopped: 0.0059260 seconds, Stopping threads took: 0.0000970 seconds
83.753: Application time: 0.0134630 seconds
83.753: [GC83.753: [ParNew: 36382K->1431K(37568K), 0.0021760 secs] 273703K->241630K(806156K), 0.0022160 secs] [Times: user=0.02 sys=0.00, real=0.01 secs] 
83.755: Total time for which application threads were stopped: 0.0023850 seconds, Stopping threads took: 0.0000850 seconds
83.769: Application time: 0.0134240 seconds
83.769: [GC83.769: [ParNew: 34220K->3572K(37568K), 0.0019710 secs] 274420K->243772K(806156K), 0.0020180 secs] [Times: user=0.02 sys=0.00, real=0.00 secs] 
83.771: Total time for which application threads were stopped: 0.0021720 seconds, Stopping threads took: 0.0000810 seconds
83.782: Application time: 0.0107850 seconds
83.782: [GC83.782: [ParNew: 36367K->2143K(37568K), 0.0022260 secs] 276566K->245193K(806156K), 0.0022680 secs] [Times: user=0.02 sys=0.00, real=0.01 secs] 
83.784: Total time for which application threads were stopped: 0.0024350 seconds, Stopping threads took: 0.0000930 seconds
83.839: Application time: 0.0545500 seconds
83.839: [GC83.839: [ParNew: 34943K->3572K(37568K), 0.0050160 secs] 277993K->258023K(806156K), 0.0050570 secs] [Times: user=0.03 sys=0.01, real=0.01 secs] 
83.844: Total time for which application threads were stopped: 0.0051960 seconds, Stopping threads took: 0.0000670 seconds
83.955: Application time: 0.1113370 seconds
83.955: [GC83.955: [ParNew: 36979K->3604K(37568K), 0.0044660 secs] 291430K->268031K(806156K), 0.0045080 secs] [Times: user=0.04 sys=0.00, real=0.00 secs] 
83.960: Total time for which application threads were stopped: 0.0046660 seconds, Stopping threads took: 0.0000870 seconds
83.978: Application time: 0.0181070 seconds
83.978: [GC83.978: [ParNew: 36526K->3572K(37568K), 0.0039060 secs] 300952K->274440K(806156K), 0.0039480 secs] [Times: user=0.03 sys=0.00, real=0.00 secs] 
83.982: Total time for which application threads were stopped: 0.0041240 seconds, Stopping threads took: 0.0001010 seconds
83.994: Application time: 0.0119610 seconds
83.994: [GC83.994: [ParNew: 36358K->1435K(37568K), 0.0021620 secs] 307226K->275153K(806156K), 0.0022020 secs] [Times: user=0.02 sys=0.00, real=0.01 secs] 
83.996: Total time for which application threads were stopped: 0.0023600 seconds, Stopping threads took: 0.0000870 seconds
84.009: Application time: 0.0130410 seconds
84.010: [GC84.010: [ParNew: 34226K->3568K(37568K), 0.0020760 secs] 307944K->277999K(806156K), 0.0021140 secs] [Times: user=0.01 sys=0.00, real=0.00 secs] 
84.012: Total time for which application threads were stopped: 0.0022590 seconds, Stopping threads took: 0.0000690 seconds
84.021: Application time: 0.0095250 seconds
84.021: [GC84.021: [ParNew: 36360K->1435K(37568K), 0.0016200 secs] 310791K->277290K(806156K), 0.0016540 secs] [Times: user=0.02 sys=0.00, real=0.01 secs] 
84.023: Total time for which application threads were stopped: 0.0018180 seconds, Stopping threads took: 0.0000930 seconds
84.095: Application time: 0.0717410 seconds
84.095: [GC84.095: [ParNew: 34262K->3606K(37568K), 0.0052160 secs] 310118K->291575K(806156K), 0.0052560 secs] [Times: user=0.04 sys=0.00, real=0.00 secs] 
84.100: Total time for which application threads were stopped: 0.0054220 seconds, Stopping threads took: 0.0000920 seconds
84.112: Application time: 0.0113620 seconds
84.112: [GC84.112: [ParNew: 36394K->3566K(37568K), 0.0030660 secs] 324363K->295127K(806156K), 0.0031150 secs] [Times: user=0.02 sys=0.00, real=0.01 secs] 
84.115: Total time for which application threads were stopped: 0.0032710 seconds, Stopping threads took: 0.0000790 seconds
84.128: Application time: 0.0131840 seconds
84.128: [GC84.128: [ParNew: 36360K->3568K(37568K), 0.0029070 secs] 327921K->298692K(806156K), 0.0029510 secs] [Times: user=0.02 sys=0.00, real=0.00 secs] 
84.131: Total time for which application threads were stopped: 0.0032290 seconds, Stopping threads took: 0.0002040 seconds
84.141: Application time: 0.0096580 seconds
84.141: [GC84.141: [ParNew: 36368K->3566K(37568K), 0.0039610 secs] 331491K->305815K(806156K), 0.0040040 secs] [Times: user=0.03 sys=0.00, real=0.01 secs] 
84.145: Total time for which application threads were stopped: 0.0041790 seconds, Stopping threads took: 0.0001000 seconds
84.212: Application time: 0.0673710 seconds
84.213: [GC84.213: [ParNew: 36366K->3574K(37568K), 0.0042950 secs] 338615K->315086K(806156K), 0.0043450 secs] [Times: user=0.03 sys=0.00, real=0.01 secs] 
84.217: Total time for which application threads were stopped: 0.0044860 seconds, Stopping threads took: 0.0000720 seconds
84.310: Application time: 0.0928460 seconds
84.310: [GC84.310: [ParNew: 36428K->3632K(37568K), 0.0051740 secs] 347939K->327257K(806156K), 0.0052160 secs] [Times: user=0.04 sys=0.00, real=0.01 secs] 
84.315: Total time for which application threads were stopped: 0.0053650 seconds, Stopping threads took: 0.0000780 seconds
84.325: Application time: 0.0101770 seconds
84.326: [GC84.326: [ParNew: 36420K->1433K(37568K), 0.0023850 secs] 360045K->328678K(806156K), 0.0024250 secs] [Times: user=0.02 sys=0.00, real=0.00 secs] 
84.329: Total time for which application threads were stopped: 0.0033890 seconds, Stopping threads took: 0.0008900 seconds
84.338: Application time: 0.0089400 seconds
84.338: [GC84.338: [ParNew: 34225K->2864K(37568K), 0.0016580 secs] 361470K->330109K(806156K), 0.0016940 secs] [Times: user=0.01 sys=0.00, real=0.00 secs] 
84.339: Total time for which application threads were stopped: 0.0018290 seconds, Stopping threads took: 0.0000640 seconds
84.347: Application time: 0.0073950 seconds
84.347: [GC84.347: [ParNew: 35643K->2141K(37568K), 0.0018610 secs] 362889K->330813K(806156K), 0.0019000 secs] [Times: user=0.02 sys=0.00, real=0.00 secs] 
84.349: Total time for which application threads were stopped: 0.0023760 seconds, Stopping threads took: 0.0003940 seconds
84.358: Application time: 0.0092010 seconds
84.359: [GC84.359: [ParNew: 34941K->3572K(37568K), 0.0023740 secs] 363613K->334382K(806156K), 0.0024190 secs] [Times: user=0.02 sys=0.00, real=0.00 secs] 
84.362: Total time for which application threads were stopped: 0.0032100 seconds, Stopping threads took: 0.0006940 seconds
84.370: Application time: 0.0088150 seconds
84.371: [GC84.371: [ParNew: 36358K->1427K(37568K), 0.0016660 secs] 367167K->333663K(806156K), 0.0017010 secs] [Times: user=0.01 sys=0.00, real=0.00 secs] 
84.372: Total time for which application threads were stopped: 0.0019720 seconds, Stopping threads took: 0.0001980 seconds
84.379: Application time: 0.0068790 seconds
84.380: [GC84.380: [ParNew: 34231K->3571K(37568K), 0.0033710 secs] 366468K->340795K(806156K), 0.0034130 secs] [Times: user=0.03 sys=0.00, real=0.01 secs] 
84.383: Total time for which application threads were stopped: 0.0036020 seconds, Stopping threads took: 0.0001140 seconds
84.389: Application time: 0.0065290 seconds
84.390: [GC84.390: [ParNew: 36354K->2137K(37568K), 0.0022310 secs] 373578K->341501K(806156K), 0.0022670 secs] [Times: user=0.01 sys=0.00, real=0.00 secs] 
84.392: Total time for which application threads were stopped: 0.0024030 seconds, Stopping threads took: 0.0000720 seconds
84.470: Application time: 0.0776370 seconds
84.470: [GC84.470: [ParNew: 34947K->3574K(37568K), 0.0052150 secs] 374311K->355763K(806156K), 0.0052550 secs] [Times: user=0.04 sys=0.00, real=0.01 secs] 
84.475: Total time for which application threads were stopped: 0.0053860 seconds, Stopping threads took: 0.0000560 seconds
84.603: Application time: 0.1279950 seconds
84.603: [GC84.603: [ParNew: 36385K->3574K(37568K), 0.0054080 secs] 388574K->368590K(806156K), 0.0054540 secs] [Times: user=0.04 sys=0.00, real=0.00 secs] 
84.609: Total time for which application threads were stopped: 0.0055960 seconds, Stopping threads took: 0.0000690 seconds
84.766: Application time: 0.1572510 seconds
84.766: [GC84.766: [ParNew: 36372K->3568K(37568K), 0.0097050 secs] 401389K->381412K(806156K), 0.0097480 secs] [Times: user=0.07 sys=0.00, real=0.01 secs] 
84.776: Total time for which application threads were stopped: 0.0098790 seconds, Stopping threads took: 0.0000630 seconds
84.910: Application time: 0.1342180 seconds
84.910: [GC84.910: [ParNew: 36360K->3562K(37568K), 0.0050410 secs] 414204K->393520K(806156K), 0.0050840 secs] [Times: user=0.04 sys=0.00, real=0.01 secs] 
84.915: Total time for which application threads were stopped: 0.0052420 seconds, Stopping threads took: 0.0000770 seconds
85.052: Application time: 0.1370100 seconds
85.052: [GC85.052: [ParNew: 36362K->3572K(37568K), 0.0055180 secs] 426320K->407068K(806156K), 0.0055720 secs] [Times: user=0.04 sys=0.00, real=0.01 secs] 
85.058: Total time for which application threads were stopped: 0.0057060 seconds, Stopping threads took: 0.0000680 seconds
85.201: Application time: 0.1432530 seconds
85.201: [GC85.201: [ParNew: 36372K->3578K(37568K), 0.0052840 secs] 439868K->419900K(806156K), 0.0053240 secs] [Times: user=0.04 sys=0.00, real=0.01 secs] 
85.207: Total time for which application threads were stopped: 0.0054570 seconds, Stopping threads took: 0.0000620 seconds
85.363: Application time: 0.1560970 seconds
85.363: [GC85.363: [ParNew: 36385K->3572K(37568K), 0.0048780 secs] 452706K->431295K(806156K), 0.0049240 secs] [Times: user=0.03 sys=0.01, real=0.01 secs] 
85.368: Total time for which application threads were stopped: 0.0050670 seconds, Stopping threads took: 0.0000720 seconds
85.497: Application time: 0.1292080 seconds
85.497: [GC85.497: [ParNew: 36373K->3572K(37568K), 0.0052220 secs] 464095K->442697K(806156K), 0.0052640 secs] [Times: user=0.04 sys=0.00, real=0.00 secs] 
85.502: Total time for which application threads were stopped: 0.0054570 seconds, Stopping threads took: 0.0001140 seconds
85.640: Application time: 0.1373840 seconds
85.640: [GC85.640: [ParNew: 36382K->3578K(37568K), 0.0050530 secs] 475506K->454816K(806156K), 0.0050950 secs] [Times: user=0.04 sys=0.00, real=0.01 secs] 
85.645: Total time for which application threads were stopped: 0.0052370 seconds, Stopping threads took: 0.0000670 seconds
85.773: Application time: 0.1282940 seconds
85.773: [GC85.773: [ParNew: 36379K->3568K(37568K), 0.0051120 secs] 487617K->466921K(806156K), 0.0051550 secs] [Times: user=0.04 sys=0.00, real=0.01 secs] 
85.779: Total time for which application threads were stopped: 0.0052860 seconds, Stopping threads took: 0.0000590 seconds
85.888: Application time: 0.1097720 seconds
85.888: [GC85.889: [ParNew: 36361K->3562K(37568K), 0.0051200 secs] 499714K->479029K(806156K), 0.0051630 secs] [Times: user=0.04 sys=0.00, real=0.00 secs] 
85.894: Total time for which application threads were stopped: 0.0053150 seconds, Stopping threads took: 0.0000780 seconds
86.019: Application time: 0.1254780 seconds
86.019: [GC86.019: [ParNew: 36364K->3576K(37568K), 0.0052010 secs] 511831K->491869K(806156K), 0.0052370 secs] [Times: user=0.04 sys=0.00, real=0.01 secs] 
86.025: Total time for which application threads were stopped: 0.0053850 seconds, Stopping threads took: 0.0000680 seconds
86.154: Application time: 0.1297060 seconds
86.154: [GC86.154: [ParNew: 36378K->3572K(37568K), 0.0053040 secs] 524671K->504692K(806156K), 0.0053470 secs] [Times: user=0.04 sys=0.00, real=0.01 secs] 
86.160: Total time for which application threads were stopped: 0.0055020 seconds, Stopping threads took: 0.0000880 seconds
86.259: Application time: 0.0988720 seconds
86.259: [GC86.259: [ParNew: 36374K->3570K(37568K), 0.0047580 secs] 537494K->516092K(806156K), 0.0048000 secs] [Times: user=0.04 sys=0.00, real=0.01 secs] 
86.264: Total time for which application threads were stopped: 0.0049360 seconds, Stopping threads took: 0.0000640 seconds
86.381: Application time: 0.1173760 seconds
86.381: [GC86.381: [ParNew: 36373K->3572K(37568K), 0.0055130 secs] 548894K->529633K(806156K), 0.0055540 secs] [Times: user=0.04 sys=0.00, real=0.01 secs] 
86.387: Total time for which application threads were stopped: 0.0056860 seconds, Stopping threads took: 0.0000590 seconds
86.488: Application time: 0.1011920 seconds
86.491: [GC86.491: [ParNew: 36380K->3572K(37568K), 0.0048780 secs] 562441K->541036K(806156K), 0.0049190 secs] [Times: user=0.04 sys=0.00, real=0.01 secs] 
86.496: Total time for which application threads were stopped: 0.0080130 seconds, Stopping threads took: 0.0030240 seconds
86.619: Application time: 0.1227320 seconds
86.619: [GC86.619: [ParNew: 36376K->3568K(37568K), 0.0055540 secs] 573839K->554572K(806156K), 0.0056000 secs] [Times: user=0.04 sys=0.00, real=0.01 secs] 
86.624: Total time for which application threads were stopped: 0.0057460 seconds, Stopping threads took: 0.0000630 seconds
86.725: Application time: 0.1002910 seconds
86.725: [GC86.725: [ParNew: 36372K->3568K(37568K), 0.0049480 secs] 587376K->565975K(806156K), 0.0050020 secs] [Times: user=0.04 sys=0.00, real=0.00 secs] 
86.730: Total time for which application threads were stopped: 0.0051420 seconds, Stopping threads took: 0.0000670 seconds
86.843: Application time: 0.1131950 seconds
86.843: [GC86.843: [ParNew: 36363K->3562K(37568K), 0.0054450 secs] 598769K->578796K(806156K), 0.0054870 secs] [Times: user=0.04 sys=0.00, real=0.00 secs] 
86.849: Total time for which application threads were stopped: 0.0056280 seconds, Stopping threads took: 0.0000690 seconds
86.960: Application time: 0.1110030 seconds
86.960: [GC86.960: [ParNew: 36366K->3575K(37568K), 0.0053450 secs] 611599K->591635K(806156K), 0.0053900 secs] [Times: user=0.04 sys=0.00, real=0.01 secs] 
86.965: Total time for which application threads were stopped: 0.0055270 seconds, Stopping threads took: 0.0000660 seconds
87.070: Application time: 0.1044730 seconds
87.070: [GC87.070: [ParNew: 36376K->3572K(37568K), 0.0053360 secs] 624436K->604460K(806156K), 0.0053800 secs] [Times: user=0.04 sys=0.00, real=0.01 secs] 
87.075: Total time for which application threads were stopped: 0.0055330 seconds, Stopping threads took: 0.0000840 seconds
87.183: Application time: 0.1077980 seconds
87.183: [GC87.183: [ParNew: 36367K->3564K(37568K), 0.0050450 secs] 637254K->616566K(806156K), 0.0050900 secs] [Times: user=0.04 sys=0.00, real=0.00 secs] 
87.188: Total time for which application threads were stopped: 0.0052420 seconds, Stopping threads took: 0.0000680 seconds
87.294: Application time: 0.1059110 seconds
87.294: [GC87.294: [ParNew: 36373K->3572K(37568K), 0.0055670 secs] 649375K->630113K(806156K), 0.0056100 secs] [Times: user=0.05 sys=0.00, real=0.01 secs] 
87.300: Total time for which application threads were stopped: 0.0057860 seconds, Stopping threads took: 0.0001060 seconds
87.416: Application time: 0.1160150 seconds
87.416: [GC87.416: [ParNew: 36366K->3564K(37568K), 0.0050290 secs] 662907K->642220K(806156K), 0.0050710 secs] [Times: user=0.04 sys=0.00, real=0.00 secs] 
87.421: Total time for which application threads were stopped: 0.0052230 seconds, Stopping threads took: 0.0000840 seconds
87.470: Application time: 0.0492540 seconds
87.471: [GC87.471: [ParNew: 36341K->3668K(37568K), 0.0045970 secs] 674997K->652299K(806156K), 0.0046400 secs] [Times: user=0.04 sys=0.00, real=0.01 secs] 
87.475: Total time for which application threads were stopped: 0.0048090 seconds, Stopping threads took: 0.0000960 seconds
87.486: Application time: 0.0103380 seconds
87.486: [GC87.486: [ParNew: 36568K->3574K(37568K), 0.0028170 secs] 685200K->655143K(806156K), 0.0028570 secs] [Times: user=0.02 sys=0.00, real=0.00 secs] 
87.489: Total time for which application threads were stopped: 0.0030000 seconds, Stopping threads took: 0.0000710 seconds
87.496: Application time: 0.0078970 seconds
87.497: [GC87.497: [ParNew: 36362K->3568K(37568K), 0.0024600 secs] 687931K->657276K(806156K), 0.0025070 secs] [Times: user=0.01 sys=0.00, real=0.00 secs] 
87.500: Total time for which application threads were stopped: 0.0033690 seconds, Stopping threads took: 0.0007860 seconds
87.507: Application time: 0.0076430 seconds
87.508: [GC87.508: [ParNew: 36356K->3568K(37568K), 0.0020510 secs] 690064K->657989K(806156K), 0.0020940 secs] [Times: user=0.01 sys=0.00, real=0.00 secs] 
87.510: Total time for which application threads were stopped: 0.0024190 seconds, Stopping threads took: 0.0002490 seconds
87.518: Application time: 0.0078700 seconds
87.518: [GC87.518: [ParNew: 36366K->3578K(37568K), 0.0022760 secs] 690787K->659425K(806156K), 0.0023170 secs] [Times: user=0.02 sys=0.00, real=0.00 secs] 
87.520: Total time for which application threads were stopped: 0.0025570 seconds, Stopping threads took: 0.0001660 seconds
87.528: Application time: 0.0079600 seconds
87.529: [GC87.529: [ParNew: 36373K->3572K(37568K), 0.0031020 secs] 692220K->663696K(806156K), 0.0031430 secs] [Times: user=0.02 sys=0.00, real=0.00 secs] 
87.532: Total time for which application threads were stopped: 0.0035370 seconds, Stopping threads took: 0.0003120 seconds
87.541: Application time: 0.0089620 seconds
87.541: [GC87.541: [ParNew: 36365K->2862K(37568K), 0.0020500 secs] 696489K->664412K(806156K), 0.0020920 secs] [Times: user=0.01 sys=0.00, real=0.01 secs] 
87.543: Total time for which application threads were stopped: 0.0022500 seconds, Stopping threads took: 0.0000860 seconds
87.552: Application time: 0.0089050 seconds
87.552: [GC87.552: [ParNew: 35655K->2860K(37568K), 0.0016850 secs] 697205K->665124K(806156K), 0.0017250 secs] [Times: user=0.02 sys=0.00, real=0.00 secs] 
87.554: Total time for which application threads were stopped: 0.0021650 seconds, Stopping threads took: 0.0003700 seconds
87.562: Application time: 0.0074390 seconds
87.562: [GC87.562: [ParNew: 35648K->2137K(37568K), 0.0017280 secs] 697912K->665115K(806156K), 0.0017650 secs] [Times: user=0.01 sys=0.00, real=0.01 secs] 
87.563: Total time for which application threads were stopped: 0.0019100 seconds, Stopping threads took: 0.0000730 seconds
87.571: Application time: 0.0079060 seconds
87.572: [GC87.572: [ParNew: 34941K->3577K(37568K), 0.0024300 secs] 697918K->668692K(806156K), 0.0024700 secs] [Times: user=0.02 sys=0.00, real=0.00 secs] 
87.574: Total time for which application threads were stopped: 0.0027960 seconds, Stopping threads took: 0.0002530 seconds
87.582: Application time: 0.0076660 seconds
87.582: [GC87.582: [ParNew: 36932K->3603K(37568K), 0.0026970 secs] 702047K->671570K(806156K), 0.0027370 secs] [Times: user=0.02 sys=0.00, real=0.01 secs] 
87.585: Total time for which application threads were stopped: 0.0028900 seconds, Stopping threads took: 0.0000800 seconds
87.592: Application time: 0.0072050 seconds
87.592: [GC87.592: [ParNew: 36574K->3576K(37568K), 0.0025660 secs] 704541K->674422K(806156K), 0.0026040 secs] [Times: user=0.02 sys=0.00, real=0.00 secs] 
87.595: Total time for which application threads were stopped: 0.0027840 seconds, Stopping threads took: 0.0001080 seconds
87.608: Application time: 0.0133300 seconds
87.608: [GC87.608: [ParNew: 36375K->3576K(37568K), 0.0027730 secs] 707221K->677274K(806156K), 0.0028190 secs] [Times: user=0.02 sys=0.00, real=0.00 secs] 
87.611: Total time for which application threads were stopped: 0.0029650 seconds, Stopping threads took: 0.0000700 seconds
87.622: Application time: 0.0113360 seconds
87.623: [GC87.623: [ParNew: 36370K->2145K(37568K), 0.0022790 secs] 710068K->678694K(806156K), 0.0023210 secs] [Times: user=0.01 sys=0.00, real=0.01 secs] 
87.625: Total time for which application threads were stopped: 0.0024730 seconds, Stopping threads took: 0.0000800 seconds
87.638: Application time: 0.0132600 seconds
87.638: [GC87.638: [ParNew: 34931K->3564K(37568K), 0.0026030 secs] 711480K->682252K(806156K), 0.0026470 secs] [Times: user=0.02 sys=0.00, real=0.00 secs] 
87.641: Total time for which application threads were stopped: 0.0028080 seconds, Stopping threads took: 0.0000840 seconds
87.649: Application time: 0.0083890 seconds
87.649: [GC87.649: [ParNew: 36356K->2147K(37568K), 0.0023380 secs] 715043K->683686K(806156K), 0.0023810 secs] [Times: user=0.02 sys=0.00, real=0.00 secs] 
87.652: Total time for which application threads were stopped: 0.0025410 seconds, Stopping threads took: 0.0000840 seconds
87.750: Application time: 0.0978530 seconds
87.750: [GC87.750: [ParNew: 34948K->3574K(37568K), 0.0053970 secs] 716487K->697938K(806156K), 0.0054400 secs] [Times: user=0.04 sys=0.00, real=0.01 secs] 
87.755: Total time for which application threads were stopped: 0.0055910 seconds, Stopping threads took: 0.0000720 seconds
87.884: Application time: 0.1285830 seconds
87.884: [GC87.884: [ParNew: 36367K->3562K(37568K), 0.0051970 secs] 730730K->710040K(806156K), 0.0052380 secs] [Times: user=0.04 sys=0.00, real=0.00 secs] 
87.889: Total time for which application threads were stopped: 0.0053940 seconds, Stopping threads took: 0.0000810 seconds
87.946: Application time: 0.0562770 seconds
87.946: [GC87.946: [ParNew: 36386K->3604K(37568K), 0.0041100 secs] 742863K->717920K(806156K), 0.0041540 secs] [Times: user=0.03 sys=0.00, real=0.00 secs] 
87.950: Total time for which application threads were stopped: 0.0043290 seconds, Stopping threads took: 0.0001000 seconds
87.950: Application time: 0.0000670 seconds
87.950: [GC [1 CMS-initial-mark: 714315K(768588K)] 718632K(806156K), 0.0001400 secs] [Times: user=0.00 sys=0.00, real=0.00 secs] 
87.950: Total time for which application threads were stopped: 0.0002640 seconds, Stopping threads took: 0.0000980 seconds
87.950: [CMS-concurrent-mark-start]
87.958: [CMS-concurrent-mark: 0.007/0.007 secs] [Times: user=0.05 sys=0.00, real=0.01 secs] 
87.958: [CMS-concurrent-preclean-start]
87.959: [CMS-concurrent-preclean: 0.002/0.002 secs] [Times: user=0.02 sys=0.00, real=0.00 secs] 
87.960: [CMS-concurrent-abortable-preclean-start]
87.961: Application time: 0.0108180 seconds
87.961: [GC87.961: [ParNew: 36392K->3570K(37568K), 0.0024080 secs] 750708K->720052K(806156K), 0.0024450 secs] [Times: user=0.01 sys=0.00, real=0.01 secs] 
87.964: Total time for which application threads were stopped: 0.0026260 seconds, Stopping threads took: 0.0001100 seconds
87.978: Application time: 0.0145020 seconds
87.978: [GC87.978: [ParNew: 36361K->3574K(37568K), 0.0026190 secs] 752843K->722194K(806156K), 0.0026610 secs] [Times: user=0.02 sys=0.00, real=0.00 secs] 
87.981: Total time for which application threads were stopped: 0.0028480 seconds, Stopping threads took: 0.0001110 seconds
87.989: Application time: 0.0083860 seconds
87.990: [GC87.990: [ParNew: 36373K->3572K(37568K), 0.0043920 secs] 754993K->731455K(806156K), 0.0044350 secs] [Times: user=0.03 sys=0.00, real=0.00 secs] 
87.994: Total time for which application threads were stopped: 0.0046410 seconds, Stopping threads took: 0.0001320 seconds
88.066: Application time: 0.0720170 seconds
88.066: [GC88.066: [ParNew: 36372K->3574K(37568K), 0.0047200 secs] 764254K->742144K(806156K), 0.0047590 secs] [Times: user=0.03 sys=0.00, real=0.00 secs] 
88.071: Total time for which application threads were stopped: 0.0049280 seconds, Stopping threads took: 0.0001000 seconds
88.098: Application time: 0.0270100 seconds
88.098: [GC88.098: [ParNew: 36398K->3604K(37568K), 0.0034070 secs] 774968K->747163K(806156K), 0.0034490 secs] [Times: user=0.02 sys=0.00, real=0.00 secs] 
88.102: Total time for which application threads were stopped: 0.0036410 seconds, Stopping threads took: 0.0001150 seconds
88.114: Application time: 0.0120100 seconds
88.114: [GC88.114: [ParNew: 36390K->1435K(37568K), 0.0020840 secs] 779949K->747872K(806156K), 0.0021240 secs] [Times: user=0.01 sys=0.00, real=0.01 secs] 
88.116: Total time for which application threads were stopped: 0.0022950 seconds, Stopping threads took: 0.0000980 seconds
88.131: Application time: 0.0152810 seconds
88.131: [GC88.131: [ParNew: 34227K->3573K(37568K), 0.0027610 secs] 780664K->752860K(806156K), 0.0028050 secs] [Times: user=0.02 sys=0.00, real=0.00 secs] 
88.134: Total time for which application threads were stopped: 0.0029700 seconds, Stopping threads took: 0.0000900 seconds
88.142: Application time: 0.0078400 seconds
88.142: [GC88.142: [ParNew: 36358K->2852K(37568K), 0.0024730 secs] 785646K->754990K(806156K), 0.0025170 secs] [Times: user=0.01 sys=0.00, real=0.01 secs] 
88.145: Total time for which application threads were stopped: 0.0026660 seconds, Stopping threads took: 0.0000730 seconds
88.227: Application time: 0.0824260 seconds
88.227: [GC88.227: [ParNew: 35684K->3596K(37568K), 0.0060830 secs] 787822K->769985K(815464K), 0.0061260 secs] [Times: user=0.03 sys=0.01, real=0.00 secs] 
88.233: Total time for which application threads were stopped: 0.0062870 seconds, Stopping threads took: 0.0000880 seconds
88.251: Application time: 0.0175370 seconds
88.251: [GC88.251: [ParNew: 36418K->2890K(37568K), 0.0025830 secs] 802807K->772871K(819044K), 0.0026230 secs] [Times: user=0.02 sys=0.00, real=0.00 secs] 
88.254: Total time for which application threads were stopped: 0.0027800 seconds, Stopping threads took: 0.0000700 seconds
88.263: Application time: 0.0087870 seconds
88.263: [GC88.263: [ParNew: 35672K->3564K(37568K), 0.0022570 secs] 805653K->775001K(820476K), 0.0023100 secs] [Times: user=0.02 sys=0.00, real=0.01 secs] 
88.265: Total time for which application threads were stopped: 0.0024610 seconds, Stopping threads took: 0.0000760 seconds
88.274: Application time: 0.0092200 seconds
88.274: [GC88.274: [ParNew: 36358K->3572K(37568K), 0.0023450 secs] 807795K->777146K(822624K), 0.0023890 secs] [Times: user=0.02 sys=0.00, real=0.01 secs] 
88.277: Total time for which application threads were stopped: 0.0025720 seconds, Stopping threads took: 0.0001090 seconds
88.288: Application time: 0.0107490 seconds
88.288: [GC88.288: [ParNew: 36362K->3572K(37568K), 0.0021250 secs] 809936K->777860K(823340K), 0.0021640 secs] [Times: user=0.02 sys=0.00, real=0.00 secs] 
88.290: Total time for which application threads were stopped: 0.0023690 seconds, Stopping threads took: 0.0001300 seconds
88.300: Application time: 0.0099490 seconds
88.300: [GC88.300: [ParNew: 36366K->2862K(37568K), 0.0018870 secs] 810654K->777863K(824056K), 0.0019250 secs] [Times: user=0.02 sys=0.00, real=0.00 secs] 
88.302: Total time for which application threads were stopped: 0.0020940 seconds, Stopping threads took: 0.0000960 seconds
88.311: Application time: 0.0090530 seconds
88.311: [GC88.311: [ParNew: 35649K->3562K(37568K), 0.0025410 secs] 810650K->781414K(826920K), 0.0025800 secs] [Times: user=0.01 sys=0.00, real=0.00 secs] 
88.314: Total time for which application threads were stopped: 0.0028950 seconds, Stopping threads took: 0.0002430 seconds
88.324: Application time: 0.0102240 seconds
88.324: [GC88.324: [ParNew: 36367K->3574K(37568K), 0.0034470 secs] 814219K->788552K(834080K), 0.0034940 secs] [Times: user=0.02 sys=0.01, real=0.00 secs] 
88.328: Total time for which application threads were stopped: 0.0036450 seconds, Stopping threads took: 0.0000760 seconds
88.396: Application time: 0.0681000 seconds
88.396: [GC88.396: [ParNew: 36374K->3572K(37568K), 0.0035370 secs] 821352K->797101K(842672K), 0.0035780 secs] [Times: user=0.01 sys=0.01, real=0.00 secs] 
88.400: Total time for which application threads were stopped: 0.0037110 seconds, Stopping threads took: 0.0000620 seconds
88.544: Application time: 0.1447550 seconds
88.544: [GC88.545: [ParNew: 36370K->3568K(37568K), 0.0042350 secs] 829899K->809210K(854844K), 0.0042780 secs] [Times: user=0.02 sys=0.01, real=0.00 secs] 
88.549: Total time for which application threads were stopped: 0.0044000 seconds, Stopping threads took: 0.0000520 seconds
88.549: [CMS-concurrent-abortable-preclean: 0.024/0.589 secs] [Times: user=4.54 sys=0.04, real=0.59 secs] 
88.549: Application time: 0.0000450 seconds
88.551: [GC[YG occupancy: 4281 K (37568 K)]88.551: [Rescan (parallel) , 0.0002690 secs]88.551: [weak refs processing, 0.0000060 secs]88.551: [scrub string table, 0.0001140 secs] [1 CMS-remark: 805642K(817276K)] 809923K(854844K), 0.0004100 secs] [Times: user=0.00 sys=0.00, real=0.00 secs] 
88.551: Total time for which application threads were stopped: 0.0024210 seconds, Stopping threads took: 0.0019840 seconds
88.551: [CMS-concurrent-sweep-start]
88.553: [CMS-concurrent-sweep: 0.002/0.002 secs] [Times: user=0.00 sys=0.00, real=0.00 secs] 
88.553: [CMS-concurrent-reset-start]
88.554: [CMS-concurrent-reset: 0.002/0.002 secs] [Times: user=0.00 sys=0.00, real=0.00 secs] 
88.697: Application time: 0.1456040 seconds
88.697: [GC88.697: [ParNew: 36381K->3574K(37568K), 0.0053830 secs] 151131K->131863K(854844K), 0.0054220 secs] [Times: user=0.04 sys=0.00, real=0.00 secs] 
88.702: Total time for which application threads were stopped: 0.0055580 seconds, Stopping threads took: 0.0000660 seconds
88.853: Application time: 0.1502060 seconds
88.853: [GC88.853: [ParNew: 36366K->3564K(37568K), 0.0049290 secs] 164655K->143968K(854844K), 0.0049710 secs] [Times: user=0.04 sys=0.00, real=0.01 secs] 
88.858: Total time for which application threads were stopped: 0.0051340 seconds, Stopping threads took: 0.0000840 seconds
88.954: Application time: 0.0961500 seconds
88.954: [GC88.954: [ParNew: 36362K->3568K(37568K), 0.0050520 secs] 176766K->156085K(854844K), 0.0051050 secs] [Times: user=0.04 sys=0.00, real=0.01 secs] 
88.959: Total time for which application threads were stopped: 0.0052690 seconds, Stopping threads took: 0.0000920 seconds
89.107: Application time: 0.1473520 seconds
89.107: [GC89.107: [ParNew: 36366K->3566K(37568K), 0.0056160 secs] 188883K->169621K(854844K), 0.0056580 secs] [Times: user=0.04 sys=0.00, real=0.00 secs] 
89.112: Total time for which application threads were stopped: 0.0057980 seconds, Stopping threads took: 0.0000670 seconds
89.266: Application time: 0.1541490 seconds
89.267: [GC89.267: [ParNew: 36371K->3572K(37568K), 0.0050900 secs] 202426K->181741K(854844K), 0.0051330 secs] [Times: user=0.04 sys=0.00, real=0.00 secs] 
89.272: Total time for which application threads were stopped: 0.0052650 seconds, Stopping threads took: 0.0000630 seconds
89.424: Application time: 0.1518300 seconds
89.424: [GC89.424: [ParNew: 36364K->3562K(37568K), 0.0051290 secs] 214533K->193845K(854844K), 0.0051730 secs] [Times: user=0.03 sys=0.00, real=0.00 secs] 
89.429: Total time for which application threads were stopped: 0.0053140 seconds, Stopping threads took: 0.0000600 seconds
89.572: Application time: 0.1428670 seconds
89.572: [GC89.572: [ParNew: 36380K->3576K(37568K), 0.0056630 secs] 226663K->207397K(854844K), 0.0057070 secs] [Times: user=0.04 sys=0.00, real=0.01 secs] 
89.578: Total time for which application threads were stopped: 0.0058480 seconds, Stopping threads took: 0.0000690 seconds
89.691: Application time: 0.1136810 seconds
89.691: [GC89.691: [ParNew: 36377K->3570K(37568K), 0.0053690 secs] 240198K->220220K(854844K), 0.0054200 secs] [Times: user=0.04 sys=0.00, real=0.01 secs] 
89.697: Total time for which application threads were stopped: 0.0055810 seconds, Stopping threads took: 0.0000880 seconds
89.820: Application time: 0.1234470 seconds
89.820: [GC89.820: [ParNew: 36363K->3562K(37568K), 0.0053200 secs] 253012K->233038K(854844K), 0.0053650 secs] [Times: user=0.04 sys=0.00, real=0.01 secs] 
89.826: Total time for which application threads were stopped: 0.0055070 seconds, Stopping threads took: 0.0000720 seconds
89.951: Application time: 0.1256070 seconds
89.952: [GC89.952: [ParNew: 36364K->3576K(37568K), 0.0050250 secs] 265840K->245165K(854844K), 0.0050660 secs] [Times: user=0.04 sys=0.00, real=0.01 secs] 
89.957: Total time for which application threads were stopped: 0.0052200 seconds, Stopping threads took: 0.0000740 seconds
90.074: Application time: 0.1172300 seconds
90.074: [GC90.074: [ParNew: 36378K->3570K(37568K), 0.0051140 secs] 277967K->257273K(854844K), 0.0051590 secs] [Times: user=0.04 sys=0.00, real=0.01 secs] 
90.079: Total time for which application threads were stopped: 0.0053130 seconds, Stopping threads took: 0.0000840 seconds
90.189: Application time: 0.1093770 seconds
90.189: [GC90.189: [ParNew: 36373K->3572K(37568K), 0.0051600 secs] 290076K->269390K(854844K), 0.0052000 secs] [Times: user=0.03 sys=0.00, real=0.00 secs] 
90.194: Total time for which application threads were stopped: 0.0053480 seconds, Stopping threads took: 0.0000760 seconds
90.313: Application time: 0.1195100 seconds
90.314: [GC90.314: [ParNew: 36375K->3568K(37568K), 0.0053780 secs] 302193K->282213K(854844K), 0.0054220 secs] [Times: user=0.04 sys=0.00, real=0.01 secs] 
90.319: Total time for which application threads were stopped: 0.0055740 seconds, Stopping threads took: 0.0000800 seconds
90.412: Application time: 0.0931820 seconds
90.412: [GC90.412: [ParNew: 36369K->3568K(37568K), 0.0051970 secs] 315014K->294328K(854844K), 0.0052420 secs] [Times: user=0.04 sys=0.00, real=0.01 secs] 
90.418: Total time for which application threads were stopped: 0.0053780 seconds, Stopping threads took: 0.0000620 seconds
90.538: Application time: 0.1201680 seconds
90.538: [GC90.538: [ParNew: 36378K->3573K(37568K), 0.0054340 secs] 327138K->307159K(854844K), 0.0054770 secs] [Times: user=0.04 sys=0.00, real=0.01 secs] 
90.543: Total time for which application threads were stopped: 0.0056630 seconds, Stopping threads took: 0.0001020 seconds
90.642: Application time: 0.0990260 seconds
90.643: [GC90.643: [ParNew: 36374K->3568K(37568K), 0.0051260 secs] 339960K->319271K(854844K), 0.0051780 secs] [Times: user=0.04 sys=0.00, real=0.01 secs] 
90.648: Total time for which application threads were stopped: 0.0053270 seconds, Stopping threads took: 0.0000780 seconds
90.757: Application time: 0.1090960 seconds
90.757: [GC90.757: [ParNew: 36363K->3562K(37568K), 0.0051730 secs] 352066K->331380K(854844K), 0.0052170 secs] [Times: user=0.04 sys=0.00, real=0.00 secs] 
90.762: Total time for which application threads were stopped: 0.0053770 seconds, Stopping threads took: 0.0000870 seconds
90.878: Application time: 0.1157540 seconds
90.878: [GC90.878: [ParNew: 36364K->3570K(37568K), 0.0051490 secs] 364181K->343502K(854844K), 0.0051920 secs] [Times: user=0.04 sys=0.00, real=0.01 secs] 
90.883: Total time for which application threads were stopped: 0.0053190 seconds, Stopping threads took: 0.0000580 seconds
90.980: Application time: 0.0971150 seconds
90.981: [GC90.981: [ParNew: 36372K->3568K(37568K), 0.0051670 secs] 376303K->355614K(854844K), 0.0052120 secs] [Times: user=0.04 sys=0.00, real=0.01 secs] 
90.986: Total time for which application threads were stopped: 0.0053590 seconds, Stopping threads took: 0.0000790 seconds
91.106: Application time: 0.1200250 seconds
91.106: [GC91.106: [ParNew: 36363K->3562K(37568K), 0.0051950 secs] 388409K->367723K(854844K), 0.0052370 secs] [Times: user=0.04 sys=0.00, real=0.00 secs] 
91.111: Total time for which application threads were stopped: 0.0053950 seconds, Stopping threads took: 0.0000720 seconds
91.205: Application time: 0.0941090 seconds
91.205: [GC91.205: [ParNew: 36372K->3570K(37568K), 0.0053510 secs] 400532K->380557K(854844K), 0.0053940 secs] [Times: user=0.04 sys=0.01, real=0.00 secs] 
91.211: Total time for which application threads were stopped: 0.0055470 seconds, Stopping threads took: 0.0000780 seconds
91.338: Application time: 0.1274000 seconds
91.338: [GC91.338: [ParNew: 36364K->3562K(37568K), 0.0050500 secs] 413351K->392664K(854844K), 0.0050930 secs] [Times: user=0.04 sys=0.00, real=0.01 secs] 
91.344: Total time for which application threads were stopped: 0.0052330 seconds, Stopping threads took: 0.0000730 seconds
91.384: Application time: 0.0407990 seconds
91.385: [GC91.385: [ParNew: 36422K->3632K(37568K), 0.0050300 secs] 425524K->404135K(854844K), 0.0050730 secs] [Times: user=0.04 sys=0.00, real=0.00 secs] 
91.390: Total time for which application threads were stopped: 0.0058920 seconds, Stopping threads took: 0.0007450 seconds
91.401: Application time: 0.0109450 seconds
91.401: [GC91.401: [ParNew: 36414K->3562K(37568K), 0.0026560 secs] 436917K->406262K(854844K), 0.0027000 secs] [Times: user=0.02 sys=0.00, real=0.01 secs] 
91.404: Total time for which application threads were stopped: 0.0028620 seconds, Stopping threads took: 0.0000880 seconds
91.413: Application time: 0.0086210 seconds
91.413: [GC91.413: [ParNew: 36354K->2862K(37568K), 0.0023760 secs] 439054K->407699K(854844K), 0.0024160 secs] [Times: user=0.01 sys=0.00, real=0.01 secs] 
91.415: Total time for which application threads were stopped: 0.0026490 seconds, Stopping threads took: 0.0001570 seconds
91.424: Application time: 0.0090040 seconds
91.425: [GC91.425: [ParNew: 35660K->3578K(37568K), 0.0016230 secs] 440497K->408415K(854844K), 0.0016600 secs] [Times: user=0.01 sys=0.00, real=0.00 secs] 
91.427: Total time for which application threads were stopped: 0.0023850 seconds, Stopping threads took: 0.0006560 seconds
91.436: Application time: 0.0097240 seconds
91.437: [GC91.437: [ParNew: 36362K->2850K(37568K), 0.0023830 secs] 441199K->409826K(854844K), 0.0024260 secs] [Times: user=0.02 sys=0.00, real=0.00 secs] 
91.439: Total time for which application threads were stopped: 0.0025690 seconds, Stopping threads took: 0.0000700 seconds
91.449: Application time: 0.0097010 seconds
91.449: [GC91.449: [ParNew: 35639K->3563K(37568K), 0.0027060 secs] 442616K->413389K(854844K), 0.0027520 secs] [Times: user=0.02 sys=0.00, real=0.00 secs] 
91.452: Total time for which application threads were stopped: 0.0031530 seconds, Stopping threads took: 0.0003190 seconds
91.460: Application time: 0.0080670 seconds
91.460: [GC91.460: [ParNew: 36368K->3571K(37568K), 0.0025080 secs] 446194K->415535K(854844K), 0.0025500 secs] [Times: user=0.01 sys=0.00, real=0.00 secs] 
91.463: Total time for which application threads were stopped: 0.0027220 seconds, Stopping threads took: 0.0000940 seconds
91.470: Application time: 0.0071480 seconds
91.470: [GC91.470: [ParNew: 36354K->2850K(37568K), 0.0023230 secs] 448318K->416954K(854844K), 0.0023630 secs] [Times: user=0.02 sys=0.00, real=0.00 secs] 
91.472: Total time for which application threads were stopped: 0.0025110 seconds, Stopping threads took: 0.0000730 seconds
91.492: Application time: 0.0199180 seconds
91.492: [GC91.492: [ParNew: 35688K->3606K(37568K), 0.0037850 secs] 449792K->424123K(854844K), 0.0038280 secs] [Times: user=0.03 sys=0.00, real=0.01 secs] 
91.496: Total time for which application threads were stopped: 0.0039800 seconds, Stopping threads took: 0.0000770 seconds
91.509: Application time: 0.0126750 seconds
91.509: [GC91.509: [ParNew: 36390K->1431K(37568K), 0.0021910 secs] 456907K->424828K(854844K), 0.0022340 secs] [Times: user=0.01 sys=0.00, real=0.00 secs] 
91.511: Total time for which application threads were stopped: 0.0024120 seconds, Stopping threads took: 0.0001020 seconds
91.529: Application time: 0.0176860 seconds
91.529: [GC91.529: [ParNew: 34713K->1474K(37568K), 0.0012720 secs] 458111K->424871K(854844K), 0.0013060 secs] [Times: user=0.01 sys=0.00, real=0.00 secs] 
91.530: Total time for which application threads were stopped: 0.0014820 seconds, Stopping threads took: 0.0001050 seconds
91.540: Application time: 0.0099440 seconds
91.543: [GC91.543: [ParNew: 34471K->3612K(37568K), 0.0023490 secs] 457868K->428435K(854844K), 0.0023940 secs] [Times: user=0.01 sys=0.00, real=0.00 secs] 
91.545: Total time for which application threads were stopped: 0.0048900 seconds, Stopping threads took: 0.0024200 seconds
91.555: Application time: 0.0099480 seconds
91.555: [GC91.555: [ParNew: 36455K->3574K(37568K), 0.0029820 secs] 461278K->431988K(854844K), 0.0030230 secs] [Times: user=0.03 sys=0.00, real=0.00 secs] 
91.558: Total time for which application threads were stopped: 0.0032080 seconds, Stopping threads took: 0.0001110 seconds
91.571: Application time: 0.0124770 seconds
91.571: [GC91.571: [ParNew: 36360K->3566K(37568K), 0.0027800 secs] 464774K->434831K(854844K), 0.0028250 secs] [Times: user=0.02 sys=0.00, real=0.00 secs] 
91.574: Total time for which application threads were stopped: 0.0029960 seconds, Stopping threads took: 0.0000950 seconds
91.586: Application time: 0.0120010 seconds
91.586: [GC91.586: [ParNew: 36359K->3572K(37568K), 0.0036620 secs] 467624K->441250K(854844K), 0.0037040 secs] [Times: user=0.03 sys=0.00, real=0.00 secs] 
91.590: Total time for which application threads were stopped: 0.0038910 seconds, Stopping threads took: 0.0001140 seconds
91.602: Application time: 0.0121400 seconds
91.602: [GC91.602: [ParNew: 36365K->1431K(37568K), 0.0022330 secs] 474043K->441959K(854844K), 0.0022730 secs] [Times: user=0.02 sys=0.00, real=0.01 secs] 
91.604: Total time for which application threads were stopped: 0.0024360 seconds, Stopping threads took: 0.0000890 seconds
91.649: Application time: 0.0441280 seconds
91.649: [GC91.649: [ParNew: 34229K->3570K(37568K), 0.0033900 secs] 474757K->449799K(854844K), 0.0034320 secs] [Times: user=0.03 sys=0.00, real=0.00 secs] 
91.652: Total time for which application threads were stopped: 0.0035840 seconds, Stopping threads took: 0.0000720 seconds
91.800: Application time: 0.1478390 seconds
91.800: [GC91.800: [ParNew: 36891K->3609K(37568K), 0.0044720 secs] 483120K->459814K(854844K), 0.0045120 secs] [Times: user=0.03 sys=0.00, real=0.01 secs] 
91.805: Total time for which application threads were stopped: 0.0046410 seconds, Stopping threads took: 0.0000580 seconds
91.824: Application time: 0.0191120 seconds
91.824: [GC91.824: [ParNew: 36613K->3572K(37568K), 0.0043290 secs] 492818K->468356K(854844K), 0.0043810 secs] [Times: user=0.04 sys=0.00, real=0.00 secs] 
91.828: Total time for which application threads were stopped: 0.0045480 seconds, Stopping threads took: 0.0000910 seconds
91.839: Application time: 0.0105070 seconds
91.839: [GC91.839: [ParNew: 36370K->3570K(37568K), 0.0027630 secs] 501154K->471917K(854844K), 0.0028030 secs] [Times: user=0.02 sys=0.00, real=0.00 secs] 
91.842: Total time for which application threads were stopped: 0.0030410 seconds, Stopping threads took: 0.0001640 seconds
91.855: Application time: 0.0135220 seconds
91.856: [GC91.856: [ParNew: 36355K->3562K(37568K), 0.0030710 secs] 504702K->476185K(854844K), 0.0031110 secs] [Times: user=0.03 sys=0.00, real=0.00 secs] 
91.859: Total time for which application threads were stopped: 0.0033110 seconds, Stopping threads took: 0.0001260 seconds
91.868: Application time: 0.0092270 seconds
91.868: [GC91.868: [ParNew: 36354K->1437K(37568K), 0.0021110 secs] 508976K->476197K(854844K), 0.0021510 secs] [Times: user=0.01 sys=0.00, real=0.00 secs] 
91.870: Total time for which application threads were stopped: 0.0023490 seconds, Stopping threads took: 0.0001220 seconds
91.982: Application time: 0.1120840 seconds
91.982: [GC91.982: [ParNew: 34765K->3613K(37568K), 0.0046570 secs] 509525K->489061K(854844K), 0.0046980 secs] [Times: user=0.03 sys=0.00, real=0.01 secs] 
91.987: Total time for which application threads were stopped: 0.0048280 seconds, Stopping threads took: 0.0000600 seconds
92.006: Application time: 0.0190150 seconds
92.006: [GC92.006: [ParNew: 36617K->3570K(37568K), 0.0043860 secs] 522065K->497598K(854844K), 0.0044380 secs] [Times: user=0.03 sys=0.00, real=0.00 secs] 
92.011: Total time for which application threads were stopped: 0.0046230 seconds, Stopping threads took: 0.0001090 seconds
92.022: Application time: 0.0112480 seconds
92.022: [GC92.022: [ParNew: 36366K->3574K(37568K), 0.0027590 secs] 530394K->500452K(854844K), 0.0028000 secs] [Times: user=0.03 sys=0.00, real=0.01 secs] 
92.025: Total time for which application threads were stopped: 0.0030080 seconds, Stopping threads took: 0.0001340 seconds
92.039: Application time: 0.0140930 seconds
92.039: [GC92.039: [ParNew: 36358K->2850K(37568K), 0.0026260 secs] 533236K->502579K(854844K), 0.0026660 secs] [Times: user=0.02 sys=0.00, real=0.00 secs] 
92.042: Total time for which application threads were stopped: 0.0028190 seconds, Stopping threads took: 0.0000790 seconds
92.050: Application time: 0.0078130 seconds
92.050: [GC92.050: [ParNew: 35640K->1435K(37568K), 0.0020060 secs] 535369K->503301K(854844K), 0.0020440 secs] [Times: user=0.02 sys=0.00, real=0.00 secs] 
92.052: Total time for which application threads were stopped: 0.0022080 seconds, Stopping threads took: 0.0000900 seconds
92.167: Application time: 0.1152610 seconds
92.168: [GC92.168: [ParNew: 34269K->3604K(37568K), 0.0051940 secs] 536135K->517583K(854844K), 0.0052370 secs] [Times: user=0.04 sys=0.00, real=0.00 secs] 
92.173: Total time for which application threads were stopped: 0.0055020 seconds, Stopping threads took: 0.0001850 seconds
92.187: Application time: 0.0147000 seconds
92.188: [GC92.188: [ParNew: 36392K->3568K(37568K), 0.0036680 secs] 550371K->523277K(854844K), 0.0037140 secs] [Times: user=0.02 sys=0.00, real=0.00 secs] 
92.191: Total time for which application threads were stopped: 0.0038830 seconds, Stopping threads took: 0.0000940 seconds
92.202: Application time: 0.0105670 seconds
92.202: [GC92.202: [ParNew: 36358K->3570K(37568K), 0.0035850 secs] 556067K->528979K(854844K), 0.0036270 secs] [Times: user=0.03 sys=0.00, real=0.01 secs] 
92.206: Total time for which application threads were stopped: 0.0037840 seconds, Stopping threads took: 0.0000840 seconds
92.220: Application time: 0.0138570 seconds
92.220: [GC92.220: [ParNew: 36361K->3571K(37568K), 0.0028820 secs] 561770K->531830K(854844K), 0.0029210 secs] [Times: user=0.02 sys=0.00, real=0.00 secs] 
92.223: Total time for which application threads were stopped: 0.0030790 seconds, Stopping threads took: 0.0000860 seconds
92.234: Application time: 0.0115850 seconds
92.234: [GC92.234: [ParNew: 36363K->1433K(37568K), 0.0016940 secs] 564622K->531829K(854844K), 0.0017350 secs] [Times: user=0.02 sys=0.00, real=0.01 secs] 
92.236: Total time for which application threads were stopped: 0.0018800 seconds, Stopping threads took: 0.0000780 seconds
92.305: Application time: 0.0688130 seconds
92.305: [GC92.305: [ParNew: 34258K->3604K(37568K), 0.0055770 secs] 564655K->546826K(854844K), 0.0056210 secs] [Times: user=0.04 sys=0.00, real=0.00 secs] 
92.311: Total time for which application threads were stopped: 0.0057600 seconds, Stopping threads took: 0.0000660 seconds
92.321: Application time: 0.0105030 seconds
92.321: [GC92.321: [ParNew: 36394K->3568K(37568K), 0.0032400 secs] 579616K->551095K(854844K), 0.0032840 secs] [Times: user=0.02 sys=0.00, real=0.01 secs] 
92.325: Total time for which application threads were stopped: 0.0034650 seconds, Stopping threads took: 0.0001070 seconds
92.339: Application time: 0.0146060 seconds
92.339: [GC92.339: [ParNew: 36357K->1435K(37568K), 0.0019990 secs] 583883K->551099K(854844K), 0.0020370 secs] [Times: user=0.01 sys=0.00, real=0.00 secs] 
92.342: Total time for which application threads were stopped: 0.0022080 seconds, Stopping threads took: 0.0000980 seconds
92.351: Application time: 0.0095070 seconds
92.351: [GC92.351: [ParNew: 34229K->3570K(37568K), 0.0022350 secs] 583893K->553947K(854844K), 0.0022780 secs] [Times: user=0.02 sys=0.00, real=0.00 secs] 
92.353: Total time for which application threads were stopped: 0.0024520 seconds, Stopping threads took: 0.0001000 seconds
92.433: Application time: 0.0791280 seconds
92.433: [GC92.433: [ParNew: 36371K->3572K(37568K), 0.0055590 secs] 586748K->567487K(854844K), 0.0056010 secs] [Times: user=0.04 sys=0.00, real=0.01 secs] 
92.438: Total time for which application threads were stopped: 0.0057310 seconds, Stopping threads took: 0.0000610 seconds
92.590: Application time: 0.1517970 seconds
92.590: [GC92.590: [ParNew: 36383K->3576K(37568K), 0.0052970 secs] 600298K->579605K(854844K), 0.0053400 secs] [Times: user=0.04 sys=0.00, real=0.01 secs] 
92.596: Total time for which application threads were stopped: 0.0054740 seconds, Stopping threads took: 0.0000640 seconds
92.736: Application time: 0.1407220 seconds
92.736: [GC92.736: [ParNew: 36376K->3570K(37568K), 0.0052690 secs] 612405K->592426K(854844K), 0.0053130 secs] [Times: user=0.04 sys=0.00, real=0.00 secs] 
92.742: Total time for which application threads were stopped: 0.0054810 seconds, Stopping threads took: 0.0000800 seconds
92.891: Application time: 0.1488980 seconds
92.891: [GC92.891: [ParNew: 36370K->3570K(37568K), 0.0055170 secs] 625226K->605965K(854844K), 0.0055600 secs] [Times: user=0.04 sys=0.00, real=0.01 secs] 
92.896: Total time for which application threads were stopped: 0.0057000 seconds, Stopping threads took: 0.0000730 seconds
93.040: Application time: 0.1439340 seconds
93.040: [GC93.040: [ParNew: 36368K->3572K(37568K), 0.0049020 secs] 638763K->617368K(854844K), 0.0049440 secs] [Times: user=0.03 sys=0.00, real=0.01 secs] 
93.045: Total time for which application threads were stopped: 0.0050800 seconds, Stopping threads took: 0.0000650 seconds
93.194: Application time: 0.1487810 seconds
93.194: [GC93.194: [ParNew: 36366K->3568K(37568K), 0.0051440 secs] 650162K->629477K(854844K), 0.0051890 secs] [Times: user=0.04 sys=0.00, real=0.01 secs] 
93.200: Total time for which application threads were stopped: 0.0053920 seconds, Stopping threads took: 0.0001310 seconds
93.348: Application time: 0.1483830 seconds
93.348: [GC93.348: [ParNew: 36377K->3574K(37568K), 0.0057950 secs] 662285K->643734K(854844K), 0.0058360 secs] [Times: user=0.04 sys=0.01, real=0.00 secs] 
93.354: Total time for which application threads were stopped: 0.0059800 seconds, Stopping threads took: 0.0000650 seconds
93.501: Application time: 0.1472840 seconds
93.501: [GC93.501: [ParNew: 36383K->3574K(37568K), 0.0048390 secs] 676543K->655136K(854844K), 0.0048830 secs] [Times: user=0.04 sys=0.00, real=0.01 secs] 
93.506: Total time for which application threads were stopped: 0.0050120 seconds, Stopping threads took: 0.0000610 seconds
93.599: Application time: 0.0924850 seconds
93.599: [GC93.599: [ParNew: 36383K->3572K(37568K), 0.0055680 secs] 687945K->668674K(854844K), 0.0056230 secs] [Times: user=0.04 sys=0.00, real=0.01 secs] 
93.605: Total time for which application threads were stopped: 0.0057720 seconds, Stopping threads took: 0.0000750 seconds
93.741: Application time: 0.1366630 seconds
93.741: [GC93.741: [ParNew: 36365K->3562K(37568K), 0.0051460 secs] 701466K->680778K(854844K), 0.0051890 secs] [Times: user=0.04 sys=0.00, real=0.01 secs] 
93.747: Total time for which application threads were stopped: 0.0053410 seconds, Stopping threads took: 0.0000810 seconds
93.862: Application time: 0.1154540 seconds
93.862: [GC93.862: [ParNew: 36364K->3572K(37568K), 0.0053020 secs] 713580K->693614K(854844K), 0.0053450 secs] [Times: user=0.04 sys=0.00, real=0.01 secs] 
93.867: Total time for which application threads were stopped: 0.0054920 seconds, Stopping threads took: 0.0000680 seconds
93.976: Application time: 0.1087310 seconds
93.976: [GC93.976: [ParNew: 36374K->3574K(37568K), 0.0052160 secs] 726416K->705730K(854844K), 0.0052580 secs] [Times: user=0.04 sys=0.00, real=0.00 secs] 
93.982: Total time for which application threads were stopped: 0.0054030 seconds, Stopping threads took: 0.0000760 seconds
94.107: Application time: 0.1249790 seconds
94.107: [GC94.107: [ParNew: 36368K->3562K(37568K), 0.0051970 secs] 738524K->717833K(854844K), 0.0052410 secs] [Times: user=0.02 sys=0.01, real=0.00 secs] 
94.112: Total time for which application threads were stopped: 0.0053760 seconds, Stopping threads took: 0.0000620 seconds
94.213: Application time: 0.1014510 seconds
94.214: [GC94.214: [ParNew: 36365K->3570K(37568K), 0.0054440 secs] 750636K->730667K(854844K), 0.0054870 secs] [Times: user=0.04 sys=0.00, real=0.01 secs] 
94.219: Total time for which application threads were stopped: 0.0056580 seconds, Stopping threads took: 0.0000960 seconds
94.347: Application time: 0.1274330 seconds
94.347: [GC94.347: [ParNew: 36373K->3572K(37568K), 0.0052870 secs] 763470K->743496K(854844K), 0.0053320 secs] [Times: user=0.04 sys=0.01, real=0.00 secs] 
94.352: Total time for which application threads were stopped: 0.0055190 seconds, Stopping threads took: 0.0001160 seconds
94.452: Application time: 0.0998520 seconds
94.452: [GC94.452: [ParNew: 36396K->3573K(37568K), 0.0057400 secs] 776319K->757036K(854844K), 0.0057830 secs] [Times: user=0.05 sys=0.00, real=0.01 secs] 
94.458: Total time for which application threads were stopped: 0.0059530 seconds, Stopping threads took: 0.0000890 seconds
94.458: Application time: 0.0000700 seconds
94.458: [GC [1 CMS-initial-mark: 753463K(817276K)] 757749K(854844K), 0.0001170 secs] [Times: user=0.00 sys=0.00, real=0.00 secs] 
94.458: Total time for which application threads were stopped: 0.0002440 seconds, Stopping threads took: 0.0001060 seconds
94.458: [CMS-concurrent-mark-start]
94.463: [CMS-concurrent-mark: 0.005/0.005 secs] [Times: user=0.04 sys=0.00, real=0.01 secs] 
94.464: [CMS-concurrent-preclean-start]
94.465: [CMS-concurrent-preclean: 0.001/0.001 secs] [Times: user=0.00 sys=0.00, real=0.00 secs] 
94.465: [CMS-concurrent-abortable-preclean-start]
94.555: Application time: 0.0969950 seconds
94.555: [GC94.555: [ParNew: 36367K->3562K(37568K), 0.0050030 secs] 789831K->768431K(854844K), 0.0050440 secs] [Times: user=0.03 sys=0.00, real=0.00 secs] 
94.560: Total time for which application threads were stopped: 0.0051870 seconds, Stopping threads took: 0.0000730 seconds
94.689: Application time: 0.1284840 seconds
94.689: [GC94.689: [ParNew: 36357K->3562K(37568K), 0.0054150 secs] 801226K->781257K(854844K), 0.0054690 secs] [Times: user=0.04 sys=0.00, real=0.00 secs] 
94.694: Total time for which application threads were stopped: 0.0056110 seconds, Stopping threads took: 0.0000680 seconds
94.694: [CMS-concurrent-abortable-preclean: 0.003/0.230 secs] [Times: user=1.82 sys=0.00, real=0.22 secs] 
94.695: Application time: 0.0000540 seconds
94.695: [GC[YG occupancy: 4275 K (37568 K)]94.695: [Rescan (parallel) , 0.0004030 secs]94.695: [weak refs processing, 0.0000060 secs]94.695: [scrub string table, 0.0000960 secs] [1 CMS-remark: 777694K(817276K)] 781970K(854844K), 0.0005220 secs] [Times: user=0.00 sys=0.00, real=0.01 secs] 
94.695: Total time for which application threads were stopped: 0.0006510 seconds, Stopping threads took: 0.0001020 seconds
94.695: [CMS-concurrent-sweep-start]
94.697: [CMS-concurrent-sweep: 0.002/0.002 secs] [Times: user=0.01 sys=0.00, real=0.00 secs] 
94.697: [CMS-concurrent-reset-start]
94.699: [CMS-concurrent-reset: 0.002/0.002 secs] [Times: user=0.00 sys=0.00, real=0.00 secs] 
94.793: Application time: 0.0980710 seconds
94.793: [GC94.793: [ParNew: 36366K->3566K(37568K), 0.0052980 secs] 83335K->63362K(854844K), 0.0053390 secs] [Times: user=0.04 sys=0.00, real=0.01 secs] 
94.799: Total time for which application threads were stopped: 0.0054820 seconds, Stopping threads took: 0.0000730 seconds
94.912: Application time: 0.1131650 seconds
94.912: [GC94.912: [ParNew: 36361K->3562K(37568K), 0.0055830 secs] 96157K->76186K(854844K), 0.0056190 secs] [Times: user=0.04 sys=0.00, real=0.01 secs] 
94.918: Total time for which application threads were stopped: 0.0057820 seconds, Stopping threads took: 0.0000910 seconds
95.022: Application time: 0.1042160 seconds
95.022: [GC95.022: [ParNew: 36363K->3568K(37568K), 0.0051380 secs] 108987K->88305K(854844K), 0.0051800 secs] [Times: user=0.04 sys=0.00, real=0.01 secs] 
95.027: Total time for which application threads were stopped: 0.0053370 seconds, Stopping threads took: 0.0000740 seconds
95.144: Application time: 0.1171030 seconds
95.144: [GC95.144: [ParNew: 36369K->3568K(37568K), 0.0054350 secs] 121106K->101132K(854844K), 0.0054790 secs] [Times: user=0.04 sys=0.00, real=0.00 secs] 
95.150: Total time for which application threads were stopped: 0.0056070 seconds, Stopping threads took: 0.0000570 seconds
95.253: Application time: 0.1029560 seconds
95.253: [GC95.253: [ParNew: 36369K->3568K(37568K), 0.0050920 secs] 133933K->113247K(854844K), 0.0051390 secs] [Times: user=0.04 sys=0.00, real=0.01 secs] 
95.258: Total time for which application threads were stopped: 0.0053060 seconds, Stopping threads took: 0.0000940 seconds
95.313: Application time: 0.0546360 seconds
95.313: [GC95.313: [ParNew: 36390K->3600K(37568K), 0.0041140 secs] 146068K->121117K(854844K), 0.0041580 secs] [Times: user=0.03 sys=0.00, real=0.01 secs] 
95.317: Total time for which application threads were stopped: 0.0043190 seconds, Stopping threads took: 0.0000860 seconds
95.329: Application time: 0.0115940 seconds
95.329: [GC95.329: [ParNew: 36388K->3568K(37568K), 0.0028740 secs] 153905K->123964K(854844K), 0.0029150 secs] [Times: user=0.02 sys=0.00, real=0.00 secs] 
95.332: Total time for which application threads were stopped: 0.0031000 seconds, Stopping threads took: 0.0001090 seconds
95.345: Application time: 0.0126880 seconds
95.345: [GC95.345: [ParNew: 36364K->3570K(37568K), 0.0043330 secs] 156760K->132517K(854844K), 0.0043760 secs] [Times: user=0.04 sys=0.00, real=0.00 secs] 
95.349: Total time for which application threads were stopped: 0.0045560 seconds, Stopping threads took: 0.0001060 seconds
95.359: Application time: 0.0103030 seconds
95.360: [GC95.360: [ParNew: 36365K->3570K(37568K), 0.0028390 secs] 165311K->135368K(854844K), 0.0028790 secs] [Times: user=0.02 sys=0.00, real=0.00 secs] 
95.362: Total time for which application threads were stopped: 0.0030480 seconds, Stopping threads took: 0.0000940 seconds
95.416: Application time: 0.0532340 seconds
95.416: [GC95.416: [ParNew: 36875K->3641K(37568K), 0.0025780 secs] 168672K->137576K(854844K), 0.0026190 secs] [Times: user=0.01 sys=0.00, real=0.00 secs] 
95.418: Total time for which application threads were stopped: 0.0027810 seconds, Stopping threads took: 0.0000880 seconds
95.429: Application time: 0.0109680 seconds
95.430: [GC95.430: [ParNew: 37048K->3610K(37568K), 0.0041460 secs] 170982K->145441K(854844K), 0.0041900 secs] [Times: user=0.04 sys=0.00, real=0.00 secs] 
95.435: Total time for which application threads were stopped: 0.0051540 seconds, Stopping threads took: 0.0008910 seconds
95.442: Application time: 0.0078680 seconds
95.443: [GC95.443: [ParNew: 36717K->3581K(37568K), 0.0026810 secs] 178548K->148292K(854844K), 0.0027310 secs] [Times: user=0.02 sys=0.00, real=0.00 secs] 
95.446: Total time for which application threads were stopped: 0.0034610 seconds, Stopping threads took: 0.0006580 seconds
95.454: Application time: 0.0084500 seconds
95.455: [GC95.455: [ParNew: 36459K->3574K(37568K), 0.0025950 secs] 181170K->150423K(854844K), 0.0026350 secs] [Times: user=0.02 sys=0.00, real=0.01 secs] 
95.457: Total time for which application threads were stopped: 0.0028850 seconds, Stopping threads took: 0.0001760 seconds
95.465: Application time: 0.0073590 seconds
95.465: [GC95.465: [ParNew: 36358K->3562K(37568K), 0.0029350 secs] 183207K->153976K(854844K), 0.0029770 secs] [Times: user=0.02 sys=0.00, real=0.00 secs] 
95.468: Total time for which application threads were stopped: 0.0036430 seconds, Stopping threads took: 0.0005930 seconds
95.476: Application time: 0.0076070 seconds
95.476: [GC95.476: [ParNew: 36360K->3572K(37568K), 0.0022900 secs] 186774K->155412K(854844K), 0.0023320 secs] [Times: user=0.02 sys=0.00, real=0.00 secs] 
95.478: Total time for which application threads were stopped: 0.0025640 seconds, Stopping threads took: 0.0001590 seconds
95.486: Application time: 0.0076360 seconds
95.486: [GC95.486: [ParNew: 36356K->2850K(37568K), 0.0020900 secs] 188195K->156116K(854844K), 0.0021300 secs] [Times: user=0.01 sys=0.00, real=0.00 secs] 
95.489: Total time for which application threads were stopped: 0.0024200 seconds, Stopping threads took: 0.0002200 seconds
95.496: Application time: 0.0078510 seconds
95.497: [GC95.497: [ParNew: 35642K->2862K(37568K), 0.0016880 secs] 188908K->156128K(854844K), 0.0017240 secs] [Times: user=0.01 sys=0.00, real=0.00 secs] 
95.498: Total time for which application threads were stopped: 0.0020280 seconds, Stopping threads took: 0.0002330 seconds
95.506: Application time: 0.0074070 seconds
95.506: [GC95.506: [ParNew: 35662K->3573K(37568K), 0.0023540 secs] 188928K->158978K(854844K), 0.0023980 secs] [Times: user=0.02 sys=0.00, real=0.00 secs] 
95.508: Total time for which application threads were stopped: 0.0026320 seconds, Stopping threads took: 0.0001600 seconds
95.516: Application time: 0.0071800 seconds
95.516: [GC95.517: [ParNew: 36358K->2139K(37568K), 0.0018800 secs] 191763K->158971K(854844K), 0.0019170 secs] [Times: user=0.02 sys=0.00, real=0.00 secs] 
95.518: Total time for which application threads were stopped: 0.0027780 seconds, Stopping threads took: 0.0007880 seconds
95.526: Application time: 0.0076670 seconds
95.526: [GC95.526: [ParNew: 34934K->3574K(37568K), 0.0024390 secs] 191766K->161831K(854844K), 0.0024810 secs] [Times: user=0.02 sys=0.00, real=0.00 secs] 
95.529: Total time for which application threads were stopped: 0.0026680 seconds, Stopping threads took: 0.0001020 seconds
95.539: Application time: 0.0099780 seconds
95.539: [GC95.539: [ParNew: 36377K->3576K(37568K), 0.0028520 secs] 194634K->164685K(854844K), 0.0028940 secs] [Times: user=0.02 sys=0.00, real=0.00 secs] 
95.542: Total time for which application threads were stopped: 0.0030680 seconds, Stopping threads took: 0.0000980 seconds
95.598: Application time: 0.0565270 seconds
95.598: [GC95.598: [ParNew: 36375K->3572K(37568K), 0.0047400 secs] 197483K->175369K(854844K), 0.0047810 secs] [Times: user=0.04 sys=0.00, real=0.01 secs] 
95.603: Total time for which application threads were stopped: 0.0049110 seconds, Stopping threads took: 0.0000620 seconds
95.694: Application time: 0.0902500 seconds
95.694: [GC95.694: [ParNew: 36400K->3596K(37568K), 0.0059580 secs] 208197K->188220K(854844K), 0.0060000 secs] [Times: user=0.03 sys=0.00, real=0.01 secs] 
95.700: Total time for which application threads were stopped: 0.0061480 seconds, Stopping threads took: 0.0000760 seconds
95.713: Application time: 0.0129280 seconds
95.713: [GC95.713: [ParNew: 36382K->3572K(37568K), 0.0027310 secs] 221006K->190362K(854844K), 0.0027720 secs] [Times: user=0.02 sys=0.00, real=0.01 secs] 
95.716: Total time for which application threads were stopped: 0.0029670 seconds, Stopping threads took: 0.0001110 seconds
95.727: Application time: 0.0109980 seconds
95.727: [GC95.727: [ParNew: 36365K->3572K(37568K), 0.0038380 secs] 223155K->196775K(854844K), 0.0038810 secs] [Times: user=0.03 sys=0.01, real=0.00 secs] 
95.731: Total time for which application threads were stopped: 0.0040420 seconds, Stopping threads took: 0.0000880 seconds
95.743: Application time: 0.0124830 seconds
95.743: [GC95.743: [ParNew: 36366K->3566K(37568K), 0.0028520 secs] 229569K->199620K(854844K), 0.0028940 secs] [Times: user=0.02 sys=0.00, real=0.00 secs] 
95.746: Total time for which application threads were stopped: 0.0030450 seconds, Stopping threads took: 0.0000770 seconds
95.787: Application time: 0.0410590 seconds
95.787: [GC95.787: [ParNew: 36362K->3570K(37568K), 0.0028500 secs] 232415K->203898K(854844K), 0.0028930 secs] [Times: user=0.02 sys=0.00, real=0.00 secs] 
95.790: Total time for which application threads were stopped: 0.0030200 seconds, Stopping threads took: 0.0000600 seconds
95.904: Application time: 0.1141990 seconds
95.905: [GC95.905: [ParNew: 36363K->3564K(37568K), 0.0051990 secs] 236691K->216006K(854844K), 0.0052410 secs] [Times: user=0.04 sys=0.00, real=0.00 secs] 
95.910: Total time for which application threads were stopped: 0.0053850 seconds, Stopping threads took: 0.0000710 seconds
95.992: Application time: 0.0825670 seconds
95.993: [GC95.993: [ParNew: 36392K->3604K(37568K), 0.0052260 secs] 248834K->228159K(854844K), 0.0052680 secs] [Times: user=0.04 sys=0.00, real=0.01 secs] 
95.998: Total time for which application threads were stopped: 0.0058600 seconds, Stopping threads took: 0.0005170 seconds
96.011: Application time: 0.0127370 seconds
96.011: [GC96.011: [ParNew: 36388K->2145K(37568K), 0.0027790 secs] 260943K->230291K(854844K), 0.0028220 secs] [Times: user=0.02 sys=0.00, real=0.00 secs] 
96.014: Total time for which application threads were stopped: 0.0029700 seconds, Stopping threads took: 0.0000720 seconds
96.028: Application time: 0.0143820 seconds
96.028: [GC96.029: [ParNew: 34933K->1431K(37568K), 0.0016480 secs] 263079K->230289K(854844K), 0.0016830 secs] [Times: user=0.00 sys=0.00, real=0.00 secs] 
96.030: Total time for which application threads were stopped: 0.0018600 seconds, Stopping threads took: 0.0000940 seconds
96.041: Application time: 0.0104250 seconds
96.041: [GC96.041: [ParNew: 34223K->2149K(37568K), 0.0016500 secs] 263082K->231008K(854844K), 0.0016820 secs] [Times: user=0.01 sys=0.00, real=0.00 secs] 
96.042: Total time for which application threads were stopped: 0.0018430 seconds, Stopping threads took: 0.0000890 seconds
96.119: Application time: 0.0769390 seconds
96.120: [GC96.120: [ParNew: 34951K->3570K(37568K), 0.0055400 secs] 263809K->245967K(854844K), 0.0055830 secs] [Times: user=0.04 sys=0.00, real=0.01 secs] 
96.125: Total time for which application threads were stopped: 0.0057310 seconds, Stopping threads took: 0.0000780 seconds
96.176: Application time: 0.0507690 seconds
96.176: [GC96.176: [ParNew: 36396K->3602K(37568K), 0.0054670 secs] 278792K->258113K(854844K), 0.0055110 secs] [Times: user=0.04 sys=0.00, real=0.00 secs] 
96.182: Total time for which application threads were stopped: 0.0056540 seconds, Stopping threads took: 0.0000660 seconds
96.193: Application time: 0.0116950 seconds
96.193: [GC96.193: [ParNew: 36388K->1431K(37568K), 0.0024280 secs] 290898K->259532K(854844K), 0.0024670 secs] [Times: user=0.02 sys=0.00, real=0.01 secs] 
96.196: Total time for which application threads were stopped: 0.0026260 seconds, Stopping threads took: 0.0000850 seconds
96.211: Application time: 0.0150860 seconds
96.211: [GC96.211: [ParNew: 34221K->3574K(37568K), 0.0020270 secs] 292323K->261676K(854844K), 0.0020680 secs] [Times: user=0.02 sys=0.00, real=0.00 secs] 
96.213: Total time for which application threads were stopped: 0.0022410 seconds, Stopping threads took: 0.0000980 seconds
96.222: Application time: 0.0089150 seconds
96.222: [GC96.222: [ParNew: 36368K->3566K(37568K), 0.0029690 secs] 294469K->265231K(854844K), 0.0030110 secs] [Times: user=0.02 sys=0.00, real=0.01 secs] 
96.225: Total time for which application threads were stopped: 0.0031910 seconds, Stopping threads took: 0.0001050 seconds
96.312: Application time: 0.0870690 seconds
96.313: [GC96.313: [ParNew: 36367K->3572K(37568K), 0.0053130 secs] 298031K->278062K(854844K), 0.0053540 secs] [Times: user=0.04 sys=0.00, real=0.01 secs] 
96.318: Total time for which application threads were stopped: 0.0054850 seconds, Stopping threads took: 0.0000610 seconds
96.356: Application time: 0.0378570 seconds
96.356: [GC96.356: [ParNew: 36392K->3602K(37568K), 0.0038960 secs] 310881K->283793K(854844K), 0.0039370 secs] [Times: user=0.03 sys=0.00, real=0.00 secs] 
96.360: Total time for which application threads were stopped: 0.0041170 seconds, Stopping threads took: 0.0001060 seconds
96.371: Application time: 0.0113190 seconds
96.371: [GC96.371: [ParNew: 36398K->3572K(37568K), 0.0026860 secs] 316589K->286642K(854844K), 0.0027180 secs] [Times: user=0.02 sys=0.00, real=0.00 secs] 
96.374: Total time for which application threads were stopped: 0.0028400 seconds, Stopping threads took: 0.0000520 seconds
96.388: Application time: 0.0141510 seconds
96.388: [GC96.388: [ParNew: 36356K->2850K(37568K), 0.0024680 secs] 319425K->288770K(854844K), 0.0025080 secs] [Times: user=0.01 sys=0.00, real=0.00 secs] 
96.391: Total time for which application threads were stopped: 0.0026510 seconds, Stopping threads took: 0.0000710 seconds
96.399: Application time: 0.0078370 seconds
96.399: [GC96.399: [ParNew: 35644K->3570K(37568K), 0.0028150 secs] 321565K->293053K(854844K), 0.0028580 secs] [Times: user=0.02 sys=0.00, real=0.00 secs] 
96.402: Total time for which application threads were stopped: 0.0030350 seconds, Stopping threads took: 0.0000910 seconds
96.525: Application time: 0.1231290 seconds
96.525: [GC96.525: [ParNew: 36386K->3576K(37568K), 0.0054610 secs] 325869K->306597K(854844K), 0.0055050 secs] [Times: user=0.04 sys=0.00, real=0.00 secs] 
96.530: Total time for which application threads were stopped: 0.0056460 seconds, Stopping threads took: 0.0000680 seconds
96.670: Application time: 0.1390410 seconds
96.670: [GC96.670: [ParNew: 36385K->3574K(37568K), 0.0054640 secs] 339406K->320135K(854844K), 0.0055040 secs] [Times: user=0.04 sys=0.00, real=0.01 secs] 
96.675: Total time for which application threads were stopped: 0.0056710 seconds, Stopping threads took: 0.0000850 seconds
96.805: Application time: 0.1300300 seconds
96.805: [GC96.805: [ParNew: 36374K->3568K(37568K), 0.0055780 secs] 352936K->333669K(854844K), 0.0056200 secs] [Times: user=0.04 sys=0.00, real=0.00 secs] 
96.811: Total time for which application threads were stopped: 0.0057580 seconds, Stopping threads took: 0.0000660 seconds
96.958: Application time: 0.1474310 seconds
96.959: [GC96.959: [ParNew: 36360K->3564K(37568K), 0.0053270 secs] 366461K->345778K(854844K), 0.0053680 secs] [Times: user=0.04 sys=0.00, real=0.01 secs] 
96.964: Total time for which application threads were stopped: 0.0054950 seconds, Stopping threads took: 0.0000560 seconds
97.113: Application time: 0.1489350 seconds
97.113: [GC97.113: [ParNew: 36364K->3574K(37568K), 0.0046970 secs] 378579K->356476K(854844K), 0.0047400 secs] [Times: user=0.04 sys=0.00, real=0.01 secs] 
97.118: Total time for which application threads were stopped: 0.0050010 seconds, Stopping threads took: 0.0001890 seconds
97.267: Application time: 0.1487080 seconds
97.267: [GC97.267: [ParNew: 36374K->3572K(37568K), 0.0054800 secs] 389276K->370013K(854844K), 0.0055220 secs] [Times: user=0.05 sys=0.00, real=0.00 secs] 
97.272: Total time for which application threads were stopped: 0.0056740 seconds, Stopping threads took: 0.0000710 seconds
97.412: Application time: 0.1401120 seconds
97.413: [GC97.413: [ParNew: 36387K->3576K(37568K), 0.0050780 secs] 402828K->382130K(854844K), 0.0051220 secs] [Times: user=0.04 sys=0.00, real=0.01 secs] 
97.418: Total time for which application threads were stopped: 0.0052940 seconds, Stopping threads took: 0.0000990 seconds
97.540: Application time: 0.1223260 seconds
97.540: [GC97.540: [ParNew: 36385K->3574K(37568K), 0.0051960 secs] 414940K->394244K(854844K), 0.0052390 secs] [Times: user=0.04 sys=0.00, real=0.01 secs] 
97.545: Total time for which application threads were stopped: 0.0053640 seconds, Stopping threads took: 0.0000590 seconds
97.672: Application time: 0.1268590 seconds
97.672: [GC97.672: [ParNew: 36375K->3574K(37568K), 0.0050750 secs] 427045K->406359K(854844K), 0.0051160 secs] [Times: user=0.04 sys=0.00, real=0.01 secs] 
97.677: Total time for which application threads were stopped: 0.0052640 seconds, Stopping threads took: 0.0000790 seconds
97.799: Application time: 0.1217980 seconds
97.799: [GC97.799: [ParNew: 36367K->3562K(37568K), 0.0053690 secs] 439152K->419173K(854844K), 0.0054130 secs] [Times: user=0.04 sys=0.00, real=0.01 secs] 
97.805: Total time for which application threads were stopped: 0.0055770 seconds, Stopping threads took: 0.0000870 seconds
97.921: Application time: 0.1166410 seconds
97.922: [GC97.922: [ParNew: 36363K->3572K(37568K), 0.0051270 secs] 451975K->431297K(854844K), 0.0051670 secs] [Times: user=0.03 sys=0.00, real=0.01 secs] 
97.927: Total time for which application threads were stopped: 0.0053090 seconds, Stopping threads took: 0.0000640 seconds
98.035: Application time: 0.1085850 seconds
98.036: [GC98.036: [ParNew: 36366K->3562K(37568K), 0.0053620 secs] 464090K->444114K(854844K), 0.0054050 secs] [Times: user=0.04 sys=0.00, real=0.00 secs] 
98.041: Total time for which application threads were stopped: 0.0055670 seconds, Stopping threads took: 0.0000900 seconds
98.166: Application time: 0.1246880 seconds
98.166: [GC98.166: [ParNew: 36365K->3568K(37568K), 0.0050500 secs] 476916K->456233K(854844K), 0.0050860 secs] [Times: user=0.04 sys=0.01, real=0.00 secs] 
98.171: Total time for which application threads were stopped: 0.0052520 seconds, Stopping threads took: 0.0000950 seconds
98.278: Application time: 0.1066090 seconds
98.278: [GC98.278: [ParNew: 36363K->3562K(37568K), 0.0048750 secs] 489027K->467629K(854844K), 0.0049200 secs] [Times: user=0.04 sys=0.00, real=0.00 secs] 
98.283: Total time for which application threads were stopped: 0.0050650 seconds, Stopping threads took: 0.0000700 seconds
98.403: Application time: 0.1203770 seconds
98.403: [GC98.403: [ParNew: 36379K->3575K(37568K), 0.0057050 secs] 500446K->481180K(854844K), 0.0057500 secs] [Times: user=0.04 sys=0.00, real=0.00 secs] 
98.409: Total time for which application threads were stopped: 0.0059000 seconds, Stopping threads took: 0.0000640 seconds
98.509: Application time: 0.0997280 seconds
98.509: [GC98.509: [ParNew: 36384K->3575K(37568K), 0.0053930 secs] 513990K->494010K(854844K), 0.0054350 secs] [Times: user=0.03 sys=0.00, real=0.00 secs] 
98.514: Total time for which application threads were stopped: 0.0055710 seconds, Stopping threads took: 0.0000640 seconds
98.639: Application time: 0.1250230 seconds
98.639: [GC98.639: [ParNew: 36369K->3562K(37568K), 0.0054360 secs] 526804K->506826K(854844K), 0.0054780 secs] [Times: user=0.05 sys=0.00, real=0.01 secs] 
98.645: Total time for which application threads were stopped: 0.0056400 seconds, Stopping threads took: 0.0000910 seconds
98.743: Application time: 0.0978400 seconds
98.743: [GC98.743: [ParNew: 36366K->3572K(37568K), 0.0053830 secs] 539629K->519662K(854844K), 0.0054240 secs] [Times: user=0.04 sys=0.00, real=0.00 secs] 
98.748: Total time for which application threads were stopped: 0.0055720 seconds, Stopping threads took: 0.0000710 seconds
98.869: Application time: 0.1202940 seconds
98.869: [GC98.869: [ParNew: 36367K->3562K(37568K), 0.0054350 secs] 552457K->532480K(854844K), 0.0054780 secs] [Times: user=0.04 sys=0.00, real=0.00 secs] 
98.874: Total time for which application threads were stopped: 0.0056360 seconds, Stopping threads took: 0.0000860 seconds
98.977: Application time: 0.1025890 seconds
98.977: [GC98.977: [ParNew: 36363K->3570K(37568K), 0.0051220 secs] 565280K->544601K(854844K), 0.0051640 secs] [Times: user=0.04 sys=0.00, real=0.00 secs] 
98.982: Total time for which application threads were stopped: 0.0053260 seconds, Stopping threads took: 0.0000690 seconds
99.101: Application time: 0.1190050 seconds
99.101: [GC99.101: [ParNew: 36365K->3562K(37568K), 0.0055230 secs] 577396K->557420K(854844K), 0.0055760 secs] [Times: user=0.04 sys=0.00, real=0.01 secs] 
99.107: Total time for which application threads were stopped: 0.0057180 seconds, Stopping threads took: 0.0000750 seconds
99.199: Application time: 0.0920430 seconds
99.199: [GC99.199: [ParNew: 36365K->3570K(37568K), 0.0052680 secs] 590223K->570255K(854844K), 0.0053120 secs] [Times: user=0.04 sys=0.00, real=0.01 secs] 
99.204: Total time for which application threads were stopped: 0.0054470 seconds, Stopping threads took: 0.0000670 seconds
99.330: Application time: 0.1257360 seconds
99.330: [GC99.330: [ParNew: 36399K->3602K(37568K), 0.0050670 secs] 603084K->582401K(854844K), 0.0051100 secs] [Times: user=0.04 sys=0.00, real=0.01 secs] 
99.335: Total time for which application threads were stopped: 0.0052380 seconds, Stopping threads took: 0.0000560 seconds
99.349: Application time: 0.0140730 seconds
99.350: [GC99.350: [ParNew: 36967K->3647K(37568K), 0.0029480 secs] 615766K->586038K(854844K), 0.0029890 secs] [Times: user=0.02 sys=0.00, real=0.00 secs] 
99.353: Total time for which application threads were stopped: 0.0031380 seconds, Stopping threads took: 0.0000850 seconds
99.361: Application time: 0.0084970 seconds
99.361: [GC99.361: [ParNew: 36642K->3574K(37568K), 0.0033720 secs] 619033K->591010K(854844K), 0.0034140 secs] [Times: user=0.03 sys=0.00, real=0.01 secs] 
99.365: Total time for which application threads were stopped: 0.0038460 seconds, Stopping threads took: 0.0003570 seconds
99.373: Application time: 0.0083190 seconds
99.374: [GC99.374: [ParNew: 36366K->3574K(37568K), 0.0022610 secs] 623802K->592437K(854844K), 0.0023000 secs] [Times: user=0.02 sys=0.00, real=0.01 secs] 
99.376: Total time for which application threads were stopped: 0.0031920 seconds, Stopping threads took: 0.0008190 seconds
99.385: Application time: 0.0084550 seconds
99.385: [GC99.385: [ParNew: 36365K->3570K(37568K), 0.0026890 secs] 625227K->595284K(854844K), 0.0027300 secs] [Times: user=0.02 sys=0.00, real=0.00 secs] 
99.388: Total time for which application threads were stopped: 0.0031540 seconds, Stopping threads took: 0.0003550 seconds
99.395: Application time: 0.0073000 seconds
99.396: [GC99.396: [ParNew: 36359K->2860K(37568K), 0.0021980 secs] 628073K->595999K(854844K), 0.0022400 secs] [Times: user=0.01 sys=0.00, real=0.00 secs] 
99.398: Total time for which application threads were stopped: 0.0026480 seconds, Stopping threads took: 0.0003340 seconds
99.406: Application time: 0.0078390 seconds
99.406: [GC99.406: [ParNew: 35645K->3568K(37568K), 0.0023200 secs] 628785K->598134K(854844K), 0.0023660 secs] [Times: user=0.02 sys=0.00, real=0.00 secs] 
99.408: Total time for which application threads were stopped: 0.0025050 seconds, Stopping threads took: 0.0000630 seconds
99.416: Application time: 0.0080840 seconds
99.417: [GC99.417: [ParNew: 36376K->3574K(37568K), 0.0025980 secs] 630942K->600278K(854844K), 0.0026410 secs] [Times: user=0.02 sys=0.00, real=0.00 secs] 
99.420: Total time for which application threads were stopped: 0.0035130 seconds, Stopping threads took: 0.0008000 seconds
99.427: Application time: 0.0073940 seconds
99.428: [GC99.428: [ParNew: 36360K->2850K(37568K), 0.0020230 secs] 633063K->600981K(854844K), 0.0020650 secs] [Times: user=0.01 sys=0.00, real=0.00 secs] 
99.430: Total time for which application threads were stopped: 0.0023680 seconds, Stopping threads took: 0.0002310 seconds
99.438: Application time: 0.0080550 seconds
99.438: [GC99.438: [ParNew: 35641K->3575K(37568K), 0.0018970 secs] 633773K->601706K(854844K), 0.0019330 secs] [Times: user=0.02 sys=0.00, real=0.00 secs] 
99.440: Total time for which application threads were stopped: 0.0020920 seconds, Stopping threads took: 0.0000910 seconds
99.448: Application time: 0.0083940 seconds
99.449: [GC99.449: [ParNew: 36379K->3575K(37568K), 0.0034930 secs] 634510K->607407K(854844K), 0.0035440 secs] [Times: user=0.02 sys=0.00, real=0.00 secs] 
99.452: Total time for which application threads were stopped: 0.0038950 seconds, Stopping threads took: 0.0002760 seconds
99.458: Application time: 0.0063680 seconds
99.459: [GC99.459: [ParNew: 36360K->1425K(37568K), 0.0019900 secs] 640192K->607397K(854844K), 0.0020300 secs] [Times: user=0.02 sys=0.00, real=0.00 secs] 
99.461: Total time for which application threads were stopped: 0.0023750 seconds, Stopping threads took: 0.0002590 seconds
99.469: Application time: 0.0083730 seconds
99.469: [GC99.469: [ParNew: 34225K->3576K(37568K), 0.0016960 secs] 640197K->609548K(854844K), 0.0017360 secs] [Times: user=0.02 sys=0.00, real=0.00 secs] 
99.471: Total time for which application threads were stopped: 0.0018880 seconds, Stopping threads took: 0.0000830 seconds
99.496: Application time: 0.0250990 seconds
99.496: [GC99.496: [ParNew: 36400K->3600K(37568K), 0.0033560 secs] 642372K->614562K(854844K), 0.0034010 secs] [Times: user=0.03 sys=0.00, real=0.00 secs] 
99.500: Total time for which application threads were stopped: 0.0035730 seconds, Stopping threads took: 0.0000890 seconds
99.510: Application time: 0.0106580 seconds
99.511: [GC99.511: [ParNew: 36389K->3570K(37568K), 0.0025920 secs] 647350K->616698K(854844K), 0.0026340 secs] [Times: user=0.01 sys=0.00, real=0.00 secs] 
99.513: Total time for which application threads were stopped: 0.0027850 seconds, Stopping threads took: 0.0000790 seconds
99.527: Application time: 0.0138070 seconds
99.527: [GC99.527: [ParNew: 36359K->2142K(37568K), 0.0023090 secs] 649487K->618120K(854844K), 0.0023520 secs] [Times: user=0.01 sys=0.00, real=0.00 secs] 
99.530: Total time for which application threads were stopped: 0.0025290 seconds, Stopping threads took: 0.0001050 seconds
99.538: Application time: 0.0086930 seconds
99.538: [GC99.538: [ParNew: 34927K->2137K(37568K), 0.0016720 secs] 650905K->618115K(854844K), 0.0017110 secs] [Times: user=0.02 sys=0.00, real=0.00 secs] 
99.540: Total time for which application threads were stopped: 0.0018670 seconds, Stopping threads took: 0.0000850 seconds
99.634: Application time: 0.0933960 seconds
99.634: [GC99.634: [ParNew: 34971K->3606K(37568K), 0.0053890 secs] 650949K->632410K(854844K), 0.0054310 secs] [Times: user=0.04 sys=0.00, real=0.01 secs] 
99.640: Total time for which application threads were stopped: 0.0062070 seconds, Stopping threads took: 0.0007060 seconds
99.653: Application time: 0.0135840 seconds
99.653: [GC99.654: [ParNew: 36395K->3570K(37568K), 0.0034570 secs] 665198K->637391K(854844K), 0.0035000 secs] [Times: user=0.03 sys=0.00, real=0.01 secs] 
99.657: Total time for which application threads were stopped: 0.0036830 seconds, Stopping threads took: 0.0001090 seconds
99.669: Application time: 0.0115640 seconds
99.669: [GC99.669: [ParNew: 36359K->3574K(37568K), 0.0028300 secs] 670180K->640246K(854844K), 0.0028740 secs] [Times: user=0.02 sys=0.00, real=0.00 secs] 
99.672: Total time for which application threads were stopped: 0.0030940 seconds, Stopping threads took: 0.0001260 seconds
99.685: Application time: 0.0132940 seconds
99.685: [GC99.685: [ParNew: 36366K->1433K(37568K), 0.0021960 secs] 673037K->640954K(854844K), 0.0022360 secs] [Times: user=0.01 sys=0.00, real=0.00 secs] 
99.687: Total time for which application threads were stopped: 0.0024200 seconds, Stopping threads took: 0.0001110 seconds
99.704: Application time: 0.0163070 seconds
99.704: [GC99.704: [ParNew: 34228K->3570K(37568K), 0.0022570 secs] 673749K->644517K(854844K), 0.0022970 secs] [Times: user=0.01 sys=0.00, real=0.00 secs] 
99.706: Total time for which application threads were stopped: 0.0024450 seconds, Stopping threads took: 0.0000800 seconds
99.844: Application time: 0.1377090 seconds
99.844: [GC99.844: [ParNew: 36363K->3564K(37568K), 0.0051030 secs] 677309K->656625K(854844K), 0.0051480 secs] [Times: user=0.04 sys=0.00, real=0.00 secs] 
99.849: Total time for which application threads were stopped: 0.0053040 seconds, Stopping threads took: 0.0000810 seconds
99.924: Application time: 0.0746530 seconds
99.924: [GC99.924: [ParNew: 36392K->3604K(37568K), 0.0056910 secs] 689452K->670203K(854844K), 0.0057440 secs] [Times: user=0.05 sys=0.00, real=0.00 secs] 
99.930: Total time for which application threads were stopped: 0.0058840 seconds, Stopping threads took: 0.0000640 seconds
99.942: Application time: 0.0119920 seconds
99.942: [GC99.942: [ParNew: 36390K->3572K(37568K), 0.0032840 secs] 702989K->674474K(854844K), 0.0033280 secs] [Times: user=0.03 sys=0.00, real=0.01 secs] 
99.945: Total time for which application threads were stopped: 0.0034880 seconds, Stopping threads took: 0.0000860 seconds
99.958: Application time: 0.0124430 seconds
99.958: [GC99.958: [ParNew: 36363K->3572K(37568K), 0.0030860 secs] 707266K->678750K(854844K), 0.0031290 secs] [Times: user=0.02 sys=0.00, real=0.00 secs] 
99.961: Total time for which application threads were stopped: 0.0033030 seconds, Stopping threads took: 0.0000980 seconds
99.974: Application time: 0.0132890 seconds
99.974: [GC99.974: [ParNew: 36367K->1435K(37568K), 0.0020540 secs] 711544K->678750K(854844K), 0.0020910 secs] [Times: user=0.02 sys=0.00, real=0.01 secs] 
99.977: Total time for which application threads were stopped: 0.0023030 seconds, Stopping threads took: 0.0001390 seconds
100.035: Application time: 0.0580520 seconds
100.035: [GC100.035: [ParNew: 34236K->3572K(37568K), 0.0045790 secs] 711551K->690862K(854844K), 0.0046210 secs] [Times: user=0.03 sys=0.00, real=0.01 secs] 
100.039: Total time for which application threads were stopped: 0.0047850 seconds, Stopping threads took: 0.0000850 seconds
100.114: Application time: 0.0750140 seconds
100.115: [GC100.115: [ParNew: 36400K->3602K(37568K), 0.0057040 secs] 723690K->703719K(854844K), 0.0057460 secs] [Times: user=0.03 sys=0.01, real=0.01 secs] 
100.120: Total time for which application threads were stopped: 0.0058930 seconds, Stopping threads took: 0.0000730 seconds
100.131: Application time: 0.0108890 seconds
100.131: [GC100.131: [ParNew: 36390K->3570K(37568K), 0.0034370 secs] 736507K->708703K(854844K), 0.0034880 secs] [Times: user=0.03 sys=0.00, real=0.01 secs] 
100.135: Total time for which application threads were stopped: 0.0036500 seconds, Stopping threads took: 0.0000870 seconds
100.147: Application time: 0.0123730 seconds
100.147: [GC100.147: [ParNew: 36363K->3570K(37568K), 0.0037510 secs] 741496K->715116K(854844K), 0.0037930 secs] [Times: user=0.03 sys=0.00, real=0.00 secs] 
100.151: Total time for which application threads were stopped: 0.0039450 seconds, Stopping threads took: 0.0000780 seconds
100.162: Application time: 0.0113000 seconds
100.163: [GC100.163: [ParNew: 36364K->3574K(37568K), 0.0028840 secs] 747910K->717970K(854844K), 0.0029240 secs] [Times: user=0.02 sys=0.00, real=0.01 secs] 
100.166: Total time for which application threads were stopped: 0.0031170 seconds, Stopping threads took: 0.0001170 seconds
100.228: Application time: 0.0625770 seconds
100.228: [GC100.228: [ParNew: 36347K->3609K(37568K), 0.0043080 secs] 750743K->726555K(854844K), 0.0043580 secs] [Times: user=0.03 sys=0.00, real=0.00 secs] 
100.233: Total time for which application threads were stopped: 0.0045020 seconds, Stopping threads took: 0.0000700 seconds
100.249: Application time: 0.0167370 seconds
100.250: [GC100.250: [ParNew: 36458K->3572K(37568K), 0.0040360 secs] 759404K->733673K(854844K), 0.0040790 secs] [Times: user=0.03 sys=0.00, real=0.00 secs] 
100.254: Total time for which application threads were stopped: 0.0042360 seconds, Stopping threads took: 0.0000830 seconds
100.269: Application time: 0.0151100 seconds
100.269: [GC100.269: [ParNew: 36362K->3572K(37568K), 0.0032120 secs] 766463K->738660K(854844K), 0.0032490 secs] [Times: user=0.03 sys=0.00, real=0.00 secs] 
100.272: Total time for which application threads were stopped: 0.0034180 seconds, Stopping threads took: 0.0000980 seconds
100.272: Application time: 0.0000640 seconds
100.272: [GC [1 CMS-initial-mark: 735088K(817276K)] 739373K(854844K), 0.0001300 secs] [Times: user=0.00 sys=0.00, real=0.00 secs] 
100.273: Total time for which application threads were stopped: 0.0002870 seconds, Stopping threads took: 0.0001300 seconds
100.273: [CMS-concurrent-mark-start]
100.283: [CMS-concurrent-mark: 0.011/0.011 secs] [Times: user=0.08 sys=0.00, real=0.02 secs] 
100.284: [CMS-concurrent-preclean-start]
100.285: [CMS-concurrent-preclean: 0.001/0.001 secs] [Times: user=0.00 sys=0.00, real=0.00 secs] 
100.285: [CMS-concurrent-abortable-preclean-start]
100.287: Application time: 0.0145820 seconds
100.287: [GC100.287: [ParNew: 36361K->1433K(37568K), 0.0017860 secs] 771449K->738659K(854844K), 0.0018210 secs] [Times: user=0.01 sys=0.00, real=0.00 secs] 
100.289: Total time for which application threads were stopped: 0.0019750 seconds, Stopping threads took: 0.0000860 seconds
100.297: Application time: 0.0076760 seconds
100.297: [GC100.297: [ParNew: 34219K->3572K(37568K), 0.0019190 secs] 771444K->740798K(854844K), 0.0019620 secs] [Times: user=0.01 sys=0.00, real=0.00 secs] 
100.299: Total time for which application threads were stopped: 0.0021500 seconds, Stopping threads took: 0.0001130 seconds
100.427: Application time: 0.1282620 seconds
100.427: [GC100.427: [ParNew: 36373K->3570K(37568K), 0.0055810 secs] 773599K->754334K(854844K), 0.0056250 secs] [Times: user=0.04 sys=0.00, real=0.00 secs] 
100.433: Total time for which application threads were stopped: 0.0057730 seconds, Stopping threads took: 0.0000750 seconds
100.433: [CMS-concurrent-abortable-preclean: 0.005/0.148 secs] [Times: user=1.18 sys=0.00, real=0.14 secs] 
100.433: Application time: 0.0000740 seconds
100.433: [GC[YG occupancy: 4283 K (37568 K)]100.433: [Rescan (parallel) , 0.0003440 secs]100.433: [weak refs processing, 0.0000050 secs]100.434: [scrub string table, 0.0001080 secs] [1 CMS-remark: 750763K(817276K)] 755046K(854844K), 0.0004770 secs] [Times: user=0.00 sys=0.00, real=0.00 secs] 
100.434: Total time for which application threads were stopped: 0.0006050 seconds, Stopping threads took: 0.0001020 seconds
100.434: [CMS-concurrent-sweep-start]
100.435: [CMS-concurrent-sweep: 0.002/0.002 secs] [Times: user=0.01 sys=0.00, real=0.01 secs] 
100.435: [CMS-concurrent-reset-start]
100.437: [CMS-concurrent-reset: 0.002/0.002 secs] [Times: user=0.00 sys=0.00, real=0.00 secs] 
100.587: Application time: 0.1531450 seconds
100.587: [GC100.587: [ParNew: 36393K->3574K(37568K), 0.0055560 secs] 74097K->55529K(854844K), 0.0055910 secs] [Times: user=0.04 sys=0.00, real=0.00 secs] 
100.593: Total time for which application threads were stopped: 0.0057290 seconds, Stopping threads took: 0.0000560 seconds
100.738: Application time: 0.1458370 seconds
100.738: [GC100.738: [ParNew: 36372K->3566K(37568K), 0.0051040 secs] 88327K->67637K(854844K), 0.0051480 secs] [Times: user=0.04 sys=0.00, real=0.01 secs] 
100.744: Total time for which application threads were stopped: 0.0052850 seconds, Stopping threads took: 0.0000630 seconds
100.879: Application time: 0.1355750 seconds
100.880: [GC100.880: [ParNew: 36358K->3562K(37568K), 0.0052610 secs] 100429K->80459K(854844K), 0.0053050 secs] [Times: user=0.04 sys=0.00, real=0.01 secs] 
100.885: Total time for which application threads were stopped: 0.0058070 seconds, Stopping threads took: 0.0004260 seconds
101.037: Application time: 0.1520680 seconds
101.037: [GC101.037: [ParNew: 36362K->3570K(37568K), 0.0053310 secs] 113259K->93292K(854844K), 0.0053750 secs] [Times: user=0.05 sys=0.00, real=0.00 secs] 
101.043: Total time for which application threads were stopped: 0.0055040 seconds, Stopping threads took: 0.0000570 seconds
101.189: Application time: 0.1464800 seconds
101.189: [GC101.189: [ParNew: 36368K->3570K(37568K), 0.0051190 secs] 126090K->105406K(854844K), 0.0051640 secs] [Times: user=0.04 sys=0.00, real=0.00 secs] 
101.194: Total time for which application threads were stopped: 0.0053140 seconds, Stopping threads took: 0.0000680 seconds
101.331: Application time: 0.1362210 seconds
101.331: [GC101.331: [ParNew: 36370K->3566K(37568K), 0.0055370 secs] 138206K->118940K(854844K), 0.0055790 secs] [Times: user=0.04 sys=0.00, real=0.01 secs] 
101.336: Total time for which application threads were stopped: 0.0057120 seconds, Stopping threads took: 0.0000600 seconds
101.472: Application time: 0.1354310 seconds
101.472: [GC101.472: [ParNew: 36384K->3576K(37568K), 0.0057190 secs] 151758K->132489K(854844K), 0.0057680 secs] [Times: user=0.05 sys=0.00, real=0.01 secs] 
101.478: Total time for which application threads were stopped: 0.0059210 seconds, Stopping threads took: 0.0000860 seconds
101.599: Application time: 0.1216060 seconds
101.599: [GC101.599: [ParNew: 36377K->3570K(37568K), 0.0055080 secs] 165290K->146024K(854844K), 0.0055480 secs] [Times: user=0.04 sys=0.00, real=0.01 secs] 
101.605: Total time for which application threads were stopped: 0.0056920 seconds, Stopping threads took: 0.0000720 seconds
101.722: Application time: 0.1171110 seconds
101.722: [GC101.722: [ParNew: 36371K->3572K(37568K), 0.0053940 secs] 178825K->158852K(854844K), 0.0054380 secs] [Times: user=0.04 sys=0.00, real=0.01 secs] 
101.728: Total time for which application threads were stopped: 0.0055840 seconds, Stopping threads took: 0.0000600 seconds
101.851: Application time: 0.1235840 seconds
101.851: [GC101.851: [ParNew: 36365K->3562K(37568K), 0.0053870 secs] 191645K->171669K(854844K), 0.0054310 secs] [Times: user=0.04 sys=0.00, real=0.01 secs] 
101.857: Total time for which application threads were stopped: 0.0055720 seconds, Stopping threads took: 0.0000700 seconds
101.968: Application time: 0.1114620 seconds
101.968: [GC101.968: [ParNew: 36364K->3576K(37568K), 0.0054140 secs] 204471K->184509K(854844K), 0.0054550 secs] [Times: user=0.04 sys=0.00, real=0.00 secs] 
101.974: Total time for which application threads were stopped: 0.0056220 seconds, Stopping threads took: 0.0000990 seconds
102.106: Application time: 0.1317730 seconds
102.106: [GC102.106: [ParNew: 36370K->3564K(37568K), 0.0050770 secs] 217303K->196612K(854844K), 0.0051210 secs] [Times: user=0.04 sys=0.00, real=0.00 secs] 
102.111: Total time for which application threads were stopped: 0.0052540 seconds, Stopping threads took: 0.0000600 seconds
102.213: Application time: 0.1015950 seconds
102.213: [GC102.213: [ParNew: 36367K->3572K(37568K), 0.0053410 secs] 229414K->209446K(854844K), 0.0053860 secs] [Times: user=0.05 sys=0.00, real=0.01 secs] 
102.218: Total time for which application threads were stopped: 0.0055150 seconds, Stopping threads took: 0.0000620 seconds
102.321: Application time: 0.1031520 seconds
102.321: [GC102.321: [ParNew: 36382K->3572K(37568K), 0.0053780 secs] 242256K->222273K(854844K), 0.0054180 secs] [Times: user=0.04 sys=0.00, real=0.01 secs] 
102.327: Total time for which application threads were stopped: 0.0055850 seconds, Stopping threads took: 0.0000680 seconds
102.435: Application time: 0.1079280 seconds
102.435: [GC102.435: [ParNew: 36382K->3571K(37568K), 0.0053680 secs] 255083K->235099K(854844K), 0.0054090 secs] [Times: user=0.05 sys=0.00, real=0.00 secs] 
102.440: Total time for which application threads were stopped: 0.0055710 seconds, Stopping threads took: 0.0000910 seconds
102.554: Application time: 0.1136330 seconds
102.554: [GC102.554: [ParNew: 36374K->3566K(37568K), 0.0054080 secs] 267903K->247923K(854844K), 0.0054520 secs] [Times: user=0.05 sys=0.00, real=0.01 secs] 
102.560: Total time for which application threads were stopped: 0.0056140 seconds, Stopping threads took: 0.0000900 seconds
102.657: Application time: 0.0976240 seconds
102.657: [GC102.657: [ParNew: 36370K->3570K(37568K), 0.0053680 secs] 280727K->260755K(854844K), 0.0054120 secs] [Times: user=0.04 sys=0.00, real=0.00 secs] 
102.663: Total time for which application threads were stopped: 0.0055560 seconds, Stopping threads took: 0.0000700 seconds
102.777: Application time: 0.1143360 seconds
102.777: [GC102.777: [ParNew: 36365K->3562K(37568K), 0.0053540 secs] 293549K->272861K(854844K), 0.0053950 secs] [Times: user=0.05 sys=0.00, real=0.00 secs] 
102.783: Total time for which application threads were stopped: 0.0055250 seconds, Stopping threads took: 0.0000630 seconds
102.887: Application time: 0.1047460 seconds
102.887: [GC102.888: [ParNew: 36365K->3576K(37568K), 0.0054010 secs] 305665K->285702K(854844K), 0.0054540 secs] [Times: user=0.05 sys=0.00, real=0.00 secs] 
102.893: Total time for which application threads were stopped: 0.0056250 seconds, Stopping threads took: 0.0000860 seconds
102.994: Application time: 0.1008610 seconds
102.994: [GC102.994: [ParNew: 36371K->3562K(37568K), 0.0052300 secs] 318496K->297802K(854844K), 0.0052740 secs] [Times: user=0.04 sys=0.00, real=0.01 secs] 
102.999: Total time for which application threads were stopped: 0.0054490 seconds, Stopping threads took: 0.0001030 seconds
103.120: Application time: 0.1209970 seconds
103.120: [GC103.120: [ParNew: 36363K->3570K(37568K), 0.0051780 secs] 330603K->309924K(854844K), 0.0052210 secs] [Times: user=0.04 sys=0.00, real=0.01 secs] 
103.126: Total time for which application threads were stopped: 0.0053480 seconds, Stopping threads took: 0.0000590 seconds
103.218: Application time: 0.0921840 seconds
103.218: [GC103.218: [ParNew: 36371K->3568K(37568K), 0.0051640 secs] 342724K->322036K(854844K), 0.0052080 secs] [Times: user=0.04 sys=0.00, real=0.01 secs] 
103.223: Total time for which application threads were stopped: 0.0053440 seconds, Stopping threads took: 0.0000700 seconds
103.279: Application time: 0.0558190 seconds
103.279: [GC103.279: [ParNew: 36865K->3639K(37568K), 0.0033440 secs] 355333K->327096K(854844K), 0.0033880 secs] [Times: user=0.03 sys=0.00, real=0.00 secs] 
103.283: Total time for which application threads were stopped: 0.0035220 seconds, Stopping threads took: 0.0000580 seconds
103.291: Application time: 0.0085930 seconds
103.291: [GC103.291: [ParNew: 36703K->3574K(37568K), 0.0037140 secs] 360159K->333501K(854844K), 0.0037560 secs] [Times: user=0.02 sys=0.00, real=0.01 secs] 
103.295: Total time for which application threads were stopped: 0.0039060 seconds, Stopping threads took: 0.0000770 seconds
103.305: Application time: 0.0095240 seconds
103.305: [GC103.305: [ParNew: 36369K->3574K(37568K), 0.0037550 secs] 366296K->339914K(854844K), 0.0037980 secs] [Times: user=0.03 sys=0.00, real=0.00 secs] 
103.309: Total time for which application threads were stopped: 0.0039640 seconds, Stopping threads took: 0.0000910 seconds
103.318: Application time: 0.0095050 seconds
103.318: [GC103.318: [ParNew: 36365K->3570K(37568K), 0.0027780 secs] 372705K->342762K(854844K), 0.0028190 secs] [Times: user=0.02 sys=0.00, real=0.00 secs] 
103.321: Total time for which application threads were stopped: 0.0030150 seconds, Stopping threads took: 0.0001210 seconds
103.328: Application time: 0.0072110 seconds
103.328: [GC103.328: [ParNew: 36359K->3569K(37568K), 0.0025580 secs] 375551K->344899K(854844K), 0.0026020 secs] [Times: user=0.02 sys=0.00, real=0.00 secs] 
103.331: Total time for which application threads were stopped: 0.0027480 seconds, Stopping threads took: 0.0000740 seconds
103.338: Application time: 0.0073080 seconds
103.338: [GC103.338: [ParNew: 36360K->3574K(37568K), 0.0021510 secs] 377690K->345618K(854844K), 0.0021920 secs] [Times: user=0.02 sys=0.00, real=0.00 secs] 
103.341: Total time for which application threads were stopped: 0.0023800 seconds, Stopping threads took: 0.0001150 seconds
103.352: Application time: 0.0115340 seconds
103.352: [GC103.352: [ParNew: 36366K->2862K(37568K), 0.0020520 secs] 378409K->345619K(854844K), 0.0020910 secs] [Times: user=0.02 sys=0.00, real=0.00 secs] 
103.354: Total time for which application threads were stopped: 0.0022420 seconds, Stopping threads took: 0.0000760 seconds
103.364: Application time: 0.0092540 seconds
103.364: [GC103.364: [ParNew: 35653K->1431K(37568K), 0.0020340 secs] 378410K->346326K(854844K), 0.0020730 secs] [Times: user=0.02 sys=0.00, real=0.00 secs] 
103.366: Total time for which application threads were stopped: 0.0022330 seconds, Stopping threads took: 0.0000910 seconds
103.390: Application time: 0.0238320 seconds
103.391: [GC103.391: [ParNew: 34294K->3634K(37568K), 0.0030270 secs] 379190K->352805K(854844K), 0.0030700 secs] [Times: user=0.02 sys=0.00, real=0.00 secs] 
103.394: Total time for which application threads were stopped: 0.0039160 seconds, Stopping threads took: 0.0007630 seconds
103.403: Application time: 0.0095510 seconds
103.404: [GC103.404: [ParNew: 36418K->3562K(37568K), 0.0030100 secs] 385589K->356356K(854844K), 0.0030630 secs] [Times: user=0.02 sys=0.00, real=0.00 secs] 
103.407: Total time for which application threads were stopped: 0.0040470 seconds, Stopping threads took: 0.0009100 seconds
103.415: Application time: 0.0073570 seconds
103.415: [GC103.415: [ParNew: 36356K->3572K(37568K), 0.0026020 secs] 389150K->358503K(854844K), 0.0026430 secs] [Times: user=0.02 sys=0.00, real=0.00 secs] 
103.418: Total time for which application threads were stopped: 0.0029100 seconds, Stopping threads took: 0.0001940 seconds
103.425: Application time: 0.0073950 seconds
103.426: [GC103.426: [ParNew: 36362K->3572K(37568K), 0.0023350 secs] 391293K->359929K(854844K), 0.0023750 secs] [Times: user=0.02 sys=0.00, real=0.00 secs] 
103.428: Total time for which application threads were stopped: 0.0029970 seconds, Stopping threads took: 0.0005490 seconds
103.438: Application time: 0.0097560 seconds
103.438: [GC103.438: [ParNew: 36364K->3572K(37568K), 0.0025520 secs] 392721K->362780K(854844K), 0.0025940 secs] [Times: user=0.02 sys=0.00, real=0.00 secs] 
103.441: Total time for which application threads were stopped: 0.0027710 seconds, Stopping threads took: 0.0001050 seconds
103.450: Application time: 0.0093720 seconds
103.450: [GC103.450: [ParNew: 36364K->2144K(37568K), 0.0020570 secs] 395572K->363490K(854844K), 0.0020980 secs] [Times: user=0.02 sys=0.00, real=0.00 secs] 
103.452: Total time for which application threads were stopped: 0.0023550 seconds, Stopping threads took: 0.0001850 seconds
103.459: Application time: 0.0069110 seconds
103.459: [GC103.459: [ParNew: 34935K->2858K(37568K), 0.0019740 secs] 396282K->364918K(854844K), 0.0020090 secs] [Times: user=0.02 sys=0.00, real=0.00 secs] 
103.461: Total time for which application threads were stopped: 0.0021690 seconds, Stopping threads took: 0.0000870 seconds
103.469: Application time: 0.0072010 seconds
103.469: [GC103.469: [ParNew: 35652K->3568K(37568K), 0.0025540 secs] 397712K->367767K(854844K), 0.0025960 secs] [Times: user=0.01 sys=0.00, real=0.00 secs] 
103.471: Total time for which application threads were stopped: 0.0027420 seconds, Stopping threads took: 0.0000720 seconds
103.550: Application time: 0.0784100 seconds
103.550: [GC103.550: [ParNew: 36369K->3570K(37568K), 0.0055740 secs] 400568K->381308K(854844K), 0.0056160 secs] [Times: user=0.05 sys=0.00, real=0.01 secs] 
103.556: Total time for which application threads were stopped: 0.0058230 seconds, Stopping threads took: 0.0001150 seconds
103.582: Application time: 0.0263040 seconds
103.582: [GC103.582: [ParNew: 36392K->3604K(37568K), 0.0030180 secs] 414130K->384906K(854844K), 0.0030610 secs] [Times: user=0.02 sys=0.00, real=0.01 secs] 
103.585: Total time for which application threads were stopped: 0.0032170 seconds, Stopping threads took: 0.0000800 seconds
103.595: Application time: 0.0099340 seconds
103.595: [GC103.595: [ParNew: 36395K->3572K(37568K), 0.0030880 secs] 417696K->389177K(854844K), 0.0031290 secs] [Times: user=0.02 sys=0.00, real=0.00 secs] 
103.598: Total time for which application threads were stopped: 0.0032800 seconds, Stopping threads took: 0.0000800 seconds
103.612: Application time: 0.0140410 seconds
103.612: [GC103.612: [ParNew: 36358K->2137K(37568K), 0.0022490 secs] 421963K->390594K(854844K), 0.0022890 secs] [Times: user=0.02 sys=0.00, real=0.00 secs] 
103.615: Total time for which application threads were stopped: 0.0024500 seconds, Stopping threads took: 0.0000880 seconds
103.623: Application time: 0.0078710 seconds
103.623: [GC103.623: [ParNew: 34928K->2145K(37568K), 0.0019870 secs] 423384K->392027K(854844K), 0.0020360 secs] [Times: user=0.01 sys=0.00, real=0.01 secs] 
103.625: Total time for which application threads were stopped: 0.0021920 seconds, Stopping threads took: 0.0000820 seconds
103.726: Application time: 0.1011490 seconds
103.726: [GC103.726: [ParNew: 34946K->3570K(37568K), 0.0052410 secs] 424828K->406277K(854844K), 0.0052820 secs] [Times: user=0.05 sys=0.00, real=0.00 secs] 
103.731: Total time for which application threads were stopped: 0.0054540 seconds, Stopping threads took: 0.0000940 seconds
103.850: Application time: 0.1181490 seconds
103.850: [GC103.850: [ParNew: 36396K->3600K(37568K), 0.0053750 secs] 439102K->419133K(854844K), 0.0054190 secs] [Times: user=0.04 sys=0.00, real=0.01 secs] 
103.855: Total time for which application threads were stopped: 0.0055630 seconds, Stopping threads took: 0.0000710 seconds
103.870: Application time: 0.0144830 seconds
103.870: [GC103.870: [ParNew: 36388K->3570K(37568K), 0.0036360 secs] 451921K->424832K(854844K), 0.0036800 secs] [Times: user=0.03 sys=0.00, real=0.00 secs] 
103.873: Total time for which application threads were stopped: 0.0038500 seconds, Stopping threads took: 0.0000950 seconds
103.886: Application time: 0.0123800 seconds
103.886: [GC103.886: [ParNew: 36357K->1435K(37568K), 0.0019800 secs] 457619K->424834K(854844K), 0.0020190 secs] [Times: user=0.01 sys=0.00, real=0.00 secs] 
103.888: Total time for which application threads were stopped: 0.0021700 seconds, Stopping threads took: 0.0000790 seconds
103.900: Application time: 0.0116980 seconds
103.900: [GC103.900: [ParNew: 34228K->3572K(37568K), 0.0028510 secs] 457627K->429822K(854844K), 0.0028910 secs] [Times: user=0.02 sys=0.00, real=0.00 secs] 
103.903: Total time for which application threads were stopped: 0.0030600 seconds, Stopping threads took: 0.0000750 seconds
103.928: Application time: 0.0254070 seconds
103.928: [GC103.928: [ParNew: 36366K->3570K(37568K), 0.0024020 secs] 462615K->431957K(854844K), 0.0024420 secs] [Times: user=0.01 sys=0.00, real=0.00 secs] 
103.931: Total time for which application threads were stopped: 0.0025850 seconds, Stopping threads took: 0.0000690 seconds
104.054: Application time: 0.1232060 seconds
104.054: [GC104.054: [ParNew: 36362K->3562K(37568K), 0.0055320 secs] 464750K->445488K(854844K), 0.0055760 secs] [Times: user=0.04 sys=0.00, real=0.01 secs] 
104.060: Total time for which application threads were stopped: 0.0057170 seconds, Stopping threads took: 0.0000680 seconds
104.119: Application time: 0.0594440 seconds
104.119: [GC104.119: [ParNew: 36850K->3639K(37568K), 0.0041590 secs] 478776K->453403K(854844K), 0.0042030 secs] [Times: user=0.03 sys=0.00, real=0.01 secs] 
104.124: Total time for which application threads were stopped: 0.0043460 seconds, Stopping threads took: 0.0000710 seconds
104.133: Application time: 0.0095130 seconds
104.134: [GC104.134: [ParNew: 36710K->3576K(37568K), 0.0036510 secs] 486474K->459097K(854844K), 0.0036930 secs] [Times: user=0.03 sys=0.00, real=0.01 secs] 
104.137: Total time for which application threads were stopped: 0.0042270 seconds, Stopping threads took: 0.0004600 seconds
104.146: Application time: 0.0088620 seconds
104.147: [GC104.147: [ParNew: 36369K->3570K(37568K), 0.0035630 secs] 491890K->464792K(854844K), 0.0036040 secs] [Times: user=0.03 sys=0.00, real=0.00 secs] 
104.150: Total time for which application threads were stopped: 0.0043650 seconds, Stopping threads took: 0.0006880 seconds
104.160: Application time: 0.0095060 seconds
104.160: [GC104.160: [ParNew: 36358K->2145K(37568K), 0.0021720 secs] 497580K->465506K(854844K), 0.0022120 secs] [Times: user=0.02 sys=0.00, real=0.00 secs] 
104.162: Total time for which application threads were stopped: 0.0023510 seconds, Stopping threads took: 0.0000650 seconds
104.170: Application time: 0.0073440 seconds
104.170: [GC104.170: [ParNew: 34935K->1437K(37568K), 0.0013290 secs] 498295K->464798K(854844K), 0.0013620 secs] [Times: user=0.01 sys=0.00, real=0.00 secs] 
104.171: Total time for which application threads were stopped: 0.0015410 seconds, Stopping threads took: 0.0001130 seconds
104.179: Application time: 0.0076940 seconds
104.179: [GC104.179: [ParNew: 34228K->3576K(37568K), 0.0023860 secs] 497589K->468362K(854844K), 0.0024280 secs] [Times: user=0.02 sys=0.00, real=0.00 secs] 
104.182: Total time for which application threads were stopped: 0.0026040 seconds, Stopping threads took: 0.0001010 seconds
104.193: Application time: 0.0113700 seconds
104.193: [GC104.193: [ParNew: 36369K->3571K(37568K), 0.0024020 secs] 501154K->469782K(854844K), 0.0024530 secs] [Times: user=0.02 sys=0.00, real=0.01 secs] 
104.196: Total time for which application threads were stopped: 0.0026180 seconds, Stopping threads took: 0.0000910 seconds
104.204: Application time: 0.0080680 seconds
104.204: [GC104.204: [ParNew: 36363K->3568K(37568K), 0.0024300 secs] 502575K->471919K(854844K), 0.0024710 secs] [Times: user=0.02 sys=0.00, real=0.00 secs] 
104.206: Total time for which application threads were stopped: 0.0026020 seconds, Stopping threads took: 0.0000580 seconds
104.310: Application time: 0.1037240 seconds
104.310: [GC104.310: [ParNew: 36369K->3570K(37568K), 0.0055030 secs] 504719K->485458K(854844K), 0.0055480 secs] [Times: user=0.05 sys=0.00, real=0.01 secs] 
104.316: Total time for which application threads were stopped: 0.0057110 seconds, Stopping threads took: 0.0000900 seconds
104.465: Application time: 0.1496170 seconds
104.465: [GC104.465: [ParNew: 36391K->3574K(37568K), 0.0056130 secs] 518279K->499001K(854844K), 0.0056560 secs] [Times: user=0.04 sys=0.00, real=0.00 secs] 
104.471: Total time for which application threads were stopped: 0.0058050 seconds, Stopping threads took: 0.0000670 seconds
104.614: Application time: 0.1432700 seconds
104.614: [GC104.614: [ParNew: 36372K->3566K(37568K), 0.0051120 secs] 531799K->511109K(854844K), 0.0051530 secs] [Times: user=0.04 sys=0.00, real=0.01 secs] 
104.620: Total time for which application threads were stopped: 0.0052900 seconds, Stopping threads took: 0.0000670 seconds
104.771: Application time: 0.1510160 seconds
104.771: [GC104.771: [ParNew: 36358K->3562K(37568K), 0.0070140 secs] 543901K->523931K(854844K), 0.0070650 secs] [Times: user=0.05 sys=0.00, real=0.01 secs] 
104.778: Total time for which application threads were stopped: 0.0072030 seconds, Stopping threads took: 0.0000660 seconds
104.925: Application time: 0.1466890 seconds
104.925: [GC104.925: [ParNew: 36360K->3568K(37568K), 0.0053590 secs] 556729K->536762K(854844K), 0.0053990 secs] [Times: user=0.04 sys=0.00, real=0.00 secs] 
104.930: Total time for which application threads were stopped: 0.0055300 seconds, Stopping threads took: 0.0000650 seconds
105.078: Application time: 0.1481970 seconds
105.078: [GC105.078: [ParNew: 36360K->3562K(37568K), 0.0051140 secs] 569554K->548870K(854844K), 0.0051560 secs] [Times: user=0.04 sys=0.00, real=0.01 secs] 
105.084: Total time for which application threads were stopped: 0.0052890 seconds, Stopping threads took: 0.0000540 seconds
105.244: Application time: 0.1599980 seconds
105.244: [GC105.244: [ParNew: 36371K->3578K(37568K), 0.0056030 secs] 581679K->563136K(854844K), 0.0056450 secs] [Times: user=0.05 sys=0.00, real=0.00 secs] 
105.249: Total time for which application threads were stopped: 0.0057750 seconds, Stopping threads took: 0.0000580 seconds
105.366: Application time: 0.1170270 seconds
105.366: [GC105.367: [ParNew: 36387K->3574K(37568K), 0.0052890 secs] 595945K->575959K(854844K), 0.0053280 secs] [Times: user=0.04 sys=0.00, real=0.00 secs] 
105.372: Total time for which application threads were stopped: 0.0054830 seconds, Stopping threads took: 0.0000830 seconds
105.502: Application time: 0.1297850 seconds
105.502: [GC105.502: [ParNew: 36384K->3574K(37568K), 0.0053960 secs] 608769K->588787K(854844K), 0.0054380 secs] [Times: user=0.04 sys=0.00, real=0.01 secs] 
105.507: Total time for which application threads were stopped: 0.0055820 seconds, Stopping threads took: 0.0000720 seconds
105.653: Application time: 0.1461390 seconds
105.654: [GC105.654: [ParNew: 36375K->3570K(37568K), 0.0053030 secs] 621588K->601610K(854844K), 0.0053460 secs] [Times: user=0.04 sys=0.00, real=0.01 secs] 
105.659: Total time for which application threads were stopped: 0.0055220 seconds, Stopping threads took: 0.0000930 seconds
105.748: Application time: 0.0888790 seconds
105.748: [GC105.748: [ParNew: 36363K->3562K(37568K), 0.0054610 secs] 634403K->614429K(854844K), 0.0055030 secs] [Times: user=0.05 sys=0.00, real=0.00 secs] 
105.753: Total time for which application threads were stopped: 0.0056690 seconds, Stopping threads took: 0.0000860 seconds
105.897: Application time: 0.1434710 seconds
105.897: [GC105.897: [ParNew: 36364K->3574K(37568K), 0.0051200 secs] 647230K->626554K(854844K), 0.0051620 secs] [Times: user=0.04 sys=0.00, real=0.00 secs] 
105.902: Total time for which application threads were stopped: 0.0053240 seconds, Stopping threads took: 0.0000890 seconds
106.007: Application time: 0.1044200 seconds
106.007: [GC106.007: [ParNew: 36368K->3562K(37568K), 0.0050750 secs] 659348K->638657K(854844K), 0.0051210 secs] [Times: user=0.03 sys=0.00, real=0.00 secs] 
106.012: Total time for which application threads were stopped: 0.0052570 seconds, Stopping threads took: 0.0000630 seconds
106.129: Application time: 0.1173580 seconds
106.129: [GC106.129: [ParNew: 36373K->3578K(37568K), 0.0051120 secs] 671468K->650786K(854844K), 0.0051560 secs] [Times: user=0.04 sys=0.00, real=0.00 secs] 
106.135: Total time for which application threads were stopped: 0.0052940 seconds, Stopping threads took: 0.0000680 seconds
106.222: Application time: 0.0873970 seconds
106.222: [GC106.222: [ParNew: 36373K->3562K(37568K), 0.0051770 secs] 683581K->662886K(854844K), 0.0052210 secs] [Times: user=0.04 sys=0.00, real=0.01 secs] 
106.227: Total time for which application threads were stopped: 0.0053810 seconds, Stopping threads took: 0.0000780 seconds
106.358: Application time: 0.1309350 seconds
106.358: [GC106.358: [ParNew: 36379K->3577K(37568K), 0.0053910 secs] 695702K->675727K(854844K), 0.0054330 secs] [Times: user=0.04 sys=0.00, real=0.01 secs] 
106.364: Total time for which application threads were stopped: 0.0055640 seconds, Stopping threads took: 0.0000580 seconds
106.453: Application time: 0.0895150 seconds
106.454: [GC106.454: [ParNew: 36380K->3568K(37568K), 0.0053960 secs] 708530K->688547K(854844K), 0.0054380 secs] [Times: user=0.05 sys=0.00, real=0.01 secs] 
106.459: Total time for which application threads were stopped: 0.0056320 seconds, Stopping threads took: 0.0001210 seconds
106.586: Application time: 0.1266860 seconds
106.586: [GC106.586: [ParNew: 36370K->3573K(37568K), 0.0051370 secs] 721349K->700666K(854844K), 0.0051800 secs] [Times: user=0.04 sys=0.00, real=0.00 secs] 
106.591: Total time for which application threads were stopped: 0.0053230 seconds, Stopping threads took: 0.0000760 seconds
106.678: Application time: 0.0874240 seconds
106.679: [GC106.679: [ParNew: 36367K->3562K(37568K), 0.0051740 secs] 733461K->712771K(854844K), 0.0052190 secs] [Times: user=0.04 sys=0.00, real=0.01 secs] 
106.684: Total time for which application threads were stopped: 0.0053570 seconds, Stopping threads took: 0.0000680 seconds
106.811: Application time: 0.1271520 seconds
106.811: [GC106.811: [ParNew: 36364K->3570K(37568K), 0.0051190 secs] 745572K->724893K(854844K), 0.0051630 secs] [Times: user=0.04 sys=0.00, real=0.01 secs] 
106.816: Total time for which application threads were stopped: 0.0053300 seconds, Stopping threads took: 0.0000820 seconds
106.918: Application time: 0.1013480 seconds
106.918: [GC106.918: [ParNew: 36365K->3562K(37568K), 0.0051890 secs] 757687K->736999K(854844K), 0.0052350 secs] [Times: user=0.04 sys=0.00, real=0.01 secs] 
106.923: Total time for which application threads were stopped: 0.0053840 seconds, Stopping threads took: 0.0000770 seconds
107.032: Application time: 0.1088150 seconds
107.032: [GC107.032: [ParNew: 36370K->3576K(37568K), 0.0053250 secs] 769807K->749127K(854844K), 0.0053680 secs] [Times: user=0.04 sys=0.00, real=0.01 secs] 
107.037: Total time for which application threads were stopped: 0.0054950 seconds, Stopping threads took: 0.0000620 seconds
107.145: Application time: 0.1077740 seconds
107.145: [GC107.145: [ParNew: 36370K->3562K(37568K), 0.0051320 secs] 781921K->761228K(854844K), 0.0051760 secs] [Times: user=0.04 sys=0.00, real=0.00 secs] 
107.150: Total time for which application threads were stopped: 0.0053110 seconds, Stopping threads took: 0.0000630 seconds
107.150: Application time: 0.0000690 seconds
107.151: [GC [1 CMS-initial-mark: 757665K(817276K)] 761941K(854844K), 0.0001380 secs] [Times: user=0.00 sys=0.00, real=0.00 secs] 
107.151: Total time for which application threads were stopped: 0.0002610 seconds, Stopping threads took: 0.0000990 seconds
107.151: [CMS-concurrent-mark-start]
107.156: [CMS-concurrent-mark: 0.005/0.005 secs] [Times: user=0.02 sys=0.01, real=0.01 secs] 
107.156: [CMS-concurrent-preclean-start]
107.157: [CMS-concurrent-preclean: 0.001/0.001 secs] [Times: user=0.01 sys=0.00, real=0.00 secs] 
107.157: [CMS-concurrent-abortable-preclean-start]
107.260: Application time: 0.1092620 seconds
107.260: [GC107.260: [ParNew: 36356K->3562K(37568K), 0.0050640 secs] 794022K->773341K(854844K), 0.0051050 secs] [Times: user=0.04 sys=0.00, real=0.01 secs] 
107.265: Total time for which application threads were stopped: 0.0052460 seconds, Stopping threads took: 0.0000730 seconds
107.288: Application time: 0.0226720 seconds
107.288: [GC107.288: [ParNew: 36374K->3669K(37568K), 0.0029010 secs] 806153K->776299K(854844K), 0.0029470 secs] [Times: user=0.02 sys=0.00, real=0.00 secs] 
107.291: Total time for which application threads were stopped: 0.0031580 seconds, Stopping threads took: 0.0001350 seconds
107.301: Application time: 0.0095320 seconds
107.301: [GC107.301: [ParNew: 36532K->3572K(37568K), 0.0025130 secs] 809162K->778426K(854844K), 0.0025560 secs] [Times: user=0.02 sys=0.00, real=0.01 secs] 
107.304: Total time for which application threads were stopped: 0.0030470 seconds, Stopping threads took: 0.0004170 seconds
107.312: Application time: 0.0078400 seconds
107.312: [GC107.312: [ParNew: 36352K->1427K(37568K), 0.0017350 secs] 811205K->777707K(854844K), 0.0017770 secs] [Times: user=0.02 sys=0.00, real=0.00 secs] 
107.314: Total time for which application threads were stopped: 0.0025750 seconds, Stopping threads took: 0.0006920 seconds
107.314: [CMS-concurrent-abortable-preclean: 0.010/0.157 secs] [Times: user=1.24 sys=0.00, real=0.15 secs] 
107.314: Application time: 0.0001120 seconds
107.315: [GC[YG occupancy: 5708 K (37568 K)]107.315: [Rescan (parallel) , 0.0003640 secs]107.315: [weak refs processing, 0.0000060 secs]107.315: [scrub string table, 0.0001160 secs] [1 CMS-remark: 776280K(817276K)] 781988K(854844K), 0.0005130 secs] [Times: user=0.00 sys=0.00, real=0.00 secs] 
107.315: Total time for which application threads were stopped: 0.0012580 seconds, Stopping threads took: 0.0007130 seconds
107.316: [CMS-concurrent-sweep-start]
107.318: [CMS-concurrent-sweep: 0.002/0.002 secs] [Times: user=0.00 sys=0.00, real=0.00 secs] 
107.318: [CMS-concurrent-reset-start]
107.324: [CMS-concurrent-reset: 0.007/0.007 secs] [Times: user=0.06 sys=0.00, real=0.01 secs] 
107.326: Application time: 0.0103220 seconds
107.327: [GC107.327: [ParNew: 34229K->3572K(37568K), 0.0031090 secs] 79862K->54193K(854844K), 0.0031510 secs] [Times: user=0.02 sys=0.01, real=0.00 secs] 
107.330: Total time for which application threads were stopped: 0.0040790 seconds, Stopping threads took: 0.0008550 seconds
107.337: Application time: 0.0075940 seconds
107.338: [GC107.338: [ParNew: 36365K->3568K(37568K), 0.0033450 secs] 86986K->59179K(854844K), 0.0033920 secs] [Times: user=0.02 sys=0.00, real=0.00 secs] 
107.341: Total time for which application threads were stopped: 0.0037390 seconds, Stopping threads took: 0.0002690 seconds
107.349: Application time: 0.0075290 seconds
107.350: [GC107.350: [ParNew: 36360K->2860K(37568K), 0.0021740 secs] 91971K->59896K(854844K), 0.0022190 secs] [Times: user=0.01 sys=0.00, real=0.00 secs] 
107.352: Total time for which application threads were stopped: 0.0030870 seconds, Stopping threads took: 0.0007930 seconds
107.360: Application time: 0.0077310 seconds
107.361: [GC107.361: [ParNew: 35654K->3567K(37568K), 0.0023230 secs] 92690K->62029K(854844K), 0.0023680 secs] [Times: user=0.01 sys=0.00, real=0.01 secs] 
107.363: Total time for which application threads were stopped: 0.0034760 seconds, Stopping threads took: 0.0010140 seconds
107.371: Application time: 0.0076850 seconds
107.371: [GC107.371: [ParNew: 36361K->3574K(37568K), 0.0027320 secs] 94823K->64888K(854844K), 0.0027910 secs] [Times: user=0.01 sys=0.00, real=0.00 secs] 
107.374: Total time for which application threads were stopped: 0.0034160 seconds, Stopping threads took: 0.0005310 seconds
107.382: Application time: 0.0075490 seconds
107.382: [GC107.382: [ParNew: 36932K->2893K(37568K), 0.0019430 secs] 98246K->64920K(854844K), 0.0019830 secs] [Times: user=0.01 sys=0.00, real=0.01 secs] 
107.384: Total time for which application threads were stopped: 0.0022660 seconds, Stopping threads took: 0.0001930 seconds
107.392: Application time: 0.0076800 seconds
107.392: [GC107.392: [ParNew: 35871K->3574K(37568K), 0.0024850 secs] 97898K->67769K(854844K), 0.0025270 secs] [Times: user=0.02 sys=0.00, real=0.00 secs] 
107.395: Total time for which application threads were stopped: 0.0030800 seconds, Stopping threads took: 0.0004720 seconds
107.402: Application time: 0.0073840 seconds
107.403: [GC107.403: [ParNew: 36366K->2858K(37568K), 0.0021360 secs] 100560K->68479K(854844K), 0.0021760 secs] [Times: user=0.02 sys=0.00, real=0.00 secs] 
107.405: Total time for which application threads were stopped: 0.0032410 seconds, Stopping threads took: 0.0009920 seconds
107.413: Application time: 0.0074390 seconds
107.413: [GC107.413: [ParNew: 35651K->3572K(37568K), 0.0023080 secs] 101272K->70619K(854844K), 0.0023510 secs] [Times: user=0.01 sys=0.00, real=0.01 secs] 
107.415: Total time for which application threads were stopped: 0.0025180 seconds, Stopping threads took: 0.0000930 seconds
107.423: Application time: 0.0080100 seconds
107.423: [GC107.424: [ParNew: 36367K->3572K(37568K), 0.0023380 secs] 103414K->72045K(854844K), 0.0023810 secs] [Times: user=0.02 sys=0.00, real=0.00 secs] 
107.426: Total time for which application threads were stopped: 0.0025460 seconds, Stopping threads took: 0.0000920 seconds
107.439: Application time: 0.0133380 seconds
107.439: [GC107.439: [ParNew: 36359K->1433K(37568K), 0.0020010 secs] 104832K->72044K(854844K), 0.0020420 secs] [Times: user=0.01 sys=0.00, real=0.00 secs] 
107.442: Total time for which application threads were stopped: 0.0022660 seconds, Stopping threads took: 0.0001500 seconds
107.452: Application time: 0.0106290 seconds
107.452: [GC107.452: [ParNew: 34228K->3568K(37568K), 0.0033520 secs] 104840K->79168K(854844K), 0.0033960 secs] [Times: user=0.02 sys=0.00, real=0.01 secs] 
107.456: Total time for which application threads were stopped: 0.0035700 seconds, Stopping threads took: 0.0001000 seconds
107.481: Application time: 0.0254810 seconds
107.481: [GC107.481: [ParNew: 36364K->3568K(37568K), 0.0028250 secs] 111963K->82731K(854844K), 0.0028680 secs] [Times: user=0.02 sys=0.00, real=0.01 secs] 
107.484: Total time for which application threads were stopped: 0.0029980 seconds, Stopping threads took: 0.0000650 seconds
107.551: Application time: 0.0666660 seconds
107.551: [GC107.551: [ParNew: 36394K->3600K(37568K), 0.0052520 secs] 115556K->94877K(854844K), 0.0052990 secs] [Times: user=0.04 sys=0.00, real=0.01 secs] 
107.556: Total time for which application threads were stopped: 0.0054480 seconds, Stopping threads took: 0.0000720 seconds
107.567: Application time: 0.0102660 seconds
107.567: [GC107.567: [ParNew: 36388K->3570K(37568K), 0.0030410 secs] 127665K->97725K(854844K), 0.0030780 secs] [Times: user=0.02 sys=0.00, real=0.00 secs] 
107.570: Total time for which application threads were stopped: 0.0032550 seconds, Stopping threads took: 0.0001030 seconds
107.584: Application time: 0.0138240 seconds
107.584: [GC107.584: [ParNew: 36362K->3568K(37568K), 0.0031720 secs] 130517K->101999K(854844K), 0.0032160 secs] [Times: user=0.03 sys=0.00, real=0.00 secs] 
107.587: Total time for which application threads were stopped: 0.0034060 seconds, Stopping threads took: 0.0001170 seconds
107.597: Application time: 0.0102210 seconds
107.597: [GC107.597: [ParNew: 36362K->3568K(37568K), 0.0028370 secs] 134793K->104849K(854844K), 0.0028790 secs] [Times: user=0.02 sys=0.00, real=0.00 secs] 
107.600: Total time for which application threads were stopped: 0.0030660 seconds, Stopping threads took: 0.0001110 seconds
107.672: Application time: 0.0714210 seconds
107.672: [GC107.672: [ParNew: 36370K->3572K(37568K), 0.0050130 secs] 137650K->116966K(854844K), 0.0050630 secs] [Times: user=0.04 sys=0.00, real=0.01 secs] 
107.677: Total time for which application threads were stopped: 0.0052310 seconds, Stopping threads took: 0.0000960 seconds
107.796: Application time: 0.1189800 seconds
107.796: [GC107.796: [ParNew: 36392K->3600K(37568K), 0.0049480 secs] 149786K->128395K(854844K), 0.0049890 secs] [Times: user=0.04 sys=0.00, real=0.00 secs] 
107.801: Total time for which application threads were stopped: 0.0051460 seconds, Stopping threads took: 0.0000860 seconds
107.817: Application time: 0.0157540 seconds
107.817: [GC107.817: [ParNew: 36394K->3570K(37568K), 0.0032470 secs] 161189K->132668K(854844K), 0.0032880 secs] [Times: user=0.02 sys=0.00, real=0.00 secs] 
107.820: Total time for which application threads were stopped: 0.0034700 seconds, Stopping threads took: 0.0000960 seconds
107.832: Application time: 0.0115830 seconds
107.832: [GC107.832: [ParNew: 36358K->3570K(37568K), 0.0024870 secs] 165457K->134806K(854844K), 0.0025280 secs] [Times: user=0.02 sys=0.00, real=0.00 secs] 
107.835: Total time for which application threads were stopped: 0.0026620 seconds, Stopping threads took: 0.0000620 seconds
107.847: Application time: 0.0124480 seconds
107.847: [GC107.847: [ParNew: 36363K->3568K(37568K), 0.0033280 secs] 167599K->139792K(854844K), 0.0033700 secs] [Times: user=0.02 sys=0.00, real=0.00 secs] 
107.851: Total time for which application threads were stopped: 0.0035520 seconds, Stopping threads took: 0.0001090 seconds
107.860: Application time: 0.0095380 seconds
107.860: [GC107.860: [ParNew: 36360K->1433K(37568K), 0.0020010 secs] 172584K->140506K(854844K), 0.0020370 secs] [Times: user=0.01 sys=0.00, real=0.00 secs] 
107.862: Total time for which application threads were stopped: 0.0022420 seconds, Stopping threads took: 0.0001330 seconds
107.993: Application time: 0.1309320 seconds
107.993: [GC107.993: [ParNew: 34225K->3572K(37568K), 0.0055280 secs] 173299K->156184K(854844K), 0.0055710 secs] [Times: user=0.04 sys=0.00, real=0.01 secs] 
107.999: Total time for which application threads were stopped: 0.0057040 seconds, Stopping threads took: 0.0000650 seconds
108.057: Application time: 0.0576420 seconds
108.058: [GC108.058: [ParNew: 36431K->3630K(37568K), 0.0046650 secs] 189043K->166218K(854844K), 0.0047120 secs] [Times: user=0.04 sys=0.00, real=0.00 secs] 
108.062: Total time for which application threads were stopped: 0.0056090 seconds, Stopping threads took: 0.0008190 seconds
108.074: Application time: 0.0114280 seconds
108.075: [GC108.075: [ParNew: 36416K->1431K(37568K), 0.0021910 secs] 199004K->166927K(854844K), 0.0022340 secs] [Times: user=0.02 sys=0.00, real=0.01 secs] 
108.077: Total time for which application threads were stopped: 0.0031260 seconds, Stopping threads took: 0.0008170 seconds
108.084: Application time: 0.0070130 seconds
108.084: [GC108.084: [ParNew: 34221K->3570K(37568K), 0.0034640 secs] 199717K->174766K(854844K), 0.0035060 secs] [Times: user=0.02 sys=0.00, real=0.00 secs] 
108.088: Total time for which application threads were stopped: 0.0037180 seconds, Stopping threads took: 0.0001360 seconds
108.097: Application time: 0.0093680 seconds
108.097: [GC108.097: [ParNew: 36366K->3574K(37568K), 0.0029220 secs] 207563K->178333K(854844K), 0.0029660 secs] [Times: user=0.03 sys=0.00, real=0.00 secs] 
108.100: Total time for which application threads were stopped: 0.0031530 seconds, Stopping threads took: 0.0001120 seconds
108.109: Application time: 0.0084710 seconds
108.109: [GC108.109: [ParNew: 36361K->3562K(37568K), 0.0029740 secs] 211119K->181886K(854844K), 0.0030150 secs] [Times: user=0.02 sys=0.00, real=0.00 secs] 
108.112: Total time for which application threads were stopped: 0.0037140 seconds, Stopping threads took: 0.0006230 seconds
108.121: Application time: 0.0087170 seconds
108.121: [GC108.121: [ParNew: 36355K->2148K(37568K), 0.0019000 secs] 214678K->181896K(854844K), 0.0019400 secs] [Times: user=0.02 sys=0.00, real=0.01 secs] 
108.123: Total time for which application threads were stopped: 0.0020930 seconds, Stopping threads took: 0.0000730 seconds
108.130: Application time: 0.0065500 seconds
108.130: [GC108.130: [ParNew: 34942K->2858K(37568K), 0.0018830 secs] 214690K->183320K(854844K), 0.0019210 secs] [Times: user=0.01 sys=0.00, real=0.00 secs] 
108.132: Total time for which application threads were stopped: 0.0020890 seconds, Stopping threads took: 0.0000940 seconds
108.138: Application time: 0.0067460 seconds
108.139: [GC108.139: [ParNew: 35642K->2137K(37568K), 0.0014420 secs] 216104K->183312K(854844K), 0.0014840 secs] [Times: user=0.00 sys=0.00, real=0.00 secs] 
108.140: Total time for which application threads were stopped: 0.0017590 seconds, Stopping threads took: 0.0002070 seconds
108.258: Application time: 0.1177630 seconds
108.258: [GC108.258: [ParNew: 34946K->3574K(37568K), 0.0054260 secs] 216121K->198287K(854844K), 0.0054680 secs] [Times: user=0.05 sys=0.00, real=0.01 secs] 
108.264: Total time for which application threads were stopped: 0.0056130 seconds, Stopping threads took: 0.0000730 seconds
108.397: Application time: 0.1335270 seconds
108.397: [GC108.397: [ParNew: 36385K->3572K(37568K), 0.0053230 secs] 231098K->211113K(854844K), 0.0053650 secs] [Times: user=0.04 sys=0.00, real=0.00 secs] 
108.403: Total time for which application threads were stopped: 0.0055300 seconds, Stopping threads took: 0.0000810 seconds
108.560: Application time: 0.1574330 seconds
108.560: [GC108.560: [ParNew: 36372K->3572K(37568K), 0.0055350 secs] 243913K->224653K(854844K), 0.0055760 secs] [Times: user=0.04 sys=0.01, real=0.01 secs] 
108.566: Total time for which application threads were stopped: 0.0057160 seconds, Stopping threads took: 0.0000690 seconds
108.710: Application time: 0.1437740 seconds
108.710: [GC108.710: [ParNew: 36372K->3570K(37568K), 0.0052690 secs] 257453K->237477K(854844K), 0.0053120 secs] [Times: user=0.04 sys=0.00, real=0.01 secs] 
108.715: Total time for which application threads were stopped: 0.0054480 seconds, Stopping threads took: 0.0000640 seconds
108.846: Application time: 0.1304420 seconds
108.846: [GC108.846: [ParNew: 36368K->3566K(37568K), 0.0053020 secs] 270275K->250299K(854844K), 0.0053430 secs] [Times: user=0.04 sys=0.00, real=0.00 secs] 
108.851: Total time for which application threads were stopped: 0.0054970 seconds, Stopping threads took: 0.0000830 seconds
109.005: Application time: 0.1544470 seconds
109.006: [GC109.006: [ParNew: 36358K->3564K(37568K), 0.0052280 secs] 283091K->262411K(854844K), 0.0052680 secs] [Times: user=0.04 sys=0.00, real=0.00 secs] 
109.011: Total time for which application threads were stopped: 0.0054160 seconds, Stopping threads took: 0.0000650 seconds
109.158: Application time: 0.1467350 seconds
109.158: [GC109.158: [ParNew: 36373K->3572K(37568K), 0.0054670 secs] 295219K->275956K(854844K), 0.0055090 secs] [Times: user=0.04 sys=0.00, real=0.01 secs] 
109.163: Total time for which application threads were stopped: 0.0056460 seconds, Stopping threads took: 0.0000680 seconds
109.312: Application time: 0.1486840 seconds
109.312: [GC109.312: [ParNew: 36364K->3562K(37568K), 0.0052700 secs] 308748K->288773K(854844K), 0.0053160 secs] [Times: user=0.04 sys=0.00, real=0.01 secs] 
109.317: Total time for which application threads were stopped: 0.0054840 seconds, Stopping threads took: 0.0000960 seconds
109.414: Application time: 0.0962580 seconds
109.414: [GC109.414: [ParNew: 36388K->3578K(37568K), 0.0058770 secs] 321600K->303752K(854844K), 0.0059210 secs] [Times: user=0.05 sys=0.00, real=0.01 secs] 
109.420: Total time for which application threads were stopped: 0.0060880 seconds, Stopping threads took: 0.0000940 seconds
109.553: Application time: 0.1328700 seconds
109.553: [GC109.553: [ParNew: 36379K->3572K(37568K), 0.0053910 secs] 336554K->316576K(854844K), 0.0054370 secs] [Times: user=0.04 sys=0.00, real=0.01 secs] 
109.558: Total time for which application threads were stopped: 0.0055900 seconds, Stopping threads took: 0.0000720 seconds
109.685: Application time: 0.1264970 seconds
109.685: [GC109.685: [ParNew: 36365K->3562K(37568K), 0.0051270 secs] 349368K->328680K(854844K), 0.0051770 secs] [Times: user=0.04 sys=0.00, real=0.00 secs] 
109.690: Total time for which application threads were stopped: 0.0053100 seconds, Stopping threads took: 0.0000680 seconds
109.800: Application time: 0.1096760 seconds
109.800: [GC109.800: [ParNew: 36364K->3568K(37568K), 0.0071510 secs] 361482K->342224K(854844K), 0.0071990 secs] [Times: user=0.04 sys=0.00, real=0.01 secs] 
109.807: Total time for which application threads were stopped: 0.0073430 seconds, Stopping threads took: 0.0000720 seconds
109.935: Application time: 0.1276580 seconds
109.935: [GC109.935: [ParNew: 36362K->3562K(37568K), 0.0051280 secs] 375018K->354332K(854844K), 0.0051710 secs] [Times: user=0.04 sys=0.00, real=0.00 secs] 
109.940: Total time for which application threads were stopped: 0.0053240 seconds, Stopping threads took: 0.0000890 seconds
110.044: Application time: 0.1043050 seconds
110.044: [GC110.045: [ParNew: 36373K->3574K(37568K), 0.0053330 secs] 387143K->367171K(854844K), 0.0053760 secs] [Times: user=0.04 sys=0.00, real=0.00 secs] 
110.050: Total time for which application threads were stopped: 0.0055020 seconds, Stopping threads took: 0.0000590 seconds
110.157: Application time: 0.1075330 seconds
110.158: [GC110.158: [ParNew: 36369K->3564K(37568K), 0.0051260 secs] 399965K->379276K(854844K), 0.0051660 secs] [Times: user=0.04 sys=0.00, real=0.00 secs] 
110.163: Total time for which application threads were stopped: 0.0053680 seconds, Stopping threads took: 0.0001020 seconds
110.278: Application time: 0.1147350 seconds
110.278: [GC110.278: [ParNew: 36372K->3573K(37568K), 0.0053730 secs] 412084K->392111K(854844K), 0.0054150 secs] [Times: user=0.04 sys=0.00, real=0.01 secs] 
110.283: Total time for which application threads were stopped: 0.0055700 seconds, Stopping threads took: 0.0000830 seconds
110.391: Application time: 0.1083080 seconds
110.392: [GC110.392: [ParNew: 36376K->3566K(37568K), 0.0052560 secs] 424914K->404933K(854844K), 0.0053000 secs] [Times: user=0.04 sys=0.00, real=0.01 secs] 
110.397: Total time for which application threads were stopped: 0.0054580 seconds, Stopping threads took: 0.0000860 seconds
110.514: Application time: 0.1170910 seconds
110.514: [GC110.514: [ParNew: 36370K->3573K(37568K), 0.0054810 secs] 437736K->418479K(854844K), 0.0055250 secs] [Times: user=0.04 sys=0.00, real=0.01 secs] 
110.520: Total time for which application threads were stopped: 0.0056620 seconds, Stopping threads took: 0.0000630 seconds
110.635: Application time: 0.1150080 seconds
110.635: [GC110.635: [ParNew: 36376K->3575K(37568K), 0.0053370 secs] 451282K->431308K(854844K), 0.0053870 secs] [Times: user=0.03 sys=0.00, real=0.01 secs] 
110.640: Total time for which application threads were stopped: 0.0055380 seconds, Stopping threads took: 0.0000800 seconds
110.733: Application time: 0.0927050 seconds
110.733: [GC110.733: [ParNew: 36376K->3570K(37568K), 0.0055980 secs] 464110K->444131K(854844K), 0.0056440 secs] [Times: user=0.04 sys=0.00, real=0.01 secs] 
110.739: Total time for which application threads were stopped: 0.0057910 seconds, Stopping threads took: 0.0000610 seconds
110.863: Application time: 0.1245760 seconds
110.863: [GC110.863: [ParNew: 36365K->3564K(37568K), 0.0051160 secs] 476926K->456240K(854844K), 0.0051600 secs] [Times: user=0.03 sys=0.00, real=0.00 secs] 
110.869: Total time for which application threads were stopped: 0.0053230 seconds, Stopping threads took: 0.0000900 seconds
110.973: Application time: 0.1048100 seconds
110.974: [GC110.974: [ParNew: 36359K->3562K(37568K), 0.0053720 secs] 489034K->469064K(854844K), 0.0054160 secs] [Times: user=0.04 sys=0.00, real=0.01 secs] 
110.979: Total time for which application threads were stopped: 0.0055540 seconds, Stopping threads took: 0.0000660 seconds
111.092: Application time: 0.1133010 seconds
111.092: [GC111.092: [ParNew: 36373K->3572K(37568K), 0.0055210 secs] 501875K->482613K(854844K), 0.0055650 secs] [Times: user=0.04 sys=0.00, real=0.01 secs] 
111.098: Total time for which application threads were stopped: 0.0057680 seconds, Stopping threads took: 0.0001260 seconds
111.207: Application time: 0.1092890 seconds
111.207: [GC111.207: [ParNew: 36366K->3562K(37568K), 0.0055650 secs] 515406K->495431K(854844K), 0.0056080 secs] [Times: user=0.04 sys=0.00, real=0.00 secs] 
111.213: Total time for which application threads were stopped: 0.0057530 seconds, Stopping threads took: 0.0000750 seconds
111.251: Application time: 0.0379780 seconds
111.251: [GC111.251: [ParNew: 36380K->3604K(37568K), 0.0033990 secs] 528248K->500461K(854844K), 0.0034420 secs] [Times: user=0.03 sys=0.00, real=0.00 secs] 
111.255: Total time for which application threads were stopped: 0.0036040 seconds, Stopping threads took: 0.0000740 seconds
111.263: Application time: 0.0084840 seconds
111.263: [GC111.263: [ParNew: 36969K->3606K(37568K), 0.0032870 secs] 533826K->505479K(854844K), 0.0033260 secs] [Times: user=0.02 sys=0.00, real=0.00 secs] 
111.267: Total time for which application threads were stopped: 0.0034770 seconds, Stopping threads took: 0.0000770 seconds
111.279: Application time: 0.0125640 seconds
111.279: [GC111.279: [ParNew: 36568K->2860K(37568K), 0.0025430 secs] 538441K->507611K(854844K), 0.0025850 secs] [Times: user=0.02 sys=0.00, real=0.00 secs] 
111.282: Total time for which application threads were stopped: 0.0027830 seconds, Stopping threads took: 0.0001210 seconds
111.290: Application time: 0.0081780 seconds
111.290: [GC111.290: [ParNew: 35651K->3568K(37568K), 0.0026590 secs] 540402K->511171K(854844K), 0.0027010 secs] [Times: user=0.02 sys=0.00, real=0.00 secs] 
111.293: Total time for which application threads were stopped: 0.0028900 seconds, Stopping threads took: 0.0001170 seconds
111.300: Application time: 0.0070670 seconds
111.300: [GC111.300: [ParNew: 36360K->3568K(37568K), 0.0027130 secs] 543963K->514022K(854844K), 0.0027560 secs] [Times: user=0.02 sys=0.00, real=0.01 secs] 
111.303: Total time for which application threads were stopped: 0.0028990 seconds, Stopping threads took: 0.0000660 seconds
111.311: Application time: 0.0077230 seconds
111.311: [GC111.311: [ParNew: 36351K->1427K(37568K), 0.0015660 secs] 546805K->513306K(854844K), 0.0016030 secs] [Times: user=0.01 sys=0.00, real=0.00 secs] 
111.313: Total time for which application threads were stopped: 0.0023200 seconds, Stopping threads took: 0.0006500 seconds
111.326: Application time: 0.0129130 seconds
111.327: [GC111.327: [ParNew: 34261K->3606K(37568K), 0.0023500 secs] 546140K->516911K(854844K), 0.0023910 secs] [Times: user=0.02 sys=0.00, real=0.00 secs] 
111.329: Total time for which application threads were stopped: 0.0033310 seconds, Stopping threads took: 0.0008640 seconds
111.337: Application time: 0.0081650 seconds
111.338: [GC111.338: [ParNew: 36401K->3570K(37568K), 0.0025010 secs] 549705K->519043K(854844K), 0.0025430 secs] [Times: user=0.01 sys=0.00, real=0.00 secs] 
111.340: Total time for which application threads were stopped: 0.0026970 seconds, Stopping threads took: 0.0000810 seconds
111.348: Application time: 0.0078030 seconds
111.348: [GC111.348: [ParNew: 36274K->2183K(37568K), 0.0017600 secs] 551746K->518368K(854844K), 0.0017980 secs] [Times: user=0.01 sys=0.00, real=0.00 secs] 
111.350: Total time for which application threads were stopped: 0.0020490 seconds, Stopping threads took: 0.0001780 seconds
111.358: Application time: 0.0083250 seconds
111.359: [GC111.359: [ParNew: 35099K->3572K(37568K), 0.0030800 secs] 551284K->524061K(854844K), 0.0031210 secs] [Times: user=0.02 sys=0.00, real=0.00 secs] 
111.362: Total time for which application threads were stopped: 0.0037850 seconds, Stopping threads took: 0.0005880 seconds
111.372: Application time: 0.0093810 seconds
111.372: [GC111.372: [ParNew: 36363K->3574K(37568K), 0.0027320 secs] 556851K->526915K(854844K), 0.0027750 secs] [Times: user=0.02 sys=0.00, real=0.00 secs] 
111.375: Total time for which application threads were stopped: 0.0031680 seconds, Stopping threads took: 0.0003180 seconds
111.383: Application time: 0.0087510 seconds
111.384: [GC111.384: [ParNew: 36362K->2147K(37568K), 0.0023080 secs] 559702K->527626K(854844K), 0.0023560 secs] [Times: user=0.02 sys=0.00, real=0.00 secs] 
111.386: Total time for which application threads were stopped: 0.0026770 seconds, Stopping threads took: 0.0002460 seconds
111.394: Application time: 0.0082660 seconds
111.395: [GC111.395: [ParNew: 34947K->3575K(37568K), 0.0022660 secs] 560426K->530479K(854844K), 0.0023100 secs] [Times: user=0.02 sys=0.00, real=0.00 secs] 
111.398: Total time for which application threads were stopped: 0.0034010 seconds, Stopping threads took: 0.0010180 seconds
111.405: Application time: 0.0071690 seconds
111.406: [GC111.406: [ParNew: 36361K->3562K(37568K), 0.0026400 secs] 563265K->532606K(854844K), 0.0026870 secs] [Times: user=0.02 sys=0.00, real=0.00 secs] 
111.409: Total time for which application threads were stopped: 0.0036100 seconds, Stopping threads took: 0.0008290 seconds
111.417: Application time: 0.0085130 seconds
111.417: [GC111.417: [ParNew: 36356K->3570K(37568K), 0.0028830 secs] 565400K->536177K(854844K), 0.0029270 secs] [Times: user=0.02 sys=0.00, real=0.00 secs] 
111.420: Total time for which application threads were stopped: 0.0031220 seconds, Stopping threads took: 0.0001220 seconds
111.429: Application time: 0.0084420 seconds
111.429: [GC111.429: [ParNew: 36362K->1431K(37568K), 0.0023700 secs] 568968K->536888K(854844K), 0.0024100 secs] [Times: user=0.01 sys=0.00, real=0.00 secs] 
111.431: Total time for which application threads were stopped: 0.0025670 seconds, Stopping threads took: 0.0000840 seconds
111.498: Application time: 0.0666520 seconds
111.498: [GC111.498: [ParNew: 34266K->3604K(37568K), 0.0050820 secs] 569723K->550462K(854844K), 0.0051260 secs] [Times: user=0.04 sys=0.00, real=0.01 secs] 
111.503: Total time for which application threads were stopped: 0.0052840 seconds, Stopping threads took: 0.0000840 seconds
111.516: Application time: 0.0129990 seconds
111.516: [GC111.516: [ParNew: 36392K->3568K(37568K), 0.0032120 secs] 583250K->554731K(854844K), 0.0032550 secs] [Times: user=0.02 sys=0.00, real=0.00 secs] 
111.520: Total time for which application threads were stopped: 0.0034250 seconds, Stopping threads took: 0.0000940 seconds
111.532: Application time: 0.0122600 seconds
111.532: [GC111.532: [ParNew: 36357K->3572K(37568K), 0.0025040 secs] 587520K->556873K(854844K), 0.0025470 secs] [Times: user=0.01 sys=0.00, real=0.00 secs] 
111.535: Total time for which application threads were stopped: 0.0027230 seconds, Stopping threads took: 0.0001020 seconds
111.546: Application time: 0.0113890 seconds
111.546: [GC111.546: [ParNew: 36366K->3570K(37568K), 0.0029600 secs] 589667K->560434K(854844K), 0.0030030 secs] [Times: user=0.02 sys=0.00, real=0.00 secs] 
111.549: Total time for which application threads were stopped: 0.0032630 seconds, Stopping threads took: 0.0001850 seconds
111.594: Application time: 0.0451110 seconds
111.594: [GC111.595: [ParNew: 36369K->3572K(37568K), 0.0039110 secs] 593232K->568273K(854844K), 0.0039540 secs] [Times: user=0.03 sys=0.00, real=0.01 secs] 
111.598: Total time for which application threads were stopped: 0.0041160 seconds, Stopping threads took: 0.0000970 seconds
111.697: Application time: 0.0983700 seconds
111.697: [GC111.697: [ParNew: 36399K->3604K(37568K), 0.0059680 secs] 601101K->581844K(854844K), 0.0060110 secs] [Times: user=0.05 sys=0.00, real=0.01 secs] 
111.703: Total time for which application threads were stopped: 0.0061550 seconds, Stopping threads took: 0.0000710 seconds
111.717: Application time: 0.0138140 seconds
111.718: [GC111.718: [ParNew: 36390K->3568K(37568K), 0.0029080 secs] 614630K->584687K(854844K), 0.0029490 secs] [Times: user=0.02 sys=0.00, real=0.00 secs] 
111.721: Total time for which application threads were stopped: 0.0039220 seconds, Stopping threads took: 0.0008980 seconds
111.736: Application time: 0.0148740 seconds
111.736: [GC111.736: [ParNew: 36357K->3574K(37568K), 0.0025950 secs] 617476K->586831K(854844K), 0.0026360 secs] [Times: user=0.02 sys=0.00, real=0.00 secs] 
111.738: Total time for which application threads were stopped: 0.0028050 seconds, Stopping threads took: 0.0000940 seconds
111.749: Application time: 0.0108680 seconds
111.749: [GC111.749: [ParNew: 36370K->3570K(37568K), 0.0033850 secs] 619626K->591815K(854844K), 0.0034380 secs] [Times: user=0.02 sys=0.00, real=0.00 secs] 
111.753: Total time for which application threads were stopped: 0.0036020 seconds, Stopping threads took: 0.0000920 seconds
111.789: Application time: 0.0363240 seconds
111.789: [GC111.789: [ParNew: 36367K->3572K(37568K), 0.0037530 secs] 624611K->598942K(854844K), 0.0037950 secs] [Times: user=0.03 sys=0.00, real=0.00 secs] 
111.793: Total time for which application threads were stopped: 0.0039400 seconds, Stopping threads took: 0.0000620 seconds
111.921: Application time: 0.1281680 seconds
111.921: [GC111.921: [ParNew: 36364K->3562K(37568K), 0.0051510 secs] 631734K->611045K(854844K), 0.0051930 secs] [Times: user=0.04 sys=0.00, real=0.01 secs] 
111.927: Total time for which application threads were stopped: 0.0053600 seconds, Stopping threads took: 0.0000950 seconds
112.016: Application time: 0.0896840 seconds
112.017: [GC112.017: [ParNew: 36390K->3604K(37568K), 0.0057800 secs] 643873K->624625K(854844K), 0.0058230 secs] [Times: user=0.04 sys=0.00, real=0.00 secs] 
112.022: Total time for which application threads were stopped: 0.0059930 seconds, Stopping threads took: 0.0000950 seconds
112.035: Application time: 0.0128320 seconds
112.035: [GC112.035: [ParNew: 36390K->1433K(37568K), 0.0024000 secs] 657411K->626045K(854844K), 0.0024410 secs] [Times: user=0.02 sys=0.00, real=0.00 secs] 
112.038: Total time for which application threads were stopped: 0.0026090 seconds, Stopping threads took: 0.0000910 seconds
112.051: Application time: 0.0128080 seconds
112.051: [GC112.051: [ParNew: 34224K->3568K(37568K), 0.0027620 secs] 658837K->631031K(854844K), 0.0028050 secs] [Times: user=0.02 sys=0.00, real=0.00 secs] 
112.054: Total time for which application threads were stopped: 0.0030060 seconds, Stopping threads took: 0.0001190 seconds
112.064: Application time: 0.0107300 seconds
112.065: [GC112.065: [ParNew: 36362K->3570K(37568K), 0.0026460 secs] 663825K->633171K(854844K), 0.0026890 secs] [Times: user=0.02 sys=0.00, real=0.00 secs] 
112.067: Total time for which application threads were stopped: 0.0028650 seconds, Stopping threads took: 0.0001000 seconds
112.119: Application time: 0.0519930 seconds
112.119: [GC112.119: [ParNew: 36399K->3600K(37568K), 0.0042090 secs] 666000K->641750K(854844K), 0.0042530 secs] [Times: user=0.04 sys=0.00, real=0.01 secs] 
112.124: Total time for which application threads were stopped: 0.0044080 seconds, Stopping threads took: 0.0000840 seconds
112.137: Application time: 0.0138050 seconds
112.138: [GC112.138: [ParNew: 36390K->3570K(37568K), 0.0036900 secs] 674541K->648163K(854844K), 0.0037320 secs] [Times: user=0.03 sys=0.00, real=0.00 secs] 
112.141: Total time for which application threads were stopped: 0.0038930 seconds, Stopping threads took: 0.0000880 seconds
112.154: Application time: 0.0121890 seconds
112.154: [GC112.154: [ParNew: 36357K->2147K(37568K), 0.0021510 secs] 680949K->648877K(854844K), 0.0021910 secs] [Times: user=0.02 sys=0.00, real=0.01 secs] 
112.156: Total time for which application threads were stopped: 0.0023570 seconds, Stopping threads took: 0.0000920 seconds
112.168: Application time: 0.0121540 seconds
112.168: [GC112.168: [ParNew: 34942K->3572K(37568K), 0.0038360 secs] 681672K->656716K(854844K), 0.0038760 secs] [Times: user=0.02 sys=0.00, real=0.00 secs] 
112.172: Total time for which application threads were stopped: 0.0040330 seconds, Stopping threads took: 0.0000840 seconds
112.187: Application time: 0.0146330 seconds
112.187: [GC112.187: [ParNew: 36366K->2153K(37568K), 0.0021100 secs] 689509K->658146K(854844K), 0.0021510 secs] [Times: user=0.01 sys=0.00, real=0.00 secs] 
112.189: Total time for which application threads were stopped: 0.0023130 seconds, Stopping threads took: 0.0000930 seconds
112.332: Application time: 0.1426060 seconds
112.332: [GC112.332: [ParNew: 34951K->3570K(37568K), 0.0052920 secs] 690945K->672390K(854844K), 0.0053410 secs] [Times: user=0.04 sys=0.00, real=0.01 secs] 
112.337: Total time for which application threads were stopped: 0.0055090 seconds, Stopping threads took: 0.0000850 seconds
112.487: Application time: 0.1503260 seconds
112.488: [GC112.488: [ParNew: 36385K->3574K(37568K), 0.0057350 secs] 705205K->686645K(854844K), 0.0057780 secs] [Times: user=0.05 sys=0.00, real=0.00 secs] 
112.493: Total time for which application threads were stopped: 0.0059380 seconds, Stopping threads took: 0.0000880 seconds
112.650: Application time: 0.1564390 seconds
112.650: [GC112.650: [ParNew: 36374K->3570K(37568K), 0.0053280 secs] 719445K->699468K(854844K), 0.0053730 secs] [Times: user=0.04 sys=0.00, real=0.01 secs] 
112.655: Total time for which application threads were stopped: 0.0054970 seconds, Stopping threads took: 0.0000560 seconds
112.792: Application time: 0.1365040 seconds
112.792: [GC112.792: [ParNew: 36368K->3572K(37568K), 0.0052160 secs] 732267K->711584K(854844K), 0.0052560 secs] [Times: user=0.04 sys=0.00, real=0.01 secs] 
112.797: Total time for which application threads were stopped: 0.0053990 seconds, Stopping threads took: 0.0000720 seconds
112.928: Application time: 0.1306040 seconds
112.928: [GC112.928: [ParNew: 36364K->3562K(37568K), 0.0053790 secs] 744376K->724400K(854844K), 0.0054220 secs] [Times: user=0.04 sys=0.00, real=0.00 secs] 
112.933: Total time for which application threads were stopped: 0.0056080 seconds, Stopping threads took: 0.0001020 seconds
113.082: Application time: 0.1483170 seconds
113.082: [GC113.082: [ParNew: 36360K->3572K(37568K), 0.0052050 secs] 757198K->736523K(854844K), 0.0052440 secs] [Times: user=0.04 sys=0.00, real=0.01 secs] 
113.087: Total time for which application threads were stopped: 0.0054160 seconds, Stopping threads took: 0.0001040 seconds
113.228: Application time: 0.1405670 seconds
113.228: [GC113.228: [ParNew: 36381K->3572K(37568K), 0.0066170 secs] 769332K->748637K(854844K), 0.0066580 secs] [Times: user=0.05 sys=0.00, real=0.00 secs] 
113.235: Total time for which application threads were stopped: 0.0068150 seconds, Stopping threads took: 0.0000850 seconds
113.380: Application time: 0.1454970 seconds
113.380: [GC113.380: [ParNew: 36382K->3572K(37568K), 0.0055340 secs] 781446K->762176K(854844K), 0.0055750 secs] [Times: user=0.04 sys=0.00, real=0.01 secs] 
113.386: Total time for which application threads were stopped: 0.0057040 seconds, Stopping threads took: 0.0000580 seconds
113.386: Application time: 0.0000580 seconds
113.386: [GC [1 CMS-initial-mark: 758604K(817276K)] 762889K(854844K), 0.0001430 secs] [Times: user=0.00 sys=0.00, real=0.00 secs] 
113.386: Total time for which application threads were stopped: 0.0002720 seconds, Stopping threads took: 0.0001030 seconds
113.386: [CMS-concurrent-mark-start]
113.392: [CMS-concurrent-mark: 0.006/0.006 secs] [Times: user=0.03 sys=0.00, real=0.00 secs] 
113.392: [CMS-concurrent-preclean-start]
113.393: [CMS-concurrent-preclean: 0.001/0.001 secs] [Times: user=0.01 sys=0.00, real=0.00 secs] 
113.393: [CMS-concurrent-abortable-preclean-start]
113.505: Application time: 0.1184740 seconds
113.505: [GC113.505: [ParNew: 36381K->3574K(37568K), 0.0055240 secs] 794985K->775718K(854844K), 0.0055680 secs] [Times: user=0.04 sys=0.00, real=0.00 secs] 
113.510: Total time for which application threads were stopped: 0.0057230 seconds, Stopping threads took: 0.0000790 seconds
113.623: Application time: 0.1127650 seconds
113.623: [GC113.623: [ParNew: 36367K->3562K(37568K), 0.0051400 secs] 808511K->787821K(854844K), 0.0051860 secs] [Times: user=0.04 sys=0.00, real=0.00 secs] 
113.628: Total time for which application threads were stopped: 0.0053190 seconds, Stopping threads took: 0.0000580 seconds
113.628: [CMS-concurrent-abortable-preclean: 0.006/0.235 secs] [Times: user=1.88 sys=0.00, real=0.24 secs] 
113.628: Application time: 0.0000540 seconds
113.629: [GC[YG occupancy: 4275 K (37568 K)]113.629: [Rescan (parallel) , 0.0002790 secs]113.629: [weak refs processing, 0.0000060 secs]113.629: [scrub string table, 0.0001170 secs] [1 CMS-remark: 784258K(817276K)] 788534K(854844K), 0.0004200 secs] [Times: user=0.01 sys=0.00, real=0.00 secs] 
113.629: Total time for which application threads were stopped: 0.0005320 seconds, Stopping threads took: 0.0000850 seconds
113.629: [CMS-concurrent-sweep-start]
113.631: [CMS-concurrent-sweep: 0.002/0.002 secs] [Times: user=0.00 sys=0.00, real=0.00 secs] 
113.631: [CMS-concurrent-reset-start]
113.632: [CMS-concurrent-reset: 0.002/0.002 secs] [Times: user=0.01 sys=0.00, real=0.00 secs] 
113.743: Application time: 0.1136460 seconds
113.743: [GC113.743: [ParNew: 36364K->3574K(37568K), 0.0053110 secs] 86897K->66934K(854844K), 0.0053540 secs] [Times: user=0.04 sys=0.00, real=0.00 secs] 
113.748: Total time for which application threads were stopped: 0.0055130 seconds, Stopping threads took: 0.0000810 seconds
113.866: Application time: 0.1178350 seconds
113.866: [GC113.866: [ParNew: 36368K->3562K(37568K), 0.0051650 secs] 99727K->79036K(854844K), 0.0052080 secs] [Times: user=0.03 sys=0.00, real=0.00 secs] 
113.871: Total time for which application threads were stopped: 0.0053360 seconds, Stopping threads took: 0.0000550 seconds
113.995: Application time: 0.1232190 seconds
113.995: [GC113.995: [ParNew: 36356K->3562K(37568K), 0.0049950 secs] 111830K->91150K(854844K), 0.0050420 secs] [Times: user=0.04 sys=0.01, real=0.01 secs] 
114.000: Total time for which application threads were stopped: 0.0052080 seconds, Stopping threads took: 0.0000930 seconds
114.112: Application time: 0.1125190 seconds
114.112: [GC114.112: [ParNew: 36374K->3574K(37568K), 0.0050420 secs] 123961K->103275K(854844K), 0.0050860 secs] [Times: user=0.04 sys=0.00, real=0.01 secs] 
114.118: Total time for which application threads were stopped: 0.0052230 seconds, Stopping threads took: 0.0000610 seconds
114.202: Application time: 0.0841830 seconds
114.202: [GC114.202: [ParNew: 36382K->3570K(37568K), 0.0052680 secs] 136083K->115387K(854844K), 0.0053100 secs] [Times: user=0.04 sys=0.00, real=0.01 secs] 
114.207: Total time for which application threads were stopped: 0.0054580 seconds, Stopping threads took: 0.0000770 seconds
114.325: Application time: 0.1176680 seconds
114.325: [GC114.325: [ParNew: 36374K->3568K(37568K), 0.0052910 secs] 148190K->128213K(854844K), 0.0053360 secs] [Times: user=0.04 sys=0.00, real=0.00 secs] 
114.330: Total time for which application threads were stopped: 0.0054830 seconds, Stopping threads took: 0.0000740 seconds
114.434: Application time: 0.1038380 seconds
114.434: [GC114.434: [ParNew: 36381K->3571K(37568K), 0.0053650 secs] 161025K->141043K(854844K), 0.0054090 secs] [Times: user=0.05 sys=0.00, real=0.01 secs] 
114.440: Total time for which application threads were stopped: 0.0055940 seconds, Stopping threads took: 0.0001130 seconds
114.548: Application time: 0.1081930 seconds
114.548: [GC114.548: [ParNew: 36365K->3562K(37568K), 0.0051610 secs] 173837K->153150K(854844K), 0.0052020 secs] [Times: user=0.04 sys=0.00, real=0.00 secs] 
114.553: Total time for which application threads were stopped: 0.0053650 seconds, Stopping threads took: 0.0000910 seconds
114.662: Application time: 0.1086210 seconds
114.662: [GC114.662: [ParNew: 36366K->3568K(37568K), 0.0052990 secs] 185953K->165270K(854844K), 0.0053430 secs] [Times: user=0.04 sys=0.00, real=0.01 secs] 
114.667: Total time for which application threads were stopped: 0.0054930 seconds, Stopping threads took: 0.0000690 seconds
114.783: Application time: 0.1151360 seconds
114.783: [GC114.783: [ParNew: 36363K->3562K(37568K), 0.0051200 secs] 198064K->177379K(854844K), 0.0051660 secs] [Times: user=0.04 sys=0.00, real=0.01 secs] 
114.788: Total time for which application threads were stopped: 0.0053210 seconds, Stopping threads took: 0.0000830 seconds
114.892: Application time: 0.1038970 seconds
114.892: [GC114.892: [ParNew: 36357K->3562K(37568K), 0.0053670 secs] 210173K->189492K(854844K), 0.0054150 secs] [Times: user=0.04 sys=0.00, real=0.01 secs] 
114.897: Total time for which application threads were stopped: 0.0055600 seconds, Stopping threads took: 0.0000730 seconds
115.006: Application time: 0.1089480 seconds
115.006: [GC115.006: [ParNew: 36363K->3572K(37568K), 0.0051060 secs] 222293K->201616K(854844K), 0.0051570 secs] [Times: user=0.04 sys=0.00, real=0.00 secs] 
115.012: Total time for which application threads were stopped: 0.0052760 seconds, Stopping threads took: 0.0000560 seconds
115.125: Application time: 0.1135580 seconds
115.126: [GC115.126: [ParNew: 36819K->3613K(37568K), 0.0041830 secs] 234862K->210921K(854844K), 0.0042240 secs] [Times: user=0.03 sys=0.00, real=0.00 secs] 
115.130: Total time for which application threads were stopped: 0.0047010 seconds, Stopping threads took: 0.0004080 seconds
115.147: Application time: 0.0175920 seconds
115.148: [GC115.148: [ParNew: 36739K->3602K(37568K), 0.0039660 secs] 244046K->218065K(854844K), 0.0040090 secs] [Times: user=0.03 sys=0.00, real=0.00 secs] 
115.152: Total time for which application threads were stopped: 0.0050160 seconds, Stopping threads took: 0.0009320 seconds
115.162: Application time: 0.0096020 seconds
115.163: [GC115.163: [ParNew: 36388K->2856K(37568K), 0.0024240 secs] 250850K->219485K(854844K), 0.0024630 secs] [Times: user=0.01 sys=0.00, real=0.00 secs] 
115.165: Total time for which application threads were stopped: 0.0033410 seconds, Stopping threads took: 0.0007950 seconds
115.173: Application time: 0.0073170 seconds
115.173: [GC115.173: [ParNew: 35644K->3566K(37568K), 0.0025540 secs] 252273K->222334K(854844K), 0.0025990 secs] [Times: user=0.02 sys=0.00, real=0.01 secs] 
115.175: Total time for which application threads were stopped: 0.0027670 seconds, Stopping threads took: 0.0000930 seconds
115.184: Application time: 0.0085770 seconds
115.185: [GC115.185: [ParNew: 36365K->3576K(37568K), 0.0026040 secs] 255133K->224482K(854844K), 0.0026440 secs] [Times: user=0.02 sys=0.00, real=0.00 secs] 
115.188: Total time for which application threads were stopped: 0.0035520 seconds, Stopping threads took: 0.0008350 seconds
115.197: Application time: 0.0093810 seconds
115.197: [GC115.197: [ParNew: 36362K->3563K(37568K), 0.0027520 secs] 257267K->227320K(854844K), 0.0027970 secs] [Times: user=0.02 sys=0.00, real=0.00 secs] 
115.200: Total time for which application threads were stopped: 0.0029580 seconds, Stopping threads took: 0.0000860 seconds
115.209: Application time: 0.0087300 seconds
115.209: [GC115.209: [ParNew: 36357K->2856K(37568K), 0.0021400 secs] 260115K->228039K(854844K), 0.0021820 secs] [Times: user=0.02 sys=0.00, real=0.00 secs] 
115.211: Total time for which application threads were stopped: 0.0023480 seconds, Stopping threads took: 0.0000910 seconds
115.218: Application time: 0.0073440 seconds
115.219: [GC115.219: [ParNew: 35647K->2149K(37568K), 0.0015860 secs] 260829K->228045K(854844K), 0.0016250 secs] [Times: user=0.01 sys=0.00, real=0.00 secs] 
115.220: Total time for which application threads were stopped: 0.0020590 seconds, Stopping threads took: 0.0003510 seconds
115.230: Application time: 0.0094660 seconds
115.230: [GC115.230: [ParNew: 34952K->3578K(37568K), 0.0033000 secs] 260847K->229474K(854844K), 0.0033400 secs] [Times: user=0.03 sys=0.00, real=0.00 secs] 
115.233: Total time for which application threads were stopped: 0.0035020 seconds, Stopping threads took: 0.0000880 seconds
115.263: Application time: 0.0293750 seconds
115.263: [GC115.263: [ParNew: 36396K->3602K(37568K), 0.0038530 secs] 262291K->235912K(854844K), 0.0039010 secs] [Times: user=0.02 sys=0.00, real=0.00 secs] 
115.267: Total time for which application threads were stopped: 0.0041010 seconds, Stopping threads took: 0.0001240 seconds
115.276: Application time: 0.0088140 seconds
115.276: [GC115.276: [ParNew: 36392K->3566K(37568K), 0.0033450 secs] 268702K->240893K(854844K), 0.0033860 secs] [Times: user=0.03 sys=0.00, real=0.00 secs] 
115.279: Total time for which application threads were stopped: 0.0035570 seconds, Stopping threads took: 0.0000950 seconds
115.294: Application time: 0.0142780 seconds
115.294: [GC115.294: [ParNew: 36358K->3575K(37568K), 0.0028000 secs] 273684K->243751K(854844K), 0.0028420 secs] [Times: user=0.02 sys=0.00, real=0.01 secs] 
115.297: Total time for which application threads were stopped: 0.0030360 seconds, Stopping threads took: 0.0001100 seconds
115.312: Application time: 0.0149440 seconds
115.312: [GC115.312: [ParNew: 36370K->3566K(37568K), 0.0027610 secs] 276547K->246593K(854844K), 0.0028070 secs] [Times: user=0.02 sys=0.00, real=0.00 secs] 
115.314: Total time for which application threads were stopped: 0.0029500 seconds, Stopping threads took: 0.0000670 seconds
115.374: Application time: 0.0592500 seconds
115.374: [GC115.374: [ParNew: 36399K->3602K(37568K), 0.0058090 secs] 279426K->260167K(854844K), 0.0058460 secs] [Times: user=0.04 sys=0.00, real=0.01 secs] 
115.380: Total time for which application threads were stopped: 0.0059900 seconds, Stopping threads took: 0.0000720 seconds
115.394: Application time: 0.0144530 seconds
115.394: [GC115.394: [ParNew: 36390K->3566K(37568K), 0.0024980 secs] 292956K->262298K(854844K), 0.0025410 secs] [Times: user=0.02 sys=0.00, real=0.01 secs] 
115.397: Total time for which application threads were stopped: 0.0027600 seconds, Stopping threads took: 0.0001480 seconds
115.408: Application time: 0.0115300 seconds
115.409: [GC115.409: [ParNew: 36359K->3568K(37568K), 0.0031570 secs] 295091K->267288K(854844K), 0.0032010 secs] [Times: user=0.03 sys=0.00, real=0.00 secs] 
115.412: Total time for which application threads were stopped: 0.0038420 seconds, Stopping threads took: 0.0005660 seconds
115.425: Application time: 0.0123610 seconds
115.425: [GC115.425: [ParNew: 36395K->3601K(37568K), 0.0029610 secs] 300115K->270883K(854844K), 0.0030040 secs] [Times: user=0.02 sys=0.00, real=0.00 secs] 
115.428: Total time for which application threads were stopped: 0.0033000 seconds, Stopping threads took: 0.0002210 seconds
115.436: Application time: 0.0076800 seconds
115.436: [GC115.436: [ParNew: 36384K->1427K(37568K), 0.0019100 secs] 303666K->270877K(854844K), 0.0019480 secs] [Times: user=0.01 sys=0.00, real=0.00 secs] 
115.438: Total time for which application threads were stopped: 0.0024250 seconds, Stopping threads took: 0.0004030 seconds
115.450: Application time: 0.0115530 seconds
115.450: [GC115.450: [ParNew: 34221K->3574K(37568K), 0.0020230 secs] 303672K->273025K(854844K), 0.0020610 secs] [Times: user=0.01 sys=0.00, real=0.00 secs] 
115.452: Total time for which application threads were stopped: 0.0022350 seconds, Stopping threads took: 0.0000990 seconds
115.464: Application time: 0.0120370 seconds
115.464: [GC115.464: [ParNew: 36363K->3572K(37568K), 0.0028120 secs] 305814K->275874K(854844K), 0.0028540 secs] [Times: user=0.02 sys=0.00, real=0.00 secs] 
115.467: Total time for which application threads were stopped: 0.0030720 seconds, Stopping threads took: 0.0001340 seconds
115.480: Application time: 0.0128250 seconds
115.480: [GC115.480: [ParNew: 36365K->1431K(37568K), 0.0020410 secs] 308666K->275870K(854844K), 0.0020800 secs] [Times: user=0.01 sys=0.00, real=0.00 secs] 
115.482: Total time for which application threads were stopped: 0.0022300 seconds, Stopping threads took: 0.0000770 seconds
115.492: Application time: 0.0099620 seconds
115.492: [GC115.492: [ParNew: 34229K->3572K(37568K), 0.0031860 secs] 308669K->283000K(854844K), 0.0032280 secs] [Times: user=0.02 sys=0.00, real=0.01 secs] 
115.495: Total time for which application threads were stopped: 0.0033690 seconds, Stopping threads took: 0.0000700 seconds
115.635: Application time: 0.1395030 seconds
115.635: [GC115.635: [ParNew: 36398K->3602K(37568K), 0.0055030 secs] 315825K->295856K(854844K), 0.0055440 secs] [Times: user=0.04 sys=0.00, real=0.00 secs] 
115.641: Total time for which application threads were stopped: 0.0056810 seconds, Stopping threads took: 0.0000690 seconds
115.653: Application time: 0.0127590 seconds
115.653: [GC115.653: [ParNew: 36394K->3572K(37568K), 0.0040810 secs] 328648K->303692K(854844K), 0.0041240 secs] [Times: user=0.04 sys=0.00, real=0.01 secs] 
115.658: Total time for which application threads were stopped: 0.0042670 seconds, Stopping threads took: 0.0000750 seconds
115.668: Application time: 0.0102650 seconds
115.668: [GC115.668: [ParNew: 36364K->3572K(37568K), 0.0030630 secs] 336484K->307967K(854844K), 0.0031120 secs] [Times: user=0.02 sys=0.00, real=0.00 secs] 
115.671: Total time for which application threads were stopped: 0.0033250 seconds, Stopping threads took: 0.0001140 seconds
115.686: Application time: 0.0145490 seconds
115.686: [GC115.686: [ParNew: 36363K->1433K(37568K), 0.0021530 secs] 340758K->308678K(854844K), 0.0021930 secs] [Times: user=0.01 sys=0.00, real=0.00 secs] 
115.688: Total time for which application threads were stopped: 0.0023530 seconds, Stopping threads took: 0.0000860 seconds
115.697: Application time: 0.0086350 seconds
115.697: [GC115.697: [ParNew: 34217K->6K(37568K), 0.0009230 secs] 341462K->307251K(854844K), 0.0009530 secs] [Times: user=0.00 sys=0.00, real=0.00 secs] 
115.698: Total time for which application threads were stopped: 0.0011010 seconds, Stopping threads took: 0.0000810 seconds
115.821: Application time: 0.1234460 seconds
115.821: [GC115.821: [ParNew: 32806K->3574K(37568K), 0.0053120 secs] 340052K->323645K(854844K), 0.0053540 secs] [Times: user=0.04 sys=0.01, real=0.01 secs] 
115.827: Total time for which application threads were stopped: 0.0055070 seconds, Stopping threads took: 0.0000730 seconds
115.956: Application time: 0.1290330 seconds
115.956: [GC115.956: [ParNew: 36366K->3562K(37568K), 0.0052160 secs] 356437K->336459K(854844K), 0.0052570 secs] [Times: user=0.03 sys=0.00, real=0.00 secs] 
115.961: Total time for which application threads were stopped: 0.0053860 seconds, Stopping threads took: 0.0000670 seconds
116.005: Application time: 0.0434670 seconds
116.005: [GC116.005: [ParNew: 36382K->3602K(37568K), 0.0036780 secs] 369279K->342912K(854844K), 0.0037230 secs] [Times: user=0.03 sys=0.00, real=0.00 secs] 
116.009: Total time for which application threads were stopped: 0.0041910 seconds, Stopping threads took: 0.0003940 seconds
116.020: Application time: 0.0114270 seconds
116.020: [GC116.020: [ParNew: 36396K->2147K(37568K), 0.0023560 secs] 375706K->344336K(854844K), 0.0023960 secs] [Times: user=0.02 sys=0.00, real=0.01 secs] 
116.023: Total time for which application threads were stopped: 0.0025560 seconds, Stopping threads took: 0.0000900 seconds
116.035: Application time: 0.0123590 seconds
116.035: [GC116.035: [ParNew: 34934K->3562K(37568K), 0.0035660 secs] 377123K->351452K(854844K), 0.0036080 secs] [Times: user=0.02 sys=0.00, real=0.00 secs] 
116.039: Total time for which application threads were stopped: 0.0037980 seconds, Stopping threads took: 0.0001150 seconds
116.048: Application time: 0.0091260 seconds
116.048: [GC116.048: [ParNew: 36355K->3570K(37568K), 0.0027700 secs] 384245K->354310K(854844K), 0.0028120 secs] [Times: user=0.02 sys=0.00, real=0.00 secs] 
116.051: Total time for which application threads were stopped: 0.0029750 seconds, Stopping threads took: 0.0000890 seconds
116.101: Application time: 0.0500650 seconds
116.101: [GC116.101: [ParNew: 36399K->3604K(37568K), 0.0037070 secs] 387139K->360757K(854844K), 0.0037480 secs] [Times: user=0.03 sys=0.00, real=0.01 secs] 
116.105: Total time for which application threads were stopped: 0.0039340 seconds, Stopping threads took: 0.0001090 seconds
116.117: Application time: 0.0113720 seconds
116.117: [GC116.117: [ParNew: 36392K->3568K(37568K), 0.0034800 secs] 393545K->366450K(854844K), 0.0035220 secs] [Times: user=0.02 sys=0.00, real=0.00 secs] 
116.120: Total time for which application threads were stopped: 0.0036760 seconds, Stopping threads took: 0.0000810 seconds
116.133: Application time: 0.0132330 seconds
116.134: [GC116.134: [ParNew: 36360K->3568K(37568K), 0.0031610 secs] 399242K->370725K(854844K), 0.0032040 secs] [Times: user=0.03 sys=0.00, real=0.01 secs] 
116.137: Total time for which application threads were stopped: 0.0033990 seconds, Stopping threads took: 0.0001190 seconds
116.147: Application time: 0.0106120 seconds
116.148: [GC116.148: [ParNew: 36364K->3568K(37568K), 0.0033510 secs] 403521K->375713K(854844K), 0.0033950 secs] [Times: user=0.03 sys=0.00, real=0.00 secs] 
116.151: Total time for which application threads were stopped: 0.0035770 seconds, Stopping threads took: 0.0001100 seconds
116.216: Application time: 0.0645510 seconds
116.216: [GC116.216: [ParNew: 36383K->3572K(37568K), 0.0048750 secs] 408528K->387118K(854844K), 0.0049250 secs] [Times: user=0.04 sys=0.00, real=0.00 secs] 
116.221: Total time for which application threads were stopped: 0.0050630 seconds, Stopping threads took: 0.0000590 seconds
116.358: Application time: 0.1372350 seconds
116.358: [GC116.358: [ParNew: 36372K->3570K(37568K), 0.0054050 secs] 419918K->399943K(854844K), 0.0054500 secs] [Times: user=0.05 sys=0.00, real=0.01 secs] 
116.363: Total time for which application threads were stopped: 0.0055890 seconds, Stopping threads took: 0.0000660 seconds
116.512: Application time: 0.1485460 seconds
116.512: [GC116.512: [ParNew: 36379K->3570K(37568K), 0.0060350 secs] 432752K->414195K(854844K), 0.0060810 secs] [Times: user=0.05 sys=0.00, real=0.01 secs] 
116.518: Total time for which application threads were stopped: 0.0062110 seconds, Stopping threads took: 0.0000580 seconds
116.666: Application time: 0.1480640 seconds
116.666: [GC116.666: [ParNew: 36368K->3572K(37568K), 0.0052290 secs] 446993K->426311K(854844K), 0.0052720 secs] [Times: user=0.04 sys=0.00, real=0.00 secs] 
116.672: Total time for which application threads were stopped: 0.0054190 seconds, Stopping threads took: 0.0000740 seconds
116.827: Application time: 0.1554780 seconds
116.827: [GC116.827: [ParNew: 36364K->3562K(37568K), 0.0050310 secs] 459103K->438415K(854844K), 0.0050680 secs] [Times: user=0.04 sys=0.00, real=0.00 secs] 
116.832: Total time for which application threads were stopped: 0.0052150 seconds, Stopping threads took: 0.0000680 seconds
116.977: Application time: 0.1449600 seconds
116.977: [GC116.978: [ParNew: 36360K->3570K(37568K), 0.0053280 secs] 471213K->451248K(854844K), 0.0053720 secs] [Times: user=0.04 sys=0.00, real=0.01 secs] 
116.983: Total time for which application threads were stopped: 0.0055100 seconds, Stopping threads took: 0.0000680 seconds
117.141: Application time: 0.1582200 seconds
117.141: [GC117.141: [ParNew: 36362K->3564K(37568K), 0.0050450 secs] 484040K->463356K(854844K), 0.0050880 secs] [Times: user=0.04 sys=0.00, real=0.01 secs] 
117.146: Total time for which application threads were stopped: 0.0052160 seconds, Stopping threads took: 0.0000580 seconds
117.261: Application time: 0.1142780 seconds
117.261: [GC117.261: [ParNew: 36391K->3578K(37568K), 0.0059150 secs] 496182K->478333K(854844K), 0.0059580 secs] [Times: user=0.05 sys=0.00, real=0.01 secs] 
117.267: Total time for which application threads were stopped: 0.0060960 seconds, Stopping threads took: 0.0000680 seconds
117.409: Application time: 0.1419220 seconds
117.409: [GC117.409: [ParNew: 36370K->3562K(37568K), 0.0048760 secs] 511125K->489721K(854844K), 0.0049160 secs] [Times: user=0.04 sys=0.00, real=0.00 secs] 
117.414: Total time for which application threads were stopped: 0.0050560 seconds, Stopping threads took: 0.0000630 seconds
117.528: Application time: 0.1142280 seconds
117.528: [GC117.528: [ParNew: 36372K->3576K(37568K), 0.0055780 secs] 522530K->503273K(854844K), 0.0056220 secs] [Times: user=0.04 sys=0.00, real=0.00 secs] 
117.534: Total time for which application threads were stopped: 0.0057630 seconds, Stopping threads took: 0.0000680 seconds
117.656: Application time: 0.1225430 seconds
117.656: [GC117.656: [ParNew: 36378K->3570K(37568K), 0.0050950 secs] 536074K->515382K(854844K), 0.0051350 secs] [Times: user=0.04 sys=0.00, real=0.00 secs] 
117.662: Total time for which application threads were stopped: 0.0052810 seconds, Stopping threads took: 0.0000740 seconds
117.784: Application time: 0.1227410 seconds
117.784: [GC117.784: [ParNew: 36363K->3562K(37568K), 0.0053790 secs] 548175K->528201K(854844K), 0.0054240 secs] [Times: user=0.05 sys=0.00, real=0.00 secs] 
117.790: Total time for which application threads were stopped: 0.0055490 seconds, Stopping threads took: 0.0000560 seconds
117.904: Application time: 0.1144100 seconds
117.904: [GC117.904: [ParNew: 36356K->3562K(37568K), 0.0051270 secs] 560994K->540314K(854844K), 0.0051690 secs] [Times: user=0.04 sys=0.00, real=0.00 secs] 
117.910: Total time for which application threads were stopped: 0.0053150 seconds, Stopping threads took: 0.0000730 seconds
118.020: Application time: 0.1102430 seconds
118.020: [GC118.020: [ParNew: 36365K->3574K(37568K), 0.0053890 secs] 573117K->553153K(854844K), 0.0054310 secs] [Times: user=0.04 sys=0.00, real=0.01 secs] 
118.025: Total time for which application threads were stopped: 0.0055950 seconds, Stopping threads took: 0.0000860 seconds
118.129: Application time: 0.1040970 seconds
118.130: [GC118.130: [ParNew: 36384K->3574K(37568K), 0.0050890 secs] 585962K->565267K(854844K), 0.0051350 secs] [Times: user=0.03 sys=0.00, real=0.00 secs] 
118.135: Total time for which application threads were stopped: 0.0053010 seconds, Stopping threads took: 0.0000970 seconds
118.243: Application time: 0.1081540 seconds
118.243: [GC118.243: [ParNew: 36384K->3568K(37568K), 0.0055720 secs] 598077K->578802K(854844K), 0.0056140 secs] [Times: user=0.04 sys=0.00, real=0.00 secs] 
118.249: Total time for which application threads were stopped: 0.0057520 seconds, Stopping threads took: 0.0000670 seconds
118.345: Application time: 0.0966740 seconds
118.345: [GC118.345: [ParNew: 36377K->3575K(37568K), 0.0051840 secs] 611610K->590924K(854844K), 0.0052250 secs] [Times: user=0.04 sys=0.00, real=0.00 secs] 
118.351: Total time for which application threads were stopped: 0.0053730 seconds, Stopping threads took: 0.0000770 seconds
118.473: Application time: 0.1224790 seconds
118.473: [GC118.473: [ParNew: 36369K->3562K(37568K), 0.0054220 secs] 623719K->603740K(854844K), 0.0054750 secs] [Times: user=0.04 sys=0.00, real=0.01 secs] 
118.479: Total time for which application threads were stopped: 0.0056050 seconds, Stopping threads took: 0.0000610 seconds
118.580: Application time: 0.1007910 seconds
118.580: [GC118.580: [ParNew: 36364K->3574K(37568K), 0.0051820 secs] 636541K->615866K(854844K), 0.0052230 secs] [Times: user=0.04 sys=0.00, real=0.01 secs] 
118.585: Total time for which application threads were stopped: 0.0054100 seconds, Stopping threads took: 0.0001090 seconds
118.690: Application time: 0.1051360 seconds
118.690: [GC118.690: [ParNew: 36369K->3562K(37568K), 0.0053960 secs] 648661K->628681K(854844K), 0.0054410 secs] [Times: user=0.04 sys=0.00, real=0.01 secs] 
118.696: Total time for which application threads were stopped: 0.0055800 seconds, Stopping threads took: 0.0000640 seconds
118.809: Application time: 0.1133830 seconds
118.809: [GC118.809: [ParNew: 36356K->3564K(37568K), 0.0053010 secs] 661475K->640797K(854844K), 0.0053470 secs] [Times: user=0.04 sys=0.00, real=0.00 secs] 
118.815: Total time for which application threads were stopped: 0.0054820 seconds, Stopping threads took: 0.0000600 seconds
118.913: Application time: 0.0980660 seconds
118.913: [GC118.913: [ParNew: 36365K->3576K(37568K), 0.0054160 secs] 673597K->653635K(854844K), 0.0054590 secs] [Times: user=0.04 sys=0.00, real=0.01 secs] 
118.918: Total time for which application threads were stopped: 0.0056170 seconds, Stopping threads took: 0.0000880 seconds
119.040: Application time: 0.1217300 seconds
119.040: [GC119.040: [ParNew: 36410K->3606K(37568K), 0.0052590 secs] 686468K->666492K(854844K), 0.0053010 secs] [Times: user=0.04 sys=0.00, real=0.01 secs] 
119.045: Total time for which application threads were stopped: 0.0054330 seconds, Stopping threads took: 0.0000590 seconds
119.060: Application time: 0.0146520 seconds
119.060: [GC119.060: [ParNew: 36395K->3570K(37568K), 0.0033880 secs] 699280K->671473K(854844K), 0.0034320 secs] [Times: user=0.02 sys=0.00, real=0.01 secs] 
119.064: Total time for which application threads were stopped: 0.0036380 seconds, Stopping threads took: 0.0001330 seconds
119.075: Application time: 0.0109500 seconds
119.075: [GC119.075: [ParNew: 36358K->3570K(37568K), 0.0027320 secs] 704261K->673611K(854844K), 0.0027710 secs] [Times: user=0.01 sys=0.00, real=0.00 secs] 
119.078: Total time for which application threads were stopped: 0.0029510 seconds, Stopping threads took: 0.0001090 seconds
119.090: Application time: 0.0128130 seconds
119.091: [GC119.091: [ParNew: 36356K->3563K(37568K), 0.0030030 secs] 706397K->677879K(854844K), 0.0030570 secs] [Times: user=0.02 sys=0.00, real=0.00 secs] 
119.094: Total time for which application threads were stopped: 0.0032240 seconds, Stopping threads took: 0.0000800 seconds
119.102: Application time: 0.0078580 seconds
119.102: [GC119.102: [ParNew: 36353K->1435K(37568K), 0.0021880 secs] 710670K->678602K(854844K), 0.0022300 secs] [Times: user=0.02 sys=0.00, real=0.01 secs] 
119.104: Total time for which application threads were stopped: 0.0023910 seconds, Stopping threads took: 0.0000870 seconds
119.170: Application time: 0.0663040 seconds
119.170: [GC119.170: [ParNew: 34272K->3606K(37568K), 0.0055000 secs] 711439K->693599K(854844K), 0.0055440 secs] [Times: user=0.04 sys=0.00, real=0.01 secs] 
119.176: Total time for which application threads were stopped: 0.0057300 seconds, Stopping threads took: 0.0001140 seconds
119.189: Application time: 0.0130460 seconds
119.189: [GC119.189: [ParNew: 36392K->3570K(37568K), 0.0029610 secs] 726385K->696443K(854844K), 0.0030050 secs] [Times: user=0.02 sys=0.00, real=0.00 secs] 
119.192: Total time for which application threads were stopped: 0.0031760 seconds, Stopping threads took: 0.0000940 seconds
119.204: Application time: 0.0119760 seconds
119.204: [GC119.204: [ParNew: 36361K->3572K(37568K), 0.0032220 secs] 729233K->700720K(854844K), 0.0032660 secs] [Times: user=0.03 sys=0.00, real=0.00 secs] 
119.208: Total time for which application threads were stopped: 0.0034230 seconds, Stopping threads took: 0.0000810 seconds
119.220: Application time: 0.0119620 seconds
119.220: [GC119.220: [ParNew: 36365K->2146K(37568K), 0.0024230 secs] 733512K->702143K(854844K), 0.0024620 secs] [Times: user=0.02 sys=0.00, real=0.00 secs] 
119.222: Total time for which application threads were stopped: 0.0026360 seconds, Stopping threads took: 0.0001010 seconds
119.248: Application time: 0.0262040 seconds
119.249: [GC119.249: [ParNew: 34973K->3606K(37568K), 0.0029260 secs] 734971K->706454K(854844K), 0.0029680 secs] [Times: user=0.03 sys=0.00, real=0.00 secs] 
119.252: Total time for which application threads were stopped: 0.0031040 seconds, Stopping threads took: 0.0000630 seconds
119.266: Application time: 0.0146420 seconds
119.266: [GC119.266: [ParNew: 36395K->3566K(37568K), 0.0032490 secs] 739243K->710719K(854844K), 0.0032930 secs] [Times: user=0.03 sys=0.00, real=0.00 secs] 
119.270: Total time for which application threads were stopped: 0.0035050 seconds, Stopping threads took: 0.0001200 seconds
119.281: Application time: 0.0115500 seconds
119.281: [GC119.281: [ParNew: 36355K->3574K(37568K), 0.0026340 secs] 743507K->712865K(854844K), 0.0026810 secs] [Times: user=0.02 sys=0.00, real=0.01 secs] 
119.284: Total time for which application threads were stopped: 0.0028390 seconds, Stopping threads took: 0.0000820 seconds
119.297: Application time: 0.0125950 seconds
119.297: [GC119.297: [ParNew: 36980K->3612K(37568K), 0.0028370 secs] 746271K->715753K(854844K), 0.0028820 secs] [Times: user=0.02 sys=0.00, real=0.00 secs] 
119.300: Total time for which application threads were stopped: 0.0030440 seconds, Stopping threads took: 0.0000870 seconds
119.307: Application time: 0.0076480 seconds
119.307: [GC119.307: [ParNew: 36528K->2145K(37568K), 0.0024520 secs] 748669K->717165K(854844K), 0.0024910 secs] [Times: user=0.01 sys=0.00, real=0.00 secs] 
119.310: Total time for which application threads were stopped: 0.0026220 seconds, Stopping threads took: 0.0000580 seconds
119.323: Application time: 0.0135000 seconds
119.324: [GC119.324: [ParNew: 34942K->3574K(37568K), 0.0029020 secs] 749962K->721445K(854844K), 0.0029430 secs] [Times: user=0.02 sys=0.00, real=0.00 secs] 
119.327: Total time for which application threads were stopped: 0.0031330 seconds, Stopping threads took: 0.0001160 seconds
119.339: Application time: 0.0124520 seconds
119.339: [GC119.339: [ParNew: 36361K->1433K(37568K), 0.0022700 secs] 754231K->722154K(854844K), 0.0023190 secs] [Times: user=0.02 sys=0.00, real=0.00 secs] 
119.342: Total time for which application threads were stopped: 0.0025770 seconds, Stopping threads took: 0.0001650 seconds
119.354: Application time: 0.0123210 seconds
119.354: [GC119.354: [ParNew: 34226K->3573K(37568K), 0.0026730 secs] 754947K->727144K(854844K), 0.0027140 secs] [Times: user=0.02 sys=0.00, real=0.01 secs] 
119.357: Total time for which application threads were stopped: 0.0028890 seconds, Stopping threads took: 0.0001000 seconds
119.366: Application time: 0.0094350 seconds
119.366: [GC119.366: [ParNew: 36360K->3564K(37568K), 0.0034520 secs] 759932K->731412K(854844K), 0.0034920 secs] [Times: user=0.02 sys=0.00, real=0.00 secs] 
119.370: Total time for which application threads were stopped: 0.0036660 seconds, Stopping threads took: 0.0001040 seconds
119.409: Application time: 0.0395120 seconds
119.410: [GC119.410: [ParNew: 36392K->3604K(37568K), 0.0043670 secs] 764241K->739290K(854844K), 0.0044140 secs] [Times: user=0.03 sys=0.00, real=0.00 secs] 
119.414: Total time for which application threads were stopped: 0.0045970 seconds, Stopping threads took: 0.0001060 seconds
119.426: Application time: 0.0120910 seconds
119.426: [GC119.426: [ParNew: 36398K->1435K(37568K), 0.0018570 secs] 772084K->739288K(854844K), 0.0018930 secs] [Times: user=0.02 sys=0.00, real=0.00 secs] 
119.428: Total time for which application threads were stopped: 0.0020990 seconds, Stopping threads took: 0.0001340 seconds
119.443: Application time: 0.0146800 seconds
119.443: [GC119.443: [ParNew: 34221K->2151K(37568K), 0.0013710 secs] 772074K->740004K(854844K), 0.0014070 secs] [Times: user=0.01 sys=0.00, real=0.00 secs] 
119.445: Total time for which application threads were stopped: 0.0017550 seconds, Stopping threads took: 0.0002790 seconds
119.452: Application time: 0.0076020 seconds
119.452: [GC119.453: [ParNew: 34948K->3564K(37568K), 0.0032630 secs] 772801K->746405K(854844K), 0.0033060 secs] [Times: user=0.02 sys=0.00, real=0.01 secs] 
119.456: Total time for which application threads were stopped: 0.0034900 seconds, Stopping threads took: 0.0001110 seconds
119.538: Application time: 0.0820100 seconds
119.538: [GC119.538: [ParNew: 36392K->3600K(37568K), 0.0047760 secs] 779233K->757129K(854844K), 0.0048170 secs] [Times: user=0.04 sys=0.00, real=0.01 secs] 
119.543: Total time for which application threads were stopped: 0.0049800 seconds, Stopping threads took: 0.0000830 seconds
119.543: Application time: 0.0000600 seconds
119.547: [GC [1 CMS-initial-mark: 753529K(817276K)] 757868K(854844K), 0.0002180 secs] [Times: user=0.00 sys=0.00, real=0.00 secs] 
119.547: Total time for which application threads were stopped: 0.0043120 seconds, Stopping threads took: 0.0040580 seconds
119.547: [CMS-concurrent-mark-start]
119.553: [CMS-concurrent-mark: 0.005/0.005 secs] [Times: user=0.03 sys=0.01, real=0.00 secs] 
119.553: [CMS-concurrent-preclean-start]
119.554: [CMS-concurrent-preclean: 0.001/0.001 secs] [Times: user=0.00 sys=0.00, real=0.00 secs] 
119.554: [CMS-concurrent-abortable-preclean-start]
119.579: Application time: 0.0319640 seconds
119.579: [GC119.579: [ParNew: 36394K->3600K(37568K), 0.0035550 secs] 789923K->762830K(854844K), 0.0035980 secs] [Times: user=0.03 sys=0.00, real=0.01 secs] 
119.583: Total time for which application threads were stopped: 0.0037460 seconds, Stopping threads took: 0.0000740 seconds
119.594: Application time: 0.0113830 seconds
119.594: [GC119.594: [ParNew: 36395K->1435K(37568K), 0.0021850 secs] 795625K->763543K(854844K), 0.0022250 secs] [Times: user=0.02 sys=0.00, real=0.01 secs] 
119.597: Total time for which application threads were stopped: 0.0023790 seconds, Stopping threads took: 0.0000690 seconds
119.611: Application time: 0.0140970 seconds
119.611: [GC119.611: [ParNew: 34224K->2150K(37568K), 0.0015500 secs] 796333K->764258K(854844K), 0.0015840 secs] [Times: user=0.02 sys=0.00, real=0.00 secs] 
119.613: Total time for which application threads were stopped: 0.0017660 seconds, Stopping threads took: 0.0001120 seconds
119.622: Application time: 0.0092360 seconds
119.622: [GC119.622: [ParNew: 34937K->3570K(37568K), 0.0030800 secs] 797045K->769242K(854844K), 0.0031300 secs] [Times: user=0.02 sys=0.00, real=0.01 secs] 
119.625: Total time for which application threads were stopped: 0.0033140 seconds, Stopping threads took: 0.0001100 seconds
119.731: Application time: 0.1063200 seconds
119.732: [GC119.732: [ParNew: 36371K->3576K(37568K), 0.0051870 secs] 802043K->782073K(854844K), 0.0052280 secs] [Times: user=0.04 sys=0.00, real=0.01 secs] 
119.737: Total time for which application threads were stopped: 0.0053730 seconds, Stopping threads took: 0.0000780 seconds
119.737: [CMS-concurrent-abortable-preclean: 0.008/0.183 secs] [Times: user=1.45 sys=0.00, real=0.19 secs] 
119.737: Application time: 0.0000630 seconds
119.739: [GC[YG occupancy: 4289 K (37568 K)]119.739: [Rescan (parallel) , 0.0004800 secs]119.739: [weak refs processing, 0.0000050 secs]119.739: [scrub string table, 0.0001160 secs] [1 CMS-remark: 778497K(817276K)] 782786K(854844K), 0.0006240 secs] [Times: user=0.00 sys=0.00, real=0.00 secs] 
119.740: Total time for which application threads were stopped: 0.0027190 seconds, Stopping threads took: 0.0020570 seconds
119.740: [CMS-concurrent-sweep-start]
119.741: [CMS-concurrent-sweep: 0.002/0.002 secs] [Times: user=0.01 sys=0.00, real=0.00 secs] 
119.741: [CMS-concurrent-reset-start]
119.743: [CMS-concurrent-reset: 0.002/0.002 secs] [Times: user=0.00 sys=0.00, real=0.00 secs] 
119.881: Application time: 0.1418910 seconds
119.882: [GC119.882: [ParNew: 36368K->3562K(37568K), 0.0052950 secs] 81205K->61225K(854844K), 0.0053360 secs] [Times: user=0.04 sys=0.00, real=0.01 secs] 
119.887: Total time for which application threads were stopped: 0.0055050 seconds, Stopping threads took: 0.0000990 seconds
119.990: Application time: 0.1030710 seconds
119.990: [GC119.990: [ParNew: 36389K->3606K(37568K), 0.0055380 secs] 94052K->74094K(854844K), 0.0055830 secs] [Times: user=0.04 sys=0.00, real=0.01 secs] 
119.996: Total time for which application threads were stopped: 0.0057400 seconds, Stopping threads took: 0.0000810 seconds
120.009: Application time: 0.0128540 seconds
120.009: [GC120.009: [ParNew: 37014K->1468K(37568K), 0.0021640 secs] 107502K->74835K(854844K), 0.0022050 secs] [Times: user=0.02 sys=0.00, real=0.00 secs] 
120.011: Total time for which application threads were stopped: 0.0024280 seconds, Stopping threads took: 0.0001500 seconds
120.024: Application time: 0.0124590 seconds
120.024: [GC120.024: [ParNew: 34385K->3604K(37568K), 0.0029780 secs] 107752K->80533K(854844K), 0.0030200 secs] [Times: user=0.02 sys=0.01, real=0.00 secs] 
120.027: Total time for which application threads were stopped: 0.0036110 seconds, Stopping threads took: 0.0005160 seconds
120.035: Application time: 0.0080260 seconds
120.036: [GC120.036: [ParNew: 36388K->3562K(37568K), 0.0026840 secs] 113317K->83372K(854844K), 0.0027240 secs] [Times: user=0.02 sys=0.00, real=0.00 secs] 
120.039: Total time for which application threads were stopped: 0.0034160 seconds, Stopping threads took: 0.0006200 seconds
120.046: Application time: 0.0078830 seconds
120.047: [GC120.047: [ParNew: 36362K->3571K(37568K), 0.0034120 secs] 116171K->88368K(854844K), 0.0034550 secs] [Times: user=0.02 sys=0.00, real=0.00 secs] 
120.050: Total time for which application threads were stopped: 0.0036460 seconds, Stopping threads took: 0.0001180 seconds
120.057: Application time: 0.0068030 seconds
120.057: [GC120.057: [ParNew: 36353K->1427K(37568K), 0.0018440 secs] 121150K->88362K(854844K), 0.0018830 secs] [Times: user=0.01 sys=0.00, real=0.00 secs] 
120.059: Total time for which application threads were stopped: 0.0021810 seconds, Stopping threads took: 0.0002250 seconds
120.070: Application time: 0.0104110 seconds
120.070: [GC120.070: [ParNew: 34218K->3572K(37568K), 0.0020830 secs] 121154K->91221K(854844K), 0.0021230 secs] [Times: user=0.01 sys=0.00, real=0.00 secs] 
120.072: Total time for which application threads were stopped: 0.0023050 seconds, Stopping threads took: 0.0001110 seconds
120.083: Application time: 0.0112320 seconds
120.083: [GC120.083: [ParNew: 36375K->2858K(37568K), 0.0025250 secs] 124023K->93356K(854844K), 0.0025770 secs] [Times: user=0.02 sys=0.00, real=0.00 secs] 
120.086: Total time for which application threads were stopped: 0.0027460 seconds, Stopping threads took: 0.0000930 seconds
120.149: Application time: 0.0630700 seconds
120.149: [GC120.149: [ParNew: 35666K->3574K(37568K), 0.0047320 secs] 126165K->104761K(854844K), 0.0047730 secs] [Times: user=0.04 sys=0.00, real=0.00 secs] 
120.154: Total time for which application threads were stopped: 0.0049100 seconds, Stopping threads took: 0.0000550 seconds
120.282: Application time: 0.1279220 seconds
120.282: [GC120.282: [ParNew: 36374K->3568K(37568K), 0.0053380 secs] 137562K->117582K(854844K), 0.0053780 secs] [Times: user=0.04 sys=0.00, real=0.01 secs] 
120.287: Total time for which application threads were stopped: 0.0055130 seconds, Stopping threads took: 0.0000640 seconds
120.431: Application time: 0.1442640 seconds
120.432: [GC120.432: [ParNew: 36381K->3574K(37568K), 0.0055110 secs] 150395K->131127K(854844K), 0.0055540 secs] [Times: user=0.04 sys=0.00, real=0.01 secs] 
120.437: Total time for which application threads were stopped: 0.0056830 seconds, Stopping threads took: 0.0000560 seconds
120.594: Application time: 0.1568570 seconds
120.594: [GC120.594: [ParNew: 36372K->3572K(37568K), 0.0055470 secs] 163925K->143953K(854844K), 0.0055890 secs] [Times: user=0.04 sys=0.00, real=0.01 secs] 
120.600: Total time for which application threads were stopped: 0.0057430 seconds, Stopping threads took: 0.0000830 seconds
120.743: Application time: 0.1434300 seconds
120.743: [GC120.743: [ParNew: 36364K->3562K(37568K), 0.0051680 secs] 176745K->156056K(854844K), 0.0052090 secs] [Times: user=0.03 sys=0.00, real=0.00 secs] 
120.749: Total time for which application threads were stopped: 0.0053460 seconds, Stopping threads took: 0.0000570 seconds
120.888: Application time: 0.1397400 seconds
120.888: [GC120.888: [ParNew: 36354K->3562K(37568K), 0.0054970 secs] 188848K->168882K(854844K), 0.0055430 secs] [Times: user=0.04 sys=0.00, real=0.00 secs] 
120.894: Total time for which application threads were stopped: 0.0056820 seconds, Stopping threads took: 0.0000690 seconds
121.027: Application time: 0.1330960 seconds
121.027: [GC121.027: [ParNew: 36375K->3578K(37568K), 0.0053410 secs] 201695K->181723K(854844K), 0.0053820 secs] [Times: user=0.04 sys=0.00, real=0.00 secs] 
121.033: Total time for which application threads were stopped: 0.0055140 seconds, Stopping threads took: 0.0000620 seconds
121.178: Application time: 0.1454620 seconds
121.178: [GC121.178: [ParNew: 36379K->3570K(37568K), 0.0050420 secs] 214524K->193830K(854844K), 0.0050810 secs] [Times: user=0.04 sys=0.00, real=0.01 secs] 
121.183: Total time for which application threads were stopped: 0.0052080 seconds, Stopping threads took: 0.0000620 seconds
121.303: Application time: 0.1192760 seconds
121.303: [GC121.303: [ParNew: 36371K->3570K(37568K), 0.0047000 secs] 226631K->204519K(854844K), 0.0047450 secs] [Times: user=0.03 sys=0.01, real=0.01 secs] 
121.307: Total time for which application threads were stopped: 0.0049060 seconds, Stopping threads took: 0.0000750 seconds
121.428: Application time: 0.1200920 seconds
121.428: [GC121.428: [ParNew: 36380K->3578K(37568K), 0.0055620 secs] 237329K->218066K(854844K), 0.0056060 secs] [Times: user=0.05 sys=0.00, real=0.00 secs] 
121.433: Total time for which application threads were stopped: 0.0057400 seconds, Stopping threads took: 0.0000610 seconds
121.570: Application time: 0.1364850 seconds
121.570: [GC121.570: [ParNew: 36380K->3568K(37568K), 0.0050890 secs] 250868K->230171K(854844K), 0.0051340 secs] [Times: user=0.04 sys=0.00, real=0.01 secs] 
121.575: Total time for which application threads were stopped: 0.0052870 seconds, Stopping threads took: 0.0000810 seconds
121.672: Application time: 0.0964500 seconds
121.672: [GC121.672: [ParNew: 36361K->3564K(37568K), 0.0051620 secs] 262964K->242282K(854844K), 0.0052030 secs] [Times: user=0.03 sys=0.00, real=0.01 secs] 
121.677: Total time for which application threads were stopped: 0.0053400 seconds, Stopping threads took: 0.0000640 seconds
121.811: Application time: 0.1338980 seconds
121.811: [GC121.811: [ParNew: 36358K->3562K(37568K), 0.0049070 secs] 275075K->253680K(854844K), 0.0049510 secs] [Times: user=0.04 sys=0.00, real=0.01 secs] 
121.816: Total time for which application threads were stopped: 0.0051450 seconds, Stopping threads took: 0.0001100 seconds
121.909: Application time: 0.0929950 seconds
121.909: [GC121.909: [ParNew: 36356K->3562K(37568K), 0.0056260 secs] 286475K->266507K(854844K), 0.0056710 secs] [Times: user=0.03 sys=0.00, real=0.00 secs] 
121.915: Total time for which application threads were stopped: 0.0058360 seconds, Stopping threads took: 0.0000920 seconds
122.048: Application time: 0.1334730 seconds
122.048: [GC122.048: [ParNew: 36380K->3574K(37568K), 0.0052520 secs] 299325K->279345K(854844K), 0.0052960 secs] [Times: user=0.04 sys=0.00, real=0.00 secs] 
122.054: Total time for which application threads were stopped: 0.0054500 seconds, Stopping threads took: 0.0000830 seconds
122.135: Application time: 0.0816880 seconds
122.135: [GC122.135: [ParNew: 36376K->3568K(37568K), 0.0053830 secs] 312146K->292168K(854844K), 0.0054250 secs] [Times: user=0.04 sys=0.00, real=0.00 secs] 
122.141: Total time for which application threads were stopped: 0.0055640 seconds, Stopping threads took: 0.0000670 seconds
122.260: Application time: 0.1191970 seconds
122.260: [GC122.260: [ParNew: 36370K->3571K(37568K), 0.0051930 secs] 324970K->304285K(854844K), 0.0052370 secs] [Times: user=0.04 sys=0.00, real=0.01 secs] 
122.266: Total time for which application threads were stopped: 0.0053970 seconds, Stopping threads took: 0.0000870 seconds
122.374: Application time: 0.1085500 seconds
122.374: [GC122.374: [ParNew: 36383K->3573K(37568K), 0.0057890 secs] 337097K->318539K(854844K), 0.0058320 secs] [Times: user=0.05 sys=0.00, real=0.01 secs] 
122.380: Total time for which application threads were stopped: 0.0060040 seconds, Stopping threads took: 0.0000940 seconds
122.493: Application time: 0.1130190 seconds
122.493: [GC122.493: [ParNew: 36374K->3568K(37568K), 0.0052190 secs] 351341K->330651K(854844K), 0.0052600 secs] [Times: user=0.04 sys=0.00, real=0.01 secs] 
122.498: Total time for which application threads were stopped: 0.0054020 seconds, Stopping threads took: 0.0000690 seconds
122.600: Application time: 0.1013070 seconds
122.600: [GC122.600: [ParNew: 36363K->3562K(37568K), 0.0054540 secs] 363445K->343472K(854844K), 0.0054970 secs] [Times: user=0.04 sys=0.00, real=0.01 secs] 
122.605: Total time for which application threads were stopped: 0.0056340 seconds, Stopping threads took: 0.0000650 seconds
122.722: Application time: 0.1164900 seconds
122.722: [GC122.722: [ParNew: 36357K->3564K(37568K), 0.0051850 secs] 376266K->355588K(854844K), 0.0052280 secs] [Times: user=0.04 sys=0.00, real=0.01 secs] 
122.727: Total time for which application threads were stopped: 0.0053560 seconds, Stopping threads took: 0.0000620 seconds
122.829: Application time: 0.1016550 seconds
122.829: [GC122.829: [ParNew: 36359K->3562K(37568K), 0.0054260 secs] 388382K->368412K(854844K), 0.0054680 secs] [Times: user=0.04 sys=0.00, real=0.00 secs] 
122.835: Total time for which application threads were stopped: 0.0056100 seconds, Stopping threads took: 0.0000710 seconds
122.965: Application time: 0.1300290 seconds
122.965: [GC122.965: [ParNew: 36371K->3570K(37568K), 0.0052490 secs] 401221K->381246K(854844K), 0.0052910 secs] [Times: user=0.04 sys=0.00, real=0.00 secs] 
122.970: Total time for which application threads were stopped: 0.0054670 seconds, Stopping threads took: 0.0000940 seconds
123.005: Application time: 0.0353380 seconds
123.006: [GC123.006: [ParNew: 36395K->3602K(37568K), 0.0047160 secs] 414070K->391255K(854844K), 0.0047620 secs] [Times: user=0.04 sys=0.00, real=0.00 secs] 
123.010: Total time for which application threads were stopped: 0.0049190 seconds, Stopping threads took: 0.0000810 seconds
123.021: Application time: 0.0106490 seconds
123.021: [GC123.021: [ParNew: 36390K->3570K(37568K), 0.0028570 secs] 424043K->394102K(854844K), 0.0029100 secs] [Times: user=0.03 sys=0.00, real=0.01 secs] 
123.024: Total time for which application threads were stopped: 0.0030750 seconds, Stopping threads took: 0.0000980 seconds
123.039: Application time: 0.0145770 seconds
123.039: [GC123.039: [ParNew: 36360K->3570K(37568K), 0.0025870 secs] 426892K->396240K(854844K), 0.0026300 secs] [Times: user=0.02 sys=0.01, real=0.00 secs] 
123.041: Total time for which application threads were stopped: 0.0027890 seconds, Stopping threads took: 0.0000840 seconds
123.051: Application time: 0.0095880 seconds
123.051: [GC123.051: [ParNew: 36362K->1433K(37568K), 0.0022240 secs] 429032K->396952K(854844K), 0.0022650 secs] [Times: user=0.01 sys=0.00, real=0.00 secs] 
123.053: Total time for which application threads were stopped: 0.0024470 seconds, Stopping threads took: 0.0001080 seconds
123.117: Application time: 0.0638120 seconds
123.117: [GC123.117: [ParNew: 34262K->3604K(37568K), 0.0048730 secs] 429781K->410525K(854844K), 0.0049140 secs] [Times: user=0.04 sys=0.00, real=0.00 secs] 
123.122: Total time for which application threads were stopped: 0.0050550 seconds, Stopping threads took: 0.0000690 seconds
123.139: Application time: 0.0162680 seconds
123.139: [GC123.139: [ParNew: 36399K->3570K(37568K), 0.0031940 secs] 443319K->414083K(854844K), 0.0032360 secs] [Times: user=0.02 sys=0.00, real=0.00 secs] 
123.142: Total time for which application threads were stopped: 0.0034070 seconds, Stopping threads took: 0.0000990 seconds
123.151: Application time: 0.0092610 seconds
123.151: [GC123.151: [ParNew: 36363K->3570K(37568K), 0.0037390 secs] 446875K->420496K(854844K), 0.0037790 secs] [Times: user=0.03 sys=0.00, real=0.01 secs] 
123.155: Total time for which application threads were stopped: 0.0039200 seconds, Stopping threads took: 0.0000710 seconds
123.169: Application time: 0.0134350 seconds
123.169: [GC123.169: [ParNew: 36354K->3563K(37568K), 0.0028960 secs] 453279K->423339K(854844K), 0.0029380 secs] [Times: user=0.02 sys=0.00, real=0.00 secs] 
123.172: Total time for which application threads were stopped: 0.0030900 seconds, Stopping threads took: 0.0000790 seconds
123.180: Application time: 0.0086080 seconds
123.180: [GC123.180: [ParNew: 36353K->1433K(37568K), 0.0020440 secs] 456130K->423347K(854844K), 0.0020840 secs] [Times: user=0.02 sys=0.00, real=0.00 secs] 
123.183: Total time for which application threads were stopped: 0.0022480 seconds, Stopping threads took: 0.0000900 seconds
123.206: Application time: 0.0237230 seconds
123.206: [GC123.206: [ParNew: 34259K->3604K(37568K), 0.0026170 secs] 456173K->427656K(854844K), 0.0026610 secs] [Times: user=0.02 sys=0.00, real=0.00 secs] 
123.209: Total time for which application threads were stopped: 0.0028130 seconds, Stopping threads took: 0.0000730 seconds
123.221: Application time: 0.0121410 seconds
123.221: [GC123.221: [ParNew: 36398K->1435K(37568K), 0.0019550 secs] 460450K->427653K(854844K), 0.0019940 secs] [Times: user=0.01 sys=0.00, real=0.01 secs] 
123.223: Total time for which application threads were stopped: 0.0021420 seconds, Stopping threads took: 0.0000780 seconds
123.237: Application time: 0.0136870 seconds
123.238: [GC123.238: [ParNew: 34758K->2188K(37568K), 0.0014710 secs] 460977K->428407K(854844K), 0.0015060 secs] [Times: user=0.01 sys=0.00, real=0.00 secs] 
123.239: Total time for which application threads were stopped: 0.0020420 seconds, Stopping threads took: 0.0004660 seconds
123.247: Application time: 0.0075300 seconds
123.247: [GC123.247: [ParNew: 35053K->3640K(37568K), 0.0030990 secs] 461271K->434134K(854844K), 0.0031430 secs] [Times: user=0.02 sys=0.00, real=0.00 secs] 
123.250: Total time for which application threads were stopped: 0.0035080 seconds, Stopping threads took: 0.0002910 seconds
123.259: Application time: 0.0086600 seconds
123.263: [GC123.263: [ParNew: 36604K->3572K(37568K), 0.0034960 secs] 467098K->439825K(854844K), 0.0035390 secs] [Times: user=0.03 sys=0.00, real=0.00 secs] 
123.267: Total time for which application threads were stopped: 0.0077010 seconds, Stopping threads took: 0.0040880 seconds
123.276: Application time: 0.0096080 seconds
123.277: [GC123.277: [ParNew: 36358K->2141K(37568K), 0.0021130 secs] 472611K->440533K(854844K), 0.0021650 secs] [Times: user=0.01 sys=0.00, real=0.00 secs] 
123.279: Total time for which application threads were stopped: 0.0031300 seconds, Stopping threads took: 0.0008720 seconds
123.286: Application time: 0.0070780 seconds
123.287: [GC123.287: [ParNew: 34929K->3566K(37568K), 0.0026740 secs] 473321K->444809K(854844K), 0.0027150 secs] [Times: user=0.02 sys=0.00, real=0.00 secs] 
123.289: Total time for which application threads were stopped: 0.0029270 seconds, Stopping threads took: 0.0001380 seconds
123.298: Application time: 0.0082200 seconds
123.298: [GC123.298: [ParNew: 36359K->3574K(37568K), 0.0025090 secs] 477601K->446955K(854844K), 0.0025540 secs] [Times: user=0.02 sys=0.00, real=0.00 secs] 
123.301: Total time for which application threads were stopped: 0.0031050 seconds, Stopping threads took: 0.0004780 seconds
123.308: Application time: 0.0078420 seconds
123.309: [GC123.309: [ParNew: 36365K->2862K(37568K), 0.0025340 secs] 479746K->449093K(854844K), 0.0025760 secs] [Times: user=0.02 sys=0.00, real=0.00 secs] 
123.311: Total time for which application threads were stopped: 0.0029020 seconds, Stopping threads took: 0.0002510 seconds
123.319: Application time: 0.0078770 seconds
123.319: [GC123.319: [ParNew: 35655K->2860K(37568K), 0.0019580 secs] 481886K->449805K(854844K), 0.0019970 secs] [Times: user=0.02 sys=0.00, real=0.00 secs] 
123.321: Total time for which application threads were stopped: 0.0021640 seconds, Stopping threads took: 0.0000940 seconds
123.328: Application time: 0.0069300 seconds
123.328: [GC123.328: [ParNew: 35652K->2147K(37568K), 0.0017090 secs] 482596K->449806K(854844K), 0.0017480 secs] [Times: user=0.02 sys=0.00, real=0.00 secs] 
123.330: Total time for which application threads were stopped: 0.0018940 seconds, Stopping threads took: 0.0000710 seconds
123.338: Application time: 0.0074000 seconds
123.338: [GC123.338: [ParNew: 34939K->2862K(37568K), 0.0020370 secs] 482597K->451234K(854844K), 0.0020790 secs] [Times: user=0.02 sys=0.00, real=0.00 secs] 
123.340: Total time for which application threads were stopped: 0.0022330 seconds, Stopping threads took: 0.0000790 seconds
123.430: Application time: 0.0896810 seconds
123.430: [GC123.430: [ParNew: 35696K->3604K(37568K), 0.0060870 secs] 484068K->466940K(854844K), 0.0061300 secs] [Times: user=0.04 sys=0.00, real=0.01 secs] 
123.436: Total time for which application threads were stopped: 0.0062730 seconds, Stopping threads took: 0.0000720 seconds
123.449: Application time: 0.0134020 seconds
123.449: [GC123.449: [ParNew: 36393K->3570K(37568K), 0.0037980 secs] 499729K->473349K(854844K), 0.0038410 secs] [Times: user=0.03 sys=0.00, real=0.00 secs] 
123.453: Total time for which application threads were stopped: 0.0039930 seconds, Stopping threads took: 0.0000780 seconds
123.465: Application time: 0.0121620 seconds
123.466: [GC123.466: [ParNew: 36359K->3574K(37568K), 0.0026440 secs] 506137K->475490K(854844K), 0.0026870 secs] [Times: user=0.02 sys=0.00, real=0.00 secs] 
123.468: Total time for which application threads were stopped: 0.0028580 seconds, Stopping threads took: 0.0000860 seconds
123.481: Application time: 0.0123230 seconds
123.481: [GC123.481: [ParNew: 36368K->3569K(37568K), 0.0027550 secs] 508284K->478335K(854844K), 0.0027990 secs] [Times: user=0.02 sys=0.00, real=0.01 secs] 
123.484: Total time for which application threads were stopped: 0.0029560 seconds, Stopping threads took: 0.0000810 seconds
123.506: Application time: 0.0227370 seconds
123.506: [GC123.506: [ParNew: 36364K->3574K(37568K), 0.0029160 secs] 511130K->482616K(854844K), 0.0029620 secs] [Times: user=0.02 sys=0.00, real=0.00 secs] 
123.509: Total time for which application threads were stopped: 0.0031360 seconds, Stopping threads took: 0.0001010 seconds
123.645: Application time: 0.1358880 seconds
123.645: [GC123.645: [ParNew: 36367K->3562K(37568K), 0.0053840 secs] 515408K->495430K(854844K), 0.0054340 secs] [Times: user=0.04 sys=0.00, real=0.00 secs] 
123.651: Total time for which application threads were stopped: 0.0055730 seconds, Stopping threads took: 0.0000680 seconds
123.798: Application time: 0.1475160 seconds
123.799: [GC123.799: [ParNew: 36354K->3564K(37568K), 0.0050870 secs] 528222K->507545K(854844K), 0.0051270 secs] [Times: user=0.04 sys=0.00, real=0.01 secs] 
123.804: Total time for which application threads were stopped: 0.0052570 seconds, Stopping threads took: 0.0000610 seconds
123.934: Application time: 0.1299940 seconds
123.934: [GC123.934: [ParNew: 36356K->3564K(37568K), 0.0052780 secs] 540337K->519658K(854844K), 0.0053210 secs] [Times: user=0.03 sys=0.00, real=0.01 secs] 
123.939: Total time for which application threads were stopped: 0.0054660 seconds, Stopping threads took: 0.0000780 seconds
123.965: Application time: 0.0256320 seconds
123.965: [GC123.965: [ParNew: 36388K->3600K(37568K), 0.0037640 secs] 552481K->526106K(854844K), 0.0038080 secs] [Times: user=0.03 sys=0.00, real=0.00 secs] 
123.969: Total time for which application threads were stopped: 0.0039660 seconds, Stopping threads took: 0.0000840 seconds
123.979: Application time: 0.0102790 seconds
123.979: [GC123.979: [ParNew: 36711K->3608K(37568K), 0.0026890 secs] 559217K->528993K(854844K), 0.0027280 secs] [Times: user=0.02 sys=0.00, real=0.00 secs] 
123.982: Total time for which application threads were stopped: 0.0028810 seconds, Stopping threads took: 0.0000710 seconds
123.994: Application time: 0.0122070 seconds
123.995: [GC123.995: [ParNew: 36820K->3574K(37568K), 0.0033530 secs] 562205K->533976K(854844K), 0.0033920 secs] [Times: user=0.03 sys=0.00, real=0.00 secs] 
123.998: Total time for which application threads were stopped: 0.0043430 seconds, Stopping threads took: 0.0008790 seconds
124.007: Application time: 0.0087530 seconds
124.007: [GC124.007: [ParNew: 36369K->3572K(37568K), 0.0025820 secs] 566770K->536825K(854844K), 0.0026250 secs] [Times: user=0.02 sys=0.00, real=0.00 secs] 
124.010: Total time for which application threads were stopped: 0.0028340 seconds, Stopping threads took: 0.0001350 seconds
124.018: Application time: 0.0076240 seconds
124.018: [GC124.018: [ParNew: 36360K->2149K(37568K), 0.0020140 secs] 569613K->537540K(854844K), 0.0020530 secs] [Times: user=0.01 sys=0.00, real=0.00 secs] 
124.020: Total time for which application threads were stopped: 0.0023210 seconds, Stopping threads took: 0.0001930 seconds
124.031: Application time: 0.0113020 seconds
124.031: [GC124.031: [ParNew: 34946K->3570K(37568K), 0.0020120 secs] 570336K->538961K(854844K), 0.0020470 secs] [Times: user=0.02 sys=0.00, real=0.00 secs] 
124.033: Total time for which application threads were stopped: 0.0021900 seconds, Stopping threads took: 0.0000700 seconds
124.047: Application time: 0.0138130 seconds
124.051: [GC124.051: [ParNew: 36361K->2856K(37568K), 0.0024360 secs] 571752K->541098K(854844K), 0.0024790 secs] [Times: user=0.02 sys=0.00, real=0.00 secs] 
124.053: Total time for which application threads were stopped: 0.0061430 seconds, Stopping threads took: 0.0035910 seconds
124.061: Application time: 0.0076630 seconds
124.061: [GC124.061: [ParNew: 35644K->2850K(37568K), 0.0023650 secs] 573885K->543230K(854844K), 0.0024070 secs] [Times: user=0.01 sys=0.00, real=0.01 secs] 
124.064: Total time for which application threads were stopped: 0.0025830 seconds, Stopping threads took: 0.0001020 seconds
124.208: Application time: 0.1445650 seconds
124.208: [GC124.208: [ParNew: 35665K->3576K(37568K), 0.0055980 secs] 576045K->557494K(854844K), 0.0056420 secs] [Times: user=0.04 sys=0.00, real=0.00 secs] 
124.214: Total time for which application threads were stopped: 0.0057800 seconds, Stopping threads took: 0.0000680 seconds
124.337: Application time: 0.1229510 seconds
124.337: [GC124.337: [ParNew: 36389K->3574K(37568K), 0.0056890 secs] 590307K->571033K(854844K), 0.0057320 secs] [Times: user=0.04 sys=0.00, real=0.01 secs] 
124.343: Total time for which application threads were stopped: 0.0058630 seconds, Stopping threads took: 0.0000600 seconds
124.500: Application time: 0.1571020 seconds
124.500: [GC124.500: [ParNew: 36372K->3570K(37568K), 0.0051070 secs] 603831K->583144K(854844K), 0.0051580 secs] [Times: user=0.04 sys=0.00, real=0.01 secs] 
124.505: Total time for which application threads were stopped: 0.0053040 seconds, Stopping threads took: 0.0000630 seconds
124.650: Application time: 0.1445110 seconds
124.650: [GC124.650: [ParNew: 36362K->3562K(37568K), 0.0050590 secs] 615936K->595249K(854844K), 0.0050990 secs] [Times: user=0.04 sys=0.00, real=0.01 secs] 
124.655: Total time for which application threads were stopped: 0.0052330 seconds, Stopping threads took: 0.0000640 seconds
124.796: Application time: 0.1413450 seconds
124.796: [GC124.796: [ParNew: 36354K->3562K(37568K), 0.0053830 secs] 628041K->608075K(854844K), 0.0054270 secs] [Times: user=0.04 sys=0.00, real=0.00 secs] 
124.802: Total time for which application threads were stopped: 0.0055570 seconds, Stopping threads took: 0.0000570 seconds
124.949: Application time: 0.1470180 seconds
124.949: [GC124.949: [ParNew: 36354K->3564K(37568K), 0.0051290 secs] 640867K->620189K(854844K), 0.0051710 secs] [Times: user=0.04 sys=0.00, real=0.00 secs] 
124.954: Total time for which application threads were stopped: 0.0053110 seconds, Stopping threads took: 0.0000690 seconds
125.099: Application time: 0.1449280 seconds
125.099: [GC125.099: [ParNew: 36382K->3576K(37568K), 0.0052560 secs] 653007K->633027K(854844K), 0.0053020 secs] [Times: user=0.03 sys=0.01, real=0.01 secs] 
125.105: Total time for which application threads were stopped: 0.0054400 seconds, Stopping threads took: 0.0000580 seconds
125.218: Application time: 0.1131100 seconds
125.218: [GC125.218: [ParNew: 36385K->3574K(37568K), 0.0057870 secs] 665836K->647278K(854844K), 0.0058300 secs] [Times: user=0.04 sys=0.00, real=0.01 secs] 
125.224: Total time for which application threads were stopped: 0.0059960 seconds, Stopping threads took: 0.0000950 seconds
125.343: Application time: 0.1195040 seconds
125.343: [GC125.343: [ParNew: 36384K->3576K(37568K), 0.0056920 secs] 680088K->660820K(854844K), 0.0057360 secs] [Times: user=0.04 sys=0.00, real=0.00 secs] 
125.349: Total time for which application threads were stopped: 0.0058990 seconds, Stopping threads took: 0.0000860 seconds
125.482: Application time: 0.1327230 seconds
125.482: [GC125.482: [ParNew: 36377K->3568K(37568K), 0.0055660 secs] 693621K->674352K(854844K), 0.0056080 secs] [Times: user=0.05 sys=0.00, real=0.01 secs] 
125.488: Total time for which application threads were stopped: 0.0057350 seconds, Stopping threads took: 0.0000620 seconds
125.577: Application time: 0.0895210 seconds
125.577: [GC125.577: [ParNew: 36361K->3564K(37568K), 0.0052010 secs] 707145K->686462K(854844K), 0.0052430 secs] [Times: user=0.04 sys=0.00, real=0.00 secs] 
125.583: Total time for which application threads were stopped: 0.0054140 seconds, Stopping threads took: 0.0001050 seconds
125.722: Application time: 0.1394750 seconds
125.722: [GC125.722: [ParNew: 36358K->3564K(37568K), 0.0052060 secs] 719256K->698576K(854844K), 0.0052500 secs] [Times: user=0.04 sys=0.00, real=0.01 secs] 
125.727: Total time for which application threads were stopped: 0.0054080 seconds, Stopping threads took: 0.0000760 seconds
125.817: Application time: 0.0894520 seconds
125.817: [GC125.817: [ParNew: 36358K->3562K(37568K), 0.0055300 secs] 731369K->711400K(854844K), 0.0055700 secs] [Times: user=0.04 sys=0.00, real=0.00 secs] 
125.823: Total time for which application threads were stopped: 0.0057360 seconds, Stopping threads took: 0.0000940 seconds
125.955: Application time: 0.1322810 seconds
125.955: [GC125.955: [ParNew: 36374K->3578K(37568K), 0.0050420 secs] 744211K->723529K(854844K), 0.0050870 secs] [Times: user=0.04 sys=0.00, real=0.00 secs] 
125.960: Total time for which application threads were stopped: 0.0052190 seconds, Stopping threads took: 0.0000610 seconds
126.043: Application time: 0.0832720 seconds
126.043: [GC126.044: [ParNew: 36386K->3570K(37568K), 0.0056360 secs] 756337K->736350K(854844K), 0.0056790 secs] [Times: user=0.04 sys=0.00, real=0.00 secs] 
126.049: Total time for which application threads were stopped: 0.0058210 seconds, Stopping threads took: 0.0000620 seconds
126.187: Application time: 0.1373240 seconds
126.187: [GC126.187: [ParNew: 36374K->3575K(37568K), 0.0052370 secs] 769153K->749182K(854844K), 0.0052810 secs] [Times: user=0.04 sys=0.00, real=0.00 secs] 
126.192: Total time for which application threads were stopped: 0.0054010 seconds, Stopping threads took: 0.0000560 seconds
126.277: Application time: 0.0846500 seconds
126.277: [GC126.277: [ParNew: 36385K->3575K(37568K), 0.0049110 secs] 781992K->760584K(854844K), 0.0049550 secs] [Times: user=0.03 sys=0.00, real=0.00 secs] 
126.282: Total time for which application threads were stopped: 0.0051220 seconds, Stopping threads took: 0.0000850 seconds
126.282: Application time: 0.0000600 seconds
126.282: [GC [1 CMS-initial-mark: 757009K(817276K)] 762012K(854844K), 0.0001390 secs] [Times: user=0.00 sys=0.00, real=0.00 secs] 
126.282: Total time for which application threads were stopped: 0.0004490 seconds, Stopping threads took: 0.0002850 seconds
126.282: [CMS-concurrent-mark-start]
126.288: [CMS-concurrent-mark: 0.006/0.006 secs] [Times: user=0.04 sys=0.00, real=0.01 secs] 
126.288: [CMS-concurrent-preclean-start]
126.289: [CMS-concurrent-preclean: 0.001/0.001 secs] [Times: user=0.00 sys=0.00, real=0.00 secs] 
126.289: [CMS-concurrent-abortable-preclean-start]
126.387: Application time: 0.1044920 seconds
126.387: [GC126.387: [ParNew126.392: [CMS-concurrent-abortable-preclean: 0.001/0.103 secs] [Times: user=0.84 sys=0.01, real=0.10 secs] 
: 36376K->3570K(37568K), 0.0051480 secs] 793386K->772696K(854844K), 0.0051800 secs] [Times: user=0.04 sys=0.00, real=0.00 secs] 
126.392: Total time for which application threads were stopped: 0.0053330 seconds, Stopping threads took: 0.0000920 seconds
126.392: Application time: 0.0000750 seconds
126.392: [GC[YG occupancy: 4998 K (37568 K)]126.392: [Rescan (parallel) , 0.0002670 secs]126.393: [weak refs processing, 0.0000060 secs]126.393: [scrub string table, 0.0001170 secs] [1 CMS-remark: 769125K(817276K)] 774123K(854844K), 0.0004100 secs] [Times: user=0.00 sys=0.00, real=0.00 secs] 
126.393: Total time for which application threads were stopped: 0.0007120 seconds, Stopping threads took: 0.0002720 seconds
126.393: [CMS-concurrent-sweep-start]
126.394: [CMS-concurrent-sweep: 0.002/0.002 secs] [Times: user=0.00 sys=0.00, real=0.00 secs] 
126.394: [CMS-concurrent-reset-start]
126.396: [CMS-concurrent-reset: 0.002/0.002 secs] [Times: user=0.02 sys=0.00, real=0.01 secs] 
126.517: Application time: 0.1243760 seconds
126.517: [GC126.517: [ParNew: 36365K->3564K(37568K), 0.0046260 secs] 71225K->49114K(854844K), 0.0046700 secs] [Times: user=0.03 sys=0.00, real=0.00 secs] 
126.522: Total time for which application threads were stopped: 0.0048090 seconds, Stopping threads took: 0.0000660 seconds
126.617: Application time: 0.0947820 seconds
126.617: [GC126.617: [ParNew: 36359K->3564K(37568K), 0.0051870 secs] 81908K->61228K(854844K), 0.0052290 secs] [Times: user=0.04 sys=0.00, real=0.00 secs] 
126.622: Total time for which application threads were stopped: 0.0053760 seconds, Stopping threads took: 0.0000760 seconds
126.749: Application time: 0.1267590 seconds
126.749: [GC126.749: [ParNew: 36359K->3562K(37568K), 0.0052960 secs] 94022K->74052K(854844K), 0.0053370 secs] [Times: user=0.04 sys=0.00, real=0.00 secs] 
126.754: Total time for which application threads were stopped: 0.0054750 seconds, Stopping threads took: 0.0000690 seconds
126.855: Application time: 0.1008290 seconds
126.855: [GC126.855: [ParNew: 36362K->3568K(37568K), 0.0050770 secs] 106852K->86171K(854844K), 0.0051180 secs] [Times: user=0.04 sys=0.00, real=0.00 secs] 
126.861: Total time for which application threads were stopped: 0.0052700 seconds, Stopping threads took: 0.0000700 seconds
126.961: Application time: 0.1004770 seconds
126.961: [GC126.961: [ParNew: 36370K->3572K(37568K), 0.0055450 secs] 118974K->99715K(854844K), 0.0055880 secs] [Times: user=0.05 sys=0.00, real=0.01 secs] 
126.967: Total time for which application threads were stopped: 0.0057510 seconds, Stopping threads took: 0.0000840 seconds
127.033: Application time: 0.0667330 seconds
127.034: [GC127.034: [ParNew: 36459K->3662K(37568K), 0.0045940 secs] 132602K->109781K(854844K), 0.0046330 secs] [Times: user=0.04 sys=0.00, real=0.01 secs] 
127.038: Total time for which application threads were stopped: 0.0047830 seconds, Stopping threads took: 0.0000800 seconds
127.047: Application time: 0.0085280 seconds
127.047: [GC127.047: [ParNew: 36450K->2858K(37568K), 0.0023860 secs] 142569K->111202K(854844K), 0.0024260 secs] [Times: user=0.02 sys=0.00, real=0.00 secs] 
127.050: Total time for which application threads were stopped: 0.0030330 seconds, Stopping threads took: 0.0005360 seconds
127.058: Application time: 0.0080170 seconds
127.059: [GC127.059: [ParNew: 35648K->3568K(37568K), 0.0024740 secs] 143992K->114051K(854844K), 0.0025160 secs] [Times: user=0.02 sys=0.00, real=0.00 secs] 
127.061: Total time for which application threads were stopped: 0.0035760 seconds, Stopping threads took: 0.0009770 seconds
127.069: Application time: 0.0077720 seconds
127.069: [GC127.069: [ParNew: 36358K->3572K(37568K), 0.0029550 secs] 146841K->117618K(854844K), 0.0029980 secs] [Times: user=0.02 sys=0.00, real=0.00 secs] 
127.072: Total time for which application threads were stopped: 0.0032250 seconds, Stopping threads took: 0.0001510 seconds
127.080: Application time: 0.0077230 seconds
127.081: [GC127.081: [ParNew: 36368K->2858K(37568K), 0.0019770 secs] 150414K->118330K(854844K), 0.0020180 secs] [Times: user=0.01 sys=0.00, real=0.00 secs] 
127.083: Total time for which application threads were stopped: 0.0024910 seconds, Stopping threads took: 0.0004010 seconds
127.091: Application time: 0.0080160 seconds
127.092: [GC127.092: [ParNew: 35648K->2862K(37568K), 0.0016850 secs] 151120K->119047K(854844K), 0.0017250 secs] [Times: user=0.01 sys=0.00, real=0.00 secs] 
127.093: Total time for which application threads were stopped: 0.0026550 seconds, Stopping threads took: 0.0008580 seconds
127.101: Application time: 0.0078020 seconds
127.102: [GC127.102: [ParNew: 35654K->3568K(37568K), 0.0026910 secs] 151840K->122605K(854844K), 0.0027370 secs] [Times: user=0.02 sys=0.00, real=0.01 secs] 
127.105: Total time for which application threads were stopped: 0.0036610 seconds, Stopping threads took: 0.0008470 seconds
127.113: Application time: 0.0079770 seconds
127.113: [GC127.113: [ParNew: 36356K->3563K(37568K), 0.0024560 secs] 155393K->124738K(854844K), 0.0024950 secs] [Times: user=0.02 sys=0.00, real=0.01 secs] 
127.116: Total time for which application threads were stopped: 0.0028430 seconds, Stopping threads took: 0.0002780 seconds
127.123: Application time: 0.0073650 seconds
127.123: [GC127.123: [ParNew: 36359K->2860K(37568K), 0.0021230 secs] 157534K->125460K(854844K), 0.0021610 secs] [Times: user=0.02 sys=0.00, real=0.00 secs] 
127.125: Total time for which application threads were stopped: 0.0023400 seconds, Stopping threads took: 0.0001080 seconds
127.133: Application time: 0.0073980 seconds
127.133: [GC127.133: [ParNew: 35662K->3571K(37568K), 0.0028890 secs] 158262K->129735K(854844K), 0.0029340 secs] [Times: user=0.02 sys=0.00, real=0.01 secs] 
127.136: Total time for which application threads were stopped: 0.0031100 seconds, Stopping threads took: 0.0001070 seconds
127.143: Application time: 0.0074070 seconds
127.143: [GC127.144: [ParNew: 36357K->1425K(37568K), 0.0013360 secs] 162521K->128303K(854844K), 0.0013700 secs] [Times: user=0.01 sys=0.00, real=0.00 secs] 
127.145: Total time for which application threads were stopped: 0.0016110 seconds, Stopping threads took: 0.0001720 seconds
127.152: Application time: 0.0067120 seconds
127.152: [GC127.152: [ParNew: 34217K->3572K(37568K), 0.0020000 secs] 161096K->130451K(854844K), 0.0020400 secs] [Times: user=0.02 sys=0.00, real=0.00 secs] 
127.154: Total time for which application threads were stopped: 0.0023220 seconds, Stopping threads took: 0.0002080 seconds
127.203: Application time: 0.0490720 seconds
127.203: [GC127.203: [ParNew: 36414K->3608K(37568K), 0.0045770 secs] 163292K->140463K(854844K), 0.0046290 secs] [Times: user=0.04 sys=0.00, real=0.00 secs] 
127.208: Total time for which application threads were stopped: 0.0048920 seconds, Stopping threads took: 0.0001890 seconds
127.219: Application time: 0.0111560 seconds
127.219: [GC127.219: [ParNew: 36430K->3604K(37568K), 0.0027040 secs] 173284K->143340K(854844K), 0.0027460 secs] [Times: user=0.02 sys=0.00, real=0.00 secs] 
127.222: Total time for which application threads were stopped: 0.0030320 seconds, Stopping threads took: 0.0002120 seconds
127.231: Application time: 0.0089790 seconds
127.232: [GC127.232: [ParNew: 36395K->3572K(37568K), 0.0032020 secs] 176130K->146900K(854844K), 0.0032540 secs] [Times: user=0.02 sys=0.00, real=0.01 secs] 
127.235: Total time for which application threads were stopped: 0.0041440 seconds, Stopping threads took: 0.0007920 seconds
127.247: Application time: 0.0117980 seconds
127.248: [GC127.248: [ParNew: 36360K->3562K(37568K), 0.0035070 secs] 179687K->152591K(854844K), 0.0035510 secs] [Times: user=0.03 sys=0.00, real=0.00 secs] 
127.251: Total time for which application threads were stopped: 0.0042490 seconds, Stopping threads took: 0.0006240 seconds
127.259: Application time: 0.0073340 seconds
127.259: [GC127.259: [ParNew: 36353K->3568K(37568K), 0.0030880 secs] 185381K->156160K(854844K), 0.0031320 secs] [Times: user=0.02 sys=0.00, real=0.00 secs] 
127.263: Total time for which application threads were stopped: 0.0039130 seconds, Stopping threads took: 0.0007070 seconds
127.270: Application time: 0.0073600 seconds
127.270: [GC127.270: [ParNew: 36369K->3575K(37568K), 0.0024390 secs] 188960K->157591K(854844K), 0.0024810 secs] [Times: user=0.01 sys=0.00, real=0.00 secs] 
127.273: Total time for which application threads were stopped: 0.0027360 seconds, Stopping threads took: 0.0001830 seconds
127.283: Application time: 0.0106450 seconds
127.283: [GC127.283: [ParNew: 36365K->2862K(37568K), 0.0020020 secs] 190381K->157592K(854844K), 0.0020420 secs] [Times: user=0.01 sys=0.00, real=0.00 secs] 
127.285: Total time for which application threads were stopped: 0.0022220 seconds, Stopping threads took: 0.0001070 seconds
127.296: Application time: 0.0107950 seconds
127.296: [GC127.296: [ParNew: 35654K->2141K(37568K), 0.0021830 secs] 190384K->159010K(854844K), 0.0022270 secs] [Times: user=0.02 sys=0.00, real=0.00 secs] 
127.299: Total time for which application threads were stopped: 0.0024120 seconds, Stopping threads took: 0.0001090 seconds
127.337: Application time: 0.0382910 seconds
127.337: [GC127.337: [ParNew: 34968K->3604K(37568K), 0.0042890 secs] 191837K->169736K(854844K), 0.0043320 secs] [Times: user=0.04 sys=0.00, real=0.00 secs] 
127.341: Total time for which application threads were stopped: 0.0044710 seconds, Stopping threads took: 0.0000680 seconds
127.358: Application time: 0.0164390 seconds
127.358: [GC127.358: [ParNew: 36396K->2149K(37568K), 0.0027050 secs] 202528K->171873K(854844K), 0.0027480 secs] [Times: user=0.02 sys=0.00, real=0.00 secs] 
127.361: Total time for which application threads were stopped: 0.0029530 seconds, Stopping threads took: 0.0001220 seconds
127.373: Application time: 0.0121860 seconds
127.373: [GC127.373: [ParNew: 34938K->3574K(37568K), 0.0020070 secs] 204661K->173298K(854844K), 0.0020450 secs] [Times: user=0.02 sys=0.00, real=0.01 secs] 
127.375: Total time for which application threads were stopped: 0.0022240 seconds, Stopping threads took: 0.0001070 seconds
127.388: Application time: 0.0123740 seconds
127.388: [GC127.388: [ParNew: 36368K->3566K(37568K), 0.0026180 secs] 206091K->176140K(854844K), 0.0026610 secs] [Times: user=0.02 sys=0.00, real=0.00 secs] 
127.390: Total time for which application threads were stopped: 0.0028110 seconds, Stopping threads took: 0.0000750 seconds
127.409: Application time: 0.0187190 seconds
127.409: [GC127.409: [ParNew: 36362K->3572K(37568K), 0.0027120 secs] 208935K->179708K(854844K), 0.0027480 secs] [Times: user=0.02 sys=0.00, real=0.00 secs] 
127.412: Total time for which application threads were stopped: 0.0029060 seconds, Stopping threads took: 0.0000800 seconds
127.549: Application time: 0.1371900 seconds
127.549: [GC127.549: [ParNew: 36365K->3562K(37568K), 0.0052610 secs] 212501K->192525K(854844K), 0.0053150 secs] [Times: user=0.04 sys=0.00, real=0.00 secs] 
127.555: Total time for which application threads were stopped: 0.0054490 seconds, Stopping threads took: 0.0000680 seconds
127.673: Application time: 0.1182200 seconds
127.673: [GC127.673: [ParNew: 36354K->3562K(37568K), 0.0052770 secs] 225317K->205350K(854844K), 0.0053180 secs] [Times: user=0.04 sys=0.00, real=0.01 secs] 
127.678: Total time for which application threads were stopped: 0.0054760 seconds, Stopping threads took: 0.0000860 seconds
127.806: Application time: 0.1274780 seconds
127.806: [GC127.806: [ParNew: 36387K->3606K(37568K), 0.0053230 secs] 238175K->218220K(854844K), 0.0053640 secs] [Times: user=0.04 sys=0.00, real=0.00 secs] 
127.811: Total time for which application threads were stopped: 0.0055320 seconds, Stopping threads took: 0.0000980 seconds
127.826: Application time: 0.0143460 seconds
127.826: [GC127.826: [ParNew: 36394K->3572K(37568K), 0.0032180 secs] 251008K->222489K(854844K), 0.0032600 secs] [Times: user=0.02 sys=0.00, real=0.00 secs] 
127.829: Total time for which application threads were stopped: 0.0034140 seconds, Stopping threads took: 0.0000800 seconds
127.842: Application time: 0.0123080 seconds
127.842: [GC127.842: [ParNew: 36359K->1435K(37568K), 0.0020260 secs] 255276K->222489K(854844K), 0.0020650 secs] [Times: user=0.01 sys=0.00, real=0.01 secs] 
127.844: Total time for which application threads were stopped: 0.0022830 seconds, Stopping threads took: 0.0001250 seconds
127.856: Application time: 0.0121280 seconds
127.856: [GC127.856: [ParNew: 34228K->3574K(37568K), 0.0028430 secs] 255283K->227479K(854844K), 0.0028850 secs] [Times: user=0.00 sys=0.02, real=0.00 secs] 
127.859: Total time for which application threads were stopped: 0.0030370 seconds, Stopping threads took: 0.0000790 seconds
127.869: Application time: 0.0101760 seconds
127.869: [GC127.869: [ParNew: 36368K->3570K(37568K), 0.0025220 secs] 260273K->229613K(854844K), 0.0025670 secs] [Times: user=0.01 sys=0.00, real=0.00 secs] 
127.872: Total time for which application threads were stopped: 0.0027460 seconds, Stopping threads took: 0.0000970 seconds
127.928: Application time: 0.0559790 seconds
127.928: [GC127.928: [ParNew: 36392K->3604K(37568K), 0.0048470 secs] 262434K->240335K(854844K), 0.0048920 secs] [Times: user=0.04 sys=0.00, real=0.00 secs] 
127.933: Total time for which application threads were stopped: 0.0050850 seconds, Stopping threads took: 0.0001190 seconds
127.943: Application time: 0.0105290 seconds
127.944: [GC127.944: [ParNew: 36392K->2141K(37568K), 0.0027030 secs] 273123K->242463K(854844K), 0.0027490 secs] [Times: user=0.02 sys=0.00, real=0.00 secs] 
127.946: Total time for which application threads were stopped: 0.0029160 seconds, Stopping threads took: 0.0000810 seconds
127.960: Application time: 0.0138900 seconds
127.960: [GC127.960: [ParNew: 34934K->3572K(37568K), 0.0032050 secs] 275257K->248170K(854844K), 0.0032470 secs] [Times: user=0.03 sys=0.00, real=0.01 secs] 
127.964: Total time for which application threads were stopped: 0.0034160 seconds, Stopping threads took: 0.0000940 seconds
127.973: Application time: 0.0090250 seconds
127.973: [GC127.973: [ParNew: 36366K->2856K(37568K), 0.0025030 secs] 280963K->250304K(854844K), 0.0025430 secs] [Times: user=0.02 sys=0.00, real=0.01 secs] 
127.975: Total time for which application threads were stopped: 0.0026980 seconds, Stopping threads took: 0.0000810 seconds
128.063: Application time: 0.0879400 seconds
128.063: [GC128.064: [ParNew: 35657K->3572K(37568K), 0.0054720 secs] 283104K->264558K(854844K), 0.0055150 secs] [Times: user=0.04 sys=0.00, real=0.00 secs] 
128.069: Total time for which application threads were stopped: 0.0056520 seconds, Stopping threads took: 0.0000640 seconds
128.213: Application time: 0.1437810 seconds
128.213: [GC128.213: [ParNew: 36387K->3572K(37568K), 0.0055600 secs] 297373K->278096K(854844K), 0.0056090 secs] [Times: user=0.04 sys=0.00, real=0.01 secs] 
128.219: Total time for which application threads were stopped: 0.0057480 seconds, Stopping threads took: 0.0000670 seconds
128.361: Application time: 0.1422160 seconds
128.361: [GC128.361: [ParNew: 36387K->3570K(37568K), 0.0055360 secs] 310911K->291635K(854844K), 0.0055820 secs] [Times: user=0.04 sys=0.00, real=0.01 secs] 
128.367: Total time for which application threads were stopped: 0.0057250 seconds, Stopping threads took: 0.0000670 seconds
128.513: Application time: 0.1466300 seconds
128.513: [GC128.513: [ParNew: 36362K->3562K(37568K), 0.0053660 secs] 324427K->304454K(854844K), 0.0054080 secs] [Times: user=0.04 sys=0.00, real=0.01 secs] 
128.519: Total time for which application threads were stopped: 0.0055850 seconds, Stopping threads took: 0.0000940 seconds
128.667: Application time: 0.1484830 seconds
128.667: [GC128.667: [ParNew: 36354K->3564K(37568K), 0.0050930 secs] 337246K->316569K(854844K), 0.0051340 secs] [Times: user=0.04 sys=0.00, real=0.00 secs] 
128.672: Total time for which application threads were stopped: 0.0052670 seconds, Stopping threads took: 0.0000590 seconds
128.821: Application time: 0.1488710 seconds
128.822: [GC128.822: [ParNew: 36356K->3564K(37568K), 0.0047710 secs] 349361K->327257K(854844K), 0.0048130 secs] [Times: user=0.04 sys=0.00, real=0.01 secs] 
128.826: Total time for which application threads were stopped: 0.0050020 seconds, Stopping threads took: 0.0001160 seconds
128.975: Application time: 0.1488830 seconds
128.975: [GC128.975: [ParNew: 36373K->3574K(37568K), 0.0052860 secs] 360066K->340092K(854844K), 0.0053300 secs] [Times: user=0.04 sys=0.00, real=0.00 secs] 
128.981: Total time for which application threads were stopped: 0.0054540 seconds, Stopping threads took: 0.0000520 seconds
129.118: Application time: 0.1376970 seconds
129.119: [GC129.119: [ParNew: 36392K->3578K(37568K), 0.0049680 secs] 372910K->352211K(854844K), 0.0050090 secs] [Times: user=0.04 sys=0.00, real=0.01 secs] 
129.124: Total time for which application threads were stopped: 0.0051750 seconds, Stopping threads took: 0.0000840 seconds
129.232: Application time: 0.1079540 seconds
129.232: [GC129.232: [ParNew: 36388K->3574K(37568K), 0.0059450 secs] 385020K->365747K(854844K), 0.0059910 secs] [Times: user=0.04 sys=0.00, real=0.01 secs] 
129.238: Total time for which application threads were stopped: 0.0062010 seconds, Stopping threads took: 0.0001250 seconds
129.360: Application time: 0.1219230 seconds
129.360: [GC129.360: [ParNew: 36375K->3568K(37568K), 0.0051220 secs] 398549K->377856K(854844K), 0.0051650 secs] [Times: user=0.04 sys=0.00, real=0.01 secs] 
129.365: Total time for which application threads were stopped: 0.0053280 seconds, Stopping threads took: 0.0000890 seconds
129.470: Application time: 0.1049970 seconds
129.470: [GC129.470: [ParNew: 36361K->3562K(37568K), 0.0051330 secs] 410649K->389964K(854844K), 0.0051730 secs] [Times: user=0.04 sys=0.00, real=0.01 secs] 
129.475: Total time for which application threads were stopped: 0.0053210 seconds, Stopping threads took: 0.0000760 seconds
129.599: Application time: 0.1233070 seconds
129.599: [GC129.599: [ParNew: 36356K->3562K(37568K), 0.0054620 secs] 422758K->402790K(854844K), 0.0055030 secs] [Times: user=0.04 sys=0.00, real=0.01 secs] 
129.604: Total time for which application threads were stopped: 0.0056500 seconds, Stopping threads took: 0.0000740 seconds
129.744: Application time: 0.1402040 seconds
129.745: [GC129.745: [ParNew: 36356K->3562K(37568K), 0.0049880 secs] 435584K->414904K(854844K), 0.0050320 secs] [Times: user=0.04 sys=0.00, real=0.00 secs] 
129.750: Total time for which application threads were stopped: 0.0051770 seconds, Stopping threads took: 0.0000700 seconds
129.829: Application time: 0.0793640 seconds
129.829: [GC129.829: [ParNew: 36373K->3574K(37568K), 0.0056020 secs] 447715K->427742K(854844K), 0.0056540 secs] [Times: user=0.04 sys=0.01, real=0.01 secs] 
129.835: Total time for which application threads were stopped: 0.0057980 seconds, Stopping threads took: 0.0000730 seconds
129.943: Application time: 0.1086580 seconds
129.944: [GC129.944: [ParNew: 36369K->3564K(37568K), 0.0051250 secs] 460537K->439848K(854844K), 0.0051800 secs] [Times: user=0.04 sys=0.00, real=0.00 secs] 
129.949: Total time for which application threads were stopped: 0.0053310 seconds, Stopping threads took: 0.0000760 seconds
130.061: Application time: 0.1121090 seconds
130.061: [GC130.061: [ParNew: 36368K->3573K(37568K), 0.0056010 secs] 472651K->453395K(854844K), 0.0056430 secs] [Times: user=0.04 sys=0.00, real=0.01 secs] 
130.067: Total time for which application threads were stopped: 0.0057840 seconds, Stopping threads took: 0.0000710 seconds
130.186: Application time: 0.1197430 seconds
130.187: [GC130.187: [ParNew: 36400K->3579K(37568K), 0.0057780 secs] 486223K->467654K(854844K), 0.0058230 secs] [Times: user=0.04 sys=0.00, real=0.00 secs] 
130.192: Total time for which application threads were stopped: 0.0059550 seconds, Stopping threads took: 0.0000590 seconds
130.292: Application time: 0.0997910 seconds
130.292: [GC130.292: [ParNew: 36382K->3568K(37568K), 0.0056970 secs] 500458K->481186K(854844K), 0.0057430 secs] [Times: user=0.04 sys=0.00, real=0.01 secs] 
130.298: Total time for which application threads were stopped: 0.0059180 seconds, Stopping threads took: 0.0000940 seconds
130.427: Application time: 0.1293410 seconds
130.428: [GC130.428: [ParNew: 36363K->3564K(37568K), 0.0050540 secs] 513981K->493297K(854844K), 0.0050950 secs] [Times: user=0.04 sys=0.00, real=0.00 secs] 
130.433: Total time for which application threads were stopped: 0.0052400 seconds, Stopping threads took: 0.0000750 seconds
130.519: Application time: 0.0863580 seconds
130.519: [GC130.519: [ParNew: 36359K->3562K(37568K), 0.0054020 secs] 526092K->506121K(854844K), 0.0054460 secs] [Times: user=0.04 sys=0.00, real=0.01 secs] 
130.525: Total time for which application threads were stopped: 0.0056080 seconds, Stopping threads took: 0.0000870 seconds
130.631: Application time: 0.1059340 seconds
130.631: [GC130.631: [ParNew: 36357K->3564K(37568K), 0.0051420 secs] 538916K->518237K(854844K), 0.0051940 secs] [Times: user=0.03 sys=0.00, real=0.01 secs] 
130.636: Total time for which application threads were stopped: 0.0053650 seconds, Stopping threads took: 0.0000970 seconds
130.755: Application time: 0.1190190 seconds
130.755: [GC130.755: [ParNew: 36365K->3568K(37568K), 0.0053620 secs] 551038K->531067K(854844K), 0.0054090 secs] [Times: user=0.04 sys=0.00, real=0.00 secs] 
130.761: Total time for which application threads were stopped: 0.0055410 seconds, Stopping threads took: 0.0000600 seconds
130.857: Application time: 0.0968570 seconds
130.858: [GC130.858: [ParNew: 36371K->3568K(37568K), 0.0055350 secs] 563869K->544607K(854844K), 0.0055780 secs] [Times: user=0.05 sys=0.00, real=0.01 secs] 
130.863: Total time for which application threads were stopped: 0.0057350 seconds, Stopping threads took: 0.0000770 seconds
130.924: Application time: 0.0611990 seconds
130.925: [GC130.925: [ParNew: 36392K->3604K(37568K), 0.0039300 secs] 577430K->551769K(854844K), 0.0039770 secs] [Times: user=0.03 sys=0.00, real=0.00 secs] 
130.929: Total time for which application threads were stopped: 0.0042970 seconds, Stopping threads took: 0.0002430 seconds
130.939: Application time: 0.0098940 seconds
130.939: [GC130.939: [ParNew: 36397K->3570K(37568K), 0.0035360 secs] 584561K->557464K(854844K), 0.0035810 secs] [Times: user=0.02 sys=0.01, real=0.00 secs] 
130.942: Total time for which application threads were stopped: 0.0038030 seconds, Stopping threads took: 0.0001490 seconds
130.957: Application time: 0.0142220 seconds
130.957: [GC130.957: [ParNew: 36362K->3572K(37568K), 0.0030540 secs] 590256K->561029K(854844K), 0.0030990 secs] [Times: user=0.03 sys=0.00, real=0.00 secs] 
130.960: Total time for which application threads were stopped: 0.0032530 seconds, Stopping threads took: 0.0000760 seconds
130.970: Application time: 0.0102060 seconds
130.970: [GC130.970: [ParNew: 36365K->1435K(37568K), 0.0022130 secs] 593821K->561741K(854844K), 0.0022550 secs] [Times: user=0.02 sys=0.00, real=0.00 secs] 
130.972: Total time for which application threads were stopped: 0.0024430 seconds, Stopping threads took: 0.0001040 seconds
131.030: Application time: 0.0577670 seconds
131.030: [GC131.030: [ParNew: 34236K->3613K(37568K), 0.0044620 secs] 594542K->573183K(854844K), 0.0045060 secs] [Times: user=0.03 sys=0.00, real=0.01 secs] 
131.035: Total time for which application threads were stopped: 0.0046730 seconds, Stopping threads took: 0.0000950 seconds
131.051: Application time: 0.0164060 seconds
131.051: [GC131.051: [ParNew: 36432K->3570K(37568K), 0.0032200 secs] 606001K->577444K(854844K), 0.0032630 secs] [Times: user=0.03 sys=0.00, real=0.00 secs] 
131.055: Total time for which application threads were stopped: 0.0034110 seconds, Stopping threads took: 0.0000750 seconds
131.066: Application time: 0.0114810 seconds
131.066: [GC131.066: [ParNew: 36358K->3572K(37568K), 0.0024190 secs] 610233K->578871K(854844K), 0.0024610 secs] [Times: user=0.02 sys=0.00, real=0.00 secs] 
131.069: Total time for which application threads were stopped: 0.0026480 seconds, Stopping threads took: 0.0001140 seconds
131.082: Application time: 0.0129870 seconds
131.082: [GC131.082: [ParNew: 36813K->1472K(37568K), 0.0021640 secs] 612113K->579621K(854844K), 0.0022060 secs] [Times: user=0.01 sys=0.00, real=0.01 secs] 
131.084: Total time for which application threads were stopped: 0.0023670 seconds, Stopping threads took: 0.0000890 seconds
131.093: Application time: 0.0091270 seconds
131.093: [GC131.094: [ParNew: 34341K->1505K(37568K), 0.0011660 secs] 612490K->579655K(854844K), 0.0012040 secs] [Times: user=0.00 sys=0.00, real=0.00 secs] 
131.095: Total time for which application threads were stopped: 0.0013490 seconds, Stopping threads took: 0.0000750 seconds
131.107: Application time: 0.0122840 seconds
131.107: [GC131.107: [ParNew: 34547K->3634K(37568K), 0.0035250 secs] 612697K->587484K(854844K), 0.0035670 secs] [Times: user=0.03 sys=0.00, real=0.00 secs] 
131.111: Total time for which application threads were stopped: 0.0037440 seconds, Stopping threads took: 0.0001020 seconds
131.120: Application time: 0.0094110 seconds
131.120: [GC131.120: [ParNew: 36422K->3572K(37568K), 0.0025070 secs] 620272K->589618K(854844K), 0.0025520 secs] [Times: user=0.02 sys=0.00, real=0.01 secs] 
131.123: Total time for which application threads were stopped: 0.0027020 seconds, Stopping threads took: 0.0000750 seconds
131.131: Application time: 0.0078340 seconds
131.131: [GC131.131: [ParNew: 36294K->3612K(37568K), 0.0026130 secs] 622340K->592508K(854844K), 0.0026570 secs] [Times: user=0.02 sys=0.00, real=0.00 secs] 
131.134: Total time for which application threads were stopped: 0.0029790 seconds, Stopping threads took: 0.0002490 seconds
131.141: Application time: 0.0075500 seconds
131.141: [GC131.141: [ParNew: 36504K->2862K(37568K), 0.0026850 secs] 625400K->594639K(854844K), 0.0027280 secs] [Times: user=0.02 sys=0.00, real=0.01 secs] 
131.144: Total time for which application threads were stopped: 0.0029210 seconds, Stopping threads took: 0.0001190 seconds
131.154: Application time: 0.0097550 seconds
131.154: [GC131.154: [ParNew: 35653K->3573K(37568K), 0.0023420 secs] 627430K->596775K(854844K), 0.0023850 secs] [Times: user=0.02 sys=0.00, real=0.01 secs] 
131.157: Total time for which application threads were stopped: 0.0026000 seconds, Stopping threads took: 0.0001390 seconds
131.165: Application time: 0.0083690 seconds
131.165: [GC131.165: [ParNew: 36364K->3568K(37568K), 0.0020790 secs] 629566K->597485K(854844K), 0.0021190 secs] [Times: user=0.01 sys=0.00, real=0.00 secs] 
131.167: Total time for which application threads were stopped: 0.0022890 seconds, Stopping threads took: 0.0000980 seconds
131.174: Application time: 0.0069360 seconds
131.174: [GC131.174: [ParNew: 36360K->2864K(37568K), 0.0024930 secs] 630277K->599631K(854844K), 0.0025390 secs] [Times: user=0.02 sys=0.00, real=0.01 secs] 
131.177: Total time for which application threads were stopped: 0.0027640 seconds, Stopping threads took: 0.0001490 seconds
131.184: Application time: 0.0068580 seconds
131.184: [GC131.184: [ParNew: 35650K->3562K(37568K), 0.0020700 secs] 632417K->601043K(854844K), 0.0021200 secs] [Times: user=0.02 sys=0.00, real=0.00 secs] 
131.186: Total time for which application threads were stopped: 0.0024690 seconds, Stopping threads took: 0.0002720 seconds
131.194: Application time: 0.0079750 seconds
131.194: [GC131.194: [ParNew: 36373K->3576K(37568K), 0.0026910 secs] 633854K->603907K(854844K), 0.0027340 secs] [Times: user=0.02 sys=0.00, real=0.01 secs] 
131.197: Total time for which application threads were stopped: 0.0029120 seconds, Stopping threads took: 0.0001110 seconds
131.205: Application time: 0.0083050 seconds
131.206: [GC131.206: [ParNew: 36366K->2858K(37568K), 0.0021890 secs] 636697K->605328K(854844K), 0.0022310 secs] [Times: user=0.02 sys=0.00, real=0.00 secs] 
131.208: Total time for which application threads were stopped: 0.0024030 seconds, Stopping threads took: 0.0000990 seconds
131.222: Application time: 0.0144270 seconds
131.222: [GC131.222: [ParNew: 35652K->3571K(37568K), 0.0026090 secs] 638122K->608180K(854844K), 0.0026500 secs] [Times: user=0.02 sys=0.00, real=0.01 secs] 
131.225: Total time for which application threads were stopped: 0.0028140 seconds, Stopping threads took: 0.0000890 seconds
131.247: Application time: 0.0215980 seconds
131.247: [GC131.247: [ParNew: 36393K->3604K(37568K), 0.0025880 secs] 641002K->611063K(854844K), 0.0026320 secs] [Times: user=0.02 sys=0.00, real=0.00 secs] 
131.249: Total time for which application threads were stopped: 0.0027520 seconds, Stopping threads took: 0.0000560 seconds
131.266: Application time: 0.0161040 seconds
131.266: [GC131.266: [ParNew: 36399K->3570K(37568K), 0.0032050 secs] 643858K->615334K(854844K), 0.0032480 secs] [Times: user=0.02 sys=0.00, real=0.00 secs] 
131.269: Total time for which application threads were stopped: 0.0034100 seconds, Stopping threads took: 0.0000890 seconds
131.281: Application time: 0.0116020 seconds
131.281: [GC131.281: [ParNew: 36358K->3572K(37568K), 0.0025340 secs] 648122K->616761K(854844K), 0.0025770 secs] [Times: user=0.02 sys=0.00, real=0.01 secs] 
131.283: Total time for which application threads were stopped: 0.0027200 seconds, Stopping threads took: 0.0000680 seconds
131.296: Application time: 0.0128890 seconds
131.296: [GC131.296: [ParNew: 36365K->3570K(37568K), 0.0034210 secs] 649554K->621747K(854844K), 0.0034670 secs] [Times: user=0.03 sys=0.00, real=0.00 secs] 
131.300: Total time for which application threads were stopped: 0.0036260 seconds, Stopping threads took: 0.0000820 seconds
131.307: Application time: 0.0076550 seconds
131.308: [GC131.308: [ParNew: 36356K->2850K(37568K), 0.0025450 secs] 654533K->623877K(854844K), 0.0025870 secs] [Times: user=0.02 sys=0.00, real=0.00 secs] 
131.310: Total time for which application threads were stopped: 0.0027610 seconds, Stopping threads took: 0.0000970 seconds
131.439: Application time: 0.1290380 seconds
131.439: [GC131.439: [ParNew: 35651K->3572K(37568K), 0.0055030 secs] 656679K->638138K(854844K), 0.0055440 secs] [Times: user=0.04 sys=0.00, real=0.01 secs] 
131.445: Total time for which application threads were stopped: 0.0056870 seconds, Stopping threads took: 0.0000590 seconds
131.589: Application time: 0.1443080 seconds
131.589: [GC131.589: [ParNew: 36364K->3562K(37568K), 0.0051820 secs] 670930K->650242K(854844K), 0.0052260 secs] [Times: user=0.04 sys=0.00, real=0.00 secs] 
131.595: Total time for which application threads were stopped: 0.0054070 seconds, Stopping threads took: 0.0001080 seconds
131.735: Application time: 0.1408400 seconds
131.736: [GC131.736: [ParNew: 36354K->3564K(37568K), 0.0050740 secs] 683034K->662356K(854844K), 0.0051160 secs] [Times: user=0.04 sys=0.00, real=0.00 secs] 
131.741: Total time for which application threads were stopped: 0.0052610 seconds, Stopping threads took: 0.0000720 seconds
131.813: Application time: 0.0719270 seconds
131.813: [GC131.813: [ParNew: 36392K->3604K(37568K), 0.0048730 secs] 695184K->673084K(854844K), 0.0049170 secs] [Times: user=0.04 sys=0.00, real=0.01 secs] 
131.818: Total time for which application threads were stopped: 0.0050760 seconds, Stopping threads took: 0.0000750 seconds
131.828: Application time: 0.0105190 seconds
131.828: [GC131.828: [ParNew: 36394K->3570K(37568K), 0.0035730 secs] 705874K->678779K(854844K), 0.0036160 secs] [Times: user=0.03 sys=0.00, real=0.00 secs] 
131.832: Total time for which application threads were stopped: 0.0037870 seconds, Stopping threads took: 0.0000950 seconds
131.846: Application time: 0.0142190 seconds
131.846: [GC131.846: [ParNew: 36360K->2149K(37568K), 0.0020420 secs] 711569K->679496K(854844K), 0.0020810 secs] [Times: user=0.02 sys=0.00, real=0.00 secs] 
131.849: Total time for which application threads were stopped: 0.0022890 seconds, Stopping threads took: 0.0001370 seconds
131.858: Application time: 0.0095990 seconds
131.858: [GC131.858: [ParNew: 34948K->3611K(37568K), 0.0025760 secs] 712295K->683808K(854844K), 0.0026180 secs] [Times: user=0.02 sys=0.00, real=0.00 secs] 
131.861: Total time for which application threads were stopped: 0.0027900 seconds, Stopping threads took: 0.0001000 seconds
131.870: Application time: 0.0089990 seconds
131.870: [GC131.870: [ParNew: 36435K->3574K(37568K), 0.0027080 secs] 716632K->686649K(854844K), 0.0027510 secs] [Times: user=0.02 sys=0.00, real=0.00 secs] 
131.873: Total time for which application threads were stopped: 0.0029080 seconds, Stopping threads took: 0.0000840 seconds
131.886: Application time: 0.0126360 seconds
131.886: [GC131.886: [ParNew: 36360K->3566K(37568K), 0.0026470 secs] 719435K->688780K(854844K), 0.0026900 secs] [Times: user=0.02 sys=0.00, real=0.00 secs] 
131.888: Total time for which application threads were stopped: 0.0028880 seconds, Stopping threads took: 0.0001220 seconds
131.903: Application time: 0.0145060 seconds
131.903: [GC131.903: [ParNew: 36354K->1437K(37568K), 0.0019360 secs] 721568K->688788K(854844K), 0.0019740 secs] [Times: user=0.01 sys=0.00, real=0.00 secs] 
131.905: Total time for which application threads were stopped: 0.0021200 seconds, Stopping threads took: 0.0000710 seconds
131.915: Application time: 0.0095880 seconds
131.915: [GC131.915: [ParNew: 34234K->3572K(37568K), 0.0028920 secs] 721586K->694486K(854844K), 0.0029360 secs] [Times: user=0.01 sys=0.00, real=0.01 secs] 
131.918: Total time for which application threads were stopped: 0.0030850 seconds, Stopping threads took: 0.0000760 seconds
131.989: Application time: 0.0713370 seconds
131.989: [GC131.989: [ParNew: 36374K->3570K(37568K), 0.0050640 secs] 727288K->706597K(854844K), 0.0051060 secs] [Times: user=0.03 sys=0.00, real=0.00 secs] 
131.994: Total time for which application threads were stopped: 0.0052510 seconds, Stopping threads took: 0.0000580 seconds
132.134: Application time: 0.1401730 seconds
132.135: [GC132.135: [ParNew: 36383K->3572K(37568K), 0.0054720 secs] 739410K->720138K(854844K), 0.0055170 secs] [Times: user=0.03 sys=0.00, real=0.01 secs] 
132.140: Total time for which application threads were stopped: 0.0056630 seconds, Stopping threads took: 0.0000730 seconds
132.292: Application time: 0.1516390 seconds
132.292: [GC132.292: [ParNew: 36383K->3570K(37568K), 0.0055050 secs] 752949K->733676K(854844K), 0.0055470 secs] [Times: user=0.04 sys=0.00, real=0.01 secs] 
132.297: Total time for which application threads were stopped: 0.0056820 seconds, Stopping threads took: 0.0000630 seconds
132.435: Application time: 0.1372140 seconds
132.435: [GC132.435: [ParNew: 36362K->3562K(37568K), 0.0051370 secs] 766468K->745783K(854844K), 0.0051860 secs] [Times: user=0.03 sys=0.01, real=0.01 secs] 
132.440: Total time for which application threads were stopped: 0.0053170 seconds, Stopping threads took: 0.0000590 seconds
132.568: Application time: 0.1282420 seconds
132.568: [GC132.568: [ParNew: 36354K->3562K(37568K), 0.0055740 secs] 778575K->758609K(854844K), 0.0056160 secs] [Times: user=0.04 sys=0.00, real=0.00 secs] 
132.574: Total time for which application threads were stopped: 0.0057610 seconds, Stopping threads took: 0.0000610 seconds
132.574: Application time: 0.0000610 seconds
132.574: [GC [1 CMS-initial-mark: 755046K(817276K)] 759321K(854844K), 0.0001400 secs] [Times: user=0.00 sys=0.00, real=0.00 secs] 
132.574: Total time for which application threads were stopped: 0.0002680 seconds, Stopping threads took: 0.0001040 seconds
132.574: [CMS-concurrent-mark-start]
132.584: [CMS-concurrent-mark: 0.010/0.010 secs] [Times: user=0.07 sys=0.00, real=0.02 secs] 
132.584: [CMS-concurrent-preclean-start]
132.585: [CMS-concurrent-preclean: 0.001/0.001 secs] [Times: user=0.00 sys=0.00, real=0.00 secs] 
132.585: Application time: 0.0109910 seconds
132.587: [GC[YG occupancy: 4275 K (37568 K)]132.587: [Rescan (parallel) , 0.0003250 secs]132.587: [weak refs processing, 0.0000060 secs]132.587: [scrub string table, 0.0001120 secs] [1 CMS-remark: 755046K(817276K)] 759321K(854844K), 0.0004660 secs] [Times: user=0.00 sys=0.00, real=0.00 secs] 
132.587: Total time for which application threads were stopped: 0.0020570 seconds, Stopping threads took: 0.0015620 seconds
132.587: [CMS-concurrent-sweep-start]
132.589: [CMS-concurrent-sweep: 0.002/0.002 secs] [Times: user=0.00 sys=0.00, real=0.00 secs] 
132.589: [CMS-concurrent-reset-start]
132.590: [CMS-concurrent-reset: 0.001/0.001 secs] [Times: user=0.01 sys=0.00, real=0.00 secs] 
132.740: Application time: 0.1524320 seconds
132.740: [GC132.740: [ParNew: 36354K->3564K(37568K), 0.0050620 secs] 62663K->41985K(854844K), 0.0051050 secs] [Times: user=0.04 sys=0.00, real=0.01 secs] 
132.745: Total time for which application threads were stopped: 0.0052350 seconds, Stopping threads took: 0.0000580 seconds
132.878: Application time: 0.1331880 seconds
132.878: [GC132.878: [ParNew: 36371K->3568K(37568K), 0.0053370 secs] 74792K->54815K(854844K), 0.0053790 secs] [Times: user=0.04 sys=0.00, real=0.01 secs] 
132.884: Total time for which application threads were stopped: 0.0055090 seconds, Stopping threads took: 0.0000600 seconds
133.017: Application time: 0.1335420 seconds
133.017: [GC133.017: [ParNew: 36377K->3576K(37568K), 0.0052160 secs] 87623K->66937K(854844K), 0.0052580 secs] [Times: user=0.04 sys=0.00, real=0.00 secs] 
133.023: Total time for which application threads were stopped: 0.0054100 seconds, Stopping threads took: 0.0000810 seconds
133.145: Application time: 0.1225070 seconds
133.145: [GC133.145: [ParNew: 36386K->3572K(37568K), 0.0052830 secs] 99747K->79048K(854844K), 0.0053250 secs] [Times: user=0.03 sys=0.00, real=0.00 secs] 
133.151: Total time for which application threads were stopped: 0.0054940 seconds, Stopping threads took: 0.0000870 seconds
133.266: Application time: 0.1156810 seconds
133.267: [GC133.267: [ParNew: 36382K->3576K(37568K), 0.0056060 secs] 111857K->92592K(854844K), 0.0056510 secs] [Times: user=0.05 sys=0.00, real=0.00 secs] 
133.272: Total time for which application threads were stopped: 0.0057950 seconds, Stopping threads took: 0.0000730 seconds
133.398: Application time: 0.1254440 seconds
133.398: [GC133.398: [ParNew: 36369K->3564K(37568K), 0.0050490 secs] 125385K->104695K(854844K), 0.0050940 secs] [Times: user=0.04 sys=0.00, real=0.01 secs] 
133.403: Total time for which application threads were stopped: 0.0052690 seconds, Stopping threads took: 0.0001020 seconds
133.526: Application time: 0.1229460 seconds
133.526: [GC133.526: [ParNew: 36357K->3564K(37568K), 0.0050120 secs] 137488K->116808K(854844K), 0.0050550 secs] [Times: user=0.03 sys=0.01, real=0.00 secs] 
133.531: Total time for which application threads were stopped: 0.0052290 seconds, Stopping threads took: 0.0000970 seconds
133.623: Application time: 0.0914670 seconds
133.623: [GC133.623: [ParNew: 36358K->3562K(37568K), 0.0053370 secs] 149602K->129632K(854844K), 0.0053810 secs] [Times: user=0.03 sys=0.00, real=0.01 secs] 
133.628: Total time for which application threads were stopped: 0.0055250 seconds, Stopping threads took: 0.0000730 seconds
133.758: Application time: 0.1303620 seconds
133.759: [GC133.759: [ParNew: 36365K->3574K(37568K), 0.0045740 secs] 162435K->140333K(854844K), 0.0046150 secs] [Times: user=0.04 sys=0.00, real=0.01 secs] 
133.763: Total time for which application threads were stopped: 0.0048010 seconds, Stopping threads took: 0.0001100 seconds
133.859: Application time: 0.0958100 seconds
133.859: [GC133.859: [ParNew: 36377K->3572K(37568K), 0.0053900 secs] 173136K->153158K(854844K), 0.0054410 secs] [Times: user=0.04 sys=0.00, real=0.01 secs] 
133.865: Total time for which application threads were stopped: 0.0056050 seconds, Stopping threads took: 0.0001000 seconds
133.989: Application time: 0.1244030 seconds
133.989: [GC133.989: [ParNew: 36382K->3575K(37568K), 0.0053060 secs] 185968K->165988K(854844K), 0.0053510 secs] [Times: user=0.04 sys=0.00, real=0.00 secs] 
133.995: Total time for which application threads were stopped: 0.0055030 seconds, Stopping threads took: 0.0000810 seconds
134.092: Application time: 0.0977360 seconds
134.092: [GC134.092: [ParNew: 36376K->3569K(37568K), 0.0054060 secs] 198789K->178810K(854844K), 0.0054480 secs] [Times: user=0.04 sys=0.00, real=0.01 secs] 
134.098: Total time for which application threads were stopped: 0.0056070 seconds, Stopping threads took: 0.0000870 seconds
134.200: Application time: 0.1022800 seconds
134.200: [GC134.200: [ParNew: 36385K->3573K(37568K), 0.0053060 secs] 211627K->191641K(854844K), 0.0053490 secs] [Times: user=0.04 sys=0.00, real=0.01 secs] 
134.206: Total time for which application threads were stopped: 0.0055040 seconds, Stopping threads took: 0.0000840 seconds
134.318: Application time: 0.1126840 seconds
134.319: [GC134.319: [ParNew: 36367K->3562K(37568K), 0.0051470 secs] 224436K->203748K(854844K), 0.0051940 secs] [Times: user=0.04 sys=0.00, real=0.01 secs] 
134.324: Total time for which application threads were stopped: 0.0053650 seconds, Stopping threads took: 0.0000890 seconds
134.438: Application time: 0.1144820 seconds
134.438: [GC134.438: [ParNew: 36357K->3562K(37568K), 0.0052990 secs] 236542K->215861K(854844K), 0.0053370 secs] [Times: user=0.03 sys=0.00, real=0.01 secs] 
134.444: Total time for which application threads were stopped: 0.0054900 seconds, Stopping threads took: 0.0000800 seconds
134.545: Application time: 0.1007890 seconds
134.545: [GC134.545: [ParNew: 36357K->3562K(37568K), 0.0051130 secs] 248656K->227975K(854844K), 0.0051580 secs] [Times: user=0.04 sys=0.00, real=0.00 secs] 
134.550: Total time for which application threads were stopped: 0.0053320 seconds, Stopping threads took: 0.0001000 seconds
134.655: Application time: 0.1047830 seconds
134.655: [GC134.655: [ParNew: 36365K->3570K(37568K), 0.0052750 secs] 260778K->240097K(854844K), 0.0053260 secs] [Times: user=0.04 sys=0.00, real=0.01 secs] 
134.660: Total time for which application threads were stopped: 0.0054760 seconds, Stopping threads took: 0.0000760 seconds
134.773: Application time: 0.1131630 seconds
134.773: [GC134.773: [ParNew: 36373K->3574K(37568K), 0.0054730 secs] 272899K->252927K(854844K), 0.0055140 secs] [Times: user=0.03 sys=0.01, real=0.01 secs] 
134.779: Total time for which application threads were stopped: 0.0056480 seconds, Stopping threads took: 0.0000620 seconds
134.868: Application time: 0.0890720 seconds
134.868: [GC134.868: [ParNew: 36428K->3634K(37568K), 0.0047220 secs] 285781K->263677K(854844K), 0.0047670 secs] [Times: user=0.04 sys=0.00, real=0.00 secs] 
134.873: Total time for which application threads were stopped: 0.0049110 seconds, Stopping threads took: 0.0000600 seconds
134.882: Application time: 0.0089500 seconds
134.883: [GC134.883: [ParNew: 36424K->3570K(37568K), 0.0030170 secs] 296467K->267233K(854844K), 0.0030620 secs] [Times: user=0.02 sys=0.00, real=0.01 secs] 
134.886: Total time for which application threads were stopped: 0.0037300 seconds, Stopping threads took: 0.0005720 seconds
134.894: Application time: 0.0086830 seconds
134.895: [GC134.895: [ParNew: 36362K->2862K(37568K), 0.0020610 secs] 300025K->267950K(854844K), 0.0021020 secs] [Times: user=0.02 sys=0.00, real=0.01 secs] 
134.897: Total time for which application threads were stopped: 0.0023440 seconds, Stopping threads took: 0.0001680 seconds
134.904: Application time: 0.0069140 seconds
134.904: [GC134.904: [ParNew: 35646K->3562K(37568K), 0.0030360 secs] 300734K->272927K(854844K), 0.0030860 secs] [Times: user=0.02 sys=0.01, real=0.00 secs] 
134.907: Total time for which application threads were stopped: 0.0033930 seconds, Stopping threads took: 0.0002330 seconds
134.916: Application time: 0.0095010 seconds
134.917: [GC134.917: [ParNew: 36359K->2864K(37568K), 0.0024570 secs] 305724K->274366K(854844K), 0.0025040 secs] [Times: user=0.01 sys=0.00, real=0.00 secs] 
134.919: Total time for which application threads were stopped: 0.0029710 seconds, Stopping threads took: 0.0003900 seconds
134.929: Application time: 0.0098810 seconds
134.929: [GC134.929: [ParNew: 35650K->3567K(37568K), 0.0025580 secs] 307153K->276496K(854844K), 0.0026020 secs] [Times: user=0.02 sys=0.00, real=0.00 secs] 
134.932: Total time for which application threads were stopped: 0.0027470 seconds, Stopping threads took: 0.0000670 seconds
134.940: Application time: 0.0083900 seconds
134.941: [GC134.941: [ParNew: 36368K->3573K(37568K), 0.0029950 secs] 309297K->280065K(854844K), 0.0030400 secs] [Times: user=0.02 sys=0.00, real=0.01 secs] 
134.944: Total time for which application threads were stopped: 0.0032000 seconds, Stopping threads took: 0.0000860 seconds
134.951: Application time: 0.0069180 seconds
134.951: [GC134.951: [ParNew: 36359K->3562K(37568K), 0.0029440 secs] 312851K->283619K(854844K), 0.0029890 secs] [Times: user=0.02 sys=0.00, real=0.00 secs] 
134.954: Total time for which application threads were stopped: 0.0031300 seconds, Stopping threads took: 0.0000610 seconds
134.979: Application time: 0.0254180 seconds
134.979: [GC134.979: [ParNew: 36395K->3604K(37568K), 0.0025060 secs] 316452K->286511K(854844K), 0.0025450 secs] [Times: user=0.02 sys=0.00, real=0.00 secs] 
134.982: Total time for which application threads were stopped: 0.0027180 seconds, Stopping threads took: 0.0001010 seconds
134.996: Application time: 0.0145280 seconds
134.996: [GC134.997: [ParNew: 36390K->3566K(37568K), 0.0028170 secs] 319297K->289354K(854844K), 0.0028600 secs] [Times: user=0.02 sys=0.00, real=0.00 secs] 
134.999: Total time for which application threads were stopped: 0.0030220 seconds, Stopping threads took: 0.0000880 seconds
135.011: Application time: 0.0114210 seconds
135.011: [GC135.011: [ParNew: 36355K->3572K(37568K), 0.0027300 secs] 322142K->292210K(854844K), 0.0027740 secs] [Times: user=0.02 sys=0.00, real=0.00 secs] 
135.014: Total time for which application threads were stopped: 0.0029750 seconds, Stopping threads took: 0.0001340 seconds
135.027: Application time: 0.0131230 seconds
135.027: [GC135.027: [ParNew: 36364K->3569K(37568K), 0.0025120 secs] 325002K->294344K(854844K), 0.0025550 secs] [Times: user=0.01 sys=0.00, real=0.00 secs] 
135.030: Total time for which application threads were stopped: 0.0027350 seconds, Stopping threads took: 0.0001050 seconds
135.039: Application time: 0.0095360 seconds
135.039: [GC135.039: [ParNew: 36362K->2856K(37568K), 0.0022410 secs] 327138K->295769K(854844K), 0.0022780 secs] [Times: user=0.02 sys=0.00, real=0.00 secs] 
135.042: Total time for which application threads were stopped: 0.0024270 seconds, Stopping threads took: 0.0000760 seconds
135.122: Application time: 0.0807530 seconds
135.122: [GC135.123: [ParNew: 35684K->3598K(37568K), 0.0042580 secs] 328597K->305775K(854844K), 0.0043100 secs] [Times: user=0.03 sys=0.00, real=0.01 secs] 
135.127: Total time for which application threads were stopped: 0.0044500 seconds, Stopping threads took: 0.0000670 seconds
135.140: Application time: 0.0127600 seconds
135.140: [GC135.140: [ParNew: 36388K->3568K(37568K), 0.0034000 secs] 338565K->310762K(854844K), 0.0034460 secs] [Times: user=0.02 sys=0.00, real=0.01 secs] 
135.143: Total time for which application threads were stopped: 0.0036030 seconds, Stopping threads took: 0.0000810 seconds
135.157: Application time: 0.0133510 seconds
135.157: [GC135.157: [ParNew: 36355K->1437K(37568K), 0.0019580 secs] 343549K->310768K(854844K), 0.0019980 secs] [Times: user=0.01 sys=0.00, real=0.00 secs] 
135.159: Total time for which application threads were stopped: 0.0021590 seconds, Stopping threads took: 0.0000860 seconds
135.170: Application time: 0.0109880 seconds
135.170: [GC135.170: [ParNew: 34718K->3608K(37568K), 0.0020410 secs] 344049K->313652K(854844K), 0.0020880 secs] [Times: user=0.02 sys=0.00, real=0.00 secs] 
135.172: Total time for which application threads were stopped: 0.0022730 seconds, Stopping threads took: 0.0001130 seconds
135.183: Application time: 0.0106090 seconds
135.183: [GC135.183: [ParNew: 36583K->3613K(37568K), 0.0026940 secs] 346627K->316536K(854844K), 0.0027420 secs] [Times: user=0.02 sys=0.00, real=0.01 secs] 
135.185: Total time for which application threads were stopped: 0.0029100 seconds, Stopping threads took: 0.0000850 seconds
135.196: Application time: 0.0107010 seconds
135.197: [GC135.197: [ParNew: 36505K->2141K(37568K), 0.0021590 secs] 349428K->317231K(854844K), 0.0022020 secs] [Times: user=0.02 sys=0.00, real=0.00 secs] 
135.199: Total time for which application threads were stopped: 0.0029890 seconds, Stopping threads took: 0.0007120 seconds
135.207: Application time: 0.0078290 seconds
135.207: [GC135.207: [ParNew: 34929K->2147K(37568K), 0.0016960 secs] 350019K->317951K(854844K), 0.0017350 secs] [Times: user=0.01 sys=0.00, real=0.00 secs] 
135.209: Total time for which application threads were stopped: 0.0018950 seconds, Stopping threads took: 0.0000880 seconds
135.217: Application time: 0.0077220 seconds
135.217: [GC135.217: [ParNew: 34946K->3574K(37568K), 0.0031580 secs] 350749K->323653K(854844K), 0.0032010 secs] [Times: user=0.02 sys=0.00, real=0.00 secs] 
135.220: Total time for which application threads were stopped: 0.0034090 seconds, Stopping threads took: 0.0001340 seconds
135.228: Application time: 0.0080710 seconds
135.229: [GC135.229: [ParNew: 36368K->3574K(37568K), 0.0049800 secs] 356447K->329354K(854844K), 0.0050200 secs] [Times: user=0.03 sys=0.00, real=0.00 secs] 
135.234: Total time for which application threads were stopped: 0.0057620 seconds, Stopping threads took: 0.0006680 seconds
135.243: Application time: 0.0087410 seconds
135.243: [GC135.243: [ParNew: 36365K->2148K(37568K), 0.0018270 secs] 362145K->329354K(854844K), 0.0018630 secs] [Times: user=0.02 sys=0.00, real=0.01 secs] 
135.245: Total time for which application threads were stopped: 0.0020100 seconds, Stopping threads took: 0.0000750 seconds
135.252: Application time: 0.0071050 seconds
135.252: [GC135.252: [ParNew: 34933K->2137K(37568K), 0.0016780 secs] 362139K->330057K(854844K), 0.0017110 secs] [Times: user=0.02 sys=0.00, real=0.00 secs] 
135.254: Total time for which application threads were stopped: 0.0019560 seconds, Stopping threads took: 0.0001780 seconds
135.261: Application time: 0.0075360 seconds
135.261: [GC135.261: [ParNew: 34938K->3570K(37568K), 0.0019110 secs] 362858K->331490K(854844K), 0.0019500 secs] [Times: user=0.01 sys=0.00, real=0.01 secs] 
135.263: Total time for which application threads were stopped: 0.0021000 seconds, Stopping threads took: 0.0000830 seconds
135.314: Application time: 0.0506080 seconds
135.314: [GC135.314: [ParNew: 36372K->3574K(37568K), 0.0049760 secs] 364292K->342895K(854844K), 0.0050170 secs] [Times: user=0.04 sys=0.00, real=0.01 secs] 
135.319: Total time for which application threads were stopped: 0.0051980 seconds, Stopping threads took: 0.0001160 seconds
135.462: Application time: 0.1431350 seconds
135.462: [GC135.462: [ParNew: 36366K->3564K(37568K), 0.0050320 secs] 375687K->354999K(854844K), 0.0050780 secs] [Times: user=0.04 sys=0.00, real=0.01 secs] 
135.468: Total time for which application threads were stopped: 0.0052400 seconds, Stopping threads took: 0.0000850 seconds
135.603: Application time: 0.1357740 seconds
135.603: [GC135.603: [ParNew: 36356K->3562K(37568K), 0.0050970 secs] 387791K->367110K(854844K), 0.0051410 secs] [Times: user=0.04 sys=0.00, real=0.00 secs] 
135.609: Total time for which application threads were stopped: 0.0052880 seconds, Stopping threads took: 0.0000740 seconds
135.645: Application time: 0.0368560 seconds
135.646: [GC135.646: [ParNew: 36388K->3598K(37568K), 0.0048880 secs] 399935K->378546K(854844K), 0.0049320 secs] [Times: user=0.04 sys=0.00, real=0.00 secs] 
135.651: Total time for which application threads were stopped: 0.0051180 seconds, Stopping threads took: 0.0001030 seconds
135.662: Application time: 0.0110290 seconds
135.662: [GC135.662: [ParNew: 36384K->1435K(37568K), 0.0021890 secs] 411332K->379261K(854844K), 0.0022300 secs] [Times: user=0.02 sys=0.00, real=0.01 secs] 
135.664: Total time for which application threads were stopped: 0.0023910 seconds, Stopping threads took: 0.0000940 seconds
135.678: Application time: 0.0140870 seconds
135.678: [GC135.678: [ParNew: 34259K->3607K(37568K), 0.0019350 secs] 412086K->381433K(854844K), 0.0019720 secs] [Times: user=0.01 sys=0.00, real=0.00 secs] 
135.680: Total time for which application threads were stopped: 0.0021710 seconds, Stopping threads took: 0.0001280 seconds
135.689: Application time: 0.0088110 seconds
135.689: [GC135.689: [ParNew: 36399K->2854K(37568K), 0.0021590 secs] 414226K->382135K(854844K), 0.0021990 secs] [Times: user=0.02 sys=0.00, real=0.00 secs] 
135.692: Total time for which application threads were stopped: 0.0024400 seconds, Stopping threads took: 0.0001670 seconds
135.700: Application time: 0.0085070 seconds
135.700: [GC135.700: [ParNew: 35645K->2866K(37568K), 0.0015800 secs] 414927K->382147K(854844K), 0.0016140 secs] [Times: user=0.01 sys=0.00, real=0.00 secs] 
135.702: Total time for which application threads were stopped: 0.0017750 seconds, Stopping threads took: 0.0000900 seconds
135.711: Application time: 0.0089220 seconds
135.711: [GC135.711: [ParNew: 35658K->3566K(37568K), 0.0032400 secs] 414939K->387836K(854844K), 0.0032810 secs] [Times: user=0.02 sys=0.00, real=0.00 secs] 
135.715: Total time for which application threads were stopped: 0.0037720 seconds, Stopping threads took: 0.0004160 seconds
135.729: Application time: 0.0142350 seconds
135.729: [GC135.729: [ParNew: 36359K->3572K(37568K), 0.0033270 secs] 420629K->392117K(854844K), 0.0033700 secs] [Times: user=0.02 sys=0.00, real=0.00 secs] 
135.732: Total time for which application threads were stopped: 0.0035500 seconds, Stopping threads took: 0.0001050 seconds
135.741: Application time: 0.0090250 seconds
135.741: [GC135.741: [ParNew: 36366K->3568K(37568K), 0.0027280 secs] 424911K->394963K(854844K), 0.0027700 secs] [Times: user=0.02 sys=0.00, real=0.01 secs] 
135.744: Total time for which application threads were stopped: 0.0029250 seconds, Stopping threads took: 0.0000820 seconds
135.865: Application time: 0.1204900 seconds
135.865: [GC135.865: [ParNew: 36369K->3572K(37568K), 0.0052530 secs] 427764K->407793K(854844K), 0.0052950 secs] [Times: user=0.03 sys=0.00, real=0.00 secs] 
135.870: Total time for which application threads were stopped: 0.0054230 seconds, Stopping threads took: 0.0000640 seconds
136.013: Application time: 0.1430300 seconds
136.013: [GC136.013: [ParNew: 36379K->3574K(37568K), 0.0052110 secs] 440599K->420621K(854844K), 0.0052540 secs] [Times: user=0.04 sys=0.00, real=0.01 secs] 
136.019: Total time for which application threads were stopped: 0.0054000 seconds, Stopping threads took: 0.0000630 seconds
136.147: Application time: 0.1279170 seconds
136.147: [GC136.147: [ParNew: 36374K->3568K(37568K), 0.0055880 secs] 453421K->434154K(854844K), 0.0056320 secs] [Times: user=0.04 sys=0.00, real=0.00 secs] 
136.152: Total time for which application threads were stopped: 0.0057690 seconds, Stopping threads took: 0.0000630 seconds
136.303: Application time: 0.1508020 seconds
136.303: [GC136.303: [ParNew: 36383K->3574K(37568K), 0.0057210 secs] 466969K->448411K(854844K), 0.0057610 secs] [Times: user=0.05 sys=0.00, real=0.00 secs] 
136.309: Total time for which application threads were stopped: 0.0060160 seconds, Stopping threads took: 0.0001640 seconds
136.453: Application time: 0.1442780 seconds
136.454: [GC136.454: [ParNew: 36366K->3562K(37568K), 0.0051730 secs] 481203K->460515K(854844K), 0.0052160 secs] [Times: user=0.04 sys=0.00, real=0.01 secs] 
136.459: Total time for which application threads were stopped: 0.0053870 seconds, Stopping threads took: 0.0000990 seconds
136.594: Application time: 0.1356480 seconds
136.595: [GC136.595: [ParNew: 36354K->3562K(37568K), 0.0053730 secs] 493307K->473340K(854844K), 0.0054230 secs] [Times: user=0.04 sys=0.00, real=0.01 secs] 
136.600: Total time for which application threads were stopped: 0.0055870 seconds, Stopping threads took: 0.0000820 seconds
136.746: Application time: 0.1464420 seconds
136.747: [GC136.747: [ParNew: 36371K->3572K(37568K), 0.0054260 secs] 506148K->486175K(854844K), 0.0054680 secs] [Times: user=0.03 sys=0.00, real=0.00 secs] 
136.752: Total time for which application threads were stopped: 0.0057370 seconds, Stopping threads took: 0.0001950 seconds
136.904: Application time: 0.1516540 seconds
136.904: [GC136.904: [ParNew: 36381K->3572K(37568K), 0.0053870 secs] 518984K->499002K(854844K), 0.0054270 secs] [Times: user=0.05 sys=0.00, real=0.00 secs] 
136.909: Total time for which application threads were stopped: 0.0055560 seconds, Stopping threads took: 0.0000570 seconds
137.050: Application time: 0.1403440 seconds
137.050: [GC137.050: [ParNew: 36373K->3574K(37568K), 0.0051010 secs] 531803K->511119K(854844K), 0.0051440 secs] [Times: user=0.04 sys=0.00, real=0.01 secs] 
137.055: Total time for which application threads were stopped: 0.0052810 seconds, Stopping threads took: 0.0000650 seconds
137.173: Application time: 0.1174710 seconds
137.173: [GC137.173: [ParNew: 36384K->3576K(37568K), 0.0052340 secs] 543928K->523947K(854844K), 0.0052740 secs] [Times: user=0.04 sys=0.00, real=0.01 secs] 
137.178: Total time for which application threads were stopped: 0.0054300 seconds, Stopping threads took: 0.0000780 seconds
137.298: Application time: 0.1205560 seconds
137.299: [GC137.299: [ParNew: 36378K->3570K(37568K), 0.0057510 secs] 556749K->538194K(854844K), 0.0057910 secs] [Times: user=0.04 sys=0.00, real=0.01 secs] 
137.304: Total time for which application threads were stopped: 0.0059290 seconds, Stopping threads took: 0.0000650 seconds
137.436: Application time: 0.1320140 seconds
137.437: [GC137.437: [ParNew: 36363K->3564K(37568K), 0.0050160 secs] 570987K->550302K(854844K), 0.0050580 secs] [Times: user=0.04 sys=0.00, real=0.00 secs] 
137.442: Total time for which application threads were stopped: 0.0051920 seconds, Stopping threads took: 0.0000650 seconds
137.546: Application time: 0.1046680 seconds
137.546: [GC137.546: [ParNew: 36358K->3564K(37568K), 0.0050740 secs] 583096K->562415K(854844K), 0.0051180 secs] [Times: user=0.04 sys=0.00, real=0.00 secs] 
137.552: Total time for which application threads were stopped: 0.0052840 seconds, Stopping threads took: 0.0000920 seconds
137.685: Application time: 0.1334880 seconds
137.685: [GC137.685: [ParNew: 36375K->3576K(37568K), 0.0050300 secs] 595226K->574541K(854844K), 0.0050730 secs] [Times: user=0.04 sys=0.00, real=0.00 secs] 
137.690: Total time for which application threads were stopped: 0.0052320 seconds, Stopping threads took: 0.0000810 seconds
137.786: Application time: 0.0952740 seconds
137.786: [GC137.786: [ParNew: 36371K->3562K(37568K), 0.0054070 secs] 607336K->587355K(854844K), 0.0054500 secs] [Times: user=0.04 sys=0.00, real=0.00 secs] 
137.791: Total time for which application threads were stopped: 0.0055880 seconds, Stopping threads took: 0.0000630 seconds
137.887: Application time: 0.0961830 seconds
137.888: [GC137.888: [ParNew: 36370K->3579K(37568K), 0.0052200 secs] 620163K->599486K(854844K), 0.0052620 secs] [Times: user=0.03 sys=0.00, real=0.00 secs] 
137.893: Total time for which application threads were stopped: 0.0054320 seconds, Stopping threads took: 0.0000970 seconds
138.018: Application time: 0.1254770 seconds
138.018: [GC138.018: [ParNew: 36380K->3568K(37568K), 0.0054020 secs] 632287K->612304K(854844K), 0.0054460 secs] [Times: user=0.04 sys=0.00, real=0.01 secs] 
138.024: Total time for which application threads were stopped: 0.0055730 seconds, Stopping threads took: 0.0000600 seconds
138.112: Application time: 0.0884850 seconds
138.112: [GC138.113: [ParNew: 36377K->3577K(37568K), 0.0067320 secs] 645112K->624427K(854844K), 0.0067750 secs] [Times: user=0.05 sys=0.00, real=0.01 secs] 
138.119: Total time for which application threads were stopped: 0.0069500 seconds, Stopping threads took: 0.0000960 seconds
138.238: Application time: 0.1186290 seconds
138.238: [GC138.238: [ParNew: 36378K->3564K(37568K), 0.0052960 secs] 657228K->637243K(854844K), 0.0053360 secs] [Times: user=0.04 sys=0.00, real=0.01 secs] 
138.243: Total time for which application threads were stopped: 0.0055260 seconds, Stopping threads took: 0.0001080 seconds
138.360: Application time: 0.1168240 seconds
138.360: [GC138.360: [ParNew: 36359K->3564K(37568K), 0.0051590 secs] 670037K->649357K(854844K), 0.0051990 secs] [Times: user=0.03 sys=0.00, real=0.01 secs] 
138.366: Total time for which application threads were stopped: 0.0053360 seconds, Stopping threads took: 0.0000640 seconds
138.459: Application time: 0.0931730 seconds
138.459: [GC138.459: [ParNew: 36359K->3562K(37568K), 0.0055560 secs] 682152K->662182K(854844K), 0.0055980 secs] [Times: user=0.04 sys=0.00, real=0.01 secs] 
138.465: Total time for which application threads were stopped: 0.0057440 seconds, Stopping threads took: 0.0000740 seconds
138.595: Application time: 0.1303270 seconds
138.595: [GC138.595: [ParNew: 36363K->3570K(37568K), 0.0051330 secs] 694983K->674303K(854844K), 0.0051770 secs] [Times: user=0.04 sys=0.00, real=0.00 secs] 
138.600: Total time for which application threads were stopped: 0.0053220 seconds, Stopping threads took: 0.0000700 seconds
138.692: Application time: 0.0918470 seconds
138.692: [GC138.692: [ParNew: 36373K->3572K(37568K), 0.0056450 secs] 707106K->687845K(854844K), 0.0056870 secs] [Times: user=0.05 sys=0.00, real=0.01 secs] 
138.698: Total time for which application threads were stopped: 0.0058600 seconds, Stopping threads took: 0.0001010 seconds
138.822: Application time: 0.1244080 seconds
138.822: [GC138.822: [ParNew: 36366K->3564K(37568K), 0.0050200 secs] 720638K->699951K(854844K), 0.0050590 secs] [Times: user=0.04 sys=0.00, real=0.01 secs] 
138.828: Total time for which application threads were stopped: 0.0052080 seconds, Stopping threads took: 0.0000750 seconds
138.853: Application time: 0.0251750 seconds
138.853: [GC138.853: [ParNew: 36942K->3634K(37568K), 0.0034060 secs] 733329K->705009K(854844K), 0.0034500 secs] [Times: user=0.03 sys=0.00, real=0.01 secs] 
138.856: Total time for which application threads were stopped: 0.0035970 seconds, Stopping threads took: 0.0000740 seconds
138.865: Application time: 0.0089600 seconds
138.866: [GC138.866: [ParNew: 36608K->2858K(37568K), 0.0025840 secs] 737983K->707139K(854844K), 0.0026250 secs] [Times: user=0.02 sys=0.00, real=0.00 secs] 
138.868: Total time for which application threads were stopped: 0.0031320 seconds, Stopping threads took: 0.0004320 seconds
138.877: Application time: 0.0085390 seconds
138.878: [GC138.878: [ParNew: 35650K->3570K(37568K), 0.0031270 secs] 739932K->712128K(854844K), 0.0031670 secs] [Times: user=0.02 sys=0.00, real=0.00 secs] 
138.881: Total time for which application threads were stopped: 0.0039650 seconds, Stopping threads took: 0.0007250 seconds
138.890: Application time: 0.0086290 seconds
138.890: [GC138.890: [ParNew: 36361K->3574K(37568K), 0.0030410 secs] 744918K->715696K(854844K), 0.0030840 secs] [Times: user=0.03 sys=0.00, real=0.00 secs] 
138.893: Total time for which application threads were stopped: 0.0032530 seconds, Stopping threads took: 0.0000940 seconds
138.900: Application time: 0.0075020 seconds
138.900: [GC138.900: [ParNew: 36366K->3569K(37568K), 0.0025450 secs] 748487K->717829K(854844K), 0.0025870 secs] [Times: user=0.01 sys=0.00, real=0.01 secs] 
138.903: Total time for which application threads were stopped: 0.0027200 seconds, Stopping threads took: 0.0000580 seconds
138.911: Application time: 0.0076460 seconds
138.911: [GC138.911: [ParNew: 36361K->2149K(37568K), 0.0020610 secs] 750621K->718548K(854844K), 0.0021040 secs] [Times: user=0.01 sys=0.00, real=0.00 secs] 
138.913: Total time for which application threads were stopped: 0.0022840 seconds, Stopping threads took: 0.0000980 seconds
138.925: Application time: 0.0122950 seconds
138.925: [GC138.925: [ParNew: 34943K->3574K(37568K), 0.0026740 secs] 751342K->722112K(854844K), 0.0027270 secs] [Times: user=0.02 sys=0.00, real=0.00 secs] 
138.928: Total time for which application threads were stopped: 0.0028900 seconds, Stopping threads took: 0.0000890 seconds
138.937: Application time: 0.0084120 seconds
138.937: [GC138.937: [ParNew: 36365K->2141K(37568K), 0.0024240 secs] 754903K->723529K(854844K), 0.0024660 secs] [Times: user=0.01 sys=0.00, real=0.00 secs] 
138.939: Total time for which application threads were stopped: 0.0026240 seconds, Stopping threads took: 0.0000830 seconds
138.975: Application time: 0.0357600 seconds
138.975: Total time for which application threads were stopped: 0.0001180 seconds, Stopping threads took: 0.0000890 seconds
139.001: Application time: 0.0263640 seconds
139.002: Total time for which application threads were stopped: 0.0000900 seconds, Stopping threads took: 0.0000620 seconds
139.033: Application time: 0.0315220 seconds
139.033: [GC139.033: [ParNew: 35048K->3572K(37568K), 0.0044680 secs] 756436K->734223K(854844K), 0.0045150 secs] [Times: user=0.03 sys=0.00, real=0.01 secs] 
139.038: Total time for which application threads were stopped: 0.0046280 seconds, Stopping threads took: 0.0000420 seconds
139.084: Application time: 0.0460890 seconds
139.084: Total time for which application threads were stopped: 0.0000720 seconds, Stopping threads took: 0.0000420 seconds
139.123: Application time: 0.0387590 seconds
139.123: Total time for which application threads were stopped: 0.0000680 seconds, Stopping threads took: 0.0000390 seconds
139.184: Application time: 0.0618210 seconds
139.185: [GC139.185: [ParNew: 36465K->3570K(37568K), 0.0029840 secs] 767116K->738498K(854844K), 0.0030230 secs] [Times: user=0.02 sys=0.00, real=0.00 secs] 
139.188: Total time for which application threads were stopped: 0.0031310 seconds, Stopping threads took: 0.0000390 seconds
139.302: Application time: 0.1144840 seconds
139.302: [GC139.302: [ParNew: 36354K->3562K(37568K), 0.0033270 secs] 771282K->742765K(854844K), 0.0033720 secs] [Times: user=0.02 sys=0.00, real=0.01 secs] 
139.306: Total time for which application threads were stopped: 0.0034940 seconds, Stopping threads took: 0.0000490 seconds
139.326: Application time: 0.0207070 seconds
139.326: Total time for which application threads were stopped: 0.0001100 seconds, Stopping threads took: 0.0000670 seconds
139.568: Application time: 0.2413720 seconds
139.568: [GC139.568: [ParNew: 36468K->3576K(37568K), 0.0023880 secs] 775671K->744204K(854844K), 0.0024270 secs] [Times: user=0.02 sys=0.00, real=0.00 secs] 
139.570: Total time for which application threads were stopped: 0.0025290 seconds, Stopping threads took: 0.0000330 seconds
139.867: Application time: 0.2965810 seconds
139.867: [GC139.867: [ParNew: 36356K->2852K(37568K), 0.0016680 secs] 776984K->743481K(854844K), 0.0017080 secs] [Times: user=0.01 sys=0.00, real=0.00 secs] 
139.869: Total time for which application threads were stopped: 0.0018250 seconds, Stopping threads took: 0.0000320 seconds
140.093: Application time: 0.2240160 seconds
140.093: [GC140.093: [ParNew: 35649K->3574K(37568K), 0.0021150 secs] 776279K->744917K(854844K), 0.0021590 secs] [Times: user=0.02 sys=0.00, real=0.01 secs] 
140.095: Total time for which application threads were stopped: 0.0022630 seconds, Stopping threads took: 0.0000370 seconds
140.284: Application time: 0.1888310 seconds
140.284: [GC140.284: [ParNew: 36357K->2850K(37568K), 0.0018910 secs] 777699K->744907K(854844K), 0.0019350 secs] [Times: user=0.01 sys=0.00, real=0.00 secs] 
140.286: Total time for which application threads were stopped: 0.0020460 seconds, Stopping threads took: 0.0000370 seconds
140.509: Application time: 0.2230940 seconds
140.509: [GC140.509: [ParNew: 35650K->3571K(37568K), 0.0020770 secs] 777707K->746340K(854844K), 0.0021200 secs] [Times: user=0.01 sys=0.00, real=0.00 secs] 
140.511: Total time for which application threads were stopped: 0.0022440 seconds, Stopping threads took: 0.0000340 seconds
140.733: Application time: 0.2216050 seconds
140.733: [GC140.733: [ParNew: 36352K->2850K(37568K), 0.0018120 secs] 779121K->746333K(854844K), 0.0018620 secs] [Times: user=0.01 sys=0.00, real=0.00 secs] 
140.735: Total time for which application threads were stopped: 0.0019740 seconds, Stopping threads took: 0.0000340 seconds
140.775: Application time: 0.0400710 seconds
140.775: Total time for which application threads were stopped: 0.0000580 seconds, Stopping threads took: 0.0000300 seconds
140.856: Application time: 0.0815050 seconds
140.856: Total time for which application threads were stopped: 0.0000520 seconds, Stopping threads took: 0.0000260 seconds
140.870: Application time: 0.0135620 seconds
140.870: [GC140.870: [ParNew: 35836K->3811K(37568K), 0.0042190 secs] 779320K->755132K(854844K), 0.0042640 secs] [Times: user=0.03 sys=0.00, real=0.00 secs] 
140.875: Total time for which application threads were stopped: 0.0045020 seconds, Stopping threads took: 0.0001640 seconds
140.886: Application time: 0.0112140 seconds
140.886: [GC140.886: [ParNew: 36579K->3562K(37568K), 0.0042900 secs] 787900K->763677K(854844K), 0.0043360 secs] [Times: user=0.03 sys=0.00, real=0.00 secs] 
140.890: Total time for which application threads were stopped: 0.0046180 seconds, Stopping threads took: 0.0002090 seconds
140.891: Application time: 0.0001310 seconds
140.891: [GC [1 CMS-initial-mark: 760114K(817276K)] 767705K(854844K), 0.0001250 secs] [Times: user=0.00 sys=0.00, real=0.00 secs] 
140.891: Total time for which application threads were stopped: 0.0005110 seconds, Stopping threads took: 0.0003590 seconds
140.891: [CMS-concurrent-mark-start]
140.902: Application time: 0.0112120 seconds
140.902: [GC140.902: [ParNew: 36440K->3564K(37568K), 0.0031440 secs] 796555K->769379K(854844K), 0.0031880 secs] [Times: user=0.02 sys=0.00, real=0.01 secs] 
140.906: Total time for which application threads were stopped: 0.0032720 seconds, Stopping threads took: 0.0000130 seconds
140.916: Application time: 0.0099950 seconds
140.916: [GC140.916: [ParNew: 36839K->3562K(37568K), 0.0037110 secs] 802654K->775789K(854844K), 0.0037560 secs] [Times: user=0.03 sys=0.00, real=0.00 secs] 
140.920: Total time for which application threads were stopped: 0.0039900 seconds, Stopping threads took: 0.0001590 seconds
140.930: Application time: 0.0107710 seconds
140.931: [GC140.931: [ParNew: 36819K->3562K(37568K), 0.0034100 secs] 809046K->781489K(854844K), 0.0034560 secs] [Times: user=0.02 sys=0.00, real=0.01 secs] 
140.935: Total time for which application threads were stopped: 0.0045440 seconds, Stopping threads took: 0.0010120 seconds
140.946: [CMS-concurrent-mark: 0.043/0.055 secs] [Times: user=0.39 sys=0.00, real=0.06 secs] 
140.946: Application time: 0.0107950 seconds
140.946: [GC140.946: [ParNew: 36654K->3570K(37568K), 0.0029910 secs] 814581K->785773K(854844K), 0.0030280 secs] [Times: user=0.02 sys=0.00, real=0.00 secs] 
140.949: Total time for which application threads were stopped: 0.0034440 seconds, Stopping threads took: 0.0003440 seconds
140.949: [CMS-concurrent-preclean-start]
140.952: [CMS-concurrent-preclean: 0.003/0.003 secs] [Times: user=0.01 sys=0.00, real=0.00 secs] 
140.952: [CMS-concurrent-abortable-preclean-start]
140.960: Application time: 0.0106190 seconds
140.960: [GC140.960: [ParNew: 36532K->3578K(37568K), 0.0034230 secs] 818734K->791481K(854844K), 0.0034700 secs] [Times: user=0.02 sys=0.00, real=0.01 secs] 
140.963: Total time for which application threads were stopped: 0.0036940 seconds, Stopping threads took: 0.0001510 seconds
140.963: [CMS-concurrent-abortable-preclean: 0.005/0.011 secs] [Times: user=0.09 sys=0.00, real=0.02 secs] 
140.964: Application time: 0.0001320 seconds
140.964: [GC[YG occupancy: 7889 K (37568 K)]140.964: [Rescan (parallel) , 0.0003780 secs]140.965: [weak refs processing, 0.0000070 secs]140.965: [scrub string table, 0.0001460 secs] [1 CMS-remark: 787902K(817276K)] 795792K(854844K), 0.0005590 secs] [Times: user=0.00 sys=0.00, real=0.00 secs] 
140.965: Total time for which application threads were stopped: 0.0014880 seconds, Stopping threads took: 0.0008930 seconds
140.965: [CMS-concurrent-sweep-start]
140.974: Application time: 0.0093220 seconds
140.975: [GC140.975: [ParNew: 36476K->3570K(37568K), 0.0028420 secs] 824209K->794868K(854844K), 0.0028940 secs] [Times: user=0.02 sys=0.00, real=0.01 secs] 
140.978: Total time for which application threads were stopped: 0.0032780 seconds, Stopping threads took: 0.0003180 seconds
140.985: [CMS-concurrent-sweep: 0.016/0.019 secs] [Times: user=0.13 sys=0.00, real=0.02 secs] 
140.985: [CMS-concurrent-reset-start]
140.989: Application time: 0.0117710 seconds
140.990: [GC140.990: [ParNew: 36434K->3568K(37568K), 0.0030750 secs] 81986K->53398K(854844K), 0.0031190 secs] [Times: user=0.03 sys=0.00, real=0.00 secs] 
140.993: Total time for which application threads were stopped: 0.0033680 seconds, Stopping threads took: 0.0001740 seconds
141.001: [CMS-concurrent-reset: 0.012/0.016 secs] [Times: user=0.13 sys=0.00, real=0.01 secs] 
141.005: Application time: 0.0122000 seconds
141.006: [GC141.006: [ParNew: 36410K->3574K(37568K), 0.0027840 secs] 86239K->56966K(854844K), 0.0028260 secs] [Times: user=0.03 sys=0.00, real=0.00 secs] 
141.009: Total time for which application threads were stopped: 0.0035250 seconds, Stopping threads took: 0.0006270 seconds
141.020: Application time: 0.0113120 seconds
141.021: [GC141.021: [ParNew: 36399K->3562K(37568K), 0.0022530 secs] 89792K->59094K(854844K), 0.0022970 secs] [Times: user=0.02 sys=0.00, real=0.01 secs] 
141.023: Total time for which application threads were stopped: 0.0031720 seconds, Stopping threads took: 0.0007930 seconds
141.033: Application time: 0.0103070 seconds
141.035: [GC141.035: [ParNew: 36376K->3568K(37568K), 0.0024490 secs] 91908K->61237K(854844K), 0.0024960 secs] [Times: user=0.02 sys=0.00, real=0.01 secs] 
141.037: Total time for which application threads were stopped: 0.0037960 seconds, Stopping threads took: 0.0012270 seconds
141.047: Application time: 0.0101530 seconds
141.048: [GC141.048: [ParNew: 36372K->3572K(37568K), 0.0026730 secs] 94041K->64805K(854844K), 0.0027200 secs] [Times: user=0.02 sys=0.00, real=0.00 secs] 
141.051: Total time for which application threads were stopped: 0.0038830 seconds, Stopping threads took: 0.0010690 seconds
141.061: Application time: 0.0097560 seconds
141.062: [GC141.062: [ParNew: 36378K->3574K(37568K), 0.0027040 secs] 97611K->68370K(854844K), 0.0027480 secs] [Times: user=0.02 sys=0.00, real=0.01 secs] 
141.065: Total time for which application threads were stopped: 0.0037470 seconds, Stopping threads took: 0.0009200 seconds
141.075: Application time: 0.0099180 seconds
141.076: [GC141.076: [ParNew: 36380K->3576K(37568K), 0.0029180 secs] 101176K->71937K(854844K), 0.0029650 secs] [Times: user=0.02 sys=0.00, real=0.00 secs] 
141.079: Total time for which application threads were stopped: 0.0042500 seconds, Stopping threads took: 0.0011980 seconds
141.088: Application time: 0.0095470 seconds
141.090: [GC141.090: [ParNew: 36383K->3574K(37568K), 0.0033110 secs] 104744K->76925K(854844K), 0.0033570 secs] [Times: user=0.02 sys=0.00, real=0.00 secs] 
141.093: Total time for which application threads were stopped: 0.0047140 seconds, Stopping threads took: 0.0012740 seconds
141.103: Application time: 0.0097840 seconds
141.104: [GC141.104: [ParNew: 36369K->3564K(37568K), 0.0025790 secs] 109720K->79767K(854844K), 0.0026210 secs] [Times: user=0.02 sys=0.00, real=0.00 secs] 
141.107: Total time for which application threads were stopped: 0.0037800 seconds, Stopping threads took: 0.0010680 seconds
141.116: Application time: 0.0093810 seconds
141.118: [GC141.118: [ParNew: 36360K->3567K(37568K), 0.0026840 secs] 112563K->82620K(854844K), 0.0027260 secs] [Times: user=0.02 sys=0.00, real=0.00 secs] 
141.120: Total time for which application threads were stopped: 0.0041390 seconds, Stopping threads took: 0.0013230 seconds
141.129: Application time: 0.0090250 seconds
141.130: [GC141.131: [ParNew: 36364K->3563K(37568K), 0.0033370 secs] 115417K->88317K(854844K), 0.0033800 secs] [Times: user=0.03 sys=0.00, real=0.00 secs] 
141.134: Total time for which application threads were stopped: 0.0045890 seconds, Stopping threads took: 0.0011270 seconds
141.145: Application time: 0.0106700 seconds
141.145: [GC141.145: [ParNew: 36367K->3571K(37568K), 0.0029440 secs] 121121K->92601K(854844K), 0.0029960 secs] [Times: user=0.02 sys=0.00, real=0.00 secs] 
141.148: Total time for which application threads were stopped: 0.0037980 seconds, Stopping threads took: 0.0007290 seconds
141.158: Application time: 0.0096140 seconds
141.159: [GC141.159: [ParNew: 36376K->3567K(37568K), 0.0025960 secs] 125406K->96162K(854844K), 0.0026390 secs] [Times: user=0.02 sys=0.00, real=0.00 secs] 
141.162: Total time for which application threads were stopped: 0.0035880 seconds, Stopping threads took: 0.0008590 seconds
141.171: Application time: 0.0094610 seconds
141.172: [GC141.172: [ParNew: 36382K->3573K(37568K), 0.0031450 secs] 128977K->100445K(854844K), 0.0031860 secs] [Times: user=0.02 sys=0.00, real=0.01 secs] 
141.175: Total time for which application threads were stopped: 0.0044110 seconds, Stopping threads took: 0.0011340 seconds
141.185: Application time: 0.0096500 seconds
141.186: [GC141.186: [ParNew: 36374K->3565K(37568K), 0.0033050 secs] 133246K->106140K(854844K), 0.0033470 secs] [Times: user=0.03 sys=0.00, real=0.00 secs] 
141.189: Total time for which application threads were stopped: 0.0041860 seconds, Stopping threads took: 0.0007660 seconds
141.199: Application time: 0.0099250 seconds
141.200: [GC141.200: [ParNew: 36376K->3571K(37568K), 0.0028770 secs] 138951K->110423K(854844K), 0.0029180 secs] [Times: user=0.02 sys=0.00, real=0.00 secs] 
141.203: Total time for which application threads were stopped: 0.0035070 seconds, Stopping threads took: 0.0005020 seconds
141.213: Application time: 0.0103690 seconds
141.214: [GC141.214: [ParNew: 36375K->3567K(37568K), 0.0024350 secs] 143226K->113271K(854844K), 0.0024770 secs] [Times: user=0.02 sys=0.00, real=0.01 secs] 
141.216: Total time for which application threads were stopped: 0.0030750 seconds, Stopping threads took: 0.0005290 seconds
141.225: Application time: 0.0088860 seconds
141.226: [GC141.226: [ParNew: 36363K->3563K(37568K), 0.0027650 secs] 146067K->116831K(854844K), 0.0028080 secs] [Times: user=0.02 sys=0.00, real=0.00 secs] 
141.229: Total time for which application threads were stopped: 0.0034510 seconds, Stopping threads took: 0.0005780 seconds
141.239: Application time: 0.0104010 seconds
141.240: [GC141.240: [ParNew: 36358K->3562K(37568K), 0.0028360 secs] 149626K->119681K(854844K), 0.0028880 secs] [Times: user=0.01 sys=0.00, real=0.01 secs] 
141.243: Total time for which application threads were stopped: 0.0041600 seconds, Stopping threads took: 0.0011860 seconds
141.252: Application time: 0.0093750 seconds
141.253: [GC141.253: [ParNew: 36366K->3572K(37568K), 0.0026440 secs] 152484K->123254K(854844K), 0.0026840 secs] [Times: user=0.02 sys=0.00, real=0.01 secs] 
141.256: Total time for which application threads were stopped: 0.0033240 seconds, Stopping threads took: 0.0005690 seconds
141.266: Application time: 0.0098400 seconds
141.267: [GC141.267: [ParNew: 36364K->3562K(37568K), 0.0022100 secs] 156046K->125382K(854844K), 0.0022530 secs] [Times: user=0.02 sys=0.00, real=0.00 secs] 
141.269: Total time for which application threads were stopped: 0.0030650 seconds, Stopping threads took: 0.0007430 seconds
141.278: Application time: 0.0094040 seconds
141.279: [GC141.279: [ParNew: 36370K->3576K(37568K), 0.0031160 secs] 158190K->130384K(854844K), 0.0031580 secs] [Times: user=0.03 sys=0.00, real=0.00 secs] 
141.282: Total time for which application threads were stopped: 0.0038310 seconds, Stopping threads took: 0.0006010 seconds
141.357: Application time: 0.0747740 seconds
141.357: [GC141.357: [ParNew: 36411K->3576K(37568K), 0.0051540 secs] 163218K->142498K(854844K), 0.0051980 secs] [Times: user=0.04 sys=0.00, real=0.00 secs] 
141.362: Total time for which application threads were stopped: 0.0053660 seconds, Stopping threads took: 0.0000970 seconds
141.514: Application time: 0.1519010 seconds
141.514: [GC141.514: [ParNew: 36368K->3564K(37568K), 0.0047290 secs] 175290K->153179K(854844K), 0.0047800 secs] [Times: user=0.03 sys=0.01, real=0.01 secs] 
141.519: Total time for which application threads were stopped: 0.0049320 seconds, Stopping threads took: 0.0000810 seconds
141.663: Application time: 0.1435870 seconds
141.663: [GC141.663: [ParNew: 36356K->3562K(37568K), 0.0055070 secs] 185971K->166002K(854844K), 0.0055500 secs] [Times: user=0.04 sys=0.00, real=0.01 secs] 
141.668: Total time for which application threads were stopped: 0.0057140 seconds, Stopping threads took: 0.0000810 seconds
141.818: Application time: 0.1492780 seconds
141.818: [GC141.818: [ParNew: 36354K->3564K(37568K), 0.0050290 secs] 198794K->178117K(854844K), 0.0050710 secs] [Times: user=0.04 sys=0.00, real=0.01 secs] 
141.823: Total time for which application threads were stopped: 0.0052140 seconds, Stopping threads took: 0.0000620 seconds
141.956: Application time: 0.1334070 seconds
141.956: [GC141.956: [ParNew: 36356K->3562K(37568K), 0.0050200 secs] 210909K->190227K(854844K), 0.0050590 secs] [Times: user=0.04 sys=0.00, real=0.00 secs] 
141.961: Total time for which application threads were stopped: 0.0051980 seconds, Stopping threads took: 0.0000660 seconds
142.110: Application time: 0.1486830 seconds
142.110: [GC142.110: [ParNew: 36354K->3562K(37568K), 0.0055210 secs] 223019K->203053K(854844K), 0.0055640 secs] [Times: user=0.04 sys=0.00, real=0.01 secs] 
142.116: Total time for which application threads were stopped: 0.0057110 seconds, Stopping threads took: 0.0000740 seconds
142.268: Application time: 0.1524600 seconds
142.268: [GC142.268: [ParNew: 36390K->3572K(37568K), 0.0055620 secs] 235880K->216601K(854844K), 0.0056050 secs] [Times: user=0.04 sys=0.00, real=0.00 secs] 
142.274: Total time for which application threads were stopped: 0.0057540 seconds, Stopping threads took: 0.0000630 seconds
142.423: Application time: 0.1484950 seconds
142.423: [GC142.423: [ParNew: 36389K->3570K(37568K), 0.0056750 secs] 249418K->230853K(854844K), 0.0057160 secs] [Times: user=0.05 sys=0.00, real=0.01 secs] 
142.428: Total time for which application threads were stopped: 0.0058540 seconds, Stopping threads took: 0.0000630 seconds
142.575: Application time: 0.1461780 seconds
142.575: [GC142.575: [ParNew: 36362K->3562K(37568K), 0.0054400 secs] 263645K->243673K(854844K), 0.0054840 secs] [Times: user=0.04 sys=0.00, real=0.01 secs] 
142.580: Total time for which application threads were stopped: 0.0056290 seconds, Stopping threads took: 0.0000730 seconds
142.733: Application time: 0.1528850 seconds
142.733: [GC142.733: [ParNew: 36354K->3564K(37568K), 0.0052190 secs] 276465K->255788K(854844K), 0.0052620 secs] [Times: user=0.04 sys=0.00, real=0.01 secs] 
142.738: Total time for which application threads were stopped: 0.0053910 seconds, Stopping threads took: 0.0000610 seconds
142.885: Application time: 0.1466540 seconds
142.885: [GC142.885: [ParNew: 36356K->3562K(37568K), 0.0051300 secs] 288580K->267898K(854844K), 0.0051710 secs] [Times: user=0.04 sys=0.00, real=0.00 secs] 
142.890: Total time for which application threads were stopped: 0.0053330 seconds, Stopping threads took: 0.0000820 seconds
143.042: Application time: 0.1520180 seconds
143.043: [GC143.043: [ParNew: 36354K->3562K(37568K), 0.0053220 secs] 300690K->280724K(854844K), 0.0053650 secs] [Times: user=0.04 sys=0.00, real=0.01 secs] 
143.048: Total time for which application threads were stopped: 0.0054920 seconds, Stopping threads took: 0.0000580 seconds
143.183: Application time: 0.1351470 seconds
143.183: [GC143.183: [ParNew: 36371K->3574K(37568K), 0.0052930 secs] 313533K->293561K(854844K), 0.0053350 secs] [Times: user=0.04 sys=0.00, real=0.00 secs] 
143.189: Total time for which application threads were stopped: 0.0054520 seconds, Stopping threads took: 0.0000530 seconds
143.291: Application time: 0.1025900 seconds
143.291: [GC143.291: [ParNew: 36418K->3576K(37568K), 0.0061970 secs] 326405K->308528K(854844K), 0.0062410 secs] [Times: user=0.04 sys=0.00, real=0.01 secs] 
143.298: Total time for which application threads were stopped: 0.0063920 seconds, Stopping threads took: 0.0000790 seconds
143.402: Application time: 0.1041180 seconds
143.402: [GC143.402: [ParNew: 36369K->3564K(37568K), 0.0051360 secs] 341320K->320635K(854844K), 0.0051900 secs] [Times: user=0.04 sys=0.00, real=0.01 secs] 
143.407: Total time for which application threads were stopped: 0.0053690 seconds, Stopping threads took: 0.0000950 seconds
143.522: Application time: 0.1146110 seconds
143.522: [GC143.522: [ParNew: 36357K->3562K(37568K), 0.0054180 secs] 353428K->333459K(854844K), 0.0054580 secs] [Times: user=0.04 sys=0.00, real=0.01 secs] 
143.527: Total time for which application threads were stopped: 0.0056320 seconds, Stopping threads took: 0.0001040 seconds
143.630: Application time: 0.1031120 seconds
143.631: [GC143.631: [ParNew: 36356K->3564K(37568K), 0.0051190 secs] 366252K->345574K(854844K), 0.0051640 secs] [Times: user=0.03 sys=0.00, real=0.01 secs] 
143.636: Total time for which application threads were stopped: 0.0053110 seconds, Stopping threads took: 0.0000740 seconds
143.760: Application time: 0.1246150 seconds
143.760: [GC143.760: [ParNew: 36358K->3562K(37568K), 0.0053360 secs] 378368K->358398K(854844K), 0.0053830 secs] [Times: user=0.04 sys=0.00, real=0.01 secs] 
143.766: Total time for which application threads were stopped: 0.0055410 seconds, Stopping threads took: 0.0000830 seconds
143.864: Application time: 0.0983910 seconds
143.864: [GC143.864: [ParNew: 36357K->3564K(37568K), 0.0051320 secs] 391193K->370514K(854844K), 0.0051780 secs] [Times: user=0.04 sys=0.00, real=0.00 secs] 
143.870: Total time for which application threads were stopped: 0.0053250 seconds, Stopping threads took: 0.0000730 seconds
143.964: Application time: 0.0939300 seconds
143.964: [GC143.964: [ParNew: 36360K->3562K(37568K), 0.0053960 secs] 403310K->383339K(854844K), 0.0054390 secs] [Times: user=0.04 sys=0.00, real=0.00 secs] 
143.969: Total time for which application threads were stopped: 0.0055890 seconds, Stopping threads took: 0.0000680 seconds
144.102: Application time: 0.1332360 seconds
144.102: [GC144.103: [ParNew: 36367K->3573K(37568K), 0.0054560 secs] 416143K->396176K(854844K), 0.0054980 secs] [Times: user=0.04 sys=0.00, real=0.01 secs] 
144.108: Total time for which application threads were stopped: 0.0056590 seconds, Stopping threads took: 0.0000890 seconds
144.196: Application time: 0.0876760 seconds
144.196: [GC144.196: [ParNew: 36410K->3579K(37568K), 0.0052320 secs] 429013K->408297K(854844K), 0.0052770 secs] [Times: user=0.04 sys=0.00, real=0.00 secs] 
144.201: Total time for which application threads were stopped: 0.0054280 seconds, Stopping threads took: 0.0000810 seconds
144.328: Application time: 0.1268330 seconds
144.328: [GC144.328: [ParNew: 36383K->3577K(37568K), 0.0052960 secs] 441101K->421127K(854844K), 0.0053400 secs] [Times: user=0.05 sys=0.00, real=0.00 secs] 
144.333: Total time for which application threads were stopped: 0.0054720 seconds, Stopping threads took: 0.0000580 seconds
144.426: Application time: 0.0921200 seconds
144.426: [GC144.426: [ParNew: 36372K->3562K(37568K), 0.0054200 secs] 453922K->433940K(854844K), 0.0054620 secs] [Times: user=0.04 sys=0.00, real=0.00 secs] 
144.431: Total time for which application threads were stopped: 0.0056160 seconds, Stopping threads took: 0.0000810 seconds
144.556: Application time: 0.1251670 seconds
144.556: [GC144.557: [ParNew: 36357K->3564K(37568K), 0.0050470 secs] 466735K->446056K(854844K), 0.0050910 secs] [Times: user=0.04 sys=0.00, real=0.00 secs] 
144.562: Total time for which application threads were stopped: 0.0052550 seconds, Stopping threads took: 0.0000820 seconds
144.664: Application time: 0.1019700 seconds
144.664: [GC144.664: [ParNew: 36358K->3562K(37568K), 0.0053590 secs] 478850K->458880K(854844K), 0.0053970 secs] [Times: user=0.04 sys=0.00, real=0.00 secs] 
144.669: Total time for which application threads were stopped: 0.0055310 seconds, Stopping threads took: 0.0000600 seconds
144.769: Application time: 0.0999190 seconds
144.769: [GC144.769: [ParNew: 36356K->3564K(37568K), 0.0053340 secs] 491673K->470995K(854844K), 0.0053760 secs] [Times: user=0.04 sys=0.00, real=0.00 secs] 
144.775: Total time for which application threads were stopped: 0.0055510 seconds, Stopping threads took: 0.0000930 seconds
144.881: Application time: 0.1059810 seconds
144.881: [GC144.881: [ParNew: 36357K->3562K(37568K), 0.0054030 secs] 503788K->483819K(854844K), 0.0054440 secs] [Times: user=0.03 sys=0.00, real=0.01 secs] 
144.886: Total time for which application threads were stopped: 0.0055850 seconds, Stopping threads took: 0.0000700 seconds
144.962: Application time: 0.0756210 seconds
144.962: [GC144.962: [ParNew: 36390K->3606K(37568K), 0.0058160 secs] 516647K->497401K(854844K), 0.0058600 secs] [Times: user=0.04 sys=0.00, real=0.01 secs] 
144.968: Total time for which application threads were stopped: 0.0060430 seconds, Stopping threads took: 0.0001070 seconds
144.981: Application time: 0.0134270 seconds
144.981: [GC144.981: [ParNew: 36390K->1433K(37568K), 0.0021550 secs] 530185K->498106K(854844K), 0.0021980 secs] [Times: user=0.01 sys=0.01, real=0.01 secs] 
144.984: Total time for which application threads were stopped: 0.0023890 seconds, Stopping threads took: 0.0001130 seconds
144.997: Application time: 0.0133760 seconds
144.997: [GC144.997: [ParNew: 34222K->3572K(37568K), 0.0020530 secs] 530896K->500246K(854844K), 0.0020910 secs] [Times: user=0.02 sys=0.00, real=0.00 secs] 
144.999: Total time for which application threads were stopped: 0.0022550 seconds, Stopping threads took: 0.0000890 seconds
145.013: Application time: 0.0138400 seconds
145.013: [GC145.013: [ParNew: 36366K->3568K(37568K), 0.0028220 secs] 533040K->503092K(854844K), 0.0028660 secs] [Times: user=0.03 sys=0.00, real=0.01 secs] 
145.016: Total time for which application threads were stopped: 0.0030470 seconds, Stopping threads took: 0.0001050 seconds
145.043: Application time: 0.0271440 seconds
145.043: [GC145.043: [ParNew: 36368K->3572K(37568K), 0.0045110 secs] 535892K->513071K(854844K), 0.0045520 secs] [Times: user=0.04 sys=0.00, real=0.00 secs] 
145.048: Total time for which application threads were stopped: 0.0047020 seconds, Stopping threads took: 0.0000820 seconds
145.100: Application time: 0.0519690 seconds
145.100: [GC145.100: [ParNew: 36390K->3602K(37568K), 0.0034280 secs] 545889K->518090K(854844K), 0.0034730 secs] [Times: user=0.03 sys=0.00, real=0.01 secs] 
145.104: Total time for which application threads were stopped: 0.0036540 seconds, Stopping threads took: 0.0000920 seconds
145.112: Application time: 0.0080840 seconds
145.112: [GC145.112: [ParNew: 36641K->3644K(37568K), 0.0033640 secs] 551129K->523148K(854844K), 0.0034070 secs] [Times: user=0.03 sys=0.00, real=0.01 secs] 
145.115: Total time for which application threads were stopped: 0.0035710 seconds, Stopping threads took: 0.0000900 seconds
145.127: Application time: 0.0118320 seconds
145.128: [GC145.128: [ParNew: 36975K->3578K(37568K), 0.0030390 secs] 556479K->527415K(854844K), 0.0030820 secs] [Times: user=0.02 sys=0.00, real=0.00 secs] 
145.131: Total time for which application threads were stopped: 0.0039280 seconds, Stopping threads took: 0.0007730 seconds
145.139: Application time: 0.0083670 seconds
145.140: [GC145.140: [ParNew: 36856K->3606K(37568K), 0.0030280 secs] 560692K->531008K(854844K), 0.0030700 secs] [Times: user=0.02 sys=0.00, real=0.01 secs] 
145.143: Total time for which application threads were stopped: 0.0036580 seconds, Stopping threads took: 0.0005140 seconds
145.151: Application time: 0.0083410 seconds
145.152: [GC145.152: [ParNew: 36653K->3577K(37568K), 0.0022380 secs] 564055K->532432K(854844K), 0.0022770 secs] [Times: user=0.01 sys=0.00, real=0.00 secs] 
145.154: Total time for which application threads were stopped: 0.0024980 seconds, Stopping threads took: 0.0001460 seconds
145.162: Application time: 0.0081970 seconds
145.162: [GC145.162: [ParNew: 36377K->3574K(37568K), 0.0026520 secs] 565233K->535281K(854844K), 0.0026930 secs] [Times: user=0.02 sys=0.00, real=0.01 secs] 
145.165: Total time for which application threads were stopped: 0.0029300 seconds, Stopping threads took: 0.0001630 seconds
145.173: Application time: 0.0077850 seconds
145.173: [GC145.173: [ParNew: 36359K->3562K(37568K), 0.0025280 secs] 568066K->537409K(854844K), 0.0025770 secs] [Times: user=0.02 sys=0.00, real=0.01 secs] 
145.176: Total time for which application threads were stopped: 0.0029120 seconds, Stopping threads took: 0.0002610 seconds
145.184: Application time: 0.0086470 seconds
145.185: [GC145.185: [ParNew: 36363K->3578K(37568K), 0.0022940 secs] 570209K->538850K(854844K), 0.0023360 secs] [Times: user=0.02 sys=0.00, real=0.00 secs] 
145.188: Total time for which application threads were stopped: 0.0031290 seconds, Stopping threads took: 0.0007200 seconds
145.196: Application time: 0.0089440 seconds
145.197: [GC145.197: [ParNew: 36375K->3576K(37568K), 0.0025370 secs] 571647K->540988K(854844K), 0.0025790 secs] [Times: user=0.02 sys=0.00, real=0.00 secs] 
145.200: Total time for which application threads were stopped: 0.0032840 seconds, Stopping threads took: 0.0006310 seconds
145.208: Application time: 0.0081700 seconds
145.208: [GC145.208: [ParNew: 36684K->2181K(37568K), 0.0016520 secs] 574095K->540307K(854844K), 0.0016850 secs] [Times: user=0.01 sys=0.00, real=0.00 secs] 
145.210: Total time for which application threads were stopped: 0.0019820 seconds, Stopping threads took: 0.0002280 seconds
145.218: Application time: 0.0080120 seconds
145.218: [GC145.218: [ParNew: 35111K->3623K(37568K), 0.0018680 secs] 573236K->541777K(854844K), 0.0019070 secs] [Times: user=0.01 sys=0.00, real=0.00 secs] 
145.220: Total time for which application threads were stopped: 0.0024170 seconds, Stopping threads took: 0.0004380 seconds
145.229: Application time: 0.0082490 seconds
145.229: [GC145.229: [ParNew: 36742K->3574K(37568K), 0.0049270 secs] 574896K->547459K(854844K), 0.0049690 secs] [Times: user=0.03 sys=0.00, real=0.00 secs] 
145.234: Total time for which application threads were stopped: 0.0058110 seconds, Stopping threads took: 0.0007700 seconds
145.243: Application time: 0.0085630 seconds
145.243: [GC145.243: [ParNew: 36362K->3562K(37568K), 0.0033700 secs] 580247K->552438K(854844K), 0.0034080 secs] [Times: user=0.02 sys=0.00, real=0.00 secs] 
145.247: Total time for which application threads were stopped: 0.0037200 seconds, Stopping threads took: 0.0002390 seconds
145.256: Application time: 0.0096990 seconds
145.257: [GC145.257: [ParNew: 36358K->3570K(37568K), 0.0023540 secs] 585233K->554584K(854844K), 0.0023960 secs] [Times: user=0.01 sys=0.00, real=0.00 secs] 
145.260: Total time for which application threads were stopped: 0.0032680 seconds, Stopping threads took: 0.0008000 seconds
145.269: Application time: 0.0088560 seconds
145.269: [GC145.269: [ParNew: 36950K->3614K(37568K), 0.0022890 secs] 587963K->556053K(854844K), 0.0023300 secs] [Times: user=0.02 sys=0.00, real=0.00 secs] 
145.271: Total time for which application threads were stopped: 0.0028300 seconds, Stopping threads took: 0.0004300 seconds
145.280: Application time: 0.0082450 seconds
145.280: [GC145.281: [ParNew: 36574K->3572K(37568K), 0.0029980 secs] 589013K->560316K(854844K), 0.0030420 secs] [Times: user=0.02 sys=0.00, real=0.01 secs] 
145.284: Total time for which application threads were stopped: 0.0038860 seconds, Stopping threads took: 0.0007640 seconds
145.293: Application time: 0.0089690 seconds
145.293: [GC145.293: [ParNew: 36366K->3568K(37568K), 0.0030220 secs] 593110K->563877K(854844K), 0.0030690 secs] [Times: user=0.03 sys=0.00, real=0.01 secs] 
145.296: Total time for which application threads were stopped: 0.0034400 seconds, Stopping threads took: 0.0002990 seconds
145.305: Application time: 0.0089370 seconds
145.305: [GC145.305: [ParNew: 36362K->3572K(37568K), 0.0027330 secs] 596670K->566732K(854844K), 0.0027770 secs] [Times: user=0.02 sys=0.00, real=0.00 secs] 
145.308: Total time for which application threads were stopped: 0.0033510 seconds, Stopping threads took: 0.0005000 seconds
145.317: Application time: 0.0090320 seconds
145.318: [GC145.318: [ParNew: 36381K->3578K(37568K), 0.0025070 secs] 599540K->568876K(854844K), 0.0025480 secs] [Times: user=0.02 sys=0.00, real=0.00 secs] 
145.320: Total time for which application threads were stopped: 0.0030830 seconds, Stopping threads took: 0.0004530 seconds
145.328: Application time: 0.0078750 seconds
145.328: [GC145.328: [ParNew: 36372K->3572K(37568K), 0.0025760 secs] 601669K->571010K(854844K), 0.0026190 secs] [Times: user=0.02 sys=0.00, real=0.00 secs] 
145.331: Total time for which application threads were stopped: 0.0027780 seconds, Stopping threads took: 0.0000870 seconds
145.338: Application time: 0.0074000 seconds
145.339: [GC145.339: [ParNew: 36360K->3572K(37568K), 0.0035350 secs] 603798K->576711K(854844K), 0.0035780 secs] [Times: user=0.02 sys=0.00, real=0.00 secs] 
145.342: Total time for which application threads were stopped: 0.0038250 seconds, Stopping threads took: 0.0001780 seconds
145.351: Application time: 0.0083400 seconds
145.351: [GC145.352: [ParNew: 36367K->2858K(37568K), 0.0017600 secs] 609506K->576710K(854844K), 0.0017990 secs] [Times: user=0.02 sys=0.00, real=0.00 secs] 
145.353: Total time for which application threads were stopped: 0.0026970 seconds, Stopping threads took: 0.0008250 seconds
145.361: Application time: 0.0079030 seconds
145.361: [GC145.361: [ParNew: 35663K->3575K(37568K), 0.0037890 secs] 609514K->583840K(854844K), 0.0038350 secs] [Times: user=0.03 sys=0.00, real=0.01 secs] 
145.365: Total time for which application threads were stopped: 0.0040840 seconds, Stopping threads took: 0.0001720 seconds
145.373: Application time: 0.0075520 seconds
145.375: [GC145.375: [ParNew: 36363K->3564K(37568K), 0.0027740 secs] 616629K->586682K(854844K), 0.0028150 secs] [Times: user=0.02 sys=0.00, real=0.00 secs] 
145.378: Total time for which application threads were stopped: 0.0048740 seconds, Stopping threads took: 0.0019870 seconds
145.385: Application time: 0.0073310 seconds
145.385: [GC145.385: [ParNew: 36357K->2860K(37568K), 0.0021710 secs] 619475K->587403K(854844K), 0.0022130 secs] [Times: user=0.01 sys=0.00, real=0.00 secs] 
145.388: Total time for which application threads were stopped: 0.0024060 seconds, Stopping threads took: 0.0001190 seconds
145.395: Application time: 0.0074880 seconds
145.395: [GC145.395: [ParNew: 35654K->3572K(37568K), 0.0021370 secs] 620197K->588829K(854844K), 0.0021800 secs] [Times: user=0.02 sys=0.00, real=0.00 secs] 
145.398: Total time for which application threads were stopped: 0.0026870 seconds, Stopping threads took: 0.0004330 seconds
145.405: Application time: 0.0072990 seconds
145.405: [GC145.405: [ParNew: 36374K->3572K(37568K), 0.0027410 secs] 621630K->590967K(854844K), 0.0027880 secs] [Times: user=0.02 sys=0.00, real=0.00 secs] 
145.408: Total time for which application threads were stopped: 0.0029500 seconds, Stopping threads took: 0.0000850 seconds
145.506: Application time: 0.0985230 seconds
145.507: [GC145.507: [ParNew: 36373K->3574K(37568K), 0.0054790 secs] 623768K->604508K(854844K), 0.0055220 secs] [Times: user=0.04 sys=0.00, real=0.00 secs] 
145.512: Total time for which application threads were stopped: 0.0056610 seconds, Stopping threads took: 0.0000700 seconds
145.656: Application time: 0.1441560 seconds
145.656: [GC145.656: [ParNew: 36366K->3562K(37568K), 0.0051480 secs] 637300K->616610K(854844K), 0.0051930 secs] [Times: user=0.04 sys=0.00, real=0.00 secs] 
145.662: Total time for which application threads were stopped: 0.0053550 seconds, Stopping threads took: 0.0000830 seconds
145.814: Application time: 0.1526060 seconds
145.814: [GC145.814: [ParNew: 36354K->3562K(37568K), 0.0055020 secs] 649402K->629435K(854844K), 0.0055450 secs] [Times: user=0.04 sys=0.00, real=0.01 secs] 
145.820: Total time for which application threads were stopped: 0.0056880 seconds, Stopping threads took: 0.0000730 seconds
145.969: Application time: 0.1491410 seconds
145.969: [GC145.969: [ParNew: 36354K->3564K(37568K), 0.0053100 secs] 662227K->641550K(854844K), 0.0053530 secs] [Times: user=0.03 sys=0.00, real=0.00 secs] 
145.975: Total time for which application threads were stopped: 0.0055220 seconds, Stopping threads took: 0.0000960 seconds
146.117: Application time: 0.1426570 seconds
146.117: [GC146.117: [ParNew: 36362K->3572K(37568K), 0.0050150 secs] 674348K->653671K(854844K), 0.0050660 secs] [Times: user=0.04 sys=0.00, real=0.00 secs] 
146.122: Total time for which application threads were stopped: 0.0052180 seconds, Stopping threads took: 0.0000770 seconds
146.262: Application time: 0.1392640 seconds
146.262: [GC146.262: [ParNew: 36379K->3572K(37568K), 0.0054460 secs] 686477K->667209K(854844K), 0.0054900 secs] [Times: user=0.05 sys=0.00, real=0.01 secs] 
146.267: Total time for which application threads were stopped: 0.0056360 seconds, Stopping threads took: 0.0000620 seconds
146.417: Application time: 0.1493140 seconds
146.417: [GC146.417: [ParNew: 36400K->3576K(37568K), 0.0055490 secs] 700037K->680753K(854844K), 0.0055910 secs] [Times: user=0.04 sys=0.00, real=0.00 secs] 
146.422: Total time for which application threads were stopped: 0.0057290 seconds, Stopping threads took: 0.0000640 seconds
146.570: Application time: 0.1471190 seconds
146.570: [GC146.570: [ParNew: 36368K->3562K(37568K), 0.0050460 secs] 713545K->692855K(854844K), 0.0050890 secs] [Times: user=0.04 sys=0.00, real=0.00 secs] 
146.575: Total time for which application threads were stopped: 0.0052270 seconds, Stopping threads took: 0.0000640 seconds
146.713: Application time: 0.1380170 seconds
146.713: [GC146.713: [ParNew: 36354K->3562K(37568K), 0.0053260 secs] 725647K->705681K(854844K), 0.0053680 secs] [Times: user=0.04 sys=0.00, real=0.01 secs] 
146.718: Total time for which application threads were stopped: 0.0055020 seconds, Stopping threads took: 0.0000640 seconds
146.870: Application time: 0.1521110 seconds
146.871: [GC146.871: [ParNew: 36354K->3564K(37568K), 0.0050810 secs] 738473K->717796K(854844K), 0.0051220 secs] [Times: user=0.04 sys=0.00, real=0.01 secs] 
146.876: Total time for which application threads were stopped: 0.0052740 seconds, Stopping threads took: 0.0000720 seconds
147.007: Application time: 0.1311640 seconds
147.007: [GC147.007: [ParNew: 36365K->3574K(37568K), 0.0051170 secs] 750596K->729918K(854844K), 0.0051590 secs] [Times: user=0.04 sys=0.00, real=0.00 secs] 
147.012: Total time for which application threads were stopped: 0.0052870 seconds, Stopping threads took: 0.0000620 seconds
147.135: Application time: 0.1232570 seconds
147.136: [GC147.136: [ParNew: 36383K->3576K(37568K), 0.0058440 secs] 762727K->743459K(854844K), 0.0058870 secs] [Times: user=0.04 sys=0.00, real=0.00 secs] 
147.141: Total time for which application threads were stopped: 0.0060450 seconds, Stopping threads took: 0.0000840 seconds
147.262: Application time: 0.1205830 seconds
147.262: [GC147.262: [ParNew: 36369K->3562K(37568K), 0.0050400 secs] 776251K->754848K(854844K), 0.0050850 secs] [Times: user=0.04 sys=0.00, real=0.01 secs] 
147.267: Total time for which application threads were stopped: 0.0052530 seconds, Stopping threads took: 0.0000940 seconds
147.392: Application time: 0.1250840 seconds
147.392: [GC147.393: [ParNew: 36398K->3576K(37568K), 0.0059780 secs] 787683K->769825K(854844K), 0.0060230 secs] [Times: user=0.04 sys=0.00, real=0.01 secs] 
147.399: Total time for which application threads were stopped: 0.0061630 seconds, Stopping threads took: 0.0000620 seconds
147.399: Application time: 0.0000580 seconds
147.399: [GC [1 CMS-initial-mark: 766248K(817276K)] 770537K(854844K), 0.0001530 secs] [Times: user=0.00 sys=0.00, real=0.00 secs] 
147.399: Total time for which application threads were stopped: 0.0003170 seconds, Stopping threads took: 0.0001370 seconds
147.399: [CMS-concurrent-mark-start]
147.404: [CMS-concurrent-mark: 0.005/0.005 secs] [Times: user=0.03 sys=0.00, real=0.01 secs] 
147.404: [CMS-concurrent-preclean-start]
147.405: [CMS-concurrent-preclean: 0.001/0.001 secs] [Times: user=0.00 sys=0.00, real=0.00 secs] 
147.405: Application time: 0.0065340 seconds
147.406: [GC[YG occupancy: 4289 K (37568 K)]147.406: [Rescan (parallel) , 0.0002950 secs]147.406: [weak refs processing, 0.0000070 secs]147.406: [scrub string table, 0.0001120 secs] [1 CMS-remark: 766248K(817276K)] 770537K(854844K), 0.0004410 secs] [Times: user=0.00 sys=0.00, real=0.00 secs] 
147.406: Total time for which application threads were stopped: 0.0005280 seconds, Stopping threads took: 0.0000520 seconds
147.406: [CMS-concurrent-sweep-start]
147.408: [CMS-concurrent-sweep: 0.002/0.002 secs] [Times: user=0.01 sys=0.00, real=0.00 secs] 
147.408: [CMS-concurrent-reset-start]
147.409: [CMS-concurrent-reset: 0.001/0.001 secs] [Times: user=0.00 sys=0.00, real=0.00 secs] 
147.497: Application time: 0.0910690 seconds
147.497: [GC147.497: [ParNew: 36369K->3564K(37568K), 0.0051780 secs] 56979K->36292K(854844K), 0.0052220 secs] [Times: user=0.04 sys=0.00, real=0.00 secs] 
147.502: Total time for which application threads were stopped: 0.0053900 seconds, Stopping threads took: 0.0000950 seconds
147.610: Application time: 0.1079430 seconds
147.611: [GC147.611: [ParNew: 36358K->3562K(37568K), 0.0053290 secs] 69085K->49116K(854844K), 0.0053730 secs] [Times: user=0.04 sys=0.00, real=0.01 secs] 
147.616: Total time for which application threads were stopped: 0.0055250 seconds, Stopping threads took: 0.0000800 seconds
147.733: Application time: 0.1167580 seconds
147.733: [GC147.733: [ParNew: 36356K->3564K(37568K), 0.0051060 secs] 81910K->61231K(854844K), 0.0051480 secs] [Times: user=0.04 sys=0.00, real=0.01 secs] 
147.738: Total time for which application threads were stopped: 0.0052910 seconds, Stopping threads took: 0.0000700 seconds
147.826: Application time: 0.0878650 seconds
147.826: [GC147.826: [ParNew: 36359K->3562K(37568K), 0.0054640 secs] 94026K->74056K(854844K), 0.0055050 secs] [Times: user=0.04 sys=0.00, real=0.00 secs] 
147.831: Total time for which application threads were stopped: 0.0056730 seconds, Stopping threads took: 0.0000940 seconds
147.966: Application time: 0.1349770 seconds
147.967: [GC147.967: [ParNew: 36366K->3573K(37568K), 0.0053690 secs] 106859K->86892K(854844K), 0.0054110 secs] [Times: user=0.04 sys=0.00, real=0.00 secs] 
147.972: Total time for which application threads were stopped: 0.0055640 seconds, Stopping threads took: 0.0000690 seconds
148.066: Application time: 0.0940680 seconds
148.066: [GC148.066: [ParNew: 36383K->3575K(37568K), 0.0055580 secs] 119703K->100435K(854844K), 0.0056040 secs] [Times: user=0.05 sys=0.00, real=0.00 secs] 
148.072: Total time for which application threads were stopped: 0.0057690 seconds, Stopping threads took: 0.0000920 seconds
148.202: Application time: 0.1305300 seconds
148.203: [GC148.203: [ParNew: 36377K->3567K(37568K), 0.0050920 secs] 133237K->112542K(854844K), 0.0051360 secs] [Times: user=0.04 sys=0.00, real=0.01 secs] 
148.208: Total time for which application threads were stopped: 0.0052610 seconds, Stopping threads took: 0.0000560 seconds
148.301: Application time: 0.0936020 seconds
148.301: [GC148.301: [ParNew: 36370K->3571K(37568K), 0.0058390 secs] 145346K->126087K(854844K), 0.0058840 secs] [Times: user=0.04 sys=0.00, real=0.01 secs] 
148.307: Total time for which application threads were stopped: 0.0060280 seconds, Stopping threads took: 0.0000690 seconds
148.411: Application time: 0.1039700 seconds
148.411: [GC148.411: [ParNew: 36391K->3575K(37568K), 0.0057130 secs] 158907K->140343K(854844K), 0.0057550 secs] [Times: user=0.04 sys=0.00, real=0.01 secs] 
148.417: Total time for which application threads were stopped: 0.0059120 seconds, Stopping threads took: 0.0000830 seconds
148.543: Application time: 0.1262740 seconds
148.544: [GC148.544: [ParNew: 36369K->3562K(37568K), 0.0053970 secs] 173138K->153160K(854844K), 0.0054420 secs] [Times: user=0.04 sys=0.00, real=0.00 secs] 
148.549: Total time for which application threads were stopped: 0.0055930 seconds, Stopping threads took: 0.0000730 seconds
148.636: Application time: 0.0867760 seconds
148.636: [GC148.636: [ParNew: 36357K->3564K(37568K), 0.0051350 secs] 185954K->165275K(854844K), 0.0051780 secs] [Times: user=0.04 sys=0.00, real=0.00 secs] 
148.641: Total time for which application threads were stopped: 0.0053120 seconds, Stopping threads took: 0.0000590 seconds
148.783: Application time: 0.1423300 seconds
148.784: [GC148.784: [ParNew: 36358K->3564K(37568K), 0.0049540 secs] 198069K->175964K(854844K), 0.0050060 secs] [Times: user=0.04 sys=0.00, real=0.00 secs] 
148.789: Total time for which application threads were stopped: 0.0051580 seconds, Stopping threads took: 0.0000810 seconds
148.870: Application time: 0.0812340 seconds
148.870: [GC148.870: [ParNew: 36357K->3562K(37568K), 0.0048950 secs] 208757K->187362K(854844K), 0.0049370 secs] [Times: user=0.03 sys=0.00, real=0.01 secs] 
148.875: Total time for which application threads were stopped: 0.0054420 seconds, Stopping threads took: 0.0004330 seconds
148.902: Application time: 0.0269530 seconds
148.902: [GC148.902: [ParNew: 36380K->3600K(37568K), 0.0032470 secs] 220180K->191675K(854844K), 0.0032920 secs] [Times: user=0.02 sys=0.00, real=0.01 secs] 
148.906: Total time for which application threads were stopped: 0.0034470 seconds, Stopping threads took: 0.0000770 seconds
148.917: Application time: 0.0113520 seconds
148.917: [GC148.917: [ParNew: 36395K->1435K(37568K), 0.0019780 secs] 224470K->191676K(854844K), 0.0020170 secs] [Times: user=0.02 sys=0.00, real=0.00 secs] 
148.919: Total time for which application threads were stopped: 0.0021720 seconds, Stopping threads took: 0.0000830 seconds
148.933: Application time: 0.0139680 seconds
148.933: [GC148.933: [ParNew: 34224K->2145K(37568K), 0.0016040 secs] 224465K->192387K(854844K), 0.0016380 secs] [Times: user=0.01 sys=0.00, real=0.01 secs] 
148.935: Total time for which application threads were stopped: 0.0018190 seconds, Stopping threads took: 0.0001120 seconds
148.944: Application time: 0.0094090 seconds
148.945: [GC148.945: [ParNew: 34939K->2145K(37568K), 0.0011900 secs] 225181K->192386K(854844K), 0.0012220 secs] [Times: user=0.01 sys=0.00, real=0.00 secs] 
148.946: Total time for which application threads were stopped: 0.0014020 seconds, Stopping threads took: 0.0001190 seconds
148.985: Application time: 0.0388750 seconds
148.985: [GC148.985: [ParNew: 34973K->3602K(37568K), 0.0057840 secs] 225214K->207383K(854844K), 0.0058290 secs] [Times: user=0.05 sys=0.00, real=0.00 secs] 
148.991: Total time for which application threads were stopped: 0.0060010 seconds, Stopping threads took: 0.0000950 seconds
149.003: Application time: 0.0123130 seconds
149.003: [GC149.003: [ParNew: 36388K->1433K(37568K), 0.0023520 secs] 240169K->208092K(854844K), 0.0023920 secs] [Times: user=0.02 sys=0.00, real=0.00 secs] 
149.006: Total time for which application threads were stopped: 0.0025450 seconds, Stopping threads took: 0.0000780 seconds
149.021: Application time: 0.0157460 seconds
149.022: [GC149.022: [ParNew: 34221K->1437K(37568K), 0.0012430 secs] 240881K->208096K(854844K), 0.0012820 secs] [Times: user=0.01 sys=0.00, real=0.01 secs] 
149.023: Total time for which application threads were stopped: 0.0014520 seconds, Stopping threads took: 0.0000990 seconds
149.032: Application time: 0.0089920 seconds
149.032: [GC149.032: [ParNew: 34458K->3604K(37568K), 0.0025260 secs] 241118K->213114K(854844K), 0.0025670 secs] [Times: user=0.02 sys=0.00, real=0.00 secs] 
149.035: Total time for which application threads were stopped: 0.0027710 seconds, Stopping threads took: 0.0001300 seconds
149.048: Application time: 0.0138910 seconds
149.049: [GC149.049: [ParNew: 36926K->3576K(37568K), 0.0047340 secs] 246435K->223090K(854844K), 0.0047770 secs] [Times: user=0.04 sys=0.00, real=0.00 secs] 
149.053: Total time for which application threads were stopped: 0.0049480 seconds, Stopping threads took: 0.0000880 seconds
149.067: Application time: 0.0135540 seconds
149.067: [GC149.067: [ParNew: 36362K->3570K(37568K), 0.0030330 secs] 255876K->226647K(854844K), 0.0030750 secs] [Times: user=0.02 sys=0.00, real=0.00 secs] 
149.070: Total time for which application threads were stopped: 0.0032390 seconds, Stopping threads took: 0.0000890 seconds
149.084: Application time: 0.0133170 seconds
149.084: [GC149.084: [ParNew: 36357K->1437K(37568K), 0.0020080 secs] 259434K->226651K(854844K), 0.0020460 secs] [Times: user=0.02 sys=0.00, real=0.00 secs] 
149.086: Total time for which application threads were stopped: 0.0022190 seconds, Stopping threads took: 0.0001010 seconds
149.105: Application time: 0.0192210 seconds
149.105: [GC149.105: [ParNew: 34229K->2145K(37568K), 0.0016450 secs] 259444K->227360K(854844K), 0.0016900 secs] [Times: user=0.01 sys=0.00, real=0.00 secs] 
149.107: Total time for which application threads were stopped: 0.0018480 seconds, Stopping threads took: 0.0000870 seconds
149.128: Application time: 0.0212130 seconds
149.131: [GC149.131: [ParNew: 34955K->3580K(37568K), 0.0038200 secs] 260170K->235920K(854844K), 0.0038640 secs] [Times: user=0.03 sys=0.00, real=0.01 secs] 
149.135: Total time for which application threads were stopped: 0.0068230 seconds, Stopping threads took: 0.0028670 seconds
149.160: Application time: 0.0254070 seconds
149.160: [GC149.161: [ParNew: 36394K->3602K(37568K), 0.0038090 secs] 268733K->242356K(854844K), 0.0038530 secs] [Times: user=0.03 sys=0.00, real=0.01 secs] 
149.164: Total time for which application threads were stopped: 0.0040950 seconds, Stopping threads took: 0.0001410 seconds
149.176: Application time: 0.0119630 seconds
149.176: [GC149.176: [ParNew: 36388K->1433K(37568K), 0.0020310 secs] 275142K->242352K(854844K), 0.0020710 secs] [Times: user=0.02 sys=0.00, real=0.00 secs] 
149.179: Total time for which application threads were stopped: 0.0022290 seconds, Stopping threads took: 0.0000860 seconds
149.192: Application time: 0.0132300 seconds
149.192: [GC149.192: [ParNew: 34224K->2152K(37568K), 0.0016150 secs] 275144K->243071K(854844K), 0.0016500 secs] [Times: user=0.02 sys=0.00, real=0.00 secs] 
149.194: Total time for which application threads were stopped: 0.0017990 seconds, Stopping threads took: 0.0000790 seconds
149.206: Application time: 0.0128180 seconds
149.207: [GC149.207: [ParNew: 34945K->3574K(37568K), 0.0018400 secs] 275864K->245206K(854844K), 0.0018790 secs] [Times: user=0.01 sys=0.00, real=0.00 secs] 
149.208: Total time for which application threads were stopped: 0.0020150 seconds, Stopping threads took: 0.0000670 seconds
149.231: Application time: 0.0227500 seconds
149.231: [GC149.231: [ParNew: 36396K->3600K(37568K), 0.0054780 secs] 278028K->255921K(854844K), 0.0055240 secs] [Times: user=0.03 sys=0.00, real=0.01 secs] 
149.237: Total time for which application threads were stopped: 0.0057840 seconds, Stopping threads took: 0.0001730 seconds
149.249: Application time: 0.0119000 seconds
149.249: [GC149.249: [ParNew: 36388K->3570K(37568K), 0.0031380 secs] 288709K->259482K(854844K), 0.0031830 secs] [Times: user=0.03 sys=0.00, real=0.00 secs] 
149.252: Total time for which application threads were stopped: 0.0033370 seconds, Stopping threads took: 0.0000770 seconds
149.269: Application time: 0.0163450 seconds
149.269: [GC149.269: [ParNew: 36360K->1435K(37568K), 0.0021340 secs] 292272K->259485K(854844K), 0.0021740 secs] [Times: user=0.01 sys=0.00, real=0.00 secs] 
149.271: Total time for which application threads were stopped: 0.0023300 seconds, Stopping threads took: 0.0000800 seconds
149.279: Application time: 0.0084500 seconds
149.279: [GC149.279: [ParNew: 34226K->2866K(37568K), 0.0016980 secs] 292276K->260916K(854844K), 0.0017340 secs] [Times: user=0.01 sys=0.00, real=0.00 secs] 
149.281: Total time for which application threads were stopped: 0.0018910 seconds, Stopping threads took: 0.0000830 seconds
149.320: Application time: 0.0383670 seconds
149.320: [GC149.320: [ParNew: 35733K->3634K(37568K), 0.0046210 secs] 293783K->271659K(854844K), 0.0046650 secs] [Times: user=0.03 sys=0.00, real=0.01 secs] 
149.324: Total time for which application threads were stopped: 0.0048290 seconds, Stopping threads took: 0.0000880 seconds
149.336: Application time: 0.0114190 seconds
149.337: [GC149.337: [ParNew: 36967K->2190K(37568K), 0.0025070 secs] 304992K->273124K(854844K), 0.0025470 secs] [Times: user=0.01 sys=0.00, real=0.00 secs] 
149.339: Total time for which application threads were stopped: 0.0033980 seconds, Stopping threads took: 0.0007770 seconds
149.347: Application time: 0.0079270 seconds
149.348: [GC149.348: [ParNew: 35179K->3572K(37568K), 0.0019540 secs] 306113K->275248K(854844K), 0.0019980 secs] [Times: user=0.01 sys=0.00, real=0.00 secs] 
149.350: Total time for which application threads were stopped: 0.0028630 seconds, Stopping threads took: 0.0007830 seconds
149.358: Application time: 0.0078140 seconds
149.358: [GC149.358: [ParNew: 36362K->3572K(37568K), 0.0024620 secs] 308038K->276675K(854844K), 0.0025060 secs] [Times: user=0.02 sys=0.00, real=0.00 secs] 
149.361: Total time for which application threads were stopped: 0.0027350 seconds, Stopping threads took: 0.0001520 seconds
149.369: Application time: 0.0080680 seconds
149.370: [GC149.370: [ParNew: 36357K->2139K(37568K), 0.0015270 secs] 309460K->275955K(854844K), 0.0015680 secs] [Times: user=0.01 sys=0.00, real=0.00 secs] 
149.371: Total time for which application threads were stopped: 0.0024210 seconds, Stopping threads took: 0.0007710 seconds
149.379: Application time: 0.0074960 seconds
149.379: [GC149.379: [ParNew: 34931K->3572K(37568K), 0.0031140 secs] 308747K->281663K(854844K), 0.0031660 secs] [Times: user=0.02 sys=0.00, real=0.00 secs] 
149.382: Total time for which application threads were stopped: 0.0033630 seconds, Stopping threads took: 0.0001210 seconds
149.390: Application time: 0.0081290 seconds
149.390: [GC149.390: [ParNew: 36371K->3568K(37568K), 0.0030200 secs] 314462K->285222K(854844K), 0.0030670 secs] [Times: user=0.01 sys=0.00, real=0.00 secs] 
149.393: Total time for which application threads were stopped: 0.0033300 seconds, Stopping threads took: 0.0001880 seconds
149.401: Application time: 0.0075200 seconds
149.402: [GC149.402: [ParNew: 36362K->3572K(37568K), 0.0027120 secs] 318015K->288078K(854844K), 0.0027590 secs] [Times: user=0.02 sys=0.00, real=0.01 secs] 
149.405: Total time for which application threads were stopped: 0.0036150 seconds, Stopping threads took: 0.0007790 seconds
149.412: Application time: 0.0072430 seconds
149.413: [GC149.413: [ParNew: 36360K->3562K(37568K), 0.0027290 secs] 320865K->290919K(854844K), 0.0027730 secs] [Times: user=0.02 sys=0.00, real=0.01 secs] 
149.415: Total time for which application threads were stopped: 0.0035780 seconds, Stopping threads took: 0.0007290 seconds
149.423: Application time: 0.0079080 seconds
149.424: [GC149.424: [ParNew: 36365K->3579K(37568K), 0.0020550 secs] 323721K->291648K(854844K), 0.0020960 secs] [Times: user=0.02 sys=0.00, real=0.00 secs] 
149.426: Total time for which application threads were stopped: 0.0023390 seconds, Stopping threads took: 0.0001700 seconds
149.432: Application time: 0.0066460 seconds
149.432: [GC149.432: [ParNew: 36373K->2856K(37568K), 0.0026420 secs] 324442K->293777K(854844K), 0.0026850 secs] [Times: user=0.02 sys=0.00, real=0.01 secs] 
149.435: Total time for which application threads were stopped: 0.0028650 seconds, Stopping threads took: 0.0001040 seconds
149.442: Application time: 0.0065900 seconds
149.442: [GC149.442: [ParNew: 35638K->1425K(37568K), 0.0013950 secs] 326560K->293059K(854844K), 0.0014330 secs] [Times: user=0.01 sys=0.00, real=0.01 secs] 
149.444: Total time for which application threads were stopped: 0.0019420 seconds, Stopping threads took: 0.0004380 seconds
149.564: Application time: 0.1204840 seconds
149.564: [GC149.564: [ParNew: 34234K->3576K(37568K), 0.0054380 secs] 325868K->308748K(854844K), 0.0054830 secs] [Times: user=0.04 sys=0.00, real=0.00 secs] 
149.570: Total time for which application threads were stopped: 0.0056360 seconds, Stopping threads took: 0.0000710 seconds
149.705: Application time: 0.1353370 seconds
149.705: [GC149.705: [ParNew: 36368K->3562K(37568K), 0.0056800 secs] 341540K->321561K(854844K), 0.0057250 secs] [Times: user=0.04 sys=0.00, real=0.00 secs] 
149.711: Total time for which application threads were stopped: 0.0058520 seconds, Stopping threads took: 0.0000570 seconds
149.853: Application time: 0.1417980 seconds
149.853: [GC149.853: [ParNew: 36354K->3564K(37568K), 0.0053230 secs] 354353K->333676K(854844K), 0.0053640 secs] [Times: user=0.04 sys=0.00, real=0.01 secs] 
149.858: Total time for which application threads were stopped: 0.0054970 seconds, Stopping threads took: 0.0000650 seconds
150.004: Application time: 0.1458680 seconds
150.004: [GC150.004: [ParNew: 36362K->3566K(37568K), 0.0054950 secs] 366474K->345791K(854844K), 0.0055480 secs] [Times: user=0.04 sys=0.00, real=0.00 secs] 
150.010: Total time for which application threads were stopped: 0.0057010 seconds, Stopping threads took: 0.0000840 seconds
150.152: Application time: 0.1424830 seconds
150.152: [GC150.153: [ParNew: 36373K->3572K(37568K), 0.0055290 secs] 378597K->359335K(854844K), 0.0055730 secs] [Times: user=0.04 sys=0.00, real=0.01 secs] 
150.158: Total time for which application threads were stopped: 0.0057260 seconds, Stopping threads took: 0.0000730 seconds
150.306: Application time: 0.1480100 seconds
150.306: [GC150.306: [ParNew: 36379K->3572K(37568K), 0.0057680 secs] 392142K->372875K(854844K), 0.0058110 secs] [Times: user=0.05 sys=0.00, real=0.00 secs] 
150.312: Total time for which application threads were stopped: 0.0059500 seconds, Stopping threads took: 0.0000710 seconds
150.457: Application time: 0.1451120 seconds
150.457: [GC150.457: [ParNew: 36389K->3576K(37568K), 0.0057260 secs] 405692K->387131K(854844K), 0.0057700 secs] [Times: user=0.05 sys=0.00, real=0.01 secs] 
150.463: Total time for which application threads were stopped: 0.0058950 seconds, Stopping threads took: 0.0000590 seconds
150.600: Application time: 0.1372880 seconds
150.601: [GC150.601: [ParNew: 36368K->3562K(37568K), 0.0053320 secs] 419923K->399945K(854844K), 0.0053760 secs] [Times: user=0.04 sys=0.00, real=0.01 secs] 
150.606: Total time for which application threads were stopped: 0.0055530 seconds, Stopping threads took: 0.0001080 seconds
150.758: Application time: 0.1523840 seconds
150.758: [GC150.758: [ParNew: 36354K->3564K(37568K), 0.0051380 secs] 432737K->412059K(854844K), 0.0051810 secs] [Times: user=0.04 sys=0.00, real=0.01 secs] 
150.764: Total time for which application threads were stopped: 0.0053260 seconds, Stopping threads took: 0.0000700 seconds
150.904: Application time: 0.1407730 seconds
150.905: [GC150.905: [ParNew: 36365K->3574K(37568K), 0.0051500 secs] 444860K->424182K(854844K), 0.0051950 secs] [Times: user=0.04 sys=0.00, real=0.00 secs] 
150.910: Total time for which application threads were stopped: 0.0053600 seconds, Stopping threads took: 0.0000970 seconds
151.049: Application time: 0.1393290 seconds
151.049: [GC151.049: [ParNew: 36384K->3576K(37568K), 0.0050740 secs] 456992K->436298K(854844K), 0.0051170 secs] [Times: user=0.04 sys=0.00, real=0.00 secs] 
151.054: Total time for which application threads were stopped: 0.0053010 seconds, Stopping threads took: 0.0001160 seconds
151.154: Application time: 0.0995930 seconds
151.154: [GC151.154: [ParNew: 36377K->3570K(37568K), 0.0049240 secs] 469099K->447694K(854844K), 0.0049680 secs] [Times: user=0.04 sys=0.00, real=0.01 secs] 
151.159: Total time for which application threads were stopped: 0.0051690 seconds, Stopping threads took: 0.0001300 seconds
151.295: Application time: 0.1355040 seconds
151.295: [GC151.295: [ParNew: 36380K->3572K(37568K), 0.0057050 secs] 480504K->461235K(854844K), 0.0057480 secs] [Times: user=0.05 sys=0.00, real=0.00 secs] 
151.301: Total time for which application threads were stopped: 0.0059160 seconds, Stopping threads took: 0.0000760 seconds
151.398: Application time: 0.0974360 seconds
151.398: [GC151.398: [ParNew: 36382K->3574K(37568K), 0.0055740 secs] 494045K->474777K(854844K), 0.0056200 secs] [Times: user=0.04 sys=0.00, real=0.01 secs] 
151.404: Total time for which application threads were stopped: 0.0058030 seconds, Stopping threads took: 0.0001090 seconds
151.525: Application time: 0.1214170 seconds
151.525: [GC151.525: [ParNew: 36368K->3562K(37568K), 0.0053450 secs] 507571K->487593K(854844K), 0.0053840 secs] [Times: user=0.04 sys=0.00, real=0.00 secs] 
151.531: Total time for which application threads were stopped: 0.0055320 seconds, Stopping threads took: 0.0000780 seconds
151.624: Application time: 0.0932400 seconds
151.624: [GC151.624: [ParNew: 36356K->3564K(37568K), 0.0050680 secs] 520387K->499709K(854844K), 0.0051130 secs] [Times: user=0.04 sys=0.00, real=0.00 secs] 
151.629: Total time for which application threads were stopped: 0.0052840 seconds, Stopping threads took: 0.0000900 seconds
151.757: Application time: 0.1276860 seconds
151.757: [GC151.757: [ParNew: 36359K->3562K(37568K), 0.0053460 secs] 532503K->512533K(854844K), 0.0053880 secs] [Times: user=0.04 sys=0.00, real=0.00 secs] 
151.763: Total time for which application threads were stopped: 0.0055340 seconds, Stopping threads took: 0.0000760 seconds
151.859: Application time: 0.0967870 seconds
151.859: [GC151.859: [ParNew: 36366K->3568K(37568K), 0.0053260 secs] 545337K->525366K(854844K), 0.0053720 secs] [Times: user=0.04 sys=0.00, real=0.01 secs] 
151.865: Total time for which application threads were stopped: 0.0055180 seconds, Stopping threads took: 0.0000720 seconds
151.985: Application time: 0.1197690 seconds
151.985: [GC151.985: [ParNew: 36364K->3562K(37568K), 0.0053490 secs] 558161K->538188K(854844K), 0.0053930 secs] [Times: user=0.04 sys=0.00, real=0.00 secs] 
151.990: Total time for which application threads were stopped: 0.0055280 seconds, Stopping threads took: 0.0000600 seconds
152.093: Application time: 0.1024170 seconds
152.093: [GC152.093: [ParNew: 36382K->3577K(37568K), 0.0054670 secs] 571007K->551741K(854844K), 0.0055120 secs] [Times: user=0.05 sys=0.00, real=0.01 secs] 
152.098: Total time for which application threads were stopped: 0.0056750 seconds, Stopping threads took: 0.0000890 seconds
152.211: Application time: 0.1131780 seconds
152.212: [GC152.212: [ParNew: 36381K->3571K(37568K), 0.0055710 secs] 584545K->565277K(854844K), 0.0056130 secs] [Times: user=0.04 sys=0.01, real=0.01 secs] 
152.217: Total time for which application threads were stopped: 0.0057590 seconds, Stopping threads took: 0.0000800 seconds
152.323: Application time: 0.1058710 seconds
152.323: [GC152.323: [ParNew: 36389K->3575K(37568K), 0.0055190 secs] 598096K->578821K(854844K), 0.0055630 secs] [Times: user=0.04 sys=0.00, real=0.00 secs] 
152.329: Total time for which application threads were stopped: 0.0057090 seconds, Stopping threads took: 0.0000730 seconds
152.439: Application time: 0.1100340 seconds
152.439: [GC152.439: [ParNew: 36369K->3562K(37568K), 0.0055020 secs] 611616K->591638K(854844K), 0.0055460 secs] [Times: user=0.04 sys=0.00, real=0.01 secs] 
152.444: Total time for which application threads were stopped: 0.0056970 seconds, Stopping threads took: 0.0000680 seconds
152.551: Application time: 0.1061490 seconds
152.551: [GC152.551: [ParNew: 36357K->3564K(37568K), 0.0051810 secs] 624432K->603754K(854844K), 0.0052250 secs] [Times: user=0.03 sys=0.00, real=0.01 secs] 
152.556: Total time for which application threads were stopped: 0.0053960 seconds, Stopping threads took: 0.0000930 seconds
152.654: Application time: 0.0982680 seconds
152.654: [GC152.654: [ParNew: 36358K->3562K(37568K), 0.0055790 secs] 636547K->616577K(854844K), 0.0056230 secs] [Times: user=0.04 sys=0.00, real=0.01 secs] 
152.660: Total time for which application threads were stopped: 0.0057810 seconds, Stopping threads took: 0.0000860 seconds
152.780: Application time: 0.1196960 seconds
152.780: [GC152.780: [ParNew: 36389K->3604K(37568K), 0.0050110 secs] 649405K->628020K(854844K), 0.0050530 secs] [Times: user=0.04 sys=0.00, real=0.01 secs] 
152.785: Total time for which application threads were stopped: 0.0052030 seconds, Stopping threads took: 0.0000810 seconds
152.800: Application time: 0.0146060 seconds
152.800: [GC152.800: [ParNew: 36395K->3568K(37568K), 0.0032890 secs] 660810K->633001K(854844K), 0.0033330 secs] [Times: user=0.03 sys=0.00, real=0.01 secs] 
152.803: Total time for which application threads were stopped: 0.0035240 seconds, Stopping threads took: 0.0001200 seconds
152.812: Application time: 0.0091920 seconds
152.812: [GC152.812: [ParNew: 36363K->3570K(37568K), 0.0037560 secs] 665795K->640128K(854844K), 0.0037940 secs] [Times: user=0.03 sys=0.00, real=0.01 secs] 
152.816: Total time for which application threads were stopped: 0.0039290 seconds, Stopping threads took: 0.0000630 seconds
152.831: Application time: 0.0150130 seconds
152.831: [GC152.831: [ParNew: 36354K->712K(37568K), 0.0023100 secs] 672912K->640834K(854844K), 0.0023560 secs] [Times: user=0.01 sys=0.00, real=0.00 secs] 
152.834: Total time for which application threads were stopped: 0.0025030 seconds, Stopping threads took: 0.0000740 seconds
152.842: Application time: 0.0078320 seconds
152.842: [GC152.842: [ParNew: 33503K->1433K(37568K), 0.0013660 secs] 673624K->641554K(854844K), 0.0014000 secs] [Times: user=0.01 sys=0.00, real=0.01 secs] 
152.843: Total time for which application threads were stopped: 0.0015610 seconds, Stopping threads took: 0.0000890 seconds
152.950: Application time: 0.1064370 seconds
152.950: [GC152.950: [ParNew: 34234K->3570K(37568K), 0.0053660 secs] 674356K->656517K(854844K), 0.0054110 secs] [Times: user=0.04 sys=0.00, real=0.01 secs] 
152.955: Total time for which application threads were stopped: 0.0055560 seconds, Stopping threads took: 0.0000590 seconds
152.989: Application time: 0.0335840 seconds
152.990: [GC152.990: [ParNew: 36425K->3628K(37568K), 0.0038940 secs] 689372K->663701K(854844K), 0.0039380 secs] [Times: user=0.03 sys=0.00, real=0.00 secs] 
152.994: Total time for which application threads were stopped: 0.0048480 seconds, Stopping threads took: 0.0008340 seconds
153.005: Application time: 0.0109180 seconds
153.005: [GC153.005: [ParNew: 36418K->3566K(37568K), 0.0027860 secs] 696491K->667260K(854844K), 0.0028280 secs] [Times: user=0.02 sys=0.00, real=0.00 secs] 
153.008: Total time for which application threads were stopped: 0.0031950 seconds, Stopping threads took: 0.0002990 seconds
153.015: Application time: 0.0072350 seconds
153.015: [GC153.015: [ParNew: 36354K->3570K(37568K), 0.0032040 secs] 700048K->671540K(854844K), 0.0032470 secs] [Times: user=0.02 sys=0.00, real=0.00 secs] 
153.018: Total time for which application threads were stopped: 0.0034700 seconds, Stopping threads took: 0.0001470 seconds
153.027: Application time: 0.0083030 seconds
153.028: [GC153.028: [ParNew: 36367K->2864K(37568K), 0.0018600 secs] 704336K->671546K(854844K), 0.0018990 secs] [Times: user=0.01 sys=0.00, real=0.00 secs] 
153.029: Total time for which application threads were stopped: 0.0026850 seconds, Stopping threads took: 0.0007160 seconds
153.038: Application time: 0.0086710 seconds
153.038: [GC153.038: [ParNew: 35650K->3566K(37568K), 0.0024700 secs] 704332K->674388K(854844K), 0.0025110 secs] [Times: user=0.02 sys=0.00, real=0.00 secs] 
153.041: Total time for which application threads were stopped: 0.0027700 seconds, Stopping threads took: 0.0001870 seconds
153.050: Application time: 0.0087770 seconds
153.050: [GC153.050: [ParNew: 36328K->2901K(37568K), 0.0019490 secs] 707149K->675148K(854844K), 0.0019900 secs] [Times: user=0.01 sys=0.00, real=0.00 secs] 
153.052: Total time for which application threads were stopped: 0.0024820 seconds, Stopping threads took: 0.0004190 seconds
153.060: Application time: 0.0074740 seconds
153.060: [GC153.060: [ParNew: 35608K->3609K(37568K), 0.0020980 secs] 707855K->676598K(854844K), 0.0021400 secs] [Times: user=0.02 sys=0.00, real=0.00 secs] 
153.062: Total time for which application threads were stopped: 0.0024840 seconds, Stopping threads took: 0.0002740 seconds
153.070: Application time: 0.0075460 seconds
153.070: [GC153.070: [ParNew: 36580K->3572K(37568K), 0.0024660 secs] 709569K->678729K(854844K), 0.0025080 secs] [Times: user=0.01 sys=0.00, real=0.00 secs] 
153.072: Total time for which application threads were stopped: 0.0026850 seconds, Stopping threads took: 0.0001020 seconds
153.081: Application time: 0.0086680 seconds
153.082: [GC153.082: [ParNew: 36369K->3576K(37568K), 0.0030130 secs] 711526K->682296K(854844K), 0.0030570 secs] [Times: user=0.02 sys=0.00, real=0.01 secs] 
153.085: Total time for which application threads were stopped: 0.0037220 seconds, Stopping threads took: 0.0005930 seconds
153.093: Application time: 0.0082610 seconds
153.094: [GC153.094: [ParNew: 36373K->3574K(37568K), 0.0025990 secs] 715092K->684433K(854844K), 0.0026410 secs] [Times: user=0.02 sys=0.00, real=0.01 secs] 
153.096: Total time for which application threads were stopped: 0.0034610 seconds, Stopping threads took: 0.0007010 seconds
153.105: Application time: 0.0080740 seconds
153.105: [GC153.105: [ParNew: 36360K->2145K(37568K), 0.0020730 secs] 717219K->685142K(854844K), 0.0021250 secs] [Times: user=0.02 sys=0.00, real=0.00 secs] 
153.107: Total time for which application threads were stopped: 0.0024060 seconds, Stopping threads took: 0.0002080 seconds
153.115: Application time: 0.0076550 seconds
153.115: [GC153.115: [ParNew: 34938K->3576K(37568K), 0.0026590 secs] 717935K->689424K(854844K), 0.0026990 secs] [Times: user=0.02 sys=0.00, real=0.00 secs] 
153.118: Total time for which application threads were stopped: 0.0036070 seconds, Stopping threads took: 0.0008360 seconds
153.126: Application time: 0.0078950 seconds
153.127: [GC153.127: [ParNew: 36368K->2858K(37568K), 0.0025900 secs] 722215K->691556K(854844K), 0.0026330 secs] [Times: user=0.02 sys=0.00, real=0.00 secs] 
153.129: Total time for which application threads were stopped: 0.0030650 seconds, Stopping threads took: 0.0003580 seconds
153.137: Application time: 0.0079320 seconds
153.137: [GC153.137: [ParNew: 35652K->2146K(37568K), 0.0018630 secs] 724351K->692270K(854844K), 0.0019040 secs] [Times: user=0.02 sys=0.00, real=0.00 secs] 
153.139: Total time for which application threads were stopped: 0.0020830 seconds, Stopping threads took: 0.0001050 seconds
153.146: Application time: 0.0069060 seconds
153.146: [GC153.146: [ParNew: 34938K->3573K(37568K), 0.0023260 secs] 725063K->695123K(854844K), 0.0023690 secs] [Times: user=0.02 sys=0.00, real=0.00 secs] 
153.149: Total time for which application threads were stopped: 0.0025500 seconds, Stopping threads took: 0.0001070 seconds
153.156: Application time: 0.0073270 seconds
153.156: [GC153.156: [ParNew: 36366K->3574K(37568K), 0.0025890 secs] 727916K->697263K(854844K), 0.0026370 secs] [Times: user=0.02 sys=0.00, real=0.00 secs] 
153.159: Total time for which application threads were stopped: 0.0028470 seconds, Stopping threads took: 0.0001340 seconds
153.243: Application time: 0.0844100 seconds
153.243: [GC153.243: [ParNew: 36410K->3604K(37568K), 0.0061460 secs] 730099K->712257K(854844K), 0.0061900 secs] [Times: user=0.04 sys=0.01, real=0.00 secs] 
153.250: Total time for which application threads were stopped: 0.0063260 seconds, Stopping threads took: 0.0000630 seconds
153.263: Application time: 0.0133580 seconds
153.263: [GC153.263: [ParNew: 36815K->1472K(37568K), 0.0032170 secs] 745468K->713005K(854844K), 0.0032560 secs] [Times: user=0.02 sys=0.00, real=0.00 secs] 
153.266: Total time for which application threads were stopped: 0.0034100 seconds, Stopping threads took: 0.0000830 seconds
153.278: Application time: 0.0120180 seconds
153.279: [GC153.279: [ParNew: 34585K->3606K(37568K), 0.0025990 secs] 746118K->717276K(854844K), 0.0026410 secs] [Times: user=0.02 sys=0.00, real=0.00 secs] 
153.282: Total time for which application threads were stopped: 0.0035040 seconds, Stopping threads took: 0.0007880 seconds
153.292: Application time: 0.0102990 seconds
153.293: [GC153.293: [ParNew: 36389K->1427K(37568K), 0.0019320 secs] 750059K->716552K(854844K), 0.0019700 secs] [Times: user=0.01 sys=0.00, real=0.00 secs] 
153.295: Total time for which application threads were stopped: 0.0025230 seconds, Stopping threads took: 0.0004810 seconds
153.302: Application time: 0.0074590 seconds
153.303: [GC153.303: [ParNew: 34229K->3574K(37568K), 0.0025340 secs] 749354K->720837K(854844K), 0.0025790 secs] [Times: user=0.02 sys=0.00, real=0.00 secs] 
153.306: Total time for which application threads were stopped: 0.0035350 seconds, Stopping threads took: 0.0008610 seconds
153.313: Application time: 0.0069180 seconds
153.313: [GC153.313: [ParNew: 36935K->1472K(37568K), 0.0057820 secs] 754198K->720161K(854844K), 0.0058200 secs] [Times: user=0.04 sys=0.00, real=0.01 secs] 
153.319: Total time for which application threads were stopped: 0.0063050 seconds, Stopping threads took: 0.0004110 seconds
153.329: Application time: 0.0104330 seconds
153.330: [GC153.330: [ParNew: 34439K->3606K(37568K), 0.0024010 secs] 753128K->723720K(854844K), 0.0024470 secs] [Times: user=0.01 sys=0.00, real=0.00 secs] 
153.332: Total time for which application threads were stopped: 0.0029590 seconds, Stopping threads took: 0.0004350 seconds
153.341: Application time: 0.0084500 seconds
153.341: [GC153.341: [ParNew: 36395K->3566K(37568K), 0.0033130 secs] 756509K->728699K(854844K), 0.0033550 secs] [Times: user=0.03 sys=0.00, real=0.01 secs] 
153.344: Total time for which application threads were stopped: 0.0035190 seconds, Stopping threads took: 0.0000900 seconds
153.352: Application time: 0.0079800 seconds
153.352: [GC153.352: [ParNew: 36363K->3577K(37568K), 0.0029810 secs] 761496K->732272K(854844K), 0.0030260 secs] [Times: user=0.02 sys=0.00, real=0.01 secs] 
153.355: Total time for which application threads were stopped: 0.0032120 seconds, Stopping threads took: 0.0001100 seconds
153.363: Application time: 0.0071380 seconds
153.363: [GC153.363: [ParNew: 36368K->2858K(37568K), 0.0021890 secs] 765064K->732979K(854844K), 0.0022310 secs] [Times: user=0.02 sys=0.00, real=0.01 secs] 
153.365: Total time for which application threads were stopped: 0.0023820 seconds, Stopping threads took: 0.0000750 seconds
153.375: Application time: 0.0101300 seconds
153.375: [GC153.375: [ParNew: 35651K->3570K(37568K), 0.0025500 secs] 765772K->735830K(854844K), 0.0025900 secs] [Times: user=0.02 sys=0.00, real=0.00 secs] 
153.378: Total time for which application threads were stopped: 0.0027710 seconds, Stopping threads took: 0.0001070 seconds
153.388: Application time: 0.0103780 seconds
153.388: [GC153.388: [ParNew: 36362K->1433K(37568K), 0.0021570 secs] 768623K->736544K(854844K), 0.0021980 secs] [Times: user=0.01 sys=0.00, real=0.00 secs] 
153.391: Total time for which application threads were stopped: 0.0023730 seconds, Stopping threads took: 0.0001020 seconds
153.470: Application time: 0.0792610 seconds
153.470: [GC153.470: [ParNew: 34234K->3572K(37568K), 0.0052430 secs] 769345K->751509K(854844K), 0.0052840 secs] [Times: user=0.04 sys=0.00, real=0.01 secs] 
153.475: Total time for which application threads were stopped: 0.0054290 seconds, Stopping threads took: 0.0000680 seconds
153.612: Application time: 0.1364640 seconds
153.612: [GC153.612: [ParNew: 36364K->3562K(37568K), 0.0053660 secs] 784301K->764325K(854844K), 0.0054070 secs] [Times: user=0.04 sys=0.00, real=0.01 secs] 
153.617: Total time for which application threads were stopped: 0.0055410 seconds, Stopping threads took: 0.0000660 seconds
153.617: Application time: 0.0000520 seconds
153.619: [GC [1 CMS-initial-mark: 760762K(817276K)] 765037K(854844K), 0.0001280 secs] [Times: user=0.00 sys=0.00, real=0.00 secs] 
153.619: Total time for which application threads were stopped: 0.0016360 seconds, Stopping threads took: 0.0014820 seconds
153.619: [CMS-concurrent-mark-start]
153.624: [CMS-concurrent-mark: 0.005/0.005 secs] [Times: user=0.03 sys=0.00, real=0.01 secs] 
153.624: [CMS-concurrent-preclean-start]
153.626: [CMS-concurrent-preclean: 0.001/0.001 secs] [Times: user=0.00 sys=0.00, real=0.00 secs] 
153.626: Application time: 0.0064970 seconds
153.626: [GC[YG occupancy: 4275 K (37568 K)]153.626: [Rescan (parallel) , 0.0002580 secs]153.626: [weak refs processing, 0.0000060 secs]153.626: [scrub string table, 0.0001140 secs] [1 CMS-remark: 760762K(817276K)] 765037K(854844K), 0.0004040 secs] [Times: user=0.00 sys=0.00, real=0.00 secs] 
153.626: Total time for which application threads were stopped: 0.0004790 seconds, Stopping threads took: 0.0000470 seconds
153.626: [CMS-concurrent-sweep-start]
153.628: [CMS-concurrent-sweep: 0.002/0.002 secs] [Times: user=0.01 sys=0.00, real=0.00 secs] 
153.628: [CMS-concurrent-reset-start]
153.629: [CMS-concurrent-reset: 0.002/0.002 secs] [Times: user=0.00 sys=0.00, real=0.00 secs] 
153.768: Application time: 0.1421690 seconds
153.768: [GC153.768: [ParNew: 36354K->3564K(37568K), 0.0050830 secs] 58394K->37717K(854844K), 0.0051260 secs] [Times: user=0.04 sys=0.00, real=0.00 secs] 
153.773: Total time for which application threads were stopped: 0.0052930 seconds, Stopping threads took: 0.0001000 seconds
153.921: Application time: 0.1472910 seconds
153.921: [GC153.921: [ParNew: 36364K->3572K(37568K), 0.0052940 secs] 70517K->50550K(854844K), 0.0053440 secs] [Times: user=0.04 sys=0.00, real=0.01 secs] 
153.926: Total time for which application threads were stopped: 0.0054990 seconds, Stopping threads took: 0.0000850 seconds
154.075: Application time: 0.1490250 seconds
154.075: [GC154.075: [ParNew: 36370K->3570K(37568K), 0.0053370 secs] 83348K->63374K(854844K), 0.0053780 secs] [Times: user=0.04 sys=0.00, real=0.00 secs] 
154.081: Total time for which application threads were stopped: 0.0055390 seconds, Stopping threads took: 0.0000830 seconds
154.228: Application time: 0.1473940 seconds
154.228: [GC154.228: [ParNew: 36383K->3572K(37568K), 0.0069520 secs] 96187K->76202K(854844K), 0.0069910 secs] [Times: user=0.05 sys=0.00, real=0.01 secs] 
154.235: Total time for which application threads were stopped: 0.0071400 seconds, Stopping threads took: 0.0000830 seconds
154.382: Application time: 0.1467760 seconds
154.382: [GC154.382: [ParNew: 36385K->3570K(37568K), 0.0051060 secs] 109015K->88316K(854844K), 0.0051500 secs] [Times: user=0.04 sys=0.00, real=0.01 secs] 
154.387: Total time for which application threads were stopped: 0.0052850 seconds, Stopping threads took: 0.0000650 seconds
154.526: Application time: 0.1386750 seconds
154.526: [GC154.526: [ParNew: 36362K->3562K(37568K), 0.0052570 secs] 121107K->101135K(854844K), 0.0053010 secs] [Times: user=0.04 sys=0.00, real=0.00 secs] 
154.532: Total time for which application threads were stopped: 0.0054370 seconds, Stopping threads took: 0.0000640 seconds
154.684: Application time: 0.1528080 seconds
154.685: [GC154.685: [ParNew: 36354K->3564K(37568K), 0.0050480 secs] 133927K->113250K(854844K), 0.0050920 secs] [Times: user=0.04 sys=0.00, real=0.00 secs] 
154.690: Total time for which application threads were stopped: 0.0052370 seconds, Stopping threads took: 0.0000630 seconds
154.829: Application time: 0.1397790 seconds
154.829: [GC154.830: [ParNew: 36364K->3570K(37568K), 0.0049810 secs] 146050K->125369K(854844K), 0.0050230 secs] [Times: user=0.03 sys=0.00, real=0.00 secs] 
154.835: Total time for which application threads were stopped: 0.0051470 seconds, Stopping threads took: 0.0000570 seconds
154.944: Application time: 0.1090840 seconds
154.944: [GC154.944: [ParNew: 36362K->3562K(37568K), 0.0051990 secs] 158161K->137475K(854844K), 0.0052410 secs] [Times: user=0.04 sys=0.00, real=0.00 secs] 
154.949: Total time for which application threads were stopped: 0.0053800 seconds, Stopping threads took: 0.0000650 seconds
155.093: Application time: 0.1437380 seconds
155.093: [GC155.093: [ParNew: 36379K->3576K(37568K), 0.0048950 secs] 170292K->148889K(854844K), 0.0049370 secs] [Times: user=0.04 sys=0.00, real=0.01 secs] 
155.098: Total time for which application threads were stopped: 0.0051220 seconds, Stopping threads took: 0.0001120 seconds
155.212: Application time: 0.1142210 seconds
155.212: [GC155.212: [ParNew: 36386K->3574K(37568K), 0.0056760 secs] 181699K->162428K(854844K), 0.0057200 secs] [Times: user=0.04 sys=0.00, real=0.01 secs] 
155.218: Total time for which application threads were stopped: 0.0058690 seconds, Stopping threads took: 0.0000640 seconds
155.330: Application time: 0.1116590 seconds
155.330: [GC155.330: [ParNew: 36384K->3574K(37568K), 0.0054220 secs] 195238K->175968K(854844K), 0.0054670 secs] [Times: user=0.04 sys=0.00, real=0.01 secs] 
155.335: Total time for which application threads were stopped: 0.0056370 seconds, Stopping threads took: 0.0000970 seconds
155.422: Application time: 0.0870570 seconds
155.422: [GC155.422: [ParNew: 36367K->3562K(37568K), 0.0055230 secs] 208761K->188784K(854844K), 0.0055690 secs] [Times: user=0.04 sys=0.00, real=0.01 secs] 
155.428: Total time for which application threads were stopped: 0.0057000 seconds, Stopping threads took: 0.0000620 seconds
155.562: Application time: 0.1340510 seconds
155.562: [GC155.562: [ParNew: 36356K->3564K(37568K), 0.0052990 secs] 221578K->200900K(854844K), 0.0053420 secs] [Times: user=0.04 sys=0.00, real=0.01 secs] 
155.568: Total time for which application threads were stopped: 0.0054900 seconds, Stopping threads took: 0.0000640 seconds
155.661: Application time: 0.0938050 seconds
155.662: [GC155.662: [ParNew: 36359K->3562K(37568K), 0.0052530 secs] 233694K->213724K(854844K), 0.0052880 secs] [Times: user=0.04 sys=0.00, real=0.01 secs] 
155.667: Total time for which application threads were stopped: 0.0054660 seconds, Stopping threads took: 0.0001090 seconds
155.792: Application time: 0.1247480 seconds
155.792: [GC155.792: [ParNew: 36364K->3570K(37568K), 0.0049920 secs] 246525K->225846K(854844K), 0.0050320 secs] [Times: user=0.04 sys=0.00, real=0.01 secs] 
155.797: Total time for which application threads were stopped: 0.0051660 seconds, Stopping threads took: 0.0000550 seconds
155.884: Application time: 0.0868560 seconds
155.884: [GC155.884: [ParNew: 36366K->3562K(37568K), 0.0054600 secs] 258641K->238665K(854844K), 0.0055040 secs] [Times: user=0.04 sys=0.00, real=0.00 secs] 
155.889: Total time for which application threads were stopped: 0.0056710 seconds, Stopping threads took: 0.0000950 seconds
156.005: Application time: 0.1154360 seconds
156.005: [GC156.005: [ParNew: 36377K->3575K(37568K), 0.0051260 secs] 271481K->250792K(854844K), 0.0051700 secs] [Times: user=0.04 sys=0.00, real=0.00 secs] 
156.010: Total time for which application threads were stopped: 0.0053160 seconds, Stopping threads took: 0.0000740 seconds
156.115: Application time: 0.1053190 seconds
156.115: [GC156.116: [ParNew: 36385K->3571K(37568K), 0.0056290 secs] 283602K->264330K(854844K), 0.0056710 secs] [Times: user=0.04 sys=0.00, real=0.00 secs] 
156.121: Total time for which application threads were stopped: 0.0058170 seconds, Stopping threads took: 0.0000730 seconds
156.253: Application time: 0.1313880 seconds
156.253: [GC156.253: [ParNew: 36366K->3564K(37568K), 0.0049870 secs] 297125K->276439K(854844K), 0.0050290 secs] [Times: user=0.04 sys=0.00, real=0.01 secs] 
156.258: Total time for which application threads were stopped: 0.0051590 seconds, Stopping threads took: 0.0000590 seconds
156.340: Application time: 0.0817890 seconds
156.340: [GC156.340: [ParNew: 36376K->3579K(37568K), 0.0057790 secs] 309251K->290705K(854844K), 0.0058230 secs] [Times: user=0.05 sys=0.00, real=0.01 secs] 
156.346: Total time for which application threads were stopped: 0.0059990 seconds, Stopping threads took: 0.0000930 seconds
156.475: Application time: 0.1290420 seconds
156.475: [GC156.475: [ParNew: 36373K->3564K(37568K), 0.0049970 secs] 323499K->302806K(854844K), 0.0050390 secs] [Times: user=0.03 sys=0.00, real=0.01 secs] 
156.480: Total time for which application threads were stopped: 0.0051770 seconds, Stopping threads took: 0.0000730 seconds
156.578: Application time: 0.0979680 seconds
156.578: [GC156.578: [ParNew: 36358K->3562K(37568K), 0.0055350 secs] 335600K->315630K(854844K), 0.0055780 secs] [Times: user=0.04 sys=0.00, real=0.01 secs] 
156.583: Total time for which application threads were stopped: 0.0057340 seconds, Stopping threads took: 0.0000880 seconds
156.688: Application time: 0.1041720 seconds
156.688: [GC156.688: [ParNew: 36356K->3564K(37568K), 0.0051060 secs] 348424K->327746K(854844K), 0.0051500 secs] [Times: user=0.04 sys=0.00, real=0.00 secs] 
156.693: Total time for which application threads were stopped: 0.0052800 seconds, Stopping threads took: 0.0000580 seconds
156.719: Application time: 0.0258070 seconds
156.719: [GC156.719: [ParNew: 36382K->3604K(37568K), 0.0030530 secs] 360563K->331348K(854844K), 0.0030960 secs] [Times: user=0.02 sys=0.00, real=0.00 secs] 
156.722: Total time for which application threads were stopped: 0.0032910 seconds, Stopping threads took: 0.0001200 seconds
156.733: Application time: 0.0113830 seconds
156.734: [GC156.734: [ParNew: 36399K->1435K(37568K), 0.0019780 secs] 364143K->331345K(854844K), 0.0020150 secs] [Times: user=0.01 sys=0.00, real=0.01 secs] 
156.736: Total time for which application threads were stopped: 0.0021590 seconds, Stopping threads took: 0.0000720 seconds
156.749: Application time: 0.0134380 seconds
156.749: [GC156.749: [ParNew: 34221K->3570K(37568K), 0.0025580 secs] 364131K->335618K(854844K), 0.0026110 secs] [Times: user=0.02 sys=0.00, real=0.00 secs] 
156.752: Total time for which application threads were stopped: 0.0028100 seconds, Stopping threads took: 0.0001260 seconds
156.759: Application time: 0.0076180 seconds
156.760: [GC156.760: [ParNew: 36363K->3566K(37568K), 0.0028260 secs] 368411K->338465K(854844K), 0.0028680 secs] [Times: user=0.02 sys=0.00, real=0.00 secs] 
156.762: Total time for which application threads were stopped: 0.0030170 seconds, Stopping threads took: 0.0000730 seconds
156.850: Application time: 0.0880200 seconds
156.851: [GC156.851: [ParNew: 36367K->3572K(37568K), 0.0053070 secs] 371265K->351296K(854844K), 0.0053490 secs] [Times: user=0.04 sys=0.00, real=0.01 secs] 
156.856: Total time for which application threads were stopped: 0.0055020 seconds, Stopping threads took: 0.0000700 seconds
156.921: Application time: 0.0650810 seconds
156.921: [GC156.921: [ParNew: 36396K->3602K(37568K), 0.0049710 secs] 384120K->362015K(854844K), 0.0050180 secs] [Times: user=0.04 sys=0.00, real=0.01 secs] 
156.926: Total time for which application threads were stopped: 0.0051750 seconds, Stopping threads took: 0.0000790 seconds
156.937: Application time: 0.0110560 seconds
156.937: [GC156.937: [ParNew: 36351K->3609K(37568K), 0.0030900 secs] 394764K->365613K(854844K), 0.0031320 secs] [Times: user=0.02 sys=0.00, real=0.00 secs] 
156.941: Total time for which application threads were stopped: 0.0033000 seconds, Stopping threads took: 0.0000940 seconds
156.950: Application time: 0.0097270 seconds
156.950: [GC156.950: [ParNew: 36475K->3574K(37568K), 0.0029650 secs] 398478K->369169K(854844K), 0.0030080 secs] [Times: user=0.02 sys=0.00, real=0.00 secs] 
156.954: Total time for which application threads were stopped: 0.0031740 seconds, Stopping threads took: 0.0000920 seconds
156.963: Application time: 0.0092510 seconds
156.963: [GC156.963: [ParNew: 36363K->2147K(37568K), 0.0020660 secs] 401958K->369881K(854844K), 0.0021060 secs] [Times: user=0.01 sys=0.00, real=0.00 secs] 
156.965: Total time for which application threads were stopped: 0.0024320 seconds, Stopping threads took: 0.0002530 seconds
156.972: Application time: 0.0071140 seconds
156.973: [GC156.973: [ParNew: 34938K->3566K(37568K), 0.0023140 secs] 402672K->372726K(854844K), 0.0023550 secs] [Times: user=0.02 sys=0.00, real=0.01 secs] 
156.975: Total time for which application threads were stopped: 0.0026410 seconds, Stopping threads took: 0.0002120 seconds
156.983: Application time: 0.0076100 seconds
156.983: [GC156.983: [ParNew: 36824K->2180K(37568K), 0.0021530 secs] 405984K->373478K(854844K), 0.0021940 secs] [Times: user=0.02 sys=0.00, real=0.01 secs] 
156.985: Total time for which application threads were stopped: 0.0023720 seconds, Stopping threads took: 0.0001030 seconds
156.997: Application time: 0.0120320 seconds
156.997: [GC156.997: [ParNew: 35246K->2145K(37568K), 0.0019210 secs] 406544K->374898K(854844K), 0.0019570 secs] [Times: user=0.02 sys=0.00, real=0.00 secs] 
156.999: Total time for which application threads were stopped: 0.0022940 seconds, Stopping threads took: 0.0002630 seconds
157.007: Application time: 0.0079640 seconds
157.008: [GC157.008: [ParNew: 34946K->3570K(37568K), 0.0031090 secs] 407699K->380599K(854844K), 0.0031510 secs] [Times: user=0.02 sys=0.00, real=0.00 secs] 
157.011: Total time for which application threads were stopped: 0.0038430 seconds, Stopping threads took: 0.0006190 seconds
157.018: Application time: 0.0069060 seconds
157.018: [GC157.018: [ParNew: 36357K->3568K(37568K), 0.0045950 secs] 413386K->384873K(854844K), 0.0046390 secs] [Times: user=0.03 sys=0.00, real=0.01 secs] 
157.023: Total time for which application threads were stopped: 0.0049610 seconds, Stopping threads took: 0.0002460 seconds
157.031: Application time: 0.0076060 seconds
157.031: [GC157.031: [ParNew: 36365K->3576K(37568K), 0.0023740 secs] 417670K->386307K(854844K), 0.0024130 secs] [Times: user=0.02 sys=0.00, real=0.00 secs] 
157.033: Total time for which application threads were stopped: 0.0025950 seconds, Stopping threads took: 0.0000990 seconds
157.048: Application time: 0.0150730 seconds
157.048: [GC157.048: [ParNew: 36365K->1433K(37568K), 0.0020320 secs] 419095K->386302K(854844K), 0.0020690 secs] [Times: user=0.01 sys=0.00, real=0.00 secs] 
157.050: Total time for which application threads were stopped: 0.0022380 seconds, Stopping threads took: 0.0000980 seconds
157.063: Application time: 0.0129950 seconds
157.064: [GC157.064: [ParNew: 34180K->3611K(37568K), 0.0021650 secs] 419049K->389193K(854844K), 0.0022040 secs] [Times: user=0.02 sys=0.00, real=0.00 secs] 
157.066: Total time for which application threads were stopped: 0.0023690 seconds, Stopping threads took: 0.0000900 seconds
157.078: Application time: 0.0117600 seconds
157.078: [GC157.078: [ParNew: 36482K->3574K(37568K), 0.0024400 secs] 422064K->390609K(854844K), 0.0024830 secs] [Times: user=0.02 sys=0.00, real=0.00 secs] 
157.080: Total time for which application threads were stopped: 0.0026470 seconds, Stopping threads took: 0.0000950 seconds
157.092: Application time: 0.0117130 seconds
157.092: [GC157.092: [ParNew: 36362K->2143K(37568K), 0.0021990 secs] 423397K->392030K(854844K), 0.0022380 secs] [Times: user=0.02 sys=0.00, real=0.00 secs] 
157.095: Total time for which application threads were stopped: 0.0025850 seconds, Stopping threads took: 0.0002750 seconds
157.107: Application time: 0.0128140 seconds
157.108: [GC157.108: [ParNew: 34971K->3607K(37568K), 0.0025150 secs] 424857K->395631K(854844K), 0.0025560 secs] [Times: user=0.02 sys=0.00, real=0.00 secs] 
157.110: Total time for which application threads were stopped: 0.0027790 seconds, Stopping threads took: 0.0001460 seconds
157.119: Application time: 0.0091900 seconds
157.120: [GC157.120: [ParNew: 36401K->3568K(37568K), 0.0036720 secs] 428426K->402035K(854844K), 0.0037140 secs] [Times: user=0.02 sys=0.00, real=0.01 secs] 
157.124: Total time for which application threads were stopped: 0.0041930 seconds, Stopping threads took: 0.0004050 seconds
157.131: Application time: 0.0072010 seconds
157.135: [GC157.135: [ParNew: 36354K->3562K(37568K), 0.0027410 secs] 434820K->404880K(854844K), 0.0027840 secs] [Times: user=0.02 sys=0.00, real=0.00 secs] 
157.138: Total time for which application threads were stopped: 0.0070720 seconds, Stopping threads took: 0.0041940 seconds
157.145: Application time: 0.0073960 seconds
157.145: [GC157.145: [ParNew: 36358K->3574K(37568K), 0.0026540 secs] 437675K->407742K(854844K), 0.0026990 secs] [Times: user=0.02 sys=0.00, real=0.00 secs] 
157.148: Total time for which application threads were stopped: 0.0028750 seconds, Stopping threads took: 0.0000910 seconds
157.163: Application time: 0.0146310 seconds
157.163: [GC157.163: [ParNew: 36362K->1435K(37568K), 0.0020020 secs] 440530K->407741K(854844K), 0.0020410 secs] [Times: user=0.02 sys=0.00, real=0.00 secs] 
157.165: Total time for which application threads were stopped: 0.0022280 seconds, Stopping threads took: 0.0001150 seconds
157.175: Application time: 0.0102620 seconds
157.175: [GC157.175: [ParNew: 34229K->3572K(37568K), 0.0021950 secs] 440535K->410591K(854844K), 0.0022360 secs] [Times: user=0.02 sys=0.00, real=0.00 secs] 
157.178: Total time for which application threads were stopped: 0.0023760 seconds, Stopping threads took: 0.0000650 seconds
157.231: Application time: 0.0530780 seconds
157.231: [GC157.231: [ParNew: 36405K->3604K(37568K), 0.0055210 secs] 443424K->422736K(854844K), 0.0055630 secs] [Times: user=0.04 sys=0.00, real=0.01 secs] 
157.236: Total time for which application threads were stopped: 0.0056860 seconds, Stopping threads took: 0.0000540 seconds
157.252: Application time: 0.0157890 seconds
157.252: [GC157.252: [ParNew: 36390K->3570K(37568K), 0.0028910 secs] 455522K->426294K(854844K), 0.0029330 secs] [Times: user=0.03 sys=0.00, real=0.01 secs] 
157.255: Total time for which application threads were stopped: 0.0030930 seconds, Stopping threads took: 0.0000880 seconds
157.267: Application time: 0.0120020 seconds
157.267: [GC157.267: [ParNew: 36359K->2860K(37568K), 0.0022940 secs] 459082K->427721K(854844K), 0.0023430 secs] [Times: user=0.02 sys=0.00, real=0.00 secs] 
157.270: Total time for which application threads were stopped: 0.0024880 seconds, Stopping threads took: 0.0000700 seconds
157.282: Application time: 0.0124380 seconds
157.282: [GC157.282: [ParNew: 35610K->2901K(37568K), 0.0024330 secs] 460471K->429900K(854844K), 0.0024740 secs] [Times: user=0.02 sys=0.00, real=0.01 secs] 
157.285: Total time for which application threads were stopped: 0.0026460 seconds, Stopping threads took: 0.0000970 seconds
157.292: Application time: 0.0073960 seconds
157.293: [GC157.293: [ParNew: 35757K->2145K(37568K), 0.0019870 secs] 462756K->430598K(854844K), 0.0020260 secs] [Times: user=0.02 sys=0.00, real=0.01 secs] 
157.295: Total time for which application threads were stopped: 0.0026440 seconds, Stopping threads took: 0.0005460 seconds
157.306: Application time: 0.0115880 seconds
157.307: [GC157.307: [ParNew: 34946K->3572K(37568K), 0.0040990 secs] 463399K->439863K(854844K), 0.0041450 secs] [Times: user=0.03 sys=0.00, real=0.00 secs] 
157.311: Total time for which application threads were stopped: 0.0043490 seconds, Stopping threads took: 0.0001190 seconds
157.323: Application time: 0.0117050 seconds
157.323: [GC157.323: [ParNew: 36360K->3570K(37568K), 0.0028380 secs] 472652K->442712K(854844K), 0.0028830 secs] [Times: user=0.02 sys=0.01, real=0.01 secs] 
157.326: Total time for which application threads were stopped: 0.0030380 seconds, Stopping threads took: 0.0000810 seconds
157.339: Application time: 0.0131670 seconds
157.339: [GC157.339: [ParNew: 36362K->1431K(37568K), 0.0021940 secs] 475504K->443423K(854844K), 0.0022350 secs] [Times: user=0.02 sys=0.00, real=0.00 secs] 
157.341: Total time for which application threads were stopped: 0.0024160 seconds, Stopping threads took: 0.0001060 seconds
157.364: Application time: 0.0228210 seconds
157.364: [GC157.364: [ParNew: 34226K->3576K(37568K), 0.0019300 secs] 476219K->446281K(854844K), 0.0019660 secs] [Times: user=0.02 sys=0.00, real=0.00 secs] 
157.366: Total time for which application threads were stopped: 0.0021080 seconds, Stopping threads took: 0.0000540 seconds
157.500: Application time: 0.1336170 seconds
157.500: [GC157.500: [ParNew: 36368K->3562K(37568K), 0.0052530 secs] 479073K->459093K(854844K), 0.0052950 secs] [Times: user=0.04 sys=0.00, real=0.01 secs] 
157.505: Total time for which application threads were stopped: 0.0054350 seconds, Stopping threads took: 0.0000720 seconds
157.640: Application time: 0.1347070 seconds
157.640: [GC157.640: [ParNew: 36354K->3562K(37568K), 0.0053170 secs] 491885K->471919K(854844K), 0.0053590 secs] [Times: user=0.04 sys=0.00, real=0.01 secs] 
157.645: Total time for which application threads were stopped: 0.0054960 seconds, Stopping threads took: 0.0000670 seconds
157.796: Application time: 0.1505630 seconds
157.796: [GC157.796: [ParNew: 36360K->3574K(37568K), 0.0050950 secs] 504717K->484043K(854844K), 0.0051340 secs] [Times: user=0.04 sys=0.00, real=0.00 secs] 
157.801: Total time for which application threads were stopped: 0.0052890 seconds, Stopping threads took: 0.0000860 seconds
157.937: Application time: 0.1357530 seconds
157.937: [GC157.937: [ParNew: 36366K->3562K(37568K), 0.0051190 secs] 516835K->496145K(854844K), 0.0051630 secs] [Times: user=0.03 sys=0.00, real=0.00 secs] 
157.942: Total time for which application threads were stopped: 0.0053020 seconds, Stopping threads took: 0.0000590 seconds
158.086: Application time: 0.1442440 seconds
158.087: [GC158.087: [ParNew: 36383K->3578K(37568K), 0.0057500 secs] 528966K->510411K(854844K), 0.0057950 secs] [Times: user=0.04 sys=0.00, real=0.00 secs] 
158.092: Total time for which application threads were stopped: 0.0059220 seconds, Stopping threads took: 0.0000590 seconds
158.242: Application time: 0.1495550 seconds
158.242: [GC158.242: [ParNew: 36383K->3570K(37568K), 0.0053540 secs] 543216K->523232K(854844K), 0.0053970 secs] [Times: user=0.04 sys=0.00, real=0.01 secs] 
158.248: Total time for which application threads were stopped: 0.0055710 seconds, Stopping threads took: 0.0001040 seconds
158.392: Application time: 0.1448720 seconds
158.393: [GC158.393: [ParNew: 36370K->3570K(37568K), 0.0053350 secs] 556032K->536059K(854844K), 0.0053870 secs] [Times: user=0.04 sys=0.00, real=0.01 secs] 
158.398: Total time for which application threads were stopped: 0.0055470 seconds, Stopping threads took: 0.0000890 seconds
158.544: Application time: 0.1462050 seconds
158.544: [GC158.544: [ParNew: 36362K->3562K(37568K), 0.0053810 secs] 568851K->548877K(854844K), 0.0054220 secs] [Times: user=0.04 sys=0.00, real=0.00 secs] 
158.550: Total time for which application threads were stopped: 0.0056010 seconds, Stopping threads took: 0.0000930 seconds
158.701: Application time: 0.1507950 seconds
158.701: [GC158.701: [ParNew: 36354K->3564K(37568K), 0.0051960 secs] 581669K->560992K(854844K), 0.0052390 secs] [Times: user=0.04 sys=0.00, real=0.01 secs] 
158.706: Total time for which application threads were stopped: 0.0053700 seconds, Stopping threads took: 0.0000580 seconds
158.854: Application time: 0.1484470 seconds
158.854: [GC158.855: [ParNew: 36365K->3570K(37568K), 0.0055390 secs] 593792K->574536K(854844K), 0.0055810 secs] [Times: user=0.05 sys=0.00, real=0.01 secs] 
158.860: Total time for which application threads were stopped: 0.0057160 seconds, Stopping threads took: 0.0000600 seconds
158.987: Application time: 0.1265410 seconds
158.987: [GC158.987: [ParNew: 36379K->3574K(37568K), 0.0054300 secs] 607345K->587366K(854844K), 0.0054730 secs] [Times: user=0.04 sys=0.00, real=0.00 secs] 
158.992: Total time for which application threads were stopped: 0.0056030 seconds, Stopping threads took: 0.0000610 seconds
159.106: Application time: 0.1137220 seconds
159.106: [GC159.106: [ParNew: 36384K->3576K(37568K), 0.0055990 secs] 620176K->600908K(854844K), 0.0056450 secs] [Times: user=0.05 sys=0.00, real=0.00 secs] 
159.112: Total time for which application threads were stopped: 0.0057890 seconds, Stopping threads took: 0.0000600 seconds
159.237: Application time: 0.1257020 seconds
159.238: [GC159.238: [ParNew: 36386K->3574K(37568K), 0.0051820 secs] 633718K->613734K(854844K), 0.0052340 secs] [Times: user=0.04 sys=0.00, real=0.01 secs] 
159.243: Total time for which application threads were stopped: 0.0053660 seconds, Stopping threads took: 0.0000580 seconds
159.343: Application time: 0.1004300 seconds
159.343: [GC159.343: [ParNew: 36376K->3572K(37568K), 0.0053530 secs] 646535K->626560K(854844K), 0.0053980 secs] [Times: user=0.04 sys=0.00, real=0.00 secs] 
159.349: Total time for which application threads were stopped: 0.0055340 seconds, Stopping threads took: 0.0000620 seconds
159.456: Application time: 0.1071800 seconds
159.456: [GC159.456: [ParNew: 36366K->3562K(37568K), 0.0051580 secs] 659353K->638664K(854844K), 0.0052040 secs] [Times: user=0.04 sys=0.00, real=0.00 secs] 
159.461: Total time for which application threads were stopped: 0.0053460 seconds, Stopping threads took: 0.0000680 seconds
159.571: Application time: 0.1101050 seconds
159.572: [GC159.572: [ParNew: 36356K->3562K(37568K), 0.0051360 secs] 671458K->650778K(854844K), 0.0051760 secs] [Times: user=0.03 sys=0.00, real=0.01 secs] 
159.577: Total time for which application threads were stopped: 0.0053300 seconds, Stopping threads took: 0.0000810 seconds
159.688: Application time: 0.1117040 seconds
159.689: [GC159.689: [ParNew: 36364K->3572K(37568K), 0.0051130 secs] 683579K->662902K(854844K), 0.0051580 secs] [Times: user=0.04 sys=0.00, real=0.00 secs] 
159.694: Total time for which application threads were stopped: 0.0052950 seconds, Stopping threads took: 0.0000580 seconds
159.795: Application time: 0.1009250 seconds
159.795: [GC159.795: [ParNew: 36367K->3562K(37568K), 0.0052100 secs] 695696K->675007K(854844K), 0.0052520 secs] [Times: user=0.04 sys=0.01, real=0.00 secs] 
159.800: Total time for which application threads were stopped: 0.0054050 seconds, Stopping threads took: 0.0000830 seconds
159.915: Application time: 0.1146640 seconds
159.915: [GC159.915: [ParNew: 36371K->3569K(37568K), 0.0053300 secs] 707815K->687839K(854844K), 0.0053730 secs] [Times: user=0.03 sys=0.00, real=0.00 secs] 
159.920: Total time for which application threads were stopped: 0.0055260 seconds, Stopping threads took: 0.0000840 seconds
160.022: Application time: 0.1021840 seconds
160.023: [GC160.023: [ParNew: 36377K->3571K(37568K), 0.0051440 secs] 720648K->699957K(854844K), 0.0051890 secs] [Times: user=0.04 sys=0.00, real=0.01 secs] 
160.028: Total time for which application threads were stopped: 0.0053510 seconds, Stopping threads took: 0.0000900 seconds
160.148: Application time: 0.1204500 seconds
160.148: [GC160.148: [ParNew: 36372K->3566K(37568K), 0.0053710 secs] 732759K->712781K(854844K), 0.0054150 secs] [Times: user=0.04 sys=0.00, real=0.00 secs] 
160.154: Total time for which application threads were stopped: 0.0055420 seconds, Stopping threads took: 0.0000600 seconds
160.255: Application time: 0.1013830 seconds
160.255: [GC160.255: [ParNew: 36377K->3572K(37568K), 0.0052700 secs] 745592K->725615K(854844K), 0.0053130 secs] [Times: user=0.04 sys=0.00, real=0.00 secs] 
160.261: Total time for which application threads were stopped: 0.0054620 seconds, Stopping threads took: 0.0000670 seconds
160.374: Application time: 0.1137790 seconds
160.375: [GC160.375: [ParNew: 36367K->3564K(37568K), 0.0048810 secs] 758409K->737010K(854844K), 0.0049260 secs] [Times: user=0.04 sys=0.00, real=0.01 secs] 
160.380: Total time for which application threads were stopped: 0.0050810 seconds, Stopping threads took: 0.0000820 seconds
160.472: Application time: 0.0929130 seconds
160.473: [GC160.473: [ParNew: 36358K->3562K(37568K), 0.0052130 secs] 769804K->749121K(854844K), 0.0052550 secs] [Times: user=0.04 sys=0.00, real=0.01 secs] 
160.478: Total time for which application threads were stopped: 0.0054190 seconds, Stopping threads took: 0.0000910 seconds
160.588: Application time: 0.1096480 seconds
160.588: [GC160.588: [ParNew: 36389K->3606K(37568K), 0.0049770 secs] 781948K->761279K(854844K), 0.0050170 secs] [Times: user=0.04 sys=0.00, real=0.00 secs] 
160.593: Total time for which application threads were stopped: 0.0051500 seconds, Stopping threads took: 0.0000650 seconds
160.593: Application time: 0.0000610 seconds
160.593: [GC [1 CMS-initial-mark: 757672K(817276K)] 761991K(854844K), 0.0001420 secs] [Times: user=0.00 sys=0.00, real=0.00 secs] 
160.593: Total time for which application threads were stopped: 0.0002660 seconds, Stopping threads took: 0.0000990 seconds
160.593: [CMS-concurrent-mark-start]
160.605: [CMS-concurrent-mark: 0.012/0.012 secs] [Times: user=0.08 sys=0.00, real=0.02 secs] 
160.605: [CMS-concurrent-preclean-start]
160.606: [CMS-concurrent-preclean: 0.001/0.001 secs] [Times: user=0.00 sys=0.00, real=0.00 secs] 
160.606: [CMS-concurrent-abortable-preclean-start]
160.608: Application time: 0.0152490 seconds
160.608: [GC160.608: [ParNew: 36392K->3572K(37568K), 0.0029080 secs] 794065K->764123K(854844K), 0.0029480 secs] [Times: user=0.02 sys=0.00, real=0.00 secs] 
160.611: Total time for which application threads were stopped: 0.0031330 seconds, Stopping threads took: 0.0001160 seconds
160.623: Application time: 0.0120320 seconds
160.624: [GC160.624: [ParNew: 36359K->1435K(37568K), 0.0020520 secs] 796910K->764123K(854844K), 0.0020920 secs] [Times: user=0.01 sys=0.00, real=0.00 secs] 
160.626: Total time for which application threads were stopped: 0.0022880 seconds, Stopping threads took: 0.0001220 seconds
160.642: Application time: 0.0162880 seconds
160.642: [GC160.642: [ParNew: 34229K->3571K(37568K), 0.0033090 secs] 796918K->771247K(854844K), 0.0033520 secs] [Times: user=0.03 sys=0.00, real=0.01 secs] 
160.646: Total time for which application threads were stopped: 0.0035540 seconds, Stopping threads took: 0.0001280 seconds
160.653: Application time: 0.0079070 seconds
160.654: [GC160.654: [ParNew: 36355K->714K(37568K), 0.0020470 secs] 804031K->771242K(854844K), 0.0020870 secs] [Times: user=0.01 sys=0.00, real=0.01 secs] 
160.656: Total time for which application threads were stopped: 0.0022720 seconds, Stopping threads took: 0.0001090 seconds
160.740: Application time: 0.0846820 seconds
160.741: [GC160.741: [ParNew: 33515K->3572K(37568K), 0.0056240 secs] 804043K->787638K(854844K), 0.0056770 secs] [Times: user=0.04 sys=0.00, real=0.01 secs] 
160.746: Total time for which application threads were stopped: 0.0058570 seconds, Stopping threads took: 0.0001060 seconds
160.797: Application time: 0.0506460 seconds
160.797: [GC160.797: [ParNew: 36394K->3604K(37568K), 0.0032300 secs] 820460K->791946K(854844K), 0.0032750 secs] [Times: user=0.02 sys=0.00, real=0.00 secs] 
160.800: Total time for which application threads were stopped: 0.0034450 seconds, Stopping threads took: 0.0000820 seconds
160.811: Application time: 0.0101780 seconds
160.811: [GC160.811: [ParNew: 36394K->3574K(37568K), 0.0030000 secs] 824737K->796220K(854844K), 0.0030410 secs] [Times: user=0.02 sys=0.00, real=0.00 secs] 
160.814: Total time for which application threads were stopped: 0.0032090 seconds, Stopping threads took: 0.0000990 seconds
160.825: Application time: 0.0112530 seconds
160.825: [GC160.825: [ParNew: 36361K->3562K(37568K), 0.0040100 secs] 829007K->803335K(854844K), 0.0040530 secs] [Times: user=0.03 sys=0.00, real=0.00 secs] 
160.829: Total time for which application threads were stopped: 0.0042320 seconds, Stopping threads took: 0.0001040 seconds
160.840: Application time: 0.0110380 seconds
160.840: [GC160.840: [ParNew: 36356K->3572K(37568K), 0.0026200 secs] 836128K->805482K(854844K), 0.0026660 secs] [Times: user=0.02 sys=0.00, real=0.01 secs] 
160.843: Total time for which application threads were stopped: 0.0028230 seconds, Stopping threads took: 0.0000830 seconds
160.923: Application time: 0.0796850 seconds
160.923: [GC160.923: [ParNew: 36371K->3574K(37568K), 0.0052450 secs] 838281K->818309K(856276K), 0.0052850 secs] [Times: user=0.03 sys=0.00, real=0.00 secs] 
160.928: Total time for which application threads were stopped: 0.0054390 seconds, Stopping threads took: 0.0000840 seconds
160.954: Application time: 0.0257450 seconds
160.954: [GC160.954: [ParNew: 36396K->3602K(37568K), 0.0027640 secs] 851131K->821901K(859856K), 0.0028060 secs] [Times: user=0.01 sys=0.01, real=0.01 secs] 
160.957: Total time for which application threads were stopped: 0.0029580 seconds, Stopping threads took: 0.0000780 seconds
160.969: Application time: 0.0118310 seconds
160.969: [GC160.969: [ParNew: 36388K->1435K(37568K), 0.0017420 secs] 854687K->821187K(861288K), 0.0017800 secs] [Times: user=0.01 sys=0.00, real=0.00 secs] 
160.971: Total time for which application threads were stopped: 0.0019190 seconds, Stopping threads took: 0.0000670 seconds
160.984: Application time: 0.0128110 seconds
160.984: [GC160.984: [ParNew: 34702K->3614K(37568K), 0.0021620 secs] 854455K->824078K(862004K), 0.0022020 secs] [Times: user=0.02 sys=0.00, real=0.00 secs] 
160.986: Total time for which application threads were stopped: 0.0023380 seconds, Stopping threads took: 0.0000660 seconds
160.994: Application time: 0.0077350 seconds
160.994: [GC160.994: [ParNew: 36674K->3570K(37568K), 0.0030460 secs] 857139K->829765K(867732K), 0.0030860 secs] [Times: user=0.02 sys=0.01, real=0.01 secs] 
160.997: Total time for which application threads were stopped: 0.0034370 seconds, Stopping threads took: 0.0002790 seconds
161.011: Application time: 0.0143390 seconds
161.012: [GC161.012: [ParNew: 36396K->3604K(37568K), 0.0028050 secs] 862590K->833362K(871312K), 0.0028480 secs] [Times: user=0.02 sys=0.00, real=0.01 secs] 
161.015: Total time for which application threads were stopped: 0.0034940 seconds, Stopping threads took: 0.0005710 seconds
161.025: Application time: 0.0100850 seconds
161.026: [GC161.026: [ParNew: 36392K->3566K(37568K), 0.0027310 secs] 866150K->836917K(874892K), 0.0027730 secs] [Times: user=0.02 sys=0.00, real=0.00 secs] 
161.029: Total time for which application threads were stopped: 0.0036480 seconds, Stopping threads took: 0.0008000 seconds
161.039: Application time: 0.0106240 seconds
161.040: [GC161.040: [ParNew: 36361K->2864K(37568K), 0.0020200 secs] 869712K->837640K(876324K), 0.0020580 secs] [Times: user=0.02 sys=0.00, real=0.00 secs] 
161.042: Total time for which application threads were stopped: 0.0027410 seconds, Stopping threads took: 0.0006010 seconds
161.051: Application time: 0.0094030 seconds
161.052: [GC161.052: [ParNew: 36263K->2897K(37568K), 0.0020650 secs] 871039K->839100K(877756K), 0.0021050 secs] [Times: user=0.02 sys=0.00, real=0.00 secs] 
161.054: Total time for which application threads were stopped: 0.0022700 seconds, Stopping threads took: 0.0000930 seconds
161.063: Application time: 0.0092640 seconds
161.067: [GC161.067: [ParNew: 35824K->3576K(37568K), 0.0023710 secs] 872027K->841945K(879904K), 0.0024130 secs] [Times: user=0.02 sys=0.00, real=0.00 secs] 
161.069: Total time for which application threads were stopped: 0.0063690 seconds, Stopping threads took: 0.0038830 seconds
161.077: Application time: 0.0072140 seconds
161.077: [GC161.077: [ParNew: 36360K->2852K(37568K), 0.0020630 secs] 874729K->842648K(881336K), 0.0021030 secs] [Times: user=0.02 sys=0.00, real=0.00 secs] 
161.079: Total time for which application threads were stopped: 0.0022540 seconds, Stopping threads took: 0.0000700 seconds
161.089: Application time: 0.0104260 seconds
161.089: [GC161.089: [ParNew: 35657K->3576K(37568K), 0.0024840 secs] 875453K->845510K(883484K), 0.0025270 secs] [Times: user=0.02 sys=0.00, real=0.00 secs] 
161.092: Total time for which application threads were stopped: 0.0027250 seconds, Stopping threads took: 0.0001240 seconds
161.101: Application time: 0.0086140 seconds
161.101: [GC161.101: [ParNew: 36367K->3568K(37568K), 0.0031520 secs] 878300K->851204K(889212K), 0.0031940 secs] [Times: user=0.02 sys=0.00, real=0.01 secs] 
161.104: Total time for which application threads were stopped: 0.0033580 seconds, Stopping threads took: 0.0000920 seconds
161.104: [CMS-concurrent-abortable-preclean: 0.035/0.498 secs] [Times: user=3.81 sys=0.02, real=0.50 secs] 
161.104: Application time: 0.0000570 seconds
161.104: [GC[YG occupancy: 4281 K (37568 K)]161.104: [Rescan (parallel) , 0.0002900 secs]161.104: [weak refs processing, 0.0000050 secs]161.104: [scrub string table, 0.0001190 secs] [1 CMS-remark: 847635K(851644K)] 851916K(889212K), 0.0004330 secs] [Times: user=0.00 sys=0.00, real=0.00 secs] 
161.105: Total time for which application threads were stopped: 0.0005780 seconds, Stopping threads took: 0.0001190 seconds
161.105: [CMS-concurrent-sweep-start]
161.107: [CMS-concurrent-sweep: 0.002/0.002 secs] [Times: user=0.01 sys=0.00, real=0.00 secs] 
161.107: [CMS-concurrent-reset-start]
161.112: [CMS-concurrent-reset: 0.005/0.005 secs] [Times: user=0.04 sys=0.00, real=0.00 secs] 
161.115: Application time: 0.0106350 seconds
161.116: [GC161.116: [ParNew: 36357K->3575K(37568K), 0.0029880 secs] 151896K->122676K(889212K), 0.0030310 secs] [Times: user=0.02 sys=0.00, real=0.00 secs] 
161.119: Total time for which application threads were stopped: 0.0039410 seconds, Stopping threads took: 0.0008340 seconds
161.127: Application time: 0.0080270 seconds
161.127: [GC161.127: [ParNew: 36369K->2150K(37568K), 0.0018340 secs] 155470K->122677K(889212K), 0.0018750 secs] [Times: user=0.02 sys=0.00, real=0.00 secs] 
161.129: Total time for which application threads were stopped: 0.0020490 seconds, Stopping threads took: 0.0001010 seconds
161.136: Application time: 0.0068880 seconds
161.136: [GC161.136: [ParNew: 34940K->2858K(37568K), 0.0018830 secs] 155468K->124099K(889212K), 0.0019230 secs] [Times: user=0.02 sys=0.00, real=0.00 secs] 
161.138: Total time for which application threads were stopped: 0.0021130 seconds, Stopping threads took: 0.0001150 seconds
161.147: Application time: 0.0091740 seconds
161.148: [GC161.148: [ParNew: 35653K->3576K(37568K), 0.0017600 secs] 156894K->124817K(889212K), 0.0017950 secs] [Times: user=0.01 sys=0.00, real=0.00 secs] 
161.149: Total time for which application threads were stopped: 0.0019420 seconds, Stopping threads took: 0.0000790 seconds
161.176: Application time: 0.0264260 seconds
161.176: [GC161.176: [ParNew: 36406K->3606K(37568K), 0.0027360 secs] 157647K->127698K(889212K), 0.0027790 secs] [Times: user=0.02 sys=0.00, real=0.00 secs] 
161.179: Total time for which application threads were stopped: 0.0029340 seconds, Stopping threads took: 0.0000710 seconds
161.189: Application time: 0.0098570 seconds
161.189: [GC161.189: [ParNew: 36398K->3570K(37568K), 0.0036820 secs] 160490K->134104K(889212K), 0.0037240 secs] [Times: user=0.02 sys=0.00, real=0.00 secs] 
161.192: Total time for which application threads were stopped: 0.0038630 seconds, Stopping threads took: 0.0000700 seconds
161.208: Application time: 0.0158500 seconds
161.208: [GC161.208: [ParNew: 36383K->3603K(37568K), 0.0026520 secs] 166917K->136275K(889212K), 0.0026930 secs] [Times: user=0.02 sys=0.00, real=0.00 secs] 
161.211: Total time for which application threads were stopped: 0.0028540 seconds, Stopping threads took: 0.0000860 seconds
161.219: Application time: 0.0080740 seconds
161.220: [GC161.220: [ParNew: 36401K->2860K(37568K), 0.0023580 secs] 169073K->137698K(889212K), 0.0023990 secs] [Times: user=0.02 sys=0.00, real=0.00 secs] 
161.222: Total time for which application threads were stopped: 0.0029210 seconds, Stopping threads took: 0.0004470 seconds
161.231: Application time: 0.0091370 seconds
161.232: [GC161.232: [ParNew: 35651K->3570K(37568K), 0.0024240 secs] 170489K->139835K(889212K), 0.0024710 secs] [Times: user=0.02 sys=0.00, real=0.00 secs] 
161.235: Total time for which application threads were stopped: 0.0033130 seconds, Stopping threads took: 0.0007560 seconds
161.245: Application time: 0.0104230 seconds
161.245: [GC161.245: [ParNew: 36366K->3570K(37568K), 0.0028140 secs] 172631K->143398K(889212K), 0.0028550 secs] [Times: user=0.02 sys=0.00, real=0.00 secs] 
161.248: Total time for which application threads were stopped: 0.0030080 seconds, Stopping threads took: 0.0000810 seconds
161.263: Application time: 0.0145500 seconds
161.263: [GC161.263: [ParNew: 36361K->1431K(37568K), 0.0021070 secs] 176189K->144109K(889212K), 0.0021480 secs] [Times: user=0.01 sys=0.00, real=0.01 secs] 
161.265: Total time for which application threads were stopped: 0.0023100 seconds, Stopping threads took: 0.0000900 seconds
161.272: Application time: 0.0074760 seconds
161.273: [GC161.273: [ParNew: 34217K->3568K(37568K), 0.0021590 secs] 176895K->146959K(889212K), 0.0021990 secs] [Times: user=0.02 sys=0.00, real=0.00 secs] 
161.275: Total time for which application threads were stopped: 0.0023610 seconds, Stopping threads took: 0.0000870 seconds
161.416: Application time: 0.1415690 seconds
161.418: [GC161.418: [ParNew: 36369K->3572K(37568K), 0.0087220 secs] 179759K->159788K(889212K), 0.0087670 secs] [Times: user=0.04 sys=0.00, real=0.01 secs] 
161.427: Total time for which application threads were stopped: 0.0106880 seconds, Stopping threads took: 0.0018280 seconds
161.576: Application time: 0.1492090 seconds
161.576: [GC161.576: [ParNew: 36364K->3562K(37568K), 0.0052240 secs] 192580K->172604K(889212K), 0.0052670 secs] [Times: user=0.05 sys=0.00, real=0.00 secs] 
161.582: Total time for which application threads were stopped: 0.0054230 seconds, Stopping threads took: 0.0000830 seconds
161.725: Application time: 0.1431400 seconds
161.725: [GC161.725: [ParNew: 36360K->3570K(37568K), 0.0052770 secs] 205403K->185438K(889212K), 0.0053170 secs] [Times: user=0.04 sys=0.00, real=0.00 secs] 
161.730: Total time for which application threads were stopped: 0.0054770 seconds, Stopping threads took: 0.0000890 seconds
161.874: Application time: 0.1435070 seconds
161.874: [GC161.874: [ParNew: 36368K->3570K(37568K), 0.0052230 secs] 218236K->197551K(889212K), 0.0052670 secs] [Times: user=0.04 sys=0.00, real=0.01 secs] 
161.879: Total time for which application threads were stopped: 0.0054420 seconds, Stopping threads took: 0.0001050 seconds
162.017: Application time: 0.1377870 seconds
162.017: [GC162.017: [ParNew: 36368K->3570K(37568K), 0.0052790 secs] 230350K->210377K(889212K), 0.0053230 secs] [Times: user=0.04 sys=0.00, real=0.00 secs] 
162.022: Total time for which application threads were stopped: 0.0054760 seconds, Stopping threads took: 0.0000660 seconds
162.165: Application time: 0.1421710 seconds
162.165: [GC162.165: [ParNew: 36383K->3578K(37568K), 0.0055620 secs] 243190K->223924K(889212K), 0.0056130 secs] [Times: user=0.04 sys=0.00, real=0.00 secs] 
162.170: Total time for which application threads were stopped: 0.0057460 seconds, Stopping threads took: 0.0000610 seconds
162.313: Application time: 0.1424360 seconds
162.313: [GC162.313: [ParNew: 36387K->3572K(37568K), 0.0055490 secs] 256733K->237458K(889212K), 0.0055940 secs] [Times: user=0.05 sys=0.00, real=0.01 secs] 
162.319: Total time for which application threads were stopped: 0.0058120 seconds, Stopping threads took: 0.0001430 seconds
162.468: Application time: 0.1489350 seconds
162.468: [GC162.468: [ParNew: 36364K->3562K(37568K), 0.0053660 secs] 270250K->250275K(889212K), 0.0054090 secs] [Times: user=0.04 sys=0.00, real=0.00 secs] 
162.473: Total time for which application threads were stopped: 0.0055620 seconds, Stopping threads took: 0.0000810 seconds
162.621: Application time: 0.1479550 seconds
162.621: [GC162.621: [ParNew: 36362K->3570K(37568K), 0.0053410 secs] 283075K->263109K(889212K), 0.0053830 secs] [Times: user=0.04 sys=0.00, real=0.01 secs] 
162.627: Total time for which application threads were stopped: 0.0055330 seconds, Stopping threads took: 0.0000680 seconds
162.760: Application time: 0.1333700 seconds
162.760: [GC162.760: [ParNew: 36370K->3574K(37568K), 0.0051230 secs] 295909K->275226K(889212K), 0.0051680 secs] [Times: user=0.04 sys=0.00, real=0.01 secs] 
162.765: Total time for which application threads were stopped: 0.0052940 seconds, Stopping threads took: 0.0000570 seconds
162.898: Application time: 0.1331320 seconds
162.899: [GC162.899: [ParNew: 36366K->3564K(37568K), 0.0051950 secs] 308019K->287330K(889212K), 0.0052370 secs] [Times: user=0.03 sys=0.00, real=0.01 secs] 
162.904: Total time for which application threads were stopped: 0.0053870 seconds, Stopping threads took: 0.0000820 seconds
163.022: Application time: 0.1185770 seconds
163.023: [GC163.023: [ParNew: 36373K->3578K(37568K), 0.0054050 secs] 320139K->300170K(889212K), 0.0054490 secs] [Times: user=0.04 sys=0.00, real=0.01 secs] 
163.028: Total time for which application threads were stopped: 0.0056090 seconds, Stopping threads took: 0.0000870 seconds
163.161: Application time: 0.1333930 seconds
163.162: [GC163.162: [ParNew: 36388K->3568K(37568K), 0.0053820 secs] 332980K->312987K(889212K), 0.0054260 secs] [Times: user=0.04 sys=0.00, real=0.01 secs] 
163.167: Total time for which application threads were stopped: 0.0056020 seconds, Stopping threads took: 0.0000920 seconds
163.264: Application time: 0.0969520 seconds
163.264: [GC163.264: [ParNew: 36378K->3574K(37568K), 0.0053520 secs] 345797K->325821K(889212K), 0.0054000 secs] [Times: user=0.04 sys=0.00, real=0.00 secs] 
163.270: Total time for which application threads were stopped: 0.0055510 seconds, Stopping threads took: 0.0000770 seconds
163.388: Application time: 0.1186900 seconds
163.388: [GC163.388: [ParNew: 36368K->3562K(37568K), 0.0051010 secs] 358614K->337924K(889212K), 0.0051480 secs] [Times: user=0.04 sys=0.00, real=0.00 secs] 
163.393: Total time for which application threads were stopped: 0.0052810 seconds, Stopping threads took: 0.0000670 seconds
163.482: Application time: 0.0887590 seconds
163.482: [GC163.482: [ParNew: 36356K->3562K(37568K), 0.0051290 secs] 370718K->350038K(889212K), 0.0051720 secs] [Times: user=0.04 sys=0.00, real=0.01 secs] 
163.488: Total time for which application threads were stopped: 0.0053190 seconds, Stopping threads took: 0.0000740 seconds
163.620: Application time: 0.1323370 seconds
163.620: [GC163.620: [ParNew: 36365K->3572K(37568K), 0.0052990 secs] 382841K->362874K(889212K), 0.0053420 secs] [Times: user=0.04 sys=0.00, real=0.01 secs] 
163.625: Total time for which application threads were stopped: 0.0054760 seconds, Stopping threads took: 0.0000600 seconds
163.714: Application time: 0.0887790 seconds
163.714: [GC163.714: [ParNew: 36374K->3568K(37568K), 0.0051480 secs] 395676K->374985K(889212K), 0.0051910 secs] [Times: user=0.04 sys=0.00, real=0.01 secs] 
163.720: Total time for which application threads were stopped: 0.0053700 seconds, Stopping threads took: 0.0000890 seconds
163.843: Application time: 0.1239210 seconds
163.844: [GC163.844: [ParNew: 36363K->3562K(37568K), 0.0050870 secs] 407780K->387094K(889212K), 0.0051320 secs] [Times: user=0.04 sys=0.00, real=0.00 secs] 
163.849: Total time for which application threads were stopped: 0.0052950 seconds, Stopping threads took: 0.0000970 seconds
163.942: Application time: 0.0934890 seconds
163.942: [GC163.942: [ParNew: 36373K->3579K(37568K), 0.0051100 secs] 419905K->399224K(889212K), 0.0051520 secs] [Times: user=0.04 sys=0.00, real=0.01 secs] 
163.948: Total time for which application threads were stopped: 0.0052820 seconds, Stopping threads took: 0.0000620 seconds
164.070: Application time: 0.1219790 seconds
164.070: [GC164.070: [ParNew: 36387K->3573K(37568K), 0.0051990 secs] 432033K->411334K(889212K), 0.0052400 secs] [Times: user=0.04 sys=0.00, real=0.01 secs] 
164.075: Total time for which application threads were stopped: 0.0053790 seconds, Stopping threads took: 0.0000680 seconds
164.175: Application time: 0.0996180 seconds
164.175: [GC164.175: [ParNew: 36381K->3570K(37568K), 0.0052470 secs] 444142K->423448K(889212K), 0.0052900 secs] [Times: user=0.03 sys=0.00, real=0.01 secs] 
164.180: Total time for which application threads were stopped: 0.0054360 seconds, Stopping threads took: 0.0000740 seconds
164.301: Application time: 0.1213450 seconds
164.301: [GC164.301: [ParNew: 36365K->3562K(37568K), 0.0051920 secs] 456242K->435555K(889212K), 0.0052380 secs] [Times: user=0.05 sys=0.00, real=0.01 secs] 
164.307: Total time for which application threads were stopped: 0.0053910 seconds, Stopping threads took: 0.0000770 seconds
164.415: Application time: 0.1087050 seconds
164.416: [GC164.416: [ParNew: 36357K->3562K(37568K), 0.0052300 secs] 468349K->447669K(889212K), 0.0052740 secs] [Times: user=0.03 sys=0.00, real=0.00 secs] 
164.421: Total time for which application threads were stopped: 0.0054490 seconds, Stopping threads took: 0.0001020 seconds
164.517: Application time: 0.0956700 seconds
164.517: [GC164.517: [ParNew: 36389K->3604K(37568K), 0.0051590 secs] 480495K->459824K(889212K), 0.0052010 secs] [Times: user=0.04 sys=0.00, real=0.00 secs] 
164.522: Total time for which application threads were stopped: 0.0053600 seconds, Stopping threads took: 0.0000850 seconds
164.537: Application time: 0.0149480 seconds
164.537: [GC164.537: [ParNew: 36393K->3566K(37568K), 0.0034600 secs] 492612K->464802K(889212K), 0.0035040 secs] [Times: user=0.03 sys=0.00, real=0.00 secs] 
164.541: Total time for which application threads were stopped: 0.0036650 seconds, Stopping threads took: 0.0000860 seconds
164.551: Application time: 0.0105800 seconds
164.551: [GC164.551: [ParNew: 36355K->3572K(37568K), 0.0028580 secs] 497591K->467659K(889212K), 0.0028970 secs] [Times: user=0.02 sys=0.00, real=0.00 secs] 
164.554: Total time for which application threads were stopped: 0.0030570 seconds, Stopping threads took: 0.0000880 seconds
164.568: Application time: 0.0138130 seconds
164.568: [GC164.568: [ParNew: 36362K->2146K(37568K), 0.0024050 secs] 500448K->469082K(889212K), 0.0024440 secs] [Times: user=0.02 sys=0.00, real=0.00 secs] 
164.571: Total time for which application threads were stopped: 0.0025960 seconds, Stopping threads took: 0.0000760 seconds
164.578: Application time: 0.0076640 seconds
164.578: [GC164.578: [ParNew: 34931K->2852K(37568K), 0.0019970 secs] 501868K->470502K(889212K), 0.0020360 secs] [Times: user=0.01 sys=0.00, real=0.00 secs] 
164.580: Total time for which application threads were stopped: 0.0022180 seconds, Stopping threads took: 0.0001080 seconds
164.695: Application time: 0.1145070 seconds
164.695: [GC164.695: [ParNew: 36231K->3611K(37568K), 0.0046820 secs] 503881K->481950K(889212K), 0.0047250 secs] [Times: user=0.03 sys=0.00, real=0.00 secs] 
164.700: Total time for which application threads were stopped: 0.0048510 seconds, Stopping threads took: 0.0000580 seconds
164.718: Application time: 0.0180270 seconds
164.718: [GC164.718: [ParNew: 36564K->3572K(37568K), 0.0039770 secs] 514902K->489066K(889212K), 0.0040330 secs] [Times: user=0.03 sys=0.00, real=0.00 secs] 
164.722: Total time for which application threads were stopped: 0.0042120 seconds, Stopping threads took: 0.0001000 seconds
164.734: Application time: 0.0121420 seconds
164.734: [GC164.734: [ParNew: 36366K->1435K(37568K), 0.0019280 secs] 521860K->489066K(889212K), 0.0019680 secs] [Times: user=0.01 sys=0.00, real=0.01 secs] 
164.736: Total time for which application threads were stopped: 0.0021210 seconds, Stopping threads took: 0.0000830 seconds
164.749: Application time: 0.0131900 seconds
164.750: [GC164.750: [ParNew: 34221K->3570K(37568K), 0.0026930 secs] 521852K->493339K(889212K), 0.0027350 secs] [Times: user=0.02 sys=0.00, real=0.00 secs] 
164.752: Total time for which application threads were stopped: 0.0029270 seconds, Stopping threads took: 0.0001170 seconds
164.763: Application time: 0.0101240 seconds
164.763: [GC164.763: [ParNew: 36361K->1435K(37568K), 0.0022590 secs] 526130K->494054K(889212K), 0.0023000 secs] [Times: user=0.01 sys=0.01, real=0.01 secs] 
164.765: Total time for which application threads were stopped: 0.0024770 seconds, Stopping threads took: 0.0001010 seconds
164.857: Application time: 0.0923210 seconds
164.857: [GC164.857: [ParNew: 34270K->3604K(37568K), 0.0055560 secs] 526888K->509761K(889212K), 0.0055970 secs] [Times: user=0.04 sys=0.00, real=0.01 secs] 
164.863: Total time for which application threads were stopped: 0.0057460 seconds, Stopping threads took: 0.0000710 seconds
164.877: Application time: 0.0139450 seconds
164.877: [GC164.877: [ParNew: 36390K->3568K(37568K), 0.0028900 secs] 542547K->512605K(889212K), 0.0029320 secs] [Times: user=0.03 sys=0.00, real=0.00 secs] 
164.880: Total time for which application threads were stopped: 0.0030920 seconds, Stopping threads took: 0.0000870 seconds
164.890: Application time: 0.0101050 seconds
164.890: [GC164.890: [ParNew: 36360K->3570K(37568K), 0.0038160 secs] 545397K->519020K(889212K), 0.0038590 secs] [Times: user=0.02 sys=0.00, real=0.00 secs] 
164.894: Total time for which application threads were stopped: 0.0040330 seconds, Stopping threads took: 0.0001000 seconds
164.908: Application time: 0.0136630 seconds
164.908: [GC164.908: [ParNew: 36361K->3575K(37568K), 0.0028330 secs] 551810K->521874K(889212K), 0.0028750 secs] [Times: user=0.02 sys=0.01, real=0.00 secs] 
164.911: Total time for which application threads were stopped: 0.0030250 seconds, Stopping threads took: 0.0000770 seconds
164.920: Application time: 0.0085800 seconds
164.920: [GC164.920: [ParNew: 36360K->716K(37568K), 0.0019730 secs] 554660K->521866K(889212K), 0.0020120 secs] [Times: user=0.01 sys=0.00, real=0.00 secs] 
164.922: Total time for which application threads were stopped: 0.0021790 seconds, Stopping threads took: 0.0000920 seconds
164.980: Application time: 0.0580740 seconds
164.983: [GC164.983: [ParNew: 33550K->3606K(37568K), 0.0044250 secs] 554700K->534019K(889212K), 0.0044640 secs] [Times: user=0.04 sys=0.00, real=0.00 secs] 
164.987: Total time for which application threads were stopped: 0.0075720 seconds, Stopping threads took: 0.0030340 seconds
164.998: Application time: 0.0101840 seconds
164.998: [GC164.998: [ParNew: 36396K->3568K(37568K), 0.0034140 secs] 566809K->538998K(889212K), 0.0034580 secs] [Times: user=0.03 sys=0.00, real=0.00 secs] 
165.001: Total time for which application threads were stopped: 0.0036360 seconds, Stopping threads took: 0.0001010 seconds
165.015: Application time: 0.0134220 seconds
165.015: [GC165.015: [ParNew: 36362K->3570K(37568K), 0.0038130 secs] 571791K->545413K(889212K), 0.0038560 secs] [Times: user=0.03 sys=0.00, real=0.00 secs] 
165.019: Total time for which application threads were stopped: 0.0040560 seconds, Stopping threads took: 0.0001160 seconds
165.029: Application time: 0.0107860 seconds
165.030: [GC165.030: [ParNew: 36363K->2145K(37568K), 0.0025160 secs] 578205K->546838K(889212K), 0.0025540 secs] [Times: user=0.02 sys=0.00, real=0.00 secs] 
165.032: Total time for which application threads were stopped: 0.0027180 seconds, Stopping threads took: 0.0000890 seconds
165.088: Application time: 0.0555630 seconds
165.088: [GC165.088: [ParNew: 35018K->3669K(37568K), 0.0034740 secs] 579711K->553350K(889212K), 0.0035210 secs] [Times: user=0.03 sys=0.00, real=0.00 secs] 
165.092: Total time for which application threads were stopped: 0.0040740 seconds, Stopping threads took: 0.0004800 seconds
165.100: Application time: 0.0086610 seconds
165.101: [GC165.102: [ParNew: 36479K->3576K(37568K), 0.0034830 secs] 586159K->558333K(889212K), 0.0035270 secs] [Times: user=0.02 sys=0.00, real=0.01 secs] 
165.105: Total time for which application threads were stopped: 0.0045330 seconds, Stopping threads took: 0.0009320 seconds
165.113: Application time: 0.0078990 seconds
165.114: [GC165.114: [ParNew: 36360K->3564K(37568K), 0.0026440 secs] 591116K->560459K(889212K), 0.0026870 secs] [Times: user=0.02 sys=0.00, real=0.01 secs] 
165.116: Total time for which application threads were stopped: 0.0034530 seconds, Stopping threads took: 0.0006900 seconds
165.125: Application time: 0.0081780 seconds
165.125: [GC165.125: [ParNew: 36366K->3576K(37568K), 0.0031280 secs] 593261K->564746K(889212K), 0.0031680 secs] [Times: user=0.02 sys=0.00, real=0.00 secs] 
165.128: Total time for which application threads were stopped: 0.0036190 seconds, Stopping threads took: 0.0003790 seconds
165.135: Application time: 0.0070500 seconds
165.135: [GC165.135: [ParNew: 36356K->2850K(37568K), 0.0023850 secs] 597526K->566160K(889212K), 0.0024280 secs] [Times: user=0.02 sys=0.00, real=0.00 secs] 
165.138: Total time for which application threads were stopped: 0.0026270 seconds, Stopping threads took: 0.0001250 seconds
165.146: Application time: 0.0077440 seconds
165.146: [GC165.146: [ParNew: 35648K->3576K(37568K), 0.0023840 secs] 598958K->568311K(889212K), 0.0024220 secs] [Times: user=0.02 sys=0.00, real=0.00 secs] 
165.148: Total time for which application threads were stopped: 0.0026030 seconds, Stopping threads took: 0.0001070 seconds
165.157: Application time: 0.0086650 seconds
165.157: [GC165.157: [ParNew: 36368K->3566K(37568K), 0.0023420 secs] 601103K->569728K(889212K), 0.0023820 secs] [Times: user=0.01 sys=0.00, real=0.00 secs] 
165.159: Total time for which application threads were stopped: 0.0025220 seconds, Stopping threads took: 0.0000640 seconds
165.169: Application time: 0.0099740 seconds
165.170: [GC165.170: [ParNew: 36353K->2139K(37568K), 0.0016990 secs] 602515K->569015K(889212K), 0.0017360 secs] [Times: user=0.01 sys=0.00, real=0.00 secs] 
165.172: Total time for which application threads were stopped: 0.0021020 seconds, Stopping threads took: 0.0002950 seconds
165.179: Application time: 0.0079040 seconds
165.180: [GC165.180: [ParNew: 34940K->3577K(37568K), 0.0018950 secs] 601816K->570453K(889212K), 0.0019310 secs] [Times: user=0.02 sys=0.00, real=0.00 secs] 
165.182: Total time for which application threads were stopped: 0.0020850 seconds, Stopping threads took: 0.0000810 seconds
165.193: Application time: 0.0113470 seconds
165.193: [GC165.193: [ParNew: 36291K->3610K(37568K), 0.0035530 secs] 603167K->576188K(889212K), 0.0035940 secs] [Times: user=0.03 sys=0.00, real=0.01 secs] 
165.197: Total time for which application threads were stopped: 0.0037520 seconds, Stopping threads took: 0.0000830 seconds
165.204: Application time: 0.0076290 seconds
165.205: [GC165.205: [ParNew: 36518K->3576K(37568K), 0.0025660 secs] 609096K->578322K(889212K), 0.0026070 secs] [Times: user=0.02 sys=0.00, real=0.00 secs] 
165.207: Total time for which application threads were stopped: 0.0028910 seconds, Stopping threads took: 0.0002110 seconds
165.215: Application time: 0.0080430 seconds
165.216: [GC165.216: [ParNew: 36364K->3564K(37568K), 0.0025910 secs] 611110K->580448K(889212K), 0.0026320 secs] [Times: user=0.02 sys=0.00, real=0.00 secs] 
165.218: Total time for which application threads were stopped: 0.0032790 seconds, Stopping threads took: 0.0005740 seconds
165.226: Application time: 0.0074460 seconds
165.226: [GC165.226: [ParNew: 36359K->3570K(37568K), 0.0028680 secs] 613243K->584016K(889212K), 0.0029170 secs] [Times: user=0.02 sys=0.00, real=0.00 secs] 
165.229: Total time for which application threads were stopped: 0.0032950 seconds, Stopping threads took: 0.0003030 seconds
165.239: Application time: 0.0100130 seconds
165.239: [GC165.239: [ParNew: 36376K->3574K(37568K), 0.0033850 secs] 616822K->589009K(889212K), 0.0034370 secs] [Times: user=0.02 sys=0.00, real=0.01 secs] 
165.243: Total time for which application threads were stopped: 0.0035960 seconds, Stopping threads took: 0.0000850 seconds
165.258: Application time: 0.0146740 seconds
165.258: [GC165.258: [ParNew: 36362K->1435K(37568K), 0.0019960 secs] 621797K->589009K(889212K), 0.0020370 secs] [Times: user=0.01 sys=0.00, real=0.00 secs] 
165.260: Total time for which application threads were stopped: 0.0021960 seconds, Stopping threads took: 0.0000810 seconds
165.270: Application time: 0.0100080 seconds
165.270: [GC165.270: [ParNew: 34229K->3568K(37568K), 0.0022060 secs] 621803K->591855K(889212K), 0.0022470 secs] [Times: user=0.02 sys=0.00, real=0.00 secs] 
165.272: Total time for which application threads were stopped: 0.0024080 seconds, Stopping threads took: 0.0000860 seconds
165.351: Application time: 0.0793230 seconds
165.352: [GC165.352: [ParNew: 36370K->3568K(37568K), 0.0053540 secs] 624656K->604680K(889212K), 0.0053950 secs] [Times: user=0.04 sys=0.00, real=0.01 secs] 
165.357: Total time for which application threads were stopped: 0.0055430 seconds, Stopping threads took: 0.0000830 seconds
165.498: Application time: 0.1409520 seconds
165.498: [GC165.498: [ParNew: 36360K->3564K(37568K), 0.0047080 secs] 637472K->615365K(889212K), 0.0047500 secs] [Times: user=0.03 sys=0.01, real=0.01 secs] 
165.503: Total time for which application threads were stopped: 0.0049400 seconds, Stopping threads took: 0.0001140 seconds
165.651: Application time: 0.1482860 seconds
165.651: [GC165.651: [ParNew: 36362K->3574K(37568K), 0.0053580 secs] 648163K->628200K(889212K), 0.0053990 secs] [Times: user=0.04 sys=0.00, real=0.01 secs] 
165.657: Total time for which application threads were stopped: 0.0055240 seconds, Stopping threads took: 0.0000570 seconds
165.805: Application time: 0.1482670 seconds
165.805: [GC165.805: [ParNew: 36374K->3570K(37568K), 0.0051410 secs] 661000K->640310K(889212K), 0.0051840 secs] [Times: user=0.04 sys=0.00, real=0.00 secs] 
165.810: Total time for which application threads were stopped: 0.0053500 seconds, Stopping threads took: 0.0000950 seconds
165.960: Application time: 0.1501710 seconds
165.961: [GC165.961: [ParNew: 36368K->3570K(37568K), 0.0051860 secs] 673108K->652423K(889212K), 0.0052280 secs] [Times: user=0.04 sys=0.00, real=0.01 secs] 
165.966: Total time for which application threads were stopped: 0.0053550 seconds, Stopping threads took: 0.0000560 seconds
166.115: Application time: 0.1493620 seconds
166.115: [GC166.115: [ParNew: 36368K->3572K(37568K), 0.0053410 secs] 685221K->665251K(889212K), 0.0053830 secs] [Times: user=0.04 sys=0.00, real=0.00 secs] 
166.121: Total time for which application threads were stopped: 0.0055240 seconds, Stopping threads took: 0.0000600 seconds
166.272: Application time: 0.1517390 seconds
166.273: [GC166.273: [ParNew: 36391K->3578K(37568K), 0.0052680 secs] 698071K->678083K(889212K), 0.0053100 secs] [Times: user=0.04 sys=0.00, real=0.01 secs] 
166.278: Total time for which application threads were stopped: 0.0054360 seconds, Stopping threads took: 0.0000550 seconds
166.417: Application time: 0.1392440 seconds
166.417: [GC166.417: [ParNew: 36370K->3562K(37568K), 0.0051000 secs] 710875K->690183K(889212K), 0.0051420 secs] [Times: user=0.04 sys=0.00, real=0.00 secs] 
166.422: Total time for which application threads were stopped: 0.0052710 seconds, Stopping threads took: 0.0000590 seconds
166.562: Application time: 0.1396890 seconds
166.562: [GC166.562: [ParNew: 36362K->3570K(37568K), 0.0051420 secs] 722984K->702304K(889212K), 0.0051870 secs] [Times: user=0.04 sys=0.00, real=0.01 secs] 
166.567: Total time for which application threads were stopped: 0.0053180 seconds, Stopping threads took: 0.0000610 seconds
166.694: Application time: 0.1268560 seconds
166.694: [GC166.695: [ParNew: 36362K->3564K(37568K), 0.0051200 secs] 735096K->714412K(889212K), 0.0051730 secs] [Times: user=0.04 sys=0.00, real=0.01 secs] 
166.700: Total time for which application threads were stopped: 0.0053680 seconds, Stopping threads took: 0.0001130 seconds
166.839: Application time: 0.1388530 seconds
166.839: [GC166.839: [ParNew: 36365K->3572K(37568K), 0.0055940 secs] 747213K->727246K(889212K), 0.0056400 secs] [Times: user=0.04 sys=0.00, real=0.01 secs] 
166.844: Total time for which application threads were stopped: 0.0057780 seconds, Stopping threads took: 0.0000640 seconds
166.970: Application time: 0.1253700 seconds
166.970: [GC166.970: [ParNew: 36382K->3576K(37568K), 0.0054890 secs] 760056K->740076K(889212K), 0.0055310 secs] [Times: user=0.04 sys=0.00, real=0.01 secs] 
166.975: Total time for which application threads were stopped: 0.0056730 seconds, Stopping threads took: 0.0000720 seconds
167.103: Application time: 0.1278620 seconds
167.103: [GC167.103: [ParNew: 36377K->3570K(37568K), 0.0054450 secs] 772877K->752897K(889212K), 0.0054880 secs] [Times: user=0.04 sys=0.00, real=0.00 secs] 
167.109: Total time for which application threads were stopped: 0.0056310 seconds, Stopping threads took: 0.0000780 seconds
167.207: Application time: 0.0982630 seconds
167.207: [GC167.207: [ParNew: 36389K->3574K(37568K), 0.0051990 secs] 785716K->765016K(889212K), 0.0052420 secs] [Times: user=0.03 sys=0.00, real=0.00 secs] 
167.213: Total time for which application threads were stopped: 0.0054000 seconds, Stopping threads took: 0.0000740 seconds
167.322: Application time: 0.1090550 seconds
167.322: [GC167.322: [ParNew: 36368K->3562K(37568K), 0.0053970 secs] 797809K->777832K(889212K), 0.0054410 secs] [Times: user=0.04 sys=0.00, real=0.01 secs] 
167.327: Total time for which application threads were stopped: 0.0055910 seconds, Stopping threads took: 0.0000770 seconds
167.446: Application time: 0.1183360 seconds
167.446: [GC167.446: [ParNew: 36356K->3564K(37568K), 0.0051340 secs] 810626K->789948K(889212K), 0.0051780 secs] [Times: user=0.04 sys=0.00, real=0.00 secs] 
167.451: Total time for which application threads were stopped: 0.0053320 seconds, Stopping threads took: 0.0000820 seconds
167.451: Application time: 0.0000620 seconds
167.451: [GC [1 CMS-initial-mark: 786383K(851644K)] 791375K(889212K), 0.0001290 secs] [Times: user=0.00 sys=0.00, real=0.00 secs] 
167.451: Total time for which application threads were stopped: 0.0004520 seconds, Stopping threads took: 0.0002970 seconds
167.451: [CMS-concurrent-mark-start]
167.457: [CMS-concurrent-mark: 0.005/0.005 secs] [Times: user=0.03 sys=0.00, real=0.01 secs] 
167.457: [CMS-concurrent-preclean-start]
167.458: [CMS-concurrent-preclean: 0.001/0.001 secs] [Times: user=0.00 sys=0.00, real=0.00 secs] 
167.458: [CMS-concurrent-abortable-preclean-start]
167.538: Application time: 0.0870510 seconds
167.539: [GC167.539: [ParNew: 36365K->3572K(37568K), 0.0055370 secs] 822749K->802782K(889212K), 0.0055800 secs] [Times: user=0.04 sys=0.01, real=0.01 secs] 
167.544: Total time for which application threads were stopped: 0.0057550 seconds, Stopping threads took: 0.0001000 seconds
167.673: Application time: 0.1290420 seconds
167.673: [GC167.673: [ParNew: 36374K->3572K(37568K), 0.0051530 secs] 835584K->814897K(889212K), 0.0051940 secs] [Times: user=0.04 sys=0.00, real=0.01 secs] 
167.679: Total time for which application threads were stopped: 0.0053610 seconds, Stopping threads took: 0.0000960 seconds
167.679: [CMS-concurrent-abortable-preclean: 0.004/0.220 secs] [Times: user=1.77 sys=0.01, real=0.22 secs] 
167.679: Application time: 0.0000650 seconds
167.683: [GC[YG occupancy: 5000 K (37568 K)]167.683: [Rescan (parallel) , 0.0005410 secs]167.684: [weak refs processing, 0.0000050 secs]167.684: [scrub string table, 0.0001130 secs] [1 CMS-remark: 811324K(851644K)] 816324K(889212K), 0.0006800 secs] [Times: user=0.01 sys=0.00, real=0.00 secs] 
167.684: Total time for which application threads were stopped: 0.0050560 seconds, Stopping threads took: 0.0043270 seconds
167.684: [CMS-concurrent-sweep-start]
167.685: [CMS-concurrent-sweep: 0.001/0.001 secs] [Times: user=0.00 sys=0.00, real=0.00 secs] 
167.685: [CMS-concurrent-reset-start]
167.686: [CMS-concurrent-reset: 0.001/0.001 secs] [Times: user=0.00 sys=0.00, real=0.00 secs] 
167.787: Application time: 0.1029210 seconds
167.787: [GC167.787: [ParNew: 36368K->3562K(37568K), 0.0053810 secs] 81926K->61949K(889212K), 0.0054290 secs] [Times: user=0.04 sys=0.00, real=0.00 secs] 
167.792: Total time for which application threads were stopped: 0.0056060 seconds, Stopping threads took: 0.0000900 seconds
167.907: Application time: 0.1149540 seconds
167.907: [GC167.907: [ParNew: 36364K->3573K(37568K), 0.0050940 secs] 94751K->74073K(889212K), 0.0051380 secs] [Times: user=0.04 sys=0.00, real=0.00 secs] 
167.912: Total time for which application threads were stopped: 0.0052750 seconds, Stopping threads took: 0.0000660 seconds
168.008: Application time: 0.0953760 seconds
168.008: [GC168.008: [ParNew: 36374K->3566K(37568K), 0.0054280 secs] 106875K->86895K(889212K), 0.0054700 secs] [Times: user=0.04 sys=0.00, real=0.00 secs] 
168.013: Total time for which application threads were stopped: 0.0056070 seconds, Stopping threads took: 0.0000650 seconds
168.132: Application time: 0.1186480 seconds
168.132: [GC168.132: [ParNew: 36385K->3572K(37568K), 0.0055320 secs] 119713K->100441K(889212K), 0.0055770 secs] [Times: user=0.04 sys=0.00, real=0.01 secs] 
168.138: Total time for which application threads were stopped: 0.0057400 seconds, Stopping threads took: 0.0000880 seconds
168.236: Application time: 0.0977230 seconds
168.236: [GC168.236: [ParNew: 36376K->3574K(37568K), 0.0054650 secs] 133244K->113984K(889212K), 0.0055100 secs] [Times: user=0.04 sys=0.00, real=0.00 secs] 
168.241: Total time for which application threads were stopped: 0.0056720 seconds, Stopping threads took: 0.0000880 seconds
168.354: Application time: 0.1128390 seconds
168.354: [GC168.354: [ParNew: 36369K->3562K(37568K), 0.0050390 secs] 146778K->125374K(889212K), 0.0050910 secs] [Times: user=0.04 sys=0.00, real=0.01 secs] 
168.359: Total time for which application threads were stopped: 0.0052470 seconds, Stopping threads took: 0.0000710 seconds
168.462: Application time: 0.1028310 seconds
168.462: [GC168.462: [ParNew: 36356K->3562K(37568K), 0.0054480 secs] 158168K->138200K(889212K), 0.0054890 secs] [Times: user=0.04 sys=0.00, real=0.01 secs] 
168.468: Total time for which application threads were stopped: 0.0056530 seconds, Stopping threads took: 0.0000910 seconds
168.498: Application time: 0.0299990 seconds
168.499: [GC168.499: [ParNew: 36380K->3602K(37568K), 0.0030010 secs] 171018K->141803K(889212K), 0.0030460 secs] [Times: user=0.02 sys=0.00, real=0.00 secs] 
168.502: Total time for which application threads were stopped: 0.0038030 seconds, Stopping threads took: 0.0006820 seconds
168.513: Application time: 0.0113430 seconds
168.513: [GC168.513: [ParNew: 36398K->2860K(37568K), 0.0025260 secs] 174599K->143226K(889212K), 0.0025660 secs] [Times: user=0.02 sys=0.00, real=0.01 secs] 
168.516: Total time for which application threads were stopped: 0.0027240 seconds, Stopping threads took: 0.0000840 seconds
168.529: Application time: 0.0128330 seconds
168.529: [GC168.529: [ParNew: 35646K->3563K(37568K), 0.0028540 secs] 176012K->147493K(889212K), 0.0028970 secs] [Times: user=0.02 sys=0.00, real=0.00 secs] 
168.532: Total time for which application threads were stopped: 0.0030940 seconds, Stopping threads took: 0.0001210 seconds
168.540: Application time: 0.0084050 seconds
168.540: [GC168.540: [ParNew: 36355K->2856K(37568K), 0.0024490 secs] 180286K->148924K(889212K), 0.0024880 secs] [Times: user=0.02 sys=0.00, real=0.00 secs] 
168.543: Total time for which application threads were stopped: 0.0026440 seconds, Stopping threads took: 0.0000800 seconds
168.600: Application time: 0.0571530 seconds
168.600: [GC168.600: [ParNew: 35691K->3606K(37568K), 0.0057470 secs] 181759K->162500K(889212K), 0.0057900 secs] [Times: user=0.05 sys=0.00, real=0.01 secs] 
168.606: Total time for which application threads were stopped: 0.0059450 seconds, Stopping threads took: 0.0000720 seconds
168.619: Application time: 0.0134350 seconds
168.619: [GC168.619: [ParNew: 36390K->1429K(37568K), 0.0022290 secs] 195284K->163202K(889212K), 0.0022700 secs] [Times: user=0.01 sys=0.00, real=0.00 secs] 
168.622: Total time for which application threads were stopped: 0.0024550 seconds, Stopping threads took: 0.0001100 seconds
168.632: Application time: 0.0107550 seconds
168.633: [GC168.633: [ParNew: 34224K->3574K(37568K), 0.0039840 secs] 195997K->172474K(889212K), 0.0040250 secs] [Times: user=0.03 sys=0.00, real=0.01 secs] 
168.637: Total time for which application threads were stopped: 0.0041790 seconds, Stopping threads took: 0.0000790 seconds
168.649: Application time: 0.0124820 seconds
168.649: [GC168.649: [ParNew: 36368K->3568K(37568K), 0.0028610 secs] 205267K->175318K(889212K), 0.0029060 secs] [Times: user=0.02 sys=0.00, real=0.00 secs] 
168.652: Total time for which application threads were stopped: 0.0031030 seconds, Stopping threads took: 0.0001200 seconds
168.686: Application time: 0.0338840 seconds
168.686: [GC168.686: [ParNew: 36364K->3570K(37568K), 0.0028320 secs] 208113K->178882K(889212K), 0.0028720 secs] [Times: user=0.02 sys=0.00, real=0.00 secs] 
168.689: Total time for which application threads were stopped: 0.0030180 seconds, Stopping threads took: 0.0000740 seconds
168.796: Application time: 0.1067740 seconds
168.796: [GC168.796: [ParNew: 36365K->3609K(37568K), 0.0043810 secs] 211678K->188185K(889212K), 0.0044270 secs] [Times: user=0.03 sys=0.00, real=0.00 secs] 
168.801: Total time for which application threads were stopped: 0.0047140 seconds, Stopping threads took: 0.0002130 seconds
168.817: Application time: 0.0160000 seconds
168.817: [GC168.817: [ParNew: 36428K->3576K(37568K), 0.0037890 secs] 221004K->194593K(889212K), 0.0038340 secs] [Times: user=0.03 sys=0.00, real=0.00 secs] 
168.821: Total time for which application threads were stopped: 0.0040050 seconds, Stopping threads took: 0.0000940 seconds
168.832: Application time: 0.0117330 seconds
168.832: [GC168.832: [ParNew: 36362K->1431K(37568K), 0.0021670 secs] 227380K->195298K(889212K), 0.0022060 secs] [Times: user=0.02 sys=0.00, real=0.00 secs] 
168.835: Total time for which application threads were stopped: 0.0023550 seconds, Stopping threads took: 0.0000790 seconds
168.847: Application time: 0.0126850 seconds
168.848: [GC168.848: [ParNew: 34223K->3575K(37568K), 0.0026120 secs] 228091K->200292K(889212K), 0.0026540 secs] [Times: user=0.02 sys=0.00, real=0.00 secs] 
168.850: Total time for which application threads were stopped: 0.0028490 seconds, Stopping threads took: 0.0001220 seconds
168.858: Application time: 0.0078790 seconds
168.858: [GC168.858: [ParNew: 36358K->714K(37568K), 0.0020610 secs] 233076K->200283K(889212K), 0.0021000 secs] [Times: user=0.01 sys=0.00, real=0.00 secs] 
168.860: Total time for which application threads were stopped: 0.0023110 seconds, Stopping threads took: 0.0001070 seconds
168.969: Application time: 0.1084560 seconds
168.969: [GC168.969: [ParNew: 33515K->3576K(37568K), 0.0055910 secs] 233084K->216683K(889212K), 0.0056330 secs] [Times: user=0.04 sys=0.00, real=0.00 secs] 
168.975: Total time for which application threads were stopped: 0.0057670 seconds, Stopping threads took: 0.0000610 seconds
169.006: Application time: 0.0308740 seconds
169.006: [GC169.006: [ParNew: 36896K->2928K(37568K), 0.0028300 secs] 250002K->219599K(889212K), 0.0028710 secs] [Times: user=0.02 sys=0.00, real=0.00 secs] 
169.009: Total time for which application threads were stopped: 0.0030150 seconds, Stopping threads took: 0.0000690 seconds
169.018: Application time: 0.0092750 seconds
169.019: [GC169.019: [ParNew: 35968K->3576K(37568K), 0.0029540 secs] 252638K->224579K(889212K), 0.0029960 secs] [Times: user=0.02 sys=0.01, real=0.00 secs] 
169.022: Total time for which application threads were stopped: 0.0039000 seconds, Stopping threads took: 0.0008310 seconds
169.031: Application time: 0.0089810 seconds
169.031: [GC169.031: [ParNew: 36357K->1427K(37568K), 0.0019080 secs] 257360K->224568K(889212K), 0.0019560 secs] [Times: user=0.02 sys=0.00, real=0.00 secs] 
169.033: Total time for which application threads were stopped: 0.0024860 seconds, Stopping threads took: 0.0004550 seconds
169.042: Application time: 0.0091180 seconds
169.043: [GC169.043: [ParNew: 34222K->3577K(37568K), 0.0018720 secs] 257364K->226718K(889212K), 0.0019120 secs] [Times: user=0.01 sys=0.00, real=0.01 secs] 
169.045: Total time for which application threads were stopped: 0.0022780 seconds, Stopping threads took: 0.0002930 seconds
169.052: Application time: 0.0069060 seconds
169.052: [GC169.052: [ParNew: 36361K->3564K(37568K), 0.0026080 secs] 259503K->228846K(889212K), 0.0026490 secs] [Times: user=0.02 sys=0.00, real=0.00 secs] 
169.054: Total time for which application threads were stopped: 0.0027920 seconds, Stopping threads took: 0.0000710 seconds
169.062: Application time: 0.0079340 seconds
169.062: [GC169.062: [ParNew: 36364K->3572K(37568K), 0.0028570 secs] 261645K->232416K(889212K), 0.0029000 secs] [Times: user=0.02 sys=0.00, real=0.01 secs] 
169.065: Total time for which application threads were stopped: 0.0031050 seconds, Stopping threads took: 0.0001330 seconds
169.078: Application time: 0.0129470 seconds
169.078: [GC169.078: [ParNew: 36394K->3602K(37568K), 0.0027800 secs] 265238K->236010K(889212K), 0.0028210 secs] [Times: user=0.03 sys=0.00, real=0.00 secs] 
169.081: Total time for which application threads were stopped: 0.0029680 seconds, Stopping threads took: 0.0000740 seconds
169.088: Application time: 0.0070550 seconds
169.089: [GC169.089: [ParNew: 36395K->2856K(37568K), 0.0024130 secs] 268802K->237431K(889212K), 0.0024570 secs] [Times: user=0.02 sys=0.00, real=0.00 secs] 
169.091: Total time for which application threads were stopped: 0.0030460 seconds, Stopping threads took: 0.0005140 seconds
169.101: Application time: 0.0092660 seconds
169.101: [GC169.101: [ParNew: 35653K->3574K(37568K), 0.0024010 secs] 270228K->240287K(889212K), 0.0024430 secs] [Times: user=0.01 sys=0.00, real=0.01 secs] 
169.103: Total time for which application threads were stopped: 0.0026270 seconds, Stopping threads took: 0.0001100 seconds
169.114: Application time: 0.0111930 seconds
169.115: [GC169.115: [ParNew: 36802K->2186K(37568K), 0.0020960 secs] 273515K->241038K(889212K), 0.0021350 secs] [Times: user=0.02 sys=0.00, real=0.01 secs] 
169.117: Total time for which application threads were stopped: 0.0023030 seconds, Stopping threads took: 0.0000960 seconds
169.129: Application time: 0.0126790 seconds
169.130: [GC169.130: [ParNew: 35277K->2145K(37568K), 0.0016910 secs] 274128K->241739K(889212K), 0.0017280 secs] [Times: user=0.02 sys=0.00, real=0.00 secs] 
169.132: Total time for which application threads were stopped: 0.0021130 seconds, Stopping threads took: 0.0003140 seconds
169.139: Application time: 0.0071230 seconds
169.139: [GC169.139: [ParNew: 34937K->2856K(37568K), 0.0019810 secs] 274531K->243163K(889212K), 0.0020180 secs] [Times: user=0.02 sys=0.00, real=0.00 secs] 
169.141: Total time for which application threads were stopped: 0.0026040 seconds, Stopping threads took: 0.0005140 seconds
169.150: Application time: 0.0083620 seconds
169.150: [GC169.150: [ParNew: 36113K->3611K(37568K), 0.0020040 secs] 276419K->243918K(889212K), 0.0020450 secs] [Times: user=0.02 sys=0.00, real=0.00 secs] 
169.152: Total time for which application threads were stopped: 0.0021840 seconds, Stopping threads took: 0.0000660 seconds
169.162: Application time: 0.0102560 seconds
169.163: [GC169.163: [ParNew: 36690K->3570K(37568K), 0.0035430 secs] 276996K->249606K(889212K), 0.0035850 secs] [Times: user=0.03 sys=0.00, real=0.00 secs] 
169.166: Total time for which application threads were stopped: 0.0043470 seconds, Stopping threads took: 0.0006850 seconds
169.175: Application time: 0.0083220 seconds
169.176: [GC169.176: [ParNew: 36354K->3562K(37568K), 0.0026290 secs] 282390K->251738K(889212K), 0.0026730 secs] [Times: user=0.02 sys=0.00, real=0.00 secs] 
169.178: Total time for which application threads were stopped: 0.0035470 seconds, Stopping threads took: 0.0007990 seconds
169.186: Application time: 0.0081050 seconds
169.187: [GC169.187: [ParNew: 36360K->3571K(37568K), 0.0024950 secs] 284536K->253884K(889212K), 0.0025450 secs] [Times: user=0.02 sys=0.00, real=0.00 secs] 
169.189: Total time for which application threads were stopped: 0.0028770 seconds, Stopping threads took: 0.0002580 seconds
169.196: Application time: 0.0069290 seconds
169.196: [GC169.196: [ParNew: 36357K->3564K(37568K), 0.0026550 secs] 286670K->256729K(889212K), 0.0026980 secs] [Times: user=0.02 sys=0.00, real=0.00 secs] 
169.199: Total time for which application threads were stopped: 0.0028240 seconds, Stopping threads took: 0.0000480 seconds
169.209: Application time: 0.0097090 seconds
169.209: [GC169.209: [ParNew: 36362K->3572K(37568K), 0.0028630 secs] 289527K->259588K(889212K), 0.0029060 secs] [Times: user=0.02 sys=0.00, real=0.00 secs] 
169.212: Total time for which application threads were stopped: 0.0030610 seconds, Stopping threads took: 0.0000880 seconds
169.231: Application time: 0.0196280 seconds
169.233: [GC169.233: [ParNew: 36364K->1433K(37568K), 0.0021730 secs] 292380K->260299K(889212K), 0.0022180 secs] [Times: user=0.01 sys=0.00, real=0.01 secs] 
169.235: Total time for which application threads were stopped: 0.0034770 seconds, Stopping threads took: 0.0011770 seconds
169.255: Application time: 0.0199850 seconds
169.255: [GC169.255: [ParNew: 34230K->3572K(37568K), 0.0027490 secs] 293096K->266001K(889212K), 0.0027910 secs] [Times: user=0.02 sys=0.00, real=0.00 secs] 
169.258: Total time for which application threads were stopped: 0.0029230 seconds, Stopping threads took: 0.0000580 seconds
169.395: Application time: 0.1368860 seconds
169.395: [GC169.395: [ParNew: 36364K->3562K(37568K), 0.0054890 secs] 298793K->278817K(889212K), 0.0055310 secs] [Times: user=0.04 sys=0.00, real=0.00 secs] 
169.400: Total time for which application threads were stopped: 0.0057120 seconds, Stopping threads took: 0.0001010 seconds
169.548: Application time: 0.1470820 seconds
169.548: [GC169.548: [ParNew: 36360K->3576K(37568K), 0.0051470 secs] 311616K->290944K(889212K), 0.0051870 secs] [Times: user=0.04 sys=0.00, real=0.00 secs] 
169.553: Total time for which application threads were stopped: 0.0053310 seconds, Stopping threads took: 0.0000720 seconds
169.699: Application time: 0.1464660 seconds
169.699: [GC169.699: [ParNew: 36374K->3568K(37568K), 0.0050300 secs] 323743K->303050K(889212K), 0.0050730 secs] [Times: user=0.03 sys=0.00, real=0.01 secs] 
169.705: Total time for which application threads were stopped: 0.0052140 seconds, Stopping threads took: 0.0000690 seconds
169.844: Application time: 0.1393740 seconds
169.844: [GC169.844: [ParNew: 36366K->3566K(37568K), 0.0053660 secs] 335848K->315874K(889212K), 0.0054080 secs] [Times: user=0.04 sys=0.00, real=0.00 secs] 
169.850: Total time for which application threads were stopped: 0.0055830 seconds, Stopping threads took: 0.0001030 seconds
169.998: Application time: 0.1484920 seconds
169.998: [GC169.998: [ParNew: 36358K->3564K(37568K), 0.0052570 secs] 348666K->327986K(889212K), 0.0052990 secs] [Times: user=0.04 sys=0.00, real=0.01 secs] 
170.003: Total time for which application threads were stopped: 0.0054680 seconds, Stopping threads took: 0.0000860 seconds
170.152: Application time: 0.1486750 seconds
170.152: [GC170.152: [ParNew: 36379K->3576K(37568K), 0.0054520 secs] 360800K->341535K(889212K), 0.0054960 secs] [Times: user=0.05 sys=0.00, real=0.01 secs] 
170.158: Total time for which application threads were stopped: 0.0056360 seconds, Stopping threads took: 0.0000690 seconds
170.291: Application time: 0.1327690 seconds
170.291: [GC170.291: [ParNew: 36385K->3570K(37568K), 0.0057780 secs] 374344K->355782K(889212K), 0.0058220 secs] [Times: user=0.04 sys=0.00, real=0.01 secs] 
170.297: Total time for which application threads were stopped: 0.0059630 seconds, Stopping threads took: 0.0000650 seconds
170.452: Application time: 0.1552120 seconds
170.452: [GC170.452: [ParNew: 36362K->3564K(37568K), 0.0052130 secs] 388574K->367891K(889212K), 0.0052550 secs] [Times: user=0.04 sys=0.00, real=0.01 secs] 
170.457: Total time for which application threads were stopped: 0.0053860 seconds, Stopping threads took: 0.0000580 seconds
170.581: Application time: 0.1237670 seconds
170.581: [GC170.581: [ParNew: 36373K->3574K(37568K), 0.0052840 secs] 400699K->380726K(889212K), 0.0053260 secs] [Times: user=0.04 sys=0.00, real=0.01 secs] 
170.586: Total time for which application threads were stopped: 0.0054770 seconds, Stopping threads took: 0.0000670 seconds
170.707: Application time: 0.1204450 seconds
170.707: [GC170.707: [ParNew: 36366K->3562K(37568K), 0.0055990 secs] 413518K->393541K(889212K), 0.0056420 secs] [Times: user=0.04 sys=0.00, real=0.00 secs] 
170.713: Total time for which application threads were stopped: 0.0058170 seconds, Stopping threads took: 0.0001020 seconds
170.856: Application time: 0.1429360 seconds
170.856: [GC170.856: [ParNew: 36363K->3570K(37568K), 0.0053940 secs] 426342K->406375K(889212K), 0.0054380 secs] [Times: user=0.04 sys=0.00, real=0.00 secs] 
170.861: Total time for which application threads were stopped: 0.0055970 seconds, Stopping threads took: 0.0000850 seconds
170.994: Application time: 0.1324940 seconds
170.994: [GC170.994: [ParNew: 36371K->3570K(37568K), 0.0050310 secs] 439176K->418489K(889212K), 0.0050730 secs] [Times: user=0.04 sys=0.00, real=0.01 secs] 
170.999: Total time for which application threads were stopped: 0.0052100 seconds, Stopping threads took: 0.0000640 seconds
171.108: Application time: 0.1089340 seconds
171.108: [GC171.108: [ParNew: 36389K->3576K(37568K), 0.0054870 secs] 451307K->432034K(889212K), 0.0055280 secs] [Times: user=0.05 sys=0.00, real=0.00 secs] 
171.113: Total time for which application threads were stopped: 0.0056750 seconds, Stopping threads took: 0.0000650 seconds
171.230: Application time: 0.1164490 seconds
171.230: [GC171.230: [ParNew: 36378K->3570K(37568K), 0.0070530 secs] 464836K->445569K(889212K), 0.0070930 secs] [Times: user=0.04 sys=0.00, real=0.01 secs] 
171.237: Total time for which application threads were stopped: 0.0072350 seconds, Stopping threads took: 0.0000730 seconds
171.339: Application time: 0.1013610 seconds
171.339: [GC171.339: [ParNew: 36364K->3562K(37568K), 0.0053340 secs] 478363K->457676K(889212K), 0.0053770 secs] [Times: user=0.04 sys=0.01, real=0.01 secs] 
171.344: Total time for which application threads were stopped: 0.0055170 seconds, Stopping threads took: 0.0000690 seconds
171.461: Application time: 0.1167020 seconds
171.461: [GC171.461: [ParNew: 36363K->3574K(37568K), 0.0052210 secs] 490476K->469802K(889212K), 0.0052630 secs] [Times: user=0.04 sys=0.00, real=0.01 secs] 
171.466: Total time for which application threads were stopped: 0.0054210 seconds, Stopping threads took: 0.0000860 seconds
171.569: Application time: 0.1031940 seconds
171.570: [GC171.570: [ParNew: 36378K->3570K(37568K), 0.0051290 secs] 502605K->481912K(889212K), 0.0051720 secs] [Times: user=0.04 sys=0.00, real=0.00 secs] 
171.575: Total time for which application threads were stopped: 0.0053320 seconds, Stopping threads took: 0.0000930 seconds
171.688: Application time: 0.1134990 seconds
171.688: [GC171.688: [ParNew: 36365K->3562K(37568K), 0.0051300 secs] 514707K->494019K(889212K), 0.0051720 secs] [Times: user=0.04 sys=0.00, real=0.00 secs] 
171.694: Total time for which application threads were stopped: 0.0053230 seconds, Stopping threads took: 0.0000700 seconds
171.807: Application time: 0.1134780 seconds
171.807: [GC171.807: [ParNew: 36366K->3577K(37568K), 0.0050000 secs] 526823K->505435K(889212K), 0.0050450 secs] [Times: user=0.04 sys=0.00, real=0.00 secs] 
171.812: Total time for which application threads were stopped: 0.0053300 seconds, Stopping threads took: 0.0001920 seconds
171.920: Application time: 0.1080560 seconds
171.921: [GC171.921: [ParNew: 36372K->3562K(37568K), 0.0052410 secs] 538230K->517535K(889212K), 0.0052840 secs] [Times: user=0.04 sys=0.00, real=0.01 secs] 
171.926: Total time for which application threads were stopped: 0.0054120 seconds, Stopping threads took: 0.0000600 seconds
172.035: Application time: 0.1091060 seconds
172.035: [GC172.035: [ParNew: 36386K->3577K(37568K), 0.0051360 secs] 550359K->529664K(889212K), 0.0051890 secs] [Times: user=0.04 sys=0.00, real=0.00 secs] 
172.040: Total time for which application threads were stopped: 0.0053200 seconds, Stopping threads took: 0.0000580 seconds
172.144: Application time: 0.1038800 seconds
172.144: [GC172.144: [ParNew: 36380K->3568K(37568K), 0.0055440 secs] 562467K->543198K(889212K), 0.0055900 secs] [Times: user=0.04 sys=0.00, real=0.00 secs] 
172.150: Total time for which application threads were stopped: 0.0057350 seconds, Stopping threads took: 0.0000710 seconds
172.262: Application time: 0.1121530 seconds
172.262: [GC172.262: [ParNew: 36363K->3562K(37568K), 0.0050760 secs] 575993K->555307K(889212K), 0.0051210 secs] [Times: user=0.04 sys=0.00, real=0.01 secs] 
172.267: Total time for which application threads were stopped: 0.0052780 seconds, Stopping threads took: 0.0000740 seconds
172.379: Application time: 0.1114830 seconds
172.379: [GC172.379: [ParNew: 36851K->3607K(37568K), 0.0045760 secs] 588595K->565328K(889212K), 0.0046200 secs] [Times: user=0.04 sys=0.00, real=0.01 secs] 
172.384: Total time for which application threads were stopped: 0.0047560 seconds, Stopping threads took: 0.0000660 seconds
172.405: Application time: 0.0212480 seconds
172.405: [GC172.405: [ParNew: 36644K->3572K(37568K), 0.0038120 secs] 598364K->571734K(889212K), 0.0038560 secs] [Times: user=0.03 sys=0.00, real=0.00 secs] 
172.409: Total time for which application threads were stopped: 0.0040330 seconds, Stopping threads took: 0.0001020 seconds
172.419: Application time: 0.0104980 seconds
172.419: [GC172.419: [ParNew: 36369K->3574K(37568K), 0.0026680 secs] 604530K->574586K(889212K), 0.0027070 secs] [Times: user=0.02 sys=0.00, real=0.00 secs] 
172.422: Total time for which application threads were stopped: 0.0028400 seconds, Stopping threads took: 0.0000650 seconds
172.436: Application time: 0.0141980 seconds
172.437: [GC172.437: [ParNew: 36361K->1435K(37568K), 0.0022170 secs] 607372K->575297K(889212K), 0.0022630 secs] [Times: user=0.01 sys=0.00, real=0.00 secs] 
172.439: Total time for which application threads were stopped: 0.0024380 seconds, Stopping threads took: 0.0001030 seconds
172.447: Application time: 0.0076920 seconds
172.447: [GC172.447: [ParNew: 34225K->3574K(37568K), 0.0020620 secs] 608087K->577437K(889212K), 0.0021030 secs] [Times: user=0.01 sys=0.00, real=0.00 secs] 
172.449: Total time for which application threads were stopped: 0.0022890 seconds, Stopping threads took: 0.0001080 seconds
172.542: Application time: 0.0930440 seconds
172.542: [GC172.542: [ParNew: 36376K->3570K(37568K), 0.0055260 secs] 610239K->590258K(889212K), 0.0055680 secs] [Times: user=0.04 sys=0.00, real=0.01 secs] 
172.548: Total time for which application threads were stopped: 0.0057160 seconds, Stopping threads took: 0.0000740 seconds
172.582: Application time: 0.0348140 seconds
172.583: [GC172.583: [ParNew: 36390K->3602K(37568K), 0.0037640 secs] 623078K->596704K(889212K), 0.0038140 secs] [Times: user=0.03 sys=0.00, real=0.01 secs] 
172.586: Total time for which application threads were stopped: 0.0039840 seconds, Stopping threads took: 0.0000850 seconds
172.599: Application time: 0.0121660 seconds
172.599: [GC172.599: [ParNew: 36396K->1435K(37568K), 0.0020480 secs] 629498K->597415K(889212K), 0.0020890 secs] [Times: user=0.00 sys=0.01, real=0.00 secs] 
172.601: Total time for which application threads were stopped: 0.0022330 seconds, Stopping threads took: 0.0000690 seconds
172.613: Application time: 0.0124190 seconds
172.613: [GC172.613: [ParNew: 34221K->3568K(37568K), 0.0031590 secs] 630202K->603824K(889212K), 0.0032020 secs] [Times: user=0.03 sys=0.00, real=0.01 secs] 
172.617: Total time for which application threads were stopped: 0.0033450 seconds, Stopping threads took: 0.0000690 seconds
172.626: Application time: 0.0090760 seconds
172.626: [GC172.626: [ParNew: 36360K->1437K(37568K), 0.0023360 secs] 636616K->604543K(889212K), 0.0023870 secs] [Times: user=0.02 sys=0.00, real=0.00 secs] 
172.628: Total time for which application threads were stopped: 0.0025920 seconds, Stopping threads took: 0.0001280 seconds
172.702: Application time: 0.0734330 seconds
172.702: [GC172.702: [ParNew: 34272K->3604K(37568K), 0.0056310 secs] 637378K->620248K(889212K), 0.0056720 secs] [Times: user=0.05 sys=0.00, real=0.01 secs] 
172.707: Total time for which application threads were stopped: 0.0058470 seconds, Stopping threads took: 0.0001010 seconds
172.722: Application time: 0.0140970 seconds
172.722: [GC172.722: [ParNew: 36395K->3570K(37568K), 0.0036400 secs] 653039K->625944K(889212K), 0.0036800 secs] [Times: user=0.02 sys=0.00, real=0.01 secs] 
172.725: Total time for which application threads were stopped: 0.0038330 seconds, Stopping threads took: 0.0000790 seconds
172.736: Application time: 0.0109470 seconds
172.736: [GC172.737: [ParNew: 36358K->3572K(37568K), 0.0028610 secs] 658732K->628796K(889212K), 0.0029020 secs] [Times: user=0.02 sys=0.00, real=0.00 secs] 
172.739: Total time for which application threads were stopped: 0.0030500 seconds, Stopping threads took: 0.0000770 seconds
172.753: Application time: 0.0139120 seconds
172.753: [GC172.753: [ParNew: 36362K->1435K(37568K), 0.0022540 secs] 661586K->629509K(889212K), 0.0022930 secs] [Times: user=0.01 sys=0.00, real=0.01 secs] 
172.756: Total time for which application threads were stopped: 0.0024590 seconds, Stopping threads took: 0.0000900 seconds
172.764: Application time: 0.0086150 seconds
172.765: [GC172.765: [ParNew: 34220K->2141K(37568K), 0.0016630 secs] 662294K->630215K(889212K), 0.0016980 secs] [Times: user=0.02 sys=0.00, real=0.00 secs] 
172.766: Total time for which application threads were stopped: 0.0018750 seconds, Stopping threads took: 0.0000950 seconds
172.873: Application time: 0.1064000 seconds
172.873: [GC172.873: [ParNew: 34942K->3574K(37568K), 0.0054340 secs] 663016K->644474K(889212K), 0.0054760 secs] [Times: user=0.04 sys=0.00, real=0.01 secs] 
172.878: Total time for which application threads were stopped: 0.0056100 seconds, Stopping threads took: 0.0000650 seconds
172.954: Application time: 0.0761360 seconds
172.955: [GC172.955: [ParNew: 36375K->3641K(37568K), 0.0049450 secs] 677275K->655230K(889212K), 0.0049890 secs] [Times: user=0.03 sys=0.00, real=0.01 secs] 
172.960: Total time for which application threads were stopped: 0.0051680 seconds, Stopping threads took: 0.0001040 seconds
172.970: Application time: 0.0105320 seconds
172.971: [GC172.971: [ParNew: 36490K->3576K(37568K), 0.0033940 secs] 688078K->659497K(889212K), 0.0034340 secs] [Times: user=0.02 sys=0.00, real=0.00 secs] 
172.975: Total time for which application threads were stopped: 0.0043770 seconds, Stopping threads took: 0.0008500 seconds
172.982: Application time: 0.0079700 seconds
172.983: [GC172.983: [ParNew: 36356K->1425K(37568K), 0.0020320 secs] 692277K->659484K(889212K), 0.0020730 secs] [Times: user=0.02 sys=0.00, real=0.00 secs] 
172.985: Total time for which application threads were stopped: 0.0026720 seconds, Stopping threads took: 0.0005040 seconds
172.994: Application time: 0.0086980 seconds
172.994: [GC172.994: [ParNew: 34739K->2900K(37568K), 0.0017180 secs] 692798K->660960K(889212K), 0.0017560 secs] [Times: user=0.01 sys=0.00, real=0.01 secs] 
172.996: Total time for which application threads were stopped: 0.0019310 seconds, Stopping threads took: 0.0001020 seconds
173.005: Application time: 0.0089790 seconds
173.005: [GC173.005: [ParNew: 35920K->3574K(37568K), 0.0025640 secs] 693979K->663801K(889212K), 0.0026050 secs] [Times: user=0.02 sys=0.00, real=0.00 secs] 
173.008: Total time for which application threads were stopped: 0.0027790 seconds, Stopping threads took: 0.0001000 seconds
173.017: Application time: 0.0089440 seconds
173.017: [GC173.017: [ParNew: 36981K->3604K(37568K), 0.0027460 secs] 697208K->666683K(889212K), 0.0027890 secs] [Times: user=0.02 sys=0.00, real=0.00 secs] 
173.020: Total time for which application threads were stopped: 0.0031490 seconds, Stopping threads took: 0.0002890 seconds
173.027: Application time: 0.0077970 seconds
173.028: [GC173.028: [ParNew: 36528K->3572K(37568K), 0.0031630 secs] 699607K->670955K(889212K), 0.0032120 secs] [Times: user=0.02 sys=0.00, real=0.00 secs] 
173.031: Total time for which application threads were stopped: 0.0039670 seconds, Stopping threads took: 0.0006820 seconds
173.040: Application time: 0.0087890 seconds
173.041: [GC173.041: [ParNew: 36367K->3576K(37568K), 0.0025210 secs] 703750K->673098K(889212K), 0.0025650 secs] [Times: user=0.02 sys=0.00, real=0.01 secs] 
173.044: Total time for which application threads were stopped: 0.0032880 seconds, Stopping threads took: 0.0006490 seconds
173.052: Application time: 0.0080260 seconds
173.053: [GC173.053: [ParNew: 36839K->2899K(37568K), 0.0018260 secs] 706361K->673134K(889212K), 0.0018660 secs] [Times: user=0.01 sys=0.00, real=0.00 secs] 
173.054: Total time for which application threads were stopped: 0.0029050 seconds, Stopping threads took: 0.0009660 seconds
173.062: Application time: 0.0071140 seconds
173.062: [GC173.062: [ParNew: 35961K->3568K(37568K), 0.0028420 secs] 706196K->676683K(889212K), 0.0028840 secs] [Times: user=0.02 sys=0.00, real=0.01 secs] 
173.065: Total time for which application threads were stopped: 0.0030190 seconds, Stopping threads took: 0.0000560 seconds
173.073: Application time: 0.0084350 seconds
173.074: [GC173.074: [ParNew: 36365K->3572K(37568K), 0.0027740 secs] 709479K->680250K(889212K), 0.0028170 secs] [Times: user=0.02 sys=0.00, real=0.01 secs] 
173.076: Total time for which application threads were stopped: 0.0033280 seconds, Stopping threads took: 0.0004380 seconds
173.084: Application time: 0.0080000 seconds
173.085: [GC173.085: [ParNew: 36373K->3574K(37568K), 0.0027200 secs] 713051K->683104K(889212K), 0.0027630 secs] [Times: user=0.02 sys=0.00, real=0.00 secs] 
173.087: Total time for which application threads were stopped: 0.0030870 seconds, Stopping threads took: 0.0002500 seconds
173.096: Application time: 0.0085550 seconds
173.097: [GC173.097: [ParNew: 36365K->3570K(37568K), 0.0021280 secs] 715895K->683815K(889212K), 0.0021670 secs] [Times: user=0.02 sys=0.00, real=0.00 secs] 
173.099: Total time for which application threads were stopped: 0.0031140 seconds, Stopping threads took: 0.0008630 seconds
173.107: Application time: 0.0078910 seconds
173.108: [GC173.108: [ParNew: 36362K->3570K(37568K), 0.0021600 secs] 716607K->685241K(889212K), 0.0022010 secs] [Times: user=0.02 sys=0.00, real=0.00 secs] 
173.110: Total time for which application threads were stopped: 0.0030390 seconds, Stopping threads took: 0.0007690 seconds
173.118: Application time: 0.0078330 seconds
173.119: [GC173.119: [ParNew: 36359K->3562K(37568K), 0.0034250 secs] 718029K->690934K(889212K), 0.0034750 secs] [Times: user=0.02 sys=0.01, real=0.00 secs] 
173.122: Total time for which application threads were stopped: 0.0043700 seconds, Stopping threads took: 0.0008220 seconds
173.130: Application time: 0.0075830 seconds
173.131: [GC173.131: [ParNew: 36366K->3577K(37568K), 0.0030230 secs] 723737K->693798K(889212K), 0.0030610 secs] [Times: user=0.02 sys=0.00, real=0.00 secs] 
173.134: Total time for which application threads were stopped: 0.0039410 seconds, Stopping threads took: 0.0008040 seconds
173.141: Application time: 0.0072810 seconds
173.141: [GC173.141: [ParNew: 36369K->3569K(37568K), 0.0026170 secs] 726590K->695930K(889212K), 0.0026590 secs] [Times: user=0.02 sys=0.00, real=0.01 secs] 
173.144: Total time for which application threads were stopped: 0.0028830 seconds, Stopping threads took: 0.0001500 seconds
173.151: Application time: 0.0073860 seconds
173.152: [GC173.152: [ParNew: 36363K->3569K(37568K), 0.0021480 secs] 728724K->696643K(889212K), 0.0021840 secs] [Times: user=0.02 sys=0.00, real=0.00 secs] 
173.154: Total time for which application threads were stopped: 0.0023810 seconds, Stopping threads took: 0.0001240 seconds
173.162: Application time: 0.0084980 seconds
173.162: [GC173.162: [ParNew: 36369K->3570K(37568K), 0.0027540 secs] 729444K->699496K(889212K), 0.0027980 secs] [Times: user=0.02 sys=0.00, real=0.01 secs] 
173.165: Total time for which application threads were stopped: 0.0029870 seconds, Stopping threads took: 0.0001070 seconds
173.175: Application time: 0.0093000 seconds
173.175: [GC173.175: [ParNew: 36362K->2151K(37568K), 0.0019240 secs] 732288K->700215K(889212K), 0.0019620 secs] [Times: user=0.02 sys=0.00, real=0.01 secs] 
173.177: Total time for which application threads were stopped: 0.0021110 seconds, Stopping threads took: 0.0000780 seconds
173.320: Application time: 0.1437530 seconds
173.321: [GC173.321: [ParNew: 34943K->3572K(37568K), 0.0053540 secs] 733007K->714462K(889212K), 0.0053990 secs] [Times: user=0.04 sys=0.00, real=0.01 secs] 
173.326: Total time for which application threads were stopped: 0.0055660 seconds, Stopping threads took: 0.0000840 seconds
173.466: Application time: 0.1396840 seconds
173.466: [GC173.466: [ParNew: 36370K->3572K(37568K), 0.0064100 secs] 747260K->727288K(889212K), 0.0064520 secs] [Times: user=0.04 sys=0.00, real=0.00 secs] 
173.472: Total time for which application threads were stopped: 0.0065820 seconds, Stopping threads took: 0.0000610 seconds
173.619: Application time: 0.1467780 seconds
173.619: [GC173.619: [ParNew: 36364K->3564K(37568K), 0.0050950 secs] 760080K->739394K(889212K), 0.0051400 secs] [Times: user=0.04 sys=0.00, real=0.01 secs] 
173.624: Total time for which application threads were stopped: 0.0052940 seconds, Stopping threads took: 0.0000780 seconds
173.765: Application time: 0.1410660 seconds
173.766: [GC173.766: [ParNew: 36371K->3576K(37568K), 0.0052960 secs] 772200K->752231K(889212K), 0.0053390 secs] [Times: user=0.04 sys=0.00, real=0.00 secs] 
173.771: Total time for which application threads were stopped: 0.0054930 seconds, Stopping threads took: 0.0000820 seconds
173.907: Application time: 0.1359130 seconds
173.907: [GC173.907: [ParNew: 36368K->3562K(37568K), 0.0054170 secs] 785023K->765044K(889212K), 0.0054590 secs] [Times: user=0.04 sys=0.00, real=0.00 secs] 
173.912: Total time for which application threads were stopped: 0.0056330 seconds, Stopping threads took: 0.0000870 seconds
174.068: Application time: 0.1560180 seconds
174.069: [GC174.069: [ParNew: 36369K->3576K(37568K), 0.0053890 secs] 797851K->777883K(889212K), 0.0054320 secs] [Times: user=0.04 sys=0.00, real=0.00 secs] 
174.074: Total time for which application threads were stopped: 0.0055840 seconds, Stopping threads took: 0.0000800 seconds
174.213: Application time: 0.1387840 seconds
174.213: [GC174.213: [ParNew: 36393K->3574K(37568K), 0.0057310 secs] 810700K->792133K(889212K), 0.0057760 secs] [Times: user=0.04 sys=0.00, real=0.01 secs] 
174.219: Total time for which application threads were stopped: 0.0059100 seconds, Stopping threads took: 0.0000620 seconds
174.219: Application time: 0.0000620 seconds
174.219: [GC [1 CMS-initial-mark: 788559K(851644K)] 792846K(889212K), 0.0001310 secs] [Times: user=0.00 sys=0.00, real=0.00 secs] 
174.219: Total time for which application threads were stopped: 0.0003050 seconds, Stopping threads took: 0.0001490 seconds
174.219: [CMS-concurrent-mark-start]
174.224: [CMS-concurrent-mark: 0.005/0.005 secs] [Times: user=0.02 sys=0.00, real=0.01 secs] 
174.224: [CMS-concurrent-preclean-start]
174.226: [CMS-concurrent-preclean: 0.001/0.001 secs] [Times: user=0.01 sys=0.00, real=0.00 secs] 
174.226: [CMS-concurrent-abortable-preclean-start]
174.364: Application time: 0.1446520 seconds
174.364: [GC174.364: [ParNew: 36366K->3562K(37568K), 0.0053970 secs] 824925K->804949K(889212K), 0.0054430 secs] [Times: user=0.04 sys=0.00, real=0.00 secs] 
174.369: Total time for which application threads were stopped: 0.0056580 seconds, Stopping threads took: 0.0001230 seconds
174.369: [CMS-concurrent-abortable-preclean: 0.003/0.144 secs] [Times: user=1.15 sys=0.00, real=0.14 secs] 
174.369: Application time: 0.0000860 seconds
174.370: [GC[YG occupancy: 4275 K (37568 K)]174.370: [Rescan (parallel) , 0.0003410 secs]174.370: [weak refs processing, 0.0000060 secs]174.370: [scrub string table, 0.0001080 secs] [1 CMS-remark: 801386K(851644K)] 805662K(889212K), 0.0004780 secs] [Times: user=0.00 sys=0.00, real=0.00 secs] 
174.370: Total time for which application threads were stopped: 0.0006460 seconds, Stopping threads took: 0.0001330 seconds
174.370: [CMS-concurrent-sweep-start]
174.371: [CMS-concurrent-sweep: 0.001/0.001 secs] [Times: user=0.00 sys=0.00, real=0.00 secs] 
174.371: [CMS-concurrent-reset-start]
174.373: [CMS-concurrent-reset: 0.002/0.002 secs] [Times: user=0.01 sys=0.00, real=0.00 secs] 
174.512: Application time: 0.1415840 seconds
174.512: [GC174.512: [ParNew: 36363K->3568K(37568K), 0.0052130 secs] 76219K->56249K(889212K), 0.0052570 secs] [Times: user=0.04 sys=0.00, real=0.01 secs] 
174.517: Total time for which application threads were stopped: 0.0054130 seconds, Stopping threads took: 0.0000710 seconds
174.641: Application time: 0.1237930 seconds
174.641: [GC174.641: [ParNew: 36377K->3572K(37568K), 0.0049880 secs] 89058K->68367K(889212K), 0.0050340 secs] [Times: user=0.04 sys=0.00, real=0.01 secs] 
174.646: Total time for which application threads were stopped: 0.0051660 seconds, Stopping threads took: 0.0000580 seconds
174.778: Application time: 0.1314610 seconds
174.778: [GC174.778: [ParNew: 36364K->3564K(37568K), 0.0055570 secs] 101160K->81187K(889212K), 0.0056000 secs] [Times: user=0.04 sys=0.00, real=0.01 secs] 
174.783: Total time for which application threads were stopped: 0.0057600 seconds, Stopping threads took: 0.0000880 seconds
174.906: Application time: 0.1230670 seconds
174.907: [GC174.907: [ParNew: 36357K->3562K(37568K), 0.0054670 secs] 113979K->94010K(889212K), 0.0055110 secs] [Times: user=0.04 sys=0.00, real=0.00 secs] 
174.912: Total time for which application threads were stopped: 0.0056570 seconds, Stopping threads took: 0.0000750 seconds
175.025: Application time: 0.1126940 seconds
175.025: [GC175.025: [ParNew: 36381K->3578K(37568K), 0.0054730 secs] 126829K->106852K(889212K), 0.0055180 secs] [Times: user=0.04 sys=0.00, real=0.00 secs] 
175.030: Total time for which application threads were stopped: 0.0056930 seconds, Stopping threads took: 0.0000880 seconds
175.137: Application time: 0.1060750 seconds
175.137: [GC175.137: [ParNew: 36389K->3576K(37568K), 0.0055920 secs] 139662K->120391K(889212K), 0.0056310 secs] [Times: user=0.04 sys=0.00, real=0.00 secs] 
175.142: Total time for which application threads were stopped: 0.0057610 seconds, Stopping threads took: 0.0000590 seconds
175.269: Application time: 0.1265010 seconds
175.269: [GC175.269: [ParNew: 36370K->3562K(37568K), 0.0050970 secs] 153185K->132492K(889212K), 0.0051380 secs] [Times: user=0.04 sys=0.00, real=0.00 secs] 
175.274: Total time for which application threads were stopped: 0.0052820 seconds, Stopping threads took: 0.0000720 seconds
175.373: Application time: 0.0989580 seconds
175.373: [GC175.373: [ParNew: 36365K->3568K(37568K), 0.0052820 secs] 165295K->145325K(889212K), 0.0053250 secs] [Times: user=0.04 sys=0.00, real=0.01 secs] 
175.379: Total time for which application threads were stopped: 0.0054800 seconds, Stopping threads took: 0.0000790 seconds
175.510: Application time: 0.1313750 seconds
175.510: [GC175.510: [ParNew: 36363K->3562K(37568K), 0.0051690 secs] 178119K->157433K(889212K), 0.0052140 secs] [Times: user=0.04 sys=0.00, real=0.01 secs] 
175.515: Total time for which application threads were stopped: 0.0053910 seconds, Stopping threads took: 0.0001070 seconds
175.611: Application time: 0.0958580 seconds
175.611: [GC175.611: [ParNew: 36370K->3573K(37568K), 0.0051560 secs] 190241K->169557K(889212K), 0.0052010 secs] [Times: user=0.04 sys=0.00, real=0.01 secs] 
175.617: Total time for which application threads were stopped: 0.0053770 seconds, Stopping threads took: 0.0000910 seconds
175.716: Application time: 0.0996590 seconds
175.716: [GC175.716: [ParNew: 36367K->3562K(37568K), 0.0051660 secs] 202352K->181663K(889212K), 0.0052110 secs] [Times: user=0.04 sys=0.00, real=0.00 secs] 
175.722: Total time for which application threads were stopped: 0.0053770 seconds, Stopping threads took: 0.0000920 seconds
175.834: Application time: 0.1124220 seconds
175.834: [GC175.834: [ParNew: 36357K->3562K(37568K), 0.0051440 secs] 214458K->193777K(889212K), 0.0051980 secs] [Times: user=0.04 sys=0.00, real=0.01 secs] 
175.839: Total time for which application threads were stopped: 0.0053360 seconds, Stopping threads took: 0.0000650 seconds
175.953: Application time: 0.1139700 seconds
175.953: [GC175.953: [ParNew: 36371K->3570K(37568K), 0.0051560 secs] 226585K->205899K(889212K), 0.0052000 secs] [Times: user=0.04 sys=0.00, real=0.01 secs] 
175.959: Total time for which application threads were stopped: 0.0053330 seconds, Stopping threads took: 0.0000590 seconds
176.069: Application time: 0.1108190 seconds
176.070: [GC176.070: [ParNew: 36391K->3572K(37568K), 0.0055590 secs] 238720K->219442K(889212K), 0.0056040 secs] [Times: user=0.04 sys=0.00, real=0.01 secs] 
176.075: Total time for which application threads were stopped: 0.0057390 seconds, Stopping threads took: 0.0000610 seconds
176.183: Application time: 0.1076970 seconds
176.183: [GC176.183: [ParNew: 36367K->3562K(37568K), 0.0051860 secs] 252236K->231548K(889212K), 0.0052320 secs] [Times: user=0.04 sys=0.00, real=0.00 secs] 
176.188: Total time for which application threads were stopped: 0.0053830 seconds, Stopping threads took: 0.0000660 seconds
176.260: Application time: 0.0718950 seconds
176.260: [GC176.260: [ParNew: 36391K->3604K(37568K), 0.0054800 secs] 264377K->244416K(889212K), 0.0055270 secs] [Times: user=0.04 sys=0.00, real=0.01 secs] 
176.266: Total time for which application threads were stopped: 0.0056730 seconds, Stopping threads took: 0.0000730 seconds
176.278: Application time: 0.0125890 seconds
176.279: [GC176.279: [ParNew: 36388K->1433K(37568K), 0.0022130 secs] 277200K->245123K(889212K), 0.0022550 secs] [Times: user=0.01 sys=0.01, real=0.00 secs] 
176.281: Total time for which application threads were stopped: 0.0024360 seconds, Stopping threads took: 0.0001070 seconds
176.294: Application time: 0.0127720 seconds
176.294: [GC176.294: [ParNew: 34224K->3573K(37568K), 0.0028130 secs] 277915K->250114K(889212K), 0.0028560 secs] [Times: user=0.02 sys=0.00, real=0.01 secs] 
176.297: Total time for which application threads were stopped: 0.0030440 seconds, Stopping threads took: 0.0001120 seconds
176.308: Application time: 0.0116010 seconds
176.308: [GC176.308: [ParNew: 36365K->1431K(37568K), 0.0019630 secs] 282906K->250110K(889212K), 0.0020010 secs] [Times: user=0.01 sys=0.00, real=0.00 secs] 
176.310: Total time for which application threads were stopped: 0.0021620 seconds, Stopping threads took: 0.0000870 seconds
176.342: Application time: 0.0315290 seconds
176.342: [GC176.342: [ParNew: 34229K->3572K(37568K), 0.0039590 secs] 282908K->260089K(889212K), 0.0040010 secs] [Times: user=0.03 sys=0.00, real=0.01 secs] 
176.346: Total time for which application threads were stopped: 0.0041190 seconds, Stopping threads took: 0.0000540 seconds
176.465: Application time: 0.1189400 seconds
176.465: [GC176.465: [ParNew: 36366K->3564K(37568K), 0.0052980 secs] 292883K->272196K(889212K), 0.0053320 secs] [Times: user=0.03 sys=0.00, real=0.00 secs] 
176.471: Total time for which application threads were stopped: 0.0055020 seconds, Stopping threads took: 0.0000960 seconds
176.514: Application time: 0.0433580 seconds
176.514: [GC176.514: [ParNew: 36386K->3602K(37568K), 0.0045380 secs] 305017K->281497K(889212K), 0.0045850 secs] [Times: user=0.04 sys=0.00, real=0.01 secs] 
176.519: Total time for which application threads were stopped: 0.0047490 seconds, Stopping threads took: 0.0000850 seconds
176.531: Application time: 0.0120620 seconds
176.531: [GC176.531: [ParNew: 36396K->1433K(37568K), 0.0019610 secs] 314291K->282206K(889212K), 0.0019970 secs] [Times: user=0.02 sys=0.00, real=0.00 secs] 
176.533: Total time for which application threads were stopped: 0.0022080 seconds, Stopping threads took: 0.0001380 seconds
176.546: Application time: 0.0127310 seconds
176.546: [GC176.546: [ParNew: 34218K->3570K(37568K), 0.0026250 secs] 314991K->286481K(889212K), 0.0026650 secs] [Times: user=0.02 sys=0.00, real=0.00 secs] 
176.549: Total time for which application threads were stopped: 0.0028460 seconds, Stopping threads took: 0.0001030 seconds
176.557: Application time: 0.0088150 seconds
176.559: [GC176.559: [ParNew: 36366K->3570K(37568K), 0.0030860 secs] 319277K->290757K(889212K), 0.0031380 secs] [Times: user=0.02 sys=0.00, real=0.00 secs] 
176.562: Total time for which application threads were stopped: 0.0047430 seconds, Stopping threads took: 0.0015300 seconds
176.600: Application time: 0.0374990 seconds
176.600: [GC176.600: [ParNew: 36401K->3602K(37568K), 0.0043150 secs] 323588K->299339K(889212K), 0.0043590 secs] [Times: user=0.03 sys=0.00, real=0.01 secs] 
176.604: Total time for which application threads were stopped: 0.0045130 seconds, Stopping threads took: 0.0000790 seconds
176.618: Application time: 0.0134570 seconds
176.618: [GC176.618: [ParNew: 36386K->1429K(37568K), 0.0019540 secs] 332123K->299332K(889212K), 0.0019940 secs] [Times: user=0.02 sys=0.00, real=0.00 secs] 
176.620: Total time for which application threads were stopped: 0.0021570 seconds, Stopping threads took: 0.0000890 seconds
176.634: Application time: 0.0137840 seconds
176.634: [GC176.634: [ParNew: 34218K->2151K(37568K), 0.0014970 secs] 332122K->300055K(889212K), 0.0015310 secs] [Times: user=0.02 sys=0.00, real=0.01 secs] 
176.635: Total time for which application threads were stopped: 0.0016830 seconds, Stopping threads took: 0.0000830 seconds
176.645: Application time: 0.0096250 seconds
176.645: [GC176.645: [ParNew: 34949K->3568K(37568K), 0.0034290 secs] 332853K->306460K(889212K), 0.0034730 secs] [Times: user=0.03 sys=0.00, real=0.00 secs] 
176.648: Total time for which application threads were stopped: 0.0036550 seconds, Stopping threads took: 0.0001070 seconds
176.663: Application time: 0.0148430 seconds
176.663: [GC176.663: [ParNew: 36367K->3570K(37568K), 0.0043790 secs] 339258K->315725K(889212K), 0.0044220 secs] [Times: user=0.03 sys=0.00, real=0.00 secs] 
176.668: Total time for which application threads were stopped: 0.0045520 seconds, Stopping threads took: 0.0000570 seconds
176.811: Application time: 0.1427570 seconds
176.811: [GC176.811: [ParNew: 36363K->3564K(37568K), 0.0051180 secs] 348518K->327833K(889212K), 0.0051670 secs] [Times: user=0.04 sys=0.01, real=0.01 secs] 
176.816: Total time for which application threads were stopped: 0.0053270 seconds, Stopping threads took: 0.0000750 seconds
176.887: Application time: 0.0709470 seconds
176.887: [GC176.887: [ParNew: 36387K->3604K(37568K), 0.0047390 secs] 360656K->337848K(889212K), 0.0047830 secs] [Times: user=0.04 sys=0.00, real=0.00 secs] 
176.892: Total time for which application threads were stopped: 0.0049470 seconds, Stopping threads took: 0.0000900 seconds
176.902: Application time: 0.0104730 seconds
176.902: [GC176.902: [ParNew: 36394K->3566K(37568K), 0.0035840 secs] 370638K->343539K(889212K), 0.0036270 secs] [Times: user=0.03 sys=0.00, real=0.01 secs] 
176.906: Total time for which application threads were stopped: 0.0037980 seconds, Stopping threads took: 0.0000960 seconds
176.920: Application time: 0.0137740 seconds
176.920: [GC176.920: [ParNew: 36355K->3574K(37568K), 0.0026640 secs] 376328K->345685K(889212K), 0.0027040 secs] [Times: user=0.02 sys=0.00, real=0.00 secs] 
176.923: Total time for which application threads were stopped: 0.0028780 seconds, Stopping threads took: 0.0000920 seconds
176.933: Application time: 0.0103090 seconds
176.933: [GC176.933: [ParNew: 36369K->3569K(37568K), 0.0029350 secs] 378479K->349242K(889212K), 0.0029780 secs] [Times: user=0.02 sys=0.00, real=0.01 secs] 
176.936: Total time for which application threads were stopped: 0.0031420 seconds, Stopping threads took: 0.0000900 seconds
176.967: Application time: 0.0306490 seconds
176.967: [GC176.967: [ParNew: 36486K->3636K(37568K), 0.0025340 secs] 382159K->351447K(889212K), 0.0025770 secs] [Times: user=0.02 sys=0.00, real=0.00 secs] 
176.970: Total time for which application threads were stopped: 0.0027210 seconds, Stopping threads took: 0.0000710 seconds
176.983: Application time: 0.0132260 seconds
176.983: [GC176.983: [ParNew: 36370K->3574K(37568K), 0.0030480 secs] 384180K->355718K(889212K), 0.0031000 secs] [Times: user=0.03 sys=0.00, real=0.00 secs] 
176.986: Total time for which application threads were stopped: 0.0033330 seconds, Stopping threads took: 0.0001600 seconds
176.994: Application time: 0.0083220 seconds
176.995: [GC176.995: [ParNew: 36356K->2145K(37568K), 0.0020690 secs] 388500K->356428K(889212K), 0.0021100 secs] [Times: user=0.02 sys=0.00, real=0.01 secs] 
176.997: Total time for which application threads were stopped: 0.0022720 seconds, Stopping threads took: 0.0000900 seconds
177.005: Application time: 0.0083220 seconds
177.005: [GC177.005: [ParNew: 34886K->3608K(37568K), 0.0030700 secs] 389168K->362166K(889212K), 0.0031140 secs] [Times: user=0.02 sys=0.00, real=0.00 secs] 
177.008: Total time for which application threads were stopped: 0.0032700 seconds, Stopping threads took: 0.0000800 seconds
177.016: Application time: 0.0076460 seconds
177.016: [GC177.016: [ParNew: 36483K->2860K(37568K), 0.0020680 secs] 395041K->362873K(889212K), 0.0021080 secs] [Times: user=0.02 sys=0.00, real=0.00 secs] 
177.018: Total time for which application threads were stopped: 0.0024080 seconds, Stopping threads took: 0.0002250 seconds
177.027: Application time: 0.0081410 seconds
177.027: [GC177.027: [ParNew: 35663K->3570K(37568K), 0.0032200 secs] 395675K->368572K(889212K), 0.0032620 secs] [Times: user=0.03 sys=0.00, real=0.00 secs] 
177.030: Total time for which application threads were stopped: 0.0035320 seconds, Stopping threads took: 0.0001850 seconds
177.038: Application time: 0.0076040 seconds
177.038: [GC177.038: [ParNew: 36358K->3564K(37568K), 0.0023710 secs] 401359K->369993K(889212K), 0.0024140 secs] [Times: user=0.02 sys=0.00, real=0.00 secs] 
177.040: Total time for which application threads were stopped: 0.0026910 seconds, Stopping threads took: 0.0002040 seconds
177.048: Application time: 0.0073170 seconds
177.048: [GC177.048: [ParNew: 36355K->2862K(37568K), 0.0021660 secs] 402783K->370715K(889212K), 0.0022040 secs] [Times: user=0.01 sys=0.00, real=0.00 secs] 
177.050: Total time for which application threads were stopped: 0.0024270 seconds, Stopping threads took: 0.0001520 seconds
177.058: Application time: 0.0074160 seconds
177.058: [GC177.058: [ParNew: 35655K->3574K(37568K), 0.0021230 secs] 403508K->372141K(889212K), 0.0021640 secs] [Times: user=0.02 sys=0.00, real=0.00 secs] 
177.061: Total time for which application threads were stopped: 0.0030580 seconds, Stopping threads took: 0.0008210 seconds
177.068: Application time: 0.0073540 seconds
177.068: [GC177.068: [ParNew: 36375K->2862K(37568K), 0.0023450 secs] 404942K->373567K(889212K), 0.0023860 secs] [Times: user=0.02 sys=0.00, real=0.00 secs] 
177.071: Total time for which application threads were stopped: 0.0025800 seconds, Stopping threads took: 0.0001190 seconds
177.079: Application time: 0.0082830 seconds
177.079: [GC177.079: [ParNew: 35654K->3570K(37568K), 0.0024950 secs] 406360K->376414K(889212K), 0.0025350 secs] [Times: user=0.02 sys=0.00, real=0.00 secs] 
177.082: Total time for which application threads were stopped: 0.0026990 seconds, Stopping threads took: 0.0000910 seconds
177.093: Application time: 0.0109530 seconds
177.093: [GC177.093: [ParNew: 36363K->1429K(37568K), 0.0021830 secs] 409206K->377124K(889212K), 0.0022250 secs] [Times: user=0.01 sys=0.01, real=0.01 secs] 
177.095: Total time for which application threads were stopped: 0.0023690 seconds, Stopping threads took: 0.0000750 seconds
177.125: Application time: 0.0305860 seconds
177.126: [GC177.126: [ParNew: 34258K->3602K(37568K), 0.0031770 secs] 409953K->383572K(889212K), 0.0032200 secs] [Times: user=0.02 sys=0.00, real=0.00 secs] 
177.129: Total time for which application threads were stopped: 0.0033650 seconds, Stopping threads took: 0.0000700 seconds
177.142: Application time: 0.0129940 seconds
177.142: [GC177.142: [ParNew: 36388K->3570K(37568K), 0.0028740 secs] 416358K->386420K(889212K), 0.0029160 secs] [Times: user=0.02 sys=0.00, real=0.01 secs] 
177.145: Total time for which application threads were stopped: 0.0031110 seconds, Stopping threads took: 0.0001190 seconds
177.158: Application time: 0.0129170 seconds
177.158: [GC177.158: [ParNew: 36359K->3568K(37568K), 0.0025710 secs] 419209K->388555K(889212K), 0.0026240 secs] [Times: user=0.02 sys=0.00, real=0.00 secs] 
177.161: Total time for which application threads were stopped: 0.0028000 seconds, Stopping threads took: 0.0000980 seconds
177.172: Application time: 0.0110030 seconds
177.172: [GC177.172: [ParNew: 36364K->3566K(37568K), 0.0034290 secs] 421351K->393541K(889212K), 0.0034700 secs] [Times: user=0.03 sys=0.00, real=0.01 secs] 
177.175: Total time for which application threads were stopped: 0.0036360 seconds, Stopping threads took: 0.0000910 seconds
177.232: Application time: 0.0569110 seconds
177.232: [GC177.232: [ParNew: 36364K->3570K(37568K), 0.0045860 secs] 426339K->402808K(889212K), 0.0046290 secs] [Times: user=0.02 sys=0.00, real=0.01 secs] 
177.237: Total time for which application threads were stopped: 0.0048170 seconds, Stopping threads took: 0.0001070 seconds
177.388: Application time: 0.1510910 seconds
177.388: [GC177.388: [ParNew: 36368K->3566K(37568K), 0.0053050 secs] 435606K->415630K(889212K), 0.0053460 secs] [Times: user=0.04 sys=0.00, real=0.00 secs] 
177.394: Total time for which application threads were stopped: 0.0055040 seconds, Stopping threads took: 0.0000740 seconds
177.536: Application time: 0.1427590 seconds
177.537: [GC177.537: [ParNew: 36358K->3562K(37568K), 0.0050530 secs] 448422K->427740K(889212K), 0.0050950 secs] [Times: user=0.04 sys=0.00, real=0.00 secs] 
177.542: Total time for which application threads were stopped: 0.0052400 seconds, Stopping threads took: 0.0000720 seconds
177.678: Application time: 0.1362140 seconds
177.678: [GC177.678: [ParNew: 36360K->3568K(37568K), 0.0053870 secs] 460538K->440571K(889212K), 0.0054300 secs] [Times: user=0.04 sys=0.00, real=0.01 secs] 
177.683: Total time for which application threads were stopped: 0.0055730 seconds, Stopping threads took: 0.0000690 seconds
177.841: Application time: 0.1575530 seconds
177.841: [GC177.841: [ParNew: 36368K->3572K(37568K), 0.0052610 secs] 473371K->453401K(889212K), 0.0053030 secs] [Times: user=0.04 sys=0.00, real=0.01 secs] 
177.846: Total time for which application threads were stopped: 0.0054410 seconds, Stopping threads took: 0.0000680 seconds
177.987: Application time: 0.1406970 seconds
177.987: [GC177.987: [ParNew: 36372K->3572K(37568K), 0.0052850 secs] 486201K->466227K(889212K), 0.0053260 secs] [Times: user=0.04 sys=0.00, real=0.00 secs] 
177.993: Total time for which application threads were stopped: 0.0054930 seconds, Stopping threads took: 0.0000870 seconds
178.138: Application time: 0.1454210 seconds
178.138: [GC178.138: [ParNew: 36391K->3576K(37568K), 0.0055460 secs] 499047K->479770K(889212K), 0.0055890 secs] [Times: user=0.04 sys=0.00, real=0.01 secs] 
178.144: Total time for which application threads were stopped: 0.0057320 seconds, Stopping threads took: 0.0000710 seconds
178.287: Application time: 0.1427440 seconds
178.287: [GC178.287: [ParNew: 36377K->3570K(37568K), 0.0054200 secs] 512571K->492592K(889212K), 0.0054620 secs] [Times: user=0.04 sys=0.01, real=0.00 secs] 
178.292: Total time for which application threads were stopped: 0.0055920 seconds, Stopping threads took: 0.0000580 seconds
178.434: Application time: 0.1418920 seconds
178.434: [GC178.434: [ParNew: 36362K->3562K(37568K), 0.0055280 secs] 525384K->506123K(889212K), 0.0055720 secs] [Times: user=0.04 sys=0.00, real=0.01 secs] 
178.440: Total time for which application threads were stopped: 0.0057330 seconds, Stopping threads took: 0.0000870 seconds
178.574: Application time: 0.1342080 seconds
178.574: [GC178.574: [ParNew: 36354K->3562K(37568K), 0.0050800 secs] 538915K->518236K(889212K), 0.0051240 secs] [Times: user=0.04 sys=0.00, real=0.01 secs] 
178.579: Total time for which application threads were stopped: 0.0052960 seconds, Stopping threads took: 0.0000870 seconds
178.728: Application time: 0.1492210 seconds
178.729: [GC178.729: [ParNew: 36371K->3576K(37568K), 0.0051080 secs] 551045K->530363K(889212K), 0.0051520 secs] [Times: user=0.04 sys=0.00, real=0.00 secs] 
178.734: Total time for which application threads were stopped: 0.0052990 seconds, Stopping threads took: 0.0000640 seconds
178.838: Application time: 0.1040320 seconds
178.838: [GC178.838: [ParNew: 36377K->3572K(37568K), 0.0052080 secs] 563164K->542474K(889212K), 0.0052500 secs] [Times: user=0.04 sys=0.00, real=0.01 secs] 
178.843: Total time for which application threads were stopped: 0.0054230 seconds, Stopping threads took: 0.0000800 seconds
178.968: Application time: 0.1244670 seconds
178.968: [GC178.968: [ParNew: 36373K->3566K(37568K), 0.0049270 secs] 575275K->553869K(889212K), 0.0049690 secs] [Times: user=0.03 sys=0.00, real=0.00 secs] 
178.973: Total time for which application threads were stopped: 0.0051020 seconds, Stopping threads took: 0.0000590 seconds
179.100: Application time: 0.1267260 seconds
179.100: [GC179.100: [ParNew: 36385K->3576K(37568K), 0.0052440 secs] 586688K->566706K(889212K), 0.0052880 secs] [Times: user=0.04 sys=0.00, real=0.01 secs] 
179.105: Total time for which application threads were stopped: 0.0054250 seconds, Stopping threads took: 0.0000580 seconds
179.206: Application time: 0.1013040 seconds
179.206: [GC179.206: [ParNew: 36370K->3562K(37568K), 0.0051280 secs] 599500K->578808K(889212K), 0.0051700 secs] [Times: user=0.04 sys=0.00, real=0.00 secs] 
179.212: Total time for which application threads were stopped: 0.0053030 seconds, Stopping threads took: 0.0000670 seconds
179.323: Application time: 0.1111820 seconds
179.323: [GC179.323: [ParNew: 36365K->3572K(37568K), 0.0052880 secs] 611611K->591645K(889212K), 0.0053310 secs] [Times: user=0.04 sys=0.00, real=0.00 secs] 
179.328: Total time for which application threads were stopped: 0.0054850 seconds, Stopping threads took: 0.0000820 seconds
179.424: Application time: 0.0959240 seconds
179.424: [GC179.424: [ParNew: 36367K->3562K(37568K), 0.0051820 secs] 624439K->603749K(889212K), 0.0052250 secs] [Times: user=0.04 sys=0.00, real=0.00 secs] 
179.430: Total time for which application threads were stopped: 0.0053760 seconds, Stopping threads took: 0.0000770 seconds
179.537: Application time: 0.1079160 seconds
179.538: [GC179.538: [ParNew: 36357K->3562K(37568K), 0.0051340 secs] 636544K->615863K(889212K), 0.0051750 secs] [Times: user=0.04 sys=0.00, real=0.00 secs] 
179.543: Total time for which application threads were stopped: 0.0053350 seconds, Stopping threads took: 0.0000800 seconds
179.654: Application time: 0.1111920 seconds
179.654: [GC179.654: [ParNew: 36372K->3577K(37568K), 0.0054070 secs] 648673K->628704K(889212K), 0.0054500 secs] [Times: user=0.04 sys=0.00, real=0.01 secs] 
179.660: Total time for which application threads were stopped: 0.0055980 seconds, Stopping threads took: 0.0000690 seconds
179.771: Application time: 0.1113550 seconds
179.771: [GC179.771: [ParNew: 36378K->3571K(37568K), 0.0053710 secs] 661506K->641526K(889212K), 0.0054130 secs] [Times: user=0.04 sys=0.00, real=0.01 secs] 
179.777: Total time for which application threads were stopped: 0.0055710 seconds, Stopping threads took: 0.0000870 seconds
179.884: Application time: 0.1074540 seconds
179.884: [GC179.884: [ParNew: 36372K->3570K(37568K), 0.0053540 secs] 674328K->653641K(889212K), 0.0053970 secs] [Times: user=0.04 sys=0.00, real=0.00 secs] 
179.890: Total time for which application threads were stopped: 0.0055820 seconds, Stopping threads took: 0.0001110 seconds
180.001: Application time: 0.1114130 seconds
180.001: [GC180.001: [ParNew: 36374K->3574K(37568K), 0.0055720 secs] 686445K->667185K(889212K), 0.0056150 secs] [Times: user=0.04 sys=0.00, real=0.01 secs] 
180.007: Total time for which application threads were stopped: 0.0057470 seconds, Stopping threads took: 0.0000650 seconds
180.106: Application time: 0.0990110 seconds
180.106: [GC180.106: [ParNew: 36386K->3574K(37568K), 0.0055630 secs] 699997K->680725K(889212K), 0.0056070 secs] [Times: user=0.04 sys=0.00, real=0.00 secs] 
180.112: Total time for which application threads were stopped: 0.0057640 seconds, Stopping threads took: 0.0000870 seconds
180.203: Application time: 0.0912150 seconds
180.203: [GC180.203: [ParNew: 36402K->3602K(37568K), 0.0057140 secs] 713552K->694293K(889212K), 0.0057670 secs] [Times: user=0.04 sys=0.00, real=0.00 secs] 
180.209: Total time for which application threads were stopped: 0.0059460 seconds, Stopping threads took: 0.0000970 seconds
180.223: Application time: 0.0138550 seconds
180.223: [GC180.223: [ParNew: 36391K->3568K(37568K), 0.0032350 secs] 727082K->698563K(889212K), 0.0032780 secs] [Times: user=0.03 sys=0.00, real=0.01 secs] 
180.226: Total time for which application threads were stopped: 0.0034430 seconds, Stopping threads took: 0.0000910 seconds
180.238: Application time: 0.0122770 seconds
180.238: [GC180.238: [ParNew: 36355K->1435K(37568K), 0.0019750 secs] 731350K->698567K(889212K), 0.0020140 secs] [Times: user=0.01 sys=0.00, real=0.00 secs] 
180.240: Total time for which application threads were stopped: 0.0021940 seconds, Stopping threads took: 0.0001060 seconds
180.252: Application time: 0.0120610 seconds
180.253: [GC180.253: [ParNew: 34226K->3573K(37568K), 0.0024560 secs] 731359K->702130K(889212K), 0.0024990 secs] [Times: user=0.02 sys=0.00, real=0.01 secs] 
180.255: Total time for which application threads were stopped: 0.0026710 seconds, Stopping threads took: 0.0000960 seconds
180.270: Application time: 0.0151200 seconds
180.270: [GC180.270: [ParNew: 36366K->3574K(37568K), 0.0023760 secs] 734924K->704270K(889212K), 0.0024190 secs] [Times: user=0.02 sys=0.00, real=0.00 secs] 
180.273: Total time for which application threads were stopped: 0.0025610 seconds, Stopping threads took: 0.0000710 seconds
180.370: Application time: 0.0968990 seconds
180.370: [GC180.370: [ParNew: 36368K->3562K(37568K), 0.0054560 secs] 737064K->717085K(889212K), 0.0055020 secs] [Times: user=0.05 sys=0.00, real=0.01 secs] 
180.375: Total time for which application threads were stopped: 0.0056780 seconds, Stopping threads took: 0.0001020 seconds
180.501: Application time: 0.1256100 seconds
180.501: [GC180.501: [ParNew: 36355K->3562K(37568K), 0.0056170 secs] 749878K->729910K(889212K), 0.0056620 secs] [Times: user=0.04 sys=0.00, real=0.01 secs] 
180.507: Total time for which application threads were stopped: 0.0057920 seconds, Stopping threads took: 0.0000600 seconds
180.559: Application time: 0.0524110 seconds
180.559: [GC180.559: [ParNew: 36384K->3604K(37568K), 0.0043380 secs] 762732K->738503K(889212K), 0.0043820 secs] [Times: user=0.03 sys=0.00, real=0.01 secs] 
180.564: Total time for which application threads were stopped: 0.0045540 seconds, Stopping threads took: 0.0000960 seconds
180.574: Application time: 0.0101990 seconds
180.574: [GC180.574: [ParNew: 36392K->3570K(37568K), 0.0031040 secs] 771291K->742060K(889212K), 0.0031460 secs] [Times: user=0.02 sys=0.00, real=0.01 secs] 
180.577: Total time for which application threads were stopped: 0.0033170 seconds, Stopping threads took: 0.0000960 seconds
180.592: Application time: 0.0142940 seconds
180.592: [GC180.592: [ParNew: 36362K->3572K(37568K), 0.0030070 secs] 774852K->746338K(889212K), 0.0030480 secs] [Times: user=0.03 sys=0.00, real=0.01 secs] 
180.595: Total time for which application threads were stopped: 0.0032140 seconds, Stopping threads took: 0.0000890 seconds
180.605: Application time: 0.0102770 seconds
180.605: [GC180.605: [ParNew: 36366K->3572K(37568K), 0.0027060 secs] 779132K->748475K(889212K), 0.0027470 secs] [Times: user=0.02 sys=0.00, real=0.00 secs] 
180.608: Total time for which application threads were stopped: 0.0029360 seconds, Stopping threads took: 0.0001130 seconds
180.635: Application time: 0.0271450 seconds
180.635: [GC180.635: [ParNew: 36401K->3606K(37568K), 0.0039430 secs] 781304K->755635K(889212K), 0.0039840 secs] [Times: user=0.03 sys=0.00, real=0.00 secs] 
180.639: Total time for which application threads were stopped: 0.0041360 seconds, Stopping threads took: 0.0000800 seconds
180.653: Application time: 0.0138870 seconds
180.654: [GC180.654: [ParNew: 36390K->1429K(37568K), 0.0023230 secs] 788418K->756336K(889212K), 0.0023670 secs] [Times: user=0.01 sys=0.00, real=0.01 secs] 
180.656: Total time for which application threads were stopped: 0.0027530 seconds, Stopping threads took: 0.0003020 seconds
180.669: Application time: 0.0130660 seconds
180.669: [GC180.669: [ParNew: 34218K->3572K(37568K), 0.0022430 secs] 789126K->759193K(889212K), 0.0022850 secs] [Times: user=0.01 sys=0.00, real=0.00 secs] 
180.672: Total time for which application threads were stopped: 0.0024610 seconds, Stopping threads took: 0.0001030 seconds
180.683: Application time: 0.0114900 seconds
180.683: [GC180.683: [ParNew: 36525K->2185K(37568K), 0.0021970 secs] 792145K->759943K(889212K), 0.0022380 secs] [Times: user=0.01 sys=0.00, real=0.00 secs] 
180.685: Total time for which application threads were stopped: 0.0024120 seconds, Stopping threads took: 0.0001020 seconds
180.698: Application time: 0.0130470 seconds
180.699: [GC180.699: [ParNew: 35572K->3576K(37568K), 0.0036560 secs] 793331K->767776K(889212K), 0.0036990 secs] [Times: user=0.03 sys=0.00, real=0.00 secs] 
180.702: Total time for which application threads were stopped: 0.0038450 seconds, Stopping threads took: 0.0000720 seconds
180.715: Application time: 0.0130900 seconds
180.716: [GC180.716: [ParNew: 36364K->3570K(37568K), 0.0037800 secs] 800564K->773471K(889212K), 0.0038230 secs] [Times: user=0.02 sys=0.00, real=0.00 secs] 
180.719: Total time for which application threads were stopped: 0.0040110 seconds, Stopping threads took: 0.0001030 seconds
180.719: Application time: 0.0000640 seconds
180.720: [GC [1 CMS-initial-mark: 769900K(851644K)] 774183K(889212K), 0.0001410 secs] [Times: user=0.01 sys=0.00, real=0.00 secs] 
180.720: Total time for which application threads were stopped: 0.0002990 seconds, Stopping threads took: 0.0001320 seconds
180.720: [CMS-concurrent-mark-start]
180.727: [CMS-concurrent-mark: 0.007/0.007 secs] [Times: user=0.05 sys=0.00, real=0.01 secs] 
180.727: [CMS-concurrent-preclean-start]
180.728: [CMS-concurrent-preclean: 0.001/0.001 secs] [Times: user=0.00 sys=0.00, real=0.00 secs] 
180.728: [CMS-concurrent-abortable-preclean-start]
180.732: Application time: 0.0124980 seconds
180.732: [GC180.732: [ParNew: 36357K->1439K(37568K), 0.0022050 secs] 806257K->774189K(889212K), 0.0022440 secs] [Times: user=0.02 sys=0.00, real=0.00 secs] 
180.735: Total time for which application threads were stopped: 0.0023900 seconds, Stopping threads took: 0.0000730 seconds
180.747: Application time: 0.0124310 seconds
180.747: [GC180.747: [ParNew: 34232K->3573K(37568K), 0.0022670 secs] 806983K->777036K(889212K), 0.0023090 secs] [Times: user=0.01 sys=0.00, real=0.00 secs] 
180.750: Total time for which application threads were stopped: 0.0024710 seconds, Stopping threads took: 0.0000870 seconds
180.780: Application time: 0.0305180 seconds
180.780: [GC180.780: [ParNew: 36368K->3574K(37568K), 0.0027630 secs] 809831K->780600K(889212K), 0.0028040 secs] [Times: user=0.02 sys=0.00, real=0.01 secs] 
180.783: Total time for which application threads were stopped: 0.0029540 seconds, Stopping threads took: 0.0000810 seconds
180.889: Application time: 0.1063370 seconds
180.890: [GC180.890: [ParNew: 36300K->3641K(37568K), 0.0042400 secs] 813326K->789931K(889212K), 0.0042760 secs] [Times: user=0.04 sys=0.00, real=0.00 secs] 
180.894: Total time for which application threads were stopped: 0.0044010 seconds, Stopping threads took: 0.0000590 seconds
180.894: [CMS-concurrent-abortable-preclean: 0.007/0.166 secs] [Times: user=1.31 sys=0.00, real=0.16 secs] 
180.894: Application time: 0.0000730 seconds
180.894: [GC[YG occupancy: 4354 K (37568 K)]180.894: [Rescan (parallel) , 0.0003760 secs]180.894: [weak refs processing, 0.0000060 secs]180.894: [scrub string table, 0.0001190 secs] [1 CMS-remark: 786289K(851644K)] 790644K(889212K), 0.0005190 secs] [Times: user=0.00 sys=0.00, real=0.00 secs] 
180.895: Total time for which application threads were stopped: 0.0006700 seconds, Stopping threads took: 0.0001230 seconds
180.895: [CMS-concurrent-sweep-start]
180.896: [CMS-concurrent-sweep: 0.002/0.002 secs] [Times: user=0.00 sys=0.00, real=0.01 secs] 
180.896: [CMS-concurrent-reset-start]
180.899: [CMS-concurrent-reset: 0.003/0.003 secs] [Times: user=0.03 sys=0.00, real=0.00 secs] 
180.909: Application time: 0.0142490 seconds
180.909: [GC180.909: [ParNew: 36556K->3576K(37568K), 0.0032930 secs] 77838K->49191K(889212K), 0.0033350 secs] [Times: user=0.03 sys=0.00, real=0.00 secs] 
180.912: Total time for which application threads were stopped: 0.0035110 seconds, Stopping threads took: 0.0001010 seconds
180.922: Application time: 0.0097150 seconds
180.922: [GC180.922: [ParNew: 36368K->2858K(37568K), 0.0019550 secs] 81983K->49185K(889212K), 0.0019940 secs] [Times: user=0.02 sys=0.00, real=0.01 secs] 
180.924: Total time for which application threads were stopped: 0.0021450 seconds, Stopping threads took: 0.0000790 seconds
180.932: Application time: 0.0073580 seconds
180.932: [GC180.932: [ParNew: 35639K->3562K(37568K), 0.0024980 secs] 81967K->52028K(889212K), 0.0025390 secs] [Times: user=0.02 sys=0.00, real=0.00 secs] 
180.935: Total time for which application threads were stopped: 0.0029690 seconds, Stopping threads took: 0.0003550 seconds
180.944: Application time: 0.0099900 seconds
180.945: [GC180.945: [ParNew: 36361K->3574K(37568K), 0.0028350 secs] 84827K->54890K(889212K), 0.0028750 secs] [Times: user=0.02 sys=0.00, real=0.00 secs] 
180.948: Total time for which application threads were stopped: 0.0030460 seconds, Stopping threads took: 0.0000980 seconds
180.957: Application time: 0.0097200 seconds
180.957: [GC180.957: [ParNew: 36360K->3563K(37568K), 0.0028550 secs] 87676K->57731K(889212K), 0.0028970 secs] [Times: user=0.02 sys=0.00, real=0.00 secs] 
180.960: Total time for which application threads were stopped: 0.0030830 seconds, Stopping threads took: 0.0001100 seconds
180.969: Application time: 0.0083180 seconds
180.969: [GC180.969: [ParNew: 36365K->3575K(37568K), 0.0027540 secs] 90534K->60593K(889212K), 0.0027960 secs] [Times: user=0.03 sys=0.00, real=0.00 secs] 
180.972: Total time for which application threads were stopped: 0.0030850 seconds, Stopping threads took: 0.0002180 seconds
180.979: Application time: 0.0073820 seconds
180.979: [GC180.979: [ParNew: 36361K->2137K(37568K), 0.0020080 secs] 93379K->61295K(889212K), 0.0020460 secs] [Times: user=0.02 sys=0.00, real=0.00 secs] 
180.981: Total time for which application threads were stopped: 0.0021950 seconds, Stopping threads took: 0.0000760 seconds
181.002: Application time: 0.0201710 seconds
181.002: [GC181.002: [ParNew: 34973K->3606K(37568K), 0.0029160 secs] 94130K->67039K(889212K), 0.0029580 secs] [Times: user=0.02 sys=0.00, real=0.01 secs] 
181.005: Total time for which application threads were stopped: 0.0030990 seconds, Stopping threads took: 0.0000710 seconds
181.020: Application time: 0.0151330 seconds
181.020: [GC181.020: [ParNew: 36390K->1431K(37568K), 0.0023160 secs] 99823K->67744K(889212K), 0.0023530 secs] [Times: user=0.02 sys=0.00, real=0.00 secs] 
181.022: Total time for which application threads were stopped: 0.0025180 seconds, Stopping threads took: 0.0000930 seconds
181.034: Application time: 0.0118220 seconds
181.034: [GC181.034: [ParNew: 34221K->3570K(37568K), 0.0026100 secs] 100534K->72021K(889212K), 0.0026510 secs] [Times: user=0.02 sys=0.00, real=0.01 secs] 
181.037: Total time for which application threads were stopped: 0.0028150 seconds, Stopping threads took: 0.0000900 seconds
181.050: Application time: 0.0127290 seconds
181.050: [GC181.050: [ParNew: 36364K->3566K(37568K), 0.0027390 secs] 104815K->74868K(889212K), 0.0027790 secs] [Times: user=0.02 sys=0.00, real=0.00 secs] 
181.053: Total time for which application threads were stopped: 0.0029760 seconds, Stopping threads took: 0.0001230 seconds
181.072: Application time: 0.0191750 seconds
181.072: [GC181.072: [ParNew: 36362K->3572K(37568K), 0.0030030 secs] 107663K->79148K(889212K), 0.0030450 secs] [Times: user=0.02 sys=0.00, real=0.01 secs] 
181.075: Total time for which application threads were stopped: 0.0031890 seconds, Stopping threads took: 0.0000740 seconds
181.102: Application time: 0.0273990 seconds
181.103: [GC181.103: [ParNew: 36394K->3602K(37568K), 0.0034490 secs] 111970K->84167K(889212K), 0.0034990 secs] [Times: user=0.03 sys=0.00, real=0.01 secs] 
181.106: Total time for which application threads were stopped: 0.0036540 seconds, Stopping threads took: 0.0000800 seconds
181.116: Application time: 0.0101020 seconds
181.116: [GC181.116: [ParNew: 36392K->3570K(37568K), 0.0033240 secs] 116957K->89151K(889212K), 0.0033650 secs] [Times: user=0.03 sys=0.00, real=0.00 secs] 
181.120: Total time for which application threads were stopped: 0.0035270 seconds, Stopping threads took: 0.0000900 seconds
181.134: Application time: 0.0146220 seconds
181.134: [GC181.134: [ParNew: 36359K->1431K(37568K), 0.0021800 secs] 121940K->89862K(889212K), 0.0022220 secs] [Times: user=0.02 sys=0.00, real=0.01 secs] 
181.137: Total time for which application threads were stopped: 0.0023800 seconds, Stopping threads took: 0.0000840 seconds
181.145: Application time: 0.0081680 seconds
181.145: [GC181.145: [ParNew: 34219K->2143K(37568K), 0.0014030 secs] 122650K->90574K(889212K), 0.0014370 secs] [Times: user=0.01 sys=0.00, real=0.00 secs] 
181.147: Total time for which application threads were stopped: 0.0018940 seconds, Stopping threads took: 0.0003880 seconds
181.267: Application time: 0.1200680 seconds
181.267: [GC181.267: [ParNew: 34944K->3570K(37568K), 0.0054800 secs] 123375K->105539K(889212K), 0.0055200 secs] [Times: user=0.04 sys=0.00, real=0.00 secs] 
181.272: Total time for which application threads were stopped: 0.0056660 seconds, Stopping threads took: 0.0000680 seconds
181.420: Application time: 0.1473110 seconds
181.420: [GC181.420: [ParNew: 36370K->3572K(37568K), 0.0054040 secs] 138339K->118367K(889212K), 0.0054480 secs] [Times: user=0.04 sys=0.00, real=0.01 secs] 
181.425: Total time for which application threads were stopped: 0.0055810 seconds, Stopping threads took: 0.0000620 seconds
181.561: Application time: 0.1353100 seconds
181.561: [GC181.561: [ParNew: 36364K->3562K(37568K), 0.0051410 secs] 151159K->130471K(889212K), 0.0051840 secs] [Times: user=0.04 sys=0.00, real=0.01 secs] 
181.566: Total time for which application threads were stopped: 0.0053100 seconds, Stopping threads took: 0.0000590 seconds
181.703: Application time: 0.1371430 seconds
181.703: [GC181.703: [ParNew: 36369K->3568K(37568K), 0.0056030 secs] 163278K->144015K(889212K), 0.0056460 secs] [Times: user=0.05 sys=0.00, real=0.00 secs] 
181.709: Total time for which application threads were stopped: 0.0058080 seconds, Stopping threads took: 0.0000890 seconds
181.856: Application time: 0.1472430 seconds
181.856: [GC181.856: [ParNew: 36368K->3570K(37568K), 0.0053660 secs] 176815K->156844K(889212K), 0.0054070 secs] [Times: user=0.04 sys=0.00, real=0.00 secs] 
181.862: Total time for which application threads were stopped: 0.0055620 seconds, Stopping threads took: 0.0000700 seconds
182.011: Application time: 0.1488600 seconds
182.011: [GC182.011: [ParNew: 36385K->3574K(37568K), 0.0049680 secs] 189659K->168249K(889212K), 0.0050120 secs] [Times: user=0.03 sys=0.00, real=0.01 secs] 
182.016: Total time for which application threads were stopped: 0.0051500 seconds, Stopping threads took: 0.0000640 seconds
182.169: Application time: 0.1532440 seconds
182.169: [GC182.169: [ParNew: 36374K->3566K(37568K), 0.0055720 secs] 201049K->181781K(889212K), 0.0056160 secs] [Times: user=0.05 sys=0.00, real=0.00 secs] 
182.175: Total time for which application threads were stopped: 0.0057490 seconds, Stopping threads took: 0.0000610 seconds
182.316: Application time: 0.1413500 seconds
182.316: [GC182.316: [ParNew: 36367K->3574K(37568K), 0.0052960 secs] 214582K->194615K(889212K), 0.0053390 secs] [Times: user=0.04 sys=0.00, real=0.00 secs] 
182.322: Total time for which application threads were stopped: 0.0054620 seconds, Stopping threads took: 0.0000550 seconds
182.465: Application time: 0.1435760 seconds
182.465: [GC182.465: [ParNew: 36366K->3564K(37568K), 0.0051470 secs] 227407K->206719K(889212K), 0.0051910 secs] [Times: user=0.04 sys=0.00, real=0.00 secs] 
182.471: Total time for which application threads were stopped: 0.0053590 seconds, Stopping threads took: 0.0000860 seconds
182.602: Application time: 0.1310360 seconds
182.602: [GC182.602: [ParNew: 36373K->3574K(37568K), 0.0050800 secs] 239528K->218842K(889212K), 0.0051320 secs] [Times: user=0.04 sys=0.00, real=0.01 secs] 
182.607: Total time for which application threads were stopped: 0.0052610 seconds, Stopping threads took: 0.0000570 seconds
182.718: Application time: 0.1108700 seconds
182.718: [GC182.718: [ParNew: 36375K->3568K(37568K), 0.0054070 secs] 251643K->231663K(889212K), 0.0054490 secs] [Times: user=0.05 sys=0.00, real=0.01 secs] 
182.723: Total time for which application threads were stopped: 0.0056100 seconds, Stopping threads took: 0.0000890 seconds
182.861: Application time: 0.1374470 seconds
182.861: [GC182.861: [ParNew: 36370K->3572K(37568K), 0.0051550 secs] 264465K->243781K(889212K), 0.0052000 secs] [Times: user=0.04 sys=0.00, real=0.01 secs] 
182.866: Total time for which application threads were stopped: 0.0053640 seconds, Stopping threads took: 0.0000890 seconds
182.983: Application time: 0.1169020 seconds
182.983: [GC182.983: [ParNew: 36374K->3568K(37568K), 0.0054200 secs] 276583K->256604K(889212K), 0.0054650 secs] [Times: user=0.04 sys=0.00, real=0.00 secs] 
182.989: Total time for which application threads were stopped: 0.0056140 seconds, Stopping threads took: 0.0000710 seconds
183.101: Application time: 0.1128360 seconds
183.102: [GC183.102: [ParNew: 36379K->3576K(37568K), 0.0053520 secs] 289414K->269439K(889212K), 0.0053950 secs] [Times: user=0.05 sys=0.00, real=0.01 secs] 
183.107: Total time for which application threads were stopped: 0.0055400 seconds, Stopping threads took: 0.0000730 seconds
183.212: Application time: 0.1050900 seconds
183.212: [GC183.212: [ParNew: 36377K->3566K(37568K), 0.0054270 secs] 302239K->282257K(889212K), 0.0054720 secs] [Times: user=0.04 sys=0.00, real=0.01 secs] 
183.218: Total time for which application threads were stopped: 0.0056310 seconds, Stopping threads took: 0.0000850 seconds
183.337: Application time: 0.1196950 seconds
183.338: [GC183.338: [ParNew: 36360K->3564K(37568K), 0.0051760 secs] 315051K->294370K(889212K), 0.0052250 secs] [Times: user=0.04 sys=0.00, real=0.01 secs] 
183.343: Total time for which application threads were stopped: 0.0053640 seconds, Stopping threads took: 0.0000690 seconds
183.441: Application time: 0.0976910 seconds
183.441: [GC183.441: [ParNew: 36359K->3562K(37568K), 0.0054750 secs] 327164K->307194K(889212K), 0.0055220 secs] [Times: user=0.04 sys=0.00, real=0.01 secs] 
183.446: Total time for which application threads were stopped: 0.0056860 seconds, Stopping threads took: 0.0000900 seconds
183.558: Application time: 0.1118810 seconds
183.558: [GC183.558: [ParNew: 36370K->3573K(37568K), 0.0051450 secs] 340002K->319318K(889212K), 0.0051950 secs] [Times: user=0.04 sys=0.00, real=0.01 secs] 
183.563: Total time for which application threads were stopped: 0.0053460 seconds, Stopping threads took: 0.0000670 seconds
183.672: Application time: 0.1087660 seconds
183.672: [GC183.672: [ParNew: 36376K->3566K(37568K), 0.0057340 secs] 352122K->332853K(889212K), 0.0057750 secs] [Times: user=0.04 sys=0.00, real=0.01 secs] 
183.678: Total time for which application threads were stopped: 0.0059400 seconds, Stopping threads took: 0.0000910 seconds
183.792: Application time: 0.1141280 seconds
183.792: [GC183.792: [ParNew: 36361K->3564K(37568K), 0.0049480 secs] 365648K->343541K(889212K), 0.0049930 secs] [Times: user=0.04 sys=0.00, real=0.01 secs] 
183.797: Total time for which application threads were stopped: 0.0051460 seconds, Stopping threads took: 0.0000830 seconds
183.904: Application time: 0.1062190 seconds
183.904: [GC183.904: [ParNew: 36375K->3570K(37568K), 0.0054860 secs] 376351K->357086K(889212K), 0.0055270 secs] [Times: user=0.04 sys=0.00, real=0.00 secs] 
183.909: Total time for which application threads were stopped: 0.0056850 seconds, Stopping threads took: 0.0000820 seconds
184.008: Application time: 0.0985080 seconds
184.008: [GC184.008: [ParNew: 36378K->3570K(37568K), 0.0052370 secs] 389894K->369201K(889212K), 0.0052780 secs] [Times: user=0.04 sys=0.00, real=0.00 secs] 
184.013: Total time for which application threads were stopped: 0.0054400 seconds, Stopping threads took: 0.0000810 seconds
184.111: Application time: 0.0980460 seconds
184.111: [GC184.111: [ParNew: 36365K->3562K(37568K), 0.0055000 secs] 401996K->382021K(889212K), 0.0055440 secs] [Times: user=0.04 sys=0.00, real=0.01 secs] 
184.117: Total time for which application threads were stopped: 0.0057060 seconds, Stopping threads took: 0.0000810 seconds
184.180: Application time: 0.0628350 seconds
184.180: [GC184.180: [ParNew: 36385K->3606K(37568K), 0.0043600 secs] 414844K->390616K(889212K), 0.0044080 secs] [Times: user=0.04 sys=0.00, real=0.01 secs] 
184.184: Total time for which application threads were stopped: 0.0045890 seconds, Stopping threads took: 0.0001020 seconds
184.194: Application time: 0.0097290 seconds
184.194: [GC184.194: [ParNew: 36397K->3568K(37568K), 0.0039700 secs] 423407K->397732K(889212K), 0.0040110 secs] [Times: user=0.03 sys=0.00, real=0.01 secs] 
184.198: Total time for which application threads were stopped: 0.0041890 seconds, Stopping threads took: 0.0001030 seconds
184.213: Application time: 0.0144110 seconds
184.213: [GC184.213: [ParNew: 36356K->1437K(37568K), 0.0019730 secs] 430520K->397738K(889212K), 0.0020160 secs] [Times: user=0.02 sys=0.00, real=0.01 secs] 
184.215: Total time for which application threads were stopped: 0.0021780 seconds, Stopping threads took: 0.0000870 seconds
184.225: Application time: 0.0103850 seconds
184.225: [GC184.226: [ParNew: 34229K->2145K(37568K), 0.0016840 secs] 430531K->398447K(889212K), 0.0017270 secs] [Times: user=0.01 sys=0.00, real=0.00 secs] 
184.227: Total time for which application threads were stopped: 0.0018900 seconds, Stopping threads took: 0.0000890 seconds
184.274: Application time: 0.0464840 seconds
184.274: [GC184.274: [ParNew: 34948K->3574K(37568K), 0.0053990 secs] 431249K->411989K(889212K), 0.0054450 secs] [Times: user=0.04 sys=0.00, real=0.01 secs] 
184.279: Total time for which application threads were stopped: 0.0055810 seconds, Stopping threads took: 0.0000630 seconds
184.420: Application time: 0.1405480 seconds
184.420: [GC184.420: [ParNew: 36368K->3564K(37568K), 0.0050910 secs] 444783K->424094K(889212K), 0.0051340 secs] [Times: user=0.04 sys=0.00, real=0.01 secs] 
184.425: Total time for which application threads were stopped: 0.0052780 seconds, Stopping threads took: 0.0000690 seconds
184.477: Application time: 0.0515790 seconds
184.477: [GC184.477: [ParNew: 36392K->3606K(37568K), 0.0057360 secs] 456922K->437674K(889212K), 0.0057830 secs] [Times: user=0.05 sys=0.00, real=0.00 secs] 
184.483: Total time for which application threads were stopped: 0.0059310 seconds, Stopping threads took: 0.0000700 seconds
184.495: Application time: 0.0127790 seconds
184.496: [GC184.496: [ParNew: 36392K->1433K(37568K), 0.0024130 secs] 470460K->438379K(889212K), 0.0024560 secs] [Times: user=0.02 sys=0.00, real=0.00 secs] 
184.498: Total time for which application threads were stopped: 0.0026370 seconds, Stopping threads took: 0.0001060 seconds
184.511: Application time: 0.0133890 seconds
184.512: [GC184.512: [ParNew: 34224K->3570K(37568K), 0.0026870 secs] 471171K->442654K(889212K), 0.0027310 secs] [Times: user=0.02 sys=0.00, real=0.00 secs] 
184.514: Total time for which application threads were stopped: 0.0029140 seconds, Stopping threads took: 0.0001060 seconds
184.525: Application time: 0.0103670 seconds
184.525: [GC184.525: [ParNew: 36366K->3570K(37568K), 0.0036730 secs] 475450K->448355K(889212K), 0.0037180 secs] [Times: user=0.03 sys=0.00, real=0.00 secs] 
184.529: Total time for which application threads were stopped: 0.0038960 seconds, Stopping threads took: 0.0001020 seconds
184.547: Application time: 0.0187380 seconds
184.548: [GC184.548: [ParNew: 36398K->3604K(37568K), 0.0026020 secs] 481182K->450526K(889212K), 0.0026470 secs] [Times: user=0.02 sys=0.00, real=0.00 secs] 
184.550: Total time for which application threads were stopped: 0.0028070 seconds, Stopping threads took: 0.0000860 seconds
184.564: Application time: 0.0138980 seconds
184.564: [GC184.564: [ParNew: 36388K->1431K(37568K), 0.0022250 secs] 483310K->451232K(889212K), 0.0022770 secs] [Times: user=0.01 sys=0.00, real=0.00 secs] 
184.567: Total time for which application threads were stopped: 0.0024500 seconds, Stopping threads took: 0.0000970 seconds
184.579: Application time: 0.0122860 seconds
184.579: [GC184.579: [ParNew: 34222K->3570K(37568K), 0.0026050 secs] 484023K->455510K(889212K), 0.0026490 secs] [Times: user=0.02 sys=0.00, real=0.00 secs] 
184.582: Total time for which application threads were stopped: 0.0027940 seconds, Stopping threads took: 0.0000760 seconds
184.594: Application time: 0.0121360 seconds
184.594: [GC184.594: [ParNew: 36363K->1431K(37568K), 0.0023270 secs] 488302K->456221K(889212K), 0.0023670 secs] [Times: user=0.02 sys=0.00, real=0.01 secs] 
184.596: Total time for which application threads were stopped: 0.0025170 seconds, Stopping threads took: 0.0000750 seconds
184.614: Application time: 0.0179450 seconds
184.614: [GC184.614: [ParNew: 34158K->3610K(37568K), 0.0027670 secs] 488948K->461962K(889212K), 0.0028090 secs] [Times: user=0.02 sys=0.00, real=0.01 secs] 
184.617: Total time for which application threads were stopped: 0.0029720 seconds, Stopping threads took: 0.0000820 seconds
184.635: Application time: 0.0180510 seconds
184.635: [GC184.635: [ParNew: 36502K->3572K(37568K), 0.0038270 secs] 494855K->468367K(889212K), 0.0038710 secs] [Times: user=0.02 sys=0.00, real=0.00 secs] 
184.639: Total time for which application threads were stopped: 0.0040340 seconds, Stopping threads took: 0.0000870 seconds
184.651: Application time: 0.0117320 seconds
184.651: [GC184.651: [ParNew: 36359K->2145K(37568K), 0.0025360 secs] 501153K->469790K(889212K), 0.0025780 secs] [Times: user=0.01 sys=0.00, real=0.00 secs] 
184.654: Total time for which application threads were stopped: 0.0027260 seconds, Stopping threads took: 0.0000740 seconds
184.667: Application time: 0.0129530 seconds
184.667: [GC184.667: [ParNew: 34938K->3568K(37568K), 0.0027860 secs] 502583K->474063K(889212K), 0.0028280 secs] [Times: user=0.03 sys=0.00, real=0.00 secs] 
184.670: Total time for which application threads were stopped: 0.0030090 seconds, Stopping threads took: 0.0001080 seconds
184.680: Application time: 0.0105560 seconds
184.680: [GC184.680: [ParNew: 36360K->1437K(37568K), 0.0019900 secs] 506855K->474782K(889212K), 0.0020280 secs] [Times: user=0.01 sys=0.00, real=0.00 secs] 
184.682: Total time for which application threads were stopped: 0.0021650 seconds, Stopping threads took: 0.0000680 seconds
184.771: Application time: 0.0890440 seconds
184.772: [GC184.772: [ParNew: 34262K->3604K(37568K), 0.0056450 secs] 507607K->490487K(889212K), 0.0056860 secs] [Times: user=0.04 sys=0.00, real=0.01 secs] 
184.777: Total time for which application threads were stopped: 0.0058200 seconds, Stopping threads took: 0.0000610 seconds
184.792: Application time: 0.0142100 seconds
184.792: [GC184.792: [ParNew: 36390K->3570K(37568K), 0.0028420 secs] 523273K->493333K(889212K), 0.0028830 secs] [Times: user=0.03 sys=0.00, real=0.00 secs] 
184.795: Total time for which application threads were stopped: 0.0030490 seconds, Stopping threads took: 0.0000930 seconds
184.807: Application time: 0.0126650 seconds
184.807: [GC184.807: [ParNew: 36359K->3568K(37568K), 0.0025990 secs] 526122K->495468K(889212K), 0.0026410 secs] [Times: user=0.02 sys=0.00, real=0.00 secs] 
184.810: Total time for which application threads were stopped: 0.0028060 seconds, Stopping threads took: 0.0000870 seconds
184.821: Application time: 0.0114100 seconds
184.822: [GC184.822: [ParNew: 36362K->3573K(37568K), 0.0028100 secs] 528262K->498323K(889212K), 0.0028530 secs] [Times: user=0.02 sys=0.00, real=0.01 secs] 
184.824: Total time for which application threads were stopped: 0.0030160 seconds, Stopping threads took: 0.0000880 seconds
184.849: Application time: 0.0240510 seconds
184.849: [GC184.849: [ParNew: 36369K->3570K(37568K), 0.0034680 secs] 531120K->504021K(889212K), 0.0035100 secs] [Times: user=0.03 sys=0.00, real=0.00 secs] 
184.852: Total time for which application threads were stopped: 0.0036490 seconds, Stopping threads took: 0.0000590 seconds
184.895: Application time: 0.0427940 seconds
184.895: [GC184.895: [ParNew: 36390K->3602K(37568K), 0.0040240 secs] 536840K->511179K(889212K), 0.0040670 secs] [Times: user=0.03 sys=0.00, real=0.00 secs] 
184.899: Total time for which application threads were stopped: 0.0042170 seconds, Stopping threads took: 0.0000750 seconds
184.910: Application time: 0.0112680 seconds
184.911: [GC184.911: [ParNew: 36398K->3568K(37568K), 0.0027250 secs] 543975K->514023K(889212K), 0.0027640 secs] [Times: user=0.02 sys=0.00, real=0.00 secs] 
184.913: Total time for which application threads were stopped: 0.0029110 seconds, Stopping threads took: 0.0000730 seconds
184.927: Application time: 0.0135630 seconds
184.927: [GC184.927: [ParNew: 36353K->3562K(37568K), 0.0032330 secs] 546809K->518294K(889212K), 0.0032710 secs] [Times: user=0.02 sys=0.00, real=0.00 secs] 
184.930: Total time for which application threads were stopped: 0.0034240 seconds, Stopping threads took: 0.0000780 seconds
184.939: Application time: 0.0085440 seconds
184.939: [GC184.939: [ParNew: 36357K->3570K(37568K), 0.0030470 secs] 551089K->521864K(889212K), 0.0030900 secs] [Times: user=0.02 sys=0.00, real=0.00 secs] 
184.942: Total time for which application threads were stopped: 0.0035010 seconds, Stopping threads took: 0.0003380 seconds
184.963: Application time: 0.0210130 seconds
184.964: [GC184.964: [ParNew: 36397K->3600K(37568K), 0.0032240 secs] 554691K->526169K(889212K), 0.0032690 secs] [Times: user=0.03 sys=0.00, real=0.00 secs] 
184.967: Total time for which application threads were stopped: 0.0034490 seconds, Stopping threads took: 0.0001040 seconds
184.978: Application time: 0.0110510 seconds
184.978: [GC184.978: [ParNew: 36386K->1429K(37568K), 0.0020210 secs] 558955K->526165K(889212K), 0.0020620 secs] [Times: user=0.02 sys=0.00, real=0.00 secs] 
184.980: Total time for which application threads were stopped: 0.0022520 seconds, Stopping threads took: 0.0001160 seconds
184.995: Application time: 0.0148830 seconds
184.996: [GC184.996: [ParNew: 34222K->3570K(37568K), 0.0020660 secs] 558958K->529019K(889212K), 0.0021050 secs] [Times: user=0.01 sys=0.00, real=0.00 secs] 
184.998: Total time for which application threads were stopped: 0.0025600 seconds, Stopping threads took: 0.0003820 seconds
185.007: Application time: 0.0089740 seconds
185.007: [GC185.007: [ParNew: 36330K->1474K(37568K), 0.0020630 secs] 561778K->529060K(889212K), 0.0021040 secs] [Times: user=0.02 sys=0.00, real=0.00 secs] 
185.009: Total time for which application threads were stopped: 0.0022670 seconds, Stopping threads took: 0.0000880 seconds
185.021: Application time: 0.0125580 seconds
185.022: [GC185.022: [ParNew: 34334K->3604K(37568K), 0.0033180 secs] 561920K->535466K(889212K), 0.0033600 secs] [Times: user=0.02 sys=0.00, real=0.01 secs] 
185.025: Total time for which application threads were stopped: 0.0035480 seconds, Stopping threads took: 0.0001120 seconds
185.040: Application time: 0.0153040 seconds
185.040: [GC185.040: [ParNew: 36394K->3570K(37568K), 0.0042670 secs] 568256K->543299K(889212K), 0.0043120 secs] [Times: user=0.03 sys=0.00, real=0.01 secs] 
185.045: Total time for which application threads were stopped: 0.0045140 seconds, Stopping threads took: 0.0001250 seconds
185.060: Application time: 0.0152220 seconds
185.060: [GC185.060: [ParNew: 36358K->1435K(37568K), 0.0022500 secs] 576087K->544014K(889212K), 0.0022920 secs] [Times: user=0.01 sys=0.00, real=0.00 secs] 
185.062: Total time for which application threads were stopped: 0.0024430 seconds, Stopping threads took: 0.0000770 seconds
185.072: Application time: 0.0095750 seconds
185.072: [GC185.072: [ParNew: 34227K->2149K(37568K), 0.0016370 secs] 576806K->544728K(889212K), 0.0016720 secs] [Times: user=0.01 sys=0.00, real=0.00 secs] 
185.074: Total time for which application threads were stopped: 0.0018320 seconds, Stopping threads took: 0.0000870 seconds
185.167: Application time: 0.0930840 seconds
185.167: [GC185.167: [ParNew: 34950K->3576K(37568K), 0.0052460 secs] 577529K->558980K(889212K), 0.0052990 secs] [Times: user=0.04 sys=0.00, real=0.00 secs] 
185.172: Total time for which application threads were stopped: 0.0054630 seconds, Stopping threads took: 0.0000820 seconds
185.306: Application time: 0.1332270 seconds
185.306: [GC185.306: [ParNew: 36374K->3566K(37568K), 0.0051480 secs] 591779K->571084K(889212K), 0.0051920 secs] [Times: user=0.04 sys=0.00, real=0.00 secs] 
185.311: Total time for which application threads were stopped: 0.0053290 seconds, Stopping threads took: 0.0000660 seconds
185.457: Application time: 0.1457490 seconds
185.457: [GC185.457: [ParNew: 36358K->3562K(37568K), 0.0053360 secs] 603876K->583906K(889212K), 0.0053800 secs] [Times: user=0.04 sys=0.00, real=0.00 secs] 
185.462: Total time for which application threads were stopped: 0.0055330 seconds, Stopping threads took: 0.0000820 seconds
185.610: Application time: 0.1479000 seconds
185.610: [GC185.610: [ParNew: 36367K->3572K(37568K), 0.0053070 secs] 616711K->596741K(889212K), 0.0053480 secs] [Times: user=0.05 sys=0.00, real=0.01 secs] 
185.616: Total time for which application threads were stopped: 0.0054810 seconds, Stopping threads took: 0.0000680 seconds
185.728: Application time: 0.1120640 seconds
185.728: [GC185.728: [ParNew: 36372K->3568K(37568K), 0.0053700 secs] 629542K->609564K(889212K), 0.0054130 secs] [Times: user=0.04 sys=0.00, real=0.00 secs] 
185.733: Total time for which application threads were stopped: 0.0055630 seconds, Stopping threads took: 0.0000680 seconds
185.877: Application time: 0.1436930 seconds
185.877: [GC185.877: [ParNew: 36375K->3570K(37568K), 0.0055470 secs] 642371K->623105K(889212K), 0.0055880 secs] [Times: user=0.04 sys=0.00, real=0.00 secs] 
185.883: Total time for which application threads were stopped: 0.0057380 seconds, Stopping threads took: 0.0000760 seconds
186.043: Application time: 0.1599000 seconds
186.043: [GC186.043: [ParNew: 36377K->3576K(37568K), 0.0055550 secs] 655912K->636650K(889212K), 0.0056010 secs] [Times: user=0.04 sys=0.00, real=0.01 secs] 
186.048: Total time for which application threads were stopped: 0.0057360 seconds, Stopping threads took: 0.0000680 seconds
186.197: Application time: 0.1490160 seconds
186.198: [GC186.198: [ParNew: 36376K->3574K(37568K), 0.0050840 secs] 669451K->648763K(889212K), 0.0051230 secs] [Times: user=0.04 sys=0.00, real=0.00 secs] 
186.203: Total time for which application threads were stopped: 0.0052560 seconds, Stopping threads took: 0.0000620 seconds
186.335: Application time: 0.1320600 seconds
186.335: [GC186.335: [ParNew: 36366K->3562K(37568K), 0.0053920 secs] 681555K->661577K(889212K), 0.0054340 secs] [Times: user=0.03 sys=0.00, real=0.00 secs] 
186.340: Total time for which application threads were stopped: 0.0055760 seconds, Stopping threads took: 0.0000610 seconds
186.479: Application time: 0.1382620 seconds
186.479: [GC186.479: [ParNew: 36354K->3562K(37568K), 0.0054420 secs] 694369K->674402K(889212K), 0.0054870 secs] [Times: user=0.04 sys=0.00, real=0.01 secs] 
186.484: Total time for which application threads were stopped: 0.0056380 seconds, Stopping threads took: 0.0000740 seconds
186.634: Application time: 0.1502710 seconds
186.635: [GC186.635: [ParNew: 36372K->3578K(37568K), 0.0055710 secs] 707212K->687956K(889212K), 0.0056150 secs] [Times: user=0.04 sys=0.00, real=0.01 secs] 
186.640: Total time for which application threads were stopped: 0.0057370 seconds, Stopping threads took: 0.0000580 seconds
186.753: Application time: 0.1127020 seconds
186.753: [GC186.753: [ParNew: 36388K->3574K(37568K), 0.0056340 secs] 720766K->701492K(889212K), 0.0056800 secs] [Times: user=0.04 sys=0.00, real=0.01 secs] 
186.759: Total time for which application threads were stopped: 0.0058250 seconds, Stopping threads took: 0.0000710 seconds
186.888: Application time: 0.1289610 seconds
186.888: [GC186.888: [ParNew: 36384K->3574K(37568K), 0.0051800 secs] 734302K->713607K(889212K), 0.0052240 secs] [Times: user=0.04 sys=0.00, real=0.00 secs] 
186.893: Total time for which application threads were stopped: 0.0053550 seconds, Stopping threads took: 0.0000550 seconds
186.997: Application time: 0.1043300 seconds
186.997: [GC186.998: [ParNew: 36376K->3572K(37568K), 0.0055580 secs] 746409K->726433K(889212K), 0.0056100 secs] [Times: user=0.04 sys=0.00, real=0.01 secs] 
187.003: Total time for which application threads were stopped: 0.0057420 seconds, Stopping threads took: 0.0000620 seconds
187.114: Application time: 0.1107970 seconds
187.114: [GC187.114: [ParNew: 36366K->3564K(37568K), 0.0051250 secs] 759227K->738540K(889212K), 0.0051690 secs] [Times: user=0.04 sys=0.00, real=0.01 secs] 
187.119: Total time for which application threads were stopped: 0.0053160 seconds, Stopping threads took: 0.0000730 seconds
187.233: Application time: 0.1135820 seconds
187.233: [GC187.233: [ParNew: 36367K->3570K(37568K), 0.0055400 secs] 771342K->752085K(889212K), 0.0055820 secs] [Times: user=0.04 sys=0.00, real=0.01 secs] 
187.239: Total time for which application threads were stopped: 0.0059150 seconds, Stopping threads took: 0.0002630 seconds
187.339: Application time: 0.1004330 seconds
187.339: [GC187.339: [ParNew: 36365K->3564K(37568K), 0.0053650 secs] 784879K->764193K(889212K), 0.0054100 secs] [Times: user=0.03 sys=0.00, real=0.01 secs] 
187.345: Total time for which application threads were stopped: 0.0055420 seconds, Stopping threads took: 0.0000660 seconds
187.457: Application time: 0.1122230 seconds
187.457: [GC187.457: [ParNew: 36359K->3562K(37568K), 0.0053680 secs] 796988K->777018K(889212K), 0.0054120 secs] [Times: user=0.04 sys=0.00, real=0.00 secs] 
187.463: Total time for which application threads were stopped: 0.0055610 seconds, Stopping threads took: 0.0000640 seconds
187.573: Application time: 0.1104030 seconds
187.573: [GC187.573: [ParNew: 36373K->3575K(37568K), 0.0054060 secs] 809828K->789857K(889212K), 0.0054490 secs] [Times: user=0.04 sys=0.00, real=0.01 secs] 
187.579: Total time for which application threads were stopped: 0.0055960 seconds, Stopping threads took: 0.0000750 seconds
187.579: Application time: 0.0000600 seconds
187.579: [GC [1 CMS-initial-mark: 786282K(851644K)] 791284K(889212K), 0.0001410 secs] [Times: user=0.00 sys=0.00, real=0.00 secs] 
187.579: Total time for which application threads were stopped: 0.0004520 seconds, Stopping threads took: 0.0002850 seconds
187.579: [CMS-concurrent-mark-start]
187.584: [CMS-concurrent-mark: 0.005/0.005 secs] [Times: user=0.03 sys=0.00, real=0.01 secs] 
187.584: [CMS-concurrent-preclean-start]
187.586: [CMS-concurrent-preclean: 0.001/0.001 secs] [Times: user=0.00 sys=0.00, real=0.00 secs] 
187.586: [CMS-concurrent-abortable-preclean-start]
187.679: Application time: 0.1003120 seconds
187.679: [GC187.679: [ParNew: 36385K->3570K(37568K), 0.0055930 secs] 822667K->803394K(889212K), 0.0056370 secs] [Times: user=0.05 sys=0.00, real=0.01 secs] 
187.685: Total time for which application threads were stopped: 0.0057710 seconds, Stopping threads took: 0.0000590 seconds
187.812: Application time: 0.1265040 seconds
187.812: [GC187.812: [ParNew: 36379K->3577K(37568K), 0.0051500 secs] 836202K->815515K(889212K), 0.0051930 secs] [Times: user=0.03 sys=0.00, real=0.01 secs] 
187.817: Total time for which application threads were stopped: 0.0053430 seconds, Stopping threads took: 0.0000800 seconds
187.817: [CMS-concurrent-abortable-preclean: 0.004/0.231 secs] [Times: user=1.85 sys=0.00, real=0.23 secs] 
187.817: Application time: 0.0000630 seconds
187.819: [GC[YG occupancy: 5004 K (37568 K)]187.819: [Rescan (parallel) , 0.0003740 secs]187.819: [weak refs processing, 0.0000060 secs]187.819: [scrub string table, 0.0001160 secs] [1 CMS-remark: 811938K(851644K)] 816943K(889212K), 0.0005150 secs] [Times: user=0.00 sys=0.00, real=0.00 secs] 
187.819: Total time for which application threads were stopped: 0.0023790 seconds, Stopping threads took: 0.0018370 seconds
187.819: [CMS-concurrent-sweep-start]
187.821: [CMS-concurrent-sweep: 0.002/0.002 secs] [Times: user=0.01 sys=0.00, real=0.00 secs] 
187.821: [CMS-concurrent-reset-start]
187.823: [CMS-concurrent-reset: 0.002/0.002 secs] [Times: user=0.00 sys=0.00, real=0.00 secs] 
187.911: Application time: 0.0914100 seconds
187.911: [GC187.911: [ParNew: 36371K->3562K(37568K), 0.0054130 secs] 84785K->64805K(889212K), 0.0054550 secs] [Times: user=0.04 sys=0.00, real=0.01 secs] 
187.916: Total time for which application threads were stopped: 0.0055970 seconds, Stopping threads took: 0.0000700 seconds
188.026: Application time: 0.1099260 seconds
188.027: [GC188.027: [ParNew: 36365K->3570K(37568K), 0.0054240 secs] 97608K->77639K(889212K), 0.0054670 secs] [Times: user=0.04 sys=0.00, real=0.00 secs] 
188.032: Total time for which application threads were stopped: 0.0056580 seconds, Stopping threads took: 0.0001080 seconds
188.152: Application time: 0.1201060 seconds
188.152: [GC188.152: [ParNew: 36364K->3562K(37568K), 0.0054220 secs] 110433K->90458K(889212K), 0.0054650 secs] [Times: user=0.03 sys=0.01, real=0.01 secs] 
188.158: Total time for which application threads were stopped: 0.0056290 seconds, Stopping threads took: 0.0000930 seconds
188.190: Application time: 0.0319350 seconds
188.190: [GC188.190: [ParNew: 36384K->3602K(37568K), 0.0044030 secs] 123280K->99048K(889212K), 0.0044460 secs] [Times: user=0.03 sys=0.00, real=0.00 secs] 
188.194: Total time for which application threads were stopped: 0.0046020 seconds, Stopping threads took: 0.0000780 seconds
188.205: Application time: 0.0110410 seconds
188.205: [GC188.205: [ParNew: 36388K->1437K(37568K), 0.0021610 secs] 131834K->99762K(889212K), 0.0022020 secs] [Times: user=0.02 sys=0.00, real=0.00 secs] 
188.208: Total time for which application threads were stopped: 0.0023650 seconds, Stopping threads took: 0.0000890 seconds
188.223: Application time: 0.0152660 seconds
188.223: [GC188.223: [ParNew: 34228K->3574K(37568K), 0.0018690 secs] 132553K->101899K(889212K), 0.0019080 secs] [Times: user=0.02 sys=0.00, real=0.00 secs] 
188.225: Total time for which application threads were stopped: 0.0020570 seconds, Stopping threads took: 0.0000770 seconds
188.235: Application time: 0.0096700 seconds
188.235: [GC188.235: [ParNew: 36366K->1429K(37568K), 0.0021710 secs] 134691K->102604K(889212K), 0.0022170 secs] [Times: user=0.01 sys=0.00, real=0.00 secs] 
188.237: Total time for which application threads were stopped: 0.0024750 seconds, Stopping threads took: 0.0001760 seconds
188.325: Application time: 0.0877860 seconds
188.325: [GC188.325: [ParNew: 34230K->3572K(37568K), 0.0052910 secs] 135405K->117573K(889212K), 0.0053340 secs] [Times: user=0.04 sys=0.00, real=0.00 secs] 
188.330: Total time for which application threads were stopped: 0.0054770 seconds, Stopping threads took: 0.0000710 seconds
188.419: Application time: 0.0883780 seconds
188.419: [GC188.419: [ParNew: 36365K->3564K(37568K), 0.0051270 secs] 150366K->129679K(889212K), 0.0051710 secs] [Times: user=0.04 sys=0.00, real=0.01 secs] 
188.424: Total time for which application threads were stopped: 0.0053150 seconds, Stopping threads took: 0.0000710 seconds
188.512: Application time: 0.0874490 seconds
188.512: [GC188.512: [ParNew: 36392K->3598K(37568K), 0.0055870 secs] 162507K->142539K(889212K), 0.0056300 secs] [Times: user=0.03 sys=0.00, real=0.01 secs] 
188.517: Total time for which application threads were stopped: 0.0058150 seconds, Stopping threads took: 0.0001050 seconds
188.531: Application time: 0.0131730 seconds
188.531: [GC188.531: [ParNew: 36864K->1474K(37568K), 0.0019290 secs] 175805K->142581K(889212K), 0.0019670 secs] [Times: user=0.02 sys=0.00, real=0.00 secs] 
188.533: Total time for which application threads were stopped: 0.0021490 seconds, Stopping threads took: 0.0000980 seconds
188.544: Application time: 0.0112620 seconds
188.545: [GC188.545: [ParNew: 34530K->3598K(37568K), 0.0023230 secs] 175637K->146130K(889212K), 0.0023640 secs] [Times: user=0.01 sys=0.00, real=0.00 secs] 
188.547: Total time for which application threads were stopped: 0.0029120 seconds, Stopping threads took: 0.0004710 seconds
188.559: Application time: 0.0125710 seconds
188.560: [GC188.560: [ParNew: 36381K->1427K(37568K), 0.0020640 secs] 178913K->146127K(889212K), 0.0021140 secs] [Times: user=0.01 sys=0.00, real=0.00 secs] 
188.562: Total time for which application threads were stopped: 0.0022840 seconds, Stopping threads took: 0.0000950 seconds
188.569: Application time: 0.0075190 seconds
188.570: [GC188.570: [ParNew: 34230K->3570K(37568K), 0.0035020 secs] 178930K->153971K(889212K), 0.0035460 secs] [Times: user=0.03 sys=0.00, real=0.00 secs] 
188.573: Total time for which application threads were stopped: 0.0038520 seconds, Stopping threads took: 0.0002310 seconds
188.580: Application time: 0.0067950 seconds
188.580: [GC188.580: [ParNew: 36354K->3562K(37568K), 0.0024830 secs] 186754K->155389K(889212K), 0.0025250 secs] [Times: user=0.02 sys=0.00, real=0.00 secs] 
188.583: Total time for which application threads were stopped: 0.0027220 seconds, Stopping threads took: 0.0001190 seconds
188.594: Application time: 0.0115720 seconds
188.594: [GC188.594: [ParNew: 36927K->3608K(37568K), 0.0031300 secs] 188755K->159710K(889212K), 0.0031710 secs] [Times: user=0.03 sys=0.00, real=0.01 secs] 
188.598: Total time for which application threads were stopped: 0.0033430 seconds, Stopping threads took: 0.0000970 seconds
188.609: Application time: 0.0109710 seconds
188.609: [GC188.609: [ParNew: 36580K->3575K(37568K), 0.0028040 secs] 192683K->162557K(889212K), 0.0028480 secs] [Times: user=0.03 sys=0.00, real=0.00 secs] 
188.612: Total time for which application threads were stopped: 0.0030440 seconds, Stopping threads took: 0.0001220 seconds
188.619: Application time: 0.0070530 seconds
188.619: [GC188.619: [ParNew: 36358K->1425K(37568K), 0.0016710 secs] 195340K->161834K(889212K), 0.0017110 secs] [Times: user=0.02 sys=0.00, real=0.00 secs] 
188.621: Total time for which application threads were stopped: 0.0024420 seconds, Stopping threads took: 0.0006580 seconds
188.630: Application time: 0.0085510 seconds
188.630: [GC188.630: [ParNew: 34219K->3576K(37568K), 0.0020380 secs] 194628K->163985K(889212K), 0.0020820 secs] [Times: user=0.02 sys=0.00, real=0.00 secs] 
188.632: Total time for which application threads were stopped: 0.0022750 seconds, Stopping threads took: 0.0001200 seconds
188.645: Application time: 0.0134820 seconds
188.646: [GC188.646: [ParNew: 36902K->1476K(37568K), 0.0020120 secs] 197311K->164023K(889212K), 0.0020520 secs] [Times: user=0.01 sys=0.00, real=0.00 secs] 
188.648: Total time for which application threads were stopped: 0.0022140 seconds, Stopping threads took: 0.0000900 seconds
188.658: Application time: 0.0104100 seconds
188.659: [GC188.659: [ParNew: 34481K->3604K(37568K), 0.0025260 secs] 197028K->168290K(889212K), 0.0025680 secs] [Times: user=0.01 sys=0.00, real=0.00 secs] 
188.661: Total time for which application threads were stopped: 0.0030720 seconds, Stopping threads took: 0.0004310 seconds
188.668: Application time: 0.0069770 seconds
188.668: [GC188.668: [ParNew: 36388K->3562K(37568K), 0.0032740 secs] 201074K->172553K(889212K), 0.0033170 secs] [Times: user=0.03 sys=0.00, real=0.00 secs] 
188.672: Total time for which application threads were stopped: 0.0035120 seconds, Stopping threads took: 0.0001180 seconds
188.682: Application time: 0.0099440 seconds
188.682: [GC188.682: [ParNew: 36361K->3574K(37568K), 0.0036210 secs] 205351K->178265K(889212K), 0.0036640 secs] [Times: user=0.02 sys=0.00, real=0.01 secs] 
188.685: Total time for which application threads were stopped: 0.0038380 seconds, Stopping threads took: 0.0000990 seconds
188.698: Application time: 0.0125600 seconds
188.698: [GC188.698: [ParNew: 36363K->3574K(37568K), 0.0030200 secs] 211054K->181829K(889212K), 0.0030660 secs] [Times: user=0.03 sys=0.00, real=0.00 secs] 
188.701: Total time for which application threads were stopped: 0.0032810 seconds, Stopping threads took: 0.0001190 seconds
188.713: Application time: 0.0122040 seconds
188.714: [GC188.714: [ParNew: 36367K->1433K(37568K), 0.0021090 secs] 214621K->181825K(889212K), 0.0021510 secs] [Times: user=0.02 sys=0.00, real=0.01 secs] 
188.716: Total time for which application threads were stopped: 0.0023400 seconds, Stopping threads took: 0.0001160 seconds
188.760: Application time: 0.0443560 seconds
188.761: [GC188.761: [ParNew: 34235K->3574K(37568K), 0.0036830 secs] 214627K->191092K(889212K), 0.0037350 secs] [Times: user=0.03 sys=0.00, real=0.01 secs] 
188.764: Total time for which application threads were stopped: 0.0042800 seconds, Stopping threads took: 0.0004740 seconds
188.783: Application time: 0.0187370 seconds
188.784: [GC188.784: [ParNew: 36429K->3632K(37568K), 0.0038180 secs] 223946K->197563K(889212K), 0.0038640 secs] [Times: user=0.03 sys=0.00, real=0.00 secs] 
188.788: Total time for which application threads were stopped: 0.0044560 seconds, Stopping threads took: 0.0005160 seconds
188.800: Application time: 0.0119250 seconds
188.800: [GC188.800: [ParNew: 36420K->2147K(37568K), 0.0024560 secs] 230351K->197561K(889212K), 0.0024940 secs] [Times: user=0.01 sys=0.00, real=0.00 secs] 
188.802: Total time for which application threads were stopped: 0.0026270 seconds, Stopping threads took: 0.0000610 seconds
188.812: Application time: 0.0100990 seconds
188.814: [GC188.814: [ParNew: 34941K->3576K(37568K), 0.0030180 secs] 230356K->202553K(889212K), 0.0030640 secs] [Times: user=0.03 sys=0.00, real=0.01 secs] 
188.817: Total time for which application threads were stopped: 0.0051820 seconds, Stopping threads took: 0.0020430 seconds
188.825: Application time: 0.0076640 seconds
188.825: [GC188.825: [ParNew: 36361K->1433K(37568K), 0.0022760 secs] 235338K->203261K(889212K), 0.0023190 secs] [Times: user=0.01 sys=0.00, real=0.00 secs] 
188.828: Total time for which application threads were stopped: 0.0024740 seconds, Stopping threads took: 0.0000800 seconds
188.838: Application time: 0.0099330 seconds
188.838: [GC188.838: [ParNew: 34233K->3577K(37568K), 0.0023450 secs] 236061K->206830K(889212K), 0.0023860 secs] [Times: user=0.02 sys=0.00, real=0.00 secs] 
188.840: Total time for which application threads were stopped: 0.0026560 seconds, Stopping threads took: 0.0001980 seconds
188.849: Application time: 0.0089720 seconds
188.850: [GC188.850: [ParNew: 36363K->3562K(37568K), 0.0029200 secs] 239616K->209667K(889212K), 0.0029650 secs] [Times: user=0.02 sys=0.00, real=0.00 secs] 
188.853: Total time for which application threads were stopped: 0.0039650 seconds, Stopping threads took: 0.0009160 seconds
188.861: Application time: 0.0081840 seconds
188.861: [GC188.862: [ParNew: 36363K->3570K(37568K), 0.0029560 secs] 242468K->213238K(889212K), 0.0029960 secs] [Times: user=0.02 sys=0.00, real=0.01 secs] 
188.865: Total time for which application threads were stopped: 0.0031790 seconds, Stopping threads took: 0.0001100 seconds
188.872: Application time: 0.0077310 seconds
188.872: [GC188.872: [ParNew: 36356K->2850K(37568K), 0.0026920 secs] 246024K->215369K(889212K), 0.0027330 secs] [Times: user=0.02 sys=0.00, real=0.01 secs] 
188.875: Total time for which application threads were stopped: 0.0029490 seconds, Stopping threads took: 0.0001440 seconds
188.944: Application time: 0.0687770 seconds
188.944: [GC188.944: [ParNew: 35686K->3604K(37568K), 0.0056140 secs] 248206K->229662K(889212K), 0.0056590 secs] [Times: user=0.04 sys=0.00, real=0.00 secs] 
188.950: Total time for which application threads were stopped: 0.0058020 seconds, Stopping threads took: 0.0000700 seconds
188.962: Application time: 0.0120780 seconds
188.962: [GC188.962: [ParNew: 36392K->3568K(37568K), 0.0029160 secs] 262450K->232505K(889212K), 0.0029580 secs] [Times: user=0.02 sys=0.00, real=0.01 secs] 
188.965: Total time for which application threads were stopped: 0.0031400 seconds, Stopping threads took: 0.0001080 seconds
188.980: Application time: 0.0150960 seconds
188.980: [GC188.980: [ParNew: 36356K->1433K(37568K), 0.0020370 secs] 265294K->232507K(889212K), 0.0020760 secs] [Times: user=0.02 sys=0.00, real=0.00 secs] 
188.982: Total time for which application threads were stopped: 0.0022220 seconds, Stopping threads took: 0.0000730 seconds
188.992: Application time: 0.0094870 seconds
188.992: [GC188.992: [ParNew: 34228K->3574K(37568K), 0.0028430 secs] 265303K->237499K(889212K), 0.0028860 secs] [Times: user=0.02 sys=0.00, real=0.01 secs] 
188.995: Total time for which application threads were stopped: 0.0030540 seconds, Stopping threads took: 0.0000910 seconds
189.078: Application time: 0.0830790 seconds
189.078: [GC189.078: [ParNew: 36375K->3572K(37568K), 0.0052610 secs] 270300K->250322K(889212K), 0.0053040 secs] [Times: user=0.05 sys=0.00, real=0.01 secs] 
189.083: Total time for which application threads were stopped: 0.0054690 seconds, Stopping threads took: 0.0000830 seconds
189.220: Application time: 0.1367290 seconds
189.220: [GC189.220: [ParNew: 36364K->3562K(37568K), 0.0053570 secs] 283114K->263139K(889212K), 0.0054000 secs] [Times: user=0.04 sys=0.00, real=0.01 secs] 
189.226: Total time for which application threads were stopped: 0.0055430 seconds, Stopping threads took: 0.0000690 seconds
189.369: Application time: 0.1435390 seconds
189.369: [GC189.369: [ParNew: 36362K->3574K(37568K), 0.0053270 secs] 295939K->275976K(889212K), 0.0053720 secs] [Times: user=0.04 sys=0.00, real=0.00 secs] 
189.375: Total time for which application threads were stopped: 0.0055060 seconds, Stopping threads took: 0.0000620 seconds
189.518: Application time: 0.1434020 seconds
189.518: [GC189.518: [ParNew: 36366K->3564K(37568K), 0.0048910 secs] 308768K->286655K(889212K), 0.0049350 secs] [Times: user=0.04 sys=0.00, real=0.01 secs] 
189.523: Total time for which application threads were stopped: 0.0050760 seconds, Stopping threads took: 0.0000680 seconds
189.667: Application time: 0.1442210 seconds
189.668: [GC189.668: [ParNew: 36383K->3576K(37568K), 0.0050460 secs] 319474K->298780K(889212K), 0.0050850 secs] [Times: user=0.04 sys=0.00, real=0.00 secs] 
189.673: Total time for which application threads were stopped: 0.0052290 seconds, Stopping threads took: 0.0000570 seconds
189.816: Application time: 0.1436810 seconds
189.816: [GC189.816: [ParNew: 36377K->3568K(37568K), 0.0051810 secs] 331580K->310887K(889212K), 0.0052230 secs] [Times: user=0.04 sys=0.00, real=0.00 secs] 
189.822: Total time for which application threads were stopped: 0.0053500 seconds, Stopping threads took: 0.0000550 seconds
189.969: Application time: 0.1470800 seconds
189.969: [GC189.969: [ParNew: 36375K->3574K(37568K), 0.0053530 secs] 343693K->323720K(889212K), 0.0053960 secs] [Times: user=0.04 sys=0.00, real=0.00 secs] 
189.974: Total time for which application threads were stopped: 0.0055540 seconds, Stopping threads took: 0.0000850 seconds
190.116: Application time: 0.1418310 seconds
190.116: [GC190.116: [ParNew: 36366K->3562K(37568K), 0.0054450 secs] 356512K->336535K(889212K), 0.0054890 secs] [Times: user=0.04 sys=0.00, real=0.00 secs] 
190.122: Total time for which application threads were stopped: 0.0056520 seconds, Stopping threads took: 0.0000920 seconds
190.265: Application time: 0.1435940 seconds
190.266: [GC190.266: [ParNew: 36363K->3570K(37568K), 0.0052930 secs] 369335K->349368K(889212K), 0.0053380 secs] [Times: user=0.04 sys=0.00, real=0.00 secs] 
190.271: Total time for which application threads were stopped: 0.0055070 seconds, Stopping threads took: 0.0000900 seconds
190.412: Application time: 0.1406630 seconds
190.412: [GC190.412: [ParNew: 36362K->3564K(37568K), 0.0052090 secs] 382160K->361476K(889212K), 0.0052490 secs] [Times: user=0.03 sys=0.00, real=0.01 secs] 
190.417: Total time for which application threads were stopped: 0.0053850 seconds, Stopping threads took: 0.0000680 seconds
190.551: Application time: 0.1344760 seconds
190.552: [GC190.552: [ParNew: 36367K->3578K(37568K), 0.0048450 secs] 394278K->372890K(889212K), 0.0048890 secs] [Times: user=0.03 sys=0.00, real=0.01 secs] 
190.556: Total time for which application threads were stopped: 0.0050330 seconds, Stopping threads took: 0.0000740 seconds
190.689: Application time: 0.1325820 seconds
190.689: [GC190.689: [ParNew: 36395K->3576K(37568K), 0.0051740 secs] 405707K->385002K(889212K), 0.0052180 secs] [Times: user=0.04 sys=0.00, real=0.00 secs] 
190.695: Total time for which application threads were stopped: 0.0054410 seconds, Stopping threads took: 0.0001510 seconds
190.796: Application time: 0.1016380 seconds
190.796: [GC190.796: [ParNew: 36378K->3570K(37568K), 0.0051960 secs] 417803K->397112K(889212K), 0.0052470 secs] [Times: user=0.04 sys=0.00, real=0.00 secs] 
190.802: Total time for which application threads were stopped: 0.0054100 seconds, Stopping threads took: 0.0000820 seconds
190.925: Application time: 0.1232940 seconds
190.925: [GC190.925: [ParNew: 36380K->3574K(37568K), 0.0054320 secs] 429922K->409943K(889212K), 0.0054770 secs] [Times: user=0.05 sys=0.00, real=0.00 secs] 
190.930: Total time for which application threads were stopped: 0.0056280 seconds, Stopping threads took: 0.0000760 seconds
191.023: Application time: 0.0923300 seconds
191.023: [GC191.023: [ParNew: 36368K->3562K(37568K), 0.0051670 secs] 442736K->422046K(889212K), 0.0052090 secs] [Times: user=0.04 sys=0.00, real=0.00 secs] 
191.028: Total time for which application threads were stopped: 0.0053560 seconds, Stopping threads took: 0.0000740 seconds
191.161: Application time: 0.1331160 seconds
191.161: [GC191.161: [ParNew: 36365K->3572K(37568K), 0.0053070 secs] 454849K->434882K(889212K), 0.0053610 secs] [Times: user=0.04 sys=0.01, real=0.01 secs] 
191.167: Total time for which application threads were stopped: 0.0055240 seconds, Stopping threads took: 0.0000920 seconds
191.261: Application time: 0.0944590 seconds
191.261: [GC191.261: [ParNew: 36367K->3562K(37568K), 0.0051300 secs] 467677K->446987K(889212K), 0.0051760 secs] [Times: user=0.04 sys=0.00, real=0.01 secs] 
191.267: Total time for which application threads were stopped: 0.0053160 seconds, Stopping threads took: 0.0000650 seconds
191.386: Application time: 0.1189630 seconds
191.386: [GC191.386: [ParNew: 36357K->3562K(37568K), 0.0053160 secs] 479782K->459101K(889212K), 0.0053560 secs] [Times: user=0.04 sys=0.00, real=0.00 secs] 
191.391: Total time for which application threads were stopped: 0.0055420 seconds, Stopping threads took: 0.0001020 seconds
191.500: Application time: 0.1091030 seconds
191.500: [GC191.500: [ParNew: 36364K->3573K(37568K), 0.0052520 secs] 491903K->471225K(889212K), 0.0052970 secs] [Times: user=0.03 sys=0.00, real=0.01 secs] 
191.506: Total time for which application threads were stopped: 0.0054240 seconds, Stopping threads took: 0.0000580 seconds
191.609: Application time: 0.1030870 seconds
191.609: [GC191.609: [ParNew: 36390K->3575K(37568K), 0.0053320 secs] 504042K->484055K(889212K), 0.0053760 secs] [Times: user=0.04 sys=0.00, real=0.00 secs] 
191.614: Total time for which application threads were stopped: 0.0055310 seconds, Stopping threads took: 0.0000840 seconds
191.739: Application time: 0.1246520 seconds
191.739: [GC191.739: [ParNew: 36376K->3566K(37568K), 0.0051630 secs] 516856K->496163K(889212K), 0.0052060 secs] [Times: user=0.04 sys=0.00, real=0.01 secs] 
191.744: Total time for which application threads were stopped: 0.0053500 seconds, Stopping threads took: 0.0000730 seconds
191.843: Application time: 0.0988420 seconds
191.843: [GC191.843: [ParNew: 36375K->3572K(37568K), 0.0052690 secs] 528971K->508997K(889212K), 0.0053050 secs] [Times: user=0.04 sys=0.00, real=0.00 secs] 
191.849: Total time for which application threads were stopped: 0.0054350 seconds, Stopping threads took: 0.0000580 seconds
191.953: Application time: 0.1039920 seconds
191.953: [GC191.953: [ParNew: 36367K->3562K(37568K), 0.0053860 secs] 541791K->521102K(889212K), 0.0054300 secs] [Times: user=0.05 sys=0.00, real=0.01 secs] 
191.958: Total time for which application threads were stopped: 0.0055650 seconds, Stopping threads took: 0.0000580 seconds
192.045: Application time: 0.0873100 seconds
192.046: [GC192.046: [ParNew: 36392K->3602K(37568K), 0.0057980 secs] 553931K->533968K(889212K), 0.0058420 secs] [Times: user=0.05 sys=0.00, real=0.00 secs] 
192.051: Total time for which application threads were stopped: 0.0059960 seconds, Stopping threads took: 0.0000770 seconds
192.064: Application time: 0.0129690 seconds
192.065: [GC192.065: [ParNew: 36389K->3570K(37568K), 0.0026860 secs] 566755K->536103K(889212K), 0.0027290 secs] [Times: user=0.02 sys=0.00, real=0.00 secs] 
192.067: Total time for which application threads were stopped: 0.0028910 seconds, Stopping threads took: 0.0000780 seconds
192.078: Application time: 0.0107620 seconds
192.078: [GC192.078: [ParNew: 36363K->3572K(37568K), 0.0037670 secs] 568896K->542518K(889212K), 0.0038110 secs] [Times: user=0.03 sys=0.00, real=0.00 secs] 
192.082: Total time for which application threads were stopped: 0.0039920 seconds, Stopping threads took: 0.0001030 seconds
192.095: Application time: 0.0125620 seconds
192.095: [GC192.095: [ParNew: 36366K->2858K(37568K), 0.0024700 secs] 575312K->544654K(889212K), 0.0025090 secs] [Times: user=0.02 sys=0.00, real=0.00 secs] 
192.097: Total time for which application threads were stopped: 0.0027900 seconds, Stopping threads took: 0.0002060 seconds
192.121: Application time: 0.0237350 seconds
192.121: [GC192.121: [ParNew: 35651K->3568K(37568K), 0.0025910 secs] 577447K->548214K(889212K), 0.0026310 secs] [Times: user=0.02 sys=0.00, real=0.01 secs] 
192.124: Total time for which application threads were stopped: 0.0027960 seconds, Stopping threads took: 0.0000940 seconds
192.237: Application time: 0.1134050 seconds
192.237: [GC192.237: [ParNew: 36362K->3562K(37568K), 0.0055890 secs] 581008K->561035K(889212K), 0.0056310 secs] [Times: user=0.05 sys=0.00, real=0.01 secs] 
192.243: Total time for which application threads were stopped: 0.0057740 seconds, Stopping threads took: 0.0000700 seconds
192.343: Application time: 0.1000000 seconds
192.343: [GC192.343: [ParNew: 36355K->3562K(37568K), 0.0055260 secs] 593828K->573861K(889212K), 0.0055700 secs] [Times: user=0.04 sys=0.00, real=0.00 secs] 
192.349: Total time for which application threads were stopped: 0.0057140 seconds, Stopping threads took: 0.0000710 seconds
192.468: Application time: 0.1188440 seconds
192.468: [GC192.468: [ParNew: 36390K->3604K(37568K), 0.0057060 secs] 606688K->587441K(889212K), 0.0057500 secs] [Times: user=0.04 sys=0.00, real=0.00 secs] 
192.474: Total time for which application threads were stopped: 0.0059040 seconds, Stopping threads took: 0.0000710 seconds
192.487: Application time: 0.0134670 seconds
192.487: [GC192.487: [ParNew: 36390K->3570K(37568K), 0.0029070 secs] 620227K->590286K(889212K), 0.0029490 secs] [Times: user=0.02 sys=0.00, real=0.00 secs] 
192.490: Total time for which application threads were stopped: 0.0031430 seconds, Stopping threads took: 0.0001170 seconds
192.501: Application time: 0.0108650 seconds
192.501: [GC192.501: [ParNew: 36338K->3615K(37568K), 0.0037190 secs] 623053K->596743K(889212K), 0.0037630 secs] [Times: user=0.03 sys=0.00, real=0.01 secs] 
192.505: Total time for which application threads were stopped: 0.0039430 seconds, Stopping threads took: 0.0001120 seconds
192.514: Application time: 0.0089220 seconds
192.515: [GC192.515: [ParNew: 36462K->3572K(37568K), 0.0035890 secs] 629590K->602430K(889212K), 0.0036400 secs] [Times: user=0.02 sys=0.00, real=0.01 secs] 
192.518: Total time for which application threads were stopped: 0.0044920 seconds, Stopping threads took: 0.0007790 seconds
192.527: Application time: 0.0084900 seconds
192.527: [GC192.527: [ParNew: 36363K->2145K(37568K), 0.0022800 secs] 635221K->603142K(889212K), 0.0023190 secs] [Times: user=0.02 sys=0.00, real=0.00 secs] 
192.530: Total time for which application threads were stopped: 0.0028100 seconds, Stopping threads took: 0.0004060 seconds
192.537: Application time: 0.0068320 seconds
192.539: [GC192.539: [ParNew: 34933K->3570K(37568K), 0.0023420 secs] 635930K->605280K(889212K), 0.0023820 secs] [Times: user=0.02 sys=0.00, real=0.00 secs] 
192.541: Total time for which application threads were stopped: 0.0047590 seconds, Stopping threads took: 0.0023060 seconds
192.553: Application time: 0.0119520 seconds
192.553: [GC192.553: [ParNew: 36367K->3578K(37568K), 0.0021300 secs] 638077K->605288K(889212K), 0.0021720 secs] [Times: user=0.02 sys=0.00, real=0.01 secs] 
192.556: Total time for which application threads were stopped: 0.0023190 seconds, Stopping threads took: 0.0000770 seconds
192.568: Application time: 0.0127410 seconds
192.568: [GC192.569: [ParNew: 36370K->1433K(37568K), 0.0022650 secs] 638080K->605994K(889212K), 0.0023290 secs] [Times: user=0.01 sys=0.00, real=0.00 secs] 
192.571: Total time for which application threads were stopped: 0.0024890 seconds, Stopping threads took: 0.0000730 seconds
192.597: Application time: 0.0256860 seconds
192.597: [GC192.597: [ParNew: 34228K->3570K(37568K), 0.0025900 secs] 638789K->610981K(889212K), 0.0026310 secs] [Times: user=0.02 sys=0.00, real=0.00 secs] 
192.599: Total time for which application threads were stopped: 0.0027720 seconds, Stopping threads took: 0.0000720 seconds
192.620: Application time: 0.0209130 seconds
192.620: [GC192.620: [ParNew: 36417K->3632K(37568K), 0.0038770 secs] 643828K->617457K(889212K), 0.0039200 secs] [Times: user=0.02 sys=0.00, real=0.01 secs] 
192.624: Total time for which application threads were stopped: 0.0041310 seconds, Stopping threads took: 0.0001160 seconds
192.632: Application time: 0.0081290 seconds
192.633: [GC192.633: [ParNew: 36424K->2153K(37568K), 0.0025990 secs] 650249K->618885K(889212K), 0.0026470 secs] [Times: user=0.02 sys=0.00, real=0.01 secs] 
192.636: Total time for which application threads were stopped: 0.0030830 seconds, Stopping threads took: 0.0003600 seconds
192.645: Application time: 0.0098750 seconds
192.646: [GC192.646: [ParNew: 34950K->3574K(37568K), 0.0025190 secs] 651682K->622444K(889212K), 0.0025620 secs] [Times: user=0.02 sys=0.00, real=0.00 secs] 
192.648: Total time for which application threads were stopped: 0.0027250 seconds, Stopping threads took: 0.0000880 seconds
192.656: Application time: 0.0078100 seconds
192.656: [GC192.656: [ParNew: 36355K->1425K(37568K), 0.0019630 secs] 655225K->622434K(889212K), 0.0020040 secs] [Times: user=0.02 sys=0.00, real=0.00 secs] 
192.658: Total time for which application threads were stopped: 0.0024530 seconds, Stopping threads took: 0.0003740 seconds
192.668: Application time: 0.0093730 seconds
192.668: [GC192.668: [ParNew: 34223K->2866K(37568K), 0.0016340 secs] 655232K->623875K(889212K), 0.0016730 secs] [Times: user=0.02 sys=0.00, real=0.00 secs] 
192.670: Total time for which application threads were stopped: 0.0020560 seconds, Stopping threads took: 0.0003080 seconds
192.677: Application time: 0.0070330 seconds
192.678: [GC192.678: [ParNew: 35656K->3564K(37568K), 0.0034550 secs] 656665K->629563K(889212K), 0.0034980 secs] [Times: user=0.02 sys=0.00, real=0.00 secs] 
192.681: Total time for which application threads were stopped: 0.0045010 seconds, Stopping threads took: 0.0009260 seconds
192.690: Application time: 0.0090330 seconds
192.691: [GC192.691: [ParNew: 36364K->3570K(37568K), 0.0030570 secs] 662363K->633132K(889212K), 0.0030980 secs] [Times: user=0.02 sys=0.00, real=0.00 secs] 
192.694: Total time for which application threads were stopped: 0.0032550 seconds, Stopping threads took: 0.0000840 seconds
192.701: Application time: 0.0075330 seconds
192.701: [GC192.701: [ParNew: 36358K->3562K(37568K), 0.0034020 secs] 665920K->638113K(889212K), 0.0034450 secs] [Times: user=0.03 sys=0.00, real=0.01 secs] 
192.705: Total time for which application threads were stopped: 0.0036000 seconds, Stopping threads took: 0.0000790 seconds
192.787: Application time: 0.0817030 seconds
192.787: [GC192.787: [ParNew: 36833K->3639K(37568K), 0.0050930 secs] 671384K->649591K(889212K), 0.0051340 secs] [Times: user=0.04 sys=0.00, real=0.00 secs] 
192.792: Total time for which application threads were stopped: 0.0052860 seconds, Stopping threads took: 0.0000770 seconds
192.805: Application time: 0.0127970 seconds
192.805: [GC192.806: [ParNew: 36739K->2862K(37568K), 0.0028360 secs] 682691K->652434K(889212K), 0.0028790 secs] [Times: user=0.02 sys=0.00, real=0.00 secs] 
192.808: Total time for which application threads were stopped: 0.0037710 seconds, Stopping threads took: 0.0008150 seconds
192.816: Application time: 0.0078310 seconds
192.817: [GC192.817: [ParNew: 35643K->3566K(37568K), 0.0023710 secs] 685215K->654564K(889212K), 0.0024140 secs] [Times: user=0.02 sys=0.00, real=0.00 secs] 
192.819: Total time for which application threads were stopped: 0.0028770 seconds, Stopping threads took: 0.0003900 seconds
192.828: Application time: 0.0093930 seconds
192.829: [GC192.829: [ParNew: 36361K->3576K(37568K), 0.0026440 secs] 687359K->656712K(889212K), 0.0026970 secs] [Times: user=0.02 sys=0.00, real=0.00 secs] 
192.831: Total time for which application threads were stopped: 0.0028910 seconds, Stopping threads took: 0.0001200 seconds
192.843: Application time: 0.0114970 seconds
192.843: [GC192.843: [ParNew: 36367K->3572K(37568K), 0.0021310 secs] 689503K->657422K(889212K), 0.0021680 secs] [Times: user=0.02 sys=0.00, real=0.00 secs] 
192.845: Total time for which application threads were stopped: 0.0023320 seconds, Stopping threads took: 0.0000890 seconds
192.855: Application time: 0.0094680 seconds
192.855: [GC192.855: [ParNew: 36367K->3572K(37568K), 0.0028890 secs] 690216K->660985K(889212K), 0.0029320 secs] [Times: user=0.02 sys=0.00, real=0.00 secs] 
192.858: Total time for which application threads were stopped: 0.0035130 seconds, Stopping threads took: 0.0005070 seconds
192.866: Application time: 0.0074440 seconds
192.866: [GC192.866: [ParNew: 36885K->1476K(37568K), 0.0020920 secs] 694298K->661027K(889212K), 0.0021320 secs] [Times: user=0.02 sys=0.00, real=0.00 secs] 
192.868: Total time for which application threads were stopped: 0.0026090 seconds, Stopping threads took: 0.0003850 seconds
192.876: Application time: 0.0073140 seconds
192.876: [GC192.876: [ParNew: 34495K->3605K(37568K), 0.0023050 secs] 694046K->664581K(889212K), 0.0023470 secs] [Times: user=0.01 sys=0.00, real=0.00 secs] 
192.878: Total time for which application threads were stopped: 0.0025270 seconds, Stopping threads took: 0.0001050 seconds
192.886: Application time: 0.0079880 seconds
192.886: [GC192.886: [ParNew: 36396K->3574K(37568K), 0.0029390 secs] 697372K->668142K(889212K), 0.0029820 secs] [Times: user=0.02 sys=0.00, real=0.00 secs] 
192.889: Total time for which application threads were stopped: 0.0031570 seconds, Stopping threads took: 0.0001010 seconds
192.903: Application time: 0.0139310 seconds
192.903: [GC192.903: [ParNew: 36368K->2864K(37568K), 0.0027250 secs] 700936K->670282K(889212K), 0.0027660 secs] [Times: user=0.02 sys=0.00, real=0.00 secs] 
192.906: Total time for which application threads were stopped: 0.0029010 seconds, Stopping threads took: 0.0000620 seconds
192.920: Application time: 0.0135260 seconds
192.920: [GC192.920: [ParNew: 35653K->3572K(37568K), 0.0026310 secs] 703072K->673129K(889212K), 0.0026740 secs] [Times: user=0.02 sys=0.00, real=0.00 secs] 
192.922: Total time for which application threads were stopped: 0.0028420 seconds, Stopping threads took: 0.0000940 seconds
192.933: Application time: 0.0109470 seconds
192.934: [GC192.934: [ParNew: 36365K->1435K(37568K), 0.0020680 secs] 705922K->673129K(889212K), 0.0021080 secs] [Times: user=0.01 sys=0.00, real=0.01 secs] 
192.936: Total time for which application threads were stopped: 0.0022720 seconds, Stopping threads took: 0.0000890 seconds
193.013: Application time: 0.0775530 seconds
193.013: [GC193.013: [ParNew: 34236K->3574K(37568K), 0.0049990 secs] 705931K->687382K(889212K), 0.0050420 secs] [Times: user=0.04 sys=0.00, real=0.01 secs] 
193.018: Total time for which application threads were stopped: 0.0051830 seconds, Stopping threads took: 0.0000650 seconds
193.140: Application time: 0.1217520 seconds
193.140: [GC193.140: [ParNew: 36372K->3568K(37568K), 0.0053370 secs] 720180K->700202K(889212K), 0.0053790 secs] [Times: user=0.04 sys=0.00, real=0.01 secs] 
193.146: Total time for which application threads were stopped: 0.0055140 seconds, Stopping threads took: 0.0000610 seconds
193.304: Application time: 0.1581930 seconds
193.304: [GC193.304: [ParNew: 36360K->3564K(37568K), 0.0050570 secs] 732994K->712311K(889212K), 0.0050990 secs] [Times: user=0.04 sys=0.00, real=0.00 secs] 
193.309: Total time for which application threads were stopped: 0.0052260 seconds, Stopping threads took: 0.0000630 seconds
193.431: Application time: 0.1215500 seconds
193.431: [GC193.431: [ParNew: 36356K->3562K(37568K), 0.0050920 secs] 745103K->724422K(889212K), 0.0051420 secs] [Times: user=0.04 sys=0.00, real=0.01 secs] 
193.436: Total time for which application threads were stopped: 0.0052820 seconds, Stopping threads took: 0.0000610 seconds
193.581: Application time: 0.1451070 seconds
193.581: [GC193.581: [ParNew: 36367K->3572K(37568K), 0.0053510 secs] 757227K->737257K(889212K), 0.0053970 secs] [Times: user=0.04 sys=0.00, real=0.01 secs] 
193.587: Total time for which application threads were stopped: 0.0055780 seconds, Stopping threads took: 0.0000990 seconds
193.734: Application time: 0.1470110 seconds
193.734: [GC193.734: [ParNew: 36379K->3570K(37568K), 0.0053910 secs] 770064K->750082K(889212K), 0.0054330 secs] [Times: user=0.04 sys=0.00, real=0.01 secs] 
193.739: Total time for which application threads were stopped: 0.0055730 seconds, Stopping threads took: 0.0000660 seconds
193.879: Application time: 0.1394530 seconds
193.879: [GC193.879: [ParNew: 36383K->3574K(37568K), 0.0052640 secs] 782895K->762913K(889212K), 0.0053050 secs] [Times: user=0.03 sys=0.00, real=0.01 secs] 
193.884: Total time for which application threads were stopped: 0.0054580 seconds, Stopping threads took: 0.0000770 seconds
194.046: Application time: 0.1618210 seconds
194.046: [GC194.046: [ParNew: 36374K->3570K(37568K), 0.0053840 secs] 795714K->775737K(889212K), 0.0054270 secs] [Times: user=0.04 sys=0.00, real=0.00 secs] 
194.052: Total time for which application threads were stopped: 0.0056070 seconds, Stopping threads took: 0.0001070 seconds
194.195: Application time: 0.1436210 seconds
194.195: [GC194.195: [ParNew: 36362K->3564K(37568K), 0.0051610 secs] 808529K->787845K(889212K), 0.0052040 secs] [Times: user=0.04 sys=0.00, real=0.00 secs] 
194.201: Total time for which application threads were stopped: 0.0053600 seconds, Stopping threads took: 0.0000710 seconds
194.201: Application time: 0.0000430 seconds
194.201: [GC [1 CMS-initial-mark: 784280K(851644K)] 788557K(889212K), 0.0001420 secs] [Times: user=0.00 sys=0.00, real=0.00 secs] 
194.201: Total time for which application threads were stopped: 0.0002160 seconds, Stopping threads took: 0.0000450 seconds
194.201: [CMS-concurrent-mark-start]
194.217: [CMS-concurrent-mark: 0.016/0.016 secs] [Times: user=0.11 sys=0.00, real=0.02 secs] 
194.217: [CMS-concurrent-preclean-start]
194.218: [CMS-concurrent-preclean: 0.001/0.001 secs] [Times: user=0.00 sys=0.00, real=0.00 secs] 
194.218: [CMS-concurrent-abortable-preclean-start]
194.341: Application time: 0.1401410 seconds
194.341: [GC194.341: [ParNew: 36356K->3562K(37568K), 0.0054380 secs] 820637K->800668K(889212K), 0.0054790 secs] [Times: user=0.05 sys=0.00, real=0.01 secs] 
194.347: Total time for which application threads were stopped: 0.0056300 seconds, Stopping threads took: 0.0000820 seconds
194.488: Application time: 0.1417400 seconds
194.488: [GC194.488: [ParNew: 36363K->3574K(37568K), 0.0049950 secs] 833469K->812793K(889212K), 0.0050360 secs] [Times: user=0.03 sys=0.00, real=0.00 secs] 
194.494: Total time for which application threads were stopped: 0.0051590 seconds, Stopping threads took: 0.0000540 seconds
194.494: [CMS-concurrent-abortable-preclean: 0.005/0.275 secs] [Times: user=2.21 sys=0.00, real=0.27 secs] 
194.494: Application time: 0.0000730 seconds
194.495: [GC[YG occupancy: 5001 K (37568 K)]194.495: [Rescan (parallel) , 0.0004900 secs]194.495: [weak refs processing, 0.0000060 secs]194.495: [scrub string table, 0.0001140 secs] [1 CMS-remark: 809218K(851644K)] 814220K(889212K), 0.0006280 secs] [Times: user=0.01 sys=0.00, real=0.00 secs] 
194.496: Total time for which application threads were stopped: 0.0020010 seconds, Stopping threads took: 0.0013240 seconds
194.496: [CMS-concurrent-sweep-start]
194.497: [CMS-concurrent-sweep: 0.002/0.002 secs] [Times: user=0.00 sys=0.00, real=0.00 secs] 
194.497: [CMS-concurrent-reset-start]
194.499: [CMS-concurrent-reset: 0.002/0.002 secs] [Times: user=0.02 sys=0.00, real=0.00 secs] 
194.610: Application time: 0.1139230 seconds
194.610: [GC194.610: [ParNew: 36375K->3570K(37568K), 0.0055310 secs] 87635K->67656K(889212K), 0.0055830 secs] [Times: user=0.04 sys=0.00, real=0.01 secs] 
194.615: Total time for which application threads were stopped: 0.0057570 seconds, Stopping threads took: 0.0000990 seconds
194.742: Application time: 0.1269310 seconds
194.743: [GC194.743: [ParNew: 36382K->3574K(37568K), 0.0043980 secs] 100468K->77636K(889212K), 0.0044440 secs] [Times: user=0.03 sys=0.00, real=0.00 secs] 
194.747: Total time for which application threads were stopped: 0.0050730 seconds, Stopping threads took: 0.0005380 seconds
194.845: Application time: 0.0977950 seconds
194.845: [GC194.845: [ParNew: 36391K->3572K(37568K), 0.0054830 secs] 110453K->91174K(889212K), 0.0055240 secs] [Times: user=0.03 sys=0.00, real=0.00 secs] 
194.851: Total time for which application threads were stopped: 0.0056570 seconds, Stopping threads took: 0.0000590 seconds
194.975: Application time: 0.1246860 seconds
194.976: [GC194.976: [ParNew: 36372K->3568K(37568K), 0.0051360 secs] 123974K->103287K(889212K), 0.0051800 secs] [Times: user=0.04 sys=0.00, real=0.00 secs] 
194.981: Total time for which application threads were stopped: 0.0053320 seconds, Stopping threads took: 0.0000810 seconds
195.085: Application time: 0.1040060 seconds
195.085: [GC195.085: [ParNew: 36362K->3562K(37568K), 0.0052040 secs] 136081K->115395K(889212K), 0.0052470 secs] [Times: user=0.04 sys=0.00, real=0.00 secs] 
195.090: Total time for which application threads were stopped: 0.0053830 seconds, Stopping threads took: 0.0000610 seconds
195.204: Application time: 0.1138810 seconds
195.204: [GC195.204: [ParNew: 36356K->3562K(37568K), 0.0051170 secs] 148189K->127509K(889212K), 0.0051590 secs] [Times: user=0.04 sys=0.00, real=0.00 secs] 
195.209: Total time for which application threads were stopped: 0.0053040 seconds, Stopping threads took: 0.0000720 seconds
195.313: Application time: 0.1036990 seconds
195.313: [GC195.313: [ParNew: 36357K->3562K(37568K), 0.0051430 secs] 160303K->139623K(889212K), 0.0051880 secs] [Times: user=0.04 sys=0.00, real=0.01 secs] 
195.318: Total time for which application threads were stopped: 0.0053340 seconds, Stopping threads took: 0.0000710 seconds
195.423: Application time: 0.1047930 seconds
195.423: [GC195.423: [ParNew: 36364K->3570K(37568K), 0.0051450 secs] 172424K->151745K(889212K), 0.0051880 secs] [Times: user=0.04 sys=0.00, real=0.00 secs] 
195.429: Total time for which application threads were stopped: 0.0053740 seconds, Stopping threads took: 0.0001170 seconds
195.550: Application time: 0.1218570 seconds
195.551: [GC195.551: [ParNew: 36374K->3572K(37568K), 0.0052270 secs] 184548K->164574K(889212K), 0.0052730 secs] [Times: user=0.04 sys=0.00, real=0.01 secs] 
195.556: Total time for which application threads were stopped: 0.0054040 seconds, Stopping threads took: 0.0000570 seconds
195.645: Application time: 0.0896080 seconds
195.646: [GC195.646: [ParNew: 36376K->3566K(37568K), 0.0050890 secs] 197378K->176683K(889212K), 0.0051340 secs] [Times: user=0.04 sys=0.00, real=0.00 secs] 
195.651: Total time for which application threads were stopped: 0.0052980 seconds, Stopping threads took: 0.0000890 seconds
195.752: Application time: 0.1008210 seconds
195.752: [GC195.752: [ParNew: 36385K->3572K(37568K), 0.0056910 secs] 209502K->190229K(889212K), 0.0057330 secs] [Times: user=0.04 sys=0.00, real=0.01 secs] 
195.757: Total time for which application threads were stopped: 0.0059090 seconds, Stopping threads took: 0.0001030 seconds
195.838: Application time: 0.0802020 seconds
195.838: [GC195.838: [ParNew: 36409K->3605K(37568K), 0.0057930 secs] 223065K->203803K(889212K), 0.0058390 secs] [Times: user=0.05 sys=0.00, real=0.01 secs] 
195.844: Total time for which application threads were stopped: 0.0060190 seconds, Stopping threads took: 0.0000950 seconds
195.858: Application time: 0.0140170 seconds
195.858: [GC195.858: [ParNew: 36388K->1431K(37568K), 0.0021630 secs] 236587K->204509K(889212K), 0.0022050 secs] [Times: user=0.02 sys=0.00, real=0.00 secs] 
195.860: Total time for which application threads were stopped: 0.0023680 seconds, Stopping threads took: 0.0000890 seconds
195.874: Application time: 0.0137530 seconds
195.874: [GC195.874: [ParNew: 34218K->2147K(37568K), 0.0015490 secs] 237296K->205225K(889212K), 0.0015950 secs] [Times: user=0.01 sys=0.00, real=0.01 secs] 
195.876: Total time for which application threads were stopped: 0.0017790 seconds, Stopping threads took: 0.0001130 seconds
195.886: Application time: 0.0102900 seconds
195.886: [GC195.886: [ParNew: 34943K->3569K(37568K), 0.0027500 secs] 238022K->209497K(889212K), 0.0027930 secs] [Times: user=0.02 sys=0.00, real=0.00 secs] 
195.889: Total time for which application threads were stopped: 0.0029650 seconds, Stopping threads took: 0.0000960 seconds
195.921: Application time: 0.0325980 seconds
195.922: [GC195.922: [ParNew: 36367K->3572K(37568K), 0.0042100 secs] 242296K->218052K(889212K), 0.0042520 secs] [Times: user=0.03 sys=0.00, real=0.01 secs] 
195.926: Total time for which application threads were stopped: 0.0044260 seconds, Stopping threads took: 0.0001030 seconds
196.041: Application time: 0.1148330 seconds
196.041: [GC196.041: [ParNew: 36367K->3564K(37568K), 0.0051330 secs] 250846K->230158K(889212K), 0.0051730 secs] [Times: user=0.04 sys=0.00, real=0.01 secs] 
196.046: Total time for which application threads were stopped: 0.0053130 seconds, Stopping threads took: 0.0000680 seconds
196.167: Application time: 0.1211310 seconds
196.167: [GC196.167: [ParNew: 36358K->3564K(37568K), 0.0053710 secs] 262952K->242272K(889212K), 0.0054150 secs] [Times: user=0.03 sys=0.00, real=0.00 secs] 
196.173: Total time for which application threads were stopped: 0.0055440 seconds, Stopping threads took: 0.0000610 seconds
196.279: Application time: 0.1062680 seconds
196.279: [GC196.279: [ParNew: 36358K->3564K(37568K), 0.0051620 secs] 275065K->254385K(889212K), 0.0052060 secs] [Times: user=0.04 sys=0.00, real=0.01 secs] 
196.284: Total time for which application threads were stopped: 0.0053520 seconds, Stopping threads took: 0.0000730 seconds
196.405: Application time: 0.1204140 seconds
196.405: [GC196.405: [ParNew: 36357K->3562K(37568K), 0.0046920 secs] 287178K->265071K(889212K), 0.0047380 secs] [Times: user=0.04 sys=0.00, real=0.00 secs] 
196.410: Total time for which application threads were stopped: 0.0052520 seconds, Stopping threads took: 0.0004290 seconds
196.433: Application time: 0.0233160 seconds
196.433: [GC196.433: [ParNew: 36382K->3604K(37568K), 0.0036480 secs] 297890K->271526K(889212K), 0.0036930 secs] [Times: user=0.03 sys=0.00, real=0.01 secs] 
196.437: Total time for which application threads were stopped: 0.0038580 seconds, Stopping threads took: 0.0000900 seconds
196.449: Application time: 0.0115690 seconds
196.449: [GC196.449: [ParNew: 36911K->3609K(37568K), 0.0026580 secs] 304832K->274409K(889212K), 0.0027000 secs] [Times: user=0.02 sys=0.00, real=0.00 secs] 
196.452: Total time for which application threads were stopped: 0.0028630 seconds, Stopping threads took: 0.0000920 seconds
196.463: Application time: 0.0111920 seconds
196.463: [GC196.463: [ParNew: 36632K->3572K(37568K), 0.0030260 secs] 307432K->277964K(889212K), 0.0030680 secs] [Times: user=0.02 sys=0.00, real=0.00 secs] 
196.467: Total time for which application threads were stopped: 0.0037060 seconds, Stopping threads took: 0.0005630 seconds
196.476: Application time: 0.0092280 seconds
196.476: [GC196.476: [ParNew: 36365K->2143K(37568K), 0.0021250 secs] 310757K->278674K(889212K), 0.0021680 secs] [Times: user=0.02 sys=0.00, real=0.00 secs] 
196.479: Total time for which application threads were stopped: 0.0028020 seconds, Stopping threads took: 0.0005380 seconds
196.486: Application time: 0.0073220 seconds
196.486: [GC196.486: [ParNew: 34933K->3572K(37568K), 0.0023790 secs] 311464K->281529K(889212K), 0.0024220 secs] [Times: user=0.02 sys=0.00, real=0.00 secs] 
196.489: Total time for which application threads were stopped: 0.0026780 seconds, Stopping threads took: 0.0001800 seconds
196.499: Application time: 0.0103470 seconds
196.499: [GC196.499: [ParNew: 36369K->3576K(37568K), 0.0024750 secs] 314326K->283671K(889212K), 0.0025170 secs] [Times: user=0.02 sys=0.00, real=0.00 secs] 
196.502: Total time for which application threads were stopped: 0.0026890 seconds, Stopping threads took: 0.0000920 seconds
196.515: Application time: 0.0131810 seconds
196.515: [GC196.515: [ParNew: 36362K->3564K(37568K), 0.0028970 secs] 316456K->287223K(889212K), 0.0029420 secs] [Times: user=0.02 sys=0.00, real=0.00 secs] 
196.518: Total time for which application threads were stopped: 0.0031790 seconds, Stopping threads took: 0.0001440 seconds
196.526: Application time: 0.0079620 seconds
196.526: [GC196.526: [ParNew: 36355K->2145K(37568K), 0.0024660 secs] 320014K->288654K(889212K), 0.0025070 secs] [Times: user=0.02 sys=0.00, real=0.00 secs] 
196.529: Total time for which application threads were stopped: 0.0026560 seconds, Stopping threads took: 0.0000740 seconds
196.626: Application time: 0.0974400 seconds
196.626: [GC196.626: [ParNew: 34946K->3572K(37568K), 0.0053090 secs] 321455K->302907K(889212K), 0.0053520 secs] [Times: user=0.04 sys=0.00, real=0.00 secs] 
196.632: Total time for which application threads were stopped: 0.0054850 seconds, Stopping threads took: 0.0000660 seconds
196.657: Application time: 0.0258600 seconds
196.658: [GC196.658: [ParNew: 36396K->3604K(37568K), 0.0031720 secs] 335730K->307215K(889212K), 0.0032160 secs] [Times: user=0.02 sys=0.00, real=0.00 secs] 
196.661: Total time for which application threads were stopped: 0.0034600 seconds, Stopping threads took: 0.0001700 seconds
196.671: Application time: 0.0100940 seconds
196.671: [GC196.671: [ParNew: 36492K->1544K(37568K), 0.0016110 secs] 340102K->306608K(889212K), 0.0016460 secs] [Times: user=0.02 sys=0.00, real=0.00 secs] 
196.673: Total time for which application threads were stopped: 0.0017790 seconds, Stopping threads took: 0.0000650 seconds
196.684: Application time: 0.0110430 seconds
196.685: [GC196.685: [ParNew: 34289K->3671K(37568K), 0.0019610 secs] 339353K->309448K(889212K), 0.0020060 secs] [Times: user=0.02 sys=0.00, real=0.00 secs] 
196.687: Total time for which application threads were stopped: 0.0029290 seconds, Stopping threads took: 0.0008490 seconds
196.695: Application time: 0.0086220 seconds
196.696: [GC196.696: [ParNew: 36510K->3576K(37568K), 0.0027540 secs] 342286K->313003K(889212K), 0.0027950 secs] [Times: user=0.02 sys=0.00, real=0.00 secs] 
196.699: Total time for which application threads were stopped: 0.0032960 seconds, Stopping threads took: 0.0004270 seconds
196.707: Application time: 0.0083800 seconds
196.708: [GC196.708: [ParNew: 36368K->3568K(37568K), 0.0035200 secs] 345795K->318696K(889212K), 0.0035630 secs] [Times: user=0.02 sys=0.00, real=0.00 secs] 
196.711: Total time for which application threads were stopped: 0.0044320 seconds, Stopping threads took: 0.0007770 seconds
196.720: Application time: 0.0086650 seconds
196.720: [GC196.720: [ParNew: 36360K->3568K(37568K), 0.0030460 secs] 351488K->322972K(889212K), 0.0030880 secs] [Times: user=0.03 sys=0.00, real=0.01 secs] 
196.723: Total time for which application threads were stopped: 0.0032800 seconds, Stopping threads took: 0.0001190 seconds
196.732: Application time: 0.0085250 seconds
196.732: [GC196.732: [ParNew: 36359K->3570K(37568K), 0.0022660 secs] 355763K->324400K(889212K), 0.0023050 secs] [Times: user=0.02 sys=0.00, real=0.00 secs] 
196.734: Total time for which application threads were stopped: 0.0024870 seconds, Stopping threads took: 0.0001100 seconds
196.743: Application time: 0.0085420 seconds
196.743: [GC196.743: [ParNew: 36362K->3570K(37568K), 0.0031250 secs] 357192K->329388K(889212K), 0.0031650 secs] [Times: user=0.03 sys=0.00, real=0.00 secs] 
196.747: Total time for which application threads were stopped: 0.0035500 seconds, Stopping threads took: 0.0003120 seconds
196.755: Application time: 0.0080980 seconds
196.755: [GC196.755: [ParNew: 36371K->3572K(37568K), 0.0027030 secs] 362189K->332241K(889212K), 0.0027440 secs] [Times: user=0.02 sys=0.00, real=0.00 secs] 
196.758: Total time for which application threads were stopped: 0.0030680 seconds, Stopping threads took: 0.0002500 seconds
196.766: Application time: 0.0080160 seconds
196.766: [GC196.766: [ParNew: 36372K->3572K(37568K), 0.0023150 secs] 365041K->333668K(889212K), 0.0023650 secs] [Times: user=0.02 sys=0.00, real=0.00 secs] 
196.769: Total time for which application threads were stopped: 0.0028090 seconds, Stopping threads took: 0.0003690 seconds
196.776: Application time: 0.0078600 seconds
196.777: [GC196.777: [ParNew: 36358K->3563K(37568K), 0.0025440 secs] 366454K->335798K(889212K), 0.0025860 secs] [Times: user=0.02 sys=0.00, real=0.00 secs] 
196.779: Total time for which application threads were stopped: 0.0027780 seconds, Stopping threads took: 0.0001170 seconds
196.787: Application time: 0.0080690 seconds
196.787: [GC196.787: [ParNew: 36355K->3571K(37568K), 0.0028850 secs] 368591K->338657K(889212K), 0.0029270 secs] [Times: user=0.02 sys=0.00, real=0.00 secs] 
196.790: Total time for which application threads were stopped: 0.0031630 seconds, Stopping threads took: 0.0001610 seconds
196.799: Application time: 0.0084200 seconds
196.800: [GC196.800: [ParNew: 36816K->3610K(37568K), 0.0020820 secs] 371902K->340122K(889212K), 0.0021230 secs] [Times: user=0.02 sys=0.00, real=0.00 secs] 
196.802: Total time for which application threads were stopped: 0.0029310 seconds, Stopping threads took: 0.0007380 seconds
196.810: Application time: 0.0080330 seconds
196.810: [GC196.810: [ParNew: 36714K->3578K(37568K), 0.0033900 secs] 373226K->345820K(889212K), 0.0034310 secs] [Times: user=0.02 sys=0.00, real=0.00 secs] 
196.813: Total time for which application threads were stopped: 0.0036360 seconds, Stopping threads took: 0.0001350 seconds
196.821: Application time: 0.0071560 seconds
196.821: [GC196.821: [ParNew: 36367K->2858K(37568K), 0.0025120 secs] 378609K->347952K(889212K), 0.0025540 secs] [Times: user=0.02 sys=0.00, real=0.01 secs] 
196.824: Total time for which application threads were stopped: 0.0030880 seconds, Stopping threads took: 0.0004590 seconds
196.831: Application time: 0.0074050 seconds
196.832: [GC196.832: [ParNew: 35641K->2139K(37568K), 0.0013250 secs] 380735K->347234K(889212K), 0.0013580 secs] [Times: user=0.01 sys=0.00, real=0.00 secs] 
196.833: Total time for which application threads were stopped: 0.0019470 seconds, Stopping threads took: 0.0005180 seconds
196.843: Application time: 0.0100230 seconds
196.843: [GC196.843: [ParNew: 34946K->3576K(37568K), 0.0032150 secs] 380041K->352946K(889212K), 0.0032590 secs] [Times: user=0.02 sys=0.00, real=0.00 secs] 
196.846: Total time for which application threads were stopped: 0.0034040 seconds, Stopping threads took: 0.0000690 seconds
196.859: Application time: 0.0126490 seconds
196.859: [GC196.859: [ParNew: 36365K->3572K(37568K), 0.0026660 secs] 385735K->355082K(889212K), 0.0027080 secs] [Times: user=0.02 sys=0.00, real=0.00 secs] 
196.862: Total time for which application threads were stopped: 0.0028860 seconds, Stopping threads took: 0.0001040 seconds
196.874: Application time: 0.0121530 seconds
196.874: [GC196.874: [ParNew: 36365K->1429K(37568K), 0.0022550 secs] 387874K->355788K(889212K), 0.0022970 secs] [Times: user=0.01 sys=0.00, real=0.01 secs] 
196.877: Total time for which application threads were stopped: 0.0024790 seconds, Stopping threads took: 0.0001060 seconds
196.921: Application time: 0.0442940 seconds
196.921: [GC196.921: [ParNew: 34235K->3576K(37568K), 0.0038770 secs] 388595K->365773K(889212K), 0.0039140 secs] [Times: user=0.03 sys=0.00, real=0.01 secs] 
196.925: Total time for which application threads were stopped: 0.0040500 seconds, Stopping threads took: 0.0000580 seconds
197.069: Application time: 0.1441000 seconds
197.069: [GC197.069: [ParNew: 36368K->3562K(37568K), 0.0054760 secs] 398565K->378586K(889212K), 0.0055200 secs] [Times: user=0.04 sys=0.00, real=0.00 secs] 
197.075: Total time for which application threads were stopped: 0.0056490 seconds, Stopping threads took: 0.0000630 seconds
197.222: Application time: 0.1471170 seconds
197.222: [GC197.222: [ParNew: 36354K->3564K(37568K), 0.0050580 secs] 411378K->390701K(889212K), 0.0050990 secs] [Times: user=0.03 sys=0.01, real=0.01 secs] 
197.227: Total time for which application threads were stopped: 0.0052430 seconds, Stopping threads took: 0.0000710 seconds
197.357: Application time: 0.1297220 seconds
197.357: [GC197.357: [ParNew: 36356K->3562K(37568K), 0.0050550 secs] 423493K->402812K(889212K), 0.0050980 secs] [Times: user=0.04 sys=0.00, real=0.00 secs] 
197.362: Total time for which application threads were stopped: 0.0052540 seconds, Stopping threads took: 0.0000830 seconds
197.504: Application time: 0.1424170 seconds
197.505: [GC197.505: [ParNew: 36367K->3576K(37568K), 0.0053150 secs] 435617K->415651K(889212K), 0.0053590 secs] [Times: user=0.04 sys=0.00, real=0.00 secs] 
197.510: Total time for which application threads were stopped: 0.0054980 seconds, Stopping threads took: 0.0000570 seconds
197.653: Application time: 0.1434630 seconds
197.654: [GC197.654: [ParNew: 36368K->3564K(37568K), 0.0053860 secs] 448443K->428466K(889212K), 0.0054270 secs] [Times: user=0.04 sys=0.00, real=0.01 secs] 
197.659: Total time for which application threads were stopped: 0.0055820 seconds, Stopping threads took: 0.0000830 seconds
197.804: Application time: 0.1452940 seconds
197.804: [GC197.804: [ParNew: 36385K->3578K(37568K), 0.0053230 secs] 461288K->441306K(889212K), 0.0053650 secs] [Times: user=0.04 sys=0.00, real=0.00 secs] 
197.810: Total time for which application threads were stopped: 0.0055090 seconds, Stopping threads took: 0.0000720 seconds
197.950: Application time: 0.1404230 seconds
197.950: [GC197.950: [ParNew: 36387K->3576K(37568K), 0.0055250 secs] 474115K->454845K(889212K), 0.0055670 secs] [Times: user=0.04 sys=0.00, real=0.01 secs] 
197.956: Total time for which application threads were stopped: 0.0057030 seconds, Stopping threads took: 0.0000650 seconds
198.096: Application time: 0.1403320 seconds
198.096: [GC198.096: [ParNew: 36368K->3562K(37568K), 0.0053720 secs] 487637K->467658K(889212K), 0.0054150 secs] [Times: user=0.04 sys=0.00, real=0.00 secs] 
198.102: Total time for which application threads were stopped: 0.0055700 seconds, Stopping threads took: 0.0000720 seconds
198.241: Application time: 0.1392520 seconds
198.241: [GC198.241: [ParNew: 36354K->3562K(37568K), 0.0049800 secs] 500450K->479771K(889212K), 0.0050220 secs] [Times: user=0.04 sys=0.00, real=0.01 secs] 
198.246: Total time for which application threads were stopped: 0.0051640 seconds, Stopping threads took: 0.0000700 seconds
198.385: Application time: 0.1383910 seconds
198.385: [GC198.385: [ParNew: 36354K->3564K(37568K), 0.0051070 secs] 512563K->491886K(889212K), 0.0051480 secs] [Times: user=0.04 sys=0.00, real=0.00 secs] 
198.390: Total time for which application threads were stopped: 0.0053010 seconds, Stopping threads took: 0.0000840 seconds
198.513: Application time: 0.1226400 seconds
198.513: [GC198.513: [ParNew: 36374K->3574K(37568K), 0.0057810 secs] 524696K->505434K(889212K), 0.0058250 secs] [Times: user=0.04 sys=0.00, real=0.01 secs] 
198.519: Total time for which application threads were stopped: 0.0059790 seconds, Stopping threads took: 0.0000810 seconds
198.647: Application time: 0.1280950 seconds
198.647: [GC198.647: [ParNew: 36384K->3574K(37568K), 0.0065230 secs] 538243K->517549K(889212K), 0.0065690 secs] [Times: user=0.04 sys=0.00, real=0.00 secs] 
198.653: Total time for which application threads were stopped: 0.0067130 seconds, Stopping threads took: 0.0000600 seconds
198.777: Application time: 0.1236910 seconds
198.777: [GC198.777: [ParNew: 36391K->3578K(37568K), 0.0051300 secs] 550366K->529668K(889212K), 0.0051740 secs] [Times: user=0.04 sys=0.00, real=0.00 secs] 
198.782: Total time for which application threads were stopped: 0.0053010 seconds, Stopping threads took: 0.0000620 seconds
198.878: Application time: 0.0959860 seconds
198.879: [GC198.879: [ParNew: 36380K->3572K(37568K), 0.0053480 secs] 562470K->542490K(889212K), 0.0053930 secs] [Times: user=0.04 sys=0.00, real=0.01 secs] 
198.884: Total time for which application threads were stopped: 0.0055330 seconds, Stopping threads took: 0.0000710 seconds
199.007: Application time: 0.1235250 seconds
199.008: [GC199.008: [ParNew: 36366K->3562K(37568K), 0.0051930 secs] 575284K->554595K(889212K), 0.0052390 secs] [Times: user=0.04 sys=0.00, real=0.00 secs] 
199.013: Total time for which application threads were stopped: 0.0053760 seconds, Stopping threads took: 0.0000650 seconds
199.102: Application time: 0.0892790 seconds
199.102: [GC199.102: [ParNew: 36356K->3562K(37568K), 0.0051480 secs] 587389K->566708K(889212K), 0.0051910 secs] [Times: user=0.04 sys=0.00, real=0.01 secs] 
199.107: Total time for which application threads were stopped: 0.0053490 seconds, Stopping threads took: 0.0000830 seconds
199.228: Application time: 0.1205780 seconds
199.228: [GC199.228: [ParNew: 36357K->3562K(37568K), 0.0050680 secs] 599502K->577397K(889212K), 0.0051140 secs] [Times: user=0.03 sys=0.00, real=0.00 secs] 
199.233: Total time for which application threads were stopped: 0.0052630 seconds, Stopping threads took: 0.0000700 seconds
199.333: Application time: 0.0993480 seconds
199.333: [GC199.333: [ParNew: 36357K->3562K(37568K), 0.0051770 secs] 610191K->589511K(889212K), 0.0052250 secs] [Times: user=0.03 sys=0.01, real=0.01 secs] 
199.338: Total time for which application threads were stopped: 0.0053970 seconds, Stopping threads took: 0.0001000 seconds
199.455: Application time: 0.1173590 seconds
199.456: [GC199.456: [ParNew: 36371K->3573K(37568K), 0.0053190 secs] 622319K->601635K(889212K), 0.0053650 secs] [Times: user=0.04 sys=0.00, real=0.00 secs] 
199.461: Total time for which application threads were stopped: 0.0055060 seconds, Stopping threads took: 0.0000680 seconds
199.564: Application time: 0.1030460 seconds
199.564: [GC199.564: [ParNew: 36368K->3562K(37568K), 0.0052480 secs] 634430K->613741K(889212K), 0.0052910 secs] [Times: user=0.04 sys=0.00, real=0.00 secs] 
199.569: Total time for which application threads were stopped: 0.0054630 seconds, Stopping threads took: 0.0001000 seconds
199.665: Application time: 0.0952040 seconds
199.665: [GC199.665: [ParNew: 36418K->3605K(37568K), 0.0056270 secs] 646596K->626610K(889212K), 0.0056700 secs] [Times: user=0.04 sys=0.00, real=0.00 secs] 
199.670: Total time for which application threads were stopped: 0.0058020 seconds, Stopping threads took: 0.0000590 seconds
199.684: Application time: 0.0133720 seconds
199.684: [GC199.684: [ParNew: 36393K->3570K(37568K), 0.0027700 secs] 659398K->629458K(889212K), 0.0028150 secs] [Times: user=0.02 sys=0.00, real=0.00 secs] 
199.687: Total time for which application threads were stopped: 0.0031350 seconds, Stopping threads took: 0.0002450 seconds
199.698: Application time: 0.0107840 seconds
199.698: [GC199.698: [ParNew: 36366K->3573K(37568K), 0.0037060 secs] 662253K->635873K(889212K), 0.0037490 secs] [Times: user=0.03 sys=0.00, real=0.00 secs] 
199.702: Total time for which application threads were stopped: 0.0039240 seconds, Stopping threads took: 0.0001010 seconds
199.715: Application time: 0.0129130 seconds
199.715: [GC199.715: [ParNew: 36370K->3571K(37568K), 0.0028730 secs] 668671K->638722K(889212K), 0.0029130 secs] [Times: user=0.02 sys=0.00, real=0.01 secs] 
199.718: Total time for which application threads were stopped: 0.0030820 seconds, Stopping threads took: 0.0000950 seconds
199.732: Application time: 0.0145170 seconds
199.732: [GC199.732: [ParNew: 36363K->2149K(37568K), 0.0017800 secs] 671514K->638726K(889212K), 0.0018170 secs] [Times: user=0.02 sys=0.00, real=0.00 secs] 
199.734: Total time for which application threads were stopped: 0.0019820 seconds, Stopping threads took: 0.0000810 seconds
199.848: Application time: 0.1139010 seconds
199.848: [GC199.848: [ParNew: 34944K->3562K(37568K), 0.0055990 secs] 671521K->653679K(889212K), 0.0056430 secs] [Times: user=0.04 sys=0.00, real=0.00 secs] 
199.854: Total time for which application threads were stopped: 0.0057810 seconds, Stopping threads took: 0.0000660 seconds
199.955: Application time: 0.1010300 seconds
199.955: [GC199.955: [ParNew: 36357K->3562K(37568K), 0.0051650 secs] 686474K->665793K(889212K), 0.0052080 secs] [Times: user=0.04 sys=0.00, real=0.00 secs] 
199.960: Total time for which application threads were stopped: 0.0053540 seconds, Stopping threads took: 0.0000730 seconds
200.088: Application time: 0.1274930 seconds
200.088: [GC200.088: [ParNew: 36356K->3562K(37568K), 0.0051700 secs] 698587K->677906K(889212K), 0.0052210 secs] [Times: user=0.04 sys=0.00, real=0.00 secs] 
200.093: Total time for which application threads were stopped: 0.0053760 seconds, Stopping threads took: 0.0000820 seconds
200.195: Application time: 0.1021680 seconds
200.195: [GC200.195: [ParNew: 36356K->3564K(37568K), 0.0051880 secs] 710700K->690022K(889212K), 0.0052290 secs] [Times: user=0.04 sys=0.00, real=0.00 secs] 
200.201: Total time for which application threads were stopped: 0.0053740 seconds, Stopping threads took: 0.0000720 seconds
200.315: Application time: 0.1142950 seconds
200.315: [GC200.315: [ParNew: 36357K->3564K(37568K), 0.0051930 secs] 722815K->702135K(889212K), 0.0052400 secs] [Times: user=0.04 sys=0.00, real=0.00 secs] 
200.320: Total time for which application threads were stopped: 0.0054150 seconds, Stopping threads took: 0.0000870 seconds
200.395: Application time: 0.0749680 seconds
200.396: [GC200.396: [ParNew: 36392K->3602K(37568K), 0.0055760 secs] 734963K->714998K(889212K), 0.0056190 secs] [Times: user=0.04 sys=0.00, real=0.00 secs] 
200.401: Total time for which application threads were stopped: 0.0058180 seconds, Stopping threads took: 0.0001240 seconds
200.414: Application time: 0.0131870 seconds
200.415: [GC200.415: [ParNew: 36386K->2145K(37568K), 0.0024840 secs] 747782K->716420K(889212K), 0.0025240 secs] [Times: user=0.02 sys=0.00, real=0.01 secs] 
200.417: Total time for which application threads were stopped: 0.0026960 seconds, Stopping threads took: 0.0000970 seconds
200.430: Application time: 0.0130990 seconds
200.431: [GC200.431: [ParNew: 34936K->3576K(37568K), 0.0021250 secs] 749211K->718564K(889212K), 0.0021660 secs] [Times: user=0.01 sys=0.00, real=0.00 secs] 
200.433: Total time for which application threads were stopped: 0.0029410 seconds, Stopping threads took: 0.0007010 seconds
200.444: Application time: 0.0105030 seconds
200.444: [GC200.444: [ParNew: 36353K->3616K(37568K), 0.0026730 secs] 751340K->720741K(889212K), 0.0027160 secs] [Times: user=0.02 sys=0.00, real=0.00 secs] 
200.446: Total time for which application threads were stopped: 0.0028690 seconds, Stopping threads took: 0.0000770 seconds
200.455: Application time: 0.0082670 seconds
200.456: [GC200.456: [ParNew: 36461K->2149K(37568K), 0.0021070 secs] 753586K->721440K(889212K), 0.0021470 secs] [Times: user=0.02 sys=0.00, real=0.00 secs] 
200.458: Total time for which application threads were stopped: 0.0030530 seconds, Stopping threads took: 0.0008140 seconds
200.470: Application time: 0.0118260 seconds
200.470: [GC200.470: [ParNew: 34939K->3566K(37568K), 0.0034080 secs] 754230K->727846K(889212K), 0.0034500 secs] [Times: user=0.03 sys=0.00, real=0.00 secs] 
200.473: Total time for which application threads were stopped: 0.0036290 seconds, Stopping threads took: 0.0001040 seconds
200.486: Application time: 0.0122950 seconds
200.486: [GC200.486: [ParNew: 36355K->3570K(37568K), 0.0028970 secs] 760635K->730700K(889212K), 0.0029410 secs] [Times: user=0.02 sys=0.00, real=0.00 secs] 
200.489: Total time for which application threads were stopped: 0.0031040 seconds, Stopping threads took: 0.0000900 seconds
200.500: Application time: 0.0117840 seconds
200.501: [GC200.501: [ParNew: 36364K->3573K(37568K), 0.0028610 secs] 763494K->733553K(889212K), 0.0029030 secs] [Times: user=0.02 sys=0.00, real=0.01 secs] 
200.504: Total time for which application threads were stopped: 0.0030650 seconds, Stopping threads took: 0.0000880 seconds
200.547: Application time: 0.0437460 seconds
200.547: [GC200.547: [ParNew: 36369K->3574K(37568K), 0.0033070 secs] 766349K->739255K(889212K), 0.0033500 secs] [Times: user=0.03 sys=0.00, real=0.00 secs] 
200.551: Total time for which application threads were stopped: 0.0034760 seconds, Stopping threads took: 0.0000560 seconds
200.592: Application time: 0.0408000 seconds
200.592: [GC200.592: [ParNew: 36948K->3641K(37568K), 0.0045570 secs] 772629K->748585K(889212K), 0.0046080 secs] [Times: user=0.03 sys=0.00, real=0.01 secs] 
200.596: Total time for which application threads were stopped: 0.0047560 seconds, Stopping threads took: 0.0000740 seconds
200.607: Application time: 0.0104450 seconds
200.607: [GC200.607: [ParNew: 36679K->2860K(37568K), 0.0028620 secs] 781623K->751423K(889212K), 0.0029010 secs] [Times: user=0.02 sys=0.00, real=0.00 secs] 
200.610: Total time for which application threads were stopped: 0.0030500 seconds, Stopping threads took: 0.0000780 seconds
200.619: Application time: 0.0089530 seconds
200.619: [GC200.619: [ParNew: 35577K->2188K(37568K), 0.0017150 secs] 784141K->751465K(889212K), 0.0017520 secs] [Times: user=0.01 sys=0.00, real=0.00 secs] 
200.621: Total time for which application threads were stopped: 0.0021930 seconds, Stopping threads took: 0.0003690 seconds
200.629: Application time: 0.0081790 seconds
200.629: [GC200.629: [ParNew: 35029K->3574K(37568K), 0.0024070 secs] 784306K->754306K(889212K), 0.0024500 secs] [Times: user=0.02 sys=0.00, real=0.00 secs] 
200.632: Total time for which application threads were stopped: 0.0027050 seconds, Stopping threads took: 0.0001810 seconds
200.639: Application time: 0.0075180 seconds
200.640: [GC200.640: [ParNew: 36358K->2139K(37568K), 0.0017580 secs] 787090K->753585K(889212K), 0.0017980 secs] [Times: user=0.01 sys=0.00, real=0.00 secs] 
200.642: Total time for which application threads were stopped: 0.0026220 seconds, Stopping threads took: 0.0007500 seconds
200.650: Application time: 0.0076400 seconds
200.651: [GC200.651: [ParNew: 34941K->3574K(37568K), 0.0028790 secs] 786387K->757871K(889212K), 0.0029250 secs] [Times: user=0.01 sys=0.00, real=0.00 secs] 
200.654: Total time for which application threads were stopped: 0.0039140 seconds, Stopping threads took: 0.0009110 seconds
200.661: Application time: 0.0075770 seconds
200.662: [GC200.662: [ParNew: 36369K->3566K(37568K), 0.0037350 secs] 790665K->764277K(889212K), 0.0037790 secs] [Times: user=0.02 sys=0.00, real=0.01 secs] 
200.666: Total time for which application threads were stopped: 0.0043600 seconds, Stopping threads took: 0.0005040 seconds
200.666: Application time: 0.0001150 seconds
200.667: [GC [1 CMS-initial-mark: 760711K(851644K)] 764990K(889212K), 0.0001590 secs] [Times: user=0.00 sys=0.00, real=0.00 secs] 
200.667: Total time for which application threads were stopped: 0.0012520 seconds, Stopping threads took: 0.0010430 seconds
200.667: [CMS-concurrent-mark-start]
200.674: [CMS-concurrent-mark: 0.007/0.007 secs] [Times: user=0.04 sys=0.00, real=0.00 secs] 
200.674: [CMS-concurrent-preclean-start]
200.676: [CMS-concurrent-preclean: 0.002/0.002 secs] [Times: user=0.02 sys=0.00, real=0.01 secs] 
200.676: [CMS-concurrent-abortable-preclean-start]
200.678: Application time: 0.0109870 seconds
200.678: [GC200.678: [ParNew: 36391K->3606K(37568K), 0.0028140 secs] 797102K->767168K(889212K), 0.0028540 secs] [Times: user=0.02 sys=0.00, real=0.00 secs] 
200.681: Total time for which application threads were stopped: 0.0030300 seconds, Stopping threads took: 0.0000840 seconds
200.689: Application time: 0.0083470 seconds
200.690: [GC200.690: [ParNew: 36403K->2862K(37568K), 0.0027170 secs] 799965K->769303K(889212K), 0.0027570 secs] [Times: user=0.02 sys=0.00, real=0.00 secs] 
200.693: Total time for which application threads were stopped: 0.0038180 seconds, Stopping threads took: 0.0009880 seconds
200.701: Application time: 0.0076810 seconds
200.702: [GC200.702: [ParNew: 35657K->3573K(37568K), 0.0027360 secs] 802099K->772865K(889212K), 0.0027800 secs] [Times: user=0.03 sys=0.00, real=0.01 secs] 
200.705: Total time for which application threads were stopped: 0.0039010 seconds, Stopping threads took: 0.0010350 seconds
200.713: Application time: 0.0079300 seconds
200.713: [GC200.713: [ParNew: 36363K->3568K(37568K), 0.0024340 secs] 805656K->774288K(889212K), 0.0024760 secs] [Times: user=0.02 sys=0.00, real=0.01 secs] 
200.715: Total time for which application threads were stopped: 0.0027500 seconds, Stopping threads took: 0.0002010 seconds
200.723: Application time: 0.0076900 seconds
200.723: [GC200.723: [ParNew: 36357K->2153K(37568K), 0.0015790 secs] 807077K->773586K(889212K), 0.0016230 secs] [Times: user=0.01 sys=0.00, real=0.00 secs] 
200.725: Total time for which application threads were stopped: 0.0017960 seconds, Stopping threads took: 0.0001060 seconds
200.735: Application time: 0.0103200 seconds
200.736: [GC200.736: [ParNew: 34956K->3578K(37568K), 0.0023390 secs] 806389K->776436K(889212K), 0.0023800 secs] [Times: user=0.02 sys=0.00, real=0.00 secs] 
200.738: Total time for which application threads were stopped: 0.0031830 seconds, Stopping threads took: 0.0007280 seconds
200.747: Application time: 0.0090800 seconds
200.748: [GC200.748: [ParNew: 36363K->2850K(37568K), 0.0024630 secs] 809221K->777848K(889212K), 0.0025010 secs] [Times: user=0.02 sys=0.00, real=0.00 secs] 
200.750: Total time for which application threads were stopped: 0.0026920 seconds, Stopping threads took: 0.0001180 seconds
200.759: Application time: 0.0092050 seconds
200.760: [GC200.760: [ParNew: 35646K->3573K(37568K), 0.0025050 secs] 810644K->779996K(889212K), 0.0025460 secs] [Times: user=0.02 sys=0.00, real=0.00 secs] 
200.762: Total time for which application threads were stopped: 0.0027660 seconds, Stopping threads took: 0.0001270 seconds
200.770: Application time: 0.0075920 seconds
200.770: [GC200.770: [ParNew: 36373K->3572K(37568K), 0.0034110 secs] 812796K->785697K(889212K), 0.0034540 secs] [Times: user=0.02 sys=0.00, real=0.00 secs] 
200.773: Total time for which application threads were stopped: 0.0036180 seconds, Stopping threads took: 0.0000910 seconds
200.804: Application time: 0.0302300 seconds
200.804: [GC200.804: [ParNew: 36398K->3604K(37568K), 0.0036540 secs] 818523K->791431K(889212K), 0.0036990 secs] [Times: user=0.03 sys=0.00, real=0.00 secs] 
200.807: Total time for which application threads were stopped: 0.0038720 seconds, Stopping threads took: 0.0000980 seconds
200.822: Application time: 0.0147510 seconds
200.822: [GC200.822: [ParNew: 36400K->3574K(37568K), 0.0025400 secs] 824227K->793568K(889212K), 0.0025820 secs] [Times: user=0.02 sys=0.00, real=0.01 secs] 
200.825: Total time for which application threads were stopped: 0.0027600 seconds, Stopping threads took: 0.0000930 seconds
200.845: Application time: 0.0201760 seconds
200.845: [GC200.845: [ParNew: 36367K->2145K(37568K), 0.0023690 secs] 826360K->794989K(889212K), 0.0024100 secs] [Times: user=0.01 sys=0.00, real=0.00 secs] 
200.848: Total time for which application threads were stopped: 0.0025830 seconds, Stopping threads took: 0.0000970 seconds
200.856: Application time: 0.0078790 seconds
200.856: [GC200.856: [ParNew: 34931K->3562K(37568K), 0.0025630 secs] 827775K->798544K(889212K), 0.0026040 secs] [Times: user=0.02 sys=0.00, real=0.00 secs] 
200.858: Total time for which application threads were stopped: 0.0027780 seconds, Stopping threads took: 0.0001000 seconds
200.968: Application time: 0.1092450 seconds
200.968: [GC200.968: [ParNew: 36363K->3576K(37568K), 0.0053570 secs] 831345K->811384K(889212K), 0.0053970 secs] [Times: user=0.04 sys=0.00, real=0.00 secs] 
200.973: Total time for which application threads were stopped: 0.0055500 seconds, Stopping threads took: 0.0000850 seconds
200.973: [CMS-concurrent-abortable-preclean: 0.031/0.297 secs] [Times: user=2.29 sys=0.00, real=0.29 secs] 
200.973: Application time: 0.0000840 seconds
200.973: [GC[YG occupancy: 4289 K (37568 K)]200.973: [Rescan (parallel) , 0.0002880 secs]200.974: [weak refs processing, 0.0000050 secs]200.974: [scrub string table, 0.0001180 secs] [1 CMS-remark: 807807K(851644K)] 812096K(889212K), 0.0004320 secs] [Times: user=0.00 sys=0.00, real=0.00 secs] 
200.974: Total time for which application threads were stopped: 0.0005920 seconds, Stopping threads took: 0.0001320 seconds
200.974: [CMS-concurrent-sweep-start]
200.975: [CMS-concurrent-sweep: 0.001/0.001 secs] [Times: user=0.01 sys=0.00, real=0.01 secs] 
200.975: [CMS-concurrent-reset-start]
200.977: [CMS-concurrent-reset: 0.002/0.002 secs] [Times: user=0.00 sys=0.00, real=0.00 secs] 
201.129: Application time: 0.1555000 seconds
201.129: [GC201.129: [ParNew: 36368K->3562K(37568K), 0.0052090 secs] 104773K->84794K(889212K), 0.0052510 secs] [Times: user=0.05 sys=0.00, real=0.00 secs] 
201.135: Total time for which application threads were stopped: 0.0053780 seconds, Stopping threads took: 0.0000630 seconds
201.289: Application time: 0.1543250 seconds
201.289: [GC201.289: [ParNew: 36354K->3564K(37568K), 0.0050080 secs] 117586K->96908K(889212K), 0.0050480 secs] [Times: user=0.04 sys=0.00, real=0.00 secs] 
201.294: Total time for which application threads were stopped: 0.0051730 seconds, Stopping threads took: 0.0000590 seconds
201.429: Application time: 0.1343870 seconds
201.429: [GC201.429: [ParNew: 36356K->3562K(37568K), 0.0049900 secs] 129700K->109019K(889212K), 0.0050330 secs] [Times: user=0.04 sys=0.00, real=0.00 secs] 
201.434: Total time for which application threads were stopped: 0.0051890 seconds, Stopping threads took: 0.0000810 seconds
201.578: Application time: 0.1439900 seconds
201.578: [GC201.578: [ParNew: 36367K->3570K(37568K), 0.0052700 secs] 141824K->121853K(889212K), 0.0053130 secs] [Times: user=0.04 sys=0.00, real=0.01 secs] 
201.583: Total time for which application threads were stopped: 0.0054620 seconds, Stopping threads took: 0.0000830 seconds
201.699: Application time: 0.1154110 seconds
201.699: [GC201.699: [ParNew: 36391K->3574K(37568K), 0.0054650 secs] 154674K->135396K(889212K), 0.0055050 secs] [Times: user=0.04 sys=0.01, real=0.01 secs] 
201.704: Total time for which application threads were stopped: 0.0056470 seconds, Stopping threads took: 0.0000690 seconds
201.851: Application time: 0.1462890 seconds
201.851: [GC201.851: [ParNew: 36381K->3568K(37568K), 0.0053140 secs] 168203K->148219K(889212K), 0.0053570 secs] [Times: user=0.04 sys=0.00, real=0.01 secs] 
201.856: Total time for which application threads were stopped: 0.0055000 seconds, Stopping threads took: 0.0000700 seconds
202.008: Application time: 0.1521140 seconds
202.008: [GC202.008: [ParNew: 36360K->3562K(37568K), 0.0050850 secs] 181011K->160327K(889212K), 0.0051270 secs] [Times: user=0.04 sys=0.00, real=0.00 secs] 
202.014: Total time for which application threads were stopped: 0.0052970 seconds, Stopping threads took: 0.0000870 seconds
202.153: Application time: 0.1394220 seconds
202.153: [GC202.153: [ParNew: 36354K->3564K(37568K), 0.0050740 secs] 193119K->172442K(889212K), 0.0051150 secs] [Times: user=0.04 sys=0.00, real=0.01 secs] 
202.158: Total time for which application threads were stopped: 0.0052450 seconds, Stopping threads took: 0.0000590 seconds
202.284: Application time: 0.1259920 seconds
202.284: [GC202.284: [ParNew: 36356K->3562K(37568K), 0.0053150 secs] 205234K->185265K(889212K), 0.0053620 secs] [Times: user=0.04 sys=0.00, real=0.00 secs] 
202.290: Total time for which application threads were stopped: 0.0054990 seconds, Stopping threads took: 0.0000650 seconds
202.437: Application time: 0.1475130 seconds
202.437: [GC202.437: [ParNew: 36355K->3562K(37568K), 0.0050730 secs] 218058K->197378K(889212K), 0.0051170 secs] [Times: user=0.04 sys=0.00, real=0.00 secs] 
202.442: Total time for which application threads were stopped: 0.0052550 seconds, Stopping threads took: 0.0000700 seconds
202.577: Application time: 0.1344420 seconds
202.577: [GC202.577: [ParNew: 36380K->3576K(37568K), 0.0054940 secs] 230196K->210930K(889212K), 0.0055360 secs] [Times: user=0.04 sys=0.00, real=0.00 secs] 
202.583: Total time for which application threads were stopped: 0.0057370 seconds, Stopping threads took: 0.0001130 seconds
202.672: Application time: 0.0894610 seconds
202.672: [GC202.672: [ParNew: 36401K->3576K(37568K), 0.0055780 secs] 243755K->224471K(889212K), 0.0056230 secs] [Times: user=0.04 sys=0.00, real=0.01 secs] 
202.678: Total time for which application threads were stopped: 0.0057960 seconds, Stopping threads took: 0.0001020 seconds
202.817: Application time: 0.1390870 seconds
202.817: [GC202.817: [ParNew: 36378K->3576K(37568K), 0.0052530 secs] 257273K->237301K(889212K), 0.0052970 secs] [Times: user=0.04 sys=0.00, real=0.00 secs] 
202.823: Total time for which application threads were stopped: 0.0055610 seconds, Stopping threads took: 0.0001840 seconds
202.909: Application time: 0.0868050 seconds
202.909: [GC202.910: [ParNew: 36370K->3562K(37568K), 0.0053750 secs] 270094K->250114K(889212K), 0.0054170 secs] [Times: user=0.04 sys=0.00, real=0.01 secs] 
202.915: Total time for which application threads were stopped: 0.0055860 seconds, Stopping threads took: 0.0000950 seconds
203.033: Application time: 0.1179670 seconds
203.033: [GC203.033: [ParNew: 36356K->3564K(37568K), 0.0050310 secs] 282907K->262229K(889212K), 0.0050680 secs] [Times: user=0.04 sys=0.00, real=0.01 secs] 
203.038: Total time for which application threads were stopped: 0.0051890 seconds, Stopping threads took: 0.0000570 seconds
203.146: Application time: 0.1082870 seconds
203.147: [GC203.147: [ParNew: 36358K->3562K(37568K), 0.0060350 secs] 295023K->275053K(889212K), 0.0060760 secs] [Times: user=0.05 sys=0.00, real=0.00 secs] 
203.153: Total time for which application threads were stopped: 0.0062320 seconds, Stopping threads took: 0.0000730 seconds
203.243: Application time: 0.0902980 seconds
203.243: [GC203.243: [ParNew: 36357K->3564K(37568K), 0.0051740 secs] 307848K->287169K(889212K), 0.0052170 secs] [Times: user=0.04 sys=0.00, real=0.00 secs] 
203.248: Total time for which application threads were stopped: 0.0053610 seconds, Stopping threads took: 0.0000720 seconds
203.373: Application time: 0.1246090 seconds
203.373: [GC203.373: [ParNew: 36366K->3577K(37568K), 0.0055700 secs] 319971K->300008K(889212K), 0.0056130 secs] [Times: user=0.04 sys=0.00, real=0.01 secs] 
203.379: Total time for which application threads were stopped: 0.0057460 seconds, Stopping threads took: 0.0000600 seconds
203.481: Application time: 0.1021820 seconds
203.481: [GC203.481: [ParNew: 36385K->3575K(37568K), 0.0051350 secs] 332816K->312121K(889212K), 0.0051770 secs] [Times: user=0.04 sys=0.00, real=0.01 secs] 
203.486: Total time for which application threads were stopped: 0.0053010 seconds, Stopping threads took: 0.0000580 seconds
203.595: Application time: 0.1091100 seconds
203.595: [GC203.595: [ParNew: 36376K->3566K(37568K), 0.0054440 secs] 344923K->324941K(889212K), 0.0054850 secs] [Times: user=0.04 sys=0.00, real=0.00 secs] 
203.601: Total time for which application threads were stopped: 0.0056230 seconds, Stopping threads took: 0.0000670 seconds
203.672: Application time: 0.0710880 seconds
203.672: [GC203.672: [ParNew: 36414K->3607K(37568K), 0.0052260 secs] 357788K->337096K(889212K), 0.0052720 secs] [Times: user=0.03 sys=0.00, real=0.01 secs] 
203.677: Total time for which application threads were stopped: 0.0054480 seconds, Stopping threads took: 0.0000940 seconds
203.689: Application time: 0.0113210 seconds
203.689: [GC203.689: [ParNew: 36395K->3570K(37568K), 0.0035030 secs] 369885K->342079K(889212K), 0.0035450 secs] [Times: user=0.02 sys=0.00, real=0.00 secs] 
203.692: Total time for which application threads were stopped: 0.0037530 seconds, Stopping threads took: 0.0001330 seconds
203.706: Application time: 0.0139200 seconds
203.707: [GC203.707: [ParNew: 36358K->1435K(37568K), 0.0020180 secs] 374867K->342081K(889212K), 0.0020550 secs] [Times: user=0.01 sys=0.00, real=0.00 secs] 
203.709: Total time for which application threads were stopped: 0.0022190 seconds, Stopping threads took: 0.0000880 seconds
203.719: Application time: 0.0106000 seconds
203.719: [GC203.719: [ParNew: 34229K->3573K(37568K), 0.0021940 secs] 374876K->344932K(889212K), 0.0022350 secs] [Times: user=0.02 sys=0.00, real=0.00 secs] 
203.722: Total time for which application threads were stopped: 0.0024140 seconds, Stopping threads took: 0.0001040 seconds
203.764: Application time: 0.0419940 seconds
203.764: [GC203.764: [ParNew: 36373K->3572K(37568K), 0.0043370 secs] 377733K->354195K(889212K), 0.0043800 secs] [Times: user=0.03 sys=0.00, real=0.00 secs] 
203.768: Total time for which application threads were stopped: 0.0045640 seconds, Stopping threads took: 0.0001110 seconds
203.880: Application time: 0.1122830 seconds
203.881: [GC203.881: [ParNew: 36367K->3564K(37568K), 0.0051250 secs] 386990K->366302K(889212K), 0.0051770 secs] [Times: user=0.03 sys=0.00, real=0.01 secs] 
203.886: Total time for which application threads were stopped: 0.0053090 seconds, Stopping threads took: 0.0000680 seconds
203.992: Application time: 0.1061590 seconds
203.992: [GC203.992: [ParNew: 36358K->3562K(37568K), 0.0051310 secs] 399096K->378413K(889212K), 0.0051730 secs] [Times: user=0.04 sys=0.00, real=0.01 secs] 
203.997: Total time for which application threads were stopped: 0.0053430 seconds, Stopping threads took: 0.0000970 seconds
204.132: Application time: 0.1349330 seconds
204.132: [GC204.132: [ParNew: 36356K->3562K(37568K), 0.0050770 secs] 411207K->390527K(889212K), 0.0051200 secs] [Times: user=0.03 sys=0.00, real=0.01 secs] 
204.138: Total time for which application threads were stopped: 0.0052630 seconds, Stopping threads took: 0.0000780 seconds
204.243: Application time: 0.1052330 seconds
204.243: [GC204.243: [ParNew: 36355K->3562K(37568K), 0.0045700 secs] 423320K->401215K(889212K), 0.0046120 secs] [Times: user=0.03 sys=0.00, real=0.00 secs] 
204.248: Total time for which application threads were stopped: 0.0047980 seconds, Stopping threads took: 0.0001040 seconds
204.310: Application time: 0.0627150 seconds
204.310: [GC204.310: [ParNew: 36390K->3602K(37568K), 0.0053380 secs] 434042K->413368K(889212K), 0.0053810 secs] [Times: user=0.04 sys=0.00, real=0.01 secs] 
204.316: Total time for which application threads were stopped: 0.0055610 seconds, Stopping threads took: 0.0001050 seconds
204.328: Application time: 0.0118410 seconds
204.328: [GC204.328: [ParNew: 36388K->3570K(37568K), 0.0028770 secs] 446154K->416214K(889212K), 0.0029170 secs] [Times: user=0.02 sys=0.00, real=0.00 secs] 
204.331: Total time for which application threads were stopped: 0.0030990 seconds, Stopping threads took: 0.0001080 seconds
204.347: Application time: 0.0158400 seconds
204.347: [GC204.347: [ParNew: 36823K->3609K(37568K), 0.0029850 secs] 449468K->419816K(889212K), 0.0030270 secs] [Times: user=0.02 sys=0.00, real=0.00 secs] 
204.350: Total time for which application threads were stopped: 0.0031810 seconds, Stopping threads took: 0.0000790 seconds
204.361: Application time: 0.0112350 seconds
204.361: [GC204.361: [ParNew: 36690K->2862K(37568K), 0.0025900 secs] 452896K->421948K(889212K), 0.0026320 secs] [Times: user=0.02 sys=0.00, real=0.01 secs] 
204.364: Total time for which application threads were stopped: 0.0028140 seconds, Stopping threads took: 0.0001090 seconds
204.371: Application time: 0.0070180 seconds
204.371: [GC204.371: [ParNew: 35646K->3562K(37568K), 0.0026430 secs] 454731K->424787K(889212K), 0.0026850 secs] [Times: user=0.02 sys=0.00, real=0.00 secs] 
204.374: Total time for which application threads were stopped: 0.0030000 seconds, Stopping threads took: 0.0002390 seconds
204.385: Application time: 0.0109990 seconds
204.385: [GC204.385: [ParNew: 36357K->3574K(37568K), 0.0026450 secs] 457582K->426937K(889212K), 0.0026890 secs] [Times: user=0.02 sys=0.00, real=0.00 secs] 
204.388: Total time for which application threads were stopped: 0.0028600 seconds, Stopping threads took: 0.0000950 seconds
204.401: Application time: 0.0128700 seconds
204.401: [GC204.401: [ParNew: 36364K->3570K(37568K), 0.0024910 secs] 459726K->428359K(889212K), 0.0025340 secs] [Times: user=0.02 sys=0.00, real=0.01 secs] 
204.403: Total time for which application threads were stopped: 0.0026880 seconds, Stopping threads took: 0.0000810 seconds
204.414: Application time: 0.0106800 seconds
204.414: [GC204.414: [ParNew: 36364K->2856K(37568K), 0.0025620 secs] 461153K->430495K(889212K), 0.0026060 secs] [Times: user=0.02 sys=0.00, real=0.01 secs] 
204.417: Total time for which application threads were stopped: 0.0030270 seconds, Stopping threads took: 0.0003480 seconds
204.466: Application time: 0.0485280 seconds
204.466: [GC204.466: [ParNew: 35656K->3570K(37568K), 0.0045260 secs] 463295K->441185K(889212K), 0.0045680 secs] [Times: user=0.04 sys=0.00, real=0.00 secs] 
204.470: Total time for which application threads were stopped: 0.0047010 seconds, Stopping threads took: 0.0000610 seconds
204.525: Application time: 0.0543580 seconds
204.525: [GC204.525: [ParNew: 36396K->3602K(37568K), 0.0051470 secs] 474010K->452618K(889212K), 0.0051980 secs] [Times: user=0.04 sys=0.00, real=0.00 secs] 
204.530: Total time for which application threads were stopped: 0.0053680 seconds, Stopping threads took: 0.0000980 seconds
204.542: Application time: 0.0117400 seconds
204.542: [GC204.542: [ParNew: 36388K->1435K(37568K), 0.0024480 secs] 485404K->454042K(889212K), 0.0024910 secs] [Times: user=0.01 sys=0.00, real=0.01 secs] 
204.544: Total time for which application threads were stopped: 0.0026550 seconds, Stopping threads took: 0.0000890 seconds
204.559: Application time: 0.0147380 seconds
204.559: [GC204.559: [ParNew: 34225K->3574K(37568K), 0.0021770 secs] 486832K->456894K(889212K), 0.0022150 secs] [Times: user=0.02 sys=0.00, real=0.00 secs] 
204.562: Total time for which application threads were stopped: 0.0024080 seconds, Stopping threads took: 0.0001160 seconds
204.571: Application time: 0.0099540 seconds
204.572: [GC204.572: [ParNew: 36370K->3572K(37568K), 0.0031600 secs] 489689K->461167K(889212K), 0.0032110 secs] [Times: user=0.02 sys=0.00, real=0.01 secs] 
204.575: Total time for which application threads were stopped: 0.0033550 seconds, Stopping threads took: 0.0000660 seconds
204.629: Application time: 0.0541450 seconds
204.629: [GC204.629: [ParNew: 36403K->3606K(37568K), 0.0045400 secs] 493998K->470464K(889212K), 0.0045830 secs] [Times: user=0.04 sys=0.00, real=0.00 secs] 
204.634: Total time for which application threads were stopped: 0.0047230 seconds, Stopping threads took: 0.0000660 seconds
204.648: Application time: 0.0138730 seconds
204.648: [GC204.648: [ParNew: 36849K->2184K(37568K), 0.0022470 secs] 503706K->471921K(889212K), 0.0022880 secs] [Times: user=0.02 sys=0.00, real=0.00 secs] 
204.651: Total time for which application threads were stopped: 0.0030530 seconds, Stopping threads took: 0.0006720 seconds
204.662: Application time: 0.0109860 seconds
204.663: [GC204.663: [ParNew: 35297K->3600K(37568K), 0.0027750 secs] 505035K->476216K(889212K), 0.0028180 secs] [Times: user=0.02 sys=0.00, real=0.01 secs] 
204.665: Total time for which application threads were stopped: 0.0038580 seconds, Stopping threads took: 0.0009630 seconds
204.674: Application time: 0.0087210 seconds
204.674: [GC204.674: [ParNew: 36393K->3574K(37568K), 0.0031380 secs] 509009K->480496K(889212K), 0.0031820 secs] [Times: user=0.02 sys=0.00, real=0.01 secs] 
204.678: Total time for which application threads were stopped: 0.0034020 seconds, Stopping threads took: 0.0001470 seconds
204.686: Application time: 0.0082610 seconds
204.686: [GC204.686: [ParNew: 36367K->3574K(37568K), 0.0025940 secs] 513288K->482634K(889212K), 0.0026340 secs] [Times: user=0.02 sys=0.00, real=0.00 secs] 
204.689: Total time for which application threads were stopped: 0.0029890 seconds, Stopping threads took: 0.0002820 seconds
204.696: Application time: 0.0075440 seconds
204.697: [GC204.697: [ParNew: 36371K->3573K(37568K), 0.0023130 secs] 515431K->484058K(889212K), 0.0023550 secs] [Times: user=0.02 sys=0.00, real=0.00 secs] 
204.699: Total time for which application threads were stopped: 0.0027400 seconds, Stopping threads took: 0.0003130 seconds
204.706: Application time: 0.0072970 seconds
204.707: [GC204.707: [ParNew: 36362K->3570K(37568K), 0.0025770 secs] 516848K->486195K(889212K), 0.0026210 secs] [Times: user=0.01 sys=0.00, real=0.00 secs] 
204.709: Total time for which application threads were stopped: 0.0027920 seconds, Stopping threads took: 0.0000970 seconds
204.717: Application time: 0.0074460 seconds
204.717: [GC204.717: [ParNew: 36361K->2860K(37568K), 0.0015660 secs] 518986K->485485K(889212K), 0.0016020 secs] [Times: user=0.01 sys=0.00, real=0.00 secs] 
204.719: Total time for which application threads were stopped: 0.0024080 seconds, Stopping threads took: 0.0007340 seconds
204.728: Application time: 0.0090360 seconds
204.728: [GC204.728: [ParNew: 35662K->3574K(37568K), 0.0025030 secs] 518288K->488339K(889212K), 0.0025540 secs] [Times: user=0.02 sys=0.00, real=0.00 secs] 
204.731: Total time for which application threads were stopped: 0.0027550 seconds, Stopping threads took: 0.0001260 seconds
204.741: Application time: 0.0096590 seconds
204.741: [GC204.741: [ParNew: 36282K->2185K(37568K), 0.0018710 secs] 521046K->488376K(889212K), 0.0019110 secs] [Times: user=0.02 sys=0.00, real=0.01 secs] 
204.743: Total time for which application threads were stopped: 0.0027960 seconds, Stopping threads took: 0.0008130 seconds
204.750: Application time: 0.0070050 seconds
204.752: [GC204.752: [ParNew: 35096K->3577K(37568K), 0.0024600 secs] 521287K->491935K(889212K), 0.0025000 secs] [Times: user=0.02 sys=0.00, real=0.00 secs] 
204.754: Total time for which application threads were stopped: 0.0037210 seconds, Stopping threads took: 0.0011260 seconds
204.762: Application time: 0.0075620 seconds
204.763: [GC204.763: [ParNew: 36362K->2139K(37568K), 0.0019080 secs] 524720K->491925K(889212K), 0.0019450 secs] [Times: user=0.01 sys=0.00, real=0.01 secs] 
204.764: Total time for which application threads were stopped: 0.0028360 seconds, Stopping threads took: 0.0008090 seconds
204.772: Application time: 0.0074500 seconds
204.772: [GC204.772: [ParNew: 34933K->3570K(37568K), 0.0028810 secs] 524719K->496206K(889212K), 0.0029240 secs] [Times: user=0.02 sys=0.00, real=0.01 secs] 
204.775: Total time for which application threads were stopped: 0.0034040 seconds, Stopping threads took: 0.0004050 seconds
204.784: Application time: 0.0085890 seconds
204.784: [GC204.784: [ParNew: 36369K->3576K(37568K), 0.0032410 secs] 529005K->500488K(889212K), 0.0032850 secs] [Times: user=0.03 sys=0.00, real=0.00 secs] 
204.787: Total time for which application threads were stopped: 0.0034870 seconds, Stopping threads took: 0.0001360 seconds
204.802: Application time: 0.0143770 seconds
204.802: [GC204.802: [ParNew: 36368K->3572K(37568K), 0.0027180 secs] 533280K->503335K(889212K), 0.0027600 secs] [Times: user=0.02 sys=0.00, real=0.01 secs] 
204.805: Total time for which application threads were stopped: 0.0029340 seconds, Stopping threads took: 0.0000980 seconds
204.815: Application time: 0.0102310 seconds
204.815: [GC204.815: [ParNew: 36366K->2858K(37568K), 0.0027270 secs] 536129K->505471K(889212K), 0.0027690 secs] [Times: user=0.02 sys=0.00, real=0.00 secs] 
204.818: Total time for which application threads were stopped: 0.0029310 seconds, Stopping threads took: 0.0000850 seconds
204.894: Application time: 0.0761990 seconds
204.894: [GC204.894: [ParNew: 35659K->3574K(37568K), 0.0055650 secs] 538272K->519012K(889212K), 0.0056060 secs] [Times: user=0.05 sys=0.00, real=0.01 secs] 
204.900: Total time for which application threads were stopped: 0.0057420 seconds, Stopping threads took: 0.0000690 seconds
205.047: Application time: 0.1473760 seconds
205.047: [GC205.047: [ParNew: 36366K->3562K(37568K), 0.0053530 secs] 551804K->531827K(889212K), 0.0053950 secs] [Times: user=0.04 sys=0.00, real=0.00 secs] 
205.053: Total time for which application threads were stopped: 0.0055430 seconds, Stopping threads took: 0.0000780 seconds
205.200: Application time: 0.1475290 seconds
205.200: [GC205.200: [ParNew: 36354K->3564K(37568K), 0.0053600 secs] 564619K->543941K(889212K), 0.0054030 secs] [Times: user=0.03 sys=0.00, real=0.01 secs] 
205.206: Total time for which application threads were stopped: 0.0055550 seconds, Stopping threads took: 0.0000800 seconds
205.351: Application time: 0.1449320 seconds
205.351: [GC205.351: [ParNew: 36356K->3562K(37568K), 0.0054100 secs] 576733K->556052K(889212K), 0.0054540 secs] [Times: user=0.05 sys=0.00, real=0.01 secs] 
205.356: Total time for which application threads were stopped: 0.0056020 seconds, Stopping threads took: 0.0000670 seconds
205.501: Application time: 0.1447420 seconds
205.501: [GC205.501: [ParNew: 36369K->3572K(37568K), 0.0055160 secs] 588859K->569600K(889212K), 0.0055610 secs] [Times: user=0.04 sys=0.00, real=0.01 secs] 
205.507: Total time for which application threads were stopped: 0.0056960 seconds, Stopping threads took: 0.0000650 seconds
205.668: Application time: 0.1609410 seconds
205.668: [GC205.668: [ParNew: 36370K->3570K(37568K), 0.0050840 secs] 602398K->581712K(889212K), 0.0051330 secs] [Times: user=0.04 sys=0.00, real=0.00 secs] 
205.673: Total time for which application threads were stopped: 0.0052680 seconds, Stopping threads took: 0.0000650 seconds
205.806: Application time: 0.1324820 seconds
205.806: [GC205.806: [ParNew: 36402K->3578K(37568K), 0.0060330 secs] 614544K->596684K(889212K), 0.0060770 secs] [Times: user=0.04 sys=0.00, real=0.00 secs] 
205.812: Total time for which application threads were stopped: 0.0062020 seconds, Stopping threads took: 0.0000570 seconds
205.921: Application time: 0.1096840 seconds
205.922: [GC205.922: [ParNew: 36370K->3562K(37568K), 0.0053740 secs] 629476K->609498K(889212K), 0.0054180 secs] [Times: user=0.05 sys=0.00, real=0.01 secs] 
205.927: Total time for which application threads were stopped: 0.0056120 seconds, Stopping threads took: 0.0001080 seconds
206.082: Application time: 0.1544670 seconds
206.082: [GC206.082: [ParNew: 36354K->3562K(37568K), 0.0052750 secs] 642290K->621610K(889212K), 0.0053190 secs] [Times: user=0.04 sys=0.00, real=0.01 secs] 
206.087: Total time for which application threads were stopped: 0.0054790 seconds, Stopping threads took: 0.0000860 seconds
206.242: Application time: 0.1552990 seconds
206.242: [GC206.242: [ParNew: 36354K->3564K(37568K), 0.0052380 secs] 654403K->633725K(889212K), 0.0052800 secs] [Times: user=0.03 sys=0.00, real=0.01 secs] 
206.248: Total time for which application threads were stopped: 0.0054450 seconds, Stopping threads took: 0.0001010 seconds
206.373: Application time: 0.1250840 seconds
206.373: [GC206.373: [ParNew: 36374K->3572K(37568K), 0.0049910 secs] 666535K->645846K(889212K), 0.0050350 secs] [Times: user=0.03 sys=0.00, real=0.01 secs] 
206.378: Total time for which application threads were stopped: 0.0051650 seconds, Stopping threads took: 0.0000590 seconds
206.501: Application time: 0.1230270 seconds
206.501: [GC206.501: [ParNew: 36365K->3562K(37568K), 0.0052340 secs] 678639K->657951K(889212K), 0.0052780 secs] [Times: user=0.04 sys=0.00, real=0.01 secs] 
206.506: Total time for which application threads were stopped: 0.0054640 seconds, Stopping threads took: 0.0001020 seconds
206.649: Application time: 0.1426220 seconds
206.649: [GC206.649: [ParNew: 36389K->3576K(37568K), 0.0049540 secs] 690778K->670078K(889212K), 0.0049980 secs] [Times: user=0.04 sys=0.00, real=0.00 secs] 
206.654: Total time for which application threads were stopped: 0.0051310 seconds, Stopping threads took: 0.0000650 seconds
206.737: Application time: 0.0824270 seconds
206.737: [GC206.737: [ParNew: 36378K->3568K(37568K), 0.0051730 secs] 702880K->682187K(889212K), 0.0052210 secs] [Times: user=0.04 sys=0.00, real=0.00 secs] 
206.742: Total time for which application threads were stopped: 0.0053620 seconds, Stopping threads took: 0.0000680 seconds
206.854: Application time: 0.1121150 seconds
206.854: [GC206.854: [ParNew: 36370K->3570K(37568K), 0.0055570 secs] 714989K->695729K(889212K), 0.0056010 secs] [Times: user=0.05 sys=0.00, real=0.01 secs] 
206.860: Total time for which application threads were stopped: 0.0057420 seconds, Stopping threads took: 0.0000680 seconds
206.967: Application time: 0.1069390 seconds
206.967: [GC206.967: [ParNew: 36364K->3564K(37568K), 0.0051450 secs] 728522K->707837K(889212K), 0.0051860 secs] [Times: user=0.04 sys=0.00, real=0.00 secs] 
206.972: Total time for which application threads were stopped: 0.0053260 seconds, Stopping threads took: 0.0000690 seconds
207.091: Application time: 0.1185410 seconds
207.091: [GC207.091: [ParNew: 36358K->3562K(37568K), 0.0054990 secs] 740631K->720661K(889212K), 0.0055430 secs] [Times: user=0.04 sys=0.00, real=0.01 secs] 
207.096: Total time for which application threads were stopped: 0.0056990 seconds, Stopping threads took: 0.0000710 seconds
207.193: Application time: 0.0962700 seconds
207.193: [GC207.193: [ParNew: 36357K->3564K(37568K), 0.0051390 secs] 753456K->732777K(889212K), 0.0051820 secs] [Times: user=0.04 sys=0.00, real=0.01 secs] 
207.198: Total time for which application threads were stopped: 0.0053450 seconds, Stopping threads took: 0.0000840 seconds
207.324: Application time: 0.1260340 seconds
207.324: [GC207.324: [ParNew: 36365K->3568K(37568K), 0.0054280 secs] 765578K->745608K(889212K), 0.0054720 secs] [Times: user=0.04 sys=0.00, real=0.00 secs] 
207.330: Total time for which application threads were stopped: 0.0056100 seconds, Stopping threads took: 0.0000630 seconds
207.434: Application time: 0.1047630 seconds
207.435: [GC207.435: [ParNew: 36372K->3570K(37568K), 0.0053140 secs] 778411K->758437K(889212K), 0.0053610 secs] [Times: user=0.04 sys=0.01, real=0.01 secs] 
207.440: Total time for which application threads were stopped: 0.0055250 seconds, Stopping threads took: 0.0000900 seconds
207.542: Application time: 0.1024020 seconds
207.542: [GC207.543: [ParNew: 36372K->3570K(37568K), 0.0054530 secs] 791239K->771265K(889212K), 0.0054960 secs] [Times: user=0.05 sys=0.00, real=0.01 secs] 
207.548: Total time for which application threads were stopped: 0.0056470 seconds, Stopping threads took: 0.0000830 seconds
207.583: Application time: 0.0352330 seconds
207.583: [GC207.583: [ParNew: 36391K->3604K(37568K), 0.0039720 secs] 804085K->777713K(889212K), 0.0040170 secs] [Times: user=0.02 sys=0.00, real=0.00 secs] 
207.587: Total time for which application threads were stopped: 0.0041900 seconds, Stopping threads took: 0.0000970 seconds
207.599: Application time: 0.0114430 seconds
207.600: [GC207.600: [ParNew: 36399K->1435K(37568K), 0.0018540 secs] 810507K->777709K(889212K), 0.0018900 secs] [Times: user=0.01 sys=0.00, real=0.00 secs] 
207.602: Total time for which application threads were stopped: 0.0027670 seconds, Stopping threads took: 0.0007920 seconds
207.614: Application time: 0.0122480 seconds
207.614: [GC207.614: [ParNew: 34237K->3577K(37568K), 0.0031890 secs] 810512K->784127K(889212K), 0.0032360 secs] [Times: user=0.03 sys=0.00, real=0.01 secs] 
207.617: Total time for which application threads were stopped: 0.0034290 seconds, Stopping threads took: 0.0001170 seconds
207.627: Application time: 0.0097240 seconds
207.627: [GC207.627: [ParNew: 36368K->1431K(37568K), 0.0022850 secs] 816919K->784833K(889212K), 0.0023280 secs] [Times: user=0.01 sys=0.00, real=0.00 secs] 
207.630: Total time for which application threads were stopped: 0.0024780 seconds, Stopping threads took: 0.0000740 seconds
207.630: Application time: 0.0000490 seconds
207.630: [GC [1 CMS-initial-mark: 783402K(851644K)] 785546K(889212K), 0.0001380 secs] [Times: user=0.00 sys=0.00, real=0.00 secs] 
207.630: Total time for which application threads were stopped: 0.0003760 seconds, Stopping threads took: 0.0002140 seconds
207.630: [CMS-concurrent-mark-start]
207.635: [CMS-concurrent-mark: 0.005/0.005 secs] [Times: user=0.04 sys=0.00, real=0.01 secs] 
207.635: [CMS-concurrent-preclean-start]
207.636: [CMS-concurrent-preclean: 0.001/0.001 secs] [Times: user=0.01 sys=0.00, real=0.00 secs] 
207.637: Application time: 0.0065550 seconds
207.637: [GC[YG occupancy: 2858 K (37568 K)]207.637: [Rescan (parallel) , 0.0003120 secs]207.637: [weak refs processing, 0.0000060 secs]207.637: [scrub string table, 0.0001150 secs] [1 CMS-remark: 783402K(851644K)] 786260K(889212K), 0.0004580 secs] [Times: user=0.00 sys=0.00, real=0.00 secs] 
207.637: Total time for which application threads were stopped: 0.0006240 seconds, Stopping threads took: 0.0001380 seconds
207.637: [CMS-concurrent-sweep-start]
207.639: [CMS-concurrent-sweep: 0.002/0.002 secs] [Times: user=0.01 sys=0.00, real=0.00 secs] 
207.639: [CMS-concurrent-reset-start]
207.642: [CMS-concurrent-reset: 0.002/0.002 secs] [Times: user=0.00 sys=0.00, real=0.00 secs] 
207.702: Application time: 0.0646470 seconds
207.702: [GC207.702: [ParNew: 34247K->3574K(37568K), 0.0053490 secs] 60571K->42725K(889212K), 0.0053910 secs] [Times: user=0.04 sys=0.00, real=0.01 secs] 
207.707: Total time for which application threads were stopped: 0.0055250 seconds, Stopping threads took: 0.0000590 seconds
207.826: Application time: 0.1183820 seconds
207.826: [GC207.826: [ParNew: 36369K->3564K(37568K), 0.0051000 secs] 75520K->54831K(889212K), 0.0051540 secs] [Times: user=0.04 sys=0.00, real=0.00 secs] 
207.831: Total time for which application threads were stopped: 0.0052880 seconds, Stopping threads took: 0.0000610 seconds
207.937: Application time: 0.1062790 seconds
207.937: [GC207.937: [ParNew: 36359K->3564K(37568K), 0.0050690 secs] 87626K->66945K(889212K), 0.0051110 secs] [Times: user=0.04 sys=0.00, real=0.00 secs] 
207.943: Total time for which application threads were stopped: 0.0052590 seconds, Stopping threads took: 0.0000740 seconds
208.057: Application time: 0.1143450 seconds
208.057: [GC208.057: [ParNew: 36358K->3562K(37568K), 0.0051910 secs] 99739K->79056K(889212K), 0.0052340 secs] [Times: user=0.04 sys=0.00, real=0.00 secs] 
208.062: Total time for which application threads were stopped: 0.0053730 seconds, Stopping threads took: 0.0000680 seconds
208.181: Application time: 0.1187420 seconds
208.181: [GC208.181: [ParNew: 36356K->3562K(37568K), 0.0051610 secs] 111850K->91169K(889212K), 0.0052030 secs] [Times: user=0.03 sys=0.00, real=0.01 secs] 
208.186: Total time for which application threads were stopped: 0.0053520 seconds, Stopping threads took: 0.0000670 seconds
208.226: Application time: 0.0398290 seconds
208.226: [GC208.226: [ParNew: 36384K->3604K(37568K), 0.0041230 secs] 123991K->99049K(889212K), 0.0041680 secs] [Times: user=0.03 sys=0.00, real=0.00 secs] 
208.231: Total time for which application threads were stopped: 0.0043470 seconds, Stopping threads took: 0.0001050 seconds
208.242: Application time: 0.0115620 seconds
208.242: [GC208.242: [ParNew: 36390K->2K(37568K), 0.0017840 secs] 131835K->98325K(889212K), 0.0018270 secs] [Times: user=0.02 sys=0.00, real=0.01 secs] 
208.244: Total time for which application threads were stopped: 0.0020170 seconds, Stopping threads took: 0.0001170 seconds
208.258: Application time: 0.0136870 seconds
208.258: [GC208.258: [ParNew: 32793K->3571K(37568K), 0.0021840 secs] 131117K->102607K(889212K), 0.0022270 secs] [Times: user=0.02 sys=0.00, real=0.00 secs] 
208.260: Total time for which application threads were stopped: 0.0024590 seconds, Stopping threads took: 0.0001570 seconds
208.269: Application time: 0.0089700 seconds
208.269: [GC208.269: [ParNew: 36364K->3568K(37568K), 0.0026070 secs] 135400K->104743K(889212K), 0.0026500 secs] [Times: user=0.02 sys=0.00, real=0.00 secs] 
208.272: Total time for which application threads were stopped: 0.0028170 seconds, Stopping threads took: 0.0000930 seconds
208.296: Application time: 0.0236850 seconds
208.296: [GC208.296: [ParNew: 36397K->3602K(37568K), 0.0039600 secs] 137571K->111902K(889212K), 0.0040050 secs] [Times: user=0.03 sys=0.00, real=0.00 secs] 
208.300: Total time for which application threads were stopped: 0.0041460 seconds, Stopping threads took: 0.0000670 seconds
208.311: Application time: 0.0113520 seconds
208.311: [GC208.311: [ParNew: 36390K->3568K(37568K), 0.0032060 secs] 144690K->116173K(889212K), 0.0032480 secs] [Times: user=0.03 sys=0.00, real=0.00 secs] 
208.315: Total time for which application threads were stopped: 0.0033970 seconds, Stopping threads took: 0.0000750 seconds
208.329: Application time: 0.0145940 seconds
208.329: [GC208.329: [ParNew: 36356K->1435K(37568K), 0.0021030 secs] 148960K->116177K(889212K), 0.0021460 secs] [Times: user=0.01 sys=0.00, real=0.00 secs] 
208.332: Total time for which application threads were stopped: 0.0023540 seconds, Stopping threads took: 0.0001320 seconds
208.342: Application time: 0.0100020 seconds
208.342: [GC208.342: [ParNew: 34229K->3570K(37568K), 0.0021840 secs] 148971K->119025K(889212K), 0.0022260 secs] [Times: user=0.01 sys=0.00, real=0.01 secs] 
208.344: Total time for which application threads were stopped: 0.0023870 seconds, Stopping threads took: 0.0000860 seconds
208.392: Application time: 0.0479620 seconds
208.392: [GC208.392: [ParNew: 36370K->3574K(37568K), 0.0049440 secs] 151825K->130429K(889212K), 0.0049850 secs] [Times: user=0.03 sys=0.00, real=0.01 secs] 
208.397: Total time for which application threads were stopped: 0.0051390 seconds, Stopping threads took: 0.0000720 seconds
208.481: Application time: 0.0839350 seconds
208.481: [GC208.481: [ParNew: 36402K->3604K(37568K), 0.0055250 secs] 163257K->143286K(889212K), 0.0055720 secs] [Times: user=0.04 sys=0.00, real=0.01 secs] 
208.487: Total time for which application threads were stopped: 0.0057800 seconds, Stopping threads took: 0.0001200 seconds
208.499: Application time: 0.0126480 seconds
208.500: [GC208.500: [ParNew: 36388K->1435K(37568K), 0.0025710 secs] 176070K->144707K(889212K), 0.0026130 secs] [Times: user=0.02 sys=0.00, real=0.00 secs] 
208.502: Total time for which application threads were stopped: 0.0027650 seconds, Stopping threads took: 0.0000770 seconds
208.516: Application time: 0.0133140 seconds
208.517: [GC208.517: [ParNew: 34224K->3570K(37568K), 0.0019790 secs] 177497K->146843K(889212K), 0.0020230 secs] [Times: user=0.02 sys=0.00, real=0.00 secs] 
208.519: Total time for which application threads were stopped: 0.0030830 seconds, Stopping threads took: 0.0009850 seconds
208.528: Application time: 0.0095570 seconds
208.528: [GC208.528: [ParNew: 36368K->3568K(37568K), 0.0039110 secs] 179640K->153966K(889212K), 0.0039550 secs] [Times: user=0.03 sys=0.00, real=0.00 secs] 
208.532: Total time for which application threads were stopped: 0.0042170 seconds, Stopping threads took: 0.0001670 seconds
208.587: Application time: 0.0545240 seconds
208.587: [GC208.587: [ParNew: 36366K->3576K(37568K), 0.0041010 secs] 186764K->162525K(889212K), 0.0041450 secs] [Times: user=0.03 sys=0.00, real=0.00 secs] 
208.591: Total time for which application threads were stopped: 0.0043820 seconds, Stopping threads took: 0.0001450 seconds
208.622: Application time: 0.0304690 seconds
208.622: [GC208.622: [ParNew: 36939K->3641K(37568K), 0.0040510 secs] 195887K->170428K(889212K), 0.0040950 secs] [Times: user=0.03 sys=0.00, real=0.01 secs] 
208.626: Total time for which application threads were stopped: 0.0042680 seconds, Stopping threads took: 0.0000980 seconds
208.635: Application time: 0.0092720 seconds
208.636: [GC208.636: [ParNew: 36642K->3570K(37568K), 0.0033570 secs] 203429K->174690K(889212K), 0.0034020 secs] [Times: user=0.02 sys=0.00, real=0.00 secs] 
208.639: Total time for which application threads were stopped: 0.0038840 seconds, Stopping threads took: 0.0003880 seconds
208.649: Application time: 0.0096060 seconds
208.649: [GC208.649: [ParNew: 36441K->2181K(37568K), 0.0018930 secs] 207561K->174727K(889212K), 0.0019340 secs] [Times: user=0.01 sys=0.00, real=0.00 secs] 
208.651: Total time for which application threads were stopped: 0.0020950 seconds, Stopping threads took: 0.0000910 seconds
208.660: Application time: 0.0088380 seconds
208.660: [GC208.660: [ParNew: 35547K->2156K(37568K), 0.0018250 secs] 208093K->175444K(889212K), 0.0018630 secs] [Times: user=0.02 sys=0.00, real=0.00 secs] 
208.662: Total time for which application threads were stopped: 0.0020450 seconds, Stopping threads took: 0.0001080 seconds
208.670: Application time: 0.0078320 seconds
208.670: [GC208.670: [ParNew: 35034K->3573K(37568K), 0.0020770 secs] 208322K->177573K(889212K), 0.0021180 secs] [Times: user=0.01 sys=0.00, real=0.00 secs] 
208.672: Total time for which application threads were stopped: 0.0022830 seconds, Stopping threads took: 0.0000810 seconds
208.680: Application time: 0.0078220 seconds
208.680: [GC208.680: [ParNew: 36364K->3572K(37568K), 0.0022930 secs] 210364K->179000K(889212K), 0.0023320 secs] [Times: user=0.02 sys=0.00, real=0.00 secs] 
208.682: Total time for which application threads were stopped: 0.0025120 seconds, Stopping threads took: 0.0001060 seconds
208.690: Application time: 0.0077530 seconds
208.690: [GC208.690: [ParNew: 36358K->3562K(37568K), 0.0023420 secs] 211785K->181128K(889212K), 0.0023830 secs] [Times: user=0.01 sys=0.00, real=0.00 secs] 
208.693: Total time for which application threads were stopped: 0.0026450 seconds, Stopping threads took: 0.0001770 seconds
208.701: Application time: 0.0084660 seconds
208.701: [GC208.701: [ParNew: 36363K->3574K(37568K), 0.0034000 secs] 213929K->186128K(889212K), 0.0034500 secs] [Times: user=0.03 sys=0.00, real=0.01 secs] 
208.705: Total time for which application threads were stopped: 0.0036150 seconds, Stopping threads took: 0.0000900 seconds
208.715: Application time: 0.0097860 seconds
208.715: [GC208.715: [ParNew: 36374K->3574K(37568K), 0.0033500 secs] 218928K->191117K(889212K), 0.0033970 secs] [Times: user=0.02 sys=0.01, real=0.01 secs] 
208.718: Total time for which application threads were stopped: 0.0035490 seconds, Stopping threads took: 0.0000750 seconds
208.725: Application time: 0.0070560 seconds
208.725: [GC208.725: [ParNew: 36360K->2850K(37568K), 0.0023250 secs] 223902K->192531K(889212K), 0.0023660 secs] [Times: user=0.02 sys=0.00, real=0.00 secs] 
208.728: Total time for which application threads were stopped: 0.0025480 seconds, Stopping threads took: 0.0001090 seconds
208.737: Application time: 0.0097660 seconds
208.738: [GC208.738: [ParNew: 35579K->3612K(37568K), 0.0020050 secs] 225261K->193294K(889212K), 0.0020430 secs] [Times: user=0.01 sys=0.00, real=0.00 secs] 
208.740: Total time for which application threads were stopped: 0.0022120 seconds, Stopping threads took: 0.0000980 seconds
208.748: Application time: 0.0078670 seconds
208.748: [GC208.748: [ParNew: 36396K->714K(37568K), 0.0020540 secs] 226077K->193284K(889212K), 0.0020930 secs] [Times: user=0.02 sys=0.00, real=0.00 secs] 
208.750: Total time for which application threads were stopped: 0.0022600 seconds, Stopping threads took: 0.0000900 seconds
208.768: Application time: 0.0181590 seconds
208.768: [GC208.768: [ParNew: 33613K->3574K(37568K), 0.0022490 secs] 226184K->196857K(889212K), 0.0022880 secs] [Times: user=0.01 sys=0.00, real=0.00 secs] 
208.770: Total time for which application threads were stopped: 0.0024590 seconds, Stopping threads took: 0.0000970 seconds
208.783: Application time: 0.0123330 seconds
208.783: [GC208.783: [ParNew: 36361K->1431K(37568K), 0.0018300 secs] 229643K->196139K(889212K), 0.0018660 secs] [Times: user=0.01 sys=0.00, real=0.00 secs] 
208.785: Total time for which application threads were stopped: 0.0020340 seconds, Stopping threads took: 0.0000970 seconds
208.797: Application time: 0.0118710 seconds
208.797: [GC208.797: [ParNew: 34225K->3570K(37568K), 0.0032740 secs] 228934K->203267K(889212K), 0.0033180 secs] [Times: user=0.02 sys=0.00, real=0.00 secs] 
208.800: Total time for which application threads were stopped: 0.0034980 seconds, Stopping threads took: 0.0001030 seconds
208.808: Application time: 0.0076520 seconds
208.808: [GC208.808: [ParNew: 36356K->2850K(37568K), 0.0026760 secs] 236052K->205397K(889212K), 0.0027170 secs] [Times: user=0.02 sys=0.00, real=0.00 secs] 
208.811: Total time for which application threads were stopped: 0.0028740 seconds, Stopping threads took: 0.0000810 seconds
208.950: Application time: 0.1389940 seconds
208.950: [GC208.950: [ParNew: 35650K->3572K(37568K), 0.0054830 secs] 238198K->219658K(889212K), 0.0055260 secs] [Times: user=0.04 sys=0.00, real=0.01 secs] 
208.955: Total time for which application threads were stopped: 0.0056530 seconds, Stopping threads took: 0.0000590 seconds
209.103: Application time: 0.1473530 seconds
209.103: [GC209.103: [ParNew: 36364K->3564K(37568K), 0.0050240 secs] 252449K->231763K(889212K), 0.0050620 secs] [Times: user=0.04 sys=0.00, real=0.00 secs] 
209.108: Total time for which application threads were stopped: 0.0051910 seconds, Stopping threads took: 0.0000600 seconds
209.253: Application time: 0.1451940 seconds
209.253: [GC209.253: [ParNew: 36356K->3562K(37568K), 0.0048980 secs] 264555K->243874K(889212K), 0.0049390 secs] [Times: user=0.03 sys=0.00, real=0.01 secs] 
209.258: Total time for which application threads were stopped: 0.0050640 seconds, Stopping threads took: 0.0000510 seconds
209.400: Application time: 0.1420860 seconds
209.400: [GC209.400: [ParNew: 36369K->3574K(37568K), 0.0054760 secs] 276681K->257424K(889212K), 0.0055190 secs] [Times: user=0.05 sys=0.00, real=0.01 secs] 
209.406: Total time for which application threads were stopped: 0.0056500 seconds, Stopping threads took: 0.0000640 seconds
209.552: Application time: 0.1457540 seconds
209.552: [GC209.552: [ParNew: 36372K->3568K(37568K), 0.0052910 secs] 290222K->270245K(889212K), 0.0053430 secs] [Times: user=0.04 sys=0.00, real=0.01 secs] 
209.557: Total time for which application threads were stopped: 0.0054760 seconds, Stopping threads took: 0.0000660 seconds
209.661: Application time: 0.1038230 seconds
209.661: [GC209.661: [ParNew: 36381K->3574K(37568K), 0.0057700 secs] 303058K->283789K(889212K), 0.0058130 secs] [Times: user=0.04 sys=0.00, real=0.01 secs] 
209.667: Total time for which application threads were stopped: 0.0059500 seconds, Stopping threads took: 0.0000630 seconds
209.818: Application time: 0.1506610 seconds
209.818: [GC209.818: [ParNew: 36383K->3568K(37568K), 0.0057470 secs] 316598K->298036K(889212K), 0.0057870 secs] [Times: user=0.04 sys=0.00, real=0.01 secs] 
209.824: Total time for which application threads were stopped: 0.0059290 seconds, Stopping threads took: 0.0000630 seconds
209.961: Application time: 0.1379350 seconds
209.962: [GC209.962: [ParNew: 36360K->3562K(37568K), 0.0050720 secs] 330828K->310145K(889212K), 0.0051150 secs] [Times: user=0.04 sys=0.00, real=0.01 secs] 
209.967: Total time for which application threads were stopped: 0.0052880 seconds, Stopping threads took: 0.0001020 seconds
210.112: Application time: 0.1451910 seconds
210.112: [GC210.112: [ParNew: 36354K->3564K(37568K), 0.0051740 secs] 342937K->322260K(889212K), 0.0052160 secs] [Times: user=0.04 sys=0.00, real=0.01 secs] 
210.117: Total time for which application threads were stopped: 0.0053580 seconds, Stopping threads took: 0.0000730 seconds
210.259: Application time: 0.1415400 seconds
210.259: [GC210.259: [ParNew: 36365K->3572K(37568K), 0.0052290 secs] 355061K->335093K(889212K), 0.0052700 secs] [Times: user=0.04 sys=0.00, real=0.01 secs] 
210.264: Total time for which application threads were stopped: 0.0054010 seconds, Stopping threads took: 0.0000680 seconds
210.369: Application time: 0.1045130 seconds
210.369: [GC210.369: [ParNew: 36373K->3572K(37568K), 0.0053860 secs] 367894K->347920K(889212K), 0.0054270 secs] [Times: user=0.05 sys=0.00, real=0.00 secs] 
210.374: Total time for which application threads were stopped: 0.0055790 seconds, Stopping threads took: 0.0000670 seconds
210.508: Application time: 0.1341290 seconds
210.509: [GC210.509: [ParNew: 36374K->3572K(37568K), 0.0056570 secs] 380721K->361459K(889212K), 0.0057000 secs] [Times: user=0.03 sys=0.00, real=0.00 secs] 
210.514: Total time for which application threads were stopped: 0.0058390 seconds, Stopping threads took: 0.0000700 seconds
210.629: Application time: 0.1142080 seconds
210.629: [GC210.629: [ParNew: 36400K->3578K(37568K), 0.0053610 secs] 394286K->374291K(889212K), 0.0054060 secs] [Times: user=0.04 sys=0.00, real=0.00 secs] 
210.634: Total time for which application threads were stopped: 0.0055600 seconds, Stopping threads took: 0.0000790 seconds
210.743: Application time: 0.1086640 seconds
210.743: [GC210.743: [ParNew: 36380K->3572K(37568K), 0.0053650 secs] 407093K->387115K(889212K), 0.0054100 secs] [Times: user=0.04 sys=0.00, real=0.00 secs] 
210.748: Total time for which application threads were stopped: 0.0056020 seconds, Stopping threads took: 0.0001180 seconds
210.847: Application time: 0.0989970 seconds
210.847: [GC210.847: [ParNew: 36366K->3564K(37568K), 0.0051650 secs] 419908K->399222K(889212K), 0.0052070 secs] [Times: user=0.04 sys=0.00, real=0.00 secs] 
210.853: Total time for which application threads were stopped: 0.0053490 seconds, Stopping threads took: 0.0000700 seconds
210.959: Application time: 0.1058430 seconds
210.959: [GC210.959: [ParNew: 36358K->3562K(37568K), 0.0053620 secs] 432016K->412046K(889212K), 0.0054050 secs] [Times: user=0.04 sys=0.01, real=0.01 secs] 
210.964: Total time for which application threads were stopped: 0.0055590 seconds, Stopping threads took: 0.0000720 seconds
211.091: Application time: 0.1270960 seconds
211.091: [GC211.091: [ParNew: 36356K->3564K(37568K), 0.0050720 secs] 444840K->424161K(889212K), 0.0051250 secs] [Times: user=0.03 sys=0.00, real=0.01 secs] 
211.096: Total time for which application threads were stopped: 0.0052560 seconds, Stopping threads took: 0.0000580 seconds
211.187: Application time: 0.0905840 seconds
211.187: [GC211.187: [ParNew: 36368K->3572K(37568K), 0.0056260 secs] 456965K->437709K(889212K), 0.0056710 secs] [Times: user=0.04 sys=0.00, real=0.00 secs] 
211.193: Total time for which application threads were stopped: 0.0058560 seconds, Stopping threads took: 0.0001120 seconds
211.328: Application time: 0.1350470 seconds
211.328: [GC211.328: [ParNew: 36376K->3574K(37568K), 0.0052770 secs] 470512K->450538K(889212K), 0.0053210 secs] [Times: user=0.04 sys=0.00, real=0.00 secs] 
211.333: Total time for which application threads were stopped: 0.0054630 seconds, Stopping threads took: 0.0000710 seconds
211.421: Application time: 0.0880700 seconds
211.422: [GC211.422: [ParNew: 36378K->3572K(37568K), 0.0055890 secs] 483341K->464076K(889212K), 0.0056310 secs] [Times: user=0.04 sys=0.00, real=0.01 secs] 
211.427: Total time for which application threads were stopped: 0.0057770 seconds, Stopping threads took: 0.0000750 seconds
211.464: Application time: 0.0370630 seconds
211.464: [GC211.464: [ParNew: 36391K->3604K(37568K), 0.0034750 secs] 496894K->469097K(889212K), 0.0035190 secs] [Times: user=0.02 sys=0.00, real=0.00 secs] 
211.468: Total time for which application threads were stopped: 0.0036820 seconds, Stopping threads took: 0.0000780 seconds
211.480: Application time: 0.0120540 seconds
211.480: [GC211.480: [ParNew: 36399K->1437K(37568K), 0.0018360 secs] 501891K->469095K(889212K), 0.0018750 secs] [Times: user=0.02 sys=0.00, real=0.00 secs] 
211.482: Total time for which application threads were stopped: 0.0020350 seconds, Stopping threads took: 0.0000900 seconds
211.495: Application time: 0.0133160 seconds
211.496: [GC211.496: [ParNew: 34227K->3573K(37568K), 0.0019910 secs] 501886K->471231K(889212K), 0.0020280 secs] [Times: user=0.02 sys=0.00, real=0.00 secs] 
211.498: Total time for which application threads were stopped: 0.0021950 seconds, Stopping threads took: 0.0000940 seconds
211.505: Application time: 0.0073490 seconds
211.505: [GC211.505: [ParNew: 36361K->3562K(37568K), 0.0033290 secs] 504020K->476210K(889212K), 0.0033700 secs] [Times: user=0.02 sys=0.00, real=0.00 secs] 
211.508: Total time for which application threads were stopped: 0.0035330 seconds, Stopping threads took: 0.0000910 seconds
211.597: Application time: 0.0882480 seconds
211.597: [GC211.597: [ParNew: 36372K->3576K(37568K), 0.0053240 secs] 509019K->489051K(889212K), 0.0053670 secs] [Times: user=0.04 sys=0.00, real=0.00 secs] 
211.602: Total time for which application threads were stopped: 0.0055110 seconds, Stopping threads took: 0.0000730 seconds
211.721: Application time: 0.1182530 seconds
211.721: [GC211.721: [ParNew: 36395K->3574K(37568K), 0.0054980 secs] 521869K->502589K(889212K), 0.0055410 secs] [Times: user=0.04 sys=0.00, real=0.01 secs] 
211.726: Total time for which application threads were stopped: 0.0056770 seconds, Stopping threads took: 0.0000670 seconds
211.831: Application time: 0.1044140 seconds
211.831: [GC211.831: [ParNew: 36369K->3564K(37568K), 0.0050640 secs] 535384K->514696K(889212K), 0.0051050 secs] [Times: user=0.04 sys=0.00, real=0.01 secs] 
211.836: Total time for which application threads were stopped: 0.0052440 seconds, Stopping threads took: 0.0000660 seconds
211.955: Application time: 0.1194440 seconds
211.955: [GC211.955: [ParNew: 36358K->3562K(37568K), 0.0051650 secs] 547490K->526807K(889212K), 0.0052060 secs] [Times: user=0.04 sys=0.00, real=0.00 secs] 
211.961: Total time for which application threads were stopped: 0.0053390 seconds, Stopping threads took: 0.0000690 seconds
212.062: Application time: 0.1013720 seconds
212.062: [GC212.062: [ParNew: 36868K->3613K(37568K), 0.0044460 secs] 560112K->536834K(889212K), 0.0044870 secs] [Times: user=0.04 sys=0.00, real=0.01 secs] 
212.067: Total time for which application threads were stopped: 0.0046510 seconds, Stopping threads took: 0.0000840 seconds
212.088: Application time: 0.0210180 seconds
212.088: [GC212.088: [ParNew: 36635K->3574K(37568K), 0.0034210 secs] 569856K->541811K(889212K), 0.0034790 secs] [Times: user=0.03 sys=0.00, real=0.00 secs] 
212.091: Total time for which application threads were stopped: 0.0036580 seconds, Stopping threads took: 0.0001010 seconds
212.106: Application time: 0.0144460 seconds
212.106: [GC212.106: [ParNew: 36363K->2149K(37568K), 0.0021170 secs] 574599K->542524K(889212K), 0.0021590 secs] [Times: user=0.02 sys=0.00, real=0.00 secs] 
212.109: Total time for which application threads were stopped: 0.0028220 seconds, Stopping threads took: 0.0005880 seconds
212.121: Application time: 0.0120500 seconds
212.121: [GC212.121: [ParNew: 34937K->3562K(37568K), 0.0032590 secs] 575312K->548213K(889212K), 0.0033060 secs] [Times: user=0.02 sys=0.00, real=0.01 secs] 
212.124: Total time for which application threads were stopped: 0.0035050 seconds, Stopping threads took: 0.0001220 seconds
212.132: Application time: 0.0078430 seconds
212.132: [GC212.132: [ParNew: 36353K->1433K(37568K), 0.0022320 secs] 581004K->548934K(889212K), 0.0022720 secs] [Times: user=0.02 sys=0.00, real=0.00 secs] 
212.134: Total time for which application threads were stopped: 0.0024470 seconds, Stopping threads took: 0.0001000 seconds
212.160: Application time: 0.0256740 seconds
212.160: [GC212.160: [ParNew: 34261K->3604K(37568K), 0.0031890 secs] 581762K->555380K(889212K), 0.0032330 secs] [Times: user=0.02 sys=0.00, real=0.01 secs] 
212.164: Total time for which application threads were stopped: 0.0033940 seconds, Stopping threads took: 0.0000830 seconds
212.173: Application time: 0.0099660 seconds
212.174: [GC212.174: [ParNew: 36392K->3570K(37568K), 0.0031020 secs] 588168K->558939K(889212K), 0.0031440 secs] [Times: user=0.02 sys=0.00, real=0.01 secs] 
212.177: Total time for which application threads were stopped: 0.0033190 seconds, Stopping threads took: 0.0001000 seconds
212.193: Application time: 0.0162740 seconds
212.193: [GC212.193: [ParNew: 36360K->1433K(37568K), 0.0018010 secs] 591728K->558226K(889212K), 0.0018380 secs] [Times: user=0.01 sys=0.00, real=0.01 secs] 
212.195: Total time for which application threads were stopped: 0.0020070 seconds, Stopping threads took: 0.0000950 seconds
212.203: Application time: 0.0082610 seconds
212.204: [GC212.204: [ParNew: 34226K->3572K(37568K), 0.0024180 secs] 591019K->561791K(889212K), 0.0024620 secs] [Times: user=0.01 sys=0.00, real=0.00 secs] 
212.206: Total time for which application threads were stopped: 0.0026230 seconds, Stopping threads took: 0.0000920 seconds
212.286: Application time: 0.0804340 seconds
212.287: [GC212.287: [ParNew: 36347K->3615K(37568K), 0.0047290 secs] 594565K->572522K(889212K), 0.0047730 secs] [Times: user=0.03 sys=0.00, real=0.00 secs] 
212.291: Total time for which application threads were stopped: 0.0049280 seconds, Stopping threads took: 0.0000850 seconds
212.308: Application time: 0.0171370 seconds
212.309: [GC212.309: [ParNew: 36462K->3574K(37568K), 0.0030540 secs] 605368K->576073K(889212K), 0.0030970 secs] [Times: user=0.02 sys=0.00, real=0.00 secs] 
212.312: Total time for which application threads were stopped: 0.0032500 seconds, Stopping threads took: 0.0000780 seconds
212.321: Application time: 0.0095850 seconds
212.321: [GC212.321: [ParNew: 36366K->3568K(37568K), 0.0034700 secs] 608865K->581767K(889212K), 0.0035120 secs] [Times: user=0.02 sys=0.00, real=0.01 secs] 
212.325: Total time for which application threads were stopped: 0.0036700 seconds, Stopping threads took: 0.0000860 seconds
212.339: Application time: 0.0143940 seconds
212.340: [GC212.340: [ParNew: 36359K->1431K(37568K), 0.0022170 secs] 614558K->582480K(889212K), 0.0022560 secs] [Times: user=0.02 sys=0.00, real=0.00 secs] 
212.342: Total time for which application threads were stopped: 0.0024250 seconds, Stopping threads took: 0.0000970 seconds
212.350: Application time: 0.0077860 seconds
212.350: [GC212.350: [ParNew: 34215K->1437K(37568K), 0.0013540 secs] 615264K->582486K(889212K), 0.0013900 secs] [Times: user=0.01 sys=0.00, real=0.00 secs] 
212.351: Total time for which application threads were stopped: 0.0015630 seconds, Stopping threads took: 0.0000920 seconds
212.473: Application time: 0.1213280 seconds
212.473: [GC212.473: [ParNew: 34238K->3572K(37568K), 0.0052280 secs] 615287K->597447K(889212K), 0.0052670 secs] [Times: user=0.04 sys=0.00, real=0.01 secs] 
212.478: Total time for which application threads were stopped: 0.0053950 seconds, Stopping threads took: 0.0000550 seconds
212.565: Application time: 0.0872590 seconds
212.565: [GC212.565: [ParNew: 36406K->3602K(37568K), 0.0058740 secs] 630281K->611016K(889212K), 0.0059180 secs] [Times: user=0.05 sys=0.00, real=0.00 secs] 
212.571: Total time for which application threads were stopped: 0.0060960 seconds, Stopping threads took: 0.0000940 seconds
212.584: Application time: 0.0131980 seconds
212.585: [GC212.585: [ParNew: 36390K->3568K(37568K), 0.0034020 secs] 643804K->615999K(889212K), 0.0034450 secs] [Times: user=0.02 sys=0.01, real=0.00 secs] 
212.588: Total time for which application threads were stopped: 0.0036340 seconds, Stopping threads took: 0.0001130 seconds
212.601: Application time: 0.0133340 seconds
212.602: [GC212.602: [ParNew: 36355K->1435K(37568K), 0.0019930 secs] 648786K->616003K(889212K), 0.0020340 secs] [Times: user=0.01 sys=0.00, real=0.01 secs] 
212.604: Total time for which application threads were stopped: 0.0022010 seconds, Stopping threads took: 0.0000940 seconds
212.615: Application time: 0.0110480 seconds
212.615: [GC212.615: [ParNew: 34230K->3574K(37568K), 0.0027780 secs] 648798K->620993K(889212K), 0.0028210 secs] [Times: user=0.02 sys=0.00, real=0.00 secs] 
212.618: Total time for which application threads were stopped: 0.0029960 seconds, Stopping threads took: 0.0001000 seconds
212.649: Application time: 0.0308270 seconds
212.649: [GC212.649: [ParNew: 36753K->3680K(37568K), 0.0024270 secs] 654171K->623236K(889212K), 0.0024690 secs] [Times: user=0.02 sys=0.00, real=0.00 secs] 
212.651: Total time for which application threads were stopped: 0.0026030 seconds, Stopping threads took: 0.0000640 seconds
212.663: Application time: 0.0115380 seconds
212.663: [GC212.663: [ParNew: 36798K->3578K(37568K), 0.0030240 secs] 656354K->626784K(889212K), 0.0030650 secs] [Times: user=0.02 sys=0.00, real=0.00 secs] 
212.666: Total time for which application threads were stopped: 0.0037750 seconds, Stopping threads took: 0.0006360 seconds
212.677: Application time: 0.0108890 seconds
212.678: [GC212.678: [ParNew: 36464K->3574K(37568K), 0.0030890 secs] 659669K->631055K(889212K), 0.0031300 secs] [Times: user=0.02 sys=0.00, real=0.00 secs] 
212.681: Total time for which application threads were stopped: 0.0034410 seconds, Stopping threads took: 0.0002400 seconds
212.690: Application time: 0.0091090 seconds
212.691: [GC212.691: [ParNew: 36364K->3566K(37568K), 0.0026720 secs] 663845K->633899K(889212K), 0.0027140 secs] [Times: user=0.02 sys=0.00, real=0.00 secs] 
212.694: Total time for which application threads were stopped: 0.0036430 seconds, Stopping threads took: 0.0008470 seconds
212.701: Application time: 0.0077810 seconds
212.702: [GC212.702: [ParNew: 36356K->3570K(37568K), 0.0027820 secs] 666689K->637466K(889212K), 0.0028230 secs] [Times: user=0.02 sys=0.00, real=0.01 secs] 
212.705: Total time for which application threads were stopped: 0.0033030 seconds, Stopping threads took: 0.0004080 seconds
212.713: Application time: 0.0080360 seconds
212.713: [GC212.713: [ParNew: 36369K->3576K(37568K), 0.0029280 secs] 670265K->641036K(889212K), 0.0029710 secs] [Times: user=0.02 sys=0.00, real=0.01 secs] 
212.716: Total time for which application threads were stopped: 0.0031400 seconds, Stopping threads took: 0.0000950 seconds
212.724: Application time: 0.0084970 seconds
212.724: [GC212.725: [ParNew: 36368K->2860K(37568K), 0.0021610 secs] 673827K->642459K(889212K), 0.0022030 secs] [Times: user=0.01 sys=0.00, real=0.00 secs] 
212.727: Total time for which application threads were stopped: 0.0024290 seconds, Stopping threads took: 0.0001550 seconds
212.735: Application time: 0.0078520 seconds
212.736: [GC212.736: [ParNew: 35645K->2850K(37568K), 0.0017570 secs] 675244K->643163K(889212K), 0.0018060 secs] [Times: user=0.02 sys=0.00, real=0.00 secs] 
212.737: Total time for which application threads were stopped: 0.0027820 seconds, Stopping threads took: 0.0009040 seconds
212.745: Application time: 0.0077900 seconds
212.746: [GC212.746: [ParNew: 35644K->3571K(37568K), 0.0023450 secs] 675957K->645309K(889212K), 0.0023910 secs] [Times: user=0.02 sys=0.00, real=0.00 secs] 
212.748: Total time for which application threads were stopped: 0.0027970 seconds, Stopping threads took: 0.0003290 seconds
212.755: Application time: 0.0073690 seconds
212.756: [GC212.756: [ParNew: 36365K->3571K(37568K), 0.0021090 secs] 678103K->646022K(889212K), 0.0021520 secs] [Times: user=0.01 sys=0.00, real=0.00 secs] 
212.758: Total time for which application threads were stopped: 0.0025120 seconds, Stopping threads took: 0.0002900 seconds
212.765: Application time: 0.0073620 seconds
212.765: [GC212.766: [ParNew: 36365K->3570K(37568K), 0.0026690 secs] 678817K->648161K(889212K), 0.0027100 secs] [Times: user=0.02 sys=0.00, real=0.00 secs] 
212.768: Total time for which application threads were stopped: 0.0029970 seconds, Stopping threads took: 0.0002130 seconds
212.776: Application time: 0.0073820 seconds
212.776: [GC212.776: [ParNew: 36366K->3568K(37568K), 0.0025190 secs] 680956K->651009K(889212K), 0.0025610 secs] [Times: user=0.02 sys=0.00, real=0.00 secs] 
212.779: Total time for which application threads were stopped: 0.0029990 seconds, Stopping threads took: 0.0003640 seconds
212.851: Application time: 0.0720840 seconds
212.851: [GC212.851: [ParNew: 36378K->3576K(37568K), 0.0047740 secs] 683819K->661706K(889212K), 0.0048190 secs] [Times: user=0.04 sys=0.00, real=0.01 secs] 
212.856: Total time for which application threads were stopped: 0.0049490 seconds, Stopping threads took: 0.0000570 seconds
212.999: Application time: 0.1429070 seconds
212.999: [GC212.999: [ParNew: 36368K->3564K(37568K), 0.0051270 secs] 694498K->673809K(889212K), 0.0051700 secs] [Times: user=0.04 sys=0.00, real=0.01 secs] 
213.004: Total time for which application threads were stopped: 0.0053170 seconds, Stopping threads took: 0.0000770 seconds
213.148: Application time: 0.1442940 seconds
213.148: [GC213.148: [ParNew: 36356K->3562K(37568K), 0.0049820 secs] 706601K->685919K(889212K), 0.0050260 secs] [Times: user=0.04 sys=0.00, real=0.00 secs] 
213.153: Total time for which application threads were stopped: 0.0051780 seconds, Stopping threads took: 0.0000720 seconds
213.271: Application time: 0.1174720 seconds
213.271: [GC213.271: [ParNew: 36371K->3574K(37568K), 0.0057370 secs] 718728K->700182K(889212K), 0.0057790 secs] [Times: user=0.04 sys=0.00, real=0.01 secs] 
213.277: Total time for which application threads were stopped: 0.0059120 seconds, Stopping threads took: 0.0000650 seconds
213.431: Application time: 0.1538970 seconds
213.431: [GC213.431: [ParNew: 36372K->3568K(37568K), 0.0053840 secs] 732980K->713003K(889212K), 0.0054270 secs] [Times: user=0.04 sys=0.00, real=0.01 secs] 
213.436: Total time for which application threads were stopped: 0.0055580 seconds, Stopping threads took: 0.0000560 seconds
213.560: Application time: 0.1242440 seconds
213.561: [GC213.561: [ParNew: 36375K->3574K(37568K), 0.0056230 secs] 745810K->726547K(889212K), 0.0056650 secs] [Times: user=0.05 sys=0.00, real=0.01 secs] 
213.566: Total time for which application threads were stopped: 0.0058650 seconds, Stopping threads took: 0.0001320 seconds
213.715: Application time: 0.1484090 seconds
213.715: [GC213.715: [ParNew: 36379K->3572K(37568K), 0.0051490 secs] 759352K->738660K(889212K), 0.0051940 secs] [Times: user=0.04 sys=0.00, real=0.00 secs] 
213.720: Total time for which application threads were stopped: 0.0053440 seconds, Stopping threads took: 0.0000720 seconds
213.861: Application time: 0.1405640 seconds
213.861: [GC213.861: [ParNew: 36373K->3572K(37568K), 0.0055290 secs] 771460K->752199K(889212K), 0.0055710 secs] [Times: user=0.04 sys=0.00, real=0.01 secs] 
213.866: Total time for which application threads were stopped: 0.0057290 seconds, Stopping threads took: 0.0000840 seconds
214.012: Application time: 0.1455650 seconds
214.012: [GC214.012: [ParNew: 36364K->3562K(37568K), 0.0051330 secs] 784992K->764303K(889212K), 0.0051750 secs] [Times: user=0.04 sys=0.00, real=0.01 secs] 
214.017: Total time for which application threads were stopped: 0.0053140 seconds, Stopping threads took: 0.0000730 seconds
214.157: Application time: 0.1395490 seconds
214.157: [GC214.157: [ParNew: 36372K->3572K(37568K), 0.0051400 secs] 797113K->776426K(889212K), 0.0051830 secs] [Times: user=0.03 sys=0.00, real=0.00 secs] 
214.162: Total time for which application threads were stopped: 0.0053070 seconds, Stopping threads took: 0.0000590 seconds
214.261: Application time: 0.0986590 seconds
214.261: [GC214.261: [ParNew: 36365K->3562K(37568K), 0.0054450 secs] 809219K->789244K(889212K), 0.0054890 secs] [Times: user=0.04 sys=0.00, real=0.01 secs] 
214.266: Total time for which application threads were stopped: 0.0056390 seconds, Stopping threads took: 0.0000730 seconds
214.266: Application time: 0.0000450 seconds
214.267: [GC [1 CMS-initial-mark: 785681K(851644K)] 789956K(889212K), 0.0001380 secs] [Times: user=0.00 sys=0.00, real=0.00 secs] 
214.267: Total time for which application threads were stopped: 0.0002660 seconds, Stopping threads took: 0.0001040 seconds
214.267: [CMS-concurrent-mark-start]
214.277: [CMS-concurrent-mark: 0.011/0.011 secs] [Times: user=0.07 sys=0.00, real=0.01 secs] 
214.277: [CMS-concurrent-preclean-start]
214.279: [CMS-concurrent-preclean: 0.001/0.001 secs] [Times: user=0.03 sys=0.00, real=0.00 secs] 
214.279: [CMS-concurrent-abortable-preclean-start]
214.408: Application time: 0.1412780 seconds
214.408: [GC214.408: [ParNew: 36363K->3576K(37568K), 0.0054270 secs] 822045K->802083K(889212K), 0.0054700 secs] [Times: user=0.04 sys=0.00, real=0.00 secs] 
214.414: Total time for which application threads were stopped: 0.0056050 seconds, Stopping threads took: 0.0000680 seconds
214.414: [CMS-concurrent-abortable-preclean: 0.003/0.135 secs] [Times: user=1.07 sys=0.00, real=0.13 secs] 
214.414: Application time: 0.0000480 seconds
214.415: [GC[YG occupancy: 4289 K (37568 K)]214.415: [Rescan (parallel) , 0.0002970 secs]214.415: [weak refs processing, 0.0000050 secs]214.415: [scrub string table, 0.0001150 secs] [1 CMS-remark: 798506K(851644K)] 802796K(889212K), 0.0004380 secs] [Times: user=0.00 sys=0.00, real=0.00 secs] 
214.415: Total time for which application threads were stopped: 0.0016590 seconds, Stopping threads took: 0.0011940 seconds
214.415: [CMS-concurrent-sweep-start]
214.417: [CMS-concurrent-sweep: 0.002/0.002 secs] [Times: user=0.00 sys=0.00, real=0.00 secs] 
214.417: [CMS-concurrent-reset-start]
214.419: [CMS-concurrent-reset: 0.002/0.002 secs] [Times: user=0.00 sys=0.00, real=0.00 secs] 
214.519: Application time: 0.1033000 seconds
214.519: [GC214.519: [ParNew: 36387K->3572K(37568K), 0.0055000 secs] 74824K->54836K(889212K), 0.0055400 secs] [Times: user=0.04 sys=0.01, real=0.01 secs] 
214.524: Total time for which application threads were stopped: 0.0056880 seconds, Stopping threads took: 0.0000760 seconds
214.637: Application time: 0.1126130 seconds
214.637: [GC214.637: [ParNew: 36383K->3572K(37568K), 0.0053620 secs] 87646K->67664K(889212K), 0.0054040 secs] [Times: user=0.04 sys=0.00, real=0.00 secs] 
214.642: Total time for which application threads were stopped: 0.0055520 seconds, Stopping threads took: 0.0000810 seconds
214.774: Application time: 0.1313880 seconds
214.774: [GC214.774: [ParNew: 36374K->3570K(37568K), 0.0052670 secs] 100466K->80490K(889212K), 0.0053100 secs] [Times: user=0.04 sys=0.00, real=0.01 secs] 
214.779: Total time for which application threads were stopped: 0.0054740 seconds, Stopping threads took: 0.0000840 seconds
214.868: Application time: 0.0884420 seconds
214.868: [GC214.868: [ParNew: 36364K->3562K(37568K), 0.0053980 secs] 113283K->93309K(889212K), 0.0054440 secs] [Times: user=0.04 sys=0.00, real=0.00 secs] 
214.873: Total time for which application threads were stopped: 0.0056100 seconds, Stopping threads took: 0.0000830 seconds
215.004: Application time: 0.1305900 seconds
215.004: [GC215.004: [ParNew: 36356K->3564K(37568K), 0.0050470 secs] 126103K->105424K(889212K), 0.0050910 secs] [Times: user=0.04 sys=0.00, real=0.00 secs] 
215.009: Total time for which application threads were stopped: 0.0052230 seconds, Stopping threads took: 0.0000600 seconds
215.104: Application time: 0.0944020 seconds
215.104: [GC215.104: [ParNew: 36365K->3566K(37568K), 0.0053420 secs] 138225K->118253K(889212K), 0.0053840 secs] [Times: user=0.05 sys=0.00, real=0.00 secs] 
215.109: Total time for which application threads were stopped: 0.0055430 seconds, Stopping threads took: 0.0000880 seconds
215.219: Application time: 0.1100380 seconds
215.219: [GC215.219: [ParNew: 36370K->3568K(37568K), 0.0053300 secs] 151056K->131082K(889212K), 0.0053720 secs] [Times: user=0.04 sys=0.00, real=0.01 secs] 
215.225: Total time for which application threads were stopped: 0.0054950 seconds, Stopping threads took: 0.0000560 seconds
215.329: Application time: 0.1045510 seconds
215.329: [GC215.329: [ParNew: 36372K->3572K(37568K), 0.0055990 secs] 163885K->144626K(889212K), 0.0056450 secs] [Times: user=0.05 sys=0.00, real=0.01 secs] 
215.335: Total time for which application threads were stopped: 0.0058000 seconds, Stopping threads took: 0.0000670 seconds
215.378: Application time: 0.0428740 seconds
215.378: [GC215.378: [ParNew: 36393K->3603K(37568K), 0.0037610 secs] 177446K->151070K(889212K), 0.0038060 secs] [Times: user=0.03 sys=0.00, real=0.00 secs] 
215.382: Total time for which application threads were stopped: 0.0039590 seconds, Stopping threads took: 0.0000780 seconds
215.394: Application time: 0.0121270 seconds
215.394: [GC215.394: [ParNew: 36397K->1435K(37568K), 0.0020140 secs] 183864K->151781K(889212K), 0.0020530 secs] [Times: user=0.02 sys=0.00, real=0.01 secs] 
215.396: Total time for which application threads were stopped: 0.0022070 seconds, Stopping threads took: 0.0000820 seconds
215.409: Application time: 0.0130830 seconds
215.409: [GC215.409: [ParNew: 34220K->3575K(37568K), 0.0018480 secs] 184567K->153921K(889212K), 0.0018860 secs] [Times: user=0.02 sys=0.00, real=0.00 secs] 
215.411: Total time for which application threads were stopped: 0.0020750 seconds, Stopping threads took: 0.0001190 seconds
215.419: Application time: 0.0078610 seconds
215.419: [GC215.419: [ParNew: 36372K->3566K(37568K), 0.0033890 secs] 186718K->158901K(889212K), 0.0034350 secs] [Times: user=0.02 sys=0.00, real=0.01 secs] 
215.423: Total time for which application threads were stopped: 0.0036060 seconds, Stopping threads took: 0.0000940 seconds
215.499: Application time: 0.0764680 seconds
215.499: [GC215.499: [ParNew: 36378K->3574K(37568K), 0.0053290 secs] 191713K->171736K(889212K), 0.0053720 secs] [Times: user=0.04 sys=0.00, real=0.01 secs] 
215.505: Total time for which application threads were stopped: 0.0055210 seconds, Stopping threads took: 0.0000780 seconds
215.613: Application time: 0.1080050 seconds
215.613: [GC215.613: [ParNew: 36382K->3571K(37568K), 0.0050740 secs] 204543K->183847K(889212K), 0.0051150 secs] [Times: user=0.04 sys=0.00, real=0.01 secs] 
215.618: Total time for which application threads were stopped: 0.0052620 seconds, Stopping threads took: 0.0000810 seconds
215.732: Application time: 0.1138500 seconds
215.732: [GC215.732: [ParNew: 36374K->3566K(37568K), 0.0054260 secs] 216650K->196671K(889212K), 0.0054670 secs] [Times: user=0.04 sys=0.00, real=0.01 secs] 
215.738: Total time for which application threads were stopped: 0.0056110 seconds, Stopping threads took: 0.0000700 seconds
215.850: Application time: 0.1124660 seconds
215.850: [GC215.850: [ParNew: 36360K->3562K(37568K), 0.0051540 secs] 229465K->208782K(889212K), 0.0051970 secs] [Times: user=0.04 sys=0.00, real=0.01 secs] 
215.855: Total time for which application threads were stopped: 0.0053370 seconds, Stopping threads took: 0.0000580 seconds
215.960: Application time: 0.1049640 seconds
215.960: [GC215.961: [ParNew: 36356K->3562K(37568K), 0.0055770 secs] 241575K->221607K(889212K), 0.0056290 secs] [Times: user=0.04 sys=0.00, real=0.01 secs] 
215.966: Total time for which application threads were stopped: 0.0057750 seconds, Stopping threads took: 0.0000750 seconds
216.026: Application time: 0.0595370 seconds
216.026: [GC216.026: [ParNew: 36384K->3602K(37568K), 0.0041130 secs] 254429K->229485K(889212K), 0.0041580 secs] [Times: user=0.03 sys=0.00, real=0.00 secs] 
216.030: Total time for which application threads were stopped: 0.0043270 seconds, Stopping threads took: 0.0000930 seconds
216.041: Application time: 0.0111680 seconds
216.041: [GC216.041: [ParNew: 36388K->1431K(37568K), 0.0021760 secs] 262271K->230192K(889212K), 0.0022190 secs] [Times: user=0.01 sys=0.00, real=0.01 secs] 
216.044: Total time for which application threads were stopped: 0.0024060 seconds, Stopping threads took: 0.0001140 seconds
216.056: Application time: 0.0122250 seconds
216.056: [GC216.056: [ParNew: 34225K->3573K(37568K), 0.0034380 secs] 262987K->237322K(889212K), 0.0034820 secs] [Times: user=0.03 sys=0.00, real=0.00 secs] 
216.059: Total time for which application threads were stopped: 0.0036320 seconds, Stopping threads took: 0.0000740 seconds
216.069: Application time: 0.0100360 seconds
216.070: [GC216.070: [ParNew: 36367K->3571K(37568K), 0.0026700 secs] 270116K->239458K(889212K), 0.0027130 secs] [Times: user=0.02 sys=0.00, real=0.00 secs] 
216.072: Total time for which application threads were stopped: 0.0028750 seconds, Stopping threads took: 0.0000870 seconds
216.123: Application time: 0.0509490 seconds
216.123: [GC216.123: [ParNew: 36399K->3604K(37568K), 0.0045370 secs] 272287K->248755K(889212K), 0.0045800 secs] [Times: user=0.03 sys=0.00, real=0.00 secs] 
216.128: Total time for which application threads were stopped: 0.0047260 seconds, Stopping threads took: 0.0000730 seconds
216.142: Application time: 0.0137220 seconds
216.142: [GC216.142: [ParNew: 36393K->3572K(37568K), 0.0035060 secs] 281543K->253740K(889212K), 0.0035520 secs] [Times: user=0.03 sys=0.00, real=0.01 secs] 
216.145: Total time for which application threads were stopped: 0.0037170 seconds, Stopping threads took: 0.0000890 seconds
216.207: Application time: 0.0613280 seconds
216.209: [GC216.210: [ParNew: 36367K->3570K(37568K), 0.0042970 secs] 286534K->262288K(889212K), 0.0043350 secs] [Times: user=0.03 sys=0.00, real=0.00 secs] 
216.214: Total time for which application threads were stopped: 0.0070620 seconds, Stopping threads took: 0.0026470 seconds
216.227: Application time: 0.0133980 seconds
216.227: [GC216.227: [ParNew: 36826K->2897K(37568K), 0.0025870 secs] 295544K->264466K(889212K), 0.0026280 secs] [Times: user=0.02 sys=0.00, real=0.00 secs] 
216.230: Total time for which application threads were stopped: 0.0027900 seconds, Stopping threads took: 0.0000890 seconds
216.239: Application time: 0.0086440 seconds
216.239: [GC216.239: [ParNew: 35962K->3570K(37568K), 0.0028950 secs] 297531K->268731K(889212K), 0.0029380 secs] [Times: user=0.02 sys=0.00, real=0.00 secs] 
216.242: Total time for which application threads were stopped: 0.0031060 seconds, Stopping threads took: 0.0000840 seconds
216.253: Application time: 0.0107750 seconds
216.253: [GC216.253: [ParNew: 36373K->3576K(37568K), 0.0037610 secs] 301534K->275150K(889212K), 0.0038050 secs] [Times: user=0.03 sys=0.00, real=0.01 secs] 
216.257: Total time for which application threads were stopped: 0.0041120 seconds, Stopping threads took: 0.0002330 seconds
216.267: Application time: 0.0104830 seconds
216.267: [GC216.267: [ParNew: 36366K->3564K(37568K), 0.0034320 secs] 307940K->280126K(889212K), 0.0034730 secs] [Times: user=0.03 sys=0.00, real=0.00 secs] 
216.271: Total time for which application threads were stopped: 0.0036770 seconds, Stopping threads took: 0.0001290 seconds
216.286: Application time: 0.0152140 seconds
216.286: [GC216.286: [ParNew: 36353K->2151K(37568K), 0.0022830 secs] 312915K->280851K(889212K), 0.0023250 secs] [Times: user=0.02 sys=0.00, real=0.00 secs] 
216.289: Total time for which application threads were stopped: 0.0025060 seconds, Stopping threads took: 0.0001060 seconds
216.298: Application time: 0.0097470 seconds
216.298: [GC216.298: [ParNew: 34943K->1435K(37568K), 0.0016250 secs] 313643K->280847K(889212K), 0.0016720 secs] [Times: user=0.01 sys=0.00, real=0.00 secs] 
216.300: Total time for which application threads were stopped: 0.0018200 seconds, Stopping threads took: 0.0000750 seconds
216.382: Application time: 0.0822950 seconds
216.383: [GC216.383: [ParNew: 34236K->3572K(37568K), 0.0054060 secs] 313648K->295810K(889212K), 0.0054480 secs] [Times: user=0.04 sys=0.00, real=0.01 secs] 
216.388: Total time for which application threads were stopped: 0.0055930 seconds, Stopping threads took: 0.0000640 seconds
216.442: Application time: 0.0536800 seconds
216.442: [GC216.442: [ParNew: 36404K->3602K(37568K), 0.0049590 secs] 328642K->306529K(889212K), 0.0050040 secs] [Times: user=0.04 sys=0.00, real=0.01 secs] 
216.447: Total time for which application threads were stopped: 0.0051990 seconds, Stopping threads took: 0.0001190 seconds
216.458: Application time: 0.0109160 seconds
216.458: [GC216.458: [ParNew: 36390K->2147K(37568K), 0.0026790 secs] 339317K->308666K(889212K), 0.0027220 secs] [Times: user=0.02 sys=0.00, real=0.00 secs] 
216.461: Total time for which application threads were stopped: 0.0028850 seconds, Stopping threads took: 0.0000900 seconds
216.475: Application time: 0.0146860 seconds
216.476: [GC216.476: [ParNew: 34940K->3570K(37568K), 0.0027010 secs] 341458K->312226K(889212K), 0.0027440 secs] [Times: user=0.02 sys=0.00, real=0.00 secs] 
216.478: Total time for which application threads were stopped: 0.0028960 seconds, Stopping threads took: 0.0000760 seconds
216.488: Application time: 0.0095750 seconds
216.488: [GC216.488: [ParNew: 36362K->2143K(37568K), 0.0024380 secs] 345018K->313650K(889212K), 0.0024780 secs] [Times: user=0.02 sys=0.00, real=0.00 secs] 
216.491: Total time for which application threads were stopped: 0.0026530 seconds, Stopping threads took: 0.0001010 seconds
216.555: Application time: 0.0645720 seconds
216.555: [GC216.555: [ParNew: 34978K->3606K(37568K), 0.0056110 secs] 346484K->328651K(889212K), 0.0056560 secs] [Times: user=0.04 sys=0.00, real=0.00 secs] 
216.561: Total time for which application threads were stopped: 0.0057940 seconds, Stopping threads took: 0.0000650 seconds
216.576: Application time: 0.0149580 seconds
216.576: [GC216.576: [ParNew: 36392K->3568K(37568K), 0.0029100 secs] 361437K->331492K(889212K), 0.0029530 secs] [Times: user=0.02 sys=0.00, real=0.00 secs] 
216.579: Total time for which application threads were stopped: 0.0031320 seconds, Stopping threads took: 0.0001030 seconds
216.591: Application time: 0.0116860 seconds
216.591: [GC216.591: [ParNew: 36357K->3570K(37568K), 0.0026330 secs] 364281K->333632K(889212K), 0.0026750 secs] [Times: user=0.02 sys=0.00, real=0.00 secs] 
216.594: Total time for which application threads were stopped: 0.0028380 seconds, Stopping threads took: 0.0000840 seconds
216.605: Application time: 0.0115830 seconds
216.605: [GC216.605: [ParNew: 36389K->3615K(37568K), 0.0038260 secs] 366450K->340802K(889212K), 0.0038680 secs] [Times: user=0.03 sys=0.00, real=0.00 secs] 
216.609: Total time for which application threads were stopped: 0.0040380 seconds, Stopping threads took: 0.0000960 seconds
216.620: Application time: 0.0106910 seconds
216.620: [GC216.620: [ParNew: 36410K->2145K(37568K), 0.0023650 secs] 373597K->342212K(889212K), 0.0024080 secs] [Times: user=0.02 sys=0.00, real=0.01 secs] 
216.623: Total time for which application threads were stopped: 0.0029530 seconds, Stopping threads took: 0.0004570 seconds
216.631: Application time: 0.0080480 seconds
216.631: [GC216.631: [ParNew: 34941K->3574K(37568K), 0.0020520 secs] 375007K->344353K(889212K), 0.0020910 secs] [Times: user=0.01 sys=0.00, real=0.00 secs] 
216.633: Total time for which application threads were stopped: 0.0023060 seconds, Stopping threads took: 0.0001440 seconds
216.645: Application time: 0.0116350 seconds
216.645: [GC216.645: [ParNew: 36363K->3570K(37568K), 0.0026810 secs] 377141K->346488K(889212K), 0.0027330 secs] [Times: user=0.02 sys=0.00, real=0.00 secs] 
216.648: Total time for which application threads were stopped: 0.0028960 seconds, Stopping threads took: 0.0000900 seconds
216.661: Application time: 0.0131360 seconds
216.661: [GC216.661: [ParNew: 36362K->3573K(37568K), 0.0027480 secs] 379279K->349340K(889212K), 0.0027880 secs] [Times: user=0.03 sys=0.00, real=0.01 secs] 
216.664: Total time for which application threads were stopped: 0.0029430 seconds, Stopping threads took: 0.0000810 seconds
216.678: Application time: 0.0145040 seconds
216.678: [GC216.678: [ParNew: 36366K->3570K(37568K), 0.0023230 secs] 382133K->351475K(889212K), 0.0023640 secs] [Times: user=0.02 sys=0.00, real=0.00 secs] 
216.681: Total time for which application threads were stopped: 0.0025120 seconds, Stopping threads took: 0.0000760 seconds
216.715: Application time: 0.0338430 seconds
216.715: [GC216.715: [ParNew: 36390K->3602K(37568K), 0.0042730 secs] 384295K->360059K(889212K), 0.0043240 secs] [Times: user=0.03 sys=0.01, real=0.01 secs] 
216.719: Total time for which application threads were stopped: 0.0044670 seconds, Stopping threads took: 0.0000760 seconds
216.730: Application time: 0.0113260 seconds
216.731: [GC216.731: [ParNew: 36398K->3572K(37568K), 0.0026410 secs] 392855K->362907K(889212K), 0.0026810 secs] [Times: user=0.02 sys=0.00, real=0.00 secs] 
216.733: Total time for which application threads were stopped: 0.0028490 seconds, Stopping threads took: 0.0000930 seconds
216.748: Application time: 0.0148610 seconds
216.748: [GC216.748: [ParNew: 36356K->3562K(37568K), 0.0028500 secs] 395691K->365748K(889212K), 0.0028920 secs] [Times: user=0.02 sys=0.00, real=0.00 secs] 
216.751: Total time for which application threads were stopped: 0.0030640 seconds, Stopping threads took: 0.0000960 seconds
216.767: Application time: 0.0158950 seconds
216.767: [GC216.767: [ParNew: 36355K->3568K(37568K), 0.0026940 secs] 398541K->367892K(889212K), 0.0027370 secs] [Times: user=0.02 sys=0.00, real=0.00 secs] 
216.770: Total time for which application threads were stopped: 0.0029330 seconds, Stopping threads took: 0.0001220 seconds
216.875: Application time: 0.1053300 seconds
216.875: [GC216.876: [ParNew: 36369K->3572K(37568K), 0.0055290 secs] 400692K->381433K(889212K), 0.0055720 secs] [Times: user=0.04 sys=0.00, real=0.00 secs] 
216.881: Total time for which application threads were stopped: 0.0057030 seconds, Stopping threads took: 0.0000600 seconds
217.036: Application time: 0.1552740 seconds
217.036: [GC217.037: [ParNew: 36364K->3564K(37568K), 0.0051810 secs] 414225K->393539K(889212K), 0.0052230 secs] [Times: user=0.04 sys=0.00, real=0.00 secs] 
217.042: Total time for which application threads were stopped: 0.0053700 seconds, Stopping threads took: 0.0000670 seconds
217.172: Application time: 0.1305270 seconds
217.172: [GC217.172: [ParNew: 36362K->3572K(37568K), 0.0051680 secs] 426337K->405660K(889212K), 0.0052120 secs] [Times: user=0.04 sys=0.00, real=0.01 secs] 
217.178: Total time for which application threads were stopped: 0.0053460 seconds, Stopping threads took: 0.0000610 seconds
217.322: Application time: 0.1447200 seconds
217.322: [GC217.322: [ParNew: 36379K->3572K(37568K), 0.0058240 secs] 438467K->419199K(889212K), 0.0058690 secs] [Times: user=0.04 sys=0.00, real=0.01 secs] 
217.328: Total time for which application threads were stopped: 0.0060170 seconds, Stopping threads took: 0.0000770 seconds
217.482: Application time: 0.1540940 seconds
217.483: [GC217.483: [ParNew: 36379K->3574K(37568K), 0.0051730 secs] 452005K->432028K(889212K), 0.0052140 secs] [Times: user=0.04 sys=0.00, real=0.01 secs] 
217.488: Total time for which application threads were stopped: 0.0053770 seconds, Stopping threads took: 0.0000910 seconds
217.631: Application time: 0.1427350 seconds
217.631: [GC217.631: [ParNew: 36373K->3568K(37568K), 0.0051180 secs] 464826K->444136K(889212K), 0.0051630 secs] [Times: user=0.04 sys=0.00, real=0.01 secs] 
217.636: Total time for which application threads were stopped: 0.0052990 seconds, Stopping threads took: 0.0000570 seconds
217.775: Application time: 0.1396330 seconds
217.776: [GC217.776: [ParNew: 36375K->3574K(37568K), 0.0052710 secs] 476943K->456968K(889212K), 0.0053210 secs] [Times: user=0.04 sys=0.00, real=0.00 secs] 
217.781: Total time for which application threads were stopped: 0.0054690 seconds, Stopping threads took: 0.0000820 seconds
217.889: Application time: 0.1082720 seconds
217.889: [GC217.889: [ParNew: 36367K->3562K(37568K), 0.0055840 secs] 489761K->469783K(889212K), 0.0056280 secs] [Times: user=0.05 sys=0.00, real=0.01 secs] 
217.895: Total time for which application threads were stopped: 0.0057850 seconds, Stopping threads took: 0.0000840 seconds
218.052: Application time: 0.1565150 seconds
218.052: [GC218.052: [ParNew: 36363K->3572K(37568K), 0.0051910 secs] 502584K->481906K(889212K), 0.0052340 secs] [Times: user=0.04 sys=0.00, real=0.01 secs] 
218.057: Total time for which application threads were stopped: 0.0053780 seconds, Stopping threads took: 0.0000720 seconds
218.192: Application time: 0.1355290 seconds
218.193: [GC218.193: [ParNew: 36365K->3564K(37568K), 0.0052270 secs] 514699K->494012K(889212K), 0.0052690 secs] [Times: user=0.04 sys=0.00, real=0.01 secs] 
218.198: Total time for which application threads were stopped: 0.0054220 seconds, Stopping threads took: 0.0000700 seconds
218.339: Application time: 0.1414460 seconds
218.339: [GC218.339: [ParNew: 36374K->3574K(37568K), 0.0055080 secs] 526822K->507560K(889212K), 0.0055530 secs] [Times: user=0.04 sys=0.00, real=0.01 secs] 
218.345: Total time for which application threads were stopped: 0.0056850 seconds, Stopping threads took: 0.0000590 seconds
218.456: Application time: 0.1112780 seconds
218.456: [GC218.456: [ParNew: 36385K->3572K(37568K), 0.0053690 secs] 540371K->520386K(889212K), 0.0054130 secs] [Times: user=0.04 sys=0.00, real=0.00 secs] 
218.462: Total time for which application threads were stopped: 0.0055690 seconds, Stopping threads took: 0.0000830 seconds
218.574: Application time: 0.1125360 seconds
218.575: [GC218.575: [ParNew: 36366K->3562K(37568K), 0.0049120 secs] 553179K->531779K(889212K), 0.0049560 secs] [Times: user=0.04 sys=0.00, real=0.01 secs] 
218.579: Total time for which application threads were stopped: 0.0050850 seconds, Stopping threads took: 0.0000570 seconds
218.690: Application time: 0.1110090 seconds
218.691: [GC218.691: [ParNew: 36381K->3578K(37568K), 0.0055030 secs] 564597K->545333K(889212K), 0.0055450 secs] [Times: user=0.05 sys=0.00, real=0.01 secs] 
218.696: Total time for which application threads were stopped: 0.0056810 seconds, Stopping threads took: 0.0000670 seconds
218.808: Application time: 0.1113740 seconds
218.808: [GC218.808: [ParNew: 36372K->3562K(37568K), 0.0052290 secs] 578127K->557434K(889212K), 0.0052710 secs] [Times: user=0.04 sys=0.00, real=0.00 secs] 
218.813: Total time for which application threads were stopped: 0.0054170 seconds, Stopping threads took: 0.0000590 seconds
218.923: Application time: 0.1104540 seconds
218.924: [GC218.924: [ParNew: 36356K->3562K(37568K), 0.0051090 secs] 590227K->569547K(889212K), 0.0051490 secs] [Times: user=0.04 sys=0.00, real=0.00 secs] 
218.929: Total time for which application threads were stopped: 0.0052740 seconds, Stopping threads took: 0.0000570 seconds
219.033: Application time: 0.1038460 seconds
219.033: [GC219.033: [ParNew: 36365K->3574K(37568K), 0.0055500 secs] 602350K->582386K(889212K), 0.0055930 secs] [Times: user=0.04 sys=0.00, real=0.01 secs] 
219.038: Total time for which application threads were stopped: 0.0057340 seconds, Stopping threads took: 0.0000670 seconds
219.153: Application time: 0.1150260 seconds
219.153: [GC219.153: [ParNew: 36369K->3562K(37568K), 0.0053310 secs] 615180K->594488K(889212K), 0.0053730 secs] [Times: user=0.04 sys=0.00, real=0.01 secs] 
219.159: Total time for which application threads were stopped: 0.0055140 seconds, Stopping threads took: 0.0000670 seconds
219.261: Application time: 0.1021810 seconds
219.261: [GC219.261: [ParNew: 36372K->3576K(37568K), 0.0055630 secs] 627298K->607329K(889212K), 0.0056030 secs] [Times: user=0.04 sys=0.00, real=0.01 secs] 
219.267: Total time for which application threads were stopped: 0.0057720 seconds, Stopping threads took: 0.0000790 seconds
219.335: Application time: 0.0678980 seconds
219.335: [GC219.335: [ParNew: 36410K->3605K(37568K), 0.0051620 secs] 640162K->618760K(889212K), 0.0052070 secs] [Times: user=0.04 sys=0.00, real=0.00 secs] 
219.340: Total time for which application threads were stopped: 0.0053800 seconds, Stopping threads took: 0.0000760 seconds
219.351: Application time: 0.0105670 seconds
219.351: [GC219.351: [ParNew: 36393K->3568K(37568K), 0.0034880 secs] 651549K->623741K(889212K), 0.0035330 secs] [Times: user=0.02 sys=0.00, real=0.00 secs] 
219.354: Total time for which application threads were stopped: 0.0037270 seconds, Stopping threads took: 0.0001090 seconds
219.368: Application time: 0.0138870 seconds
219.368: [GC219.368: [ParNew: 36358K->3570K(37568K), 0.0028530 secs] 656531K->626594K(889212K), 0.0029010 secs] [Times: user=0.02 sys=0.00, real=0.00 secs] 
219.371: Total time for which application threads were stopped: 0.0030780 seconds, Stopping threads took: 0.0001090 seconds
219.382: Application time: 0.0105070 seconds
219.382: [GC219.382: [ParNew: 36365K->3569K(37568K), 0.0030060 secs] 659388K->630155K(889212K), 0.0030490 secs] [Times: user=0.02 sys=0.00, real=0.01 secs] 
219.385: Total time for which application threads were stopped: 0.0032180 seconds, Stopping threads took: 0.0000930 seconds
219.430: Application time: 0.0447080 seconds
219.430: [GC219.430: [ParNew: 36367K->3572K(37568K), 0.0043890 secs] 662954K->639422K(889212K), 0.0044330 secs] [Times: user=0.03 sys=0.00, real=0.00 secs] 
219.434: Total time for which application threads were stopped: 0.0045800 seconds, Stopping threads took: 0.0000730 seconds
219.552: Application time: 0.1174780 seconds
219.552: [GC219.552: [ParNew: 36367K->3562K(37568K), 0.0052570 secs] 672217K->651527K(889212K), 0.0053000 secs] [Times: user=0.04 sys=0.00, real=0.01 secs] 
219.557: Total time for which application threads were stopped: 0.0054580 seconds, Stopping threads took: 0.0000850 seconds
219.651: Application time: 0.0941910 seconds
219.652: [GC219.652: [ParNew: 36379K->3578K(37568K), 0.0056690 secs] 684343K->665082K(889212K), 0.0057140 secs] [Times: user=0.04 sys=0.00, real=0.01 secs] 
219.657: Total time for which application threads were stopped: 0.0058510 seconds, Stopping threads took: 0.0000620 seconds
219.779: Application time: 0.1214750 seconds
219.779: [GC219.779: [ParNew: 36373K->3562K(37568K), 0.0054570 secs] 697876K->677895K(889212K), 0.0055000 secs] [Times: user=0.04 sys=0.00, real=0.01 secs] 
219.784: Total time for which application threads were stopped: 0.0056410 seconds, Stopping threads took: 0.0000710 seconds
219.890: Application time: 0.1050400 seconds
219.890: [GC219.890: [ParNew: 36970K->3610K(37568K), 0.0049670 secs] 711303K->689343K(889212K), 0.0050060 secs] [Times: user=0.03 sys=0.00, real=0.00 secs] 
219.895: Total time for which application threads were stopped: 0.0051470 seconds, Stopping threads took: 0.0000620 seconds
219.914: Application time: 0.0189690 seconds
219.914: [GC219.914: [ParNew: 36528K->3574K(37568K), 0.0030640 secs] 722261K->692899K(889212K), 0.0031060 secs] [Times: user=0.02 sys=0.00, real=0.01 secs] 
219.917: Total time for which application threads were stopped: 0.0032810 seconds, Stopping threads took: 0.0001010 seconds
219.929: Application time: 0.0123110 seconds
219.929: [GC219.929: [ParNew: 36361K->1437K(37568K), 0.0018010 secs] 725685K->692186K(889212K), 0.0018390 secs] [Times: user=0.01 sys=0.00, real=0.00 secs] 
219.931: Total time for which application threads were stopped: 0.0020100 seconds, Stopping threads took: 0.0000990 seconds
219.944: Application time: 0.0123940 seconds
219.944: [GC219.944: [ParNew: 34228K->3577K(37568K), 0.0024100 secs] 724978K->695751K(889212K), 0.0024520 secs] [Times: user=0.02 sys=0.00, real=0.00 secs] 
219.946: Total time for which application threads were stopped: 0.0026330 seconds, Stopping threads took: 0.0001070 seconds
219.954: Application time: 0.0073980 seconds
219.954: [GC219.954: [ParNew: 36363K->3564K(37568K), 0.0030270 secs] 728538K->699303K(889212K), 0.0030790 secs] [Times: user=0.02 sys=0.00, real=0.01 secs] 
219.957: Total time for which application threads were stopped: 0.0032430 seconds, Stopping threads took: 0.0000900 seconds
220.061: Application time: 0.1039350 seconds
220.061: [GC220.061: [ParNew: 36366K->3576K(37568K), 0.0053820 secs] 732105K->712141K(889212K), 0.0054240 secs] [Times: user=0.04 sys=0.00, real=0.01 secs] 
220.066: Total time for which application threads were stopped: 0.0055550 seconds, Stopping threads took: 0.0000580 seconds
220.134: Application time: 0.0679880 seconds
220.135: [GC220.135: [ParNew: 36404K->3602K(37568K), 0.0057890 secs] 744969K->725706K(889212K), 0.0058340 secs] [Times: user=0.04 sys=0.00, real=0.01 secs] 
220.140: Total time for which application threads were stopped: 0.0060120 seconds, Stopping threads took: 0.0001010 seconds
220.153: Application time: 0.0126790 seconds
220.153: [GC220.153: [ParNew: 36388K->2860K(37568K), 0.0024540 secs] 758492K->727129K(889212K), 0.0024980 secs] [Times: user=0.02 sys=0.00, real=0.01 secs] 
220.156: Total time for which application threads were stopped: 0.0026910 seconds, Stopping threads took: 0.0001190 seconds
220.170: Application time: 0.0142890 seconds
220.170: [GC220.170: [ParNew: 35650K->3574K(37568K), 0.0020520 secs] 759919K->727844K(889212K), 0.0020910 secs] [Times: user=0.01 sys=0.00, real=0.00 secs] 
220.172: Total time for which application threads were stopped: 0.0022430 seconds, Stopping threads took: 0.0000840 seconds
220.182: Application time: 0.0101700 seconds
220.183: [GC220.183: [ParNew: 36368K->3570K(37568K), 0.0028050 secs] 760638K->730690K(889212K), 0.0028480 secs] [Times: user=0.02 sys=0.00, real=0.01 secs] 
220.186: Total time for which application threads were stopped: 0.0030130 seconds, Stopping threads took: 0.0000900 seconds
220.228: Application time: 0.0420690 seconds
220.228: [GC220.228: [ParNew: 36402K->3604K(37568K), 0.0062090 secs] 763521K->741412K(889212K), 0.0062510 secs] [Times: user=0.05 sys=0.00, real=0.00 secs] 
220.234: Total time for which application threads were stopped: 0.0063830 seconds, Stopping threads took: 0.0000640 seconds
220.249: Application time: 0.0149470 seconds
220.249: [GC220.249: [ParNew: 36390K->3566K(37568K), 0.0027880 secs] 774198K->744254K(889212K), 0.0028320 secs] [Times: user=0.02 sys=0.00, real=0.00 secs] 
220.252: Total time for which application threads were stopped: 0.0029940 seconds, Stopping threads took: 0.0000880 seconds
220.264: Application time: 0.0121680 seconds
220.264: [GC220.264: [ParNew: 36353K->2147K(37568K), 0.0022480 secs] 777040K->744972K(889212K), 0.0022870 secs] [Times: user=0.01 sys=0.00, real=0.00 secs] 
220.267: Total time for which application threads were stopped: 0.0024580 seconds, Stopping threads took: 0.0000960 seconds
220.278: Application time: 0.0118400 seconds
220.279: [GC220.279: [ParNew: 34941K->3564K(37568K), 0.0029710 secs] 777766K->749952K(889212K), 0.0030150 secs] [Times: user=0.02 sys=0.00, real=0.00 secs] 
220.282: Total time for which application threads were stopped: 0.0031770 seconds, Stopping threads took: 0.0000880 seconds
220.296: Application time: 0.0142190 seconds
220.296: [GC220.296: [ParNew: 36391K->2888K(37568K), 0.0022350 secs] 782779K->751413K(889212K), 0.0022740 secs] [Times: user=0.01 sys=0.00, real=0.00 secs] 
220.298: Total time for which application threads were stopped: 0.0024070 seconds, Stopping threads took: 0.0000600 seconds
220.313: Application time: 0.0150630 seconds
220.313: [GC220.313: [ParNew: 35672K->3564K(37568K), 0.0038100 secs] 784197K->758533K(889212K), 0.0038570 secs] [Times: user=0.03 sys=0.00, real=0.01 secs] 
220.317: Total time for which application threads were stopped: 0.0040400 seconds, Stopping threads took: 0.0001040 seconds
220.329: Application time: 0.0113400 seconds
220.329: [GC220.329: [ParNew: 36358K->1437K(37568K), 0.0021980 secs] 791327K->759256K(889212K), 0.0022370 secs] [Times: user=0.02 sys=0.00, real=0.00 secs] 
220.331: Total time for which application threads were stopped: 0.0023960 seconds, Stopping threads took: 0.0000770 seconds
220.348: Application time: 0.0172640 seconds
220.348: [GC220.348: [ParNew: 34227K->3575K(37568K), 0.0022000 secs] 792046K->762106K(889212K), 0.0022420 secs] [Times: user=0.02 sys=0.00, real=0.00 secs] 
220.351: Total time for which application threads were stopped: 0.0023890 seconds, Stopping threads took: 0.0000740 seconds
220.358: Application time: 0.0076660 seconds
220.358: [GC220.358: [ParNew: 36367K->2145K(37568K), 0.0022960 secs] 794898K->763528K(889212K), 0.0023390 secs] [Times: user=0.02 sys=0.00, real=0.00 secs] 
220.361: Total time for which application threads were stopped: 0.0024870 seconds, Stopping threads took: 0.0000760 seconds
220.475: Application time: 0.1143380 seconds
220.475: [GC220.475: [ParNew: 34946K->3570K(37568K), 0.0057480 secs] 796329K->779204K(889212K), 0.0057930 secs] [Times: user=0.04 sys=0.00, real=0.00 secs] 
220.481: Total time for which application threads were stopped: 0.0059310 seconds, Stopping threads took: 0.0000600 seconds
220.556: Application time: 0.0750130 seconds
220.556: [GC220.556: [ParNew: 36396K->3604K(37568K), 0.0054830 secs] 812030K->791352K(889212K), 0.0055250 secs] [Times: user=0.04 sys=0.00, real=0.00 secs] 
220.562: Total time for which application threads were stopped: 0.0056830 seconds, Stopping threads took: 0.0000840 seconds
220.562: Application time: 0.0000570 seconds
220.562: [GC [1 CMS-initial-mark: 787747K(851644K)] 792064K(889212K), 0.0001380 secs] [Times: user=0.00 sys=0.00, real=0.00 secs] 
220.562: Total time for which application threads were stopped: 0.0002620 seconds, Stopping threads took: 0.0000990 seconds
220.562: [CMS-concurrent-mark-start]
220.569: [CMS-concurrent-mark: 0.007/0.007 secs] [Times: user=0.04 sys=0.00, real=0.01 secs] 
220.569: [CMS-concurrent-preclean-start]
220.571: [CMS-concurrent-preclean: 0.002/0.002 secs] [Times: user=0.02 sys=0.00, real=0.00 secs] 
220.571: [CMS-concurrent-abortable-preclean-start]
220.573: Application time: 0.0109290 seconds
220.573: [GC220.573: [ParNew: 36392K->3568K(37568K), 0.0034010 secs] 824140K->796332K(889212K), 0.0034390 secs] [Times: user=0.03 sys=0.00, real=0.01 secs] 
220.577: Total time for which application threads were stopped: 0.0036050 seconds, Stopping threads took: 0.0000940 seconds
220.591: Application time: 0.0145540 seconds
220.592: [GC220.592: [ParNew: 36356K->1435K(37568K), 0.0020720 secs] 829120K->796336K(889212K), 0.0021150 secs] [Times: user=0.02 sys=0.00, real=0.00 secs] 
220.594: Total time for which application threads were stopped: 0.0025430 seconds, Stopping threads took: 0.0003320 seconds
220.603: Application time: 0.0095910 seconds
220.604: [GC220.604: [ParNew: 34697K->3611K(37568K), 0.0024150 secs] 829599K->799938K(889212K), 0.0024570 secs] [Times: user=0.02 sys=0.00, real=0.00 secs] 
220.606: Total time for which application threads were stopped: 0.0026910 seconds, Stopping threads took: 0.0001620 seconds
220.620: Application time: 0.0140450 seconds
220.620: [GC220.620: [ParNew: 36688K->3574K(37568K), 0.0036180 secs] 833014K->805629K(889212K), 0.0036600 secs] [Times: user=0.03 sys=0.00, real=0.01 secs] 
220.624: Total time for which application threads were stopped: 0.0038230 seconds, Stopping threads took: 0.0000860 seconds
220.636: Application time: 0.0124420 seconds
220.637: [GC220.637: [ParNew: 36360K->3570K(37568K), 0.0031140 secs] 838415K->809189K(889212K), 0.0031570 secs] [Times: user=0.03 sys=0.00, real=0.00 secs] 
220.640: Total time for which application threads were stopped: 0.0033210 seconds, Stopping threads took: 0.0000900 seconds
220.653: Application time: 0.0136280 seconds
220.653: [GC220.653: [ParNew: 36905K->2190K(37568K), 0.0022170 secs] 842524K->809947K(889212K), 0.0022580 secs] [Times: user=0.02 sys=0.00, real=0.01 secs] 
220.656: Total time for which application threads were stopped: 0.0024400 seconds, Stopping threads took: 0.0001060 seconds
220.667: Application time: 0.0110470 seconds
220.667: [GC220.667: [ParNew: 35146K->1442K(37568K), 0.0017500 secs] 842903K->809939K(889212K), 0.0017890 secs] [Times: user=0.02 sys=0.00, real=0.00 secs] 
220.669: Total time for which application threads were stopped: 0.0019440 seconds, Stopping threads took: 0.0000820 seconds
220.679: Application time: 0.0104350 seconds
220.679: [GC220.679: [ParNew: 34272K->3576K(37568K), 0.0026260 secs] 842770K->814211K(889212K), 0.0026680 secs] [Times: user=0.02 sys=0.00, real=0.00 secs] 
220.682: Total time for which application threads were stopped: 0.0028460 seconds, Stopping threads took: 0.0001030 seconds
220.694: Application time: 0.0120710 seconds
220.694: [GC220.694: [ParNew: 36362K->2145K(37568K), 0.0025160 secs] 846997K->815631K(889212K), 0.0025560 secs] [Times: user=0.02 sys=0.00, real=0.01 secs] 
220.697: Total time for which application threads were stopped: 0.0027800 seconds, Stopping threads took: 0.0001500 seconds
220.710: Application time: 0.0135590 seconds
220.711: [GC220.711: [ParNew: 34940K->3572K(37568K), 0.0035790 secs] 848427K->822759K(889212K), 0.0036210 secs] [Times: user=0.02 sys=0.00, real=0.01 secs] 
220.715: Total time for which application threads were stopped: 0.0045890 seconds, Stopping threads took: 0.0008960 seconds
220.726: Application time: 0.0107030 seconds
220.726: [GC220.726: [ParNew: 36366K->2860K(37568K), 0.0025640 secs] 855553K->824897K(889212K), 0.0026060 secs] [Times: user=0.02 sys=0.00, real=0.00 secs] 
220.729: Total time for which application threads were stopped: 0.0028640 seconds, Stopping threads took: 0.0001830 seconds
220.805: Application time: 0.0766030 seconds
220.805: [GC220.805: [ParNew: 35664K->3572K(37568K), 0.0049140 secs] 857700K->837009K(889212K), 0.0049560 secs] [Times: user=0.04 sys=0.00, real=0.00 secs] 
220.810: Total time for which application threads were stopped: 0.0050860 seconds, Stopping threads took: 0.0000570 seconds
220.943: Application time: 0.1323240 seconds
220.943: [GC220.943: [ParNew: 36364K->3562K(37568K), 0.0048840 secs] 869801K->849113K(894224K), 0.0049330 secs] [Times: user=0.03 sys=0.00, real=0.01 secs] 
220.948: Total time for which application threads were stopped: 0.0050960 seconds, Stopping threads took: 0.0000900 seconds
220.948: [CMS-concurrent-abortable-preclean: 0.019/0.376 secs] [Times: user=2.91 sys=0.01, real=0.38 secs] 
220.948: Application time: 0.0000620 seconds
220.948: [GC[YG occupancy: 4275 K (37568 K)]220.948: [Rescan (parallel) , 0.0002850 secs]220.948: [weak refs processing, 0.0000060 secs]220.948: [scrub string table, 0.0001220 secs] [1 CMS-remark: 845550K(856656K)] 849825K(894224K), 0.0004330 secs] [Times: user=0.01 sys=0.00, real=0.00 secs] 
220.948: Total time for which application threads were stopped: 0.0005890 seconds, Stopping threads took: 0.0001290 seconds
220.948: [CMS-concurrent-sweep-start]
220.950: [CMS-concurrent-sweep: 0.002/0.002 secs] [Times: user=0.00 sys=0.00, real=0.00 secs] 
220.950: [CMS-concurrent-reset-start]
220.952: [CMS-concurrent-reset: 0.002/0.002 secs] [Times: user=0.02 sys=0.00, real=0.00 secs] 
221.096: Application time: 0.1475380 seconds
221.096: [GC221.096: [ParNew: 36362K->3566K(37568K), 0.0055240 secs] 118323K->99065K(894224K), 0.0055670 secs] [Times: user=0.05 sys=0.00, real=0.00 secs] 
221.102: Total time for which application threads were stopped: 0.0057160 seconds, Stopping threads took: 0.0000660 seconds
221.251: Application time: 0.1491620 seconds
221.251: [GC221.251: [ParNew: 36364K->3570K(37568K), 0.0050350 secs] 131863K->111183K(894224K), 0.0050790 secs] [Times: user=0.04 sys=0.00, real=0.01 secs] 
221.256: Total time for which application threads were stopped: 0.0052360 seconds, Stopping threads took: 0.0000870 seconds
221.393: Application time: 0.1370300 seconds
221.393: [GC221.393: [ParNew: 36386K->3574K(37568K), 0.0058090 secs] 143998K->125438K(894224K), 0.0058530 secs] [Times: user=0.04 sys=0.00, real=0.01 secs] 
221.399: Total time for which application threads were stopped: 0.0059810 seconds, Stopping threads took: 0.0000590 seconds
221.529: Application time: 0.1303010 seconds
221.529: [GC221.529: [ParNew: 36366K->3562K(37568K), 0.0052560 secs] 158230K->138254K(894224K), 0.0053020 secs] [Times: user=0.04 sys=0.00, real=0.00 secs] 
221.535: Total time for which application threads were stopped: 0.0054380 seconds, Stopping threads took: 0.0000590 seconds
221.669: Application time: 0.1342770 seconds
221.669: [GC221.669: [ParNew: 36375K->3574K(37568K), 0.0054510 secs] 171067K->151091K(894224K), 0.0054930 secs] [Times: user=0.04 sys=0.00, real=0.00 secs] 
221.675: Total time for which application threads were stopped: 0.0056370 seconds, Stopping threads took: 0.0000560 seconds
221.821: Application time: 0.1467830 seconds
221.822: [GC221.822: [ParNew: 36366K->3564K(37568K), 0.0051180 secs] 183883K->163197K(894224K), 0.0051680 secs] [Times: user=0.03 sys=0.01, real=0.01 secs] 
221.827: Total time for which application threads were stopped: 0.0053240 seconds, Stopping threads took: 0.0000830 seconds
221.958: Application time: 0.1314270 seconds
221.958: [GC221.958: [ParNew: 36365K->3570K(37568K), 0.0051390 secs] 195997K->175315K(894224K), 0.0051830 secs] [Times: user=0.04 sys=0.00, real=0.01 secs] 
221.964: Total time for which application threads were stopped: 0.0053110 seconds, Stopping threads took: 0.0000570 seconds
222.091: Application time: 0.1272520 seconds
222.091: [GC222.091: [ParNew: 36363K->3562K(37568K), 0.0053210 secs] 208108K->188134K(894224K), 0.0053630 secs] [Times: user=0.04 sys=0.00, real=0.01 secs] 
222.096: Total time for which application threads were stopped: 0.0054950 seconds, Stopping threads took: 0.0000610 seconds
222.239: Application time: 0.1431590 seconds
222.240: [GC222.240: [ParNew: 36372K->3578K(37568K), 0.0052080 secs] 220943K->200976K(894224K), 0.0052520 secs] [Times: user=0.04 sys=0.00, real=0.01 secs] 
222.245: Total time for which application threads were stopped: 0.0053980 seconds, Stopping threads took: 0.0000660 seconds
222.352: Application time: 0.1070240 seconds
222.352: [GC222.352: [ParNew: 36386K->3572K(37568K), 0.0056040 secs] 233783K->214510K(894224K), 0.0056470 secs] [Times: user=0.04 sys=0.00, real=0.01 secs] 
222.358: Total time for which application threads were stopped: 0.0058090 seconds, Stopping threads took: 0.0000900 seconds
222.492: Application time: 0.1346380 seconds
222.493: [GC222.493: [ParNew: 36366K->3566K(37568K), 0.0047250 secs] 247303K->225194K(894224K), 0.0047680 secs] [Times: user=0.04 sys=0.00, real=0.01 secs] 
222.497: Total time for which application threads were stopped: 0.0049530 seconds, Stopping threads took: 0.0001110 seconds
222.599: Application time: 0.1012930 seconds
222.599: [GC222.599: [ParNew: 36385K->3576K(37568K), 0.0050550 secs] 258012K->237317K(894224K), 0.0050980 secs] [Times: user=0.04 sys=0.00, real=0.01 secs] 
222.604: Total time for which application threads were stopped: 0.0052330 seconds, Stopping threads took: 0.0000610 seconds
222.728: Application time: 0.1245480 seconds
222.729: [GC222.729: [ParNew: 36370K->3562K(37568K), 0.0055010 secs] 270111K->250132K(894224K), 0.0055450 secs] [Times: user=0.04 sys=0.00, real=0.00 secs] 
222.734: Total time for which application threads were stopped: 0.0056990 seconds, Stopping threads took: 0.0000850 seconds
222.824: Application time: 0.0898340 seconds
222.827: [GC222.827: [ParNew: 36356K->3562K(37568K), 0.0049110 secs] 282926K->261533K(894224K), 0.0049530 secs] [Times: user=0.04 sys=0.00, real=0.00 secs] 
222.832: Total time for which application threads were stopped: 0.0079330 seconds, Stopping threads took: 0.0029020 seconds
222.958: Application time: 0.1261860 seconds
222.958: [GC222.958: [ParNew: 36363K->3568K(37568K), 0.0053850 secs] 294334K->274365K(894224K), 0.0054300 secs] [Times: user=0.04 sys=0.00, real=0.01 secs] 
222.964: Total time for which application threads were stopped: 0.0055680 seconds, Stopping threads took: 0.0000660 seconds
223.065: Application time: 0.1011950 seconds
223.065: [GC223.065: [ParNew: 36363K->3564K(37568K), 0.0051830 secs] 307160K->286476K(894224K), 0.0052260 secs] [Times: user=0.04 sys=0.00, real=0.00 secs] 
223.070: Total time for which application threads were stopped: 0.0053740 seconds, Stopping threads took: 0.0000740 seconds
223.172: Application time: 0.1014680 seconds
223.172: [GC223.172: [ParNew: 36374K->3568K(37568K), 0.0057140 secs] 319286K->300019K(894224K), 0.0057690 secs] [Times: user=0.05 sys=0.00, real=0.01 secs] 
223.178: Total time for which application threads were stopped: 0.0059060 seconds, Stopping threads took: 0.0000630 seconds
223.262: Application time: 0.0844920 seconds
223.262: [GC223.262: [ParNew: 36405K->3602K(37568K), 0.0059340 secs] 332855K->313594K(894224K), 0.0059790 secs] [Times: user=0.05 sys=0.00, real=0.01 secs] 
223.268: Total time for which application threads were stopped: 0.0061370 seconds, Stopping threads took: 0.0000820 seconds
223.281: Application time: 0.0129170 seconds
223.281: [GC223.281: [ParNew: 36391K->3566K(37568K), 0.0031110 secs] 346383K->317863K(894224K), 0.0031550 secs] [Times: user=0.02 sys=0.00, real=0.01 secs] 
223.284: Total time for which application threads were stopped: 0.0033120 seconds, Stopping threads took: 0.0000820 seconds
223.297: Application time: 0.0127780 seconds
223.298: [GC223.298: [ParNew: 36355K->2149K(37568K), 0.0020420 secs] 350652K->318584K(894224K), 0.0020830 secs] [Times: user=0.01 sys=0.00, real=0.00 secs] 
223.300: Total time for which application threads were stopped: 0.0029380 seconds, Stopping threads took: 0.0007820 seconds
223.312: Application time: 0.0114650 seconds
223.312: [GC223.312: [ParNew: 34944K->2858K(37568K), 0.0021710 secs] 351378K->320718K(894224K), 0.0022110 secs] [Times: user=0.02 sys=0.00, real=0.00 secs] 
223.314: Total time for which application threads were stopped: 0.0023990 seconds, Stopping threads took: 0.0001130 seconds
223.352: Application time: 0.0380640 seconds
223.352: [GC223.352: [ParNew: 35657K->3574K(37568K), 0.0037080 secs] 353517K->328560K(894224K), 0.0037510 secs] [Times: user=0.02 sys=0.00, real=0.01 secs] 
223.356: Total time for which application threads were stopped: 0.0039200 seconds, Stopping threads took: 0.0000860 seconds
223.479: Application time: 0.1226070 seconds
223.479: [GC223.479: [ParNew: 36369K->3564K(37568K), 0.0050590 secs] 361355K->340665K(894224K), 0.0051020 secs] [Times: user=0.04 sys=0.00, real=0.01 secs] 
223.484: Total time for which application threads were stopped: 0.0052340 seconds, Stopping threads took: 0.0000670 seconds
223.581: Application time: 0.0969060 seconds
223.581: [GC223.581: [ParNew: 36372K->3572K(37568K), 0.0051560 secs] 373472K->352786K(894224K), 0.0052000 secs] [Times: user=0.04 sys=0.00, real=0.01 secs] 
223.586: Total time for which application threads were stopped: 0.0053450 seconds, Stopping threads took: 0.0000810 seconds
223.682: Application time: 0.0957300 seconds
223.682: [GC223.682: [ParNew: 36375K->3568K(37568K), 0.0056420 secs] 385589K->366323K(894224K), 0.0056840 secs] [Times: user=0.05 sys=0.00, real=0.01 secs] 
223.688: Total time for which application threads were stopped: 0.0058320 seconds, Stopping threads took: 0.0000750 seconds
223.808: Application time: 0.1202760 seconds
223.808: [GC223.808: [ParNew: 36362K->3564K(37568K), 0.0046870 secs] 399117K->377008K(894224K), 0.0047340 secs] [Times: user=0.03 sys=0.00, real=0.00 secs] 
223.813: Total time for which application threads were stopped: 0.0050260 seconds, Stopping threads took: 0.0002050 seconds
223.871: Application time: 0.0577050 seconds
223.871: [GC223.871: [ParNew: 36386K->3604K(37568K), 0.0043960 secs] 409830K->385599K(894224K), 0.0044400 secs] [Times: user=0.03 sys=0.00, real=0.01 secs] 
223.875: Total time for which application threads were stopped: 0.0047780 seconds, Stopping threads took: 0.0002550 seconds
223.885: Application time: 0.0091920 seconds
223.885: [GC223.885: [ParNew: 36395K->3568K(37568K), 0.0036880 secs] 418389K->391292K(894224K), 0.0037320 secs] [Times: user=0.02 sys=0.00, real=0.00 secs] 
223.889: Total time for which application threads were stopped: 0.0038910 seconds, Stopping threads took: 0.0000830 seconds
223.900: Application time: 0.0119040 seconds
223.901: [GC223.901: [ParNew: 36362K->3574K(37568K), 0.0034880 secs] 424086K->396998K(894224K), 0.0035330 secs] [Times: user=0.02 sys=0.00, real=0.01 secs] 
223.905: Total time for which application threads were stopped: 0.0043980 seconds, Stopping threads took: 0.0007830 seconds
223.915: Application time: 0.0102660 seconds
223.915: [GC223.915: [ParNew: 36367K->2141K(37568K), 0.0024120 secs] 429790K->398416K(894224K), 0.0024550 secs] [Times: user=0.02 sys=0.00, real=0.00 secs] 
223.918: Total time for which application threads were stopped: 0.0026360 seconds, Stopping threads took: 0.0001050 seconds
223.983: Application time: 0.0652370 seconds
223.983: [GC223.983: [ParNew: 34941K->3572K(37568K), 0.0048840 secs] 431215K->410535K(894224K), 0.0049210 secs] [Times: user=0.04 sys=0.00, real=0.00 secs] 
223.988: Total time for which application threads were stopped: 0.0050340 seconds, Stopping threads took: 0.0000520 seconds
224.060: Application time: 0.0721320 seconds
224.060: [GC224.060: [ParNew: 36400K->3600K(37568K), 0.0056120 secs] 443363K->423389K(894224K), 0.0056580 secs] [Times: user=0.04 sys=0.00, real=0.01 secs] 
224.066: Total time for which application threads were stopped: 0.0058490 seconds, Stopping threads took: 0.0001150 seconds
224.077: Application time: 0.0110440 seconds
224.077: [GC224.077: [ParNew: 36390K->3570K(37568K), 0.0032240 secs] 456179K->428375K(894224K), 0.0032660 secs] [Times: user=0.02 sys=0.00, real=0.00 secs] 
224.081: Total time for which application threads were stopped: 0.0036930 seconds, Stopping threads took: 0.0003530 seconds
224.093: Application time: 0.0120950 seconds
224.093: [GC224.093: [ParNew: 36394K->3606K(37568K), 0.0030890 secs] 461200K->432687K(894224K), 0.0031310 secs] [Times: user=0.02 sys=0.00, real=0.01 secs] 
224.096: Total time for which application threads were stopped: 0.0032990 seconds, Stopping threads took: 0.0000930 seconds
224.106: Application time: 0.0102330 seconds
224.107: [GC224.107: [ParNew: 36389K->1427K(37568K), 0.0017290 secs] 465470K->431963K(894224K), 0.0017680 secs] [Times: user=0.02 sys=0.00, real=0.00 secs] 
224.109: Total time for which application threads were stopped: 0.0022770 seconds, Stopping threads took: 0.0004360 seconds
224.116: Application time: 0.0072800 seconds
224.116: [GC224.116: [ParNew: 34225K->3577K(37568K), 0.0019290 secs] 464761K->434112K(894224K), 0.0019670 secs] [Times: user=0.01 sys=0.00, real=0.00 secs] 
224.118: Total time for which application threads were stopped: 0.0021650 seconds, Stopping threads took: 0.0001250 seconds
224.125: Application time: 0.0071930 seconds
224.126: [GC224.126: [ParNew: 36359K->3566K(37568K), 0.0025290 secs] 466895K->436241K(894224K), 0.0025710 secs] [Times: user=0.02 sys=0.00, real=0.00 secs] 
224.128: Total time for which application threads were stopped: 0.0028110 seconds, Stopping threads took: 0.0001650 seconds
224.141: Application time: 0.0131250 seconds
224.141: [GC224.141: [ParNew: 36366K->3576K(37568K), 0.0030080 secs] 469041K->439814K(894224K), 0.0030500 secs] [Times: user=0.03 sys=0.00, real=0.01 secs] 
224.144: Total time for which application threads were stopped: 0.0032040 seconds, Stopping threads took: 0.0000770 seconds
224.155: Application time: 0.0106880 seconds
224.155: [GC224.155: [ParNew: 36371K->2141K(37568K), 0.0024810 secs] 472608K->441230K(894224K), 0.0025220 secs] [Times: user=0.02 sys=0.00, real=0.00 secs] 
224.158: Total time for which application threads were stopped: 0.0028340 seconds, Stopping threads took: 0.0002360 seconds
224.174: Application time: 0.0161850 seconds
224.174: [GC224.174: [ParNew: 34970K->3600K(37568K), 0.0030960 secs] 474059K->446964K(894224K), 0.0031390 secs] [Times: user=0.02 sys=0.00, real=0.01 secs] 
224.178: Total time for which application threads were stopped: 0.0033300 seconds, Stopping threads took: 0.0001160 seconds
224.191: Application time: 0.0132560 seconds
224.191: [GC224.191: [ParNew: 36386K->3568K(37568K), 0.0030580 secs] 479750K->450524K(894224K), 0.0031000 secs] [Times: user=0.02 sys=0.00, real=0.00 secs] 
224.194: Total time for which application threads were stopped: 0.0032750 seconds, Stopping threads took: 0.0001000 seconds
224.207: Application time: 0.0133510 seconds
224.208: [GC224.208: [ParNew: 36355K->2145K(37568K), 0.0021780 secs] 483311K->451239K(894224K), 0.0022290 secs] [Times: user=0.02 sys=0.00, real=0.00 secs] 
224.210: Total time for which application threads were stopped: 0.0023990 seconds, Stopping threads took: 0.0000970 seconds
224.221: Application time: 0.0111790 seconds
224.221: [GC224.221: [ParNew: 34943K->3566K(37568K), 0.0028740 secs] 484036K->456223K(894224K), 0.0029150 secs] [Times: user=0.02 sys=0.00, real=0.01 secs] 
224.224: Total time for which application threads were stopped: 0.0032120 seconds, Stopping threads took: 0.0002240 seconds
224.264: Application time: 0.0395290 seconds
224.264: [GC224.264: [ParNew: 36365K->3572K(37568K), 0.0038230 secs] 489021K->463354K(894224K), 0.0038670 secs] [Times: user=0.03 sys=0.00, real=0.00 secs] 
224.268: Total time for which application threads were stopped: 0.0040220 seconds, Stopping threads took: 0.0000840 seconds
224.383: Application time: 0.1153070 seconds
224.383: [GC224.383: [ParNew: 36371K->3568K(37568K), 0.0054710 secs] 496152K->476176K(894224K), 0.0055140 secs] [Times: user=0.04 sys=0.00, real=0.00 secs] 
224.389: Total time for which application threads were stopped: 0.0056530 seconds, Stopping threads took: 0.0000600 seconds
224.537: Application time: 0.1478980 seconds
224.537: [GC224.537: [ParNew: 36360K->3562K(37568K), 0.0053170 secs] 508968K->488996K(894224K), 0.0053580 secs] [Times: user=0.04 sys=0.00, real=0.00 secs] 
224.542: Total time for which application threads were stopped: 0.0055350 seconds, Stopping threads took: 0.0001070 seconds
224.575: Application time: 0.0331720 seconds
224.575: [GC224.575: [ParNew: 36380K->3602K(37568K), 0.0036390 secs] 521814K->494736K(894224K), 0.0036850 secs] [Times: user=0.03 sys=0.00, real=0.00 secs] 
224.579: Total time for which application threads were stopped: 0.0038310 seconds, Stopping threads took: 0.0000690 seconds
224.590: Application time: 0.0110830 seconds
224.591: [GC224.591: [ParNew: 36398K->2860K(37568K), 0.0023460 secs] 527533K->496160K(894224K), 0.0023880 secs] [Times: user=0.02 sys=0.00, real=0.00 secs] 
224.593: Total time for which application threads were stopped: 0.0028700 seconds, Stopping threads took: 0.0004100 seconds
224.606: Application time: 0.0126450 seconds
224.607: [GC224.607: [ParNew: 35678K->3602K(37568K), 0.0020310 secs] 528979K->497616K(894224K), 0.0020750 secs] [Times: user=0.02 sys=0.00, real=0.00 secs] 
224.609: Total time for which application threads were stopped: 0.0032340 seconds, Stopping threads took: 0.0010840 seconds
224.617: Application time: 0.0079330 seconds
224.617: [GC224.617: [ParNew: 36397K->3570K(37568K), 0.0032080 secs] 530410K->501889K(894224K), 0.0032530 secs] [Times: user=0.02 sys=0.00, real=0.00 secs] 
224.620: Total time for which application threads were stopped: 0.0034290 seconds, Stopping threads took: 0.0001010 seconds
224.629: Application time: 0.0088760 seconds
224.629: [GC224.629: [ParNew: 36801K->1476K(37568K), 0.0017330 secs] 535120K->501219K(894224K), 0.0017670 secs] [Times: user=0.01 sys=0.00, real=0.00 secs] 
224.631: Total time for which application threads were stopped: 0.0019240 seconds, Stopping threads took: 0.0000950 seconds
224.641: Application time: 0.0096540 seconds
224.641: [GC224.641: [ParNew: 34583K->3606K(37568K), 0.0027790 secs] 534326K->506912K(894224K), 0.0028190 secs] [Times: user=0.02 sys=0.00, real=0.01 secs] 
224.644: Total time for which application threads were stopped: 0.0034250 seconds, Stopping threads took: 0.0005330 seconds
224.653: Application time: 0.0085660 seconds
224.653: [GC224.653: [ParNew: 36389K->3562K(37568K), 0.0028010 secs] 539695K->509750K(894224K), 0.0028460 secs] [Times: user=0.02 sys=0.00, real=0.01 secs] 
224.656: Total time for which application threads were stopped: 0.0033350 seconds, Stopping threads took: 0.0004120 seconds
224.665: Application time: 0.0086420 seconds
224.665: [GC224.665: [ParNew: 36358K->2856K(37568K), 0.0022880 secs] 542545K->511181K(894224K), 0.0023300 secs] [Times: user=0.02 sys=0.00, real=0.00 secs] 
224.667: Total time for which application threads were stopped: 0.0024850 seconds, Stopping threads took: 0.0000730 seconds
224.674: Application time: 0.0065580 seconds
224.674: [GC224.674: [ParNew: 35639K->2137K(37568K), 0.0019200 secs] 543964K->511889K(894224K), 0.0019590 secs] [Times: user=0.01 sys=0.00, real=0.01 secs] 
224.676: Total time for which application threads were stopped: 0.0021430 seconds, Stopping threads took: 0.0001110 seconds
224.685: Application time: 0.0090260 seconds
224.685: [GC224.685: [ParNew: 34935K->3576K(37568K), 0.0020570 secs] 544687K->513328K(894224K), 0.0020960 secs] [Times: user=0.01 sys=0.00, real=0.00 secs] 
224.687: Total time for which application threads were stopped: 0.0022690 seconds, Stopping threads took: 0.0000990 seconds
224.699: Application time: 0.0121760 seconds
224.700: [GC224.700: [ParNew: 36369K->3566K(37568K), 0.0033620 secs] 546121K->518307K(894224K), 0.0034040 secs] [Times: user=0.02 sys=0.00, real=0.01 secs] 
224.703: Total time for which application threads were stopped: 0.0035690 seconds, Stopping threads took: 0.0000920 seconds
224.713: Application time: 0.0095240 seconds
224.713: [GC224.713: [ParNew: 36358K->1435K(37568K), 0.0019350 secs] 551099K->519025K(894224K), 0.0019740 secs] [Times: user=0.01 sys=0.00, real=0.00 secs] 
224.715: Total time for which application threads were stopped: 0.0021130 seconds, Stopping threads took: 0.0000650 seconds
224.866: Application time: 0.1517780 seconds
224.867: [GC224.867: [ParNew: 34227K->3568K(37568K), 0.0052850 secs] 551817K->533984K(894224K), 0.0053280 secs] [Times: user=0.04 sys=0.00, real=0.00 secs] 
224.872: Total time for which application threads were stopped: 0.0054560 seconds, Stopping threads took: 0.0000580 seconds
225.005: Application time: 0.1335320 seconds
225.006: [GC225.006: [ParNew: 36368K->3572K(37568K), 0.0052970 secs] 566785K->546815K(894224K), 0.0053390 secs] [Times: user=0.04 sys=0.00, real=0.00 secs] 
225.011: Total time for which application threads were stopped: 0.0054930 seconds, Stopping threads took: 0.0000730 seconds
225.155: Application time: 0.1442760 seconds
225.155: [GC225.155: [ParNew: 36370K->3572K(37568K), 0.0053650 secs] 579613K->559641K(894224K), 0.0054100 secs] [Times: user=0.04 sys=0.00, real=0.00 secs] 
225.161: Total time for which application threads were stopped: 0.0055430 seconds, Stopping threads took: 0.0000590 seconds
225.308: Application time: 0.1473440 seconds
225.308: [GC225.308: [ParNew: 36379K->3574K(37568K), 0.0053340 secs] 592447K->572469K(894224K), 0.0053790 secs] [Times: user=0.04 sys=0.00, real=0.00 secs] 
225.314: Total time for which application threads were stopped: 0.0055100 seconds, Stopping threads took: 0.0000570 seconds
225.453: Application time: 0.1398530 seconds
225.454: [GC225.454: [ParNew: 36375K->3568K(37568K), 0.0056370 secs] 605269K->586002K(894224K), 0.0056810 secs] [Times: user=0.04 sys=0.00, real=0.01 secs] 
225.459: Total time for which application threads were stopped: 0.0058240 seconds, Stopping threads took: 0.0000710 seconds
225.608: Application time: 0.1484380 seconds
225.608: [GC225.608: [ParNew: 36367K->3572K(37568K), 0.0050870 secs] 618801K->598120K(894224K), 0.0051290 secs] [Times: user=0.04 sys=0.00, real=0.00 secs] 
225.613: Total time for which application threads were stopped: 0.0052750 seconds, Stopping threads took: 0.0000620 seconds
225.752: Application time: 0.1393060 seconds
225.752: [GC225.752: [ParNew: 36381K->3576K(37568K), 0.0054790 secs] 630929K->611663K(894224K), 0.0055210 secs] [Times: user=0.05 sys=0.00, real=0.01 secs] 
225.758: Total time for which application threads were stopped: 0.0056490 seconds, Stopping threads took: 0.0000590 seconds
225.887: Application time: 0.1291200 seconds
225.887: [GC225.887: [ParNew: 36377K->3572K(37568K), 0.0053900 secs] 644464K->624486K(894224K), 0.0054330 secs] [Times: user=0.04 sys=0.00, real=0.00 secs] 
225.893: Total time for which application threads were stopped: 0.0055640 seconds, Stopping threads took: 0.0000650 seconds
226.011: Application time: 0.1186370 seconds
226.011: [GC226.011: [ParNew: 36365K->3562K(37568K), 0.0054310 secs] 657278K->637302K(894224K), 0.0054860 secs] [Times: user=0.04 sys=0.00, real=0.01 secs] 
226.017: Total time for which application threads were stopped: 0.0056490 seconds, Stopping threads took: 0.0000900 seconds
226.160: Application time: 0.1431400 seconds
226.160: [GC226.160: [ParNew: 36364K->3572K(37568K), 0.0053190 secs] 670104K->650138K(894224K), 0.0053620 secs] [Times: user=0.04 sys=0.00, real=0.01 secs] 
226.166: Total time for which application threads were stopped: 0.0055170 seconds, Stopping threads took: 0.0000700 seconds
226.280: Application time: 0.1145280 seconds
226.280: [GC226.280: [ParNew: 36382K->3576K(37568K), 0.0058810 secs] 682948K->664393K(894224K), 0.0059250 secs] [Times: user=0.04 sys=0.00, real=0.01 secs] 
226.286: Total time for which application threads were stopped: 0.0060670 seconds, Stopping threads took: 0.0000680 seconds
226.412: Application time: 0.1253610 seconds
226.412: [GC226.412: [ParNew: 36378K->3570K(37568K), 0.0053580 secs] 697195K->677215K(894224K), 0.0053990 secs] [Times: user=0.04 sys=0.00, real=0.01 secs] 
226.417: Total time for which application threads were stopped: 0.0055530 seconds, Stopping threads took: 0.0000840 seconds
226.551: Application time: 0.1343370 seconds
226.552: [GC226.552: [ParNew: 36364K->3564K(37568K), 0.0050960 secs] 710009K->689323K(894224K), 0.0051400 secs] [Times: user=0.03 sys=0.00, real=0.01 secs] 
226.557: Total time for which application threads were stopped: 0.0052940 seconds, Stopping threads took: 0.0000870 seconds
226.654: Application time: 0.0972930 seconds
226.654: [GC226.654: [ParNew: 36384K->3578K(37568K), 0.0057860 secs] 722143K->703589K(894224K), 0.0058300 secs] [Times: user=0.05 sys=0.00, real=0.01 secs] 
226.660: Total time for which application threads were stopped: 0.0059840 seconds, Stopping threads took: 0.0000820 seconds
226.771: Application time: 0.1112920 seconds
226.771: [GC226.771: [ParNew: 36372K->3562K(37568K), 0.0052870 secs] 736382K->715689K(894224K), 0.0053300 secs] [Times: user=0.04 sys=0.00, real=0.01 secs] 
226.777: Total time for which application threads were stopped: 0.0054710 seconds, Stopping threads took: 0.0000590 seconds
226.892: Application time: 0.1149280 seconds
226.892: [GC226.892: [ParNew: 36365K->3574K(37568K), 0.0049950 secs] 748492K->727102K(894224K), 0.0050380 secs] [Times: user=0.04 sys=0.00, real=0.01 secs] 
226.897: Total time for which application threads were stopped: 0.0051800 seconds, Stopping threads took: 0.0000730 seconds
227.010: Application time: 0.1126850 seconds
227.010: [GC227.010: [ParNew: 36369K->3562K(37568K), 0.0053670 secs] 759897K->739205K(894224K), 0.0054110 secs] [Times: user=0.04 sys=0.00, real=0.01 secs] 
227.015: Total time for which application threads were stopped: 0.0055870 seconds, Stopping threads took: 0.0001040 seconds
227.110: Application time: 0.0945450 seconds
227.110: [GC227.110: [ParNew: 36366K->3572K(37568K), 0.0053370 secs] 772008K->752041K(894224K), 0.0053780 secs] [Times: user=0.04 sys=0.00, real=0.01 secs] 
227.115: Total time for which application threads were stopped: 0.0055910 seconds, Stopping threads took: 0.0001420 seconds
227.239: Application time: 0.1237210 seconds
227.239: [GC227.239: [ParNew: 36380K->3572K(37568K), 0.0050920 secs] 784849K->764156K(894224K), 0.0051330 secs] [Times: user=0.03 sys=0.00, real=0.01 secs] 
227.244: Total time for which application threads were stopped: 0.0052540 seconds, Stopping threads took: 0.0000550 seconds
227.288: Application time: 0.0433130 seconds
227.288: [GC227.288: [ParNew: 36395K->3599K(37568K), 0.0042300 secs] 796979K->772022K(894224K), 0.0042710 secs] [Times: user=0.03 sys=0.01, real=0.00 secs] 
227.292: Total time for which application threads were stopped: 0.0044350 seconds, Stopping threads took: 0.0000870 seconds
227.302: Application time: 0.0100050 seconds
227.302: [GC227.302: [ParNew: 36387K->3572K(37568K), 0.0028590 secs] 804810K->774875K(894224K), 0.0028990 secs] [Times: user=0.02 sys=0.00, real=0.01 secs] 
227.305: Total time for which application threads were stopped: 0.0030680 seconds, Stopping threads took: 0.0000860 seconds
227.320: Application time: 0.0146870 seconds
227.320: [GC227.320: [ParNew: 36363K->3575K(37568K), 0.0027470 secs] 807666K->777728K(894224K), 0.0027900 secs] [Times: user=0.02 sys=0.00, real=0.00 secs] 
227.323: Total time for which application threads were stopped: 0.0029760 seconds, Stopping threads took: 0.0001030 seconds
227.332: Application time: 0.0095660 seconds
227.333: [GC227.333: [ParNew: 36370K->3569K(37568K), 0.0029020 secs] 810524K->781285K(894224K), 0.0029490 secs] [Times: user=0.02 sys=0.00, real=0.01 secs] 
227.336: Total time for which application threads were stopped: 0.0031710 seconds, Stopping threads took: 0.0001460 seconds
227.403: Application time: 0.0670290 seconds
227.403: [GC227.403: [ParNew: 36371K->3574K(37568K), 0.0051570 secs] 814088K->793405K(894224K), 0.0051990 secs] [Times: user=0.03 sys=0.00, real=0.01 secs] 
227.408: Total time for which application threads were stopped: 0.0053510 seconds, Stopping threads took: 0.0000820 seconds
227.408: Application time: 0.0000870 seconds
227.408: [GC [1 CMS-initial-mark: 789830K(856656K)] 794117K(894224K), 0.0001430 secs] [Times: user=0.00 sys=0.00, real=0.00 secs] 
227.408: Total time for which application threads were stopped: 0.0002690 seconds, Stopping threads took: 0.0001010 seconds
227.408: [CMS-concurrent-mark-start]
227.418: [CMS-concurrent-mark: 0.010/0.010 secs] [Times: user=0.06 sys=0.00, real=0.01 secs] 
227.418: [CMS-concurrent-preclean-start]
227.419: [CMS-concurrent-preclean: 0.001/0.001 secs] [Times: user=0.03 sys=0.00, real=0.00 secs] 
227.419: Application time: 0.0110990 seconds
227.423: [GC[YG occupancy: 5002 K (37568 K)]227.423: [Rescan (parallel) , 0.0011990 secs]227.424: [weak refs processing, 0.0000060 secs]227.424: [scrub string table, 0.0001160 secs] [1 CMS-remark: 789830K(856656K)] 794832K(894224K), 0.0013440 secs] [Times: user=0.01 sys=0.00, real=0.00 secs] 
227.424: Total time for which application threads were stopped: 0.0048490 seconds, Stopping threads took: 0.0034790 seconds
227.424: [CMS-concurrent-sweep-start]
227.426: [CMS-concurrent-sweep: 0.002/0.002 secs] [Times: user=0.00 sys=0.00, real=0.00 secs] 
227.426: [CMS-concurrent-reset-start]
227.428: [CMS-concurrent-reset: 0.002/0.002 secs] [Times: user=0.02 sys=0.00, real=0.00 secs] 
227.522: Application time: 0.0979560 seconds
227.522: [GC227.522: [ParNew: 36382K->3570K(37568K), 0.0051390 secs] 59858K->39161K(894224K), 0.0051830 secs] [Times: user=0.04 sys=0.00, real=0.01 secs] 
227.528: Total time for which application threads were stopped: 0.0053190 seconds, Stopping threads took: 0.0000640 seconds
227.651: Application time: 0.1238540 seconds
227.655: [GC227.655: [ParNew: 36373K->3570K(37568K), 0.0051000 secs] 71964K->50564K(894224K), 0.0051450 secs] [Times: user=0.04 sys=0.00, real=0.00 secs] 
227.660: Total time for which application threads were stopped: 0.0087090 seconds, Stopping threads took: 0.0034930 seconds
227.767: Application time: 0.1073450 seconds
227.768: [GC227.768: [ParNew: 36364K->3564K(37568K), 0.0051120 secs] 83358K->62672K(894224K), 0.0051580 secs] [Times: user=0.04 sys=0.00, real=0.00 secs] 
227.773: Total time for which application threads were stopped: 0.0052910 seconds, Stopping threads took: 0.0000610 seconds
227.823: Application time: 0.0500330 seconds
227.823: [GC227.823: [ParNew: 36391K->3602K(37568K), 0.0050840 secs] 95499K->74111K(894224K), 0.0051290 secs] [Times: user=0.04 sys=0.00, real=0.00 secs] 
227.828: Total time for which application threads were stopped: 0.0052930 seconds, Stopping threads took: 0.0000780 seconds
227.840: Application time: 0.0114880 seconds
227.840: [GC227.840: [ParNew: 36388K->1435K(37568K), 0.0023580 secs] 106897K->74822K(894224K), 0.0023970 secs] [Times: user=0.02 sys=0.00, real=0.00 secs] 
227.842: Total time for which application threads were stopped: 0.0025500 seconds, Stopping threads took: 0.0000800 seconds
227.856: Application time: 0.0137100 seconds
227.859: [GC227.859: [ParNew: 34227K->3566K(37568K), 0.0022400 secs] 107615K->78379K(894224K), 0.0022820 secs] [Times: user=0.01 sys=0.00, real=0.00 secs] 
227.861: Total time for which application threads were stopped: 0.0053880 seconds, Stopping threads took: 0.0030300 seconds
227.873: Application time: 0.0116500 seconds
227.873: [GC227.873: [ParNew: 36360K->3568K(37568K), 0.0032450 secs] 111173K->82657K(894224K), 0.0032890 secs] [Times: user=0.03 sys=0.00, real=0.01 secs] 
227.876: Total time for which application threads were stopped: 0.0034610 seconds, Stopping threads took: 0.0000970 seconds
227.942: Application time: 0.0660700 seconds
227.942: [GC227.943: [ParNew: 36368K->3568K(37568K), 0.0049180 secs] 115457K->94057K(894224K), 0.0049600 secs] [Times: user=0.03 sys=0.00, real=0.01 secs] 
227.947: Total time for which application threads were stopped: 0.0050910 seconds, Stopping threads took: 0.0000660 seconds
228.030: Application time: 0.0823980 seconds
228.030: [GC228.030: [ParNew: 36396K->3604K(37568K), 0.0053480 secs] 126886K->106208K(894224K), 0.0053930 secs] [Times: user=0.05 sys=0.00, real=0.01 secs] 
228.035: Total time for which application threads were stopped: 0.0055630 seconds, Stopping threads took: 0.0000950 seconds
228.048: Application time: 0.0122400 seconds
228.048: [GC228.048: [ParNew: 36395K->3566K(37568K), 0.0036360 secs] 138998K->111898K(894224K), 0.0036790 secs] [Times: user=0.02 sys=0.00, real=0.00 secs] 
228.052: Total time for which application threads were stopped: 0.0038540 seconds, Stopping threads took: 0.0001020 seconds
228.064: Application time: 0.0128720 seconds
228.065: [GC228.065: [ParNew: 36353K->2143K(37568K), 0.0022300 secs] 144685K->112613K(894224K), 0.0022710 secs] [Times: user=0.01 sys=0.01, real=0.00 secs] 
228.067: Total time for which application threads were stopped: 0.0024760 seconds, Stopping threads took: 0.0001300 seconds
228.078: Application time: 0.0115480 seconds
228.079: [GC228.079: [ParNew: 34939K->3570K(37568K), 0.0028370 secs] 145409K->116891K(894224K), 0.0028780 secs] [Times: user=0.02 sys=0.00, real=0.00 secs] 
228.081: Total time for which application threads were stopped: 0.0030460 seconds, Stopping threads took: 0.0000920 seconds
228.110: Application time: 0.0289660 seconds
228.111: [GC228.111: [ParNew: 36365K->3574K(37568K), 0.0031990 secs] 149686K->121882K(894224K), 0.0032410 secs] [Times: user=0.02 sys=0.00, real=0.00 secs] 
228.114: Total time for which application threads were stopped: 0.0033800 seconds, Stopping threads took: 0.0000680 seconds
228.199: Application time: 0.0856050 seconds
228.200: [GC228.200: [ParNew: 36402K->3600K(37568K), 0.0050700 secs] 154710K->133310K(894224K), 0.0051120 secs] [Times: user=0.04 sys=0.00, real=0.01 secs] 
228.205: Total time for which application threads were stopped: 0.0052730 seconds, Stopping threads took: 0.0000860 seconds
228.217: Application time: 0.0124290 seconds
228.217: [GC228.217: [ParNew: 36388K->3572K(37568K), 0.0033360 secs] 166098K->138298K(894224K), 0.0033780 secs] [Times: user=0.02 sys=0.00, real=0.00 secs] 
228.221: Total time for which application threads were stopped: 0.0035340 seconds, Stopping threads took: 0.0000820 seconds
228.234: Application time: 0.0130160 seconds
228.234: [GC228.234: [ParNew: 36395K->2892K(37568K), 0.0021760 secs] 171121K->139755K(894224K), 0.0022200 secs] [Times: user=0.02 sys=0.00, real=0.01 secs] 
228.237: Total time for which application threads were stopped: 0.0029020 seconds, Stopping threads took: 0.0006000 seconds
228.245: Application time: 0.0087850 seconds
228.246: [GC228.246: [ParNew: 35681K->3574K(37568K), 0.0027450 secs] 172544K->143317K(894224K), 0.0027860 secs] [Times: user=0.02 sys=0.00, real=0.00 secs] 
228.249: Total time for which application threads were stopped: 0.0034300 seconds, Stopping threads took: 0.0005700 seconds
228.256: Application time: 0.0071570 seconds
228.257: [GC228.257: [ParNew: 36366K->3564K(37568K), 0.0026180 secs] 176110K->145446K(894224K), 0.0026600 secs] [Times: user=0.02 sys=0.00, real=0.00 secs] 
228.259: Total time for which application threads were stopped: 0.0033340 seconds, Stopping threads took: 0.0006000 seconds
228.267: Application time: 0.0075720 seconds
228.267: [GC228.267: [ParNew: 36357K->3570K(37568K), 0.0024330 secs] 178238K->147589K(894224K), 0.0024860 secs] [Times: user=0.02 sys=0.00, real=0.00 secs] 
228.270: Total time for which application threads were stopped: 0.0026840 seconds, Stopping threads took: 0.0001230 seconds
228.283: Application time: 0.0132650 seconds
228.283: [GC228.283: [ParNew: 36366K->3574K(37568K), 0.0030970 secs] 180384K->151156K(894224K), 0.0031420 secs] [Times: user=0.02 sys=0.00, real=0.00 secs] 
228.286: Total time for which application threads were stopped: 0.0033220 seconds, Stopping threads took: 0.0001040 seconds
228.297: Application time: 0.0111960 seconds
228.298: [GC228.298: [ParNew: 36368K->3566K(37568K), 0.0029030 secs] 183950K->153999K(894224K), 0.0029460 secs] [Times: user=0.03 sys=0.00, real=0.00 secs] 
228.301: Total time for which application threads were stopped: 0.0031530 seconds, Stopping threads took: 0.0001300 seconds
228.346: Application time: 0.0453940 seconds
228.346: [GC228.346: [ParNew: 36371K->3574K(37568K), 0.0039480 secs] 186804K->161845K(894224K), 0.0039900 secs] [Times: user=0.03 sys=0.00, real=0.00 secs] 
228.350: Total time for which application threads were stopped: 0.0041540 seconds, Stopping threads took: 0.0000880 seconds
228.463: Application time: 0.1128670 seconds
228.463: [GC228.463: [ParNew: 36399K->3600K(37568K), 0.0053530 secs] 194670K->174698K(894224K), 0.0053950 secs] [Times: user=0.04 sys=0.00, real=0.00 secs] 
228.468: Total time for which application threads were stopped: 0.0055210 seconds, Stopping threads took: 0.0000540 seconds
228.483: Application time: 0.0149690 seconds
228.484: [GC228.484: [ParNew: 36921K->2898K(37568K), 0.0022290 secs] 208019K->175449K(894224K), 0.0022680 secs] [Times: user=0.01 sys=0.00, real=0.00 secs] 
228.486: Total time for which application threads were stopped: 0.0024110 seconds, Stopping threads took: 0.0000700 seconds
228.495: Application time: 0.0096520 seconds
228.496: [GC228.496: [ParNew: 35902K->3572K(37568K), 0.0023530 secs] 208453K->177577K(894224K), 0.0023960 secs] [Times: user=0.02 sys=0.00, real=0.00 secs] 
228.498: Total time for which application threads were stopped: 0.0026340 seconds, Stopping threads took: 0.0001610 seconds
228.507: Application time: 0.0092760 seconds
228.508: [GC228.508: [ParNew: 36356K->3562K(37568K), 0.0026190 secs] 210360K->179706K(894224K), 0.0026650 secs] [Times: user=0.02 sys=0.00, real=0.00 secs] 
228.511: Total time for which application threads were stopped: 0.0033940 seconds, Stopping threads took: 0.0006450 seconds
228.520: Application time: 0.0092410 seconds
228.520: [GC228.520: [ParNew: 36363K->3574K(37568K), 0.0031580 secs] 212507K->183994K(894224K), 0.0032020 secs] [Times: user=0.03 sys=0.00, real=0.01 secs] 
228.524: Total time for which application threads were stopped: 0.0035070 seconds, Stopping threads took: 0.0002290 seconds
228.530: Application time: 0.0066670 seconds
228.530: [GC228.530: [ParNew: 36356K->2137K(37568K), 0.0019790 secs] 216776K->183983K(894224K), 0.0020190 secs] [Times: user=0.02 sys=0.00, real=0.00 secs] 
228.532: Total time for which application threads were stopped: 0.0021620 seconds, Stopping threads took: 0.0000680 seconds
228.544: Application time: 0.0114080 seconds
228.544: [GC228.544: [ParNew: 34938K->3570K(37568K), 0.0030940 secs] 216784K->189691K(894224K), 0.0031380 secs] [Times: user=0.02 sys=0.00, real=0.00 secs] 
228.547: Total time for which application threads were stopped: 0.0032780 seconds, Stopping threads took: 0.0000650 seconds
228.560: Application time: 0.0124330 seconds
228.560: [GC228.560: [ParNew: 36364K->3570K(37568K), 0.0027180 secs] 222485K->192543K(894224K), 0.0027590 secs] [Times: user=0.02 sys=0.00, real=0.00 secs] 
228.562: Total time for which application threads were stopped: 0.0029240 seconds, Stopping threads took: 0.0000900 seconds
228.588: Application time: 0.0258040 seconds
228.588: [GC228.588: [ParNew: 36366K->3572K(37568K), 0.0029510 secs] 225338K->196820K(894224K), 0.0029930 secs] [Times: user=0.02 sys=0.00, real=0.00 secs] 
228.591: Total time for which application threads were stopped: 0.0031480 seconds, Stopping threads took: 0.0000780 seconds
228.655: Application time: 0.0640510 seconds
228.656: [GC228.656: [ParNew: 36396K->3602K(37568K), 0.0051450 secs] 229643K->208251K(894224K), 0.0051870 secs] [Times: user=0.04 sys=0.00, real=0.00 secs] 
228.661: Total time for which application threads were stopped: 0.0053340 seconds, Stopping threads took: 0.0000720 seconds
228.671: Application time: 0.0100960 seconds
228.671: [GC228.671: [ParNew: 36390K->3570K(37568K), 0.0025800 secs] 241039K->210385K(894224K), 0.0026230 secs] [Times: user=0.02 sys=0.00, real=0.00 secs] 
228.674: Total time for which application threads were stopped: 0.0027920 seconds, Stopping threads took: 0.0000940 seconds
228.688: Application time: 0.0143930 seconds
228.688: [GC228.688: [ParNew: 36363K->3572K(37568K), 0.0030920 secs] 243177K->214662K(894224K), 0.0031350 secs] [Times: user=0.02 sys=0.00, real=0.00 secs] 
228.691: Total time for which application threads were stopped: 0.0032820 seconds, Stopping threads took: 0.0000750 seconds
228.701: Application time: 0.0097060 seconds
228.701: [GC228.701: [ParNew: 36364K->1435K(37568K), 0.0023040 secs] 247454K->215375K(894224K), 0.0023460 secs] [Times: user=0.01 sys=0.00, real=0.01 secs] 
228.704: Total time for which application threads were stopped: 0.0025010 seconds, Stopping threads took: 0.0000780 seconds
228.791: Application time: 0.0871270 seconds
228.791: [GC228.791: [ParNew: 34236K->3574K(37568K), 0.0054170 secs] 248176K->231052K(894224K), 0.0054620 secs] [Times: user=0.04 sys=0.00, real=0.01 secs] 
228.796: Total time for which application threads were stopped: 0.0056250 seconds, Stopping threads took: 0.0000850 seconds
228.943: Application time: 0.1469790 seconds
228.943: [GC228.943: [ParNew: 36372K->3574K(37568K), 0.0052130 secs] 263850K->243166K(894224K), 0.0052580 secs] [Times: user=0.04 sys=0.00, real=0.00 secs] 
228.949: Total time for which application threads were stopped: 0.0054130 seconds, Stopping threads took: 0.0000800 seconds
229.091: Application time: 0.1421630 seconds
229.091: [GC229.091: [ParNew: 36372K->3572K(37568K), 0.0051090 secs] 275964K->255277K(894224K), 0.0051510 secs] [Times: user=0.04 sys=0.00, real=0.01 secs] 
229.096: Total time for which application threads were stopped: 0.0052810 seconds, Stopping threads took: 0.0000590 seconds
229.246: Application time: 0.1498200 seconds
229.246: [GC229.246: [ParNew: 36364K->3562K(37568K), 0.0053150 secs] 288069K->268093K(894224K), 0.0053560 secs] [Times: user=0.04 sys=0.00, real=0.00 secs] 
229.251: Total time for which application threads were stopped: 0.0055010 seconds, Stopping threads took: 0.0000780 seconds
229.382: Application time: 0.1301160 seconds
229.382: [GC229.382: [ParNew: 36379K->3578K(37568K), 0.0056860 secs] 300911K->282360K(894224K), 0.0057310 secs] [Times: user=0.05 sys=0.00, real=0.01 secs] 
229.387: Total time for which application threads were stopped: 0.0058660 seconds, Stopping threads took: 0.0000600 seconds
229.528: Application time: 0.1401560 seconds
229.528: [GC229.528: [ParNew: 36383K->3574K(37568K), 0.0050930 secs] 315165K->294471K(894224K), 0.0051390 secs] [Times: user=0.03 sys=0.00, real=0.00 secs] 
229.533: Total time for which application threads were stopped: 0.0052970 seconds, Stopping threads took: 0.0000780 seconds
229.683: Application time: 0.1501880 seconds
229.683: [GC229.683: [ParNew: 36373K->3570K(37568K), 0.0051390 secs] 327270K->306582K(894224K), 0.0051810 secs] [Times: user=0.04 sys=0.00, real=0.00 secs] 
229.688: Total time for which application threads were stopped: 0.0053360 seconds, Stopping threads took: 0.0000810 seconds
229.804: Application time: 0.1153130 seconds
229.804: [GC229.804: [ParNew: 36363K->3562K(37568K), 0.0054140 secs] 339374K->319400K(894224K), 0.0054560 secs] [Times: user=0.04 sys=0.00, real=0.00 secs] 
229.809: Total time for which application threads were stopped: 0.0055980 seconds, Stopping threads took: 0.0000700 seconds
229.956: Application time: 0.1465240 seconds
229.956: [GC229.956: [ParNew: 36363K->3576K(37568K), 0.0055290 secs] 352201K->332952K(894224K), 0.0055810 secs] [Times: user=0.04 sys=0.00, real=0.00 secs] 
229.962: Total time for which application threads were stopped: 0.0057140 seconds, Stopping threads took: 0.0000650 seconds
230.077: Application time: 0.1158740 seconds
230.078: [GC230.078: [ParNew: 36377K->3574K(37568K), 0.0053150 secs] 365753K->345776K(894224K), 0.0053610 secs] [Times: user=0.04 sys=0.00, real=0.01 secs] 
230.083: Total time for which application threads were stopped: 0.0055090 seconds, Stopping threads took: 0.0000660 seconds
230.211: Application time: 0.1285120 seconds
230.212: [GC230.212: [ParNew: 36383K->3570K(37568K), 0.0053290 secs] 378586K->358599K(894224K), 0.0053730 secs] [Times: user=0.04 sys=0.00, real=0.01 secs] 
230.217: Total time for which application threads were stopped: 0.0055230 seconds, Stopping threads took: 0.0000810 seconds
230.355: Application time: 0.1377670 seconds
230.355: [GC230.355: [ParNew: 36372K->3570K(37568K), 0.0053050 secs] 391401K->371427K(894224K), 0.0053500 secs] [Times: user=0.04 sys=0.00, real=0.00 secs] 
230.360: Total time for which application threads were stopped: 0.0054890 seconds, Stopping threads took: 0.0000710 seconds
230.456: Application time: 0.0952420 seconds
230.456: [GC230.456: [ParNew: 36380K->3574K(37568K), 0.0050280 secs] 404237K->383545K(894224K), 0.0050710 secs] [Times: user=0.04 sys=0.00, real=0.00 secs] 
230.461: Total time for which application threads were stopped: 0.0052070 seconds, Stopping threads took: 0.0000650 seconds
230.578: Application time: 0.1167870 seconds
230.578: [GC230.578: [ParNew: 36368K->3564K(37568K), 0.0053400 secs] 416338K->396363K(894224K), 0.0053850 secs] [Times: user=0.04 sys=0.00, real=0.01 secs] 
230.583: Total time for which application threads were stopped: 0.0055470 seconds, Stopping threads took: 0.0000880 seconds
230.687: Application time: 0.1037350 seconds
230.687: [GC230.687: [ParNew: 36366K->3576K(37568K), 0.0055600 secs] 429165K->409913K(894224K), 0.0056040 secs] [Times: user=0.05 sys=0.00, real=0.00 secs] 
230.693: Total time for which application threads were stopped: 0.0057580 seconds, Stopping threads took: 0.0000720 seconds
230.810: Application time: 0.1173730 seconds
230.810: [GC230.810: [ParNew: 36377K->3568K(37568K), 0.0051810 secs] 442714K->422020K(894224K), 0.0052250 secs] [Times: user=0.04 sys=0.00, real=0.01 secs] 
230.815: Total time for which application threads were stopped: 0.0053610 seconds, Stopping threads took: 0.0000650 seconds
230.925: Application time: 0.1092690 seconds
230.925: [GC230.925: [ParNew: 36363K->3562K(37568K), 0.0055370 secs] 454814K->434841K(894224K), 0.0055770 secs] [Times: user=0.04 sys=0.00, real=0.00 secs] 
230.930: Total time for which application threads were stopped: 0.0057190 seconds, Stopping threads took: 0.0000730 seconds
231.038: Application time: 0.1075290 seconds
231.038: [GC231.038: [ParNew: 36363K->3572K(37568K), 0.0051260 secs] 467642K->446965K(894224K), 0.0051690 secs] [Times: user=0.04 sys=0.01, real=0.01 secs] 
231.043: Total time for which application threads were stopped: 0.0053050 seconds, Stopping threads took: 0.0000640 seconds
231.128: Application time: 0.0848520 seconds
231.128: [GC231.128: [ParNew: 36374K->3566K(37568K), 0.0054240 secs] 479767K->459786K(894224K), 0.0054680 secs] [Times: user=0.05 sys=0.00, real=0.00 secs] 
231.134: Total time for which application threads were stopped: 0.0056040 seconds, Stopping threads took: 0.0000620 seconds
231.203: Application time: 0.0692060 seconds
231.203: [GC231.203: [ParNew: 36393K->3603K(37568K), 0.0037180 secs] 492613K->466237K(894224K), 0.0037610 secs] [Times: user=0.03 sys=0.00, real=0.00 secs] 
231.207: Total time for which application threads were stopped: 0.0040330 seconds, Stopping threads took: 0.0001850 seconds
231.215: Application time: 0.0085000 seconds
231.215: [GC231.216: [ParNew: 36396K->3570K(37568K), 0.0043550 secs] 499030K->474785K(894224K), 0.0043980 secs] [Times: user=0.03 sys=0.00, real=0.00 secs] 
231.220: Total time for which application threads were stopped: 0.0045750 seconds, Stopping threads took: 0.0000940 seconds
231.234: Application time: 0.0145220 seconds
231.235: [GC231.235: [ParNew: 36358K->1437K(37568K), 0.0021160 secs] 507573K->475502K(894224K), 0.0021550 secs] [Times: user=0.02 sys=0.00, real=0.01 secs] 
231.237: Total time for which application threads were stopped: 0.0023030 seconds, Stopping threads took: 0.0000680 seconds
231.247: Application time: 0.0103430 seconds
231.247: [GC231.247: [ParNew: 34229K->2147K(37568K), 0.0016360 secs] 508294K->476212K(894224K), 0.0016720 secs] [Times: user=0.02 sys=0.00, real=0.00 secs] 
231.249: Total time for which application threads were stopped: 0.0018210 seconds, Stopping threads took: 0.0000770 seconds
231.302: Application time: 0.0528380 seconds
231.302: [GC231.302: [ParNew: 34950K->3574K(37568K), 0.0051920 secs] 509015K->489753K(894224K), 0.0052340 secs] [Times: user=0.04 sys=0.00, real=0.01 secs] 
231.307: Total time for which application threads were stopped: 0.0053970 seconds, Stopping threads took: 0.0000970 seconds
231.436: Application time: 0.1289680 seconds
231.436: [GC231.436: [ParNew: 36375K->3572K(37568K), 0.0051910 secs] 522554K->501866K(894224K), 0.0052330 secs] [Times: user=0.04 sys=0.00, real=0.00 secs] 
231.441: Total time for which application threads were stopped: 0.0053660 seconds, Stopping threads took: 0.0000590 seconds
231.549: Application time: 0.1078200 seconds
231.549: [GC231.549: [ParNew: 36382K->3574K(37568K), 0.0053800 secs] 534676K->514695K(894224K), 0.0054220 secs] [Times: user=0.04 sys=0.00, real=0.01 secs] 
231.555: Total time for which application threads were stopped: 0.0055740 seconds, Stopping threads took: 0.0000860 seconds
231.672: Application time: 0.1170110 seconds
231.672: [GC231.672: [ParNew: 36368K->3562K(37568K), 0.0051930 secs] 547489K->526798K(894224K), 0.0052390 secs] [Times: user=0.04 sys=0.00, real=0.01 secs] 
231.677: Total time for which application threads were stopped: 0.0053970 seconds, Stopping threads took: 0.0000850 seconds
231.745: Application time: 0.0680600 seconds
231.745: [GC231.746: [ParNew: 36391K->3606K(37568K), 0.0054800 secs] 559627K->539668K(894224K), 0.0055250 secs] [Times: user=0.04 sys=0.00, real=0.00 secs] 
231.751: Total time for which application threads were stopped: 0.0056890 seconds, Stopping threads took: 0.0000740 seconds
231.763: Application time: 0.0123500 seconds
231.764: [GC231.764: [ParNew: 36393K->3570K(37568K), 0.0027210 secs] 572455K->541799K(894224K), 0.0027660 secs] [Times: user=0.02 sys=0.00, real=0.00 secs] 
231.766: Total time for which application threads were stopped: 0.0029470 seconds, Stopping threads took: 0.0001050 seconds
231.779: Application time: 0.0126110 seconds
231.779: [GC231.779: [ParNew: 36362K->3570K(37568K), 0.0032610 secs] 574590K->546074K(894224K), 0.0033020 secs] [Times: user=0.03 sys=0.00, real=0.00 secs] 
231.782: Total time for which application threads were stopped: 0.0035300 seconds, Stopping threads took: 0.0001430 seconds
231.793: Application time: 0.0108330 seconds
231.793: [GC231.793: [ParNew: 36365K->3567K(37568K), 0.0028340 secs] 578868K->548921K(894224K), 0.0028770 secs] [Times: user=0.02 sys=0.00, real=0.01 secs] 
231.796: Total time for which application threads were stopped: 0.0030350 seconds, Stopping threads took: 0.0000840 seconds
231.842: Application time: 0.0460170 seconds
231.842: [GC231.843: [ParNew: 36363K->3568K(37568K), 0.0037390 secs] 581717K->556048K(894224K), 0.0037810 secs] [Times: user=0.03 sys=0.00, real=0.01 secs] 
231.846: Total time for which application threads were stopped: 0.0039160 seconds, Stopping threads took: 0.0000640 seconds
231.924: Application time: 0.0776010 seconds
231.924: [GC231.924: [ParNew: 36397K->3604K(37568K), 0.0056690 secs] 588876K->568911K(894224K), 0.0057120 secs] [Times: user=0.04 sys=0.00, real=0.00 secs] 
231.930: Total time for which application threads were stopped: 0.0058790 seconds, Stopping threads took: 0.0000930 seconds
231.943: Application time: 0.0127580 seconds
231.943: [GC231.943: [ParNew: 36393K->3570K(37568K), 0.0030610 secs] 601699K->572468K(894224K), 0.0031110 secs] [Times: user=0.02 sys=0.00, real=0.01 secs] 
231.946: Total time for which application threads were stopped: 0.0032770 seconds, Stopping threads took: 0.0000920 seconds
231.959: Application time: 0.0134010 seconds
231.959: [GC231.959: [ParNew: 36359K->2862K(37568K), 0.0024550 secs] 605257K->573897K(894224K), 0.0024960 secs] [Times: user=0.02 sys=0.00, real=0.00 secs] 
231.962: Total time for which application threads were stopped: 0.0026460 seconds, Stopping threads took: 0.0000760 seconds
231.973: Application time: 0.0111930 seconds
231.973: [GC231.973: [ParNew: 35657K->3566K(37568K), 0.0031660 secs] 606693K->578877K(894224K), 0.0032090 secs] [Times: user=0.03 sys=0.00, real=0.01 secs] 
231.976: Total time for which application threads were stopped: 0.0034000 seconds, Stopping threads took: 0.0001160 seconds
232.015: Application time: 0.0382980 seconds
232.015: [GC232.015: [ParNew: 36363K->3572K(37568K), 0.0037450 secs] 611674K->585296K(894224K), 0.0037850 secs] [Times: user=0.02 sys=0.00, real=0.00 secs] 
232.019: Total time for which application threads were stopped: 0.0039240 seconds, Stopping threads took: 0.0000720 seconds
232.134: Application time: 0.1152970 seconds
232.134: [GC232.134: [ParNew: 36365K->3564K(37568K), 0.0051330 secs] 618088K->597402K(894224K), 0.0051740 secs] [Times: user=0.04 sys=0.00, real=0.01 secs] 
232.139: Total time for which application threads were stopped: 0.0053530 seconds, Stopping threads took: 0.0001070 seconds
232.185: Application time: 0.0459070 seconds
232.186: [GC232.186: [ParNew: 36384K->3602K(37568K), 0.0038950 secs] 630221K->603852K(894224K), 0.0039390 secs] [Times: user=0.03 sys=0.00, real=0.00 secs] 
232.190: Total time for which application threads were stopped: 0.0049200 seconds, Stopping threads took: 0.0008870 seconds
232.199: Application time: 0.0085780 seconds
232.199: [GC232.199: [ParNew: 36394K->3570K(37568K), 0.0040250 secs] 636645K->611687K(894224K), 0.0040700 secs] [Times: user=0.04 sys=0.00, real=0.01 secs] 
232.203: Total time for which application threads were stopped: 0.0042250 seconds, Stopping threads took: 0.0000810 seconds
232.219: Application time: 0.0156580 seconds
232.219: [GC232.219: [ParNew: 36359K->1439K(37568K), 0.0022450 secs] 644476K->612406K(894224K), 0.0022860 secs] [Times: user=0.01 sys=0.00, real=0.00 secs] 
232.221: Total time for which application threads were stopped: 0.0024560 seconds, Stopping threads took: 0.0000890 seconds
232.230: Application time: 0.0089320 seconds
232.230: [GC232.230: [ParNew: 34674K->3609K(37568K), 0.0039130 secs] 645640K->616001K(894224K), 0.0039510 secs] [Times: user=0.02 sys=0.00, real=0.00 secs] 
232.234: Total time for which application threads were stopped: 0.0041260 seconds, Stopping threads took: 0.0001040 seconds
232.253: Application time: 0.0186550 seconds
232.253: [GC232.253: [ParNew: 36715K->3574K(37568K), 0.0030470 secs] 649107K->619557K(894224K), 0.0030930 secs] [Times: user=0.03 sys=0.00, real=0.01 secs] 
232.256: Total time for which application threads were stopped: 0.0032530 seconds, Stopping threads took: 0.0000670 seconds
232.267: Application time: 0.0108960 seconds
232.267: [GC232.267: [ParNew: 36360K->2145K(37568K), 0.0024540 secs] 652343K->620980K(894224K), 0.0024970 secs] [Times: user=0.02 sys=0.00, real=0.00 secs] 
232.270: Total time for which application threads were stopped: 0.0026740 seconds, Stopping threads took: 0.0001000 seconds
232.286: Application time: 0.0159180 seconds
232.286: [GC232.286: [ParNew: 34938K->3574K(37568K), 0.0021540 secs] 653773K->623122K(894224K), 0.0021930 secs] [Times: user=0.02 sys=0.00, real=0.00 secs] 
232.288: Total time for which application threads were stopped: 0.0029160 seconds, Stopping threads took: 0.0006490 seconds
232.297: Application time: 0.0081750 seconds
232.297: [GC232.297: [ParNew: 36372K->3566K(37568K), 0.0037580 secs] 655919K->629527K(894224K), 0.0038020 secs] [Times: user=0.03 sys=0.00, real=0.00 secs] 
232.301: Total time for which application threads were stopped: 0.0040120 seconds, Stopping threads took: 0.0001230 seconds
232.372: Application time: 0.0714460 seconds
232.372: [GC232.372: [ParNew: 36368K->3574K(37568K), 0.0051860 secs] 662328K->641648K(894224K), 0.0052280 secs] [Times: user=0.04 sys=0.00, real=0.01 secs] 
232.378: Total time for which application threads were stopped: 0.0054010 seconds, Stopping threads took: 0.0001010 seconds
232.403: Application time: 0.0253820 seconds
232.403: [GC232.403: [ParNew: 36396K->3602K(37568K), 0.0032700 secs] 674469K->645952K(894224K), 0.0033130 secs] [Times: user=0.03 sys=0.00, real=0.00 secs] 
232.406: Total time for which application threads were stopped: 0.0034820 seconds, Stopping threads took: 0.0000920 seconds
232.417: Application time: 0.0105860 seconds
232.417: [GC232.417: [ParNew: 36392K->3572K(37568K), 0.0028360 secs] 678742K->649513K(894224K), 0.0028800 secs] [Times: user=0.02 sys=0.00, real=0.00 secs] 
232.420: Total time for which application threads were stopped: 0.0030460 seconds, Stopping threads took: 0.0000950 seconds
232.434: Application time: 0.0135270 seconds
232.434: [GC232.434: [ParNew: 36363K->3566K(37568K), 0.0027680 secs] 682303K->652357K(894224K), 0.0028120 secs] [Times: user=0.02 sys=0.00, real=0.01 secs] 
232.437: Total time for which application threads were stopped: 0.0029660 seconds, Stopping threads took: 0.0000780 seconds
232.444: Application time: 0.0077810 seconds
232.444: [GC232.444: [ParNew: 36792K->759K(37568K), 0.0021010 secs] 685582K->652401K(894224K), 0.0021370 secs] [Times: user=0.01 sys=0.00, real=0.00 secs] 
232.447: Total time for which application threads were stopped: 0.0023140 seconds, Stopping threads took: 0.0001040 seconds
232.469: Application time: 0.0219640 seconds
232.469: [GC232.469: [ParNew: 33861K->3602K(37568K), 0.0031980 secs] 685502K->659519K(894224K), 0.0032420 secs] [Times: user=0.02 sys=0.00, real=0.00 secs] 
232.472: Total time for which application threads were stopped: 0.0033930 seconds, Stopping threads took: 0.0000760 seconds
232.483: Application time: 0.0112730 seconds
232.483: [GC232.483: [ParNew: 36398K->3570K(37568K), 0.0025880 secs] 692315K->661654K(894224K), 0.0026280 secs] [Times: user=0.02 sys=0.00, real=0.00 secs] 
232.486: Total time for which application threads were stopped: 0.0027870 seconds, Stopping threads took: 0.0000870 seconds
232.500: Application time: 0.0143610 seconds
232.501: [GC232.501: [ParNew: 36361K->1431K(37568K), 0.0022540 secs] 694445K->662365K(894224K), 0.0022940 secs] [Times: user=0.02 sys=0.00, real=0.01 secs] 
232.503: Total time for which application threads were stopped: 0.0024380 seconds, Stopping threads took: 0.0000700 seconds
232.511: Application time: 0.0076960 seconds
232.511: [GC232.511: [ParNew: 34217K->3570K(37568K), 0.0020970 secs] 695151K->664504K(894224K), 0.0021360 secs] [Times: user=0.02 sys=0.00, real=0.00 secs] 
232.513: Total time for which application threads were stopped: 0.0023020 seconds, Stopping threads took: 0.0000930 seconds
232.564: Application time: 0.0508220 seconds
232.564: [GC232.564: [ParNew: 36405K->3604K(37568K), 0.0055410 secs] 697339K->677364K(894224K), 0.0055880 secs] [Times: user=0.04 sys=0.00, real=0.00 secs] 
232.569: Total time for which application threads were stopped: 0.0057560 seconds, Stopping threads took: 0.0000920 seconds
232.581: Application time: 0.0115090 seconds
232.581: [GC232.581: [ParNew: 36390K->1433K(37568K), 0.0022510 secs] 710150K->678072K(894224K), 0.0022940 secs] [Times: user=0.02 sys=0.00, real=0.01 secs] 
232.583: Total time for which application threads were stopped: 0.0024570 seconds, Stopping threads took: 0.0000870 seconds
232.605: Application time: 0.0214100 seconds
232.605: [GC232.605: [ParNew: 34226K->3568K(37568K), 0.0031820 secs] 710865K->684482K(894224K), 0.0032240 secs] [Times: user=0.02 sys=0.00, real=0.00 secs] 
232.608: Total time for which application threads were stopped: 0.0033650 seconds, Stopping threads took: 0.0000690 seconds
232.618: Application time: 0.0101770 seconds
232.619: [GC232.619: [ParNew: 36364K->3570K(37568K), 0.0033760 secs] 717278K->689472K(894224K), 0.0034220 secs] [Times: user=0.03 sys=0.00, real=0.00 secs] 
232.622: Total time for which application threads were stopped: 0.0036220 seconds, Stopping threads took: 0.0001240 seconds
232.693: Application time: 0.0711350 seconds
232.693: [GC232.693: [ParNew: 36372K->3576K(37568K), 0.0051290 secs] 722274K->701591K(894224K), 0.0051710 secs] [Times: user=0.04 sys=0.00, real=0.01 secs] 
232.698: Total time for which application threads were stopped: 0.0053130 seconds, Stopping threads took: 0.0000700 seconds
232.852: Application time: 0.1532130 seconds
232.852: [GC232.852: [ParNew: 36374K->3572K(37568K), 0.0051110 secs] 734389K->713701K(894224K), 0.0051540 secs] [Times: user=0.04 sys=0.00, real=0.01 secs] 
232.857: Total time for which application threads were stopped: 0.0053270 seconds, Stopping threads took: 0.0000890 seconds
233.005: Application time: 0.1484600 seconds
233.006: [GC233.006: [ParNew: 36364K->3562K(37568K), 0.0050850 secs] 746493K->725804K(894224K), 0.0051270 secs] [Times: user=0.04 sys=0.00, real=0.00 secs] 
233.011: Total time for which application threads were stopped: 0.0052620 seconds, Stopping threads took: 0.0000630 seconds
233.159: Application time: 0.1479630 seconds
233.159: [GC233.159: [ParNew: 36362K->3576K(37568K), 0.0054680 secs] 758605K->739356K(894224K), 0.0055150 secs] [Times: user=0.04 sys=0.00, real=0.01 secs] 
233.164: Total time for which application threads were stopped: 0.0056520 seconds, Stopping threads took: 0.0000660 seconds
233.269: Application time: 0.1045320 seconds
233.269: [GC233.269: [ParNew: 36389K->3572K(37568K), 0.0054940 secs] 772169K->752178K(894224K), 0.0055340 secs] [Times: user=0.04 sys=0.00, real=0.00 secs] 
233.275: Total time for which application threads were stopped: 0.0056700 seconds, Stopping threads took: 0.0000630 seconds
233.427: Application time: 0.1524570 seconds
233.427: [GC233.427: [ParNew: 36377K->3568K(37568K), 0.0053780 secs] 784983K->765002K(894224K), 0.0054230 secs] [Times: user=0.04 sys=0.00, real=0.00 secs] 
233.433: Total time for which application threads were stopped: 0.0055890 seconds, Stopping threads took: 0.0000840 seconds
233.578: Application time: 0.1455220 seconds
233.578: [GC233.578: [ParNew: 36360K->3564K(37568K), 0.0052400 secs] 797794K->777113K(894224K), 0.0052830 secs] [Times: user=0.05 sys=0.00, real=0.01 secs] 
233.584: Total time for which application threads were stopped: 0.0054160 seconds, Stopping threads took: 0.0000620 seconds
233.729: Application time: 0.1459800 seconds
233.730: [GC233.730: [ParNew: 36373K->3576K(37568K), 0.0055430 secs] 809922K->790663K(894224K), 0.0055850 secs] [Times: user=0.05 sys=0.00, real=0.01 secs] 
233.735: Total time for which application threads were stopped: 0.0057320 seconds, Stopping threads took: 0.0000770 seconds
233.870: Application time: 0.1349460 seconds
233.870: [GC233.870: [ParNew: 36369K->3562K(37568K), 0.0054090 secs] 823455K->803476K(894224K), 0.0054520 secs] [Times: user=0.04 sys=0.00, real=0.01 secs] 
233.876: Total time for which application threads were stopped: 0.0055810 seconds, Stopping threads took: 0.0000620 seconds
233.876: Application time: 0.0000390 seconds
233.876: [GC [1 CMS-initial-mark: 799913K(856656K)] 804188K(894224K), 0.0001340 secs] [Times: user=0.00 sys=0.00, real=0.00 secs] 
233.876: Total time for which application threads were stopped: 0.0002610 seconds, Stopping threads took: 0.0001020 seconds
233.876: [CMS-concurrent-mark-start]
233.881: [CMS-concurrent-mark: 0.005/0.005 secs] [Times: user=0.03 sys=0.00, real=0.00 secs] 
233.881: [CMS-concurrent-preclean-start]
233.883: [CMS-concurrent-preclean: 0.001/0.001 secs] [Times: user=0.00 sys=0.00, real=0.00 secs] 
233.883: Application time: 0.0066990 seconds
233.887: [GC[YG occupancy: 5702 K (37568 K)]233.887: [Rescan (parallel) , 0.0003840 secs]233.887: [weak refs processing, 0.0000060 secs]233.887: [scrub string table, 0.0001140 secs] [1 CMS-remark: 799913K(856656K)] 805616K(894224K), 0.0005290 secs] [Times: user=0.00 sys=0.00, real=0.00 secs] 
233.887: Total time for which application threads were stopped: 0.0046560 seconds, Stopping threads took: 0.0040910 seconds
233.887: [CMS-concurrent-sweep-start]
233.889: [CMS-concurrent-sweep: 0.002/0.002 secs] [Times: user=0.00 sys=0.00, real=0.00 secs] 
233.889: [CMS-concurrent-reset-start]
233.891: [CMS-concurrent-reset: 0.002/0.002 secs] [Times: user=0.00 sys=0.00, real=0.00 secs] 
234.004: Application time: 0.1162870 seconds
234.004: [GC234.004: [ParNew: 36363K->3570K(37568K), 0.0053360 secs] 62690K->42722K(894224K), 0.0053920 secs] [Times: user=0.04 sys=0.00, real=0.00 secs] 
234.009: Total time for which application threads were stopped: 0.0055350 seconds, Stopping threads took: 0.0000600 seconds
234.143: Application time: 0.1340480 seconds
234.143: [GC234.144: [ParNew: 36363K->3562K(37568K), 0.0049530 secs] 75515K->54116K(894224K), 0.0049970 secs] [Times: user=0.03 sys=0.00, real=0.00 secs] 
234.149: Total time for which application threads were stopped: 0.0052180 seconds, Stopping threads took: 0.0001480 seconds
234.278: Application time: 0.1291310 seconds
234.278: [GC234.278: [ParNew: 36379K->3578K(37568K), 0.0054090 secs] 86933K->66958K(894224K), 0.0054550 secs] [Times: user=0.05 sys=0.00, real=0.01 secs] 
234.283: Total time for which application threads were stopped: 0.0056300 seconds, Stopping threads took: 0.0001090 seconds
234.389: Application time: 0.1060470 seconds
234.389: [GC234.389: [ParNew: 36380K->3570K(37568K), 0.0052440 secs] 99760K->79066K(894224K), 0.0052890 secs] [Times: user=0.05 sys=0.00, real=0.00 secs] 
234.395: Total time for which application threads were stopped: 0.0054400 seconds, Stopping threads took: 0.0000790 seconds
234.510: Application time: 0.1153320 seconds
234.510: [GC234.510: [ParNew: 36372K->3576K(37568K), 0.0052880 secs] 111867K->91899K(894224K), 0.0053300 secs] [Times: user=0.04 sys=0.00, real=0.01 secs] 
234.516: Total time for which application threads were stopped: 0.0054810 seconds, Stopping threads took: 0.0000650 seconds
234.622: Application time: 0.1060170 seconds
234.622: [GC234.622: [ParNew: 36386K->3572K(37568K), 0.0053620 secs] 124708K->104721K(894224K), 0.0054050 secs] [Times: user=0.05 sys=0.00, real=0.01 secs] 
234.627: Total time for which application threads were stopped: 0.0055480 seconds, Stopping threads took: 0.0000700 seconds
234.736: Application time: 0.1085240 seconds
234.736: [GC234.736: [ParNew: 36366K->3564K(37568K), 0.0051790 secs] 137515K->116829K(894224K), 0.0052240 secs] [Times: user=0.04 sys=0.00, real=0.00 secs] 
234.741: Total time for which application threads were stopped: 0.0053670 seconds, Stopping threads took: 0.0000690 seconds
234.849: Application time: 0.1076540 seconds
234.849: [GC234.849: [ParNew: 36359K->3562K(37568K), 0.0054440 secs] 149623K->129653K(894224K), 0.0054860 secs] [Times: user=0.03 sys=0.00, real=0.00 secs] 
234.854: Total time for which application threads were stopped: 0.0056330 seconds, Stopping threads took: 0.0000740 seconds
234.975: Application time: 0.1207170 seconds
234.975: [GC234.975: [ParNew: 36363K->3568K(37568K), 0.0050960 secs] 162454K->141773K(894224K), 0.0051430 secs] [Times: user=0.04 sys=0.00, real=0.00 secs] 
234.980: Total time for which application threads were stopped: 0.0052960 seconds, Stopping threads took: 0.0000860 seconds
235.078: Application time: 0.0974200 seconds
235.078: [GC235.078: [ParNew: 36363K->3562K(37568K), 0.0053080 secs] 174568K->154594K(894224K), 0.0053520 secs] [Times: user=0.04 sys=0.00, real=0.01 secs] 
235.083: Total time for which application threads were stopped: 0.0054960 seconds, Stopping threads took: 0.0000650 seconds
235.169: Application time: 0.0856360 seconds
235.169: [GC235.169: [ParNew: 36403K->3607K(37568K), 0.0053510 secs] 187435K->167465K(894224K), 0.0053930 secs] [Times: user=0.04 sys=0.00, real=0.00 secs] 
235.174: Total time for which application threads were stopped: 0.0055180 seconds, Stopping threads took: 0.0000570 seconds
235.190: Application time: 0.0158780 seconds
235.190: [GC235.190: [ParNew: 36391K->1431K(37568K), 0.0025110 secs] 200249K->168882K(894224K), 0.0025550 secs] [Times: user=0.02 sys=0.00, real=0.00 secs] 
235.193: Total time for which application threads were stopped: 0.0027250 seconds, Stopping threads took: 0.0000870 seconds
235.205: Application time: 0.0119890 seconds
235.205: [GC235.205: [ParNew: 34219K->3574K(37568K), 0.0020550 secs] 201671K->171026K(894224K), 0.0020970 secs] [Times: user=0.02 sys=0.00, real=0.00 secs] 
235.207: Total time for which application threads were stopped: 0.0022450 seconds, Stopping threads took: 0.0000700 seconds
235.220: Application time: 0.0126550 seconds
235.220: [GC235.220: [ParNew: 36367K->1429K(37568K), 0.0022150 secs] 203818K->171731K(894224K), 0.0022570 secs] [Times: user=0.01 sys=0.00, real=0.00 secs] 
235.222: Total time for which application threads were stopped: 0.0023970 seconds, Stopping threads took: 0.0000640 seconds
235.237: Application time: 0.0149220 seconds
235.237: [GC235.237: [ParNew: 34226K->3568K(37568K), 0.0026620 secs] 204528K->177433K(894224K), 0.0027040 secs] [Times: user=0.02 sys=0.00, real=0.00 secs] 
235.240: Total time for which application threads were stopped: 0.0028380 seconds, Stopping threads took: 0.0000640 seconds
235.349: Application time: 0.1090310 seconds
235.349: [GC235.349: [ParNew: 36370K->3568K(37568K), 0.0051740 secs] 210235K->189548K(894224K), 0.0052180 secs] [Times: user=0.04 sys=0.00, real=0.00 secs] 
235.354: Total time for which application threads were stopped: 0.0053620 seconds, Stopping threads took: 0.0000700 seconds
235.477: Application time: 0.1221610 seconds
235.477: [GC235.477: [ParNew: 36372K->3566K(37568K), 0.0053600 secs] 222351K->202373K(894224K), 0.0054010 secs] [Times: user=0.04 sys=0.00, real=0.00 secs] 
235.482: Total time for which application threads were stopped: 0.0055450 seconds, Stopping threads took: 0.0000780 seconds
235.587: Application time: 0.1043830 seconds
235.587: [GC235.587: [ParNew: 36788K->3602K(37568K), 0.0047810 secs] 235594K->213098K(894224K), 0.0048220 secs] [Times: user=0.02 sys=0.01, real=0.00 secs] 
235.592: Total time for which application threads were stopped: 0.0049990 seconds, Stopping threads took: 0.0000970 seconds
235.616: Application time: 0.0244500 seconds
235.616: [GC235.616: [ParNew: 36718K->3574K(37568K), 0.0033890 secs] 246214K->218088K(894224K), 0.0034330 secs] [Times: user=0.03 sys=0.00, real=0.00 secs] 
235.620: Total time for which application threads were stopped: 0.0036020 seconds, Stopping threads took: 0.0000920 seconds
235.630: Application time: 0.0099190 seconds
235.630: [GC235.630: [ParNew: 36365K->3566K(37568K), 0.0030280 secs] 250878K->222355K(894224K), 0.0030690 secs] [Times: user=0.03 sys=0.00, real=0.00 secs] 
235.633: Total time for which application threads were stopped: 0.0032230 seconds, Stopping threads took: 0.0000820 seconds
235.647: Application time: 0.0143400 seconds
235.651: [GC235.651: [ParNew: 36357K->2144K(37568K), 0.0023250 secs] 255146K->223783K(894224K), 0.0023670 secs] [Times: user=0.01 sys=0.00, real=0.00 secs] 
235.653: Total time for which application threads were stopped: 0.0061940 seconds, Stopping threads took: 0.0037520 seconds
235.661: Application time: 0.0074370 seconds
235.661: [GC235.661: [ParNew: 34934K->3562K(37568K), 0.0026640 secs] 256573K->228053K(894224K), 0.0027080 secs] [Times: user=0.02 sys=0.00, real=0.01 secs] 
235.664: Total time for which application threads were stopped: 0.0030060 seconds, Stopping threads took: 0.0002230 seconds
235.753: Application time: 0.0893680 seconds
235.753: [GC235.753: [ParNew: 36364K->3576K(37568K), 0.0053170 secs] 260854K->240892K(894224K), 0.0053590 secs] [Times: user=0.04 sys=0.00, real=0.01 secs] 
235.759: Total time for which application threads were stopped: 0.0055170 seconds, Stopping threads took: 0.0000880 seconds
235.880: Application time: 0.1214200 seconds
235.880: [GC235.880: [ParNew: 36370K->3562K(37568K), 0.0052250 secs] 273686K->252993K(894224K), 0.0052690 secs] [Times: user=0.04 sys=0.00, real=0.01 secs] 
235.885: Total time for which application threads were stopped: 0.0054240 seconds, Stopping threads took: 0.0000860 seconds
235.929: Application time: 0.0436270 seconds
235.929: [GC235.929: [ParNew: 36384K->3602K(37568K), 0.0041210 secs] 285814K->260871K(894224K), 0.0041760 secs] [Times: user=0.03 sys=0.00, real=0.00 secs] 
235.933: Total time for which application threads were stopped: 0.0043320 seconds, Stopping threads took: 0.0000800 seconds
235.943: Application time: 0.0098370 seconds
235.944: [GC235.944: [ParNew: 36390K->2854K(37568K), 0.0026750 secs] 293659K->263001K(894224K), 0.0027160 secs] [Times: user=0.02 sys=0.00, real=0.00 secs] 
235.946: Total time for which application threads were stopped: 0.0031570 seconds, Stopping threads took: 0.0003650 seconds
235.960: Application time: 0.0139270 seconds
235.961: [GC235.961: [ParNew: 35645K->3574K(37568K), 0.0025780 secs] 295792K->265859K(894224K), 0.0026220 secs] [Times: user=0.02 sys=0.00, real=0.01 secs] 
235.963: Total time for which application threads were stopped: 0.0027920 seconds, Stopping threads took: 0.0000940 seconds
235.972: Application time: 0.0085520 seconds
235.972: [GC235.972: [ParNew: 36370K->3568K(37568K), 0.0034520 secs] 298654K->270841K(894224K), 0.0034950 secs] [Times: user=0.03 sys=0.00, real=0.01 secs] 
235.975: Total time for which application threads were stopped: 0.0036520 seconds, Stopping threads took: 0.0000830 seconds
236.052: Application time: 0.0769960 seconds
236.052: [GC236.053: [ParNew: 36369K->3568K(37568K), 0.0053600 secs] 303642K->283667K(894224K), 0.0054040 secs] [Times: user=0.04 sys=0.00, real=0.01 secs] 
236.058: Total time for which application threads were stopped: 0.0055370 seconds, Stopping threads took: 0.0000600 seconds
236.145: Application time: 0.0870690 seconds
236.145: [GC236.145: [ParNew: 36396K->3600K(37568K), 0.0056740 secs] 316494K->296525K(894224K), 0.0057170 secs] [Times: user=0.04 sys=0.00, real=0.00 secs] 
236.151: Total time for which application threads were stopped: 0.0059020 seconds, Stopping threads took: 0.0000960 seconds
236.162: Application time: 0.0114430 seconds
236.162: [GC236.163: [ParNew: 36887K->3611K(37568K), 0.0035340 secs] 329812K->301552K(894224K), 0.0035770 secs] [Times: user=0.03 sys=0.00, real=0.01 secs] 
236.166: Total time for which application threads were stopped: 0.0037640 seconds, Stopping threads took: 0.0001100 seconds
236.177: Application time: 0.0108720 seconds
236.177: [GC236.177: [ParNew: 36647K->2864K(37568K), 0.0024370 secs] 334588K->302971K(894224K), 0.0024790 secs] [Times: user=0.01 sys=0.00, real=0.00 secs] 
236.180: Total time for which application threads were stopped: 0.0029710 seconds, Stopping threads took: 0.0004160 seconds
236.189: Application time: 0.0092670 seconds
236.190: [GC236.190: [ParNew: 35646K->1425K(37568K), 0.0017030 secs] 335753K->302959K(894224K), 0.0017390 secs] [Times: user=0.01 sys=0.00, real=0.00 secs] 
236.191: Total time for which application threads were stopped: 0.0021670 seconds, Stopping threads took: 0.0003560 seconds
236.199: Application time: 0.0080590 seconds
236.200: [GC236.200: [ParNew: 34223K->2866K(37568K), 0.0017750 secs] 335757K->304400K(894224K), 0.0018120 secs] [Times: user=0.01 sys=0.00, real=0.00 secs] 
236.201: Total time for which application threads were stopped: 0.0019950 seconds, Stopping threads took: 0.0001110 seconds
236.208: Application time: 0.0068390 seconds
236.209: [GC236.209: [ParNew: 35649K->3562K(37568K), 0.0025610 secs] 337184K->307235K(894224K), 0.0026020 secs] [Times: user=0.02 sys=0.00, real=0.00 secs] 
236.211: Total time for which application threads were stopped: 0.0030890 seconds, Stopping threads took: 0.0004120 seconds
236.222: Application time: 0.0105300 seconds
236.222: [GC236.222: [ParNew: 36370K->3574K(37568K), 0.0036280 secs] 340043K->312947K(894224K), 0.0036720 secs] [Times: user=0.03 sys=0.00, real=0.01 secs] 
236.226: Total time for which application threads were stopped: 0.0038330 seconds, Stopping threads took: 0.0000870 seconds
236.237: Application time: 0.0114420 seconds
236.237: [GC236.237: [ParNew: 36368K->3568K(37568K), 0.0028270 secs] 345741K->315793K(894224K), 0.0028700 secs] [Times: user=0.02 sys=0.00, real=0.00 secs] 
236.240: Total time for which application threads were stopped: 0.0030630 seconds, Stopping threads took: 0.0001060 seconds
236.298: Application time: 0.0576990 seconds
236.298: [GC236.298: [ParNew: 36396K->3606K(37568K), 0.0039090 secs] 348620K->323669K(894224K), 0.0039500 secs] [Times: user=0.03 sys=0.00, real=0.00 secs] 
236.302: Total time for which application threads were stopped: 0.0040800 seconds, Stopping threads took: 0.0000600 seconds
236.318: Application time: 0.0156210 seconds
236.318: [GC236.318: [ParNew: 36405K->3572K(37568K), 0.0037220 secs] 356467K->330077K(894224K), 0.0037650 secs] [Times: user=0.03 sys=0.00, real=0.00 secs] 
236.322: Total time for which application threads were stopped: 0.0040760 seconds, Stopping threads took: 0.0002390 seconds
236.332: Application time: 0.0100070 seconds
236.332: [GC236.332: [ParNew: 36364K->3572K(37568K), 0.0033940 secs] 362869K->335777K(894224K), 0.0034360 secs] [Times: user=0.03 sys=0.00, real=0.01 secs] 
236.335: Total time for which application threads were stopped: 0.0036060 seconds, Stopping threads took: 0.0000980 seconds
236.350: Application time: 0.0144280 seconds
236.350: [GC236.350: [ParNew: 36363K->722K(37568K), 0.0021300 secs] 368568K->335777K(894224K), 0.0021660 secs] [Times: user=0.02 sys=0.00, real=0.00 secs] 
236.352: Total time for which application threads were stopped: 0.0023420 seconds, Stopping threads took: 0.0001020 seconds
236.360: Application time: 0.0076130 seconds
236.360: [GC236.360: [ParNew: 33508K->3568K(37568K), 0.0019470 secs] 368563K->338623K(894224K), 0.0019840 secs] [Times: user=0.01 sys=0.00, real=0.00 secs] 
236.362: Total time for which application threads were stopped: 0.0021390 seconds, Stopping threads took: 0.0000840 seconds
236.409: Application time: 0.0469880 seconds
236.409: [GC236.409: [ParNew: 36398K->3604K(37568K), 0.0040690 secs] 371454K->345785K(894224K), 0.0041130 secs] [Times: user=0.03 sys=0.00, real=0.00 secs] 
236.414: Total time for which application threads were stopped: 0.0046430 seconds, Stopping threads took: 0.0004560 seconds
236.423: Application time: 0.0093580 seconds
236.423: [GC236.423: [ParNew: 36396K->3572K(37568K), 0.0039930 secs] 378577K->352907K(894224K), 0.0040350 secs] [Times: user=0.03 sys=0.00, real=0.00 secs] 
236.427: Total time for which application threads were stopped: 0.0041760 seconds, Stopping threads took: 0.0000680 seconds
236.442: Application time: 0.0151030 seconds
236.442: [GC236.442: [ParNew: 36361K->2149K(37568K), 0.0022270 secs] 385696K->353622K(894224K), 0.0022690 secs] [Times: user=0.02 sys=0.00, real=0.01 secs] 
236.445: Total time for which application threads were stopped: 0.0024250 seconds, Stopping threads took: 0.0000800 seconds
236.460: Application time: 0.0149680 seconds
236.460: [GC236.460: [ParNew: 34945K->3564K(37568K), 0.0030230 secs] 386417K->358600K(894224K), 0.0030640 secs] [Times: user=0.02 sys=0.00, real=0.00 secs] 
236.463: Total time for which application threads were stopped: 0.0032390 seconds, Stopping threads took: 0.0000930 seconds
236.513: Application time: 0.0504260 seconds
236.513: [GC236.513: [ParNew: 36397K->3606K(37568K), 0.0048700 secs] 391432K->369329K(894224K), 0.0049110 secs] [Times: user=0.03 sys=0.00, real=0.01 secs] 
236.518: Total time for which application threads were stopped: 0.0050560 seconds, Stopping threads took: 0.0000720 seconds
236.532: Application time: 0.0136100 seconds
236.532: [GC236.532: [ParNew: 36394K->3568K(37568K), 0.0034640 secs] 402117K->374308K(894224K), 0.0035090 secs] [Times: user=0.03 sys=0.00, real=0.01 secs] 
236.536: Total time for which application threads were stopped: 0.0036890 seconds, Stopping threads took: 0.0001060 seconds
236.548: Application time: 0.0127210 seconds
236.548: [GC236.548: [ParNew: 36357K->3568K(37568K), 0.0026660 secs] 407097K->376446K(894224K), 0.0027090 secs] [Times: user=0.02 sys=0.00, real=0.00 secs] 
236.551: Total time for which application threads were stopped: 0.0028630 seconds, Stopping threads took: 0.0000810 seconds
236.562: Application time: 0.0111520 seconds
236.562: [GC236.563: [ParNew: 36364K->3566K(37568K), 0.0033560 secs] 409242K->381432K(894224K), 0.0034100 secs] [Times: user=0.02 sys=0.00, real=0.01 secs] 
236.566: Total time for which application threads were stopped: 0.0035980 seconds, Stopping threads took: 0.0001120 seconds
236.594: Application time: 0.0282080 seconds
236.594: [GC236.594: [ParNew: 36363K->3572K(37568K), 0.0035180 secs] 414229K->387851K(894224K), 0.0035650 secs] [Times: user=0.03 sys=0.00, real=0.01 secs] 
236.598: Total time for which application threads were stopped: 0.0037340 seconds, Stopping threads took: 0.0000960 seconds
236.747: Application time: 0.1492150 seconds
236.747: [GC236.747: [ParNew: 36370K->3572K(37568K), 0.0051150 secs] 420649K->399964K(894224K), 0.0051590 secs] [Times: user=0.04 sys=0.00, real=0.00 secs] 
236.752: Total time for which application threads were stopped: 0.0053400 seconds, Stopping threads took: 0.0000970 seconds
236.894: Application time: 0.1414180 seconds
236.894: [GC236.894: [ParNew: 36364K->3562K(37568K), 0.0050790 secs] 432756K->412068K(894224K), 0.0051220 secs] [Times: user=0.04 sys=0.00, real=0.01 secs] 
236.899: Total time for which application threads were stopped: 0.0052800 seconds, Stopping threads took: 0.0000870 seconds
237.042: Application time: 0.1429030 seconds
237.042: [GC237.042: [ParNew: 36360K->3574K(37568K), 0.0054590 secs] 444866K->424905K(894224K), 0.0054940 secs] [Times: user=0.04 sys=0.00, real=0.01 secs] 
237.048: Total time for which application threads were stopped: 0.0056240 seconds, Stopping threads took: 0.0000560 seconds
237.185: Application time: 0.1371160 seconds
237.185: [GC237.185: [ParNew: 36381K->3572K(37568K), 0.0053060 secs] 457712K->437729K(894224K), 0.0053450 secs] [Times: user=0.04 sys=0.00, real=0.00 secs] 
237.190: Total time for which application threads were stopped: 0.0054780 seconds, Stopping threads took: 0.0000600 seconds
237.338: Application time: 0.1472400 seconds
237.338: [GC237.338: [ParNew: 36379K->3576K(37568K), 0.0053880 secs] 470536K->450561K(894224K), 0.0054300 secs] [Times: user=0.03 sys=0.00, real=0.01 secs] 
237.343: Total time for which application threads were stopped: 0.0055890 seconds, Stopping threads took: 0.0000770 seconds
237.493: Application time: 0.1503450 seconds
237.494: [GC237.494: [ParNew: 36375K->3568K(37568K), 0.0051390 secs] 483359K->462667K(894224K), 0.0051830 secs] [Times: user=0.04 sys=0.00, real=0.01 secs] 
237.499: Total time for which application threads were stopped: 0.0053570 seconds, Stopping threads took: 0.0000940 seconds
237.611: Application time: 0.1121600 seconds
237.611: [GC237.611: [ParNew: 36377K->3572K(37568K), 0.0055210 secs] 495476K->476210K(894224K), 0.0055660 secs] [Times: user=0.05 sys=0.00, real=0.01 secs] 
237.617: Total time for which application threads were stopped: 0.0056940 seconds, Stopping threads took: 0.0000550 seconds
237.755: Application time: 0.1383950 seconds
237.755: [GC237.755: [ParNew: 36365K->3562K(37568K), 0.0054190 secs] 509002K->489027K(894224K), 0.0054640 secs] [Times: user=0.04 sys=0.00, real=0.00 secs] 
237.761: Total time for which application threads were stopped: 0.0056200 seconds, Stopping threads took: 0.0000840 seconds
237.913: Application time: 0.1524090 seconds
237.913: [GC237.913: [ParNew: 36355K->3562K(37568K), 0.0051770 secs] 521819K->501140K(894224K), 0.0052190 secs] [Times: user=0.04 sys=0.00, real=0.01 secs] 
237.918: Total time for which application threads were stopped: 0.0053750 seconds, Stopping threads took: 0.0000700 seconds
238.050: Application time: 0.1318480 seconds
238.050: [GC238.050: [ParNew: 36364K->3572K(37568K), 0.0055310 secs] 533941K->514688K(894224K), 0.0055740 secs] [Times: user=0.04 sys=0.00, real=0.01 secs] 
238.056: Total time for which application threads were stopped: 0.0057120 seconds, Stopping threads took: 0.0000650 seconds
238.165: Application time: 0.1085790 seconds
238.165: [GC238.165: [ParNew: 36389K->3574K(37568K), 0.0053990 secs] 547504K->527517K(894224K), 0.0054450 secs] [Times: user=0.04 sys=0.00, real=0.00 secs] 
238.170: Total time for which application threads were stopped: 0.0056210 seconds, Stopping threads took: 0.0000950 seconds
238.300: Application time: 0.1298520 seconds
238.300: [GC238.300: [ParNew: 36376K->3572K(37568K), 0.0052370 secs] 560318K->539630K(894224K), 0.0052810 secs] [Times: user=0.04 sys=0.00, real=0.01 secs] 
238.306: Total time for which application threads were stopped: 0.0054170 seconds, Stopping threads took: 0.0000630 seconds
238.414: Application time: 0.1084810 seconds
238.414: [GC238.414: [ParNew: 36375K->3568K(37568K), 0.0052050 secs] 572433K->551741K(894224K), 0.0052490 secs] [Times: user=0.05 sys=0.00, real=0.01 secs] 
238.419: Total time for which application threads were stopped: 0.0053940 seconds, Stopping threads took: 0.0000600 seconds
238.536: Application time: 0.1171230 seconds
238.537: [GC238.537: [ParNew: 36370K->3572K(37568K), 0.0055680 secs] 584543K->565284K(894224K), 0.0056120 secs] [Times: user=0.04 sys=0.00, real=0.00 secs] 
238.542: Total time for which application threads were stopped: 0.0057490 seconds, Stopping threads took: 0.0000620 seconds
238.636: Application time: 0.0940500 seconds
238.636: [GC238.636: [ParNew: 36375K->3572K(37568K), 0.0053580 secs] 598087K->578111K(894224K), 0.0054000 secs] [Times: user=0.05 sys=0.00, real=0.00 secs] 
238.642: Total time for which application threads were stopped: 0.0055330 seconds, Stopping threads took: 0.0000600 seconds
238.762: Application time: 0.1203330 seconds
238.762: [GC238.762: [ParNew: 36367K->3562K(37568K), 0.0054410 secs] 610905K->590928K(894224K), 0.0054840 secs] [Times: user=0.04 sys=0.00, real=0.01 secs] 
238.768: Total time for which application threads were stopped: 0.0056240 seconds, Stopping threads took: 0.0000690 seconds
238.882: Application time: 0.1139630 seconds
238.882: [GC238.882: [ParNew: 36363K->3570K(37568K), 0.0051250 secs] 623729K->603050K(894224K), 0.0051680 secs] [Times: user=0.04 sys=0.00, real=0.01 secs] 
238.887: Total time for which application threads were stopped: 0.0053000 seconds, Stopping threads took: 0.0000660 seconds
238.985: Application time: 0.0982980 seconds
238.986: [GC238.986: [ParNew: 36365K->3562K(37568K), 0.0055440 secs] 635845K->615869K(894224K), 0.0055860 secs] [Times: user=0.04 sys=0.00, real=0.00 secs] 
238.991: Total time for which application threads were stopped: 0.0057540 seconds, Stopping threads took: 0.0000900 seconds
239.110: Application time: 0.1188280 seconds
239.110: [GC239.110: [ParNew: 36357K->3564K(37568K), 0.0052000 secs] 648664K->627985K(894224K), 0.0052440 secs] [Times: user=0.04 sys=0.00, real=0.01 secs] 
239.115: Total time for which application threads were stopped: 0.0053940 seconds, Stopping threads took: 0.0000750 seconds
239.156: Application time: 0.0402990 seconds
239.156: [GC239.156: [ParNew: 36396K->3605K(37568K), 0.0046290 secs] 660817K->637289K(894224K), 0.0046720 secs] [Times: user=0.03 sys=0.00, real=0.00 secs] 
239.160: Total time for which application threads were stopped: 0.0048250 seconds, Stopping threads took: 0.0000780 seconds
239.171: Application time: 0.0109200 seconds
239.172: [GC239.172: [ParNew: 36390K->1435K(37568K), 0.0022520 secs] 670075K->637999K(894224K), 0.0022910 secs] [Times: user=0.02 sys=0.00, real=0.00 secs] 
239.174: Total time for which application threads were stopped: 0.0024630 seconds, Stopping threads took: 0.0000980 seconds
239.189: Application time: 0.0150390 seconds
239.189: [GC239.189: [ParNew: 34232K->3577K(37568K), 0.0019930 secs] 670797K->640141K(894224K), 0.0020350 secs] [Times: user=0.01 sys=0.00, real=0.00 secs] 
239.191: Total time for which application threads were stopped: 0.0021900 seconds, Stopping threads took: 0.0000810 seconds
239.200: Application time: 0.0089310 seconds
239.200: [GC239.200: [ParNew: 36370K->3566K(37568K), 0.0028140 secs] 672935K->642982K(894224K), 0.0028570 secs] [Times: user=0.02 sys=0.00, real=0.01 secs] 
239.203: Total time for which application threads were stopped: 0.0030210 seconds, Stopping threads took: 0.0000900 seconds
239.279: Application time: 0.0758230 seconds
239.279: [GC239.279: [ParNew: 36369K->3576K(37568K), 0.0054360 secs] 675785K->655819K(894224K), 0.0054880 secs] [Times: user=0.04 sys=0.00, real=0.01 secs] 
239.285: Total time for which application threads were stopped: 0.0056450 seconds, Stopping threads took: 0.0000880 seconds
239.387: Application time: 0.1019910 seconds
239.387: [GC239.387: [ParNew: 36388K->3570K(37568K), 0.0057470 secs] 688630K->670065K(894224K), 0.0057900 secs] [Times: user=0.05 sys=0.00, real=0.00 secs] 
239.392: Total time for which application threads were stopped: 0.0059240 seconds, Stopping threads took: 0.0000660 seconds
239.511: Application time: 0.1185380 seconds
239.511: [GC239.511: [ParNew: 36373K->3568K(37568K), 0.0054050 secs] 702868K->682891K(894224K), 0.0054500 secs] [Times: user=0.04 sys=0.00, real=0.01 secs] 
239.517: Total time for which application threads were stopped: 0.0055970 seconds, Stopping threads took: 0.0000640 seconds
239.549: Application time: 0.0322760 seconds
239.551: [GC239.551: [ParNew: 36390K->3602K(37568K), 0.0039280 secs] 715713K->690051K(894224K), 0.0039690 secs] [Times: user=0.03 sys=0.01, real=0.01 secs] 
239.555: Total time for which application threads were stopped: 0.0060270 seconds, Stopping threads took: 0.0019840 seconds
239.564: Application time: 0.0092790 seconds
239.564: [GC239.564: [ParNew: 36391K->3572K(37568K), 0.0028930 secs] 722840K->692900K(894224K), 0.0029370 secs] [Times: user=0.02 sys=0.00, real=0.00 secs] 
239.567: Total time for which application threads were stopped: 0.0030930 seconds, Stopping threads took: 0.0000800 seconds
239.583: Application time: 0.0160220 seconds
239.584: [GC239.584: [ParNew: 36364K->2145K(37568K), 0.0021560 secs] 725692K->693611K(894224K), 0.0021940 secs] [Times: user=0.01 sys=0.00, real=0.00 secs] 
239.586: Total time for which application threads were stopped: 0.0024730 seconds, Stopping threads took: 0.0002060 seconds
239.594: Application time: 0.0084160 seconds
239.594: [GC239.594: [ParNew: 34938K->3574K(37568K), 0.0022580 secs] 726404K->695753K(894224K), 0.0022990 secs] [Times: user=0.02 sys=0.00, real=0.01 secs] 
239.597: Total time for which application threads were stopped: 0.0024550 seconds, Stopping threads took: 0.0000820 seconds
239.674: Application time: 0.0774530 seconds
239.674: [GC239.674: [ParNew: 36376K->3570K(37568K), 0.0056060 secs] 728555K->709287K(894224K), 0.0056500 secs] [Times: user=0.04 sys=0.00, real=0.01 secs] 
239.680: Total time for which application threads were stopped: 0.0058100 seconds, Stopping threads took: 0.0000880 seconds
239.810: Application time: 0.1299900 seconds
239.810: [GC239.810: [ParNew: 36364K->3562K(37568K), 0.0056690 secs] 742081K->721393K(894224K), 0.0057120 secs] [Times: user=0.04 sys=0.00, real=0.01 secs] 
239.816: Total time for which application threads were stopped: 0.0058490 seconds, Stopping threads took: 0.0000650 seconds
239.860: Application time: 0.0439460 seconds
239.860: [GC239.860: [ParNew: 36384K->3604K(37568K), 0.0042210 secs] 754215K->729273K(894224K), 0.0042650 secs] [Times: user=0.03 sys=0.00, real=0.01 secs] 
239.864: Total time for which application threads were stopped: 0.0044180 seconds, Stopping threads took: 0.0000770 seconds
239.874: Application time: 0.0094170 seconds
239.874: [GC239.874: [ParNew: 36395K->3566K(37568K), 0.0039030 secs] 762064K->736389K(894224K), 0.0039460 secs] [Times: user=0.03 sys=0.00, real=0.01 secs] 
239.878: Total time for which application threads were stopped: 0.0041050 seconds, Stopping threads took: 0.0000840 seconds
239.893: Application time: 0.0149430 seconds
239.893: [GC239.893: [ParNew: 36354K->1435K(37568K), 0.0019630 secs] 769178K->736395K(894224K), 0.0020000 secs] [Times: user=0.02 sys=0.00, real=0.00 secs] 
239.895: Total time for which application threads were stopped: 0.0021760 seconds, Stopping threads took: 0.0001030 seconds
239.904: Application time: 0.0095370 seconds
239.904: [GC239.904: [ParNew: 34227K->2864K(37568K), 0.0018060 secs] 769187K->737825K(894224K), 0.0018440 secs] [Times: user=0.01 sys=0.00, real=0.00 secs] 
239.906: Total time for which application threads were stopped: 0.0020010 seconds, Stopping threads took: 0.0000820 seconds
239.983: Application time: 0.0762360 seconds
239.983: [GC239.983: [ParNew: 35665K->3570K(37568K), 0.0055400 secs] 770626K->752069K(894224K), 0.0055900 secs] [Times: user=0.04 sys=0.00, real=0.01 secs] 
239.988: Total time for which application threads were stopped: 0.0057230 seconds, Stopping threads took: 0.0000640 seconds
240.106: Application time: 0.1179270 seconds
240.106: [GC240.106: [ParNew: 36397K->3604K(37568K), 0.0053570 secs] 784895K->764929K(894224K), 0.0053970 secs] [Times: user=0.04 sys=0.00, real=0.00 secs] 
240.112: Total time for which application threads were stopped: 0.0055400 seconds, Stopping threads took: 0.0000610 seconds
240.127: Application time: 0.0148820 seconds
240.127: [GC240.127: [ParNew: 36392K->3570K(37568K), 0.0032270 secs] 797718K->769199K(894224K), 0.0032780 secs] [Times: user=0.02 sys=0.00, real=0.00 secs] 
240.130: Total time for which application threads were stopped: 0.0034460 seconds, Stopping threads took: 0.0000920 seconds
240.141: Application time: 0.0106700 seconds
240.141: [GC240.141: [ParNew: 36358K->3574K(37568K), 0.0028310 secs] 801987K->772053K(894224K), 0.0028720 secs] [Times: user=0.02 sys=0.00, real=0.01 secs] 
240.144: Total time for which application threads were stopped: 0.0030200 seconds, Stopping threads took: 0.0000740 seconds
240.157: Application time: 0.0131220 seconds
240.157: [GC240.157: [ParNew: 36354K->3613K(37568K), 0.0025840 secs] 804833K->774230K(894224K), 0.0026220 secs] [Times: user=0.02 sys=0.00, real=0.00 secs] 
240.160: Total time for which application threads were stopped: 0.0028040 seconds, Stopping threads took: 0.0001070 seconds
240.167: Application time: 0.0073030 seconds
240.168: [GC240.168: [ParNew: 36444K->2147K(37568K), 0.0024370 secs] 807060K->775643K(894224K), 0.0024770 secs] [Times: user=0.01 sys=0.00, real=0.00 secs] 
240.170: Total time for which application threads were stopped: 0.0033500 seconds, Stopping threads took: 0.0007990 seconds
240.180: Application time: 0.0100350 seconds
240.181: [GC240.181: [ParNew: 34940K->3572K(37568K), 0.0034110 secs] 808436K->782057K(894224K), 0.0034550 secs] [Times: user=0.03 sys=0.00, real=0.01 secs] 
240.184: Total time for which application threads were stopped: 0.0036060 seconds, Stopping threads took: 0.0000740 seconds
240.196: Application time: 0.0119510 seconds
240.196: [GC240.196: [ParNew: 36366K->1435K(37568K), 0.0021220 secs] 814851K->782771K(894224K), 0.0021610 secs] [Times: user=0.02 sys=0.00, real=0.00 secs] 
240.198: Total time for which application threads were stopped: 0.0023350 seconds, Stopping threads took: 0.0001030 seconds
240.212: Application time: 0.0137840 seconds
240.212: [GC240.212: [ParNew: 34224K->2862K(37568K), 0.0018220 secs] 815560K->784198K(894224K), 0.0018580 secs] [Times: user=0.02 sys=0.00, real=0.00 secs] 
240.214: Total time for which application threads were stopped: 0.0020080 seconds, Stopping threads took: 0.0000770 seconds
240.222: Application time: 0.0076410 seconds
240.222: [GC240.222: [ParNew: 35647K->2852K(37568K), 0.0023360 secs] 816983K->785614K(894224K), 0.0023770 secs] [Times: user=0.02 sys=0.00, real=0.01 secs] 
240.224: Total time for which application threads were stopped: 0.0025310 seconds, Stopping threads took: 0.0000770 seconds
240.317: Application time: 0.0929540 seconds
240.317: [GC240.317: [ParNew: 35723K->3630K(37568K), 0.0053190 secs] 818485K->798505K(894224K), 0.0053640 secs] [Times: user=0.04 sys=0.00, real=0.00 secs] 
240.323: Total time for which application threads were stopped: 0.0055010 seconds, Stopping threads took: 0.0000630 seconds
240.323: Application time: 0.0000940 seconds
240.323: [GC [1 CMS-initial-mark: 794874K(856656K)] 799218K(894224K), 0.0001430 secs] [Times: user=0.00 sys=0.00, real=0.00 secs] 
240.323: Total time for which application threads were stopped: 0.0002920 seconds, Stopping threads took: 0.0001240 seconds
240.323: [CMS-concurrent-mark-start]
240.330: [CMS-concurrent-mark: 0.007/0.007 secs] [Times: user=0.03 sys=0.00, real=0.00 secs] 
240.331: [CMS-concurrent-preclean-start]
240.332: [CMS-concurrent-preclean: 0.002/0.002 secs] [Times: user=0.02 sys=0.00, real=0.00 secs] 
240.332: [CMS-concurrent-abortable-preclean-start]
240.334: Application time: 0.0106420 seconds
240.334: [GC240.334: [ParNew: 36418K->2858K(37568K), 0.0026550 secs] 831293K->800642K(894224K), 0.0026960 secs] [Times: user=0.01 sys=0.00, real=0.01 secs] 
240.337: Total time for which application threads were stopped: 0.0028530 seconds, Stopping threads took: 0.0000850 seconds
240.345: Application time: 0.0080050 seconds
240.345: [GC240.345: [ParNew: 35652K->3576K(37568K), 0.0025700 secs] 833436K->803499K(894224K), 0.0026120 secs] [Times: user=0.02 sys=0.00, real=0.00 secs] 
240.347: Total time for which application threads were stopped: 0.0027650 seconds, Stopping threads took: 0.0000790 seconds
240.356: Application time: 0.0083550 seconds
240.356: [GC240.356: [ParNew: 36358K->2850K(37568K), 0.0022250 secs] 836280K->804198K(894224K), 0.0022660 secs] [Times: user=0.01 sys=0.00, real=0.00 secs] 
240.358: Total time for which application threads were stopped: 0.0025370 seconds, Stopping threads took: 0.0001970 seconds
240.370: Application time: 0.0116090 seconds
240.370: [GC240.370: [ParNew: 35649K->3574K(37568K), 0.0038760 secs] 836997K->811335K(894224K), 0.0039190 secs] [Times: user=0.03 sys=0.00, real=0.00 secs] 
240.374: Total time for which application threads were stopped: 0.0041370 seconds, Stopping threads took: 0.0001430 seconds
240.386: Application time: 0.0120230 seconds
240.386: [GC240.386: [ParNew: 36359K->1427K(37568K), 0.0020720 secs] 844120K->811327K(894224K), 0.0021110 secs] [Times: user=0.01 sys=0.00, real=0.00 secs] 
240.388: Total time for which application threads were stopped: 0.0023220 seconds, Stopping threads took: 0.0001370 seconds
240.396: Application time: 0.0076710 seconds
240.396: [GC240.396: [ParNew: 34228K->2862K(37568K), 0.0016620 secs] 844129K->812763K(894224K), 0.0017000 secs] [Times: user=0.01 sys=0.00, real=0.00 secs] 
240.398: Total time for which application threads were stopped: 0.0018860 seconds, Stopping threads took: 0.0001120 seconds
240.409: Application time: 0.0112330 seconds
240.409: [GC240.409: [ParNew: 35650K->3564K(37568K), 0.0030180 secs] 845550K->817029K(894224K), 0.0030610 secs] [Times: user=0.03 sys=0.00, real=0.00 secs] 
240.412: Total time for which application threads were stopped: 0.0032230 seconds, Stopping threads took: 0.0000880 seconds
240.467: Application time: 0.0545770 seconds
240.467: [GC240.467: [ParNew: 36404K->3606K(37568K), 0.0044650 secs] 849869K->827047K(894224K), 0.0045060 secs] [Times: user=0.03 sys=0.00, real=0.00 secs] 
240.472: Total time for which application threads were stopped: 0.0046550 seconds, Stopping threads took: 0.0000780 seconds
240.487: Application time: 0.0150120 seconds
240.487: [GC240.487: [ParNew: 36394K->3568K(37568K), 0.0032470 secs] 859835K->831314K(894224K), 0.0032910 secs] [Times: user=0.02 sys=0.00, real=0.00 secs] 
240.490: Total time for which application threads were stopped: 0.0035120 seconds, Stopping threads took: 0.0001430 seconds
240.503: Application time: 0.0128210 seconds
240.503: [GC240.503: [ParNew: 36358K->3572K(37568K), 0.0029590 secs] 864104K->834881K(894224K), 0.0030040 secs] [Times: user=0.02 sys=0.00, real=0.00 secs] 
240.506: Total time for which application threads were stopped: 0.0031460 seconds, Stopping threads took: 0.0000680 seconds
240.518: Application time: 0.0123350 seconds
240.519: [GC240.519: [ParNew: 36365K->3570K(37568K), 0.0034590 secs] 867673K->839867K(894224K), 0.0035040 secs] [Times: user=0.02 sys=0.00, real=0.00 secs] 
240.522: Total time for which application threads were stopped: 0.0036570 seconds, Stopping threads took: 0.0000770 seconds
240.530: Application time: 0.0075720 seconds
240.530: [GC240.530: [ParNew: 36356K->3562K(37568K), 0.0026970 secs] 872653K->842710K(894224K), 0.0027380 secs] [Times: user=0.02 sys=0.00, real=0.00 secs] 
240.533: Total time for which application threads were stopped: 0.0028940 seconds, Stopping threads took: 0.0000800 seconds
240.672: Application time: 0.1395970 seconds
240.672: [GC240.672: [ParNew: 36369K->3576K(37568K), 0.0048460 secs] 875516K->855549K(902100K), 0.0049000 secs] [Times: user=0.03 sys=0.00, real=0.01 secs] 
240.677: Total time for which application threads were stopped: 0.0050490 seconds, Stopping threads took: 0.0000650 seconds
240.677: [CMS-concurrent-abortable-preclean: 0.022/0.345 secs] [Times: user=2.68 sys=0.00, real=0.35 secs] 
240.677: Application time: 0.0000540 seconds
240.677: [GC[YG occupancy: 4289 K (37568 K)]240.677: [Rescan (parallel) , 0.0003430 secs]240.678: [weak refs processing, 0.0000060 secs]240.678: [scrub string table, 0.0001230 secs] [1 CMS-remark: 851972K(864532K)] 856261K(902100K), 0.0004910 secs] [Times: user=0.00 sys=0.00, real=0.00 secs] 
240.678: Total time for which application threads were stopped: 0.0006100 seconds, Stopping threads took: 0.0000920 seconds
240.678: [CMS-concurrent-sweep-start]
240.680: [CMS-concurrent-sweep: 0.002/0.002 secs] [Times: user=0.01 sys=0.00, real=0.00 secs] 
240.680: [CMS-concurrent-reset-start]
240.681: [CMS-concurrent-reset: 0.002/0.002 secs] [Times: user=0.00 sys=0.00, real=0.00 secs] 
240.827: Application time: 0.1493630 seconds
240.827: [GC240.827: [ParNew: 36368K->3562K(37568K), 0.0052920 secs] 113321K->93342K(902100K), 0.0053340 secs] [Times: user=0.04 sys=0.00, real=0.00 secs] 
240.833: Total time for which application threads were stopped: 0.0054660 seconds, Stopping threads took: 0.0000590 seconds
240.984: Application time: 0.1508300 seconds
240.984: [GC240.984: [ParNew: 36360K->3572K(37568K), 0.0050220 secs] 126140K->105464K(902100K), 0.0050650 secs] [Times: user=0.04 sys=0.00, real=0.00 secs] 
240.989: Total time for which application threads were stopped: 0.0051960 seconds, Stopping threads took: 0.0000650 seconds
241.109: Application time: 0.1197620 seconds
241.109: [GC241.109: [ParNew: 36370K->3568K(37568K), 0.0050500 secs] 138263K->117574K(902100K), 0.0050940 secs] [Times: user=0.04 sys=0.00, real=0.00 secs] 
241.114: Total time for which application threads were stopped: 0.0052500 seconds, Stopping threads took: 0.0000860 seconds
241.260: Application time: 0.1464460 seconds
241.260: [GC241.260: [ParNew: 36375K->3578K(37568K), 0.0053340 secs] 150381K->130410K(902100K), 0.0053780 secs] [Times: user=0.05 sys=0.00, real=0.01 secs] 
241.266: Total time for which application threads were stopped: 0.0055290 seconds, Stopping threads took: 0.0000670 seconds
241.397: Application time: 0.1308910 seconds
241.397: [GC241.397: [ParNew: 36383K->3572K(37568K), 0.0053690 secs] 163215K->143231K(902100K), 0.0054120 secs] [Times: user=0.04 sys=0.00, real=0.00 secs] 
241.402: Total time for which application threads were stopped: 0.0055680 seconds, Stopping threads took: 0.0000830 seconds
241.549: Application time: 0.1464230 seconds
241.549: [GC241.549: [ParNew: 36373K->3568K(37568K), 0.0048480 secs] 176032K->154629K(902100K), 0.0048920 secs] [Times: user=0.03 sys=0.00, real=0.00 secs] 
241.554: Total time for which application threads were stopped: 0.0050620 seconds, Stopping threads took: 0.0000950 seconds
241.697: Application time: 0.1430090 seconds
241.697: [GC241.697: [ParNew: 36369K->3568K(37568K), 0.0052850 secs] 187430K->167455K(902100K), 0.0053290 secs] [Times: user=0.04 sys=0.00, real=0.00 secs] 
241.702: Total time for which application threads were stopped: 0.0054680 seconds, Stopping threads took: 0.0000680 seconds
241.824: Application time: 0.1218790 seconds
241.824: [GC241.824: [ParNew: 36361K->3562K(37568K), 0.0053060 secs] 200248K->180276K(902100K), 0.0053520 secs] [Times: user=0.04 sys=0.00, real=0.00 secs] 
241.830: Total time for which application threads were stopped: 0.0054910 seconds, Stopping threads took: 0.0000550 seconds
241.956: Application time: 0.1260210 seconds
241.956: [GC241.956: [ParNew: 36363K->3572K(37568K), 0.0050790 secs] 213077K->192399K(902100K), 0.0051230 secs] [Times: user=0.04 sys=0.00, real=0.00 secs] 
241.961: Total time for which application threads were stopped: 0.0052590 seconds, Stopping threads took: 0.0000650 seconds
242.084: Application time: 0.1235120 seconds
242.084: [GC242.085: [ParNew: 36380K->3570K(37568K), 0.0050980 secs] 225207K->204511K(902100K), 0.0051510 secs] [Times: user=0.04 sys=0.00, real=0.00 secs] 
242.090: Total time for which application threads were stopped: 0.0052920 seconds, Stopping threads took: 0.0000680 seconds
242.223: Application time: 0.1336810 seconds
242.223: [GC242.223: [ParNew: 36380K->3576K(37568K), 0.0049410 secs] 237321K->216632K(902100K), 0.0049830 secs] [Times: user=0.03 sys=0.00, real=0.00 secs] 
242.228: Total time for which application threads were stopped: 0.0051190 seconds, Stopping threads took: 0.0000650 seconds
242.342: Application time: 0.1132020 seconds
242.342: [GC242.342: [ParNew: 36370K->3562K(37568K), 0.0055510 secs] 249425K->230158K(902100K), 0.0055940 secs] [Times: user=0.05 sys=0.00, real=0.01 secs] 
242.347: Total time for which application threads were stopped: 0.0057420 seconds, Stopping threads took: 0.0000670 seconds
242.462: Application time: 0.1148830 seconds
242.462: [GC242.462: [ParNew: 36373K->3576K(37568K), 0.0052490 secs] 262969K->242998K(902100K), 0.0052940 secs] [Times: user=0.04 sys=0.00, real=0.01 secs] 
242.468: Total time for which application threads were stopped: 0.0054430 seconds, Stopping threads took: 0.0000750 seconds
242.570: Application time: 0.1024800 seconds
242.570: [GC242.570: [ParNew: 36379K->3570K(37568K), 0.0055600 secs] 275801K->256533K(902100K), 0.0056030 secs] [Times: user=0.04 sys=0.00, real=0.01 secs] 
242.576: Total time for which application threads were stopped: 0.0057640 seconds, Stopping threads took: 0.0000900 seconds
242.672: Application time: 0.0959800 seconds
242.672: [GC242.672: [ParNew: 36364K->3564K(37568K), 0.0051080 secs] 289327K->268641K(902100K), 0.0051540 secs] [Times: user=0.03 sys=0.00, real=0.01 secs] 
242.677: Total time for which application threads were stopped: 0.0053180 seconds, Stopping threads took: 0.0000910 seconds
242.782: Application time: 0.1045550 seconds
242.782: [GC242.782: [ParNew: 36359K->3562K(37568K), 0.0053840 secs] 301436K->281466K(902100K), 0.0054250 secs] [Times: user=0.04 sys=0.00, real=0.01 secs] 
242.787: Total time for which application threads were stopped: 0.0055640 seconds, Stopping threads took: 0.0000650 seconds
242.904: Application time: 0.1162540 seconds
242.904: [GC242.904: [ParNew: 36365K->3574K(37568K), 0.0052940 secs] 314269K->294304K(902100K), 0.0053390 secs] [Times: user=0.04 sys=0.00, real=0.00 secs] 
242.909: Total time for which application threads were stopped: 0.0055110 seconds, Stopping threads took: 0.0000860 seconds
243.013: Application time: 0.1038410 seconds
243.013: [GC243.013: [ParNew: 36369K->3562K(37568K), 0.0053410 secs] 327099K->307120K(902100K), 0.0053850 secs] [Times: user=0.04 sys=0.00, real=0.01 secs] 
243.019: Total time for which application threads were stopped: 0.0055250 seconds, Stopping threads took: 0.0000680 seconds
243.066: Application time: 0.0475600 seconds
243.066: [GC243.066: [ParNew: 36394K->3605K(37568K), 0.0044580 secs] 339951K->316425K(902100K), 0.0045010 secs] [Times: user=0.03 sys=0.00, real=0.00 secs] 
243.071: Total time for which application threads were stopped: 0.0046560 seconds, Stopping threads took: 0.0000790 seconds
243.081: Application time: 0.0106490 seconds
243.082: [GC243.082: [ParNew: 36393K->3570K(37568K), 0.0030650 secs] 349213K->319984K(902100K), 0.0031080 secs] [Times: user=0.02 sys=0.00, real=0.01 secs] 
243.085: Total time for which application threads were stopped: 0.0032770 seconds, Stopping threads took: 0.0000950 seconds
243.100: Application time: 0.0149040 seconds
243.100: [GC243.100: [ParNew: 36361K->3570K(37568K), 0.0026250 secs] 352774K->322121K(902100K), 0.0026660 secs] [Times: user=0.02 sys=0.00, real=0.00 secs] 
243.102: Total time for which application threads were stopped: 0.0028350 seconds, Stopping threads took: 0.0000930 seconds
243.112: Application time: 0.0092420 seconds
243.112: [GC243.112: [ParNew: 36366K->3569K(37568K), 0.0033660 secs] 354917K->327108K(902100K), 0.0034120 secs] [Times: user=0.03 sys=0.00, real=0.01 secs] 
243.115: Total time for which application threads were stopped: 0.0035660 seconds, Stopping threads took: 0.0000700 seconds
243.178: Application time: 0.0631620 seconds
243.179: [GC243.179: [ParNew: 36376K->3578K(37568K), 0.0049460 secs] 359915K->338519K(902100K), 0.0049870 secs] [Times: user=0.03 sys=0.00, real=0.01 secs] 
243.184: Total time for which application threads were stopped: 0.0051210 seconds, Stopping threads took: 0.0000640 seconds
243.303: Application time: 0.1193370 seconds
243.303: [GC243.303: [ParNew: 36382K->3570K(37568K), 0.0052170 secs] 371322K->351339K(902100K), 0.0052620 secs] [Times: user=0.04 sys=0.00, real=0.00 secs] 
243.308: Total time for which application threads were stopped: 0.0053870 seconds, Stopping threads took: 0.0000580 seconds
243.416: Application time: 0.1074860 seconds
243.416: [GC243.416: [ParNew: 36380K->3572K(37568K), 0.0053390 secs] 384149K->364168K(902100K), 0.0053760 secs] [Times: user=0.04 sys=0.00, real=0.00 secs] 
243.421: Total time for which application threads were stopped: 0.0055180 seconds, Stopping threads took: 0.0000600 seconds
243.446: Application time: 0.0247840 seconds
243.446: [GC243.446: [ParNew: 36392K->3600K(37568K), 0.0033060 secs] 396988K->369186K(902100K), 0.0033500 secs] [Times: user=0.02 sys=0.00, real=0.00 secs] 
243.450: Total time for which application threads were stopped: 0.0035180 seconds, Stopping threads took: 0.0000920 seconds
243.461: Application time: 0.0113910 seconds
243.461: [GC243.461: [ParNew: 36396K->2862K(37568K), 0.0022990 secs] 401982K->370613K(902100K), 0.0023390 secs] [Times: user=0.02 sys=0.00, real=0.01 secs] 
243.463: Total time for which application threads were stopped: 0.0024860 seconds, Stopping threads took: 0.0000740 seconds
243.476: Application time: 0.0124500 seconds
243.476: [GC243.476: [ParNew: 35649K->3562K(37568K), 0.0035700 secs] 403401K->377016K(902100K), 0.0036140 secs] [Times: user=0.03 sys=0.00, real=0.00 secs] 
243.480: Total time for which application threads were stopped: 0.0037720 seconds, Stopping threads took: 0.0000840 seconds
243.489: Application time: 0.0090160 seconds
243.489: [GC243.489: [ParNew: 36354K->1437K(37568K), 0.0022290 secs] 409807K->377740K(902100K), 0.0022710 secs] [Times: user=0.02 sys=0.00, real=0.00 secs] 
243.491: Total time for which application threads were stopped: 0.0024160 seconds, Stopping threads took: 0.0000750 seconds
243.593: Application time: 0.1014930 seconds
243.593: [GC243.593: [ParNew: 34239K->3576K(37568K), 0.0052150 secs] 410542K->392706K(902100K), 0.0052590 secs] [Times: user=0.04 sys=0.00, real=0.01 secs] 
243.598: Total time for which application threads were stopped: 0.0053930 seconds, Stopping threads took: 0.0000660 seconds
243.698: Application time: 0.1000360 seconds
243.698: [GC243.698: [ParNew: 36370K->3562K(37568K), 0.0051560 secs] 425499K->404806K(902100K), 0.0052000 secs] [Times: user=0.04 sys=0.00, real=0.01 secs] 
243.703: Total time for which application threads were stopped: 0.0053400 seconds, Stopping threads took: 0.0000660 seconds
243.791: Application time: 0.0877040 seconds
243.791: [GC243.791: [ParNew: 36389K->3604K(37568K), 0.0054830 secs] 437633K->417674K(902100K), 0.0055300 secs] [Times: user=0.05 sys=0.00, real=0.01 secs] 
243.797: Total time for which application threads were stopped: 0.0056630 seconds, Stopping threads took: 0.0000600 seconds
243.811: Application time: 0.0141620 seconds
243.811: [GC243.811: [ParNew: 36390K->3568K(37568K), 0.0028720 secs] 450460K->420516K(902100K), 0.0029150 secs] [Times: user=0.02 sys=0.00, real=0.00 secs] 
243.814: Total time for which application threads were stopped: 0.0030880 seconds, Stopping threads took: 0.0000970 seconds
243.827: Application time: 0.0134280 seconds
243.828: [GC243.828: [ParNew: 36355K->1437K(37568K), 0.0017840 secs] 453303K->419810K(902100K), 0.0018230 secs] [Times: user=0.01 sys=0.00, real=0.00 secs] 
243.829: Total time for which application threads were stopped: 0.0019720 seconds, Stopping threads took: 0.0000760 seconds
243.841: Application time: 0.0112260 seconds
243.841: [GC243.841: [ParNew: 34231K->3575K(37568K), 0.0022200 secs] 452604K->422660K(902100K), 0.0022680 secs] [Times: user=0.02 sys=0.00, real=0.01 secs] 
243.843: Total time for which application threads were stopped: 0.0024320 seconds, Stopping threads took: 0.0000900 seconds
243.874: Application time: 0.0311740 seconds
243.874: [GC243.874: [ParNew: 36371K->3568K(37568K), 0.0035390 secs] 455457K->429067K(902100K), 0.0035810 secs] [Times: user=0.02 sys=0.00, real=0.01 secs] 
243.878: Total time for which application threads were stopped: 0.0037260 seconds, Stopping threads took: 0.0000700 seconds
243.999: Application time: 0.1210570 seconds
243.999: [GC243.999: [ParNew: 36388K->3600K(37568K), 0.0048570 secs] 461886K->440500K(902100K), 0.0048990 secs] [Times: user=0.04 sys=0.00, real=0.01 secs] 
244.004: Total time for which application threads were stopped: 0.0050370 seconds, Stopping threads took: 0.0000590 seconds
244.020: Application time: 0.0156450 seconds
244.020: [GC244.020: [ParNew: 36396K->3572K(37568K), 0.0034630 secs] 473296K->446201K(902100K), 0.0035050 secs] [Times: user=0.03 sys=0.00, real=0.01 secs] 
244.023: Total time for which application threads were stopped: 0.0036440 seconds, Stopping threads took: 0.0000620 seconds
244.034: Application time: 0.0110310 seconds
244.035: [GC244.035: [ParNew: 36360K->3574K(37568K), 0.0026070 secs] 478989K->448340K(902100K), 0.0026500 secs] [Times: user=0.02 sys=0.00, real=0.01 secs] 
244.037: Total time for which application threads were stopped: 0.0028050 seconds, Stopping threads took: 0.0000820 seconds
244.050: Application time: 0.0131080 seconds
244.050: [GC244.050: [ParNew: 36360K->3562K(37568K), 0.0031630 secs] 481126K->452605K(902100K), 0.0032060 secs] [Times: user=0.03 sys=0.00, real=0.00 secs] 
244.054: Total time for which application threads were stopped: 0.0033600 seconds, Stopping threads took: 0.0000780 seconds
244.061: Application time: 0.0076590 seconds
244.061: [GC244.062: [ParNew: 36355K->3566K(37568K), 0.0028160 secs] 485397K->455459K(902100K), 0.0028600 secs] [Times: user=0.02 sys=0.00, real=0.01 secs] 
244.064: Total time for which application threads were stopped: 0.0030420 seconds, Stopping threads took: 0.0001070 seconds
244.119: Application time: 0.0542090 seconds
244.119: [GC244.119: [ParNew: 36403K->3606K(37568K), 0.0043430 secs] 488295K->464049K(902100K), 0.0043940 secs] [Times: user=0.03 sys=0.00, real=0.01 secs] 
244.123: Total time for which application threads were stopped: 0.0045560 seconds, Stopping threads took: 0.0000860 seconds
244.134: Application time: 0.0112090 seconds
244.135: [GC244.135: [ParNew: 36394K->3568K(37568K), 0.0031250 secs] 496837K->467604K(902100K), 0.0031650 secs] [Times: user=0.02 sys=0.00, real=0.01 secs] 
244.138: Total time for which application threads were stopped: 0.0033550 seconds, Stopping threads took: 0.0001140 seconds
244.151: Application time: 0.0132400 seconds
244.151: [GC244.151: [ParNew: 36362K->3572K(37568K), 0.0035960 secs] 500397K->474021K(902100K), 0.0036380 secs] [Times: user=0.03 sys=0.00, real=0.00 secs] 
244.155: Total time for which application threads were stopped: 0.0037960 seconds, Stopping threads took: 0.0000850 seconds
244.166: Application time: 0.0108220 seconds
244.166: [GC244.166: [ParNew: 36365K->1437K(37568K), 0.0021830 secs] 506813K->474736K(902100K), 0.0022260 secs] [Times: user=0.01 sys=0.00, real=0.00 secs] 
244.168: Total time for which application threads were stopped: 0.0023860 seconds, Stopping threads took: 0.0000860 seconds
244.221: Application time: 0.0535020 seconds
244.222: [GC244.222: [ParNew: 34266K->3604K(37568K), 0.0036400 secs] 507565K->483316K(902100K), 0.0036820 secs] [Times: user=0.03 sys=0.00, real=0.01 secs] 
244.225: Total time for which application threads were stopped: 0.0038210 seconds, Stopping threads took: 0.0000680 seconds
244.239: Application time: 0.0136780 seconds
244.239: [GC244.239: [ParNew: 36392K->3568K(37568K), 0.0035170 secs] 516104K->488297K(902100K), 0.0035580 secs] [Times: user=0.02 sys=0.00, real=0.00 secs] 
244.243: Total time for which application threads were stopped: 0.0037080 seconds, Stopping threads took: 0.0000750 seconds
244.253: Application time: 0.0106150 seconds
244.254: [GC244.254: [ParNew: 36360K->3572K(37568K), 0.0033110 secs] 521089K->493288K(902100K), 0.0033620 secs] [Times: user=0.03 sys=0.00, real=0.01 secs] 
244.257: Total time for which application threads were stopped: 0.0040790 seconds, Stopping threads took: 0.0006330 seconds
244.271: Application time: 0.0132270 seconds
244.271: [GC244.271: [ParNew: 36363K->2858K(37568K), 0.0025880 secs] 526080K->495424K(902100K), 0.0026350 secs] [Times: user=0.01 sys=0.00, real=0.00 secs] 
244.273: Total time for which application threads were stopped: 0.0028170 seconds, Stopping threads took: 0.0001080 seconds
244.288: Application time: 0.0147560 seconds
244.288: [GC244.288: [ParNew: 35651K->2862K(37568K), 0.0020510 secs] 528218K->496853K(902100K), 0.0020890 secs] [Times: user=0.02 sys=0.00, real=0.00 secs] 
244.290: Total time for which application threads were stopped: 0.0022530 seconds, Stopping threads took: 0.0000890 seconds
244.353: Application time: 0.0622340 seconds
244.353: [GC244.353: [ParNew: 35687K->3598K(37568K), 0.0055190 secs] 529679K->510416K(902100K), 0.0055630 secs] [Times: user=0.04 sys=0.00, real=0.01 secs] 
244.358: Total time for which application threads were stopped: 0.0057410 seconds, Stopping threads took: 0.0001040 seconds
244.369: Application time: 0.0107140 seconds
244.369: [GC244.369: [ParNew: 36386K->3570K(37568K), 0.0031110 secs] 543204K->513979K(902100K), 0.0031540 secs] [Times: user=0.02 sys=0.00, real=0.00 secs] 
244.372: Total time for which application threads were stopped: 0.0033290 seconds, Stopping threads took: 0.0001000 seconds
244.387: Application time: 0.0146480 seconds
244.387: [GC244.387: [ParNew: 36362K->3572K(37568K), 0.0029330 secs] 546771K->517544K(902100K), 0.0029750 secs] [Times: user=0.03 sys=0.00, real=0.00 secs] 
244.390: Total time for which application threads were stopped: 0.0031300 seconds, Stopping threads took: 0.0000830 seconds
244.400: Application time: 0.0095770 seconds
244.400: [GC244.400: [ParNew: 36364K->1437K(37568K), 0.0022550 secs] 550336K->518259K(902100K), 0.0022950 secs] [Times: user=0.02 sys=0.00, real=0.00 secs] 
244.402: Total time for which application threads were stopped: 0.0024560 seconds, Stopping threads took: 0.0000860 seconds
244.431: Application time: 0.0286790 seconds
244.431: [GC244.431: [ParNew: 34265K->3604K(37568K), 0.0032370 secs] 551087K->524701K(902100K), 0.0032790 secs] [Times: user=0.03 sys=0.00, real=0.00 secs] 
244.434: Total time for which application threads were stopped: 0.0034600 seconds, Stopping threads took: 0.0001040 seconds
244.446: Application time: 0.0117040 seconds
244.446: [GC244.446: [ParNew: 36392K->3570K(37568K), 0.0034620 secs] 557489K->529684K(902100K), 0.0035040 secs] [Times: user=0.03 sys=0.00, real=0.00 secs] 
244.450: Total time for which application threads were stopped: 0.0036650 seconds, Stopping threads took: 0.0000860 seconds
244.463: Application time: 0.0135520 seconds
244.463: [GC244.464: [ParNew: 36360K->3572K(37568K), 0.0028130 secs] 562473K->532536K(902100K), 0.0028530 secs] [Times: user=0.02 sys=0.00, real=0.00 secs] 
244.466: Total time for which application threads were stopped: 0.0030130 seconds, Stopping threads took: 0.0000840 seconds
244.477: Application time: 0.0108350 seconds
244.477: [GC244.477: [ParNew: 36373K->3570K(37568K), 0.0028010 secs] 565337K->535385K(902100K), 0.0028490 secs] [Times: user=0.03 sys=0.00, real=0.00 secs] 
244.480: Total time for which application threads were stopped: 0.0030030 seconds, Stopping threads took: 0.0000770 seconds
244.537: Application time: 0.0572750 seconds
244.538: [GC244.538: [ParNew: 36372K->3568K(37568K), 0.0055320 secs] 568186K->548208K(902100K), 0.0055740 secs] [Times: user=0.04 sys=0.00, real=0.01 secs] 
244.543: Total time for which application threads were stopped: 0.0057430 seconds, Stopping threads took: 0.0000860 seconds
244.691: Application time: 0.1480010 seconds
244.691: [GC244.691: [ParNew: 36360K->3564K(37568K), 0.0051650 secs] 581000K->560318K(902100K), 0.0052080 secs] [Times: user=0.04 sys=0.00, real=0.01 secs] 
244.697: Total time for which application threads were stopped: 0.0053370 seconds, Stopping threads took: 0.0000570 seconds
244.844: Application time: 0.1476950 seconds
244.844: [GC244.844: [ParNew: 36362K->3570K(37568K), 0.0051430 secs] 593116K->572437K(902100K), 0.0051840 secs] [Times: user=0.04 sys=0.00, real=0.00 secs] 
244.850: Total time for which application threads were stopped: 0.0053430 seconds, Stopping threads took: 0.0000870 seconds
244.994: Application time: 0.1447330 seconds
244.994: [GC244.994: [ParNew: 36362K->3562K(37568K), 0.0053480 secs] 605229K->585255K(902100K), 0.0053890 secs] [Times: user=0.04 sys=0.00, real=0.01 secs] 
245.000: Total time for which application threads were stopped: 0.0055280 seconds, Stopping threads took: 0.0000660 seconds
245.137: Application time: 0.1374400 seconds
245.137: [GC245.137: [ParNew: 36371K->3574K(37568K), 0.0055340 secs] 618064K->598805K(902100K), 0.0055780 secs] [Times: user=0.04 sys=0.00, real=0.01 secs] 
245.143: Total time for which application threads were stopped: 0.0057160 seconds, Stopping threads took: 0.0000570 seconds
245.287: Application time: 0.1442640 seconds
245.287: [GC245.287: [ParNew: 36381K->3572K(37568K), 0.0052830 secs] 631612K->611630K(902100K), 0.0053240 secs] [Times: user=0.04 sys=0.00, real=0.00 secs] 
245.293: Total time for which application threads were stopped: 0.0054770 seconds, Stopping threads took: 0.0000840 seconds
245.403: Application time: 0.1106190 seconds
245.404: [GC245.404: [ParNew: 36382K->3574K(37568K), 0.0056960 secs] 644439K->625172K(902100K), 0.0057380 secs] [Times: user=0.04 sys=0.00, real=0.00 secs] 
245.409: Total time for which application threads were stopped: 0.0059240 seconds, Stopping threads took: 0.0001170 seconds
245.552: Application time: 0.1423500 seconds
245.552: [GC245.552: [ParNew: 36375K->3570K(37568K), 0.0054360 secs] 657972K->637995K(902100K), 0.0054850 secs] [Times: user=0.04 sys=0.00, real=0.01 secs] 
245.557: Total time for which application threads were stopped: 0.0056440 seconds, Stopping threads took: 0.0000930 seconds
245.695: Application time: 0.1374100 seconds
245.695: [GC245.695: [ParNew: 36363K->3564K(37568K), 0.0051890 secs] 670787K->650103K(902100K), 0.0052310 secs] [Times: user=0.04 sys=0.00, real=0.00 secs] 
245.700: Total time for which application threads were stopped: 0.0053830 seconds, Stopping threads took: 0.0000690 seconds
245.840: Application time: 0.1395460 seconds
245.840: [GC245.840: [ParNew: 36365K->3570K(37568K), 0.0056340 secs] 682904K->663647K(902100K), 0.0056770 secs] [Times: user=0.04 sys=0.00, real=0.01 secs] 
245.845: Total time for which application threads were stopped: 0.0058090 seconds, Stopping threads took: 0.0000590 seconds
245.964: Application time: 0.1189970 seconds
245.965: [GC245.965: [ParNew: 36363K->3562K(37568K), 0.0054030 secs] 696440K->675753K(902100K), 0.0054480 secs] [Times: user=0.03 sys=0.00, real=0.00 secs] 
245.970: Total time for which application threads were stopped: 0.0055780 seconds, Stopping threads took: 0.0000580 seconds
246.085: Application time: 0.1147380 seconds
246.085: [GC246.085: [ParNew: 36372K->3578K(37568K), 0.0055570 secs] 708563K->689307K(902100K), 0.0055990 secs] [Times: user=0.04 sys=0.00, real=0.00 secs] 
246.091: Total time for which application threads were stopped: 0.0057430 seconds, Stopping threads took: 0.0000710 seconds
246.228: Application time: 0.1378600 seconds
246.229: [GC246.229: [ParNew: 36389K->3570K(37568K), 0.0055500 secs] 722118K->702127K(902100K), 0.0055970 secs] [Times: user=0.03 sys=0.00, real=0.00 secs] 
246.234: Total time for which application threads were stopped: 0.0057540 seconds, Stopping threads took: 0.0000730 seconds
246.331: Application time: 0.0965260 seconds
246.331: [GC246.331: [ParNew: 36372K->3572K(37568K), 0.0054400 secs] 734929K->714956K(902100K), 0.0054860 secs] [Times: user=0.04 sys=0.00, real=0.01 secs] 
246.336: Total time for which application threads were stopped: 0.0056280 seconds, Stopping threads took: 0.0000610 seconds
246.443: Application time: 0.1069680 seconds
246.443: [GC246.443: [ParNew: 36383K->3574K(37568K), 0.0055970 secs] 747767K->728498K(902100K), 0.0056490 secs] [Times: user=0.04 sys=0.00, real=0.00 secs] 
246.449: Total time for which application threads were stopped: 0.0057850 seconds, Stopping threads took: 0.0000630 seconds
246.560: Application time: 0.1104960 seconds
246.560: [GC246.560: [ParNew: 36368K->3562K(37568K), 0.0054210 secs] 761292K->741314K(902100K), 0.0054660 secs] [Times: user=0.03 sys=0.00, real=0.01 secs] 
246.565: Total time for which application threads were stopped: 0.0056020 seconds, Stopping threads took: 0.0000630 seconds
246.667: Application time: 0.1017360 seconds
246.667: [GC246.667: [ParNew: 36356K->3564K(37568K), 0.0052160 secs] 774108K->753430K(902100K), 0.0052600 secs] [Times: user=0.04 sys=0.00, real=0.00 secs] 
246.672: Total time for which application threads were stopped: 0.0054240 seconds, Stopping threads took: 0.0000900 seconds
246.799: Application time: 0.1266850 seconds
246.799: [GC246.799: [ParNew: 36367K->3574K(37568K), 0.0055810 secs] 786233K->766979K(902100K), 0.0056250 secs] [Times: user=0.04 sys=0.00, real=0.01 secs] 
246.805: Total time for which application threads were stopped: 0.0058090 seconds, Stopping threads took: 0.0001050 seconds
246.905: Application time: 0.1003880 seconds
246.905: [GC246.905: [ParNew: 36369K->3564K(37568K), 0.0051650 secs] 799773K->779083K(902100K), 0.0052080 secs] [Times: user=0.04 sys=0.00, real=0.00 secs] 
246.911: Total time for which application threads were stopped: 0.0053590 seconds, Stopping threads took: 0.0000840 seconds
246.992: Application time: 0.0816180 seconds
246.992: [GC246.992: [ParNew: 36398K->3607K(37568K), 0.0057620 secs] 811917K->792664K(902100K), 0.0058070 secs] [Times: user=0.05 sys=0.00, real=0.01 secs] 
246.998: Total time for which application threads were stopped: 0.0059760 seconds, Stopping threads took: 0.0000930 seconds
247.012: Application time: 0.0142400 seconds
247.013: [GC247.013: [ParNew: 36393K->3570K(37568K), 0.0031370 secs] 825451K->796221K(902100K), 0.0031800 secs] [Times: user=0.03 sys=0.00, real=0.01 secs] 
247.016: Total time for which application threads were stopped: 0.0033380 seconds, Stopping threads took: 0.0000840 seconds
247.029: Application time: 0.0135430 seconds
247.029: [GC247.029: [ParNew: 36357K->1435K(37568K), 0.0018760 secs] 829007K->795510K(902100K), 0.0019150 secs] [Times: user=0.01 sys=0.00, real=0.00 secs] 
247.031: Total time for which application threads were stopped: 0.0020780 seconds, Stopping threads took: 0.0000910 seconds
247.043: Application time: 0.0113150 seconds
247.043: [GC247.043: [ParNew: 34236K->3579K(37568K), 0.0021970 secs] 828311K->798367K(902100K), 0.0022390 secs] [Times: user=0.02 sys=0.00, real=0.00 secs] 
247.045: Total time for which application threads were stopped: 0.0023920 seconds, Stopping threads took: 0.0000700 seconds
247.060: Application time: 0.0150500 seconds
247.060: [GC247.060: [ParNew: 36376K->3570K(37568K), 0.0034790 secs] 831164K->804060K(902100K), 0.0035210 secs] [Times: user=0.02 sys=0.00, real=0.01 secs] 
247.064: Total time for which application threads were stopped: 0.0036630 seconds, Stopping threads took: 0.0000800 seconds
247.064: Application time: 0.0000540 seconds
247.064: [GC [1 CMS-initial-mark: 800489K(864532K)] 804773K(902100K), 0.0001410 secs] [Times: user=0.00 sys=0.00, real=0.00 secs] 
247.064: Total time for which application threads were stopped: 0.0002700 seconds, Stopping threads took: 0.0001030 seconds
247.064: [CMS-concurrent-mark-start]
247.074: [CMS-concurrent-mark: 0.010/0.010 secs] [Times: user=0.06 sys=0.00, real=0.00 secs] 
247.074: [CMS-concurrent-preclean-start]
247.075: [CMS-concurrent-preclean: 0.001/0.001 secs] [Times: user=0.03 sys=0.00, real=0.01 secs] 
247.075: Application time: 0.0110680 seconds
247.079: [GC[YG occupancy: 4283 K (37568 K)]247.079: [Rescan (parallel) , 0.0004200 secs]247.079: [weak refs processing, 0.0000060 secs]247.079: [scrub string table, 0.0001230 secs] [1 CMS-remark: 800489K(864532K)] 804773K(902100K), 0.0005750 secs] [Times: user=0.00 sys=0.00, real=0.00 secs] 
247.079: Total time for which application threads were stopped: 0.0042280 seconds, Stopping threads took: 0.0036250 seconds
247.079: [CMS-concurrent-sweep-start]
247.081: [CMS-concurrent-sweep: 0.002/0.002 secs] [Times: user=0.00 sys=0.00, real=0.00 secs] 
247.081: [CMS-concurrent-reset-start]
247.083: [CMS-concurrent-reset: 0.002/0.002 secs] [Times: user=0.00 sys=0.00, real=0.00 secs] 
247.193: Application time: 0.1132300 seconds
247.193: [GC247.193: [ParNew: 36372K->3572K(37568K), 0.0051030 secs] 59850K->39166K(902100K), 0.0051450 secs] [Times: user=0.04 sys=0.00, real=0.01 secs] 
247.198: Total time for which application threads were stopped: 0.0053070 seconds, Stopping threads took: 0.0000880 seconds
247.303: Application time: 0.1046020 seconds
247.303: [GC247.303: [ParNew: 36373K->3568K(37568K), 0.0053110 secs] 71967K->51277K(902100K), 0.0053560 secs] [Times: user=0.04 sys=0.01, real=0.01 secs] 
247.308: Total time for which application threads were stopped: 0.0055370 seconds, Stopping threads took: 0.0000960 seconds
247.357: Application time: 0.0484370 seconds
247.357: [GC247.357: [ParNew: 36397K->3604K(37568K), 0.0042750 secs] 84105K->59864K(902100K), 0.0043170 secs] [Times: user=0.04 sys=0.00, real=0.00 secs] 
247.361: Total time for which application threads were stopped: 0.0044650 seconds, Stopping threads took: 0.0000730 seconds
247.371: Application time: 0.0101120 seconds
247.371: [GC247.371: [ParNew: 36393K->3568K(37568K), 0.0030730 secs] 92652K->63420K(902100K), 0.0031170 secs] [Times: user=0.02 sys=0.00, real=0.00 secs] 
247.374: Total time for which application threads were stopped: 0.0033030 seconds, Stopping threads took: 0.0001120 seconds
247.388: Application time: 0.0138180 seconds
247.388: [GC247.388: [ParNew: 36363K->3570K(37568K), 0.0037470 secs] 96215K->69835K(902100K), 0.0037880 secs] [Times: user=0.03 sys=0.00, real=0.00 secs] 
247.392: Total time for which application threads were stopped: 0.0039570 seconds, Stopping threads took: 0.0000960 seconds
247.405: Application time: 0.0128220 seconds
247.405: [GC247.405: [ParNew: 36365K->2147K(37568K), 0.0024010 secs] 102630K->71263K(902100K), 0.0024450 secs] [Times: user=0.02 sys=0.00, real=0.00 secs] 
247.408: Total time for which application threads were stopped: 0.0025900 seconds, Stopping threads took: 0.0000680 seconds
247.467: Application time: 0.0592680 seconds
247.467: [GC247.467: [ParNew: 34950K->3570K(37568K), 0.0050980 secs] 104065K->84799K(902100K), 0.0051430 secs] [Times: user=0.04 sys=0.00, real=0.00 secs] 
247.472: Total time for which application threads were stopped: 0.0053380 seconds, Stopping threads took: 0.0001240 seconds
247.601: Application time: 0.1283420 seconds
247.601: [GC247.601: [ParNew: 36364K->3562K(37568K), 0.0053500 secs] 117593K->97618K(902100K), 0.0053930 secs] [Times: user=0.04 sys=0.00, real=0.01 secs] 
247.606: Total time for which application threads were stopped: 0.0055340 seconds, Stopping threads took: 0.0000680 seconds
247.710: Application time: 0.1039200 seconds
247.710: [GC247.710: [ParNew: 36388K->3606K(37568K), 0.0050160 secs] 130444K->109775K(902100K), 0.0050580 secs] [Times: user=0.04 sys=0.00, real=0.01 secs] 
247.715: Total time for which application threads were stopped: 0.0051930 seconds, Stopping threads took: 0.0000620 seconds
247.730: Application time: 0.0147140 seconds
247.730: [GC247.730: [ParNew: 36395K->3568K(37568K), 0.0032340 secs] 142564K->114041K(902100K), 0.0032760 secs] [Times: user=0.02 sys=0.00, real=0.00 secs] 
247.733: Total time for which application threads were stopped: 0.0034200 seconds, Stopping threads took: 0.0000700 seconds
247.745: Application time: 0.0117620 seconds
247.745: [GC247.745: [ParNew: 36355K->1433K(37568K), 0.0021400 secs] 146827K->114756K(902100K), 0.0021800 secs] [Times: user=0.02 sys=0.00, real=0.00 secs] 
247.747: Total time for which application threads were stopped: 0.0023500 seconds, Stopping threads took: 0.0000980 seconds
247.760: Application time: 0.0128700 seconds
247.761: [GC247.761: [ParNew: 34224K->3573K(37568K), 0.0022100 secs] 147547K->117608K(902100K), 0.0022570 secs] [Times: user=0.02 sys=0.00, real=0.00 secs] 
247.763: Total time for which application threads were stopped: 0.0024280 seconds, Stopping threads took: 0.0000890 seconds
247.771: Application time: 0.0086550 seconds
247.772: [GC247.772: [ParNew: 36358K->2137K(37568K), 0.0020620 secs] 150393K->117598K(902100K), 0.0021040 secs] [Times: user=0.01 sys=0.00, real=0.00 secs] 
247.774: Total time for which application threads were stopped: 0.0022740 seconds, Stopping threads took: 0.0000940 seconds
247.883: Application time: 0.1096940 seconds
247.884: [GC247.884: [ParNew: 34938K->3568K(37568K), 0.0055900 secs] 150399K->132567K(902100K), 0.0056340 secs] [Times: user=0.04 sys=0.00, real=0.00 secs] 
247.889: Total time for which application threads were stopped: 0.0057920 seconds, Stopping threads took: 0.0000750 seconds
247.924: Application time: 0.0345460 seconds
247.924: [GC247.924: [ParNew: 36386K->3604K(37568K), 0.0037900 secs] 165385K->139017K(902100K), 0.0038350 secs] [Times: user=0.03 sys=0.00, real=0.00 secs] 
247.928: Total time for which application threads were stopped: 0.0039720 seconds, Stopping threads took: 0.0000610 seconds
247.938: Application time: 0.0102660 seconds
247.938: [GC247.938: [ParNew: 36402K->3568K(37568K), 0.0030520 secs] 171815K->143285K(902100K), 0.0030950 secs] [Times: user=0.02 sys=0.00, real=0.00 secs] 
247.941: Total time for which application threads were stopped: 0.0032780 seconds, Stopping threads took: 0.0001100 seconds
247.955: Application time: 0.0135640 seconds
247.955: [GC247.955: [ParNew: 36353K->3564K(37568K), 0.0034070 secs] 176069K->148269K(902100K), 0.0034510 secs] [Times: user=0.03 sys=0.00, real=0.00 secs] 
247.958: Total time for which application threads were stopped: 0.0035920 seconds, Stopping threads took: 0.0000640 seconds
247.967: Application time: 0.0090330 seconds
247.968: [GC247.968: [ParNew: 36356K->2145K(37568K), 0.0023920 secs] 181061K->149700K(902100K), 0.0024310 secs] [Times: user=0.02 sys=0.00, real=0.00 secs] 
247.970: Total time for which application threads were stopped: 0.0025940 seconds, Stopping threads took: 0.0000880 seconds
248.036: Application time: 0.0655400 seconds
248.036: [GC248.036: [ParNew: 34986K->3606K(37568K), 0.0057480 secs] 182541K->164699K(902100K), 0.0057900 secs] [Times: user=0.04 sys=0.00, real=0.00 secs] 
248.042: Total time for which application threads were stopped: 0.0059440 seconds, Stopping threads took: 0.0000800 seconds
248.056: Application time: 0.0144930 seconds
248.056: [GC248.056: [ParNew: 36392K->3566K(37568K), 0.0030880 secs] 197485K->168252K(902100K), 0.0031330 secs] [Times: user=0.02 sys=0.00, real=0.00 secs] 
248.059: Total time for which application threads were stopped: 0.0033070 seconds, Stopping threads took: 0.0000990 seconds
248.071: Application time: 0.0114670 seconds
248.071: [GC248.071: [ParNew: 36357K->3574K(37568K), 0.0031820 secs] 201043K->172535K(902100K), 0.0032260 secs] [Times: user=0.03 sys=0.00, real=0.00 secs] 
248.074: Total time for which application threads were stopped: 0.0034000 seconds, Stopping threads took: 0.0000980 seconds
248.087: Application time: 0.0127910 seconds
248.087: [GC248.087: [ParNew: 36366K->1435K(37568K), 0.0021930 secs] 205328K->173246K(902100K), 0.0022340 secs] [Times: user=0.02 sys=0.00, real=0.00 secs] 
248.089: Total time for which application threads were stopped: 0.0023860 seconds, Stopping threads took: 0.0000790 seconds
248.121: Application time: 0.0319910 seconds
248.122: [GC248.122: [ParNew: 34231K->3574K(37568K), 0.0028940 secs] 206043K->179661K(902100K), 0.0029360 secs] [Times: user=0.02 sys=0.00, real=0.01 secs] 
248.124: Total time for which application threads were stopped: 0.0030840 seconds, Stopping threads took: 0.0000790 seconds
248.149: Application time: 0.0247710 seconds
248.149: [GC248.149: [ParNew: 36394K->3598K(37568K), 0.0045540 secs] 212480K->188948K(902100K), 0.0045950 secs] [Times: user=0.03 sys=0.00, real=0.00 secs] 
248.154: Total time for which application threads were stopped: 0.0047910 seconds, Stopping threads took: 0.0001110 seconds
248.166: Application time: 0.0121700 seconds
248.166: [GC248.166: [ParNew: 36392K->1435K(37568K), 0.0021610 secs] 221742K->189663K(902100K), 0.0021990 secs] [Times: user=0.02 sys=0.00, real=0.00 secs] 
248.169: Total time for which application threads were stopped: 0.0023440 seconds, Stopping threads took: 0.0000760 seconds
248.182: Application time: 0.0133950 seconds
248.183: [GC248.183: [ParNew: 34221K->3576K(37568K), 0.0020350 secs] 222449K->191805K(902100K), 0.0020750 secs] [Times: user=0.01 sys=0.00, real=0.01 secs] 
248.185: Total time for which application threads were stopped: 0.0027650 seconds, Stopping threads took: 0.0006170 seconds
248.192: Application time: 0.0077580 seconds
248.193: [GC248.193: [ParNew: 36369K->3568K(37568K), 0.0028820 secs] 224598K->195360K(902100K), 0.0029240 secs] [Times: user=0.03 sys=0.00, real=0.01 secs] 
248.196: Total time for which application threads were stopped: 0.0031100 seconds, Stopping threads took: 0.0001100 seconds
248.256: Application time: 0.0605210 seconds
248.256: [GC248.256: [ParNew: 36401K->3602K(37568K), 0.0049230 secs] 228192K->206082K(902100K), 0.0049660 secs] [Times: user=0.04 sys=0.00, real=0.00 secs] 
248.261: Total time for which application threads were stopped: 0.0051250 seconds, Stopping threads took: 0.0000840 seconds
248.272: Application time: 0.0107370 seconds
248.272: [GC248.272: [ParNew: 36390K->3564K(37568K), 0.0033610 secs] 238870K->211061K(902100K), 0.0034040 secs] [Times: user=0.02 sys=0.00, real=0.01 secs] 
248.276: Total time for which application threads were stopped: 0.0035880 seconds, Stopping threads took: 0.0001090 seconds
248.292: Application time: 0.0167240 seconds
248.292: [GC248.292: [ParNew: 36354K->3576K(37568K), 0.0027850 secs] 243850K->213923K(902100K), 0.0028270 secs] [Times: user=0.02 sys=0.00, real=0.01 secs] 
248.295: Total time for which application threads were stopped: 0.0030040 seconds, Stopping threads took: 0.0001020 seconds
248.306: Application time: 0.0107420 seconds
248.306: [GC248.306: [ParNew: 36372K->3566K(37568K), 0.0035280 secs] 246719K->218901K(902100K), 0.0035730 secs] [Times: user=0.02 sys=0.00, real=0.00 secs] 
248.310: Total time for which application threads were stopped: 0.0037380 seconds, Stopping threads took: 0.0000890 seconds
248.361: Application time: 0.0509350 seconds
248.361: [GC248.361: [ParNew: 36397K->3606K(37568K), 0.0042710 secs] 251732K->227491K(902100K), 0.0043130 secs] [Times: user=0.03 sys=0.00, real=0.01 secs] 
248.365: Total time for which application threads were stopped: 0.0044700 seconds, Stopping threads took: 0.0000840 seconds
248.380: Application time: 0.0146470 seconds
248.380: [GC248.380: [ParNew: 36392K->3568K(37568K), 0.0031310 secs] 260277K->231045K(902100K), 0.0031720 secs] [Times: user=0.02 sys=0.00, real=0.01 secs] 
248.383: Total time for which application threads were stopped: 0.0033140 seconds, Stopping threads took: 0.0000660 seconds
248.394: Application time: 0.0110470 seconds
248.394: [GC248.394: [ParNew: 36358K->3572K(37568K), 0.0032780 secs] 263835K->236037K(902100K), 0.0033210 secs] [Times: user=0.03 sys=0.00, real=0.01 secs] 
248.398: Total time for which application threads were stopped: 0.0034930 seconds, Stopping threads took: 0.0000860 seconds
248.411: Application time: 0.0130150 seconds
248.411: [GC248.411: [ParNew: 36372K->3573K(37568K), 0.0034250 secs] 268836K->241025K(902100K), 0.0034670 secs] [Times: user=0.02 sys=0.00, real=0.00 secs] 
248.414: Total time for which application threads were stopped: 0.0036340 seconds, Stopping threads took: 0.0000900 seconds
248.423: Application time: 0.0087660 seconds
248.423: [GC248.423: [ParNew: 36358K->2137K(37568K), 0.0022950 secs] 273810K->241728K(902100K), 0.0023360 secs] [Times: user=0.02 sys=0.00, real=0.00 secs] 
248.426: Total time for which application threads were stopped: 0.0024900 seconds, Stopping threads took: 0.0000800 seconds
248.570: Application time: 0.1442500 seconds
248.570: [GC248.570: [ParNew: 34937K->3570K(37568K), 0.0053310 secs] 274528K->255986K(902100K), 0.0053820 secs] [Times: user=0.04 sys=0.00, real=0.01 secs] 
248.575: Total time for which application threads were stopped: 0.0055120 seconds, Stopping threads took: 0.0000670 seconds
248.718: Application time: 0.1424680 seconds
248.718: [GC248.718: [ParNew: 36362K->3562K(37568K), 0.0053960 secs] 288778K->268805K(902100K), 0.0054370 secs] [Times: user=0.04 sys=0.00, real=0.01 secs] 
248.723: Total time for which application threads were stopped: 0.0055630 seconds, Stopping threads took: 0.0000600 seconds
248.872: Application time: 0.1485670 seconds
248.872: [GC248.872: [ParNew: 36362K->3574K(37568K), 0.0054290 secs] 301605K->281642K(902100K), 0.0054680 secs] [Times: user=0.04 sys=0.00, real=0.01 secs] 
248.878: Total time for which application threads were stopped: 0.0056190 seconds, Stopping threads took: 0.0000840 seconds
249.021: Application time: 0.1436410 seconds
249.021: [GC249.021: [ParNew: 36381K->3574K(37568K), 0.0050670 secs] 314449K->293756K(902100K), 0.0051070 secs] [Times: user=0.03 sys=0.00, real=0.01 secs] 
249.027: Total time for which application threads were stopped: 0.0052360 seconds, Stopping threads took: 0.0000540 seconds
249.168: Application time: 0.1412240 seconds
249.168: [GC249.168: [ParNew: 36381K->3570K(37568K), 0.0055880 secs] 326562K->307291K(902100K), 0.0056310 secs] [Times: user=0.05 sys=0.00, real=0.00 secs] 
249.174: Total time for which application threads were stopped: 0.0057750 seconds, Stopping threads took: 0.0000780 seconds
249.297: Application time: 0.1237420 seconds
249.297: [GC249.297: [ParNew: 36369K->3566K(37568K), 0.0054820 secs] 340090K->320114K(902100K), 0.0055240 secs] [Times: user=0.04 sys=0.00, real=0.01 secs] 
249.303: Total time for which application threads were stopped: 0.0056760 seconds, Stopping threads took: 0.0000780 seconds
249.439: Application time: 0.1356520 seconds
249.439: [GC249.439: [ParNew: 36376K->3574K(37568K), 0.0059350 secs] 352923K->334373K(902100K), 0.0059770 secs] [Times: user=0.05 sys=0.00, real=0.01 secs] 
249.445: Total time for which application threads were stopped: 0.0061340 seconds, Stopping threads took: 0.0000860 seconds
249.594: Application time: 0.1493180 seconds
249.594: [GC249.594: [ParNew: 36367K->3562K(37568K), 0.0052230 secs] 367166K->346476K(902100K), 0.0052640 secs] [Times: user=0.04 sys=0.00, real=0.01 secs] 
249.599: Total time for which application threads were stopped: 0.0054000 seconds, Stopping threads took: 0.0000570 seconds
249.715: Application time: 0.1157150 seconds
249.715: [GC249.715: [ParNew: 36364K->3574K(37568K), 0.0053870 secs] 379278K->359314K(902100K), 0.0054290 secs] [Times: user=0.04 sys=0.00, real=0.00 secs] 
249.721: Total time for which application threads were stopped: 0.0055650 seconds, Stopping threads took: 0.0000660 seconds
249.861: Application time: 0.1401290 seconds
249.861: [GC249.861: [ParNew: 36367K->3564K(37568K), 0.0051520 secs] 392107K->371418K(902100K), 0.0051960 secs] [Times: user=0.04 sys=0.00, real=0.01 secs] 
249.866: Total time for which application threads were stopped: 0.0053590 seconds, Stopping threads took: 0.0000880 seconds
249.982: Application time: 0.1153670 seconds
249.982: [GC249.982: [ParNew: 36372K->3576K(37568K), 0.0053490 secs] 404226K->384256K(902100K), 0.0053860 secs] [Times: user=0.05 sys=0.00, real=0.01 secs] 
249.987: Total time for which application threads were stopped: 0.0055330 seconds, Stopping threads took: 0.0000740 seconds
250.116: Application time: 0.1289540 seconds
250.116: [GC250.116: [ParNew: 36378K->3572K(37568K), 0.0056390 secs] 417058K->397792K(902100K), 0.0056820 secs] [Times: user=0.04 sys=0.00, real=0.00 secs] 
250.122: Total time for which application threads were stopped: 0.0058280 seconds, Stopping threads took: 0.0000650 seconds
250.226: Application time: 0.1041460 seconds
250.226: [GC250.226: [ParNew: 36374K->3572K(37568K), 0.0068530 secs] 430594K->410618K(902100K), 0.0068960 secs] [Times: user=0.06 sys=0.00, real=0.00 secs] 
250.233: Total time for which application threads were stopped: 0.0070250 seconds, Stopping threads took: 0.0000610 seconds
250.353: Application time: 0.1194910 seconds
250.353: [GC250.353: [ParNew: 36390K->3572K(37568K), 0.0053920 secs] 443436K->423445K(902100K), 0.0054440 secs] [Times: user=0.04 sys=0.00, real=0.01 secs] 
250.358: Total time for which application threads were stopped: 0.0055800 seconds, Stopping threads took: 0.0000640 seconds
250.457: Application time: 0.0991050 seconds
250.457: [GC250.457: [ParNew: 36366K->3564K(37568K), 0.0051830 secs] 456239K->435554K(902100K), 0.0052250 secs] [Times: user=0.04 sys=0.00, real=0.00 secs] 
250.463: Total time for which application threads were stopped: 0.0053740 seconds, Stopping threads took: 0.0000760 seconds
250.578: Application time: 0.1153530 seconds
250.578: [GC250.578: [ParNew: 36358K->3562K(37568K), 0.0054950 secs] 468348K->448378K(902100K), 0.0055400 secs] [Times: user=0.04 sys=0.00, real=0.01 secs] 
250.584: Total time for which application threads were stopped: 0.0056760 seconds, Stopping threads took: 0.0000680 seconds
250.701: Application time: 0.1176190 seconds
250.701: [GC250.701: [ParNew: 36363K->3570K(37568K), 0.0051060 secs] 481178K->460500K(902100K), 0.0051490 secs] [Times: user=0.04 sys=0.00, real=0.01 secs] 
250.707: Total time for which application threads were stopped: 0.0053050 seconds, Stopping threads took: 0.0000720 seconds
250.793: Application time: 0.0863720 seconds
250.793: [GC250.793: [ParNew: 36365K->3562K(37568K), 0.0053860 secs] 493294K->473319K(902100K), 0.0054290 secs] [Times: user=0.04 sys=0.00, real=0.01 secs] 
250.799: Total time for which application threads were stopped: 0.0055680 seconds, Stopping threads took: 0.0000650 seconds
250.889: Application time: 0.0906560 seconds
250.889: [GC250.889: [ParNew: 36398K->3604K(37568K), 0.0058010 secs] 506155K->486900K(902100K), 0.0058460 secs] [Times: user=0.05 sys=0.01, real=0.01 secs] 
250.895: Total time for which application threads were stopped: 0.0059920 seconds, Stopping threads took: 0.0000700 seconds
250.909: Application time: 0.0134040 seconds
250.909: [GC250.909: [ParNew: 36388K->1435K(37568K), 0.0022040 secs] 519684K->487610K(902100K), 0.0022450 secs] [Times: user=0.02 sys=0.00, real=0.00 secs] 
250.911: Total time for which application threads were stopped: 0.0024220 seconds, Stopping threads took: 0.0001020 seconds
250.927: Application time: 0.0161590 seconds
250.927: [GC250.927: [ParNew: 34226K->3573K(37568K), 0.0026400 secs] 520402K->491886K(902100K), 0.0026840 secs] [Times: user=0.02 sys=0.00, real=0.00 secs] 
250.930: Total time for which application threads were stopped: 0.0028530 seconds, Stopping threads took: 0.0000950 seconds
250.941: Application time: 0.0108650 seconds
250.941: [GC250.941: [ParNew: 36368K->3571K(37568K), 0.0034440 secs] 524681K->496872K(902100K), 0.0034900 secs] [Times: user=0.03 sys=0.00, real=0.01 secs] 
250.945: Total time for which application threads were stopped: 0.0036550 seconds, Stopping threads took: 0.0000890 seconds
250.970: Application time: 0.0254950 seconds
250.970: [GC250.970: [ParNew: 36367K->3574K(37568K), 0.0035970 secs] 529669K->503289K(902100K), 0.0036380 secs] [Times: user=0.03 sys=0.00, real=0.00 secs] 
250.974: Total time for which application threads were stopped: 0.0037910 seconds, Stopping threads took: 0.0000810 seconds
251.102: Application time: 0.1284570 seconds
251.102: [GC251.102: [ParNew: 36378K->3566K(37568K), 0.0054060 secs] 536092K->516108K(902100K), 0.0054500 secs] [Times: user=0.04 sys=0.00, real=0.01 secs] 
251.108: Total time for which application threads were stopped: 0.0055940 seconds, Stopping threads took: 0.0000710 seconds
251.219: Application time: 0.1108380 seconds
251.219: [GC251.219: [ParNew: 36369K->3572K(37568K), 0.0053420 secs] 548911K->528941K(902100K), 0.0053850 secs] [Times: user=0.04 sys=0.00, real=0.01 secs] 
251.224: Total time for which application threads were stopped: 0.0055670 seconds, Stopping threads took: 0.0000970 seconds
251.290: Application time: 0.0652390 seconds
251.290: [GC251.290: [ParNew: 36414K->3604K(37568K), 0.0055730 secs] 561783K->541800K(902100K), 0.0056210 secs] [Times: user=0.04 sys=0.00, real=0.01 secs] 
251.295: Total time for which application threads were stopped: 0.0057680 seconds, Stopping threads took: 0.0000730 seconds
251.308: Application time: 0.0124140 seconds
251.308: [GC251.308: [ParNew: 36391K->3570K(37568K), 0.0027090 secs] 574587K->543934K(902100K), 0.0027480 secs] [Times: user=0.02 sys=0.00, real=0.00 secs] 
251.311: Total time for which application threads were stopped: 0.0029030 seconds, Stopping threads took: 0.0000800 seconds
251.323: Application time: 0.0122920 seconds
251.323: [GC251.323: [ParNew: 36362K->3570K(37568K), 0.0031590 secs] 576726K->548210K(902100K), 0.0032010 secs] [Times: user=0.02 sys=0.00, real=0.00 secs] 
251.326: Total time for which application threads were stopped: 0.0033890 seconds, Stopping threads took: 0.0001140 seconds
251.338: Application time: 0.0115320 seconds
251.338: [GC251.338: [ParNew: 36363K->1431K(37568K), 0.0022350 secs] 581002K->548921K(902100K), 0.0022780 secs] [Times: user=0.01 sys=0.00, real=0.00 secs] 
251.340: Total time for which application threads were stopped: 0.0024520 seconds, Stopping threads took: 0.0000990 seconds
251.396: Application time: 0.0552240 seconds
251.396: [GC251.396: [ParNew: 34229K->3572K(37568K), 0.0038070 secs] 581719K->558188K(902100K), 0.0038500 secs] [Times: user=0.03 sys=0.00, real=0.00 secs] 
251.400: Total time for which application threads were stopped: 0.0039810 seconds, Stopping threads took: 0.0000650 seconds
251.525: Application time: 0.1256120 seconds
251.525: [GC251.525: [ParNew: 36366K->3562K(37568K), 0.0046410 secs] 590982K->568867K(902100K), 0.0046830 secs] [Times: user=0.04 sys=0.00, real=0.00 secs] 
251.530: Total time for which application threads were stopped: 0.0049310 seconds, Stopping threads took: 0.0001760 seconds
251.628: Application time: 0.0978680 seconds
251.628: [GC251.628: [ParNew: 36356K->3562K(37568K), 0.0051710 secs] 601660K->580980K(902100K), 0.0052130 secs] [Times: user=0.04 sys=0.00, real=0.00 secs] 
251.633: Total time for which application threads were stopped: 0.0053540 seconds, Stopping threads took: 0.0000690 seconds
251.672: Application time: 0.0386120 seconds
251.672: [GC251.672: [ParNew: 36382K->3604K(37568K), 0.0036400 secs] 613800K->586723K(902100K), 0.0036870 secs] [Times: user=0.03 sys=0.00, real=0.01 secs] 
251.676: Total time for which application threads were stopped: 0.0038340 seconds, Stopping threads took: 0.0000700 seconds
251.688: Application time: 0.0120300 seconds
251.688: [GC251.688: [ParNew: 36398K->1435K(37568K), 0.0018760 secs] 619517K->586719K(902100K), 0.0019120 secs] [Times: user=0.02 sys=0.00, real=0.00 secs] 
251.690: Total time for which application threads were stopped: 0.0020510 seconds, Stopping threads took: 0.0000700 seconds
251.703: Application time: 0.0136060 seconds
251.704: [GC251.704: [ParNew: 34220K->3574K(37568K), 0.0026090 secs] 619505K->590997K(902100K), 0.0026500 secs] [Times: user=0.02 sys=0.00, real=0.00 secs] 
251.706: Total time for which application threads were stopped: 0.0027870 seconds, Stopping threads took: 0.0000620 seconds
251.715: Application time: 0.0083690 seconds
251.715: [GC251.715: [ParNew: 36367K->3570K(37568K), 0.0028120 secs] 623789K->593843K(902100K), 0.0028550 secs] [Times: user=0.02 sys=0.00, real=0.01 secs] 
251.718: Total time for which application threads were stopped: 0.0030170 seconds, Stopping threads took: 0.0000820 seconds
251.795: Application time: 0.0769680 seconds
251.795: [GC251.795: [ParNew: 36372K->3574K(37568K), 0.0052920 secs] 626644K->606672K(902100K), 0.0053350 secs] [Times: user=0.04 sys=0.00, real=0.01 secs] 
251.800: Total time for which application threads were stopped: 0.0055030 seconds, Stopping threads took: 0.0000850 seconds
251.891: Application time: 0.0905770 seconds
251.891: [GC251.891: [ParNew: 36403K->3602K(37568K), 0.0058680 secs] 639500K->620239K(902100K), 0.0059100 secs] [Times: user=0.04 sys=0.00, real=0.01 secs] 
251.897: Total time for which application threads were stopped: 0.0060580 seconds, Stopping threads took: 0.0000670 seconds
251.911: Application time: 0.0141690 seconds
251.911: [GC251.911: [ParNew: 36386K->1435K(37568K), 0.0023740 secs] 653023K->621663K(902100K), 0.0024250 secs] [Times: user=0.02 sys=0.00, real=0.00 secs] 
251.913: Total time for which application threads were stopped: 0.0025620 seconds, Stopping threads took: 0.0000630 seconds
251.927: Application time: 0.0136980 seconds
251.927: [GC251.927: [ParNew: 34224K->3574K(37568K), 0.0020840 secs] 654452K->623802K(902100K), 0.0021230 secs] [Times: user=0.01 sys=0.00, real=0.00 secs] 
251.929: Total time for which application threads were stopped: 0.0022890 seconds, Stopping threads took: 0.0000920 seconds
251.944: Application time: 0.0149510 seconds
251.945: [GC251.945: [ParNew: 36367K->1429K(37568K), 0.0023080 secs] 656595K->624507K(902100K), 0.0023510 secs] [Times: user=0.01 sys=0.01, real=0.00 secs] 
251.947: Total time for which application threads were stopped: 0.0025280 seconds, Stopping threads took: 0.0001010 seconds
251.966: Application time: 0.0187140 seconds
251.966: [GC251.966: [ParNew: 34258K->3606K(37568K), 0.0038980 secs] 657336K->633810K(902100K), 0.0039380 secs] [Times: user=0.03 sys=0.00, real=0.00 secs] 
251.970: Total time for which application threads were stopped: 0.0040780 seconds, Stopping threads took: 0.0000690 seconds
251.984: Application time: 0.0142480 seconds
251.984: [GC251.984: [ParNew: 36401K->3576K(37568K), 0.0037030 secs] 666604K->639510K(902100K), 0.0037450 secs] [Times: user=0.03 sys=0.00, real=0.00 secs] 
251.988: Total time for which application threads were stopped: 0.0038910 seconds, Stopping threads took: 0.0000790 seconds
251.999: Application time: 0.0112430 seconds
251.999: [GC251.999: [ParNew: 36363K->1439K(37568K), 0.0020660 secs] 672296K->639510K(902100K), 0.0021050 secs] [Times: user=0.02 sys=0.00, real=0.00 secs] 
252.001: Total time for which application threads were stopped: 0.0022520 seconds, Stopping threads took: 0.0000730 seconds
252.014: Application time: 0.0127360 seconds
252.014: [GC252.014: [ParNew: 34231K->2145K(37568K), 0.0016570 secs] 672303K->640217K(902100K), 0.0016920 secs] [Times: user=0.01 sys=0.00, real=0.01 secs] 
252.016: Total time for which application threads were stopped: 0.0018540 seconds, Stopping threads took: 0.0000910 seconds
252.044: Application time: 0.0277930 seconds
252.044: [GC252.044: [ParNew: 34942K->3576K(37568K), 0.0029860 secs] 673014K->645923K(902100K), 0.0030280 secs] [Times: user=0.02 sys=0.00, real=0.00 secs] 
252.047: Total time for which application threads were stopped: 0.0031580 seconds, Stopping threads took: 0.0000590 seconds
252.152: Application time: 0.1048400 seconds
252.152: [GC252.152: [ParNew: 36404K->3604K(37568K), 0.0055390 secs] 678751K->658777K(902100K), 0.0055840 secs] [Times: user=0.04 sys=0.00, real=0.01 secs] 
252.157: Total time for which application threads were stopped: 0.0057220 seconds, Stopping threads took: 0.0000630 seconds
252.171: Application time: 0.0138940 seconds
252.172: [GC252.172: [ParNew: 36388K->1433K(37568K), 0.0022160 secs] 691561K->659484K(902100K), 0.0022570 secs] [Times: user=0.02 sys=0.00, real=0.00 secs] 
252.174: Total time for which application threads were stopped: 0.0024190 seconds, Stopping threads took: 0.0000880 seconds
252.186: Application time: 0.0122290 seconds
252.186: [GC252.186: [ParNew: 34224K->3572K(37568K), 0.0025740 secs] 692275K->663762K(902100K), 0.0026170 secs] [Times: user=0.02 sys=0.00, real=0.00 secs] 
252.189: Total time for which application threads were stopped: 0.0027590 seconds, Stopping threads took: 0.0000680 seconds
252.201: Application time: 0.0120710 seconds
252.201: [GC252.201: [ParNew: 36366K->3568K(37568K), 0.0030630 secs] 696556K->667321K(902100K), 0.0031070 secs] [Times: user=0.03 sys=0.00, real=0.01 secs] 
252.204: Total time for which application threads were stopped: 0.0032690 seconds, Stopping threads took: 0.0000870 seconds
252.220: Application time: 0.0154600 seconds
252.220: [GC252.220: [ParNew: 36398K->3606K(37568K), 0.0033950 secs] 700151K->673059K(902100K), 0.0034360 secs] [Times: user=0.03 sys=0.00, real=0.01 secs] 
252.223: Total time for which application threads were stopped: 0.0035920 seconds, Stopping threads took: 0.0000780 seconds
252.239: Application time: 0.0156960 seconds
252.239: [GC252.239: [ParNew: 36390K->2143K(37568K), 0.0026610 secs] 705843K->675188K(902100K), 0.0027050 secs] [Times: user=0.02 sys=0.00, real=0.00 secs] 
252.242: Total time for which application threads were stopped: 0.0028780 seconds, Stopping threads took: 0.0000990 seconds
252.254: Application time: 0.0121180 seconds
252.254: [GC252.254: [ParNew: 34932K->3574K(37568K), 0.0021080 secs] 707976K->676619K(902100K), 0.0021460 secs] [Times: user=0.02 sys=0.00, real=0.01 secs] 
252.256: Total time for which application threads were stopped: 0.0023240 seconds, Stopping threads took: 0.0001050 seconds
252.269: Application time: 0.0127480 seconds
252.269: [GC252.269: [ParNew: 36366K->1433K(37568K), 0.0022470 secs] 709411K->677328K(902100K), 0.0022910 secs] [Times: user=0.02 sys=0.00, real=0.00 secs] 
252.271: Total time for which application threads were stopped: 0.0024680 seconds, Stopping threads took: 0.0001040 seconds
252.286: Application time: 0.0144000 seconds
252.286: [GC252.286: [ParNew: 34229K->3574K(37568K), 0.0029740 secs] 710124K->683744K(902100K), 0.0030150 secs] [Times: user=0.02 sys=0.00, real=0.00 secs] 
252.289: Total time for which application threads were stopped: 0.0031460 seconds, Stopping threads took: 0.0000640 seconds
252.368: Application time: 0.0786500 seconds
252.368: [GC252.368: [ParNew: 36408K->3604K(37568K), 0.0055710 secs] 716578K->696600K(902100K), 0.0056130 secs] [Times: user=0.04 sys=0.00, real=0.00 secs] 
252.373: Total time for which application threads were stopped: 0.0057590 seconds, Stopping threads took: 0.0000620 seconds
252.385: Application time: 0.0112320 seconds
252.385: [GC252.385: [ParNew: 36392K->3570K(37568K), 0.0028780 secs] 729388K->699446K(902100K), 0.0029200 secs] [Times: user=0.02 sys=0.00, real=0.00 secs] 
252.388: Total time for which application threads were stopped: 0.0030620 seconds, Stopping threads took: 0.0000740 seconds
252.402: Application time: 0.0139800 seconds
252.402: [GC252.402: [ParNew: 36360K->3574K(37568K), 0.0027400 secs] 732236K->702300K(902100K), 0.0027840 secs] [Times: user=0.02 sys=0.00, real=0.01 secs] 
252.405: Total time for which application threads were stopped: 0.0029340 seconds, Stopping threads took: 0.0000740 seconds
252.415: Application time: 0.0103930 seconds
252.415: [GC252.415: [ParNew: 36369K->2147K(37568K), 0.0021620 secs] 735094K->703011K(902100K), 0.0022040 secs] [Times: user=0.02 sys=0.00, real=0.00 secs] 
252.417: Total time for which application threads were stopped: 0.0023430 seconds, Stopping threads took: 0.0000610 seconds
252.497: Application time: 0.0791720 seconds
252.497: [GC252.497: [ParNew: 34949K->3574K(37568K), 0.0056190 secs] 735812K->717975K(902100K), 0.0056620 secs] [Times: user=0.05 sys=0.00, real=0.00 secs] 
252.502: Total time for which application threads were stopped: 0.0058000 seconds, Stopping threads took: 0.0000670 seconds
252.659: Application time: 0.1567990 seconds
252.659: [GC252.659: [ParNew: 36366K->3564K(37568K), 0.0051770 secs] 750767K->730079K(902100K), 0.0052210 secs] [Times: user=0.04 sys=0.00, real=0.01 secs] 
252.664: Total time for which application threads were stopped: 0.0053430 seconds, Stopping threads took: 0.0000500 seconds
252.819: Application time: 0.1550270 seconds
252.820: [GC252.820: [ParNew: 36362K->3566K(37568K), 0.0050520 secs] 762877K->742194K(902100K), 0.0050960 secs] [Times: user=0.04 sys=0.00, real=0.01 secs] 
252.825: Total time for which application threads were stopped: 0.0052530 seconds, Stopping threads took: 0.0000690 seconds
252.965: Application time: 0.1402280 seconds
252.965: [GC252.965: [ParNew: 36358K->3562K(37568K), 0.0053730 secs] 774986K->755016K(902100K), 0.0054160 secs] [Times: user=0.05 sys=0.00, real=0.00 secs] 
252.971: Total time for which application threads were stopped: 0.0055590 seconds, Stopping threads took: 0.0000590 seconds
253.110: Application time: 0.1396480 seconds
253.110: [GC253.110: [ParNew: 36380K->3578K(37568K), 0.0058170 secs] 787833K->769282K(902100K), 0.0058700 secs] [Times: user=0.04 sys=0.00, real=0.01 secs] 
253.116: Total time for which application threads were stopped: 0.0060080 seconds, Stopping threads took: 0.0000670 seconds
253.265: Application time: 0.1484010 seconds
253.265: [GC253.265: [ParNew: 36385K->3574K(37568K), 0.0053830 secs] 802089K->782106K(902100K), 0.0054240 secs] [Times: user=0.04 sys=0.00, real=0.00 secs] 
253.270: Total time for which application threads were stopped: 0.0055540 seconds, Stopping threads took: 0.0000610 seconds
253.373: Application time: 0.1031910 seconds
253.373: [GC253.373: [ParNew: 36382K->3570K(37568K), 0.0051550 secs] 814914K->794217K(902100K), 0.0051970 secs] [Times: user=0.04 sys=0.00, real=0.01 secs] 
253.379: Total time for which application threads were stopped: 0.0053520 seconds, Stopping threads took: 0.0000830 seconds
253.523: Application time: 0.1441160 seconds
253.523: [GC253.523: [ParNew: 36362K->3562K(37568K), 0.0056260 secs] 827009K->807749K(902100K), 0.0056690 secs] [Times: user=0.04 sys=0.00, real=0.00 secs] 
253.529: Total time for which application threads were stopped: 0.0058470 seconds, Stopping threads took: 0.0000900 seconds
253.529: Application time: 0.0000700 seconds
253.529: [GC [1 CMS-initial-mark: 804186K(864532K)] 808461K(902100K), 0.0001390 secs] [Times: user=0.00 sys=0.00, real=0.00 secs] 
253.529: Total time for which application threads were stopped: 0.0003020 seconds, Stopping threads took: 0.0001370 seconds
253.529: [CMS-concurrent-mark-start]
253.534: [CMS-concurrent-mark: 0.005/0.005 secs] [Times: user=0.02 sys=0.00, real=0.00 secs] 
253.534: [CMS-concurrent-preclean-start]
253.536: [CMS-concurrent-preclean: 0.001/0.001 secs] [Times: user=0.03 sys=0.00, real=0.01 secs] 
253.536: Application time: 0.0067820 seconds
253.539: [GC[YG occupancy: 4275 K (37568 K)]253.539: [Rescan (parallel) , 0.0004240 secs]253.539: [weak refs processing, 0.0000060 secs]253.539: [scrub string table, 0.0001120 secs] [1 CMS-remark: 804186K(864532K)] 808461K(902100K), 0.0005660 secs] [Times: user=0.00 sys=0.00, real=0.00 secs] 
253.540: Total time for which application threads were stopped: 0.0037140 seconds, Stopping threads took: 0.0031010 seconds
253.540: [CMS-concurrent-sweep-start]
253.541: [CMS-concurrent-sweep: 0.002/0.002 secs] [Times: user=0.00 sys=0.00, real=0.00 secs] 
253.541: [CMS-concurrent-reset-start]
253.543: [CMS-concurrent-reset: 0.001/0.001 secs] [Times: user=0.00 sys=0.00, real=0.00 secs] 
253.678: Application time: 0.1381510 seconds
253.678: [GC253.678: [ParNew: 36355K->3562K(37568K), 0.0046950 secs] 62684K->40580K(902100K), 0.0047410 secs] [Times: user=0.04 sys=0.00, real=0.01 secs] 
253.683: Total time for which application threads were stopped: 0.0051210 seconds, Stopping threads took: 0.0002980 seconds
253.810: Application time: 0.1267420 seconds
253.810: [GC253.810: [ParNew: 36364K->3572K(37568K), 0.0052190 secs] 73381K->53415K(902100K), 0.0052640 secs] [Times: user=0.04 sys=0.00, real=0.01 secs] 
253.815: Total time for which application threads were stopped: 0.0054020 seconds, Stopping threads took: 0.0000670 seconds
253.933: Application time: 0.1181290 seconds
253.933: [GC253.933: [ParNew: 36373K->3574K(37568K), 0.0055250 secs] 86216K->66244K(902100K), 0.0055780 secs] [Times: user=0.04 sys=0.00, real=0.01 secs] 
253.939: Total time for which application threads were stopped: 0.0057350 seconds, Stopping threads took: 0.0000850 seconds
254.063: Application time: 0.1245440 seconds
254.064: [GC254.064: [ParNew: 36393K->3578K(37568K), 0.0052180 secs] 99063K->79075K(902100K), 0.0052610 secs] [Times: user=0.04 sys=0.00, real=0.00 secs] 
254.069: Total time for which application threads were stopped: 0.0054180 seconds, Stopping threads took: 0.0000780 seconds
254.170: Application time: 0.1007380 seconds
254.170: [GC254.170: [ParNew: 36372K->3562K(37568K), 0.0052850 secs] 111868K->91175K(902100K), 0.0053390 secs] [Times: user=0.04 sys=0.00, real=0.01 secs] 
254.175: Total time for which application threads were stopped: 0.0055080 seconds, Stopping threads took: 0.0000890 seconds
254.296: Application time: 0.1205180 seconds
254.296: [GC254.296: [ParNew: 36371K->3572K(37568K), 0.0052670 secs] 123983K->104011K(902100K), 0.0053130 secs] [Times: user=0.04 sys=0.00, real=0.00 secs] 
254.301: Total time for which application threads were stopped: 0.0054720 seconds, Stopping threads took: 0.0000880 seconds
254.402: Application time: 0.1004810 seconds
254.402: [GC254.402: [ParNew: 36375K->3568K(37568K), 0.0057530 secs] 136813K->117547K(902100K), 0.0057990 secs] [Times: user=0.05 sys=0.00, real=0.01 secs] 
254.407: Total time for which application threads were stopped: 0.0059300 seconds, Stopping threads took: 0.0000620 seconds
254.524: Application time: 0.1169470 seconds
254.525: [GC254.525: [ParNew: 36362K->3564K(37568K), 0.0051260 secs] 150341K->129658K(902100K), 0.0051720 secs] [Times: user=0.04 sys=0.00, real=0.00 secs] 
254.530: Total time for which application threads were stopped: 0.0053360 seconds, Stopping threads took: 0.0000890 seconds
254.631: Application time: 0.1013220 seconds
254.631: [GC254.631: [ParNew: 36365K->3566K(37568K), 0.0055440 secs] 162459K->142486K(902100K), 0.0055870 secs] [Times: user=0.04 sys=0.00, real=0.01 secs] 
254.637: Total time for which application threads were stopped: 0.0057690 seconds, Stopping threads took: 0.0001000 seconds
254.735: Application time: 0.0977550 seconds
254.735: [GC254.735: [ParNew: 36361K->3564K(37568K), 0.0050890 secs] 175280K->154599K(902100K), 0.0051320 secs] [Times: user=0.04 sys=0.00, real=0.01 secs] 
254.740: Total time for which application threads were stopped: 0.0052770 seconds, Stopping threads took: 0.0000730 seconds
254.863: Application time: 0.1228140 seconds
254.863: [GC254.863: [ParNew: 36359K->3562K(37568K), 0.0054800 secs] 187393K->167423K(902100K), 0.0055240 secs] [Times: user=0.04 sys=0.00, real=0.00 secs] 
254.868: Total time for which application threads were stopped: 0.0056740 seconds, Stopping threads took: 0.0000750 seconds
254.899: Application time: 0.0307730 seconds
254.899: [GC254.899: [ParNew: 36391K->3604K(37568K), 0.0039450 secs] 200252K->174591K(902100K), 0.0039880 secs] [Times: user=0.03 sys=0.00, real=0.01 secs] 
254.903: Total time for which application threads were stopped: 0.0041770 seconds, Stopping threads took: 0.0001130 seconds
254.914: Application time: 0.0103440 seconds
254.914: [GC254.914: [ParNew: 36393K->2860K(37568K), 0.0026490 secs] 207379K->176726K(902100K), 0.0026920 secs] [Times: user=0.02 sys=0.00, real=0.01 secs] 
254.917: Total time for which application threads were stopped: 0.0028440 seconds, Stopping threads took: 0.0000750 seconds
254.931: Application time: 0.0148810 seconds
254.932: [GC254.932: [ParNew: 35651K->3573K(37568K), 0.0024560 secs] 209517K->178864K(902100K), 0.0025010 secs] [Times: user=0.02 sys=0.00, real=0.00 secs] 
254.934: Total time for which application threads were stopped: 0.0026420 seconds, Stopping threads took: 0.0000650 seconds
254.943: Application time: 0.0090710 seconds
254.943: [GC254.943: [ParNew: 36373K->2856K(37568K), 0.0025380 secs] 211664K->180998K(902100K), 0.0025770 secs] [Times: user=0.02 sys=0.00, real=0.00 secs] 
254.946: Total time for which application threads were stopped: 0.0027350 seconds, Stopping threads took: 0.0000850 seconds
255.024: Application time: 0.0782190 seconds
255.024: [GC255.024: [ParNew: 35665K->3574K(37568K), 0.0055480 secs] 213807K->195256K(902100K), 0.0055920 secs] [Times: user=0.04 sys=0.00, real=0.00 secs] 
255.030: Total time for which application threads were stopped: 0.0057430 seconds, Stopping threads took: 0.0000770 seconds
255.130: Application time: 0.0997930 seconds
255.130: [GC255.130: [ParNew: 36369K->3564K(37568K), 0.0050820 secs] 228051K->207362K(902100K), 0.0051220 secs] [Times: user=0.03 sys=0.00, real=0.01 secs] 
255.135: Total time for which application threads were stopped: 0.0052910 seconds, Stopping threads took: 0.0000980 seconds
255.224: Application time: 0.0892520 seconds
255.224: [GC255.224: [ParNew: 36400K->3602K(37568K), 0.0055610 secs] 240197K->220226K(902100K), 0.0056160 secs] [Times: user=0.04 sys=0.00, real=0.00 secs] 
255.230: Total time for which application threads were stopped: 0.0057710 seconds, Stopping threads took: 0.0000660 seconds
255.243: Application time: 0.0126750 seconds
255.243: [GC255.243: [ParNew: 36391K->3568K(37568K), 0.0031910 secs] 253015K->224497K(902100K), 0.0032370 secs] [Times: user=0.02 sys=0.01, real=0.01 secs] 
255.246: Total time for which application threads were stopped: 0.0034060 seconds, Stopping threads took: 0.0000920 seconds
255.259: Application time: 0.0133820 seconds
255.260: [GC255.260: [ParNew: 36355K->1437K(37568K), 0.0020310 secs] 257284K->224503K(902100K), 0.0020700 secs] [Times: user=0.01 sys=0.00, real=0.00 secs] 
255.262: Total time for which application threads were stopped: 0.0022450 seconds, Stopping threads took: 0.0000990 seconds
255.273: Application time: 0.0108720 seconds
255.273: [GC255.273: [ParNew: 34239K->3579K(37568K), 0.0029230 secs] 257306K->229495K(902100K), 0.0029680 secs] [Times: user=0.02 sys=0.00, real=0.01 secs] 
255.276: Total time for which application threads were stopped: 0.0031710 seconds, Stopping threads took: 0.0001280 seconds
255.303: Application time: 0.0276510 seconds
255.303: [GC255.303: [ParNew: 36375K->3570K(37568K), 0.0033330 secs] 262292K->235189K(902100K), 0.0033780 secs] [Times: user=0.03 sys=0.00, real=0.00 secs] 
255.307: Total time for which application threads were stopped: 0.0035100 seconds, Stopping threads took: 0.0000610 seconds
255.427: Application time: 0.1205450 seconds
255.428: [GC255.428: [ParNew: 36364K->3564K(37568K), 0.0047220 secs] 267982K->245872K(902100K), 0.0047680 secs] [Times: user=0.03 sys=0.00, real=0.00 secs] 
255.432: Total time for which application threads were stopped: 0.0049730 seconds, Stopping threads took: 0.0001320 seconds
255.545: Application time: 0.1123270 seconds
255.545: [GC255.545: [ParNew: 36358K->3562K(37568K), 0.0054310 secs] 278665K->258696K(902100K), 0.0054750 secs] [Times: user=0.04 sys=0.00, real=0.00 secs] 
255.550: Total time for which application threads were stopped: 0.0056310 seconds, Stopping threads took: 0.0000850 seconds
255.641: Application time: 0.0910970 seconds
255.642: [GC255.642: [ParNew: 36391K->3604K(37568K), 0.0054400 secs] 291524K->271564K(902100K), 0.0054840 secs] [Times: user=0.04 sys=0.00, real=0.01 secs] 
255.647: Total time for which application threads were stopped: 0.0056250 seconds, Stopping threads took: 0.0000750 seconds
255.660: Application time: 0.0130740 seconds
255.660: [GC255.660: [ParNew: 36390K->3568K(37568K), 0.0026720 secs] 304350K->273694K(902100K), 0.0027100 secs] [Times: user=0.02 sys=0.01, real=0.01 secs] 
255.663: Total time for which application threads were stopped: 0.0028620 seconds, Stopping threads took: 0.0000780 seconds
255.676: Application time: 0.0129610 seconds
255.676: [GC255.676: [ParNew: 36357K->3570K(37568K), 0.0025970 secs] 306483K->275833K(902100K), 0.0026410 secs] [Times: user=0.02 sys=0.00, real=0.00 secs] 
255.679: Total time for which application threads were stopped: 0.0027960 seconds, Stopping threads took: 0.0000770 seconds
255.689: Application time: 0.0106390 seconds
255.690: [GC255.690: [ParNew: 36366K->3568K(37568K), 0.0033210 secs] 308629K->280820K(902100K), 0.0033660 secs] [Times: user=0.03 sys=0.00, real=0.00 secs] 
255.693: Total time for which application threads were stopped: 0.0035530 seconds, Stopping threads took: 0.0001130 seconds
255.726: Application time: 0.0327770 seconds
255.726: [GC255.726: [ParNew: 36365K->3570K(37568K), 0.0035590 secs] 313616K->287234K(902100K), 0.0036020 secs] [Times: user=0.03 sys=0.00, real=0.00 secs] 
255.729: Total time for which application threads were stopped: 0.0037510 seconds, Stopping threads took: 0.0000670 seconds
255.848: Application time: 0.1181060 seconds
255.848: [GC255.848: [ParNew: 36363K->3564K(37568K), 0.0049940 secs] 320027K->298630K(902100K), 0.0050380 secs] [Times: user=0.03 sys=0.00, real=0.00 secs] 
255.853: Total time for which application threads were stopped: 0.0051940 seconds, Stopping threads took: 0.0000870 seconds
255.919: Application time: 0.0663010 seconds
255.919: [GC255.919: [ParNew: 36394K->3606K(37568K), 0.0050080 secs] 331459K->309360K(902100K), 0.0050630 secs] [Times: user=0.03 sys=0.00, real=0.01 secs] 
255.924: Total time for which application threads were stopped: 0.0052110 seconds, Stopping threads took: 0.0000720 seconds
255.935: Application time: 0.0103570 seconds
255.935: [GC255.935: [ParNew: 36858K->3606K(37568K), 0.0032820 secs] 342611K->313663K(902100K), 0.0033240 secs] [Times: user=0.03 sys=0.00, real=0.00 secs] 
255.938: Total time for which application threads were stopped: 0.0035130 seconds, Stopping threads took: 0.0001060 seconds
255.950: Application time: 0.0117860 seconds
255.951: [GC255.951: [ParNew: 36681K->3574K(37568K), 0.0029550 secs] 346739K->317223K(902100K), 0.0029960 secs] [Times: user=0.02 sys=0.00, real=0.00 secs] 
255.954: Total time for which application threads were stopped: 0.0037110 seconds, Stopping threads took: 0.0006410 seconds
255.962: Application time: 0.0087430 seconds
255.963: [GC255.963: [ParNew: 36359K->2854K(37568K), 0.0022680 secs] 350008K->318642K(902100K), 0.0023100 secs] [Times: user=0.02 sys=0.00, real=0.00 secs] 
255.965: Total time for which application threads were stopped: 0.0029830 seconds, Stopping threads took: 0.0005990 seconds
255.973: Application time: 0.0077270 seconds
255.973: [GC255.973: [ParNew: 35568K->3614K(37568K), 0.0020170 secs] 351357K->319402K(902100K), 0.0020560 secs] [Times: user=0.02 sys=0.00, real=0.01 secs] 
255.975: Total time for which application threads were stopped: 0.0022360 seconds, Stopping threads took: 0.0001060 seconds
255.983: Application time: 0.0073020 seconds
255.984: [GC255.984: [ParNew: 36513K->2864K(37568K), 0.0020110 secs] 352302K->320107K(902100K), 0.0020510 secs] [Times: user=0.01 sys=0.00, real=0.00 secs] 
255.986: Total time for which application threads were stopped: 0.0029480 seconds, Stopping threads took: 0.0008230 seconds
255.995: Application time: 0.0090870 seconds
255.995: [GC255.995: [ParNew: 35662K->3574K(37568K), 0.0023980 secs] 352906K->322243K(902100K), 0.0024400 secs] [Times: user=0.02 sys=0.00, real=0.00 secs] 
255.998: Total time for which application threads were stopped: 0.0029810 seconds, Stopping threads took: 0.0004550 seconds
256.006: Application time: 0.0083470 seconds
256.006: [GC256.006: [ParNew: 36364K->3570K(37568K), 0.0027270 secs] 355033K->325091K(902100K), 0.0027690 secs] [Times: user=0.02 sys=0.00, real=0.00 secs] 
256.009: Total time for which application threads were stopped: 0.0031110 seconds, Stopping threads took: 0.0002660 seconds
256.017: Application time: 0.0080020 seconds
256.017: [GC256.017: [ParNew: 36369K->3573K(37568K), 0.0028090 secs] 357890K->327944K(902100K), 0.0028510 secs] [Times: user=0.02 sys=0.00, real=0.00 secs] 
256.020: Total time for which application threads were stopped: 0.0030170 seconds, Stopping threads took: 0.0000950 seconds
256.028: Application time: 0.0073380 seconds
256.028: [GC256.028: [ParNew: 36360K->3562K(37568K), 0.0033720 secs] 360731K->332923K(902100K), 0.0034130 secs] [Times: user=0.03 sys=0.00, real=0.00 secs] 
256.031: Total time for which application threads were stopped: 0.0039210 seconds, Stopping threads took: 0.0004350 seconds
256.040: Application time: 0.0084410 seconds
256.040: [GC256.040: [ParNew: 36355K->3574K(37568K), 0.0025290 secs] 365716K->335073K(902100K), 0.0025660 secs] [Times: user=0.02 sys=0.00, real=0.00 secs] 
256.043: Total time for which application threads were stopped: 0.0027200 seconds, Stopping threads took: 0.0000810 seconds
256.052: Application time: 0.0096560 seconds
256.052: [GC256.052: [ParNew: 36368K->3568K(37568K), 0.0026860 secs] 367866K->337205K(902100K), 0.0027270 secs] [Times: user=0.02 sys=0.00, real=0.01 secs] 
256.055: Total time for which application threads were stopped: 0.0028990 seconds, Stopping threads took: 0.0000980 seconds
256.155: Application time: 0.1001630 seconds
256.155: [GC256.155: [ParNew: 36369K->3572K(37568K), 0.0053080 secs] 370006K->350034K(902100K), 0.0053500 secs] [Times: user=0.04 sys=0.00, real=0.00 secs] 
256.161: Total time for which application threads were stopped: 0.0054760 seconds, Stopping threads took: 0.0000610 seconds
256.220: Application time: 0.0588290 seconds
256.220: [GC256.220: [ParNew: 36400K->3604K(37568K), 0.0055770 secs] 382862K->362893K(902100K), 0.0056230 secs] [Times: user=0.04 sys=0.00, real=0.01 secs] 
256.225: Total time for which application threads were stopped: 0.0057730 seconds, Stopping threads took: 0.0000730 seconds
256.239: Application time: 0.0136280 seconds
256.239: [GC256.239: [ParNew: 36390K->1431K(37568K), 0.0024440 secs] 395678K->364310K(902100K), 0.0024890 secs] [Times: user=0.02 sys=0.00, real=0.00 secs] 
256.242: Total time for which application threads were stopped: 0.0026680 seconds, Stopping threads took: 0.0000950 seconds
256.256: Application time: 0.0145740 seconds
256.256: [GC256.256: [ParNew: 34221K->3576K(37568K), 0.0020750 secs] 397101K->366456K(902100K), 0.0021140 secs] [Times: user=0.02 sys=0.00, real=0.00 secs] 
256.259: Total time for which application threads were stopped: 0.0022860 seconds, Stopping threads took: 0.0000970 seconds
256.268: Application time: 0.0094880 seconds
256.268: [GC256.268: [ParNew: 36376K->3572K(37568K), 0.0028640 secs] 399256K->369302K(902100K), 0.0029070 secs] [Times: user=0.03 sys=0.00, real=0.00 secs] 
256.271: Total time for which application threads were stopped: 0.0031150 seconds, Stopping threads took: 0.0001320 seconds
256.291: Application time: 0.0195060 seconds
256.291: [GC256.291: [ParNew: 36403K->3604K(37568K), 0.0045320 secs] 402132K->378597K(902100K), 0.0045780 secs] [Times: user=0.04 sys=0.00, real=0.01 secs] 
256.295: Total time for which application threads were stopped: 0.0047650 seconds, Stopping threads took: 0.0001120 seconds
256.309: Application time: 0.0134250 seconds
256.309: [GC256.309: [ParNew: 36390K->3566K(37568K), 0.0028290 secs] 411383K->381439K(902100K), 0.0028730 secs] [Times: user=0.03 sys=0.00, real=0.00 secs] 
256.312: Total time for which application threads were stopped: 0.0030310 seconds, Stopping threads took: 0.0000830 seconds
256.326: Application time: 0.0137870 seconds
256.326: [GC256.326: [ParNew: 36354K->2141K(37568K), 0.0021940 secs] 414227K->382152K(902100K), 0.0022340 secs] [Times: user=0.01 sys=0.00, real=0.00 secs] 
256.328: Total time for which application threads were stopped: 0.0024080 seconds, Stopping threads took: 0.0001000 seconds
256.339: Application time: 0.0104990 seconds
256.339: [GC256.339: [ParNew: 34935K->3566K(37568K), 0.0022360 secs] 414946K->384289K(902100K), 0.0022860 secs] [Times: user=0.02 sys=0.00, real=0.00 secs] 
256.341: Total time for which application threads were stopped: 0.0024580 seconds, Stopping threads took: 0.0000980 seconds
256.408: Application time: 0.0667090 seconds
256.408: [GC256.408: [ParNew: 36368K->3574K(37568K), 0.0051330 secs] 417091K->396410K(902100K), 0.0051750 secs] [Times: user=0.04 sys=0.00, real=0.00 secs] 
256.413: Total time for which application threads were stopped: 0.0053100 seconds, Stopping threads took: 0.0000680 seconds
256.540: Application time: 0.1271530 seconds
256.540: [GC256.540: [ParNew: 36366K->3562K(37568K), 0.0054800 secs] 429202K->409224K(902100K), 0.0055240 secs] [Times: user=0.04 sys=0.00, real=0.01 secs] 
256.546: Total time for which application threads were stopped: 0.0056800 seconds, Stopping threads took: 0.0000840 seconds
256.704: Application time: 0.1585280 seconds
256.705: [GC256.705: [ParNew: 36360K->3574K(37568K), 0.0052010 secs] 442022K->421349K(902100K), 0.0052460 secs] [Times: user=0.04 sys=0.00, real=0.00 secs] 
256.710: Total time for which application threads were stopped: 0.0053760 seconds, Stopping threads took: 0.0000620 seconds
256.853: Application time: 0.1432930 seconds
256.853: [GC256.853: [ParNew: 36366K->3562K(37568K), 0.0051110 secs] 454141K->433451K(902100K), 0.0051530 secs] [Times: user=0.04 sys=0.00, real=0.01 secs] 
256.858: Total time for which application threads were stopped: 0.0052890 seconds, Stopping threads took: 0.0000560 seconds
257.008: Application time: 0.1495310 seconds
257.008: [GC257.008: [ParNew: 36382K->3578K(37568K), 0.0050740 secs] 466270K->445580K(902100K), 0.0051240 secs] [Times: user=0.04 sys=0.00, real=0.00 secs] 
257.013: Total time for which application threads were stopped: 0.0052530 seconds, Stopping threads took: 0.0000620 seconds
257.145: Application time: 0.1313430 seconds
257.145: [GC257.145: [ParNew: 36370K->3564K(37568K), 0.0051650 secs] 478372K->457682K(902100K), 0.0052080 secs] [Times: user=0.04 sys=0.00, real=0.00 secs] 
257.150: Total time for which application threads were stopped: 0.0053400 seconds, Stopping threads took: 0.0000580 seconds
257.272: Application time: 0.1216070 seconds
257.272: [GC257.272: [ParNew: 36377K->3576K(37568K), 0.0050930 secs] 490495K->469807K(902100K), 0.0051380 secs] [Times: user=0.04 sys=0.00, real=0.01 secs] 
257.277: Total time for which application threads were stopped: 0.0052750 seconds, Stopping threads took: 0.0000650 seconds
257.411: Application time: 0.1341350 seconds
257.411: [GC257.411: [ParNew: 36369K->3562K(37568K), 0.0052500 secs] 502599K->481908K(902100K), 0.0052920 secs] [Times: user=0.04 sys=0.00, real=0.01 secs] 
257.416: Total time for which application threads were stopped: 0.0054660 seconds, Stopping threads took: 0.0000940 seconds
257.553: Application time: 0.1369650 seconds
257.553: [GC257.553: [ParNew: 36354K->3562K(37568K), 0.0056010 secs] 514701K->494734K(902100K), 0.0056440 secs] [Times: user=0.04 sys=0.00, real=0.01 secs] 
257.559: Total time for which application threads were stopped: 0.0057720 seconds, Stopping threads took: 0.0000620 seconds
257.699: Application time: 0.1396560 seconds
257.699: [GC257.699: [ParNew: 36364K->3574K(37568K), 0.0053320 secs] 527535K->507571K(902100K), 0.0053760 secs] [Times: user=0.04 sys=0.00, real=0.01 secs] 
257.704: Total time for which application threads were stopped: 0.0055020 seconds, Stopping threads took: 0.0000550 seconds
257.828: Application time: 0.1233980 seconds
257.828: [GC257.828: [ParNew: 36367K->3564K(37568K), 0.0051590 secs] 540364K->519675K(902100K), 0.0052000 secs] [Times: user=0.04 sys=0.00, real=0.00 secs] 
257.833: Total time for which application threads were stopped: 0.0053270 seconds, Stopping threads took: 0.0000550 seconds
257.947: Application time: 0.1136630 seconds
257.947: [GC257.947: [ParNew: 36392K->3578K(37568K), 0.0054650 secs] 552503K->533228K(902100K), 0.0055060 secs] [Times: user=0.04 sys=0.00, real=0.00 secs] 
257.952: Total time for which application threads were stopped: 0.0056780 seconds, Stopping threads took: 0.0000830 seconds
258.074: Application time: 0.1214940 seconds
258.074: [GC258.074: [ParNew: 36372K->3562K(37568K), 0.0052080 secs] 566021K->545329K(902100K), 0.0052520 secs] [Times: user=0.04 sys=0.00, real=0.01 secs] 
258.079: Total time for which application threads were stopped: 0.0054070 seconds, Stopping threads took: 0.0000810 seconds
258.192: Application time: 0.1122780 seconds
258.192: [GC258.192: [ParNew: 36364K->3574K(37568K), 0.0051100 secs] 578131K->557454K(902100K), 0.0051540 secs] [Times: user=0.04 sys=0.00, real=0.01 secs] 
258.197: Total time for which application threads were stopped: 0.0052900 seconds, Stopping threads took: 0.0000620 seconds
258.293: Application time: 0.0962080 seconds
258.293: [GC258.293: [ParNew: 36385K->3576K(37568K), 0.0055770 secs] 590265K->570996K(902100K), 0.0056350 secs] [Times: user=0.04 sys=0.00, real=0.01 secs] 
258.299: Total time for which application threads were stopped: 0.0057700 seconds, Stopping threads took: 0.0000600 seconds
258.415: Application time: 0.1159960 seconds
258.415: [GC258.415: [ParNew: 36370K->3562K(37568K), 0.0053620 secs] 603789K->583097K(902100K), 0.0053990 secs] [Times: user=0.04 sys=0.00, real=0.00 secs] 
258.420: Total time for which application threads were stopped: 0.0055190 seconds, Stopping threads took: 0.0000560 seconds
258.521: Application time: 0.1010470 seconds
258.522: [GC258.522: [ParNew: 36357K->3562K(37568K), 0.0051620 secs] 615891K->595211K(902100K), 0.0052060 secs] [Times: user=0.04 sys=0.00, real=0.01 secs] 
258.527: Total time for which application threads were stopped: 0.0053730 seconds, Stopping threads took: 0.0000730 seconds
258.649: Application time: 0.1221030 seconds
258.649: [GC258.649: [ParNew: 36365K->3576K(37568K), 0.0053240 secs] 628013K->608051K(902100K), 0.0053660 secs] [Times: user=0.05 sys=0.00, real=0.00 secs] 
258.654: Total time for which application threads were stopped: 0.0054970 seconds, Stopping threads took: 0.0000580 seconds
258.741: Application time: 0.0864320 seconds
258.741: [GC258.741: [ParNew: 36371K->3562K(37568K), 0.0051770 secs] 640846K->620152K(902100K), 0.0052200 secs] [Times: user=0.04 sys=0.00, real=0.01 secs] 
258.746: Total time for which application threads were stopped: 0.0053640 seconds, Stopping threads took: 0.0000690 seconds
258.803: Application time: 0.0567860 seconds
258.803: [GC258.803: [ParNew: 36382K->3602K(37568K), 0.0034290 secs] 652972K->625180K(902100K), 0.0034730 secs] [Times: user=0.03 sys=0.00, real=0.00 secs] 
258.807: Total time for which application threads were stopped: 0.0036270 seconds, Stopping threads took: 0.0000760 seconds
258.817: Application time: 0.0106640 seconds
258.817: [GC258.817: [ParNew: 36399K->3570K(37568K), 0.0025570 secs] 657976K->627314K(902100K), 0.0025960 secs] [Times: user=0.02 sys=0.00, real=0.00 secs] 
258.820: Total time for which application threads were stopped: 0.0027510 seconds, Stopping threads took: 0.0000800 seconds
258.832: Application time: 0.0116280 seconds
258.832: [GC258.832: [ParNew: 36366K->3571K(37568K), 0.0040800 secs] 660110K->634441K(902100K), 0.0041240 secs] [Times: user=0.03 sys=0.00, real=0.01 secs] 
258.836: Total time for which application threads were stopped: 0.0047670 seconds, Stopping threads took: 0.0005690 seconds
258.846: Application time: 0.0093940 seconds
258.846: [GC258.846: [ParNew: 36367K->3567K(37568K), 0.0034190 secs] 667237K->639426K(902100K), 0.0034610 secs] [Times: user=0.03 sys=0.00, real=0.00 secs] 
258.849: Total time for which application threads were stopped: 0.0036220 seconds, Stopping threads took: 0.0000860 seconds
258.914: Application time: 0.0643410 seconds
258.914: [GC258.914: [ParNew: 36371K->3576K(37568K), 0.0048110 secs] 672231K->650125K(902100K), 0.0048490 secs] [Times: user=0.04 sys=0.00, real=0.01 secs] 
258.919: Total time for which application threads were stopped: 0.0049820 seconds, Stopping threads took: 0.0000610 seconds
259.052: Application time: 0.1334920 seconds
259.052: [GC259.052: [ParNew: 36380K->3570K(37568K), 0.0052570 secs] 682928K->662947K(902100K), 0.0053010 secs] [Times: user=0.04 sys=0.00, real=0.01 secs] 
259.058: Total time for which application threads were stopped: 0.0054450 seconds, Stopping threads took: 0.0000630 seconds
259.144: Application time: 0.0862660 seconds
259.144: [GC259.144: [ParNew: 36405K->3606K(37568K), 0.0049730 secs] 695781K->674385K(902100K), 0.0050150 secs] [Times: user=0.04 sys=0.00, real=0.00 secs] 
259.149: Total time for which application threads were stopped: 0.0051650 seconds, Stopping threads took: 0.0000790 seconds
259.165: Application time: 0.0162970 seconds
259.166: [GC259.166: [ParNew: 36403K->3572K(37568K), 0.0036080 secs] 707182K->680081K(902100K), 0.0036550 secs] [Times: user=0.03 sys=0.00, real=0.00 secs] 
259.169: Total time for which application threads were stopped: 0.0038210 seconds, Stopping threads took: 0.0000810 seconds
259.181: Application time: 0.0120820 seconds
259.181: [GC259.181: [ParNew: 36362K->3572K(37568K), 0.0030840 secs] 712872K->684357K(902100K), 0.0031250 secs] [Times: user=0.03 sys=0.00, real=0.01 secs] 
259.185: Total time for which application threads were stopped: 0.0032920 seconds, Stopping threads took: 0.0000940 seconds
259.199: Application time: 0.0144690 seconds
259.199: [GC259.199: [ParNew: 36363K->1433K(37568K), 0.0021830 secs] 717147K->685068K(902100K), 0.0022250 secs] [Times: user=0.02 sys=0.00, real=0.00 secs] 
259.201: Total time for which application threads were stopped: 0.0023930 seconds, Stopping threads took: 0.0000930 seconds
259.209: Application time: 0.0079040 seconds
259.210: [GC259.210: [ParNew: 34217K->1435K(37568K), 0.0014540 secs] 717852K->685070K(902100K), 0.0014980 secs] [Times: user=0.01 sys=0.00, real=0.00 secs] 
259.211: Total time for which application threads were stopped: 0.0016570 seconds, Stopping threads took: 0.0000870 seconds
259.308: Application time: 0.0970070 seconds
259.308: [GC259.308: [ParNew: 34238K->3574K(37568K), 0.0054570 secs] 717872K->700035K(902100K), 0.0055010 secs] [Times: user=0.05 sys=0.00, real=0.00 secs] 
259.314: Total time for which application threads were stopped: 0.0056550 seconds, Stopping threads took: 0.0000870 seconds
259.439: Application time: 0.1254680 seconds
259.439: [GC259.439: [ParNew: 36368K->3562K(37568K), 0.0051180 secs] 732828K->712137K(902100K), 0.0051630 secs] [Times: user=0.04 sys=0.00, real=0.01 secs] 
259.444: Total time for which application threads were stopped: 0.0053060 seconds, Stopping threads took: 0.0000710 seconds
259.510: Application time: 0.0657080 seconds
259.510: [GC259.510: [ParNew: 36388K->3606K(37568K), 0.0051120 secs] 744964K->723582K(902100K), 0.0051560 secs] [Times: user=0.04 sys=0.00, real=0.01 secs] 
259.516: Total time for which application threads were stopped: 0.0053300 seconds, Stopping threads took: 0.0001010 seconds
259.529: Application time: 0.0136160 seconds
259.529: [GC259.529: [ParNew: 36397K->3570K(37568K), 0.0038960 secs] 756372K->729988K(902100K), 0.0039420 secs] [Times: user=0.02 sys=0.00, real=0.00 secs] 
259.533: Total time for which application threads were stopped: 0.0041080 seconds, Stopping threads took: 0.0000870 seconds
259.546: Application time: 0.0126830 seconds
259.546: [GC259.546: [ParNew: 36362K->3574K(37568K), 0.0028170 secs] 762779K->732842K(902100K), 0.0028610 secs] [Times: user=0.02 sys=0.00, real=0.00 secs] 
259.549: Total time for which application threads were stopped: 0.0031320 seconds, Stopping threads took: 0.0001970 seconds
259.560: Application time: 0.0113270 seconds
259.561: [GC259.561: [ParNew: 36369K->3571K(37568K), 0.0027180 secs] 765636K->734976K(902100K), 0.0027610 secs] [Times: user=0.02 sys=0.00, real=0.01 secs] 
259.563: Total time for which application threads were stopped: 0.0029270 seconds, Stopping threads took: 0.0000790 seconds
259.612: Application time: 0.0488470 seconds
259.612: [GC259.612: [ParNew: 36369K->3572K(37568K), 0.0041800 secs] 767774K->743528K(902100K), 0.0042230 secs] [Times: user=0.03 sys=0.00, real=0.01 secs] 
259.617: Total time for which application threads were stopped: 0.0043550 seconds, Stopping threads took: 0.0000670 seconds
259.731: Application time: 0.1145010 seconds
259.731: [GC259.731: [ParNew: 36365K->3562K(37568K), 0.0051720 secs] 776321K->755632K(902100K), 0.0052150 secs] [Times: user=0.04 sys=0.00, real=0.01 secs] 
259.736: Total time for which application threads were stopped: 0.0053470 seconds, Stopping threads took: 0.0000600 seconds
259.832: Application time: 0.0952910 seconds
259.832: [GC259.832: [ParNew: 36390K->3604K(37568K), 0.0055220 secs] 788460K->768500K(902100K), 0.0055650 secs] [Times: user=0.04 sys=0.00, real=0.01 secs] 
259.837: Total time for which application threads were stopped: 0.0057070 seconds, Stopping threads took: 0.0000670 seconds
259.850: Application time: 0.0126930 seconds
259.851: [GC259.851: [ParNew: 36424K->2892K(37568K), 0.0028100 secs] 801319K->770666K(902100K), 0.0028520 secs] [Times: user=0.02 sys=0.00, real=0.00 secs] 
259.854: Total time for which application threads were stopped: 0.0035720 seconds, Stopping threads took: 0.0006370 seconds
259.862: Application time: 0.0084690 seconds
259.863: [GC259.863: [ParNew: 35682K->3572K(37568K), 0.0023400 secs] 803456K->772801K(902100K), 0.0023810 secs] [Times: user=0.01 sys=0.00, real=0.01 secs] 
259.865: Total time for which application threads were stopped: 0.0030050 seconds, Stopping threads took: 0.0005500 seconds
259.874: Application time: 0.0088880 seconds
259.875: [GC259.875: [ParNew: 36365K->3570K(37568K), 0.0032690 secs] 805594K->777787K(902100K), 0.0033110 secs] [Times: user=0.02 sys=0.00, real=0.00 secs] 
259.878: Total time for which application threads were stopped: 0.0043480 seconds, Stopping threads took: 0.0009490 seconds
259.886: Application time: 0.0072210 seconds
259.886: [GC259.886: [ParNew: 36360K->3572K(37568K), 0.0026530 secs] 810578K->779928K(902100K), 0.0026980 secs] [Times: user=0.02 sys=0.00, real=0.00 secs] 
259.889: Total time for which application threads were stopped: 0.0029560 seconds, Stopping threads took: 0.0001810 seconds
259.896: Application time: 0.0077430 seconds
259.896: [GC259.897: [ParNew: 36375K->3570K(37568K), 0.0033110 secs] 812730K->784915K(902100K), 0.0033520 secs] [Times: user=0.02 sys=0.00, real=0.00 secs] 
259.900: Total time for which application threads were stopped: 0.0035540 seconds, Stopping threads took: 0.0001280 seconds
259.907: Application time: 0.0071260 seconds
259.908: [GC259.908: [ParNew: 36353K->1425K(37568K), 0.0018300 secs] 817697K->784196K(902100K), 0.0018690 secs] [Times: user=0.01 sys=0.00, real=0.00 secs] 
259.910: Total time for which application threads were stopped: 0.0026800 seconds, Stopping threads took: 0.0007380 seconds
259.920: Application time: 0.0101360 seconds
259.920: [GC259.920: [ParNew: 34152K->3610K(37568K), 0.0021270 secs] 816924K->786381K(902100K), 0.0021650 secs] [Times: user=0.01 sys=0.00, real=0.00 secs] 
259.922: Total time for which application threads were stopped: 0.0023590 seconds, Stopping threads took: 0.0001210 seconds
259.933: Application time: 0.0107680 seconds
259.934: [GC259.934: [ParNew: 36502K->2856K(37568K), 0.0027030 secs] 819273K->788507K(902100K), 0.0027480 secs] [Times: user=0.02 sys=0.00, real=0.01 secs] 
259.937: Total time for which application threads were stopped: 0.0035820 seconds, Stopping threads took: 0.0007590 seconds
259.947: Application time: 0.0105100 seconds
259.947: [GC259.947: [ParNew: 35651K->3576K(37568K), 0.0022860 secs] 821302K->789940K(902100K), 0.0023260 secs] [Times: user=0.02 sys=0.00, real=0.00 secs] 
259.950: Total time for which application threads were stopped: 0.0025090 seconds, Stopping threads took: 0.0001070 seconds
259.962: Application time: 0.0128080 seconds
259.963: [GC259.963: [ParNew: 36365K->3568K(37568K), 0.0028780 secs] 822730K->792784K(902100K), 0.0029210 secs] [Times: user=0.02 sys=0.00, real=0.01 secs] 
259.965: Total time for which application threads were stopped: 0.0031190 seconds, Stopping threads took: 0.0001220 seconds
259.978: Application time: 0.0122940 seconds
259.978: [GC259.978: [ParNew: 36364K->3570K(37568K), 0.0034380 secs] 825579K->797774K(902100K), 0.0034810 secs] [Times: user=0.03 sys=0.00, real=0.00 secs] 
259.981: Total time for which application threads were stopped: 0.0036720 seconds, Stopping threads took: 0.0001150 seconds
260.022: Application time: 0.0401920 seconds
260.022: [GC260.022: [ParNew: 36368K->3572K(37568K), 0.0041870 secs] 830572K->806326K(902100K), 0.0042270 secs] [Times: user=0.04 sys=0.00, real=0.01 secs] 
260.026: Total time for which application threads were stopped: 0.0043560 seconds, Stopping threads took: 0.0000630 seconds
260.026: Application time: 0.0000690 seconds
260.026: [GC [1 CMS-initial-mark: 802753K(864532K)] 807038K(902100K), 0.0001380 secs] [Times: user=0.00 sys=0.00, real=0.00 secs] 
260.026: Total time for which application threads were stopped: 0.0002910 seconds, Stopping threads took: 0.0001270 seconds
260.026: [CMS-concurrent-mark-start]
260.036: [CMS-concurrent-mark: 0.010/0.010 secs] [Times: user=0.07 sys=0.00, real=0.01 secs] 
260.036: [CMS-concurrent-preclean-start]
260.038: [CMS-concurrent-preclean: 0.001/0.001 secs] [Times: user=0.00 sys=0.00, real=0.00 secs] 
260.038: Application time: 0.0112930 seconds
260.039: [GC[YG occupancy: 4285 K (37568 K)]260.039: [Rescan (parallel) , 0.0003690 secs]260.039: [weak refs processing, 0.0000060 secs]260.039: [scrub string table, 0.0001130 secs] [1 CMS-remark: 802753K(864532K)] 807038K(902100K), 0.0005160 secs] [Times: user=0.00 sys=0.00, real=0.00 secs] 
260.039: Total time for which application threads were stopped: 0.0017380 seconds, Stopping threads took: 0.0011930 seconds
260.039: [CMS-concurrent-sweep-start]
260.040: [CMS-concurrent-sweep: 0.001/0.001 secs] [Times: user=0.00 sys=0.00, real=0.00 secs] 
260.040: [CMS-concurrent-reset-start]
260.042: [CMS-concurrent-reset: 0.001/0.001 secs] [Times: user=0.00 sys=0.00, real=0.00 secs] 
260.146: Application time: 0.1063250 seconds
260.146: [GC260.146: [ParNew: 36297K->3641K(37568K), 0.0048650 secs] 59777K->37810K(902100K), 0.0049060 secs] [Times: user=0.03 sys=0.00, real=0.00 secs] 
260.151: Total time for which application threads were stopped: 0.0050720 seconds, Stopping threads took: 0.0000770 seconds
260.160: Application time: 0.0096180 seconds
260.161: [GC260.161: [ParNew: 36561K->3572K(37568K), 0.0036580 secs] 70729K->44211K(902100K), 0.0037030 secs] [Times: user=0.03 sys=0.00, real=0.01 secs] 
260.165: Total time for which application threads were stopped: 0.0045920 seconds, Stopping threads took: 0.0008140 seconds
260.174: Application time: 0.0084970 seconds
260.174: [GC260.174: [ParNew: 36358K->2856K(37568K), 0.0024220 secs] 76997K->45633K(902100K), 0.0024690 secs] [Times: user=0.02 sys=0.00, real=0.01 secs] 
260.176: Total time for which application threads were stopped: 0.0026470 seconds, Stopping threads took: 0.0001020 seconds
260.184: Application time: 0.0078990 seconds
260.184: [GC260.184: [ParNew: 35652K->3576K(37568K), 0.0022540 secs] 78429K->47779K(902100K), 0.0022960 secs] [Times: user=0.02 sys=0.00, real=0.00 secs] 
260.187: Total time for which application threads were stopped: 0.0024720 seconds, Stopping threads took: 0.0001020 seconds
260.195: Application time: 0.0087620 seconds
260.196: [GC260.196: [ParNew: 36368K->3570K(37568K), 0.0025260 secs] 80570K->49911K(902100K), 0.0025700 secs] [Times: user=0.01 sys=0.00, real=0.00 secs] 
260.199: Total time for which application threads were stopped: 0.0036000 seconds, Stopping threads took: 0.0009350 seconds
260.209: Application time: 0.0100660 seconds
260.209: [GC260.209: [ParNew: 36355K->1427K(37568K), 0.0017850 secs] 82695K->49194K(902100K), 0.0018210 secs] [Times: user=0.01 sys=0.00, real=0.00 secs] 
260.211: Total time for which application threads were stopped: 0.0021410 seconds, Stopping threads took: 0.0002530 seconds
260.219: Application time: 0.0075180 seconds
260.219: [GC260.219: [ParNew: 34228K->3573K(37568K), 0.0020250 secs] 81995K->51340K(902100K), 0.0020630 secs] [Times: user=0.01 sys=0.00, real=0.00 secs] 
260.221: Total time for which application threads were stopped: 0.0022890 seconds, Stopping threads took: 0.0001520 seconds
260.227: Application time: 0.0065330 seconds
260.228: [GC260.228: [ParNew: 36357K->1427K(37568K), 0.0018690 secs] 84124K->50621K(902100K), 0.0019040 secs] [Times: user=0.01 sys=0.00, real=0.00 secs] 
260.230: Total time for which application threads were stopped: 0.0021990 seconds, Stopping threads took: 0.0002250 seconds
260.271: Application time: 0.0413910 seconds
260.271: [GC260.271: [ParNew: 34243K->3576K(37568K), 0.0053280 secs] 83437K->65595K(902100K), 0.0053750 secs] [Times: user=0.04 sys=0.00, real=0.01 secs] 
260.277: Total time for which application threads were stopped: 0.0055130 seconds, Stopping threads took: 0.0000680 seconds
260.419: Application time: 0.1426970 seconds
260.419: [GC260.419: [ParNew: 36368K->3564K(37568K), 0.0051940 secs] 98387K->77699K(902100K), 0.0052400 secs] [Times: user=0.04 sys=0.00, real=0.01 secs] 
260.425: Total time for which application threads were stopped: 0.0053700 seconds, Stopping threads took: 0.0000630 seconds
260.568: Application time: 0.1436300 seconds
260.568: [GC260.568: [ParNew: 36362K->3570K(37568K), 0.0051350 secs] 110497K->89818K(902100K), 0.0051810 secs] [Times: user=0.04 sys=0.00, real=0.00 secs] 
260.574: Total time for which application threads were stopped: 0.0053350 seconds, Stopping threads took: 0.0000820 seconds
260.717: Application time: 0.1436730 seconds
260.717: [GC260.717: [ParNew: 36362K->3562K(37568K), 0.0053220 secs] 122610K->102636K(902100K), 0.0053660 secs] [Times: user=0.04 sys=0.00, real=0.00 secs] 
260.723: Total time for which application threads were stopped: 0.0055260 seconds, Stopping threads took: 0.0000620 seconds
260.866: Application time: 0.1432540 seconds
260.866: [GC260.866: [ParNew: 36360K->3574K(37568K), 0.0051090 secs] 135434K->114761K(902100K), 0.0051620 secs] [Times: user=0.04 sys=0.00, real=0.00 secs] 
260.871: Total time for which application threads were stopped: 0.0052880 seconds, Stopping threads took: 0.0000600 seconds
261.007: Application time: 0.1353100 seconds
261.007: [GC261.007: [ParNew: 36392K->3574K(37568K), 0.0059600 secs] 147578K->129724K(902100K), 0.0060030 secs] [Times: user=0.05 sys=0.00, real=0.00 secs] 
261.013: Total time for which application threads were stopped: 0.0061590 seconds, Stopping threads took: 0.0000780 seconds
261.155: Application time: 0.1421830 seconds
261.155: [GC261.155: [ParNew: 36379K->3572K(37568K), 0.0051480 secs] 162529K->141838K(902100K), 0.0051910 secs] [Times: user=0.04 sys=0.00, real=0.00 secs] 
261.160: Total time for which application threads were stopped: 0.0053320 seconds, Stopping threads took: 0.0000670 seconds
261.309: Application time: 0.1483710 seconds
261.309: [GC261.309: [ParNew: 36373K->3570K(37568K), 0.0054750 secs] 174639K->154663K(902100K), 0.0055190 secs] [Times: user=0.04 sys=0.00, real=0.00 secs] 
261.314: Total time for which application threads were stopped: 0.0056750 seconds, Stopping threads took: 0.0000740 seconds
261.427: Application time: 0.1123690 seconds
261.427: [GC261.427: [ParNew: 36362K->3562K(37568K), 0.0054340 secs] 187455K->167481K(902100K), 0.0054760 secs] [Times: user=0.04 sys=0.00, real=0.00 secs] 
261.432: Total time for which application threads were stopped: 0.0056170 seconds, Stopping threads took: 0.0000670 seconds
261.560: Application time: 0.1273870 seconds
261.560: [GC261.560: [ParNew: 36363K->3572K(37568K), 0.0054940 secs] 200282K->180317K(902100K), 0.0055340 secs] [Times: user=0.04 sys=0.00, real=0.01 secs] 
261.565: Total time for which application threads were stopped: 0.0056990 seconds, Stopping threads took: 0.0000900 seconds
261.707: Application time: 0.1412510 seconds
261.707: [GC261.707: [ParNew: 36365K->3562K(37568K), 0.0053780 secs] 213110K->193133K(902100K), 0.0054220 secs] [Times: user=0.04 sys=0.00, real=0.00 secs] 
261.712: Total time for which application threads were stopped: 0.0055700 seconds, Stopping threads took: 0.0000710 seconds
261.841: Application time: 0.1282290 seconds
261.841: [GC261.841: [ParNew: 36372K->3578K(37568K), 0.0050110 secs] 225944K->205263K(902100K), 0.0050540 secs] [Times: user=0.04 sys=0.00, real=0.01 secs] 
261.846: Total time for which application threads were stopped: 0.0051920 seconds, Stopping threads took: 0.0000530 seconds
261.956: Application time: 0.1100460 seconds
261.956: [GC261.956: [ParNew: 36389K->3572K(37568K), 0.0053640 secs] 238073K->218085K(902100K), 0.0054070 secs] [Times: user=0.04 sys=0.00, real=0.00 secs] 
261.961: Total time for which application threads were stopped: 0.0055610 seconds, Stopping threads took: 0.0000820 seconds
262.076: Application time: 0.1150140 seconds
262.076: [GC262.076: [ParNew: 36374K->3568K(37568K), 0.0051730 secs] 250886K->230196K(902100K), 0.0052160 secs] [Times: user=0.04 sys=0.00, real=0.00 secs] 
262.082: Total time for which application threads were stopped: 0.0053450 seconds, Stopping threads took: 0.0000580 seconds
262.193: Application time: 0.1109840 seconds
262.193: [GC262.193: [ParNew: 36377K->3574K(37568K), 0.0053940 secs] 263004K->243029K(902100K), 0.0054370 secs] [Times: user=0.04 sys=0.00, real=0.01 secs] 
262.198: Total time for which application threads were stopped: 0.0056100 seconds, Stopping threads took: 0.0001000 seconds
262.304: Application time: 0.1061640 seconds
262.305: [GC262.305: [ParNew: 36368K->3562K(37568K), 0.0051120 secs] 275822K->255132K(902100K), 0.0051560 secs] [Times: user=0.04 sys=0.00, real=0.00 secs] 
262.310: Total time for which application threads were stopped: 0.0052890 seconds, Stopping threads took: 0.0000610 seconds
262.429: Application time: 0.1192590 seconds
262.429: [GC262.429: [ParNew: 36357K->3562K(37568K), 0.0051180 secs] 287926K->267246K(902100K), 0.0051720 secs] [Times: user=0.04 sys=0.00, real=0.00 secs] 
262.434: Total time for which application threads were stopped: 0.0053110 seconds, Stopping threads took: 0.0000590 seconds
262.531: Application time: 0.0964570 seconds
262.531: [GC262.531: [ParNew: 36365K->3572K(37568K), 0.0049250 secs] 300049K->278657K(902100K), 0.0049680 secs] [Times: user=0.03 sys=0.00, real=0.01 secs] 
262.536: Total time for which application threads were stopped: 0.0052150 seconds, Stopping threads took: 0.0001750 seconds
262.657: Application time: 0.1205720 seconds
262.657: [GC262.657: [ParNew: 36367K->3562K(37568K), 0.0050730 secs] 311451K->290762K(902100K), 0.0051150 secs] [Times: user=0.04 sys=0.00, real=0.00 secs] 
262.662: Total time for which application threads were stopped: 0.0052430 seconds, Stopping threads took: 0.0000570 seconds
262.763: Application time: 0.1011140 seconds
262.763: [GC262.763: [ParNew: 36364K->3572K(37568K), 0.0053520 secs] 323563K->302886K(902100K), 0.0053940 secs] [Times: user=0.04 sys=0.00, real=0.00 secs] 
262.768: Total time for which application threads were stopped: 0.0055220 seconds, Stopping threads took: 0.0000550 seconds
262.795: Application time: 0.0262970 seconds
262.795: [GC262.795: [ParNew: 36399K->3606K(37568K), 0.0033630 secs] 335712K->307909K(902100K), 0.0034060 secs] [Times: user=0.03 sys=0.00, real=0.00 secs] 
262.798: Total time for which application threads were stopped: 0.0035650 seconds, Stopping threads took: 0.0000820 seconds
262.809: Application time: 0.0105630 seconds
262.809: [GC262.809: [ParNew: 36403K->3574K(37568K), 0.0026720 secs] 340705K->310756K(902100K), 0.0027120 secs] [Times: user=0.02 sys=0.00, real=0.00 secs] 
262.812: Total time for which application threads were stopped: 0.0029080 seconds, Stopping threads took: 0.0001230 seconds
262.826: Application time: 0.0139930 seconds
262.826: [GC262.826: [ParNew: 36365K->2858K(37568K), 0.0026710 secs] 343546K->312891K(902100K), 0.0027130 secs] [Times: user=0.02 sys=0.00, real=0.00 secs] 
262.829: Total time for which application threads were stopped: 0.0028680 seconds, Stopping threads took: 0.0000810 seconds
262.837: Application time: 0.0084350 seconds
262.837: [GC262.837: [ParNew: 35649K->2145K(37568K), 0.0022460 secs] 345682K->314317K(902100K), 0.0022870 secs] [Times: user=0.02 sys=0.00, real=0.00 secs] 
262.840: Total time for which application threads were stopped: 0.0024650 seconds, Stopping threads took: 0.0001020 seconds
262.926: Application time: 0.0868160 seconds
262.926: [GC262.927: [ParNew: 34948K->3574K(37568K), 0.0054320 secs] 347119K->328572K(902100K), 0.0054730 secs] [Times: user=0.05 sys=0.00, real=0.00 secs] 
262.932: Total time for which application threads were stopped: 0.0056090 seconds, Stopping threads took: 0.0000650 seconds
263.054: Application time: 0.1216870 seconds
263.054: [GC263.054: [ParNew: 36369K->3562K(37568K), 0.0051150 secs] 361367K->340675K(902100K), 0.0051580 secs] [Times: user=0.04 sys=0.00, real=0.01 secs] 
263.059: Total time for which application threads were stopped: 0.0053040 seconds, Stopping threads took: 0.0000620 seconds
263.119: Application time: 0.0603980 seconds
263.119: [GC263.120: [ParNew: 36406K->3606K(37568K), 0.0055610 secs] 373519K->353545K(902100K), 0.0056070 secs] [Times: user=0.04 sys=0.00, real=0.01 secs] 
263.125: Total time for which application threads were stopped: 0.0057450 seconds, Stopping threads took: 0.0000700 seconds
263.138: Application time: 0.0124700 seconds
263.138: [GC263.138: [ParNew: 36393K->3570K(37568K), 0.0026570 secs] 386331K->355677K(902100K), 0.0027010 secs] [Times: user=0.02 sys=0.00, real=0.00 secs] 
263.140: Total time for which application threads were stopped: 0.0028570 seconds, Stopping threads took: 0.0000820 seconds
263.154: Application time: 0.0136410 seconds
263.154: [GC263.154: [ParNew: 36360K->3574K(37568K), 0.0026820 secs] 388467K->357819K(902100K), 0.0027260 secs] [Times: user=0.02 sys=0.00, real=0.01 secs] 
263.157: Total time for which application threads were stopped: 0.0029020 seconds, Stopping threads took: 0.0000990 seconds
263.167: Application time: 0.0103780 seconds
263.168: [GC263.168: [ParNew: 36368K->3569K(37568K), 0.0029780 secs] 390613K->361376K(902100K), 0.0030280 secs] [Times: user=0.02 sys=0.00, real=0.00 secs] 
263.171: Total time for which application threads were stopped: 0.0031830 seconds, Stopping threads took: 0.0000800 seconds
263.219: Application time: 0.0482230 seconds
263.219: [GC263.219: [ParNew: 36367K->3574K(37568K), 0.0045540 secs] 394174K->370645K(902100K), 0.0045960 secs] [Times: user=0.02 sys=0.00, real=0.01 secs] 
263.224: Total time for which application threads were stopped: 0.0047250 seconds, Stopping threads took: 0.0000570 seconds
263.354: Application time: 0.1301180 seconds
263.354: [GC263.354: [ParNew: 36368K->3562K(37568K), 0.0051710 secs] 403439K->382747K(902100K), 0.0052110 secs] [Times: user=0.04 sys=0.00, real=0.01 secs] 
263.359: Total time for which application threads were stopped: 0.0053440 seconds, Stopping threads took: 0.0000610 seconds
263.455: Application time: 0.0961840 seconds
263.455: [GC263.455: [ParNew: 36383K->3602K(37568K), 0.0049310 secs] 415568K->394188K(902100K), 0.0049740 secs] [Times: user=0.04 sys=0.00, real=0.00 secs] 
263.460: Total time for which application threads were stopped: 0.0051320 seconds, Stopping threads took: 0.0000870 seconds
263.476: Application time: 0.0155920 seconds
263.476: [GC263.476: [ParNew: 36399K->3572K(37568K), 0.0036060 secs] 426985K->399887K(902100K), 0.0036490 secs] [Times: user=0.03 sys=0.00, real=0.00 secs] 
263.480: Total time for which application threads were stopped: 0.0038150 seconds, Stopping threads took: 0.0000920 seconds
263.491: Application time: 0.0111610 seconds
263.491: [GC263.491: [ParNew: 36360K->3572K(37568K), 0.0025630 secs] 432675K->402025K(902100K), 0.0026040 secs] [Times: user=0.02 sys=0.00, real=0.00 secs] 
263.494: Total time for which application threads were stopped: 0.0027430 seconds, Stopping threads took: 0.0000660 seconds
263.507: Application time: 0.0137410 seconds
263.508: [GC263.508: [ParNew: 36361K->2144K(37568K), 0.0024390 secs] 434814K->403446K(902100K), 0.0024790 secs] [Times: user=0.02 sys=0.00, real=0.00 secs] 
263.510: Total time for which application threads were stopped: 0.0026460 seconds, Stopping threads took: 0.0000900 seconds
263.533: Application time: 0.0229020 seconds
263.533: [GC263.533: [ParNew: 34935K->2149K(37568K), 0.0013660 secs] 436238K->403452K(902100K), 0.0013970 secs] [Times: user=0.01 sys=0.00, real=0.00 secs] 
263.534: Total time for which application threads were stopped: 0.0015450 seconds, Stopping threads took: 0.0000890 seconds
263.628: Application time: 0.0938410 seconds
263.628: [GC263.628: [ParNew: 34942K->3562K(37568K), 0.0054350 secs] 436245K->417691K(902100K), 0.0054770 secs] [Times: user=0.04 sys=0.00, real=0.00 secs] 
263.634: Total time for which application threads were stopped: 0.0056270 seconds, Stopping threads took: 0.0000650 seconds
263.721: Application time: 0.0873100 seconds
263.721: [GC263.721: [ParNew: 36390K->3602K(37568K), 0.0056000 secs] 450519K->430557K(902100K), 0.0056430 secs] [Times: user=0.05 sys=0.00, real=0.01 secs] 
263.727: Total time for which application threads were stopped: 0.0058160 seconds, Stopping threads took: 0.0001000 seconds
263.740: Application time: 0.0127630 seconds
263.740: [GC263.740: [ParNew: 36388K->3570K(37568K), 0.0029590 secs] 463343K->433404K(902100K), 0.0030000 secs] [Times: user=0.02 sys=0.00, real=0.01 secs] 
263.743: Total time for which application threads were stopped: 0.0031670 seconds, Stopping threads took: 0.0000930 seconds
263.757: Application time: 0.0138930 seconds
263.757: [GC263.757: [ParNew: 36358K->1437K(37568K), 0.0021000 secs] 466191K->433408K(902100K), 0.0021400 secs] [Times: user=0.02 sys=0.00, real=0.00 secs] 
263.759: Total time for which application threads were stopped: 0.0022970 seconds, Stopping threads took: 0.0000830 seconds
263.770: Application time: 0.0107430 seconds
263.770: [GC263.770: [ParNew: 34231K->3574K(37568K), 0.0022810 secs] 466202K->436258K(902100K), 0.0023240 secs] [Times: user=0.02 sys=0.00, real=0.00 secs] 
263.772: Total time for which application threads were stopped: 0.0025400 seconds, Stopping threads took: 0.0001310 seconds
263.798: Application time: 0.0250540 seconds
263.798: [GC263.798: [ParNew: 36381K->3572K(37568K), 0.0045660 secs] 469064K->446231K(902100K), 0.0046100 secs] [Times: user=0.03 sys=0.00, real=0.00 secs] 
263.802: Total time for which application threads were stopped: 0.0047630 seconds, Stopping threads took: 0.0000790 seconds
263.847: Application time: 0.0447810 seconds
263.847: [GC263.847: [ParNew: 36392K->2892K(37568K), 0.0028960 secs] 479051K->449115K(902100K), 0.0029390 secs] [Times: user=0.02 sys=0.00, real=0.00 secs] 
263.850: Total time for which application threads were stopped: 0.0031120 seconds, Stopping threads took: 0.0000990 seconds
263.860: Application time: 0.0097180 seconds
263.860: [GC263.860: [ParNew: 35684K->3570K(37568K), 0.0033320 secs] 481907K->454810K(902100K), 0.0033710 secs] [Times: user=0.03 sys=0.00, real=0.01 secs] 
263.863: Total time for which application threads were stopped: 0.0035090 seconds, Stopping threads took: 0.0000670 seconds
263.878: Application time: 0.0145460 seconds
263.878: [GC263.878: [ParNew: 36361K->1433K(37568K), 0.0021860 secs] 487600K->455523K(902100K), 0.0022280 secs] [Times: user=0.02 sys=0.00, real=0.00 secs] 
263.880: Total time for which application threads were stopped: 0.0023740 seconds, Stopping threads took: 0.0000760 seconds
263.890: Application time: 0.0101120 seconds
263.891: [GC263.891: [ParNew: 34677K->3605K(37568K), 0.0032070 secs] 488767K->461970K(902100K), 0.0032510 secs] [Times: user=0.02 sys=0.01, real=0.00 secs] 
263.894: Total time for which application threads were stopped: 0.0034070 seconds, Stopping threads took: 0.0000810 seconds
263.914: Application time: 0.0198780 seconds
263.914: [GC263.914: [ParNew: 36688K->3576K(37568K), 0.0027640 secs] 495052K->464107K(902100K), 0.0028070 secs] [Times: user=0.02 sys=0.00, real=0.01 secs] 
263.917: Total time for which application threads were stopped: 0.0029670 seconds, Stopping threads took: 0.0000850 seconds
263.929: Application time: 0.0121410 seconds
263.929: [GC263.929: [ParNew: 36370K->1435K(37568K), 0.0018830 secs] 496901K->464104K(902100K), 0.0019250 secs] [Times: user=0.01 sys=0.00, real=0.00 secs] 
263.931: Total time for which application threads were stopped: 0.0020590 seconds, Stopping threads took: 0.0000650 seconds
263.944: Application time: 0.0129700 seconds
263.944: [GC263.944: [ParNew: 34218K->3577K(37568K), 0.0021570 secs] 496888K->466958K(902100K), 0.0021950 secs] [Times: user=0.02 sys=0.00, real=0.00 secs] 
263.946: Total time for which application threads were stopped: 0.0023510 seconds, Stopping threads took: 0.0000810 seconds
263.954: Application time: 0.0082200 seconds
263.955: [GC263.955: [ParNew: 36371K->3566K(37568K), 0.0034100 secs] 499753K->471936K(902100K), 0.0034540 secs] [Times: user=0.03 sys=0.00, real=0.01 secs] 
263.958: Total time for which application threads were stopped: 0.0036230 seconds, Stopping threads took: 0.0000900 seconds
264.037: Application time: 0.0787050 seconds
264.037: [GC264.037: [ParNew: 36401K->3606K(37568K), 0.0056880 secs] 504770K->485514K(902100K), 0.0057300 secs] [Times: user=0.04 sys=0.00, real=0.00 secs] 
264.043: Total time for which application threads were stopped: 0.0058670 seconds, Stopping threads took: 0.0000630 seconds
264.057: Application time: 0.0142120 seconds
264.057: [GC264.057: [ParNew: 36392K->3570K(37568K), 0.0028920 secs] 518300K->488357K(902100K), 0.0029340 secs] [Times: user=0.02 sys=0.00, real=0.00 secs] 
264.060: Total time for which application threads were stopped: 0.0031010 seconds, Stopping threads took: 0.0000910 seconds
264.071: Application time: 0.0111550 seconds
264.075: [GC264.075: [ParNew: 36363K->3570K(37568K), 0.0033060 secs] 521150K->492633K(902100K), 0.0033450 secs] [Times: user=0.02 sys=0.00, real=0.00 secs] 
264.078: Total time for which application threads were stopped: 0.0071320 seconds, Stopping threads took: 0.0037140 seconds
264.091: Application time: 0.0128410 seconds
264.091: [GC264.091: [ParNew: 36364K->2858K(37568K), 0.0026300 secs] 525426K->494771K(902100K), 0.0026830 secs] [Times: user=0.02 sys=0.00, real=0.00 secs] 
264.094: Total time for which application threads were stopped: 0.0028570 seconds, Stopping threads took: 0.0000980 seconds
264.125: Application time: 0.0312660 seconds
264.125: [GC264.125: [ParNew: 35653K->3576K(37568K), 0.0028490 secs] 527566K->499051K(902100K), 0.0028920 secs] [Times: user=0.02 sys=0.00, real=0.00 secs] 
264.128: Total time for which application threads were stopped: 0.0030350 seconds, Stopping threads took: 0.0000700 seconds
264.184: Application time: 0.0554110 seconds
264.184: [GC264.184: [ParNew: 36408K->3604K(37568K), 0.0053240 secs] 531883K->511193K(902100K), 0.0053750 secs] [Times: user=0.04 sys=0.00, real=0.00 secs] 
264.189: Total time for which application threads were stopped: 0.0055310 seconds, Stopping threads took: 0.0000630 seconds
264.200: Application time: 0.0108940 seconds
264.200: [GC264.200: [ParNew: 36390K->1433K(37568K), 0.0025150 secs] 543979K->512613K(902100K), 0.0025610 secs] [Times: user=0.02 sys=0.00, real=0.01 secs] 
264.203: Total time for which application threads were stopped: 0.0027610 seconds, Stopping threads took: 0.0001260 seconds
264.218: Application time: 0.0152290 seconds
264.218: [GC264.218: [ParNew: 34224K->3576K(37568K), 0.0020650 secs] 545404K->514757K(902100K), 0.0021050 secs] [Times: user=0.02 sys=0.00, real=0.00 secs] 
264.220: Total time for which application threads were stopped: 0.0022670 seconds, Stopping threads took: 0.0000880 seconds
264.229: Application time: 0.0089230 seconds
264.229: [GC264.229: [ParNew: 36372K->3570K(37568K), 0.0050990 secs] 547553K->519739K(902100K), 0.0051390 secs] [Times: user=0.03 sys=0.00, real=0.00 secs] 
264.235: Total time for which application threads were stopped: 0.0053000 seconds, Stopping threads took: 0.0000900 seconds
264.334: Application time: 0.0995000 seconds
264.334: [GC264.334: [ParNew: 36371K->3572K(37568K), 0.0054880 secs] 552540K->533279K(902100K), 0.0055330 secs] [Times: user=0.04 sys=0.00, real=0.01 secs] 
264.340: Total time for which application threads were stopped: 0.0056590 seconds, Stopping threads took: 0.0000570 seconds
264.493: Application time: 0.1535700 seconds
264.493: [GC264.493: [ParNew: 36364K->3564K(37568K), 0.0051050 secs] 566071K->545384K(902100K), 0.0051500 secs] [Times: user=0.04 sys=0.00, real=0.01 secs] 
264.499: Total time for which application threads were stopped: 0.0052850 seconds, Stopping threads took: 0.0000680 seconds
264.632: Application time: 0.1334100 seconds
264.632: [GC264.632: [ParNew: 36364K->3570K(37568K), 0.0053230 secs] 578185K->558216K(902100K), 0.0053650 secs] [Times: user=0.04 sys=0.00, real=0.01 secs] 
264.638: Total time for which application threads were stopped: 0.0054990 seconds, Stopping threads took: 0.0000670 seconds
264.782: Application time: 0.1444200 seconds
264.782: [GC264.782: [ParNew: 36368K->3572K(37568K), 0.0053360 secs] 591014K->571044K(902100K), 0.0053780 secs] [Times: user=0.04 sys=0.00, real=0.01 secs] 
264.788: Total time for which application threads were stopped: 0.0055310 seconds, Stopping threads took: 0.0000750 seconds
264.939: Application time: 0.1513400 seconds
264.939: [GC264.939: [ParNew: 36386K->3576K(37568K), 0.0053270 secs] 603857K->583874K(902100K), 0.0053680 secs] [Times: user=0.03 sys=0.00, real=0.01 secs] 
264.944: Total time for which application threads were stopped: 0.0055290 seconds, Stopping threads took: 0.0000950 seconds
265.079: Application time: 0.1343940 seconds
265.079: [GC265.079: [ParNew: 36375K->3566K(37568K), 0.0051760 secs] 616672K->595979K(902100K), 0.0052190 secs] [Times: user=0.04 sys=0.00, real=0.01 secs] 
265.084: Total time for which application threads were stopped: 0.0053490 seconds, Stopping threads took: 0.0000560 seconds
265.214: Application time: 0.1295570 seconds
265.214: [GC265.214: [ParNew: 36373K->3578K(37568K), 0.0053600 secs] 628786K->608818K(902100K), 0.0054010 secs] [Times: user=0.04 sys=0.00, real=0.01 secs] 
265.219: Total time for which application threads were stopped: 0.0055550 seconds, Stopping threads took: 0.0000730 seconds
265.362: Application time: 0.1429850 seconds
265.362: [GC265.362: [ParNew: 36371K->3562K(37568K), 0.0051000 secs] 641610K->620916K(902100K), 0.0051450 secs] [Times: user=0.04 sys=0.00, real=0.01 secs] 
265.368: Total time for which application threads were stopped: 0.0053280 seconds, Stopping threads took: 0.0001000 seconds
265.496: Application time: 0.1280860 seconds
265.496: [GC265.496: [ParNew: 36355K->3562K(37568K), 0.0051040 secs] 653709K->633029K(902100K), 0.0051420 secs] [Times: user=0.04 sys=0.00, real=0.00 secs] 
265.501: Total time for which application threads were stopped: 0.0053010 seconds, Stopping threads took: 0.0000880 seconds
265.645: Application time: 0.1441500 seconds
265.645: [GC265.645: [ParNew: 36364K->3570K(37568K), 0.0052680 secs] 665831K->645863K(902100K), 0.0053090 secs] [Times: user=0.04 sys=0.00, real=0.00 secs] 
265.651: Total time for which application threads were stopped: 0.0054470 seconds, Stopping threads took: 0.0000700 seconds
265.774: Application time: 0.1237060 seconds
265.774: [GC265.774: [ParNew: 36372K->3570K(37568K), 0.0053440 secs] 678664K->658690K(902100K), 0.0053880 secs] [Times: user=0.04 sys=0.00, real=0.01 secs] 
265.780: Total time for which application threads were stopped: 0.0055500 seconds, Stopping threads took: 0.0000900 seconds
265.894: Application time: 0.1142190 seconds
265.894: [GC265.894: [ParNew: 36389K->3572K(37568K), 0.0055740 secs] 691509K->672231K(902100K), 0.0056160 secs] [Times: user=0.04 sys=0.00, real=0.01 secs] 
265.900: Total time for which application threads were stopped: 0.0057600 seconds, Stopping threads took: 0.0000630 seconds
266.013: Application time: 0.1132490 seconds
266.013: [GC266.013: [ParNew: 36366K->3562K(37568K), 0.0051710 secs] 705024K->684337K(902100K), 0.0052140 secs] [Times: user=0.04 sys=0.00, real=0.01 secs] 
266.018: Total time for which application threads were stopped: 0.0053490 seconds, Stopping threads took: 0.0000620 seconds
266.133: Application time: 0.1145100 seconds
266.133: [GC266.133: [ParNew: 36373K->3572K(37568K), 0.0058390 secs] 717148K->698598K(902100K), 0.0058810 secs] [Times: user=0.04 sys=0.00, real=0.01 secs] 
266.139: Total time for which application threads were stopped: 0.0060240 seconds, Stopping threads took: 0.0000700 seconds
266.238: Application time: 0.0988760 seconds
266.238: [GC266.238: [ParNew: 36375K->3568K(37568K), 0.0052800 secs] 731401K->711422K(902100K), 0.0053220 secs] [Times: user=0.04 sys=0.00, real=0.01 secs] 
266.243: Total time for which application threads were stopped: 0.0054700 seconds, Stopping threads took: 0.0000800 seconds
266.348: Application time: 0.1049150 seconds
266.348: [GC266.348: [ParNew: 36362K->3562K(37568K), 0.0053830 secs] 744216K->724243K(902100K), 0.0054260 secs] [Times: user=0.04 sys=0.00, real=0.00 secs] 
266.354: Total time for which application threads were stopped: 0.0055860 seconds, Stopping threads took: 0.0000880 seconds
266.472: Application time: 0.1178550 seconds
266.472: [GC266.472: [ParNew: 36357K->3564K(37568K), 0.0051310 secs] 757038K->736359K(902100K), 0.0051760 secs] [Times: user=0.04 sys=0.00, real=0.01 secs] 
266.477: Total time for which application threads were stopped: 0.0053240 seconds, Stopping threads took: 0.0000610 seconds
266.577: Application time: 0.0996920 seconds
266.577: [GC266.577: [ParNew: 36367K->3570K(37568K), 0.0056190 secs] 769162K->749904K(902100K), 0.0056630 secs] [Times: user=0.05 sys=0.00, real=0.00 secs] 
266.582: Total time for which application threads were stopped: 0.0058010 seconds, Stopping threads took: 0.0000650 seconds
266.705: Application time: 0.1224790 seconds
266.705: [GC266.705: [ParNew: 36374K->3570K(37568K), 0.0053110 secs] 782707K->762731K(902100K), 0.0053530 secs] [Times: user=0.04 sys=0.00, real=0.00 secs] 
266.710: Total time for which application threads were stopped: 0.0054920 seconds, Stopping threads took: 0.0000710 seconds
266.742: Application time: 0.0313020 seconds
266.742: [GC266.742: [ParNew: 36393K->3600K(37568K), 0.0039820 secs] 795553K->769888K(902100K), 0.0040340 secs] [Times: user=0.03 sys=0.00, real=0.01 secs] 
266.746: Total time for which application threads were stopped: 0.0042230 seconds, Stopping threads took: 0.0001140 seconds
266.756: Application time: 0.0098890 seconds
266.756: [GC266.756: [ParNew: 36391K->3570K(37568K), 0.0035120 secs] 802678K->774874K(902100K), 0.0035560 secs] [Times: user=0.03 sys=0.00, real=0.00 secs] 
266.760: Total time for which application threads were stopped: 0.0037540 seconds, Stopping threads took: 0.0001240 seconds
266.774: Application time: 0.0148960 seconds
266.775: [GC266.775: [ParNew: 36361K->3575K(37568K), 0.0026910 secs] 807665K->777016K(902100K), 0.0027330 secs] [Times: user=0.02 sys=0.00, real=0.01 secs] 
266.777: Total time for which application threads were stopped: 0.0029040 seconds, Stopping threads took: 0.0000970 seconds
266.787: Application time: 0.0092060 seconds
266.787: [GC266.787: [ParNew: 36367K->1435K(37568K), 0.0023010 secs] 809808K->777727K(902100K), 0.0023430 secs] [Times: user=0.02 sys=0.00, real=0.00 secs] 
266.789: Total time for which application threads were stopped: 0.0024980 seconds, Stopping threads took: 0.0000800 seconds
266.848: Application time: 0.0589120 seconds
266.848: [GC266.848: [ParNew: 34250K->3576K(37568K), 0.0054700 secs] 810542K->792695K(902100K), 0.0055120 secs] [Times: user=0.04 sys=0.00, real=0.00 secs] 
266.854: Total time for which application threads were stopped: 0.0056400 seconds, Stopping threads took: 0.0000620 seconds
266.975: Application time: 0.1215770 seconds
266.975: [GC266.975: [ParNew: 36398K->3605K(37568K), 0.0049760 secs] 825517K->804127K(902100K), 0.0050180 secs] [Times: user=0.03 sys=0.00, real=0.00 secs] 
266.980: Total time for which application threads were stopped: 0.0051630 seconds, Stopping threads took: 0.0000660 seconds
266.980: Application time: 0.0000470 seconds
266.981: [GC [1 CMS-initial-mark: 800522K(864532K)] 804839K(902100K), 0.0001410 secs] [Times: user=0.00 sys=0.00, real=0.00 secs] 
266.981: Total time for which application threads were stopped: 0.0002750 seconds, Stopping threads took: 0.0001090 seconds
266.981: [CMS-concurrent-mark-start]
266.987: [CMS-concurrent-mark: 0.006/0.006 secs] [Times: user=0.04 sys=0.00, real=0.01 secs] 
266.987: [CMS-concurrent-preclean-start]
266.988: [CMS-concurrent-preclean: 0.001/0.001 secs] [Times: user=0.01 sys=0.00, real=0.00 secs] 
266.988: [CMS-concurrent-abortable-preclean-start]
266.997: Application time: 0.0161040 seconds
266.997: [GC266.997: [ParNew: 36399K->3576K(37568K), 0.0030540 secs] 836921K->807690K(902100K), 0.0030930 secs] [Times: user=0.03 sys=0.00, real=0.00 secs] 
267.000: Total time for which application threads were stopped: 0.0032520 seconds, Stopping threads took: 0.0000860 seconds
267.012: Application time: 0.0118460 seconds
267.012: [GC267.012: [ParNew: 36376K->3576K(37568K), 0.0033220 secs] 840489K->812678K(902100K), 0.0033610 secs] [Times: user=0.03 sys=0.00, real=0.01 secs] 
267.015: Total time for which application threads were stopped: 0.0035110 seconds, Stopping threads took: 0.0000800 seconds
267.032: Application time: 0.0166370 seconds
267.032: [GC267.032: [ParNew: 36360K->3562K(37568K), 0.0030730 secs] 845462K->816229K(902100K), 0.0031170 secs] [Times: user=0.02 sys=0.00, real=0.01 secs] 
267.035: Total time for which application threads were stopped: 0.0032770 seconds, Stopping threads took: 0.0000840 seconds
267.045: Application time: 0.0096560 seconds
267.045: [GC267.045: [ParNew: 36355K->3570K(37568K), 0.0026710 secs] 849022K->818375K(902100K), 0.0027150 secs] [Times: user=0.02 sys=0.00, real=0.00 secs] 
267.048: Total time for which application threads were stopped: 0.0028960 seconds, Stopping threads took: 0.0001050 seconds
267.156: Application time: 0.1082190 seconds
267.156: [GC267.156: [ParNew: 36373K->3576K(37568K), 0.0052130 secs] 851177K->831207K(902100K), 0.0052540 secs] [Times: user=0.04 sys=0.00, real=0.00 secs] 
267.162: Total time for which application threads were stopped: 0.0054040 seconds, Stopping threads took: 0.0000840 seconds
267.162: [CMS-concurrent-abortable-preclean: 0.008/0.173 secs] [Times: user=1.37 sys=0.00, real=0.17 secs] 
267.162: Application time: 0.0000710 seconds
267.163: [GC[YG occupancy: 4289 K (37568 K)]267.163: [Rescan (parallel) , 0.0003560 secs]267.163: [weak refs processing, 0.0000060 secs]267.163: [scrub string table, 0.0001110 secs] [1 CMS-remark: 827630K(864532K)] 831919K(902100K), 0.0004920 secs] [Times: user=0.00 sys=0.01, real=0.00 secs] 
267.163: Total time for which application threads were stopped: 0.0017330 seconds, Stopping threads took: 0.0012140 seconds
267.163: [CMS-concurrent-sweep-start]
267.164: [CMS-concurrent-sweep: 0.001/0.001 secs] [Times: user=0.00 sys=0.00, real=0.00 secs] 
267.164: [CMS-concurrent-reset-start]
267.167: [CMS-concurrent-reset: 0.002/0.002 secs] [Times: user=0.00 sys=0.00, real=0.00 secs] 
267.274: Application time: 0.1102870 seconds
267.274: [GC267.274: [ParNew: 36379K->3572K(37568K), 0.0053600 secs] 86228K->66248K(902100K), 0.0054050 secs] [Times: user=0.04 sys=0.00, real=0.01 secs] 
267.279: Total time for which application threads were stopped: 0.0055520 seconds, Stopping threads took: 0.0000740 seconds
267.395: Application time: 0.1161560 seconds
267.395: [GC267.395: [ParNew: 36366K->3562K(37568K), 0.0051570 secs] 99041K->78352K(902100K), 0.0051990 secs] [Times: user=0.04 sys=0.00, real=0.00 secs] 
267.401: Total time for which application threads were stopped: 0.0053240 seconds, Stopping threads took: 0.0000570 seconds
267.452: Application time: 0.0517070 seconds
267.453: [GC267.453: [ParNew: 36390K->3604K(37568K), 0.0053100 secs] 111180K->90507K(902100K), 0.0053560 secs] [Times: user=0.04 sys=0.00, real=0.01 secs] 
267.458: Total time for which application threads were stopped: 0.0055080 seconds, Stopping threads took: 0.0000730 seconds
267.470: Application time: 0.0120230 seconds
267.470: [GC267.470: [ParNew: 36390K->2143K(37568K), 0.0025350 secs] 123293K->91925K(902100K), 0.0025770 secs] [Times: user=0.02 sys=0.00, real=0.00 secs] 
267.473: Total time for which application threads were stopped: 0.0027450 seconds, Stopping threads took: 0.0000930 seconds
267.485: Application time: 0.0127530 seconds
267.486: [GC267.486: [ParNew: 34935K->3570K(37568K), 0.0027430 secs] 124717K->96202K(902100K), 0.0027860 secs] [Times: user=0.02 sys=0.00, real=0.00 secs] 
267.488: Total time for which application threads were stopped: 0.0029810 seconds, Stopping threads took: 0.0001110 seconds
267.501: Application time: 0.0127370 seconds
267.501: [GC267.501: [ParNew: 36365K->3567K(37568K), 0.0026270 secs] 128997K->98336K(902100K), 0.0026710 secs] [Times: user=0.02 sys=0.00, real=0.01 secs] 
267.504: Total time for which application threads were stopped: 0.0028370 seconds, Stopping threads took: 0.0000910 seconds
267.563: Application time: 0.0586240 seconds
267.563: [GC267.563: [ParNew: 36364K->3568K(37568K), 0.0046100 secs] 131134K->108313K(902100K), 0.0046550 secs] [Times: user=0.04 sys=0.00, real=0.01 secs] 
267.567: Total time for which application threads were stopped: 0.0047960 seconds, Stopping threads took: 0.0000730 seconds
267.628: Application time: 0.0608580 seconds
267.628: [GC267.628: [ParNew: 36396K->3604K(37568K), 0.0055100 secs] 141141K->121176K(902100K), 0.0055550 secs] [Times: user=0.05 sys=0.00, real=0.00 secs] 
267.634: Total time for which application threads were stopped: 0.0057150 seconds, Stopping threads took: 0.0000850 seconds
267.646: Application time: 0.0120560 seconds
267.646: [GC267.646: [ParNew: 36390K->1431K(37568K), 0.0022600 secs] 153962K->121881K(902100K), 0.0023040 secs] [Times: user=0.02 sys=0.00, real=0.00 secs] 
267.649: Total time for which application threads were stopped: 0.0025150 seconds, Stopping threads took: 0.0001360 seconds
267.661: Application time: 0.0127650 seconds
267.661: [GC267.661: [ParNew: 34222K->3570K(37568K), 0.0026410 secs] 154673K->126158K(902100K), 0.0026870 secs] [Times: user=0.02 sys=0.00, real=0.01 secs] 
267.664: Total time for which application threads were stopped: 0.0028520 seconds, Stopping threads took: 0.0000890 seconds
267.675: Application time: 0.0105210 seconds
267.675: [GC267.675: [ParNew: 36364K->3568K(37568K), 0.0027710 secs] 158952K->129007K(902100K), 0.0028210 secs] [Times: user=0.02 sys=0.00, real=0.00 secs] 
267.678: Total time for which application threads were stopped: 0.0030000 seconds, Stopping threads took: 0.0001050 seconds
267.732: Application time: 0.0542870 seconds
267.732: [GC267.732: [ParNew: 36366K->3572K(37568K), 0.0049710 secs] 161804K->140411K(902100K), 0.0050120 secs] [Times: user=0.04 sys=0.00, real=0.01 secs] 
267.737: Total time for which application threads were stopped: 0.0051580 seconds, Stopping threads took: 0.0000740 seconds
267.798: Application time: 0.0605930 seconds
267.798: [GC267.798: [ParNew: 36404K->3598K(37568K), 0.0053490 secs] 173243K->152551K(902100K), 0.0053940 secs] [Times: user=0.04 sys=0.00, real=0.01 secs] 
267.803: Total time for which application threads were stopped: 0.0055900 seconds, Stopping threads took: 0.0001210 seconds
267.817: Application time: 0.0135210 seconds
267.817: [GC267.817: [ParNew: 36386K->2145K(37568K), 0.0025750 secs] 185339K->154690K(902100K), 0.0026140 secs] [Times: user=0.02 sys=0.00, real=0.00 secs] 
267.820: Total time for which application threads were stopped: 0.0027750 seconds, Stopping threads took: 0.0000890 seconds
267.832: Application time: 0.0121580 seconds
267.832: [GC267.832: [ParNew: 34972K->3602K(37568K), 0.0025670 secs] 187516K->158284K(902100K), 0.0026090 secs] [Times: user=0.02 sys=0.00, real=0.00 secs] 
267.835: Total time for which application threads were stopped: 0.0027810 seconds, Stopping threads took: 0.0000970 seconds
267.843: Application time: 0.0086940 seconds
267.843: [GC267.843: [ParNew: 36387K->3566K(37568K), 0.0024680 secs] 191070K->159704K(902100K), 0.0025080 secs] [Times: user=0.01 sys=0.00, real=0.00 secs] 
267.846: Total time for which application threads were stopped: 0.0027050 seconds, Stopping threads took: 0.0001230 seconds
267.853: Application time: 0.0070320 seconds
267.853: [GC267.853: [ParNew: 36366K->3576K(37568K), 0.0025160 secs] 192504K->161852K(902100K), 0.0025580 secs] [Times: user=0.02 sys=0.00, real=0.01 secs] 
267.856: Total time for which application threads were stopped: 0.0027510 seconds, Stopping threads took: 0.0001210 seconds
267.863: Application time: 0.0068470 seconds
267.863: [GC267.863: [ParNew: 36359K->2850K(37568K), 0.0022550 secs] 194634K->163263K(902100K), 0.0022940 secs] [Times: user=0.02 sys=0.00, real=0.00 secs] 
267.865: Total time for which application threads were stopped: 0.0025010 seconds, Stopping threads took: 0.0001230 seconds
267.879: Application time: 0.0140740 seconds
267.879: [GC267.879: [ParNew: 35651K->3576K(37568K), 0.0030450 secs] 196064K->167553K(902100K), 0.0030870 secs] [Times: user=0.03 sys=0.00, real=0.00 secs] 
267.882: Total time for which application threads were stopped: 0.0032360 seconds, Stopping threads took: 0.0000750 seconds
267.892: Application time: 0.0095840 seconds
267.892: [GC267.892: [ParNew: 36370K->3570K(37568K), 0.0028740 secs] 200347K->170398K(902100K), 0.0029170 secs] [Times: user=0.02 sys=0.00, real=0.01 secs] 
267.895: Total time for which application threads were stopped: 0.0030940 seconds, Stopping threads took: 0.0001060 seconds
267.972: Application time: 0.0771140 seconds
267.972: [GC267.972: [ParNew: 36372K->3570K(37568K), 0.0056230 secs] 203199K->183936K(902100K), 0.0056670 secs] [Times: user=0.04 sys=0.00, real=0.01 secs] 
267.978: Total time for which application threads were stopped: 0.0058350 seconds, Stopping threads took: 0.0000940 seconds
268.014: Application time: 0.0358620 seconds
268.014: [GC268.014: [ParNew: 36388K->3602K(37568K), 0.0031850 secs] 216753K->188244K(902100K), 0.0032310 secs] [Times: user=0.02 sys=0.00, real=0.01 secs] 
268.017: Total time for which application threads were stopped: 0.0034550 seconds, Stopping threads took: 0.0001340 seconds
268.029: Application time: 0.0113070 seconds
268.029: [GC268.029: [ParNew: 36397K->1439K(37568K), 0.0019610 secs] 221038K->188246K(902100K), 0.0020110 secs] [Times: user=0.01 sys=0.00, real=0.00 secs] 
268.031: Total time for which application threads were stopped: 0.0021900 seconds, Stopping threads took: 0.0001080 seconds
268.044: Application time: 0.0133330 seconds
268.044: [GC268.044: [ParNew: 34225K->3570K(37568K), 0.0025280 secs] 221032K->192515K(902100K), 0.0025700 secs] [Times: user=0.02 sys=0.00, real=0.00 secs] 
268.047: Total time for which application threads were stopped: 0.0027170 seconds, Stopping threads took: 0.0000730 seconds
268.055: Application time: 0.0079460 seconds
268.055: [GC268.055: [ParNew: 36363K->3566K(37568K), 0.0028280 secs] 225308K->195362K(902100K), 0.0028690 secs] [Times: user=0.02 sys=0.00, real=0.00 secs] 
268.058: Total time for which application threads were stopped: 0.0030200 seconds, Stopping threads took: 0.0000780 seconds
268.138: Application time: 0.0800750 seconds
268.138: [GC268.138: [ParNew: 36409K->3606K(37568K), 0.0058770 secs] 228204K->209652K(902100K), 0.0059190 secs] [Times: user=0.05 sys=0.00, real=0.01 secs] 
268.144: Total time for which application threads were stopped: 0.0060740 seconds, Stopping threads took: 0.0000810 seconds
268.161: Application time: 0.0168550 seconds
268.161: [GC268.161: [ParNew: 36394K->3566K(37568K), 0.0034480 secs] 242440K->214630K(902100K), 0.0034910 secs] [Times: user=0.03 sys=0.00, real=0.01 secs] 
268.165: Total time for which application threads were stopped: 0.0036720 seconds, Stopping threads took: 0.0001050 seconds
268.178: Application time: 0.0130020 seconds
268.178: [GC268.178: [ParNew: 36353K->1437K(37568K), 0.0022560 secs] 247416K->215350K(902100K), 0.0022950 secs] [Times: user=0.02 sys=0.00, real=0.00 secs] 
268.180: Total time for which application threads were stopped: 0.0024610 seconds, Stopping threads took: 0.0000900 seconds
268.192: Application time: 0.0120380 seconds
268.192: [GC268.192: [ParNew: 34229K->2860K(37568K), 0.0017510 secs] 248143K->216774K(902100K), 0.0017870 secs] [Times: user=0.01 sys=0.00, real=0.00 secs] 
268.194: Total time for which application threads were stopped: 0.0019290 seconds, Stopping threads took: 0.0000670 seconds
268.229: Application time: 0.0349730 seconds
268.229: [GC268.229: [ParNew: 35660K->3576K(37568K), 0.0053330 secs] 249574K->224615K(902100K), 0.0053810 secs] [Times: user=0.04 sys=0.00, real=0.00 secs] 
268.235: Total time for which application threads were stopped: 0.0055220 seconds, Stopping threads took: 0.0000680 seconds
268.384: Application time: 0.1496360 seconds
268.384: [GC268.384: [ParNew: 36368K->3562K(37568K), 0.0050780 secs] 257407K->236715K(902100K), 0.0051200 secs] [Times: user=0.04 sys=0.00, real=0.00 secs] 
268.389: Total time for which application threads were stopped: 0.0052610 seconds, Stopping threads took: 0.0000690 seconds
268.529: Application time: 0.1391130 seconds
268.529: [GC268.529: [ParNew: 36360K->3572K(37568K), 0.0053480 secs] 269513K->249550K(902100K), 0.0053920 secs] [Times: user=0.04 sys=0.00, real=0.00 secs] 
268.534: Total time for which application threads were stopped: 0.0055620 seconds, Stopping threads took: 0.0000870 seconds
268.682: Application time: 0.1479230 seconds
268.682: [GC268.682: [ParNew: 36364K->3564K(37568K), 0.0051640 secs] 282342K->261656K(902100K), 0.0052110 secs] [Times: user=0.04 sys=0.00, real=0.01 secs] 
268.687: Total time for which application threads were stopped: 0.0053770 seconds, Stopping threads took: 0.0000930 seconds
268.831: Application time: 0.1431970 seconds
268.831: [GC268.831: [ParNew: 36380K->3576K(37568K), 0.0052990 secs] 294471K->274493K(902100K), 0.0053430 secs] [Times: user=0.04 sys=0.00, real=0.01 secs] 
268.836: Total time for which application threads were stopped: 0.0054670 seconds, Stopping threads took: 0.0000550 seconds
268.979: Application time: 0.1426540 seconds
268.979: [GC268.979: [ParNew: 36377K->3568K(37568K), 0.0055870 secs] 307293K->288025K(902100K), 0.0056300 secs] [Times: user=0.04 sys=0.00, real=0.01 secs] 
268.985: Total time for which application threads were stopped: 0.0058060 seconds, Stopping threads took: 0.0001030 seconds
269.109: Application time: 0.1248220 seconds
269.110: [GC269.110: [ParNew: 36377K->3574K(37568K), 0.0057430 secs] 320835K->302283K(902100K), 0.0057970 secs] [Times: user=0.05 sys=0.00, real=0.01 secs] 
269.115: Total time for which application threads were stopped: 0.0059660 seconds, Stopping threads took: 0.0000890 seconds
269.256: Application time: 0.1408780 seconds
269.256: [GC269.256: [ParNew: 36375K->3570K(37568K), 0.0052820 secs] 335083K->315106K(902100K), 0.0053250 secs] [Times: user=0.04 sys=0.00, real=0.00 secs] 
269.262: Total time for which application threads were stopped: 0.0054460 seconds, Stopping threads took: 0.0000580 seconds
269.381: Application time: 0.1189490 seconds
269.381: [GC269.381: [ParNew: 36363K->3564K(37568K), 0.0051310 secs] 347898K->327214K(902100K), 0.0051740 secs] [Times: user=0.03 sys=0.00, real=0.01 secs] 
269.386: Total time for which application threads were stopped: 0.0053190 seconds, Stopping threads took: 0.0000700 seconds
269.514: Application time: 0.1285580 seconds
269.515: [GC269.515: [ParNew: 36365K->3570K(37568K), 0.0056720 secs] 360015K->340045K(902100K), 0.0057150 secs] [Times: user=0.04 sys=0.01, real=0.01 secs] 
269.520: Total time for which application threads were stopped: 0.0058610 seconds, Stopping threads took: 0.0000740 seconds
269.662: Application time: 0.1417020 seconds
269.662: [GC269.662: [ParNew: 36371K->3572K(37568K), 0.0050500 secs] 372846K->352161K(902100K), 0.0050920 secs] [Times: user=0.04 sys=0.00, real=0.01 secs] 
269.667: Total time for which application threads were stopped: 0.0052680 seconds, Stopping threads took: 0.0000930 seconds
269.758: Application time: 0.0910140 seconds
269.758: [GC269.758: [ParNew: 36389K->3576K(37568K), 0.0053750 secs] 384978K->364992K(902100K), 0.0054170 secs] [Times: user=0.05 sys=0.00, real=0.01 secs] 
269.764: Total time for which application threads were stopped: 0.0055530 seconds, Stopping threads took: 0.0000670 seconds
269.905: Application time: 0.1415150 seconds
269.906: [GC269.906: [ParNew: 36370K->3564K(37568K), 0.0053960 secs] 397785K->377096K(902100K), 0.0054390 secs] [Times: user=0.04 sys=0.00, real=0.00 secs] 
269.911: Total time for which application threads were stopped: 0.0055720 seconds, Stopping threads took: 0.0000620 seconds
270.032: Application time: 0.1209150 seconds
270.032: [GC270.032: [ParNew: 36375K->3574K(37568K), 0.0055240 secs] 409907K->390645K(902100K), 0.0055660 secs] [Times: user=0.04 sys=0.00, real=0.01 secs] 
270.038: Total time for which application threads were stopped: 0.0057080 seconds, Stopping threads took: 0.0000720 seconds
270.138: Application time: 0.1004520 seconds
270.138: [GC270.138: [ParNew: 36377K->3572K(37568K), 0.0054770 secs] 423447K->403470K(902100K), 0.0055220 secs] [Times: user=0.04 sys=0.00, real=0.01 secs] 
270.144: Total time for which application threads were stopped: 0.0056550 seconds, Stopping threads took: 0.0000610 seconds
270.239: Application time: 0.0952950 seconds
270.239: [GC270.239: [ParNew: 36366K->3564K(37568K), 0.0051560 secs] 436264K->415577K(902100K), 0.0051980 secs] [Times: user=0.03 sys=0.00, real=0.01 secs] 
270.244: Total time for which application threads were stopped: 0.0053500 seconds, Stopping threads took: 0.0000710 seconds
270.375: Application time: 0.1308880 seconds
270.375: [GC270.375: [ParNew: 36358K->3562K(37568K), 0.0054460 secs] 448371K->428401K(902100K), 0.0054900 secs] [Times: user=0.05 sys=0.00, real=0.00 secs] 
270.381: Total time for which application threads were stopped: 0.0056230 seconds, Stopping threads took: 0.0000610 seconds
270.481: Application time: 0.0997000 seconds
270.481: [GC270.481: [ParNew: 36365K->3572K(37568K), 0.0053240 secs] 461204K->441238K(902100K), 0.0053680 secs] [Times: user=0.05 sys=0.00, real=0.01 secs] 
270.486: Total time for which application threads were stopped: 0.0055350 seconds, Stopping threads took: 0.0000910 seconds
270.590: Application time: 0.1040640 seconds
270.590: [GC270.590: [ParNew: 36367K->3562K(37568K), 0.0056530 secs] 474032K->454055K(902100K), 0.0056970 secs] [Times: user=0.04 sys=0.00, real=0.01 secs] 
270.596: Total time for which application threads were stopped: 0.0058590 seconds, Stopping threads took: 0.0000770 seconds
270.705: Application time: 0.1088370 seconds
270.705: [GC270.705: [ParNew: 36372K->3572K(37568K), 0.0053400 secs] 486865K->466891K(902100K), 0.0053840 secs] [Times: user=0.04 sys=0.00, real=0.00 secs] 
270.710: Total time for which application threads were stopped: 0.0055170 seconds, Stopping threads took: 0.0000610 seconds
270.758: Application time: 0.0475180 seconds
270.758: [GC270.758: [ParNew: 36401K->3604K(37568K), 0.0042070 secs] 499720K->474763K(902100K), 0.0042530 secs] [Times: user=0.04 sys=0.00, real=0.00 secs] 
270.762: Total time for which application threads were stopped: 0.0044190 seconds, Stopping threads took: 0.0000730 seconds
270.774: Application time: 0.0121270 seconds
270.775: [GC270.775: [ParNew: 36399K->722K(37568K), 0.0020070 secs] 507558K->474761K(902100K), 0.0020440 secs] [Times: user=0.01 sys=0.00, real=0.01 secs] 
270.777: Total time for which application threads were stopped: 0.0022280 seconds, Stopping threads took: 0.0001110 seconds
270.789: Application time: 0.0121510 seconds
270.789: [GC270.789: [ParNew: 33509K->3573K(37568K), 0.0030430 secs] 507548K->481174K(902100K), 0.0030840 secs] [Times: user=0.02 sys=0.00, real=0.00 secs] 
270.792: Total time for which application threads were stopped: 0.0032330 seconds, Stopping threads took: 0.0000750 seconds
270.802: Application time: 0.0094430 seconds
270.802: [GC270.802: [ParNew: 36368K->3568K(37568K), 0.0032270 secs] 513970K->485446K(902100K), 0.0032700 secs] [Times: user=0.03 sys=0.00, real=0.01 secs] 
270.805: Total time for which application threads were stopped: 0.0034430 seconds, Stopping threads took: 0.0000950 seconds
270.871: Application time: 0.0659270 seconds
270.871: [GC270.871: [ParNew: 36806K->3612K(37568K), 0.0046120 secs] 518683K->495465K(902100K), 0.0046540 secs] [Times: user=0.03 sys=0.00, real=0.01 secs] 
270.876: Total time for which application threads were stopped: 0.0047930 seconds, Stopping threads took: 0.0000650 seconds
270.902: Application time: 0.0260450 seconds
270.902: [GC270.902: [ParNew: 36716K->3576K(37568K), 0.0036250 secs] 528570K->501160K(902100K), 0.0036680 secs] [Times: user=0.03 sys=0.00, real=0.01 secs] 
270.906: Total time for which application threads were stopped: 0.0038240 seconds, Stopping threads took: 0.0000820 seconds
270.916: Application time: 0.0102010 seconds
270.916: [GC270.916: [ParNew: 36373K->3572K(37568K), 0.0025870 secs] 533956K->503294K(902100K), 0.0026250 secs] [Times: user=0.01 sys=0.00, real=0.00 secs] 
270.919: Total time for which application threads were stopped: 0.0028130 seconds, Stopping threads took: 0.0001140 seconds
270.933: Application time: 0.0139200 seconds
270.933: [GC270.933: [ParNew: 36357K->2850K(37568K), 0.0026680 secs] 536078K->505423K(902100K), 0.0027110 secs] [Times: user=0.02 sys=0.00, real=0.01 secs] 
270.935: Total time for which application threads were stopped: 0.0028700 seconds, Stopping threads took: 0.0000840 seconds
270.943: Application time: 0.0078810 seconds
270.943: [GC270.943: [ParNew: 35641K->1433K(37568K), 0.0020860 secs] 538214K->506144K(902100K), 0.0021250 secs] [Times: user=0.01 sys=0.00, real=0.00 secs] 
270.946: Total time for which application threads were stopped: 0.0022990 seconds, Stopping threads took: 0.0001000 seconds
271.042: Application time: 0.0960990 seconds
271.042: [GC271.042: [ParNew: 34235K->3576K(37568K), 0.0055710 secs] 538946K->521113K(902100K), 0.0056120 secs] [Times: user=0.04 sys=0.00, real=0.01 secs] 
271.047: Total time for which application threads were stopped: 0.0057440 seconds, Stopping threads took: 0.0000590 seconds
271.157: Application time: 0.1099630 seconds
271.158: [GC271.158: [ParNew: 36379K->3572K(37568K), 0.0054130 secs] 553916K->533936K(902100K), 0.0054540 secs] [Times: user=0.04 sys=0.00, real=0.01 secs] 
271.163: Total time for which application threads were stopped: 0.0056160 seconds, Stopping threads took: 0.0000820 seconds
271.277: Application time: 0.1136200 seconds
271.277: [GC271.277: [ParNew: 36366K->3562K(37568K), 0.0051400 secs] 566730K->546041K(902100K), 0.0051900 secs] [Times: user=0.04 sys=0.00, real=0.00 secs] 
271.282: Total time for which application threads were stopped: 0.0053590 seconds, Stopping threads took: 0.0000850 seconds
271.356: Application time: 0.0740790 seconds
271.356: [GC271.356: [ParNew: 36391K->3606K(37568K), 0.0053660 secs] 578869K->558198K(902100K), 0.0054090 secs] [Times: user=0.03 sys=0.00, real=0.00 secs] 
271.362: Total time for which application threads were stopped: 0.0055900 seconds, Stopping threads took: 0.0001080 seconds
271.374: Application time: 0.0124360 seconds
271.374: [GC271.374: [ParNew: 36392K->3568K(37568K), 0.0029240 secs] 590984K->561039K(902100K), 0.0029710 secs] [Times: user=0.03 sys=0.00, real=0.01 secs] 
271.377: Total time for which application threads were stopped: 0.0031780 seconds, Stopping threads took: 0.0001290 seconds
271.391: Application time: 0.0138540 seconds
271.391: [GC271.391: [ParNew: 36358K->3572K(37568K), 0.0026990 secs] 593828K->563180K(902100K), 0.0027440 secs] [Times: user=0.01 sys=0.00, real=0.00 secs] 
271.394: Total time for which application threads were stopped: 0.0029780 seconds, Stopping threads took: 0.0001560 seconds
271.405: Application time: 0.0107630 seconds
271.405: [GC271.405: [ParNew: 36365K->2145K(37568K), 0.0024570 secs] 595973K->564604K(902100K), 0.0025000 secs] [Times: user=0.01 sys=0.00, real=0.00 secs] 
271.408: Total time for which application threads were stopped: 0.0026870 seconds, Stopping threads took: 0.0001100 seconds
271.450: Application time: 0.0425420 seconds
271.450: [GC271.450: [ParNew: 34945K->3574K(37568K), 0.0045180 secs] 597403K->576008K(902100K), 0.0045690 secs] [Times: user=0.03 sys=0.01, real=0.01 secs] 
271.455: Total time for which application threads were stopped: 0.0047000 seconds, Stopping threads took: 0.0000630 seconds
271.575: Application time: 0.1199790 seconds
271.575: [GC271.575: [ParNew: 36367K->3564K(37568K), 0.0050960 secs] 608801K->588112K(902100K), 0.0051390 secs] [Times: user=0.04 sys=0.00, real=0.00 secs] 
271.580: Total time for which application threads were stopped: 0.0052780 seconds, Stopping threads took: 0.0000660 seconds
271.630: Application time: 0.0502790 seconds
271.630: [GC271.631: [ParNew: 36384K->3600K(37568K), 0.0037730 secs] 620932K->594561K(902100K), 0.0038180 secs] [Times: user=0.03 sys=0.00, real=0.00 secs] 
271.634: Total time for which application threads were stopped: 0.0039780 seconds, Stopping threads took: 0.0000850 seconds
271.644: Application time: 0.0100680 seconds
271.645: [GC271.645: [ParNew: 36390K->3566K(37568K), 0.0024740 secs] 627351K->596693K(902100K), 0.0025160 secs] [Times: user=0.02 sys=0.00, real=0.00 secs] 
271.647: Total time for which application threads were stopped: 0.0026780 seconds, Stopping threads took: 0.0000890 seconds
271.661: Application time: 0.0134710 seconds
271.661: [GC271.661: [ParNew: 36361K->3570K(37568K), 0.0031860 secs] 629488K->600972K(902100K), 0.0032280 secs] [Times: user=0.03 sys=0.00, real=0.01 secs] 
271.664: Total time for which application threads were stopped: 0.0034510 seconds, Stopping threads took: 0.0001280 seconds
271.672: Application time: 0.0083130 seconds
271.672: [GC271.673: [ParNew: 36366K->3570K(37568K), 0.0035010 secs] 633768K->605960K(902100K), 0.0035470 secs] [Times: user=0.03 sys=0.00, real=0.01 secs] 
271.676: Total time for which application threads were stopped: 0.0037420 seconds, Stopping threads took: 0.0001180 seconds
271.695: Application time: 0.0193230 seconds
271.696: [GC271.696: [ParNew: 36397K->3606K(37568K), 0.0034530 secs] 638787K->610984K(902100K), 0.0034960 secs] [Times: user=0.03 sys=0.00, real=0.00 secs] 
271.699: Total time for which application threads were stopped: 0.0036510 seconds, Stopping threads took: 0.0000810 seconds
271.711: Application time: 0.0123180 seconds
271.712: [GC271.712: [ParNew: 36392K->1431K(37568K), 0.0020350 secs] 643770K->610975K(902100K), 0.0020740 secs] [Times: user=0.02 sys=0.00, real=0.00 secs] 
271.714: Total time for which application threads were stopped: 0.0022600 seconds, Stopping threads took: 0.0001020 seconds
271.729: Application time: 0.0150480 seconds
271.729: [GC271.729: [ParNew: 34221K->2862K(37568K), 0.0017350 secs] 643766K->612407K(902100K), 0.0017720 secs] [Times: user=0.01 sys=0.00, real=0.00 secs] 
271.731: Total time for which application threads were stopped: 0.0019430 seconds, Stopping threads took: 0.0000990 seconds
271.740: Application time: 0.0092480 seconds
271.740: [GC271.740: [ParNew: 35658K->3572K(37568K), 0.0030440 secs] 645202K->616680K(902100K), 0.0030880 secs] [Times: user=0.02 sys=0.00, real=0.01 secs] 
271.743: Total time for which application threads were stopped: 0.0032590 seconds, Stopping threads took: 0.0000960 seconds
271.772: Application time: 0.0292990 seconds
271.773: [GC271.773: [ParNew: 36409K->3606K(37568K), 0.0051140 secs] 649517K->628114K(902100K), 0.0051540 secs] [Times: user=0.04 sys=0.00, real=0.01 secs] 
271.778: Total time for which application threads were stopped: 0.0053260 seconds, Stopping threads took: 0.0001000 seconds
271.792: Application time: 0.0146680 seconds
271.793: [GC271.793: [ParNew: 36390K->1431K(37568K), 0.0024530 secs] 660898K->629531K(902100K), 0.0024940 secs] [Times: user=0.02 sys=0.00, real=0.01 secs] 
271.795: Total time for which application threads were stopped: 0.0026520 seconds, Stopping threads took: 0.0000700 seconds
271.809: Application time: 0.0139720 seconds
271.809: [GC271.809: [ParNew: 34218K->1437K(37568K), 0.0012980 secs] 662319K->629538K(902100K), 0.0013310 secs] [Times: user=0.01 sys=0.00, real=0.00 secs] 
271.811: Total time for which application threads were stopped: 0.0014830 seconds, Stopping threads took: 0.0000830 seconds
271.821: Application time: 0.0105840 seconds
271.821: [GC271.821: [ParNew: 34233K->3576K(37568K), 0.0030100 secs] 662333K->635240K(902100K), 0.0030520 secs] [Times: user=0.02 sys=0.00, real=0.01 secs] 
271.824: Total time for which application threads were stopped: 0.0032250 seconds, Stopping threads took: 0.0000970 seconds
271.850: Application time: 0.0260020 seconds
271.850: [GC271.851: [ParNew: 36375K->3576K(37568K), 0.0041180 secs] 668038K->643790K(902100K), 0.0041630 secs] [Times: user=0.03 sys=0.00, real=0.00 secs] 
271.855: Total time for which application threads were stopped: 0.0043160 seconds, Stopping threads took: 0.0000870 seconds
271.933: Application time: 0.0778390 seconds
271.933: [GC271.933: [ParNew: 36410K->3602K(37568K), 0.0056170 secs] 676624K->657355K(902100K), 0.0056610 secs] [Times: user=0.05 sys=0.00, real=0.01 secs] 
271.938: Total time for which application threads were stopped: 0.0058210 seconds, Stopping threads took: 0.0000880 seconds
271.951: Application time: 0.0128290 seconds
271.951: [GC271.951: [ParNew: 36388K->1431K(37568K), 0.0024180 secs] 690141K->658063K(902100K), 0.0024560 secs] [Times: user=0.01 sys=0.00, real=0.00 secs] 
271.954: Total time for which application threads were stopped: 0.0026060 seconds, Stopping threads took: 0.0000760 seconds
271.969: Application time: 0.0149820 seconds
271.969: [GC271.969: [ParNew: 34219K->1437K(37568K), 0.0014200 secs] 690851K->658069K(902100K), 0.0014550 secs] [Times: user=0.01 sys=0.00, real=0.00 secs] 
271.970: Total time for which application threads were stopped: 0.0016250 seconds, Stopping threads took: 0.0001000 seconds
271.980: Application time: 0.0096000 seconds
271.980: [GC271.980: [ParNew: 34229K->2862K(37568K), 0.0017890 secs] 690861K->659494K(902100K), 0.0018260 secs] [Times: user=0.02 sys=0.00, real=0.00 secs] 
271.982: Total time for which application threads were stopped: 0.0020020 seconds, Stopping threads took: 0.0001040 seconds
272.061: Application time: 0.0788340 seconds
272.061: [GC272.061: [ParNew: 35663K->3570K(37568K), 0.0053500 secs] 692295K->673028K(902100K), 0.0053920 secs] [Times: user=0.04 sys=0.00, real=0.01 secs] 
272.066: Total time for which application threads were stopped: 0.0055190 seconds, Stopping threads took: 0.0000560 seconds
272.092: Application time: 0.0253610 seconds
272.092: [GC272.093: [ParNew: 36390K->3604K(37568K), 0.0035540 secs] 705847K->678763K(902100K), 0.0036080 secs] [Times: user=0.03 sys=0.00, real=0.01 secs] 
272.096: Total time for which application threads were stopped: 0.0043970 seconds, Stopping threads took: 0.0007150 seconds
272.106: Application time: 0.0099480 seconds
272.106: [GC272.106: [ParNew: 36402K->3568K(37568K), 0.0034480 secs] 711561K->684455K(902100K), 0.0034900 secs] [Times: user=0.02 sys=0.00, real=0.00 secs] 
272.110: Total time for which application threads were stopped: 0.0036720 seconds, Stopping threads took: 0.0001070 seconds
272.125: Application time: 0.0150160 seconds
272.125: [GC272.125: [ParNew: 36352K->712K(37568K), 0.0021880 secs] 717239K->685163K(902100K), 0.0022290 secs] [Times: user=0.02 sys=0.00, real=0.00 secs] 
272.127: Total time for which application threads were stopped: 0.0024000 seconds, Stopping threads took: 0.0000950 seconds
272.135: Application time: 0.0078130 seconds
272.135: [GC272.135: [ParNew: 33503K->1437K(37568K), 0.0013460 secs] 717954K->685888K(902100K), 0.0013790 secs] [Times: user=0.01 sys=0.00, real=0.00 secs] 
272.136: Total time for which application threads were stopped: 0.0015270 seconds, Stopping threads took: 0.0000780 seconds
272.259: Application time: 0.1228250 seconds
272.259: [GC272.259: [ParNew: 34237K->3574K(37568K), 0.0053480 secs] 718688K->700850K(902100K), 0.0053910 secs] [Times: user=0.04 sys=0.00, real=0.01 secs] 
272.265: Total time for which application threads were stopped: 0.0055440 seconds, Stopping threads took: 0.0000840 seconds
272.415: Application time: 0.1502460 seconds
272.415: [GC272.415: [ParNew: 36372K->3568K(37568K), 0.0047070 secs] 733648K->711533K(902100K), 0.0047490 secs] [Times: user=0.04 sys=0.00, real=0.00 secs] 
272.420: Total time for which application threads were stopped: 0.0049840 seconds, Stopping threads took: 0.0001510 seconds
272.566: Application time: 0.1455300 seconds
272.566: [GC272.566: [ParNew: 36360K->3562K(37568K), 0.0053420 secs] 744325K->724353K(902100K), 0.0053880 secs] [Times: user=0.04 sys=0.00, real=0.00 secs] 
272.571: Total time for which application threads were stopped: 0.0055190 seconds, Stopping threads took: 0.0000600 seconds
272.721: Application time: 0.1499550 seconds
272.721: [GC272.721: [ParNew: 36362K->3574K(37568K), 0.0052970 secs] 757153K->737190K(902100K), 0.0053390 secs] [Times: user=0.04 sys=0.00, real=0.01 secs] 
272.727: Total time for which application threads were stopped: 0.0054670 seconds, Stopping threads took: 0.0000590 seconds
272.835: Application time: 0.1086130 seconds
272.835: [GC272.835: [ParNew: 36390K->3578K(37568K), 0.0056470 secs] 770006K->751446K(902100K), 0.0056830 secs] [Times: user=0.03 sys=0.00, real=0.00 secs] 
272.841: Total time for which application threads were stopped: 0.0058380 seconds, Stopping threads took: 0.0000840 seconds
272.977: Application time: 0.1358560 seconds
272.977: [GC272.977: [ParNew: 36385K->3568K(37568K), 0.0056180 secs] 784253K->764976K(902100K), 0.0056610 secs] [Times: user=0.05 sys=0.00, real=0.00 secs] 
272.983: Total time for which application threads were stopped: 0.0058300 seconds, Stopping threads took: 0.0000830 seconds
273.129: Application time: 0.1463090 seconds
273.129: [GC273.129: [ParNew: 36369K->3568K(37568K), 0.0054190 secs] 797777K->777803K(902100K), 0.0054630 secs] [Times: user=0.04 sys=0.00, real=0.00 secs] 
273.135: Total time for which application threads were stopped: 0.0056120 seconds, Stopping threads took: 0.0000740 seconds
273.282: Application time: 0.1469040 seconds
273.282: [GC273.282: [ParNew: 36361K->3564K(37568K), 0.0050910 secs] 810596K->789913K(902100K), 0.0051410 secs] [Times: user=0.04 sys=0.00, real=0.01 secs] 
273.287: Total time for which application threads were stopped: 0.0052760 seconds, Stopping threads took: 0.0000610 seconds
273.376: Application time: 0.0889260 seconds
273.376: [GC273.376: [ParNew: 36366K->3572K(37568K), 0.0057010 secs] 822714K->803459K(902100K), 0.0057430 secs] [Times: user=0.05 sys=0.00, real=0.00 secs] 
273.382: Total time for which application threads were stopped: 0.0059050 seconds, Stopping threads took: 0.0000780 seconds
273.382: Application time: 0.0000650 seconds
273.382: [GC [1 CMS-initial-mark: 799886K(864532K)] 804172K(902100K), 0.0001290 secs] [Times: user=0.00 sys=0.00, real=0.00 secs] 
273.382: Total time for which application threads were stopped: 0.0002490 seconds, Stopping threads took: 0.0000970 seconds
273.382: [CMS-concurrent-mark-start]
273.398: [CMS-concurrent-mark: 0.016/0.016 secs] [Times: user=0.10 sys=0.00, real=0.02 secs] 
273.398: [CMS-concurrent-preclean-start]
273.399: [CMS-concurrent-preclean: 0.001/0.001 secs] [Times: user=0.03 sys=0.00, real=0.00 secs] 
273.399: Application time: 0.0172070 seconds
273.403: [GC[YG occupancy: 4285 K (37568 K)]273.403: [Rescan (parallel) , 0.0003510 secs]273.403: [weak refs processing, 0.0000060 secs]273.403: [scrub string table, 0.0001160 secs] [1 CMS-remark: 799886K(864532K)] 804172K(902100K), 0.0004930 secs] [Times: user=0.01 sys=0.00, real=0.00 secs] 
273.403: Total time for which application threads were stopped: 0.0041600 seconds, Stopping threads took: 0.0036390 seconds
273.403: [CMS-concurrent-sweep-start]
273.405: [CMS-concurrent-sweep: 0.002/0.002 secs] [Times: user=0.00 sys=0.00, real=0.00 secs] 
273.405: [CMS-concurrent-reset-start]
273.406: [CMS-concurrent-reset: 0.001/0.001 secs] [Times: user=0.00 sys=0.00, real=0.00 secs] 
273.528: Application time: 0.1250160 seconds
273.528: [GC273.529: [ParNew: 36365K->3562K(37568K), 0.0052260 secs] 61984K->41295K(902100K), 0.0052730 secs] [Times: user=0.04 sys=0.00, real=0.00 secs] 
273.534: Total time for which application threads were stopped: 0.0054200 seconds, Stopping threads took: 0.0000600 seconds
273.672: Application time: 0.1378190 seconds
273.672: [GC273.672: [ParNew: 36364K->3570K(37568K), 0.0053290 secs] 74097K->54129K(902100K), 0.0053710 secs] [Times: user=0.04 sys=0.00, real=0.01 secs] 
273.677: Total time for which application threads were stopped: 0.0055360 seconds, Stopping threads took: 0.0000900 seconds
273.768: Application time: 0.0909240 seconds
273.768: [GC273.768: [ParNew: 36389K->3574K(37568K), 0.0057540 secs] 86948K->68385K(902100K), 0.0057970 secs] [Times: user=0.05 sys=0.00, real=0.00 secs] 
273.774: Total time for which application threads were stopped: 0.0059550 seconds, Stopping threads took: 0.0000910 seconds
273.911: Application time: 0.1374620 seconds
273.912: [GC273.912: [ParNew: 36385K->3576K(37568K), 0.0053620 secs] 101196K->81216K(902100K), 0.0054060 secs] [Times: user=0.04 sys=0.00, real=0.01 secs] 
273.917: Total time for which application threads were stopped: 0.0055420 seconds, Stopping threads took: 0.0000660 seconds
274.010: Application time: 0.0925200 seconds
274.010: [GC274.010: [ParNew: 36379K->3568K(37568K), 0.0051460 secs] 114018K->93323K(902100K), 0.0051870 secs] [Times: user=0.04 sys=0.00, real=0.01 secs] 
274.015: Total time for which application threads were stopped: 0.0053290 seconds, Stopping threads took: 0.0000730 seconds
274.140: Application time: 0.1247930 seconds
274.140: [GC274.140: [ParNew: 36362K->3562K(37568K), 0.0050620 secs] 126117K->105432K(902100K), 0.0051040 secs] [Times: user=0.04 sys=0.00, real=0.01 secs] 
274.145: Total time for which application threads were stopped: 0.0052420 seconds, Stopping threads took: 0.0000550 seconds
274.243: Application time: 0.0977750 seconds
274.243: [GC274.243: [ParNew: 36363K->3568K(37568K), 0.0050800 secs] 138232K->117551K(902100K), 0.0051230 secs] [Times: user=0.04 sys=0.00, real=0.00 secs] 
274.248: Total time for which application threads were stopped: 0.0052660 seconds, Stopping threads took: 0.0000730 seconds
274.370: Application time: 0.1221390 seconds
274.370: [GC274.370: [ParNew: 36363K->3562K(37568K), 0.0051070 secs] 150346K->129660K(902100K), 0.0051550 secs] [Times: user=0.04 sys=0.00, real=0.01 secs] 
274.375: Total time for which application threads were stopped: 0.0052970 seconds, Stopping threads took: 0.0000720 seconds
274.471: Application time: 0.0951240 seconds
274.471: [GC274.471: [ParNew: 36357K->3562K(37568K), 0.0050790 secs] 162454K->141774K(902100K), 0.0051310 secs] [Times: user=0.03 sys=0.00, real=0.01 secs] 
274.476: Total time for which application threads were stopped: 0.0052660 seconds, Stopping threads took: 0.0000610 seconds
274.571: Application time: 0.0956470 seconds
274.572: [GC274.572: [ParNew: 36363K->3568K(37568K), 0.0054250 secs] 174575K->154606K(902100K), 0.0054710 secs] [Times: user=0.04 sys=0.00, real=0.01 secs] 
274.577: Total time for which application threads were stopped: 0.0056060 seconds, Stopping threads took: 0.0000600 seconds
274.651: Application time: 0.0735240 seconds
274.651: [GC274.651: [ParNew: 36404K->3604K(37568K), 0.0051780 secs] 187442K->166757K(902100K), 0.0052220 secs] [Times: user=0.04 sys=0.00, real=0.01 secs] 
274.656: Total time for which application threads were stopped: 0.0055100 seconds, Stopping threads took: 0.0002020 seconds
274.669: Application time: 0.0131770 seconds
274.669: [GC274.670: [ParNew: 36391K->3566K(37568K), 0.0026640 secs] 199543K->168886K(902100K), 0.0027080 secs] [Times: user=0.02 sys=0.00, real=0.00 secs] 
274.672: Total time for which application threads were stopped: 0.0029260 seconds, Stopping threads took: 0.0001430 seconds
274.686: Application time: 0.0136690 seconds
274.686: [GC274.686: [ParNew: 36354K->2145K(37568K), 0.0022130 secs] 201673K->169603K(902100K), 0.0022530 secs] [Times: user=0.01 sys=0.00, real=0.00 secs] 
274.688: Total time for which application threads were stopped: 0.0024320 seconds, Stopping threads took: 0.0001040 seconds
274.699: Application time: 0.0107350 seconds
274.699: [GC274.699: [ParNew: 34941K->3571K(37568K), 0.0022420 secs] 202399K->172453K(902100K), 0.0022840 secs] [Times: user=0.02 sys=0.00, real=0.00 secs] 
274.702: Total time for which application threads were stopped: 0.0025180 seconds, Stopping threads took: 0.0001610 seconds
274.743: Application time: 0.0417900 seconds
274.743: [GC274.744: [ParNew: 36378K->3574K(37568K), 0.0043770 secs] 205260K->181720K(902100K), 0.0044170 secs] [Times: user=0.03 sys=0.00, real=0.00 secs] 
274.748: Total time for which application threads were stopped: 0.0045640 seconds, Stopping threads took: 0.0000740 seconds
274.799: Application time: 0.0510470 seconds
274.799: [GC274.799: [ParNew: 36399K->3600K(37568K), 0.0046910 secs] 214545K->191724K(902100K), 0.0047340 secs] [Times: user=0.04 sys=0.00, real=0.01 secs] 
274.804: Total time for which application threads were stopped: 0.0049350 seconds, Stopping threads took: 0.0001270 seconds
274.815: Application time: 0.0108310 seconds
274.815: [GC274.815: [ParNew: 36389K->2147K(37568K), 0.0024620 secs] 224512K->193150K(902100K), 0.0025010 secs] [Times: user=0.02 sys=0.00, real=0.00 secs] 
274.817: Total time for which application threads were stopped: 0.0026750 seconds, Stopping threads took: 0.0001020 seconds
274.833: Application time: 0.0154530 seconds
274.833: [GC274.833: [ParNew: 34942K->3568K(37568K), 0.0027720 secs] 225945K->197421K(902100K), 0.0028140 secs] [Times: user=0.02 sys=0.00, real=0.01 secs] 
274.836: Total time for which application threads were stopped: 0.0031330 seconds, Stopping threads took: 0.0002440 seconds
274.845: Application time: 0.0089640 seconds
274.845: [GC274.845: [ParNew: 36371K->3569K(37568K), 0.0031710 secs] 230224K->201697K(902100K), 0.0032140 secs] [Times: user=0.02 sys=0.00, real=0.00 secs] 
274.848: Total time for which application threads were stopped: 0.0033810 seconds, Stopping threads took: 0.0000880 seconds
274.915: Application time: 0.0664890 seconds
274.915: [GC274.915: [ParNew: 36369K->3570K(37568K), 0.0050290 secs] 234497K->213101K(902100K), 0.0050690 secs] [Times: user=0.04 sys=0.00, real=0.00 secs] 
274.920: Total time for which application threads were stopped: 0.0052390 seconds, Stopping threads took: 0.0001030 seconds
275.042: Application time: 0.1216140 seconds
275.042: [GC275.042: [ParNew: 36373K->3570K(37568K), 0.0053340 secs] 245903K->225928K(902100K), 0.0053750 secs] [Times: user=0.04 sys=0.00, real=0.01 secs] 
275.047: Total time for which application threads were stopped: 0.0055090 seconds, Stopping threads took: 0.0000610 seconds
275.159: Application time: 0.1120650 seconds
275.159: [GC275.159: [ParNew: 36364K->3564K(37568K), 0.0051880 secs] 258722K->238036K(902100K), 0.0052420 secs] [Times: user=0.04 sys=0.00, real=0.01 secs] 
275.165: Total time for which application threads were stopped: 0.0054040 seconds, Stopping threads took: 0.0000850 seconds
275.227: Application time: 0.0622040 seconds
275.227: [GC275.227: [ParNew: 36391K->3604K(37568K), 0.0052130 secs] 270863K->248765K(902100K), 0.0052580 secs] [Times: user=0.03 sys=0.00, real=0.00 secs] 
275.232: Total time for which application threads were stopped: 0.0054000 seconds, Stopping threads took: 0.0000640 seconds
275.244: Application time: 0.0114100 seconds
275.244: [GC275.244: [ParNew: 36392K->2858K(37568K), 0.0025440 secs] 281553K->250897K(902100K), 0.0025860 secs] [Times: user=0.02 sys=0.00, real=0.00 secs] 
275.246: Total time for which application threads were stopped: 0.0027450 seconds, Stopping threads took: 0.0000840 seconds
275.258: Application time: 0.0119340 seconds
275.259: [GC275.259: [ParNew: 35651K->3574K(37568K), 0.0037110 secs] 283690K->258026K(902100K), 0.0037570 secs] [Times: user=0.03 sys=0.00, real=0.00 secs] 
275.262: Total time for which application threads were stopped: 0.0039060 seconds, Stopping threads took: 0.0000740 seconds
275.274: Application time: 0.0115330 seconds
275.274: [GC275.274: [ParNew: 36367K->1435K(37568K), 0.0021940 secs] 290819K->258737K(902100K), 0.0022380 secs] [Times: user=0.02 sys=0.00, real=0.01 secs] 
275.276: Total time for which application threads were stopped: 0.0023990 seconds, Stopping threads took: 0.0000860 seconds
275.331: Application time: 0.0548020 seconds
275.331: [GC275.331: [ParNew: 34237K->3570K(37568K), 0.0041670 secs] 291539K->269423K(902100K), 0.0042100 secs] [Times: user=0.03 sys=0.00, real=0.01 secs] 
275.336: Total time for which application threads were stopped: 0.0044780 seconds, Stopping threads took: 0.0001960 seconds
275.457: Application time: 0.1213810 seconds
275.457: [GC275.457: [ParNew: 36363K->3562K(37568K), 0.0051430 secs] 302216K->281529K(902100K), 0.0051880 secs] [Times: user=0.04 sys=0.00, real=0.00 secs] 
275.462: Total time for which application threads were stopped: 0.0053240 seconds, Stopping threads took: 0.0000610 seconds
275.525: Application time: 0.0631670 seconds
275.526: [GC275.526: [ParNew: 36388K->3602K(37568K), 0.0053790 secs] 314355K->293682K(902100K), 0.0054220 secs] [Times: user=0.04 sys=0.00, real=0.00 secs] 
275.531: Total time for which application threads were stopped: 0.0056040 seconds, Stopping threads took: 0.0001050 seconds
275.542: Application time: 0.0110620 seconds
275.542: [GC275.542: [ParNew: 36390K->3572K(37568K), 0.0033490 secs] 326470K->298668K(902100K), 0.0033910 secs] [Times: user=0.02 sys=0.00, real=0.01 secs] 
275.546: Total time for which application threads were stopped: 0.0035590 seconds, Stopping threads took: 0.0000940 seconds
275.560: Application time: 0.0144210 seconds
275.560: [GC275.560: [ParNew: 36362K->3576K(37568K), 0.0026050 secs] 331458K->300810K(902100K), 0.0026480 secs] [Times: user=0.02 sys=0.00, real=0.01 secs] 
275.563: Total time for which application threads were stopped: 0.0027940 seconds, Stopping threads took: 0.0000710 seconds
275.573: Application time: 0.0102010 seconds
275.573: [GC275.573: [ParNew: 36369K->1433K(37568K), 0.0023060 secs] 333602K->301517K(902100K), 0.0023470 secs] [Times: user=0.02 sys=0.00, real=0.01 secs] 
275.576: Total time for which application threads were stopped: 0.0025380 seconds, Stopping threads took: 0.0001150 seconds
275.632: Application time: 0.0562110 seconds
275.632: [GC275.632: [ParNew: 34234K->3574K(37568K), 0.0051240 secs] 334318K->315771K(902100K), 0.0051650 secs] [Times: user=0.04 sys=0.00, real=0.01 secs] 
275.637: Total time for which application threads were stopped: 0.0053100 seconds, Stopping threads took: 0.0000720 seconds
275.690: Application time: 0.0524130 seconds
275.690: [GC275.690: [ParNew: 36396K->3602K(37568K), 0.0041880 secs] 348593K->323638K(902100K), 0.0042310 secs] [Times: user=0.04 sys=0.00, real=0.00 secs] 
275.694: Total time for which application threads were stopped: 0.0044240 seconds, Stopping threads took: 0.0000980 seconds
275.705: Application time: 0.0113520 seconds
275.705: [GC275.705: [ParNew: 36398K->2862K(37568K), 0.0025190 secs] 356434K->325776K(902100K), 0.0025580 secs] [Times: user=0.02 sys=0.00, real=0.00 secs] 
275.708: Total time for which application threads were stopped: 0.0027210 seconds, Stopping threads took: 0.0000900 seconds
275.722: Application time: 0.0134730 seconds
275.722: [GC275.722: [ParNew: 35649K->3564K(37568K), 0.0027460 secs] 358563K->329330K(902100K), 0.0027880 secs] [Times: user=0.02 sys=0.00, real=0.01 secs] 
275.725: Total time for which application threads were stopped: 0.0029940 seconds, Stopping threads took: 0.0001320 seconds
275.733: Application time: 0.0088140 seconds
275.733: [GC275.733: [ParNew: 36325K->3615K(37568K), 0.0026460 secs] 362090K->331518K(902100K), 0.0026900 secs] [Times: user=0.02 sys=0.00, real=0.01 secs] 
275.736: Total time for which application threads were stopped: 0.0028550 seconds, Stopping threads took: 0.0000910 seconds
275.749: Application time: 0.0124810 seconds
275.749: [GC275.749: [ParNew: 36483K->3576K(37568K), 0.0034930 secs] 364386K->337208K(902100K), 0.0035350 secs] [Times: user=0.03 sys=0.00, real=0.00 secs] 
275.752: Total time for which application threads were stopped: 0.0036730 seconds, Stopping threads took: 0.0000630 seconds
275.763: Application time: 0.0110080 seconds
275.764: [GC275.764: [ParNew: 36362K->2141K(37568K), 0.0026130 secs] 369994K->338624K(902100K), 0.0026510 secs] [Times: user=0.01 sys=0.00, real=0.00 secs] 
275.766: Total time for which application threads were stopped: 0.0028490 seconds, Stopping threads took: 0.0001220 seconds
275.781: Application time: 0.0148650 seconds
275.781: [GC275.781: [ParNew: 34932K->3572K(37568K), 0.0024850 secs] 371415K->341481K(902100K), 0.0025290 secs] [Times: user=0.02 sys=0.00, real=0.01 secs] 
275.784: Total time for which application threads were stopped: 0.0027050 seconds, Stopping threads took: 0.0001000 seconds
275.794: Application time: 0.0097530 seconds
275.794: [GC275.794: [ParNew: 36364K->1437K(37568K), 0.0020950 secs] 374273K->341483K(902100K), 0.0021380 secs] [Times: user=0.01 sys=0.00, real=0.01 secs] 
275.796: Total time for which application threads were stopped: 0.0023020 seconds, Stopping threads took: 0.0000860 seconds
275.819: Application time: 0.0235730 seconds
275.820: [GC275.820: [ParNew: 34265K->3600K(37568K), 0.0032100 secs] 374311K->347921K(902100K), 0.0032600 secs] [Times: user=0.03 sys=0.00, real=0.01 secs] 
275.823: Total time for which application threads were stopped: 0.0034150 seconds, Stopping threads took: 0.0000760 seconds
275.834: Application time: 0.0108230 seconds
275.834: [GC275.834: [ParNew: 36388K->3570K(37568K), 0.0034170 secs] 380709K->352909K(902100K), 0.0034620 secs] [Times: user=0.03 sys=0.00, real=0.01 secs] 
275.837: Total time for which application threads were stopped: 0.0036200 seconds, Stopping threads took: 0.0000840 seconds
275.851: Application time: 0.0142180 seconds
275.852: [GC275.852: [ParNew: 36366K->3576K(37568K), 0.0027620 secs] 385705K->355765K(902100K), 0.0028030 secs] [Times: user=0.02 sys=0.00, real=0.00 secs] 
275.854: Total time for which application threads were stopped: 0.0029640 seconds, Stopping threads took: 0.0000850 seconds
275.865: Application time: 0.0102200 seconds
275.865: [GC275.865: [ParNew: 36369K->1431K(37568K), 0.0022570 secs] 388557K->356470K(902100K), 0.0022990 secs] [Times: user=0.02 sys=0.00, real=0.00 secs] 
275.867: Total time for which application threads were stopped: 0.0024730 seconds, Stopping threads took: 0.0001000 seconds
275.946: Application time: 0.0790140 seconds
275.946: [GC275.946: [ParNew: 34232K->3574K(37568K), 0.0052700 secs] 389271K->371439K(902100K), 0.0053150 secs] [Times: user=0.04 sys=0.00, real=0.00 secs] 
275.952: Total time for which application threads were stopped: 0.0054510 seconds, Stopping threads took: 0.0000610 seconds
275.981: Application time: 0.0294130 seconds
275.981: [GC275.981: [ParNew: 36398K->3604K(37568K), 0.0049020 secs] 404263K->382158K(902100K), 0.0049540 secs] [Times: user=0.04 sys=0.00, real=0.01 secs] 
275.986: Total time for which application threads were stopped: 0.0051130 seconds, Stopping threads took: 0.0000830 seconds
275.996: Application time: 0.0103480 seconds
275.997: [GC275.997: [ParNew: 36392K->3570K(37568K), 0.0029060 secs] 414946K->385002K(902100K), 0.0029480 secs] [Times: user=0.02 sys=0.00, real=0.00 secs] 
276.000: Total time for which application threads were stopped: 0.0031260 seconds, Stopping threads took: 0.0001040 seconds
276.015: Application time: 0.0148920 seconds
276.015: [GC276.015: [ParNew: 36361K->3572K(37568K), 0.0027280 secs] 417794K->387855K(902100K), 0.0027690 secs] [Times: user=0.02 sys=0.00, real=0.01 secs] 
276.017: Total time for which application threads were stopped: 0.0029400 seconds, Stopping threads took: 0.0000950 seconds
276.028: Application time: 0.0105580 seconds
276.028: [GC276.028: [ParNew: 36364K->1435K(37568K), 0.0020530 secs] 420646K->387855K(902100K), 0.0020910 secs] [Times: user=0.01 sys=0.00, real=0.00 secs] 
276.030: Total time for which application threads were stopped: 0.0022430 seconds, Stopping threads took: 0.0000800 seconds
276.146: Application time: 0.1153070 seconds
276.146: [GC276.146: [ParNew: 34235K->3574K(37568K), 0.0054500 secs] 420655K->402819K(902100K), 0.0054920 secs] [Times: user=0.04 sys=0.00, real=0.00 secs] 
276.151: Total time for which application threads were stopped: 0.0056280 seconds, Stopping threads took: 0.0000640 seconds
276.294: Application time: 0.1430780 seconds
276.294: [GC276.294: [ParNew: 36366K->3562K(37568K), 0.0055080 secs] 435611K->415634K(902100K), 0.0055540 secs] [Times: user=0.04 sys=0.00, real=0.01 secs] 
276.300: Total time for which application threads were stopped: 0.0057260 seconds, Stopping threads took: 0.0000860 seconds
276.443: Application time: 0.1434090 seconds
276.444: [GC276.444: [ParNew: 36362K->3576K(37568K), 0.0053180 secs] 448434K->428473K(902100K), 0.0053580 secs] [Times: user=0.04 sys=0.00, real=0.00 secs] 
276.449: Total time for which application threads were stopped: 0.0055130 seconds, Stopping threads took: 0.0000850 seconds
276.593: Application time: 0.1438020 seconds
276.593: [GC276.593: [ParNew: 36376K->3568K(37568K), 0.0053270 secs] 461273K->441291K(902100K), 0.0053680 secs] [Times: user=0.04 sys=0.00, real=0.01 secs] 
276.598: Total time for which application threads were stopped: 0.0055250 seconds, Stopping threads took: 0.0000870 seconds
276.739: Application time: 0.1408860 seconds
276.739: [GC276.739: [ParNew: 36375K->3570K(37568K), 0.0053400 secs] 474098K->454119K(902100K), 0.0053820 secs] [Times: user=0.04 sys=0.00, real=0.01 secs] 
276.745: Total time for which application threads were stopped: 0.0055110 seconds, Stopping threads took: 0.0000550 seconds
276.870: Application time: 0.1255960 seconds
276.870: [GC276.870: [ParNew: 36386K->3574K(37568K), 0.0055930 secs] 486935K->467663K(902100K), 0.0056340 secs] [Times: user=0.04 sys=0.00, real=0.01 secs] 
276.876: Total time for which application threads were stopped: 0.0057930 seconds, Stopping threads took: 0.0000810 seconds
277.014: Application time: 0.1377680 seconds
277.014: [GC277.014: [ParNew: 36373K->3568K(37568K), 0.0051560 secs] 500461K->479772K(902100K), 0.0051990 secs] [Times: user=0.04 sys=0.00, real=0.01 secs] 
277.019: Total time for which application threads were stopped: 0.0053490 seconds, Stopping threads took: 0.0000850 seconds
277.159: Application time: 0.1401890 seconds
277.159: [GC277.159: [ParNew: 36361K->3562K(37568K), 0.0053270 secs] 512565K->492593K(902100K), 0.0053630 secs] [Times: user=0.04 sys=0.00, real=0.01 secs] 
277.165: Total time for which application threads were stopped: 0.0054930 seconds, Stopping threads took: 0.0000590 seconds
277.286: Application time: 0.1212740 seconds
277.286: [GC277.286: [ParNew: 36363K->3574K(37568K), 0.0053530 secs] 525393K->505430K(902100K), 0.0053970 secs] [Times: user=0.04 sys=0.00, real=0.00 secs] 
277.292: Total time for which application threads were stopped: 0.0055650 seconds, Stopping threads took: 0.0000880 seconds
277.418: Application time: 0.1258180 seconds
277.418: [GC277.418: [ParNew: 36376K->3570K(37568K), 0.0052880 secs] 538232K->518253K(902100K), 0.0053320 secs] [Times: user=0.04 sys=0.00, real=0.01 secs] 
277.423: Total time for which application threads were stopped: 0.0054830 seconds, Stopping threads took: 0.0000670 seconds
277.566: Application time: 0.1430750 seconds
277.566: [GC277.566: [ParNew: 36363K->3562K(37568K), 0.0054500 secs] 551046K->531072K(902100K), 0.0054940 secs] [Times: user=0.04 sys=0.00, real=0.00 secs] 
277.572: Total time for which application threads were stopped: 0.0056230 seconds, Stopping threads took: 0.0000630 seconds
277.698: Application time: 0.1260320 seconds
277.698: [GC277.698: [ParNew: 36362K->3570K(37568K), 0.0049230 secs] 563871K->542480K(902100K), 0.0049660 secs] [Times: user=0.04 sys=0.00, real=0.01 secs] 
277.703: Total time for which application threads were stopped: 0.0051070 seconds, Stopping threads took: 0.0000660 seconds
277.821: Application time: 0.1178250 seconds
277.821: [GC277.821: [ParNew: 36388K->3574K(37568K), 0.0053580 secs] 575298K->554599K(902100K), 0.0054010 secs] [Times: user=0.04 sys=0.00, real=0.01 secs] 
277.826: Total time for which application threads were stopped: 0.0055290 seconds, Stopping threads took: 0.0000580 seconds
277.929: Application time: 0.1023200 seconds
277.929: [GC277.929: [ParNew: 36385K->3570K(37568K), 0.0053650 secs] 587409K->567423K(902100K), 0.0054060 secs] [Times: user=0.04 sys=0.00, real=0.00 secs] 
277.934: Total time for which application threads were stopped: 0.0055490 seconds, Stopping threads took: 0.0000670 seconds
278.047: Application time: 0.1128410 seconds
278.047: [GC278.047: [ParNew: 36364K->3562K(37568K), 0.0052260 secs] 600217K->579531K(902100K), 0.0052710 secs] [Times: user=0.04 sys=0.00, real=0.00 secs] 
278.052: Total time for which application threads were stopped: 0.0054180 seconds, Stopping threads took: 0.0000730 seconds
278.152: Application time: 0.0998150 seconds
278.152: [GC278.152: [ParNew: 36356K->3562K(37568K), 0.0052160 secs] 612325K->591644K(902100K), 0.0052580 secs] [Times: user=0.04 sys=0.00, real=0.01 secs] 
278.158: Total time for which application threads were stopped: 0.0054030 seconds, Stopping threads took: 0.0000710 seconds
278.288: Application time: 0.1303290 seconds
278.288: [GC278.288: [ParNew: 36363K->3566K(37568K), 0.0250310 secs] 624445K->603762K(902100K), 0.0250690 secs] [Times: user=0.18 sys=0.00, real=0.02 secs] 
278.313: Total time for which application threads were stopped: 0.0252050 seconds, Stopping threads took: 0.0000670 seconds
278.402: Application time: 0.0884600 seconds
278.402: [GC278.402: [ParNew: 36361K->3562K(37568K), 0.0053110 secs] 636556K->615873K(902100K), 0.0053540 secs] [Times: user=0.04 sys=0.00, real=0.01 secs] 
278.407: Total time for which application threads were stopped: 0.0055010 seconds, Stopping threads took: 0.0000750 seconds
278.524: Application time: 0.1167990 seconds
278.524: [GC278.524: [ParNew: 36365K->3574K(37568K), 0.0055280 secs] 648676K->628711K(902100K), 0.0055740 secs] [Times: user=0.04 sys=0.00, real=0.00 secs] 
278.530: Total time for which application threads were stopped: 0.0057220 seconds, Stopping threads took: 0.0000610 seconds
278.632: Application time: 0.1025050 seconds
278.632: [GC278.632: [ParNew: 36369K->3562K(37568K), 0.0052330 secs] 661506K->640814K(902100K), 0.0052740 secs] [Times: user=0.04 sys=0.00, real=0.01 secs] 
278.638: Total time for which application threads were stopped: 0.0054090 seconds, Stopping threads took: 0.0000660 seconds
278.672: Application time: 0.0346590 seconds
278.672: [GC278.672: [ParNew: 36391K->3607K(37568K), 0.0031830 secs] 673642K->645133K(902100K), 0.0032260 secs] [Times: user=0.02 sys=0.00, real=0.01 secs] 
278.676: Total time for which application threads were stopped: 0.0033620 seconds, Stopping threads took: 0.0000610 seconds
278.687: Application time: 0.0113000 seconds
278.687: [GC278.687: [ParNew: 36403K->3570K(37568K), 0.0024990 secs] 677929K->647264K(902100K), 0.0025480 secs] [Times: user=0.02 sys=0.00, real=0.00 secs] 
278.690: Total time for which application threads were stopped: 0.0027020 seconds, Stopping threads took: 0.0000820 seconds
278.702: Application time: 0.0119890 seconds
278.702: [GC278.702: [ParNew: 36362K->3571K(37568K), 0.0034320 secs] 680056K->652254K(902100K), 0.0034760 secs] [Times: user=0.02 sys=0.00, real=0.01 secs] 
278.705: Total time for which application threads were stopped: 0.0036520 seconds, Stopping threads took: 0.0001010 seconds
278.714: Application time: 0.0090250 seconds
278.714: [GC278.714: [ParNew: 36364K->3568K(37568K), 0.0026960 secs] 685047K->654390K(902100K), 0.0027390 secs] [Times: user=0.02 sys=0.00, real=0.01 secs] 
278.717: Total time for which application threads were stopped: 0.0029060 seconds, Stopping threads took: 0.0000930 seconds
278.778: Application time: 0.0609150 seconds
278.778: [GC278.778: [ParNew: 36409K->3604K(37568K), 0.0056980 secs] 687230K->667252K(902100K), 0.0057420 secs] [Times: user=0.04 sys=0.00, real=0.01 secs] 
278.784: Total time for which application threads were stopped: 0.0059290 seconds, Stopping threads took: 0.0001150 seconds
278.798: Application time: 0.0141760 seconds
278.798: [GC278.798: [ParNew: 36391K->3568K(37568K), 0.0028900 secs] 700039K->670097K(902100K), 0.0029320 secs] [Times: user=0.02 sys=0.00, real=0.00 secs] 
278.801: Total time for which application threads were stopped: 0.0031180 seconds, Stopping threads took: 0.0001130 seconds
278.812: Application time: 0.0111670 seconds
278.813: [GC278.813: [ParNew: 36361K->3572K(37568K), 0.0034290 secs] 702890K->675089K(902100K), 0.0034730 secs] [Times: user=0.02 sys=0.00, real=0.01 secs] 
278.816: Total time for which application threads were stopped: 0.0036380 seconds, Stopping threads took: 0.0000920 seconds
278.832: Application time: 0.0156450 seconds
278.832: [GC278.832: [ParNew: 36364K->2858K(37568K), 0.0026510 secs] 707881K->677225K(902100K), 0.0026920 secs] [Times: user=0.02 sys=0.00, real=0.00 secs] 
278.835: Total time for which application threads were stopped: 0.0028450 seconds, Stopping threads took: 0.0000770 seconds
278.848: Application time: 0.0137550 seconds
278.848: [GC278.848: [ParNew: 35652K->3574K(37568K), 0.0021460 secs] 710019K->679366K(902100K), 0.0021830 secs] [Times: user=0.02 sys=0.00, real=0.00 secs] 
278.851: Total time for which application threads were stopped: 0.0023300 seconds, Stopping threads took: 0.0000760 seconds
278.958: Application time: 0.1069800 seconds
278.958: [GC278.958: [ParNew: 36377K->3570K(37568K), 0.0060030 secs] 712169K->693615K(902100K), 0.0060460 secs] [Times: user=0.05 sys=0.00, real=0.01 secs] 
278.964: Total time for which application threads were stopped: 0.0062160 seconds, Stopping threads took: 0.0000970 seconds
279.094: Application time: 0.1303730 seconds
279.094: [GC279.094: [ParNew: 36364K->3564K(37568K), 0.0051370 secs] 726408K->705723K(902100K), 0.0051790 secs] [Times: user=0.04 sys=0.00, real=0.01 secs] 
279.100: Total time for which application threads were stopped: 0.0053470 seconds, Stopping threads took: 0.0000880 seconds
279.193: Application time: 0.0935160 seconds
279.193: [GC279.193: [ParNew: 36392K->3598K(37568K), 0.0060910 secs] 738551K->718583K(902100K), 0.0061280 secs] [Times: user=0.02 sys=0.00, real=0.01 secs] 
279.199: Total time for which application threads were stopped: 0.0062850 seconds, Stopping threads took: 0.0000780 seconds
279.220: Application time: 0.0206440 seconds
279.220: [GC279.220: [ParNew: 36384K->3570K(37568K), 0.0027400 secs] 751369K->720721K(902100K), 0.0027860 secs] [Times: user=0.02 sys=0.00, real=0.01 secs] 
279.223: Total time for which application threads were stopped: 0.0029890 seconds, Stopping threads took: 0.0001250 seconds
279.236: Application time: 0.0125320 seconds
279.236: [GC279.236: [ParNew: 36359K->3570K(37568K), 0.0026560 secs] 753510K->723571K(902100K), 0.0026990 secs] [Times: user=0.02 sys=0.00, real=0.00 secs] 
279.239: Total time for which application threads were stopped: 0.0029810 seconds, Stopping threads took: 0.0002070 seconds
279.250: Application time: 0.0111870 seconds
279.250: [GC279.250: [ParNew: 36366K->3570K(37568K), 0.0037980 secs] 756367K->729985K(902100K), 0.0038520 secs] [Times: user=0.03 sys=0.00, real=0.00 secs] 
279.254: Total time for which application threads were stopped: 0.0040090 seconds, Stopping threads took: 0.0000840 seconds
279.267: Application time: 0.0130250 seconds
279.267: [GC279.267: [ParNew: 36364K->3574K(37568K), 0.0025630 secs] 762778K->732839K(902100K), 0.0026040 secs] [Times: user=0.02 sys=0.00, real=0.00 secs] 
279.270: Total time for which application threads were stopped: 0.0027510 seconds, Stopping threads took: 0.0000750 seconds
279.404: Application time: 0.1341430 seconds
279.404: [GC279.404: [ParNew: 36367K->3564K(37568K), 0.0054060 secs] 765632K->745655K(902100K), 0.0054530 secs] [Times: user=0.04 sys=0.00, real=0.00 secs] 
279.409: Total time for which application threads were stopped: 0.0056080 seconds, Stopping threads took: 0.0000820 seconds
279.461: Application time: 0.0512790 seconds
279.461: [GC279.461: [ParNew: 36388K->3602K(37568K), 0.0047310 secs] 778479K->755669K(902100K), 0.0047750 secs] [Times: user=0.03 sys=0.00, real=0.01 secs] 
279.465: Total time for which application threads were stopped: 0.0049230 seconds, Stopping threads took: 0.0000720 seconds
279.476: Application time: 0.0110040 seconds
279.477: [GC279.477: [ParNew: 36388K->1435K(37568K), 0.0022940 secs] 788455K->756380K(902100K), 0.0023360 secs] [Times: user=0.01 sys=0.00, real=0.00 secs] 
279.479: Total time for which application threads were stopped: 0.0025090 seconds, Stopping threads took: 0.0000980 seconds
279.493: Application time: 0.0143370 seconds
279.493: [GC279.493: [ParNew: 34227K->3572K(37568K), 0.0028730 secs] 789173K->761368K(902100K), 0.0029180 secs] [Times: user=0.02 sys=0.00, real=0.01 secs] 
279.496: Total time for which application threads were stopped: 0.0030830 seconds, Stopping threads took: 0.0000870 seconds
279.506: Application time: 0.0092620 seconds
279.506: [GC279.506: [ParNew: 36370K->3570K(37568K), 0.0038080 secs] 794165K->767779K(902100K), 0.0038530 secs] [Times: user=0.03 sys=0.00, real=0.00 secs] 
279.510: Total time for which application threads were stopped: 0.0040120 seconds, Stopping threads took: 0.0000840 seconds
279.585: Application time: 0.0756340 seconds
279.585: [GC279.585: [ParNew: 36370K->3572K(37568K), 0.0048210 secs] 800578K->778468K(902100K), 0.0048640 secs] [Times: user=0.03 sys=0.00, real=0.00 secs] 
279.590: Total time for which application threads were stopped: 0.0050150 seconds, Stopping threads took: 0.0000860 seconds
279.657: Application time: 0.0670330 seconds
279.658: [GC279.658: [ParNew: 36398K->3604K(37568K), 0.0048240 secs] 811294K->789189K(902100K), 0.0048700 secs] [Times: user=0.04 sys=0.00, real=0.00 secs] 
279.662: Total time for which application threads were stopped: 0.0050610 seconds, Stopping threads took: 0.0001060 seconds
279.673: Application time: 0.0107040 seconds
279.673: [GC279.673: [ParNew: 36392K->3570K(37568K), 0.0029380 secs] 821977K->792034K(902100K), 0.0029790 secs] [Times: user=0.02 sys=0.00, real=0.01 secs] 
279.676: Total time for which application threads were stopped: 0.0031330 seconds, Stopping threads took: 0.0000760 seconds
279.689: Application time: 0.0127840 seconds
279.689: [GC279.689: [ParNew: 36365K->3611K(37568K), 0.0033920 secs] 824829K->797063K(902100K), 0.0034350 secs] [Times: user=0.03 sys=0.00, real=0.00 secs] 
279.693: Total time for which application threads were stopped: 0.0035940 seconds, Stopping threads took: 0.0000860 seconds
279.703: Application time: 0.0107700 seconds
279.704: [GC279.704: [ParNew: 36433K->3577K(37568K), 0.0026410 secs] 829885K->799194K(902100K), 0.0026850 secs] [Times: user=0.02 sys=0.00, real=0.00 secs] 
279.706: Total time for which application threads were stopped: 0.0028530 seconds, Stopping threads took: 0.0000920 seconds
279.706: Application time: 0.0000600 seconds
279.706: [GC [1 CMS-initial-mark: 795617K(864532K)] 799907K(902100K), 0.0001410 secs] [Times: user=0.00 sys=0.00, real=0.00 secs] 
279.707: Total time for which application threads were stopped: 0.0002650 seconds, Stopping threads took: 0.0000910 seconds
279.707: [CMS-concurrent-mark-start]
279.715: Application time: 0.0083440 seconds
279.715: [GC279.715: [ParNew: 36362K->3562K(37568K), 0.0025370 secs] 831979K->801318K(902100K), 0.0025800 secs] [Times: user=0.02 sys=0.00, real=0.00 secs] 
279.718: Total time for which application threads were stopped: 0.0028190 seconds, Stopping threads took: 0.0001650 seconds
279.723: [CMS-concurrent-mark: 0.013/0.016 secs] [Times: user=0.12 sys=0.00, real=0.02 secs] 
279.723: [CMS-concurrent-preclean-start]
279.725: [CMS-concurrent-preclean: 0.002/0.002 secs] [Times: user=0.01 sys=0.00, real=0.00 secs] 
279.725: [CMS-concurrent-abortable-preclean-start]
279.726: Application time: 0.0084710 seconds
279.726: [GC279.726: [ParNew: 36357K->3578K(37568K), 0.0026590 secs] 834113K->803472K(902100K), 0.0026990 secs] [Times: user=0.01 sys=0.00, real=0.00 secs] 
279.729: Total time for which application threads were stopped: 0.0028350 seconds, Stopping threads took: 0.0000630 seconds
279.744: Application time: 0.0150340 seconds
279.744: [GC279.744: [ParNew: 36367K->2147K(37568K), 0.0022460 secs] 836261K->804180K(902100K), 0.0022890 secs] [Times: user=0.02 sys=0.00, real=0.00 secs] 
279.747: Total time for which application threads were stopped: 0.0024370 seconds, Stopping threads took: 0.0000710 seconds
279.756: Application time: 0.0096190 seconds
279.756: [GC279.756: [ParNew: 34943K->3572K(37568K), 0.0029090 secs] 836975K->808455K(902100K), 0.0029530 secs] [Times: user=0.02 sys=0.00, real=0.00 secs] 
279.759: Total time for which application threads were stopped: 0.0031480 seconds, Stopping threads took: 0.0001180 seconds
279.843: Application time: 0.0841080 seconds
279.844: [GC279.844: [ParNew: 36413K->3606K(37568K), 0.0050520 secs] 841296K->820602K(902100K), 0.0050920 secs] [Times: user=0.03 sys=0.00, real=0.00 secs] 
279.849: Total time for which application threads were stopped: 0.0052110 seconds, Stopping threads took: 0.0000540 seconds
279.863: Application time: 0.0147060 seconds
279.863: [GC279.864: [ParNew: 36396K->3566K(37568K), 0.0038320 secs] 853392K->827005K(902100K), 0.0038750 secs] [Times: user=0.03 sys=0.00, real=0.00 secs] 
279.867: Total time for which application threads were stopped: 0.0040190 seconds, Stopping threads took: 0.0000710 seconds
279.879: Application time: 0.0111690 seconds
279.879: [GC279.879: [ParNew: 36354K->3572K(37568K), 0.0027970 secs] 859793K->829861K(902100K), 0.0028390 secs] [Times: user=0.02 sys=0.01, real=0.00 secs] 
279.882: Total time for which application threads were stopped: 0.0030130 seconds, Stopping threads took: 0.0001020 seconds
279.897: Application time: 0.0151450 seconds
279.897: [GC279.897: [ParNew: 36361K->1435K(37568K), 0.0023130 secs] 862650K->830574K(902100K), 0.0023570 secs] [Times: user=0.02 sys=0.00, real=0.00 secs] 
279.899: Total time for which application threads were stopped: 0.0025540 seconds, Stopping threads took: 0.0001220 seconds
279.910: Application time: 0.0108640 seconds
279.910: [GC279.910: [ParNew: 34229K->3574K(37568K), 0.0026930 secs] 863368K->834851K(902100K), 0.0027350 secs] [Times: user=0.02 sys=0.00, real=0.00 secs] 
279.913: Total time for which application threads were stopped: 0.0029030 seconds, Stopping threads took: 0.0000940 seconds
279.957: Application time: 0.0441090 seconds
279.957: [GC279.957: [ParNew: 36402K->3606K(37568K), 0.0038460 secs] 867679K->841296K(902100K), 0.0038900 secs] [Times: user=0.03 sys=0.00, real=0.00 secs] 
279.961: Total time for which application threads were stopped: 0.0040860 seconds, Stopping threads took: 0.0001190 seconds
279.979: Application time: 0.0181510 seconds
279.980: [GC279.980: [ParNew: 36396K->3572K(37568K), 0.0034210 secs] 874086K->846279K(902100K), 0.0034620 secs] [Times: user=0.02 sys=0.00, real=0.01 secs] 
279.983: Total time for which application threads were stopped: 0.0036260 seconds, Stopping threads took: 0.0000910 seconds
279.997: Application time: 0.0144380 seconds
279.998: [GC279.998: [ParNew: 36365K->3574K(37568K), 0.0029540 secs] 879072K->849844K(902100K), 0.0030040 secs] [Times: user=0.02 sys=0.00, real=0.00 secs] 
280.001: Total time for which application threads were stopped: 0.0036870 seconds, Stopping threads took: 0.0006090 seconds
280.010: Application time: 0.0085420 seconds
280.010: [GC280.010: [ParNew: 36372K->3568K(37568K), 0.0038350 secs] 882641K->856251K(902100K), 0.0038800 secs] [Times: user=0.03 sys=0.00, real=0.00 secs] 
280.014: Total time for which application threads were stopped: 0.0040630 seconds, Stopping threads took: 0.0001040 seconds
280.093: Application time: 0.0789300 seconds
280.093: [GC280.093: [ParNew: 36369K->3576K(37568K), 0.0048020 secs] 889052K->869797K(915704K), 0.0048430 secs] [Times: user=0.02 sys=0.02, real=0.01 secs] 
280.098: Total time for which application threads were stopped: 0.0049880 seconds, Stopping threads took: 0.0000730 seconds
280.270: Application time: 0.1726770 seconds
280.270: [GC280.271: [ParNew: 36368K->3564K(37568K), 0.0043650 secs] 902589K->881898K(927876K), 0.0044080 secs] [Times: user=0.03 sys=0.01, real=0.01 secs] 
280.275: Total time for which application threads were stopped: 0.0045560 seconds, Stopping threads took: 0.0000670 seconds
280.275: [CMS-concurrent-abortable-preclean: 0.020/0.550 secs] [Times: user=4.26 sys=0.04, real=0.55 secs] 
280.275: Application time: 0.0000500 seconds
280.275: [GC[YG occupancy: 4991 K (37568 K)]280.275: [Rescan (parallel) , 0.0002860 secs]280.276: [weak refs processing, 0.0000060 secs]280.276: [scrub string table, 0.0001220 secs] [1 CMS-remark: 878334K(890308K)] 883325K(927876K), 0.0004340 secs] [Times: user=0.00 sys=0.00, real=0.00 secs] 
280.276: Total time for which application threads were stopped: 0.0007470 seconds, Stopping threads took: 0.0002860 seconds
280.276: [CMS-concurrent-sweep-start]
280.277: [CMS-concurrent-sweep: 0.002/0.002 secs] [Times: user=0.00 sys=0.00, real=0.00 secs] 
280.277: [CMS-concurrent-reset-start]
280.279: [CMS-concurrent-reset: 0.002/0.002 secs] [Times: user=0.02 sys=0.00, real=0.00 secs] 
280.425: Application time: 0.1497610 seconds
280.426: [GC280.426: [ParNew: 36364K->3570K(37568K), 0.0054500 secs] 141850K->121881K(927876K), 0.0054920 secs] [Times: user=0.04 sys=0.00, real=0.00 secs] 
280.431: Total time for which application threads were stopped: 0.0056230 seconds, Stopping threads took: 0.0000640 seconds
280.586: Application time: 0.1545950 seconds
280.586: [GC280.586: [ParNew: 36370K->3570K(37568K), 0.0055430 secs] 154681K->135420K(927876K), 0.0055870 secs] [Times: user=0.03 sys=0.00, real=0.00 secs] 
280.591: Total time for which application threads were stopped: 0.0057260 seconds, Stopping threads took: 0.0000670 seconds
280.745: Application time: 0.1534790 seconds
280.745: [GC280.745: [ParNew: 36362K->3564K(37568K), 0.0051510 secs] 168212K->147527K(927876K), 0.0051890 secs] [Times: user=0.04 sys=0.00, real=0.00 secs] 
280.750: Total time for which application threads were stopped: 0.0053500 seconds, Stopping threads took: 0.0000960 seconds
280.844: Application time: 0.0935870 seconds
280.844: [GC280.844: [ParNew: 36379K->3578K(37568K), 0.0057110 secs] 180343K->161792K(927876K), 0.0057530 secs] [Times: user=0.05 sys=0.00, real=0.00 secs] 
280.850: Total time for which application threads were stopped: 0.0059510 seconds, Stopping threads took: 0.0001140 seconds
281.000: Application time: 0.1504420 seconds
281.000: [GC281.000: [ParNew: 36394K->3574K(37568K), 0.0056340 secs] 194607K->175328K(927876K), 0.0056780 secs] [Times: user=0.04 sys=0.00, real=0.01 secs] 
281.006: Total time for which application threads were stopped: 0.0058240 seconds, Stopping threads took: 0.0000720 seconds
281.150: Application time: 0.1441020 seconds
281.150: [GC281.150: [ParNew: 36366K->3562K(37568K), 0.0049730 secs] 208121K->186719K(927876K), 0.0050180 secs] [Times: user=0.04 sys=0.00, real=0.01 secs] 
281.155: Total time for which application threads were stopped: 0.0051620 seconds, Stopping threads took: 0.0000700 seconds
281.300: Application time: 0.1450860 seconds
281.301: [GC281.301: [ParNew: 36363K->3570K(37568K), 0.0050770 secs] 219520K->198840K(927876K), 0.0051280 secs] [Times: user=0.04 sys=0.00, real=0.01 secs] 
281.306: Total time for which application threads were stopped: 0.0052560 seconds, Stopping threads took: 0.0000590 seconds
281.407: Application time: 0.1009660 seconds
281.407: [GC281.407: [ParNew: 36371K->3566K(37568K), 0.0048190 secs] 231641K->210238K(927876K), 0.0048660 secs] [Times: user=0.04 sys=0.00, real=0.00 secs] 
281.412: Total time for which application threads were stopped: 0.0050030 seconds, Stopping threads took: 0.0000560 seconds
281.541: Application time: 0.1294770 seconds
281.541: [GC281.541: [ParNew: 36359K->3562K(37568K), 0.0053650 secs] 243031K->223060K(927876K), 0.0054090 secs] [Times: user=0.04 sys=0.00, real=0.01 secs] 
281.547: Total time for which application threads were stopped: 0.0055460 seconds, Stopping threads took: 0.0000690 seconds
281.683: Application time: 0.1358370 seconds
281.683: [GC281.683: [ParNew: 36355K->3562K(37568K), 0.0050800 secs] 255854K->235174K(927876K), 0.0051210 secs] [Times: user=0.03 sys=0.00, real=0.01 secs] 
281.688: Total time for which application threads were stopped: 0.0052520 seconds, Stopping threads took: 0.0000610 seconds
281.786: Application time: 0.0985180 seconds
281.786: [GC281.786: [ParNew: 36382K->3578K(37568K), 0.0058200 secs] 267993K->249441K(927876K), 0.0058620 secs] [Times: user=0.04 sys=0.00, real=0.00 secs] 
281.792: Total time for which application threads were stopped: 0.0060260 seconds, Stopping threads took: 0.0000910 seconds
281.909: Application time: 0.1169520 seconds
281.909: [GC281.909: [ParNew: 36396K->3576K(37568K), 0.0050590 secs] 282258K->261555K(927876K), 0.0051010 secs] [Times: user=0.04 sys=0.00, real=0.00 secs] 
281.915: Total time for which application threads were stopped: 0.0052970 seconds, Stopping threads took: 0.0001150 seconds
282.030: Application time: 0.1156640 seconds
282.030: [GC282.030: [ParNew: 36370K->3562K(37568K), 0.0051780 secs] 294349K->273657K(927876K), 0.0052210 secs] [Times: user=0.04 sys=0.00, real=0.01 secs] 
282.036: Total time for which application threads were stopped: 0.0053940 seconds, Stopping threads took: 0.0000990 seconds
282.138: Application time: 0.1025960 seconds
282.138: [GC282.138: [ParNew: 36356K->3562K(37568K), 0.0051360 secs] 306451K->285771K(927876K), 0.0051790 secs] [Times: user=0.04 sys=0.00, real=0.01 secs] 
282.144: Total time for which application threads were stopped: 0.0053280 seconds, Stopping threads took: 0.0000760 seconds
282.260: Application time: 0.1163820 seconds
282.260: [GC282.260: [ParNew: 36365K->3568K(37568K), 0.0052360 secs] 318574K->298603K(927876K), 0.0052790 secs] [Times: user=0.04 sys=0.00, real=0.01 secs] 
282.265: Total time for which application threads were stopped: 0.0054380 seconds, Stopping threads took: 0.0000880 seconds
282.359: Application time: 0.0937200 seconds
282.359: [GC282.359: [ParNew: 36369K->3572K(37568K), 0.0052730 secs] 331404K->310722K(927876K), 0.0053170 secs] [Times: user=0.04 sys=0.00, real=0.01 secs] 
282.365: Total time for which application threads were stopped: 0.0054580 seconds, Stopping threads took: 0.0000670 seconds
282.474: Application time: 0.1091070 seconds
282.474: [GC282.474: [ParNew: 36367K->3562K(37568K), 0.0052690 secs] 343516K->322826K(927876K), 0.0053130 secs] [Times: user=0.04 sys=0.00, real=0.01 secs] 
282.479: Total time for which application threads were stopped: 0.0055010 seconds, Stopping threads took: 0.0001010 seconds
282.595: Application time: 0.1155410 seconds
282.595: [GC282.595: [ParNew: 36357K->3562K(37568K), 0.0047960 secs] 355621K->333515K(927876K), 0.0048410 secs] [Times: user=0.04 sys=0.00, real=0.00 secs] 
282.600: Total time for which application threads were stopped: 0.0049840 seconds, Stopping threads took: 0.0000760 seconds
282.632: Application time: 0.0320590 seconds
282.632: [GC282.632: [ParNew: 36391K->3604K(37568K), 0.0040820 secs] 366344K->341395K(927876K), 0.0041250 secs] [Times: user=0.03 sys=0.00, real=0.01 secs] 
282.636: Total time for which application threads were stopped: 0.0042960 seconds, Stopping threads took: 0.0000880 seconds
282.646: Application time: 0.0100570 seconds
282.646: [GC282.646: [ParNew: 36393K->3568K(37568K), 0.0031890 secs] 374184K->344952K(927876K), 0.0032340 secs] [Times: user=0.02 sys=0.00, real=0.00 secs] 
282.650: Total time for which application threads were stopped: 0.0034050 seconds, Stopping threads took: 0.0000950 seconds
282.665: Application time: 0.0154250 seconds
282.665: [GC282.665: [ParNew: 36360K->3571K(37568K), 0.0026040 secs] 377743K->347092K(927876K), 0.0026490 secs] [Times: user=0.02 sys=0.00, real=0.00 secs] 
282.668: Total time for which application threads were stopped: 0.0028320 seconds, Stopping threads took: 0.0001080 seconds
282.677: Application time: 0.0090100 seconds
282.677: [GC282.677: [ParNew: 36362K->2141K(37568K), 0.0024040 secs] 379883K->348513K(927876K), 0.0024460 secs] [Times: user=0.02 sys=0.00, real=0.00 secs] 
282.679: Total time for which application threads were stopped: 0.0026150 seconds, Stopping threads took: 0.0000950 seconds
282.755: Application time: 0.0755370 seconds
282.755: [GC282.755: [ParNew: 34953K->3574K(37568K), 0.0054120 secs] 381324K->362772K(927876K), 0.0054530 secs] [Times: user=0.04 sys=0.00, real=0.00 secs] 
282.761: Total time for which application threads were stopped: 0.0056410 seconds, Stopping threads took: 0.0001190 seconds
282.854: Application time: 0.0936380 seconds
282.854: [GC282.854: [ParNew: 36408K->3602K(37568K), 0.0057140 secs] 395606K->376341K(927876K), 0.0057560 secs] [Times: user=0.04 sys=0.00, real=0.01 secs] 
282.860: Total time for which application threads were stopped: 0.0059050 seconds, Stopping threads took: 0.0000760 seconds
282.875: Application time: 0.0148710 seconds
282.875: [GC282.875: [ParNew: 36389K->3568K(37568K), 0.0028100 secs] 409127K->379186K(927876K), 0.0028540 secs] [Times: user=0.02 sys=0.00, real=0.00 secs] 
282.878: Total time for which application threads were stopped: 0.0030030 seconds, Stopping threads took: 0.0000740 seconds
282.889: Application time: 0.0110410 seconds
282.889: [GC282.889: [ParNew: 36366K->3576K(37568K), 0.0029530 secs] 411984K->382757K(927876K), 0.0029980 secs] [Times: user=0.02 sys=0.00, real=0.00 secs] 
282.892: Total time for which application threads were stopped: 0.0031460 seconds, Stopping threads took: 0.0000710 seconds
282.905: Application time: 0.0131540 seconds
282.906: [GC282.906: [ParNew: 36368K->2146K(37568K), 0.0024490 secs] 415549K->384178K(927876K), 0.0024890 secs] [Times: user=0.02 sys=0.00, real=0.00 secs] 
282.908: Total time for which application threads were stopped: 0.0026620 seconds, Stopping threads took: 0.0000990 seconds
282.927: Application time: 0.0188120 seconds
282.927: [GC282.927: [ParNew: 34939K->3572K(37568K), 0.0019990 secs] 416971K->386317K(927876K), 0.0020390 secs] [Times: user=0.01 sys=0.00, real=0.00 secs] 
282.929: Total time for which application threads were stopped: 0.0021930 seconds, Stopping threads took: 0.0000810 seconds
283.042: Application time: 0.1130060 seconds
283.042: [GC283.042: [ParNew: 36366K->3564K(37568K), 0.0053630 secs] 419111K->399136K(927876K), 0.0054070 secs] [Times: user=0.04 sys=0.00, real=0.01 secs] 
283.048: Total time for which application threads were stopped: 0.0055600 seconds, Stopping threads took: 0.0000680 seconds
283.135: Application time: 0.0878160 seconds
283.136: [GC283.136: [ParNew: 36393K->3600K(37568K), 0.0057750 secs] 431965K->412711K(927876K), 0.0058180 secs] [Times: user=0.04 sys=0.00, real=0.00 secs] 
283.141: Total time for which application threads were stopped: 0.0059670 seconds, Stopping threads took: 0.0000750 seconds
283.154: Application time: 0.0129140 seconds
283.154: [GC283.154: [ParNew: 36389K->3568K(37568K), 0.0032230 secs] 445499K->416982K(927876K), 0.0032660 secs] [Times: user=0.03 sys=0.00, real=0.01 secs] 
283.158: Total time for which application threads were stopped: 0.0034430 seconds, Stopping threads took: 0.0001020 seconds
283.169: Application time: 0.0113790 seconds
283.169: [GC283.169: [ParNew: 36359K->3570K(37568K), 0.0034810 secs] 449773K->421973K(927876K), 0.0035350 secs] [Times: user=0.02 sys=0.00, real=0.00 secs] 
283.173: Total time for which application threads were stopped: 0.0036910 seconds, Stopping threads took: 0.0000790 seconds
283.186: Application time: 0.0127950 seconds
283.186: [GC283.186: [ParNew: 36363K->1433K(37568K), 0.0020340 secs] 454765K->421973K(927876K), 0.0020730 secs] [Times: user=0.01 sys=0.00, real=0.00 secs] 
283.188: Total time for which application threads were stopped: 0.0022650 seconds, Stopping threads took: 0.0001190 seconds
283.219: Application time: 0.0310390 seconds
283.219: [GC283.219: [ParNew: 34229K->3568K(37568K), 0.0032480 secs] 454769K->428383K(927876K), 0.0032910 secs] [Times: user=0.03 sys=0.00, real=0.00 secs] 
283.222: Total time for which application threads were stopped: 0.0034260 seconds, Stopping threads took: 0.0000640 seconds
283.343: Application time: 0.1208240 seconds
283.343: [GC283.343: [ParNew: 36361K->3562K(37568K), 0.0051140 secs] 461176K->440491K(927876K), 0.0051590 secs] [Times: user=0.04 sys=0.00, real=0.00 secs] 
283.349: Total time for which application threads were stopped: 0.0053790 seconds, Stopping threads took: 0.0001440 seconds
283.377: Application time: 0.0279460 seconds
283.377: [GC283.377: [ParNew: 36382K->3602K(37568K), 0.0036580 secs] 473311K->446232K(927876K), 0.0037010 secs] [Times: user=0.02 sys=0.00, real=0.00 secs] 
283.380: Total time for which application threads were stopped: 0.0038520 seconds, Stopping threads took: 0.0000740 seconds
283.392: Application time: 0.0120780 seconds
283.393: [GC283.393: [ParNew: 36396K->1437K(37568K), 0.0018680 secs] 479026K->446232K(927876K), 0.0019050 secs] [Times: user=0.01 sys=0.00, real=0.00 secs] 
283.395: Total time for which application threads were stopped: 0.0020660 seconds, Stopping threads took: 0.0000890 seconds
283.406: Application time: 0.0112100 seconds
283.406: [GC283.406: [ParNew: 34224K->3574K(37568K), 0.0033690 secs] 479020K->453358K(927876K), 0.0034140 secs] [Times: user=0.03 sys=0.00, real=0.00 secs] 
283.409: Total time for which application threads were stopped: 0.0036070 seconds, Stopping threads took: 0.0001160 seconds
283.418: Application time: 0.0090550 seconds
283.419: [GC283.419: [ParNew: 36368K->3573K(37568K), 0.0029240 secs] 486151K->456206K(927876K), 0.0029680 secs] [Times: user=0.02 sys=0.00, real=0.00 secs] 
283.422: Total time for which application threads were stopped: 0.0031240 seconds, Stopping threads took: 0.0000770 seconds
283.516: Application time: 0.0949120 seconds
283.517: [GC283.517: [ParNew: 36374K->3574K(37568K), 0.0055570 secs] 489008K->469746K(927876K), 0.0056000 secs] [Times: user=0.04 sys=0.00, real=0.00 secs] 
283.522: Total time for which application threads were stopped: 0.0057510 seconds, Stopping threads took: 0.0000800 seconds
283.633: Application time: 0.1107680 seconds
283.633: [GC283.633: [ParNew: 36487K->3634K(37568K), 0.0048360 secs] 502659K->480495K(927876K), 0.0048860 secs] [Times: user=0.04 sys=0.00, real=0.01 secs] 
283.638: Total time for which application threads were stopped: 0.0050560 seconds, Stopping threads took: 0.0000800 seconds
283.650: Application time: 0.0124740 seconds
283.651: [GC283.651: [ParNew: 36372K->3568K(37568K), 0.0040790 secs] 513233K->487611K(927876K), 0.0041230 secs] [Times: user=0.03 sys=0.00, real=0.01 secs] 
283.655: Total time for which application threads were stopped: 0.0047420 seconds, Stopping threads took: 0.0005450 seconds
283.663: Application time: 0.0077780 seconds
283.663: [GC283.663: [ParNew: 36352K->3562K(37568K), 0.0033220 secs] 520395K->492595K(927876K), 0.0033640 secs] [Times: user=0.03 sys=0.00, real=0.00 secs] 
283.667: Total time for which application threads were stopped: 0.0037170 seconds, Stopping threads took: 0.0002800 seconds
283.677: Application time: 0.0097970 seconds
283.677: [GC283.677: [ParNew: 36357K->3576K(37568K), 0.0027070 secs] 525389K->494746K(927876K), 0.0027510 secs] [Times: user=0.02 sys=0.00, real=0.00 secs] 
283.680: Total time for which application threads were stopped: 0.0030010 seconds, Stopping threads took: 0.0001670 seconds
283.687: Application time: 0.0077050 seconds
283.687: [GC283.687: [ParNew: 36358K->1425K(37568K), 0.0016730 secs] 527528K->494022K(927876K), 0.0017080 secs] [Times: user=0.01 sys=0.00, real=0.00 secs] 
283.689: Total time for which application threads were stopped: 0.0019640 seconds, Stopping threads took: 0.0001830 seconds
283.698: Application time: 0.0092060 seconds
283.699: [GC283.699: [ParNew: 34226K->3577K(37568K), 0.0024380 secs] 526822K->497598K(927876K), 0.0024800 secs] [Times: user=0.02 sys=0.00, real=0.00 secs] 
283.701: Total time for which application threads were stopped: 0.0026840 seconds, Stopping threads took: 0.0001350 seconds
283.709: Application time: 0.0076000 seconds
283.709: [GC283.709: [ParNew: 36368K->3568K(37568K), 0.0026240 secs] 530390K->499730K(927876K), 0.0026670 secs] [Times: user=0.02 sys=0.00, real=0.00 secs] 
283.712: Total time for which application threads were stopped: 0.0032950 seconds, Stopping threads took: 0.0005520 seconds
283.721: Application time: 0.0094030 seconds
283.722: [GC283.722: [ParNew: 36370K->3577K(37568K), 0.0026950 secs] 532531K->501876K(927876K), 0.0027390 secs] [Times: user=0.02 sys=0.00, real=0.01 secs] 
283.724: Total time for which application threads were stopped: 0.0028920 seconds, Stopping threads took: 0.0000760 seconds
283.756: Application time: 0.0321680 seconds
283.757: [GC283.757: [ParNew: 36373K->3574K(37568K), 0.0038290 secs] 534673K->509000K(927876K), 0.0038700 secs] [Times: user=0.03 sys=0.00, real=0.00 secs] 
283.760: Total time for which application threads were stopped: 0.0040030 seconds, Stopping threads took: 0.0000650 seconds
283.841: Application time: 0.0803650 seconds
283.841: [GC283.841: [ParNew: 36402K->3604K(37568K), 0.0058360 secs] 541828K->522569K(927876K), 0.0058830 secs] [Times: user=0.04 sys=0.00, real=0.01 secs] 
283.847: Total time for which application threads were stopped: 0.0060290 seconds, Stopping threads took: 0.0000710 seconds
283.860: Application time: 0.0128110 seconds
283.860: [GC283.860: [ParNew: 36390K->1435K(37568K), 0.0024090 secs] 555355K->523990K(927876K), 0.0024510 secs] [Times: user=0.02 sys=0.00, real=0.00 secs] 
283.862: Total time for which application threads were stopped: 0.0026180 seconds, Stopping threads took: 0.0000920 seconds
283.876: Application time: 0.0134770 seconds
283.876: [GC283.876: [ParNew: 34226K->3574K(37568K), 0.0028170 secs] 556782K->528980K(927876K), 0.0028580 secs] [Times: user=0.02 sys=0.00, real=0.00 secs] 
283.879: Total time for which application threads were stopped: 0.0030110 seconds, Stopping threads took: 0.0000700 seconds
283.889: Application time: 0.0104800 seconds
283.889: [GC283.889: [ParNew: 36368K->3570K(37568K), 0.0027000 secs] 561774K->531114K(927876K), 0.0027420 secs] [Times: user=0.01 sys=0.00, real=0.00 secs] 
283.892: Total time for which application threads were stopped: 0.0029200 seconds, Stopping threads took: 0.0001040 seconds
283.936: Application time: 0.0437950 seconds
283.936: [GC283.936: [ParNew: 36406K->3604K(37568K), 0.0043080 secs] 563949K->539698K(927876K), 0.0043500 secs] [Times: user=0.04 sys=0.00, real=0.00 secs] 
283.940: Total time for which application threads were stopped: 0.0044870 seconds, Stopping threads took: 0.0000670 seconds
283.955: Application time: 0.0144140 seconds
283.955: [GC283.955: [ParNew: 36388K->2143K(37568K), 0.0025770 secs] 572482K->541117K(927876K), 0.0026180 secs] [Times: user=0.02 sys=0.00, real=0.00 secs] 
283.958: Total time for which application threads were stopped: 0.0027890 seconds, Stopping threads took: 0.0000960 seconds
283.970: Application time: 0.0122130 seconds
283.970: [GC283.970: [ParNew: 34936K->3568K(37568K), 0.0032480 secs] 573910K->546818K(927876K), 0.0032910 secs] [Times: user=0.03 sys=0.00, real=0.00 secs] 
283.973: Total time for which application threads were stopped: 0.0034500 seconds, Stopping threads took: 0.0000830 seconds
283.986: Application time: 0.0126450 seconds
283.986: [GC283.986: [ParNew: 36362K->3572K(37568K), 0.0029060 secs] 579611K->549672K(927876K), 0.0029510 secs] [Times: user=0.02 sys=0.00, real=0.00 secs] 
283.989: Total time for which application threads were stopped: 0.0031500 seconds, Stopping threads took: 0.0001210 seconds
284.011: Application time: 0.0214840 seconds
284.011: [GC284.011: [ParNew: 36369K->3570K(37568K), 0.0032580 secs] 582469K->554657K(927876K), 0.0032990 secs] [Times: user=0.02 sys=0.01, real=0.00 secs] 
284.014: Total time for which application threads were stopped: 0.0034260 seconds, Stopping threads took: 0.0000590 seconds
284.169: Application time: 0.1551230 seconds
284.169: [GC284.169: [ParNew: 36362K->3562K(37568K), 0.0051250 secs] 587449K->566763K(927876K), 0.0051710 secs] [Times: user=0.04 sys=0.00, real=0.00 secs] 
284.175: Total time for which application threads were stopped: 0.0053500 seconds, Stopping threads took: 0.0000980 seconds
284.330: Application time: 0.1550500 seconds
284.330: [GC284.330: [ParNew: 36362K->3572K(37568K), 0.0054970 secs] 599563K->580311K(927876K), 0.0055400 secs] [Times: user=0.05 sys=0.00, real=0.01 secs] 
284.335: Total time for which application threads were stopped: 0.0056720 seconds, Stopping threads took: 0.0000600 seconds
284.484: Application time: 0.1482950 seconds
284.484: [GC284.484: [ParNew: 36370K->3572K(37568K), 0.0051340 secs] 613109K->592424K(927876K), 0.0051810 secs] [Times: user=0.04 sys=0.00, real=0.00 secs] 
284.489: Total time for which application threads were stopped: 0.0053440 seconds, Stopping threads took: 0.0000880 seconds
284.623: Application time: 0.1341790 seconds
284.623: [GC284.623: [ParNew: 36364K->3562K(37568K), 0.0053020 secs] 625216K->604528K(927876K), 0.0053440 secs] [Times: user=0.04 sys=0.00, real=0.00 secs] 
284.629: Total time for which application threads were stopped: 0.0054740 seconds, Stopping threads took: 0.0000570 seconds
284.780: Application time: 0.1518350 seconds
284.781: [GC284.781: [ParNew: 36377K->3576K(37568K), 0.0056510 secs] 637343K->618793K(927876K), 0.0056960 secs] [Times: user=0.05 sys=0.00, real=0.01 secs] 
284.786: Total time for which application threads were stopped: 0.0058350 seconds, Stopping threads took: 0.0000560 seconds
284.896: Application time: 0.1101650 seconds
284.897: [GC284.897: [ParNew: 36375K->3568K(37568K), 0.0054420 secs] 651591K->631612K(927876K), 0.0054850 secs] [Times: user=0.04 sys=0.00, real=0.00 secs] 
284.902: Total time for which application threads were stopped: 0.0056350 seconds, Stopping threads took: 0.0000740 seconds
285.051: Application time: 0.1491670 seconds
285.051: [GC285.051: [ParNew: 36377K->3572K(37568K), 0.0057970 secs] 664421K->645155K(927876K), 0.0058420 secs] [Times: user=0.05 sys=0.00, real=0.01 secs] 
285.057: Total time for which application threads were stopped: 0.0059750 seconds, Stopping threads took: 0.0000630 seconds
285.178: Application time: 0.1212260 seconds
285.179: [GC285.179: [ParNew: 36373K->3572K(37568K), 0.0055010 secs] 677956K->657982K(927876K), 0.0055410 secs] [Times: user=0.04 sys=0.00, real=0.01 secs] 
285.184: Total time for which application threads were stopped: 0.0056830 seconds, Stopping threads took: 0.0000700 seconds
285.317: Application time: 0.1327300 seconds
285.317: [GC285.317: [ParNew: 36365K->3564K(37568K), 0.0053640 secs] 690775K->670088K(927876K), 0.0054090 secs] [Times: user=0.03 sys=0.00, real=0.00 secs] 
285.322: Total time for which application threads were stopped: 0.0055550 seconds, Stopping threads took: 0.0000600 seconds
285.453: Application time: 0.1306750 seconds
285.453: [GC285.453: [ParNew: 36365K->3572K(37568K), 0.0052110 secs] 702890K->682209K(927876K), 0.0052520 secs] [Times: user=0.04 sys=0.00, real=0.01 secs] 
285.458: Total time for which application threads were stopped: 0.0054090 seconds, Stopping threads took: 0.0000840 seconds
285.561: Application time: 0.1022090 seconds
285.561: [GC285.561: [ParNew: 36374K->3572K(37568K), 0.0051630 secs] 715011K->694324K(927876K), 0.0052080 secs] [Times: user=0.04 sys=0.00, real=0.01 secs] 
285.566: Total time for which application threads were stopped: 0.0053460 seconds, Stopping threads took: 0.0000690 seconds
285.692: Application time: 0.1261900 seconds
285.692: [GC285.692: [ParNew: 36381K->3574K(37568K), 0.0055140 secs] 727132K->707153K(927876K), 0.0055680 secs] [Times: user=0.04 sys=0.00, real=0.01 secs] 
285.698: Total time for which application threads were stopped: 0.0057250 seconds, Stopping threads took: 0.0000820 seconds
285.798: Application time: 0.0996240 seconds
285.798: [GC285.798: [ParNew: 36377K->3572K(37568K), 0.0053210 secs] 739955K->719978K(927876K), 0.0053620 secs] [Times: user=0.04 sys=0.00, real=0.01 secs] 
285.803: Total time for which application threads were stopped: 0.0055210 seconds, Stopping threads took: 0.0000780 seconds
285.934: Application time: 0.1313330 seconds
285.935: [GC285.935: [ParNew: 36383K->3570K(37568K), 0.0055730 secs] 752789K->733516K(927876K), 0.0056170 secs] [Times: user=0.03 sys=0.00, real=0.01 secs] 
285.940: Total time for which application threads were stopped: 0.0057580 seconds, Stopping threads took: 0.0000580 seconds
286.042: Application time: 0.1022020 seconds
286.043: [GC286.043: [ParNew: 36364K->3562K(37568K), 0.0052300 secs] 766310K->745623K(927876K), 0.0052740 secs] [Times: user=0.04 sys=0.00, real=0.01 secs] 
286.048: Total time for which application threads were stopped: 0.0054050 seconds, Stopping threads took: 0.0000580 seconds
286.157: Application time: 0.1094300 seconds
286.157: [GC286.157: [ParNew: 36365K->3570K(37568K), 0.0054970 secs] 778426K->758458K(927876K), 0.0055400 secs] [Times: user=0.03 sys=0.00, real=0.01 secs] 
286.163: Total time for which application threads were stopped: 0.0056740 seconds, Stopping threads took: 0.0000610 seconds
286.273: Application time: 0.1098780 seconds
286.273: [GC286.273: [ParNew: 36365K->3564K(37568K), 0.0050660 secs] 791252K->769854K(927876K), 0.0051100 secs] [Times: user=0.03 sys=0.00, real=0.01 secs] 
286.278: Total time for which application threads were stopped: 0.0053000 seconds, Stopping threads took: 0.0001180 seconds
286.372: Application time: 0.0943780 seconds
286.373: [GC286.373: [ParNew: 36365K->3574K(37568K), 0.0053500 secs] 802655K->781978K(927876K), 0.0053970 secs] [Times: user=0.04 sys=0.00, real=0.01 secs] 
286.378: Total time for which application threads were stopped: 0.0055710 seconds, Stopping threads took: 0.0001010 seconds
286.507: Application time: 0.1292310 seconds
286.507: [GC286.507: [ParNew: 36376K->3572K(37568K), 0.0052180 secs] 814779K->794090K(927876K), 0.0052640 secs] [Times: user=0.04 sys=0.00, real=0.00 secs] 
286.513: Total time for which application threads were stopped: 0.0054150 seconds, Stopping threads took: 0.0000670 seconds
286.605: Application time: 0.0927080 seconds
286.606: [GC286.606: [ParNew: 36979K->3606K(37568K), 0.0049720 secs] 827497K->805526K(927876K), 0.0050150 secs] [Times: user=0.04 sys=0.00, real=0.00 secs] 
286.611: Total time for which application threads were stopped: 0.0051880 seconds, Stopping threads took: 0.0001010 seconds
286.629: Application time: 0.0183600 seconds
286.629: [GC286.629: [ParNew: 36535K->3570K(37568K), 0.0036140 secs] 838455K->811220K(927876K), 0.0036600 secs] [Times: user=0.03 sys=0.00, real=0.00 secs] 
286.633: Total time for which application threads were stopped: 0.0038250 seconds, Stopping threads took: 0.0000900 seconds
286.645: Application time: 0.0118840 seconds
286.645: [GC286.645: [ParNew: 36356K->1437K(37568K), 0.0019810 secs] 844006K->811224K(927876K), 0.0020220 secs] [Times: user=0.01 sys=0.00, real=0.00 secs] 
286.647: Total time for which application threads were stopped: 0.0021910 seconds, Stopping threads took: 0.0000960 seconds
286.660: Application time: 0.0130420 seconds
286.660: [GC286.660: [ParNew: 34228K->3573K(37568K), 0.0021320 secs] 844015K->814073K(927876K), 0.0021740 secs] [Times: user=0.02 sys=0.00, real=0.00 secs] 
286.662: Total time for which application threads were stopped: 0.0023420 seconds, Stopping threads took: 0.0000940 seconds
286.672: Application time: 0.0094830 seconds
286.672: [GC286.672: [ParNew: 36365K->1437K(37568K), 0.0017260 secs] 846865K->813362K(927876K), 0.0017730 secs] [Times: user=0.01 sys=0.00, real=0.00 secs] 
286.674: Total time for which application threads were stopped: 0.0019570 seconds, Stopping threads took: 0.0001120 seconds
286.774: Application time: 0.1002510 seconds
286.774: [GC286.774: [ParNew: 34238K->3574K(37568K), 0.0055470 secs] 846163K->828326K(927876K), 0.0055890 secs] [Times: user=0.04 sys=0.00, real=0.01 secs] 
286.780: Total time for which application threads were stopped: 0.0057220 seconds, Stopping threads took: 0.0000610 seconds
286.780: Application time: 0.0000340 seconds
286.780: [GC [1 CMS-initial-mark: 824751K(890308K)] 829038K(927876K), 0.0001350 secs] [Times: user=0.00 sys=0.00, real=0.00 secs] 
286.780: Total time for which application threads were stopped: 0.0002910 seconds, Stopping threads took: 0.0001110 seconds
286.780: [CMS-concurrent-mark-start]
286.785: [CMS-concurrent-mark: 0.005/0.005 secs] [Times: user=0.02 sys=0.00, real=0.01 secs] 
286.785: [CMS-concurrent-preclean-start]
286.786: [CMS-concurrent-preclean: 0.001/0.001 secs] [Times: user=0.00 sys=0.00, real=0.00 secs] 
286.786: Application time: 0.0061100 seconds
286.786: [GC[YG occupancy: 5002 K (37568 K)]286.786: [Rescan (parallel) , 0.0003610 secs]286.787: [weak refs processing, 0.0000060 secs]286.787: [scrub string table, 0.0001160 secs] [1 CMS-remark: 824751K(890308K)] 829753K(927876K), 0.0005070 secs] [Times: user=0.00 sys=0.00, real=0.00 secs] 
286.787: Total time for which application threads were stopped: 0.0005820 seconds, Stopping threads took: 0.0000480 seconds
286.787: [CMS-concurrent-sweep-start]
286.788: [CMS-concurrent-sweep: 0.002/0.002 secs] [Times: user=0.00 sys=0.00, real=0.00 secs] 
286.788: [CMS-concurrent-reset-start]
286.790: [CMS-concurrent-reset: 0.002/0.002 secs] [Times: user=0.00 sys=0.00, real=0.00 secs] 
286.841: Application time: 0.0541120 seconds
286.841: [GC286.841: [ParNew: 36396K->3600K(37568K), 0.0039800 secs] 61305K->35636K(927876K), 0.0040260 secs] [Times: user=0.03 sys=0.00, real=0.01 secs] 
286.845: Total time for which application threads were stopped: 0.0041740 seconds, Stopping threads took: 0.0000700 seconds
286.854: Application time: 0.0087640 seconds
286.854: [GC286.854: [ParNew: 36391K->3566K(37568K), 0.0036090 secs] 68427K->41331K(927876K), 0.0036530 secs] [Times: user=0.03 sys=0.00, real=0.01 secs] 
286.858: Total time for which application threads were stopped: 0.0038330 seconds, Stopping threads took: 0.0001040 seconds
286.871: Application time: 0.0138400 seconds
286.872: [GC286.872: [ParNew: 36365K->3573K(37568K), 0.0030120 secs] 74131K->45613K(927876K), 0.0030550 secs] [Times: user=0.03 sys=0.00, real=0.00 secs] 
286.875: Total time for which application threads were stopped: 0.0032620 seconds, Stopping threads took: 0.0001330 seconds
286.885: Application time: 0.0103200 seconds
286.885: [GC286.885: [ParNew: 36365K->2143K(37568K), 0.0024360 secs] 78405K->47035K(927876K), 0.0024790 secs] [Times: user=0.02 sys=0.00, real=0.00 secs] 
286.888: Total time for which application threads were stopped: 0.0026410 seconds, Stopping threads took: 0.0000860 seconds
286.957: Application time: 0.0690500 seconds
286.957: [GC286.957: [ParNew: 34946K->3570K(37568K), 0.0051440 secs] 79838K->60576K(927876K), 0.0051860 secs] [Times: user=0.04 sys=0.00, real=0.00 secs] 
286.962: Total time for which application threads were stopped: 0.0053560 seconds, Stopping threads took: 0.0000980 seconds
287.064: Application time: 0.1017310 seconds
287.064: [GC287.064: [ParNew: 36396K->3602K(37568K), 0.0054540 secs] 93402K->73435K(927876K), 0.0054960 secs] [Times: user=0.04 sys=0.00, real=0.00 secs] 
287.069: Total time for which application threads were stopped: 0.0056280 seconds, Stopping threads took: 0.0000560 seconds
287.084: Application time: 0.0148980 seconds
287.084: [GC287.084: [ParNew: 36388K->3570K(37568K), 0.0028680 secs] 106221K->76281K(927876K), 0.0029120 secs] [Times: user=0.02 sys=0.00, real=0.00 secs] 
287.087: Total time for which application threads were stopped: 0.0030580 seconds, Stopping threads took: 0.0000710 seconds
287.099: Application time: 0.0119760 seconds
287.099: [GC287.100: [ParNew: 36359K->3570K(37568K), 0.0022120 secs] 109070K->77707K(927876K), 0.0022600 secs] [Times: user=0.02 sys=0.00, real=0.00 secs] 
287.102: Total time for which application threads were stopped: 0.0024100 seconds, Stopping threads took: 0.0000780 seconds
287.114: Application time: 0.0120620 seconds
287.114: [GC287.114: [ParNew: 36362K->3569K(37568K), 0.0029490 secs] 110498K->81268K(927876K), 0.0029920 secs] [Times: user=0.02 sys=0.00, real=0.01 secs] 
287.117: Total time for which application threads were stopped: 0.0031390 seconds, Stopping threads took: 0.0000800 seconds
287.127: Application time: 0.0096680 seconds
287.127: [GC287.127: [ParNew: 36362K->3572K(37568K), 0.0025520 secs] 114061K->84122K(927876K), 0.0025950 secs] [Times: user=0.02 sys=0.00, real=0.00 secs] 
287.129: Total time for which application threads were stopped: 0.0027740 seconds, Stopping threads took: 0.0000980 seconds
287.251: Application time: 0.1212650 seconds
287.251: [GC287.251: [ParNew: 36365K->3562K(37568K), 0.0053910 secs] 116915K->96938K(927876K), 0.0054360 secs] [Times: user=0.04 sys=0.00, real=0.01 secs] 
287.256: Total time for which application threads were stopped: 0.0055860 seconds, Stopping threads took: 0.0000740 seconds
287.380: Application time: 0.1234810 seconds
287.380: [GC287.380: [ParNew: 36969K->3600K(37568K), 0.0048850 secs] 130345K->108377K(927876K), 0.0049290 secs] [Times: user=0.04 sys=0.00, real=0.01 secs] 
287.385: Total time for which application threads were stopped: 0.0050940 seconds, Stopping threads took: 0.0000900 seconds
287.404: Application time: 0.0192050 seconds
287.404: [GC287.404: [ParNew: 36520K->3572K(37568K), 0.0030640 secs] 141296K->111940K(927876K), 0.0031050 secs] [Times: user=0.02 sys=0.00, real=0.00 secs] 
287.407: Total time for which application threads were stopped: 0.0033850 seconds, Stopping threads took: 0.0002060 seconds
287.417: Application time: 0.0098220 seconds
287.417: [GC287.417: [ParNew: 36365K->3572K(37568K), 0.0035020 secs] 144732K->117640K(927876K), 0.0035450 secs] [Times: user=0.03 sys=0.00, real=0.00 secs] 
287.421: Total time for which application threads were stopped: 0.0037550 seconds, Stopping threads took: 0.0001370 seconds
287.435: Application time: 0.0142600 seconds
287.435: [GC287.435: [ParNew: 36356K->2850K(37568K), 0.0025650 secs] 150424K->119769K(927876K), 0.0026060 secs] [Times: user=0.02 sys=0.00, real=0.00 secs] 
287.438: Total time for which application threads were stopped: 0.0027400 seconds, Stopping threads took: 0.0000600 seconds
287.446: Application time: 0.0077600 seconds
287.446: [GC287.446: [ParNew: 35640K->1433K(37568K), 0.0020710 secs] 152560K->120490K(927876K), 0.0021100 secs] [Times: user=0.02 sys=0.00, real=0.00 secs] 
287.448: Total time for which application threads were stopped: 0.0023210 seconds, Stopping threads took: 0.0001350 seconds
287.553: Application time: 0.1045450 seconds
287.553: [GC287.553: [ParNew: 34267K->3604K(37568K), 0.0057250 secs] 153323K->136912K(927876K), 0.0057670 secs] [Times: user=0.05 sys=0.00, real=0.01 secs] 
287.559: Total time for which application threads were stopped: 0.0059220 seconds, Stopping threads took: 0.0000840 seconds
287.573: Application time: 0.0139540 seconds
287.573: [GC287.573: [ParNew: 36392K->3568K(37568K), 0.0036060 secs] 169700K->142605K(927876K), 0.0036500 secs] [Times: user=0.03 sys=0.00, real=0.01 secs] 
287.576: Total time for which application threads were stopped: 0.0038490 seconds, Stopping threads took: 0.0001160 seconds
287.589: Application time: 0.0123630 seconds
287.589: [GC287.589: [ParNew: 36386K->3604K(37568K), 0.0029680 secs] 175423K->146204K(927876K), 0.0030110 secs] [Times: user=0.02 sys=0.00, real=0.00 secs] 
287.592: Total time for which application threads were stopped: 0.0031640 seconds, Stopping threads took: 0.0000790 seconds
287.602: Application time: 0.0097730 seconds
287.602: [GC287.602: [ParNew: 36394K->3574K(37568K), 0.0033620 secs] 178994K->150479K(927876K), 0.0034040 secs] [Times: user=0.02 sys=0.00, real=0.01 secs] 
287.605: Total time for which application threads were stopped: 0.0035900 seconds, Stopping threads took: 0.0001020 seconds
287.614: Application time: 0.0087730 seconds
287.615: [GC287.615: [ParNew: 36371K->2864K(37568K), 0.0021660 secs] 183275K->151193K(927876K), 0.0022080 secs] [Times: user=0.02 sys=0.00, real=0.00 secs] 
287.617: Total time for which application threads were stopped: 0.0030830 seconds, Stopping threads took: 0.0008080 seconds
287.624: Application time: 0.0070710 seconds
287.624: [GC287.624: [ParNew: 35650K->3562K(37568K), 0.0033460 secs] 183980K->156881K(927876K), 0.0033880 secs] [Times: user=0.03 sys=0.00, real=0.00 secs] 
287.628: Total time for which application threads were stopped: 0.0035420 seconds, Stopping threads took: 0.0000790 seconds
287.639: Application time: 0.0109540 seconds
287.639: [GC287.639: [ParNew: 36359K->3578K(37568K), 0.0024240 secs] 189678K->158322K(927876K), 0.0024640 secs] [Times: user=0.02 sys=0.00, real=0.00 secs] 
287.641: Total time for which application threads were stopped: 0.0026560 seconds, Stopping threads took: 0.0001180 seconds
287.654: Application time: 0.0129660 seconds
287.655: [GC287.655: [ParNew: 36376K->3571K(37568K), 0.0027740 secs] 191120K->161166K(927876K), 0.0028180 secs] [Times: user=0.02 sys=0.00, real=0.01 secs] 
287.657: Total time for which application threads were stopped: 0.0030030 seconds, Stopping threads took: 0.0001110 seconds
287.666: Application time: 0.0086170 seconds
287.666: [GC287.666: [ParNew: 36356K->2137K(37568K), 0.0019990 secs] 193951K->161871K(927876K), 0.0020400 secs] [Times: user=0.02 sys=0.00, real=0.00 secs] 
287.668: Total time for which application threads were stopped: 0.0021880 seconds, Stopping threads took: 0.0000790 seconds
287.759: Application time: 0.0908630 seconds
287.759: [GC287.759: [ParNew: 34973K->3606K(37568K), 0.0053190 secs] 194707K->175453K(927876K), 0.0053650 secs] [Times: user=0.03 sys=0.00, real=0.01 secs] 
287.765: Total time for which application threads were stopped: 0.0055240 seconds, Stopping threads took: 0.0000840 seconds
287.776: Application time: 0.0116370 seconds
287.776: [GC287.776: [ParNew: 36394K->3566K(37568K), 0.0032420 secs] 208241K->179717K(927876K), 0.0032850 secs] [Times: user=0.02 sys=0.00, real=0.00 secs] 
287.780: Total time for which application threads were stopped: 0.0034710 seconds, Stopping threads took: 0.0001130 seconds
287.793: Application time: 0.0129540 seconds
287.793: [GC287.793: [ParNew: 36357K->3572K(37568K), 0.0031010 secs] 212508K->183998K(927876K), 0.0031430 secs] [Times: user=0.02 sys=0.00, real=0.01 secs] 
287.796: Total time for which application threads were stopped: 0.0032940 seconds, Stopping threads took: 0.0000780 seconds
287.807: Application time: 0.0113210 seconds
287.807: [GC287.807: [ParNew: 36366K->3570K(37568K), 0.0028600 secs] 216792K->186847K(927876K), 0.0029010 secs] [Times: user=0.02 sys=0.00, real=0.00 secs] 
287.810: Total time for which application threads were stopped: 0.0031010 seconds, Stopping threads took: 0.0001250 seconds
287.860: Application time: 0.0499230 seconds
287.860: [GC287.860: [ParNew: 36402K->3604K(37568K), 0.0038900 secs] 219678K->194718K(927876K), 0.0039300 secs] [Times: user=0.03 sys=0.00, real=0.01 secs] 
287.864: Total time for which application threads were stopped: 0.0040620 seconds, Stopping threads took: 0.0000610 seconds
287.879: Application time: 0.0151320 seconds
287.880: [GC287.880: [ParNew: 36390K->3568K(37568K), 0.0032070 secs] 227504K->198987K(927876K), 0.0032490 secs] [Times: user=0.02 sys=0.00, real=0.01 secs] 
287.883: Total time for which application threads were stopped: 0.0034000 seconds, Stopping threads took: 0.0000760 seconds
287.894: Application time: 0.0116300 seconds
287.895: [GC287.895: [ParNew: 36363K->3572K(37568K), 0.0028150 secs] 231781K->201841K(927876K), 0.0028560 secs] [Times: user=0.01 sys=0.01, real=0.01 secs] 
287.898: Total time for which application threads were stopped: 0.0030320 seconds, Stopping threads took: 0.0001030 seconds
287.910: Application time: 0.0127750 seconds
287.910: [GC287.910: [ParNew: 36367K->3569K(37568K), 0.0036910 secs] 234636K->208251K(927876K), 0.0037440 secs] [Times: user=0.03 sys=0.00, real=0.00 secs] 
287.914: Total time for which application threads were stopped: 0.0038960 seconds, Stopping threads took: 0.0000780 seconds
287.922: Application time: 0.0075570 seconds
287.922: [GC287.922: [ParNew: 36354K->3562K(37568K), 0.0028370 secs] 241037K->211096K(927876K), 0.0028770 secs] [Times: user=0.02 sys=0.00, real=0.01 secs] 
287.925: Total time for which application threads were stopped: 0.0030690 seconds, Stopping threads took: 0.0001180 seconds
288.064: Application time: 0.1392360 seconds
288.064: [GC288.064: [ParNew: 36363K->3576K(37568K), 0.0053010 secs] 243896K->223935K(927876K), 0.0053450 secs] [Times: user=0.04 sys=0.00, real=0.00 secs] 
288.070: Total time for which application threads were stopped: 0.0054970 seconds, Stopping threads took: 0.0000790 seconds
288.207: Application time: 0.1378180 seconds
288.208: [GC288.208: [ParNew: 36376K->3570K(37568K), 0.0055380 secs] 256735K->237468K(927876K), 0.0055810 secs] [Times: user=0.04 sys=0.00, real=0.00 secs] 
288.213: Total time for which application threads were stopped: 0.0057230 seconds, Stopping threads took: 0.0000610 seconds
288.361: Application time: 0.1475620 seconds
288.361: [GC288.361: [ParNew: 36362K->3564K(37568K), 0.0051500 secs] 270260K->249575K(927876K), 0.0051940 secs] [Times: user=0.04 sys=0.00, real=0.01 secs] 
288.366: Total time for which application threads were stopped: 0.0053260 seconds, Stopping threads took: 0.0000570 seconds
288.507: Application time: 0.1409320 seconds
288.507: [GC288.507: [ParNew: 36364K->3572K(37568K), 0.0053320 secs] 282376K->262409K(927876K), 0.0053750 secs] [Times: user=0.04 sys=0.00, real=0.00 secs] 
288.512: Total time for which application threads were stopped: 0.0055130 seconds, Stopping threads took: 0.0000650 seconds
288.657: Application time: 0.1440720 seconds
288.657: [GC288.657: [ParNew: 36386K->3578K(37568K), 0.0050790 secs] 295222K->274528K(927876K), 0.0051220 secs] [Times: user=0.04 sys=0.00, real=0.00 secs] 
288.662: Total time for which application threads were stopped: 0.0052550 seconds, Stopping threads took: 0.0000630 seconds
288.797: Application time: 0.1355330 seconds
288.797: [GC288.797: [ParNew: 36377K->3570K(37568K), 0.0051130 secs] 307327K->286636K(927876K), 0.0051550 secs] [Times: user=0.04 sys=0.00, real=0.00 secs] 
288.803: Total time for which application threads were stopped: 0.0053140 seconds, Stopping threads took: 0.0000800 seconds
288.935: Application time: 0.1325260 seconds
288.935: [GC288.935: [ParNew: 36377K->3572K(37568K), 0.0055320 secs] 319443K->300176K(927876K), 0.0055730 secs] [Times: user=0.04 sys=0.00, real=0.00 secs] 
288.941: Total time for which application threads were stopped: 0.0057390 seconds, Stopping threads took: 0.0001010 seconds
289.061: Application time: 0.1199460 seconds
289.061: [GC289.061: [ParNew: 36373K->3570K(37568K), 0.0056160 secs] 332977K->313714K(927876K), 0.0056610 secs] [Times: user=0.05 sys=0.00, real=0.01 secs] 
289.067: Total time for which application threads were stopped: 0.0058200 seconds, Stopping threads took: 0.0000860 seconds
289.209: Application time: 0.1425310 seconds
289.209: [GC289.209: [ParNew: 36363K->3562K(37568K), 0.0052210 secs] 346507K->325820K(927876K), 0.0052640 secs] [Times: user=0.04 sys=0.00, real=0.00 secs] 
289.215: Total time for which application threads were stopped: 0.0054050 seconds, Stopping threads took: 0.0000690 seconds
289.358: Application time: 0.1437410 seconds
289.358: [GC289.359: [ParNew: 36355K->3562K(37568K), 0.0049990 secs] 358613K->337933K(927876K), 0.0050420 secs] [Times: user=0.03 sys=0.00, real=0.01 secs] 
289.364: Total time for which application threads were stopped: 0.0052010 seconds, Stopping threads took: 0.0000800 seconds
289.457: Application time: 0.0929570 seconds
289.457: [GC289.457: [ParNew: 36364K->3574K(37568K), 0.0053570 secs] 370735K->350771K(927876K), 0.0054020 secs] [Times: user=0.03 sys=0.00, real=0.00 secs] 
289.462: Total time for which application threads were stopped: 0.0055770 seconds, Stopping threads took: 0.0001030 seconds
289.600: Application time: 0.1383560 seconds
289.601: [GC289.602: [ParNew: 36383K->3574K(37568K), 0.0055390 secs] 383580K->363598K(927876K), 0.0071010 secs] [Times: user=0.04 sys=0.00, real=0.01 secs] 
289.608: Total time for which application threads were stopped: 0.0072380 seconds, Stopping threads took: 0.0000670 seconds
289.698: Application time: 0.0898880 seconds
289.698: [GC289.698: [ParNew: 36384K->3574K(37568K), 0.0054480 secs] 396408K->376425K(927876K), 0.0054890 secs] [Times: user=0.05 sys=0.00, real=0.01 secs] 
289.703: Total time for which application threads were stopped: 0.0056440 seconds, Stopping threads took: 0.0000840 seconds
289.835: Application time: 0.1315630 seconds
289.835: [GC289.835: [ParNew: 36386K->3570K(37568K), 0.0052150 secs] 409236K->388537K(927876K), 0.0052570 secs] [Times: user=0.04 sys=0.00, real=0.00 secs] 
289.840: Total time for which application threads were stopped: 0.0054020 seconds, Stopping threads took: 0.0000740 seconds
289.933: Application time: 0.0924430 seconds
289.933: [GC289.933: [ParNew: 36371K->3568K(37568K), 0.0052200 secs] 421337K->400650K(927876K), 0.0052650 secs] [Times: user=0.04 sys=0.00, real=0.01 secs] 
289.938: Total time for which application threads were stopped: 0.0054220 seconds, Stopping threads took: 0.0000720 seconds
290.068: Application time: 0.1303750 seconds
290.069: [GC290.069: [ParNew: 36363K->3562K(37568K), 0.0051930 secs] 433444K->412758K(927876K), 0.0052340 secs] [Times: user=0.04 sys=0.00, real=0.00 secs] 
290.074: Total time for which application threads were stopped: 0.0053660 seconds, Stopping threads took: 0.0000600 seconds
290.163: Application time: 0.0893870 seconds
290.163: [GC290.163: [ParNew: 36357K->3562K(37568K), 0.0052440 secs] 445553K->424872K(927876K), 0.0052880 secs] [Times: user=0.04 sys=0.00, real=0.00 secs] 
290.169: Total time for which application threads were stopped: 0.0054270 seconds, Stopping threads took: 0.0000650 seconds
290.285: Application time: 0.1161730 seconds
290.285: [GC290.285: [ParNew: 36357K->3562K(37568K), 0.0052030 secs] 457667K->436986K(927876K), 0.0052430 secs] [Times: user=0.04 sys=0.00, real=0.00 secs] 
290.290: Total time for which application threads were stopped: 0.0054040 seconds, Stopping threads took: 0.0000950 seconds
290.400: Application time: 0.1097910 seconds
290.400: [GC290.400: [ParNew: 36365K->3566K(37568K), 0.0054230 secs] 469789K->449816K(927876K), 0.0054670 secs] [Times: user=0.04 sys=0.00, real=0.01 secs] 
290.406: Total time for which application threads were stopped: 0.0055990 seconds, Stopping threads took: 0.0000600 seconds
290.510: Application time: 0.1048500 seconds
290.511: [GC290.511: [ParNew: 36368K->3572K(37568K), 0.0051290 secs] 482618K->461937K(927876K), 0.0051740 secs] [Times: user=0.03 sys=0.00, real=0.01 secs] 
290.516: Total time for which application threads were stopped: 0.0053240 seconds, Stopping threads took: 0.0000670 seconds
290.556: Application time: 0.0401750 seconds
290.556: [GC290.556: [ParNew: 36392K->3600K(37568K), 0.0033990 secs] 494757K->466954K(927876K), 0.0034450 secs] [Times: user=0.03 sys=0.00, real=0.00 secs] 
290.560: Total time for which application threads were stopped: 0.0036310 seconds, Stopping threads took: 0.0001100 seconds
290.570: Application time: 0.0102490 seconds
290.570: [GC290.570: [ParNew: 36397K->3572K(37568K), 0.0025850 secs] 499750K->469092K(927876K), 0.0026250 secs] [Times: user=0.02 sys=0.00, real=0.00 secs] 
290.573: Total time for which application threads were stopped: 0.0028210 seconds, Stopping threads took: 0.0001100 seconds
290.585: Application time: 0.0122220 seconds
290.585: [GC290.585: [ParNew: 36366K->3571K(37568K), 0.0037630 secs] 501886K->475504K(927876K), 0.0038080 secs] [Times: user=0.03 sys=0.00, real=0.00 secs] 
290.589: Total time for which application threads were stopped: 0.0039880 seconds, Stopping threads took: 0.0001040 seconds
290.598: Application time: 0.0095770 seconds
290.599: [GC290.599: [ParNew: 36363K->2143K(37568K), 0.0025500 secs] 508296K->476929K(927876K), 0.0025920 secs] [Times: user=0.02 sys=0.00, real=0.00 secs] 
290.601: Total time for which application threads were stopped: 0.0027910 seconds, Stopping threads took: 0.0001230 seconds
290.679: Application time: 0.0772890 seconds
290.679: [GC290.679: [ParNew: 34952K->3576K(37568K), 0.0056040 secs] 509737K->491188K(927876K), 0.0056460 secs] [Times: user=0.03 sys=0.00, real=0.01 secs] 
290.684: Total time for which application threads were stopped: 0.0058100 seconds, Stopping threads took: 0.0001000 seconds
290.773: Application time: 0.0883430 seconds
290.773: [GC290.773: [ParNew: 36411K->3604K(37568K), 0.0055440 secs] 524023K->504044K(927876K), 0.0055880 secs] [Times: user=0.04 sys=0.00, real=0.01 secs] 
290.778: Total time for which application threads were stopped: 0.0057240 seconds, Stopping threads took: 0.0000620 seconds
290.792: Application time: 0.0138700 seconds
290.792: [GC290.792: [ParNew: 36388K->1435K(37568K), 0.0025580 secs] 536828K->504754K(927876K), 0.0026000 secs] [Times: user=0.02 sys=0.00, real=0.01 secs] 
290.795: Total time for which application threads were stopped: 0.0027850 seconds, Stopping threads took: 0.0001100 seconds
290.811: Application time: 0.0155770 seconds
290.811: [GC290.811: [ParNew: 34226K->3570K(37568K), 0.0027570 secs] 537545K->509027K(927876K), 0.0028020 secs] [Times: user=0.02 sys=0.00, real=0.00 secs] 
290.814: Total time for which application threads were stopped: 0.0029950 seconds, Stopping threads took: 0.0001090 seconds
290.826: Application time: 0.0119730 seconds
290.826: [GC290.826: [ParNew: 36363K->2146K(37568K), 0.0024810 secs] 541820K->510453K(927876K), 0.0025270 secs] [Times: user=0.02 sys=0.00, real=0.00 secs] 
290.828: Total time for which application threads were stopped: 0.0027020 seconds, Stopping threads took: 0.0000990 seconds
290.840: Application time: 0.0112170 seconds
290.840: [GC290.840: [ParNew: 34942K->3574K(37568K), 0.0032010 secs] 543249K->516870K(927876K), 0.0032440 secs] [Times: user=0.02 sys=0.01, real=0.01 secs] 
290.843: Total time for which application threads were stopped: 0.0033810 seconds, Stopping threads took: 0.0000640 seconds
290.927: Application time: 0.0837600 seconds
290.927: [GC290.927: [ParNew: 36403K->3606K(37568K), 0.0054570 secs] 549698K->529016K(927876K), 0.0055030 secs] [Times: user=0.03 sys=0.00, real=0.00 secs] 
290.932: Total time for which application threads were stopped: 0.0056650 seconds, Stopping threads took: 0.0000770 seconds
290.945: Application time: 0.0123150 seconds
290.945: [GC290.945: [ParNew: 36393K->3572K(37568K), 0.0030970 secs] 561802K->532573K(927876K), 0.0031430 secs] [Times: user=0.03 sys=0.00, real=0.00 secs] 
290.948: Total time for which application threads were stopped: 0.0033000 seconds, Stopping threads took: 0.0000790 seconds
290.962: Application time: 0.0137860 seconds
290.962: [GC290.962: [ParNew: 36362K->3570K(37568K), 0.0024630 secs] 565363K->533996K(927876K), 0.0025080 secs] [Times: user=0.02 sys=0.00, real=0.01 secs] 
290.964: Total time for which application threads were stopped: 0.0027050 seconds, Stopping threads took: 0.0001210 seconds
290.974: Application time: 0.0098170 seconds
290.974: [GC290.974: [ParNew: 36366K->3566K(37568K), 0.0033760 secs] 566792K->538981K(927876K), 0.0034190 secs] [Times: user=0.03 sys=0.00, real=0.01 secs] 
290.978: Total time for which application threads were stopped: 0.0035790 seconds, Stopping threads took: 0.0000830 seconds
291.027: Application time: 0.0486860 seconds
291.027: [GC291.027: [ParNew: 36365K->3576K(37568K), 0.0042840 secs] 571779K->547541K(927876K), 0.0043250 secs] [Times: user=0.03 sys=0.00, real=0.00 secs] 
291.031: Total time for which application threads were stopped: 0.0045070 seconds, Stopping threads took: 0.0001000 seconds
291.150: Application time: 0.1193870 seconds
291.151: [GC291.151: [ParNew: 36369K->3562K(37568K), 0.0051160 secs] 580334K->559641K(927876K), 0.0051630 secs] [Times: user=0.04 sys=0.00, real=0.01 secs] 
291.156: Total time for which application threads were stopped: 0.0053260 seconds, Stopping threads took: 0.0000920 seconds
291.279: Application time: 0.1231920 seconds
291.279: [GC291.279: [ParNew: 36355K->3562K(37568K), 0.0054010 secs] 592434K->571754K(927876K), 0.0054540 secs] [Times: user=0.04 sys=0.00, real=0.01 secs] 
291.285: Total time for which application threads were stopped: 0.0055910 seconds, Stopping threads took: 0.0000610 seconds
291.319: Application time: 0.0346320 seconds
291.319: [GC291.319: [ParNew: 36382K->3598K(37568K), 0.0036580 secs] 604574K->577491K(927876K), 0.0037030 secs] [Times: user=0.03 sys=0.00, real=0.01 secs] 
291.323: Total time for which application threads were stopped: 0.0038740 seconds, Stopping threads took: 0.0000950 seconds
291.334: Application time: 0.0105810 seconds
291.334: [GC291.334: [ParNew: 36394K->3572K(37568K), 0.0025040 secs] 610287K->579631K(927876K), 0.0025430 secs] [Times: user=0.02 sys=0.00, real=0.01 secs] 
291.336: Total time for which application threads were stopped: 0.0026970 seconds, Stopping threads took: 0.0000790 seconds
291.351: Application time: 0.0143940 seconds
291.351: [GC291.351: [ParNew: 36358K->1427K(37568K), 0.0023240 secs] 612417K->580336K(927876K), 0.0023650 secs] [Times: user=0.01 sys=0.00, real=0.00 secs] 
291.354: Total time for which application threads were stopped: 0.0030990 seconds, Stopping threads took: 0.0006600 seconds
291.361: Application time: 0.0075530 seconds
291.362: [GC291.362: [ParNew: 34221K->3568K(37568K), 0.0029380 secs] 613131K->585328K(927876K), 0.0029820 secs] [Times: user=0.02 sys=0.00, real=0.01 secs] 
291.365: Total time for which application threads were stopped: 0.0031410 seconds, Stopping threads took: 0.0000830 seconds
291.463: Application time: 0.0982160 seconds
291.463: [GC291.463: [ParNew: 36369K->3576K(37568K), 0.0053530 secs] 618129K->598161K(927876K), 0.0053960 secs] [Times: user=0.05 sys=0.00, real=0.00 secs] 
291.468: Total time for which application threads were stopped: 0.0055660 seconds, Stopping threads took: 0.0000980 seconds
291.511: Application time: 0.0429950 seconds
291.511: [GC291.511: [ParNew: 36396K->3602K(37568K), 0.0039020 secs] 630981K->604601K(927876K), 0.0039460 secs] [Times: user=0.03 sys=0.00, real=0.01 secs] 
291.515: Total time for which application threads were stopped: 0.0040860 seconds, Stopping threads took: 0.0000650 seconds
291.525: Application time: 0.0096070 seconds
291.525: [GC291.525: [ParNew: 36392K->3564K(37568K), 0.0030770 secs] 637391K->608154K(927876K), 0.0031180 secs] [Times: user=0.02 sys=0.00, real=0.00 secs] 
291.528: Total time for which application threads were stopped: 0.0032950 seconds, Stopping threads took: 0.0001010 seconds
291.542: Application time: 0.0140950 seconds
291.543: [GC291.543: [ParNew: 36355K->3570K(37568K), 0.0031690 secs] 640946K->612436K(927876K), 0.0032130 secs] [Times: user=0.03 sys=0.00, real=0.01 secs] 
291.546: Total time for which application threads were stopped: 0.0034000 seconds, Stopping threads took: 0.0001030 seconds
291.555: Application time: 0.0089930 seconds
291.555: [GC291.555: [ParNew: 36364K->3570K(37568K), 0.0026610 secs] 645229K->614573K(927876K), 0.0027030 secs] [Times: user=0.02 sys=0.00, real=0.00 secs] 
291.558: Total time for which application threads were stopped: 0.0028880 seconds, Stopping threads took: 0.0001100 seconds
291.633: Application time: 0.0753380 seconds
291.634: [GC291.634: [ParNew: 36411K->3604K(37568K), 0.0056550 secs] 647414K->627433K(927876K), 0.0056960 secs] [Times: user=0.05 sys=0.00, real=0.01 secs] 
291.640: Total time for which application threads were stopped: 0.0064860 seconds, Stopping threads took: 0.0007180 seconds
291.654: Application time: 0.0144380 seconds
291.654: [GC291.654: [ParNew: 36392K->3570K(37568K), 0.0035030 secs] 660221K->632416K(927876K), 0.0035470 secs] [Times: user=0.03 sys=0.00, real=0.01 secs] 
291.658: Total time for which application threads were stopped: 0.0038060 seconds, Stopping threads took: 0.0001840 seconds
291.669: Application time: 0.0116120 seconds
291.670: [GC291.670: [ParNew: 36359K->3572K(37568K), 0.0029340 secs] 665205K->635269K(927876K), 0.0029830 secs] [Times: user=0.02 sys=0.00, real=0.00 secs] 
291.673: Total time for which application threads were stopped: 0.0031430 seconds, Stopping threads took: 0.0000850 seconds
291.686: Application time: 0.0133360 seconds
291.686: [GC291.686: [ParNew: 36364K->1435K(37568K), 0.0020860 secs] 668061K->635269K(927876K), 0.0021260 secs] [Times: user=0.01 sys=0.00, real=0.00 secs] 
291.688: Total time for which application threads were stopped: 0.0023500 seconds, Stopping threads took: 0.0001310 seconds
291.705: Application time: 0.0163310 seconds
291.705: [GC291.705: [ParNew: 34264K->3606K(37568K), 0.0019490 secs] 668098K->638153K(927876K), 0.0019870 secs] [Times: user=0.01 sys=0.00, real=0.00 secs] 
291.707: Total time for which application threads were stopped: 0.0021220 seconds, Stopping threads took: 0.0000640 seconds
291.722: Application time: 0.0156980 seconds
291.723: [GC291.723: [ParNew: 36394K->3572K(37568K), 0.0031030 secs] 670941K->642423K(927876K), 0.0031460 secs] [Times: user=0.02 sys=0.00, real=0.01 secs] 
291.726: Total time for which application threads were stopped: 0.0033090 seconds, Stopping threads took: 0.0000900 seconds
291.737: Application time: 0.0110360 seconds
291.737: [GC291.737: [ParNew: 36362K->3568K(37568K), 0.0031030 secs] 675214K->646694K(927876K), 0.0031450 secs] [Times: user=0.03 sys=0.00, real=0.00 secs] 
291.740: Total time for which application threads were stopped: 0.0032860 seconds, Stopping threads took: 0.0000680 seconds
291.753: Application time: 0.0127190 seconds
291.753: [GC291.753: [ParNew: 36359K->3573K(37568K), 0.0030390 secs] 679485K->650261K(927876K), 0.0030800 secs] [Times: user=0.02 sys=0.00, real=0.01 secs] 
291.756: Total time for which application threads were stopped: 0.0032460 seconds, Stopping threads took: 0.0000930 seconds
291.765: Application time: 0.0088020 seconds
291.765: [GC291.765: [ParNew: 36929K->47K(37568K), 0.0015920 secs] 683618K->648873K(927876K), 0.0016270 secs] [Times: user=0.01 sys=0.00, real=0.00 secs] 
291.767: Total time for which application threads were stopped: 0.0017920 seconds, Stopping threads took: 0.0000940 seconds
291.786: Application time: 0.0198020 seconds
291.787: [GC291.787: [ParNew: 33016K->3606K(37568K), 0.0023180 secs] 681843K->653145K(927876K), 0.0023600 secs] [Times: user=0.02 sys=0.00, real=0.00 secs] 
291.789: Total time for which application threads were stopped: 0.0025380 seconds, Stopping threads took: 0.0001040 seconds
291.801: Application time: 0.0125320 seconds
291.802: [GC291.802: [ParNew: 36397K->3568K(37568K), 0.0031820 secs] 685936K->657412K(927876K), 0.0032240 secs] [Times: user=0.02 sys=0.00, real=0.01 secs] 
291.805: Total time for which application threads were stopped: 0.0034190 seconds, Stopping threads took: 0.0001220 seconds
291.819: Application time: 0.0136750 seconds
291.819: [GC291.819: [ParNew: 36367K->3573K(37568K), 0.0026720 secs] 690211K->660266K(927876K), 0.0027140 secs] [Times: user=0.02 sys=0.01, real=0.00 secs] 
291.821: Total time for which application threads were stopped: 0.0028760 seconds, Stopping threads took: 0.0000870 seconds
291.829: Application time: 0.0076260 seconds
291.829: [GC291.829: [ParNew: 36358K->2139K(37568K), 0.0025090 secs] 693052K->661685K(927876K), 0.0025500 secs] [Times: user=0.02 sys=0.00, real=0.00 secs] 
291.832: Total time for which application threads were stopped: 0.0027130 seconds, Stopping threads took: 0.0000910 seconds
291.975: Application time: 0.1430080 seconds
291.975: [GC291.975: [ParNew: 34939K->3572K(37568K), 0.0054230 secs] 694485K->675943K(927876K), 0.0054650 secs] [Times: user=0.04 sys=0.00, real=0.00 secs] 
291.980: Total time for which application threads were stopped: 0.0056200 seconds, Stopping threads took: 0.0000850 seconds
292.128: Application time: 0.1472980 seconds
292.128: [GC292.128: [ParNew: 36372K->3572K(37568K), 0.0053160 secs] 708744K->688769K(927876K), 0.0053580 secs] [Times: user=0.04 sys=0.00, real=0.00 secs] 
292.133: Total time for which application threads were stopped: 0.0055110 seconds, Stopping threads took: 0.0000710 seconds
292.274: Application time: 0.1405310 seconds
292.274: [GC292.274: [ParNew: 36364K->3562K(37568K), 0.0055200 secs] 721561K->701586K(927876K), 0.0055730 secs] [Times: user=0.05 sys=0.00, real=0.01 secs] 
292.279: Total time for which application threads were stopped: 0.0057170 seconds, Stopping threads took: 0.0000720 seconds
292.433: Application time: 0.1533910 seconds
292.433: [GC292.433: [ParNew: 36360K->3574K(37568K), 0.0051160 secs] 734384K->713710K(927876K), 0.0051580 secs] [Times: user=0.04 sys=0.00, real=0.01 secs] 
292.438: Total time for which application threads were stopped: 0.0052990 seconds, Stopping threads took: 0.0000670 seconds
292.589: Application time: 0.1508600 seconds
292.589: [GC292.589: [ParNew: 36381K->3570K(37568K), 0.0051300 secs] 746517K->725820K(927876K), 0.0051730 secs] [Times: user=0.03 sys=0.00, real=0.00 secs] 
292.594: Total time for which application threads were stopped: 0.0053420 seconds, Stopping threads took: 0.0000960 seconds
292.713: Application time: 0.1185040 seconds
292.713: [GC292.713: [ParNew: 36368K->3570K(37568K), 0.0054350 secs] 758618K->738647K(927876K), 0.0054770 secs] [Times: user=0.05 sys=0.00, real=0.01 secs] 
292.719: Total time for which application threads were stopped: 0.0056410 seconds, Stopping threads took: 0.0000790 seconds
292.867: Application time: 0.1481200 seconds
292.867: [GC292.867: [ParNew: 36387K->3574K(37568K), 0.0053070 secs] 771464K->751477K(927876K), 0.0053550 secs] [Times: user=0.04 sys=0.00, real=0.00 secs] 
292.872: Total time for which application threads were stopped: 0.0054880 seconds, Stopping threads took: 0.0000650 seconds
292.991: Application time: 0.1190730 seconds
292.991: [GC292.991: [ParNew: 36375K->3570K(37568K), 0.0052010 secs] 784278K->763589K(927876K), 0.0052450 secs] [Times: user=0.04 sys=0.00, real=0.01 secs] 
292.997: Total time for which application threads were stopped: 0.0054010 seconds, Stopping threads took: 0.0000830 seconds
293.131: Application time: 0.1348220 seconds
293.132: [GC293.132: [ParNew: 36363K->3562K(37568K), 0.0051720 secs] 796381K->775695K(927876K), 0.0052150 secs] [Times: user=0.04 sys=0.00, real=0.01 secs] 
293.137: Total time for which application threads were stopped: 0.0053490 seconds, Stopping threads took: 0.0000610 seconds
293.251: Application time: 0.1141670 seconds
293.251: [GC293.251: [ParNew: 36355K->3562K(37568K), 0.0051800 secs] 808488K->787808K(927876K), 0.0052230 secs] [Times: user=0.04 sys=0.00, real=0.01 secs] 
293.256: Total time for which application threads were stopped: 0.0053590 seconds, Stopping threads took: 0.0000630 seconds
293.393: Application time: 0.1367430 seconds
293.393: [GC293.393: [ParNew: 36364K->3572K(37568K), 0.0053520 secs] 820609K->800643K(927876K), 0.0053990 secs] [Times: user=0.04 sys=0.00, real=0.01 secs] 
293.399: Total time for which application threads were stopped: 0.0055610 seconds, Stopping threads took: 0.0000870 seconds
293.521: Application time: 0.1225920 seconds
293.521: [GC293.521: [ParNew: 36381K->3574K(37568K), 0.0050410 secs] 833452K->812760K(927876K), 0.0050840 secs] [Times: user=0.04 sys=0.00, real=0.01 secs] 
293.526: Total time for which application threads were stopped: 0.0052040 seconds, Stopping threads took: 0.0000540 seconds
293.634: Application time: 0.1072360 seconds
293.634: [GC293.634: [ParNew: 36368K->3562K(37568K), 0.0055280 secs] 845553K->825575K(927876K), 0.0055730 secs] [Times: user=0.03 sys=0.00, real=0.01 secs] 
293.639: Total time for which application threads were stopped: 0.0057390 seconds, Stopping threads took: 0.0000930 seconds
293.639: Application time: 0.0000610 seconds
293.640: [GC [1 CMS-initial-mark: 822013K(890308K)] 826288K(927876K), 0.0001380 secs] [Times: user=0.00 sys=0.00, real=0.00 secs] 
293.640: Total time for which application threads were stopped: 0.0002750 seconds, Stopping threads took: 0.0001120 seconds
293.640: [CMS-concurrent-mark-start]
293.645: [CMS-concurrent-mark: 0.005/0.005 secs] [Times: user=0.03 sys=0.00, real=0.01 secs] 
293.645: [CMS-concurrent-preclean-start]
293.647: [CMS-concurrent-preclean: 0.001/0.001 secs] [Times: user=0.00 sys=0.00, real=0.00 secs] 
293.647: [CMS-concurrent-abortable-preclean-start]
293.754: Application time: 0.1146040 seconds
293.754: [GC293.755: [ParNew: 36388K->3578K(37568K), 0.0054340 secs] 858401K->839130K(927876K), 0.0054790 secs] [Times: user=0.04 sys=0.00, real=0.01 secs] 
293.760: Total time for which application threads were stopped: 0.0056430 seconds, Stopping threads took: 0.0000880 seconds
293.854: Application time: 0.0937410 seconds
293.854: [GC293.854: [ParNew: 36379K->3572K(37568K), 0.0055010 secs] 871930K->851954K(927876K), 0.0055440 secs] [Times: user=0.04 sys=0.00, real=0.01 secs] 
293.859: Total time for which application threads were stopped: 0.0056790 seconds, Stopping threads took: 0.0000620 seconds
293.981: Application time: 0.1212320 seconds
293.981: [GC293.981: [ParNew: 36366K->3564K(37568K), 0.0050620 secs] 884748K->864060K(927876K), 0.0051070 secs] [Times: user=0.04 sys=0.00, real=0.01 secs] 
293.986: Total time for which application threads were stopped: 0.0052310 seconds, Stopping threads took: 0.0000530 seconds
293.986: [CMS-concurrent-abortable-preclean: 0.007/0.339 secs] [Times: user=2.71 sys=0.00, real=0.34 secs] 
293.986: Application time: 0.0000700 seconds
293.986: [GC[YG occupancy: 4992 K (37568 K)]293.986: [Rescan (parallel) , 0.0003560 secs]293.987: [weak refs processing, 0.0000060 secs]293.987: [scrub string table, 0.0001130 secs] [1 CMS-remark: 860495K(890308K)] 865487K(927876K), 0.0004930 secs] [Times: user=0.00 sys=0.00, real=0.00 secs] 
293.987: Total time for which application threads were stopped: 0.0007910 seconds, Stopping threads took: 0.0002720 seconds
293.987: [CMS-concurrent-sweep-start]
293.988: [CMS-concurrent-sweep: 0.002/0.002 secs] [Times: user=0.00 sys=0.00, real=0.00 secs] 
293.988: [CMS-concurrent-reset-start]
293.990: [CMS-concurrent-reset: 0.002/0.002 secs] [Times: user=0.00 sys=0.01, real=0.00 secs] 
294.082: Application time: 0.0950730 seconds
294.082: [GC294.082: [ParNew: 36359K->3562K(37568K), 0.0054010 secs] 99752K->79782K(927876K), 0.0054610 secs] [Times: user=0.04 sys=0.00, real=0.01 secs] 
294.087: Total time for which application threads were stopped: 0.0056170 seconds, Stopping threads took: 0.0000840 seconds
294.190: Application time: 0.1029490 seconds
294.191: [GC294.191: [ParNew: 36356K->3564K(37568K), 0.0052570 secs] 112576K->91898K(927876K), 0.0053010 secs] [Times: user=0.04 sys=0.00, real=0.01 secs] 
294.196: Total time for which application threads were stopped: 0.0054510 seconds, Stopping threads took: 0.0000770 seconds
294.318: Application time: 0.1221960 seconds
294.318: [GC294.318: [ParNew: 36367K->3570K(37568K), 0.0056040 secs] 124701K->105443K(927876K), 0.0056480 secs] [Times: user=0.04 sys=0.00, real=0.01 secs] 
294.324: Total time for which application threads were stopped: 0.0057990 seconds, Stopping threads took: 0.0000690 seconds
294.432: Application time: 0.1084590 seconds
294.432: [GC294.432: [ParNew: 36877K->3609K(37568K), 0.0047110 secs] 138749K->116171K(927876K), 0.0047510 secs] [Times: user=0.04 sys=0.00, real=0.01 secs] 
294.437: Total time for which application threads were stopped: 0.0049290 seconds, Stopping threads took: 0.0001070 seconds
294.458: Application time: 0.0208720 seconds
294.458: [GC294.458: [ParNew: 36632K->3572K(37568K), 0.0034260 secs] 149194K->121151K(927876K), 0.0034690 secs] [Times: user=0.02 sys=0.00, real=0.00 secs] 
294.462: Total time for which application threads were stopped: 0.0036240 seconds, Stopping threads took: 0.0000790 seconds
294.473: Application time: 0.0111150 seconds
294.473: [GC294.473: [ParNew: 36358K->2145K(37568K), 0.0024790 secs] 153937K->122574K(927876K), 0.0025190 secs] [Times: user=0.02 sys=0.00, real=0.01 secs] 
294.476: Total time for which application threads were stopped: 0.0026650 seconds, Stopping threads took: 0.0000710 seconds
294.489: Application time: 0.0134070 seconds
294.489: [GC294.489: [ParNew: 34936K->3567K(37568K), 0.0022700 secs] 155365K->124708K(927876K), 0.0023140 secs] [Times: user=0.01 sys=0.00, real=0.00 secs] 
294.491: Total time for which application threads were stopped: 0.0025060 seconds, Stopping threads took: 0.0001110 seconds
294.499: Application time: 0.0073660 seconds
294.499: [GC294.499: [ParNew: 36355K->3562K(37568K), 0.0034020 secs] 157496K->129693K(927876K), 0.0034440 secs] [Times: user=0.03 sys=0.00, real=0.00 secs] 
294.502: Total time for which application threads were stopped: 0.0036310 seconds, Stopping threads took: 0.0001210 seconds
294.597: Application time: 0.0948860 seconds
294.597: [GC294.597: [ParNew: 36380K->3576K(37568K), 0.0055070 secs] 162510K->143246K(927876K), 0.0055550 secs] [Times: user=0.04 sys=0.00, real=0.01 secs] 
294.603: Total time for which application threads were stopped: 0.0057260 seconds, Stopping threads took: 0.0000850 seconds
294.691: Application time: 0.0883840 seconds
294.692: [GC294.692: [ParNew: 36412K->3602K(37568K), 0.0056390 secs] 176081K->156101K(927876K), 0.0056820 secs] [Times: user=0.04 sys=0.00, real=0.01 secs] 
294.697: Total time for which application threads were stopped: 0.0058330 seconds, Stopping threads took: 0.0000760 seconds
294.710: Application time: 0.0129890 seconds
294.710: [GC294.710: [ParNew: 36397K->3570K(37568K), 0.0030460 secs] 188896K->159661K(927876K), 0.0030890 secs] [Times: user=0.02 sys=0.00, real=0.00 secs] 
294.714: Total time for which application threads were stopped: 0.0032460 seconds, Stopping threads took: 0.0000800 seconds
294.726: Application time: 0.0124120 seconds
294.726: [GC294.726: [ParNew: 36359K->3568K(37568K), 0.0026220 secs] 192450K->161798K(927876K), 0.0026670 secs] [Times: user=0.02 sys=0.00, real=0.00 secs] 
294.729: Total time for which application threads were stopped: 0.0028370 seconds, Stopping threads took: 0.0000940 seconds
294.741: Application time: 0.0118110 seconds
294.741: [GC294.741: [ParNew: 36363K->3571K(37568K), 0.0030260 secs] 194592K->165363K(927876K), 0.0030690 secs] [Times: user=0.02 sys=0.00, real=0.01 secs] 
294.744: Total time for which application threads were stopped: 0.0032660 seconds, Stopping threads took: 0.0001220 seconds
294.757: Application time: 0.0127700 seconds
294.757: [GC294.757: [ParNew: 36367K->3570K(37568K), 0.0033960 secs] 198160K->171063K(927876K), 0.0034400 secs] [Times: user=0.02 sys=0.00, real=0.00 secs] 
294.760: Total time for which application threads were stopped: 0.0035760 seconds, Stopping threads took: 0.0000660 seconds
294.850: Application time: 0.0894420 seconds
294.850: [GC294.850: [ParNew: 36399K->3604K(37568K), 0.0057710 secs] 203892K->184637K(927876K), 0.0058160 secs] [Times: user=0.04 sys=0.00, real=0.01 secs] 
294.856: Total time for which application threads were stopped: 0.0059880 seconds, Stopping threads took: 0.0000840 seconds
294.869: Application time: 0.0134380 seconds
294.869: [GC294.869: [ParNew: 36388K->1431K(37568K), 0.0022700 secs] 217421K->185342K(927876K), 0.0023130 secs] [Times: user=0.01 sys=0.00, real=0.00 secs] 
294.872: Total time for which application threads were stopped: 0.0024790 seconds, Stopping threads took: 0.0000910 seconds
294.884: Application time: 0.0125420 seconds
294.884: [GC294.884: [ParNew: 34224K->3568K(37568K), 0.0027720 secs] 218135K->190330K(927876K), 0.0028140 secs] [Times: user=0.02 sys=0.00, real=0.00 secs] 
294.887: Total time for which application threads were stopped: 0.0029750 seconds, Stopping threads took: 0.0000880 seconds
294.898: Application time: 0.0113940 seconds
294.899: [GC294.899: [ParNew: 36362K->3573K(37568K), 0.0027160 secs] 223124K->192472K(927876K), 0.0027590 secs] [Times: user=0.01 sys=0.00, real=0.00 secs] 
294.901: Total time for which application threads were stopped: 0.0029150 seconds, Stopping threads took: 0.0000790 seconds
294.935: Application time: 0.0335390 seconds
294.935: [GC294.935: [ParNew: 36371K->3570K(37568K), 0.0042660 secs] 225270K->201020K(927876K), 0.0043100 secs] [Times: user=0.03 sys=0.00, real=0.00 secs] 
294.939: Total time for which application threads were stopped: 0.0044710 seconds, Stopping threads took: 0.0000890 seconds
295.063: Application time: 0.1234480 seconds
295.063: [GC295.063: [ParNew: 36364K->3562K(37568K), 0.0051700 secs] 233814K->213126K(927876K), 0.0052200 secs] [Times: user=0.04 sys=0.00, real=0.00 secs] 
295.068: Total time for which application threads were stopped: 0.0053550 seconds, Stopping threads took: 0.0000670 seconds
295.193: Application time: 0.1250990 seconds
295.193: [GC295.193: [ParNew: 36355K->3562K(37568K), 0.0051670 secs] 245919K->225239K(927876K), 0.0052090 secs] [Times: user=0.04 sys=0.00, real=0.01 secs] 
295.199: Total time for which application threads were stopped: 0.0053400 seconds, Stopping threads took: 0.0000580 seconds
295.230: Application time: 0.0309430 seconds
295.230: [GC295.230: [ParNew: 36382K->3602K(37568K), 0.0055430 secs] 258059K->231692K(927876K), 0.0055870 secs] [Times: user=0.04 sys=0.00, real=0.01 secs] 
295.235: Total time for which application threads were stopped: 0.0057630 seconds, Stopping threads took: 0.0001040 seconds
295.244: Application time: 0.0090100 seconds
295.244: [GC295.245: [ParNew: 36392K->3568K(37568K), 0.0034890 secs] 264482K->236675K(927876K), 0.0035320 secs] [Times: user=0.03 sys=0.00, real=0.00 secs] 
295.248: Total time for which application threads were stopped: 0.0036920 seconds, Stopping threads took: 0.0000840 seconds
295.264: Application time: 0.0162550 seconds
295.264: [GC295.264: [ParNew: 36358K->1435K(37568K), 0.0020210 secs] 269464K->236679K(927876K), 0.0020590 secs] [Times: user=0.01 sys=0.00, real=0.00 secs] 
295.267: Total time for which application threads were stopped: 0.0022150 seconds, Stopping threads took: 0.0000810 seconds
295.275: Application time: 0.0083430 seconds
295.275: [GC295.275: [ParNew: 34228K->3568K(37568K), 0.0022280 secs] 269472K->239525K(927876K), 0.0022700 secs] [Times: user=0.02 sys=0.00, real=0.00 secs] 
295.277: Total time for which application threads were stopped: 0.0024390 seconds, Stopping threads took: 0.0000950 seconds
295.361: Application time: 0.0833700 seconds
295.361: [GC295.361: [ParNew: 36369K->3576K(37568K), 0.0053380 secs] 272326K->252358K(927876K), 0.0053830 secs] [Times: user=0.04 sys=0.00, real=0.01 secs] 
295.366: Total time for which application threads were stopped: 0.0055360 seconds, Stopping threads took: 0.0000710 seconds
295.471: Application time: 0.1049710 seconds
295.471: [GC295.471: [ParNew: 36404K->3602K(37568K), 0.0055300 secs] 285186K->265211K(927876K), 0.0055750 secs] [Times: user=0.05 sys=0.00, real=0.01 secs] 
295.477: Total time for which application threads were stopped: 0.0057150 seconds, Stopping threads took: 0.0000640 seconds
295.490: Application time: 0.0131630 seconds
295.490: [GC295.490: [ParNew: 36390K->3568K(37568K), 0.0030600 secs] 297999K->268768K(927876K), 0.0031060 secs] [Times: user=0.03 sys=0.00, real=0.00 secs] 
295.493: Total time for which application threads were stopped: 0.0033180 seconds, Stopping threads took: 0.0001340 seconds
295.506: Application time: 0.0124550 seconds
295.506: [GC295.506: [ParNew: 36359K->3568K(37568K), 0.0030090 secs] 301559K->272330K(927876K), 0.0030560 secs] [Times: user=0.03 sys=0.00, real=0.00 secs] 
295.509: Total time for which application threads were stopped: 0.0032360 seconds, Stopping threads took: 0.0001020 seconds
295.521: Application time: 0.0114590 seconds
295.521: [GC295.521: [ParNew: 36368K->3568K(37568K), 0.0034590 secs] 305130K->277318K(927876K), 0.0035020 secs] [Times: user=0.03 sys=0.00, real=0.01 secs] 
295.524: Total time for which application threads were stopped: 0.0036760 seconds, Stopping threads took: 0.0000980 seconds
295.533: Application time: 0.0092490 seconds
295.534: [GC295.534: [ParNew: 36363K->3570K(37568K), 0.0033330 secs] 310113K->282309K(927876K), 0.0033760 secs] [Times: user=0.03 sys=0.00, real=0.01 secs] 
295.537: Total time for which application threads were stopped: 0.0035470 seconds, Stopping threads took: 0.0000970 seconds
295.606: Application time: 0.0690550 seconds
295.606: [GC295.606: [ParNew: 36478K->3632K(37568K), 0.0046250 secs] 315216K->292347K(927876K), 0.0046680 secs] [Times: user=0.04 sys=0.00, real=0.00 secs] 
295.611: Total time for which application threads were stopped: 0.0048640 seconds, Stopping threads took: 0.0001230 seconds
295.621: Application time: 0.0095860 seconds
295.621: [GC295.621: [ParNew: 36355K->3577K(37568K), 0.0035100 secs] 325070K->297336K(927876K), 0.0035600 secs] [Times: user=0.03 sys=0.00, real=0.01 secs] 
295.624: Total time for which application threads were stopped: 0.0037300 seconds, Stopping threads took: 0.0000960 seconds
295.634: Application time: 0.0098680 seconds
295.635: [GC295.635: [ParNew: 36384K->3576K(37568K), 0.0026410 secs] 330144K->299473K(927876K), 0.0026830 secs] [Times: user=0.02 sys=0.00, real=0.00 secs] 
295.638: Total time for which application threads were stopped: 0.0035850 seconds, Stopping threads took: 0.0008250 seconds
295.647: Application time: 0.0097650 seconds
295.648: [GC295.648: [ParNew: 36365K->2854K(37568K), 0.0021690 secs] 332262K->300177K(927876K), 0.0022110 secs] [Times: user=0.02 sys=0.00, real=0.00 secs] 
295.650: Total time for which application threads were stopped: 0.0024210 seconds, Stopping threads took: 0.0001350 seconds
295.657: Application time: 0.0070550 seconds
295.659: [GC295.659: [ParNew: 35643K->2860K(37568K), 0.0020090 secs] 332966K->300896K(927876K), 0.0020510 secs] [Times: user=0.02 sys=0.00, real=0.00 secs] 
295.661: Total time for which application threads were stopped: 0.0039790 seconds, Stopping threads took: 0.0018550 seconds
295.668: Application time: 0.0071780 seconds
295.669: [GC295.669: [ParNew: 35651K->2147K(37568K), 0.0016640 secs] 333687K->300897K(927876K), 0.0017020 secs] [Times: user=0.01 sys=0.00, real=0.00 secs] 
295.671: Total time for which application threads were stopped: 0.0024520 seconds, Stopping threads took: 0.0006770 seconds
295.683: Application time: 0.0121250 seconds
295.683: [GC295.683: [ParNew: 34942K->3572K(37568K), 0.0025350 secs] 333692K->304461K(927876K), 0.0025730 secs] [Times: user=0.02 sys=0.00, real=0.00 secs] 
295.685: Total time for which application threads were stopped: 0.0027550 seconds, Stopping threads took: 0.0001090 seconds
295.693: Application time: 0.0078830 seconds
295.693: [GC295.694: [ParNew: 36797K->3614K(37568K), 0.0028780 secs] 337685K->307353K(927876K), 0.0029190 secs] [Times: user=0.02 sys=0.00, real=0.01 secs] 
295.696: Total time for which application threads were stopped: 0.0030750 seconds, Stopping threads took: 0.0000820 seconds
295.716: Application time: 0.0193980 seconds
295.716: [GC295.716: [ParNew: 36728K->3574K(37568K), 0.0043700 secs] 340467K->315892K(927876K), 0.0044180 secs] [Times: user=0.03 sys=0.00, real=0.00 secs] 
295.720: Total time for which application threads were stopped: 0.0046060 seconds, Stopping threads took: 0.0001130 seconds
295.731: Application time: 0.0109460 seconds
295.732: [GC295.732: [ParNew: 36360K->2145K(37568K), 0.0025250 secs] 348678K->317314K(927876K), 0.0025670 secs] [Times: user=0.02 sys=0.00, real=0.00 secs] 
295.734: Total time for which application threads were stopped: 0.0027470 seconds, Stopping threads took: 0.0001040 seconds
295.750: Application time: 0.0162830 seconds
295.751: [GC295.751: [ParNew: 34935K->1431K(37568K), 0.0013660 secs] 350104K->316600K(927876K), 0.0014000 secs] [Times: user=0.01 sys=0.00, real=0.00 secs] 
295.752: Total time for which application threads were stopped: 0.0015620 seconds, Stopping threads took: 0.0000920 seconds
295.760: Application time: 0.0084730 seconds
295.761: [GC295.761: [ParNew: 34222K->2864K(37568K), 0.0018240 secs] 349391K->318033K(927876K), 0.0018640 secs] [Times: user=0.01 sys=0.00, real=0.00 secs] 
295.763: Total time for which application threads were stopped: 0.0020300 seconds, Stopping threads took: 0.0000920 seconds
295.858: Application time: 0.0958770 seconds
295.859: [GC295.859: [ParNew: 35673K->3576K(37568K), 0.0057830 secs] 350842K->332283K(927876K), 0.0058240 secs] [Times: user=0.04 sys=0.00, real=0.01 secs] 
295.864: Total time for which application threads were stopped: 0.0059670 seconds, Stopping threads took: 0.0000730 seconds
296.012: Application time: 0.1473130 seconds
296.012: [GC296.012: [ParNew: 36374K->3568K(37568K), 0.0051970 secs] 365082K->344390K(927876K), 0.0052450 secs] [Times: user=0.04 sys=0.00, real=0.01 secs] 
296.017: Total time for which application threads were stopped: 0.0053980 seconds, Stopping threads took: 0.0000680 seconds
296.161: Application time: 0.1444240 seconds
296.162: [GC296.162: [ParNew: 36360K->3562K(37568K), 0.0053760 secs] 377182K->357210K(927876K), 0.0054180 secs] [Times: user=0.04 sys=0.00, real=0.01 secs] 
296.167: Total time for which application threads were stopped: 0.0055540 seconds, Stopping threads took: 0.0000630 seconds
296.316: Application time: 0.1488360 seconds
296.316: [GC296.316: [ParNew: 36360K->3574K(37568K), 0.0052300 secs] 390008K->369335K(927876K), 0.0052760 secs] [Times: user=0.04 sys=0.00, real=0.00 secs] 
296.321: Total time for which application threads were stopped: 0.0054160 seconds, Stopping threads took: 0.0000660 seconds
296.468: Application time: 0.1464380 seconds
296.468: [GC296.468: [ParNew: 36366K->3562K(37568K), 0.0053420 secs] 402127K->381436K(927876K), 0.0053820 secs] [Times: user=0.04 sys=0.00, real=0.00 secs] 
296.473: Total time for which application threads were stopped: 0.0055240 seconds, Stopping threads took: 0.0000710 seconds
296.612: Application time: 0.1388320 seconds
296.612: [GC296.612: [ParNew: 36377K->3574K(37568K), 0.0055880 secs] 414252K->394986K(927876K), 0.0056320 secs] [Times: user=0.04 sys=0.00, real=0.01 secs] 
296.618: Total time for which application threads were stopped: 0.0057810 seconds, Stopping threads took: 0.0000660 seconds
296.732: Application time: 0.1141290 seconds
296.732: [GC296.732: [ParNew: 36390K->3568K(37568K), 0.0054130 secs] 427802K->407808K(927876K), 0.0054600 secs] [Times: user=0.04 sys=0.00, real=0.01 secs] 
296.738: Total time for which application threads were stopped: 0.0056190 seconds, Stopping threads took: 0.0000910 seconds
296.873: Application time: 0.1358690 seconds
296.874: [GC296.874: [ParNew: 36369K->3570K(37568K), 0.0052150 secs] 440609K->419926K(927876K), 0.0052570 secs] [Times: user=0.04 sys=0.00, real=0.01 secs] 
296.879: Total time for which application threads were stopped: 0.0053930 seconds, Stopping threads took: 0.0000690 seconds
297.012: Application time: 0.1334800 seconds
297.013: [GC297.013: [ParNew: 36363K->3562K(37568K), 0.0047310 secs] 452718K->430607K(927876K), 0.0047730 secs] [Times: user=0.04 sys=0.00, real=0.01 secs] 
297.017: Total time for which application threads were stopped: 0.0049190 seconds, Stopping threads took: 0.0000750 seconds
297.141: Application time: 0.1233430 seconds
297.141: [GC297.141: [ParNew: 36355K->3562K(37568K), 0.0053810 secs] 463399K->442720K(927876K), 0.0054240 secs] [Times: user=0.04 sys=0.00, real=0.01 secs] 
297.146: Total time for which application threads were stopped: 0.0055810 seconds, Stopping threads took: 0.0000720 seconds
297.281: Application time: 0.1349640 seconds
297.281: [GC297.281: [ParNew: 36364K->3570K(37568K), 0.0055720 secs] 475521K->456266K(927876K), 0.0056140 secs] [Times: user=0.05 sys=0.00, real=0.01 secs] 
297.287: Total time for which application threads were stopped: 0.0057420 seconds, Stopping threads took: 0.0000610 seconds
297.396: Application time: 0.1088150 seconds
297.396: [GC297.396: [ParNew: 36364K->3562K(37568K), 0.0052540 secs] 489060K->468372K(927876K), 0.0052990 secs] [Times: user=0.04 sys=0.00, real=0.00 secs] 
297.401: Total time for which application threads were stopped: 0.0054590 seconds, Stopping threads took: 0.0000840 seconds
297.535: Application time: 0.1341100 seconds
297.535: [GC297.536: [ParNew: 36371K->3576K(37568K), 0.0053910 secs] 501181K->481212K(927876K), 0.0054360 secs] [Times: user=0.05 sys=0.00, real=0.00 secs] 
297.541: Total time for which application threads were stopped: 0.0056140 seconds, Stopping threads took: 0.0001050 seconds
297.639: Application time: 0.0982080 seconds
297.639: [GC297.639: [ParNew: 36394K->3576K(37568K), 0.0053780 secs] 514030K->494040K(927876K), 0.0054200 secs] [Times: user=0.04 sys=0.00, real=0.01 secs] 
297.645: Total time for which application threads were stopped: 0.0055960 seconds, Stopping threads took: 0.0001030 seconds
297.765: Application time: 0.1202780 seconds
297.765: [GC297.765: [ParNew: 36379K->3570K(37568K), 0.0056980 secs] 526842K->507575K(927876K), 0.0057500 secs] [Times: user=0.04 sys=0.00, real=0.00 secs] 
297.771: Total time for which application threads were stopped: 0.0059060 seconds, Stopping threads took: 0.0000730 seconds
297.882: Application time: 0.1115190 seconds
297.883: [GC297.883: [ParNew: 36373K->3572K(37568K), 0.0053650 secs] 540378K->520404K(927876K), 0.0054080 secs] [Times: user=0.04 sys=0.00, real=0.01 secs] 
297.888: Total time for which application threads were stopped: 0.0055370 seconds, Stopping threads took: 0.0000610 seconds
297.992: Application time: 0.1037150 seconds
297.992: [GC297.992: [ParNew: 36367K->3562K(37568K), 0.0054160 secs] 553198K->533221K(927876K), 0.0054580 secs] [Times: user=0.04 sys=0.00, real=0.01 secs] 
297.997: Total time for which application threads were stopped: 0.0056340 seconds, Stopping threads took: 0.0001030 seconds
298.115: Application time: 0.1172910 seconds
298.115: [GC298.115: [ParNew: 36357K->3564K(37568K), 0.0051880 secs] 566016K->545337K(927876K), 0.0052330 secs] [Times: user=0.03 sys=0.01, real=0.01 secs] 
298.120: Total time for which application threads were stopped: 0.0053850 seconds, Stopping threads took: 0.0000800 seconds
298.219: Application time: 0.0991790 seconds
298.219: [GC298.219: [ParNew: 36367K->3570K(37568K), 0.0055910 secs] 578140K->558882K(927876K), 0.0056330 secs] [Times: user=0.05 sys=0.00, real=0.01 secs] 
298.225: Total time for which application threads were stopped: 0.0057930 seconds, Stopping threads took: 0.0000880 seconds
298.340: Application time: 0.1152380 seconds
298.340: [GC298.340: [ParNew: 36365K->3564K(37568K), 0.0051910 secs] 591676K->570991K(927876K), 0.0052350 secs] [Times: user=0.04 sys=0.00, real=0.01 secs] 
298.346: Total time for which application threads were stopped: 0.0054390 seconds, Stopping threads took: 0.0001190 seconds
298.466: Application time: 0.1206260 seconds
298.466: [GC298.466: [ParNew: 36392K->3607K(37568K), 0.0048860 secs] 603818K->582434K(927876K), 0.0049280 secs] [Times: user=0.04 sys=0.00, real=0.00 secs] 
298.471: Total time for which application threads were stopped: 0.0050580 seconds, Stopping threads took: 0.0000570 seconds
298.487: Application time: 0.0152910 seconds
298.487: [GC298.487: [ParNew: 36403K->3572K(37568K), 0.0037350 secs] 615231K->588130K(927876K), 0.0037760 secs] [Times: user=0.02 sys=0.00, real=0.00 secs] 
298.491: Total time for which application threads were stopped: 0.0039540 seconds, Stopping threads took: 0.0000930 seconds
298.503: Application time: 0.0119040 seconds
298.503: [GC298.503: [ParNew: 36359K->1435K(37568K), 0.0020030 secs] 620916K->588130K(927876K), 0.0020430 secs] [Times: user=0.01 sys=0.00, real=0.01 secs] 
298.505: Total time for which application threads were stopped: 0.0022540 seconds, Stopping threads took: 0.0001380 seconds
298.516: Application time: 0.0112770 seconds
298.517: [GC298.517: [ParNew: 34225K->3571K(37568K), 0.0033570 secs] 620920K->595254K(927876K), 0.0034010 secs] [Times: user=0.03 sys=0.00, real=0.00 secs] 
298.520: Total time for which application threads were stopped: 0.0039650 seconds, Stopping threads took: 0.0004910 seconds
298.528: Application time: 0.0083310 seconds
298.529: [GC298.529: [ParNew: 36364K->2860K(37568K), 0.0027210 secs] 628047K->597394K(927876K), 0.0027640 secs] [Times: user=0.02 sys=0.00, real=0.00 secs] 
298.531: Total time for which application threads were stopped: 0.0029340 seconds, Stopping threads took: 0.0000940 seconds
298.558: Application time: 0.0269580 seconds
298.558: [GC298.558: [ParNew: 35684K->3602K(37568K), 0.0024570 secs] 630218K->599561K(927876K), 0.0025030 secs] [Times: user=0.02 sys=0.00, real=0.00 secs] 
298.561: Total time for which application threads were stopped: 0.0026920 seconds, Stopping threads took: 0.0001110 seconds
298.570: Application time: 0.0094590 seconds
298.571: [GC298.571: [ParNew: 36406K->3575K(37568K), 0.0029350 secs] 632364K->603125K(927876K), 0.0029760 secs] [Times: user=0.02 sys=0.00, real=0.00 secs] 
298.574: Total time for which application threads were stopped: 0.0031380 seconds, Stopping threads took: 0.0000800 seconds
298.589: Application time: 0.0156600 seconds
298.589: [GC298.589: [ParNew: 36366K->2854K(37568K), 0.0027470 secs] 635917K->605257K(927876K), 0.0027900 secs] [Times: user=0.02 sys=0.00, real=0.00 secs] 
298.592: Total time for which application threads were stopped: 0.0029390 seconds, Stopping threads took: 0.0000730 seconds
298.601: Application time: 0.0084410 seconds
298.601: [GC298.601: [ParNew: 35649K->3566K(37568K), 0.0032740 secs] 638052K->610245K(927876K), 0.0033170 secs] [Times: user=0.02 sys=0.00, real=0.01 secs] 
298.604: Total time for which application threads were stopped: 0.0034890 seconds, Stopping threads took: 0.0000960 seconds
298.674: Application time: 0.0702370 seconds
298.674: [GC298.674: [ParNew: 36369K->3570K(37568K), 0.0051970 secs] 643048K->622363K(927876K), 0.0052420 secs] [Times: user=0.04 sys=0.00, real=0.01 secs] 
298.680: Total time for which application threads were stopped: 0.0053780 seconds, Stopping threads took: 0.0000630 seconds
298.766: Application time: 0.0867500 seconds
298.767: [GC298.767: [ParNew: 36406K->3600K(37568K), 0.0057370 secs] 655198K->635220K(927876K), 0.0057810 secs] [Times: user=0.03 sys=0.00, real=0.00 secs] 
298.772: Total time for which application threads were stopped: 0.0059370 seconds, Stopping threads took: 0.0000810 seconds
298.784: Application time: 0.0120020 seconds
298.785: [GC298.785: [ParNew: 36391K->3568K(37568K), 0.0038640 secs] 668010K->641630K(927876K), 0.0039120 secs] [Times: user=0.03 sys=0.00, real=0.00 secs] 
298.789: Total time for which application threads were stopped: 0.0041110 seconds, Stopping threads took: 0.0001030 seconds
298.802: Application time: 0.0130080 seconds
298.802: [GC298.802: [ParNew: 36355K->1437K(37568K), 0.0020430 secs] 674417K->641636K(927876K), 0.0020860 secs] [Times: user=0.01 sys=0.00, real=0.01 secs] 
298.804: Total time for which application threads were stopped: 0.0022560 seconds, Stopping threads took: 0.0000940 seconds
298.816: Application time: 0.0119950 seconds
298.816: [GC298.816: [ParNew: 34229K->2864K(37568K), 0.0018240 secs] 674428K->643064K(927876K), 0.0018620 secs] [Times: user=0.01 sys=0.00, real=0.00 secs] 
298.818: Total time for which application threads were stopped: 0.0020460 seconds, Stopping threads took: 0.0001110 seconds
298.853: Application time: 0.0350570 seconds
298.853: [GC298.853: [ParNew: 35661K->3576K(37568K), 0.0031650 secs] 675860K->648764K(927876K), 0.0032100 secs] [Times: user=0.03 sys=0.00, real=0.01 secs] 
298.856: Total time for which application threads were stopped: 0.0033610 seconds, Stopping threads took: 0.0000730 seconds
298.969: Application time: 0.1132510 seconds
298.970: [GC298.970: [ParNew: 36370K->3562K(37568K), 0.0056570 secs] 681557K->661577K(927876K), 0.0057000 secs] [Times: user=0.05 sys=0.00, real=0.01 secs] 
298.975: Total time for which application threads were stopped: 0.0058690 seconds, Stopping threads took: 0.0000790 seconds
299.085: Application time: 0.1097690 seconds
299.085: [GC299.085: [ParNew: 36355K->3562K(37568K), 0.0051510 secs] 694370K->673690K(927876K), 0.0051960 secs] [Times: user=0.04 sys=0.00, real=0.00 secs] 
299.090: Total time for which application threads were stopped: 0.0053330 seconds, Stopping threads took: 0.0000610 seconds
299.142: Application time: 0.0514900 seconds
299.142: [GC299.142: [ParNew: 36384K->3604K(37568K), 0.0040950 secs] 706512K->680857K(927876K), 0.0041410 secs] [Times: user=0.03 sys=0.00, real=0.01 secs] 
299.146: Total time for which application threads were stopped: 0.0043290 seconds, Stopping threads took: 0.0001100 seconds
299.156: Application time: 0.0092510 seconds
299.156: [GC299.156: [ParNew: 36394K->3568K(37568K), 0.0034730 secs] 713647K->685837K(927876K), 0.0035150 secs] [Times: user=0.03 sys=0.00, real=0.00 secs] 
299.159: Total time for which application threads were stopped: 0.0036860 seconds, Stopping threads took: 0.0000960 seconds
299.173: Application time: 0.0141180 seconds
299.173: [GC299.174: [ParNew: 36361K->3572K(37568K), 0.0032630 secs] 718630K->690117K(927876K), 0.0033120 secs] [Times: user=0.02 sys=0.00, real=0.01 secs] 
299.177: Total time for which application threads were stopped: 0.0034750 seconds, Stopping threads took: 0.0000900 seconds
299.186: Application time: 0.0096010 seconds
299.187: [GC299.187: [ParNew: 36364K->1435K(37568K), 0.0022230 secs] 722909K->690830K(927876K), 0.0022630 secs] [Times: user=0.01 sys=0.00, real=0.00 secs] 
299.189: Total time for which application threads were stopped: 0.0024560 seconds, Stopping threads took: 0.0001180 seconds
299.270: Application time: 0.0809780 seconds
299.270: [GC299.270: [ParNew: 34236K->3570K(37568K), 0.0056000 secs] 723631K->706503K(927876K), 0.0056430 secs] [Times: user=0.04 sys=0.00, real=0.01 secs] 
299.276: Total time for which application threads were stopped: 0.0057830 seconds, Stopping threads took: 0.0000660 seconds
299.393: Application time: 0.1171070 seconds
299.393: [GC299.393: [ParNew: 36395K->3602K(37568K), 0.0054580 secs] 739328K->719361K(927876K), 0.0055000 secs] [Times: user=0.05 sys=0.00, real=0.01 secs] 
299.398: Total time for which application threads were stopped: 0.0056420 seconds, Stopping threads took: 0.0000650 seconds
299.413: Application time: 0.0142460 seconds
299.413: [GC299.413: [ParNew: 36390K->3568K(37568K), 0.0034200 secs] 752150K->724344K(927876K), 0.0034650 secs] [Times: user=0.03 sys=0.00, real=0.01 secs] 
299.416: Total time for which application threads were stopped: 0.0036110 seconds, Stopping threads took: 0.0000700 seconds
299.428: Application time: 0.0115680 seconds
299.428: [GC299.428: [ParNew: 36356K->3570K(37568K), 0.0026810 secs] 757132K->726483K(927876K), 0.0027240 secs] [Times: user=0.02 sys=0.00, real=0.00 secs] 
299.431: Total time for which application threads were stopped: 0.0028890 seconds, Stopping threads took: 0.0000920 seconds
299.444: Application time: 0.0129510 seconds
299.444: [GC299.444: [ParNew: 36361K->3566K(37568K), 0.0028240 secs] 759275K->729330K(927876K), 0.0028650 secs] [Times: user=0.02 sys=0.00, real=0.00 secs] 
299.447: Total time for which application threads were stopped: 0.0030350 seconds, Stopping threads took: 0.0000960 seconds
299.455: Application time: 0.0085810 seconds
299.455: [GC299.455: [ParNew: 36352K->2137K(37568K), 0.0022720 secs] 762115K->730038K(927876K), 0.0023090 secs] [Times: user=0.01 sys=0.00, real=0.00 secs] 
299.458: Total time for which application threads were stopped: 0.0024680 seconds, Stopping threads took: 0.0000860 seconds
299.544: Application time: 0.0864950 seconds
299.544: [GC299.544: [ParNew: 35525K->3643K(37568K), 0.0052030 secs] 763426K->742944K(927876K), 0.0052470 secs] [Times: user=0.04 sys=0.00, real=0.00 secs] 
299.550: Total time for which application threads were stopped: 0.0053890 seconds, Stopping threads took: 0.0000670 seconds
299.561: Application time: 0.0116750 seconds
299.562: [GC299.562: [ParNew: 36634K->3572K(37568K), 0.0032740 secs] 775935K->747207K(927876K), 0.0033170 secs] [Times: user=0.02 sys=0.00, real=0.01 secs] 
299.565: Total time for which application threads were stopped: 0.0038540 seconds, Stopping threads took: 0.0004620 seconds
299.573: Application time: 0.0083070 seconds
299.574: [GC299.574: [ParNew: 36354K->3568K(37568K), 0.0025930 secs] 779989K->749342K(927876K), 0.0026350 secs] [Times: user=0.02 sys=0.00, real=0.01 secs] 
299.577: Total time for which application threads were stopped: 0.0032760 seconds, Stopping threads took: 0.0005460 seconds
299.586: Application time: 0.0094510 seconds
299.586: [GC299.586: [ParNew: 36363K->2864K(37568K), 0.0024340 secs] 782137K->750775K(927876K), 0.0024770 secs] [Times: user=0.02 sys=0.00, real=0.00 secs] 
299.589: Total time for which application threads were stopped: 0.0027290 seconds, Stopping threads took: 0.0001760 seconds
299.600: Application time: 0.0108160 seconds
299.600: [GC299.600: [ParNew: 35655K->3572K(37568K), 0.0025140 secs] 783566K->752910K(927876K), 0.0025570 secs] [Times: user=0.02 sys=0.00, real=0.01 secs] 
299.603: Total time for which application threads were stopped: 0.0032620 seconds, Stopping threads took: 0.0006100 seconds
299.613: Application time: 0.0099190 seconds
299.613: [GC299.613: [ParNew: 36359K->3562K(37568K), 0.0026460 secs] 785697K->755038K(927876K), 0.0026870 secs] [Times: user=0.02 sys=0.00, real=0.01 secs] 
299.616: Total time for which application threads were stopped: 0.0028370 seconds, Stopping threads took: 0.0000760 seconds
299.623: Application time: 0.0073840 seconds
299.627: [GC299.627: [ParNew: 36364K->3573K(37568K), 0.0028860 secs] 787840K->757899K(927876K), 0.0029320 secs] [Times: user=0.02 sys=0.00, real=0.00 secs] 
299.630: Total time for which application threads were stopped: 0.0068070 seconds, Stopping threads took: 0.0037810 seconds
299.637: Application time: 0.0069040 seconds
299.637: [GC299.637: [ParNew: 36360K->3562K(37568K), 0.0029120 secs] 790686K->761453K(927876K), 0.0029550 secs] [Times: user=0.02 sys=0.00, real=0.00 secs] 
299.640: Total time for which application threads were stopped: 0.0033020 seconds, Stopping threads took: 0.0002490 seconds
299.674: Application time: 0.0335070 seconds
299.674: [GC299.674: [ParNew: 36406K->3606K(37568K), 0.0038460 secs] 794296K->767910K(927876K), 0.0038890 secs] [Times: user=0.03 sys=0.00, real=0.01 secs] 
299.678: Total time for which application threads were stopped: 0.0040550 seconds, Stopping threads took: 0.0000910 seconds
299.691: Application time: 0.0132460 seconds
299.691: [GC299.691: [ParNew: 36390K->1433K(37568K), 0.0024150 secs] 800693K->768617K(927876K), 0.0024550 secs] [Times: user=0.01 sys=0.00, real=0.00 secs] 
299.694: Total time for which application threads were stopped: 0.0026300 seconds, Stopping threads took: 0.0000990 seconds
299.707: Application time: 0.0133860 seconds
299.707: [GC299.707: [ParNew: 34222K->3574K(37568K), 0.0021450 secs] 801407K->770759K(927876K), 0.0021840 secs] [Times: user=0.02 sys=0.00, real=0.00 secs] 
299.709: Total time for which application threads were stopped: 0.0023520 seconds, Stopping threads took: 0.0000950 seconds
299.720: Application time: 0.0102720 seconds
299.720: [GC299.720: [ParNew: 36370K->3570K(37568K), 0.0033920 secs] 803555K->775743K(927876K), 0.0034370 secs] [Times: user=0.02 sys=0.00, real=0.01 secs] 
299.723: Total time for which application threads were stopped: 0.0036070 seconds, Stopping threads took: 0.0000960 seconds
299.783: Application time: 0.0592960 seconds
299.783: [GC299.783: [ParNew: 36370K->3574K(37568K), 0.0051460 secs] 808543K->787147K(927876K), 0.0051880 secs] [Times: user=0.04 sys=0.01, real=0.01 secs] 
299.788: Total time for which application threads were stopped: 0.0053210 seconds, Stopping threads took: 0.0000690 seconds
299.946: Application time: 0.1580140 seconds
299.946: [GC299.946: [ParNew: 36372K->3568K(37568K), 0.0051070 secs] 819945K->799255K(927876K), 0.0051520 secs] [Times: user=0.04 sys=0.00, real=0.00 secs] 
299.951: Total time for which application threads were stopped: 0.0052900 seconds, Stopping threads took: 0.0000570 seconds
300.098: Application time: 0.1471110 seconds
300.098: [GC300.098: [ParNew: 36360K->3562K(37568K), 0.0052280 secs] 832047K->811362K(927876K), 0.0052700 secs] [Times: user=0.04 sys=0.00, real=0.01 secs] 
300.104: Total time for which application threads were stopped: 0.0054000 seconds, Stopping threads took: 0.0000640 seconds
300.211: Application time: 0.1072270 seconds
300.211: [GC300.211: [ParNew: 36360K->3574K(37568K), 0.0054360 secs] 844161K->824200K(927876K), 0.0054810 secs] [Times: user=0.04 sys=0.00, real=0.01 secs] 
300.217: Total time for which application threads were stopped: 0.0056230 seconds, Stopping threads took: 0.0000670 seconds
300.217: Application time: 0.0000600 seconds
300.217: [GC [1 CMS-initial-mark: 820625K(890308K)] 824912K(927876K), 0.0001370 secs] [Times: user=0.00 sys=0.00, real=0.00 secs] 
300.217: Total time for which application threads were stopped: 0.0002640 seconds, Stopping threads took: 0.0001010 seconds
300.217: [CMS-concurrent-mark-start]
300.222: [CMS-concurrent-mark: 0.005/0.005 secs] [Times: user=0.02 sys=0.00, real=0.00 secs] 
300.222: [CMS-concurrent-preclean-start]
300.224: [CMS-concurrent-preclean: 0.001/0.001 secs] [Times: user=0.02 sys=0.00, real=0.01 secs] 
300.224: Application time: 0.0066630 seconds
300.227: [GC[YG occupancy: 4287 K (37568 K)]300.227: [Rescan (parallel) , 0.0003540 secs]300.227: [weak refs processing, 0.0000060 secs]300.227: [scrub string table, 0.0001160 secs] [1 CMS-remark: 820625K(890308K)] 824912K(927876K), 0.0005020 secs] [Times: user=0.00 sys=0.00, real=0.00 secs] 
300.227: Total time for which application threads were stopped: 0.0038030 seconds, Stopping threads took: 0.0032740 seconds
300.227: [CMS-concurrent-sweep-start]
300.229: [CMS-concurrent-sweep: 0.001/0.001 secs] [Times: user=0.00 sys=0.00, real=0.00 secs] 
300.229: [CMS-concurrent-reset-start]
300.230: [CMS-concurrent-reset: 0.001/0.001 secs] [Times: user=0.00 sys=0.00, real=0.00 secs] 
300.381: Application time: 0.1532920 seconds
300.381: [GC300.381: [ParNew: 36366K->3564K(37568K), 0.0051360 secs] 60564K->39875K(927876K), 0.0051760 secs] [Times: user=0.04 sys=0.00, real=0.01 secs] 
300.386: Total time for which application threads were stopped: 0.0053360 seconds, Stopping threads took: 0.0000890 seconds
300.531: Application time: 0.1446940 seconds
300.531: [GC300.531: [ParNew: 36362K->3570K(37568K), 0.0049080 secs] 72674K->51282K(927876K), 0.0049550 secs] [Times: user=0.03 sys=0.00, real=0.01 secs] 
300.536: Total time for which application threads were stopped: 0.0051340 seconds, Stopping threads took: 0.0000940 seconds
300.674: Application time: 0.1379330 seconds
300.674: [GC300.674: [ParNew: 36394K->3574K(37568K), 0.0053660 secs] 84105K->64112K(927876K), 0.0054090 secs] [Times: user=0.04 sys=0.00, real=0.01 secs] 
300.679: Total time for which application threads were stopped: 0.0055750 seconds, Stopping threads took: 0.0000930 seconds
300.805: Application time: 0.1255310 seconds
300.805: [GC300.805: [ParNew: 36384K->3570K(37568K), 0.0054650 secs] 96921K->77649K(927876K), 0.0055070 secs] [Times: user=0.05 sys=0.00, real=0.00 secs] 
300.811: Total time for which application threads were stopped: 0.0056800 seconds, Stopping threads took: 0.0001010 seconds
300.957: Application time: 0.1460260 seconds
300.957: [GC300.957: [ParNew: 36363K->3562K(37568K), 0.0053980 secs] 110442K->90469K(927876K), 0.0054360 secs] [Times: user=0.04 sys=0.00, real=0.00 secs] 
300.962: Total time for which application threads were stopped: 0.0055660 seconds, Stopping threads took: 0.0000640 seconds
301.073: Application time: 0.1106500 seconds
301.073: [GC301.073: [ParNew: 36355K->3562K(37568K), 0.0049210 secs] 123261K->101869K(927876K), 0.0049630 secs] [Times: user=0.04 sys=0.00, real=0.01 secs] 
301.078: Total time for which application threads were stopped: 0.0052570 seconds, Stopping threads took: 0.0002100 seconds
301.202: Application time: 0.1235570 seconds
301.202: [GC301.202: [ParNew: 36364K->3570K(37568K), 0.0055540 secs] 134671K->115415K(927876K), 0.0055980 secs] [Times: user=0.05 sys=0.00, real=0.01 secs] 
301.207: Total time for which application threads were stopped: 0.0057760 seconds, Stopping threads took: 0.0001040 seconds
301.342: Application time: 0.1346070 seconds
301.342: [GC301.342: [ParNew: 36363K->3564K(37568K), 0.0050940 secs] 148208K->127524K(927876K), 0.0051370 secs] [Times: user=0.04 sys=0.00, real=0.01 secs] 
301.347: Total time for which application threads were stopped: 0.0052680 seconds, Stopping threads took: 0.0000650 seconds
301.453: Application time: 0.1053190 seconds
301.453: [GC301.453: [ParNew: 36366K->3572K(37568K), 0.0054080 secs] 160326K->140357K(927876K), 0.0054500 secs] [Times: user=0.04 sys=0.00, real=0.01 secs] 
301.458: Total time for which application threads were stopped: 0.0055890 seconds, Stopping threads took: 0.0000670 seconds
301.577: Application time: 0.1189260 seconds
301.577: [GC301.577: [ParNew: 36392K->3579K(37568K), 0.0053900 secs] 173177K->153190K(927876K), 0.0054360 secs] [Times: user=0.04 sys=0.00, real=0.00 secs] 
301.583: Total time for which application threads were stopped: 0.0056270 seconds, Stopping threads took: 0.0001010 seconds
301.689: Application time: 0.1059600 seconds
301.689: [GC301.689: [ParNew: 36389K->3572K(37568K), 0.0055630 secs] 186001K->166726K(927876K), 0.0056180 secs] [Times: user=0.04 sys=0.00, real=0.00 secs] 
301.694: Total time for which application threads were stopped: 0.0057530 seconds, Stopping threads took: 0.0000680 seconds
301.814: Application time: 0.1196750 seconds
301.814: [GC301.814: [ParNew: 36373K->3566K(37568K), 0.0052450 secs] 199526K->178835K(927876K), 0.0052870 secs] [Times: user=0.04 sys=0.00, real=0.01 secs] 
301.820: Total time for which application threads were stopped: 0.0054290 seconds, Stopping threads took: 0.0000700 seconds
301.910: Application time: 0.0905970 seconds
301.910: [GC301.910: [ParNew: 36361K->3562K(37568K), 0.0051500 secs] 211629K->190946K(927876K), 0.0051930 secs] [Times: user=0.04 sys=0.00, real=0.01 secs] 
301.916: Total time for which application threads were stopped: 0.0053580 seconds, Stopping threads took: 0.0000900 seconds
302.052: Application time: 0.1362480 seconds
302.052: [GC302.052: [ParNew: 36357K->3562K(37568K), 0.0050880 secs] 223740K->203059K(927876K), 0.0051290 secs] [Times: user=0.04 sys=0.00, real=0.01 secs] 
302.057: Total time for which application threads were stopped: 0.0052810 seconds, Stopping threads took: 0.0000840 seconds
302.146: Application time: 0.0892530 seconds
302.146: [GC302.146: [ParNew: 36363K->3572K(37568K), 0.0052290 secs] 235860K->215183K(927876K), 0.0052740 secs] [Times: user=0.04 sys=0.00, real=0.00 secs] 
302.152: Total time for which application threads were stopped: 0.0054430 seconds, Stopping threads took: 0.0000870 seconds
302.275: Application time: 0.1231080 seconds
302.275: [GC302.275: [ParNew: 36367K->3562K(37568K), 0.0050490 secs] 247978K->227288K(927876K), 0.0050950 secs] [Times: user=0.04 sys=0.00, real=0.00 secs] 
302.280: Total time for which application threads were stopped: 0.0052540 seconds, Stopping threads took: 0.0000870 seconds
302.378: Application time: 0.0983500 seconds
302.379: [GC302.379: [ParNew: 36365K->3574K(37568K), 0.0053580 secs] 260091K->240126K(927876K), 0.0054010 secs] [Times: user=0.04 sys=0.01, real=0.01 secs] 
302.384: Total time for which application threads were stopped: 0.0055480 seconds, Stopping threads took: 0.0000740 seconds
302.473: Application time: 0.0886730 seconds
302.473: [GC302.473: [ParNew: 36408K->3604K(37568K), 0.0056560 secs] 272960K->253696K(927876K), 0.0056990 secs] [Times: user=0.05 sys=0.00, real=0.01 secs] 
302.479: Total time for which application threads were stopped: 0.0058360 seconds, Stopping threads took: 0.0000660 seconds
302.493: Application time: 0.0143520 seconds
302.493: [GC302.493: [ParNew: 36393K->3570K(37568K), 0.0031450 secs] 286484K->257254K(927876K), 0.0031880 secs] [Times: user=0.03 sys=0.00, real=0.01 secs] 
302.496: Total time for which application threads were stopped: 0.0033560 seconds, Stopping threads took: 0.0000930 seconds
302.508: Application time: 0.0121060 seconds
302.508: [GC302.509: [ParNew: 36357K->1437K(37568K), 0.0020210 secs] 290041K->257258K(927876K), 0.0020620 secs] [Times: user=0.02 sys=0.00, real=0.00 secs] 
302.511: Total time for which application threads were stopped: 0.0022330 seconds, Stopping threads took: 0.0000950 seconds
302.523: Application time: 0.0126070 seconds
302.523: [GC302.523: [ParNew: 34729K->2190K(37568K), 0.0016760 secs] 290550K->258012K(927876K), 0.0017090 secs] [Times: user=0.01 sys=0.00, real=0.00 secs] 
302.525: Total time for which application threads were stopped: 0.0018740 seconds, Stopping threads took: 0.0000950 seconds
302.534: Application time: 0.0084700 seconds
302.534: [GC302.534: [ParNew: 35233K->3604K(37568K), 0.0022080 secs] 291054K->260851K(927876K), 0.0022480 secs] [Times: user=0.02 sys=0.00, real=0.01 secs] 
302.536: Total time for which application threads were stopped: 0.0028540 seconds, Stopping threads took: 0.0005330 seconds
302.550: Application time: 0.0140100 seconds
302.551: [GC302.551: [ParNew: 36408K->3572K(37568K), 0.0037700 secs] 293655K->267262K(927876K), 0.0038230 secs] [Times: user=0.03 sys=0.00, real=0.00 secs] 
302.554: Total time for which application threads were stopped: 0.0039870 seconds, Stopping threads took: 0.0000900 seconds
302.566: Application time: 0.0112990 seconds
302.566: [GC302.566: [ParNew: 36359K->2147K(37568K), 0.0024040 secs] 300048K->268689K(927876K), 0.0024440 secs] [Times: user=0.02 sys=0.00, real=0.00 secs] 
302.568: Total time for which application threads were stopped: 0.0025960 seconds, Stopping threads took: 0.0000800 seconds
302.581: Application time: 0.0130800 seconds
302.582: [GC302.582: [ParNew: 34940K->3572K(37568K), 0.0023170 secs] 301481K->271539K(927876K), 0.0023560 secs] [Times: user=0.02 sys=0.00, real=0.01 secs] 
302.584: Total time for which application threads were stopped: 0.0025360 seconds, Stopping threads took: 0.0001070 seconds
302.592: Application time: 0.0076080 seconds
302.592: [GC302.592: [ParNew: 36359K->2137K(37568K), 0.0025930 secs] 304325K->273668K(927876K), 0.0026320 secs] [Times: user=0.02 sys=0.00, real=0.00 secs] 
302.594: Total time for which application threads were stopped: 0.0028080 seconds, Stopping threads took: 0.0001010 seconds
302.704: Application time: 0.1100250 seconds
302.705: [GC302.705: [ParNew: 34939K->3576K(37568K), 0.0053800 secs] 306470K->287933K(927876K), 0.0054220 secs] [Times: user=0.04 sys=0.00, real=0.00 secs] 
302.710: Total time for which application threads were stopped: 0.0055940 seconds, Stopping threads took: 0.0000820 seconds
302.760: Application time: 0.0498290 seconds
302.760: [GC302.760: [ParNew: 36401K->3606K(37568K), 0.0045990 secs] 320757K->297227K(927876K), 0.0046440 secs] [Times: user=0.03 sys=0.00, real=0.01 secs] 
302.765: Total time for which application threads were stopped: 0.0047980 seconds, Stopping threads took: 0.0000790 seconds
302.776: Application time: 0.0110610 seconds
302.776: [GC302.776: [ParNew: 36392K->1433K(37568K), 0.0022380 secs] 330013K->297932K(927876K), 0.0022780 secs] [Times: user=0.02 sys=0.00, real=0.00 secs] 
302.778: Total time for which application threads were stopped: 0.0024510 seconds, Stopping threads took: 0.0000990 seconds
302.792: Application time: 0.0142420 seconds
302.793: [GC302.793: [ParNew: 34226K->3574K(37568K), 0.0025960 secs] 330725K->302212K(927876K), 0.0026400 secs] [Times: user=0.02 sys=0.00, real=0.01 secs] 
302.795: Total time for which application threads were stopped: 0.0028320 seconds, Stopping threads took: 0.0001170 seconds
302.804: Application time: 0.0090340 seconds
302.804: [GC302.804: [ParNew: 36370K->3572K(37568K), 0.0034500 secs] 335008K->307198K(927876K), 0.0034940 secs] [Times: user=0.03 sys=0.00, real=0.00 secs] 
302.808: Total time for which application threads were stopped: 0.0036480 seconds, Stopping threads took: 0.0000750 seconds
302.875: Application time: 0.0669440 seconds
302.875: [GC302.875: [ParNew: 36372K->3570K(37568K), 0.0052890 secs] 339998K->319309K(927876K), 0.0053300 secs] [Times: user=0.04 sys=0.00, real=0.00 secs] 
302.880: Total time for which application threads were stopped: 0.0054700 seconds, Stopping threads took: 0.0000690 seconds
303.010: Application time: 0.1295310 seconds
303.010: [GC303.010: [ParNew: 36363K->3562K(37568K), 0.0054980 secs] 352102K->332128K(927876K), 0.0055440 secs] [Times: user=0.04 sys=0.00, real=0.01 secs] 
303.015: Total time for which application threads were stopped: 0.0056750 seconds, Stopping threads took: 0.0000600 seconds
303.108: Application time: 0.0929910 seconds
303.109: [GC303.109: [ParNew: 36388K->3606K(37568K), 0.0056770 secs] 364953K->345710K(927876K), 0.0057210 secs] [Times: user=0.04 sys=0.00, real=0.00 secs] 
303.114: Total time for which application threads were stopped: 0.0058560 seconds, Stopping threads took: 0.0000620 seconds
303.129: Application time: 0.0150540 seconds
303.130: [GC303.130: [ParNew: 36392K->3570K(37568K), 0.0026890 secs] 378496K->347840K(927876K), 0.0027340 secs] [Times: user=0.03 sys=0.00, real=0.00 secs] 
303.132: Total time for which application threads were stopped: 0.0029150 seconds, Stopping threads took: 0.0001050 seconds
303.144: Application time: 0.0119930 seconds
303.144: [GC303.144: [ParNew: 36359K->3574K(37568K), 0.0028900 secs] 380629K->350694K(927876K), 0.0029410 secs] [Times: user=0.02 sys=0.00, real=0.00 secs] 
303.147: Total time for which application threads were stopped: 0.0031030 seconds, Stopping threads took: 0.0000880 seconds
303.159: Application time: 0.0118400 seconds
303.159: [GC303.159: [ParNew: 36368K->3568K(37568K), 0.0032040 secs] 383488K->354964K(927876K), 0.0032450 secs] [Times: user=0.02 sys=0.00, real=0.00 secs] 
303.163: Total time for which application threads were stopped: 0.0033940 seconds, Stopping threads took: 0.0000740 seconds
303.173: Application time: 0.0099500 seconds
303.173: [GC303.173: [ParNew: 36362K->3568K(37568K), 0.0026410 secs] 387757K->357814K(927876K), 0.0026830 secs] [Times: user=0.02 sys=0.00, real=0.01 secs] 
303.175: Total time for which application threads were stopped: 0.0028200 seconds, Stopping threads took: 0.0000640 seconds
303.266: Application time: 0.0901420 seconds
303.266: [GC303.266: [ParNew: 36396K->3600K(37568K), 0.0060170 secs] 390641K->372097K(927876K), 0.0060610 secs] [Times: user=0.05 sys=0.00, real=0.00 secs] 
303.272: Total time for which application threads were stopped: 0.0062270 seconds, Stopping threads took: 0.0000790 seconds
303.284: Application time: 0.0125460 seconds
303.285: [GC303.285: [ParNew: 36386K->3572K(37568K), 0.0033690 secs] 404883K->376373K(927876K), 0.0034120 secs] [Times: user=0.02 sys=0.00, real=0.00 secs] 
303.288: Total time for which application threads were stopped: 0.0035860 seconds, Stopping threads took: 0.0001010 seconds
303.302: Application time: 0.0140150 seconds
303.302: [GC303.302: [ParNew: 36362K->2147K(37568K), 0.0019900 secs] 409162K->376373K(927876K), 0.0020290 secs] [Times: user=0.01 sys=0.00, real=0.01 secs] 
303.304: Total time for which application threads were stopped: 0.0021800 seconds, Stopping threads took: 0.0000770 seconds
303.315: Application time: 0.0106360 seconds
303.315: [GC303.315: [ParNew: 34943K->3570K(37568K), 0.0027320 secs] 409169K->380646K(927876K), 0.0027770 secs] [Times: user=0.02 sys=0.00, real=0.00 secs] 
303.318: Total time for which application threads were stopped: 0.0029280 seconds, Stopping threads took: 0.0000750 seconds
303.361: Application time: 0.0435370 seconds
303.361: [GC303.361: [ParNew: 36370K->3574K(37568K), 0.0047560 secs] 413446K->391338K(927876K), 0.0048020 secs] [Times: user=0.03 sys=0.00, real=0.01 secs] 
303.366: Total time for which application threads were stopped: 0.0049380 seconds, Stopping threads took: 0.0000590 seconds
303.492: Application time: 0.1262070 seconds
303.493: [GC303.493: [ParNew: 36399K->3604K(37568K), 0.0050180 secs] 424163K->403482K(927876K), 0.0050590 secs] [Times: user=0.04 sys=0.00, real=0.01 secs] 
303.498: Total time for which application threads were stopped: 0.0051840 seconds, Stopping threads took: 0.0000580 seconds
303.513: Application time: 0.0152820 seconds
303.515: [GC303.515: [ParNew: 36979K->3608K(37568K), 0.0028930 secs] 436856K->406364K(927876K), 0.0029380 secs] [Times: user=0.03 sys=0.00, real=0.00 secs] 
303.518: Total time for which application threads were stopped: 0.0050000 seconds, Stopping threads took: 0.0019660 seconds
303.527: Application time: 0.0091870 seconds
303.527: [GC303.527: [ParNew: 36644K->2892K(37568K), 0.0022950 secs] 439400K->407814K(927876K), 0.0023350 secs] [Times: user=0.02 sys=0.00, real=0.00 secs] 
303.530: Total time for which application threads were stopped: 0.0026250 seconds, Stopping threads took: 0.0002200 seconds
303.539: Application time: 0.0088810 seconds
303.539: [GC303.539: [ParNew: 36094K->1443K(37568K), 0.0017740 secs] 441017K->407821K(927876K), 0.0018140 secs] [Times: user=0.02 sys=0.00, real=0.00 secs] 
303.541: Total time for which application threads were stopped: 0.0019820 seconds, Stopping threads took: 0.0000930 seconds
303.549: Application time: 0.0086650 seconds
303.550: [GC303.550: [ParNew: 34471K->3578K(37568K), 0.0017940 secs] 440849K->409956K(927876K), 0.0018340 secs] [Times: user=0.01 sys=0.00, real=0.00 secs] 
303.552: Total time for which application threads were stopped: 0.0027370 seconds, Stopping threads took: 0.0008180 seconds
303.560: Application time: 0.0076670 seconds
303.560: [GC303.560: [ParNew: 36379K->3570K(37568K), 0.0033140 secs] 442757K->414938K(927876K), 0.0033540 secs] [Times: user=0.03 sys=0.00, real=0.01 secs] 
303.563: Total time for which application threads were stopped: 0.0037540 seconds, Stopping threads took: 0.0003270 seconds
303.571: Application time: 0.0078490 seconds
303.572: [GC303.572: [ParNew: 36371K->3576K(37568K), 0.0027360 secs] 447738K->417795K(927876K), 0.0027770 secs] [Times: user=0.02 sys=0.00, real=0.00 secs] 
303.575: Total time for which application threads were stopped: 0.0034540 seconds, Stopping threads took: 0.0006040 seconds
303.582: Application time: 0.0076520 seconds
303.583: [GC303.583: [ParNew: 36370K->3572K(37568K), 0.0031650 secs] 450589K->422068K(927876K), 0.0032110 secs] [Times: user=0.03 sys=0.00, real=0.01 secs] 
303.586: Total time for which application threads were stopped: 0.0033810 seconds, Stopping threads took: 0.0000950 seconds
303.593: Application time: 0.0076240 seconds
303.594: [GC303.594: [ParNew: 36362K->2860K(37568K), 0.0024820 secs] 454858K->423494K(927876K), 0.0025230 secs] [Times: user=0.02 sys=0.00, real=0.01 secs] 
303.597: Total time for which application threads were stopped: 0.0033520 seconds, Stopping threads took: 0.0007560 seconds
303.605: Application time: 0.0087410 seconds
303.606: [GC303.606: [ParNew: 35655K->3570K(37568K), 0.0025000 secs] 456289K->425631K(927876K), 0.0025420 secs] [Times: user=0.02 sys=0.00, real=0.00 secs] 
303.608: Total time for which application threads were stopped: 0.0027270 seconds, Stopping threads took: 0.0001100 seconds
303.619: Application time: 0.0112630 seconds
303.620: [GC303.620: [ParNew: 36361K->2147K(37568K), 0.0022560 secs] 458421K->426346K(927876K), 0.0022970 secs] [Times: user=0.02 sys=0.00, real=0.00 secs] 
303.623: Total time for which application threads were stopped: 0.0032100 seconds, Stopping threads took: 0.0008390 seconds
303.633: Application time: 0.0102010 seconds
303.633: [GC303.633: [ParNew: 34949K->3576K(37568K), 0.0025140 secs] 459148K->429201K(927876K), 0.0025590 secs] [Times: user=0.02 sys=0.00, real=0.01 secs] 
303.636: Total time for which application threads were stopped: 0.0027660 seconds, Stopping threads took: 0.0001300 seconds
303.676: Application time: 0.0405010 seconds
303.676: [GC303.676: [ParNew: 36377K->3578K(37568K), 0.0043820 secs] 462001K->438466K(927876K), 0.0044240 secs] [Times: user=0.04 sys=0.00, real=0.00 secs] 
303.681: Total time for which application threads were stopped: 0.0045560 seconds, Stopping threads took: 0.0000590 seconds
303.827: Application time: 0.1465600 seconds
303.827: [GC303.827: [ParNew: 36376K->3568K(37568K), 0.0052240 secs] 471264K->450570K(927876K), 0.0052670 secs] [Times: user=0.04 sys=0.00, real=0.00 secs] 
303.833: Total time for which application threads were stopped: 0.0054360 seconds, Stopping threads took: 0.0000840 seconds
303.977: Application time: 0.1440800 seconds
303.977: [GC303.977: [ParNew: 36360K->3562K(37568K), 0.0054130 secs] 483362K->463390K(927876K), 0.0054570 secs] [Times: user=0.04 sys=0.00, real=0.00 secs] 
303.982: Total time for which application threads were stopped: 0.0056070 seconds, Stopping threads took: 0.0000770 seconds
304.133: Application time: 0.1511030 seconds
304.134: [GC304.134: [ParNew: 36360K->3572K(37568K), 0.0051780 secs] 496188K->475513K(927876K), 0.0052190 secs] [Times: user=0.04 sys=0.00, real=0.01 secs] 
304.139: Total time for which application threads were stopped: 0.0053830 seconds, Stopping threads took: 0.0000920 seconds
304.300: Application time: 0.1613360 seconds
304.300: [GC304.300: [ParNew: 36370K->3570K(37568K), 0.0050990 secs] 508311K->487624K(927876K), 0.0051410 secs] [Times: user=0.04 sys=0.00, real=0.01 secs] 
304.305: Total time for which application threads were stopped: 0.0052730 seconds, Stopping threads took: 0.0000660 seconds
304.432: Application time: 0.1260330 seconds
304.432: [GC304.432: [ParNew: 36362K->3562K(37568K), 0.0056650 secs] 520416K->500442K(927876K), 0.0057150 secs] [Times: user=0.04 sys=0.00, real=0.01 secs] 
304.437: Total time for which application threads were stopped: 0.0058730 seconds, Stopping threads took: 0.0000730 seconds
304.597: Application time: 0.1591600 seconds
304.597: [GC304.597: [ParNew: 36375K->3576K(37568K), 0.0053290 secs] 533255K->513282K(927876K), 0.0053730 secs] [Times: user=0.04 sys=0.00, real=0.00 secs] 
304.602: Total time for which application threads were stopped: 0.0055180 seconds, Stopping threads took: 0.0000730 seconds
304.748: Application time: 0.1462720 seconds
304.748: [GC304.748: [ParNew: 36385K->3572K(37568K), 0.0058300 secs] 546091K->527531K(927876K), 0.0058740 secs] [Times: user=0.04 sys=0.00, real=0.00 secs] 
304.754: Total time for which application threads were stopped: 0.0060100 seconds, Stopping threads took: 0.0000710 seconds
304.887: Application time: 0.1328260 seconds
304.887: [GC304.887: [ParNew: 36373K->3574K(37568K), 0.0054570 secs] 560332K->540360K(927876K), 0.0055000 secs] [Times: user=0.03 sys=0.00, real=0.00 secs] 
304.893: Total time for which application threads were stopped: 0.0056380 seconds, Stopping threads took: 0.0000680 seconds
305.023: Application time: 0.1301790 seconds
305.023: [GC305.023: [ParNew: 36367K->3564K(37568K), 0.0051750 secs] 573152K->552464K(927876K), 0.0052160 secs] [Times: user=0.03 sys=0.00, real=0.00 secs] 
305.028: Total time for which application threads were stopped: 0.0053550 seconds, Stopping threads took: 0.0000590 seconds
305.149: Application time: 0.1202250 seconds
305.149: [GC305.149: [ParNew: 36366K->3576K(37568K), 0.0052390 secs] 585265K->564589K(927876K), 0.0052820 secs] [Times: user=0.04 sys=0.00, real=0.00 secs] 
305.154: Total time for which application threads were stopped: 0.0054070 seconds, Stopping threads took: 0.0000570 seconds
305.284: Application time: 0.1302480 seconds
305.284: [GC305.284: [ParNew: 36378K->3568K(37568K), 0.0052420 secs] 597391K->576695K(927876K), 0.0052860 secs] [Times: user=0.04 sys=0.00, real=0.00 secs] 
305.290: Total time for which application threads were stopped: 0.0054440 seconds, Stopping threads took: 0.0000860 seconds
305.386: Application time: 0.0961560 seconds
305.386: [GC305.386: [ParNew: 36362K->3562K(37568K), 0.0053420 secs] 609489K->588803K(927876K), 0.0053880 secs] [Times: user=0.04 sys=0.00, real=0.00 secs] 
305.391: Total time for which application threads were stopped: 0.0055630 seconds, Stopping threads took: 0.0001010 seconds
305.526: Application time: 0.1343930 seconds
305.526: [GC305.526: [ParNew: 36369K->3576K(37568K), 0.0050790 secs] 621610K->600931K(927876K), 0.0051200 secs] [Times: user=0.04 sys=0.00, real=0.00 secs] 
305.531: Total time for which application threads were stopped: 0.0052720 seconds, Stopping threads took: 0.0000690 seconds
305.628: Application time: 0.0970310 seconds
305.628: [GC305.628: [ParNew: 36396K->3574K(37568K), 0.0059520 secs] 633751K->615182K(927876K), 0.0059950 secs] [Times: user=0.05 sys=0.00, real=0.00 secs] 
305.634: Total time for which application threads were stopped: 0.0061560 seconds, Stopping threads took: 0.0000870 seconds
305.759: Application time: 0.1244720 seconds
305.759: [GC305.759: [ParNew: 36368K->3564K(37568K), 0.0052950 secs] 647976K->627288K(927876K), 0.0053390 secs] [Times: user=0.03 sys=0.00, real=0.01 secs] 
305.764: Total time for which application threads were stopped: 0.0054810 seconds, Stopping threads took: 0.0000690 seconds
305.859: Application time: 0.0950480 seconds
305.859: [GC305.859: [ParNew: 36367K->3570K(37568K), 0.0055940 secs] 660091K->640833K(927876K), 0.0056390 secs] [Times: user=0.04 sys=0.00, real=0.01 secs] 
305.865: Total time for which application threads were stopped: 0.0057760 seconds, Stopping threads took: 0.0000650 seconds
305.998: Application time: 0.1333070 seconds
305.998: [GC305.999: [ParNew: 36365K->3564K(37568K), 0.0051080 secs] 673627K->652942K(927876K), 0.0051490 secs] [Times: user=0.04 sys=0.00, real=0.01 secs] 
306.004: Total time for which application threads were stopped: 0.0052950 seconds, Stopping threads took: 0.0000690 seconds
306.089: Application time: 0.0853000 seconds
306.089: [GC306.089: [ParNew: 36367K->3572K(37568K), 0.0056430 secs] 685745K->666489K(927876K), 0.0056860 secs] [Times: user=0.04 sys=0.00, real=0.01 secs] 
306.095: Total time for which application threads were stopped: 0.0058650 seconds, Stopping threads took: 0.0000950 seconds
306.213: Application time: 0.1178060 seconds
306.213: [GC306.213: [ParNew: 36373K->3570K(37568K), 0.0052100 secs] 699290K->678601K(927876K), 0.0052510 secs] [Times: user=0.04 sys=0.00, real=0.01 secs] 
306.218: Total time for which application threads were stopped: 0.0054060 seconds, Stopping threads took: 0.0000860 seconds
306.334: Application time: 0.1154870 seconds
306.334: [GC306.334: [ParNew: 36365K->3562K(37568K), 0.0046800 secs] 711396K->689283K(927876K), 0.0047260 secs] [Times: user=0.03 sys=0.00, real=0.01 secs] 
306.338: Total time for which application threads were stopped: 0.0049270 seconds, Stopping threads took: 0.0001270 seconds
306.438: Application time: 0.0998230 seconds
306.438: [GC306.438: [ParNew: 36357K->3564K(37568K), 0.0051540 secs] 722077K->701398K(927876K), 0.0051970 secs] [Times: user=0.04 sys=0.00, real=0.01 secs] 
306.444: Total time for which application threads were stopped: 0.0053370 seconds, Stopping threads took: 0.0000660 seconds
306.482: Application time: 0.0382440 seconds
306.482: [GC306.482: [ParNew: 36382K->3602K(37568K), 0.0033440 secs] 734216K->705712K(927876K), 0.0033880 secs] [Times: user=0.02 sys=0.00, real=0.01 secs] 
306.485: Total time for which application threads were stopped: 0.0035440 seconds, Stopping threads took: 0.0000800 seconds
306.496: Application time: 0.0103320 seconds
306.496: [GC306.496: [ParNew: 36399K->3572K(37568K), 0.0025160 secs] 738508K->707848K(927876K), 0.0025560 secs] [Times: user=0.02 sys=0.00, real=0.00 secs] 
306.498: Total time for which application threads were stopped: 0.0027030 seconds, Stopping threads took: 0.0000800 seconds
306.511: Application time: 0.0121380 seconds
306.511: [GC306.511: [ParNew: 36373K->3569K(37568K), 0.0036920 secs] 740648K->714258K(927876K), 0.0037360 secs] [Times: user=0.03 sys=0.00, real=0.00 secs] 
306.515: Total time for which application threads were stopped: 0.0038970 seconds, Stopping threads took: 0.0000860 seconds
306.524: Application time: 0.0092400 seconds
306.524: [GC306.524: [ParNew: 36954K->1472K(37568K), 0.0022950 secs] 747644K->715014K(927876K), 0.0023350 secs] [Times: user=0.02 sys=0.00, real=0.00 secs] 
306.526: Total time for which application threads were stopped: 0.0025070 seconds, Stopping threads took: 0.0000980 seconds
306.540: Application time: 0.0136530 seconds
306.540: [GC306.540: [ParNew: 34418K->3600K(37568K), 0.0027190 secs] 747959K->719280K(927876K), 0.0027610 secs] [Times: user=0.02 sys=0.00, real=0.01 secs] 
306.543: Total time for which application threads were stopped: 0.0029320 seconds, Stopping threads took: 0.0000980 seconds
306.554: Application time: 0.0108730 seconds
306.554: [GC306.554: [ParNew: 36386K->2143K(37568K), 0.0025170 secs] 752066K->720702K(927876K), 0.0025590 secs] [Times: user=0.02 sys=0.00, real=0.01 secs] 
306.556: Total time for which application threads were stopped: 0.0027580 seconds, Stopping threads took: 0.0001230 seconds
306.572: Application time: 0.0151380 seconds
306.572: [GC306.572: [ParNew: 34934K->3572K(37568K), 0.0020960 secs] 753493K->722132K(927876K), 0.0021360 secs] [Times: user=0.01 sys=0.00, real=0.00 secs] 
306.574: Total time for which application threads were stopped: 0.0023090 seconds, Stopping threads took: 0.0000970 seconds
306.583: Application time: 0.0089910 seconds
306.583: [GC306.583: [ParNew: 36364K->2143K(37568K), 0.0026230 secs] 754923K->723553K(927876K), 0.0026670 secs] [Times: user=0.01 sys=0.00, real=0.00 secs] 
306.586: Total time for which application threads were stopped: 0.0028170 seconds, Stopping threads took: 0.0000740 seconds
306.666: Application time: 0.0804380 seconds
306.666: [GC306.666: [ParNew: 34954K->3576K(37568K), 0.0055700 secs] 756364K->738525K(927876K), 0.0056210 secs] [Times: user=0.05 sys=0.00, real=0.00 secs] 
306.672: Total time for which application threads were stopped: 0.0057760 seconds, Stopping threads took: 0.0000720 seconds
306.785: Application time: 0.1127490 seconds
306.785: [GC306.785: [ParNew: 36691K->3606K(37568K), 0.0044940 secs] 771639K->748532K(927876K), 0.0045360 secs] [Times: user=0.03 sys=0.00, real=0.00 secs] 
306.789: Total time for which application threads were stopped: 0.0046940 seconds, Stopping threads took: 0.0000840 seconds
306.813: Application time: 0.0240290 seconds
306.814: [GC306.814: [ParNew: 36821K->3574K(37568K), 0.0036260 secs] 781747K->754229K(927876K), 0.0036680 secs] [Times: user=0.02 sys=0.00, real=0.01 secs] 
306.817: Total time for which application threads were stopped: 0.0038190 seconds, Stopping threads took: 0.0000770 seconds
306.828: Application time: 0.0109130 seconds
306.829: [GC306.829: [ParNew: 36365K->2145K(37568K), 0.0021520 secs] 787019K->754938K(927876K), 0.0021960 secs] [Times: user=0.02 sys=0.00, real=0.00 secs] 
306.831: Total time for which application threads were stopped: 0.0031950 seconds, Stopping threads took: 0.0009260 seconds
306.844: Application time: 0.0127530 seconds
306.844: [GC306.844: [ParNew: 34933K->3564K(37568K), 0.0032160 secs] 787726K->760633K(927876K), 0.0032580 secs] [Times: user=0.02 sys=0.00, real=0.00 secs] 
306.848: Total time for which application threads were stopped: 0.0034250 seconds, Stopping threads took: 0.0000940 seconds
306.855: Application time: 0.0077470 seconds
306.855: [GC306.855: [ParNew: 36355K->2147K(37568K), 0.0024590 secs] 793423K->762066K(927876K), 0.0025000 secs] [Times: user=0.01 sys=0.00, real=0.00 secs] 
306.858: Total time for which application threads were stopped: 0.0026660 seconds, Stopping threads took: 0.0000910 seconds
306.957: Application time: 0.0994620 seconds
306.958: [GC306.958: [ParNew: 34976K->3606K(37568K), 0.0051150 secs] 794895K->775638K(927876K), 0.0051590 secs] [Times: user=0.04 sys=0.00, real=0.00 secs] 
306.963: Total time for which application threads were stopped: 0.0053050 seconds, Stopping threads took: 0.0000760 seconds
306.978: Application time: 0.0157190 seconds
306.979: [GC306.979: [ParNew: 36401K->3570K(37568K), 0.0032530 secs] 808432K->779907K(927876K), 0.0032960 secs] [Times: user=0.03 sys=0.00, real=0.00 secs] 
306.982: Total time for which application threads were stopped: 0.0034660 seconds, Stopping threads took: 0.0000940 seconds
306.994: Application time: 0.0123050 seconds
306.994: [GC306.994: [ParNew: 36357K->1435K(37568K), 0.0018270 secs] 812693K->779196K(927876K), 0.0018670 secs] [Times: user=0.01 sys=0.00, real=0.01 secs] 
306.996: Total time for which application threads were stopped: 0.0020310 seconds, Stopping threads took: 0.0000900 seconds
307.008: Application time: 0.0120500 seconds
307.008: [GC307.008: [ParNew: 34229K->3568K(37568K), 0.0033560 secs] 811991K->786318K(927876K), 0.0033970 secs] [Times: user=0.02 sys=0.00, real=0.00 secs] 
307.012: Total time for which application threads were stopped: 0.0035630 seconds, Stopping threads took: 0.0000910 seconds
307.021: Application time: 0.0087270 seconds
307.021: [GC307.021: [ParNew: 36352K->0K(37568K), 0.0016170 secs] 819102K->784887K(927876K), 0.0018560 secs] [Times: user=0.01 sys=0.00, real=0.00 secs] 
307.023: Total time for which application threads were stopped: 0.0020350 seconds, Stopping threads took: 0.0001070 seconds
307.538: Application time: 0.5157980 seconds
307.539: [GC307.539: [ParNew: 355759K->19340K(400768K), 0.0051180 secs] 1140647K->804227K(1291076K), 0.0051620 secs] [Times: user=0.01 sys=0.03, real=0.01 secs] 
307.544: Total time for which application threads were stopped: 0.0053670 seconds, Stopping threads took: 0.0001180 seconds
307.963: Application time: 0.4191060 seconds
307.963: [GC307.963: [ParNew: 375064K->20080K(400768K), 0.0050430 secs] 1159951K->804968K(1291076K), 0.0050870 secs] [Times: user=0.03 sys=0.01, real=0.00 secs] 
307.968: Total time for which application threads were stopped: 0.0052610 seconds, Stopping threads took: 0.0000960 seconds
309.379: Application time: 1.4109730 seconds
309.379: [GC309.379: [ParNew: 375751K->23648K(400768K), 0.0069820 secs] 1160638K->808535K(1291076K), 0.0070300 secs] [Times: user=0.05 sys=0.00, real=0.01 secs] 
309.386: Total time for which application threads were stopped: 0.0071830 seconds, Stopping threads took: 0.0000680 seconds
310.258: Application time: 0.8721460 seconds
310.259: [GC310.259: [ParNew: 379357K->21425K(400768K), 0.0067020 secs] 1164244K->806426K(1291076K), 0.0067470 secs] [Times: user=0.05 sys=0.00, real=0.01 secs] 
310.265: Total time for which application threads were stopped: 0.0069050 seconds, Stopping threads took: 0.0000750 seconds
310.550: Application time: 0.2850260 seconds
310.551: [GC310.551: [ParNew: 377194K->25043K(400768K), 0.0078420 secs] 1162196K->810044K(1291076K), 0.0078860 secs] [Times: user=0.06 sys=0.00, real=0.01 secs] 
310.558: Total time for which application threads were stopped: 0.0080350 seconds, Stopping threads took: 0.0000790 seconds
311.008: Application time: 0.4495380 seconds
311.008: [GC311.008: [ParNew: 380760K->22219K(400768K), 0.0077860 secs] 1165761K->809386K(1291076K), 0.0078320 secs] [Times: user=0.06 sys=0.00, real=0.01 secs] 
311.016: Total time for which application threads were stopped: 0.0079850 seconds, Stopping threads took: 0.0000730 seconds
311.317: Application time: 0.3013380 seconds
311.318: [GC311.318: [ParNew: 377994K->20169K(400768K), 0.0065760 secs] 1165162K->807336K(1291076K), 0.0066220 secs] [Times: user=0.05 sys=0.00, real=0.01 secs] 
311.324: Total time for which application threads were stopped: 0.0068470 seconds, Stopping threads took: 0.0001470 seconds
312.483: Application time: 1.1587830 seconds
312.483: [GC312.483: [ParNew: 375858K->25156K(400768K), 0.0075200 secs] 1163026K->812324K(1291076K), 0.0075620 secs] [Times: user=0.06 sys=0.00, real=0.00 secs] 
312.491: Total time for which application threads were stopped: 0.0077310 seconds, Stopping threads took: 0.0000810 seconds
313.833: Application time: 1.3424720 seconds
313.833: [GC313.833: [ParNew: 380837K->22107K(400768K), 0.0075410 secs] 1168005K->811612K(1291076K), 0.0075850 secs] [Times: user=0.06 sys=0.00, real=0.01 secs] 
313.841: Total time for which application threads were stopped: 0.0077370 seconds, Stopping threads took: 0.0000690 seconds
314.282: Application time: 0.4415300 seconds
314.283: [GC314.283: [ParNew: 377853K->24299K(400768K), 0.0077800 secs] 1167359K->813804K(1291076K), 0.0078240 secs] [Times: user=0.07 sys=0.00, real=0.01 secs] 
314.290: Total time for which application threads were stopped: 0.0079900 seconds, Stopping threads took: 0.0000840 seconds
314.739: Application time: 0.4488020 seconds
314.739: [GC314.739: [ParNew: 380036K->20795K(400768K), 0.0076510 secs] 1169541K->813865K(1291076K), 0.0077000 secs] [Times: user=0.05 sys=0.00, real=0.01 secs] 
314.747: Total time for which application threads were stopped: 0.0078540 seconds, Stopping threads took: 0.0000700 seconds
315.267: Application time: 0.5201560 seconds
315.268: [GC315.268: [ParNew: 376519K->21566K(400768K), 0.0069720 secs] 1169589K->814635K(1291076K), 0.0070190 secs] [Times: user=0.05 sys=0.00, real=0.00 secs] 
315.275: Total time for which application threads were stopped: 0.0073140 seconds, Stopping threads took: 0.0002080 seconds
315.817: Application time: 0.5428290 seconds
315.818: [GC315.818: [ParNew: 377324K->24470K(400768K), 0.0074480 secs] 1170393K->817539K(1291076K), 0.0074970 secs] [Times: user=0.06 sys=0.00, real=0.01 secs] 
315.825: Total time for which application threads were stopped: 0.0076470 seconds, Stopping threads took: 0.0000690 seconds
317.236: Application time: 1.4111800 seconds
317.236: [GC317.236: [ParNew: 380160K->22219K(400768K), 0.0068630 secs] 1173229K->815402K(1291076K), 0.0069090 secs] [Times: user=0.05 sys=0.00, real=0.01 secs] 
317.243: Total time for which application threads were stopped: 0.0070610 seconds, Stopping threads took: 0.0000650 seconds
318.119: Application time: 0.8753800 seconds
318.119: [GC318.119: [ParNew: 377908K->25812K(400768K), 0.0081240 secs] 1171091K->818996K(1291076K), 0.0081800 secs] [Times: user=0.06 sys=0.00, real=0.01 secs] 
318.127: Total time for which application threads were stopped: 0.0083750 seconds, Stopping threads took: 0.0001090 seconds
318.348: Application time: 0.2208620 seconds
318.348: [GC318.348: [ParNew: 381621K->22931K(400768K), 0.0080190 secs] 1174804K->818367K(1291076K), 0.0080630 secs] [Times: user=0.06 sys=0.00, real=0.01 secs] 
318.356: Total time for which application threads were stopped: 0.0082360 seconds, Stopping threads took: 0.0000960 seconds
318.898: Application time: 0.5422500 seconds
318.899: [GC318.899: [ParNew: 378616K->21506K(400768K), 0.0069870 secs] 1174051K->817682K(1291076K), 0.0070340 secs] [Times: user=0.05 sys=0.00, real=0.01 secs] 
318.906: Total time for which application threads were stopped: 0.0071790 seconds, Stopping threads took: 0.0000590 seconds
319.174: Application time: 0.2684270 seconds
319.174: [GC319.174: [ParNew: 377293K->21589K(400768K), 0.0070370 secs] 1173469K->817766K(1291076K), 0.0070820 secs] [Times: user=0.06 sys=0.00, real=0.01 secs] 
319.181: Total time for which application threads were stopped: 0.0072470 seconds, Stopping threads took: 0.0000880 seconds
320.335: Application time: 1.1537700 seconds
320.335: [GC320.335: [ParNew: 377267K->24444K(400768K), 0.0091800 secs] 1173443K->820620K(1291076K), 0.0092330 secs] [Times: user=0.06 sys=0.00, real=0.01 secs] 
320.344: Total time for which application threads were stopped: 0.0093990 seconds, Stopping threads took: 0.0000860 seconds
321.565: Application time: 1.2205480 seconds
321.565: [GC321.565: [ParNew: 380116K->24955K(400768K), 0.0079150 secs] 1176292K->821331K(1291076K), 0.0079610 secs] [Times: user=0.06 sys=0.00, real=0.00 secs] 
321.573: Total time for which application threads were stopped: 0.0081270 seconds, Stopping threads took: 0.0000780 seconds
321.922: Application time: 0.3490390 seconds
321.922: [GC321.922: [ParNew: 380738K->22904K(400768K), 0.0074520 secs] 1177113K->819992K(1291076K), 0.0075040 secs] [Times: user=0.06 sys=0.00, real=0.01 secs] 
321.930: Total time for which application threads were stopped: 0.0076730 seconds, Stopping threads took: 0.0000910 seconds
322.329: Application time: 0.3992500 seconds
322.329: [GC322.329: [ParNew: 378638K->22245K(400768K), 0.0078220 secs] 1175727K->821471K(1291076K), 0.0078700 secs] [Times: user=0.06 sys=0.00, real=0.01 secs] 
322.337: Total time for which application threads were stopped: 0.0080420 seconds, Stopping threads took: 0.0000810 seconds
322.846: Application time: 0.5085060 seconds
322.846: [GC322.846: [ParNew: 377993K->18059K(400768K), 0.0059060 secs] 1177219K->817285K(1291076K), 0.0059510 secs] [Times: user=0.05 sys=0.00, real=0.00 secs] 
322.852: Total time for which application threads were stopped: 0.0067970 seconds, Stopping threads took: 0.0007600 seconds
323.401: Application time: 0.5490560 seconds
323.402: [GC323.402: [ParNew: 373763K->25180K(400768K), 0.0077350 secs] 1172989K->824406K(1291076K), 0.0077790 secs] [Times: user=0.06 sys=0.00, real=0.01 secs] 
323.409: Total time for which application threads were stopped: 0.0079180 seconds, Stopping threads took: 0.0000610 seconds
324.776: Application time: 1.3670300 seconds
324.777: [GC324.777: [ParNew: 380874K->22906K(400768K), 0.0072190 secs] 1180100K->822274K(1291076K), 0.0072670 secs] [Times: user=0.06 sys=0.00, real=0.01 secs] 
324.784: Total time for which application threads were stopped: 0.0074170 seconds, Stopping threads took: 0.0000610 seconds
325.635: Application time: 0.8514690 seconds
325.635: [GC325.635: [ParNew: 378599K->24275K(400768K), 0.0076590 secs] 1177968K->823729K(1291076K), 0.0077050 secs] [Times: user=0.06 sys=0.00, real=0.01 secs] 
325.643: Total time for which application threads were stopped: 0.0078490 seconds, Stopping threads took: 0.0000590 seconds
325.876: Application time: 0.2330750 seconds
325.876: [GC325.876: [ParNew: 380070K->21507K(400768K), 0.0076050 secs] 1179525K->823099K(1291076K), 0.0076530 secs] [Times: user=0.06 sys=0.00, real=0.01 secs] 
325.884: Total time for which application threads were stopped: 0.0078690 seconds, Stopping threads took: 0.0001250 seconds
326.585: Application time: 0.7012140 seconds
326.586: [GC326.586: [ParNew: 377196K->22246K(400768K), 0.0069670 secs] 1178788K->823839K(1291076K), 0.0070150 secs] [Times: user=0.05 sys=0.00, real=0.00 secs] 
326.593: Total time for which application threads were stopped: 0.0072060 seconds, Stopping threads took: 0.0001040 seconds
326.811: Application time: 0.2188990 seconds
326.812: [GC326.812: [ParNew: 378023K->22332K(400768K), 0.0072300 secs] 1179615K->823924K(1291076K), 0.0072760 secs] [Times: user=0.05 sys=0.01, real=0.01 secs] 
326.819: Total time for which application threads were stopped: 0.0074250 seconds, Stopping threads took: 0.0000710 seconds
328.189: Application time: 1.3703860 seconds
328.189: [GC328.189: [ParNew: 378018K->25152K(400768K), 0.0077290 secs] 1179611K->826773K(1291076K), 0.0077780 secs] [Times: user=0.06 sys=0.00, real=0.01 secs] 
328.197: Total time for which application threads were stopped: 0.0079290 seconds, Stopping threads took: 0.0000630 seconds
329.434: Application time: 1.2363260 seconds
329.434: [GC329.434: [ParNew: 380824K->22109K(400768K), 0.0077420 secs] 1182445K->826780K(1291076K), 0.0077870 secs] [Times: user=0.06 sys=0.00, real=0.01 secs] 
329.442: Total time for which application threads were stopped: 0.0079970 seconds, Stopping threads took: 0.0001210 seconds
329.772: Application time: 0.3306080 seconds
329.772: [GC329.772: [ParNew: 377900K->22904K(400768K), 0.0073230 secs] 1182571K->827574K(1291076K), 0.0073670 secs] [Times: user=0.06 sys=0.00, real=0.01 secs] 
329.780: Total time for which application threads were stopped: 0.0075200 seconds, Stopping threads took: 0.0000780 seconds
330.087: Application time: 0.3070090 seconds
330.087: [GC330.087: [ParNew: 378639K->21534K(400768K), 0.0074670 secs] 1183310K->828343K(1291076K), 0.0075120 secs] [Times: user=0.05 sys=0.00, real=0.00 secs] 
330.094: Total time for which application threads were stopped: 0.0076800 seconds, Stopping threads took: 0.0000730 seconds
330.617: Application time: 0.5227480 seconds
330.617: [GC330.617: [ParNew: 377267K->23017K(400768K), 0.0074410 secs] 1184076K->829825K(1291076K), 0.0074890 secs] [Times: user=0.06 sys=0.00, real=0.01 secs] 
330.625: Total time for which application threads were stopped: 0.0076530 seconds, Stopping threads took: 0.0000780 seconds
331.268: Application time: 0.6432310 seconds
331.268: [GC331.268: [ParNew: 378731K->23671K(400768K), 0.0079050 secs] 1185539K->831990K(1291076K), 0.0079500 secs] [Times: user=0.06 sys=0.00, real=0.01 secs] 
331.276: Total time for which application threads were stopped: 0.0080970 seconds, Stopping threads took: 0.0000610 seconds
332.605: Application time: 1.3284210 seconds
332.605: [GC332.605: [ParNew: 379374K->22191K(400768K), 0.0069140 secs] 1187694K->830568K(1291076K), 0.0069590 secs] [Times: user=0.06 sys=0.00, real=0.00 secs] 
332.612: Total time for which application threads were stopped: 0.0071050 seconds, Stopping threads took: 0.0000690 seconds
333.378: Application time: 0.7660730 seconds
333.378: [GC333.378: [ParNew: 377890K->25784K(400768K), 0.0078890 secs] 1186267K->834160K(1291076K), 0.0079340 secs] [Times: user=0.06 sys=0.00, real=0.01 secs] 
333.386: Total time for which application threads were stopped: 0.0080980 seconds, Stopping threads took: 0.0000760 seconds
333.579: Application time: 0.1929490 seconds
333.579: [GC333.579: [ParNew: 381570K->20083K(400768K), 0.0073600 secs] 1189947K->831396K(1291076K), 0.0074100 secs] [Times: user=0.05 sys=0.00, real=0.01 secs] 
333.586: Total time for which application threads were stopped: 0.0075770 seconds, Stopping threads took: 0.0000860 seconds
334.182: Application time: 0.5956560 seconds
334.182: [GC334.182: [ParNew: 375800K->21564K(400768K), 0.0070940 secs] 1187112K->832876K(1291076K), 0.0071370 secs] [Times: user=0.06 sys=0.00, real=0.01 secs] 
334.189: Total time for which application threads were stopped: 0.0073060 seconds, Stopping threads took: 0.0000830 seconds
334.488: Application time: 0.2987540 seconds
334.488: [GC334.488: [ParNew: 377312K->21620K(400768K), 0.0069680 secs] 1188625K->832932K(1291076K), 0.0070230 secs] [Times: user=0.04 sys=0.02, real=0.01 secs] 
334.495: Total time for which application threads were stopped: 0.0071750 seconds, Stopping threads took: 0.0000750 seconds
335.716: Application time: 1.2208260 seconds
335.716: [GC335.716: [ParNew: 377306K->23757K(400768K), 0.0074030 secs] 1188619K->835070K(1291076K), 0.0074560 secs] [Times: user=0.05 sys=0.00, real=0.01 secs] 
335.724: Total time for which application threads were stopped: 0.0076060 seconds, Stopping threads took: 0.0000660 seconds
336.907: Application time: 1.1836660 seconds
336.907: [GC336.907: [ParNew: 379455K->24987K(400768K), 0.0080510 secs] 1190767K->836500K(1291076K), 0.0081020 secs] [Times: user=0.05 sys=0.00, real=0.01 secs] 
336.916: Total time for which application threads were stopped: 0.0082590 seconds, Stopping threads took: 0.0000700 seconds
337.258: Application time: 0.3419420 seconds
337.258: [GC337.258: [ParNew: 380769K->19371K(400768K), 0.0064480 secs] 1192282K->831596K(1291076K), 0.0064910 secs] [Times: user=0.05 sys=0.00, real=0.01 secs] 
337.264: Total time for which application threads were stopped: 0.0068870 seconds, Stopping threads took: 0.0003210 seconds
337.553: Application time: 0.2889940 seconds
337.554: [GC337.554: [ParNew: 375087K->22247K(400768K), 0.0071530 secs] 1187312K->834471K(1291076K), 0.0072020 secs] [Times: user=0.05 sys=0.00, real=0.01 secs] 
337.561: Total time for which application threads were stopped: 0.0073820 seconds, Stopping threads took: 0.0000920 seconds
337.981: Application time: 0.4203820 seconds
337.981: [GC337.981: [ParNew: 377979K->22304K(400768K), 0.0071990 secs] 1190204K->834529K(1291076K), 0.0072480 secs] [Times: user=0.06 sys=0.00, real=0.01 secs] 
337.989: Total time for which application threads were stopped: 0.0074060 seconds, Stopping threads took: 0.0000760 seconds
338.798: Application time: 0.8091120 seconds
338.798: [GC338.798: [ParNew: 378015K->23729K(400768K), 0.0073590 secs] 1190240K->835982K(1291076K), 0.0074020 secs] [Times: user=0.06 sys=0.00, real=0.01 secs] 
338.805: Total time for which application threads were stopped: 0.0075590 seconds, Stopping threads took: 0.0000690 seconds
340.111: Application time: 1.3058820 seconds
340.111: [GC340.111: [ParNew: 379433K->23616K(400768K), 0.0073170 secs] 1191686K->835984K(1291076K), 0.0073620 secs] [Times: user=0.06 sys=0.00, real=0.01 secs] 
340.119: Total time for which application threads were stopped: 0.0075040 seconds, Stopping threads took: 0.0000570 seconds
340.894: Application time: 0.7749490 seconds
340.894: [GC340.894: [ParNew: 379872K->16466K(400768K), 0.0070680 secs] 1192239K->834622K(1291076K), 0.0071110 secs] [Times: user=0.05 sys=0.00, real=0.01 secs] 
340.901: Total time for which application threads were stopped: 0.0072760 seconds, Stopping threads took: 0.0000850 seconds
341.074: Application time: 0.1734470 seconds
341.074: [GC341.074: [ParNew: 372400K->20792K(400768K), 0.0066990 secs] 1190556K->838948K(1291076K), 0.0067480 secs] [Times: user=0.05 sys=0.00, real=0.01 secs] 
341.081: Total time for which application threads were stopped: 0.0069080 seconds, Stopping threads took: 0.0000810 seconds
341.598: Application time: 0.5172430 seconds
341.599: [GC341.599: [ParNew: 376547K->20879K(400768K), 0.0068130 secs] 1194703K->839036K(1291076K), 0.0068580 secs] [Times: user=0.05 sys=0.00, real=0.01 secs] 
341.606: Total time for which application threads were stopped: 0.0071060 seconds, Stopping threads took: 0.0001620 seconds
341.872: Application time: 0.2664130 seconds
341.872: [GC341.872: [ParNew: 376595K->23043K(400768K), 0.0074200 secs] 1194751K->841199K(1291076K), 0.0074670 secs] [Times: user=0.05 sys=0.00, real=0.01 secs] 
341.880: Total time for which application threads were stopped: 0.0076220 seconds, Stopping threads took: 0.0000800 seconds
343.255: Application time: 1.3756310 seconds
343.255: [GC343.255: [ParNew: 378723K->23645K(400768K), 0.0072840 secs] 1196880K->841916K(1291076K), 0.0073260 secs] [Times: user=0.06 sys=0.00, real=0.00 secs] 
343.263: Total time for which application threads were stopped: 0.0074640 seconds, Stopping threads took: 0.0000560 seconds
344.336: Application time: 1.0735940 seconds
344.336: [GC344.336: [ParNew: 379358K->24987K(400768K), 0.0079200 secs] 1197629K->843372K(1291076K), 0.0079650 secs] [Times: user=0.06 sys=0.00, real=0.01 secs] 
344.344: Total time for which application threads were stopped: 0.0081290 seconds, Stopping threads took: 0.0000720 seconds
344.719: Application time: 0.3743850 seconds
344.720: [GC344.720: [ParNew: 380768K->22933K(400768K), 0.0075020 secs] 1199153K->842031K(1291076K), 0.0075500 secs] [Times: user=0.05 sys=0.00, real=0.01 secs] 
344.727: Total time for which application threads were stopped: 0.0082560 seconds, Stopping threads took: 0.0006310 seconds
344.727: Application time: 0.0000760 seconds
344.728: [GC [1 CMS-initial-mark: 819097K(890308K)] 844170K(1291076K), 0.0001530 secs] [Times: user=0.01 sys=0.00, real=0.00 secs] 
344.728: Total time for which application threads were stopped: 0.0005770 seconds, Stopping threads took: 0.0003950 seconds
344.728: [CMS-concurrent-mark-start]
344.737: [CMS-concurrent-mark: 0.010/0.010 secs] [Times: user=0.05 sys=0.00, real=0.01 secs] 
344.737: [CMS-concurrent-preclean-start]
344.739: [CMS-concurrent-preclean: 0.002/0.002 secs] [Times: user=0.02 sys=0.00, real=0.00 secs] 
344.739: [CMS-concurrent-abortable-preclean-start]
344.997: Application time: 0.2695460 seconds
344.998: [GC344.998: [ParNew: 378639K->19370K(400768K), 0.0071210 secs] 1197736K->841347K(1291076K), 0.0071670 secs] [Times: user=0.06 sys=0.00, real=0.01 secs] 
345.005: Total time for which application threads were stopped: 0.0079850 seconds, Stopping threads took: 0.0007300 seconds
345.408: Application time: 0.4026370 seconds
345.408: [GC345.408: [ParNew345.414: [CMS-concurrent-abortable-preclean: 0.011/0.675 secs] [Times: user=5.36 sys=0.00, real=0.67 secs] 
: 375113K->22985K(400768K), 0.0074220 secs] 1197090K->844962K(1291076K), 0.0074570 secs] [Times: user=0.06 sys=0.00, real=0.01 secs] 
345.416: Total time for which application threads were stopped: 0.0076030 seconds, Stopping threads took: 0.0000730 seconds
345.416: Application time: 0.0000770 seconds
345.416: [GC[YG occupancy: 23698 K (400768 K)]345.416: [Rescan (parallel) , 0.0003010 secs]345.416: [weak refs processing, 0.0000080 secs]345.416: [scrub string table, 0.0001070 secs] [1 CMS-remark: 821976K(890308K)] 845675K(1291076K), 0.0004390 secs] [Times: user=0.00 sys=0.00, real=0.00 secs] 
345.416: Total time for which application threads were stopped: 0.0007140 seconds, Stopping threads took: 0.0002470 seconds
345.416: [CMS-concurrent-sweep-start]
345.418: [CMS-concurrent-sweep: 0.002/0.002 secs] [Times: user=0.00 sys=0.00, real=0.00 secs] 
345.418: [CMS-concurrent-reset-start]
345.420: [CMS-concurrent-reset: 0.002/0.002 secs] [Times: user=0.02 sys=0.00, real=0.00 secs] 
346.320: Application time: 0.9033030 seconds
346.320: [GC346.320: [ParNew: 378700K->24355K(400768K), 0.0077920 secs] 385714K->32167K(1291076K), 0.0078410 secs] [Times: user=0.06 sys=0.00, real=0.01 secs] 
346.328: Total time for which application threads were stopped: 0.0079900 seconds, Stopping threads took: 0.0000630 seconds
347.601: Application time: 1.2733980 seconds
347.601: [GC347.601: [ParNew: 380044K->24275K(400768K), 0.0076640 secs] 387856K->32172K(1291076K), 0.0077100 secs] [Times: user=0.06 sys=0.00, real=0.01 secs] 
347.609: Total time for which application threads were stopped: 0.0078590 seconds, Stopping threads took: 0.0000640 seconds
348.296: Application time: 0.6869310 seconds
348.296: [GC348.296: [ParNew: 380010K->20736K(400768K), 0.0083110 secs] 387907K->34364K(1291076K), 0.0083650 secs] [Times: user=0.06 sys=0.00, real=0.01 secs] 
348.304: Total time for which application threads were stopped: 0.0085250 seconds, Stopping threads took: 0.0000730 seconds
348.524: Application time: 0.2197610 seconds
348.524: [GC348.524: [ParNew: 376473K->21511K(400768K), 0.0067400 secs] 390101K->35139K(1291076K), 0.0067920 secs] [Times: user=0.05 sys=0.00, real=0.00 secs] 
348.531: Total time for which application threads were stopped: 0.0071810 seconds, Stopping threads took: 0.0003140 seconds
348.959: Application time: 0.4282160 seconds
348.960: [GC348.960: [ParNew: 377244K->21566K(400768K), 0.0069070 secs] 390872K->35194K(1291076K), 0.0069520 secs] [Times: user=0.05 sys=0.00, real=0.01 secs] 
348.967: Total time for which application threads were stopped: 0.0071410 seconds, Stopping threads took: 0.0000980 seconds
349.303: Application time: 0.3362000 seconds
349.303: [GC349.303: [ParNew: 377319K->21620K(400768K), 0.0070970 secs] 390947K->35247K(1291076K), 0.0071460 secs] [Times: user=0.04 sys=0.00, real=0.00 secs] 
349.310: Total time for which application threads were stopped: 0.0072890 seconds, Stopping threads took: 0.0000660 seconds
350.757: Application time: 1.4469030 seconds
350.757: [GC350.757: [ParNew: 377284K->21622K(400768K), 0.0066170 secs] 390911K->35250K(1291076K), 0.0066680 secs] [Times: user=0.04 sys=0.00, real=0.01 secs] 
350.764: Total time for which application threads were stopped: 0.0068700 seconds, Stopping threads took: 0.0001180 seconds
351.704: Application time: 0.9399610 seconds
351.704: [GC351.704: [ParNew: 377340K->25186K(400768K), 0.0079890 secs] 390968K->38814K(1291076K), 0.0080530 secs] [Times: user=0.06 sys=0.01, real=0.00 secs] 
351.712: Total time for which application threads were stopped: 0.0082250 seconds, Stopping threads took: 0.0000830 seconds
352.180: Application time: 0.4674740 seconds
352.183: [GC352.183: [ParNew: 380934K->20776K(400768K), 0.0069370 secs] 394562K->35235K(1291076K), 0.0069840 secs] [Times: user=0.06 sys=0.00, real=0.00 secs] 
352.190: Total time for which application threads were stopped: 0.0105050 seconds, Stopping threads took: 0.0034460 seconds
352.403: Application time: 0.2133210 seconds
352.404: [GC352.404: [ParNew: 376518K->25095K(400768K), 0.0079020 secs] 390978K->39554K(1291076K), 0.0079540 secs] [Times: user=0.06 sys=0.00, real=0.00 secs] 
352.412: Total time for which application threads were stopped: 0.0081650 seconds, Stopping threads took: 0.0001190 seconds
352.813: Application time: 0.4017410 seconds
352.813: [GC352.813: [ParNew: 380837K->22276K(400768K), 0.0072690 secs] 395296K->37476K(1291076K), 0.0073200 secs] [Times: user=0.05 sys=0.00, real=0.01 secs] 
352.821: Total time for which application threads were stopped: 0.0074840 seconds, Stopping threads took: 0.0000890 seconds
353.848: Application time: 1.0269410 seconds
353.848: [GC353.848: [ParNew: 377978K->25098K(400768K), 0.0078540 secs] 393178K->41068K(1291076K), 0.0079000 secs] [Times: user=0.06 sys=0.00, real=0.01 secs] 
353.856: Total time for which application threads were stopped: 0.0080420 seconds, Stopping threads took: 0.0000610 seconds
354.856: Application time: 1.0001220 seconds
354.859: Total time for which application threads were stopped: 0.0030810 seconds, Stopping threads took: 0.0030430 seconds
355.112: Application time: 0.2532540 seconds
355.112: [GC355.112: [ParNew: 380792K->24275K(400768K), 0.0075470 secs] 396762K->40359K(1291076K), 0.0075980 secs] [Times: user=0.06 sys=0.00, real=0.01 secs] 
355.120: Total time for which application threads were stopped: 0.0077410 seconds, Stopping threads took: 0.0000670 seconds
355.819: Application time: 0.6987790 seconds
355.819: [GC355.819: [ParNew: 379939K->17925K(400768K), 0.0071720 secs] 396023K->38314K(1291076K), 0.0072200 secs] [Times: user=0.05 sys=0.00, real=0.01 secs] 
355.826: Total time for which application threads were stopped: 0.0073970 seconds, Stopping threads took: 0.0000830 seconds
355.973: Application time: 0.1472510 seconds
355.974: [GC355.974: [ParNew: 373747K->22219K(400768K), 0.0070690 secs] 394136K->42608K(1291076K), 0.0071160 secs] [Times: user=0.06 sys=0.00, real=0.01 secs] 
355.981: Total time for which application threads were stopped: 0.0072880 seconds, Stopping threads took: 0.0000960 seconds
356.365: Application time: 0.3838880 seconds
356.365: [GC356.365: [ParNew: 377954K->20853K(400768K), 0.0065760 secs] 398343K->41242K(1291076K), 0.0066290 secs] [Times: user=0.05 sys=0.00, real=0.00 secs] 
356.371: Total time for which application threads were stopped: 0.0068410 seconds, Stopping threads took: 0.0001320 seconds
356.865: Application time: 0.4931010 seconds
356.865: [GC356.865: [ParNew: 376598K->21622K(400768K), 0.0068430 secs] 396987K->42010K(1291076K), 0.0068920 secs] [Times: user=0.06 sys=0.00, real=0.00 secs] 
356.872: Total time for which application threads were stopped: 0.0070220 seconds, Stopping threads took: 0.0000580 seconds
358.277: Application time: 1.4055060 seconds
358.277: [GC358.277: [ParNew: 377298K->21622K(400768K), 0.0068020 secs] 397687K->42011K(1291076K), 0.0068470 secs] [Times: user=0.05 sys=0.00, real=0.01 secs] 
358.284: Total time for which application threads were stopped: 0.0071220 seconds, Stopping threads took: 0.0001880 seconds
359.134: Application time: 0.8497420 seconds
359.134: [GC359.134: [ParNew: 377336K->25184K(400768K), 0.0079160 secs] 397725K->45573K(1291076K), 0.0079630 secs] [Times: user=0.06 sys=0.00, real=0.01 secs] 
359.142: Total time for which application threads were stopped: 0.0081350 seconds, Stopping threads took: 0.0000830 seconds
359.652: Application time: 0.5096820 seconds
359.652: [GC359.652: [ParNew: 380949K->21510K(400768K), 0.0073330 secs] 401338K->43439K(1291076K), 0.0073820 secs] [Times: user=0.05 sys=0.00, real=0.01 secs] 
359.659: Total time for which application threads were stopped: 0.0075260 seconds, Stopping threads took: 0.0000570 seconds
359.900: Application time: 0.2410670 seconds
359.900: [GC359.900: [ParNew: 377227K->22961K(400768K), 0.0071820 secs] 399156K->44890K(1291076K), 0.0072250 secs] [Times: user=0.05 sys=0.01, real=0.01 secs] 
359.908: Total time for which application threads were stopped: 0.0073690 seconds, Stopping threads took: 0.0000660 seconds
360.394: Application time: 0.4858960 seconds
360.394: [GC360.394: [ParNew: 378694K->22276K(400768K), 0.0071700 secs] 400623K->44946K(1291076K), 0.0072190 secs] [Times: user=0.06 sys=0.00, real=0.01 secs] 
360.401: Total time for which application threads were stopped: 0.0073760 seconds, Stopping threads took: 0.0000680 seconds
361.429: Application time: 1.0280540 seconds
361.429: [GC361.429: [ParNew: 377986K->23647K(400768K), 0.0073640 secs] 400655K->47115K(1291076K), 0.0074080 secs] [Times: user=0.05 sys=0.00, real=0.01 secs] 
361.437: Total time for which application threads were stopped: 0.0077480 seconds, Stopping threads took: 0.0002630 seconds
362.643: Application time: 1.2058930 seconds
362.643: [GC362.643: [ParNew: 379345K->25044K(400768K), 0.0077480 secs] 402813K->48540K(1291076K), 0.0077970 secs] [Times: user=0.06 sys=0.00, real=0.00 secs] 
362.651: Total time for which application threads were stopped: 0.0079900 seconds, Stopping threads took: 0.0001080 seconds
363.258: Application time: 0.6073290 seconds
363.258: [GC363.258: [ParNew: 380777K->19311K(400768K), 0.0080930 secs] 404273K->49309K(1291076K), 0.0081390 secs] [Times: user=0.07 sys=0.00, real=0.01 secs] 
363.266: Total time for which application threads were stopped: 0.0083080 seconds, Stopping threads took: 0.0000780 seconds
363.518: Application time: 0.2520880 seconds
363.519: [GC363.519: [ParNew: 375078K->20824K(400768K), 0.0066360 secs] 405075K->50822K(1291076K), 0.0066800 secs] [Times: user=0.05 sys=0.00, real=0.01 secs] 
363.526: Total time for which application threads were stopped: 0.0072660 seconds, Stopping threads took: 0.0005100 seconds
363.921: Application time: 0.3955920 seconds
363.921: [GC363.921: [ParNew: 376540K->22276K(400768K), 0.0069100 secs] 406538K->52274K(1291076K), 0.0069540 secs] [Times: user=0.05 sys=0.00, real=0.01 secs] 
363.928: Total time for which application threads were stopped: 0.0071340 seconds, Stopping threads took: 0.0000960 seconds
364.418: Application time: 0.4890990 seconds
364.418: [GC364.418: [ParNew: 378017K->22988K(400768K), 0.0074400 secs] 408015K->53756K(1291076K), 0.0074890 secs] [Times: user=0.05 sys=0.00, real=0.01 secs] 
364.425: Total time for which application threads were stopped: 0.0076250 seconds, Stopping threads took: 0.0000580 seconds
365.828: Application time: 1.4026580 seconds
365.828: [GC365.828: [ParNew: 378674K->22905K(400768K), 0.0070910 secs] 409442K->53758K(1291076K), 0.0071390 secs] [Times: user=0.06 sys=0.00, real=0.01 secs] 
365.835: Total time for which application threads were stopped: 0.0072770 seconds, Stopping threads took: 0.0000570 seconds
366.621: Application time: 0.7857070 seconds
366.621: [GC366.621: [ParNew: 378619K->24275K(400768K), 0.0074930 secs] 409472K->55213K(1291076K), 0.0075400 secs] [Times: user=0.06 sys=0.00, real=0.01 secs] 
366.629: Total time for which application threads were stopped: 0.0077160 seconds, Stopping threads took: 0.0000990 seconds
367.159: Application time: 0.5309350 seconds
367.160: [GC367.160: [ParNew: 380003K->21480K(400768K), 0.0076590 secs] 410941K->55270K(1291076K), 0.0077070 secs] [Times: user=0.06 sys=0.00, real=0.01 secs] 
367.167: Total time for which application threads were stopped: 0.0079180 seconds, Stopping threads took: 0.0001250 seconds
367.467: Application time: 0.2995970 seconds
367.467: [GC367.467: [ParNew: 377227K->22963K(400768K), 0.0072940 secs] 411016K->56752K(1291076K), 0.0073350 secs] [Times: user=0.06 sys=0.00, real=0.00 secs] 
367.474: Total time for which application threads were stopped: 0.0074930 seconds, Stopping threads took: 0.0000850 seconds
367.938: Application time: 0.4632390 seconds
367.938: [GC367.938: [ParNew: 378702K->21564K(400768K), 0.0073400 secs] 412492K->56806K(1291076K), 0.0073870 secs] [Times: user=0.06 sys=0.00, real=0.01 secs] 
367.945: Total time for which application threads were stopped: 0.0076500 seconds, Stopping threads took: 0.0001610 seconds
368.972: Application time: 1.0263500 seconds
368.972: [GC368.972: [ParNew: 377277K->25152K(400768K), 0.0076690 secs] 412520K->60395K(1291076K), 0.0077110 secs] [Times: user=0.06 sys=0.00, real=0.01 secs] 
368.980: Total time for which application threads were stopped: 0.0078540 seconds, Stopping threads took: 0.0000590 seconds
370.180: Application time: 1.2009160 seconds
370.181: [GC370.181: [ParNew: 380841K->25700K(400768K), 0.0080990 secs] 416084K->61114K(1291076K), 0.0081450 secs] [Times: user=0.06 sys=0.00, real=0.01 secs] 
370.189: Total time for which application threads were stopped: 0.0082860 seconds, Stopping threads took: 0.0000610 seconds
370.761: Application time: 0.5722760 seconds
370.761: [GC370.761: [ParNew: 381432K->18598K(400768K), 0.0078700 secs] 416846K->60457K(1291076K), 0.0079200 secs] [Times: user=0.06 sys=0.00, real=0.01 secs] 
370.769: Total time for which application threads were stopped: 0.0080870 seconds, Stopping threads took: 0.0000760 seconds
370.980: Application time: 0.2105030 seconds
370.980: [GC370.980: [ParNew: 374386K->20826K(400768K), 0.0066110 secs] 416245K->62684K(1291076K), 0.0066610 secs] [Times: user=0.04 sys=0.00, real=0.01 secs] 
370.986: Total time for which application threads were stopped: 0.0068440 seconds, Stopping threads took: 0.0001140 seconds
371.368: Application time: 0.3815430 seconds
371.368: [GC371.368: [ParNew: 376565K->21592K(400768K), 0.0069470 secs] 418424K->63450K(1291076K), 0.0069920 secs] [Times: user=0.06 sys=0.00, real=0.01 secs] 
371.375: Total time for which application threads were stopped: 0.0071590 seconds, Stopping threads took: 0.0000820 seconds
371.974: Application time: 0.5986760 seconds
371.974: [GC371.974: [ParNew: 377298K->24470K(400768K), 0.0076630 secs] 419156K->66328K(1291076K), 0.0077090 secs] [Times: user=0.06 sys=0.00, real=0.01 secs] 
371.982: Total time for which application threads were stopped: 0.0079090 seconds, Stopping threads took: 0.0001150 seconds
373.348: Application time: 1.3664890 seconds
373.348: [GC373.348: [ParNew: 380150K->22905K(400768K), 0.0071850 secs] 422008K->64906K(1291076K), 0.0072270 secs] [Times: user=0.05 sys=0.00, real=0.01 secs] 
373.356: Total time for which application threads were stopped: 0.0073870 seconds, Stopping threads took: 0.0000800 seconds
374.148: Application time: 0.7927640 seconds
374.149: [GC374.149: [ParNew: 378628K->24987K(400768K), 0.0076870 secs] 420629K->67074K(1291076K), 0.0077400 secs] [Times: user=0.06 sys=0.00, real=0.01 secs] 
374.156: Total time for which application threads were stopped: 0.0078880 seconds, Stopping threads took: 0.0000610 seconds
374.606: Application time: 0.4499980 seconds
374.607: [GC374.607: [ParNew: 380738K->20798K(400768K), 0.0071730 secs] 422825K->65022K(1291076K), 0.0072220 secs] [Times: user=0.05 sys=0.00, real=0.00 secs] 
374.614: Total time for which application threads were stopped: 0.0077590 seconds, Stopping threads took: 0.0004520 seconds
374.993: Application time: 0.3789430 seconds
374.993: [GC374.993: [ParNew: 376553K->22989K(400768K), 0.0070320 secs] 420777K->67213K(1291076K), 0.0070800 secs] [Times: user=0.06 sys=0.00, real=0.01 secs] 
375.000: Total time for which application threads were stopped: 0.0072240 seconds, Stopping threads took: 0.0000610 seconds
375.408: Application time: 0.4076210 seconds
375.408: [GC375.408: [ParNew: 378713K->21591K(400768K), 0.0071780 secs] 422938K->66557K(1291076K), 0.0072250 secs] [Times: user=0.05 sys=0.00, real=0.01 secs] 
375.415: Total time for which application threads were stopped: 0.0074020 seconds, Stopping threads took: 0.0000990 seconds
376.476: Application time: 1.0604350 seconds
376.476: [GC376.476: [ParNew: 377296K->23017K(400768K), 0.0070150 secs] 422262K->67982K(1291076K), 0.0070570 secs] [Times: user=0.05 sys=0.01, real=0.01 secs] 
376.483: Total time for which application threads were stopped: 0.0072030 seconds, Stopping threads took: 0.0000660 seconds
377.588: Application time: 1.1049240 seconds
377.588: [GC377.588: [ParNew: 378724K->25044K(400768K), 0.0079510 secs] 423690K->70152K(1291076K), 0.0079980 secs] [Times: user=0.06 sys=0.00, real=0.01 secs] 
377.596: Total time for which application threads were stopped: 0.0081530 seconds, Stopping threads took: 0.0000650 seconds
378.178: Application time: 0.5820150 seconds
378.178: [GC378.178: [ParNew: 380741K->19993K(400768K), 0.0082820 secs] 425850K->71604K(1291076K), 0.0083260 secs] [Times: user=0.06 sys=0.00, real=0.01 secs] 
378.187: Total time for which application threads were stopped: 0.0085320 seconds, Stopping threads took: 0.0001150 seconds
378.448: Application time: 0.2612510 seconds
378.448: [GC378.448: [ParNew: 375775K->20797K(400768K), 0.0067310 secs] 427386K->72408K(1291076K), 0.0067800 secs] [Times: user=0.05 sys=0.00, real=0.00 secs] 
378.455: Total time for which application threads were stopped: 0.0069310 seconds, Stopping threads took: 0.0000720 seconds
378.758: Application time: 0.3034470 seconds
378.758: [GC378.758: [ParNew: 376547K->22276K(400768K), 0.0070620 secs] 428157K->73887K(1291076K), 0.0071070 secs] [Times: user=0.05 sys=0.00, real=0.01 secs] 
378.765: Total time for which application threads were stopped: 0.0072810 seconds, Stopping threads took: 0.0000920 seconds
379.488: Application time: 0.7229260 seconds
379.489: [GC379.489: [ParNew: 377988K->23701K(400768K), 0.0073610 secs] 429599K->75340K(1291076K), 0.0074090 secs] [Times: user=0.06 sys=0.00, real=0.01 secs] 
379.496: Total time for which application threads were stopped: 0.0075590 seconds, Stopping threads took: 0.0000610 seconds
380.855: Application time: 1.3587550 seconds
380.855: [GC380.855: [ParNew: 379366K->22907K(400768K), 0.0076640 secs] 431005K->74632K(1291076K), 0.0077070 secs] [Times: user=0.06 sys=0.00, real=0.00 secs] 
380.863: Total time for which application threads were stopped: 0.0078560 seconds, Stopping threads took: 0.0000610 seconds
381.652: Application time: 0.7893620 seconds
381.652: [GC381.652: [ParNew: 378630K->25700K(400768K), 0.0077910 secs] 430355K->77510K(1291076K), 0.0078370 secs] [Times: user=0.06 sys=0.00, real=0.01 secs] 
381.660: Total time for which application threads were stopped: 0.0079770 seconds, Stopping threads took: 0.0000600 seconds
382.047: Application time: 0.3874930 seconds
382.048: [GC382.048: [ParNew: 381438K->22191K(400768K), 0.0076910 secs] 433248K->76851K(1291076K), 0.0077340 secs] [Times: user=0.06 sys=0.00, real=0.01 secs] 
382.055: Total time for which application threads were stopped: 0.0079040 seconds, Stopping threads took: 0.0000820 seconds
382.340: Application time: 0.2842190 seconds
382.340: [GC382.340: [ParNew: 377966K->24414K(400768K), 0.0077150 secs] 432627K->79075K(1291076K), 0.0077630 secs] [Times: user=0.06 sys=0.00, real=0.01 secs] 
382.347: Total time for which application threads were stopped: 0.0079230 seconds, Stopping threads took: 0.0000720 seconds
382.791: Application time: 0.4432440 seconds
382.791: Total time for which application threads were stopped: 0.0000940 seconds, Stopping threads took: 0.0000620 seconds
383.005: Application time: 0.2141880 seconds
383.005: [GC383.005: [ParNew: 380171K->20140K(400768K), 0.0066400 secs] 434831K->75542K(1291076K), 0.0066870 secs] [Times: user=0.05 sys=0.00, real=0.00 secs] 
383.012: Total time for which application threads were stopped: 0.0068370 seconds, Stopping threads took: 0.0000660 seconds
384.381: Application time: 1.3695730 seconds
384.382: [GC384.382: [ParNew: 375874K->17259K(400768K), 0.0056230 secs] 431276K->72661K(1291076K), 0.0056720 secs] [Times: user=0.04 sys=0.00, real=0.01 secs] 
384.387: Total time for which application threads were stopped: 0.0058180 seconds, Stopping threads took: 0.0000560 seconds
384.929: Application time: 0.5419900 seconds
384.929: Total time for which application threads were stopped: 0.0002280 seconds, Stopping threads took: 0.0001890 seconds
384.985: Application time: 0.0554870 seconds
384.985: Total time for which application threads were stopped: 0.0001120 seconds, Stopping threads took: 0.0000740 seconds
385.376: Application time: 0.3912320 seconds
385.376: Total time for which application threads were stopped: 0.0000670 seconds, Stopping threads took: 0.0000370 seconds
385.456: Application time: 0.0801540 seconds
385.457: Total time for which application threads were stopped: 0.0000720 seconds, Stopping threads took: 0.0000320 seconds
385.662: Application time: 0.2056840 seconds
385.662: Total time for which application threads were stopped: 0.0000420 seconds, Stopping threads took: 0.0000080 seconds
385.662: Application time: 0.0000440 seconds
385.662: Total time for which application threads were stopped: 0.0000110 seconds, Stopping threads took: 0.0000040 seconds
385.930: Application time: 0.2677440 seconds
385.930: Total time for which application threads were stopped: 0.0000400 seconds, Stopping threads took: 0.0000090 seconds
Heap
 par new generation   total 400768K, used 358510K [0x0000000080c00000, 0x000000009bed0000, 0x00000000a96a0000)
  eden space 356288K,  95% used [0x0000000080c00000, 0x0000000095940ca0, 0x00000000967f0000)
  from space 44480K,  38% used [0x00000000967f0000, 0x00000000978cadf8, 0x0000000099360000)
  to   space 44480K,   0% used [0x0000000099360000, 0x0000000099360000, 0x000000009bed0000)
 concurrent mark-sweep generation total 890308K, used 55401K [0x00000000a96a0000, 0x00000000dfc11000, 0x00000000fae00000)
 concurrent-mark-sweep perm gen total 21248K, used 13527K [0x00000000fae00000, 0x00000000fc2c0000, 0x0000000100000000)
385.930: Application time: 0.0001810 seconds
