Java HotSpot(TM) 64-Bit Server VM (24.80-b11) for linux-amd64 JRE (1.7.0_80-b15), built on Apr 10 2015 19:53:14 by "java_re" with gcc 4.3.0 20080428 (Red Hat 4.3.0-8)
Memory: 4k page, physical 8000092k(5779368k free), swap 8218620k(8218620k free)
CommandLine flags: -XX:InitialHeapSize=168663040 -XX:MaxHeapSize=168663040 -XX:MaxNewSize=55926784 -XX:MaxTenuringThreshold=6 -XX:NewSize=55926784 -XX:OldPLABSize=16 -XX:OldSize=111845376 -XX:+PrintGC -XX:+PrintGCApplicationConcurrentTime -XX:+PrintGCApplicationStoppedTime -XX:+PrintGCDetails -XX:+PrintGCTimeStamps -XX:-UseAdaptiveSizePolicy -XX:+UseCompressedOops -XX:+UseConcMarkSweepGC -XX:+UseParNewGC 
1.012: Application time: 0.9864140 seconds
1.012: Total time for which application threads were stopped: 0.0000420 seconds, Stopping threads took: 0.0000110 seconds
4.031: Application time: 3.0190500 seconds
4.031: Total time for which application threads were stopped: 0.0000680 seconds, Stopping threads took: 0.0000100 seconds
15.061: Application time: 11.0306610 seconds
15.061: Total time for which application threads were stopped: 0.0000230 seconds, Stopping threads took: 0.0000080 seconds
15.062: Application time: 0.0000780 seconds
15.062: Total time for which application threads were stopped: 0.0000230 seconds, Stopping threads took: 0.0000070 seconds
15.063: Application time: 0.0015140 seconds
15.063: Total time for which application threads were stopped: 0.0000240 seconds, Stopping threads took: 0.0000180 seconds
15.081: Application time: 0.0177980 seconds
15.081: Total time for which application threads were stopped: 0.0000390 seconds, Stopping threads took: 0.0000100 seconds
15.093: Application time: 0.0121990 seconds
15.093: [Full GC15.093: [CMS: 0K->3177K(110144K), 0.0100530 secs] 11670K->3177K(159296K), [CMS Perm : 5077K->5076K(21248K)], 0.0101080 secs] [Times: user=0.01 sys=0.00, real=0.01 secs] 
15.103: Total time for which application threads were stopped: 0.0101780 seconds, Stopping threads took: 0.0000170 seconds
15.103: Application time: 0.0000780 seconds
15.103: [Full GC15.103: [CMS: 3177K->3177K(110144K), 0.0070910 secs] 3177K->3177K(159296K), [CMS Perm : 5076K->5076K(21248K)], 0.0071180 secs] [Times: user=0.01 sys=0.00, real=0.01 secs] 
15.111: Total time for which application threads were stopped: 0.0071770 seconds, Stopping threads took: 0.0000190 seconds
15.111: Application time: 0.0001840 seconds
15.111: Total time for which application threads were stopped: 0.0001020 seconds, Stopping threads took: 0.0000670 seconds
15.111: Application time: 0.0000390 seconds
15.111: Total time for which application threads were stopped: 0.0000990 seconds, Stopping threads took: 0.0000660 seconds
15.111: Application time: 0.0000380 seconds
15.111: Total time for which application threads were stopped: 0.0000310 seconds, Stopping threads took: 0.0000250 seconds
15.111: Application time: 0.0000300 seconds
15.111: Total time for which application threads were stopped: 0.0000200 seconds, Stopping threads took: 0.0000160 seconds
15.111: Application time: 0.0000160 seconds
15.111: Total time for which application threads were stopped: 0.0000150 seconds, Stopping threads took: 0.0000110 seconds
15.111: Application time: 0.0000300 seconds
15.111: Total time for which application threads were stopped: 0.0000200 seconds, Stopping threads took: 0.0000160 seconds
15.111: Application time: 0.0000150 seconds
15.111: Total time for which application threads were stopped: 0.0000140 seconds, Stopping threads took: 0.0000100 seconds
15.111: Application time: 0.0000120 seconds
15.111: Total time for which application threads were stopped: 0.0000170 seconds, Stopping threads took: 0.0000130 seconds
15.111: Application time: 0.0000110 seconds
15.111: Total time for which application threads were stopped: 0.0000150 seconds, Stopping threads took: 0.0000110 seconds
15.111: Application time: 0.0000110 seconds
15.111: Total time for which application threads were stopped: 0.0000130 seconds, Stopping threads took: 0.0000090 seconds
15.111: Application time: 0.0000100 seconds
15.111: Total time for which application threads were stopped: 0.0000120 seconds, Stopping threads took: 0.0000080 seconds
15.111: Application time: 0.0000100 seconds
15.111: Total time for which application threads were stopped: 0.0000130 seconds, Stopping threads took: 0.0000100 seconds
15.111: Application time: 0.0000110 seconds
15.111: Total time for which application threads were stopped: 0.0000150 seconds, Stopping threads took: 0.0000110 seconds
15.111: Application time: 0.0000110 seconds
15.111: Total time for which application threads were stopped: 0.0000120 seconds, Stopping threads took: 0.0000080 seconds
15.111: Application time: 0.0000100 seconds
15.111: Total time for which application threads were stopped: 0.0000140 seconds, Stopping threads took: 0.0000100 seconds
15.111: Application time: 0.0000110 seconds
15.112: Total time for which application threads were stopped: 0.0000120 seconds, Stopping threads took: 0.0000080 seconds
15.112: Application time: 0.0000100 seconds
15.112: Total time for which application threads were stopped: 0.0000120 seconds, Stopping threads took: 0.0000080 seconds
15.112: Application time: 0.0000100 seconds
15.112: Total time for which application threads were stopped: 0.0000120 seconds, Stopping threads took: 0.0000080 seconds
15.112: Application time: 0.0000100 seconds
15.112: Total time for which application threads were stopped: 0.0000120 seconds, Stopping threads took: 0.0000090 seconds
15.112: Application time: 0.0000110 seconds
15.112: Total time for which application threads were stopped: 0.0000240 seconds, Stopping threads took: 0.0000110 seconds
15.315: Application time: 0.2035260 seconds
15.315: [GC15.315: [ParNew: 43712K->5440K(49152K), 0.0219790 secs] 46889K->18082K(159296K), 0.0220310 secs] [Times: user=0.12 sys=0.02, real=0.02 secs] 
15.337: Total time for which application threads were stopped: 0.0221100 seconds, Stopping threads took: 0.0000090 seconds
15.337: Application time: 0.0000540 seconds
15.337: Total time for which application threads were stopped: 0.0000290 seconds, Stopping threads took: 0.0000180 seconds
15.337: Application time: 0.0000180 seconds
15.337: Total time for which application threads were stopped: 0.0000100 seconds, Stopping threads took: 0.0000050 seconds
15.337: Application time: 0.0000120 seconds
15.337: Total time for which application threads were stopped: 0.0000080 seconds, Stopping threads took: 0.0000040 seconds
15.337: Application time: 0.0000110 seconds
15.337: Total time for which application threads were stopped: 0.0000170 seconds, Stopping threads took: 0.0000120 seconds
15.337: Application time: 0.0000110 seconds
15.337: Total time for which application threads were stopped: 0.0000080 seconds, Stopping threads took: 0.0000050 seconds
15.337: Application time: 0.0000100 seconds
15.337: Total time for which application threads were stopped: 0.0000130 seconds, Stopping threads took: 0.0000090 seconds
15.337: Application time: 0.0000100 seconds
15.337: Total time for which application threads were stopped: 0.0000130 seconds, Stopping threads took: 0.0000090 seconds
15.337: Application time: 0.0000100 seconds
15.338: Total time for which application threads were stopped: 0.0000180 seconds, Stopping threads took: 0.0000140 seconds
15.338: Application time: 0.0000100 seconds
15.338: Total time for which application threads were stopped: 0.0000120 seconds, Stopping threads took: 0.0000090 seconds
15.338: Application time: 0.0000110 seconds
15.338: Total time for which application threads were stopped: 0.0000120 seconds, Stopping threads took: 0.0000090 seconds
15.338: Application time: 0.0000100 seconds
15.338: Total time for which application threads were stopped: 0.0000130 seconds, Stopping threads took: 0.0000100 seconds
15.338: Application time: 0.0000100 seconds
15.338: Total time for which application threads were stopped: 0.0000170 seconds, Stopping threads took: 0.0000140 seconds
15.338: Application time: 0.0000090 seconds
15.338: Total time for which application threads were stopped: 0.0000150 seconds, Stopping threads took: 0.0000120 seconds
15.338: Application time: 0.0000100 seconds
15.338: Total time for which application threads were stopped: 0.0000160 seconds, Stopping threads took: 0.0000120 seconds
15.338: Application time: 0.0000100 seconds
15.338: Total time for which application threads were stopped: 0.0000170 seconds, Stopping threads took: 0.0000130 seconds
15.338: Application time: 0.0000090 seconds
15.338: Total time for which application threads were stopped: 0.0000150 seconds, Stopping threads took: 0.0000120 seconds
15.338: Application time: 0.0000090 seconds
15.338: Total time for which application threads were stopped: 0.0000120 seconds, Stopping threads took: 0.0000090 seconds
15.338: Application time: 0.0000100 seconds
15.338: Total time for which application threads were stopped: 0.0000160 seconds, Stopping threads took: 0.0000130 seconds
15.338: Application time: 0.0000090 seconds
15.338: Total time for which application threads were stopped: 0.0000120 seconds, Stopping threads took: 0.0000090 seconds
15.338: Application time: 0.0000100 seconds
15.338: Total time for which application threads were stopped: 0.0000290 seconds, Stopping threads took: 0.0000080 seconds
15.338: Application time: 0.0004700 seconds
15.338: Total time for which application threads were stopped: 0.0000270 seconds, Stopping threads took: 0.0000140 seconds
15.479: Application time: 0.1404130 seconds
15.479: Total time for which application threads were stopped: 0.0000730 seconds, Stopping threads took: 0.0000090 seconds
15.502: Application time: 0.0229520 seconds
15.502: Total time for which application threads were stopped: 0.0000400 seconds, Stopping threads took: 0.0000180 seconds
15.522: Application time: 0.0205650 seconds
15.522: Total time for which application threads were stopped: 0.0000380 seconds, Stopping threads took: 0.0000180 seconds
15.554: Application time: 0.0314390 seconds
15.554: Total time for which application threads were stopped: 0.0000480 seconds, Stopping threads took: 0.0000110 seconds
15.554: Application time: 0.0000350 seconds
15.554: Total time for which application threads were stopped: 0.0000340 seconds, Stopping threads took: 0.0000060 seconds
15.570: Application time: 0.0157110 seconds
15.570: Total time for which application threads were stopped: 0.0000520 seconds, Stopping threads took: 0.0000170 seconds
15.572: Application time: 0.0021170 seconds
15.572: Total time for which application threads were stopped: 0.0000360 seconds, Stopping threads took: 0.0000180 seconds
15.573: Application time: 0.0009990 seconds
15.573: Total time for which application threads were stopped: 0.0000370 seconds, Stopping threads took: 0.0000180 seconds
15.627: Application time: 0.0540440 seconds
15.627: Total time for which application threads were stopped: 0.0000480 seconds, Stopping threads took: 0.0000120 seconds
15.627: Application time: 0.0000470 seconds
15.627: Total time for which application threads were stopped: 0.0000350 seconds, Stopping threads took: 0.0000070 seconds
15.638: Application time: 0.0107310 seconds
15.638: Total time for which application threads were stopped: 0.0000380 seconds, Stopping threads took: 0.0000180 seconds
15.655: Application time: 0.0175370 seconds
15.656: Total time for which application threads were stopped: 0.0000360 seconds, Stopping threads took: 0.0000180 seconds
15.656: Application time: 0.0009750 seconds
15.657: Total time for which application threads were stopped: 0.0000370 seconds, Stopping threads took: 0.0000180 seconds
15.763: Application time: 0.1068660 seconds
15.763: Total time for which application threads were stopped: 0.0000550 seconds, Stopping threads took: 0.0000140 seconds
15.766: Application time: 0.0030180 seconds
15.767: Total time for which application threads were stopped: 0.0000290 seconds, Stopping threads took: 0.0000080 seconds
15.775: Application time: 0.0082060 seconds
15.775: Total time for which application threads were stopped: 0.0000340 seconds, Stopping threads took: 0.0000080 seconds
15.785: Application time: 0.0097720 seconds
15.785: Total time for which application threads were stopped: 0.0000420 seconds, Stopping threads took: 0.0000180 seconds
16.136: Application time: 0.3518160 seconds
16.136: Total time for which application threads were stopped: 0.0000680 seconds, Stopping threads took: 0.0000100 seconds
16.306: Application time: 0.1697200 seconds
16.306: Total time for which application threads were stopped: 0.0000810 seconds, Stopping threads took: 0.0000090 seconds
16.306: Application time: 0.0000660 seconds
16.306: Total time for which application threads were stopped: 0.0000310 seconds, Stopping threads took: 0.0000180 seconds
16.306: Application time: 0.0000830 seconds
16.307: Total time for which application threads were stopped: 0.0000300 seconds, Stopping threads took: 0.0000080 seconds
16.307: Application time: 0.0009890 seconds
16.308: Total time for which application threads were stopped: 0.0000300 seconds, Stopping threads took: 0.0000080 seconds
16.308: Application time: 0.0000900 seconds
16.308: Total time for which application threads were stopped: 0.0000290 seconds, Stopping threads took: 0.0000080 seconds
16.308: Application time: 0.0000840 seconds
16.308: Total time for which application threads were stopped: 0.0000170 seconds, Stopping threads took: 0.0000040 seconds
16.308: Application time: 0.0000100 seconds
16.308: Total time for which application threads were stopped: 0.0000120 seconds, Stopping threads took: 0.0000030 seconds
16.308: Application time: 0.0000590 seconds
16.308: Total time for which application threads were stopped: 0.0000160 seconds, Stopping threads took: 0.0000040 seconds
16.308: Application time: 0.0000180 seconds
16.308: Total time for which application threads were stopped: 0.0000120 seconds, Stopping threads took: 0.0000020 seconds
16.308: Application time: 0.0000590 seconds
16.308: Total time for which application threads were stopped: 0.0000120 seconds, Stopping threads took: 0.0000020 seconds
16.308: Application time: 0.0000120 seconds
16.308: Total time for which application threads were stopped: 0.0000130 seconds, Stopping threads took: 0.0000030 seconds
16.308: Application time: 0.0000480 seconds
16.308: Total time for which application threads were stopped: 0.0000120 seconds, Stopping threads took: 0.0000030 seconds
16.308: Application time: 0.0000430 seconds
16.308: Total time for which application threads were stopped: 0.0000120 seconds, Stopping threads took: 0.0000020 seconds
16.308: Application time: 0.0000680 seconds
16.308: Total time for which application threads were stopped: 0.0000120 seconds, Stopping threads took: 0.0000030 seconds
16.308: Application time: 0.0000520 seconds
16.308: Total time for which application threads were stopped: 0.0000120 seconds, Stopping threads took: 0.0000030 seconds
16.308: Application time: 0.0000990 seconds
16.308: Total time for which application threads were stopped: 0.0000120 seconds, Stopping threads took: 0.0000030 seconds
16.308: Application time: 0.0000590 seconds
16.308: Total time for which application threads were stopped: 0.0000120 seconds, Stopping threads took: 0.0000020 seconds
16.309: Application time: 0.0004370 seconds
16.309: Total time for which application threads were stopped: 0.0000120 seconds, Stopping threads took: 0.0000030 seconds
16.309: Application time: 0.0000510 seconds
16.309: Total time for which application threads were stopped: 0.0000130 seconds, Stopping threads took: 0.0000030 seconds
16.309: Application time: 0.0001850 seconds
16.309: Total time for which application threads were stopped: 0.0000120 seconds, Stopping threads took: 0.0000020 seconds
16.309: Application time: 0.0000230 seconds
16.309: Total time for which application threads were stopped: 0.0000120 seconds, Stopping threads took: 0.0000030 seconds
16.309: Application time: 0.0000150 seconds
16.309: Total time for which application threads were stopped: 0.0000150 seconds, Stopping threads took: 0.0000050 seconds
16.309: Application time: 0.0000330 seconds
16.309: Total time for which application threads were stopped: 0.0000170 seconds, Stopping threads took: 0.0000040 seconds
16.310: Application time: 0.0011030 seconds
16.310: Total time for which application threads were stopped: 0.0000170 seconds, Stopping threads took: 0.0000040 seconds
16.311: Application time: 0.0000900 seconds
16.311: Total time for which application threads were stopped: 0.0000250 seconds, Stopping threads took: 0.0000050 seconds
16.311: Application time: 0.0001160 seconds
16.311: Total time for which application threads were stopped: 0.0000200 seconds, Stopping threads took: 0.0000050 seconds
16.311: Application time: 0.0000620 seconds
16.311: Total time for which application threads were stopped: 0.0000150 seconds, Stopping threads took: 0.0000030 seconds
16.311: Application time: 0.0001690 seconds
16.311: Total time for which application threads were stopped: 0.0000150 seconds, Stopping threads took: 0.0000040 seconds
16.311: Application time: 0.0004350 seconds
16.311: Total time for which application threads were stopped: 0.0000170 seconds, Stopping threads took: 0.0000040 seconds
16.312: Application time: 0.0009700 seconds
16.312: Total time for which application threads were stopped: 0.0000230 seconds, Stopping threads took: 0.0000050 seconds
16.312: Application time: 0.0001170 seconds
16.313: Total time for which application threads were stopped: 0.0000210 seconds, Stopping threads took: 0.0000050 seconds
16.313: Application time: 0.0002820 seconds
16.313: Total time for which application threads were stopped: 0.0000210 seconds, Stopping threads took: 0.0000050 seconds
16.313: Application time: 0.0000440 seconds
16.313: Total time for which application threads were stopped: 0.0000200 seconds, Stopping threads took: 0.0000050 seconds
16.313: Application time: 0.0000750 seconds
16.313: Total time for which application threads were stopped: 0.0000210 seconds, Stopping threads took: 0.0000050 seconds
16.313: Application time: 0.0001190 seconds
16.313: Total time for which application threads were stopped: 0.0000210 seconds, Stopping threads took: 0.0000050 seconds
16.313: Application time: 0.0000470 seconds
16.313: Total time for which application threads were stopped: 0.0000210 seconds, Stopping threads took: 0.0000050 seconds
16.319: Application time: 0.0056660 seconds
16.319: Total time for which application threads were stopped: 0.0000350 seconds, Stopping threads took: 0.0000110 seconds
16.319: Application time: 0.0000670 seconds
16.319: Total time for which application threads were stopped: 0.0000250 seconds, Stopping threads took: 0.0000070 seconds
16.319: Application time: 0.0000240 seconds
16.319: Total time for which application threads were stopped: 0.0000250 seconds, Stopping threads took: 0.0000070 seconds
16.319: Application time: 0.0000240 seconds
16.319: Total time for which application threads were stopped: 0.0000230 seconds, Stopping threads took: 0.0000060 seconds
16.319: Application time: 0.0000240 seconds
16.319: Total time for which application threads were stopped: 0.0000210 seconds, Stopping threads took: 0.0000060 seconds
16.319: Application time: 0.0000700 seconds
16.319: Total time for which application threads were stopped: 0.0000210 seconds, Stopping threads took: 0.0000060 seconds
16.319: Application time: 0.0000220 seconds
16.319: Total time for which application threads were stopped: 0.0000200 seconds, Stopping threads took: 0.0000060 seconds
16.319: Application time: 0.0000290 seconds
16.319: Total time for which application threads were stopped: 0.0000200 seconds, Stopping threads took: 0.0000060 seconds
16.319: Application time: 0.0001130 seconds
16.319: Total time for which application threads were stopped: 0.0000230 seconds, Stopping threads took: 0.0000070 seconds
16.320: Application time: 0.0000250 seconds
16.320: Total time for which application threads were stopped: 0.0000210 seconds, Stopping threads took: 0.0000060 seconds
16.320: Application time: 0.0000560 seconds
16.320: Total time for which application threads were stopped: 0.0000210 seconds, Stopping threads took: 0.0000060 seconds
16.320: Application time: 0.0000220 seconds
16.320: Total time for which application threads were stopped: 0.0000200 seconds, Stopping threads took: 0.0000060 seconds
16.320: Application time: 0.0006350 seconds
16.320: Total time for which application threads were stopped: 0.0000230 seconds, Stopping threads took: 0.0000070 seconds
16.320: Application time: 0.0000150 seconds
16.320: Total time for which application threads were stopped: 0.0000210 seconds, Stopping threads took: 0.0000060 seconds
16.320: Application time: 0.0000190 seconds
16.320: Total time for which application threads were stopped: 0.0000200 seconds, Stopping threads took: 0.0000060 seconds
16.340: Application time: 0.0201050 seconds
16.341: Total time for which application threads were stopped: 0.0000410 seconds, Stopping threads took: 0.0000100 seconds
16.354: Application time: 0.0134910 seconds
16.354: Total time for which application threads were stopped: 0.0000350 seconds, Stopping threads took: 0.0000050 seconds
16.492: Application time: 0.1375440 seconds
16.492: Total time for which application threads were stopped: 0.0001100 seconds, Stopping threads took: 0.0000150 seconds
16.537: Application time: 0.0455370 seconds
16.537: [GC16.537: [ParNew: 49152K->5440K(49152K), 0.0088630 secs] 61794K->26614K(159296K), 0.0089210 secs] [Times: user=0.06 sys=0.00, real=0.01 secs] 
16.546: Total time for which application threads were stopped: 0.0090470 seconds, Stopping threads took: 0.0000150 seconds
16.547: Application time: 0.0003780 seconds
16.547: Total time for which application threads were stopped: 0.0000790 seconds, Stopping threads took: 0.0000210 seconds
16.573: Application time: 0.0267150 seconds
16.574: Total time for which application threads were stopped: 0.0000710 seconds, Stopping threads took: 0.0000100 seconds
16.584: Application time: 0.0105520 seconds
16.584: Total time for which application threads were stopped: 0.0000610 seconds, Stopping threads took: 0.0000130 seconds
16.912: Application time: 0.3276620 seconds
16.912: [GC16.912: [ParNew: 49152K->3762K(49152K), 0.0033530 secs] 70326K->27739K(159296K), 0.0033950 secs] [Times: user=0.02 sys=0.00, real=0.00 secs] 
16.916: Total time for which application threads were stopped: 0.0036630 seconds, Stopping threads took: 0.0000080 seconds
16.990: Application time: 0.0749070 seconds
16.991: Total time for which application threads were stopped: 0.0001570 seconds, Stopping threads took: 0.0000110 seconds
17.226: Application time: 0.2353980 seconds
17.226: [GC17.226: [ParNew: 47474K->5440K(49152K), 0.0043340 secs] 71451K->29418K(159296K), 0.0043750 secs] [Times: user=0.04 sys=0.00, real=0.01 secs] 
17.231: Total time for which application threads were stopped: 0.0047270 seconds, Stopping threads took: 0.0000150 seconds
17.235: Application time: 0.0040520 seconds
17.235: Total time for which application threads were stopped: 0.0001180 seconds, Stopping threads took: 0.0000120 seconds
17.429: Application time: 0.1940620 seconds
17.429: [GC17.429: [ParNew: 49152K->4393K(49152K), 0.0035110 secs] 73130K->33072K(159296K), 0.0035510 secs] [Times: user=0.02 sys=0.00, real=0.00 secs] 
17.433: Total time for which application threads were stopped: 0.0039190 seconds, Stopping threads took: 0.0000100 seconds
17.454: Application time: 0.0211260 seconds
17.454: Total time for which application threads were stopped: 0.0001940 seconds, Stopping threads took: 0.0000100 seconds
17.622: Application time: 0.1674030 seconds
17.622: [GC17.622: [ParNew: 48105K->4537K(49152K), 0.0029880 secs] 76784K->36151K(159296K), 0.0030240 secs] [Times: user=0.02 sys=0.00, real=0.00 secs] 
17.625: Total time for which application threads were stopped: 0.0033230 seconds, Stopping threads took: 0.0000110 seconds
17.761: Application time: 0.1358710 seconds
17.761: Total time for which application threads were stopped: 0.0002660 seconds, Stopping threads took: 0.0000130 seconds
17.761: Application time: 0.0000990 seconds
17.761: Total time for which application threads were stopped: 0.0000920 seconds, Stopping threads took: 0.0000090 seconds
17.761: Application time: 0.0000510 seconds
17.761: Total time for which application threads were stopped: 0.0000570 seconds, Stopping threads took: 0.0000080 seconds
17.761: Application time: 0.0000520 seconds
17.761: Total time for which application threads were stopped: 0.0000490 seconds, Stopping threads took: 0.0000060 seconds
17.762: Application time: 0.0000500 seconds
17.762: Total time for which application threads were stopped: 0.0000520 seconds, Stopping threads took: 0.0000120 seconds
17.762: Application time: 0.0000560 seconds
17.762: Total time for which application threads were stopped: 0.0000500 seconds, Stopping threads took: 0.0000110 seconds
17.762: Application time: 0.0002130 seconds
17.762: Total time for which application threads were stopped: 0.0000520 seconds, Stopping threads took: 0.0000050 seconds
17.788: Application time: 0.0257340 seconds
17.788: Total time for which application threads were stopped: 0.0002070 seconds, Stopping threads took: 0.0000460 seconds
17.788: Application time: 0.0000780 seconds
17.788: Total time for which application threads were stopped: 0.0000800 seconds, Stopping threads took: 0.0000180 seconds
17.788: Application time: 0.0000370 seconds
17.788: Total time for which application threads were stopped: 0.0000500 seconds, Stopping threads took: 0.0000070 seconds
17.788: Application time: 0.0001530 seconds
17.788: Total time for which application threads were stopped: 0.0000600 seconds, Stopping threads took: 0.0000170 seconds
17.789: Application time: 0.0001570 seconds
17.789: Total time for which application threads were stopped: 0.0000480 seconds, Stopping threads took: 0.0000070 seconds
17.789: Application time: 0.0000920 seconds
17.789: Total time for which application threads were stopped: 0.0000450 seconds, Stopping threads took: 0.0000060 seconds
17.789: Application time: 0.0000540 seconds
17.789: Total time for which application threads were stopped: 0.0000460 seconds, Stopping threads took: 0.0000100 seconds
17.789: Application time: 0.0000750 seconds
17.789: Total time for which application threads were stopped: 0.0000470 seconds, Stopping threads took: 0.0000100 seconds
17.795: Application time: 0.0059660 seconds
17.795: Total time for which application threads were stopped: 0.0000650 seconds, Stopping threads took: 0.0000270 seconds
17.795: Application time: 0.0001200 seconds
17.795: Total time for which application threads were stopped: 0.0000440 seconds, Stopping threads took: 0.0000080 seconds
17.795: Application time: 0.0001250 seconds
17.795: Total time for which application threads were stopped: 0.0000410 seconds, Stopping threads took: 0.0000060 seconds
17.795: Application time: 0.0000680 seconds
17.795: Total time for which application threads were stopped: 0.0000470 seconds, Stopping threads took: 0.0000130 seconds
17.796: Application time: 0.0001970 seconds
17.796: Total time for which application threads were stopped: 0.0000400 seconds, Stopping threads took: 0.0000060 seconds
17.796: Application time: 0.0000680 seconds
17.796: Total time for which application threads were stopped: 0.0000390 seconds, Stopping threads took: 0.0000060 seconds
17.796: Application time: 0.0000510 seconds
17.796: Total time for which application threads were stopped: 0.0000460 seconds, Stopping threads took: 0.0000130 seconds
17.796: Application time: 0.0000370 seconds
17.796: Total time for which application threads were stopped: 0.0000350 seconds, Stopping threads took: 0.0000050 seconds
17.796: Application time: 0.0000340 seconds
17.796: Total time for which application threads were stopped: 0.0000330 seconds, Stopping threads took: 0.0000030 seconds
17.796: Application time: 0.0001520 seconds
17.796: Total time for which application threads were stopped: 0.0000320 seconds, Stopping threads took: 0.0000030 seconds
17.796: Application time: 0.0000610 seconds
17.796: Total time for which application threads were stopped: 0.0000310 seconds, Stopping threads took: 0.0000030 seconds
17.796: Application time: 0.0000630 seconds
17.796: Total time for which application threads were stopped: 0.0000310 seconds, Stopping threads took: 0.0000020 seconds
17.796: Application time: 0.0000500 seconds
17.796: Total time for which application threads were stopped: 0.0000300 seconds, Stopping threads took: 0.0000020 seconds
17.796: Application time: 0.0000360 seconds
17.797: Total time for which application threads were stopped: 0.0000300 seconds, Stopping threads took: 0.0000030 seconds
17.797: Application time: 0.0000360 seconds
17.797: Total time for which application threads were stopped: 0.0000520 seconds, Stopping threads took: 0.0000030 seconds
17.797: Application time: 0.0000730 seconds
17.797: Total time for which application threads were stopped: 0.0000300 seconds, Stopping threads took: 0.0000030 seconds
17.797: Application time: 0.0000580 seconds
17.797: Total time for which application threads were stopped: 0.0000290 seconds, Stopping threads took: 0.0000030 seconds
17.799: Application time: 0.0024040 seconds
17.799: Total time for which application threads were stopped: 0.0000290 seconds, Stopping threads took: 0.0000030 seconds
17.804: Application time: 0.0051160 seconds
17.804: Total time for which application threads were stopped: 0.0000340 seconds, Stopping threads took: 0.0000060 seconds
17.813: Application time: 0.0082290 seconds
17.813: Total time for which application threads were stopped: 0.0000340 seconds, Stopping threads took: 0.0000050 seconds
17.829: Application time: 0.0164290 seconds
17.829: Total time for which application threads were stopped: 0.0000360 seconds, Stopping threads took: 0.0000060 seconds
17.830: Application time: 0.0008680 seconds
17.830: Total time for which application threads were stopped: 0.0000460 seconds, Stopping threads took: 0.0000160 seconds
17.832: Application time: 0.0017600 seconds
17.832: Total time for which application threads were stopped: 0.0000380 seconds, Stopping threads took: 0.0000070 seconds
17.838: Application time: 0.0057170 seconds
17.838: Total time for which application threads were stopped: 0.0000360 seconds, Stopping threads took: 0.0000060 seconds
17.838: Application time: 0.0007030 seconds
17.838: Total time for which application threads were stopped: 0.0000450 seconds, Stopping threads took: 0.0000140 seconds
17.839: Application time: 0.0007180 seconds
17.839: Total time for which application threads were stopped: 0.0000420 seconds, Stopping threads took: 0.0000120 seconds
17.840: Application time: 0.0005270 seconds
17.840: [GC17.840: [ParNew: 48249K->5255K(49152K), 0.0038490 secs] 79863K->39861K(159296K), 0.0038880 secs] [Times: user=0.01 sys=0.00, real=0.00 secs] 
17.844: Total time for which application threads were stopped: 0.0039640 seconds, Stopping threads took: 0.0000050 seconds
17.844: Application time: 0.0001060 seconds
17.844: Total time for which application threads were stopped: 0.0001560 seconds, Stopping threads took: 0.0000090 seconds
17.845: Application time: 0.0008010 seconds
17.845: Total time for which application threads were stopped: 0.0000360 seconds, Stopping threads took: 0.0000050 seconds
17.850: Application time: 0.0056480 seconds
17.850: Total time for which application threads were stopped: 0.0000450 seconds, Stopping threads took: 0.0000060 seconds
17.851: Application time: 0.0007050 seconds
17.851: Total time for which application threads were stopped: 0.0000410 seconds, Stopping threads took: 0.0000120 seconds
17.853: Application time: 0.0016610 seconds
17.853: Total time for which application threads were stopped: 0.0000430 seconds, Stopping threads took: 0.0000130 seconds
17.858: Application time: 0.0056030 seconds
17.858: Total time for which application threads were stopped: 0.0000340 seconds, Stopping threads took: 0.0000060 seconds
17.859: Application time: 0.0007720 seconds
17.859: Total time for which application threads were stopped: 0.0000450 seconds, Stopping threads took: 0.0000090 seconds
17.860: Application time: 0.0007220 seconds
17.860: Total time for which application threads were stopped: 0.0000590 seconds, Stopping threads took: 0.0000050 seconds
18.041: Application time: 0.1812850 seconds
18.042: [GC18.042: [ParNew: 48967K->4437K(49152K), 0.0032310 secs] 83573K->42038K(159296K), 0.0032740 secs] [Times: user=0.02 sys=0.00, real=0.00 secs] 
18.045: Total time for which application threads were stopped: 0.0036370 seconds, Stopping threads took: 0.0000120 seconds
18.261: Application time: 0.2164810 seconds
18.262: [GC18.262: [ParNew: 48149K->4830K(49152K), 0.0031730 secs] 85750K->45342K(159296K), 0.0032090 secs] [Times: user=0.03 sys=0.00, real=0.00 secs] 
18.265: Total time for which application threads were stopped: 0.0034940 seconds, Stopping threads took: 0.0000110 seconds
18.401: Application time: 0.1360270 seconds
18.401: Total time for which application threads were stopped: 0.0002630 seconds, Stopping threads took: 0.0000200 seconds
18.401: Application time: 0.0000590 seconds
18.401: Total time for which application threads were stopped: 0.0000600 seconds, Stopping threads took: 0.0000190 seconds
18.458: Application time: 0.0561490 seconds
18.458: [GC18.458: [ParNew: 48542K->4384K(49152K), 0.0034820 secs] 89054K->47848K(159296K), 0.0035200 secs] [Times: user=0.03 sys=0.00, real=0.01 secs] 
18.461: Total time for which application threads were stopped: 0.0037610 seconds, Stopping threads took: 0.0000110 seconds
18.660: Application time: 0.1984150 seconds
18.660: [GC18.660: [ParNew: 48096K->4584K(49152K), 0.0033710 secs] 91560K->51165K(159296K), 0.0034110 secs] [Times: user=0.02 sys=0.00, real=0.00 secs] 
18.664: Total time for which application threads were stopped: 0.0037670 seconds, Stopping threads took: 0.0000100 seconds
18.750: Application time: 0.0865340 seconds
18.750: Total time for which application threads were stopped: 0.0002020 seconds, Stopping threads took: 0.0000130 seconds
18.833: Application time: 0.0824040 seconds
18.833: Total time for which application threads were stopped: 0.0002000 seconds, Stopping threads took: 0.0000110 seconds
18.889: Application time: 0.0560650 seconds
18.889: [GC18.889: [ParNew: 48296K->4606K(49152K), 0.0032600 secs] 94877K->54245K(159296K), 0.0033030 secs] [Times: user=0.03 sys=0.00, real=0.00 secs] 
18.892: Total time for which application threads were stopped: 0.0035370 seconds, Stopping threads took: 0.0000120 seconds
19.090: Application time: 0.1970670 seconds
19.090: [GC19.090: [ParNew: 48318K->4581K(49152K), 0.0033830 secs] 97957K->57293K(159296K), 0.0034210 secs] [Times: user=0.03 sys=0.00, real=0.00 secs] 
19.093: Total time for which application threads were stopped: 0.0038320 seconds, Stopping threads took: 0.0000090 seconds
19.269: Application time: 0.1757360 seconds
19.269: [GC19.269: [ParNew: 48293K->4708K(49152K), 0.0032790 secs] 101005K->60557K(159296K), 0.0033210 secs] [Times: user=0.02 sys=0.00, real=0.00 secs] 
19.273: Total time for which application threads were stopped: 0.0036630 seconds, Stopping threads took: 0.0000130 seconds
19.273: Application time: 0.0000450 seconds
19.273: [GC [1 CMS-initial-mark: 55848K(110144K)] 61435K(159296K), 0.0011600 secs] [Times: user=0.00 sys=0.00, real=0.00 secs] 
19.274: Total time for which application threads were stopped: 0.0013590 seconds, Stopping threads took: 0.0000320 seconds
19.274: [CMS-concurrent-mark-start]
19.291: [CMS-concurrent-mark: 0.017/0.017 secs] [Times: user=0.05 sys=0.00, real=0.02 secs] 
19.291: [CMS-concurrent-preclean-start]
19.292: [CMS-concurrent-preclean: 0.000/0.000 secs] [Times: user=0.00 sys=0.00, real=0.00 secs] 
19.292: [CMS-concurrent-abortable-preclean-start]
19.407: [CMS-concurrent-abortable-preclean: 0.015/0.115 secs] [Times: user=0.08 sys=0.00, real=0.12 secs] 
19.407: Application time: 0.1324780 seconds
19.407: [GC[YG occupancy: 34575 K (49152 K)]19.407: [Rescan (parallel) , 0.0314580 secs]19.438: [weak refs processing, 0.0000170 secs]19.438: [scrub string table, 0.0001450 secs] [1 CMS-remark: 55848K(110144K)] 90424K(159296K), 0.0316640 secs] [Times: user=0.24 sys=0.01, real=0.03 secs] 
19.439: Total time for which application threads were stopped: 0.0319130 seconds, Stopping threads took: 0.0000260 seconds
19.439: [CMS-concurrent-sweep-start]
19.439: Application time: 0.0001030 seconds
19.439: Total time for which application threads were stopped: 0.0001590 seconds, Stopping threads took: 0.0000220 seconds
19.448: [CMS-concurrent-sweep: 0.009/0.009 secs] [Times: user=0.01 sys=0.00, real=0.01 secs] 
19.448: [CMS-concurrent-reset-start]
19.448: [CMS-concurrent-reset: 0.000/0.000 secs] [Times: user=0.00 sys=0.00, real=0.00 secs] 
19.512: Application time: 0.0728830 seconds
19.512: [GC19.512: [ParNew: 48420K->4414K(49152K), 0.0033850 secs] 97149K->55917K(159296K), 0.0034220 secs] [Times: user=0.03 sys=0.00, real=0.00 secs] 
19.515: Total time for which application threads were stopped: 0.0036800 seconds, Stopping threads took: 0.0000110 seconds
19.716: Application time: 0.2007930 seconds
19.717: [GC19.717: [ParNew: 48126K->4333K(49152K), 0.0034890 secs] 99629K->58667K(159296K), 0.0035280 secs] [Times: user=0.02 sys=0.00, real=0.01 secs] 
19.720: Total time for which application threads were stopped: 0.0038890 seconds, Stopping threads took: 0.0000120 seconds
19.775: Application time: 0.0550620 seconds
19.775: Total time for which application threads were stopped: 0.0002510 seconds, Stopping threads took: 0.0000110 seconds
19.952: Application time: 0.1761550 seconds
19.952: [GC19.952: [ParNew: 48045K->4889K(49152K), 0.0037230 secs] 102379K->62226K(159296K), 0.0037600 secs] [Times: user=0.03 sys=0.00, real=0.00 secs] 
19.956: Total time for which application threads were stopped: 0.0041040 seconds, Stopping threads took: 0.0000120 seconds
20.144: Application time: 0.1880130 seconds
20.144: [GC20.144: [ParNew: 48601K->5440K(49152K), 0.0036080 secs] 105938K->65907K(159296K), 0.0036510 secs] [Times: user=0.02 sys=0.00, real=0.01 secs] 
20.148: Total time for which application threads were stopped: 0.0040440 seconds, Stopping threads took: 0.0000120 seconds
20.366: Application time: 0.2181770 seconds
20.366: [GC20.366: [ParNew: 49152K->5440K(49152K), 0.0034950 secs] 109619K->69097K(159296K), 0.0035340 secs] [Times: user=0.02 sys=0.00, real=0.01 secs] 
20.370: Total time for which application threads were stopped: 0.0039450 seconds, Stopping threads took: 0.0000130 seconds
20.548: Application time: 0.1779850 seconds
20.548: [GC20.548: [ParNew: 49152K->4433K(49152K), 0.0034310 secs] 112809K->71271K(159296K), 0.0034700 secs] [Times: user=0.03 sys=0.00, real=0.00 secs] 
20.552: Total time for which application threads were stopped: 0.0038240 seconds, Stopping threads took: 0.0000130 seconds
20.700: Application time: 0.1487050 seconds
20.701: Total time for which application threads were stopped: 0.0003190 seconds, Stopping threads took: 0.0000120 seconds
20.753: Application time: 0.0526600 seconds
20.754: [GC20.754: [ParNew: 48145K->4484K(49152K), 0.0033460 secs] 114983K->74117K(159296K), 0.0033840 secs] [Times: user=0.02 sys=0.00, real=0.00 secs] 
20.757: Total time for which application threads were stopped: 0.0036140 seconds, Stopping threads took: 0.0000120 seconds
20.885: Application time: 0.1281260 seconds
20.885: Total time for which application threads were stopped: 0.0003060 seconds, Stopping threads took: 0.0000120 seconds
20.989: Application time: 0.1036290 seconds
20.989: [GC20.989: [ParNew: 48196K->4649K(49152K), 0.0035590 secs] 117829K->77346K(159296K), 0.0036000 secs] [Times: user=0.02 sys=0.00, real=0.00 secs] 
20.993: Total time for which application threads were stopped: 0.0038870 seconds, Stopping threads took: 0.0000220 seconds
21.184: Application time: 0.1913280 seconds
21.185: [GC21.185: [ParNew: 48361K->4734K(49152K), 0.0035250 secs] 121058K->80519K(159296K), 0.0035630 secs] [Times: user=0.02 sys=0.00, real=0.01 secs] 
21.188: Total time for which application threads were stopped: 0.0039530 seconds, Stopping threads took: 0.0000120 seconds
21.376: Application time: 0.1878290 seconds
21.376: [GC21.376: [ParNew: 48446K->4763K(49152K), 0.0035460 secs] 124231K->83630K(159296K), 0.0035840 secs] [Times: user=0.03 sys=0.00, real=0.01 secs] 
21.380: Total time for which application threads were stopped: 0.0039710 seconds, Stopping threads took: 0.0000110 seconds
21.572: Application time: 0.1922230 seconds
21.573: [GC21.573: [ParNew: 48475K->4774K(49152K), 0.0036770 secs] 127342K->86712K(159296K), 0.0037250 secs] [Times: user=0.03 sys=0.00, real=0.00 secs] 
21.576: Total time for which application threads were stopped: 0.0041450 seconds, Stopping threads took: 0.0000130 seconds
21.637: Application time: 0.0606250 seconds
21.637: Total time for which application threads were stopped: 0.0002020 seconds, Stopping threads took: 0.0000110 seconds
21.655: Application time: 0.0176600 seconds
21.655: Total time for which application threads were stopped: 0.0001620 seconds, Stopping threads took: 0.0000110 seconds
21.777: Application time: 0.1219020 seconds
21.777: [GC21.777: [ParNew: 48486K->4826K(49152K), 0.0032050 secs] 130424K->89807K(159296K), 0.0032440 secs] [Times: user=0.02 sys=0.00, real=0.01 secs] 
21.780: Total time for which application threads were stopped: 0.0035060 seconds, Stopping threads took: 0.0000130 seconds
21.977: Application time: 0.1961360 seconds
21.977: [GC21.977: [ParNew: 48538K->4782K(49152K), 0.0031610 secs] 133519K->92402K(159296K), 0.0031990 secs] [Times: user=0.02 sys=0.00, real=0.01 secs] 
21.980: Total time for which application threads were stopped: 0.0035060 seconds, Stopping threads took: 0.0000120 seconds
22.165: Application time: 0.1847660 seconds
22.165: [GC22.165: [ParNew: 48494K->5159K(49152K), 0.0032600 secs] 136114K->95572K(159296K), 0.0032990 secs] [Times: user=0.02 sys=0.00, real=0.01 secs] 
22.169: Total time for which application threads were stopped: 0.0036870 seconds, Stopping threads took: 0.0000130 seconds
22.370: Application time: 0.2014640 seconds
22.370: [GC22.370: [ParNew: 48871K->4583K(49152K), 0.0034220 secs] 139284K->97967K(159296K), 0.0034640 secs] [Times: user=0.02 sys=0.00, real=0.00 secs] 
22.374: Total time for which application threads were stopped: 0.0038100 seconds, Stopping threads took: 0.0000120 seconds
22.570: Application time: 0.1962680 seconds
22.570: [GC22.570: [ParNew: 48295K->5440K(49152K), 0.0035960 secs] 141679K->101849K(159296K), 0.0036330 secs] [Times: user=0.03 sys=0.00, real=0.00 secs] 
22.574: Total time for which application threads were stopped: 0.0040080 seconds, Stopping threads took: 0.0000110 seconds
22.684: Application time: 0.1099140 seconds
22.684: Total time for which application threads were stopped: 0.0002880 seconds, Stopping threads took: 0.0000120 seconds
22.814: Application time: 0.1297610 seconds
22.814: [GC22.814: [ParNew: 49152K->4778K(49152K), 0.0035230 secs] 145561K->104220K(159296K), 0.0035640 secs] [Times: user=0.02 sys=0.00, real=0.00 secs] 
22.818: Total time for which application threads were stopped: 0.0038090 seconds, Stopping threads took: 0.0000120 seconds
23.007: Application time: 0.1890540 seconds
23.007: [GC23.007: [ParNew: 48490K->5231K(49152K), 0.0034950 secs] 147932K->107720K(159296K), 0.0035350 secs] [Times: user=0.01 sys=0.01, real=0.00 secs] 
23.011: Total time for which application threads were stopped: 0.0039310 seconds, Stopping threads took: 0.0000130 seconds
23.011: Application time: 0.0000410 seconds
23.011: [GC [1 CMS-initial-mark: 102488K(110144K)] 108601K(159296K), 0.0012370 secs] [Times: user=0.00 sys=0.00, real=0.00 secs] 
23.012: Total time for which application threads were stopped: 0.0014330 seconds, Stopping threads took: 0.0000250 seconds
23.012: [CMS-concurrent-mark-start]
23.041: [CMS-concurrent-mark: 0.029/0.029 secs] [Times: user=0.07 sys=0.00, real=0.03 secs] 
23.042: [CMS-concurrent-preclean-start]
23.043: [CMS-concurrent-preclean: 0.001/0.001 secs] [Times: user=0.01 sys=0.00, real=0.00 secs] 
23.043: [CMS-concurrent-abortable-preclean-start]
23.202: Application time: 0.1891900 seconds
23.202: [GC23.202: [ParNew: 48943K->5307K(49152K), 0.0035020 secs] 151432K->110892K(159296K), 0.0035390 secs] [Times: user=0.02 sys=0.00, real=0.00 secs] 
23.205: Total time for which application threads were stopped: 0.0039610 seconds, Stopping threads took: 0.0000130 seconds
23.347: [CMS-concurrent-abortable-preclean: 0.148/0.304 secs] [Times: user=0.30 sys=0.01, real=0.31 secs] 
23.347: Application time: 0.1414270 seconds
23.347: [GC[YG occupancy: 39611 K (49152 K)]23.347: [Rescan (parallel) , 0.0348160 secs]23.382: [weak refs processing, 0.0000110 secs]23.382: [scrub string table, 0.0001440 secs] [1 CMS-remark: 105585K(110144K)] 145196K(159296K), 0.0350130 secs] [Times: user=0.26 sys=0.00, real=0.03 secs] 
23.382: Total time for which application threads were stopped: 0.0353310 seconds, Stopping threads took: 0.0000110 seconds
23.382: [CMS-concurrent-sweep-start]
23.382: Application time: 0.0001110 seconds
23.382: Total time for which application threads were stopped: 0.0001390 seconds, Stopping threads took: 0.0000070 seconds
23.383: Application time: 0.0000440 seconds
23.383: Total time for which application threads were stopped: 0.0000320 seconds, Stopping threads took: 0.0000030 seconds
23.397: [CMS-concurrent-sweep: 0.014/0.014 secs] [Times: user=0.03 sys=0.00, real=0.01 secs] 
23.397: [CMS-concurrent-reset-start]
23.397: [CMS-concurrent-reset: 0.000/0.000 secs] [Times: user=0.00 sys=0.00, real=0.00 secs] 
23.425: Application time: 0.0423440 seconds
23.425: [GC23.425: [ParNew: 49019K->5295K(49152K), 0.0037890 secs] 149437K->108772K(160448K), 0.0038250 secs] [Times: user=0.02 sys=0.01, real=0.01 secs] 
23.429: Total time for which application threads were stopped: 0.0040900 seconds, Stopping threads took: 0.0000120 seconds
23.429: Application time: 0.0000230 seconds
23.429: [GC [1 CMS-initial-mark: 103476K(111296K)] 109653K(160448K), 0.0010870 secs] [Times: user=0.00 sys=0.00, real=0.00 secs] 
23.430: Total time for which application threads were stopped: 0.0012730 seconds, Stopping threads took: 0.0000170 seconds
23.430: [CMS-concurrent-mark-start]
23.461: [CMS-concurrent-mark: 0.030/0.031 secs] [Times: user=0.07 sys=0.00, real=0.03 secs] 
23.461: [CMS-concurrent-preclean-start]
23.463: [CMS-concurrent-preclean: 0.001/0.001 secs] [Times: user=0.01 sys=0.00, real=0.00 secs] 
23.463: [CMS-concurrent-abortable-preclean-start]
23.611: Application time: 0.1811590 seconds
23.612: Total time for which application threads were stopped: 0.0003500 seconds, Stopping threads took: 0.0000110 seconds
23.620: Application time: 0.0077040 seconds
23.620: [GC23.620: [ParNew: 49007K->4873K(49152K), 0.0036280 secs] 152484K->111418K(160448K), 0.0036620 secs] [Times: user=0.02 sys=0.00, real=0.00 secs] 
23.623: Total time for which application threads were stopped: 0.0038840 seconds, Stopping threads took: 0.0000120 seconds
23.792: [CMS-concurrent-abortable-preclean: 0.143/0.330 secs] [Times: user=0.30 sys=0.01, real=0.33 secs] 
23.793: Application time: 0.1691490 seconds
23.793: [GC[YG occupancy: 29544 K (49152 K)]23.793: [Rescan (parallel) , 0.0202350 secs]23.813: [weak refs processing, 0.0000170 secs]23.813: [scrub string table, 0.0001410 secs] [1 CMS-remark: 106545K(111296K)] 136089K(160448K), 0.0204340 secs] [Times: user=0.16 sys=0.00, real=0.02 secs] 
23.813: Total time for which application threads were stopped: 0.0207260 seconds, Stopping threads took: 0.0000150 seconds
23.813: [CMS-concurrent-sweep-start]
23.813: Application time: 0.0001390 seconds
23.814: Total time for which application threads were stopped: 0.0001510 seconds, Stopping threads took: 0.0000100 seconds
23.826: [CMS-concurrent-sweep: 0.012/0.013 secs] [Times: user=0.02 sys=0.00, real=0.01 secs] 
23.826: [CMS-concurrent-reset-start]
23.826: [CMS-concurrent-reset: 0.000/0.000 secs] [Times: user=0.00 sys=0.00, real=0.00 secs] 
23.895: Application time: 0.0812160 seconds
23.895: [GC23.895: [ParNew (promotion failed): 48585K->49057K(49152K), 0.0086160 secs]23.904: [CMS: 108744K->111114K(111296K), 0.1043610 secs] 154702K->111114K(160448K), [CMS Perm : 12733K->12728K(21248K)], 0.1130430 secs] [Times: user=0.13 sys=0.01, real=0.12 secs] 
24.008: Total time for which application threads were stopped: 0.1133350 seconds, Stopping threads took: 0.0000120 seconds
24.008: Application time: 0.0000550 seconds
24.008: [GC [1 CMS-initial-mark: 111114K(111296K)] 111995K(160448K), 0.0001740 secs] [Times: user=0.00 sys=0.00, real=0.00 secs] 
24.009: Total time for which application threads were stopped: 0.0003690 seconds, Stopping threads took: 0.0000210 seconds
24.009: [CMS-concurrent-mark-start]
24.037: [CMS-concurrent-mark: 0.029/0.029 secs] [Times: user=0.06 sys=0.00, real=0.02 secs] 
24.037: [CMS-concurrent-preclean-start]
24.039: [CMS-concurrent-preclean: 0.001/0.002 secs] [Times: user=0.00 sys=0.00, real=0.01 secs] 
24.039: [CMS-concurrent-abortable-preclean-start]
24.039: [CMS-concurrent-abortable-preclean: 0.000/0.000 secs] [Times: user=0.00 sys=0.00, real=0.00 secs] 
24.039: Application time: 0.0304150 seconds
24.039: [GC[YG occupancy: 5265 K (49152 K)]24.039: [Rescan (parallel) , 0.0105350 secs]24.050: [weak refs processing, 0.0000080 secs]24.050: [scrub string table, 0.0001410 secs] [1 CMS-remark: 111114K(111296K)] 116380K(160448K), 0.0107150 secs] [Times: user=0.07 sys=0.01, real=0.01 secs] 
24.050: Total time for which application threads were stopped: 0.0108780 seconds, Stopping threads took: 0.0000120 seconds
24.050: [CMS-concurrent-sweep-start]
24.061: [CMS-concurrent-sweep: 0.011/0.011 secs] [Times: user=0.02 sys=0.00, real=0.01 secs] 
24.061: [CMS-concurrent-reset-start]
24.062: [CMS-concurrent-reset: 0.000/0.000 secs] [Times: user=0.00 sys=0.00, real=0.00 secs] 
24.215: Application time: 0.1647750 seconds
24.215: [GC24.215: [ParNew: 43712K->43712K(49152K), 0.0000150 secs]24.215: [CMS: 110968K->111295K(111296K), 0.1297490 secs] 154680K->114042K(160448K), [CMS Perm : 12729K->12729K(21248K)], 0.1298110 secs] [Times: user=0.13 sys=0.00, real=0.13 secs] 
24.345: Total time for which application threads were stopped: 0.1302110 seconds, Stopping threads took: 0.0000130 seconds
24.345: Application time: 0.0000510 seconds
24.345: [GC [1 CMS-initial-mark: 111295K(111296K)] 114922K(160448K), 0.0014060 secs] [Times: user=0.00 sys=0.00, real=0.00 secs] 
24.346: Total time for which application threads were stopped: 0.0015980 seconds, Stopping threads took: 0.0000110 seconds
24.347: [CMS-concurrent-mark-start]
24.383: [CMS-concurrent-mark: 0.037/0.037 secs] [Times: user=0.09 sys=0.00, real=0.04 secs] 
24.383: [CMS-concurrent-preclean-start]
24.422: [CMS-concurrent-preclean: 0.039/0.039 secs] [Times: user=0.06 sys=0.00, real=0.04 secs] 
24.422: [CMS-concurrent-abortable-preclean-start]
24.422: [CMS-concurrent-abortable-preclean: 0.000/0.000 secs] [Times: user=0.00 sys=0.00, real=0.00 secs] 
24.422: Application time: 0.0752830 seconds
24.422: [GC[YG occupancy: 20309 K (49152 K)]24.422: [Rescan (parallel) , 0.0240530 secs]24.446: [weak refs processing, 0.0000090 secs]24.446: [scrub string table, 0.0001400 secs] [1 CMS-remark: 111295K(111296K)] 131605K(160448K), 0.0242470 secs] [Times: user=0.19 sys=0.00, real=0.02 secs] 
24.446: Total time for which application threads were stopped: 0.0244580 seconds, Stopping threads took: 0.0000210 seconds
24.446: [CMS-concurrent-sweep-start]
24.458: [CMS-concurrent-sweep: 0.011/0.011 secs] [Times: user=0.02 sys=0.00, real=0.01 secs] 
24.458: [CMS-concurrent-reset-start]
24.458: [CMS-concurrent-reset: 0.000/0.000 secs] [Times: user=0.00 sys=0.00, real=0.00 secs] 
24.587: Application time: 0.1406580 seconds
24.587: [GC24.587: [ParNew: 49144K->49144K(49152K), 0.0000130 secs]24.587: [CMS: 111295K->111288K(111296K), 0.1076700 secs] 160440K->116206K(160448K), [CMS Perm : 12731K->12731K(21248K)], 0.1077290 secs] [Times: user=0.11 sys=0.00, real=0.10 secs] 
24.695: Total time for which application threads were stopped: 0.1079870 seconds, Stopping threads took: 0.0000130 seconds
24.695: Application time: 0.0000640 seconds
24.695: [GC [1 CMS-initial-mark: 111288K(111296K)] 116216K(160448K), 0.0014340 secs] [Times: user=0.00 sys=0.00, real=0.00 secs] 
24.697: Total time for which application threads were stopped: 0.0016110 seconds, Stopping threads took: 0.0000240 seconds
24.697: [CMS-concurrent-mark-start]
24.729: [CMS-concurrent-mark: 0.033/0.033 secs] [Times: user=0.08 sys=0.00, real=0.04 secs] 
24.729: [CMS-concurrent-preclean-start]
24.767: [CMS-concurrent-preclean: 0.038/0.038 secs] [Times: user=0.06 sys=0.00, real=0.04 secs] 
24.767: [CMS-concurrent-abortable-preclean-start]
24.767: [CMS-concurrent-abortable-preclean: 0.000/0.000 secs] [Times: user=0.00 sys=0.00, real=0.00 secs] 
24.767: Application time: 0.0708610 seconds
24.768: [GC[YG occupancy: 21259 K (49152 K)]24.768: [Rescan (parallel) , 0.0228680 secs]24.791: [weak refs processing, 0.0000090 secs]24.791: [scrub string table, 0.0001460 secs] [1 CMS-remark: 111288K(111296K)] 132548K(160448K), 0.0230660 secs] [Times: user=0.18 sys=0.00, real=0.02 secs] 
24.791: Total time for which application threads were stopped: 0.0232780 seconds, Stopping threads took: 0.0000150 seconds
24.791: [CMS-concurrent-sweep-start]
24.808: [CMS-concurrent-sweep: 0.017/0.017 secs] [Times: user=0.02 sys=0.01, real=0.02 secs] 
24.808: [CMS-concurrent-reset-start]
24.808: [CMS-concurrent-reset: 0.000/0.000 secs] [Times: user=0.00 sys=0.00, real=0.00 secs] 
24.915: Application time: 0.1248010 seconds
24.916: [GC24.916: [ParNew: 49151K->49151K(49152K), 0.0000120 secs]24.916: [CMS: 111233K->111270K(111296K), 0.1085290 secs] 160385K->118758K(160448K), [CMS Perm : 12732K->12732K(21248K)], 0.1085860 secs] [Times: user=0.11 sys=0.00, real=0.11 secs] 
25.024: Total time for which application threads were stopped: 0.1088930 seconds, Stopping threads took: 0.0000120 seconds
25.024: Application time: 0.0000640 seconds
25.025: [GC [1 CMS-initial-mark: 111270K(111296K)] 119591K(160448K), 0.0019310 secs] [Times: user=0.01 sys=0.00, real=0.01 secs] 
25.027: Total time for which application threads were stopped: 0.0020950 seconds, Stopping threads took: 0.0000100 seconds
25.027: [CMS-concurrent-mark-start]
25.060: [CMS-concurrent-mark: 0.033/0.034 secs] [Times: user=0.07 sys=0.01, real=0.03 secs] 
25.060: [CMS-concurrent-preclean-start]
25.098: [CMS-concurrent-preclean: 0.038/0.038 secs] [Times: user=0.06 sys=0.00, real=0.03 secs] 
25.098: [CMS-concurrent-abortable-preclean-start]
25.098: [CMS-concurrent-abortable-preclean: 0.000/0.000 secs] [Times: user=0.00 sys=0.00, real=0.00 secs] 
25.098: Application time: 0.0716550 seconds
25.098: [GC[YG occupancy: 23396 K (49152 K)]25.098: [Rescan (parallel) , 0.0229070 secs]25.121: [weak refs processing, 0.0000090 secs]25.121: [scrub string table, 0.0001800 secs] [1 CMS-remark: 111270K(111296K)] 134667K(160448K), 0.0231490 secs] [Times: user=0.17 sys=0.00, real=0.03 secs] 
25.122: Total time for which application threads were stopped: 0.0233790 seconds, Stopping threads took: 0.0000220 seconds
25.122: [CMS-concurrent-sweep-start]
25.134: [CMS-concurrent-sweep: 0.013/0.013 secs] [Times: user=0.02 sys=0.00, real=0.01 secs] 
25.134: [CMS-concurrent-reset-start]
25.134: [CMS-concurrent-reset: 0.000/0.000 secs] [Times: user=0.00 sys=0.00, real=0.00 secs] 
25.237: Application time: 0.1156380 seconds
25.238: Total time for which application threads were stopped: 0.0003040 seconds, Stopping threads took: 0.0000170 seconds
25.238: Application time: 0.0000530 seconds
25.238: [GC [1 CMS-initial-mark: 111270K(111296K)] 157106K(160448K), 0.0261110 secs] [Times: user=0.03 sys=0.00, real=0.03 secs] 
25.264: Total time for which application threads were stopped: 0.0262170 seconds, Stopping threads took: 0.0000350 seconds
25.264: [CMS-concurrent-mark-start]
25.270: Application time: 0.0064230 seconds
25.270: Total time for which application threads were stopped: 0.0001590 seconds, Stopping threads took: 0.0000160 seconds
25.272: Application time: 0.0011140 seconds
25.272: [GC25.272: [ParNew: 49151K->49151K(49152K), 0.0000120 secs]25.272: [CMS25.298: [CMS-concurrent-mark: 0.032/0.035 secs] [Times: user=0.07 sys=0.00, real=0.03 secs] 
 (concurrent mode failure): 111270K->111286K(111296K), 0.1364480 secs] 160422K->121438K(160448K), [CMS Perm : 12739K->12739K(21248K)], 0.1365070 secs] [Times: user=0.16 sys=0.00, real=0.14 secs] 
25.408: Total time for which application threads were stopped: 0.1366400 seconds, Stopping threads took: 0.0000080 seconds
25.614: Application time: 0.2058140 seconds
25.614: [Full GC25.614: [CMS: 111295K->111293K(111296K), 0.1048060 secs] 160447K->123132K(160448K), [CMS Perm : 12742K->12742K(21248K)], 0.1048460 secs] [Times: user=0.10 sys=0.00, real=0.11 secs] 
25.719: Total time for which application threads were stopped: 0.1052020 seconds, Stopping threads took: 0.0000110 seconds
25.719: Application time: 0.0000560 seconds
25.719: [GC [1 CMS-initial-mark: 111293K(111296K)] 123886K(160448K), 0.0023850 secs] [Times: user=0.00 sys=0.00, real=0.00 secs] 
25.722: Total time for which application threads were stopped: 0.0025550 seconds, Stopping threads took: 0.0000120 seconds
25.722: [CMS-concurrent-mark-start]
25.753: [CMS-concurrent-mark: 0.031/0.031 secs] [Times: user=0.10 sys=0.01, real=0.03 secs] 
25.753: [CMS-concurrent-preclean-start]
25.793: [CMS-concurrent-preclean: 0.041/0.041 secs] [Times: user=0.06 sys=0.00, real=0.04 secs] 
25.793: [CMS-concurrent-abortable-preclean-start]
25.793: [CMS-concurrent-abortable-preclean: 0.000/0.000 secs] [Times: user=0.00 sys=0.00, real=0.00 secs] 
25.794: Application time: 0.0717790 seconds
25.794: [GC[YG occupancy: 26977 K (49152 K)]25.794: [Rescan (parallel) , 0.0220780 secs]25.816: [weak refs processing, 0.0000090 secs]25.816: [scrub string table, 0.0001410 secs] [1 CMS-remark: 111293K(111296K)] 138270K(160448K), 0.0222700 secs] [Times: user=0.17 sys=0.00, real=0.02 secs] 
25.816: Total time for which application threads were stopped: 0.0224730 seconds, Stopping threads took: 0.0000110 seconds
25.816: [CMS-concurrent-sweep-start]
25.829: [CMS-concurrent-sweep: 0.013/0.013 secs] [Times: user=0.02 sys=0.00, real=0.02 secs] 
25.829: [CMS-concurrent-reset-start]
25.829: [CMS-concurrent-reset: 0.000/0.000 secs] [Times: user=0.00 sys=0.00, real=0.00 secs] 
25.922: Application time: 0.1061120 seconds
25.922: [GC25.922: [ParNew: 49151K->49151K(49152K), 0.0000120 secs]25.922: [CMS: 111293K->111285K(111296K), 0.1148860 secs] 160445K->125542K(160448K), [CMS Perm : 12742K->12742K(21248K)], 0.1149430 secs] [Times: user=0.12 sys=0.00, real=0.11 secs] 
26.037: Total time for which application threads were stopped: 0.1152220 seconds, Stopping threads took: 0.0000120 seconds
26.037: Application time: 0.0000650 seconds
26.038: [GC [1 CMS-initial-mark: 111285K(111296K)] 126259K(160448K), 0.0030550 secs] [Times: user=0.00 sys=0.00, real=0.01 secs] 
26.041: Total time for which application threads were stopped: 0.0032390 seconds, Stopping threads took: 0.0000180 seconds
26.041: [CMS-concurrent-mark-start]
26.071: [CMS-concurrent-mark: 0.030/0.030 secs] [Times: user=0.07 sys=0.00, real=0.03 secs] 
26.071: [CMS-concurrent-preclean-start]
26.109: [CMS-concurrent-preclean: 0.038/0.038 secs] [Times: user=0.08 sys=0.00, real=0.04 secs] 
26.109: [CMS-concurrent-abortable-preclean-start]
26.109: [CMS-concurrent-abortable-preclean: 0.000/0.000 secs] [Times: user=0.00 sys=0.00, real=0.00 secs] 
26.109: Application time: 0.0683730 seconds
26.109: [GC[YG occupancy: 27969 K (49152 K)]26.109: [Rescan (parallel) , 0.0206020 secs]26.130: [weak refs processing, 0.0000090 secs]26.130: [scrub string table, 0.0001820 secs] [1 CMS-remark: 111285K(111296K)] 139254K(160448K), 0.0208350 secs] [Times: user=0.16 sys=0.01, real=0.02 secs] 
26.130: Total time for which application threads were stopped: 0.0210440 seconds, Stopping threads took: 0.0000110 seconds
26.130: [CMS-concurrent-sweep-start]
26.143: [CMS-concurrent-sweep: 0.013/0.013 secs] [Times: user=0.02 sys=0.00, real=0.01 secs] 
26.143: [CMS-concurrent-reset-start]
26.143: [CMS-concurrent-reset: 0.000/0.000 secs] [Times: user=0.00 sys=0.00, real=0.00 secs] 
26.234: Application time: 0.1042210 seconds
26.235: [GC26.235: [ParNew: 49151K->49151K(49152K), 0.0000130 secs]26.235: [CMS: 111285K->111285K(111296K), 0.1164840 secs] 160437K->127918K(160448K), [CMS Perm : 12742K->12742K(21248K)], 0.1165400 secs] [Times: user=0.12 sys=0.00, real=0.12 secs] 
26.351: Total time for which application threads were stopped: 0.1168400 seconds, Stopping threads took: 0.0000120 seconds
26.351: Application time: 0.0000630 seconds
26.351: [GC [1 CMS-initial-mark: 111285K(111296K)] 128590K(160448K), 0.0033970 secs] [Times: user=0.00 sys=0.00, real=0.00 secs] 
26.355: Total time for which application threads were stopped: 0.0035730 seconds, Stopping threads took: 0.0000120 seconds
26.355: [CMS-concurrent-mark-start]
26.385: [CMS-concurrent-mark: 0.030/0.030 secs] [Times: user=0.07 sys=0.00, real=0.03 secs] 
26.385: [CMS-concurrent-preclean-start]
26.423: [CMS-concurrent-preclean: 0.038/0.038 secs] [Times: user=0.06 sys=0.00, real=0.04 secs] 
26.423: [CMS-concurrent-abortable-preclean-start]
26.423: [CMS-concurrent-abortable-preclean: 0.000/0.000 secs] [Times: user=0.00 sys=0.00, real=0.00 secs] 
26.423: Application time: 0.0679130 seconds
26.423: [GC[YG occupancy: 30166 K (49152 K)]26.423: [Rescan (parallel) , 0.0210280 secs]26.444: [weak refs processing, 0.0000090 secs]26.444: [scrub string table, 0.0001400 secs] [1 CMS-remark: 111285K(111296K)] 141452K(160448K), 0.0212330 secs] [Times: user=0.16 sys=0.00, real=0.02 secs] 
26.444: Total time for which application threads were stopped: 0.0214370 seconds, Stopping threads took: 0.0000130 seconds
26.444: [CMS-concurrent-sweep-start]
26.457: [CMS-concurrent-sweep: 0.013/0.013 secs] [Times: user=0.02 sys=0.00, real=0.01 secs] 
26.457: [CMS-concurrent-reset-start]
26.457: [CMS-concurrent-reset: 0.000/0.000 secs] [Times: user=0.00 sys=0.00, real=0.00 secs] 
26.540: Application time: 0.0963110 seconds
26.541: [GC26.541: [ParNew: 49150K->49150K(49152K), 0.0000120 secs]26.541: [CMS: 111285K->111285K(111296K), 0.0894380 secs] 160436K->129824K(160448K), [CMS Perm : 12742K->12742K(21248K)], 0.0894930 secs] [Times: user=0.09 sys=0.00, real=0.09 secs] 
26.630: Total time for which application threads were stopped: 0.0897500 seconds, Stopping threads took: 0.0000120 seconds
26.630: Application time: 0.0000380 seconds
26.630: [GC [1 CMS-initial-mark: 111285K(111296K)] 130455K(160448K), 0.0033290 secs] [Times: user=0.00 sys=0.00, real=0.00 secs] 
26.634: Total time for which application threads were stopped: 0.0035080 seconds, Stopping threads took: 0.0000170 seconds
26.634: [CMS-concurrent-mark-start]
26.664: [CMS-concurrent-mark: 0.030/0.030 secs] [Times: user=0.07 sys=0.00, real=0.03 secs] 
26.664: [CMS-concurrent-preclean-start]
26.702: [CMS-concurrent-preclean: 0.038/0.038 secs] [Times: user=0.06 sys=0.00, real=0.04 secs] 
26.702: [CMS-concurrent-abortable-preclean-start]
26.702: [CMS-concurrent-abortable-preclean: 0.000/0.000 secs] [Times: user=0.00 sys=0.00, real=0.00 secs] 
26.702: Application time: 0.0682300 seconds
26.702: [GC[YG occupancy: 36199 K (49152 K)]26.702: [Rescan (parallel) , 0.0273540 secs]26.730: [weak refs processing, 0.0000100 secs]26.730: [scrub string table, 0.0001800 secs] [1 CMS-remark: 111285K(111296K)] 147484K(160448K), 0.0276000 secs] [Times: user=0.21 sys=0.00, real=0.03 secs] 
26.730: Total time for which application threads were stopped: 0.0278300 seconds, Stopping threads took: 0.0000230 seconds
26.730: [CMS-concurrent-sweep-start]
26.742: [CMS-concurrent-sweep: 0.012/0.012 secs] [Times: user=0.02 sys=0.00, real=0.01 secs] 
26.742: [CMS-concurrent-reset-start]
26.742: [CMS-concurrent-reset: 0.000/0.000 secs] [Times: user=0.00 sys=0.00, real=0.00 secs] 
26.809: Application time: 0.0794300 seconds
26.810: [GC26.810: [ParNew: 49151K->49151K(49152K), 0.0000130 secs]26.810: [CMS: 111285K->111285K(111296K), 0.1017660 secs] 160437K->131970K(160448K), [CMS Perm : 12743K->12743K(21248K)], 0.1018230 secs] [Times: user=0.10 sys=0.00, real=0.10 secs] 
26.911: Total time for which application threads were stopped: 0.1021100 seconds, Stopping threads took: 0.0000120 seconds
26.911: Application time: 0.0000620 seconds
26.912: [GC [1 CMS-initial-mark: 111285K(111296K)] 132555K(160448K), 0.0036440 secs] [Times: user=0.00 sys=0.00, real=0.00 secs] 
26.915: Total time for which application threads were stopped: 0.0038340 seconds, Stopping threads took: 0.0000250 seconds
26.915: [CMS-concurrent-mark-start]
26.945: [CMS-concurrent-mark: 0.030/0.030 secs] [Times: user=0.08 sys=0.00, real=0.03 secs] 
26.945: [CMS-concurrent-preclean-start]
26.983: [CMS-concurrent-preclean: 0.038/0.038 secs] [Times: user=0.06 sys=0.00, real=0.04 secs] 
26.983: [CMS-concurrent-abortable-preclean-start]
26.983: [CMS-concurrent-abortable-preclean: 0.000/0.000 secs] [Times: user=0.00 sys=0.00, real=0.00 secs] 
26.983: Application time: 0.0678400 seconds
26.983: [GC[YG occupancy: 35976 K (49152 K)]26.983: [Rescan (parallel) , 0.0241570 secs]27.007: [weak refs processing, 0.0000100 secs]27.007: [scrub string table, 0.0001810 secs] [1 CMS-remark: 111285K(111296K)] 147262K(160448K), 0.0243890 secs] [Times: user=0.19 sys=0.00, real=0.03 secs] 
27.008: Total time for which application threads were stopped: 0.0245960 seconds, Stopping threads took: 0.0000110 seconds
27.008: [CMS-concurrent-sweep-start]
27.020: [CMS-concurrent-sweep: 0.013/0.013 secs] [Times: user=0.02 sys=0.00, real=0.01 secs] 
27.020: [CMS-concurrent-reset-start]
27.020: [CMS-concurrent-reset: 0.000/0.000 secs] [Times: user=0.00 sys=0.00, real=0.00 secs] 
27.067: Application time: 0.0589210 seconds
27.067: [GC27.067: [ParNew: 49150K->49150K(49152K), 0.0000130 secs]27.067: [CMS: 111285K->111285K(111296K), 0.0964510 secs] 160436K->133763K(160448K), [CMS Perm : 12744K->12744K(21248K)], 0.0965070 secs] [Times: user=0.10 sys=0.00, real=0.09 secs] 
27.163: Total time for which application threads were stopped: 0.0967520 seconds, Stopping threads took: 0.0000120 seconds
27.163: Application time: 0.0000640 seconds
27.164: [GC [1 CMS-initial-mark: 111285K(111296K)] 134310K(160448K), 0.0040740 secs] [Times: user=0.00 sys=0.00, real=0.01 secs] 
27.168: Total time for which application threads were stopped: 0.0042540 seconds, Stopping threads took: 0.0000130 seconds
27.168: [CMS-concurrent-mark-start]
27.203: [CMS-concurrent-mark: 0.035/0.035 secs] [Times: user=0.08 sys=0.00, real=0.03 secs] 
27.203: [CMS-concurrent-preclean-start]
27.207: Application time: 0.0389460 seconds
27.207: Total time for which application threads were stopped: 0.0001860 seconds, Stopping threads took: 0.0000110 seconds
27.241: [CMS-concurrent-preclean: 0.038/0.039 secs] [Times: user=0.07 sys=0.00, real=0.04 secs] 
27.241: [CMS-concurrent-abortable-preclean-start]
27.241: [CMS-concurrent-abortable-preclean: 0.000/0.000 secs] [Times: user=0.00 sys=0.00, real=0.00 secs] 
27.242: Application time: 0.0346980 seconds
27.242: [GC[YG occupancy: 35654 K (49152 K)]27.242: [Rescan (parallel) , 0.0226250 secs]27.264: [weak refs processing, 0.0000090 secs]27.264: [scrub string table, 0.0001420 secs] [1 CMS-remark: 111285K(111296K)] 146940K(160448K), 0.0228200 secs] [Times: user=0.18 sys=0.00, real=0.02 secs] 
27.265: Total time for which application threads were stopped: 0.0230150 seconds, Stopping threads took: 0.0000140 seconds
27.265: [CMS-concurrent-sweep-start]
27.277: [CMS-concurrent-sweep: 0.013/0.013 secs] [Times: user=0.02 sys=0.00, real=0.01 secs] 
27.277: [CMS-concurrent-reset-start]
27.277: [CMS-concurrent-reset: 0.000/0.000 secs] [Times: user=0.00 sys=0.00, real=0.00 secs] 
27.334: Application time: 0.0698030 seconds
27.335: [GC27.335: [ParNew: 49152K->49152K(49152K), 0.0000130 secs]27.335: [CMS: 111285K->111285K(111296K), 0.0965160 secs] 160437K->135615K(160448K), [CMS Perm : 12744K->12744K(21248K)], 0.0965730 secs] [Times: user=0.09 sys=0.00, real=0.10 secs] 
27.431: Total time for which application threads were stopped: 0.0968660 seconds, Stopping threads took: 0.0000130 seconds
27.431: Application time: 0.0000740 seconds
27.431: [GC [1 CMS-initial-mark: 111285K(111296K)] 136117K(160448K), 0.0045990 secs] [Times: user=0.01 sys=0.00, real=0.00 secs] 
27.436: Total time for which application threads were stopped: 0.0047750 seconds, Stopping threads took: 0.0000100 seconds
27.436: [CMS-concurrent-mark-start]
27.466: [CMS-concurrent-mark: 0.030/0.030 secs] [Times: user=0.07 sys=0.00, real=0.03 secs] 
27.466: [CMS-concurrent-preclean-start]
27.507: [CMS-concurrent-preclean: 0.041/0.041 secs] [Times: user=0.05 sys=0.01, real=0.05 secs] 
27.507: [CMS-concurrent-abortable-preclean-start]
27.507: [CMS-concurrent-abortable-preclean: 0.000/0.000 secs] [Times: user=0.00 sys=0.00, real=0.00 secs] 
27.507: Application time: 0.0712620 seconds
27.508: [GC[YG occupancy: 38251 K (49152 K)]27.508: [Rescan (parallel) , 0.0235900 secs]27.531: [weak refs processing, 0.0000160 secs]27.531: [scrub string table, 0.0001800 secs] [1 CMS-remark: 111285K(111296K)] 149536K(160448K), 0.0238300 secs] [Times: user=0.19 sys=0.00, real=0.02 secs] 
27.531: Total time for which application threads were stopped: 0.0241350 seconds, Stopping threads took: 0.0000670 seconds
27.532: [CMS-concurrent-sweep-start]
27.544: [CMS-concurrent-sweep: 0.012/0.012 secs] [Times: user=0.02 sys=0.00, real=0.01 secs] 
27.544: [CMS-concurrent-reset-start]
27.544: [CMS-concurrent-reset: 0.000/0.000 secs] [Times: user=0.00 sys=0.00, real=0.00 secs] 
27.578: Application time: 0.0470240 seconds
27.579: [GC27.579: [ParNew: 49148K->49148K(49152K), 0.0000130 secs]27.579: [CMS: 111285K->111265K(111296K), 0.1197840 secs] 160433K->137028K(160448K), [CMS Perm : 12744K->12744K(21248K)], 0.1198390 secs] [Times: user=0.12 sys=0.00, real=0.12 secs] 
27.699: Total time for which application threads were stopped: 0.1201030 seconds, Stopping threads took: 0.0000160 seconds
27.699: Application time: 0.0000650 seconds
27.699: [GC [1 CMS-initial-mark: 111265K(111296K)] 137494K(160448K), 0.0048260 secs] [Times: user=0.01 sys=0.00, real=0.00 secs] 
27.704: Total time for which application threads were stopped: 0.0051010 seconds, Stopping threads took: 0.0001010 seconds
27.704: [CMS-concurrent-mark-start]
27.736: [CMS-concurrent-mark: 0.032/0.032 secs] [Times: user=0.08 sys=0.00, real=0.03 secs] 
27.736: [CMS-concurrent-preclean-start]
27.773: [CMS-concurrent-preclean: 0.038/0.038 secs] [Times: user=0.06 sys=0.00, real=0.04 secs] 
27.773: [CMS-concurrent-abortable-preclean-start]
27.773: [CMS-concurrent-abortable-preclean: 0.000/0.000 secs] [Times: user=0.00 sys=0.00, real=0.00 secs] 
27.773: Application time: 0.0693870 seconds
27.773: [GC[YG occupancy: 42952 K (49152 K)]27.773: [Rescan (parallel) , 0.0291360 secs]27.802: [weak refs processing, 0.0000090 secs]27.803: [scrub string table, 0.0001440 secs] [1 CMS-remark: 111265K(111296K)] 154217K(160448K), 0.0293330 secs] [Times: user=0.22 sys=0.00, real=0.03 secs] 
27.803: Total time for which application threads were stopped: 0.0295110 seconds, Stopping threads took: 0.0000120 seconds
27.803: [CMS-concurrent-sweep-start]
27.815: [CMS-concurrent-sweep: 0.012/0.012 secs] [Times: user=0.02 sys=0.01, real=0.01 secs] 
27.815: [CMS-concurrent-reset-start]
27.815: [CMS-concurrent-reset: 0.000/0.000 secs] [Times: user=0.00 sys=0.00, real=0.00 secs] 
27.839: Application time: 0.0359860 seconds
27.839: [GC27.839: [ParNew: 49152K->49152K(49152K), 0.0000140 secs]27.839: [CMS: 111265K->111264K(111296K), 0.1192970 secs] 160417K->137991K(160448K), [CMS Perm : 12744K->12744K(21248K)], 0.1193540 secs] [Times: user=0.11 sys=0.00, real=0.11 secs] 
27.958: Total time for which application threads were stopped: 0.1196350 seconds, Stopping threads took: 0.0000220 seconds
27.958: Application time: 0.0000560 seconds
27.959: [GC [1 CMS-initial-mark: 111264K(111296K)] 138416K(160448K), 0.0044860 secs] [Times: user=0.00 sys=0.00, real=0.00 secs] 
27.963: Total time for which application threads were stopped: 0.0047150 seconds, Stopping threads took: 0.0000340 seconds
27.963: [CMS-concurrent-mark-start]
27.998: [CMS-concurrent-mark: 0.032/0.034 secs] [Times: user=0.08 sys=0.00, real=0.03 secs] 
27.998: [CMS-concurrent-preclean-start]
28.035: [CMS-concurrent-preclean: 0.037/0.037 secs] [Times: user=0.05 sys=0.00, real=0.04 secs] 
28.035: [CMS-concurrent-abortable-preclean-start]
28.035: [CMS-concurrent-abortable-preclean: 0.000/0.000 secs] [Times: user=0.00 sys=0.00, real=0.00 secs] 
28.035: Application time: 0.0719990 seconds
28.035: [GC[YG occupancy: 42105 K (49152 K)]28.035: [Rescan (parallel) , 0.0264060 secs]28.062: [weak refs processing, 0.0003320 secs]28.062: [scrub string table, 0.0001810 secs] [1 CMS-remark: 111264K(111296K)] 153370K(160448K), 0.0269610 secs] [Times: user=0.21 sys=0.00, real=0.03 secs] 
28.062: Total time for which application threads were stopped: 0.0271810 seconds, Stopping threads took: 0.0000220 seconds
28.062: [CMS-concurrent-sweep-start]
28.075: [CMS-concurrent-sweep: 0.012/0.012 secs] [Times: user=0.01 sys=0.00, real=0.01 secs] 
28.075: [CMS-concurrent-reset-start]
28.075: [CMS-concurrent-reset: 0.000/0.000 secs] [Times: user=0.00 sys=0.00, real=0.00 secs] 
28.108: Application time: 0.0453880 seconds
28.108: [GC28.108: [ParNew: 49152K->49152K(49152K), 0.0000120 secs]28.108: [CMS: 111264K->111264K(111296K), 0.0985600 secs] 160416K->139539K(160448K), [CMS Perm : 12745K->12745K(21248K)], 0.0986170 secs] [Times: user=0.10 sys=0.00, real=0.09 secs] 
28.207: Total time for which application threads were stopped: 0.0988590 seconds, Stopping threads took: 0.0000120 seconds
28.207: Application time: 0.0000820 seconds
28.207: [GC [1 CMS-initial-mark: 111264K(111296K)] 139934K(160448K), 0.0050310 secs] [Times: user=0.00 sys=0.00, real=0.00 secs] 
28.212: Total time for which application threads were stopped: 0.0052270 seconds, Stopping threads took: 0.0000230 seconds
28.212: [CMS-concurrent-mark-start]
28.244: [CMS-concurrent-mark: 0.033/0.033 secs] [Times: user=0.08 sys=0.01, real=0.03 secs] 
28.244: [CMS-concurrent-preclean-start]
28.282: [CMS-concurrent-preclean: 0.038/0.038 secs] [Times: user=0.06 sys=0.00, real=0.04 secs] 
28.282: [CMS-concurrent-abortable-preclean-start]
28.282: [CMS-concurrent-abortable-preclean: 0.000/0.000 secs] [Times: user=0.00 sys=0.00, real=0.00 secs] 
28.282: Application time: 0.0703740 seconds
28.282: [GC[YG occupancy: 44372 K (49152 K)]28.282: [Rescan (parallel) , 0.0271010 secs]28.310: [weak refs processing, 0.0000090 secs]28.310: [scrub string table, 0.0001440 secs] [1 CMS-remark: 111264K(111296K)] 155637K(160448K), 0.0272970 secs] [Times: user=0.21 sys=0.00, real=0.03 secs] 
28.310: Total time for which application threads were stopped: 0.0275120 seconds, Stopping threads took: 0.0000200 seconds
28.310: [CMS-concurrent-sweep-start]
28.322: [CMS-concurrent-sweep: 0.012/0.012 secs] [Times: user=0.02 sys=0.00, real=0.01 secs] 
28.322: [CMS-concurrent-reset-start]
28.322: [CMS-concurrent-reset: 0.000/0.000 secs] [Times: user=0.00 sys=0.00, real=0.00 secs] 
28.339: Application time: 0.0292820 seconds
28.339: [GC28.339: [ParNew: 49148K->49148K(49152K), 0.0000130 secs]28.339: [CMS: 111264K->111265K(111296K), 0.1283460 secs] 160413K->140384K(160448K), [CMS Perm : 12745K->12742K(21248K)], 0.1284000 secs] [Times: user=0.13 sys=0.00, real=0.13 secs] 
28.468: Total time for which application threads were stopped: 0.1286210 seconds, Stopping threads took: 0.0000130 seconds
28.468: Application time: 0.0000630 seconds
28.468: [GC [1 CMS-initial-mark: 111265K(111296K)] 140753K(160448K), 0.0052330 secs] [Times: user=0.01 sys=0.00, real=0.00 secs] 
28.473: Total time for which application threads were stopped: 0.0054610 seconds, Stopping threads took: 0.0000290 seconds
28.473: [CMS-concurrent-mark-start]
28.506: [CMS-concurrent-mark: 0.033/0.033 secs] [Times: user=0.08 sys=0.00, real=0.03 secs] 
28.506: [CMS-concurrent-preclean-start]
28.543: [CMS-concurrent-preclean: 0.037/0.037 secs] [Times: user=0.06 sys=0.00, real=0.04 secs] 
28.543: [CMS-concurrent-abortable-preclean-start]
28.543: [CMS-concurrent-abortable-preclean: 0.000/0.000 secs] [Times: user=0.00 sys=0.00, real=0.00 secs] 
28.543: Application time: 0.0701820 seconds
28.544: [GC[YG occupancy: 44207 K (49152 K)]28.544: [Rescan (parallel) , 0.0262440 secs]28.570: [weak refs processing, 0.0000090 secs]28.570: [scrub string table, 0.0001420 secs] [1 CMS-remark: 111265K(111296K)] 155473K(160448K), 0.0264470 secs] [Times: user=0.19 sys=0.01, real=0.03 secs] 
28.570: Total time for which application threads were stopped: 0.0266650 seconds, Stopping threads took: 0.0000200 seconds
28.570: [CMS-concurrent-sweep-start]
28.582: [CMS-concurrent-sweep: 0.012/0.012 secs] [Times: user=0.02 sys=0.00, real=0.01 secs] 
28.582: [CMS-concurrent-reset-start]
28.583: [CMS-concurrent-reset: 0.000/0.000 secs] [Times: user=0.00 sys=0.00, real=0.00 secs] 
28.604: Application time: 0.0340370 seconds
28.604: [GC28.604: [ParNew: 49150K->49150K(49152K), 0.0000120 secs]28.604: [CMS: 111265K->111265K(111296K), 0.0947330 secs] 160416K->141826K(160448K), [CMS Perm : 12742K->12742K(21248K)], 0.0947880 secs] [Times: user=0.09 sys=0.00, real=0.10 secs] 
28.699: Total time for which application threads were stopped: 0.0950410 seconds, Stopping threads took: 0.0000120 seconds
28.699: Application time: 0.0000680 seconds
28.699: [GC [1 CMS-initial-mark: 111265K(111296K)] 142168K(160448K), 0.0054570 secs] [Times: user=0.01 sys=0.00, real=0.00 secs] 
28.705: Total time for which application threads were stopped: 0.0056980 seconds, Stopping threads took: 0.0000490 seconds
28.705: [CMS-concurrent-mark-start]
28.736: [CMS-concurrent-mark: 0.031/0.031 secs] [Times: user=0.07 sys=0.00, real=0.03 secs] 
28.736: [CMS-concurrent-preclean-start]
28.773: [CMS-concurrent-preclean: 0.037/0.037 secs] [Times: user=0.06 sys=0.00, real=0.04 secs] 
28.773: [CMS-concurrent-abortable-preclean-start]
28.773: [CMS-concurrent-abortable-preclean: 0.000/0.000 secs] [Times: user=0.00 sys=0.00, real=0.00 secs] 
28.773: Application time: 0.0682050 seconds
28.773: [GC[YG occupancy: 45817 K (49152 K)]28.773: [Rescan (parallel) , 0.0245030 secs]28.798: [weak refs processing, 0.0000090 secs]28.798: [scrub string table, 0.0001410 secs] [1 CMS-remark: 111265K(111296K)] 157082K(160448K), 0.0246960 secs] [Times: user=0.19 sys=0.00, real=0.02 secs] 
28.798: Total time for which application threads were stopped: 0.0248950 seconds, Stopping threads took: 0.0000110 seconds
28.798: [CMS-concurrent-sweep-start]
28.810: [CMS-concurrent-sweep: 0.012/0.012 secs] [Times: user=0.02 sys=0.00, real=0.02 secs] 
28.810: [CMS-concurrent-reset-start]
28.810: [CMS-concurrent-reset: 0.000/0.000 secs] [Times: user=0.00 sys=0.00, real=0.00 secs] 
28.823: Application time: 0.0249360 seconds
28.823: [GC28.823: [ParNew: 49151K->49151K(49152K), 0.0000120 secs]28.823: [CMS: 111265K->111265K(111296K), 0.1060270 secs] 160416K->143179K(160448K), [CMS Perm : 12742K->12742K(21248K)], 0.1060810 secs] [Times: user=0.10 sys=0.00, real=0.11 secs] 
28.929: Total time for which application threads were stopped: 0.1063170 seconds, Stopping threads took: 0.0000220 seconds
28.929: Application time: 0.0000640 seconds
28.929: [GC [1 CMS-initial-mark: 111265K(111296K)] 143495K(160448K), 0.0056740 secs] [Times: user=0.01 sys=0.00, real=0.00 secs] 
28.935: Total time for which application threads were stopped: 0.0058680 seconds, Stopping threads took: 0.0000170 seconds
28.935: [CMS-concurrent-mark-start]
28.968: [CMS-concurrent-mark: 0.033/0.033 secs] [Times: user=0.08 sys=0.00, real=0.04 secs] 
28.968: [CMS-concurrent-preclean-start]
29.006: [CMS-concurrent-preclean: 0.037/0.037 secs] [Times: user=0.05 sys=0.00, real=0.03 secs] 
29.006: [CMS-concurrent-abortable-preclean-start]
29.006: [CMS-concurrent-abortable-preclean: 0.000/0.000 secs] [Times: user=0.00 sys=0.00, real=0.00 secs] 
29.006: Application time: 0.0705860 seconds
29.006: [GC[YG occupancy: 47051 K (49152 K)]29.006: [Rescan (parallel) , 0.0231420 secs]29.029: [weak refs processing, 0.0000100 secs]29.029: [scrub string table, 0.0001840 secs] [1 CMS-remark: 111265K(111296K)] 158316K(160448K), 0.0233770 secs] [Times: user=0.18 sys=0.00, real=0.03 secs] 
29.029: Total time for which application threads were stopped: 0.0236300 seconds, Stopping threads took: 0.0000260 seconds
29.029: [CMS-concurrent-sweep-start]
29.041: [CMS-concurrent-sweep: 0.011/0.011 secs] [Times: user=0.02 sys=0.00, real=0.01 secs] 
29.041: [CMS-concurrent-reset-start]
29.041: [CMS-concurrent-reset: 0.000/0.000 secs] [Times: user=0.00 sys=0.00, real=0.00 secs] 
29.045: Application time: 0.0152840 seconds
29.045: [GC29.045: [ParNew: 49151K->49151K(49152K), 0.0000110 secs]29.045: [CMS: 111265K->111265K(111296K), 0.1045950 secs] 160417K->144311K(160448K), [CMS Perm : 12742K->12742K(21248K)], 0.1046510 secs] [Times: user=0.11 sys=0.00, real=0.11 secs] 
29.150: Total time for which application threads were stopped: 0.1048620 seconds, Stopping threads took: 0.0000210 seconds
29.150: Application time: 0.0000660 seconds
29.150: [GC [1 CMS-initial-mark: 111265K(111296K)] 144598K(160448K), 0.0058820 secs] [Times: user=0.01 sys=0.00, real=0.00 secs] 
29.156: Total time for which application threads were stopped: 0.0060870 seconds, Stopping threads took: 0.0000120 seconds
29.156: [CMS-concurrent-mark-start]
29.189: [CMS-concurrent-mark: 0.033/0.033 secs] [Times: user=0.08 sys=0.00, real=0.04 secs] 
29.189: [CMS-concurrent-preclean-start]
29.226: [CMS-concurrent-preclean: 0.038/0.038 secs] [Times: user=0.07 sys=0.00, real=0.03 secs] 
29.226: [CMS-concurrent-abortable-preclean-start]
29.226: [CMS-concurrent-abortable-preclean: 0.000/0.000 secs] [Times: user=0.00 sys=0.00, real=0.00 secs] 
29.226: Application time: 0.0708160 seconds
29.227: [GC[YG occupancy: 49021 K (49152 K)]29.227: [Rescan (parallel) , 0.0229820 secs]29.250: [weak refs processing, 0.0000100 secs]29.250: [scrub string table, 0.0001400 secs] [1 CMS-remark: 111265K(111296K)] 160287K(160448K), 0.0231860 secs] [Times: user=0.17 sys=0.01, real=0.02 secs] 
29.250: Total time for which application threads were stopped: 0.0233880 seconds, Stopping threads took: 0.0000110 seconds
29.250: [CMS-concurrent-sweep-start]
29.251: Application time: 0.0007030 seconds
29.251: [Full GC29.251: [CMS29.261: [CMS-concurrent-sweep: 0.011/0.011 secs] [Times: user=0.01 sys=0.00, real=0.01 secs] 
 (concurrent mode failure): 111267K->111267K(111296K), 0.1049480 secs] 160419K->145168K(160448K), [CMS Perm : 12742K->12742K(21248K)], 0.1049850 secs] [Times: user=0.11 sys=0.00, real=0.10 secs] 
29.356: Total time for which application threads were stopped: 0.1051420 seconds, Stopping threads took: 0.0000060 seconds
29.430: Application time: 0.0741230 seconds
29.430: [Full GC29.430: [CMS: 111275K->111273K(111296K), 0.0959470 secs] 160427K->146023K(160448K), [CMS Perm : 12742K->12742K(21248K)], 0.0959890 secs] [Times: user=0.10 sys=0.00, real=0.09 secs] 
29.526: Total time for which application threads were stopped: 0.0962580 seconds, Stopping threads took: 0.0000130 seconds
29.526: Application time: 0.0000560 seconds
29.526: [GC [1 CMS-initial-mark: 111273K(111296K)] 146265K(160448K), 0.0056000 secs] [Times: user=0.00 sys=0.00, real=0.01 secs] 
29.532: Total time for which application threads were stopped: 0.0058190 seconds, Stopping threads took: 0.0000120 seconds
29.532: [CMS-concurrent-mark-start]
29.552: Application time: 0.0200700 seconds
29.552: Total time for which application threads were stopped: 0.0001660 seconds, Stopping threads took: 0.0000100 seconds
29.567: [CMS-concurrent-mark: 0.034/0.035 secs] [Times: user=0.10 sys=0.00, real=0.04 secs] 
29.567: [CMS-concurrent-preclean-start]
29.605: [CMS-concurrent-preclean: 0.038/0.038 secs] [Times: user=0.05 sys=0.01, real=0.03 secs] 
29.605: [CMS-concurrent-abortable-preclean-start]
29.605: [CMS-concurrent-abortable-preclean: 0.000/0.000 secs] [Times: user=0.00 sys=0.00, real=0.00 secs] 
29.605: Application time: 0.0527780 seconds
29.605: [GC[YG occupancy: 47125 K (49152 K)]29.605: [Rescan (parallel) , 0.0204170 secs]29.626: [weak refs processing, 0.0000080 secs]29.626: [scrub string table, 0.0001420 secs] [1 CMS-remark: 111273K(111296K)] 158399K(160448K), 0.0206050 secs] [Times: user=0.16 sys=0.00, real=0.02 secs] 
29.626: Total time for which application threads were stopped: 0.0207960 seconds, Stopping threads took: 0.0000130 seconds
29.626: [CMS-concurrent-sweep-start]
29.637: [CMS-concurrent-sweep: 0.011/0.011 secs] [Times: user=0.02 sys=0.00, real=0.01 secs] 
29.637: [CMS-concurrent-reset-start]
29.637: [CMS-concurrent-reset: 0.000/0.000 secs] [Times: user=0.00 sys=0.00, real=0.00 secs] 
29.662: Application time: 0.0366830 seconds
29.663: [GC29.663: [ParNew: 49150K->49150K(49152K), 0.0000120 secs]29.663: [CMS: 111266K->111265K(111296K), 0.0976380 secs] 160416K->147161K(160448K), [CMS Perm : 12742K->12742K(21248K)], 0.0976930 secs] [Times: user=0.10 sys=0.00, real=0.10 secs] 
29.760: Total time for which application threads were stopped: 0.0979200 seconds, Stopping threads took: 0.0000120 seconds
29.760: Application time: 0.0000570 seconds
29.761: [GC [1 CMS-initial-mark: 111265K(111296K)] 147381K(160448K), 0.0062320 secs] [Times: user=0.01 sys=0.00, real=0.01 secs] 
29.767: Total time for which application threads were stopped: 0.0064260 seconds, Stopping threads took: 0.0000090 seconds
29.767: [CMS-concurrent-mark-start]
29.797: [CMS-concurrent-mark: 0.030/0.030 secs] [Times: user=0.08 sys=0.00, real=0.02 secs] 
29.797: [CMS-concurrent-preclean-start]
29.840: Application time: 0.0733950 seconds
29.840: [Full GC29.840: [CMS29.850: [CMS-concurrent-preclean: 0.052/0.052 secs] [Times: user=0.08 sys=0.00, real=0.06 secs] 
 (concurrent mode failure): 111284K->111284K(111296K), 0.1013320 secs] 160436K->148093K(160448K), [CMS Perm : 12742K->12742K(21248K)], 0.1013730 secs] [Times: user=0.10 sys=0.00, real=0.10 secs] 
29.942: Total time for which application threads were stopped: 0.1016110 seconds, Stopping threads took: 0.0000120 seconds
30.012: Application time: 0.0697810 seconds
30.012: [Full GC30.012: [CMS: 111295K->111271K(111296K), 0.0954460 secs] 160447K->148994K(160448K), [CMS Perm : 12742K->12742K(21248K)], 0.0954860 secs] [Times: user=0.10 sys=0.00, real=0.10 secs] 
30.107: Total time for which application threads were stopped: 0.0957520 seconds, Stopping threads took: 0.0000120 seconds
30.107: Application time: 0.0000560 seconds
30.108: [GC [1 CMS-initial-mark: 111271K(111296K)] 149175K(160448K), 0.0065510 secs] [Times: user=0.00 sys=0.00, real=0.00 secs] 
30.114: Total time for which application threads were stopped: 0.0067620 seconds, Stopping threads took: 0.0000250 seconds
30.114: [CMS-concurrent-mark-start]
30.145: [CMS-concurrent-mark: 0.030/0.030 secs] [Times: user=0.08 sys=0.00, real=0.03 secs] 
30.145: [CMS-concurrent-preclean-start]
30.168: Application time: 0.0535180 seconds
30.168: [Full GC30.168: [CMS30.183: [CMS-concurrent-preclean: 0.039/0.039 secs] [Times: user=0.05 sys=0.00, real=0.04 secs] 
 (concurrent mode failure): 111274K->111268K(111296K), 0.1110080 secs] 160426K->149792K(160448K), [CMS Perm : 12742K->12742K(21248K)], 0.1110500 secs] [Times: user=0.11 sys=0.00, real=0.11 secs] 
30.279: Total time for which application threads were stopped: 0.1112760 seconds, Stopping threads took: 0.0000100 seconds
30.338: Application time: 0.0591710 seconds
30.338: [Full GC30.338: [CMS: 111276K->111273K(111296K), 0.0933780 secs] 160428K->150541K(160448K), [CMS Perm : 12742K->12742K(21248K)], 0.0934170 secs] [Times: user=0.09 sys=0.00, real=0.10 secs] 
30.432: Total time for which application threads were stopped: 0.0936840 seconds, Stopping threads took: 0.0000120 seconds
30.432: Application time: 0.0000480 seconds
30.432: [GC [1 CMS-initial-mark: 111273K(111296K)] 150683K(160448K), 0.0063110 secs] [Times: user=0.01 sys=0.00, real=0.00 secs] 
30.438: Total time for which application threads were stopped: 0.0065120 seconds, Stopping threads took: 0.0000250 seconds
30.438: [CMS-concurrent-mark-start]
30.471: [CMS-concurrent-mark: 0.033/0.033 secs] [Times: user=0.08 sys=0.00, real=0.04 secs] 
30.471: [CMS-concurrent-preclean-start]
30.495: Application time: 0.0567300 seconds
30.495: [Full GC30.495: [CMS30.510: [CMS-concurrent-preclean: 0.039/0.039 secs] [Times: user=0.06 sys=0.00, real=0.04 secs] 
 (concurrent mode failure): 111285K->111270K(111296K), 0.1098620 secs] 160437K->151273K(160448K), [CMS Perm : 12742K->12742K(21248K)], 0.1099100 secs] [Times: user=0.11 sys=0.00, real=0.11 secs] 
30.605: Total time for which application threads were stopped: 0.1101310 seconds, Stopping threads took: 0.0000120 seconds
30.666: Application time: 0.0603410 seconds
30.666: [Full GC30.666: [CMS: 111276K->111272K(111296K), 0.0942410 secs] 160428K->151962K(160448K), [CMS Perm : 12742K->12742K(21248K)], 0.0942820 secs] [Times: user=0.10 sys=0.00, real=0.10 secs] 
30.760: Total time for which application threads were stopped: 0.0945570 seconds, Stopping threads took: 0.0000120 seconds
30.760: Application time: 0.0000640 seconds
30.760: [GC [1 CMS-initial-mark: 111272K(111296K)] 152068K(160448K), 0.0070240 secs] [Times: user=0.01 sys=0.00, real=0.01 secs] 
30.767: Total time for which application threads were stopped: 0.0072070 seconds, Stopping threads took: 0.0000120 seconds
30.768: [CMS-concurrent-mark-start]
30.798: [CMS-concurrent-mark: 0.030/0.030 secs] [Times: user=0.07 sys=0.00, real=0.02 secs] 
30.798: [CMS-concurrent-preclean-start]
30.812: Application time: 0.0449750 seconds
30.813: [Full GC30.813: [CMS30.837: [CMS-concurrent-preclean: 0.039/0.039 secs] [Times: user=0.05 sys=0.00, real=0.04 secs] 
 (concurrent mode failure): 111275K->111268K(111296K), 0.1229180 secs] 160427K->152518K(160448K), [CMS Perm : 12742K->12742K(21248K)], 0.1229600 secs] [Times: user=0.12 sys=0.00, real=0.12 secs] 
30.936: Total time for which application threads were stopped: 0.1231690 seconds, Stopping threads took: 0.0000110 seconds
30.974: Application time: 0.0381560 seconds
30.974: [Full GC30.974: [CMS: 111270K->111268K(111296K), 0.0978830 secs] 160422K->152736K(160448K), [CMS Perm : 12742K->12742K(21248K)], 0.0979270 secs] [Times: user=0.10 sys=0.00, real=0.10 secs] 
31.072: Total time for which application threads were stopped: 0.0981900 seconds, Stopping threads took: 0.0000110 seconds
31.072: Application time: 0.0000420 seconds
31.072: [GC [1 CMS-initial-mark: 111268K(111296K)] 152812K(160448K), 0.0065970 secs] [Times: user=0.00 sys=0.00, real=0.01 secs] 
31.079: Total time for which application threads were stopped: 0.0068250 seconds, Stopping threads took: 0.0000200 seconds
31.079: [CMS-concurrent-mark-start]
31.110: [CMS-concurrent-mark: 0.031/0.031 secs] [Times: user=0.08 sys=0.00, real=0.03 secs] 
31.110: [CMS-concurrent-preclean-start]
31.123: Application time: 0.0441120 seconds
31.123: [Full GC31.123: [CMS31.150: [CMS-concurrent-preclean: 0.040/0.040 secs] [Times: user=0.05 sys=0.00, real=0.04 secs] 
 (concurrent mode failure): 111278K->111268K(111296K), 0.1245680 secs] 160430K->153021K(160448K), [CMS Perm : 12742K->12742K(21248K)], 0.1246120 secs] [Times: user=0.13 sys=0.00, real=0.13 secs] 
31.248: Total time for which application threads were stopped: 0.1247870 seconds, Stopping threads took: 0.0000100 seconds
31.276: Application time: 0.0278120 seconds
31.276: [Full GC31.276: [CMS: 111295K->111269K(111296K), 0.0980880 secs] 160446K->153332K(160448K), [CMS Perm : 12742K->12742K(21248K)], 0.0981310 secs] [Times: user=0.10 sys=0.00, real=0.10 secs] 
31.374: Total time for which application threads were stopped: 0.0984040 seconds, Stopping threads took: 0.0000110 seconds
31.374: Application time: 0.0000630 seconds
31.374: [GC [1 CMS-initial-mark: 111269K(111296K)] 153386K(160448K), 0.0067170 secs] [Times: user=0.00 sys=0.00, real=0.01 secs] 
31.381: Total time for which application threads were stopped: 0.0069460 seconds, Stopping threads took: 0.0000240 seconds
31.381: [CMS-concurrent-mark-start]
31.414: [CMS-concurrent-mark: 0.033/0.033 secs] [Times: user=0.09 sys=0.00, real=0.03 secs] 
31.414: [CMS-concurrent-preclean-start]
31.425: Application time: 0.0437920 seconds
31.425: [Full GC31.425: [CMS31.454: [CMS-concurrent-preclean: 0.040/0.040 secs] [Times: user=0.05 sys=0.00, real=0.04 secs] 
 (concurrent mode failure): 111281K->111274K(111296K), 0.1269580 secs] 160433K->153594K(160448K), [CMS Perm : 12742K->12742K(21248K)], 0.1270000 secs] [Times: user=0.13 sys=0.00, real=0.13 secs] 
31.552: Total time for which application threads were stopped: 0.1271890 seconds, Stopping threads took: 0.0000100 seconds
31.579: Application time: 0.0271540 seconds
31.579: [Full GC31.579: [CMS: 111284K->111272K(111296K), 0.0983540 secs] 160436K->154013K(160448K), [CMS Perm : 12742K->12742K(21248K)], 0.0983960 secs] [Times: user=0.09 sys=0.00, real=0.09 secs] 
31.678: Total time for which application threads were stopped: 0.0986530 seconds, Stopping threads took: 0.0000120 seconds
31.678: Application time: 0.0000660 seconds
31.678: [GC [1 CMS-initial-mark: 111272K(111296K)] 154146K(160448K), 0.0068340 secs] [Times: user=0.01 sys=0.00, real=0.01 secs] 
31.685: Total time for which application threads were stopped: 0.0070600 seconds, Stopping threads took: 0.0000250 seconds
31.685: [CMS-concurrent-mark-start]
31.716: [CMS-concurrent-mark: 0.031/0.031 secs] [Times: user=0.08 sys=0.00, real=0.03 secs] 
31.716: [CMS-concurrent-preclean-start]
31.723: Application time: 0.0384720 seconds
31.724: [Full GC31.724: [CMS31.756: [CMS-concurrent-preclean: 0.040/0.040 secs] [Times: user=0.04 sys=0.00, real=0.04 secs] 
 (concurrent mode failure): 111295K->111273K(111296K), 0.1307880 secs] 160446K->154226K(160448K), [CMS Perm : 12742K->12742K(21248K)], 0.1308360 secs] [Times: user=0.13 sys=0.00, real=0.13 secs] 
31.854: Total time for which application threads were stopped: 0.1310210 seconds, Stopping threads took: 0.0000100 seconds
31.890: Application time: 0.0359890 seconds
31.891: [Full GC31.891: [CMS: 111273K->111267K(111296K), 0.0986040 secs] 160400K->154496K(160448K), [CMS Perm : 12742K->12742K(21248K)], 0.0986460 secs] [Times: user=0.10 sys=0.00, real=0.10 secs] 
31.989: Total time for which application threads were stopped: 0.0989210 seconds, Stopping threads took: 0.0000100 seconds
31.989: Application time: 0.0000660 seconds
31.990: [GC [1 CMS-initial-mark: 111267K(111296K)] 154550K(160448K), 0.0071750 secs] [Times: user=0.00 sys=0.00, real=0.00 secs] 
31.997: Total time for which application threads were stopped: 0.0073920 seconds, Stopping threads took: 0.0000100 seconds
31.997: [CMS-concurrent-mark-start]
32.027: Application time: 0.0300240 seconds
32.027: [Full GC32.027: [CMS32.030: [CMS-concurrent-mark: 0.032/0.033 secs] [Times: user=0.09 sys=0.00, real=0.04 secs] 
 (concurrent mode failure): 111273K->111273K(111296K), 0.1017250 secs] 160425K->154777K(160448K), [CMS Perm : 12742K->12742K(21248K)], 0.1017750 secs] [Times: user=0.10 sys=0.00, real=0.10 secs] 
32.129: Total time for which application threads were stopped: 0.1019680 seconds, Stopping threads took: 0.0000110 seconds
32.159: Application time: 0.0306420 seconds
32.160: [Full GC32.160: [CMS: 111283K->111269K(111296K), 0.0966320 secs] 160434K->155101K(160448K), [CMS Perm : 12742K->12742K(21248K)], 0.0966750 secs] [Times: user=0.10 sys=0.00, real=0.09 secs] 
32.256: Total time for which application threads were stopped: 0.0968820 seconds, Stopping threads took: 0.0000110 seconds
32.256: Application time: 0.0000760 seconds
32.257: [GC [1 CMS-initial-mark: 111269K(111296K)] 155123K(160448K), 0.0069710 secs] [Times: user=0.01 sys=0.00, real=0.01 secs] 
32.264: Total time for which application threads were stopped: 0.0071950 seconds, Stopping threads took: 0.0000190 seconds
32.264: [CMS-concurrent-mark-start]
32.295: [CMS-concurrent-mark: 0.032/0.032 secs] [Times: user=0.08 sys=0.01, real=0.03 secs] 
32.295: [CMS-concurrent-preclean-start]
32.313: Application time: 0.0495400 seconds
32.313: [Full GC32.313: [CMS32.334: [CMS-concurrent-preclean: 0.039/0.039 secs] [Times: user=0.04 sys=0.00, real=0.04 secs] 
 (concurrent mode failure): 111278K->111273K(111296K), 0.1202410 secs] 160430K->155402K(160448K), [CMS Perm : 12742K->12742K(21248K)], 0.1202840 secs] [Times: user=0.12 sys=0.00, real=0.12 secs] 
32.434: Total time for which application threads were stopped: 0.1204830 seconds, Stopping threads took: 0.0000100 seconds
32.456: Application time: 0.0228800 seconds
32.457: [Full GC32.457: [CMS: 111281K->111275K(111296K), 0.0941050 secs] 160433K->155726K(160448K), [CMS Perm : 12742K->12742K(21248K)], 0.0941420 secs] [Times: user=0.10 sys=0.00, real=0.10 secs] 
32.551: Total time for which application threads were stopped: 0.0944150 seconds, Stopping threads took: 0.0000200 seconds
32.551: Application time: 0.0000620 seconds
32.551: [GC [1 CMS-initial-mark: 111275K(111296K)] 155737K(160448K), 0.0071380 secs] [Times: user=0.00 sys=0.00, real=0.00 secs] 
32.558: Total time for which application threads were stopped: 0.0073240 seconds, Stopping threads took: 0.0000110 seconds
32.558: [CMS-concurrent-mark-start]
32.589: Application time: 0.0305310 seconds
32.589: [Full GC32.589: [CMS32.595: [CMS-concurrent-mark: 0.033/0.037 secs] [Times: user=0.09 sys=0.00, real=0.04 secs] 
 (concurrent mode failure): 111276K->111269K(111296K), 0.1056930 secs] 160428K->156068K(160448K), [CMS Perm : 12743K->12743K(21248K)], 0.1057340 secs] [Times: user=0.11 sys=0.00, real=0.10 secs] 
32.695: Total time for which application threads were stopped: 0.1059290 seconds, Stopping threads took: 0.0000110 seconds
32.717: Application time: 0.0226150 seconds
32.718: [Full GC32.718: [CMS: 111270K->111269K(111296K), 0.0947460 secs] 160422K->156368K(160448K), [CMS Perm : 12744K->12744K(21248K)], 0.0947900 secs] [Times: user=0.09 sys=0.00, real=0.10 secs] 
32.812: Total time for which application threads were stopped: 0.0950270 seconds, Stopping threads took: 0.0000210 seconds
32.812: Application time: 0.0000630 seconds
32.813: [GC [1 CMS-initial-mark: 111269K(111296K)] 156375K(160448K), 0.0071450 secs] [Times: user=0.01 sys=0.00, real=0.01 secs] 
32.820: Total time for which application threads were stopped: 0.0073210 seconds, Stopping threads took: 0.0000120 seconds
32.820: [CMS-concurrent-mark-start]
32.840: Application time: 0.0203250 seconds
32.840: [Full GC32.840: [CMS32.854: [CMS-concurrent-mark: 0.033/0.034 secs] [Times: user=0.08 sys=0.00, real=0.03 secs] 
 (concurrent mode failure): 111295K->111274K(111296K), 0.1071840 secs] 160447K->156670K(160448K), [CMS Perm : 12744K->12744K(21248K)], 0.1072290 secs] [Times: user=0.12 sys=0.00, real=0.11 secs] 
32.948: Total time for which application threads were stopped: 0.1074170 seconds, Stopping threads took: 0.0000110 seconds
32.984: Application time: 0.0365990 seconds
32.984: [Full GC32.984: [CMS: 111284K->111274K(111296K), 0.0942510 secs] 160436K->156961K(160448K), [CMS Perm : 12745K->12745K(21248K)], 0.0942870 secs] [Times: user=0.10 sys=0.00, real=0.10 secs] 
33.079: Total time for which application threads were stopped: 0.0945190 seconds, Stopping threads took: 0.0000090 seconds
33.079: Application time: 0.0000610 seconds
33.079: [GC [1 CMS-initial-mark: 111274K(111296K)] 156966K(160448K), 0.0073490 secs] [Times: user=0.00 sys=0.00, real=0.00 secs] 
33.086: Total time for which application threads were stopped: 0.0075360 seconds, Stopping threads took: 0.0000120 seconds
33.086: [CMS-concurrent-mark-start]
33.104: Application time: 0.0173490 seconds
33.104: [Full GC33.104: [CMS33.120: [CMS-concurrent-mark: 0.032/0.033 secs] [Times: user=0.08 sys=0.00, real=0.04 secs] 
 (concurrent mode failure): 111285K->111279K(111296K), 0.1129600 secs] 160437K->157126K(160448K), [CMS Perm : 12745K->12745K(21248K)], 0.1130070 secs] [Times: user=0.13 sys=0.00, real=0.11 secs] 
33.217: Total time for which application threads were stopped: 0.1131950 seconds, Stopping threads took: 0.0000110 seconds
33.231: Application time: 0.0146510 seconds
33.232: [Full GC33.232: [CMS: 111285K->111279K(111296K), 0.0938000 secs] 160437K->157300K(160448K), [CMS Perm : 12745K->12745K(21248K)], 0.0938350 secs] [Times: user=0.09 sys=0.00, real=0.09 secs] 
33.326: Total time for which application threads were stopped: 0.0940910 seconds, Stopping threads took: 0.0000200 seconds
33.326: Application time: 0.0000730 seconds
33.326: [GC [1 CMS-initial-mark: 111279K(111296K)] 157305K(160448K), 0.0071680 secs] [Times: user=0.01 sys=0.00, real=0.01 secs] 
33.333: Total time for which application threads were stopped: 0.0073480 seconds, Stopping threads took: 0.0000190 seconds
33.333: [CMS-concurrent-mark-start]
33.356: Application time: 0.0234590 seconds
33.357: [Full GC33.357: [CMS33.365: [CMS-concurrent-mark: 0.031/0.032 secs] [Times: user=0.08 sys=0.00, real=0.03 secs] 
 (concurrent mode failure): 111284K->111277K(111296K), 0.1040980 secs] 160436K->157604K(160448K), [CMS Perm : 12745K->12745K(21248K)], 0.1041410 secs] [Times: user=0.12 sys=0.00, real=0.11 secs] 
33.461: Total time for which application threads were stopped: 0.1043320 seconds, Stopping threads took: 0.0000110 seconds
33.477: Application time: 0.0160180 seconds
33.477: [Full GC33.477: [CMS: 111279K->111272K(111296K), 0.0941020 secs] 160431K->157800K(160448K), [CMS Perm : 12746K->12746K(21248K)], 0.0941370 secs] [Times: user=0.09 sys=0.00, real=0.10 secs] 
33.571: Total time for which application threads were stopped: 0.0943040 seconds, Stopping threads took: 0.0000100 seconds
33.571: Application time: 0.0000830 seconds
33.571: [GC [1 CMS-initial-mark: 111272K(111296K)] 157832K(160448K), 0.0072770 secs] [Times: user=0.01 sys=0.00, real=0.01 secs] 
33.579: Total time for which application threads were stopped: 0.0074850 seconds, Stopping threads took: 0.0000180 seconds
33.579: [CMS-concurrent-mark-start]
33.597: Application time: 0.0183000 seconds
33.597: [Full GC33.597: [CMS33.613: [CMS-concurrent-mark: 0.033/0.034 secs] [Times: user=0.08 sys=0.00, real=0.03 secs] 
 (concurrent mode failure): 111285K->111278K(111296K), 0.1097810 secs] 160437K->157947K(160448K), [CMS Perm : 12746K->12746K(21248K)], 0.1098210 secs] [Times: user=0.13 sys=0.00, real=0.12 secs] 
33.707: Total time for which application threads were stopped: 0.1100130 seconds, Stopping threads took: 0.0000110 seconds
33.715: Application time: 0.0078200 seconds
33.715: [Full GC33.715: [CMS: 111286K->111273K(111296K), 0.1009880 secs] 160438K->158123K(160448K), [CMS Perm : 12746K->12746K(21248K)], 0.1010260 secs] [Times: user=0.10 sys=0.00, real=0.10 secs] 
33.816: Total time for which application threads were stopped: 0.1012760 seconds, Stopping threads took: 0.0000190 seconds
33.816: Application time: 0.0000740 seconds
33.816: [GC [1 CMS-initial-mark: 111273K(111296K)] 158124K(160448K), 0.0074540 secs] [Times: user=0.01 sys=0.00, real=0.01 secs] 
33.824: Total time for which application threads were stopped: 0.0076880 seconds, Stopping threads took: 0.0000190 seconds
33.824: [CMS-concurrent-mark-start]
33.846: Application time: 0.0219910 seconds
33.846: [Full GC33.846: [CMS33.856: [CMS-concurrent-mark: 0.031/0.032 secs] [Times: user=0.07 sys=0.00, real=0.03 secs] 
 (concurrent mode failure): 111287K->111279K(111296K), 0.1074990 secs] 160439K->158107K(160448K), [CMS Perm : 12746K->12746K(21248K)], 0.1075460 secs] [Times: user=0.11 sys=0.00, real=0.11 secs] 
33.954: Total time for which application threads were stopped: 0.1077260 seconds, Stopping threads took: 0.0000110 seconds
33.972: Application time: 0.0188220 seconds
33.973: [Full GC33.973: [CMS: 111289K->111275K(111296K), 0.0954720 secs] 160441K->158378K(160448K), [CMS Perm : 12746K->12746K(21248K)], 0.0955100 secs] [Times: user=0.09 sys=0.00, real=0.10 secs] 
34.068: Total time for which application threads were stopped: 0.0957610 seconds, Stopping threads took: 0.0000200 seconds
34.068: Application time: 0.0000640 seconds
34.068: [GC [1 CMS-initial-mark: 111275K(111296K)] 158381K(160448K), 0.0074680 secs] [Times: user=0.01 sys=0.00, real=0.00 secs] 
34.076: Total time for which application threads were stopped: 0.0076470 seconds, Stopping threads took: 0.0000120 seconds
34.076: [CMS-concurrent-mark-start]
34.093: Application time: 0.0174220 seconds
34.093: [Full GC34.093: [CMS34.109: [CMS-concurrent-mark: 0.032/0.034 secs] [Times: user=0.07 sys=0.01, real=0.04 secs] 
 (concurrent mode failure): 111279K->111275K(111296K), 0.1102580 secs] 160431K->158528K(160448K), [CMS Perm : 12746K->12746K(21248K)], 0.1102960 secs] [Times: user=0.13 sys=0.00, real=0.11 secs] 
34.204: Total time for which application threads were stopped: 0.1104920 seconds, Stopping threads took: 0.0000100 seconds
34.213: Application time: 0.0089160 seconds
34.213: [Full GC34.213: [CMS: 111285K->111277K(111296K), 0.0943090 secs] 160437K->158661K(160448K), [CMS Perm : 12746K->12746K(21248K)], 0.0943440 secs] [Times: user=0.10 sys=0.00, real=0.10 secs] 
34.307: Total time for which application threads were stopped: 0.0945780 seconds, Stopping threads took: 0.0000200 seconds
34.307: Application time: 0.0000780 seconds
34.308: [GC [1 CMS-initial-mark: 111277K(111296K)] 158667K(160448K), 0.0073640 secs] [Times: user=0.01 sys=0.00, real=0.00 secs] 
34.315: Total time for which application threads were stopped: 0.0075550 seconds, Stopping threads took: 0.0000240 seconds
34.315: [CMS-concurrent-mark-start]
34.323: Application time: 0.0082130 seconds
34.323: [Full GC34.323: [CMS34.348: [CMS-concurrent-mark: 0.032/0.033 secs] [Times: user=0.06 sys=0.00, real=0.04 secs] 
 (concurrent mode failure): 111279K->111273K(111296K), 0.1187660 secs] 160431K->158775K(160448K), [CMS Perm : 12746K->12746K(21248K)], 0.1188110 secs] [Times: user=0.14 sys=0.00, real=0.12 secs] 
34.442: Total time for which application threads were stopped: 0.1190000 seconds, Stopping threads took: 0.0000110 seconds
34.452: Application time: 0.0101830 seconds
34.453: [Full GC34.453: [CMS: 111287K->111279K(111296K), 0.0953570 secs] 160439K->158845K(160448K), [CMS Perm : 12746K->12746K(21248K)], 0.0953920 secs] [Times: user=0.10 sys=0.00, real=0.10 secs] 
34.548: Total time for which application threads were stopped: 0.0956240 seconds, Stopping threads took: 0.0000190 seconds
34.548: Application time: 0.0000610 seconds
34.548: [GC [1 CMS-initial-mark: 111279K(111296K)] 158853K(160448K), 0.0075650 secs] [Times: user=0.01 sys=0.00, real=0.00 secs] 
34.556: Total time for which application threads were stopped: 0.0077380 seconds, Stopping threads took: 0.0000110 seconds
34.556: [CMS-concurrent-mark-start]
34.565: Application time: 0.0097450 seconds
34.566: [Full GC34.566: [CMS34.589: [CMS-concurrent-mark: 0.032/0.033 secs] [Times: user=0.07 sys=0.00, real=0.04 secs] 
 (concurrent mode failure): 111295K->111280K(111296K), 0.1182950 secs] 160447K->159004K(160448K), [CMS Perm : 12746K->12746K(21248K)], 0.1183400 secs] [Times: user=0.14 sys=0.00, real=0.12 secs] 
34.684: Total time for which application threads were stopped: 0.1185270 seconds, Stopping threads took: 0.0000120 seconds
34.691: Application time: 0.0068640 seconds
34.691: [Full GC34.691: [CMS: 111295K->111280K(111296K), 0.0961470 secs] 160447K->159131K(160448K), [CMS Perm : 12746K->12746K(21248K)], 0.0961870 secs] [Times: user=0.09 sys=0.00, real=0.10 secs] 
34.787: Total time for which application threads were stopped: 0.0963740 seconds, Stopping threads took: 0.0000100 seconds
34.787: Application time: 0.0000630 seconds
34.787: [GC [1 CMS-initial-mark: 111280K(111296K)] 159153K(160448K), 0.0076650 secs] [Times: user=0.00 sys=0.00, real=0.00 secs] 
34.795: Total time for which application threads were stopped: 0.0078400 seconds, Stopping threads took: 0.0000060 seconds
34.795: [CMS-concurrent-mark-start]
34.808: Application time: 0.0130010 seconds
34.808: [Full GC34.808: [CMS34.828: [CMS-concurrent-mark: 0.032/0.033 secs] [Times: user=0.08 sys=0.00, real=0.04 secs] 
 (concurrent mode failure): 111286K->111281K(111296K), 0.1212750 secs] 160438K->159155K(160448K), [CMS Perm : 12746K->12746K(21248K)], 0.1213190 secs] [Times: user=0.14 sys=0.00, real=0.12 secs] 
34.930: Total time for which application threads were stopped: 0.1215030 seconds, Stopping threads took: 0.0000120 seconds
34.938: Application time: 0.0078630 seconds
34.938: [Full GC34.938: [CMS: 111281K->111278K(111296K), 0.0943820 secs] 160406K->159236K(160448K), [CMS Perm : 12746K->12746K(21248K)], 0.0944170 secs] [Times: user=0.10 sys=0.00, real=0.10 secs] 
35.032: Total time for which application threads were stopped: 0.0946700 seconds, Stopping threads took: 0.0000200 seconds
35.032: Application time: 0.0000610 seconds
35.032: [GC [1 CMS-initial-mark: 111278K(111296K)] 159270K(160448K), 0.0080010 secs] [Times: user=0.01 sys=0.00, real=0.01 secs] 
35.040: Total time for which application threads were stopped: 0.0081860 seconds, Stopping threads took: 0.0000190 seconds
35.040: [CMS-concurrent-mark-start]
35.048: Application time: 0.0073280 seconds
35.048: [Full GC35.048: [CMS35.075: [CMS-concurrent-mark: 0.033/0.035 secs] [Times: user=0.07 sys=0.00, real=0.03 secs] 
 (concurrent mode failure): 111284K->111283K(111296K), 0.1216490 secs] 160436K->159333K(160448K), [CMS Perm : 12746K->12746K(21248K)], 0.1216920 secs] [Times: user=0.15 sys=0.00, real=0.12 secs] 
35.170: Total time for which application threads were stopped: 0.1218750 seconds, Stopping threads took: 0.0000110 seconds
35.173: Application time: 0.0036880 seconds
35.174: [Full GC35.174: [CMS: 111293K->111284K(111296K), 0.0951160 secs] 160445K->159432K(160448K), [CMS Perm : 12746K->12746K(21248K)], 0.0951520 secs] [Times: user=0.09 sys=0.00, real=0.10 secs] 
35.269: Total time for which application threads were stopped: 0.0953470 seconds, Stopping threads took: 0.0000180 seconds
35.269: Application time: 0.0000620 seconds
35.269: [GC [1 CMS-initial-mark: 111284K(111296K)] 159438K(160448K), 0.0075280 secs] [Times: user=0.01 sys=0.00, real=0.00 secs] 
35.276: Total time for which application threads were stopped: 0.0077360 seconds, Stopping threads took: 0.0000100 seconds
35.277: [CMS-concurrent-mark-start]
35.281: Application time: 0.0042100 seconds
35.281: Total time for which application threads were stopped: 0.0001590 seconds, Stopping threads took: 0.0000220 seconds
35.285: Application time: 0.0036840 seconds
35.285: [Full GC35.285: [CMS35.313: [CMS-concurrent-mark: 0.034/0.036 secs] [Times: user=0.07 sys=0.00, real=0.04 secs] 
 (concurrent mode failure): 111285K->111279K(111296K), 0.1230210 secs] 160437K->159473K(160448K), [CMS Perm : 12746K->12746K(21248K)], 0.1230630 secs] [Times: user=0.15 sys=0.00, real=0.13 secs] 
35.408: Total time for which application threads were stopped: 0.1232560 seconds, Stopping threads took: 0.0000140 seconds
35.417: Application time: 0.0088210 seconds
35.417: [Full GC35.417: [CMS: 111286K->111280K(111296K), 0.0955580 secs] 160438K->159506K(160448K), [CMS Perm : 12746K->12746K(21248K)], 0.0956000 secs] [Times: user=0.10 sys=0.00, real=0.10 secs] 
35.512: Total time for which application threads were stopped: 0.0958430 seconds, Stopping threads took: 0.0000100 seconds
35.513: Application time: 0.0000430 seconds
35.513: [GC [1 CMS-initial-mark: 111280K(111296K)] 159513K(160448K), 0.0074130 secs] [Times: user=0.01 sys=0.00, real=0.01 secs] 
35.520: Total time for which application threads were stopped: 0.0076420 seconds, Stopping threads took: 0.0000170 seconds
35.520: [CMS-concurrent-mark-start]
35.523: Application time: 0.0026450 seconds
35.523: Total time for which application threads were stopped: 0.0001650 seconds, Stopping threads took: 0.0000140 seconds
35.523: Application time: 0.0000840 seconds
35.523: [Full GC35.523: [CMS35.553: [CMS-concurrent-mark: 0.032/0.033 secs] [Times: user=0.06 sys=0.00, real=0.03 secs] 
 (concurrent mode failure): 111292K->111281K(111296K), 0.1265390 secs] 160444K->159582K(160448K), [CMS Perm : 12746K->12746K(21248K)], 0.1265830 secs] [Times: user=0.16 sys=0.00, real=0.13 secs] 
35.650: Total time for which application threads were stopped: 0.1266640 seconds, Stopping threads took: 0.0000040 seconds
35.658: Application time: 0.0081410 seconds
35.658: [Full GC35.658: [CMS: 111288K->111280K(111296K), 0.0959380 secs] 160440K->159609K(160448K), [CMS Perm : 12746K->12746K(21248K)], 0.0959790 secs] [Times: user=0.09 sys=0.00, real=0.10 secs] 
35.754: Total time for which application threads were stopped: 0.0961500 seconds, Stopping threads took: 0.0000090 seconds
35.754: Application time: 0.0000440 seconds
35.754: [GC [1 CMS-initial-mark: 111280K(111296K)] 159616K(160448K), 0.0074320 secs] [Times: user=0.01 sys=0.00, real=0.01 secs] 
35.762: Total time for which application threads were stopped: 0.0076690 seconds, Stopping threads took: 0.0000180 seconds
35.762: [CMS-concurrent-mark-start]
35.764: Application time: 0.0021610 seconds
35.764: [Full GC35.764: [CMS35.795: [CMS-concurrent-mark: 0.032/0.033 secs] [Times: user=0.07 sys=0.00, real=0.03 secs] 
 (concurrent mode failure): 111281K->111274K(111296K), 0.1449580 secs] 160433K->159677K(160448K), [CMS Perm : 12746K->12746K(21248K)], 0.1450030 secs] [Times: user=0.17 sys=0.00, real=0.15 secs] 
35.909: Total time for which application threads were stopped: 0.1451930 seconds, Stopping threads took: 0.0000080 seconds
35.917: Application time: 0.0075130 seconds
35.917: [Full GC35.917: [CMS: 111295K->111277K(111296K), 0.0944320 secs] 160447K->159765K(160448K), [CMS Perm : 12746K->12746K(21248K)], 0.0944690 secs] [Times: user=0.09 sys=0.00, real=0.10 secs] 
36.011: Total time for which application threads were stopped: 0.0947240 seconds, Stopping threads took: 0.0000090 seconds
36.011: Application time: 0.0000430 seconds
36.012: [GC [1 CMS-initial-mark: 111277K(111296K)] 159767K(160448K), 0.0075170 secs] [Times: user=0.01 sys=0.00, real=0.01 secs] 
36.019: Total time for which application threads were stopped: 0.0077110 seconds, Stopping threads took: 0.0000240 seconds
36.019: [CMS-concurrent-mark-start]
36.030: Application time: 0.0113760 seconds
36.031: [Full GC36.031: [CMS36.054: [CMS-concurrent-mark: 0.034/0.035 secs] [Times: user=0.07 sys=0.00, real=0.03 secs] 
 (concurrent mode failure): 111295K->111292K(111296K), 0.1177820 secs] 160447K->159818K(160448K), [CMS Perm : 12746K->12746K(21248K)], 0.1178290 secs] [Times: user=0.14 sys=0.00, real=0.12 secs] 
36.148: Total time for which application threads were stopped: 0.1180210 seconds, Stopping threads took: 0.0000120 seconds
36.170: Application time: 0.0218760 seconds
36.171: [Full GC36.171: [CMS: 111295K->111292K(111296K), 0.1152720 secs] 160447K->159903K(160448K), [CMS Perm : 12746K->12746K(21248K)], 0.1153130 secs] [Times: user=0.12 sys=0.01, real=0.11 secs] 
36.286: Total time for which application threads were stopped: 0.1155380 seconds, Stopping threads took: 0.0000070 seconds
36.286: Application time: 0.0000740 seconds
36.286: [GC [1 CMS-initial-mark: 111292K(111296K)] 159907K(160448K), 0.0075470 secs] [Times: user=0.00 sys=0.00, real=0.01 secs] 
36.294: Total time for which application threads were stopped: 0.0078170 seconds, Stopping threads took: 0.0000370 seconds
36.294: [CMS-concurrent-mark-start]
36.309: Application time: 0.0150960 seconds
36.309: [Full GC36.309: [CMS36.326: [CMS-concurrent-mark: 0.031/0.032 secs] [Times: user=0.07 sys=0.00, real=0.03 secs] 
 (concurrent mode failure): 111292K->111291K(111296K), 0.1110920 secs] 160434K->159967K(160448K), [CMS Perm : 12746K->12746K(21248K)], 0.1111350 secs] [Times: user=0.12 sys=0.00, real=0.11 secs] 
36.420: Total time for which application threads were stopped: 0.1113100 seconds, Stopping threads took: 0.0000100 seconds
36.422: Application time: 0.0017240 seconds
36.422: [Full GC36.422: [CMS: 111295K->111279K(111296K), 0.0971840 secs] 160447K->159952K(160448K), [CMS Perm : 12746K->12746K(21248K)], 0.0972180 secs] [Times: user=0.10 sys=0.00, real=0.10 secs] 
36.519: Total time for which application threads were stopped: 0.0974370 seconds, Stopping threads took: 0.0000190 seconds
36.519: Application time: 0.0000580 seconds
36.520: [GC [1 CMS-initial-mark: 111279K(111296K)] 159956K(160448K), 0.0080840 secs] [Times: user=0.01 sys=0.00, real=0.01 secs] 
36.528: Total time for which application threads were stopped: 0.0082900 seconds, Stopping threads took: 0.0000230 seconds
36.528: [CMS-concurrent-mark-start]
36.530: Application time: 0.0022720 seconds
36.530: [Full GC36.530: [CMS36.559: [CMS-concurrent-mark: 0.030/0.031 secs] [Times: user=0.06 sys=0.00, real=0.03 secs] 
 (concurrent mode failure): 111283K->111279K(111296K), 0.1346870 secs] 160435K->160015K(160448K), [CMS Perm : 12746K->12746K(21248K)], 0.1347260 secs] [Times: user=0.16 sys=0.00, real=0.13 secs] 
36.665: Total time for which application threads were stopped: 0.1349150 seconds, Stopping threads took: 0.0000290 seconds
36.669: Application time: 0.0044150 seconds
36.670: [Full GC36.670: [CMS: 111281K->111277K(111296K), 0.0985250 secs] 160433K->160030K(160448K), [CMS Perm : 12746K->12746K(21248K)], 0.0985600 secs] [Times: user=0.09 sys=0.00, real=0.10 secs] 
36.768: Total time for which application threads were stopped: 0.0987720 seconds, Stopping threads took: 0.0000200 seconds
36.768: Application time: 0.0000600 seconds
36.768: [GC [1 CMS-initial-mark: 111277K(111296K)] 160035K(160448K), 0.0080850 secs] [Times: user=0.01 sys=0.00, real=0.00 secs] 
36.776: Total time for which application threads were stopped: 0.0082600 seconds, Stopping threads took: 0.0000110 seconds
36.776: [CMS-concurrent-mark-start]
36.778: Application time: 0.0014920 seconds
36.778: [Full GC36.778: [CMS36.808: [CMS-concurrent-mark: 0.030/0.031 secs] [Times: user=0.06 sys=0.00, real=0.04 secs] 
 (concurrent mode failure): 111282K->111280K(111296K), 0.1353390 secs] 160434K->160057K(160448K), [CMS Perm : 12746K->12746K(21248K)], 0.1353770 secs] [Times: user=0.16 sys=0.01, real=0.14 secs] 
36.913: Total time for which application threads were stopped: 0.1355600 seconds, Stopping threads took: 0.0000290 seconds
36.915: Application time: 0.0014060 seconds
36.915: [Full GC36.915: [CMS: 111286K->111281K(111296K), 0.0978620 secs] 160438K->160112K(160448K), [CMS Perm : 12746K->12746K(21248K)], 0.0979030 secs] [Times: user=0.10 sys=0.00, real=0.10 secs] 
37.013: Total time for which application threads were stopped: 0.0981110 seconds, Stopping threads took: 0.0000190 seconds
37.013: Application time: 0.0000590 seconds
37.013: [GC [1 CMS-initial-mark: 111281K(111296K)] 160120K(160448K), 0.0074990 secs] [Times: user=0.01 sys=0.00, real=0.01 secs] 
37.021: Total time for which application threads were stopped: 0.0077550 seconds, Stopping threads took: 0.0000560 seconds
37.021: [CMS-concurrent-mark-start]
37.022: Application time: 0.0011650 seconds
37.022: [Full GC37.022: [CMS37.054: [CMS-concurrent-mark: 0.032/0.033 secs] [Times: user=0.06 sys=0.00, real=0.03 secs] 
 (concurrent mode failure): 111282K->111277K(111296K), 0.1372370 secs] 160434K->160133K(160448K), [CMS Perm : 12746K->12746K(21248K)], 0.1372750 secs] [Times: user=0.17 sys=0.00, real=0.14 secs] 
37.159: Total time for which application threads were stopped: 0.1374450 seconds, Stopping threads took: 0.0000190 seconds
37.163: Application time: 0.0038240 seconds
37.163: [Full GC37.163: [CMS: 111288K->111281K(111296K), 0.1059800 secs] 160440K->160107K(160448K), [CMS Perm : 12746K->12746K(21248K)], 0.1060150 secs] [Times: user=0.10 sys=0.00, real=0.11 secs] 
37.269: Total time for which application threads were stopped: 0.1062190 seconds, Stopping threads took: 0.0000180 seconds
37.270: Application time: 0.0000620 seconds
37.270: [GC [1 CMS-initial-mark: 111281K(111296K)] 160117K(160448K), 0.0080940 secs] [Times: user=0.01 sys=0.00, real=0.00 secs] 
37.278: Total time for which application threads were stopped: 0.0083410 seconds, Stopping threads took: 0.0000810 seconds
37.278: [CMS-concurrent-mark-start]
37.279: Application time: 0.0011370 seconds
37.279: [Full GC37.279: [CMS37.311: [CMS-concurrent-mark: 0.032/0.033 secs] [Times: user=0.07 sys=0.00, real=0.04 secs] 
 (concurrent mode failure): 111286K->111281K(111296K), 0.1370660 secs] 160438K->160157K(160448K), [CMS Perm : 12746K->12746K(21248K)], 0.1371010 secs] [Times: user=0.17 sys=0.00, real=0.13 secs] 
37.416: Total time for which application threads were stopped: 0.1372730 seconds, Stopping threads took: 0.0000190 seconds
37.417: Application time: 0.0009780 seconds
37.417: [Full GC37.417: [CMS: 111284K->111278K(111296K), 0.1002860 secs] 160436K->160174K(160448K), [CMS Perm : 12746K->12746K(21248K)], 0.1003220 secs] [Times: user=0.10 sys=0.00, real=0.10 secs] 
37.518: Total time for which application threads were stopped: 0.1005180 seconds, Stopping threads took: 0.0000180 seconds
37.518: Application time: 0.0000620 seconds
37.518: [GC [1 CMS-initial-mark: 111278K(111296K)] 160180K(160448K), 0.0075170 secs] [Times: user=0.01 sys=0.00, real=0.01 secs] 
37.526: Total time for which application threads were stopped: 0.0077200 seconds, Stopping threads took: 0.0000230 seconds
37.526: [CMS-concurrent-mark-start]
37.526: Application time: 0.0008720 seconds
37.527: [Full GC37.527: [CMS37.555: [CMS-concurrent-mark: 0.029/0.030 secs] [Times: user=0.06 sys=0.00, real=0.03 secs] 
 (concurrent mode failure): 111284K->111282K(111296K), 0.1348900 secs] 160436K->160189K(160448K), [CMS Perm : 12746K->12746K(21248K)], 0.1349260 secs] [Times: user=0.16 sys=0.00, real=0.13 secs] 
37.662: Total time for which application threads were stopped: 0.1350920 seconds, Stopping threads took: 0.0000060 seconds
37.662: Application time: 0.0007240 seconds
37.662: [Full GC37.662: [CMS: 111282K->111277K(111296K), 0.1059520 secs] 160402K->160202K(160448K), [CMS Perm : 12746K->12746K(21248K)], 0.1059840 secs] [Times: user=0.10 sys=0.00, real=0.11 secs] 
37.768: Total time for which application threads were stopped: 0.1061650 seconds, Stopping threads took: 0.0000060 seconds
37.769: Application time: 0.0000640 seconds
37.769: [GC [1 CMS-initial-mark: 111277K(111296K)] 160236K(160448K), 0.0081600 secs] [Times: user=0.01 sys=0.00, real=0.00 secs] 
37.777: Total time for which application threads were stopped: 0.0083560 seconds, Stopping threads took: 0.0000190 seconds
37.777: [CMS-concurrent-mark-start]
37.778: Application time: 0.0008320 seconds
37.778: [Full GC37.778: [CMS37.808: [CMS-concurrent-mark: 0.030/0.031 secs] [Times: user=0.06 sys=0.00, real=0.04 secs] 
 (concurrent mode failure): 111284K->111283K(111296K), 0.1249820 secs] 160436K->160245K(160448K), [CMS Perm : 12746K->12746K(21248K)], 0.1250180 secs] [Times: user=0.16 sys=0.00, real=0.13 secs] 
37.903: Total time for which application threads were stopped: 0.1251720 seconds, Stopping threads took: 0.0000050 seconds
37.906: Application time: 0.0034950 seconds
37.907: [Full GC37.907: [CMS: 111293K->111282K(111296K), 0.1059360 secs] 160445K->160212K(160448K), [CMS Perm : 12746K->12746K(21248K)], 0.1059720 secs] [Times: user=0.10 sys=0.00, real=0.10 secs] 
38.013: Total time for which application threads were stopped: 0.1061830 seconds, Stopping threads took: 0.0000190 seconds
38.013: Application time: 0.0000640 seconds
38.013: [GC [1 CMS-initial-mark: 111282K(111296K)] 160218K(160448K), 0.0080800 secs] [Times: user=0.01 sys=0.00, real=0.01 secs] 
38.021: Total time for which application threads were stopped: 0.0082550 seconds, Stopping threads took: 0.0000130 seconds
38.021: [CMS-concurrent-mark-start]
38.022: Application time: 0.0007820 seconds
38.022: [Full GC38.022: [CMS38.052: [CMS-concurrent-mark: 0.030/0.031 secs] [Times: user=0.06 sys=0.00, real=0.03 secs] 
 (concurrent mode failure): 111294K->111283K(111296K), 0.1359220 secs] 160446K->160224K(160448K), [CMS Perm : 12746K->12746K(21248K)], 0.1359600 secs] [Times: user=0.17 sys=0.00, real=0.13 secs] 
38.158: Total time for which application threads were stopped: 0.1361510 seconds, Stopping threads took: 0.0000200 seconds
38.158: Application time: 0.0006720 seconds
38.159: [Full GC38.159: [CMS: 111285K->111279K(111296K), 0.1059400 secs] 160437K->160236K(160448K), [CMS Perm : 12746K->12746K(21248K)], 0.1059730 secs] [Times: user=0.10 sys=0.00, real=0.10 secs] 
38.265: Total time for which application threads were stopped: 0.1061580 seconds, Stopping threads took: 0.0000050 seconds
38.265: Application time: 0.0000500 seconds
38.265: [GC [1 CMS-initial-mark: 111279K(111296K)] 160242K(160448K), 0.0081270 secs] [Times: user=0.00 sys=0.00, real=0.01 secs] 
38.273: Total time for which application threads were stopped: 0.0082960 seconds, Stopping threads took: 0.0000080 seconds
38.273: [CMS-concurrent-mark-start]
38.274: Application time: 0.0007270 seconds
38.274: [Full GC38.274: [CMS38.306: [CMS-concurrent-mark: 0.032/0.033 secs] [Times: user=0.07 sys=0.00, real=0.03 secs] 
 (concurrent mode failure): 111290K->111284K(111296K), 0.1266410 secs] 160442K->160277K(160448K), [CMS Perm : 12746K->12746K(21248K)], 0.1266740 secs] [Times: user=0.16 sys=0.00, real=0.13 secs] 
38.401: Total time for which application threads were stopped: 0.1268300 seconds, Stopping threads took: 0.0000060 seconds
38.401: Application time: 0.0005820 seconds
38.401: [Full GC38.401: [CMS: 111286K->111280K(111296K), 0.0946860 secs] 160438K->160286K(160448K), [CMS Perm : 12746K->12746K(21248K)], 0.0947170 secs] [Times: user=0.10 sys=0.00, real=0.09 secs] 
38.496: Total time for which application threads were stopped: 0.0949160 seconds, Stopping threads took: 0.0000170 seconds
38.496: Application time: 0.0000570 seconds
38.496: [GC [1 CMS-initial-mark: 111280K(111296K)] 160293K(160448K), 0.0075260 secs] [Times: user=0.00 sys=0.00, real=0.01 secs] 
38.504: Total time for which application threads were stopped: 0.0076940 seconds, Stopping threads took: 0.0000090 seconds
38.504: [CMS-concurrent-mark-start]
38.504: Application time: 0.0005480 seconds
38.505: [Full GC38.505: [CMS38.534: [CMS-concurrent-mark: 0.029/0.030 secs] [Times: user=0.06 sys=0.00, real=0.03 secs] 
 (concurrent mode failure): 111290K->111284K(111296K), 0.1248130 secs] 160442K->160294K(160448K), [CMS Perm : 12746K->12746K(21248K)], 0.1248460 secs] [Times: user=0.15 sys=0.00, real=0.13 secs] 
38.629: Total time for which application threads were stopped: 0.1250320 seconds, Stopping threads took: 0.0000190 seconds
38.630: Application time: 0.0005110 seconds
38.630: [Full GC38.630: [CMS: 111290K->111284K(111296K), 0.0945690 secs] 160442K->160302K(160448K), [CMS Perm : 12746K->12746K(21248K)], 0.0946030 secs] [Times: user=0.09 sys=0.00, real=0.09 secs] 
38.725: Total time for which application threads were stopped: 0.0947910 seconds, Stopping threads took: 0.0000050 seconds
38.725: Application time: 0.0000640 seconds
38.725: [GC [1 CMS-initial-mark: 111284K(111296K)] 160309K(160448K), 0.0081230 secs] [Times: user=0.01 sys=0.00, real=0.01 secs] 
38.733: Total time for which application threads were stopped: 0.0082960 seconds, Stopping threads took: 0.0000110 seconds
38.733: [CMS-concurrent-mark-start]
38.734: Application time: 0.0004900 seconds
38.734: [Full GC38.734: [CMS38.764: [CMS-concurrent-mark: 0.030/0.031 secs] [Times: user=0.06 sys=0.00, real=0.03 secs] 
 (concurrent mode failure): 111292K->111285K(111296K), 0.1251830 secs] 160444K->160309K(160448K), [CMS Perm : 12746K->12746K(21248K)], 0.1252140 secs] [Times: user=0.16 sys=0.00, real=0.13 secs] 
38.859: Total time for which application threads were stopped: 0.1253690 seconds, Stopping threads took: 0.0000060 seconds
38.859: Application time: 0.0004800 seconds
38.860: [Full GC38.860: [CMS: 111295K->111284K(111296K), 0.0946950 secs] 160447K->160315K(160448K), [CMS Perm : 12746K->12746K(21248K)], 0.0947290 secs] [Times: user=0.09 sys=0.00, real=0.09 secs] 
38.954: Total time for which application threads were stopped: 0.0949030 seconds, Stopping threads took: 0.0000050 seconds
38.954: Application time: 0.0000520 seconds
38.955: [GC [1 CMS-initial-mark: 111284K(111296K)] 160317K(160448K), 0.0075440 secs] [Times: user=0.01 sys=0.00, real=0.01 secs] 
38.962: Total time for which application threads were stopped: 0.0077300 seconds, Stopping threads took: 0.0000220 seconds
38.962: [CMS-concurrent-mark-start]
38.963: Application time: 0.0004580 seconds
38.963: [Full GC38.963: [CMS38.992: [CMS-concurrent-mark: 0.029/0.030 secs] [Times: user=0.06 sys=0.00, real=0.03 secs] 
 (concurrent mode failure): 111295K->111285K(111296K), 0.1238890 secs] 160447K->160322K(160448K), [CMS Perm : 12746K->12746K(21248K)], 0.1239210 secs] [Times: user=0.15 sys=0.00, real=0.13 secs] 
39.087: Total time for which application threads were stopped: 0.1240740 seconds, Stopping threads took: 0.0000050 seconds
39.087: Application time: 0.0004570 seconds
39.087: [Full GC39.087: [CMS: 111295K->111284K(111296K), 0.0946670 secs] 160447K->160359K(160448K), [CMS Perm : 12746K->12746K(21248K)], 0.0947010 secs] [Times: user=0.10 sys=0.00, real=0.09 secs] 
39.182: Total time for which application threads were stopped: 0.0948800 seconds, Stopping threads took: 0.0000050 seconds
39.182: Application time: 0.0000520 seconds
39.182: [GC [1 CMS-initial-mark: 111284K(111296K)] 160361K(160448K), 0.0075490 secs] [Times: user=0.01 sys=0.00, real=0.01 secs] 
39.190: Total time for which application threads were stopped: 0.0077500 seconds, Stopping threads took: 0.0000230 seconds
39.190: [CMS-concurrent-mark-start]
39.197: Application time: 0.0073910 seconds
39.197: [Full GC39.197: [CMS39.220: [CMS-concurrent-mark: 0.029/0.030 secs] [Times: user=0.05 sys=0.00, real=0.03 secs] 
 (concurrent mode failure): 111295K->111284K(111296K), 0.1171790 secs] 160447K->160320K(160448K), [CMS Perm : 12746K->12746K(21248K)], 0.1172160 secs] [Times: user=0.14 sys=0.00, real=0.12 secs] 
39.315: Total time for which application threads were stopped: 0.1173970 seconds, Stopping threads took: 0.0000100 seconds
39.315: Application time: 0.0004450 seconds
39.315: [Full GC39.315: [CMS: 111295K->111285K(111296K), 0.1058990 secs] 160447K->160326K(160448K), [CMS Perm : 12746K->12746K(21248K)], 0.1059330 secs] [Times: user=0.11 sys=0.00, real=0.11 secs] 
39.421: Total time for which application threads were stopped: 0.1061260 seconds, Stopping threads took: 0.0000190 seconds
39.421: Application time: 0.0000660 seconds
39.421: [GC [1 CMS-initial-mark: 111285K(111296K)] 160334K(160448K), 0.0081460 secs] [Times: user=0.00 sys=0.00, real=0.01 secs] 
39.430: Total time for which application threads were stopped: 0.0083590 seconds, Stopping threads took: 0.0000250 seconds
39.430: [CMS-concurrent-mark-start]
39.430: Application time: 0.0004490 seconds
39.430: [Full GC39.430: [CMS39.461: [CMS-concurrent-mark: 0.030/0.031 secs] [Times: user=0.07 sys=0.00, real=0.03 secs] 
 (concurrent mode failure): 111295K->111284K(111296K), 0.1252930 secs] 160447K->160333K(160448K), [CMS Perm : 12746K->12746K(21248K)], 0.1253290 secs] [Times: user=0.15 sys=0.00, real=0.12 secs] 
39.556: Total time for which application threads were stopped: 0.1254990 seconds, Stopping threads took: 0.0000180 seconds
39.556: Application time: 0.0003500 seconds
39.556: [Full GC39.556: [CMS: 111285K->111279K(111296K), 0.0948450 secs] 160437K->160338K(160448K), [CMS Perm : 12746K->12746K(21248K)], 0.0948760 secs] [Times: user=0.10 sys=0.00, real=0.10 secs] 
39.651: Total time for which application threads were stopped: 0.0950490 seconds, Stopping threads took: 0.0000050 seconds
39.651: Application time: 0.0000700 seconds
39.651: [GC [1 CMS-initial-mark: 111279K(111296K)] 160345K(160448K), 0.0075510 secs] [Times: user=0.00 sys=0.00, real=0.01 secs] 
39.659: Total time for which application threads were stopped: 0.0077350 seconds, Stopping threads took: 0.0000230 seconds
39.659: [CMS-concurrent-mark-start]
39.659: Application time: 0.0003810 seconds
39.659: [Full GC39.659: [CMS39.690: [CMS-concurrent-mark: 0.030/0.031 secs] [Times: user=0.06 sys=0.00, real=0.03 secs] 
 (concurrent mode failure): 111289K->111288K(111296K), 0.1252300 secs] 160441K->160343K(160448K), [CMS Perm : 12746K->12746K(21248K)], 0.1252620 secs] [Times: user=0.16 sys=0.00, real=0.12 secs] 
39.785: Total time for which application threads were stopped: 0.1254180 seconds, Stopping threads took: 0.0000060 seconds
39.785: Application time: 0.0003710 seconds
39.785: [Full GC39.785: [CMS: 111291K->111284K(111296K), 0.0945340 secs] 160443K->160348K(160448K), [CMS Perm : 12746K->12746K(21248K)], 0.0945670 secs] [Times: user=0.09 sys=0.00, real=0.10 secs] 
39.880: Total time for which application threads were stopped: 0.0947550 seconds, Stopping threads took: 0.0000050 seconds
39.880: Application time: 0.0000630 seconds
39.880: [GC [1 CMS-initial-mark: 111284K(111296K)] 160354K(160448K), 0.0081220 secs] [Times: user=0.01 sys=0.00, real=0.01 secs] 
39.888: Total time for which application threads were stopped: 0.0082950 seconds, Stopping threads took: 0.0000110 seconds
39.888: [CMS-concurrent-mark-start]
39.888: Application time: 0.0004020 seconds
39.889: [Full GC39.889: [CMS39.919: [CMS-concurrent-mark: 0.030/0.031 secs] [Times: user=0.06 sys=0.00, real=0.03 secs] 
 (concurrent mode failure): 111295K->111288K(111296K), 0.1253230 secs] 160447K->160353K(160448K), [CMS Perm : 12746K->12746K(21248K)], 0.1253590 secs] [Times: user=0.16 sys=0.00, real=0.12 secs] 
40.014: Total time for which application threads were stopped: 0.1255120 seconds, Stopping threads took: 0.0000050 seconds
40.014: Application time: 0.0003530 seconds
40.014: [Full GC40.014: [CMS: 111295K->111289K(111296K), 0.1059920 secs] 160447K->160356K(160448K), [CMS Perm : 12746K->12746K(21248K)], 0.1060260 secs] [Times: user=0.10 sys=0.00, real=0.11 secs] 
40.120: Total time for which application threads were stopped: 0.1062150 seconds, Stopping threads took: 0.0000180 seconds
40.121: Application time: 0.0000590 seconds
40.121: [GC [1 CMS-initial-mark: 111289K(111296K)] 160359K(160448K), 0.0081190 secs] [Times: user=0.01 sys=0.00, real=0.01 secs] 
40.129: Total time for which application threads were stopped: 0.0082960 seconds, Stopping threads took: 0.0000150 seconds
40.129: [CMS-concurrent-mark-start]
40.129: Application time: 0.0003620 seconds
40.129: [Full GC40.129: [CMS40.159: [CMS-concurrent-mark: 0.029/0.030 secs] [Times: user=0.06 sys=0.00, real=0.03 secs] 
 (concurrent mode failure): 111294K->111289K(111296K), 0.1237140 secs] 160444K->160361K(160448K), [CMS Perm : 12746K->12746K(21248K)], 0.1237510 secs] [Times: user=0.15 sys=0.00, real=0.12 secs] 
40.253: Total time for which application threads were stopped: 0.1239300 seconds, Stopping threads took: 0.0000190 seconds
40.253: Application time: 0.0003320 seconds
40.254: [Full GC40.254: [CMS: 111294K->111289K(111296K), 0.0946550 secs] 160443K->160396K(160448K), [CMS Perm : 12746K->12746K(21248K)], 0.0946880 secs] [Times: user=0.10 sys=0.00, real=0.10 secs] 
40.348: Total time for which application threads were stopped: 0.0948650 seconds, Stopping threads took: 0.0000060 seconds
40.348: Application time: 0.0000480 seconds
40.349: [GC [1 CMS-initial-mark: 111289K(111296K)] 160404K(160448K), 0.0075460 secs] [Times: user=0.01 sys=0.00, real=0.00 secs] 
40.356: Total time for which application threads were stopped: 0.0077280 seconds, Stopping threads took: 0.0000080 seconds
40.356: [CMS-concurrent-mark-start]
40.356: Application time: 0.0002310 seconds
40.356: [Full GC40.356: [CMS40.386: [CMS-concurrent-mark: 0.029/0.030 secs] [Times: user=0.06 sys=0.00, real=0.03 secs] 
 (concurrent mode failure): 111294K->111289K(111296K), 0.1237550 secs] 160446K->160399K(160448K), [CMS Perm : 12746K->12746K(21248K)], 0.1237860 secs] [Times: user=0.15 sys=0.00, real=0.13 secs] 
40.480: Total time for which application threads were stopped: 0.1239410 seconds, Stopping threads took: 0.0000050 seconds
40.481: Application time: 0.0002170 seconds
40.481: [Full GC40.481: [CMS: 111295K->111289K(111296K), 0.0945520 secs] 160447K->160401K(160448K), [CMS Perm : 12746K->12746K(21248K)], 0.0945830 secs] [Times: user=0.09 sys=0.00, real=0.09 secs] 
40.575: Total time for which application threads were stopped: 0.0947450 seconds, Stopping threads took: 0.0000050 seconds
40.575: Application time: 0.0000470 seconds
40.575: [GC [1 CMS-initial-mark: 111289K(111296K)] 160403K(160448K), 0.0075340 secs] [Times: user=0.01 sys=0.00, real=0.01 secs] 
40.583: Total time for which application threads were stopped: 0.0077040 seconds, Stopping threads took: 0.0000110 seconds
40.583: [CMS-concurrent-mark-start]
40.583: Application time: 0.0002240 seconds
40.583: [Full GC40.583: [CMS40.613: [CMS-concurrent-mark: 0.029/0.030 secs] [Times: user=0.06 sys=0.00, real=0.03 secs] 
 (concurrent mode failure): 111292K->111285K(111296K), 0.1239760 secs] 160444K->160403K(160448K), [CMS Perm : 12746K->12746K(21248K)], 0.1240080 secs] [Times: user=0.15 sys=0.00, real=0.13 secs] 
40.707: Total time for which application threads were stopped: 0.1241610 seconds, Stopping threads took: 0.0000050 seconds
40.708: Application time: 0.0002120 seconds
40.708: [Full GC40.708: [CMS: 111293K->111291K(111296K), 0.0947050 secs] 160445K->160405K(160448K), [CMS Perm : 12746K->12746K(21248K)], 0.0947370 secs] [Times: user=0.09 sys=0.00, real=0.09 secs] 
40.803: Total time for which application threads were stopped: 0.0949210 seconds, Stopping threads took: 0.0000050 seconds
40.803: Application time: 0.0000630 seconds
40.803: [GC [1 CMS-initial-mark: 111291K(111296K)] 160413K(160448K), 0.0081400 secs] [Times: user=0.01 sys=0.00, real=0.01 secs] 
40.811: Total time for which application threads were stopped: 0.0083100 seconds, Stopping threads took: 0.0000070 seconds
40.811: [CMS-concurrent-mark-start]
40.811: Application time: 0.0002170 seconds
40.811: [Full GC40.811: [CMS40.844: [CMS-concurrent-mark: 0.032/0.034 secs] [Times: user=0.06 sys=0.00, real=0.03 secs] 
 (concurrent mode failure): 111291K->111284K(111296K), 0.1332890 secs] 160438K->160407K(160448K), [CMS Perm : 12746K->12746K(21248K)], 0.1333240 secs] [Times: user=0.16 sys=0.00, real=0.13 secs] 
40.945: Total time for which application threads were stopped: 0.1334820 seconds, Stopping threads took: 0.0000060 seconds
40.945: Application time: 0.0002040 seconds
40.945: [Full GC40.945: [CMS: 111296K->111290K(111296K), 0.0948390 secs] 160447K->160408K(160448K), [CMS Perm : 12746K->12746K(21248K)], 0.0948730 secs] [Times: user=0.10 sys=0.00, real=0.10 secs] 
41.040: Total time for which application threads were stopped: 0.0950820 seconds, Stopping threads took: 0.0000190 seconds
41.040: Application time: 0.0000740 seconds
41.040: [GC [1 CMS-initial-mark: 111290K(111296K)] 160409K(160448K), 0.0076090 secs] [Times: user=0.01 sys=0.00, real=0.01 secs] 
41.048: Total time for which application threads were stopped: 0.0077720 seconds, Stopping threads took: 0.0000060 seconds
41.048: [CMS-concurrent-mark-start]
41.048: Application time: 0.0003280 seconds
41.048: [Full GC41.048: [CMS41.080: [CMS-concurrent-mark: 0.031/0.032 secs] [Times: user=0.06 sys=0.00, real=0.03 secs] 
 (concurrent mode failure): 111292K->111286K(111296K), 0.1270720 secs] 160444K->160410K(160448K), [CMS Perm : 12746K->12746K(21248K)], 0.1271080 secs] [Times: user=0.16 sys=0.00, real=0.12 secs] 
41.175: Total time for which application threads were stopped: 0.1272780 seconds, Stopping threads took: 0.0000190 seconds
41.176: Application time: 0.0002330 seconds
41.176: [Full GC41.176: [CMS: 111293K->111291K(111296K), 0.0951440 secs] 160445K->160412K(160448K), [CMS Perm : 12746K->12746K(21248K)], 0.0951770 secs] [Times: user=0.09 sys=0.00, real=0.10 secs] 
41.271: Total time for which application threads were stopped: 0.0953420 seconds, Stopping threads took: 0.0000190 seconds
41.271: Application time: 0.0000620 seconds
41.271: [GC [1 CMS-initial-mark: 111291K(111296K)] 160419K(160448K), 0.0078570 secs] [Times: user=0.01 sys=0.00, real=0.01 secs] 
41.279: Total time for which application threads were stopped: 0.0080340 seconds, Stopping threads took: 0.0000120 seconds
41.279: [CMS-concurrent-mark-start]
41.279: Application time: 0.0002210 seconds
41.279: [Full GC41.279: [CMS41.313: [CMS-concurrent-mark: 0.033/0.034 secs] [Times: user=0.07 sys=0.00, real=0.03 secs] 
 (concurrent mode failure): 111291K->111285K(111296K), 0.1490420 secs] 160438K->160413K(160448K), [CMS Perm : 12746K->12746K(21248K)], 0.1490800 secs] [Times: user=0.18 sys=0.00, real=0.15 secs] 
41.429: Total time for which application threads were stopped: 0.1492400 seconds, Stopping threads took: 0.0000060 seconds
41.429: Application time: 0.0001940 seconds
41.429: [Full GC41.429: [CMS: 111287K->111286K(111296K), 0.0949990 secs] 160439K->160414K(160448K), [CMS Perm : 12746K->12746K(21248K)], 0.0950330 secs] [Times: user=0.10 sys=0.00, real=0.09 secs] 
41.524: Total time for which application threads were stopped: 0.0952820 seconds, Stopping threads took: 0.0000190 seconds
41.524: Application time: 0.0000630 seconds
41.524: [GC [1 CMS-initial-mark: 111286K(111296K)] 160421K(160448K), 0.0081590 secs] [Times: user=0.00 sys=0.00, real=0.01 secs] 
41.532: Total time for which application threads were stopped: 0.0083460 seconds, Stopping threads took: 0.0000110 seconds
41.532: [CMS-concurrent-mark-start]
41.533: Application time: 0.0002090 seconds
41.533: [Full GC41.533: [CMS41.566: [CMS-concurrent-mark: 0.032/0.033 secs] [Times: user=0.07 sys=0.00, real=0.03 secs] 
 (concurrent mode failure): 111294K->111289K(111296K), 0.1306640 secs] 160446K->160416K(160448K), [CMS Perm : 12746K->12746K(21248K)], 0.1307010 secs] [Times: user=0.16 sys=0.00, real=0.13 secs] 
41.664: Total time for which application threads were stopped: 0.1308700 seconds, Stopping threads took: 0.0000190 seconds
41.664: Application time: 0.0001810 seconds
41.664: [Full GC41.664: [CMS: 111295K->111291K(111296K), 0.0980130 secs] 160447K->160417K(160448K), [CMS Perm : 12746K->12746K(21248K)], 0.0980480 secs] [Times: user=0.10 sys=0.00, real=0.10 secs] 
41.762: Total time for which application threads were stopped: 0.0982370 seconds, Stopping threads took: 0.0000190 seconds
41.762: Application time: 0.0000600 seconds
41.762: [GC [1 CMS-initial-mark: 111291K(111296K)] 160423K(160448K), 0.0075450 secs] [Times: user=0.00 sys=0.00, real=0.01 secs] 
41.770: Total time for which application threads were stopped: 0.0077100 seconds, Stopping threads took: 0.0000050 seconds
41.770: [CMS-concurrent-mark-start]
41.770: Application time: 0.0002770 seconds
41.770: [Full GC41.770: [CMS41.804: [CMS-concurrent-mark: 0.033/0.035 secs] [Times: user=0.07 sys=0.00, real=0.03 secs] 
 (concurrent mode failure): 111291K->111285K(111296K), 0.1330020 secs] 160443K->160418K(160448K), [CMS Perm : 12746K->12746K(21248K)], 0.1330420 secs] [Times: user=0.17 sys=0.00, real=0.13 secs] 
41.903: Total time for which application threads were stopped: 0.1331980 seconds, Stopping threads took: 0.0000060 seconds
41.903: Application time: 0.0001770 seconds
41.904: [Full GC41.904: [CMS: 111292K->111292K(111296K), 0.0991370 secs] 160444K->160419K(160448K), [CMS Perm : 12746K->12746K(21248K)], 0.0991700 secs] [Times: user=0.10 sys=0.00, real=0.10 secs] 
42.003: Total time for which application threads were stopped: 0.0993490 seconds, Stopping threads took: 0.0000190 seconds
42.003: Application time: 0.0000730 seconds
42.003: [GC [1 CMS-initial-mark: 111292K(111296K)] 160426K(160448K), 0.0082140 secs] [Times: user=0.01 sys=0.00, real=0.01 secs] 
42.011: Total time for which application threads were stopped: 0.0083860 seconds, Stopping threads took: 0.0000200 seconds
42.011: [CMS-concurrent-mark-start]
42.012: Application time: 0.0003290 seconds
42.012: [Full GC42.012: [CMS42.047: [CMS-concurrent-mark: 0.034/0.035 secs] [Times: user=0.07 sys=0.00, real=0.04 secs] 
 (concurrent mode failure): 111293K->111286K(111296K), 0.1350960 secs] 160445K->160420K(160448K), [CMS Perm : 12746K->12746K(21248K)], 0.1351310 secs] [Times: user=0.17 sys=0.00, real=0.14 secs] 
42.147: Total time for which application threads were stopped: 0.1353010 seconds, Stopping threads took: 0.0000190 seconds
42.147: Application time: 0.0001940 seconds
42.147: [Full GC42.147: [CMS: 111295K->111293K(111296K), 0.1001650 secs] 160447K->160422K(160448K), [CMS Perm : 12746K->12746K(21248K)], 0.1002000 secs] [Times: user=0.10 sys=0.00, real=0.10 secs] 
42.247: Total time for which application threads were stopped: 0.1003980 seconds, Stopping threads took: 0.0000190 seconds
42.247: Application time: 0.0000630 seconds
42.248: [GC [1 CMS-initial-mark: 111293K(111296K)] 160428K(160448K), 0.0081630 secs] [Times: user=0.01 sys=0.00, real=0.00 secs] 
42.256: Total time for which application threads were stopped: 0.0083310 seconds, Stopping threads took: 0.0000060 seconds
42.256: [CMS-concurrent-mark-start]
42.256: Application time: 0.0002770 seconds
42.256: [Full GC42.256: [CMS42.291: [CMS-concurrent-mark: 0.034/0.035 secs] [Times: user=0.06 sys=0.00, real=0.04 secs] 
 (concurrent mode failure): 111295K->111287K(111296K), 0.1296740 secs] 160447K->160423K(160448K), [CMS Perm : 12746K->12746K(21248K)], 0.1297110 secs] [Times: user=0.16 sys=0.00, real=0.13 secs] 
42.386: Total time for which application threads were stopped: 0.1298830 seconds, Stopping threads took: 0.0000200 seconds
42.386: Application time: 0.0001450 seconds
42.386: [Full GC42.386: [CMS: 111289K->111287K(111296K), 0.0945620 secs] 160441K->160424K(160448K), [CMS Perm : 12746K->12746K(21248K)], 0.0945950 secs] [Times: user=0.09 sys=0.00, real=0.10 secs] 
42.481: Total time for which application threads were stopped: 0.0947710 seconds, Stopping threads took: 0.0000060 seconds
42.481: Application time: 0.0000470 seconds
42.481: [GC [1 CMS-initial-mark: 111287K(111296K)] 160430K(160448K), 0.0081640 secs] [Times: user=0.01 sys=0.00, real=0.01 secs] 
42.489: Total time for which application threads were stopped: 0.0083360 seconds, Stopping threads took: 0.0000190 seconds
42.489: [CMS-concurrent-mark-start]
42.490: Application time: 0.0003400 seconds
42.490: [Full GC42.490: [CMS42.523: [CMS-concurrent-mark: 0.033/0.034 secs] [Times: user=0.07 sys=0.00, real=0.03 secs] 
 (concurrent mode failure): 111289K->111288K(111296K), 0.1308630 secs] 160441K->160424K(160448K), [CMS Perm : 12746K->12746K(21248K)], 0.1309000 secs] [Times: user=0.17 sys=0.00, real=0.13 secs] 
42.621: Total time for which application threads were stopped: 0.1310720 seconds, Stopping threads took: 0.0000200 seconds
42.621: Application time: 0.0001570 seconds
42.621: [Full GC42.621: [CMS: 111290K->111288K(111296K), 0.0973180 secs] 160442K->160425K(160448K), [CMS Perm : 12746K->12746K(21248K)], 0.0973530 secs] [Times: user=0.09 sys=0.00, real=0.09 secs] 
42.718: Total time for which application threads were stopped: 0.0975420 seconds, Stopping threads took: 0.0000190 seconds
42.718: Application time: 0.0000520 seconds
42.719: [GC [1 CMS-initial-mark: 111288K(111296K)] 160432K(160448K), 0.0075500 secs] [Times: user=0.01 sys=0.00, real=0.00 secs] 
42.726: Total time for which application threads were stopped: 0.0077590 seconds, Stopping threads took: 0.0000160 seconds
42.726: [CMS-concurrent-mark-start]
42.726: Application time: 0.0001030 seconds
42.726: [Full GC42.726: [CMS42.759: [CMS-concurrent-mark: 0.032/0.033 secs] [Times: user=0.07 sys=0.00, real=0.04 secs] 
 (concurrent mode failure): 111292K->111292K(111296K), 0.1283860 secs] 160443K->160426K(160448K), [CMS Perm : 12746K->12746K(21248K)], 0.1284200 secs] [Times: user=0.16 sys=0.00, real=0.13 secs] 
42.855: Total time for which application threads were stopped: 0.1285980 seconds, Stopping threads took: 0.0000190 seconds
42.855: Application time: 0.0001520 seconds
42.855: [Full GC42.855: [CMS: 111293K->111288K(111296K), 0.0958970 secs] 160445K->160426K(160448K), [CMS Perm : 12746K->12746K(21248K)], 0.0959310 secs] [Times: user=0.10 sys=0.00, real=0.10 secs] 
42.951: Total time for which application threads were stopped: 0.0961070 seconds, Stopping threads took: 0.0000070 seconds
42.951: Application time: 0.0000730 seconds
42.951: [GC [1 CMS-initial-mark: 111288K(111296K)] 160433K(160448K), 0.0081240 secs] [Times: user=0.01 sys=0.00, real=0.01 secs] 
42.960: Total time for which application threads were stopped: 0.0083080 seconds, Stopping threads took: 0.0000190 seconds
42.960: [CMS-concurrent-mark-start]
42.960: Application time: 0.0003430 seconds
42.960: [Full GC42.960: [CMS42.993: [CMS-concurrent-mark: 0.033/0.034 secs] [Times: user=0.06 sys=0.00, real=0.03 secs] 
 (concurrent mode failure): 111293K->111293K(111296K), 0.1284040 secs] 160444K->160427K(160448K), [CMS Perm : 12746K->12746K(21248K)], 0.1284410 secs] [Times: user=0.16 sys=0.00, real=0.13 secs] 
43.089: Total time for which application threads were stopped: 0.1286130 seconds, Stopping threads took: 0.0000200 seconds
43.089: Application time: 0.0001530 seconds
43.089: [Full GC43.089: [CMS: 111293K->111287K(111296K), 0.0952580 secs] 160445K->160428K(160448K), [CMS Perm : 12746K->12746K(21248K)], 0.0952930 secs] [Times: user=0.09 sys=0.00, real=0.09 secs] 
43.184: Total time for which application threads were stopped: 0.0954720 seconds, Stopping threads took: 0.0000180 seconds
43.184: Application time: 0.0000610 seconds
43.184: [GC [1 CMS-initial-mark: 111287K(111296K)] 160434K(160448K), 0.0080740 secs] [Times: user=0.01 sys=0.00, real=0.01 secs] 
43.192: Total time for which application threads were stopped: 0.0082360 seconds, Stopping threads took: 0.0000060 seconds
43.193: [CMS-concurrent-mark-start]
43.193: Application time: 0.0002440 seconds
43.193: [Full GC43.193: [CMS43.227: [CMS-concurrent-mark: 0.033/0.034 secs] [Times: user=0.07 sys=0.00, real=0.04 secs] 
 (concurrent mode failure): 111294K->111294K(111296K), 0.1294420 secs] 160446K->160429K(160448K), [CMS Perm : 12746K->12746K(21248K)], 0.1294780 secs] [Times: user=0.16 sys=0.00, real=0.13 secs] 
43.322: Total time for which application threads were stopped: 0.1296500 seconds, Stopping threads took: 0.0000190 seconds
43.323: Application time: 0.0001750 seconds
43.323: [Full GC43.323: [CMS: 111295K->111288K(111296K), 0.0951430 secs] 160447K->160430K(160448K), [CMS Perm : 12746K->12746K(21248K)], 0.0951770 secs] [Times: user=0.10 sys=0.00, real=0.09 secs] 
43.418: Total time for which application threads were stopped: 0.0953740 seconds, Stopping threads took: 0.0000180 seconds
43.418: Application time: 0.0000600 seconds
43.418: [GC [1 CMS-initial-mark: 111288K(111296K)] 160436K(160448K), 0.0075620 secs] [Times: user=0.01 sys=0.00, real=0.01 secs] 
43.426: Total time for which application threads were stopped: 0.0077230 seconds, Stopping threads took: 0.0000060 seconds
43.426: [CMS-concurrent-mark-start]
43.426: Application time: 0.0003430 seconds
43.426: [Full GC43.426: [CMS43.460: [CMS-concurrent-mark: 0.033/0.034 secs] [Times: user=0.06 sys=0.00, real=0.04 secs] 
 (concurrent mode failure): 111295K->111294K(111296K), 0.1319980 secs] 160447K->160431K(160448K), [CMS Perm : 12746K->12746K(21248K)], 0.1320370 secs] [Times: user=0.16 sys=0.01, real=0.13 secs] 
43.558: Total time for which application threads were stopped: 0.1322070 seconds, Stopping threads took: 0.0000190 seconds
43.558: Application time: 0.0001410 seconds
43.559: [Full GC43.559: [CMS: 111295K->111288K(111296K), 0.0947960 secs] 160447K->160431K(160448K), [CMS Perm : 12746K->12746K(21248K)], 0.0948290 secs] [Times: user=0.10 sys=0.00, real=0.09 secs] 
43.653: Total time for which application threads were stopped: 0.0950020 seconds, Stopping threads took: 0.0000050 seconds
43.653: Application time: 0.0000740 seconds
43.654: [GC [1 CMS-initial-mark: 111288K(111296K)] 160431K(160448K), 0.0081450 secs] [Times: user=0.00 sys=0.00, real=0.01 secs] 
43.662: Total time for which application threads were stopped: 0.0083180 seconds, Stopping threads took: 0.0000180 seconds
43.662: [CMS-concurrent-mark-start]
43.662: Application time: 0.0002730 seconds
43.662: [Full GC43.662: [CMS43.694: [CMS-concurrent-mark: 0.031/0.032 secs] [Times: user=0.07 sys=0.00, real=0.03 secs] 
 (concurrent mode failure): 111289K->111288K(111296K), 0.1264220 secs] 160441K->160432K(160448K), [CMS Perm : 12746K->12746K(21248K)], 0.1264600 secs] [Times: user=0.16 sys=0.00, real=0.13 secs] 
43.789: Total time for which application threads were stopped: 0.1266290 seconds, Stopping threads took: 0.0000190 seconds
43.789: Application time: 0.0001420 seconds
43.789: [Full GC43.789: [CMS: 111289K->111288K(111296K), 0.0954720 secs] 160441K->160432K(160448K), [CMS Perm : 12746K->12746K(21248K)], 0.0955080 secs] [Times: user=0.10 sys=0.00, real=0.09 secs] 
43.885: Total time for which application threads were stopped: 0.0956860 seconds, Stopping threads took: 0.0000180 seconds
43.885: Application time: 0.0000610 seconds
43.885: [GC [1 CMS-initial-mark: 111288K(111296K)] 160439K(160448K), 0.0081770 secs] [Times: user=0.00 sys=0.00, real=0.01 secs] 
43.893: Total time for which application threads were stopped: 0.0083550 seconds, Stopping threads took: 0.0000070 seconds
43.893: [CMS-concurrent-mark-start]
43.893: Application time: 0.0002060 seconds
43.893: [Full GC43.893: [CMS43.928: [CMS-concurrent-mark: 0.034/0.035 secs] [Times: user=0.07 sys=0.00, real=0.04 secs] 
 (concurrent mode failure): 111289K->111288K(111296K), 0.1317720 secs] 160441K->160433K(160448K), [CMS Perm : 12746K->12746K(21248K)], 0.1318090 secs] [Times: user=0.16 sys=0.00, real=0.13 secs] 
44.025: Total time for which application threads were stopped: 0.1319810 seconds, Stopping threads took: 0.0000190 seconds
44.025: Application time: 0.0001300 seconds
44.025: [Full GC44.025: [CMS: 111290K->111289K(111296K), 0.0972600 secs] 160442K->160433K(160448K), [CMS Perm : 12746K->12746K(21248K)], 0.0972950 secs] [Times: user=0.10 sys=0.00, real=0.10 secs] 
44.123: Total time for which application threads were stopped: 0.0974830 seconds, Stopping threads took: 0.0000190 seconds
44.123: Application time: 0.0000620 seconds
44.123: [GC [1 CMS-initial-mark: 111289K(111296K)] 160439K(160448K), 0.0081920 secs] [Times: user=0.01 sys=0.00, real=0.01 secs] 
44.131: Total time for which application threads were stopped: 0.0083600 seconds, Stopping threads took: 0.0000060 seconds
44.131: [CMS-concurrent-mark-start]
44.131: Application time: 0.0002070 seconds
44.132: [Full GC44.132: [CMS44.166: [CMS-concurrent-mark: 0.033/0.034 secs] [Times: user=0.06 sys=0.00, real=0.03 secs] 
 (concurrent mode failure): 111290K->111289K(111296K), 0.1319900 secs] 160442K->160433K(160448K), [CMS Perm : 12746K->12746K(21248K)], 0.1320260 secs] [Times: user=0.16 sys=0.00, real=0.13 secs] 
44.264: Total time for which application threads were stopped: 0.1321960 seconds, Stopping threads took: 0.0000200 seconds
44.264: Application time: 0.0001410 seconds
44.264: [Full GC44.264: [CMS: 111290K->111289K(111296K), 0.0985280 secs] 160442K->160434K(160448K), [CMS Perm : 12746K->12746K(21248K)], 0.0985630 secs] [Times: user=0.10 sys=0.00, real=0.10 secs] 
44.363: Total time for which application threads were stopped: 0.0987680 seconds, Stopping threads took: 0.0000190 seconds
44.363: Application time: 0.0000630 seconds
44.363: [GC [1 CMS-initial-mark: 111289K(111296K)] 160440K(160448K), 0.0081750 secs] [Times: user=0.01 sys=0.00, real=0.01 secs] 
44.371: Total time for which application threads were stopped: 0.0083420 seconds, Stopping threads took: 0.0000070 seconds
44.371: [CMS-concurrent-mark-start]
44.375: Application time: 0.0043240 seconds
44.375: [Full GC44.375: [CMS44.404: [CMS-concurrent-mark: 0.032/0.033 secs] [Times: user=0.06 sys=0.00, real=0.03 secs] 
 (concurrent mode failure): 111295K->111291K(111296K), 0.1273950 secs] 160447K->160389K(160448K), [CMS Perm : 12746K->12746K(21248K)], 0.1274330 secs] [Times: user=0.15 sys=0.00, real=0.13 secs] 
44.503: Total time for which application threads were stopped: 0.1276100 seconds, Stopping threads took: 0.0000200 seconds
44.503: Application time: 0.0002920 seconds
44.503: [Full GC44.503: [CMS: 111293K->111293K(111296K), 0.0999860 secs] 160445K->160392K(160448K), [CMS Perm : 12746K->12746K(21248K)], 0.1000200 secs] [Times: user=0.10 sys=0.00, real=0.10 secs] 
44.603: Total time for which application threads were stopped: 0.1002200 seconds, Stopping threads took: 0.0000190 seconds
44.603: Application time: 0.0000750 seconds
44.604: [GC [1 CMS-initial-mark: 111293K(111296K)] 160398K(160448K), 0.0085780 secs] [Times: user=0.01 sys=0.00, real=0.01 secs] 
44.612: Total time for which application threads were stopped: 0.0087570 seconds, Stopping threads took: 0.0000190 seconds
44.612: [CMS-concurrent-mark-start]
44.613: Application time: 0.0003590 seconds
44.613: [Full GC44.613: [CMS44.644: [CMS-concurrent-mark: 0.030/0.031 secs] [Times: user=0.06 sys=0.00, real=0.03 secs] 
 (concurrent mode failure): 111293K->111291K(111296K), 0.1257980 secs] 160442K->160394K(160448K), [CMS Perm : 12746K->12746K(21248K)], 0.1258340 secs] [Times: user=0.16 sys=0.00, real=0.13 secs] 
44.739: Total time for which application threads were stopped: 0.1259920 seconds, Stopping threads took: 0.0000060 seconds
44.739: Application time: 0.0002270 seconds
44.739: [Full GC44.739: [CMS: 111291K->111291K(111296K), 0.0951480 secs] 160440K->160396K(160448K), [CMS Perm : 12746K->12746K(21248K)], 0.0951840 secs] [Times: user=0.09 sys=0.00, real=0.09 secs] 
44.834: Total time for which application threads were stopped: 0.0953720 seconds, Stopping threads took: 0.0000180 seconds
44.834: Application time: 0.0000650 seconds
44.834: [GC [1 CMS-initial-mark: 111291K(111296K)] 160402K(160448K), 0.0081130 secs] [Times: user=0.01 sys=0.00, real=0.01 secs] 
44.843: Total time for which application threads were stopped: 0.0082790 seconds, Stopping threads took: 0.0000060 seconds
44.843: [CMS-concurrent-mark-start]
44.843: Application time: 0.0003520 seconds
44.843: [Full GC44.843: [CMS44.874: [CMS-concurrent-mark: 0.030/0.031 secs] [Times: user=0.06 sys=0.00, real=0.03 secs] 
 (concurrent mode failure): 111291K->111291K(111296K), 0.1260880 secs] 160442K->160399K(160448K), [CMS Perm : 12746K->12746K(21248K)], 0.1261260 secs] [Times: user=0.16 sys=0.00, real=0.13 secs] 
44.969: Total time for which application threads were stopped: 0.1262980 seconds, Stopping threads took: 0.0000200 seconds
44.969: Application time: 0.0002800 seconds
44.970: [Full GC44.970: [CMS: 111295K->111291K(111296K), 0.0977410 secs] 160445K->160401K(160448K), [CMS Perm : 12746K->12746K(21248K)], 0.0977740 secs] [Times: user=0.10 sys=0.00, real=0.10 secs] 
45.067: Total time for which application threads were stopped: 0.0979550 seconds, Stopping threads took: 0.0000190 seconds
45.068: Application time: 0.0000840 seconds
45.068: [GC [1 CMS-initial-mark: 111291K(111296K)] 160406K(160448K), 0.0082550 secs] [Times: user=0.00 sys=0.00, real=0.00 secs] 
45.076: Total time for which application threads were stopped: 0.0084430 seconds, Stopping threads took: 0.0000180 seconds
45.076: [CMS-concurrent-mark-start]
45.076: Application time: 0.0004370 seconds
45.077: [Full GC45.077: [CMS45.109: [CMS-concurrent-mark: 0.032/0.033 secs] [Times: user=0.07 sys=0.00, real=0.04 secs] 
 (concurrent mode failure): 111296K->111292K(111296K), 0.1313340 secs] 160448K->160434K(160448K), [CMS Perm : 12746K->12746K(21248K)], 0.1313770 secs] [Times: user=0.16 sys=0.00, real=0.14 secs] 
45.208: Total time for which application threads were stopped: 0.1315470 seconds, Stopping threads took: 0.0000190 seconds
45.208: Application time: 0.0002050 seconds
45.208: [Full GC45.208: [CMS: 111292K->111292K(111296K), 0.0993030 secs] 160443K->160435K(160448K), [CMS Perm : 12746K->12746K(21248K)], 0.0993380 secs] [Times: user=0.10 sys=0.00, real=0.10 secs] 
45.308: [Full GC45.308: [CMS: 111292K->111292K(111296K), 0.0944430 secs] 160435K->160435K(160448K), [CMS Perm : 12746K->12746K(21248K)], 0.0944750 secs] [Times: user=0.09 sys=0.00, real=0.09 secs] 
45.402: Total time for which application threads were stopped: 0.1940220 seconds, Stopping threads took: 0.0000190 seconds
45.402: Application time: 0.0000610 seconds
45.402: [GC [1 CMS-initial-mark: 111292K(111296K)] 160435K(160448K), 0.0076000 secs] [Times: user=0.01 sys=0.00, real=0.01 secs] 
45.410: Total time for which application threads were stopped: 0.0077800 seconds, Stopping threads took: 0.0000210 seconds
45.410: [CMS-concurrent-mark-start]
45.410: Application time: 0.0004150 seconds
45.411: [Full GC45.411: [CMS45.445: [CMS-concurrent-mark: 0.034/0.035 secs] [Times: user=0.07 sys=0.00, real=0.03 secs] 
 (concurrent mode failure): 111295K->111292K(111296K), 0.1290960 secs] 160447K->160437K(160448K), [CMS Perm : 12746K->12746K(21248K)], 0.1291310 secs] [Times: user=0.16 sys=0.00, real=0.13 secs] 
45.540: Total time for which application threads were stopped: 0.1293180 seconds, Stopping threads took: 0.0000180 seconds
45.540: Application time: 0.0001090 seconds
45.540: [Full GC45.540: [CMS: 111292K->111292K(111296K), 0.0955590 secs] 160443K->160439K(160448K), [CMS Perm : 12746K->12746K(21248K)], 0.0955910 secs] [Times: user=0.10 sys=0.00, real=0.09 secs] 
45.636: Total time for which application threads were stopped: 0.0957690 seconds, Stopping threads took: 0.0000180 seconds
45.636: Application time: 0.0000640 seconds
45.636: [GC [1 CMS-initial-mark: 111292K(111296K)] 160442K(160448K), 0.0085760 secs] [Times: user=0.01 sys=0.00, real=0.01 secs] 
45.644: Total time for which application threads were stopped: 0.0087570 seconds, Stopping threads took: 0.0000110 seconds
45.645: [CMS-concurrent-mark-start]
45.645: Application time: 0.0006210 seconds
45.645: [Full GC45.645: [CMS45.679: [CMS-concurrent-mark: 0.033/0.034 secs] [Times: user=0.06 sys=0.00, real=0.04 secs] 
 (concurrent mode failure): 111295K->111295K(111296K), 0.1283530 secs] 160447K->160442K(160448K), [CMS Perm : 12770K->12770K(21248K)], 0.1284110 secs] [Times: user=0.16 sys=0.00, real=0.13 secs] 
45.774: Total time for which application threads were stopped: 0.1285810 seconds, Stopping threads took: 0.0000200 seconds
45.774: Application time: 0.0000930 seconds
45.774: [Full GC45.774: [CMS: 111295K->111295K(111296K), 0.0944520 secs] 160447K->160442K(160448K), [CMS Perm : 12770K->12770K(21440K)], 0.0944840 secs] [Times: user=0.09 sys=0.00, real=0.10 secs] 
45.868: Total time for which application threads were stopped: 0.0946490 seconds, Stopping threads took: 0.0000050 seconds
45.869: Application time: 0.0000740 seconds
45.869: [GC [1 CMS-initial-mark: 111295K(111296K)] 160442K(160448K), 0.0079930 secs] [Times: user=0.01 sys=0.00, real=0.00 secs] 
45.877: Total time for which application threads were stopped: 0.0081650 seconds, Stopping threads took: 0.0000180 seconds
45.877: [CMS-concurrent-mark-start]
45.877: Application time: 0.0001440 seconds
45.877: [Full GC45.877: [CMS45.912: [CMS-concurrent-mark: 0.034/0.035 secs] [Times: user=0.07 sys=0.00, real=0.04 secs] 
 (concurrent mode failure): 111295K->111295K(111296K), 0.1337660 secs] 160445K->160442K(160448K), [CMS Perm : 12770K->12770K(21440K)], 0.1338020 secs] [Times: user=0.17 sys=0.00, real=0.14 secs] 
46.011: [Full GC46.011: [CMS: 111295K->111295K(111296K), 0.0945200 secs] 160442K->160442K(160448K), [CMS Perm : 12770K->12770K(21440K)], 0.0945590 secs] [Times: user=0.09 sys=0.00, real=0.09 secs] 
46.105: Total time for which application threads were stopped: 0.2285470 seconds, Stopping threads took: 0.0000060 seconds
46.106: Application time: 0.0001890 seconds
46.106: [Full GC46.106: [CMS: 111295K->111295K(111296K), 0.0996930 secs] 160444K->160442K(160448K), [CMS Perm : 12771K->12771K(21440K)], 0.0997250 secs] [Times: user=0.10 sys=0.00, real=0.10 secs] 
46.205: [Full GC46.206: [CMS: 111295K->111295K(111296K), 0.0944730 secs] 160442K->160442K(160448K), [CMS Perm : 12771K->12771K(21440K)], 0.0945030 secs] [Times: user=0.10 sys=0.00, real=0.10 secs] 
46.300: Total time for which application threads were stopped: 0.1944370 seconds, Stopping threads took: 0.0000190 seconds
46.300: Application time: 0.0000550 seconds
46.300: [GC [1 CMS-initial-mark: 111295K(111296K)] 160442K(160448K), 0.0081290 secs] [Times: user=0.01 sys=0.00, real=0.01 secs] 
46.308: Total time for which application threads were stopped: 0.0083240 seconds, Stopping threads took: 0.0000210 seconds
46.308: [CMS-concurrent-mark-start]
46.309: Application time: 0.0003450 seconds
46.309: [Full GC46.309: [CMS46.340: [CMS-concurrent-mark: 0.030/0.031 secs] [Times: user=0.06 sys=0.00, real=0.03 secs] 
 (concurrent mode failure): 111295K->111266K(111296K), 0.1539200 secs] 160447K->160403K(160448K), [CMS Perm : 12771K->12771K(21440K)], 0.1539630 secs] [Times: user=0.18 sys=0.00, real=0.15 secs] 
46.463: Total time for which application threads were stopped: 0.1541500 seconds, Stopping threads took: 0.0000180 seconds
46.464: Application time: 0.0008270 seconds
46.464: [Full GC46.464: [CMS: 111294K->111279K(111296K), 0.1208950 secs] 160446K->160420K(160448K), [CMS Perm : 12773K->12773K(21440K)], 0.1209350 secs] [Times: user=0.12 sys=0.00, real=0.12 secs] 
46.585: Total time for which application threads were stopped: 0.1211930 seconds, Stopping threads took: 0.0000190 seconds
46.585: Application time: 0.0000610 seconds
46.585: [GC [1 CMS-initial-mark: 111279K(111296K)] 160422K(160448K), 0.0076300 secs] [Times: user=0.01 sys=0.00, real=0.01 secs] 
46.593: Total time for which application threads were stopped: 0.0078840 seconds, Stopping threads took: 0.0000270 seconds
46.593: [CMS-concurrent-mark-start]
46.594: Application time: 0.0006480 seconds
46.594: [Full GC46.594: [CMS46.624: [CMS-concurrent-mark: 0.030/0.031 secs] [Times: user=0.06 sys=0.00, real=0.03 secs] 
 (concurrent mode failure): 111295K->111281K(111296K), 0.1278770 secs] 160447K->160419K(160448K), [CMS Perm : 12773K->12773K(21440K)], 0.1279130 secs] [Times: user=0.16 sys=0.00, real=0.13 secs] 
46.722: Total time for which application threads were stopped: 0.1280760 seconds, Stopping threads took: 0.0000100 seconds
46.723: Application time: 0.0010850 seconds
46.723: [Full GC46.723: [CMS: 111295K->111282K(111296K), 0.1234500 secs] 160447K->160420K(160448K), [CMS Perm : 12773K->12773K(21440K)], 0.1234940 secs] [Times: user=0.13 sys=0.00, real=0.12 secs] 
46.846: Total time for which application threads were stopped: 0.1236980 seconds, Stopping threads took: 0.0000100 seconds
46.846: Application time: 0.0000670 seconds
46.847: [GC [1 CMS-initial-mark: 111282K(111296K)] 160425K(160448K), 0.0075650 secs] [Times: user=0.01 sys=0.00, real=0.00 secs] 
46.854: Total time for which application threads were stopped: 0.0078890 seconds, Stopping threads took: 0.0000600 seconds
46.854: [CMS-concurrent-mark-start]
46.855: Application time: 0.0005050 seconds
46.855: [Full GC46.855: [CMS46.888: [CMS-concurrent-mark: 0.032/0.033 secs] [Times: user=0.06 sys=0.00, real=0.04 secs] 
 (concurrent mode failure): 111290K->111289K(111296K), 0.1565960 secs] 160442K->160402K(160448K), [CMS Perm : 12773K->12773K(21440K)], 0.1566360 secs] [Times: user=0.19 sys=0.00, real=0.16 secs] 
47.012: Total time for which application threads were stopped: 0.1568090 seconds, Stopping threads took: 0.0000190 seconds
47.012: Application time: 0.0001230 seconds
47.012: [Full GC47.012: [CMS: 111289K->111289K(111296K), 0.1068610 secs] 160424K->160413K(160448K), [CMS Perm : 12773K->12773K(21440K)], 0.1069060 secs] [Times: user=0.10 sys=0.00, real=0.11 secs] 
47.119: [Full GC47.119: [CMS: 111289K->111277K(111296K), 0.0947370 secs] 160413K->160401K(160448K), [CMS Perm : 12773K->12773K(21440K)], 0.0947690 secs] [Times: user=0.10 sys=0.00, real=0.09 secs] 
47.214: Total time for which application threads were stopped: 0.2019470 seconds, Stopping threads took: 0.0000110 seconds
47.214: Application time: 0.0000560 seconds
47.214: [GC [1 CMS-initial-mark: 111277K(111296K)] 160401K(160448K), 0.0076130 secs] [Times: user=0.01 sys=0.00, real=0.01 secs] 
47.222: Total time for which application threads were stopped: 0.0077910 seconds, Stopping threads took: 0.0000200 seconds
47.222: [CMS-concurrent-mark-start]
47.222: Application time: 0.0006430 seconds
47.222: [Full GC47.222: [CMS47.256: [CMS-concurrent-mark: 0.033/0.034 secs] [Times: user=0.06 sys=0.00, real=0.03 secs] 
 (concurrent mode failure): 111295K->111279K(111296K), 0.1546860 secs] 160447K->160393K(160448K), [CMS Perm : 12773K->12773K(21440K)], 0.1547260 secs] [Times: user=0.19 sys=0.00, real=0.15 secs] 
47.377: Total time for which application threads were stopped: 0.1548860 seconds, Stopping threads took: 0.0000060 seconds
47.378: Application time: 0.0005260 seconds
47.378: [Full GC47.378: [CMS: 111289K->111283K(111296K), 0.1239580 secs] 160441K->160398K(160448K), [CMS Perm : 12773K->12773K(21440K)], 0.1239980 secs] [Times: user=0.12 sys=0.00, real=0.13 secs] 
47.502: Total time for which application threads were stopped: 0.1242710 seconds, Stopping threads took: 0.0000190 seconds
47.502: Application time: 0.0000670 seconds
47.502: [GC [1 CMS-initial-mark: 111283K(111296K)] 160401K(160448K), 0.0080230 secs] [Times: user=0.01 sys=0.00, real=0.01 secs] 
47.510: Total time for which application threads were stopped: 0.0082620 seconds, Stopping threads took: 0.0000120 seconds
47.510: [CMS-concurrent-mark-start]
47.511: Application time: 0.0006600 seconds
47.511: [Full GC47.511: [CMS47.544: [CMS-concurrent-mark: 0.032/0.034 secs] [Times: user=0.07 sys=0.00, real=0.03 secs] 
 (concurrent mode failure): 111296K->111295K(111296K), 0.1594090 secs] 160447K->160400K(160448K), [CMS Perm : 12773K->12773K(21440K)], 0.1594510 secs] [Times: user=0.19 sys=0.00, real=0.16 secs] 
47.671: Total time for which application threads were stopped: 0.1596450 seconds, Stopping threads took: 0.0000190 seconds
47.671: Application time: 0.0008160 seconds
47.672: Total time for which application threads were stopped: 0.0002500 seconds, Stopping threads took: 0.0000490 seconds
47.672: Application time: 0.0000140 seconds
47.672: [GC [1 CMS-initial-mark: 111295K(111296K)] 160420K(160448K), 0.0077090 secs] [Times: user=0.01 sys=0.00, real=0.01 secs] 
47.679: Total time for which application threads were stopped: 0.0078110 seconds, Stopping threads took: 0.0000370 seconds
47.680: [CMS-concurrent-mark-start]
47.680: Application time: 0.0001530 seconds
47.680: [Full GC47.680: [CMS47.710: [CMS-concurrent-mark: 0.030/0.031 secs] [Times: user=0.06 sys=0.00, real=0.03 secs] 
 (concurrent mode failure): 111295K->111295K(111296K), 0.1554720 secs] 160442K->160415K(160448K), [CMS Perm : 12773K->12773K(21440K)], 0.1555150 secs] [Times: user=0.19 sys=0.00, real=0.15 secs] 
47.835: Total time for which application threads were stopped: 0.1556810 seconds, Stopping threads took: 0.0000070 seconds
47.835: Application time: 0.0001120 seconds
47.836: [Full GC47.836: [CMS: 111295K->111295K(111296K), 0.0947860 secs] 160444K->160444K(160448K), [CMS Perm : 12773K->12773K(21440K)], 0.0948240 secs] [Times: user=0.09 sys=0.00, real=0.10 secs] 
47.930: [Full GC47.930: [CMS: 111295K->111295K(111296K), 0.1027490 secs] 160444K->160406K(160448K), [CMS Perm : 12773K->12773K(21440K)], 0.1027870 secs] [Times: user=0.10 sys=0.00, real=0.10 secs] 
48.033: Total time for which application threads were stopped: 0.1978900 seconds, Stopping threads took: 0.0000090 seconds
48.033: Application time: 0.0001090 seconds
48.034: [Full GC48.034: [CMS: 111295K->111295K(111296K), 0.0949220 secs] 160446K->160446K(160448K), [CMS Perm : 12773K->12773K(21440K)], 0.0949650 secs] [Times: user=0.10 sys=0.00, real=0.10 secs] 
48.129: [Full GC48.129: [CMS: 111295K->111295K(111296K), 0.0946950 secs] 160446K->160446K(160448K), [CMS Perm : 12773K->12773K(21440K)], 0.0947250 secs] [Times: user=0.09 sys=0.00, real=0.09 secs] 
48.223: Total time for which application threads were stopped: 0.1899920 seconds, Stopping threads took: 0.0000210 seconds
48.223: Application time: 0.0000610 seconds
48.224: [Full GC48.224: [CMS: 111295K->111296K(111296K), 0.1030820 secs] 160447K->160432K(160448K), [CMS Perm : 12773K->12773K(21440K)], 0.1031190 secs] [Times: user=0.10 sys=0.00, real=0.11 secs] 
48.327: [Full GC48.327: [CMS: 111296K->111296K(111296K), 0.1173790 secs] 160432K->160432K(160448K), [CMS Perm : 12773K->12773K(21440K)], 0.1174160 secs] [Times: user=0.12 sys=0.00, real=0.11 secs] 
48.444: Total time for which application threads were stopped: 0.2207780 seconds, Stopping threads took: 0.0000330 seconds
48.444: Application time: 0.0000690 seconds
48.444: [Full GC48.444: [CMS: 111296K->111296K(111296K), 0.0945670 secs] 160442K->160420K(160448K), [CMS Perm : 12773K->12773K(21440K)], 0.0946040 secs] [Times: user=0.09 sys=0.00, real=0.10 secs] 
48.539: Total time for which application threads were stopped: 0.0947780 seconds, Stopping threads took: 0.0000110 seconds
48.539: Application time: 0.0000630 seconds
48.539: [Full GC48.539: [CMS: 111296K->111296K(111296K), 0.0945740 secs] 160436K->160436K(160448K), [CMS Perm : 12773K->12773K(21440K)], 0.0946120 secs] [Times: user=0.10 sys=0.00, real=0.09 secs] 
48.634: [Full GC48.634: [CMS: 111296K->111296K(111296K), 0.0945020 secs] 160436K->160436K(160448K), [CMS Perm : 12773K->12773K(21440K)], 0.0945350 secs] [Times: user=0.09 sys=0.00, real=0.10 secs] 
48.729: Total time for which application threads were stopped: 0.1893770 seconds, Stopping threads took: 0.0000210 seconds
48.729: Application time: 0.0000560 seconds
48.729: [GC [1 CMS-initial-mark: 111296K(111296K)] 160446K(160448K), 0.0081820 secs] [Times: user=0.01 sys=0.00, real=0.00 secs] 
48.737: Total time for which application threads were stopped: 0.0084480 seconds, Stopping threads took: 0.0001080 seconds
48.737: [CMS-concurrent-mark-start]
48.737: Application time: 0.0000930 seconds
48.737: [Full GC48.737: [CMS48.768: [CMS-concurrent-mark: 0.029/0.030 secs] [Times: user=0.06 sys=0.00, real=0.04 secs] 
 (concurrent mode failure): 111296K->111296K(111296K), 0.1363410 secs] 160446K->160432K(160448K), [CMS Perm : 12773K->12773K(21440K)], 0.1363800 secs] [Times: user=0.16 sys=0.00, real=0.14 secs] 
48.874: Total time for which application threads were stopped: 0.1365770 seconds, Stopping threads took: 0.0000410 seconds
48.874: Application time: 0.0000510 seconds
48.874: [Full GC48.874: [CMS: 111296K->111296K(111296K), 0.1023140 secs] 160446K->160440K(160448K), [CMS Perm : 12773K->12773K(21440K)], 0.1023500 secs] [Times: user=0.11 sys=0.00, real=0.10 secs] 
48.976: [Full GC48.976: [CMS: 111296K->111296K(111296K), 0.0946190 secs] 160440K->160440K(160448K), [CMS Perm : 12773K->12773K(21440K)], 0.0946500 secs] [Times: user=0.09 sys=0.00, real=0.10 secs] 
49.071: Total time for which application threads were stopped: 0.1972150 seconds, Stopping threads took: 0.0000230 seconds
49.071: Application time: 0.0000580 seconds
49.071: [GC [1 CMS-initial-mark: 111296K(111296K)] 160446K(160448K), 0.0082430 secs] [Times: user=0.01 sys=0.00, real=0.01 secs] 
49.079: Total time for which application threads were stopped: 0.0084430 seconds, Stopping threads took: 0.0000230 seconds
49.080: [CMS-concurrent-mark-start]
49.080: Application time: 0.0001490 seconds
49.080: [Full GC49.080: [CMS49.110: [CMS-concurrent-mark: 0.030/0.031 secs] [Times: user=0.06 sys=0.00, real=0.03 secs] 
 (concurrent mode failure): 111296K->111296K(111296K), 0.1332430 secs] 160447K->160427K(160448K), [CMS Perm : 12774K->12774K(21440K)], 0.1332860 secs] [Times: user=0.16 sys=0.00, real=0.13 secs] 
49.213: [Full GC49.213: [CMS: 111296K->111296K(111296K), 0.0946480 secs] 160427K->160427K(160448K), [CMS Perm : 12774K->12774K(21440K)], 0.0946810 secs] [Times: user=0.10 sys=0.00, real=0.10 secs] 
49.308: Total time for which application threads were stopped: 0.2281740 seconds, Stopping threads took: 0.0000170 seconds
49.308: Application time: 0.0000940 seconds
49.308: [Full GC49.308: [CMS: 111296K->111295K(111296K), 0.1092670 secs] 160443K->160421K(160448K), [CMS Perm : 12774K->12774K(21440K)], 0.1093100 secs] [Times: user=0.11 sys=0.00, real=0.10 secs] 
49.417: [Full GC49.417: [CMS: 111295K->111295K(111296K), 0.0949580 secs] 160421K->160421K(160448K), [CMS Perm : 12774K->12774K(21440K)], 0.0949900 secs] [Times: user=0.09 sys=0.00, real=0.10 secs] 
49.512: Total time for which application threads were stopped: 0.2045550 seconds, Stopping threads took: 0.0000560 seconds
49.513: Application time: 0.0000550 seconds
49.513: [GC [1 CMS-initial-mark: 111295K(111296K)] 160437K(160448K), 0.0084520 secs] [Times: user=0.01 sys=0.00, real=0.01 secs] 
49.521: Total time for which application threads were stopped: 0.0088220 seconds, Stopping threads took: 0.0001880 seconds
49.521: [CMS-concurrent-mark-start]
49.521: Application time: 0.0000770 seconds
49.522: Total time for which application threads were stopped: 0.0001350 seconds, Stopping threads took: 0.0000160 seconds
49.522: Application time: 0.0001610 seconds
49.522: [Full GC49.522: [CMS49.552: [CMS-concurrent-mark: 0.030/0.031 secs] [Times: user=0.06 sys=0.00, real=0.03 secs] 
 (concurrent mode failure): 111295K->111295K(111296K), 0.1255050 secs] 160445K->160413K(160448K), [CMS Perm : 12778K->12778K(21440K)], 0.1255410 secs] [Times: user=0.16 sys=0.00, real=0.13 secs] 
49.647: Total time for which application threads were stopped: 0.1256160 seconds, Stopping threads took: 0.0000050 seconds
49.647: Application time: 0.0001110 seconds
49.648: [Full GC49.648: [CMS: 111295K->111295K(111296K), 0.1065890 secs] 160444K->160437K(160448K), [CMS Perm : 12778K->12778K(21440K)], 0.1066260 secs] [Times: user=0.10 sys=0.00, real=0.10 secs] 
49.754: [Full GC49.754: [CMS: 111295K->111295K(111296K), 0.1065670 secs] 160437K->160433K(160448K), [CMS Perm : 12778K->12778K(21440K)], 0.1065980 secs] [Times: user=0.11 sys=0.00, real=0.11 secs] 
49.861: Total time for which application threads were stopped: 0.2135650 seconds, Stopping threads took: 0.0001070 seconds
49.861: Application time: 0.0000460 seconds
49.861: [GC [1 CMS-initial-mark: 111295K(111296K)] 160433K(160448K), 0.0081890 secs] [Times: user=0.01 sys=0.00, real=0.01 secs] 
49.870: Total time for which application threads were stopped: 0.0084660 seconds, Stopping threads took: 0.0000930 seconds
49.870: [CMS-concurrent-mark-start]
49.870: Application time: 0.0001740 seconds
49.870: Total time for which application threads were stopped: 0.0002550 seconds, Stopping threads took: 0.0001140 seconds
49.870: Application time: 0.0000760 seconds
49.870: Total time for which application threads were stopped: 0.0001050 seconds, Stopping threads took: 0.0000710 seconds
49.870: Application time: 0.0000440 seconds
49.870: Total time for which application threads were stopped: 0.0000460 seconds, Stopping threads took: 0.0000140 seconds
49.870: Application time: 0.0000110 seconds
49.870: [Full GC49.870: [CMS49.902: [CMS-concurrent-mark: 0.032/0.033 secs] [Times: user=0.06 sys=0.00, real=0.03 secs] 
 (concurrent mode failure): 111295K->111295K(111296K), 0.1267030 secs] 160445K->160428K(160448K), [CMS Perm : 12780K->12780K(21440K)], 0.1267400 secs] [Times: user=0.16 sys=0.00, real=0.12 secs] 
49.997: [Full GC49.997: [CMS: 111295K->111295K(111296K), 0.0944720 secs] 160428K->160428K(160448K), [CMS Perm : 12780K->12780K(21440K)], 0.0945030 secs] [Times: user=0.09 sys=0.00, real=0.10 secs] 
50.092: Total time for which application threads were stopped: 0.2213530 seconds, Stopping threads took: 0.0000120 seconds
50.092: Application time: 0.0001470 seconds
50.092: Total time for which application threads were stopped: 0.0002030 seconds, Stopping threads took: 0.0000680 seconds
50.092: Application time: 0.0000300 seconds
50.092: [GC [1 CMS-initial-mark: 111295K(111296K)] 160432K(160448K), 0.0077050 secs] [Times: user=0.01 sys=0.00, real=0.01 secs] 
50.100: Total time for which application threads were stopped: 0.0077820 seconds, Stopping threads took: 0.0000140 seconds
50.100: [CMS-concurrent-mark-start]
50.100: Application time: 0.0002540 seconds
50.100: [Full GC50.100: [CMS50.132: [CMS-concurrent-mark: 0.032/0.033 secs] [Times: user=0.07 sys=0.00, real=0.03 secs] 
 (concurrent mode failure): 111295K->111295K(111296K), 0.1427620 secs] 160438K->160414K(160448K), [CMS Perm : 12780K->12780K(21440K)], 0.1428030 secs] [Times: user=0.18 sys=0.00, real=0.14 secs] 
50.243: Total time for which application threads were stopped: 0.1429630 seconds, Stopping threads took: 0.0000060 seconds
50.243: Application time: 0.0001370 seconds
50.243: [Full GC50.243: [CMS: 111295K->111295K(111296K), 0.1457910 secs] 160444K->160437K(160448K), [CMS Perm : 12780K->12780K(21440K)], 0.1458350 secs] [Times: user=0.14 sys=0.00, real=0.15 secs] 
50.389: [Full GC50.389: [CMS: 111295K->111295K(111296K), 0.1231340 secs] 160437K->160437K(160448K), [CMS Perm : 12780K->12780K(21440K)], 0.1231730 secs] [Times: user=0.13 sys=0.00, real=0.12 secs] 
50.512: Total time for which application threads were stopped: 0.2692530 seconds, Stopping threads took: 0.0000070 seconds
50.512: Application time: 0.0000560 seconds
50.513: [GC [1 CMS-initial-mark: 111295K(111296K)] 160437K(160448K), 0.0113330 secs] [Times: user=0.01 sys=0.00, real=0.01 secs] 
50.524: Total time for which application threads were stopped: 0.0115150 seconds, Stopping threads took: 0.0000190 seconds
50.524: [CMS-concurrent-mark-start]
50.524: Application time: 0.0003440 seconds
50.524: [Full GC50.524: [CMS50.556: [CMS-concurrent-mark: 0.031/0.032 secs] [Times: user=0.06 sys=0.00, real=0.03 secs] 
 (concurrent mode failure): 111295K->111295K(111296K), 0.1320620 secs] 160447K->160431K(160448K), [CMS Perm : 12780K->12780K(21440K)], 0.1320980 secs] [Times: user=0.16 sys=0.00, real=0.13 secs] 
50.657: Total time for which application threads were stopped: 0.1322690 seconds, Stopping threads took: 0.0000200 seconds
50.657: Application time: 0.0001350 seconds
50.657: [Full GC50.657: [CMS: 111295K->111295K(111296K), 0.1068070 secs] 160434K->160415K(160448K), [CMS Perm : 12781K->12781K(21440K)], 0.1068400 secs] [Times: user=0.11 sys=0.00, real=0.11 secs] 
50.764: Total time for which application threads were stopped: 0.1070230 seconds, Stopping threads took: 0.0000190 seconds
50.764: Application time: 0.0000770 seconds
50.764: [GC [1 CMS-initial-mark: 111295K(111296K)] 160433K(160448K), 0.0082060 secs] [Times: user=0.01 sys=0.00, real=0.01 secs] 
50.772: Total time for which application threads were stopped: 0.0083920 seconds, Stopping threads took: 0.0000090 seconds
50.772: [CMS-concurrent-mark-start]
50.772: Application time: 0.0002450 seconds
50.773: [Full GC50.773: [CMS50.803: [CMS-concurrent-mark: 0.030/0.031 secs] [Times: user=0.06 sys=0.00, real=0.03 secs] 
 (concurrent mode failure): 111295K->111295K(111296K), 0.1371600 secs] 160443K->160438K(160448K), [CMS Perm : 12782K->12782K(21440K)], 0.1371970 secs] [Times: user=0.16 sys=0.00, real=0.14 secs] 
50.910: [Full GC50.910: [CMS: 111295K->111295K(111296K), 0.1037630 secs] 160438K->160438K(160448K), [CMS Perm : 12782K->12782K(21440K)], 0.1037960 secs] [Times: user=0.11 sys=0.00, real=0.10 secs] 
51.014: Total time for which application threads were stopped: 0.2411790 seconds, Stopping threads took: 0.0000060 seconds
51.014: Application time: 0.0002590 seconds
51.014: [Full GC51.014: [CMS: 111295K->111295K(111296K), 0.1226130 secs] 160447K->160431K(160448K), [CMS Perm : 12783K->12783K(21440K)], 0.1226540 secs] [Times: user=0.12 sys=0.00, real=0.12 secs] 
51.137: Total time for which application threads were stopped: 0.1228470 seconds, Stopping threads took: 0.0000190 seconds
51.137: Application time: 0.0000880 seconds
51.137: [GC [1 CMS-initial-mark: 111295K(111296K)] 160433K(160448K), 0.0082450 secs] [Times: user=0.01 sys=0.00, real=0.01 secs] 
51.145: Total time for which application threads were stopped: 0.0085100 seconds, Stopping threads took: 0.0000290 seconds
51.145: [CMS-concurrent-mark-start]
51.146: Application time: 0.0002010 seconds
51.146: [Full GC51.146: [CMS51.176: [CMS-concurrent-mark: 0.030/0.031 secs] [Times: user=0.06 sys=0.00, real=0.03 secs] 
 (concurrent mode failure): 111295K->111295K(111296K), 0.1253260 secs] 160440K->160416K(160448K), [CMS Perm : 12783K->12783K(21440K)], 0.1253620 secs] [Times: user=0.15 sys=0.00, real=0.13 secs] 
51.271: Total time for which application threads were stopped: 0.1255420 seconds, Stopping threads took: 0.0000300 seconds
51.271: Application time: 0.0001370 seconds
51.271: [Full GC51.271: [CMS: 111295K->111295K(111296K), 0.0950700 secs] 160446K->160440K(160448K), [CMS Perm : 12783K->12783K(21440K)], 0.0951030 secs] [Times: user=0.10 sys=0.00, real=0.09 secs] 
51.367: [Full GC51.367: [CMS: 111295K->111295K(111296K), 0.0949320 secs] 160440K->160439K(160448K), [CMS Perm : 12783K->12783K(21440K)], 0.0949740 secs] [Times: user=0.09 sys=0.00, real=0.10 secs] 
51.462: Total time for which application threads were stopped: 0.1903040 seconds, Stopping threads took: 0.0000190 seconds
51.462: Application time: 0.0000400 seconds
51.462: [GC [1 CMS-initial-mark: 111295K(111296K)] 160441K(160448K), 0.0075780 secs] [Times: user=0.01 sys=0.00, real=0.01 secs] 
51.469: Total time for which application threads were stopped: 0.0077720 seconds, Stopping threads took: 0.0000260 seconds
51.469: [CMS-concurrent-mark-start]
51.470: Application time: 0.0002140 seconds
51.470: [Full GC51.470: [CMS51.512: [CMS-concurrent-mark: 0.042/0.043 secs] [Times: user=0.09 sys=0.00, real=0.04 secs] 
 (concurrent mode failure): 111296K->111296K(111296K), 0.1394010 secs] 160448K->160429K(160448K), [CMS Perm : 12783K->12783K(21440K)], 0.1394360 secs] [Times: user=0.18 sys=0.00, real=0.14 secs] 
51.609: Total time for which application threads were stopped: 0.1395900 seconds, Stopping threads took: 0.0000060 seconds
51.609: Application time: 0.0001590 seconds
51.609: [Full GC51.609: [CMS: 111296K->111295K(111296K), 0.1035880 secs] 160435K->160413K(160448K), [CMS Perm : 12783K->12783K(21440K)], 0.1036290 secs] [Times: user=0.11 sys=0.00, real=0.10 secs] 
51.713: Total time for which application threads were stopped: 0.1038170 seconds, Stopping threads took: 0.0000190 seconds
51.713: Application time: 0.0000690 seconds
51.713: [GC [1 CMS-initial-mark: 111295K(111296K)] 160432K(160448K), 0.0082030 secs] [Times: user=0.01 sys=0.00, real=0.01 secs] 
51.722: Total time for which application threads were stopped: 0.0084770 seconds, Stopping threads took: 0.0000370 seconds
51.722: [CMS-concurrent-mark-start]
51.722: Application time: 0.0001230 seconds
51.722: [Full GC51.722: [CMS51.753: [CMS-concurrent-mark: 0.030/0.031 secs] [Times: user=0.06 sys=0.00, real=0.03 secs] 
 (concurrent mode failure): 111295K->111295K(111296K), 0.1255580 secs] 160442K->160436K(160448K), [CMS Perm : 12783K->12783K(21440K)], 0.1255940 secs] [Times: user=0.15 sys=0.00, real=0.13 secs] 
51.848: [Full GC51.848: [CMS: 111295K->111295K(111296K), 0.0949430 secs] 160436K->160436K(160448K), [CMS Perm : 12783K->12783K(21440K)], 0.0949860 secs] [Times: user=0.09 sys=0.01, real=0.09 secs] 
51.943: Total time for which application threads were stopped: 0.2207790 seconds, Stopping threads took: 0.0000060 seconds
51.943: Application time: 0.0002030 seconds
51.943: Total time for which application threads were stopped: 0.0001820 seconds, Stopping threads took: 0.0000200 seconds
51.943: Application time: 0.0000320 seconds
51.943: [GC [1 CMS-initial-mark: 111295K(111296K)] 160444K(160448K), 0.0076060 secs] [Times: user=0.01 sys=0.00, real=0.01 secs] 
51.951: Total time for which application threads were stopped: 0.0076690 seconds, Stopping threads took: 0.0000030 seconds
51.951: [CMS-concurrent-mark-start]
51.951: Application time: 0.0001810 seconds
51.951: [Full GC51.951: [CMS51.983: [CMS-concurrent-mark: 0.031/0.032 secs] [Times: user=0.06 sys=0.00, real=0.03 secs] 
 (concurrent mode failure): 111295K->111295K(111296K), 0.1460430 secs] 160447K->160428K(160448K), [CMS Perm : 12783K->12783K(21440K)], 0.1460840 secs] [Times: user=0.18 sys=0.00, real=0.14 secs] 
52.097: Total time for which application threads were stopped: 0.1462450 seconds, Stopping threads took: 0.0000060 seconds
52.097: Application time: 0.0002370 seconds
52.098: Total time for which application threads were stopped: 0.0002430 seconds, Stopping threads took: 0.0000270 seconds
52.098: Application time: 0.0000720 seconds
52.098: [GC [1 CMS-initial-mark: 111295K(111296K)] 160446K(160448K), 0.0082580 secs] [Times: user=0.01 sys=0.00, real=0.01 secs] 
52.106: Total time for which application threads were stopped: 0.0083380 seconds, Stopping threads took: 0.0000170 seconds
52.106: [CMS-concurrent-mark-start]
52.106: Application time: 0.0001290 seconds
52.106: Total time for which application threads were stopped: 0.0001530 seconds, Stopping threads took: 0.0000230 seconds
52.106: Application time: 0.0000340 seconds
52.106: [Full GC52.106: [CMS52.136: [CMS-concurrent-mark: 0.029/0.030 secs] [Times: user=0.05 sys=0.00, real=0.03 secs] 
 (concurrent mode failure): 111295K->111295K(111296K), 0.1244670 secs] 160447K->160413K(160448K), [CMS Perm : 12783K->12783K(21440K)], 0.1245020 secs] [Times: user=0.15 sys=0.00, real=0.13 secs] 
52.231: Total time for which application threads were stopped: 0.1245730 seconds, Stopping threads took: 0.0000030 seconds
52.231: Application time: 0.0002160 seconds
52.231: [Full GC52.231: [CMS: 111295K->111295K(111296K), 0.0949990 secs] 160441K->160421K(160448K), [CMS Perm : 12783K->12783K(21440K)], 0.0950340 secs] [Times: user=0.09 sys=0.00, real=0.09 secs] 
52.326: Total time for which application threads were stopped: 0.0952080 seconds, Stopping threads took: 0.0000090 seconds
52.326: Application time: 0.0000440 seconds
52.327: [GC [1 CMS-initial-mark: 111295K(111296K)] 160439K(160448K), 0.0076530 secs] [Times: user=0.01 sys=0.00, real=0.01 secs] 
52.334: Total time for which application threads were stopped: 0.0078400 seconds, Stopping threads took: 0.0000290 seconds
52.334: [CMS-concurrent-mark-start]
52.334: Application time: 0.0001690 seconds
52.335: Total time for which application threads were stopped: 0.0001480 seconds, Stopping threads took: 0.0000240 seconds
52.335: Application time: 0.0000570 seconds
52.335: Total time for which application threads were stopped: 0.0000500 seconds, Stopping threads took: 0.0000050 seconds
52.335: Application time: 0.0000270 seconds
52.335: Total time for which application threads were stopped: 0.0000370 seconds, Stopping threads took: 0.0000030 seconds
52.335: Application time: 0.0001070 seconds
52.335: [Full GC52.335: [CMS52.365: [CMS-concurrent-mark: 0.030/0.031 secs] [Times: user=0.06 sys=0.00, real=0.03 secs] 
 (concurrent mode failure): 111295K->111295K(111296K), 0.1629740 secs] 160447K->160429K(160448K), [CMS Perm : 12783K->12783K(21440K)], 0.1630180 secs] [Times: user=0.20 sys=0.00, real=0.16 secs] 
52.498: Total time for which application threads were stopped: 0.1630940 seconds, Stopping threads took: 0.0000020 seconds
52.498: Application time: 0.0001880 seconds
52.498: [Full GC52.498: [CMS: 111295K->111295K(111296K), 0.1027850 secs] 160447K->160439K(160448K), [CMS Perm : 12783K->12783K(21440K)], 0.1028200 secs] [Times: user=0.10 sys=0.00, real=0.11 secs] 
52.601: Total time for which application threads were stopped: 0.1030790 seconds, Stopping threads took: 0.0000070 seconds
52.601: Application time: 0.0000700 seconds
52.601: [GC [1 CMS-initial-mark: 111295K(111296K)] 160440K(160448K), 0.0077180 secs] [Times: user=0.01 sys=0.00, real=0.01 secs] 
52.609: Total time for which application threads were stopped: 0.0078820 seconds, Stopping threads took: 0.0000060 seconds
52.609: [CMS-concurrent-mark-start]
52.609: Application time: 0.0001720 seconds
52.609: [Full GC52.609: [CMS52.641: [CMS-concurrent-mark: 0.031/0.032 secs] [Times: user=0.06 sys=0.00, real=0.03 secs] 
 (concurrent mode failure): 111295K->111295K(111296K), 0.1328540 secs] 160447K->160445K(160448K), [CMS Perm : 12783K->12783K(21440K)], 0.1329000 secs] [Times: user=0.16 sys=0.00, real=0.13 secs] 
52.742: Total time for which application threads were stopped: 0.1330580 seconds, Stopping threads took: 0.0000060 seconds
52.742: Application time: 0.0001070 seconds
52.743: [Full GC52.743: [CMS: 111295K->111295K(111296K), 0.1068190 secs] 160447K->160433K(160448K), [CMS Perm : 12783K->12783K(21440K)], 0.1068530 secs] [Times: user=0.11 sys=0.00, real=0.11 secs] 
52.850: Total time for which application threads were stopped: 0.1070510 seconds, Stopping threads took: 0.0000180 seconds
52.850: Application time: 0.0000820 seconds
52.850: [Full GC52.850: [CMS: 111295K->111295K(111296K), 0.1067380 secs] 160435K->160433K(160448K), [CMS Perm : 12783K->12783K(21440K)], 0.1067700 secs] [Times: user=0.10 sys=0.00, real=0.10 secs] 
52.957: [Full GC52.957: [CMS: 111295K->111295K(111296K), 0.0999180 secs] 160433K->160433K(160448K), [CMS Perm : 12783K->12783K(21440K)], 0.0999500 secs] [Times: user=0.10 sys=0.00, real=0.10 secs] 
53.057: Total time for which application threads were stopped: 0.2069160 seconds, Stopping threads took: 0.0000090 seconds
53.057: Application time: 0.0000640 seconds
53.057: [GC [1 CMS-initial-mark: 111295K(111296K)] 160443K(160448K), 0.0075840 secs] [Times: user=0.01 sys=0.00, real=0.01 secs] 
53.064: Total time for which application threads were stopped: 0.0077680 seconds, Stopping threads took: 0.0000150 seconds
53.064: [CMS-concurrent-mark-start]
53.065: Application time: 0.0002230 seconds
53.065: [Full GC53.065: [CMS53.097: [CMS-concurrent-mark: 0.031/0.032 secs] [Times: user=0.07 sys=0.00, real=0.03 secs] 
 (concurrent mode failure): 111295K->111295K(111296K), 0.1472870 secs] 160447K->160424K(160448K), [CMS Perm : 12783K->12783K(21440K)], 0.1473250 secs] [Times: user=0.18 sys=0.00, real=0.15 secs] 
53.212: Total time for which application threads were stopped: 0.1474830 seconds, Stopping threads took: 0.0000060 seconds
53.212: Application time: 0.0002110 seconds
53.212: [Full GC53.212: [CMS: 111295K->111295K(111296K), 0.1142640 secs] 160447K->160428K(160448K), [CMS Perm : 12783K->12783K(21440K)], 0.1143030 secs] [Times: user=0.12 sys=0.00, real=0.12 secs] 
53.327: Total time for which application threads were stopped: 0.1145580 seconds, Stopping threads took: 0.0000190 seconds
53.327: Application time: 0.0000500 seconds
53.327: [GC [1 CMS-initial-mark: 111295K(111296K)] 160438K(160448K), 0.0082080 secs] [Times: user=0.00 sys=0.00, real=0.00 secs] 
53.335: Total time for which application threads were stopped: 0.0084600 seconds, Stopping threads took: 0.0000240 seconds
53.335: [CMS-concurrent-mark-start]
53.336: Application time: 0.0002030 seconds
53.336: [Full GC53.336: [CMS53.368: [CMS-concurrent-mark: 0.031/0.032 secs] [Times: user=0.07 sys=0.00, real=0.04 secs] 
 (concurrent mode failure): 111296K->111296K(111296K), 0.1277040 secs] 160447K->160430K(160448K), [CMS Perm : 12783K->12783K(21440K)], 0.1277390 secs] [Times: user=0.15 sys=0.00, real=0.13 secs] 
53.463: Total time for which application threads were stopped: 0.1279090 seconds, Stopping threads took: 0.0000190 seconds
53.464: Application time: 0.0001230 seconds
53.464: [Full GC53.464: [CMS: 111296K->111295K(111296K), 0.1066840 secs] 160447K->160432K(160448K), [CMS Perm : 12783K->12783K(21440K)], 0.1067190 secs] [Times: user=0.11 sys=0.00, real=0.11 secs] 
53.570: Total time for which application threads were stopped: 0.1069010 seconds, Stopping threads took: 0.0000190 seconds
53.571: Application time: 0.0000770 seconds
53.571: [GC [1 CMS-initial-mark: 111295K(111296K)] 160439K(160448K), 0.0081700 secs] [Times: user=0.01 sys=0.00, real=0.01 secs] 
53.579: Total time for which application threads were stopped: 0.0083490 seconds, Stopping threads took: 0.0000070 seconds
53.579: [CMS-concurrent-mark-start]
53.579: Application time: 0.0002620 seconds
53.579: [Full GC53.579: [CMS53.611: [CMS-concurrent-mark: 0.031/0.032 secs] [Times: user=0.06 sys=0.00, real=0.03 secs] 
 (concurrent mode failure): 111295K->111295K(111296K), 0.1346190 secs] 160447K->160436K(160448K), [CMS Perm : 12783K->12783K(21440K)], 0.1346660 secs] [Times: user=0.16 sys=0.00, real=0.13 secs] 
53.714: Total time for which application threads were stopped: 0.1348470 seconds, Stopping threads took: 0.0000290 seconds
53.714: Application time: 0.0001590 seconds
53.714: [Full GC53.714: [CMS: 111295K->111295K(111296K), 0.1068470 secs] 160447K->160437K(160448K), [CMS Perm : 12783K->12783K(21440K)], 0.1068800 secs] [Times: user=0.11 sys=0.00, real=0.11 secs] 
53.821: [Full GC53.821: [CMS: 111295K->111295K(111296K), 0.1066860 secs] 160437K->160429K(160448K), [CMS Perm : 12783K->12783K(21440K)], 0.1067160 secs] [Times: user=0.11 sys=0.00, real=0.11 secs] 
53.928: Total time for which application threads were stopped: 0.2138060 seconds, Stopping threads took: 0.0000190 seconds
53.928: Application time: 0.0000570 seconds
53.928: [GC [1 CMS-initial-mark: 111295K(111296K)] 160438K(160448K), 0.0075650 secs] [Times: user=0.00 sys=0.00, real=0.00 secs] 
53.936: Total time for which application threads were stopped: 0.0077380 seconds, Stopping threads took: 0.0000180 seconds
53.936: [CMS-concurrent-mark-start]
53.936: Application time: 0.0001090 seconds
53.936: [Full GC53.936: [CMS53.968: [CMS-concurrent-mark: 0.031/0.032 secs] [Times: user=0.07 sys=0.00, real=0.04 secs] 
 (concurrent mode failure): 111295K->111295K(111296K), 0.1384370 secs] 160442K->160433K(160448K), [CMS Perm : 12783K->12783K(21440K)], 0.1384720 secs] [Times: user=0.17 sys=0.00, real=0.14 secs] 
54.075: Total time for which application threads were stopped: 0.1386290 seconds, Stopping threads took: 0.0000060 seconds
54.075: Application time: 0.0000900 seconds
54.075: [Full GC54.075: [CMS: 111295K->111295K(111296K), 0.0994390 secs] 160447K->160438K(160448K), [CMS Perm : 12783K->12783K(21440K)], 0.0994740 secs] [Times: user=0.10 sys=0.00, real=0.10 secs] 
54.174: Total time for which application threads were stopped: 0.0996710 seconds, Stopping threads took: 0.0000180 seconds
54.174: Application time: 0.0000720 seconds
54.174: [GC [1 CMS-initial-mark: 111295K(111296K)] 160447K(160448K), 0.0081920 secs] [Times: user=0.01 sys=0.00, real=0.01 secs] 
54.183: Total time for which application threads were stopped: 0.0083520 seconds, Stopping threads took: 0.0000060 seconds
54.183: [CMS-concurrent-mark-start]
54.183: Application time: 0.0000900 seconds
54.183: [Full GC54.183: [CMS54.214: [CMS-concurrent-mark: 0.030/0.031 secs] [Times: user=0.06 sys=0.00, real=0.03 secs] 
 (concurrent mode failure): 111295K->111295K(111296K), 0.1252710 secs] 160447K->160438K(160448K), [CMS Perm : 12783K->12783K(21440K)], 0.1253060 secs] [Times: user=0.15 sys=0.00, real=0.13 secs] 
54.308: Total time for which application threads were stopped: 0.1254600 seconds, Stopping threads took: 0.0000050 seconds
54.308: Application time: 0.0000840 seconds
54.308: [Full GC54.308: [CMS: 111295K->111295K(111296K), 0.0948460 secs] 160447K->160438K(160448K), [CMS Perm : 12783K->12783K(21440K)], 0.0948760 secs] [Times: user=0.09 sys=0.00, real=0.09 secs] 
54.403: Total time for which application threads were stopped: 0.0950390 seconds, Stopping threads took: 0.0000050 seconds
54.403: Application time: 0.0000770 seconds
54.404: [GC [1 CMS-initial-mark: 111295K(111296K)] 160447K(160448K), 0.0075620 secs] [Times: user=0.01 sys=0.00, real=0.01 secs] 
54.411: Total time for which application threads were stopped: 0.0077210 seconds, Stopping threads took: 0.0000060 seconds
54.411: [CMS-concurrent-mark-start]
54.411: Application time: 0.0000900 seconds
54.411: [Full GC54.411: [CMS54.442: [CMS-concurrent-mark: 0.030/0.031 secs] [Times: user=0.06 sys=0.00, real=0.03 secs] 
 (concurrent mode failure): 111295K->111295K(111296K), 0.1254400 secs] 160447K->160438K(160448K), [CMS Perm : 12783K->12783K(21440K)], 0.1254730 secs] [Times: user=0.15 sys=0.00, real=0.12 secs] 
54.537: Total time for which application threads were stopped: 0.1256290 seconds, Stopping threads took: 0.0000050 seconds
54.537: Application time: 0.0001000 seconds
54.537: [Full GC54.537: [CMS: 111295K->111295K(111296K), 0.1034090 secs] 160447K->160437K(160448K), [CMS Perm : 12783K->12783K(21440K)], 0.1034520 secs] [Times: user=0.11 sys=0.00, real=0.11 secs] 
54.641: Total time for which application threads were stopped: 0.1036200 seconds, Stopping threads took: 0.0000060 seconds
54.641: Application time: 0.0000690 seconds
54.641: [GC [1 CMS-initial-mark: 111295K(111296K)] 160439K(160448K), 0.0080020 secs] [Times: user=0.00 sys=0.00, real=0.01 secs] 
54.649: Total time for which application threads were stopped: 0.0081820 seconds, Stopping threads took: 0.0000070 seconds
54.649: [CMS-concurrent-mark-start]
54.649: Application time: 0.0000800 seconds
54.649: [Full GC54.649: [CMS54.680: [CMS-concurrent-mark: 0.030/0.031 secs] [Times: user=0.06 sys=0.00, real=0.03 secs] 
 (concurrent mode failure): 111295K->111295K(111296K), 0.1254500 secs] 160439K->160437K(160448K), [CMS Perm : 12783K->12783K(21440K)], 0.1254820 secs] [Times: user=0.16 sys=0.00, real=0.12 secs] 
54.775: Total time for which application threads were stopped: 0.1256370 seconds, Stopping threads took: 0.0000050 seconds
54.775: Application time: 0.0000610 seconds
54.775: [Full GC54.775: [CMS: 111295K->111295K(111296K), 0.0950160 secs] 160444K->160437K(160448K), [CMS Perm : 12783K->12783K(21440K)], 0.0950490 secs] [Times: user=0.09 sys=0.00, real=0.10 secs] 
54.870: Total time for which application threads were stopped: 0.0952260 seconds, Stopping threads took: 0.0000160 seconds
54.870: Application time: 0.0000440 seconds
54.870: [GC [1 CMS-initial-mark: 111295K(111296K)] 160444K(160448K), 0.0075870 secs] [Times: user=0.01 sys=0.00, real=0.00 secs] 
54.878: Total time for which application threads were stopped: 0.0078000 seconds, Stopping threads took: 0.0000390 seconds
54.878: [CMS-concurrent-mark-start]
54.878: Application time: 0.0001060 seconds
54.878: Total time for which application threads were stopped: 0.0001300 seconds, Stopping threads took: 0.0000150 seconds
54.878: Application time: 0.0000470 seconds
54.878: Total time for which application threads were stopped: 0.0000330 seconds, Stopping threads took: 0.0000030 seconds
54.878: Application time: 0.0000950 seconds
54.878: [Full GC54.878: [CMS54.909: [CMS-concurrent-mark: 0.030/0.031 secs] [Times: user=0.06 sys=0.00, real=0.04 secs] 
 (concurrent mode failure): 111295K->111295K(111296K), 0.1254700 secs] 160447K->160437K(160448K), [CMS Perm : 12783K->12783K(21440K)], 0.1255020 secs] [Times: user=0.16 sys=0.00, real=0.13 secs] 
55.004: Total time for which application threads were stopped: 0.1255700 seconds, Stopping threads took: 0.0000030 seconds
55.004: Application time: 0.0001950 seconds
55.004: [Full GC55.004: [CMS: 111295K->111295K(111296K), 0.0949880 secs] 160447K->160437K(160448K), [CMS Perm : 12783K->12783K(21440K)], 0.0950200 secs] [Times: user=0.09 sys=0.00, real=0.10 secs] 
55.099: Total time for which application threads were stopped: 0.0952320 seconds, Stopping threads took: 0.0000380 seconds
55.099: Application time: 0.0000530 seconds
55.099: [GC [1 CMS-initial-mark: 111295K(111296K)] 160441K(160448K), 0.0081800 secs] [Times: user=0.01 sys=0.00, real=0.01 secs] 
55.108: Total time for which application threads were stopped: 0.0084320 seconds, Stopping threads took: 0.0000940 seconds
55.108: [CMS-concurrent-mark-start]
55.108: Application time: 0.0001650 seconds
55.108: [Full GC55.108: [CMS55.139: [CMS-concurrent-mark: 0.030/0.031 secs] [Times: user=0.06 sys=0.00, real=0.03 secs] 
 (concurrent mode failure): 111295K->111295K(111296K), 0.1373770 secs] 160447K->160436K(160448K), [CMS Perm : 12783K->12783K(21440K)], 0.1374130 secs] [Times: user=0.17 sys=0.00, real=0.13 secs] 
55.245: Total time for which application threads were stopped: 0.1375710 seconds, Stopping threads took: 0.0000070 seconds
55.246: Application time: 0.0001870 seconds
55.246: [Full GC55.246: [CMS: 111295K->111295K(111296K), 0.1066450 secs] 160447K->160437K(160448K), [CMS Perm : 12783K->12783K(21440K)], 0.1066780 secs] [Times: user=0.11 sys=0.00, real=0.11 secs] 
55.352: Total time for which application threads were stopped: 0.1068770 seconds, Stopping threads took: 0.0000190 seconds
55.353: Application time: 0.0000820 seconds
55.353: [GC [1 CMS-initial-mark: 111295K(111296K)] 160439K(160448K), 0.0081780 secs] [Times: user=0.00 sys=0.00, real=0.01 secs] 
55.361: Total time for which application threads were stopped: 0.0083410 seconds, Stopping threads took: 0.0000070 seconds
55.361: [CMS-concurrent-mark-start]
55.361: Application time: 0.0002980 seconds
55.361: [Full GC55.361: [CMS55.393: [CMS-concurrent-mark: 0.031/0.032 secs] [Times: user=0.07 sys=0.00, real=0.03 secs] 
 (concurrent mode failure): 111295K->111295K(111296K), 0.1380760 secs] 160447K->160437K(160448K), [CMS Perm : 12784K->12784K(21440K)], 0.1381120 secs] [Times: user=0.16 sys=0.00, real=0.14 secs] 
55.499: Total time for which application threads were stopped: 0.1382820 seconds, Stopping threads took: 0.0000190 seconds
55.500: Application time: 0.0001890 seconds
55.500: [Full GC55.500: [CMS: 111295K->111295K(111296K), 0.1069030 secs] 160447K->160437K(160448K), [CMS Perm : 12784K->12784K(21440K)], 0.1069370 secs] [Times: user=0.11 sys=0.00, real=0.11 secs] 
55.607: Total time for which application threads were stopped: 0.1071050 seconds, Stopping threads took: 0.0000060 seconds
55.607: Application time: 0.0000670 seconds
55.607: [GC [1 CMS-initial-mark: 111295K(111296K)] 160439K(160448K), 0.0081800 secs] [Times: user=0.01 sys=0.00, real=0.00 secs] 
55.615: Total time for which application threads were stopped: 0.0083520 seconds, Stopping threads took: 0.0000160 seconds
55.615: [CMS-concurrent-mark-start]
55.616: Application time: 0.0003520 seconds
55.616: [Full GC55.616: [CMS55.647: [CMS-concurrent-mark: 0.031/0.032 secs] [Times: user=0.06 sys=0.00, real=0.04 secs] 
 (concurrent mode failure): 111295K->111295K(111296K), 0.1382300 secs] 160447K->160431K(160448K), [CMS Perm : 12784K->12784K(21440K)], 0.1382660 secs] [Times: user=0.17 sys=0.00, real=0.14 secs] 
55.754: Total time for which application threads were stopped: 0.1384460 seconds, Stopping threads took: 0.0000290 seconds
55.754: Application time: 0.0002780 seconds
55.754: [Full GC55.754: [CMS: 111295K->111295K(111296K), 0.1066310 secs] 160447K->160431K(160448K), [CMS Perm : 12784K->12784K(21440K)], 0.1066650 secs] [Times: user=0.11 sys=0.00, real=0.11 secs] 
55.861: Total time for which application threads were stopped: 0.1068620 seconds, Stopping threads took: 0.0000190 seconds
55.861: Application time: 0.0000930 seconds
55.861: [GC [1 CMS-initial-mark: 111295K(111296K)] 160436K(160448K), 0.0081740 secs] [Times: user=0.00 sys=0.00, real=0.01 secs] 
55.870: Total time for which application threads were stopped: 0.0084240 seconds, Stopping threads took: 0.0000680 seconds
55.870: [CMS-concurrent-mark-start]
55.870: Application time: 0.0001870 seconds
55.870: [Full GC55.870: [CMS55.902: [CMS-concurrent-mark: 0.031/0.032 secs] [Times: user=0.06 sys=0.00, real=0.03 secs] 
 (concurrent mode failure): 111295K->111295K(111296K), 0.1384870 secs] 160440K->160380K(160448K), [CMS Perm : 12784K->12784K(21440K)], 0.1385240 secs] [Times: user=0.16 sys=0.00, real=0.14 secs] 
56.009: Total time for which application threads were stopped: 0.1386830 seconds, Stopping threads took: 0.0000060 seconds
56.009: Application time: 0.0000930 seconds
56.009: [Full GC56.009: [CMS: 111295K->111295K(111296K), 0.1066410 secs] 160445K->160442K(160448K), [CMS Perm : 12784K->12784K(21440K)], 0.1066740 secs] [Times: user=0.11 sys=0.00, real=0.10 secs] 
56.115: [Full GC56.115: [CMS: 111295K->111295K(111296K), 0.1065560 secs] 160442K->160441K(160448K), [CMS Perm : 12784K->12784K(21440K)], 0.1065880 secs] [Times: user=0.11 sys=0.00, real=0.11 secs] 
56.222: Total time for which application threads were stopped: 0.2134600 seconds, Stopping threads took: 0.0000070 seconds
56.222: Application time: 0.0000580 seconds
56.222: [GC [1 CMS-initial-mark: 111295K(111296K)] 160443K(160448K), 0.0075290 secs] [Times: user=0.01 sys=0.00, real=0.01 secs] 
56.230: Total time for which application threads were stopped: 0.0077090 seconds, Stopping threads took: 0.0000260 seconds
56.230: [CMS-concurrent-mark-start]
56.230: Application time: 0.0000820 seconds
56.230: [Full GC56.230: [CMS56.261: [CMS-concurrent-mark: 0.030/0.031 secs] [Times: user=0.05 sys=0.01, real=0.03 secs] 
 (concurrent mode failure): 111295K->111295K(111296K), 0.1257490 secs] 160443K->160402K(160448K), [CMS Perm : 12784K->12784K(21440K)], 0.1257900 secs] [Times: user=0.15 sys=0.01, real=0.12 secs] 
56.356: Total time for which application threads were stopped: 0.1259600 seconds, Stopping threads took: 0.0000210 seconds
56.356: Application time: 0.0000800 seconds
56.356: Total time for which application threads were stopped: 0.0001720 seconds, Stopping threads took: 0.0000230 seconds
56.356: Application time: 0.0000310 seconds
56.356: [GC [1 CMS-initial-mark: 111295K(111296K)] 160429K(160448K), 0.0075890 secs] [Times: user=0.00 sys=0.00, real=0.01 secs] 
56.364: Total time for which application threads were stopped: 0.0076830 seconds, Stopping threads took: 0.0000340 seconds
56.364: [CMS-concurrent-mark-start]
56.364: Application time: 0.0001280 seconds
56.364: [Full GC56.364: [CMS56.395: [CMS-concurrent-mark: 0.030/0.031 secs] [Times: user=0.06 sys=0.00, real=0.03 secs] 
 (concurrent mode failure): 111295K->111295K(111296K), 0.1254560 secs] 160434K->160429K(160448K), [CMS Perm : 12784K->12784K(21440K)], 0.1254970 secs] [Times: user=0.15 sys=0.00, real=0.13 secs] 
56.491: [Full GC56.491: [CMS: 111295K->111295K(111296K), 0.0957340 secs] 160429K->160429K(160448K), [CMS Perm : 12784K->12784K(21440K)], 0.0957650 secs] [Times: user=0.10 sys=0.00, real=0.10 secs] 
56.587: Total time for which application threads were stopped: 0.2228940 seconds, Stopping threads took: 0.0000210 seconds
56.587: Application time: 0.0000840 seconds
56.587: [Full GC56.587: [CMS: 111295K->111295K(111296K), 0.0960930 secs] 160441K->160436K(160448K), [CMS Perm : 12784K->12784K(21440K)], 0.0961240 secs] [Times: user=0.09 sys=0.00, real=0.09 secs] 
56.683: [Full GC56.683: [CMS: 111295K->111295K(111296K), 0.0950260 secs] 160436K->160436K(160448K), [CMS Perm : 12784K->12784K(21440K)], 0.0950590 secs] [Times: user=0.10 sys=0.00, real=0.09 secs] 
56.778: Total time for which application threads were stopped: 0.1913880 seconds, Stopping threads took: 0.0000150 seconds
56.778: Application time: 0.0000590 seconds
56.779: [GC [1 CMS-initial-mark: 111295K(111296K)] 160438K(160448K), 0.0081680 secs] [Times: user=0.01 sys=0.00, real=0.01 secs] 
56.787: Total time for which application threads were stopped: 0.0085320 seconds, Stopping threads took: 0.0001860 seconds
56.787: [CMS-concurrent-mark-start]
56.787: Application time: 0.0003840 seconds
56.787: [Full GC56.787: [CMS56.817: [CMS-concurrent-mark: 0.029/0.030 secs] [Times: user=0.05 sys=0.00, real=0.02 secs] 
 (concurrent mode failure): 111295K->111295K(111296K), 0.1359360 secs] 160443K->160363K(160448K), [CMS Perm : 12784K->12784K(21440K)], 0.1359730 secs] [Times: user=0.16 sys=0.00, real=0.13 secs] 
56.923: Total time for which application threads were stopped: 0.1361530 seconds, Stopping threads took: 0.0000280 seconds
56.924: Application time: 0.0003550 seconds
56.924: [Full GC56.924: [CMS: 111295K->111296K(111296K), 0.1306130 secs] 160447K->160418K(160448K), [CMS Perm : 12784K->12784K(21440K)], 0.1306510 secs] [Times: user=0.13 sys=0.00, real=0.13 secs] 
57.055: Total time for which application threads were stopped: 0.1308510 seconds, Stopping threads took: 0.0000180 seconds
57.055: Application time: 0.0000620 seconds
57.055: [GC [1 CMS-initial-mark: 111296K(111296K)] 160420K(160448K), 0.0075870 secs] [Times: user=0.01 sys=0.00, real=0.01 secs] 
57.063: Total time for which application threads were stopped: 0.0078450 seconds, Stopping threads took: 0.0000290 seconds
57.063: [CMS-concurrent-mark-start]
57.063: Application time: 0.0005250 seconds
57.063: [Full GC57.063: [CMS57.094: [CMS-concurrent-mark: 0.030/0.031 secs] [Times: user=0.06 sys=0.00, real=0.03 secs] 
 (concurrent mode failure): 111296K->111296K(111296K), 0.1372390 secs] 160447K->160425K(160448K), [CMS Perm : 12784K->12784K(21440K)], 0.1372760 secs] [Times: user=0.17 sys=0.00, real=0.14 secs] 
57.201: Total time for which application threads were stopped: 0.1374660 seconds, Stopping threads took: 0.0000290 seconds
57.201: Application time: 0.0002030 seconds
57.201: [Full GC57.201: [CMS: 111296K->111296K(111296K), 0.1067160 secs] 160448K->160444K(160448K), [CMS Perm : 12784K->12784K(21440K)], 0.1067500 secs] [Times: user=0.10 sys=0.00, real=0.11 secs] 
57.308: Total time for which application threads were stopped: 0.1069310 seconds, Stopping threads took: 0.0000190 seconds
57.308: Application time: 0.0000640 seconds
57.308: [GC [1 CMS-initial-mark: 111296K(111296K)] 160446K(160448K), 0.0081800 secs] [Times: user=0.01 sys=0.00, real=0.00 secs] 
57.316: Total time for which application threads were stopped: 0.0083440 seconds, Stopping threads took: 0.0000100 seconds
57.316: [CMS-concurrent-mark-start]
57.316: Application time: 0.0001910 seconds
57.316: [Full GC57.316: [CMS57.347: [CMS-concurrent-mark: 0.030/0.031 secs] [Times: user=0.06 sys=0.00, real=0.04 secs] 
 (concurrent mode failure): 111296K->111296K(111296K), 0.1285990 secs] 160448K->160447K(160448K), [CMS Perm : 12784K->12784K(21440K)], 0.1286370 secs] [Times: user=0.16 sys=0.00, real=0.13 secs] 
57.445: Total time for which application threads were stopped: 0.1288190 seconds, Stopping threads took: 0.0000290 seconds
57.445: Application time: 0.0000940 seconds
57.445: [Full GC57.445: [CMS: 111296K->111296K(111296K), 0.1067200 secs] 160447K->160447K(160448K), [CMS Perm : 12784K->12784K(21440K)], 0.1067540 secs] [Times: user=0.11 sys=0.00, real=0.11 secs] 
57.552: Total time for which application threads were stopped: 0.1069510 seconds, Stopping threads took: 0.0000190 seconds
57.552: Application time: 0.0000740 seconds
57.552: [GC [1 CMS-initial-mark: 111296K(111296K)] 160447K(160448K), 0.0081900 secs] [Times: user=0.01 sys=0.00, real=0.01 secs] 
57.561: Total time for which application threads were stopped: 0.0083600 seconds, Stopping threads took: 0.0000190 seconds
57.561: [CMS-concurrent-mark-start]
57.561: Application time: 0.0001120 seconds
57.561: [Full GC57.561: [CMS57.590: [CMS-concurrent-mark: 0.029/0.030 secs] [Times: user=0.05 sys=0.00, real=0.03 secs] 
 (concurrent mode failure): 111296K->111296K(111296K), 0.1359330 secs] 160447K->160447K(160448K), [CMS Perm : 12784K->12784K(21440K)], 0.1359710 secs] [Times: user=0.16 sys=0.00, real=0.13 secs] 
57.697: Total time for which application threads were stopped: 0.1361280 seconds, Stopping threads took: 0.0000060 seconds
57.697: Application time: 0.0000760 seconds
57.697: [Full GC57.697: [CMS: 111296K->111296K(111296K), 0.1067140 secs] 160447K->160447K(160448K), [CMS Perm : 12784K->12784K(21440K)], 0.1067460 secs] [Times: user=0.10 sys=0.00, real=0.11 secs] 
57.804: [Full GC57.804: [CMS: 111296K->111296K(111296K), 0.1066140 secs] 160447K->160447K(160448K), [CMS Perm : 12784K->12784K(21440K)], 0.1066460 secs] [Times: user=0.11 sys=0.00, real=0.11 secs] 
57.911: Total time for which application threads were stopped: 0.2136090 seconds, Stopping threads took: 0.0000180 seconds
57.911: Application time: 0.0000630 seconds
57.911: [GC [1 CMS-initial-mark: 111296K(111296K)] 160447K(160448K), 0.0081880 secs] [Times: user=0.00 sys=0.00, real=0.01 secs] 
57.919: Total time for which application threads were stopped: 0.0083570 seconds, Stopping threads took: 0.0000170 seconds
57.919: [CMS-concurrent-mark-start]
57.919: Application time: 0.0000860 seconds
57.919: [Full GC57.919: [CMS57.950: [CMS-concurrent-mark: 0.030/0.031 secs] [Times: user=0.06 sys=0.00, real=0.03 secs] 
 (concurrent mode failure): 111296K->111296K(111296K), 0.1371350 secs] 160447K->160362K(160448K), [CMS Perm : 12784K->12784K(21440K)], 0.1371660 secs] [Times: user=0.17 sys=0.00, real=0.13 secs] 
58.056: Total time for which application threads were stopped: 0.1373190 seconds, Stopping threads took: 0.0000050 seconds
60.057: Application time: 2.0002020 seconds
60.057: [GC [1 CMS-initial-mark: 111296K(111296K)] 160364K(160448K), 0.0143030 secs] [Times: user=0.02 sys=0.00, real=0.02 secs] 
60.071: Total time for which application threads were stopped: 0.0145010 seconds, Stopping threads took: 0.0000150 seconds
60.071: [CMS-concurrent-mark-start]
60.101: [CMS-concurrent-mark: 0.030/0.030 secs] [Times: user=0.06 sys=0.00, real=0.03 secs] 
60.101: [CMS-concurrent-preclean-start]
60.140: [CMS-concurrent-preclean: 0.039/0.039 secs] [Times: user=0.03 sys=0.00, real=0.04 secs] 
60.140: [CMS-concurrent-abortable-preclean-start]
60.140: [CMS-concurrent-abortable-preclean: 0.000/0.000 secs] [Times: user=0.00 sys=0.00, real=0.00 secs] 
60.140: Application time: 0.0692860 seconds
60.141: [GC[YG occupancy: 49068 K (49152 K)]60.141: [Rescan (parallel) , 0.0113740 secs]60.152: [weak refs processing, 0.0000090 secs]60.152: [scrub string table, 0.0001860 secs] [1 CMS-remark: 111296K(111296K)] 160364K(160448K), 0.0116360 secs] [Times: user=0.09 sys=0.00, real=0.01 secs] 
60.152: Total time for which application threads were stopped: 0.0117810 seconds, Stopping threads took: 0.0000110 seconds
60.152: [CMS-concurrent-sweep-start]
60.165: [CMS-concurrent-sweep: 0.012/0.012 secs] [Times: user=0.02 sys=0.00, real=0.01 secs] 
60.165: [CMS-concurrent-reset-start]
60.165: [CMS-concurrent-reset: 0.000/0.000 secs] [Times: user=0.00 sys=0.00, real=0.00 secs] 
62.165: Application time: 2.0127270 seconds
62.165: [GC [1 CMS-initial-mark: 111296K(111296K)] 160364K(160448K), 0.0133120 secs] [Times: user=0.01 sys=0.00, real=0.01 secs] 
62.178: Total time for which application threads were stopped: 0.0135200 seconds, Stopping threads took: 0.0000140 seconds
62.178: [CMS-concurrent-mark-start]
62.209: [CMS-concurrent-mark: 0.031/0.031 secs] [Times: user=0.06 sys=0.00, real=0.04 secs] 
62.209: [CMS-concurrent-preclean-start]
62.209: [CMS-concurrent-preclean: 0.000/0.000 secs] [Times: user=0.00 sys=0.00, real=0.00 secs] 
62.209: [CMS-concurrent-abortable-preclean-start]
62.209: [CMS-concurrent-abortable-preclean: 0.000/0.000 secs] [Times: user=0.00 sys=0.00, real=0.00 secs] 
62.210: Application time: 0.0311740 seconds
62.210: [GC[YG occupancy: 49068 K (49152 K)]62.210: [Rescan (parallel) , 0.0114690 secs]62.221: [weak refs processing, 0.0000100 secs]62.221: [scrub string table, 0.0001420 secs] [1 CMS-remark: 111296K(111296K)] 160364K(160448K), 0.0116660 secs] [Times: user=0.09 sys=0.00, real=0.01 secs] 
62.221: Total time for which application threads were stopped: 0.0118210 seconds, Stopping threads took: 0.0000210 seconds
62.222: [CMS-concurrent-sweep-start]
62.233: [CMS-concurrent-sweep: 0.012/0.012 secs] [Times: user=0.02 sys=0.00, real=0.01 secs] 
62.233: [CMS-concurrent-reset-start]
62.233: [CMS-concurrent-reset: 0.000/0.000 secs] [Times: user=0.00 sys=0.00, real=0.00 secs] 
64.234: Application time: 2.0121310 seconds
64.234: [GC [1 CMS-initial-mark: 111296K(111296K)] 160364K(160448K), 0.0146550 secs] [Times: user=0.01 sys=0.00, real=0.02 secs] 
64.248: Total time for which application threads were stopped: 0.0149070 seconds, Stopping threads took: 0.0000490 seconds
64.248: [CMS-concurrent-mark-start]
64.279: [CMS-concurrent-mark: 0.031/0.031 secs] [Times: user=0.06 sys=0.00, real=0.03 secs] 
64.279: [CMS-concurrent-preclean-start]
64.280: [CMS-concurrent-preclean: 0.000/0.000 secs] [Times: user=0.00 sys=0.00, real=0.00 secs] 
64.280: [CMS-concurrent-abortable-preclean-start]
64.280: [CMS-concurrent-abortable-preclean: 0.000/0.000 secs] [Times: user=0.00 sys=0.00, real=0.00 secs] 
64.280: Application time: 0.0312860 seconds
64.280: [GC[YG occupancy: 49068 K (49152 K)]64.280: [Rescan (parallel) , 0.0115030 secs]64.291: [weak refs processing, 0.0000090 secs]64.291: [scrub string table, 0.0001770 secs] [1 CMS-remark: 111296K(111296K)] 160364K(160448K), 0.0117540 secs] [Times: user=0.09 sys=0.00, real=0.01 secs] 
64.292: Total time for which application threads were stopped: 0.0119090 seconds, Stopping threads took: 0.0000220 seconds
64.292: [CMS-concurrent-sweep-start]
64.304: [CMS-concurrent-sweep: 0.012/0.012 secs] [Times: user=0.02 sys=0.00, real=0.01 secs] 
64.304: [CMS-concurrent-reset-start]
64.304: [CMS-concurrent-reset: 0.000/0.000 secs] [Times: user=0.00 sys=0.00, real=0.00 secs] 
66.304: Application time: 2.0127590 seconds
66.305: [GC [1 CMS-initial-mark: 111296K(111296K)] 160364K(160448K), 0.0145960 secs] [Times: user=0.01 sys=0.00, real=0.02 secs] 
66.319: Total time for which application threads were stopped: 0.0147930 seconds, Stopping threads took: 0.0000140 seconds
66.319: [CMS-concurrent-mark-start]
66.350: [CMS-concurrent-mark: 0.031/0.031 secs] [Times: user=0.06 sys=0.00, real=0.03 secs] 
66.350: [CMS-concurrent-preclean-start]
66.350: [CMS-concurrent-preclean: 0.000/0.000 secs] [Times: user=0.00 sys=0.00, real=0.00 secs] 
66.350: [CMS-concurrent-abortable-preclean-start]
66.350: [CMS-concurrent-abortable-preclean: 0.000/0.000 secs] [Times: user=0.00 sys=0.00, real=0.00 secs] 
66.350: Application time: 0.0310300 seconds
66.350: [GC[YG occupancy: 49068 K (49152 K)]66.350: [Rescan (parallel) , 0.0111320 secs]66.362: [weak refs processing, 0.0000090 secs]66.362: [scrub string table, 0.0001420 secs] [1 CMS-remark: 111296K(111296K)] 160364K(160448K), 0.0113260 secs] [Times: user=0.09 sys=0.00, real=0.01 secs] 
66.362: Total time for which application threads were stopped: 0.0114800 seconds, Stopping threads took: 0.0000210 seconds
66.362: [CMS-concurrent-sweep-start]
66.374: [CMS-concurrent-sweep: 0.012/0.012 secs] [Times: user=0.02 sys=0.00, real=0.01 secs] 
66.374: [CMS-concurrent-reset-start]
66.374: [CMS-concurrent-reset: 0.000/0.000 secs] [Times: user=0.00 sys=0.00, real=0.00 secs] 
68.374: Application time: 2.0126250 seconds
68.375: [GC [1 CMS-initial-mark: 111296K(111296K)] 160364K(160448K), 0.0172450 secs] [Times: user=0.01 sys=0.01, real=0.02 secs] 
68.392: Total time for which application threads were stopped: 0.0174720 seconds, Stopping threads took: 0.0000170 seconds
68.392: [CMS-concurrent-mark-start]
68.422: [CMS-concurrent-mark: 0.030/0.030 secs] [Times: user=0.06 sys=0.00, real=0.03 secs] 
68.422: [CMS-concurrent-preclean-start]
68.422: [CMS-concurrent-preclean: 0.000/0.000 secs] [Times: user=0.00 sys=0.00, real=0.00 secs] 
68.422: [CMS-concurrent-abortable-preclean-start]
68.422: [CMS-concurrent-abortable-preclean: 0.000/0.000 secs] [Times: user=0.00 sys=0.00, real=0.00 secs] 
68.422: Application time: 0.0304470 seconds
68.422: [GC[YG occupancy: 49068 K (49152 K)]68.422: [Rescan (parallel) , 0.0111890 secs]68.434: [weak refs processing, 0.0000090 secs]68.434: [scrub string table, 0.0001460 secs] [1 CMS-remark: 111296K(111296K)] 160364K(160448K), 0.0113860 secs] [Times: user=0.09 sys=0.00, real=0.01 secs] 
68.434: Total time for which application threads were stopped: 0.0115400 seconds, Stopping threads took: 0.0000210 seconds
68.434: [CMS-concurrent-sweep-start]
68.446: [CMS-concurrent-sweep: 0.012/0.012 secs] [Times: user=0.02 sys=0.00, real=0.01 secs] 
68.446: [CMS-concurrent-reset-start]
68.446: [CMS-concurrent-reset: 0.000/0.000 secs] [Times: user=0.00 sys=0.00, real=0.00 secs] 
70.446: Application time: 2.0123850 seconds
70.446: [GC [1 CMS-initial-mark: 111296K(111296K)] 160364K(160448K), 0.0135000 secs] [Times: user=0.01 sys=0.00, real=0.02 secs] 
70.460: Total time for which application threads were stopped: 0.0136920 seconds, Stopping threads took: 0.0000140 seconds
70.460: [CMS-concurrent-mark-start]
70.491: [CMS-concurrent-mark: 0.031/0.031 secs] [Times: user=0.06 sys=0.00, real=0.03 secs] 
70.491: [CMS-concurrent-preclean-start]
70.491: [CMS-concurrent-preclean: 0.000/0.000 secs] [Times: user=0.00 sys=0.00, real=0.00 secs] 
70.491: [CMS-concurrent-abortable-preclean-start]
70.491: [CMS-concurrent-abortable-preclean: 0.000/0.000 secs] [Times: user=0.00 sys=0.00, real=0.00 secs] 
70.491: Application time: 0.0312780 seconds
70.491: [GC[YG occupancy: 49068 K (49152 K)]70.491: [Rescan (parallel) , 0.0114800 secs]70.503: [weak refs processing, 0.0000090 secs]70.503: [scrub string table, 0.0001420 secs] [1 CMS-remark: 111296K(111296K)] 160364K(160448K), 0.0116710 secs] [Times: user=0.09 sys=0.00, real=0.01 secs] 
70.503: Total time for which application threads were stopped: 0.0118250 seconds, Stopping threads took: 0.0000210 seconds
70.503: [CMS-concurrent-sweep-start]
70.515: [CMS-concurrent-sweep: 0.012/0.012 secs] [Times: user=0.02 sys=0.00, real=0.01 secs] 
70.515: [CMS-concurrent-reset-start]
70.516: [CMS-concurrent-reset: 0.000/0.000 secs] [Times: user=0.00 sys=0.00, real=0.00 secs] 
72.516: Application time: 2.0126890 seconds
72.516: [GC [1 CMS-initial-mark: 111296K(111296K)] 160364K(160448K), 0.0160650 secs] [Times: user=0.01 sys=0.00, real=0.02 secs] 
72.532: Total time for which application threads were stopped: 0.0162800 seconds, Stopping threads took: 0.0000160 seconds
72.532: [CMS-concurrent-mark-start]
72.562: [CMS-concurrent-mark: 0.030/0.030 secs] [Times: user=0.06 sys=0.00, real=0.03 secs] 
72.562: [CMS-concurrent-preclean-start]
72.562: [CMS-concurrent-preclean: 0.000/0.000 secs] [Times: user=0.00 sys=0.00, real=0.00 secs] 
72.562: [CMS-concurrent-abortable-preclean-start]
72.562: [CMS-concurrent-abortable-preclean: 0.000/0.000 secs] [Times: user=0.00 sys=0.00, real=0.00 secs] 
72.563: Application time: 0.0305920 seconds
72.563: [GC[YG occupancy: 49068 K (49152 K)]72.563: [Rescan (parallel) , 0.0112090 secs]72.574: [weak refs processing, 0.0000090 secs]72.574: [scrub string table, 0.0001420 secs] [1 CMS-remark: 111296K(111296K)] 160364K(160448K), 0.0114060 secs] [Times: user=0.08 sys=0.00, real=0.01 secs] 
72.574: Total time for which application threads were stopped: 0.0115480 seconds, Stopping threads took: 0.0000110 seconds
72.574: [CMS-concurrent-sweep-start]
72.586: [CMS-concurrent-sweep: 0.012/0.012 secs] [Times: user=0.02 sys=0.00, real=0.01 secs] 
72.587: [CMS-concurrent-reset-start]
72.587: [CMS-concurrent-reset: 0.000/0.000 secs] [Times: user=0.00 sys=0.00, real=0.00 secs] 
74.587: Application time: 2.0126930 seconds
74.587: [GC [1 CMS-initial-mark: 111296K(111296K)] 160364K(160448K), 0.0082020 secs] [Times: user=0.00 sys=0.00, real=0.00 secs] 
74.595: Total time for which application threads were stopped: 0.0083990 seconds, Stopping threads took: 0.0000140 seconds
74.595: [CMS-concurrent-mark-start]
74.625: [CMS-concurrent-mark: 0.030/0.030 secs] [Times: user=0.06 sys=0.00, real=0.03 secs] 
74.625: [CMS-concurrent-preclean-start]
74.625: [CMS-concurrent-preclean: 0.000/0.000 secs] [Times: user=0.00 sys=0.00, real=0.00 secs] 
74.626: [CMS-concurrent-abortable-preclean-start]
74.626: [CMS-concurrent-abortable-preclean: 0.000/0.000 secs] [Times: user=0.00 sys=0.00, real=0.00 secs] 
74.626: Application time: 0.0304320 seconds
74.626: [GC[YG occupancy: 49068 K (49152 K)]74.626: [Rescan (parallel) , 0.0116330 secs]74.637: [weak refs processing, 0.0000090 secs]74.637: [scrub string table, 0.0001830 secs] [1 CMS-remark: 111296K(111296K)] 160364K(160448K), 0.0118900 secs] [Times: user=0.10 sys=0.00, real=0.01 secs] 
74.638: Total time for which application threads were stopped: 0.0120450 seconds, Stopping threads took: 0.0000200 seconds
74.638: [CMS-concurrent-sweep-start]
74.650: [CMS-concurrent-sweep: 0.012/0.012 secs] [Times: user=0.01 sys=0.00, real=0.02 secs] 
74.650: [CMS-concurrent-reset-start]
74.650: [CMS-concurrent-reset: 0.000/0.000 secs] [Times: user=0.00 sys=0.00, real=0.00 secs] 
76.650: Application time: 2.0124250 seconds
76.650: [GC [1 CMS-initial-mark: 111296K(111296K)] 160364K(160448K), 0.0138670 secs] [Times: user=0.01 sys=0.00, real=0.01 secs] 
76.664: Total time for which application threads were stopped: 0.0140700 seconds, Stopping threads took: 0.0000150 seconds
76.664: [CMS-concurrent-mark-start]
76.694: [CMS-concurrent-mark: 0.030/0.030 secs] [Times: user=0.06 sys=0.00, real=0.03 secs] 
76.694: [CMS-concurrent-preclean-start]
76.694: [CMS-concurrent-preclean: 0.000/0.000 secs] [Times: user=0.00 sys=0.00, real=0.00 secs] 
76.694: [CMS-concurrent-abortable-preclean-start]
76.694: [CMS-concurrent-abortable-preclean: 0.000/0.000 secs] [Times: user=0.00 sys=0.00, real=0.00 secs] 
76.694: Application time: 0.0301890 seconds
76.694: [GC[YG occupancy: 49068 K (49152 K)]76.695: [Rescan (parallel) , 0.0112390 secs]76.706: [weak refs processing, 0.0000090 secs]76.706: [scrub string table, 0.0001380 secs] [1 CMS-remark: 111296K(111296K)] 160364K(160448K), 0.0114410 secs] [Times: user=0.09 sys=0.00, real=0.01 secs] 
76.706: Total time for which application threads were stopped: 0.0116020 seconds, Stopping threads took: 0.0000200 seconds
76.706: [CMS-concurrent-sweep-start]
76.718: [CMS-concurrent-sweep: 0.012/0.012 secs] [Times: user=0.01 sys=0.00, real=0.01 secs] 
76.718: [CMS-concurrent-reset-start]
76.718: [CMS-concurrent-reset: 0.000/0.000 secs] [Times: user=0.00 sys=0.00, real=0.00 secs] 
78.719: Application time: 2.0126970 seconds
78.719: [GC [1 CMS-initial-mark: 111296K(111296K)] 160364K(160448K), 0.0137280 secs] [Times: user=0.02 sys=0.00, real=0.01 secs] 
78.733: Total time for which application threads were stopped: 0.0139270 seconds, Stopping threads took: 0.0000130 seconds
78.733: [CMS-concurrent-mark-start]
78.764: [CMS-concurrent-mark: 0.031/0.031 secs] [Times: user=0.06 sys=0.00, real=0.03 secs] 
78.764: [CMS-concurrent-preclean-start]
78.764: [CMS-concurrent-preclean: 0.000/0.000 secs] [Times: user=0.00 sys=0.00, real=0.00 secs] 
78.764: [CMS-concurrent-abortable-preclean-start]
78.764: [CMS-concurrent-abortable-preclean: 0.000/0.000 secs] [Times: user=0.00 sys=0.00, real=0.00 secs] 
78.764: Application time: 0.0315110 seconds
78.764: [GC[YG occupancy: 49068 K (49152 K)]78.764: [Rescan (parallel) , 0.0113040 secs]78.776: [weak refs processing, 0.0000100 secs]78.776: [scrub string table, 0.0001880 secs] [1 CMS-remark: 111296K(111296K)] 160364K(160448K), 0.0115660 secs] [Times: user=0.09 sys=0.00, real=0.01 secs] 
78.776: Total time for which application threads were stopped: 0.0117220 seconds, Stopping threads took: 0.0000220 seconds
78.776: [CMS-concurrent-sweep-start]
78.788: [CMS-concurrent-sweep: 0.012/0.012 secs] [Times: user=0.01 sys=0.00, real=0.02 secs] 
78.788: [CMS-concurrent-reset-start]
78.788: [CMS-concurrent-reset: 0.000/0.000 secs] [Times: user=0.00 sys=0.00, real=0.00 secs] 
80.789: Application time: 2.0127530 seconds
80.789: [GC [1 CMS-initial-mark: 111296K(111296K)] 160364K(160448K), 0.0161490 secs] [Times: user=0.02 sys=0.00, real=0.01 secs] 
80.805: Total time for which application threads were stopped: 0.0163720 seconds, Stopping threads took: 0.0000180 seconds
80.805: [CMS-concurrent-mark-start]
80.835: [CMS-concurrent-mark: 0.030/0.030 secs] [Times: user=0.06 sys=0.00, real=0.03 secs] 
80.835: [CMS-concurrent-preclean-start]
80.836: [CMS-concurrent-preclean: 0.000/0.000 secs] [Times: user=0.00 sys=0.00, real=0.00 secs] 
80.836: [CMS-concurrent-abortable-preclean-start]
80.836: [CMS-concurrent-abortable-preclean: 0.000/0.000 secs] [Times: user=0.00 sys=0.00, real=0.00 secs] 
80.836: Application time: 0.0307790 seconds
80.836: [GC[YG occupancy: 49068 K (49152 K)]80.836: [Rescan (parallel) , 0.0116490 secs]80.848: [weak refs processing, 0.0000100 secs]80.848: [scrub string table, 0.0001870 secs] [1 CMS-remark: 111296K(111296K)] 160364K(160448K), 0.0118870 secs] [Times: user=0.09 sys=0.00, real=0.02 secs] 
80.848: Total time for which application threads were stopped: 0.0120310 seconds, Stopping threads took: 0.0000100 seconds
80.848: [CMS-concurrent-sweep-start]
80.860: [CMS-concurrent-sweep: 0.012/0.012 secs] [Times: user=0.01 sys=0.00, real=0.01 secs] 
80.860: [CMS-concurrent-reset-start]
80.860: [CMS-concurrent-reset: 0.000/0.000 secs] [Times: user=0.00 sys=0.00, real=0.00 secs] 
82.860: Application time: 2.0127230 seconds
82.861: [GC [1 CMS-initial-mark: 111296K(111296K)] 160364K(160448K), 0.0136980 secs] [Times: user=0.01 sys=0.00, real=0.01 secs] 
82.874: Total time for which application threads were stopped: 0.0138980 seconds, Stopping threads took: 0.0000140 seconds
82.874: [CMS-concurrent-mark-start]
82.904: [CMS-concurrent-mark: 0.030/0.030 secs] [Times: user=0.06 sys=0.00, real=0.03 secs] 
82.904: [CMS-concurrent-preclean-start]
82.904: [CMS-concurrent-preclean: 0.000/0.000 secs] [Times: user=0.00 sys=0.00, real=0.00 secs] 
82.904: [CMS-concurrent-abortable-preclean-start]
82.904: [CMS-concurrent-abortable-preclean: 0.000/0.000 secs] [Times: user=0.00 sys=0.00, real=0.00 secs] 
82.905: Application time: 0.0301870 seconds
82.905: [GC[YG occupancy: 49068 K (49152 K)]82.905: [Rescan (parallel) , 0.0112650 secs]82.916: [weak refs processing, 0.0000080 secs]82.916: [scrub string table, 0.0001820 secs] [1 CMS-remark: 111296K(111296K)] 160364K(160448K), 0.0115040 secs] [Times: user=0.09 sys=0.00, real=0.01 secs] 
82.916: Total time for which application threads were stopped: 0.0116580 seconds, Stopping threads took: 0.0000200 seconds
82.916: [CMS-concurrent-sweep-start]
82.929: [CMS-concurrent-sweep: 0.012/0.012 secs] [Times: user=0.01 sys=0.00, real=0.02 secs] 
82.929: [CMS-concurrent-reset-start]
82.929: [CMS-concurrent-reset: 0.000/0.000 secs] [Times: user=0.00 sys=0.00, real=0.00 secs] 
84.929: Application time: 2.0127410 seconds
84.929: [GC [1 CMS-initial-mark: 111296K(111296K)] 160364K(160448K), 0.0145380 secs] [Times: user=0.02 sys=0.00, real=0.01 secs] 
84.944: Total time for which application threads were stopped: 0.0147370 seconds, Stopping threads took: 0.0000150 seconds
84.944: [CMS-concurrent-mark-start]
84.974: [CMS-concurrent-mark: 0.030/0.030 secs] [Times: user=0.06 sys=0.00, real=0.03 secs] 
84.974: [CMS-concurrent-preclean-start]
84.974: [CMS-concurrent-preclean: 0.000/0.000 secs] [Times: user=0.00 sys=0.00, real=0.00 secs] 
84.974: [CMS-concurrent-abortable-preclean-start]
84.974: [CMS-concurrent-abortable-preclean: 0.000/0.000 secs] [Times: user=0.00 sys=0.00, real=0.00 secs] 
84.974: Application time: 0.0306220 seconds
84.974: [GC[YG occupancy: 49068 K (49152 K)]84.974: [Rescan (parallel) , 0.0113440 secs]84.986: [weak refs processing, 0.0000090 secs]84.986: [scrub string table, 0.0001400 secs] [1 CMS-remark: 111296K(111296K)] 160364K(160448K), 0.0115420 secs] [Times: user=0.09 sys=0.00, real=0.01 secs] 
84.986: Total time for which application threads were stopped: 0.0116950 seconds, Stopping threads took: 0.0000220 seconds
84.986: [CMS-concurrent-sweep-start]
84.998: [CMS-concurrent-sweep: 0.012/0.012 secs] [Times: user=0.01 sys=0.00, real=0.01 secs] 
84.998: [CMS-concurrent-reset-start]
84.999: [CMS-concurrent-reset: 0.000/0.000 secs] [Times: user=0.00 sys=0.00, real=0.01 secs] 
86.999: Application time: 2.0127100 seconds
86.999: [GC [1 CMS-initial-mark: 111296K(111296K)] 160364K(160448K), 0.0134280 secs] [Times: user=0.02 sys=0.00, real=0.01 secs] 
87.012: Total time for which application threads were stopped: 0.0136310 seconds, Stopping threads took: 0.0000140 seconds
87.012: [CMS-concurrent-mark-start]
87.049: [CMS-concurrent-mark: 0.036/0.036 secs] [Times: user=0.07 sys=0.00, real=0.04 secs] 
87.049: [CMS-concurrent-preclean-start]
87.049: [CMS-concurrent-preclean: 0.000/0.000 secs] [Times: user=0.00 sys=0.00, real=0.00 secs] 
87.049: [CMS-concurrent-abortable-preclean-start]
87.049: [CMS-concurrent-abortable-preclean: 0.000/0.000 secs] [Times: user=0.00 sys=0.00, real=0.00 secs] 
87.049: Application time: 0.0365880 seconds
87.049: [GC[YG occupancy: 49068 K (49152 K)]87.049: [Rescan (parallel) , 0.0114000 secs]87.061: [weak refs processing, 0.0000090 secs]87.061: [scrub string table, 0.0001810 secs] [1 CMS-remark: 111296K(111296K)] 160364K(160448K), 0.0116540 secs] [Times: user=0.09 sys=0.00, real=0.01 secs] 
87.061: Total time for which application threads were stopped: 0.0118100 seconds, Stopping threads took: 0.0000210 seconds
87.061: [CMS-concurrent-sweep-start]
87.073: [CMS-concurrent-sweep: 0.012/0.012 secs] [Times: user=0.01 sys=0.00, real=0.01 secs] 
87.073: [CMS-concurrent-reset-start]
87.073: [CMS-concurrent-reset: 0.000/0.000 secs] [Times: user=0.00 sys=0.00, real=0.00 secs] 
89.074: Application time: 2.0127690 seconds
89.074: [GC [1 CMS-initial-mark: 111296K(111296K)] 160364K(160448K), 0.0159430 secs] [Times: user=0.02 sys=0.00, real=0.02 secs] 
89.090: Total time for which application threads were stopped: 0.0161690 seconds, Stopping threads took: 0.0000170 seconds
89.090: [CMS-concurrent-mark-start]
89.120: [CMS-concurrent-mark: 0.030/0.030 secs] [Times: user=0.06 sys=0.00, real=0.03 secs] 
89.120: [CMS-concurrent-preclean-start]
89.120: [CMS-concurrent-preclean: 0.000/0.000 secs] [Times: user=0.00 sys=0.00, real=0.00 secs] 
89.120: [CMS-concurrent-abortable-preclean-start]
89.120: [CMS-concurrent-abortable-preclean: 0.000/0.000 secs] [Times: user=0.00 sys=0.00, real=0.00 secs] 
89.120: Application time: 0.0303000 seconds
89.120: [GC[YG occupancy: 49068 K (49152 K)]89.120: [Rescan (parallel) , 0.0113290 secs]89.132: [weak refs processing, 0.0000090 secs]89.132: [scrub string table, 0.0001800 secs] [1 CMS-remark: 111296K(111296K)] 160364K(160448K), 0.0115810 secs] [Times: user=0.09 sys=0.00, real=0.01 secs] 
89.132: Total time for which application threads were stopped: 0.0117370 seconds, Stopping threads took: 0.0000220 seconds
89.132: [CMS-concurrent-sweep-start]
89.144: [CMS-concurrent-sweep: 0.012/0.012 secs] [Times: user=0.01 sys=0.00, real=0.01 secs] 
89.144: [CMS-concurrent-reset-start]
89.144: [CMS-concurrent-reset: 0.000/0.000 secs] [Times: user=0.00 sys=0.00, real=0.00 secs] 
91.144: Application time: 2.0127210 seconds
91.145: [GC [1 CMS-initial-mark: 111296K(111296K)] 160364K(160448K), 0.0137210 secs] [Times: user=0.01 sys=0.00, real=0.01 secs] 
91.158: Total time for which application threads were stopped: 0.0139280 seconds, Stopping threads took: 0.0000140 seconds
91.158: [CMS-concurrent-mark-start]
91.188: [CMS-concurrent-mark: 0.030/0.030 secs] [Times: user=0.06 sys=0.00, real=0.04 secs] 
91.188: [CMS-concurrent-preclean-start]
91.189: [CMS-concurrent-preclean: 0.000/0.000 secs] [Times: user=0.00 sys=0.00, real=0.00 secs] 
91.189: [CMS-concurrent-abortable-preclean-start]
91.189: [CMS-concurrent-abortable-preclean: 0.000/0.000 secs] [Times: user=0.00 sys=0.00, real=0.00 secs] 
91.189: Application time: 0.0302690 seconds
91.189: [GC[YG occupancy: 49068 K (49152 K)]91.189: [Rescan (parallel) , 0.0116880 secs]91.201: [weak refs processing, 0.0000090 secs]91.201: [scrub string table, 0.0001830 secs] [1 CMS-remark: 111296K(111296K)] 160364K(160448K), 0.0119420 secs] [Times: user=0.10 sys=0.00, real=0.01 secs] 
91.201: Total time for which application threads were stopped: 0.0120850 seconds, Stopping threads took: 0.0000110 seconds
91.201: [CMS-concurrent-sweep-start]
91.213: [CMS-concurrent-sweep: 0.012/0.012 secs] [Times: user=0.01 sys=0.00, real=0.01 secs] 
91.213: [CMS-concurrent-reset-start]
91.213: [CMS-concurrent-reset: 0.000/0.000 secs] [Times: user=0.00 sys=0.00, real=0.00 secs] 
93.214: Application time: 2.0127290 seconds
93.214: [GC [1 CMS-initial-mark: 111296K(111296K)] 160364K(160448K), 0.0159700 secs] [Times: user=0.02 sys=0.00, real=0.02 secs] 
93.230: Total time for which application threads were stopped: 0.0161960 seconds, Stopping threads took: 0.0000170 seconds
93.230: [CMS-concurrent-mark-start]
93.260: [CMS-concurrent-mark: 0.031/0.031 secs] [Times: user=0.06 sys=0.00, real=0.03 secs] 
93.260: [CMS-concurrent-preclean-start]
93.261: [CMS-concurrent-preclean: 0.000/0.000 secs] [Times: user=0.00 sys=0.00, real=0.00 secs] 
93.261: [CMS-concurrent-abortable-preclean-start]
93.261: [CMS-concurrent-abortable-preclean: 0.000/0.000 secs] [Times: user=0.00 sys=0.00, real=0.00 secs] 
93.261: Application time: 0.0309330 seconds
93.261: [GC[YG occupancy: 49068 K (49152 K)]93.261: [Rescan (parallel) , 0.0114990 secs]93.272: [weak refs processing, 0.0000090 secs]93.272: [scrub string table, 0.0001390 secs] [1 CMS-remark: 111296K(111296K)] 160364K(160448K), 0.0116920 secs] [Times: user=0.09 sys=0.00, real=0.01 secs] 
93.272: Total time for which application threads were stopped: 0.0118470 seconds, Stopping threads took: 0.0000200 seconds
93.273: [CMS-concurrent-sweep-start]
93.285: [CMS-concurrent-sweep: 0.012/0.012 secs] [Times: user=0.01 sys=0.00, real=0.01 secs] 
93.285: [CMS-concurrent-reset-start]
93.285: [CMS-concurrent-reset: 0.000/0.000 secs] [Times: user=0.00 sys=0.00, real=0.00 secs] 
95.285: Application time: 2.0127820 seconds
95.286: [GC [1 CMS-initial-mark: 111296K(111296K)] 160364K(160448K), 0.0171780 secs] [Times: user=0.02 sys=0.00, real=0.02 secs] 
95.303: Total time for which application threads were stopped: 0.0174900 seconds, Stopping threads took: 0.0000500 seconds
95.303: [CMS-concurrent-mark-start]
95.335: [CMS-concurrent-mark: 0.032/0.032 secs] [Times: user=0.07 sys=0.00, real=0.03 secs] 
95.335: [CMS-concurrent-preclean-start]
95.335: [CMS-concurrent-preclean: 0.000/0.000 secs] [Times: user=0.00 sys=0.00, real=0.00 secs] 
95.335: [CMS-concurrent-abortable-preclean-start]
95.335: [CMS-concurrent-abortable-preclean: 0.000/0.000 secs] [Times: user=0.00 sys=0.00, real=0.00 secs] 
95.336: Application time: 0.0327740 seconds
95.336: [GC[YG occupancy: 49068 K (49152 K)]95.336: [Rescan (parallel) , 0.0112140 secs]95.347: [weak refs processing, 0.0000100 secs]95.347: [scrub string table, 0.0001830 secs] [1 CMS-remark: 111296K(111296K)] 160364K(160448K), 0.0114490 secs] [Times: user=0.08 sys=0.00, real=0.02 secs] 
95.347: Total time for which application threads were stopped: 0.0115940 seconds, Stopping threads took: 0.0000110 seconds
95.347: [CMS-concurrent-sweep-start]
95.360: [CMS-concurrent-sweep: 0.012/0.012 secs] [Times: user=0.02 sys=0.00, real=0.01 secs] 
95.360: [CMS-concurrent-reset-start]
95.360: [CMS-concurrent-reset: 0.000/0.000 secs] [Times: user=0.00 sys=0.00, real=0.00 secs] 
97.360: Application time: 2.0127530 seconds
97.360: [GC [1 CMS-initial-mark: 111296K(111296K)] 160364K(160448K), 0.0139260 secs] [Times: user=0.01 sys=0.00, real=0.01 secs] 
97.374: Total time for which application threads were stopped: 0.0141520 seconds, Stopping threads took: 0.0000180 seconds
97.374: [CMS-concurrent-mark-start]
97.406: [CMS-concurrent-mark: 0.032/0.032 secs] [Times: user=0.07 sys=0.00, real=0.03 secs] 
97.406: [CMS-concurrent-preclean-start]
97.406: [CMS-concurrent-preclean: 0.000/0.000 secs] [Times: user=0.00 sys=0.00, real=0.00 secs] 
97.406: [CMS-concurrent-abortable-preclean-start]
97.406: [CMS-concurrent-abortable-preclean: 0.000/0.000 secs] [Times: user=0.00 sys=0.00, real=0.00 secs] 
97.406: Application time: 0.0324160 seconds
97.407: [GC[YG occupancy: 49068 K (49152 K)]97.407: [Rescan (parallel) , 0.0123810 secs]97.419: [weak refs processing, 0.0000080 secs]97.419: [scrub string table, 0.0001820 secs] [1 CMS-remark: 111296K(111296K)] 160364K(160448K), 0.0126350 secs] [Times: user=0.09 sys=0.00, real=0.01 secs] 
97.419: Total time for which application threads were stopped: 0.0127860 seconds, Stopping threads took: 0.0000110 seconds
97.419: [CMS-concurrent-sweep-start]
97.432: [CMS-concurrent-sweep: 0.012/0.012 secs] [Times: user=0.02 sys=0.00, real=0.01 secs] 
97.432: [CMS-concurrent-reset-start]
97.432: [CMS-concurrent-reset: 0.000/0.000 secs] [Times: user=0.00 sys=0.00, real=0.00 secs] 
99.432: Application time: 2.0127670 seconds
99.432: [GC [1 CMS-initial-mark: 111296K(111296K)] 160364K(160448K), 0.0178790 secs] [Times: user=0.02 sys=0.00, real=0.02 secs] 
99.450: Total time for which application threads were stopped: 0.0181680 seconds, Stopping threads took: 0.0000200 seconds
99.450: [CMS-concurrent-mark-start]
99.481: [CMS-concurrent-mark: 0.030/0.030 secs] [Times: user=0.06 sys=0.00, real=0.03 secs] 
99.481: [CMS-concurrent-preclean-start]
99.481: [CMS-concurrent-preclean: 0.000/0.000 secs] [Times: user=0.00 sys=0.00, real=0.00 secs] 
99.481: [CMS-concurrent-abortable-preclean-start]
99.481: [CMS-concurrent-abortable-preclean: 0.000/0.000 secs] [Times: user=0.00 sys=0.00, real=0.00 secs] 
99.481: Application time: 0.0307260 seconds
99.481: [GC[YG occupancy: 49068 K (49152 K)]99.481: [Rescan (parallel) , 0.0114740 secs]99.493: [weak refs processing, 0.0000090 secs]99.493: [scrub string table, 0.0001380 secs] [1 CMS-remark: 111296K(111296K)] 160364K(160448K), 0.0116610 secs] [Times: user=0.09 sys=0.00, real=0.01 secs] 
99.493: Total time for which application threads were stopped: 0.0118140 seconds, Stopping threads took: 0.0000210 seconds
99.493: [CMS-concurrent-sweep-start]
99.505: [CMS-concurrent-sweep: 0.012/0.012 secs] [Times: user=0.01 sys=0.00, real=0.01 secs] 
99.505: [CMS-concurrent-reset-start]
99.505: [CMS-concurrent-reset: 0.000/0.000 secs] [Times: user=0.00 sys=0.00, real=0.00 secs] 
101.505: Application time: 2.0127580 seconds
101.506: [GC [1 CMS-initial-mark: 111296K(111296K)] 160364K(160448K), 0.0159820 secs] [Times: user=0.02 sys=0.00, real=0.02 secs] 
101.522: Total time for which application threads were stopped: 0.0162000 seconds, Stopping threads took: 0.0000180 seconds
101.522: [CMS-concurrent-mark-start]
101.552: [CMS-concurrent-mark: 0.030/0.030 secs] [Times: user=0.06 sys=0.00, real=0.03 secs] 
101.552: [CMS-concurrent-preclean-start]
101.552: [CMS-concurrent-preclean: 0.000/0.000 secs] [Times: user=0.00 sys=0.00, real=0.00 secs] 
101.552: [CMS-concurrent-abortable-preclean-start]
101.552: [CMS-concurrent-abortable-preclean: 0.000/0.000 secs] [Times: user=0.00 sys=0.00, real=0.00 secs] 
101.552: Application time: 0.0301890 seconds
101.552: [GC[YG occupancy: 49068 K (49152 K)]101.552: [Rescan (parallel) , 0.0112220 secs]101.563: [weak refs processing, 0.0000100 secs]101.563: [scrub string table, 0.0001420 secs] [1 CMS-remark: 111296K(111296K)] 160364K(160448K), 0.0114170 secs] [Times: user=0.09 sys=0.00, real=0.01 secs] 
101.563: Total time for which application threads were stopped: 0.0115720 seconds, Stopping threads took: 0.0000210 seconds
101.564: [CMS-concurrent-sweep-start]
101.576: [CMS-concurrent-sweep: 0.012/0.012 secs] [Times: user=0.01 sys=0.00, real=0.01 secs] 
101.576: [CMS-concurrent-reset-start]
101.576: [CMS-concurrent-reset: 0.000/0.000 secs] [Times: user=0.00 sys=0.00, real=0.00 secs] 
103.576: Application time: 2.0127230 seconds
103.576: [GC [1 CMS-initial-mark: 111296K(111296K)] 160364K(160448K), 0.0082090 secs] [Times: user=0.01 sys=0.00, real=0.01 secs] 
103.585: Total time for which application threads were stopped: 0.0083830 seconds, Stopping threads took: 0.0000120 seconds
103.585: [CMS-concurrent-mark-start]
103.615: [CMS-concurrent-mark: 0.030/0.030 secs] [Times: user=0.06 sys=0.00, real=0.03 secs] 
103.615: [CMS-concurrent-preclean-start]
103.615: [CMS-concurrent-preclean: 0.000/0.000 secs] [Times: user=0.00 sys=0.00, real=0.00 secs] 
103.615: [CMS-concurrent-abortable-preclean-start]
103.615: [CMS-concurrent-abortable-preclean: 0.000/0.000 secs] [Times: user=0.00 sys=0.00, real=0.00 secs] 
103.615: Application time: 0.0303940 seconds
103.615: [GC[YG occupancy: 49068 K (49152 K)]103.615: [Rescan (parallel) , 0.0113030 secs]103.626: [weak refs processing, 0.0000090 secs]103.626: [scrub string table, 0.0001450 secs] [1 CMS-remark: 111296K(111296K)] 160364K(160448K), 0.0115020 secs] [Times: user=0.09 sys=0.00, real=0.02 secs] 
103.627: Total time for which application threads were stopped: 0.0116560 seconds, Stopping threads took: 0.0000200 seconds
103.627: [CMS-concurrent-sweep-start]
103.638: [CMS-concurrent-sweep: 0.011/0.011 secs] [Times: user=0.01 sys=0.00, real=0.00 secs] 
103.638: [CMS-concurrent-reset-start]
103.638: [CMS-concurrent-reset: 0.000/0.000 secs] [Times: user=0.00 sys=0.00, real=0.00 secs] 
105.638: Application time: 2.0118340 seconds
105.639: [GC [1 CMS-initial-mark: 111296K(111296K)] 160364K(160448K), 0.0082050 secs] [Times: user=0.01 sys=0.00, real=0.01 secs] 
105.647: Total time for which application threads were stopped: 0.0083920 seconds, Stopping threads took: 0.0000120 seconds
105.647: [CMS-concurrent-mark-start]
105.678: [CMS-concurrent-mark: 0.031/0.031 secs] [Times: user=0.06 sys=0.00, real=0.02 secs] 
105.678: [CMS-concurrent-preclean-start]
105.678: [CMS-concurrent-preclean: 0.000/0.000 secs] [Times: user=0.00 sys=0.00, real=0.00 secs] 
105.678: [CMS-concurrent-abortable-preclean-start]
105.678: [CMS-concurrent-abortable-preclean: 0.000/0.000 secs] [Times: user=0.00 sys=0.00, real=0.00 secs] 
105.678: Application time: 0.0309470 seconds
105.678: [GC[YG occupancy: 49068 K (49152 K)]105.678: [Rescan (parallel) , 0.0116300 secs]105.690: [weak refs processing, 0.0000090 secs]105.690: [scrub string table, 0.0001800 secs] [1 CMS-remark: 111296K(111296K)] 160364K(160448K), 0.0118820 secs] [Times: user=0.09 sys=0.00, real=0.02 secs] 
105.690: Total time for which application threads were stopped: 0.0120340 seconds, Stopping threads took: 0.0000200 seconds
105.690: [CMS-concurrent-sweep-start]
105.701: [CMS-concurrent-sweep: 0.011/0.011 secs] [Times: user=0.02 sys=0.00, real=0.01 secs] 
105.701: [CMS-concurrent-reset-start]
105.701: [CMS-concurrent-reset: 0.000/0.000 secs] [Times: user=0.00 sys=0.00, real=0.00 secs] 
107.701: Application time: 2.0115760 seconds
107.702: [GC [1 CMS-initial-mark: 111296K(111296K)] 160364K(160448K), 0.0134500 secs] [Times: user=0.01 sys=0.00, real=0.01 secs] 
107.715: Total time for which application threads were stopped: 0.0136420 seconds, Stopping threads took: 0.0000140 seconds
107.715: [CMS-concurrent-mark-start]
107.746: [CMS-concurrent-mark: 0.031/0.031 secs] [Times: user=0.06 sys=0.00, real=0.03 secs] 
107.746: [CMS-concurrent-preclean-start]
107.746: [CMS-concurrent-preclean: 0.000/0.000 secs] [Times: user=0.00 sys=0.00, real=0.00 secs] 
107.746: [CMS-concurrent-abortable-preclean-start]
107.746: [CMS-concurrent-abortable-preclean: 0.000/0.000 secs] [Times: user=0.00 sys=0.00, real=0.00 secs] 
107.746: Application time: 0.0310910 seconds
107.746: [GC[YG occupancy: 49068 K (49152 K)]107.746: [Rescan (parallel) , 0.0111660 secs]107.757: [weak refs processing, 0.0000090 secs]107.757: [scrub string table, 0.0001430 secs] [1 CMS-remark: 111296K(111296K)] 160364K(160448K), 0.0113620 secs] [Times: user=0.09 sys=0.00, real=0.01 secs] 
107.758: Total time for which application threads were stopped: 0.0115060 seconds, Stopping threads took: 0.0000100 seconds
107.758: [CMS-concurrent-sweep-start]
107.769: [CMS-concurrent-sweep: 0.011/0.011 secs] [Times: user=0.01 sys=0.00, real=0.02 secs] 
107.769: [CMS-concurrent-reset-start]
107.769: [CMS-concurrent-reset: 0.000/0.000 secs] [Times: user=0.00 sys=0.00, real=0.00 secs] 
109.769: Application time: 2.0115460 seconds
109.769: [GC [1 CMS-initial-mark: 111296K(111296K)] 160364K(160448K), 0.0132240 secs] [Times: user=0.02 sys=0.00, real=0.01 secs] 
109.783: Total time for which application threads were stopped: 0.0134200 seconds, Stopping threads took: 0.0000140 seconds
109.783: [CMS-concurrent-mark-start]
109.813: [CMS-concurrent-mark: 0.030/0.030 secs] [Times: user=0.05 sys=0.01, real=0.03 secs] 
109.813: [CMS-concurrent-preclean-start]
109.813: [CMS-concurrent-preclean: 0.000/0.000 secs] [Times: user=0.00 sys=0.00, real=0.00 secs] 
109.813: [CMS-concurrent-abortable-preclean-start]
109.813: [CMS-concurrent-abortable-preclean: 0.000/0.000 secs] [Times: user=0.00 sys=0.00, real=0.00 secs] 
109.813: Application time: 0.0307660 seconds
109.814: [GC[YG occupancy: 49068 K (49152 K)]109.814: [Rescan (parallel) , 0.0113210 secs]109.825: [weak refs processing, 0.0000090 secs]109.825: [scrub string table, 0.0001410 secs] [1 CMS-remark: 111296K(111296K)] 160364K(160448K), 0.0115240 secs] [Times: user=0.09 sys=0.00, real=0.01 secs] 
109.825: Total time for which application threads were stopped: 0.0116680 seconds, Stopping threads took: 0.0000100 seconds
109.825: [CMS-concurrent-sweep-start]
109.837: [CMS-concurrent-sweep: 0.012/0.012 secs] [Times: user=0.01 sys=0.00, real=0.01 secs] 
109.837: [CMS-concurrent-reset-start]
109.838: [CMS-concurrent-reset: 0.000/0.000 secs] [Times: user=0.00 sys=0.00, real=0.00 secs] 
111.838: Application time: 2.0127210 seconds
111.838: [GC [1 CMS-initial-mark: 111296K(111296K)] 160364K(160448K), 0.0126310 secs] [Times: user=0.02 sys=0.00, real=0.02 secs] 
111.851: Total time for which application threads were stopped: 0.0128230 seconds, Stopping threads took: 0.0000140 seconds
111.851: [CMS-concurrent-mark-start]
111.882: [CMS-concurrent-mark: 0.032/0.032 secs] [Times: user=0.06 sys=0.00, real=0.03 secs] 
111.882: [CMS-concurrent-preclean-start]
111.882: [CMS-concurrent-preclean: 0.000/0.000 secs] [Times: user=0.00 sys=0.00, real=0.00 secs] 
111.882: [CMS-concurrent-abortable-preclean-start]
111.882: [CMS-concurrent-abortable-preclean: 0.000/0.000 secs] [Times: user=0.00 sys=0.00, real=0.00 secs] 
111.883: Application time: 0.0319490 seconds
111.883: [GC[YG occupancy: 49068 K (49152 K)]111.883: [Rescan (parallel) , 0.0112460 secs]111.894: [weak refs processing, 0.0000090 secs]111.894: [scrub string table, 0.0001440 secs] [1 CMS-remark: 111296K(111296K)] 160364K(160448K), 0.0114610 secs] [Times: user=0.09 sys=0.00, real=0.01 secs] 
111.894: Total time for which application threads were stopped: 0.0116060 seconds, Stopping threads took: 0.0000110 seconds
111.894: [CMS-concurrent-sweep-start]
111.905: [CMS-concurrent-sweep: 0.011/0.011 secs] [Times: user=0.01 sys=0.00, real=0.01 secs] 
111.905: [CMS-concurrent-reset-start]
111.905: [CMS-concurrent-reset: 0.000/0.000 secs] [Times: user=0.00 sys=0.00, real=0.00 secs] 
113.906: Application time: 2.0115120 seconds
113.906: [GC [1 CMS-initial-mark: 111296K(111296K)] 160364K(160448K), 0.0126310 secs] [Times: user=0.01 sys=0.00, real=0.01 secs] 
113.919: Total time for which application threads were stopped: 0.0128370 seconds, Stopping threads took: 0.0000140 seconds
113.919: [CMS-concurrent-mark-start]
113.953: [CMS-concurrent-mark: 0.034/0.034 secs] [Times: user=0.07 sys=0.00, real=0.03 secs] 
113.953: [CMS-concurrent-preclean-start]
113.953: [CMS-concurrent-preclean: 0.000/0.000 secs] [Times: user=0.00 sys=0.00, real=0.00 secs] 
113.953: [CMS-concurrent-abortable-preclean-start]
113.953: [CMS-concurrent-abortable-preclean: 0.000/0.000 secs] [Times: user=0.00 sys=0.00, real=0.00 secs] 
113.953: Application time: 0.0344780 seconds
113.953: [GC[YG occupancy: 49068 K (49152 K)]113.953: [Rescan (parallel) , 0.0116560 secs]113.965: [weak refs processing, 0.0000090 secs]113.965: [scrub string table, 0.0001800 secs] [1 CMS-remark: 111296K(111296K)] 160364K(160448K), 0.0119090 secs] [Times: user=0.09 sys=0.00, real=0.01 secs] 
113.965: Total time for which application threads were stopped: 0.0120650 seconds, Stopping threads took: 0.0000210 seconds
113.965: [CMS-concurrent-sweep-start]
113.977: [CMS-concurrent-sweep: 0.012/0.012 secs] [Times: user=0.01 sys=0.00, real=0.01 secs] 
113.978: [CMS-concurrent-reset-start]
113.978: [CMS-concurrent-reset: 0.000/0.000 secs] [Times: user=0.00 sys=0.00, real=0.00 secs] 
115.978: Application time: 2.0127270 seconds
115.978: [GC [1 CMS-initial-mark: 111296K(111296K)] 160364K(160448K), 0.0161810 secs] [Times: user=0.02 sys=0.00, real=0.02 secs] 
115.994: Total time for which application threads were stopped: 0.0163940 seconds, Stopping threads took: 0.0000160 seconds
115.994: [CMS-concurrent-mark-start]
116.024: [CMS-concurrent-mark: 0.030/0.030 secs] [Times: user=0.06 sys=0.00, real=0.03 secs] 
116.024: [CMS-concurrent-preclean-start]
116.024: [CMS-concurrent-preclean: 0.000/0.000 secs] [Times: user=0.00 sys=0.00, real=0.00 secs] 
116.024: [CMS-concurrent-abortable-preclean-start]
116.024: [CMS-concurrent-abortable-preclean: 0.000/0.000 secs] [Times: user=0.00 sys=0.00, real=0.00 secs] 
116.024: Application time: 0.0300060 seconds
116.024: [GC[YG occupancy: 49068 K (49152 K)]116.024: [Rescan (parallel) , 0.0116630 secs]116.036: [weak refs processing, 0.0000090 secs]116.036: [scrub string table, 0.0001390 secs] [1 CMS-remark: 111296K(111296K)] 160364K(160448K), 0.0118650 secs] [Times: user=0.09 sys=0.00, real=0.01 secs] 
116.036: Total time for which application threads were stopped: 0.0120090 seconds, Stopping threads took: 0.0000100 seconds
116.036: [CMS-concurrent-sweep-start]
116.049: [CMS-concurrent-sweep: 0.012/0.012 secs] [Times: user=0.01 sys=0.00, real=0.02 secs] 
116.049: [CMS-concurrent-reset-start]
116.049: [CMS-concurrent-reset: 0.000/0.000 secs] [Times: user=0.00 sys=0.00, real=0.00 secs] 
118.049: Application time: 2.0127150 seconds
118.049: [GC [1 CMS-initial-mark: 111296K(111296K)] 160364K(160448K), 0.0136390 secs] [Times: user=0.01 sys=0.00, real=0.01 secs] 
118.063: Total time for which application threads were stopped: 0.0138370 seconds, Stopping threads took: 0.0000140 seconds
118.063: [CMS-concurrent-mark-start]
118.094: [CMS-concurrent-mark: 0.031/0.031 secs] [Times: user=0.06 sys=0.00, real=0.03 secs] 
118.094: [CMS-concurrent-preclean-start]
118.094: [CMS-concurrent-preclean: 0.000/0.000 secs] [Times: user=0.00 sys=0.00, real=0.00 secs] 
118.094: [CMS-concurrent-abortable-preclean-start]
118.094: [CMS-concurrent-abortable-preclean: 0.000/0.000 secs] [Times: user=0.00 sys=0.00, real=0.00 secs] 
118.094: Application time: 0.0315820 seconds
118.094: [GC[YG occupancy: 49068 K (49152 K)]118.094: [Rescan (parallel) , 0.0114510 secs]118.106: [weak refs processing, 0.0000100 secs]118.106: [scrub string table, 0.0001430 secs] [1 CMS-remark: 111296K(111296K)] 160364K(160448K), 0.0116460 secs] [Times: user=0.09 sys=0.01, real=0.01 secs] 
118.106: Total time for which application threads were stopped: 0.0117910 seconds, Stopping threads took: 0.0000100 seconds
118.106: [CMS-concurrent-sweep-start]
118.119: [CMS-concurrent-sweep: 0.012/0.012 secs] [Times: user=0.01 sys=0.00, real=0.02 secs] 
118.119: [CMS-concurrent-reset-start]
118.119: [CMS-concurrent-reset: 0.000/0.000 secs] [Times: user=0.00 sys=0.00, real=0.00 secs] 
120.119: Application time: 2.0127680 seconds
120.119: [GC [1 CMS-initial-mark: 111296K(111296K)] 160364K(160448K), 0.0137250 secs] [Times: user=0.02 sys=0.00, real=0.01 secs] 
120.133: Total time for which application threads were stopped: 0.0139270 seconds, Stopping threads took: 0.0000140 seconds
120.133: [CMS-concurrent-mark-start]
120.164: [CMS-concurrent-mark: 0.031/0.031 secs] [Times: user=0.06 sys=0.00, real=0.03 secs] 
120.164: [CMS-concurrent-preclean-start]
120.164: [CMS-concurrent-preclean: 0.000/0.000 secs] [Times: user=0.00 sys=0.00, real=0.00 secs] 
120.164: [CMS-concurrent-abortable-preclean-start]
120.164: [CMS-concurrent-abortable-preclean: 0.000/0.000 secs] [Times: user=0.00 sys=0.00, real=0.00 secs] 
120.164: Application time: 0.0312150 seconds
120.164: [GC[YG occupancy: 49068 K (49152 K)]120.164: [Rescan (parallel) , 0.0115960 secs]120.176: [weak refs processing, 0.0000090 secs]120.176: [scrub string table, 0.0001820 secs] [1 CMS-remark: 111296K(111296K)] 160364K(160448K), 0.0118500 secs] [Times: user=0.09 sys=0.00, real=0.01 secs] 
120.176: Total time for which application threads were stopped: 0.0119940 seconds, Stopping threads took: 0.0000100 seconds
120.176: [CMS-concurrent-sweep-start]
120.188: [CMS-concurrent-sweep: 0.012/0.012 secs] [Times: user=0.01 sys=0.00, real=0.02 secs] 
120.188: [CMS-concurrent-reset-start]
120.189: [CMS-concurrent-reset: 0.000/0.000 secs] [Times: user=0.00 sys=0.00, real=0.00 secs] 
122.189: Application time: 2.0126700 seconds
122.189: [GC [1 CMS-initial-mark: 111296K(111296K)] 160364K(160448K), 0.0125330 secs] [Times: user=0.01 sys=0.00, real=0.01 secs] 
122.201: Total time for which application threads were stopped: 0.0127290 seconds, Stopping threads took: 0.0000140 seconds
122.201: [CMS-concurrent-mark-start]
122.232: [CMS-concurrent-mark: 0.031/0.031 secs] [Times: user=0.07 sys=0.00, real=0.03 secs] 
122.232: [CMS-concurrent-preclean-start]
122.232: [CMS-concurrent-preclean: 0.000/0.000 secs] [Times: user=0.00 sys=0.00, real=0.00 secs] 
122.232: [CMS-concurrent-abortable-preclean-start]
122.232: [CMS-concurrent-abortable-preclean: 0.000/0.000 secs] [Times: user=0.00 sys=0.00, real=0.00 secs] 
122.233: Application time: 0.0310980 seconds
122.233: [GC[YG occupancy: 49068 K (49152 K)]122.233: [Rescan (parallel) , 0.0111970 secs]122.244: [weak refs processing, 0.0000100 secs]122.244: [scrub string table, 0.0001440 secs] [1 CMS-remark: 111296K(111296K)] 160364K(160448K), 0.0113920 secs] [Times: user=0.09 sys=0.00, real=0.01 secs] 
122.244: Total time for which application threads were stopped: 0.0115350 seconds, Stopping threads took: 0.0000110 seconds
122.244: [CMS-concurrent-sweep-start]
122.256: [CMS-concurrent-sweep: 0.012/0.012 secs] [Times: user=0.01 sys=0.00, real=0.01 secs] 
122.256: [CMS-concurrent-reset-start]
122.257: [CMS-concurrent-reset: 0.000/0.000 secs] [Times: user=0.00 sys=0.00, real=0.00 secs] 
124.257: Application time: 2.0126660 seconds
124.257: [GC [1 CMS-initial-mark: 111296K(111296K)] 160364K(160448K), 0.0130410 secs] [Times: user=0.01 sys=0.00, real=0.02 secs] 
124.270: Total time for which application threads were stopped: 0.0132690 seconds, Stopping threads took: 0.0000310 seconds
124.270: [CMS-concurrent-mark-start]
124.300: [CMS-concurrent-mark: 0.030/0.030 secs] [Times: user=0.06 sys=0.00, real=0.03 secs] 
124.300: [CMS-concurrent-preclean-start]
124.300: [CMS-concurrent-preclean: 0.000/0.000 secs] [Times: user=0.00 sys=0.00, real=0.00 secs] 
124.300: [CMS-concurrent-abortable-preclean-start]
124.300: [CMS-concurrent-abortable-preclean: 0.000/0.000 secs] [Times: user=0.00 sys=0.00, real=0.00 secs] 
124.300: Application time: 0.0303760 seconds
124.301: [GC[YG occupancy: 49068 K (49152 K)]124.301: [Rescan (parallel) , 0.0113360 secs]124.312: [weak refs processing, 0.0000090 secs]124.312: [scrub string table, 0.0001810 secs] [1 CMS-remark: 111296K(111296K)] 160364K(160448K), 0.0115930 secs] [Times: user=0.09 sys=0.00, real=0.01 secs] 
124.312: Total time for which application threads were stopped: 0.0117350 seconds, Stopping threads took: 0.0000100 seconds
124.312: [CMS-concurrent-sweep-start]
124.325: [CMS-concurrent-sweep: 0.012/0.012 secs] [Times: user=0.02 sys=0.00, real=0.01 secs] 
124.325: [CMS-concurrent-reset-start]
124.325: [CMS-concurrent-reset: 0.000/0.000 secs] [Times: user=0.00 sys=0.00, real=0.00 secs] 
126.325: Application time: 2.0127240 seconds
126.325: [GC [1 CMS-initial-mark: 111296K(111296K)] 160364K(160448K), 0.0136810 secs] [Times: user=0.01 sys=0.00, real=0.02 secs] 
126.339: Total time for which application threads were stopped: 0.0138760 seconds, Stopping threads took: 0.0000140 seconds
126.339: [CMS-concurrent-mark-start]
126.370: [CMS-concurrent-mark: 0.031/0.031 secs] [Times: user=0.06 sys=0.00, real=0.03 secs] 
126.370: [CMS-concurrent-preclean-start]
126.370: [CMS-concurrent-preclean: 0.000/0.000 secs] [Times: user=0.00 sys=0.00, real=0.00 secs] 
126.370: [CMS-concurrent-abortable-preclean-start]
126.370: [CMS-concurrent-abortable-preclean: 0.000/0.000 secs] [Times: user=0.00 sys=0.00, real=0.00 secs] 
126.370: Application time: 0.0314510 seconds
126.370: [GC[YG occupancy: 49068 K (49152 K)]126.370: [Rescan (parallel) , 0.0113020 secs]126.382: [weak refs processing, 0.0000090 secs]126.382: [scrub string table, 0.0001380 secs] [1 CMS-remark: 111296K(111296K)] 160364K(160448K), 0.0115020 secs] [Times: user=0.09 sys=0.00, real=0.01 secs] 
126.382: Total time for which application threads were stopped: 0.0116560 seconds, Stopping threads took: 0.0000210 seconds
126.382: [CMS-concurrent-sweep-start]
126.394: [CMS-concurrent-sweep: 0.012/0.012 secs] [Times: user=0.01 sys=0.00, real=0.01 secs] 
126.394: [CMS-concurrent-reset-start]
126.394: [CMS-concurrent-reset: 0.000/0.000 secs] [Times: user=0.00 sys=0.00, real=0.00 secs] 
128.395: Application time: 2.0127140 seconds
128.395: [GC [1 CMS-initial-mark: 111296K(111296K)] 160364K(160448K), 0.0151130 secs] [Times: user=0.01 sys=0.00, real=0.02 secs] 
128.410: Total time for which application threads were stopped: 0.0153220 seconds, Stopping threads took: 0.0000170 seconds
128.410: [CMS-concurrent-mark-start]
128.441: [CMS-concurrent-mark: 0.031/0.031 secs] [Times: user=0.06 sys=0.00, real=0.03 secs] 
128.441: [CMS-concurrent-preclean-start]
128.441: [CMS-concurrent-preclean: 0.000/0.000 secs] [Times: user=0.00 sys=0.00, real=0.00 secs] 
128.441: [CMS-concurrent-abortable-preclean-start]
128.441: [CMS-concurrent-abortable-preclean: 0.000/0.000 secs] [Times: user=0.00 sys=0.00, real=0.00 secs] 
128.441: Application time: 0.0312700 seconds
128.441: [GC[YG occupancy: 49068 K (49152 K)]128.441: [Rescan (parallel) , 0.0111390 secs]128.452: [weak refs processing, 0.0000100 secs]128.452: [scrub string table, 0.0001400 secs] [1 CMS-remark: 111296K(111296K)] 160364K(160448K), 0.0113340 secs] [Times: user=0.09 sys=0.00, real=0.01 secs] 
128.453: Total time for which application threads were stopped: 0.0114880 seconds, Stopping threads took: 0.0000210 seconds
128.453: [CMS-concurrent-sweep-start]
128.465: [CMS-concurrent-sweep: 0.012/0.012 secs] [Times: user=0.01 sys=0.00, real=0.01 secs] 
128.465: [CMS-concurrent-reset-start]
128.465: [CMS-concurrent-reset: 0.000/0.000 secs] [Times: user=0.00 sys=0.00, real=0.00 secs] 
130.465: Application time: 2.0127430 seconds
130.466: [GC [1 CMS-initial-mark: 111296K(111296K)] 160364K(160448K), 0.0131690 secs] [Times: user=0.01 sys=0.00, real=0.02 secs] 
130.479: Total time for which application threads were stopped: 0.0133680 seconds, Stopping threads took: 0.0000130 seconds
130.479: [CMS-concurrent-mark-start]
130.510: [CMS-concurrent-mark: 0.031/0.031 secs] [Times: user=0.06 sys=0.00, real=0.03 secs] 
130.510: [CMS-concurrent-preclean-start]
130.510: [CMS-concurrent-preclean: 0.000/0.000 secs] [Times: user=0.00 sys=0.00, real=0.00 secs] 
130.510: [CMS-concurrent-abortable-preclean-start]
130.510: [CMS-concurrent-abortable-preclean: 0.000/0.000 secs] [Times: user=0.00 sys=0.00, real=0.00 secs] 
130.510: Application time: 0.0313530 seconds
130.510: [GC[YG occupancy: 49068 K (49152 K)]130.510: [Rescan (parallel) , 0.0113830 secs]130.522: [weak refs processing, 0.0000090 secs]130.522: [scrub string table, 0.0001790 secs] [1 CMS-remark: 111296K(111296K)] 160364K(160448K), 0.0116360 secs] [Times: user=0.09 sys=0.00, real=0.01 secs] 
130.522: Total time for which application threads were stopped: 0.0117900 seconds, Stopping threads took: 0.0000190 seconds
130.522: [CMS-concurrent-sweep-start]
130.533: [CMS-concurrent-sweep: 0.011/0.011 secs] [Times: user=0.01 sys=0.00, real=0.01 secs] 
130.533: [CMS-concurrent-reset-start]
130.533: [CMS-concurrent-reset: 0.000/0.000 secs] [Times: user=0.00 sys=0.00, real=0.00 secs] 
132.533: Application time: 2.0115740 seconds
132.534: [GC [1 CMS-initial-mark: 111296K(111296K)] 160364K(160448K), 0.0134040 secs] [Times: user=0.02 sys=0.00, real=0.02 secs] 
132.547: Total time for which application threads were stopped: 0.0136000 seconds, Stopping threads took: 0.0000140 seconds
132.547: [CMS-concurrent-mark-start]
132.577: [CMS-concurrent-mark: 0.030/0.030 secs] [Times: user=0.06 sys=0.00, real=0.02 secs] 
132.577: [CMS-concurrent-preclean-start]
132.577: [CMS-concurrent-preclean: 0.000/0.000 secs] [Times: user=0.00 sys=0.00, real=0.00 secs] 
132.577: [CMS-concurrent-abortable-preclean-start]
132.577: [CMS-concurrent-abortable-preclean: 0.000/0.000 secs] [Times: user=0.00 sys=0.00, real=0.00 secs] 
132.577: Application time: 0.0300000 seconds
132.577: [GC[YG occupancy: 49068 K (49152 K)]132.577: [Rescan (parallel) , 0.0114390 secs]132.589: [weak refs processing, 0.0000090 secs]132.589: [scrub string table, 0.0001400 secs] [1 CMS-remark: 111296K(111296K)] 160364K(160448K), 0.0116410 secs] [Times: user=0.09 sys=0.00, real=0.02 secs] 
132.589: Total time for which application threads were stopped: 0.0117950 seconds, Stopping threads took: 0.0000200 seconds
132.589: [CMS-concurrent-sweep-start]
132.601: [CMS-concurrent-sweep: 0.012/0.012 secs] [Times: user=0.01 sys=0.00, real=0.01 secs] 
132.601: [CMS-concurrent-reset-start]
132.601: [CMS-concurrent-reset: 0.000/0.000 secs] [Times: user=0.00 sys=0.00, real=0.00 secs] 
134.602: Application time: 2.0128240 seconds
134.602: [GC [1 CMS-initial-mark: 111296K(111296K)] 160364K(160448K), 0.0133480 secs] [Times: user=0.01 sys=0.00, real=0.01 secs] 
134.615: Total time for which application threads were stopped: 0.0135400 seconds, Stopping threads took: 0.0000140 seconds
134.615: [CMS-concurrent-mark-start]
134.645: [CMS-concurrent-mark: 0.030/0.030 secs] [Times: user=0.06 sys=0.00, real=0.03 secs] 
134.645: [CMS-concurrent-preclean-start]
134.645: [CMS-concurrent-preclean: 0.000/0.000 secs] [Times: user=0.00 sys=0.00, real=0.00 secs] 
134.645: [CMS-concurrent-abortable-preclean-start]
134.645: [CMS-concurrent-abortable-preclean: 0.000/0.000 secs] [Times: user=0.00 sys=0.00, real=0.00 secs] 
134.645: Application time: 0.0302540 seconds
134.646: [GC[YG occupancy: 49068 K (49152 K)]134.646: [Rescan (parallel) , 0.0114090 secs]134.657: [weak refs processing, 0.0000080 secs]134.657: [scrub string table, 0.0001820 secs] [1 CMS-remark: 111296K(111296K)] 160364K(160448K), 0.0116430 secs] [Times: user=0.09 sys=0.00, real=0.01 secs] 
134.657: Total time for which application threads were stopped: 0.0117870 seconds, Stopping threads took: 0.0000100 seconds
134.657: [CMS-concurrent-sweep-start]
134.670: [CMS-concurrent-sweep: 0.012/0.012 secs] [Times: user=0.02 sys=0.00, real=0.02 secs] 
134.670: [CMS-concurrent-reset-start]
134.670: [CMS-concurrent-reset: 0.000/0.000 secs] [Times: user=0.00 sys=0.00, real=0.00 secs] 
136.670: Application time: 2.0126810 seconds
136.670: [GC [1 CMS-initial-mark: 111296K(111296K)] 160364K(160448K), 0.0081920 secs] [Times: user=0.01 sys=0.00, real=0.00 secs] 
136.678: Total time for which application threads were stopped: 0.0083720 seconds, Stopping threads took: 0.0000120 seconds
136.678: [CMS-concurrent-mark-start]
136.712: [CMS-concurrent-mark: 0.033/0.033 secs] [Times: user=0.06 sys=0.00, real=0.04 secs] 
136.712: [CMS-concurrent-preclean-start]
136.712: [CMS-concurrent-preclean: 0.000/0.000 secs] [Times: user=0.00 sys=0.00, real=0.00 secs] 
136.712: [CMS-concurrent-abortable-preclean-start]
136.712: [CMS-concurrent-abortable-preclean: 0.000/0.000 secs] [Times: user=0.00 sys=0.00, real=0.00 secs] 
136.712: Application time: 0.0337420 seconds
136.712: [GC[YG occupancy: 49068 K (49152 K)]136.712: [Rescan (parallel) , 0.0114500 secs]136.724: [weak refs processing, 0.0000080 secs]136.724: [scrub string table, 0.0001410 secs] [1 CMS-remark: 111296K(111296K)] 160364K(160448K), 0.0116670 secs] [Times: user=0.09 sys=0.00, real=0.01 secs] 
136.724: Total time for which application threads were stopped: 0.0118110 seconds, Stopping threads took: 0.0000100 seconds
136.724: [CMS-concurrent-sweep-start]
136.736: [CMS-concurrent-sweep: 0.012/0.012 secs] [Times: user=0.01 sys=0.00, real=0.01 secs] 
136.736: [CMS-concurrent-reset-start]
136.736: [CMS-concurrent-reset: 0.000/0.000 secs] [Times: user=0.00 sys=0.00, real=0.00 secs] 
138.737: Application time: 2.0126840 seconds
138.737: [GC [1 CMS-initial-mark: 111296K(111296K)] 160364K(160448K), 0.0164680 secs] [Times: user=0.01 sys=0.00, real=0.02 secs] 
138.753: Total time for which application threads were stopped: 0.0167010 seconds, Stopping threads took: 0.0000200 seconds
138.753: [CMS-concurrent-mark-start]
138.783: [CMS-concurrent-mark: 0.030/0.030 secs] [Times: user=0.06 sys=0.00, real=0.03 secs] 
138.783: [CMS-concurrent-preclean-start]
138.783: [CMS-concurrent-preclean: 0.000/0.000 secs] [Times: user=0.00 sys=0.00, real=0.00 secs] 
138.783: [CMS-concurrent-abortable-preclean-start]
138.783: [CMS-concurrent-abortable-preclean: 0.000/0.000 secs] [Times: user=0.00 sys=0.00, real=0.00 secs] 
138.783: Application time: 0.0299130 seconds
138.783: [GC[YG occupancy: 49068 K (49152 K)]138.783: [Rescan (parallel) , 0.0114410 secs]138.795: [weak refs processing, 0.0000100 secs]138.795: [scrub string table, 0.0001800 secs] [1 CMS-remark: 111296K(111296K)] 160364K(160448K), 0.0116730 secs] [Times: user=0.09 sys=0.00, real=0.01 secs] 
138.795: Total time for which application threads were stopped: 0.0118170 seconds, Stopping threads took: 0.0000100 seconds
138.795: [CMS-concurrent-sweep-start]
138.807: [CMS-concurrent-sweep: 0.012/0.012 secs] [Times: user=0.01 sys=0.00, real=0.02 secs] 
138.807: [CMS-concurrent-reset-start]
138.808: [CMS-concurrent-reset: 0.000/0.000 secs] [Times: user=0.00 sys=0.00, real=0.00 secs] 
140.808: Application time: 2.0127270 seconds
140.808: [GC [1 CMS-initial-mark: 111296K(111296K)] 160364K(160448K), 0.0154500 secs] [Times: user=0.01 sys=0.00, real=0.01 secs] 
140.823: Total time for which application threads were stopped: 0.0156500 seconds, Stopping threads took: 0.0000150 seconds
140.823: [CMS-concurrent-mark-start]
140.855: [CMS-concurrent-mark: 0.032/0.032 secs] [Times: user=0.06 sys=0.00, real=0.03 secs] 
140.855: [CMS-concurrent-preclean-start]
140.855: [CMS-concurrent-preclean: 0.000/0.000 secs] [Times: user=0.00 sys=0.00, real=0.00 secs] 
140.855: [CMS-concurrent-abortable-preclean-start]
140.855: [CMS-concurrent-abortable-preclean: 0.000/0.000 secs] [Times: user=0.00 sys=0.00, real=0.00 secs] 
140.855: Application time: 0.0318880 seconds
140.855: [GC[YG occupancy: 49068 K (49152 K)]140.855: [Rescan (parallel) , 0.0116970 secs]140.867: [weak refs processing, 0.0000090 secs]140.867: [scrub string table, 0.0001800 secs] [1 CMS-remark: 111296K(111296K)] 160364K(160448K), 0.0119510 secs] [Times: user=0.10 sys=0.00, real=0.02 secs] 
140.867: Total time for which application threads were stopped: 0.0121130 seconds, Stopping threads took: 0.0000210 seconds
140.867: [CMS-concurrent-sweep-start]
140.880: [CMS-concurrent-sweep: 0.012/0.012 secs] [Times: user=0.01 sys=0.00, real=0.01 secs] 
140.880: [CMS-concurrent-reset-start]
140.880: [CMS-concurrent-reset: 0.000/0.000 secs] [Times: user=0.00 sys=0.00, real=0.00 secs] 
142.880: Application time: 2.0126380 seconds
142.880: [GC [1 CMS-initial-mark: 111296K(111296K)] 160364K(160448K), 0.0148940 secs] [Times: user=0.02 sys=0.00, real=0.01 secs] 
142.895: Total time for which application threads were stopped: 0.0150920 seconds, Stopping threads took: 0.0000150 seconds
142.895: [CMS-concurrent-mark-start]
142.925: [CMS-concurrent-mark: 0.030/0.030 secs] [Times: user=0.05 sys=0.00, real=0.03 secs] 
142.925: [CMS-concurrent-preclean-start]
142.925: [CMS-concurrent-preclean: 0.000/0.000 secs] [Times: user=0.01 sys=0.00, real=0.00 secs] 
142.925: [CMS-concurrent-abortable-preclean-start]
142.925: [CMS-concurrent-abortable-preclean: 0.000/0.000 secs] [Times: user=0.00 sys=0.00, real=0.00 secs] 
142.925: Application time: 0.0301060 seconds
142.925: [GC[YG occupancy: 49068 K (49152 K)]142.925: [Rescan (parallel) , 0.0113510 secs]142.937: [weak refs processing, 0.0000080 secs]142.937: [scrub string table, 0.0001820 secs] [1 CMS-remark: 111296K(111296K)] 160364K(160448K), 0.0116060 secs] [Times: user=0.08 sys=0.00, real=0.01 secs] 
142.937: Total time for which application threads were stopped: 0.0117510 seconds, Stopping threads took: 0.0000110 seconds
142.937: [CMS-concurrent-sweep-start]
142.949: [CMS-concurrent-sweep: 0.012/0.012 secs] [Times: user=0.02 sys=0.00, real=0.02 secs] 
142.949: [CMS-concurrent-reset-start]
142.950: [CMS-concurrent-reset: 0.000/0.000 secs] [Times: user=0.00 sys=0.00, real=0.00 secs] 
144.950: Application time: 2.0127070 seconds
144.950: [GC [1 CMS-initial-mark: 111296K(111296K)] 160364K(160448K), 0.0154540 secs] [Times: user=0.01 sys=0.00, real=0.01 secs] 
144.965: Total time for which application threads were stopped: 0.0156740 seconds, Stopping threads took: 0.0000180 seconds
144.965: [CMS-concurrent-mark-start]
144.995: [CMS-concurrent-mark: 0.030/0.030 secs] [Times: user=0.06 sys=0.00, real=0.03 secs] 
144.995: [CMS-concurrent-preclean-start]
144.995: [CMS-concurrent-preclean: 0.000/0.000 secs] [Times: user=0.00 sys=0.00, real=0.00 secs] 
144.995: [CMS-concurrent-abortable-preclean-start]
144.995: [CMS-concurrent-abortable-preclean: 0.000/0.000 secs] [Times: user=0.00 sys=0.00, real=0.00 secs] 
144.995: Application time: 0.0299600 seconds
144.995: [GC[YG occupancy: 49068 K (49152 K)]144.995: [Rescan (parallel) , 0.0112020 secs]145.007: [weak refs processing, 0.0000090 secs]145.007: [scrub string table, 0.0001400 secs] [1 CMS-remark: 111296K(111296K)] 160364K(160448K), 0.0113940 secs] [Times: user=0.09 sys=0.00, real=0.02 secs] 
145.007: Total time for which application threads were stopped: 0.0115380 seconds, Stopping threads took: 0.0000110 seconds
145.007: [CMS-concurrent-sweep-start]
145.019: [CMS-concurrent-sweep: 0.012/0.012 secs] [Times: user=0.01 sys=0.00, real=0.01 secs] 
145.019: [CMS-concurrent-reset-start]
145.019: [CMS-concurrent-reset: 0.000/0.000 secs] [Times: user=0.00 sys=0.00, real=0.00 secs] 
147.020: Application time: 2.0127210 seconds
147.020: [GC [1 CMS-initial-mark: 111296K(111296K)] 160364K(160448K), 0.0150920 secs] [Times: user=0.02 sys=0.00, real=0.01 secs] 
147.035: Total time for which application threads were stopped: 0.0152940 seconds, Stopping threads took: 0.0000150 seconds
147.035: [CMS-concurrent-mark-start]
147.066: [CMS-concurrent-mark: 0.031/0.031 secs] [Times: user=0.06 sys=0.00, real=0.03 secs] 
147.066: [CMS-concurrent-preclean-start]
147.066: [CMS-concurrent-preclean: 0.000/0.000 secs] [Times: user=0.00 sys=0.00, real=0.00 secs] 
147.066: [CMS-concurrent-abortable-preclean-start]
147.066: [CMS-concurrent-abortable-preclean: 0.000/0.000 secs] [Times: user=0.00 sys=0.00, real=0.00 secs] 
147.066: Application time: 0.0314690 seconds
147.066: [GC[YG occupancy: 49068 K (49152 K)]147.066: [Rescan (parallel) , 0.0114390 secs]147.078: [weak refs processing, 0.0000090 secs]147.078: [scrub string table, 0.0001840 secs] [1 CMS-remark: 111296K(111296K)] 160364K(160448K), 0.0116980 secs] [Times: user=0.08 sys=0.01, real=0.01 secs] 
147.078: Total time for which application threads were stopped: 0.0118410 seconds, Stopping threads took: 0.0000100 seconds
147.078: [CMS-concurrent-sweep-start]
147.091: [CMS-concurrent-sweep: 0.012/0.012 secs] [Times: user=0.02 sys=0.00, real=0.02 secs] 
147.091: [CMS-concurrent-reset-start]
147.091: [CMS-concurrent-reset: 0.000/0.000 secs] [Times: user=0.00 sys=0.00, real=0.00 secs] 
149.091: Application time: 2.0127460 seconds
149.091: [GC [1 CMS-initial-mark: 111296K(111296K)] 160364K(160448K), 0.0081740 secs] [Times: user=0.00 sys=0.00, real=0.01 secs] 
149.099: Total time for which application threads were stopped: 0.0083540 seconds, Stopping threads took: 0.0000110 seconds
149.099: [CMS-concurrent-mark-start]
149.133: [CMS-concurrent-mark: 0.034/0.034 secs] [Times: user=0.07 sys=0.00, real=0.03 secs] 
149.133: [CMS-concurrent-preclean-start]
149.134: [CMS-concurrent-preclean: 0.000/0.000 secs] [Times: user=0.00 sys=0.00, real=0.00 secs] 
149.134: [CMS-concurrent-abortable-preclean-start]
149.134: [CMS-concurrent-abortable-preclean: 0.000/0.000 secs] [Times: user=0.00 sys=0.00, real=0.00 secs] 
149.134: Application time: 0.0343760 seconds
149.134: [GC[YG occupancy: 49068 K (49152 K)]149.134: [Rescan (parallel) , 0.0114050 secs]149.145: [weak refs processing, 0.0000090 secs]149.145: [scrub string table, 0.0001840 secs] [1 CMS-remark: 111296K(111296K)] 160364K(160448K), 0.0116600 secs] [Times: user=0.09 sys=0.00, real=0.01 secs] 
149.145: Total time for which application threads were stopped: 0.0118130 seconds, Stopping threads took: 0.0000210 seconds
149.146: [CMS-concurrent-sweep-start]
149.158: [CMS-concurrent-sweep: 0.012/0.012 secs] [Times: user=0.01 sys=0.00, real=0.01 secs] 
149.158: [CMS-concurrent-reset-start]
149.158: [CMS-concurrent-reset: 0.000/0.000 secs] [Times: user=0.00 sys=0.00, real=0.00 secs] 
151.158: Application time: 2.0126620 seconds
151.158: [GC [1 CMS-initial-mark: 111296K(111296K)] 160364K(160448K), 0.0130360 secs] [Times: user=0.02 sys=0.00, real=0.02 secs] 
151.171: Total time for which application threads were stopped: 0.0132370 seconds, Stopping threads took: 0.0000150 seconds
151.171: [CMS-concurrent-mark-start]
151.202: [CMS-concurrent-mark: 0.031/0.031 secs] [Times: user=0.06 sys=0.00, real=0.03 secs] 
151.202: [CMS-concurrent-preclean-start]
151.202: [CMS-concurrent-preclean: 0.000/0.000 secs] [Times: user=0.00 sys=0.00, real=0.00 secs] 
151.202: [CMS-concurrent-abortable-preclean-start]
151.202: [CMS-concurrent-abortable-preclean: 0.000/0.000 secs] [Times: user=0.00 sys=0.00, real=0.00 secs] 
151.202: Application time: 0.0309650 seconds
151.202: [GC[YG occupancy: 49068 K (49152 K)]151.202: [Rescan (parallel) , 0.0116020 secs]151.214: [weak refs processing, 0.0000090 secs]151.214: [scrub string table, 0.0001400 secs] [1 CMS-remark: 111296K(111296K)] 160364K(160448K), 0.0118170 secs] [Times: user=0.08 sys=0.01, real=0.01 secs] 
151.214: Total time for which application threads were stopped: 0.0119610 seconds, Stopping threads took: 0.0000100 seconds
151.214: [CMS-concurrent-sweep-start]
151.227: [CMS-concurrent-sweep: 0.012/0.012 secs] [Times: user=0.02 sys=0.00, real=0.02 secs] 
151.227: [CMS-concurrent-reset-start]
151.227: [CMS-concurrent-reset: 0.000/0.000 secs] [Times: user=0.00 sys=0.00, real=0.00 secs] 
153.227: Application time: 2.0127200 seconds
153.227: [GC [1 CMS-initial-mark: 111296K(111296K)] 160364K(160448K), 0.0081790 secs] [Times: user=0.01 sys=0.00, real=0.00 secs] 
153.235: Total time for which application threads were stopped: 0.0083590 seconds, Stopping threads took: 0.0000120 seconds
153.235: [CMS-concurrent-mark-start]
153.265: [CMS-concurrent-mark: 0.030/0.030 secs] [Times: user=0.06 sys=0.00, real=0.03 secs] 
153.265: [CMS-concurrent-preclean-start]
153.265: [CMS-concurrent-preclean: 0.000/0.000 secs] [Times: user=0.00 sys=0.00, real=0.00 secs] 
153.265: [CMS-concurrent-abortable-preclean-start]
153.265: [CMS-concurrent-abortable-preclean: 0.000/0.000 secs] [Times: user=0.00 sys=0.00, real=0.00 secs] 
153.265: Application time: 0.0299270 seconds
153.265: [GC[YG occupancy: 49068 K (49152 K)]153.265: [Rescan (parallel) , 0.0114910 secs]153.277: [weak refs processing, 0.0000090 secs]153.277: [scrub string table, 0.0001770 secs] [1 CMS-remark: 111296K(111296K)] 160364K(160448K), 0.0117440 secs] [Times: user=0.09 sys=0.00, real=0.01 secs] 
153.277: Total time for which application threads were stopped: 0.0118990 seconds, Stopping threads took: 0.0000210 seconds
153.277: [CMS-concurrent-sweep-start]
153.288: [CMS-concurrent-sweep: 0.011/0.011 secs] [Times: user=0.01 sys=0.00, real=0.02 secs] 
153.288: [CMS-concurrent-reset-start]
153.288: [CMS-concurrent-reset: 0.000/0.000 secs] [Times: user=0.00 sys=0.00, real=0.00 secs] 
155.289: Application time: 2.0114420 seconds
155.289: [GC [1 CMS-initial-mark: 111296K(111296K)] 160364K(160448K), 0.0172500 secs] [Times: user=0.01 sys=0.00, real=0.01 secs] 
155.306: Total time for which application threads were stopped: 0.0174930 seconds, Stopping threads took: 0.0000360 seconds
155.306: [CMS-concurrent-mark-start]
155.337: [CMS-concurrent-mark: 0.031/0.031 secs] [Times: user=0.06 sys=0.00, real=0.03 secs] 
155.337: [CMS-concurrent-preclean-start]
155.337: [CMS-concurrent-preclean: 0.000/0.000 secs] [Times: user=0.00 sys=0.00, real=0.00 secs] 
155.337: [CMS-concurrent-abortable-preclean-start]
155.337: [CMS-concurrent-abortable-preclean: 0.000/0.000 secs] [Times: user=0.00 sys=0.00, real=0.00 secs] 
155.337: Application time: 0.0311290 seconds
155.337: [GC[YG occupancy: 49068 K (49152 K)]155.337: [Rescan (parallel) , 0.0114390 secs]155.349: [weak refs processing, 0.0000090 secs]155.349: [scrub string table, 0.0001760 secs] [1 CMS-remark: 111296K(111296K)] 160364K(160448K), 0.0116860 secs] [Times: user=0.09 sys=0.00, real=0.02 secs] 
155.349: Total time for which application threads were stopped: 0.0118410 seconds, Stopping threads took: 0.0000200 seconds
155.349: [CMS-concurrent-sweep-start]
155.360: [CMS-concurrent-sweep: 0.011/0.011 secs] [Times: user=0.02 sys=0.00, real=0.01 secs] 
155.360: [CMS-concurrent-reset-start]
155.360: [CMS-concurrent-reset: 0.000/0.000 secs] [Times: user=0.00 sys=0.00, real=0.00 secs] 
157.361: Application time: 2.0114380 seconds
157.361: [GC [1 CMS-initial-mark: 111296K(111296K)] 160364K(160448K), 0.0082100 secs] [Times: user=0.00 sys=0.00, real=0.01 secs] 
157.369: Total time for which application threads were stopped: 0.0083870 seconds, Stopping threads took: 0.0000120 seconds
157.369: [CMS-concurrent-mark-start]
157.400: [CMS-concurrent-mark: 0.031/0.031 secs] [Times: user=0.07 sys=0.00, real=0.03 secs] 
157.400: [CMS-concurrent-preclean-start]
157.400: [CMS-concurrent-preclean: 0.000/0.000 secs] [Times: user=0.00 sys=0.00, real=0.00 secs] 
157.400: [CMS-concurrent-abortable-preclean-start]
157.400: [CMS-concurrent-abortable-preclean: 0.000/0.000 secs] [Times: user=0.00 sys=0.00, real=0.00 secs] 
157.400: Application time: 0.0311100 seconds
157.400: [GC[YG occupancy: 49068 K (49152 K)]157.400: [Rescan (parallel) , 0.0114260 secs]157.412: [weak refs processing, 0.0000090 secs]157.412: [scrub string table, 0.0001840 secs] [1 CMS-remark: 111296K(111296K)] 160364K(160448K), 0.0116610 secs] [Times: user=0.09 sys=0.00, real=0.01 secs] 
157.412: Total time for which application threads were stopped: 0.0118320 seconds, Stopping threads took: 0.0000220 seconds
157.412: [CMS-concurrent-sweep-start]
157.423: [CMS-concurrent-sweep: 0.011/0.011 secs] [Times: user=0.01 sys=0.00, real=0.01 secs] 
157.423: [CMS-concurrent-reset-start]
157.423: [CMS-concurrent-reset: 0.000/0.000 secs] [Times: user=0.00 sys=0.00, real=0.00 secs] 
159.423: Application time: 2.0113950 seconds
159.423: [GC [1 CMS-initial-mark: 111296K(111296K)] 160364K(160448K), 0.0166150 secs] [Times: user=0.02 sys=0.00, real=0.02 secs] 
159.440: Total time for which application threads were stopped: 0.0168350 seconds, Stopping threads took: 0.0000170 seconds
159.440: [CMS-concurrent-mark-start]
159.471: [CMS-concurrent-mark: 0.031/0.031 secs] [Times: user=0.06 sys=0.00, real=0.03 secs] 
159.471: [CMS-concurrent-preclean-start]
159.471: [CMS-concurrent-preclean: 0.000/0.000 secs] [Times: user=0.00 sys=0.00, real=0.00 secs] 
159.471: [CMS-concurrent-abortable-preclean-start]
159.471: [CMS-concurrent-abortable-preclean: 0.000/0.000 secs] [Times: user=0.00 sys=0.00, real=0.00 secs] 
159.471: Application time: 0.0312460 seconds
159.472: [GC[YG occupancy: 49068 K (49152 K)]159.472: [Rescan (parallel) , 0.0115450 secs]159.483: [weak refs processing, 0.0000090 secs]159.483: [scrub string table, 0.0001820 secs] [1 CMS-remark: 111296K(111296K)] 160364K(160448K), 0.0118000 secs] [Times: user=0.09 sys=0.00, real=0.01 secs] 
159.483: Total time for which application threads were stopped: 0.0119440 seconds, Stopping threads took: 0.0000100 seconds
159.483: [CMS-concurrent-sweep-start]
159.494: [CMS-concurrent-sweep: 0.011/0.011 secs] [Times: user=0.01 sys=0.00, real=0.01 secs] 
159.494: [CMS-concurrent-reset-start]
159.495: [CMS-concurrent-reset: 0.000/0.000 secs] [Times: user=0.00 sys=0.00, real=0.00 secs] 
161.495: Application time: 2.0114310 seconds
161.495: [GC [1 CMS-initial-mark: 111296K(111296K)] 160364K(160448K), 0.0156640 secs] [Times: user=0.02 sys=0.00, real=0.02 secs] 
161.511: Total time for which application threads were stopped: 0.0158660 seconds, Stopping threads took: 0.0000150 seconds
161.511: [CMS-concurrent-mark-start]
161.542: [CMS-concurrent-mark: 0.031/0.031 secs] [Times: user=0.06 sys=0.00, real=0.03 secs] 
161.542: [CMS-concurrent-preclean-start]
161.542: [CMS-concurrent-preclean: 0.000/0.000 secs] [Times: user=0.00 sys=0.00, real=0.00 secs] 
161.542: [CMS-concurrent-abortable-preclean-start]
161.542: [CMS-concurrent-abortable-preclean: 0.000/0.000 secs] [Times: user=0.00 sys=0.00, real=0.00 secs] 
161.542: Application time: 0.0314400 seconds
161.542: [GC[YG occupancy: 49068 K (49152 K)]161.542: [Rescan (parallel) , 0.0117920 secs]161.554: [weak refs processing, 0.0000090 secs]161.554: [scrub string table, 0.0001380 secs] [1 CMS-remark: 111296K(111296K)] 160364K(160448K), 0.0119930 secs] [Times: user=0.09 sys=0.00, real=0.01 secs] 
161.554: Total time for which application threads were stopped: 0.0121460 seconds, Stopping threads took: 0.0000210 seconds
161.554: [CMS-concurrent-sweep-start]
161.565: [CMS-concurrent-sweep: 0.011/0.011 secs] [Times: user=0.01 sys=0.00, real=0.01 secs] 
161.565: [CMS-concurrent-reset-start]
161.565: [CMS-concurrent-reset: 0.000/0.000 secs] [Times: user=0.00 sys=0.00, real=0.00 secs] 
163.566: Application time: 2.0114530 seconds
163.566: [GC [1 CMS-initial-mark: 111296K(111296K)] 160364K(160448K), 0.0155940 secs] [Times: user=0.02 sys=0.00, real=0.02 secs] 
163.581: Total time for which application threads were stopped: 0.0158060 seconds, Stopping threads took: 0.0000170 seconds
163.582: [CMS-concurrent-mark-start]
163.612: [CMS-concurrent-mark: 0.031/0.031 secs] [Times: user=0.06 sys=0.00, real=0.03 secs] 
163.613: [CMS-concurrent-preclean-start]
163.613: [CMS-concurrent-preclean: 0.000/0.000 secs] [Times: user=0.00 sys=0.00, real=0.00 secs] 
163.613: [CMS-concurrent-abortable-preclean-start]
163.613: [CMS-concurrent-abortable-preclean: 0.000/0.000 secs] [Times: user=0.00 sys=0.00, real=0.00 secs] 
163.613: Application time: 0.0312310 seconds
163.613: [GC[YG occupancy: 49068 K (49152 K)]163.613: [Rescan (parallel) , 0.0114050 secs]163.624: [weak refs processing, 0.0000080 secs]163.624: [scrub string table, 0.0001800 secs] [1 CMS-remark: 111296K(111296K)] 160364K(160448K), 0.0116590 secs] [Times: user=0.09 sys=0.00, real=0.01 secs] 
163.625: Total time for which application threads were stopped: 0.0118140 seconds, Stopping threads took: 0.0000210 seconds
163.625: [CMS-concurrent-sweep-start]
163.636: [CMS-concurrent-sweep: 0.011/0.011 secs] [Times: user=0.01 sys=0.00, real=0.01 secs] 
163.636: [CMS-concurrent-reset-start]
163.636: [CMS-concurrent-reset: 0.000/0.000 secs] [Times: user=0.00 sys=0.00, real=0.00 secs] 
165.636: Application time: 2.0114390 seconds
165.636: [GC [1 CMS-initial-mark: 111296K(111296K)] 160364K(160448K), 0.0081590 secs] [Times: user=0.01 sys=0.00, real=0.01 secs] 
165.644: Total time for which application threads were stopped: 0.0083360 seconds, Stopping threads took: 0.0000120 seconds
165.644: [CMS-concurrent-mark-start]
165.679: [CMS-concurrent-mark: 0.034/0.034 secs] [Times: user=0.07 sys=0.00, real=0.04 secs] 
165.679: [CMS-concurrent-preclean-start]
165.679: [CMS-concurrent-preclean: 0.000/0.000 secs] [Times: user=0.00 sys=0.00, real=0.00 secs] 
165.679: [CMS-concurrent-abortable-preclean-start]
165.679: [CMS-concurrent-abortable-preclean: 0.000/0.000 secs] [Times: user=0.00 sys=0.00, real=0.00 secs] 
165.679: Application time: 0.0346370 seconds
165.679: [GC[YG occupancy: 49068 K (49152 K)]165.679: [Rescan (parallel) , 0.0112070 secs]165.690: [weak refs processing, 0.0000080 secs]165.690: [scrub string table, 0.0001380 secs] [1 CMS-remark: 111296K(111296K)] 160364K(160448K), 0.0114180 secs] [Times: user=0.09 sys=0.00, real=0.01 secs] 
165.691: Total time for which application threads were stopped: 0.0115780 seconds, Stopping threads took: 0.0000210 seconds
165.691: [CMS-concurrent-sweep-start]
165.702: [CMS-concurrent-sweep: 0.011/0.011 secs] [Times: user=0.01 sys=0.00, real=0.01 secs] 
165.702: [CMS-concurrent-reset-start]
165.702: [CMS-concurrent-reset: 0.000/0.000 secs] [Times: user=0.00 sys=0.00, real=0.00 secs] 
167.674: Application time: 1.9836310 seconds
167.674: [GC167.674: [ParNew: 49151K->49151K(49152K), 0.0000160 secs]167.674: [CMS: 111296K->111295K(111296K), 0.0977210 secs] 160447K->160390K(160448K), [CMS Perm : 12792K->12792K(21440K)], 0.0977870 secs] [Times: user=0.10 sys=0.00, real=0.10 secs] 
167.772: Total time for which application threads were stopped: 0.0980020 seconds, Stopping threads took: 0.0000180 seconds
167.772: Application time: 0.0000560 seconds
167.772: [GC [1 CMS-initial-mark: 111295K(111296K)] 160418K(160448K), 0.0075770 secs] [Times: user=0.01 sys=0.00, real=0.01 secs] 
167.780: Total time for which application threads were stopped: 0.0077560 seconds, Stopping threads took: 0.0000220 seconds
167.780: [CMS-concurrent-mark-start]
167.780: Application time: 0.0003600 seconds
167.781: Total time for which application threads were stopped: 0.0001710 seconds, Stopping threads took: 0.0000490 seconds
167.781: Application time: 0.0000640 seconds
167.781: [Full GC167.781: [CMS167.815: [CMS-concurrent-mark: 0.034/0.035 secs] [Times: user=0.07 sys=0.00, real=0.03 secs] 
 (concurrent mode failure): 111295K->111295K(111296K), 0.1291160 secs] 160444K->160414K(160448K), [CMS Perm : 12795K->12795K(21440K)], 0.1291540 secs] [Times: user=0.16 sys=0.00, real=0.13 secs] 
167.910: Total time for which application threads were stopped: 0.1292450 seconds, Stopping threads took: 0.0000140 seconds
167.910: Application time: 0.0001110 seconds
167.910: [Full GC167.910: [CMS: 111295K->111295K(111296K), 0.0953630 secs] 160442K->160435K(160448K), [CMS Perm : 12795K->12795K(21440K)], 0.0953980 secs] [Times: user=0.10 sys=0.00, real=0.09 secs] 
168.006: [Full GC168.006: [CMS: 111295K->111295K(111296K), 0.0945480 secs] 160435K->160402K(160448K), [CMS Perm : 12795K->12795K(21440K)], 0.0945810 secs] [Times: user=0.10 sys=0.00, real=0.10 secs] 
168.100: Total time for which application threads were stopped: 0.1902160 seconds, Stopping threads took: 0.0000290 seconds
168.100: Application time: 0.0001250 seconds
168.100: [GC [1 CMS-initial-mark: 111295K(111296K)] 160429K(160448K), 0.0076130 secs] [Times: user=0.00 sys=0.00, real=0.01 secs] 
168.108: Total time for which application threads were stopped: 0.0078230 seconds, Stopping threads took: 0.0000300 seconds
168.108: [CMS-concurrent-mark-start]
168.108: Application time: 0.0001380 seconds
168.108: [Full GC168.108: [CMS168.139: [CMS-concurrent-mark: 0.030/0.030 secs] [Times: user=0.07 sys=0.00, real=0.03 secs] 
 (concurrent mode failure): 111295K->111295K(111296K), 0.1246110 secs] 160438K->160427K(160448K), [CMS Perm : 12795K->12795K(21440K)], 0.1246570 secs] [Times: user=0.15 sys=0.00, real=0.12 secs] 
168.233: [Full GC168.233: [CMS: 111295K->111295K(111296K), 0.0945970 secs] 160427K->160427K(160448K), [CMS Perm : 12795K->12795K(21440K)], 0.0946270 secs] [Times: user=0.09 sys=0.00, real=0.10 secs] 
168.328: Total time for which application threads were stopped: 0.2195090 seconds, Stopping threads took: 0.0000450 seconds
168.328: Application time: 0.0001130 seconds
168.328: [Full GC168.328: [CMS: 111295K->111295K(111296K), 0.0946950 secs] 160438K->160416K(160448K), [CMS Perm : 12795K->12795K(21440K)], 0.0947270 secs] [Times: user=0.09 sys=0.00, real=0.09 secs] 
168.423: Total time for which application threads were stopped: 0.0949460 seconds, Stopping threads took: 0.0000350 seconds
168.423: Application time: 0.0000790 seconds
168.423: [GC [1 CMS-initial-mark: 111295K(111296K)] 160434K(160448K), 0.0076020 secs] [Times: user=0.01 sys=0.00, real=0.01 secs] 
168.431: Total time for which application threads were stopped: 0.0077760 seconds, Stopping threads took: 0.0000110 seconds
168.431: [CMS-concurrent-mark-start]
168.431: Application time: 0.0001330 seconds
168.431: [Full GC168.431: [CMS168.472: [CMS-concurrent-mark: 0.040/0.041 secs] [Times: user=0.08 sys=0.00, real=0.04 secs] 
 (concurrent mode failure): 111295K->111295K(111296K), 0.1439160 secs] 160445K->160426K(160448K), [CMS Perm : 12795K->12795K(21440K)], 0.1439580 secs] [Times: user=0.18 sys=0.00, real=0.14 secs] 
168.575: Total time for which application threads were stopped: 0.1441320 seconds, Stopping threads took: 0.0000150 seconds
168.575: Application time: 0.0000920 seconds
168.575: [Full GC168.575: [CMS: 111295K->111295K(111296K), 0.0952060 secs] 160443K->160439K(160448K), [CMS Perm : 12795K->12795K(21440K)], 0.0952420 secs] [Times: user=0.10 sys=0.00, real=0.10 secs] 
168.671: [Full GC168.671: [CMS: 111295K->111295K(111296K), 0.0945840 secs] 160439K->160438K(160448K), [CMS Perm : 12795K->12795K(21440K)], 0.0946200 secs] [Times: user=0.09 sys=0.00, real=0.09 secs] 
168.765: Total time for which application threads were stopped: 0.1901610 seconds, Stopping threads took: 0.0000250 seconds
168.765: Application time: 0.0000410 seconds
168.766: [GC [1 CMS-initial-mark: 111295K(111296K)] 160443K(160448K), 0.0076850 secs] [Times: user=0.01 sys=0.00, real=0.01 secs] 
168.773: Total time for which application threads were stopped: 0.0079910 seconds, Stopping threads took: 0.0001240 seconds
168.773: [CMS-concurrent-mark-start]
168.773: Application time: 0.0002600 seconds
168.774: [Full GC168.774: [CMS168.805: [CMS-concurrent-mark: 0.031/0.032 secs] [Times: user=0.06 sys=0.00, real=0.03 secs] 
 (concurrent mode failure): 111295K->111295K(111296K), 0.1261750 secs] 160447K->160441K(160448K), [CMS Perm : 12797K->12797K(21440K)], 0.1262120 secs] [Times: user=0.16 sys=0.00, real=0.13 secs] 
168.900: [Full GC168.900: [CMS: 111295K->111295K(111296K), 0.0945710 secs] 160441K->160441K(160448K), [CMS Perm : 12797K->12797K(21440K)], 0.0946040 secs] [Times: user=0.09 sys=0.00, real=0.09 secs] 
168.995: Total time for which application threads were stopped: 0.2210110 seconds, Stopping threads took: 0.0000100 seconds
168.995: Application time: 0.0000790 seconds
168.995: [Full GC168.995: [CMS: 111295K->111295K(111296K), 0.0947160 secs] 160445K->160440K(160448K), [CMS Perm : 12797K->12797K(21440K)], 0.0947520 secs] [Times: user=0.10 sys=0.00, real=0.10 secs] 
169.090: [Full GC169.090: [CMS: 111295K->111295K(111296K), 0.0945670 secs] 160440K->160440K(160448K), [CMS Perm : 12797K->12797K(21440K)], 0.0945990 secs] [Times: user=0.09 sys=0.00, real=0.09 secs] 
169.184: Total time for which application threads were stopped: 0.1895900 seconds, Stopping threads took: 0.0000270 seconds
169.184: Application time: 0.0000730 seconds
169.185: [GC [1 CMS-initial-mark: 111295K(111296K)] 160445K(160448K), 0.0081910 secs] [Times: user=0.01 sys=0.00, real=0.01 secs] 
169.193: Total time for which application threads were stopped: 0.0085070 seconds, Stopping threads took: 0.0001340 seconds
169.193: [CMS-concurrent-mark-start]
169.193: Application time: 0.0001060 seconds
169.193: [Full GC169.193: [CMS169.226: [CMS-concurrent-mark: 0.032/0.033 secs] [Times: user=0.07 sys=0.00, real=0.03 secs] 
 (concurrent mode failure): 111295K->111295K(111296K), 0.1271500 secs] 160445K->160427K(160448K), [CMS Perm : 12797K->12797K(21440K)], 0.1271940 secs] [Times: user=0.16 sys=0.00, real=0.13 secs] 
169.320: Total time for which application threads were stopped: 0.1273600 seconds, Stopping threads took: 0.0000180 seconds
169.320: Application time: 0.0001080 seconds
169.321: [Full GC169.321: [CMS: 111295K->111295K(111296K), 0.0958160 secs] 160445K->160441K(160448K), [CMS Perm : 12797K->12797K(21440K)], 0.0958520 secs] [Times: user=0.10 sys=0.00, real=0.09 secs] 
169.416: [Full GC169.416: [CMS: 111295K->111295K(111296K), 0.0946200 secs] 160441K->160441K(160448K), [CMS Perm : 12797K->12797K(21440K)], 0.0946500 secs] [Times: user=0.09 sys=0.00, real=0.10 secs] 
169.511: Total time for which application threads were stopped: 0.1907220 seconds, Stopping threads took: 0.0000250 seconds
169.511: Application time: 0.0000350 seconds
169.511: [GC [1 CMS-initial-mark: 111295K(111296K)] 160445K(160448K), 0.0075690 secs] [Times: user=0.01 sys=0.00, real=0.01 secs] 
169.519: Total time for which application threads were stopped: 0.0077650 seconds, Stopping threads took: 0.0000260 seconds
169.519: [CMS-concurrent-mark-start]
169.519: Application time: 0.0001060 seconds
169.519: [Full GC169.519: [CMS169.551: [CMS-concurrent-mark: 0.031/0.032 secs] [Times: user=0.06 sys=0.00, real=0.03 secs] 
 (concurrent mode failure): 111295K->111295K(111296K), 0.1382180 secs] 160445K->160428K(160448K), [CMS Perm : 12797K->12797K(21440K)], 0.1382550 secs] [Times: user=0.17 sys=0.00, real=0.13 secs] 
169.657: Total time for which application threads were stopped: 0.1384300 seconds, Stopping threads took: 0.0000120 seconds
169.657: Application time: 0.0000720 seconds
169.658: [Full GC169.658: [CMS: 111295K->111295K(111296K), 0.0948660 secs] 160445K->160445K(160448K), [CMS Perm : 12797K->12797K(21440K)], 0.0948990 secs] [Times: user=0.10 sys=0.00, real=0.10 secs] 
169.753: [Full GC169.753: [CMS: 111295K->111295K(111296K), 0.0946430 secs] 160445K->160445K(160448K), [CMS Perm : 12797K->12797K(21440K)], 0.0946730 secs] [Times: user=0.09 sys=0.00, real=0.10 secs] 
169.847: Total time for which application threads were stopped: 0.1898050 seconds, Stopping threads took: 0.0000170 seconds
169.847: Application time: 0.0000550 seconds
169.848: [GC [1 CMS-initial-mark: 111295K(111296K)] 160445K(160448K), 0.0082430 secs] [Times: user=0.01 sys=0.00, real=0.00 secs] 
169.856: Total time for which application threads were stopped: 0.0084630 seconds, Stopping threads took: 0.0000480 seconds
169.856: [CMS-concurrent-mark-start]
169.856: Application time: 0.0000940 seconds
169.856: [Full GC169.856: [CMS169.896: [CMS-concurrent-mark: 0.040/0.041 secs] [Times: user=0.08 sys=0.00, real=0.04 secs] 
 (concurrent mode failure): 111295K->111295K(111296K), 0.1465080 secs] 160446K->160433K(160448K), [CMS Perm : 12797K->12797K(21440K)], 0.1465450 secs] [Times: user=0.19 sys=0.00, real=0.15 secs] 
170.003: [Full GC170.003: [CMS: 111295K->111295K(111296K), 0.0961020 secs] 160433K->160433K(160448K), [CMS Perm : 12797K->12797K(21440K)], 0.0961330 secs] [Times: user=0.09 sys=0.00, real=0.10 secs] 
170.099: Total time for which application threads were stopped: 0.2429280 seconds, Stopping threads took: 0.0000520 seconds
170.099: Application time: 0.0001820 seconds
170.099: [Full GC170.099: [CMS: 111295K->111295K(111296K), 0.0947190 secs] 160447K->160424K(160448K), [CMS Perm : 12797K->12797K(21440K)], 0.0947530 secs] [Times: user=0.09 sys=0.00, real=0.09 secs] 
170.194: Total time for which application threads were stopped: 0.0949590 seconds, Stopping threads took: 0.0000120 seconds
170.194: Application time: 0.0000860 seconds
170.194: [GC [1 CMS-initial-mark: 111295K(111296K)] 160436K(160448K), 0.0077080 secs] [Times: user=0.01 sys=0.00, real=0.01 secs] 
170.202: Total time for which application threads were stopped: 0.0078980 seconds, Stopping threads took: 0.0000190 seconds
170.202: [CMS-concurrent-mark-start]
170.202: Application time: 0.0002800 seconds
170.202: [Full GC170.202: [CMS170.234: [CMS-concurrent-mark: 0.031/0.032 secs] [Times: user=0.06 sys=0.00, real=0.03 secs] 
 (concurrent mode failure): 111295K->111295K(111296K), 0.1373200 secs] 160437K->160428K(160448K), [CMS Perm : 12797K->12797K(21440K)], 0.1373580 secs] [Times: user=0.17 sys=0.00, real=0.14 secs] 
170.340: [Full GC170.340: [CMS: 111295K->111295K(111296K), 0.0946630 secs] 160428K->160428K(160448K), [CMS Perm : 12797K->12797K(21440K)], 0.0946950 secs] [Times: user=0.09 sys=0.00, real=0.09 secs] 
170.434: Total time for which application threads were stopped: 0.2322620 seconds, Stopping threads took: 0.0000280 seconds
170.435: Application time: 0.0002740 seconds
170.435: [Full GC170.435: [CMS: 111295K->111295K(111296K), 0.0961010 secs] 160447K->160428K(160448K), [CMS Perm : 12797K->12797K(21440K)], 0.0961360 secs] [Times: user=0.09 sys=0.00, real=0.10 secs] 
170.531: [Full GC170.531: [CMS: 111295K->111295K(111296K), 0.0958230 secs] 160428K->160428K(160448K), [CMS Perm : 12797K->12797K(21440K)], 0.0958550 secs] [Times: user=0.10 sys=0.00, real=0.10 secs] 
170.627: Total time for which application threads were stopped: 0.1922140 seconds, Stopping threads took: 0.0000110 seconds
170.627: Application time: 0.0000540 seconds
170.627: [GC [1 CMS-initial-mark: 111295K(111296K)] 160439K(160448K), 0.0082460 secs] [Times: user=0.01 sys=0.00, real=0.00 secs] 
170.636: Total time for which application threads were stopped: 0.0084940 seconds, Stopping threads took: 0.0000540 seconds
170.636: [CMS-concurrent-mark-start]
170.636: Application time: 0.0002060 seconds
170.636: Total time for which application threads were stopped: 0.0002080 seconds, Stopping threads took: 0.0000640 seconds
170.636: Application time: 0.0001140 seconds
170.636: [Full GC170.636: [CMS170.667: [CMS-concurrent-mark: 0.030/0.032 secs] [Times: user=0.06 sys=0.00, real=0.04 secs] 
 (concurrent mode failure): 111295K->111295K(111296K), 0.1375650 secs] 160447K->160427K(160448K), [CMS Perm : 12797K->12797K(21440K)], 0.1376040 secs] [Times: user=0.16 sys=0.00, real=0.14 secs] 
170.774: [Full GC170.774: [CMS: 111295K->111295K(111296K), 0.1064780 secs] 160427K->160427K(160448K), [CMS Perm : 12797K->12797K(21440K)], 0.1065080 secs] [Times: user=0.11 sys=0.00, real=0.11 secs] 
170.880: Total time for which application threads were stopped: 0.2442600 seconds, Stopping threads took: 0.0000360 seconds
170.881: Application time: 0.0002530 seconds
170.881: [Full GC170.881: [CMS: 111295K->111295K(111296K), 0.0956190 secs] 160444K->160436K(160448K), [CMS Perm : 12797K->12797K(21440K)], 0.0956540 secs] [Times: user=0.10 sys=0.00, real=0.09 secs] 
170.976: [Full GC170.976: [CMS: 111295K->111295K(111296K), 0.0948800 secs] 160436K->160436K(160448K), [CMS Perm : 12797K->12797K(21440K)], 0.0949090 secs] [Times: user=0.09 sys=0.00, real=0.10 secs] 
171.071: Total time for which application threads were stopped: 0.1907890 seconds, Stopping threads took: 0.0000210 seconds
171.071: Application time: 0.0000570 seconds
171.072: [GC [1 CMS-initial-mark: 111295K(111296K)] 160436K(160448K), 0.0082600 secs] [Times: user=0.01 sys=0.00, real=0.01 secs] 
171.080: Total time for which application threads were stopped: 0.0085570 seconds, Stopping threads took: 0.0001380 seconds
171.080: [CMS-concurrent-mark-start]
171.080: Application time: 0.0002840 seconds
171.080: [Full GC171.080: [CMS171.112: [CMS-concurrent-mark: 0.031/0.032 secs] [Times: user=0.06 sys=0.00, real=0.03 secs] 
 (concurrent mode failure): 111295K->111295K(111296K), 0.1264010 secs] 160443K->160436K(160448K), [CMS Perm : 12797K->12797K(21440K)], 0.1264350 secs] [Times: user=0.16 sys=0.00, real=0.13 secs] 
171.207: [Full GC171.207: [CMS: 111295K->111295K(111296K), 0.0949070 secs] 160436K->160436K(160448K), [CMS Perm : 12797K->12797K(21440K)], 0.0949400 secs] [Times: user=0.09 sys=0.00, real=0.09 secs] 
171.302: Total time for which application threads were stopped: 0.2215790 seconds, Stopping threads took: 0.0000180 seconds
171.303: Application time: 0.0013430 seconds
171.303: [Full GC171.303: [CMS: 111295K->111295K(111296K), 0.0949640 secs] 160447K->160439K(160448K), [CMS Perm : 12806K->12806K(21440K)], 0.0949980 secs] [Times: user=0.09 sys=0.00, real=0.09 secs] 
171.398: Total time for which application threads were stopped: 0.0952470 seconds, Stopping threads took: 0.0000390 seconds
171.399: Application time: 0.0000550 seconds
171.399: [GC [1 CMS-initial-mark: 111295K(111296K)] 160440K(160448K), 0.0082940 secs] [Times: user=0.00 sys=0.01, real=0.01 secs] 
171.407: Total time for which application threads were stopped: 0.0085840 seconds, Stopping threads took: 0.0001110 seconds
171.407: [CMS-concurrent-mark-start]
171.407: Application time: 0.0001030 seconds
171.407: [Full GC171.407: [CMS171.441: [CMS-concurrent-mark: 0.032/0.034 secs] [Times: user=0.07 sys=0.00, real=0.03 secs] 
 (concurrent mode failure): 111295K->111295K(111296K), 0.1394070 secs] 160440K->160438K(160448K), [CMS Perm : 12806K->12806K(21440K)], 0.1394430 secs] [Times: user=0.17 sys=0.00, real=0.14 secs] 
171.547: Total time for which application threads were stopped: 0.1396100 seconds, Stopping threads took: 0.0000150 seconds
171.547: Application time: 0.0000990 seconds
171.547: [Full GC171.547: [CMS: 111295K->111295K(111296K), 0.0979480 secs] 160447K->160447K(160448K), [CMS Perm : 12806K->12806K(21440K)], 0.0979830 secs] [Times: user=0.10 sys=0.00, real=0.09 secs] 
171.645: [Full GC171.645: [CMS: 111295K->111295K(111296K), 0.0946920 secs] 160447K->160447K(160448K), [CMS Perm : 12806K->12806K(21440K)], 0.0947210 secs] [Times: user=0.10 sys=0.00, real=0.10 secs] 
171.740: Total time for which application threads were stopped: 0.1929120 seconds, Stopping threads took: 0.0000200 seconds
171.740: Application time: 0.0000550 seconds
171.740: [GC [1 CMS-initial-mark: 111295K(111296K)] 160447K(160448K), 0.0082570 secs] [Times: user=0.00 sys=0.00, real=0.01 secs] 
171.748: Total time for which application threads were stopped: 0.0084340 seconds, Stopping threads took: 0.0000220 seconds
171.748: [CMS-concurrent-mark-start]
171.749: Application time: 0.0002000 seconds
171.749: [Full GC171.749: [CMS171.782: [CMS-concurrent-mark: 0.032/0.033 secs] [Times: user=0.07 sys=0.00, real=0.03 secs] 
 (concurrent mode failure): 111295K->111295K(111296K), 0.1392820 secs] 160447K->160444K(160448K), [CMS Perm : 12806K->12806K(21440K)], 0.1393180 secs] [Times: user=0.18 sys=0.00, real=0.14 secs] 
171.888: Total time for which application threads were stopped: 0.1394840 seconds, Stopping threads took: 0.0000160 seconds
171.888: Application time: 0.0000900 seconds
171.888: [Full GC171.888: [CMS: 111296K->111296K(111296K), 0.0947500 secs] 160447K->160437K(160448K), [CMS Perm : 12806K->12806K(21440K)], 0.0947830 secs] [Times: user=0.09 sys=0.00, real=0.09 secs] 
171.983: Total time for which application threads were stopped: 0.0949880 seconds, Stopping threads took: 0.0000230 seconds
171.983: Application time: 0.0000600 seconds
171.983: [GC [1 CMS-initial-mark: 111296K(111296K)] 160438K(160448K), 0.0082040 secs] [Times: user=0.01 sys=0.00, real=0.01 secs] 
171.992: Total time for which application threads were stopped: 0.0083920 seconds, Stopping threads took: 0.0000300 seconds
171.992: [CMS-concurrent-mark-start]
171.992: Application time: 0.0001550 seconds
171.992: [Full GC171.992: [CMS172.025: [CMS-concurrent-mark: 0.032/0.033 secs] [Times: user=0.06 sys=0.00, real=0.03 secs] 
 (concurrent mode failure): 111296K->111296K(111296K), 0.1387740 secs] 160447K->160445K(160448K), [CMS Perm : 12806K->12806K(21440K)], 0.1388090 secs] [Times: user=0.17 sys=0.00, real=0.14 secs] 
172.131: Total time for which application threads were stopped: 0.1389780 seconds, Stopping threads took: 0.0000170 seconds
172.131: Application time: 0.0000800 seconds
172.131: [Full GC172.131: [CMS: 111296K->111296K(111296K), 0.0948130 secs] 160447K->160446K(160448K), [CMS Perm : 12806K->12806K(21440K)], 0.0948450 secs] [Times: user=0.10 sys=0.00, real=0.09 secs] 
172.226: [Full GC172.226: [CMS: 111296K->111296K(111296K), 0.0947760 secs] 160446K->160446K(160448K), [CMS Perm : 12806K->12806K(21440K)], 0.0948090 secs] [Times: user=0.09 sys=0.00, real=0.10 secs] 
172.321: Total time for which application threads were stopped: 0.1898920 seconds, Stopping threads took: 0.0000380 seconds
172.321: Application time: 0.0000490 seconds
172.321: [GC [1 CMS-initial-mark: 111296K(111296K)] 160446K(160448K), 0.0075600 secs] [Times: user=0.01 sys=0.00, real=0.01 secs] 
172.328: Total time for which application threads were stopped: 0.0077600 seconds, Stopping threads took: 0.0000460 seconds
172.328: [CMS-concurrent-mark-start]
172.329: Application time: 0.0001120 seconds
172.329: [Full GC172.329: [CMS172.359: [CMS-concurrent-mark: 0.030/0.031 secs] [Times: user=0.06 sys=0.00, real=0.03 secs] 
 (concurrent mode failure): 111296K->111296K(111296K), 0.1259550 secs] 160447K->160446K(160448K), [CMS Perm : 12806K->12806K(21440K)], 0.1259890 secs] [Times: user=0.15 sys=0.00, real=0.12 secs] 
172.455: Total time for which application threads were stopped: 0.1261520 seconds, Stopping threads took: 0.0000120 seconds
172.455: Application time: 0.0000800 seconds
172.455: [Full GC172.455: [CMS: 111296K->111296K(111296K), 0.0961860 secs] 160448K->160446K(160448K), [CMS Perm : 12806K->12806K(21440K)], 0.0962180 secs] [Times: user=0.10 sys=0.00, real=0.10 secs] 
172.551: Total time for which application threads were stopped: 0.0964180 seconds, Stopping threads took: 0.0000190 seconds
172.551: Application time: 0.0000450 seconds
172.551: [GC [1 CMS-initial-mark: 111296K(111296K)] 160447K(160448K), 0.0076130 secs] [Times: user=0.01 sys=0.00, real=0.01 secs] 
172.559: Total time for which application threads were stopped: 0.0077950 seconds, Stopping threads took: 0.0000240 seconds
172.559: [CMS-concurrent-mark-start]
172.559: Application time: 0.0000950 seconds
172.559: [Full GC172.559: [CMS172.590: [CMS-concurrent-mark: 0.030/0.031 secs] [Times: user=0.06 sys=0.00, real=0.03 secs] 
 (concurrent mode failure): 111296K->111296K(111296K), 0.1260260 secs] 160447K->160447K(160448K), [CMS Perm : 12806K->12806K(21440K)], 0.1260610 secs] [Times: user=0.15 sys=0.00, real=0.12 secs] 
172.685: Total time for which application threads were stopped: 0.1262190 seconds, Stopping threads took: 0.0000090 seconds
172.685: Application time: 0.0000690 seconds
172.686: [Full GC172.686: [CMS: 111296K->111296K(111296K), 0.0948430 secs] 160447K->160446K(160448K), [CMS Perm : 12806K->12806K(21440K)], 0.0948750 secs] [Times: user=0.10 sys=0.00, real=0.10 secs] 
172.780: [Full GC172.781: [CMS: 111296K->111296K(111296K), 0.0948210 secs] 160446K->160446K(160448K), [CMS Perm : 12806K->12806K(21440K)], 0.0948520 secs] [Times: user=0.09 sys=0.00, real=0.09 secs] 
172.875: Total time for which application threads were stopped: 0.1899310 seconds, Stopping threads took: 0.0000100 seconds
172.875: Application time: 0.0000400 seconds
172.876: [GC [1 CMS-initial-mark: 111296K(111296K)] 160446K(160448K), 0.0076380 secs] [Times: user=0.01 sys=0.00, real=0.01 secs] 
172.883: Total time for which application threads were stopped: 0.0078200 seconds, Stopping threads took: 0.0000270 seconds
172.883: [CMS-concurrent-mark-start]
172.883: Application time: 0.0001380 seconds
172.884: [Full GC172.884: [CMS172.917: [CMS-concurrent-mark: 0.032/0.034 secs] [Times: user=0.07 sys=0.00, real=0.03 secs] 
 (concurrent mode failure): 111296K->111296K(111296K), 0.1397160 secs] 160447K->160445K(160448K), [CMS Perm : 12806K->12806K(21440K)], 0.1397490 secs] [Times: user=0.17 sys=0.00, real=0.14 secs] 
173.023: Total time for which application threads were stopped: 0.1399060 seconds, Stopping threads took: 0.0000080 seconds
173.023: Application time: 0.0001460 seconds
173.024: [Full GC173.024: [CMS: 111296K->111296K(111296K), 0.1012170 secs] 160448K->160446K(160448K), [CMS Perm : 12806K->12806K(21440K)], 0.1012510 secs] [Times: user=0.10 sys=0.00, real=0.10 secs] 
173.125: Total time for which application threads were stopped: 0.1014690 seconds, Stopping threads took: 0.0000260 seconds
173.125: Application time: 0.0000750 seconds
173.125: [GC [1 CMS-initial-mark: 111296K(111296K)] 160447K(160448K), 0.0077730 secs] [Times: user=0.00 sys=0.00, real=0.01 secs] 
173.133: Total time for which application threads were stopped: 0.0079690 seconds, Stopping threads took: 0.0000360 seconds
173.133: [CMS-concurrent-mark-start]
173.133: Application time: 0.0001010 seconds
173.133: [Full GC173.133: [CMS173.164: [CMS-concurrent-mark: 0.030/0.031 secs] [Times: user=0.06 sys=0.00, real=0.03 secs] 
 (concurrent mode failure): 111296K->111296K(111296K), 0.1376460 secs] 160447K->160446K(160448K), [CMS Perm : 12806K->12806K(21440K)], 0.1376810 secs] [Times: user=0.16 sys=0.00, real=0.14 secs] 
173.271: Total time for which application threads were stopped: 0.1378530 seconds, Stopping threads took: 0.0000210 seconds
173.271: Application time: 0.0000940 seconds
173.271: [Full GC173.271: [CMS: 111296K->111296K(111296K), 0.1016990 secs] 160447K->160447K(160448K), [CMS Perm : 12806K->12806K(21440K)], 0.1017330 secs] [Times: user=0.10 sys=0.00, real=0.10 secs] 
173.373: Total time for which application threads were stopped: 0.1019370 seconds, Stopping threads took: 0.0000130 seconds
173.373: Application time: 0.0000540 seconds
173.373: [GC [1 CMS-initial-mark: 111296K(111296K)] 160447K(160448K), 0.0083430 secs] [Times: user=0.01 sys=0.00, real=0.01 secs] 
173.382: Total time for which application threads were stopped: 0.0085150 seconds, Stopping threads took: 0.0000100 seconds
173.382: [CMS-concurrent-mark-start]
173.382: Application time: 0.0001020 seconds
173.382: [Full GC173.382: [CMS173.414: [CMS-concurrent-mark: 0.031/0.032 secs] [Times: user=0.06 sys=0.00, real=0.03 secs] 
 (concurrent mode failure): 111296K->111296K(111296K), 0.1265570 secs] 160447K->160447K(160448K), [CMS Perm : 12806K->12806K(21440K)], 0.1265930 secs] [Times: user=0.16 sys=0.00, real=0.13 secs] 
173.508: Total time for which application threads were stopped: 0.1267880 seconds, Stopping threads took: 0.0000410 seconds
173.508: Application time: 0.0000710 seconds
173.509: [Full GC173.509: [CMS: 111296K->111292K(111296K), 0.1155630 secs] 160447K->160443K(160448K), [CMS Perm : 12806K->12806K(21440K)], 0.1156000 secs] [Times: user=0.12 sys=0.00, real=0.11 secs] 
173.624: Total time for which application threads were stopped: 0.1158250 seconds, Stopping threads took: 0.0000550 seconds
173.624: Application time: 0.0000520 seconds
173.625: [GC [1 CMS-initial-mark: 111292K(111296K)] 160443K(160448K), 0.0077630 secs] [Times: user=0.00 sys=0.00, real=0.01 secs] 
173.632: Total time for which application threads were stopped: 0.0080800 seconds, Stopping threads took: 0.0000500 seconds
173.632: [CMS-concurrent-mark-start]
173.635: Application time: 0.0022230 seconds
173.635: [Full GC173.635: [CMS173.664: [CMS-concurrent-mark: 0.031/0.032 secs] [Times: user=0.07 sys=0.00, real=0.03 secs] 
 (concurrent mode failure): 111295K->111293K(111296K), 0.1454120 secs] 160447K->160444K(160448K), [CMS Perm : 12806K->12806K(21440K)], 0.1454510 secs] [Times: user=0.17 sys=0.00, real=0.15 secs] 
173.780: Total time for which application threads were stopped: 0.1456220 seconds, Stopping threads took: 0.0000100 seconds
173.780: Application time: 0.0001210 seconds
173.781: [Full GC173.781: [CMS: 111293K->111293K(111296K), 0.0958500 secs] 160445K->160445K(160448K), [CMS Perm : 12806K->12806K(21440K)], 0.0958840 secs] [Times: user=0.10 sys=0.00, real=0.09 secs] 
173.877: [Full GC173.877: [CMS: 111293K->111293K(111296K), 0.0955740 secs] 160445K->160445K(160448K), [CMS Perm : 12806K->12806K(21440K)], 0.0956060 secs] [Times: user=0.10 sys=0.00, real=0.10 secs] 
173.972: Total time for which application threads were stopped: 0.1917870 seconds, Stopping threads took: 0.0000130 seconds
173.972: Application time: 0.0000520 seconds
173.972: [GC [1 CMS-initial-mark: 111293K(111296K)] 160445K(160448K), 0.0077340 secs] [Times: user=0.00 sys=0.00, real=0.01 secs] 
173.980: Total time for which application threads were stopped: 0.0079440 seconds, Stopping threads took: 0.0000410 seconds
173.980: [CMS-concurrent-mark-start]
173.980: Application time: 0.0001800 seconds
173.980: [Full GC173.981: [CMS174.012: [CMS-concurrent-mark: 0.031/0.032 secs] [Times: user=0.07 sys=0.00, real=0.03 secs] 
 (concurrent mode failure): 111295K->111294K(111296K), 0.1388580 secs] 160447K->160416K(160448K), [CMS Perm : 12806K->12806K(21440K)], 0.1388980 secs] [Times: user=0.16 sys=0.00, real=0.14 secs] 
174.119: Total time for which application threads were stopped: 0.1390550 seconds, Stopping threads took: 0.0000070 seconds
174.120: Application time: 0.0002820 seconds
174.120: [Full GC174.120: [CMS: 111294K->111269K(111296K), 0.1268080 secs] 160446K->160404K(160448K), [CMS Perm : 12806K->12806K(21440K)], 0.1268460 secs] [Times: user=0.12 sys=0.00, real=0.13 secs] 
174.247: Total time for which application threads were stopped: 0.1270420 seconds, Stopping threads took: 0.0000180 seconds
174.247: Application time: 0.0000750 seconds
174.247: [GC [1 CMS-initial-mark: 111269K(111296K)] 160407K(160448K), 0.0076680 secs] [Times: user=0.01 sys=0.00, real=0.00 secs] 
174.255: Total time for which application threads were stopped: 0.0079270 seconds, Stopping threads took: 0.0000090 seconds
174.255: [CMS-concurrent-mark-start]
174.255: Application time: 0.0001500 seconds
174.255: [Full GC174.255: [CMS174.287: [CMS-concurrent-mark: 0.031/0.032 secs] [Times: user=0.06 sys=0.00, real=0.04 secs] 
 (concurrent mode failure): 111284K->111284K(111296K), 0.1267160 secs] 160434K->160419K(160448K), [CMS Perm : 12806K->12806K(21440K)], 0.1267510 secs] [Times: user=0.16 sys=0.00, real=0.13 secs] 
174.382: [Full GC174.382: [CMS: 111284K->111284K(111296K), 0.0951750 secs] 160419K->160419K(160448K), [CMS Perm : 12806K->12806K(21440K)], 0.0952080 secs] [Times: user=0.09 sys=0.00, real=0.09 secs] 
174.477: Total time for which application threads were stopped: 0.2221390 seconds, Stopping threads took: 0.0000050 seconds
174.477: Application time: 0.0000780 seconds
174.477: [Full GC174.477: [CMS: 111284K->111269K(111296K), 0.0952790 secs] 160420K->160404K(160448K), [CMS Perm : 12806K->12806K(21440K)], 0.0953130 secs] [Times: user=0.10 sys=0.00, real=0.10 secs] 
174.573: Total time for which application threads were stopped: 0.0954920 seconds, Stopping threads took: 0.0000200 seconds
174.573: Application time: 0.0000430 seconds
174.573: [GC [1 CMS-initial-mark: 111269K(111296K)] 160420K(160448K), 0.0076910 secs] [Times: user=0.01 sys=0.00, real=0.01 secs] 
174.581: Total time for which application threads were stopped: 0.0078760 seconds, Stopping threads took: 0.0000290 seconds
174.581: [CMS-concurrent-mark-start]
174.581: Application time: 0.0001410 seconds
174.581: [Full GC174.581: [CMS174.613: [CMS-concurrent-mark: 0.031/0.032 secs] [Times: user=0.06 sys=0.00, real=0.03 secs] 
 (concurrent mode failure): 111274K->111273K(111296K), 0.1270220 secs] 160426K->160423K(160448K), [CMS Perm : 12806K->12806K(21440K)], 0.1270550 secs] [Times: user=0.15 sys=0.00, real=0.13 secs] 
174.708: Total time for which application threads were stopped: 0.1272110 seconds, Stopping threads took: 0.0000050 seconds
174.708: Application time: 0.0000980 seconds
174.708: [Full GC174.708: [CMS: 111295K->111285K(111296K), 0.0951480 secs] 160447K->160435K(160448K), [CMS Perm : 12806K->12806K(21440K)], 0.0951780 secs] [Times: user=0.09 sys=0.00, real=0.09 secs] 
174.803: [Full GC174.803: [CMS: 111285K->111285K(111296K), 0.0950700 secs] 160435K->160434K(160448K), [CMS Perm : 12806K->12806K(21440K)], 0.0951010 secs] [Times: user=0.10 sys=0.00, real=0.09 secs] 
174.898: Total time for which application threads were stopped: 0.1904710 seconds, Stopping threads took: 0.0000050 seconds
174.899: Application time: 0.0000660 seconds
174.899: [GC [1 CMS-initial-mark: 111285K(111296K)] 160434K(160448K), 0.0075950 secs] [Times: user=0.00 sys=0.01, real=0.00 secs] 
174.906: Total time for which application threads were stopped: 0.0077870 seconds, Stopping threads took: 0.0000220 seconds
174.906: [CMS-concurrent-mark-start]
174.906: Application time: 0.0001450 seconds
174.907: [Full GC174.907: [CMS174.940: [CMS-concurrent-mark: 0.033/0.034 secs] [Times: user=0.06 sys=0.00, real=0.04 secs] 
 (concurrent mode failure): 111287K->111271K(111296K), 0.1402970 secs] 160439K->160421K(160448K), [CMS Perm : 12806K->12806K(21440K)], 0.1403390 secs] [Times: user=0.17 sys=0.00, real=0.14 secs] 
175.047: Total time for which application threads were stopped: 0.1405040 seconds, Stopping threads took: 0.0000070 seconds
175.047: Application time: 0.0002120 seconds
175.047: [Full GC175.047: [CMS: 111283K->111274K(111296K), 0.0952480 secs] 160435K->160425K(160448K), [CMS Perm : 12806K->12806K(21440K)], 0.0952800 secs] [Times: user=0.10 sys=0.00, real=0.09 secs] 
175.143: Total time for which application threads were stopped: 0.0954640 seconds, Stopping threads took: 0.0000160 seconds
175.143: Application time: 0.0000420 seconds
175.143: [GC [1 CMS-initial-mark: 111290K(111296K)] 160441K(160448K), 0.0076070 secs] [Times: user=0.00 sys=0.00, real=0.01 secs] 
175.150: Total time for which application threads were stopped: 0.0077780 seconds, Stopping threads took: 0.0000140 seconds
175.151: [CMS-concurrent-mark-start]
175.151: Application time: 0.0000870 seconds
175.151: [Full GC175.151: [CMS175.183: [CMS-concurrent-mark: 0.031/0.032 secs] [Times: user=0.07 sys=0.00, real=0.03 secs] 
 (concurrent mode failure): 111292K->111292K(111296K), 0.1385180 secs] 160443K->160443K(160448K), [CMS Perm : 12806K->12806K(21440K)], 0.1385550 secs] [Times: user=0.17 sys=0.00, real=0.14 secs] 
175.289: [Full GC175.289: [CMS: 111292K->111292K(111296K), 0.0996100 secs] 160443K->160443K(160448K), [CMS Perm : 12806K->12806K(21440K)], 0.0996480 secs] [Times: user=0.10 sys=0.00, real=0.10 secs] 
175.389: Total time for which application threads were stopped: 0.2384050 seconds, Stopping threads took: 0.0000160 seconds
175.389: Application time: 0.0001050 seconds
175.389: [Full GC175.389: [CMS: 111293K->111290K(111296K), 0.0951900 secs] 160444K->160439K(160448K), [CMS Perm : 12806K->12806K(21440K)], 0.0952240 secs] [Times: user=0.10 sys=0.00, real=0.09 secs] 
175.484: Total time for which application threads were stopped: 0.0953950 seconds, Stopping threads took: 0.0000060 seconds
175.485: Application time: 0.0000570 seconds
175.485: [GC [1 CMS-initial-mark: 111293K(111296K)] 160442K(160448K), 0.0075910 secs] [Times: user=0.01 sys=0.00, real=0.01 secs] 
175.492: Total time for which application threads were stopped: 0.0078060 seconds, Stopping threads took: 0.0000420 seconds
175.492: [CMS-concurrent-mark-start]
175.492: Application time: 0.0000800 seconds
175.493: [Full GC175.493: [CMS175.532: [CMS-concurrent-mark: 0.039/0.040 secs] [Times: user=0.07 sys=0.00, real=0.04 secs] 
 (concurrent mode failure): 111293K->111292K(111296K), 0.1351480 secs] 160443K->160441K(160448K), [CMS Perm : 12806K->12806K(21440K)], 0.1351830 secs] [Times: user=0.17 sys=0.00, real=0.14 secs] 
175.628: [Full GC175.628: [CMS: 111292K->111292K(111296K), 0.0949900 secs] 160441K->160441K(160448K), [CMS Perm : 12806K->12806K(21440K)], 0.0950210 secs] [Times: user=0.09 sys=0.00, real=0.09 secs] 
175.723: Total time for which application threads were stopped: 0.2303850 seconds, Stopping threads took: 0.0000050 seconds
175.723: Application time: 0.0001380 seconds
175.723: [Full GC175.723: [CMS: 111295K->111288K(111296K), 0.1169290 secs] 160447K->160438K(160448K), [CMS Perm : 12806K->12806K(21440K)], 0.1169650 secs] [Times: user=0.12 sys=0.00, real=0.12 secs] 
175.840: Total time for which application threads were stopped: 0.1171370 seconds, Stopping threads took: 0.0000060 seconds
175.840: Application time: 0.0000450 seconds
175.840: [GC [1 CMS-initial-mark: 111288K(111296K)] 160438K(160448K), 0.0076360 secs] [Times: user=0.01 sys=0.00, real=0.01 secs] 
175.848: Total time for which application threads were stopped: 0.0078840 seconds, Stopping threads took: 0.0000230 seconds
175.848: [CMS-concurrent-mark-start]
175.848: Application time: 0.0002680 seconds
175.848: Total time for which application threads were stopped: 0.0001700 seconds, Stopping threads took: 0.0000680 seconds
175.849: Application time: 0.0001150 seconds
175.849: [Full GC175.849: [CMS175.881: [CMS-concurrent-mark: 0.032/0.033 secs] [Times: user=0.07 sys=0.00, real=0.03 secs] 
 (concurrent mode failure): 111295K->111288K(111296K), 0.1590910 secs] 160447K->160437K(160448K), [CMS Perm : 12806K->12806K(21440K)], 0.1591380 secs] [Times: user=0.19 sys=0.00, real=0.16 secs] 
176.008: Total time for which application threads were stopped: 0.1592140 seconds, Stopping threads took: 0.0000030 seconds
176.008: Application time: 0.0002740 seconds
176.008: [Full GC176.008: [CMS: 111295K->111288K(111296K), 0.1263870 secs] 160447K->160438K(160448K), [CMS Perm : 12806K->12806K(21440K)], 0.1264250 secs] [Times: user=0.13 sys=0.00, real=0.12 secs] 
176.135: Total time for which application threads were stopped: 0.1267010 seconds, Stopping threads took: 0.0000190 seconds
176.135: Application time: 0.0000700 seconds
176.135: [GC [1 CMS-initial-mark: 111288K(111296K)] 160439K(160448K), 0.0082140 secs] [Times: user=0.01 sys=0.00, real=0.01 secs] 
176.143: Total time for which application threads were stopped: 0.0084620 seconds, Stopping threads took: 0.0000220 seconds
176.143: [CMS-concurrent-mark-start]
176.143: Application time: 0.0001820 seconds
176.144: Total time for which application threads were stopped: 0.0002050 seconds, Stopping threads took: 0.0000670 seconds
176.144: Application time: 0.0000440 seconds
176.144: [Full GC176.144: [CMS176.177: [CMS-concurrent-mark: 0.032/0.034 secs] [Times: user=0.06 sys=0.00, real=0.03 secs] 
 (concurrent mode failure): 111295K->111288K(111296K), 0.1336410 secs] 160447K->160438K(160448K), [CMS Perm : 12806K->12806K(21440K)], 0.1336790 secs] [Times: user=0.16 sys=0.00, real=0.13 secs] 
176.277: Total time for which application threads were stopped: 0.1337570 seconds, Stopping threads took: 0.0000030 seconds
176.278: Application time: 0.0001810 seconds
176.278: [Full GC176.278: [CMS: 111296K->111289K(111296K), 0.0951380 secs] 160448K->160439K(160448K), [CMS Perm : 12806K->12806K(21440K)], 0.0951700 secs] [Times: user=0.10 sys=0.00, real=0.10 secs] 
176.373: Total time for which application threads were stopped: 0.0953360 seconds, Stopping threads took: 0.0000050 seconds
176.373: Application time: 0.0000420 seconds
176.373: [GC [1 CMS-initial-mark: 111289K(111296K)] 160440K(160448K), 0.0076080 secs] [Times: user=0.01 sys=0.00, real=0.01 secs] 
176.381: Total time for which application threads were stopped: 0.0077800 seconds, Stopping threads took: 0.0000180 seconds
176.381: [CMS-concurrent-mark-start]
176.381: Application time: 0.0001410 seconds
176.381: [Full GC176.381: [CMS176.413: [CMS-concurrent-mark: 0.031/0.032 secs] [Times: user=0.06 sys=0.00, real=0.03 secs] 
 (concurrent mode failure): 111290K->111290K(111296K), 0.1384610 secs] 160442K->160440K(160448K), [CMS Perm : 12806K->12806K(21440K)], 0.1384940 secs] [Times: user=0.17 sys=0.00, real=0.14 secs] 
176.520: Total time for which application threads were stopped: 0.1386490 seconds, Stopping threads took: 0.0000050 seconds
176.520: Application time: 0.0001400 seconds
176.520: [Full GC176.520: [CMS: 111295K->111294K(111296K), 0.1072110 secs] 160447K->160445K(160448K), [CMS Perm : 12806K->12806K(21440K)], 0.1072420 secs] [Times: user=0.10 sys=0.00, real=0.11 secs] 
176.627: Total time for which application threads were stopped: 0.1074230 seconds, Stopping threads took: 0.0000050 seconds
176.627: Application time: 0.0000660 seconds
176.627: [GC [1 CMS-initial-mark: 111294K(111296K)] 160445K(160448K), 0.0081920 secs] [Times: user=0.01 sys=0.00, real=0.00 secs] 
176.636: Total time for which application threads were stopped: 0.0083520 seconds, Stopping threads took: 0.0000060 seconds
176.636: [CMS-concurrent-mark-start]
176.636: Application time: 0.0001690 seconds
176.636: [Full GC176.636: [CMS176.668: [CMS-concurrent-mark: 0.031/0.032 secs] [Times: user=0.07 sys=0.00, real=0.04 secs] 
 (concurrent mode failure): 111294K->111294K(111296K), 0.1387300 secs] 160446K->160444K(160448K), [CMS Perm : 12806K->12806K(21440K)], 0.1387630 secs] [Times: user=0.17 sys=0.00, real=0.14 secs] 
176.775: [Full GC176.775: [CMS: 111294K->111293K(111296K), 0.1068690 secs] 160444K->160444K(160448K), [CMS Perm : 12806K->12806K(21440K)], 0.1069000 secs] [Times: user=0.11 sys=0.00, real=0.11 secs] 
176.882: Total time for which application threads were stopped: 0.2458540 seconds, Stopping threads took: 0.0000050 seconds
176.882: Application time: 0.0000780 seconds
176.882: [Full GC176.882: [CMS: 111295K->111295K(111296K), 0.0951050 secs] 160446K->160446K(160448K), [CMS Perm : 12806K->12806K(21440K)], 0.0951400 secs] [Times: user=0.09 sys=0.00, real=0.09 secs] 
176.977: [Full GC176.977: [CMS: 111295K->111295K(111296K), 0.0950890 secs] 160446K->160446K(160448K), [CMS Perm : 12806K->12806K(21440K)], 0.0951190 secs] [Times: user=0.10 sys=0.00, real=0.10 secs] 
177.072: Total time for which application threads were stopped: 0.1904620 seconds, Stopping threads took: 0.0000170 seconds
177.072: Application time: 0.0000790 seconds
177.072: [GC [1 CMS-initial-mark: 111295K(111296K)] 160447K(160448K), 0.0075990 secs] [Times: user=0.01 sys=0.00, real=0.01 secs] 
177.080: Total time for which application threads were stopped: 0.0077860 seconds, Stopping threads took: 0.0000150 seconds
177.080: [CMS-concurrent-mark-start]
177.080: Application time: 0.0001310 seconds
177.080: [Full GC177.080: [CMS177.111: [CMS-concurrent-mark: 0.030/0.031 secs] [Times: user=0.06 sys=0.00, real=0.03 secs] 
 (concurrent mode failure): 111296K->111291K(111296K), 0.1256540 secs] 160447K->160442K(160448K), [CMS Perm : 12806K->12806K(21440K)], 0.1256870 secs] [Times: user=0.15 sys=0.00, real=0.12 secs] 
177.206: Total time for which application threads were stopped: 0.1258430 seconds, Stopping threads took: 0.0000080 seconds
177.206: Application time: 0.0001370 seconds
177.206: [Full GC177.206: [CMS: 111295K->111294K(111296K), 0.0951910 secs] 160447K->160445K(160448K), [CMS Perm : 12806K->12806K(21440K)], 0.0952240 secs] [Times: user=0.10 sys=0.00, real=0.10 secs] 
177.302: Total time for which application threads were stopped: 0.0953890 seconds, Stopping threads took: 0.0000050 seconds
177.302: Application time: 0.0000530 seconds
177.302: [GC [1 CMS-initial-mark: 111294K(111296K)] 160445K(160448K), 0.0075750 secs] [Times: user=0.01 sys=0.00, real=0.01 secs] 
177.309: Total time for which application threads were stopped: 0.0077500 seconds, Stopping threads took: 0.0000220 seconds
177.309: [CMS-concurrent-mark-start]
177.310: Application time: 0.0001860 seconds
177.310: [Full GC177.310: [CMS177.343: [CMS-concurrent-mark: 0.032/0.034 secs] [Times: user=0.06 sys=0.00, real=0.03 secs] 
 (concurrent mode failure): 111296K->111294K(111296K), 0.1399860 secs] 160447K->160446K(160448K), [CMS Perm : 12807K->12807K(21440K)], 0.1400200 secs] [Times: user=0.17 sys=0.00, real=0.14 secs] 
177.450: Total time for which application threads were stopped: 0.1401740 seconds, Stopping threads took: 0.0000050 seconds
177.450: Application time: 0.0001020 seconds
177.450: [Full GC177.450: [CMS: 111294K->111294K(111296K), 0.1070080 secs] 160446K->160446K(160448K), [CMS Perm : 12807K->12807K(21440K)], 0.1070430 secs] [Times: user=0.11 sys=0.00, real=0.10 secs] 
177.557: [Full GC177.557: [CMS: 111294K->111294K(111296K), 0.1071030 secs] 160446K->160446K(160448K), [CMS Perm : 12807K->12807K(21440K)], 0.1071320 secs] [Times: user=0.10 sys=0.00, real=0.11 secs] 
177.664: Total time for which application threads were stopped: 0.2143800 seconds, Stopping threads took: 0.0000180 seconds
177.664: Application time: 0.0000580 seconds
177.664: [GC [1 CMS-initial-mark: 111294K(111296K)] 160446K(160448K), 0.0075840 secs] [Times: user=0.01 sys=0.00, real=0.01 secs] 
177.672: Total time for which application threads were stopped: 0.0077700 seconds, Stopping threads took: 0.0000180 seconds
177.672: [CMS-concurrent-mark-start]
177.672: Application time: 0.0001430 seconds
177.672: [Full GC177.672: [CMS177.704: [CMS-concurrent-mark: 0.031/0.032 secs] [Times: user=0.06 sys=0.00, real=0.03 secs] 
 (concurrent mode failure): 111295K->111271K(111296K), 0.1483750 secs] 160447K->160394K(160448K), [CMS Perm : 12807K->12807K(21440K)], 0.1484230 secs] [Times: user=0.18 sys=0.00, real=0.15 secs] 
177.821: Total time for which application threads were stopped: 0.1485820 seconds, Stopping threads took: 0.0000060 seconds
177.821: Application time: 0.0002540 seconds
177.821: [Full GC177.821: [CMS: 111279K->111268K(111296K), 0.0951540 secs] 160431K->160398K(160448K), [CMS Perm : 12807K->12807K(21440K)], 0.0951890 secs] [Times: user=0.10 sys=0.00, real=0.09 secs] 
177.916: Total time for which application threads were stopped: 0.0954230 seconds, Stopping threads took: 0.0000060 seconds
177.916: Application time: 0.0000600 seconds
177.917: [GC [1 CMS-initial-mark: 111268K(111296K)] 160402K(160448K), 0.0075640 secs] [Times: user=0.00 sys=0.00, real=0.01 secs] 
177.924: Total time for which application threads were stopped: 0.0077230 seconds, Stopping threads took: 0.0000090 seconds
177.924: [CMS-concurrent-mark-start]
177.925: Application time: 0.0006550 seconds
177.925: [Full GC177.925: [CMS177.955: [CMS-concurrent-mark: 0.030/0.031 secs] [Times: user=0.06 sys=0.00, real=0.03 secs] 
 (concurrent mode failure): 111269K->111268K(111296K), 0.1250430 secs] 160421K->160401K(160448K), [CMS Perm : 12807K->12807K(21440K)], 0.1250770 secs] [Times: user=0.15 sys=0.00, real=0.13 secs] 
178.050: Total time for which application threads were stopped: 0.1252320 seconds, Stopping threads took: 0.0000060 seconds
178.051: Application time: 0.0006900 seconds
178.051: [Full GC178.051: [CMS: 111294K->111274K(111296K), 0.1144760 secs] 160446K->160411K(160448K), [CMS Perm : 12807K->12807K(21440K)], 0.1145130 secs] [Times: user=0.12 sys=0.00, real=0.11 secs] 
178.165: Total time for which application threads were stopped: 0.1147090 seconds, Stopping threads took: 0.0000180 seconds
178.166: Application time: 0.0000640 seconds
178.166: [GC [1 CMS-initial-mark: 111274K(111296K)] 160411K(160448K), 0.0081640 secs] [Times: user=0.00 sys=0.00, real=0.01 secs] 
178.174: Total time for which application threads were stopped: 0.0084970 seconds, Stopping threads took: 0.0000720 seconds
178.174: [CMS-concurrent-mark-start]
178.175: Application time: 0.0010210 seconds
178.175: [Full GC178.175: [CMS178.208: [CMS-concurrent-mark: 0.033/0.034 secs] [Times: user=0.07 sys=0.00, real=0.04 secs] 
 (concurrent mode failure): 111295K->111276K(111296K), 0.1392610 secs] 160447K->160409K(160448K), [CMS Perm : 12807K->12807K(21440K)], 0.1393090 secs] [Times: user=0.17 sys=0.00, real=0.14 secs] 
178.315: Total time for which application threads were stopped: 0.1394780 seconds, Stopping threads took: 0.0000190 seconds
178.315: Application time: 0.0005760 seconds
178.315: [Full GC178.315: [CMS: 111295K->111283K(111296K), 0.1407020 secs] 160447K->160421K(160448K), [CMS Perm : 12807K->12807K(21440K)], 0.1407450 secs] [Times: user=0.14 sys=0.00, real=0.14 secs] 
178.456: Total time for which application threads were stopped: 0.1409410 seconds, Stopping threads took: 0.0000180 seconds
178.456: Application time: 0.0000560 seconds
178.456: [GC [1 CMS-initial-mark: 111283K(111296K)] 160421K(160448K), 0.0075840 secs] [Times: user=0.01 sys=0.00, real=0.01 secs] 
178.464: Total time for which application threads were stopped: 0.0078900 seconds, Stopping threads took: 0.0000840 seconds
178.464: [CMS-concurrent-mark-start]
178.465: Application time: 0.0007390 seconds
178.465: [Full GC178.465: [CMS178.496: [CMS-concurrent-mark: 0.031/0.032 secs] [Times: user=0.06 sys=0.00, real=0.03 secs] 
 (concurrent mode failure): 111294K->111282K(111296K), 0.1262390 secs] 160446K->160420K(160448K), [CMS Perm : 12807K->12807K(21440K)], 0.1262720 secs] [Times: user=0.15 sys=0.00, real=0.13 secs] 
178.591: Total time for which application threads were stopped: 0.1264480 seconds, Stopping threads took: 0.0000180 seconds
178.592: Application time: 0.0004500 seconds
178.592: Total time for which application threads were stopped: 0.0001730 seconds, Stopping threads took: 0.0000110 seconds
178.592: Application time: 0.0000280 seconds
178.592: [GC [1 CMS-initial-mark: 111287K(111296K)] 160439K(160448K), 0.0076280 secs] [Times: user=0.00 sys=0.00, real=0.01 secs] 
178.600: Total time for which application threads were stopped: 0.0077400 seconds, Stopping threads took: 0.0000370 seconds
178.600: [CMS-concurrent-mark-start]
178.600: Application time: 0.0001390 seconds
178.600: [Full GC178.600: [CMS178.632: [CMS-concurrent-mark: 0.031/0.032 secs] [Times: user=0.07 sys=0.00, real=0.03 secs] 
 (concurrent mode failure): 111287K->111278K(111296K), 0.1284830 secs] 160439K->160414K(160448K), [CMS Perm : 12807K->12807K(21440K)], 0.1285210 secs] [Times: user=0.16 sys=0.00, real=0.13 secs] 
178.728: Total time for which application threads were stopped: 0.1286910 seconds, Stopping threads took: 0.0000110 seconds
178.729: Application time: 0.0002380 seconds
178.729: [Full GC178.729: [CMS: 111286K->111285K(111296K), 0.0969200 secs] 160434K->160400K(160448K), [CMS Perm : 12807K->12807K(21440K)], 0.0969540 secs] [Times: user=0.10 sys=0.00, real=0.09 secs] 
178.826: Total time for which application threads were stopped: 0.0971730 seconds, Stopping threads took: 0.0000100 seconds
178.826: Application time: 0.0000560 seconds
178.826: [GC [1 CMS-initial-mark: 111285K(111296K)] 160416K(160448K), 0.0076550 secs] [Times: user=0.01 sys=0.00, real=0.01 secs] 
178.834: Total time for which application threads were stopped: 0.0078430 seconds, Stopping threads took: 0.0000110 seconds
178.834: [CMS-concurrent-mark-start]
178.834: Application time: 0.0001600 seconds
178.834: [Full GC178.834: [CMS178.867: [CMS-concurrent-mark: 0.032/0.033 secs] [Times: user=0.07 sys=0.00, real=0.04 secs] 
 (concurrent mode failure): 111285K->111285K(111296K), 0.1275850 secs] 160428K->160428K(160448K), [CMS Perm : 12807K->12807K(21440K)], 0.1276210 secs] [Times: user=0.16 sys=0.00, real=0.13 secs] 
178.962: [Full GC178.962: [CMS: 111285K->111276K(111296K), 0.0956360 secs] 160428K->160412K(160448K), [CMS Perm : 12807K->12807K(21440K)], 0.0956680 secs] [Times: user=0.10 sys=0.00, real=0.09 secs] 
179.057: Total time for which application threads were stopped: 0.2234900 seconds, Stopping threads took: 0.0000100 seconds
179.058: Application time: 0.0001410 seconds
179.058: [Full GC179.058: [CMS: 111292K->111292K(111296K), 0.0947170 secs] 160438K->160437K(160448K), [CMS Perm : 12807K->12807K(21440K)], 0.0947500 secs] [Times: user=0.09 sys=0.00, real=0.10 secs] 
179.152: [Full GC179.153: [CMS: 111292K->111292K(111296K), 0.0945760 secs] 160437K->160437K(160448K), [CMS Perm : 12807K->12807K(21440K)], 0.0946050 secs] [Times: user=0.10 sys=0.00, real=0.10 secs] 
179.247: Total time for which application threads were stopped: 0.1895790 seconds, Stopping threads took: 0.0000100 seconds
179.247: Application time: 0.0000550 seconds
179.247: [GC [1 CMS-initial-mark: 111292K(111296K)] 160438K(160448K), 0.0076520 secs] [Times: user=0.00 sys=0.00, real=0.00 secs] 
179.255: Total time for which application threads were stopped: 0.0078480 seconds, Stopping threads took: 0.0000190 seconds
179.255: [CMS-concurrent-mark-start]
179.255: Application time: 0.0003640 seconds
179.256: [Full GC179.256: [CMS179.290: [CMS-concurrent-mark: 0.034/0.035 secs] [Times: user=0.07 sys=0.00, real=0.04 secs] 
 (concurrent mode failure): 111292K->111268K(111296K), 0.1291190 secs] 160442K->160368K(160448K), [CMS Perm : 12807K->12807K(21440K)], 0.1291560 secs] [Times: user=0.17 sys=0.00, real=0.13 secs] 
179.385: Total time for which application threads were stopped: 0.1293350 seconds, Stopping threads took: 0.0000290 seconds
179.385: Application time: 0.0003400 seconds
179.385: [Full GC179.385: [CMS: 111295K->111294K(111296K), 0.0954580 secs] 160447K->160419K(160448K), [CMS Perm : 12807K->12807K(21440K)], 0.0954910 secs] [Times: user=0.09 sys=0.00, real=0.10 secs] 
179.481: Total time for which application threads were stopped: 0.0956740 seconds, Stopping threads took: 0.0000180 seconds
179.481: Application time: 0.0000570 seconds
179.481: [GC [1 CMS-initial-mark: 111294K(111296K)] 160420K(160448K), 0.0075490 secs] [Times: user=0.01 sys=0.00, real=0.01 secs] 
179.489: Total time for which application threads were stopped: 0.0077320 seconds, Stopping threads took: 0.0000200 seconds
179.489: [CMS-concurrent-mark-start]
179.489: Application time: 0.0004990 seconds
179.489: [Full GC179.489: [CMS179.522: [CMS-concurrent-mark: 0.032/0.034 secs] [Times: user=0.07 sys=0.00, real=0.03 secs] 
 (concurrent mode failure): 111295K->111295K(111296K), 0.1341300 secs] 160447K->160425K(160448K), [CMS Perm : 12807K->12807K(21440K)], 0.1341670 secs] [Times: user=0.17 sys=0.00, real=0.13 secs] 
179.623: Total time for which application threads were stopped: 0.1343370 seconds, Stopping threads took: 0.0000190 seconds
179.624: Application time: 0.0002010 seconds
179.624: [Full GC179.624: [CMS: 111295K->111295K(111296K), 0.1064160 secs] 160447K->160444K(160448K), [CMS Perm : 12807K->12807K(21440K)], 0.1064500 secs] [Times: user=0.10 sys=0.00, real=0.11 secs] 
179.730: Total time for which application threads were stopped: 0.1066290 seconds, Stopping threads took: 0.0000180 seconds
179.730: Application time: 0.0000610 seconds
179.730: [GC [1 CMS-initial-mark: 111295K(111296K)] 160446K(160448K), 0.0081740 secs] [Times: user=0.01 sys=0.00, real=0.01 secs] 
179.739: Total time for which application threads were stopped: 0.0083340 seconds, Stopping threads took: 0.0000090 seconds
179.739: [CMS-concurrent-mark-start]
179.739: Application time: 0.0002040 seconds
179.739: [Full GC179.739: [CMS179.772: [CMS-concurrent-mark: 0.033/0.034 secs] [Times: user=0.07 sys=0.00, real=0.03 secs] 
 (concurrent mode failure): 111295K->111295K(111296K), 0.1394930 secs] 160447K->160447K(160448K), [CMS Perm : 12807K->12807K(21440K)], 0.1395290 secs] [Times: user=0.17 sys=0.00, real=0.13 secs] 
179.879: Total time for which application threads were stopped: 0.1397100 seconds, Stopping threads took: 0.0000190 seconds
179.879: Application time: 0.0000810 seconds
179.879: [Full GC179.879: [CMS: 111295K->111295K(111296K), 0.1064090 secs] 160447K->160447K(160448K), [CMS Perm : 12807K->12807K(21440K)], 0.1064430 secs] [Times: user=0.11 sys=0.00, real=0.10 secs] 
179.985: [Full GC179.985: [CMS: 111295K->111295K(111296K), 0.1064930 secs] 160447K->160447K(160448K), [CMS Perm : 12807K->12807K(21440K)], 0.1065250 secs] [Times: user=0.10 sys=0.01, real=0.11 secs] 
180.092: Total time for which application threads were stopped: 0.2132080 seconds, Stopping threads took: 0.0000190 seconds
180.092: Application time: 0.0000730 seconds
180.092: [GC [1 CMS-initial-mark: 111295K(111296K)] 160447K(160448K), 0.0081990 secs] [Times: user=0.01 sys=0.00, real=0.01 secs] 
180.100: Total time for which application threads were stopped: 0.0083620 seconds, Stopping threads took: 0.0000090 seconds
180.100: [CMS-concurrent-mark-start]
180.100: Application time: 0.0002090 seconds
180.101: [Full GC180.101: [CMS180.134: [CMS-concurrent-mark: 0.032/0.033 secs] [Times: user=0.06 sys=0.00, real=0.03 secs] 
 (concurrent mode failure): 111296K->111268K(111296K), 0.1300080 secs] 160447K->160367K(160448K), [CMS Perm : 12807K->12807K(21440K)], 0.1300420 secs] [Times: user=0.16 sys=0.00, real=0.13 secs] 
180.231: Total time for which application threads were stopped: 0.1302110 seconds, Stopping threads took: 0.0000190 seconds
Heap
 par new generation   total 49152K, used 49116K [0x00000000f0c00000, 0x00000000f4150000, 0x00000000f4150000)
  eden space 43712K, 100% used [0x00000000f0c00000, 0x00000000f36b0000, 0x00000000f36b0000)
  from space 5440K,  99% used [0x00000000f36b0000, 0x00000000f3bf70b0, 0x00000000f3c00000)
  to   space 5440K,   0% used [0x00000000f3c00000, 0x00000000f3c00000, 0x00000000f4150000)
 concurrent mark-sweep generation total 111296K, used 111268K [0x00000000f4150000, 0x00000000fae00000, 0x00000000fae00000)
 concurrent-mark-sweep perm gen total 21440K, used 12814K [0x00000000fae00000, 0x00000000fc2f0000, 0x0000000100000000)
180.231: Application time: 0.0003190 seconds
