Java HotSpot(TM) 64-Bit Server VM (24.80-b11) for linux-amd64 JRE (1.7.0_80-b15), built on Apr 10 2015 19:53:14 by "java_re" with gcc 4.3.0 20080428 (Red Hat 4.3.0-8)
Memory: 4k page, physical 8000092k(5242112k free), swap 8218620k(8218620k free)
CommandLine flags: -XX:InitialHeapSize=169936896 -XX:MaxHeapSize=169936896 -XX:+PrintGC -XX:+PrintGCApplicationConcurrentTime -XX:+PrintGCApplicationStoppedTime -XX:+PrintGCDetails -XX:+PrintGCTimeStamps -XX:-UseAdaptiveSizePolicy -XX:+UseCMSInitiatingOccupancyOnly -XX:+UseCompressedOops -XX:+UseParallelGC 
1.011: Application time: 0.9845150 seconds
1.011: Total time for which application threads were stopped: 0.0000440 seconds, Stopping threads took: 0.0000110 seconds
4.031: Application time: 3.0198490 seconds
4.031: Total time for which application threads were stopped: 0.0000700 seconds, Stopping threads took: 0.0000110 seconds
14.803: Application time: 10.7721720 seconds
14.803: Total time for which application threads were stopped: 0.0000210 seconds, Stopping threads took: 0.0000070 seconds
14.803: Application time: 0.0000130 seconds
14.803: Total time for which application threads were stopped: 0.0000070 seconds, Stopping threads took: 0.0000020 seconds
14.804: Application time: 0.0014050 seconds
14.804: Total time for which application threads were stopped: 0.0000100 seconds, Stopping threads took: 0.0000040 seconds
14.824: Application time: 0.0200600 seconds
14.824: Total time for which application threads were stopped: 0.0000390 seconds, Stopping threads took: 0.0000100 seconds
14.837: Application time: 0.0121680 seconds
14.837: [GC [PSYoungGen: 11332K->3353K(48640K)] 11332K->3361K(159744K), 0.0021480 secs] [Times: user=0.01 sys=0.00, real=0.00 secs] 
14.839: [Full GC [PSYoungGen: 3353K->0K(48640K)] [ParOldGen: 8K->3145K(111104K)] 3361K->3145K(159744K) [PSPermGen: 5075K->5074K(21504K)], 0.0106980 secs] [Times: user=0.04 sys=0.00, real=0.01 secs] 
14.850: Total time for which application threads were stopped: 0.0129720 seconds, Stopping threads took: 0.0000170 seconds
14.850: Application time: 0.0000660 seconds
14.850: [GC [PSYoungGen: 0K->0K(48640K)] 3145K->3145K(159744K), 0.0002480 secs] [Times: user=0.00 sys=0.00, real=0.00 secs] 
14.850: [Full GC [PSYoungGen: 0K->0K(48640K)] [ParOldGen: 3145K->3145K(111104K)] 3145K->3145K(159744K) [PSPermGen: 5074K->5074K(21504K)], 0.0038590 secs] [Times: user=0.02 sys=0.00, real=0.01 secs] 
14.854: Total time for which application threads were stopped: 0.0042060 seconds, Stopping threads took: 0.0000150 seconds
14.854: Application time: 0.0000670 seconds
14.854: Total time for which application threads were stopped: 0.0000220 seconds, Stopping threads took: 0.0000140 seconds
14.854: Application time: 0.0000550 seconds
14.854: Total time for which application threads were stopped: 0.0000100 seconds, Stopping threads took: 0.0000060 seconds
14.854: Application time: 0.0000090 seconds
14.854: Total time for which application threads were stopped: 0.0000150 seconds, Stopping threads took: 0.0000120 seconds
14.854: Application time: 0.0000090 seconds
14.854: Total time for which application threads were stopped: 0.0000140 seconds, Stopping threads took: 0.0000110 seconds
14.854: Application time: 0.0000120 seconds
14.854: Total time for which application threads were stopped: 0.0000160 seconds, Stopping threads took: 0.0000120 seconds
14.854: Application time: 0.0000090 seconds
14.854: Total time for which application threads were stopped: 0.0000190 seconds, Stopping threads took: 0.0000160 seconds
14.854: Application time: 0.0000080 seconds
14.854: Total time for which application threads were stopped: 0.0000130 seconds, Stopping threads took: 0.0000100 seconds
14.854: Application time: 0.0000090 seconds
14.854: Total time for which application threads were stopped: 0.0000160 seconds, Stopping threads took: 0.0000120 seconds
14.854: Application time: 0.0000090 seconds
14.854: Total time for which application threads were stopped: 0.0000160 seconds, Stopping threads took: 0.0000130 seconds
14.854: Application time: 0.0000080 seconds
14.854: Total time for which application threads were stopped: 0.0000170 seconds, Stopping threads took: 0.0000130 seconds
14.854: Application time: 0.0000100 seconds
14.854: Total time for which application threads were stopped: 0.0000170 seconds, Stopping threads took: 0.0000140 seconds
14.854: Application time: 0.0000090 seconds
14.854: Total time for which application threads were stopped: 0.0000160 seconds, Stopping threads took: 0.0000130 seconds
14.854: Application time: 0.0000080 seconds
14.854: Total time for which application threads were stopped: 0.0000140 seconds, Stopping threads took: 0.0000110 seconds
14.854: Application time: 0.0000120 seconds
14.854: Total time for which application threads were stopped: 0.0000230 seconds, Stopping threads took: 0.0000190 seconds
14.854: Application time: 0.0000110 seconds
14.854: Total time for which application threads were stopped: 0.0000150 seconds, Stopping threads took: 0.0000120 seconds
14.854: Application time: 0.0000110 seconds
14.854: Total time for which application threads were stopped: 0.0000170 seconds, Stopping threads took: 0.0000140 seconds
14.854: Application time: 0.0000110 seconds
14.854: Total time for which application threads were stopped: 0.0000150 seconds, Stopping threads took: 0.0000120 seconds
14.854: Application time: 0.0000100 seconds
14.854: Total time for which application threads were stopped: 0.0000240 seconds, Stopping threads took: 0.0000150 seconds
14.855: Application time: 0.0000170 seconds
14.855: Total time for which application threads were stopped: 0.0000160 seconds, Stopping threads took: 0.0000110 seconds
14.855: Application time: 0.0000150 seconds
14.855: Total time for which application threads were stopped: 0.0000210 seconds, Stopping threads took: 0.0000090 seconds
14.855: Application time: 0.0003570 seconds
14.855: Total time for which application threads were stopped: 0.0000140 seconds, Stopping threads took: 0.0000060 seconds
14.857: Application time: 0.0020280 seconds
14.857: Total time for which application threads were stopped: 0.0000410 seconds, Stopping threads took: 0.0000350 seconds
14.857: Application time: 0.0001220 seconds
14.857: Total time for which application threads were stopped: 0.0000410 seconds, Stopping threads took: 0.0000280 seconds
14.858: Application time: 0.0004560 seconds
14.858: Total time for which application threads were stopped: 0.0000400 seconds, Stopping threads took: 0.0000280 seconds
14.866: Application time: 0.0079060 seconds
14.866: Total time for which application threads were stopped: 0.0001470 seconds, Stopping threads took: 0.0001300 seconds
14.974: Application time: 0.1087030 seconds
14.976: [GC [PSYoungGen: 41984K->6640K(48640K)] 45129K->9918K(159744K), 0.0017770 secs] [Times: user=0.01 sys=0.00, real=0.00 secs] 
14.978: Total time for which application threads were stopped: 0.0033240 seconds, Stopping threads took: 0.0014560 seconds
14.978: Application time: 0.0001610 seconds
14.978: Total time for which application threads were stopped: 0.0004550 seconds, Stopping threads took: 0.0004380 seconds
14.978: Application time: 0.0000290 seconds
14.980: Total time for which application threads were stopped: 0.0018360 seconds, Stopping threads took: 0.0018260 seconds
14.980: Application time: 0.0000150 seconds
14.980: Total time for which application threads were stopped: 0.0000190 seconds, Stopping threads took: 0.0000140 seconds
14.980: Application time: 0.0000270 seconds
14.982: Total time for which application threads were stopped: 0.0016190 seconds, Stopping threads took: 0.0016140 seconds
14.982: Application time: 0.0000120 seconds
14.982: Total time for which application threads were stopped: 0.0000070 seconds, Stopping threads took: 0.0000030 seconds
14.982: Application time: 0.0000220 seconds
14.982: Total time for which application threads were stopped: 0.0000070 seconds, Stopping threads took: 0.0000030 seconds
14.982: Application time: 0.0000230 seconds
14.982: Total time for which application threads were stopped: 0.0000070 seconds, Stopping threads took: 0.0000020 seconds
14.982: Application time: 0.0000100 seconds
14.982: Total time for which application threads were stopped: 0.0000060 seconds, Stopping threads took: 0.0000020 seconds
14.982: Application time: 0.0000110 seconds
14.984: Total time for which application threads were stopped: 0.0015620 seconds, Stopping threads took: 0.0015550 seconds
14.984: Application time: 0.0000100 seconds
14.984: Total time for which application threads were stopped: 0.0001110 seconds, Stopping threads took: 0.0001060 seconds
14.984: Application time: 0.0000360 seconds
14.984: Total time for which application threads were stopped: 0.0004330 seconds, Stopping threads took: 0.0004260 seconds
14.984: Application time: 0.0000310 seconds
14.984: Total time for which application threads were stopped: 0.0000210 seconds, Stopping threads took: 0.0000160 seconds
15.022: Application time: 0.0373190 seconds
15.023: [GC [PSYoungGen: 48624K->6656K(48640K)] 51902K->11046K(159744K), 0.0018830 secs] [Times: user=0.01 sys=0.00, real=0.00 secs] 
15.025: Total time for which application threads were stopped: 0.0036580 seconds, Stopping threads took: 0.0016720 seconds
15.063: Application time: 0.0380850 seconds
15.065: [GC [PSYoungGen: 48640K->6656K(48640K)] 53030K->11230K(159744K), 0.0019320 secs] [Times: user=0.01 sys=0.00, real=0.00 secs] 
15.067: Total time for which application threads were stopped: 0.0032920 seconds, Stopping threads took: 0.0012800 seconds
15.105: Application time: 0.0385840 seconds
15.108: [GC [PSYoungGen: 48640K->6256K(48640K)] 53214K->10830K(159744K), 0.0018900 secs] [Times: user=0.01 sys=0.01, real=0.00 secs] 
15.110: Total time for which application threads were stopped: 0.0048010 seconds, Stopping threads took: 0.0028360 seconds
15.148: Application time: 0.0380620 seconds
15.151: [GC [PSYoungGen: 48240K->6656K(48640K)] 52814K->11230K(159744K), 0.0019030 secs] [Times: user=0.01 sys=0.00, real=0.01 secs] 
15.153: Total time for which application threads were stopped: 0.0045520 seconds, Stopping threads took: 0.0025440 seconds
15.190: Application time: 0.0376440 seconds
15.192: [GC [PSYoungGen: 48640K->6640K(48640K)] 53214K->11366K(159744K), 0.0019410 secs] [Times: user=0.01 sys=0.00, real=0.00 secs] 
15.194: Total time for which application threads were stopped: 0.0033210 seconds, Stopping threads took: 0.0013050 seconds
15.231: Application time: 0.0375470 seconds
15.233: [GC [PSYoungGen: 48624K->6640K(48640K)] 53350K->11998K(159744K), 0.0020480 secs] [Times: user=0.01 sys=0.00, real=0.00 secs] 
15.235: Total time for which application threads were stopped: 0.0038530 seconds, Stopping threads took: 0.0017240 seconds
15.273: Application time: 0.0384480 seconds
15.274: [GC [PSYoungGen: 48624K->5920K(48640K)] 53982K->11278K(159744K), 0.0016830 secs] [Times: user=0.01 sys=0.00, real=0.00 secs] 
15.276: Total time for which application threads were stopped: 0.0024550 seconds, Stopping threads took: 0.0006810 seconds
15.315: Application time: 0.0388360 seconds
15.317: [GC [PSYoungGen: 47904K->6336K(48640K)] 53262K->11694K(159744K), 0.0018350 secs] [Times: user=0.01 sys=0.00, real=0.00 secs] 
15.319: Total time for which application threads were stopped: 0.0045720 seconds, Stopping threads took: 0.0026490 seconds
15.359: Application time: 0.0395750 seconds
15.360: [GC [PSYoungGen: 48320K->5664K(48640K)] 53678K->11022K(159744K), 0.0016020 secs] [Times: user=0.00 sys=0.01, real=0.00 secs] 
15.362: Total time for which application threads were stopped: 0.0031240 seconds, Stopping threads took: 0.0014430 seconds
15.400: Application time: 0.0381100 seconds
15.401: [GC [PSYoungGen: 47648K->6656K(48640K)] 53006K->12366K(159744K), 0.0019980 secs] [Times: user=0.01 sys=0.00, real=0.01 secs] 
15.403: Total time for which application threads were stopped: 0.0032280 seconds, Stopping threads took: 0.0011480 seconds
15.440: Application time: 0.0361490 seconds
15.441: [GC [PSYoungGen: 48640K->6640K(48640K)] 54350K->13086K(159744K), 0.0021240 secs] [Times: user=0.01 sys=0.01, real=0.01 secs] 
15.444: Total time for which application threads were stopped: 0.0040500 seconds, Stopping threads took: 0.0018490 seconds
15.482: Application time: 0.0380910 seconds
15.483: [GC [PSYoungGen: 48624K->6640K(48640K)] 55070K->13786K(159744K), 0.0021240 secs] [Times: user=0.01 sys=0.00, real=0.01 secs] 
15.485: Total time for which application threads were stopped: 0.0033530 seconds, Stopping threads took: 0.0011520 seconds
15.524: Application time: 0.0394740 seconds
15.527: [GC [PSYoungGen: 48624K->6656K(48640K)] 55770K->14802K(159744K), 0.0021180 secs] [Times: user=0.01 sys=0.00, real=0.00 secs] 
15.529: Total time for which application threads were stopped: 0.0042390 seconds, Stopping threads took: 0.0020440 seconds
15.568: Application time: 0.0390060 seconds
15.570: [GC [PSYoungGen: 48640K->6656K(48640K)] 56786K->15018K(159744K), 0.0022030 secs] [Times: user=0.02 sys=0.00, real=0.01 secs] 
15.572: Total time for which application threads were stopped: 0.0044140 seconds, Stopping threads took: 0.0021250 seconds
15.614: Application time: 0.0415090 seconds
15.616: [GC [PSYoungGen: 48640K->6400K(48640K)] 57002K->14826K(159744K), 0.0019420 secs] [Times: user=0.01 sys=0.00, real=0.00 secs] 
15.618: Total time for which application threads were stopped: 0.0043830 seconds, Stopping threads took: 0.0023520 seconds
15.659: Application time: 0.0413410 seconds
15.664: [GC [PSYoungGen: 48384K->6640K(48640K)] 56810K->16154K(159744K), 0.0023600 secs] [Times: user=0.01 sys=0.00, real=0.00 secs] 
15.666: Total time for which application threads were stopped: 0.0065520 seconds, Stopping threads took: 0.0041060 seconds
15.707: Application time: 0.0406540 seconds
15.709: [GC [PSYoungGen: 48624K->5248K(48640K)] 58138K->14762K(159744K), 0.0015670 secs] [Times: user=0.01 sys=0.00, real=0.00 secs] 
15.711: Total time for which application threads were stopped: 0.0041520 seconds, Stopping threads took: 0.0024940 seconds
15.750: Application time: 0.0391880 seconds
15.751: [GC [PSYoungGen: 47232K->6624K(48640K)] 56746K->16138K(159744K), 0.0019290 secs] [Times: user=0.01 sys=0.01, real=0.00 secs] 
15.753: Total time for which application threads were stopped: 0.0034520 seconds, Stopping threads took: 0.0014470 seconds
15.793: Application time: 0.0392790 seconds
15.794: [GC [PSYoungGen: 48608K->6624K(48640K)] 58122K->16410K(159744K), 0.0020190 secs] [Times: user=0.01 sys=0.00, real=0.00 secs] 
15.796: Total time for which application threads were stopped: 0.0035440 seconds, Stopping threads took: 0.0014430 seconds
15.835: Application time: 0.0383090 seconds
15.836: [GC [PSYoungGen: 48608K->6656K(48640K)] 58394K->17058K(159744K), 0.0020210 secs] [Times: user=0.01 sys=0.00, real=0.00 secs] 
15.838: Total time for which application threads were stopped: 0.0036800 seconds, Stopping threads took: 0.0015730 seconds
15.877: Application time: 0.0391210 seconds
15.879: [GC [PSYoungGen: 48640K->6656K(48640K)] 59042K->17058K(159744K), 0.0019800 secs] [Times: user=0.01 sys=0.00, real=0.00 secs] 
15.881: Total time for which application threads were stopped: 0.0032740 seconds, Stopping threads took: 0.0011930 seconds
15.918: Application time: 0.0376020 seconds
15.920: [GC [PSYoungGen: 48640K->6624K(48640K)] 59042K->17394K(159744K), 0.0020420 secs] [Times: user=0.01 sys=0.00, real=0.00 secs] 
15.923: Total time for which application threads were stopped: 0.0043460 seconds, Stopping threads took: 0.0022200 seconds
15.961: Application time: 0.0382100 seconds
15.962: [GC [PSYoungGen: 48608K->6448K(48640K)] 59378K->17218K(159744K), 0.0018930 secs] [Times: user=0.02 sys=0.00, real=0.01 secs] 
15.964: Total time for which application threads were stopped: 0.0030540 seconds, Stopping threads took: 0.0010820 seconds
16.003: Application time: 0.0387920 seconds
16.004: [GC [PSYoungGen: 48432K->5760K(48640K)] 59202K->16530K(159744K), 0.0016200 secs] [Times: user=0.01 sys=0.00, real=0.00 secs] 
16.006: Total time for which application threads were stopped: 0.0031430 seconds, Stopping threads took: 0.0014490 seconds
16.044: Application time: 0.0385020 seconds
16.046: [GC [PSYoungGen: 47744K->6656K(48640K)] 58514K->17834K(159744K), 0.0020770 secs] [Times: user=0.01 sys=0.00, real=0.00 secs] 
16.048: Total time for which application threads were stopped: 0.0036990 seconds, Stopping threads took: 0.0015350 seconds
16.087: Application time: 0.0387760 seconds
16.088: [GC [PSYoungGen: 48640K->5552K(48640K)] 59818K->16730K(159744K), 0.0016600 secs] [Times: user=0.01 sys=0.00, real=0.00 secs] 
16.090: Total time for which application threads were stopped: 0.0031260 seconds, Stopping threads took: 0.0013930 seconds
16.130: Application time: 0.0398520 seconds
16.132: [GC [PSYoungGen: 47536K->6624K(48640K)] 58714K->18034K(159744K), 0.0019500 secs] [Times: user=0.01 sys=0.00, real=0.00 secs] 
16.134: Total time for which application threads were stopped: 0.0040000 seconds, Stopping threads took: 0.0019700 seconds
16.172: Application time: 0.0378810 seconds
16.174: [GC [PSYoungGen: 48608K->6656K(48640K)] 60018K->18738K(159744K), 0.0020850 secs] [Times: user=0.01 sys=0.00, real=0.00 secs] 
16.176: Total time for which application threads were stopped: 0.0040580 seconds, Stopping threads took: 0.0018930 seconds
16.214: Application time: 0.0386850 seconds
16.216: [GC [PSYoungGen: 48640K->6640K(48640K)] 60722K->18874K(159744K), 0.0020220 secs] [Times: user=0.01 sys=0.01, real=0.00 secs] 
16.218: Total time for which application threads were stopped: 0.0035430 seconds, Stopping threads took: 0.0014450 seconds
16.256: Application time: 0.0385090 seconds
16.258: [GC [PSYoungGen: 48624K->6656K(48640K)] 60858K->19530K(159744K), 0.0021060 secs] [Times: user=0.01 sys=0.00, real=0.00 secs] 
16.260: Total time for which application threads were stopped: 0.0034070 seconds, Stopping threads took: 0.0012170 seconds
16.297: Application time: 0.0376080 seconds
16.300: [GC [PSYoungGen: 48640K->6656K(48640K)] 61514K->20674K(159744K), 0.0021960 secs] [Times: user=0.01 sys=0.00, real=0.00 secs] 
16.302: Total time for which application threads were stopped: 0.0043940 seconds, Stopping threads took: 0.0021190 seconds
16.341: Application time: 0.0391390 seconds
16.344: [GC [PSYoungGen: 48640K->6624K(48640K)] 62658K->20914K(159744K), 0.0019830 secs] [Times: user=0.02 sys=0.00, real=0.00 secs] 
16.346: Total time for which application threads were stopped: 0.0045870 seconds, Stopping threads took: 0.0025220 seconds
16.384: Application time: 0.0382760 seconds
16.385: [GC [PSYoungGen: 48608K->6656K(48640K)] 62898K->21514K(159744K), 0.0020160 secs] [Times: user=0.01 sys=0.00, real=0.00 secs] 
16.387: Total time for which application threads were stopped: 0.0035850 seconds, Stopping threads took: 0.0014890 seconds
16.426: Application time: 0.0381700 seconds
16.427: [GC [PSYoungGen: 48640K->6640K(48640K)] 63498K->22466K(159744K), 0.0021090 secs] [Times: user=0.01 sys=0.00, real=0.00 secs] 
16.429: Total time for which application threads were stopped: 0.0037250 seconds, Stopping threads took: 0.0015360 seconds
16.469: Application time: 0.0395140 seconds
16.470: [GC [PSYoungGen: 48624K->6176K(48640K)] 64450K->22002K(159744K), 0.0017340 secs] [Times: user=0.01 sys=0.00, real=0.01 secs] 
16.472: Total time for which application threads were stopped: 0.0031270 seconds, Stopping threads took: 0.0013170 seconds
16.509: Application time: 0.0373450 seconds
16.511: [GC [PSYoungGen: 48160K->6656K(48640K)] 63986K->23202K(159744K), 0.0021770 secs] [Times: user=0.01 sys=0.00, real=0.01 secs] 
16.513: Total time for which application threads were stopped: 0.0034660 seconds, Stopping threads took: 0.0012060 seconds
16.551: Application time: 0.0380250 seconds
16.552: [GC [PSYoungGen: 48640K->6624K(48640K)] 65186K->23186K(159744K), 0.0019350 secs] [Times: user=0.02 sys=0.00, real=0.00 secs] 
16.554: Total time for which application threads were stopped: 0.0035220 seconds, Stopping threads took: 0.0015060 seconds
16.593: Application time: 0.0386310 seconds
16.595: [GC [PSYoungGen: 48608K->6640K(48640K)] 65170K->23466K(159744K), 0.0020090 secs] [Times: user=0.01 sys=0.00, real=0.00 secs] 
16.597: Total time for which application threads were stopped: 0.0036450 seconds, Stopping threads took: 0.0015540 seconds
16.636: Application time: 0.0393770 seconds
16.639: [GC [PSYoungGen: 48624K->6640K(48640K)] 65450K->24146K(159744K), 0.0021940 secs] [Times: user=0.01 sys=0.00, real=0.00 secs] 
16.641: Total time for which application threads were stopped: 0.0054460 seconds, Stopping threads took: 0.0031710 seconds
16.680: Application time: 0.0382250 seconds
16.682: [GC [PSYoungGen: 48624K->6640K(48640K)] 66130K->24354K(159744K), 0.0019880 secs] [Times: user=0.01 sys=0.00, real=0.01 secs] 
16.684: Total time for which application threads were stopped: 0.0046590 seconds, Stopping threads took: 0.0025930 seconds
16.720: Application time: 0.0353210 seconds
16.722: [GC [PSYoungGen: 48624K->6640K(48640K)] 66338K->24930K(159744K), 0.0021160 secs] [Times: user=0.01 sys=0.00, real=0.01 secs] 
16.724: Total time for which application threads were stopped: 0.0042750 seconds, Stopping threads took: 0.0020750 seconds
16.762: Application time: 0.0377420 seconds
16.764: [GC [PSYoungGen: 48624K->6624K(48640K)] 66914K->24930K(159744K), 0.0020770 secs] [Times: user=0.01 sys=0.00, real=0.00 secs] 
16.766: Total time for which application threads were stopped: 0.0042770 seconds, Stopping threads took: 0.0021250 seconds
16.806: Application time: 0.0397280 seconds
16.807: [GC [PSYoungGen: 48608K->6160K(48640K)] 66914K->24466K(159744K), 0.0018290 secs] [Times: user=0.01 sys=0.01, real=0.00 secs] 
16.809: Total time for which application threads were stopped: 0.0034590 seconds, Stopping threads took: 0.0015550 seconds
16.848: Application time: 0.0388650 seconds
16.850: [GC [PSYoungGen: 48144K->5632K(48640K)] 66450K->23938K(159744K), 0.0016510 secs] [Times: user=0.01 sys=0.00, real=0.01 secs] 
16.852: Total time for which application threads were stopped: 0.0036680 seconds, Stopping threads took: 0.0019320 seconds
16.890: Application time: 0.0380510 seconds
16.893: [GC [PSYoungGen: 47616K->6624K(48640K)] 65922K->25378K(159744K), 0.0020150 secs] [Times: user=0.01 sys=0.00, real=0.00 secs] 
16.895: Total time for which application threads were stopped: 0.0048200 seconds, Stopping threads took: 0.0027240 seconds
16.933: Application time: 0.0379490 seconds
16.934: [GC [PSYoungGen: 48608K->6368K(48640K)] 67362K->25122K(159744K), 0.0020120 secs] [Times: user=0.01 sys=0.00, real=0.00 secs] 
16.936: Total time for which application threads were stopped: 0.0036400 seconds, Stopping threads took: 0.0015280 seconds
16.974: Application time: 0.0377580 seconds
16.975: [GC [PSYoungGen: 48350K->6640K(48640K)] 67105K->26578K(159744K), 0.0021790 secs] [Times: user=0.01 sys=0.00, real=0.00 secs] 
16.978: Total time for which application threads were stopped: 0.0037500 seconds, Stopping threads took: 0.0014940 seconds
17.017: Application time: 0.0389630 seconds
17.019: [GC [PSYoungGen: 48624K->6304K(48640K)] 68562K->26242K(159744K), 0.0019810 secs] [Times: user=0.01 sys=0.01, real=0.00 secs] 
17.021: Total time for which application threads were stopped: 0.0047680 seconds, Stopping threads took: 0.0027090 seconds
17.059: Application time: 0.0371750 seconds
17.060: [GC [PSYoungGen: 48286K->6192K(48640K)] 68225K->26130K(159744K), 0.0017880 secs] [Times: user=0.01 sys=0.00, real=0.00 secs] 
17.062: Total time for which application threads were stopped: 0.0032430 seconds, Stopping threads took: 0.0013830 seconds
17.099: Application time: 0.0375540 seconds
17.101: [GC [PSYoungGen: 48176K->6656K(48640K)] 68114K->27402K(159744K), 0.0022320 secs] [Times: user=0.01 sys=0.00, real=0.01 secs] 
17.103: Total time for which application threads were stopped: 0.0038090 seconds, Stopping threads took: 0.0014920 seconds
17.141: Application time: 0.0378760 seconds
17.143: [GC [PSYoungGen: 48640K->6656K(48640K)] 69386K->27658K(159744K), 0.0020750 secs] [Times: user=0.01 sys=0.00, real=0.01 secs] 
17.145: Total time for which application threads were stopped: 0.0040900 seconds, Stopping threads took: 0.0019310 seconds
17.183: Application time: 0.0376070 seconds
17.186: [GC [PSYoungGen: 48640K->6656K(48640K)] 69642K->28314K(159744K), 0.0021440 secs] [Times: user=0.01 sys=0.00, real=0.00 secs] 
17.188: Total time for which application threads were stopped: 0.0051490 seconds, Stopping threads took: 0.0029230 seconds
17.226: Application time: 0.0384480 seconds
17.229: [GC [PSYoungGen: 48640K->6640K(48640K)] 70298K->29411K(159744K), 0.0022780 secs] [Times: user=0.01 sys=0.01, real=0.01 secs] 
17.231: Total time for which application threads were stopped: 0.0049900 seconds, Stopping threads took: 0.0026240 seconds
17.270: Application time: 0.0389380 seconds
17.272: [GC [PSYoungGen: 48622K->6656K(48640K)] 71393K->30755K(159744K), 0.0022900 secs] [Times: user=0.01 sys=0.00, real=0.00 secs] 
17.274: Total time for which application threads were stopped: 0.0041230 seconds, Stopping threads took: 0.0017520 seconds
17.315: Application time: 0.0408800 seconds
17.317: [GC [PSYoungGen: 48640K->6656K(48640K)] 72739K->31475K(159744K), 0.0022820 secs] [Times: user=0.01 sys=0.00, real=0.00 secs] 
17.319: Total time for which application threads were stopped: 0.0041470 seconds, Stopping threads took: 0.0017790 seconds
17.359: Application time: 0.0396640 seconds
17.360: [GC [PSYoungGen: 48640K->6656K(48640K)] 73459K->31643K(159744K), 0.0020050 secs] [Times: user=0.01 sys=0.01, real=0.00 secs] 
17.362: Total time for which application threads were stopped: 0.0032960 seconds, Stopping threads took: 0.0012060 seconds
17.403: Application time: 0.0402610 seconds
17.405: [GC [PSYoungGen: 48640K->6656K(48640K)] 73627K->32235K(159744K), 0.0021040 secs] [Times: user=0.01 sys=0.00, real=0.00 secs] 
17.407: Total time for which application threads were stopped: 0.0039770 seconds, Stopping threads took: 0.0017780 seconds
17.447: Application time: 0.0407230 seconds
17.449: [GC [PSYoungGen: 48640K->6656K(48640K)] 74219K->32347K(159744K), 0.0019450 secs] [Times: user=0.02 sys=0.00, real=0.00 secs] 
17.451: Total time for which application threads were stopped: 0.0035870 seconds, Stopping threads took: 0.0015630 seconds
17.492: Application time: 0.0413120 seconds
17.493: [GC [PSYoungGen: 48640K->6240K(48640K)] 74331K->31931K(159744K), 0.0018760 secs] [Times: user=0.01 sys=0.00, real=0.00 secs] 
17.495: Total time for which application threads were stopped: 0.0030850 seconds, Stopping threads took: 0.0011260 seconds
17.535: Application time: 0.0400850 seconds
17.537: [GC [PSYoungGen: 48224K->6656K(48640K)] 73915K->33179K(159744K), 0.0022440 secs] [Times: user=0.01 sys=0.00, real=0.00 secs] 
17.540: Total time for which application threads were stopped: 0.0042260 seconds, Stopping threads took: 0.0019000 seconds
17.579: Application time: 0.0389780 seconds
17.581: [GC [PSYoungGen: 48640K->6624K(48640K)] 75163K->33147K(159744K), 0.0019750 secs] [Times: user=0.01 sys=0.01, real=0.01 secs] 
17.583: Total time for which application threads were stopped: 0.0044470 seconds, Stopping threads took: 0.0023840 seconds
17.623: Application time: 0.0398480 seconds
17.625: [GC [PSYoungGen: 48608K->6656K(48640K)] 75131K->33403K(159744K), 0.0021450 secs] [Times: user=0.01 sys=0.00, real=0.00 secs] 
17.627: Total time for which application threads were stopped: 0.0038700 seconds, Stopping threads took: 0.0016420 seconds
17.668: Application time: 0.0409030 seconds
17.670: [GC [PSYoungGen: 48640K->6656K(48640K)] 75387K->34115K(159744K), 0.0022210 secs] [Times: user=0.01 sys=0.00, real=0.01 secs] 
17.673: Total time for which application threads were stopped: 0.0048490 seconds, Stopping threads took: 0.0025440 seconds
17.711: Application time: 0.0386010 seconds
17.713: [GC [PSYoungGen: 48640K->6656K(48640K)] 76099K->35019K(159744K), 0.0022680 secs] [Times: user=0.02 sys=0.00, real=0.00 secs] 
17.715: Total time for which application threads were stopped: 0.0041290 seconds, Stopping threads took: 0.0017770 seconds
17.755: Application time: 0.0393710 seconds
17.757: [GC [PSYoungGen: 48640K->6640K(48640K)] 77003K->35399K(159744K), 0.0020920 secs] [Times: user=0.01 sys=0.01, real=0.00 secs] 
17.759: Total time for which application threads were stopped: 0.0039570 seconds, Stopping threads took: 0.0017840 seconds
17.799: Application time: 0.0398610 seconds
17.800: [GC [PSYoungGen: 48624K->6656K(48640K)] 77383K->36079K(159744K), 0.0024630 secs] [Times: user=0.01 sys=0.00, real=0.00 secs] 
17.803: Total time for which application threads were stopped: 0.0039740 seconds, Stopping threads took: 0.0014030 seconds
17.841: Application time: 0.0387660 seconds
17.843: [GC [PSYoungGen: 48640K->6624K(48640K)] 78063K->37239K(159744K), 0.0022880 secs] [Times: user=0.02 sys=0.00, real=0.00 secs] 
17.846: Total time for which application threads were stopped: 0.0044800 seconds, Stopping threads took: 0.0021060 seconds
17.886: Application time: 0.0403180 seconds
17.887: [GC [PSYoungGen: 48608K->6656K(48640K)] 79223K->37987K(159744K), 0.0021490 secs] [Times: user=0.01 sys=0.00, real=0.00 secs] 
17.890: Total time for which application threads were stopped: 0.0035400 seconds, Stopping threads took: 0.0013050 seconds
17.931: Application time: 0.0409440 seconds
17.932: [GC [PSYoungGen: 48640K->6656K(48640K)] 79971K->38051K(159744K), 0.0019470 secs] [Times: user=0.01 sys=0.00, real=0.00 secs] 
17.934: Total time for which application threads were stopped: 0.0035940 seconds, Stopping threads took: 0.0015670 seconds
17.974: Application time: 0.0400630 seconds
17.977: [GC [PSYoungGen: 48640K->6656K(48640K)] 80035K->39603K(159744K), 0.0023830 secs] [Times: user=0.02 sys=0.01, real=0.00 secs] 
17.979: Total time for which application threads were stopped: 0.0046990 seconds, Stopping threads took: 0.0022300 seconds
18.020: Application time: 0.0410360 seconds
18.023: [GC [PSYoungGen: 48640K->6656K(48640K)] 81587K->40531K(159744K), 0.0021650 secs] [Times: user=0.02 sys=0.00, real=0.01 secs] 
18.025: Total time for which application threads were stopped: 0.0049520 seconds, Stopping threads took: 0.0027040 seconds
18.065: Application time: 0.0404190 seconds
18.067: [GC [PSYoungGen: 48640K->6080K(48640K)] 82515K->39955K(159744K), 0.0018430 secs] [Times: user=0.01 sys=0.00, real=0.00 secs] 
18.069: Total time for which application threads were stopped: 0.0034900 seconds, Stopping threads took: 0.0015660 seconds
18.110: Application time: 0.0411230 seconds
18.112: [GC [PSYoungGen: 48064K->6640K(48640K)] 81939K->41403K(159744K), 0.0021540 secs] [Times: user=0.02 sys=0.00, real=0.00 secs] 
18.115: Total time for which application threads were stopped: 0.0046830 seconds, Stopping threads took: 0.0024480 seconds
18.156: Application time: 0.0415460 seconds
18.157: [GC [PSYoungGen: 48624K->4576K(48640K)] 83387K->39339K(159744K), 0.0013920 secs] [Times: user=0.01 sys=0.00, real=0.00 secs] 
18.158: Total time for which application threads were stopped: 0.0021060 seconds, Stopping threads took: 0.0006480 seconds
18.199: Application time: 0.0404020 seconds
18.201: [GC [PSYoungGen: 46560K->6656K(48640K)] 81323K->41539K(159744K), 0.0020690 secs] [Times: user=0.01 sys=0.00, real=0.00 secs] 
18.203: Total time for which application threads were stopped: 0.0042340 seconds, Stopping threads took: 0.0020860 seconds
18.243: Application time: 0.0398240 seconds
18.245: [GC [PSYoungGen: 48640K->6656K(48640K)] 83523K->41971K(159744K), 0.0022830 secs] [Times: user=0.01 sys=0.00, real=0.00 secs] 
18.247: Total time for which application threads were stopped: 0.0042850 seconds, Stopping threads took: 0.0019150 seconds
18.288: Application time: 0.0407160 seconds
18.289: [GC [PSYoungGen: 48640K->6528K(48640K)] 83955K->41851K(159744K), 0.0019740 secs] [Times: user=0.01 sys=0.00, real=0.00 secs] 
18.291: Total time for which application threads were stopped: 0.0031570 seconds, Stopping threads took: 0.0011020 seconds
18.331: Application time: 0.0403850 seconds
18.334: [GC [PSYoungGen: 48512K->5008K(48640K)] 83835K->40339K(159744K), 0.0015920 secs] [Times: user=0.01 sys=0.00, real=0.00 secs] 
18.336: Total time for which application threads were stopped: 0.0046420 seconds, Stopping threads took: 0.0029720 seconds
18.376: Application time: 0.0403060 seconds
18.378: [GC [PSYoungGen: 46992K->6624K(48640K)] 82323K->42635K(159744K), 0.0022340 secs] [Times: user=0.01 sys=0.00, real=0.00 secs] 
18.380: Total time for which application threads were stopped: 0.0039270 seconds, Stopping threads took: 0.0016090 seconds
18.420: Application time: 0.0396280 seconds
18.422: [GC [PSYoungGen: 48608K->6656K(48640K)] 84619K->42683K(159744K), 0.0020280 secs] [Times: user=0.01 sys=0.00, real=0.01 secs] 
18.424: Total time for which application threads were stopped: 0.0042760 seconds, Stopping threads took: 0.0021530 seconds
18.467: Application time: 0.0430150 seconds
18.469: [GC [PSYoungGen: 48640K->6656K(48640K)] 84667K->42979K(159744K), 0.0022400 secs] [Times: user=0.01 sys=0.00, real=0.01 secs] 
18.472: Total time for which application threads were stopped: 0.0044880 seconds, Stopping threads took: 0.0021580 seconds
18.511: Application time: 0.0389720 seconds
18.513: [GC [PSYoungGen: 48640K->6656K(48640K)] 84963K->43847K(159744K), 0.0022160 secs] [Times: user=0.02 sys=0.00, real=0.00 secs] 
18.515: Total time for which application threads were stopped: 0.0043050 seconds, Stopping threads took: 0.0020090 seconds
18.557: Application time: 0.0425420 seconds
18.560: [GC [PSYoungGen: 48640K->6656K(48640K)] 85831K->44307K(159744K), 0.0022440 secs] [Times: user=0.01 sys=0.00, real=0.00 secs] 
18.562: Total time for which application threads were stopped: 0.0046170 seconds, Stopping threads took: 0.0022670 seconds
18.602: Application time: 0.0395510 seconds
18.603: [GC [PSYoungGen: 48640K->6560K(48640K)] 86291K->44211K(159744K), 0.0020230 secs] [Times: user=0.01 sys=0.00, real=0.01 secs] 
18.605: Total time for which application threads were stopped: 0.0031970 seconds, Stopping threads took: 0.0010930 seconds
18.645: Application time: 0.0401130 seconds
18.648: [GC [PSYoungGen: 48544K->6656K(48640K)] 86195K->44515K(159744K), 0.0020800 secs] [Times: user=0.01 sys=0.01, real=0.00 secs] 
18.650: Total time for which application threads were stopped: 0.0048830 seconds, Stopping threads took: 0.0027220 seconds
18.689: Application time: 0.0395740 seconds
18.692: [GC [PSYoungGen: 48640K->6096K(48640K)] 86499K->43955K(159744K), 0.0018910 secs] [Times: user=0.01 sys=0.00, real=0.00 secs] 
18.694: Total time for which application threads were stopped: 0.0042630 seconds, Stopping threads took: 0.0022700 seconds
18.734: Application time: 0.0399360 seconds
18.735: [GC [PSYoungGen: 48080K->5984K(48640K)] 85939K->43843K(159744K), 0.0018080 secs] [Times: user=0.02 sys=0.00, real=0.00 secs] 
18.737: Total time for which application threads were stopped: 0.0028840 seconds, Stopping threads took: 0.0009990 seconds
18.775: Application time: 0.0388890 seconds
18.778: [GC [PSYoungGen: 47968K->6624K(48640K)] 85827K->45555K(159744K), 0.0022840 secs] [Times: user=0.02 sys=0.00, real=0.00 secs] 
18.780: Total time for which application threads were stopped: 0.0044740 seconds, Stopping threads took: 0.0020990 seconds
18.821: Application time: 0.0408830 seconds
18.823: [GC [PSYoungGen: 48608K->6656K(48640K)] 87539K->46123K(159744K), 0.0022100 secs] [Times: user=0.02 sys=0.00, real=0.01 secs] 
18.825: Total time for which application threads were stopped: 0.0045010 seconds, Stopping threads took: 0.0022030 seconds
18.865: Application time: 0.0400760 seconds
18.868: [GC [PSYoungGen: 48640K->6656K(48640K)] 88107K->47203K(159744K), 0.0023700 secs] [Times: user=0.02 sys=0.00, real=0.00 secs] 
18.870: Total time for which application threads were stopped: 0.0051240 seconds, Stopping threads took: 0.0026660 seconds
18.909: Application time: 0.0387110 seconds
18.912: [GC [PSYoungGen: 48640K->6656K(48640K)] 89187K->48459K(159744K), 0.0023110 secs] [Times: user=0.01 sys=0.01, real=0.00 secs] 
18.914: Total time for which application threads were stopped: 0.0050790 seconds, Stopping threads took: 0.0026590 seconds
18.954: Application time: 0.0399930 seconds
18.956: [GC [PSYoungGen: 48640K->6528K(48640K)] 90443K->48331K(159744K), 0.0019980 secs] [Times: user=0.00 sys=0.00, real=0.00 secs] 
18.958: Total time for which application threads were stopped: 0.0039230 seconds, Stopping threads took: 0.0018270 seconds
19.000: Application time: 0.0415020 seconds
19.001: [GC [PSYoungGen: 48512K->5600K(48640K)] 90315K->47403K(159744K), 0.0017990 secs] [Times: user=0.01 sys=0.00, real=0.00 secs] 
19.003: Total time for which application threads were stopped: 0.0034420 seconds, Stopping threads took: 0.0015460 seconds
19.044: Application time: 0.0411550 seconds
19.046: [GC [PSYoungGen: 47584K->5520K(48640K)] 89387K->47323K(159744K), 0.0018630 secs] [Times: user=0.01 sys=0.00, real=0.00 secs] 
19.048: Total time for which application threads were stopped: 0.0033940 seconds, Stopping threads took: 0.0014470 seconds
19.090: Application time: 0.0419070 seconds
19.092: [GC [PSYoungGen: 47504K->6496K(48640K)] 89307K->48299K(159744K), 0.0021870 secs] [Times: user=0.01 sys=0.00, real=0.00 secs] 
19.094: Total time for which application threads were stopped: 0.0048090 seconds, Stopping threads took: 0.0025450 seconds
19.135: Application time: 0.0410220 seconds
19.137: [GC [PSYoungGen: 48480K->6656K(48640K)] 90283K->49947K(159744K), 0.0025800 secs] [Times: user=0.01 sys=0.01, real=0.00 secs] 
19.140: Total time for which application threads were stopped: 0.0045240 seconds, Stopping threads took: 0.0018340 seconds
19.181: Application time: 0.0406320 seconds
19.183: [GC [PSYoungGen: 48640K->5984K(48640K)] 91931K->49275K(159744K), 0.0018410 secs] [Times: user=0.02 sys=0.00, real=0.01 secs] 
19.185: Total time for which application threads were stopped: 0.0041420 seconds, Stopping threads took: 0.0022210 seconds
19.225: Application time: 0.0405310 seconds
19.227: [GC [PSYoungGen: 47968K->6624K(48640K)] 91259K->50755K(159744K), 0.0024290 secs] [Times: user=0.01 sys=0.00, real=0.00 secs] 
19.229: Total time for which application threads were stopped: 0.0041570 seconds, Stopping threads took: 0.0016440 seconds
19.270: Application time: 0.0405600 seconds
19.272: [GC [PSYoungGen: 48608K->6656K(48640K)] 92739K->51507K(159744K), 0.0021660 secs] [Times: user=0.02 sys=0.00, real=0.00 secs] 
19.274: Total time for which application threads were stopped: 0.0043120 seconds, Stopping threads took: 0.0020390 seconds
19.316: Application time: 0.0414760 seconds
19.318: [GC [PSYoungGen: 48640K->5024K(48640K)] 93491K->49875K(159744K), 0.0016140 secs] [Times: user=0.01 sys=0.00, real=0.00 secs] 
19.320: Total time for which application threads were stopped: 0.0039260 seconds, Stopping threads took: 0.0022330 seconds
19.360: Application time: 0.0400900 seconds
19.363: [GC [PSYoungGen: 47008K->6640K(48640K)] 91859K->51723K(159744K), 0.0021400 secs] [Times: user=0.01 sys=0.00, real=0.01 secs] 
19.365: Total time for which application threads were stopped: 0.0049470 seconds, Stopping threads took: 0.0027270 seconds
19.404: Application time: 0.0392050 seconds
19.405: [GC [PSYoungGen: 48624K->6384K(48640K)] 93707K->51475K(159744K), 0.0020500 secs] [Times: user=0.02 sys=0.00, real=0.00 secs] 
19.408: Total time for which application threads were stopped: 0.0035940 seconds, Stopping threads took: 0.0014620 seconds
19.446: Application time: 0.0387190 seconds
19.448: [GC [PSYoungGen: 48368K->6656K(48640K)] 93459K->53339K(159744K), 0.0023500 secs] [Times: user=0.01 sys=0.00, real=0.00 secs] 
19.451: Total time for which application threads were stopped: 0.0045910 seconds, Stopping threads took: 0.0021600 seconds
19.492: Application time: 0.0406510 seconds
19.493: [GC [PSYoungGen: 48640K->6656K(48640K)] 95323K->53963K(159744K), 0.0023120 secs] [Times: user=0.02 sys=0.00, real=0.00 secs] 
19.496: Total time for which application threads were stopped: 0.0039720 seconds, Stopping threads took: 0.0015570 seconds
19.537: Application time: 0.0414820 seconds
19.539: [GC [PSYoungGen: 48640K->6272K(48640K)] 95947K->53579K(159744K), 0.0019510 secs] [Times: user=0.01 sys=0.00, real=0.00 secs] 
19.541: Total time for which application threads were stopped: 0.0036210 seconds, Stopping threads took: 0.0015780 seconds
19.580: Application time: 0.0398400 seconds
19.582: [GC [PSYoungGen: 48256K->6656K(48640K)] 95563K->54019K(159744K), 0.0020920 secs] [Times: user=0.02 sys=0.00, real=0.01 secs] 
19.584: Total time for which application threads were stopped: 0.0033090 seconds, Stopping threads took: 0.0011330 seconds
19.624: Application time: 0.0405660 seconds
19.626: [GC [PSYoungGen: 48640K->6656K(48640K)] 96003K->54491K(159744K), 0.0021840 secs] [Times: user=0.01 sys=0.00, real=0.00 secs] 
19.628: Total time for which application threads were stopped: 0.0040260 seconds, Stopping threads took: 0.0017590 seconds
19.669: Application time: 0.0402720 seconds
19.671: [GC [PSYoungGen: 48640K->6656K(48640K)] 96475K->55351K(159744K), 0.0022840 secs] [Times: user=0.02 sys=0.00, real=0.00 secs] 
19.674: Total time for which application threads were stopped: 0.0049210 seconds, Stopping threads took: 0.0025530 seconds
19.713: Application time: 0.0390660 seconds
19.714: [GC [PSYoungGen: 48640K->6656K(48640K)] 97335K->55659K(159744K), 0.0022170 secs] [Times: user=0.01 sys=0.00, real=0.00 secs] 
19.716: Total time for which application threads were stopped: 0.0036070 seconds, Stopping threads took: 0.0013090 seconds
19.757: Application time: 0.0406870 seconds
19.759: [GC [PSYoungGen: 48640K->5376K(48640K)] 97643K->54379K(159744K), 0.0016260 secs] [Times: user=0.01 sys=0.00, real=0.00 secs] 
19.761: Total time for which application threads were stopped: 0.0038120 seconds, Stopping threads took: 0.0020990 seconds
19.801: Application time: 0.0406520 seconds
19.803: [GC [PSYoungGen: 47360K->5376K(48640K)] 96363K->54379K(159744K), 0.0016460 secs] [Times: user=0.01 sys=0.00, real=0.00 secs] 
19.805: Total time for which application threads were stopped: 0.0036710 seconds, Stopping threads took: 0.0019450 seconds
19.845: Application time: 0.0398000 seconds
19.848: [GC [PSYoungGen: 47360K->6656K(48640K)] 96363K->55659K(159744K), 0.0020560 secs] [Times: user=0.01 sys=0.00, real=0.00 secs] 
19.850: Total time for which application threads were stopped: 0.0049150 seconds, Stopping threads took: 0.0027740 seconds
19.890: Application time: 0.0399200 seconds
19.893: [GC [PSYoungGen: 48640K->6656K(48640K)] 97643K->55907K(159744K), 0.0020920 secs] [Times: user=0.01 sys=0.00, real=0.00 secs] 
19.895: Total time for which application threads were stopped: 0.0050890 seconds, Stopping threads took: 0.0029150 seconds
19.935: Application time: 0.0403870 seconds
19.939: [GC [PSYoungGen: 48640K->6016K(48640K)] 97891K->55275K(159744K), 0.0018130 secs] [Times: user=0.01 sys=0.00, real=0.00 secs] 
19.941: Total time for which application threads were stopped: 0.0054400 seconds, Stopping threads took: 0.0035430 seconds
19.982: Application time: 0.0409420 seconds
19.983: [GC [PSYoungGen: 48000K->5792K(48640K)] 97259K->55051K(159744K), 0.0018200 secs] [Times: user=0.01 sys=0.00, real=0.00 secs] 
19.985: Total time for which application threads were stopped: 0.0036250 seconds, Stopping threads took: 0.0017040 seconds
20.026: Application time: 0.0409480 seconds
20.028: [GC [PSYoungGen: 47776K->5072K(48640K)] 97035K->54331K(159744K), 0.0016140 secs] [Times: user=0.01 sys=0.00, real=0.00 secs] 
20.030: Total time for which application threads were stopped: 0.0033560 seconds, Stopping threads took: 0.0016610 seconds
20.071: Application time: 0.0415150 seconds
20.073: [GC [PSYoungGen: 47056K->6496K(48640K)] 96315K->55755K(159744K), 0.0019520 secs] [Times: user=0.01 sys=0.00, real=0.00 secs] 
20.075: Total time for which application threads were stopped: 0.0038210 seconds, Stopping threads took: 0.0017910 seconds
20.115: Application time: 0.0404340 seconds
20.118: [GC [PSYoungGen: 48480K->6624K(48640K)] 97739K->56147K(159744K), 0.0020800 secs] [Times: user=0.01 sys=0.00, real=0.00 secs] 
20.120: Total time for which application threads were stopped: 0.0043830 seconds, Stopping threads took: 0.0022190 seconds
20.161: Application time: 0.0412640 seconds
20.162: [GC [PSYoungGen: 48608K->4960K(48640K)] 98131K->54483K(159744K), 0.0016530 secs] [Times: user=0.01 sys=0.00, real=0.01 secs] 
20.164: Total time for which application threads were stopped: 0.0027480 seconds, Stopping threads took: 0.0010190 seconds
20.205: Application time: 0.0409950 seconds
20.206: [GC [PSYoungGen: 46944K->5376K(48640K)] 96467K->54899K(159744K), 0.0016330 secs] [Times: user=0.01 sys=0.00, real=0.00 secs] 
20.208: Total time for which application threads were stopped: 0.0031930 seconds, Stopping threads took: 0.0014790 seconds
20.249: Application time: 0.0407900 seconds
20.251: [GC [PSYoungGen: 47360K->6304K(48640K)] 96883K->55827K(159744K), 0.0019170 secs] [Times: user=0.02 sys=0.00, real=0.01 secs] 
20.253: Total time for which application threads were stopped: 0.0043270 seconds, Stopping threads took: 0.0023300 seconds
20.293: Application time: 0.0402660 seconds
20.295: [GC [PSYoungGen: 48288K->6592K(48640K)] 97811K->56115K(159744K), 0.0020010 secs] [Times: user=0.01 sys=0.01, real=0.00 secs] 
20.297: Total time for which application threads were stopped: 0.0041570 seconds, Stopping threads took: 0.0020700 seconds
20.338: Application time: 0.0400770 seconds
20.339: [GC [PSYoungGen: 48576K->6656K(48640K)] 98099K->56635K(159744K), 0.0021560 secs] [Times: user=0.01 sys=0.00, real=0.00 secs] 
20.341: Total time for which application threads were stopped: 0.0039020 seconds, Stopping threads took: 0.0016610 seconds
20.382: Application time: 0.0404330 seconds
20.384: [GC [PSYoungGen: 48640K->6336K(48640K)] 98619K->56315K(159744K), 0.0018790 secs] [Times: user=0.01 sys=0.00, real=0.00 secs] 
20.386: Total time for which application threads were stopped: 0.0040060 seconds, Stopping threads took: 0.0020450 seconds
20.428: Application time: 0.0422750 seconds
20.428: [GC [PSYoungGen: 48320K->5104K(48640K)] 98299K->55091K(159744K), 0.0016260 secs] [Times: user=0.01 sys=0.00, real=0.00 secs] 
20.430: Total time for which application threads were stopped: 0.0020160 seconds, Stopping threads took: 0.0003120 seconds
20.472: Application time: 0.0414050 seconds
20.473: [GC [PSYoungGen: 47088K->6656K(48640K)] 97075K->57291K(159744K), 0.0022190 secs] [Times: user=0.01 sys=0.00, real=0.00 secs] 
20.475: Total time for which application threads were stopped: 0.0037790 seconds, Stopping threads took: 0.0014800 seconds
20.516: Application time: 0.0405300 seconds
20.517: [GC [PSYoungGen: 48640K->6640K(48640K)] 99275K->57299K(159744K), 0.0020500 secs] [Times: user=0.02 sys=0.00, real=0.00 secs] 
20.519: Total time for which application threads were stopped: 0.0029660 seconds, Stopping threads took: 0.0008340 seconds
20.559: Application time: 0.0405540 seconds
20.562: [GC [PSYoungGen: 48624K->5216K(48640K)] 99283K->55875K(159744K), 0.0015670 secs] [Times: user=0.01 sys=0.00, real=0.01 secs] 
20.564: Total time for which application threads were stopped: 0.0042460 seconds, Stopping threads took: 0.0025970 seconds
20.603: Application time: 0.0393580 seconds
20.605: [GC [PSYoungGen: 47200K->6656K(48640K)] 97859K->58299K(159744K), 0.0022470 secs] [Times: user=0.01 sys=0.00, real=0.00 secs] 
20.607: Total time for which application threads were stopped: 0.0041510 seconds, Stopping threads took: 0.0018150 seconds
20.647: Application time: 0.0397310 seconds
20.649: [GC [PSYoungGen: 48640K->6624K(48640K)] 100283K->58267K(159744K), 0.0020750 secs] [Times: user=0.01 sys=0.00, real=0.01 secs] 
20.652: Total time for which application threads were stopped: 0.0046950 seconds, Stopping threads took: 0.0025420 seconds
20.690: Application time: 0.0380580 seconds
20.692: [GC [PSYoungGen: 48608K->6560K(48640K)] 100251K->58203K(159744K), 0.0020070 secs] [Times: user=0.01 sys=0.01, real=0.00 secs] 
20.695: Total time for which application threads were stopped: 0.0048940 seconds, Stopping threads took: 0.0028040 seconds
20.733: Application time: 0.0388240 seconds
20.735: [GC [PSYoungGen: 48544K->6656K(48640K)] 100187K->59011K(159744K), 0.0022640 secs] [Times: user=0.01 sys=0.00, real=0.00 secs] 
20.737: Total time for which application threads were stopped: 0.0039560 seconds, Stopping threads took: 0.0016000 seconds
20.777: Application time: 0.0395570 seconds
20.780: [GC [PSYoungGen: 48640K->6640K(48640K)] 100995K->59027K(159744K), 0.0020940 secs] [Times: user=0.01 sys=0.00, real=0.00 secs] 
20.782: Total time for which application threads were stopped: 0.0048380 seconds, Stopping threads took: 0.0026630 seconds
20.821: Application time: 0.0391260 seconds
20.823: [GC [PSYoungGen: 48624K->6656K(48640K)] 101011K->59835K(159744K), 0.0023140 secs] [Times: user=0.02 sys=0.00, real=0.01 secs] 
20.825: Total time for which application threads were stopped: 0.0044700 seconds, Stopping threads took: 0.0020600 seconds
20.866: Application time: 0.0409970 seconds
20.868: [GC [PSYoungGen: 48640K->5152K(48640K)] 101819K->58331K(159744K), 0.0017050 secs] [Times: user=0.00 sys=0.00, real=0.00 secs] 
20.870: Total time for which application threads were stopped: 0.0032990 seconds, Stopping threads took: 0.0015110 seconds
20.910: Application time: 0.0400450 seconds
20.911: [GC [PSYoungGen: 47136K->5408K(48640K)] 100315K->58587K(159744K), 0.0018240 secs] [Times: user=0.01 sys=0.00, real=0.01 secs] 
20.912: Total time for which application threads were stopped: 0.0027200 seconds, Stopping threads took: 0.0007970 seconds
20.954: Application time: 0.0412120 seconds
20.955: [GC [PSYoungGen: 47392K->5856K(48640K)] 100571K->59043K(159744K), 0.0018020 secs] [Times: user=0.01 sys=0.00, real=0.00 secs] 
20.957: Total time for which application threads were stopped: 0.0033230 seconds, Stopping threads took: 0.0014400 seconds
20.997: Application time: 0.0398290 seconds
20.999: [GC [PSYoungGen: 47840K->6416K(48640K)] 101027K->59611K(159744K), 0.0020100 secs] [Times: user=0.01 sys=0.00, real=0.00 secs] 
21.001: Total time for which application threads were stopped: 0.0046850 seconds, Stopping threads took: 0.0025920 seconds
21.041: Application time: 0.0396770 seconds
21.043: [GC [PSYoungGen: 48400K->5376K(48640K)] 101595K->58579K(159744K), 0.0016480 secs] [Times: user=0.01 sys=0.00, real=0.01 secs] 
21.044: Total time for which application threads were stopped: 0.0033370 seconds, Stopping threads took: 0.0016070 seconds
21.085: Application time: 0.0410260 seconds
21.087: [GC [PSYoungGen: 47360K->4784K(48640K)] 100563K->57995K(159744K), 0.0015080 secs] [Times: user=0.01 sys=0.00, real=0.00 secs] 
21.089: Total time for which application threads were stopped: 0.0032320 seconds, Stopping threads took: 0.0016390 seconds
21.129: Application time: 0.0399650 seconds
21.131: [GC [PSYoungGen: 46768K->6576K(48640K)] 99979K->59787K(159744K), 0.0023290 secs] [Times: user=0.02 sys=0.00, real=0.01 secs] 
21.133: Total time for which application threads were stopped: 0.0043120 seconds, Stopping threads took: 0.0018980 seconds
21.174: Application time: 0.0408070 seconds
21.177: [GC [PSYoungGen: 48560K->5600K(48640K)] 101771K->58811K(159744K), 0.0019090 secs] [Times: user=0.01 sys=0.00, real=0.00 secs] 
21.179: Total time for which application threads were stopped: 0.0047500 seconds, Stopping threads took: 0.0027600 seconds
21.218: Application time: 0.0392980 seconds
21.220: [GC [PSYoungGen: 47584K->6448K(48640K)] 100795K->59659K(159744K), 0.0022340 secs] [Times: user=0.01 sys=0.00, real=0.00 secs] 
21.222: Total time for which application threads were stopped: 0.0043440 seconds, Stopping threads took: 0.0020060 seconds
21.260: Application time: 0.0375130 seconds
21.262: [GC [PSYoungGen: 48432K->6448K(48640K)] 101643K->59659K(159744K), 0.0018910 secs] [Times: user=0.01 sys=0.00, real=0.01 secs] 
21.264: Total time for which application threads were stopped: 0.0046650 seconds, Stopping threads took: 0.0026980 seconds
21.302: Application time: 0.0377430 seconds
21.304: [GC [PSYoungGen: 48432K->6624K(48640K)] 101643K->61055K(159744K), 0.0023000 secs] [Times: user=0.01 sys=0.00, real=0.00 secs] 
21.307: Total time for which application threads were stopped: 0.0044040 seconds, Stopping threads took: 0.0020220 seconds
21.344: Application time: 0.0378860 seconds
21.346: [GC [PSYoungGen: 48608K->6112K(48640K)] 103039K->60543K(159744K), 0.0018640 secs] [Times: user=0.01 sys=0.00, real=0.00 secs] 
21.348: Total time for which application threads were stopped: 0.0032480 seconds, Stopping threads took: 0.0013020 seconds
21.386: Application time: 0.0384460 seconds
21.388: [GC [PSYoungGen: 48096K->6512K(48640K)] 102527K->60943K(159744K), 0.0020550 secs] [Times: user=0.02 sys=0.00, real=0.00 secs] 
21.390: Total time for which application threads were stopped: 0.0036600 seconds, Stopping threads took: 0.0015290 seconds
21.428: Application time: 0.0384620 seconds
21.430: [GC [PSYoungGen: 48496K->6640K(48640K)] 102927K->62163K(159744K), 0.0022920 secs] [Times: user=0.02 sys=0.00, real=0.01 secs] 
21.432: Total time for which application threads were stopped: 0.0038380 seconds, Stopping threads took: 0.0014660 seconds
21.470: Application time: 0.0378110 seconds
21.472: [GC [PSYoungGen: 48624K->6640K(48640K)] 104147K->62635K(159744K), 0.0020860 secs] [Times: user=0.01 sys=0.00, real=0.00 secs] 
21.474: Total time for which application threads were stopped: 0.0038240 seconds, Stopping threads took: 0.0016610 seconds
21.513: Application time: 0.0387770 seconds
21.514: [GC [PSYoungGen: 48624K->6016K(48640K)] 104619K->62027K(159744K), 0.0017700 secs] [Times: user=0.01 sys=0.00, real=0.00 secs] 
21.516: Total time for which application threads were stopped: 0.0029860 seconds, Stopping threads took: 0.0011390 seconds
21.554: Application time: 0.0389550 seconds
21.557: [GC [PSYoungGen: 48000K->6656K(48640K)] 104011K->63907K(159744K), 0.0024040 secs] [Times: user=0.02 sys=0.00, real=0.00 secs] 
21.559: Total time for which application threads were stopped: 0.0046280 seconds, Stopping threads took: 0.0021430 seconds
21.597: Application time: 0.0378050 seconds
21.598: [GC [PSYoungGen: 48640K->6208K(48640K)] 105891K->63459K(159744K), 0.0018630 secs] [Times: user=0.01 sys=0.00, real=0.00 secs] 
21.600: Total time for which application threads were stopped: 0.0034460 seconds, Stopping threads took: 0.0014930 seconds
21.637: Application time: 0.0371400 seconds
21.640: [GC [PSYoungGen: 48192K->5280K(48640K)] 105443K->62531K(159744K), 0.0015820 secs] [Times: user=0.01 sys=0.00, real=0.00 secs] 
21.642: Total time for which application threads were stopped: 0.0045320 seconds, Stopping threads took: 0.0028760 seconds
21.680: Application time: 0.0378850 seconds
21.682: [GC [PSYoungGen: 47264K->6656K(48640K)] 104515K->63923K(159744K), 0.0019610 secs] [Times: user=0.02 sys=0.00, real=0.01 secs] 
21.684: Total time for which application threads were stopped: 0.0042150 seconds, Stopping threads took: 0.0021760 seconds
21.721: Application time: 0.0367300 seconds
21.722: [GC [PSYoungGen: 48640K->6656K(48640K)] 105907K->64667K(159744K), 0.0023620 secs] [Times: user=0.02 sys=0.00, real=0.01 secs] 
21.724: Total time for which application threads were stopped: 0.0034680 seconds, Stopping threads took: 0.0010230 seconds
21.761: Application time: 0.0371480 seconds
21.763: [GC [PSYoungGen: 48640K->6656K(48640K)] 106651K->64995K(159744K), 0.0020610 secs] [Times: user=0.02 sys=0.00, real=0.00 secs] 
21.765: Total time for which application threads were stopped: 0.0039560 seconds, Stopping threads took: 0.0018150 seconds
21.803: Application time: 0.0373130 seconds
21.805: [GC [PSYoungGen: 48640K->6432K(48640K)] 106979K->64771K(159744K), 0.0018710 secs] [Times: user=0.01 sys=0.00, real=0.00 secs] 
21.807: Total time for which application threads were stopped: 0.0037990 seconds, Stopping threads took: 0.0018500 seconds
21.843: Application time: 0.0369030 seconds
21.846: [GC [PSYoungGen: 48416K->5728K(48640K)] 106755K->64067K(159744K), 0.0017060 secs] [Times: user=0.01 sys=0.00, real=0.00 secs] 
21.847: Total time for which application threads were stopped: 0.0038600 seconds, Stopping threads took: 0.0020710 seconds
21.884: Application time: 0.0364530 seconds
21.886: [GC [PSYoungGen: 47712K->6656K(48640K)] 106051K->65811K(159744K), 0.0022280 secs] [Times: user=0.02 sys=0.00, real=0.00 secs] 
21.888: Total time for which application threads were stopped: 0.0040370 seconds, Stopping threads took: 0.0017310 seconds
21.926: Application time: 0.0380480 seconds
21.927: [GC [PSYoungGen: 48640K->6656K(48640K)] 107795K->66203K(159744K), 0.0021220 secs] [Times: user=0.02 sys=0.00, real=0.00 secs] 
21.929: Total time for which application threads were stopped: 0.0035720 seconds, Stopping threads took: 0.0013690 seconds
21.969: Application time: 0.0391930 seconds
21.970: [GC [PSYoungGen: 48640K->6656K(48640K)] 108187K->66931K(159744K), 0.0023760 secs] [Times: user=0.01 sys=0.00, real=0.01 secs] 
21.972: Total time for which application threads were stopped: 0.0033830 seconds, Stopping threads took: 0.0009220 seconds
22.010: Application time: 0.0382230 seconds
22.012: [GC [PSYoungGen: 48640K->6640K(48640K)] 108915K->67035K(159744K), 0.0020730 secs] [Times: user=0.02 sys=0.00, real=0.00 secs] 
22.014: Total time for which application threads were stopped: 0.0039340 seconds, Stopping threads took: 0.0017800 seconds
22.052: Application time: 0.0382580 seconds
22.054: [GC [PSYoungGen: 48624K->6336K(48640K)] 109019K->66739K(159744K), 0.0019580 secs] [Times: user=0.02 sys=0.00, real=0.00 secs] 
22.056: Total time for which application threads were stopped: 0.0033340 seconds, Stopping threads took: 0.0013010 seconds
22.094: Application time: 0.0380340 seconds
22.095: [GC [PSYoungGen: 48320K->6624K(48640K)] 108723K->68156K(159744K), 0.0022710 secs] [Times: user=0.01 sys=0.00, real=0.00 secs] 
22.098: Total time for which application threads were stopped: 0.0039620 seconds, Stopping threads took: 0.0016090 seconds
22.133: Application time: 0.0351070 seconds
22.135: [GC [PSYoungGen: 48607K->6656K(48640K)] 110139K->69540K(159744K), 0.0023930 secs] [Times: user=0.02 sys=0.00, real=0.00 secs] 
22.137: Total time for which application threads were stopped: 0.0044940 seconds, Stopping threads took: 0.0020070 seconds
22.176: Application time: 0.0383590 seconds
22.178: [GC [PSYoungGen: 48640K->5920K(48640K)] 111524K->68804K(159744K), 0.0019140 secs] [Times: user=0.01 sys=0.00, real=0.00 secs] 
22.180: Total time for which application threads were stopped: 0.0038580 seconds, Stopping threads took: 0.0018630 seconds
22.218: Application time: 0.0381480 seconds
22.220: [GC [PSYoungGen: 47904K->5856K(48640K)] 110788K->68740K(159744K), 0.0017400 secs] [Times: user=0.01 sys=0.00, real=0.00 secs] 
22.221: Total time for which application threads were stopped: 0.0035600 seconds, Stopping threads took: 0.0017430 seconds
22.260: Application time: 0.0382100 seconds
22.261: [GC [PSYoungGen: 47840K->5280K(48640K)] 110724K->68164K(159744K), 0.0016210 secs] [Times: user=0.01 sys=0.00, real=0.00 secs] 
22.263: Total time for which application threads were stopped: 0.0030020 seconds, Stopping threads took: 0.0013070 seconds
22.301: Application time: 0.0379930 seconds
22.303: [GC [PSYoungGen: 47264K->6656K(48640K)] 110148K->69964K(159744K), 0.0021790 secs] [Times: user=0.01 sys=0.00, real=0.00 secs] 
22.305: Total time for which application threads were stopped: 0.0048340 seconds, Stopping threads took: 0.0025660 seconds
22.343: Application time: 0.0379250 seconds
22.344: [GC [PSYoungGen: 48640K->6016K(48640K)] 111948K->69324K(159744K), 0.0018630 secs] [Times: user=0.01 sys=0.00, real=0.00 secs] 
22.346: Total time for which application threads were stopped: 0.0030790 seconds, Stopping threads took: 0.0011370 seconds
22.384: Application time: 0.0380840 seconds
22.386: [GC [PSYoungGen: 47999K->5568K(48640K)] 111307K->68876K(159744K), 0.0016650 secs] [Times: user=0.01 sys=0.00, real=0.00 secs] 
22.388: Total time for which application threads were stopped: 0.0036240 seconds, Stopping threads took: 0.0018800 seconds
22.425: Application time: 0.0372100 seconds
22.427: [GC [PSYoungGen: 47552K->5856K(48640K)] 110860K->69164K(159744K), 0.0018390 secs] [Times: user=0.02 sys=0.00, real=0.00 secs] 
22.429: Total time for which application threads were stopped: 0.0035240 seconds, Stopping threads took: 0.0015970 seconds
22.465: Application time: 0.0365660 seconds
22.467: [GC [PSYoungGen: 47840K->6544K(48640K)] 111148K->69852K(159744K), 0.0020280 secs] [Times: user=0.01 sys=0.00, real=0.00 secs] 
22.469: Total time for which application threads were stopped: 0.0036900 seconds, Stopping threads took: 0.0015810 seconds
22.506: Application time: 0.0367430 seconds
22.508: [GC [PSYoungGen: 48528K->6656K(48640K)] 111836K->70700K(159744K), 0.0023170 secs] [Times: user=0.02 sys=0.00, real=0.00 secs] 
22.511: Total time for which application threads were stopped: 0.0048720 seconds, Stopping threads took: 0.0024510 seconds
22.546: Application time: 0.0353660 seconds
22.548: [GC [PSYoungGen: 48640K->6624K(48640K)] 112684K->71668K(159744K), 0.0023150 secs] [Times: user=0.01 sys=0.00, real=0.00 secs] 
22.550: Total time for which application threads were stopped: 0.0039800 seconds, Stopping threads took: 0.0015830 seconds
22.587: Application time: 0.0373110 seconds
22.589: [GC [PSYoungGen: 48607K->6112K(48640K)] 113651K->71156K(159744K), 0.0018500 secs] [Times: user=0.01 sys=0.00, real=0.01 secs] 
22.591: Total time for which application threads were stopped: 0.0040040 seconds, Stopping threads took: 0.0020680 seconds
22.630: Application time: 0.0382860 seconds
22.630: [GC [PSYoungGen: 48096K->6656K(48640K)] 113140K->71844K(159744K), 0.0022220 secs] [Times: user=0.02 sys=0.00, real=0.01 secs] 
22.633: Total time for which application threads were stopped: 0.0029530 seconds, Stopping threads took: 0.0006510 seconds
22.670: Application time: 0.0373760 seconds
22.673: [GC [PSYoungGen: 48640K->6656K(48640K)] 113828K->71860K(159744K), 0.0021340 secs] [Times: user=0.01 sys=0.00, real=0.00 secs] 
22.675: Total time for which application threads were stopped: 0.0050240 seconds, Stopping threads took: 0.0028010 seconds
22.713: Application time: 0.0380510 seconds
22.716: [GC [PSYoungGen: 48640K->6656K(48640K)] 113844K->72352K(159744K), 0.0022240 secs] [Times: user=0.01 sys=0.01, real=0.00 secs] 
22.718: Total time for which application threads were stopped: 0.0050480 seconds, Stopping threads took: 0.0027470 seconds
22.754: Application time: 0.0362290 seconds
22.756: [GC [PSYoungGen: 48640K->6656K(48640K)] 114336K->72960K(159744K), 0.0023180 secs] [Times: user=0.01 sys=0.00, real=0.00 secs] 
22.758: Total time for which application threads were stopped: 0.0039880 seconds, Stopping threads took: 0.0015920 seconds
22.796: Application time: 0.0374860 seconds
22.797: [GC [PSYoungGen: 48640K->6656K(48640K)] 114944K->73920K(159744K), 0.0041180 secs] [Times: user=0.02 sys=0.01, real=0.00 secs] 
22.801: Total time for which application threads were stopped: 0.0055980 seconds, Stopping threads took: 0.0014000 seconds
22.840: Application time: 0.0381980 seconds
22.841: [GC [PSYoungGen: 48640K->5872K(48640K)] 115904K->73136K(159744K), 0.0017460 secs] [Times: user=0.01 sys=0.00, real=0.00 secs] 
22.843: Total time for which application threads were stopped: 0.0034200 seconds, Stopping threads took: 0.0015750 seconds
22.880: Application time: 0.0367920 seconds
22.882: [GC [PSYoungGen: 47855K->6640K(48640K)] 115119K->75452K(159744K), 0.0024540 secs] [Times: user=0.02 sys=0.00, real=0.01 secs] 
22.884: Total time for which application threads were stopped: 0.0044090 seconds, Stopping threads took: 0.0018750 seconds
22.923: Application time: 0.0382950 seconds
22.925: [GC [PSYoungGen: 48624K->6640K(48640K)] 117436K->75628K(159744K), 0.0020760 secs] [Times: user=0.02 sys=0.00, real=0.00 secs] 
22.927: Total time for which application threads were stopped: 0.0047740 seconds, Stopping threads took: 0.0026200 seconds
22.965: Application time: 0.0377260 seconds
22.967: [GC [PSYoungGen: 48624K->6656K(48640K)] 117612K->76180K(159744K), 0.0022470 secs] [Times: user=0.01 sys=0.00, real=0.00 secs] 
22.970: Total time for which application threads were stopped: 0.0047070 seconds, Stopping threads took: 0.0023750 seconds
23.008: Application time: 0.0387270 seconds
23.011: [GC [PSYoungGen: 48640K->6464K(48640K)] 118164K->75988K(159744K), 0.0019820 secs] [Times: user=0.02 sys=0.00, real=0.01 secs] 
23.013: Total time for which application threads were stopped: 0.0041710 seconds, Stopping threads took: 0.0021060 seconds
23.050: Application time: 0.0377780 seconds
23.052: [GC [PSYoungGen: 48448K->6352K(48640K)] 117972K->75892K(159744K), 0.0019170 secs] [Times: user=0.01 sys=0.00, real=0.00 secs] 
23.054: Total time for which application threads were stopped: 0.0034680 seconds, Stopping threads took: 0.0014770 seconds
23.093: Application time: 0.0387440 seconds
23.095: [GC [PSYoungGen: 48336K->6656K(48640K)] 117876K->76300K(159744K), 0.0021870 secs] [Times: user=0.01 sys=0.00, real=0.00 secs] 
23.097: Total time for which application threads were stopped: 0.0041240 seconds, Stopping threads took: 0.0018470 seconds
23.134: Application time: 0.0372830 seconds
23.136: [GC [PSYoungGen: 48640K->6656K(48640K)] 118284K->76476K(159744K), 0.0021050 secs] [Times: user=0.02 sys=0.00, real=0.00 secs] 
23.138: Total time for which application threads were stopped: 0.0035810 seconds, Stopping threads took: 0.0013760 seconds
23.174: Application time: 0.0366070 seconds
23.176: [GC [PSYoungGen: 48640K->6640K(48640K)] 118460K->77972K(159744K), 0.0026590 secs] [Times: user=0.01 sys=0.00, real=0.00 secs] 
23.179: Total time for which application threads were stopped: 0.0045400 seconds, Stopping threads took: 0.0017850 seconds
23.217: Application time: 0.0384970 seconds
23.220: [GC [PSYoungGen: 48624K->6608K(48640K)] 119956K->77940K(159744K), 0.0022010 secs] [Times: user=0.01 sys=0.00, real=0.00 secs] 
23.222: Total time for which application threads were stopped: 0.0046610 seconds, Stopping threads took: 0.0023590 seconds
23.259: Application time: 0.0367140 seconds
23.260: [GC [PSYoungGen: 48592K->6656K(48640K)] 119924K->78188K(159744K), 0.0022730 secs] [Times: user=0.01 sys=0.00, real=0.00 secs] 
23.263: Total time for which application threads were stopped: 0.0041140 seconds, Stopping threads took: 0.0017350 seconds
23.300: Application time: 0.0374600 seconds
23.302: [GC [PSYoungGen: 48640K->6224K(48640K)] 120172K->77756K(159744K), 0.0020310 secs] [Times: user=0.02 sys=0.00, real=0.01 secs] 
23.304: Total time for which application threads were stopped: 0.0034420 seconds, Stopping threads took: 0.0013260 seconds
23.341: Application time: 0.0376890 seconds
23.343: [GC [PSYoungGen: 48208K->6240K(48640K)] 119740K->77772K(159744K), 0.0023330 secs] [Times: user=0.01 sys=0.00, real=0.00 secs] 
23.346: Total time for which application threads were stopped: 0.0044070 seconds, Stopping threads took: 0.0019970 seconds
23.382: Application time: 0.0365620 seconds
23.385: [GC [PSYoungGen: 48224K->6640K(48640K)] 119756K->79092K(159744K), 0.0023250 secs] [Times: user=0.02 sys=0.00, real=0.00 secs] 
23.388: Total time for which application threads were stopped: 0.0054200 seconds, Stopping threads took: 0.0030160 seconds
23.426: Application time: 0.0379960 seconds
23.428: [GC [PSYoungGen: 48624K->6656K(48640K)] 121076K->79812K(159744K), 0.0022770 secs] [Times: user=0.02 sys=0.01, real=0.00 secs] 
23.431: Total time for which application threads were stopped: 0.0048710 seconds, Stopping threads took: 0.0025120 seconds
23.469: Application time: 0.0383840 seconds
23.471: [GC [PSYoungGen: 48640K->5520K(48640K)] 121796K->78676K(159744K), 0.0017420 secs] [Times: user=0.01 sys=0.00, real=0.01 secs] 
23.473: Total time for which application threads were stopped: 0.0037450 seconds, Stopping threads took: 0.0019230 seconds
23.509: Application time: 0.0361060 seconds
23.510: [GC [PSYoungGen: 47504K->6624K(48640K)] 120660K->80212K(159744K), 0.0022120 secs] [Times: user=0.01 sys=0.00, real=0.01 secs] 
23.513: Total time for which application threads were stopped: 0.0038170 seconds, Stopping threads took: 0.0015250 seconds
23.550: Application time: 0.0367730 seconds
23.552: [GC [PSYoungGen: 48608K->6656K(48640K)] 122196K->81404K(159744K), 0.0024550 secs] [Times: user=0.01 sys=0.00, real=0.00 secs] 
23.554: Total time for which application threads were stopped: 0.0049220 seconds, Stopping threads took: 0.0023620 seconds
23.592: Application time: 0.0375430 seconds
23.593: [GC [PSYoungGen: 48640K->6656K(48640K)] 123388K->82908K(159744K), 0.0024700 secs] [Times: user=0.01 sys=0.01, real=0.00 secs] 
23.596: Total time for which application threads were stopped: 0.0037250 seconds, Stopping threads took: 0.0011700 seconds
23.634: Application time: 0.0386820 seconds
23.637: [GC [PSYoungGen: 48640K->6656K(48640K)] 124892K->82940K(159744K), 0.0024490 secs] [Times: user=0.02 sys=0.00, real=0.00 secs] 
23.640: Total time for which application threads were stopped: 0.0053560 seconds, Stopping threads took: 0.0028330 seconds
23.676: Application time: 0.0367140 seconds
23.678: [GC [PSYoungGen: 48640K->6656K(48640K)] 124924K->84272K(159744K), 0.0026960 secs] [Times: user=0.02 sys=0.00, real=0.00 secs] 
23.681: Total time for which application threads were stopped: 0.0046470 seconds, Stopping threads took: 0.0018340 seconds
23.717: Application time: 0.0357460 seconds
23.719: [GC [PSYoungGen: 48640K->6656K(48640K)] 126256K->84960K(159744K), 0.0022390 secs] [Times: user=0.02 sys=0.00, real=0.00 secs] 
23.721: Total time for which application threads were stopped: 0.0045710 seconds, Stopping threads took: 0.0022440 seconds
23.759: Application time: 0.0373080 seconds
23.760: [GC [PSYoungGen: 48640K->6624K(48640K)] 126944K->86064K(159744K), 0.0022990 secs] [Times: user=0.02 sys=0.00, real=0.00 secs] 
23.763: Total time for which application threads were stopped: 0.0037870 seconds, Stopping threads took: 0.0014070 seconds
23.800: Application time: 0.0378540 seconds
23.802: [GC [PSYoungGen: 48608K->6128K(48640K)] 128048K->85568K(159744K), 0.0020280 secs] [Times: user=0.02 sys=0.00, real=0.01 secs] 
23.804: Total time for which application threads were stopped: 0.0035720 seconds, Stopping threads took: 0.0014700 seconds
23.842: Application time: 0.0377640 seconds
23.843: [GC [PSYoungGen: 48112K->6528K(48640K)] 127552K->85968K(159744K), 0.0020080 secs] [Times: user=0.01 sys=0.00, real=0.00 secs] 
23.845: Total time for which application threads were stopped: 0.0034960 seconds, Stopping threads took: 0.0014120 seconds
23.883: Application time: 0.0374490 seconds
23.885: [GC [PSYoungGen: 48512K->6656K(48640K)] 127952K->86712K(159744K), 0.0021530 secs] [Times: user=0.02 sys=0.00, real=0.00 secs] 
23.887: Total time for which application threads were stopped: 0.0046870 seconds, Stopping threads took: 0.0024520 seconds
23.925: Application time: 0.0378090 seconds
23.927: [GC [PSYoungGen: 48640K->6624K(48640K)] 128696K->87568K(159744K), 0.0022780 secs] [Times: user=0.02 sys=0.00, real=0.00 secs] 
23.929: Total time for which application threads were stopped: 0.0037390 seconds, Stopping threads took: 0.0013780 seconds
23.966: Application time: 0.0368450 seconds
23.969: [GC [PSYoungGen: 48607K->6624K(48640K)] 129551K->88128K(159744K), 0.0022810 secs] [Times: user=0.02 sys=0.00, real=0.00 secs] 
23.971: Total time for which application threads were stopped: 0.0053340 seconds, Stopping threads took: 0.0029540 seconds
24.008: Application time: 0.0366100 seconds
24.010: [GC [PSYoungGen: 48608K->6640K(48640K)] 130112K->89692K(159744K), 0.0026550 secs] [Times: user=0.01 sys=0.00, real=0.01 secs] 
24.013: Total time for which application threads were stopped: 0.0048220 seconds, Stopping threads took: 0.0020830 seconds
24.050: Application time: 0.0371390 seconds
24.051: [GC [PSYoungGen: 48624K->6560K(48640K)] 131676K->89620K(159744K), 0.0020750 secs] [Times: user=0.01 sys=0.00, real=0.00 secs] 
24.054: Total time for which application threads were stopped: 0.0038510 seconds, Stopping threads took: 0.0016790 seconds
24.090: Application time: 0.0363530 seconds
24.092: [GC [PSYoungGen: 48544K->6656K(48640K)] 131604K->89732K(159744K), 0.0020820 secs] [Times: user=0.01 sys=0.00, real=0.00 secs] 
24.094: Total time for which application threads were stopped: 0.0037590 seconds, Stopping threads took: 0.0015970 seconds
24.132: Application time: 0.0381610 seconds
24.133: [GC [PSYoungGen: 48640K->6656K(48640K)] 131716K->90432K(159744K), 0.0022550 secs] [Times: user=0.00 sys=0.01, real=0.00 secs] 
24.135: Total time for which application threads were stopped: 0.0036490 seconds, Stopping threads took: 0.0013130 seconds
24.171: Application time: 0.0358950 seconds
24.174: [GC [PSYoungGen: 48640K->6656K(48640K)] 132416K->90608K(159744K), 0.0020270 secs] [Times: user=0.01 sys=0.00, real=0.00 secs] 
24.176: Total time for which application threads were stopped: 0.0047660 seconds, Stopping threads took: 0.0026580 seconds
24.212: Application time: 0.0357100 seconds
24.214: [GC [PSYoungGen: 48640K->6656K(48640K)] 132592K->92080K(159744K), 0.0023960 secs] [Times: user=0.02 sys=0.00, real=0.00 secs] 
24.217: Total time for which application threads were stopped: 0.0048740 seconds, Stopping threads took: 0.0023860 seconds
24.255: Application time: 0.0378070 seconds
24.257: [GC [PSYoungGen: 48640K->6496K(48640K)] 134064K->91920K(159744K), 0.0020570 secs] [Times: user=0.01 sys=0.00, real=0.00 secs] 
24.259: Total time for which application threads were stopped: 0.0045670 seconds, Stopping threads took: 0.0024300 seconds
24.298: Application time: 0.0387120 seconds
24.301: [GC [PSYoungGen: 48480K->6656K(48640K)] 133904K->92288K(159744K), 0.0021740 secs] [Times: user=0.01 sys=0.00, real=0.00 secs] 
24.303: Total time for which application threads were stopped: 0.0053100 seconds, Stopping threads took: 0.0030520 seconds
24.340: Application time: 0.0366190 seconds
24.342: [GC [PSYoungGen: 48640K->6640K(48640K)] 134272K->93776K(159744K), 0.0025590 secs] [Times: user=0.02 sys=0.00, real=0.01 secs] 
24.345: Total time for which application threads were stopped: 0.0047880 seconds, Stopping threads took: 0.0021480 seconds
24.381: Application time: 0.0361560 seconds
24.383: [GC [PSYoungGen: 48624K->6640K(48640K)] 135760K->94764K(159744K), 0.0023900 secs] [Times: user=0.02 sys=0.00, real=0.01 secs] 
24.385: Total time for which application threads were stopped: 0.0043230 seconds, Stopping threads took: 0.0018480 seconds
24.423: Application time: 0.0382310 seconds
24.426: [GC [PSYoungGen: 48624K->6624K(48640K)] 136748K->95060K(159744K), 0.0021280 secs] [Times: user=0.02 sys=0.00, real=0.00 secs] 
24.428: Total time for which application threads were stopped: 0.0045500 seconds, Stopping threads took: 0.0023430 seconds
24.465: Application time: 0.0367960 seconds
24.466: [GC [PSYoungGen: 48608K->6640K(48640K)] 137044K->95724K(159744K), 0.0023030 secs] [Times: user=0.02 sys=0.00, real=0.00 secs] 
24.468: Total time for which application threads were stopped: 0.0033880 seconds, Stopping threads took: 0.0010050 seconds
24.506: Application time: 0.0376690 seconds
24.507: [GC [PSYoungGen: 48624K->4432K(48640K)] 137708K->93516K(159744K), 0.0013600 secs] [Times: user=0.01 sys=0.00, real=0.00 secs] 
24.509: Total time for which application threads were stopped: 0.0031530 seconds, Stopping threads took: 0.0017190 seconds
24.547: Application time: 0.0377810 seconds
24.549: [GC [PSYoungGen: 46416K->6240K(48640K)] 135500K->95324K(159744K), 0.0019210 secs] [Times: user=0.01 sys=0.00, real=0.01 secs] 
24.551: Total time for which application threads were stopped: 0.0048550 seconds, Stopping threads took: 0.0028540 seconds
24.588: Application time: 0.0369890 seconds
24.592: [GC [PSYoungGen: 48224K->6624K(48640K)] 137308K->95948K(159744K), 0.0022520 secs] [Times: user=0.01 sys=0.01, real=0.00 secs] 
24.595: Total time for which application threads were stopped: 0.0060860 seconds, Stopping threads took: 0.0037520 seconds
24.631: Application time: 0.0359900 seconds
24.632: [GC [PSYoungGen: 48608K->6656K(48640K)] 137932K->96388K(159744K), 0.0022490 secs] [Times: user=0.01 sys=0.00, real=0.00 secs] 
24.635: Total time for which application threads were stopped: 0.0039940 seconds, Stopping threads took: 0.0016660 seconds
24.671: Application time: 0.0364980 seconds
24.673: [GC [PSYoungGen: 48640K->6656K(48640K)] 138372K->96644K(159744K), 0.0021130 secs] [Times: user=0.02 sys=0.00, real=0.00 secs] 
24.675: Total time for which application threads were stopped: 0.0038050 seconds, Stopping threads took: 0.0016110 seconds
24.712: Application time: 0.0375850 seconds
24.715: [GC [PSYoungGen: 48640K->6640K(48640K)] 138628K->97772K(159744K), 0.0023120 secs] [Times: user=0.01 sys=0.00, real=0.00 secs] 
24.717: Total time for which application threads were stopped: 0.0048290 seconds, Stopping threads took: 0.0024340 seconds
24.754: Application time: 0.0370490 seconds
24.756: [GC [PSYoungGen: 48624K->6640K(48640K)] 139756K->98132K(159744K), 0.0021210 secs] [Times: user=0.01 sys=0.00, real=0.00 secs] 
24.758: Total time for which application threads were stopped: 0.0038600 seconds, Stopping threads took: 0.0016520 seconds
24.796: Application time: 0.0380440 seconds
24.798: [GC [PSYoungGen: 48624K->6656K(48640K)] 140116K->98968K(159744K), 0.0044770 secs] [Times: user=0.03 sys=0.00, real=0.00 secs] 
24.803: Total time for which application threads were stopped: 0.0067020 seconds, Stopping threads took: 0.0021360 seconds
24.840: Application time: 0.0367670 seconds
24.841: [GC [PSYoungGen: 48640K->6640K(48640K)] 140952K->99656K(159744K), 0.0022280 secs] [Times: user=0.02 sys=0.00, real=0.00 secs] 
24.843: Total time for which application threads were stopped: 0.0034770 seconds, Stopping threads took: 0.0011570 seconds
24.881: Application time: 0.0383060 seconds
24.883: [GC [PSYoungGen: 48624K->6400K(48640K)] 141640K->99416K(159744K), 0.0019820 secs] [Times: user=0.01 sys=0.00, real=0.01 secs] 
24.885: Total time for which application threads were stopped: 0.0035960 seconds, Stopping threads took: 0.0015370 seconds
24.924: Application time: 0.0387610 seconds
24.925: [GC [PSYoungGen: 48384K->5856K(48640K)] 141400K->98872K(159744K), 0.0018680 secs] [Times: user=0.00 sys=0.01, real=0.00 secs] 
24.927: Total time for which application threads were stopped: 0.0033450 seconds, Stopping threads took: 0.0013920 seconds
24.965: Application time: 0.0383050 seconds
24.966: [GC [PSYoungGen: 47839K->5280K(48640K)] 140856K->98296K(159744K), 0.0016720 secs] [Times: user=0.01 sys=0.00, real=0.00 secs] 
24.968: Total time for which application threads were stopped: 0.0027100 seconds, Stopping threads took: 0.0009640 seconds
25.007: Application time: 0.0385840 seconds
25.008: [GC [PSYoungGen: 47264K->5792K(48640K)] 140280K->98808K(159744K), 0.0019100 secs] [Times: user=0.01 sys=0.00, real=0.00 secs] 
25.010: Total time for which application threads were stopped: 0.0036530 seconds, Stopping threads took: 0.0016640 seconds
25.048: Application time: 0.0379300 seconds
25.050: [GC [PSYoungGen: 47776K->5568K(48640K)] 140792K->98584K(159744K), 0.0018080 secs] [Times: user=0.01 sys=0.00, real=0.01 secs] 
25.052: Total time for which application threads were stopped: 0.0034440 seconds, Stopping threads took: 0.0015630 seconds
25.089: Application time: 0.0373450 seconds
25.092: [GC [PSYoungGen: 47552K->6656K(48640K)] 140568K->100920K(159744K), 0.0023320 secs] [Times: user=0.01 sys=0.00, real=0.00 secs] 
25.094: Total time for which application threads were stopped: 0.0050880 seconds, Stopping threads took: 0.0026700 seconds
25.132: Application time: 0.0379140 seconds
25.133: [GC [PSYoungGen: 48640K->6640K(48640K)] 142904K->101640K(159744K), 0.0024560 secs] [Times: user=0.01 sys=0.00, real=0.00 secs] 
25.136: Total time for which application threads were stopped: 0.0037720 seconds, Stopping threads took: 0.0012330 seconds
25.172: Application time: 0.0361120 seconds
25.174: [GC [PSYoungGen: 48624K->6656K(48640K)] 143624K->102840K(159744K), 0.0024330 secs] [Times: user=0.02 sys=0.00, real=0.00 secs] 
25.177: Total time for which application threads were stopped: 0.0045590 seconds, Stopping threads took: 0.0020420 seconds
25.214: Application time: 0.0373530 seconds
25.216: [GC [PSYoungGen: 48640K->6432K(48640K)] 144824K->102616K(159744K), 0.0020270 secs] [Times: user=0.01 sys=0.00, real=0.00 secs] 
25.218: Total time for which application threads were stopped: 0.0036790 seconds, Stopping threads took: 0.0015520 seconds
25.257: Application time: 0.0392410 seconds
25.260: [GC [PSYoungGen: 48416K->6656K(48640K)] 144600K->103008K(159744K), 0.0021360 secs] [Times: user=0.02 sys=0.00, real=0.00 secs] 
25.262: Total time for which application threads were stopped: 0.0049590 seconds, Stopping threads took: 0.0027330 seconds
25.303: Application time: 0.0411390 seconds
25.306: [GC [PSYoungGen: 48640K->6304K(48640K)] 144992K->102656K(159744K), 0.0020010 secs] [Times: user=0.01 sys=0.00, real=0.00 secs] 
25.308: Total time for which application threads were stopped: 0.0046310 seconds, Stopping threads took: 0.0025480 seconds
25.349: Application time: 0.0409810 seconds
25.351: [GC [PSYoungGen: 48288K->6608K(48640K)] 144640K->102960K(159744K), 0.0020430 secs] [Times: user=0.01 sys=0.00, real=0.00 secs] 
25.354: Total time for which application threads were stopped: 0.0049330 seconds, Stopping threads took: 0.0028040 seconds
25.393: Application time: 0.0396880 seconds
25.395: [GC [PSYoungGen: 48592K->6624K(48640K)] 144944K->103272K(159744K), 0.0021370 secs] [Times: user=0.02 sys=0.00, real=0.00 secs] 
25.397: Total time for which application threads were stopped: 0.0041320 seconds, Stopping threads took: 0.0019150 seconds
25.437: Application time: 0.0393510 seconds
25.439: [GC [PSYoungGen: 48608K->6656K(48640K)] 145256K->104929K(159744K), 0.0025050 secs] [Times: user=0.02 sys=0.00, real=0.00 secs] 
25.442: Total time for which application threads were stopped: 0.0052140 seconds, Stopping threads took: 0.0026230 seconds
25.482: Application time: 0.0398260 seconds
25.483: [GC [PSYoungGen: 48640K->6656K(48640K)] 146913K->104929K(159744K), 0.0021150 secs] [Times: user=0.01 sys=0.00, real=0.01 secs] 
25.485: Total time for which application threads were stopped: 0.0031120 seconds, Stopping threads took: 0.0009190 seconds
25.524: Application time: 0.0389710 seconds
25.527: [GC [PSYoungGen: 48640K->6640K(48640K)] 146913K->106033K(159744K), 0.0023510 secs] [Times: user=0.02 sys=0.00, real=0.00 secs] 
25.529: Total time for which application threads were stopped: 0.0052050 seconds, Stopping threads took: 0.0027700 seconds
25.568: Application time: 0.0394380 seconds
25.570: [GC [PSYoungGen: 48624K->6576K(48640K)] 148017K->105969K(159744K), 0.0021030 secs] [Times: user=0.01 sys=0.00, real=0.01 secs] 
25.572: Total time for which application threads were stopped: 0.0038790 seconds, Stopping threads took: 0.0016930 seconds
25.612: Application time: 0.0395020 seconds
25.614: [GC [PSYoungGen: 48560K->5984K(48640K)] 147953K->105377K(159744K), 0.0018900 secs] [Times: user=0.02 sys=0.00, real=0.00 secs] 
25.616: Total time for which application threads were stopped: 0.0042090 seconds, Stopping threads took: 0.0022360 seconds
25.656: Application time: 0.0399150 seconds
25.657: [GC [PSYoungGen: 47968K->5936K(48640K)] 147361K->105337K(159744K), 0.0018320 secs] [Times: user=0.01 sys=0.00, real=0.00 secs] 
25.659: Total time for which application threads were stopped: 0.0032170 seconds, Stopping threads took: 0.0013080 seconds
25.699: Application time: 0.0400740 seconds
25.702: [GC [PSYoungGen: 47920K->6624K(48640K)] 147321K->106049K(159744K), 0.0020430 secs] [Times: user=0.02 sys=0.00, real=0.01 secs] 
25.704: Total time for which application threads were stopped: 0.0051380 seconds, Stopping threads took: 0.0030140 seconds
25.746: Application time: 0.0410820 seconds
25.747: [GC [PSYoungGen: 48608K->6080K(48640K)] 148033K->105513K(159744K), 0.0020740 secs] [Times: user=0.01 sys=0.00, real=0.00 secs] 
25.749: Total time for which application threads were stopped: 0.0037610 seconds, Stopping threads took: 0.0016040 seconds
25.788: Application time: 0.0382810 seconds
25.789: [GC [PSYoungGen: 48063K->6624K(48640K)] 147496K->106177K(159744K), 0.0021440 secs] [Times: user=0.01 sys=0.00, real=0.01 secs] 
25.792: Total time for which application threads were stopped: 0.0040450 seconds, Stopping threads took: 0.0018100 seconds
25.833: Application time: 0.0412470 seconds
25.834: [GC [PSYoungGen: 48608K->5152K(48640K)] 148161K->104713K(159744K), 0.0016210 secs] [Times: user=0.01 sys=0.00, real=0.00 secs] 
25.836: Total time for which application threads were stopped: 0.0031130 seconds, Stopping threads took: 0.0014110 seconds
25.878: Application time: 0.0415560 seconds
25.880: [GC [PSYoungGen: 47136K->4784K(48640K)] 146697K->104345K(159744K), 0.0016140 secs] [Times: user=0.01 sys=0.00, real=0.00 secs] 
25.881: Total time for which application threads were stopped: 0.0036440 seconds, Stopping threads took: 0.0019590 seconds
25.922: Application time: 0.0408360 seconds
25.925: [GC [PSYoungGen: 46766K->6656K(48640K)] 146327K->106249K(159744K), 0.0021750 secs] [Times: user=0.02 sys=0.00, real=0.00 secs] 
25.927: Total time for which application threads were stopped: 0.0051710 seconds, Stopping threads took: 0.0028890 seconds
25.968: Application time: 0.0404150 seconds
25.970: [GC [PSYoungGen: 48640K->6256K(48640K)] 148233K->105849K(159744K), 0.0020340 secs] [Times: user=0.01 sys=0.00, real=0.01 secs] 
25.972: Total time for which application threads were stopped: 0.0045650 seconds, Stopping threads took: 0.0024390 seconds
26.012: Application time: 0.0402370 seconds
26.014: [GC [PSYoungGen: 48240K->6176K(48640K)] 147833K->105769K(159744K), 0.0020760 secs] [Times: user=0.02 sys=0.00, real=0.00 secs] 
26.016: Total time for which application threads were stopped: 0.0032220 seconds, Stopping threads took: 0.0010690 seconds
26.057: Application time: 0.0413180 seconds
26.058: [GC [PSYoungGen: 48160K->6656K(48640K)] 147753K->106249K(159744K), 0.0021190 secs] [Times: user=0.02 sys=0.00, real=0.00 secs] 
26.060: Total time for which application threads were stopped: 0.0034640 seconds, Stopping threads took: 0.0012690 seconds
26.101: Application time: 0.0406660 seconds
26.104: [GC [PSYoungGen: 48640K->6640K(48640K)] 148233K->106249K(159744K), 0.0021340 secs] [Times: user=0.02 sys=0.00, real=0.00 secs] 
26.106: Total time for which application threads were stopped: 0.0050150 seconds, Stopping threads took: 0.0027970 seconds
26.146: Application time: 0.0403490 seconds
26.148: [GC [PSYoungGen: 48624K->6640K(48640K)] 148233K->106417K(159744K), 0.0022420 secs] [Times: user=0.01 sys=0.00, real=0.00 secs] 
26.151: Total time for which application threads were stopped: 0.0040860 seconds, Stopping threads took: 0.0017600 seconds
26.190: Application time: 0.0397420 seconds
26.192: [GC [PSYoungGen: 48624K->6656K(48640K)] 148401K->108005K(159744K), 0.0025560 secs] [Times: user=0.01 sys=0.00, real=0.00 secs] 
26.195: Total time for which application threads were stopped: 0.0045700 seconds, Stopping threads took: 0.0019290 seconds
26.235: Application time: 0.0403410 seconds
26.238: [GC [PSYoungGen: 48640K->6640K(48640K)] 149989K->108973K(159744K), 0.0024850 secs] [Times: user=0.01 sys=0.00, real=0.00 secs] 
26.241: Total time for which application threads were stopped: 0.0057550 seconds, Stopping threads took: 0.0031860 seconds
26.282: Application time: 0.0408030 seconds
26.283: [GC [PSYoungGen: 48624K->6592K(48640K)] 150957K->108933K(159744K), 0.0022630 secs] [Times: user=0.02 sys=0.00, real=0.01 secs] 
26.285: Total time for which application threads were stopped: 0.0033880 seconds, Stopping threads took: 0.0010350 seconds
26.326: Application time: 0.0409930 seconds
26.328: [GC [PSYoungGen: 48576K->5408K(48640K)] 150917K->107749K(159744K), 0.0018040 secs] [Times: user=0.01 sys=0.00, real=0.00 secs] 
26.330: Total time for which application threads were stopped: 0.0039910 seconds, Stopping threads took: 0.0020750 seconds
26.369: Application time: 0.0389050 seconds
26.371: [GC [PSYoungGen: 47392K->6640K(48640K)] 149733K->109165K(159744K), 0.0022540 secs] [Times: user=0.01 sys=0.00, real=0.00 secs] 
26.374: Total time for which application threads were stopped: 0.0045670 seconds, Stopping threads took: 0.0022280 seconds
26.414: Application time: 0.0400110 seconds
26.416: [GC [PSYoungGen: 48624K->6640K(48640K)] 151149K->109253K(159744K), 0.0023110 secs] [Times: user=0.02 sys=0.00, real=0.00 secs] 
26.418: Total time for which application threads were stopped: 0.0042760 seconds, Stopping threads took: 0.0018650 seconds
26.457: Application time: 0.0389520 seconds
26.459: [GC [PSYoungGen: 48624K->6640K(48640K)] 151237K->109733K(159744K), 0.0022430 secs] [Times: user=0.02 sys=0.00, real=0.00 secs] 
26.461: Total time for which application threads were stopped: 0.0041170 seconds, Stopping threads took: 0.0017930 seconds
26.501: Application time: 0.0399460 seconds
26.504: [GC [PSYoungGen: 48624K->6640K(48640K)] 151717K->111013K(159744K), 0.0023740 secs] [Times: user=0.01 sys=0.00, real=0.00 secs] 
26.506: Total time for which application threads were stopped: 0.0050180 seconds, Stopping threads took: 0.0025580 seconds
26.547: Application time: 0.0406960 seconds
26.549: [GC [PSYoungGen: 48624K->6656K(48640K)] 152997K->112357K(159744K), 0.0024740 secs] [Times: user=0.02 sys=0.00, real=0.01 secs] 
26.552: Total time for which application threads were stopped: 0.0053060 seconds, Stopping threads took: 0.0027490 seconds
26.593: Application time: 0.0408570 seconds
26.594: [GC [PSYoungGen: 48640K->6640K(48640K)] 154341K->113085K(159744K), 0.0023640 secs] [Times: user=0.02 sys=0.00, real=0.00 secs] 
26.596: Total time for which application threads were stopped: 0.0036090 seconds, Stopping threads took: 0.0011640 seconds
26.637: Application time: 0.0402750 seconds
26.639: [GC [PSYoungGen: 48624K->5792K(48640K)] 155069K->112237K(159744K), 0.0018600 secs] [Times: user=0.02 sys=0.00, real=0.00 secs] 
26.641: Total time for which application threads were stopped: 0.0038820 seconds, Stopping threads took: 0.0019440 seconds
26.682: Application time: 0.0409050 seconds
26.683: [GC [PSYoungGen: 47776K->5904K(48640K)] 154221K->112349K(159744K), 0.0018820 secs] [Times: user=0.01 sys=0.00, real=0.01 secs] 
26.685: Total time for which application threads were stopped: 0.0033180 seconds, Stopping threads took: 0.0013550 seconds
26.726: Application time: 0.0410410 seconds
26.728: [GC [PSYoungGen: 47888K->5296K(48640K)] 154333K->111749K(159744K), 0.0017660 secs] [Times: user=0.01 sys=0.00, real=0.00 secs] 
26.730: Total time for which application threads were stopped: 0.0037520 seconds, Stopping threads took: 0.0019080 seconds
26.770: Application time: 0.0404700 seconds
26.772: [GC [PSYoungGen: 47280K->6656K(48640K)] 153733K->113229K(159744K), 0.0022350 secs] [Times: user=0.02 sys=0.00, real=0.00 secs] 
26.774: Total time for which application threads were stopped: 0.0043420 seconds, Stopping threads took: 0.0020140 seconds
26.814: Application time: 0.0399090 seconds
26.817: [GC [PSYoungGen: 48640K->6640K(48640K)] 155213K->113661K(159744K), 0.0023070 secs] [Times: user=0.01 sys=0.00, real=0.00 secs] 
26.820: Total time for which application threads were stopped: 0.0052260 seconds, Stopping threads took: 0.0028340 seconds
26.860: Application time: 0.0408990 seconds
26.864: [GC [PSYoungGen: 48624K->6560K(48640K)] 155645K->113581K(159744K), 0.0020650 secs] [Times: user=0.01 sys=0.00, real=0.00 secs] 
26.866: Total time for which application threads were stopped: 0.0055850 seconds, Stopping threads took: 0.0034350 seconds
26.906: Application time: 0.0400860 seconds
26.908: [GC [PSYoungGen: 48544K->6640K(48640K)] 155565K->113949K(159744K), 0.0021480 secs] [Times: user=0.01 sys=0.00, real=0.00 secs] 
26.911: Total time for which application threads were stopped: 0.0043460 seconds, Stopping threads took: 0.0021140 seconds
26.950: Application time: 0.0399640 seconds
26.953: [GC [PSYoungGen: 48624K->6640K(48640K)] 155933K->114157K(159744K), 0.0021100 secs] [Times: user=0.01 sys=0.00, real=0.00 secs] 
26.955: Total time for which application threads were stopped: 0.0043380 seconds, Stopping threads took: 0.0021440 seconds
26.996: Application time: 0.0411530 seconds
26.998: [GC [PSYoungGen: 48624K->6240K(48640K)] 156141K->113757K(159744K), 0.0019890 secs] [Times: user=0.01 sys=0.00, real=0.00 secs] 
27.000: Total time for which application threads were stopped: 0.0040540 seconds, Stopping threads took: 0.0019900 seconds
27.041: Application time: 0.0404840 seconds
27.041: [GC [PSYoungGen: 48224K->4960K(48640K)] 155741K->112477K(159744K), 0.0016150 secs] [Times: user=0.01 sys=0.00, real=0.00 secs] 
27.043: Total time for which application threads were stopped: 0.0024900 seconds, Stopping threads took: 0.0007920 seconds
27.085: Application time: 0.0417790 seconds
27.086: [GC [PSYoungGen: 46944K->3600K(48640K)] 154461K->111117K(159744K), 0.0013030 secs] [Times: user=0.01 sys=0.00, real=0.00 secs] 
27.088: Total time for which application threads were stopped: 0.0027310 seconds, Stopping threads took: 0.0013600 seconds
27.128: Application time: 0.0408440 seconds
27.131: [GC [PSYoungGen: 45584K->5904K(48640K)] 153101K->113421K(159744K), 0.0019890 secs] [Times: user=0.01 sys=0.00, real=0.01 secs] 
27.133: Total time for which application threads were stopped: 0.0042750 seconds, Stopping threads took: 0.0022030 seconds
27.173: Application time: 0.0407760 seconds
27.176: [GC [PSYoungGen: 47887K->5984K(48640K)] 155405K->113501K(159744K), 0.0019370 secs] [Times: user=0.02 sys=0.00, real=0.00 secs] 
27.178: Total time for which application threads were stopped: 0.0046870 seconds, Stopping threads took: 0.0026640 seconds
27.217: Application time: 0.0392160 seconds
27.219: [GC [PSYoungGen: 47968K->6640K(48640K)] 155485K->114157K(159744K), 0.0020720 secs] [Times: user=0.02 sys=0.00, real=0.00 secs] 
27.221: Total time for which application threads were stopped: 0.0034810 seconds, Stopping threads took: 0.0013270 seconds
27.261: Application time: 0.0405030 seconds
27.263: [GC [PSYoungGen: 48624K->6640K(48640K)] 156141K->114325K(159744K), 0.0021840 secs] [Times: user=0.01 sys=0.00, real=0.01 secs] 
27.265: Total time for which application threads were stopped: 0.0037700 seconds, Stopping threads took: 0.0014980 seconds
27.305: Application time: 0.0397520 seconds
27.307: [GC [PSYoungGen: 48624K->6656K(48640K)] 156309K->114893K(159744K), 0.0022690 secs] [Times: user=0.02 sys=0.00, real=0.00 secs] 
27.309: Total time for which application threads were stopped: 0.0041250 seconds, Stopping threads took: 0.0017710 seconds
27.348: Application time: 0.0387390 seconds
27.349: [GC [PSYoungGen: 48640K->6624K(48640K)] 156877K->115173K(159744K), 0.0022790 secs] [Times: user=0.02 sys=0.01, real=0.01 secs] 
27.352: Total time for which application threads were stopped: 0.0038950 seconds, Stopping threads took: 0.0015340 seconds
27.392: Application time: 0.0408080 seconds
27.394: [GC [PSYoungGen: 48608K->6480K(48640K)] 157157K->115029K(159744K), 0.0020430 secs] [Times: user=0.01 sys=0.00, real=0.00 secs] 
27.396: Total time for which application threads were stopped: 0.0037190 seconds, Stopping threads took: 0.0015830 seconds
27.436: Application time: 0.0400330 seconds
27.438: [GC [PSYoungGen: 48464K->6624K(48640K)] 157013K->115821K(159744K), 0.0024900 secs] [Times: user=0.01 sys=0.00, real=0.00 secs] 
27.441: Total time for which application threads were stopped: 0.0043850 seconds, Stopping threads took: 0.0018150 seconds
27.481: Application time: 0.0407650 seconds
27.483: [GC [PSYoungGen: 48608K->6624K(48640K)] 157805K->115925K(159744K), 0.0021710 secs] [Times: user=0.02 sys=0.00, real=0.01 secs] 
27.485: Total time for which application threads were stopped: 0.0036210 seconds, Stopping threads took: 0.0013640 seconds
27.526: Application time: 0.0406600 seconds
27.527: [GC [PSYoungGen: 48608K->6112K(48640K)] 157909K->115413K(159744K), 0.0019110 secs] [Times: user=0.01 sys=0.00, real=0.00 secs] 
27.529: Total time for which application threads were stopped: 0.0035100 seconds, Stopping threads took: 0.0015210 seconds
27.568: Application time: 0.0388210 seconds
27.570: [GC [PSYoungGen: 48096K->6640K(48640K)] 157397K->116013K(159744K), 0.0026350 secs] [Times: user=0.02 sys=0.00, real=0.01 secs] 
27.573: Total time for which application threads were stopped: 0.0045900 seconds, Stopping threads took: 0.0018730 seconds
27.614: Application time: 0.0411960 seconds
27.616: [GC [PSYoungGen: 48624K->6288K(48640K)] 157997K->115661K(159744K), 0.0021320 secs] [Times: user=0.01 sys=0.00, real=0.00 secs] 
27.618: Total time for which application threads were stopped: 0.0044570 seconds, Stopping threads took: 0.0022400 seconds
27.658: Application time: 0.0395690 seconds
27.661: [GC [PSYoungGen: 48272K->6640K(48640K)] 157645K->116221K(159744K), 0.0021090 secs] [Times: user=0.02 sys=0.00, real=0.00 secs] 
27.663: Total time for which application threads were stopped: 0.0053100 seconds, Stopping threads took: 0.0031200 seconds
27.702: Application time: 0.0391420 seconds
27.704: [GC [PSYoungGen: 48624K->6640K(48640K)] 158205K->117269K(159744K), 0.0023340 secs] [Times: user=0.01 sys=0.00, real=0.00 secs] 
27.706: [Full GC [PSYoungGen: 6640K->0K(48640K)] [ParOldGen: 110629K->9621K(111104K)] 117269K->9621K(159744K) [PSPermGen: 5139K->5139K(21504K)], 0.0437450 secs] [Times: user=0.28 sys=0.00, real=0.04 secs] 
27.750: Total time for which application threads were stopped: 0.0478920 seconds, Stopping threads took: 0.0016710 seconds
27.791: Application time: 0.0410010 seconds
27.793: [GC [PSYoungGen: 41984K->5856K(48640K)] 51605K->15477K(159744K), 0.0018150 secs] [Times: user=0.01 sys=0.00, real=0.00 secs] 
27.795: Total time for which application threads were stopped: 0.0039580 seconds, Stopping threads took: 0.0020640 seconds
27.836: Application time: 0.0409980 seconds
27.838: [GC [PSYoungGen: 47840K->6656K(48640K)] 57461K->17413K(159744K), 0.0023820 secs] [Times: user=0.02 sys=0.00, real=0.00 secs] 
27.840: Total time for which application threads were stopped: 0.0039250 seconds, Stopping threads took: 0.0014580 seconds
27.880: Application time: 0.0402340 seconds
27.882: [GC [PSYoungGen: 48640K->6640K(48640K)] 59397K->18181K(159744K), 0.0022420 secs] [Times: user=0.01 sys=0.00, real=0.01 secs] 
27.884: Total time for which application threads were stopped: 0.0037770 seconds, Stopping threads took: 0.0014480 seconds
27.924: Application time: 0.0403210 seconds
27.925: [GC [PSYoungGen: 48624K->6656K(48640K)] 60165K->18869K(159744K), 0.0022530 secs] [Times: user=0.02 sys=0.00, real=0.00 secs] 
27.928: Total time for which application threads were stopped: 0.0034310 seconds, Stopping threads took: 0.0010910 seconds
27.968: Application time: 0.0403440 seconds
27.970: [GC [PSYoungGen: 48640K->6256K(48640K)] 60853K->18469K(159744K), 0.0018300 secs] [Times: user=0.02 sys=0.00, real=0.01 secs] 
27.972: Total time for which application threads were stopped: 0.0036180 seconds, Stopping threads took: 0.0017090 seconds
28.011: Application time: 0.0396900 seconds
28.013: [GC [PSYoungGen: 48240K->6656K(48640K)] 60453K->19805K(159744K), 0.0022030 secs] [Times: user=0.02 sys=0.00, real=0.00 secs] 
28.016: Total time for which application threads were stopped: 0.0042020 seconds, Stopping threads took: 0.0019200 seconds
28.055: Application time: 0.0392970 seconds
28.057: [GC [PSYoungGen: 48640K->6656K(48640K)] 61789K->19805K(159744K), 0.0019190 secs] [Times: user=0.01 sys=0.01, real=0.00 secs] 
28.059: Total time for which application threads were stopped: 0.0043150 seconds, Stopping threads took: 0.0022890 seconds
28.099: Application time: 0.0400120 seconds
28.101: [GC [PSYoungGen: 48640K->6640K(48640K)] 61789K->20565K(159744K), 0.0022240 secs] [Times: user=0.01 sys=0.00, real=0.01 secs] 
28.103: Total time for which application threads were stopped: 0.0041230 seconds, Stopping threads took: 0.0018140 seconds
28.145: Application time: 0.0418330 seconds
28.147: [GC [PSYoungGen: 48624K->5360K(48640K)] 62549K->19285K(159744K), 0.0015880 secs] [Times: user=0.01 sys=0.00, real=0.00 secs] 
28.149: Total time for which application threads were stopped: 0.0033550 seconds, Stopping threads took: 0.0016900 seconds
28.190: Application time: 0.0413000 seconds
28.191: [GC [PSYoungGen: 47344K->6160K(48640K)] 61269K->20085K(159744K), 0.0018040 secs] [Times: user=0.01 sys=0.01, real=0.00 secs] 
28.193: Total time for which application threads were stopped: 0.0033500 seconds, Stopping threads took: 0.0014680 seconds
28.233: Application time: 0.0395910 seconds
28.235: [GC [PSYoungGen: 48144K->6656K(48640K)] 62069K->21385K(159744K), 0.0021680 secs] [Times: user=0.01 sys=0.00, real=0.00 secs] 
28.237: Total time for which application threads were stopped: 0.0039600 seconds, Stopping threads took: 0.0017070 seconds
28.277: Application time: 0.0403540 seconds
28.279: [GC [PSYoungGen: 48640K->6656K(48640K)] 63369K->22089K(159744K), 0.0021790 secs] [Times: user=0.01 sys=0.00, real=0.00 secs] 
28.281: Total time for which application threads were stopped: 0.0038530 seconds, Stopping threads took: 0.0015920 seconds
28.322: Application time: 0.0406860 seconds
28.323: [GC [PSYoungGen: 48640K->5120K(48640K)] 64073K->20553K(159744K), 0.0016190 secs] [Times: user=0.01 sys=0.00, real=0.00 secs] 
28.325: Total time for which application threads were stopped: 0.0032950 seconds, Stopping threads took: 0.0015990 seconds
28.366: Application time: 0.0406310 seconds
28.369: [GC [PSYoungGen: 47104K->3328K(48640K)] 62537K->18761K(159744K), 0.0010820 secs] [Times: user=0.01 sys=0.00, real=0.00 secs] 
28.370: Total time for which application threads were stopped: 0.0043100 seconds, Stopping threads took: 0.0031640 seconds
28.408: Application time: 0.0380840 seconds
28.409: [GC [PSYoungGen: 45312K->6240K(48640K)] 60745K->21673K(159744K), 0.0019290 secs] [Times: user=0.01 sys=0.00, real=0.01 secs] 
28.411: Total time for which application threads were stopped: 0.0033040 seconds, Stopping threads took: 0.0012920 seconds
28.452: Application time: 0.0408090 seconds
28.454: [GC [PSYoungGen: 48224K->5088K(48640K)] 63657K->20545K(159744K), 0.0015060 secs] [Times: user=0.00 sys=0.01, real=0.00 secs] 
28.455: Total time for which application threads were stopped: 0.0032720 seconds, Stopping threads took: 0.0016840 seconds
28.496: Application time: 0.0405950 seconds
28.498: [GC [PSYoungGen: 47072K->5600K(48640K)] 62529K->21065K(159744K), 0.0016000 secs] [Times: user=0.01 sys=0.00, real=0.00 secs] 
28.500: Total time for which application threads were stopped: 0.0035730 seconds, Stopping threads took: 0.0018980 seconds
28.538: Application time: 0.0388970 seconds
28.541: [GC [PSYoungGen: 47584K->6656K(48640K)] 63049K->22537K(159744K), 0.0020310 secs] [Times: user=0.01 sys=0.00, real=0.00 secs] 
28.543: Total time for which application threads were stopped: 0.0044760 seconds, Stopping threads took: 0.0023640 seconds
28.583: Application time: 0.0403950 seconds
28.585: [GC [PSYoungGen: 48640K->6656K(48640K)] 64521K->23257K(159744K), 0.0021190 secs] [Times: user=0.02 sys=0.00, real=0.00 secs] 
28.588: Total time for which application threads were stopped: 0.0041560 seconds, Stopping threads took: 0.0019550 seconds
28.627: Application time: 0.0397380 seconds
28.629: [GC [PSYoungGen: 48640K->6656K(48640K)] 65241K->24193K(159744K), 0.0022630 secs] [Times: user=0.01 sys=0.00, real=0.01 secs] 
28.632: Total time for which application threads were stopped: 0.0044070 seconds, Stopping threads took: 0.0020620 seconds
28.672: Application time: 0.0400480 seconds
28.674: [GC [PSYoungGen: 48640K->6640K(48640K)] 66177K->24401K(159744K), 0.0020170 secs] [Times: user=0.01 sys=0.00, real=0.00 secs] 
28.676: Total time for which application threads were stopped: 0.0045790 seconds, Stopping threads took: 0.0024850 seconds
28.716: Application time: 0.0397960 seconds
28.718: [GC [PSYoungGen: 48624K->6272K(48640K)] 66385K->24033K(159744K), 0.0018400 secs] [Times: user=0.01 sys=0.00, real=0.00 secs] 
28.720: Total time for which application threads were stopped: 0.0035890 seconds, Stopping threads took: 0.0016720 seconds
28.761: Application time: 0.0409170 seconds
28.764: [GC [PSYoungGen: 48256K->5760K(48640K)] 66017K->23521K(159744K), 0.0017830 secs] [Times: user=0.02 sys=0.00, real=0.00 secs] 
28.766: Total time for which application threads were stopped: 0.0050450 seconds, Stopping threads took: 0.0031830 seconds
28.805: Application time: 0.0393960 seconds
28.807: [GC [PSYoungGen: 47744K->6656K(48640K)] 65505K->25762K(159744K), 0.0022360 secs] [Times: user=0.01 sys=0.00, real=0.00 secs] 
28.810: Total time for which application threads were stopped: 0.0044760 seconds, Stopping threads took: 0.0021570 seconds
28.850: Application time: 0.0401680 seconds
28.852: [GC [PSYoungGen: 48640K->5296K(48640K)] 67746K->24402K(159744K), 0.0015200 secs] [Times: user=0.01 sys=0.00, real=0.00 secs] 
28.853: Total time for which application threads were stopped: 0.0033640 seconds, Stopping threads took: 0.0017720 seconds
28.892: Application time: 0.0387700 seconds
28.894: [GC [PSYoungGen: 47280K->6624K(48640K)] 66386K->26538K(159744K), 0.0022230 secs] [Times: user=0.02 sys=0.00, real=0.00 secs] 
28.896: Total time for which application threads were stopped: 0.0043210 seconds, Stopping threads took: 0.0020140 seconds
28.935: Application time: 0.0385970 seconds
28.937: [GC [PSYoungGen: 48608K->6656K(48640K)] 68522K->27562K(159744K), 0.0021360 secs] [Times: user=0.02 sys=0.00, real=0.00 secs] 
28.939: Total time for which application threads were stopped: 0.0044790 seconds, Stopping threads took: 0.0022680 seconds
28.980: Application time: 0.0408340 seconds
28.983: [GC [PSYoungGen: 48640K->5328K(48640K)] 69546K->26234K(159744K), 0.0015550 secs] [Times: user=0.01 sys=0.00, real=0.01 secs] 
28.984: Total time for which application threads were stopped: 0.0041110 seconds, Stopping threads took: 0.0024630 seconds
29.024: Application time: 0.0394670 seconds
29.025: [GC [PSYoungGen: 47312K->6640K(48640K)] 68218K->27602K(159744K), 0.0021540 secs] [Times: user=0.01 sys=0.00, real=0.00 secs] 
29.027: Total time for which application threads were stopped: 0.0036750 seconds, Stopping threads took: 0.0014340 seconds
29.067: Application time: 0.0394160 seconds
29.068: [GC [PSYoungGen: 48624K->6144K(48640K)] 69586K->27114K(159744K), 0.0017920 secs] [Times: user=0.01 sys=0.00, real=0.00 secs] 
29.070: Total time for which application threads were stopped: 0.0032720 seconds, Stopping threads took: 0.0014030 seconds
29.110: Application time: 0.0400460 seconds
29.112: [GC [PSYoungGen: 48128K->6640K(48640K)] 69098K->27946K(159744K), 0.0021110 secs] [Times: user=0.01 sys=0.00, real=0.00 secs] 
29.114: Total time for which application threads were stopped: 0.0040430 seconds, Stopping threads took: 0.0018500 seconds
29.154: Application time: 0.0403190 seconds
29.158: [GC [PSYoungGen: 48624K->6624K(48640K)] 69930K->28090K(159744K), 0.0020380 secs] [Times: user=0.02 sys=0.00, real=0.00 secs] 
29.160: Total time for which application threads were stopped: 0.0051640 seconds, Stopping threads took: 0.0030480 seconds
29.198: Application time: 0.0385040 seconds
29.200: [GC [PSYoungGen: 48608K->6656K(48640K)] 70074K->29578K(159744K), 0.0024200 secs] [Times: user=0.02 sys=0.00, real=0.00 secs] 
29.202: Total time for which application threads were stopped: 0.0041170 seconds, Stopping threads took: 0.0016120 seconds
29.240: Application time: 0.0378790 seconds
29.242: [GC [PSYoungGen: 48640K->6656K(48640K)] 71562K->30322K(159744K), 0.0021650 secs] [Times: user=0.01 sys=0.00, real=0.01 secs] 
29.244: Total time for which application threads were stopped: 0.0043510 seconds, Stopping threads took: 0.0020850 seconds
29.282: Application time: 0.0374510 seconds
29.284: [GC [PSYoungGen: 48640K->6656K(48640K)] 72306K->31474K(159744K), 0.0022370 secs] [Times: user=0.02 sys=0.00, real=0.00 secs] 
29.286: Total time for which application threads were stopped: 0.0038900 seconds, Stopping threads took: 0.0015680 seconds
29.324: Application time: 0.0379530 seconds
29.325: [GC [PSYoungGen: 48640K->6656K(48640K)] 73458K->31858K(159744K), 0.0021440 secs] [Times: user=0.02 sys=0.00, real=0.00 secs] 
29.327: Total time for which application threads were stopped: 0.0035390 seconds, Stopping threads took: 0.0013170 seconds
29.365: Application time: 0.0377130 seconds
29.367: [GC [PSYoungGen: 48640K->5984K(48640K)] 73842K->31186K(159744K), 0.0017140 secs] [Times: user=0.01 sys=0.00, real=0.00 secs] 
29.369: Total time for which application threads were stopped: 0.0037380 seconds, Stopping threads took: 0.0019480 seconds
29.406: Application time: 0.0370970 seconds
29.407: [GC [PSYoungGen: 47968K->6272K(48640K)] 73170K->31474K(159744K), 0.0018140 secs] [Times: user=0.01 sys=0.00, real=0.00 secs] 
29.409: Total time for which application threads were stopped: 0.0033750 seconds, Stopping threads took: 0.0014850 seconds
29.448: Application time: 0.0384570 seconds
29.449: [GC [PSYoungGen: 48256K->6640K(48640K)] 73458K->32530K(159744K), 0.0021740 secs] [Times: user=0.02 sys=0.00, real=0.00 secs] 
29.451: Total time for which application threads were stopped: 0.0032260 seconds, Stopping threads took: 0.0009730 seconds
29.489: Application time: 0.0379820 seconds
29.490: [GC [PSYoungGen: 48624K->6624K(48640K)] 74514K->32866K(159744K), 0.0020590 secs] [Times: user=0.01 sys=0.00, real=0.01 secs] 
29.492: Total time for which application threads were stopped: 0.0034770 seconds, Stopping threads took: 0.0013330 seconds
29.530: Application time: 0.0375660 seconds
29.532: [GC [PSYoungGen: 48608K->5952K(48640K)] 74850K->32202K(159744K), 0.0017840 secs] [Times: user=0.01 sys=0.00, real=0.00 secs] 
29.533: Total time for which application threads were stopped: 0.0034270 seconds, Stopping threads took: 0.0015720 seconds
29.572: Application time: 0.0389330 seconds
29.574: [GC [PSYoungGen: 47936K->6320K(48640K)] 74186K->32578K(159744K), 0.0019220 secs] [Times: user=0.02 sys=0.00, real=0.00 secs] 
29.576: Total time for which application threads were stopped: 0.0034210 seconds, Stopping threads took: 0.0014120 seconds
29.614: Application time: 0.0383690 seconds
29.616: [GC [PSYoungGen: 48304K->6256K(48640K)] 74562K->32522K(159744K), 0.0018610 secs] [Times: user=0.01 sys=0.00, real=0.00 secs] 
29.618: Total time for which application threads were stopped: 0.0037240 seconds, Stopping threads took: 0.0017870 seconds
29.655: Application time: 0.0375740 seconds
29.657: [GC [PSYoungGen: 48240K->6656K(48640K)] 74506K->33322K(159744K), 0.0022490 secs] [Times: user=0.02 sys=0.00, real=0.00 secs] 
29.659: Total time for which application threads were stopped: 0.0037490 seconds, Stopping threads took: 0.0014190 seconds
29.697: Application time: 0.0381050 seconds
29.700: [GC [PSYoungGen: 48640K->6640K(48640K)] 75306K->33474K(159744K), 0.0021140 secs] [Times: user=0.01 sys=0.00, real=0.00 secs] 
29.702: Total time for which application threads were stopped: 0.0051490 seconds, Stopping threads took: 0.0029360 seconds
29.738: Application time: 0.0357540 seconds
29.740: [GC [PSYoungGen: 48624K->6640K(48640K)] 75458K->34002K(159744K), 0.0021260 secs] [Times: user=0.01 sys=0.00, real=0.00 secs] 
29.743: Total time for which application threads were stopped: 0.0044380 seconds, Stopping threads took: 0.0022330 seconds
29.781: Application time: 0.0378870 seconds
29.782: [GC [PSYoungGen: 48624K->6608K(48640K)] 75986K->33970K(159744K), 0.0019690 secs] [Times: user=0.01 sys=0.00, real=0.01 secs] 
29.784: Total time for which application threads were stopped: 0.0036580 seconds, Stopping threads took: 0.0016080 seconds
29.822: Application time: 0.0377510 seconds
29.824: [GC [PSYoungGen: 48592K->6464K(48640K)] 75954K->33826K(159744K), 0.0019180 secs] [Times: user=0.01 sys=0.01, real=0.00 secs] 
29.826: Total time for which application threads were stopped: 0.0039030 seconds, Stopping threads took: 0.0019050 seconds
29.863: Application time: 0.0367710 seconds
29.864: [GC [PSYoungGen: 48448K->6640K(48640K)] 75810K->34650K(159744K), 0.0021160 secs] [Times: user=0.01 sys=0.00, real=0.00 secs] 
29.866: Total time for which application threads were stopped: 0.0037170 seconds, Stopping threads took: 0.0015180 seconds
29.904: Application time: 0.0373280 seconds
29.906: [GC [PSYoungGen: 48624K->6656K(48640K)] 76634K->35462K(159744K), 0.0021340 secs] [Times: user=0.01 sys=0.00, real=0.00 secs] 
29.908: Total time for which application threads were stopped: 0.0043370 seconds, Stopping threads took: 0.0021250 seconds
29.945: Application time: 0.0367910 seconds
29.946: [GC [PSYoungGen: 48640K->6624K(48640K)] 77446K->35518K(159744K), 0.0019670 secs] [Times: user=0.02 sys=0.00, real=0.00 secs] 
29.948: Total time for which application threads were stopped: 0.0034240 seconds, Stopping threads took: 0.0013790 seconds
29.984: Application time: 0.0362170 seconds
29.986: [GC [PSYoungGen: 48608K->6624K(48640K)] 77502K->36702K(159744K), 0.0022780 secs] [Times: user=0.01 sys=0.00, real=0.00 secs] 
29.989: Total time for which application threads were stopped: 0.0042040 seconds, Stopping threads took: 0.0018440 seconds
30.026: Application time: 0.0377300 seconds
30.028: [GC [PSYoungGen: 48608K->6640K(48640K)] 78686K->37254K(159744K), 0.0021420 secs] [Times: user=0.01 sys=0.00, real=0.00 secs] 
30.030: Total time for which application threads were stopped: 0.0037800 seconds, Stopping threads took: 0.0015540 seconds
30.067: Application time: 0.0372810 seconds
30.069: [GC [PSYoungGen: 48624K->6624K(48640K)] 79238K->38054K(159744K), 0.0022120 secs] [Times: user=0.01 sys=0.00, real=0.01 secs] 
30.071: Total time for which application threads were stopped: 0.0037850 seconds, Stopping threads took: 0.0014880 seconds
30.109: Application time: 0.0378110 seconds
30.111: [GC [PSYoungGen: 48608K->6640K(48640K)] 80038K->38390K(159744K), 0.0020500 secs] [Times: user=0.02 sys=0.00, real=0.01 secs] 
30.113: Total time for which application threads were stopped: 0.0037340 seconds, Stopping threads took: 0.0016050 seconds
30.151: Application time: 0.0380980 seconds
30.153: [GC [PSYoungGen: 48624K->6448K(48640K)] 80374K->38198K(159744K), 0.0019150 secs] [Times: user=0.01 sys=0.00, real=0.00 secs] 
30.155: Total time for which application threads were stopped: 0.0043340 seconds, Stopping threads took: 0.0023410 seconds
30.192: Application time: 0.0367930 seconds
30.195: [GC [PSYoungGen: 48432K->6640K(48640K)] 80182K->38494K(159744K), 0.0020240 secs] [Times: user=0.01 sys=0.00, real=0.00 secs] 
30.197: Total time for which application threads were stopped: 0.0047060 seconds, Stopping threads took: 0.0026040 seconds
30.234: Application time: 0.0373250 seconds
30.237: [GC [PSYoungGen: 48624K->6656K(48640K)] 80478K->38598K(159744K), 0.0020210 secs] [Times: user=0.02 sys=0.01, real=0.00 secs] 
30.239: Total time for which application threads were stopped: 0.0045720 seconds, Stopping threads took: 0.0024740 seconds
30.278: Application time: 0.0389020 seconds
30.279: [GC [PSYoungGen: 48640K->5824K(48640K)] 80582K->37766K(159744K), 0.0017270 secs] [Times: user=0.01 sys=0.00, real=0.00 secs] 
30.281: Total time for which application threads were stopped: 0.0033330 seconds, Stopping threads took: 0.0015280 seconds
30.320: Application time: 0.0393990 seconds
30.322: [GC [PSYoungGen: 47808K->4736K(48640K)] 79750K->36678K(159744K), 0.0014630 secs] [Times: user=0.01 sys=0.00, real=0.01 secs] 
30.323: Total time for which application threads were stopped: 0.0029350 seconds, Stopping threads took: 0.0014020 seconds
30.361: Application time: 0.0378250 seconds
30.363: [GC [PSYoungGen: 46720K->6624K(48640K)] 78662K->39030K(159744K), 0.0020960 secs] [Times: user=0.01 sys=0.00, real=0.01 secs] 
30.365: Total time for which application threads were stopped: 0.0038750 seconds, Stopping threads took: 0.0016970 seconds
30.404: Application time: 0.0392940 seconds
30.406: [GC [PSYoungGen: 48606K->5952K(48640K)] 81012K->38358K(159744K), 0.0018470 secs] [Times: user=0.01 sys=0.00, real=0.00 secs] 
30.408: Total time for which application threads were stopped: 0.0032950 seconds, Stopping threads took: 0.0013740 seconds
30.443: Application time: 0.0357740 seconds
30.445: [GC [PSYoungGen: 47936K->6640K(48640K)] 80342K->40094K(159744K), 0.0022660 secs] [Times: user=0.01 sys=0.00, real=0.00 secs] 
30.447: Total time for which application threads were stopped: 0.0041750 seconds, Stopping threads took: 0.0018300 seconds
30.485: Application time: 0.0374120 seconds
30.486: [GC [PSYoungGen: 48624K->6560K(48640K)] 82078K->40014K(159744K), 0.0020120 secs] [Times: user=0.01 sys=0.00, real=0.00 secs] 
30.488: Total time for which application threads were stopped: 0.0030810 seconds, Stopping threads took: 0.0009920 seconds
30.524: Application time: 0.0365420 seconds
30.526: [GC [PSYoungGen: 48544K->6624K(48640K)] 81998K->40206K(159744K), 0.0020030 secs] [Times: user=0.01 sys=0.00, real=0.00 secs] 
30.528: Total time for which application threads were stopped: 0.0034350 seconds, Stopping threads took: 0.0013530 seconds
30.566: Application time: 0.0378170 seconds
30.567: [GC [PSYoungGen: 48608K->6272K(48640K)] 82190K->39854K(159744K), 0.0018180 secs] [Times: user=0.01 sys=0.00, real=0.00 secs] 
30.569: Total time for which application threads were stopped: 0.0034430 seconds, Stopping threads took: 0.0015400 seconds
30.607: Application time: 0.0380440 seconds
30.610: [GC [PSYoungGen: 48256K->6624K(48640K)] 81838K->40214K(159744K), 0.0019280 secs] [Times: user=0.02 sys=0.00, real=0.01 secs] 
30.612: Total time for which application threads were stopped: 0.0044650 seconds, Stopping threads took: 0.0024590 seconds
30.650: Application time: 0.0382920 seconds
30.651: [GC [PSYoungGen: 48608K->6640K(48640K)] 82198K->40430K(159744K), 0.0020460 secs] [Times: user=0.02 sys=0.00, real=0.00 secs] 
30.654: Total time for which application threads were stopped: 0.0034880 seconds, Stopping threads took: 0.0013670 seconds
30.691: Application time: 0.0377350 seconds
30.694: [GC [PSYoungGen: 48624K->6640K(48640K)] 82414K->41126K(159744K), 0.0022120 secs] [Times: user=0.01 sys=0.00, real=0.00 secs] 
30.696: Total time for which application threads were stopped: 0.0048370 seconds, Stopping threads took: 0.0025360 seconds
30.735: Application time: 0.0385680 seconds
30.739: [GC [PSYoungGen: 48624K->6016K(48640K)] 83110K->40502K(159744K), 0.0017700 secs] [Times: user=0.01 sys=0.00, real=0.00 secs] 
30.741: Total time for which application threads were stopped: 0.0064420 seconds, Stopping threads took: 0.0045950 seconds
30.779: Application time: 0.0379330 seconds
30.780: [GC [PSYoungGen: 48000K->6560K(48640K)] 82486K->41046K(159744K), 0.0019710 secs] [Times: user=0.01 sys=0.00, real=0.00 secs] 
30.782: Total time for which application threads were stopped: 0.0030770 seconds, Stopping threads took: 0.0010290 seconds
30.820: Application time: 0.0377490 seconds
30.822: [GC [PSYoungGen: 48544K->6656K(48640K)] 83030K->41574K(159744K), 0.0021860 secs] [Times: user=0.01 sys=0.00, real=0.01 secs] 
30.824: Total time for which application threads were stopped: 0.0041600 seconds, Stopping threads took: 0.0018930 seconds
30.862: Application time: 0.0376270 seconds
30.863: [GC [PSYoungGen: 48640K->6640K(48640K)] 83558K->41830K(159744K), 0.0020650 secs] [Times: user=0.01 sys=0.00, real=0.01 secs] 
30.865: Total time for which application threads were stopped: 0.0034220 seconds, Stopping threads took: 0.0012780 seconds
30.904: Application time: 0.0393860 seconds
30.906: [GC [PSYoungGen: 48624K->5168K(48640K)] 83814K->40358K(159744K), 0.0016480 secs] [Times: user=0.01 sys=0.01, real=0.00 secs] 
30.907: Total time for which application threads were stopped: 0.0030080 seconds, Stopping threads took: 0.0012920 seconds
30.947: Application time: 0.0390580 seconds
30.948: [GC [PSYoungGen: 47152K->5920K(48640K)] 82342K->41110K(159744K), 0.0017910 secs] [Times: user=0.02 sys=0.00, real=0.00 secs] 
30.950: Total time for which application threads were stopped: 0.0031330 seconds, Stopping threads took: 0.0012680 seconds
30.990: Application time: 0.0400180 seconds
30.991: [GC [PSYoungGen: 47904K->6624K(48640K)] 83094K->41942K(159744K), 0.0022490 secs] [Times: user=0.02 sys=0.00, real=0.00 secs] 
30.994: Total time for which application threads were stopped: 0.0038820 seconds, Stopping threads took: 0.0015570 seconds
31.031: Application time: 0.0373720 seconds
31.033: [GC [PSYoungGen: 48608K->6624K(48640K)] 83926K->42854K(159744K), 0.0025220 secs] [Times: user=0.01 sys=0.00, real=0.00 secs] 
31.035: Total time for which application threads were stopped: 0.0041590 seconds, Stopping threads took: 0.0015340 seconds
31.073: Application time: 0.0379170 seconds
31.074: [GC [PSYoungGen: 48608K->6096K(48640K)] 84838K->42334K(159744K), 0.0019480 secs] [Times: user=0.01 sys=0.00, real=0.00 secs] 
31.076: Total time for which application threads were stopped: 0.0029150 seconds, Stopping threads took: 0.0008790 seconds
31.114: Application time: 0.0376650 seconds
31.116: [GC [PSYoungGen: 48080K->6640K(48640K)] 84318K->43238K(159744K), 0.0021380 secs] [Times: user=0.02 sys=0.00, real=0.00 secs] 
31.118: Total time for which application threads were stopped: 0.0047200 seconds, Stopping threads took: 0.0024980 seconds
31.157: Application time: 0.0389090 seconds
31.158: [GC [PSYoungGen: 48624K->5360K(48640K)] 85222K->41966K(159744K), 0.0016120 secs] [Times: user=0.01 sys=0.00, real=0.00 secs] 
31.160: Total time for which application threads were stopped: 0.0026080 seconds, Stopping threads took: 0.0009260 seconds
31.197: Application time: 0.0372560 seconds
31.199: [GC [PSYoungGen: 47344K->6640K(48640K)] 83950K->43294K(159744K), 0.0019330 secs] [Times: user=0.01 sys=0.00, real=0.00 secs] 
31.201: Total time for which application threads were stopped: 0.0040880 seconds, Stopping threads took: 0.0020780 seconds
31.237: Application time: 0.0357600 seconds
31.239: [GC [PSYoungGen: 48622K->6640K(48640K)] 85277K->44138K(159744K), 0.0023230 secs] [Times: user=0.02 sys=0.00, real=0.00 secs] 
31.241: Total time for which application threads were stopped: 0.0041770 seconds, Stopping threads took: 0.0017690 seconds
31.279: Application time: 0.0380730 seconds
31.281: [GC [PSYoungGen: 48624K->6560K(48640K)] 86122K->44058K(159744K), 0.0019010 secs] [Times: user=0.02 sys=0.00, real=0.00 secs] 
31.283: Total time for which application threads were stopped: 0.0038890 seconds, Stopping threads took: 0.0019110 seconds
31.320: Application time: 0.0371770 seconds
31.322: [GC [PSYoungGen: 48544K->6640K(48640K)] 86042K->44922K(159744K), 0.0022350 secs] [Times: user=0.01 sys=0.00, real=0.01 secs] 
31.324: Total time for which application threads were stopped: 0.0038880 seconds, Stopping threads took: 0.0015750 seconds
31.361: Application time: 0.0367410 seconds
31.363: [GC [PSYoungGen: 48624K->6640K(48640K)] 86906K->45538K(159744K), 0.0021370 secs] [Times: user=0.01 sys=0.00, real=0.00 secs] 
31.366: Total time for which application threads were stopped: 0.0047170 seconds, Stopping threads took: 0.0024960 seconds
31.404: Application time: 0.0384950 seconds
31.406: [GC [PSYoungGen: 48624K->6624K(48640K)] 87522K->45570K(159744K), 0.0020520 secs] [Times: user=0.02 sys=0.00, real=0.00 secs] 
31.408: Total time for which application threads were stopped: 0.0034970 seconds, Stopping threads took: 0.0013650 seconds
31.445: Application time: 0.0369270 seconds
31.446: [GC [PSYoungGen: 48608K->6448K(48640K)] 87554K->45394K(159744K), 0.0019230 secs] [Times: user=0.01 sys=0.00, real=0.00 secs] 
31.448: Total time for which application threads were stopped: 0.0036150 seconds, Stopping threads took: 0.0016150 seconds
31.487: Application time: 0.0388460 seconds
31.488: [GC [PSYoungGen: 48432K->6560K(48640K)] 87378K->45506K(159744K), 0.0020170 secs] [Times: user=0.02 sys=0.00, real=0.00 secs] 
31.490: Total time for which application threads were stopped: 0.0034740 seconds, Stopping threads took: 0.0013790 seconds
31.529: Application time: 0.0381850 seconds
31.530: [GC [PSYoungGen: 48544K->6624K(48640K)] 87490K->46114K(159744K), 0.0021530 secs] [Times: user=0.01 sys=0.00, real=0.01 secs] 
31.532: Total time for which application threads were stopped: 0.0037590 seconds, Stopping threads took: 0.0015290 seconds
31.569: Application time: 0.0363950 seconds
31.571: [GC [PSYoungGen: 48608K->6640K(48640K)] 88098K->47050K(159744K), 0.0023490 secs] [Times: user=0.02 sys=0.00, real=0.01 secs] 
31.573: Total time for which application threads were stopped: 0.0044750 seconds, Stopping threads took: 0.0020450 seconds
31.613: Application time: 0.0393280 seconds
31.614: [GC [PSYoungGen: 48624K->5536K(48640K)] 89034K->45954K(159744K), 0.0020210 secs] [Times: user=0.01 sys=0.00, real=0.00 secs] 
31.616: Total time for which application threads were stopped: 0.0037190 seconds, Stopping threads took: 0.0016040 seconds
31.655: Application time: 0.0387310 seconds
31.657: [GC [PSYoungGen: 47520K->6640K(48640K)] 87938K->47746K(159744K), 0.0022720 secs] [Times: user=0.02 sys=0.00, real=0.00 secs] 
31.659: Total time for which application threads were stopped: 0.0039430 seconds, Stopping threads took: 0.0015740 seconds
31.697: Application time: 0.0375680 seconds
31.698: [GC [PSYoungGen: 48624K->6656K(48640K)] 89730K->48738K(159744K), 0.0025220 secs] [Times: user=0.01 sys=0.00, real=0.00 secs] 
31.701: Total time for which application threads were stopped: 0.0040420 seconds, Stopping threads took: 0.0014220 seconds
31.739: Application time: 0.0378850 seconds
31.740: [GC [PSYoungGen: 48640K->6640K(48640K)] 90722K->50162K(159744K), 0.0025840 secs] [Times: user=0.02 sys=0.00, real=0.00 secs] 
31.743: Total time for which application threads were stopped: 0.0040990 seconds, Stopping threads took: 0.0014300 seconds
31.781: Application time: 0.0386600 seconds
31.783: [GC [PSYoungGen: 48624K->6656K(48640K)] 92146K->50442K(159744K), 0.0023310 secs] [Times: user=0.02 sys=0.00, real=0.01 secs] 
31.785: Total time for which application threads were stopped: 0.0039440 seconds, Stopping threads took: 0.0015100 seconds
31.823: Application time: 0.0378570 seconds
31.824: [GC [PSYoungGen: 48640K->6656K(48640K)] 92426K->51603K(159744K), 0.0023650 secs] [Times: user=0.01 sys=0.00, real=0.00 secs] 
31.827: Total time for which application threads were stopped: 0.0035900 seconds, Stopping threads took: 0.0011330 seconds
31.864: Application time: 0.0375900 seconds
31.866: [GC [PSYoungGen: 48640K->6656K(48640K)] 93587K->52019K(159744K), 0.0020940 secs] [Times: user=0.01 sys=0.00, real=0.00 secs] 
31.868: Total time for which application threads were stopped: 0.0033470 seconds, Stopping threads took: 0.0011700 seconds
31.904: Application time: 0.0364150 seconds
31.906: [GC [PSYoungGen: 48640K->6656K(48640K)] 94003K->52859K(159744K), 0.0021830 secs] [Times: user=0.02 sys=0.00, real=0.00 secs] 
31.908: Total time for which application threads were stopped: 0.0042430 seconds, Stopping threads took: 0.0019800 seconds
31.946: Application time: 0.0380700 seconds
31.948: [GC [PSYoungGen: 48640K->6016K(48640K)] 94843K->52219K(159744K), 0.0018330 secs] [Times: user=0.01 sys=0.00, real=0.00 secs] 
31.949: Total time for which application threads were stopped: 0.0030560 seconds, Stopping threads took: 0.0011490 seconds
31.989: Application time: 0.0391140 seconds
31.990: [GC [PSYoungGen: 48000K->6640K(48640K)] 94203K->53467K(159744K), 0.0022380 secs] [Times: user=0.01 sys=0.00, real=0.01 secs] 
31.992: Total time for which application threads were stopped: 0.0037180 seconds, Stopping threads took: 0.0013980 seconds
32.031: Application time: 0.0384980 seconds
32.032: [GC [PSYoungGen: 48624K->6304K(48640K)] 95451K->53131K(159744K), 0.0019280 secs] [Times: user=0.01 sys=0.00, real=0.00 secs] 
32.034: Total time for which application threads were stopped: 0.0032520 seconds, Stopping threads took: 0.0012470 seconds
32.070: Application time: 0.0358550 seconds
32.072: [GC [PSYoungGen: 48286K->6656K(48640K)] 95113K->54739K(159744K), 0.0023960 secs] [Times: user=0.01 sys=0.00, real=0.00 secs] 
32.075: Total time for which application threads were stopped: 0.0047640 seconds, Stopping threads took: 0.0022860 seconds
32.110: Application time: 0.0358210 seconds
32.113: [GC [PSYoungGen: 48640K->6656K(48640K)] 96723K->56171K(159744K), 0.0024080 secs] [Times: user=0.02 sys=0.00, real=0.00 secs] 
32.115: Total time for which application threads were stopped: 0.0047110 seconds, Stopping threads took: 0.0022180 seconds
32.153: Application time: 0.0373550 seconds
32.156: [GC [PSYoungGen: 48640K->6432K(48640K)] 98155K->55955K(159744K), 0.0020260 secs] [Times: user=0.01 sys=0.00, real=0.00 secs] 
32.159: Total time for which application threads were stopped: 0.0059500 seconds, Stopping threads took: 0.0038350 seconds
32.195: Application time: 0.0363480 seconds
32.197: [GC [PSYoungGen: 48416K->6656K(48640K)] 97939K->57243K(159744K), 0.0023000 secs] [Times: user=0.02 sys=0.01, real=0.00 secs] 
32.199: Total time for which application threads were stopped: 0.0044840 seconds, Stopping threads took: 0.0021020 seconds
32.236: Application time: 0.0370720 seconds
32.239: [GC [PSYoungGen: 48640K->6656K(48640K)] 99227K->57627K(159744K), 0.0021660 secs] [Times: user=0.02 sys=0.00, real=0.00 secs] 
32.241: Total time for which application threads were stopped: 0.0047490 seconds, Stopping threads took: 0.0025030 seconds
32.280: Application time: 0.0387890 seconds
32.282: [GC [PSYoungGen: 48640K->5520K(48640K)] 99611K->56491K(159744K), 0.0017100 secs] [Times: user=0.01 sys=0.00, real=0.01 secs] 
32.284: Total time for which application threads were stopped: 0.0042890 seconds, Stopping threads took: 0.0025050 seconds
32.323: Application time: 0.0391040 seconds
32.325: [GC [PSYoungGen: 47504K->5536K(48640K)] 98475K->56507K(159744K), 0.0017280 secs] [Times: user=0.01 sys=0.00, real=0.00 secs] 
32.327: Total time for which application threads were stopped: 0.0031910 seconds, Stopping threads took: 0.0013900 seconds
32.365: Application time: 0.0385590 seconds
32.367: [GC [PSYoungGen: 47520K->6112K(48640K)] 98491K->57083K(159744K), 0.0018410 secs] [Times: user=0.01 sys=0.00, real=0.00 secs] 
32.368: Total time for which application threads were stopped: 0.0033500 seconds, Stopping threads took: 0.0014320 seconds
32.407: Application time: 0.0384430 seconds
32.408: [GC [PSYoungGen: 48096K->6640K(48640K)] 99067K->57875K(159744K), 0.0021090 secs] [Times: user=0.01 sys=0.00, real=0.00 secs] 
32.410: Total time for which application threads were stopped: 0.0033450 seconds, Stopping threads took: 0.0011580 seconds
32.449: Application time: 0.0385160 seconds
32.450: [GC [PSYoungGen: 48624K->6624K(48640K)] 99859K->57931K(159744K), 0.0020170 secs] [Times: user=0.01 sys=0.00, real=0.01 secs] 
32.452: Total time for which application threads were stopped: 0.0034210 seconds, Stopping threads took: 0.0013250 seconds
32.490: Application time: 0.0382160 seconds
32.492: [GC [PSYoungGen: 48608K->5248K(48640K)] 99915K->56555K(159744K), 0.0016070 secs] [Times: user=0.01 sys=0.00, real=0.00 secs] 
32.494: Total time for which application threads were stopped: 0.0031820 seconds, Stopping threads took: 0.0015070 seconds
32.532: Application time: 0.0379570 seconds
32.534: [GC [PSYoungGen: 47232K->6624K(48640K)] 98539K->58123K(159744K), 0.0020300 secs] [Times: user=0.02 sys=0.00, real=0.00 secs] 
32.536: Total time for which application threads were stopped: 0.0040380 seconds, Stopping threads took: 0.0019280 seconds
32.572: Application time: 0.0363450 seconds
32.574: [GC [PSYoungGen: 48608K->6656K(48640K)] 100107K->59467K(159744K), 0.0022910 secs] [Times: user=0.01 sys=0.00, real=0.00 secs] 
32.576: Total time for which application threads were stopped: 0.0044290 seconds, Stopping threads took: 0.0020500 seconds
32.615: Application time: 0.0382600 seconds
32.616: [GC [PSYoungGen: 48640K->6656K(48640K)] 101451K->59499K(159744K), 0.0020570 secs] [Times: user=0.02 sys=0.01, real=0.00 secs] 
32.618: Total time for which application threads were stopped: 0.0037470 seconds, Stopping threads took: 0.0016060 seconds
32.656: Application time: 0.0375240 seconds
32.658: [GC [PSYoungGen: 48640K->6656K(48640K)] 101483K->59507K(159744K), 0.0020830 secs] [Times: user=0.02 sys=0.00, real=0.00 secs] 
32.660: Total time for which application threads were stopped: 0.0038600 seconds, Stopping threads took: 0.0016920 seconds
32.698: Application time: 0.0378930 seconds
32.699: [GC [PSYoungGen: 48640K->6112K(48640K)] 101491K->58987K(159744K), 0.0019060 secs] [Times: user=0.01 sys=0.00, real=0.00 secs] 
32.701: Total time for which application threads were stopped: 0.0030300 seconds, Stopping threads took: 0.0010490 seconds
32.738: Application time: 0.0375190 seconds
32.740: [GC [PSYoungGen: 48096K->6624K(48640K)] 100971K->59523K(159744K), 0.0019130 secs] [Times: user=0.01 sys=0.00, real=0.00 secs] 
32.742: Total time for which application threads were stopped: 0.0038060 seconds, Stopping threads took: 0.0018160 seconds
32.781: Application time: 0.0389640 seconds
32.783: [GC [PSYoungGen: 48608K->6656K(48640K)] 101507K->59811K(159744K), 0.0021170 secs] [Times: user=0.01 sys=0.00, real=0.00 secs] 
32.786: Total time for which application threads were stopped: 0.0045100 seconds, Stopping threads took: 0.0023130 seconds
32.825: Application time: 0.0394820 seconds
32.826: [GC [PSYoungGen: 48640K->6576K(48640K)] 101795K->59731K(159744K), 0.0019840 secs] [Times: user=0.01 sys=0.00, real=0.00 secs] 
32.828: Total time for which application threads were stopped: 0.0032850 seconds, Stopping threads took: 0.0012200 seconds
32.866: Application time: 0.0379670 seconds
32.867: [GC [PSYoungGen: 48560K->6560K(48640K)] 101715K->59715K(159744K), 0.0019510 secs] [Times: user=0.01 sys=0.00, real=0.00 secs] 
32.869: Total time for which application threads were stopped: 0.0031550 seconds, Stopping threads took: 0.0011270 seconds
32.906: Application time: 0.0369750 seconds
32.908: [GC [PSYoungGen: 48544K->6656K(48640K)] 101699K->60035K(159744K), 0.0021070 secs] [Times: user=0.01 sys=0.00, real=0.00 secs] 
32.910: Total time for which application threads were stopped: 0.0038260 seconds, Stopping threads took: 0.0016410 seconds
32.948: Application time: 0.0375560 seconds
32.949: [GC [PSYoungGen: 48640K->5824K(48640K)] 102019K->59203K(159744K), 0.0017180 secs] [Times: user=0.01 sys=0.00, real=0.00 secs] 
32.951: Total time for which application threads were stopped: 0.0032400 seconds, Stopping threads took: 0.0014470 seconds
32.989: Application time: 0.0376280 seconds
32.990: [GC [PSYoungGen: 47808K->6656K(48640K)] 101187K->60323K(159744K), 0.0022530 secs] [Times: user=0.01 sys=0.00, real=0.01 secs] 
32.993: Total time for which application threads were stopped: 0.0039170 seconds, Stopping threads took: 0.0015810 seconds
33.029: Application time: 0.0363560 seconds
33.030: [GC [PSYoungGen: 48640K->6512K(48640K)] 102307K->60179K(159744K), 0.0019620 secs] [Times: user=0.02 sys=0.00, real=0.01 secs] 
33.032: Total time for which application threads were stopped: 0.0033680 seconds, Stopping threads took: 0.0013270 seconds
33.070: Application time: 0.0376650 seconds
33.071: [GC [PSYoungGen: 48496K->6336K(48640K)] 102163K->60019K(159744K), 0.0019270 secs] [Times: user=0.01 sys=0.00, real=0.00 secs] 
33.073: Total time for which application threads were stopped: 0.0034660 seconds, Stopping threads took: 0.0014620 seconds
33.111: Application time: 0.0374110 seconds
33.112: [GC [PSYoungGen: 48320K->5760K(48640K)] 102003K->59475K(159744K), 0.0017400 secs] [Times: user=0.01 sys=0.00, real=0.00 secs] 
33.114: Total time for which application threads were stopped: 0.0034130 seconds, Stopping threads took: 0.0016030 seconds
33.153: Application time: 0.0392320 seconds
33.154: [GC [PSYoungGen: 47744K->5648K(48640K)] 101459K->59379K(159744K), 0.0017570 secs] [Times: user=0.01 sys=0.00, real=0.00 secs] 
33.156: Total time for which application threads were stopped: 0.0026810 seconds, Stopping threads took: 0.0008460 seconds
33.193: Application time: 0.0370560 seconds
33.195: [GC [PSYoungGen: 47632K->6288K(48640K)] 101363K->60035K(159744K), 0.0018890 secs] [Times: user=0.01 sys=0.00, real=0.00 secs] 
33.197: Total time for which application threads were stopped: 0.0038990 seconds, Stopping threads took: 0.0019260 seconds
33.236: Application time: 0.0385130 seconds
33.237: [GC [PSYoungGen: 48272K->6640K(48640K)] 102019K->60403K(159744K), 0.0019970 secs] [Times: user=0.01 sys=0.00, real=0.00 secs] 
33.239: Total time for which application threads were stopped: 0.0037690 seconds, Stopping threads took: 0.0016890 seconds
33.281: Application time: 0.0412580 seconds
33.282: [GC [PSYoungGen: 48624K->6624K(48640K)] 102387K->60395K(159744K), 0.0019930 secs] [Times: user=0.02 sys=0.00, real=0.01 secs] 
33.284: Total time for which application threads were stopped: 0.0031250 seconds, Stopping threads took: 0.0010500 seconds
33.325: Application time: 0.0407520 seconds
33.326: [GC [PSYoungGen: 48608K->6640K(48640K)] 102379K->60667K(159744K), 0.0022210 secs] [Times: user=0.01 sys=0.00, real=0.00 secs] 
33.328: Total time for which application threads were stopped: 0.0035920 seconds, Stopping threads took: 0.0012870 seconds
33.367: Application time: 0.0393080 seconds
33.368: [GC [PSYoungGen: 48624K->6400K(48640K)] 102651K->60427K(159744K), 0.0018550 secs] [Times: user=0.01 sys=0.00, real=0.00 secs] 
33.370: Total time for which application threads were stopped: 0.0029460 seconds, Stopping threads took: 0.0010100 seconds
33.412: Application time: 0.0413280 seconds
33.413: [GC [PSYoungGen: 48384K->6640K(48640K)] 102411K->60707K(159744K), 0.0020780 secs] [Times: user=0.01 sys=0.00, real=0.00 secs] 
33.415: Total time for which application threads were stopped: 0.0031770 seconds, Stopping threads took: 0.0010160 seconds
33.455: Application time: 0.0401440 seconds
33.456: [GC [PSYoungGen: 48624K->6640K(48640K)] 102691K->61195K(159744K), 0.0020940 secs] [Times: user=0.01 sys=0.00, real=0.00 secs] 
33.458: Total time for which application threads were stopped: 0.0033180 seconds, Stopping threads took: 0.0011420 seconds
33.499: Application time: 0.0404570 seconds
33.501: [GC [PSYoungGen: 48624K->6528K(48640K)] 103179K->61083K(159744K), 0.0019870 secs] [Times: user=0.01 sys=0.00, real=0.00 secs] 
33.503: Total time for which application threads were stopped: 0.0040300 seconds, Stopping threads took: 0.0019640 seconds
33.542: Application time: 0.0394820 seconds
33.544: [GC [PSYoungGen: 48512K->6624K(48640K)] 103067K->61291K(159744K), 0.0020750 secs] [Times: user=0.01 sys=0.00, real=0.00 secs] 
33.547: Total time for which application threads were stopped: 0.0042390 seconds, Stopping threads took: 0.0020720 seconds
33.585: Application time: 0.0388400 seconds
33.587: [GC [PSYoungGen: 48608K->6640K(48640K)] 103275K->62139K(159744K), 0.0023470 secs] [Times: user=0.02 sys=0.00, real=0.00 secs] 
33.590: Total time for which application threads were stopped: 0.0042680 seconds, Stopping threads took: 0.0018380 seconds
33.629: Application time: 0.0397120 seconds
33.631: [GC [PSYoungGen: 48624K->6176K(48640K)] 104123K->61691K(159744K), 0.0019700 secs] [Times: user=0.02 sys=0.00, real=0.00 secs] 
33.633: Total time for which application threads were stopped: 0.0039220 seconds, Stopping threads took: 0.0018780 seconds
33.673: Application time: 0.0394910 seconds
33.675: [GC [PSYoungGen: 48160K->6624K(48640K)] 103675K->62979K(159744K), 0.0022350 secs] [Times: user=0.02 sys=0.00, real=0.00 secs] 
33.677: Total time for which application threads were stopped: 0.0043280 seconds, Stopping threads took: 0.0020160 seconds
33.717: Application time: 0.0401560 seconds
33.720: [GC [PSYoungGen: 48608K->5920K(48640K)] 104963K->62283K(159744K), 0.0017390 secs] [Times: user=0.01 sys=0.00, real=0.00 secs] 
33.721: Total time for which application threads were stopped: 0.0039790 seconds, Stopping threads took: 0.0021590 seconds
33.762: Application time: 0.0404210 seconds
33.763: [GC [PSYoungGen: 47904K->6400K(48640K)] 104267K->62771K(159744K), 0.0020190 secs] [Times: user=0.01 sys=0.00, real=0.00 secs] 
33.766: Total time for which application threads were stopped: 0.0038070 seconds, Stopping threads took: 0.0017070 seconds
33.807: Application time: 0.0415610 seconds
33.810: [GC [PSYoungGen: 48384K->6640K(48640K)] 104755K->64235K(159744K), 0.0025460 secs] [Times: user=0.02 sys=0.00, real=0.01 secs] 
33.813: Total time for which application threads were stopped: 0.0058790 seconds, Stopping threads took: 0.0032410 seconds
33.853: Application time: 0.0396640 seconds
33.855: [GC [PSYoungGen: 48624K->6656K(48640K)] 106219K->65611K(159744K), 0.0025900 secs] [Times: user=0.02 sys=0.00, real=0.00 secs] 
33.857: Total time for which application threads were stopped: 0.0048000 seconds, Stopping threads took: 0.0021300 seconds
33.897: Application time: 0.0394320 seconds
33.899: [GC [PSYoungGen: 48640K->6656K(48640K)] 107595K->65843K(159744K), 0.0021330 secs] [Times: user=0.01 sys=0.00, real=0.00 secs] 
33.902: Total time for which application threads were stopped: 0.0046420 seconds, Stopping threads took: 0.0024290 seconds
33.942: Application time: 0.0400710 seconds
33.944: [GC [PSYoungGen: 48640K->6368K(48640K)] 107827K->65555K(159744K), 0.0019460 secs] [Times: user=0.01 sys=0.01, real=0.00 secs] 
33.946: Total time for which application threads were stopped: 0.0040900 seconds, Stopping threads took: 0.0020620 seconds
33.985: Application time: 0.0395890 seconds
33.988: [GC [PSYoungGen: 48352K->5328K(48640K)] 107539K->64515K(159744K), 0.0016370 secs] [Times: user=0.01 sys=0.00, real=0.00 secs] 
33.989: Total time for which application threads were stopped: 0.0040470 seconds, Stopping threads took: 0.0023320 seconds
34.029: Application time: 0.0392180 seconds
34.030: [GC [PSYoungGen: 47312K->6656K(48640K)] 106499K->66851K(159744K), 0.0024640 secs] [Times: user=0.01 sys=0.00, real=0.01 secs] 
34.032: Total time for which application threads were stopped: 0.0039270 seconds, Stopping threads took: 0.0013750 seconds
34.072: Application time: 0.0398280 seconds
34.074: [GC [PSYoungGen: 48640K->6656K(48640K)] 108835K->68243K(159744K), 0.0023500 secs] [Times: user=0.02 sys=0.00, real=0.00 secs] 
34.076: Total time for which application threads were stopped: 0.0038840 seconds, Stopping threads took: 0.0014490 seconds
34.117: Application time: 0.0405270 seconds
34.118: [GC [PSYoungGen: 48640K->6640K(48640K)] 110227K->68379K(159744K), 0.0021610 secs] [Times: user=0.01 sys=0.00, real=0.00 secs] 
34.121: Total time for which application threads were stopped: 0.0038320 seconds, Stopping threads took: 0.0015920 seconds
34.160: Application time: 0.0394170 seconds
34.162: [GC [PSYoungGen: 48624K->6640K(48640K)] 110363K->69415K(159744K), 0.0024020 secs] [Times: user=0.01 sys=0.00, real=0.01 secs] 
34.164: Total time for which application threads were stopped: 0.0042930 seconds, Stopping threads took: 0.0018060 seconds
34.205: Application time: 0.0402930 seconds
34.206: [GC [PSYoungGen: 48624K->6176K(48640K)] 111399K->68959K(159744K), 0.0018860 secs] [Times: user=0.01 sys=0.00, real=0.00 secs] 
34.208: Total time for which application threads were stopped: 0.0031140 seconds, Stopping threads took: 0.0011540 seconds
34.247: Application time: 0.0392700 seconds
34.250: [GC [PSYoungGen: 48160K->6640K(48640K)] 110943K->70115K(159744K), 0.0022920 secs] [Times: user=0.02 sys=0.00, real=0.01 secs] 
34.252: Total time for which application threads were stopped: 0.0054310 seconds, Stopping threads took: 0.0030480 seconds
34.293: Application time: 0.0403790 seconds
34.294: [GC [PSYoungGen: 48624K->6656K(48640K)] 112099K->71099K(159744K), 0.0022910 secs] [Times: user=0.02 sys=0.00, real=0.00 secs] 
34.297: Total time for which application threads were stopped: 0.0038860 seconds, Stopping threads took: 0.0015130 seconds
34.337: Application time: 0.0403540 seconds
34.339: [GC [PSYoungGen: 48640K->6496K(48640K)] 113083K->70939K(159744K), 0.0019630 secs] [Times: user=0.02 sys=0.00, real=0.00 secs] 
34.341: Total time for which application threads were stopped: 0.0036250 seconds, Stopping threads took: 0.0015800 seconds
34.381: Application time: 0.0401820 seconds
34.383: [GC [PSYoungGen: 48480K->6624K(48640K)] 112923K->71171K(159744K), 0.0021190 secs] [Times: user=0.02 sys=0.00, real=0.01 secs] 
34.385: Total time for which application threads were stopped: 0.0040540 seconds, Stopping threads took: 0.0018520 seconds
34.426: Application time: 0.0408280 seconds
34.427: [GC [PSYoungGen: 48608K->6640K(48640K)] 113155K->71227K(159744K), 0.0020570 secs] [Times: user=0.01 sys=0.00, real=0.00 secs] 
34.429: Total time for which application threads were stopped: 0.0030310 seconds, Stopping threads took: 0.0008930 seconds
34.469: Application time: 0.0407190 seconds
34.471: [GC [PSYoungGen: 48624K->6128K(48640K)] 113211K->70715K(159744K), 0.0018860 secs] [Times: user=0.02 sys=0.00, real=0.01 secs] 
34.473: Total time for which application threads were stopped: 0.0030610 seconds, Stopping threads took: 0.0010970 seconds
34.513: Application time: 0.0400320 seconds
34.515: [GC [PSYoungGen: 48112K->5552K(48640K)] 112699K->70139K(159744K), 0.0017380 secs] [Times: user=0.02 sys=0.00, real=0.00 secs] 
34.516: Total time for which application threads were stopped: 0.0037560 seconds, Stopping threads took: 0.0019380 seconds
34.558: Application time: 0.0415530 seconds
34.559: [GC [PSYoungGen: 47536K->5392K(48640K)] 112123K->69979K(159744K), 0.0017090 secs] [Times: user=0.01 sys=0.00, real=0.00 secs] 
34.561: Total time for which application threads were stopped: 0.0028440 seconds, Stopping threads took: 0.0010580 seconds
34.602: Application time: 0.0417330 seconds
34.604: [GC [PSYoungGen: 47376K->5456K(48640K)] 111963K->70043K(159744K), 0.0017260 secs] [Times: user=0.01 sys=0.00, real=0.00 secs] 
34.606: Total time for which application threads were stopped: 0.0034780 seconds, Stopping threads took: 0.0016710 seconds
34.646: Application time: 0.0402290 seconds
34.648: [GC [PSYoungGen: 47440K->6128K(48640K)] 112027K->70715K(159744K), 0.0018180 secs] [Times: user=0.01 sys=0.00, real=0.00 secs] 
34.650: Total time for which application threads were stopped: 0.0036950 seconds, Stopping threads took: 0.0017990 seconds
34.689: Application time: 0.0394190 seconds
34.692: [GC [PSYoungGen: 48112K->6656K(48640K)] 112699K->71843K(159744K), 0.0022460 secs] [Times: user=0.01 sys=0.00, real=0.00 secs] 
34.694: Total time for which application threads were stopped: 0.0046080 seconds, Stopping threads took: 0.0022840 seconds
34.734: Application time: 0.0400640 seconds
34.735: [GC [PSYoungGen: 48640K->6576K(48640K)] 113827K->71771K(159744K), 0.0021470 secs] [Times: user=0.01 sys=0.00, real=0.00 secs] 
34.737: Total time for which application threads were stopped: 0.0034000 seconds, Stopping threads took: 0.0011620 seconds
34.777: Application time: 0.0400830 seconds
34.780: [GC [PSYoungGen: 48559K->6544K(48640K)] 113755K->71755K(159744K), 0.0022650 secs] [Times: user=0.01 sys=0.00, real=0.00 secs] 
34.782: Total time for which application threads were stopped: 0.0049190 seconds, Stopping threads took: 0.0025630 seconds
34.821: Application time: 0.0389840 seconds
34.823: [GC [PSYoungGen: 48526K->6640K(48640K)] 113738K->73131K(159744K), 0.0024480 secs] [Times: user=0.01 sys=0.00, real=0.00 secs] 
34.826: Total time for which application threads were stopped: 0.0046320 seconds, Stopping threads took: 0.0021040 seconds
34.865: Application time: 0.0392900 seconds
34.866: [GC [PSYoungGen: 48624K->6624K(48640K)] 115115K->73323K(159744K), 0.0021770 secs] [Times: user=0.02 sys=0.00, real=0.00 secs] 
34.869: Total time for which application threads were stopped: 0.0034350 seconds, Stopping threads took: 0.0011700 seconds
34.909: Application time: 0.0405180 seconds
34.910: [GC [PSYoungGen: 48606K->6208K(48640K)] 115306K->72907K(159744K), 0.0020050 secs] [Times: user=0.01 sys=0.00, real=0.01 secs] 
34.912: Total time for which application threads were stopped: 0.0032410 seconds, Stopping threads took: 0.0011570 seconds
34.952: Application time: 0.0399590 seconds
34.955: [GC [PSYoungGen: 48190K->6176K(48640K)] 114890K->72875K(159744K), 0.0019330 secs] [Times: user=0.01 sys=0.00, real=0.00 secs] 
34.957: Total time for which application threads were stopped: 0.0044070 seconds, Stopping threads took: 0.0023900 seconds
34.997: Application time: 0.0399980 seconds
34.998: [GC [PSYoungGen: 48159K->6624K(48640K)] 114859K->73939K(159744K), 0.0023240 secs] [Times: user=0.01 sys=0.00, real=0.00 secs] 
35.001: Total time for which application threads were stopped: 0.0039140 seconds, Stopping threads took: 0.0015080 seconds
35.041: Application time: 0.0398110 seconds
35.042: [GC [PSYoungGen: 48608K->6656K(48640K)] 115923K->74467K(159744K), 0.0024160 secs] [Times: user=0.01 sys=0.00, real=0.01 secs] 
35.045: Total time for which application threads were stopped: 0.0042620 seconds, Stopping threads took: 0.0017620 seconds
35.084: Application time: 0.0390730 seconds
35.086: [GC [PSYoungGen: 48640K->6656K(48640K)] 116451K->75267K(159744K), 0.0024680 secs] [Times: user=0.02 sys=0.00, real=0.00 secs] 
35.088: Total time for which application threads were stopped: 0.0045290 seconds, Stopping threads took: 0.0019760 seconds
35.128: Application time: 0.0400320 seconds
35.131: [GC [PSYoungGen: 48640K->6656K(48640K)] 117251K->75923K(159744K), 0.0022260 secs] [Times: user=0.02 sys=0.00, real=0.01 secs] 
35.133: Total time for which application threads were stopped: 0.0048100 seconds, Stopping threads took: 0.0025000 seconds
35.172: Application time: 0.0388860 seconds
35.175: [GC [PSYoungGen: 48640K->6624K(48640K)] 117907K->76835K(159744K), 0.0023790 secs] [Times: user=0.01 sys=0.00, real=0.00 secs] 
35.178: Total time for which application threads were stopped: 0.0055030 seconds, Stopping threads took: 0.0030360 seconds
35.219: Application time: 0.0410000 seconds
35.222: [GC [PSYoungGen: 48608K->6384K(48640K)] 118819K->76595K(159744K), 0.0020040 secs] [Times: user=0.01 sys=0.00, real=0.01 secs] 
35.224: Total time for which application threads were stopped: 0.0049620 seconds, Stopping threads took: 0.0028750 seconds
35.264: Application time: 0.0405460 seconds
35.266: [GC [PSYoungGen: 48368K->5696K(48640K)] 118579K->75923K(159744K), 0.0018350 secs] [Times: user=0.02 sys=0.00, real=0.00 secs] 
35.268: Total time for which application threads were stopped: 0.0038070 seconds, Stopping threads took: 0.0018930 seconds
35.309: Application time: 0.0405750 seconds
35.310: [GC [PSYoungGen: 47680K->5056K(48640K)] 117907K->75300K(159744K), 0.0016830 secs] [Times: user=0.02 sys=0.00, real=0.01 secs] 
35.312: Total time for which application threads were stopped: 0.0033810 seconds, Stopping threads took: 0.0016050 seconds
35.352: Application time: 0.0402480 seconds
35.354: [GC [PSYoungGen: 47040K->6624K(48640K)] 117284K->77227K(159744K), 0.0022570 secs] [Times: user=0.02 sys=0.00, real=0.00 secs] 
35.357: Total time for which application threads were stopped: 0.0043070 seconds, Stopping threads took: 0.0019670 seconds
35.397: Application time: 0.0408050 seconds
35.400: [GC [PSYoungGen: 48608K->6640K(48640K)] 119211K->77603K(159744K), 0.0021340 secs] [Times: user=0.01 sys=0.00, real=0.00 secs] 
35.402: Total time for which application threads were stopped: 0.0043910 seconds, Stopping threads took: 0.0021760 seconds
35.441: Application time: 0.0397110 seconds
35.443: [GC [PSYoungGen: 48624K->6624K(48640K)] 119587K->77852K(159744K), 0.0020800 secs] [Times: user=0.01 sys=0.00, real=0.01 secs] 
35.445: Total time for which application threads were stopped: 0.0036040 seconds, Stopping threads took: 0.0014360 seconds
35.484: Application time: 0.0385360 seconds
35.485: [GC [PSYoungGen: 48608K->6656K(48640K)] 119836K->78604K(159744K), 0.0022900 secs] [Times: user=0.00 sys=0.01, real=0.00 secs] 
35.487: Total time for which application threads were stopped: 0.0039000 seconds, Stopping threads took: 0.0015300 seconds
35.527: Application time: 0.0399830 seconds
35.530: [GC [PSYoungGen: 48640K->6656K(48640K)] 120588K->78932K(159744K), 0.0022370 secs] [Times: user=0.02 sys=0.00, real=0.01 secs] 
35.532: Total time for which application threads were stopped: 0.0044970 seconds, Stopping threads took: 0.0021790 seconds
35.573: Application time: 0.0413690 seconds
35.575: [GC [PSYoungGen: 48640K->6496K(48640K)] 120916K->78772K(159744K), 0.0020570 secs] [Times: user=0.02 sys=0.00, real=0.00 secs] 
35.577: Total time for which application threads were stopped: 0.0032990 seconds, Stopping threads took: 0.0011630 seconds
35.618: Application time: 0.0415240 seconds
35.619: [GC [PSYoungGen: 48480K->5472K(48640K)] 120756K->77748K(159744K), 0.0017080 secs] [Times: user=0.01 sys=0.00, real=0.00 secs] 
35.621: Total time for which application threads were stopped: 0.0029860 seconds, Stopping threads took: 0.0012070 seconds
35.662: Application time: 0.0411230 seconds
35.664: [GC [PSYoungGen: 47456K->6272K(48640K)] 119732K->78548K(159744K), 0.0019350 secs] [Times: user=0.01 sys=0.00, real=0.00 secs] 
35.665: Total time for which application threads were stopped: 0.0032040 seconds, Stopping threads took: 0.0011910 seconds
35.708: Application time: 0.0425550 seconds
35.709: [GC [PSYoungGen: 48256K->5248K(48640K)] 120532K->77524K(159744K), 0.0015690 secs] [Times: user=0.02 sys=0.00, real=0.00 secs] 
35.711: Total time for which application threads were stopped: 0.0029560 seconds, Stopping threads took: 0.0013130 seconds
35.753: Application time: 0.0423870 seconds
35.755: [GC [PSYoungGen: 47232K->5568K(48640K)] 119508K->77844K(159744K), 0.0017770 secs] [Times: user=0.01 sys=0.00, real=0.00 secs] 
35.756: Total time for which application threads were stopped: 0.0030430 seconds, Stopping threads took: 0.0011900 seconds
35.796: Application time: 0.0399770 seconds
35.798: [GC [PSYoungGen: 47552K->6624K(48640K)] 119828K->79972K(159744K), 0.0048520 secs] [Times: user=0.03 sys=0.00, real=0.00 secs] 
35.803: Total time for which application threads were stopped: 0.0067290 seconds, Stopping threads took: 0.0017870 seconds
35.844: Application time: 0.0409530 seconds
35.847: [GC [PSYoungGen: 48608K->5104K(48640K)] 121956K->78460K(159744K), 0.0016200 secs] [Times: user=0.01 sys=0.00, real=0.00 secs] 
35.849: Total time for which application threads were stopped: 0.0045180 seconds, Stopping threads took: 0.0028140 seconds
35.888: Application time: 0.0398660 seconds
35.890: [GC [PSYoungGen: 47088K->6656K(48640K)] 120444K->80740K(159744K), 0.0022430 secs] [Times: user=0.01 sys=0.00, real=0.01 secs] 
35.893: Total time for which application threads were stopped: 0.0041570 seconds, Stopping threads took: 0.0018300 seconds
35.931: Application time: 0.0382900 seconds
35.933: [GC [PSYoungGen: 48640K->6656K(48640K)] 122724K->81692K(159744K), 0.0023010 secs] [Times: user=0.01 sys=0.00, real=0.00 secs] 
35.935: Total time for which application threads were stopped: 0.0042130 seconds, Stopping threads took: 0.0018140 seconds
35.975: Application time: 0.0398300 seconds
35.977: [GC [PSYoungGen: 48640K->6656K(48640K)] 123676K->82884K(159744K), 0.0023690 secs] [Times: user=0.02 sys=0.00, real=0.00 secs] 
35.979: Total time for which application threads were stopped: 0.0043620 seconds, Stopping threads took: 0.0019040 seconds
36.020: Application time: 0.0402330 seconds
36.021: [GC [PSYoungGen: 48640K->5536K(48640K)] 124868K->81764K(159744K), 0.0017470 secs] [Times: user=0.01 sys=0.00, real=0.00 secs] 
36.022: Total time for which application threads were stopped: 0.0028270 seconds, Stopping threads took: 0.0010050 seconds
36.064: Application time: 0.0416120 seconds
36.066: [GC [PSYoungGen: 47520K->5280K(48640K)] 123748K->81508K(159744K), 0.0017010 secs] [Times: user=0.01 sys=0.00, real=0.00 secs] 
36.067: Total time for which application threads were stopped: 0.0034590 seconds, Stopping threads took: 0.0016840 seconds
36.108: Application time: 0.0404220 seconds
36.110: [GC [PSYoungGen: 47264K->5792K(48640K)] 123492K->82020K(159744K), 0.0018030 secs] [Times: user=0.01 sys=0.00, real=0.01 secs] 
36.112: Total time for which application threads were stopped: 0.0036040 seconds, Stopping threads took: 0.0017160 seconds
36.152: Application time: 0.0407480 seconds
36.154: [GC [PSYoungGen: 47776K->5792K(48640K)] 124004K->82020K(159744K), 0.0019970 secs] [Times: user=0.01 sys=0.00, real=0.00 secs] 
36.157: Total time for which application threads were stopped: 0.0042530 seconds, Stopping threads took: 0.0021750 seconds
36.195: Application time: 0.0386920 seconds
36.197: [GC [PSYoungGen: 47776K->6336K(48640K)] 124004K->82564K(159744K), 0.0020500 secs] [Times: user=0.02 sys=0.00, real=0.00 secs] 
36.199: Total time for which application threads were stopped: 0.0041720 seconds, Stopping threads took: 0.0020270 seconds
36.241: Application time: 0.0415520 seconds
36.243: [GC [PSYoungGen: 48320K->5376K(48640K)] 124548K->81604K(159744K), 0.0016720 secs] [Times: user=0.02 sys=0.00, real=0.01 secs] 
36.244: Total time for which application threads were stopped: 0.0033390 seconds, Stopping threads took: 0.0015900 seconds
36.285: Application time: 0.0408410 seconds
36.288: [GC [PSYoungGen: 47360K->6432K(48640K)] 123588K->82660K(159744K), 0.0020520 secs] [Times: user=0.02 sys=0.00, real=0.00 secs] 
36.290: Total time for which application threads were stopped: 0.0051990 seconds, Stopping threads took: 0.0030600 seconds
36.331: Application time: 0.0407360 seconds
36.333: [GC [PSYoungGen: 48416K->6656K(48640K)] 124644K->83712K(159744K), 0.0023750 secs] [Times: user=0.02 sys=0.00, real=0.00 secs] 
36.335: Total time for which application threads were stopped: 0.0039780 seconds, Stopping threads took: 0.0015200 seconds
36.376: Application time: 0.0407730 seconds
36.377: [GC [PSYoungGen: 48640K->5376K(48640K)] 125696K->82432K(159744K), 0.0017140 secs] [Times: user=0.01 sys=0.00, real=0.00 secs] 
36.379: Total time for which application threads were stopped: 0.0031620 seconds, Stopping threads took: 0.0013590 seconds
36.420: Application time: 0.0408460 seconds
36.422: [GC [PSYoungGen: 47360K->6272K(48640K)] 124416K->83336K(159744K), 0.0019610 secs] [Times: user=0.01 sys=0.00, real=0.01 secs] 
36.424: Total time for which application threads were stopped: 0.0044460 seconds, Stopping threads took: 0.0024050 seconds
36.465: Application time: 0.0410270 seconds
36.467: [GC [PSYoungGen: 48256K->4816K(48640K)] 125320K->81888K(159744K), 0.0015680 secs] [Times: user=0.01 sys=0.00, real=0.00 secs] 
36.468: Total time for which application threads were stopped: 0.0029880 seconds, Stopping threads took: 0.0013450 seconds
36.509: Application time: 0.0406730 seconds
36.511: [GC [PSYoungGen: 46800K->6304K(48640K)] 123872K->83376K(159744K), 0.0019980 secs] [Times: user=0.02 sys=0.00, real=0.01 secs] 
36.513: Total time for which application threads were stopped: 0.0037890 seconds, Stopping threads took: 0.0017110 seconds
36.553: Application time: 0.0402860 seconds
36.555: [GC [PSYoungGen: 48288K->6656K(48640K)] 125360K->83736K(159744K), 0.0020480 secs] [Times: user=0.01 sys=0.00, real=0.00 secs] 
36.557: Total time for which application threads were stopped: 0.0037170 seconds, Stopping threads took: 0.0015890 seconds
36.597: Application time: 0.0402890 seconds
36.599: [GC [PSYoungGen: 48640K->6208K(48640K)] 125720K->83288K(159744K), 0.0019370 secs] [Times: user=0.02 sys=0.00, real=0.00 secs] 
36.601: Total time for which application threads were stopped: 0.0038660 seconds, Stopping threads took: 0.0018430 seconds
36.642: Application time: 0.0415000 seconds
36.645: [GC [PSYoungGen: 48192K->5696K(48640K)] 125272K->82776K(159744K), 0.0017670 secs] [Times: user=0.01 sys=0.00, real=0.00 secs] 
36.647: Total time for which application threads were stopped: 0.0048230 seconds, Stopping threads took: 0.0029760 seconds
36.689: Application time: 0.0416380 seconds
36.692: [GC [PSYoungGen: 47680K->6240K(48640K)] 124760K->83320K(159744K), 0.0019890 secs] [Times: user=0.01 sys=0.00, real=0.00 secs] 
36.694: Total time for which application threads were stopped: 0.0052370 seconds, Stopping threads took: 0.0031660 seconds
36.733: Application time: 0.0392530 seconds
36.735: [GC [PSYoungGen: 48224K->6656K(48640K)] 125304K->84528K(159744K), 0.0022490 secs] [Times: user=0.02 sys=0.00, real=0.00 secs] 
36.737: Total time for which application threads were stopped: 0.0038810 seconds, Stopping threads took: 0.0015520 seconds
36.779: Application time: 0.0413760 seconds
36.780: [GC [PSYoungGen: 48640K->5568K(48640K)] 126512K->83440K(159744K), 0.0017290 secs] [Times: user=0.01 sys=0.00, real=0.00 secs] 
36.782: Total time for which application threads were stopped: 0.0034540 seconds, Stopping threads took: 0.0016480 seconds
36.822: Application time: 0.0396910 seconds
36.824: [GC [PSYoungGen: 47552K->6656K(48640K)] 125424K->85968K(159744K), 0.0024830 secs] [Times: user=0.02 sys=0.00, real=0.00 secs] 
36.827: Total time for which application threads were stopped: 0.0049130 seconds, Stopping threads took: 0.0023470 seconds
36.866: Application time: 0.0391840 seconds
36.868: [GC [PSYoungGen: 48640K->6640K(48640K)] 127952K->86580K(159744K), 0.0022950 secs] [Times: user=0.01 sys=0.00, real=0.00 secs] 
36.870: Total time for which application threads were stopped: 0.0043490 seconds, Stopping threads took: 0.0019670 seconds
36.911: Application time: 0.0402630 seconds
36.911: [GC [PSYoungGen: 48624K->6640K(48640K)] 128564K->86844K(159744K), 0.0021540 secs] [Times: user=0.01 sys=0.00, real=0.01 secs] 
36.913: Total time for which application threads were stopped: 0.0026290 seconds, Stopping threads took: 0.0003880 seconds
36.952: Application time: 0.0392520 seconds
36.954: [GC [PSYoungGen: 48624K->6624K(48640K)] 128828K->87244K(159744K), 0.0021260 secs] [Times: user=0.01 sys=0.00, real=0.00 secs] 
36.957: Total time for which application threads were stopped: 0.0041160 seconds, Stopping threads took: 0.0019060 seconds
36.997: Application time: 0.0404470 seconds
36.998: [GC [PSYoungGen: 48608K->6640K(48640K)] 129228K->87460K(159744K), 0.0020800 secs] [Times: user=0.02 sys=0.00, real=0.00 secs] 
37.001: Total time for which application threads were stopped: 0.0035640 seconds, Stopping threads took: 0.0013940 seconds
37.040: Application time: 0.0396560 seconds
37.042: [GC [PSYoungGen: 48624K->6640K(48640K)] 129444K->88108K(159744K), 0.0023550 secs] [Times: user=0.02 sys=0.00, real=0.01 secs] 
37.045: Total time for which application threads were stopped: 0.0043860 seconds, Stopping threads took: 0.0019420 seconds
37.086: Application time: 0.0410790 seconds
37.088: [GC [PSYoungGen: 48624K->6656K(48640K)] 130092K->88212K(159744K), 0.0021030 secs] [Times: user=0.01 sys=0.00, real=0.00 secs] 
37.090: Total time for which application threads were stopped: 0.0046970 seconds, Stopping threads took: 0.0025100 seconds
37.131: Application time: 0.0402900 seconds
37.132: [GC [PSYoungGen: 48640K->6656K(48640K)] 130196K->88548K(159744K), 0.0022920 secs] [Times: user=0.01 sys=0.00, real=0.00 secs] 
37.135: Total time for which application threads were stopped: 0.0041020 seconds, Stopping threads took: 0.0017060 seconds
37.175: Application time: 0.0400370 seconds
37.179: [GC [PSYoungGen: 48640K->6048K(48640K)] 130532K->87940K(159744K), 0.0021090 secs] [Times: user=0.01 sys=0.00, real=0.00 secs] 
37.182: Total time for which application threads were stopped: 0.0067630 seconds, Stopping threads took: 0.0045490 seconds
37.223: Application time: 0.0414230 seconds
37.225: [GC [PSYoungGen: 48032K->5888K(48640K)] 129924K->87780K(159744K), 0.0019720 secs] [Times: user=0.01 sys=0.00, real=0.00 secs] 
37.227: Total time for which application threads were stopped: 0.0037450 seconds, Stopping threads took: 0.0016900 seconds
37.265: Application time: 0.0386550 seconds
37.267: [GC [PSYoungGen: 47872K->5504K(48640K)] 129764K->87396K(159744K), 0.0017000 secs] [Times: user=0.01 sys=0.00, real=0.00 secs] 
37.269: Total time for which application threads were stopped: 0.0034720 seconds, Stopping threads took: 0.0016900 seconds
37.307: Application time: 0.0379930 seconds
37.308: [GC [PSYoungGen: 47488K->6352K(48640K)] 129380K->88244K(159744K), 0.0019620 secs] [Times: user=0.01 sys=0.00, real=0.00 secs] 
37.310: Total time for which application threads were stopped: 0.0032210 seconds, Stopping threads took: 0.0011840 seconds
37.348: Application time: 0.0381720 seconds
37.350: [GC [PSYoungGen: 48336K->4576K(48640K)] 130228K->86468K(159744K), 0.0014800 secs] [Times: user=0.01 sys=0.00, real=0.01 secs] 
37.352: Total time for which application threads were stopped: 0.0035960 seconds, Stopping threads took: 0.0020450 seconds
37.391: Application time: 0.0391800 seconds
37.392: [GC [PSYoungGen: 46560K->5296K(48640K)] 128452K->87188K(159744K), 0.0016880 secs] [Times: user=0.01 sys=0.00, real=0.00 secs] 
37.394: Total time for which application threads were stopped: 0.0029140 seconds, Stopping threads took: 0.0011540 seconds
37.433: Application time: 0.0390220 seconds
37.434: [GC [PSYoungGen: 47280K->6240K(48640K)] 129172K->88140K(159744K), 0.0019380 secs] [Times: user=0.01 sys=0.00, real=0.00 secs] 
37.436: Total time for which application threads were stopped: 0.0034010 seconds, Stopping threads took: 0.0013820 seconds
37.475: Application time: 0.0381590 seconds
37.476: [GC [PSYoungGen: 48224K->6256K(48640K)] 130124K->88164K(159744K), 0.0019480 secs] [Times: user=0.02 sys=0.00, real=0.00 secs] 
37.478: Total time for which application threads were stopped: 0.0035060 seconds, Stopping threads took: 0.0014770 seconds
37.515: Application time: 0.0372390 seconds
37.517: [GC [PSYoungGen: 48238K->5104K(48640K)] 130147K->87028K(159744K), 0.0015810 secs] [Times: user=0.01 sys=0.00, real=0.00 secs] 
37.518: Total time for which application threads were stopped: 0.0031350 seconds, Stopping threads took: 0.0014750 seconds
37.556: Application time: 0.0371950 seconds
37.557: [GC [PSYoungGen: 47088K->6640K(48640K)] 129012K->88788K(159744K), 0.0020700 secs] [Times: user=0.02 sys=0.00, real=0.00 secs] 
37.559: Total time for which application threads were stopped: 0.0037250 seconds, Stopping threads took: 0.0015740 seconds
37.597: Application time: 0.0376510 seconds
37.599: [GC [PSYoungGen: 48624K->6640K(48640K)] 130772K->90213K(159744K), 0.0023990 secs] [Times: user=0.02 sys=0.00, real=0.00 secs] 
37.601: Total time for which application threads were stopped: 0.0042160 seconds, Stopping threads took: 0.0017330 seconds
37.638: Application time: 0.0371560 seconds
37.641: [GC [PSYoungGen: 48624K->6656K(48640K)] 132197K->90877K(159744K), 0.0022280 secs] [Times: user=0.01 sys=0.00, real=0.00 secs] 
37.643: Total time for which application threads were stopped: 0.0046740 seconds, Stopping threads took: 0.0023680 seconds
37.680: Application time: 0.0374030 seconds
37.682: [GC [PSYoungGen: 48640K->6656K(48640K)] 132861K->90901K(159744K), 0.0020500 secs] [Times: user=0.02 sys=0.00, real=0.01 secs] 
37.684: Total time for which application threads were stopped: 0.0037030 seconds, Stopping threads took: 0.0015750 seconds
37.721: Application time: 0.0364480 seconds
37.723: [GC [PSYoungGen: 48640K->6656K(48640K)] 132885K->92317K(159744K), 0.0024440 secs] [Times: user=0.02 sys=0.00, real=0.01 secs] 
37.725: Total time for which application threads were stopped: 0.0047220 seconds, Stopping threads took: 0.0021990 seconds
37.763: Application time: 0.0374170 seconds
37.765: [GC [PSYoungGen: 48640K->6656K(48640K)] 134301K->92637K(159744K), 0.0021980 secs] [Times: user=0.01 sys=0.01, real=0.00 secs] 
37.767: Total time for which application threads were stopped: 0.0046530 seconds, Stopping threads took: 0.0023750 seconds
37.805: Application time: 0.0374580 seconds
37.806: [GC [PSYoungGen: 48640K->6640K(48640K)] 134621K->93293K(159744K), 0.0021850 secs] [Times: user=0.01 sys=0.00, real=0.00 secs] 
37.809: Total time for which application threads were stopped: 0.0037980 seconds, Stopping threads took: 0.0015320 seconds
37.845: Application time: 0.0366530 seconds
37.847: [GC [PSYoungGen: 48624K->6656K(48640K)] 135277K->93813K(159744K), 0.0021170 secs] [Times: user=0.01 sys=0.00, real=0.00 secs] 
37.849: Total time for which application threads were stopped: 0.0040590 seconds, Stopping threads took: 0.0018610 seconds
37.887: Application time: 0.0372170 seconds
37.889: [GC [PSYoungGen: 48640K->6640K(48640K)] 135797K->94693K(159744K), 0.0022900 secs] [Times: user=0.02 sys=0.00, real=0.01 secs] 
37.891: Total time for which application threads were stopped: 0.0046130 seconds, Stopping threads took: 0.0022410 seconds
37.929: Application time: 0.0379810 seconds
37.931: [GC [PSYoungGen: 48624K->6624K(48640K)] 136677K->95709K(159744K), 0.0023360 secs] [Times: user=0.02 sys=0.00, real=0.01 secs] 
37.933: Total time for which application threads were stopped: 0.0039010 seconds, Stopping threads took: 0.0014830 seconds
37.970: Application time: 0.0369900 seconds
37.971: [GC [PSYoungGen: 48608K->6624K(48640K)] 137693K->96109K(159744K), 0.0021010 secs] [Times: user=0.02 sys=0.00, real=0.00 secs] 
37.974: Total time for which application threads were stopped: 0.0035040 seconds, Stopping threads took: 0.0013150 seconds
38.010: Application time: 0.0368680 seconds
38.013: [GC [PSYoungGen: 48608K->6640K(48640K)] 138093K->96773K(159744K), 0.0021380 secs] [Times: user=0.02 sys=0.00, real=0.00 secs] 
38.015: Total time for which application threads were stopped: 0.0044130 seconds, Stopping threads took: 0.0021910 seconds
38.053: Application time: 0.0383400 seconds
38.055: [GC [PSYoungGen: 48624K->6656K(48640K)] 138757K->97713K(159744K), 0.0022780 secs] [Times: user=0.00 sys=0.00, real=0.00 secs] 
38.057: Total time for which application threads were stopped: 0.0041820 seconds, Stopping threads took: 0.0018260 seconds
38.095: Application time: 0.0380490 seconds
38.097: [GC [PSYoungGen: 48640K->6640K(48640K)] 139697K->97905K(159744K), 0.0020780 secs] [Times: user=0.02 sys=0.00, real=0.00 secs] 
38.099: Total time for which application threads were stopped: 0.0035480 seconds, Stopping threads took: 0.0013920 seconds
38.137: Application time: 0.0382580 seconds
38.139: [GC [PSYoungGen: 48624K->6624K(48640K)] 139889K->98297K(159744K), 0.0021580 secs] [Times: user=0.01 sys=0.00, real=0.00 secs] 
38.141: Total time for which application threads were stopped: 0.0035500 seconds, Stopping threads took: 0.0013110 seconds
38.178: Application time: 0.0371630 seconds
38.180: [GC [PSYoungGen: 48608K->6640K(48640K)] 140281K->99009K(159744K), 0.0022370 secs] [Times: user=0.01 sys=0.01, real=0.00 secs] 
38.182: Total time for which application threads were stopped: 0.0043320 seconds, Stopping threads took: 0.0019970 seconds
38.220: Application time: 0.0372960 seconds
38.222: [GC [PSYoungGen: 48624K->6624K(48640K)] 140993K->99121K(159744K), 0.0021990 secs] [Times: user=0.01 sys=0.00, real=0.01 secs] 
38.224: Total time for which application threads were stopped: 0.0041840 seconds, Stopping threads took: 0.0019030 seconds
38.262: Application time: 0.0383400 seconds
38.264: [GC [PSYoungGen: 48608K->6608K(48640K)] 141105K->99105K(159744K), 0.0021180 secs] [Times: user=0.02 sys=0.00, real=0.00 secs] 
38.266: Total time for which application threads were stopped: 0.0037750 seconds, Stopping threads took: 0.0015790 seconds
38.304: Application time: 0.0377000 seconds
38.305: [GC [PSYoungGen: 48592K->6352K(48640K)] 141089K->98849K(159744K), 0.0019410 secs] [Times: user=0.02 sys=0.00, real=0.00 secs] 
38.307: Total time for which application threads were stopped: 0.0036530 seconds, Stopping threads took: 0.0016320 seconds
38.345: Application time: 0.0376330 seconds
38.347: [GC [PSYoungGen: 48336K->6576K(48640K)] 140833K->99073K(159744K), 0.0020120 secs] [Times: user=0.02 sys=0.00, real=0.00 secs] 
38.349: Total time for which application threads were stopped: 0.0043870 seconds, Stopping threads took: 0.0022960 seconds
38.387: Application time: 0.0381250 seconds
38.389: [GC [PSYoungGen: 48560K->5344K(48640K)] 141057K->97841K(159744K), 0.0016910 secs] [Times: user=0.01 sys=0.00, real=0.00 secs] 
38.391: Total time for which application threads were stopped: 0.0032530 seconds, Stopping threads took: 0.0014860 seconds
38.427: Application time: 0.0364970 seconds
38.428: [GC [PSYoungGen: 47328K->6624K(48640K)] 139825K->99129K(159744K), 0.0019970 secs] [Times: user=0.02 sys=0.00, real=0.00 secs] 
38.430: Total time for which application threads were stopped: 0.0028060 seconds, Stopping threads took: 0.0007300 seconds
38.467: Application time: 0.0374610 seconds
38.469: [GC [PSYoungGen: 48608K->5440K(48640K)] 141113K->97945K(159744K), 0.0017230 secs] [Times: user=0.01 sys=0.00, real=0.00 secs] 
38.471: Total time for which application threads were stopped: 0.0031950 seconds, Stopping threads took: 0.0013970 seconds
38.509: Application time: 0.0378320 seconds
38.510: [GC [PSYoungGen: 47424K->5184K(48640K)] 139929K->97705K(159744K), 0.0016440 secs] [Times: user=0.01 sys=0.00, real=0.01 secs] 
38.512: Total time for which application threads were stopped: 0.0030270 seconds, Stopping threads took: 0.0013020 seconds
38.550: Application time: 0.0387030 seconds
38.552: [GC [PSYoungGen: 47168K->6640K(48640K)] 139689K->99433K(159744K), 0.0021160 secs] [Times: user=0.01 sys=0.00, real=0.00 secs] 
38.554: Total time for which application threads were stopped: 0.0034820 seconds, Stopping threads took: 0.0012840 seconds
38.593: Application time: 0.0388460 seconds
38.594: [GC [PSYoungGen: 48624K->6192K(48640K)] 141417K->98993K(159744K), 0.0019220 secs] [Times: user=0.01 sys=0.00, real=0.00 secs] 
38.596: Total time for which application threads were stopped: 0.0031510 seconds, Stopping threads took: 0.0011510 seconds
38.635: Application time: 0.0388600 seconds
38.636: [GC [PSYoungGen: 48176K->5632K(48640K)] 140977K->98433K(159744K), 0.0017700 secs] [Times: user=0.01 sys=0.00, real=0.00 secs] 
38.638: Total time for which application threads were stopped: 0.0030970 seconds, Stopping threads took: 0.0012540 seconds
38.676: Application time: 0.0378810 seconds
38.677: [GC [PSYoungGen: 47616K->5072K(48640K)] 140417K->97881K(159744K), 0.0016550 secs] [Times: user=0.01 sys=0.00, real=0.00 secs] 
38.679: Total time for which application threads were stopped: 0.0032800 seconds, Stopping threads took: 0.0015530 seconds
38.717: Application time: 0.0376760 seconds
38.718: [GC [PSYoungGen: 47056K->5088K(48640K)] 139865K->97897K(159744K), 0.0015830 secs] [Times: user=0.01 sys=0.00, real=0.00 secs] 
38.719: Total time for which application threads were stopped: 0.0028490 seconds, Stopping threads took: 0.0011850 seconds
38.757: Application time: 0.0379030 seconds
38.759: [GC [PSYoungGen: 47072K->6400K(48640K)] 139881K->99209K(159744K), 0.0020000 secs] [Times: user=0.02 sys=0.00, real=0.00 secs] 
38.761: Total time for which application threads were stopped: 0.0035870 seconds, Stopping threads took: 0.0015070 seconds
38.800: Application time: 0.0393000 seconds
38.802: [GC [PSYoungGen: 48384K->6640K(48640K)] 141193K->99649K(159744K), 0.0022070 secs] [Times: user=0.01 sys=0.00, real=0.01 secs] 
38.804: Total time for which application threads were stopped: 0.0041660 seconds, Stopping threads took: 0.0018820 seconds
38.842: Application time: 0.0373640 seconds
38.843: [GC [PSYoungGen: 48624K->6640K(48640K)] 141633K->100721K(159744K), 0.0023640 secs] [Times: user=0.01 sys=0.00, real=0.01 secs] 
38.845: Total time for which application threads were stopped: 0.0035440 seconds, Stopping threads took: 0.0010920 seconds
38.884: Application time: 0.0388770 seconds
38.886: [GC [PSYoungGen: 48624K->6656K(48640K)] 142705K->101009K(159744K), 0.0022120 secs] [Times: user=0.01 sys=0.00, real=0.00 secs] 
38.888: Total time for which application threads were stopped: 0.0038760 seconds, Stopping threads took: 0.0015840 seconds
38.926: Application time: 0.0376070 seconds
38.927: [GC [PSYoungGen: 48640K->6352K(48640K)] 142993K->100705K(159744K), 0.0020080 secs] [Times: user=0.01 sys=0.00, real=0.00 secs] 
38.929: Total time for which application threads were stopped: 0.0038160 seconds, Stopping threads took: 0.0017250 seconds
38.967: Application time: 0.0373060 seconds
38.969: [GC [PSYoungGen: 48336K->6656K(48640K)] 142689K->101665K(159744K), 0.0021900 secs] [Times: user=0.02 sys=0.00, real=0.00 secs] 
38.971: Total time for which application threads were stopped: 0.0040060 seconds, Stopping threads took: 0.0017340 seconds
39.010: Application time: 0.0388520 seconds
39.011: [GC [PSYoungGen: 48640K->6656K(48640K)] 143649K->101681K(159744K), 0.0020520 secs] [Times: user=0.01 sys=0.00, real=0.01 secs] 
39.013: Total time for which application threads were stopped: 0.0030460 seconds, Stopping threads took: 0.0009050 seconds
39.052: Application time: 0.0390270 seconds
39.053: [GC [PSYoungGen: 48640K->6640K(48640K)] 143665K->102497K(159744K), 0.0023700 secs] [Times: user=0.02 sys=0.00, real=0.00 secs] 
39.055: Total time for which application threads were stopped: 0.0037720 seconds, Stopping threads took: 0.0013240 seconds
39.094: Application time: 0.0388860 seconds
39.096: [GC [PSYoungGen: 48624K->5872K(48640K)] 144481K->101745K(159744K), 0.0018670 secs] [Times: user=0.01 sys=0.00, real=0.00 secs] 
39.098: Total time for which application threads were stopped: 0.0033620 seconds, Stopping threads took: 0.0014160 seconds
39.137: Application time: 0.0387900 seconds
39.138: [GC [PSYoungGen: 47856K->6640K(48640K)] 143729K->102609K(159744K), 0.0021270 secs] [Times: user=0.01 sys=0.00, real=0.00 secs] 
39.140: Total time for which application threads were stopped: 0.0039660 seconds, Stopping threads took: 0.0017400 seconds
39.179: Application time: 0.0383720 seconds
39.180: [GC [PSYoungGen: 48624K->5632K(48640K)] 144593K->101617K(159744K), 0.0017750 secs] [Times: user=0.01 sys=0.00, real=0.00 secs] 
39.182: Total time for which application threads were stopped: 0.0029300 seconds, Stopping threads took: 0.0010860 seconds
39.220: Application time: 0.0377930 seconds
39.221: [GC [PSYoungGen: 47616K->6656K(48640K)] 143601K->103465K(159744K), 0.0023240 secs] [Times: user=0.01 sys=0.00, real=0.01 secs] 
39.224: Total time for which application threads were stopped: 0.0040180 seconds, Stopping threads took: 0.0016180 seconds
39.262: Application time: 0.0383650 seconds
39.263: [GC [PSYoungGen: 48640K->6656K(48640K)] 145449K->104097K(159744K), 0.0021960 secs] [Times: user=0.02 sys=0.00, real=0.00 secs] 
39.266: Total time for which application threads were stopped: 0.0035260 seconds, Stopping threads took: 0.0012480 seconds
39.304: Application time: 0.0382430 seconds
39.306: [GC [PSYoungGen: 48640K->5920K(48640K)] 146081K->103361K(159744K), 0.0019130 secs] [Times: user=0.01 sys=0.00, real=0.00 secs] 
39.308: Total time for which application threads were stopped: 0.0038220 seconds, Stopping threads took: 0.0018300 seconds
39.346: Application time: 0.0380590 seconds
39.348: [GC [PSYoungGen: 47904K->3808K(48640K)] 145345K->101249K(159744K), 0.0013140 secs] [Times: user=0.01 sys=0.00, real=0.00 secs] 
39.349: Total time for which application threads were stopped: 0.0032780 seconds, Stopping threads took: 0.0019020 seconds
39.386: Application time: 0.0374990 seconds
39.388: [GC [PSYoungGen: 45791K->6656K(48640K)] 143233K->104641K(159744K), 0.0022530 secs] [Times: user=0.02 sys=0.00, real=0.00 secs] 
39.391: Total time for which application threads were stopped: 0.0041130 seconds, Stopping threads took: 0.0017780 seconds
39.428: Application time: 0.0375690 seconds
39.431: [GC [PSYoungGen: 48640K->6640K(48640K)] 146625K->105481K(159744K), 0.0023410 secs] [Times: user=0.01 sys=0.00, real=0.01 secs] 
39.433: Total time for which application threads were stopped: 0.0052250 seconds, Stopping threads took: 0.0028030 seconds
39.472: Application time: 0.0382010 seconds
39.473: [GC [PSYoungGen: 48624K->6656K(48640K)] 147465K->106585K(159744K), 0.0023790 secs] [Times: user=0.01 sys=0.00, real=0.00 secs] 
39.475: Total time for which application threads were stopped: 0.0035600 seconds, Stopping threads took: 0.0010990 seconds
39.512: Application time: 0.0369480 seconds
39.514: [GC [PSYoungGen: 48640K->5920K(48640K)] 148569K->105849K(159744K), 0.0017820 secs] [Times: user=0.01 sys=0.00, real=0.00 secs] 
39.516: Total time for which application threads were stopped: 0.0035440 seconds, Stopping threads took: 0.0016760 seconds
39.554: Application time: 0.0384280 seconds
39.556: [GC [PSYoungGen: 47903K->6656K(48640K)] 147833K->108129K(159744K), 0.0024970 secs] [Times: user=0.02 sys=0.00, real=0.00 secs] 
39.558: Total time for which application threads were stopped: 0.0042340 seconds, Stopping threads took: 0.0016510 seconds
39.597: Application time: 0.0389150 seconds
39.598: [GC [PSYoungGen: 48640K->6656K(48640K)] 150113K->108145K(159744K), 0.0020490 secs] [Times: user=0.02 sys=0.00, real=0.00 secs] 
39.600: Total time for which application threads were stopped: 0.0026920 seconds, Stopping threads took: 0.0005660 seconds
39.639: Application time: 0.0388170 seconds
39.639: [GC [PSYoungGen: 48640K->6464K(48640K)] 150129K->107953K(159744K), 0.0019890 secs] [Times: user=0.01 sys=0.00, real=0.00 secs] 
39.641: Total time for which application threads were stopped: 0.0026950 seconds, Stopping threads took: 0.0006250 seconds
39.679: Application time: 0.0379780 seconds
39.681: [GC [PSYoungGen: 48448K->6656K(48640K)] 149937K->108153K(159744K), 0.0020770 secs] [Times: user=0.02 sys=0.00, real=0.00 secs] 
39.683: Total time for which application threads were stopped: 0.0035770 seconds, Stopping threads took: 0.0014190 seconds
39.722: Application time: 0.0389920 seconds
39.725: [GC [PSYoungGen: 48640K->5728K(48640K)] 150137K->107225K(159744K), 0.0019470 secs] [Times: user=0.01 sys=0.00, real=0.00 secs] 
39.727: Total time for which application threads were stopped: 0.0053000 seconds, Stopping threads took: 0.0032750 seconds
39.765: Application time: 0.0381730 seconds
39.767: [GC [PSYoungGen: 47712K->5760K(48640K)] 149209K->107257K(159744K), 0.0018000 secs] [Times: user=0.01 sys=0.00, real=0.00 secs] 
39.769: Total time for which application threads were stopped: 0.0034450 seconds, Stopping threads took: 0.0015680 seconds
39.806: Application time: 0.0375310 seconds
39.808: [GC [PSYoungGen: 47744K->6656K(48640K)] 149241K->108185K(159744K), 0.0022460 secs] [Times: user=0.01 sys=0.00, real=0.00 secs] 
39.810: Total time for which application threads were stopped: 0.0035720 seconds, Stopping threads took: 0.0012500 seconds
39.848: Application time: 0.0383430 seconds
39.851: [GC [PSYoungGen: 48640K->6656K(48640K)] 150169K->108673K(159744K), 0.0022790 secs] [Times: user=0.02 sys=0.00, real=0.01 secs] 
39.853: Total time for which application threads were stopped: 0.0049350 seconds, Stopping threads took: 0.0025690 seconds
39.892: Application time: 0.0386750 seconds
39.894: [GC [PSYoungGen: 48639K->6496K(48640K)] 150657K->108513K(159744K), 0.0020220 secs] [Times: user=0.01 sys=0.00, real=0.00 secs] 
39.896: Total time for which application threads were stopped: 0.0044730 seconds, Stopping threads took: 0.0023750 seconds
39.935: Application time: 0.0385300 seconds
39.936: [GC [PSYoungGen: 48480K->6080K(48640K)] 150497K->108097K(159744K), 0.0020690 secs] [Times: user=0.01 sys=0.00, real=0.00 secs] 
39.938: Total time for which application threads were stopped: 0.0035280 seconds, Stopping threads took: 0.0013750 seconds
39.976: Application time: 0.0377220 seconds
39.978: [GC [PSYoungGen: 48064K->5840K(48640K)] 150081K->107865K(159744K), 0.0018840 secs] [Times: user=0.01 sys=0.00, real=0.00 secs] 
39.980: Total time for which application threads were stopped: 0.0033060 seconds, Stopping threads took: 0.0013360 seconds
40.018: Application time: 0.0381680 seconds
40.020: [GC [PSYoungGen: 47824K->6624K(48640K)] 149849K->108769K(159744K), 0.0022130 secs] [Times: user=0.01 sys=0.00, real=0.00 secs] 
40.022: Total time for which application threads were stopped: 0.0048040 seconds, Stopping threads took: 0.0025010 seconds
40.060: Application time: 0.0376150 seconds
40.061: [GC [PSYoungGen: 48608K->5568K(48640K)] 150753K->107713K(159744K), 0.0017680 secs] [Times: user=0.01 sys=0.00, real=0.01 secs] 
40.063: Total time for which application threads were stopped: 0.0031320 seconds, Stopping threads took: 0.0012860 seconds
40.102: Application time: 0.0386990 seconds
40.104: [GC [PSYoungGen: 47552K->6656K(48640K)] 149697K->108809K(159744K), 0.0020420 secs] [Times: user=0.01 sys=0.00, real=0.00 secs] 
40.106: Total time for which application threads were stopped: 0.0037750 seconds, Stopping threads took: 0.0016530 seconds
40.143: Application time: 0.0376180 seconds
40.145: [GC [PSYoungGen: 48640K->6640K(48640K)] 150793K->110090K(159744K), 0.0023970 secs] [Times: user=0.02 sys=0.00, real=0.00 secs] 
40.147: Total time for which application threads were stopped: 0.0039670 seconds, Stopping threads took: 0.0014890 seconds
40.185: Application time: 0.0378770 seconds
40.187: [GC [PSYoungGen: 48623K->6432K(48640K)] 152073K->109882K(159744K), 0.0020680 secs] [Times: user=0.01 sys=0.00, real=0.00 secs] 
40.189: Total time for which application threads were stopped: 0.0035800 seconds, Stopping threads took: 0.0014310 seconds
40.228: Application time: 0.0389140 seconds
40.229: [GC [PSYoungGen: 48416K->3808K(48640K)] 151866K->107258K(159744K), 0.0013110 secs] [Times: user=0.01 sys=0.00, real=0.00 secs] 
40.230: Total time for which application threads were stopped: 0.0028010 seconds, Stopping threads took: 0.0014230 seconds
40.268: Application time: 0.0379730 seconds
40.270: [GC [PSYoungGen: 45792K->6400K(48640K)] 149242K->109850K(159744K), 0.0019090 secs] [Times: user=0.01 sys=0.00, real=0.01 secs] 
40.272: Total time for which application threads were stopped: 0.0035180 seconds, Stopping threads took: 0.0015330 seconds
40.310: Application time: 0.0375770 seconds
40.311: [GC [PSYoungGen: 48384K->6640K(48640K)] 151834K->110114K(159744K), 0.0020690 secs] [Times: user=0.01 sys=0.00, real=0.01 secs] 
40.313: Total time for which application threads were stopped: 0.0035210 seconds, Stopping threads took: 0.0013730 seconds
40.351: Application time: 0.0374850 seconds
40.352: [GC [PSYoungGen: 48624K->6640K(48640K)] 152098K->110130K(159744K), 0.0020930 secs] [Times: user=0.01 sys=0.00, real=0.00 secs] 
40.354: Total time for which application threads were stopped: 0.0037380 seconds, Stopping threads took: 0.0015650 seconds
40.394: Application time: 0.0393180 seconds
40.395: [GC [PSYoungGen: 48624K->4816K(48640K)] 152114K->108306K(159744K), 0.0016140 secs] [Times: user=0.01 sys=0.00, real=0.00 secs] 
40.397: Total time for which application threads were stopped: 0.0031470 seconds, Stopping threads took: 0.0014600 seconds
40.434: Application time: 0.0375700 seconds
40.436: [GC [PSYoungGen: 46800K->6624K(48640K)] 150290K->110122K(159744K), 0.0021060 secs] [Times: user=0.01 sys=0.00, real=0.00 secs] 
40.438: Total time for which application threads were stopped: 0.0034760 seconds, Stopping threads took: 0.0012920 seconds
40.476: Application time: 0.0377440 seconds
40.478: [GC [PSYoungGen: 48608K->6448K(48640K)] 152106K->109946K(159744K), 0.0019940 secs] [Times: user=0.01 sys=0.00, real=0.00 secs] 
40.480: Total time for which application threads were stopped: 0.0047650 seconds, Stopping threads took: 0.0026890 seconds
40.517: Application time: 0.0368340 seconds
40.519: [GC [PSYoungGen: 48432K->6656K(48640K)] 151930K->111010K(159744K), 0.0023120 secs] [Times: user=0.01 sys=0.00, real=0.00 secs] 
40.521: Total time for which application threads were stopped: 0.0039100 seconds, Stopping threads took: 0.0015140 seconds
40.558: Application time: 0.0367990 seconds
40.559: [GC [PSYoungGen: 48640K->6656K(48640K)] 152994K->111066K(159744K), 0.0021080 secs] [Times: user=0.02 sys=0.00, real=0.00 secs] 
40.561: Total time for which application threads were stopped: 0.0031770 seconds, Stopping threads took: 0.0009770 seconds
40.599: Application time: 0.0378360 seconds
40.601: [GC [PSYoungGen: 48640K->6656K(48640K)] 153050K->111498K(159744K), 0.0022420 secs] [Times: user=0.01 sys=0.01, real=0.01 secs] 
40.603: Total time for which application threads were stopped: 0.0044010 seconds, Stopping threads took: 0.0020740 seconds
40.642: Application time: 0.0386120 seconds
40.643: [GC [PSYoungGen: 48640K->6112K(48640K)] 153482K->110962K(159744K), 0.0020730 secs] [Times: user=0.02 sys=0.00, real=0.00 secs] 
40.646: Total time for which application threads were stopped: 0.0036220 seconds, Stopping threads took: 0.0014710 seconds
40.685: Application time: 0.0394580 seconds
40.687: [GC [PSYoungGen: 48096K->3952K(48640K)] 152946K->108810K(159744K), 0.0013400 secs] [Times: user=0.01 sys=0.00, real=0.00 secs] 
40.688: Total time for which application threads were stopped: 0.0030350 seconds, Stopping threads took: 0.0016050 seconds
40.727: Application time: 0.0384740 seconds
40.728: [GC [PSYoungGen: 45936K->6640K(48640K)] 150794K->111538K(159744K), 0.0023890 secs] [Times: user=0.01 sys=0.00, real=0.00 secs] 
40.731: Total time for which application threads were stopped: 0.0041590 seconds, Stopping threads took: 0.0016630 seconds
40.770: Application time: 0.0396960 seconds
40.773: [GC [PSYoungGen: 48624K->4704K(48640K)] 153522K->109602K(159744K), 0.0018070 secs] [Times: user=0.01 sys=0.00, real=0.00 secs] 
40.775: Total time for which application threads were stopped: 0.0045760 seconds, Stopping threads took: 0.0026760 seconds
40.813: Application time: 0.0377270 seconds
40.815: [GC [PSYoungGen: 46688K->6624K(48640K)] 151586K->111994K(159744K), 0.0023450 secs] [Times: user=0.02 sys=0.00, real=0.00 secs] 
40.818: Total time for which application threads were stopped: 0.0050230 seconds, Stopping threads took: 0.0026020 seconds
40.856: Application time: 0.0381590 seconds
40.857: [GC [PSYoungGen: 48608K->6560K(48640K)] 153978K->111930K(159744K), 0.0021270 secs] [Times: user=0.00 sys=0.00, real=0.00 secs] 
40.859: Total time for which application threads were stopped: 0.0035220 seconds, Stopping threads took: 0.0013150 seconds
40.898: Application time: 0.0389700 seconds
40.900: [GC [PSYoungGen: 48544K->5920K(48640K)] 153914K->111290K(159744K), 0.0018590 secs] [Times: user=0.02 sys=0.00, real=0.00 secs] 
40.902: Total time for which application threads were stopped: 0.0031820 seconds, Stopping threads took: 0.0012520 seconds
40.939: Application time: 0.0376190 seconds
40.941: [GC [PSYoungGen: 47904K->6656K(48640K)] 153274K->112530K(159744K), 0.0021760 secs] [Times: user=0.02 sys=0.00, real=0.01 secs] 
40.943: Total time for which application threads were stopped: 0.0040420 seconds, Stopping threads took: 0.0017850 seconds
40.981: Application time: 0.0373810 seconds
40.983: [GC [PSYoungGen: 48640K->6528K(48640K)] 154514K->112402K(159744K), 0.0019960 secs] [Times: user=0.02 sys=0.00, real=0.01 secs] 
40.985: Total time for which application threads were stopped: 0.0040380 seconds, Stopping threads took: 0.0019610 seconds
41.021: Application time: 0.0360600 seconds
41.022: [GC [PSYoungGen: 48512K->6640K(48640K)] 154386K->113554K(159744K), 0.0023470 secs] [Times: user=0.02 sys=0.00, real=0.01 secs] 
41.025: Total time for which application threads were stopped: 0.0039990 seconds, Stopping threads took: 0.0015690 seconds
41.061: Application time: 0.0367780 seconds
41.064: [GC [PSYoungGen: 48624K->6640K(48640K)] 155538K->113858K(159744K), 0.0021600 secs] [Times: user=0.01 sys=0.00, real=0.00 secs] 
41.066: Total time for which application threads were stopped: 0.0044170 seconds, Stopping threads took: 0.0021710 seconds
41.103: Application time: 0.0368360 seconds
41.105: [GC [PSYoungGen: 48624K->6624K(48640K)] 155842K->115422K(159744K), 0.0024770 secs] [Times: user=0.01 sys=0.00, real=0.00 secs] 
41.108: Total time for which application threads were stopped: 0.0049080 seconds, Stopping threads took: 0.0023410 seconds
41.146: Application time: 0.0382770 seconds
41.148: [GC [PSYoungGen: 48606K->6624K(48640K)] 157404K->115454K(159744K), 0.0022800 secs] [Times: user=0.01 sys=0.00, real=0.00 secs] 
41.150: Total time for which application threads were stopped: 0.0039730 seconds, Stopping threads took: 0.0016100 seconds
41.188: Application time: 0.0379600 seconds
41.190: [GC [PSYoungGen: 48608K->6640K(48640K)] 157438K->116798K(159744K), 0.0028430 secs] [Times: user=0.02 sys=0.00, real=0.01 secs] 
41.192: [Full GC [PSYoungGen: 6640K->0K(48640K)] [ParOldGen: 110158K->10475K(111104K)] 116798K->10475K(159744K) [PSPermGen: 5142K->5142K(21504K)], 0.0068020 secs] [Times: user=0.03 sys=0.00, real=0.00 secs] 
41.199: Total time for which application threads were stopped: 0.0114160 seconds, Stopping threads took: 0.0016280 seconds
41.239: Application time: 0.0395570 seconds
41.241: [GC [PSYoungGen: 41984K->6656K(48640K)] 52459K->17411K(159744K), 0.0020570 secs] [Times: user=0.01 sys=0.01, real=0.01 secs] 
41.243: Total time for which application threads were stopped: 0.0045950 seconds, Stopping threads took: 0.0024580 seconds
41.282: Application time: 0.0389900 seconds
41.284: [GC [PSYoungGen: 48640K->6656K(48640K)] 59395K->18531K(159744K), 0.0022790 secs] [Times: user=0.01 sys=0.00, real=0.00 secs] 
41.287: Total time for which application threads were stopped: 0.0043270 seconds, Stopping threads took: 0.0019660 seconds
41.327: Application time: 0.0402740 seconds
41.330: [GC [PSYoungGen: 48640K->6304K(48640K)] 60515K->18179K(159744K), 0.0018560 secs] [Times: user=0.01 sys=0.00, real=0.01 secs] 
41.332: Total time for which application threads were stopped: 0.0046070 seconds, Stopping threads took: 0.0026720 seconds
41.371: Application time: 0.0397550 seconds
41.373: [GC [PSYoungGen: 48288K->6144K(48640K)] 60163K->18019K(159744K), 0.0017850 secs] [Times: user=0.01 sys=0.00, real=0.00 secs] 
41.375: Total time for which application threads were stopped: 0.0034470 seconds, Stopping threads took: 0.0015880 seconds
41.415: Application time: 0.0397630 seconds
41.416: [GC [PSYoungGen: 48128K->6656K(48640K)] 60003K->18787K(159744K), 0.0019750 secs] [Times: user=0.02 sys=0.01, real=0.00 secs] 
41.418: Total time for which application threads were stopped: 0.0037350 seconds, Stopping threads took: 0.0016820 seconds
41.458: Application time: 0.0398670 seconds
41.460: [GC [PSYoungGen: 48640K->6656K(48640K)] 60771K->19539K(159744K), 0.0022010 secs] [Times: user=0.01 sys=0.00, real=0.00 secs] 
41.462: Total time for which application threads were stopped: 0.0040960 seconds, Stopping threads took: 0.0018120 seconds
41.503: Application time: 0.0405660 seconds
41.505: [GC [PSYoungGen: 48640K->5920K(48640K)] 61523K->18803K(159744K), 0.0017810 secs] [Times: user=0.01 sys=0.00, real=0.00 secs] 
41.506: Total time for which application threads were stopped: 0.0035460 seconds, Stopping threads took: 0.0016880 seconds
41.547: Application time: 0.0405930 seconds
41.550: [GC [PSYoungGen: 47904K->6624K(48640K)] 60787K->19507K(159744K), 0.0019130 secs] [Times: user=0.01 sys=0.00, real=0.01 secs] 
41.552: Total time for which application threads were stopped: 0.0047600 seconds, Stopping threads took: 0.0027670 seconds
41.593: Application time: 0.0409910 seconds
41.594: [GC [PSYoungGen: 48608K->6192K(48640K)] 61491K->19075K(159744K), 0.0018500 secs] [Times: user=0.02 sys=0.00, real=0.00 secs] 
41.596: Total time for which application threads were stopped: 0.0034180 seconds, Stopping threads took: 0.0014770 seconds
41.636: Application time: 0.0397820 seconds
41.637: [GC [PSYoungGen: 48176K->6256K(48640K)] 61059K->19139K(159744K), 0.0018070 secs] [Times: user=0.01 sys=0.00, real=0.00 secs] 
41.639: Total time for which application threads were stopped: 0.0032870 seconds, Stopping threads took: 0.0014010 seconds
41.680: Application time: 0.0410820 seconds
41.682: [GC [PSYoungGen: 48240K->4640K(48640K)] 61123K->17523K(159744K), 0.0014430 secs] [Times: user=0.01 sys=0.00, real=0.01 secs] 
41.684: Total time for which application threads were stopped: 0.0031450 seconds, Stopping threads took: 0.0016200 seconds
41.724: Application time: 0.0400310 seconds
41.726: [GC [PSYoungGen: 46624K->6656K(48640K)] 59507K->20723K(159744K), 0.0022990 secs] [Times: user=0.02 sys=0.00, real=0.00 secs] 
41.729: Total time for which application threads were stopped: 0.0049950 seconds, Stopping threads took: 0.0026140 seconds
41.769: Application time: 0.0401040 seconds
41.771: [GC [PSYoungGen: 48640K->6656K(48640K)] 62707K->21483K(159744K), 0.0022500 secs] [Times: user=0.01 sys=0.00, real=0.01 secs] 
41.773: Total time for which application threads were stopped: 0.0042130 seconds, Stopping threads took: 0.0018830 seconds
41.814: Application time: 0.0414230 seconds
41.816: [GC [PSYoungGen: 48640K->6656K(48640K)] 63467K->22091K(159744K), 0.0021640 secs] [Times: user=0.01 sys=0.00, real=0.00 secs] 
41.819: Total time for which application threads were stopped: 0.0042810 seconds, Stopping threads took: 0.0020390 seconds
41.859: Application time: 0.0401850 seconds
41.860: [GC [PSYoungGen: 48640K->6624K(48640K)] 64075K->23667K(159744K), 0.0024600 secs] [Times: user=0.02 sys=0.00, real=0.00 secs] 
41.863: Total time for which application threads were stopped: 0.0040570 seconds, Stopping threads took: 0.0015100 seconds
41.903: Application time: 0.0406520 seconds
41.905: [GC [PSYoungGen: 48608K->6640K(48640K)] 65651K->24227K(159744K), 0.0021570 secs] [Times: user=0.02 sys=0.00, real=0.00 secs] 
41.907: Total time for which application threads were stopped: 0.0033680 seconds, Stopping threads took: 0.0011270 seconds
41.948: Application time: 0.0408920 seconds
41.949: [GC [PSYoungGen: 48624K->5424K(48640K)] 66211K->23011K(159744K), 0.0016310 secs] [Times: user=0.00 sys=0.00, real=0.00 secs] 
41.951: Total time for which application threads were stopped: 0.0031610 seconds, Stopping threads took: 0.0014570 seconds
41.991: Application time: 0.0405230 seconds
41.993: [GC [PSYoungGen: 47408K->6320K(48640K)] 64995K->23907K(159744K), 0.0018100 secs] [Times: user=0.01 sys=0.00, real=0.00 secs] 
41.995: Total time for which application threads were stopped: 0.0038080 seconds, Stopping threads took: 0.0019180 seconds
42.036: Application time: 0.0412450 seconds
42.039: [GC [PSYoungGen: 48304K->5280K(48640K)] 65891K->22867K(159744K), 0.0016050 secs] [Times: user=0.01 sys=0.00, real=0.00 secs] 
42.041: Total time for which application threads were stopped: 0.0041890 seconds, Stopping threads took: 0.0025050 seconds
42.081: Application time: 0.0404410 seconds
42.083: [GC [PSYoungGen: 47264K->4208K(48640K)] 64851K->21795K(159744K), 0.0013030 secs] [Times: user=0.01 sys=0.01, real=0.00 secs] 
42.085: Total time for which application threads were stopped: 0.0033780 seconds, Stopping threads took: 0.0020090 seconds
42.125: Application time: 0.0403250 seconds
42.127: [GC [PSYoungGen: 46192K->6480K(48640K)] 63779K->24067K(159744K), 0.0018840 secs] [Times: user=0.01 sys=0.00, real=0.00 secs] 
42.129: Total time for which application threads were stopped: 0.0037740 seconds, Stopping threads took: 0.0017960 seconds
42.168: Application time: 0.0391650 seconds
42.169: [GC [PSYoungGen: 48464K->6656K(48640K)] 66051K->24251K(159744K), 0.0019310 secs] [Times: user=0.01 sys=0.00, real=0.01 secs] 
42.171: Total time for which application threads were stopped: 0.0036720 seconds, Stopping threads took: 0.0016530 seconds
42.212: Application time: 0.0403810 seconds
42.214: [GC [PSYoungGen: 48640K->5472K(48640K)] 66235K->23083K(159744K), 0.0016580 secs] [Times: user=0.01 sys=0.00, real=0.00 secs] 
42.216: Total time for which application threads were stopped: 0.0037940 seconds, Stopping threads took: 0.0020660 seconds
42.254: Application time: 0.0379650 seconds
42.255: [GC [PSYoungGen: 47456K->6656K(48640K)] 65067K->25819K(159744K), 0.0024910 secs] [Times: user=0.02 sys=0.00, real=0.00 secs] 
42.258: Total time for which application threads were stopped: 0.0039940 seconds, Stopping threads took: 0.0014160 seconds
42.298: Application time: 0.0402590 seconds
42.301: [GC [PSYoungGen: 48640K->6656K(48640K)] 67803K->25907K(159744K), 0.0021720 secs] [Times: user=0.01 sys=0.00, real=0.00 secs] 
42.303: Total time for which application threads were stopped: 0.0051910 seconds, Stopping threads took: 0.0029340 seconds
42.342: Application time: 0.0388600 seconds
42.344: [GC [PSYoungGen: 48640K->6656K(48640K)] 67891K->25923K(159744K), 0.0019970 secs] [Times: user=0.01 sys=0.00, real=0.00 secs] 
42.346: Total time for which application threads were stopped: 0.0036690 seconds, Stopping threads took: 0.0015930 seconds
42.385: Application time: 0.0397820 seconds
42.386: [GC [PSYoungGen: 48640K->6656K(48640K)] 67907K->26211K(159744K), 0.0020330 secs] [Times: user=0.01 sys=0.00, real=0.00 secs] 
42.388: Total time for which application threads were stopped: 0.0031230 seconds, Stopping threads took: 0.0010110 seconds
42.429: Application time: 0.0409030 seconds
42.432: [GC [PSYoungGen: 48640K->5888K(48640K)] 68195K->25443K(159744K), 0.0017060 secs] [Times: user=0.01 sys=0.00, real=0.00 secs] 
42.434: Total time for which application threads were stopped: 0.0047170 seconds, Stopping threads took: 0.0029320 seconds
42.475: Application time: 0.0412650 seconds
42.477: [GC [PSYoungGen: 47872K->6656K(48640K)] 67427K->26211K(159744K), 0.0019090 secs] [Times: user=0.01 sys=0.00, real=0.00 secs] 
42.479: Total time for which application threads were stopped: 0.0036000 seconds, Stopping threads took: 0.0016100 seconds
42.519: Application time: 0.0401710 seconds
42.523: [GC [PSYoungGen: 48640K->6656K(48640K)] 68195K->26555K(159744K), 0.0020630 secs] [Times: user=0.02 sys=0.00, real=0.00 secs] 
42.525: Total time for which application threads were stopped: 0.0061910 seconds, Stopping threads took: 0.0040440 seconds
42.566: Application time: 0.0411340 seconds
42.568: [GC [PSYoungGen: 48640K->6400K(48640K)] 68539K->26299K(159744K), 0.0018800 secs] [Times: user=0.01 sys=0.01, real=0.00 secs] 
42.569: Total time for which application threads were stopped: 0.0029980 seconds, Stopping threads took: 0.0010390 seconds
42.611: Application time: 0.0413300 seconds
42.613: [GC [PSYoungGen: 48384K->3920K(48640K)] 68283K->23819K(159744K), 0.0012350 secs] [Times: user=0.01 sys=0.00, real=0.00 secs] 
42.614: Total time for which application threads were stopped: 0.0031390 seconds, Stopping threads took: 0.0018360 seconds
42.652: Application time: 0.0378200 seconds
42.654: [GC [PSYoungGen: 45904K->6656K(48640K)] 65803K->27075K(159744K), 0.0021660 secs] [Times: user=0.01 sys=0.00, real=0.00 secs] 
42.656: Total time for which application threads were stopped: 0.0045500 seconds, Stopping threads took: 0.0022910 seconds
42.697: Application time: 0.0402430 seconds
42.699: [GC [PSYoungGen: 48640K->6624K(48640K)] 69059K->27923K(159744K), 0.0021970 secs] [Times: user=0.01 sys=0.00, real=0.00 secs] 
42.701: Total time for which application threads were stopped: 0.0048880 seconds, Stopping threads took: 0.0026080 seconds
42.743: Application time: 0.0411690 seconds
42.745: [GC [PSYoungGen: 48608K->5888K(48640K)] 69907K->27195K(159744K), 0.0018070 secs] [Times: user=0.01 sys=0.00, real=0.00 secs] 
42.747: Total time for which application threads were stopped: 0.0039950 seconds, Stopping threads took: 0.0021100 seconds
42.786: Application time: 0.0390180 seconds
42.788: [GC [PSYoungGen: 47872K->6624K(48640K)] 69179K->28131K(159744K), 0.0020100 secs] [Times: user=0.01 sys=0.00, real=0.00 secs] 
42.790: Total time for which application threads were stopped: 0.0041620 seconds, Stopping threads took: 0.0020720 seconds
42.830: Application time: 0.0398080 seconds
42.832: [GC [PSYoungGen: 48608K->6656K(48640K)] 70115K->28195K(159744K), 0.0019440 secs] [Times: user=0.01 sys=0.00, real=0.00 secs] 
42.834: Total time for which application threads were stopped: 0.0040790 seconds, Stopping threads took: 0.0020520 seconds
42.873: Application time: 0.0393200 seconds
42.875: [GC [PSYoungGen: 48640K->6656K(48640K)] 70179K->29611K(159744K), 0.0023620 secs] [Times: user=0.01 sys=0.00, real=0.00 secs] 
42.877: Total time for which application threads were stopped: 0.0039860 seconds, Stopping threads took: 0.0015300 seconds
42.918: Application time: 0.0411140 seconds
42.921: [GC [PSYoungGen: 48640K->6464K(48640K)] 71595K->29419K(159744K), 0.0019830 secs] [Times: user=0.01 sys=0.00, real=0.00 secs] 
42.923: Total time for which application threads were stopped: 0.0044930 seconds, Stopping threads took: 0.0024270 seconds
42.963: Application time: 0.0400410 seconds
42.964: [GC [PSYoungGen: 48448K->6656K(48640K)] 71403K->29763K(159744K), 0.0020330 secs] [Times: user=0.01 sys=0.00, real=0.00 secs] 
42.966: Total time for which application threads were stopped: 0.0036340 seconds, Stopping threads took: 0.0015180 seconds
43.007: Application time: 0.0402960 seconds
43.007: [GC [PSYoungGen: 48640K->6656K(48640K)] 71747K->30291K(159744K), 0.0021300 secs] [Times: user=0.02 sys=0.00, real=0.00 secs] 
43.010: Total time for which application threads were stopped: 0.0029480 seconds, Stopping threads took: 0.0007360 seconds
43.050: Application time: 0.0406330 seconds
43.052: [GC [PSYoungGen: 48640K->6464K(48640K)] 72275K->30099K(159744K), 0.0018680 secs] [Times: user=0.02 sys=0.00, real=0.00 secs] 
43.054: Total time for which application threads were stopped: 0.0038900 seconds, Stopping threads took: 0.0019450 seconds
43.095: Application time: 0.0411110 seconds
43.096: [GC [PSYoungGen: 48448K->5440K(48640K)] 72083K->29075K(159744K), 0.0017230 secs] [Times: user=0.00 sys=0.00, real=0.00 secs] 
43.098: Total time for which application threads were stopped: 0.0025660 seconds, Stopping threads took: 0.0007690 seconds
43.138: Application time: 0.0404730 seconds
43.140: [GC [PSYoungGen: 47424K->6352K(48640K)] 71059K->29987K(159744K), 0.0020280 secs] [Times: user=0.02 sys=0.00, real=0.00 secs] 
43.143: Total time for which application threads were stopped: 0.0043040 seconds, Stopping threads took: 0.0021910 seconds
43.182: Application time: 0.0393230 seconds
43.184: [GC [PSYoungGen: 48336K->6656K(48640K)] 71971K->31083K(159744K), 0.0021820 secs] [Times: user=0.01 sys=0.00, real=0.00 secs] 
43.186: Total time for which application threads were stopped: 0.0040370 seconds, Stopping threads took: 0.0017670 seconds
43.226: Application time: 0.0397440 seconds
43.228: [GC [PSYoungGen: 48640K->6624K(48640K)] 73067K->31059K(159744K), 0.0019830 secs] [Times: user=0.01 sys=0.00, real=0.00 secs] 
43.230: Total time for which application threads were stopped: 0.0039480 seconds, Stopping threads took: 0.0018850 seconds
43.270: Application time: 0.0401750 seconds
43.272: [GC [PSYoungGen: 48608K->6640K(48640K)] 73043K->31395K(159744K), 0.0020350 secs] [Times: user=0.01 sys=0.00, real=0.00 secs] 
43.274: Total time for which application threads were stopped: 0.0040350 seconds, Stopping threads took: 0.0019170 seconds
43.314: Application time: 0.0402760 seconds
43.316: [GC [PSYoungGen: 48624K->6336K(48640K)] 73379K->31099K(159744K), 0.0020070 secs] [Times: user=0.01 sys=0.00, real=0.00 secs] 
43.318: Total time for which application threads were stopped: 0.0036870 seconds, Stopping threads took: 0.0015970 seconds
43.358: Application time: 0.0397510 seconds
43.360: [GC [PSYoungGen: 48318K->6640K(48640K)] 73082K->31984K(159744K), 0.0022520 secs] [Times: user=0.01 sys=0.00, real=0.00 secs] 
43.362: Total time for which application threads were stopped: 0.0044850 seconds, Stopping threads took: 0.0021500 seconds
43.402: Application time: 0.0402740 seconds
43.404: [GC [PSYoungGen: 48624K->6192K(48640K)] 73968K->31543K(159744K), 0.0019120 secs] [Times: user=0.02 sys=0.00, real=0.00 secs] 
43.406: Total time for which application threads were stopped: 0.0035690 seconds, Stopping threads took: 0.0015530 seconds
43.446: Application time: 0.0402500 seconds
43.448: [GC [PSYoungGen: 48176K->6528K(48640K)] 73527K->31879K(159744K), 0.0020080 secs] [Times: user=0.01 sys=0.00, real=0.00 secs] 
43.450: Total time for which application threads were stopped: 0.0035640 seconds, Stopping threads took: 0.0014550 seconds
43.490: Application time: 0.0399190 seconds
43.491: [GC [PSYoungGen: 48512K->5072K(48640K)] 73863K->30423K(159744K), 0.0015270 secs] [Times: user=0.01 sys=0.00, real=0.00 secs] 
43.493: Total time for which application threads were stopped: 0.0031010 seconds, Stopping threads took: 0.0014910 seconds
43.532: Application time: 0.0394080 seconds
43.534: [GC [PSYoungGen: 47056K->6032K(48640K)] 72407K->31383K(159744K), 0.0018660 secs] [Times: user=0.01 sys=0.01, real=0.00 secs] 
43.535: Total time for which application threads were stopped: 0.0033240 seconds, Stopping threads took: 0.0013770 seconds
43.576: Application time: 0.0402740 seconds
43.577: [GC [PSYoungGen: 48016K->5440K(48640K)] 73367K->30791K(159744K), 0.0016550 secs] [Times: user=0.01 sys=0.00, real=0.00 secs] 
43.579: Total time for which application threads were stopped: 0.0034470 seconds, Stopping threads took: 0.0017130 seconds
43.619: Application time: 0.0394330 seconds
43.621: [GC [PSYoungGen: 47424K->6624K(48640K)] 72775K->32831K(159744K), 0.0022020 secs] [Times: user=0.01 sys=0.00, real=0.01 secs] 
43.623: Total time for which application threads were stopped: 0.0046630 seconds, Stopping threads took: 0.0023740 seconds
43.661: Application time: 0.0378000 seconds
43.663: [GC [PSYoungGen: 48608K->6640K(48640K)] 74815K->33119K(159744K), 0.0020910 secs] [Times: user=0.01 sys=0.00, real=0.01 secs] 
43.665: Total time for which application threads were stopped: 0.0036930 seconds, Stopping threads took: 0.0015230 seconds
43.704: Application time: 0.0395050 seconds
43.706: [GC [PSYoungGen: 48624K->6640K(48640K)] 75103K->34695K(159744K), 0.0024990 secs] [Times: user=0.01 sys=0.00, real=0.00 secs] 
43.709: Total time for which application threads were stopped: 0.0045250 seconds, Stopping threads took: 0.0019350 seconds
43.752: Application time: 0.0432430 seconds
43.754: [GC [PSYoungGen: 48624K->6032K(48640K)] 76679K->34088K(159744K), 0.0017960 secs] [Times: user=0.01 sys=0.00, real=0.00 secs] 
43.756: Total time for which application threads were stopped: 0.0035260 seconds, Stopping threads took: 0.0016500 seconds
43.796: Application time: 0.0399950 seconds
43.798: [GC [PSYoungGen: 48016K->6624K(48640K)] 76072K->35888K(159744K), 0.0042880 secs] [Times: user=0.03 sys=0.00, real=0.00 secs] 
43.802: Total time for which application threads were stopped: 0.0063830 seconds, Stopping threads took: 0.0020120 seconds
43.842: Application time: 0.0397740 seconds
43.843: [GC [PSYoungGen: 48608K->6640K(48640K)] 77872K->36344K(159744K), 0.0021010 secs] [Times: user=0.01 sys=0.01, real=0.00 secs] 
43.845: Total time for which application threads were stopped: 0.0036580 seconds, Stopping threads took: 0.0014770 seconds
43.886: Application time: 0.0402010 seconds
43.888: [GC [PSYoungGen: 48624K->5472K(48640K)] 78328K->35176K(159744K), 0.0017650 secs] [Times: user=0.01 sys=0.00, real=0.00 secs] 
43.890: Total time for which application threads were stopped: 0.0039570 seconds, Stopping threads took: 0.0021130 seconds
43.929: Application time: 0.0399170 seconds
43.931: [GC [PSYoungGen: 47456K->5408K(48640K)] 77160K->35112K(159744K), 0.0016260 secs] [Times: user=0.02 sys=0.00, real=0.01 secs] 
43.932: Total time for which application threads were stopped: 0.0027090 seconds, Stopping threads took: 0.0010100 seconds
43.973: Application time: 0.0408600 seconds
43.975: [GC [PSYoungGen: 47392K->4368K(48640K)] 77096K->34080K(159744K), 0.0014990 secs] [Times: user=0.00 sys=0.00, real=0.00 secs] 
43.976: Total time for which application threads were stopped: 0.0031770 seconds, Stopping threads took: 0.0016020 seconds
44.017: Application time: 0.0409430 seconds
44.019: [GC [PSYoungGen: 46352K->5808K(48640K)] 76064K->35520K(159744K), 0.0017990 secs] [Times: user=0.01 sys=0.00, real=0.00 secs] 
44.021: Total time for which application threads were stopped: 0.0035500 seconds, Stopping threads took: 0.0016770 seconds
44.060: Application time: 0.0395320 seconds
44.062: [GC [PSYoungGen: 47790K->6656K(48640K)] 77502K->36368K(159744K), 0.0020180 secs] [Times: user=0.02 sys=0.00, real=0.01 secs] 
44.064: Total time for which application threads were stopped: 0.0040110 seconds, Stopping threads took: 0.0019120 seconds
44.105: Application time: 0.0407090 seconds
44.107: [GC [PSYoungGen: 48640K->5024K(48640K)] 78352K->34736K(159744K), 0.0015760 secs] [Times: user=0.01 sys=0.00, real=0.00 secs] 
44.109: Total time for which application threads were stopped: 0.0037960 seconds, Stopping threads took: 0.0021480 seconds
44.149: Application time: 0.0403200 seconds
44.151: [GC [PSYoungGen: 47008K->4960K(48640K)] 76720K->34672K(159744K), 0.0015440 secs] [Times: user=0.01 sys=0.01, real=0.01 secs] 
44.153: Total time for which application threads were stopped: 0.0034830 seconds, Stopping threads took: 0.0018610 seconds
44.192: Application time: 0.0392690 seconds
44.194: [GC [PSYoungGen: 46944K->6640K(48640K)] 76656K->36912K(159744K), 0.0021370 secs] [Times: user=0.02 sys=0.00, real=0.00 secs] 
44.196: Total time for which application threads were stopped: 0.0039680 seconds, Stopping threads took: 0.0017500 seconds
44.237: Application time: 0.0411310 seconds
44.238: [GC [PSYoungGen: 48624K->6640K(48640K)] 78896K->37612K(159744K), 0.0021780 secs] [Times: user=0.02 sys=0.00, real=0.00 secs] 
44.240: Total time for which application threads were stopped: 0.0034250 seconds, Stopping threads took: 0.0011550 seconds
44.280: Application time: 0.0400730 seconds
44.283: [GC [PSYoungGen: 48624K->6640K(48640K)] 79596K->38580K(159744K), 0.0022810 secs] [Times: user=0.02 sys=0.00, real=0.01 secs] 
44.285: Total time for which application threads were stopped: 0.0044060 seconds, Stopping threads took: 0.0020440 seconds
44.325: Application time: 0.0401540 seconds
44.326: [GC [PSYoungGen: 48624K->6656K(48640K)] 80564K->38804K(159744K), 0.0021590 secs] [Times: user=0.02 sys=0.00, real=0.00 secs] 
44.328: Total time for which application threads were stopped: 0.0031680 seconds, Stopping threads took: 0.0009300 seconds
44.367: Application time: 0.0391420 seconds
44.369: [GC [PSYoungGen: 48640K->6352K(48640K)] 80788K->38508K(159744K), 0.0018950 secs] [Times: user=0.01 sys=0.00, real=0.00 secs] 
44.371: Total time for which application threads were stopped: 0.0036360 seconds, Stopping threads took: 0.0016620 seconds
44.411: Application time: 0.0396200 seconds
44.414: [GC [PSYoungGen: 48336K->6640K(48640K)] 80492K->39952K(159744K), 0.0023600 secs] [Times: user=0.02 sys=0.00, real=0.00 secs] 
44.416: Total time for which application threads were stopped: 0.0053220 seconds, Stopping threads took: 0.0028730 seconds
44.453: Application time: 0.0372590 seconds
44.455: [GC [PSYoungGen: 48624K->6656K(48640K)] 81936K->40640K(159744K), 0.0022090 secs] [Times: user=0.01 sys=0.00, real=0.00 secs] 
44.458: Total time for which application threads were stopped: 0.0045100 seconds, Stopping threads took: 0.0022140 seconds
44.498: Application time: 0.0403890 seconds
44.500: [GC [PSYoungGen: 48640K->6624K(48640K)] 82624K->41824K(159744K), 0.0023610 secs] [Times: user=0.02 sys=0.00, real=0.00 secs] 
44.503: Total time for which application threads were stopped: 0.0047590 seconds, Stopping threads took: 0.0023140 seconds
44.543: Application time: 0.0400550 seconds
44.545: [GC [PSYoungGen: 48608K->6640K(48640K)] 83808K->41912K(159744K), 0.0020420 secs] [Times: user=0.02 sys=0.00, real=0.00 secs] 
44.547: Total time for which application threads were stopped: 0.0039630 seconds, Stopping threads took: 0.0018360 seconds
44.588: Application time: 0.0408510 seconds
44.591: [GC [PSYoungGen: 48624K->6112K(48640K)] 83896K->41384K(159744K), 0.0018640 secs] [Times: user=0.02 sys=0.00, real=0.01 secs] 
44.593: Total time for which application threads were stopped: 0.0049860 seconds, Stopping threads took: 0.0030440 seconds
44.632: Application time: 0.0397630 seconds
44.634: [GC [PSYoungGen: 48096K->6640K(48640K)] 83368K->42120K(159744K), 0.0022760 secs] [Times: user=0.01 sys=0.00, real=0.00 secs] 
44.636: Total time for which application threads were stopped: 0.0040020 seconds, Stopping threads took: 0.0016420 seconds
44.674: Application time: 0.0379910 seconds
44.677: [GC [PSYoungGen: 48624K->6304K(48640K)] 84104K->41784K(159744K), 0.0018040 secs] [Times: user=0.01 sys=0.00, real=0.00 secs] 
44.679: Total time for which application threads were stopped: 0.0042370 seconds, Stopping threads took: 0.0023480 seconds
44.718: Application time: 0.0391070 seconds
44.720: [GC [PSYoungGen: 48288K->6640K(48640K)] 83768K->43088K(159744K), 0.0023170 secs] [Times: user=0.02 sys=0.00, real=0.00 secs] 
44.722: Total time for which application threads were stopped: 0.0041760 seconds, Stopping threads took: 0.0017750 seconds
44.763: Application time: 0.0407260 seconds
44.764: [GC [PSYoungGen: 48624K->6464K(48640K)] 85072K->42912K(159744K), 0.0019240 secs] [Times: user=0.02 sys=0.00, real=0.00 secs] 
44.766: Total time for which application threads were stopped: 0.0036230 seconds, Stopping threads took: 0.0016120 seconds
44.807: Application time: 0.0411450 seconds
44.811: [GC [PSYoungGen: 48448K->5984K(48640K)] 84896K->42432K(159744K), 0.0016790 secs] [Times: user=0.01 sys=0.00, real=0.01 secs] 
44.813: Total time for which application threads were stopped: 0.0050730 seconds, Stopping threads took: 0.0033150 seconds
44.852: Application time: 0.0390900 seconds
44.854: [GC [PSYoungGen: 47968K->6640K(48640K)] 84416K->43972K(159744K), 0.0022970 secs] [Times: user=0.02 sys=0.00, real=0.00 secs] 
44.856: Total time for which application threads were stopped: 0.0045590 seconds, Stopping threads took: 0.0021760 seconds
44.896: Application time: 0.0398240 seconds
44.898: [GC [PSYoungGen: 48624K->5856K(48640K)] 85956K->43204K(159744K), 0.0016920 secs] [Times: user=0.01 sys=0.00, real=0.00 secs] 
44.900: Total time for which application threads were stopped: 0.0037310 seconds, Stopping threads took: 0.0019560 seconds
44.941: Application time: 0.0407280 seconds
44.942: [GC [PSYoungGen: 47840K->6656K(48640K)] 85188K->44948K(159744K), 0.0022950 secs] [Times: user=0.02 sys=0.00, real=0.01 secs] 
44.945: Total time for which application threads were stopped: 0.0040720 seconds, Stopping threads took: 0.0016940 seconds
44.985: Application time: 0.0403530 seconds
44.987: [GC [PSYoungGen: 48640K->6656K(48640K)] 86932K->45636K(159744K), 0.0021850 secs] [Times: user=0.01 sys=0.00, real=0.00 secs] 
44.989: Total time for which application threads were stopped: 0.0040620 seconds, Stopping threads took: 0.0017910 seconds
45.030: Application time: 0.0406030 seconds
45.031: [GC [PSYoungGen: 48640K->6656K(48640K)] 87620K->45692K(159744K), 0.0020780 secs] [Times: user=0.02 sys=0.00, real=0.00 secs] 
45.033: Total time for which application threads were stopped: 0.0037940 seconds, Stopping threads took: 0.0016360 seconds
45.073: Application time: 0.0397570 seconds
45.076: [GC [PSYoungGen: 48640K->6656K(48640K)] 87676K->47144K(159744K), 0.0025240 secs] [Times: user=0.02 sys=0.00, real=0.00 secs] 
45.078: Total time for which application threads were stopped: 0.0050590 seconds, Stopping threads took: 0.0024510 seconds
45.118: Application time: 0.0401060 seconds
45.120: [GC [PSYoungGen: 48640K->6656K(48640K)] 89128K->48072K(159744K), 0.0022930 secs] [Times: user=0.01 sys=0.00, real=0.00 secs] 
45.123: Total time for which application threads were stopped: 0.0041820 seconds, Stopping threads took: 0.0018070 seconds
45.161: Application time: 0.0388880 seconds
45.163: [GC [PSYoungGen: 48640K->6656K(48640K)] 90056K->49472K(159744K), 0.0024140 secs] [Times: user=0.02 sys=0.00, real=0.00 secs] 
45.166: Total time for which application threads were stopped: 0.0045100 seconds, Stopping threads took: 0.0020120 seconds
45.206: Application time: 0.0399140 seconds
45.208: [GC [PSYoungGen: 48640K->6496K(48640K)] 91456K->49312K(159744K), 0.0018840 secs] [Times: user=0.01 sys=0.00, real=0.00 secs] 
45.210: Total time for which application threads were stopped: 0.0042280 seconds, Stopping threads took: 0.0022670 seconds
45.248: Application time: 0.0380350 seconds
45.249: [GC [PSYoungGen: 48480K->6656K(48640K)] 91296K->49640K(159744K), 0.0020430 secs] [Times: user=0.01 sys=0.00, real=0.01 secs] 
45.252: Total time for which application threads were stopped: 0.0034650 seconds, Stopping threads took: 0.0013360 seconds
45.289: Application time: 0.0375110 seconds
45.290: [GC [PSYoungGen: 48640K->6656K(48640K)] 91624K->50256K(159744K), 0.0023670 secs] [Times: user=0.01 sys=0.00, real=0.01 secs] 
45.293: Total time for which application threads were stopped: 0.0036270 seconds, Stopping threads took: 0.0011760 seconds
45.331: Application time: 0.0379440 seconds
45.332: [GC [PSYoungGen: 48640K->6496K(48640K)] 92240K->50096K(159744K), 0.0020070 secs] [Times: user=0.01 sys=0.00, real=0.00 secs] 
45.334: Total time for which application threads were stopped: 0.0035640 seconds, Stopping threads took: 0.0014750 seconds
45.373: Application time: 0.0384150 seconds
45.373: [GC [PSYoungGen: 48480K->6640K(48640K)] 92080K->51264K(159744K), 0.0023320 secs] [Times: user=0.01 sys=0.00, real=0.00 secs] 
45.376: Total time for which application threads were stopped: 0.0031350 seconds, Stopping threads took: 0.0007020 seconds
45.415: Application time: 0.0395950 seconds
45.418: [GC [PSYoungGen: 48624K->5568K(48640K)] 93248K->50200K(159744K), 0.0016560 secs] [Times: user=0.01 sys=0.00, real=0.00 secs] 
45.420: Total time for which application threads were stopped: 0.0043380 seconds, Stopping threads took: 0.0026150 seconds
45.458: Application time: 0.0384750 seconds
45.460: [GC [PSYoungGen: 47552K->5440K(48640K)] 92184K->50080K(159744K), 0.0035200 secs] [Times: user=0.02 sys=0.00, real=0.01 secs] 
45.463: Total time for which application threads were stopped: 0.0052240 seconds, Stopping threads took: 0.0016170 seconds
45.500: Application time: 0.0362040 seconds
45.502: [GC [PSYoungGen: 47424K->6624K(48640K)] 92064K->51504K(159744K), 0.0020830 secs] [Times: user=0.02 sys=0.00, real=0.01 secs] 
45.504: Total time for which application threads were stopped: 0.0040310 seconds, Stopping threads took: 0.0018700 seconds
45.541: Application time: 0.0370990 seconds
45.543: [GC [PSYoungGen: 48608K->6640K(48640K)] 93488K->51616K(159744K), 0.0020870 secs] [Times: user=0.01 sys=0.00, real=0.01 secs] 
45.545: Total time for which application threads were stopped: 0.0040270 seconds, Stopping threads took: 0.0018640 seconds
45.583: Application time: 0.0381760 seconds
45.585: [GC [PSYoungGen: 48624K->6624K(48640K)] 93600K->52324K(159744K), 0.0023030 secs] [Times: user=0.01 sys=0.00, real=0.00 secs] 
45.587: Total time for which application threads were stopped: 0.0039280 seconds, Stopping threads took: 0.0015420 seconds
45.625: Application time: 0.0381630 seconds
45.626: [GC [PSYoungGen: 48608K->6640K(48640K)] 94308K->53276K(159744K), 0.0022280 secs] [Times: user=0.02 sys=0.00, real=0.00 secs] 
45.628: Total time for which application threads were stopped: 0.0032890 seconds, Stopping threads took: 0.0009800 seconds
45.666: Application time: 0.0380160 seconds
45.668: [GC [PSYoungGen: 48624K->5584K(48640K)] 95260K->52220K(159744K), 0.0017260 secs] [Times: user=0.01 sys=0.00, real=0.00 secs] 
45.669: Total time for which application threads were stopped: 0.0028940 seconds, Stopping threads took: 0.0010920 seconds
45.705: Application time: 0.0358810 seconds
45.707: [GC [PSYoungGen: 47568K->6640K(48640K)] 94204K->54412K(159744K), 0.0023080 secs] [Times: user=0.02 sys=0.00, real=0.00 secs] 
45.710: Total time for which application threads were stopped: 0.0043970 seconds, Stopping threads took: 0.0020070 seconds
45.748: Application time: 0.0386180 seconds
45.750: [GC [PSYoungGen: 48624K->6384K(48640K)] 96396K->54156K(159744K), 0.0019200 secs] [Times: user=0.02 sys=0.00, real=0.01 secs] 
45.752: Total time for which application threads were stopped: 0.0034790 seconds, Stopping threads took: 0.0014810 seconds
45.789: Application time: 0.0370850 seconds
45.791: [GC [PSYoungGen: 48368K->5760K(48640K)] 96140K->53532K(159744K), 0.0017660 secs] [Times: user=0.01 sys=0.00, real=0.01 secs] 
45.792: Total time for which application threads were stopped: 0.0036050 seconds, Stopping threads took: 0.0017630 seconds
45.830: Application time: 0.0375680 seconds
45.832: [GC [PSYoungGen: 47744K->6080K(48640K)] 95516K->53852K(159744K), 0.0018240 secs] [Times: user=0.01 sys=0.00, real=0.00 secs] 
45.834: Total time for which application threads were stopped: 0.0040030 seconds, Stopping threads took: 0.0020850 seconds
45.872: Application time: 0.0377090 seconds
45.873: [GC [PSYoungGen: 48064K->5536K(48640K)] 95836K->53308K(159744K), 0.0016750 secs] [Times: user=0.01 sys=0.00, real=0.00 secs] 
45.875: Total time for which application threads were stopped: 0.0033550 seconds, Stopping threads took: 0.0016030 seconds
45.913: Application time: 0.0380150 seconds
45.915: [GC [PSYoungGen: 47520K->5840K(48640K)] 95292K->53628K(159744K), 0.0016860 secs] [Times: user=0.01 sys=0.00, real=0.00 secs] 
45.917: Total time for which application threads were stopped: 0.0039150 seconds, Stopping threads took: 0.0021550 seconds
45.955: Application time: 0.0383640 seconds
45.957: [GC [PSYoungGen: 47824K->6080K(48640K)] 95612K->53876K(159744K), 0.0018920 secs] [Times: user=0.01 sys=0.00, real=0.00 secs] 
45.959: Total time for which application threads were stopped: 0.0034070 seconds, Stopping threads took: 0.0014410 seconds
45.996: Application time: 0.0376740 seconds
45.998: [GC [PSYoungGen: 48064K->6656K(48640K)] 95860K->55236K(159744K), 0.0022570 secs] [Times: user=0.01 sys=0.00, real=0.00 secs] 
46.001: Total time for which application threads were stopped: 0.0042380 seconds, Stopping threads took: 0.0019040 seconds
46.039: Application time: 0.0386360 seconds
46.041: [GC [PSYoungGen: 48640K->6656K(48640K)] 97220K->55388K(159744K), 0.0020990 secs] [Times: user=0.01 sys=0.00, real=0.00 secs] 
46.043: Total time for which application threads were stopped: 0.0036670 seconds, Stopping threads took: 0.0014930 seconds
46.081: Application time: 0.0379510 seconds
46.083: [GC [PSYoungGen: 48640K->6656K(48640K)] 97372K->56877K(159744K), 0.0023840 secs] [Times: user=0.02 sys=0.00, real=0.01 secs] 
46.085: Total time for which application threads were stopped: 0.0042630 seconds, Stopping threads took: 0.0017960 seconds
46.122: Application time: 0.0370620 seconds
46.123: [GC [PSYoungGen: 48640K->6656K(48640K)] 98861K->57189K(159744K), 0.0021140 secs] [Times: user=0.01 sys=0.00, real=0.00 secs] 
46.125: Total time for which application threads were stopped: 0.0032660 seconds, Stopping threads took: 0.0010700 seconds
46.162: Application time: 0.0365980 seconds
46.164: [GC [PSYoungGen: 48640K->6656K(48640K)] 99173K->58393K(159744K), 0.0023720 secs] [Times: user=0.01 sys=0.00, real=0.00 secs] 
46.166: Total time for which application threads were stopped: 0.0040990 seconds, Stopping threads took: 0.0016450 seconds
46.206: Application time: 0.0394700 seconds
46.208: [GC [PSYoungGen: 48640K->6656K(48640K)] 100377K->58929K(159744K), 0.0020710 secs] [Times: user=0.01 sys=0.00, real=0.00 secs] 
46.210: Total time for which application threads were stopped: 0.0041940 seconds, Stopping threads took: 0.0020430 seconds
46.248: Application time: 0.0380530 seconds
46.250: [GC [PSYoungGen: 48640K->6656K(48640K)] 100913K->59329K(159744K), 0.0021760 secs] [Times: user=0.01 sys=0.00, real=0.01 secs] 
46.252: Total time for which application threads were stopped: 0.0043550 seconds, Stopping threads took: 0.0020980 seconds
46.289: Application time: 0.0371090 seconds
46.292: [GC [PSYoungGen: 48640K->6656K(48640K)] 101313K->59665K(159744K), 0.0020330 secs] [Times: user=0.01 sys=0.00, real=0.00 secs] 
46.294: Total time for which application threads were stopped: 0.0047270 seconds, Stopping threads took: 0.0026150 seconds
46.332: Application time: 0.0378620 seconds
46.333: [GC [PSYoungGen: 48640K->6656K(48640K)] 101649K->60589K(159744K), 0.0023250 secs] [Times: user=0.02 sys=0.00, real=0.00 secs] 
46.336: Total time for which application threads were stopped: 0.0036760 seconds, Stopping threads took: 0.0012630 seconds
46.374: Application time: 0.0380670 seconds
46.375: [GC [PSYoungGen: 48640K->6624K(48640K)] 102573K->61365K(159744K), 0.0022040 secs] [Times: user=0.01 sys=0.00, real=0.00 secs] 
46.377: Total time for which application threads were stopped: 0.0033910 seconds, Stopping threads took: 0.0011050 seconds
46.415: Application time: 0.0377640 seconds
46.416: [GC [PSYoungGen: 48608K->6368K(48640K)] 103349K->61117K(159744K), 0.0018630 secs] [Times: user=0.01 sys=0.00, real=0.00 secs] 
46.418: Total time for which application threads were stopped: 0.0034820 seconds, Stopping threads took: 0.0015420 seconds
46.456: Application time: 0.0378950 seconds
46.457: [GC [PSYoungGen: 48352K->6656K(48640K)] 103101K->61797K(159744K), 0.0021610 secs] [Times: user=0.02 sys=0.00, real=0.00 secs] 
46.460: Total time for which application threads were stopped: 0.0034470 seconds, Stopping threads took: 0.0012050 seconds
46.498: Application time: 0.0387560 seconds
46.500: [GC [PSYoungGen: 48640K->5936K(48640K)] 103781K->61085K(159744K), 0.0017810 secs] [Times: user=0.01 sys=0.00, real=0.00 secs] 
46.502: Total time for which application threads were stopped: 0.0032510 seconds, Stopping threads took: 0.0013970 seconds
46.538: Application time: 0.0361400 seconds
46.540: [GC [PSYoungGen: 47920K->6624K(48640K)] 103069K->63029K(159744K), 0.0023840 secs] [Times: user=0.01 sys=0.00, real=0.00 secs] 
46.542: Total time for which application threads were stopped: 0.0044930 seconds, Stopping threads took: 0.0020150 seconds
46.581: Application time: 0.0383600 seconds
46.582: [GC [PSYoungGen: 48608K->6256K(48640K)] 105013K->62669K(159744K), 0.0018710 secs] [Times: user=0.01 sys=0.00, real=0.01 secs] 
46.584: Total time for which application threads were stopped: 0.0035720 seconds, Stopping threads took: 0.0016210 seconds
46.623: Application time: 0.0383120 seconds
46.624: [GC [PSYoungGen: 48240K->6656K(48640K)] 104653K->63085K(159744K), 0.0020490 secs] [Times: user=0.01 sys=0.00, real=0.00 secs] 
46.626: Total time for which application threads were stopped: 0.0033660 seconds, Stopping threads took: 0.0012400 seconds
46.664: Application time: 0.0380160 seconds
46.665: [GC [PSYoungGen: 48640K->5520K(48640K)] 105069K->61949K(159744K), 0.0017060 secs] [Times: user=0.01 sys=0.00, real=0.00 secs] 
46.667: Total time for which application threads were stopped: 0.0027750 seconds, Stopping threads took: 0.0009990 seconds
46.703: Application time: 0.0366480 seconds
46.705: [GC [PSYoungGen: 47504K->6656K(48640K)] 103933K->63925K(159744K), 0.0024840 secs] [Times: user=0.02 sys=0.00, real=0.00 secs] 
46.707: Total time for which application threads were stopped: 0.0039530 seconds, Stopping threads took: 0.0013940 seconds
46.745: Application time: 0.0378220 seconds
46.748: [GC [PSYoungGen: 48640K->6656K(48640K)] 105909K->64181K(159744K), 0.0020580 secs] [Times: user=0.01 sys=0.00, real=0.00 secs] 
46.750: Total time for which application threads were stopped: 0.0047370 seconds, Stopping threads took: 0.0026020 seconds
46.789: Application time: 0.0386120 seconds
46.791: [GC [PSYoungGen: 48640K->6624K(48640K)] 106165K->64149K(159744K), 0.0019040 secs] [Times: user=0.00 sys=0.01, real=0.01 secs] 
46.793: Total time for which application threads were stopped: 0.0045070 seconds, Stopping threads took: 0.0025230 seconds
46.830: Application time: 0.0373520 seconds
46.832: [GC [PSYoungGen: 48608K->6624K(48640K)] 106133K->65261K(159744K), 0.0023410 secs] [Times: user=0.01 sys=0.00, real=0.00 secs] 
46.834: Total time for which application threads were stopped: 0.0037600 seconds, Stopping threads took: 0.0013370 seconds
46.871: Application time: 0.0370730 seconds
46.873: [GC [PSYoungGen: 48606K->6640K(48640K)] 107243K->66793K(159744K), 0.0026380 secs] [Times: user=0.02 sys=0.00, real=0.00 secs] 
46.876: Total time for which application threads were stopped: 0.0043190 seconds, Stopping threads took: 0.0015890 seconds
46.913: Application time: 0.0370500 seconds
46.915: [GC [PSYoungGen: 48624K->6624K(48640K)] 108777K->67809K(159744K), 0.0022760 secs] [Times: user=0.01 sys=0.00, real=0.00 secs] 
46.917: Total time for which application threads were stopped: 0.0045680 seconds, Stopping threads took: 0.0022130 seconds
46.954: Application time: 0.0366050 seconds
46.956: [GC [PSYoungGen: 48608K->6640K(48640K)] 109793K->69161K(159744K), 0.0023760 secs] [Times: user=0.01 sys=0.00, real=0.00 secs] 
46.958: Total time for which application threads were stopped: 0.0042110 seconds, Stopping threads took: 0.0017500 seconds
46.996: Application time: 0.0383870 seconds
46.998: [GC [PSYoungGen: 48624K->6656K(48640K)] 111145K->69545K(159744K), 0.0021090 secs] [Times: user=0.01 sys=0.00, real=0.00 secs] 
47.001: Total time for which application threads were stopped: 0.0041360 seconds, Stopping threads took: 0.0019280 seconds
47.039: Application time: 0.0380120 seconds
47.040: [GC [PSYoungGen: 48640K->6656K(48640K)] 111529K->70465K(159744K), 0.0022820 secs] [Times: user=0.02 sys=0.00, real=0.00 secs] 
47.042: Total time for which application threads were stopped: 0.0038950 seconds, Stopping threads took: 0.0015300 seconds
47.078: Application time: 0.0358960 seconds
47.080: [GC [PSYoungGen: 48640K->6656K(48640K)] 112449K->71721K(159744K), 0.0023470 secs] [Times: user=0.02 sys=0.00, real=0.00 secs] 
47.083: Total time for which application threads were stopped: 0.0044770 seconds, Stopping threads took: 0.0020490 seconds
47.121: Application time: 0.0382580 seconds
47.123: [GC [PSYoungGen: 48640K->5920K(48640K)] 113705K->70985K(159744K), 0.0017950 secs] [Times: user=0.01 sys=0.00, real=0.01 secs] 
47.125: Total time for which application threads were stopped: 0.0036320 seconds, Stopping threads took: 0.0017630 seconds
47.162: Application time: 0.0376830 seconds
47.164: [GC [PSYoungGen: 47904K->5856K(48640K)] 112969K->70921K(159744K), 0.0017650 secs] [Times: user=0.01 sys=0.00, real=0.00 secs] 
47.166: Total time for which application threads were stopped: 0.0033540 seconds, Stopping threads took: 0.0015170 seconds
47.203: Application time: 0.0369740 seconds
47.205: [GC [PSYoungGen: 47840K->6656K(48640K)] 112905K->71817K(159744K), 0.0020530 secs] [Times: user=0.01 sys=0.00, real=0.00 secs] 
47.207: Total time for which application threads were stopped: 0.0041500 seconds, Stopping threads took: 0.0020150 seconds
47.246: Application time: 0.0386600 seconds
47.248: [GC [PSYoungGen: 48640K->6240K(48640K)] 113801K->71401K(159744K), 0.0019980 secs] [Times: user=0.02 sys=0.00, real=0.00 secs] 
47.250: Total time for which application threads were stopped: 0.0041820 seconds, Stopping threads took: 0.0020800 seconds
47.288: Application time: 0.0383330 seconds
47.293: [GC [PSYoungGen: 48224K->6656K(48640K)] 113385K->72233K(159744K), 0.0025150 secs] [Times: user=0.00 sys=0.01, real=0.00 secs] 
47.295: Total time for which application threads were stopped: 0.0073170 seconds, Stopping threads took: 0.0047180 seconds
47.332: Application time: 0.0363270 seconds
47.334: [GC [PSYoungGen: 48640K->6640K(48640K)] 114217K->73009K(159744K), 0.0022370 secs] [Times: user=0.02 sys=0.00, real=0.00 secs] 
47.336: Total time for which application threads were stopped: 0.0041660 seconds, Stopping threads took: 0.0018480 seconds
47.374: Application time: 0.0384470 seconds
47.376: [GC [PSYoungGen: 48624K->6656K(48640K)] 114993K->73561K(159744K), 0.0021370 secs] [Times: user=0.01 sys=0.00, real=0.00 secs] 
47.378: Total time for which application threads were stopped: 0.0036140 seconds, Stopping threads took: 0.0013920 seconds
47.416: Application time: 0.0384470 seconds
47.418: [GC [PSYoungGen: 48640K->6656K(48640K)] 115545K->73817K(159744K), 0.0021020 secs] [Times: user=0.02 sys=0.00, real=0.00 secs] 
47.420: Total time for which application threads were stopped: 0.0033010 seconds, Stopping threads took: 0.0011170 seconds
47.458: Application time: 0.0387350 seconds
47.460: [GC [PSYoungGen: 48640K->6624K(48640K)] 115801K->73961K(159744K), 0.0021900 secs] [Times: user=0.01 sys=0.00, real=0.00 secs] 
47.462: Total time for which application threads were stopped: 0.0033470 seconds, Stopping threads took: 0.0010750 seconds
47.499: Application time: 0.0373920 seconds
47.501: [GC [PSYoungGen: 48608K->6656K(48640K)] 115945K->74961K(159744K), 0.0023670 secs] [Times: user=0.00 sys=0.01, real=0.01 secs] 
47.503: Total time for which application threads were stopped: 0.0042370 seconds, Stopping threads took: 0.0017830 seconds
47.542: Application time: 0.0382470 seconds
47.543: [GC [PSYoungGen: 48640K->6640K(48640K)] 116945K->75241K(159744K), 0.0023310 secs] [Times: user=0.01 sys=0.01, real=0.00 secs] 
47.546: Total time for which application threads were stopped: 0.0038910 seconds, Stopping threads took: 0.0014700 seconds
47.582: Application time: 0.0366960 seconds
47.584: [GC [PSYoungGen: 48624K->6640K(48640K)] 117225K->75521K(159744K), 0.0020680 secs] [Times: user=0.02 sys=0.00, real=0.00 secs] 
47.586: Total time for which application threads were stopped: 0.0039220 seconds, Stopping threads took: 0.0017780 seconds
47.623: Application time: 0.0367200 seconds
47.625: [GC [PSYoungGen: 48624K->6656K(48640K)] 117505K->76609K(159744K), 0.0022590 secs] [Times: user=0.02 sys=0.00, real=0.00 secs] 
47.627: Total time for which application threads were stopped: 0.0044150 seconds, Stopping threads took: 0.0020730 seconds
47.664: Application time: 0.0367170 seconds
47.666: [GC [PSYoungGen: 48640K->6656K(48640K)] 118593K->77961K(159744K), 0.0024100 secs] [Times: user=0.02 sys=0.00, real=0.00 secs] 
47.668: Total time for which application threads were stopped: 0.0042670 seconds, Stopping threads took: 0.0017770 seconds
47.706: Application time: 0.0373410 seconds
47.707: [GC [PSYoungGen: 48640K->6656K(48640K)] 119945K->78665K(159744K), 0.0022170 secs] [Times: user=0.02 sys=0.00, real=0.00 secs] 
47.710: Total time for which application threads were stopped: 0.0039500 seconds, Stopping threads took: 0.0016540 seconds
47.749: Application time: 0.0389590 seconds
47.750: [GC [PSYoungGen: 48640K->5856K(48640K)] 120649K->77865K(159744K), 0.0018140 secs] [Times: user=0.02 sys=0.00, real=0.01 secs] 
47.752: Total time for which application threads were stopped: 0.0036880 seconds, Stopping threads took: 0.0017980 seconds
47.791: Application time: 0.0392200 seconds
47.793: [GC [PSYoungGen: 47840K->5344K(48640K)] 119849K->77353K(159744K), 0.0016990 secs] [Times: user=0.02 sys=0.00, real=0.00 secs] 
47.794: Total time for which application threads were stopped: 0.0029570 seconds, Stopping threads took: 0.0011830 seconds
47.833: Application time: 0.0386870 seconds
47.835: [GC [PSYoungGen: 47328K->4784K(48640K)] 119337K->76793K(159744K), 0.0016350 secs] [Times: user=0.01 sys=0.00, real=0.00 secs] 
47.837: Total time for which application threads were stopped: 0.0034840 seconds, Stopping threads took: 0.0017730 seconds
47.874: Application time: 0.0378590 seconds
47.875: [GC [PSYoungGen: 46766K->6656K(48640K)] 118775K->78697K(159744K), 0.0020480 secs] [Times: user=0.01 sys=0.00, real=0.00 secs] 
47.877: Total time for which application threads were stopped: 0.0029250 seconds, Stopping threads took: 0.0008020 seconds
47.915: Application time: 0.0376120 seconds
47.919: [GC [PSYoungGen: 48640K->5216K(48640K)] 120681K->77257K(159744K), 0.0015740 secs] [Times: user=0.01 sys=0.00, real=0.00 secs] 
47.921: Total time for which application threads were stopped: 0.0058150 seconds, Stopping threads took: 0.0041570 seconds
47.959: Application time: 0.0383070 seconds
47.963: [GC [PSYoungGen: 47200K->5008K(48640K)] 119241K->77057K(159744K), 0.0015740 secs] [Times: user=0.01 sys=0.00, real=0.00 secs] 
47.965: Total time for which application threads were stopped: 0.0057110 seconds, Stopping threads took: 0.0040640 seconds
48.003: Application time: 0.0380980 seconds
48.005: [GC [PSYoungGen: 46992K->4960K(48640K)] 119041K->77009K(159744K), 0.0015480 secs] [Times: user=0.01 sys=0.00, real=0.00 secs] 
48.006: Total time for which application threads were stopped: 0.0033520 seconds, Stopping threads took: 0.0017300 seconds
48.043: Application time: 0.0362350 seconds
48.045: [GC [PSYoungGen: 46944K->6640K(48640K)] 118993K->79577K(159744K), 0.0022860 secs] [Times: user=0.02 sys=0.00, real=0.00 secs] 
48.047: Total time for which application threads were stopped: 0.0045080 seconds, Stopping threads took: 0.0021380 seconds
48.083: Application time: 0.0361090 seconds
48.085: [GC [PSYoungGen: 48624K->6640K(48640K)] 121561K->79793K(159744K), 0.0020600 secs] [Times: user=0.02 sys=0.00, real=0.00 secs] 
48.087: Total time for which application threads were stopped: 0.0037950 seconds, Stopping threads took: 0.0016500 seconds
48.124: Application time: 0.0375020 seconds
48.126: [GC [PSYoungGen: 48624K->6640K(48640K)] 121777K->80929K(159744K), 0.0024870 secs] [Times: user=0.02 sys=0.00, real=0.00 secs] 
48.128: Total time for which application threads were stopped: 0.0036760 seconds, Stopping threads took: 0.0011050 seconds
48.166: Application time: 0.0378700 seconds
48.167: [GC [PSYoungGen: 48624K->6640K(48640K)] 122913K->80953K(159744K), 0.0020740 secs] [Times: user=0.02 sys=0.00, real=0.00 secs] 
48.169: Total time for which application threads were stopped: 0.0033820 seconds, Stopping threads took: 0.0012270 seconds
48.207: Application time: 0.0371160 seconds
48.208: [GC [PSYoungGen: 48624K->6656K(48640K)] 122937K->82225K(159744K), 0.0023730 secs] [Times: user=0.02 sys=0.00, real=0.00 secs] 
48.211: Total time for which application threads were stopped: 0.0042310 seconds, Stopping threads took: 0.0017770 seconds
48.249: Application time: 0.0378750 seconds
48.251: [GC [PSYoungGen: 48640K->6304K(48640K)] 124209K->81873K(159744K), 0.0019930 secs] [Times: user=0.01 sys=0.00, real=0.01 secs] 
48.253: Total time for which application threads were stopped: 0.0039650 seconds, Stopping threads took: 0.0018870 seconds
48.290: Application time: 0.0371920 seconds
48.291: [GC [PSYoungGen: 48288K->5760K(48640K)] 123857K->81329K(159744K), 0.0018430 secs] [Times: user=0.02 sys=0.00, real=0.00 secs] 
48.293: Total time for which application threads were stopped: 0.0032590 seconds, Stopping threads took: 0.0013390 seconds
48.331: Application time: 0.0376490 seconds
48.333: [GC [PSYoungGen: 47744K->6640K(48640K)] 123313K->82233K(159744K), 0.0020430 secs] [Times: user=0.01 sys=0.00, real=0.00 secs] 
48.335: Total time for which application threads were stopped: 0.0040010 seconds, Stopping threads took: 0.0018590 seconds
48.374: Application time: 0.0391910 seconds
48.375: [GC [PSYoungGen: 48624K->5696K(48640K)] 124217K->81289K(159744K), 0.0018450 secs] [Times: user=0.02 sys=0.00, real=0.00 secs] 
48.377: Total time for which application threads were stopped: 0.0027800 seconds, Stopping threads took: 0.0008580 seconds
48.414: Application time: 0.0373530 seconds
48.416: [GC [PSYoungGen: 47680K->6624K(48640K)] 123273K->82217K(159744K), 0.0020160 secs] [Times: user=0.01 sys=0.00, real=0.00 secs] 
48.418: Total time for which application threads were stopped: 0.0038690 seconds, Stopping threads took: 0.0017730 seconds
48.455: Application time: 0.0373410 seconds
48.457: [GC [PSYoungGen: 48608K->6624K(48640K)] 124201K->82297K(159744K), 0.0020900 secs] [Times: user=0.02 sys=0.00, real=0.00 secs] 
48.459: Total time for which application threads were stopped: 0.0039930 seconds, Stopping threads took: 0.0018120 seconds
48.497: Application time: 0.0374020 seconds
48.499: [GC [PSYoungGen: 48608K->6640K(48640K)] 124281K->83245K(159744K), 0.0023910 secs] [Times: user=0.02 sys=0.00, real=0.00 secs] 
48.501: Total time for which application threads were stopped: 0.0044580 seconds, Stopping threads took: 0.0019620 seconds
48.539: Application time: 0.0378510 seconds
48.541: [GC [PSYoungGen: 48624K->6624K(48640K)] 125229K->83501K(159744K), 0.0020970 secs] [Times: user=0.01 sys=0.00, real=0.00 secs] 
48.543: Total time for which application threads were stopped: 0.0036880 seconds, Stopping threads took: 0.0015140 seconds
48.579: Application time: 0.0363810 seconds
48.581: [GC [PSYoungGen: 48606K->6656K(48640K)] 125484K->85110K(159744K), 0.0024220 secs] [Times: user=0.02 sys=0.00, real=0.01 secs] 
48.584: Total time for which application threads were stopped: 0.0045640 seconds, Stopping threads took: 0.0020590 seconds
48.622: Application time: 0.0380170 seconds
48.624: [GC [PSYoungGen: 48640K->6496K(48640K)] 127094K->84950K(159744K), 0.0019660 secs] [Times: user=0.01 sys=0.00, real=0.00 secs] 
48.626: Total time for which application threads were stopped: 0.0039610 seconds, Stopping threads took: 0.0019230 seconds
48.665: Application time: 0.0394700 seconds
48.666: [GC [PSYoungGen: 48480K->5408K(48640K)] 126934K->83862K(159744K), 0.0017030 secs] [Times: user=0.01 sys=0.00, real=0.00 secs] 
48.668: Total time for which application threads were stopped: 0.0024960 seconds, Stopping threads took: 0.0007110 seconds
48.706: Application time: 0.0383950 seconds
48.707: [GC [PSYoungGen: 47392K->5760K(48640K)] 125846K->84214K(159744K), 0.0017900 secs] [Times: user=0.01 sys=0.00, real=0.00 secs] 
48.709: Total time for which application threads were stopped: 0.0033090 seconds, Stopping threads took: 0.0014430 seconds
48.747: Application time: 0.0380630 seconds
48.749: [GC [PSYoungGen: 47744K->5760K(48640K)] 126198K->84214K(159744K), 0.0017080 secs] [Times: user=0.01 sys=0.00, real=0.00 secs] 
48.751: Total time for which application threads were stopped: 0.0032000 seconds, Stopping threads took: 0.0014170 seconds
48.789: Application time: 0.0381620 seconds
48.791: [GC [PSYoungGen: 47744K->6112K(48640K)] 126198K->84566K(159744K), 0.0018400 secs] [Times: user=0.01 sys=0.00, real=0.01 secs] 
48.793: Total time for which application threads were stopped: 0.0040210 seconds, Stopping threads took: 0.0021010 seconds
48.831: Application time: 0.0378780 seconds
48.832: [GC [PSYoungGen: 48096K->6464K(48640K)] 126550K->84918K(159744K), 0.0019710 secs] [Times: user=0.01 sys=0.00, real=0.00 secs] 
48.834: Total time for which application threads were stopped: 0.0036070 seconds, Stopping threads took: 0.0015600 seconds
48.872: Application time: 0.0373350 seconds
48.873: [GC [PSYoungGen: 48448K->6656K(48640K)] 126902K->85318K(159744K), 0.0020650 secs] [Times: user=0.02 sys=0.00, real=0.00 secs] 
48.876: Total time for which application threads were stopped: 0.0039900 seconds, Stopping threads took: 0.0018420 seconds
48.913: Application time: 0.0378550 seconds
48.914: [GC [PSYoungGen: 48640K->6640K(48640K)] 127302K->85966K(159744K), 0.0023140 secs] [Times: user=0.02 sys=0.00, real=0.00 secs] 
48.917: Total time for which application threads were stopped: 0.0033990 seconds, Stopping threads took: 0.0010040 seconds
48.956: Application time: 0.0391190 seconds
48.956: [GC [PSYoungGen: 48624K->5840K(48640K)] 127950K->85174K(159744K), 0.0017680 secs] [Times: user=0.01 sys=0.00, real=0.00 secs] 
48.958: Total time for which application threads were stopped: 0.0022270 seconds, Stopping threads took: 0.0003810 seconds
48.995: Application time: 0.0367710 seconds
48.997: [GC [PSYoungGen: 47824K->6640K(48640K)] 127158K->86326K(159744K), 0.0021220 secs] [Times: user=0.02 sys=0.00, real=0.00 secs] 
48.999: Total time for which application threads were stopped: 0.0041650 seconds, Stopping threads took: 0.0019500 seconds
49.037: Application time: 0.0377280 seconds
49.038: [GC [PSYoungGen: 48624K->6464K(48640K)] 128310K->86158K(159744K), 0.0019640 secs] [Times: user=0.01 sys=0.00, real=0.00 secs] 
49.040: Total time for which application threads were stopped: 0.0033920 seconds, Stopping threads took: 0.0013500 seconds
49.078: Application time: 0.0377350 seconds
49.080: [GC [PSYoungGen: 48448K->6160K(48640K)] 128142K->85862K(159744K), 0.0019280 secs] [Times: user=0.02 sys=0.00, real=0.00 secs] 
49.082: Total time for which application threads were stopped: 0.0039140 seconds, Stopping threads took: 0.0019100 seconds
49.120: Application time: 0.0379100 seconds
49.121: [GC [PSYoungGen: 48144K->6656K(48640K)] 127846K->87102K(159744K), 0.0022460 secs] [Times: user=0.01 sys=0.00, real=0.01 secs] 
49.124: Total time for which application threads were stopped: 0.0038040 seconds, Stopping threads took: 0.0014780 seconds
49.162: Application time: 0.0382420 seconds
49.163: [GC [PSYoungGen: 48640K->6640K(48640K)] 129086K->87750K(159744K), 0.0022370 secs] [Times: user=0.01 sys=0.00, real=0.01 secs] 
49.165: Total time for which application threads were stopped: 0.0033920 seconds, Stopping threads took: 0.0010740 seconds
49.203: Application time: 0.0379590 seconds
49.205: [GC [PSYoungGen: 48624K->6656K(48640K)] 129734K->88742K(159744K), 0.0023270 secs] [Times: user=0.02 sys=0.00, real=0.00 secs] 
49.207: Total time for which application threads were stopped: 0.0040270 seconds, Stopping threads took: 0.0016170 seconds
49.245: Application time: 0.0375440 seconds
49.246: [GC [PSYoungGen: 48640K->6656K(48640K)] 130726K->88910K(159744K), 0.0020500 secs] [Times: user=0.01 sys=0.00, real=0.00 secs] 
49.249: Total time for which application threads were stopped: 0.0038150 seconds, Stopping threads took: 0.0016830 seconds
49.287: Application time: 0.0388580 seconds
49.289: [GC [PSYoungGen: 48640K->6656K(48640K)] 130894K->88998K(159744K), 0.0021200 secs] [Times: user=0.01 sys=0.01, real=0.01 secs] 
49.291: Total time for which application threads were stopped: 0.0037530 seconds, Stopping threads took: 0.0015350 seconds
49.330: Application time: 0.0384830 seconds
49.331: [GC [PSYoungGen: 48640K->6656K(48640K)] 130982K->90038K(159744K), 0.0024040 secs] [Times: user=0.02 sys=0.00, real=0.00 secs] 
49.334: Total time for which application threads were stopped: 0.0041510 seconds, Stopping threads took: 0.0016610 seconds
49.374: Application time: 0.0401280 seconds
49.376: [GC [PSYoungGen: 48640K->6560K(48640K)] 132022K->89942K(159744K), 0.0019700 secs] [Times: user=0.02 sys=0.00, real=0.00 secs] 
49.378: Total time for which application threads were stopped: 0.0041890 seconds, Stopping threads took: 0.0021410 seconds
49.420: Application time: 0.0420760 seconds
49.422: [GC [PSYoungGen: 48544K->3600K(48640K)] 131926K->86982K(159744K), 0.0012930 secs] [Times: user=0.01 sys=0.00, real=0.01 secs] 
49.424: Total time for which application threads were stopped: 0.0034140 seconds, Stopping threads took: 0.0020530 seconds
49.465: Application time: 0.0414320 seconds
49.466: [GC [PSYoungGen: 45584K->4528K(48640K)] 128966K->87910K(159744K), 0.0015290 secs] [Times: user=0.01 sys=0.00, real=0.00 secs] 
49.468: Total time for which application threads were stopped: 0.0029300 seconds, Stopping threads took: 0.0013290 seconds
49.509: Application time: 0.0411620 seconds
49.512: [GC [PSYoungGen: 46512K->4864K(48640K)] 129894K->88254K(159744K), 0.0016140 secs] [Times: user=0.01 sys=0.00, real=0.00 secs] 
49.514: Total time for which application threads were stopped: 0.0048440 seconds, Stopping threads took: 0.0031460 seconds
49.555: Application time: 0.0412030 seconds
49.558: [GC [PSYoungGen: 46848K->5312K(48640K)] 130238K->88710K(159744K), 0.0016750 secs] [Times: user=0.02 sys=0.00, real=0.00 secs] 
49.559: Total time for which application threads were stopped: 0.0041260 seconds, Stopping threads took: 0.0023760 seconds
49.600: Application time: 0.0402420 seconds
49.601: [GC [PSYoungGen: 47296K->6096K(48640K)] 130694K->89502K(159744K), 0.0018680 secs] [Times: user=0.02 sys=0.00, real=0.00 secs] 
49.603: Total time for which application threads were stopped: 0.0035240 seconds, Stopping threads took: 0.0015730 seconds
49.644: Application time: 0.0404510 seconds
49.645: [GC [PSYoungGen: 48080K->6656K(48640K)] 131486K->91142K(159744K), 0.0024560 secs] [Times: user=0.02 sys=0.00, real=0.00 secs] 
49.648: Total time for which application threads were stopped: 0.0041490 seconds, Stopping threads took: 0.0016100 seconds
49.687: Application time: 0.0394490 seconds
49.689: [GC [PSYoungGen: 48640K->6656K(48640K)] 133126K->91318K(159744K), 0.0021390 secs] [Times: user=0.01 sys=0.00, real=0.00 secs] 
49.691: Total time for which application threads were stopped: 0.0038330 seconds, Stopping threads took: 0.0016150 seconds
49.730: Application time: 0.0391720 seconds
49.732: [GC [PSYoungGen: 48640K->6656K(48640K)] 133302K->92366K(159744K), 0.0022970 secs] [Times: user=0.02 sys=0.01, real=0.00 secs] 
49.734: Total time for which application threads were stopped: 0.0041250 seconds, Stopping threads took: 0.0017440 seconds
49.774: Application time: 0.0401600 seconds
49.776: [GC [PSYoungGen: 48640K->6656K(48640K)] 134350K->92902K(159744K), 0.0022830 secs] [Times: user=0.01 sys=0.00, real=0.00 secs] 
49.778: Total time for which application threads were stopped: 0.0035550 seconds, Stopping threads took: 0.0011930 seconds
49.817: Application time: 0.0393010 seconds
49.819: [GC [PSYoungGen: 48640K->6640K(48640K)] 134886K->93822K(159744K), 0.0023440 secs] [Times: user=0.02 sys=0.00, real=0.00 secs] 
49.822: Total time for which application threads were stopped: 0.0043450 seconds, Stopping threads took: 0.0019080 seconds
49.861: Application time: 0.0389820 seconds
49.863: [GC [PSYoungGen: 48624K->6656K(48640K)] 135806K->94630K(159744K), 0.0022600 secs] [Times: user=0.01 sys=0.00, real=0.01 secs] 
49.865: Total time for which application threads were stopped: 0.0046810 seconds, Stopping threads took: 0.0023350 seconds
49.905: Application time: 0.0394310 seconds
49.906: [GC [PSYoungGen: 48640K->6464K(48640K)] 136614K->94438K(159744K), 0.0020280 secs] [Times: user=0.02 sys=0.00, real=0.00 secs] 
49.908: Total time for which application threads were stopped: 0.0035480 seconds, Stopping threads took: 0.0014350 seconds
49.949: Application time: 0.0402950 seconds
49.951: [GC [PSYoungGen: 48448K->6288K(48640K)] 136422K->94262K(159744K), 0.0019580 secs] [Times: user=0.01 sys=0.01, real=0.01 secs] 
49.953: Total time for which application threads were stopped: 0.0043040 seconds, Stopping threads took: 0.0022670 seconds
49.994: Application time: 0.0408050 seconds
49.996: [GC [PSYoungGen: 48272K->5280K(48640K)] 136246K->93254K(159744K), 0.0017210 secs] [Times: user=0.02 sys=0.00, real=0.00 secs] 
49.997: Total time for which application threads were stopped: 0.0035690 seconds, Stopping threads took: 0.0017730 seconds
50.039: Application time: 0.0414230 seconds
50.041: [GC [PSYoungGen: 47264K->5120K(48640K)] 135238K->93102K(159744K), 0.0016320 secs] [Times: user=0.01 sys=0.00, real=0.00 secs] 
50.042: Total time for which application threads were stopped: 0.0034790 seconds, Stopping threads took: 0.0017640 seconds
50.083: Application time: 0.0412600 seconds
50.086: [GC [PSYoungGen: 47104K->6656K(48640K)] 135086K->94934K(159744K), 0.0021430 secs] [Times: user=0.01 sys=0.00, real=0.00 secs] 
50.088: Total time for which application threads were stopped: 0.0042990 seconds, Stopping threads took: 0.0020730 seconds
50.128: Application time: 0.0399220 seconds
50.129: [GC [PSYoungGen: 48640K->6320K(48640K)] 136918K->94606K(159744K), 0.0019790 secs] [Times: user=0.02 sys=0.00, real=0.01 secs] 
50.131: Total time for which application threads were stopped: 0.0035670 seconds, Stopping threads took: 0.0015070 seconds
50.171: Application time: 0.0394880 seconds
50.172: [GC [PSYoungGen: 48304K->6640K(48640K)] 136590K->95918K(159744K), 0.0023060 secs] [Times: user=0.02 sys=0.00, real=0.00 secs] 
50.175: Total time for which application threads were stopped: 0.0039660 seconds, Stopping threads took: 0.0015790 seconds
50.216: Application time: 0.0408700 seconds
50.217: [GC [PSYoungGen: 48624K->4816K(48640K)] 137902K->94094K(159744K), 0.0016650 secs] [Times: user=0.01 sys=0.00, real=0.00 secs] 
50.218: Total time for which application threads were stopped: 0.0027060 seconds, Stopping threads took: 0.0009630 seconds
50.259: Application time: 0.0409550 seconds
50.260: [GC [PSYoungGen: 46800K->5168K(48640K)] 136078K->94446K(159744K), 0.0017690 secs] [Times: user=0.01 sys=0.00, real=0.00 secs] 
50.262: Total time for which application threads were stopped: 0.0029410 seconds, Stopping threads took: 0.0010710 seconds
50.303: Application time: 0.0412650 seconds
50.306: [GC [PSYoungGen: 47152K->4688K(48640K)] 136430K->93966K(159744K), 0.0015340 secs] [Times: user=0.01 sys=0.00, real=0.00 secs] 
50.307: Total time for which application threads were stopped: 0.0036160 seconds, Stopping threads took: 0.0020070 seconds
50.349: Application time: 0.0415930 seconds
50.351: [GC [PSYoungGen: 46672K->6112K(48640K)] 135950K->95398K(159744K), 0.0019870 secs] [Times: user=0.01 sys=0.00, real=0.01 secs] 
50.353: Total time for which application threads were stopped: 0.0043170 seconds, Stopping threads took: 0.0022410 seconds
50.391: Application time: 0.0380240 seconds
50.394: [GC [PSYoungGen: 48096K->6656K(48640K)] 137382K->96806K(159744K), 0.0023350 secs] [Times: user=0.02 sys=0.00, real=0.00 secs] 
50.396: Total time for which application threads were stopped: 0.0049370 seconds, Stopping threads took: 0.0025160 seconds
50.437: Application time: 0.0406700 seconds
50.439: [GC [PSYoungGen: 48640K->5408K(48640K)] 138790K->95558K(159744K), 0.0017750 secs] [Times: user=0.01 sys=0.00, real=0.00 secs] 
50.441: Total time for which application threads were stopped: 0.0040930 seconds, Stopping threads took: 0.0022410 seconds
50.481: Application time: 0.0401840 seconds
50.483: [GC [PSYoungGen: 47392K->5760K(48640K)] 137542K->95910K(159744K), 0.0018150 secs] [Times: user=0.02 sys=0.00, real=0.01 secs] 
50.485: Total time for which application threads were stopped: 0.0038860 seconds, Stopping threads took: 0.0019930 seconds
50.523: Application time: 0.0382360 seconds
50.525: [GC [PSYoungGen: 47744K->6064K(48640K)] 137894K->96214K(159744K), 0.0018320 secs] [Times: user=0.01 sys=0.01, real=0.00 secs] 
50.527: Total time for which application threads were stopped: 0.0037230 seconds, Stopping threads took: 0.0018130 seconds
50.567: Application time: 0.0402370 seconds
50.568: [GC [PSYoungGen: 48048K->6640K(48640K)] 138198K->96830K(159744K), 0.0020850 secs] [Times: user=0.01 sys=0.00, real=0.00 secs] 
50.570: Total time for which application threads were stopped: 0.0034100 seconds, Stopping threads took: 0.0012340 seconds
50.611: Application time: 0.0404710 seconds
50.613: [GC [PSYoungGen: 48624K->6080K(48640K)] 138814K->96270K(159744K), 0.0019510 secs] [Times: user=0.01 sys=0.00, real=0.00 secs] 
50.615: Total time for which application threads were stopped: 0.0042790 seconds, Stopping threads took: 0.0022350 seconds
50.656: Application time: 0.0405490 seconds
50.658: [GC [PSYoungGen: 48064K->5472K(48640K)] 138254K->95678K(159744K), 0.0017780 secs] [Times: user=0.01 sys=0.00, real=0.00 secs] 
50.660: Total time for which application threads were stopped: 0.0038660 seconds, Stopping threads took: 0.0020080 seconds
50.699: Application time: 0.0389470 seconds
50.700: [GC [PSYoungGen: 47456K->6624K(48640K)] 137662K->97927K(159744K), 0.0024200 secs] [Times: user=0.01 sys=0.00, real=0.00 secs] 
50.703: Total time for which application threads were stopped: 0.0042160 seconds, Stopping threads took: 0.0017090 seconds
50.742: Application time: 0.0395780 seconds
50.745: [GC [PSYoungGen: 48606K->6656K(48640K)] 139909K->99295K(159744K), 0.0023960 secs] [Times: user=0.01 sys=0.00, real=0.00 secs] 
50.747: Total time for which application threads were stopped: 0.0048010 seconds, Stopping threads took: 0.0023120 seconds
50.788: Application time: 0.0407470 seconds
50.790: [GC [PSYoungGen: 48640K->6656K(48640K)] 141279K->99495K(159744K), 0.0020950 secs] [Times: user=0.01 sys=0.00, real=0.01 secs] 
50.792: Total time for which application threads were stopped: 0.0042800 seconds, Stopping threads took: 0.0021040 seconds
50.832: Application time: 0.0400700 seconds
50.834: [GC [PSYoungGen: 48640K->6640K(48640K)] 141479K->100495K(159744K), 0.0024350 secs] [Times: user=0.02 sys=0.00, real=0.00 secs] 
50.837: Total time for which application threads were stopped: 0.0044820 seconds, Stopping threads took: 0.0019550 seconds
50.878: Application time: 0.0415910 seconds
50.879: [GC [PSYoungGen: 48624K->6208K(48640K)] 142479K->100063K(159744K), 0.0020080 secs] [Times: user=0.01 sys=0.00, real=0.00 secs] 
50.881: Total time for which application threads were stopped: 0.0030570 seconds, Stopping threads took: 0.0009710 seconds
50.922: Application time: 0.0405660 seconds
50.924: [GC [PSYoungGen: 48192K->6640K(48640K)] 142047K->101327K(159744K), 0.0023530 secs] [Times: user=0.02 sys=0.00, real=0.00 secs] 
50.926: Total time for which application threads were stopped: 0.0040810 seconds, Stopping threads took: 0.0016450 seconds
50.968: Application time: 0.0418220 seconds
50.969: [GC [PSYoungGen: 48624K->5504K(48640K)] 143311K->100191K(159744K), 0.0017850 secs] [Times: user=0.02 sys=0.00, real=0.00 secs] 
50.971: Total time for which application threads were stopped: 0.0032550 seconds, Stopping threads took: 0.0013900 seconds
51.011: Application time: 0.0401480 seconds
51.013: [GC [PSYoungGen: 47488K->5344K(48640K)] 142175K->100031K(159744K), 0.0017620 secs] [Times: user=0.01 sys=0.00, real=0.00 secs] 
51.015: Total time for which application threads were stopped: 0.0036430 seconds, Stopping threads took: 0.0017910 seconds
51.055: Application time: 0.0399210 seconds
51.057: [GC [PSYoungGen: 47328K->6640K(48640K)] 142015K->102335K(159744K), 0.0023570 secs] [Times: user=0.01 sys=0.00, real=0.00 secs] 
51.059: Total time for which application threads were stopped: 0.0041580 seconds, Stopping threads took: 0.0017160 seconds
51.100: Application time: 0.0406010 seconds
51.101: [GC [PSYoungGen: 48624K->6624K(48640K)] 144319K->102591K(159744K), 0.0021140 secs] [Times: user=0.02 sys=0.00, real=0.01 secs] 
51.103: Total time for which application threads were stopped: 0.0037050 seconds, Stopping threads took: 0.0014990 seconds
51.143: Application time: 0.0400580 seconds
51.145: [GC [PSYoungGen: 48608K->5920K(48640K)] 144575K->101887K(159744K), 0.0018670 secs] [Times: user=0.02 sys=0.00, real=0.00 secs] 
51.147: Total time for which application threads were stopped: 0.0036290 seconds, Stopping threads took: 0.0016790 seconds
51.187: Application time: 0.0395740 seconds
51.188: [GC [PSYoungGen: 47904K->5568K(48640K)] 143871K->101535K(159744K), 0.0019540 secs] [Times: user=0.01 sys=0.00, real=0.00 secs] 
51.190: Total time for which application threads were stopped: 0.0036670 seconds, Stopping threads took: 0.0016090 seconds
51.229: Application time: 0.0388990 seconds
51.231: [GC [PSYoungGen: 47552K->6048K(48640K)] 143519K->102023K(159744K), 0.0019170 secs] [Times: user=0.02 sys=0.00, real=0.01 secs] 
51.233: Total time for which application threads were stopped: 0.0037910 seconds, Stopping threads took: 0.0017940 seconds
51.272: Application time: 0.0395300 seconds
51.275: [GC [PSYoungGen: 48032K->6240K(48640K)] 144007K->102223K(159744K), 0.0019660 secs] [Times: user=0.01 sys=0.00, real=0.00 secs] 
51.277: Total time for which application threads were stopped: 0.0042890 seconds, Stopping threads took: 0.0022410 seconds
51.316: Application time: 0.0396620 seconds
51.318: [GC [PSYoungGen: 48224K->6624K(48640K)] 144207K->102903K(159744K), 0.0023610 secs] [Times: user=0.02 sys=0.00, real=0.00 secs] 
51.320: Total time for which application threads were stopped: 0.0037850 seconds, Stopping threads took: 0.0013440 seconds
51.361: Application time: 0.0406950 seconds
51.363: [GC [PSYoungGen: 48608K->5872K(48640K)] 144887K->102151K(159744K), 0.0019540 secs] [Times: user=0.01 sys=0.00, real=0.01 secs] 
51.365: Total time for which application threads were stopped: 0.0041330 seconds, Stopping threads took: 0.0020990 seconds
51.405: Application time: 0.0394630 seconds
51.406: [GC [PSYoungGen: 47856K->6640K(48640K)] 144135K->103447K(159744K), 0.0022770 secs] [Times: user=0.02 sys=0.00, real=0.00 secs] 
51.408: Total time for which application threads were stopped: 0.0038440 seconds, Stopping threads took: 0.0014810 seconds
51.449: Application time: 0.0401600 seconds
51.451: [GC [PSYoungGen: 48624K->6080K(48640K)] 145431K->102887K(159744K), 0.0019910 secs] [Times: user=0.02 sys=0.00, real=0.00 secs] 
51.453: Total time for which application threads were stopped: 0.0047660 seconds, Stopping threads took: 0.0026690 seconds
51.495: Application time: 0.0414420 seconds
51.496: [GC [PSYoungGen: 48064K->5536K(48640K)] 144871K->102343K(159744K), 0.0017810 secs] [Times: user=0.01 sys=0.00, real=0.00 secs] 
51.498: Total time for which application threads were stopped: 0.0031680 seconds, Stopping threads took: 0.0013090 seconds
51.538: Application time: 0.0405130 seconds
51.540: [GC [PSYoungGen: 47520K->6432K(48640K)] 144327K->103239K(159744K), 0.0020280 secs] [Times: user=0.02 sys=0.00, real=0.00 secs] 
51.542: Total time for which application threads were stopped: 0.0039710 seconds, Stopping threads took: 0.0018660 seconds
51.583: Application time: 0.0406450 seconds
51.585: [GC [PSYoungGen: 48416K->6256K(48640K)] 145223K->103063K(159744K), 0.0019750 secs] [Times: user=0.01 sys=0.00, real=0.00 secs] 
51.587: Total time for which application threads were stopped: 0.0039760 seconds, Stopping threads took: 0.0019190 seconds
51.628: Application time: 0.0406560 seconds
51.630: [GC [PSYoungGen: 48240K->4816K(48640K)] 145047K->101623K(159744K), 0.0016140 secs] [Times: user=0.01 sys=0.00, real=0.01 secs] 
51.631: Total time for which application threads were stopped: 0.0035480 seconds, Stopping threads took: 0.0018460 seconds
51.673: Application time: 0.0418940 seconds
51.675: [GC [PSYoungGen: 46800K->4768K(48640K)] 143607K->101583K(159744K), 0.0016100 secs] [Times: user=0.01 sys=0.00, real=0.00 secs] 
51.676: Total time for which application threads were stopped: 0.0031080 seconds, Stopping threads took: 0.0014240 seconds
51.714: Application time: 0.0381020 seconds
51.716: [GC [PSYoungGen: 46752K->6640K(48640K)] 143567K->104239K(159744K), 0.0022950 secs] [Times: user=0.01 sys=0.00, real=0.00 secs] 
51.718: Total time for which application threads were stopped: 0.0038480 seconds, Stopping threads took: 0.0014720 seconds
51.758: Application time: 0.0401530 seconds
51.760: [GC [PSYoungGen: 48624K->6624K(48640K)] 146223K->104271K(159744K), 0.0020530 secs] [Times: user=0.01 sys=0.00, real=0.00 secs] 
51.762: Total time for which application threads were stopped: 0.0039500 seconds, Stopping threads took: 0.0018140 seconds
51.803: Application time: 0.0407490 seconds
51.806: [GC [PSYoungGen: 48607K->4624K(48640K)] 146255K->102279K(159744K), 0.0015070 secs] [Times: user=0.01 sys=0.00, real=0.00 secs] 
51.807: Total time for which application threads were stopped: 0.0040090 seconds, Stopping threads took: 0.0024290 seconds
51.847: Application time: 0.0395030 seconds
51.849: [GC [PSYoungGen: 46608K->6624K(48640K)] 144263K->104647K(159744K), 0.0021550 secs] [Times: user=0.02 sys=0.00, real=0.00 secs] 
51.851: Total time for which application threads were stopped: 0.0043300 seconds, Stopping threads took: 0.0020890 seconds
51.892: Application time: 0.0413290 seconds
51.895: [GC [PSYoungGen: 48608K->5456K(48640K)] 146631K->103479K(159744K), 0.0017380 secs] [Times: user=0.01 sys=0.00, real=0.00 secs] 
51.897: Total time for which application threads were stopped: 0.0043070 seconds, Stopping threads took: 0.0024860 seconds
51.936: Application time: 0.0396830 seconds
51.938: [GC [PSYoungGen: 47440K->6656K(48640K)] 145463K->105799K(159744K), 0.0023710 secs] [Times: user=0.02 sys=0.00, real=0.00 secs] 
51.940: Total time for which application threads were stopped: 0.0039210 seconds, Stopping threads took: 0.0014620 seconds
51.980: Application time: 0.0398710 seconds
51.982: [GC [PSYoungGen: 48638K->6592K(48640K)] 147781K->105735K(159744K), 0.0020960 secs] [Times: user=0.01 sys=0.00, real=0.01 secs] 
51.984: Total time for which application threads were stopped: 0.0043040 seconds, Stopping threads took: 0.0021270 seconds
52.025: Application time: 0.0403130 seconds
52.027: [GC [PSYoungGen: 48576K->6304K(48640K)] 147719K->105447K(159744K), 0.0019490 secs] [Times: user=0.01 sys=0.00, real=0.00 secs] 
52.029: Total time for which application threads were stopped: 0.0041530 seconds, Stopping threads took: 0.0021260 seconds
52.069: Application time: 0.0401190 seconds
52.071: [GC [PSYoungGen: 48288K->6640K(48640K)] 147431K->105791K(159744K), 0.0020490 secs] [Times: user=0.01 sys=0.00, real=0.01 secs] 
52.073: Total time for which application threads were stopped: 0.0038450 seconds, Stopping threads took: 0.0017100 seconds
52.113: Application time: 0.0399090 seconds
52.115: [GC [PSYoungGen: 48624K->6592K(48640K)] 147775K->105743K(159744K), 0.0021350 secs] [Times: user=0.01 sys=0.00, real=0.00 secs] 
52.117: Total time for which application threads were stopped: 0.0045570 seconds, Stopping threads took: 0.0023350 seconds
52.157: Application time: 0.0400780 seconds
52.159: [GC [PSYoungGen: 48576K->6400K(48640K)] 147727K->105551K(159744K), 0.0019130 secs] [Times: user=0.01 sys=0.00, real=0.00 secs] 
52.161: Total time for which application threads were stopped: 0.0041240 seconds, Stopping threads took: 0.0021230 seconds
52.202: Application time: 0.0403800 seconds
52.203: [GC [PSYoungGen: 48384K->6624K(48640K)] 147535K->106239K(159744K), 0.0023190 secs] [Times: user=0.02 sys=0.00, real=0.01 secs] 
52.205: Total time for which application threads were stopped: 0.0036040 seconds, Stopping threads took: 0.0011960 seconds
52.246: Application time: 0.0407810 seconds
52.247: [GC [PSYoungGen: 48608K->6624K(48640K)] 148223K->106575K(159744K), 0.0021940 secs] [Times: user=0.02 sys=0.00, real=0.00 secs] 
52.250: Total time for which application threads were stopped: 0.0034430 seconds, Stopping threads took: 0.0011660 seconds
52.290: Application time: 0.0398910 seconds
52.292: [GC [PSYoungGen: 48608K->6624K(48640K)] 148559K->107211K(159744K), 0.0023690 secs] [Times: user=0.01 sys=0.00, real=0.00 secs] 
52.294: Total time for which application threads were stopped: 0.0046110 seconds, Stopping threads took: 0.0021410 seconds
52.333: Application time: 0.0391010 seconds
52.336: [GC [PSYoungGen: 48608K->6624K(48640K)] 149195K->108011K(159744K), 0.0023750 secs] [Times: user=0.02 sys=0.00, real=0.00 secs] 
52.338: Total time for which application threads were stopped: 0.0046790 seconds, Stopping threads took: 0.0021970 seconds
52.378: Application time: 0.0396010 seconds
52.379: [GC [PSYoungGen: 48608K->6624K(48640K)] 149995K->108131K(159744K), 0.0023020 secs] [Times: user=0.01 sys=0.01, real=0.00 secs] 
52.381: Total time for which application threads were stopped: 0.0039060 seconds, Stopping threads took: 0.0015190 seconds
52.424: Application time: 0.0425720 seconds
52.425: [GC [PSYoungGen: 48608K->6176K(48640K)] 150115K->107699K(159744K), 0.0019560 secs] [Times: user=0.01 sys=0.00, real=0.00 secs] 
52.427: Total time for which application threads were stopped: 0.0033180 seconds, Stopping threads took: 0.0012840 seconds
52.467: Application time: 0.0399830 seconds
52.470: [GC [PSYoungGen: 48160K->6128K(48640K)] 149683K->107651K(159744K), 0.0019300 secs] [Times: user=0.01 sys=0.00, real=0.01 secs] 
52.472: Total time for which application threads were stopped: 0.0043610 seconds, Stopping threads took: 0.0023510 seconds
52.513: Application time: 0.0411470 seconds
52.514: [GC [PSYoungGen: 48112K->5728K(48640K)] 149635K->107251K(159744K), 0.0018470 secs] [Times: user=0.02 sys=0.00, real=0.00 secs] 
52.516: Total time for which application threads were stopped: 0.0031810 seconds, Stopping threads took: 0.0012490 seconds
52.558: Application time: 0.0421920 seconds
52.559: [GC [PSYoungGen: 47712K->4064K(48640K)] 149235K->105595K(159744K), 0.0014570 secs] [Times: user=0.01 sys=0.00, real=0.00 secs] 
52.560: Total time for which application threads were stopped: 0.0021280 seconds, Stopping threads took: 0.0006010 seconds
52.601: Application time: 0.0407960 seconds
52.603: [GC [PSYoungGen: 46048K->5504K(48640K)] 147579K->107035K(159744K), 0.0017320 secs] [Times: user=0.01 sys=0.00, real=0.01 secs] 
52.605: Total time for which application threads were stopped: 0.0033800 seconds, Stopping threads took: 0.0015690 seconds
52.646: Application time: 0.0416030 seconds
52.648: [GC [PSYoungGen: 47488K->5392K(48640K)] 149019K->106923K(159744K), 0.0017380 secs] [Times: user=0.01 sys=0.00, real=0.00 secs] 
52.649: Total time for which application threads were stopped: 0.0031140 seconds, Stopping threads took: 0.0013030 seconds
52.691: Application time: 0.0420460 seconds
52.693: [GC [PSYoungGen: 47376K->5232K(48640K)] 148907K->106763K(159744K), 0.0018270 secs] [Times: user=0.01 sys=0.00, real=0.00 secs] 
52.695: Total time for which application threads were stopped: 0.0031900 seconds, Stopping threads took: 0.0012750 seconds
52.735: Application time: 0.0407810 seconds
52.737: [GC [PSYoungGen: 47216K->5952K(48640K)] 148747K->107491K(159744K), 0.0018470 secs] [Times: user=0.02 sys=0.00, real=0.00 secs] 
52.739: Total time for which application threads were stopped: 0.0035980 seconds, Stopping threads took: 0.0016690 seconds
52.779: Application time: 0.0403280 seconds
52.781: [GC [PSYoungGen: 47936K->5472K(48640K)] 149475K->107011K(159744K), 0.0018780 secs] [Times: user=0.01 sys=0.00, real=0.00 secs] 
52.783: Total time for which application threads were stopped: 0.0036130 seconds, Stopping threads took: 0.0016580 seconds
52.825: Application time: 0.0421070 seconds
52.828: [GC [PSYoungGen: 47456K->6304K(48640K)] 148995K->107859K(159744K), 0.0020290 secs] [Times: user=0.01 sys=0.00, real=0.00 secs] 
52.830: Total time for which application threads were stopped: 0.0046960 seconds, Stopping threads took: 0.0025910 seconds
52.870: Application time: 0.0407070 seconds
52.872: [GC [PSYoungGen: 48288K->6176K(48640K)] 149843K->107747K(159744K), 0.0019040 secs] [Times: user=0.02 sys=0.00, real=0.00 secs] 
52.874: Total time for which application threads were stopped: 0.0038980 seconds, Stopping threads took: 0.0019170 seconds
52.915: Application time: 0.0403700 seconds
52.916: [GC [PSYoungGen: 48159K->6624K(48640K)] 149730K->108899K(159744K), 0.0022630 secs] [Times: user=0.02 sys=0.00, real=0.00 secs] 
52.919: Total time for which application threads were stopped: 0.0039160 seconds, Stopping threads took: 0.0015690 seconds
52.958: Application time: 0.0397510 seconds
52.960: [GC [PSYoungGen: 48608K->6640K(48640K)] 150883K->108947K(159744K), 0.0020350 secs] [Times: user=0.01 sys=0.00, real=0.00 secs] 
52.963: Total time for which application threads were stopped: 0.0042250 seconds, Stopping threads took: 0.0021090 seconds
53.003: Application time: 0.0406690 seconds
53.005: [GC [PSYoungGen: 48624K->6080K(48640K)] 150931K->108403K(159744K), 0.0020050 secs] [Times: user=0.01 sys=0.00, real=0.00 secs] 
53.007: Total time for which application threads were stopped: 0.0038070 seconds, Stopping threads took: 0.0017160 seconds
53.047: Application time: 0.0402850 seconds
53.049: [GC [PSYoungGen: 48064K->5536K(48640K)] 150387K->107859K(159744K), 0.0018850 secs] [Times: user=0.01 sys=0.00, real=0.01 secs] 
53.051: Total time for which application threads were stopped: 0.0039300 seconds, Stopping threads took: 0.0019640 seconds
53.094: Application time: 0.0424940 seconds
53.095: [GC [PSYoungGen: 47520K->4912K(48640K)] 149843K->107243K(159744K), 0.0015870 secs] [Times: user=0.01 sys=0.00, real=0.00 secs] 
53.097: Total time for which application threads were stopped: 0.0033450 seconds, Stopping threads took: 0.0016850 seconds
53.136: Application time: 0.0392310 seconds
53.138: [GC [PSYoungGen: 46896K->6656K(48640K)] 149227K->109491K(159744K), 0.0022170 secs] [Times: user=0.01 sys=0.00, real=0.00 secs] 
53.140: Total time for which application threads were stopped: 0.0041220 seconds, Stopping threads took: 0.0018240 seconds
53.180: Application time: 0.0393340 seconds
53.181: [GC [PSYoungGen: 48640K->5760K(48640K)] 151475K->108595K(159744K), 0.0019080 secs] [Times: user=0.01 sys=0.00, real=0.01 secs] 
53.183: Total time for which application threads were stopped: 0.0035830 seconds, Stopping threads took: 0.0015970 seconds
53.223: Application time: 0.0398380 seconds
53.225: [GC [PSYoungGen: 47744K->6640K(48640K)] 150579K->109867K(159744K), 0.0024120 secs] [Times: user=0.01 sys=0.00, real=0.00 secs] 
53.228: Total time for which application threads were stopped: 0.0044600 seconds, Stopping threads took: 0.0019510 seconds
53.266: Application time: 0.0379670 seconds
53.267: [GC [PSYoungGen: 48624K->6640K(48640K)] 151851K->110563K(159744K), 0.0023230 secs] [Times: user=0.02 sys=0.00, real=0.00 secs] 
53.270: Total time for which application threads were stopped: 0.0039900 seconds, Stopping threads took: 0.0015850 seconds
53.306: Application time: 0.0361560 seconds
53.308: [GC [PSYoungGen: 48624K->6656K(48640K)] 152547K->111587K(159744K), 0.0024920 secs] [Times: user=0.01 sys=0.00, real=0.00 secs] 
53.311: Total time for which application threads were stopped: 0.0048160 seconds, Stopping threads took: 0.0022410 seconds
53.348: Application time: 0.0375620 seconds
53.350: [GC [PSYoungGen: 48640K->6656K(48640K)] 153571K->111963K(159744K), 0.0023210 secs] [Times: user=0.01 sys=0.00, real=0.01 secs] 
53.353: Total time for which application threads were stopped: 0.0043450 seconds, Stopping threads took: 0.0019440 seconds
53.389: Application time: 0.0368500 seconds
53.392: [GC [PSYoungGen: 48640K->6640K(48640K)] 153947K->112603K(159744K), 0.0023820 secs] [Times: user=0.02 sys=0.00, real=0.00 secs] 
53.394: Total time for which application threads were stopped: 0.0049820 seconds, Stopping threads took: 0.0025220 seconds
53.431: Application time: 0.0370140 seconds
53.434: [GC [PSYoungGen: 48624K->6656K(48640K)] 154587K->113299K(159744K), 0.0025470 secs] [Times: user=0.02 sys=0.00, real=0.00 secs] 
53.437: Total time for which application threads were stopped: 0.0052720 seconds, Stopping threads took: 0.0026420 seconds
53.475: Application time: 0.0381050 seconds
53.476: [GC [PSYoungGen: 48640K->6656K(48640K)] 155283K->113675K(159744K), 0.0021850 secs] [Times: user=0.01 sys=0.00, real=0.00 secs] 
53.478: Total time for which application threads were stopped: 0.0035680 seconds, Stopping threads took: 0.0013060 seconds
53.516: Application time: 0.0377760 seconds
53.518: [GC [PSYoungGen: 48640K->6656K(48640K)] 155659K->113827K(159744K), 0.0021220 secs] [Times: user=0.01 sys=0.00, real=0.00 secs] 
53.520: Total time for which application threads were stopped: 0.0036260 seconds, Stopping threads took: 0.0014240 seconds
53.558: Application time: 0.0380400 seconds
53.560: [GC [PSYoungGen: 48640K->6656K(48640K)] 155811K->114419K(159744K), 0.0022660 secs] [Times: user=0.01 sys=0.00, real=0.00 secs] 
53.562: Total time for which application threads were stopped: 0.0040950 seconds, Stopping threads took: 0.0017560 seconds
53.600: Application time: 0.0378600 seconds
53.601: [GC [PSYoungGen: 48640K->5824K(48640K)] 156403K->113587K(159744K), 0.0020410 secs] [Times: user=0.02 sys=0.00, real=0.00 secs] 
53.603: Total time for which application threads were stopped: 0.0033500 seconds, Stopping threads took: 0.0012270 seconds
53.643: Application time: 0.0402210 seconds
53.645: [GC [PSYoungGen: 47808K->6240K(48640K)] 155571K->114003K(159744K), 0.0020000 secs] [Times: user=0.01 sys=0.00, real=0.00 secs] 
53.647: Total time for which application threads were stopped: 0.0035710 seconds, Stopping threads took: 0.0014920 seconds
53.685: Application time: 0.0379260 seconds
53.686: [GC [PSYoungGen: 48224K->6640K(48640K)] 155987K->115187K(159744K), 0.0022890 secs] [Times: user=0.01 sys=0.00, real=0.00 secs] 
53.689: Total time for which application threads were stopped: 0.0039720 seconds, Stopping threads took: 0.0015990 seconds
53.727: Application time: 0.0387120 seconds
53.729: [GC [PSYoungGen: 48624K->5344K(48640K)] 157171K->113891K(159744K), 0.0017530 secs] [Times: user=0.01 sys=0.00, real=0.00 secs] 
53.731: Total time for which application threads were stopped: 0.0033220 seconds, Stopping threads took: 0.0014850 seconds
53.769: Application time: 0.0380680 seconds
53.770: [GC [PSYoungGen: 47328K->6656K(48640K)] 155875K->115539K(159744K), 0.0022560 secs] [Times: user=0.01 sys=0.00, real=0.01 secs] 
53.773: Total time for which application threads were stopped: 0.0037530 seconds, Stopping threads took: 0.0014170 seconds
53.812: Application time: 0.0389420 seconds
53.813: [GC [PSYoungGen: 48640K->6336K(48640K)] 157523K->115227K(159744K), 0.0019290 secs] [Times: user=0.01 sys=0.00, real=0.00 secs] 
53.815: Total time for which application threads were stopped: 0.0033580 seconds, Stopping threads took: 0.0013500 seconds
53.852: Application time: 0.0374380 seconds
53.854: [GC [PSYoungGen: 48320K->6656K(48640K)] 157211K->116332K(159744K), 0.0023390 secs] [Times: user=0.01 sys=0.00, real=0.00 secs] 
53.856: Total time for which application threads were stopped: 0.0038350 seconds, Stopping threads took: 0.0014120 seconds
53.894: Application time: 0.0373240 seconds
53.896: [GC [PSYoungGen: 48640K->6640K(48640K)] 158316K->117452K(159744K), 0.0023520 secs] [Times: user=0.02 sys=0.00, real=0.00 secs] 
53.898: [Full GC [PSYoungGen: 6640K->0K(48640K)] [ParOldGen: 110812K->10307K(111104K)] 117452K->10307K(159744K) [PSPermGen: 5142K->5142K(21504K)], 0.0068960 secs] [Times: user=0.03 sys=0.00, real=0.01 secs] 
53.905: Total time for which application threads were stopped: 0.0113510 seconds, Stopping threads took: 0.0019680 seconds
53.943: Application time: 0.0385940 seconds
53.945: [GC [PSYoungGen: 41984K->6656K(48640K)] 52291K->17795K(159744K), 0.0022890 secs] [Times: user=0.01 sys=0.00, real=0.00 secs] 
53.947: Total time for which application threads were stopped: 0.0038850 seconds, Stopping threads took: 0.0015020 seconds
53.985: Application time: 0.0376190 seconds
53.987: [GC [PSYoungGen: 48640K->6656K(48640K)] 59779K->18451K(159744K), 0.0021940 secs] [Times: user=0.02 sys=0.00, real=0.00 secs] 
53.989: Total time for which application threads were stopped: 0.0040750 seconds, Stopping threads took: 0.0017980 seconds
54.026: Application time: 0.0373580 seconds
54.029: [GC [PSYoungGen: 48640K->6640K(48640K)] 60435K->19003K(159744K), 0.0026260 secs] [Times: user=0.02 sys=0.00, real=0.01 secs] 
54.032: Total time for which application threads were stopped: 0.0056050 seconds, Stopping threads took: 0.0029050 seconds
54.070: Application time: 0.0382950 seconds
54.072: [GC [PSYoungGen: 48622K->6640K(48640K)] 60985K->19947K(159744K), 0.0022930 secs] [Times: user=0.01 sys=0.00, real=0.00 secs] 
54.074: Total time for which application threads were stopped: 0.0040240 seconds, Stopping threads took: 0.0016280 seconds
54.111: Application time: 0.0364600 seconds
54.112: [GC [PSYoungGen: 48624K->6656K(48640K)] 61931K->20251K(159744K), 0.0020370 secs] [Times: user=0.01 sys=0.00, real=0.00 secs] 
54.115: Total time for which application threads were stopped: 0.0036950 seconds, Stopping threads took: 0.0015830 seconds
54.152: Application time: 0.0375730 seconds
54.154: [GC [PSYoungGen: 48640K->6400K(48640K)] 62235K->19995K(159744K), 0.0018290 secs] [Times: user=0.01 sys=0.00, real=0.00 secs] 
54.156: Total time for which application threads were stopped: 0.0040580 seconds, Stopping threads took: 0.0021360 seconds
54.193: Application time: 0.0369280 seconds
54.195: [GC [PSYoungGen: 48384K->6640K(48640K)] 61979K->21199K(159744K), 0.0023490 secs] [Times: user=0.02 sys=0.00, real=0.00 secs] 
54.197: Total time for which application threads were stopped: 0.0039040 seconds, Stopping threads took: 0.0014750 seconds
54.235: Application time: 0.0380780 seconds
54.237: [GC [PSYoungGen: 48624K->6656K(48640K)] 63183K->21679K(159744K), 0.0020870 secs] [Times: user=0.01 sys=0.00, real=0.00 secs] 
54.239: Total time for which application threads were stopped: 0.0043100 seconds, Stopping threads took: 0.0021380 seconds
54.277: Application time: 0.0375610 seconds
54.280: [GC [PSYoungGen: 48640K->6656K(48640K)] 63663K->23375K(159744K), 0.0024540 secs] [Times: user=0.02 sys=0.00, real=0.00 secs] 
54.282: Total time for which application threads were stopped: 0.0050910 seconds, Stopping threads took: 0.0025560 seconds
54.321: Application time: 0.0391580 seconds
54.323: [GC [PSYoungGen: 48640K->6640K(48640K)] 65359K->24215K(159744K), 0.0022210 secs] [Times: user=0.02 sys=0.00, real=0.01 secs] 
54.325: Total time for which application threads were stopped: 0.0039150 seconds, Stopping threads took: 0.0016090 seconds
54.363: Application time: 0.0379680 seconds
54.365: [GC [PSYoungGen: 48624K->6656K(48640K)] 66199K->25207K(159744K), 0.0022610 secs] [Times: user=0.01 sys=0.00, real=0.00 secs] 
54.367: Total time for which application threads were stopped: 0.0040150 seconds, Stopping threads took: 0.0016760 seconds
54.405: Application time: 0.0375930 seconds
54.406: [GC [PSYoungGen: 48640K->6656K(48640K)] 67191K->25575K(159744K), 0.0019730 secs] [Times: user=0.01 sys=0.00, real=0.00 secs] 
54.408: Total time for which application threads were stopped: 0.0033610 seconds, Stopping threads took: 0.0013050 seconds
54.447: Application time: 0.0394440 seconds
54.449: [GC [PSYoungGen: 48640K->6624K(48640K)] 67559K->27379K(159744K), 0.0025340 secs] [Times: user=0.02 sys=0.00, real=0.01 secs] 
54.452: Total time for which application threads were stopped: 0.0044140 seconds, Stopping threads took: 0.0017990 seconds
54.489: Application time: 0.0370650 seconds
54.491: [GC [PSYoungGen: 48608K->6656K(48640K)] 69363K->28835K(159744K), 0.0023930 secs] [Times: user=0.02 sys=0.00, real=0.01 secs] 
54.493: Total time for which application threads were stopped: 0.0040450 seconds, Stopping threads took: 0.0015690 seconds
54.532: Application time: 0.0386800 seconds
54.533: [GC [PSYoungGen: 48640K->6656K(48640K)] 70819K->29955K(159744K), 0.0023230 secs] [Times: user=0.01 sys=0.00, real=0.00 secs] 
54.535: Total time for which application threads were stopped: 0.0037050 seconds, Stopping threads took: 0.0013000 seconds
54.573: Application time: 0.0376490 seconds
54.575: [GC [PSYoungGen: 48640K->6656K(48640K)] 71939K->31495K(159744K), 0.0024560 secs] [Times: user=0.02 sys=0.00, real=0.00 secs] 
54.577: Total time for which application threads were stopped: 0.0039490 seconds, Stopping threads took: 0.0014130 seconds
54.615: Application time: 0.0380710 seconds
54.617: [GC [PSYoungGen: 48640K->6656K(48640K)] 73479K->32079K(159744K), 0.0021270 secs] [Times: user=0.01 sys=0.00, real=0.00 secs] 
54.619: Total time for which application threads were stopped: 0.0038120 seconds, Stopping threads took: 0.0016040 seconds
54.657: Application time: 0.0384690 seconds
54.658: [GC [PSYoungGen: 48640K->6240K(48640K)] 74063K->31663K(159744K), 0.0018470 secs] [Times: user=0.02 sys=0.00, real=0.00 secs] 
54.660: Total time for which application threads were stopped: 0.0026410 seconds, Stopping threads took: 0.0007160 seconds
54.699: Application time: 0.0388660 seconds
54.700: [GC [PSYoungGen: 48224K->5760K(48640K)] 73647K->31183K(159744K), 0.0018190 secs] [Times: user=0.01 sys=0.00, real=0.00 secs] 
54.702: Total time for which application threads were stopped: 0.0027710 seconds, Stopping threads took: 0.0008810 seconds
54.739: Application time: 0.0375210 seconds
54.741: [GC [PSYoungGen: 47744K->6208K(48640K)] 73167K->31631K(159744K), 0.0017560 secs] [Times: user=0.01 sys=0.00, real=0.00 secs] 
54.743: Total time for which application threads were stopped: 0.0035460 seconds, Stopping threads took: 0.0017020 seconds
54.781: Application time: 0.0385770 seconds
54.783: [GC [PSYoungGen: 48192K->6128K(48640K)] 73615K->31551K(159744K), 0.0018280 secs] [Times: user=0.01 sys=0.00, real=0.01 secs] 
54.785: Total time for which application threads were stopped: 0.0033870 seconds, Stopping threads took: 0.0014790 seconds
54.823: Application time: 0.0387690 seconds
54.826: [GC [PSYoungGen: 48112K->6656K(48640K)] 73535K->32871K(159744K), 0.0021600 secs] [Times: user=0.01 sys=0.00, real=0.00 secs] 
54.828: Total time for which application threads were stopped: 0.0043560 seconds, Stopping threads took: 0.0021150 seconds
54.867: Application time: 0.0387340 seconds
54.868: [GC [PSYoungGen: 48640K->6432K(48640K)] 74855K->32647K(159744K), 0.0021260 secs] [Times: user=0.01 sys=0.00, real=0.00 secs] 
54.870: Total time for which application threads were stopped: 0.0033080 seconds, Stopping threads took: 0.0010900 seconds
54.907: Application time: 0.0373220 seconds
54.910: [GC [PSYoungGen: 48416K->6656K(48640K)] 74631K->33415K(159744K), 0.0021850 secs] [Times: user=0.01 sys=0.00, real=0.01 secs] 
54.912: Total time for which application threads were stopped: 0.0049710 seconds, Stopping threads took: 0.0027060 seconds
54.950: Application time: 0.0382510 seconds
54.953: [GC [PSYoungGen: 48640K->6640K(48640K)] 75399K->33407K(159744K), 0.0019600 secs] [Times: user=0.01 sys=0.00, real=0.00 secs] 
54.955: Total time for which application threads were stopped: 0.0043820 seconds, Stopping threads took: 0.0023410 seconds
54.993: Application time: 0.0381000 seconds
54.994: [GC [PSYoungGen: 48624K->6640K(48640K)] 75391K->33719K(159744K), 0.0021010 secs] [Times: user=0.01 sys=0.00, real=0.00 secs] 
54.996: Total time for which application threads were stopped: 0.0035800 seconds, Stopping threads took: 0.0013960 seconds
55.035: Application time: 0.0388290 seconds
55.037: [GC [PSYoungGen: 48624K->6656K(48640K)] 75703K->34339K(159744K), 0.0022020 secs] [Times: user=0.01 sys=0.00, real=0.00 secs] 
55.039: Total time for which application threads were stopped: 0.0034250 seconds, Stopping threads took: 0.0011450 seconds
55.076: Application time: 0.0376140 seconds
55.078: [GC [PSYoungGen: 48640K->6624K(48640K)] 76323K->34939K(159744K), 0.0021840 secs] [Times: user=0.02 sys=0.00, real=0.00 secs] 
55.080: Total time for which application threads were stopped: 0.0039780 seconds, Stopping threads took: 0.0017140 seconds
55.119: Application time: 0.0388730 seconds
55.120: [GC [PSYoungGen: 48608K->6640K(48640K)] 76923K->35035K(159744K), 0.0020010 secs] [Times: user=0.02 sys=0.00, real=0.00 secs] 
55.122: Total time for which application threads were stopped: 0.0032330 seconds, Stopping threads took: 0.0011590 seconds
55.161: Application time: 0.0380720 seconds
55.162: [GC [PSYoungGen: 48624K->5184K(48640K)] 77019K->33579K(159744K), 0.0016420 secs] [Times: user=0.01 sys=0.00, real=0.01 secs] 
55.163: Total time for which application threads were stopped: 0.0027880 seconds, Stopping threads took: 0.0010670 seconds
55.202: Application time: 0.0381850 seconds
55.203: [GC [PSYoungGen: 47168K->6144K(48640K)] 75563K->34539K(159744K), 0.0018710 secs] [Times: user=0.01 sys=0.00, real=0.01 secs] 
55.205: Total time for which application threads were stopped: 0.0034940 seconds, Stopping threads took: 0.0015450 seconds
55.244: Application time: 0.0392090 seconds
55.246: [GC [PSYoungGen: 48128K->4944K(48640K)] 76523K->33339K(159744K), 0.0017510 secs] [Times: user=0.01 sys=0.00, real=0.00 secs] 
55.248: Total time for which application threads were stopped: 0.0033460 seconds, Stopping threads took: 0.0015050 seconds
55.287: Application time: 0.0397220 seconds
55.288: [GC [PSYoungGen: 46928K->5392K(48640K)] 75323K->33787K(159744K), 0.0017750 secs] [Times: user=0.00 sys=0.00, real=0.00 secs] 
55.290: Total time for which application threads were stopped: 0.0026670 seconds, Stopping threads took: 0.0008140 seconds
55.329: Application time: 0.0388890 seconds
55.330: [GC [PSYoungGen: 47376K->6272K(48640K)] 75771K->34683K(159744K), 0.0018630 secs] [Times: user=0.01 sys=0.00, real=0.01 secs] 
55.332: Total time for which application threads were stopped: 0.0032450 seconds, Stopping threads took: 0.0013080 seconds
55.370: Application time: 0.0381520 seconds
55.372: [GC [PSYoungGen: 48256K->6624K(48640K)] 76667K->36011K(159744K), 0.0023440 secs] [Times: user=0.01 sys=0.00, real=0.00 secs] 
55.374: Total time for which application threads were stopped: 0.0036830 seconds, Stopping threads took: 0.0012600 seconds
55.413: Application time: 0.0390320 seconds
55.415: [GC [PSYoungGen: 48608K->5872K(48640K)] 77995K->35259K(159744K), 0.0017920 secs] [Times: user=0.02 sys=0.00, real=0.00 secs] 
55.416: Total time for which application threads were stopped: 0.0034950 seconds, Stopping threads took: 0.0016260 seconds
55.453: Application time: 0.0368630 seconds
55.456: [GC [PSYoungGen: 47856K->6656K(48640K)] 77243K->36067K(159744K), 0.0019820 secs] [Times: user=0.01 sys=0.00, real=0.00 secs] 
55.458: Total time for which application threads were stopped: 0.0046980 seconds, Stopping threads took: 0.0026390 seconds
55.496: Application time: 0.0377460 seconds
55.497: [GC [PSYoungGen: 48640K->6656K(48640K)] 78051K->36723K(159744K), 0.0021480 secs] [Times: user=0.02 sys=0.00, real=0.00 secs] 
55.500: Total time for which application threads were stopped: 0.0037450 seconds, Stopping threads took: 0.0015160 seconds
55.536: Application time: 0.0363610 seconds
55.538: [GC [PSYoungGen: 48640K->6640K(48640K)] 78707K->37724K(159744K), 0.0023090 secs] [Times: user=0.02 sys=0.00, real=0.00 secs] 
55.540: Total time for which application threads were stopped: 0.0041550 seconds, Stopping threads took: 0.0017640 seconds
55.577: Application time: 0.0372660 seconds
55.579: [GC [PSYoungGen: 48624K->6656K(48640K)] 79708K->38500K(159744K), 0.0022370 secs] [Times: user=0.02 sys=0.00, real=0.00 secs] 
55.582: Total time for which application threads were stopped: 0.0042950 seconds, Stopping threads took: 0.0019760 seconds
55.620: Application time: 0.0385250 seconds
55.621: [GC [PSYoungGen: 48640K->5776K(48640K)] 80484K->37620K(159744K), 0.0017890 secs] [Times: user=0.01 sys=0.00, real=0.00 secs] 
55.623: Total time for which application threads were stopped: 0.0029330 seconds, Stopping threads took: 0.0010710 seconds
55.661: Application time: 0.0380300 seconds
55.663: [GC [PSYoungGen: 47760K->6640K(48640K)] 79604K->38836K(159744K), 0.0020860 secs] [Times: user=0.01 sys=0.00, real=0.00 secs] 
55.665: Total time for which application threads were stopped: 0.0043620 seconds, Stopping threads took: 0.0021870 seconds
55.704: Application time: 0.0386080 seconds
55.705: [GC [PSYoungGen: 48624K->4656K(48640K)] 80820K->36852K(159744K), 0.0014450 secs] [Times: user=0.01 sys=0.00, real=0.00 secs] 
55.707: Total time for which application threads were stopped: 0.0026890 seconds, Stopping threads took: 0.0011740 seconds
55.745: Application time: 0.0385540 seconds
55.748: [GC [PSYoungGen: 46640K->5056K(48640K)] 78836K->37252K(159744K), 0.0014750 secs] [Times: user=0.01 sys=0.00, real=0.00 secs] 
55.750: Total time for which application threads were stopped: 0.0043470 seconds, Stopping threads took: 0.0027910 seconds
55.788: Application time: 0.0379800 seconds
55.789: [GC [PSYoungGen: 47040K->6400K(48640K)] 79236K->38596K(159744K), 0.0018500 secs] [Times: user=0.02 sys=0.00, real=0.00 secs] 
55.791: Total time for which application threads were stopped: 0.0031880 seconds, Stopping threads took: 0.0012640 seconds
55.829: Application time: 0.0382840 seconds
55.832: [GC [PSYoungGen: 48384K->6368K(48640K)] 80580K->38572K(159744K), 0.0019880 secs] [Times: user=0.01 sys=0.00, real=0.00 secs] 
55.834: Total time for which application threads were stopped: 0.0045510 seconds, Stopping threads took: 0.0024840 seconds
55.871: Application time: 0.0368420 seconds
55.872: [GC [PSYoungGen: 48352K->6640K(48640K)] 80556K->39792K(159744K), 0.0024230 secs] [Times: user=0.02 sys=0.00, real=0.00 secs] 
55.874: Total time for which application threads were stopped: 0.0035640 seconds, Stopping threads took: 0.0010590 seconds
55.912: Application time: 0.0378550 seconds
55.915: [GC [PSYoungGen: 48624K->6656K(48640K)] 81776K->40744K(159744K), 0.0022520 secs] [Times: user=0.02 sys=0.00, real=0.00 secs] 
55.917: Total time for which application threads were stopped: 0.0048980 seconds, Stopping threads took: 0.0025660 seconds
55.955: Application time: 0.0379260 seconds
55.956: [GC [PSYoungGen: 48640K->6464K(48640K)] 82728K->40568K(159744K), 0.0019400 secs] [Times: user=0.02 sys=0.00, real=0.00 secs] 
55.958: Total time for which application threads were stopped: 0.0034460 seconds, Stopping threads took: 0.0014320 seconds
55.996: Application time: 0.0381750 seconds
55.998: [GC [PSYoungGen: 48448K->6336K(48640K)] 82552K->40448K(159744K), 0.0018610 secs] [Times: user=0.01 sys=0.00, real=0.00 secs] 
56.000: Total time for which application threads were stopped: 0.0032330 seconds, Stopping threads took: 0.0012950 seconds
56.035: Application time: 0.0352350 seconds
56.037: [GC [PSYoungGen: 48320K->6656K(48640K)] 82432K->41460K(159744K), 0.0021850 secs] [Times: user=0.01 sys=0.00, real=0.00 secs] 
56.039: Total time for which application threads were stopped: 0.0043310 seconds, Stopping threads took: 0.0020660 seconds
56.076: Application time: 0.0369950 seconds
56.079: [GC [PSYoungGen: 48640K->6640K(48640K)] 83444K->42500K(159744K), 0.0022050 secs] [Times: user=0.02 sys=0.00, real=0.00 secs] 
56.081: Total time for which application threads were stopped: 0.0046660 seconds, Stopping threads took: 0.0023820 seconds
56.118: Application time: 0.0372370 seconds
56.119: [GC [PSYoungGen: 48624K->6656K(48640K)] 84484K->42804K(159744K), 0.0020160 secs] [Times: user=0.01 sys=0.00, real=0.00 secs] 
56.121: Total time for which application threads were stopped: 0.0033000 seconds, Stopping threads took: 0.0012050 seconds
56.158: Application time: 0.0370610 seconds
56.160: [GC [PSYoungGen: 48640K->6528K(48640K)] 84788K->42692K(159744K), 0.0019250 secs] [Times: user=0.01 sys=0.00, real=0.00 secs] 
56.162: Total time for which application threads were stopped: 0.0036370 seconds, Stopping threads took: 0.0016140 seconds
56.199: Application time: 0.0371950 seconds
56.201: [GC [PSYoungGen: 48512K->6656K(48640K)] 84676K->42988K(159744K), 0.0021100 secs] [Times: user=0.01 sys=0.00, real=0.00 secs] 
56.203: Total time for which application threads were stopped: 0.0035760 seconds, Stopping threads took: 0.0013860 seconds
56.241: Application time: 0.0382350 seconds
56.244: [GC [PSYoungGen: 48640K->6640K(48640K)] 84972K->43940K(159744K), 0.0023430 secs] [Times: user=0.02 sys=0.00, real=0.00 secs] 
56.246: Total time for which application threads were stopped: 0.0052660 seconds, Stopping threads took: 0.0028450 seconds
56.284: Application time: 0.0371130 seconds
56.284: [GC [PSYoungGen: 48624K->6624K(48640K)] 85924K->43924K(159744K), 0.0019300 secs] [Times: user=0.01 sys=0.00, real=0.00 secs] 
56.286: Total time for which application threads were stopped: 0.0029170 seconds, Stopping threads took: 0.0008970 seconds
56.324: Application time: 0.0373600 seconds
56.325: [GC [PSYoungGen: 48608K->6640K(48640K)] 85908K->45412K(159744K), 0.0025240 secs] [Times: user=0.01 sys=0.00, real=0.00 secs] 
56.328: Total time for which application threads were stopped: 0.0042410 seconds, Stopping threads took: 0.0016300 seconds
56.366: Application time: 0.0384500 seconds
56.368: [GC [PSYoungGen: 48624K->6448K(48640K)] 87396K->45228K(159744K), 0.0019300 secs] [Times: user=0.02 sys=0.00, real=0.00 secs] 
56.370: Total time for which application threads were stopped: 0.0038780 seconds, Stopping threads took: 0.0018710 seconds
56.408: Application time: 0.0373130 seconds
56.410: [GC [PSYoungGen: 48432K->6640K(48640K)] 87212K->45892K(159744K), 0.0021050 secs] [Times: user=0.02 sys=0.00, real=0.01 secs] 
56.412: Total time for which application threads were stopped: 0.0045450 seconds, Stopping threads took: 0.0023610 seconds
56.450: Application time: 0.0376900 seconds
56.451: [GC [PSYoungGen: 48624K->6624K(48640K)] 87876K->46100K(159744K), 0.0019960 secs] [Times: user=0.01 sys=0.00, real=0.00 secs] 
56.453: Total time for which application threads were stopped: 0.0035430 seconds, Stopping threads took: 0.0014710 seconds
56.491: Application time: 0.0376890 seconds
56.494: [GC [PSYoungGen: 48608K->6624K(48640K)] 88084K->46740K(159744K), 0.0020780 secs] [Times: user=0.01 sys=0.00, real=0.00 secs] 
56.496: Total time for which application threads were stopped: 0.0044580 seconds, Stopping threads took: 0.0022980 seconds
56.533: Application time: 0.0376750 seconds
56.535: [GC [PSYoungGen: 48608K->6640K(48640K)] 88724K->47736K(159744K), 0.0022190 secs] [Times: user=0.02 sys=0.00, real=0.00 secs] 
56.538: Total time for which application threads were stopped: 0.0043510 seconds, Stopping threads took: 0.0020530 seconds
56.575: Application time: 0.0374220 seconds
56.576: [GC [PSYoungGen: 48624K->6640K(48640K)] 89720K->47968K(159744K), 0.0020800 secs] [Times: user=0.01 sys=0.00, real=0.00 secs] 
56.578: Total time for which application threads were stopped: 0.0029580 seconds, Stopping threads took: 0.0007960 seconds
56.616: Application time: 0.0377790 seconds
56.617: [GC [PSYoungGen: 48624K->6656K(48640K)] 89952K->48696K(159744K), 0.0021530 secs] [Times: user=0.01 sys=0.01, real=0.00 secs] 
56.619: Total time for which application threads were stopped: 0.0036230 seconds, Stopping threads took: 0.0013900 seconds
56.658: Application time: 0.0383750 seconds
56.660: [GC [PSYoungGen: 48640K->6656K(48640K)] 90680K->49744K(159744K), 0.0022440 secs] [Times: user=0.01 sys=0.00, real=0.00 secs] 
56.662: Total time for which application threads were stopped: 0.0040960 seconds, Stopping threads took: 0.0017730 seconds
56.700: Application time: 0.0380550 seconds
56.701: [GC [PSYoungGen: 48639K->6656K(48640K)] 91727K->51136K(159744K), 0.0024250 secs] [Times: user=0.02 sys=0.00, real=0.01 secs] 
56.704: Total time for which application threads were stopped: 0.0039840 seconds, Stopping threads took: 0.0014740 seconds
56.742: Application time: 0.0380800 seconds
56.745: [GC [PSYoungGen: 48640K->6656K(48640K)] 93120K->51744K(159744K), 0.0021020 secs] [Times: user=0.02 sys=0.00, real=0.00 secs] 
56.747: Total time for which application threads were stopped: 0.0047190 seconds, Stopping threads took: 0.0025390 seconds
56.783: Application time: 0.0357630 seconds
56.785: [GC [PSYoungGen: 48640K->6640K(48640K)] 93728K->51760K(159744K), 0.0019690 secs] [Times: user=0.01 sys=0.00, real=0.00 secs] 
56.787: Total time for which application threads were stopped: 0.0042640 seconds, Stopping threads took: 0.0021970 seconds
56.824: Application time: 0.0374630 seconds
56.826: [GC [PSYoungGen: 48624K->6656K(48640K)] 93744K->52304K(159744K), 0.0021450 secs] [Times: user=0.02 sys=0.00, real=0.00 secs] 
56.828: Total time for which application threads were stopped: 0.0036670 seconds, Stopping threads took: 0.0014320 seconds
56.866: Application time: 0.0384020 seconds
56.868: [GC [PSYoungGen: 48640K->6592K(48640K)] 94288K->52248K(159744K), 0.0020170 secs] [Times: user=0.01 sys=0.00, real=0.00 secs] 
56.870: Total time for which application threads were stopped: 0.0034180 seconds, Stopping threads took: 0.0013280 seconds
56.908: Application time: 0.0383130 seconds
56.909: [GC [PSYoungGen: 48576K->5376K(48640K)] 94232K->51032K(159744K), 0.0017250 secs] [Times: user=0.01 sys=0.00, real=0.00 secs] 
56.911: Total time for which application threads were stopped: 0.0029000 seconds, Stopping threads took: 0.0010930 seconds
56.949: Application time: 0.0378550 seconds
56.950: [GC [PSYoungGen: 47360K->6304K(48640K)] 93016K->51960K(159744K), 0.0019060 secs] [Times: user=0.02 sys=0.00, real=0.01 secs] 
56.952: Total time for which application threads were stopped: 0.0033320 seconds, Stopping threads took: 0.0013490 seconds
56.989: Application time: 0.0372490 seconds
56.991: [GC [PSYoungGen: 48288K->6640K(48640K)] 93944K->52304K(159744K), 0.0020360 secs] [Times: user=0.01 sys=0.00, real=0.01 secs] 
56.993: Total time for which application threads were stopped: 0.0036390 seconds, Stopping threads took: 0.0015210 seconds
57.031: Application time: 0.0379330 seconds
57.033: [GC [PSYoungGen: 48624K->6624K(48640K)] 94288K->52296K(159744K), 0.0020100 secs] [Times: user=0.01 sys=0.00, real=0.00 secs] 
57.035: Total time for which application threads were stopped: 0.0041160 seconds, Stopping threads took: 0.0020320 seconds
57.073: Application time: 0.0378090 seconds
57.075: [GC [PSYoungGen: 48608K->6624K(48640K)] 94280K->52544K(159744K), 0.0021140 secs] [Times: user=0.02 sys=0.00, real=0.00 secs] 
57.077: Total time for which application threads were stopped: 0.0039680 seconds, Stopping threads took: 0.0017730 seconds
57.114: Application time: 0.0366580 seconds
57.115: [GC [PSYoungGen: 48608K->6640K(48640K)] 94528K->53536K(159744K), 0.0022410 secs] [Times: user=0.01 sys=0.00, real=0.00 secs] 
57.117: Total time for which application threads were stopped: 0.0039300 seconds, Stopping threads took: 0.0016040 seconds
57.155: Application time: 0.0374100 seconds
57.157: [GC [PSYoungGen: 48624K->6496K(48640K)] 95520K->53400K(159744K), 0.0020160 secs] [Times: user=0.02 sys=0.00, real=0.00 secs] 
57.159: Total time for which application threads were stopped: 0.0041050 seconds, Stopping threads took: 0.0019910 seconds
57.195: Application time: 0.0359680 seconds
57.197: [GC [PSYoungGen: 48480K->6656K(48640K)] 95384K->54168K(159744K), 0.0023090 secs] [Times: user=0.01 sys=0.00, real=0.00 secs] 
57.199: Total time for which application threads were stopped: 0.0042830 seconds, Stopping threads took: 0.0018670 seconds
57.235: Application time: 0.0359520 seconds
57.238: [GC [PSYoungGen: 48640K->6656K(48640K)] 96152K->55148K(159744K), 0.0023670 secs] [Times: user=0.01 sys=0.00, real=0.00 secs] 
57.240: Total time for which application threads were stopped: 0.0047640 seconds, Stopping threads took: 0.0023180 seconds
57.279: Application time: 0.0386530 seconds
57.282: [GC [PSYoungGen: 48640K->5888K(48640K)] 97132K->54380K(159744K), 0.0020190 secs] [Times: user=0.01 sys=0.00, real=0.01 secs] 
57.284: Total time for which application threads were stopped: 0.0050990 seconds, Stopping threads took: 0.0029980 seconds
57.323: Application time: 0.0393420 seconds
57.325: [GC [PSYoungGen: 47872K->6640K(48640K)] 96364K->55836K(159744K), 0.0022450 secs] [Times: user=0.01 sys=0.00, real=0.00 secs] 
57.327: Total time for which application threads were stopped: 0.0044040 seconds, Stopping threads took: 0.0020490 seconds
57.369: Application time: 0.0410950 seconds
57.370: [GC [PSYoungGen: 48624K->6016K(48640K)] 97820K->55212K(159744K), 0.0019250 secs] [Times: user=0.02 sys=0.00, real=0.01 secs] 
57.372: Total time for which application threads were stopped: 0.0036100 seconds, Stopping threads took: 0.0015950 seconds
57.412: Application time: 0.0399550 seconds
57.414: [GC [PSYoungGen: 48000K->6656K(48640K)] 97196K->56092K(159744K), 0.0021630 secs] [Times: user=0.01 sys=0.00, real=0.00 secs] 
57.417: Total time for which application threads were stopped: 0.0044330 seconds, Stopping threads took: 0.0021860 seconds
57.457: Application time: 0.0401460 seconds
57.458: [GC [PSYoungGen: 48640K->5936K(48640K)] 98076K->55372K(159744K), 0.0018070 secs] [Times: user=0.01 sys=0.00, real=0.00 secs] 
57.460: Total time for which application threads were stopped: 0.0033010 seconds, Stopping threads took: 0.0014150 seconds
57.499: Application time: 0.0386390 seconds
57.501: [GC [PSYoungGen: 47920K->6656K(48640K)] 97356K->57604K(159744K), 0.0024070 secs] [Times: user=0.01 sys=0.00, real=0.01 secs] 
57.503: Total time for which application threads were stopped: 0.0045780 seconds, Stopping threads took: 0.0020860 seconds
57.543: Application time: 0.0400580 seconds
57.545: [GC [PSYoungGen: 48640K->6640K(48640K)] 99588K->58380K(159744K), 0.0021910 secs] [Times: user=0.02 sys=0.00, real=0.00 secs] 
57.547: Total time for which application threads were stopped: 0.0040760 seconds, Stopping threads took: 0.0018000 seconds
57.587: Application time: 0.0397520 seconds
57.590: [GC [PSYoungGen: 48624K->6640K(48640K)] 100364K->59604K(159744K), 0.0023690 secs] [Times: user=0.01 sys=0.00, real=0.01 secs] 
57.592: Total time for which application threads were stopped: 0.0052330 seconds, Stopping threads took: 0.0027790 seconds
57.632: Application time: 0.0391720 seconds
57.634: [GC [PSYoungGen: 48624K->6624K(48640K)] 101588K->59636K(159744K), 0.0020570 secs] [Times: user=0.02 sys=0.00, real=0.00 secs] 
57.636: Total time for which application threads were stopped: 0.0040550 seconds, Stopping threads took: 0.0019200 seconds
57.675: Application time: 0.0392800 seconds
57.678: [GC [PSYoungGen: 48608K->6624K(48640K)] 101620K->59652K(159744K), 0.0020030 secs] [Times: user=0.01 sys=0.00, real=0.00 secs] 
57.680: Total time for which application threads were stopped: 0.0049060 seconds, Stopping threads took: 0.0028180 seconds
57.719: Application time: 0.0391530 seconds
57.721: [GC [PSYoungGen: 48608K->6464K(48640K)] 101636K->59500K(159744K), 0.0019780 secs] [Times: user=0.01 sys=0.00, real=0.00 secs] 
57.723: Total time for which application threads were stopped: 0.0041200 seconds, Stopping threads took: 0.0020670 seconds
57.763: Application time: 0.0404010 seconds
57.764: [GC [PSYoungGen: 48448K->6528K(48640K)] 101484K->59572K(159744K), 0.0019950 secs] [Times: user=0.02 sys=0.00, real=0.00 secs] 
57.766: Total time for which application threads were stopped: 0.0024600 seconds, Stopping threads took: 0.0003860 seconds
57.805: Application time: 0.0394430 seconds
57.808: [GC [PSYoungGen: 48512K->6640K(48640K)] 101556K->59932K(159744K), 0.0020350 secs] [Times: user=0.01 sys=0.00, real=0.00 secs] 
57.810: Total time for which application threads were stopped: 0.0046630 seconds, Stopping threads took: 0.0025470 seconds
57.851: Application time: 0.0407190 seconds
57.853: [GC [PSYoungGen: 48624K->5840K(48640K)] 101916K->59132K(159744K), 0.0017700 secs] [Times: user=0.01 sys=0.00, real=0.00 secs] 
57.854: Total time for which application threads were stopped: 0.0035890 seconds, Stopping threads took: 0.0017450 seconds
57.894: Application time: 0.0397440 seconds
57.896: [GC [PSYoungGen: 47824K->6624K(48640K)] 101116K->59940K(159744K), 0.0021260 secs] [Times: user=0.01 sys=0.00, real=0.00 secs] 
57.898: Total time for which application threads were stopped: 0.0039620 seconds, Stopping threads took: 0.0017480 seconds
57.938: Application time: 0.0395460 seconds
57.940: [GC [PSYoungGen: 48608K->6656K(48640K)] 101924K->60124K(159744K), 0.0020720 secs] [Times: user=0.01 sys=0.00, real=0.00 secs] 
57.942: Total time for which application threads were stopped: 0.0044820 seconds, Stopping threads took: 0.0023240 seconds
57.981: Application time: 0.0393840 seconds
57.984: [GC [PSYoungGen: 48640K->6624K(48640K)] 102108K->60516K(159744K), 0.0021350 secs] [Times: user=0.02 sys=0.00, real=0.00 secs] 
57.986: Total time for which application threads were stopped: 0.0042300 seconds, Stopping threads took: 0.0020120 seconds
58.025: Application time: 0.0389990 seconds
58.026: [GC [PSYoungGen: 48608K->6624K(48640K)] 102500K->61389K(159744K), 0.0022270 secs] [Times: user=0.01 sys=0.00, real=0.00 secs] 
58.028: Total time for which application threads were stopped: 0.0034900 seconds, Stopping threads took: 0.0011800 seconds
58.068: Application time: 0.0398750 seconds
58.070: [GC [PSYoungGen: 48608K->6656K(48640K)] 103373K->61925K(159744K), 0.0022730 secs] [Times: user=0.02 sys=0.00, real=0.01 secs] 
58.072: Total time for which application threads were stopped: 0.0040000 seconds, Stopping threads took: 0.0016410 seconds
58.111: Application time: 0.0393710 seconds
58.113: [GC [PSYoungGen: 48640K->6624K(48640K)] 103909K->63333K(159744K), 0.0025170 secs] [Times: user=0.02 sys=0.00, real=0.00 secs] 
58.115: Total time for which application threads were stopped: 0.0039370 seconds, Stopping threads took: 0.0013170 seconds
58.154: Application time: 0.0383720 seconds
58.156: [GC [PSYoungGen: 48608K->6464K(48640K)] 105317K->63173K(159744K), 0.0019280 secs] [Times: user=0.01 sys=0.00, real=0.00 secs] 
58.158: Total time for which application threads were stopped: 0.0040380 seconds, Stopping threads took: 0.0020050 seconds
58.196: Application time: 0.0385120 seconds
58.198: [GC [PSYoungGen: 48448K->6656K(48640K)] 105157K->64233K(159744K), 0.0024740 secs] [Times: user=0.01 sys=0.00, real=0.00 secs] 
58.201: Total time for which application threads were stopped: 0.0044610 seconds, Stopping threads took: 0.0019050 seconds
58.241: Application time: 0.0399380 seconds
58.243: [GC [PSYoungGen: 48640K->6656K(48640K)] 106217K->64489K(159744K), 0.0021430 secs] [Times: user=0.01 sys=0.00, real=0.01 secs] 
58.245: Total time for which application threads were stopped: 0.0041400 seconds, Stopping threads took: 0.0018980 seconds
58.284: Application time: 0.0389430 seconds
58.285: [GC [PSYoungGen: 48640K->6624K(48640K)] 106473K->65249K(159744K), 0.0023080 secs] [Times: user=0.02 sys=0.00, real=0.00 secs] 
58.288: Total time for which application threads were stopped: 0.0040130 seconds, Stopping threads took: 0.0016200 seconds
58.327: Application time: 0.0392390 seconds
58.329: [GC [PSYoungGen: 48608K->6640K(48640K)] 107233K->66285K(159744K), 0.0024160 secs] [Times: user=0.02 sys=0.00, real=0.01 secs] 
58.332: Total time for which application threads were stopped: 0.0048350 seconds, Stopping threads took: 0.0023370 seconds
58.372: Application time: 0.0404300 seconds
58.374: [GC [PSYoungGen: 48624K->6656K(48640K)] 108269K->67645K(159744K), 0.0024840 secs] [Times: user=0.02 sys=0.00, real=0.00 secs] 
58.377: Total time for which application threads were stopped: 0.0044960 seconds, Stopping threads took: 0.0019250 seconds
58.416: Application time: 0.0394900 seconds
58.418: [GC [PSYoungGen: 48640K->6624K(48640K)] 109629K->67909K(159744K), 0.0023060 secs] [Times: user=0.01 sys=0.00, real=0.00 secs] 
58.421: Total time for which application threads were stopped: 0.0043010 seconds, Stopping threads took: 0.0018980 seconds
58.460: Application time: 0.0391120 seconds
58.463: [GC [PSYoungGen: 48608K->6368K(48640K)] 109893K->67669K(159744K), 0.0019080 secs] [Times: user=0.01 sys=0.00, real=0.01 secs] 
58.465: Total time for which application threads were stopped: 0.0048880 seconds, Stopping threads took: 0.0029000 seconds
58.504: Application time: 0.0397390 seconds
58.506: [GC [PSYoungGen: 48352K->6640K(48640K)] 109653K->68533K(159744K), 0.0022000 secs] [Times: user=0.01 sys=0.00, real=0.00 secs] 
58.508: Total time for which application threads were stopped: 0.0039090 seconds, Stopping threads took: 0.0016290 seconds
58.549: Application time: 0.0402750 seconds
58.550: [GC [PSYoungGen: 48624K->6640K(48640K)] 110517K->69117K(159744K), 0.0022590 secs] [Times: user=0.02 sys=0.00, real=0.01 secs] 
58.553: Total time for which application threads were stopped: 0.0039540 seconds, Stopping threads took: 0.0016050 seconds
58.593: Application time: 0.0407370 seconds
58.595: [GC [PSYoungGen: 48624K->5760K(48640K)] 111101K->68237K(159744K), 0.0017820 secs] [Times: user=0.01 sys=0.00, real=0.00 secs] 
58.597: Total time for which application threads were stopped: 0.0037620 seconds, Stopping threads took: 0.0019030 seconds
58.637: Application time: 0.0400100 seconds
58.639: [GC [PSYoungGen: 47744K->6640K(48640K)] 110221K->69829K(159744K), 0.0022350 secs] [Times: user=0.01 sys=0.00, real=0.00 secs] 
58.641: Total time for which application threads were stopped: 0.0042880 seconds, Stopping threads took: 0.0019670 seconds
58.682: Application time: 0.0404390 seconds
58.683: [GC [PSYoungGen: 48624K->4736K(48640K)] 111813K->67925K(159744K), 0.0015990 secs] [Times: user=0.01 sys=0.00, real=0.00 secs] 
58.685: Total time for which application threads were stopped: 0.0033130 seconds, Stopping threads took: 0.0016380 seconds
58.727: Application time: 0.0417110 seconds
58.728: [GC [PSYoungGen: 46720K->5040K(48640K)] 109909K->68245K(159744K), 0.0015530 secs] [Times: user=0.01 sys=0.00, real=0.00 secs] 
58.730: Total time for which application threads were stopped: 0.0031240 seconds, Stopping threads took: 0.0014930 seconds
58.771: Application time: 0.0412050 seconds
58.773: [GC [PSYoungGen: 47024K->6480K(48640K)] 110229K->69701K(159744K), 0.0020540 secs] [Times: user=0.01 sys=0.00, real=0.00 secs] 
58.775: Total time for which application threads were stopped: 0.0037420 seconds, Stopping threads took: 0.0016100 seconds
58.816: Application time: 0.0407330 seconds
58.817: [GC [PSYoungGen: 48464K->6432K(48640K)] 111685K->69661K(159744K), 0.0019890 secs] [Times: user=0.01 sys=0.00, real=0.00 secs] 
58.819: Total time for which application threads were stopped: 0.0032720 seconds, Stopping threads took: 0.0012040 seconds
58.859: Application time: 0.0400210 seconds
58.861: [GC [PSYoungGen: 48416K->6640K(48640K)] 111645K->70445K(159744K), 0.0022450 secs] [Times: user=0.01 sys=0.00, real=0.00 secs] 
58.863: Total time for which application threads were stopped: 0.0038740 seconds, Stopping threads took: 0.0015490 seconds
58.904: Application time: 0.0412630 seconds
58.906: [GC [PSYoungGen: 48624K->5488K(48640K)] 112429K->69293K(159744K), 0.0016820 secs] [Times: user=0.01 sys=0.00, real=0.00 secs] 
58.908: Total time for which application threads were stopped: 0.0035070 seconds, Stopping threads took: 0.0017500 seconds
58.950: Application time: 0.0421720 seconds
58.951: [GC [PSYoungGen: 47471K->6640K(48640K)] 111277K->70541K(159744K), 0.0020900 secs] [Times: user=0.01 sys=0.00, real=0.00 secs] 
58.954: Total time for which application threads were stopped: 0.0038820 seconds, Stopping threads took: 0.0017030 seconds
58.994: Application time: 0.0399080 seconds
58.995: [GC [PSYoungGen: 48624K->6656K(48640K)] 112525K->70901K(159744K), 0.0022260 secs] [Times: user=0.01 sys=0.01, real=0.00 secs] 
58.997: Total time for which application threads were stopped: 0.0038530 seconds, Stopping threads took: 0.0015420 seconds
59.036: Application time: 0.0385880 seconds
59.039: [GC [PSYoungGen: 48640K->6656K(48640K)] 112885K->72365K(159744K), 0.0024120 secs] [Times: user=0.02 sys=0.00, real=0.00 secs] 
59.041: Total time for which application threads were stopped: 0.0050610 seconds, Stopping threads took: 0.0025650 seconds
59.081: Application time: 0.0397050 seconds
59.082: [GC [PSYoungGen: 48640K->6464K(48640K)] 114349K->72173K(159744K), 0.0019700 secs] [Times: user=0.01 sys=0.00, real=0.01 secs] 
59.084: Total time for which application threads were stopped: 0.0033510 seconds, Stopping threads took: 0.0012980 seconds
59.124: Application time: 0.0403440 seconds
59.126: [GC [PSYoungGen: 48448K->6656K(48640K)] 114157K->72397K(159744K), 0.0021770 secs] [Times: user=0.02 sys=0.00, real=0.00 secs] 
59.128: Total time for which application threads were stopped: 0.0038300 seconds, Stopping threads took: 0.0015530 seconds
59.169: Application time: 0.0404410 seconds
59.170: [GC [PSYoungGen: 48640K->6656K(48640K)] 114381K->72637K(159744K), 0.0021480 secs] [Times: user=0.02 sys=0.00, real=0.01 secs] 
59.172: Total time for which application threads were stopped: 0.0034610 seconds, Stopping threads took: 0.0012310 seconds
59.212: Application time: 0.0402470 seconds
59.214: [GC [PSYoungGen: 48640K->6656K(48640K)] 114621K->73125K(159744K), 0.0021920 secs] [Times: user=0.01 sys=0.00, real=0.00 secs] 
59.217: Total time for which application threads were stopped: 0.0041230 seconds, Stopping threads took: 0.0018490 seconds
59.256: Application time: 0.0395880 seconds
59.258: [GC [PSYoungGen: 48640K->6656K(48640K)] 115109K->73485K(159744K), 0.0022290 secs] [Times: user=0.01 sys=0.00, real=0.00 secs] 
59.260: Total time for which application threads were stopped: 0.0042210 seconds, Stopping threads took: 0.0019060 seconds
59.301: Application time: 0.0402280 seconds
59.302: [GC [PSYoungGen: 48640K->6656K(48640K)] 115469K->73661K(159744K), 0.0020410 secs] [Times: user=0.01 sys=0.00, real=0.01 secs] 
59.304: Total time for which application threads were stopped: 0.0033580 seconds, Stopping threads took: 0.0012350 seconds
59.343: Application time: 0.0393240 seconds
59.345: [GC [PSYoungGen: 48639K->6304K(48640K)] 115645K->73317K(159744K), 0.0019530 secs] [Times: user=0.01 sys=0.00, real=0.00 secs] 
59.347: Total time for which application threads were stopped: 0.0037000 seconds, Stopping threads took: 0.0016440 seconds
59.388: Application time: 0.0407910 seconds
59.389: [GC [PSYoungGen: 48288K->6656K(48640K)] 115301K->74605K(159744K), 0.0023280 secs] [Times: user=0.02 sys=0.00, real=0.01 secs] 
59.392: Total time for which application threads were stopped: 0.0040810 seconds, Stopping threads took: 0.0016730 seconds
59.432: Application time: 0.0401310 seconds
59.435: [GC [PSYoungGen: 48640K->6656K(48640K)] 116589K->74693K(159744K), 0.0020720 secs] [Times: user=0.01 sys=0.00, real=0.00 secs] 
59.437: Total time for which application threads were stopped: 0.0046670 seconds, Stopping threads took: 0.0025110 seconds
59.476: Application time: 0.0392050 seconds
59.478: [GC [PSYoungGen: 48640K->6656K(48640K)] 116677K->75213K(159744K), 0.0022450 secs] [Times: user=0.02 sys=0.00, real=0.00 secs] 
59.480: Total time for which application threads were stopped: 0.0044350 seconds, Stopping threads took: 0.0020730 seconds
59.521: Application time: 0.0403500 seconds
59.523: [GC [PSYoungGen: 48640K->6624K(48640K)] 117197K->75181K(159744K), 0.0020680 secs] [Times: user=0.01 sys=0.00, real=0.01 secs] 
59.525: Total time for which application threads were stopped: 0.0041150 seconds, Stopping threads took: 0.0019610 seconds
59.565: Application time: 0.0404250 seconds
59.567: [GC [PSYoungGen: 48608K->6656K(48640K)] 117165K->75541K(159744K), 0.0021880 secs] [Times: user=0.02 sys=0.00, real=0.00 secs] 
59.569: Total time for which application threads were stopped: 0.0041740 seconds, Stopping threads took: 0.0018930 seconds
59.610: Application time: 0.0402120 seconds
59.611: [GC [PSYoungGen: 48640K->6304K(48640K)] 117525K->75189K(159744K), 0.0020240 secs] [Times: user=0.02 sys=0.00, real=0.01 secs] 
59.613: Total time for which application threads were stopped: 0.0032850 seconds, Stopping threads took: 0.0011790 seconds
59.654: Application time: 0.0406440 seconds
59.655: [GC [PSYoungGen: 48288K->6640K(48640K)] 117173K->75541K(159744K), 0.0020260 secs] [Times: user=0.01 sys=0.00, real=0.00 secs] 
59.657: Total time for which application threads were stopped: 0.0037950 seconds, Stopping threads took: 0.0016860 seconds
59.698: Application time: 0.0403870 seconds
59.700: [GC [PSYoungGen: 48624K->5872K(48640K)] 117525K->74781K(159744K), 0.0018140 secs] [Times: user=0.01 sys=0.00, real=0.00 secs] 
59.702: Total time for which application threads were stopped: 0.0039120 seconds, Stopping threads took: 0.0020190 seconds
59.741: Application time: 0.0391700 seconds
59.744: [GC [PSYoungGen: 47856K->6640K(48640K)] 116765K->75817K(159744K), 0.0022180 secs] [Times: user=0.01 sys=0.00, real=0.00 secs] 
59.746: Total time for which application threads were stopped: 0.0053980 seconds, Stopping threads took: 0.0030890 seconds
59.784: Application time: 0.0376910 seconds
59.786: [GC [PSYoungGen: 48624K->6640K(48640K)] 117801K->76673K(159744K), 0.0022190 secs] [Times: user=0.02 sys=0.00, real=0.00 secs] 
59.789: Total time for which application threads were stopped: 0.0048630 seconds, Stopping threads took: 0.0025590 seconds
59.828: Application time: 0.0391040 seconds
59.829: [GC [PSYoungGen: 48624K->6624K(48640K)] 118657K->76769K(159744K), 0.0020340 secs] [Times: user=0.02 sys=0.01, real=0.01 secs] 
59.831: Total time for which application threads were stopped: 0.0035760 seconds, Stopping threads took: 0.0014590 seconds
59.869: Application time: 0.0379380 seconds
59.872: [GC [PSYoungGen: 48608K->6656K(48640K)] 118753K->78257K(159744K), 0.0024070 secs] [Times: user=0.01 sys=0.00, real=0.00 secs] 
59.874: Total time for which application threads were stopped: 0.0050170 seconds, Stopping threads took: 0.0025280 seconds
59.915: Application time: 0.0402600 seconds
59.916: [GC [PSYoungGen: 48640K->5984K(48640K)] 120241K->77585K(159744K), 0.0018360 secs] [Times: user=0.02 sys=0.00, real=0.00 secs] 
59.918: Total time for which application threads were stopped: 0.0034880 seconds, Stopping threads took: 0.0015730 seconds
59.958: Application time: 0.0399510 seconds
59.960: [GC [PSYoungGen: 47968K->6656K(48640K)] 119569K->78505K(159744K), 0.0020760 secs] [Times: user=0.02 sys=0.00, real=0.00 secs] 
59.962: Total time for which application threads were stopped: 0.0041290 seconds, Stopping threads took: 0.0019690 seconds
60.003: Application time: 0.0408310 seconds
60.005: [GC [PSYoungGen: 48640K->6656K(48640K)] 120489K->79001K(159744K), 0.0022700 secs] [Times: user=0.01 sys=0.00, real=0.00 secs] 
60.008: Total time for which application threads were stopped: 0.0046240 seconds, Stopping threads took: 0.0022460 seconds
60.048: Application time: 0.0403930 seconds
60.050: [GC [PSYoungGen: 48640K->6128K(48640K)] 120985K->78473K(159744K), 0.0020340 secs] [Times: user=0.02 sys=0.00, real=0.01 secs] 
60.052: Total time for which application threads were stopped: 0.0041310 seconds, Stopping threads took: 0.0019920 seconds
60.091: Application time: 0.0390570 seconds
60.094: [GC [PSYoungGen: 48112K->6656K(48640K)] 120457K->80281K(159744K), 0.0024170 secs] [Times: user=0.02 sys=0.00, real=0.00 secs] 
60.096: Total time for which application threads were stopped: 0.0047070 seconds, Stopping threads took: 0.0022080 seconds
60.136: Application time: 0.0398740 seconds
60.138: [GC [PSYoungGen: 48640K->6640K(48640K)] 122265K->80353K(159744K), 0.0021770 secs] [Times: user=0.01 sys=0.00, real=0.00 secs] 
60.141: Total time for which application threads were stopped: 0.0048100 seconds, Stopping threads took: 0.0025490 seconds
60.181: Application time: 0.0404830 seconds
60.184: [GC [PSYoungGen: 48624K->6624K(48640K)] 122337K->80337K(159744K), 0.0020430 secs] [Times: user=0.01 sys=0.00, real=0.00 secs] 
60.186: Total time for which application threads were stopped: 0.0044320 seconds, Stopping threads took: 0.0023100 seconds
60.225: Application time: 0.0391590 seconds
60.226: [GC [PSYoungGen: 48608K->6656K(48640K)] 122321K->81105K(159744K), 0.0024340 secs] [Times: user=0.02 sys=0.00, real=0.00 secs] 
60.229: Total time for which application threads were stopped: 0.0042050 seconds, Stopping threads took: 0.0016860 seconds
60.269: Application time: 0.0399610 seconds
60.271: [GC [PSYoungGen: 48640K->6352K(48640K)] 123089K->80809K(159744K), 0.0020160 secs] [Times: user=0.01 sys=0.00, real=0.01 secs] 
60.273: Total time for which application threads were stopped: 0.0039170 seconds, Stopping threads took: 0.0018190 seconds
60.313: Application time: 0.0405170 seconds
60.316: [GC [PSYoungGen: 48336K->6160K(48640K)] 122793K->80617K(159744K), 0.0019030 secs] [Times: user=0.02 sys=0.00, real=0.00 secs] 
60.318: Total time for which application threads were stopped: 0.0050200 seconds, Stopping threads took: 0.0030400 seconds
60.357: Application time: 0.0386570 seconds
60.359: [GC [PSYoungGen: 48144K->6640K(48640K)] 122601K->81161K(159744K), 0.0020590 secs] [Times: user=0.01 sys=0.00, real=0.00 secs] 
60.361: Total time for which application threads were stopped: 0.0035730 seconds, Stopping threads took: 0.0014350 seconds
60.400: Application time: 0.0394760 seconds
60.402: [GC [PSYoungGen: 48624K->6640K(48640K)] 123145K->81577K(159744K), 0.0022620 secs] [Times: user=0.02 sys=0.00, real=0.01 secs] 
60.405: Total time for which application threads were stopped: 0.0044720 seconds, Stopping threads took: 0.0021280 seconds
60.444: Application time: 0.0396790 seconds
60.446: [GC [PSYoungGen: 48624K->6624K(48640K)] 123561K->81569K(159744K), 0.0021080 secs] [Times: user=0.01 sys=0.00, real=0.00 secs] 
60.448: Total time for which application threads were stopped: 0.0036950 seconds, Stopping threads took: 0.0015030 seconds
60.488: Application time: 0.0399250 seconds
60.490: [GC [PSYoungGen: 48608K->6560K(48640K)] 123553K->81513K(159744K), 0.0020020 secs] [Times: user=0.01 sys=0.00, real=0.01 secs] 
60.492: Total time for which application threads were stopped: 0.0040360 seconds, Stopping threads took: 0.0019530 seconds
60.532: Application time: 0.0399250 seconds
60.534: [GC [PSYoungGen: 48544K->6640K(48640K)] 123497K->81849K(159744K), 0.0021980 secs] [Times: user=0.01 sys=0.00, real=0.00 secs] 
60.536: Total time for which application threads were stopped: 0.0043450 seconds, Stopping threads took: 0.0020610 seconds
60.575: Application time: 0.0386310 seconds
60.577: [GC [PSYoungGen: 48624K->6656K(48640K)] 123833K->83082K(159744K), 0.0022910 secs] [Times: user=0.02 sys=0.01, real=0.00 secs] 
60.579: Total time for which application threads were stopped: 0.0043320 seconds, Stopping threads took: 0.0019440 seconds
60.618: Application time: 0.0385780 seconds
60.620: [GC [PSYoungGen: 48640K->6656K(48640K)] 125066K->84410K(159744K), 0.0024160 secs] [Times: user=0.02 sys=0.00, real=0.00 secs] 
60.622: Total time for which application threads were stopped: 0.0045900 seconds, Stopping threads took: 0.0020930 seconds
60.663: Application time: 0.0405690 seconds
60.665: [GC [PSYoungGen: 48640K->6640K(48640K)] 126394K->84410K(159744K), 0.0021200 secs] [Times: user=0.01 sys=0.00, real=0.00 secs] 
60.667: Total time for which application threads were stopped: 0.0041000 seconds, Stopping threads took: 0.0018960 seconds
60.706: Application time: 0.0391920 seconds
60.708: [GC [PSYoungGen: 48624K->6640K(48640K)] 126394K->85278K(159744K), 0.0023120 secs] [Times: user=0.02 sys=0.00, real=0.00 secs] 
60.711: Total time for which application threads were stopped: 0.0044090 seconds, Stopping threads took: 0.0020150 seconds
60.751: Application time: 0.0404840 seconds
60.753: [GC [PSYoungGen: 48624K->6656K(48640K)] 127262K->85526K(159744K), 0.0022070 secs] [Times: user=0.02 sys=0.00, real=0.00 secs] 
60.755: Total time for which application threads were stopped: 0.0038730 seconds, Stopping threads took: 0.0015820 seconds
60.796: Application time: 0.0408270 seconds
60.796: [GC [PSYoungGen: 48640K->6640K(48640K)] 127510K->85526K(159744K), 0.0023350 secs] [Times: user=0.02 sys=0.00, real=0.00 secs] 
60.799: Total time for which application threads were stopped: 0.0029880 seconds, Stopping threads took: 0.0005690 seconds
60.839: Application time: 0.0399630 seconds
60.841: [GC [PSYoungGen: 48624K->6464K(48640K)] 127510K->85350K(159744K), 0.0019670 secs] [Times: user=0.01 sys=0.00, real=0.00 secs] 
60.843: Total time for which application threads were stopped: 0.0039250 seconds, Stopping threads took: 0.0018790 seconds
60.882: Application time: 0.0395530 seconds
60.885: [GC [PSYoungGen: 48448K->6640K(48640K)] 127334K->86110K(159744K), 0.0022790 secs] [Times: user=0.01 sys=0.00, real=0.00 secs] 
60.888: Total time for which application threads were stopped: 0.0052540 seconds, Stopping threads took: 0.0028900 seconds
60.928: Application time: 0.0401290 seconds
60.931: [GC [PSYoungGen: 48624K->6624K(48640K)] 128094K->87678K(159744K), 0.0027250 secs] [Times: user=0.02 sys=0.00, real=0.01 secs] 
60.933: Total time for which application threads were stopped: 0.0057050 seconds, Stopping threads took: 0.0028880 seconds
60.973: Application time: 0.0399010 seconds
60.975: [GC [PSYoungGen: 48608K->6640K(48640K)] 129662K->88126K(159744K), 0.0021870 secs] [Times: user=0.02 sys=0.00, real=0.00 secs] 
60.978: Total time for which application threads were stopped: 0.0044440 seconds, Stopping threads took: 0.0021760 seconds
61.017: Application time: 0.0392930 seconds
61.019: [GC [PSYoungGen: 48624K->6656K(48640K)] 130110K->89302K(159744K), 0.0023910 secs] [Times: user=0.01 sys=0.00, real=0.00 secs] 
61.022: Total time for which application threads were stopped: 0.0047410 seconds, Stopping threads took: 0.0022660 seconds
61.062: Application time: 0.0399010 seconds
61.063: [GC [PSYoungGen: 48640K->6272K(48640K)] 131286K->88918K(159744K), 0.0019490 secs] [Times: user=0.01 sys=0.00, real=0.01 secs] 
61.065: Total time for which application threads were stopped: 0.0033100 seconds, Stopping threads took: 0.0012730 seconds
61.104: Application time: 0.0395410 seconds
61.106: [GC [PSYoungGen: 48256K->6624K(48640K)] 130902K->89270K(159744K), 0.0020570 secs] [Times: user=0.02 sys=0.00, real=0.00 secs] 
61.108: Total time for which application threads were stopped: 0.0038330 seconds, Stopping threads took: 0.0016910 seconds
61.149: Application time: 0.0407130 seconds
61.150: [GC [PSYoungGen: 48608K->6208K(48640K)] 131254K->88854K(159744K), 0.0019890 secs] [Times: user=0.01 sys=0.00, real=0.01 secs] 
61.152: Total time for which application threads were stopped: 0.0027930 seconds, Stopping threads took: 0.0007290 seconds
61.192: Application time: 0.0406520 seconds
61.194: [GC [PSYoungGen: 48192K->6496K(48640K)] 130838K->89150K(159744K), 0.0020560 secs] [Times: user=0.01 sys=0.00, real=0.00 secs] 
61.196: Total time for which application threads were stopped: 0.0036740 seconds, Stopping threads took: 0.0015400 seconds
61.236: Application time: 0.0393920 seconds
61.238: [GC [PSYoungGen: 48480K->6656K(48640K)] 131134K->89422K(159744K), 0.0020610 secs] [Times: user=0.02 sys=0.00, real=0.00 secs] 
61.240: Total time for which application threads were stopped: 0.0047420 seconds, Stopping threads took: 0.0026000 seconds
61.275: Application time: 0.0350700 seconds
61.278: [GC [PSYoungGen: 48640K->6656K(48640K)] 131406K->90786K(159744K), 0.0025210 secs] [Times: user=0.02 sys=0.00, real=0.00 secs] 
61.280: Total time for which application threads were stopped: 0.0049270 seconds, Stopping threads took: 0.0023020 seconds
61.318: Application time: 0.0378110 seconds
61.320: [GC [PSYoungGen: 48640K->6176K(48640K)] 132770K->90322K(159744K), 0.0018800 secs] [Times: user=0.02 sys=0.00, real=0.00 secs] 
61.322: Total time for which application threads were stopped: 0.0038540 seconds, Stopping threads took: 0.0018980 seconds
61.360: Application time: 0.0381320 seconds
61.361: [GC [PSYoungGen: 48160K->6640K(48640K)] 132306K->90818K(159744K), 0.0025070 secs] [Times: user=0.02 sys=0.00, real=0.01 secs] 
61.364: Total time for which application threads were stopped: 0.0039160 seconds, Stopping threads took: 0.0013050 seconds
61.402: Application time: 0.0381800 seconds
61.405: [GC [PSYoungGen: 48624K->5984K(48640K)] 132802K->90162K(159744K), 0.0018070 secs] [Times: user=0.01 sys=0.00, real=0.00 secs] 
61.407: Total time for which application threads were stopped: 0.0047650 seconds, Stopping threads took: 0.0028830 seconds
61.445: Application time: 0.0378910 seconds
61.447: [GC [PSYoungGen: 47968K->6432K(48640K)] 132146K->90618K(159744K), 0.0019200 secs] [Times: user=0.01 sys=0.00, real=0.00 secs] 
61.449: Total time for which application threads were stopped: 0.0037640 seconds, Stopping threads took: 0.0017650 seconds
61.486: Application time: 0.0374160 seconds
61.487: [GC [PSYoungGen: 48416K->6640K(48640K)] 132602K->90890K(159744K), 0.0020520 secs] [Times: user=0.01 sys=0.00, real=0.00 secs] 
61.489: Total time for which application threads were stopped: 0.0033300 seconds, Stopping threads took: 0.0012030 seconds
61.527: Application time: 0.0372890 seconds
61.529: [GC [PSYoungGen: 48624K->6656K(48640K)] 132874K->92322K(159744K), 0.0024410 secs] [Times: user=0.02 sys=0.00, real=0.01 secs] 
61.531: Total time for which application threads were stopped: 0.0045900 seconds, Stopping threads took: 0.0020680 seconds
61.569: Application time: 0.0378580 seconds
61.571: [GC [PSYoungGen: 48640K->6400K(48640K)] 134306K->92066K(159744K), 0.0019680 secs] [Times: user=0.01 sys=0.01, real=0.00 secs] 
61.573: Total time for which application threads were stopped: 0.0040320 seconds, Stopping threads took: 0.0019750 seconds
61.610: Application time: 0.0368380 seconds
61.611: [GC [PSYoungGen: 48384K->6656K(48640K)] 134050K->92386K(159744K), 0.0020820 secs] [Times: user=0.02 sys=0.00, real=0.01 secs] 
61.613: Total time for which application threads were stopped: 0.0029960 seconds, Stopping threads took: 0.0008300 seconds
61.651: Application time: 0.0381800 seconds
61.653: [GC [PSYoungGen: 48640K->6640K(48640K)] 134370K->93762K(159744K), 0.0025100 secs] [Times: user=0.01 sys=0.00, real=0.00 secs] 
61.655: Total time for which application threads were stopped: 0.0040370 seconds, Stopping threads took: 0.0014420 seconds
61.694: Application time: 0.0384360 seconds
61.695: [GC [PSYoungGen: 48624K->5568K(48640K)] 135746K->92690K(159744K), 0.0017520 secs] [Times: user=0.00 sys=0.00, real=0.00 secs] 
61.697: Total time for which application threads were stopped: 0.0030420 seconds, Stopping threads took: 0.0012100 seconds
61.736: Application time: 0.0392600 seconds
61.738: [GC [PSYoungGen: 47552K->6208K(48640K)] 134674K->93346K(159744K), 0.0018630 secs] [Times: user=0.01 sys=0.00, real=0.00 secs] 
61.739: Total time for which application threads were stopped: 0.0034880 seconds, Stopping threads took: 0.0015500 seconds
61.778: Application time: 0.0384990 seconds
61.779: [GC [PSYoungGen: 48192K->5024K(48640K)] 135330K->92162K(159744K), 0.0016010 secs] [Times: user=0.01 sys=0.00, real=0.00 secs] 
61.780: Total time for which application threads were stopped: 0.0024590 seconds, Stopping threads took: 0.0007860 seconds
61.818: Application time: 0.0370860 seconds
61.820: [GC [PSYoungGen: 47008K->6624K(48640K)] 134146K->95066K(159744K), 0.0024340 secs] [Times: user=0.01 sys=0.00, real=0.00 secs] 
61.822: Total time for which application threads were stopped: 0.0048460 seconds, Stopping threads took: 0.0023340 seconds
61.860: Application time: 0.0379060 seconds
61.862: [GC [PSYoungGen: 48608K->6384K(48640K)] 137050K->94826K(159744K), 0.0019960 secs] [Times: user=0.02 sys=0.00, real=0.01 secs] 
61.864: Total time for which application threads were stopped: 0.0036050 seconds, Stopping threads took: 0.0015290 seconds
61.903: Application time: 0.0394560 seconds
61.905: [GC [PSYoungGen: 48368K->6160K(48640K)] 136810K->94618K(159744K), 0.0019050 secs] [Times: user=0.01 sys=0.00, real=0.00 secs] 
61.907: Total time for which application threads were stopped: 0.0032980 seconds, Stopping threads took: 0.0013160 seconds
61.944: Application time: 0.0375490 seconds
61.946: [GC [PSYoungGen: 48144K->6624K(48640K)] 136602K->95314K(159744K), 0.0020460 secs] [Times: user=0.01 sys=0.00, real=0.00 secs] 
61.948: Total time for which application threads were stopped: 0.0035640 seconds, Stopping threads took: 0.0014330 seconds
61.984: Application time: 0.0365290 seconds
61.986: [GC [PSYoungGen: 48608K->6640K(48640K)] 137298K->96782K(159744K), 0.0025150 secs] [Times: user=0.02 sys=0.00, real=0.00 secs] 
61.989: Total time for which application threads were stopped: 0.0044260 seconds, Stopping threads took: 0.0018300 seconds
62.025: Application time: 0.0364980 seconds
62.027: [GC [PSYoungGen: 48624K->6656K(48640K)] 138766K->97606K(159744K), 0.0022470 secs] [Times: user=0.01 sys=0.00, real=0.00 secs] 
62.030: Total time for which application threads were stopped: 0.0045110 seconds, Stopping threads took: 0.0021810 seconds
62.067: Application time: 0.0374390 seconds
62.069: [GC [PSYoungGen: 48640K->6640K(48640K)] 139590K->98678K(159744K), 0.0023610 secs] [Times: user=0.02 sys=0.00, real=0.00 secs] 
62.071: Total time for which application threads were stopped: 0.0039150 seconds, Stopping threads took: 0.0014680 seconds
62.110: Application time: 0.0391670 seconds
62.112: [GC [PSYoungGen: 48624K->5728K(48640K)] 140662K->97766K(159744K), 0.0018830 secs] [Times: user=0.01 sys=0.00, real=0.00 secs] 
62.113: Total time for which application threads were stopped: 0.0031760 seconds, Stopping threads took: 0.0012100 seconds
62.152: Application time: 0.0386800 seconds
62.154: [GC [PSYoungGen: 47712K->6496K(48640K)] 139750K->98534K(159744K), 0.0020160 secs] [Times: user=0.01 sys=0.00, real=0.00 secs] 
62.156: Total time for which application threads were stopped: 0.0040940 seconds, Stopping threads took: 0.0019990 seconds
62.194: Application time: 0.0376390 seconds
62.195: [GC [PSYoungGen: 48480K->6640K(48640K)] 140518K->98950K(159744K), 0.0021660 secs] [Times: user=0.02 sys=0.00, real=0.00 secs] 
62.197: Total time for which application threads were stopped: 0.0033260 seconds, Stopping threads took: 0.0010820 seconds
62.236: Application time: 0.0387510 seconds
62.238: [GC [PSYoungGen: 48624K->4800K(48640K)] 140934K->97126K(159744K), 0.0015810 secs] [Times: user=0.01 sys=0.00, real=0.00 secs] 
62.240: Total time for which application threads were stopped: 0.0036200 seconds, Stopping threads took: 0.0019620 seconds
62.277: Application time: 0.0370440 seconds
62.279: [GC [PSYoungGen: 46784K->6560K(48640K)] 139110K->98886K(159744K), 0.0020250 secs] [Times: user=0.01 sys=0.00, real=0.00 secs] 
62.281: Total time for which application threads were stopped: 0.0043270 seconds, Stopping threads took: 0.0022190 seconds
62.318: Application time: 0.0372030 seconds
62.320: [GC [PSYoungGen: 48544K->6640K(48640K)] 140870K->100118K(159744K), 0.0023450 secs] [Times: user=0.01 sys=0.00, real=0.00 secs] 
62.322: Total time for which application threads were stopped: 0.0041900 seconds, Stopping threads took: 0.0017640 seconds
62.359: Application time: 0.0369440 seconds
62.361: [GC [PSYoungGen: 48624K->6656K(48640K)] 142102K->101566K(159744K), 0.0024930 secs] [Times: user=0.01 sys=0.00, real=0.01 secs] 
62.363: Total time for which application threads were stopped: 0.0040870 seconds, Stopping threads took: 0.0015070 seconds
62.402: Application time: 0.0382270 seconds
62.404: [GC [PSYoungGen: 48640K->6416K(48640K)] 143550K->101326K(159744K), 0.0019920 secs] [Times: user=0.02 sys=0.00, real=0.00 secs] 
62.406: Total time for which application threads were stopped: 0.0042910 seconds, Stopping threads took: 0.0022000 seconds
62.445: Application time: 0.0388510 seconds
62.447: [GC [PSYoungGen: 48400K->6640K(48640K)] 143310K->102030K(159744K), 0.0022460 secs] [Times: user=0.02 sys=0.00, real=0.00 secs] 
62.450: Total time for which application threads were stopped: 0.0049960 seconds, Stopping threads took: 0.0026730 seconds
62.488: Application time: 0.0383620 seconds
62.489: [GC [PSYoungGen: 48624K->6656K(48640K)] 144014K->102526K(159744K), 0.0022200 secs] [Times: user=0.01 sys=0.00, real=0.01 secs] 
62.491: Total time for which application threads were stopped: 0.0032020 seconds, Stopping threads took: 0.0008990 seconds
62.528: Application time: 0.0367630 seconds
62.530: [GC [PSYoungGen: 48640K->6656K(48640K)] 144510K->103447K(159744K), 0.0022990 secs] [Times: user=0.02 sys=0.00, real=0.01 secs] 
62.532: Total time for which application threads were stopped: 0.0040600 seconds, Stopping threads took: 0.0016760 seconds
62.569: Application time: 0.0368780 seconds
62.571: [GC [PSYoungGen: 48640K->6656K(48640K)] 145431K->104807K(159744K), 0.0025260 secs] [Times: user=0.02 sys=0.00, real=0.01 secs] 
62.573: Total time for which application threads were stopped: 0.0042070 seconds, Stopping threads took: 0.0015790 seconds
62.610: Application time: 0.0372290 seconds
62.612: [GC [PSYoungGen: 48640K->6592K(48640K)] 146791K->104751K(159744K), 0.0020120 secs] [Times: user=0.01 sys=0.00, real=0.00 secs] 
62.614: Total time for which application threads were stopped: 0.0035540 seconds, Stopping threads took: 0.0014560 seconds
62.653: Application time: 0.0388710 seconds
62.654: [GC [PSYoungGen: 48576K->5600K(48640K)] 146735K->103759K(159744K), 0.0017910 secs] [Times: user=0.01 sys=0.00, real=0.00 secs] 
62.656: Total time for which application threads were stopped: 0.0033710 seconds, Stopping threads took: 0.0015050 seconds
62.696: Application time: 0.0392800 seconds
62.697: [GC [PSYoungGen: 47584K->5536K(48640K)] 145743K->103695K(159744K), 0.0017480 secs] [Times: user=0.01 sys=0.00, real=0.00 secs] 
62.699: Total time for which application threads were stopped: 0.0031910 seconds, Stopping threads took: 0.0013690 seconds
62.738: Application time: 0.0389380 seconds
62.739: [GC [PSYoungGen: 47520K->6432K(48640K)] 145679K->104599K(159744K), 0.0020300 secs] [Times: user=0.01 sys=0.00, real=0.00 secs] 
62.741: Total time for which application threads were stopped: 0.0034410 seconds, Stopping threads took: 0.0013330 seconds
62.780: Application time: 0.0384020 seconds
62.781: [GC [PSYoungGen: 48416K->6640K(48640K)] 146583K->104871K(159744K), 0.0020350 secs] [Times: user=0.02 sys=0.00, real=0.00 secs] 
62.783: Total time for which application threads were stopped: 0.0035400 seconds, Stopping threads took: 0.0014290 seconds
62.822: Application time: 0.0390380 seconds
62.824: [GC [PSYoungGen: 48624K->5552K(48640K)] 146855K->103783K(159744K), 0.0017300 secs] [Times: user=0.01 sys=0.00, real=0.00 secs] 
62.826: Total time for which application threads were stopped: 0.0038940 seconds, Stopping threads took: 0.0020880 seconds
62.865: Application time: 0.0385370 seconds
62.866: [GC [PSYoungGen: 47536K->6384K(48640K)] 145767K->104623K(159744K), 0.0019940 secs] [Times: user=0.01 sys=0.00, real=0.00 secs] 
62.868: Total time for which application threads were stopped: 0.0035840 seconds, Stopping threads took: 0.0015140 seconds
62.906: Application time: 0.0380340 seconds
62.908: [GC [PSYoungGen: 48368K->6640K(48640K)] 146607K->105871K(159744K), 0.0023320 secs] [Times: user=0.02 sys=0.00, real=0.00 secs] 
62.910: Total time for which application threads were stopped: 0.0039470 seconds, Stopping threads took: 0.0015330 seconds
62.949: Application time: 0.0384950 seconds
62.950: [GC [PSYoungGen: 48624K->6304K(48640K)] 147855K->105543K(159744K), 0.0019110 secs] [Times: user=0.02 sys=0.00, real=0.01 secs] 
62.952: Total time for which application threads were stopped: 0.0034770 seconds, Stopping threads took: 0.0014900 seconds
62.991: Application time: 0.0389520 seconds
62.992: [GC [PSYoungGen: 48288K->6656K(48640K)] 147527K->106479K(159744K), 0.0022380 secs] [Times: user=0.02 sys=0.00, real=0.00 secs] 
62.995: Total time for which application threads were stopped: 0.0036620 seconds, Stopping threads took: 0.0013420 seconds
63.032: Application time: 0.0375010 seconds
63.034: [GC [PSYoungGen: 48640K->6640K(48640K)] 148463K->106799K(159744K), 0.0021870 secs] [Times: user=0.01 sys=0.00, real=0.00 secs] 
63.036: Total time for which application threads were stopped: 0.0041810 seconds, Stopping threads took: 0.0019160 seconds
63.074: Application time: 0.0375460 seconds
63.076: [GC [PSYoungGen: 48624K->6656K(48640K)] 148783K->107463K(159744K), 0.0022540 secs] [Times: user=0.02 sys=0.00, real=0.00 secs] 
63.078: Total time for which application threads were stopped: 0.0039170 seconds, Stopping threads took: 0.0015840 seconds
63.117: Application time: 0.0394310 seconds
63.119: [GC [PSYoungGen: 48640K->5440K(48640K)] 149447K->106247K(159744K), 0.0017540 secs] [Times: user=0.01 sys=0.00, real=0.00 secs] 
63.121: Total time for which application threads were stopped: 0.0036750 seconds, Stopping threads took: 0.0018350 seconds
63.160: Application time: 0.0387010 seconds
63.161: [GC [PSYoungGen: 47424K->6624K(48640K)] 148231K->107559K(159744K), 0.0021470 secs] [Times: user=0.02 sys=0.00, real=0.01 secs] 
63.163: Total time for which application threads were stopped: 0.0035670 seconds, Stopping threads took: 0.0013380 seconds
63.200: Application time: 0.0370800 seconds
63.202: [GC [PSYoungGen: 48608K->6656K(48640K)] 149543K->107591K(159744K), 0.0020370 secs] [Times: user=0.01 sys=0.00, real=0.01 secs] 
63.204: Total time for which application threads were stopped: 0.0035400 seconds, Stopping threads took: 0.0014260 seconds
63.242: Application time: 0.0378830 seconds
63.243: [GC [PSYoungGen: 48640K->6464K(48640K)] 149575K->107407K(159744K), 0.0020790 secs] [Times: user=0.01 sys=0.00, real=0.01 secs] 
63.245: Total time for which application threads were stopped: 0.0029950 seconds, Stopping threads took: 0.0008360 seconds
63.281: Application time: 0.0364070 seconds
63.283: [GC [PSYoungGen: 48448K->6400K(48640K)] 149391K->107343K(159744K), 0.0019680 secs] [Times: user=0.01 sys=0.00, real=0.01 secs] 
63.285: Total time for which application threads were stopped: 0.0036490 seconds, Stopping threads took: 0.0016050 seconds
63.323: Application time: 0.0380450 seconds
63.325: [GC [PSYoungGen: 48383K->5728K(48640K)] 149326K->106671K(159744K), 0.0018450 secs] [Times: user=0.01 sys=0.00, real=0.00 secs] 
63.327: Total time for which application threads were stopped: 0.0042640 seconds, Stopping threads took: 0.0023420 seconds
63.365: Application time: 0.0378750 seconds
63.367: [GC [PSYoungGen: 47712K->5152K(48640K)] 148655K->106111K(159744K), 0.0017390 secs] [Times: user=0.01 sys=0.00, real=0.00 secs] 
63.369: Total time for which application threads were stopped: 0.0042900 seconds, Stopping threads took: 0.0024550 seconds
63.408: Application time: 0.0385030 seconds
63.409: [GC [PSYoungGen: 47136K->6656K(48640K)] 148095K->107751K(159744K), 0.0021440 secs] [Times: user=0.01 sys=0.00, real=0.01 secs] 
63.412: Total time for which application threads were stopped: 0.0038210 seconds, Stopping threads took: 0.0015990 seconds
63.450: Application time: 0.0387090 seconds
63.452: [GC [PSYoungGen: 48640K->6240K(48640K)] 149735K->107351K(159744K), 0.0019690 secs] [Times: user=0.01 sys=0.00, real=0.00 secs] 
63.454: Total time for which application threads were stopped: 0.0034620 seconds, Stopping threads took: 0.0014160 seconds
63.491: Application time: 0.0374060 seconds
63.493: [GC [PSYoungGen: 48224K->6656K(48640K)] 149335K->109103K(159744K), 0.0025480 secs] [Times: user=0.01 sys=0.00, real=0.00 secs] 
63.495: Total time for which application threads were stopped: 0.0039950 seconds, Stopping threads took: 0.0013650 seconds
63.533: Application time: 0.0382190 seconds
63.534: [GC [PSYoungGen: 48640K->6640K(48640K)] 151087K->109431K(159744K), 0.0021390 secs] [Times: user=0.02 sys=0.00, real=0.00 secs] 
63.537: Total time for which application threads were stopped: 0.0031280 seconds, Stopping threads took: 0.0009080 seconds
63.575: Application time: 0.0380760 seconds
63.576: [GC [PSYoungGen: 48624K->6272K(48640K)] 151415K->109063K(159744K), 0.0019320 secs] [Times: user=0.01 sys=0.00, real=0.00 secs] 
63.578: Total time for which application threads were stopped: 0.0031970 seconds, Stopping threads took: 0.0011900 seconds
63.616: Application time: 0.0383420 seconds
63.618: [GC [PSYoungGen: 48256K->5232K(48640K)] 151047K->108031K(159744K), 0.0016850 secs] [Times: user=0.00 sys=0.00, real=0.00 secs] 
63.619: Total time for which application threads were stopped: 0.0032310 seconds, Stopping threads took: 0.0014650 seconds
63.658: Application time: 0.0383610 seconds
63.659: [GC [PSYoungGen: 47215K->5136K(48640K)] 150014K->107951K(159744K), 0.0016880 secs] [Times: user=0.01 sys=0.01, real=0.00 secs] 
63.661: Total time for which application threads were stopped: 0.0028880 seconds, Stopping threads took: 0.0011130 seconds
63.699: Application time: 0.0379620 seconds
63.701: [GC [PSYoungGen: 47120K->5568K(48640K)] 149935K->108383K(159744K), 0.0017650 secs] [Times: user=0.01 sys=0.00, real=0.01 secs] 
63.703: Total time for which application threads were stopped: 0.0045770 seconds, Stopping threads took: 0.0027370 seconds
63.743: Application time: 0.0398570 seconds
63.744: [GC [PSYoungGen: 47552K->5680K(48640K)] 150367K->108495K(159744K), 0.0018450 secs] [Times: user=0.01 sys=0.00, real=0.00 secs] 
63.746: Total time for which application threads were stopped: 0.0026000 seconds, Stopping threads took: 0.0006820 seconds
63.784: Application time: 0.0386940 seconds
63.786: [GC [PSYoungGen: 47664K->5152K(48640K)] 150479K->107975K(159744K), 0.0016370 secs] [Times: user=0.01 sys=0.00, real=0.00 secs] 
63.788: Total time for which application threads were stopped: 0.0032440 seconds, Stopping threads took: 0.0015180 seconds
63.825: Application time: 0.0370590 seconds
63.827: [GC [PSYoungGen: 47136K->6656K(48640K)] 149959K->110727K(159744K), 0.0025520 secs] [Times: user=0.02 sys=0.00, real=0.00 secs] 
63.829: Total time for which application threads were stopped: 0.0045230 seconds, Stopping threads took: 0.0018690 seconds
63.867: Application time: 0.0381100 seconds
63.869: [GC [PSYoungGen: 48640K->6656K(48640K)] 152711K->111303K(159744K), 0.0023030 secs] [Times: user=0.02 sys=0.00, real=0.01 secs] 
63.872: Total time for which application threads were stopped: 0.0044390 seconds, Stopping threads took: 0.0020490 seconds
63.910: Application time: 0.0386330 seconds
63.913: [GC [PSYoungGen: 48640K->6512K(48640K)] 153287K->111159K(159744K), 0.0020220 secs] [Times: user=0.01 sys=0.00, real=0.00 secs] 
63.915: Total time for which application threads were stopped: 0.0046740 seconds, Stopping threads took: 0.0025570 seconds
63.953: Application time: 0.0378640 seconds
63.956: [GC [PSYoungGen: 48496K->5936K(48640K)] 153143K->110583K(159744K), 0.0018810 secs] [Times: user=0.01 sys=0.00, real=0.00 secs] 
63.958: Total time for which application threads were stopped: 0.0053920 seconds, Stopping threads took: 0.0034410 seconds
63.996: Application time: 0.0376950 seconds
63.999: [GC [PSYoungGen: 47920K->6656K(48640K)] 152567K->111855K(159744K), 0.0023560 secs] [Times: user=0.01 sys=0.00, real=0.00 secs] 
64.002: Total time for which application threads were stopped: 0.0057450 seconds, Stopping threads took: 0.0032880 seconds
64.040: Application time: 0.0379150 seconds
64.042: [GC [PSYoungGen: 48640K->5632K(48640K)] 153839K->110839K(159744K), 0.0017510 secs] [Times: user=0.01 sys=0.00, real=0.01 secs] 
64.044: Total time for which application threads were stopped: 0.0043910 seconds, Stopping threads took: 0.0025580 seconds
64.081: Application time: 0.0373370 seconds
64.083: [GC [PSYoungGen: 47616K->6624K(48640K)] 152823K->111839K(159744K), 0.0020790 secs] [Times: user=0.01 sys=0.00, real=0.00 secs] 
64.085: Total time for which application threads were stopped: 0.0039380 seconds, Stopping threads took: 0.0017580 seconds
64.122: Application time: 0.0369790 seconds
64.125: [GC [PSYoungGen: 48608K->5568K(48640K)] 153823K->110783K(159744K), 0.0017790 secs] [Times: user=0.01 sys=0.00, real=0.00 secs] 
64.126: Total time for which application threads were stopped: 0.0040830 seconds, Stopping threads took: 0.0022240 seconds
64.163: Application time: 0.0362260 seconds
64.165: [GC [PSYoungGen: 47552K->6624K(48640K)] 152767K->111975K(159744K), 0.0021350 secs] [Times: user=0.02 sys=0.00, real=0.00 secs] 
64.168: Total time for which application threads were stopped: 0.0049600 seconds, Stopping threads took: 0.0027300 seconds
64.204: Application time: 0.0360540 seconds
64.205: [GC [PSYoungGen: 48608K->6624K(48640K)] 153959K->112847K(159744K), 0.0024820 secs] [Times: user=0.02 sys=0.00, real=0.00 secs] 
64.208: Total time for which application threads were stopped: 0.0041860 seconds, Stopping threads took: 0.0016210 seconds
64.246: Application time: 0.0379050 seconds
64.247: [GC [PSYoungGen: 48608K->6640K(48640K)] 154831K->112991K(159744K), 0.0021960 secs] [Times: user=0.02 sys=0.00, real=0.00 secs] 
64.249: Total time for which application threads were stopped: 0.0032750 seconds, Stopping threads took: 0.0009970 seconds
64.287: Application time: 0.0379370 seconds
64.288: [GC [PSYoungGen: 48623K->5728K(48640K)] 154975K->112079K(159744K), 0.0019390 secs] [Times: user=0.01 sys=0.00, real=0.00 secs] 
64.290: Total time for which application threads were stopped: 0.0029780 seconds, Stopping threads took: 0.0009630 seconds
64.328: Application time: 0.0382210 seconds
64.330: [GC [PSYoungGen: 47712K->5648K(48640K)] 154063K->111999K(159744K), 0.0017410 secs] [Times: user=0.01 sys=0.00, real=0.01 secs] 
64.332: Total time for which application threads were stopped: 0.0035060 seconds, Stopping threads took: 0.0016890 seconds
64.369: Application time: 0.0371600 seconds
64.371: [GC [PSYoungGen: 47632K->6624K(48640K)] 153983K->113847K(159744K), 0.0022760 secs] [Times: user=0.02 sys=0.00, real=0.01 secs] 
64.373: Total time for which application threads were stopped: 0.0044740 seconds, Stopping threads took: 0.0021140 seconds
64.411: Application time: 0.0379990 seconds
64.414: [GC [PSYoungGen: 48608K->6640K(48640K)] 155831K->114167K(159744K), 0.0022320 secs] [Times: user=0.02 sys=0.00, real=0.00 secs] 
64.416: Total time for which application threads were stopped: 0.0047880 seconds, Stopping threads took: 0.0024720 seconds
64.453: Application time: 0.0371960 seconds
64.456: [GC [PSYoungGen: 48624K->6368K(48640K)] 156151K->113903K(159744K), 0.0020860 secs] [Times: user=0.01 sys=0.00, real=0.00 secs] 
64.458: Total time for which application threads were stopped: 0.0044600 seconds, Stopping threads took: 0.0022880 seconds
64.495: Application time: 0.0374160 seconds
64.497: [GC [PSYoungGen: 48352K->6160K(48640K)] 155887K->113695K(159744K), 0.0020500 secs] [Times: user=0.01 sys=0.00, real=0.00 secs] 
64.499: Total time for which application threads were stopped: 0.0036440 seconds, Stopping threads took: 0.0015060 seconds
64.536: Application time: 0.0375080 seconds
64.538: [GC [PSYoungGen: 48144K->6656K(48640K)] 155679K->115407K(159744K), 0.0024980 secs] [Times: user=0.02 sys=0.00, real=0.00 secs] 
64.541: Total time for which application threads were stopped: 0.0044460 seconds, Stopping threads took: 0.0018660 seconds
64.579: Application time: 0.0382130 seconds
64.580: [GC [PSYoungGen: 48640K->6640K(48640K)] 157391K->115807K(159744K), 0.0022440 secs] [Times: user=0.01 sys=0.00, real=0.00 secs] 
64.582: Total time for which application threads were stopped: 0.0034740 seconds, Stopping threads took: 0.0011490 seconds
64.620: Application time: 0.0372690 seconds
64.621: [GC [PSYoungGen: 48624K->6544K(48640K)] 157791K->115727K(159744K), 0.0019780 secs] [Times: user=0.01 sys=0.00, real=0.00 secs] 
64.623: Total time for which application threads were stopped: 0.0033110 seconds, Stopping threads took: 0.0012590 seconds
64.660: Application time: 0.0372490 seconds
64.662: [GC [PSYoungGen: 48528K->6656K(48640K)] 157711K->116975K(159744K), 0.0023780 secs] [Times: user=0.01 sys=0.00, real=0.01 secs] 
64.665: [Full GC [PSYoungGen: 6656K->0K(48640K)] [ParOldGen: 110319K->10364K(111104K)] 116975K->10364K(159744K) [PSPermGen: 5146K->5146K(21504K)], 0.0070410 secs] [Times: user=0.03 sys=0.00, real=0.01 secs] 
64.672: Total time for which application threads were stopped: 0.0115950 seconds, Stopping threads took: 0.0020410 seconds
64.711: Application time: 0.0389400 seconds
64.713: [GC [PSYoungGen: 41984K->6416K(48640K)] 52348K->16780K(159744K), 0.0018560 secs] [Times: user=0.01 sys=0.00, real=0.00 secs] 
64.715: Total time for which application threads were stopped: 0.0042960 seconds, Stopping threads took: 0.0023470 seconds
64.754: Application time: 0.0384270 seconds
64.755: [GC [PSYoungGen: 48400K->6640K(48640K)] 58764K->17860K(159744K), 0.0021650 secs] [Times: user=0.01 sys=0.00, real=0.00 secs] 
64.757: Total time for which application threads were stopped: 0.0035990 seconds, Stopping threads took: 0.0013490 seconds
64.795: Application time: 0.0376170 seconds
64.796: [GC [PSYoungGen: 48624K->6640K(48640K)] 59844K->17988K(159744K), 0.0019690 secs] [Times: user=0.01 sys=0.00, real=0.00 secs] 
64.798: Total time for which application threads were stopped: 0.0033750 seconds, Stopping threads took: 0.0013280 seconds
64.835: Application time: 0.0368690 seconds
64.837: [GC [PSYoungGen: 48624K->6640K(48640K)] 59972K->18588K(159744K), 0.0021760 secs] [Times: user=0.01 sys=0.00, real=0.00 secs] 
64.839: Total time for which application threads were stopped: 0.0038740 seconds, Stopping threads took: 0.0016210 seconds
64.877: Application time: 0.0385020 seconds
64.879: [GC [PSYoungGen: 48624K->6640K(48640K)] 60572K->19304K(159744K), 0.0022120 secs] [Times: user=0.01 sys=0.00, real=0.00 secs] 
64.881: Total time for which application threads were stopped: 0.0033900 seconds, Stopping threads took: 0.0010870 seconds
64.918: Application time: 0.0372970 seconds
64.920: [GC [PSYoungGen: 48624K->6640K(48640K)] 61288K->20248K(159744K), 0.0022880 secs] [Times: user=0.01 sys=0.00, real=0.00 secs] 
64.922: Total time for which application threads were stopped: 0.0040090 seconds, Stopping threads took: 0.0016390 seconds
64.959: Application time: 0.0372900 seconds
64.961: [GC [PSYoungGen: 48624K->6400K(48640K)] 62232K->20008K(159744K), 0.0018310 secs] [Times: user=0.01 sys=0.00, real=0.00 secs] 
64.962: Total time for which application threads were stopped: 0.0030200 seconds, Stopping threads took: 0.0011130 seconds
65.000: Application time: 0.0371780 seconds
65.001: [GC [PSYoungGen: 48384K->6640K(48640K)] 61992K->21788K(159744K), 0.0024210 secs] [Times: user=0.02 sys=0.00, real=0.01 secs] 
65.004: Total time for which application threads were stopped: 0.0041320 seconds, Stopping threads took: 0.0016300 seconds
65.042: Application time: 0.0379830 seconds
65.043: [GC [PSYoungGen: 48624K->6640K(48640K)] 63772K->22116K(159744K), 0.0020770 secs] [Times: user=0.01 sys=0.00, real=0.00 secs] 
65.046: Total time for which application threads were stopped: 0.0038770 seconds, Stopping threads took: 0.0017200 seconds
65.082: Application time: 0.0362890 seconds
65.083: [GC [PSYoungGen: 48624K->6640K(48640K)] 64100K->23304K(159744K), 0.0024270 secs] [Times: user=0.01 sys=0.00, real=0.00 secs] 
65.086: Total time for which application threads were stopped: 0.0039350 seconds, Stopping threads took: 0.0014290 seconds
65.124: Application time: 0.0381010 seconds
65.126: [GC [PSYoungGen: 48624K->6624K(48640K)] 65288K->23368K(159744K), 0.0019720 secs] [Times: user=0.01 sys=0.00, real=0.00 secs] 
65.128: Total time for which application threads were stopped: 0.0037480 seconds, Stopping threads took: 0.0017000 seconds
65.167: Application time: 0.0394470 seconds
65.169: [GC [PSYoungGen: 48608K->6624K(48640K)] 65352K->24360K(159744K), 0.0022050 secs] [Times: user=0.02 sys=0.00, real=0.00 secs] 
65.171: Total time for which application threads were stopped: 0.0038190 seconds, Stopping threads took: 0.0015350 seconds
65.209: Application time: 0.0384290 seconds
65.211: [GC [PSYoungGen: 48608K->6624K(48640K)] 66344K->24836K(159744K), 0.0021370 secs] [Times: user=0.01 sys=0.00, real=0.01 secs] 
65.213: Total time for which application threads were stopped: 0.0037380 seconds, Stopping threads took: 0.0015230 seconds
65.252: Application time: 0.0387370 seconds
65.253: [GC [PSYoungGen: 48608K->6640K(48640K)] 66820K->25156K(159744K), 0.0020940 secs] [Times: user=0.01 sys=0.01, real=0.00 secs] 
65.255: Total time for which application threads were stopped: 0.0034990 seconds, Stopping threads took: 0.0013160 seconds
65.296: Application time: 0.0405310 seconds
65.298: [GC [PSYoungGen: 48624K->6640K(48640K)] 67140K->25276K(159744K), 0.0020640 secs] [Times: user=0.01 sys=0.00, real=0.00 secs] 
65.300: Total time for which application threads were stopped: 0.0043420 seconds, Stopping threads took: 0.0021990 seconds
65.338: Application time: 0.0379280 seconds
65.341: [GC [PSYoungGen: 48624K->6640K(48640K)] 67260K->26708K(159744K), 0.0024240 secs] [Times: user=0.02 sys=0.00, real=0.01 secs] 
65.343: Total time for which application threads were stopped: 0.0051080 seconds, Stopping threads took: 0.0025990 seconds
65.383: Application time: 0.0395600 seconds
65.384: [GC [PSYoungGen: 48624K->6640K(48640K)] 68692K->27244K(159744K), 0.0021040 secs] [Times: user=0.02 sys=0.00, real=0.00 secs] 
65.387: Total time for which application threads were stopped: 0.0037160 seconds, Stopping threads took: 0.0015290 seconds
65.426: Application time: 0.0393860 seconds
65.427: [GC [PSYoungGen: 48624K->6640K(48640K)] 69228K->27244K(159744K), 0.0019600 secs] [Times: user=0.01 sys=0.00, real=0.00 secs] 
65.429: Total time for which application threads were stopped: 0.0033020 seconds, Stopping threads took: 0.0012630 seconds
65.469: Application time: 0.0401240 seconds
65.472: [GC [PSYoungGen: 48624K->6656K(48640K)] 69228K->27476K(159744K), 0.0019910 secs] [Times: user=0.02 sys=0.00, real=0.00 secs] 
65.474: Total time for which application threads were stopped: 0.0041730 seconds, Stopping threads took: 0.0020960 seconds
65.514: Application time: 0.0400270 seconds
65.515: [GC [PSYoungGen: 48640K->6656K(48640K)] 69460K->27564K(159744K), 0.0020690 secs] [Times: user=0.01 sys=0.00, real=0.00 secs] 
65.517: Total time for which application threads were stopped: 0.0033170 seconds, Stopping threads took: 0.0011690 seconds
65.559: Application time: 0.0417340 seconds
65.560: [GC [PSYoungGen: 48640K->5536K(48640K)] 69548K->26452K(159744K), 0.0017450 secs] [Times: user=0.01 sys=0.00, real=0.00 secs] 
65.562: Total time for which application threads were stopped: 0.0034950 seconds, Stopping threads took: 0.0016720 seconds
65.604: Application time: 0.0414600 seconds
65.605: [GC [PSYoungGen: 47520K->5872K(48640K)] 68436K->26796K(159744K), 0.0018530 secs] [Times: user=0.01 sys=0.00, real=0.00 secs] 
65.607: Total time for which application threads were stopped: 0.0033130 seconds, Stopping threads took: 0.0013860 seconds
65.648: Application time: 0.0405840 seconds
65.649: [GC [PSYoungGen: 47856K->6176K(48640K)] 68780K->27100K(159744K), 0.0018940 secs] [Times: user=0.01 sys=0.00, real=0.01 secs] 
65.651: Total time for which application threads were stopped: 0.0037340 seconds, Stopping threads took: 0.0017630 seconds
65.692: Application time: 0.0410760 seconds
65.694: [GC [PSYoungGen: 48160K->5072K(48640K)] 69084K->26012K(159744K), 0.0015210 secs] [Times: user=0.01 sys=0.00, real=0.00 secs] 
65.696: Total time for which application threads were stopped: 0.0036120 seconds, Stopping threads took: 0.0020150 seconds
65.736: Application time: 0.0401480 seconds
65.738: [GC [PSYoungGen: 47056K->6512K(48640K)] 67996K->27468K(159744K), 0.0019000 secs] [Times: user=0.02 sys=0.00, real=0.00 secs] 
65.740: Total time for which application threads were stopped: 0.0037730 seconds, Stopping threads took: 0.0017950 seconds
65.781: Application time: 0.0413160 seconds
65.782: [GC [PSYoungGen: 48496K->5520K(48640K)] 69452K->26492K(159744K), 0.0016580 secs] [Times: user=0.01 sys=0.00, real=0.01 secs] 
65.784: Total time for which application threads were stopped: 0.0029220 seconds, Stopping threads took: 0.0011760 seconds
65.823: Application time: 0.0388060 seconds
65.825: [GC [PSYoungGen: 47504K->6640K(48640K)] 68476K->28564K(159744K), 0.0022320 secs] [Times: user=0.02 sys=0.00, real=0.00 secs] 
65.827: Total time for which application threads were stopped: 0.0044130 seconds, Stopping threads took: 0.0020940 seconds
65.867: Application time: 0.0400760 seconds
65.870: [GC [PSYoungGen: 48624K->6064K(48640K)] 70548K->27988K(159744K), 0.0018550 secs] [Times: user=0.01 sys=0.00, real=0.01 secs] 
65.872: Total time for which application threads were stopped: 0.0041280 seconds, Stopping threads took: 0.0021930 seconds
65.913: Application time: 0.0418750 seconds
65.915: [GC [PSYoungGen: 48048K->6048K(48640K)] 69972K->27980K(159744K), 0.0018420 secs] [Times: user=0.01 sys=0.00, real=0.00 secs] 
65.917: Total time for which application threads were stopped: 0.0032380 seconds, Stopping threads took: 0.0013200 seconds
65.957: Application time: 0.0404600 seconds
65.958: [GC [PSYoungGen: 48032K->5600K(48640K)] 69964K->27540K(159744K), 0.0016760 secs] [Times: user=0.01 sys=0.00, real=0.00 secs] 
65.960: Total time for which application threads were stopped: 0.0029740 seconds, Stopping threads took: 0.0012240 seconds
66.000: Application time: 0.0402360 seconds
66.002: [GC [PSYoungGen: 47584K->6224K(48640K)] 69524K->28164K(159744K), 0.0018100 secs] [Times: user=0.01 sys=0.00, real=0.01 secs] 
66.004: Total time for which application threads were stopped: 0.0034320 seconds, Stopping threads took: 0.0015390 seconds
66.046: Application time: 0.0421060 seconds
66.048: [GC [PSYoungGen: 48208K->6560K(48640K)] 70148K->28500K(159744K), 0.0019660 secs] [Times: user=0.02 sys=0.00, real=0.00 secs] 
66.050: Total time for which application threads were stopped: 0.0037570 seconds, Stopping threads took: 0.0017110 seconds
66.089: Application time: 0.0389940 seconds
66.091: [GC [PSYoungGen: 48544K->6640K(48640K)] 70484K->28764K(159744K), 0.0020340 secs] [Times: user=0.02 sys=0.00, real=0.01 secs] 
66.093: Total time for which application threads were stopped: 0.0040970 seconds, Stopping threads took: 0.0019780 seconds
66.133: Application time: 0.0400260 seconds
66.135: [GC [PSYoungGen: 48624K->6656K(48640K)] 70748K->29188K(159744K), 0.0020890 secs] [Times: user=0.01 sys=0.00, real=0.00 secs] 
66.137: Total time for which application threads were stopped: 0.0042050 seconds, Stopping threads took: 0.0020280 seconds
66.177: Application time: 0.0401840 seconds
66.178: [GC [PSYoungGen: 48640K->6624K(48640K)] 71172K->29276K(159744K), 0.0020220 secs] [Times: user=0.01 sys=0.00, real=0.00 secs] 
66.180: Total time for which application threads were stopped: 0.0033060 seconds, Stopping threads took: 0.0012060 seconds
66.221: Application time: 0.0410300 seconds
66.223: [GC [PSYoungGen: 48608K->5616K(48640K)] 71260K->28284K(159744K), 0.0017020 secs] [Times: user=0.01 sys=0.00, real=0.00 secs] 
66.225: Total time for which application threads were stopped: 0.0036630 seconds, Stopping threads took: 0.0018830 seconds
66.263: Application time: 0.0381440 seconds
66.265: [GC [PSYoungGen: 47600K->6656K(48640K)] 70268K->30412K(159744K), 0.0023070 secs] [Times: user=0.01 sys=0.00, real=0.00 secs] 
66.268: Total time for which application threads were stopped: 0.0044620 seconds, Stopping threads took: 0.0020730 seconds
66.308: Application time: 0.0402350 seconds
66.310: [GC [PSYoungGen: 48640K->5088K(48640K)] 72396K->28852K(159744K), 0.0015390 secs] [Times: user=0.00 sys=0.01, real=0.01 secs] 
66.311: Total time for which application threads were stopped: 0.0034230 seconds, Stopping threads took: 0.0017970 seconds
66.352: Application time: 0.0401250 seconds
66.355: [GC [PSYoungGen: 47072K->6064K(48640K)] 70836K->29828K(159744K), 0.0017470 secs] [Times: user=0.01 sys=0.00, real=0.00 secs] 
66.356: Total time for which application threads were stopped: 0.0048810 seconds, Stopping threads took: 0.0030600 seconds
66.396: Application time: 0.0396290 seconds
66.398: [GC [PSYoungGen: 48048K->6656K(48640K)] 71812K->30668K(159744K), 0.0020690 secs] [Times: user=0.02 sys=0.00, real=0.00 secs] 
66.400: Total time for which application threads were stopped: 0.0042930 seconds, Stopping threads took: 0.0021410 seconds
66.440: Application time: 0.0392050 seconds
66.442: [GC [PSYoungGen: 48640K->6656K(48640K)] 72652K->31156K(159744K), 0.0021100 secs] [Times: user=0.01 sys=0.00, real=0.01 secs] 
66.444: Total time for which application threads were stopped: 0.0042630 seconds, Stopping threads took: 0.0020700 seconds
66.484: Application time: 0.0401660 seconds
66.486: [GC [PSYoungGen: 48640K->6144K(48640K)] 73140K->30652K(159744K), 0.0018490 secs] [Times: user=0.01 sys=0.00, real=0.00 secs] 
66.488: Total time for which application threads were stopped: 0.0035180 seconds, Stopping threads took: 0.0015900 seconds
66.529: Application time: 0.0410410 seconds
66.529: [GC [PSYoungGen: 48128K->5392K(48640K)] 72636K->29900K(159744K), 0.0016280 secs] [Times: user=0.02 sys=0.00, real=0.00 secs] 
66.531: Total time for which application threads were stopped: 0.0024110 seconds, Stopping threads took: 0.0007140 seconds
66.572: Application time: 0.0409730 seconds
66.573: [GC [PSYoungGen: 47376K->6624K(48640K)] 71884K->31140K(159744K), 0.0020530 secs] [Times: user=0.01 sys=0.00, real=0.00 secs] 
66.575: Total time for which application threads were stopped: 0.0031520 seconds, Stopping threads took: 0.0010120 seconds
66.615: Application time: 0.0399190 seconds
66.617: [GC [PSYoungGen: 48608K->6608K(48640K)] 73124K->31124K(159744K), 0.0021540 secs] [Times: user=0.02 sys=0.00, real=0.00 secs] 
66.619: Total time for which application threads were stopped: 0.0043190 seconds, Stopping threads took: 0.0020820 seconds
66.659: Application time: 0.0394440 seconds
66.662: [GC [PSYoungGen: 48592K->6640K(48640K)] 73108K->31348K(159744K), 0.0020260 secs] [Times: user=0.01 sys=0.00, real=0.01 secs] 
66.664: Total time for which application threads were stopped: 0.0047770 seconds, Stopping threads took: 0.0026620 seconds
66.705: Application time: 0.0409740 seconds
66.706: [GC [PSYoungGen: 48624K->5536K(48640K)] 73332K->30244K(159744K), 0.0016430 secs] [Times: user=0.01 sys=0.00, real=0.00 secs] 
66.708: Total time for which application threads were stopped: 0.0033120 seconds, Stopping threads took: 0.0015910 seconds
66.749: Application time: 0.0408680 seconds
66.750: [GC [PSYoungGen: 47520K->6640K(48640K)] 72228K->31548K(159744K), 0.0020390 secs] [Times: user=0.02 sys=0.00, real=0.01 secs] 
66.752: Total time for which application threads were stopped: 0.0036040 seconds, Stopping threads took: 0.0014870 seconds
66.793: Application time: 0.0407000 seconds
66.794: [GC [PSYoungGen: 48624K->6496K(48640K)] 73532K->31412K(159744K), 0.0018990 secs] [Times: user=0.01 sys=0.00, real=0.00 secs] 
66.796: Total time for which application threads were stopped: 0.0033310 seconds, Stopping threads took: 0.0013480 seconds
66.836: Application time: 0.0395920 seconds
66.838: [GC [PSYoungGen: 48479K->6640K(48640K)] 73396K->32220K(159744K), 0.0021970 secs] [Times: user=0.02 sys=0.00, real=0.00 secs] 
66.840: Total time for which application threads were stopped: 0.0041040 seconds, Stopping threads took: 0.0018150 seconds
66.881: Application time: 0.0411510 seconds
66.883: [GC [PSYoungGen: 48624K->6656K(48640K)] 74204K->32236K(159744K), 0.0020460 secs] [Times: user=0.01 sys=0.00, real=0.01 secs] 
66.885: Total time for which application threads were stopped: 0.0035090 seconds, Stopping threads took: 0.0013840 seconds
66.925: Application time: 0.0403970 seconds
66.926: [GC [PSYoungGen: 48640K->5920K(48640K)] 74220K->31500K(159744K), 0.0019020 secs] [Times: user=0.01 sys=0.00, real=0.00 secs] 
66.928: Total time for which application threads were stopped: 0.0030500 seconds, Stopping threads took: 0.0010700 seconds
66.968: Application time: 0.0402590 seconds
66.971: [GC [PSYoungGen: 47904K->6368K(48640K)] 73484K->31948K(159744K), 0.0105110 secs] [Times: user=0.08 sys=0.00, real=0.01 secs] 
66.981: Total time for which application threads were stopped: 0.0126920 seconds, Stopping threads took: 0.0020990 seconds
67.023: Application time: 0.0415500 seconds
67.024: [GC [PSYoungGen: 48352K->6160K(48640K)] 73932K->31764K(159744K), 0.0018860 secs] [Times: user=0.02 sys=0.00, real=0.00 secs] 
67.026: Total time for which application threads were stopped: 0.0036100 seconds, Stopping threads took: 0.0016440 seconds
67.067: Application time: 0.0410420 seconds
67.070: [GC [PSYoungGen: 48142K->5328K(48640K)] 73746K->30932K(159744K), 0.0015990 secs] [Times: user=0.02 sys=0.00, real=0.01 secs] 
67.072: Total time for which application threads were stopped: 0.0047000 seconds, Stopping threads took: 0.0030240 seconds
67.113: Application time: 0.0410780 seconds
67.116: [GC [PSYoungGen: 47312K->6656K(48640K)] 72916K->32260K(159744K), 0.0020370 secs] [Times: user=0.02 sys=0.00, real=0.00 secs] 
67.119: Total time for which application threads were stopped: 0.0053670 seconds, Stopping threads took: 0.0032500 seconds
67.160: Application time: 0.0413000 seconds
67.162: [GC [PSYoungGen: 48640K->5472K(48640K)] 74244K->31076K(159744K), 0.0016330 secs] [Times: user=0.01 sys=0.00, real=0.01 secs] 
67.164: Total time for which application threads were stopped: 0.0037660 seconds, Stopping threads took: 0.0020530 seconds
67.203: Application time: 0.0389180 seconds
67.205: [GC [PSYoungGen: 47456K->6640K(48640K)] 73060K->33484K(159744K), 0.0023350 secs] [Times: user=0.02 sys=0.00, real=0.00 secs] 
67.207: Total time for which application threads were stopped: 0.0044400 seconds, Stopping threads took: 0.0020260 seconds
67.247: Application time: 0.0402910 seconds
67.249: [GC [PSYoungGen: 48624K->6352K(48640K)] 75468K->33204K(159744K), 0.0018270 secs] [Times: user=0.01 sys=0.00, real=0.00 secs] 
67.251: Total time for which application threads were stopped: 0.0036200 seconds, Stopping threads took: 0.0017150 seconds
67.291: Application time: 0.0405820 seconds
67.292: [GC [PSYoungGen: 48336K->6624K(48640K)] 75188K->33628K(159744K), 0.0020100 secs] [Times: user=0.01 sys=0.00, real=0.00 secs] 
67.294: Total time for which application threads were stopped: 0.0029530 seconds, Stopping threads took: 0.0008670 seconds
67.335: Application time: 0.0410140 seconds
67.337: [GC [PSYoungGen: 48608K->5312K(48640K)] 75612K->32316K(159744K), 0.0016080 secs] [Times: user=0.01 sys=0.00, real=0.00 secs] 
67.338: Total time for which application threads were stopped: 0.0027900 seconds, Stopping threads took: 0.0011020 seconds
67.378: Application time: 0.0393090 seconds
67.380: [GC [PSYoungGen: 47296K->6656K(48640K)] 74300K->34692K(159744K), 0.0023270 secs] [Times: user=0.02 sys=0.00, real=0.00 secs] 
67.383: Total time for which application threads were stopped: 0.0052370 seconds, Stopping threads took: 0.0028150 seconds
67.422: Application time: 0.0391080 seconds
67.423: [GC [PSYoungGen: 48640K->6624K(48640K)] 76676K->34676K(159744K), 0.0019530 secs] [Times: user=0.01 sys=0.00, real=0.00 secs] 
67.425: Total time for which application threads were stopped: 0.0033980 seconds, Stopping threads took: 0.0013660 seconds
67.464: Application time: 0.0383180 seconds
67.466: [GC [PSYoungGen: 48608K->6656K(48640K)] 76660K->36356K(159744K), 0.0025320 secs] [Times: user=0.02 sys=0.00, real=0.00 secs] 
67.469: Total time for which application threads were stopped: 0.0049370 seconds, Stopping threads took: 0.0023180 seconds
67.508: Application time: 0.0398860 seconds
67.511: [GC [PSYoungGen: 48640K->6640K(48640K)] 78340K->37300K(159744K), 0.0022640 secs] [Times: user=0.01 sys=0.00, real=0.01 secs] 
67.513: Total time for which application threads were stopped: 0.0048440 seconds, Stopping threads took: 0.0024970 seconds
67.553: Application time: 0.0399260 seconds
67.555: [GC [PSYoungGen: 48624K->6656K(48640K)] 79284K->37316K(159744K), 0.0020800 secs] [Times: user=0.01 sys=0.00, real=0.00 secs] 
67.557: Total time for which application threads were stopped: 0.0036580 seconds, Stopping threads took: 0.0014970 seconds
67.598: Application time: 0.0409490 seconds
67.603: [GC [PSYoungGen: 48640K->6048K(48640K)] 79300K->36724K(159744K), 0.0018880 secs] [Times: user=0.01 sys=0.00, real=0.00 secs] 
67.605: Total time for which application threads were stopped: 0.0073820 seconds, Stopping threads took: 0.0054100 seconds
67.645: Application time: 0.0402050 seconds
67.648: [GC [PSYoungGen: 48032K->5072K(48640K)] 78708K->35748K(159744K), 0.0017430 secs] [Times: user=0.01 sys=0.00, real=0.00 secs] 
67.650: Total time for which application threads were stopped: 0.0043330 seconds, Stopping threads took: 0.0024990 seconds
67.692: Application time: 0.0423560 seconds
67.694: [GC [PSYoungGen: 47056K->5568K(48640K)] 77732K->36244K(159744K), 0.0017890 secs] [Times: user=0.01 sys=0.00, real=0.00 secs] 
67.695: Total time for which application threads were stopped: 0.0032840 seconds, Stopping threads took: 0.0014210 seconds
67.737: Application time: 0.0412620 seconds
67.738: [GC [PSYoungGen: 47552K->4880K(48640K)] 78228K->35564K(159744K), 0.0015500 secs] [Times: user=0.01 sys=0.00, real=0.00 secs] 
67.740: Total time for which application threads were stopped: 0.0028980 seconds, Stopping threads took: 0.0012760 seconds
67.781: Application time: 0.0417430 seconds
67.783: [GC [PSYoungGen: 46864K->5792K(48640K)] 77548K->36492K(159744K), 0.0018250 secs] [Times: user=0.01 sys=0.00, real=0.01 secs] 
67.785: Total time for which application threads were stopped: 0.0035320 seconds, Stopping threads took: 0.0016270 seconds
67.826: Application time: 0.0413540 seconds
67.828: [GC [PSYoungGen: 47776K->6192K(48640K)] 78476K->36892K(159744K), 0.0018060 secs] [Times: user=0.02 sys=0.00, real=0.00 secs] 
67.830: Total time for which application threads were stopped: 0.0040740 seconds, Stopping threads took: 0.0021910 seconds
67.872: Application time: 0.0421810 seconds
67.875: [GC [PSYoungGen: 48176K->5824K(48640K)] 78876K->36524K(159744K), 0.0017300 secs] [Times: user=0.00 sys=0.01, real=0.00 secs] 
67.876: Total time for which application threads were stopped: 0.0040210 seconds, Stopping threads took: 0.0022090 seconds
67.918: Application time: 0.0412080 seconds
67.920: [GC [PSYoungGen: 47808K->5712K(48640K)] 78508K->36420K(159744K), 0.0017000 secs] [Times: user=0.01 sys=0.00, real=0.00 secs] 
67.921: Total time for which application threads were stopped: 0.0036300 seconds, Stopping threads took: 0.0018500 seconds
67.962: Application time: 0.0402780 seconds
67.964: [GC [PSYoungGen: 47696K->6624K(48640K)] 78404K->37740K(159744K), 0.0021280 secs] [Times: user=0.02 sys=0.00, real=0.00 secs] 
67.966: Total time for which application threads were stopped: 0.0042710 seconds, Stopping threads took: 0.0020600 seconds
68.005: Application time: 0.0395020 seconds
68.007: [GC [PSYoungGen: 48608K->6640K(48640K)] 79724K->38860K(159744K), 0.0024200 secs] [Times: user=0.01 sys=0.00, real=0.00 secs] 
68.010: Total time for which application threads were stopped: 0.0041670 seconds, Stopping threads took: 0.0016580 seconds
68.050: Application time: 0.0403360 seconds
68.052: [GC [PSYoungGen: 48624K->6640K(48640K)] 80844K->39316K(159744K), 0.0021160 secs] [Times: user=0.02 sys=0.00, real=0.00 secs] 
68.054: Total time for which application threads were stopped: 0.0040800 seconds, Stopping threads took: 0.0018790 seconds
68.094: Application time: 0.0401120 seconds
68.096: [GC [PSYoungGen: 48624K->6640K(48640K)] 81300K->39580K(159744K), 0.0021710 secs] [Times: user=0.02 sys=0.00, real=0.00 secs] 
68.099: Total time for which application threads were stopped: 0.0045690 seconds, Stopping threads took: 0.0022960 seconds
68.137: Application time: 0.0384430 seconds
68.139: [GC [PSYoungGen: 48624K->6640K(48640K)] 81564K->39740K(159744K), 0.0020560 secs] [Times: user=0.02 sys=0.00, real=0.00 secs] 
68.141: Total time for which application threads were stopped: 0.0038060 seconds, Stopping threads took: 0.0016460 seconds
68.179: Application time: 0.0384700 seconds
68.182: [GC [PSYoungGen: 48624K->6640K(48640K)] 81724K->41228K(159744K), 0.0024240 secs] [Times: user=0.01 sys=0.00, real=0.01 secs] 
68.184: Total time for which application threads were stopped: 0.0048010 seconds, Stopping threads took: 0.0022920 seconds
68.226: Application time: 0.0416600 seconds
68.228: [GC [PSYoungGen: 48624K->4960K(48640K)] 83212K->39549K(159744K), 0.0015740 secs] [Times: user=0.01 sys=0.00, real=0.00 secs] 
68.230: Total time for which application threads were stopped: 0.0041860 seconds, Stopping threads took: 0.0025380 seconds
68.270: Application time: 0.0401110 seconds
68.272: [GC [PSYoungGen: 46944K->6384K(48640K)] 81533K->40972K(159744K), 0.0019340 secs] [Times: user=0.02 sys=0.00, real=0.00 secs] 
68.274: Total time for which application threads were stopped: 0.0040540 seconds, Stopping threads took: 0.0020450 seconds
68.313: Application time: 0.0387770 seconds
68.315: [GC [PSYoungGen: 48368K->6640K(48640K)] 82956K->41861K(159744K), 0.0021460 secs] [Times: user=0.02 sys=0.00, real=0.00 secs] 
68.317: Total time for which application threads were stopped: 0.0040610 seconds, Stopping threads took: 0.0018260 seconds
68.356: Application time: 0.0391040 seconds
68.358: [GC [PSYoungGen: 48624K->6656K(48640K)] 83845K->42657K(159744K), 0.0022030 secs] [Times: user=0.02 sys=0.00, real=0.00 secs] 
68.361: Total time for which application threads were stopped: 0.0043980 seconds, Stopping threads took: 0.0021100 seconds
68.401: Application time: 0.0402470 seconds
68.404: [GC [PSYoungGen: 48640K->6016K(48640K)] 84641K->42017K(159744K), 0.0017890 secs] [Times: user=0.01 sys=0.00, real=0.00 secs] 
68.405: Total time for which application threads were stopped: 0.0046510 seconds, Stopping threads took: 0.0027850 seconds
68.447: Application time: 0.0412090 seconds
68.448: [GC [PSYoungGen: 48000K->6416K(48640K)] 84001K->42425K(159744K), 0.0019150 secs] [Times: user=0.02 sys=0.00, real=0.00 secs] 
68.450: Total time for which application threads were stopped: 0.0030900 seconds, Stopping threads took: 0.0010890 seconds
68.490: Application time: 0.0406930 seconds
68.492: [GC [PSYoungGen: 48400K->5360K(48640K)] 84409K->41377K(159744K), 0.0018660 secs] [Times: user=0.01 sys=0.00, real=0.00 secs] 
68.494: Total time for which application threads were stopped: 0.0037430 seconds, Stopping threads took: 0.0017870 seconds
68.533: Application time: 0.0391260 seconds
68.536: [GC [PSYoungGen: 47344K->6640K(48640K)] 83361K->43137K(159744K), 0.0020810 secs] [Times: user=0.02 sys=0.00, real=0.00 secs] 
68.538: Total time for which application threads were stopped: 0.0043850 seconds, Stopping threads took: 0.0022200 seconds
68.579: Application time: 0.0411440 seconds
68.581: [GC [PSYoungGen: 48624K->6608K(48640K)] 85121K->43105K(159744K), 0.0019220 secs] [Times: user=0.01 sys=0.00, real=0.00 secs] 
68.583: Total time for which application threads were stopped: 0.0041020 seconds, Stopping threads took: 0.0020960 seconds
68.624: Application time: 0.0413080 seconds
68.626: [GC [PSYoungGen: 48592K->6464K(48640K)] 85089K->42961K(159744K), 0.0020610 secs] [Times: user=0.02 sys=0.00, real=0.00 secs] 
68.628: Total time for which application threads were stopped: 0.0041480 seconds, Stopping threads took: 0.0020040 seconds
68.667: Application time: 0.0384580 seconds
68.669: [GC [PSYoungGen: 48448K->6640K(48640K)] 84945K->44185K(159744K), 0.0023300 secs] [Times: user=0.01 sys=0.01, real=0.01 secs] 
68.671: Total time for which application threads were stopped: 0.0045250 seconds, Stopping threads took: 0.0021110 seconds
68.711: Application time: 0.0395950 seconds
68.713: [GC [PSYoungGen: 48623K->6624K(48640K)] 86168K->44177K(159744K), 0.0019660 secs] [Times: user=0.01 sys=0.00, real=0.00 secs] 
68.715: Total time for which application threads were stopped: 0.0042520 seconds, Stopping threads took: 0.0022030 seconds
68.754: Application time: 0.0386390 seconds
68.756: [GC [PSYoungGen: 48608K->6656K(48640K)] 86161K->45241K(159744K), 0.0023070 secs] [Times: user=0.02 sys=0.00, real=0.00 secs] 
68.758: Total time for which application threads were stopped: 0.0044590 seconds, Stopping threads took: 0.0020640 seconds
68.798: Application time: 0.0401090 seconds
68.800: [GC [PSYoungGen: 48640K->6656K(48640K)] 87225K->45513K(159744K), 0.0025080 secs] [Times: user=0.01 sys=0.00, real=0.00 secs] 
68.803: Total time for which application threads were stopped: 0.0045780 seconds, Stopping threads took: 0.0019820 seconds
68.843: Application time: 0.0401200 seconds
68.845: [GC [PSYoungGen: 48640K->6368K(48640K)] 87497K->45233K(159744K), 0.0018780 secs] [Times: user=0.01 sys=0.00, real=0.00 secs] 
68.846: Total time for which application threads were stopped: 0.0032780 seconds, Stopping threads took: 0.0013220 seconds
68.886: Application time: 0.0395930 seconds
68.888: [GC [PSYoungGen: 48352K->6624K(48640K)] 87217K->46541K(159744K), 0.0022600 secs] [Times: user=0.01 sys=0.00, real=0.00 secs] 
68.890: Total time for which application threads were stopped: 0.0042120 seconds, Stopping threads took: 0.0018700 seconds
68.931: Application time: 0.0405800 seconds
68.932: [GC [PSYoungGen: 48608K->6656K(48640K)] 88525K->46645K(159744K), 0.0021130 secs] [Times: user=0.01 sys=0.00, real=0.00 secs] 
68.934: Total time for which application threads were stopped: 0.0033060 seconds, Stopping threads took: 0.0011040 seconds
68.975: Application time: 0.0407710 seconds
68.977: [GC [PSYoungGen: 48640K->6640K(48640K)] 88629K->47573K(159744K), 0.0022880 secs] [Times: user=0.01 sys=0.00, real=0.00 secs] 
68.979: Total time for which application threads were stopped: 0.0039510 seconds, Stopping threads took: 0.0015740 seconds
69.019: Application time: 0.0398920 seconds
69.023: [GC [PSYoungGen: 48624K->6048K(48640K)] 89557K->46989K(159744K), 0.0020720 secs] [Times: user=0.02 sys=0.00, real=0.00 secs] 
69.025: Total time for which application threads were stopped: 0.0067320 seconds, Stopping threads took: 0.0045600 seconds
69.066: Application time: 0.0406280 seconds
69.068: [GC [PSYoungGen: 48032K->5888K(48640K)] 88973K->46829K(159744K), 0.0018570 secs] [Times: user=0.01 sys=0.00, real=0.00 secs] 
69.069: Total time for which application threads were stopped: 0.0033540 seconds, Stopping threads took: 0.0013960 seconds
69.111: Application time: 0.0412660 seconds
69.112: [GC [PSYoungGen: 47872K->6624K(48640K)] 88813K->47573K(159744K), 0.0021430 secs] [Times: user=0.02 sys=0.00, real=0.00 secs] 
69.115: Total time for which application threads were stopped: 0.0037900 seconds, Stopping threads took: 0.0015640 seconds
69.156: Application time: 0.0410560 seconds
69.157: [GC [PSYoungGen: 48608K->5024K(48640K)] 89557K->45973K(159744K), 0.0016000 secs] [Times: user=0.01 sys=0.00, real=0.00 secs] 
69.159: Total time for which application threads were stopped: 0.0033920 seconds, Stopping threads took: 0.0017130 seconds
69.199: Application time: 0.0404190 seconds
69.201: [GC [PSYoungGen: 47008K->4576K(48640K)] 87957K->45525K(159744K), 0.0014820 secs] [Times: user=0.01 sys=0.00, real=0.00 secs] 
69.202: Total time for which application threads were stopped: 0.0030610 seconds, Stopping threads took: 0.0015070 seconds
69.244: Application time: 0.0413360 seconds
69.247: [GC [PSYoungGen: 46560K->5120K(48640K)] 87509K->46069K(159744K), 0.0015740 secs] [Times: user=0.02 sys=0.00, real=0.00 secs] 
69.248: Total time for which application threads were stopped: 0.0043530 seconds, Stopping threads took: 0.0027030 seconds
69.287: Application time: 0.0389330 seconds
69.289: [GC [PSYoungGen: 47104K->6640K(48640K)] 88053K->47637K(159744K), 0.0019900 secs] [Times: user=0.01 sys=0.00, real=0.01 secs] 
69.291: Total time for which application threads were stopped: 0.0043290 seconds, Stopping threads took: 0.0022600 seconds
69.329: Application time: 0.0373260 seconds
69.330: [GC [PSYoungGen: 48624K->6512K(48640K)] 89621K->47509K(159744K), 0.0022030 secs] [Times: user=0.02 sys=0.00, real=0.01 secs] 
69.333: Total time for which application threads were stopped: 0.0038320 seconds, Stopping threads took: 0.0015480 seconds
69.370: Application time: 0.0377690 seconds
69.372: [GC [PSYoungGen: 48496K->6624K(48640K)] 89493K->48309K(159744K), 0.0022500 secs] [Times: user=0.02 sys=0.00, real=0.00 secs] 
69.374: Total time for which application threads were stopped: 0.0034950 seconds, Stopping threads took: 0.0011660 seconds
69.412: Application time: 0.0381910 seconds
69.414: [GC [PSYoungGen: 48607K->5504K(48640K)] 90292K->47205K(159744K), 0.0016740 secs] [Times: user=0.01 sys=0.00, real=0.00 secs] 
69.416: Total time for which application threads were stopped: 0.0040970 seconds, Stopping threads took: 0.0023510 seconds
69.452: Application time: 0.0362500 seconds
69.454: [GC [PSYoungGen: 47488K->6640K(48640K)] 89189K->49001K(159744K), 0.0022060 secs] [Times: user=0.01 sys=0.00, real=0.00 secs] 
69.456: Total time for which application threads were stopped: 0.0040020 seconds, Stopping threads took: 0.0017140 seconds
69.495: Application time: 0.0385930 seconds
69.497: [GC [PSYoungGen: 48624K->5584K(48640K)] 90985K->47945K(159744K), 0.0017120 secs] [Times: user=0.01 sys=0.00, real=0.00 secs] 
69.498: Total time for which application threads were stopped: 0.0034250 seconds, Stopping threads took: 0.0016380 seconds
69.536: Application time: 0.0379070 seconds
69.538: [GC [PSYoungGen: 47568K->6400K(48640K)] 89929K->48777K(159744K), 0.0020610 secs] [Times: user=0.02 sys=0.00, real=0.00 secs] 
69.540: Total time for which application threads were stopped: 0.0034480 seconds, Stopping threads took: 0.0012970 seconds
69.577: Application time: 0.0373100 seconds
69.579: [GC [PSYoungGen: 48384K->6416K(48640K)] 90761K->48793K(159744K), 0.0020080 secs] [Times: user=0.00 sys=0.00, real=0.00 secs] 
69.581: Total time for which application threads were stopped: 0.0039970 seconds, Stopping threads took: 0.0019050 seconds
69.619: Application time: 0.0377300 seconds
69.621: [GC [PSYoungGen: 48400K->5376K(48640K)] 90777K->47753K(159744K), 0.0017470 secs] [Times: user=0.01 sys=0.00, real=0.00 secs] 
69.622: Total time for which application threads were stopped: 0.0034830 seconds, Stopping threads took: 0.0016630 seconds
69.661: Application time: 0.0388520 seconds
69.662: [GC [PSYoungGen: 47360K->5648K(48640K)] 89737K->48025K(159744K), 0.0017470 secs] [Times: user=0.02 sys=0.00, real=0.01 secs] 
69.663: Total time for which application threads were stopped: 0.0022520 seconds, Stopping threads took: 0.0004230 seconds
69.701: Application time: 0.0378220 seconds
69.702: [GC [PSYoungGen: 47632K->6512K(48640K)] 90009K->48889K(159744K), 0.0019780 secs] [Times: user=0.01 sys=0.00, real=0.01 secs] 
69.704: Total time for which application threads were stopped: 0.0031010 seconds, Stopping threads took: 0.0010460 seconds
69.742: Application time: 0.0372050 seconds
69.743: [GC [PSYoungGen: 48496K->6496K(48640K)] 90873K->48873K(159744K), 0.0019740 secs] [Times: user=0.01 sys=0.00, real=0.00 secs] 
69.745: Total time for which application threads were stopped: 0.0035710 seconds, Stopping threads took: 0.0015140 seconds
69.782: Application time: 0.0368230 seconds
69.784: [GC [PSYoungGen: 48480K->6640K(48640K)] 90857K->49185K(159744K), 0.0020180 secs] [Times: user=0.02 sys=0.00, real=0.00 secs] 
69.786: Total time for which application threads were stopped: 0.0038360 seconds, Stopping threads took: 0.0017380 seconds
69.823: Application time: 0.0376350 seconds
69.826: [GC [PSYoungGen: 48624K->6624K(48640K)] 91169K->50161K(159744K), 0.0023080 secs] [Times: user=0.02 sys=0.00, real=0.00 secs] 
69.828: Total time for which application threads were stopped: 0.0046720 seconds, Stopping threads took: 0.0022820 seconds
69.865: Application time: 0.0367120 seconds
69.867: [GC [PSYoungGen: 48608K->6640K(48640K)] 92145K->50433K(159744K), 0.0020640 secs] [Times: user=0.02 sys=0.00, real=0.00 secs] 
69.870: Total time for which application threads were stopped: 0.0047360 seconds, Stopping threads took: 0.0025860 seconds
69.906: Application time: 0.0363710 seconds
69.908: [GC [PSYoungGen: 48624K->6624K(48640K)] 92417K->51937K(159744K), 0.0024540 secs] [Times: user=0.02 sys=0.01, real=0.00 secs] 
69.910: Total time for which application threads were stopped: 0.0043140 seconds, Stopping threads took: 0.0017760 seconds
69.948: Application time: 0.0379960 seconds
69.950: [GC [PSYoungGen: 48608K->5456K(48640K)] 93921K->50777K(159744K), 0.0016680 secs] [Times: user=0.01 sys=0.00, real=0.01 secs] 
69.952: Total time for which application threads were stopped: 0.0033510 seconds, Stopping threads took: 0.0016090 seconds
69.990: Application time: 0.0380970 seconds
69.991: [GC [PSYoungGen: 47440K->6624K(48640K)] 92761K->53065K(159744K), 0.0022750 secs] [Times: user=0.02 sys=0.00, real=0.00 secs] 
69.994: Total time for which application threads were stopped: 0.0039320 seconds, Stopping threads took: 0.0015740 seconds
70.032: Application time: 0.0379520 seconds
70.033: [GC [PSYoungGen: 48608K->6512K(48640K)] 95049K->52961K(159744K), 0.0019040 secs] [Times: user=0.02 sys=0.00, real=0.00 secs] 
70.035: Total time for which application threads were stopped: 0.0036230 seconds, Stopping threads took: 0.0016310 seconds
70.074: Application time: 0.0386830 seconds
70.076: [GC [PSYoungGen: 48496K->6624K(48640K)] 94945K->53257K(159744K), 0.0020280 secs] [Times: user=0.02 sys=0.00, real=0.00 secs] 
70.078: Total time for which application threads were stopped: 0.0038070 seconds, Stopping threads took: 0.0016970 seconds
70.115: Application time: 0.0372710 seconds
70.116: [GC [PSYoungGen: 48608K->6176K(48640K)] 95241K->52809K(159744K), 0.0018990 secs] [Times: user=0.01 sys=0.00, real=0.00 secs] 
70.118: Total time for which application threads were stopped: 0.0030710 seconds, Stopping threads took: 0.0010990 seconds
70.156: Application time: 0.0375940 seconds
70.157: [GC [PSYoungGen: 48160K->6624K(48640K)] 94793K->54089K(159744K), 0.0021980 secs] [Times: user=0.02 sys=0.00, real=0.00 secs] 
70.159: Total time for which application threads were stopped: 0.0038100 seconds, Stopping threads took: 0.0015310 seconds
70.196: Application time: 0.0365540 seconds
70.198: [GC [PSYoungGen: 48608K->6640K(48640K)] 96073K->54585K(159744K), 0.0021790 secs] [Times: user=0.01 sys=0.00, real=0.00 secs] 
70.200: Total time for which application threads were stopped: 0.0037540 seconds, Stopping threads took: 0.0014960 seconds
70.238: Application time: 0.0377730 seconds
70.239: [GC [PSYoungGen: 48624K->6048K(48640K)] 96569K->53993K(159744K), 0.0019290 secs] [Times: user=0.00 sys=0.00, real=0.00 secs] 
70.241: Total time for which application threads were stopped: 0.0034280 seconds, Stopping threads took: 0.0014220 seconds
70.279: Application time: 0.0379880 seconds
70.281: [GC [PSYoungGen: 48032K->6352K(48640K)] 95977K->54305K(159744K), 0.0018710 secs] [Times: user=0.01 sys=0.00, real=0.00 secs] 
70.283: Total time for which application threads were stopped: 0.0038710 seconds, Stopping threads took: 0.0019250 seconds
70.321: Application time: 0.0382560 seconds
70.323: [GC [PSYoungGen: 48336K->6624K(48640K)] 96289K->54689K(159744K), 0.0020190 secs] [Times: user=0.01 sys=0.00, real=0.00 secs] 
70.325: Total time for which application threads were stopped: 0.0042530 seconds, Stopping threads took: 0.0021570 seconds
70.363: Application time: 0.0375050 seconds
70.367: [GC [PSYoungGen: 48608K->6640K(48640K)] 96673K->54705K(159744K), 0.0020740 secs] [Times: user=0.02 sys=0.00, real=0.00 secs] 
70.369: Total time for which application threads were stopped: 0.0065630 seconds, Stopping threads took: 0.0043860 seconds
70.408: Application time: 0.0382450 seconds
70.410: [GC [PSYoungGen: 48624K->6384K(48640K)] 96689K->54457K(159744K), 0.0018550 secs] [Times: user=0.01 sys=0.00, real=0.01 secs] 
70.412: Total time for which application threads were stopped: 0.0044410 seconds, Stopping threads took: 0.0025050 seconds
70.449: Application time: 0.0365000 seconds
70.451: [GC [PSYoungGen: 48368K->6656K(48640K)] 96441K->54761K(159744K), 0.0019630 secs] [Times: user=0.01 sys=0.00, real=0.01 secs] 
70.453: Total time for which application threads were stopped: 0.0039160 seconds, Stopping threads took: 0.0018730 seconds
70.490: Application time: 0.0374330 seconds
70.492: [GC [PSYoungGen: 48639K->6624K(48640K)] 96744K->54745K(159744K), 0.0020310 secs] [Times: user=0.01 sys=0.00, real=0.00 secs] 
70.494: Total time for which application threads were stopped: 0.0038420 seconds, Stopping threads took: 0.0017310 seconds
70.531: Application time: 0.0373110 seconds
70.533: [GC [PSYoungGen: 48608K->6640K(48640K)] 96729K->55169K(159744K), 0.0021090 secs] [Times: user=0.01 sys=0.00, real=0.00 secs] 
70.536: Total time for which application threads were stopped: 0.0044050 seconds, Stopping threads took: 0.0022150 seconds
70.573: Application time: 0.0374720 seconds
70.575: [GC [PSYoungGen: 48624K->6640K(48640K)] 97153K->55425K(159744K), 0.0020660 secs] [Times: user=0.02 sys=0.00, real=0.00 secs] 
70.577: Total time for which application threads were stopped: 0.0036010 seconds, Stopping threads took: 0.0014490 seconds
70.615: Application time: 0.0385350 seconds
70.617: [GC [PSYoungGen: 48624K->6640K(48640K)] 97409K->56049K(159744K), 0.0021540 secs] [Times: user=0.01 sys=0.00, real=0.00 secs] 
70.619: Total time for which application threads were stopped: 0.0041840 seconds, Stopping threads took: 0.0019510 seconds
70.658: Application time: 0.0387610 seconds
70.659: [GC [PSYoungGen: 48624K->5776K(48640K)] 98033K->55185K(159744K), 0.0017610 secs] [Times: user=0.01 sys=0.00, real=0.00 secs] 
70.661: Total time for which application threads were stopped: 0.0025560 seconds, Stopping threads took: 0.0007210 seconds
70.700: Application time: 0.0393600 seconds
70.701: [GC [PSYoungGen: 47760K->3744K(48640K)] 97169K->53153K(159744K), 0.0013330 secs] [Times: user=0.01 sys=0.00, real=0.00 secs] 
70.703: Total time for which application threads were stopped: 0.0026680 seconds, Stopping threads took: 0.0012720 seconds
70.742: Application time: 0.0388890 seconds
70.743: [GC [PSYoungGen: 45728K->6304K(48640K)] 95137K->55713K(159744K), 0.0019820 secs] [Times: user=0.01 sys=0.01, real=0.01 secs] 
70.745: Total time for which application threads were stopped: 0.0035290 seconds, Stopping threads took: 0.0014710 seconds
70.782: Application time: 0.0371600 seconds
70.784: [GC [PSYoungGen: 48288K->6624K(48640K)] 97697K->56445K(159744K), 0.0022090 secs] [Times: user=0.02 sys=0.00, real=0.00 secs] 
70.786: Total time for which application threads were stopped: 0.0036170 seconds, Stopping threads took: 0.0013270 seconds
70.825: Application time: 0.0387500 seconds
70.827: [GC [PSYoungGen: 48608K->6624K(48640K)] 98429K->56725K(159744K), 0.0021320 secs] [Times: user=0.02 sys=0.00, real=0.00 secs] 
70.829: Total time for which application threads were stopped: 0.0044660 seconds, Stopping threads took: 0.0022580 seconds
70.867: Application time: 0.0377220 seconds
70.869: [GC [PSYoungGen: 48608K->6640K(48640K)] 98709K->58269K(159744K), 0.0024510 secs] [Times: user=0.02 sys=0.00, real=0.01 secs] 
70.872: Total time for which application threads were stopped: 0.0051190 seconds, Stopping threads took: 0.0025860 seconds
70.911: Application time: 0.0387150 seconds
70.912: [GC [PSYoungGen: 48624K->6640K(48640K)] 100253K->59037K(159744K), 0.0021800 secs] [Times: user=0.02 sys=0.00, real=0.00 secs] 
70.914: Total time for which application threads were stopped: 0.0033390 seconds, Stopping threads took: 0.0010800 seconds
70.952: Application time: 0.0377840 seconds
70.953: [GC [PSYoungGen: 48624K->6656K(48640K)] 101021K->60029K(159744K), 0.0023330 secs] [Times: user=0.02 sys=0.00, real=0.00 secs] 
70.956: Total time for which application threads were stopped: 0.0037190 seconds, Stopping threads took: 0.0013020 seconds
70.993: Application time: 0.0378700 seconds
70.995: [GC [PSYoungGen: 48640K->6656K(48640K)] 102013K->60221K(159744K), 0.0020960 secs] [Times: user=0.01 sys=0.00, real=0.00 secs] 
70.997: Total time for which application threads were stopped: 0.0037640 seconds, Stopping threads took: 0.0015840 seconds
71.037: Application time: 0.0394080 seconds
71.038: [GC [PSYoungGen: 48640K->5056K(48640K)] 102205K->58629K(159744K), 0.0015820 secs] [Times: user=0.01 sys=0.00, real=0.00 secs] 
71.039: Total time for which application threads were stopped: 0.0026060 seconds, Stopping threads took: 0.0009510 seconds
71.078: Application time: 0.0391980 seconds
71.080: [GC [PSYoungGen: 47039K->4384K(48640K)] 100613K->57973K(159744K), 0.0014150 secs] [Times: user=0.01 sys=0.00, real=0.00 secs] 
71.081: Total time for which application threads were stopped: 0.0029110 seconds, Stopping threads took: 0.0014150 seconds
71.120: Application time: 0.0388900 seconds
71.122: [GC [PSYoungGen: 46368K->5248K(48640K)] 99957K->58837K(159744K), 0.0016790 secs] [Times: user=0.01 sys=0.00, real=0.01 secs] 
71.124: Total time for which application threads were stopped: 0.0033380 seconds, Stopping threads took: 0.0015850 seconds
71.163: Application time: 0.0396970 seconds
71.167: [GC [PSYoungGen: 47232K->5696K(48640K)] 100821K->59285K(159744K), 0.0017260 secs] [Times: user=0.01 sys=0.00, real=0.00 secs] 
71.169: Total time for which application threads were stopped: 0.0057720 seconds, Stopping threads took: 0.0039670 seconds
71.206: Application time: 0.0368050 seconds
71.207: [GC [PSYoungGen: 47680K->6656K(48640K)] 101269K->60653K(159744K), 0.0021500 secs] [Times: user=0.02 sys=0.00, real=0.00 secs] 
71.210: Total time for which application threads were stopped: 0.0037540 seconds, Stopping threads took: 0.0015210 seconds
71.247: Application time: 0.0372860 seconds
71.248: [GC [PSYoungGen: 48640K->6656K(48640K)] 102637K->60757K(159744K), 0.0020490 secs] [Times: user=0.01 sys=0.00, real=0.00 secs] 
71.250: Total time for which application threads were stopped: 0.0035660 seconds, Stopping threads took: 0.0014360 seconds
71.288: Application time: 0.0372290 seconds
71.289: [GC [PSYoungGen: 48640K->6656K(48640K)] 102741K->61670K(159744K), 0.0022810 secs] [Times: user=0.01 sys=0.00, real=0.01 secs] 
71.292: Total time for which application threads were stopped: 0.0038430 seconds, Stopping threads took: 0.0014820 seconds
71.329: Application time: 0.0378880 seconds
71.331: [GC [PSYoungGen: 48640K->6656K(48640K)] 103654K->62294K(159744K), 0.0021980 secs] [Times: user=0.02 sys=0.00, real=0.01 secs] 
71.333: Total time for which application threads were stopped: 0.0036920 seconds, Stopping threads took: 0.0014120 seconds
71.372: Application time: 0.0388170 seconds
71.373: [GC [PSYoungGen: 48640K->6112K(48640K)] 104278K->61758K(159744K), 0.0018730 secs] [Times: user=0.02 sys=0.00, real=0.00 secs] 
71.375: Total time for which application threads were stopped: 0.0034430 seconds, Stopping threads took: 0.0014850 seconds
71.411: Application time: 0.0360430 seconds
71.413: [GC [PSYoungGen: 48096K->6656K(48640K)] 103742K->63166K(159744K), 0.0022580 secs] [Times: user=0.01 sys=0.00, real=0.00 secs] 
71.416: Total time for which application threads were stopped: 0.0043090 seconds, Stopping threads took: 0.0019680 seconds
71.453: Application time: 0.0375590 seconds
71.455: [GC [PSYoungGen: 48640K->6656K(48640K)] 105150K->63222K(159744K), 0.0020160 secs] [Times: user=0.01 sys=0.00, real=0.00 secs] 
71.457: Total time for which application threads were stopped: 0.0033970 seconds, Stopping threads took: 0.0012990 seconds
71.493: Application time: 0.0364780 seconds
71.495: [GC [PSYoungGen: 48640K->6656K(48640K)] 105206K->64622K(159744K), 0.0024030 secs] [Times: user=0.02 sys=0.00, real=0.00 secs] 
71.497: Total time for which application threads were stopped: 0.0043320 seconds, Stopping threads took: 0.0018420 seconds
71.535: Application time: 0.0375830 seconds
71.536: [GC [PSYoungGen: 48640K->6656K(48640K)] 106606K->65346K(159744K), 0.0022570 secs] [Times: user=0.02 sys=0.00, real=0.00 secs] 
71.539: Total time for which application threads were stopped: 0.0034760 seconds, Stopping threads took: 0.0011150 seconds
71.576: Application time: 0.0372630 seconds
71.578: [GC [PSYoungGen: 48640K->6656K(48640K)] 107330K->65554K(159744K), 0.0020680 secs] [Times: user=0.01 sys=0.00, real=0.00 secs] 
71.580: Total time for which application threads were stopped: 0.0045580 seconds, Stopping threads took: 0.0024140 seconds
71.619: Application time: 0.0385380 seconds
71.620: [GC [PSYoungGen: 48640K->6624K(48640K)] 107538K->65522K(159744K), 0.0019940 secs] [Times: user=0.01 sys=0.00, real=0.00 secs] 
71.623: Total time for which application threads were stopped: 0.0036100 seconds, Stopping threads took: 0.0015300 seconds
71.661: Application time: 0.0384130 seconds
71.662: [GC [PSYoungGen: 48608K->6592K(48640K)] 107506K->65490K(159744K), 0.0020490 secs] [Times: user=0.02 sys=0.00, real=0.01 secs] 
71.664: Total time for which application threads were stopped: 0.0035200 seconds, Stopping threads took: 0.0013940 seconds
71.702: Application time: 0.0370470 seconds
71.703: [GC [PSYoungGen: 48576K->6656K(48640K)] 107474K->66186K(159744K), 0.0021930 secs] [Times: user=0.01 sys=0.00, real=0.01 secs] 
71.705: Total time for which application threads were stopped: 0.0036530 seconds, Stopping threads took: 0.0013780 seconds
71.742: Application time: 0.0371280 seconds
71.745: [GC [PSYoungGen: 48640K->6656K(48640K)] 108170K->67266K(159744K), 0.0023290 secs] [Times: user=0.02 sys=0.00, real=0.00 secs] 
71.747: Total time for which application threads were stopped: 0.0047170 seconds, Stopping threads took: 0.0023030 seconds
71.785: Application time: 0.0383430 seconds
71.788: [GC [PSYoungGen: 48638K->6192K(48640K)] 109248K->66802K(159744K), 0.0018310 secs] [Times: user=0.01 sys=0.00, real=0.00 secs] 
71.790: Total time for which application threads were stopped: 0.0043340 seconds, Stopping threads took: 0.0024290 seconds
71.827: Application time: 0.0374800 seconds
71.829: [GC [PSYoungGen: 48176K->6656K(48640K)] 108786K->68042K(159744K), 0.0022920 secs] [Times: user=0.02 sys=0.00, real=0.01 secs] 
71.831: Total time for which application threads were stopped: 0.0040020 seconds, Stopping threads took: 0.0016260 seconds
71.869: Application time: 0.0380410 seconds
71.871: [GC [PSYoungGen: 48640K->6656K(48640K)] 110026K->68314K(159744K), 0.0020090 secs] [Times: user=0.02 sys=0.00, real=0.00 secs] 
71.873: Total time for which application threads were stopped: 0.0040570 seconds, Stopping threads took: 0.0019660 seconds
71.911: Application time: 0.0379020 seconds
71.913: [GC [PSYoungGen: 48638K->6640K(48640K)] 110296K->68982K(159744K), 0.0023090 secs] [Times: user=0.01 sys=0.00, real=0.00 secs] 
71.915: Total time for which application threads were stopped: 0.0040040 seconds, Stopping threads took: 0.0016110 seconds
71.952: Application time: 0.0372370 seconds
71.955: [GC [PSYoungGen: 48624K->6160K(48640K)] 110966K->68502K(159744K), 0.0020080 secs] [Times: user=0.01 sys=0.00, real=0.00 secs] 
71.957: Total time for which application threads were stopped: 0.0045590 seconds, Stopping threads took: 0.0024480 seconds
71.994: Application time: 0.0374000 seconds
71.996: [GC [PSYoungGen: 48144K->6624K(48640K)] 110486K->70130K(159744K), 0.0024080 secs] [Times: user=0.02 sys=0.00, real=0.00 secs] 
71.999: Total time for which application threads were stopped: 0.0044670 seconds, Stopping threads took: 0.0019760 seconds
72.037: Application time: 0.0378080 seconds
72.039: [GC [PSYoungGen: 48608K->6656K(48640K)] 112114K->71450K(159744K), 0.0023430 secs] [Times: user=0.02 sys=0.00, real=0.00 secs] 
72.041: Total time for which application threads were stopped: 0.0044600 seconds, Stopping threads took: 0.0020340 seconds
72.079: Application time: 0.0377300 seconds
72.081: [GC [PSYoungGen: 48640K->6656K(48640K)] 113434K->72138K(159744K), 0.0021980 secs] [Times: user=0.01 sys=0.00, real=0.00 secs] 
72.083: Total time for which application threads were stopped: 0.0041470 seconds, Stopping threads took: 0.0018670 seconds
72.121: Application time: 0.0376410 seconds
72.123: [GC [PSYoungGen: 48640K->6656K(48640K)] 114122K->73026K(159744K), 0.0022650 secs] [Times: user=0.02 sys=0.00, real=0.01 secs] 
72.125: Total time for which application threads were stopped: 0.0041770 seconds, Stopping threads took: 0.0018230 seconds
72.163: Application time: 0.0385630 seconds
72.165: [GC [PSYoungGen: 48640K->6656K(48640K)] 115010K->73354K(159744K), 0.0021040 secs] [Times: user=0.02 sys=0.00, real=0.00 secs] 
72.167: Total time for which application threads were stopped: 0.0034330 seconds, Stopping threads took: 0.0012480 seconds
72.204: Application time: 0.0375590 seconds
72.206: [GC [PSYoungGen: 48640K->6656K(48640K)] 115338K->73978K(159744K), 0.0021620 secs] [Times: user=0.02 sys=0.00, real=0.00 secs] 
72.208: Total time for which application threads were stopped: 0.0036080 seconds, Stopping threads took: 0.0013650 seconds
72.246: Application time: 0.0378830 seconds
72.247: [GC [PSYoungGen: 48640K->6656K(48640K)] 115962K->74898K(159744K), 0.0022710 secs] [Times: user=0.01 sys=0.00, real=0.00 secs] 
72.250: Total time for which application threads were stopped: 0.0036390 seconds, Stopping threads took: 0.0012860 seconds
72.288: Application time: 0.0380790 seconds
72.289: [GC [PSYoungGen: 48640K->6592K(48640K)] 116882K->74834K(159744K), 0.0019790 secs] [Times: user=0.01 sys=0.01, real=0.01 secs] 
72.291: Total time for which application threads were stopped: 0.0037700 seconds, Stopping threads took: 0.0017170 seconds
72.329: Application time: 0.0377860 seconds
72.331: [GC [PSYoungGen: 48576K->6384K(48640K)] 116818K->74626K(159744K), 0.0019220 secs] [Times: user=0.01 sys=0.00, real=0.01 secs] 
72.333: Total time for which application threads were stopped: 0.0034060 seconds, Stopping threads took: 0.0014030 seconds
72.370: Application time: 0.0373530 seconds
72.371: [GC [PSYoungGen: 48368K->6560K(48640K)] 116610K->74802K(159744K), 0.0018880 secs] [Times: user=0.02 sys=0.00, real=0.00 secs] 
72.373: Total time for which application threads were stopped: 0.0034680 seconds, Stopping threads took: 0.0015000 seconds
72.411: Application time: 0.0374720 seconds
72.413: [GC [PSYoungGen: 48544K->6656K(48640K)] 116786K->75106K(159744K), 0.0022260 secs] [Times: user=0.01 sys=0.00, real=0.00 secs] 
72.415: Total time for which application threads were stopped: 0.0039260 seconds, Stopping threads took: 0.0016180 seconds
72.452: Application time: 0.0370710 seconds
72.453: [GC [PSYoungGen: 48640K->6624K(48640K)] 117090K->75682K(159744K), 0.0022050 secs] [Times: user=0.01 sys=0.00, real=0.00 secs] 
72.456: Total time for which application threads were stopped: 0.0038370 seconds, Stopping threads took: 0.0015460 seconds
72.493: Application time: 0.0376510 seconds
72.496: [GC [PSYoungGen: 48608K->6656K(48640K)] 117666K->76586K(159744K), 0.0024310 secs] [Times: user=0.01 sys=0.00, real=0.00 secs] 
72.498: Total time for which application threads were stopped: 0.0048170 seconds, Stopping threads took: 0.0022930 seconds
72.536: Application time: 0.0381230 seconds
72.538: [GC [PSYoungGen: 48640K->6656K(48640K)] 118570K->77698K(159744K), 0.0023560 secs] [Times: user=0.02 sys=0.00, real=0.00 secs] 
72.540: Total time for which application threads were stopped: 0.0037370 seconds, Stopping threads took: 0.0012960 seconds
72.579: Application time: 0.0387360 seconds
72.580: [GC [PSYoungGen: 48640K->6640K(48640K)] 119682K->78246K(159744K), 0.0021530 secs] [Times: user=0.01 sys=0.00, real=0.00 secs] 
72.582: Total time for which application threads were stopped: 0.0036780 seconds, Stopping threads took: 0.0014510 seconds
72.620: Application time: 0.0374420 seconds
72.622: [GC [PSYoungGen: 48624K->6656K(48640K)] 120230K->79150K(159744K), 0.0023170 secs] [Times: user=0.01 sys=0.00, real=0.01 secs] 
72.624: Total time for which application threads were stopped: 0.0040770 seconds, Stopping threads took: 0.0016760 seconds
72.661: Application time: 0.0366330 seconds
72.663: [GC [PSYoungGen: 48639K->6656K(48640K)] 121133K->80470K(159744K), 0.0023710 secs] [Times: user=0.02 sys=0.00, real=0.01 secs] 
72.665: Total time for which application threads were stopped: 0.0044480 seconds, Stopping threads took: 0.0019840 seconds
72.704: Application time: 0.0386250 seconds
72.705: [GC [PSYoungGen: 48640K->6656K(48640K)] 122454K->81126K(159744K), 0.0022460 secs] [Times: user=0.01 sys=0.00, real=0.00 secs] 
72.707: Total time for which application threads were stopped: 0.0034110 seconds, Stopping threads took: 0.0010830 seconds
72.745: Application time: 0.0378810 seconds
72.746: [GC [PSYoungGen: 48640K->6656K(48640K)] 123110K->82214K(159744K), 0.0023780 secs] [Times: user=0.02 sys=0.00, real=0.00 secs] 
72.749: Total time for which application threads were stopped: 0.0038790 seconds, Stopping threads took: 0.0014190 seconds
72.787: Application time: 0.0385640 seconds
72.788: [GC [PSYoungGen: 48640K->6656K(48640K)] 124198K->82598K(159744K), 0.0021310 secs] [Times: user=0.01 sys=0.00, real=0.00 secs] 
72.791: Total time for which application threads were stopped: 0.0031380 seconds, Stopping threads took: 0.0009300 seconds
72.827: Application time: 0.0365580 seconds
72.829: [GC [PSYoungGen: 48640K->6656K(48640K)] 124582K->83278K(159744K), 0.0022590 secs] [Times: user=0.01 sys=0.00, real=0.01 secs] 
72.831: Total time for which application threads were stopped: 0.0042430 seconds, Stopping threads took: 0.0019000 seconds
72.868: Application time: 0.0364950 seconds
72.870: [GC [PSYoungGen: 48640K->6640K(48640K)] 125262K->84250K(159744K), 0.0023030 secs] [Times: user=0.01 sys=0.00, real=0.01 secs] 
72.872: Total time for which application threads were stopped: 0.0042340 seconds, Stopping threads took: 0.0018510 seconds
72.908: Application time: 0.0362370 seconds
72.910: [GC [PSYoungGen: 48624K->6656K(48640K)] 126234K->84498K(159744K), 0.0021390 secs] [Times: user=0.02 sys=0.00, real=0.01 secs] 
72.912: Total time for which application threads were stopped: 0.0039350 seconds, Stopping threads took: 0.0017170 seconds
72.949: Application time: 0.0364020 seconds
72.951: [GC [PSYoungGen: 48640K->6656K(48640K)] 126482K->85570K(159744K), 0.0023880 secs] [Times: user=0.02 sys=0.00, real=0.01 secs] 
72.953: Total time for which application threads were stopped: 0.0042880 seconds, Stopping threads took: 0.0018160 seconds
72.992: Application time: 0.0386740 seconds
72.993: [GC [PSYoungGen: 48640K->6208K(48640K)] 127554K->85130K(159744K), 0.0020170 secs] [Times: user=0.00 sys=0.01, real=0.00 secs] 
72.996: Total time for which application threads were stopped: 0.0038580 seconds, Stopping threads took: 0.0017430 seconds
73.035: Application time: 0.0393550 seconds
73.036: [GC [PSYoungGen: 48192K->6640K(48640K)] 127114K->86490K(159744K), 0.0023120 secs] [Times: user=0.02 sys=0.00, real=0.00 secs] 
73.039: Total time for which application threads were stopped: 0.0038360 seconds, Stopping threads took: 0.0014430 seconds
73.076: Application time: 0.0375190 seconds
73.078: [GC [PSYoungGen: 48624K->6656K(48640K)] 128474K->86682K(159744K), 0.0020930 secs] [Times: user=0.01 sys=0.00, real=0.00 secs] 
73.080: Total time for which application threads were stopped: 0.0039180 seconds, Stopping threads took: 0.0017440 seconds
73.118: Application time: 0.0380040 seconds
73.120: [GC [PSYoungGen: 48640K->6480K(48640K)] 128666K->86514K(159744K), 0.0020150 secs] [Times: user=0.01 sys=0.00, real=0.00 secs] 
73.122: Total time for which application threads were stopped: 0.0034280 seconds, Stopping threads took: 0.0013350 seconds
73.160: Application time: 0.0387420 seconds
73.161: [GC [PSYoungGen: 48464K->5504K(48640K)] 128498K->85546K(159744K), 0.0016860 secs] [Times: user=0.00 sys=0.01, real=0.01 secs] 
73.163: Total time for which application threads were stopped: 0.0028170 seconds, Stopping threads took: 0.0010410 seconds
73.201: Application time: 0.0376410 seconds
73.203: [GC [PSYoungGen: 47488K->5984K(48640K)] 127530K->86026K(159744K), 0.0019090 secs] [Times: user=0.01 sys=0.00, real=0.00 secs] 
73.205: Total time for which application threads were stopped: 0.0044000 seconds, Stopping threads took: 0.0024080 seconds
73.242: Application time: 0.0371710 seconds
73.244: [GC [PSYoungGen: 47968K->6656K(48640K)] 128010K->86746K(159744K), 0.0020400 secs] [Times: user=0.01 sys=0.00, real=0.00 secs] 
73.246: Total time for which application threads were stopped: 0.0038920 seconds, Stopping threads took: 0.0017730 seconds
73.284: Application time: 0.0374520 seconds
73.285: [GC [PSYoungGen: 48640K->6640K(48640K)] 128730K->87498K(159744K), 0.0023090 secs] [Times: user=0.02 sys=0.00, real=0.00 secs] 
73.288: Total time for which application threads were stopped: 0.0040880 seconds, Stopping threads took: 0.0016950 seconds
73.329: Application time: 0.0406940 seconds
73.330: [GC [PSYoungGen: 48624K->5328K(48640K)] 129482K->86186K(159744K), 0.0017320 secs] [Times: user=0.01 sys=0.00, real=0.01 secs] 
73.332: Total time for which application threads were stopped: 0.0030300 seconds, Stopping threads took: 0.0012150 seconds
73.372: Application time: 0.0406300 seconds
73.374: [GC [PSYoungGen: 47312K->6144K(48640K)] 128170K->87002K(159744K), 0.0019690 secs] [Times: user=0.01 sys=0.00, real=0.00 secs] 
73.376: Total time for which application threads were stopped: 0.0041650 seconds, Stopping threads took: 0.0021160 seconds
73.417: Application time: 0.0407600 seconds
73.419: [GC [PSYoungGen: 48128K->5456K(48640K)] 128986K->86322K(159744K), 0.0017520 secs] [Times: user=0.01 sys=0.00, real=0.00 secs] 
73.421: Total time for which application threads were stopped: 0.0035180 seconds, Stopping threads took: 0.0016850 seconds
73.460: Application time: 0.0393840 seconds
73.463: [GC [PSYoungGen: 47440K->6624K(48640K)] 128306K->87714K(159744K), 0.0021380 secs] [Times: user=0.01 sys=0.00, real=0.01 secs] 
73.465: Total time for which application threads were stopped: 0.0050390 seconds, Stopping threads took: 0.0028150 seconds
73.505: Application time: 0.0401700 seconds
73.507: [GC [PSYoungGen: 48608K->6304K(48640K)] 129698K->87402K(159744K), 0.0020310 secs] [Times: user=0.01 sys=0.00, real=0.00 secs] 
73.509: Total time for which application threads were stopped: 0.0038050 seconds, Stopping threads took: 0.0016940 seconds
73.549: Application time: 0.0403630 seconds
73.551: [GC [PSYoungGen: 48288K->5600K(48640K)] 129386K->86698K(159744K), 0.0018760 secs] [Times: user=0.01 sys=0.00, real=0.01 secs] 
73.553: Total time for which application threads were stopped: 0.0035770 seconds, Stopping threads took: 0.0016220 seconds
73.593: Application time: 0.0398940 seconds
73.595: [GC [PSYoungGen: 47584K->6656K(48640K)] 128682K->87994K(159744K), 0.0021560 secs] [Times: user=0.02 sys=0.00, real=0.00 secs] 
73.597: Total time for which application threads were stopped: 0.0038900 seconds, Stopping threads took: 0.0016530 seconds
73.637: Application time: 0.0401740 seconds
73.640: [GC [PSYoungGen: 48640K->6400K(48640K)] 129978K->87739K(159744K), 0.0020200 secs] [Times: user=0.01 sys=0.00, real=0.00 secs] 
73.642: Total time for which application threads were stopped: 0.0054460 seconds, Stopping threads took: 0.0033210 seconds
73.681: Application time: 0.0390330 seconds
73.683: [GC [PSYoungGen: 48384K->6640K(48640K)] 129723K->88099K(159744K), 0.0021570 secs] [Times: user=0.02 sys=0.00, real=0.00 secs] 
73.686: Total time for which application threads were stopped: 0.0042140 seconds, Stopping threads took: 0.0019730 seconds
73.724: Application time: 0.0388040 seconds
73.726: [GC [PSYoungGen: 48624K->6624K(48640K)] 130083K->89503K(159744K), 0.0024730 secs] [Times: user=0.02 sys=0.00, real=0.00 secs] 
73.729: Total time for which application threads were stopped: 0.0045580 seconds, Stopping threads took: 0.0019940 seconds
73.769: Application time: 0.0398340 seconds
73.771: [GC [PSYoungGen: 48608K->6592K(48640K)] 131487K->89471K(159744K), 0.0019890 secs] [Times: user=0.01 sys=0.00, real=0.00 secs] 
73.773: Total time for which application threads were stopped: 0.0043470 seconds, Stopping threads took: 0.0022760 seconds
73.814: Application time: 0.0410920 seconds
73.816: [GC [PSYoungGen: 48576K->6656K(48640K)] 131455K->90039K(159744K), 0.0022840 secs] [Times: user=0.02 sys=0.00, real=0.00 secs] 
73.818: Total time for which application threads were stopped: 0.0040440 seconds, Stopping threads took: 0.0016790 seconds
73.858: Application time: 0.0399970 seconds
73.862: [GC [PSYoungGen: 48640K->6656K(48640K)] 132023K->90039K(159744K), 0.0020580 secs] [Times: user=0.02 sys=0.00, real=0.01 secs] 
73.864: Total time for which application threads were stopped: 0.0054600 seconds, Stopping threads took: 0.0032970 seconds
73.904: Application time: 0.0399970 seconds
73.905: [GC [PSYoungGen: 48640K->6560K(48640K)] 132023K->89943K(159744K), 0.0021660 secs] [Times: user=0.02 sys=0.00, real=0.00 secs] 
73.908: Total time for which application threads were stopped: 0.0038730 seconds, Stopping threads took: 0.0016260 seconds
73.946: Application time: 0.0385890 seconds
73.948: [GC [PSYoungGen: 48544K->6656K(48640K)] 131927K->91463K(159744K), 0.0024450 secs] [Times: user=0.02 sys=0.00, real=0.00 secs] 
73.951: Total time for which application threads were stopped: 0.0045320 seconds, Stopping threads took: 0.0020030 seconds
73.991: Application time: 0.0401120 seconds
73.993: [GC [PSYoungGen: 48640K->6496K(48640K)] 133447K->91303K(159744K), 0.0020220 secs] [Times: user=0.01 sys=0.00, real=0.00 secs] 
73.995: Total time for which application threads were stopped: 0.0045590 seconds, Stopping threads took: 0.0024540 seconds
74.037: Application time: 0.0413240 seconds
74.038: [GC [PSYoungGen: 48480K->5248K(48640K)] 133287K->90055K(159744K), 0.0016310 secs] [Times: user=0.01 sys=0.00, real=0.00 secs] 
74.040: Total time for which application threads were stopped: 0.0031330 seconds, Stopping threads took: 0.0014220 seconds
74.081: Application time: 0.0408950 seconds
74.083: [GC [PSYoungGen: 47232K->6016K(48640K)] 132039K->90823K(159744K), 0.0019760 secs] [Times: user=0.02 sys=0.00, real=0.01 secs] 
74.085: Total time for which application threads were stopped: 0.0037200 seconds, Stopping threads took: 0.0016390 seconds
74.124: Application time: 0.0397710 seconds
74.126: [GC [PSYoungGen: 48000K->6272K(48640K)] 132807K->91079K(159744K), 0.0019780 secs] [Times: user=0.01 sys=0.00, real=0.00 secs] 
74.128: Total time for which application threads were stopped: 0.0034920 seconds, Stopping threads took: 0.0014350 seconds
74.168: Application time: 0.0402100 seconds
74.170: [GC [PSYoungGen: 48256K->6624K(48640K)] 133063K->92355K(159744K), 0.0023680 secs] [Times: user=0.02 sys=0.00, real=0.01 secs] 
74.173: Total time for which application threads were stopped: 0.0047140 seconds, Stopping threads took: 0.0022630 seconds
74.212: Application time: 0.0397330 seconds
74.215: [GC [PSYoungGen: 48608K->6656K(48640K)] 134339K->93483K(159744K), 0.0023480 secs] [Times: user=0.01 sys=0.00, real=0.00 secs] 
74.217: Total time for which application threads were stopped: 0.0046190 seconds, Stopping threads took: 0.0021860 seconds
74.257: Application time: 0.0394310 seconds
74.259: [GC [PSYoungGen: 48640K->6144K(48640K)] 135467K->92971K(159744K), 0.0020660 secs] [Times: user=0.01 sys=0.00, real=0.00 secs] 
74.261: Total time for which application threads were stopped: 0.0043790 seconds, Stopping threads took: 0.0022130 seconds
74.302: Application time: 0.0407280 seconds
74.303: [GC [PSYoungGen: 48127K->6048K(48640K)] 134954K->92875K(159744K), 0.0021040 secs] [Times: user=0.01 sys=0.00, real=0.00 secs] 
74.306: Total time for which application threads were stopped: 0.0039450 seconds, Stopping threads took: 0.0017570 seconds
74.345: Application time: 0.0393230 seconds
74.348: [GC [PSYoungGen: 48032K->6656K(48640K)] 134859K->94563K(159744K), 0.0023260 secs] [Times: user=0.01 sys=0.00, real=0.00 secs] 
74.351: Total time for which application threads were stopped: 0.0056130 seconds, Stopping threads took: 0.0032050 seconds
74.391: Application time: 0.0400700 seconds
74.393: [GC [PSYoungGen: 48640K->6112K(48640K)] 136547K->94019K(159744K), 0.0018830 secs] [Times: user=0.02 sys=0.00, real=0.00 secs] 
74.395: Total time for which application threads were stopped: 0.0043020 seconds, Stopping threads took: 0.0023410 seconds
74.434: Application time: 0.0391060 seconds
74.436: [GC [PSYoungGen: 48096K->6656K(48640K)] 136003K->95059K(159744K), 0.0021920 secs] [Times: user=0.01 sys=0.00, real=0.00 secs] 
74.438: Total time for which application threads were stopped: 0.0043190 seconds, Stopping threads took: 0.0020420 seconds
74.477: Application time: 0.0386300 seconds
74.478: [GC [PSYoungGen: 48640K->6304K(48640K)] 137043K->94707K(159744K), 0.0019040 secs] [Times: user=0.02 sys=0.00, real=0.00 secs] 
74.480: Total time for which application threads were stopped: 0.0033570 seconds, Stopping threads took: 0.0013760 seconds
74.519: Application time: 0.0391090 seconds
74.523: [GC [PSYoungGen: 48288K->5200K(48640K)] 136691K->93611K(159744K), 0.0019250 secs] [Times: user=0.01 sys=0.00, real=0.00 secs] 
74.525: Total time for which application threads were stopped: 0.0058020 seconds, Stopping threads took: 0.0037980 seconds
74.565: Application time: 0.0399380 seconds
74.568: [GC [PSYoungGen: 47182K->6656K(48640K)] 135594K->95483K(159744K), 0.0023450 secs] [Times: user=0.02 sys=0.00, real=0.00 secs] 
74.570: Total time for which application threads were stopped: 0.0052260 seconds, Stopping threads took: 0.0027980 seconds
74.612: Application time: 0.0415980 seconds
74.614: [GC [PSYoungGen: 48640K->6640K(48640K)] 137467K->95735K(159744K), 0.0023280 secs] [Times: user=0.01 sys=0.00, real=0.00 secs] 
74.617: Total time for which application threads were stopped: 0.0046390 seconds, Stopping threads took: 0.0022290 seconds
74.656: Application time: 0.0390160 seconds
74.657: [GC [PSYoungGen: 48624K->6656K(48640K)] 137719K->96839K(159744K), 0.0024900 secs] [Times: user=0.02 sys=0.00, real=0.00 secs] 
74.660: Total time for which application threads were stopped: 0.0040220 seconds, Stopping threads took: 0.0014290 seconds
74.699: Application time: 0.0396800 seconds
74.701: [GC [PSYoungGen: 48640K->6656K(48640K)] 138823K->97095K(159744K), 0.0022170 secs] [Times: user=0.02 sys=0.00, real=0.01 secs] 
74.704: Total time for which application threads were stopped: 0.0043680 seconds, Stopping threads took: 0.0020440 seconds
74.744: Application time: 0.0400380 seconds
74.746: [GC [PSYoungGen: 48640K->6464K(48640K)] 139079K->96903K(159744K), 0.0022180 secs] [Times: user=0.02 sys=0.00, real=0.00 secs] 
74.748: Total time for which application threads were stopped: 0.0042050 seconds, Stopping threads took: 0.0018840 seconds
74.790: Application time: 0.0419970 seconds
74.792: [GC [PSYoungGen: 48448K->4960K(48640K)] 138887K->95407K(159744K), 0.0016630 secs] [Times: user=0.01 sys=0.00, real=0.00 secs] 
74.793: Total time for which application threads were stopped: 0.0034400 seconds, Stopping threads took: 0.0016700 seconds
74.833: Application time: 0.0398360 seconds
74.836: [GC [PSYoungGen: 46944K->6656K(48640K)] 137391K->97735K(159744K), 0.0022470 secs] [Times: user=0.01 sys=0.00, real=0.00 secs] 
74.838: Total time for which application threads were stopped: 0.0050690 seconds, Stopping threads took: 0.0027400 seconds
74.878: Application time: 0.0399220 seconds
74.880: [GC [PSYoungGen: 48640K->6656K(48640K)] 139719K->98679K(159744K), 0.0024100 secs] [Times: user=0.01 sys=0.00, real=0.00 secs] 
74.882: Total time for which application threads were stopped: 0.0039030 seconds, Stopping threads took: 0.0014060 seconds
74.921: Application time: 0.0392440 seconds
74.923: [GC [PSYoungGen: 48640K->6656K(48640K)] 140663K->99039K(159744K), 0.0022690 secs] [Times: user=0.01 sys=0.00, real=0.00 secs] 
74.926: Total time for which application threads were stopped: 0.0042880 seconds, Stopping threads took: 0.0019350 seconds
74.965: Application time: 0.0396970 seconds
74.967: [GC [PSYoungGen: 48640K->5488K(48640K)] 141023K->97871K(159744K), 0.0018750 secs] [Times: user=0.01 sys=0.00, real=0.00 secs] 
74.969: Total time for which application threads were stopped: 0.0037470 seconds, Stopping threads took: 0.0017910 seconds
75.009: Application time: 0.0397540 seconds
75.011: [GC [PSYoungGen: 47472K->5952K(48640K)] 139855K->98335K(159744K), 0.0018210 secs] [Times: user=0.01 sys=0.00, real=0.01 secs] 
75.013: Total time for which application threads were stopped: 0.0037440 seconds, Stopping threads took: 0.0018400 seconds
75.052: Application time: 0.0390020 seconds
75.054: [GC [PSYoungGen: 47936K->6624K(48640K)] 140319K->100031K(159744K), 0.0024310 secs] [Times: user=0.01 sys=0.00, real=0.00 secs] 
75.056: Total time for which application threads were stopped: 0.0043010 seconds, Stopping threads took: 0.0017670 seconds
75.096: Application time: 0.0401330 seconds
75.097: [GC [PSYoungGen: 48608K->6400K(48640K)] 142015K->99823K(159744K), 0.0020040 secs] [Times: user=0.01 sys=0.00, real=0.00 secs] 
75.100: Total time for which application threads were stopped: 0.0034020 seconds, Stopping threads took: 0.0013150 seconds
75.140: Application time: 0.0404490 seconds
75.142: [GC [PSYoungGen: 48384K->6624K(48640K)] 141807K->100879K(159744K), 0.0024440 secs] [Times: user=0.02 sys=0.00, real=0.01 secs] 
75.144: Total time for which application threads were stopped: 0.0042180 seconds, Stopping threads took: 0.0016680 seconds
75.183: Application time: 0.0387480 seconds
75.185: [GC [PSYoungGen: 48608K->6640K(48640K)] 142863K->102063K(159744K), 0.0023710 secs] [Times: user=0.02 sys=0.00, real=0.00 secs] 
75.187: Total time for which application threads were stopped: 0.0043680 seconds, Stopping threads took: 0.0019170 seconds
75.227: Application time: 0.0395830 seconds
75.229: [GC [PSYoungGen: 48624K->6656K(48640K)] 144047K->102447K(159744K), 0.0022710 secs] [Times: user=0.01 sys=0.00, real=0.00 secs] 
75.231: Total time for which application threads were stopped: 0.0042380 seconds, Stopping threads took: 0.0018760 seconds
75.271: Application time: 0.0402380 seconds
75.273: [GC [PSYoungGen: 48640K->6640K(48640K)] 144431K->102535K(159744K), 0.0020870 secs] [Times: user=0.01 sys=0.00, real=0.00 secs] 
75.275: Total time for which application threads were stopped: 0.0040870 seconds, Stopping threads took: 0.0019150 seconds
75.317: Application time: 0.0411440 seconds
75.319: [GC [PSYoungGen: 48624K->5664K(48640K)] 144519K->101583K(159744K), 0.0018210 secs] [Times: user=0.01 sys=0.00, real=0.00 secs] 
75.320: Total time for which application threads were stopped: 0.0038450 seconds, Stopping threads took: 0.0019360 seconds
75.363: Application time: 0.0421960 seconds
75.364: [GC [PSYoungGen: 47648K->6480K(48640K)] 143567K->102407K(159744K), 0.0020170 secs] [Times: user=0.01 sys=0.00, real=0.00 secs] 
75.366: Total time for which application threads were stopped: 0.0031370 seconds, Stopping threads took: 0.0010360 seconds
75.405: Application time: 0.0394680 seconds
75.407: [GC [PSYoungGen: 48462K->6656K(48640K)] 144390K->104079K(159744K), 0.0025090 secs] [Times: user=0.02 sys=0.00, real=0.00 secs] 
75.410: Total time for which application threads were stopped: 0.0045580 seconds, Stopping threads took: 0.0019610 seconds
75.450: Application time: 0.0401030 seconds
75.452: [GC [PSYoungGen: 48640K->6080K(48640K)] 146063K->103503K(159744K), 0.0018890 secs] [Times: user=0.01 sys=0.00, real=0.00 secs] 
75.454: Total time for which application threads were stopped: 0.0041300 seconds, Stopping threads took: 0.0021600 seconds
75.494: Application time: 0.0395890 seconds
75.495: [GC [PSYoungGen: 48064K->6656K(48640K)] 145487K->104127K(159744K), 0.0021030 secs] [Times: user=0.01 sys=0.00, real=0.00 secs] 
75.497: Total time for which application threads were stopped: 0.0034570 seconds, Stopping threads took: 0.0012690 seconds
75.536: Application time: 0.0391060 seconds
75.539: [GC [PSYoungGen: 48640K->6624K(48640K)] 146111K->104671K(159744K), 0.0021780 secs] [Times: user=0.02 sys=0.00, real=0.00 secs] 
75.541: Total time for which application threads were stopped: 0.0049060 seconds, Stopping threads took: 0.0026380 seconds
75.581: Application time: 0.0399660 seconds
75.583: [GC [PSYoungGen: 48608K->6640K(48640K)] 146655K->105175K(159744K), 0.0022930 secs] [Times: user=0.01 sys=0.00, real=0.01 secs] 
75.585: Total time for which application threads were stopped: 0.0042840 seconds, Stopping threads took: 0.0019040 seconds
75.626: Application time: 0.0408350 seconds
75.628: [GC [PSYoungGen: 48624K->6656K(48640K)] 147159K->106415K(159744K), 0.0024360 secs] [Times: user=0.02 sys=0.00, real=0.00 secs] 
75.630: Total time for which application threads were stopped: 0.0039570 seconds, Stopping threads took: 0.0014330 seconds
75.670: Application time: 0.0399860 seconds
75.671: [GC [PSYoungGen: 48640K->6656K(48640K)] 148399K->106511K(159744K), 0.0021350 secs] [Times: user=0.01 sys=0.00, real=0.00 secs] 
75.674: Total time for which application threads were stopped: 0.0034520 seconds, Stopping threads took: 0.0012290 seconds
75.713: Application time: 0.0393190 seconds
75.715: [GC [PSYoungGen: 48640K->6640K(48640K)] 148495K->106575K(159744K), 0.0021790 secs] [Times: user=0.01 sys=0.00, real=0.00 secs] 
75.717: Total time for which application threads were stopped: 0.0041220 seconds, Stopping threads took: 0.0018580 seconds
75.757: Application time: 0.0398340 seconds
75.758: [GC [PSYoungGen: 48624K->5120K(48640K)] 148559K->105063K(159744K), 0.0017170 secs] [Times: user=0.01 sys=0.00, real=0.00 secs] 
75.760: Total time for which application threads were stopped: 0.0028080 seconds, Stopping threads took: 0.0010190 seconds
75.799: Application time: 0.0395200 seconds
75.802: [GC [PSYoungGen: 47104K->6656K(48640K)] 147047K->106943K(159744K), 0.0023700 secs] [Times: user=0.02 sys=0.00, real=0.01 secs] 
75.804: Total time for which application threads were stopped: 0.0048460 seconds, Stopping threads took: 0.0023850 seconds
75.844: Application time: 0.0398030 seconds
75.847: [GC [PSYoungGen: 48640K->6624K(48640K)] 148927K->107559K(159744K), 0.0022600 secs] [Times: user=0.02 sys=0.00, real=0.00 secs] 
75.849: Total time for which application threads were stopped: 0.0052850 seconds, Stopping threads took: 0.0029290 seconds
75.890: Application time: 0.0403860 seconds
75.891: [GC [PSYoungGen: 48608K->5824K(48640K)] 149543K->106767K(159744K), 0.0018750 secs] [Times: user=0.01 sys=0.00, real=0.00 secs] 
75.893: Total time for which application threads were stopped: 0.0036320 seconds, Stopping threads took: 0.0016750 seconds
75.933: Application time: 0.0399230 seconds
75.935: [GC [PSYoungGen: 47808K->6176K(48640K)] 148751K->107119K(159744K), 0.0019510 secs] [Times: user=0.02 sys=0.00, real=0.00 secs] 
75.937: Total time for which application threads were stopped: 0.0037270 seconds, Stopping threads took: 0.0016980 seconds
75.977: Application time: 0.0399030 seconds
75.978: [GC [PSYoungGen: 48160K->6656K(48640K)] 149103K->107647K(159744K), 0.0021040 secs] [Times: user=0.02 sys=0.00, real=0.00 secs] 
75.981: Total time for which application threads were stopped: 0.0038750 seconds, Stopping threads took: 0.0016880 seconds
76.020: Application time: 0.0394280 seconds
76.022: [GC [PSYoungGen: 48640K->6656K(48640K)] 149631K->108952K(159744K), 0.0024390 secs] [Times: user=0.02 sys=0.00, real=0.01 secs] 
76.025: Total time for which application threads were stopped: 0.0046320 seconds, Stopping threads took: 0.0021070 seconds
76.066: Application time: 0.0410040 seconds
76.068: [GC [PSYoungGen: 48640K->6384K(48640K)] 150936K->108680K(159744K), 0.0020360 secs] [Times: user=0.01 sys=0.00, real=0.00 secs] 
76.070: Total time for which application threads were stopped: 0.0041640 seconds, Stopping threads took: 0.0020530 seconds
76.111: Application time: 0.0409810 seconds
76.112: [GC [PSYoungGen: 48368K->5728K(48640K)] 150664K->108024K(159744K), 0.0017820 secs] [Times: user=0.01 sys=0.00, real=0.00 secs] 
76.114: Total time for which application threads were stopped: 0.0032470 seconds, Stopping threads took: 0.0013870 seconds
76.153: Application time: 0.0392650 seconds
76.155: [GC [PSYoungGen: 47712K->6656K(48640K)] 150008K->110232K(159744K), 0.0024380 secs] [Times: user=0.02 sys=0.00, real=0.00 secs] 
76.158: Total time for which application threads were stopped: 0.0045230 seconds, Stopping threads took: 0.0020020 seconds
76.198: Application time: 0.0402160 seconds
76.200: [GC [PSYoungGen: 48640K->6656K(48640K)] 152216K->110780K(159744K), 0.0022840 secs] [Times: user=0.01 sys=0.00, real=0.00 secs] 
76.202: Total time for which application threads were stopped: 0.0042000 seconds, Stopping threads took: 0.0018320 seconds
76.242: Application time: 0.0394350 seconds
76.244: [GC [PSYoungGen: 48640K->6640K(48640K)] 152764K->111492K(159744K), 0.0024370 secs] [Times: user=0.01 sys=0.00, real=0.00 secs] 
76.246: Total time for which application threads were stopped: 0.0045810 seconds, Stopping threads took: 0.0020580 seconds
76.285: Application time: 0.0387600 seconds
76.287: [GC [PSYoungGen: 48624K->6656K(48640K)] 153476K->112556K(159744K), 0.0023100 secs] [Times: user=0.02 sys=0.00, real=0.00 secs] 
76.289: Total time for which application threads were stopped: 0.0043730 seconds, Stopping threads took: 0.0019770 seconds
76.329: Application time: 0.0399480 seconds
76.331: [GC [PSYoungGen: 48640K->6432K(48640K)] 154540K->112332K(159744K), 0.0020370 secs] [Times: user=0.02 sys=0.00, real=0.00 secs] 
76.333: Total time for which application threads were stopped: 0.0038720 seconds, Stopping threads took: 0.0017570 seconds
76.372: Application time: 0.0386460 seconds
76.374: [GC [PSYoungGen: 48416K->6640K(48640K)] 154316K->113020K(159744K), 0.0022430 secs] [Times: user=0.02 sys=0.00, real=0.00 secs] 
76.376: Total time for which application threads were stopped: 0.0039840 seconds, Stopping threads took: 0.0016500 seconds
76.415: Application time: 0.0389810 seconds
76.417: [GC [PSYoungGen: 48624K->6656K(48640K)] 155004K->114020K(159744K), 0.0023800 secs] [Times: user=0.02 sys=0.00, real=0.00 secs] 
76.420: Total time for which application threads were stopped: 0.0046620 seconds, Stopping threads took: 0.0021940 seconds
76.459: Application time: 0.0396480 seconds
76.462: [GC [PSYoungGen: 48640K->6624K(48640K)] 156004K->114484K(159744K), 0.0022710 secs] [Times: user=0.01 sys=0.00, real=0.01 secs] 
76.465: Total time for which application threads were stopped: 0.0055700 seconds, Stopping threads took: 0.0032190 seconds
76.507: Application time: 0.0417600 seconds
76.508: [GC [PSYoungGen: 48608K->4640K(48640K)] 156468K->112500K(159744K), 0.0016270 secs] [Times: user=0.01 sys=0.00, real=0.00 secs] 
76.510: Total time for which application threads were stopped: 0.0034870 seconds, Stopping threads took: 0.0017670 seconds
76.551: Application time: 0.0411680 seconds
76.553: [GC [PSYoungGen: 46622K->4496K(48640K)] 154482K->112356K(159744K), 0.0014660 secs] [Times: user=0.01 sys=0.00, real=0.00 secs] 
76.555: Total time for which application threads were stopped: 0.0032740 seconds, Stopping threads took: 0.0017370 seconds
76.596: Application time: 0.0417960 seconds
76.598: [GC [PSYoungGen: 46480K->5440K(48640K)] 154340K->113300K(159744K), 0.0017090 secs] [Times: user=0.02 sys=0.00, real=0.00 secs] 
76.600: Total time for which application threads were stopped: 0.0034370 seconds, Stopping threads took: 0.0016480 seconds
76.641: Application time: 0.0412000 seconds
76.642: [GC [PSYoungGen: 47424K->5760K(48640K)] 155284K->113620K(159744K), 0.0018770 secs] [Times: user=0.01 sys=0.00, real=0.01 secs] 
76.644: Total time for which application threads were stopped: 0.0033220 seconds, Stopping threads took: 0.0013570 seconds
76.687: Application time: 0.0426540 seconds
76.689: [GC [PSYoungGen: 47744K->4912K(48640K)] 155604K->112780K(159744K), 0.0016420 secs] [Times: user=0.01 sys=0.00, real=0.00 secs] 
76.691: Total time for which application threads were stopped: 0.0038880 seconds, Stopping threads took: 0.0021710 seconds
76.732: Application time: 0.0410600 seconds
76.734: [GC [PSYoungGen: 46896K->5552K(48640K)] 154764K->113428K(159744K), 0.0017730 secs] [Times: user=0.01 sys=0.00, real=0.00 secs] 
76.736: Total time for which application threads were stopped: 0.0038320 seconds, Stopping threads took: 0.0019820 seconds
76.777: Application time: 0.0408590 seconds
76.779: [GC [PSYoungGen: 47536K->6512K(48640K)] 155412K->114396K(159744K), 0.0020490 secs] [Times: user=0.01 sys=0.00, real=0.00 secs] 
76.782: Total time for which application threads were stopped: 0.0049300 seconds, Stopping threads took: 0.0028020 seconds
76.822: Application time: 0.0405100 seconds
76.824: [GC [PSYoungGen: 48496K->6640K(48640K)] 156380K->115108K(159744K), 0.0022820 secs] [Times: user=0.01 sys=0.00, real=0.00 secs] 
76.826: Total time for which application threads were stopped: 0.0040450 seconds, Stopping threads took: 0.0016770 seconds
76.866: Application time: 0.0398240 seconds
76.869: [GC [PSYoungGen: 48624K->6512K(48640K)] 157092K->114988K(159744K), 0.0020560 secs] [Times: user=0.01 sys=0.00, real=0.00 secs] 
76.871: Total time for which application threads were stopped: 0.0051460 seconds, Stopping threads took: 0.0030070 seconds
76.909: Application time: 0.0378660 seconds
76.911: [GC [PSYoungGen: 48496K->6656K(48640K)] 156972K->116316K(159744K), 0.0024550 secs] [Times: user=0.02 sys=0.00, real=0.01 secs] 
76.913: Total time for which application threads were stopped: 0.0042410 seconds, Stopping threads took: 0.0016900 seconds
76.954: Application time: 0.0405860 seconds
76.956: [GC [PSYoungGen: 48640K->6432K(48640K)] 158300K->116092K(159744K), 0.0020330 secs] [Times: user=0.01 sys=0.00, real=0.00 secs] 
76.958: Total time for which application threads were stopped: 0.0040600 seconds, Stopping threads took: 0.0019410 seconds
76.999: Application time: 0.0417080 seconds
77.001: [GC [PSYoungGen: 48416K->6656K(48640K)] 158076K->116484K(159744K), 0.0021940 secs] [Times: user=0.02 sys=0.00, real=0.01 secs] 
77.004: [Full GC [PSYoungGen: 6656K->0K(48640K)] [ParOldGen: 109828K->9394K(111104K)] 116484K->9394K(159744K) [PSPermGen: 5147K->5147K(21504K)], 0.0068230 secs] [Times: user=0.03 sys=0.00, real=0.00 secs] 
77.010: Total time for which application threads were stopped: 0.0109410 seconds, Stopping threads took: 0.0017690 seconds
77.053: Application time: 0.0421440 seconds
77.054: [GC [PSYoungGen: 41984K->6464K(48640K)] 51378K->15858K(159744K), 0.0020060 secs] [Times: user=0.02 sys=0.00, real=0.00 secs] 
77.056: Total time for which application threads were stopped: 0.0035450 seconds, Stopping threads took: 0.0014630 seconds
77.096: Application time: 0.0397630 seconds
77.098: [GC [PSYoungGen: 48448K->6640K(48640K)] 57842K->16130K(159744K), 0.0020070 secs] [Times: user=0.01 sys=0.00, real=0.00 secs] 
77.100: Total time for which application threads were stopped: 0.0037340 seconds, Stopping threads took: 0.0016420 seconds
77.142: Application time: 0.0418930 seconds
77.143: [GC [PSYoungGen: 48624K->6416K(48640K)] 58114K->15906K(159744K), 0.0018910 secs] [Times: user=0.01 sys=0.00, real=0.00 secs] 
77.145: Total time for which application threads were stopped: 0.0037360 seconds, Stopping threads took: 0.0017700 seconds
77.186: Application time: 0.0403070 seconds
77.187: [GC [PSYoungGen: 48400K->6592K(48640K)] 57890K->16082K(159744K), 0.0019710 secs] [Times: user=0.02 sys=0.00, real=0.00 secs] 
77.189: Total time for which application threads were stopped: 0.0033460 seconds, Stopping threads took: 0.0012960 seconds
77.230: Application time: 0.0410610 seconds
77.232: [GC [PSYoungGen: 48576K->6400K(48640K)] 58066K->15890K(159744K), 0.0019210 secs] [Times: user=0.01 sys=0.00, real=0.00 secs] 
77.234: Total time for which application threads were stopped: 0.0038380 seconds, Stopping threads took: 0.0018370 seconds
77.274: Application time: 0.0404730 seconds
77.275: [GC [PSYoungGen: 48384K->5216K(48640K)] 57874K->14706K(159744K), 0.0015790 secs] [Times: user=0.01 sys=0.00, real=0.00 secs] 
77.277: Total time for which application threads were stopped: 0.0025730 seconds, Stopping threads took: 0.0009230 seconds
77.315: Application time: 0.0378310 seconds
77.316: [GC [PSYoungGen: 47200K->6624K(48640K)] 56690K->17114K(159744K), 0.0022450 secs] [Times: user=0.01 sys=0.00, real=0.00 secs] 
77.318: Total time for which application threads were stopped: 0.0037670 seconds, Stopping threads took: 0.0014390 seconds
77.355: Application time: 0.0362000 seconds
77.356: [GC [PSYoungGen: 48608K->6640K(48640K)] 59098K->18610K(159744K), 0.0025760 secs] [Times: user=0.01 sys=0.00, real=0.00 secs] 
77.359: Total time for which application threads were stopped: 0.0044400 seconds, Stopping threads took: 0.0017730 seconds
77.398: Application time: 0.0385270 seconds
77.399: [GC [PSYoungGen: 48624K->6624K(48640K)] 60594K->18714K(159744K), 0.0020040 secs] [Times: user=0.02 sys=0.00, real=0.00 secs] 
77.401: Total time for which application threads were stopped: 0.0034080 seconds, Stopping threads took: 0.0013240 seconds
77.440: Application time: 0.0394270 seconds
77.442: [GC [PSYoungGen: 48608K->5792K(48640K)] 60698K->17882K(159744K), 0.0017200 secs] [Times: user=0.01 sys=0.00, real=0.01 secs] 
77.444: Total time for which application threads were stopped: 0.0031200 seconds, Stopping threads took: 0.0013180 seconds
77.482: Application time: 0.0380300 seconds
77.483: [GC [PSYoungGen: 47776K->6624K(48640K)] 59866K->19790K(159744K), 0.0022980 secs] [Times: user=0.02 sys=0.00, real=0.00 secs] 
77.486: Total time for which application threads were stopped: 0.0038440 seconds, Stopping threads took: 0.0014620 seconds
77.523: Application time: 0.0370420 seconds
77.525: [GC [PSYoungGen: 48608K->6624K(48640K)] 61774K->20222K(159744K), 0.0022580 secs] [Times: user=0.01 sys=0.00, real=0.00 secs] 
77.527: Total time for which application threads were stopped: 0.0043740 seconds, Stopping threads took: 0.0020330 seconds
77.565: Application time: 0.0377580 seconds
77.566: [GC [PSYoungGen: 48608K->6624K(48640K)] 62206K->20710K(159744K), 0.0023150 secs] [Times: user=0.01 sys=0.00, real=0.00 secs] 
77.568: Total time for which application threads were stopped: 0.0037840 seconds, Stopping threads took: 0.0013870 seconds
77.605: Application time: 0.0366920 seconds
77.608: [GC [PSYoungGen: 48608K->6640K(48640K)] 62694K->21198K(159744K), 0.0021210 secs] [Times: user=0.02 sys=0.00, real=0.00 secs] 
77.610: Total time for which application threads were stopped: 0.0045030 seconds, Stopping threads took: 0.0023070 seconds
77.648: Application time: 0.0380360 seconds
77.649: [GC [PSYoungGen: 48624K->5568K(48640K)] 63182K->20126K(159744K), 0.0016750 secs] [Times: user=0.01 sys=0.00, real=0.00 secs] 
77.651: Total time for which application threads were stopped: 0.0034080 seconds, Stopping threads took: 0.0016600 seconds
77.690: Application time: 0.0385000 seconds
77.691: [GC [PSYoungGen: 47552K->6656K(48640K)] 62110K->22974K(159744K), 0.0024530 secs] [Times: user=0.02 sys=0.00, real=0.00 secs] 
77.694: Total time for which application threads were stopped: 0.0041610 seconds, Stopping threads took: 0.0016260 seconds
77.731: Application time: 0.0374630 seconds
77.733: [GC [PSYoungGen: 48640K->6640K(48640K)] 64958K->23662K(159744K), 0.0020940 secs] [Times: user=0.01 sys=0.00, real=0.00 secs] 
77.735: Total time for which application threads were stopped: 0.0038190 seconds, Stopping threads took: 0.0016440 seconds
77.774: Application time: 0.0388190 seconds
77.775: [GC [PSYoungGen: 48624K->6368K(48640K)] 65646K->23390K(159744K), 0.0020070 secs] [Times: user=0.01 sys=0.00, real=0.00 secs] 
77.777: Total time for which application threads were stopped: 0.0032160 seconds, Stopping threads took: 0.0011270 seconds
77.814: Application time: 0.0372400 seconds
77.817: [GC [PSYoungGen: 48352K->6656K(48640K)] 65374K->24662K(159744K), 0.0021810 secs] [Times: user=0.02 sys=0.00, real=0.00 secs] 
77.819: Total time for which application threads were stopped: 0.0046580 seconds, Stopping threads took: 0.0023950 seconds
77.857: Application time: 0.0383140 seconds
77.860: [GC [PSYoungGen: 48640K->5760K(48640K)] 66646K->23766K(159744K), 0.0017750 secs] [Times: user=0.01 sys=0.00, real=0.00 secs] 
77.862: Total time for which application threads were stopped: 0.0045160 seconds, Stopping threads took: 0.0026680 seconds
77.901: Application time: 0.0391550 seconds
77.903: [GC [PSYoungGen: 47744K->6640K(48640K)] 65750K->24670K(159744K), 0.0020670 secs] [Times: user=0.01 sys=0.00, real=0.01 secs] 
77.905: Total time for which application threads were stopped: 0.0036390 seconds, Stopping threads took: 0.0014950 seconds
77.943: Application time: 0.0386520 seconds
77.945: [GC [PSYoungGen: 48624K->6336K(48640K)] 66654K->24374K(159744K), 0.0018440 secs] [Times: user=0.01 sys=0.00, real=0.00 secs] 
77.947: Total time for which application threads were stopped: 0.0032330 seconds, Stopping threads took: 0.0013060 seconds
77.984: Application time: 0.0375520 seconds
77.987: [GC [PSYoungGen: 48320K->6656K(48640K)] 66358K->25743K(159744K), 0.0022680 secs] [Times: user=0.02 sys=0.00, real=0.00 secs] 
77.989: Total time for which application threads were stopped: 0.0048090 seconds, Stopping threads took: 0.0024640 seconds
78.027: Application time: 0.0383940 seconds
78.029: [GC [PSYoungGen: 48640K->5664K(48640K)] 67727K->24759K(159744K), 0.0016750 secs] [Times: user=0.01 sys=0.00, real=0.00 secs] 
78.031: Total time for which application threads were stopped: 0.0035420 seconds, Stopping threads took: 0.0017920 seconds
78.069: Application time: 0.0385990 seconds
78.071: [GC [PSYoungGen: 47648K->6496K(48640K)] 66743K->25591K(159744K), 0.0018360 secs] [Times: user=0.01 sys=0.00, real=0.01 secs] 
78.073: Total time for which application threads were stopped: 0.0034120 seconds, Stopping threads took: 0.0014980 seconds
78.111: Application time: 0.0379580 seconds
78.113: [GC [PSYoungGen: 48478K->6656K(48640K)] 67573K->25831K(159744K), 0.0019470 secs] [Times: user=0.02 sys=0.00, real=0.00 secs] 
78.115: Total time for which application threads were stopped: 0.0038970 seconds, Stopping threads took: 0.0018710 seconds
78.152: Application time: 0.0370640 seconds
78.154: [GC [PSYoungGen: 48640K->6656K(48640K)] 67815K->26183K(159744K), 0.0020220 secs] [Times: user=0.02 sys=0.00, real=0.00 secs] 
78.156: Total time for which application threads were stopped: 0.0041520 seconds, Stopping threads took: 0.0020480 seconds
78.193: Application time: 0.0375610 seconds
78.195: [GC [PSYoungGen: 48640K->6656K(48640K)] 68167K->26463K(159744K), 0.0020790 secs] [Times: user=0.02 sys=0.00, real=0.00 secs] 
78.197: Total time for which application threads were stopped: 0.0034710 seconds, Stopping threads took: 0.0013120 seconds
78.234: Application time: 0.0366780 seconds
78.236: [GC [PSYoungGen: 48638K->6656K(48640K)] 68445K->27519K(159744K), 0.0022170 secs] [Times: user=0.02 sys=0.00, real=0.00 secs] 
78.238: Total time for which application threads were stopped: 0.0048160 seconds, Stopping threads took: 0.0025190 seconds
78.276: Application time: 0.0374670 seconds
78.277: [GC [PSYoungGen: 48640K->6048K(48640K)] 69503K->26911K(159744K), 0.0017390 secs] [Times: user=0.01 sys=0.00, real=0.00 secs] 
78.279: Total time for which application threads were stopped: 0.0032080 seconds, Stopping threads took: 0.0013820 seconds
78.317: Application time: 0.0374320 seconds
78.318: [GC [PSYoungGen: 48032K->6384K(48640K)] 68895K->27247K(159744K), 0.0018310 secs] [Times: user=0.01 sys=0.01, real=0.00 secs] 
78.319: Total time for which application threads were stopped: 0.0028480 seconds, Stopping threads took: 0.0009390 seconds
78.357: Application time: 0.0375850 seconds
78.359: [GC [PSYoungGen: 48368K->6656K(48640K)] 69231K->28039K(159744K), 0.0020850 secs] [Times: user=0.01 sys=0.00, real=0.00 secs] 
78.361: Total time for which application threads were stopped: 0.0038930 seconds, Stopping threads took: 0.0016970 seconds
78.399: Application time: 0.0379440 seconds
78.400: [GC [PSYoungGen: 48640K->4576K(48640K)] 70023K->25967K(159744K), 0.0014050 secs] [Times: user=0.01 sys=0.00, real=0.00 secs] 
78.402: Total time for which application threads were stopped: 0.0027640 seconds, Stopping threads took: 0.0012890 seconds
78.439: Application time: 0.0377660 seconds
78.441: [GC [PSYoungGen: 46560K->6032K(48640K)] 67951K->27431K(159744K), 0.0018200 secs] [Times: user=0.01 sys=0.00, real=0.00 secs] 
78.443: Total time for which application threads were stopped: 0.0033420 seconds, Stopping threads took: 0.0014450 seconds
78.481: Application time: 0.0381320 seconds
78.482: [GC [PSYoungGen: 48016K->5840K(48640K)] 69415K->27239K(159744K), 0.0018530 secs] [Times: user=0.01 sys=0.00, real=0.01 secs] 
78.484: Total time for which application threads were stopped: 0.0032530 seconds, Stopping threads took: 0.0013170 seconds
78.521: Application time: 0.0368690 seconds
78.523: [GC [PSYoungGen: 47824K->6640K(48640K)] 69223K->28663K(159744K), 0.0021350 secs] [Times: user=0.02 sys=0.00, real=0.01 secs] 
78.525: Total time for which application threads were stopped: 0.0038610 seconds, Stopping threads took: 0.0016440 seconds
78.563: Application time: 0.0378230 seconds
78.565: [GC [PSYoungGen: 48624K->6656K(48640K)] 70647K->29191K(159744K), 0.0020790 secs] [Times: user=0.01 sys=0.01, real=0.00 secs] 
78.567: Total time for which application threads were stopped: 0.0047140 seconds, Stopping threads took: 0.0025490 seconds
78.606: Application time: 0.0383760 seconds
78.608: [GC [PSYoungGen: 48640K->6144K(48640K)] 71175K->28679K(159744K), 0.0018280 secs] [Times: user=0.02 sys=0.00, real=0.00 secs] 
78.609: Total time for which application threads were stopped: 0.0036850 seconds, Stopping threads took: 0.0017830 seconds
78.647: Application time: 0.0373740 seconds
78.649: [GC [PSYoungGen: 48128K->6640K(48640K)] 70663K->29943K(159744K), 0.0021600 secs] [Times: user=0.02 sys=0.00, real=0.00 secs] 
78.651: Total time for which application threads were stopped: 0.0040560 seconds, Stopping threads took: 0.0018170 seconds
78.689: Application time: 0.0379510 seconds
78.691: [GC [PSYoungGen: 48624K->6640K(48640K)] 71927K->30907K(159744K), 0.0022420 secs] [Times: user=0.02 sys=0.00, real=0.01 secs] 
78.693: Total time for which application threads were stopped: 0.0041580 seconds, Stopping threads took: 0.0018320 seconds
78.731: Application time: 0.0383450 seconds
78.733: [GC [PSYoungGen: 48624K->6656K(48640K)] 72891K->31059K(159744K), 0.0020770 secs] [Times: user=0.01 sys=0.00, real=0.00 secs] 
78.735: Total time for which application threads were stopped: 0.0033260 seconds, Stopping threads took: 0.0011700 seconds
78.772: Application time: 0.0369280 seconds
78.774: [GC [PSYoungGen: 48640K->6656K(48640K)] 73043K->32467K(159744K), 0.0024040 secs] [Times: user=0.01 sys=0.00, real=0.00 secs] 
78.776: Total time for which application threads were stopped: 0.0045090 seconds, Stopping threads took: 0.0020210 seconds
78.814: Application time: 0.0382840 seconds
78.815: [GC [PSYoungGen: 48640K->6656K(48640K)] 74451K->32579K(159744K), 0.0020150 secs] [Times: user=0.01 sys=0.01, real=0.00 secs] 
78.818: Total time for which application threads were stopped: 0.0030940 seconds, Stopping threads took: 0.0009990 seconds
78.855: Application time: 0.0375950 seconds
78.857: [GC [PSYoungGen: 48640K->6624K(48640K)] 74563K->32619K(159744K), 0.0020570 secs] [Times: user=0.02 sys=0.00, real=0.00 secs] 
78.859: Total time for which application threads were stopped: 0.0038260 seconds, Stopping threads took: 0.0016870 seconds
78.896: Application time: 0.0373570 seconds
78.898: [GC [PSYoungGen: 48608K->6640K(48640K)] 74603K->34003K(159744K), 0.0023530 secs] [Times: user=0.02 sys=0.00, real=0.00 secs] 
78.900: Total time for which application threads were stopped: 0.0037720 seconds, Stopping threads took: 0.0013340 seconds
78.938: Application time: 0.0374560 seconds
78.939: [GC [PSYoungGen: 48622K->6640K(48640K)] 75985K->34803K(159744K), 0.0021780 secs] [Times: user=0.02 sys=0.00, real=0.00 secs] 
78.941: Total time for which application threads were stopped: 0.0035150 seconds, Stopping threads took: 0.0012560 seconds
78.979: Application time: 0.0375820 seconds
78.980: [GC [PSYoungGen: 48624K->5792K(48640K)] 76787K->33963K(159744K), 0.0017140 secs] [Times: user=0.02 sys=0.00, real=0.00 secs] 
78.982: Total time for which application threads were stopped: 0.0029720 seconds, Stopping threads took: 0.0011860 seconds
79.019: Application time: 0.0377830 seconds
79.021: [GC [PSYoungGen: 47776K->6624K(48640K)] 75947K->34827K(159744K), 0.0019790 secs] [Times: user=0.01 sys=0.00, real=0.01 secs] 
79.023: Total time for which application threads were stopped: 0.0040040 seconds, Stopping threads took: 0.0019390 seconds
79.061: Application time: 0.0380870 seconds
79.063: [GC [PSYoungGen: 48608K->6640K(48640K)] 76811K->35291K(159744K), 0.0021270 secs] [Times: user=0.02 sys=0.00, real=0.00 secs] 
79.066: Total time for which application threads were stopped: 0.0040580 seconds, Stopping threads took: 0.0018520 seconds
79.103: Application time: 0.0377860 seconds
79.105: [GC [PSYoungGen: 48624K->6624K(48640K)] 77275K->35699K(159744K), 0.0020570 secs] [Times: user=0.02 sys=0.00, real=0.00 secs] 
79.107: Total time for which application threads were stopped: 0.0038200 seconds, Stopping threads took: 0.0016780 seconds
79.145: Application time: 0.0374060 seconds
79.147: [GC [PSYoungGen: 48608K->6640K(48640K)] 77683K->35947K(159744K), 0.0020430 secs] [Times: user=0.01 sys=0.00, real=0.00 secs] 
79.149: Total time for which application threads were stopped: 0.0042020 seconds, Stopping threads took: 0.0020770 seconds
79.186: Application time: 0.0370520 seconds
79.187: [GC [PSYoungGen: 48624K->6640K(48640K)] 77931K->35987K(159744K), 0.0019430 secs] [Times: user=0.02 sys=0.00, real=0.00 secs] 
79.189: Total time for which application threads were stopped: 0.0031760 seconds, Stopping threads took: 0.0011520 seconds
79.225: Application time: 0.0364790 seconds
79.227: [GC [PSYoungGen: 48624K->6624K(48640K)] 77971K->37435K(159744K), 0.0023510 secs] [Times: user=0.01 sys=0.00, real=0.00 secs] 
79.230: Total time for which application threads were stopped: 0.0042940 seconds, Stopping threads took: 0.0018650 seconds
79.267: Application time: 0.0372230 seconds
79.269: [GC [PSYoungGen: 48608K->6576K(48640K)] 79419K->37387K(159744K), 0.0022500 secs] [Times: user=0.01 sys=0.00, real=0.00 secs] 
79.271: Total time for which application threads were stopped: 0.0040400 seconds, Stopping threads took: 0.0016900 seconds
79.309: Application time: 0.0384190 seconds
79.310: [GC [PSYoungGen: 48560K->6624K(48640K)] 79371K->38467K(159744K), 0.0024190 secs] [Times: user=0.01 sys=0.00, real=0.01 secs] 
79.313: Total time for which application threads were stopped: 0.0033910 seconds, Stopping threads took: 0.0008720 seconds
79.350: Application time: 0.0366820 seconds
79.351: [GC [PSYoungGen: 48608K->6624K(48640K)] 80451K->38771K(159744K), 0.0020320 secs] [Times: user=0.02 sys=0.00, real=0.01 secs] 
79.353: Total time for which application threads were stopped: 0.0035330 seconds, Stopping threads took: 0.0014190 seconds
79.391: Application time: 0.0376360 seconds
79.393: [GC [PSYoungGen: 48608K->6640K(48640K)] 80755K->38899K(159744K), 0.0019680 secs] [Times: user=0.02 sys=0.00, real=0.00 secs] 
79.395: Total time for which application threads were stopped: 0.0042580 seconds, Stopping threads took: 0.0022160 seconds
79.432: Application time: 0.0374020 seconds
79.435: [GC [PSYoungGen: 48624K->6608K(48640K)] 80883K->38875K(159744K), 0.0019440 secs] [Times: user=0.01 sys=0.00, real=0.00 secs] 
79.437: Total time for which application threads were stopped: 0.0047540 seconds, Stopping threads took: 0.0027180 seconds
79.475: Application time: 0.0373770 seconds
79.476: [GC [PSYoungGen: 48592K->6640K(48640K)] 80859K->40067K(159744K), 0.0023710 secs] [Times: user=0.02 sys=0.00, real=0.00 secs] 
79.479: Total time for which application threads were stopped: 0.0041270 seconds, Stopping threads took: 0.0016630 seconds
79.517: Application time: 0.0382760 seconds
79.518: [GC [PSYoungGen: 48624K->6640K(48640K)] 82051K->40663K(159744K), 0.0022480 secs] [Times: user=0.02 sys=0.00, real=0.00 secs] 
79.521: Total time for which application threads were stopped: 0.0037810 seconds, Stopping threads took: 0.0014530 seconds
79.559: Application time: 0.0384680 seconds
79.560: [GC [PSYoungGen: 48624K->6624K(48640K)] 82647K->41187K(159744K), 0.0021930 secs] [Times: user=0.01 sys=0.00, real=0.00 secs] 
79.563: Total time for which application threads were stopped: 0.0033230 seconds, Stopping threads took: 0.0010470 seconds
79.600: Application time: 0.0374150 seconds
79.602: [GC [PSYoungGen: 48608K->6640K(48640K)] 83171K->41627K(159744K), 0.0021330 secs] [Times: user=0.01 sys=0.00, real=0.01 secs] 
79.604: Total time for which application threads were stopped: 0.0040420 seconds, Stopping threads took: 0.0018240 seconds
79.642: Application time: 0.0379330 seconds
79.643: [GC [PSYoungGen: 48624K->6624K(48640K)] 83611K->41635K(159744K), 0.0019650 secs] [Times: user=0.02 sys=0.00, real=0.00 secs] 
79.645: Total time for which application threads were stopped: 0.0035610 seconds, Stopping threads took: 0.0015210 seconds
79.682: Application time: 0.0369010 seconds
79.685: [GC [PSYoungGen: 48608K->6640K(48640K)] 83619K->43043K(159744K), 0.0024280 secs] [Times: user=0.02 sys=0.00, real=0.00 secs] 
79.687: Total time for which application threads were stopped: 0.0046900 seconds, Stopping threads took: 0.0021800 seconds
79.724: Application time: 0.0371440 seconds
79.727: [GC [PSYoungGen: 48624K->6624K(48640K)] 85027K->44659K(159744K), 0.0025230 secs] [Times: user=0.02 sys=0.00, real=0.00 secs] 
79.729: Total time for which application threads were stopped: 0.0050810 seconds, Stopping threads took: 0.0024780 seconds
79.766: Application time: 0.0371720 seconds
79.768: [GC [PSYoungGen: 48608K->6656K(48640K)] 86643K->45619K(159744K), 0.0022140 secs] [Times: user=0.02 sys=0.00, real=0.00 secs] 
79.771: Total time for which application threads were stopped: 0.0041580 seconds, Stopping threads took: 0.0018610 seconds
79.808: Application time: 0.0374970 seconds
79.809: [GC [PSYoungGen: 48640K->6640K(48640K)] 87603K->46563K(159744K), 0.0022720 secs] [Times: user=0.02 sys=0.00, real=0.01 secs] 
79.812: Total time for which application threads were stopped: 0.0036010 seconds, Stopping threads took: 0.0012460 seconds
79.848: Application time: 0.0366730 seconds
79.851: [GC [PSYoungGen: 48624K->6640K(48640K)] 88547K->47679K(159744K), 0.0023130 secs] [Times: user=0.01 sys=0.00, real=0.01 secs] 
79.853: Total time for which application threads were stopped: 0.0048640 seconds, Stopping threads took: 0.0024640 seconds
79.891: Application time: 0.0377540 seconds
79.893: [GC [PSYoungGen: 48624K->6624K(48640K)] 89663K->47671K(159744K), 0.0019330 secs] [Times: user=0.01 sys=0.00, real=0.00 secs] 
79.895: Total time for which application threads were stopped: 0.0044450 seconds, Stopping threads took: 0.0024340 seconds
79.933: Application time: 0.0372290 seconds
79.934: [GC [PSYoungGen: 48607K->6640K(48640K)] 89655K->48271K(159744K), 0.0020910 secs] [Times: user=0.02 sys=0.00, real=0.00 secs] 
79.936: Total time for which application threads were stopped: 0.0036330 seconds, Stopping threads took: 0.0014620 seconds
79.974: Application time: 0.0374740 seconds
79.976: [GC [PSYoungGen: 48624K->6544K(48640K)] 90255K->48175K(159744K), 0.0020380 secs] [Times: user=0.01 sys=0.00, real=0.00 secs] 
79.978: Total time for which application threads were stopped: 0.0045360 seconds, Stopping threads took: 0.0023970 seconds
80.016: Application time: 0.0371930 seconds
80.018: [GC [PSYoungGen: 48528K->6640K(48640K)] 90159K->49447K(159744K), 0.0023300 secs] [Times: user=0.02 sys=0.00, real=0.00 secs] 
80.020: Total time for which application threads were stopped: 0.0044520 seconds, Stopping threads took: 0.0020400 seconds
80.058: Application time: 0.0381690 seconds
80.060: [GC [PSYoungGen: 48624K->6656K(48640K)] 91431K->50071K(159744K), 0.0021470 secs] [Times: user=0.01 sys=0.00, real=0.00 secs] 
80.062: Total time for which application threads were stopped: 0.0039030 seconds, Stopping threads took: 0.0016770 seconds
80.100: Application time: 0.0384290 seconds
80.102: [GC [PSYoungGen: 48640K->6592K(48640K)] 92055K->50007K(159744K), 0.0019520 secs] [Times: user=0.01 sys=0.00, real=0.01 secs] 
80.104: Total time for which application threads were stopped: 0.0036570 seconds, Stopping threads took: 0.0016240 seconds
80.140: Application time: 0.0361370 seconds
80.142: [GC [PSYoungGen: 48576K->6640K(48640K)] 91991K->51407K(159744K), 0.0024660 secs] [Times: user=0.02 sys=0.00, real=0.01 secs] 
80.145: Total time for which application threads were stopped: 0.0047030 seconds, Stopping threads took: 0.0021460 seconds
80.182: Application time: 0.0371740 seconds
80.185: [GC [PSYoungGen: 48624K->6640K(48640K)] 93391K->52087K(159744K), 0.0022610 secs] [Times: user=0.01 sys=0.00, real=0.00 secs] 
80.187: Total time for which application threads were stopped: 0.0050350 seconds, Stopping threads took: 0.0026910 seconds
80.224: Application time: 0.0366710 seconds
80.226: [GC [PSYoungGen: 48624K->6640K(48640K)] 94071K->53083K(159744K), 0.0023280 secs] [Times: user=0.02 sys=0.00, real=0.00 secs] 
80.229: Total time for which application threads were stopped: 0.0046850 seconds, Stopping threads took: 0.0022720 seconds
80.266: Application time: 0.0378380 seconds
80.268: [GC [PSYoungGen: 48624K->6656K(48640K)] 95067K->54351K(159744K), 0.0024690 secs] [Times: user=0.01 sys=0.00, real=0.00 secs] 
80.271: Total time for which application threads were stopped: 0.0043670 seconds, Stopping threads took: 0.0018050 seconds
80.310: Application time: 0.0389330 seconds
80.311: [GC [PSYoungGen: 48640K->5248K(48640K)] 96335K->52951K(159744K), 0.0017170 secs] [Times: user=0.01 sys=0.00, real=0.01 secs] 
80.313: Total time for which application threads were stopped: 0.0029100 seconds, Stopping threads took: 0.0011160 seconds
80.350: Application time: 0.0371640 seconds
80.352: [GC [PSYoungGen: 47232K->6640K(48640K)] 94935K->54815K(159744K), 0.0021600 secs] [Times: user=0.01 sys=0.01, real=0.00 secs] 
80.354: Total time for which application threads were stopped: 0.0046470 seconds, Stopping threads took: 0.0024080 seconds
80.391: Application time: 0.0369100 seconds
80.394: [GC [PSYoungGen: 48624K->6640K(48640K)] 96799K->54983K(159744K), 0.0019210 secs] [Times: user=0.01 sys=0.00, real=0.00 secs] 
80.395: Total time for which application threads were stopped: 0.0041100 seconds, Stopping threads took: 0.0021180 seconds
80.431: Application time: 0.0358140 seconds
80.434: [GC [PSYoungGen: 48624K->6656K(48640K)] 96967K->56543K(159744K), 0.0025120 secs] [Times: user=0.02 sys=0.00, real=0.00 secs] 
80.436: Total time for which application threads were stopped: 0.0051970 seconds, Stopping threads took: 0.0026010 seconds
80.474: Application time: 0.0378590 seconds
80.477: [GC [PSYoungGen: 48640K->6624K(48640K)] 98527K->57247K(159744K), 0.0022010 secs] [Times: user=0.01 sys=0.00, real=0.00 secs] 
80.479: Total time for which application threads were stopped: 0.0046900 seconds, Stopping threads took: 0.0024080 seconds
80.516: Application time: 0.0369160 seconds
80.519: [GC [PSYoungGen: 48608K->6656K(48640K)] 99231K->57727K(159744K), 0.0021840 secs] [Times: user=0.02 sys=0.00, real=0.00 secs] 
80.521: Total time for which application threads were stopped: 0.0050530 seconds, Stopping threads took: 0.0027840 seconds
80.558: Application time: 0.0367090 seconds
80.560: [GC [PSYoungGen: 48640K->6640K(48640K)] 99711K->59107K(159744K), 0.0024260 secs] [Times: user=0.02 sys=0.00, real=0.00 secs] 
80.563: Total time for which application threads were stopped: 0.0049000 seconds, Stopping threads took: 0.0023950 seconds
80.601: Application time: 0.0387310 seconds
80.604: [GC [PSYoungGen: 48624K->6464K(48640K)] 101091K->58947K(159744K), 0.0019050 secs] [Times: user=0.02 sys=0.00, real=0.00 secs] 
80.606: Total time for which application threads were stopped: 0.0043330 seconds, Stopping threads took: 0.0023440 seconds
80.643: Application time: 0.0371430 seconds
80.645: [GC [PSYoungGen: 48448K->6624K(48640K)] 100931K->59367K(159744K), 0.0021620 secs] [Times: user=0.01 sys=0.00, real=0.00 secs] 
80.647: Total time for which application threads were stopped: 0.0038900 seconds, Stopping threads took: 0.0016450 seconds
80.683: Application time: 0.0361370 seconds
80.685: [GC [PSYoungGen: 48608K->6624K(48640K)] 101351K->59967K(159744K), 0.0021050 secs] [Times: user=0.01 sys=0.00, real=0.00 secs] 
80.687: Total time for which application threads were stopped: 0.0039850 seconds, Stopping threads took: 0.0017970 seconds
80.724: Application time: 0.0366840 seconds
80.725: [GC [PSYoungGen: 48608K->6624K(48640K)] 101951K->60783K(159744K), 0.0021580 secs] [Times: user=0.01 sys=0.00, real=0.00 secs] 
80.727: Total time for which application threads were stopped: 0.0039440 seconds, Stopping threads took: 0.0017020 seconds
80.764: Application time: 0.0366040 seconds
80.766: [GC [PSYoungGen: 48608K->6656K(48640K)] 102767K->61784K(159744K), 0.0022460 secs] [Times: user=0.02 sys=0.00, real=0.00 secs] 
80.768: Total time for which application threads were stopped: 0.0041120 seconds, Stopping threads took: 0.0017850 seconds
80.805: Application time: 0.0370300 seconds
80.807: [GC [PSYoungGen: 48639K->6656K(48640K)] 103767K->62860K(159744K), 0.0022760 secs] [Times: user=0.01 sys=0.00, real=0.00 secs] 
80.810: Total time for which application threads were stopped: 0.0042790 seconds, Stopping threads took: 0.0019210 seconds
80.847: Application time: 0.0371080 seconds
80.848: [GC [PSYoungGen: 48640K->6656K(48640K)] 104844K->63180K(159744K), 0.0021100 secs] [Times: user=0.02 sys=0.00, real=0.00 secs] 
80.851: Total time for which application threads were stopped: 0.0039000 seconds, Stopping threads took: 0.0017110 seconds
80.887: Application time: 0.0366260 seconds
80.889: [GC [PSYoungGen: 48640K->6640K(48640K)] 105164K->63436K(159744K), 0.0021670 secs] [Times: user=0.01 sys=0.00, real=0.01 secs] 
80.892: Total time for which application threads were stopped: 0.0044090 seconds, Stopping threads took: 0.0021630 seconds
80.928: Application time: 0.0367090 seconds
80.930: [GC [PSYoungGen: 48624K->6624K(48640K)] 105420K->63516K(159744K), 0.0020990 secs] [Times: user=0.02 sys=0.00, real=0.01 secs] 
80.932: Total time for which application threads were stopped: 0.0040750 seconds, Stopping threads took: 0.0018890 seconds
80.970: Application time: 0.0376640 seconds
80.972: [GC [PSYoungGen: 48608K->6656K(48640K)] 105500K->64516K(159744K), 0.0023370 secs] [Times: user=0.02 sys=0.00, real=0.00 secs] 
80.974: Total time for which application threads were stopped: 0.0038640 seconds, Stopping threads took: 0.0014490 seconds
81.011: Application time: 0.0369250 seconds
81.013: [GC [PSYoungGen: 48640K->6432K(48640K)] 106500K->64300K(159744K), 0.0019510 secs] [Times: user=0.01 sys=0.00, real=0.00 secs] 
81.015: Total time for which application threads were stopped: 0.0044200 seconds, Stopping threads took: 0.0023930 seconds
81.054: Application time: 0.0384390 seconds
81.055: [GC [PSYoungGen: 48416K->6304K(48640K)] 106284K->64172K(159744K), 0.0019350 secs] [Times: user=0.02 sys=0.00, real=0.00 secs] 
81.057: Total time for which application threads were stopped: 0.0030770 seconds, Stopping threads took: 0.0010650 seconds
81.095: Application time: 0.0377980 seconds
81.096: [GC [PSYoungGen: 48288K->6624K(48640K)] 106156K->65876K(159744K), 0.0023650 secs] [Times: user=0.01 sys=0.00, real=0.00 secs] 
81.098: Total time for which application threads were stopped: 0.0037010 seconds, Stopping threads took: 0.0012550 seconds
81.136: Application time: 0.0373610 seconds
81.137: [GC [PSYoungGen: 48608K->6624K(48640K)] 107860K->66684K(159744K), 0.0021950 secs] [Times: user=0.02 sys=0.00, real=0.00 secs] 
81.140: Total time for which application threads were stopped: 0.0040990 seconds, Stopping threads took: 0.0018120 seconds
81.178: Application time: 0.0377880 seconds
81.179: [GC [PSYoungGen: 48608K->6640K(48640K)] 108668K->67604K(159744K), 0.0022800 secs] [Times: user=0.02 sys=0.00, real=0.00 secs] 
81.181: Total time for which application threads were stopped: 0.0034400 seconds, Stopping threads took: 0.0010680 seconds
81.218: Application time: 0.0369350 seconds
81.220: [GC [PSYoungGen: 48624K->6640K(48640K)] 109588K->68396K(159744K), 0.0021820 secs] [Times: user=0.01 sys=0.00, real=0.00 secs] 
81.222: Total time for which application threads were stopped: 0.0041090 seconds, Stopping threads took: 0.0018480 seconds
81.260: Application time: 0.0381240 seconds
81.262: [GC [PSYoungGen: 48624K->5952K(48640K)] 110380K->67708K(159744K), 0.0019030 secs] [Times: user=0.01 sys=0.00, real=0.01 secs] 
81.264: Total time for which application threads were stopped: 0.0040880 seconds, Stopping threads took: 0.0021100 seconds
81.305: Application time: 0.0409150 seconds
81.307: [GC [PSYoungGen: 47936K->5424K(48640K)] 109692K->67180K(159744K), 0.0017110 secs] [Times: user=0.01 sys=0.00, real=0.00 secs] 
81.308: Total time for which application threads were stopped: 0.0031310 seconds, Stopping threads took: 0.0013420 seconds
81.348: Application time: 0.0401550 seconds
81.351: [GC [PSYoungGen: 47408K->6640K(48640K)] 109164K->68548K(159744K), 0.0021830 secs] [Times: user=0.02 sys=0.00, real=0.01 secs] 
81.353: Total time for which application threads were stopped: 0.0043210 seconds, Stopping threads took: 0.0020560 seconds
81.393: Application time: 0.0403350 seconds
81.395: [GC [PSYoungGen: 48624K->6192K(48640K)] 110532K->68108K(159744K), 0.0018780 secs] [Times: user=0.02 sys=0.00, real=0.00 secs] 
81.397: Total time for which application threads were stopped: 0.0036970 seconds, Stopping threads took: 0.0017340 seconds
81.435: Application time: 0.0379030 seconds
81.437: [GC [PSYoungGen: 48176K->6640K(48640K)] 110092K->69324K(159744K), 0.0024110 secs] [Times: user=0.01 sys=0.00, real=0.00 secs] 
81.440: Total time for which application threads were stopped: 0.0051430 seconds, Stopping threads took: 0.0026490 seconds
81.481: Application time: 0.0407630 seconds
81.482: [GC [PSYoungGen: 48624K->5744K(48640K)] 111308K->68436K(159744K), 0.0018130 secs] [Times: user=0.02 sys=0.00, real=0.01 secs] 
81.484: Total time for which application threads were stopped: 0.0034600 seconds, Stopping threads took: 0.0015690 seconds
81.522: Application time: 0.0382980 seconds
81.524: [GC [PSYoungGen: 47728K->6432K(48640K)] 110420K->69124K(159744K), 0.0019700 secs] [Times: user=0.01 sys=0.00, real=0.00 secs] 
81.526: Total time for which application threads were stopped: 0.0037020 seconds, Stopping threads took: 0.0016520 seconds
81.566: Application time: 0.0398450 seconds
81.568: [GC [PSYoungGen: 48416K->6624K(48640K)] 111108K->69428K(159744K), 0.0020590 secs] [Times: user=0.01 sys=0.00, real=0.00 secs] 
81.570: Total time for which application threads were stopped: 0.0039140 seconds, Stopping threads took: 0.0017760 seconds
81.610: Application time: 0.0397040 seconds
81.613: [GC [PSYoungGen: 48608K->6656K(48640K)] 111412K->69604K(159744K), 0.0020570 secs] [Times: user=0.01 sys=0.00, real=0.00 secs] 
81.615: Total time for which application threads were stopped: 0.0053150 seconds, Stopping threads took: 0.0031790 seconds
81.655: Application time: 0.0403100 seconds
81.657: [GC [PSYoungGen: 48640K->6624K(48640K)] 111588K->69692K(159744K), 0.0021000 secs] [Times: user=0.01 sys=0.00, real=0.00 secs] 
81.660: Total time for which application threads were stopped: 0.0044520 seconds, Stopping threads took: 0.0022670 seconds
81.700: Application time: 0.0405600 seconds
81.701: [GC [PSYoungGen: 48608K->6656K(48640K)] 111676K->70740K(159744K), 0.0023330 secs] [Times: user=0.01 sys=0.00, real=0.01 secs] 
81.703: Total time for which application threads were stopped: 0.0032460 seconds, Stopping threads took: 0.0008290 seconds
81.744: Application time: 0.0402700 seconds
81.746: [GC [PSYoungGen: 48640K->5152K(48640K)] 112724K->69236K(159744K), 0.0016060 secs] [Times: user=0.01 sys=0.01, real=0.00 secs] 
81.747: Total time for which application threads were stopped: 0.0037010 seconds, Stopping threads took: 0.0020180 seconds
81.787: Application time: 0.0398980 seconds
81.789: [GC [PSYoungGen: 47136K->5920K(48640K)] 111220K->70004K(159744K), 0.0018040 secs] [Times: user=0.01 sys=0.00, real=0.00 secs] 
81.791: Total time for which application threads were stopped: 0.0033620 seconds, Stopping threads took: 0.0014820 seconds
81.831: Application time: 0.0401470 seconds
81.833: [GC [PSYoungGen: 47904K->6256K(48640K)] 111988K->70340K(159744K), 0.0019410 secs] [Times: user=0.01 sys=0.00, real=0.00 secs] 
81.835: Total time for which application threads were stopped: 0.0042310 seconds, Stopping threads took: 0.0022130 seconds
81.875: Application time: 0.0395800 seconds
81.877: [GC [PSYoungGen: 48240K->6640K(48640K)] 112324K->72244K(159744K), 0.0024310 secs] [Times: user=0.01 sys=0.00, real=0.00 secs] 
81.879: Total time for which application threads were stopped: 0.0043850 seconds, Stopping threads took: 0.0018730 seconds
81.918: Application time: 0.0391040 seconds
81.920: [GC [PSYoungGen: 48622K->6656K(48640K)] 114226K->72836K(159744K), 0.0021580 secs] [Times: user=0.01 sys=0.00, real=0.00 secs] 
81.922: Total time for which application threads were stopped: 0.0041490 seconds, Stopping threads took: 0.0019070 seconds
81.962: Application time: 0.0395090 seconds
81.963: [GC [PSYoungGen: 48640K->6640K(48640K)] 114820K->72884K(159744K), 0.0021040 secs] [Times: user=0.01 sys=0.00, real=0.00 secs] 
81.966: Total time for which application threads were stopped: 0.0038610 seconds, Stopping threads took: 0.0016680 seconds
82.006: Application time: 0.0401420 seconds
82.007: [GC [PSYoungGen: 48624K->6656K(48640K)] 114868K->73180K(159744K), 0.0021700 secs] [Times: user=0.02 sys=0.00, real=0.00 secs] 
82.010: Total time for which application threads were stopped: 0.0038560 seconds, Stopping threads took: 0.0015840 seconds
82.050: Application time: 0.0401430 seconds
82.052: [GC [PSYoungGen: 48640K->6640K(48640K)] 115164K->73500K(159744K), 0.0021460 secs] [Times: user=0.02 sys=0.00, real=0.00 secs] 
82.054: Total time for which application threads were stopped: 0.0045580 seconds, Stopping threads took: 0.0023300 seconds
82.095: Application time: 0.0406110 seconds
82.096: [GC [PSYoungGen: 48624K->6624K(48640K)] 115484K->73724K(159744K), 0.0022480 secs] [Times: user=0.01 sys=0.00, real=0.00 secs] 
82.099: Total time for which application threads were stopped: 0.0037320 seconds, Stopping threads took: 0.0013800 seconds
82.140: Application time: 0.0408680 seconds
82.142: [GC [PSYoungGen: 48608K->6624K(48640K)] 115708K->73852K(159744K), 0.0021540 secs] [Times: user=0.01 sys=0.00, real=0.01 secs] 
82.144: Total time for which application threads were stopped: 0.0046520 seconds, Stopping threads took: 0.0024180 seconds
82.185: Application time: 0.0403830 seconds
82.188: [GC [PSYoungGen: 48608K->6224K(48640K)] 115836K->73460K(159744K), 0.0018930 secs] [Times: user=0.01 sys=0.00, real=0.00 secs] 
82.190: Total time for which application threads were stopped: 0.0050580 seconds, Stopping threads took: 0.0030740 seconds
82.230: Application time: 0.0400200 seconds
82.232: [GC [PSYoungGen: 48208K->5216K(48640K)] 115444K->72468K(159744K), 0.0017100 secs] [Times: user=0.01 sys=0.00, real=0.00 secs] 
82.234: Total time for which application threads were stopped: 0.0043700 seconds, Stopping threads took: 0.0025860 seconds
82.275: Application time: 0.0405050 seconds
82.276: [GC [PSYoungGen: 47200K->6656K(48640K)] 114452K->74380K(159744K), 0.0022630 secs] [Times: user=0.01 sys=0.00, real=0.00 secs] 
82.279: Total time for which application threads were stopped: 0.0039960 seconds, Stopping threads took: 0.0016490 seconds
82.318: Application time: 0.0398180 seconds
82.320: [GC [PSYoungGen: 48640K->6624K(48640K)] 116364K->75412K(159744K), 0.0024280 secs] [Times: user=0.02 sys=0.00, real=0.00 secs] 
82.323: Total time for which application threads were stopped: 0.0041650 seconds, Stopping threads took: 0.0016510 seconds
82.361: Application time: 0.0389220 seconds
82.364: [GC [PSYoungGen: 48608K->6640K(48640K)] 117396K->75932K(159744K), 0.0021810 secs] [Times: user=0.01 sys=0.00, real=0.00 secs] 
82.366: Total time for which application threads were stopped: 0.0046480 seconds, Stopping threads took: 0.0023790 seconds
82.406: Application time: 0.0394040 seconds
82.408: [GC [PSYoungGen: 48624K->6144K(48640K)] 117916K->75444K(159744K), 0.0018860 secs] [Times: user=0.01 sys=0.00, real=0.00 secs] 
82.410: Total time for which application threads were stopped: 0.0043270 seconds, Stopping threads took: 0.0023590 seconds
82.452: Application time: 0.0418990 seconds
82.453: [GC [PSYoungGen: 48128K->4960K(48640K)] 117428K->74268K(159744K), 0.0016060 secs] [Times: user=0.01 sys=0.00, real=0.00 secs] 
82.455: Total time for which application threads were stopped: 0.0030560 seconds, Stopping threads took: 0.0013710 seconds
82.496: Application time: 0.0415900 seconds
82.498: [GC [PSYoungGen: 46944K->6336K(48640K)] 116252K->75644K(159744K), 0.0019440 secs] [Times: user=0.02 sys=0.00, real=0.00 secs] 
82.500: Total time for which application threads were stopped: 0.0035150 seconds, Stopping threads took: 0.0014900 seconds
82.540: Application time: 0.0398900 seconds
82.541: [GC [PSYoungGen: 48320K->5872K(48640K)] 117628K->75180K(159744K), 0.0017800 secs] [Times: user=0.01 sys=0.00, real=0.01 secs] 
82.543: Total time for which application threads were stopped: 0.0033830 seconds, Stopping threads took: 0.0015260 seconds
82.584: Application time: 0.0407010 seconds
82.586: [GC [PSYoungGen: 47856K->6400K(48640K)] 117164K->75724K(159744K), 0.0020940 secs] [Times: user=0.01 sys=0.00, real=0.00 secs] 
82.588: Total time for which application threads were stopped: 0.0041380 seconds, Stopping threads took: 0.0019600 seconds
82.629: Application time: 0.0411050 seconds
82.631: [GC [PSYoungGen: 48384K->6640K(48640K)] 117708K->76460K(159744K), 0.0022440 secs] [Times: user=0.01 sys=0.00, real=0.00 secs] 
82.634: Total time for which application threads were stopped: 0.0043540 seconds, Stopping threads took: 0.0020280 seconds
82.674: Application time: 0.0407300 seconds
82.676: [GC [PSYoungGen: 48624K->6528K(48640K)] 118444K->76356K(159744K), 0.0020170 secs] [Times: user=0.01 sys=0.00, real=0.00 secs] 
82.678: Total time for which application threads were stopped: 0.0034930 seconds, Stopping threads took: 0.0014000 seconds
82.719: Application time: 0.0411990 seconds
82.720: [GC [PSYoungGen: 48512K->4976K(48640K)] 118340K->74820K(159744K), 0.0015990 secs] [Times: user=0.01 sys=0.00, real=0.00 secs] 
82.722: Total time for which application threads were stopped: 0.0029600 seconds, Stopping threads took: 0.0012790 seconds
82.762: Application time: 0.0399510 seconds
82.764: [GC [PSYoungGen: 46960K->6640K(48640K)] 116804K->77148K(159744K), 0.0022380 secs] [Times: user=0.01 sys=0.00, real=0.00 secs] 
82.766: Total time for which application threads were stopped: 0.0044710 seconds, Stopping threads took: 0.0021490 seconds
82.807: Application time: 0.0401860 seconds
82.808: [GC [PSYoungGen: 48624K->5904K(48640K)] 119132K->76412K(159744K), 0.0017460 secs] [Times: user=0.02 sys=0.00, real=0.00 secs] 
82.810: Total time for which application threads were stopped: 0.0036970 seconds, Stopping threads took: 0.0018690 seconds
82.850: Application time: 0.0400970 seconds
82.853: [GC [PSYoungGen: 47888K->6640K(48640K)] 118396K->77188K(159744K), 0.0020520 secs] [Times: user=0.01 sys=0.00, real=0.00 secs] 
82.855: Total time for which application threads were stopped: 0.0049830 seconds, Stopping threads took: 0.0028450 seconds
82.895: Application time: 0.0400060 seconds
82.897: [GC [PSYoungGen: 48624K->6656K(48640K)] 119172K->77996K(159744K), 0.0023410 secs] [Times: user=0.01 sys=0.00, real=0.00 secs] 
82.900: Total time for which application threads were stopped: 0.0045330 seconds, Stopping threads took: 0.0021040 seconds
82.939: Application time: 0.0388010 seconds
82.941: [GC [PSYoungGen: 48640K->6640K(48640K)] 119980K->78908K(159744K), 0.0023140 secs] [Times: user=0.02 sys=0.00, real=0.00 secs] 
82.943: Total time for which application threads were stopped: 0.0044100 seconds, Stopping threads took: 0.0020140 seconds
82.981: Application time: 0.0376430 seconds
82.983: [GC [PSYoungGen: 48624K->6656K(48640K)] 120892K->80136K(159744K), 0.0023870 secs] [Times: user=0.01 sys=0.00, real=0.00 secs] 
82.986: Total time for which application threads were stopped: 0.0052030 seconds, Stopping threads took: 0.0027330 seconds
83.026: Application time: 0.0400250 seconds
83.028: [GC [PSYoungGen: 48640K->5824K(48640K)] 122120K->79304K(159744K), 0.0017590 secs] [Times: user=0.01 sys=0.00, real=0.00 secs] 
83.029: Total time for which application threads were stopped: 0.0034560 seconds, Stopping threads took: 0.0016180 seconds
83.069: Application time: 0.0392190 seconds
83.071: [GC [PSYoungGen: 47808K->6640K(48640K)] 121288K->81000K(159744K), 0.0022990 secs] [Times: user=0.01 sys=0.00, real=0.01 secs] 
83.073: Total time for which application threads were stopped: 0.0042600 seconds, Stopping threads took: 0.0018770 seconds
83.112: Application time: 0.0389000 seconds
83.114: [GC [PSYoungGen: 48624K->6656K(48640K)] 122984K->81888K(159744K), 0.0024350 secs] [Times: user=0.02 sys=0.00, real=0.00 secs] 
83.116: Total time for which application threads were stopped: 0.0044830 seconds, Stopping threads took: 0.0019630 seconds
83.156: Application time: 0.0396680 seconds
83.159: [GC [PSYoungGen: 48640K->6640K(48640K)] 123872K->82680K(159744K), 0.0022920 secs] [Times: user=0.01 sys=0.00, real=0.00 secs] 
83.161: Total time for which application threads were stopped: 0.0055140 seconds, Stopping threads took: 0.0031410 seconds
83.203: Application time: 0.0415150 seconds
83.204: [GC [PSYoungGen: 48624K->5328K(48640K)] 124664K->81376K(159744K), 0.0016400 secs] [Times: user=0.01 sys=0.00, real=0.00 secs] 
83.206: Total time for which application threads were stopped: 0.0030740 seconds, Stopping threads took: 0.0013610 seconds
83.246: Application time: 0.0403260 seconds
83.248: [GC [PSYoungGen: 47312K->6656K(48640K)] 123360K->84065K(159744K), 0.0024340 secs] [Times: user=0.01 sys=0.00, real=0.00 secs] 
83.251: Total time for which application threads were stopped: 0.0043590 seconds, Stopping threads took: 0.0018380 seconds
83.291: Application time: 0.0398930 seconds
83.292: [GC [PSYoungGen: 48640K->6656K(48640K)] 126049K->84609K(159744K), 0.0021630 secs] [Times: user=0.01 sys=0.00, real=0.00 secs] 
83.294: Total time for which application threads were stopped: 0.0035890 seconds, Stopping threads took: 0.0013440 seconds
83.335: Application time: 0.0403920 seconds
83.336: [GC [PSYoungGen: 48640K->6080K(48640K)] 126593K->84041K(159744K), 0.0019430 secs] [Times: user=0.01 sys=0.00, real=0.00 secs] 
83.338: Total time for which application threads were stopped: 0.0036470 seconds, Stopping threads took: 0.0016150 seconds
83.380: Application time: 0.0415650 seconds
83.382: [GC [PSYoungGen: 48064K->6144K(48640K)] 126025K->84105K(159744K), 0.0022040 secs] [Times: user=0.01 sys=0.00, real=0.01 secs] 
83.384: Total time for which application threads were stopped: 0.0043140 seconds, Stopping threads took: 0.0020180 seconds
83.425: Application time: 0.0410870 seconds
83.426: [GC [PSYoungGen: 48128K->6240K(48640K)] 126089K->84201K(159744K), 0.0022030 secs] [Times: user=0.01 sys=0.00, real=0.00 secs] 
83.429: Total time for which application threads were stopped: 0.0034620 seconds, Stopping threads took: 0.0011810 seconds
83.468: Application time: 0.0397010 seconds
83.469: [GC [PSYoungGen: 48224K->6208K(48640K)] 126185K->84169K(159744K), 0.0020070 secs] [Times: user=0.01 sys=0.00, real=0.01 secs] 
83.472: Total time for which application threads were stopped: 0.0031310 seconds, Stopping threads took: 0.0010410 seconds
83.513: Application time: 0.0410190 seconds
83.515: [GC [PSYoungGen: 48192K->5728K(48640K)] 126153K->83689K(159744K), 0.0018470 secs] [Times: user=0.01 sys=0.00, real=0.00 secs] 
83.516: Total time for which application threads were stopped: 0.0038500 seconds, Stopping threads took: 0.0019180 seconds
83.557: Application time: 0.0407270 seconds
83.559: [GC [PSYoungGen: 47712K->6640K(48640K)] 125673K->85585K(159744K), 0.0024710 secs] [Times: user=0.02 sys=0.00, real=0.00 secs] 
83.561: Total time for which application threads were stopped: 0.0043210 seconds, Stopping threads took: 0.0017580 seconds
83.601: Application time: 0.0399420 seconds
83.603: [GC [PSYoungGen: 48624K->6000K(48640K)] 127569K->84945K(159744K), 0.0019020 secs] [Times: user=0.02 sys=0.00, real=0.01 secs] 
83.605: Total time for which application threads were stopped: 0.0035470 seconds, Stopping threads took: 0.0015610 seconds
83.645: Application time: 0.0401920 seconds
83.648: [GC [PSYoungGen: 47984K->6336K(48640K)] 126929K->85289K(159744K), 0.0018840 secs] [Times: user=0.01 sys=0.00, real=0.00 secs] 
83.650: Total time for which application threads were stopped: 0.0048750 seconds, Stopping threads took: 0.0029090 seconds
83.692: Application time: 0.0416980 seconds
83.693: [GC [PSYoungGen: 48319K->5664K(48640K)] 127272K->84625K(159744K), 0.0018360 secs] [Times: user=0.01 sys=0.00, real=0.00 secs] 
83.695: Total time for which application threads were stopped: 0.0032030 seconds, Stopping threads took: 0.0012800 seconds
83.737: Application time: 0.0418720 seconds
83.739: [GC [PSYoungGen: 47646K->4944K(48640K)] 126607K->83905K(159744K), 0.0016500 secs] [Times: user=0.01 sys=0.00, real=0.00 secs] 
83.741: Total time for which application threads were stopped: 0.0041170 seconds, Stopping threads took: 0.0023920 seconds
83.779: Application time: 0.0380440 seconds
83.782: [GC [PSYoungGen: 46928K->6624K(48640K)] 125889K->86289K(159744K), 0.0022280 secs] [Times: user=0.01 sys=0.00, real=0.01 secs] 
83.784: Total time for which application threads were stopped: 0.0054150 seconds, Stopping threads took: 0.0030910 seconds
83.824: Application time: 0.0392420 seconds
83.826: [GC [PSYoungGen: 48608K->6656K(48640K)] 128273K->87217K(159744K), 0.0022780 secs] [Times: user=0.02 sys=0.00, real=0.00 secs] 
83.828: Total time for which application threads were stopped: 0.0041910 seconds, Stopping threads took: 0.0018260 seconds
83.868: Application time: 0.0401120 seconds
83.869: [GC [PSYoungGen: 48640K->6000K(48640K)] 129201K->86569K(159744K), 0.0018400 secs] [Times: user=0.01 sys=0.00, real=0.01 secs] 
83.871: Total time for which application threads were stopped: 0.0032600 seconds, Stopping threads took: 0.0013400 seconds
83.909: Application time: 0.0377540 seconds
83.912: [GC [PSYoungGen: 47984K->6656K(48640K)] 128553K->87897K(159744K), 0.0021850 secs] [Times: user=0.01 sys=0.00, real=0.00 secs] 
83.914: Total time for which application threads were stopped: 0.0048620 seconds, Stopping threads took: 0.0025940 seconds
83.954: Application time: 0.0405390 seconds
83.957: [GC [PSYoungGen: 48640K->6656K(48640K)] 129881K->87913K(159744K), 0.0020210 secs] [Times: user=0.02 sys=0.00, real=0.00 secs] 
83.959: Total time for which application threads were stopped: 0.0042460 seconds, Stopping threads took: 0.0021430 seconds
83.998: Application time: 0.0389750 seconds
84.000: [GC [PSYoungGen: 48640K->6656K(48640K)] 129897K->89209K(159744K), 0.0024270 secs] [Times: user=0.02 sys=0.00, real=0.00 secs] 
84.002: Total time for which application threads were stopped: 0.0046180 seconds, Stopping threads took: 0.0021030 seconds
84.043: Application time: 0.0406550 seconds
84.045: [GC [PSYoungGen: 48640K->5312K(48640K)] 131193K->87865K(159744K), 0.0017430 secs] [Times: user=0.01 sys=0.00, real=0.00 secs] 
84.046: Total time for which application threads were stopped: 0.0034230 seconds, Stopping threads took: 0.0016050 seconds
84.086: Application time: 0.0395950 seconds
84.088: [GC [PSYoungGen: 47296K->6208K(48640K)] 129849K->88761K(159744K), 0.0019270 secs] [Times: user=0.02 sys=0.00, real=0.00 secs] 
84.090: Total time for which application threads were stopped: 0.0037090 seconds, Stopping threads took: 0.0017050 seconds
84.129: Application time: 0.0392650 seconds
84.131: [GC [PSYoungGen: 48192K->6640K(48640K)] 130745K->89481K(159744K), 0.0022250 secs] [Times: user=0.01 sys=0.00, real=0.01 secs] 
84.133: Total time for which application threads were stopped: 0.0044620 seconds, Stopping threads took: 0.0021560 seconds
84.173: Application time: 0.0399700 seconds
84.175: [GC [PSYoungGen: 48624K->5984K(48640K)] 131465K->88833K(159744K), 0.0018980 secs] [Times: user=0.01 sys=0.00, real=0.00 secs] 
84.177: Total time for which application threads were stopped: 0.0041030 seconds, Stopping threads took: 0.0021220 seconds
84.217: Application time: 0.0395350 seconds
84.220: [GC [PSYoungGen: 47968K->6624K(48640K)] 130817K->89521K(159744K), 0.0020290 secs] [Times: user=0.01 sys=0.00, real=0.00 secs] 
84.222: Total time for which application threads were stopped: 0.0048980 seconds, Stopping threads took: 0.0027880 seconds
84.260: Application time: 0.0386320 seconds
84.262: [GC [PSYoungGen: 48608K->6656K(48640K)] 131505K->90913K(159744K), 0.0024580 secs] [Times: user=0.02 sys=0.00, real=0.01 secs] 
84.265: Total time for which application threads were stopped: 0.0042060 seconds, Stopping threads took: 0.0016570 seconds
84.305: Application time: 0.0405420 seconds
84.308: [GC [PSYoungGen: 48640K->6640K(48640K)] 132897K->90945K(159744K), 0.0021100 secs] [Times: user=0.01 sys=0.01, real=0.00 secs] 
84.310: Total time for which application threads were stopped: 0.0048080 seconds, Stopping threads took: 0.0026090 seconds
84.350: Application time: 0.0398560 seconds
84.352: [GC [PSYoungGen: 48624K->6656K(48640K)] 132929K->90985K(159744K), 0.0020710 secs] [Times: user=0.02 sys=0.00, real=0.00 secs] 
84.354: Total time for which application threads were stopped: 0.0040530 seconds, Stopping threads took: 0.0018970 seconds
84.393: Application time: 0.0389180 seconds
84.395: [GC [PSYoungGen: 48640K->6656K(48640K)] 132969K->91321K(159744K), 0.0021410 secs] [Times: user=0.02 sys=0.00, real=0.00 secs] 
84.397: Total time for which application threads were stopped: 0.0044650 seconds, Stopping threads took: 0.0022450 seconds
84.437: Application time: 0.0396200 seconds
84.439: [GC [PSYoungGen: 48640K->6400K(48640K)] 133305K->91073K(159744K), 0.0020100 secs] [Times: user=0.02 sys=0.00, real=0.00 secs] 
84.441: Total time for which application threads were stopped: 0.0038780 seconds, Stopping threads took: 0.0017820 seconds
84.481: Application time: 0.0401820 seconds
84.483: [GC [PSYoungGen: 48384K->6656K(48640K)] 133057K->92313K(159744K), 0.0023110 secs] [Times: user=0.02 sys=0.00, real=0.01 secs] 
84.485: Total time for which application threads were stopped: 0.0041060 seconds, Stopping threads took: 0.0017130 seconds
84.525: Application time: 0.0400010 seconds
84.527: [GC [PSYoungGen: 48640K->6656K(48640K)] 134297K->92505K(159744K), 0.0020730 secs] [Times: user=0.01 sys=0.00, real=0.00 secs] 
84.529: Total time for which application threads were stopped: 0.0039650 seconds, Stopping threads took: 0.0018070 seconds
84.569: Application time: 0.0395030 seconds
84.571: [GC [PSYoungGen: 48640K->6656K(48640K)] 134489K->93097K(159744K), 0.0025060 secs] [Times: user=0.01 sys=0.00, real=0.01 secs] 
84.573: Total time for which application threads were stopped: 0.0046080 seconds, Stopping threads took: 0.0019990 seconds
84.612: Application time: 0.0390100 seconds
84.615: [GC [PSYoungGen: 48640K->6656K(48640K)] 135081K->93993K(159744K), 0.0025800 secs] [Times: user=0.02 sys=0.00, real=0.00 secs] 
84.617: Total time for which application threads were stopped: 0.0050030 seconds, Stopping threads took: 0.0023400 seconds
84.657: Application time: 0.0393690 seconds
84.660: [GC [PSYoungGen: 48640K->6640K(48640K)] 135977K->94793K(159744K), 0.0024700 secs] [Times: user=0.02 sys=0.00, real=0.00 secs] 
84.662: Total time for which application threads were stopped: 0.0054220 seconds, Stopping threads took: 0.0028480 seconds
84.703: Application time: 0.0412540 seconds
84.704: [GC [PSYoungGen: 48624K->5888K(48640K)] 136777K->94041K(159744K), 0.0019420 secs] [Times: user=0.01 sys=0.00, real=0.00 secs] 
84.706: Total time for which application threads were stopped: 0.0031500 seconds, Stopping threads took: 0.0011310 seconds
84.746: Application time: 0.0395290 seconds
84.748: [GC [PSYoungGen: 47872K->6656K(48640K)] 136025K->95537K(159744K), 0.0022140 secs] [Times: user=0.02 sys=0.00, real=0.00 secs] 
84.750: Total time for which application threads were stopped: 0.0044250 seconds, Stopping threads took: 0.0021290 seconds
84.789: Application time: 0.0387130 seconds
84.792: [GC [PSYoungGen: 48640K->6640K(48640K)] 137521K->96497K(159744K), 0.0023280 secs] [Times: user=0.02 sys=0.00, real=0.00 secs] 
84.794: Total time for which application threads were stopped: 0.0048640 seconds, Stopping threads took: 0.0024520 seconds
84.835: Application time: 0.0411650 seconds
84.837: [GC [PSYoungGen: 48624K->4928K(48640K)] 138481K->94793K(159744K), 0.0016710 secs] [Times: user=0.02 sys=0.00, real=0.00 secs] 
84.838: Total time for which application threads were stopped: 0.0031250 seconds, Stopping threads took: 0.0013720 seconds
84.880: Application time: 0.0417700 seconds
84.881: [GC [PSYoungGen: 46911K->4880K(48640K)] 136777K->94753K(159744K), 0.0016110 secs] [Times: user=0.01 sys=0.00, real=0.00 secs] 
84.883: Total time for which application threads were stopped: 0.0029370 seconds, Stopping threads took: 0.0012460 seconds
84.923: Application time: 0.0398590 seconds
84.925: [GC [PSYoungGen: 46864K->6432K(48640K)] 136737K->96313K(159744K), 0.0019770 secs] [Times: user=0.02 sys=0.00, real=0.00 secs] 
84.927: Total time for which application threads were stopped: 0.0040570 seconds, Stopping threads took: 0.0019970 seconds
84.967: Application time: 0.0404490 seconds
84.969: [GC [PSYoungGen: 48416K->6336K(48640K)] 138297K->96233K(159744K), 0.0018840 secs] [Times: user=0.01 sys=0.00, real=0.01 secs] 
84.971: Total time for which application threads were stopped: 0.0038280 seconds, Stopping threads took: 0.0018630 seconds
85.010: Application time: 0.0391380 seconds
85.013: [GC [PSYoungGen: 48320K->6624K(48640K)] 138217K->97509K(159744K), 0.0024380 secs] [Times: user=0.01 sys=0.00, real=0.00 secs] 
85.015: Total time for which application threads were stopped: 0.0046680 seconds, Stopping threads took: 0.0021480 seconds
85.055: Application time: 0.0398290 seconds
85.057: [GC [PSYoungGen: 48608K->6144K(48640K)] 139493K->97029K(159744K), 0.0018550 secs] [Times: user=0.01 sys=0.00, real=0.00 secs] 
85.059: Total time for which application threads were stopped: 0.0045310 seconds, Stopping threads took: 0.0025930 seconds
85.099: Application time: 0.0391860 seconds
85.101: [GC [PSYoungGen: 48128K->6656K(48640K)] 139013K->98053K(159744K), 0.0022680 secs] [Times: user=0.02 sys=0.00, real=0.01 secs] 
85.103: Total time for which application threads were stopped: 0.0046540 seconds, Stopping threads took: 0.0023030 seconds
85.143: Application time: 0.0400990 seconds
85.147: [GC [PSYoungGen: 48640K->6656K(48640K)] 140037K->98389K(159744K), 0.0020790 secs] [Times: user=0.02 sys=0.00, real=0.00 secs] 
85.149: Total time for which application threads were stopped: 0.0054120 seconds, Stopping threads took: 0.0032480 seconds
85.190: Application time: 0.0414360 seconds
85.192: [GC [PSYoungGen: 48640K->4944K(48640K)] 140373K->96685K(159744K), 0.0016540 secs] [Times: user=0.01 sys=0.00, real=0.00 secs] 
85.194: Total time for which application threads were stopped: 0.0039210 seconds, Stopping threads took: 0.0021950 seconds
85.235: Application time: 0.0406350 seconds
85.236: [GC [PSYoungGen: 46928K->6384K(48640K)] 138669K->98125K(159744K), 0.0020030 secs] [Times: user=0.01 sys=0.00, real=0.00 secs] 
85.238: Total time for which application threads were stopped: 0.0031290 seconds, Stopping threads took: 0.0010520 seconds
85.280: Application time: 0.0420630 seconds
85.281: [GC [PSYoungGen: 48368K->5792K(48640K)] 140109K->97549K(159744K), 0.0018640 secs] [Times: user=0.01 sys=0.00, real=0.01 secs] 
85.283: Total time for which application threads were stopped: 0.0033830 seconds, Stopping threads took: 0.0014390 seconds
85.321: Application time: 0.0379750 seconds
85.324: [GC [PSYoungGen: 47776K->6304K(48640K)] 139533K->98061K(159744K), 0.0019300 secs] [Times: user=0.02 sys=0.00, real=0.00 secs] 
85.326: Total time for which application threads were stopped: 0.0044870 seconds, Stopping threads took: 0.0024780 seconds
85.364: Application time: 0.0379610 seconds
85.366: [GC [PSYoungGen: 48288K->5920K(48640K)] 140045K->97693K(159744K), 0.0018160 secs] [Times: user=0.01 sys=0.00, real=0.00 secs] 
85.368: Total time for which application threads were stopped: 0.0045620 seconds, Stopping threads took: 0.0026500 seconds
85.406: Application time: 0.0380140 seconds
85.408: [GC [PSYoungGen: 47904K->5680K(48640K)] 139677K->97469K(159744K), 0.0017470 secs] [Times: user=0.01 sys=0.00, real=0.00 secs] 
85.410: Total time for which application threads were stopped: 0.0032320 seconds, Stopping threads took: 0.0014120 seconds
85.449: Application time: 0.0396930 seconds
85.451: [GC [PSYoungGen: 47664K->6640K(48640K)] 139453K->98829K(159744K), 0.0021290 secs] [Times: user=0.01 sys=0.00, real=0.01 secs] 
85.453: Total time for which application threads were stopped: 0.0035280 seconds, Stopping threads took: 0.0013200 seconds
85.491: Application time: 0.0379330 seconds
85.492: [GC [PSYoungGen: 48624K->5024K(48640K)] 140813K->97221K(159744K), 0.0016390 secs] [Times: user=0.01 sys=0.00, real=0.00 secs] 
85.493: Total time for which application threads were stopped: 0.0026250 seconds, Stopping threads took: 0.0009140 seconds
85.531: Application time: 0.0374530 seconds
85.532: [GC [PSYoungGen: 47008K->6656K(48640K)] 139205K->99869K(159744K), 0.0023370 secs] [Times: user=0.02 sys=0.00, real=0.00 secs] 
85.535: Total time for which application threads were stopped: 0.0040240 seconds, Stopping threads took: 0.0016090 seconds
85.572: Application time: 0.0375040 seconds
85.574: [GC [PSYoungGen: 48640K->5760K(48640K)] 141853K->98973K(159744K), 0.0017860 secs] [Times: user=0.01 sys=0.00, real=0.00 secs] 
85.576: Total time for which application threads were stopped: 0.0035330 seconds, Stopping threads took: 0.0016720 seconds
85.613: Application time: 0.0371860 seconds
85.615: [GC [PSYoungGen: 47744K->6656K(48640K)] 140957K->100461K(159744K), 0.0021680 secs] [Times: user=0.02 sys=0.00, real=0.00 secs] 
85.617: Total time for which application threads were stopped: 0.0042080 seconds, Stopping threads took: 0.0019590 seconds
85.656: Application time: 0.0385300 seconds
85.657: [GC [PSYoungGen: 48640K->6144K(48640K)] 142445K->99949K(159744K), 0.0018930 secs] [Times: user=0.01 sys=0.00, real=0.00 secs] 
85.659: Total time for which application threads were stopped: 0.0033740 seconds, Stopping threads took: 0.0013920 seconds
85.696: Application time: 0.0372980 seconds
85.698: [GC [PSYoungGen: 48128K->6656K(48640K)] 141933K->101726K(159744K), 0.0024250 secs] [Times: user=0.02 sys=0.00, real=0.00 secs] 
85.701: Total time for which application threads were stopped: 0.0043630 seconds, Stopping threads took: 0.0018590 seconds
85.739: Application time: 0.0383440 seconds
85.740: [GC [PSYoungGen: 48640K->6064K(48640K)] 143710K->101134K(159744K), 0.0018480 secs] [Times: user=0.01 sys=0.00, real=0.00 secs] 
85.742: Total time for which application threads were stopped: 0.0029180 seconds, Stopping threads took: 0.0009900 seconds
85.781: Application time: 0.0388430 seconds
85.783: [GC [PSYoungGen: 48048K->5984K(48640K)] 143118K->101054K(159744K), 0.0018140 secs] [Times: user=0.01 sys=0.00, real=0.01 secs] 
85.785: Total time for which application threads were stopped: 0.0039690 seconds, Stopping threads took: 0.0020770 seconds
85.822: Application time: 0.0368490 seconds
85.824: [GC [PSYoungGen: 47968K->6656K(48640K)] 143038K->102694K(159744K), 0.0022880 secs] [Times: user=0.02 sys=0.00, real=0.00 secs] 
85.826: Total time for which application threads were stopped: 0.0043190 seconds, Stopping threads took: 0.0019530 seconds
85.864: Application time: 0.0379380 seconds
85.866: [GC [PSYoungGen: 48640K->6656K(48640K)] 144678K->103526K(159744K), 0.0023310 secs] [Times: user=0.01 sys=0.00, real=0.00 secs] 
85.868: Total time for which application threads were stopped: 0.0043600 seconds, Stopping threads took: 0.0019460 seconds
85.908: Application time: 0.0391480 seconds
85.909: [GC [PSYoungGen: 48640K->6656K(48640K)] 145510K->104206K(159744K), 0.0022490 secs] [Times: user=0.02 sys=0.00, real=0.01 secs] 
85.912: Total time for which application threads were stopped: 0.0040360 seconds, Stopping threads took: 0.0016960 seconds
85.950: Application time: 0.0385850 seconds
85.952: [GC [PSYoungGen: 48640K->4672K(48640K)] 146190K->102222K(159744K), 0.0016700 secs] [Times: user=0.01 sys=0.00, real=0.00 secs] 
85.953: Total time for which application threads were stopped: 0.0031900 seconds, Stopping threads took: 0.0014520 seconds
85.990: Application time: 0.0362160 seconds
85.991: [GC [PSYoungGen: 46656K->6656K(48640K)] 144206K->105150K(159744K), 0.0023280 secs] [Times: user=0.01 sys=0.00, real=0.00 secs] 
85.994: Total time for which application threads were stopped: 0.0042740 seconds, Stopping threads took: 0.0018610 seconds
86.032: Application time: 0.0382540 seconds
86.033: [GC [PSYoungGen: 48640K->5696K(48640K)] 147134K->104190K(159744K), 0.0018110 secs] [Times: user=0.01 sys=0.01, real=0.00 secs] 
86.035: Total time for which application threads were stopped: 0.0030570 seconds, Stopping threads took: 0.0011770 seconds
86.072: Application time: 0.0371550 seconds
86.074: [GC [PSYoungGen: 47680K->6640K(48640K)] 146174K->105966K(159744K), 0.0023270 secs] [Times: user=0.01 sys=0.00, real=0.00 secs] 
86.076: Total time for which application threads were stopped: 0.0041050 seconds, Stopping threads took: 0.0017010 seconds
86.114: Application time: 0.0375240 seconds
86.116: [GC [PSYoungGen: 48624K->6640K(48640K)] 147950K->106778K(159744K), 0.0022330 secs] [Times: user=0.01 sys=0.00, real=0.00 secs] 
86.119: Total time for which application threads were stopped: 0.0045430 seconds, Stopping threads took: 0.0022370 seconds
86.156: Application time: 0.0376560 seconds
86.158: [GC [PSYoungGen: 48623K->6656K(48640K)] 148761K->107370K(159744K), 0.0022690 secs] [Times: user=0.02 sys=0.00, real=0.00 secs] 
86.160: Total time for which application threads were stopped: 0.0040450 seconds, Stopping threads took: 0.0016920 seconds
86.199: Application time: 0.0384440 seconds
86.200: [GC [PSYoungGen: 48640K->5168K(48640K)] 149354K->105890K(159744K), 0.0016480 secs] [Times: user=0.01 sys=0.00, real=0.00 secs] 
86.201: Total time for which application threads were stopped: 0.0026510 seconds, Stopping threads took: 0.0009280 seconds
86.239: Application time: 0.0378830 seconds
86.241: [GC [PSYoungGen: 47152K->6032K(48640K)] 147874K->106762K(159744K), 0.0018970 secs] [Times: user=0.01 sys=0.00, real=0.00 secs] 
86.243: Total time for which application threads were stopped: 0.0033060 seconds, Stopping threads took: 0.0013310 seconds
86.280: Application time: 0.0375440 seconds
86.282: [GC [PSYoungGen: 48016K->6624K(48640K)] 148746K->107466K(159744K), 0.0020650 secs] [Times: user=0.01 sys=0.00, real=0.01 secs] 
86.284: Total time for which application threads were stopped: 0.0042850 seconds, Stopping threads took: 0.0021410 seconds
86.321: Application time: 0.0367660 seconds
86.322: [GC [PSYoungGen: 48608K->6656K(48640K)] 149450K->108914K(159744K), 0.0025000 secs] [Times: user=0.02 sys=0.00, real=0.01 secs] 
86.325: Total time for which application threads were stopped: 0.0037190 seconds, Stopping threads took: 0.0011320 seconds
86.362: Application time: 0.0370520 seconds
86.364: [GC [PSYoungGen: 48640K->6528K(48640K)] 150898K->108786K(159744K), 0.0019460 secs] [Times: user=0.01 sys=0.00, real=0.00 secs] 
86.366: Total time for which application threads were stopped: 0.0036320 seconds, Stopping threads took: 0.0016060 seconds
86.404: Application time: 0.0386540 seconds
86.406: [GC [PSYoungGen: 48512K->5712K(48640K)] 150770K->107970K(159744K), 0.0018620 secs] [Times: user=0.02 sys=0.00, real=0.00 secs] 
86.408: Total time for which application threads were stopped: 0.0037160 seconds, Stopping threads took: 0.0017740 seconds
86.446: Application time: 0.0377520 seconds
86.448: [GC [PSYoungGen: 47696K->6064K(48640K)] 149954K->108322K(159744K), 0.0019730 secs] [Times: user=0.01 sys=0.00, real=0.00 secs] 
86.450: Total time for which application threads were stopped: 0.0041220 seconds, Stopping threads took: 0.0020640 seconds
86.487: Application time: 0.0377230 seconds
86.489: [GC [PSYoungGen: 48048K->6640K(48640K)] 150306K->109554K(159744K), 0.0022330 secs] [Times: user=0.02 sys=0.00, real=0.01 secs] 
86.492: Total time for which application threads were stopped: 0.0040700 seconds, Stopping threads took: 0.0017440 seconds
86.529: Application time: 0.0372460 seconds
86.531: [GC [PSYoungGen: 48624K->6656K(48640K)] 151538K->109650K(159744K), 0.0021180 secs] [Times: user=0.02 sys=0.00, real=0.01 secs] 
86.533: Total time for which application threads were stopped: 0.0039950 seconds, Stopping threads took: 0.0017970 seconds
86.570: Application time: 0.0374640 seconds
86.572: [GC [PSYoungGen: 48640K->6656K(48640K)] 151634K->111034K(159744K), 0.0024190 secs] [Times: user=0.02 sys=0.00, real=0.00 secs] 
86.574: Total time for which application threads were stopped: 0.0039300 seconds, Stopping threads took: 0.0014280 seconds
86.611: Application time: 0.0371890 seconds
86.613: [GC [PSYoungGen: 48640K->6448K(48640K)] 153018K->110826K(159744K), 0.0019220 secs] [Times: user=0.01 sys=0.00, real=0.00 secs] 
86.615: Total time for which application threads were stopped: 0.0036890 seconds, Stopping threads took: 0.0016880 seconds
86.653: Application time: 0.0375960 seconds
86.656: [GC [PSYoungGen: 48432K->6656K(48640K)] 152810K->111914K(159744K), 0.0022910 secs] [Times: user=0.02 sys=0.00, real=0.00 secs] 
86.658: Total time for which application threads were stopped: 0.0051670 seconds, Stopping threads took: 0.0027980 seconds
86.694: Application time: 0.0364460 seconds
86.696: [GC [PSYoungGen: 48640K->5888K(48640K)] 153898K->111154K(159744K), 0.0017870 secs] [Times: user=0.01 sys=0.00, real=0.00 secs] 
86.698: Total time for which application threads were stopped: 0.0037840 seconds, Stopping threads took: 0.0019210 seconds
86.736: Application time: 0.0378980 seconds
86.739: [GC [PSYoungGen: 47872K->6656K(48640K)] 153138K->111970K(159744K), 0.0020040 secs] [Times: user=0.02 sys=0.00, real=0.00 secs] 
86.741: Total time for which application threads were stopped: 0.0051310 seconds, Stopping threads took: 0.0030480 seconds
86.780: Application time: 0.0389090 seconds
86.781: [GC [PSYoungGen: 48640K->6656K(48640K)] 153954K->112346K(159744K), 0.0022150 secs] [Times: user=0.02 sys=0.00, real=0.01 secs] 
86.783: Total time for which application threads were stopped: 0.0033560 seconds, Stopping threads took: 0.0010580 seconds
86.821: Application time: 0.0375640 seconds
86.824: [GC [PSYoungGen: 48640K->6624K(48640K)] 154330K->112370K(159744K), 0.0021290 secs] [Times: user=0.01 sys=0.00, real=0.00 secs] 
86.826: Total time for which application threads were stopped: 0.0047550 seconds, Stopping threads took: 0.0025470 seconds
86.864: Application time: 0.0384270 seconds
86.865: [GC [PSYoungGen: 48608K->6480K(48640K)] 154354K->112234K(159744K), 0.0020410 secs] [Times: user=0.02 sys=0.00, real=0.00 secs] 
86.867: Total time for which application threads were stopped: 0.0032040 seconds, Stopping threads took: 0.0010830 seconds
86.906: Application time: 0.0382590 seconds
86.907: [GC [PSYoungGen: 48464K->6496K(48640K)] 154218K->112258K(159744K), 0.0019500 secs] [Times: user=0.01 sys=0.00, real=0.00 secs] 
86.909: Total time for which application threads were stopped: 0.0036770 seconds, Stopping threads took: 0.0016460 seconds
86.946: Application time: 0.0364500 seconds
86.948: [GC [PSYoungGen: 48480K->6640K(48640K)] 154242K->112522K(159744K), 0.0020730 secs] [Times: user=0.01 sys=0.00, real=0.00 secs] 
86.950: Total time for which application threads were stopped: 0.0042720 seconds, Stopping threads took: 0.0021160 seconds
86.987: Application time: 0.0373660 seconds
86.989: [GC [PSYoungGen: 48623K->6640K(48640K)] 154506K->113114K(159744K), 0.0022200 secs] [Times: user=0.02 sys=0.00, real=0.01 secs] 
86.992: Total time for which application threads were stopped: 0.0043690 seconds, Stopping threads took: 0.0020580 seconds
87.029: Application time: 0.0374250 seconds
87.031: [GC [PSYoungGen: 48624K->6656K(48640K)] 155098K->114026K(159744K), 0.0022710 secs] [Times: user=0.01 sys=0.00, real=0.00 secs] 
87.034: Total time for which application threads were stopped: 0.0045710 seconds, Stopping threads took: 0.0022210 seconds
87.071: Application time: 0.0375390 seconds
87.073: [GC [PSYoungGen: 48640K->6640K(48640K)] 156010K->114698K(159744K), 0.0022420 secs] [Times: user=0.01 sys=0.00, real=0.00 secs] 
87.075: Total time for which application threads were stopped: 0.0041000 seconds, Stopping threads took: 0.0017770 seconds
87.113: Application time: 0.0374430 seconds
87.114: [GC [PSYoungGen: 48624K->6624K(48640K)] 156682K->115242K(159744K), 0.0021620 secs] [Times: user=0.01 sys=0.00, real=0.00 secs] 
87.116: Total time for which application threads were stopped: 0.0036250 seconds, Stopping threads took: 0.0013790 seconds
87.154: Application time: 0.0380040 seconds
87.156: [GC [PSYoungGen: 48608K->6640K(48640K)] 157226K->116186K(159744K), 0.0023410 secs] [Times: user=0.02 sys=0.01, real=0.00 secs] 
87.158: Total time for which application threads were stopped: 0.0038730 seconds, Stopping threads took: 0.0014480 seconds
87.197: Application time: 0.0383010 seconds
87.198: [GC [PSYoungGen: 48624K->6384K(48640K)] 158170K->115930K(159744K), 0.0020630 secs] [Times: user=0.01 sys=0.00, real=0.00 secs] 
87.200: Total time for which application threads were stopped: 0.0037980 seconds, Stopping threads took: 0.0016510 seconds
87.239: Application time: 0.0384660 seconds
87.241: [GC [PSYoungGen: 48368K->6208K(48640K)] 157914K->115762K(159744K), 0.0019920 secs] [Times: user=0.01 sys=0.00, real=0.00 secs] 
87.243: Total time for which application threads were stopped: 0.0036760 seconds, Stopping threads took: 0.0016040 seconds
87.282: Application time: 0.0395700 seconds
87.284: [GC [PSYoungGen: 48192K->4544K(48640K)] 157746K->114106K(159744K), 0.0015810 secs] [Times: user=0.01 sys=0.00, real=0.00 secs] 
87.286: Total time for which application threads were stopped: 0.0035570 seconds, Stopping threads took: 0.0018990 seconds
87.322: Application time: 0.0367160 seconds
87.324: [GC [PSYoungGen: 46528K->6656K(48640K)] 156090K->117278K(159744K), 0.0023780 secs] [Times: user=0.01 sys=0.00, real=0.00 secs] 
87.327: [Full GC [PSYoungGen: 6656K->0K(48640K)] [ParOldGen: 110622K->10172K(111104K)] 117278K->10172K(159744K) [PSPermGen: 5147K->5147K(21504K)], 0.0069370 secs] [Times: user=0.03 sys=0.00, real=0.01 secs] 
87.334: Total time for which application threads were stopped: 0.0111350 seconds, Stopping threads took: 0.0016940 seconds
87.373: Application time: 0.0391290 seconds
87.375: [GC [PSYoungGen: 41984K->6656K(48640K)] 52156K->18196K(159744K), 0.0024250 secs] [Times: user=0.02 sys=0.00, real=0.00 secs] 
87.377: Total time for which application threads were stopped: 0.0043420 seconds, Stopping threads took: 0.0018320 seconds
87.415: Application time: 0.0378900 seconds
87.416: [GC [PSYoungGen: 48640K->6528K(48640K)] 60180K->18068K(159744K), 0.0019140 secs] [Times: user=0.02 sys=0.00, real=0.00 secs] 
87.418: Total time for which application threads were stopped: 0.0033890 seconds, Stopping threads took: 0.0013950 seconds
87.456: Application time: 0.0374880 seconds
87.459: [GC [PSYoungGen: 48512K->6624K(48640K)] 60052K->18204K(159744K), 0.0019190 secs] [Times: user=0.01 sys=0.00, real=0.00 secs] 
87.461: Total time for which application threads were stopped: 0.0048750 seconds, Stopping threads took: 0.0028770 seconds
87.499: Application time: 0.0383600 seconds
87.501: [GC [PSYoungGen: 48608K->5984K(48640K)] 60188K->17564K(159744K), 0.0017750 secs] [Times: user=0.01 sys=0.00, real=0.00 secs] 
87.502: Total time for which application threads were stopped: 0.0033270 seconds, Stopping threads took: 0.0014660 seconds
87.541: Application time: 0.0385570 seconds
87.542: [GC [PSYoungGen: 47968K->6320K(48640K)] 59548K->17900K(159744K), 0.0018240 secs] [Times: user=0.01 sys=0.00, real=0.01 secs] 
87.544: Total time for which application threads were stopped: 0.0031900 seconds, Stopping threads took: 0.0012850 seconds
87.582: Application time: 0.0379400 seconds
87.584: [GC [PSYoungGen: 48304K->6624K(48640K)] 59884K->19124K(159744K), 0.0022140 secs] [Times: user=0.02 sys=0.00, real=0.00 secs] 
87.586: Total time for which application threads were stopped: 0.0040270 seconds, Stopping threads took: 0.0017320 seconds
87.625: Application time: 0.0387860 seconds
87.626: [GC [PSYoungGen: 48608K->6448K(48640K)] 61108K->18948K(159744K), 0.0019180 secs] [Times: user=0.02 sys=0.00, real=0.00 secs] 
87.628: Total time for which application threads were stopped: 0.0029950 seconds, Stopping threads took: 0.0010030 seconds
87.666: Application time: 0.0380530 seconds
87.667: [GC [PSYoungGen: 48432K->6368K(48640K)] 60932K->18868K(159744K), 0.0018320 secs] [Times: user=0.02 sys=0.00, real=0.00 secs] 
87.669: Total time for which application threads were stopped: 0.0030080 seconds, Stopping threads took: 0.0011000 seconds
87.707: Application time: 0.0380090 seconds
87.708: [GC [PSYoungGen: 48352K->6640K(48640K)] 60852K->20060K(159744K), 0.0021450 secs] [Times: user=0.01 sys=0.00, real=0.00 secs] 
87.711: Total time for which application threads were stopped: 0.0036000 seconds, Stopping threads took: 0.0013750 seconds
87.748: Application time: 0.0378180 seconds
87.750: [GC [PSYoungGen: 48624K->6656K(48640K)] 62044K->21308K(159744K), 0.0023390 secs] [Times: user=0.02 sys=0.00, real=0.01 secs] 
87.752: Total time for which application threads were stopped: 0.0040630 seconds, Stopping threads took: 0.0016400 seconds
87.790: Application time: 0.0373120 seconds
87.792: [GC [PSYoungGen: 48640K->6656K(48640K)] 63292K->21964K(159744K), 0.0020780 secs] [Times: user=0.01 sys=0.00, real=0.00 secs] 
87.794: Total time for which application threads were stopped: 0.0038780 seconds, Stopping threads took: 0.0017190 seconds
87.831: Application time: 0.0372780 seconds
87.833: [GC [PSYoungGen: 48640K->6640K(48640K)] 63948K->22392K(159744K), 0.0021290 secs] [Times: user=0.01 sys=0.00, real=0.00 secs] 
87.835: Total time for which application threads were stopped: 0.0039500 seconds, Stopping threads took: 0.0017370 seconds
87.873: Application time: 0.0382820 seconds
87.875: [GC [PSYoungGen: 48624K->6640K(48640K)] 64376K->22640K(159744K), 0.0020470 secs] [Times: user=0.02 sys=0.00, real=0.00 secs] 
87.877: Total time for which application threads were stopped: 0.0037970 seconds, Stopping threads took: 0.0016690 seconds
87.914: Application time: 0.0367880 seconds
87.915: [GC [PSYoungGen: 48624K->6656K(48640K)] 64624K->23296K(159744K), 0.0021060 secs] [Times: user=0.02 sys=0.00, real=0.00 secs] 
87.917: Total time for which application threads were stopped: 0.0036990 seconds, Stopping threads took: 0.0015110 seconds
87.955: Application time: 0.0370660 seconds
87.956: [GC [PSYoungGen: 48640K->6656K(48640K)] 65280K->24320K(159744K), 0.0024760 secs] [Times: user=0.01 sys=0.00, real=0.00 secs] 
87.959: Total time for which application threads were stopped: 0.0040600 seconds, Stopping threads took: 0.0015040 seconds
87.996: Application time: 0.0375110 seconds
87.997: [GC [PSYoungGen: 48640K->6624K(48640K)] 66304K->24664K(159744K), 0.0020310 secs] [Times: user=0.02 sys=0.00, real=0.00 secs] 
87.999: Total time for which application threads were stopped: 0.0032810 seconds, Stopping threads took: 0.0011680 seconds
88.036: Application time: 0.0368220 seconds
88.038: [GC [PSYoungGen: 48608K->6640K(48640K)] 66648K->25488K(159744K), 0.0021720 secs] [Times: user=0.01 sys=0.00, real=0.00 secs] 
88.040: Total time for which application threads were stopped: 0.0038630 seconds, Stopping threads took: 0.0016040 seconds
88.078: Application time: 0.0384080 seconds
88.080: [GC [PSYoungGen: 48624K->5920K(48640K)] 67472K->24776K(159744K), 0.0016990 secs] [Times: user=0.01 sys=0.00, real=0.00 secs] 
88.082: Total time for which application threads were stopped: 0.0036820 seconds, Stopping threads took: 0.0019060 seconds
88.119: Application time: 0.0371340 seconds
88.121: [GC [PSYoungGen: 47904K->6656K(48640K)] 66760K->26192K(159744K), 0.0020810 secs] [Times: user=0.02 sys=0.00, real=0.00 secs] 
88.123: Total time for which application threads were stopped: 0.0037150 seconds, Stopping threads took: 0.0015520 seconds
88.160: Application time: 0.0365070 seconds
88.164: [GC [PSYoungGen: 48640K->6656K(48640K)] 68176K->27136K(159744K), 0.0022380 secs] [Times: user=0.02 sys=0.00, real=0.00 secs] 
88.166: Total time for which application threads were stopped: 0.0067630 seconds, Stopping threads took: 0.0044390 seconds
88.204: Application time: 0.0372300 seconds
88.205: [GC [PSYoungGen: 48640K->6640K(48640K)] 69120K->27976K(159744K), 0.0022220 secs] [Times: user=0.01 sys=0.00, real=0.00 secs] 
88.207: Total time for which application threads were stopped: 0.0038790 seconds, Stopping threads took: 0.0015770 seconds
88.245: Application time: 0.0376270 seconds
88.246: [GC [PSYoungGen: 48624K->6640K(48640K)] 69960K->28096K(159744K), 0.0019700 secs] [Times: user=0.01 sys=0.00, real=0.00 secs] 
88.248: Total time for which application threads were stopped: 0.0030580 seconds, Stopping threads took: 0.0010080 seconds
88.286: Application time: 0.0383130 seconds
88.289: [GC [PSYoungGen: 48624K->6144K(48640K)] 70080K->27616K(159744K), 0.0019600 secs] [Times: user=0.02 sys=0.00, real=0.00 secs] 
88.291: Total time for which application threads were stopped: 0.0045640 seconds, Stopping threads took: 0.0025270 seconds
88.328: Application time: 0.0371120 seconds
88.330: [GC [PSYoungGen: 48128K->6640K(48640K)] 69600K->28448K(159744K), 0.0019900 secs] [Times: user=0.01 sys=0.00, real=0.01 secs] 
88.332: Total time for which application threads were stopped: 0.0041270 seconds, Stopping threads took: 0.0020600 seconds
88.369: Application time: 0.0366480 seconds
88.371: [GC [PSYoungGen: 48624K->6656K(48640K)] 70432K->29081K(159744K), 0.0021060 secs] [Times: user=0.02 sys=0.00, real=0.00 secs] 
88.373: Total time for which application threads were stopped: 0.0044560 seconds, Stopping threads took: 0.0022680 seconds
88.409: Application time: 0.0359180 seconds
88.411: [GC [PSYoungGen: 48640K->6656K(48640K)] 71065K->29881K(159744K), 0.0021140 secs] [Times: user=0.02 sys=0.00, real=0.01 secs] 
88.413: Total time for which application threads were stopped: 0.0037940 seconds, Stopping threads took: 0.0015960 seconds
88.450: Application time: 0.0372480 seconds
88.452: [GC [PSYoungGen: 48640K->6368K(48640K)] 71865K->29601K(159744K), 0.0018600 secs] [Times: user=0.02 sys=0.01, real=0.00 secs] 
88.454: Total time for which application threads were stopped: 0.0034120 seconds, Stopping threads took: 0.0014740 seconds
88.490: Application time: 0.0365450 seconds
88.492: [GC [PSYoungGen: 48352K->6624K(48640K)] 71585K->30313K(159744K), 0.0020590 secs] [Times: user=0.01 sys=0.00, real=0.00 secs] 
88.494: Total time for which application threads were stopped: 0.0042030 seconds, Stopping threads took: 0.0020420 seconds
88.532: Application time: 0.0377470 seconds
88.535: [GC [PSYoungGen: 48608K->6432K(48640K)] 72297K->30121K(159744K), 0.0018840 secs] [Times: user=0.01 sys=0.00, real=0.00 secs] 
88.537: Total time for which application threads were stopped: 0.0045800 seconds, Stopping threads took: 0.0026150 seconds
88.574: Application time: 0.0367730 seconds
88.576: [GC [PSYoungGen: 48416K->6656K(48640K)] 72105K->31617K(159744K), 0.0023460 secs] [Times: user=0.02 sys=0.00, real=0.00 secs] 
88.578: Total time for which application threads were stopped: 0.0047110 seconds, Stopping threads took: 0.0022510 seconds
88.617: Application time: 0.0383450 seconds
88.618: [GC [PSYoungGen: 48640K->5920K(48640K)] 73601K->30881K(159744K), 0.0017470 secs] [Times: user=0.01 sys=0.00, real=0.00 secs] 
88.620: Total time for which application threads were stopped: 0.0031310 seconds, Stopping threads took: 0.0013050 seconds
88.657: Application time: 0.0375590 seconds
88.659: [GC [PSYoungGen: 47904K->6656K(48640K)] 72865K->32257K(159744K), 0.0021490 secs] [Times: user=0.02 sys=0.00, real=0.00 secs] 
88.661: Total time for which application threads were stopped: 0.0040280 seconds, Stopping threads took: 0.0017930 seconds
88.698: Application time: 0.0371080 seconds
88.700: [GC [PSYoungGen: 48640K->6640K(48640K)] 74241K->32753K(159744K), 0.0021100 secs] [Times: user=0.01 sys=0.00, real=0.00 secs] 
88.702: Total time for which application threads were stopped: 0.0039520 seconds, Stopping threads took: 0.0017640 seconds
88.741: Application time: 0.0388400 seconds
88.742: [GC [PSYoungGen: 48624K->5024K(48640K)] 74737K->31137K(159744K), 0.0015290 secs] [Times: user=0.01 sys=0.00, real=0.01 secs] 
88.744: Total time for which application threads were stopped: 0.0026570 seconds, Stopping threads took: 0.0010570 seconds
88.782: Application time: 0.0382060 seconds
88.784: [GC [PSYoungGen: 47008K->6656K(48640K)] 73121K->32929K(159744K), 0.0019980 secs] [Times: user=0.01 sys=0.00, real=0.00 secs] 
88.786: Total time for which application threads were stopped: 0.0037210 seconds, Stopping threads took: 0.0016460 seconds
88.823: Application time: 0.0370330 seconds
88.826: [GC [PSYoungGen: 48640K->6640K(48640K)] 74913K->33417K(159744K), 0.0021860 secs] [Times: user=0.02 sys=0.00, real=0.00 secs] 
88.828: Total time for which application threads were stopped: 0.0049010 seconds, Stopping threads took: 0.0026310 seconds
88.866: Application time: 0.0378370 seconds
88.874: [GC [PSYoungGen: 48624K->6496K(48640K)] 75401K->33281K(159744K), 0.0020290 secs] [Times: user=0.02 sys=0.00, real=0.00 secs] 
88.876: Total time for which application threads were stopped: 0.0102540 seconds, Stopping threads took: 0.0081480 seconds
88.914: Application time: 0.0382600 seconds
88.915: [GC [PSYoungGen: 48480K->6656K(48640K)] 75265K->34641K(159744K), 0.0023910 secs] [Times: user=0.02 sys=0.00, real=0.00 secs] 
88.918: Total time for which application threads were stopped: 0.0036440 seconds, Stopping threads took: 0.0011680 seconds
88.956: Application time: 0.0382460 seconds
88.957: [GC [PSYoungGen: 48640K->6656K(48640K)] 76625K->34985K(159744K), 0.0020450 secs] [Times: user=0.01 sys=0.00, real=0.00 secs] 
88.959: Total time for which application threads were stopped: 0.0030350 seconds, Stopping threads took: 0.0009120 seconds
88.998: Application time: 0.0386450 seconds
89.000: [GC [PSYoungGen: 48640K->6320K(48640K)] 76969K->34665K(159744K), 0.0018050 secs] [Times: user=0.01 sys=0.00, real=0.00 secs] 
89.002: Total time for which application threads were stopped: 0.0038510 seconds, Stopping threads took: 0.0019680 seconds
89.040: Application time: 0.0384440 seconds
89.042: [GC [PSYoungGen: 48304K->5920K(48640K)] 76649K->34265K(159744K), 0.0017520 secs] [Times: user=0.01 sys=0.00, real=0.01 secs] 
89.044: Total time for which application threads were stopped: 0.0036590 seconds, Stopping threads took: 0.0018330 seconds
89.083: Application time: 0.0392120 seconds
89.084: [GC [PSYoungGen: 47904K->4448K(48640K)] 76249K->32801K(159744K), 0.0014360 secs] [Times: user=0.01 sys=0.00, real=0.00 secs] 
89.086: Total time for which application threads were stopped: 0.0028530 seconds, Stopping threads took: 0.0013350 seconds
89.125: Application time: 0.0390020 seconds
89.126: [GC [PSYoungGen: 46432K->6640K(48640K)] 74785K->35169K(159744K), 0.0020690 secs] [Times: user=0.01 sys=0.00, real=0.00 secs] 
89.128: Total time for which application threads were stopped: 0.0033150 seconds, Stopping threads took: 0.0011680 seconds
89.166: Application time: 0.0381040 seconds
89.167: [GC [PSYoungGen: 48624K->5904K(48640K)] 77153K->34433K(159744K), 0.0018620 secs] [Times: user=0.01 sys=0.00, real=0.00 secs] 
89.169: Total time for which application threads were stopped: 0.0026500 seconds, Stopping threads took: 0.0007190 seconds
89.207: Application time: 0.0378550 seconds
89.209: [GC [PSYoungGen: 47888K->5680K(48640K)] 76417K->34209K(159744K), 0.0016550 secs] [Times: user=0.01 sys=0.00, real=0.00 secs] 
89.210: Total time for which application threads were stopped: 0.0035600 seconds, Stopping threads took: 0.0018320 seconds
89.249: Application time: 0.0391280 seconds
89.251: [GC [PSYoungGen: 47664K->6208K(48640K)] 76193K->34737K(159744K), 0.0018650 secs] [Times: user=0.01 sys=0.00, real=0.01 secs] 
89.253: Total time for which application threads were stopped: 0.0034010 seconds, Stopping threads took: 0.0014570 seconds
89.292: Application time: 0.0392440 seconds
89.294: [GC [PSYoungGen: 48192K->6640K(48640K)] 76721K->35457K(159744K), 0.0020970 secs] [Times: user=0.02 sys=0.00, real=0.00 secs] 
89.296: Total time for which application threads were stopped: 0.0038380 seconds, Stopping threads took: 0.0016550 seconds
89.335: Application time: 0.0394440 seconds
89.338: [GC [PSYoungGen: 48624K->6080K(48640K)] 77441K->34905K(159744K), 0.0018300 secs] [Times: user=0.01 sys=0.00, real=0.00 secs] 
89.340: Total time for which application threads were stopped: 0.0042640 seconds, Stopping threads took: 0.0023540 seconds
89.379: Application time: 0.0396660 seconds
89.382: [GC [PSYoungGen: 48064K->6640K(48640K)] 76889K->36121K(159744K), 0.0021300 secs] [Times: user=0.01 sys=0.00, real=0.01 secs] 
89.384: Total time for which application threads were stopped: 0.0044930 seconds, Stopping threads took: 0.0022830 seconds
89.425: Application time: 0.0411760 seconds
89.427: [GC [PSYoungGen: 48624K->6560K(48640K)] 78105K->36041K(159744K), 0.0019470 secs] [Times: user=0.01 sys=0.00, real=0.00 secs] 
89.429: Total time for which application threads were stopped: 0.0039270 seconds, Stopping threads took: 0.0018910 seconds
89.470: Application time: 0.0410280 seconds
89.472: [GC [PSYoungGen: 48544K->6624K(48640K)] 78025K->36385K(159744K), 0.0021540 secs] [Times: user=0.02 sys=0.00, real=0.00 secs] 
89.474: Total time for which application threads were stopped: 0.0038740 seconds, Stopping threads took: 0.0016410 seconds
89.514: Application time: 0.0402640 seconds
89.516: [GC [PSYoungGen: 48607K->6624K(48640K)] 78368K->37097K(159744K), 0.0025550 secs] [Times: user=0.01 sys=0.00, real=0.00 secs] 
89.519: Total time for which application threads were stopped: 0.0045700 seconds, Stopping threads took: 0.0019100 seconds
89.559: Application time: 0.0403030 seconds
89.561: [GC [PSYoungGen: 48608K->6640K(48640K)] 79081K->38241K(159744K), 0.0023760 secs] [Times: user=0.01 sys=0.00, real=0.01 secs] 
89.563: Total time for which application threads were stopped: 0.0045050 seconds, Stopping threads took: 0.0020500 seconds
89.604: Application time: 0.0405440 seconds
89.606: [GC [PSYoungGen: 48624K->6656K(48640K)] 80225K->38489K(159744K), 0.0020670 secs] [Times: user=0.01 sys=0.00, real=0.00 secs] 
89.608: Total time for which application threads were stopped: 0.0039280 seconds, Stopping threads took: 0.0017640 seconds
89.648: Application time: 0.0403110 seconds
89.650: [GC [PSYoungGen: 48640K->6640K(48640K)] 80473K->39017K(159744K), 0.0021260 secs] [Times: user=0.02 sys=0.00, real=0.01 secs] 
89.652: Total time for which application threads were stopped: 0.0038820 seconds, Stopping threads took: 0.0016730 seconds
89.692: Application time: 0.0401050 seconds
89.694: [GC [PSYoungGen: 48624K->6640K(48640K)] 81001K->39929K(159744K), 0.0023120 secs] [Times: user=0.01 sys=0.00, real=0.00 secs] 
89.696: Total time for which application threads were stopped: 0.0039650 seconds, Stopping threads took: 0.0015700 seconds
89.737: Application time: 0.0404090 seconds
89.739: [GC [PSYoungGen: 48624K->6016K(48640K)] 81913K->39305K(159744K), 0.0018300 secs] [Times: user=0.01 sys=0.00, real=0.00 secs] 
89.741: Total time for which application threads were stopped: 0.0044150 seconds, Stopping threads took: 0.0025050 seconds
89.781: Application time: 0.0401380 seconds
89.783: [GC [PSYoungGen: 48000K->6656K(48640K)] 81289K->40073K(159744K), 0.0020770 secs] [Times: user=0.01 sys=0.00, real=0.01 secs] 
89.785: Total time for which application threads were stopped: 0.0037850 seconds, Stopping threads took: 0.0016090 seconds
89.826: Application time: 0.0411750 seconds
89.827: [GC [PSYoungGen: 48640K->6640K(48640K)] 82057K->40057K(159744K), 0.0019570 secs] [Times: user=0.01 sys=0.00, real=0.00 secs] 
89.829: Total time for which application threads were stopped: 0.0032790 seconds, Stopping threads took: 0.0012450 seconds
89.871: Application time: 0.0414820 seconds
89.872: [GC [PSYoungGen: 48624K->5952K(48640K)] 82041K->39377K(159744K), 0.0017490 secs] [Times: user=0.01 sys=0.00, real=0.00 secs] 
89.874: Total time for which application threads were stopped: 0.0033310 seconds, Stopping threads took: 0.0015070 seconds
89.915: Application time: 0.0411770 seconds
89.918: [GC [PSYoungGen: 47936K->6640K(48640K)] 81361K->40209K(159744K), 0.0021940 secs] [Times: user=0.02 sys=0.00, real=0.00 secs] 
89.920: Total time for which application threads were stopped: 0.0049340 seconds, Stopping threads took: 0.0026620 seconds
89.959: Application time: 0.0391640 seconds
89.962: [GC [PSYoungGen: 48624K->6640K(48640K)] 82193K->41129K(159744K), 0.0022170 secs] [Times: user=0.01 sys=0.00, real=0.01 secs] 
89.965: Total time for which application threads were stopped: 0.0050570 seconds, Stopping threads took: 0.0027550 seconds
90.006: Application time: 0.0412810 seconds
90.007: [GC [PSYoungGen: 48623K->4544K(48640K)] 83113K->39041K(159744K), 0.0013620 secs] [Times: user=0.01 sys=0.00, real=0.00 secs] 
90.008: Total time for which application threads were stopped: 0.0024370 seconds, Stopping threads took: 0.0010060 seconds
90.049: Application time: 0.0407530 seconds
90.050: [GC [PSYoungGen: 46528K->6384K(48640K)] 81025K->40889K(159744K), 0.0019260 secs] [Times: user=0.01 sys=0.00, real=0.01 secs] 
90.052: Total time for which application threads were stopped: 0.0032250 seconds, Stopping threads took: 0.0012200 seconds
90.092: Application time: 0.0401170 seconds
90.094: [GC [PSYoungGen: 48368K->6624K(48640K)] 82873K->42137K(159744K), 0.0023030 secs] [Times: user=0.02 sys=0.00, real=0.00 secs] 
90.096: Total time for which application threads were stopped: 0.0037200 seconds, Stopping threads took: 0.0013320 seconds
90.136: Application time: 0.0398180 seconds
90.138: [GC [PSYoungGen: 48608K->6480K(48640K)] 84121K->41993K(159744K), 0.0019570 secs] [Times: user=0.01 sys=0.00, real=0.00 secs] 
90.140: Total time for which application threads were stopped: 0.0038110 seconds, Stopping threads took: 0.0017680 seconds
90.179: Application time: 0.0393050 seconds
90.181: [GC [PSYoungGen: 48464K->6624K(48640K)] 83977K->42817K(159744K), 0.0021830 secs] [Times: user=0.01 sys=0.00, real=0.01 secs] 
90.183: Total time for which application threads were stopped: 0.0043180 seconds, Stopping threads took: 0.0020490 seconds
90.224: Application time: 0.0407450 seconds
90.226: [GC [PSYoungGen: 48608K->6256K(48640K)] 84801K->42449K(159744K), 0.0018490 secs] [Times: user=0.02 sys=0.00, real=0.00 secs] 
90.228: Total time for which application threads were stopped: 0.0037310 seconds, Stopping threads took: 0.0017990 seconds
90.268: Application time: 0.0405480 seconds
90.270: [GC [PSYoungGen: 48240K->6656K(48640K)] 84433K->43777K(159744K), 0.0023570 secs] [Times: user=0.02 sys=0.00, real=0.01 secs] 
90.272: Total time for which application threads were stopped: 0.0038310 seconds, Stopping threads took: 0.0013900 seconds
90.311: Application time: 0.0387090 seconds
90.313: [GC [PSYoungGen: 48640K->6544K(48640K)] 85761K->43665K(159744K), 0.0020490 secs] [Times: user=0.01 sys=0.00, real=0.00 secs] 
90.315: Total time for which application threads were stopped: 0.0043040 seconds, Stopping threads took: 0.0021740 seconds
90.355: Application time: 0.0395800 seconds
90.357: [GC [PSYoungGen: 48528K->6656K(48640K)] 85649K->43825K(159744K), 0.0020020 secs] [Times: user=0.01 sys=0.00, real=0.00 secs] 
90.359: Total time for which application threads were stopped: 0.0042940 seconds, Stopping threads took: 0.0022170 seconds
90.400: Application time: 0.0410420 seconds
90.401: [GC [PSYoungGen: 48640K->4976K(48640K)] 85809K->42145K(159744K), 0.0015480 secs] [Times: user=0.01 sys=0.00, real=0.00 secs] 
90.403: Total time for which application threads were stopped: 0.0024490 seconds, Stopping threads took: 0.0008320 seconds
90.443: Application time: 0.0407440 seconds
90.445: [GC [PSYoungGen: 46958K->6096K(48640K)] 84128K->43273K(159744K), 0.0018100 secs] [Times: user=0.01 sys=0.00, real=0.00 secs] 
90.447: Total time for which application threads were stopped: 0.0032490 seconds, Stopping threads took: 0.0013610 seconds
90.486: Application time: 0.0391760 seconds
90.488: [GC [PSYoungGen: 48080K->6560K(48640K)] 85257K->43745K(159744K), 0.0018570 secs] [Times: user=0.01 sys=0.00, real=0.00 secs] 
90.490: Total time for which application threads were stopped: 0.0043730 seconds, Stopping threads took: 0.0024360 seconds
90.529: Application time: 0.0393150 seconds
90.531: [GC [PSYoungGen: 48544K->6624K(48640K)] 85729K->44865K(159744K), 0.0023870 secs] [Times: user=0.01 sys=0.00, real=0.00 secs] 
90.534: Total time for which application threads were stopped: 0.0042660 seconds, Stopping threads took: 0.0017950 seconds
90.575: Application time: 0.0412500 seconds
90.576: [GC [PSYoungGen: 48608K->6640K(48640K)] 86849K->45209K(159744K), 0.0020730 secs] [Times: user=0.01 sys=0.00, real=0.00 secs] 
90.578: Total time for which application threads were stopped: 0.0032680 seconds, Stopping threads took: 0.0011090 seconds
90.617: Application time: 0.0392480 seconds
90.620: [GC [PSYoungGen: 48624K->6656K(48640K)] 87193K->46841K(159744K), 0.0025090 secs] [Times: user=0.02 sys=0.00, real=0.00 secs] 
90.623: Total time for which application threads were stopped: 0.0053990 seconds, Stopping threads took: 0.0028050 seconds
90.663: Application time: 0.0404520 seconds
90.669: [GC [PSYoungGen: 48640K->6624K(48640K)] 88825K->47825K(159744K), 0.0026210 secs] [Times: user=0.01 sys=0.00, real=0.01 secs] 
90.671: Total time for which application threads were stopped: 0.0080600 seconds, Stopping threads took: 0.0053310 seconds
90.715: Application time: 0.0436840 seconds
90.718: [GC [PSYoungGen: 48608K->5968K(48640K)] 89809K->47169K(159744K), 0.0017740 secs] [Times: user=0.01 sys=0.00, real=0.00 secs] 
90.720: Total time for which application threads were stopped: 0.0044510 seconds, Stopping threads took: 0.0026030 seconds
90.759: Application time: 0.0392080 seconds
90.761: [GC [PSYoungGen: 47952K->6640K(48640K)] 89153K->48617K(159744K), 0.0021630 secs] [Times: user=0.02 sys=0.00, real=0.00 secs] 
90.763: Total time for which application threads were stopped: 0.0042690 seconds, Stopping threads took: 0.0020240 seconds
90.802: Application time: 0.0394380 seconds
90.805: [GC [PSYoungGen: 48624K->6656K(48640K)] 90601K->49161K(159744K), 0.0020710 secs] [Times: user=0.02 sys=0.00, real=0.00 secs] 
90.807: Total time for which application threads were stopped: 0.0042140 seconds, Stopping threads took: 0.0020620 seconds
90.845: Application time: 0.0381330 seconds
90.847: [GC [PSYoungGen: 48638K->6640K(48640K)] 91143K->50465K(159744K), 0.0024050 secs] [Times: user=0.02 sys=0.00, real=0.00 secs] 
90.849: Total time for which application threads were stopped: 0.0044330 seconds, Stopping threads took: 0.0019420 seconds
90.888: Application time: 0.0389620 seconds
90.891: [GC [PSYoungGen: 48624K->6656K(48640K)] 92449K->51065K(159744K), 0.0022280 secs] [Times: user=0.01 sys=0.00, real=0.01 secs] 
90.893: Total time for which application threads were stopped: 0.0045810 seconds, Stopping threads took: 0.0022710 seconds
90.932: Application time: 0.0389450 seconds
90.935: [GC [PSYoungGen: 48640K->6624K(48640K)] 93049K->51897K(159744K), 0.0021570 secs] [Times: user=0.02 sys=0.00, real=0.00 secs] 
90.937: Total time for which application threads were stopped: 0.0052700 seconds, Stopping threads took: 0.0030290 seconds
90.975: Application time: 0.0381160 seconds
90.977: [GC [PSYoungGen: 48608K->6656K(48640K)] 93881K->52905K(159744K), 0.0023340 secs] [Times: user=0.01 sys=0.00, real=0.00 secs] 
90.980: Total time for which application threads were stopped: 0.0046250 seconds, Stopping threads took: 0.0022070 seconds
91.019: Application time: 0.0389500 seconds
91.021: [GC [PSYoungGen: 48640K->6640K(48640K)] 94889K->54193K(159744K), 0.0023600 secs] [Times: user=0.02 sys=0.00, real=0.00 secs] 
91.023: Total time for which application threads were stopped: 0.0042390 seconds, Stopping threads took: 0.0017950 seconds
91.063: Application time: 0.0397660 seconds
91.064: [GC [PSYoungGen: 48624K->6624K(48640K)] 96177K->54601K(159744K), 0.0021300 secs] [Times: user=0.02 sys=0.00, real=0.00 secs] 
91.066: Total time for which application threads were stopped: 0.0035360 seconds, Stopping threads took: 0.0013020 seconds
91.105: Application time: 0.0388630 seconds
91.107: [GC [PSYoungGen: 48608K->6624K(48640K)] 96585K->55369K(159744K), 0.0022510 secs] [Times: user=0.01 sys=0.00, real=0.00 secs] 
91.110: Total time for which application threads were stopped: 0.0045230 seconds, Stopping threads took: 0.0021790 seconds
91.150: Application time: 0.0401620 seconds
91.152: [GC [PSYoungGen: 48608K->6624K(48640K)] 97353K->55513K(159744K), 0.0019940 secs] [Times: user=0.01 sys=0.00, real=0.00 secs] 
91.154: Total time for which application threads were stopped: 0.0041670 seconds, Stopping threads took: 0.0020940 seconds
91.194: Application time: 0.0402940 seconds
91.197: [GC [PSYoungGen: 48608K->6640K(48640K)] 97497K->56193K(159744K), 0.0021450 secs] [Times: user=0.02 sys=0.00, real=0.00 secs] 
91.199: Total time for which application threads were stopped: 0.0050980 seconds, Stopping threads took: 0.0028560 seconds
91.239: Application time: 0.0398480 seconds
91.240: [GC [PSYoungGen: 48624K->6656K(48640K)] 98177K->56673K(159744K), 0.0021590 secs] [Times: user=0.01 sys=0.00, real=0.00 secs] 
91.242: Total time for which application threads were stopped: 0.0031000 seconds, Stopping threads took: 0.0008590 seconds
91.282: Application time: 0.0399970 seconds
91.285: [GC [PSYoungGen: 48640K->5968K(48640K)] 98657K->55993K(159744K), 0.0017250 secs] [Times: user=0.01 sys=0.00, real=0.00 secs] 
91.286: Total time for which application threads were stopped: 0.0040760 seconds, Stopping threads took: 0.0022680 seconds
91.328: Application time: 0.0414070 seconds
91.330: [GC [PSYoungGen: 47952K->6368K(48640K)] 97977K->56393K(159744K), 0.0019990 secs] [Times: user=0.01 sys=0.00, real=0.01 secs] 
91.332: Total time for which application threads were stopped: 0.0039040 seconds, Stopping threads took: 0.0018270 seconds
91.371: Application time: 0.0387950 seconds
91.372: [GC [PSYoungGen: 48352K->6624K(48640K)] 98377K->56777K(159744K), 0.0021490 secs] [Times: user=0.01 sys=0.00, real=0.00 secs] 
91.374: Total time for which application threads were stopped: 0.0037110 seconds, Stopping threads took: 0.0014840 seconds
91.416: Application time: 0.0416390 seconds
91.417: [GC [PSYoungGen: 48608K->5984K(48640K)] 98761K->56137K(159744K), 0.0018910 secs] [Times: user=0.01 sys=0.00, real=0.00 secs] 
91.419: Total time for which application threads were stopped: 0.0033340 seconds, Stopping threads took: 0.0013700 seconds
91.459: Application time: 0.0395380 seconds
91.461: [GC [PSYoungGen: 47968K->6352K(48640K)] 98121K->56505K(159744K), 0.0018740 secs] [Times: user=0.01 sys=0.00, real=0.00 secs] 
91.463: Total time for which application threads were stopped: 0.0040440 seconds, Stopping threads took: 0.0020900 seconds
91.502: Application time: 0.0395670 seconds
91.504: [GC [PSYoungGen: 48336K->6496K(48640K)] 98489K->56649K(159744K), 0.0020700 secs] [Times: user=0.01 sys=0.00, real=0.00 secs] 
91.506: Total time for which application threads were stopped: 0.0038290 seconds, Stopping threads took: 0.0016600 seconds
91.549: Application time: 0.0430130 seconds
91.552: [GC [PSYoungGen: 48480K->5296K(48640K)] 98633K->55457K(159744K), 0.0016450 secs] [Times: user=0.01 sys=0.00, real=0.00 secs] 
91.554: Total time for which application threads were stopped: 0.0049530 seconds, Stopping threads took: 0.0032340 seconds
91.595: Application time: 0.0405720 seconds
91.596: [GC [PSYoungGen: 47280K->5328K(48640K)] 97441K->55497K(159744K), 0.0016250 secs] [Times: user=0.01 sys=0.00, real=0.00 secs] 
91.598: Total time for which application threads were stopped: 0.0034030 seconds, Stopping threads took: 0.0017040 seconds
91.639: Application time: 0.0407840 seconds
91.643: [GC [PSYoungGen: 47312K->5808K(48640K)] 97481K->55985K(159744K), 0.0017660 secs] [Times: user=0.01 sys=0.00, real=0.00 secs] 
91.645: Total time for which application threads were stopped: 0.0061090 seconds, Stopping threads took: 0.0042690 seconds
91.687: Application time: 0.0423310 seconds
91.689: [GC [PSYoungGen: 47792K->6624K(48640K)] 97969K->56873K(159744K), 0.0020270 secs] [Times: user=0.01 sys=0.00, real=0.00 secs] 
91.691: Total time for which application threads were stopped: 0.0034080 seconds, Stopping threads took: 0.0013030 seconds
91.732: Application time: 0.0409430 seconds
91.733: [GC [PSYoungGen: 48608K->5600K(48640K)] 98857K->55857K(159744K), 0.0017440 secs] [Times: user=0.01 sys=0.00, real=0.00 secs] 
91.735: Total time for which application threads were stopped: 0.0033220 seconds, Stopping threads took: 0.0014960 seconds
91.777: Application time: 0.0420980 seconds
91.779: [GC [PSYoungGen: 47584K->6000K(48640K)] 97841K->56257K(159744K), 0.0018190 secs] [Times: user=0.01 sys=0.00, real=0.00 secs] 
91.781: Total time for which application threads were stopped: 0.0034310 seconds, Stopping threads took: 0.0015310 seconds
91.820: Application time: 0.0399100 seconds
91.823: [GC [PSYoungGen: 47984K->6656K(48640K)] 98241K->56961K(159744K), 0.0020300 secs] [Times: user=0.01 sys=0.00, real=0.01 secs] 
91.825: Total time for which application threads were stopped: 0.0044740 seconds, Stopping threads took: 0.0023600 seconds
91.866: Application time: 0.0414670 seconds
91.869: [GC [PSYoungGen: 48640K->5248K(48640K)] 98945K->55553K(159744K), 0.0017760 secs] [Times: user=0.01 sys=0.00, real=0.00 secs] 
91.871: Total time for which application threads were stopped: 0.0045490 seconds, Stopping threads took: 0.0026960 seconds
91.911: Application time: 0.0400950 seconds
91.913: [GC [PSYoungGen: 47232K->6592K(48640K)] 97537K->56905K(159744K), 0.0021740 secs] [Times: user=0.02 sys=0.00, real=0.00 secs] 
91.915: Total time for which application threads were stopped: 0.0041170 seconds, Stopping threads took: 0.0018590 seconds
91.956: Application time: 0.0409990 seconds
91.958: [GC [PSYoungGen: 48576K->6096K(48640K)] 98889K->56409K(159744K), 0.0022640 secs] [Times: user=0.01 sys=0.00, real=0.00 secs] 
91.960: Total time for which application threads were stopped: 0.0042540 seconds, Stopping threads took: 0.0018890 seconds
92.002: Application time: 0.0414030 seconds
92.004: [GC [PSYoungGen: 48080K->5472K(48640K)] 98393K->55785K(159744K), 0.0018730 secs] [Times: user=0.01 sys=0.00, real=0.00 secs] 
92.005: Total time for which application threads were stopped: 0.0035340 seconds, Stopping threads took: 0.0015830 seconds
92.047: Application time: 0.0415860 seconds
92.049: [GC [PSYoungGen: 47456K->6624K(48640K)] 97769K->57009K(159744K), 0.0021130 secs] [Times: user=0.01 sys=0.00, real=0.01 secs] 
92.051: Total time for which application threads were stopped: 0.0043190 seconds, Stopping threads took: 0.0021220 seconds
92.091: Application time: 0.0399830 seconds
92.094: [GC [PSYoungGen: 48608K->6640K(48640K)] 98993K->58449K(159744K), 0.0024640 secs] [Times: user=0.02 sys=0.00, real=0.00 secs] 
92.096: Total time for which application threads were stopped: 0.0051630 seconds, Stopping threads took: 0.0026100 seconds
92.137: Application time: 0.0407720 seconds
92.140: [GC [PSYoungGen: 48624K->5936K(48640K)] 100433K->57761K(159744K), 0.0020790 secs] [Times: user=0.01 sys=0.00, real=0.00 secs] 
92.142: Total time for which application threads were stopped: 0.0047330 seconds, Stopping threads took: 0.0025770 seconds
92.181: Application time: 0.0389170 seconds
92.182: [GC [PSYoungGen: 47920K->6640K(48640K)] 99745K->58625K(159744K), 0.0023240 secs] [Times: user=0.01 sys=0.00, real=0.01 secs] 
92.184: Total time for which application threads were stopped: 0.0035280 seconds, Stopping threads took: 0.0010970 seconds
92.223: Application time: 0.0385700 seconds
92.225: [GC [PSYoungGen: 48624K->6640K(48640K)] 100609K->59249K(159744K), 0.0021770 secs] [Times: user=0.02 sys=0.00, real=0.00 secs] 
92.227: Total time for which application threads were stopped: 0.0042190 seconds, Stopping threads took: 0.0019560 seconds
92.267: Application time: 0.0402480 seconds
92.270: [GC [PSYoungGen: 48624K->6624K(48640K)] 101233K->59817K(159744K), 0.0022020 secs] [Times: user=0.01 sys=0.00, real=0.01 secs] 
92.272: Total time for which application threads were stopped: 0.0048150 seconds, Stopping threads took: 0.0025200 seconds
92.312: Application time: 0.0401410 seconds
92.314: [GC [PSYoungGen: 48608K->6640K(48640K)] 101801K->59897K(159744K), 0.0022030 secs] [Times: user=0.01 sys=0.00, real=0.00 secs] 
92.316: Total time for which application threads were stopped: 0.0039810 seconds, Stopping threads took: 0.0016870 seconds
92.357: Application time: 0.0405830 seconds
92.358: [GC [PSYoungGen: 48624K->5152K(48640K)] 101881K->58409K(159744K), 0.0016600 secs] [Times: user=0.01 sys=0.00, real=0.00 secs] 
92.360: Total time for which application threads were stopped: 0.0027640 seconds, Stopping threads took: 0.0010320 seconds
92.400: Application time: 0.0404430 seconds
92.403: [GC [PSYoungGen: 47136K->6640K(48640K)] 100393K->60201K(159744K), 0.0020390 secs] [Times: user=0.02 sys=0.00, real=0.01 secs] 
92.405: Total time for which application threads were stopped: 0.0047000 seconds, Stopping threads took: 0.0025810 seconds
92.444: Application time: 0.0392010 seconds
92.446: [GC [PSYoungGen: 48624K->6528K(48640K)] 102185K->60089K(159744K), 0.0020080 secs] [Times: user=0.02 sys=0.00, real=0.00 secs] 
92.448: Total time for which application threads were stopped: 0.0038420 seconds, Stopping threads took: 0.0017510 seconds
92.487: Application time: 0.0389540 seconds
92.489: [GC [PSYoungGen: 48512K->6624K(48640K)] 102073K->60625K(159744K), 0.0021000 secs] [Times: user=0.02 sys=0.00, real=0.01 secs] 
92.491: Total time for which application threads were stopped: 0.0045580 seconds, Stopping threads took: 0.0023770 seconds
92.532: Application time: 0.0401470 seconds
92.533: [GC [PSYoungGen: 48608K->6624K(48640K)] 102609K->60873K(159744K), 0.0021000 secs] [Times: user=0.02 sys=0.00, real=0.00 secs] 
92.535: Total time for which application threads were stopped: 0.0034120 seconds, Stopping threads took: 0.0012310 seconds
92.576: Application time: 0.0412530 seconds
92.579: [GC [PSYoungGen: 48608K->6640K(48640K)] 102857K->60929K(159744K), 0.0020790 secs] [Times: user=0.01 sys=0.00, real=0.00 secs] 
92.582: Total time for which application threads were stopped: 0.0052450 seconds, Stopping threads took: 0.0030870 seconds
92.620: Application time: 0.0386040 seconds
92.622: [GC [PSYoungGen: 48624K->6640K(48640K)] 102913K->61113K(159744K), 0.0020530 secs] [Times: user=0.02 sys=0.00, real=0.01 secs] 
92.624: Total time for which application threads were stopped: 0.0040370 seconds, Stopping threads took: 0.0019000 seconds
92.664: Application time: 0.0400600 seconds
92.665: [GC [PSYoungGen: 48624K->6640K(48640K)] 103097K->61129K(159744K), 0.0022040 secs] [Times: user=0.02 sys=0.00, real=0.00 secs] 
92.668: Total time for which application threads were stopped: 0.0034550 seconds, Stopping threads took: 0.0011710 seconds
92.707: Application time: 0.0393550 seconds
92.710: [GC [PSYoungGen: 48624K->6640K(48640K)] 103113K->61889K(159744K), 0.0021880 secs] [Times: user=0.01 sys=0.00, real=0.01 secs] 
92.712: Total time for which application threads were stopped: 0.0051100 seconds, Stopping threads took: 0.0028420 seconds
92.751: Application time: 0.0389840 seconds
92.753: [GC [PSYoungGen: 48623K->6640K(48640K)] 103873K->61913K(159744K), 0.0020010 secs] [Times: user=0.01 sys=0.00, real=0.00 secs] 
92.755: Total time for which application threads were stopped: 0.0042000 seconds, Stopping threads took: 0.0021200 seconds
92.796: Application time: 0.0404300 seconds
92.798: [GC [PSYoungGen: 48624K->6528K(48640K)] 103897K->61801K(159744K), 0.0018980 secs] [Times: user=0.01 sys=0.00, real=0.00 secs] 
92.799: Total time for which application threads were stopped: 0.0036650 seconds, Stopping threads took: 0.0016820 seconds
92.838: Application time: 0.0387550 seconds
92.840: [GC [PSYoungGen: 48512K->6640K(48640K)] 103785K->62554K(159744K), 0.0021820 secs] [Times: user=0.02 sys=0.00, real=0.00 secs] 
92.842: Total time for which application threads were stopped: 0.0038850 seconds, Stopping threads took: 0.0016160 seconds
92.883: Application time: 0.0406770 seconds
92.884: [GC [PSYoungGen: 48624K->6592K(48640K)] 104538K->62522K(159744K), 0.0020210 secs] [Times: user=0.01 sys=0.00, real=0.00 secs] 
92.886: Total time for which application threads were stopped: 0.0027990 seconds, Stopping threads took: 0.0006980 seconds
92.925: Application time: 0.0397080 seconds
92.927: [GC [PSYoungGen: 48576K->6624K(48640K)] 104506K->63010K(159744K), 0.0021420 secs] [Times: user=0.02 sys=0.00, real=0.00 secs] 
92.929: Total time for which application threads were stopped: 0.0037600 seconds, Stopping threads took: 0.0015370 seconds
92.968: Application time: 0.0392530 seconds
92.970: [GC [PSYoungGen: 48608K->6528K(48640K)] 104994K->62914K(159744K), 0.0020440 secs] [Times: user=0.01 sys=0.00, real=0.01 secs] 
92.972: Total time for which application threads were stopped: 0.0037930 seconds, Stopping threads took: 0.0016710 seconds
93.011: Application time: 0.0392640 seconds
93.013: [GC [PSYoungGen: 48512K->6624K(48640K)] 104898K->63074K(159744K), 0.0020840 secs] [Times: user=0.01 sys=0.00, real=0.00 secs] 
93.015: Total time for which application threads were stopped: 0.0034990 seconds, Stopping threads took: 0.0013310 seconds
93.055: Application time: 0.0400740 seconds
93.057: [GC [PSYoungGen: 48608K->6144K(48640K)] 105058K->62594K(159744K), 0.0020210 secs] [Times: user=0.01 sys=0.00, real=0.00 secs] 
93.059: Total time for which application threads were stopped: 0.0039380 seconds, Stopping threads took: 0.0018390 seconds
93.099: Application time: 0.0402220 seconds
93.101: [GC [PSYoungGen: 48128K->6464K(48640K)] 104578K->62914K(159744K), 0.0021130 secs] [Times: user=0.01 sys=0.00, real=0.00 secs] 
93.103: Total time for which application threads were stopped: 0.0039620 seconds, Stopping threads took: 0.0017680 seconds
93.142: Application time: 0.0391490 seconds
93.144: [GC [PSYoungGen: 48448K->6624K(48640K)] 104898K->63082K(159744K), 0.0019750 secs] [Times: user=0.02 sys=0.00, real=0.00 secs] 
93.146: Total time for which application threads were stopped: 0.0033380 seconds, Stopping threads took: 0.0012800 seconds
93.186: Application time: 0.0402170 seconds
93.187: [GC [PSYoungGen: 48608K->6624K(48640K)] 105066K->63394K(159744K), 0.0022030 secs] [Times: user=0.02 sys=0.00, real=0.00 secs] 
93.189: Total time for which application threads were stopped: 0.0035440 seconds, Stopping threads took: 0.0012560 seconds
93.229: Application time: 0.0392610 seconds
93.230: [GC [PSYoungGen: 48608K->6368K(48640K)] 105378K->63162K(159744K), 0.0022380 secs] [Times: user=0.02 sys=0.00, real=0.01 secs] 
93.233: Total time for which application threads were stopped: 0.0039450 seconds, Stopping threads took: 0.0016270 seconds
93.271: Application time: 0.0382040 seconds
93.274: [GC [PSYoungGen: 48352K->6656K(48640K)] 105146K->64342K(159744K), 0.0025640 secs] [Times: user=0.02 sys=0.00, real=0.00 secs] 
93.277: Total time for which application threads were stopped: 0.0059510 seconds, Stopping threads took: 0.0033010 seconds
93.315: Application time: 0.0379500 seconds
93.317: [GC [PSYoungGen: 48640K->6528K(48640K)] 106326K->64222K(159744K), 0.0020070 secs] [Times: user=0.01 sys=0.00, real=0.00 secs] 
93.319: Total time for which application threads were stopped: 0.0046450 seconds, Stopping threads took: 0.0025460 seconds
93.357: Application time: 0.0376720 seconds
93.359: [GC [PSYoungGen: 48512K->5904K(48640K)] 106206K->63598K(159744K), 0.0018050 secs] [Times: user=0.01 sys=0.01, real=0.00 secs] 
93.361: Total time for which application threads were stopped: 0.0042630 seconds, Stopping threads took: 0.0023780 seconds
93.398: Application time: 0.0368730 seconds
93.400: [GC [PSYoungGen: 47888K->6656K(48640K)] 105582K->64430K(159744K), 0.0020630 secs] [Times: user=0.01 sys=0.00, real=0.00 secs] 
93.402: Total time for which application threads were stopped: 0.0036180 seconds, Stopping threads took: 0.0014690 seconds
93.440: Application time: 0.0385790 seconds
93.441: [GC [PSYoungGen: 48640K->5088K(48640K)] 106414K->62862K(159744K), 0.0016210 secs] [Times: user=0.01 sys=0.00, real=0.00 secs] 
93.443: Total time for which application threads were stopped: 0.0026720 seconds, Stopping threads took: 0.0009750 seconds
93.481: Application time: 0.0379290 seconds
93.483: [GC [PSYoungGen: 47072K->6256K(48640K)] 104846K->64046K(159744K), 0.0019220 secs] [Times: user=0.02 sys=0.00, real=0.01 secs] 
93.484: Total time for which application threads were stopped: 0.0035520 seconds, Stopping threads took: 0.0015470 seconds
93.522: Application time: 0.0370580 seconds
93.524: [GC [PSYoungGen: 48240K->6640K(48640K)] 106030K->65350K(159744K), 0.0023430 secs] [Times: user=0.02 sys=0.00, real=0.00 secs] 
93.526: Total time for which application threads were stopped: 0.0045940 seconds, Stopping threads took: 0.0021470 seconds
93.564: Application time: 0.0376020 seconds
93.565: [GC [PSYoungGen: 48624K->5168K(48640K)] 107334K->63878K(159744K), 0.0016010 secs] [Times: user=0.01 sys=0.00, real=0.00 secs] 
93.567: Total time for which application threads were stopped: 0.0031840 seconds, Stopping threads took: 0.0015110 seconds
93.606: Application time: 0.0392340 seconds
93.608: [GC [PSYoungGen: 47152K->5488K(48640K)] 105862K->64198K(159744K), 0.0036310 secs] [Times: user=0.02 sys=0.00, real=0.01 secs] 
93.612: Total time for which application threads were stopped: 0.0053650 seconds, Stopping threads took: 0.0016560 seconds
93.650: Application time: 0.0387540 seconds
93.651: [GC [PSYoungGen: 47472K->5264K(48640K)] 106182K->63974K(159744K), 0.0017000 secs] [Times: user=0.00 sys=0.00, real=0.01 secs] 
93.653: Total time for which application threads were stopped: 0.0025450 seconds, Stopping threads took: 0.0007740 seconds
93.691: Application time: 0.0383450 seconds
93.693: [GC [PSYoungGen: 47248K->5424K(48640K)] 105958K->64142K(159744K), 0.0015590 secs] [Times: user=0.01 sys=0.00, real=0.00 secs] 
93.694: Total time for which application threads were stopped: 0.0031430 seconds, Stopping threads took: 0.0015130 seconds
93.734: Application time: 0.0393450 seconds
93.735: [GC [PSYoungGen: 47408K->4864K(48640K)] 106126K->63606K(159744K), 0.0015250 secs] [Times: user=0.01 sys=0.00, real=0.00 secs] 
93.736: Total time for which application threads were stopped: 0.0027410 seconds, Stopping threads took: 0.0011460 seconds
93.774: Application time: 0.0379130 seconds
93.776: [GC [PSYoungGen: 46848K->6640K(48640K)] 105590K->65822K(159744K), 0.0021340 secs] [Times: user=0.01 sys=0.00, real=0.00 secs] 
93.778: Total time for which application threads were stopped: 0.0037210 seconds, Stopping threads took: 0.0015100 seconds
93.816: Application time: 0.0384040 seconds
93.818: [GC [PSYoungGen: 48624K->6656K(48640K)] 107806K->66710K(159744K), 0.0022920 secs] [Times: user=0.02 sys=0.00, real=0.00 secs] 
93.820: Total time for which application threads were stopped: 0.0038340 seconds, Stopping threads took: 0.0014510 seconds
93.857: Application time: 0.0371320 seconds
93.860: [GC [PSYoungGen: 48640K->6624K(48640K)] 108694K->66838K(159744K), 0.0020400 secs] [Times: user=0.01 sys=0.00, real=0.00 secs] 
93.862: Total time for which application threads were stopped: 0.0044240 seconds, Stopping threads took: 0.0023000 seconds
93.898: Application time: 0.0361670 seconds
93.900: [GC [PSYoungGen: 48608K->6624K(48640K)] 108822K->67174K(159744K), 0.0021030 secs] [Times: user=0.01 sys=0.00, real=0.00 secs] 
93.902: Total time for which application threads were stopped: 0.0038790 seconds, Stopping threads took: 0.0016960 seconds
93.939: Application time: 0.0371260 seconds
93.941: [GC [PSYoungGen: 48608K->6624K(48640K)] 109158K->67782K(159744K), 0.0021850 secs] [Times: user=0.02 sys=0.00, real=0.00 secs] 
93.943: Total time for which application threads were stopped: 0.0038740 seconds, Stopping threads took: 0.0016120 seconds
93.981: Application time: 0.0383370 seconds
93.982: [GC [PSYoungGen: 48608K->6624K(48640K)] 109766K->67790K(159744K), 0.0020150 secs] [Times: user=0.01 sys=0.00, real=0.01 secs] 
93.984: Total time for which application threads were stopped: 0.0029750 seconds, Stopping threads took: 0.0008810 seconds
94.022: Application time: 0.0382710 seconds
94.024: [GC [PSYoungGen: 48608K->6112K(48640K)] 109774K->67294K(159744K), 0.0018850 secs] [Times: user=0.01 sys=0.00, real=0.00 secs] 
94.026: Total time for which application threads were stopped: 0.0035010 seconds, Stopping threads took: 0.0015340 seconds
94.063: Application time: 0.0372990 seconds
94.065: [GC [PSYoungGen: 48096K->6624K(48640K)] 109278K->68062K(159744K), 0.0020840 secs] [Times: user=0.01 sys=0.00, real=0.00 secs] 
94.067: Total time for which application threads were stopped: 0.0037640 seconds, Stopping threads took: 0.0015870 seconds
94.104: Application time: 0.0368970 seconds
94.106: [GC [PSYoungGen: 48608K->6640K(48640K)] 110046K->69110K(159744K), 0.0022730 secs] [Times: user=0.02 sys=0.00, real=0.00 secs] 
94.108: Total time for which application threads were stopped: 0.0039230 seconds, Stopping threads took: 0.0015670 seconds
94.146: Application time: 0.0377360 seconds
94.148: [GC [PSYoungGen: 48624K->5664K(48640K)] 111094K->68134K(159744K), 0.0017550 secs] [Times: user=0.01 sys=0.00, real=0.00 secs] 
94.149: Total time for which application threads were stopped: 0.0038470 seconds, Stopping threads took: 0.0020200 seconds
94.188: Application time: 0.0389030 seconds
94.190: [GC [PSYoungGen: 47648K->6560K(48640K)] 110118K->69030K(159744K), 0.0019930 secs] [Times: user=0.01 sys=0.00, real=0.01 secs] 
94.192: Total time for which application threads were stopped: 0.0032010 seconds, Stopping threads took: 0.0011270 seconds
94.230: Application time: 0.0382980 seconds
94.231: [GC [PSYoungGen: 48544K->6640K(48640K)] 111014K->69286K(159744K), 0.0021400 secs] [Times: user=0.01 sys=0.00, real=0.00 secs] 
94.234: Total time for which application threads were stopped: 0.0036800 seconds, Stopping threads took: 0.0014620 seconds
94.271: Application time: 0.0375710 seconds
94.274: [GC [PSYoungGen: 48624K->6336K(48640K)] 111270K->68990K(159744K), 0.0018710 secs] [Times: user=0.01 sys=0.00, real=0.00 secs] 
94.275: Total time for which application threads were stopped: 0.0042780 seconds, Stopping threads took: 0.0023290 seconds
94.314: Application time: 0.0384090 seconds
94.316: [GC [PSYoungGen: 48320K->6240K(48640K)] 110974K->68902K(159744K), 0.0019340 secs] [Times: user=0.02 sys=0.00, real=0.00 secs] 
94.318: Total time for which application threads were stopped: 0.0045150 seconds, Stopping threads took: 0.0025000 seconds
94.355: Application time: 0.0367680 seconds
94.357: [GC [PSYoungGen: 48224K->6656K(48640K)] 110886K->70606K(159744K), 0.0024420 secs] [Times: user=0.02 sys=0.00, real=0.00 secs] 
94.359: Total time for which application threads were stopped: 0.0039070 seconds, Stopping threads took: 0.0013760 seconds
94.397: Application time: 0.0383820 seconds
94.399: [GC [PSYoungGen: 48640K->6192K(48640K)] 112590K->70142K(159744K), 0.0018330 secs] [Times: user=0.01 sys=0.00, real=0.00 secs] 
94.401: Total time for which application threads were stopped: 0.0034150 seconds, Stopping threads took: 0.0015030 seconds
94.438: Application time: 0.0371930 seconds
94.440: [GC [PSYoungGen: 48176K->6640K(48640K)] 112126K->71350K(159744K), 0.0022080 secs] [Times: user=0.01 sys=0.00, real=0.00 secs] 
94.442: Total time for which application threads were stopped: 0.0042760 seconds, Stopping threads took: 0.0019860 seconds
94.480: Application time: 0.0376540 seconds
94.481: [GC [PSYoungGen: 48624K->6656K(48640K)] 113334K->71518K(159744K), 0.0020090 secs] [Times: user=0.01 sys=0.00, real=0.00 secs] 
94.483: Total time for which application threads were stopped: 0.0031990 seconds, Stopping threads took: 0.0011020 seconds
94.520: Application time: 0.0370180 seconds
94.522: [GC [PSYoungGen: 48640K->6656K(48640K)] 113502K->72166K(159744K), 0.0021810 secs] [Times: user=0.02 sys=0.00, real=0.01 secs] 
94.524: Total time for which application threads were stopped: 0.0038790 seconds, Stopping threads took: 0.0016170 seconds
94.562: Application time: 0.0377930 seconds
94.564: [GC [PSYoungGen: 48640K->6432K(48640K)] 114150K->71942K(159744K), 0.0019820 secs] [Times: user=0.02 sys=0.00, real=0.00 secs] 
94.566: Total time for which application threads were stopped: 0.0040090 seconds, Stopping threads took: 0.0019490 seconds
94.602: Application time: 0.0363110 seconds
94.605: [GC [PSYoungGen: 48416K->6656K(48640K)] 113926K->72894K(159744K), 0.0022300 secs] [Times: user=0.02 sys=0.00, real=0.00 secs] 
94.607: Total time for which application threads were stopped: 0.0046110 seconds, Stopping threads took: 0.0022990 seconds
94.644: Application time: 0.0376190 seconds
94.646: [GC [PSYoungGen: 48640K->6656K(48640K)] 114878K->72910K(159744K), 0.0020300 secs] [Times: user=0.02 sys=0.00, real=0.00 secs] 
94.648: Total time for which application threads were stopped: 0.0035680 seconds, Stopping threads took: 0.0014600 seconds
94.686: Application time: 0.0380700 seconds
94.687: [GC [PSYoungGen: 48640K->6656K(48640K)] 114894K->73766K(159744K), 0.0022700 secs] [Times: user=0.02 sys=0.00, real=0.00 secs] 
94.690: Total time for which application threads were stopped: 0.0037090 seconds, Stopping threads took: 0.0013500 seconds
94.727: Application time: 0.0368390 seconds
94.728: [GC [PSYoungGen: 48640K->6640K(48640K)] 115750K->74478K(159744K), 0.0022300 secs] [Times: user=0.01 sys=0.00, real=0.00 secs] 
94.731: Total time for which application threads were stopped: 0.0040460 seconds, Stopping threads took: 0.0017380 seconds
94.768: Application time: 0.0376980 seconds
94.770: [GC [PSYoungGen: 48624K->6640K(48640K)] 116462K->74566K(159744K), 0.0021130 secs] [Times: user=0.02 sys=0.00, real=0.01 secs] 
94.772: Total time for which application threads were stopped: 0.0038090 seconds, Stopping threads took: 0.0015940 seconds
94.808: Application time: 0.0362880 seconds
94.811: [GC [PSYoungGen: 48624K->6656K(48640K)] 116550K->75606K(159744K), 0.0023250 secs] [Times: user=0.02 sys=0.00, real=0.01 secs] 
94.813: Total time for which application threads were stopped: 0.0047500 seconds, Stopping threads took: 0.0023430 seconds
94.851: Application time: 0.0377310 seconds
94.852: [GC [PSYoungGen: 48640K->6656K(48640K)] 117590K->76566K(159744K), 0.0022940 secs] [Times: user=0.02 sys=0.00, real=0.00 secs] 
94.855: Total time for which application threads were stopped: 0.0037310 seconds, Stopping threads took: 0.0013510 seconds
94.893: Application time: 0.0383420 seconds
94.895: [GC [PSYoungGen: 48640K->6640K(48640K)] 118550K->76798K(159744K), 0.0020780 secs] [Times: user=0.01 sys=0.00, real=0.00 secs] 
94.897: Total time for which application threads were stopped: 0.0042600 seconds, Stopping threads took: 0.0020870 seconds
94.935: Application time: 0.0380590 seconds
94.937: [GC [PSYoungGen: 48624K->6656K(48640K)] 118782K->76830K(159744K), 0.0020690 secs] [Times: user=0.01 sys=0.00, real=0.00 secs] 
94.940: Total time for which application threads were stopped: 0.0042650 seconds, Stopping threads took: 0.0021150 seconds
94.978: Application time: 0.0383000 seconds
94.979: [GC [PSYoungGen: 48640K->6656K(48640K)] 118814K->77734K(159744K), 0.0022950 secs] [Times: user=0.01 sys=0.01, real=0.00 secs] 
94.981: Total time for which application threads were stopped: 0.0035100 seconds, Stopping threads took: 0.0011320 seconds
95.019: Application time: 0.0378820 seconds
95.021: [GC [PSYoungGen: 48640K->6656K(48640K)] 119718K->78974K(159744K), 0.0023990 secs] [Times: user=0.02 sys=0.00, real=0.01 secs] 
95.024: Total time for which application threads were stopped: 0.0044720 seconds, Stopping threads took: 0.0019920 seconds
95.062: Application time: 0.0385360 seconds
95.064: [GC [PSYoungGen: 48640K->6656K(48640K)] 120958K->79086K(159744K), 0.0020720 secs] [Times: user=0.01 sys=0.00, real=0.00 secs] 
95.066: Total time for which application threads were stopped: 0.0036030 seconds, Stopping threads took: 0.0014500 seconds
95.105: Application time: 0.0394980 seconds
95.107: [GC [PSYoungGen: 48640K->5024K(48640K)] 121070K->77454K(159744K), 0.0016200 secs] [Times: user=0.01 sys=0.00, real=0.00 secs] 
95.109: Total time for which application threads were stopped: 0.0031100 seconds, Stopping threads took: 0.0014180 seconds
95.148: Application time: 0.0396240 seconds
95.150: [GC [PSYoungGen: 47008K->5248K(48640K)] 119438K->77678K(159744K), 0.0015930 secs] [Times: user=0.01 sys=0.00, real=0.01 secs] 
95.151: Total time for which application threads were stopped: 0.0030940 seconds, Stopping threads took: 0.0014320 seconds
95.189: Application time: 0.0381980 seconds
95.191: [GC [PSYoungGen: 47232K->6640K(48640K)] 119662K->79463K(159744K), 0.0021390 secs] [Times: user=0.02 sys=0.00, real=0.00 secs] 
95.193: Total time for which application threads were stopped: 0.0040200 seconds, Stopping threads took: 0.0017910 seconds
95.233: Application time: 0.0391970 seconds
95.234: [GC [PSYoungGen: 48624K->6656K(48640K)] 121447K->79694K(159744K), 0.0021250 secs] [Times: user=0.02 sys=0.00, real=0.00 secs] 
95.236: Total time for which application threads were stopped: 0.0032900 seconds, Stopping threads took: 0.0010830 seconds
95.274: Application time: 0.0382240 seconds
95.276: [GC [PSYoungGen: 48640K->6656K(48640K)] 121678K->80710K(159744K), 0.0023350 secs] [Times: user=0.02 sys=0.00, real=0.00 secs] 
95.278: Total time for which application threads were stopped: 0.0039030 seconds, Stopping threads took: 0.0014840 seconds
95.316: Application time: 0.0381720 seconds
95.318: [GC [PSYoungGen: 48640K->6656K(48640K)] 122694K->80734K(159744K), 0.0020800 secs] [Times: user=0.01 sys=0.00, real=0.00 secs] 
95.320: Total time for which application threads were stopped: 0.0035140 seconds, Stopping threads took: 0.0013540 seconds
95.357: Application time: 0.0373850 seconds
95.360: [GC [PSYoungGen: 48640K->6656K(48640K)] 122718K->81623K(159744K), 0.0022850 secs] [Times: user=0.01 sys=0.00, real=0.00 secs] 
95.362: Total time for which application threads were stopped: 0.0052430 seconds, Stopping threads took: 0.0028810 seconds
95.402: Application time: 0.0391030 seconds
95.403: [GC [PSYoungGen: 48640K->6416K(48640K)] 123607K->81383K(159744K), 0.0019620 secs] [Times: user=0.01 sys=0.01, real=0.01 secs] 
95.405: Total time for which application threads were stopped: 0.0034330 seconds, Stopping threads took: 0.0013840 seconds
95.442: Application time: 0.0367510 seconds
95.444: [GC [PSYoungGen: 48400K->6640K(48640K)] 123367K->81679K(159744K), 0.0020640 secs] [Times: user=0.01 sys=0.00, real=0.00 secs] 
95.446: Total time for which application threads were stopped: 0.0046280 seconds, Stopping threads took: 0.0024830 seconds
95.484: Application time: 0.0380270 seconds
95.486: [GC [PSYoungGen: 48624K->5760K(48640K)] 123663K->80807K(159744K), 0.0017720 secs] [Times: user=0.01 sys=0.00, real=0.00 secs] 
95.487: Total time for which application threads were stopped: 0.0030790 seconds, Stopping threads took: 0.0012300 seconds
95.526: Application time: 0.0384970 seconds
95.527: [GC [PSYoungGen: 47744K->6160K(48640K)] 122791K->81215K(159744K), 0.0018530 secs] [Times: user=0.02 sys=0.00, real=0.00 secs] 
95.529: Total time for which application threads were stopped: 0.0029420 seconds, Stopping threads took: 0.0010160 seconds
95.566: Application time: 0.0371620 seconds
95.568: [GC [PSYoungGen: 48144K->6640K(48640K)] 123199K->82087K(159744K), 0.0021610 secs] [Times: user=0.01 sys=0.00, real=0.00 secs] 
95.570: Total time for which application threads were stopped: 0.0037740 seconds, Stopping threads took: 0.0015350 seconds
95.608: Application time: 0.0377430 seconds
95.609: [GC [PSYoungGen: 48624K->6560K(48640K)] 124071K->82007K(159744K), 0.0020530 secs] [Times: user=0.01 sys=0.00, real=0.00 secs] 
95.611: Total time for which application threads were stopped: 0.0032140 seconds, Stopping threads took: 0.0010820 seconds
95.650: Application time: 0.0390420 seconds
95.651: [GC [PSYoungGen: 48544K->4640K(48640K)] 123991K->80087K(159744K), 0.0016040 secs] [Times: user=0.01 sys=0.00, real=0.01 secs] 
95.652: Total time for which application threads were stopped: 0.0026300 seconds, Stopping threads took: 0.0009530 seconds
95.692: Application time: 0.0390790 seconds
95.693: [GC [PSYoungGen: 46624K->6656K(48640K)] 122071K->82151K(159744K), 0.0020800 secs] [Times: user=0.02 sys=0.00, real=0.00 secs] 
95.695: Total time for which application threads were stopped: 0.0032840 seconds, Stopping threads took: 0.0011240 seconds
95.733: Application time: 0.0378460 seconds
95.735: [GC [PSYoungGen: 48640K->6656K(48640K)] 124135K->83695K(159744K), 0.0024360 secs] [Times: user=0.01 sys=0.00, real=0.00 secs] 
95.737: Total time for which application threads were stopped: 0.0046660 seconds, Stopping threads took: 0.0021540 seconds
95.775: Application time: 0.0376330 seconds
95.778: [GC [PSYoungGen: 48640K->6656K(48640K)] 125679K->83759K(159744K), 0.0020390 secs] [Times: user=0.01 sys=0.00, real=0.00 secs] 
95.780: Total time for which application threads were stopped: 0.0047690 seconds, Stopping threads took: 0.0026490 seconds
95.819: Application time: 0.0388140 seconds
95.820: [GC [PSYoungGen: 48640K->6656K(48640K)] 125743K->84711K(159744K), 0.0023160 secs] [Times: user=0.01 sys=0.00, real=0.00 secs] 
95.823: Total time for which application threads were stopped: 0.0039750 seconds, Stopping threads took: 0.0015800 seconds
95.860: Application time: 0.0371060 seconds
95.862: [GC [PSYoungGen: 48640K->6464K(48640K)] 126695K->84519K(159744K), 0.0020280 secs] [Times: user=0.02 sys=0.00, real=0.01 secs] 
95.864: Total time for which application threads were stopped: 0.0041930 seconds, Stopping threads took: 0.0020870 seconds
95.901: Application time: 0.0367360 seconds
95.902: [GC [PSYoungGen: 48448K->6640K(48640K)] 126503K->85247K(159744K), 0.0021420 secs] [Times: user=0.01 sys=0.00, real=0.01 secs] 
95.904: Total time for which application threads were stopped: 0.0037150 seconds, Stopping threads took: 0.0014900 seconds
95.942: Application time: 0.0377960 seconds
95.944: [GC [PSYoungGen: 48624K->6624K(48640K)] 127231K->85247K(159744K), 0.0021330 secs] [Times: user=0.01 sys=0.00, real=0.00 secs] 
95.946: Total time for which application threads were stopped: 0.0037800 seconds, Stopping threads took: 0.0015600 seconds
95.984: Application time: 0.0385190 seconds
95.986: [GC [PSYoungGen: 48608K->5056K(48640K)] 127231K->83679K(159744K), 0.0016430 secs] [Times: user=0.01 sys=0.00, real=0.00 secs] 
95.988: Total time for which application threads were stopped: 0.0031850 seconds, Stopping threads took: 0.0014710 seconds
96.025: Application time: 0.0375030 seconds
96.027: [GC [PSYoungGen: 47040K->6656K(48640K)] 125663K->85975K(159744K), 0.0021780 secs] [Times: user=0.01 sys=0.00, real=0.00 secs] 
96.030: Total time for which application threads were stopped: 0.0043850 seconds, Stopping threads took: 0.0021270 seconds
96.067: Application time: 0.0374270 seconds
96.069: [GC [PSYoungGen: 48640K->6304K(48640K)] 127959K->85631K(159744K), 0.0019240 secs] [Times: user=0.02 sys=0.00, real=0.00 secs] 
96.071: Total time for which application threads were stopped: 0.0037090 seconds, Stopping threads took: 0.0017050 seconds
96.108: Application time: 0.0373840 seconds
96.110: [GC [PSYoungGen: 48288K->6656K(48640K)] 127615K->85983K(159744K), 0.0021290 secs] [Times: user=0.01 sys=0.00, real=0.01 secs] 
96.112: Total time for which application threads were stopped: 0.0037010 seconds, Stopping threads took: 0.0014890 seconds
96.150: Application time: 0.0383610 seconds
96.152: [GC [PSYoungGen: 48640K->6400K(48640K)] 127967K->85727K(159744K), 0.0019550 secs] [Times: user=0.01 sys=0.00, real=0.00 secs] 
96.154: Total time for which application threads were stopped: 0.0037130 seconds, Stopping threads took: 0.0016770 seconds
96.192: Application time: 0.0383200 seconds
96.194: [GC [PSYoungGen: 48384K->6656K(48640K)] 127711K->86391K(159744K), 0.0021460 secs] [Times: user=0.02 sys=0.00, real=0.00 secs] 
96.196: Total time for which application threads were stopped: 0.0040460 seconds, Stopping threads took: 0.0018180 seconds
96.234: Application time: 0.0377530 seconds
96.236: [GC [PSYoungGen: 48640K->6656K(48640K)] 128375K->87603K(159744K), 0.0024600 secs] [Times: user=0.02 sys=0.00, real=0.00 secs] 
96.238: Total time for which application threads were stopped: 0.0042930 seconds, Stopping threads took: 0.0017310 seconds
96.277: Application time: 0.0384850 seconds
96.278: [GC [PSYoungGen: 48640K->6640K(48640K)] 129587K->88219K(159744K), 0.0023170 secs] [Times: user=0.02 sys=0.00, real=0.00 secs] 
96.281: Total time for which application threads were stopped: 0.0040210 seconds, Stopping threads took: 0.0016220 seconds
96.319: Application time: 0.0381010 seconds
96.320: [GC [PSYoungGen: 48624K->6624K(48640K)] 130203K->89347K(159744K), 0.0024840 secs] [Times: user=0.02 sys=0.00, real=0.00 secs] 
96.323: Total time for which application threads were stopped: 0.0041880 seconds, Stopping threads took: 0.0016120 seconds
96.361: Application time: 0.0379710 seconds
96.362: [GC [PSYoungGen: 48608K->6656K(48640K)] 131331K->90043K(159744K), 0.0024050 secs] [Times: user=0.02 sys=0.00, real=0.01 secs] 
96.364: Total time for which application threads were stopped: 0.0033960 seconds, Stopping threads took: 0.0009050 seconds
96.402: Application time: 0.0374060 seconds
96.403: [GC [PSYoungGen: 48640K->6640K(48640K)] 132027K->90683K(159744K), 0.0023030 secs] [Times: user=0.02 sys=0.00, real=0.00 secs] 
96.406: Total time for which application threads were stopped: 0.0036990 seconds, Stopping threads took: 0.0013070 seconds
96.443: Application time: 0.0379280 seconds
96.444: [GC [PSYoungGen: 48624K->6640K(48640K)] 132667K->91419K(159744K), 0.0022680 secs] [Times: user=0.02 sys=0.00, real=0.00 secs] 
96.447: Total time for which application threads were stopped: 0.0032470 seconds, Stopping threads took: 0.0008930 seconds
96.484: Application time: 0.0375900 seconds
96.485: [GC [PSYoungGen: 48624K->6352K(48640K)] 133403K->91131K(159744K), 0.0019570 secs] [Times: user=0.01 sys=0.00, real=0.00 secs] 
96.487: Total time for which application threads were stopped: 0.0026660 seconds, Stopping threads took: 0.0006260 seconds
96.525: Application time: 0.0379280 seconds
96.526: [GC [PSYoungGen: 48336K->5216K(48640K)] 133115K->90011K(159744K), 0.0016690 secs] [Times: user=0.01 sys=0.00, real=0.00 secs] 
96.528: Total time for which application threads were stopped: 0.0027660 seconds, Stopping threads took: 0.0010210 seconds
96.566: Application time: 0.0382540 seconds
96.567: [GC [PSYoungGen: 47200K->6064K(48640K)] 131995K->90867K(159744K), 0.0018470 secs] [Times: user=0.01 sys=0.00, real=0.00 secs] 
96.569: Total time for which application threads were stopped: 0.0034550 seconds, Stopping threads took: 0.0015280 seconds
96.608: Application time: 0.0386220 seconds
96.609: [GC [PSYoungGen: 48048K->6448K(48640K)] 132851K->91259K(159744K), 0.0020160 secs] [Times: user=0.01 sys=0.00, real=0.01 secs] 
96.611: Total time for which application threads were stopped: 0.0034920 seconds, Stopping threads took: 0.0013690 seconds
96.648: Application time: 0.0366080 seconds
96.650: [GC [PSYoungGen: 48432K->6176K(48640K)] 133243K->90987K(159744K), 0.0019020 secs] [Times: user=0.01 sys=0.00, real=0.01 secs] 
96.652: Total time for which application threads were stopped: 0.0037520 seconds, Stopping threads took: 0.0017690 seconds
96.689: Application time: 0.0373880 seconds
96.691: [GC [PSYoungGen: 48160K->6528K(48640K)] 132971K->91339K(159744K), 0.0020490 secs] [Times: user=0.02 sys=0.00, real=0.01 secs] 
96.693: Total time for which application threads were stopped: 0.0037940 seconds, Stopping threads took: 0.0016700 seconds
96.732: Application time: 0.0386410 seconds
96.733: [GC [PSYoungGen: 48512K->6000K(48640K)] 133323K->90811K(159744K), 0.0019240 secs] [Times: user=0.01 sys=0.00, real=0.00 secs] 
96.735: Total time for which application threads were stopped: 0.0032430 seconds, Stopping threads took: 0.0012400 seconds
96.773: Application time: 0.0385370 seconds
96.775: [GC [PSYoungGen: 47984K->6352K(48640K)] 132795K->91163K(159744K), 0.0019380 secs] [Times: user=0.02 sys=0.00, real=0.00 secs] 
96.777: Total time for which application threads were stopped: 0.0033940 seconds, Stopping threads took: 0.0013790 seconds
96.815: Application time: 0.0379630 seconds
96.817: [GC [PSYoungGen: 48336K->6640K(48640K)] 133147K->92499K(159744K), 0.0023570 secs] [Times: user=0.02 sys=0.00, real=0.00 secs] 
96.819: Total time for which application threads were stopped: 0.0043750 seconds, Stopping threads took: 0.0019380 seconds
96.856: Application time: 0.0364130 seconds
96.858: [GC [PSYoungGen: 48624K->6656K(48640K)] 134483K->93595K(159744K), 0.0023370 secs] [Times: user=0.01 sys=0.00, real=0.00 secs] 
96.860: Total time for which application threads were stopped: 0.0043650 seconds, Stopping threads took: 0.0019430 seconds
96.897: Application time: 0.0373640 seconds
96.899: [GC [PSYoungGen: 48640K->6656K(48640K)] 135579K->94915K(159744K), 0.0024120 secs] [Times: user=0.02 sys=0.00, real=0.00 secs] 
96.902: Total time for which application threads were stopped: 0.0041610 seconds, Stopping threads took: 0.0016670 seconds
96.939: Application time: 0.0370330 seconds
96.940: [GC [PSYoungGen: 48640K->6656K(48640K)] 136899K->95563K(159744K), 0.0023320 secs] [Times: user=0.01 sys=0.00, real=0.00 secs] 
96.943: Total time for which application threads were stopped: 0.0042680 seconds, Stopping threads took: 0.0018500 seconds
96.979: Application time: 0.0358590 seconds
96.980: [GC [PSYoungGen: 48640K->6656K(48640K)] 137547K->96339K(159744K), 0.0023500 secs] [Times: user=0.01 sys=0.00, real=0.00 secs] 
96.983: Total time for which application threads were stopped: 0.0039190 seconds, Stopping threads took: 0.0014770 seconds
97.019: Application time: 0.0359350 seconds
97.020: [GC [PSYoungGen: 48640K->6640K(48640K)] 138323K->97383K(159744K), 0.0023680 secs] [Times: user=0.02 sys=0.00, real=0.00 secs] 
97.023: Total time for which application threads were stopped: 0.0042410 seconds, Stopping threads took: 0.0017910 seconds
97.061: Application time: 0.0383230 seconds
97.063: [GC [PSYoungGen: 48624K->6608K(48640K)] 139367K->97367K(159744K), 0.0020440 secs] [Times: user=0.02 sys=0.00, real=0.01 secs] 
97.065: Total time for which application threads were stopped: 0.0037240 seconds, Stopping threads took: 0.0016020 seconds
97.102: Application time: 0.0370210 seconds
97.103: [GC [PSYoungGen: 48592K->6656K(48640K)] 139351K->98239K(159744K), 0.0023320 secs] [Times: user=0.01 sys=0.00, real=0.00 secs] 
97.106: Total time for which application threads were stopped: 0.0038370 seconds, Stopping threads took: 0.0014240 seconds
97.142: Application time: 0.0364260 seconds
97.143: [GC [PSYoungGen: 48640K->6656K(48640K)] 140223K->99455K(159744K), 0.0024370 secs] [Times: user=0.01 sys=0.00, real=0.00 secs] 
97.146: Total time for which application threads were stopped: 0.0038000 seconds, Stopping threads took: 0.0012810 seconds
97.184: Application time: 0.0380850 seconds
97.185: [GC [PSYoungGen: 48640K->6624K(48640K)] 141439K->100007K(159744K), 0.0021570 secs] [Times: user=0.01 sys=0.00, real=0.00 secs] 
97.187: Total time for which application threads were stopped: 0.0033180 seconds, Stopping threads took: 0.0010800 seconds
97.225: Application time: 0.0377010 seconds
97.227: [GC [PSYoungGen: 48608K->6656K(48640K)] 141991K->100063K(159744K), 0.0019590 secs] [Times: user=0.01 sys=0.00, real=0.00 secs] 
97.229: Total time for which application threads were stopped: 0.0043160 seconds, Stopping threads took: 0.0022750 seconds
97.268: Application time: 0.0389620 seconds
97.270: [GC [PSYoungGen: 48640K->5680K(48640K)] 142047K->99087K(159744K), 0.0017550 secs] [Times: user=0.01 sys=0.00, real=0.01 secs] 
97.272: Total time for which application threads were stopped: 0.0038890 seconds, Stopping threads took: 0.0020620 seconds
97.312: Application time: 0.0397130 seconds
97.313: [GC [PSYoungGen: 47664K->5264K(48640K)] 141071K->98679K(159744K), 0.0016580 secs] [Times: user=0.01 sys=0.00, real=0.00 secs] 
97.315: Total time for which application threads were stopped: 0.0032370 seconds, Stopping threads took: 0.0014890 seconds
97.357: Application time: 0.0418910 seconds
97.359: [GC [PSYoungGen: 47248K->5248K(48640K)] 140663K->98663K(159744K), 0.0016500 secs] [Times: user=0.01 sys=0.00, real=0.00 secs] 
97.360: Total time for which application threads were stopped: 0.0033420 seconds, Stopping threads took: 0.0016130 seconds
97.401: Application time: 0.0401950 seconds
97.404: [GC [PSYoungGen: 47232K->6016K(48640K)] 140647K->99439K(159744K), 0.0018460 secs] [Times: user=0.02 sys=0.00, real=0.00 secs] 
97.406: Total time for which application threads were stopped: 0.0049230 seconds, Stopping threads took: 0.0029960 seconds
97.446: Application time: 0.0406510 seconds
97.448: [GC [PSYoungGen: 48000K->6496K(48640K)] 141423K->99919K(159744K), 0.0020870 secs] [Times: user=0.02 sys=0.00, real=0.00 secs] 
97.450: Total time for which application threads were stopped: 0.0035940 seconds, Stopping threads took: 0.0014180 seconds
97.490: Application time: 0.0399240 seconds
97.492: [GC [PSYoungGen: 48480K->6336K(48640K)] 141903K->99767K(159744K), 0.0019970 secs] [Times: user=0.01 sys=0.00, real=0.00 secs] 
97.494: Total time for which application threads were stopped: 0.0045920 seconds, Stopping threads took: 0.0025030 seconds
97.535: Application time: 0.0408630 seconds
97.539: [GC [PSYoungGen: 48320K->5808K(48640K)] 141751K->99239K(159744K), 0.0018240 secs] [Times: user=0.01 sys=0.00, real=0.00 secs] 
97.541: Total time for which application threads were stopped: 0.0059540 seconds, Stopping threads took: 0.0040540 seconds
97.581: Application time: 0.0398110 seconds
97.582: [GC [PSYoungGen: 47792K->5184K(48640K)] 141223K->98631K(159744K), 0.0017360 secs] [Times: user=0.01 sys=0.00, real=0.01 secs] 
97.584: Total time for which application threads were stopped: 0.0029260 seconds, Stopping threads took: 0.0011100 seconds
97.624: Application time: 0.0400880 seconds
97.626: [GC [PSYoungGen: 47168K->6080K(48640K)] 140615K->99527K(159744K), 0.0019310 secs] [Times: user=0.01 sys=0.00, real=0.00 secs] 
97.628: Total time for which application threads were stopped: 0.0037210 seconds, Stopping threads took: 0.0017130 seconds
97.667: Application time: 0.0395170 seconds
97.669: [GC [PSYoungGen: 48064K->6608K(48640K)] 141511K->100063K(159744K), 0.0020380 secs] [Times: user=0.02 sys=0.00, real=0.00 secs] 
97.671: Total time for which application threads were stopped: 0.0035330 seconds, Stopping threads took: 0.0014180 seconds
97.711: Application time: 0.0399470 seconds
97.712: [GC [PSYoungGen: 48592K->6640K(48640K)] 142047K->100608K(159744K), 0.0023410 secs] [Times: user=0.02 sys=0.00, real=0.00 secs] 
97.715: Total time for which application threads were stopped: 0.0040050 seconds, Stopping threads took: 0.0015810 seconds
97.756: Application time: 0.0415130 seconds
97.758: [GC [PSYoungGen: 48624K->5376K(48640K)] 142592K->99344K(159744K), 0.0017030 secs] [Times: user=0.01 sys=0.00, real=0.00 secs] 
97.759: Total time for which application threads were stopped: 0.0032740 seconds, Stopping threads took: 0.0014920 seconds
97.801: Application time: 0.0419830 seconds
97.804: [GC [PSYoungGen: 47360K->6656K(48640K)] 141328K->100664K(159744K), 0.0021520 secs] [Times: user=0.02 sys=0.00, real=0.00 secs] 
97.806: Total time for which application threads were stopped: 0.0047020 seconds, Stopping threads took: 0.0024670 seconds
97.846: Application time: 0.0394730 seconds
97.848: [GC [PSYoungGen: 48640K->6624K(48640K)] 142648K->101912K(159744K), 0.0025270 secs] [Times: user=0.01 sys=0.00, real=0.00 secs] 
97.851: Total time for which application threads were stopped: 0.0049590 seconds, Stopping threads took: 0.0023390 seconds
97.890: Application time: 0.0398850 seconds
97.892: [GC [PSYoungGen: 48608K->6640K(48640K)] 143896K->102536K(159744K), 0.0022290 secs] [Times: user=0.02 sys=0.00, real=0.00 secs] 
97.895: Total time for which application threads were stopped: 0.0042660 seconds, Stopping threads took: 0.0019530 seconds
97.935: Application time: 0.0400780 seconds
97.936: [GC [PSYoungGen: 48624K->6192K(48640K)] 144520K->102104K(159744K), 0.0019280 secs] [Times: user=0.01 sys=0.00, real=0.00 secs] 
97.938: Total time for which application threads were stopped: 0.0032450 seconds, Stopping threads took: 0.0012400 seconds
97.977: Application time: 0.0388940 seconds
97.979: [GC [PSYoungGen: 48176K->6624K(48640K)] 144088K->102944K(159744K), 0.0021990 secs] [Times: user=0.01 sys=0.00, real=0.00 secs] 
97.981: Total time for which application threads were stopped: 0.0040900 seconds, Stopping threads took: 0.0018030 seconds
98.022: Application time: 0.0408360 seconds
98.024: [GC [PSYoungGen: 48608K->6656K(48640K)] 144928K->103704K(159744K), 0.0023260 secs] [Times: user=0.02 sys=0.00, real=0.00 secs] 
98.027: Total time for which application threads were stopped: 0.0047000 seconds, Stopping threads took: 0.0022640 seconds
98.068: Application time: 0.0410460 seconds
98.069: [GC [PSYoungGen: 48640K->6640K(48640K)] 145688K->104548K(159744K), 0.0023940 secs] [Times: user=0.02 sys=0.00, real=0.01 secs] 
98.072: Total time for which application threads were stopped: 0.0040960 seconds, Stopping threads took: 0.0016160 seconds
98.112: Application time: 0.0406650 seconds
98.114: [GC [PSYoungGen: 48624K->6640K(48640K)] 146532K->104780K(159744K), 0.0022780 secs] [Times: user=0.01 sys=0.00, real=0.00 secs] 
98.117: Total time for which application threads were stopped: 0.0041830 seconds, Stopping threads took: 0.0018000 seconds
98.154: Application time: 0.0379010 seconds
98.157: [GC [PSYoungGen: 48623K->6656K(48640K)] 146763K->106324K(159744K), 0.0025230 secs] [Times: user=0.01 sys=0.00, real=0.00 secs] 
98.159: Total time for which application threads were stopped: 0.0048340 seconds, Stopping threads took: 0.0022250 seconds
98.199: Application time: 0.0393750 seconds
98.201: [GC [PSYoungGen: 48640K->5984K(48640K)] 148308K->105652K(159744K), 0.0018550 secs] [Times: user=0.01 sys=0.00, real=0.01 secs] 
98.203: Total time for which application threads were stopped: 0.0045410 seconds, Stopping threads took: 0.0026030 seconds
98.244: Application time: 0.0403390 seconds
98.246: [GC [PSYoungGen: 47968K->6656K(48640K)] 147636K->107372K(159744K), 0.0023250 secs] [Times: user=0.02 sys=0.00, real=0.00 secs] 
98.248: Total time for which application threads were stopped: 0.0043280 seconds, Stopping threads took: 0.0019220 seconds
98.288: Application time: 0.0403010 seconds
98.290: [GC [PSYoungGen: 48640K->6560K(48640K)] 149356K->107276K(159744K), 0.0020650 secs] [Times: user=0.01 sys=0.00, real=0.01 secs] 
98.292: Total time for which application threads were stopped: 0.0041990 seconds, Stopping threads took: 0.0020500 seconds
98.332: Application time: 0.0398090 seconds
98.334: [GC [PSYoungGen: 48544K->6656K(48640K)] 149260K->108060K(159744K), 0.0023130 secs] [Times: user=0.02 sys=0.00, real=0.00 secs] 
98.337: Total time for which application threads were stopped: 0.0044530 seconds, Stopping threads took: 0.0020560 seconds
98.377: Application time: 0.0399100 seconds
98.378: [GC [PSYoungGen: 48640K->6656K(48640K)] 150044K->109108K(159744K), 0.0023960 secs] [Times: user=0.02 sys=0.00, real=0.00 secs] 
98.381: Total time for which application threads were stopped: 0.0039410 seconds, Stopping threads took: 0.0014590 seconds
98.420: Application time: 0.0397310 seconds
98.422: [GC [PSYoungGen: 48640K->6640K(48640K)] 151092K->109468K(159744K), 0.0021780 secs] [Times: user=0.01 sys=0.00, real=0.01 secs] 
98.424: Total time for which application threads were stopped: 0.0040200 seconds, Stopping threads took: 0.0017570 seconds
98.465: Application time: 0.0404760 seconds
98.466: [GC [PSYoungGen: 48624K->6624K(48640K)] 151452K->109732K(159744K), 0.0021430 secs] [Times: user=0.02 sys=0.00, real=0.00 secs] 
98.469: Total time for which application threads were stopped: 0.0039060 seconds, Stopping threads took: 0.0016790 seconds
98.509: Application time: 0.0402590 seconds
98.510: [GC [PSYoungGen: 48608K->6656K(48640K)] 151716K->109828K(159744K), 0.0021720 secs] [Times: user=0.01 sys=0.00, real=0.01 secs] 
98.513: Total time for which application threads were stopped: 0.0036780 seconds, Stopping threads took: 0.0014250 seconds
98.554: Application time: 0.0414640 seconds
98.555: [GC [PSYoungGen: 48640K->5136K(48640K)] 151812K->108308K(159744K), 0.0016640 secs] [Times: user=0.01 sys=0.00, real=0.00 secs] 
98.557: Total time for which application threads were stopped: 0.0029850 seconds, Stopping threads took: 0.0012340 seconds
98.597: Application time: 0.0403520 seconds
98.599: [GC [PSYoungGen: 47120K->6640K(48640K)] 150292K->110548K(159744K), 0.0023330 secs] [Times: user=0.02 sys=0.00, real=0.00 secs] 
98.601: Total time for which application threads were stopped: 0.0038410 seconds, Stopping threads took: 0.0014220 seconds
98.640: Application time: 0.0392200 seconds
98.643: [GC [PSYoungGen: 48624K->6624K(48640K)] 152532K->110804K(159744K), 0.0021150 secs] [Times: user=0.02 sys=0.00, real=0.01 secs] 
98.645: Total time for which application threads were stopped: 0.0041990 seconds, Stopping threads took: 0.0020030 seconds
98.685: Application time: 0.0403700 seconds
98.686: [GC [PSYoungGen: 48608K->6656K(48640K)] 152788K->111956K(159744K), 0.0024050 secs] [Times: user=0.01 sys=0.00, real=0.00 secs] 
98.689: Total time for which application threads were stopped: 0.0035770 seconds, Stopping threads took: 0.0010850 seconds
98.729: Application time: 0.0404210 seconds
98.730: [GC [PSYoungGen: 48639K->6208K(48640K)] 153939K->111516K(159744K), 0.0019840 secs] [Times: user=0.01 sys=0.00, real=0.01 secs] 
98.732: Total time for which application threads were stopped: 0.0032040 seconds, Stopping threads took: 0.0011390 seconds
98.772: Application time: 0.0393650 seconds
98.774: [GC [PSYoungGen: 48192K->6480K(48640K)] 153500K->111788K(159744K), 0.0019910 secs] [Times: user=0.02 sys=0.00, real=0.00 secs] 
98.776: Total time for which application threads were stopped: 0.0039790 seconds, Stopping threads took: 0.0019100 seconds
98.816: Application time: 0.0402870 seconds
98.819: [GC [PSYoungGen: 48464K->6640K(48640K)] 153772K->112036K(159744K), 0.0021330 secs] [Times: user=0.01 sys=0.00, real=0.00 secs] 
98.821: Total time for which application threads were stopped: 0.0048730 seconds, Stopping threads took: 0.0026540 seconds
98.862: Application time: 0.0407620 seconds
98.863: [GC [PSYoungGen: 48624K->5696K(48640K)] 154020K->111092K(159744K), 0.0018880 secs] [Times: user=0.02 sys=0.00, real=0.01 secs] 
98.865: Total time for which application threads were stopped: 0.0034040 seconds, Stopping threads took: 0.0014350 seconds
98.905: Application time: 0.0403760 seconds
98.908: [GC [PSYoungGen: 47680K->6640K(48640K)] 153076K->112060K(159744K), 0.0021370 secs] [Times: user=0.01 sys=0.00, real=0.00 secs] 
98.910: Total time for which application threads were stopped: 0.0050630 seconds, Stopping threads took: 0.0028440 seconds
98.951: Application time: 0.0401220 seconds
98.952: [GC [PSYoungGen: 48624K->6624K(48640K)] 154044K->113300K(159744K), 0.0023830 secs] [Times: user=0.01 sys=0.00, real=0.00 secs] 
98.954: Total time for which application threads were stopped: 0.0037170 seconds, Stopping threads took: 0.0012440 seconds
98.995: Application time: 0.0410080 seconds
98.996: [GC [PSYoungGen: 48608K->5376K(48640K)] 155284K->112052K(159744K), 0.0018370 secs] [Times: user=0.01 sys=0.00, real=0.00 secs] 
98.998: Total time for which application threads were stopped: 0.0029380 seconds, Stopping threads took: 0.0010270 seconds
99.040: Application time: 0.0415130 seconds
99.041: [GC [PSYoungGen: 47360K->6240K(48640K)] 154036K->112924K(159744K), 0.0019390 secs] [Times: user=0.01 sys=0.00, real=0.01 secs] 
99.043: Total time for which application threads were stopped: 0.0035840 seconds, Stopping threads took: 0.0015610 seconds
99.085: Application time: 0.0416270 seconds
99.087: [GC [PSYoungGen: 48224K->6048K(48640K)] 154908K->112740K(159744K), 0.0019450 secs] [Times: user=0.01 sys=0.00, real=0.00 secs] 
99.089: Total time for which application threads were stopped: 0.0043440 seconds, Stopping threads took: 0.0022850 seconds
99.130: Application time: 0.0409280 seconds
99.132: [GC [PSYoungGen: 48032K->4992K(48640K)] 154724K->111692K(159744K), 0.0017420 secs] [Times: user=0.01 sys=0.00, real=0.00 secs] 
99.134: Total time for which application threads were stopped: 0.0039410 seconds, Stopping threads took: 0.0021210 seconds
99.175: Application time: 0.0407040 seconds
99.178: [GC [PSYoungGen: 46975K->5664K(48640K)] 153675K->112364K(159744K), 0.0017890 secs] [Times: user=0.01 sys=0.00, real=0.00 secs] 
99.180: Total time for which application threads were stopped: 0.0047550 seconds, Stopping threads took: 0.0028870 seconds
99.219: Application time: 0.0396800 seconds
99.220: [GC [PSYoungGen: 47648K->6624K(48640K)] 154348K->113700K(159744K), 0.0021940 secs] [Times: user=0.02 sys=0.00, real=0.00 secs] 
99.223: Total time for which application threads were stopped: 0.0032870 seconds, Stopping threads took: 0.0010110 seconds
99.261: Application time: 0.0387650 seconds
99.264: [GC [PSYoungGen: 48608K->6640K(48640K)] 155684K->114548K(159744K), 0.0023330 secs] [Times: user=0.02 sys=0.00, real=0.00 secs] 
99.267: Total time for which application threads were stopped: 0.0054180 seconds, Stopping threads took: 0.0030000 seconds
99.307: Application time: 0.0403630 seconds
99.309: [GC [PSYoungGen: 48624K->6272K(48640K)] 156532K->114188K(159744K), 0.0020780 secs] [Times: user=0.01 sys=0.00, real=0.00 secs] 
99.311: Total time for which application threads were stopped: 0.0039690 seconds, Stopping threads took: 0.0018090 seconds
99.352: Application time: 0.0407230 seconds
99.354: [GC [PSYoungGen: 48256K->6128K(48640K)] 156172K->114044K(159744K), 0.0019530 secs] [Times: user=0.01 sys=0.00, real=0.00 secs] 
99.356: Total time for which application threads were stopped: 0.0040340 seconds, Stopping threads took: 0.0020010 seconds
99.396: Application time: 0.0396570 seconds
99.397: [GC [PSYoungGen: 48112K->6656K(48640K)] 156028K->114724K(159744K), 0.0021630 secs] [Times: user=0.02 sys=0.00, real=0.00 secs] 
99.399: Total time for which application threads were stopped: 0.0036460 seconds, Stopping threads took: 0.0014040 seconds
99.439: Application time: 0.0396750 seconds
99.440: [GC [PSYoungGen: 48640K->6640K(48640K)] 156708K->114732K(159744K), 0.0020640 secs] [Times: user=0.01 sys=0.00, real=0.00 secs] 
99.442: Total time for which application threads were stopped: 0.0035120 seconds, Stopping threads took: 0.0013700 seconds
99.482: Application time: 0.0394340 seconds
99.483: [GC [PSYoungGen: 48622K->6656K(48640K)] 156715K->116108K(159744K), 0.0025130 secs] [Times: user=0.02 sys=0.00, real=0.00 secs] 
99.486: Total time for which application threads were stopped: 0.0042210 seconds, Stopping threads took: 0.0016290 seconds
99.526: Application time: 0.0400550 seconds
99.529: [GC [PSYoungGen: 48638K->6432K(48640K)] 158091K->115884K(159744K), 0.0019960 secs] [Times: user=0.02 sys=0.00, real=0.00 secs] 
99.531: Total time for which application threads were stopped: 0.0049220 seconds, Stopping threads took: 0.0028470 seconds
99.571: Application time: 0.0404240 seconds
99.573: [GC [PSYoungGen: 48416K->6640K(48640K)] 157868K->116100K(159744K), 0.0020930 secs] [Times: user=0.01 sys=0.00, real=0.00 secs] 
99.575: Total time for which application threads were stopped: 0.0038540 seconds, Stopping threads took: 0.0016800 seconds
99.615: Application time: 0.0400760 seconds
99.617: [GC [PSYoungGen: 48624K->6128K(48640K)] 158084K->115596K(159744K), 0.0019170 secs] [Times: user=0.01 sys=0.00, real=0.00 secs] 
99.619: Total time for which application threads were stopped: 0.0037130 seconds, Stopping threads took: 0.0017110 seconds
99.661: Application time: 0.0415570 seconds
99.662: [GC [PSYoungGen: 48112K->6640K(48640K)] 157580K->116404K(159744K), 0.0021480 secs] [Times: user=0.01 sys=0.00, real=0.01 secs] 
99.664: Total time for which application threads were stopped: 0.0034370 seconds, Stopping threads took: 0.0012060 seconds
99.705: Application time: 0.0408820 seconds
99.706: [GC [PSYoungGen: 48624K->6640K(48640K)] 158388K->116564K(159744K), 0.0021750 secs] [Times: user=0.01 sys=0.00, real=0.00 secs] 
99.708: Total time for which application threads were stopped: 0.0031740 seconds, Stopping threads took: 0.0009130 seconds
99.748: Application time: 0.0402940 seconds
99.750: [GC [PSYoungGen: 48624K->6640K(48640K)] 158548K->116620K(159744K), 0.0020620 secs] [Times: user=0.01 sys=0.00, real=0.01 secs] 
99.753: Total time for which application threads were stopped: 0.0040920 seconds, Stopping threads took: 0.0019440 seconds
99.793: Application time: 0.0409180 seconds
99.795: [GC [PSYoungGen: 48623K->6656K(48640K)] 158603K->117372K(159744K), 0.0022740 secs] [Times: user=0.01 sys=0.00, real=0.00 secs] 
99.797: [Full GC [PSYoungGen: 6656K->0K(48640K)] [ParOldGen: 110716K->10349K(111104K)] 117372K->10349K(159744K) [PSPermGen: 5147K->5147K(21504K)], 0.0072820 secs] [Times: user=0.03 sys=0.00, real=0.01 secs] 
99.804: Total time for which application threads were stopped: 0.0107020 seconds, Stopping threads took: 0.0010090 seconds
99.845: Application time: 0.0404640 seconds
99.847: [GC [PSYoungGen: 41984K->6656K(48640K)] 52333K->17229K(159744K), 0.0020920 secs] [Times: user=0.01 sys=0.00, real=0.00 secs] 
99.849: Total time for which application threads were stopped: 0.0041130 seconds, Stopping threads took: 0.0019380 seconds
99.888: Application time: 0.0396530 seconds
99.890: [GC [PSYoungGen: 48640K->6640K(48640K)] 59213K->17773K(159744K), 0.0022160 secs] [Times: user=0.01 sys=0.00, real=0.01 secs] 
99.892: Total time for which application threads were stopped: 0.0039320 seconds, Stopping threads took: 0.0016090 seconds
99.933: Application time: 0.0411660 seconds
99.935: [GC [PSYoungGen: 48624K->6640K(48640K)] 59757K->18509K(159744K), 0.0022590 secs] [Times: user=0.02 sys=0.00, real=0.00 secs] 
99.938: Total time for which application threads were stopped: 0.0040180 seconds, Stopping threads took: 0.0016780 seconds
99.978: Application time: 0.0400540 seconds
99.979: [GC [PSYoungGen: 48624K->6656K(48640K)] 60493K->19701K(159744K), 0.0023530 secs] [Times: user=0.02 sys=0.00, real=0.00 secs] 
99.982: Total time for which application threads were stopped: 0.0042790 seconds, Stopping threads took: 0.0018460 seconds
100.021: Application time: 0.0396290 seconds
100.023: [GC [PSYoungGen: 48640K->6656K(48640K)] 61685K->20301K(159744K), 0.0021220 secs] [Times: user=0.02 sys=0.00, real=0.00 secs] 
100.026: Total time for which application threads were stopped: 0.0040280 seconds, Stopping threads took: 0.0018250 seconds
100.067: Application time: 0.0411140 seconds
100.068: [GC [PSYoungGen: 48640K->6640K(48640K)] 62285K->21237K(159744K), 0.0022840 secs] [Times: user=0.01 sys=0.00, real=0.00 secs] 
100.070: Total time for which application threads were stopped: 0.0031980 seconds, Stopping threads took: 0.0008090 seconds
100.108: Application time: 0.0385620 seconds
100.110: [GC [PSYoungGen: 48624K->6656K(48640K)] 63221K->22465K(159744K), 0.0023410 secs] [Times: user=0.02 sys=0.00, real=0.01 secs] 
100.113: Total time for which application threads were stopped: 0.0043140 seconds, Stopping threads took: 0.0018880 seconds
100.153: Application time: 0.0399200 seconds
100.154: [GC [PSYoungGen: 48640K->6656K(48640K)] 64449K->22857K(159744K), 0.0022710 secs] [Times: user=0.01 sys=0.00, real=0.00 secs] 
100.156: Total time for which application threads were stopped: 0.0034790 seconds, Stopping threads took: 0.0011140 seconds
100.195: Application time: 0.0385990 seconds
100.197: [GC [PSYoungGen: 48640K->6656K(48640K)] 64841K->24609K(159744K), 0.0025160 secs] [Times: user=0.01 sys=0.00, real=0.00 secs] 
100.199: Total time for which application threads were stopped: 0.0043940 seconds, Stopping threads took: 0.0017950 seconds
100.239: Application time: 0.0402850 seconds
100.241: [GC [PSYoungGen: 48640K->6640K(48640K)] 66593K->25641K(159744K), 0.0023300 secs] [Times: user=0.02 sys=0.00, real=0.01 secs] 
100.243: Total time for which application threads were stopped: 0.0038410 seconds, Stopping threads took: 0.0014270 seconds
100.285: Application time: 0.0413500 seconds
100.286: [GC [PSYoungGen: 48624K->6192K(48640K)] 67625K->25193K(159744K), 0.0019620 secs] [Times: user=0.01 sys=0.00, real=0.00 secs] 
100.288: Total time for which application threads were stopped: 0.0037730 seconds, Stopping threads took: 0.0017280 seconds
100.329: Application time: 0.0410620 seconds
100.331: [GC [PSYoungGen: 48176K->6656K(48640K)] 67177K->25689K(159744K), 0.0019690 secs] [Times: user=0.01 sys=0.00, real=0.00 secs] 
100.333: Total time for which application threads were stopped: 0.0040370 seconds, Stopping threads took: 0.0019890 seconds
100.374: Application time: 0.0406500 seconds
100.376: [GC [PSYoungGen: 48640K->6640K(48640K)] 67673K->27025K(159744K), 0.0023560 secs] [Times: user=0.02 sys=0.00, real=0.00 secs] 
100.378: Total time for which application threads were stopped: 0.0042820 seconds, Stopping threads took: 0.0018410 seconds
100.419: Application time: 0.0404910 seconds
100.421: [GC [PSYoungGen: 48624K->6656K(48640K)] 69009K->27689K(159744K), 0.0021990 secs] [Times: user=0.01 sys=0.00, real=0.01 secs] 
100.423: Total time for which application threads were stopped: 0.0044640 seconds, Stopping threads took: 0.0021750 seconds
100.464: Application time: 0.0403270 seconds
100.465: [GC [PSYoungGen: 48640K->6640K(48640K)] 69673K->27721K(159744K), 0.0020380 secs] [Times: user=0.01 sys=0.01, real=0.00 secs] 
100.467: Total time for which application threads were stopped: 0.0036540 seconds, Stopping threads took: 0.0015350 seconds
100.507: Application time: 0.0399390 seconds
100.509: [GC [PSYoungGen: 48624K->6656K(48640K)] 69705K->29289K(159744K), 0.0024980 secs] [Times: user=0.02 sys=0.00, real=0.01 secs] 
100.512: Total time for which application threads were stopped: 0.0045450 seconds, Stopping threads took: 0.0019600 seconds
100.552: Application time: 0.0401280 seconds
100.553: [GC [PSYoungGen: 48640K->6640K(48640K)] 71273K->29890K(159744K), 0.0021670 secs] [Times: user=0.02 sys=0.00, real=0.00 secs] 
100.556: Total time for which application threads were stopped: 0.0036770 seconds, Stopping threads took: 0.0014270 seconds
100.595: Application time: 0.0397290 seconds
100.597: [GC [PSYoungGen: 48624K->6608K(48640K)] 71874K->29866K(159744K), 0.0019640 secs] [Times: user=0.01 sys=0.00, real=0.00 secs] 
100.599: Total time for which application threads were stopped: 0.0036700 seconds, Stopping threads took: 0.0016250 seconds
100.640: Application time: 0.0410140 seconds
100.642: [GC [PSYoungGen: 48592K->4976K(48640K)] 71850K->28234K(159744K), 0.0014910 secs] [Times: user=0.01 sys=0.00, real=0.01 secs] 
100.643: Total time for which application threads were stopped: 0.0033500 seconds, Stopping threads took: 0.0017860 seconds
100.684: Application time: 0.0407740 seconds
100.685: [GC [PSYoungGen: 46960K->6640K(48640K)] 70218K->30514K(159744K), 0.0022790 secs] [Times: user=0.00 sys=0.01, real=0.00 secs] 
100.687: Total time for which application threads were stopped: 0.0029850 seconds, Stopping threads took: 0.0006000 seconds
100.728: Application time: 0.0406850 seconds
100.729: [GC [PSYoungGen: 48624K->6192K(48640K)] 72498K->30074K(159744K), 0.0019590 secs] [Times: user=0.02 sys=0.00, real=0.01 secs] 
100.731: Total time for which application threads were stopped: 0.0033790 seconds, Stopping threads took: 0.0013400 seconds
100.771: Application time: 0.0394090 seconds
100.772: [GC [PSYoungGen: 48176K->6624K(48640K)] 72058K->30834K(159744K), 0.0021830 secs] [Times: user=0.01 sys=0.00, real=0.00 secs] 
100.775: Total time for which application threads were stopped: 0.0040140 seconds, Stopping threads took: 0.0017490 seconds
100.815: Application time: 0.0406010 seconds
100.818: [GC [PSYoungGen: 48608K->6640K(48640K)] 72818K->30978K(159744K), 0.0020230 secs] [Times: user=0.02 sys=0.00, real=0.00 secs] 
100.820: Total time for which application threads were stopped: 0.0051200 seconds, Stopping threads took: 0.0030150 seconds
100.860: Application time: 0.0391200 seconds
100.862: [GC [PSYoungGen: 48624K->6656K(48640K)] 72962K->31890K(159744K), 0.0022670 secs] [Times: user=0.01 sys=0.00, real=0.01 secs] 
100.864: Total time for which application threads were stopped: 0.0043800 seconds, Stopping threads took: 0.0020270 seconds
100.903: Application time: 0.0393590 seconds
100.905: [GC [PSYoungGen: 48640K->6656K(48640K)] 73874K->31938K(159744K), 0.0019680 secs] [Times: user=0.02 sys=0.00, real=0.00 secs] 
100.907: Total time for which application threads were stopped: 0.0042310 seconds, Stopping threads took: 0.0021830 seconds
100.947: Application time: 0.0397120 seconds
100.948: [GC [PSYoungGen: 48640K->6656K(48640K)] 73922K->32218K(159744K), 0.0020600 secs] [Times: user=0.01 sys=0.00, real=0.00 secs] 
100.950: Total time for which application threads were stopped: 0.0031330 seconds, Stopping threads took: 0.0009880 seconds
100.990: Application time: 0.0401580 seconds
100.993: [GC [PSYoungGen: 48640K->6624K(48640K)] 74202K->32886K(159744K), 0.0023110 secs] [Times: user=0.02 sys=0.00, real=0.00 secs] 
100.995: Total time for which application threads were stopped: 0.0045150 seconds, Stopping threads took: 0.0021000 seconds
101.035: Application time: 0.0403840 seconds
101.038: [GC [PSYoungGen: 48608K->5872K(48640K)] 74870K->32134K(159744K), 0.0017860 secs] [Times: user=0.01 sys=0.01, real=0.00 secs] 
101.039: Total time for which application threads were stopped: 0.0040150 seconds, Stopping threads took: 0.0021490 seconds
101.079: Application time: 0.0400270 seconds
101.081: [GC [PSYoungGen: 47855K->6640K(48640K)] 74117K->33526K(159744K), 0.0021460 secs] [Times: user=0.02 sys=0.00, real=0.00 secs] 
101.083: Total time for which application threads were stopped: 0.0033670 seconds, Stopping threads took: 0.0011410 seconds
101.123: Application time: 0.0397520 seconds
101.124: [GC [PSYoungGen: 48624K->6336K(48640K)] 75510K->33238K(159744K), 0.0019100 secs] [Times: user=0.01 sys=0.00, real=0.00 secs] 
101.126: Total time for which application threads were stopped: 0.0030560 seconds, Stopping threads took: 0.0010670 seconds
101.165: Application time: 0.0397640 seconds
101.167: [GC [PSYoungGen: 48320K->6112K(48640K)] 75222K->33014K(159744K), 0.0018290 secs] [Times: user=0.01 sys=0.00, real=0.00 secs] 
101.169: Total time for which application threads were stopped: 0.0031940 seconds, Stopping threads took: 0.0012860 seconds
101.207: Application time: 0.0387030 seconds
101.210: [GC [PSYoungGen: 48096K->6640K(48640K)] 74998K->34382K(159744K), 0.0022210 secs] [Times: user=0.02 sys=0.00, real=0.01 secs] 
101.213: Total time for which application threads were stopped: 0.0054340 seconds, Stopping threads took: 0.0031180 seconds
101.254: Application time: 0.0410880 seconds
101.255: [GC [PSYoungGen: 48624K->6624K(48640K)] 76366K->34614K(159744K), 0.0021210 secs] [Times: user=0.02 sys=0.00, real=0.00 secs] 
101.257: Total time for which application threads were stopped: 0.0032840 seconds, Stopping threads took: 0.0010840 seconds
101.297: Application time: 0.0403110 seconds
101.298: [GC [PSYoungGen: 48608K->6624K(48640K)] 76598K->34806K(159744K), 0.0020260 secs] [Times: user=0.02 sys=0.00, real=0.00 secs] 
101.301: Total time for which application threads were stopped: 0.0031210 seconds, Stopping threads took: 0.0010170 seconds
101.339: Application time: 0.0388780 seconds
101.341: [GC [PSYoungGen: 48608K->6640K(48640K)] 76790K->34870K(159744K), 0.0020570 secs] [Times: user=0.02 sys=0.00, real=0.00 secs] 
101.343: Total time for which application threads were stopped: 0.0032000 seconds, Stopping threads took: 0.0010690 seconds
101.382: Application time: 0.0389650 seconds
101.383: [GC [PSYoungGen: 48624K->5264K(48640K)] 76854K->33502K(159744K), 0.0015470 secs] [Times: user=0.01 sys=0.00, real=0.01 secs] 
101.384: Total time for which application threads were stopped: 0.0028680 seconds, Stopping threads took: 0.0012530 seconds
101.423: Application time: 0.0386180 seconds
101.425: [GC [PSYoungGen: 47248K->6528K(48640K)] 75486K->34766K(159744K), 0.0019940 secs] [Times: user=0.01 sys=0.00, real=0.00 secs] 
101.427: Total time for which application threads were stopped: 0.0035730 seconds, Stopping threads took: 0.0015040 seconds
101.465: Application time: 0.0380050 seconds
101.467: [GC [PSYoungGen: 48512K->4880K(48640K)] 76750K->33118K(159744K), 0.0014920 secs] [Times: user=0.01 sys=0.00, real=0.00 secs] 
101.468: Total time for which application threads were stopped: 0.0035440 seconds, Stopping threads took: 0.0019750 seconds
101.507: Application time: 0.0391830 seconds
101.509: [GC [PSYoungGen: 46864K->4880K(48640K)] 75102K->33126K(159744K), 0.0014630 secs] [Times: user=0.01 sys=0.00, real=0.00 secs] 
101.510: Total time for which application threads were stopped: 0.0026730 seconds, Stopping threads took: 0.0011430 seconds
101.549: Application time: 0.0390170 seconds
101.550: [GC [PSYoungGen: 46864K->3872K(48640K)] 75110K->32118K(159744K), 0.0012260 secs] [Times: user=0.00 sys=0.00, real=0.00 secs] 
101.551: Total time for which application threads were stopped: 0.0020150 seconds, Stopping threads took: 0.0007250 seconds
101.590: Application time: 0.0392610 seconds
101.592: [GC [PSYoungGen: 45856K->5344K(48640K)] 74102K->33590K(159744K), 0.0016260 secs] [Times: user=0.01 sys=0.00, real=0.00 secs] 
101.594: Total time for which application threads were stopped: 0.0035620 seconds, Stopping threads took: 0.0018540 seconds
101.632: Application time: 0.0376340 seconds
101.634: [GC [PSYoungGen: 47328K->6560K(48640K)] 75574K->34822K(159744K), 0.0019050 secs] [Times: user=0.01 sys=0.00, real=0.00 secs] 
101.636: Total time for which application threads were stopped: 0.0043670 seconds, Stopping threads took: 0.0023860 seconds
101.673: Application time: 0.0368170 seconds
101.675: [GC [PSYoungGen: 48544K->6656K(48640K)] 76806K->35846K(159744K), 0.0022050 secs] [Times: user=0.02 sys=0.00, real=0.00 secs] 
101.677: Total time for which application threads were stopped: 0.0040220 seconds, Stopping threads took: 0.0017370 seconds
101.714: Application time: 0.0371160 seconds
101.716: [GC [PSYoungGen: 48640K->6624K(48640K)] 77830K->36946K(159744K), 0.0022910 secs] [Times: user=0.01 sys=0.00, real=0.00 secs] 
101.718: Total time for which application threads were stopped: 0.0040540 seconds, Stopping threads took: 0.0016740 seconds
101.756: Application time: 0.0380270 seconds
101.758: [GC [PSYoungGen: 48608K->5648K(48640K)] 78930K->35970K(159744K), 0.0017070 secs] [Times: user=0.01 sys=0.00, real=0.00 secs] 
101.759: Total time for which application threads were stopped: 0.0033270 seconds, Stopping threads took: 0.0015410 seconds
101.798: Application time: 0.0391610 seconds
101.801: [GC [PSYoungGen: 47632K->6624K(48640K)] 77954K->36970K(159744K), 0.0020670 secs] [Times: user=0.02 sys=0.00, real=0.01 secs] 
101.803: Total time for which application threads were stopped: 0.0048410 seconds, Stopping threads took: 0.0026860 seconds
101.841: Application time: 0.0376030 seconds
101.844: [GC [PSYoungGen: 48608K->6640K(48640K)] 78954K->37122K(159744K), 0.0020350 secs] [Times: user=0.02 sys=0.00, real=0.00 secs] 
101.846: Total time for which application threads were stopped: 0.0046890 seconds, Stopping threads took: 0.0025720 seconds
101.882: Application time: 0.0368450 seconds
101.884: [GC [PSYoungGen: 48624K->6336K(48640K)] 79106K->36834K(159744K), 0.0019410 secs] [Times: user=0.01 sys=0.00, real=0.00 secs] 
101.886: Total time for which application threads were stopped: 0.0035020 seconds, Stopping threads took: 0.0014810 seconds
101.925: Application time: 0.0386180 seconds
101.928: [GC [PSYoungGen: 48320K->6208K(48640K)] 78818K->36706K(159744K), 0.0018550 secs] [Times: user=0.01 sys=0.00, real=0.00 secs] 
101.929: Total time for which application threads were stopped: 0.0048620 seconds, Stopping threads took: 0.0029370 seconds
101.966: Application time: 0.0368640 seconds
101.968: [GC [PSYoungGen: 48192K->6208K(48640K)] 78690K->36706K(159744K), 0.0018990 secs] [Times: user=0.01 sys=0.00, real=0.00 secs] 
101.970: Total time for which application threads were stopped: 0.0036100 seconds, Stopping threads took: 0.0016300 seconds
102.007: Application time: 0.0372730 seconds
102.009: [GC [PSYoungGen: 48192K->5696K(48640K)] 78690K->36194K(159744K), 0.0016440 secs] [Times: user=0.01 sys=0.00, real=0.00 secs] 
102.011: Total time for which application threads were stopped: 0.0038810 seconds, Stopping threads took: 0.0021640 seconds
102.048: Application time: 0.0372730 seconds
102.050: [GC [PSYoungGen: 47680K->6624K(48640K)] 78178K->37474K(159744K), 0.0020670 secs] [Times: user=0.02 sys=0.00, real=0.01 secs] 
102.052: Total time for which application threads were stopped: 0.0035730 seconds, Stopping threads took: 0.0014310 seconds
102.091: Application time: 0.0386170 seconds
102.092: [GC [PSYoungGen: 48608K->5888K(48640K)] 79458K->36738K(159744K), 0.0018320 secs] [Times: user=0.00 sys=0.00, real=0.00 secs] 
102.094: Total time for which application threads were stopped: 0.0031460 seconds, Stopping threads took: 0.0012430 seconds
102.131: Application time: 0.0369180 seconds
102.132: [GC [PSYoungGen: 47872K->5888K(48640K)] 78722K->36746K(159744K), 0.0017660 secs] [Times: user=0.02 sys=0.00, real=0.00 secs] 
102.134: Total time for which application threads were stopped: 0.0032780 seconds, Stopping threads took: 0.0014390 seconds
102.171: Application time: 0.0368270 seconds
102.172: [GC [PSYoungGen: 47872K->6656K(48640K)] 78730K->37970K(159744K), 0.0022000 secs] [Times: user=0.01 sys=0.00, real=0.00 secs] 
102.175: Total time for which application threads were stopped: 0.0039380 seconds, Stopping threads took: 0.0016620 seconds
102.214: Application time: 0.0388820 seconds
102.216: [GC [PSYoungGen: 48640K->5280K(48640K)] 79954K->36594K(159744K), 0.0017590 secs] [Times: user=0.01 sys=0.00, real=0.00 secs] 
102.218: Total time for which application threads were stopped: 0.0039480 seconds, Stopping threads took: 0.0021090 seconds
102.257: Application time: 0.0392020 seconds
102.258: [GC [PSYoungGen: 47263K->5264K(48640K)] 78577K->36578K(159744K), 0.0016640 secs] [Times: user=0.01 sys=0.00, real=0.00 secs] 
102.260: Total time for which application threads were stopped: 0.0031310 seconds, Stopping threads took: 0.0013880 seconds
102.299: Application time: 0.0391510 seconds
102.301: [GC [PSYoungGen: 47248K->6624K(48640K)] 78562K->37962K(159744K), 0.0020340 secs] [Times: user=0.01 sys=0.00, real=0.00 secs] 
102.303: Total time for which application threads were stopped: 0.0040850 seconds, Stopping threads took: 0.0019780 seconds
102.340: Application time: 0.0372940 seconds
102.342: [GC [PSYoungGen: 48608K->6624K(48640K)] 79946K->38946K(159744K), 0.0022080 secs] [Times: user=0.02 sys=0.00, real=0.01 secs] 
102.344: Total time for which application threads were stopped: 0.0037590 seconds, Stopping threads took: 0.0014670 seconds
102.382: Application time: 0.0379180 seconds
102.384: [GC [PSYoungGen: 48608K->6144K(48640K)] 80930K->38482K(159744K), 0.0017680 secs] [Times: user=0.01 sys=0.00, real=0.00 secs] 
102.386: Total time for which application threads were stopped: 0.0039050 seconds, Stopping threads took: 0.0020610 seconds
102.424: Application time: 0.0378720 seconds
102.425: [GC [PSYoungGen: 48128K->6640K(48640K)] 80466K->39822K(159744K), 0.0022450 secs] [Times: user=0.01 sys=0.00, real=0.00 secs] 
102.428: Total time for which application threads were stopped: 0.0037860 seconds, Stopping threads took: 0.0014610 seconds
102.465: Application time: 0.0376780 seconds
102.467: [GC [PSYoungGen: 48624K->6368K(48640K)] 81806K->39550K(159744K), 0.0018890 secs] [Times: user=0.01 sys=0.00, real=0.00 secs] 
102.469: Total time for which application threads were stopped: 0.0032010 seconds, Stopping threads took: 0.0012370 seconds
102.507: Application time: 0.0385160 seconds
102.508: [GC [PSYoungGen: 48352K->6656K(48640K)] 81534K->40222K(159744K), 0.0021510 secs] [Times: user=0.01 sys=0.00, real=0.00 secs] 
102.510: Total time for which application threads were stopped: 0.0033860 seconds, Stopping threads took: 0.0011560 seconds
102.548: Application time: 0.0380210 seconds
102.550: [GC [PSYoungGen: 48640K->6624K(48640K)] 82206K->40342K(159744K), 0.0020570 secs] [Times: user=0.01 sys=0.00, real=0.01 secs] 
102.552: Total time for which application threads were stopped: 0.0033860 seconds, Stopping threads took: 0.0012470 seconds
102.589: Application time: 0.0375190 seconds
102.591: [GC [PSYoungGen: 48608K->6640K(48640K)] 82326K->41374K(159744K), 0.0022000 secs] [Times: user=0.01 sys=0.01, real=0.01 secs] 
102.593: Total time for which application threads were stopped: 0.0038780 seconds, Stopping threads took: 0.0015950 seconds
102.632: Application time: 0.0390720 seconds
102.634: [GC [PSYoungGen: 48624K->6592K(48640K)] 83358K->41342K(159744K), 0.0019540 secs] [Times: user=0.01 sys=0.00, real=0.00 secs] 
102.636: Total time for which application threads were stopped: 0.0035070 seconds, Stopping threads took: 0.0014710 seconds
102.673: Application time: 0.0376280 seconds
102.675: [GC [PSYoungGen: 48576K->6432K(48640K)] 83326K->41190K(159744K), 0.0018860 secs] [Times: user=0.01 sys=0.00, real=0.00 secs] 
102.677: Total time for which application threads were stopped: 0.0036460 seconds, Stopping threads took: 0.0016800 seconds
102.714: Application time: 0.0373130 seconds
102.716: [GC [PSYoungGen: 48416K->6656K(48640K)] 83174K->41446K(159744K), 0.0019910 secs] [Times: user=0.01 sys=0.00, real=0.00 secs] 
102.718: Total time for which application threads were stopped: 0.0039930 seconds, Stopping threads took: 0.0019160 seconds
102.756: Application time: 0.0373920 seconds
102.758: [GC [PSYoungGen: 48640K->6640K(48640K)] 83430K->42722K(159744K), 0.0023290 secs] [Times: user=0.02 sys=0.00, real=0.00 secs] 
102.760: Total time for which application threads were stopped: 0.0042900 seconds, Stopping threads took: 0.0018780 seconds
102.798: Application time: 0.0376900 seconds
102.799: [GC [PSYoungGen: 48624K->5888K(48640K)] 84706K->41978K(159744K), 0.0037890 secs] [Times: user=0.02 sys=0.00, real=0.00 secs] 
102.803: Total time for which application threads were stopped: 0.0052750 seconds, Stopping threads took: 0.0014000 seconds
102.840: Application time: 0.0365660 seconds
102.841: [GC [PSYoungGen: 47872K->6640K(48640K)] 83962K->43834K(159744K), 0.0023220 secs] [Times: user=0.02 sys=0.00, real=0.01 secs] 
102.844: Total time for which application threads were stopped: 0.0042240 seconds, Stopping threads took: 0.0018230 seconds
102.881: Application time: 0.0375580 seconds
102.884: [GC [PSYoungGen: 48624K->6624K(48640K)] 85818K->44202K(159744K), 0.0021810 secs] [Times: user=0.01 sys=0.00, real=0.00 secs] 
102.886: Total time for which application threads were stopped: 0.0043140 seconds, Stopping threads took: 0.0020320 seconds
102.924: Application time: 0.0384100 seconds
102.927: [GC [PSYoungGen: 48608K->6656K(48640K)] 86186K->44882K(159744K), 0.0021630 secs] [Times: user=0.02 sys=0.00, real=0.00 secs] 
102.929: Total time for which application threads were stopped: 0.0047140 seconds, Stopping threads took: 0.0024700 seconds
102.964: Application time: 0.0350350 seconds
102.967: [GC [PSYoungGen: 48640K->6656K(48640K)] 86866K->45210K(159744K), 0.0022080 secs] [Times: user=0.02 sys=0.00, real=0.00 secs] 
102.969: Total time for which application threads were stopped: 0.0049240 seconds, Stopping threads took: 0.0026360 seconds
103.005: Application time: 0.0365030 seconds
103.008: [GC [PSYoungGen: 48640K->6640K(48640K)] 87194K->46274K(159744K), 0.0023500 secs] [Times: user=0.02 sys=0.00, real=0.00 secs] 
103.010: Total time for which application threads were stopped: 0.0047880 seconds, Stopping threads took: 0.0023590 seconds
103.048: Application time: 0.0374370 seconds
103.049: [GC [PSYoungGen: 48624K->6640K(48640K)] 88258K->46722K(159744K), 0.0020950 secs] [Times: user=0.01 sys=0.00, real=0.00 secs] 
103.051: Total time for which application threads were stopped: 0.0033950 seconds, Stopping threads took: 0.0012220 seconds
103.089: Application time: 0.0376420 seconds
103.090: [GC [PSYoungGen: 48624K->6032K(48640K)] 88706K->46130K(159744K), 0.0018580 secs] [Times: user=0.01 sys=0.00, real=0.01 secs] 
103.092: Total time for which application threads were stopped: 0.0032030 seconds, Stopping threads took: 0.0012670 seconds
103.131: Application time: 0.0391390 seconds
103.132: [GC [PSYoungGen: 48016K->4640K(48640K)] 88114K->44746K(159744K), 0.0014560 secs] [Times: user=0.01 sys=0.00, real=0.00 secs] 
103.134: Total time for which application threads were stopped: 0.0029330 seconds, Stopping threads took: 0.0014120 seconds
103.170: Application time: 0.0362440 seconds
103.172: [GC [PSYoungGen: 46624K->6624K(48640K)] 86730K->47530K(159744K), 0.0021940 secs] [Times: user=0.01 sys=0.00, real=0.00 secs] 
103.174: Total time for which application threads were stopped: 0.0042770 seconds, Stopping threads took: 0.0020050 seconds
103.211: Application time: 0.0369480 seconds
103.213: [GC [PSYoungGen: 48608K->6640K(48640K)] 89514K->48470K(159744K), 0.0022030 secs] [Times: user=0.01 sys=0.00, real=0.00 secs] 
103.215: Total time for which application threads were stopped: 0.0037440 seconds, Stopping threads took: 0.0014580 seconds
103.252: Application time: 0.0373750 seconds
103.254: [GC [PSYoungGen: 48624K->6336K(48640K)] 90454K->48166K(159744K), 0.0018770 secs] [Times: user=0.02 sys=0.00, real=0.00 secs] 
103.256: Total time for which application threads were stopped: 0.0034410 seconds, Stopping threads took: 0.0014870 seconds
103.292: Application time: 0.0363310 seconds
103.296: [GC [PSYoungGen: 48320K->6656K(48640K)] 90150K->49942K(159744K), 0.0025150 secs] [Times: user=0.02 sys=0.00, real=0.00 secs] 
103.298: Total time for which application threads were stopped: 0.0058140 seconds, Stopping threads took: 0.0032110 seconds
103.336: Application time: 0.0381830 seconds
103.338: [GC [PSYoungGen: 48640K->6640K(48640K)] 91926K->49942K(159744K), 0.0019210 secs] [Times: user=0.01 sys=0.00, real=0.00 secs] 
103.340: Total time for which application threads were stopped: 0.0034850 seconds, Stopping threads took: 0.0014760 seconds
103.379: Application time: 0.0397540 seconds
103.382: [GC [PSYoungGen: 48623K->4960K(48640K)] 91926K->48270K(159744K), 0.0016210 secs] [Times: user=0.01 sys=0.00, real=0.01 secs] 
103.383: Total time for which application threads were stopped: 0.0037470 seconds, Stopping threads took: 0.0020490 seconds
103.421: Application time: 0.0378370 seconds
103.422: [GC [PSYoungGen: 46944K->5920K(48640K)] 90254K->49238K(159744K), 0.0018140 secs] [Times: user=0.01 sys=0.00, real=0.01 secs] 
103.424: Total time for which application threads were stopped: 0.0031930 seconds, Stopping threads took: 0.0013030 seconds
103.460: Application time: 0.0362180 seconds
103.462: [GC [PSYoungGen: 47902K->6656K(48640K)] 91221K->50422K(159744K), 0.0021000 secs] [Times: user=0.01 sys=0.00, real=0.01 secs] 
103.464: Total time for which application threads were stopped: 0.0039130 seconds, Stopping threads took: 0.0017320 seconds
103.500: Application time: 0.0356880 seconds
103.502: [GC [PSYoungGen: 48640K->6656K(48640K)] 92406K->51735K(159744K), 0.0023060 secs] [Times: user=0.01 sys=0.00, real=0.01 secs] 
103.504: Total time for which application threads were stopped: 0.0043290 seconds, Stopping threads took: 0.0019390 seconds
103.542: Application time: 0.0371060 seconds
103.543: [GC [PSYoungGen: 48640K->6640K(48640K)] 93719K->52287K(159744K), 0.0021770 secs] [Times: user=0.02 sys=0.00, real=0.00 secs] 
103.545: Total time for which application threads were stopped: 0.0039170 seconds, Stopping threads took: 0.0016580 seconds
103.583: Application time: 0.0372490 seconds
103.583: [GC [PSYoungGen: 48624K->6656K(48640K)] 94271K->53263K(159744K), 0.0022510 secs] [Times: user=0.01 sys=0.00, real=0.00 secs] 
103.585: Total time for which application threads were stopped: 0.0027520 seconds, Stopping threads took: 0.0004210 seconds
103.623: Application time: 0.0372820 seconds
103.625: [GC [PSYoungGen: 48638K->6656K(48640K)] 95245K->53263K(159744K), 0.0020950 secs] [Times: user=0.01 sys=0.00, real=0.00 secs] 
103.627: Total time for which application threads were stopped: 0.0045020 seconds, Stopping threads took: 0.0023240 seconds
103.667: Application time: 0.0392740 seconds
103.668: [GC [PSYoungGen: 48640K->6464K(48640K)] 95247K->53071K(159744K), 0.0019700 secs] [Times: user=0.02 sys=0.00, real=0.00 secs] 
103.670: Total time for which application threads were stopped: 0.0037660 seconds, Stopping threads took: 0.0017140 seconds
103.708: Application time: 0.0380910 seconds
103.710: [GC [PSYoungGen: 48448K->6640K(48640K)] 95055K->54163K(159744K), 0.0023300 secs] [Times: user=0.01 sys=0.00, real=0.01 secs] 
103.712: Total time for which application threads were stopped: 0.0039000 seconds, Stopping threads took: 0.0014890 seconds
103.751: Application time: 0.0382940 seconds
103.752: [GC [PSYoungGen: 48624K->6624K(48640K)] 96147K->54835K(159744K), 0.0023420 secs] [Times: user=0.02 sys=0.00, real=0.00 secs] 
103.755: Total time for which application threads were stopped: 0.0040860 seconds, Stopping threads took: 0.0016620 seconds
103.793: Application time: 0.0383960 seconds
103.794: [GC [PSYoungGen: 48608K->6640K(48640K)] 96819K->55467K(159744K), 0.0022220 secs] [Times: user=0.01 sys=0.00, real=0.00 secs] 
103.797: Total time for which application threads were stopped: 0.0035040 seconds, Stopping threads took: 0.0012030 seconds
103.834: Application time: 0.0375570 seconds
103.836: [GC [PSYoungGen: 48624K->6640K(48640K)] 97451K->56315K(159744K), 0.0022350 secs] [Times: user=0.01 sys=0.00, real=0.00 secs] 
103.838: Total time for which application threads were stopped: 0.0039680 seconds, Stopping threads took: 0.0016390 seconds
103.877: Application time: 0.0386600 seconds
103.878: [GC [PSYoungGen: 48624K->6656K(48640K)] 98299K->56515K(159744K), 0.0020790 secs] [Times: user=0.01 sys=0.00, real=0.00 secs] 
103.880: Total time for which application threads were stopped: 0.0035440 seconds, Stopping threads took: 0.0013760 seconds
103.919: Application time: 0.0390050 seconds
103.921: [GC [PSYoungGen: 48640K->6432K(48640K)] 98499K->56299K(159744K), 0.0019270 secs] [Times: user=0.01 sys=0.00, real=0.00 secs] 
103.923: Total time for which application threads were stopped: 0.0034600 seconds, Stopping threads took: 0.0014530 seconds
103.961: Application time: 0.0382330 seconds
103.962: [GC [PSYoungGen: 48416K->6368K(48640K)] 98283K->56235K(159744K), 0.0019470 secs] [Times: user=0.01 sys=0.00, real=0.01 secs] 
103.964: Total time for which application threads were stopped: 0.0032780 seconds, Stopping threads took: 0.0012520 seconds
104.002: Application time: 0.0380460 seconds
104.004: [GC [PSYoungGen: 48352K->6640K(48640K)] 98219K->56835K(159744K), 0.0020070 secs] [Times: user=0.02 sys=0.00, real=0.00 secs] 
104.006: Total time for which application threads were stopped: 0.0035770 seconds, Stopping threads took: 0.0014930 seconds
104.044: Application time: 0.0379670 seconds
104.046: [GC [PSYoungGen: 48624K->6624K(48640K)] 98819K->58363K(159744K), 0.0025730 secs] [Times: user=0.02 sys=0.00, real=0.00 secs] 
104.048: Total time for which application threads were stopped: 0.0043880 seconds, Stopping threads took: 0.0017320 seconds
104.086: Application time: 0.0380290 seconds
104.088: [GC [PSYoungGen: 48608K->6656K(48640K)] 100347K->59131K(159744K), 0.0024900 secs] [Times: user=0.02 sys=0.00, real=0.00 secs] 
104.091: Total time for which application threads were stopped: 0.0045930 seconds, Stopping threads took: 0.0020270 seconds
104.129: Application time: 0.0380150 seconds
104.131: [GC [PSYoungGen: 48640K->6656K(48640K)] 101115K->60307K(159744K), 0.0026140 secs] [Times: user=0.02 sys=0.00, real=0.01 secs] 
104.133: Total time for which application threads were stopped: 0.0042800 seconds, Stopping threads took: 0.0015570 seconds
104.173: Application time: 0.0395100 seconds
104.174: [GC [PSYoungGen: 48640K->4416K(48640K)] 102291K->58083K(159744K), 0.0015340 secs] [Times: user=0.00 sys=0.00, real=0.00 secs] 
104.175: Total time for which application threads were stopped: 0.0025620 seconds, Stopping threads took: 0.0009570 seconds
104.213: Application time: 0.0378380 seconds
104.215: [GC [PSYoungGen: 46400K->6496K(48640K)] 100067K->60171K(159744K), 0.0019340 secs] [Times: user=0.02 sys=0.00, real=0.00 secs] 
104.217: Total time for which application threads were stopped: 0.0033920 seconds, Stopping threads took: 0.0013780 seconds
104.254: Application time: 0.0375560 seconds
104.256: [GC [PSYoungGen: 48480K->6640K(48640K)] 102155K->60323K(159744K), 0.0019670 secs] [Times: user=0.02 sys=0.00, real=0.00 secs] 
104.258: Total time for which application threads were stopped: 0.0036240 seconds, Stopping threads took: 0.0015790 seconds
104.297: Application time: 0.0389920 seconds
104.299: [GC [PSYoungGen: 48624K->6128K(48640K)] 102307K->59811K(159744K), 0.0018730 secs] [Times: user=0.01 sys=0.00, real=0.00 secs] 
104.300: Total time for which application threads were stopped: 0.0037300 seconds, Stopping threads took: 0.0017550 seconds
104.338: Application time: 0.0376970 seconds
104.340: [GC [PSYoungGen: 48112K->6656K(48640K)] 101795K->60627K(159744K), 0.0020980 secs] [Times: user=0.01 sys=0.00, real=0.00 secs] 
104.342: Total time for which application threads were stopped: 0.0041030 seconds, Stopping threads took: 0.0019030 seconds
104.381: Application time: 0.0386460 seconds
104.382: [GC [PSYoungGen: 48640K->6624K(48640K)] 102611K->60675K(159744K), 0.0020820 secs] [Times: user=0.01 sys=0.00, real=0.01 secs] 
104.384: Total time for which application threads were stopped: 0.0033920 seconds, Stopping threads took: 0.0012200 seconds
104.422: Application time: 0.0374900 seconds
104.424: [GC [PSYoungGen: 48608K->6112K(48640K)] 102659K->60163K(159744K), 0.0019000 secs] [Times: user=0.01 sys=0.00, real=0.00 secs] 
104.426: Total time for which application threads were stopped: 0.0039190 seconds, Stopping threads took: 0.0019150 seconds
104.463: Application time: 0.0370300 seconds
104.464: [GC [PSYoungGen: 48096K->6640K(48640K)] 102147K->61091K(159744K), 0.0021070 secs] [Times: user=0.01 sys=0.00, real=0.00 secs] 
104.466: Total time for which application threads were stopped: 0.0032640 seconds, Stopping threads took: 0.0010780 seconds
104.504: Application time: 0.0384120 seconds
104.506: [GC [PSYoungGen: 48624K->5984K(48640K)] 103075K->60435K(159744K), 0.0018240 secs] [Times: user=0.01 sys=0.00, real=0.00 secs] 
104.508: Total time for which application threads were stopped: 0.0032340 seconds, Stopping threads took: 0.0013330 seconds
104.545: Application time: 0.0373740 seconds
104.547: [GC [PSYoungGen: 47968K->6656K(48640K)] 102419K->61395K(159744K), 0.0020720 secs] [Times: user=0.01 sys=0.00, real=0.00 secs] 
104.549: Total time for which application threads were stopped: 0.0040580 seconds, Stopping threads took: 0.0019010 seconds
104.587: Application time: 0.0382760 seconds
104.589: [GC [PSYoungGen: 48640K->6640K(48640K)] 103379K->61907K(159744K), 0.0021860 secs] [Times: user=0.02 sys=0.00, real=0.01 secs] 
104.592: Total time for which application threads were stopped: 0.0041970 seconds, Stopping threads took: 0.0019310 seconds
104.630: Application time: 0.0382220 seconds
104.631: [GC [PSYoungGen: 48622K->6080K(48640K)] 103890K->61355K(159744K), 0.0017900 secs] [Times: user=0.01 sys=0.00, real=0.01 secs] 
104.633: Total time for which application threads were stopped: 0.0030270 seconds, Stopping threads took: 0.0011610 seconds
104.669: Application time: 0.0363990 seconds
104.671: [GC [PSYoungGen: 48064K->6656K(48640K)] 103339K->62595K(159744K), 0.0021540 secs] [Times: user=0.02 sys=0.00, real=0.00 secs] 
104.674: Total time for which application threads were stopped: 0.0045010 seconds, Stopping threads took: 0.0022640 seconds
104.711: Application time: 0.0372770 seconds
104.712: [GC [PSYoungGen: 48640K->6624K(48640K)] 104579K->62691K(159744K), 0.0020070 secs] [Times: user=0.01 sys=0.00, real=0.00 secs] 
104.714: Total time for which application threads were stopped: 0.0031830 seconds, Stopping threads took: 0.0011020 seconds
104.751: Application time: 0.0372630 seconds
104.753: [GC [PSYoungGen: 48608K->6624K(48640K)] 104675K->62715K(159744K), 0.0019670 secs] [Times: user=0.01 sys=0.00, real=0.00 secs] 
104.755: Total time for which application threads were stopped: 0.0038070 seconds, Stopping threads took: 0.0017620 seconds
104.793: Application time: 0.0381670 seconds
104.795: [GC [PSYoungGen: 48608K->6624K(48640K)] 104699K->62715K(159744K), 0.0019610 secs] [Times: user=0.01 sys=0.00, real=0.00 secs] 
104.797: Total time for which application threads were stopped: 0.0037760 seconds, Stopping threads took: 0.0017390 seconds
104.835: Application time: 0.0374750 seconds
104.837: [GC [PSYoungGen: 48608K->6624K(48640K)] 104699K->63115K(159744K), 0.0021340 secs] [Times: user=0.01 sys=0.00, real=0.00 secs] 
104.839: Total time for which application threads were stopped: 0.0041140 seconds, Stopping threads took: 0.0019000 seconds
104.876: Application time: 0.0372480 seconds
104.878: [GC [PSYoungGen: 48608K->5504K(48640K)] 105099K->62003K(159744K), 0.0016480 secs] [Times: user=0.01 sys=0.00, real=0.00 secs] 
104.880: Total time for which application threads were stopped: 0.0037350 seconds, Stopping threads took: 0.0020090 seconds
104.919: Application time: 0.0389370 seconds
104.920: [GC [PSYoungGen: 47488K->6640K(48640K)] 103987K->63267K(159744K), 0.0020770 secs] [Times: user=0.01 sys=0.00, real=0.00 secs] 
104.922: Total time for which application threads were stopped: 0.0031860 seconds, Stopping threads took: 0.0010220 seconds
104.959: Application time: 0.0374550 seconds
104.962: [GC [PSYoungGen: 48624K->6640K(48640K)] 105251K->63823K(159744K), 0.0021380 secs] [Times: user=0.02 sys=0.00, real=0.01 secs] 
104.964: Total time for which application threads were stopped: 0.0045280 seconds, Stopping threads took: 0.0022960 seconds
105.001: Application time: 0.0374870 seconds
105.003: [GC [PSYoungGen: 48624K->6656K(48640K)] 105807K->64831K(159744K), 0.0022690 secs] [Times: user=0.01 sys=0.00, real=0.01 secs] 
105.005: Total time for which application threads were stopped: 0.0037820 seconds, Stopping threads took: 0.0014350 seconds
105.044: Application time: 0.0389950 seconds
105.045: [GC [PSYoungGen: 48640K->6624K(48640K)] 106815K->65279K(159744K), 0.0022510 secs] [Times: user=0.01 sys=0.00, real=0.00 secs] 
105.048: Total time for which application threads were stopped: 0.0034360 seconds, Stopping threads took: 0.0010980 seconds
105.084: Application time: 0.0367670 seconds
105.086: [GC [PSYoungGen: 48607K->6656K(48640K)] 107262K->66119K(159744K), 0.0022610 secs] [Times: user=0.02 sys=0.00, real=0.00 secs] 
105.089: Total time for which application threads were stopped: 0.0042970 seconds, Stopping threads took: 0.0019550 seconds
105.126: Application time: 0.0375820 seconds
105.128: [GC [PSYoungGen: 48640K->6272K(48640K)] 108103K->65735K(159744K), 0.0018860 secs] [Times: user=0.02 sys=0.00, real=0.00 secs] 
105.130: Total time for which application threads were stopped: 0.0038980 seconds, Stopping threads took: 0.0019300 seconds
105.167: Application time: 0.0371220 seconds
105.169: [GC [PSYoungGen: 48256K->6640K(48640K)] 107719K->66175K(159744K), 0.0020770 secs] [Times: user=0.01 sys=0.00, real=0.00 secs] 
105.171: Total time for which application threads were stopped: 0.0034630 seconds, Stopping threads took: 0.0013090 seconds
105.208: Application time: 0.0371830 seconds
105.210: [GC [PSYoungGen: 48624K->6160K(48640K)] 108159K->65695K(159744K), 0.0019110 secs] [Times: user=0.01 sys=0.00, real=0.01 secs] 
105.212: Total time for which application threads were stopped: 0.0042160 seconds, Stopping threads took: 0.0022230 seconds
105.250: Application time: 0.0381940 seconds
105.252: [GC [PSYoungGen: 48143K->6608K(48640K)] 107679K->66151K(159744K), 0.0020630 secs] [Times: user=0.01 sys=0.00, real=0.00 secs] 
105.254: Total time for which application threads were stopped: 0.0035100 seconds, Stopping threads took: 0.0013720 seconds
105.291: Application time: 0.0371810 seconds
105.293: [GC [PSYoungGen: 48592K->6656K(48640K)] 108135K->67671K(159744K), 0.0024350 secs] [Times: user=0.01 sys=0.00, real=0.00 secs] 
105.296: Total time for which application threads were stopped: 0.0045950 seconds, Stopping threads took: 0.0020800 seconds
105.336: Application time: 0.0405050 seconds
105.337: [GC [PSYoungGen: 48640K->6112K(48640K)] 109655K->67127K(159744K), 0.0018260 secs] [Times: user=0.01 sys=0.00, real=0.00 secs] 
105.339: Total time for which application threads were stopped: 0.0029760 seconds, Stopping threads took: 0.0010730 seconds
105.379: Application time: 0.0399970 seconds
105.381: [GC [PSYoungGen: 48095K->6656K(48640K)] 109110K->68267K(159744K), 0.0022090 secs] [Times: user=0.01 sys=0.00, real=0.01 secs] 
105.384: Total time for which application threads were stopped: 0.0046140 seconds, Stopping threads took: 0.0023270 seconds
105.423: Application time: 0.0389440 seconds
105.425: [GC [PSYoungGen: 48640K->6640K(48640K)] 110251K->68707K(159744K), 0.0021820 secs] [Times: user=0.02 sys=0.00, real=0.00 secs] 
105.427: Total time for which application threads were stopped: 0.0043650 seconds, Stopping threads took: 0.0020850 seconds
105.466: Application time: 0.0390080 seconds
105.469: [GC [PSYoungGen: 48624K->6640K(48640K)] 110691K->69559K(159744K), 0.0022370 secs] [Times: user=0.02 sys=0.00, real=0.00 secs] 
105.471: Total time for which application threads were stopped: 0.0050080 seconds, Stopping threads took: 0.0026870 seconds
105.511: Application time: 0.0404130 seconds
105.514: [GC [PSYoungGen: 48624K->6656K(48640K)] 111543K->69759K(159744K), 0.0020340 secs] [Times: user=0.01 sys=0.00, real=0.00 secs] 
105.516: Total time for which application threads were stopped: 0.0045970 seconds, Stopping threads took: 0.0024790 seconds
105.556: Application time: 0.0398760 seconds
105.558: [GC [PSYoungGen: 48640K->5696K(48640K)] 111743K->68799K(159744K), 0.0017700 secs] [Times: user=0.01 sys=0.00, real=0.00 secs] 
105.559: Total time for which application threads were stopped: 0.0035050 seconds, Stopping threads took: 0.0016560 seconds
105.600: Application time: 0.0407750 seconds
105.602: [GC [PSYoungGen: 47680K->5968K(48640K)] 110783K->69071K(159744K), 0.0019630 secs] [Times: user=0.02 sys=0.00, real=0.01 secs] 
105.604: Total time for which application threads were stopped: 0.0037200 seconds, Stopping threads took: 0.0016590 seconds
105.644: Application time: 0.0403640 seconds
105.646: [GC [PSYoungGen: 47952K->6640K(48640K)] 111055K->69903K(159744K), 0.0020800 secs] [Times: user=0.02 sys=0.00, real=0.00 secs] 
105.648: Total time for which application threads were stopped: 0.0037460 seconds, Stopping threads took: 0.0015850 seconds
105.689: Application time: 0.0408140 seconds
105.691: [GC [PSYoungGen: 48624K->6656K(48640K)] 111887K->70935K(159744K), 0.0023630 secs] [Times: user=0.01 sys=0.00, real=0.01 secs] 
105.693: Total time for which application threads were stopped: 0.0041300 seconds, Stopping threads took: 0.0016830 seconds
105.734: Application time: 0.0407850 seconds
105.735: [GC [PSYoungGen: 48640K->5840K(48640K)] 112919K->70127K(159744K), 0.0017580 secs] [Times: user=0.02 sys=0.00, real=0.00 secs] 
105.737: Total time for which application threads were stopped: 0.0032590 seconds, Stopping threads took: 0.0014260 seconds
105.778: Application time: 0.0411070 seconds
105.779: [GC [PSYoungGen: 47824K->4800K(48640K)] 112111K->69095K(159744K), 0.0015490 secs] [Times: user=0.01 sys=0.00, real=0.00 secs] 
105.781: Total time for which application threads were stopped: 0.0028110 seconds, Stopping threads took: 0.0011890 seconds
105.822: Application time: 0.0408520 seconds
105.824: [GC [PSYoungGen: 46784K->5792K(48640K)] 111079K->70087K(159744K), 0.0017700 secs] [Times: user=0.01 sys=0.00, real=0.00 secs] 
105.826: Total time for which application threads were stopped: 0.0038280 seconds, Stopping threads took: 0.0019770 seconds
105.867: Application time: 0.0417060 seconds
105.869: [GC [PSYoungGen: 47776K->5648K(48640K)] 112071K->69943K(159744K), 0.0017840 secs] [Times: user=0.02 sys=0.00, real=0.00 secs] 
105.871: Total time for which application threads were stopped: 0.0032540 seconds, Stopping threads took: 0.0013940 seconds
105.912: Application time: 0.0413240 seconds
105.913: [GC [PSYoungGen: 47632K->6432K(48640K)] 111927K->70735K(159744K), 0.0020510 secs] [Times: user=0.01 sys=0.00, real=0.00 secs] 
105.915: Total time for which application threads were stopped: 0.0035050 seconds, Stopping threads took: 0.0013720 seconds
105.956: Application time: 0.0406870 seconds
105.958: [GC [PSYoungGen: 48414K->5936K(48640K)] 112718K->70247K(159744K), 0.0018920 secs] [Times: user=0.02 sys=0.00, real=0.00 secs] 
105.960: Total time for which application threads were stopped: 0.0037080 seconds, Stopping threads took: 0.0017280 seconds
105.999: Application time: 0.0392290 seconds
106.000: [GC [PSYoungGen: 47920K->5936K(48640K)] 112231K->70247K(159744K), 0.0018870 secs] [Times: user=0.01 sys=0.00, real=0.00 secs] 
106.002: Total time for which application threads were stopped: 0.0028830 seconds, Stopping threads took: 0.0009180 seconds
106.043: Application time: 0.0407360 seconds
106.044: [GC [PSYoungGen: 47920K->6320K(48640K)] 112231K->70631K(159744K), 0.0018870 secs] [Times: user=0.01 sys=0.00, real=0.00 secs] 
106.046: Total time for which application threads were stopped: 0.0033660 seconds, Stopping threads took: 0.0013990 seconds
106.086: Application time: 0.0399260 seconds
106.088: [GC [PSYoungGen: 48304K->6656K(48640K)] 112615K->71987K(159744K), 0.0023980 secs] [Times: user=0.02 sys=0.00, real=0.00 secs] 
106.090: Total time for which application threads were stopped: 0.0041550 seconds, Stopping threads took: 0.0016470 seconds
106.129: Application time: 0.0390110 seconds
106.132: [GC [PSYoungGen: 48640K->6576K(48640K)] 113971K->71907K(159744K), 0.0022190 secs] [Times: user=0.01 sys=0.00, real=0.00 secs] 
106.134: Total time for which application threads were stopped: 0.0047400 seconds, Stopping threads took: 0.0024180 seconds
106.173: Application time: 0.0389690 seconds
106.175: [GC [PSYoungGen: 48560K->6624K(48640K)] 113891K->72203K(159744K), 0.0022960 secs] [Times: user=0.01 sys=0.00, real=0.00 secs] 
106.177: Total time for which application threads were stopped: 0.0040330 seconds, Stopping threads took: 0.0016530 seconds
106.217: Application time: 0.0405460 seconds
106.220: [GC [PSYoungGen: 48608K->5920K(48640K)] 114187K->71515K(159744K), 0.0020630 secs] [Times: user=0.01 sys=0.00, real=0.00 secs] 
106.222: Total time for which application threads were stopped: 0.0041520 seconds, Stopping threads took: 0.0019920 seconds
106.262: Application time: 0.0404010 seconds
106.264: [GC [PSYoungGen: 47904K->5408K(48640K)] 113499K->71019K(159744K), 0.0018370 secs] [Times: user=0.01 sys=0.00, real=0.00 secs] 
106.266: Total time for which application threads were stopped: 0.0037100 seconds, Stopping threads took: 0.0017760 seconds
106.306: Application time: 0.0406670 seconds
106.308: [GC [PSYoungGen: 47392K->5696K(48640K)] 113003K->71323K(159744K), 0.0018880 secs] [Times: user=0.01 sys=0.00, real=0.00 secs] 
106.310: Total time for which application threads were stopped: 0.0038550 seconds, Stopping threads took: 0.0018870 seconds
106.351: Application time: 0.0402960 seconds
106.353: [GC [PSYoungGen: 47680K->6432K(48640K)] 113307K->72059K(159744K), 0.0019520 secs] [Times: user=0.01 sys=0.00, real=0.00 secs] 
106.355: Total time for which application threads were stopped: 0.0039630 seconds, Stopping threads took: 0.0019300 seconds
106.396: Application time: 0.0415390 seconds
106.399: [GC [PSYoungGen: 48416K->5856K(48640K)] 114043K->71483K(159744K), 0.0017270 secs] [Times: user=0.02 sys=0.00, real=0.00 secs] 
106.400: Total time for which application threads were stopped: 0.0043550 seconds, Stopping threads took: 0.0025490 seconds
106.442: Application time: 0.0411930 seconds
106.443: [GC [PSYoungGen: 47840K->5280K(48640K)] 113467K->70923K(159744K), 0.0016350 secs] [Times: user=0.01 sys=0.00, real=0.00 secs] 
106.445: Total time for which application threads were stopped: 0.0032810 seconds, Stopping threads took: 0.0015710 seconds
106.484: Application time: 0.0393570 seconds
106.486: [GC [PSYoungGen: 47264K->6656K(48640K)] 112907K->73140K(159744K), 0.0022520 secs] [Times: user=0.02 sys=0.00, real=0.00 secs] 
106.489: Total time for which application threads were stopped: 0.0044810 seconds, Stopping threads took: 0.0021370 seconds
106.528: Application time: 0.0392530 seconds
106.531: [GC [PSYoungGen: 48640K->6640K(48640K)] 115124K->74164K(159744K), 0.0023720 secs] [Times: user=0.02 sys=0.00, real=0.01 secs] 
106.534: Total time for which application threads were stopped: 0.0055210 seconds, Stopping threads took: 0.0030660 seconds
106.574: Application time: 0.0406250 seconds
106.576: [GC [PSYoungGen: 48624K->6656K(48640K)] 116148K->74596K(159744K), 0.0022000 secs] [Times: user=0.02 sys=0.00, real=0.00 secs] 
106.578: Total time for which application threads were stopped: 0.0038670 seconds, Stopping threads took: 0.0015880 seconds
106.619: Application time: 0.0410450 seconds
106.621: [GC [PSYoungGen: 48640K->6656K(48640K)] 116580K->75268K(159744K), 0.0022860 secs] [Times: user=0.02 sys=0.00, real=0.01 secs] 
106.623: Total time for which application threads were stopped: 0.0041830 seconds, Stopping threads took: 0.0018170 seconds
106.664: Application time: 0.0407370 seconds
106.666: [GC [PSYoungGen: 48640K->6640K(48640K)] 117252K->76212K(159744K), 0.0023970 secs] [Times: user=0.02 sys=0.00, real=0.00 secs] 
106.669: Total time for which application threads were stopped: 0.0046330 seconds, Stopping threads took: 0.0021490 seconds
106.709: Application time: 0.0406010 seconds
106.711: [GC [PSYoungGen: 48624K->6656K(48640K)] 118196K->76596K(159744K), 0.0022120 secs] [Times: user=0.01 sys=0.00, real=0.00 secs] 
106.714: Total time for which application threads were stopped: 0.0044710 seconds, Stopping threads took: 0.0021650 seconds
106.753: Application time: 0.0397650 seconds
106.755: [GC [PSYoungGen: 48640K->6640K(48640K)] 118580K->77172K(159744K), 0.0022570 secs] [Times: user=0.02 sys=0.00, real=0.00 secs] 
106.757: Total time for which application threads were stopped: 0.0035680 seconds, Stopping threads took: 0.0012240 seconds
106.796: Application time: 0.0393170 seconds
106.798: [GC [PSYoungGen: 48624K->6128K(48640K)] 119156K->76668K(159744K), 0.0044980 secs] [Times: user=0.03 sys=0.00, real=0.00 secs] 
106.802: Total time for which application threads were stopped: 0.0058410 seconds, Stopping threads took: 0.0012610 seconds
106.843: Application time: 0.0404900 seconds
106.845: [GC [PSYoungGen: 48112K->5888K(48640K)] 118652K->76436K(159744K), 0.0019300 secs] [Times: user=0.01 sys=0.00, real=0.00 secs] 
106.847: Total time for which application threads were stopped: 0.0042770 seconds, Stopping threads took: 0.0022610 seconds
106.888: Application time: 0.0406990 seconds
106.889: [GC [PSYoungGen: 47872K->4864K(48640K)] 118420K->75412K(159744K), 0.0015490 secs] [Times: user=0.01 sys=0.00, real=0.00 secs] 
106.891: Total time for which application threads were stopped: 0.0029370 seconds, Stopping threads took: 0.0013150 seconds
106.932: Application time: 0.0410900 seconds
106.934: [GC [PSYoungGen: 46848K->5728K(48640K)] 117396K->76276K(159744K), 0.0017900 secs] [Times: user=0.01 sys=0.00, real=0.00 secs] 
106.936: Total time for which application threads were stopped: 0.0038280 seconds, Stopping threads took: 0.0019580 seconds
106.976: Application time: 0.0409320 seconds
106.979: [GC [PSYoungGen: 47712K->5072K(48640K)] 118260K->75628K(159744K), 0.0016460 secs] [Times: user=0.01 sys=0.00, real=0.00 secs] 
106.980: Total time for which application threads were stopped: 0.0037820 seconds, Stopping threads took: 0.0020560 seconds
107.020: Application time: 0.0400940 seconds
107.022: [GC [PSYoungGen: 47056K->6624K(48640K)] 117612K->77412K(159744K), 0.0020860 secs] [Times: user=0.02 sys=0.00, real=0.01 secs] 
107.024: Total time for which application threads were stopped: 0.0039290 seconds, Stopping threads took: 0.0017530 seconds
107.065: Application time: 0.0407700 seconds
107.067: [GC [PSYoungGen: 48608K->5584K(48640K)] 119396K->76380K(159744K), 0.0017790 secs] [Times: user=0.01 sys=0.00, real=0.00 secs] 
107.068: Total time for which application threads were stopped: 0.0033000 seconds, Stopping threads took: 0.0014440 seconds
107.110: Application time: 0.0417400 seconds
107.111: [GC [PSYoungGen: 47568K->5312K(48640K)] 118364K->76108K(159744K), 0.0017520 secs] [Times: user=0.01 sys=0.00, real=0.01 secs] 
107.113: Total time for which application threads were stopped: 0.0024630 seconds, Stopping threads took: 0.0006400 seconds
107.153: Application time: 0.0404930 seconds
107.155: [GC [PSYoungGen: 47296K->6656K(48640K)] 118092K->77484K(159744K), 0.0021460 secs] [Times: user=0.01 sys=0.00, real=0.00 secs] 
107.157: Total time for which application threads were stopped: 0.0040820 seconds, Stopping threads took: 0.0018550 seconds
107.198: Application time: 0.0404250 seconds
107.199: [GC [PSYoungGen: 48640K->6144K(48640K)] 119468K->76988K(159744K), 0.0019130 secs] [Times: user=0.01 sys=0.00, real=0.00 secs] 
107.201: Total time for which application threads were stopped: 0.0037290 seconds, Stopping threads took: 0.0017370 seconds
107.241: Application time: 0.0397350 seconds
107.243: [GC [PSYoungGen: 48128K->6400K(48640K)] 118972K->77244K(159744K), 0.0019470 secs] [Times: user=0.02 sys=0.00, real=0.01 secs] 
107.245: Total time for which application threads were stopped: 0.0036250 seconds, Stopping threads took: 0.0015950 seconds
107.284: Application time: 0.0394910 seconds
107.286: [GC [PSYoungGen: 48384K->6640K(48640K)] 119228K->78388K(159744K), 0.0022550 secs] [Times: user=0.02 sys=0.00, real=0.00 secs] 
107.289: Total time for which application threads were stopped: 0.0044810 seconds, Stopping threads took: 0.0021420 seconds
107.329: Application time: 0.0403830 seconds
107.331: [GC [PSYoungGen: 48624K->5952K(48640K)] 120372K->77716K(159744K), 0.0018170 secs] [Times: user=0.01 sys=0.00, real=0.00 secs] 
107.333: Total time for which application threads were stopped: 0.0039870 seconds, Stopping threads took: 0.0020800 seconds
107.373: Application time: 0.0400460 seconds
107.375: [GC [PSYoungGen: 47936K->6336K(48640K)] 119700K->78108K(159744K), 0.0019720 secs] [Times: user=0.01 sys=0.00, real=0.00 secs] 
107.377: Total time for which application threads were stopped: 0.0036010 seconds, Stopping threads took: 0.0015470 seconds
107.416: Application time: 0.0392450 seconds
107.418: [GC [PSYoungGen: 48320K->6592K(48640K)] 120092K->78372K(159744K), 0.0020390 secs] [Times: user=0.01 sys=0.00, real=0.00 secs] 
107.420: Total time for which application threads were stopped: 0.0036780 seconds, Stopping threads took: 0.0015580 seconds
107.461: Application time: 0.0412850 seconds
107.462: [GC [PSYoungGen: 48575K->5824K(48640K)] 120355K->77604K(159744K), 0.0018560 secs] [Times: user=0.01 sys=0.00, real=0.01 secs] 
107.464: Total time for which application threads were stopped: 0.0032070 seconds, Stopping threads took: 0.0012700 seconds
107.505: Application time: 0.0410480 seconds
107.507: [GC [PSYoungGen: 47808K->4752K(48640K)] 119588K->76540K(159744K), 0.0017070 secs] [Times: user=0.01 sys=0.00, real=0.00 secs] 
107.508: Total time for which application threads were stopped: 0.0033360 seconds, Stopping threads took: 0.0015520 seconds
107.547: Application time: 0.0386860 seconds
107.550: [GC [PSYoungGen: 46736K->6656K(48640K)] 118524K->79396K(159744K), 0.0023050 secs] [Times: user=0.02 sys=0.00, real=0.01 secs] 
107.552: Total time for which application threads were stopped: 0.0050920 seconds, Stopping threads took: 0.0026930 seconds
107.592: Application time: 0.0393130 seconds
107.593: [GC [PSYoungGen: 48640K->6656K(48640K)] 121380K->80628K(159744K), 0.0024010 secs] [Times: user=0.01 sys=0.00, real=0.00 secs] 
107.596: Total time for which application threads were stopped: 0.0039420 seconds, Stopping threads took: 0.0014520 seconds
107.635: Application time: 0.0397920 seconds
107.638: [GC [PSYoungGen: 48640K->6656K(48640K)] 122612K->81172K(159744K), 0.0022210 secs] [Times: user=0.02 sys=0.00, real=0.00 secs] 
107.640: Total time for which application threads were stopped: 0.0048840 seconds, Stopping threads took: 0.0025770 seconds
107.682: Application time: 0.0418510 seconds
107.683: [GC [PSYoungGen: 48640K->5200K(48640K)] 123156K->79716K(159744K), 0.0016810 secs] [Times: user=0.01 sys=0.00, real=0.00 secs] 
107.685: Total time for which application threads were stopped: 0.0028030 seconds, Stopping threads took: 0.0010410 seconds
107.726: Application time: 0.0414040 seconds
107.728: [GC [PSYoungGen: 47184K->5152K(48640K)] 121700K->79668K(159744K), 0.0016400 secs] [Times: user=0.01 sys=0.00, real=0.00 secs] 
107.730: Total time for which application threads were stopped: 0.0032690 seconds, Stopping threads took: 0.0015500 seconds
107.768: Application time: 0.0389490 seconds
107.770: [GC [PSYoungGen: 47136K->6624K(48640K)] 121652K->81892K(159744K), 0.0024970 secs] [Times: user=0.02 sys=0.00, real=0.01 secs] 
107.773: Total time for which application threads were stopped: 0.0044010 seconds, Stopping threads took: 0.0018190 seconds
107.814: Application time: 0.0408180 seconds
107.816: [GC [PSYoungGen: 48608K->6656K(48640K)] 123876K->81940K(159744K), 0.0020750 secs] [Times: user=0.01 sys=0.00, real=0.00 secs] 
107.818: Total time for which application threads were stopped: 0.0040750 seconds, Stopping threads took: 0.0019150 seconds
107.859: Application time: 0.0408880 seconds
107.861: [GC [PSYoungGen: 48640K->6096K(48640K)] 123924K->81388K(159744K), 0.0019060 secs] [Times: user=0.01 sys=0.00, real=0.01 secs] 
107.863: Total time for which application threads were stopped: 0.0046900 seconds, Stopping threads took: 0.0027030 seconds
107.903: Application time: 0.0398660 seconds
107.905: [GC [PSYoungGen: 48080K->6656K(48640K)] 123372K->81964K(159744K), 0.0021150 secs] [Times: user=0.02 sys=0.00, real=0.00 secs] 
107.907: Total time for which application threads were stopped: 0.0034540 seconds, Stopping threads took: 0.0012490 seconds
107.947: Application time: 0.0404010 seconds
107.950: [GC [PSYoungGen: 48640K->6160K(48640K)] 123948K->81484K(159744K), 0.0018610 secs] [Times: user=0.01 sys=0.00, real=0.01 secs] 
107.952: Total time for which application threads were stopped: 0.0047520 seconds, Stopping threads took: 0.0028070 seconds
107.993: Application time: 0.0410860 seconds
107.995: [GC [PSYoungGen: 48144K->5904K(48640K)] 123468K->81228K(159744K), 0.0019160 secs] [Times: user=0.01 sys=0.00, real=0.00 secs] 
107.997: Total time for which application threads were stopped: 0.0041720 seconds, Stopping threads took: 0.0021630 seconds
108.037: Application time: 0.0397100 seconds
108.040: [GC [PSYoungGen: 47888K->6640K(48640K)] 123212K->82028K(159744K), 0.0020240 secs] [Times: user=0.01 sys=0.00, real=0.00 secs] 
108.042: Total time for which application threads were stopped: 0.0051390 seconds, Stopping threads took: 0.0030280 seconds
108.082: Application time: 0.0396000 seconds
108.083: [GC [PSYoungGen: 48624K->6656K(48640K)] 124012K->83412K(159744K), 0.0024080 secs] [Times: user=0.01 sys=0.01, real=0.00 secs] 
108.086: Total time for which application threads were stopped: 0.0043590 seconds, Stopping threads took: 0.0018580 seconds
108.125: Application time: 0.0391500 seconds
108.127: [GC [PSYoungGen: 48640K->6656K(48640K)] 125396K->83972K(159744K), 0.0021520 secs] [Times: user=0.02 sys=0.00, real=0.00 secs] 
108.129: Total time for which application threads were stopped: 0.0041820 seconds, Stopping threads took: 0.0019460 seconds
108.170: Application time: 0.0409590 seconds
108.173: [GC [PSYoungGen: 48640K->5712K(48640K)] 125956K->83028K(159744K), 0.0017930 secs] [Times: user=0.01 sys=0.00, real=0.00 secs] 
108.175: Total time for which application threads were stopped: 0.0045460 seconds, Stopping threads took: 0.0026740 seconds
108.212: Application time: 0.0369480 seconds
108.214: [GC [PSYoungGen: 47696K->6656K(48640K)] 125012K->85300K(159744K), 0.0025030 secs] [Times: user=0.02 sys=0.00, real=0.00 secs] 
108.216: Total time for which application threads were stopped: 0.0047240 seconds, Stopping threads took: 0.0021310 seconds
108.255: Application time: 0.0382740 seconds
108.256: [GC [PSYoungGen: 48640K->6656K(48640K)] 127284K->85892K(159744K), 0.0022250 secs] [Times: user=0.02 sys=0.00, real=0.00 secs] 
108.259: Total time for which application threads were stopped: 0.0039570 seconds, Stopping threads took: 0.0016460 seconds
108.298: Application time: 0.0397750 seconds
108.302: [GC [PSYoungGen: 48640K->6656K(48640K)] 127876K->86772K(159744K), 0.0023770 secs] [Times: user=0.02 sys=0.00, real=0.01 secs] 
108.304: Total time for which application threads were stopped: 0.0054880 seconds, Stopping threads took: 0.0030050 seconds
108.343: Application time: 0.0394610 seconds
108.346: [GC [PSYoungGen: 48640K->6640K(48640K)] 128756K->86916K(159744K), 0.0020650 secs] [Times: user=0.02 sys=0.00, real=0.00 secs] 
108.348: Total time for which application threads were stopped: 0.0042290 seconds, Stopping threads took: 0.0020810 seconds
108.388: Application time: 0.0407900 seconds
108.390: [GC [PSYoungGen: 48624K->4944K(48640K)] 128900K->85220K(159744K), 0.0016390 secs] [Times: user=0.01 sys=0.00, real=0.01 secs] 
108.392: Total time for which application threads were stopped: 0.0036080 seconds, Stopping threads took: 0.0018920 seconds
108.434: Application time: 0.0419860 seconds
108.436: [GC [PSYoungGen: 46928K->6640K(48640K)] 127204K->87980K(159744K), 0.0022980 secs] [Times: user=0.02 sys=0.00, real=0.00 secs] 
108.438: Total time for which application threads were stopped: 0.0039230 seconds, Stopping threads took: 0.0015430 seconds
108.479: Application time: 0.0409650 seconds
108.480: [GC [PSYoungGen: 48624K->6656K(48640K)] 129964K->88444K(159744K), 0.0021300 secs] [Times: user=0.02 sys=0.00, real=0.00 secs] 
108.482: Total time for which application threads were stopped: 0.0033700 seconds, Stopping threads took: 0.0011570 seconds
108.522: Application time: 0.0398430 seconds
108.524: [GC [PSYoungGen: 48640K->6656K(48640K)] 130428K->89228K(159744K), 0.0023500 secs] [Times: user=0.01 sys=0.00, real=0.00 secs] 
108.527: Total time for which application threads were stopped: 0.0044700 seconds, Stopping threads took: 0.0020380 seconds
108.567: Application time: 0.0405720 seconds
108.569: [GC [PSYoungGen: 48640K->6496K(48640K)] 131212K->89068K(159744K), 0.0020740 secs] [Times: user=0.02 sys=0.00, real=0.01 secs] 
108.571: Total time for which application threads were stopped: 0.0040400 seconds, Stopping threads took: 0.0018810 seconds
108.611: Application time: 0.0393200 seconds
108.612: [GC [PSYoungGen: 48480K->6656K(48640K)] 131052K->89956K(159744K), 0.0021950 secs] [Times: user=0.02 sys=0.00, real=0.00 secs] 
108.614: Total time for which application threads were stopped: 0.0038460 seconds, Stopping threads took: 0.0015590 seconds
108.655: Application time: 0.0404450 seconds
108.657: [GC [PSYoungGen: 48640K->5856K(48640K)] 131940K->89164K(159744K), 0.0017840 secs] [Times: user=0.01 sys=0.00, real=0.00 secs] 
108.659: Total time for which application threads were stopped: 0.0039730 seconds, Stopping threads took: 0.0021080 seconds
108.699: Application time: 0.0403110 seconds
108.701: [GC [PSYoungGen: 47840K->6416K(48640K)] 131148K->89732K(159744K), 0.0020000 secs] [Times: user=0.01 sys=0.00, real=0.01 secs] 
108.703: Total time for which application threads were stopped: 0.0041920 seconds, Stopping threads took: 0.0021100 seconds
108.743: Application time: 0.0398630 seconds
108.745: [GC [PSYoungGen: 48400K->4896K(48640K)] 131716K->88220K(159744K), 0.0015280 secs] [Times: user=0.01 sys=0.00, real=0.00 secs] 
108.747: Total time for which application threads were stopped: 0.0038470 seconds, Stopping threads took: 0.0022400 seconds
108.788: Application time: 0.0414060 seconds
108.790: [GC [PSYoungGen: 46880K->5232K(48640K)] 130204K->88572K(159744K), 0.0017940 secs] [Times: user=0.01 sys=0.00, real=0.01 secs] 
108.792: Total time for which application threads were stopped: 0.0033820 seconds, Stopping threads took: 0.0015040 seconds
108.832: Application time: 0.0399180 seconds
108.834: [GC [PSYoungGen: 47216K->6032K(48640K)] 130556K->89372K(159744K), 0.0019970 secs] [Times: user=0.01 sys=0.00, real=0.00 secs] 
108.836: Total time for which application threads were stopped: 0.0038860 seconds, Stopping threads took: 0.0018050 seconds
108.876: Application time: 0.0404650 seconds
108.878: [GC [PSYoungGen: 48016K->4992K(48640K)] 131356K->88332K(159744K), 0.0015860 secs] [Times: user=0.01 sys=0.00, real=0.00 secs] 
108.879: Total time for which application threads were stopped: 0.0031550 seconds, Stopping threads took: 0.0014920 seconds
108.918: Application time: 0.0389390 seconds
108.921: [GC [PSYoungGen: 46976K->6624K(48640K)] 130316K->90028K(159744K), 0.0021800 secs] [Times: user=0.02 sys=0.00, real=0.00 secs] 
108.923: Total time for which application threads were stopped: 0.0046530 seconds, Stopping threads took: 0.0023940 seconds
108.962: Application time: 0.0394000 seconds
108.964: [GC [PSYoungGen: 48608K->6640K(48640K)] 132012K->90981K(159744K), 0.0022820 secs] [Times: user=0.02 sys=0.00, real=0.00 secs] 
108.966: Total time for which application threads were stopped: 0.0040910 seconds, Stopping threads took: 0.0017250 seconds
109.007: Application time: 0.0406190 seconds
109.010: [GC [PSYoungGen: 48624K->6656K(48640K)] 132965K->92213K(159744K), 0.0024320 secs] [Times: user=0.01 sys=0.00, real=0.01 secs] 
109.012: Total time for which application threads were stopped: 0.0053100 seconds, Stopping threads took: 0.0027900 seconds
109.052: Application time: 0.0400860 seconds
109.054: [GC [PSYoungGen: 48640K->6192K(48640K)] 134197K->91749K(159744K), 0.0018840 secs] [Times: user=0.01 sys=0.00, real=0.00 secs] 
109.056: Total time for which application threads were stopped: 0.0040060 seconds, Stopping threads took: 0.0020420 seconds
109.095: Application time: 0.0386130 seconds
109.097: [GC [PSYoungGen: 48176K->6656K(48640K)] 133733K->93189K(159744K), 0.0023460 secs] [Times: user=0.01 sys=0.01, real=0.00 secs] 
109.099: Total time for which application threads were stopped: 0.0044720 seconds, Stopping threads took: 0.0020330 seconds
109.140: Application time: 0.0404350 seconds
109.142: [GC [PSYoungGen: 48640K->6640K(48640K)] 135173K->93509K(159744K), 0.0021760 secs] [Times: user=0.02 sys=0.00, real=0.01 secs] 
109.145: Total time for which application threads were stopped: 0.0047050 seconds, Stopping threads took: 0.0024380 seconds
109.185: Application time: 0.0402880 seconds
109.187: [GC [PSYoungGen: 48624K->6656K(48640K)] 135493K->94077K(159744K), 0.0022210 secs] [Times: user=0.01 sys=0.00, real=0.00 secs] 
109.189: Total time for which application threads were stopped: 0.0041300 seconds, Stopping threads took: 0.0018250 seconds
109.230: Application time: 0.0412490 seconds
109.232: [GC [PSYoungGen: 48640K->6624K(48640K)] 136061K->94093K(159744K), 0.0021220 secs] [Times: user=0.01 sys=0.00, real=0.00 secs] 
109.234: Total time for which application threads were stopped: 0.0038010 seconds, Stopping threads took: 0.0016000 seconds
109.274: Application time: 0.0402450 seconds
109.276: [GC [PSYoungGen: 48608K->6656K(48640K)] 136077K->94405K(159744K), 0.0021690 secs] [Times: user=0.02 sys=0.00, real=0.00 secs] 
109.278: Total time for which application threads were stopped: 0.0035480 seconds, Stopping threads took: 0.0012980 seconds
109.316: Application time: 0.0383450 seconds
109.318: [GC [PSYoungGen: 48640K->6640K(48640K)] 136389K->95013K(159744K), 0.0021670 secs] [Times: user=0.01 sys=0.00, real=0.00 secs] 
109.320: Total time for which application threads were stopped: 0.0041150 seconds, Stopping threads took: 0.0018670 seconds
109.359: Application time: 0.0387220 seconds
109.361: [GC [PSYoungGen: 48624K->6560K(48640K)] 136997K->94933K(159744K), 0.0020040 secs] [Times: user=0.01 sys=0.00, real=0.00 secs] 
109.363: Total time for which application threads were stopped: 0.0035320 seconds, Stopping threads took: 0.0014490 seconds
109.398: Application time: 0.0358680 seconds
109.401: [GC [PSYoungGen: 48544K->6656K(48640K)] 136917K->96237K(159744K), 0.0025150 secs] [Times: user=0.02 sys=0.00, real=0.01 secs] 
109.404: Total time for which application threads were stopped: 0.0055370 seconds, Stopping threads took: 0.0029380 seconds
109.442: Application time: 0.0375050 seconds
109.443: [GC [PSYoungGen: 48640K->6176K(48640K)] 138221K->95757K(159744K), 0.0018310 secs] [Times: user=0.01 sys=0.00, real=0.00 secs] 
109.445: Total time for which application threads were stopped: 0.0035020 seconds, Stopping threads took: 0.0015950 seconds
109.482: Application time: 0.0371720 seconds
109.483: [GC [PSYoungGen: 48160K->6496K(48640K)] 137741K->96077K(159744K), 0.0019930 secs] [Times: user=0.01 sys=0.00, real=0.00 secs] 
109.485: Total time for which application threads were stopped: 0.0032230 seconds, Stopping threads took: 0.0011530 seconds
109.522: Application time: 0.0366560 seconds
109.524: [GC [PSYoungGen: 48480K->6640K(48640K)] 138061K->96293K(159744K), 0.0021040 secs] [Times: user=0.02 sys=0.00, real=0.00 secs] 
109.526: Total time for which application threads were stopped: 0.0039040 seconds, Stopping threads took: 0.0017160 seconds
109.565: Application time: 0.0388800 seconds
109.567: [GC [PSYoungGen: 48624K->5664K(48640K)] 138277K->95325K(159744K), 0.0018090 secs] [Times: user=0.01 sys=0.00, real=0.00 secs] 
109.569: Total time for which application threads were stopped: 0.0036880 seconds, Stopping threads took: 0.0017960 seconds
109.606: Application time: 0.0372790 seconds
109.607: [GC [PSYoungGen: 47648K->6656K(48640K)] 137309K->96525K(159744K), 0.0022000 secs] [Times: user=0.02 sys=0.00, real=0.00 secs] 
109.610: Total time for which application threads were stopped: 0.0038690 seconds, Stopping threads took: 0.0015710 seconds
109.648: Application time: 0.0382510 seconds
109.650: [GC [PSYoungGen: 48640K->5808K(48640K)] 138509K->95677K(159744K), 0.0018690 secs] [Times: user=0.01 sys=0.00, real=0.01 secs] 
109.652: Total time for which application threads were stopped: 0.0036200 seconds, Stopping threads took: 0.0016630 seconds
109.689: Application time: 0.0377490 seconds
109.691: [GC [PSYoungGen: 47792K->6304K(48640K)] 137661K->96181K(159744K), 0.0019770 secs] [Times: user=0.01 sys=0.00, real=0.00 secs] 
109.693: Total time for which application threads were stopped: 0.0039330 seconds, Stopping threads took: 0.0018680 seconds
109.730: Application time: 0.0370170 seconds
109.732: [GC [PSYoungGen: 48288K->6624K(48640K)] 138165K->97405K(159744K), 0.0022760 secs] [Times: user=0.02 sys=0.00, real=0.00 secs] 
109.735: Total time for which application threads were stopped: 0.0043740 seconds, Stopping threads took: 0.0020200 seconds
109.771: Application time: 0.0363480 seconds
109.773: [GC [PSYoungGen: 48608K->6640K(48640K)] 139389K->97757K(159744K), 0.0021460 secs] [Times: user=0.01 sys=0.00, real=0.00 secs] 
109.775: Total time for which application threads were stopped: 0.0044630 seconds, Stopping threads took: 0.0022370 seconds
109.813: Application time: 0.0378240 seconds
109.815: [GC [PSYoungGen: 48624K->6640K(48640K)] 139741K->98629K(159744K), 0.0022790 secs] [Times: user=0.02 sys=0.00, real=0.00 secs] 
109.817: Total time for which application threads were stopped: 0.0036830 seconds, Stopping threads took: 0.0013210 seconds
109.855: Application time: 0.0384700 seconds
109.858: [GC [PSYoungGen: 48624K->6656K(48640K)] 140613K->99973K(159744K), 0.0024470 secs] [Times: user=0.01 sys=0.00, real=0.00 secs] 
109.861: Total time for which application threads were stopped: 0.0052250 seconds, Stopping threads took: 0.0026960 seconds
109.899: Application time: 0.0381670 seconds
109.901: [GC [PSYoungGen: 48640K->4832K(48640K)] 141957K->98149K(159744K), 0.0015420 secs] [Times: user=0.00 sys=0.00, real=0.00 secs] 
109.903: Total time for which application threads were stopped: 0.0041300 seconds, Stopping threads took: 0.0025130 seconds
109.942: Application time: 0.0387970 seconds
109.943: [GC [PSYoungGen: 46816K->5792K(48640K)] 140133K->99109K(159744K), 0.0017620 secs] [Times: user=0.01 sys=0.00, real=0.00 secs] 
109.945: Total time for which application threads were stopped: 0.0032220 seconds, Stopping threads took: 0.0013820 seconds
109.984: Application time: 0.0387070 seconds
109.985: [GC [PSYoungGen: 47776K->6624K(48640K)] 141093K->100197K(159744K), 0.0021080 secs] [Times: user=0.01 sys=0.00, real=0.00 secs] 
109.987: Total time for which application threads were stopped: 0.0035610 seconds, Stopping threads took: 0.0013740 seconds
110.025: Application time: 0.0373450 seconds
110.027: [GC [PSYoungGen: 48608K->6656K(48640K)] 142181K->101701K(159744K), 0.0024870 secs] [Times: user=0.02 sys=0.00, real=0.00 secs] 
110.029: Total time for which application threads were stopped: 0.0045850 seconds, Stopping threads took: 0.0020170 seconds
110.067: Application time: 0.0380560 seconds
110.068: [GC [PSYoungGen: 48640K->6656K(48640K)] 143685K->101965K(159744K), 0.0021490 secs] [Times: user=0.01 sys=0.00, real=0.00 secs] 
110.071: Total time for which application threads were stopped: 0.0033260 seconds, Stopping threads took: 0.0010960 seconds
110.109: Application time: 0.0383890 seconds
110.110: [GC [PSYoungGen: 48640K->6368K(48640K)] 143949K->101677K(159744K), 0.0019720 secs] [Times: user=0.02 sys=0.00, real=0.01 secs] 
110.112: Total time for which application threads were stopped: 0.0032120 seconds, Stopping threads took: 0.0011630 seconds
110.149: Application time: 0.0367300 seconds
110.151: [GC [PSYoungGen: 48352K->6640K(48640K)] 143661K->102941K(159744K), 0.0023490 secs] [Times: user=0.02 sys=0.00, real=0.01 secs] 
110.153: Total time for which application threads were stopped: 0.0043650 seconds, Stopping threads took: 0.0019260 seconds
110.192: Application time: 0.0391340 seconds
110.194: [GC [PSYoungGen: 48624K->4640K(48640K)] 144925K->100941K(159744K), 0.0014890 secs] [Times: user=0.01 sys=0.00, real=0.00 secs] 
110.195: Total time for which application threads were stopped: 0.0027670 seconds, Stopping threads took: 0.0012030 seconds
110.235: Application time: 0.0394670 seconds
110.236: [GC [PSYoungGen: 46624K->5408K(48640K)] 142925K->101717K(159744K), 0.0017140 secs] [Times: user=0.01 sys=0.00, real=0.00 secs] 
110.238: Total time for which application threads were stopped: 0.0031730 seconds, Stopping threads took: 0.0013820 seconds
110.276: Application time: 0.0386020 seconds
110.278: [GC [PSYoungGen: 47392K->6400K(48640K)] 143701K->102709K(159744K), 0.0019930 secs] [Times: user=0.01 sys=0.00, real=0.00 secs] 
110.280: Total time for which application threads were stopped: 0.0034500 seconds, Stopping threads took: 0.0013780 seconds
110.319: Application time: 0.0393060 seconds
110.320: [GC [PSYoungGen: 48384K->4656K(48640K)] 144693K->100965K(159744K), 0.0015220 secs] [Times: user=0.01 sys=0.00, real=0.00 secs] 
110.322: Total time for which application threads were stopped: 0.0027440 seconds, Stopping threads took: 0.0011460 seconds
110.361: Application time: 0.0390690 seconds
110.363: [GC [PSYoungGen: 46640K->6624K(48640K)] 142949K->103237K(159744K), 0.0021440 secs] [Times: user=0.01 sys=0.00, real=0.01 secs] 
110.365: Total time for which application threads were stopped: 0.0037850 seconds, Stopping threads took: 0.0015610 seconds
110.403: Application time: 0.0383800 seconds
110.405: [GC [PSYoungGen: 48608K->6272K(48640K)] 145221K->102885K(159744K), 0.0019280 secs] [Times: user=0.02 sys=0.00, real=0.00 secs] 
110.407: Total time for which application threads were stopped: 0.0033850 seconds, Stopping threads took: 0.0013760 seconds
110.444: Application time: 0.0371930 seconds
110.445: [GC [PSYoungGen: 48256K->5312K(48640K)] 144869K->101925K(159744K), 0.0018160 secs] [Times: user=0.01 sys=0.00, real=0.00 secs] 
110.447: Total time for which application threads were stopped: 0.0032630 seconds, Stopping threads took: 0.0013700 seconds
110.485: Application time: 0.0380610 seconds
110.487: [GC [PSYoungGen: 47296K->6624K(48640K)] 143909K->103781K(159744K), 0.0022260 secs] [Times: user=0.01 sys=0.00, real=0.00 secs] 
110.490: Total time for which application threads were stopped: 0.0044590 seconds, Stopping threads took: 0.0021510 seconds
110.527: Application time: 0.0372970 seconds
110.528: [GC [PSYoungGen: 48608K->6528K(48640K)] 145765K->103685K(159744K), 0.0020420 secs] [Times: user=0.02 sys=0.00, real=0.00 secs] 
110.530: Total time for which application threads were stopped: 0.0035560 seconds, Stopping threads took: 0.0014360 seconds
110.567: Application time: 0.0365590 seconds
110.569: [GC [PSYoungGen: 48512K->6640K(48640K)] 145669K->103853K(159744K), 0.0021700 secs] [Times: user=0.01 sys=0.00, real=0.01 secs] 
110.571: Total time for which application threads were stopped: 0.0041720 seconds, Stopping threads took: 0.0019220 seconds
110.609: Application time: 0.0377030 seconds
110.610: [GC [PSYoungGen: 48624K->6128K(48640K)] 145837K->103349K(159744K), 0.0019920 secs] [Times: user=0.01 sys=0.00, real=0.01 secs] 
110.612: Total time for which application threads were stopped: 0.0030880 seconds, Stopping threads took: 0.0010190 seconds
110.650: Application time: 0.0384800 seconds
110.652: [GC [PSYoungGen: 48112K->6656K(48640K)] 145333K->104677K(159744K), 0.0023300 secs] [Times: user=0.02 sys=0.00, real=0.00 secs] 
110.655: Total time for which application threads were stopped: 0.0041590 seconds, Stopping threads took: 0.0017360 seconds
110.692: Application time: 0.0374130 seconds
110.694: [GC [PSYoungGen: 48640K->6656K(48640K)] 146661K->105149K(159744K), 0.0022660 secs] [Times: user=0.02 sys=0.00, real=0.00 secs] 
110.696: Total time for which application threads were stopped: 0.0038860 seconds, Stopping threads took: 0.0015370 seconds
110.732: Application time: 0.0356850 seconds
110.734: [GC [PSYoungGen: 48640K->6656K(48640K)] 147133K->105937K(159744K), 0.0024810 secs] [Times: user=0.01 sys=0.00, real=0.00 secs] 
110.736: Total time for which application threads were stopped: 0.0047470 seconds, Stopping threads took: 0.0021850 seconds
110.773: Application time: 0.0369160 seconds
110.775: [GC [PSYoungGen: 48640K->6464K(48640K)] 147921K->105761K(159744K), 0.0019820 secs] [Times: user=0.02 sys=0.00, real=0.00 secs] 
110.777: Total time for which application threads were stopped: 0.0040570 seconds, Stopping threads took: 0.0019880 seconds
110.815: Application time: 0.0379530 seconds
110.818: [GC [PSYoungGen: 48448K->6624K(48640K)] 147745K->106041K(159744K), 0.0020520 secs] [Times: user=0.01 sys=0.00, real=0.00 secs] 
110.820: Total time for which application threads were stopped: 0.0047470 seconds, Stopping threads took: 0.0026150 seconds
110.857: Application time: 0.0372140 seconds
110.859: [GC [PSYoungGen: 48608K->6656K(48640K)] 148025K->106993K(159744K), 0.0023590 secs] [Times: user=0.02 sys=0.00, real=0.00 secs] 
110.861: Total time for which application threads were stopped: 0.0037120 seconds, Stopping threads took: 0.0012700 seconds
110.899: Application time: 0.0381720 seconds
110.902: [GC [PSYoungGen: 48638K->6432K(48640K)] 148976K->106769K(159744K), 0.0020040 secs] [Times: user=0.02 sys=0.00, real=0.01 secs] 
110.904: Total time for which application threads were stopped: 0.0049620 seconds, Stopping threads took: 0.0028760 seconds
110.942: Application time: 0.0374660 seconds
110.943: [GC [PSYoungGen: 48416K->6640K(48640K)] 148753K->107073K(159744K), 0.0021330 secs] [Times: user=0.01 sys=0.00, real=0.00 secs] 
110.946: Total time for which application threads were stopped: 0.0039900 seconds, Stopping threads took: 0.0017750 seconds
110.983: Application time: 0.0370260 seconds
110.984: [GC [PSYoungGen: 48624K->6656K(48640K)] 149057K->108546K(159744K), 0.0024660 secs] [Times: user=0.02 sys=0.00, real=0.00 secs] 
110.986: Total time for which application threads were stopped: 0.0037970 seconds, Stopping threads took: 0.0012500 seconds
111.025: Application time: 0.0390100 seconds
111.027: [GC [PSYoungGen: 48640K->5456K(48640K)] 150530K->107346K(159744K), 0.0016750 secs] [Times: user=0.01 sys=0.00, real=0.00 secs] 
111.029: Total time for which application threads were stopped: 0.0035610 seconds, Stopping threads took: 0.0018100 seconds
111.067: Application time: 0.0384560 seconds
111.069: [GC [PSYoungGen: 47440K->6640K(48640K)] 149330K->108770K(159744K), 0.0021210 secs] [Times: user=0.02 sys=0.00, real=0.00 secs] 
111.071: Total time for which application threads were stopped: 0.0035650 seconds, Stopping threads took: 0.0013660 seconds
111.108: Application time: 0.0368360 seconds
111.110: [GC [PSYoungGen: 48624K->6656K(48640K)] 150754K->109994K(159744K), 0.0023540 secs] [Times: user=0.01 sys=0.00, real=0.01 secs] 
111.112: Total time for which application threads were stopped: 0.0040840 seconds, Stopping threads took: 0.0016490 seconds
111.149: Application time: 0.0372520 seconds
111.150: [GC [PSYoungGen: 48640K->6640K(48640K)] 151978K->110554K(159744K), 0.0021500 secs] [Times: user=0.01 sys=0.00, real=0.01 secs] 
111.153: Total time for which application threads were stopped: 0.0034330 seconds, Stopping threads took: 0.0012010 seconds
111.190: Application time: 0.0370020 seconds
111.192: [GC [PSYoungGen: 48624K->6640K(48640K)] 152538K->110570K(159744K), 0.0021590 secs] [Times: user=0.01 sys=0.00, real=0.00 secs] 
111.195: Total time for which application threads were stopped: 0.0050150 seconds, Stopping threads took: 0.0027650 seconds
111.232: Application time: 0.0378140 seconds
111.234: [GC [PSYoungGen: 48624K->5840K(48640K)] 152554K->109778K(159744K), 0.0018360 secs] [Times: user=0.01 sys=0.00, real=0.00 secs] 
111.236: Total time for which application threads were stopped: 0.0031170 seconds, Stopping threads took: 0.0012040 seconds
111.273: Application time: 0.0375330 seconds
111.275: [GC [PSYoungGen: 47824K->6224K(48640K)] 151762K->110170K(159744K), 0.0019710 secs] [Times: user=0.01 sys=0.00, real=0.00 secs] 
111.277: Total time for which application threads were stopped: 0.0035090 seconds, Stopping threads took: 0.0014570 seconds
111.315: Application time: 0.0379830 seconds
111.316: [GC [PSYoungGen: 48208K->6656K(48640K)] 152154K->110610K(159744K), 0.0021130 secs] [Times: user=0.02 sys=0.00, real=0.00 secs] 
111.318: Total time for which application threads were stopped: 0.0038080 seconds, Stopping threads took: 0.0016140 seconds
111.358: Application time: 0.0395740 seconds
111.358: [GC [PSYoungGen: 48640K->5648K(48640K)] 152594K->109610K(159744K), 0.0018860 secs] [Times: user=0.02 sys=0.00, real=0.00 secs] 
111.360: Total time for which application threads were stopped: 0.0023260 seconds, Stopping threads took: 0.0003680 seconds
111.397: Application time: 0.0365410 seconds
111.398: [GC [PSYoungGen: 47632K->6656K(48640K)] 151594K->110762K(159744K), 0.0021500 secs] [Times: user=0.01 sys=0.00, real=0.00 secs] 
111.400: Total time for which application threads were stopped: 0.0035430 seconds, Stopping threads took: 0.0013150 seconds
111.438: Application time: 0.0373990 seconds
111.440: [GC [PSYoungGen: 48640K->6656K(48640K)] 152746K->111802K(159744K), 0.0023930 secs] [Times: user=0.02 sys=0.00, real=0.00 secs] 
111.443: Total time for which application threads were stopped: 0.0050010 seconds, Stopping threads took: 0.0025290 seconds
111.481: Application time: 0.0383800 seconds
111.483: [GC [PSYoungGen: 48640K->5824K(48640K)] 153786K->110970K(159744K), 0.0018220 secs] [Times: user=0.01 sys=0.00, real=0.01 secs] 
111.485: Total time for which application threads were stopped: 0.0033830 seconds, Stopping threads took: 0.0014880 seconds
111.522: Application time: 0.0374430 seconds
111.524: [GC [PSYoungGen: 47808K->6656K(48640K)] 152954K->112170K(159744K), 0.0021440 secs] [Times: user=0.01 sys=0.00, real=0.00 secs] 
111.526: Total time for which application threads were stopped: 0.0038510 seconds, Stopping threads took: 0.0016270 seconds
111.562: Application time: 0.0357780 seconds
111.564: [GC [PSYoungGen: 48640K->6656K(48640K)] 154154K->112906K(159744K), 0.0022410 secs] [Times: user=0.02 sys=0.00, real=0.00 secs] 
111.567: Total time for which application threads were stopped: 0.0048650 seconds, Stopping threads took: 0.0025420 seconds
111.604: Application time: 0.0373780 seconds
111.606: [GC [PSYoungGen: 48640K->6368K(48640K)] 154890K->112626K(159744K), 0.0020190 secs] [Times: user=0.02 sys=0.00, real=0.00 secs] 
111.608: Total time for which application threads were stopped: 0.0040240 seconds, Stopping threads took: 0.0019200 seconds
111.646: Application time: 0.0375800 seconds
111.647: [GC [PSYoungGen: 48352K->6560K(48640K)] 154610K->112834K(159744K), 0.0020580 secs] [Times: user=0.01 sys=0.00, real=0.00 secs] 
111.650: Total time for which application threads were stopped: 0.0040680 seconds, Stopping threads took: 0.0019280 seconds
111.687: Application time: 0.0376190 seconds
111.689: [GC [PSYoungGen: 48544K->6640K(48640K)] 154818K->113154K(159744K), 0.0021850 secs] [Times: user=0.02 sys=0.00, real=0.00 secs] 
111.691: Total time for which application threads were stopped: 0.0036910 seconds, Stopping threads took: 0.0014230 seconds
111.728: Application time: 0.0375720 seconds
111.730: [GC [PSYoungGen: 48623K->6656K(48640K)] 155137K->114010K(159744K), 0.0022810 secs] [Times: user=0.01 sys=0.00, real=0.01 secs] 
111.733: Total time for which application threads were stopped: 0.0040450 seconds, Stopping threads took: 0.0016740 seconds
111.771: Application time: 0.0379880 seconds
111.772: [GC [PSYoungGen: 48640K->6656K(48640K)] 155994K->114870K(159744K), 0.0023420 secs] [Times: user=0.01 sys=0.00, real=0.00 secs] 
111.774: Total time for which application threads were stopped: 0.0037640 seconds, Stopping threads took: 0.0013370 seconds
111.812: Application time: 0.0375950 seconds
111.813: [GC [PSYoungGen: 48639K->6640K(48640K)] 156853K->115134K(159744K), 0.0022030 secs] [Times: user=0.00 sys=0.01, real=0.00 secs] 
111.816: Total time for which application threads were stopped: 0.0036500 seconds, Stopping threads took: 0.0013650 seconds
111.853: Application time: 0.0375140 seconds
111.855: [GC [PSYoungGen: 48624K->5872K(48640K)] 157118K->114382K(159744K), 0.0019150 secs] [Times: user=0.02 sys=0.00, real=0.00 secs] 
111.857: Total time for which application threads were stopped: 0.0043240 seconds, Stopping threads took: 0.0023320 seconds
111.896: Application time: 0.0384680 seconds
111.897: [GC [PSYoungGen: 47856K->6352K(48640K)] 156366K->114862K(159744K), 0.0020150 secs] [Times: user=0.01 sys=0.00, real=0.00 secs] 
111.899: Total time for which application threads were stopped: 0.0033860 seconds, Stopping threads took: 0.0012800 seconds
111.937: Application time: 0.0380250 seconds
111.939: [GC [PSYoungGen: 48336K->6640K(48640K)] 156846K->115518K(159744K), 0.0022610 secs] [Times: user=0.02 sys=0.00, real=0.00 secs] 
111.941: Total time for which application threads were stopped: 0.0037430 seconds, Stopping threads took: 0.0014000 seconds
111.979: Application time: 0.0385020 seconds
111.981: [GC [PSYoungGen: 48624K->5568K(48640K)] 157502K->114446K(159744K), 0.0017490 secs] [Times: user=0.01 sys=0.00, real=0.00 secs] 
111.982: Total time for which application threads were stopped: 0.0028140 seconds, Stopping threads took: 0.0009900 seconds
112.020: Application time: 0.0380150 seconds
112.022: [GC [PSYoungGen: 47552K->6640K(48640K)] 156430K->115630K(159744K), 0.0021660 secs] [Times: user=0.02 sys=0.00, real=0.01 secs] 
112.024: Total time for which application threads were stopped: 0.0037650 seconds, Stopping threads took: 0.0015220 seconds
112.060: Application time: 0.0359170 seconds
112.062: [GC [PSYoungGen: 48624K->6640K(48640K)] 157614K->116126K(159744K), 0.0023040 secs] [Times: user=0.02 sys=0.00, real=0.01 secs] 
112.064: Total time for which application threads were stopped: 0.0044330 seconds, Stopping threads took: 0.0020460 seconds
112.101: Application time: 0.0366410 seconds
112.102: [GC [PSYoungGen: 48624K->6640K(48640K)] 158110K->116150K(159744K), 0.0021010 secs] [Times: user=0.01 sys=0.00, real=0.01 secs] 
112.105: Total time for which application threads were stopped: 0.0034330 seconds, Stopping threads took: 0.0012520 seconds
112.142: Application time: 0.0370490 seconds
112.143: [GC [PSYoungGen: 48624K->6272K(48640K)] 158134K->115790K(159744K), 0.0020360 secs] [Times: user=0.01 sys=0.00, real=0.01 secs] 
112.145: Total time for which application threads were stopped: 0.0034290 seconds, Stopping threads took: 0.0013110 seconds
112.183: Application time: 0.0375790 seconds
112.185: [GC [PSYoungGen: 48255K->4736K(48640K)] 157774K->114270K(159744K), 0.0015490 secs] [Times: user=0.01 sys=0.00, real=0.00 secs] 
112.187: Total time for which application threads were stopped: 0.0039610 seconds, Stopping threads took: 0.0023380 seconds
112.225: Application time: 0.0387950 seconds
112.226: [GC [PSYoungGen: 46720K->6192K(48640K)] 156254K->115726K(159744K), 0.0019800 secs] [Times: user=0.01 sys=0.00, real=0.00 secs] 
112.228: Total time for which application threads were stopped: 0.0029330 seconds, Stopping threads took: 0.0008770 seconds
112.265: Application time: 0.0364750 seconds
112.267: [GC [PSYoungGen: 48176K->6640K(48640K)] 157710K->116782K(159744K), 0.0021990 secs] [Times: user=0.01 sys=0.00, real=0.00 secs] 
112.270: [Full GC [PSYoungGen: 6640K->0K(48640K)] [ParOldGen: 110142K->10220K(111104K)] 116782K->10220K(159744K) [PSPermGen: 5147K->5147K(21504K)], 0.0066550 secs] [Times: user=0.04 sys=0.00, real=0.01 secs] 
112.276: Total time for which application threads were stopped: 0.0115970 seconds, Stopping threads took: 0.0026010 seconds
112.314: Application time: 0.0379530 seconds
112.318: [GC [PSYoungGen: 41984K->6656K(48640K)] 52204K->17748K(159744K), 0.0022970 secs] [Times: user=0.02 sys=0.00, real=0.00 secs] 
112.320: Total time for which application threads were stopped: 0.0055950 seconds, Stopping threads took: 0.0031970 seconds
112.358: Application time: 0.0385060 seconds
112.360: [GC [PSYoungGen: 48640K->6016K(48640K)] 59732K->17108K(159744K), 0.0017250 secs] [Times: user=0.01 sys=0.00, real=0.00 secs] 
112.362: Total time for which application threads were stopped: 0.0037270 seconds, Stopping threads took: 0.0019300 seconds
112.401: Application time: 0.0386470 seconds
112.403: [GC [PSYoungGen: 48000K->6208K(48640K)] 59092K->17300K(159744K), 0.0018450 secs] [Times: user=0.01 sys=0.00, real=0.00 secs] 
112.405: Total time for which application threads were stopped: 0.0044240 seconds, Stopping threads took: 0.0025020 seconds
112.444: Application time: 0.0391860 seconds
112.446: [GC [PSYoungGen: 48192K->6144K(48640K)] 59284K->17236K(159744K), 0.0020640 secs] [Times: user=0.02 sys=0.00, real=0.00 secs] 
112.448: Total time for which application threads were stopped: 0.0036450 seconds, Stopping threads took: 0.0015070 seconds
112.488: Application time: 0.0396920 seconds
112.489: [GC [PSYoungGen: 48128K->4336K(48640K)] 59220K->15428K(159744K), 0.0013380 secs] [Times: user=0.01 sys=0.00, real=0.00 secs] 
112.490: Total time for which application threads were stopped: 0.0023090 seconds, Stopping threads took: 0.0009030 seconds
112.528: Application time: 0.0379260 seconds
112.529: [GC [PSYoungGen: 46320K->6272K(48640K)] 57412K->17364K(159744K), 0.0018550 secs] [Times: user=0.01 sys=0.00, real=0.00 secs] 
112.531: Total time for which application threads were stopped: 0.0031030 seconds, Stopping threads took: 0.0011700 seconds
112.570: Application time: 0.0392390 seconds
112.572: [GC [PSYoungGen: 48256K->5600K(48640K)] 59348K->16692K(159744K), 0.0015890 secs] [Times: user=0.01 sys=0.01, real=0.00 secs] 
112.573: Total time for which application threads were stopped: 0.0031170 seconds, Stopping threads took: 0.0014510 seconds
112.612: Application time: 0.0383800 seconds
112.614: [GC [PSYoungGen: 47584K->5168K(48640K)] 58676K->16260K(159744K), 0.0014930 secs] [Times: user=0.01 sys=0.00, real=0.00 secs] 
112.615: Total time for which application threads were stopped: 0.0036320 seconds, Stopping threads took: 0.0020650 seconds
112.652: Application time: 0.0360820 seconds
112.653: [GC [PSYoungGen: 47152K->6624K(48640K)] 58244K->18508K(159744K), 0.0021330 secs] [Times: user=0.01 sys=0.00, real=0.00 secs] 
112.656: Total time for which application threads were stopped: 0.0039560 seconds, Stopping threads took: 0.0017420 seconds
112.692: Application time: 0.0367860 seconds
112.694: [GC [PSYoungGen: 48608K->6624K(48640K)] 60492K->19444K(159744K), 0.0021830 secs] [Times: user=0.01 sys=0.00, real=0.00 secs] 
112.696: Total time for which application threads were stopped: 0.0039300 seconds, Stopping threads took: 0.0016670 seconds
112.734: Application time: 0.0377850 seconds
112.736: [GC [PSYoungGen: 48608K->6640K(48640K)] 61428K->20228K(159744K), 0.0022250 secs] [Times: user=0.02 sys=0.00, real=0.00 secs] 
112.738: Total time for which application threads were stopped: 0.0039010 seconds, Stopping threads took: 0.0015760 seconds
112.775: Application time: 0.0367680 seconds
112.777: [GC [PSYoungGen: 48624K->6640K(48640K)] 62212K->21732K(159744K), 0.0023950 secs] [Times: user=0.02 sys=0.00, real=0.00 secs] 
112.779: Total time for which application threads were stopped: 0.0045330 seconds, Stopping threads took: 0.0020470 seconds
112.818: Application time: 0.0383760 seconds
112.821: [GC [PSYoungGen: 48624K->6656K(48640K)] 63716K->22508K(159744K), 0.0021600 secs] [Times: user=0.02 sys=0.00, real=0.00 secs] 
112.823: Total time for which application threads were stopped: 0.0052810 seconds, Stopping threads took: 0.0030170 seconds
112.860: Application time: 0.0368320 seconds
112.863: [GC [PSYoungGen: 48640K->6656K(48640K)] 64492K->22556K(159744K), 0.0019480 secs] [Times: user=0.02 sys=0.00, real=0.01 secs] 
112.865: Total time for which application threads were stopped: 0.0049570 seconds, Stopping threads took: 0.0029280 seconds
112.903: Application time: 0.0380280 seconds
112.906: [GC [PSYoungGen: 48640K->6640K(48640K)] 64540K->23108K(159744K), 0.0021170 secs] [Times: user=0.02 sys=0.00, real=0.00 secs] 
112.908: Total time for which application threads were stopped: 0.0050570 seconds, Stopping threads took: 0.0028590 seconds
112.946: Application time: 0.0377360 seconds
112.947: [GC [PSYoungGen: 48624K->6656K(48640K)] 65092K->24044K(159744K), 0.0022250 secs] [Times: user=0.01 sys=0.00, real=0.00 secs] 
112.949: Total time for which application threads were stopped: 0.0039260 seconds, Stopping threads took: 0.0016170 seconds
112.988: Application time: 0.0382690 seconds
112.989: [GC [PSYoungGen: 48640K->6656K(48640K)] 66028K->25320K(159744K), 0.0023450 secs] [Times: user=0.01 sys=0.00, real=0.01 secs] 
112.991: Total time for which application threads were stopped: 0.0036340 seconds, Stopping threads took: 0.0012000 seconds
113.029: Application time: 0.0379070 seconds
113.031: [GC [PSYoungGen: 48640K->6368K(48640K)] 67304K->25032K(159744K), 0.0018680 secs] [Times: user=0.01 sys=0.00, real=0.01 secs] 
113.033: Total time for which application threads were stopped: 0.0034260 seconds, Stopping threads took: 0.0014710 seconds
113.071: Application time: 0.0380890 seconds
113.072: [GC [PSYoungGen: 48352K->6288K(48640K)] 67016K->24952K(159744K), 0.0018780 secs] [Times: user=0.02 sys=0.00, real=0.00 secs] 
113.074: Total time for which application threads were stopped: 0.0032880 seconds, Stopping threads took: 0.0013340 seconds
113.112: Application time: 0.0375560 seconds
113.113: [GC [PSYoungGen: 48272K->6224K(48640K)] 66936K->24888K(159744K), 0.0017770 secs] [Times: user=0.01 sys=0.00, real=0.00 secs] 
113.115: Total time for which application threads were stopped: 0.0033550 seconds, Stopping threads took: 0.0015010 seconds
113.154: Application time: 0.0387210 seconds
113.155: [GC [PSYoungGen: 48208K->6624K(48640K)] 66872K->25336K(159744K), 0.0020370 secs] [Times: user=0.01 sys=0.00, real=0.00 secs] 
113.157: Total time for which application threads were stopped: 0.0029660 seconds, Stopping threads took: 0.0008500 seconds
113.195: Application time: 0.0384410 seconds
113.196: [GC [PSYoungGen: 48608K->6640K(48640K)] 67320K->25752K(159744K), 0.0021010 secs] [Times: user=0.01 sys=0.00, real=0.00 secs] 
113.198: Total time for which application threads were stopped: 0.0031270 seconds, Stopping threads took: 0.0009470 seconds
113.236: Application time: 0.0381510 seconds
113.238: [GC [PSYoungGen: 48624K->6368K(48640K)] 67736K->25480K(159744K), 0.0018470 secs] [Times: user=0.01 sys=0.00, real=0.00 secs] 
113.240: Total time for which application threads were stopped: 0.0036790 seconds, Stopping threads took: 0.0017540 seconds
113.279: Application time: 0.0387550 seconds
113.281: [GC [PSYoungGen: 48352K->6624K(48640K)] 67464K->25784K(159744K), 0.0020290 secs] [Times: user=0.01 sys=0.00, real=0.00 secs] 
113.283: Total time for which application threads were stopped: 0.0039970 seconds, Stopping threads took: 0.0018660 seconds
113.322: Application time: 0.0388090 seconds
113.323: [GC [PSYoungGen: 48608K->6640K(48640K)] 67768K->26040K(159744K), 0.0020540 secs] [Times: user=0.01 sys=0.00, real=0.01 secs] 
113.325: Total time for which application threads were stopped: 0.0035560 seconds, Stopping threads took: 0.0014180 seconds
113.365: Application time: 0.0400770 seconds
113.368: [GC [PSYoungGen: 48624K->6304K(48640K)] 68024K->25704K(159744K), 0.0019370 secs] [Times: user=0.01 sys=0.00, real=0.00 secs] 
113.370: Total time for which application threads were stopped: 0.0046260 seconds, Stopping threads took: 0.0026090 seconds
113.410: Application time: 0.0405560 seconds
113.412: [GC [PSYoungGen: 48288K->6640K(48640K)] 67688K->26112K(159744K), 0.0021090 secs] [Times: user=0.01 sys=0.00, real=0.00 secs] 
113.414: Total time for which application threads were stopped: 0.0039110 seconds, Stopping threads took: 0.0017230 seconds
113.453: Application time: 0.0389920 seconds
113.455: [GC [PSYoungGen: 48624K->6656K(48640K)] 68096K->27608K(159744K), 0.0024330 secs] [Times: user=0.02 sys=0.01, real=0.00 secs] 
113.457: Total time for which application threads were stopped: 0.0041010 seconds, Stopping threads took: 0.0015830 seconds
113.497: Application time: 0.0399430 seconds
113.499: [GC [PSYoungGen: 48640K->6656K(48640K)] 69592K->27744K(159744K), 0.0020230 secs] [Times: user=0.02 sys=0.00, real=0.00 secs] 
113.501: Total time for which application threads were stopped: 0.0033790 seconds, Stopping threads took: 0.0012740 seconds
113.541: Application time: 0.0406550 seconds
113.543: [GC [PSYoungGen: 48640K->6240K(48640K)] 69728K->27328K(159744K), 0.0018940 secs] [Times: user=0.01 sys=0.00, real=0.00 secs] 
113.545: Total time for which application threads were stopped: 0.0038750 seconds, Stopping threads took: 0.0019070 seconds
113.585: Application time: 0.0392830 seconds
113.588: [GC [PSYoungGen: 48224K->6640K(48640K)] 69312K->27744K(159744K), 0.0020590 secs] [Times: user=0.01 sys=0.00, real=0.00 secs] 
113.590: Total time for which application threads were stopped: 0.0051450 seconds, Stopping threads took: 0.0029910 seconds
113.628: Application time: 0.0384740 seconds
113.630: [GC [PSYoungGen: 48624K->6592K(48640K)] 69728K->27696K(159744K), 0.0020080 secs] [Times: user=0.02 sys=0.00, real=0.01 secs] 
113.632: Total time for which application threads were stopped: 0.0042080 seconds, Stopping threads took: 0.0021160 seconds
113.673: Application time: 0.0406010 seconds
113.676: [GC [PSYoungGen: 48576K->6640K(48640K)] 69680K->28032K(159744K), 0.0020610 secs] [Times: user=0.01 sys=0.00, real=0.00 secs] 
113.678: Total time for which application threads were stopped: 0.0050980 seconds, Stopping threads took: 0.0029550 seconds
113.718: Application time: 0.0393760 seconds
113.719: [GC [PSYoungGen: 48624K->6656K(48640K)] 70016K->28736K(159744K), 0.0021440 secs] [Times: user=0.02 sys=0.00, real=0.00 secs] 
113.722: Total time for which application threads were stopped: 0.0039950 seconds, Stopping threads took: 0.0017680 seconds
113.762: Application time: 0.0404120 seconds
113.764: [GC [PSYoungGen: 48640K->5824K(48640K)] 70720K->27912K(159744K), 0.0017550 secs] [Times: user=0.01 sys=0.00, real=0.00 secs] 
113.766: Total time for which application threads were stopped: 0.0035850 seconds, Stopping threads took: 0.0017540 seconds
113.807: Application time: 0.0410630 seconds
113.810: [GC [PSYoungGen: 47808K->6656K(48640K)] 69896K->29761K(159744K), 0.0023570 secs] [Times: user=0.02 sys=0.00, real=0.01 secs] 
113.812: Total time for which application threads were stopped: 0.0053640 seconds, Stopping threads took: 0.0028950 seconds
113.850: Application time: 0.0383590 seconds
113.852: [GC [PSYoungGen: 48640K->6624K(48640K)] 71745K->30401K(159744K), 0.0024900 secs] [Times: user=0.01 sys=0.00, real=0.00 secs] 
113.855: Total time for which application threads were stopped: 0.0045000 seconds, Stopping threads took: 0.0019080 seconds
113.895: Application time: 0.0404700 seconds
113.900: [GC [PSYoungGen: 48608K->5712K(48640K)] 72385K->29489K(159744K), 0.0018560 secs] [Times: user=0.01 sys=0.00, real=0.00 secs] 
113.902: Total time for which application threads were stopped: 0.0064890 seconds, Stopping threads took: 0.0045480 seconds
113.942: Application time: 0.0399550 seconds
113.944: [GC [PSYoungGen: 47696K->5984K(48640K)] 71473K->29769K(159744K), 0.0018180 secs] [Times: user=0.01 sys=0.00, real=0.00 secs] 
113.946: Total time for which application threads were stopped: 0.0038510 seconds, Stopping threads took: 0.0019590 seconds
113.986: Application time: 0.0408500 seconds
113.987: [GC [PSYoungGen: 47968K->5888K(48640K)] 71753K->29681K(159744K), 0.0017420 secs] [Times: user=0.01 sys=0.00, real=0.00 secs] 
113.989: Total time for which application threads were stopped: 0.0026400 seconds, Stopping threads took: 0.0008200 seconds
114.031: Application time: 0.0416860 seconds
114.032: [GC [PSYoungGen: 47872K->5344K(48640K)] 71665K->29137K(159744K), 0.0016480 secs] [Times: user=0.01 sys=0.00, real=0.00 secs] 
114.034: Total time for which application threads were stopped: 0.0032350 seconds, Stopping threads took: 0.0015090 seconds
114.075: Application time: 0.0405220 seconds
114.077: [GC [PSYoungGen: 47328K->5088K(48640K)] 71121K->28881K(159744K), 0.0015300 secs] [Times: user=0.01 sys=0.00, real=0.00 secs] 
114.079: Total time for which application threads were stopped: 0.0043160 seconds, Stopping threads took: 0.0027070 seconds
114.121: Application time: 0.0419990 seconds
114.123: [GC [PSYoungGen: 47072K->5024K(48640K)] 70865K->28825K(159744K), 0.0016740 secs] [Times: user=0.02 sys=0.00, real=0.01 secs] 
114.125: Total time for which application threads were stopped: 0.0036990 seconds, Stopping threads took: 0.0019400 seconds
114.165: Application time: 0.0406300 seconds
114.168: [GC [PSYoungGen: 47008K->6368K(48640K)] 70809K->30169K(159744K), 0.0020730 secs] [Times: user=0.02 sys=0.00, real=0.00 secs] 
114.171: Total time for which application threads were stopped: 0.0053380 seconds, Stopping threads took: 0.0031480 seconds
114.211: Application time: 0.0400530 seconds
114.214: [GC [PSYoungGen: 48352K->6640K(48640K)] 72153K->30481K(159744K), 0.0022210 secs] [Times: user=0.01 sys=0.00, real=0.00 secs] 
114.216: Total time for which application threads were stopped: 0.0056190 seconds, Stopping threads took: 0.0032920 seconds
114.256: Application time: 0.0394610 seconds
114.257: [GC [PSYoungGen: 48624K->6656K(48640K)] 72465K->31497K(159744K), 0.0023160 secs] [Times: user=0.02 sys=0.00, real=0.00 secs] 
114.260: Total time for which application threads were stopped: 0.0039530 seconds, Stopping threads took: 0.0015540 seconds
114.300: Application time: 0.0399500 seconds
114.301: [GC [PSYoungGen: 48640K->6112K(48640K)] 73481K->30961K(159744K), 0.0020010 secs] [Times: user=0.02 sys=0.00, real=0.01 secs] 
114.303: Total time for which application threads were stopped: 0.0036380 seconds, Stopping threads took: 0.0015360 seconds
114.342: Application time: 0.0390830 seconds
114.344: [GC [PSYoungGen: 48096K->6656K(48640K)] 72945K->31889K(159744K), 0.0020890 secs] [Times: user=0.01 sys=0.00, real=0.00 secs] 
114.346: Total time for which application threads were stopped: 0.0041150 seconds, Stopping threads took: 0.0019370 seconds
114.386: Application time: 0.0392110 seconds
114.387: [GC [PSYoungGen: 48640K->6656K(48640K)] 73873K->32873K(159744K), 0.0021830 secs] [Times: user=0.01 sys=0.00, real=0.00 secs] 
114.390: Total time for which application threads were stopped: 0.0038910 seconds, Stopping threads took: 0.0016260 seconds
114.430: Application time: 0.0402330 seconds
114.432: [GC [PSYoungGen: 48640K->6656K(48640K)] 74857K->33321K(159744K), 0.0020520 secs] [Times: user=0.01 sys=0.00, real=0.00 secs] 
114.434: Total time for which application threads were stopped: 0.0045130 seconds, Stopping threads took: 0.0023790 seconds
114.475: Application time: 0.0402790 seconds
114.476: [GC [PSYoungGen: 48640K->6656K(48640K)] 75305K->33649K(159744K), 0.0020830 secs] [Times: user=0.01 sys=0.00, real=0.00 secs] 
114.478: Total time for which application threads were stopped: 0.0039170 seconds, Stopping threads took: 0.0017340 seconds
114.518: Application time: 0.0395760 seconds
114.520: [GC [PSYoungGen: 48640K->6656K(48640K)] 75633K->34905K(159744K), 0.0023100 secs] [Times: user=0.02 sys=0.00, real=0.00 secs] 
114.523: Total time for which application threads were stopped: 0.0045670 seconds, Stopping threads took: 0.0021720 seconds
114.563: Application time: 0.0408430 seconds
114.566: [GC [PSYoungGen: 48640K->6304K(48640K)] 76889K->34553K(159744K), 0.0019300 secs] [Times: user=0.01 sys=0.00, real=0.00 secs] 
114.568: Total time for which application threads were stopped: 0.0044690 seconds, Stopping threads took: 0.0024610 seconds
114.609: Application time: 0.0413410 seconds
114.611: [GC [PSYoungGen: 48288K->4288K(48640K)] 76537K->32537K(159744K), 0.0013500 secs] [Times: user=0.01 sys=0.00, real=0.01 secs] 
114.612: Total time for which application threads were stopped: 0.0028470 seconds, Stopping threads took: 0.0014250 seconds
114.653: Application time: 0.0411100 seconds
114.655: [GC [PSYoungGen: 46272K->6224K(48640K)] 74521K->34473K(159744K), 0.0018400 secs] [Times: user=0.02 sys=0.00, real=0.00 secs] 
114.657: Total time for which application threads were stopped: 0.0037100 seconds, Stopping threads took: 0.0017880 seconds
114.697: Application time: 0.0400400 seconds
114.700: [GC [PSYoungGen: 48208K->6560K(48640K)] 76457K->34817K(159744K), 0.0019160 secs] [Times: user=0.02 sys=0.00, real=0.00 secs] 
114.702: Total time for which application threads were stopped: 0.0045460 seconds, Stopping threads took: 0.0025460 seconds
114.742: Application time: 0.0403600 seconds
114.745: [GC [PSYoungGen: 48544K->6000K(48640K)] 76801K->34257K(159744K), 0.0017330 secs] [Times: user=0.02 sys=0.00, real=0.00 secs] 
114.746: Total time for which application threads were stopped: 0.0045760 seconds, Stopping threads took: 0.0027670 seconds
114.787: Application time: 0.0404420 seconds
114.788: [GC [PSYoungGen: 47984K->6640K(48640K)] 76241K->35693K(159744K), 0.0022730 secs] [Times: user=0.02 sys=0.00, real=0.00 secs] 
114.791: Total time for which application threads were stopped: 0.0037710 seconds, Stopping threads took: 0.0014080 seconds
114.831: Application time: 0.0404400 seconds
114.833: [GC [PSYoungGen: 48624K->6624K(48640K)] 77677K->36189K(159744K), 0.0020610 secs] [Times: user=0.02 sys=0.00, real=0.00 secs] 
114.835: Total time for which application threads were stopped: 0.0036660 seconds, Stopping threads took: 0.0015270 seconds
114.875: Application time: 0.0400600 seconds
114.877: [GC [PSYoungGen: 48608K->6640K(48640K)] 78173K->36957K(159744K), 0.0021850 secs] [Times: user=0.01 sys=0.00, real=0.00 secs] 
114.879: Total time for which application threads were stopped: 0.0042940 seconds, Stopping threads took: 0.0020080 seconds
114.919: Application time: 0.0397710 seconds
114.921: [GC [PSYoungGen: 48624K->6656K(48640K)] 78941K->37481K(159744K), 0.0021290 secs] [Times: user=0.01 sys=0.00, real=0.00 secs] 
114.923: Total time for which application threads were stopped: 0.0040260 seconds, Stopping threads took: 0.0018180 seconds
114.963: Application time: 0.0396110 seconds
114.964: [GC [PSYoungGen: 48640K->6496K(48640K)] 79465K->37329K(159744K), 0.0018530 secs] [Times: user=0.02 sys=0.00, real=0.00 secs] 
114.966: Total time for which application threads were stopped: 0.0034500 seconds, Stopping threads took: 0.0015180 seconds
115.006: Application time: 0.0395150 seconds
115.008: [GC [PSYoungGen: 48480K->6640K(48640K)] 79313K->38569K(159744K), 0.0023200 secs] [Times: user=0.02 sys=0.00, real=0.00 secs] 
115.010: Total time for which application threads were stopped: 0.0047170 seconds, Stopping threads took: 0.0023140 seconds
115.050: Application time: 0.0399400 seconds
115.052: [GC [PSYoungGen: 48624K->6656K(48640K)] 80553K->38969K(159744K), 0.0021230 secs] [Times: user=0.02 sys=0.00, real=0.00 secs] 
115.054: Total time for which application threads were stopped: 0.0038710 seconds, Stopping threads took: 0.0016660 seconds
115.095: Application time: 0.0411940 seconds
115.097: [GC [PSYoungGen: 48640K->6640K(48640K)] 80953K->39217K(159744K), 0.0021330 secs] [Times: user=0.02 sys=0.01, real=0.00 secs] 
115.099: Total time for which application threads were stopped: 0.0038650 seconds, Stopping threads took: 0.0016430 seconds
115.139: Application time: 0.0397960 seconds
115.141: [GC [PSYoungGen: 48624K->6640K(48640K)] 81201K->39657K(159744K), 0.0021950 secs] [Times: user=0.02 sys=0.00, real=0.00 secs] 
115.143: Total time for which application threads were stopped: 0.0039450 seconds, Stopping threads took: 0.0016630 seconds
115.184: Application time: 0.0407380 seconds
115.185: [GC [PSYoungGen: 48624K->6016K(48640K)] 81641K->39033K(159744K), 0.0019030 secs] [Times: user=0.01 sys=0.00, real=0.00 secs] 
115.187: Total time for which application threads were stopped: 0.0032810 seconds, Stopping threads took: 0.0012780 seconds
115.227: Application time: 0.0401860 seconds
115.229: [GC [PSYoungGen: 48000K->6640K(48640K)] 81017K->39777K(159744K), 0.0021110 secs] [Times: user=0.01 sys=0.00, real=0.00 secs] 
115.231: Total time for which application threads were stopped: 0.0038820 seconds, Stopping threads took: 0.0016950 seconds
115.272: Application time: 0.0407330 seconds
115.274: [GC [PSYoungGen: 48624K->6480K(48640K)] 81761K->39617K(159744K), 0.0019860 secs] [Times: user=0.01 sys=0.00, real=0.00 secs] 
115.276: Total time for which application threads were stopped: 0.0040610 seconds, Stopping threads took: 0.0019910 seconds
115.315: Application time: 0.0395980 seconds
115.318: [GC [PSYoungGen: 48464K->5632K(48640K)] 81601K->38769K(159744K), 0.0016680 secs] [Times: user=0.01 sys=0.00, real=0.00 secs] 
115.319: Total time for which application threads were stopped: 0.0039080 seconds, Stopping threads took: 0.0021630 seconds
115.361: Application time: 0.0415360 seconds
115.363: [GC [PSYoungGen: 47616K->5200K(48640K)] 80753K->38353K(159744K), 0.0015550 secs] [Times: user=0.01 sys=0.00, real=0.01 secs] 
115.365: Total time for which application threads were stopped: 0.0037380 seconds, Stopping threads took: 0.0020990 seconds
115.406: Application time: 0.0412790 seconds
115.408: [GC [PSYoungGen: 47184K->5344K(48640K)] 80337K->38513K(159744K), 0.0016590 secs] [Times: user=0.01 sys=0.00, real=0.00 secs] 
115.410: Total time for which application threads were stopped: 0.0043060 seconds, Stopping threads took: 0.0025670 seconds
115.451: Application time: 0.0408460 seconds
115.453: [GC [PSYoungGen: 47328K->6400K(48640K)] 80497K->39569K(159744K), 0.0019000 secs] [Times: user=0.01 sys=0.00, real=0.00 secs] 
115.454: Total time for which application threads were stopped: 0.0034390 seconds, Stopping threads took: 0.0014610 seconds
115.494: Application time: 0.0391860 seconds
115.495: [GC [PSYoungGen: 48384K->6656K(48640K)] 81553K->40749K(159744K), 0.0023110 secs] [Times: user=0.02 sys=0.00, real=0.00 secs] 
115.498: Total time for which application threads were stopped: 0.0040400 seconds, Stopping threads took: 0.0016470 seconds
115.537: Application time: 0.0395680 seconds
115.539: [GC [PSYoungGen: 48640K->6640K(48640K)] 82733K->40981K(159744K), 0.0021190 secs] [Times: user=0.01 sys=0.00, real=0.00 secs] 
115.541: Total time for which application threads were stopped: 0.0042070 seconds, Stopping threads took: 0.0020030 seconds
115.584: Application time: 0.0424410 seconds
115.586: [GC [PSYoungGen: 48624K->6640K(48640K)] 82965K->41093K(159744K), 0.0020470 secs] [Times: user=0.01 sys=0.00, real=0.00 secs] 
115.588: Total time for which application threads were stopped: 0.0037580 seconds, Stopping threads took: 0.0016260 seconds
115.627: Application time: 0.0398100 seconds
115.629: [GC [PSYoungGen: 48624K->6656K(48640K)] 83077K->41133K(159744K), 0.0022400 secs] [Times: user=0.02 sys=0.00, real=0.01 secs] 
115.632: Total time for which application threads were stopped: 0.0042790 seconds, Stopping threads took: 0.0019350 seconds
115.672: Application time: 0.0400280 seconds
115.675: [GC [PSYoungGen: 48640K->6656K(48640K)] 83117K->41469K(159744K), 0.0024520 secs] [Times: user=0.02 sys=0.00, real=0.00 secs] 
115.678: Total time for which application threads were stopped: 0.0061870 seconds, Stopping threads took: 0.0036320 seconds
115.718: Application time: 0.0397040 seconds
115.720: [GC [PSYoungGen: 48640K->6640K(48640K)] 83453K->41765K(159744K), 0.0021410 secs] [Times: user=0.02 sys=0.00, real=0.00 secs] 
115.722: Total time for which application threads were stopped: 0.0046010 seconds, Stopping threads took: 0.0023640 seconds
115.761: Application time: 0.0389040 seconds
115.764: [GC [PSYoungGen: 48624K->6624K(48640K)] 83749K->42953K(159744K), 0.0023870 secs] [Times: user=0.01 sys=0.00, real=0.00 secs] 
115.766: Total time for which application threads were stopped: 0.0048300 seconds, Stopping threads took: 0.0023620 seconds
115.804: Application time: 0.0382720 seconds
115.807: [GC [PSYoungGen: 48608K->6656K(48640K)] 84937K->44385K(159744K), 0.0023200 secs] [Times: user=0.01 sys=0.00, real=0.00 secs] 
115.809: Total time for which application threads were stopped: 0.0050310 seconds, Stopping threads took: 0.0026250 seconds
115.849: Application time: 0.0399360 seconds
115.852: [GC [PSYoungGen: 48640K->6656K(48640K)] 86369K->44441K(159744K), 0.0020610 secs] [Times: user=0.01 sys=0.00, real=0.00 secs] 
115.854: Total time for which application threads were stopped: 0.0048850 seconds, Stopping threads took: 0.0027460 seconds
115.894: Application time: 0.0396470 seconds
115.896: [GC [PSYoungGen: 48640K->6656K(48640K)] 86425K->44465K(159744K), 0.0020210 secs] [Times: user=0.01 sys=0.00, real=0.00 secs] 
115.898: Total time for which application threads were stopped: 0.0043930 seconds, Stopping threads took: 0.0022920 seconds
115.940: Application time: 0.0414280 seconds
115.941: [GC [PSYoungGen: 48640K->5152K(48640K)] 86449K->42961K(159744K), 0.0016020 secs] [Times: user=0.01 sys=0.00, real=0.00 secs] 
115.943: Total time for which application threads were stopped: 0.0030640 seconds, Stopping threads took: 0.0013750 seconds
115.983: Application time: 0.0404110 seconds
115.985: [GC [PSYoungGen: 47136K->6480K(48640K)] 84945K->44289K(159744K), 0.0018670 secs] [Times: user=0.01 sys=0.00, real=0.00 secs] 
115.987: Total time for which application threads were stopped: 0.0035660 seconds, Stopping threads took: 0.0016210 seconds
116.028: Application time: 0.0408710 seconds
116.029: [GC [PSYoungGen: 48464K->5872K(48640K)] 86273K->43681K(159744K), 0.0018080 secs] [Times: user=0.02 sys=0.00, real=0.00 secs] 
116.031: Total time for which application threads were stopped: 0.0032480 seconds, Stopping threads took: 0.0013630 seconds
116.072: Application time: 0.0413890 seconds
116.073: [GC [PSYoungGen: 47856K->6512K(48640K)] 85665K->44329K(159744K), 0.0019160 secs] [Times: user=0.01 sys=0.00, real=0.00 secs] 
116.075: Total time for which application threads were stopped: 0.0031150 seconds, Stopping threads took: 0.0011180 seconds
116.114: Application time: 0.0389960 seconds
116.116: [GC [PSYoungGen: 48496K->6640K(48640K)] 86313K->45165K(159744K), 0.0022190 secs] [Times: user=0.02 sys=0.00, real=0.00 secs] 
116.119: Total time for which application threads were stopped: 0.0044180 seconds, Stopping threads took: 0.0021140 seconds
116.159: Application time: 0.0404300 seconds
116.161: [GC [PSYoungGen: 48624K->6640K(48640K)] 87149K->46129K(159744K), 0.0023410 secs] [Times: user=0.01 sys=0.00, real=0.01 secs] 
116.164: Total time for which application threads were stopped: 0.0043960 seconds, Stopping threads took: 0.0019700 seconds
116.204: Application time: 0.0404010 seconds
116.205: [GC [PSYoungGen: 48624K->6640K(48640K)] 88113K->46425K(159744K), 0.0020900 secs] [Times: user=0.02 sys=0.00, real=0.00 secs] 
116.208: Total time for which application threads were stopped: 0.0036210 seconds, Stopping threads took: 0.0014490 seconds
116.246: Application time: 0.0381370 seconds
116.249: [GC [PSYoungGen: 48624K->6640K(48640K)] 88409K->47101K(159744K), 0.0021490 secs] [Times: user=0.01 sys=0.00, real=0.01 secs] 
116.251: Total time for which application threads were stopped: 0.0054630 seconds, Stopping threads took: 0.0032350 seconds
116.290: Application time: 0.0383630 seconds
116.292: [GC [PSYoungGen: 48624K->6656K(48640K)] 89085K->48053K(159744K), 0.0022510 secs] [Times: user=0.02 sys=0.00, real=0.00 secs] 
116.294: Total time for which application threads were stopped: 0.0047500 seconds, Stopping threads took: 0.0024170 seconds
116.334: Application time: 0.0395310 seconds
116.336: [GC [PSYoungGen: 48640K->6656K(48640K)] 90037K->48365K(159744K), 0.0020840 secs] [Times: user=0.01 sys=0.00, real=0.00 secs] 
116.338: Total time for which application threads were stopped: 0.0038950 seconds, Stopping threads took: 0.0017300 seconds
116.377: Application time: 0.0396230 seconds
116.379: [GC [PSYoungGen: 48640K->6384K(48640K)] 90349K->48093K(159744K), 0.0019080 secs] [Times: user=0.01 sys=0.00, real=0.00 secs] 
116.381: Total time for which application threads were stopped: 0.0033050 seconds, Stopping threads took: 0.0013150 seconds
116.421: Application time: 0.0407090 seconds
116.423: [GC [PSYoungGen: 48368K->6400K(48640K)] 90077K->48109K(159744K), 0.0019130 secs] [Times: user=0.01 sys=0.00, real=0.01 secs] 
116.425: Total time for which application threads were stopped: 0.0035370 seconds, Stopping threads took: 0.0015460 seconds
116.465: Application time: 0.0402570 seconds
116.468: [GC [PSYoungGen: 48384K->6112K(48640K)] 90093K->47830K(159744K), 0.0018330 secs] [Times: user=0.02 sys=0.00, real=0.00 secs] 
116.470: Total time for which application threads were stopped: 0.0046510 seconds, Stopping threads took: 0.0027250 seconds
116.508: Application time: 0.0383700 seconds
116.510: [GC [PSYoungGen: 48096K->6640K(48640K)] 89814K->49065K(159744K), 0.0022330 secs] [Times: user=0.02 sys=0.00, real=0.01 secs] 
116.513: Total time for which application threads were stopped: 0.0043050 seconds, Stopping threads took: 0.0019880 seconds
116.551: Application time: 0.0381060 seconds
116.553: [GC [PSYoungGen: 48624K->6656K(48640K)] 91049K->50129K(159744K), 0.0023210 secs] [Times: user=0.02 sys=0.00, real=0.00 secs] 
116.555: Total time for which application threads were stopped: 0.0046180 seconds, Stopping threads took: 0.0022040 seconds
116.596: Application time: 0.0403130 seconds
116.598: [GC [PSYoungGen: 48640K->6640K(48640K)] 92113K->50618K(159744K), 0.0022390 secs] [Times: user=0.02 sys=0.00, real=0.00 secs] 
116.601: Total time for which application threads were stopped: 0.0050310 seconds, Stopping threads took: 0.0027130 seconds
116.639: Application time: 0.0384170 seconds
116.640: [GC [PSYoungGen: 48624K->6624K(48640K)] 92602K->51441K(159744K), 0.0022620 secs] [Times: user=0.01 sys=0.00, real=0.00 secs] 
116.643: Total time for which application threads were stopped: 0.0038120 seconds, Stopping threads took: 0.0014620 seconds
116.683: Application time: 0.0398270 seconds
116.684: [GC [PSYoungGen: 48608K->6640K(48640K)] 93425K->51466K(159744K), 0.0020050 secs] [Times: user=0.02 sys=0.00, real=0.00 secs] 
116.686: Total time for which application threads were stopped: 0.0036670 seconds, Stopping threads took: 0.0015610 seconds
116.726: Application time: 0.0396590 seconds
116.728: [GC [PSYoungGen: 48624K->6512K(48640K)] 93450K->51353K(159744K), 0.0019400 secs] [Times: user=0.01 sys=0.00, real=0.00 secs] 
116.730: Total time for which application threads were stopped: 0.0036760 seconds, Stopping threads took: 0.0016570 seconds
116.769: Application time: 0.0391930 seconds
116.770: [GC [PSYoungGen: 48496K->6656K(48640K)] 93337K->52041K(159744K), 0.0021830 secs] [Times: user=0.02 sys=0.00, real=0.01 secs] 
116.772: Total time for which application threads were stopped: 0.0035150 seconds, Stopping threads took: 0.0012520 seconds
116.813: Application time: 0.0402550 seconds
116.815: [GC [PSYoungGen: 48640K->6640K(48640K)] 94025K->52402K(159744K), 0.0020680 secs] [Times: user=0.02 sys=0.00, real=0.00 secs] 
116.817: Total time for which application threads were stopped: 0.0044510 seconds, Stopping threads took: 0.0022950 seconds
116.858: Application time: 0.0408110 seconds
116.861: [GC [PSYoungGen: 48624K->6624K(48640K)] 94386K->52753K(159744K), 0.0023450 secs] [Times: user=0.01 sys=0.00, real=0.00 secs] 
116.863: Total time for which application threads were stopped: 0.0051050 seconds, Stopping threads took: 0.0026720 seconds
116.901: Application time: 0.0382640 seconds
116.904: [GC [PSYoungGen: 48608K->6624K(48640K)] 94737K->53674K(159744K), 0.0022570 secs] [Times: user=0.02 sys=0.00, real=0.00 secs] 
116.906: Total time for which application threads were stopped: 0.0049650 seconds, Stopping threads took: 0.0026260 seconds
116.947: Application time: 0.0407140 seconds
116.949: [GC [PSYoungGen: 48608K->6640K(48640K)] 95658K->53894K(159744K), 0.0020880 secs] [Times: user=0.02 sys=0.00, real=0.00 secs] 
116.951: Total time for which application threads were stopped: 0.0039050 seconds, Stopping threads took: 0.0017360 seconds
116.991: Application time: 0.0402410 seconds
116.994: [GC [PSYoungGen: 48624K->5776K(48640K)] 95878K->53046K(159744K), 0.0017030 secs] [Times: user=0.01 sys=0.00, real=0.00 secs] 
116.996: Total time for which application threads were stopped: 0.0045640 seconds, Stopping threads took: 0.0027750 seconds
117.037: Application time: 0.0410570 seconds
117.038: [GC [PSYoungGen: 47760K->6656K(48640K)] 95030K->54302K(159744K), 0.0021970 secs] [Times: user=0.02 sys=0.00, real=0.00 secs] 
117.040: Total time for which application threads were stopped: 0.0037740 seconds, Stopping threads took: 0.0014940 seconds
117.081: Application time: 0.0408110 seconds
117.083: [GC [PSYoungGen: 48640K->6528K(48640K)] 96286K->54174K(159744K), 0.0019570 secs] [Times: user=0.01 sys=0.01, real=0.01 secs] 
117.085: Total time for which application threads were stopped: 0.0033760 seconds, Stopping threads took: 0.0013350 seconds
117.126: Application time: 0.0413630 seconds
117.127: [GC [PSYoungGen: 48512K->4320K(48640K)] 96158K->51974K(159744K), 0.0014100 secs] [Times: user=0.01 sys=0.00, real=0.00 secs] 
117.128: Total time for which application threads were stopped: 0.0022790 seconds, Stopping threads took: 0.0007970 seconds
117.169: Application time: 0.0404810 seconds
117.171: [GC [PSYoungGen: 46304K->5520K(48640K)] 93958K->53174K(159744K), 0.0017110 secs] [Times: user=0.01 sys=0.00, real=0.01 secs] 
117.172: Total time for which application threads were stopped: 0.0034500 seconds, Stopping threads took: 0.0016650 seconds
117.212: Application time: 0.0399730 seconds
117.213: [GC [PSYoungGen: 47504K->6432K(48640K)] 95158K->54094K(159744K), 0.0019670 secs] [Times: user=0.01 sys=0.00, real=0.00 secs] 
117.215: Total time for which application threads were stopped: 0.0031350 seconds, Stopping threads took: 0.0010890 seconds
117.253: Application time: 0.0380800 seconds
117.256: [GC [PSYoungGen: 48416K->6656K(48640K)] 96078K->54990K(159744K), 0.0021400 secs] [Times: user=0.01 sys=0.00, real=0.00 secs] 
117.258: Total time for which application threads were stopped: 0.0049920 seconds, Stopping threads took: 0.0027660 seconds
117.299: Application time: 0.0403320 seconds
117.301: [GC [PSYoungGen: 48640K->6288K(48640K)] 96974K->54630K(159744K), 0.0018410 secs] [Times: user=0.02 sys=0.00, real=0.00 secs] 
117.303: Total time for which application threads were stopped: 0.0042420 seconds, Stopping threads took: 0.0023230 seconds
117.341: Application time: 0.0379930 seconds
117.342: [GC [PSYoungGen: 48272K->6576K(48640K)] 96614K->54918K(159744K), 0.0019920 secs] [Times: user=0.02 sys=0.00, real=0.01 secs] 
117.344: Total time for which application threads were stopped: 0.0029270 seconds, Stopping threads took: 0.0008580 seconds
117.381: Application time: 0.0374570 seconds
117.384: [GC [PSYoungGen: 48560K->5904K(48640K)] 96902K->54254K(159744K), 0.0017500 secs] [Times: user=0.01 sys=0.00, real=0.00 secs] 
117.385: Total time for which application threads were stopped: 0.0039830 seconds, Stopping threads took: 0.0021540 seconds
117.425: Application time: 0.0395680 seconds
117.426: [GC [PSYoungGen: 47888K->5552K(48640K)] 96238K->53902K(159744K), 0.0016430 secs] [Times: user=0.01 sys=0.00, real=0.00 secs] 
117.428: Total time for which application threads were stopped: 0.0031460 seconds, Stopping threads took: 0.0014290 seconds
117.468: Application time: 0.0394730 seconds
117.469: [GC [PSYoungGen: 47536K->5184K(48640K)] 95886K->53534K(159744K), 0.0015660 secs] [Times: user=0.01 sys=0.00, real=0.00 secs] 
117.471: Total time for which application threads were stopped: 0.0029600 seconds, Stopping threads took: 0.0013180 seconds
117.508: Application time: 0.0371020 seconds
117.511: [GC [PSYoungGen: 47168K->6624K(48640K)] 95518K->55014K(159744K), 0.0020140 secs] [Times: user=0.01 sys=0.00, real=0.01 secs] 
117.513: Total time for which application threads were stopped: 0.0049120 seconds, Stopping threads took: 0.0028090 seconds
117.551: Application time: 0.0380180 seconds
117.552: [GC [PSYoungGen: 48608K->6656K(48640K)] 96998K->56550K(159744K), 0.0023810 secs] [Times: user=0.02 sys=0.00, real=0.00 secs] 
117.555: Total time for which application threads were stopped: 0.0042500 seconds, Stopping threads took: 0.0017870 seconds
117.593: Application time: 0.0379810 seconds
117.595: [GC [PSYoungGen: 48640K->6640K(48640K)] 98534K->57222K(159744K), 0.0022130 secs] [Times: user=0.01 sys=0.00, real=0.00 secs] 
117.598: Total time for which application threads were stopped: 0.0048820 seconds, Stopping threads took: 0.0025890 seconds
117.635: Application time: 0.0369380 seconds
117.637: [GC [PSYoungGen: 48624K->6656K(48640K)] 99206K->58198K(159744K), 0.0022400 secs] [Times: user=0.02 sys=0.00, real=0.00 secs] 
117.639: Total time for which application threads were stopped: 0.0045180 seconds, Stopping threads took: 0.0021850 seconds
117.678: Application time: 0.0386950 seconds
117.679: [GC [PSYoungGen: 48640K->6656K(48640K)] 100182K->58462K(159744K), 0.0019970 secs] [Times: user=0.02 sys=0.00, real=0.00 secs] 
117.681: Total time for which application threads were stopped: 0.0029900 seconds, Stopping threads took: 0.0009160 seconds
117.719: Application time: 0.0385480 seconds
117.721: [GC [PSYoungGen: 48638K->6656K(48640K)] 100445K->59150K(159744K), 0.0021760 secs] [Times: user=0.01 sys=0.01, real=0.01 secs] 
117.723: Total time for which application threads were stopped: 0.0039490 seconds, Stopping threads took: 0.0016930 seconds
117.762: Application time: 0.0386970 seconds
117.763: [GC [PSYoungGen: 48640K->6624K(48640K)] 101134K->59742K(159744K), 0.0021580 secs] [Times: user=0.01 sys=0.00, real=0.00 secs] 
117.766: Total time for which application threads were stopped: 0.0035180 seconds, Stopping threads took: 0.0012790 seconds
117.803: Application time: 0.0377940 seconds
117.805: [GC [PSYoungGen: 48608K->6656K(48640K)] 101726K->61054K(159744K), 0.0022410 secs] [Times: user=0.01 sys=0.00, real=0.00 secs] 
117.807: Total time for which application threads were stopped: 0.0040640 seconds, Stopping threads took: 0.0017420 seconds
117.845: Application time: 0.0375360 seconds
117.847: [GC [PSYoungGen: 48639K->6656K(48640K)] 103038K->61710K(159744K), 0.0022380 secs] [Times: user=0.02 sys=0.00, real=0.00 secs] 
117.849: Total time for which application threads were stopped: 0.0040690 seconds, Stopping threads took: 0.0017500 seconds
117.887: Application time: 0.0382160 seconds
117.889: [GC [PSYoungGen: 48640K->6656K(48640K)] 103694K->61734K(159744K), 0.0020180 secs] [Times: user=0.01 sys=0.00, real=0.00 secs] 
117.891: Total time for which application threads were stopped: 0.0033740 seconds, Stopping threads took: 0.0012560 seconds
117.928: Application time: 0.0371890 seconds
117.930: [GC [PSYoungGen: 48640K->6640K(48640K)] 103718K->63014K(159744K), 0.0024610 secs] [Times: user=0.02 sys=0.00, real=0.01 secs] 
117.932: Total time for which application threads were stopped: 0.0043180 seconds, Stopping threads took: 0.0017740 seconds
117.969: Application time: 0.0371220 seconds
117.971: [GC [PSYoungGen: 48624K->6656K(48640K)] 104998K->64398K(159744K), 0.0024230 secs] [Times: user=0.01 sys=0.00, real=0.00 secs] 
117.974: Total time for which application threads were stopped: 0.0043700 seconds, Stopping threads took: 0.0018640 seconds
118.012: Application time: 0.0381440 seconds
118.013: [GC [PSYoungGen: 48640K->6656K(48640K)] 106382K->64678K(159744K), 0.0021130 secs] [Times: user=0.01 sys=0.00, real=0.00 secs] 
118.015: Total time for which application threads were stopped: 0.0031710 seconds, Stopping threads took: 0.0009700 seconds
118.052: Application time: 0.0374820 seconds
118.054: [GC [PSYoungGen: 48640K->6656K(48640K)] 106662K->65766K(159744K), 0.0022380 secs] [Times: user=0.02 sys=0.00, real=0.00 secs] 
118.056: Total time for which application threads were stopped: 0.0039040 seconds, Stopping threads took: 0.0015810 seconds
118.094: Application time: 0.0377750 seconds
118.096: [GC [PSYoungGen: 48640K->6656K(48640K)] 107750K->66574K(159744K), 0.0022720 secs] [Times: user=0.02 sys=0.00, real=0.00 secs] 
118.098: Total time for which application threads were stopped: 0.0038090 seconds, Stopping threads took: 0.0014580 seconds
118.135: Application time: 0.0365900 seconds
118.137: [GC [PSYoungGen: 48640K->6656K(48640K)] 108558K->67158K(159744K), 0.0022370 secs] [Times: user=0.02 sys=0.00, real=0.00 secs] 
118.139: Total time for which application threads were stopped: 0.0045070 seconds, Stopping threads took: 0.0021790 seconds
118.177: Application time: 0.0383600 seconds
118.179: [GC [PSYoungGen: 48640K->4960K(48640K)] 109142K->65462K(159744K), 0.0015010 secs] [Times: user=0.01 sys=0.00, real=0.00 secs] 
118.181: Total time for which application threads were stopped: 0.0036120 seconds, Stopping threads took: 0.0020400 seconds
118.218: Application time: 0.0365910 seconds
118.220: [GC [PSYoungGen: 46944K->6656K(48640K)] 107446K->68238K(159744K), 0.0023070 secs] [Times: user=0.01 sys=0.00, real=0.00 secs] 
118.222: Total time for which application threads were stopped: 0.0044290 seconds, Stopping threads took: 0.0020440 seconds
118.261: Application time: 0.0386260 seconds
118.262: [GC [PSYoungGen: 48640K->6656K(48640K)] 110222K->69590K(159744K), 0.0024870 secs] [Times: user=0.01 sys=0.00, real=0.01 secs] 
118.264: Total time for which application threads were stopped: 0.0037240 seconds, Stopping threads took: 0.0011580 seconds
118.303: Application time: 0.0383260 seconds
118.304: [GC [PSYoungGen: 48640K->6272K(48640K)] 111574K->69206K(159744K), 0.0019700 secs] [Times: user=0.01 sys=0.00, real=0.00 secs] 
118.306: Total time for which application threads were stopped: 0.0037630 seconds, Stopping threads took: 0.0017160 seconds
118.345: Application time: 0.0383480 seconds
118.347: [GC [PSYoungGen: 48256K->6656K(48640K)] 111190K->70598K(159744K), 0.0024600 secs] [Times: user=0.01 sys=0.00, real=0.00 secs] 
118.349: Total time for which application threads were stopped: 0.0042890 seconds, Stopping threads took: 0.0017490 seconds
118.387: Application time: 0.0377280 seconds
118.389: [GC [PSYoungGen: 48640K->6656K(48640K)] 112582K->70926K(159744K), 0.0021140 secs] [Times: user=0.01 sys=0.00, real=0.00 secs] 
118.391: Total time for which application threads were stopped: 0.0041860 seconds, Stopping threads took: 0.0019930 seconds
118.429: Application time: 0.0378470 seconds
118.430: [GC [PSYoungGen: 48640K->5712K(48640K)] 112910K->69990K(159744K), 0.0095920 secs] [Times: user=0.07 sys=0.00, real=0.01 secs] 
118.440: Total time for which application threads were stopped: 0.0108510 seconds, Stopping threads took: 0.0011830 seconds
118.477: Application time: 0.0377000 seconds
118.479: [GC [PSYoungGen: 47696K->6640K(48640K)] 111974K->71678K(159744K), 0.0022780 secs] [Times: user=0.01 sys=0.00, real=0.00 secs] 
118.481: Total time for which application threads were stopped: 0.0039380 seconds, Stopping threads took: 0.0015790 seconds
118.520: Application time: 0.0382560 seconds
118.521: [GC [PSYoungGen: 48624K->6624K(48640K)] 113662K->71814K(159744K), 0.0020200 secs] [Times: user=0.01 sys=0.00, real=0.00 secs] 
118.523: Total time for which application threads were stopped: 0.0031880 seconds, Stopping threads took: 0.0010770 seconds
118.560: Application time: 0.0376060 seconds
118.562: [GC [PSYoungGen: 48608K->6656K(48640K)] 113798K->72262K(159744K), 0.0021980 secs] [Times: user=0.01 sys=0.00, real=0.01 secs] 
118.564: Total time for which application threads were stopped: 0.0038470 seconds, Stopping threads took: 0.0015690 seconds
118.601: Application time: 0.0371850 seconds
118.603: [GC [PSYoungGen: 48640K->6640K(48640K)] 114246K->72462K(159744K), 0.0021170 secs] [Times: user=0.02 sys=0.00, real=0.00 secs] 
118.605: Total time for which application threads were stopped: 0.0039490 seconds, Stopping threads took: 0.0017510 seconds
118.643: Application time: 0.0376870 seconds
118.645: [GC [PSYoungGen: 48624K->6640K(48640K)] 114446K->72614K(159744K), 0.0020160 secs] [Times: user=0.02 sys=0.00, real=0.00 secs] 
118.647: Total time for which application threads were stopped: 0.0039420 seconds, Stopping threads took: 0.0018450 seconds
118.685: Application time: 0.0380410 seconds
118.687: [GC [PSYoungGen: 48624K->6640K(48640K)] 114598K->74166K(159744K), 0.0024610 secs] [Times: user=0.02 sys=0.00, real=0.00 secs] 
118.690: Total time for which application threads were stopped: 0.0044270 seconds, Stopping threads took: 0.0018850 seconds
118.728: Application time: 0.0385890 seconds
118.729: [GC [PSYoungGen: 48624K->6656K(48640K)] 116150K->74870K(159744K), 0.0021960 secs] [Times: user=0.02 sys=0.00, real=0.01 secs] 
118.732: Total time for which application threads were stopped: 0.0034540 seconds, Stopping threads took: 0.0011760 seconds
118.769: Application time: 0.0373940 seconds
118.771: [GC [PSYoungGen: 48640K->6656K(48640K)] 116854K->75674K(159744K), 0.0022540 secs] [Times: user=0.02 sys=0.00, real=0.01 secs] 
118.773: Total time for which application threads were stopped: 0.0040560 seconds, Stopping threads took: 0.0017240 seconds
118.811: Application time: 0.0383500 seconds
118.813: [GC [PSYoungGen: 48640K->5872K(48640K)] 117658K->74906K(159744K), 0.0018500 secs] [Times: user=0.01 sys=0.00, real=0.00 secs] 
118.815: Total time for which application threads were stopped: 0.0034780 seconds, Stopping threads took: 0.0015540 seconds
118.853: Application time: 0.0384940 seconds
118.856: [GC [PSYoungGen: 47856K->4896K(48640K)] 116890K->73938K(159744K), 0.0015360 secs] [Times: user=0.01 sys=0.00, real=0.00 secs] 
118.857: Total time for which application threads were stopped: 0.0037650 seconds, Stopping threads took: 0.0021550 seconds
118.895: Application time: 0.0380980 seconds
118.897: [GC [PSYoungGen: 46880K->5520K(48640K)] 115922K->74562K(159744K), 0.0016450 secs] [Times: user=0.01 sys=0.00, real=0.00 secs] 
118.898: Total time for which application threads were stopped: 0.0031330 seconds, Stopping threads took: 0.0014220 seconds
118.936: Application time: 0.0378670 seconds
118.939: [GC [PSYoungGen: 47504K->5440K(48640K)] 116546K->74498K(159744K), 0.0016780 secs] [Times: user=0.01 sys=0.00, real=0.00 secs] 
118.940: Total time for which application threads were stopped: 0.0041710 seconds, Stopping threads took: 0.0024210 seconds
118.979: Application time: 0.0383600 seconds
118.981: [GC [PSYoungGen: 47424K->5808K(48640K)] 116482K->74866K(159744K), 0.0018810 secs] [Times: user=0.01 sys=0.00, real=0.00 secs] 
118.983: Total time for which application threads were stopped: 0.0037410 seconds, Stopping threads took: 0.0017810 seconds
119.020: Application time: 0.0370740 seconds
119.021: [GC [PSYoungGen: 47792K->6656K(48640K)] 116850K->77075K(159744K), 0.0024270 secs] [Times: user=0.01 sys=0.00, real=0.01 secs] 
119.024: Total time for which application threads were stopped: 0.0043540 seconds, Stopping threads took: 0.0018310 seconds
119.062: Application time: 0.0378420 seconds
119.064: [GC [PSYoungGen: 48640K->6272K(48640K)] 119059K->76691K(159744K), 0.0018430 secs] [Times: user=0.02 sys=0.00, real=0.00 secs] 
119.066: Total time for which application threads were stopped: 0.0041250 seconds, Stopping threads took: 0.0022010 seconds
119.104: Application time: 0.0379190 seconds
119.105: [GC [PSYoungGen: 48256K->6656K(48640K)] 118675K->77091K(159744K), 0.0020360 secs] [Times: user=0.02 sys=0.00, real=0.00 secs] 
119.107: Total time for which application threads were stopped: 0.0034440 seconds, Stopping threads took: 0.0013290 seconds
119.146: Application time: 0.0383830 seconds
119.146: [GC [PSYoungGen: 48640K->4992K(48640K)] 119075K->75427K(159744K), 0.0016670 secs] [Times: user=0.01 sys=0.00, real=0.00 secs] 
119.148: Total time for which application threads were stopped: 0.0024730 seconds, Stopping threads took: 0.0007310 seconds
119.185: Application time: 0.0370920 seconds
119.187: [GC [PSYoungGen: 46976K->6640K(48640K)] 117411K->77843K(159744K), 0.0022490 secs] [Times: user=0.02 sys=0.00, real=0.00 secs] 
119.189: Total time for which application threads were stopped: 0.0038710 seconds, Stopping threads took: 0.0015380 seconds
119.228: Application time: 0.0386290 seconds
119.229: [GC [PSYoungGen: 48624K->5440K(48640K)] 119827K->76643K(159744K), 0.0018320 secs] [Times: user=0.01 sys=0.00, real=0.00 secs] 
119.231: Total time for which application threads were stopped: 0.0028280 seconds, Stopping threads took: 0.0009240 seconds
119.269: Application time: 0.0385410 seconds
119.270: [GC [PSYoungGen: 47424K->5280K(48640K)] 118627K->76491K(159744K), 0.0017030 secs] [Times: user=0.01 sys=0.00, real=0.01 secs] 
119.272: Total time for which application threads were stopped: 0.0029380 seconds, Stopping threads took: 0.0011620 seconds
119.309: Application time: 0.0371990 seconds
119.311: [GC [PSYoungGen: 47264K->6640K(48640K)] 118475K->78195K(159744K), 0.0021600 secs] [Times: user=0.02 sys=0.00, real=0.01 secs] 
119.313: Total time for which application threads were stopped: 0.0036100 seconds, Stopping threads took: 0.0013700 seconds
119.350: Application time: 0.0372690 seconds
119.353: [GC [PSYoungGen: 48624K->6640K(48640K)] 120179K->78427K(159744K), 0.0020320 secs] [Times: user=0.02 sys=0.00, real=0.00 secs] 
119.355: Total time for which application threads were stopped: 0.0049210 seconds, Stopping threads took: 0.0028110 seconds
119.392: Application time: 0.0368650 seconds
119.394: [GC [PSYoungGen: 48624K->6624K(48640K)] 120411K->78427K(159744K), 0.0023100 secs] [Times: user=0.02 sys=0.00, real=0.00 secs] 
119.396: Total time for which application threads were stopped: 0.0045090 seconds, Stopping threads took: 0.0020910 seconds
119.434: Application time: 0.0377990 seconds
119.437: [GC [PSYoungGen: 48608K->5648K(48640K)] 120411K->77459K(159744K), 0.0018610 secs] [Times: user=0.01 sys=0.00, real=0.00 secs] 
119.439: Total time for which application threads were stopped: 0.0045240 seconds, Stopping threads took: 0.0025830 seconds
119.476: Application time: 0.0374750 seconds
119.478: [GC [PSYoungGen: 47632K->6640K(48640K)] 119443K->78787K(159744K), 0.0026310 secs] [Times: user=0.01 sys=0.00, real=0.00 secs] 
119.481: Total time for which application threads were stopped: 0.0046460 seconds, Stopping threads took: 0.0019370 seconds
119.518: Application time: 0.0369690 seconds
119.520: [GC [PSYoungGen: 48624K->6656K(48640K)] 120771K->79355K(159744K), 0.0023010 secs] [Times: user=0.02 sys=0.00, real=0.00 secs] 
119.522: Total time for which application threads were stopped: 0.0040330 seconds, Stopping threads took: 0.0016280 seconds
119.558: Application time: 0.0366100 seconds
119.561: [GC [PSYoungGen: 48640K->6656K(48640K)] 121339K->80291K(159744K), 0.0023110 secs] [Times: user=0.01 sys=0.00, real=0.01 secs] 
119.564: Total time for which application threads were stopped: 0.0050440 seconds, Stopping threads took: 0.0026410 seconds
119.601: Application time: 0.0379110 seconds
119.603: [GC [PSYoungGen: 48640K->6656K(48640K)] 122275K->80875K(159744K), 0.0021680 secs] [Times: user=0.02 sys=0.00, real=0.00 secs] 
119.605: Total time for which application threads were stopped: 0.0039950 seconds, Stopping threads took: 0.0017510 seconds
119.645: Application time: 0.0391840 seconds
119.646: [GC [PSYoungGen: 48640K->6656K(48640K)] 122859K->82291K(159744K), 0.0025770 secs] [Times: user=0.02 sys=0.00, real=0.00 secs] 
119.649: Total time for which application threads were stopped: 0.0040800 seconds, Stopping threads took: 0.0014180 seconds
119.686: Application time: 0.0375690 seconds
119.688: [GC [PSYoungGen: 48640K->6656K(48640K)] 124275K->83071K(159744K), 0.0022060 secs] [Times: user=0.01 sys=0.00, real=0.00 secs] 
119.690: Total time for which application threads were stopped: 0.0040560 seconds, Stopping threads took: 0.0017650 seconds
119.730: Application time: 0.0394960 seconds
119.731: [GC [PSYoungGen: 48640K->5024K(48640K)] 125055K->81439K(159744K), 0.0015840 secs] [Times: user=0.01 sys=0.00, real=0.01 secs] 
119.732: Total time for which application threads were stopped: 0.0026280 seconds, Stopping threads took: 0.0009670 seconds
119.772: Application time: 0.0395850 seconds
119.773: [GC [PSYoungGen: 47008K->6288K(48640K)] 123423K->82703K(159744K), 0.0018710 secs] [Times: user=0.02 sys=0.00, real=0.00 secs] 
119.775: Total time for which application threads were stopped: 0.0028760 seconds, Stopping threads took: 0.0009300 seconds
119.814: Application time: 0.0386230 seconds
119.815: [GC [PSYoungGen: 48272K->6240K(48640K)] 124687K->82655K(159744K), 0.0020410 secs] [Times: user=0.01 sys=0.00, real=0.00 secs] 
119.817: Total time for which application threads were stopped: 0.0037600 seconds, Stopping threads took: 0.0016440 seconds
119.853: Application time: 0.0357350 seconds
119.856: [GC [PSYoungGen: 48224K->6640K(48640K)] 124639K->84375K(159744K), 0.0025660 secs] [Times: user=0.02 sys=0.00, real=0.00 secs] 
119.858: Total time for which application threads were stopped: 0.0051140 seconds, Stopping threads took: 0.0024610 seconds
119.897: Application time: 0.0383980 seconds
119.898: [GC [PSYoungGen: 48622K->4368K(48640K)] 126357K->82111K(159744K), 0.0013710 secs] [Times: user=0.01 sys=0.00, real=0.00 secs] 
119.900: Total time for which application threads were stopped: 0.0030320 seconds, Stopping threads took: 0.0015710 seconds
119.937: Application time: 0.0378270 seconds
119.939: [GC [PSYoungGen: 46352K->6656K(48640K)] 124095K->85415K(159744K), 0.0103210 secs] [Times: user=0.07 sys=0.00, real=0.01 secs] 
119.949: Total time for which application threads were stopped: 0.0119560 seconds, Stopping threads took: 0.0015630 seconds
119.988: Application time: 0.0382430 seconds
119.990: [GC [PSYoungGen: 48640K->6320K(48640K)] 127399K->85079K(159744K), 0.0020210 secs] [Times: user=0.02 sys=0.00, real=0.01 secs] 
119.992: Total time for which application threads were stopped: 0.0043620 seconds, Stopping threads took: 0.0022600 seconds
120.030: Application time: 0.0378840 seconds
120.031: [GC [PSYoungGen: 48304K->6640K(48640K)] 127063K->85999K(159744K), 0.0022500 secs] [Times: user=0.01 sys=0.00, real=0.00 secs] 
120.033: Total time for which application threads were stopped: 0.0035400 seconds, Stopping threads took: 0.0012020 seconds
120.071: Application time: 0.0377960 seconds
120.073: [GC [PSYoungGen: 48624K->5536K(48640K)] 127983K->84903K(159744K), 0.0017010 secs] [Times: user=0.01 sys=0.00, real=0.00 secs] 
120.075: Total time for which application threads were stopped: 0.0032560 seconds, Stopping threads took: 0.0014660 seconds
120.114: Application time: 0.0390880 seconds
120.115: [GC [PSYoungGen: 47520K->5952K(48640K)] 126887K->85327K(159744K), 0.0018810 secs] [Times: user=0.01 sys=0.00, real=0.00 secs] 
120.117: Total time for which application threads were stopped: 0.0029110 seconds, Stopping threads took: 0.0009550 seconds
120.156: Application time: 0.0390920 seconds
120.156: [GC [PSYoungGen: 47936K->4032K(48640K)] 127311K->83415K(159744K), 0.0013840 secs] [Times: user=0.01 sys=0.00, real=0.00 secs] 
120.158: Total time for which application threads were stopped: 0.0021080 seconds, Stopping threads took: 0.0006530 seconds
120.196: Application time: 0.0386680 seconds
120.198: [GC [PSYoungGen: 46016K->5440K(48640K)] 125399K->84823K(159744K), 0.0017360 secs] [Times: user=0.00 sys=0.00, real=0.00 secs] 
120.199: Total time for which application threads were stopped: 0.0030770 seconds, Stopping threads took: 0.0012680 seconds
120.238: Application time: 0.0388040 seconds
120.240: [GC [PSYoungGen: 47424K->5792K(48640K)] 126807K->85175K(159744K), 0.0017960 secs] [Times: user=0.01 sys=0.00, real=0.00 secs] 
120.242: Total time for which application threads were stopped: 0.0038630 seconds, Stopping threads took: 0.0019930 seconds
120.281: Application time: 0.0383880 seconds
120.282: [GC [PSYoungGen: 47776K->6640K(48640K)] 127159K->86295K(159744K), 0.0020720 secs] [Times: user=0.02 sys=0.00, real=0.01 secs] 
120.284: Total time for which application threads were stopped: 0.0035590 seconds, Stopping threads took: 0.0014060 seconds
120.322: Application time: 0.0375170 seconds
120.323: [GC [PSYoungGen: 48624K->6656K(48640K)] 128279K->86951K(159744K), 0.0022840 secs] [Times: user=0.02 sys=0.00, real=0.01 secs] 
120.325: Total time for which application threads were stopped: 0.0038250 seconds, Stopping threads took: 0.0014560 seconds
120.363: Application time: 0.0380370 seconds
120.366: [GC [PSYoungGen: 48640K->6656K(48640K)] 128935K->87367K(159744K), 0.0021690 secs] [Times: user=0.02 sys=0.00, real=0.00 secs] 
120.368: Total time for which application threads were stopped: 0.0044740 seconds, Stopping threads took: 0.0022210 seconds
120.405: Application time: 0.0374910 seconds
120.407: [GC [PSYoungGen: 48640K->6624K(48640K)] 129351K->88127K(159744K), 0.0022450 secs] [Times: user=0.02 sys=0.00, real=0.00 secs] 
120.410: Total time for which application threads were stopped: 0.0041040 seconds, Stopping threads took: 0.0017760 seconds
120.447: Application time: 0.0370830 seconds
120.448: [GC [PSYoungGen: 48608K->6656K(48640K)] 130111K->89087K(159744K), 0.0023380 secs] [Times: user=0.01 sys=0.01, real=0.00 secs] 
120.450: Total time for which application threads were stopped: 0.0038690 seconds, Stopping threads took: 0.0014500 seconds
120.487: Application time: 0.0367960 seconds
120.489: [GC [PSYoungGen: 48640K->6656K(48640K)] 131071K->90055K(159744K), 0.0023020 secs] [Times: user=0.01 sys=0.00, real=0.01 secs] 
120.492: Total time for which application threads were stopped: 0.0043440 seconds, Stopping threads took: 0.0019600 seconds
120.528: Application time: 0.0368600 seconds
120.531: [GC [PSYoungGen: 48640K->6656K(48640K)] 132039K->90343K(159744K), 0.0020790 secs] [Times: user=0.01 sys=0.00, real=0.01 secs] 
120.533: Total time for which application threads were stopped: 0.0044160 seconds, Stopping threads took: 0.0022440 seconds
120.570: Application time: 0.0371990 seconds
120.572: [GC [PSYoungGen: 48640K->6656K(48640K)] 132327K->90911K(159744K), 0.0022880 secs] [Times: user=0.01 sys=0.00, real=0.00 secs] 
120.574: Total time for which application threads were stopped: 0.0041580 seconds, Stopping threads took: 0.0017890 seconds
120.613: Application time: 0.0388850 seconds
120.615: [GC [PSYoungGen: 48640K->6624K(48640K)] 132895K->90887K(159744K), 0.0020210 secs] [Times: user=0.02 sys=0.00, real=0.00 secs] 
120.617: Total time for which application threads were stopped: 0.0042020 seconds, Stopping threads took: 0.0020900 seconds
120.654: Application time: 0.0368310 seconds
120.656: [GC [PSYoungGen: 48608K->6592K(48640K)] 132871K->90855K(159744K), 0.0019970 secs] [Times: user=0.02 sys=0.00, real=0.00 secs] 
120.658: Total time for which application threads were stopped: 0.0040480 seconds, Stopping threads took: 0.0019730 seconds
120.695: Application time: 0.0367380 seconds
120.696: [GC [PSYoungGen: 48576K->6656K(48640K)] 132839K->91647K(159744K), 0.0022670 secs] [Times: user=0.02 sys=0.00, real=0.00 secs] 
120.698: Total time for which application threads were stopped: 0.0033050 seconds, Stopping threads took: 0.0009600 seconds
120.736: Application time: 0.0372140 seconds
120.737: [GC [PSYoungGen: 48640K->6656K(48640K)] 133631K->92119K(159744K), 0.0022320 secs] [Times: user=0.02 sys=0.00, real=0.00 secs] 
120.740: Total time for which application threads were stopped: 0.0040920 seconds, Stopping threads took: 0.0017760 seconds
120.778: Application time: 0.0382630 seconds
120.780: [GC [PSYoungGen: 48640K->6656K(48640K)] 134103K->92383K(159744K), 0.0021350 secs] [Times: user=0.01 sys=0.01, real=0.00 secs] 
120.782: Total time for which application threads were stopped: 0.0041000 seconds, Stopping threads took: 0.0018840 seconds
120.820: Application time: 0.0379960 seconds
120.821: [GC [PSYoungGen: 48640K->6640K(48640K)] 134367K->92383K(159744K), 0.0020740 secs] [Times: user=0.01 sys=0.00, real=0.01 secs] 
120.823: Total time for which application threads were stopped: 0.0034510 seconds, Stopping threads took: 0.0012970 seconds
120.862: Application time: 0.0386470 seconds
120.863: [GC [PSYoungGen: 48624K->6208K(48640K)] 134367K->91951K(159744K), 0.0020620 secs] [Times: user=0.01 sys=0.00, real=0.01 secs] 
120.865: Total time for which application threads were stopped: 0.0031180 seconds, Stopping threads took: 0.0009790 seconds
120.903: Application time: 0.0373130 seconds
120.904: [GC [PSYoungGen: 48192K->6480K(48640K)] 133935K->92231K(159744K), 0.0019850 secs] [Times: user=0.01 sys=0.00, real=0.00 secs] 
120.906: Total time for which application threads were stopped: 0.0037510 seconds, Stopping threads took: 0.0016920 seconds
120.942: Application time: 0.0361700 seconds
120.944: [GC [PSYoungGen: 48464K->6656K(48640K)] 134215K->92927K(159744K), 0.0023270 secs] [Times: user=0.02 sys=0.00, real=0.00 secs] 
120.946: Total time for which application threads were stopped: 0.0040520 seconds, Stopping threads took: 0.0016450 seconds
120.984: Application time: 0.0370750 seconds
120.985: [GC [PSYoungGen: 48640K->6624K(48640K)] 134911K->92903K(159744K), 0.0020260 secs] [Times: user=0.02 sys=0.00, real=0.00 secs] 
120.988: Total time for which application threads were stopped: 0.0039980 seconds, Stopping threads took: 0.0018940 seconds
121.026: Application time: 0.0388200 seconds
121.029: [GC [PSYoungGen: 48608K->5888K(48640K)] 134887K->92175K(159744K), 0.0017550 secs] [Times: user=0.01 sys=0.00, real=0.00 secs] 
121.031: Total time for which application threads were stopped: 0.0047170 seconds, Stopping threads took: 0.0028880 seconds
121.069: Application time: 0.0379270 seconds
121.072: [GC [PSYoungGen: 47872K->6432K(48640K)] 134159K->92719K(159744K), 0.0020200 secs] [Times: user=0.02 sys=0.00, real=0.00 secs] 
121.074: Total time for which application threads were stopped: 0.0045410 seconds, Stopping threads took: 0.0024370 seconds
121.111: Application time: 0.0374710 seconds
121.113: [GC [PSYoungGen: 48416K->5936K(48640K)] 134703K->92231K(159744K), 0.0017950 secs] [Times: user=0.01 sys=0.00, real=0.00 secs] 
121.115: Total time for which application threads were stopped: 0.0035100 seconds, Stopping threads took: 0.0016390 seconds
121.151: Application time: 0.0368700 seconds
121.153: [GC [PSYoungGen: 47920K->6624K(48640K)] 134215K->94416K(159744K), 0.0023640 secs] [Times: user=0.01 sys=0.00, real=0.00 secs] 
121.155: Total time for which application threads were stopped: 0.0040550 seconds, Stopping threads took: 0.0016050 seconds
121.193: Application time: 0.0371110 seconds
121.194: [GC [PSYoungGen: 48608K->6624K(48640K)] 136400K->95224K(159744K), 0.0022620 secs] [Times: user=0.02 sys=0.00, real=0.00 secs] 
121.196: Total time for which application threads were stopped: 0.0038810 seconds, Stopping threads took: 0.0015380 seconds
121.234: Application time: 0.0378770 seconds
121.237: [GC [PSYoungGen: 48608K->6624K(48640K)] 137208K->95352K(159744K), 0.0021270 secs] [Times: user=0.02 sys=0.00, real=0.00 secs] 
121.239: Total time for which application threads were stopped: 0.0044430 seconds, Stopping threads took: 0.0022350 seconds
121.276: Application time: 0.0374660 seconds
121.277: [GC [PSYoungGen: 48608K->6192K(48640K)] 137336K->94919K(159744K), 0.0018570 secs] [Times: user=0.01 sys=0.00, real=0.00 secs] 
121.279: Total time for which application threads were stopped: 0.0029540 seconds, Stopping threads took: 0.0010190 seconds
121.317: Application time: 0.0381260 seconds
121.319: [GC [PSYoungGen: 48176K->6640K(48640K)] 136903K->96056K(159744K), 0.0022510 secs] [Times: user=0.02 sys=0.00, real=0.00 secs] 
121.321: Total time for which application threads were stopped: 0.0039950 seconds, Stopping threads took: 0.0016570 seconds
121.362: Application time: 0.0406370 seconds
121.364: [GC [PSYoungGen: 48624K->6288K(48640K)] 138040K->95704K(159744K), 0.0020400 secs] [Times: user=0.01 sys=0.00, real=0.00 secs] 
121.366: Total time for which application threads were stopped: 0.0039840 seconds, Stopping threads took: 0.0018430 seconds
121.405: Application time: 0.0394990 seconds
121.407: [GC [PSYoungGen: 48272K->6640K(48640K)] 137688K->96560K(159744K), 0.0023080 secs] [Times: user=0.01 sys=0.00, real=0.00 secs] 
121.409: Total time for which application threads were stopped: 0.0039850 seconds, Stopping threads took: 0.0015930 seconds
121.449: Application time: 0.0392110 seconds
121.450: [GC [PSYoungGen: 48624K->6640K(48640K)] 138544K->97312K(159744K), 0.0105790 secs] [Times: user=0.08 sys=0.00, real=0.01 secs] 
121.461: Total time for which application threads were stopped: 0.0122470 seconds, Stopping threads took: 0.0015930 seconds
121.500: Application time: 0.0393810 seconds
121.503: [GC [PSYoungGen: 48624K->6656K(48640K)] 139296K->98396K(159744K), 0.0023760 secs] [Times: user=0.02 sys=0.00, real=0.01 secs] 
121.505: Total time for which application threads were stopped: 0.0049500 seconds, Stopping threads took: 0.0024900 seconds
121.546: Application time: 0.0406570 seconds
121.547: [GC [PSYoungGen: 48640K->6112K(48640K)] 140380K->97852K(159744K), 0.0019620 secs] [Times: user=0.01 sys=0.00, real=0.00 secs] 
121.549: Total time for which application threads were stopped: 0.0033690 seconds, Stopping threads took: 0.0013070 seconds
121.590: Application time: 0.0411430 seconds
121.593: [GC [PSYoungGen: 48096K->3984K(48640K)] 139836K->95740K(159744K), 0.0014290 secs] [Times: user=0.01 sys=0.00, real=0.00 secs] 
121.594: Total time for which application threads were stopped: 0.0038190 seconds, Stopping threads took: 0.0023190 seconds
121.635: Application time: 0.0405390 seconds
121.638: [GC [PSYoungGen: 45968K->6624K(48640K)] 137724K->98508K(159744K), 0.0022780 secs] [Times: user=0.02 sys=0.00, real=0.00 secs] 
121.640: Total time for which application threads were stopped: 0.0052210 seconds, Stopping threads took: 0.0028580 seconds
121.680: Application time: 0.0403480 seconds
121.682: [GC [PSYoungGen: 48608K->6640K(48640K)] 140492K->98580K(159744K), 0.0021940 secs] [Times: user=0.01 sys=0.00, real=0.01 secs] 
121.685: Total time for which application threads were stopped: 0.0041980 seconds, Stopping threads took: 0.0018920 seconds
121.724: Application time: 0.0397730 seconds
121.726: [GC [PSYoungGen: 48624K->6624K(48640K)] 140564K->98596K(159744K), 0.0023110 secs] [Times: user=0.01 sys=0.00, real=0.00 secs] 
121.729: Total time for which application threads were stopped: 0.0044540 seconds, Stopping threads took: 0.0020380 seconds
121.769: Application time: 0.0404130 seconds
121.771: [GC [PSYoungGen: 48608K->5968K(48640K)] 140580K->97940K(159744K), 0.0019650 secs] [Times: user=0.01 sys=0.00, real=0.01 secs] 
121.773: Total time for which application threads were stopped: 0.0035940 seconds, Stopping threads took: 0.0015260 seconds
121.813: Application time: 0.0397280 seconds
121.815: [GC [PSYoungGen: 47952K->6416K(48640K)] 139924K->98388K(159744K), 0.0021080 secs] [Times: user=0.01 sys=0.00, real=0.00 secs] 
121.817: Total time for which application threads were stopped: 0.0045130 seconds, Stopping threads took: 0.0023230 seconds
121.857: Application time: 0.0400240 seconds
121.859: [GC [PSYoungGen: 48400K->6640K(48640K)] 140372K->98676K(159744K), 0.0021270 secs] [Times: user=0.01 sys=0.00, real=0.00 secs] 
121.861: Total time for which application threads were stopped: 0.0043040 seconds, Stopping threads took: 0.0020930 seconds
121.903: Application time: 0.0417700 seconds
121.905: [GC [PSYoungGen: 48624K->6640K(48640K)] 140660K->99436K(159744K), 0.0022640 secs] [Times: user=0.01 sys=0.00, real=0.00 secs] 
121.907: Total time for which application threads were stopped: 0.0042180 seconds, Stopping threads took: 0.0018640 seconds
121.948: Application time: 0.0401960 seconds
121.949: [GC [PSYoungGen: 48624K->6656K(48640K)] 141420K->99908K(159744K), 0.0022060 secs] [Times: user=0.01 sys=0.00, real=0.01 secs] 
121.951: Total time for which application threads were stopped: 0.0036460 seconds, Stopping threads took: 0.0013540 seconds
121.991: Application time: 0.0398630 seconds
121.992: [GC [PSYoungGen: 48640K->5808K(48640K)] 141892K->99068K(159744K), 0.0018540 secs] [Times: user=0.01 sys=0.00, real=0.00 secs] 
121.994: Total time for which application threads were stopped: 0.0028990 seconds, Stopping threads took: 0.0009680 seconds
122.035: Application time: 0.0410700 seconds
122.037: [GC [PSYoungGen: 47792K->5568K(48640K)] 141052K->98828K(159744K), 0.0017890 secs] [Times: user=0.01 sys=0.00, real=0.00 secs] 
122.039: Total time for which application threads were stopped: 0.0037810 seconds, Stopping threads took: 0.0019130 seconds
122.080: Application time: 0.0408480 seconds
122.082: [GC [PSYoungGen: 47552K->5376K(48640K)] 140812K->98636K(159744K), 0.0016700 secs] [Times: user=0.00 sys=0.01, real=0.01 secs] 
122.083: Total time for which application threads were stopped: 0.0037780 seconds, Stopping threads took: 0.0020300 seconds
122.125: Application time: 0.0419370 seconds
122.127: [GC [PSYoungGen: 47360K->5728K(48640K)] 140620K->99004K(159744K), 0.0018240 secs] [Times: user=0.01 sys=0.00, real=0.00 secs] 
122.129: Total time for which application threads were stopped: 0.0034540 seconds, Stopping threads took: 0.0015500 seconds
122.168: Application time: 0.0391660 seconds
122.170: [GC [PSYoungGen: 47712K->6640K(48640K)] 140988K->101448K(159744K), 0.0026450 secs] [Times: user=0.02 sys=0.00, real=0.01 secs] 
122.173: Total time for which application threads were stopped: 0.0050540 seconds, Stopping threads took: 0.0023170 seconds
122.213: Application time: 0.0399170 seconds
122.215: [GC [PSYoungGen: 48624K->6656K(48640K)] 143432K->101504K(159744K), 0.0021770 secs] [Times: user=0.02 sys=0.00, real=0.00 secs] 
122.217: Total time for which application threads were stopped: 0.0037770 seconds, Stopping threads took: 0.0015070 seconds
122.258: Application time: 0.0408120 seconds
122.259: [GC [PSYoungGen: 48640K->5744K(48640K)] 143488K->100608K(159744K), 0.0018050 secs] [Times: user=0.01 sys=0.00, real=0.00 secs] 
122.261: Total time for which application threads were stopped: 0.0032550 seconds, Stopping threads took: 0.0013720 seconds
122.303: Application time: 0.0419660 seconds
122.305: [GC [PSYoungGen: 47728K->4512K(48640K)] 142592K->99376K(159744K), 0.0014820 secs] [Times: user=0.01 sys=0.00, real=0.00 secs] 
122.306: Total time for which application threads were stopped: 0.0034920 seconds, Stopping threads took: 0.0019350 seconds
122.347: Application time: 0.0410040 seconds
122.349: [GC [PSYoungGen: 46496K->6416K(48640K)] 141360K->101280K(159744K), 0.0019780 secs] [Times: user=0.02 sys=0.00, real=0.00 secs] 
122.351: Total time for which application threads were stopped: 0.0036840 seconds, Stopping threads took: 0.0016260 seconds
122.391: Application time: 0.0402450 seconds
122.393: [GC [PSYoungGen: 48400K->6640K(48640K)] 143264K->101944K(159744K), 0.0022640 secs] [Times: user=0.02 sys=0.00, real=0.00 secs] 
122.395: Total time for which application threads were stopped: 0.0037590 seconds, Stopping threads took: 0.0014090 seconds
122.435: Application time: 0.0401910 seconds
122.437: [GC [PSYoungGen: 48624K->5056K(48640K)] 143928K->100368K(159744K), 0.0016670 secs] [Times: user=0.01 sys=0.00, real=0.00 secs] 
122.439: Total time for which application threads were stopped: 0.0034690 seconds, Stopping threads took: 0.0017260 seconds
122.480: Application time: 0.0417430 seconds
122.482: [GC [PSYoungGen: 47040K->6640K(48640K)] 142352K->102536K(159744K), 0.0023330 secs] [Times: user=0.02 sys=0.00, real=0.01 secs] 
122.484: Total time for which application threads were stopped: 0.0037290 seconds, Stopping threads took: 0.0012910 seconds
122.524: Application time: 0.0396410 seconds
122.527: [GC [PSYoungGen: 48624K->6512K(48640K)] 144520K->102424K(159744K), 0.0020290 secs] [Times: user=0.02 sys=0.00, real=0.00 secs] 
122.529: Total time for which application threads were stopped: 0.0054770 seconds, Stopping threads took: 0.0033660 seconds
122.570: Application time: 0.0407080 seconds
122.571: [GC [PSYoungGen: 48496K->6464K(48640K)] 144408K->102384K(159744K), 0.0019900 secs] [Times: user=0.01 sys=0.00, real=0.01 secs] 
122.573: Total time for which application threads were stopped: 0.0031200 seconds, Stopping threads took: 0.0010500 seconds
122.612: Application time: 0.0387100 seconds
122.614: [GC [PSYoungGen: 48448K->5264K(48640K)] 144368K->101184K(159744K), 0.0017490 secs] [Times: user=0.01 sys=0.00, real=0.00 secs] 
122.615: Total time for which application threads were stopped: 0.0034490 seconds, Stopping threads took: 0.0016230 seconds
122.656: Application time: 0.0407840 seconds
122.658: [GC [PSYoungGen: 47248K->6624K(48640K)] 143168K->102552K(159744K), 0.0020610 secs] [Times: user=0.02 sys=0.00, real=0.00 secs] 
122.660: Total time for which application threads were stopped: 0.0039190 seconds, Stopping threads took: 0.0017780 seconds
122.701: Application time: 0.0409460 seconds
122.702: [GC [PSYoungGen: 48608K->6496K(48640K)] 144536K->102440K(159744K), 0.0020340 secs] [Times: user=0.01 sys=0.00, real=0.01 secs] 
122.704: Total time for which application threads were stopped: 0.0033950 seconds, Stopping threads took: 0.0012790 seconds
122.745: Application time: 0.0408870 seconds
122.747: [GC [PSYoungGen: 48480K->6640K(48640K)] 144424K->102664K(159744K), 0.0022680 secs] [Times: user=0.01 sys=0.00, real=0.00 secs] 
122.749: Total time for which application threads were stopped: 0.0038850 seconds, Stopping threads took: 0.0015060 seconds
122.789: Application time: 0.0395960 seconds
122.790: [GC [PSYoungGen: 48624K->5696K(48640K)] 144648K->101728K(159744K), 0.0018590 secs] [Times: user=0.02 sys=0.00, real=0.01 secs] 
122.792: Total time for which application threads were stopped: 0.0035590 seconds, Stopping threads took: 0.0016220 seconds
122.833: Application time: 0.0406430 seconds
122.835: [GC [PSYoungGen: 47680K->5952K(48640K)] 143712K->101992K(159744K), 0.0019470 secs] [Times: user=0.01 sys=0.00, real=0.00 secs] 
122.837: Total time for which application threads were stopped: 0.0041500 seconds, Stopping threads took: 0.0021220 seconds
122.877: Application time: 0.0399130 seconds
122.879: [GC [PSYoungGen: 47936K->6640K(48640K)] 143976K->102920K(159744K), 0.0021880 secs] [Times: user=0.02 sys=0.00, real=0.00 secs] 
122.882: Total time for which application threads were stopped: 0.0045810 seconds, Stopping threads took: 0.0023080 seconds
122.922: Application time: 0.0402440 seconds
122.923: [GC [PSYoungGen: 48622K->6640K(48640K)] 144902K->103352K(159744K), 0.0023090 secs] [Times: user=0.02 sys=0.00, real=0.01 secs] 
122.925: Total time for which application threads were stopped: 0.0033680 seconds, Stopping threads took: 0.0009750 seconds
122.966: Application time: 0.0406450 seconds
122.968: [GC [PSYoungGen: 48624K->6624K(48640K)] 145336K->103980K(159744K), 0.0023610 secs] [Times: user=0.01 sys=0.00, real=0.00 secs] 
122.971: Total time for which application threads were stopped: 0.0050120 seconds, Stopping threads took: 0.0025720 seconds
123.010: Application time: 0.0390860 seconds
123.013: [GC [PSYoungGen: 48608K->6624K(48640K)] 145964K->105028K(159744K), 0.0023570 secs] [Times: user=0.02 sys=0.00, real=0.00 secs] 
123.015: Total time for which application threads were stopped: 0.0051590 seconds, Stopping threads took: 0.0027050 seconds
123.054: Application time: 0.0388850 seconds
123.057: [GC [PSYoungGen: 48608K->6656K(48640K)] 147012K->106548K(159744K), 0.0026360 secs] [Times: user=0.02 sys=0.00, real=0.00 secs] 
123.059: Total time for which application threads were stopped: 0.0053060 seconds, Stopping threads took: 0.0025840 seconds
123.100: Application time: 0.0408510 seconds
123.101: [GC [PSYoungGen: 48640K->6496K(48640K)] 148532K->106388K(159744K), 0.0020970 secs] [Times: user=0.02 sys=0.00, real=0.01 secs] 
123.103: Total time for which application threads were stopped: 0.0033110 seconds, Stopping threads took: 0.0011330 seconds
123.143: Application time: 0.0397880 seconds
123.145: [GC [PSYoungGen: 48480K->6320K(48640K)] 148372K->106212K(159744K), 0.0019920 secs] [Times: user=0.02 sys=0.00, real=0.00 secs] 
123.147: Total time for which application threads were stopped: 0.0040160 seconds, Stopping threads took: 0.0019410 seconds
123.186: Application time: 0.0389480 seconds
123.188: [GC [PSYoungGen: 48304K->6640K(48640K)] 148196K->106996K(159744K), 0.0022380 secs] [Times: user=0.01 sys=0.00, real=0.00 secs] 
123.190: Total time for which application threads were stopped: 0.0041330 seconds, Stopping threads took: 0.0018130 seconds
123.231: Application time: 0.0404990 seconds
123.233: [GC [PSYoungGen: 48624K->6400K(48640K)] 148980K->106764K(159744K), 0.0019890 secs] [Times: user=0.02 sys=0.00, real=0.00 secs] 
123.235: Total time for which application threads were stopped: 0.0040490 seconds, Stopping threads took: 0.0019780 seconds
123.276: Application time: 0.0407700 seconds
123.277: [GC [PSYoungGen: 48384K->6240K(48640K)] 148748K->106612K(159744K), 0.0020390 secs] [Times: user=0.01 sys=0.00, real=0.00 secs] 
123.279: Total time for which application threads were stopped: 0.0033330 seconds, Stopping threads took: 0.0012070 seconds
123.320: Application time: 0.0409350 seconds
123.322: [GC [PSYoungGen: 48224K->6640K(48640K)] 148596K->107340K(159744K), 0.0021680 secs] [Times: user=0.02 sys=0.00, real=0.01 secs] 
123.324: Total time for which application threads were stopped: 0.0039440 seconds, Stopping threads took: 0.0016950 seconds
123.364: Application time: 0.0400620 seconds
123.366: [GC [PSYoungGen: 48624K->6656K(48640K)] 149324K->108188K(159744K), 0.0023120 secs] [Times: user=0.01 sys=0.00, real=0.00 secs] 
123.368: Total time for which application threads were stopped: 0.0044740 seconds, Stopping threads took: 0.0020760 seconds
123.410: Application time: 0.0412830 seconds
123.411: [GC [PSYoungGen: 48640K->6656K(48640K)] 150172K->108972K(159744K), 0.0023200 secs] [Times: user=0.01 sys=0.00, real=0.01 secs] 
123.413: Total time for which application threads were stopped: 0.0032710 seconds, Stopping threads took: 0.0008700 seconds
123.454: Application time: 0.0408190 seconds
123.455: [GC [PSYoungGen: 48640K->6400K(48640K)] 150956K->108716K(159744K), 0.0020170 secs] [Times: user=0.02 sys=0.00, real=0.00 secs] 
123.457: Total time for which application threads were stopped: 0.0032230 seconds, Stopping threads took: 0.0011130 seconds
123.496: Application time: 0.0394280 seconds
123.498: [GC [PSYoungGen: 48384K->6640K(48640K)] 150700K->109004K(159744K), 0.0020670 secs] [Times: user=0.02 sys=0.00, real=0.00 secs] 
123.500: Total time for which application threads were stopped: 0.0038580 seconds, Stopping threads took: 0.0017020 seconds
123.541: Application time: 0.0406980 seconds
123.542: [GC [PSYoungGen: 48624K->5648K(48640K)] 150988K->108012K(159744K), 0.0018980 secs] [Times: user=0.01 sys=0.00, real=0.01 secs] 
123.544: Total time for which application threads were stopped: 0.0033400 seconds, Stopping threads took: 0.0013410 seconds
123.586: Application time: 0.0412720 seconds
123.588: [GC [PSYoungGen: 47632K->4976K(48640K)] 149996K->107348K(159744K), 0.0017980 secs] [Times: user=0.01 sys=0.00, real=0.00 secs] 
123.590: Total time for which application threads were stopped: 0.0039360 seconds, Stopping threads took: 0.0020630 seconds
123.629: Application time: 0.0395960 seconds
123.631: [GC [PSYoungGen: 46960K->6656K(48640K)] 149332K->110101K(159744K), 0.0023280 secs] [Times: user=0.02 sys=0.00, real=0.01 secs] 
123.633: Total time for which application threads were stopped: 0.0040590 seconds, Stopping threads took: 0.0016470 seconds
123.673: Application time: 0.0393690 seconds
123.674: [GC [PSYoungGen: 48640K->6656K(48640K)] 152085K->110429K(159744K), 0.0022230 secs] [Times: user=0.02 sys=0.00, real=0.00 secs] 
123.677: Total time for which application threads were stopped: 0.0041040 seconds, Stopping threads took: 0.0017960 seconds
123.718: Application time: 0.0409870 seconds
123.721: [GC [PSYoungGen: 48640K->6496K(48640K)] 152413K->110269K(159744K), 0.0020840 secs] [Times: user=0.02 sys=0.00, real=0.00 secs] 
123.723: Total time for which application threads were stopped: 0.0051410 seconds, Stopping threads took: 0.0029700 seconds
123.763: Application time: 0.0398820 seconds
123.764: [GC [PSYoungGen: 48480K->6624K(48640K)] 152253K->111029K(159744K), 0.0023210 secs] [Times: user=0.01 sys=0.00, real=0.00 secs] 
123.767: Total time for which application threads were stopped: 0.0038980 seconds, Stopping threads took: 0.0014940 seconds
123.808: Application time: 0.0409720 seconds
123.810: [GC [PSYoungGen: 48608K->6656K(48640K)] 153013K->111365K(159744K), 0.0021950 secs] [Times: user=0.02 sys=0.00, real=0.01 secs] 
123.812: Total time for which application threads were stopped: 0.0042120 seconds, Stopping threads took: 0.0019270 seconds
123.850: Application time: 0.0385930 seconds
123.853: [GC [PSYoungGen: 48640K->5280K(48640K)] 153349K->109989K(159744K), 0.0016440 secs] [Times: user=0.01 sys=0.00, real=0.00 secs] 
123.854: Total time for which application threads were stopped: 0.0040360 seconds, Stopping threads took: 0.0023120 seconds
123.894: Application time: 0.0394590 seconds
123.897: [GC [PSYoungGen: 47264K->5584K(48640K)] 151973K->110301K(159744K), 0.0018230 secs] [Times: user=0.02 sys=0.00, real=0.00 secs] 
123.899: Total time for which application threads were stopped: 0.0046440 seconds, Stopping threads took: 0.0027420 seconds
123.939: Application time: 0.0404140 seconds
123.939: [GC [PSYoungGen: 47566K->6080K(48640K)] 152283K->110805K(159744K), 0.0020040 secs] [Times: user=0.01 sys=0.00, real=0.00 secs] 
123.941: Total time for which application threads were stopped: 0.0024840 seconds, Stopping threads took: 0.0003950 seconds
123.981: Application time: 0.0394860 seconds
123.984: [GC [PSYoungGen: 48064K->6640K(48640K)] 152789K->111605K(159744K), 0.0021580 secs] [Times: user=0.01 sys=0.00, real=0.00 secs] 
123.986: Total time for which application threads were stopped: 0.0049570 seconds, Stopping threads took: 0.0027190 seconds
124.026: Application time: 0.0397760 seconds
124.027: [GC [PSYoungGen: 48624K->6000K(48640K)] 153589K->110965K(159744K), 0.0018420 secs] [Times: user=0.01 sys=0.00, real=0.00 secs] 
124.029: Total time for which application threads were stopped: 0.0036410 seconds, Stopping threads took: 0.0017250 seconds
124.069: Application time: 0.0401210 seconds
124.071: [GC [PSYoungGen: 47984K->6656K(48640K)] 152949K->113141K(159744K), 0.0025150 secs] [Times: user=0.02 sys=0.00, real=0.00 secs] 
124.074: Total time for which application threads were stopped: 0.0044350 seconds, Stopping threads took: 0.0018350 seconds
124.114: Application time: 0.0404890 seconds
124.116: [GC [PSYoungGen: 48640K->6400K(48640K)] 155125K->112885K(159744K), 0.0019950 secs] [Times: user=0.01 sys=0.00, real=0.00 secs] 
124.118: Total time for which application threads were stopped: 0.0036280 seconds, Stopping threads took: 0.0015420 seconds
124.158: Application time: 0.0403390 seconds
124.160: [GC [PSYoungGen: 48384K->5808K(48640K)] 154869K->112293K(159744K), 0.0019180 secs] [Times: user=0.01 sys=0.00, real=0.00 secs] 
124.162: Total time for which application threads were stopped: 0.0036700 seconds, Stopping threads took: 0.0016760 seconds
124.202: Application time: 0.0399390 seconds
124.205: [GC [PSYoungGen: 47792K->6208K(48640K)] 154277K->112701K(159744K), 0.0019730 secs] [Times: user=0.02 sys=0.00, real=0.00 secs] 
124.207: Total time for which application threads were stopped: 0.0049330 seconds, Stopping threads took: 0.0028600 seconds
124.248: Application time: 0.0414480 seconds
124.251: [GC [PSYoungGen: 48192K->5472K(48640K)] 154685K->111965K(159744K), 0.0017790 secs] [Times: user=0.02 sys=0.00, real=0.01 secs] 
124.253: Total time for which application threads were stopped: 0.0044400 seconds, Stopping threads took: 0.0025800 seconds
124.293: Application time: 0.0399880 seconds
124.295: [GC [PSYoungGen: 47456K->6656K(48640K)] 153949K->114165K(159744K), 0.0024320 secs] [Times: user=0.02 sys=0.00, real=0.00 secs] 
124.297: Total time for which application threads were stopped: 0.0042730 seconds, Stopping threads took: 0.0017530 seconds
124.337: Application time: 0.0403370 seconds
124.339: [GC [PSYoungGen: 48640K->6656K(48640K)] 156149K->114533K(159744K), 0.0021660 secs] [Times: user=0.02 sys=0.00, real=0.00 secs] 
124.342: Total time for which application threads were stopped: 0.0041500 seconds, Stopping threads took: 0.0018910 seconds
124.383: Application time: 0.0412350 seconds
124.385: [GC [PSYoungGen: 48640K->5504K(48640K)] 156517K->113389K(159744K), 0.0017650 secs] [Times: user=0.02 sys=0.00, real=0.00 secs] 
124.387: Total time for which application threads were stopped: 0.0037910 seconds, Stopping threads took: 0.0019530 seconds
124.425: Application time: 0.0383080 seconds
124.427: [GC [PSYoungGen: 47488K->6656K(48640K)] 155373K->115517K(159744K), 0.0023670 secs] [Times: user=0.02 sys=0.00, real=0.00 secs] 
124.429: Total time for which application threads were stopped: 0.0043640 seconds, Stopping threads took: 0.0019110 seconds
124.471: Application time: 0.0417090 seconds
124.472: [GC [PSYoungGen: 48640K->6112K(48640K)] 157501K->114973K(159744K), 0.0019300 secs] [Times: user=0.01 sys=0.00, real=0.00 secs] 
124.474: Total time for which application threads were stopped: 0.0032100 seconds, Stopping threads took: 0.0012040 seconds
124.516: Application time: 0.0418960 seconds
124.520: [GC [PSYoungGen: 48096K->6048K(48640K)] 156957K->114917K(159744K), 0.0020100 secs] [Times: user=0.02 sys=0.00, real=0.00 secs] 
124.522: Total time for which application threads were stopped: 0.0055390 seconds, Stopping threads took: 0.0034440 seconds
124.561: Application time: 0.0398180 seconds
124.564: [GC [PSYoungGen: 48032K->4912K(48640K)] 156901K->113781K(159744K), 0.0015910 secs] [Times: user=0.01 sys=0.00, real=0.00 secs] 
124.566: Total time for which application threads were stopped: 0.0045290 seconds, Stopping threads took: 0.0028630 seconds
124.606: Application time: 0.0399740 seconds
124.608: [GC [PSYoungGen: 46896K->6656K(48640K)] 155765K->115821K(159744K), 0.0021520 secs] [Times: user=0.02 sys=0.00, real=0.00 secs] 
124.610: Total time for which application threads were stopped: 0.0039450 seconds, Stopping threads took: 0.0017140 seconds
124.650: Application time: 0.0396060 seconds
124.653: [GC [PSYoungGen: 48640K->6656K(48640K)] 157805K->115893K(159744K), 0.0021340 secs] [Times: user=0.01 sys=0.00, real=0.00 secs] 
124.655: Total time for which application threads were stopped: 0.0052320 seconds, Stopping threads took: 0.0030160 seconds
124.693: Application time: 0.0385530 seconds
124.695: [GC [PSYoungGen: 48639K->6656K(48640K)] 157876K->116989K(159744K), 0.0025520 secs] [Times: user=0.01 sys=0.00, real=0.00 secs] 
124.698: [Full GC [PSYoungGen: 6656K->0K(48640K)] [ParOldGen: 110333K->10828K(111104K)] 116989K->10828K(159744K) [PSPermGen: 5148K->5148K(21504K)], 0.0070550 secs] [Times: user=0.03 sys=0.00, real=0.01 secs] 
124.705: Total time for which application threads were stopped: 0.0115670 seconds, Stopping threads took: 0.0018180 seconds
124.746: Application time: 0.0407640 seconds
124.748: [GC [PSYoungGen: 41984K->6528K(48640K)] 52812K->17356K(159744K), 0.0019010 secs] [Times: user=0.01 sys=0.00, real=0.00 secs] 
124.750: Total time for which application threads were stopped: 0.0043140 seconds, Stopping threads took: 0.0023280 seconds
124.789: Application time: 0.0391500 seconds
124.791: [GC [PSYoungGen: 48512K->6288K(48640K)] 59340K->17116K(159744K), 0.0020500 secs] [Times: user=0.01 sys=0.00, real=0.01 secs] 
124.793: Total time for which application threads were stopped: 0.0036930 seconds, Stopping threads took: 0.0015620 seconds
124.833: Application time: 0.0403800 seconds
124.835: [GC [PSYoungGen: 48272K->6656K(48640K)] 59100K->18284K(159744K), 0.0023020 secs] [Times: user=0.01 sys=0.00, real=0.00 secs] 
124.837: Total time for which application threads were stopped: 0.0040960 seconds, Stopping threads took: 0.0017100 seconds
124.877: Application time: 0.0396390 seconds
124.879: [GC [PSYoungGen: 48640K->6624K(48640K)] 60268K->18932K(159744K), 0.0021740 secs] [Times: user=0.02 sys=0.00, real=0.00 secs] 
124.881: Total time for which application threads were stopped: 0.0040370 seconds, Stopping threads took: 0.0017730 seconds
124.919: Application time: 0.0383370 seconds
124.922: [GC [PSYoungGen: 48606K->6656K(48640K)] 60915K->19940K(159744K), 0.0022970 secs] [Times: user=0.02 sys=0.00, real=0.01 secs] 
124.924: Total time for which application threads were stopped: 0.0047410 seconds, Stopping threads took: 0.0023560 seconds
124.964: Application time: 0.0396300 seconds
124.966: [GC [PSYoungGen: 48640K->6656K(48640K)] 61924K->21260K(159744K), 0.0024080 secs] [Times: user=0.02 sys=0.00, real=0.00 secs] 
124.968: Total time for which application threads were stopped: 0.0043240 seconds, Stopping threads took: 0.0018090 seconds
125.008: Application time: 0.0401590 seconds
125.010: [GC [PSYoungGen: 48640K->6624K(48640K)] 63244K->22036K(159744K), 0.0023180 secs] [Times: user=0.01 sys=0.00, real=0.01 secs] 
125.012: Total time for which application threads were stopped: 0.0043400 seconds, Stopping threads took: 0.0019390 seconds
125.053: Application time: 0.0408130 seconds
125.055: [GC [PSYoungGen: 48608K->6624K(48640K)] 64020K->23196K(159744K), 0.0022960 secs] [Times: user=0.01 sys=0.00, real=0.00 secs] 
125.057: Total time for which application threads were stopped: 0.0035320 seconds, Stopping threads took: 0.0011510 seconds
125.098: Application time: 0.0408270 seconds
125.101: [GC [PSYoungGen: 48608K->6656K(48640K)] 65180K->23668K(159744K), 0.0020830 secs] [Times: user=0.01 sys=0.00, real=0.00 secs] 
125.103: Total time for which application threads were stopped: 0.0052190 seconds, Stopping threads took: 0.0030580 seconds
125.143: Application time: 0.0404560 seconds
125.146: [GC [PSYoungGen: 48640K->6656K(48640K)] 65652K->25540K(159744K), 0.0025540 secs] [Times: user=0.02 sys=0.00, real=0.00 secs] 
125.148: Total time for which application threads were stopped: 0.0048540 seconds, Stopping threads took: 0.0022130 seconds
125.188: Application time: 0.0399230 seconds
125.190: [GC [PSYoungGen: 48640K->6656K(48640K)] 67524K->26597K(159744K), 0.0022770 secs] [Times: user=0.02 sys=0.00, real=0.01 secs] 
125.193: Total time for which application threads were stopped: 0.0044350 seconds, Stopping threads took: 0.0020740 seconds
125.235: Application time: 0.0420660 seconds
125.237: [GC [PSYoungGen: 48640K->6656K(48640K)] 68581K->27973K(159744K), 0.0023550 secs] [Times: user=0.01 sys=0.00, real=0.00 secs] 
125.239: Total time for which application threads were stopped: 0.0044340 seconds, Stopping threads took: 0.0019970 seconds
125.280: Application time: 0.0407730 seconds
125.282: [GC [PSYoungGen: 48640K->6656K(48640K)] 69957K->28645K(159744K), 0.0021610 secs] [Times: user=0.02 sys=0.00, real=0.01 secs] 
125.285: Total time for which application threads were stopped: 0.0047460 seconds, Stopping threads took: 0.0025000 seconds
125.325: Application time: 0.0401320 seconds
125.326: [GC [PSYoungGen: 48640K->6640K(48640K)] 70629K->28837K(159744K), 0.0020500 secs] [Times: user=0.01 sys=0.00, real=0.00 secs] 
125.328: Total time for which application threads were stopped: 0.0031090 seconds, Stopping threads took: 0.0009860 seconds
125.366: Application time: 0.0386460 seconds
125.369: [GC [PSYoungGen: 48624K->6608K(48640K)] 70821K->28805K(159744K), 0.0020080 secs] [Times: user=0.02 sys=0.00, real=0.00 secs] 
125.371: Total time for which application threads were stopped: 0.0041610 seconds, Stopping threads took: 0.0020780 seconds
125.408: Application time: 0.0373060 seconds
125.410: [GC [PSYoungGen: 48592K->6624K(48640K)] 70789K->29253K(159744K), 0.0021540 secs] [Times: user=0.02 sys=0.00, real=0.01 secs] 
125.412: Total time for which application threads were stopped: 0.0039950 seconds, Stopping threads took: 0.0017570 seconds
125.451: Application time: 0.0388050 seconds
125.452: [GC [PSYoungGen: 48608K->4624K(48640K)] 71237K->27261K(159744K), 0.0014070 secs] [Times: user=0.01 sys=0.00, real=0.00 secs] 
125.453: Total time for which application threads were stopped: 0.0024500 seconds, Stopping threads took: 0.0009750 seconds
125.489: Application time: 0.0360590 seconds
125.491: [GC [PSYoungGen: 46608K->6640K(48640K)] 69245K->29557K(159744K), 0.0020240 secs] [Times: user=0.02 sys=0.00, real=0.01 secs] 
125.493: Total time for which application threads were stopped: 0.0035590 seconds, Stopping threads took: 0.0014530 seconds
125.530: Application time: 0.0368350 seconds
125.532: [GC [PSYoungGen: 48624K->6656K(48640K)] 71541K->30341K(159744K), 0.0022410 secs] [Times: user=0.01 sys=0.00, real=0.00 secs] 
125.535: Total time for which application threads were stopped: 0.0049180 seconds, Stopping threads took: 0.0025720 seconds
125.571: Application time: 0.0367160 seconds
125.573: [GC [PSYoungGen: 48640K->6640K(48640K)] 72325K->31397K(159744K), 0.0023020 secs] [Times: user=0.01 sys=0.00, real=0.00 secs] 
125.576: Total time for which application threads were stopped: 0.0041910 seconds, Stopping threads took: 0.0018080 seconds
125.613: Application time: 0.0372090 seconds
125.615: [GC [PSYoungGen: 48624K->6656K(48640K)] 73381K->31637K(159744K), 0.0020570 secs] [Times: user=0.01 sys=0.00, real=0.00 secs] 
125.617: Total time for which application threads were stopped: 0.0043940 seconds, Stopping threads took: 0.0022590 seconds
125.657: Application time: 0.0394440 seconds
125.657: [GC [PSYoungGen: 48640K->4896K(48640K)] 73621K->29877K(159744K), 0.0014750 secs] [Times: user=0.01 sys=0.00, real=0.00 secs] 
125.659: Total time for which application threads were stopped: 0.0022750 seconds, Stopping threads took: 0.0007310 seconds
125.697: Application time: 0.0381370 seconds
125.698: [GC [PSYoungGen: 46880K->5872K(48640K)] 71861K->30853K(159744K), 0.0017630 secs] [Times: user=0.01 sys=0.00, real=0.00 secs] 
125.700: Total time for which application threads were stopped: 0.0032810 seconds, Stopping threads took: 0.0014410 seconds
125.738: Application time: 0.0377030 seconds
125.740: [GC [PSYoungGen: 47856K->5136K(48640K)] 72837K->30133K(159744K), 0.0015980 secs] [Times: user=0.01 sys=0.00, real=0.00 secs] 
125.741: Total time for which application threads were stopped: 0.0032940 seconds, Stopping threads took: 0.0016210 seconds
125.779: Application time: 0.0376160 seconds
125.782: [GC [PSYoungGen: 47120K->6624K(48640K)] 72117K->31621K(159744K), 0.0019470 secs] [Times: user=0.01 sys=0.00, real=0.01 secs] 
125.784: Total time for which application threads were stopped: 0.0046880 seconds, Stopping threads took: 0.0026500 seconds
125.821: Application time: 0.0372180 seconds
125.823: [GC [PSYoungGen: 48608K->6656K(48640K)] 73605K->32805K(159744K), 0.0022300 secs] [Times: user=0.01 sys=0.00, real=0.00 secs] 
125.826: Total time for which application threads were stopped: 0.0047570 seconds, Stopping threads took: 0.0024450 seconds
125.862: Application time: 0.0367350 seconds
125.864: [GC [PSYoungGen: 48640K->6656K(48640K)] 74789K->34157K(159744K), 0.0023170 secs] [Times: user=0.02 sys=0.00, real=0.00 secs] 
125.866: Total time for which application threads were stopped: 0.0040520 seconds, Stopping threads took: 0.0016320 seconds
125.905: Application time: 0.0386490 seconds
125.906: [GC [PSYoungGen: 48640K->5920K(48640K)] 76141K->33421K(159744K), 0.0017570 secs] [Times: user=0.01 sys=0.00, real=0.00 secs] 
125.908: Total time for which application threads were stopped: 0.0032120 seconds, Stopping threads took: 0.0013830 seconds
125.945: Application time: 0.0370630 seconds
125.947: [GC [PSYoungGen: 47904K->6384K(48640K)] 75405K->33885K(159744K), 0.0018360 secs] [Times: user=0.01 sys=0.00, real=0.00 secs] 
125.949: Total time for which application threads were stopped: 0.0038800 seconds, Stopping threads took: 0.0019600 seconds
125.986: Application time: 0.0365780 seconds
125.988: [GC [PSYoungGen: 48368K->6656K(48640K)] 75869K->34781K(159744K), 0.0020690 secs] [Times: user=0.01 sys=0.00, real=0.00 secs] 
125.990: Total time for which application threads were stopped: 0.0039720 seconds, Stopping threads took: 0.0018220 seconds
126.027: Application time: 0.0372000 seconds
126.029: [GC [PSYoungGen: 48640K->6656K(48640K)] 76765K->34821K(159744K), 0.0019860 secs] [Times: user=0.02 sys=0.00, real=0.00 secs] 
126.031: Total time for which application threads were stopped: 0.0042490 seconds, Stopping threads took: 0.0021730 seconds
126.070: Application time: 0.0383530 seconds
126.071: [GC [PSYoungGen: 48639K->6144K(48640K)] 76804K->34309K(159744K), 0.0018600 secs] [Times: user=0.00 sys=0.01, real=0.01 secs] 
126.073: Total time for which application threads were stopped: 0.0035070 seconds, Stopping threads took: 0.0015680 seconds
126.109: Application time: 0.0364560 seconds
126.111: [GC [PSYoungGen: 48128K->6656K(48640K)] 76293K->35549K(159744K), 0.0022180 secs] [Times: user=0.02 sys=0.00, real=0.01 secs] 
126.113: Total time for which application threads were stopped: 0.0037550 seconds, Stopping threads took: 0.0014560 seconds
126.150: Application time: 0.0368160 seconds
126.152: [GC [PSYoungGen: 48640K->6640K(48640K)] 77533K->35589K(159744K), 0.0019790 secs] [Times: user=0.01 sys=0.00, real=0.00 secs] 
126.154: Total time for which application threads were stopped: 0.0038600 seconds, Stopping threads took: 0.0018000 seconds
126.191: Application time: 0.0374130 seconds
126.193: [GC [PSYoungGen: 48624K->6656K(48640K)] 77573K->36901K(159744K), 0.0023140 secs] [Times: user=0.01 sys=0.00, real=0.00 secs] 
126.195: Total time for which application threads were stopped: 0.0040250 seconds, Stopping threads took: 0.0016250 seconds
126.233: Application time: 0.0376270 seconds
126.234: [GC [PSYoungGen: 48640K->5760K(48640K)] 78885K->36013K(159744K), 0.0017590 secs] [Times: user=0.01 sys=0.00, real=0.00 secs] 
126.236: Total time for which application threads were stopped: 0.0029720 seconds, Stopping threads took: 0.0011400 seconds
126.273: Application time: 0.0368560 seconds
126.275: [GC [PSYoungGen: 47744K->6640K(48640K)] 77997K->37765K(159744K), 0.0022490 secs] [Times: user=0.01 sys=0.00, real=0.00 secs] 
126.277: Total time for which application threads were stopped: 0.0042850 seconds, Stopping threads took: 0.0019540 seconds
126.315: Application time: 0.0380370 seconds
126.317: [GC [PSYoungGen: 48624K->6656K(48640K)] 79749K->38413K(159744K), 0.0021610 secs] [Times: user=0.01 sys=0.00, real=0.00 secs] 
126.320: Total time for which application threads were stopped: 0.0044450 seconds, Stopping threads took: 0.0022070 seconds
126.358: Application time: 0.0385620 seconds
126.361: [GC [PSYoungGen: 48640K->6640K(48640K)] 80397K->38405K(159744K), 0.0019640 secs] [Times: user=0.01 sys=0.00, real=0.00 secs] 
126.363: Total time for which application threads were stopped: 0.0047410 seconds, Stopping threads took: 0.0027010 seconds
126.402: Application time: 0.0387720 seconds
126.403: [GC [PSYoungGen: 48624K->6640K(48640K)] 80389K->39221K(159744K), 0.0022480 secs] [Times: user=0.01 sys=0.00, real=0.00 secs] 
126.406: Total time for which application threads were stopped: 0.0040170 seconds, Stopping threads took: 0.0016870 seconds
126.444: Application time: 0.0381470 seconds
126.445: [GC [PSYoungGen: 48624K->5856K(48640K)] 81205K->38445K(159744K), 0.0017310 secs] [Times: user=0.01 sys=0.00, real=0.00 secs] 
126.447: Total time for which application threads were stopped: 0.0031650 seconds, Stopping threads took: 0.0013610 seconds
126.484: Application time: 0.0367880 seconds
126.485: [GC [PSYoungGen: 47840K->6656K(48640K)] 80429K->40613K(159744K), 0.0023610 secs] [Times: user=0.02 sys=0.00, real=0.00 secs] 
126.488: Total time for which application threads were stopped: 0.0039480 seconds, Stopping threads took: 0.0014970 seconds
126.525: Application time: 0.0377040 seconds
126.528: [GC [PSYoungGen: 48640K->6080K(48640K)] 82597K->40045K(159744K), 0.0017860 secs] [Times: user=0.01 sys=0.00, real=0.00 secs] 
126.530: Total time for which application threads were stopped: 0.0046440 seconds, Stopping threads took: 0.0027830 seconds
126.569: Application time: 0.0387990 seconds
126.571: [GC [PSYoungGen: 48064K->5920K(48640K)] 82029K->39885K(159744K), 0.0017230 secs] [Times: user=0.01 sys=0.00, real=0.01 secs] 
126.572: Total time for which application threads were stopped: 0.0035810 seconds, Stopping threads took: 0.0017840 seconds
126.611: Application time: 0.0381490 seconds
126.612: [GC [PSYoungGen: 47904K->5296K(48640K)] 81869K->39261K(159744K), 0.0017740 secs] [Times: user=0.01 sys=0.00, real=0.00 secs] 
126.614: Total time for which application threads were stopped: 0.0029200 seconds, Stopping threads took: 0.0010760 seconds
126.653: Application time: 0.0391140 seconds
126.654: [GC [PSYoungGen: 47280K->6336K(48640K)] 81245K->40309K(159744K), 0.0018860 secs] [Times: user=0.01 sys=0.00, real=0.00 secs] 
126.656: Total time for which application threads were stopped: 0.0034070 seconds, Stopping threads took: 0.0014390 seconds
126.694: Application time: 0.0376000 seconds
126.695: [GC [PSYoungGen: 48320K->6656K(48640K)] 82293K->41061K(159744K), 0.0020960 secs] [Times: user=0.01 sys=0.00, real=0.00 secs] 
126.697: Total time for which application threads were stopped: 0.0036880 seconds, Stopping threads took: 0.0015160 seconds
126.735: Application time: 0.0379830 seconds
126.737: [GC [PSYoungGen: 48640K->5968K(48640K)] 83045K->40373K(159744K), 0.0017620 secs] [Times: user=0.01 sys=0.00, real=0.00 secs] 
126.738: Total time for which application threads were stopped: 0.0030590 seconds, Stopping threads took: 0.0012220 seconds
126.777: Application time: 0.0388970 seconds
126.778: [GC [PSYoungGen: 47952K->6128K(48640K)] 82357K->40541K(159744K), 0.0018890 secs] [Times: user=0.02 sys=0.00, real=0.00 secs] 
126.780: Total time for which application threads were stopped: 0.0030710 seconds, Stopping threads took: 0.0011030 seconds
126.820: Application time: 0.0391320 seconds
126.821: [GC [PSYoungGen: 48112K->6368K(48640K)] 82525K->40781K(159744K), 0.0018420 secs] [Times: user=0.02 sys=0.00, real=0.01 secs] 
126.823: Total time for which application threads were stopped: 0.0037580 seconds, Stopping threads took: 0.0018360 seconds
126.861: Application time: 0.0376990 seconds
126.862: [GC [PSYoungGen: 48352K->5824K(48640K)] 82765K->40245K(159744K), 0.0017970 secs] [Times: user=0.02 sys=0.00, real=0.01 secs] 
126.864: Total time for which application threads were stopped: 0.0032910 seconds, Stopping threads took: 0.0014130 seconds
126.903: Application time: 0.0387010 seconds
126.904: [GC [PSYoungGen: 47808K->6640K(48640K)] 82229K->41101K(159744K), 0.0019470 secs] [Times: user=0.01 sys=0.00, real=0.00 secs] 
126.906: Total time for which application threads were stopped: 0.0033470 seconds, Stopping threads took: 0.0013110 seconds
126.945: Application time: 0.0386460 seconds
126.947: [GC [PSYoungGen: 48624K->6656K(48640K)] 83085K->41689K(159744K), 0.0022300 secs] [Times: user=0.01 sys=0.00, real=0.00 secs] 
126.949: Total time for which application threads were stopped: 0.0042360 seconds, Stopping threads took: 0.0019190 seconds
126.988: Application time: 0.0383870 seconds
126.989: [GC [PSYoungGen: 48640K->5728K(48640K)] 83673K->40769K(159744K), 0.0017420 secs] [Times: user=0.01 sys=0.00, real=0.00 secs] 
126.991: Total time for which application threads were stopped: 0.0031390 seconds, Stopping threads took: 0.0013120 seconds
127.030: Application time: 0.0390840 seconds
127.031: [GC [PSYoungGen: 47712K->5696K(48640K)] 82753K->40737K(159744K), 0.0016910 secs] [Times: user=0.01 sys=0.00, real=0.00 secs] 
127.033: Total time for which application threads were stopped: 0.0033230 seconds, Stopping threads took: 0.0015620 seconds
127.071: Application time: 0.0377670 seconds
127.072: [GC [PSYoungGen: 47680K->6464K(48640K)] 82721K->41513K(159744K), 0.0019230 secs] [Times: user=0.02 sys=0.00, real=0.00 secs] 
127.074: Total time for which application threads were stopped: 0.0034270 seconds, Stopping threads took: 0.0014300 seconds
127.113: Application time: 0.0384010 seconds
127.115: [GC [PSYoungGen: 48448K->6208K(48640K)] 83497K->41257K(159744K), 0.0018640 secs] [Times: user=0.01 sys=0.00, real=0.00 secs] 
127.117: Total time for which application threads were stopped: 0.0038720 seconds, Stopping threads took: 0.0019300 seconds
127.156: Application time: 0.0396880 seconds
127.158: [GC [PSYoungGen: 48192K->4160K(48640K)] 83241K->39225K(159744K), 0.0013060 secs] [Times: user=0.01 sys=0.00, real=0.00 secs] 
127.159: Total time for which application threads were stopped: 0.0025470 seconds, Stopping threads took: 0.0011740 seconds
127.197: Application time: 0.0385210 seconds
127.199: [GC [PSYoungGen: 46144K->6640K(48640K)] 81209K->42321K(159744K), 0.0021280 secs] [Times: user=0.02 sys=0.00, real=0.00 secs] 
127.202: Total time for which application threads were stopped: 0.0042570 seconds, Stopping threads took: 0.0020480 seconds
127.241: Application time: 0.0389350 seconds
127.242: [GC [PSYoungGen: 48624K->6624K(48640K)] 84305K->43137K(159744K), 0.0022190 secs] [Times: user=0.02 sys=0.00, real=0.01 secs] 
127.244: Total time for which application threads were stopped: 0.0033370 seconds, Stopping threads took: 0.0010380 seconds
127.281: Application time: 0.0373470 seconds
127.283: [GC [PSYoungGen: 48608K->6656K(48640K)] 85121K->43265K(159744K), 0.0020020 secs] [Times: user=0.02 sys=0.00, real=0.00 secs] 
127.285: Total time for which application threads were stopped: 0.0039670 seconds, Stopping threads took: 0.0018870 seconds
127.323: Application time: 0.0375580 seconds
127.324: [GC [PSYoungGen: 48640K->6656K(48640K)] 85249K->44589K(159744K), 0.0023930 secs] [Times: user=0.01 sys=0.00, real=0.00 secs] 
127.327: Total time for which application threads were stopped: 0.0038370 seconds, Stopping threads took: 0.0013630 seconds
127.365: Application time: 0.0380110 seconds
127.366: [GC [PSYoungGen: 48640K->5984K(48640K)] 86573K->43933K(159744K), 0.0018190 secs] [Times: user=0.02 sys=0.00, real=0.00 secs] 
127.368: Total time for which application threads were stopped: 0.0036410 seconds, Stopping threads took: 0.0017440 seconds
127.406: Application time: 0.0381060 seconds
127.408: [GC [PSYoungGen: 47968K->5552K(48640K)] 85917K->43517K(159744K), 0.0016660 secs] [Times: user=0.01 sys=0.00, real=0.00 secs] 
127.410: Total time for which application threads were stopped: 0.0033760 seconds, Stopping threads took: 0.0016350 seconds
127.447: Application time: 0.0371960 seconds
127.449: [GC [PSYoungGen: 47536K->6400K(48640K)] 85501K->44381K(159744K), 0.0019460 secs] [Times: user=0.01 sys=0.00, real=0.00 secs] 
127.451: Total time for which application threads were stopped: 0.0035590 seconds, Stopping threads took: 0.0015350 seconds
127.489: Application time: 0.0388110 seconds
127.491: [GC [PSYoungGen: 48384K->6288K(48640K)] 86365K->44269K(159744K), 0.0019040 secs] [Times: user=0.01 sys=0.00, real=0.01 secs] 
127.492: Total time for which application threads were stopped: 0.0031180 seconds, Stopping threads took: 0.0011280 seconds
127.530: Application time: 0.0377480 seconds
127.532: [GC [PSYoungGen: 48272K->6640K(48640K)] 86253K->45161K(159744K), 0.0021610 secs] [Times: user=0.02 sys=0.00, real=0.00 secs] 
127.534: Total time for which application threads were stopped: 0.0036910 seconds, Stopping threads took: 0.0014530 seconds
127.572: Application time: 0.0384870 seconds
127.575: [GC [PSYoungGen: 48624K->6640K(48640K)] 87145K->45225K(159744K), 0.0020430 secs] [Times: user=0.02 sys=0.00, real=0.00 secs] 
127.577: Total time for which application threads were stopped: 0.0044530 seconds, Stopping threads took: 0.0023340 seconds
127.614: Application time: 0.0372360 seconds
127.615: [GC [PSYoungGen: 48624K->5536K(48640K)] 87209K->44121K(159744K), 0.0016520 secs] [Times: user=0.01 sys=0.00, real=0.00 secs] 
127.617: Total time for which application threads were stopped: 0.0027450 seconds, Stopping threads took: 0.0010210 seconds
127.655: Application time: 0.0381420 seconds
127.657: [GC [PSYoungGen: 47520K->6640K(48640K)] 86105K->45922K(159744K), 0.0022210 secs] [Times: user=0.01 sys=0.00, real=0.00 secs] 
127.659: Total time for which application threads were stopped: 0.0043190 seconds, Stopping threads took: 0.0020170 seconds
127.697: Application time: 0.0375410 seconds
127.698: [GC [PSYoungGen: 48624K->6640K(48640K)] 87906K->46658K(159744K), 0.0022350 secs] [Times: user=0.01 sys=0.00, real=0.00 secs] 
127.700: Total time for which application threads were stopped: 0.0032440 seconds, Stopping threads took: 0.0009310 seconds
127.738: Application time: 0.0376820 seconds
127.739: [GC [PSYoungGen: 48624K->6656K(48640K)] 88642K->47658K(159744K), 0.0022510 secs] [Times: user=0.01 sys=0.00, real=0.00 secs] 
127.741: Total time for which application threads were stopped: 0.0036600 seconds, Stopping threads took: 0.0013240 seconds
127.779: Application time: 0.0374630 seconds
127.780: [GC [PSYoungGen: 48640K->6656K(48640K)] 89642K->48994K(159744K), 0.0023090 secs] [Times: user=0.01 sys=0.00, real=0.00 secs] 
127.783: Total time for which application threads were stopped: 0.0038680 seconds, Stopping threads took: 0.0014760 seconds
127.822: Application time: 0.0389480 seconds
127.823: [GC [PSYoungGen: 48640K->6656K(48640K)] 90978K->49642K(159744K), 0.0021630 secs] [Times: user=0.00 sys=0.00, real=0.00 secs] 
127.826: Total time for which application threads were stopped: 0.0037740 seconds, Stopping threads took: 0.0015310 seconds
127.864: Application time: 0.0384140 seconds
127.865: [GC [PSYoungGen: 48640K->6160K(48640K)] 91626K->49154K(159744K), 0.0018830 secs] [Times: user=0.01 sys=0.00, real=0.00 secs] 
127.867: Total time for which application threads were stopped: 0.0032090 seconds, Stopping threads took: 0.0012130 seconds
127.907: Application time: 0.0394170 seconds
127.907: [GC [PSYoungGen: 48144K->5440K(48640K)] 91138K->48434K(159744K), 0.0016460 secs] [Times: user=0.01 sys=0.00, real=0.00 secs] 
127.909: Total time for which application threads were stopped: 0.0024110 seconds, Stopping threads took: 0.0006910 seconds
127.948: Application time: 0.0388270 seconds
127.949: [GC [PSYoungGen: 47424K->5840K(48640K)] 90418K->48842K(159744K), 0.0017960 secs] [Times: user=0.01 sys=0.00, real=0.01 secs] 
127.951: Total time for which application threads were stopped: 0.0034710 seconds, Stopping threads took: 0.0015930 seconds
127.991: Application time: 0.0392900 seconds
127.992: [GC [PSYoungGen: 47824K->4704K(48640K)] 90826K->47706K(159744K), 0.0014380 secs] [Times: user=0.01 sys=0.00, real=0.00 secs] 
127.993: Total time for which application threads were stopped: 0.0027910 seconds, Stopping threads took: 0.0012730 seconds
128.033: Application time: 0.0394250 seconds
128.034: [GC [PSYoungGen: 46688K->6176K(48640K)] 89690K->49178K(159744K), 0.0019400 secs] [Times: user=0.01 sys=0.00, real=0.00 secs] 
128.036: Total time for which application threads were stopped: 0.0031130 seconds, Stopping threads took: 0.0010840 seconds
128.074: Application time: 0.0380430 seconds
128.075: [GC [PSYoungGen: 48160K->6624K(48640K)] 91162K->50538K(159744K), 0.0022340 secs] [Times: user=0.01 sys=0.00, real=0.00 secs] 
128.078: Total time for which application threads were stopped: 0.0037270 seconds, Stopping threads took: 0.0014140 seconds
128.115: Application time: 0.0378090 seconds
128.117: [GC [PSYoungGen: 48608K->6640K(48640K)] 92522K->50810K(159744K), 0.0021220 secs] [Times: user=0.01 sys=0.01, real=0.00 secs] 
128.119: Total time for which application threads were stopped: 0.0039070 seconds, Stopping threads took: 0.0017040 seconds
128.157: Application time: 0.0380760 seconds
128.159: [GC [PSYoungGen: 48624K->5760K(48640K)] 92794K->49930K(159744K), 0.0017490 secs] [Times: user=0.01 sys=0.00, real=0.00 secs] 
128.161: Total time for which application threads were stopped: 0.0036500 seconds, Stopping threads took: 0.0018270 seconds
128.198: Application time: 0.0370320 seconds
128.199: [GC [PSYoungGen: 47744K->6608K(48640K)] 91914K->50778K(159744K), 0.0019770 secs] [Times: user=0.01 sys=0.00, real=0.00 secs] 
128.201: Total time for which application threads were stopped: 0.0031380 seconds, Stopping threads took: 0.0010780 seconds
128.238: Application time: 0.0368110 seconds
128.240: [GC [PSYoungGen: 48592K->6624K(48640K)] 92762K->51090K(159744K), 0.0020980 secs] [Times: user=0.01 sys=0.00, real=0.00 secs] 
128.242: Total time for which application threads were stopped: 0.0038510 seconds, Stopping threads took: 0.0016720 seconds
128.278: Application time: 0.0364980 seconds
128.280: [GC [PSYoungGen: 48608K->6624K(48640K)] 93074K->51402K(159744K), 0.0020680 secs] [Times: user=0.01 sys=0.00, real=0.00 secs] 
128.282: Total time for which application threads were stopped: 0.0039700 seconds, Stopping threads took: 0.0018190 seconds
128.319: Application time: 0.0364720 seconds
128.321: [GC [PSYoungGen: 48608K->6640K(48640K)] 93386K->51594K(159744K), 0.0019310 secs] [Times: user=0.01 sys=0.00, real=0.00 secs] 
128.323: Total time for which application threads were stopped: 0.0039870 seconds, Stopping threads took: 0.0019770 seconds
128.359: Application time: 0.0361030 seconds
128.361: [GC [PSYoungGen: 48624K->6640K(48640K)] 93578K->52910K(159744K), 0.0022870 secs] [Times: user=0.01 sys=0.00, real=0.01 secs] 
128.363: Total time for which application threads were stopped: 0.0044390 seconds, Stopping threads took: 0.0020700 seconds
128.401: Application time: 0.0380140 seconds
128.404: [GC [PSYoungGen: 48624K->6480K(48640K)] 94894K->52750K(159744K), 0.0018870 secs] [Times: user=0.01 sys=0.00, real=0.00 secs] 
128.406: Total time for which application threads were stopped: 0.0040520 seconds, Stopping threads took: 0.0020890 seconds
128.443: Application time: 0.0370190 seconds
128.445: [GC [PSYoungGen: 48464K->6656K(48640K)] 94734K->53942K(159744K), 0.0022780 secs] [Times: user=0.01 sys=0.00, real=0.00 secs] 
128.447: Total time for which application threads were stopped: 0.0043810 seconds, Stopping threads took: 0.0020220 seconds
128.484: Application time: 0.0368120 seconds
128.486: [GC [PSYoungGen: 48640K->6656K(48640K)] 95926K->55246K(159744K), 0.0023090 secs] [Times: user=0.01 sys=0.00, real=0.00 secs] 
128.488: Total time for which application threads were stopped: 0.0043420 seconds, Stopping threads took: 0.0019540 seconds
128.525: Application time: 0.0371710 seconds
128.528: [GC [PSYoungGen: 48640K->6656K(48640K)] 97230K->55838K(159744K), 0.0022060 secs] [Times: user=0.01 sys=0.00, real=0.00 secs] 
128.530: Total time for which application threads were stopped: 0.0046360 seconds, Stopping threads took: 0.0023430 seconds
128.567: Application time: 0.0375080 seconds
128.570: [GC [PSYoungGen: 48640K->5824K(48640K)] 97822K->55014K(159744K), 0.0017110 secs] [Times: user=0.02 sys=0.00, real=0.01 secs] 
128.572: Total time for which application threads were stopped: 0.0045530 seconds, Stopping threads took: 0.0027660 seconds
128.610: Application time: 0.0376670 seconds
128.611: [GC [PSYoungGen: 47808K->6656K(48640K)] 96998K->57230K(159744K), 0.0023970 secs] [Times: user=0.02 sys=0.00, real=0.00 secs] 
128.614: Total time for which application threads were stopped: 0.0040140 seconds, Stopping threads took: 0.0015330 seconds
128.651: Application time: 0.0375620 seconds
128.654: [GC [PSYoungGen: 48640K->6304K(48640K)] 99214K->56878K(159744K), 0.0019170 secs] [Times: user=0.01 sys=0.00, real=0.00 secs] 
128.656: Total time for which application threads were stopped: 0.0046300 seconds, Stopping threads took: 0.0026310 seconds
128.693: Application time: 0.0373810 seconds
128.695: [GC [PSYoungGen: 48288K->6656K(48640K)] 98862K->58122K(159744K), 0.0023350 secs] [Times: user=0.01 sys=0.00, real=0.00 secs] 
128.697: Total time for which application threads were stopped: 0.0039230 seconds, Stopping threads took: 0.0015040 seconds
128.735: Application time: 0.0381540 seconds
128.736: [GC [PSYoungGen: 48640K->6624K(48640K)] 100106K->58418K(159744K), 0.0021690 secs] [Times: user=0.02 sys=0.00, real=0.00 secs] 
128.738: Total time for which application threads were stopped: 0.0031990 seconds, Stopping threads took: 0.0009530 seconds
128.776: Application time: 0.0379790 seconds
128.778: [GC [PSYoungGen: 48608K->6656K(48640K)] 100402K->58594K(159744K), 0.0020460 secs] [Times: user=0.01 sys=0.00, real=0.00 secs] 
128.780: Total time for which application threads were stopped: 0.0033710 seconds, Stopping threads took: 0.0012440 seconds
128.818: Application time: 0.0379520 seconds
128.819: [GC [PSYoungGen: 48640K->6640K(48640K)] 100578K->59586K(159744K), 0.0022920 secs] [Times: user=0.02 sys=0.00, real=0.00 secs] 
128.822: Total time for which application threads were stopped: 0.0038760 seconds, Stopping threads took: 0.0015040 seconds
128.860: Application time: 0.0378600 seconds
128.861: [GC [PSYoungGen: 48624K->6640K(48640K)] 101570K->59962K(159744K), 0.0020770 secs] [Times: user=0.02 sys=0.00, real=0.01 secs] 
128.863: Total time for which application threads were stopped: 0.0039180 seconds, Stopping threads took: 0.0017570 seconds
128.900: Application time: 0.0368970 seconds
128.902: [GC [PSYoungGen: 48624K->6624K(48640K)] 101946K->60610K(159744K), 0.0022290 secs] [Times: user=0.02 sys=0.00, real=0.01 secs] 
128.904: Total time for which application threads were stopped: 0.0039430 seconds, Stopping threads took: 0.0016310 seconds
128.942: Application time: 0.0372780 seconds
128.943: [GC [PSYoungGen: 48608K->6640K(48640K)] 102594K->61154K(159744K), 0.0021850 secs] [Times: user=0.02 sys=0.00, real=0.01 secs] 
128.945: Total time for which application threads were stopped: 0.0033180 seconds, Stopping threads took: 0.0010520 seconds
128.982: Application time: 0.0372450 seconds
128.985: [GC [PSYoungGen: 48624K->6640K(48640K)] 103138K->61194K(159744K), 0.0019850 secs] [Times: user=0.02 sys=0.00, real=0.00 secs] 
128.987: Total time for which application threads were stopped: 0.0049870 seconds, Stopping threads took: 0.0029120 seconds
129.025: Application time: 0.0373710 seconds
129.028: [GC [PSYoungGen: 48624K->6656K(48640K)] 103178K->62082K(159744K), 0.0023280 secs] [Times: user=0.02 sys=0.00, real=0.00 secs] 
129.031: Total time for which application threads were stopped: 0.0063000 seconds, Stopping threads took: 0.0038860 seconds
129.068: Application time: 0.0371600 seconds
129.070: [GC [PSYoungGen: 48640K->6656K(48640K)] 104066K->63282K(159744K), 0.0024110 secs] [Times: user=0.02 sys=0.00, real=0.01 secs] 
129.072: Total time for which application threads were stopped: 0.0043350 seconds, Stopping threads took: 0.0018370 seconds
129.110: Application time: 0.0377040 seconds
129.112: [GC [PSYoungGen: 48640K->6464K(48640K)] 105266K->63098K(159744K), 0.0020200 secs] [Times: user=0.01 sys=0.00, real=0.00 secs] 
129.114: Total time for which application threads were stopped: 0.0038170 seconds, Stopping threads took: 0.0017150 seconds
129.152: Application time: 0.0386250 seconds
129.155: [GC [PSYoungGen: 48448K->6336K(48640K)] 105082K->62970K(159744K), 0.0019360 secs] [Times: user=0.02 sys=0.00, real=0.00 secs] 
129.157: Total time for which application threads were stopped: 0.0043040 seconds, Stopping threads took: 0.0022760 seconds
129.195: Application time: 0.0381760 seconds
129.196: [GC [PSYoungGen: 48320K->5824K(48640K)] 104954K->62458K(159744K), 0.0018090 secs] [Times: user=0.02 sys=0.00, real=0.00 secs] 
129.198: Total time for which application threads were stopped: 0.0033250 seconds, Stopping threads took: 0.0014410 seconds
129.237: Application time: 0.0382810 seconds
129.238: [GC [PSYoungGen: 47807K->5840K(48640K)] 104441K->62474K(159744K), 0.0018210 secs] [Times: user=0.01 sys=0.00, real=0.00 secs] 
129.240: Total time for which application threads were stopped: 0.0034670 seconds, Stopping threads took: 0.0015720 seconds
129.278: Application time: 0.0374990 seconds
129.280: [GC [PSYoungGen: 47824K->6624K(48640K)] 104458K->63706K(159744K), 0.0021300 secs] [Times: user=0.01 sys=0.00, real=0.00 secs] 
129.282: Total time for which application threads were stopped: 0.0041920 seconds, Stopping threads took: 0.0019810 seconds
129.321: Application time: 0.0389590 seconds
129.322: [GC [PSYoungGen: 48608K->4496K(48640K)] 105690K->61578K(159744K), 0.0014670 secs] [Times: user=0.01 sys=0.01, real=0.01 secs] 
129.324: Total time for which application threads were stopped: 0.0029290 seconds, Stopping threads took: 0.0013860 seconds
129.365: Application time: 0.0418070 seconds
129.367: [GC [PSYoungGen: 46480K->5824K(48640K)] 103562K->62906K(159744K), 0.0018320 secs] [Times: user=0.01 sys=0.00, real=0.00 secs] 
129.369: Total time for which application threads were stopped: 0.0036760 seconds, Stopping threads took: 0.0017700 seconds
129.409: Application time: 0.0402030 seconds
129.411: [GC [PSYoungGen: 47808K->5376K(48640K)] 104890K->62482K(159744K), 0.0016500 secs] [Times: user=0.01 sys=0.00, real=0.00 secs] 
129.413: Total time for which application threads were stopped: 0.0035810 seconds, Stopping threads took: 0.0018570 seconds
129.452: Application time: 0.0394960 seconds
129.454: [GC [PSYoungGen: 47360K->5680K(48640K)] 104466K->62794K(159744K), 0.0017090 secs] [Times: user=0.01 sys=0.00, real=0.00 secs] 
129.456: Total time for which application threads were stopped: 0.0032650 seconds, Stopping threads took: 0.0014730 seconds
129.494: Application time: 0.0383800 seconds
129.497: [GC [PSYoungGen: 47664K->6640K(48640K)] 104778K->64114K(159744K), 0.0021560 secs] [Times: user=0.02 sys=0.00, real=0.00 secs] 
129.499: Total time for which application threads were stopped: 0.0050840 seconds, Stopping threads took: 0.0028460 seconds
129.539: Application time: 0.0398620 seconds
129.541: [GC [PSYoungGen: 48624K->6624K(48640K)] 106098K->64114K(159744K), 0.0019770 secs] [Times: user=0.02 sys=0.00, real=0.01 secs] 
129.543: Total time for which application threads were stopped: 0.0042910 seconds, Stopping threads took: 0.0022270 seconds
129.583: Application time: 0.0398300 seconds
129.585: [GC [PSYoungGen: 48608K->6656K(48640K)] 106098K->64394K(159744K), 0.0020630 secs] [Times: user=0.01 sys=0.00, real=0.00 secs] 
129.587: Total time for which application threads were stopped: 0.0037830 seconds, Stopping threads took: 0.0016420 seconds
129.626: Application time: 0.0395870 seconds
129.629: [GC [PSYoungGen: 48640K->6640K(48640K)] 106378K->65090K(159744K), 0.0021790 secs] [Times: user=0.01 sys=0.00, real=0.00 secs] 
129.631: Total time for which application threads were stopped: 0.0043840 seconds, Stopping threads took: 0.0021190 seconds
129.669: Application time: 0.0385910 seconds
129.672: [GC [PSYoungGen: 48624K->6656K(48640K)] 107074K->66058K(159744K), 0.0023150 secs] [Times: user=0.02 sys=0.00, real=0.00 secs] 
129.674: Total time for which application threads were stopped: 0.0047800 seconds, Stopping threads took: 0.0023830 seconds
129.716: Application time: 0.0415600 seconds
129.718: [GC [PSYoungGen: 48640K->6304K(48640K)] 108042K->65706K(159744K), 0.0018720 secs] [Times: user=0.01 sys=0.00, real=0.00 secs] 
129.720: Total time for which application threads were stopped: 0.0045040 seconds, Stopping threads took: 0.0025510 seconds
129.760: Application time: 0.0400120 seconds
129.762: [GC [PSYoungGen: 48288K->6640K(48640K)] 107690K->67042K(159744K), 0.0025450 secs] [Times: user=0.01 sys=0.00, real=0.01 secs] 
129.765: Total time for which application threads were stopped: 0.0046480 seconds, Stopping threads took: 0.0019980 seconds
129.804: Application time: 0.0385720 seconds
129.806: [GC [PSYoungGen: 48624K->6640K(48640K)] 109026K->67658K(159744K), 0.0023050 secs] [Times: user=0.02 sys=0.00, real=0.00 secs] 
129.808: Total time for which application threads were stopped: 0.0046890 seconds, Stopping threads took: 0.0023010 seconds
129.847: Application time: 0.0382940 seconds
129.849: [GC [PSYoungGen: 48624K->6640K(48640K)] 109642K->68858K(159744K), 0.0023510 secs] [Times: user=0.01 sys=0.00, real=0.01 secs] 
129.851: Total time for which application threads were stopped: 0.0049040 seconds, Stopping threads took: 0.0024680 seconds
129.891: Application time: 0.0391090 seconds
129.893: [GC [PSYoungGen: 48624K->6656K(48640K)] 110842K->69950K(159744K), 0.0024210 secs] [Times: user=0.02 sys=0.00, real=0.00 secs] 
129.895: Total time for which application threads were stopped: 0.0047060 seconds, Stopping threads took: 0.0021790 seconds
129.937: Application time: 0.0415980 seconds
129.939: [GC [PSYoungGen: 48640K->6640K(48640K)] 111934K->69990K(159744K), 0.0022240 secs] [Times: user=0.02 sys=0.00, real=0.00 secs] 
129.941: Total time for which application threads were stopped: 0.0039250 seconds, Stopping threads took: 0.0016040 seconds
129.982: Application time: 0.0415830 seconds
129.985: [GC [PSYoungGen: 48624K->6592K(48640K)] 111974K->69958K(159744K), 0.0020970 secs] [Times: user=0.01 sys=0.00, real=0.00 secs] 
129.988: Total time for which application threads were stopped: 0.0051400 seconds, Stopping threads took: 0.0029630 seconds
130.027: Application time: 0.0399490 seconds
130.030: [GC [PSYoungGen: 48576K->6640K(48640K)] 111942K->70598K(159744K), 0.0023220 secs] [Times: user=0.01 sys=0.00, real=0.01 secs] 
130.033: Total time for which application threads were stopped: 0.0052060 seconds, Stopping threads took: 0.0028040 seconds
130.073: Application time: 0.0406250 seconds
130.075: [GC [PSYoungGen: 48624K->6640K(48640K)] 112582K->70606K(159744K), 0.0020400 secs] [Times: user=0.02 sys=0.00, real=0.00 secs] 
130.077: Total time for which application threads were stopped: 0.0038190 seconds, Stopping threads took: 0.0016840 seconds
130.116: Application time: 0.0385150 seconds
130.118: [GC [PSYoungGen: 48624K->6640K(48640K)] 112590K->71870K(159744K), 0.0023900 secs] [Times: user=0.02 sys=0.00, real=0.00 secs] 
130.120: Total time for which application threads were stopped: 0.0046710 seconds, Stopping threads took: 0.0021960 seconds
130.160: Application time: 0.0399920 seconds
130.163: [GC [PSYoungGen: 48624K->6560K(48640K)] 113854K->71798K(159744K), 0.0020320 secs] [Times: user=0.01 sys=0.00, real=0.01 secs] 
130.165: Total time for which application threads were stopped: 0.0044190 seconds, Stopping threads took: 0.0023040 seconds
130.206: Application time: 0.0412970 seconds
130.207: [GC [PSYoungGen: 48544K->5360K(48640K)] 113782K->70598K(159744K), 0.0017350 secs] [Times: user=0.01 sys=0.00, real=0.00 secs] 
130.209: Total time for which application threads were stopped: 0.0030050 seconds, Stopping threads took: 0.0011940 seconds
130.250: Application time: 0.0407400 seconds
130.251: [GC [PSYoungGen: 47344K->6656K(48640K)] 112582K->72318K(159744K), 0.0021590 secs] [Times: user=0.01 sys=0.00, real=0.01 secs] 
130.253: Total time for which application threads were stopped: 0.0034900 seconds, Stopping threads took: 0.0012430 seconds
130.294: Application time: 0.0407790 seconds
130.295: [GC [PSYoungGen: 48640K->6640K(48640K)] 114302K->72646K(159744K), 0.0020690 secs] [Times: user=0.01 sys=0.00, real=0.00 secs] 
130.297: Total time for which application threads were stopped: 0.0033690 seconds, Stopping threads took: 0.0012210 seconds
130.338: Application time: 0.0405930 seconds
130.340: [GC [PSYoungGen: 48624K->6416K(48640K)] 114630K->72430K(159744K), 0.0019590 secs] [Times: user=0.01 sys=0.00, real=0.00 secs] 
130.342: Total time for which application threads were stopped: 0.0038570 seconds, Stopping threads took: 0.0018220 seconds
130.381: Application time: 0.0389870 seconds
130.383: [GC [PSYoungGen: 48398K->6656K(48640K)] 114413K->73570K(159744K), 0.0022950 secs] [Times: user=0.01 sys=0.01, real=0.01 secs] 
130.385: Total time for which application threads were stopped: 0.0045950 seconds, Stopping threads took: 0.0022120 seconds
130.425: Application time: 0.0396650 seconds
130.427: [GC [PSYoungGen: 48640K->6624K(48640K)] 115554K->74243K(159744K), 0.0021920 secs] [Times: user=0.01 sys=0.00, real=0.00 secs] 
130.430: Total time for which application threads were stopped: 0.0044850 seconds, Stopping threads took: 0.0022100 seconds
130.470: Application time: 0.0406640 seconds
130.472: [GC [PSYoungGen: 48608K->6640K(48640K)] 116227K->74299K(159744K), 0.0020670 secs] [Times: user=0.02 sys=0.00, real=0.00 secs] 
130.474: Total time for which application threads were stopped: 0.0038660 seconds, Stopping threads took: 0.0017170 seconds
130.515: Application time: 0.0411530 seconds
130.517: [GC [PSYoungGen: 48624K->6640K(48640K)] 116283K->74323K(159744K), 0.0019850 secs] [Times: user=0.01 sys=0.00, real=0.00 secs] 
130.519: Total time for which application threads were stopped: 0.0036790 seconds, Stopping threads took: 0.0016130 seconds
130.560: Application time: 0.0408740 seconds
130.562: [GC [PSYoungGen: 48624K->6640K(48640K)] 116307K->74971K(159744K), 0.0022480 secs] [Times: user=0.02 sys=0.00, real=0.01 secs] 
130.564: Total time for which application threads were stopped: 0.0040010 seconds, Stopping threads took: 0.0016700 seconds
130.604: Application time: 0.0402410 seconds
130.606: [GC [PSYoungGen: 48624K->6208K(48640K)] 116955K->74539K(159744K), 0.0019330 secs] [Times: user=0.02 sys=0.00, real=0.00 secs] 
130.608: Total time for which application threads were stopped: 0.0036740 seconds, Stopping threads took: 0.0016530 seconds
130.648: Application time: 0.0400240 seconds
130.649: [GC [PSYoungGen: 48192K->6624K(48640K)] 116523K->74979K(159744K), 0.0020600 secs] [Times: user=0.02 sys=0.00, real=0.01 secs] 
130.652: Total time for which application threads were stopped: 0.0037180 seconds, Stopping threads took: 0.0015730 seconds
130.692: Application time: 0.0405910 seconds
130.694: [GC [PSYoungGen: 48606K->5888K(48640K)] 116961K->74250K(159744K), 0.0018000 secs] [Times: user=0.01 sys=0.00, real=0.00 secs] 
130.696: Total time for which application threads were stopped: 0.0038500 seconds, Stopping threads took: 0.0019710 seconds
130.736: Application time: 0.0396580 seconds
130.737: [GC [PSYoungGen: 47872K->6192K(48640K)] 116234K->74555K(159744K), 0.0018050 secs] [Times: user=0.02 sys=0.00, real=0.00 secs] 
130.739: Total time for which application threads were stopped: 0.0036040 seconds, Stopping threads took: 0.0017190 seconds
130.778: Application time: 0.0392620 seconds
130.780: [GC [PSYoungGen: 48176K->6640K(48640K)] 116539K->75851K(159744K), 0.0023440 secs] [Times: user=0.01 sys=0.00, real=0.00 secs] 
130.783: Total time for which application threads were stopped: 0.0042270 seconds, Stopping threads took: 0.0018010 seconds
130.825: Application time: 0.0418640 seconds
130.826: [GC [PSYoungGen: 48624K->5536K(48640K)] 117835K->74746K(159744K), 0.0017290 secs] [Times: user=0.01 sys=0.00, real=0.00 secs] 
130.828: Total time for which application threads were stopped: 0.0031230 seconds, Stopping threads took: 0.0013210 seconds
130.868: Application time: 0.0398990 seconds
130.869: [GC [PSYoungGen: 47520K->5312K(48640K)] 116730K->74538K(159744K), 0.0018110 secs] [Times: user=0.02 sys=0.00, real=0.00 secs] 
130.871: Total time for which application threads were stopped: 0.0032860 seconds, Stopping threads took: 0.0013960 seconds
130.911: Application time: 0.0405420 seconds
130.913: [GC [PSYoungGen: 47296K->6640K(48640K)] 116522K->76635K(159744K), 0.0022450 secs] [Times: user=0.01 sys=0.00, real=0.00 secs] 
130.915: Total time for which application threads were stopped: 0.0038730 seconds, Stopping threads took: 0.0015330 seconds
130.955: Application time: 0.0399290 seconds
130.957: [GC [PSYoungGen: 48624K->6592K(48640K)] 118619K->76587K(159744K), 0.0019690 secs] [Times: user=0.01 sys=0.00, real=0.00 secs] 
130.959: Total time for which application threads were stopped: 0.0040620 seconds, Stopping threads took: 0.0020100 seconds
130.996: Application time: 0.0367470 seconds
130.999: [GC [PSYoungGen: 48576K->6656K(48640K)] 118571K->77843K(159744K), 0.0023720 secs] [Times: user=0.01 sys=0.00, real=0.00 secs] 
131.001: Total time for which application threads were stopped: 0.0052530 seconds, Stopping threads took: 0.0027970 seconds
131.042: Application time: 0.0404580 seconds
131.044: [GC [PSYoungGen: 48640K->6656K(48640K)] 119827K->78379K(159744K), 0.0021300 secs] [Times: user=0.01 sys=0.00, real=0.00 secs] 
131.046: Total time for which application threads were stopped: 0.0041640 seconds, Stopping threads took: 0.0019480 seconds
131.085: Application time: 0.0388380 seconds
131.087: [GC [PSYoungGen: 48640K->6656K(48640K)] 120363K->79483K(159744K), 0.0023700 secs] [Times: user=0.02 sys=0.00, real=0.00 secs] 
131.089: Total time for which application threads were stopped: 0.0045750 seconds, Stopping threads took: 0.0021230 seconds
131.132: Application time: 0.0426390 seconds
131.133: [GC [PSYoungGen: 48640K->6640K(48640K)] 121467K->79983K(159744K), 0.0022750 secs] [Times: user=0.01 sys=0.01, real=0.00 secs] 
131.135: Total time for which application threads were stopped: 0.0033950 seconds, Stopping threads took: 0.0010260 seconds
131.175: Application time: 0.0394100 seconds
131.176: [GC [PSYoungGen: 48624K->6656K(48640K)] 121967K->80431K(159744K), 0.0021750 secs] [Times: user=0.01 sys=0.00, real=0.00 secs] 
131.178: Total time for which application threads were stopped: 0.0036740 seconds, Stopping threads took: 0.0014230 seconds
131.218: Application time: 0.0392810 seconds
131.220: [GC [PSYoungGen: 48640K->6656K(48640K)] 122415K->80767K(159744K), 0.0020790 secs] [Times: user=0.01 sys=0.00, real=0.00 secs] 
131.222: Total time for which application threads were stopped: 0.0044710 seconds, Stopping threads took: 0.0023100 seconds
131.263: Application time: 0.0406790 seconds
131.264: [GC [PSYoungGen: 48640K->5904K(48640K)] 122751K->80015K(159744K), 0.0018880 secs] [Times: user=0.01 sys=0.00, real=0.00 secs] 
131.266: Total time for which application threads were stopped: 0.0033880 seconds, Stopping threads took: 0.0014220 seconds
131.308: Application time: 0.0413790 seconds
131.311: [GC [PSYoungGen: 47888K->6256K(48640K)] 121999K->80367K(159744K), 0.0019230 secs] [Times: user=0.01 sys=0.00, real=0.01 secs] 
131.313: Total time for which application threads were stopped: 0.0050450 seconds, Stopping threads took: 0.0030340 seconds
131.354: Application time: 0.0408620 seconds
131.355: [GC [PSYoungGen: 48240K->6656K(48640K)] 122351K->82231K(159744K), 0.0025270 secs] [Times: user=0.02 sys=0.00, real=0.00 secs] 
131.358: Total time for which application threads were stopped: 0.0040060 seconds, Stopping threads took: 0.0013950 seconds
131.398: Application time: 0.0402190 seconds
131.399: [GC [PSYoungGen: 48640K->6656K(48640K)] 124215K->83095K(159744K), 0.0023170 secs] [Times: user=0.01 sys=0.00, real=0.00 secs] 
131.401: Total time for which application threads were stopped: 0.0032370 seconds, Stopping threads took: 0.0008350 seconds
131.440: Application time: 0.0393740 seconds
131.442: [GC [PSYoungGen: 48640K->6640K(48640K)] 125079K->84231K(159744K), 0.0023490 secs] [Times: user=0.01 sys=0.00, real=0.01 secs] 
131.445: Total time for which application threads were stopped: 0.0044050 seconds, Stopping threads took: 0.0019710 seconds
131.485: Application time: 0.0399970 seconds
131.487: [GC [PSYoungGen: 48624K->6624K(48640K)] 126215K->85671K(159744K), 0.0024630 secs] [Times: user=0.01 sys=0.00, real=0.00 secs] 
131.490: Total time for which application threads were stopped: 0.0049920 seconds, Stopping threads took: 0.0024490 seconds
131.531: Application time: 0.0412460 seconds
131.533: [GC [PSYoungGen: 48608K->6656K(48640K)] 127655K->85927K(159744K), 0.0021750 secs] [Times: user=0.02 sys=0.00, real=0.00 secs] 
131.535: Total time for which application threads were stopped: 0.0039170 seconds, Stopping threads took: 0.0016570 seconds
131.575: Application time: 0.0397700 seconds
131.577: [GC [PSYoungGen: 48640K->6656K(48640K)] 127911K->87183K(159744K), 0.0023970 secs] [Times: user=0.02 sys=0.00, real=0.00 secs] 
131.579: Total time for which application threads were stopped: 0.0042760 seconds, Stopping threads took: 0.0017960 seconds
131.619: Application time: 0.0400720 seconds
131.621: [GC [PSYoungGen: 48640K->6656K(48640K)] 129167K->87815K(159744K), 0.0022160 secs] [Times: user=0.02 sys=0.00, real=0.00 secs] 
131.623: Total time for which application threads were stopped: 0.0037030 seconds, Stopping threads took: 0.0014070 seconds
131.663: Application time: 0.0404580 seconds
131.665: [GC [PSYoungGen: 48640K->5744K(48640K)] 129799K->86903K(159744K), 0.0018320 secs] [Times: user=0.01 sys=0.00, real=0.00 secs] 
131.666: Total time for which application threads were stopped: 0.0031700 seconds, Stopping threads took: 0.0012550 seconds
131.707: Application time: 0.0403760 seconds
131.709: [GC [PSYoungGen: 47726K->6560K(48640K)] 128886K->87719K(159744K), 0.0020540 secs] [Times: user=0.01 sys=0.00, real=0.00 secs] 
131.711: Total time for which application threads were stopped: 0.0041610 seconds, Stopping threads took: 0.0020210 seconds
131.751: Application time: 0.0396900 seconds
131.753: [GC [PSYoungGen: 48544K->5344K(48640K)] 129703K->86503K(159744K), 0.0021430 secs] [Times: user=0.01 sys=0.00, real=0.00 secs] 
131.756: Total time for which application threads were stopped: 0.0048040 seconds, Stopping threads took: 0.0025840 seconds
131.795: Application time: 0.0394640 seconds
131.797: [GC [PSYoungGen: 47328K->6592K(48640K)] 128487K->87759K(159744K), 0.0020490 secs] [Times: user=0.02 sys=0.00, real=0.00 secs] 
131.799: Total time for which application threads were stopped: 0.0044310 seconds, Stopping threads took: 0.0022970 seconds
131.841: Application time: 0.0415030 seconds
131.843: [GC [PSYoungGen: 48576K->4944K(48640K)] 129743K->86111K(159744K), 0.0016980 secs] [Times: user=0.01 sys=0.00, real=0.01 secs] 
131.845: Total time for which application threads were stopped: 0.0037280 seconds, Stopping threads took: 0.0019540 seconds
131.886: Application time: 0.0411060 seconds
131.887: [GC [PSYoungGen: 46928K->6640K(48640K)] 128095K->87983K(159744K), 0.0021290 secs] [Times: user=0.01 sys=0.00, real=0.00 secs] 
131.889: Total time for which application threads were stopped: 0.0036930 seconds, Stopping threads took: 0.0014850 seconds
131.931: Application time: 0.0411070 seconds
131.932: [GC [PSYoungGen: 48624K->5792K(48640K)] 129967K->87135K(159744K), 0.0018020 secs] [Times: user=0.01 sys=0.00, real=0.00 secs] 
131.934: Total time for which application threads were stopped: 0.0033380 seconds, Stopping threads took: 0.0014560 seconds
131.974: Application time: 0.0404590 seconds
131.976: [GC [PSYoungGen: 47776K->6656K(48640K)] 129119K->88551K(159744K), 0.0021990 secs] [Times: user=0.01 sys=0.00, real=0.00 secs] 
131.978: Total time for which application threads were stopped: 0.0035310 seconds, Stopping threads took: 0.0012520 seconds
132.019: Application time: 0.0406190 seconds
132.020: [GC [PSYoungGen: 48640K->5520K(48640K)] 130535K->87423K(159744K), 0.0017340 secs] [Times: user=0.02 sys=0.00, real=0.00 secs] 
132.021: Total time for which application threads were stopped: 0.0029440 seconds, Stopping threads took: 0.0011330 seconds
132.062: Application time: 0.0404700 seconds
132.065: [GC [PSYoungGen: 47504K->6624K(48640K)] 129407K->88807K(159744K), 0.0021070 secs] [Times: user=0.00 sys=0.01, real=0.00 secs] 
132.067: Total time for which application threads were stopped: 0.0052350 seconds, Stopping threads took: 0.0030360 seconds
132.107: Application time: 0.0402310 seconds
132.109: [GC [PSYoungGen: 48608K->6640K(48640K)] 130791K->89471K(159744K), 0.0021860 secs] [Times: user=0.01 sys=0.00, real=0.01 secs] 
132.111: Total time for which application threads were stopped: 0.0040710 seconds, Stopping threads took: 0.0017850 seconds
132.151: Application time: 0.0395130 seconds
132.153: [GC [PSYoungGen: 48624K->6640K(48640K)] 131455K->89527K(159744K), 0.0020840 secs] [Times: user=0.01 sys=0.00, real=0.00 secs] 
132.155: Total time for which application threads were stopped: 0.0042160 seconds, Stopping threads took: 0.0020490 seconds
132.193: Application time: 0.0380810 seconds
132.196: [GC [PSYoungGen: 48624K->6656K(48640K)] 131511K->90447K(159744K), 0.0023330 secs] [Times: user=0.01 sys=0.00, real=0.00 secs] 
132.198: Total time for which application threads were stopped: 0.0049960 seconds, Stopping threads took: 0.0025690 seconds
132.237: Application time: 0.0389310 seconds
132.240: [GC [PSYoungGen: 48640K->6656K(48640K)] 132431K->91143K(159744K), 0.0022460 secs] [Times: user=0.02 sys=0.00, real=0.00 secs] 
132.242: Total time for which application threads were stopped: 0.0047560 seconds, Stopping threads took: 0.0024280 seconds
132.282: Application time: 0.0402910 seconds
132.285: [GC [PSYoungGen: 48640K->6640K(48640K)] 133127K->92195K(159744K), 0.0023620 secs] [Times: user=0.01 sys=0.00, real=0.00 secs] 
132.287: Total time for which application threads were stopped: 0.0048130 seconds, Stopping threads took: 0.0023680 seconds
132.326: Application time: 0.0393500 seconds
132.329: [GC [PSYoungGen: 48624K->6624K(48640K)] 134179K->92651K(159744K), 0.0022060 secs] [Times: user=0.02 sys=0.00, real=0.00 secs] 
132.331: Total time for which application threads were stopped: 0.0044750 seconds, Stopping threads took: 0.0021880 seconds
132.370: Application time: 0.0387950 seconds
132.371: [GC [PSYoungGen: 48608K->6656K(48640K)] 134635K->92923K(159744K), 0.0021040 secs] [Times: user=0.02 sys=0.00, real=0.00 secs] 
132.374: Total time for which application threads were stopped: 0.0039170 seconds, Stopping threads took: 0.0017300 seconds
132.414: Application time: 0.0402820 seconds
132.416: [GC [PSYoungGen: 48640K->6640K(48640K)] 134907K->92947K(159744K), 0.0021330 secs] [Times: user=0.02 sys=0.00, real=0.00 secs] 
132.418: Total time for which application threads were stopped: 0.0039390 seconds, Stopping threads took: 0.0017250 seconds
132.458: Application time: 0.0398920 seconds
132.459: [GC [PSYoungGen: 48624K->6640K(48640K)] 134931K->93371K(159744K), 0.0021700 secs] [Times: user=0.01 sys=0.00, real=0.00 secs] 
132.461: Total time for which application threads were stopped: 0.0031700 seconds, Stopping threads took: 0.0009130 seconds
132.505: Application time: 0.0438890 seconds
132.507: [GC [PSYoungGen: 48624K->6640K(48640K)] 135355K->94047K(159744K), 0.0022640 secs] [Times: user=0.02 sys=0.00, real=0.00 secs] 
132.509: Total time for which application threads were stopped: 0.0044100 seconds, Stopping threads took: 0.0020580 seconds
132.549: Application time: 0.0397150 seconds
132.550: [GC [PSYoungGen: 48624K->6656K(48640K)] 136031K->94175K(159744K), 0.0020800 secs] [Times: user=0.02 sys=0.00, real=0.01 secs] 
132.552: Total time for which application threads were stopped: 0.0034790 seconds, Stopping threads took: 0.0013180 seconds
132.593: Application time: 0.0405260 seconds
132.594: [GC [PSYoungGen: 48640K->6112K(48640K)] 136159K->93631K(159744K), 0.0019300 secs] [Times: user=0.02 sys=0.00, real=0.00 secs] 
132.596: Total time for which application threads were stopped: 0.0032050 seconds, Stopping threads took: 0.0011990 seconds
132.635: Application time: 0.0393320 seconds
132.638: [GC [PSYoungGen: 48096K->6656K(48640K)] 135615K->94975K(159744K), 0.0022560 secs] [Times: user=0.01 sys=0.00, real=0.00 secs] 
132.640: Total time for which application threads were stopped: 0.0043580 seconds, Stopping threads took: 0.0020130 seconds
132.680: Application time: 0.0401690 seconds
132.681: [GC [PSYoungGen: 48640K->6496K(48640K)] 136959K->94823K(159744K), 0.0020870 secs] [Times: user=0.01 sys=0.00, real=0.01 secs] 
132.684: Total time for which application threads were stopped: 0.0036010 seconds, Stopping threads took: 0.0014310 seconds
132.724: Application time: 0.0408490 seconds
132.727: [GC [PSYoungGen: 48480K->5776K(48640K)] 136807K->94103K(159744K), 0.0018460 secs] [Times: user=0.01 sys=0.00, real=0.00 secs] 
132.729: Total time for which application threads were stopped: 0.0044240 seconds, Stopping threads took: 0.0024900 seconds
132.769: Application time: 0.0396490 seconds
132.770: [GC [PSYoungGen: 47760K->6640K(48640K)] 136087K->95672K(159744K), 0.0022270 secs] [Times: user=0.02 sys=0.00, real=0.01 secs] 
132.773: Total time for which application threads were stopped: 0.0039620 seconds, Stopping threads took: 0.0016520 seconds
132.811: Application time: 0.0386390 seconds
132.814: [GC [PSYoungGen: 48624K->6640K(48640K)] 137656K->95728K(159744K), 0.0020940 secs] [Times: user=0.02 sys=0.00, real=0.00 secs] 
132.816: Total time for which application threads were stopped: 0.0045010 seconds, Stopping threads took: 0.0023210 seconds
132.856: Application time: 0.0398960 seconds
132.857: [GC [PSYoungGen: 48624K->6112K(48640K)] 137712K->95200K(159744K), 0.0019070 secs] [Times: user=0.01 sys=0.00, real=0.00 secs] 
132.859: Total time for which application threads were stopped: 0.0031250 seconds, Stopping threads took: 0.0011430 seconds
132.900: Application time: 0.0411790 seconds
132.902: [GC [PSYoungGen: 48096K->6064K(48640K)] 137184K->95168K(159744K), 0.0019960 secs] [Times: user=0.01 sys=0.00, real=0.01 secs] 
132.904: Total time for which application threads were stopped: 0.0038710 seconds, Stopping threads took: 0.0017970 seconds
132.944: Application time: 0.0405990 seconds
132.946: [GC [PSYoungGen: 48048K->6624K(48640K)] 137152K->96040K(159744K), 0.0022080 secs] [Times: user=0.02 sys=0.00, real=0.00 secs] 
132.948: Total time for which application threads were stopped: 0.0035280 seconds, Stopping threads took: 0.0012310 seconds
132.989: Application time: 0.0414500 seconds
132.991: [GC [PSYoungGen: 48608K->6656K(48640K)] 138024K->96640K(159744K), 0.0024140 secs] [Times: user=0.02 sys=0.00, real=0.01 secs] 
132.993: Total time for which application threads were stopped: 0.0040850 seconds, Stopping threads took: 0.0015830 seconds
133.033: Application time: 0.0397630 seconds
133.035: [GC [PSYoungGen: 48640K->6544K(48640K)] 138624K->96528K(159744K), 0.0022270 secs] [Times: user=0.02 sys=0.00, real=0.00 secs] 
133.037: Total time for which application threads were stopped: 0.0042580 seconds, Stopping threads took: 0.0019490 seconds
133.077: Application time: 0.0395400 seconds
133.079: [GC [PSYoungGen: 48526K->6640K(48640K)] 138510K->97780K(159744K), 0.0026820 secs] [Times: user=0.02 sys=0.00, real=0.00 secs] 
133.081: Total time for which application threads were stopped: 0.0043460 seconds, Stopping threads took: 0.0015590 seconds
133.121: Application time: 0.0394970 seconds
133.123: [GC [PSYoungGen: 48623K->6640K(48640K)] 139763K->98020K(159744K), 0.0025400 secs] [Times: user=0.02 sys=0.00, real=0.00 secs] 
133.126: Total time for which application threads were stopped: 0.0049230 seconds, Stopping threads took: 0.0023020 seconds
133.166: Application time: 0.0405070 seconds
133.169: [GC [PSYoungGen: 48624K->6624K(48640K)] 140004K->98700K(159744K), 0.0024460 secs] [Times: user=0.02 sys=0.00, real=0.00 secs] 
133.171: Total time for which application threads were stopped: 0.0048240 seconds, Stopping threads took: 0.0022730 seconds
133.211: Application time: 0.0394670 seconds
133.213: [GC [PSYoungGen: 48608K->6640K(48640K)] 140684K->98852K(159744K), 0.0020550 secs] [Times: user=0.01 sys=0.00, real=0.00 secs] 
133.215: Total time for which application threads were stopped: 0.0043840 seconds, Stopping threads took: 0.0022480 seconds
133.255: Application time: 0.0397290 seconds
133.256: [GC [PSYoungGen: 48624K->6624K(48640K)] 140836K->99396K(159744K), 0.0022730 secs] [Times: user=0.01 sys=0.00, real=0.00 secs] 
133.259: Total time for which application threads were stopped: 0.0040660 seconds, Stopping threads took: 0.0017000 seconds
133.299: Application time: 0.0401250 seconds
133.302: [GC [PSYoungGen: 48608K->6624K(48640K)] 141380K->100188K(159744K), 0.0023240 secs] [Times: user=0.02 sys=0.00, real=0.01 secs] 
133.304: Total time for which application threads were stopped: 0.0055410 seconds, Stopping threads took: 0.0031240 seconds
133.343: Application time: 0.0390220 seconds
133.344: [GC [PSYoungGen: 48608K->4304K(48640K)] 142172K->97868K(159744K), 0.0014880 secs] [Times: user=0.01 sys=0.00, real=0.00 secs] 
133.346: Total time for which application threads were stopped: 0.0021640 seconds, Stopping threads took: 0.0006040 seconds
133.385: Application time: 0.0392890 seconds
133.387: [GC [PSYoungGen: 46288K->5568K(48640K)] 139852K->99132K(159744K), 0.0017470 secs] [Times: user=0.01 sys=0.00, real=0.00 secs] 
133.389: Total time for which application threads were stopped: 0.0036990 seconds, Stopping threads took: 0.0018710 seconds
133.425: Application time: 0.0368900 seconds
133.427: [GC [PSYoungGen: 47552K->6640K(48640K)] 141116K->100212K(159744K), 0.0020220 secs] [Times: user=0.02 sys=0.00, real=0.00 secs] 
133.429: Total time for which application threads were stopped: 0.0034710 seconds, Stopping threads took: 0.0013700 seconds
133.469: Application time: 0.0403130 seconds
133.471: [GC [PSYoungGen: 48624K->5280K(48640K)] 142196K->98860K(159744K), 0.0017200 secs] [Times: user=0.02 sys=0.00, real=0.01 secs] 
133.472: Total time for which application threads were stopped: 0.0032000 seconds, Stopping threads took: 0.0014080 seconds
133.510: Application time: 0.0379850 seconds
133.512: [GC [PSYoungGen: 47264K->6640K(48640K)] 140844K->100556K(159744K), 0.0022050 secs] [Times: user=0.02 sys=0.00, real=0.00 secs] 
133.515: Total time for which application threads were stopped: 0.0040830 seconds, Stopping threads took: 0.0017920 seconds
133.553: Application time: 0.0387540 seconds
133.554: [GC [PSYoungGen: 48624K->6000K(48640K)] 142540K->99916K(159744K), 0.0019360 secs] [Times: user=0.01 sys=0.00, real=0.00 secs] 
133.556: Total time for which application threads were stopped: 0.0029050 seconds, Stopping threads took: 0.0008950 seconds
133.595: Application time: 0.0388600 seconds
133.598: [GC [PSYoungGen: 47984K->5968K(48640K)] 141900K->99884K(159744K), 0.0017430 secs] [Times: user=0.01 sys=0.00, real=0.00 secs] 
133.599: Total time for which application threads were stopped: 0.0043880 seconds, Stopping threads took: 0.0025710 seconds
133.636: Application time: 0.0370170 seconds
133.638: [GC [PSYoungGen: 47952K->6640K(48640K)] 141868K->101028K(159744K), 0.0022860 secs] [Times: user=0.01 sys=0.00, real=0.00 secs] 
133.640: Total time for which application threads were stopped: 0.0038960 seconds, Stopping threads took: 0.0015280 seconds
133.679: Application time: 0.0383200 seconds
133.680: [GC [PSYoungGen: 48624K->6624K(48640K)] 143012K->101292K(159744K), 0.0020980 secs] [Times: user=0.02 sys=0.00, real=0.00 secs] 
133.682: Total time for which application threads were stopped: 0.0030250 seconds, Stopping threads took: 0.0008480 seconds
133.718: Application time: 0.0357850 seconds
133.719: [GC [PSYoungGen: 48608K->6640K(48640K)] 143276K->101844K(159744K), 0.0021720 secs] [Times: user=0.02 sys=0.00, real=0.00 secs] 
133.721: Total time for which application threads were stopped: 0.0039230 seconds, Stopping threads took: 0.0016690 seconds
133.759: Application time: 0.0370960 seconds
133.760: [GC [PSYoungGen: 48624K->6624K(48640K)] 143828K->102324K(159744K), 0.0021840 secs] [Times: user=0.01 sys=0.00, real=0.00 secs] 
133.762: Total time for which application threads were stopped: 0.0037440 seconds, Stopping threads took: 0.0014720 seconds
133.801: Application time: 0.0383800 seconds
133.802: [GC [PSYoungGen: 48608K->6656K(48640K)] 144308K->102692K(159744K), 0.0022600 secs] [Times: user=0.02 sys=0.00, real=0.01 secs] 
133.805: Total time for which application threads were stopped: 0.0039000 seconds, Stopping threads took: 0.0015430 seconds
133.841: Application time: 0.0362390 seconds
133.842: [GC [PSYoungGen: 48640K->6640K(48640K)] 144676K->104268K(159744K), 0.0027010 secs] [Times: user=0.01 sys=0.00, real=0.01 secs] 
133.845: Total time for which application threads were stopped: 0.0044180 seconds, Stopping threads took: 0.0016090 seconds
133.884: Application time: 0.0387650 seconds
133.886: [GC [PSYoungGen: 48624K->6640K(48640K)] 146252K->104268K(159744K), 0.0021880 secs] [Times: user=0.02 sys=0.00, real=0.00 secs] 
133.888: Total time for which application threads were stopped: 0.0043430 seconds, Stopping threads took: 0.0020740 seconds
133.927: Application time: 0.0387770 seconds
133.929: [GC [PSYoungGen: 48624K->6144K(48640K)] 146252K->103788K(159744K), 0.0019730 secs] [Times: user=0.01 sys=0.00, real=0.00 secs] 
133.931: Total time for which application threads were stopped: 0.0037280 seconds, Stopping threads took: 0.0016810 seconds
133.970: Application time: 0.0396030 seconds
133.971: [GC [PSYoungGen: 48128K->6560K(48640K)] 145772K->104212K(159744K), 0.0019960 secs] [Times: user=0.02 sys=0.00, real=0.01 secs] 
133.973: Total time for which application threads were stopped: 0.0024600 seconds, Stopping threads took: 0.0003870 seconds
134.011: Application time: 0.0377800 seconds
134.012: [GC [PSYoungGen: 48544K->5936K(48640K)] 146196K->103596K(159744K), 0.0018300 secs] [Times: user=0.02 sys=0.00, real=0.00 secs] 
134.014: Total time for which application threads were stopped: 0.0035280 seconds, Stopping threads took: 0.0016180 seconds
134.050: Application time: 0.0361720 seconds
134.052: [GC [PSYoungGen: 47920K->6656K(48640K)] 145580K->105052K(159744K), 0.0022250 secs] [Times: user=0.02 sys=0.00, real=0.00 secs] 
134.054: Total time for which application threads were stopped: 0.0039270 seconds, Stopping threads took: 0.0016190 seconds
134.091: Application time: 0.0369870 seconds
134.093: [GC [PSYoungGen: 48640K->6656K(48640K)] 147036K->106068K(159744K), 0.0025340 secs] [Times: user=0.02 sys=0.00, real=0.00 secs] 
134.096: Total time for which application threads were stopped: 0.0047140 seconds, Stopping threads took: 0.0020960 seconds
134.133: Application time: 0.0370640 seconds
134.135: [GC [PSYoungGen: 48640K->6624K(48640K)] 148052K->107340K(159744K), 0.0025200 secs] [Times: user=0.01 sys=0.00, real=0.00 secs] 
134.138: Total time for which application threads were stopped: 0.0049480 seconds, Stopping threads took: 0.0023260 seconds
134.175: Application time: 0.0365460 seconds
134.176: [GC [PSYoungGen: 48608K->6384K(48640K)] 149324K->107108K(159744K), 0.0019630 secs] [Times: user=0.01 sys=0.00, real=0.00 secs] 
134.178: Total time for which application threads were stopped: 0.0035680 seconds, Stopping threads took: 0.0015260 seconds
134.215: Application time: 0.0373070 seconds
134.217: [GC [PSYoungGen: 48368K->5840K(48640K)] 149092K->106572K(159744K), 0.0018590 secs] [Times: user=0.01 sys=0.00, real=0.00 secs] 
134.219: Total time for which application threads were stopped: 0.0037700 seconds, Stopping threads took: 0.0018320 seconds
134.256: Application time: 0.0372400 seconds
134.259: [GC [PSYoungGen: 47824K->6640K(48640K)] 148556K->107860K(159744K), 0.0022130 secs] [Times: user=0.02 sys=0.00, real=0.00 secs] 
134.261: Total time for which application threads were stopped: 0.0043370 seconds, Stopping threads took: 0.0020370 seconds
134.299: Application time: 0.0381850 seconds
134.301: [GC [PSYoungGen: 48624K->6432K(48640K)] 149844K->107660K(159744K), 0.0019920 secs] [Times: user=0.01 sys=0.00, real=0.00 secs] 
134.303: Total time for which application threads were stopped: 0.0039120 seconds, Stopping threads took: 0.0018340 seconds
134.341: Application time: 0.0376610 seconds
134.342: [GC [PSYoungGen: 48416K->6368K(48640K)] 149644K->107596K(159744K), 0.0020020 secs] [Times: user=0.01 sys=0.00, real=0.01 secs] 
134.344: Total time for which application threads were stopped: 0.0032700 seconds, Stopping threads took: 0.0011880 seconds
134.381: Application time: 0.0375160 seconds
134.383: [GC [PSYoungGen: 48352K->5184K(48640K)] 149580K->106412K(159744K), 0.0016840 secs] [Times: user=0.01 sys=0.00, real=0.00 secs] 
134.385: Total time for which application threads were stopped: 0.0035990 seconds, Stopping threads took: 0.0018430 seconds
134.423: Application time: 0.0376660 seconds
134.425: [GC [PSYoungGen: 47168K->6656K(48640K)] 148396K->108476K(159744K), 0.0022820 secs] [Times: user=0.01 sys=0.00, real=0.00 secs] 
134.427: Total time for which application threads were stopped: 0.0046920 seconds, Stopping threads took: 0.0023250 seconds
134.466: Application time: 0.0383360 seconds
134.467: [GC [PSYoungGen: 48640K->6656K(48640K)] 150460K->109980K(159744K), 0.0024860 secs] [Times: user=0.02 sys=0.00, real=0.00 secs] 
134.470: Total time for which application threads were stopped: 0.0041680 seconds, Stopping threads took: 0.0015980 seconds
134.507: Application time: 0.0370330 seconds
134.508: [GC [PSYoungGen: 48640K->6640K(48640K)] 151964K->110796K(159744K), 0.0022930 secs] [Times: user=0.01 sys=0.00, real=0.00 secs] 
134.510: Total time for which application threads were stopped: 0.0035980 seconds, Stopping threads took: 0.0012250 seconds
134.547: Application time: 0.0364730 seconds
134.548: [GC [PSYoungGen: 48624K->6656K(48640K)] 152780K->112060K(159744K), 0.0024060 secs] [Times: user=0.01 sys=0.00, real=0.00 secs] 
134.551: Total time for which application threads were stopped: 0.0038070 seconds, Stopping threads took: 0.0013160 seconds
134.589: Application time: 0.0383720 seconds
134.592: [GC [PSYoungGen: 48640K->5344K(48640K)] 154044K->110748K(159744K), 0.0016550 secs] [Times: user=0.01 sys=0.00, real=0.00 secs] 
134.593: Total time for which application threads were stopped: 0.0042150 seconds, Stopping threads took: 0.0024810 seconds
134.633: Application time: 0.0392030 seconds
134.633: [GC [PSYoungGen: 47328K->6656K(48640K)] 152732K->113012K(159744K), 0.0023870 secs] [Times: user=0.02 sys=0.00, real=0.00 secs] 
134.636: Total time for which application threads were stopped: 0.0030330 seconds, Stopping threads took: 0.0005610 seconds
134.673: Application time: 0.0373810 seconds
134.675: [GC [PSYoungGen: 48640K->6656K(48640K)] 154996K->114332K(159744K), 0.0024270 secs] [Times: user=0.02 sys=0.00, real=0.00 secs] 
134.678: Total time for which application threads were stopped: 0.0047780 seconds, Stopping threads took: 0.0022680 seconds
134.714: Application time: 0.0367110 seconds
134.716: [GC [PSYoungGen: 48640K->6656K(48640K)] 156316K->114936K(159744K), 0.0022380 secs] [Times: user=0.01 sys=0.00, real=0.00 secs] 
134.719: Total time for which application threads were stopped: 0.0040640 seconds, Stopping threads took: 0.0017440 seconds
134.755: Application time: 0.0363570 seconds
134.757: [GC [PSYoungGen: 48640K->6656K(48640K)] 156920K->114944K(159744K), 0.0020410 secs] [Times: user=0.01 sys=0.00, real=0.00 secs] 
134.759: Total time for which application threads were stopped: 0.0039050 seconds, Stopping threads took: 0.0017860 seconds
134.796: Application time: 0.0373620 seconds
134.798: [GC [PSYoungGen: 48640K->6656K(48640K)] 156928K->116320K(159744K), 0.0045700 secs] [Times: user=0.03 sys=0.00, real=0.00 secs] 
134.803: [Full GC [PSYoungGen: 6656K->0K(48640K)] [ParOldGen: 109664K->10678K(111104K)] 116320K->10678K(159744K) [PSPermGen: 5151K->5151K(21504K)], 0.0070100 secs] [Times: user=0.04 sys=0.00, real=0.01 secs] 
134.810: Total time for which application threads were stopped: 0.0136530 seconds, Stopping threads took: 0.0019470 seconds
134.847: Application time: 0.0376030 seconds
134.850: [GC [PSYoungGen: 41984K->6656K(48640K)] 52662K->18182K(159744K), 0.0021920 secs] [Times: user=0.02 sys=0.00, real=0.01 secs] 
134.852: Total time for which application threads were stopped: 0.0049550 seconds, Stopping threads took: 0.0026730 seconds
134.891: Application time: 0.0385530 seconds
134.892: [GC [PSYoungGen: 48640K->6640K(48640K)] 60166K->19214K(159744K), 0.0023880 secs] [Times: user=0.01 sys=0.00, real=0.00 secs] 
134.895: Total time for which application threads were stopped: 0.0036110 seconds, Stopping threads took: 0.0011410 seconds
134.933: Application time: 0.0382170 seconds
134.935: [GC [PSYoungGen: 48624K->6640K(48640K)] 61198K->20662K(159744K), 0.0023400 secs] [Times: user=0.01 sys=0.00, real=0.00 secs] 
134.937: Total time for which application threads were stopped: 0.0043920 seconds, Stopping threads took: 0.0019670 seconds
134.975: Application time: 0.0376930 seconds
134.976: [GC [PSYoungGen: 48624K->6640K(48640K)] 62646K->21510K(159744K), 0.0021830 secs] [Times: user=0.01 sys=0.00, real=0.00 secs] 
134.979: Total time for which application threads were stopped: 0.0038030 seconds, Stopping threads took: 0.0015420 seconds
135.016: Application time: 0.0378260 seconds
135.018: [GC [PSYoungGen: 48624K->6400K(48640K)] 63494K->21270K(159744K), 0.0019190 secs] [Times: user=0.01 sys=0.00, real=0.00 secs] 
135.020: Total time for which application threads were stopped: 0.0031360 seconds, Stopping threads took: 0.0011350 seconds
135.058: Application time: 0.0386110 seconds
135.060: [GC [PSYoungGen: 48384K->5440K(48640K)] 63254K->20310K(159744K), 0.0016060 secs] [Times: user=0.01 sys=0.00, real=0.00 secs] 
135.061: Total time for which application threads were stopped: 0.0032470 seconds, Stopping threads took: 0.0015650 seconds
135.098: Application time: 0.0369760 seconds
135.100: [GC [PSYoungGen: 47424K->6624K(48640K)] 62294K->21718K(159744K), 0.0025910 secs] [Times: user=0.01 sys=0.00, real=0.00 secs] 
135.103: Total time for which application threads were stopped: 0.0044790 seconds, Stopping threads took: 0.0017890 seconds
135.140: Application time: 0.0366130 seconds
135.141: [GC [PSYoungGen: 48608K->6656K(48640K)] 63702K->22430K(159744K), 0.0022470 secs] [Times: user=0.01 sys=0.00, real=0.01 secs] 
135.144: Total time for which application threads were stopped: 0.0039590 seconds, Stopping threads took: 0.0016320 seconds
135.180: Application time: 0.0362390 seconds
135.182: [GC [PSYoungGen: 48640K->6656K(48640K)] 64414K->23294K(159744K), 0.0025110 secs] [Times: user=0.01 sys=0.00, real=0.01 secs] 
135.185: Total time for which application threads were stopped: 0.0048570 seconds, Stopping threads took: 0.0022380 seconds
135.223: Application time: 0.0379660 seconds
135.224: [GC [PSYoungGen: 48640K->6640K(48640K)] 65278K->23462K(159744K), 0.0021520 secs] [Times: user=0.01 sys=0.00, real=0.00 secs] 
135.226: Total time for which application threads were stopped: 0.0037940 seconds, Stopping threads took: 0.0015580 seconds
135.265: Application time: 0.0389570 seconds
135.268: [GC [PSYoungGen: 48623K->5888K(48640K)] 65445K->22710K(159744K), 0.0017170 secs] [Times: user=0.01 sys=0.00, real=0.00 secs] 
135.269: Total time for which application threads were stopped: 0.0041080 seconds, Stopping threads took: 0.0023140 seconds
135.306: Application time: 0.0365130 seconds
135.307: Total time for which application threads were stopped: 0.0010780 seconds, Stopping threads took: 0.0010580 seconds
135.307: Application time: 0.0002530 seconds
135.309: [GC [PSYoungGen: 47872K->5248K(48640K)] 64694K->22070K(159744K), 0.0014730 secs] [Times: user=0.01 sys=0.00, real=0.00 secs] 
135.311: Total time for which application threads were stopped: 0.0031990 seconds, Stopping threads took: 0.0016660 seconds
135.349: Application time: 0.0380020 seconds
135.349: [GC [PSYoungGen: 47232K->4656K(48640K)] 64054K->21478K(159744K), 0.0015930 secs] [Times: user=0.01 sys=0.00, real=0.00 secs] 
135.351: Total time for which application threads were stopped: 0.0021950 seconds, Stopping threads took: 0.0005320 seconds
135.389: Application time: 0.0387360 seconds
135.392: [GC [PSYoungGen: 46640K->5520K(48640K)] 63462K->22342K(159744K), 0.0018170 secs] [Times: user=0.01 sys=0.00, real=0.00 secs] 
135.394: Total time for which application threads were stopped: 0.0044720 seconds, Stopping threads took: 0.0025580 seconds
135.398: Application time: 0.0040440 seconds
135.399: Total time for which application threads were stopped: 0.0014870 seconds, Stopping threads took: 0.0014540 seconds
135.433: Application time: 0.0339800 seconds
135.435: [GC [PSYoungGen: 47504K->4912K(48640K)] 64326K->21734K(159744K), 0.0015830 secs] [Times: user=0.01 sys=0.00, real=0.00 secs] 
135.437: Total time for which application threads were stopped: 0.0033060 seconds, Stopping threads took: 0.0016460 seconds
135.460: Application time: 0.0233570 seconds
135.462: Total time for which application threads were stopped: 0.0014420 seconds, Stopping threads took: 0.0014180 seconds
135.480: Application time: 0.0182320 seconds
135.482: [GC [PSYoungGen: 46896K->3552K(48640K)] 63718K->20382K(159744K), 0.0011530 secs] [Times: user=0.01 sys=0.00, real=0.01 secs] 
135.483: Total time for which application threads were stopped: 0.0034480 seconds, Stopping threads took: 0.0022050 seconds
135.528: Application time: 0.0446710 seconds
135.529: [GC [PSYoungGen: 45536K->3264K(48640K)] 62366K->20102K(159744K), 0.0012040 secs] [Times: user=0.01 sys=0.00, real=0.00 secs] 
135.531: Total time for which application threads were stopped: 0.0027100 seconds, Stopping threads took: 0.0014350 seconds
135.546: Application time: 0.0149930 seconds
135.546: Total time for which application threads were stopped: 0.0003920 seconds, Stopping threads took: 0.0003690 seconds
135.557: Application time: 0.0110180 seconds
135.557: Total time for which application threads were stopped: 0.0000950 seconds, Stopping threads took: 0.0000740 seconds
135.626: Application time: 0.0685680 seconds
135.626: Total time for which application threads were stopped: 0.0000820 seconds, Stopping threads took: 0.0000480 seconds
135.627: Application time: 0.0007370 seconds
135.627: Total time for which application threads were stopped: 0.0000290 seconds, Stopping threads took: 0.0000140 seconds
135.633: Application time: 0.0064830 seconds
135.636: [GC [PSYoungGen: 45248K->6144K(48640K)] 62086K->22982K(159744K), 0.0020990 secs] [Times: user=0.02 sys=0.00, real=0.00 secs] 
135.638: Total time for which application threads were stopped: 0.0050600 seconds, Stopping threads took: 0.0028840 seconds
135.675: Application time: 0.0370120 seconds
135.677: [GC [PSYoungGen: 48128K->6624K(48640K)] 64966K->23462K(159744K), 0.0022140 secs] [Times: user=0.01 sys=0.00, real=0.00 secs] 
135.679: Total time for which application threads were stopped: 0.0040270 seconds, Stopping threads took: 0.0017010 seconds
135.716: Application time: 0.0372660 seconds
135.718: [GC [PSYoungGen: 48608K->6096K(48640K)] 65446K->22942K(159744K), 0.0020360 secs] [Times: user=0.02 sys=0.00, real=0.00 secs] 
135.720: Total time for which application threads were stopped: 0.0034450 seconds, Stopping threads took: 0.0013030 seconds
135.756: Application time: 0.0357810 seconds
135.758: [GC [PSYoungGen: 48080K->6640K(48640K)] 64926K->24222K(159744K), 0.0022960 secs] [Times: user=0.01 sys=0.00, real=0.00 secs] 
135.760: Total time for which application threads were stopped: 0.0042740 seconds, Stopping threads took: 0.0018920 seconds
135.798: Application time: 0.0383860 seconds
135.800: [GC [PSYoungGen: 48624K->6352K(48640K)] 66206K->23934K(159744K), 0.0021700 secs] [Times: user=0.02 sys=0.00, real=0.00 secs] 
135.802: Total time for which application threads were stopped: 0.0036310 seconds, Stopping threads took: 0.0013600 seconds
135.840: Application time: 0.0385400 seconds
135.842: [GC [PSYoungGen: 48336K->6640K(48640K)] 65918K->24310K(159744K), 0.0020690 secs] [Times: user=0.02 sys=0.00, real=0.01 secs] 
135.844: Total time for which application threads were stopped: 0.0038750 seconds, Stopping threads took: 0.0017240 seconds
135.884: Application time: 0.0397680 seconds
135.887: [GC [PSYoungGen: 48624K->6640K(48640K)] 66294K->24734K(159744K), 0.0020160 secs] [Times: user=0.01 sys=0.00, real=0.00 secs] 
135.889: Total time for which application threads were stopped: 0.0051930 seconds, Stopping threads took: 0.0030980 seconds
135.928: Application time: 0.0388860 seconds
135.932: [GC [PSYoungGen: 48624K->6624K(48640K)] 66718K->25970K(159744K), 0.0025930 secs] [Times: user=0.01 sys=0.01, real=0.00 secs] 
135.935: Total time for which application threads were stopped: 0.0063630 seconds, Stopping threads took: 0.0036760 seconds
135.976: Application time: 0.0414600 seconds
135.978: [GC [PSYoungGen: 48608K->6640K(48640K)] 67954K->26614K(159744K), 0.0022410 secs] [Times: user=0.02 sys=0.00, real=0.00 secs] 
135.981: Total time for which application threads were stopped: 0.0047370 seconds, Stopping threads took: 0.0024130 seconds
136.021: Application time: 0.0400190 seconds
136.023: [GC [PSYoungGen: 48624K->6640K(48640K)] 68598K->27566K(159744K), 0.0024820 secs] [Times: user=0.01 sys=0.00, real=0.00 secs] 
136.026: Total time for which application threads were stopped: 0.0052100 seconds, Stopping threads took: 0.0026340 seconds
136.067: Application time: 0.0414020 seconds
136.070: [GC [PSYoungGen: 48624K->6640K(48640K)] 69550K->27998K(159744K), 0.0024010 secs] [Times: user=0.02 sys=0.00, real=0.01 secs] 
136.073: Total time for which application threads were stopped: 0.0053940 seconds, Stopping threads took: 0.0028870 seconds
136.109: Application time: 0.0361020 seconds
136.110: [GC [PSYoungGen: 48624K->6640K(48640K)] 69982K->28054K(159744K), 0.0022920 secs] [Times: user=0.02 sys=0.00, real=0.01 secs] 
136.113: Total time for which application threads were stopped: 0.0038130 seconds, Stopping threads took: 0.0014170 seconds
136.121: Application time: 0.0080950 seconds
136.123: Total time for which application threads were stopped: 0.0017820 seconds, Stopping threads took: 0.0017330 seconds
136.125: Application time: 0.0021510 seconds
136.127: Total time for which application threads were stopped: 0.0023410 seconds, Stopping threads took: 0.0023180 seconds
136.143: Application time: 0.0161610 seconds
136.146: Total time for which application threads were stopped: 0.0026920 seconds, Stopping threads took: 0.0026420 seconds
136.155: Application time: 0.0086030 seconds
136.156: [GC [PSYoungGen: 48624K->4448K(48640K)] 70038K->25870K(159744K), 0.0016040 secs] [Times: user=0.01 sys=0.00, real=0.00 secs] 
136.158: Total time for which application threads were stopped: 0.0034540 seconds, Stopping threads took: 0.0017740 seconds
136.194: Application time: 0.0361400 seconds
136.196: [GC [PSYoungGen: 46432K->6656K(48640K)] 67854K->29022K(159744K), 0.0024270 secs] [Times: user=0.02 sys=0.00, real=0.00 secs] 
136.199: Total time for which application threads were stopped: 0.0047710 seconds, Stopping threads took: 0.0022430 seconds
136.236: Application time: 0.0372040 seconds
136.239: [GC [PSYoungGen: 48640K->6640K(48640K)] 71006K->29774K(159744K), 0.0022460 secs] [Times: user=0.01 sys=0.00, real=0.00 secs] 
136.241: Total time for which application threads were stopped: 0.0048030 seconds, Stopping threads took: 0.0024750 seconds
136.278: Application time: 0.0370800 seconds
136.279: [GC [PSYoungGen: 48624K->6432K(48640K)] 71758K->29630K(159744K), 0.0018810 secs] [Times: user=0.02 sys=0.00, real=0.00 secs] 
136.281: Total time for which application threads were stopped: 0.0029860 seconds, Stopping threads took: 0.0010270 seconds
136.319: Application time: 0.0375900 seconds
136.320: [GC [PSYoungGen: 48416K->6656K(48640K)] 71614K->30438K(159744K), 0.0021550 secs] [Times: user=0.01 sys=0.00, real=0.00 secs] 
136.322: Total time for which application threads were stopped: 0.0038830 seconds, Stopping threads took: 0.0016510 seconds
136.361: Application time: 0.0380510 seconds
136.364: [GC [PSYoungGen: 48640K->6624K(48640K)] 72422K->31590K(159744K), 0.0022410 secs] [Times: user=0.01 sys=0.00, real=0.00 secs] 
136.366: Total time for which application threads were stopped: 0.0052670 seconds, Stopping threads took: 0.0029390 seconds
136.402: Application time: 0.0366060 seconds
136.405: [GC [PSYoungGen: 48608K->6640K(48640K)] 73574K->32950K(159744K), 0.0024330 secs] [Times: user=0.02 sys=0.00, real=0.00 secs] 
136.407: Total time for which application threads were stopped: 0.0045730 seconds, Stopping threads took: 0.0020570 seconds
136.445: Application time: 0.0383010 seconds
136.447: [GC [PSYoungGen: 48623K->6560K(48640K)] 74934K->32870K(159744K), 0.0019210 secs] [Times: user=0.02 sys=0.00, real=0.00 secs] 
136.449: Total time for which application threads were stopped: 0.0034220 seconds, Stopping threads took: 0.0014140 seconds
136.487: Application time: 0.0378440 seconds
136.488: [GC [PSYoungGen: 48544K->6640K(48640K)] 74854K->34110K(159744K), 0.0022750 secs] [Times: user=0.01 sys=0.01, real=0.00 secs] 
136.490: Total time for which application threads were stopped: 0.0038070 seconds, Stopping threads took: 0.0014410 seconds
136.529: Application time: 0.0384030 seconds
136.530: [GC [PSYoungGen: 48624K->6656K(48640K)] 76094K->34630K(159744K), 0.0020970 secs] [Times: user=0.01 sys=0.00, real=0.01 secs] 
136.532: Total time for which application threads were stopped: 0.0037260 seconds, Stopping threads took: 0.0015490 seconds
136.570: Application time: 0.0379320 seconds
136.573: [GC [PSYoungGen: 48640K->6624K(48640K)] 76614K->34598K(159744K), 0.0019580 secs] [Times: user=0.02 sys=0.00, real=0.00 secs] 
136.575: Total time for which application threads were stopped: 0.0040990 seconds, Stopping threads took: 0.0020600 seconds
136.613: Application time: 0.0387690 seconds
136.615: [GC [PSYoungGen: 48608K->6640K(48640K)] 76582K->34822K(159744K), 0.0019790 secs] [Times: user=0.01 sys=0.00, real=0.00 secs] 
136.617: Total time for which application threads were stopped: 0.0033320 seconds, Stopping threads took: 0.0012740 seconds
136.653: Application time: 0.0359580 seconds
136.655: [GC [PSYoungGen: 48624K->6640K(48640K)] 76806K->36230K(159744K), 0.0023610 secs] [Times: user=0.02 sys=0.00, real=0.00 secs] 
136.658: Total time for which application threads were stopped: 0.0050170 seconds, Stopping threads took: 0.0025750 seconds
136.696: Application time: 0.0379270 seconds
136.698: [GC [PSYoungGen: 48624K->6224K(48640K)] 78214K->35814K(159744K), 0.0018580 secs] [Times: user=0.01 sys=0.00, real=0.00 secs] 
136.700: Total time for which application threads were stopped: 0.0040870 seconds, Stopping threads took: 0.0021490 seconds
136.739: Application time: 0.0391150 seconds
136.740: [GC [PSYoungGen: 48208K->6656K(48640K)] 77798K->37014K(159744K), 0.0021820 secs] [Times: user=0.01 sys=0.00, real=0.00 secs] 
136.742: Total time for which application threads were stopped: 0.0036560 seconds, Stopping threads took: 0.0013920 seconds
136.780: Application time: 0.0376490 seconds
136.781: [GC [PSYoungGen: 48640K->6656K(48640K)] 78998K->38094K(159744K), 0.0022880 secs] [Times: user=0.02 sys=0.00, real=0.01 secs] 
136.784: Total time for which application threads were stopped: 0.0035870 seconds, Stopping threads took: 0.0012190 seconds
136.821: Application time: 0.0374470 seconds
136.823: [GC [PSYoungGen: 48638K->6656K(48640K)] 80077K->39647K(159744K), 0.0024170 secs] [Times: user=0.02 sys=0.00, real=0.01 secs] 
136.825: Total time for which application threads were stopped: 0.0039630 seconds, Stopping threads took: 0.0014620 seconds
136.863: Application time: 0.0380880 seconds
136.865: [GC [PSYoungGen: 48640K->6656K(48640K)] 81631K->40359K(159744K), 0.0021600 secs] [Times: user=0.01 sys=0.00, real=0.00 secs] 
136.867: Total time for which application threads were stopped: 0.0041400 seconds, Stopping threads took: 0.0019000 seconds
136.906: Application time: 0.0388150 seconds
136.908: [GC [PSYoungGen: 48640K->6656K(48640K)] 82343K->40439K(159744K), 0.0019150 secs] [Times: user=0.01 sys=0.00, real=0.00 secs] 
136.910: Total time for which application threads were stopped: 0.0035780 seconds, Stopping threads took: 0.0015880 seconds
136.946: Application time: 0.0362690 seconds
136.948: [GC [PSYoungGen: 48640K->6656K(48640K)] 82423K->40911K(159744K), 0.0022020 secs] [Times: user=0.01 sys=0.00, real=0.00 secs] 
136.951: Total time for which application threads were stopped: 0.0046390 seconds, Stopping threads took: 0.0023460 seconds
136.989: Application time: 0.0379350 seconds
136.991: [GC [PSYoungGen: 48638K->6496K(48640K)] 82893K->40751K(159744K), 0.0019530 secs] [Times: user=0.01 sys=0.01, real=0.01 secs] 
136.993: Total time for which application threads were stopped: 0.0045140 seconds, Stopping threads took: 0.0024820 seconds
137.033: Application time: 0.0395970 seconds
137.034: [GC [PSYoungGen: 48480K->5920K(48640K)] 82735K->40175K(159744K), 0.0017710 secs] [Times: user=0.01 sys=0.00, real=0.00 secs] 
137.035: Total time for which application threads were stopped: 0.0027190 seconds, Stopping threads took: 0.0008740 seconds
137.072: Application time: 0.0367220 seconds
137.074: [GC [PSYoungGen: 47904K->6656K(48640K)] 82159K->41439K(159744K), 0.0021460 secs] [Times: user=0.02 sys=0.00, real=0.00 secs] 
137.076: Total time for which application threads were stopped: 0.0042620 seconds, Stopping threads took: 0.0020300 seconds
137.115: Application time: 0.0388370 seconds
137.117: [GC [PSYoungGen: 48640K->5280K(48640K)] 83423K->40063K(159744K), 0.0015930 secs] [Times: user=0.01 sys=0.00, real=0.00 secs] 
137.119: Total time for which application threads were stopped: 0.0033270 seconds, Stopping threads took: 0.0016590 seconds
137.159: Application time: 0.0403900 seconds
137.161: [GC [PSYoungGen: 47264K->6176K(48640K)] 82047K->40959K(159744K), 0.0018590 secs] [Times: user=0.01 sys=0.00, real=0.00 secs] 
137.162: Total time for which application threads were stopped: 0.0035130 seconds, Stopping threads took: 0.0015800 seconds
137.200: Application time: 0.0373190 seconds
137.202: [GC [PSYoungGen: 48160K->5952K(48640K)] 82943K->40735K(159744K), 0.0018650 secs] [Times: user=0.02 sys=0.00, real=0.01 secs] 
137.204: Total time for which application threads were stopped: 0.0039000 seconds, Stopping threads took: 0.0019530 seconds
137.240: Application time: 0.0366620 seconds
137.242: [GC [PSYoungGen: 47936K->6656K(48640K)] 82719K->42447K(159744K), 0.0022940 secs] [Times: user=0.02 sys=0.00, real=0.01 secs] 
137.245: Total time for which application threads were stopped: 0.0043420 seconds, Stopping threads took: 0.0019670 seconds
137.282: Application time: 0.0373240 seconds
137.283: [GC [PSYoungGen: 48640K->6624K(48640K)] 84431K->43747K(159744K), 0.0023510 secs] [Times: user=0.02 sys=0.00, real=0.00 secs] 
137.286: Total time for which application threads were stopped: 0.0037100 seconds, Stopping threads took: 0.0012770 seconds
137.324: Application time: 0.0387070 seconds
137.326: [GC [PSYoungGen: 48608K->6384K(48640K)] 85731K->43507K(159744K), 0.0018100 secs] [Times: user=0.00 sys=0.01, real=0.00 secs] 
137.328: Total time for which application threads were stopped: 0.0034550 seconds, Stopping threads took: 0.0015670 seconds
137.368: Application time: 0.0397130 seconds
137.371: [GC [PSYoungGen: 48368K->6640K(48640K)] 85491K->43779K(159744K), 0.0020240 secs] [Times: user=0.02 sys=0.00, real=0.01 secs] 
137.373: Total time for which application threads were stopped: 0.0051460 seconds, Stopping threads took: 0.0030410 seconds
137.413: Application time: 0.0405050 seconds
137.415: [GC [PSYoungGen: 48624K->6624K(48640K)] 85763K->44075K(159744K), 0.0021400 secs] [Times: user=0.00 sys=0.00, real=0.00 secs] 
137.418: Total time for which application threads were stopped: 0.0043000 seconds, Stopping threads took: 0.0020860 seconds
137.456: Application time: 0.0385650 seconds
137.458: [GC [PSYoungGen: 48608K->6656K(48640K)] 86059K->44743K(159744K), 0.0021480 secs] [Times: user=0.02 sys=0.00, real=0.00 secs] 
137.460: Total time for which application threads were stopped: 0.0040880 seconds, Stopping threads took: 0.0018460 seconds
137.500: Application time: 0.0397900 seconds
137.502: [GC [PSYoungGen: 48640K->6640K(48640K)] 86727K->44847K(159744K), 0.0020710 secs] [Times: user=0.02 sys=0.00, real=0.01 secs] 
137.504: Total time for which application threads were stopped: 0.0043890 seconds, Stopping threads took: 0.0022340 seconds
137.545: Application time: 0.0403080 seconds
137.546: [GC [PSYoungGen: 48622K->6656K(48640K)] 86829K->46255K(159744K), 0.0025260 secs] [Times: user=0.01 sys=0.00, real=0.00 secs] 
137.549: Total time for which application threads were stopped: 0.0043440 seconds, Stopping threads took: 0.0017320 seconds
137.589: Application time: 0.0394840 seconds
137.591: [GC [PSYoungGen: 48640K->6624K(48640K)] 88239K->47063K(159744K), 0.0022390 secs] [Times: user=0.01 sys=0.00, real=0.01 secs] 
137.593: Total time for which application threads were stopped: 0.0044920 seconds, Stopping threads took: 0.0021730 seconds
137.632: Application time: 0.0391050 seconds
137.634: [GC [PSYoungGen: 48608K->6656K(48640K)] 89047K->48151K(159744K), 0.0023310 secs] [Times: user=0.02 sys=0.00, real=0.00 secs] 
137.636: Total time for which application threads were stopped: 0.0037730 seconds, Stopping threads took: 0.0013500 seconds
137.677: Application time: 0.0407570 seconds
137.678: [GC [PSYoungGen: 48640K->6640K(48640K)] 90135K->49471K(159744K), 0.0024020 secs] [Times: user=0.02 sys=0.00, real=0.00 secs] 
137.681: Total time for which application threads were stopped: 0.0041890 seconds, Stopping threads took: 0.0017010 seconds
137.722: Application time: 0.0409640 seconds
137.724: [GC [PSYoungGen: 48624K->6624K(48640K)] 91455K->51039K(159744K), 0.0024700 secs] [Times: user=0.02 sys=0.00, real=0.00 secs] 
137.726: Total time for which application threads were stopped: 0.0043560 seconds, Stopping threads took: 0.0018020 seconds
137.767: Application time: 0.0408790 seconds
137.769: [GC [PSYoungGen: 48608K->6000K(48640K)] 93023K->50415K(159744K), 0.0018650 secs] [Times: user=0.01 sys=0.00, real=0.00 secs] 
137.771: Total time for which application threads were stopped: 0.0040000 seconds, Stopping threads took: 0.0020560 seconds
137.810: Application time: 0.0390060 seconds
137.812: [GC [PSYoungGen: 47984K->6640K(48640K)] 92399K->51215K(159744K), 0.0021560 secs] [Times: user=0.01 sys=0.00, real=0.00 secs] 
137.814: Total time for which application threads were stopped: 0.0038730 seconds, Stopping threads took: 0.0016330 seconds
137.853: Application time: 0.0395410 seconds
137.856: [GC [PSYoungGen: 48624K->6176K(48640K)] 93199K->50759K(159744K), 0.0018670 secs] [Times: user=0.01 sys=0.00, real=0.00 secs] 
137.858: Total time for which application threads were stopped: 0.0041870 seconds, Stopping threads took: 0.0022230 seconds
137.897: Application time: 0.0395090 seconds
137.900: [GC [PSYoungGen: 48160K->6592K(48640K)] 92743K->51183K(159744K), 0.0020310 secs] [Times: user=0.02 sys=0.00, real=0.00 secs] 
137.902: Total time for which application threads were stopped: 0.0048250 seconds, Stopping threads took: 0.0027140 seconds
137.943: Application time: 0.0410680 seconds
137.945: [GC [PSYoungGen: 48576K->6144K(48640K)] 93167K->50743K(159744K), 0.0018830 secs] [Times: user=0.02 sys=0.00, real=0.00 secs] 
137.947: Total time for which application threads were stopped: 0.0035020 seconds, Stopping threads took: 0.0015420 seconds
137.989: Application time: 0.0420010 seconds
137.991: [GC [PSYoungGen: 48128K->6128K(48640K)] 92727K->50727K(159744K), 0.0019030 secs] [Times: user=0.01 sys=0.00, real=0.01 secs] 
137.993: Total time for which application threads were stopped: 0.0039580 seconds, Stopping threads took: 0.0019680 seconds
138.032: Application time: 0.0398660 seconds
138.034: [GC [PSYoungGen: 48112K->6640K(48640K)] 92711K->51599K(159744K), 0.0021610 secs] [Times: user=0.02 sys=0.00, real=0.00 secs] 
138.037: Total time for which application threads were stopped: 0.0043010 seconds, Stopping threads took: 0.0020550 seconds
138.077: Application time: 0.0400660 seconds
138.079: [GC [PSYoungGen: 48624K->6624K(48640K)] 93583K->51799K(159744K), 0.0020700 secs] [Times: user=0.01 sys=0.00, real=0.00 secs] 
138.081: Total time for which application threads were stopped: 0.0045530 seconds, Stopping threads took: 0.0024040 seconds
138.122: Application time: 0.0404140 seconds
138.124: [GC [PSYoungGen: 48608K->5984K(48640K)] 93783K->51159K(159744K), 0.0017910 secs] [Times: user=0.01 sys=0.00, real=0.00 secs] 
138.125: Total time for which application threads were stopped: 0.0037230 seconds, Stopping threads took: 0.0018500 seconds
138.167: Application time: 0.0419270 seconds
138.170: [GC [PSYoungGen: 47968K->5712K(48640K)] 93143K->50887K(159744K), 0.0017150 secs] [Times: user=0.01 sys=0.00, real=0.01 secs] 
138.171: Total time for which application threads were stopped: 0.0040480 seconds, Stopping threads took: 0.0022570 seconds
138.210: Application time: 0.0387390 seconds
138.212: [GC [PSYoungGen: 47696K->6656K(48640K)] 92871K->52603K(159744K), 0.0022440 secs] [Times: user=0.02 sys=0.00, real=0.00 secs] 
138.214: Total time for which application threads were stopped: 0.0041530 seconds, Stopping threads took: 0.0018040 seconds
138.255: Application time: 0.0402570 seconds
138.257: [GC [PSYoungGen: 48640K->6624K(48640K)] 94587K->52843K(159744K), 0.0021030 secs] [Times: user=0.01 sys=0.00, real=0.00 secs] 
138.259: Total time for which application threads were stopped: 0.0044720 seconds, Stopping threads took: 0.0022920 seconds
138.300: Application time: 0.0408750 seconds
138.302: [GC [PSYoungGen: 48608K->5360K(48640K)] 94827K->51579K(159744K), 0.0016990 secs] [Times: user=0.01 sys=0.00, real=0.01 secs] 
138.304: Total time for which application threads were stopped: 0.0035730 seconds, Stopping threads took: 0.0017920 seconds
138.344: Application time: 0.0404290 seconds
138.346: [GC [PSYoungGen: 47344K->4384K(48640K)] 93563K->50603K(159744K), 0.0014130 secs] [Times: user=0.01 sys=0.00, real=0.00 secs] 
138.347: Total time for which application threads were stopped: 0.0033390 seconds, Stopping threads took: 0.0018490 seconds
138.387: Application time: 0.0400360 seconds
138.389: [GC [PSYoungGen: 46368K->6640K(48640K)] 92587K->53763K(159744K), 0.0022770 secs] [Times: user=0.02 sys=0.00, real=0.01 secs] 
138.392: Total time for which application threads were stopped: 0.0043840 seconds, Stopping threads took: 0.0020280 seconds
138.432: Application time: 0.0406600 seconds
138.434: [GC [PSYoungGen: 48624K->6560K(48640K)] 95747K->53699K(159744K), 0.0020350 secs] [Times: user=0.01 sys=0.00, real=0.00 secs] 
138.436: Total time for which application threads were stopped: 0.0035550 seconds, Stopping threads took: 0.0014380 seconds
138.477: Application time: 0.0411490 seconds
138.478: [GC [PSYoungGen: 48544K->5904K(48640K)] 95683K->53051K(159744K), 0.0018820 secs] [Times: user=0.01 sys=0.00, real=0.00 secs] 
138.480: Total time for which application threads were stopped: 0.0031670 seconds, Stopping threads took: 0.0012070 seconds
138.521: Application time: 0.0406890 seconds
138.523: [GC [PSYoungGen: 47888K->6640K(48640K)] 95035K->54379K(159744K), 0.0022380 secs] [Times: user=0.01 sys=0.00, real=0.00 secs] 
138.525: Total time for which application threads were stopped: 0.0045050 seconds, Stopping threads took: 0.0021720 seconds
138.565: Application time: 0.0395770 seconds
138.567: [GC [PSYoungGen: 48624K->6624K(48640K)] 96363K->54859K(159744K), 0.0022120 secs] [Times: user=0.01 sys=0.00, real=0.00 secs] 
138.569: Total time for which application threads were stopped: 0.0037620 seconds, Stopping threads took: 0.0014680 seconds
138.610: Application time: 0.0409070 seconds
138.611: [GC [PSYoungGen: 48608K->6640K(48640K)] 96843K->54891K(159744K), 0.0020130 secs] [Times: user=0.02 sys=0.00, real=0.01 secs] 
138.613: Total time for which application threads were stopped: 0.0033550 seconds, Stopping threads took: 0.0012590 seconds
138.654: Application time: 0.0407620 seconds
138.655: [GC [PSYoungGen: 48624K->5488K(48640K)] 96875K->53739K(159744K), 0.0017680 secs] [Times: user=0.01 sys=0.00, real=0.00 secs] 
138.657: Total time for which application threads were stopped: 0.0029820 seconds, Stopping threads took: 0.0011380 seconds
138.696: Application time: 0.0388650 seconds
138.697: [GC [PSYoungGen: 47472K->6624K(48640K)] 95723K->55571K(159744K), 0.0024590 secs] [Times: user=0.02 sys=0.00, real=0.00 secs] 
138.700: Total time for which application threads were stopped: 0.0042220 seconds, Stopping threads took: 0.0016760 seconds
138.740: Application time: 0.0399360 seconds
138.742: [GC [PSYoungGen: 48608K->6656K(48640K)] 97555K->56115K(159744K), 0.0022670 secs] [Times: user=0.02 sys=0.00, real=0.01 secs] 
138.744: Total time for which application threads were stopped: 0.0041180 seconds, Stopping threads took: 0.0017640 seconds
138.784: Application time: 0.0403970 seconds
138.786: [GC [PSYoungGen: 48640K->6096K(48640K)] 98099K->55555K(159744K), 0.0018540 secs] [Times: user=0.01 sys=0.00, real=0.00 secs] 
138.788: Total time for which application threads were stopped: 0.0039050 seconds, Stopping threads took: 0.0019690 seconds
138.829: Application time: 0.0402950 seconds
138.831: [GC [PSYoungGen: 48080K->5168K(48640K)] 97539K->54627K(159744K), 0.0015480 secs] [Times: user=0.01 sys=0.00, real=0.01 secs] 
138.832: Total time for which application threads were stopped: 0.0037610 seconds, Stopping threads took: 0.0021360 seconds
138.873: Application time: 0.0402130 seconds
138.876: [GC [PSYoungGen: 47152K->6016K(48640K)] 96611K->55475K(159744K), 0.0018190 secs] [Times: user=0.01 sys=0.00, real=0.00 secs] 
138.878: Total time for which application threads were stopped: 0.0051170 seconds, Stopping threads took: 0.0032220 seconds
138.917: Application time: 0.0390120 seconds
138.919: [GC [PSYoungGen: 48000K->6656K(48640K)] 97459K->57067K(159744K), 0.0023390 secs] [Times: user=0.02 sys=0.00, real=0.00 secs] 
138.921: Total time for which application threads were stopped: 0.0042020 seconds, Stopping threads took: 0.0017800 seconds
138.962: Application time: 0.0411410 seconds
138.964: [GC [PSYoungGen: 48640K->6592K(48640K)] 99051K->57011K(159744K), 0.0020330 secs] [Times: user=0.01 sys=0.01, real=0.00 secs] 
138.966: Total time for which application threads were stopped: 0.0035780 seconds, Stopping threads took: 0.0014660 seconds
139.005: Application time: 0.0397750 seconds
139.008: [GC [PSYoungGen: 48576K->6496K(48640K)] 98995K->56923K(159744K), 0.0020110 secs] [Times: user=0.01 sys=0.00, real=0.00 secs] 
139.010: Total time for which application threads were stopped: 0.0041740 seconds, Stopping threads took: 0.0020800 seconds
139.047: Application time: 0.0371750 seconds
139.049: [GC [PSYoungGen: 48480K->6640K(48640K)] 98907K->58119K(159744K), 0.0023440 secs] [Times: user=0.01 sys=0.00, real=0.00 secs] 
139.051: Total time for which application threads were stopped: 0.0042030 seconds, Stopping threads took: 0.0017650 seconds
139.090: Application time: 0.0393850 seconds
139.092: [GC [PSYoungGen: 48622K->6624K(48640K)] 100101K->58407K(159744K), 0.0021540 secs] [Times: user=0.02 sys=0.00, real=0.00 secs] 
139.094: Total time for which application threads were stopped: 0.0038360 seconds, Stopping threads took: 0.0016010 seconds
139.134: Application time: 0.0402280 seconds
139.137: [GC [PSYoungGen: 48608K->6656K(48640K)] 100391K->59159K(159744K), 0.0022730 secs] [Times: user=0.02 sys=0.00, real=0.00 secs] 
139.139: Total time for which application threads were stopped: 0.0045400 seconds, Stopping threads took: 0.0021790 seconds
139.179: Application time: 0.0396840 seconds
139.181: [GC [PSYoungGen: 48640K->6656K(48640K)] 101143K->60247K(159744K), 0.0023280 secs] [Times: user=0.02 sys=0.00, real=0.01 secs] 
139.184: Total time for which application threads were stopped: 0.0049010 seconds, Stopping threads took: 0.0024900 seconds
139.225: Application time: 0.0415410 seconds
139.226: [GC [PSYoungGen: 48640K->4800K(48640K)] 102231K->58391K(159744K), 0.0014730 secs] [Times: user=0.01 sys=0.00, real=0.00 secs] 
139.228: Total time for which application threads were stopped: 0.0027790 seconds, Stopping threads took: 0.0012370 seconds
139.269: Application time: 0.0408270 seconds
139.271: [GC [PSYoungGen: 46784K->6048K(48640K)] 100375K->59639K(159744K), 0.0018500 secs] [Times: user=0.01 sys=0.00, real=0.01 secs] 
139.273: Total time for which application threads were stopped: 0.0038290 seconds, Stopping threads took: 0.0018970 seconds
139.312: Application time: 0.0391520 seconds
139.313: [GC [PSYoungGen: 48032K->6624K(48640K)] 101623K->60447K(159744K), 0.0020870 secs] [Times: user=0.02 sys=0.00, real=0.00 secs] 
139.316: Total time for which application threads were stopped: 0.0038960 seconds, Stopping threads took: 0.0017280 seconds
139.355: Application time: 0.0397880 seconds
139.357: [GC [PSYoungGen: 48608K->6640K(48640K)] 102431K->61935K(159744K), 0.0025660 secs] [Times: user=0.02 sys=0.00, real=0.00 secs] 
139.360: Total time for which application threads were stopped: 0.0045500 seconds, Stopping threads took: 0.0018980 seconds
139.400: Application time: 0.0396310 seconds
139.402: [GC [PSYoungGen: 48624K->6496K(48640K)] 103919K->61791K(159744K), 0.0019640 secs] [Times: user=0.01 sys=0.00, real=0.01 secs] 
139.404: Total time for which application threads were stopped: 0.0040490 seconds, Stopping threads took: 0.0020010 seconds
139.443: Application time: 0.0396680 seconds
139.445: [GC [PSYoungGen: 48480K->6624K(48640K)] 103775K->62999K(159744K), 0.0023550 secs] [Times: user=0.01 sys=0.00, real=0.00 secs] 
139.447: Total time for which application threads were stopped: 0.0038570 seconds, Stopping threads took: 0.0014170 seconds
139.488: Application time: 0.0408230 seconds
139.491: [GC [PSYoungGen: 48608K->5984K(48640K)] 104983K->62367K(159744K), 0.0018470 secs] [Times: user=0.01 sys=0.00, real=0.00 secs] 
139.493: Total time for which application threads were stopped: 0.0052090 seconds, Stopping threads took: 0.0032780 seconds
139.533: Application time: 0.0403260 seconds
139.536: [GC [PSYoungGen: 47968K->6464K(48640K)] 104351K->62863K(159744K), 0.0019700 secs] [Times: user=0.01 sys=0.00, real=0.00 secs] 
139.538: Total time for which application threads were stopped: 0.0046440 seconds, Stopping threads took: 0.0025940 seconds
139.580: Application time: 0.0417120 seconds
139.581: [GC [PSYoungGen: 48448K->5920K(48640K)] 104847K->62327K(159744K), 0.0018280 secs] [Times: user=0.01 sys=0.00, real=0.01 secs] 
139.583: Total time for which application threads were stopped: 0.0034660 seconds, Stopping threads took: 0.0015510 seconds
139.624: Application time: 0.0403410 seconds
139.626: [GC [PSYoungGen: 47904K->6656K(48640K)] 104311K->63535K(159744K), 0.0021050 secs] [Times: user=0.01 sys=0.00, real=0.00 secs] 
139.628: Total time for which application threads were stopped: 0.0045600 seconds, Stopping threads took: 0.0023730 seconds
139.667: Application time: 0.0385710 seconds
139.669: [GC [PSYoungGen: 48640K->6640K(48640K)] 105519K->64319K(159744K), 0.0022810 secs] [Times: user=0.01 sys=0.00, real=0.00 secs] 
139.671: Total time for which application threads were stopped: 0.0042310 seconds, Stopping threads took: 0.0018660 seconds
139.713: Application time: 0.0415010 seconds
139.714: [GC [PSYoungGen: 48624K->5344K(48640K)] 106303K->63023K(159744K), 0.0017240 secs] [Times: user=0.01 sys=0.00, real=0.00 secs] 
139.716: Total time for which application threads were stopped: 0.0030940 seconds, Stopping threads took: 0.0012930 seconds
139.755: Application time: 0.0395280 seconds
139.757: [GC [PSYoungGen: 47328K->6640K(48640K)] 105007K->64727K(159744K), 0.0021540 secs] [Times: user=0.02 sys=0.00, real=0.00 secs] 
139.759: Total time for which application threads were stopped: 0.0037100 seconds, Stopping threads took: 0.0014730 seconds
139.800: Application time: 0.0412940 seconds
139.802: [GC [PSYoungGen: 48624K->6032K(48640K)] 106711K->64119K(159744K), 0.0019360 secs] [Times: user=0.02 sys=0.00, real=0.01 secs] 
139.804: Total time for which application threads were stopped: 0.0038610 seconds, Stopping threads took: 0.0018300 seconds
139.842: Application time: 0.0383420 seconds
139.844: [GC [PSYoungGen: 48015K->5952K(48640K)] 106103K->64039K(159744K), 0.0018520 secs] [Times: user=0.02 sys=0.00, real=0.00 secs] 
139.845: Total time for which application threads were stopped: 0.0030520 seconds, Stopping threads took: 0.0011160 seconds
139.885: Application time: 0.0393460 seconds
139.886: [GC [PSYoungGen: 47936K->5776K(48640K)] 106023K->63863K(159744K), 0.0018160 secs] [Times: user=0.01 sys=0.00, real=0.00 secs] 
139.888: Total time for which application threads were stopped: 0.0033230 seconds, Stopping threads took: 0.0014270 seconds
139.929: Application time: 0.0404870 seconds
139.930: [GC [PSYoungGen: 47760K->4448K(48640K)] 105847K->62535K(159744K), 0.0013750 secs] [Times: user=0.01 sys=0.00, real=0.01 secs] 
139.932: Total time for which application threads were stopped: 0.0030240 seconds, Stopping threads took: 0.0015730 seconds
139.973: Application time: 0.0417190 seconds
139.976: [GC [PSYoungGen: 46432K->5488K(48640K)] 104519K->63575K(159744K), 0.0016980 secs] [Times: user=0.01 sys=0.00, real=0.00 secs] 
139.978: Total time for which application threads were stopped: 0.0046770 seconds, Stopping threads took: 0.0029030 seconds
140.018: Application time: 0.0397940 seconds
140.021: [GC [PSYoungGen: 47472K->6640K(48640K)] 105559K->65007K(159744K), 0.0021160 secs] [Times: user=0.01 sys=0.00, real=0.00 secs] 
140.023: Total time for which application threads were stopped: 0.0052190 seconds, Stopping threads took: 0.0030090 seconds
140.062: Application time: 0.0387860 seconds
140.063: [GC [PSYoungGen: 48624K->6640K(48640K)] 106991K->65151K(159744K), 0.0020860 secs] [Times: user=0.02 sys=0.00, real=0.00 secs] 
140.066: Total time for which application threads were stopped: 0.0038060 seconds, Stopping threads took: 0.0016340 seconds
140.106: Application time: 0.0398990 seconds
140.107: [GC [PSYoungGen: 48624K->6576K(48640K)] 107135K->65095K(159744K), 0.0019770 secs] [Times: user=0.01 sys=0.00, real=0.00 secs] 
140.109: Total time for which application threads were stopped: 0.0038810 seconds, Stopping threads took: 0.0018040 seconds
140.149: Application time: 0.0400910 seconds
140.151: [GC [PSYoungGen: 48560K->5968K(48640K)] 107079K->64487K(159744K), 0.0019100 secs] [Times: user=0.01 sys=0.00, real=0.01 secs] 
140.153: Total time for which application threads were stopped: 0.0035300 seconds, Stopping threads took: 0.0015420 seconds
140.192: Application time: 0.0393180 seconds
140.194: [GC [PSYoungGen: 47952K->6640K(48640K)] 106471K->66327K(159744K), 0.0023980 secs] [Times: user=0.01 sys=0.00, real=0.00 secs] 
140.197: Total time for which application threads were stopped: 0.0045510 seconds, Stopping threads took: 0.0020690 seconds
140.236: Application time: 0.0391550 seconds
140.238: [GC [PSYoungGen: 48624K->6640K(48640K)] 108311K->67887K(159744K), 0.0024770 secs] [Times: user=0.02 sys=0.00, real=0.00 secs] 
140.240: Total time for which application threads were stopped: 0.0042240 seconds, Stopping threads took: 0.0016570 seconds
140.280: Application time: 0.0400210 seconds
140.282: [GC [PSYoungGen: 48624K->6336K(48640K)] 109871K->67583K(159744K), 0.0019070 secs] [Times: user=0.01 sys=0.00, real=0.01 secs] 
140.284: Total time for which application threads were stopped: 0.0038780 seconds, Stopping threads took: 0.0018920 seconds
140.324: Application time: 0.0395580 seconds
140.327: [GC [PSYoungGen: 48320K->6656K(48640K)] 109567K->68695K(159744K), 0.0022870 secs] [Times: user=0.02 sys=0.00, real=0.00 secs] 
140.329: Total time for which application threads were stopped: 0.0054700 seconds, Stopping threads took: 0.0031010 seconds
140.369: Application time: 0.0394520 seconds
140.371: [GC [PSYoungGen: 48640K->6656K(48640K)] 110679K->68831K(159744K), 0.0020880 secs] [Times: user=0.01 sys=0.00, real=0.01 secs] 
140.373: Total time for which application threads were stopped: 0.0042070 seconds, Stopping threads took: 0.0020390 seconds
140.413: Application time: 0.0397840 seconds
140.414: [GC [PSYoungGen: 48640K->6256K(48640K)] 110815K->68431K(159744K), 0.0019180 secs] [Times: user=0.01 sys=0.00, real=0.00 secs] 
140.416: Total time for which application threads were stopped: 0.0032630 seconds, Stopping threads took: 0.0012660 seconds
140.455: Application time: 0.0391150 seconds
140.457: [GC [PSYoungGen: 48240K->6656K(48640K)] 110415K->69655K(159744K), 0.0021990 secs] [Times: user=0.01 sys=0.00, real=0.00 secs] 
140.459: Total time for which application threads were stopped: 0.0039330 seconds, Stopping threads took: 0.0016520 seconds
140.498: Application time: 0.0391750 seconds
140.500: [GC [PSYoungGen: 48640K->6640K(48640K)] 111639K->70719K(159744K), 0.0022990 secs] [Times: user=0.02 sys=0.00, real=0.00 secs] 
140.502: Total time for which application threads were stopped: 0.0041920 seconds, Stopping threads took: 0.0018060 seconds
140.543: Application time: 0.0411260 seconds
140.545: [GC [PSYoungGen: 48624K->6048K(48640K)] 112703K->70136K(159744K), 0.0018570 secs] [Times: user=0.01 sys=0.00, real=0.00 secs] 
140.547: Total time for which application threads were stopped: 0.0036870 seconds, Stopping threads took: 0.0017300 seconds
140.588: Application time: 0.0409730 seconds
140.591: [GC [PSYoungGen: 48032K->6656K(48640K)] 112120K->71375K(159744K), 0.0022020 secs] [Times: user=0.02 sys=0.00, real=0.00 secs] 
140.593: Total time for which application threads were stopped: 0.0053140 seconds, Stopping threads took: 0.0030330 seconds
140.632: Application time: 0.0387950 seconds
140.634: [GC [PSYoungGen: 48640K->6624K(48640K)] 113359K->72436K(159744K), 0.0023610 secs] [Times: user=0.02 sys=0.00, real=0.00 secs] 
140.637: Total time for which application threads were stopped: 0.0044290 seconds, Stopping threads took: 0.0019770 seconds
140.677: Application time: 0.0400360 seconds
140.678: [GC [PSYoungGen: 48608K->6256K(48640K)] 114420K->72076K(159744K), 0.0020090 secs] [Times: user=0.02 sys=0.00, real=0.00 secs] 
140.681: Total time for which application threads were stopped: 0.0037840 seconds, Stopping threads took: 0.0016850 seconds
140.722: Application time: 0.0416490 seconds
140.724: [GC [PSYoungGen: 48240K->5616K(48640K)] 114060K->71436K(159744K), 0.0018060 secs] [Times: user=0.02 sys=0.00, real=0.00 secs] 
140.726: Total time for which application threads were stopped: 0.0034600 seconds, Stopping threads took: 0.0015770 seconds
140.767: Application time: 0.0410780 seconds
140.771: [GC [PSYoungGen: 47600K->6368K(48640K)] 113420K->72188K(159744K), 0.0020230 secs] [Times: user=0.01 sys=0.00, real=0.00 secs] 
140.773: Total time for which application threads were stopped: 0.0066090 seconds, Stopping threads took: 0.0045040 seconds
140.814: Application time: 0.0402250 seconds
140.815: [GC [PSYoungGen: 48350K->6448K(48640K)] 114170K->72268K(159744K), 0.0019660 secs] [Times: user=0.01 sys=0.00, real=0.00 secs] 
140.817: Total time for which application threads were stopped: 0.0033780 seconds, Stopping threads took: 0.0013280 seconds
140.859: Application time: 0.0418510 seconds
140.860: [GC [PSYoungGen: 48432K->6560K(48640K)] 114252K->72379K(159744K), 0.0019470 secs] [Times: user=0.02 sys=0.00, real=0.00 secs] 
140.862: Total time for which application threads were stopped: 0.0036790 seconds, Stopping threads took: 0.0016550 seconds
140.903: Application time: 0.0403840 seconds
140.905: [GC [PSYoungGen: 48544K->6304K(48640K)] 114363K->72123K(159744K), 0.0020680 secs] [Times: user=0.01 sys=0.00, real=0.00 secs] 
140.907: Total time for which application threads were stopped: 0.0039810 seconds, Stopping threads took: 0.0018370 seconds
140.947: Application time: 0.0405770 seconds
140.950: [GC [PSYoungGen: 48288K->5696K(48640K)] 114107K->71515K(159744K), 0.0019340 secs] [Times: user=0.01 sys=0.00, real=0.01 secs] 
140.952: Total time for which application threads were stopped: 0.0043160 seconds, Stopping threads took: 0.0022800 seconds
140.991: Application time: 0.0388110 seconds
140.992: [GC [PSYoungGen: 47680K->6656K(48640K)] 113499K->72731K(159744K), 0.0022030 secs] [Times: user=0.01 sys=0.00, real=0.00 secs] 
140.995: Total time for which application threads were stopped: 0.0041100 seconds, Stopping threads took: 0.0018190 seconds
141.034: Application time: 0.0398280 seconds
141.036: [GC [PSYoungGen: 48640K->6656K(48640K)] 114715K->72747K(159744K), 0.0022980 secs] [Times: user=0.01 sys=0.00, real=0.00 secs] 
141.039: Total time for which application threads were stopped: 0.0043170 seconds, Stopping threads took: 0.0019120 seconds
141.078: Application time: 0.0395410 seconds
141.080: [GC [PSYoungGen: 48640K->6368K(48640K)] 114731K->72468K(159744K), 0.0023540 secs] [Times: user=0.02 sys=0.00, real=0.00 secs] 
141.082: Total time for which application threads were stopped: 0.0037940 seconds, Stopping threads took: 0.0013370 seconds
141.123: Application time: 0.0405650 seconds
141.125: [GC [PSYoungGen: 48352K->5632K(48640K)] 114452K->71739K(159744K), 0.0019310 secs] [Times: user=0.01 sys=0.00, real=0.00 secs] 
141.127: Total time for which application threads were stopped: 0.0040060 seconds, Stopping threads took: 0.0019830 seconds
141.167: Application time: 0.0398120 seconds
141.169: [GC [PSYoungGen: 47616K->6496K(48640K)] 113723K->72620K(159744K), 0.0020270 secs] [Times: user=0.02 sys=0.00, real=0.00 secs] 
141.171: Total time for which application threads were stopped: 0.0044280 seconds, Stopping threads took: 0.0022870 seconds
141.211: Application time: 0.0396820 seconds
141.214: [GC [PSYoungGen: 48480K->6016K(48640K)] 114604K->72148K(159744K), 0.0018130 secs] [Times: user=0.01 sys=0.00, real=0.00 secs] 
141.215: Total time for which application threads were stopped: 0.0047740 seconds, Stopping threads took: 0.0028690 seconds
141.255: Application time: 0.0397750 seconds
141.256: [GC [PSYoungGen: 48000K->6400K(48640K)] 114132K->72531K(159744K), 0.0019520 secs] [Times: user=0.02 sys=0.00, real=0.00 secs] 
141.258: Total time for which application threads were stopped: 0.0026960 seconds, Stopping threads took: 0.0006600 seconds
141.297: Application time: 0.0393490 seconds
141.300: [GC [PSYoungGen: 48384K->6640K(48640K)] 114515K->73508K(159744K), 0.0023200 secs] [Times: user=0.01 sys=0.00, real=0.00 secs] 
141.302: Total time for which application threads were stopped: 0.0046950 seconds, Stopping threads took: 0.0022920 seconds
141.341: Application time: 0.0388900 seconds
141.343: [GC [PSYoungGen: 48624K->6640K(48640K)] 115492K->73556K(159744K), 0.0020270 secs] [Times: user=0.01 sys=0.00, real=0.01 secs] 
141.345: Total time for which application threads were stopped: 0.0040800 seconds, Stopping threads took: 0.0019730 seconds
141.383: Application time: 0.0382860 seconds
141.385: [GC [PSYoungGen: 48624K->6304K(48640K)] 115540K->73220K(159744K), 0.0019160 secs] [Times: user=0.01 sys=0.00, real=0.00 secs] 
141.387: Total time for which application threads were stopped: 0.0038110 seconds, Stopping threads took: 0.0018190 seconds
141.426: Application time: 0.0389030 seconds
141.427: [GC [PSYoungGen: 48288K->6624K(48640K)] 115204K->74500K(159744K), 0.0023210 secs] [Times: user=0.02 sys=0.00, real=0.00 secs] 
141.429: Total time for which application threads were stopped: 0.0029880 seconds, Stopping threads took: 0.0005870 seconds
141.468: Application time: 0.0386780 seconds
141.469: [GC [PSYoungGen: 48608K->5136K(48640K)] 116484K->73012K(159744K), 0.0015950 secs] [Times: user=0.01 sys=0.00, real=0.00 secs] 
141.471: Total time for which application threads were stopped: 0.0030500 seconds, Stopping threads took: 0.0013830 seconds
141.509: Application time: 0.0384400 seconds
141.511: [GC [PSYoungGen: 47120K->6400K(48640K)] 114996K->74275K(159744K), 0.0019310 secs] [Times: user=0.01 sys=0.00, real=0.01 secs] 
141.513: Total time for which application threads were stopped: 0.0035300 seconds, Stopping threads took: 0.0015170 seconds
141.553: Application time: 0.0403200 seconds
141.554: [GC [PSYoungGen: 48384K->4512K(48640K)] 116259K->72387K(159744K), 0.0014500 secs] [Times: user=0.00 sys=0.00, real=0.00 secs] 
141.556: Total time for which application threads were stopped: 0.0029780 seconds, Stopping threads took: 0.0014600 seconds
141.592: Application time: 0.0363820 seconds
141.595: [GC [PSYoungGen: 46496K->6656K(48640K)] 114371K->75532K(159744K), 0.0022750 secs] [Times: user=0.02 sys=0.00, real=0.00 secs] 
141.597: Total time for which application threads were stopped: 0.0048830 seconds, Stopping threads took: 0.0025250 seconds
141.635: Application time: 0.0381880 seconds
141.637: [GC [PSYoungGen: 48640K->6640K(48640K)] 117516K->75620K(159744K), 0.0020730 secs] [Times: user=0.01 sys=0.00, real=0.00 secs] 
141.639: Total time for which application threads were stopped: 0.0038840 seconds, Stopping threads took: 0.0017310 seconds
141.677: Application time: 0.0376480 seconds
141.679: [GC [PSYoungGen: 48624K->6640K(48640K)] 117604K->77144K(159744K), 0.0025560 secs] [Times: user=0.02 sys=0.00, real=0.00 secs] 
141.682: Total time for which application threads were stopped: 0.0047080 seconds, Stopping threads took: 0.0020590 seconds
141.720: Application time: 0.0383850 seconds
141.721: [GC [PSYoungGen: 48624K->6176K(48640K)] 119128K->76688K(159744K), 0.0019250 secs] [Times: user=0.01 sys=0.00, real=0.01 secs] 
141.723: Total time for which application threads were stopped: 0.0031730 seconds, Stopping threads took: 0.0011630 seconds
141.760: Application time: 0.0370750 seconds
141.763: [GC [PSYoungGen: 48160K->6656K(48640K)] 118672K->78560K(159744K), 0.0024720 secs] [Times: user=0.01 sys=0.00, real=0.00 secs] 
141.766: Total time for which application threads were stopped: 0.0055240 seconds, Stopping threads took: 0.0029730 seconds
141.803: Application time: 0.0375460 seconds
141.806: [GC [PSYoungGen: 48640K->6016K(48640K)] 120544K->77920K(159744K), 0.0018360 secs] [Times: user=0.01 sys=0.00, real=0.00 secs] 
141.808: Total time for which application threads were stopped: 0.0045090 seconds, Stopping threads took: 0.0025970 seconds
141.847: Application time: 0.0390790 seconds
141.849: [GC [PSYoungGen: 48000K->6368K(48640K)] 119904K->78272K(159744K), 0.0019440 secs] [Times: user=0.01 sys=0.00, real=0.00 secs] 
141.851: Total time for which application threads were stopped: 0.0038860 seconds, Stopping threads took: 0.0018370 seconds
141.889: Application time: 0.0382550 seconds
141.891: [GC [PSYoungGen: 48352K->6240K(48640K)] 120256K->78144K(159744K), 0.0019780 secs] [Times: user=0.02 sys=0.00, real=0.01 secs] 
141.893: Total time for which application threads were stopped: 0.0034600 seconds, Stopping threads took: 0.0014000 seconds
141.930: Application time: 0.0375230 seconds
141.932: [GC [PSYoungGen: 48224K->6640K(48640K)] 120128K->78608K(159744K), 0.0020640 secs] [Times: user=0.01 sys=0.00, real=0.00 secs] 
141.934: Total time for which application threads were stopped: 0.0037940 seconds, Stopping threads took: 0.0016480 seconds
141.972: Application time: 0.0376890 seconds
141.974: [GC [PSYoungGen: 48623K->6656K(48640K)] 120591K->79096K(159744K), 0.0022610 secs] [Times: user=0.02 sys=0.00, real=0.00 secs] 
141.976: Total time for which application threads were stopped: 0.0044490 seconds, Stopping threads took: 0.0021040 seconds
142.014: Application time: 0.0378040 seconds
142.015: [GC [PSYoungGen: 48640K->5024K(48640K)] 121080K->77464K(159744K), 0.0016750 secs] [Times: user=0.01 sys=0.00, real=0.00 secs] 
142.017: Total time for which application threads were stopped: 0.0033050 seconds, Stopping threads took: 0.0015560 seconds
142.056: Application time: 0.0386880 seconds
142.058: [GC [PSYoungGen: 47008K->4944K(48640K)] 119448K->77384K(159744K), 0.0015270 secs] [Times: user=0.01 sys=0.00, real=0.00 secs] 
142.059: Total time for which application threads were stopped: 0.0033860 seconds, Stopping threads took: 0.0017850 seconds
142.098: Application time: 0.0385940 seconds
142.099: [GC [PSYoungGen: 46928K->5824K(48640K)] 119368K->78264K(159744K), 0.0018450 secs] [Times: user=0.01 sys=0.00, real=0.00 secs] 
142.101: Total time for which application threads were stopped: 0.0034100 seconds, Stopping threads took: 0.0014840 seconds
142.137: Application time: 0.0362670 seconds
142.139: [GC [PSYoungGen: 47808K->6640K(48640K)] 120248K->79776K(159744K), 0.0022700 secs] [Times: user=0.02 sys=0.00, real=0.00 secs] 
142.141: Total time for which application threads were stopped: 0.0040130 seconds, Stopping threads took: 0.0016610 seconds
142.180: Application time: 0.0382820 seconds
142.182: [GC [PSYoungGen: 48624K->6640K(48640K)] 121760K->80584K(159744K), 0.0022450 secs] [Times: user=0.01 sys=0.00, real=0.01 secs] 
142.184: Total time for which application threads were stopped: 0.0041530 seconds, Stopping threads took: 0.0018160 seconds
142.223: Application time: 0.0390580 seconds
142.224: [GC [PSYoungGen: 48624K->6640K(48640K)] 122568K->81272K(159744K), 0.0022610 secs] [Times: user=0.02 sys=0.00, real=0.00 secs] 
142.227: Total time for which application threads were stopped: 0.0036860 seconds, Stopping threads took: 0.0013450 seconds
142.265: Application time: 0.0384520 seconds
142.266: [GC [PSYoungGen: 48624K->6640K(48640K)] 123256K->81792K(159744K), 0.0021200 secs] [Times: user=0.01 sys=0.00, real=0.00 secs] 
142.269: Total time for which application threads were stopped: 0.0034000 seconds, Stopping threads took: 0.0012010 seconds
142.306: Application time: 0.0370670 seconds
142.308: [GC [PSYoungGen: 48624K->6656K(48640K)] 123776K->82704K(159744K), 0.0023480 secs] [Times: user=0.02 sys=0.00, real=0.00 secs] 
142.310: Total time for which application threads were stopped: 0.0042930 seconds, Stopping threads took: 0.0018450 seconds
142.348: Application time: 0.0376310 seconds
142.349: [GC [PSYoungGen: 48640K->6656K(48640K)] 124688K->83716K(159744K), 0.0024520 secs] [Times: user=0.02 sys=0.00, real=0.01 secs] 
142.352: Total time for which application threads were stopped: 0.0044610 seconds, Stopping threads took: 0.0019010 seconds
142.390: Application time: 0.0375320 seconds
142.392: [GC [PSYoungGen: 48640K->6656K(48640K)] 125700K->85156K(159744K), 0.0024570 secs] [Times: user=0.01 sys=0.00, real=0.00 secs] 
142.394: Total time for which application threads were stopped: 0.0048720 seconds, Stopping threads took: 0.0023350 seconds
142.431: Application time: 0.0368380 seconds
142.433: [GC [PSYoungGen: 48640K->6656K(48640K)] 127140K->85316K(159744K), 0.0020570 secs] [Times: user=0.01 sys=0.00, real=0.00 secs] 
142.435: Total time for which application threads were stopped: 0.0041610 seconds, Stopping threads took: 0.0020220 seconds
142.474: Application time: 0.0388630 seconds
142.476: [GC [PSYoungGen: 48640K->5664K(48640K)] 127300K->84324K(159744K), 0.0017940 secs] [Times: user=0.02 sys=0.00, real=0.00 secs] 
142.478: Total time for which application threads were stopped: 0.0032610 seconds, Stopping threads took: 0.0013960 seconds
142.515: Application time: 0.0375460 seconds
142.517: [GC [PSYoungGen: 47648K->6656K(48640K)] 126308K->85580K(159744K), 0.0021370 secs] [Times: user=0.01 sys=0.00, real=0.00 secs] 
142.519: Total time for which application threads were stopped: 0.0038930 seconds, Stopping threads took: 0.0016750 seconds
142.557: Application time: 0.0375380 seconds
142.558: [GC [PSYoungGen: 48640K->6640K(48640K)] 127564K->85892K(159744K), 0.0021780 secs] [Times: user=0.01 sys=0.00, real=0.00 secs] 
142.560: Total time for which application threads were stopped: 0.0039010 seconds, Stopping threads took: 0.0016410 seconds
142.597: Application time: 0.0366010 seconds
142.599: [GC [PSYoungGen: 48624K->6656K(48640K)] 127876K->86012K(159744K), 0.0021280 secs] [Times: user=0.01 sys=0.00, real=0.00 secs] 
142.601: Total time for which application threads were stopped: 0.0038640 seconds, Stopping threads took: 0.0016540 seconds
142.637: Application time: 0.0359470 seconds
142.639: [GC [PSYoungGen: 48640K->6640K(48640K)] 127996K->86952K(159744K), 0.0024410 secs] [Times: user=0.01 sys=0.00, real=0.00 secs] 
142.642: Total time for which application threads were stopped: 0.0046800 seconds, Stopping threads took: 0.0021560 seconds
142.680: Application time: 0.0384270 seconds
142.682: [GC [PSYoungGen: 48624K->6496K(48640K)] 128936K->86816K(159744K), 0.0020500 secs] [Times: user=0.01 sys=0.00, real=0.01 secs] 
142.684: Total time for which application threads were stopped: 0.0041670 seconds, Stopping threads took: 0.0020230 seconds
142.722: Application time: 0.0375850 seconds
142.724: [GC [PSYoungGen: 48480K->6624K(48640K)] 128800K->87576K(159744K), 0.0021590 secs] [Times: user=0.02 sys=0.00, real=0.00 secs] 
142.727: Total time for which application threads were stopped: 0.0050090 seconds, Stopping threads took: 0.0027650 seconds
142.764: Application time: 0.0370180 seconds
142.765: [GC [PSYoungGen: 48608K->6656K(48640K)] 129560K->88464K(159744K), 0.0023010 secs] [Times: user=0.02 sys=0.00, real=0.00 secs] 
142.768: Total time for which application threads were stopped: 0.0040350 seconds, Stopping threads took: 0.0016510 seconds
142.805: Application time: 0.0371570 seconds
142.808: [GC [PSYoungGen: 48640K->6656K(48640K)] 130448K->89808K(159744K), 0.0023580 secs] [Times: user=0.02 sys=0.00, real=0.00 secs] 
142.810: Total time for which application threads were stopped: 0.0050860 seconds, Stopping threads took: 0.0026460 seconds
142.848: Application time: 0.0378720 seconds
142.849: [GC [PSYoungGen: 48640K->6432K(48640K)] 131792K->89584K(159744K), 0.0019860 secs] [Times: user=0.01 sys=0.00, real=0.00 secs] 
142.851: Total time for which application threads were stopped: 0.0029930 seconds, Stopping threads took: 0.0009280 seconds
142.888: Application time: 0.0368260 seconds
142.890: [GC [PSYoungGen: 48416K->6656K(48640K)] 131568K->90976K(159744K), 0.0023570 secs] [Times: user=0.02 sys=0.00, real=0.01 secs] 
142.893: Total time for which application threads were stopped: 0.0049530 seconds, Stopping threads took: 0.0025020 seconds
142.931: Application time: 0.0381620 seconds
142.932: [GC [PSYoungGen: 48640K->6656K(48640K)] 132960K->91000K(159744K), 0.0020340 secs] [Times: user=0.01 sys=0.00, real=0.00 secs] 
142.934: Total time for which application threads were stopped: 0.0034290 seconds, Stopping threads took: 0.0013130 seconds
142.973: Application time: 0.0386720 seconds
142.974: [GC [PSYoungGen: 48640K->6144K(48640K)] 132984K->90488K(159744K), 0.0018990 secs] [Times: user=0.01 sys=0.00, real=0.00 secs] 
142.976: Total time for which application threads were stopped: 0.0028900 seconds, Stopping threads took: 0.0009160 seconds
143.014: Application time: 0.0381880 seconds
143.015: [GC [PSYoungGen: 48128K->6496K(48640K)] 132472K->90840K(159744K), 0.0020650 secs] [Times: user=0.02 sys=0.00, real=0.00 secs] 
143.018: Total time for which application threads were stopped: 0.0034950 seconds, Stopping threads took: 0.0013490 seconds
143.055: Application time: 0.0371100 seconds
143.056: [GC [PSYoungGen: 48480K->5952K(48640K)] 132824K->90296K(159744K), 0.0018860 secs] [Times: user=0.01 sys=0.00, real=0.00 secs] 
143.058: Total time for which application threads were stopped: 0.0034370 seconds, Stopping threads took: 0.0014720 seconds
143.095: Application time: 0.0371900 seconds
143.097: [GC [PSYoungGen: 47936K->6656K(48640K)] 132280K->91344K(159744K), 0.0022680 secs] [Times: user=0.01 sys=0.00, real=0.00 secs] 
143.099: Total time for which application threads were stopped: 0.0040520 seconds, Stopping threads took: 0.0016770 seconds
143.137: Application time: 0.0373910 seconds
143.139: [GC [PSYoungGen: 48640K->6624K(48640K)] 133328K->92392K(159744K), 0.0023930 secs] [Times: user=0.02 sys=0.00, real=0.00 secs] 
143.141: Total time for which application threads were stopped: 0.0046050 seconds, Stopping threads took: 0.0021310 seconds
143.177: Application time: 0.0359620 seconds
143.180: [GC [PSYoungGen: 48608K->6640K(48640K)] 134376K->93600K(159744K), 0.0023630 secs] [Times: user=0.02 sys=0.00, real=0.00 secs] 
143.182: Total time for which application threads were stopped: 0.0049610 seconds, Stopping threads took: 0.0025130 seconds
143.219: Application time: 0.0368090 seconds
143.223: [GC [PSYoungGen: 48624K->6640K(48640K)] 135584K->94108K(159744K), 0.0022810 secs] [Times: user=0.02 sys=0.00, real=0.00 secs] 
143.226: Total time for which application threads were stopped: 0.0065330 seconds, Stopping threads took: 0.0041630 seconds
143.264: Application time: 0.0383160 seconds
143.265: [GC [PSYoungGen: 48623K->6624K(48640K)] 136092K->94876K(159744K), 0.0023050 secs] [Times: user=0.01 sys=0.00, real=0.00 secs] 
143.268: Total time for which application threads were stopped: 0.0037440 seconds, Stopping threads took: 0.0013570 seconds
143.305: Application time: 0.0372630 seconds
143.306: [GC [PSYoungGen: 48608K->6656K(48640K)] 136860K->95012K(159744K), 0.0021370 secs] [Times: user=0.01 sys=0.00, real=0.00 secs] 
143.309: Total time for which application threads were stopped: 0.0036950 seconds, Stopping threads took: 0.0014720 seconds
143.346: Application time: 0.0370680 seconds
143.347: [GC [PSYoungGen: 48640K->6640K(48640K)] 136996K->95028K(159744K), 0.0020940 secs] [Times: user=0.02 sys=0.00, real=0.00 secs] 
143.349: Total time for which application threads were stopped: 0.0037850 seconds, Stopping threads took: 0.0016120 seconds
143.388: Application time: 0.0386260 seconds
143.390: [GC [PSYoungGen: 48624K->6272K(48640K)] 137012K->94660K(159744K), 0.0019690 secs] [Times: user=0.01 sys=0.00, real=0.01 secs] 
143.392: Total time for which application threads were stopped: 0.0039290 seconds, Stopping threads took: 0.0018790 seconds
143.430: Application time: 0.0377710 seconds
143.431: [GC [PSYoungGen: 48256K->5360K(48640K)] 136644K->93748K(159744K), 0.0017970 secs] [Times: user=0.01 sys=0.00, real=0.01 secs] 
143.433: Total time for which application threads were stopped: 0.0028640 seconds, Stopping threads took: 0.0009940 seconds
143.469: Application time: 0.0365690 seconds
143.472: [GC [PSYoungGen: 47342K->6656K(48640K)] 135731K->95988K(159744K), 0.0022800 secs] [Times: user=0.02 sys=0.00, real=0.00 secs] 
143.474: Total time for which application threads were stopped: 0.0050850 seconds, Stopping threads took: 0.0027240 seconds
143.511: Application time: 0.0363110 seconds
143.512: [GC [PSYoungGen: 48640K->6656K(48640K)] 137972K->97196K(159744K), 0.0023560 secs] [Times: user=0.02 sys=0.00, real=0.00 secs] 
143.515: Total time for which application threads were stopped: 0.0042130 seconds, Stopping threads took: 0.0017740 seconds
143.554: Application time: 0.0388590 seconds
143.555: [GC [PSYoungGen: 48640K->5264K(48640K)] 139180K->95804K(159744K), 0.0016560 secs] [Times: user=0.01 sys=0.00, real=0.00 secs] 
143.557: Total time for which application threads were stopped: 0.0034690 seconds, Stopping threads took: 0.0017370 seconds
143.594: Application time: 0.0371600 seconds
143.596: [GC [PSYoungGen: 47248K->6640K(48640K)] 137788K->97948K(159744K), 0.0023450 secs] [Times: user=0.02 sys=0.00, real=0.00 secs] 
143.598: Total time for which application threads were stopped: 0.0037040 seconds, Stopping threads took: 0.0012750 seconds
143.635: Application time: 0.0374090 seconds
143.637: [GC [PSYoungGen: 48623K->6608K(48640K)] 139932K->97916K(159744K), 0.0020730 secs] [Times: user=0.01 sys=0.00, real=0.00 secs] 
143.639: Total time for which application threads were stopped: 0.0035940 seconds, Stopping threads took: 0.0014430 seconds
143.677: Application time: 0.0374580 seconds
143.679: [GC [PSYoungGen: 48592K->6576K(48640K)] 139900K->97892K(159744K), 0.0023390 secs] [Times: user=0.02 sys=0.00, real=0.00 secs] 
143.682: Total time for which application threads were stopped: 0.0051290 seconds, Stopping threads took: 0.0026880 seconds
143.720: Application time: 0.0381290 seconds
143.721: [GC [PSYoungGen: 48560K->5840K(48640K)] 139876K->97164K(159744K), 0.0018560 secs] [Times: user=0.02 sys=0.00, real=0.00 secs] 
143.723: Total time for which application threads were stopped: 0.0032700 seconds, Stopping threads took: 0.0013400 seconds
143.760: Application time: 0.0371230 seconds
143.761: [GC [PSYoungGen: 47824K->6624K(48640K)] 139148K->98472K(159744K), 0.0023230 secs] [Times: user=0.02 sys=0.00, real=0.01 secs] 
143.764: Total time for which application threads were stopped: 0.0035200 seconds, Stopping threads took: 0.0011020 seconds
143.801: Application time: 0.0368670 seconds
143.802: [GC [PSYoungGen: 48608K->6624K(48640K)] 140456K->98496K(159744K), 0.0021130 secs] [Times: user=0.01 sys=0.00, real=0.01 secs] 
143.804: Total time for which application threads were stopped: 0.0036530 seconds, Stopping threads took: 0.0014450 seconds
143.841: Application time: 0.0364470 seconds
143.843: [GC [PSYoungGen: 48608K->6656K(48640K)] 140480K->99772K(159744K), 0.0025250 secs] [Times: user=0.02 sys=0.00, real=0.01 secs] 
143.845: Total time for which application threads were stopped: 0.0047300 seconds, Stopping threads took: 0.0021240 seconds
143.883: Application time: 0.0379330 seconds
143.885: [GC [PSYoungGen: 48640K->6368K(48640K)] 141756K->99484K(159744K), 0.0018650 secs] [Times: user=0.01 sys=0.00, real=0.00 secs] 
143.887: Total time for which application threads were stopped: 0.0036940 seconds, Stopping threads took: 0.0017480 seconds
143.925: Application time: 0.0381960 seconds
143.927: [GC [PSYoungGen: 48352K->6640K(48640K)] 141468K->99788K(159744K), 0.0020760 secs] [Times: user=0.01 sys=0.00, real=0.00 secs] 
143.929: Total time for which application threads were stopped: 0.0035380 seconds, Stopping threads took: 0.0013780 seconds
143.967: Application time: 0.0381360 seconds
143.969: [GC [PSYoungGen: 48624K->5536K(48640K)] 141772K->98684K(159744K), 0.0017640 secs] [Times: user=0.01 sys=0.00, real=0.00 secs] 
143.971: Total time for which application threads were stopped: 0.0037770 seconds, Stopping threads took: 0.0019390 seconds
144.008: Application time: 0.0369580 seconds
144.010: [GC [PSYoungGen: 47520K->5952K(48640K)] 140668K->99100K(159744K), 0.0018430 secs] [Times: user=0.01 sys=0.00, real=0.01 secs] 
144.011: Total time for which application threads were stopped: 0.0038610 seconds, Stopping threads took: 0.0019250 seconds
144.050: Application time: 0.0380160 seconds
144.051: [GC [PSYoungGen: 47936K->4928K(48640K)] 141084K->98076K(159744K), 0.0015850 secs] [Times: user=0.01 sys=0.00, real=0.01 secs] 
144.053: Total time for which application threads were stopped: 0.0031460 seconds, Stopping threads took: 0.0014830 seconds
144.091: Application time: 0.0383070 seconds
144.094: [GC [PSYoungGen: 46912K->5504K(48640K)] 140060K->98652K(159744K), 0.0018080 secs] [Times: user=0.01 sys=0.00, real=0.00 secs] 
144.095: Total time for which application threads were stopped: 0.0045030 seconds, Stopping threads took: 0.0026180 seconds
144.134: Application time: 0.0382430 seconds
144.135: [GC [PSYoungGen: 47488K->6432K(48640K)] 140636K->99580K(159744K), 0.0020820 secs] [Times: user=0.01 sys=0.01, real=0.00 secs] 
144.137: Total time for which application threads were stopped: 0.0037160 seconds, Stopping threads took: 0.0015560 seconds
144.174: Application time: 0.0369610 seconds
144.177: [GC [PSYoungGen: 48416K->6640K(48640K)] 141564K->99956K(159744K), 0.0021770 secs] [Times: user=0.01 sys=0.00, real=0.00 secs] 
144.179: Total time for which application threads were stopped: 0.0045610 seconds, Stopping threads took: 0.0023050 seconds
144.217: Application time: 0.0383320 seconds
144.220: [GC [PSYoungGen: 48624K->6624K(48640K)] 141940K->100124K(159744K), 0.0021030 secs] [Times: user=0.01 sys=0.00, real=0.00 secs] 
144.222: Total time for which application threads were stopped: 0.0048340 seconds, Stopping threads took: 0.0026530 seconds
144.260: Application time: 0.0374080 seconds
144.261: [GC [PSYoungGen: 48608K->6656K(48640K)] 142108K->101709K(159744K), 0.0024800 secs] [Times: user=0.02 sys=0.01, real=0.01 secs] 
144.263: Total time for which application threads were stopped: 0.0038710 seconds, Stopping threads took: 0.0013060 seconds
144.302: Application time: 0.0382860 seconds
144.303: [GC [PSYoungGen: 48640K->6464K(48640K)] 143693K->101517K(159744K), 0.0020170 secs] [Times: user=0.01 sys=0.00, real=0.01 secs] 
144.305: Total time for which application threads were stopped: 0.0032740 seconds, Stopping threads took: 0.0011720 seconds
144.343: Application time: 0.0382260 seconds
144.346: [GC [PSYoungGen: 48448K->5888K(48640K)] 143501K->100941K(159744K), 0.0018550 secs] [Times: user=0.01 sys=0.00, real=0.00 secs] 
144.348: Total time for which application threads were stopped: 0.0047580 seconds, Stopping threads took: 0.0028290 seconds
144.386: Application time: 0.0382010 seconds
144.388: [GC [PSYoungGen: 47872K->6656K(48640K)] 142925K->101845K(159744K), 0.0021120 secs] [Times: user=0.01 sys=0.00, real=0.00 secs] 
144.390: Total time for which application threads were stopped: 0.0038240 seconds, Stopping threads took: 0.0016330 seconds
144.428: Application time: 0.0383170 seconds
144.430: [GC [PSYoungGen: 48640K->6656K(48640K)] 143829K->102901K(159744K), 0.0023060 secs] [Times: user=0.02 sys=0.00, real=0.01 secs] 
144.432: Total time for which application threads were stopped: 0.0040060 seconds, Stopping threads took: 0.0016140 seconds
144.472: Application time: 0.0393060 seconds
144.472: [GC [PSYoungGen: 48640K->6240K(48640K)] 144885K->102485K(159744K), 0.0018580 secs] [Times: user=0.02 sys=0.00, real=0.00 secs] 
144.474: Total time for which application threads were stopped: 0.0026450 seconds, Stopping threads took: 0.0007090 seconds
144.513: Application time: 0.0384880 seconds
144.514: [GC [PSYoungGen: 48224K->6464K(48640K)] 144469K->102709K(159744K), 0.0020220 secs] [Times: user=0.01 sys=0.00, real=0.00 secs] 
144.516: Total time for which application threads were stopped: 0.0030050 seconds, Stopping threads took: 0.0009000 seconds
144.553: Application time: 0.0372960 seconds
144.554: [GC [PSYoungGen: 48448K->6656K(48640K)] 144693K->104029K(159744K), 0.0024130 secs] [Times: user=0.01 sys=0.00, real=0.00 secs] 
144.557: Total time for which application threads were stopped: 0.0037580 seconds, Stopping threads took: 0.0012590 seconds
144.596: Application time: 0.0387210 seconds
144.597: [GC [PSYoungGen: 48640K->6176K(48640K)] 146013K->103549K(159744K), 0.0020210 secs] [Times: user=0.01 sys=0.00, real=0.00 secs] 
144.599: Total time for which application threads were stopped: 0.0036580 seconds, Stopping threads took: 0.0015590 seconds
144.638: Application time: 0.0388490 seconds
144.639: [GC [PSYoungGen: 48160K->6016K(48640K)] 145533K->103389K(159744K), 0.0018510 secs] [Times: user=0.02 sys=0.00, real=0.00 secs] 
144.641: Total time for which application threads were stopped: 0.0031380 seconds, Stopping threads took: 0.0012080 seconds
144.680: Application time: 0.0383470 seconds
144.682: [GC [PSYoungGen: 48000K->5472K(48640K)] 145373K->102845K(159744K), 0.0017490 secs] [Times: user=0.01 sys=0.01, real=0.01 secs] 
144.683: Total time for which application threads were stopped: 0.0038570 seconds, Stopping threads took: 0.0020290 seconds
144.723: Application time: 0.0392180 seconds
144.724: [GC [PSYoungGen: 47456K->4816K(48640K)] 144829K->102197K(159744K), 0.0015120 secs] [Times: user=0.01 sys=0.00, real=0.00 secs] 
144.726: Total time for which application threads were stopped: 0.0030660 seconds, Stopping threads took: 0.0014820 seconds
144.764: Application time: 0.0381920 seconds
144.765: [GC [PSYoungGen: 46800K->6640K(48640K)] 144181K->104101K(159744K), 0.0021400 secs] [Times: user=0.01 sys=0.00, real=0.00 secs] 
144.767: Total time for which application threads were stopped: 0.0035380 seconds, Stopping threads took: 0.0013150 seconds
144.806: Application time: 0.0386070 seconds
144.808: [GC [PSYoungGen: 48624K->6656K(48640K)] 146085K->104509K(159744K), 0.0023240 secs] [Times: user=0.01 sys=0.00, real=0.00 secs] 
144.810: Total time for which application threads were stopped: 0.0044340 seconds, Stopping threads took: 0.0020190 seconds
144.849: Application time: 0.0381470 seconds
144.850: [GC [PSYoungGen: 48640K->5600K(48640K)] 146493K->103461K(159744K), 0.0016960 secs] [Times: user=0.01 sys=0.00, real=0.01 secs] 
144.852: Total time for which application threads were stopped: 0.0028690 seconds, Stopping threads took: 0.0010970 seconds
144.888: Application time: 0.0363390 seconds
144.889: [GC [PSYoungGen: 47584K->6624K(48640K)] 145445K->105157K(159744K), 0.0024660 secs] [Times: user=0.01 sys=0.00, real=0.01 secs] 
144.892: Total time for which application threads were stopped: 0.0041190 seconds, Stopping threads took: 0.0015730 seconds
144.931: Application time: 0.0389260 seconds
144.932: [GC [PSYoungGen: 48608K->5264K(48640K)] 147141K->103797K(159744K), 0.0017960 secs] [Times: user=0.02 sys=0.00, real=0.00 secs] 
144.934: Total time for which application threads were stopped: 0.0031860 seconds, Stopping threads took: 0.0013170 seconds
144.972: Application time: 0.0378310 seconds
144.974: [GC [PSYoungGen: 47248K->6624K(48640K)] 145781K->105989K(159744K), 0.0023700 secs] [Times: user=0.02 sys=0.00, real=0.00 secs] 
144.976: Total time for which application threads were stopped: 0.0041630 seconds, Stopping threads took: 0.0017100 seconds
145.014: Application time: 0.0379380 seconds
145.016: [GC [PSYoungGen: 48608K->6624K(48640K)] 147973K->106597K(159744K), 0.0022860 secs] [Times: user=0.02 sys=0.00, real=0.00 secs] 
145.018: Total time for which application threads were stopped: 0.0039050 seconds, Stopping threads took: 0.0015370 seconds
145.056: Application time: 0.0379420 seconds
145.057: [GC [PSYoungGen: 48608K->6624K(48640K)] 148581K->106605K(159744K), 0.0020310 secs] [Times: user=0.01 sys=0.00, real=0.00 secs] 
145.059: Total time for which application threads were stopped: 0.0034890 seconds, Stopping threads took: 0.0013770 seconds
145.097: Application time: 0.0379010 seconds
145.099: [GC [PSYoungGen: 48608K->6640K(48640K)] 148589K->107509K(159744K), 0.0024120 secs] [Times: user=0.01 sys=0.00, real=0.00 secs] 
145.101: Total time for which application threads were stopped: 0.0040820 seconds, Stopping threads took: 0.0015850 seconds
145.140: Application time: 0.0382120 seconds
145.141: [GC [PSYoungGen: 48624K->6656K(48640K)] 149493K->108349K(159744K), 0.0022870 secs] [Times: user=0.02 sys=0.00, real=0.01 secs] 
145.143: Total time for which application threads were stopped: 0.0036180 seconds, Stopping threads took: 0.0012480 seconds
145.181: Application time: 0.0381520 seconds
145.183: [GC [PSYoungGen: 48640K->6320K(48640K)] 150333K->108013K(159744K), 0.0019530 secs] [Times: user=0.01 sys=0.01, real=0.01 secs] 
145.185: Total time for which application threads were stopped: 0.0035590 seconds, Stopping threads took: 0.0015230 seconds
145.223: Application time: 0.0379860 seconds
145.225: [GC [PSYoungGen: 48304K->6640K(48640K)] 149997K->108357K(159744K), 0.0020670 secs] [Times: user=0.01 sys=0.00, real=0.00 secs] 
145.227: Total time for which application threads were stopped: 0.0042720 seconds, Stopping threads took: 0.0021180 seconds
145.267: Application time: 0.0394220 seconds
145.268: [GC [PSYoungGen: 48624K->6656K(48640K)] 150341K->109441K(159744K), 0.0024720 secs] [Times: user=0.01 sys=0.00, real=0.00 secs] 
145.270: Total time for which application threads were stopped: 0.0035410 seconds, Stopping threads took: 0.0009890 seconds
145.307: Application time: 0.0369570 seconds
145.309: [GC [PSYoungGen: 48640K->6656K(48640K)] 151425K->109857K(159744K), 0.0022770 secs] [Times: user=0.01 sys=0.01, real=0.01 secs] 
145.312: Total time for which application threads were stopped: 0.0044430 seconds, Stopping threads took: 0.0020800 seconds
145.349: Application time: 0.0372540 seconds
145.351: [GC [PSYoungGen: 48640K->6624K(48640K)] 151841K->110297K(159744K), 0.0022890 secs] [Times: user=0.02 sys=0.00, real=0.01 secs] 
145.353: Total time for which application threads were stopped: 0.0045890 seconds, Stopping threads took: 0.0022130 seconds
145.394: Application time: 0.0404570 seconds
145.395: [GC [PSYoungGen: 48608K->6656K(48640K)] 152281K->110369K(159744K), 0.0022280 secs] [Times: user=0.01 sys=0.00, real=0.00 secs] 
145.398: Total time for which application threads were stopped: 0.0037600 seconds, Stopping threads took: 0.0014240 seconds
145.438: Application time: 0.0401290 seconds
145.439: [GC [PSYoungGen: 48640K->6640K(48640K)] 152353K->110497K(159744K), 0.0021550 secs] [Times: user=0.02 sys=0.00, real=0.00 secs] 
145.441: Total time for which application threads were stopped: 0.0033310 seconds, Stopping threads took: 0.0010940 seconds
145.482: Application time: 0.0405630 seconds
145.483: [GC [PSYoungGen: 48624K->5392K(48640K)] 152481K->109249K(159744K), 0.0017770 secs] [Times: user=0.01 sys=0.00, real=0.00 secs] 
145.485: Total time for which application threads were stopped: 0.0035510 seconds, Stopping threads took: 0.0016950 seconds
145.526: Application time: 0.0412980 seconds
145.529: [GC [PSYoungGen: 47376K->5856K(48640K)] 151233K->109713K(159744K), 0.0018620 secs] [Times: user=0.02 sys=0.00, real=0.00 secs] 
145.531: Total time for which application threads were stopped: 0.0044260 seconds, Stopping threads took: 0.0024860 seconds
145.572: Application time: 0.0406290 seconds
145.575: [GC [PSYoungGen: 47840K->6640K(48640K)] 151697K->110505K(159744K), 0.0021200 secs] [Times: user=0.01 sys=0.00, real=0.00 secs] 
145.577: Total time for which application threads were stopped: 0.0058450 seconds, Stopping threads took: 0.0036470 seconds
145.618: Application time: 0.0408530 seconds
145.620: [GC [PSYoungGen: 48624K->6656K(48640K)] 152489K->111281K(159744K), 0.0022920 secs] [Times: user=0.01 sys=0.00, real=0.00 secs] 
145.622: Total time for which application threads were stopped: 0.0041870 seconds, Stopping threads took: 0.0018110 seconds
145.664: Application time: 0.0413670 seconds
145.667: [GC [PSYoungGen: 48640K->4944K(48640K)] 153265K->109569K(159744K), 0.0016830 secs] [Times: user=0.01 sys=0.00, real=0.00 secs] 
145.668: Total time for which application threads were stopped: 0.0046180 seconds, Stopping threads took: 0.0028510 seconds
145.710: Application time: 0.0417310 seconds
145.712: [GC [PSYoungGen: 46928K->5424K(48640K)] 151553K->110049K(159744K), 0.0017420 secs] [Times: user=0.01 sys=0.00, real=0.00 secs] 
145.713: Total time for which application threads were stopped: 0.0033240 seconds, Stopping threads took: 0.0014970 seconds
145.756: Application time: 0.0421190 seconds
145.757: [GC [PSYoungGen: 47408K->6640K(48640K)] 152033K->111273K(159744K), 0.0020460 secs] [Times: user=0.01 sys=0.00, real=0.00 secs] 
145.759: Total time for which application threads were stopped: 0.0036070 seconds, Stopping threads took: 0.0014800 seconds
145.800: Application time: 0.0408750 seconds
145.802: [GC [PSYoungGen: 48624K->6352K(48640K)] 153257K->110985K(159744K), 0.0020730 secs] [Times: user=0.02 sys=0.00, real=0.01 secs] 
145.804: Total time for which application threads were stopped: 0.0043010 seconds, Stopping threads took: 0.0021440 seconds
145.846: Application time: 0.0411640 seconds
145.847: [GC [PSYoungGen: 48336K->5840K(48640K)] 152969K->110481K(159744K), 0.0018530 secs] [Times: user=0.01 sys=0.00, real=0.00 secs] 
145.849: Total time for which application threads were stopped: 0.0034360 seconds, Stopping threads took: 0.0015000 seconds
145.890: Application time: 0.0413140 seconds
145.892: [GC [PSYoungGen: 47824K->5360K(48640K)] 152465K->110017K(159744K), 0.0017900 secs] [Times: user=0.01 sys=0.00, real=0.00 secs] 
145.894: Total time for which application threads were stopped: 0.0036120 seconds, Stopping threads took: 0.0017440 seconds
145.934: Application time: 0.0396980 seconds
145.934: [GC [PSYoungGen: 47344K->6656K(48640K)] 152001K->111697K(159744K), 0.0021490 secs] [Times: user=0.02 sys=0.00, real=0.00 secs] 
145.937: Total time for which application threads were stopped: 0.0028790 seconds, Stopping threads took: 0.0006500 seconds
145.975: Application time: 0.0388940 seconds
145.978: [GC [PSYoungGen: 48640K->6624K(48640K)] 153681K->112729K(159744K), 0.0023750 secs] [Times: user=0.01 sys=0.00, real=0.00 secs] 
145.980: Total time for which application threads were stopped: 0.0046690 seconds, Stopping threads took: 0.0022100 seconds
146.021: Application time: 0.0405990 seconds
146.023: [GC [PSYoungGen: 48608K->6656K(48640K)] 154713K->112761K(159744K), 0.0021160 secs] [Times: user=0.01 sys=0.00, real=0.01 secs] 
146.025: Total time for which application threads were stopped: 0.0044060 seconds, Stopping threads took: 0.0021810 seconds
146.065: Application time: 0.0397990 seconds
146.067: [GC [PSYoungGen: 48640K->6640K(48640K)] 154745K->112945K(159744K), 0.0022610 secs] [Times: user=0.01 sys=0.00, real=0.00 secs] 
146.069: Total time for which application threads were stopped: 0.0042360 seconds, Stopping threads took: 0.0018910 seconds
146.109: Application time: 0.0396560 seconds
146.112: [GC [PSYoungGen: 48624K->6640K(48640K)] 154929K->113481K(159744K), 0.0022330 secs] [Times: user=0.01 sys=0.00, real=0.00 secs] 
146.114: Total time for which application threads were stopped: 0.0052190 seconds, Stopping threads took: 0.0029030 seconds
146.154: Application time: 0.0402170 seconds
146.157: [GC [PSYoungGen: 48624K->6640K(48640K)] 155465K->113489K(159744K), 0.0020510 secs] [Times: user=0.01 sys=0.00, real=0.00 secs] 
146.159: Total time for which application threads were stopped: 0.0051970 seconds, Stopping threads took: 0.0030630 seconds
146.200: Application time: 0.0410000 seconds
146.202: [GC [PSYoungGen: 48624K->4528K(48640K)] 155473K->111377K(159744K), 0.0015860 secs] [Times: user=0.01 sys=0.01, real=0.01 secs] 
146.203: Total time for which application threads were stopped: 0.0029480 seconds, Stopping threads took: 0.0012890 seconds
146.245: Application time: 0.0412840 seconds
146.246: [GC [PSYoungGen: 46512K->6464K(48640K)] 153361K->113313K(159744K), 0.0020760 secs] [Times: user=0.02 sys=0.00, real=0.00 secs] 
146.248: Total time for which application threads were stopped: 0.0037700 seconds, Stopping threads took: 0.0016150 seconds
146.288: Application time: 0.0394010 seconds
146.289: [GC [PSYoungGen: 48448K->5856K(48640K)] 155297K->112713K(159744K), 0.0020700 secs] [Times: user=0.01 sys=0.00, real=0.01 secs] 
146.291: Total time for which application threads were stopped: 0.0034360 seconds, Stopping threads took: 0.0012840 seconds
146.332: Application time: 0.0404980 seconds
146.335: [GC [PSYoungGen: 47840K->6640K(48640K)] 154697K->113497K(159744K), 0.0023660 secs] [Times: user=0.01 sys=0.00, real=0.00 secs] 
146.338: Total time for which application threads were stopped: 0.0060260 seconds, Stopping threads took: 0.0035770 seconds
146.377: Application time: 0.0388870 seconds
146.378: [GC [PSYoungGen: 48624K->6624K(48640K)] 155481K->114193K(159744K), 0.0024450 secs] [Times: user=0.01 sys=0.00, real=0.00 secs] 
146.381: Total time for which application threads were stopped: 0.0038240 seconds, Stopping threads took: 0.0012640 seconds
146.420: Application time: 0.0396350 seconds
146.423: [GC [PSYoungGen: 48608K->6624K(48640K)] 156177K->114321K(159744K), 0.0020900 secs] [Times: user=0.01 sys=0.00, real=0.00 secs] 
146.425: Total time for which application threads were stopped: 0.0053330 seconds, Stopping threads took: 0.0031570 seconds
146.464: Application time: 0.0388560 seconds
146.466: [GC [PSYoungGen: 48608K->6624K(48640K)] 156305K->115641K(159744K), 0.0024300 secs] [Times: user=0.02 sys=0.00, real=0.00 secs] 
146.469: Total time for which application threads were stopped: 0.0043200 seconds, Stopping threads took: 0.0018070 seconds
146.508: Application time: 0.0397300 seconds
146.511: [GC [PSYoungGen: 48608K->6656K(48640K)] 157625K->116065K(159744K), 0.0021660 secs] [Times: user=0.01 sys=0.00, real=0.00 secs] 
146.513: Total time for which application threads were stopped: 0.0049510 seconds, Stopping threads took: 0.0026990 seconds
146.553: Application time: 0.0398360 seconds
146.554: [GC [PSYoungGen: 48640K->6656K(48640K)] 158049K->116777K(159744K), 0.0022810 secs] [Times: user=0.01 sys=0.00, real=0.00 secs] 
146.557: [Full GC [PSYoungGen: 6656K->0K(48640K)] [ParOldGen: 110121K->10412K(111104K)] 116777K->10412K(159744K) [PSPermGen: 5184K->5184K(21504K)], 0.0072720 secs] [Times: user=0.04 sys=0.00, real=0.01 secs] 
146.564: Total time for which application threads were stopped: 0.0109120 seconds, Stopping threads took: 0.0012150 seconds
146.605: Application time: 0.0413830 seconds
146.609: [GC [PSYoungGen: 41984K->5152K(48640K)] 52396K->15564K(159744K), 0.0016320 secs] [Times: user=0.01 sys=0.00, real=0.00 secs] 
146.610: Total time for which application threads were stopped: 0.0048150 seconds, Stopping threads took: 0.0031100 seconds
146.652: Application time: 0.0416530 seconds
146.654: [GC [PSYoungGen: 47136K->6592K(48640K)] 57548K->17004K(159744K), 0.0020260 secs] [Times: user=0.01 sys=0.00, real=0.00 secs] 
146.656: Total time for which application threads were stopped: 0.0039330 seconds, Stopping threads took: 0.0018260 seconds
146.696: Application time: 0.0401420 seconds
146.698: [GC [PSYoungGen: 48576K->6080K(48640K)] 58988K->16492K(159744K), 0.0018170 secs] [Times: user=0.01 sys=0.00, real=0.00 secs] 
146.700: Total time for which application threads were stopped: 0.0038490 seconds, Stopping threads took: 0.0019530 seconds
146.742: Application time: 0.0423230 seconds
146.743: [GC [PSYoungGen: 48064K->5280K(48640K)] 58476K->15692K(159744K), 0.0016050 secs] [Times: user=0.01 sys=0.00, real=0.01 secs] 
146.745: Total time for which application threads were stopped: 0.0025290 seconds, Stopping threads took: 0.0008500 seconds
146.782: Application time: 0.0376660 seconds
146.785: [GC [PSYoungGen: 47264K->6640K(48640K)] 57676K->18068K(159744K), 0.0024020 secs] [Times: user=0.02 sys=0.00, real=0.00 secs] 
146.787: Total time for which application threads were stopped: 0.0045480 seconds, Stopping threads took: 0.0020550 seconds
146.826: Application time: 0.0392840 seconds
146.829: [GC [PSYoungGen: 48624K->6640K(48640K)] 60052K->18372K(159744K), 0.0020700 secs] [Times: user=0.01 sys=0.00, real=0.00 secs] 
146.831: Total time for which application threads were stopped: 0.0046580 seconds, Stopping threads took: 0.0025060 seconds
146.872: Application time: 0.0406260 seconds
146.873: [GC [PSYoungGen: 48624K->6640K(48640K)] 60356K->18468K(159744K), 0.0020120 secs] [Times: user=0.02 sys=0.00, real=0.00 secs] 
146.875: Total time for which application threads were stopped: 0.0037880 seconds, Stopping threads took: 0.0016950 seconds
146.917: Application time: 0.0418660 seconds
146.918: [GC [PSYoungGen: 48624K->6144K(48640K)] 60452K->17972K(159744K), 0.0018450 secs] [Times: user=0.01 sys=0.00, real=0.00 secs] 
146.920: Total time for which application threads were stopped: 0.0030370 seconds, Stopping threads took: 0.0011050 seconds
146.960: Application time: 0.0397460 seconds
146.962: [GC [PSYoungGen: 48128K->6640K(48640K)] 59956K->19836K(159744K), 0.0024480 secs] [Times: user=0.01 sys=0.00, real=0.01 secs] 
146.964: Total time for which application threads were stopped: 0.0041530 seconds, Stopping threads took: 0.0016180 seconds
147.006: Application time: 0.0414940 seconds
147.007: [GC [PSYoungGen: 48622K->6656K(48640K)] 61819K->19956K(159744K), 0.0021240 secs] [Times: user=0.01 sys=0.00, real=0.00 secs] 
147.009: Total time for which application threads were stopped: 0.0033390 seconds, Stopping threads took: 0.0011390 seconds
147.051: Application time: 0.0418500 seconds
147.053: [GC [PSYoungGen: 48640K->5840K(48640K)] 61940K->19140K(159744K), 0.0017190 secs] [Times: user=0.01 sys=0.00, real=0.00 secs] 
147.054: Total time for which application threads were stopped: 0.0035910 seconds, Stopping threads took: 0.0017930 seconds
147.094: Application time: 0.0397390 seconds
147.097: [GC [PSYoungGen: 47823K->6448K(48640K)] 61124K->19748K(159744K), 0.0018510 secs] [Times: user=0.01 sys=0.00, real=0.00 secs] 
147.099: Total time for which application threads were stopped: 0.0048860 seconds, Stopping threads took: 0.0029530 seconds
147.140: Application time: 0.0405510 seconds
147.141: [GC [PSYoungGen: 48432K->5824K(48640K)] 61732K->19124K(159744K), 0.0017220 secs] [Times: user=0.01 sys=0.00, real=0.00 secs] 
147.142: Total time for which application threads were stopped: 0.0028090 seconds, Stopping threads took: 0.0010100 seconds
147.183: Application time: 0.0409570 seconds
147.189: [GC [PSYoungGen: 47808K->6640K(48640K)] 61108K->19940K(159744K), 0.0019660 secs] [Times: user=0.01 sys=0.00, real=0.00 secs] 
147.191: Total time for which application threads were stopped: 0.0075230 seconds, Stopping threads took: 0.0054740 seconds
147.230: Application time: 0.0395760 seconds
147.233: [GC [PSYoungGen: 48624K->6640K(48640K)] 61924K->20668K(159744K), 0.0021610 secs] [Times: user=0.01 sys=0.00, real=0.00 secs] 
147.235: Total time for which application threads were stopped: 0.0046560 seconds, Stopping threads took: 0.0023850 seconds
147.277: Application time: 0.0416460 seconds
147.278: [GC [PSYoungGen: 48624K->5600K(48640K)] 62652K->19956K(159744K), 0.0017610 secs] [Times: user=0.01 sys=0.00, real=0.00 secs] 
147.280: Total time for which application threads were stopped: 0.0027930 seconds, Stopping threads took: 0.0009560 seconds
147.321: Application time: 0.0410020 seconds
147.322: [GC [PSYoungGen: 47584K->4992K(48640K)] 61940K->19348K(159744K), 0.0014870 secs] [Times: user=0.01 sys=0.00, real=0.01 secs] 
147.324: Total time for which application threads were stopped: 0.0030980 seconds, Stopping threads took: 0.0015390 seconds
147.364: Application time: 0.0406720 seconds
147.366: [GC [PSYoungGen: 46976K->6400K(48640K)] 61332K->20764K(159744K), 0.0019360 secs] [Times: user=0.02 sys=0.00, real=0.00 secs] 
147.368: Total time for which application threads were stopped: 0.0038520 seconds, Stopping threads took: 0.0018410 seconds
147.410: Application time: 0.0414630 seconds
147.411: [GC [PSYoungGen: 48384K->6624K(48640K)] 62748K->21124K(159744K), 0.0020150 secs] [Times: user=0.01 sys=0.01, real=0.01 secs] 
147.413: Total time for which application threads were stopped: 0.0034030 seconds, Stopping threads took: 0.0013040 seconds
147.453: Application time: 0.0403450 seconds
147.455: [GC [PSYoungGen: 48608K->6640K(48640K)] 63108K->22060K(159744K), 0.0022530 secs] [Times: user=0.01 sys=0.00, real=0.00 secs] 
147.457: Total time for which application threads were stopped: 0.0036250 seconds, Stopping threads took: 0.0012800 seconds
147.497: Application time: 0.0402010 seconds
147.499: [GC [PSYoungGen: 48624K->6656K(48640K)] 64044K->22156K(159744K), 0.0020050 secs] [Times: user=0.01 sys=0.00, real=0.00 secs] 
147.501: Total time for which application threads were stopped: 0.0035720 seconds, Stopping threads took: 0.0014850 seconds
147.541: Application time: 0.0401650 seconds
147.543: [GC [PSYoungGen: 48640K->6656K(48640K)] 64140K->23596K(159744K), 0.0023420 secs] [Times: user=0.02 sys=0.00, real=0.01 secs] 
147.545: Total time for which application threads were stopped: 0.0044230 seconds, Stopping threads took: 0.0019970 seconds
147.586: Application time: 0.0405960 seconds
147.587: [GC [PSYoungGen: 48640K->6592K(48640K)] 65580K->23532K(159744K), 0.0019960 secs] [Times: user=0.01 sys=0.00, real=0.00 secs] 
147.590: Total time for which application threads were stopped: 0.0034780 seconds, Stopping threads took: 0.0014040 seconds
147.631: Application time: 0.0417260 seconds
147.632: [GC [PSYoungGen: 48576K->5056K(48640K)] 65516K->21996K(159744K), 0.0015740 secs] [Times: user=0.00 sys=0.00, real=0.00 secs] 
147.634: Total time for which application threads were stopped: 0.0023830 seconds, Stopping threads took: 0.0007410 seconds
147.673: Application time: 0.0394250 seconds
147.675: [GC [PSYoungGen: 47040K->6656K(48640K)] 63980K->24252K(159744K), 0.0020990 secs] [Times: user=0.01 sys=0.00, real=0.00 secs] 
147.677: Total time for which application threads were stopped: 0.0036570 seconds, Stopping threads took: 0.0014770 seconds
147.716: Application time: 0.0394910 seconds
147.718: [GC [PSYoungGen: 48640K->6656K(48640K)] 66236K->24268K(159744K), 0.0020900 secs] [Times: user=0.02 sys=0.00, real=0.00 secs] 
147.720: Total time for which application threads were stopped: 0.0037800 seconds, Stopping threads took: 0.0016090 seconds
147.761: Application time: 0.0413320 seconds
147.764: [GC [PSYoungGen: 48640K->6080K(48640K)] 66252K->23692K(159744K), 0.0018450 secs] [Times: user=0.01 sys=0.00, real=0.00 secs] 
147.765: Total time for which application threads were stopped: 0.0041420 seconds, Stopping threads took: 0.0022180 seconds
147.806: Application time: 0.0406280 seconds
147.809: [GC [PSYoungGen: 48064K->6656K(48640K)] 65676K->24940K(159744K), 0.0021010 secs] [Times: user=0.01 sys=0.00, real=0.00 secs] 
147.811: Total time for which application threads were stopped: 0.0045830 seconds, Stopping threads took: 0.0023960 seconds
147.850: Application time: 0.0392560 seconds
147.852: [GC [PSYoungGen: 48640K->6640K(48640K)] 66924K->24988K(159744K), 0.0020050 secs] [Times: user=0.01 sys=0.00, real=0.00 secs] 
147.854: Total time for which application threads were stopped: 0.0044140 seconds, Stopping threads took: 0.0023040 seconds
147.894: Application time: 0.0398490 seconds
147.896: [GC [PSYoungGen: 48624K->6656K(48640K)] 66972K->25524K(159744K), 0.0021140 secs] [Times: user=0.02 sys=0.00, real=0.00 secs] 
147.898: Total time for which application threads were stopped: 0.0041590 seconds, Stopping threads took: 0.0019650 seconds
147.939: Application time: 0.0402120 seconds
147.940: [GC [PSYoungGen: 48640K->6656K(48640K)] 67508K->25956K(159744K), 0.0022180 secs] [Times: user=0.01 sys=0.00, real=0.00 secs] 
147.942: Total time for which application threads were stopped: 0.0032030 seconds, Stopping threads took: 0.0008900 seconds
147.984: Application time: 0.0417500 seconds
147.985: [GC [PSYoungGen: 48640K->6176K(48640K)] 67940K->25484K(159744K), 0.0018810 secs] [Times: user=0.01 sys=0.00, real=0.00 secs] 
147.987: Total time for which application threads were stopped: 0.0032550 seconds, Stopping threads took: 0.0012880 seconds
148.028: Application time: 0.0412410 seconds
148.031: [GC [PSYoungGen: 48160K->6496K(48640K)] 67468K->25812K(159744K), 0.0019130 secs] [Times: user=0.01 sys=0.00, real=0.01 secs] 
148.033: Total time for which application threads were stopped: 0.0047620 seconds, Stopping threads took: 0.0027700 seconds
148.072: Application time: 0.0393960 seconds
148.074: [GC [PSYoungGen: 48480K->6624K(48640K)] 67796K->26020K(159744K), 0.0019830 secs] [Times: user=0.01 sys=0.00, real=0.00 secs] 
148.076: Total time for which application threads were stopped: 0.0037540 seconds, Stopping threads took: 0.0016880 seconds
148.117: Application time: 0.0409260 seconds
148.118: [GC [PSYoungGen: 48608K->6320K(48640K)] 68004K->25724K(159744K), 0.0018660 secs] [Times: user=0.01 sys=0.00, real=0.00 secs] 
148.120: Total time for which application threads were stopped: 0.0026310 seconds, Stopping threads took: 0.0006890 seconds
148.160: Application time: 0.0403150 seconds
148.161: [GC [PSYoungGen: 48304K->6624K(48640K)] 67708K->26152K(159744K), 0.0021220 secs] [Times: user=0.01 sys=0.00, real=0.01 secs] 
148.163: Total time for which application threads were stopped: 0.0036090 seconds, Stopping threads took: 0.0014000 seconds
148.203: Application time: 0.0399940 seconds
148.205: [GC [PSYoungGen: 48608K->5200K(48640K)] 68136K->24728K(159744K), 0.0016590 secs] [Times: user=0.01 sys=0.00, real=0.00 secs] 
148.207: Total time for which application threads were stopped: 0.0034120 seconds, Stopping threads took: 0.0016800 seconds
148.249: Application time: 0.0422450 seconds
148.251: [GC [PSYoungGen: 47184K->5104K(48640K)] 66712K->24632K(159744K), 0.0016150 secs] [Times: user=0.00 sys=0.00, real=0.01 secs] 
148.253: Total time for which application threads were stopped: 0.0036170 seconds, Stopping threads took: 0.0019270 seconds
148.294: Application time: 0.0409280 seconds
148.297: [GC [PSYoungGen: 47088K->6176K(48640K)] 66616K->25704K(159744K), 0.0018320 secs] [Times: user=0.01 sys=0.00, real=0.00 secs] 
148.299: Total time for which application threads were stopped: 0.0049230 seconds, Stopping threads took: 0.0030170 seconds
148.339: Application time: 0.0407890 seconds
148.341: [GC [PSYoungGen: 48160K->6048K(48640K)] 67688K->25576K(159744K), 0.0017950 secs] [Times: user=0.02 sys=0.00, real=0.00 secs] 
148.343: Total time for which application threads were stopped: 0.0037800 seconds, Stopping threads took: 0.0018980 seconds
148.383: Application time: 0.0397110 seconds
148.385: [GC [PSYoungGen: 48032K->6624K(48640K)] 67560K->26368K(159744K), 0.0021480 secs] [Times: user=0.01 sys=0.00, real=0.00 secs] 
148.387: Total time for which application threads were stopped: 0.0041980 seconds, Stopping threads took: 0.0019660 seconds
148.427: Application time: 0.0402680 seconds
148.430: [GC [PSYoungGen: 48608K->6624K(48640K)] 68352K->26456K(159744K), 0.0020510 secs] [Times: user=0.02 sys=0.00, real=0.01 secs] 
148.432: Total time for which application threads were stopped: 0.0044730 seconds, Stopping threads took: 0.0023410 seconds
148.472: Application time: 0.0403250 seconds
148.475: [GC [PSYoungGen: 48608K->6656K(48640K)] 68440K->26536K(159744K), 0.0020730 secs] [Times: user=0.01 sys=0.00, real=0.00 secs] 
148.477: Total time for which application threads were stopped: 0.0045880 seconds, Stopping threads took: 0.0024100 seconds
148.516: Application time: 0.0391660 seconds
148.518: [GC [PSYoungGen: 48640K->6640K(48640K)] 68520K->27785K(159744K), 0.0023560 secs] [Times: user=0.02 sys=0.00, real=0.00 secs] 
148.520: Total time for which application threads were stopped: 0.0041880 seconds, Stopping threads took: 0.0017350 seconds
148.561: Application time: 0.0410740 seconds
148.564: [GC [PSYoungGen: 48624K->5184K(48640K)] 69769K->26329K(159744K), 0.0015740 secs] [Times: user=0.01 sys=0.00, real=0.00 secs] 
148.566: Total time for which application threads were stopped: 0.0044550 seconds, Stopping threads took: 0.0028040 seconds
148.608: Application time: 0.0420220 seconds
148.609: [GC [PSYoungGen: 47168K->5104K(48640K)] 68313K->26265K(159744K), 0.0015840 secs] [Times: user=0.01 sys=0.00, real=0.00 secs] 
148.610: Total time for which application threads were stopped: 0.0026410 seconds, Stopping threads took: 0.0009810 seconds
148.650: Application time: 0.0398700 seconds
148.652: [GC [PSYoungGen: 47088K->6656K(48640K)] 68249K->28009K(159744K), 0.0020490 secs] [Times: user=0.01 sys=0.00, real=0.00 secs] 
148.654: Total time for which application threads were stopped: 0.0037080 seconds, Stopping threads took: 0.0015800 seconds
148.695: Application time: 0.0410910 seconds
148.697: [GC [PSYoungGen: 48640K->5360K(48640K)] 69993K->26721K(159744K), 0.0017360 secs] [Times: user=0.01 sys=0.00, real=0.00 secs] 
148.699: Total time for which application threads were stopped: 0.0040150 seconds, Stopping threads took: 0.0022010 seconds
148.737: Application time: 0.0380630 seconds
148.739: [GC [PSYoungGen: 47344K->6656K(48640K)] 68705K->29001K(159744K), 0.0022220 secs] [Times: user=0.01 sys=0.00, real=0.00 secs] 
148.741: Total time for which application threads were stopped: 0.0043040 seconds, Stopping threads took: 0.0020000 seconds
148.780: Application time: 0.0386850 seconds
148.782: [GC [PSYoungGen: 48639K->6656K(48640K)] 70984K->30297K(159744K), 0.0023300 secs] [Times: user=0.02 sys=0.00, real=0.01 secs] 
148.785: Total time for which application threads were stopped: 0.0047010 seconds, Stopping threads took: 0.0022840 seconds
148.826: Application time: 0.0407950 seconds
148.828: [GC [PSYoungGen: 48640K->6464K(48640K)] 72281K->30105K(159744K), 0.0018480 secs] [Times: user=0.01 sys=0.00, real=0.00 secs] 
148.830: Total time for which application threads were stopped: 0.0047420 seconds, Stopping threads took: 0.0028110 seconds
148.871: Application time: 0.0405410 seconds
148.872: [GC [PSYoungGen: 48448K->6272K(48640K)] 72089K->29913K(159744K), 0.0019150 secs] [Times: user=0.01 sys=0.00, real=0.00 secs] 
148.874: Total time for which application threads were stopped: 0.0033090 seconds, Stopping threads took: 0.0013150 seconds
148.915: Application time: 0.0408000 seconds
148.917: [GC [PSYoungGen: 48256K->6256K(48640K)] 71897K->29897K(159744K), 0.0018020 secs] [Times: user=0.01 sys=0.00, real=0.00 secs] 
148.918: Total time for which application threads were stopped: 0.0034210 seconds, Stopping threads took: 0.0015370 seconds
148.959: Application time: 0.0408800 seconds
148.962: [GC [PSYoungGen: 48240K->5856K(48640K)] 71881K->29505K(159744K), 0.0017090 secs] [Times: user=0.02 sys=0.00, real=0.01 secs] 
148.963: Total time for which application threads were stopped: 0.0040580 seconds, Stopping threads took: 0.0022700 seconds
149.002: Application time: 0.0384870 seconds
149.004: [GC [PSYoungGen: 47840K->6656K(48640K)] 71489K->30585K(159744K), 0.0021780 secs] [Times: user=0.02 sys=0.00, real=0.00 secs] 
149.006: Total time for which application threads were stopped: 0.0044880 seconds, Stopping threads took: 0.0022260 seconds
149.048: Application time: 0.0420470 seconds
149.050: [GC [PSYoungGen: 48640K->6640K(48640K)] 72569K->30665K(159744K), 0.0020270 secs] [Times: user=0.02 sys=0.00, real=0.01 secs] 
149.052: Total time for which application threads were stopped: 0.0032610 seconds, Stopping threads took: 0.0011440 seconds
149.092: Application time: 0.0399220 seconds
149.093: [GC [PSYoungGen: 48624K->6656K(48640K)] 72649K->31081K(159744K), 0.0021620 secs] [Times: user=0.02 sys=0.00, real=0.00 secs] 
149.096: Total time for which application threads were stopped: 0.0041710 seconds, Stopping threads took: 0.0019280 seconds
149.136: Application time: 0.0408080 seconds
149.138: [GC [PSYoungGen: 48640K->6656K(48640K)] 73065K->31825K(159744K), 0.0023380 secs] [Times: user=0.01 sys=0.00, real=0.00 secs] 
149.140: Total time for which application threads were stopped: 0.0037290 seconds, Stopping threads took: 0.0013100 seconds
149.181: Application time: 0.0403220 seconds
149.183: [GC [PSYoungGen: 48640K->6656K(48640K)] 73809K->32745K(159744K), 0.0024390 secs] [Times: user=0.01 sys=0.00, real=0.01 secs] 
149.185: Total time for which application threads were stopped: 0.0046560 seconds, Stopping threads took: 0.0021200 seconds
149.224: Application time: 0.0392880 seconds
149.227: [GC [PSYoungGen: 48638K->6656K(48640K)] 74727K->34033K(159744K), 0.0026780 secs] [Times: user=0.01 sys=0.00, real=0.00 secs] 
149.229: Total time for which application threads were stopped: 0.0049850 seconds, Stopping threads took: 0.0022020 seconds
149.271: Application time: 0.0417020 seconds
149.272: [GC [PSYoungGen: 48640K->6656K(48640K)] 76017K->34641K(159744K), 0.0023660 secs] [Times: user=0.02 sys=0.00, real=0.00 secs] 
149.275: Total time for which application threads were stopped: 0.0033260 seconds, Stopping threads took: 0.0008430 seconds
149.316: Application time: 0.0410620 seconds
149.317: [GC [PSYoungGen: 48640K->6208K(48640K)] 76625K->34193K(159744K), 0.0020450 secs] [Times: user=0.01 sys=0.00, real=0.00 secs] 
149.319: Total time for which application threads were stopped: 0.0033850 seconds, Stopping threads took: 0.0012580 seconds
149.357: Application time: 0.0384840 seconds
149.359: [GC [PSYoungGen: 48192K->6656K(48640K)] 76177K->35097K(159744K), 0.0021200 secs] [Times: user=0.02 sys=0.00, real=0.00 secs] 
149.361: Total time for which application threads were stopped: 0.0039990 seconds, Stopping threads took: 0.0018000 seconds
149.399: Application time: 0.0376480 seconds
149.401: [GC [PSYoungGen: 48640K->6640K(48640K)] 77081K->36009K(159744K), 0.0022070 secs] [Times: user=0.01 sys=0.01, real=0.01 secs] 
149.403: Total time for which application threads were stopped: 0.0043020 seconds, Stopping threads took: 0.0020140 seconds
149.442: Application time: 0.0386490 seconds
149.444: [GC [PSYoungGen: 48624K->6656K(48640K)] 77993K->36217K(159744K), 0.0019730 secs] [Times: user=0.01 sys=0.00, real=0.00 secs] 
149.446: Total time for which application threads were stopped: 0.0038020 seconds, Stopping threads took: 0.0017500 seconds
149.482: Application time: 0.0363940 seconds
149.484: [GC [PSYoungGen: 48640K->6656K(48640K)] 78201K->36885K(159744K), 0.0021340 secs] [Times: user=0.01 sys=0.00, real=0.00 secs] 
149.487: Total time for which application threads were stopped: 0.0043650 seconds, Stopping threads took: 0.0021560 seconds
149.524: Application time: 0.0370910 seconds
149.525: [GC [PSYoungGen: 48640K->6656K(48640K)] 78869K->37917K(159744K), 0.0022630 secs] [Times: user=0.01 sys=0.01, real=0.00 secs] 
149.528: Total time for which application threads were stopped: 0.0040540 seconds, Stopping threads took: 0.0017090 seconds
149.563: Application time: 0.0357220 seconds
149.566: [GC [PSYoungGen: 48640K->6656K(48640K)] 79901K->38333K(159744K), 0.0020490 secs] [Times: user=0.02 sys=0.00, real=0.00 secs] 
149.568: Total time for which application threads were stopped: 0.0041490 seconds, Stopping threads took: 0.0020100 seconds
149.606: Application time: 0.0380170 seconds
149.608: [GC [PSYoungGen: 48640K->6384K(48640K)] 80317K->38069K(159744K), 0.0019380 secs] [Times: user=0.01 sys=0.00, real=0.00 secs] 
149.610: Total time for which application threads were stopped: 0.0043200 seconds, Stopping threads took: 0.0023040 seconds
149.647: Application time: 0.0367350 seconds
149.648: [GC [PSYoungGen: 48368K->6656K(48640K)] 80053K->39381K(159744K), 0.0023310 secs] [Times: user=0.02 sys=0.00, real=0.00 secs] 
149.651: Total time for which application threads were stopped: 0.0038860 seconds, Stopping threads took: 0.0014610 seconds
149.688: Application time: 0.0371440 seconds
149.689: [GC [PSYoungGen: 48640K->6640K(48640K)] 81365K->39821K(159744K), 0.0020790 secs] [Times: user=0.01 sys=0.00, real=0.00 secs] 
149.691: Total time for which application threads were stopped: 0.0033010 seconds, Stopping threads took: 0.0011400 seconds
149.728: Application time: 0.0369860 seconds
149.730: [GC [PSYoungGen: 48624K->6640K(48640K)] 81805K->40557K(159744K), 0.0021920 secs] [Times: user=0.01 sys=0.00, real=0.01 secs] 
149.732: Total time for which application threads were stopped: 0.0041300 seconds, Stopping threads took: 0.0018580 seconds
149.769: Application time: 0.0371040 seconds
149.771: [GC [PSYoungGen: 48624K->6640K(48640K)] 82541K->41781K(159744K), 0.0023090 secs] [Times: user=0.01 sys=0.00, real=0.00 secs] 
149.773: Total time for which application threads were stopped: 0.0042060 seconds, Stopping threads took: 0.0018090 seconds
149.812: Application time: 0.0381880 seconds
149.813: [GC [PSYoungGen: 48624K->5904K(48640K)] 83765K->41053K(159744K), 0.0017850 secs] [Times: user=0.01 sys=0.00, real=0.00 secs] 
149.815: Total time for which application threads were stopped: 0.0031180 seconds, Stopping threads took: 0.0012580 seconds
149.853: Application time: 0.0384960 seconds
149.854: [GC [PSYoungGen: 47888K->6544K(48640K)] 83037K->41693K(159744K), 0.0019430 secs] [Times: user=0.02 sys=0.00, real=0.00 secs] 
149.856: Total time for which application threads were stopped: 0.0030640 seconds, Stopping threads took: 0.0010460 seconds
149.894: Application time: 0.0378200 seconds
149.896: [GC [PSYoungGen: 48528K->6640K(48640K)] 83677K->42349K(159744K), 0.0021430 secs] [Times: user=0.02 sys=0.00, real=0.00 secs] 
149.898: Total time for which application threads were stopped: 0.0037130 seconds, Stopping threads took: 0.0014900 seconds
149.935: Application time: 0.0371240 seconds
149.937: [GC [PSYoungGen: 48624K->6640K(48640K)] 84333K->43333K(159744K), 0.0023100 secs] [Times: user=0.02 sys=0.00, real=0.00 secs] 
149.939: Total time for which application threads were stopped: 0.0040530 seconds, Stopping threads took: 0.0016640 seconds
149.977: Application time: 0.0375980 seconds
149.978: [GC [PSYoungGen: 48624K->6624K(48640K)] 85317K->43845K(159744K), 0.0022440 secs] [Times: user=0.01 sys=0.00, real=0.00 secs] 
149.980: Total time for which application threads were stopped: 0.0031820 seconds, Stopping threads took: 0.0008600 seconds
150.017: Application time: 0.0374900 seconds
150.019: [GC [PSYoungGen: 48608K->6624K(48640K)] 85829K->43869K(159744K), 0.0019710 secs] [Times: user=0.01 sys=0.00, real=0.00 secs] 
150.021: Total time for which application threads were stopped: 0.0037200 seconds, Stopping threads took: 0.0016710 seconds
150.057: Application time: 0.0362430 seconds
150.059: [GC [PSYoungGen: 48608K->6624K(48640K)] 85853K->45021K(159744K), 0.0022790 secs] [Times: user=0.02 sys=0.00, real=0.00 secs] 
150.061: Total time for which application threads were stopped: 0.0041080 seconds, Stopping threads took: 0.0017440 seconds
150.099: Application time: 0.0377310 seconds
150.102: [GC [PSYoungGen: 48608K->6640K(48640K)] 87005K->46365K(159744K), 0.0024170 secs] [Times: user=0.01 sys=0.00, real=0.01 secs] 
150.104: Total time for which application threads were stopped: 0.0048970 seconds, Stopping threads took: 0.0023670 seconds
150.143: Application time: 0.0388570 seconds
150.147: [GC [PSYoungGen: 48624K->6640K(48640K)] 88349K->46965K(159744K), 0.0021610 secs] [Times: user=0.01 sys=0.00, real=0.00 secs] 
150.149: Total time for which application threads were stopped: 0.0065480 seconds, Stopping threads took: 0.0043090 seconds
150.187: Application time: 0.0374150 seconds
150.188: [GC [PSYoungGen: 48624K->6560K(48640K)] 88949K->46901K(159744K), 0.0018990 secs] [Times: user=0.01 sys=0.00, real=0.00 secs] 
150.190: Total time for which application threads were stopped: 0.0032710 seconds, Stopping threads took: 0.0012980 seconds
150.229: Application time: 0.0386550 seconds
150.230: [GC [PSYoungGen: 48544K->5504K(48640K)] 88885K->45869K(159744K), 0.0016600 secs] [Times: user=0.01 sys=0.00, real=0.01 secs] 
150.232: Total time for which application threads were stopped: 0.0032400 seconds, Stopping threads took: 0.0015050 seconds
150.270: Application time: 0.0381940 seconds
150.272: [GC [PSYoungGen: 47488K->6448K(48640K)] 87853K->46821K(159744K), 0.0019950 secs] [Times: user=0.02 sys=0.00, real=0.00 secs] 
150.274: Total time for which application threads were stopped: 0.0035510 seconds, Stopping threads took: 0.0014740 seconds
150.312: Application time: 0.0378930 seconds
150.313: [GC [PSYoungGen: 48432K->6304K(48640K)] 88805K->46693K(159744K), 0.0019130 secs] [Times: user=0.01 sys=0.00, real=0.00 secs] 
150.315: Total time for which application threads were stopped: 0.0031500 seconds, Stopping threads took: 0.0011560 seconds
150.354: Application time: 0.0389430 seconds
150.356: [GC [PSYoungGen: 48288K->5632K(48640K)] 88677K->46021K(159744K), 0.0016950 secs] [Times: user=0.01 sys=0.00, real=0.00 secs] 
150.358: Total time for which application threads were stopped: 0.0039440 seconds, Stopping threads took: 0.0021690 seconds
150.396: Application time: 0.0387130 seconds
150.399: [GC [PSYoungGen: 47616K->6448K(48640K)] 88005K->46837K(159744K), 0.0018710 secs] [Times: user=0.01 sys=0.00, real=0.00 secs] 
150.401: Total time for which application threads were stopped: 0.0043250 seconds, Stopping threads took: 0.0023680 seconds
150.437: Application time: 0.0365120 seconds
150.439: [GC [PSYoungGen: 48432K->6624K(48640K)] 88821K->47133K(159744K), 0.0019680 secs] [Times: user=0.01 sys=0.00, real=0.00 secs] 
150.441: Total time for which application threads were stopped: 0.0039830 seconds, Stopping threads took: 0.0019380 seconds
150.478: Application time: 0.0366700 seconds
150.481: [GC [PSYoungGen: 48608K->6624K(48640K)] 89117K->48573K(159744K), 0.0023670 secs] [Times: user=0.01 sys=0.00, real=0.01 secs] 
150.483: Total time for which application threads were stopped: 0.0052760 seconds, Stopping threads took: 0.0028290 seconds
150.521: Application time: 0.0374560 seconds
150.522: [GC [PSYoungGen: 48608K->6624K(48640K)] 90557K->49469K(159744K), 0.0022210 secs] [Times: user=0.01 sys=0.00, real=0.01 secs] 
150.525: Total time for which application threads were stopped: 0.0039770 seconds, Stopping threads took: 0.0016700 seconds
150.563: Application time: 0.0378380 seconds
150.564: [GC [PSYoungGen: 48608K->5888K(48640K)] 91453K->48733K(159744K), 0.0017830 secs] [Times: user=0.01 sys=0.00, real=0.00 secs] 
150.566: Total time for which application threads were stopped: 0.0034800 seconds, Stopping threads took: 0.0016190 seconds
150.604: Application time: 0.0378920 seconds
150.606: [GC [PSYoungGen: 47872K->5936K(48640K)] 90717K->48781K(159744K), 0.0019280 secs] [Times: user=0.01 sys=0.00, real=0.00 secs] 
150.608: Total time for which application threads were stopped: 0.0036470 seconds, Stopping threads took: 0.0016360 seconds
150.643: Application time: 0.0357900 seconds
150.645: [GC [PSYoungGen: 47920K->6656K(48640K)] 90765K->50429K(159744K), 0.0021940 secs] [Times: user=0.02 sys=0.00, real=0.00 secs] 
150.647: Total time for which application threads were stopped: 0.0034120 seconds, Stopping threads took: 0.0011360 seconds
150.685: Application time: 0.0384370 seconds
150.688: [GC [PSYoungGen: 48640K->6640K(48640K)] 92413K->50573K(159744K), 0.0020500 secs] [Times: user=0.01 sys=0.00, real=0.00 secs] 
150.690: Total time for which application threads were stopped: 0.0044670 seconds, Stopping threads took: 0.0023300 seconds
150.728: Application time: 0.0383660 seconds
150.729: [GC [PSYoungGen: 48624K->6368K(48640K)] 92557K->50309K(159744K), 0.0020240 secs] [Times: user=0.01 sys=0.00, real=0.00 secs] 
150.731: Total time for which application threads were stopped: 0.0026990 seconds, Stopping threads took: 0.0005980 seconds
150.767: Application time: 0.0365790 seconds
150.770: [GC [PSYoungGen: 48352K->6640K(48640K)] 92293K->51645K(159744K), 0.0022930 secs] [Times: user=0.01 sys=0.00, real=0.01 secs] 
150.772: Total time for which application threads were stopped: 0.0047230 seconds, Stopping threads took: 0.0023510 seconds
150.808: Application time: 0.0362360 seconds
150.811: [GC [PSYoungGen: 48622K->6640K(48640K)] 93628K->52061K(159744K), 0.0021100 secs] [Times: user=0.01 sys=0.00, real=0.01 secs] 
150.813: Total time for which application threads were stopped: 0.0046190 seconds, Stopping threads took: 0.0024290 seconds
150.851: Application time: 0.0377460 seconds
150.853: [GC [PSYoungGen: 48624K->6480K(48640K)] 94045K->51909K(159744K), 0.0019240 secs] [Times: user=0.01 sys=0.00, real=0.00 secs] 
150.855: Total time for which application threads were stopped: 0.0042850 seconds, Stopping threads took: 0.0022780 seconds
150.893: Application time: 0.0385160 seconds
150.895: [GC [PSYoungGen: 48464K->6640K(48640K)] 93893K->52277K(159744K), 0.0020500 secs] [Times: user=0.01 sys=0.00, real=0.00 secs] 
150.897: Total time for which application threads were stopped: 0.0037310 seconds, Stopping threads took: 0.0015990 seconds
150.936: Application time: 0.0385940 seconds
150.938: [GC [PSYoungGen: 48624K->6640K(48640K)] 94261K->52373K(159744K), 0.0022290 secs] [Times: user=0.01 sys=0.00, real=0.00 secs] 
150.940: Total time for which application threads were stopped: 0.0041540 seconds, Stopping threads took: 0.0018440 seconds
150.978: Application time: 0.0380530 seconds
150.979: [GC [PSYoungGen: 48624K->6656K(48640K)] 94357K->52441K(159744K), 0.0021140 secs] [Times: user=0.01 sys=0.00, real=0.00 secs] 
150.982: Total time for which application threads were stopped: 0.0035600 seconds, Stopping threads took: 0.0013710 seconds
151.020: Application time: 0.0386280 seconds
151.022: [GC [PSYoungGen: 48640K->6656K(48640K)] 94425K->52985K(159744K), 0.0021970 secs] [Times: user=0.02 sys=0.00, real=0.01 secs] 
151.024: Total time for which application threads were stopped: 0.0036000 seconds, Stopping threads took: 0.0013220 seconds
151.062: Application time: 0.0386280 seconds
151.064: [GC [PSYoungGen: 48640K->6624K(48640K)] 94969K->53665K(159744K), 0.0021500 secs] [Times: user=0.02 sys=0.00, real=0.00 secs] 
151.066: Total time for which application threads were stopped: 0.0034600 seconds, Stopping threads took: 0.0012300 seconds
151.105: Application time: 0.0388730 seconds
151.106: [GC [PSYoungGen: 48608K->5792K(48640K)] 95649K->52833K(159744K), 0.0017840 secs] [Times: user=0.01 sys=0.00, real=0.00 secs] 
151.108: Total time for which application threads were stopped: 0.0032370 seconds, Stopping threads took: 0.0013640 seconds
151.144: Application time: 0.0361040 seconds
151.146: [GC [PSYoungGen: 47776K->6656K(48640K)] 94817K->54545K(159744K), 0.0023080 secs] [Times: user=0.01 sys=0.00, real=0.00 secs] 
151.148: Total time for which application threads were stopped: 0.0040620 seconds, Stopping threads took: 0.0016740 seconds
151.187: Application time: 0.0383970 seconds
151.188: [GC [PSYoungGen: 48640K->6352K(48640K)] 96529K->54257K(159744K), 0.0018740 secs] [Times: user=0.01 sys=0.00, real=0.00 secs] 
151.190: Total time for which application threads were stopped: 0.0033550 seconds, Stopping threads took: 0.0014030 seconds
151.226: Application time: 0.0356790 seconds
151.228: [GC [PSYoungGen: 48335K->6624K(48640K)] 96241K->55721K(159744K), 0.0023180 secs] [Times: user=0.02 sys=0.00, real=0.00 secs] 
151.230: Total time for which application threads were stopped: 0.0044220 seconds, Stopping threads took: 0.0020220 seconds
151.268: Application time: 0.0380760 seconds
151.269: [GC [PSYoungGen: 48608K->6320K(48640K)] 97705K->55425K(159744K), 0.0019270 secs] [Times: user=0.02 sys=0.00, real=0.01 secs] 
151.271: Total time for which application threads were stopped: 0.0031780 seconds, Stopping threads took: 0.0011760 seconds
151.309: Application time: 0.0380350 seconds
151.310: [GC [PSYoungGen: 48304K->6640K(48640K)] 97409K->55793K(159744K), 0.0020200 secs] [Times: user=0.01 sys=0.00, real=0.01 secs] 
151.312: Total time for which application threads were stopped: 0.0030450 seconds, Stopping threads took: 0.0009490 seconds
151.350: Application time: 0.0377390 seconds
151.352: [GC [PSYoungGen: 48624K->6640K(48640K)] 97777K->56426K(159744K), 0.0021670 secs] [Times: user=0.01 sys=0.00, real=0.00 secs] 
151.354: Total time for which application threads were stopped: 0.0037700 seconds, Stopping threads took: 0.0015220 seconds
151.390: Application time: 0.0363440 seconds
151.392: [GC [PSYoungGen: 48623K->6624K(48640K)] 98409K->56545K(159744K), 0.0021260 secs] [Times: user=0.01 sys=0.00, real=0.00 secs] 
151.394: Total time for which application threads were stopped: 0.0036140 seconds, Stopping threads took: 0.0014070 seconds
151.430: Application time: 0.0365430 seconds
151.433: [GC [PSYoungGen: 48608K->6256K(48640K)] 98529K->56177K(159744K), 0.0018450 secs] [Times: user=0.01 sys=0.00, real=0.00 secs] 
151.434: Total time for which application threads were stopped: 0.0040920 seconds, Stopping threads took: 0.0021670 seconds
151.472: Application time: 0.0373140 seconds
151.473: [GC [PSYoungGen: 48240K->6624K(48640K)] 98161K->56625K(159744K), 0.0020540 secs] [Times: user=0.01 sys=0.00, real=0.00 secs] 
151.475: Total time for which application threads were stopped: 0.0034710 seconds, Stopping threads took: 0.0013410 seconds
151.512: Application time: 0.0371080 seconds
151.514: [GC [PSYoungGen: 48608K->6656K(48640K)] 98609K->56705K(159744K), 0.0020470 secs] [Times: user=0.02 sys=0.00, real=0.00 secs] 
151.516: Total time for which application threads were stopped: 0.0036310 seconds, Stopping threads took: 0.0014960 seconds
151.553: Application time: 0.0374490 seconds
151.555: [GC [PSYoungGen: 48640K->6624K(48640K)] 98689K->57394K(159744K), 0.0022040 secs] [Times: user=0.02 sys=0.00, real=0.00 secs] 
151.558: Total time for which application threads were stopped: 0.0041920 seconds, Stopping threads took: 0.0019080 seconds
151.596: Application time: 0.0378910 seconds
151.597: [GC [PSYoungGen: 48608K->6656K(48640K)] 99378K->58170K(159744K), 0.0022880 secs] [Times: user=0.01 sys=0.00, real=0.00 secs] 
151.599: Total time for which application threads were stopped: 0.0034210 seconds, Stopping threads took: 0.0010550 seconds
151.636: Application time: 0.0365470 seconds
151.638: [GC [PSYoungGen: 48640K->6640K(48640K)] 100154K->59186K(159744K), 0.0022960 secs] [Times: user=0.01 sys=0.00, real=0.00 secs] 
151.640: Total time for which application threads were stopped: 0.0044250 seconds, Stopping threads took: 0.0020350 seconds
151.678: Application time: 0.0380010 seconds
151.679: [GC [PSYoungGen: 48624K->5344K(48640K)] 101170K->57914K(159744K), 0.0016010 secs] [Times: user=0.01 sys=0.00, real=0.00 secs] 
151.681: Total time for which application threads were stopped: 0.0031010 seconds, Stopping threads took: 0.0014330 seconds
151.718: Application time: 0.0369130 seconds
151.719: [GC [PSYoungGen: 47328K->6656K(48640K)] 99898K->60258K(159744K), 0.0023630 secs] [Times: user=0.01 sys=0.00, real=0.00 secs] 
151.722: Total time for which application threads were stopped: 0.0039100 seconds, Stopping threads took: 0.0014610 seconds
151.760: Application time: 0.0380530 seconds
151.762: [GC [PSYoungGen: 48638K->6656K(48640K)] 102240K->60458K(159744K), 0.0021110 secs] [Times: user=0.01 sys=0.00, real=0.01 secs] 
151.764: Total time for which application threads were stopped: 0.0038830 seconds, Stopping threads took: 0.0016930 seconds
151.802: Application time: 0.0378980 seconds
151.804: [GC [PSYoungGen: 48640K->6640K(48640K)] 102442K->60570K(159744K), 0.0019870 secs] [Times: user=0.01 sys=0.00, real=0.00 secs] 
151.806: Total time for which application threads were stopped: 0.0039460 seconds, Stopping threads took: 0.0018840 seconds
151.842: Application time: 0.0361510 seconds
151.844: [GC [PSYoungGen: 48624K->6624K(48640K)] 102554K->62042K(159744K), 0.0024340 secs] [Times: user=0.02 sys=0.00, real=0.00 secs] 
151.847: Total time for which application threads were stopped: 0.0050300 seconds, Stopping threads took: 0.0025140 seconds
151.885: Application time: 0.0380610 seconds
151.888: [GC [PSYoungGen: 48608K->6656K(48640K)] 104026K->62794K(159744K), 0.0023550 secs] [Times: user=0.01 sys=0.00, real=0.00 secs] 
151.890: Total time for which application threads were stopped: 0.0050950 seconds, Stopping threads took: 0.0026610 seconds
151.928: Application time: 0.0375210 seconds
151.928: [GC [PSYoungGen: 48640K->6640K(48640K)] 104778K->62882K(159744K), 0.0021520 secs] [Times: user=0.01 sys=0.00, real=0.00 secs] 
151.930: Total time for which application threads were stopped: 0.0026500 seconds, Stopping threads took: 0.0004220 seconds
151.966: Application time: 0.0359700 seconds
151.968: [GC [PSYoungGen: 48624K->6624K(48640K)] 104866K->64218K(159744K), 0.0023720 secs] [Times: user=0.02 sys=0.00, real=0.00 secs] 
151.971: Total time for which application threads were stopped: 0.0046280 seconds, Stopping threads took: 0.0021750 seconds
152.008: Application time: 0.0376600 seconds
152.010: [GC [PSYoungGen: 48608K->6640K(48640K)] 106202K->64818K(159744K), 0.0022010 secs] [Times: user=0.01 sys=0.00, real=0.01 secs] 
152.012: Total time for which application threads were stopped: 0.0038880 seconds, Stopping threads took: 0.0016050 seconds
152.050: Application time: 0.0375320 seconds
152.052: [GC [PSYoungGen: 48624K->6656K(48640K)] 106802K->65770K(159744K), 0.0029750 secs] [Times: user=0.02 sys=0.00, real=0.00 secs] 
152.055: Total time for which application threads were stopped: 0.0049140 seconds, Stopping threads took: 0.0018600 seconds
152.092: Application time: 0.0369600 seconds
152.093: [GC [PSYoungGen: 48640K->6656K(48640K)] 107754K->65858K(159744K), 0.0020830 secs] [Times: user=0.01 sys=0.00, real=0.00 secs] 
152.095: Total time for which application threads were stopped: 0.0035570 seconds, Stopping threads took: 0.0013910 seconds
152.131: Application time: 0.0361420 seconds
152.134: [GC [PSYoungGen: 48640K->6656K(48640K)] 107842K->67306K(159744K), 0.0024280 secs] [Times: user=0.01 sys=0.00, real=0.00 secs] 
152.136: Total time for which application threads were stopped: 0.0047530 seconds, Stopping threads took: 0.0022480 seconds
152.176: Application time: 0.0394280 seconds
152.178: [GC [PSYoungGen: 48640K->6656K(48640K)] 109290K->67386K(159744K), 0.0020620 secs] [Times: user=0.01 sys=0.00, real=0.00 secs] 
152.180: Total time for which application threads were stopped: 0.0045730 seconds, Stopping threads took: 0.0024240 seconds
152.218: Application time: 0.0381740 seconds
152.220: [GC [PSYoungGen: 48640K->6656K(48640K)] 109370K->68178K(159744K), 0.0021920 secs] [Times: user=0.01 sys=0.00, real=0.00 secs] 
152.222: Total time for which application threads were stopped: 0.0037530 seconds, Stopping threads took: 0.0014840 seconds
152.260: Application time: 0.0382770 seconds
152.262: [GC [PSYoungGen: 48640K->6496K(48640K)] 110162K->68018K(159744K), 0.0020090 secs] [Times: user=0.01 sys=0.00, real=0.01 secs] 
152.264: Total time for which application threads were stopped: 0.0032250 seconds, Stopping threads took: 0.0011370 seconds
152.302: Application time: 0.0382520 seconds
152.304: [GC [PSYoungGen: 48480K->6656K(48640K)] 110002K->68834K(159744K), 0.0022330 secs] [Times: user=0.02 sys=0.00, real=0.00 secs] 
152.306: Total time for which application threads were stopped: 0.0039490 seconds, Stopping threads took: 0.0016280 seconds
152.343: Application time: 0.0372770 seconds
152.345: [GC [PSYoungGen: 48640K->6288K(48640K)] 110818K->68466K(159744K), 0.0019570 secs] [Times: user=0.02 sys=0.00, real=0.00 secs] 
152.347: Total time for which application threads were stopped: 0.0041970 seconds, Stopping threads took: 0.0021410 seconds
152.385: Application time: 0.0375720 seconds
152.387: [GC [PSYoungGen: 48272K->6064K(48640K)] 110450K->68250K(159744K), 0.0018730 secs] [Times: user=0.01 sys=0.00, real=0.00 secs] 
152.388: Total time for which application threads were stopped: 0.0036020 seconds, Stopping threads took: 0.0016430 seconds
152.426: Application time: 0.0370180 seconds
152.428: [GC [PSYoungGen: 48048K->6656K(48640K)] 110234K->69514K(159744K), 0.0021710 secs] [Times: user=0.01 sys=0.00, real=0.00 secs] 
152.430: Total time for which application threads were stopped: 0.0046200 seconds, Stopping threads took: 0.0023710 seconds
152.469: Application time: 0.0384270 seconds
152.470: [GC [PSYoungGen: 48640K->6320K(48640K)] 111498K->69178K(159744K), 0.0020000 secs] [Times: user=0.01 sys=0.00, real=0.01 secs] 
152.472: Total time for which application threads were stopped: 0.0036740 seconds, Stopping threads took: 0.0015970 seconds
152.510: Application time: 0.0382180 seconds
152.512: [GC [PSYoungGen: 48304K->6640K(48640K)] 111162K->69946K(159744K), 0.0021390 secs] [Times: user=0.02 sys=0.00, real=0.00 secs] 
152.514: Total time for which application threads were stopped: 0.0038490 seconds, Stopping threads took: 0.0016310 seconds
152.552: Application time: 0.0375510 seconds
152.553: [GC [PSYoungGen: 48624K->6624K(48640K)] 111930K->70722K(159744K), 0.0021330 secs] [Times: user=0.01 sys=0.00, real=0.00 secs] 
152.556: Total time for which application threads were stopped: 0.0037770 seconds, Stopping threads took: 0.0015610 seconds
152.594: Application time: 0.0385010 seconds
152.595: [GC [PSYoungGen: 48608K->6656K(48640K)] 112706K->71362K(159744K), 0.0021540 secs] [Times: user=0.01 sys=0.00, real=0.00 secs] 
152.597: Total time for which application threads were stopped: 0.0033410 seconds, Stopping threads took: 0.0011080 seconds
152.636: Application time: 0.0387200 seconds
152.637: [GC [PSYoungGen: 48640K->6640K(48640K)] 113346K->71370K(159744K), 0.0019870 secs] [Times: user=0.02 sys=0.00, real=0.00 secs] 
152.639: Total time for which application threads were stopped: 0.0026460 seconds, Stopping threads took: 0.0005720 seconds
152.677: Application time: 0.0378280 seconds
152.678: [GC [PSYoungGen: 48624K->6656K(48640K)] 113354K->72082K(159744K), 0.0022540 secs] [Times: user=0.01 sys=0.00, real=0.00 secs] 
152.681: Total time for which application threads were stopped: 0.0039480 seconds, Stopping threads took: 0.0016170 seconds
152.718: Application time: 0.0374890 seconds
152.720: [GC [PSYoungGen: 48640K->6608K(48640K)] 114066K->72042K(159744K), 0.0020880 secs] [Times: user=0.02 sys=0.00, real=0.00 secs] 
152.722: Total time for which application threads were stopped: 0.0036290 seconds, Stopping threads took: 0.0014540 seconds
152.760: Application time: 0.0386410 seconds
152.761: [GC [PSYoungGen: 48592K->6624K(48640K)] 114026K->72306K(159744K), 0.0021650 secs] [Times: user=0.01 sys=0.00, real=0.01 secs] 
152.764: Total time for which application threads were stopped: 0.0031440 seconds, Stopping threads took: 0.0009020 seconds
152.802: Application time: 0.0387030 seconds
152.804: [GC [PSYoungGen: 48608K->6320K(48640K)] 114290K->72026K(159744K), 0.0018160 secs] [Times: user=0.01 sys=0.00, real=0.00 secs] 
152.806: Total time for which application threads were stopped: 0.0039060 seconds, Stopping threads took: 0.0020130 seconds
152.842: Application time: 0.0353780 seconds
152.844: [GC [PSYoungGen: 48304K->6640K(48640K)] 114010K->73330K(159744K), 0.0023370 secs] [Times: user=0.01 sys=0.00, real=0.00 secs] 
152.846: Total time for which application threads were stopped: 0.0049150 seconds, Stopping threads took: 0.0024690 seconds
152.885: Application time: 0.0388300 seconds
152.887: [GC [PSYoungGen: 48624K->6592K(48640K)] 115314K->73298K(159744K), 0.0019980 secs] [Times: user=0.02 sys=0.00, real=0.00 secs] 
152.889: Total time for which application threads were stopped: 0.0041220 seconds, Stopping threads took: 0.0020420 seconds
152.926: Application time: 0.0369310 seconds
152.929: [GC [PSYoungGen: 48576K->6640K(48640K)] 115282K->74122K(159744K), 0.0022260 secs] [Times: user=0.02 sys=0.00, real=0.01 secs] 
152.931: Total time for which application threads were stopped: 0.0049390 seconds, Stopping threads took: 0.0026340 seconds
152.969: Application time: 0.0375630 seconds
152.970: [GC [PSYoungGen: 48624K->6640K(48640K)] 116106K->75298K(159744K), 0.0023580 secs] [Times: user=0.02 sys=0.00, real=0.01 secs] 
152.973: Total time for which application threads were stopped: 0.0039740 seconds, Stopping threads took: 0.0015350 seconds
153.010: Application time: 0.0370400 seconds
153.012: [GC [PSYoungGen: 48624K->6656K(48640K)] 117282K->76810K(159744K), 0.0023290 secs] [Times: user=0.01 sys=0.00, real=0.00 secs] 
153.015: Total time for which application threads were stopped: 0.0049030 seconds, Stopping threads took: 0.0024940 seconds
153.053: Application time: 0.0386450 seconds
153.056: [GC [PSYoungGen: 48640K->6640K(48640K)] 118794K->77666K(159744K), 0.0022180 secs] [Times: user=0.01 sys=0.00, real=0.00 secs] 
153.058: Total time for which application threads were stopped: 0.0044250 seconds, Stopping threads took: 0.0021230 seconds
153.094: Application time: 0.0361750 seconds
153.096: [GC [PSYoungGen: 48624K->6640K(48640K)] 119650K->77898K(159744K), 0.0020920 secs] [Times: user=0.01 sys=0.00, real=0.00 secs] 
153.098: Total time for which application threads were stopped: 0.0039840 seconds, Stopping threads took: 0.0018120 seconds
153.134: Application time: 0.0363160 seconds
153.136: [GC [PSYoungGen: 48624K->6656K(48640K)] 119882K->78578K(159744K), 0.0023550 secs] [Times: user=0.01 sys=0.00, real=0.00 secs] 
153.138: Total time for which application threads were stopped: 0.0039490 seconds, Stopping threads took: 0.0015100 seconds
153.175: Application time: 0.0371030 seconds
153.178: [GC [PSYoungGen: 48640K->6640K(48640K)] 120562K->79546K(159744K), 0.0022590 secs] [Times: user=0.01 sys=0.00, real=0.00 secs] 
153.180: Total time for which application threads were stopped: 0.0044440 seconds, Stopping threads took: 0.0021020 seconds
153.218: Application time: 0.0380740 seconds
153.220: [GC [PSYoungGen: 48624K->6304K(48640K)] 121530K->79218K(159744K), 0.0019710 secs] [Times: user=0.01 sys=0.00, real=0.00 secs] 
153.222: Total time for which application threads were stopped: 0.0038920 seconds, Stopping threads took: 0.0018440 seconds
153.261: Application time: 0.0390990 seconds
153.262: [GC [PSYoungGen: 48288K->5984K(48640K)] 121202K->78914K(159744K), 0.0020550 secs] [Times: user=0.01 sys=0.00, real=0.01 secs] 
153.264: Total time for which application threads were stopped: 0.0034500 seconds, Stopping threads took: 0.0013090 seconds
153.303: Application time: 0.0390060 seconds
153.304: [GC [PSYoungGen: 47968K->4896K(48640K)] 120898K->77834K(159744K), 0.0016940 secs] [Times: user=0.01 sys=0.00, real=0.00 secs] 
153.306: Total time for which application threads were stopped: 0.0026870 seconds, Stopping threads took: 0.0009180 seconds
153.344: Application time: 0.0380500 seconds
153.346: [GC [PSYoungGen: 46880K->6640K(48640K)] 119818K->80506K(159744K), 0.0024190 secs] [Times: user=0.02 sys=0.00, real=0.00 secs] 
153.348: Total time for which application threads were stopped: 0.0042500 seconds, Stopping threads took: 0.0017480 seconds
153.388: Application time: 0.0400360 seconds
153.390: [GC [PSYoungGen: 48622K->6656K(48640K)] 122489K->80842K(159744K), 0.0022280 secs] [Times: user=0.01 sys=0.00, real=0.01 secs] 
153.393: Total time for which application threads were stopped: 0.0042050 seconds, Stopping threads took: 0.0018890 seconds
153.432: Application time: 0.0396780 seconds
153.433: [GC [PSYoungGen: 48640K->6528K(48640K)] 122826K->80714K(159744K), 0.0020360 secs] [Times: user=0.00 sys=0.01, real=0.00 secs] 
153.436: Total time for which application threads were stopped: 0.0032270 seconds, Stopping threads took: 0.0011100 seconds
153.476: Application time: 0.0404100 seconds
153.477: [GC [PSYoungGen: 48512K->6656K(48640K)] 122698K->82122K(159744K), 0.0024340 secs] [Times: user=0.02 sys=0.00, real=0.00 secs] 
153.480: Total time for which application threads were stopped: 0.0038120 seconds, Stopping threads took: 0.0012920 seconds
153.519: Application time: 0.0397030 seconds
153.521: [GC [PSYoungGen: 48640K->6240K(48640K)] 124106K->81706K(159744K), 0.0019250 secs] [Times: user=0.01 sys=0.00, real=0.00 secs] 
153.523: Total time for which application threads were stopped: 0.0036470 seconds, Stopping threads took: 0.0016400 seconds
153.564: Application time: 0.0410890 seconds
153.565: [GC [PSYoungGen: 48224K->6640K(48640K)] 123690K->82106K(159744K), 0.0020990 secs] [Times: user=0.01 sys=0.00, real=0.00 secs] 
153.568: Total time for which application threads were stopped: 0.0033470 seconds, Stopping threads took: 0.0011670 seconds
153.605: Application time: 0.0378920 seconds
153.608: [GC [PSYoungGen: 48624K->6656K(48640K)] 124090K->82442K(159744K), 0.0021020 secs] [Times: user=0.02 sys=0.00, real=0.00 secs] 
153.610: Total time for which application threads were stopped: 0.0042510 seconds, Stopping threads took: 0.0020680 seconds
153.650: Application time: 0.0407110 seconds
153.651: [GC [PSYoungGen: 48640K->6656K(48640K)] 124426K->83074K(159744K), 0.0021720 secs] [Times: user=0.02 sys=0.00, real=0.00 secs] 
153.653: Total time for which application threads were stopped: 0.0030010 seconds, Stopping threads took: 0.0007440 seconds
153.693: Application time: 0.0399790 seconds
153.695: [GC [PSYoungGen: 48640K->6640K(48640K)] 125058K->84050K(159744K), 0.0023800 secs] [Times: user=0.02 sys=0.00, real=0.00 secs] 
153.697: Total time for which application threads were stopped: 0.0037480 seconds, Stopping threads took: 0.0012880 seconds
153.738: Application time: 0.0405730 seconds
153.742: [GC [PSYoungGen: 48624K->6640K(48640K)] 126034K->85530K(159744K), 0.0028460 secs] [Times: user=0.01 sys=0.00, real=0.01 secs] 
153.745: Total time for which application threads were stopped: 0.0076320 seconds, Stopping threads took: 0.0046930 seconds
153.784: Application time: 0.0391280 seconds
153.788: [GC [PSYoungGen: 48624K->6512K(48640K)] 127514K->85418K(159744K), 0.0020080 secs] [Times: user=0.01 sys=0.00, real=0.00 secs] 
153.790: Total time for which application threads were stopped: 0.0052040 seconds, Stopping threads took: 0.0031030 seconds
153.829: Application time: 0.0390550 seconds
153.830: [GC [PSYoungGen: 48496K->6640K(48640K)] 127402K->85690K(159744K), 0.0020450 secs] [Times: user=0.01 sys=0.00, real=0.01 secs] 
153.832: Total time for which application threads were stopped: 0.0037320 seconds, Stopping threads took: 0.0016030 seconds
153.873: Application time: 0.0404810 seconds
153.873: [GC [PSYoungGen: 48624K->6640K(48640K)] 127674K->85786K(159744K), 0.0021870 secs] [Times: user=0.02 sys=0.00, real=0.00 secs] 
153.876: Total time for which application threads were stopped: 0.0027830 seconds, Stopping threads took: 0.0005110 seconds
153.916: Application time: 0.0402840 seconds
153.919: [GC [PSYoungGen: 48624K->6656K(48640K)] 127770K->86779K(159744K), 0.0023320 secs] [Times: user=0.02 sys=0.00, real=0.00 secs] 
153.921: Total time for which application threads were stopped: 0.0052950 seconds, Stopping threads took: 0.0028780 seconds
153.961: Application time: 0.0395070 seconds
153.962: [GC [PSYoungGen: 48640K->6656K(48640K)] 128763K->87563K(159744K), 0.0023410 secs] [Times: user=0.02 sys=0.00, real=0.01 secs] 
153.965: Total time for which application threads were stopped: 0.0039850 seconds, Stopping threads took: 0.0015590 seconds
154.005: Application time: 0.0402740 seconds
154.007: [GC [PSYoungGen: 48640K->6656K(48640K)] 129547K->88267K(159744K), 0.0022830 secs] [Times: user=0.01 sys=0.00, real=0.00 secs] 
154.009: Total time for which application threads were stopped: 0.0042090 seconds, Stopping threads took: 0.0018380 seconds
154.049: Application time: 0.0399240 seconds
154.051: [GC [PSYoungGen: 48640K->6656K(48640K)] 130251K->88475K(159744K), 0.0020840 secs] [Times: user=0.01 sys=0.00, real=0.00 secs] 
154.053: Total time for which application threads were stopped: 0.0040710 seconds, Stopping threads took: 0.0019020 seconds
154.091: Application time: 0.0380690 seconds
154.094: [GC [PSYoungGen: 48640K->6656K(48640K)] 130459K->88923K(159744K), 0.0021670 secs] [Times: user=0.01 sys=0.00, real=0.00 secs] 
154.096: Total time for which application threads were stopped: 0.0047030 seconds, Stopping threads took: 0.0024530 seconds
154.136: Application time: 0.0403280 seconds
154.139: [GC [PSYoungGen: 48640K->6640K(48640K)] 130907K->89783K(159744K), 0.0022870 secs] [Times: user=0.02 sys=0.00, real=0.00 secs] 
154.141: Total time for which application threads were stopped: 0.0046530 seconds, Stopping threads took: 0.0022820 seconds
154.181: Application time: 0.0398410 seconds
154.183: [GC [PSYoungGen: 48624K->6656K(48640K)] 131767K->90103K(159744K), 0.0021300 secs] [Times: user=0.02 sys=0.00, real=0.01 secs] 
154.185: Total time for which application threads were stopped: 0.0041000 seconds, Stopping threads took: 0.0018830 seconds
154.225: Application time: 0.0398460 seconds
154.228: [GC [PSYoungGen: 48640K->6640K(48640K)] 132087K->90279K(159744K), 0.0022610 secs] [Times: user=0.01 sys=0.00, real=0.00 secs] 
154.230: Total time for which application threads were stopped: 0.0053000 seconds, Stopping threads took: 0.0029310 seconds
154.269: Application time: 0.0389740 seconds
154.271: [GC [PSYoungGen: 48624K->6624K(48640K)] 132263K->91071K(159744K), 0.0022710 secs] [Times: user=0.02 sys=0.00, real=0.00 secs] 
154.274: Total time for which application threads were stopped: 0.0046920 seconds, Stopping threads took: 0.0023350 seconds
154.313: Application time: 0.0395700 seconds
154.315: [GC [PSYoungGen: 48608K->6624K(48640K)] 133055K->91223K(159744K), 0.0021810 secs] [Times: user=0.01 sys=0.00, real=0.00 secs] 
154.317: Total time for which application threads were stopped: 0.0036940 seconds, Stopping threads took: 0.0013970 seconds
154.356: Application time: 0.0385780 seconds
154.358: [GC [PSYoungGen: 48608K->6624K(48640K)] 133207K->91767K(159744K), 0.0024920 secs] [Times: user=0.02 sys=0.00, real=0.00 secs] 
154.361: Total time for which application threads were stopped: 0.0050320 seconds, Stopping threads took: 0.0024350 seconds
154.400: Application time: 0.0394570 seconds
154.403: [GC [PSYoungGen: 48608K->6624K(48640K)] 133751K->92207K(159744K), 0.0024580 secs] [Times: user=0.01 sys=0.01, real=0.01 secs] 
154.406: Total time for which application threads were stopped: 0.0054460 seconds, Stopping threads took: 0.0029060 seconds
154.444: Application time: 0.0386970 seconds
154.446: [GC [PSYoungGen: 48608K->6640K(48640K)] 134191K->92495K(159744K), 0.0024530 secs] [Times: user=0.01 sys=0.00, real=0.00 secs] 
154.449: Total time for which application threads were stopped: 0.0042910 seconds, Stopping threads took: 0.0017350 seconds
154.488: Application time: 0.0391990 seconds
154.490: [GC [PSYoungGen: 48624K->6624K(48640K)] 134479K->93087K(159744K), 0.0024450 secs] [Times: user=0.02 sys=0.00, real=0.01 secs] 
154.493: Total time for which application threads were stopped: 0.0050970 seconds, Stopping threads took: 0.0025440 seconds
154.533: Application time: 0.0402970 seconds
154.535: [GC [PSYoungGen: 48608K->6624K(48640K)] 135071K->93511K(159744K), 0.0022370 secs] [Times: user=0.01 sys=0.00, real=0.00 secs] 
154.538: Total time for which application threads were stopped: 0.0044900 seconds, Stopping threads took: 0.0021560 seconds
154.579: Application time: 0.0408710 seconds
154.581: [GC [PSYoungGen: 48608K->5984K(48640K)] 135495K->92871K(159744K), 0.0018740 secs] [Times: user=0.01 sys=0.00, real=0.00 secs] 
154.583: Total time for which application threads were stopped: 0.0042570 seconds, Stopping threads took: 0.0023020 seconds
154.624: Application time: 0.0412150 seconds
154.625: [GC [PSYoungGen: 47968K->5568K(48640K)] 134855K->92455K(159744K), 0.0017780 secs] [Times: user=0.01 sys=0.00, real=0.00 secs] 
154.627: Total time for which application threads were stopped: 0.0027960 seconds, Stopping threads took: 0.0009440 seconds
154.668: Application time: 0.0408560 seconds
154.671: [GC [PSYoungGen: 47552K->5472K(48640K)] 134439K->92359K(159744K), 0.0017440 secs] [Times: user=0.02 sys=0.00, real=0.00 secs] 
154.673: Total time for which application threads were stopped: 0.0053090 seconds, Stopping threads took: 0.0034860 seconds
154.714: Application time: 0.0414440 seconds
154.716: [GC [PSYoungGen: 47456K->6416K(48640K)] 134343K->93303K(159744K), 0.0019810 secs] [Times: user=0.02 sys=0.00, real=0.00 secs] 
154.718: Total time for which application threads were stopped: 0.0032240 seconds, Stopping threads took: 0.0011640 seconds
154.758: Application time: 0.0400060 seconds
154.759: [GC [PSYoungGen: 48400K->5936K(48640K)] 135287K->92839K(159744K), 0.0019700 secs] [Times: user=0.01 sys=0.00, real=0.00 secs] 
154.761: Total time for which application threads were stopped: 0.0037290 seconds, Stopping threads took: 0.0016800 seconds
154.802: Application time: 0.0402980 seconds
154.805: [GC [PSYoungGen: 47920K->6656K(48640K)] 134823K->94991K(159744K), 0.0029630 secs] [Times: user=0.02 sys=0.00, real=0.00 secs] 
154.808: Total time for which application threads were stopped: 0.0059850 seconds, Stopping threads took: 0.0029160 seconds
154.847: Application time: 0.0394900 seconds
154.849: [GC [PSYoungGen: 48640K->6624K(48640K)] 136975K->95383K(159744K), 0.0021990 secs] [Times: user=0.02 sys=0.00, real=0.00 secs] 
154.851: Total time for which application threads were stopped: 0.0037950 seconds, Stopping threads took: 0.0015070 seconds
154.891: Application time: 0.0397900 seconds
154.893: [GC [PSYoungGen: 48608K->6640K(48640K)] 137367K->95735K(159744K), 0.0021500 secs] [Times: user=0.02 sys=0.00, real=0.00 secs] 
154.895: Total time for which application threads were stopped: 0.0042150 seconds, Stopping threads took: 0.0019840 seconds
154.936: Application time: 0.0414180 seconds
154.938: [GC [PSYoungGen: 48624K->5440K(48640K)] 137719K->94543K(159744K), 0.0017130 secs] [Times: user=0.02 sys=0.00, real=0.00 secs] 
154.939: Total time for which application threads were stopped: 0.0029290 seconds, Stopping threads took: 0.0011380 seconds
154.981: Application time: 0.0413470 seconds
154.986: [GC [PSYoungGen: 47424K->6640K(48640K)] 136527K->96319K(159744K), 0.0022720 secs] [Times: user=0.01 sys=0.00, real=0.00 secs] 
154.988: Total time for which application threads were stopped: 0.0071390 seconds, Stopping threads took: 0.0047910 seconds
155.028: Application time: 0.0401530 seconds
155.030: [GC [PSYoungGen: 48624K->6624K(48640K)] 138303K->96311K(159744K), 0.0020330 secs] [Times: user=0.02 sys=0.00, real=0.01 secs] 
155.032: Total time for which application threads were stopped: 0.0035930 seconds, Stopping threads took: 0.0014800 seconds
155.071: Application time: 0.0397620 seconds
155.073: [GC [PSYoungGen: 48608K->6640K(48640K)] 138295K->96615K(159744K), 0.0021300 secs] [Times: user=0.01 sys=0.01, real=0.00 secs] 
155.075: Total time for which application threads were stopped: 0.0041020 seconds, Stopping threads took: 0.0018870 seconds
155.116: Application time: 0.0403840 seconds
155.117: [GC [PSYoungGen: 48624K->6640K(48640K)] 138599K->96863K(159744K), 0.0021290 secs] [Times: user=0.01 sys=0.00, real=0.00 secs] 
155.120: Total time for which application threads were stopped: 0.0037070 seconds, Stopping threads took: 0.0014960 seconds
155.159: Application time: 0.0397050 seconds
155.161: [GC [PSYoungGen: 48624K->6640K(48640K)] 138847K->96943K(159744K), 0.0020840 secs] [Times: user=0.01 sys=0.00, real=0.00 secs] 
155.163: Total time for which application threads were stopped: 0.0038520 seconds, Stopping threads took: 0.0016860 seconds
155.203: Application time: 0.0395850 seconds
155.204: [GC [PSYoungGen: 48624K->6064K(48640K)] 138927K->96367K(159744K), 0.0019070 secs] [Times: user=0.01 sys=0.00, real=0.00 secs] 
155.206: Total time for which application threads were stopped: 0.0032010 seconds, Stopping threads took: 0.0012100 seconds
155.245: Application time: 0.0390420 seconds
155.247: [GC [PSYoungGen: 48048K->6624K(48640K)] 138351K->97591K(159744K), 0.0022330 secs] [Times: user=0.01 sys=0.00, real=0.00 secs] 
155.249: Total time for which application threads were stopped: 0.0041740 seconds, Stopping threads took: 0.0018590 seconds
155.290: Application time: 0.0407700 seconds
155.291: [GC [PSYoungGen: 48608K->6304K(48640K)] 139575K->97279K(159744K), 0.0020850 secs] [Times: user=0.01 sys=0.00, real=0.00 secs] 
155.293: Total time for which application threads were stopped: 0.0034980 seconds, Stopping threads took: 0.0013340 seconds
155.334: Application time: 0.0408820 seconds
155.336: [GC [PSYoungGen: 48288K->6624K(48640K)] 139263K->98031K(159744K), 0.0021340 secs] [Times: user=0.01 sys=0.00, real=0.00 secs] 
155.338: Total time for which application threads were stopped: 0.0040980 seconds, Stopping threads took: 0.0018840 seconds
155.378: Application time: 0.0399090 seconds
155.380: [GC [PSYoungGen: 48607K->6656K(48640K)] 140014K->99431K(159744K), 0.0024320 secs] [Times: user=0.02 sys=0.00, real=0.00 secs] 
155.383: Total time for which application threads were stopped: 0.0044060 seconds, Stopping threads took: 0.0018810 seconds
155.423: Application time: 0.0400970 seconds
155.424: [GC [PSYoungGen: 48640K->6464K(48640K)] 141415K->99239K(159744K), 0.0020240 secs] [Times: user=0.02 sys=0.00, real=0.00 secs] 
155.426: Total time for which application threads were stopped: 0.0036950 seconds, Stopping threads took: 0.0015900 seconds
155.467: Application time: 0.0408090 seconds
155.469: [GC [PSYoungGen: 48448K->6032K(48640K)] 141223K->98807K(159744K), 0.0018650 secs] [Times: user=0.01 sys=0.00, real=0.00 secs] 
155.471: Total time for which application threads were stopped: 0.0035250 seconds, Stopping threads took: 0.0015800 seconds
155.511: Application time: 0.0400980 seconds
155.514: [GC [PSYoungGen: 48016K->6640K(48640K)] 140791K->100063K(159744K), 0.0022870 secs] [Times: user=0.02 sys=0.00, real=0.00 secs] 
155.516: Total time for which application threads were stopped: 0.0049520 seconds, Stopping threads took: 0.0025810 seconds
155.556: Application time: 0.0402920 seconds
155.558: [GC [PSYoungGen: 48624K->6656K(48640K)] 142047K->100111K(159744K), 0.0020840 secs] [Times: user=0.01 sys=0.00, real=0.00 secs] 
155.560: Total time for which application threads were stopped: 0.0036590 seconds, Stopping threads took: 0.0014810 seconds
155.599: Application time: 0.0389500 seconds
155.601: [GC [PSYoungGen: 48640K->6656K(48640K)] 142095K->100587K(159744K), 0.0021770 secs] [Times: user=0.01 sys=0.00, real=0.00 secs] 
155.603: Total time for which application threads were stopped: 0.0043280 seconds, Stopping threads took: 0.0020690 seconds
155.643: Application time: 0.0402920 seconds
155.646: [GC [PSYoungGen: 48640K->6640K(48640K)] 142571K->101467K(159744K), 0.0028320 secs] [Times: user=0.01 sys=0.00, real=0.00 secs] 
155.649: Total time for which application threads were stopped: 0.0056310 seconds, Stopping threads took: 0.0027180 seconds
155.689: Application time: 0.0404010 seconds
155.692: [GC [PSYoungGen: 48624K->6656K(48640K)] 143451K->102195K(159744K), 0.0022110 secs] [Times: user=0.01 sys=0.00, real=0.00 secs] 
155.694: Total time for which application threads were stopped: 0.0045500 seconds, Stopping threads took: 0.0022560 seconds
155.734: Application time: 0.0402740 seconds
155.736: [GC [PSYoungGen: 48640K->6624K(48640K)] 144179K->103171K(159744K), 0.0024310 secs] [Times: user=0.02 sys=0.00, real=0.00 secs] 
155.739: Total time for which application threads were stopped: 0.0044790 seconds, Stopping threads took: 0.0019630 seconds
155.779: Application time: 0.0402460 seconds
155.781: [GC [PSYoungGen: 48608K->6640K(48640K)] 145155K->104043K(159744K), 0.0023500 secs] [Times: user=0.01 sys=0.00, real=0.01 secs] 
155.784: Total time for which application threads were stopped: 0.0045620 seconds, Stopping threads took: 0.0021260 seconds
155.823: Application time: 0.0393080 seconds
155.825: [GC [PSYoungGen: 48624K->6656K(48640K)] 146027K->104339K(159744K), 0.0021090 secs] [Times: user=0.02 sys=0.00, real=0.00 secs] 
155.827: Total time for which application threads were stopped: 0.0042660 seconds, Stopping threads took: 0.0020720 seconds
155.867: Application time: 0.0394420 seconds
155.868: [GC [PSYoungGen: 48640K->6656K(48640K)] 146323K->105067K(159744K), 0.0025350 secs] [Times: user=0.01 sys=0.00, real=0.00 secs] 
155.871: Total time for which application threads were stopped: 0.0044230 seconds, Stopping threads took: 0.0017820 seconds
155.911: Application time: 0.0397300 seconds
155.913: [GC [PSYoungGen: 48640K->6640K(48640K)] 147051K->105895K(159744K), 0.0023840 secs] [Times: user=0.01 sys=0.00, real=0.00 secs] 
155.915: Total time for which application threads were stopped: 0.0044840 seconds, Stopping threads took: 0.0019920 seconds
155.954: Application time: 0.0389380 seconds
155.957: [GC [PSYoungGen: 48624K->6656K(48640K)] 147879K->107047K(159744K), 0.0024260 secs] [Times: user=0.01 sys=0.00, real=0.00 secs] 
155.959: Total time for which application threads were stopped: 0.0049670 seconds, Stopping threads took: 0.0024240 seconds
155.999: Application time: 0.0399920 seconds
156.002: [GC [PSYoungGen: 48640K->6640K(48640K)] 149031K->108039K(159744K), 0.0024370 secs] [Times: user=0.02 sys=0.00, real=0.01 secs] 
156.004: Total time for which application threads were stopped: 0.0048820 seconds, Stopping threads took: 0.0023570 seconds
156.044: Application time: 0.0400600 seconds
156.046: [GC [PSYoungGen: 48624K->6640K(48640K)] 150023K->108367K(159744K), 0.0022340 secs] [Times: user=0.02 sys=0.00, real=0.00 secs] 
156.048: Total time for which application threads were stopped: 0.0039950 seconds, Stopping threads took: 0.0016740 seconds
156.088: Application time: 0.0403250 seconds
156.090: [GC [PSYoungGen: 48624K->6640K(48640K)] 150351K->108479K(159744K), 0.0021380 secs] [Times: user=0.02 sys=0.00, real=0.01 secs] 
156.092: Total time for which application threads were stopped: 0.0036910 seconds, Stopping threads took: 0.0014470 seconds
156.132: Application time: 0.0401800 seconds
156.134: [GC [PSYoungGen: 48622K->6224K(48640K)] 150462K->108063K(159744K), 0.0020730 secs] [Times: user=0.02 sys=0.00, real=0.00 secs] 
156.136: Total time for which application threads were stopped: 0.0039730 seconds, Stopping threads took: 0.0018220 seconds
156.175: Application time: 0.0386070 seconds
156.177: [GC [PSYoungGen: 48208K->6656K(48640K)] 150047K->108839K(159744K), 0.0022290 secs] [Times: user=0.01 sys=0.01, real=0.00 secs] 
156.179: Total time for which application threads were stopped: 0.0044500 seconds, Stopping threads took: 0.0021340 seconds
156.219: Application time: 0.0393050 seconds
156.220: [GC [PSYoungGen: 48640K->6640K(48640K)] 150823K->110023K(159744K), 0.0024500 secs] [Times: user=0.02 sys=0.00, real=0.00 secs] 
156.223: Total time for which application threads were stopped: 0.0041740 seconds, Stopping threads took: 0.0016200 seconds
156.263: Application time: 0.0402600 seconds
156.266: [GC [PSYoungGen: 48624K->5392K(48640K)] 152007K->108775K(159744K), 0.0018210 secs] [Times: user=0.01 sys=0.00, real=0.00 secs] 
156.268: Total time for which application threads were stopped: 0.0047150 seconds, Stopping threads took: 0.0027930 seconds
156.309: Application time: 0.0408170 seconds
156.310: [GC [PSYoungGen: 47376K->5920K(48640K)] 150759K->109303K(159744K), 0.0019580 secs] [Times: user=0.01 sys=0.00, real=0.01 secs] 
156.312: Total time for which application threads were stopped: 0.0030330 seconds, Stopping threads took: 0.0009950 seconds
156.353: Application time: 0.0414690 seconds
156.355: [GC [PSYoungGen: 47904K->5456K(48640K)] 151287K->108839K(159744K), 0.0017950 secs] [Times: user=0.01 sys=0.00, real=0.00 secs] 
156.357: Total time for which application threads were stopped: 0.0034400 seconds, Stopping threads took: 0.0015660 seconds
156.397: Application time: 0.0401760 seconds
156.398: [GC [PSYoungGen: 47440K->5040K(48640K)] 150823K->108431K(159744K), 0.0016370 secs] [Times: user=0.01 sys=0.00, real=0.00 secs] 
156.400: Total time for which application threads were stopped: 0.0028980 seconds, Stopping threads took: 0.0011850 seconds
156.440: Application time: 0.0406230 seconds
156.442: [GC [PSYoungGen: 47024K->5344K(48640K)] 150415K->108735K(159744K), 0.0016900 secs] [Times: user=0.01 sys=0.00, real=0.01 secs] 
156.443: Total time for which application threads were stopped: 0.0031590 seconds, Stopping threads took: 0.0013800 seconds
156.484: Application time: 0.0406020 seconds
156.486: [GC [PSYoungGen: 47328K->6624K(48640K)] 150719K->110015K(159744K), 0.0021150 secs] [Times: user=0.02 sys=0.00, real=0.00 secs] 
156.488: Total time for which application threads were stopped: 0.0044030 seconds, Stopping threads took: 0.0022060 seconds
156.528: Application time: 0.0399080 seconds
156.530: [GC [PSYoungGen: 48608K->6656K(48640K)] 151999K->111103K(159744K), 0.0026390 secs] [Times: user=0.02 sys=0.00, real=0.01 secs] 
156.532: Total time for which application threads were stopped: 0.0040880 seconds, Stopping threads took: 0.0013610 seconds
156.573: Application time: 0.0407530 seconds
156.575: [GC [PSYoungGen: 48640K->6640K(48640K)] 153087K->111168K(159744K), 0.0020720 secs] [Times: user=0.02 sys=0.00, real=0.00 secs] 
156.577: Total time for which application threads were stopped: 0.0040390 seconds, Stopping threads took: 0.0018840 seconds
156.618: Application time: 0.0403690 seconds
156.619: [GC [PSYoungGen: 48624K->6656K(48640K)] 153152K->111663K(159744K), 0.0022190 secs] [Times: user=0.02 sys=0.00, real=0.00 secs] 
156.622: Total time for which application threads were stopped: 0.0039790 seconds, Stopping threads took: 0.0016770 seconds
156.663: Application time: 0.0410090 seconds
156.664: [GC [PSYoungGen: 48640K->6656K(48640K)] 153647K->111687K(159744K), 0.0020280 secs] [Times: user=0.01 sys=0.00, real=0.00 secs] 
156.666: Total time for which application threads were stopped: 0.0034450 seconds, Stopping threads took: 0.0013390 seconds
156.707: Application time: 0.0406680 seconds
156.709: [GC [PSYoungGen: 48640K->6048K(48640K)] 153671K->111079K(159744K), 0.0018940 secs] [Times: user=0.01 sys=0.00, real=0.00 secs] 
156.711: Total time for which application threads were stopped: 0.0040510 seconds, Stopping threads took: 0.0020750 seconds
156.751: Application time: 0.0401550 seconds
156.752: [GC [PSYoungGen: 48032K->6560K(48640K)] 153063K->111591K(159744K), 0.0020900 secs] [Times: user=0.01 sys=0.00, real=0.00 secs] 
156.754: Total time for which application threads were stopped: 0.0034480 seconds, Stopping threads took: 0.0012650 seconds
156.796: Application time: 0.0414910 seconds
156.797: [GC [PSYoungGen: 48544K->5440K(48640K)] 153575K->110471K(159744K), 0.0018710 secs] [Times: user=0.01 sys=0.00, real=0.00 secs] 
156.799: Total time for which application threads were stopped: 0.0031560 seconds, Stopping threads took: 0.0012100 seconds
156.839: Application time: 0.0395380 seconds
156.841: [GC [PSYoungGen: 47424K->6272K(48640K)] 152455K->111303K(159744K), 0.0019620 secs] [Times: user=0.01 sys=0.00, real=0.00 secs] 
156.843: Total time for which application threads were stopped: 0.0040200 seconds, Stopping threads took: 0.0019770 seconds
156.883: Application time: 0.0405970 seconds
156.885: [GC [PSYoungGen: 48256K->4512K(48640K)] 153287K->109543K(159744K), 0.0016300 secs] [Times: user=0.01 sys=0.00, real=0.00 secs] 
156.886: Total time for which application threads were stopped: 0.0032060 seconds, Stopping threads took: 0.0015050 seconds
156.926: Application time: 0.0400580 seconds
156.928: [GC [PSYoungGen: 46496K->6656K(48640K)] 151527K->111839K(159744K), 0.0021400 secs] [Times: user=0.01 sys=0.00, real=0.00 secs] 
156.931: Total time for which application threads were stopped: 0.0041220 seconds, Stopping threads took: 0.0019010 seconds
156.972: Application time: 0.0415090 seconds
156.974: [GC [PSYoungGen: 48640K->6640K(48640K)] 153823K->112384K(159744K), 0.0021970 secs] [Times: user=0.02 sys=0.00, real=0.00 secs] 
156.976: Total time for which application threads were stopped: 0.0043580 seconds, Stopping threads took: 0.0020720 seconds
157.016: Application time: 0.0393180 seconds
157.018: [GC [PSYoungGen: 48624K->6656K(48640K)] 154368K->113212K(159744K), 0.0023520 secs] [Times: user=0.02 sys=0.00, real=0.00 secs] 
157.020: Total time for which application threads were stopped: 0.0044820 seconds, Stopping threads took: 0.0020440 seconds
157.061: Application time: 0.0407030 seconds
157.062: [GC [PSYoungGen: 48640K->6624K(48640K)] 155196K->113396K(159744K), 0.0021370 secs] [Times: user=0.01 sys=0.00, real=0.01 secs] 
157.064: Total time for which application threads were stopped: 0.0034440 seconds, Stopping threads took: 0.0012270 seconds
157.103: Application time: 0.0390410 seconds
157.105: [GC [PSYoungGen: 48608K->6624K(48640K)] 155380K->113476K(159744K), 0.0021350 secs] [Times: user=0.02 sys=0.00, real=0.00 secs] 
157.107: Total time for which application threads were stopped: 0.0038640 seconds, Stopping threads took: 0.0016460 seconds
157.147: Application time: 0.0398820 seconds
157.150: [GC [PSYoungGen: 48608K->6208K(48640K)] 155460K->113076K(159744K), 0.0019560 secs] [Times: user=0.01 sys=0.00, real=0.01 secs] 
157.152: Total time for which application threads were stopped: 0.0044550 seconds, Stopping threads took: 0.0024160 seconds
157.191: Application time: 0.0393170 seconds
157.192: [GC [PSYoungGen: 48192K->6208K(48640K)] 155060K->113084K(159744K), 0.0019310 secs] [Times: user=0.01 sys=0.00, real=0.00 secs] 
157.194: Total time for which application threads were stopped: 0.0034170 seconds, Stopping threads took: 0.0014090 seconds
157.235: Application time: 0.0403200 seconds
157.236: [GC [PSYoungGen: 48192K->6640K(48640K)] 155068K->114424K(159744K), 0.0028930 secs] [Times: user=0.02 sys=0.00, real=0.00 secs] 
157.239: Total time for which application threads were stopped: 0.0042460 seconds, Stopping threads took: 0.0012740 seconds
157.279: Application time: 0.0402120 seconds
157.282: [GC [PSYoungGen: 48624K->6656K(48640K)] 156408K->114992K(159744K), 0.0024240 secs] [Times: user=0.01 sys=0.00, real=0.01 secs] 
157.285: Total time for which application threads were stopped: 0.0053420 seconds, Stopping threads took: 0.0028350 seconds
157.322: Application time: 0.0377710 seconds
157.325: [GC [PSYoungGen: 48640K->6656K(48640K)] 156976K->116216K(159744K), 0.0024230 secs] [Times: user=0.02 sys=0.00, real=0.00 secs] 
157.327: Total time for which application threads were stopped: 0.0051140 seconds, Stopping threads took: 0.0026080 seconds
157.367: Application time: 0.0394180 seconds
157.368: [GC [PSYoungGen: 48640K->6656K(48640K)] 158200K->116712K(159744K), 0.0021850 secs] [Times: user=0.01 sys=0.00, real=0.00 secs] 
157.370: [Full GC [PSYoungGen: 6656K->0K(48640K)] [ParOldGen: 110056K->9902K(111104K)] 116712K->9902K(159744K) [PSPermGen: 5184K->5184K(21504K)], 0.0063270 secs] [Times: user=0.03 sys=0.00, real=0.01 secs] 
157.377: Total time for which application threads were stopped: 0.0099220 seconds, Stopping threads took: 0.0012750 seconds
157.416: Application time: 0.0395680 seconds
157.418: [GC [PSYoungGen: 41984K->4704K(48640K)] 51886K->14606K(159744K), 0.0014670 secs] [Times: user=0.01 sys=0.00, real=0.00 secs] 
157.420: Total time for which application threads were stopped: 0.0032630 seconds, Stopping threads took: 0.0017260 seconds
157.458: Application time: 0.0383090 seconds
157.461: [GC [PSYoungGen: 46688K->6656K(48640K)] 56590K->17886K(159744K), 0.0023900 secs] [Times: user=0.01 sys=0.00, real=0.01 secs] 
157.463: Total time for which application threads were stopped: 0.0053010 seconds, Stopping threads took: 0.0028310 seconds
157.501: Application time: 0.0376740 seconds
157.503: [GC [PSYoungGen: 48640K->6656K(48640K)] 59870K->18486K(159744K), 0.0021260 secs] [Times: user=0.02 sys=0.00, real=0.00 secs] 
157.506: Total time for which application threads were stopped: 0.0047770 seconds, Stopping threads took: 0.0025670 seconds
157.544: Application time: 0.0382020 seconds
157.546: [GC [PSYoungGen: 48640K->6640K(48640K)] 60470K->18806K(159744K), 0.0021400 secs] [Times: user=0.01 sys=0.00, real=0.00 secs] 
157.548: Total time for which application threads were stopped: 0.0039840 seconds, Stopping threads took: 0.0017670 seconds
157.586: Application time: 0.0379950 seconds
157.588: [GC [PSYoungGen: 48624K->6624K(48640K)] 60790K->19094K(159744K), 0.0021340 secs] [Times: user=0.02 sys=0.00, real=0.00 secs] 
157.590: Total time for which application threads were stopped: 0.0046380 seconds, Stopping threads took: 0.0024270 seconds
157.629: Application time: 0.0384160 seconds
157.630: [GC [PSYoungGen: 48608K->6656K(48640K)] 61078K->19838K(159744K), 0.0021330 secs] [Times: user=0.01 sys=0.00, real=0.01 secs] 
157.633: Total time for which application threads were stopped: 0.0037030 seconds, Stopping threads took: 0.0014890 seconds
157.670: Application time: 0.0373440 seconds
157.671: [GC [PSYoungGen: 48640K->6656K(48640K)] 61822K->20438K(159744K), 0.0021470 secs] [Times: user=0.02 sys=0.01, real=0.00 secs] 
157.674: Total time for which application threads were stopped: 0.0037320 seconds, Stopping threads took: 0.0015070 seconds
157.713: Application time: 0.0393860 seconds
157.715: [GC [PSYoungGen: 48640K->6272K(48640K)] 62422K->20054K(159744K), 0.0019640 secs] [Times: user=0.01 sys=0.00, real=0.00 secs] 
157.717: Total time for which application threads were stopped: 0.0040870 seconds, Stopping threads took: 0.0020380 seconds
157.756: Application time: 0.0385900 seconds
157.758: [GC [PSYoungGen: 48256K->6656K(48640K)] 62038K->21370K(159744K), 0.0024670 secs] [Times: user=0.01 sys=0.00, real=0.00 secs] 
157.760: Total time for which application threads were stopped: 0.0043470 seconds, Stopping threads took: 0.0017990 seconds
157.797: Application time: 0.0372720 seconds
157.800: [GC [PSYoungGen: 48640K->6656K(48640K)] 63354K->21618K(159744K), 0.0042940 secs] [Times: user=0.03 sys=0.00, real=0.01 secs] 
157.804: Total time for which application threads were stopped: 0.0066800 seconds, Stopping threads took: 0.0022950 seconds
157.842: Application time: 0.0375590 seconds
157.843: [GC [PSYoungGen: 48640K->6640K(48640K)] 63602K->22282K(159744K), 0.0021820 secs] [Times: user=0.02 sys=0.00, real=0.01 secs] 
157.845: Total time for which application threads were stopped: 0.0036050 seconds, Stopping threads took: 0.0013410 seconds
157.882: Application time: 0.0370490 seconds
157.884: [GC [PSYoungGen: 48624K->6640K(48640K)] 64266K->23754K(159744K), 0.0024500 secs] [Times: user=0.01 sys=0.00, real=0.00 secs] 
157.887: Total time for which application threads were stopped: 0.0044890 seconds, Stopping threads took: 0.0019460 seconds
157.925: Application time: 0.0378690 seconds
157.927: [GC [PSYoungGen: 48624K->6624K(48640K)] 65738K->25042K(159744K), 0.0023520 secs] [Times: user=0.02 sys=0.00, real=0.00 secs] 
157.929: Total time for which application threads were stopped: 0.0042760 seconds, Stopping threads took: 0.0018430 seconds
157.967: Application time: 0.0385070 seconds
157.968: [GC [PSYoungGen: 48608K->6336K(48640K)] 67026K->24754K(159744K), 0.0018860 secs] [Times: user=0.01 sys=0.00, real=0.00 secs] 
157.970: Total time for which application threads were stopped: 0.0030020 seconds, Stopping threads took: 0.0010410 seconds
158.008: Application time: 0.0380530 seconds
158.010: [GC [PSYoungGen: 48320K->6640K(48640K)] 66738K->26198K(159744K), 0.0023070 secs] [Times: user=0.02 sys=0.00, real=0.01 secs] 
158.013: Total time for which application threads were stopped: 0.0041760 seconds, Stopping threads took: 0.0017810 seconds
158.051: Application time: 0.0384080 seconds
158.054: [GC [PSYoungGen: 48624K->6640K(48640K)] 68182K->26750K(159744K), 0.0021260 secs] [Times: user=0.01 sys=0.00, real=0.00 secs] 
158.056: Total time for which application threads were stopped: 0.0048830 seconds, Stopping threads took: 0.0026780 seconds
158.094: Application time: 0.0380970 seconds
158.096: [GC [PSYoungGen: 48624K->6656K(48640K)] 68734K->27166K(159744K), 0.0020760 secs] [Times: user=0.02 sys=0.00, real=0.00 secs] 
158.098: Total time for which application threads were stopped: 0.0039130 seconds, Stopping threads took: 0.0017560 seconds
158.134: Application time: 0.0362670 seconds
158.136: [GC [PSYoungGen: 48640K->6640K(48640K)] 69150K->27806K(159744K), 0.0021000 secs] [Times: user=0.02 sys=0.00, real=0.00 secs] 
158.138: Total time for which application threads were stopped: 0.0036440 seconds, Stopping threads took: 0.0014640 seconds
158.176: Application time: 0.0378970 seconds
158.177: [GC [PSYoungGen: 48624K->6656K(48640K)] 69790K->28534K(159744K), 0.0021240 secs] [Times: user=0.02 sys=0.00, real=0.00 secs] 
158.179: Total time for which application threads were stopped: 0.0036420 seconds, Stopping threads took: 0.0014390 seconds
158.216: Application time: 0.0368170 seconds
158.218: [GC [PSYoungGen: 48640K->6624K(48640K)] 70518K->29654K(159744K), 0.0022480 secs] [Times: user=0.02 sys=0.00, real=0.00 secs] 
158.220: Total time for which application threads were stopped: 0.0038220 seconds, Stopping threads took: 0.0014910 seconds
158.257: Application time: 0.0371620 seconds
158.259: [GC [PSYoungGen: 48608K->6640K(48640K)] 71638K->30230K(159744K), 0.0020740 secs] [Times: user=0.01 sys=0.00, real=0.00 secs] 
158.261: Total time for which application threads were stopped: 0.0036740 seconds, Stopping threads took: 0.0015200 seconds
158.299: Application time: 0.0379160 seconds
158.300: [GC [PSYoungGen: 48624K->6656K(48640K)] 72214K->31294K(159744K), 0.0022300 secs] [Times: user=0.02 sys=0.00, real=0.00 secs] 
158.303: Total time for which application threads were stopped: 0.0037810 seconds, Stopping threads took: 0.0014690 seconds
158.341: Application time: 0.0387150 seconds
158.343: [GC [PSYoungGen: 48640K->6656K(48640K)] 73278K->31334K(159744K), 0.0020510 secs] [Times: user=0.02 sys=0.00, real=0.01 secs] 
158.345: Total time for which application threads were stopped: 0.0033140 seconds, Stopping threads took: 0.0011820 seconds
158.383: Application time: 0.0384730 seconds
158.385: [GC [PSYoungGen: 48640K->6592K(48640K)] 73318K->31270K(159744K), 0.0018790 secs] [Times: user=0.01 sys=0.00, real=0.00 secs] 
158.387: Total time for which application threads were stopped: 0.0034000 seconds, Stopping threads took: 0.0014450 seconds
158.425: Application time: 0.0380720 seconds
158.426: [GC [PSYoungGen: 48576K->6656K(48640K)] 73254K->31558K(159744K), 0.0020210 secs] [Times: user=0.01 sys=0.00, real=0.00 secs] 
158.428: Total time for which application threads were stopped: 0.0033680 seconds, Stopping threads took: 0.0012540 seconds
158.466: Application time: 0.0379660 seconds
158.467: [GC [PSYoungGen: 48640K->5440K(48640K)] 73542K->30342K(159744K), 0.0015930 secs] [Times: user=0.01 sys=0.00, real=0.00 secs] 
158.469: Total time for which application threads were stopped: 0.0029620 seconds, Stopping threads took: 0.0012940 seconds
158.506: Application time: 0.0375110 seconds
158.508: [GC [PSYoungGen: 47424K->6640K(48640K)] 72326K->32486K(159744K), 0.0022170 secs] [Times: user=0.02 sys=0.00, real=0.00 secs] 
158.511: Total time for which application threads were stopped: 0.0041030 seconds, Stopping threads took: 0.0018020 seconds
158.548: Application time: 0.0378340 seconds
158.550: [GC [PSYoungGen: 48624K->6656K(48640K)] 74470K->32638K(159744K), 0.0020340 secs] [Times: user=0.01 sys=0.00, real=0.01 secs] 
158.552: Total time for which application threads were stopped: 0.0038660 seconds, Stopping threads took: 0.0017460 seconds
158.589: Application time: 0.0367320 seconds
158.591: [GC [PSYoungGen: 48638K->6656K(48640K)] 74621K->33662K(159744K), 0.0022880 secs] [Times: user=0.02 sys=0.00, real=0.01 secs] 
158.593: Total time for which application threads were stopped: 0.0043460 seconds, Stopping threads took: 0.0019780 seconds
158.630: Application time: 0.0368230 seconds
158.632: [GC [PSYoungGen: 48640K->6640K(48640K)] 75646K->34294K(159744K), 0.0020820 secs] [Times: user=0.01 sys=0.00, real=0.00 secs] 
158.634: Total time for which application threads were stopped: 0.0037240 seconds, Stopping threads took: 0.0015610 seconds
158.671: Application time: 0.0370790 seconds
158.673: [GC [PSYoungGen: 48624K->6240K(48640K)] 76278K->33894K(159744K), 0.0020700 secs] [Times: user=0.01 sys=0.00, real=0.00 secs] 
158.675: Total time for which application threads were stopped: 0.0037790 seconds, Stopping threads took: 0.0016300 seconds
158.713: Application time: 0.0385720 seconds
158.715: [GC [PSYoungGen: 48224K->6304K(48640K)] 75878K->33958K(159744K), 0.0019460 secs] [Times: user=0.01 sys=0.00, real=0.00 secs] 
158.717: Total time for which application threads were stopped: 0.0038020 seconds, Stopping threads took: 0.0017770 seconds
158.755: Application time: 0.0381200 seconds
158.757: [GC [PSYoungGen: 48288K->6656K(48640K)] 75942K->35258K(159744K), 0.0024220 secs] [Times: user=0.01 sys=0.00, real=0.00 secs] 
158.759: Total time for which application threads were stopped: 0.0041000 seconds, Stopping threads took: 0.0015960 seconds
158.797: Application time: 0.0378780 seconds
158.798: [GC [PSYoungGen: 48640K->5248K(48640K)] 77242K->33850K(159744K), 0.0038120 secs] [Times: user=0.03 sys=0.00, real=0.00 secs] 
158.802: Total time for which application threads were stopped: 0.0050960 seconds, Stopping threads took: 0.0012090 seconds
158.841: Application time: 0.0382890 seconds
158.843: [GC [PSYoungGen: 47232K->5600K(48640K)] 75834K->34202K(159744K), 0.0016890 secs] [Times: user=0.01 sys=0.00, real=0.01 secs] 
158.845: Total time for which application threads were stopped: 0.0041810 seconds, Stopping threads took: 0.0024150 seconds
158.881: Application time: 0.0364890 seconds
158.883: [GC [PSYoungGen: 47584K->6096K(48640K)] 76186K->34698K(159744K), 0.0017760 secs] [Times: user=0.01 sys=0.00, real=0.01 secs] 
158.885: Total time for which application threads were stopped: 0.0036400 seconds, Stopping threads took: 0.0017880 seconds
158.923: Application time: 0.0380710 seconds
158.924: [GC [PSYoungGen: 48080K->6624K(48640K)] 76682K->35950K(159744K), 0.0021900 secs] [Times: user=0.02 sys=0.00, real=0.00 secs] 
158.927: Total time for which application threads were stopped: 0.0037000 seconds, Stopping threads took: 0.0014300 seconds
158.964: Application time: 0.0378310 seconds
158.966: [GC [PSYoungGen: 48608K->6640K(48640K)] 77934K->37007K(159744K), 0.0022400 secs] [Times: user=0.01 sys=0.00, real=0.00 secs] 
158.968: Total time for which application threads were stopped: 0.0034420 seconds, Stopping threads took: 0.0011200 seconds
159.005: Application time: 0.0373810 seconds
159.007: [GC [PSYoungGen: 48624K->6656K(48640K)] 78991K->37351K(159744K), 0.0020800 secs] [Times: user=0.01 sys=0.00, real=0.00 secs] 
159.009: Total time for which application threads were stopped: 0.0038310 seconds, Stopping threads took: 0.0016590 seconds
159.047: Application time: 0.0379170 seconds
159.050: [GC [PSYoungGen: 48640K->6656K(48640K)] 79335K->37887K(159744K), 0.0023990 secs] [Times: user=0.01 sys=0.00, real=0.01 secs] 
159.052: Total time for which application threads were stopped: 0.0050190 seconds, Stopping threads took: 0.0025380 seconds
159.090: Application time: 0.0381740 seconds
159.092: [GC [PSYoungGen: 48640K->6624K(48640K)] 79871K->37855K(159744K), 0.0020020 secs] [Times: user=0.01 sys=0.00, real=0.00 secs] 
159.094: Total time for which application threads were stopped: 0.0039740 seconds, Stopping threads took: 0.0018840 seconds
159.130: Application time: 0.0361360 seconds
159.132: [GC [PSYoungGen: 48608K->6656K(48640K)] 79839K->38903K(159744K), 0.0024300 secs] [Times: user=0.02 sys=0.00, real=0.00 secs] 
159.135: Total time for which application threads were stopped: 0.0045670 seconds, Stopping threads took: 0.0020530 seconds
159.173: Application time: 0.0381910 seconds
159.175: [GC [PSYoungGen: 48640K->6432K(48640K)] 80887K->38703K(159744K), 0.0018700 secs] [Times: user=0.01 sys=0.00, real=0.00 secs] 
159.176: Total time for which application threads were stopped: 0.0032860 seconds, Stopping threads took: 0.0013380 seconds
159.214: Application time: 0.0380650 seconds
159.216: [GC [PSYoungGen: 48416K->6368K(48640K)] 80687K->38647K(159744K), 0.0019300 secs] [Times: user=0.01 sys=0.00, real=0.00 secs] 
159.218: Total time for which application threads were stopped: 0.0036210 seconds, Stopping threads took: 0.0016150 seconds
159.256: Application time: 0.0383060 seconds
159.258: [GC [PSYoungGen: 48352K->6640K(48640K)] 80631K->39899K(159744K), 0.0022840 secs] [Times: user=0.01 sys=0.00, real=0.00 secs] 
159.260: Total time for which application threads were stopped: 0.0038640 seconds, Stopping threads took: 0.0015000 seconds
159.299: Application time: 0.0388230 seconds
159.300: [GC [PSYoungGen: 48624K->6624K(48640K)] 81883K->41259K(159744K), 0.0023600 secs] [Times: user=0.01 sys=0.00, real=0.00 secs] 
159.303: Total time for which application threads were stopped: 0.0036090 seconds, Stopping threads took: 0.0011690 seconds
159.341: Application time: 0.0378140 seconds
159.342: [GC [PSYoungGen: 48608K->6640K(48640K)] 83243K->41979K(159744K), 0.0021350 secs] [Times: user=0.02 sys=0.00, real=0.01 secs] 
159.344: Total time for which application threads were stopped: 0.0034150 seconds, Stopping threads took: 0.0011970 seconds
159.382: Application time: 0.0382230 seconds
159.384: [GC [PSYoungGen: 48624K->6640K(48640K)] 83963K->42955K(159744K), 0.0023080 secs] [Times: user=0.01 sys=0.00, real=0.00 secs] 
159.386: Total time for which application threads were stopped: 0.0040370 seconds, Stopping threads took: 0.0016440 seconds
159.424: Application time: 0.0382050 seconds
159.426: [GC [PSYoungGen: 48624K->6656K(48640K)] 84939K->42971K(159744K), 0.0019590 secs] [Times: user=0.01 sys=0.00, real=0.00 secs] 
159.428: Total time for which application threads were stopped: 0.0031400 seconds, Stopping threads took: 0.0011050 seconds
159.465: Application time: 0.0379140 seconds
159.467: [GC [PSYoungGen: 48640K->6656K(48640K)] 84955K->43699K(159744K), 0.0021930 secs] [Times: user=0.01 sys=0.00, real=0.00 secs] 
159.469: Total time for which application threads were stopped: 0.0035800 seconds, Stopping threads took: 0.0013090 seconds
159.507: Application time: 0.0382130 seconds
159.511: [GC [PSYoungGen: 48640K->6640K(48640K)] 85683K->44363K(159744K), 0.0023380 secs] [Times: user=0.01 sys=0.00, real=0.00 secs] 
159.514: Total time for which application threads were stopped: 0.0063630 seconds, Stopping threads took: 0.0039470 seconds
159.550: Application time: 0.0363030 seconds
159.552: [GC [PSYoungGen: 48624K->6656K(48640K)] 86347K->45815K(159744K), 0.0024120 secs] [Times: user=0.02 sys=0.00, real=0.00 secs] 
159.555: Total time for which application threads were stopped: 0.0047130 seconds, Stopping threads took: 0.0022160 seconds
159.592: Application time: 0.0376220 seconds
159.595: [GC [PSYoungGen: 48640K->5856K(48640K)] 87799K->45015K(159744K), 0.0017730 secs] [Times: user=0.02 sys=0.00, real=0.00 secs] 
159.597: Total time for which application threads were stopped: 0.0043150 seconds, Stopping threads took: 0.0024530 seconds
159.633: Application time: 0.0361880 seconds
159.635: [GC [PSYoungGen: 47840K->6640K(48640K)] 86999K->46663K(159744K), 0.0022010 secs] [Times: user=0.02 sys=0.00, real=0.00 secs] 
159.637: Total time for which application threads were stopped: 0.0042650 seconds, Stopping threads took: 0.0019860 seconds
159.674: Application time: 0.0370690 seconds
159.676: [GC [PSYoungGen: 48624K->6640K(48640K)] 88647K->47723K(159744K), 0.0023040 secs] [Times: user=0.02 sys=0.00, real=0.00 secs] 
159.678: Total time for which application threads were stopped: 0.0042560 seconds, Stopping threads took: 0.0018670 seconds
159.715: Application time: 0.0370530 seconds
159.717: [GC [PSYoungGen: 48624K->6624K(48640K)] 89707K->47899K(159744K), 0.0019970 secs] [Times: user=0.01 sys=0.00, real=0.00 secs] 
159.719: Total time for which application threads were stopped: 0.0033980 seconds, Stopping threads took: 0.0013180 seconds
159.755: Application time: 0.0364410 seconds
159.757: [GC [PSYoungGen: 48608K->6656K(48640K)] 89883K->48491K(159744K), 0.0021350 secs] [Times: user=0.02 sys=0.00, real=0.00 secs] 
159.760: Total time for which application threads were stopped: 0.0042930 seconds, Stopping threads took: 0.0020810 seconds
159.797: Application time: 0.0376470 seconds
159.800: [GC [PSYoungGen: 48640K->6656K(48640K)] 90475K->49299K(159744K), 0.0043980 secs] [Times: user=0.03 sys=0.00, real=0.01 secs] 
159.804: Total time for which application threads were stopped: 0.0069330 seconds, Stopping threads took: 0.0024440 seconds
159.841: Application time: 0.0367210 seconds
159.843: [GC [PSYoungGen: 48640K->6640K(48640K)] 91283K->49427K(159744K), 0.0020330 secs] [Times: user=0.02 sys=0.00, real=0.01 secs] 
159.845: Total time for which application threads were stopped: 0.0039650 seconds, Stopping threads took: 0.0018490 seconds
159.881: Application time: 0.0365440 seconds
159.883: [GC [PSYoungGen: 48624K->6656K(48640K)] 91411K->50387K(159744K), 0.0022880 secs] [Times: user=0.02 sys=0.00, real=0.00 secs] 
159.886: Total time for which application threads were stopped: 0.0043350 seconds, Stopping threads took: 0.0019630 seconds
159.923: Application time: 0.0374190 seconds
159.924: [GC [PSYoungGen: 48640K->6656K(48640K)] 92371K->51051K(159744K), 0.0021070 secs] [Times: user=0.02 sys=0.00, real=0.00 secs] 
159.926: Total time for which application threads were stopped: 0.0029900 seconds, Stopping threads took: 0.0008040 seconds
159.964: Application time: 0.0378670 seconds
159.966: [GC [PSYoungGen: 48640K->5904K(48640K)] 93035K->50299K(159744K), 0.0017670 secs] [Times: user=0.01 sys=0.00, real=0.00 secs] 
159.968: Total time for which application threads were stopped: 0.0040540 seconds, Stopping threads took: 0.0022080 seconds
160.006: Application time: 0.0374770 seconds
160.007: [GC [PSYoungGen: 47888K->6656K(48640K)] 92283K->51219K(159744K), 0.0020840 secs] [Times: user=0.01 sys=0.00, real=0.00 secs] 
160.009: Total time for which application threads were stopped: 0.0038440 seconds, Stopping threads took: 0.0016830 seconds
160.047: Application time: 0.0371540 seconds
160.048: [GC [PSYoungGen: 48640K->6640K(48640K)] 93203K->51307K(159744K), 0.0021140 secs] [Times: user=0.01 sys=0.00, real=0.00 secs] 
160.051: Total time for which application threads were stopped: 0.0039380 seconds, Stopping threads took: 0.0017470 seconds
160.086: Application time: 0.0359680 seconds
160.089: [GC [PSYoungGen: 48624K->6656K(48640K)] 93291K->52739K(159744K), 0.0024120 secs] [Times: user=0.02 sys=0.00, real=0.01 secs] 
160.091: Total time for which application threads were stopped: 0.0050150 seconds, Stopping threads took: 0.0025110 seconds
160.130: Application time: 0.0388820 seconds
160.133: [GC [PSYoungGen: 48640K->6656K(48640K)] 94723K->53547K(159744K), 0.0021750 secs] [Times: user=0.01 sys=0.00, real=0.00 secs] 
160.135: Total time for which application threads were stopped: 0.0043930 seconds, Stopping threads took: 0.0021170 seconds
160.172: Application time: 0.0377310 seconds
160.174: [GC [PSYoungGen: 48640K->6640K(48640K)] 95531K->53539K(159744K), 0.0020640 secs] [Times: user=0.01 sys=0.00, real=0.00 secs] 
160.176: Total time for which application threads were stopped: 0.0034410 seconds, Stopping threads took: 0.0012980 seconds
160.213: Application time: 0.0366560 seconds
160.215: [GC [PSYoungGen: 48624K->6368K(48640K)] 95523K->53275K(159744K), 0.0019260 secs] [Times: user=0.01 sys=0.00, real=0.00 secs] 
160.217: Total time for which application threads were stopped: 0.0041760 seconds, Stopping threads took: 0.0021720 seconds
160.252: Application time: 0.0356170 seconds
160.255: [GC [PSYoungGen: 48352K->6640K(48640K)] 95259K->53971K(159744K), 0.0026920 secs] [Times: user=0.02 sys=0.00, real=0.00 secs] 
160.258: Total time for which application threads were stopped: 0.0051260 seconds, Stopping threads took: 0.0023590 seconds
160.295: Application time: 0.0376600 seconds
160.299: [GC [PSYoungGen: 48624K->6624K(48640K)] 95955K->54387K(159744K), 0.0023770 secs] [Times: user=0.02 sys=0.00, real=0.00 secs] 
160.302: Total time for which application threads were stopped: 0.0065800 seconds, Stopping threads took: 0.0041000 seconds
160.341: Application time: 0.0387920 seconds
160.341: [GC [PSYoungGen: 48608K->6528K(48640K)] 96371K->54299K(159744K), 0.0022190 secs] [Times: user=0.01 sys=0.00, real=0.01 secs] 
160.344: Total time for which application threads were stopped: 0.0031330 seconds, Stopping threads took: 0.0008250 seconds
160.381: Application time: 0.0370930 seconds
160.382: [GC [PSYoungGen: 48512K->6640K(48640K)] 96283K->54635K(159744K), 0.0022150 secs] [Times: user=0.01 sys=0.00, real=0.01 secs] 
160.385: Total time for which application threads were stopped: 0.0037980 seconds, Stopping threads took: 0.0015030 seconds
160.421: Application time: 0.0367760 seconds
160.423: [GC [PSYoungGen: 48624K->6656K(48640K)] 96619K->54651K(159744K), 0.0019630 secs] [Times: user=0.01 sys=0.00, real=0.01 secs] 
160.425: Total time for which application threads were stopped: 0.0034700 seconds, Stopping threads took: 0.0014330 seconds
160.462: Application time: 0.0374410 seconds
160.464: [GC [PSYoungGen: 48640K->5984K(48640K)] 96635K->53979K(159744K), 0.0018460 secs] [Times: user=0.01 sys=0.00, real=0.00 secs] 
160.466: Total time for which application threads were stopped: 0.0034140 seconds, Stopping threads took: 0.0014920 seconds
160.503: Application time: 0.0375460 seconds
160.505: [GC [PSYoungGen: 47968K->6656K(48640K)] 95963K->56123K(159744K), 0.0028520 secs] [Times: user=0.02 sys=0.00, real=0.00 secs] 
160.508: Total time for which application threads were stopped: 0.0046460 seconds, Stopping threads took: 0.0017150 seconds
160.545: Application time: 0.0372720 seconds
160.546: [GC [PSYoungGen: 48640K->6656K(48640K)] 98107K->56475K(159744K), 0.0021410 secs] [Times: user=0.01 sys=0.00, real=0.00 secs] 
160.549: Total time for which application threads were stopped: 0.0033910 seconds, Stopping threads took: 0.0011720 seconds
160.587: Application time: 0.0386930 seconds
160.589: [GC [PSYoungGen: 48640K->4896K(48640K)] 98459K->54723K(159744K), 0.0017040 secs] [Times: user=0.00 sys=0.00, real=0.00 secs] 
160.591: Total time for which application threads were stopped: 0.0032470 seconds, Stopping threads took: 0.0014620 seconds
160.628: Application time: 0.0370300 seconds
160.630: [GC [PSYoungGen: 46880K->6624K(48640K)] 96707K->56451K(159744K), 0.0021910 secs] [Times: user=0.01 sys=0.00, real=0.01 secs] 
160.632: Total time for which application threads were stopped: 0.0044330 seconds, Stopping threads took: 0.0021630 seconds
160.669: Application time: 0.0375280 seconds
160.671: [GC [PSYoungGen: 48608K->6352K(48640K)] 98435K->56179K(159744K), 0.0024470 secs] [Times: user=0.01 sys=0.00, real=0.00 secs] 
160.674: Total time for which application threads were stopped: 0.0043650 seconds, Stopping threads took: 0.0018140 seconds
160.711: Application time: 0.0370470 seconds
160.713: [GC [PSYoungGen: 48336K->6176K(48640K)] 98163K->56011K(159744K), 0.0018810 secs] [Times: user=0.01 sys=0.00, real=0.00 secs] 
160.714: Total time for which application threads were stopped: 0.0035400 seconds, Stopping threads took: 0.0015800 seconds
160.752: Application time: 0.0373520 seconds
160.754: [GC [PSYoungGen: 48160K->6640K(48640K)] 97995K->57851K(159744K), 0.0024310 secs] [Times: user=0.02 sys=0.00, real=0.00 secs] 
160.756: Total time for which application threads were stopped: 0.0045030 seconds, Stopping threads took: 0.0019780 seconds
160.793: Application time: 0.0365600 seconds
160.795: [GC [PSYoungGen: 48624K->6464K(48640K)] 99835K->57691K(159744K), 0.0019280 secs] [Times: user=0.02 sys=0.00, real=0.00 secs] 
160.797: Total time for which application threads were stopped: 0.0036740 seconds, Stopping threads took: 0.0016650 seconds
160.833: Application time: 0.0362250 seconds
160.835: [GC [PSYoungGen: 48448K->6656K(48640K)] 99675K->59003K(159744K), 0.0023090 secs] [Times: user=0.02 sys=0.00, real=0.00 secs] 
160.837: Total time for which application threads were stopped: 0.0043130 seconds, Stopping threads took: 0.0019220 seconds
160.874: Application time: 0.0370080 seconds
160.876: [GC [PSYoungGen: 48638K->6656K(48640K)] 100986K->59611K(159744K), 0.0022390 secs] [Times: user=0.01 sys=0.00, real=0.00 secs] 
160.879: Total time for which application threads were stopped: 0.0045500 seconds, Stopping threads took: 0.0022330 seconds
160.917: Application time: 0.0386130 seconds
160.918: [GC [PSYoungGen: 48640K->6656K(48640K)] 101595K->60203K(159744K), 0.0022960 secs] [Times: user=0.02 sys=0.00, real=0.00 secs] 
160.920: Total time for which application threads were stopped: 0.0031360 seconds, Stopping threads took: 0.0007600 seconds
160.959: Application time: 0.0386570 seconds
160.960: [GC [PSYoungGen: 48640K->4768K(48640K)] 102187K->58315K(159744K), 0.0015210 secs] [Times: user=0.01 sys=0.00, real=0.00 secs] 
160.962: Total time for which application threads were stopped: 0.0028130 seconds, Stopping threads took: 0.0012220 seconds
161.000: Application time: 0.0376980 seconds
161.000: [GC [PSYoungGen: 46752K->6480K(48640K)] 100299K->60027K(159744K), 0.0018920 secs] [Times: user=0.02 sys=0.00, real=0.00 secs] 
161.002: Total time for which application threads were stopped: 0.0023540 seconds, Stopping threads took: 0.0003840 seconds
161.039: Application time: 0.0369750 seconds
161.041: [GC [PSYoungGen: 48464K->6624K(48640K)] 102011K->61235K(159744K), 0.0022640 secs] [Times: user=0.01 sys=0.00, real=0.01 secs] 
161.043: Total time for which application threads were stopped: 0.0045500 seconds, Stopping threads took: 0.0022030 seconds
161.082: Application time: 0.0385910 seconds
161.083: [GC [PSYoungGen: 48608K->5696K(48640K)] 103219K->60307K(159744K), 0.0017780 secs] [Times: user=0.02 sys=0.00, real=0.01 secs] 
161.085: Total time for which application threads were stopped: 0.0025630 seconds, Stopping threads took: 0.0007110 seconds
161.124: Application time: 0.0394460 seconds
161.125: [GC [PSYoungGen: 47680K->6576K(48640K)] 102291K->61203K(159744K), 0.0019680 secs] [Times: user=0.01 sys=0.00, real=0.00 secs] 
161.127: Total time for which application threads were stopped: 0.0034100 seconds, Stopping threads took: 0.0013650 seconds
161.165: Application time: 0.0373620 seconds
161.167: [GC [PSYoungGen: 48560K->6640K(48640K)] 103187K->62123K(159744K), 0.0022350 secs] [Times: user=0.01 sys=0.00, real=0.00 secs] 
161.169: Total time for which application threads were stopped: 0.0042420 seconds, Stopping threads took: 0.0019210 seconds
161.207: Application time: 0.0379360 seconds
161.209: [GC [PSYoungGen: 48617K->6640K(48640K)] 104101K->62187K(159744K), 0.0019630 secs] [Times: user=0.01 sys=0.00, real=0.01 secs] 
161.211: Total time for which application threads were stopped: 0.0041470 seconds, Stopping threads took: 0.0020970 seconds
161.249: Application time: 0.0381620 seconds
161.251: [GC [PSYoungGen: 48624K->6032K(48640K)] 104171K->61587K(159744K), 0.0018160 secs] [Times: user=0.01 sys=0.00, real=0.01 secs] 
161.253: Total time for which application threads were stopped: 0.0033440 seconds, Stopping threads took: 0.0014410 seconds
161.291: Application time: 0.0379490 seconds
161.292: [GC [PSYoungGen: 48016K->6624K(48640K)] 103571K->62867K(159744K), 0.0023490 secs] [Times: user=0.02 sys=0.00, real=0.00 secs] 
161.295: Total time for which application threads were stopped: 0.0038900 seconds, Stopping threads took: 0.0014400 seconds
161.331: Application time: 0.0366090 seconds
161.333: [GC [PSYoungGen: 48608K->6656K(48640K)] 104851K->63947K(159744K), 0.0023420 secs] [Times: user=0.01 sys=0.00, real=0.00 secs] 
161.335: Total time for which application threads were stopped: 0.0041980 seconds, Stopping threads took: 0.0017770 seconds
161.373: Application time: 0.0381460 seconds
161.376: [GC [PSYoungGen: 48640K->6640K(48640K)] 105931K->64283K(159744K), 0.0020670 secs] [Times: user=0.01 sys=0.00, real=0.00 secs] 
161.378: Total time for which application threads were stopped: 0.0045400 seconds, Stopping threads took: 0.0023900 seconds
161.419: Application time: 0.0412720 seconds
161.420: [GC [PSYoungGen: 48624K->5088K(48640K)] 106267K->62731K(159744K), 0.0017150 secs] [Times: user=0.01 sys=0.00, real=0.00 secs] 
161.422: Total time for which application threads were stopped: 0.0028820 seconds, Stopping threads took: 0.0011020 seconds
161.464: Application time: 0.0418430 seconds
161.466: [GC [PSYoungGen: 47072K->5968K(48640K)] 104715K->63611K(159744K), 0.0018660 secs] [Times: user=0.01 sys=0.00, real=0.00 secs] 
161.467: Total time for which application threads were stopped: 0.0033570 seconds, Stopping threads took: 0.0014160 seconds
161.509: Application time: 0.0411570 seconds
161.510: [GC [PSYoungGen: 47952K->6368K(48640K)] 105595K->64011K(159744K), 0.0019110 secs] [Times: user=0.01 sys=0.00, real=0.01 secs] 
161.512: Total time for which application threads were stopped: 0.0034140 seconds, Stopping threads took: 0.0014260 seconds
161.553: Application time: 0.0415110 seconds
161.554: [GC [PSYoungGen: 48352K->6656K(48640K)] 105995K->64299K(159744K), 0.0020040 secs] [Times: user=0.02 sys=0.00, real=0.00 secs] 
161.556: Total time for which application threads were stopped: 0.0029970 seconds, Stopping threads took: 0.0009130 seconds
161.596: Application time: 0.0391740 seconds
161.597: [GC [PSYoungGen: 48640K->6304K(48640K)] 106283K->63947K(159744K), 0.0023570 secs] [Times: user=0.01 sys=0.00, real=0.00 secs] 
161.600: Total time for which application threads were stopped: 0.0041360 seconds, Stopping threads took: 0.0017010 seconds
161.641: Application time: 0.0407340 seconds
161.642: [GC [PSYoungGen: 48288K->6640K(48640K)] 105931K->64307K(159744K), 0.0021490 secs] [Times: user=0.01 sys=0.00, real=0.01 secs] 
161.644: Total time for which application threads were stopped: 0.0037610 seconds, Stopping threads took: 0.0015070 seconds
161.685: Application time: 0.0403710 seconds
161.687: [GC [PSYoungGen: 48624K->6624K(48640K)] 106291K->64299K(159744K), 0.0021170 secs] [Times: user=0.02 sys=0.00, real=0.00 secs] 
161.689: Total time for which application threads were stopped: 0.0042430 seconds, Stopping threads took: 0.0020450 seconds
161.729: Application time: 0.0400200 seconds
161.730: [GC [PSYoungGen: 48608K->6640K(48640K)] 106283K->65395K(159744K), 0.0022980 secs] [Times: user=0.02 sys=0.00, real=0.01 secs] 
161.733: Total time for which application threads were stopped: 0.0037690 seconds, Stopping threads took: 0.0013760 seconds
161.774: Application time: 0.0415390 seconds
161.775: [GC [PSYoungGen: 48624K->6624K(48640K)] 107379K->65923K(159744K), 0.0022230 secs] [Times: user=0.02 sys=0.00, real=0.00 secs] 
161.778: Total time for which application threads were stopped: 0.0033820 seconds, Stopping threads took: 0.0010770 seconds
161.817: Application time: 0.0393290 seconds
161.819: [GC [PSYoungGen: 48608K->6640K(48640K)] 107907K->67291K(159744K), 0.0023970 secs] [Times: user=0.02 sys=0.00, real=0.00 secs] 
161.821: Total time for which application threads were stopped: 0.0043270 seconds, Stopping threads took: 0.0018470 seconds
161.861: Application time: 0.0395620 seconds
161.863: [GC [PSYoungGen: 48624K->6656K(48640K)] 109275K->67771K(159744K), 0.0021810 secs] [Times: user=0.01 sys=0.00, real=0.00 secs] 
161.866: Total time for which application threads were stopped: 0.0047180 seconds, Stopping threads took: 0.0024530 seconds
161.904: Application time: 0.0385800 seconds
161.906: [GC [PSYoungGen: 48640K->6640K(48640K)] 109755K->68627K(159744K), 0.0022640 secs] [Times: user=0.02 sys=0.00, real=0.00 secs] 
161.909: Total time for which application threads were stopped: 0.0043310 seconds, Stopping threads took: 0.0019870 seconds
161.948: Application time: 0.0396060 seconds
161.951: [GC [PSYoungGen: 48624K->6640K(48640K)] 110611K->69315K(159744K), 0.0022070 secs] [Times: user=0.01 sys=0.00, real=0.01 secs] 
161.953: Total time for which application threads were stopped: 0.0050920 seconds, Stopping threads took: 0.0027990 seconds
161.994: Application time: 0.0409720 seconds
161.995: [GC [PSYoungGen: 48624K->5856K(48640K)] 111299K->68531K(159744K), 0.0018170 secs] [Times: user=0.01 sys=0.00, real=0.00 secs] 
161.997: Total time for which application threads were stopped: 0.0031300 seconds, Stopping threads took: 0.0012350 seconds
162.038: Application time: 0.0411240 seconds
162.039: [GC [PSYoungGen: 47838K->4688K(48640K)] 110514K->67363K(159744K), 0.0015600 secs] [Times: user=0.01 sys=0.00, real=0.00 secs] 
162.041: Total time for which application threads were stopped: 0.0021000 seconds, Stopping threads took: 0.0004670 seconds
162.079: Application time: 0.0383860 seconds
162.081: [GC [PSYoungGen: 46672K->6624K(48640K)] 109347K->70163K(159744K), 0.0022770 secs] [Times: user=0.01 sys=0.00, real=0.01 secs] 
162.083: Total time for which application threads were stopped: 0.0043850 seconds, Stopping threads took: 0.0020260 seconds
162.124: Application time: 0.0404170 seconds
162.127: [GC [PSYoungGen: 48608K->6640K(48640K)] 112147K->70459K(159744K), 0.0021170 secs] [Times: user=0.01 sys=0.00, real=0.00 secs] 
162.129: Total time for which application threads were stopped: 0.0050690 seconds, Stopping threads took: 0.0028690 seconds
162.169: Application time: 0.0401030 seconds
162.172: [GC [PSYoungGen: 48624K->6624K(48640K)] 112443K->70955K(159744K), 0.0022510 secs] [Times: user=0.01 sys=0.00, real=0.00 secs] 
162.174: Total time for which application threads were stopped: 0.0050120 seconds, Stopping threads took: 0.0026780 seconds
162.213: Application time: 0.0387800 seconds
162.215: [GC [PSYoungGen: 48608K->6640K(48640K)] 112939K->71603K(159744K), 0.0022280 secs] [Times: user=0.02 sys=0.00, real=0.00 secs] 
162.217: Total time for which application threads were stopped: 0.0043270 seconds, Stopping threads took: 0.0020130 seconds
162.256: Application time: 0.0387690 seconds
162.258: [GC [PSYoungGen: 48624K->6640K(48640K)] 113587K->72404K(159744K), 0.0021900 secs] [Times: user=0.02 sys=0.00, real=0.00 secs] 
162.260: Total time for which application threads were stopped: 0.0046350 seconds, Stopping threads took: 0.0023550 seconds
162.300: Application time: 0.0397730 seconds
162.301: [GC [PSYoungGen: 48624K->6640K(48640K)] 114388K->73356K(159744K), 0.0023520 secs] [Times: user=0.01 sys=0.00, real=0.01 secs] 
162.304: Total time for which application threads were stopped: 0.0035220 seconds, Stopping threads took: 0.0010860 seconds
162.343: Application time: 0.0389490 seconds
162.345: [GC [PSYoungGen: 48624K->6656K(48640K)] 115340K->73588K(159744K), 0.0021850 secs] [Times: user=0.01 sys=0.00, real=0.00 secs] 
162.347: Total time for which application threads were stopped: 0.0041870 seconds, Stopping threads took: 0.0019190 seconds
162.388: Application time: 0.0406990 seconds
162.391: [GC [PSYoungGen: 48640K->6368K(48640K)] 115572K->73308K(159744K), 0.0019660 secs] [Times: user=0.01 sys=0.00, real=0.00 secs] 
162.393: Total time for which application threads were stopped: 0.0056740 seconds, Stopping threads took: 0.0036300 seconds
162.434: Application time: 0.0407960 seconds
162.435: [GC [PSYoungGen: 48352K->5616K(48640K)] 115292K->72572K(159744K), 0.0018080 secs] [Times: user=0.01 sys=0.00, real=0.00 secs] 
162.437: Total time for which application threads were stopped: 0.0027730 seconds, Stopping threads took: 0.0008820 seconds
162.479: Application time: 0.0418810 seconds
162.480: [GC [PSYoungGen: 47600K->6640K(48640K)] 114556K->73804K(159744K), 0.0020500 secs] [Times: user=0.02 sys=0.00, real=0.00 secs] 
162.482: Total time for which application threads were stopped: 0.0036870 seconds, Stopping threads took: 0.0015540 seconds
162.523: Application time: 0.0406460 seconds
162.524: [GC [PSYoungGen: 48624K->6560K(48640K)] 115788K->73724K(159744K), 0.0020500 secs] [Times: user=0.02 sys=0.00, real=0.00 secs] 
162.526: Total time for which application threads were stopped: 0.0033290 seconds, Stopping threads took: 0.0012040 seconds
162.568: Application time: 0.0412790 seconds
162.570: [GC [PSYoungGen: 48544K->5888K(48640K)] 115708K->73052K(159744K), 0.0018310 secs] [Times: user=0.02 sys=0.00, real=0.01 secs] 
162.572: Total time for which application threads were stopped: 0.0039510 seconds, Stopping threads took: 0.0020440 seconds
162.613: Application time: 0.0408970 seconds
162.614: [GC [PSYoungGen: 47872K->5712K(48640K)] 115036K->72876K(159744K), 0.0018450 secs] [Times: user=0.01 sys=0.00, real=0.00 secs] 
162.616: Total time for which application threads were stopped: 0.0032250 seconds, Stopping threads took: 0.0012840 seconds
162.657: Application time: 0.0407710 seconds
162.658: [GC [PSYoungGen: 47696K->5504K(48640K)] 114860K->72668K(159744K), 0.0017930 secs] [Times: user=0.01 sys=0.00, real=0.00 secs] 
162.660: Total time for which application threads were stopped: 0.0036520 seconds, Stopping threads took: 0.0017800 seconds
162.699: Application time: 0.0391520 seconds
162.701: [GC [PSYoungGen: 47488K->6640K(48640K)] 114652K->74052K(159744K), 0.0020930 secs] [Times: user=0.01 sys=0.00, real=0.00 secs] 
162.703: Total time for which application threads were stopped: 0.0038130 seconds, Stopping threads took: 0.0016300 seconds
162.743: Application time: 0.0399230 seconds
162.745: [GC [PSYoungGen: 48624K->6624K(48640K)] 116036K->74108K(159744K), 0.0020490 secs] [Times: user=0.02 sys=0.00, real=0.00 secs] 
162.747: Total time for which application threads were stopped: 0.0039970 seconds, Stopping threads took: 0.0018690 seconds
162.788: Application time: 0.0410580 seconds
162.789: [GC [PSYoungGen: 48608K->6448K(48640K)] 116092K->73932K(159744K), 0.0019780 secs] [Times: user=0.01 sys=0.00, real=0.01 secs] 
162.791: Total time for which application threads were stopped: 0.0033190 seconds, Stopping threads took: 0.0012530 seconds
162.832: Application time: 0.0401180 seconds
162.833: [GC [PSYoungGen: 48432K->6640K(48640K)] 115916K->74236K(159744K), 0.0020070 secs] [Times: user=0.01 sys=0.00, real=0.00 secs] 
162.835: Total time for which application threads were stopped: 0.0032950 seconds, Stopping threads took: 0.0012030 seconds
162.875: Application time: 0.0399340 seconds
162.877: [GC [PSYoungGen: 48624K->6640K(48640K)] 116220K->74900K(159744K), 0.0022330 secs] [Times: user=0.01 sys=0.00, real=0.00 secs] 
162.879: Total time for which application threads were stopped: 0.0040600 seconds, Stopping threads took: 0.0017250 seconds
162.918: Application time: 0.0392660 seconds
162.920: [GC [PSYoungGen: 48624K->6384K(48640K)] 116884K->74652K(159744K), 0.0019280 secs] [Times: user=0.02 sys=0.00, real=0.00 secs] 
162.922: Total time for which application threads were stopped: 0.0040110 seconds, Stopping threads took: 0.0019750 seconds
162.962: Application time: 0.0401590 seconds
162.964: [GC [PSYoungGen: 48366K->6624K(48640K)] 116634K->75020K(159744K), 0.0020460 secs] [Times: user=0.01 sys=0.00, real=0.00 secs] 
162.966: Total time for which application threads were stopped: 0.0035290 seconds, Stopping threads took: 0.0014030 seconds
163.007: Application time: 0.0407240 seconds
163.009: [GC [PSYoungGen: 48608K->5840K(48640K)] 117004K->74236K(159744K), 0.0018780 secs] [Times: user=0.01 sys=0.00, real=0.00 secs] 
163.010: Total time for which application threads were stopped: 0.0039050 seconds, Stopping threads took: 0.0019420 seconds
163.051: Application time: 0.0407650 seconds
163.052: [GC [PSYoungGen: 47824K->5904K(48640K)] 116220K->74300K(159744K), 0.0018230 secs] [Times: user=0.02 sys=0.00, real=0.00 secs] 
163.054: Total time for which application threads were stopped: 0.0029060 seconds, Stopping threads took: 0.0010070 seconds
163.096: Application time: 0.0419160 seconds
163.098: [GC [PSYoungGen: 47888K->6288K(48640K)] 116284K->74684K(159744K), 0.0019590 secs] [Times: user=0.01 sys=0.00, real=0.00 secs] 
163.100: Total time for which application threads were stopped: 0.0037390 seconds, Stopping threads took: 0.0017020 seconds
163.141: Application time: 0.0408980 seconds
163.142: [GC [PSYoungGen: 48272K->5632K(48640K)] 116668K->74028K(159744K), 0.0018190 secs] [Times: user=0.01 sys=0.00, real=0.01 secs] 
163.144: Total time for which application threads were stopped: 0.0033400 seconds, Stopping threads took: 0.0014440 seconds
163.185: Application time: 0.0405660 seconds
163.186: [GC [PSYoungGen: 47616K->6288K(48640K)] 116012K->74684K(159744K), 0.0019800 secs] [Times: user=0.02 sys=0.00, real=0.00 secs] 
163.188: Total time for which application threads were stopped: 0.0035710 seconds, Stopping threads took: 0.0015100 seconds
163.229: Application time: 0.0409380 seconds
163.231: [GC [PSYoungGen: 48272K->6640K(48640K)] 116668K->75236K(159744K), 0.0020780 secs] [Times: user=0.01 sys=0.00, real=0.00 secs] 
163.233: Total time for which application threads were stopped: 0.0043320 seconds, Stopping threads took: 0.0021760 seconds
163.272: Application time: 0.0387010 seconds
163.275: [GC [PSYoungGen: 48624K->6656K(48640K)] 117220K->76268K(159744K), 0.0023650 secs] [Times: user=0.02 sys=0.00, real=0.00 secs] 
163.277: Total time for which application threads were stopped: 0.0048440 seconds, Stopping threads took: 0.0023900 seconds
163.318: Application time: 0.0406210 seconds
163.319: [GC [PSYoungGen: 48640K->6640K(48640K)] 118252K->76980K(159744K), 0.0022160 secs] [Times: user=0.01 sys=0.00, real=0.00 secs] 
163.321: Total time for which application threads were stopped: 0.0036420 seconds, Stopping threads took: 0.0013320 seconds
163.362: Application time: 0.0402700 seconds
163.363: [GC [PSYoungGen: 48624K->6640K(48640K)] 118964K->77540K(159744K), 0.0021840 secs] [Times: user=0.01 sys=0.00, real=0.01 secs] 
163.365: Total time for which application threads were stopped: 0.0032360 seconds, Stopping threads took: 0.0009660 seconds
163.406: Application time: 0.0414090 seconds
163.408: [GC [PSYoungGen: 48624K->6640K(48640K)] 119524K->77548K(159744K), 0.0020660 secs] [Times: user=0.01 sys=0.00, real=0.00 secs] 
163.410: Total time for which application threads were stopped: 0.0037150 seconds, Stopping threads took: 0.0015660 seconds
163.449: Application time: 0.0393930 seconds
163.451: [GC [PSYoungGen: 48624K->6512K(48640K)] 119532K->77428K(159744K), 0.0019680 secs] [Times: user=0.01 sys=0.00, real=0.01 secs] 
163.453: Total time for which application threads were stopped: 0.0037550 seconds, Stopping threads took: 0.0017030 seconds
163.494: Application time: 0.0412920 seconds
163.496: [GC [PSYoungGen: 48496K->5120K(48640K)] 119412K->76060K(159744K), 0.0016690 secs] [Times: user=0.01 sys=0.00, real=0.00 secs] 
163.498: Total time for which application threads were stopped: 0.0033440 seconds, Stopping threads took: 0.0015970 seconds
163.540: Application time: 0.0421680 seconds
163.541: [GC [PSYoungGen: 47104K->3984K(48640K)] 118044K->74932K(159744K), 0.0013170 secs] [Times: user=0.01 sys=0.00, real=0.00 secs] 
163.543: Total time for which application threads were stopped: 0.0029060 seconds, Stopping threads took: 0.0015220 seconds
163.583: Application time: 0.0406660 seconds
163.585: [GC [PSYoungGen: 45968K->6624K(48640K)] 116916K->77596K(159744K), 0.0020440 secs] [Times: user=0.02 sys=0.00, real=0.00 secs] 
163.587: Total time for which application threads were stopped: 0.0037610 seconds, Stopping threads took: 0.0016350 seconds
163.628: Application time: 0.0404540 seconds
163.629: [GC [PSYoungGen: 48608K->4176K(48640K)] 119580K->75148K(159744K), 0.0013240 secs] [Times: user=0.00 sys=0.00, real=0.00 secs] 
163.631: Total time for which application threads were stopped: 0.0028610 seconds, Stopping threads took: 0.0014660 seconds
163.672: Application time: 0.0411850 seconds
163.674: [GC [PSYoungGen: 46160K->6256K(48640K)] 117132K->77228K(159744K), 0.0019500 secs] [Times: user=0.02 sys=0.00, real=0.00 secs] 
163.676: Total time for which application threads were stopped: 0.0042100 seconds, Stopping threads took: 0.0021760 seconds
163.716: Application time: 0.0405150 seconds
163.718: [GC [PSYoungGen: 48240K->5712K(48640K)] 119212K->76684K(159744K), 0.0018350 secs] [Times: user=0.01 sys=0.00, real=0.00 secs] 
163.720: Total time for which application threads were stopped: 0.0033470 seconds, Stopping threads took: 0.0014300 seconds
163.760: Application time: 0.0399690 seconds
163.762: [GC [PSYoungGen: 47696K->5984K(48640K)] 118668K->76956K(159744K), 0.0019420 secs] [Times: user=0.01 sys=0.00, real=0.01 secs] 
163.764: Total time for which application threads were stopped: 0.0043070 seconds, Stopping threads took: 0.0022830 seconds
163.804: Application time: 0.0401760 seconds
163.806: [GC [PSYoungGen: 47968K->6640K(48640K)] 118940K->77756K(159744K), 0.0019890 secs] [Times: user=0.01 sys=0.00, real=0.00 secs] 
163.809: Total time for which application threads were stopped: 0.0042520 seconds, Stopping threads took: 0.0021790 seconds
163.849: Application time: 0.0409570 seconds
163.851: [GC [PSYoungGen: 48624K->6512K(48640K)] 119740K->77628K(159744K), 0.0020770 secs] [Times: user=0.02 sys=0.00, real=0.01 secs] 
163.853: Total time for which application threads were stopped: 0.0036620 seconds, Stopping threads took: 0.0014920 seconds
163.893: Application time: 0.0399350 seconds
163.895: [GC [PSYoungGen: 48496K->6640K(48640K)] 119612K->78164K(159744K), 0.0022480 secs] [Times: user=0.01 sys=0.00, real=0.00 secs] 
163.897: Total time for which application threads were stopped: 0.0039700 seconds, Stopping threads took: 0.0016350 seconds
163.937: Application time: 0.0403680 seconds
163.940: [GC [PSYoungGen: 48624K->6320K(48640K)] 120148K->77852K(159744K), 0.0019190 secs] [Times: user=0.01 sys=0.00, real=0.00 secs] 
163.942: Total time for which application threads were stopped: 0.0050270 seconds, Stopping threads took: 0.0030230 seconds
163.982: Application time: 0.0396720 seconds
163.985: [GC [PSYoungGen: 48304K->6624K(48640K)] 119836K->78164K(159744K), 0.0020130 secs] [Times: user=0.02 sys=0.00, real=0.00 secs] 
163.987: Total time for which application threads were stopped: 0.0048150 seconds, Stopping threads took: 0.0027140 seconds
164.029: Application time: 0.0425190 seconds
164.031: [GC [PSYoungGen: 48608K->4304K(48640K)] 120148K->75860K(159744K), 0.0014860 secs] [Times: user=0.01 sys=0.00, real=0.00 secs] 
164.033: Total time for which application threads were stopped: 0.0032540 seconds, Stopping threads took: 0.0016950 seconds
164.071: Application time: 0.0385630 seconds
164.073: [GC [PSYoungGen: 46288K->6656K(48640K)] 117844K->79252K(159744K), 0.0023610 secs] [Times: user=0.02 sys=0.00, real=0.00 secs] 
164.076: Total time for which application threads were stopped: 0.0044730 seconds, Stopping threads took: 0.0020300 seconds
164.117: Application time: 0.0408460 seconds
164.118: [GC [PSYoungGen: 48640K->6112K(48640K)] 121236K->78724K(159744K), 0.0019360 secs] [Times: user=0.01 sys=0.00, real=0.00 secs] 
164.120: Total time for which application threads were stopped: 0.0034090 seconds, Stopping threads took: 0.0013930 seconds
164.161: Application time: 0.0405910 seconds
164.162: [GC [PSYoungGen: 48096K->5088K(48640K)] 120708K->77700K(159744K), 0.0016470 secs] [Times: user=0.01 sys=0.00, real=0.01 secs] 
164.164: Total time for which application threads were stopped: 0.0029400 seconds, Stopping threads took: 0.0012160 seconds
164.204: Application time: 0.0408980 seconds
164.206: [GC [PSYoungGen: 47072K->6656K(48640K)] 119684K->79644K(159744K), 0.0022610 secs] [Times: user=0.02 sys=0.00, real=0.00 secs] 
164.208: Total time for which application threads were stopped: 0.0040170 seconds, Stopping threads took: 0.0016650 seconds
164.249: Application time: 0.0402830 seconds
164.251: [GC [PSYoungGen: 48640K->6656K(48640K)] 121628K->79868K(159744K), 0.0020810 secs] [Times: user=0.01 sys=0.01, real=0.01 secs] 
164.253: Total time for which application threads were stopped: 0.0044200 seconds, Stopping threads took: 0.0022560 seconds
164.294: Application time: 0.0403790 seconds
164.296: [GC [PSYoungGen: 48640K->6496K(48640K)] 121852K->79708K(159744K), 0.0019270 secs] [Times: user=0.02 sys=0.00, real=0.00 secs] 
164.298: Total time for which application threads were stopped: 0.0039890 seconds, Stopping threads took: 0.0019840 seconds
164.337: Application time: 0.0393180 seconds
164.338: [GC [PSYoungGen: 48480K->6640K(48640K)] 121692K->80000K(159744K), 0.0021000 secs] [Times: user=0.01 sys=0.00, real=0.00 secs] 
164.341: Total time for which application threads were stopped: 0.0036950 seconds, Stopping threads took: 0.0015000 seconds
164.380: Application time: 0.0399230 seconds
164.382: [GC [PSYoungGen: 48624K->6640K(48640K)] 121984K->80448K(159744K), 0.0023040 secs] [Times: user=0.02 sys=0.00, real=0.01 secs] 
164.384: Total time for which application threads were stopped: 0.0034700 seconds, Stopping threads took: 0.0010740 seconds
164.424: Application time: 0.0399950 seconds
164.427: [GC [PSYoungGen: 48624K->6352K(48640K)] 122432K->80160K(159744K), 0.0019100 secs] [Times: user=0.01 sys=0.00, real=0.00 secs] 
164.429: Total time for which application threads were stopped: 0.0046100 seconds, Stopping threads took: 0.0026180 seconds
164.468: Application time: 0.0392320 seconds
164.470: [GC [PSYoungGen: 48336K->6656K(48640K)] 122144K->81232K(159744K), 0.0022410 secs] [Times: user=0.02 sys=0.00, real=0.01 secs] 
164.472: Total time for which application threads were stopped: 0.0043660 seconds, Stopping threads took: 0.0020410 seconds
164.511: Application time: 0.0389640 seconds
164.513: [GC [PSYoungGen: 48640K->6656K(48640K)] 123216K->81784K(159744K), 0.0022660 secs] [Times: user=0.01 sys=0.00, real=0.00 secs] 
164.515: Total time for which application threads were stopped: 0.0041000 seconds, Stopping threads took: 0.0017500 seconds
164.554: Application time: 0.0385180 seconds
164.556: [GC [PSYoungGen: 48640K->6640K(48640K)] 123768K->83152K(159744K), 0.0024220 secs] [Times: user=0.01 sys=0.00, real=0.00 secs] 
164.559: Total time for which application threads were stopped: 0.0047850 seconds, Stopping threads took: 0.0022790 seconds
164.599: Application time: 0.0406320 seconds
164.602: [GC [PSYoungGen: 48624K->6656K(48640K)] 125136K->83352K(159744K), 0.0020430 secs] [Times: user=0.01 sys=0.00, real=0.01 secs] 
164.604: Total time for which application threads were stopped: 0.0046970 seconds, Stopping threads took: 0.0025700 seconds
164.642: Application time: 0.0385780 seconds
164.645: [GC [PSYoungGen: 48640K->6656K(48640K)] 125336K->84504K(159744K), 0.0023560 secs] [Times: user=0.01 sys=0.00, real=0.00 secs] 
164.647: Total time for which application threads were stopped: 0.0044450 seconds, Stopping threads took: 0.0020060 seconds
164.686: Application time: 0.0389150 seconds
164.688: [GC [PSYoungGen: 48640K->6656K(48640K)] 126488K->85084K(159744K), 0.0022120 secs] [Times: user=0.02 sys=0.00, real=0.00 secs] 
164.690: Total time for which application threads were stopped: 0.0045440 seconds, Stopping threads took: 0.0022490 seconds
164.730: Application time: 0.0396450 seconds
164.733: [GC [PSYoungGen: 48640K->6656K(48640K)] 127068K->85948K(159744K), 0.0023600 secs] [Times: user=0.02 sys=0.00, real=0.00 secs] 
164.735: Total time for which application threads were stopped: 0.0050270 seconds, Stopping threads took: 0.0025880 seconds
164.775: Application time: 0.0403010 seconds
164.777: [GC [PSYoungGen: 48640K->6640K(48640K)] 127932K->87244K(159744K), 0.0026070 secs] [Times: user=0.02 sys=0.00, real=0.00 secs] 
164.780: Total time for which application threads were stopped: 0.0045960 seconds, Stopping threads took: 0.0019040 seconds
164.820: Application time: 0.0402540 seconds
164.821: [GC [PSYoungGen: 48622K->6656K(48640K)] 129227K->87876K(159744K), 0.0022920 secs] [Times: user=0.01 sys=0.00, real=0.01 secs] 
164.824: Total time for which application threads were stopped: 0.0036140 seconds, Stopping threads took: 0.0012360 seconds
164.864: Application time: 0.0397620 seconds
164.865: [GC [PSYoungGen: 48640K->6640K(48640K)] 129860K->88532K(159744K), 0.0023400 secs] [Times: user=0.02 sys=0.00, real=0.00 secs] 
164.868: Total time for which application threads were stopped: 0.0042480 seconds, Stopping threads took: 0.0018210 seconds
164.908: Application time: 0.0400020 seconds
164.910: [GC [PSYoungGen: 48624K->6032K(48640K)] 130516K->87932K(159744K), 0.0018200 secs] [Times: user=0.01 sys=0.00, real=0.01 secs] 
164.912: Total time for which application threads were stopped: 0.0039560 seconds, Stopping threads took: 0.0020480 seconds
164.953: Application time: 0.0408350 seconds
164.955: [GC [PSYoungGen: 48016K->5760K(48640K)] 129916K->87660K(159744K), 0.0018840 secs] [Times: user=0.01 sys=0.00, real=0.00 secs] 
164.957: Total time for which application threads were stopped: 0.0040860 seconds, Stopping threads took: 0.0021210 seconds
164.999: Application time: 0.0420030 seconds
165.000: [GC [PSYoungGen: 47744K->5008K(48640K)] 129644K->86908K(159744K), 0.0016220 secs] [Times: user=0.01 sys=0.00, real=0.00 secs] 
165.001: Total time for which application threads were stopped: 0.0025690 seconds, Stopping threads took: 0.0008750 seconds
165.039: Application time: 0.0376660 seconds
165.041: [GC [PSYoungGen: 46992K->6640K(48640K)] 128892K->89596K(159744K), 0.0024530 secs] [Times: user=0.02 sys=0.00, real=0.01 secs] 
165.044: Total time for which application threads were stopped: 0.0050340 seconds, Stopping threads took: 0.0025000 seconds
165.083: Application time: 0.0386100 seconds
165.085: [GC [PSYoungGen: 48624K->6624K(48640K)] 131580K->90924K(159744K), 0.0024900 secs] [Times: user=0.02 sys=0.00, real=0.00 secs] 
165.088: Total time for which application threads were stopped: 0.0051330 seconds, Stopping threads took: 0.0025570 seconds
165.128: Application time: 0.0398820 seconds
165.130: [GC [PSYoungGen: 48608K->6640K(48640K)] 132908K->91540K(159744K), 0.0023240 secs] [Times: user=0.01 sys=0.00, real=0.01 secs] 
165.133: Total time for which application threads were stopped: 0.0051970 seconds, Stopping threads took: 0.0027900 seconds
165.173: Application time: 0.0406260 seconds
165.175: [GC [PSYoungGen: 48624K->6640K(48640K)] 133524K->92581K(159744K), 0.0023960 secs] [Times: user=0.01 sys=0.00, real=0.00 secs] 
165.178: Total time for which application threads were stopped: 0.0041520 seconds, Stopping threads took: 0.0016650 seconds
165.219: Application time: 0.0412040 seconds
165.221: [GC [PSYoungGen: 48624K->6656K(48640K)] 134565K->93901K(159744K), 0.0024000 secs] [Times: user=0.02 sys=0.00, real=0.00 secs] 
165.223: Total time for which application threads were stopped: 0.0041620 seconds, Stopping threads took: 0.0016800 seconds
165.264: Application time: 0.0412270 seconds
165.265: [GC [PSYoungGen: 48640K->4800K(48640K)] 135885K->92045K(159744K), 0.0015080 secs] [Times: user=0.01 sys=0.00, real=0.00 secs] 
165.267: Total time for which application threads were stopped: 0.0027560 seconds, Stopping threads took: 0.0011760 seconds
165.308: Application time: 0.0407400 seconds
165.309: [GC [PSYoungGen: 46784K->6208K(48640K)] 134029K->93453K(159744K), 0.0018920 secs] [Times: user=0.02 sys=0.00, real=0.00 secs] 
165.311: Total time for which application threads were stopped: 0.0032650 seconds, Stopping threads took: 0.0012950 seconds
165.350: Application time: 0.0395000 seconds
165.352: [GC [PSYoungGen: 48192K->6656K(48640K)] 135437K->95277K(159744K), 0.0024560 secs] [Times: user=0.01 sys=0.00, real=0.00 secs] 
165.355: Total time for which application threads were stopped: 0.0042000 seconds, Stopping threads took: 0.0016640 seconds
165.392: Application time: 0.0376390 seconds
165.394: [GC [PSYoungGen: 48640K->6496K(48640K)] 137261K->95117K(159744K), 0.0020290 secs] [Times: user=0.01 sys=0.00, real=0.00 secs] 
165.396: Total time for which application threads were stopped: 0.0040140 seconds, Stopping threads took: 0.0019010 seconds
165.433: Application time: 0.0369770 seconds
165.435: [GC [PSYoungGen: 48480K->6656K(48640K)] 137101K->95485K(159744K), 0.0020720 secs] [Times: user=0.01 sys=0.00, real=0.00 secs] 
165.437: Total time for which application threads were stopped: 0.0035350 seconds, Stopping threads took: 0.0013750 seconds
165.475: Application time: 0.0380610 seconds
165.477: [GC [PSYoungGen: 48640K->5920K(48640K)] 137469K->94749K(159744K), 0.0019550 secs] [Times: user=0.01 sys=0.00, real=0.00 secs] 
165.479: Total time for which application threads were stopped: 0.0039720 seconds, Stopping threads took: 0.0019420 seconds
165.519: Application time: 0.0397200 seconds
165.520: [GC [PSYoungGen: 47904K->4784K(48640K)] 136733K->93613K(159744K), 0.0015330 secs] [Times: user=0.01 sys=0.00, real=0.00 secs] 
165.522: Total time for which application threads were stopped: 0.0030400 seconds, Stopping threads took: 0.0014350 seconds
165.560: Application time: 0.0385050 seconds
165.561: [GC [PSYoungGen: 46768K->6656K(48640K)] 135597K->96933K(159744K), 0.0024900 secs] [Times: user=0.02 sys=0.00, real=0.01 secs] 
165.564: Total time for which application threads were stopped: 0.0038430 seconds, Stopping threads took: 0.0012680 seconds
165.602: Application time: 0.0379020 seconds
165.604: [GC [PSYoungGen: 48640K->6432K(48640K)] 138917K->96709K(159744K), 0.0019200 secs] [Times: user=0.01 sys=0.00, real=0.00 secs] 
165.606: Total time for which application threads were stopped: 0.0039670 seconds, Stopping threads took: 0.0019680 seconds
165.643: Application time: 0.0372980 seconds
165.645: [GC [PSYoungGen: 48416K->6656K(48640K)] 138693K->97941K(159744K), 0.0023210 secs] [Times: user=0.02 sys=0.00, real=0.00 secs] 
165.647: Total time for which application threads were stopped: 0.0040050 seconds, Stopping threads took: 0.0016020 seconds
165.685: Application time: 0.0382560 seconds
165.687: [GC [PSYoungGen: 48640K->6080K(48640K)] 139925K->97365K(159744K), 0.0019200 secs] [Times: user=0.00 sys=0.00, real=0.00 secs] 
165.689: Total time for which application threads were stopped: 0.0037320 seconds, Stopping threads took: 0.0017300 seconds
165.727: Application time: 0.0379610 seconds
165.729: [GC [PSYoungGen: 48064K->6656K(48640K)] 139349K->98173K(159744K), 0.0021730 secs] [Times: user=0.02 sys=0.00, real=0.00 secs] 
165.731: Total time for which application threads were stopped: 0.0038290 seconds, Stopping threads took: 0.0015750 seconds
165.770: Application time: 0.0387870 seconds
165.771: [GC [PSYoungGen: 48640K->4864K(48640K)] 140157K->96381K(159744K), 0.0015290 secs] [Times: user=0.01 sys=0.00, real=0.00 secs] 
165.773: Total time for which application threads were stopped: 0.0031190 seconds, Stopping threads took: 0.0015200 seconds
165.812: Application time: 0.0388800 seconds
165.814: [GC [PSYoungGen: 46848K->5632K(48640K)] 138365K->97149K(159744K), 0.0017260 secs] [Times: user=0.01 sys=0.00, real=0.00 secs] 
165.816: Total time for which application threads were stopped: 0.0037470 seconds, Stopping threads took: 0.0019440 seconds
165.854: Application time: 0.0385890 seconds
165.856: [GC [PSYoungGen: 47616K->6640K(48640K)] 139133K->98493K(159744K), 0.0021640 secs] [Times: user=0.02 sys=0.00, real=0.00 secs] 
165.858: Total time for which application threads were stopped: 0.0037220 seconds, Stopping threads took: 0.0014770 seconds
165.896: Application time: 0.0379750 seconds
165.897: [GC [PSYoungGen: 48622K->6656K(48640K)] 140475K->98725K(159744K), 0.0020930 secs] [Times: user=0.02 sys=0.00, real=0.00 secs] 
165.899: Total time for which application threads were stopped: 0.0032900 seconds, Stopping threads took: 0.0011140 seconds
165.937: Application time: 0.0375490 seconds
165.938: [GC [PSYoungGen: 48640K->6240K(48640K)] 140709K->98317K(159744K), 0.0019470 secs] [Times: user=0.02 sys=0.00, real=0.00 secs] 
165.940: Total time for which application threads were stopped: 0.0035310 seconds, Stopping threads took: 0.0014910 seconds
165.978: Application time: 0.0378020 seconds
165.979: [GC [PSYoungGen: 48224K->6656K(48640K)] 140301K->99693K(159744K), 0.0023430 secs] [Times: user=0.02 sys=0.00, real=0.00 secs] 
165.981: Total time for which application threads were stopped: 0.0033410 seconds, Stopping threads took: 0.0009190 seconds
166.019: Application time: 0.0377870 seconds
166.022: [GC [PSYoungGen: 48640K->5920K(48640K)] 141677K->98957K(159744K), 0.0018450 secs] [Times: user=0.01 sys=0.00, real=0.01 secs] 
166.023: Total time for which application threads were stopped: 0.0043290 seconds, Stopping threads took: 0.0024050 seconds
166.060: Application time: 0.0363730 seconds
166.062: [GC [PSYoungGen: 47903K->6656K(48640K)] 140940K->100125K(159744K), 0.0021620 secs] [Times: user=0.01 sys=0.00, real=0.01 secs] 
166.064: Total time for which application threads were stopped: 0.0038950 seconds, Stopping threads took: 0.0016470 seconds
166.101: Application time: 0.0371770 seconds
166.102: [GC [PSYoungGen: 48639K->6464K(48640K)] 142109K->99941K(159744K), 0.0019820 secs] [Times: user=0.01 sys=0.00, real=0.01 secs] 
166.105: Total time for which application threads were stopped: 0.0036230 seconds, Stopping threads took: 0.0015380 seconds
166.141: Application time: 0.0366540 seconds
166.143: [GC [PSYoungGen: 48448K->6640K(48640K)] 141925K->100717K(159744K), 0.0022820 secs] [Times: user=0.01 sys=0.00, real=0.01 secs] 
166.145: Total time for which application threads were stopped: 0.0042110 seconds, Stopping threads took: 0.0018440 seconds
166.183: Application time: 0.0375440 seconds
166.186: [GC [PSYoungGen: 48624K->6656K(48640K)] 142701K->101133K(159744K), 0.0021590 secs] [Times: user=0.02 sys=0.00, real=0.00 secs] 
166.188: Total time for which application threads were stopped: 0.0049850 seconds, Stopping threads took: 0.0027460 seconds
166.226: Application time: 0.0384130 seconds
166.228: [GC [PSYoungGen: 48640K->6416K(48640K)] 143117K->100893K(159744K), 0.0021260 secs] [Times: user=0.01 sys=0.00, real=0.00 secs] 
166.230: Total time for which application threads were stopped: 0.0034880 seconds, Stopping threads took: 0.0012790 seconds
166.267: Application time: 0.0367310 seconds
166.268: [GC [PSYoungGen: 48400K->6352K(48640K)] 142877K->100837K(159744K), 0.0019810 secs] [Times: user=0.01 sys=0.00, real=0.00 secs] 
166.270: Total time for which application threads were stopped: 0.0035570 seconds, Stopping threads took: 0.0014970 seconds
166.309: Application time: 0.0384940 seconds
166.310: [GC [PSYoungGen: 48336K->5376K(48640K)] 142821K->99861K(159744K), 0.0016750 secs] [Times: user=0.01 sys=0.00, real=0.01 secs] 
166.312: Total time for which application threads were stopped: 0.0032640 seconds, Stopping threads took: 0.0015170 seconds
166.350: Application time: 0.0378560 seconds
166.351: [GC [PSYoungGen: 47360K->6304K(48640K)] 141845K->100789K(159744K), 0.0019730 secs] [Times: user=0.02 sys=0.00, real=0.00 secs] 
166.353: Total time for which application threads were stopped: 0.0037420 seconds, Stopping threads took: 0.0016910 seconds
166.390: Application time: 0.0364970 seconds
166.392: [GC [PSYoungGen: 48288K->6608K(48640K)] 142773K->101093K(159744K), 0.0020200 secs] [Times: user=0.02 sys=0.01, real=0.00 secs] 
166.394: Total time for which application threads were stopped: 0.0044920 seconds, Stopping threads took: 0.0023940 seconds
166.431: Application time: 0.0368300 seconds
166.433: [GC [PSYoungGen: 48592K->6656K(48640K)] 143077K->101525K(159744K), 0.0021000 secs] [Times: user=0.02 sys=0.00, real=0.00 secs] 
166.435: Total time for which application threads were stopped: 0.0037250 seconds, Stopping threads took: 0.0015450 seconds
166.474: Application time: 0.0390710 seconds
166.475: [GC [PSYoungGen: 48640K->6016K(48640K)] 143509K->100885K(159744K), 0.0019270 secs] [Times: user=0.01 sys=0.00, real=0.00 secs] 
166.477: Total time for which application threads were stopped: 0.0027290 seconds, Stopping threads took: 0.0007150 seconds
166.516: Application time: 0.0386950 seconds
166.517: [GC [PSYoungGen: 48000K->6640K(48640K)] 142869K->102085K(159744K), 0.0022890 secs] [Times: user=0.02 sys=0.00, real=0.00 secs] 
166.519: Total time for which application threads were stopped: 0.0036720 seconds, Stopping threads took: 0.0012980 seconds
166.557: Application time: 0.0382500 seconds
166.559: [GC [PSYoungGen: 48624K->5984K(48640K)] 144069K->101429K(159744K), 0.0019320 secs] [Times: user=0.01 sys=0.00, real=0.00 secs] 
166.561: Total time for which application threads were stopped: 0.0034460 seconds, Stopping threads took: 0.0014380 seconds
166.600: Application time: 0.0390460 seconds
166.602: [GC [PSYoungGen: 47968K->6624K(48640K)] 143413K->102109K(159744K), 0.0020340 secs] [Times: user=0.02 sys=0.00, real=0.01 secs] 
166.604: Total time for which application threads were stopped: 0.0038630 seconds, Stopping threads took: 0.0017500 seconds
166.641: Application time: 0.0376300 seconds
166.643: [GC [PSYoungGen: 48608K->5088K(48640K)] 144093K->100589K(159744K), 0.0016270 secs] [Times: user=0.01 sys=0.00, real=0.01 secs] 
166.644: Total time for which application threads were stopped: 0.0030080 seconds, Stopping threads took: 0.0013030 seconds
166.683: Application time: 0.0383370 seconds
166.687: [GC [PSYoungGen: 47072K->6640K(48640K)] 142573K->102165K(159744K), 0.0021010 secs] [Times: user=0.01 sys=0.00, real=0.00 secs] 
166.689: Total time for which application threads were stopped: 0.0065590 seconds, Stopping threads took: 0.0043810 seconds
166.729: Application time: 0.0394630 seconds
166.730: [GC [PSYoungGen: 48624K->6624K(48640K)] 144149K->102561K(159744K), 0.0021840 secs] [Times: user=0.01 sys=0.00, real=0.01 secs] 
166.732: Total time for which application threads were stopped: 0.0033530 seconds, Stopping threads took: 0.0010930 seconds
166.768: Application time: 0.0361540 seconds
166.771: [GC [PSYoungGen: 48608K->6640K(48640K)] 144545K->103249K(159744K), 0.0022270 secs] [Times: user=0.02 sys=0.00, real=0.00 secs] 
166.774: Total time for which application threads were stopped: 0.0052020 seconds, Stopping threads took: 0.0028940 seconds
166.811: Application time: 0.0378840 seconds
166.814: [GC [PSYoungGen: 48624K->6640K(48640K)] 145233K->103401K(159744K), 0.0021070 secs] [Times: user=0.01 sys=0.00, real=0.00 secs] 
166.816: Total time for which application threads were stopped: 0.0048250 seconds, Stopping threads took: 0.0026360 seconds
166.854: Application time: 0.0373590 seconds
166.855: [GC [PSYoungGen: 48623K->6656K(48640K)] 145385K->104761K(159744K), 0.0024260 secs] [Times: user=0.01 sys=0.00, real=0.00 secs] 
166.858: Total time for which application threads were stopped: 0.0041500 seconds, Stopping threads took: 0.0016410 seconds
166.897: Application time: 0.0390880 seconds
166.899: [GC [PSYoungGen: 48640K->6656K(48640K)] 146745K->104865K(159744K), 0.0021550 secs] [Times: user=0.02 sys=0.00, real=0.00 secs] 
166.901: Total time for which application threads were stopped: 0.0038670 seconds, Stopping threads took: 0.0016320 seconds
166.939: Application time: 0.0381210 seconds
166.940: [GC [PSYoungGen: 48640K->6656K(48640K)] 146849K->106017K(159744K), 0.0024240 secs] [Times: user=0.01 sys=0.00, real=0.00 secs] 
166.943: Total time for which application threads were stopped: 0.0040680 seconds, Stopping threads took: 0.0015640 seconds
166.980: Application time: 0.0374120 seconds
166.982: [GC [PSYoungGen: 48640K->6656K(48640K)] 148001K->106561K(159744K), 0.0023510 secs] [Times: user=0.02 sys=0.00, real=0.01 secs] 
166.985: Total time for which application threads were stopped: 0.0045390 seconds, Stopping threads took: 0.0020990 seconds
167.023: Application time: 0.0381740 seconds
167.025: [GC [PSYoungGen: 48640K->6656K(48640K)] 148545K->107433K(159744K), 0.0022930 secs] [Times: user=0.02 sys=0.00, real=0.00 secs] 
167.027: Total time for which application threads were stopped: 0.0041080 seconds, Stopping threads took: 0.0017250 seconds
167.065: Application time: 0.0383270 seconds
167.067: [GC [PSYoungGen: 48640K->6368K(48640K)] 149417K->107145K(159744K), 0.0019800 secs] [Times: user=0.01 sys=0.00, real=0.00 secs] 
167.069: Total time for which application threads were stopped: 0.0030540 seconds, Stopping threads took: 0.0009840 seconds
167.107: Application time: 0.0380260 seconds
167.108: [GC [PSYoungGen: 48352K->6624K(48640K)] 149129K->108113K(159744K), 0.0022510 secs] [Times: user=0.02 sys=0.00, real=0.00 secs] 
167.111: Total time for which application threads were stopped: 0.0040700 seconds, Stopping threads took: 0.0017410 seconds
167.149: Application time: 0.0382710 seconds
167.150: [GC [PSYoungGen: 48608K->6640K(48640K)] 150097K->108257K(159744K), 0.0020900 secs] [Times: user=0.01 sys=0.00, real=0.01 secs] 
167.152: Total time for which application threads were stopped: 0.0035210 seconds, Stopping threads took: 0.0013500 seconds
167.191: Application time: 0.0381310 seconds
167.192: [GC [PSYoungGen: 48624K->6656K(48640K)] 150241K->108697K(159744K), 0.0021690 secs] [Times: user=0.02 sys=0.00, real=0.00 secs] 
167.195: Total time for which application threads were stopped: 0.0040910 seconds, Stopping threads took: 0.0018390 seconds
167.232: Application time: 0.0374890 seconds
167.233: [GC [PSYoungGen: 48640K->6592K(48640K)] 150681K->108641K(159744K), 0.0020350 secs] [Times: user=0.02 sys=0.00, real=0.00 secs] 
167.236: Total time for which application threads were stopped: 0.0033880 seconds, Stopping threads took: 0.0012680 seconds
167.274: Application time: 0.0387120 seconds
167.276: [GC [PSYoungGen: 48576K->4720K(48640K)] 150625K->106785K(159744K), 0.0016200 secs] [Times: user=0.01 sys=0.00, real=0.00 secs] 
167.277: Total time for which application threads were stopped: 0.0031130 seconds, Stopping threads took: 0.0014190 seconds
167.315: Application time: 0.0373200 seconds
167.316: [GC [PSYoungGen: 46704K->6512K(48640K)] 148769K->108577K(159744K), 0.0020280 secs] [Times: user=0.01 sys=0.00, real=0.00 secs] 
167.318: Total time for which application threads were stopped: 0.0036250 seconds, Stopping threads took: 0.0015180 seconds
167.357: Application time: 0.0384080 seconds
167.358: [GC [PSYoungGen: 48496K->5872K(48640K)] 150561K->107937K(159744K), 0.0018360 secs] [Times: user=0.01 sys=0.00, real=0.00 secs] 
167.360: Total time for which application threads were stopped: 0.0032330 seconds, Stopping threads took: 0.0013180 seconds
167.399: Application time: 0.0388210 seconds
167.400: [GC [PSYoungGen: 47856K->5296K(48640K)] 149921K->107361K(159744K), 0.0017640 secs] [Times: user=0.01 sys=0.00, real=0.00 secs] 
167.402: Total time for which application threads were stopped: 0.0032780 seconds, Stopping threads took: 0.0014380 seconds
167.441: Application time: 0.0392390 seconds
167.443: [GC [PSYoungGen: 47280K->5216K(48640K)] 149345K->107281K(159744K), 0.0017270 secs] [Times: user=0.01 sys=0.00, real=0.01 secs] 
167.445: Total time for which application threads were stopped: 0.0033880 seconds, Stopping threads took: 0.0015820 seconds
167.484: Application time: 0.0390520 seconds
167.485: [GC [PSYoungGen: 47200K->6640K(48640K)] 149265K->108953K(159744K), 0.0020820 secs] [Times: user=0.02 sys=0.00, real=0.00 secs] 
167.487: Total time for which application threads were stopped: 0.0032770 seconds, Stopping threads took: 0.0011050 seconds
167.526: Application time: 0.0387430 seconds
167.527: [GC [PSYoungGen: 48624K->6640K(48640K)] 150937K->109361K(159744K), 0.0022640 secs] [Times: user=0.02 sys=0.00, real=0.00 secs] 
167.530: Total time for which application threads were stopped: 0.0040210 seconds, Stopping threads took: 0.0016760 seconds
167.567: Application time: 0.0366990 seconds
167.568: [GC [PSYoungGen: 48624K->6624K(48640K)] 151345K->110793K(159744K), 0.0025150 secs] [Times: user=0.02 sys=0.00, real=0.00 secs] 
167.571: Total time for which application threads were stopped: 0.0044360 seconds, Stopping threads took: 0.0018370 seconds
167.610: Application time: 0.0385800 seconds
167.611: [GC [PSYoungGen: 48608K->6544K(48640K)] 152777K->110714K(159744K), 0.0020540 secs] [Times: user=0.02 sys=0.00, real=0.01 secs] 
167.613: Total time for which application threads were stopped: 0.0033080 seconds, Stopping threads took: 0.0011710 seconds
167.652: Application time: 0.0388140 seconds
167.653: [GC [PSYoungGen: 48528K->6656K(48640K)] 152698K->111005K(159744K), 0.0022170 secs] [Times: user=0.01 sys=0.00, real=0.00 secs] 
167.655: Total time for which application threads were stopped: 0.0034850 seconds, Stopping threads took: 0.0011750 seconds
167.693: Application time: 0.0375020 seconds
167.695: [GC [PSYoungGen: 48640K->5712K(48640K)] 152989K->110077K(159744K), 0.0019040 secs] [Times: user=0.02 sys=0.00, real=0.00 secs] 
167.697: Total time for which application threads were stopped: 0.0039250 seconds, Stopping threads took: 0.0019410 seconds
167.733: Application time: 0.0368380 seconds
167.735: [GC [PSYoungGen: 47695K->6656K(48640K)] 152061K->111446K(159744K), 0.0022350 secs] [Times: user=0.01 sys=0.00, real=0.00 secs] 
167.737: Total time for which application threads were stopped: 0.0039710 seconds, Stopping threads took: 0.0016520 seconds
167.775: Application time: 0.0376510 seconds
167.777: [GC [PSYoungGen: 48640K->6640K(48640K)] 153430K->111838K(159744K), 0.0021780 secs] [Times: user=0.02 sys=0.00, real=0.00 secs] 
167.779: Total time for which application threads were stopped: 0.0038010 seconds, Stopping threads took: 0.0015420 seconds
167.816: Application time: 0.0373530 seconds
167.818: [GC [PSYoungGen: 48624K->6624K(48640K)] 153822K->111838K(159744K), 0.0020230 secs] [Times: user=0.01 sys=0.00, real=0.00 secs] 
167.821: Total time for which application threads were stopped: 0.0043060 seconds, Stopping threads took: 0.0022040 seconds
167.857: Application time: 0.0364060 seconds
167.859: [GC [PSYoungGen: 48608K->6640K(48640K)] 153822K->112734K(159744K), 0.0023000 secs] [Times: user=0.01 sys=0.00, real=0.00 secs] 
167.861: Total time for which application threads were stopped: 0.0040460 seconds, Stopping threads took: 0.0016650 seconds
167.898: Application time: 0.0374530 seconds
167.900: [GC [PSYoungGen: 48624K->6656K(48640K)] 154718K->113294K(159744K), 0.0022190 secs] [Times: user=0.02 sys=0.00, real=0.00 secs] 
167.902: Total time for which application threads were stopped: 0.0038820 seconds, Stopping threads took: 0.0015790 seconds
167.939: Application time: 0.0368650 seconds
167.941: [GC [PSYoungGen: 48640K->6640K(48640K)] 155278K->113766K(159744K), 0.0022450 secs] [Times: user=0.02 sys=0.00, real=0.01 secs] 
167.943: Total time for which application threads were stopped: 0.0040650 seconds, Stopping threads took: 0.0017400 seconds
167.981: Application time: 0.0377330 seconds
167.983: [GC [PSYoungGen: 48624K->6656K(48640K)] 155750K->114278K(159744K), 0.0021940 secs] [Times: user=0.02 sys=0.00, real=0.01 secs] 
167.985: Total time for which application threads were stopped: 0.0039170 seconds, Stopping threads took: 0.0016430 seconds
168.022: Application time: 0.0371570 seconds
168.024: [GC [PSYoungGen: 48640K->6624K(48640K)] 156262K->114262K(159744K), 0.0020450 secs] [Times: user=0.01 sys=0.00, real=0.00 secs] 
168.026: Total time for which application threads were stopped: 0.0041630 seconds, Stopping threads took: 0.0020310 seconds
168.063: Application time: 0.0369860 seconds
168.066: [GC [PSYoungGen: 48608K->6656K(48640K)] 156246K->114318K(159744K), 0.0020480 secs] [Times: user=0.02 sys=0.00, real=0.00 secs] 
168.068: Total time for which application threads were stopped: 0.0045510 seconds, Stopping threads took: 0.0024180 seconds
168.105: Application time: 0.0375600 seconds
168.107: [GC [PSYoungGen: 48640K->6656K(48640K)] 156302K->114542K(159744K), 0.0020880 secs] [Times: user=0.01 sys=0.00, real=0.00 secs] 
168.109: Total time for which application threads were stopped: 0.0039010 seconds, Stopping threads took: 0.0017330 seconds
168.147: Application time: 0.0377390 seconds
168.149: [GC [PSYoungGen: 48640K->6304K(48640K)] 156526K->114198K(159744K), 0.0019360 secs] [Times: user=0.01 sys=0.00, real=0.00 secs] 
168.151: Total time for which application threads were stopped: 0.0040450 seconds, Stopping threads took: 0.0020290 seconds
168.189: Application time: 0.0377580 seconds
168.190: [GC [PSYoungGen: 48288K->6640K(48640K)] 156182K->115482K(159744K), 0.0024580 secs] [Times: user=0.02 sys=0.00, real=0.01 secs] 
168.193: Total time for which application threads were stopped: 0.0038860 seconds, Stopping threads took: 0.0013410 seconds
168.230: Application time: 0.0376720 seconds
168.232: [GC [PSYoungGen: 48624K->6656K(48640K)] 157466K->115674K(159744K), 0.0021500 secs] [Times: user=0.01 sys=0.00, real=0.00 secs] 
168.234: Total time for which application threads were stopped: 0.0036280 seconds, Stopping threads took: 0.0013960 seconds
168.272: Application time: 0.0381530 seconds
168.274: [GC [PSYoungGen: 48640K->6640K(48640K)] 157658K->115674K(159744K), 0.0020830 secs] [Times: user=0.02 sys=0.00, real=0.00 secs] 
168.276: Total time for which application threads were stopped: 0.0035480 seconds, Stopping threads took: 0.0013870 seconds
168.314: Application time: 0.0378690 seconds
168.315: [GC [PSYoungGen: 48624K->6640K(48640K)] 157658K->116506K(159744K), 0.0023250 secs] [Times: user=0.01 sys=0.00, real=0.00 secs] 
168.318: Total time for which application threads were stopped: 0.0041810 seconds, Stopping threads took: 0.0017750 seconds
168.356: Application time: 0.0385450 seconds
168.357: [GC [PSYoungGen: 48624K->6656K(48640K)] 158490K->116754K(159744K), 0.0021040 secs] [Times: user=0.02 sys=0.00, real=0.00 secs] 
168.359: [Full GC [PSYoungGen: 6656K->0K(48640K)] [ParOldGen: 110098K->9594K(111104K)] 116754K->9594K(159744K) [PSPermGen: 5184K->5184K(21504K)], 0.0061890 secs] [Times: user=0.02 sys=0.00, real=0.01 secs] 
168.365: Total time for which application threads were stopped: 0.0088520 seconds, Stopping threads took: 0.0004330 seconds
168.405: Application time: 0.0395140 seconds
168.409: [GC [PSYoungGen: 41984K->6656K(48640K)] 51578K->17442K(159744K), 0.0024380 secs] [Times: user=0.01 sys=0.00, real=0.00 secs] 
168.411: Total time for which application threads were stopped: 0.0064190 seconds, Stopping threads took: 0.0039070 seconds
168.449: Application time: 0.0378980 seconds
168.451: [GC [PSYoungGen: 48640K->6640K(48640K)] 59426K->17498K(159744K), 0.0020980 secs] [Times: user=0.01 sys=0.00, real=0.01 secs] 
168.453: Total time for which application threads were stopped: 0.0041910 seconds, Stopping threads took: 0.0020030 seconds
168.491: Application time: 0.0383660 seconds
168.493: [GC [PSYoungGen: 48624K->6656K(48640K)] 59482K->17954K(159744K), 0.0021610 secs] [Times: user=0.02 sys=0.00, real=0.00 secs] 
168.495: Total time for which application threads were stopped: 0.0037820 seconds, Stopping threads took: 0.0015410 seconds
168.534: Application time: 0.0385190 seconds
168.535: [GC [PSYoungGen: 48640K->6640K(48640K)] 59938K->18218K(159744K), 0.0020080 secs] [Times: user=0.02 sys=0.00, real=0.00 secs] 
168.537: Total time for which application threads were stopped: 0.0034540 seconds, Stopping threads took: 0.0013590 seconds
168.575: Application time: 0.0377190 seconds
168.577: [GC [PSYoungGen: 48624K->6640K(48640K)] 60202K->19466K(159744K), 0.0023200 secs] [Times: user=0.02 sys=0.00, real=0.00 secs] 
168.579: Total time for which application threads were stopped: 0.0040260 seconds, Stopping threads took: 0.0016270 seconds
168.617: Application time: 0.0376060 seconds
168.618: [GC [PSYoungGen: 48624K->6640K(48640K)] 61450K->21522K(159744K), 0.0025910 secs] [Times: user=0.02 sys=0.00, real=0.00 secs] 
168.620: Total time for which application threads were stopped: 0.0037310 seconds, Stopping threads took: 0.0010600 seconds
168.658: Application time: 0.0379700 seconds
168.660: [GC [PSYoungGen: 48624K->6624K(48640K)] 63506K->22250K(159744K), 0.0021880 secs] [Times: user=0.01 sys=0.00, real=0.00 secs] 
168.662: Total time for which application threads were stopped: 0.0036020 seconds, Stopping threads took: 0.0013320 seconds
168.699: Application time: 0.0368510 seconds
168.700: [GC [PSYoungGen: 48608K->6640K(48640K)] 64234K->22338K(159744K), 0.0020360 secs] [Times: user=0.02 sys=0.00, real=0.00 secs] 
168.702: Total time for which application threads were stopped: 0.0033790 seconds, Stopping threads took: 0.0012630 seconds
168.739: Application time: 0.0373350 seconds
168.742: [GC [PSYoungGen: 48624K->6656K(48640K)] 64322K->23222K(159744K), 0.0023460 secs] [Times: user=0.02 sys=0.00, real=0.01 secs] 
168.744: Total time for which application threads were stopped: 0.0044220 seconds, Stopping threads took: 0.0019930 seconds
168.782: Application time: 0.0384180 seconds
168.784: [GC [PSYoungGen: 48640K->6656K(48640K)] 65206K->23838K(159744K), 0.0022720 secs] [Times: user=0.01 sys=0.00, real=0.00 secs] 
168.786: Total time for which application threads were stopped: 0.0040840 seconds, Stopping threads took: 0.0017340 seconds
168.825: Application time: 0.0384570 seconds
168.826: [GC [PSYoungGen: 48640K->6656K(48640K)] 65822K->24482K(159744K), 0.0022350 secs] [Times: user=0.01 sys=0.00, real=0.00 secs] 
168.829: Total time for which application threads were stopped: 0.0038790 seconds, Stopping threads took: 0.0015640 seconds
168.868: Application time: 0.0395110 seconds
168.870: [GC [PSYoungGen: 48640K->6528K(48640K)] 66466K->24354K(159744K), 0.0019540 secs] [Times: user=0.02 sys=0.00, real=0.01 secs] 
168.872: Total time for which application threads were stopped: 0.0033960 seconds, Stopping threads took: 0.0013660 seconds
168.909: Application time: 0.0377420 seconds
168.911: [GC [PSYoungGen: 48512K->6656K(48640K)] 66338K->25138K(159744K), 0.0021130 secs] [Times: user=0.02 sys=0.00, real=0.01 secs] 
168.913: Total time for which application threads were stopped: 0.0035380 seconds, Stopping threads took: 0.0013440 seconds
168.952: Application time: 0.0388780 seconds
168.953: [GC [PSYoungGen: 48640K->6112K(48640K)] 67122K->24594K(159744K), 0.0018170 secs] [Times: user=0.01 sys=0.00, real=0.00 secs] 
168.955: Total time for which application threads were stopped: 0.0033250 seconds, Stopping threads took: 0.0014220 seconds
168.994: Application time: 0.0384670 seconds
168.995: [GC [PSYoungGen: 48094K->6656K(48640K)] 66576K->26386K(159744K), 0.0023400 secs] [Times: user=0.01 sys=0.00, real=0.00 secs] 
168.997: Total time for which application threads were stopped: 0.0032750 seconds, Stopping threads took: 0.0008540 seconds
169.034: Application time: 0.0370960 seconds
169.035: [GC [PSYoungGen: 48640K->6656K(48640K)] 68370K->27490K(159744K), 0.0022760 secs] [Times: user=0.01 sys=0.00, real=0.00 secs] 
169.037: Total time for which application threads were stopped: 0.0034670 seconds, Stopping threads took: 0.0011040 seconds
169.074: Application time: 0.0365770 seconds
169.076: [GC [PSYoungGen: 48638K->6640K(48640K)] 69473K->28958K(159744K), 0.0023670 secs] [Times: user=0.01 sys=0.00, real=0.00 secs] 
169.078: Total time for which application threads were stopped: 0.0040810 seconds, Stopping threads took: 0.0016290 seconds
169.116: Application time: 0.0375000 seconds
169.118: [GC [PSYoungGen: 48624K->6640K(48640K)] 70942K->29174K(159744K), 0.0020410 secs] [Times: user=0.01 sys=0.00, real=0.00 secs] 
169.120: Total time for which application threads were stopped: 0.0043920 seconds, Stopping threads took: 0.0022700 seconds
169.159: Application time: 0.0385090 seconds
169.160: [GC [PSYoungGen: 48624K->6640K(48640K)] 71158K->29734K(159744K), 0.0021310 secs] [Times: user=0.02 sys=0.00, real=0.00 secs] 
169.162: Total time for which application threads were stopped: 0.0033100 seconds, Stopping threads took: 0.0011020 seconds
169.201: Application time: 0.0386740 seconds
169.202: [GC [PSYoungGen: 48624K->6624K(48640K)] 71718K->29854K(159744K), 0.0020390 secs] [Times: user=0.01 sys=0.00, real=0.01 secs] 
169.204: Total time for which application threads were stopped: 0.0030940 seconds, Stopping threads took: 0.0009790 seconds
169.241: Application time: 0.0374560 seconds
169.243: [GC [PSYoungGen: 48608K->6640K(48640K)] 71838K->30286K(159744K), 0.0021190 secs] [Times: user=0.01 sys=0.00, real=0.01 secs] 
169.245: Total time for which application threads were stopped: 0.0041120 seconds, Stopping threads took: 0.0019130 seconds
169.285: Application time: 0.0395530 seconds
169.286: [GC [PSYoungGen: 48624K->5104K(48640K)] 72270K->28766K(159744K), 0.0014950 secs] [Times: user=0.01 sys=0.00, real=0.00 secs] 
169.288: Total time for which application threads were stopped: 0.0030680 seconds, Stopping threads took: 0.0014900 seconds
169.327: Application time: 0.0393910 seconds
169.329: [GC [PSYoungGen: 47088K->6528K(48640K)] 70750K->30198K(159744K), 0.0018660 secs] [Times: user=0.01 sys=0.00, real=0.00 secs] 
169.331: Total time for which application threads were stopped: 0.0037760 seconds, Stopping threads took: 0.0018290 seconds
169.369: Application time: 0.0382860 seconds
169.371: [GC [PSYoungGen: 48512K->6656K(48640K)] 72182K->31614K(159744K), 0.0023150 secs] [Times: user=0.02 sys=0.00, real=0.01 secs] 
169.373: Total time for which application threads were stopped: 0.0037940 seconds, Stopping threads took: 0.0013920 seconds
169.414: Application time: 0.0409500 seconds
169.416: [GC [PSYoungGen: 48640K->5920K(48640K)] 73598K->30886K(159744K), 0.0017810 secs] [Times: user=0.01 sys=0.00, real=0.00 secs] 
169.418: Total time for which application threads were stopped: 0.0035070 seconds, Stopping threads took: 0.0016470 seconds
169.458: Application time: 0.0406000 seconds
169.459: [GC [PSYoungGen: 47904K->6656K(48640K)] 72870K->31806K(159744K), 0.0020260 secs] [Times: user=0.01 sys=0.00, real=0.00 secs] 
169.461: Total time for which application threads were stopped: 0.0033120 seconds, Stopping threads took: 0.0011830 seconds
169.502: Application time: 0.0408720 seconds
169.504: [GC [PSYoungGen: 48640K->6640K(48640K)] 73790K->32918K(159744K), 0.0023940 secs] [Times: user=0.02 sys=0.01, real=0.00 secs] 
169.507: Total time for which application threads were stopped: 0.0044520 seconds, Stopping threads took: 0.0019760 seconds
169.546: Application time: 0.0396790 seconds
169.549: [GC [PSYoungGen: 48624K->6656K(48640K)] 74902K->33254K(159744K), 0.0022750 secs] [Times: user=0.02 sys=0.00, real=0.00 secs] 
169.551: Total time for which application threads were stopped: 0.0044230 seconds, Stopping threads took: 0.0020680 seconds
169.590: Application time: 0.0394160 seconds
169.592: [GC [PSYoungGen: 48640K->6656K(48640K)] 75238K->34654K(159744K), 0.0025940 secs] [Times: user=0.02 sys=0.00, real=0.00 secs] 
169.595: Total time for which application threads were stopped: 0.0046940 seconds, Stopping threads took: 0.0019870 seconds
169.635: Application time: 0.0398760 seconds
169.637: [GC [PSYoungGen: 48640K->6656K(48640K)] 76638K->35354K(159744K), 0.0022260 secs] [Times: user=0.02 sys=0.00, real=0.00 secs] 
169.639: Total time for which application threads were stopped: 0.0043970 seconds, Stopping threads took: 0.0020900 seconds
169.679: Application time: 0.0392700 seconds
169.681: [GC [PSYoungGen: 48640K->6656K(48640K)] 77338K->36326K(159744K), 0.0022460 secs] [Times: user=0.02 sys=0.00, real=0.00 secs] 
169.683: Total time for which application threads were stopped: 0.0043300 seconds, Stopping threads took: 0.0020010 seconds
169.723: Application time: 0.0405750 seconds
169.725: [GC [PSYoungGen: 48639K->6656K(48640K)] 78309K->36662K(159744K), 0.0020990 secs] [Times: user=0.01 sys=0.00, real=0.00 secs] 
169.727: Total time for which application threads were stopped: 0.0033940 seconds, Stopping threads took: 0.0012160 seconds
169.767: Application time: 0.0403210 seconds
169.769: [GC [PSYoungGen: 48640K->6640K(48640K)] 78646K->36910K(159744K), 0.0020930 secs] [Times: user=0.02 sys=0.00, real=0.00 secs] 
169.771: Total time for which application threads were stopped: 0.0038490 seconds, Stopping threads took: 0.0016730 seconds
169.810: Application time: 0.0388030 seconds
169.812: [GC [PSYoungGen: 48624K->6656K(48640K)] 78894K->37942K(159744K), 0.0022200 secs] [Times: user=0.02 sys=0.00, real=0.00 secs] 
169.814: Total time for which application threads were stopped: 0.0039340 seconds, Stopping threads took: 0.0016310 seconds
169.854: Application time: 0.0397560 seconds
169.855: [GC [PSYoungGen: 48640K->6656K(48640K)] 79926K->38134K(159744K), 0.0019920 secs] [Times: user=0.01 sys=0.01, real=0.00 secs] 
169.857: Total time for which application threads were stopped: 0.0035690 seconds, Stopping threads took: 0.0014920 seconds
169.897: Application time: 0.0397240 seconds
169.900: [GC [PSYoungGen: 48640K->6656K(48640K)] 80118K->38222K(159744K), 0.0020840 secs] [Times: user=0.02 sys=0.00, real=0.00 secs] 
169.902: Total time for which application threads were stopped: 0.0048490 seconds, Stopping threads took: 0.0026810 seconds
169.942: Application time: 0.0400600 seconds
169.944: [GC [PSYoungGen: 48640K->6640K(48640K)] 80206K->38575K(159744K), 0.0021560 secs] [Times: user=0.01 sys=0.00, real=0.00 secs] 
169.946: Total time for which application threads were stopped: 0.0040330 seconds, Stopping threads took: 0.0017930 seconds
169.988: Application time: 0.0417630 seconds
169.989: [GC [PSYoungGen: 48624K->6544K(48640K)] 80559K->38479K(159744K), 0.0020710 secs] [Times: user=0.01 sys=0.00, real=0.01 secs] 
169.991: Total time for which application threads were stopped: 0.0037200 seconds, Stopping threads took: 0.0015680 seconds
170.032: Application time: 0.0404260 seconds
170.033: [GC [PSYoungGen: 48528K->6640K(48640K)] 80463K->38639K(159744K), 0.0019430 secs] [Times: user=0.01 sys=0.00, real=0.00 secs] 
170.035: Total time for which application threads were stopped: 0.0037150 seconds, Stopping threads took: 0.0016890 seconds
170.077: Application time: 0.0412700 seconds
170.078: [GC [PSYoungGen: 48624K->5792K(48640K)] 80623K->37798K(159744K), 0.0017390 secs] [Times: user=0.01 sys=0.00, real=0.00 secs] 
170.079: Total time for which application threads were stopped: 0.0026880 seconds, Stopping threads took: 0.0008690 seconds
170.121: Application time: 0.0411960 seconds
170.122: [GC [PSYoungGen: 47776K->5792K(48640K)] 79782K->37798K(159744K), 0.0018070 secs] [Times: user=0.01 sys=0.00, real=0.01 secs] 
170.124: Total time for which application threads were stopped: 0.0032000 seconds, Stopping threads took: 0.0013070 seconds
170.165: Application time: 0.0412350 seconds
170.167: [GC [PSYoungGen: 47776K->4688K(48640K)] 79782K->36695K(159744K), 0.0014840 secs] [Times: user=0.00 sys=0.00, real=0.00 secs] 
170.168: Total time for which application threads were stopped: 0.0031770 seconds, Stopping threads took: 0.0016170 seconds
170.210: Application time: 0.0415660 seconds
170.212: [GC [PSYoungGen: 46672K->6144K(48640K)] 78679K->38150K(159744K), 0.0018130 secs] [Times: user=0.01 sys=0.00, real=0.00 secs] 
170.213: Total time for which application threads were stopped: 0.0037180 seconds, Stopping threads took: 0.0018260 seconds
170.255: Application time: 0.0418860 seconds
170.257: [GC [PSYoungGen: 48128K->5792K(48640K)] 80134K->37806K(159744K), 0.0017580 secs] [Times: user=0.02 sys=0.00, real=0.00 secs] 
170.259: Total time for which application threads were stopped: 0.0035010 seconds, Stopping threads took: 0.0016670 seconds
170.300: Application time: 0.0409850 seconds
170.301: [GC [PSYoungGen: 47776K->5072K(48640K)] 79790K->37095K(159744K), 0.0016030 secs] [Times: user=0.01 sys=0.00, real=0.00 secs] 
170.303: Total time for which application threads were stopped: 0.0031780 seconds, Stopping threads took: 0.0014990 seconds
170.345: Application time: 0.0415360 seconds
170.346: [GC [PSYoungGen: 47056K->5984K(48640K)] 79079K->38023K(159744K), 0.0018430 secs] [Times: user=0.01 sys=0.00, real=0.00 secs] 
170.348: Total time for which application threads were stopped: 0.0031670 seconds, Stopping threads took: 0.0012220 seconds
170.389: Application time: 0.0414210 seconds
170.391: [GC [PSYoungGen: 47968K->5952K(48640K)] 80007K->38007K(159744K), 0.0018360 secs] [Times: user=0.01 sys=0.00, real=0.01 secs] 
170.392: Total time for which application threads were stopped: 0.0032990 seconds, Stopping threads took: 0.0013880 seconds
170.433: Application time: 0.0409230 seconds
170.435: [GC [PSYoungGen: 47936K->6656K(48640K)] 79991K->39751K(159744K), 0.0023320 secs] [Times: user=0.01 sys=0.00, real=0.00 secs] 
170.437: Total time for which application threads were stopped: 0.0039200 seconds, Stopping threads took: 0.0015000 seconds
170.478: Application time: 0.0403510 seconds
170.480: [GC [PSYoungGen: 48640K->4928K(48640K)] 81735K->38031K(159744K), 0.0015340 secs] [Times: user=0.01 sys=0.00, real=0.00 secs] 
170.482: Total time for which application threads were stopped: 0.0041160 seconds, Stopping threads took: 0.0024910 seconds
170.523: Application time: 0.0416520 seconds
170.525: [GC [PSYoungGen: 46912K->6656K(48640K)] 80015K->40143K(159744K), 0.0021440 secs] [Times: user=0.01 sys=0.00, real=0.00 secs] 
170.527: Total time for which application threads were stopped: 0.0039300 seconds, Stopping threads took: 0.0017030 seconds
170.568: Application time: 0.0408650 seconds
170.570: [GC [PSYoungGen: 48640K->6480K(48640K)] 82127K->39967K(159744K), 0.0020970 secs] [Times: user=0.02 sys=0.00, real=0.01 secs] 
170.572: Total time for which application threads were stopped: 0.0037080 seconds, Stopping threads took: 0.0015290 seconds
170.613: Application time: 0.0409730 seconds
170.615: [GC [PSYoungGen: 48464K->6656K(48640K)] 81951K->40351K(159744K), 0.0021310 secs] [Times: user=0.01 sys=0.00, real=0.00 secs] 
170.617: Total time for which application threads were stopped: 0.0038900 seconds, Stopping threads took: 0.0016740 seconds
170.657: Application time: 0.0403900 seconds
170.659: [GC [PSYoungGen: 48640K->6240K(48640K)] 82335K->39951K(159744K), 0.0018630 secs] [Times: user=0.01 sys=0.00, real=0.00 secs] 
170.661: Total time for which application threads were stopped: 0.0036880 seconds, Stopping threads took: 0.0017370 seconds
170.701: Application time: 0.0403130 seconds
170.703: [GC [PSYoungGen: 48224K->6624K(48640K)] 81935K->40351K(159744K), 0.0020190 secs] [Times: user=0.01 sys=0.00, real=0.00 secs] 
170.706: Total time for which application threads were stopped: 0.0043230 seconds, Stopping threads took: 0.0022180 seconds
170.745: Application time: 0.0395540 seconds
170.748: [GC [PSYoungGen: 48608K->6656K(48640K)] 82335K->40631K(159744K), 0.0022140 secs] [Times: user=0.01 sys=0.00, real=0.00 secs] 
170.750: Total time for which application threads were stopped: 0.0047300 seconds, Stopping threads took: 0.0024330 seconds
170.789: Application time: 0.0391870 seconds
170.791: [GC [PSYoungGen: 48640K->6640K(48640K)] 82615K->41431K(159744K), 0.0023890 secs] [Times: user=0.01 sys=0.00, real=0.01 secs] 
170.793: Total time for which application threads were stopped: 0.0044220 seconds, Stopping threads took: 0.0019470 seconds
170.833: Application time: 0.0398820 seconds
170.835: [GC [PSYoungGen: 48624K->6640K(48640K)] 83415K->42479K(159744K), 0.0022730 secs] [Times: user=0.01 sys=0.00, real=0.00 secs] 
170.837: Total time for which application threads were stopped: 0.0040580 seconds, Stopping threads took: 0.0016980 seconds
170.877: Application time: 0.0399340 seconds
170.880: [GC [PSYoungGen: 48624K->6656K(48640K)] 84463K->42519K(159744K), 0.0019900 secs] [Times: user=0.02 sys=0.00, real=0.00 secs] 
170.882: Total time for which application threads were stopped: 0.0044780 seconds, Stopping threads took: 0.0024080 seconds
170.923: Application time: 0.0409740 seconds
170.926: [GC [PSYoungGen: 48640K->6080K(48640K)] 84503K->41951K(159744K), 0.0018750 secs] [Times: user=0.01 sys=0.00, real=0.00 secs] 
170.928: Total time for which application threads were stopped: 0.0048140 seconds, Stopping threads took: 0.0028600 seconds
170.968: Application time: 0.0403500 seconds
170.970: [GC [PSYoungGen: 48064K->6032K(48640K)] 83935K->41911K(159744K), 0.0017250 secs] [Times: user=0.01 sys=0.00, real=0.01 secs] 
170.971: Total time for which application threads were stopped: 0.0033620 seconds, Stopping threads took: 0.0015540 seconds
171.010: Application time: 0.0390030 seconds
171.013: [GC [PSYoungGen: 48016K->6656K(48640K)] 83895K->44091K(159744K), 0.0025270 secs] [Times: user=0.02 sys=0.00, real=0.00 secs] 
171.015: Total time for which application threads were stopped: 0.0048150 seconds, Stopping threads took: 0.0021920 seconds
171.056: Application time: 0.0407980 seconds
171.057: [GC [PSYoungGen: 48640K->6640K(48640K)] 86075K->44515K(159744K), 0.0021970 secs] [Times: user=0.02 sys=0.00, real=0.00 secs] 
171.060: Total time for which application threads were stopped: 0.0036430 seconds, Stopping threads took: 0.0013650 seconds
171.099: Application time: 0.0396080 seconds
171.101: [GC [PSYoungGen: 48624K->6624K(48640K)] 86499K->44859K(159744K), 0.0020880 secs] [Times: user=0.02 sys=0.00, real=0.00 secs] 
171.103: Total time for which application threads were stopped: 0.0038470 seconds, Stopping threads took: 0.0016790 seconds
171.142: Application time: 0.0389950 seconds
171.145: [GC [PSYoungGen: 48608K->6624K(48640K)] 86843K->45563K(159744K), 0.0021030 secs] [Times: user=0.01 sys=0.00, real=0.00 secs] 
171.147: Total time for which application threads were stopped: 0.0051770 seconds, Stopping threads took: 0.0029890 seconds
171.186: Application time: 0.0390820 seconds
171.189: [GC [PSYoungGen: 48608K->6640K(48640K)] 87547K->45667K(159744K), 0.0020600 secs] [Times: user=0.02 sys=0.00, real=0.01 secs] 
171.192: Total time for which application threads were stopped: 0.0052610 seconds, Stopping threads took: 0.0030850 seconds
171.233: Application time: 0.0412840 seconds
171.234: [GC [PSYoungGen: 48624K->6272K(48640K)] 87651K->45299K(159744K), 0.0018990 secs] [Times: user=0.01 sys=0.00, real=0.00 secs] 
171.236: Total time for which application threads were stopped: 0.0030890 seconds, Stopping threads took: 0.0011170 seconds
171.275: Application time: 0.0391740 seconds
171.277: [GC [PSYoungGen: 48256K->6560K(48640K)] 87283K->45587K(159744K), 0.0019130 secs] [Times: user=0.02 sys=0.00, real=0.00 secs] 
171.279: Total time for which application threads were stopped: 0.0038780 seconds, Stopping threads took: 0.0018840 seconds
171.320: Application time: 0.0406140 seconds
171.320: [GC [PSYoungGen: 48544K->5440K(48640K)] 87571K->44483K(159744K), 0.0017020 secs] [Times: user=0.01 sys=0.00, real=0.00 secs] 
171.322: Total time for which application threads were stopped: 0.0025880 seconds, Stopping threads took: 0.0008110 seconds
171.364: Application time: 0.0417170 seconds
171.366: [GC [PSYoungGen: 47424K->5840K(48640K)] 86467K->44891K(159744K), 0.0017160 secs] [Times: user=0.01 sys=0.00, real=0.00 secs] 
171.368: Total time for which application threads were stopped: 0.0037310 seconds, Stopping threads took: 0.0019350 seconds
171.407: Application time: 0.0390730 seconds
171.408: [GC [PSYoungGen: 47824K->6640K(48640K)] 86875K->46623K(159744K), 0.0022860 secs] [Times: user=0.02 sys=0.00, real=0.00 secs] 
171.411: Total time for which application threads were stopped: 0.0040150 seconds, Stopping threads took: 0.0016440 seconds
171.451: Application time: 0.0401700 seconds
171.453: [GC [PSYoungGen: 48624K->6640K(48640K)] 88607K->46711K(159744K), 0.0020720 secs] [Times: user=0.01 sys=0.00, real=0.00 secs] 
171.455: Total time for which application threads were stopped: 0.0038750 seconds, Stopping threads took: 0.0017280 seconds
171.495: Application time: 0.0401010 seconds
171.497: [GC [PSYoungGen: 48624K->6640K(48640K)] 88695K->47151K(159744K), 0.0021420 secs] [Times: user=0.01 sys=0.00, real=0.00 secs] 
171.499: Total time for which application threads were stopped: 0.0038410 seconds, Stopping threads took: 0.0016110 seconds
171.539: Application time: 0.0400070 seconds
171.541: [GC [PSYoungGen: 48624K->6416K(48640K)] 89135K->46927K(159744K), 0.0018800 secs] [Times: user=0.01 sys=0.00, real=0.00 secs] 
171.543: Total time for which application threads were stopped: 0.0041550 seconds, Stopping threads took: 0.0021900 seconds
171.582: Application time: 0.0391490 seconds
171.584: [GC [PSYoungGen: 48400K->6624K(48640K)] 88911K->48127K(159744K), 0.0022110 secs] [Times: user=0.02 sys=0.00, real=0.00 secs] 
171.586: Total time for which application threads were stopped: 0.0041600 seconds, Stopping threads took: 0.0018660 seconds
171.624: Application time: 0.0382780 seconds
171.627: [GC [PSYoungGen: 48608K->6656K(48640K)] 90111K->49419K(159744K), 0.0024040 secs] [Times: user=0.02 sys=0.00, real=0.00 secs] 
171.629: Total time for which application threads were stopped: 0.0047030 seconds, Stopping threads took: 0.0021930 seconds
171.669: Application time: 0.0395320 seconds
171.672: [GC [PSYoungGen: 48640K->6656K(48640K)] 91403K->50219K(159744K), 0.0022020 secs] [Times: user=0.01 sys=0.00, real=0.00 secs] 
171.674: Total time for which application threads were stopped: 0.0053790 seconds, Stopping threads took: 0.0030800 seconds
171.714: Application time: 0.0400480 seconds
171.717: [GC [PSYoungGen: 48640K->6640K(48640K)] 92203K->50395K(159744K), 0.0021910 secs] [Times: user=0.01 sys=0.00, real=0.00 secs] 
171.719: Total time for which application threads were stopped: 0.0047360 seconds, Stopping threads took: 0.0024470 seconds
171.759: Application time: 0.0400500 seconds
171.761: [GC [PSYoungGen: 48624K->6400K(48640K)] 92379K->50155K(159744K), 0.0018630 secs] [Times: user=0.01 sys=0.00, real=0.00 secs] 
171.763: Total time for which application threads were stopped: 0.0035690 seconds, Stopping threads took: 0.0016260 seconds
171.803: Application time: 0.0407520 seconds
171.805: [GC [PSYoungGen: 48384K->5520K(48640K)] 92139K->49275K(159744K), 0.0016150 secs] [Times: user=0.01 sys=0.00, real=0.00 secs] 
171.806: Total time for which application threads were stopped: 0.0031890 seconds, Stopping threads took: 0.0014960 seconds
171.847: Application time: 0.0407010 seconds
171.851: [GC [PSYoungGen: 47504K->5360K(48640K)] 91259K->49115K(159744K), 0.0016970 secs] [Times: user=0.01 sys=0.00, real=0.00 secs] 
171.853: Total time for which application threads were stopped: 0.0057740 seconds, Stopping threads took: 0.0039960 seconds
171.895: Application time: 0.0417780 seconds
171.896: [GC [PSYoungGen: 47344K->6272K(48640K)] 91099K->50035K(159744K), 0.0019310 secs] [Times: user=0.01 sys=0.00, real=0.00 secs] 
171.898: Total time for which application threads were stopped: 0.0033100 seconds, Stopping threads took: 0.0013000 seconds
171.938: Application time: 0.0404280 seconds
171.941: [GC [PSYoungGen: 48256K->5632K(48640K)] 92019K->49403K(159744K), 0.0016640 secs] [Times: user=0.01 sys=0.00, real=0.00 secs] 
171.942: Total time for which application threads were stopped: 0.0039540 seconds, Stopping threads took: 0.0022140 seconds
171.982: Application time: 0.0394510 seconds
171.983: [GC [PSYoungGen: 47615K->6624K(48640K)] 91386K->50755K(159744K), 0.0020670 secs] [Times: user=0.01 sys=0.00, real=0.00 secs] 
171.986: Total time for which application threads were stopped: 0.0036740 seconds, Stopping threads took: 0.0015270 seconds
172.026: Application time: 0.0400740 seconds
172.027: [GC [PSYoungGen: 48606K->6384K(48640K)] 92737K->50515K(159744K), 0.0019710 secs] [Times: user=0.01 sys=0.00, real=0.00 secs] 
172.029: Total time for which application threads were stopped: 0.0038210 seconds, Stopping threads took: 0.0017720 seconds
172.070: Application time: 0.0406740 seconds
172.072: [GC [PSYoungGen: 48368K->6656K(48640K)] 92499K->51899K(159744K), 0.0023690 secs] [Times: user=0.02 sys=0.00, real=0.00 secs] 
172.075: Total time for which application threads were stopped: 0.0044050 seconds, Stopping threads took: 0.0019520 seconds
172.115: Application time: 0.0407180 seconds
172.116: [GC [PSYoungGen: 48640K->6080K(48640K)] 93883K->51331K(159744K), 0.0018350 secs] [Times: user=0.01 sys=0.00, real=0.00 secs] 
172.118: Total time for which application threads were stopped: 0.0028320 seconds, Stopping threads took: 0.0009180 seconds
172.159: Application time: 0.0409510 seconds
172.162: [GC [PSYoungGen: 48064K->6656K(48640K)] 93315K->52579K(159744K), 0.0022230 secs] [Times: user=0.01 sys=0.00, real=0.01 secs] 
172.165: Total time for which application threads were stopped: 0.0054680 seconds, Stopping threads took: 0.0031620 seconds
172.204: Application time: 0.0397980 seconds
172.206: [GC [PSYoungGen: 48640K->6656K(48640K)] 94563K->53699K(159744K), 0.0022900 secs] [Times: user=0.02 sys=0.00, real=0.00 secs] 
172.209: Total time for which application threads were stopped: 0.0043250 seconds, Stopping threads took: 0.0019500 seconds
172.249: Application time: 0.0400450 seconds
172.251: [GC [PSYoungGen: 48640K->6640K(48640K)] 95683K->53939K(159744K), 0.0021040 secs] [Times: user=0.02 sys=0.00, real=0.01 secs] 
172.253: Total time for which application threads were stopped: 0.0041550 seconds, Stopping threads took: 0.0019630 seconds
172.292: Application time: 0.0392970 seconds
172.294: [GC [PSYoungGen: 48624K->6432K(48640K)] 95923K->53731K(159744K), 0.0019660 secs] [Times: user=0.01 sys=0.00, real=0.00 secs] 
172.296: Total time for which application threads were stopped: 0.0036090 seconds, Stopping threads took: 0.0015580 seconds
172.334: Application time: 0.0387100 seconds
172.336: [GC [PSYoungGen: 48416K->6656K(48640K)] 95715K->54627K(159744K), 0.0021640 secs] [Times: user=0.01 sys=0.00, real=0.00 secs] 
172.339: Total time for which application threads were stopped: 0.0041790 seconds, Stopping threads took: 0.0019360 seconds
172.379: Application time: 0.0403800 seconds
172.381: [GC [PSYoungGen: 48640K->6656K(48640K)] 96611K->54691K(159744K), 0.0019750 secs] [Times: user=0.02 sys=0.00, real=0.00 secs] 
172.383: Total time for which application threads were stopped: 0.0040700 seconds, Stopping threads took: 0.0020120 seconds
172.423: Application time: 0.0403880 seconds
172.425: [GC [PSYoungGen: 48640K->6656K(48640K)] 96675K->55987K(159744K), 0.0024070 secs] [Times: user=0.01 sys=0.00, real=0.00 secs] 
172.428: Total time for which application threads were stopped: 0.0042160 seconds, Stopping threads took: 0.0017220 seconds
172.467: Application time: 0.0397050 seconds
172.471: [GC [PSYoungGen: 48640K->6656K(48640K)] 97971K->56635K(159744K), 0.0022430 secs] [Times: user=0.02 sys=0.00, real=0.01 secs] 
172.473: Total time for which application threads were stopped: 0.0055110 seconds, Stopping threads took: 0.0031860 seconds
172.513: Application time: 0.0399080 seconds
172.515: [GC [PSYoungGen: 48640K->6624K(48640K)] 98619K->57475K(159744K), 0.0023410 secs] [Times: user=0.01 sys=0.00, real=0.00 secs] 
172.517: Total time for which application threads were stopped: 0.0041740 seconds, Stopping threads took: 0.0017420 seconds
172.558: Application time: 0.0410260 seconds
172.560: [GC [PSYoungGen: 48608K->6656K(48640K)] 99459K->57731K(159744K), 0.0021100 secs] [Times: user=0.01 sys=0.00, real=0.00 secs] 
172.562: Total time for which application threads were stopped: 0.0040290 seconds, Stopping threads took: 0.0018350 seconds
172.601: Application time: 0.0393620 seconds
172.603: [GC [PSYoungGen: 48640K->6640K(48640K)] 99715K->58343K(159744K), 0.0021860 secs] [Times: user=0.02 sys=0.00, real=0.00 secs] 
172.605: Total time for which application threads were stopped: 0.0040170 seconds, Stopping threads took: 0.0017460 seconds
172.645: Application time: 0.0391110 seconds
172.646: [GC [PSYoungGen: 48624K->6656K(48640K)] 100327K->59239K(159744K), 0.0022950 secs] [Times: user=0.01 sys=0.00, real=0.00 secs] 
172.649: Total time for which application threads were stopped: 0.0040120 seconds, Stopping threads took: 0.0016360 seconds
172.689: Application time: 0.0400140 seconds
172.690: [GC [PSYoungGen: 48640K->6640K(48640K)] 101223K->59471K(159744K), 0.0021420 secs] [Times: user=0.01 sys=0.00, real=0.01 secs] 
172.692: Total time for which application threads were stopped: 0.0038150 seconds, Stopping threads took: 0.0015890 seconds
172.732: Application time: 0.0393880 seconds
172.734: [GC [PSYoungGen: 48624K->6624K(48640K)] 101455K->59631K(159744K), 0.0022580 secs] [Times: user=0.01 sys=0.00, real=0.00 secs] 
172.736: Total time for which application threads were stopped: 0.0043730 seconds, Stopping threads took: 0.0020330 seconds
172.777: Application time: 0.0410730 seconds
172.780: [GC [PSYoungGen: 48608K->6144K(48640K)] 101615K->59159K(159744K), 0.0018450 secs] [Times: user=0.01 sys=0.00, real=0.00 secs] 
172.782: Total time for which application threads were stopped: 0.0049930 seconds, Stopping threads took: 0.0030600 seconds
172.823: Application time: 0.0404690 seconds
172.826: [GC [PSYoungGen: 48128K->6624K(48640K)] 101143K->60763K(159744K), 0.0023550 secs] [Times: user=0.02 sys=0.00, real=0.00 secs] 
172.828: Total time for which application threads were stopped: 0.0056730 seconds, Stopping threads took: 0.0032350 seconds
172.869: Application time: 0.0405350 seconds
172.870: [GC [PSYoungGen: 48608K->6016K(48640K)] 102747K->60155K(159744K), 0.0018780 secs] [Times: user=0.01 sys=0.00, real=0.01 secs] 
172.872: Total time for which application threads were stopped: 0.0030280 seconds, Stopping threads took: 0.0010610 seconds
172.913: Application time: 0.0408410 seconds
172.914: [GC [PSYoungGen: 48000K->6464K(48640K)] 102139K->60603K(159744K), 0.0020050 secs] [Times: user=0.01 sys=0.00, real=0.00 secs] 
172.916: Total time for which application threads were stopped: 0.0034220 seconds, Stopping threads took: 0.0013380 seconds
172.956: Application time: 0.0401420 seconds
172.960: [GC [PSYoungGen: 48448K->6624K(48640K)] 102587K->61075K(159744K), 0.0021680 secs] [Times: user=0.02 sys=0.01, real=0.00 secs] 
172.962: Total time for which application threads were stopped: 0.0056190 seconds, Stopping threads took: 0.0033730 seconds
173.002: Application time: 0.0397260 seconds
173.003: [GC [PSYoungGen: 48608K->6496K(48640K)] 103059K->60963K(159744K), 0.0019960 secs] [Times: user=0.01 sys=0.00, real=0.00 secs] 
173.005: Total time for which application threads were stopped: 0.0036210 seconds, Stopping threads took: 0.0015430 seconds
173.046: Application time: 0.0403720 seconds
173.048: [GC [PSYoungGen: 48480K->5920K(48640K)] 102947K->60387K(159744K), 0.0020290 secs] [Times: user=0.01 sys=0.00, real=0.00 secs] 
173.050: Total time for which application threads were stopped: 0.0038560 seconds, Stopping threads took: 0.0017320 seconds
173.090: Application time: 0.0399750 seconds
173.091: [GC [PSYoungGen: 47904K->6656K(48640K)] 102371K->61179K(159744K), 0.0021290 secs] [Times: user=0.01 sys=0.00, real=0.01 secs] 
173.093: Total time for which application threads were stopped: 0.0036750 seconds, Stopping threads took: 0.0014600 seconds
173.134: Application time: 0.0412100 seconds
173.136: [GC [PSYoungGen: 48640K->5728K(48640K)] 103163K->60251K(159744K), 0.0018880 secs] [Times: user=0.00 sys=0.00, real=0.00 secs] 
173.138: Total time for which application threads were stopped: 0.0035520 seconds, Stopping threads took: 0.0015660 seconds
173.179: Application time: 0.0412170 seconds
173.181: [GC [PSYoungGen: 47711K->6656K(48640K)] 102235K->61819K(159744K), 0.0022560 secs] [Times: user=0.02 sys=0.00, real=0.01 secs] 
173.184: Total time for which application threads were stopped: 0.0044150 seconds, Stopping threads took: 0.0020750 seconds
173.225: Application time: 0.0411860 seconds
173.226: [GC [PSYoungGen: 48640K->4704K(48640K)] 103803K->59875K(159744K), 0.0015170 secs] [Times: user=0.01 sys=0.00, real=0.00 secs] 
173.228: Total time for which application threads were stopped: 0.0028480 seconds, Stopping threads took: 0.0012620 seconds
173.268: Application time: 0.0403080 seconds
173.270: [GC [PSYoungGen: 46688K->6640K(48640K)] 101859K->63156K(159744K), 0.0024350 secs] [Times: user=0.02 sys=0.00, real=0.01 secs] 
173.273: Total time for which application threads were stopped: 0.0045130 seconds, Stopping threads took: 0.0019920 seconds
173.313: Application time: 0.0407000 seconds
173.315: [GC [PSYoungGen: 48624K->5392K(48640K)] 105140K->61908K(159744K), 0.0016260 secs] [Times: user=0.01 sys=0.00, real=0.00 secs] 
173.317: Total time for which application threads were stopped: 0.0038290 seconds, Stopping threads took: 0.0021160 seconds
173.359: Application time: 0.0415090 seconds
173.361: [GC [PSYoungGen: 47376K->6576K(48640K)] 103892K->63100K(159744K), 0.0020020 secs] [Times: user=0.01 sys=0.00, real=0.00 secs] 
173.363: Total time for which application threads were stopped: 0.0040840 seconds, Stopping threads took: 0.0019840 seconds
173.401: Application time: 0.0386280 seconds
173.402: [GC [PSYoungGen: 48560K->5552K(48640K)] 105084K->62076K(159744K), 0.0017590 secs] [Times: user=0.01 sys=0.00, real=0.01 secs] 
173.404: Total time for which application threads were stopped: 0.0028450 seconds, Stopping threads took: 0.0010120 seconds
173.441: Application time: 0.0365230 seconds
173.443: [GC [PSYoungGen: 47536K->6640K(48640K)] 104060K->64664K(159744K), 0.0024450 secs] [Times: user=0.02 sys=0.00, real=0.01 secs] 
173.445: Total time for which application threads were stopped: 0.0044940 seconds, Stopping threads took: 0.0019650 seconds
173.483: Application time: 0.0378900 seconds
173.485: [GC [PSYoungGen: 48624K->6656K(48640K)] 106648K->65424K(159744K), 0.0024130 secs] [Times: user=0.01 sys=0.00, real=0.00 secs] 
173.487: Total time for which application threads were stopped: 0.0040020 seconds, Stopping threads took: 0.0015060 seconds
173.526: Application time: 0.0387280 seconds
173.528: [GC [PSYoungGen: 48639K->6624K(48640K)] 107407K->65560K(159744K), 0.0020930 secs] [Times: user=0.01 sys=0.00, real=0.00 secs] 
173.530: Total time for which application threads were stopped: 0.0038910 seconds, Stopping threads took: 0.0017200 seconds
173.567: Application time: 0.0373440 seconds
173.568: [GC [PSYoungGen: 48608K->6336K(48640K)] 107544K->65272K(159744K), 0.0019140 secs] [Times: user=0.01 sys=0.00, real=0.00 secs] 
173.570: Total time for which application threads were stopped: 0.0030980 seconds, Stopping threads took: 0.0011040 seconds
173.606: Application time: 0.0360100 seconds
173.608: [GC [PSYoungGen: 48320K->6624K(48640K)] 107256K->66516K(159744K), 0.0023560 secs] [Times: user=0.01 sys=0.00, real=0.00 secs] 
173.611: Total time for which application threads were stopped: 0.0046170 seconds, Stopping threads took: 0.0021770 seconds
173.648: Application time: 0.0368230 seconds
173.648: [GC [PSYoungGen: 48608K->6656K(48640K)] 108500K->67980K(159744K), 0.0024610 secs] [Times: user=0.02 sys=0.00, real=0.00 secs] 
173.651: Total time for which application threads were stopped: 0.0034150 seconds, Stopping threads took: 0.0008670 seconds
173.689: Application time: 0.0382150 seconds
173.691: [GC [PSYoungGen: 48640K->6560K(48640K)] 109964K->67884K(159744K), 0.0019940 secs] [Times: user=0.01 sys=0.00, real=0.01 secs] 
173.693: Total time for which application threads were stopped: 0.0039780 seconds, Stopping threads took: 0.0019020 seconds
173.731: Application time: 0.0381590 seconds
173.733: [GC [PSYoungGen: 48544K->6656K(48640K)] 109868K->68068K(159744K), 0.0020300 secs] [Times: user=0.01 sys=0.00, real=0.00 secs] 
173.735: Total time for which application threads were stopped: 0.0037620 seconds, Stopping threads took: 0.0016520 seconds
173.773: Application time: 0.0375320 seconds
173.774: [GC [PSYoungGen: 48640K->6656K(48640K)] 110052K->68068K(159744K), 0.0020910 secs] [Times: user=0.02 sys=0.00, real=0.00 secs] 
173.776: Total time for which application threads were stopped: 0.0035950 seconds, Stopping threads took: 0.0014260 seconds
173.814: Application time: 0.0382390 seconds
173.816: [GC [PSYoungGen: 48640K->5344K(48640K)] 110052K->66756K(159744K), 0.0016020 secs] [Times: user=0.01 sys=0.00, real=0.00 secs] 
173.818: Total time for which application threads were stopped: 0.0036320 seconds, Stopping threads took: 0.0019430 seconds
173.858: Application time: 0.0394320 seconds
173.859: [GC [PSYoungGen: 47328K->6192K(48640K)] 108740K->67612K(159744K), 0.0020340 secs] [Times: user=0.02 sys=0.00, real=0.00 secs] 
173.861: Total time for which application threads were stopped: 0.0034590 seconds, Stopping threads took: 0.0013420 seconds
173.900: Application time: 0.0393380 seconds
173.902: [GC [PSYoungGen: 48176K->6656K(48640K)] 109596K->68580K(159744K), 0.0021720 secs] [Times: user=0.01 sys=0.00, real=0.01 secs] 
173.904: Total time for which application threads were stopped: 0.0037040 seconds, Stopping threads took: 0.0014500 seconds
173.941: Application time: 0.0371530 seconds
173.943: [GC [PSYoungGen: 48640K->6624K(48640K)] 110564K->68844K(159744K), 0.0020610 secs] [Times: user=0.02 sys=0.00, real=0.01 secs] 
173.945: Total time for which application threads were stopped: 0.0036030 seconds, Stopping threads took: 0.0014580 seconds
173.981: Application time: 0.0365370 seconds
173.983: [GC [PSYoungGen: 48608K->6640K(48640K)] 110828K->68972K(159744K), 0.0019960 secs] [Times: user=0.01 sys=0.00, real=0.01 secs] 
173.985: Total time for which application threads were stopped: 0.0033370 seconds, Stopping threads took: 0.0012600 seconds
174.022: Application time: 0.0371390 seconds
174.023: [GC [PSYoungGen: 48624K->6640K(48640K)] 110956K->69260K(159744K), 0.0021400 secs] [Times: user=0.02 sys=0.00, real=0.01 secs] 
174.025: Total time for which application threads were stopped: 0.0033890 seconds, Stopping threads took: 0.0011670 seconds
174.060: Application time: 0.0352130 seconds
174.062: [GC [PSYoungGen: 48624K->6656K(48640K)] 111244K->70788K(159744K), 0.0024590 secs] [Times: user=0.02 sys=0.00, real=0.01 secs] 
174.065: Total time for which application threads were stopped: 0.0041290 seconds, Stopping threads took: 0.0015860 seconds
174.102: Application time: 0.0378590 seconds
174.104: [GC [PSYoungGen: 48640K->6416K(48640K)] 112772K->70548K(159744K), 0.0019990 secs] [Times: user=0.01 sys=0.00, real=0.00 secs] 
174.106: Total time for which application threads were stopped: 0.0039890 seconds, Stopping threads took: 0.0019140 seconds
174.144: Application time: 0.0376490 seconds
174.146: [GC [PSYoungGen: 48400K->6608K(48640K)] 112532K->70740K(159744K), 0.0021120 secs] [Times: user=0.02 sys=0.00, real=0.00 secs] 
174.148: Total time for which application threads were stopped: 0.0037360 seconds, Stopping threads took: 0.0015450 seconds
174.184: Application time: 0.0362760 seconds
174.187: [GC [PSYoungGen: 48592K->6656K(48640K)] 112724K->71956K(159744K), 0.0022940 secs] [Times: user=0.02 sys=0.00, real=0.00 secs] 
174.189: Total time for which application threads were stopped: 0.0050580 seconds, Stopping threads took: 0.0026840 seconds
174.227: Application time: 0.0376210 seconds
174.229: [GC [PSYoungGen: 48640K->6656K(48640K)] 113940K->72124K(159744K), 0.0020990 secs] [Times: user=0.01 sys=0.00, real=0.00 secs] 
174.231: Total time for which application threads were stopped: 0.0042490 seconds, Stopping threads took: 0.0020740 seconds
174.270: Application time: 0.0389220 seconds
174.272: [GC [PSYoungGen: 48640K->6064K(48640K)] 114108K->71532K(159744K), 0.0018530 secs] [Times: user=0.01 sys=0.00, real=0.00 secs] 
174.273: Total time for which application threads were stopped: 0.0034710 seconds, Stopping threads took: 0.0015440 seconds
174.311: Application time: 0.0375080 seconds
174.313: [GC [PSYoungGen: 48048K->6640K(48640K)] 113516K->72180K(159744K), 0.0020080 secs] [Times: user=0.01 sys=0.00, real=0.00 secs] 
174.315: Total time for which application threads were stopped: 0.0036800 seconds, Stopping threads took: 0.0015940 seconds
174.353: Application time: 0.0382440 seconds
174.354: [GC [PSYoungGen: 48624K->6288K(48640K)] 114164K->71828K(159744K), 0.0019030 secs] [Times: user=0.01 sys=0.00, real=0.00 secs] 
174.356: Total time for which application threads were stopped: 0.0029380 seconds, Stopping threads took: 0.0009500 seconds
174.395: Application time: 0.0391170 seconds
174.396: [GC [PSYoungGen: 48272K->5632K(48640K)] 113812K->71180K(159744K), 0.0018350 secs] [Times: user=0.01 sys=0.00, real=0.00 secs] 
174.398: Total time for which application threads were stopped: 0.0031250 seconds, Stopping threads took: 0.0012100 seconds
174.437: Application time: 0.0393110 seconds
174.438: [GC [PSYoungGen: 47616K->5776K(48640K)] 113164K->71324K(159744K), 0.0018020 secs] [Times: user=0.01 sys=0.00, real=0.00 secs] 
174.440: Total time for which application threads were stopped: 0.0029480 seconds, Stopping threads took: 0.0010750 seconds
174.478: Application time: 0.0374540 seconds
174.480: [GC [PSYoungGen: 47760K->5568K(48640K)] 113308K->71116K(159744K), 0.0017460 secs] [Times: user=0.01 sys=0.00, real=0.00 secs] 
174.482: Total time for which application threads were stopped: 0.0037760 seconds, Stopping threads took: 0.0019540 seconds
174.521: Application time: 0.0397930 seconds
174.523: [GC [PSYoungGen: 47552K->6624K(48640K)] 113100K->72172K(159744K), 0.0021170 secs] [Times: user=0.01 sys=0.00, real=0.01 secs] 
174.525: Total time for which application threads were stopped: 0.0035020 seconds, Stopping threads took: 0.0013050 seconds
174.564: Application time: 0.0395860 seconds
174.566: [GC [PSYoungGen: 48608K->6656K(48640K)] 114156K->73244K(159744K), 0.0023700 secs] [Times: user=0.01 sys=0.00, real=0.00 secs] 
174.568: Total time for which application threads were stopped: 0.0040350 seconds, Stopping threads took: 0.0015720 seconds
174.607: Application time: 0.0390400 seconds
174.608: [GC [PSYoungGen: 48640K->6496K(48640K)] 115228K->73084K(159744K), 0.0020140 secs] [Times: user=0.01 sys=0.00, real=0.00 secs] 
174.610: Total time for which application threads were stopped: 0.0029860 seconds, Stopping threads took: 0.0009000 seconds
174.648: Application time: 0.0375670 seconds
174.650: [GC [PSYoungGen: 48480K->6624K(48640K)] 115068K->73828K(159744K), 0.0021650 secs] [Times: user=0.01 sys=0.00, real=0.01 secs] 
174.652: Total time for which application threads were stopped: 0.0039290 seconds, Stopping threads took: 0.0016850 seconds
174.689: Application time: 0.0372040 seconds
174.691: [GC [PSYoungGen: 48608K->6656K(48640K)] 115812K->74236K(159744K), 0.0021270 secs] [Times: user=0.01 sys=0.00, real=0.01 secs] 
174.693: Total time for which application threads were stopped: 0.0035940 seconds, Stopping threads took: 0.0013830 seconds
174.731: Application time: 0.0385040 seconds
174.734: [GC [PSYoungGen: 48640K->5504K(48640K)] 116220K->73092K(159744K), 0.0017190 secs] [Times: user=0.01 sys=0.00, real=0.00 secs] 
174.736: Total time for which application threads were stopped: 0.0044130 seconds, Stopping threads took: 0.0026190 seconds
174.774: Application time: 0.0379130 seconds
174.775: [GC [PSYoungGen: 47488K->6640K(48640K)] 115076K->74748K(159744K), 0.0021830 secs] [Times: user=0.02 sys=0.00, real=0.00 secs] 
174.777: Total time for which application threads were stopped: 0.0036700 seconds, Stopping threads took: 0.0014080 seconds
174.816: Application time: 0.0389810 seconds
174.818: [GC [PSYoungGen: 48624K->6656K(48640K)] 116732K->74780K(159744K), 0.0020330 secs] [Times: user=0.01 sys=0.00, real=0.00 secs] 
174.820: Total time for which application threads were stopped: 0.0036960 seconds, Stopping threads took: 0.0015830 seconds
174.859: Application time: 0.0393530 seconds
174.860: [GC [PSYoungGen: 48640K->5776K(48640K)] 116764K->73900K(159744K), 0.0021210 secs] [Times: user=0.01 sys=0.00, real=0.00 secs] 
174.863: Total time for which application threads were stopped: 0.0033190 seconds, Stopping threads took: 0.0010920 seconds
174.901: Application time: 0.0383610 seconds
174.902: [GC [PSYoungGen: 47760K->5824K(48640K)] 115884K->73956K(159744K), 0.0017550 secs] [Times: user=0.01 sys=0.00, real=0.01 secs] 
174.904: Total time for which application threads were stopped: 0.0031040 seconds, Stopping threads took: 0.0012700 seconds
174.943: Application time: 0.0391950 seconds
174.944: [GC [PSYoungGen: 47808K->5216K(48640K)] 115940K->73348K(159744K), 0.0016820 secs] [Times: user=0.01 sys=0.00, real=0.00 secs] 
174.946: Total time for which application threads were stopped: 0.0028800 seconds, Stopping threads took: 0.0011240 seconds
174.985: Application time: 0.0392850 seconds
174.987: [GC [PSYoungGen: 47200K->6656K(48640K)] 115332K->75268K(159744K), 0.0021680 secs] [Times: user=0.01 sys=0.01, real=0.00 secs] 
174.989: Total time for which application threads were stopped: 0.0037900 seconds, Stopping threads took: 0.0015440 seconds
175.029: Application time: 0.0394240 seconds
175.030: [GC [PSYoungGen: 48640K->4512K(48640K)] 117252K->73124K(159744K), 0.0013850 secs] [Times: user=0.01 sys=0.00, real=0.00 secs] 
175.031: Total time for which application threads were stopped: 0.0023430 seconds, Stopping threads took: 0.0008860 seconds
175.070: Application time: 0.0393820 seconds
175.072: [GC [PSYoungGen: 46496K->5952K(48640K)] 115108K->74564K(159744K), 0.0018270 secs] [Times: user=0.01 sys=0.00, real=0.00 secs] 
175.074: Total time for which application threads were stopped: 0.0035230 seconds, Stopping threads took: 0.0016190 seconds
175.113: Application time: 0.0389040 seconds
175.114: [GC [PSYoungGen: 47936K->6400K(48640K)] 116548K->75028K(159744K), 0.0019310 secs] [Times: user=0.01 sys=0.00, real=0.00 secs] 
175.116: Total time for which application threads were stopped: 0.0034320 seconds, Stopping threads took: 0.0014250 seconds
175.154: Application time: 0.0380250 seconds
175.156: [GC [PSYoungGen: 48384K->6656K(48640K)] 117012K->76412K(159744K), 0.0023470 secs] [Times: user=0.02 sys=0.00, real=0.00 secs] 
175.158: Total time for which application threads were stopped: 0.0041080 seconds, Stopping threads took: 0.0016800 seconds
175.197: Application time: 0.0389130 seconds
175.199: [GC [PSYoungGen: 48640K->5568K(48640K)] 118396K->75324K(159744K), 0.0017580 secs] [Times: user=0.01 sys=0.00, real=0.00 secs] 
175.201: Total time for which application threads were stopped: 0.0034210 seconds, Stopping threads took: 0.0015870 seconds
175.240: Application time: 0.0390660 seconds
175.242: [GC [PSYoungGen: 47552K->5920K(48640K)] 117308K->75676K(159744K), 0.0018980 secs] [Times: user=0.01 sys=0.00, real=0.01 secs] 
175.244: Total time for which application threads were stopped: 0.0038020 seconds, Stopping threads took: 0.0018260 seconds
175.282: Application time: 0.0382130 seconds
175.283: [GC [PSYoungGen: 47904K->6640K(48640K)] 117660K->76524K(159744K), 0.0020900 secs] [Times: user=0.01 sys=0.00, real=0.00 secs] 
175.285: Total time for which application threads were stopped: 0.0036570 seconds, Stopping threads took: 0.0014900 seconds
175.324: Application time: 0.0386400 seconds
175.326: [GC [PSYoungGen: 48624K->6656K(48640K)] 118508K->77548K(159744K), 0.0023900 secs] [Times: user=0.02 sys=0.00, real=0.00 secs] 
175.328: Total time for which application threads were stopped: 0.0039580 seconds, Stopping threads took: 0.0014900 seconds
175.367: Application time: 0.0393520 seconds
175.368: [GC [PSYoungGen: 48640K->4704K(48640K)] 119532K->75596K(159744K), 0.0015070 secs] [Times: user=0.01 sys=0.00, real=0.00 secs] 
175.370: Total time for which application threads were stopped: 0.0025020 seconds, Stopping threads took: 0.0009110 seconds
175.409: Application time: 0.0390320 seconds
175.411: [GC [PSYoungGen: 46688K->6640K(48640K)] 117580K->77932K(159744K), 0.0021520 secs] [Times: user=0.01 sys=0.00, real=0.01 secs] 
175.413: Total time for which application threads were stopped: 0.0037420 seconds, Stopping threads took: 0.0015090 seconds
175.453: Application time: 0.0400420 seconds
175.453: [GC [PSYoungGen: 48624K->3936K(48640K)] 119916K->75228K(159744K), 0.0013430 secs] [Times: user=0.01 sys=0.00, real=0.00 secs] 
175.454: Total time for which application threads were stopped: 0.0015910 seconds, Stopping threads took: 0.0001800 seconds
175.493: Application time: 0.0383920 seconds
175.494: [GC [PSYoungGen: 45920K->5888K(48640K)] 117212K->77180K(159744K), 0.0017960 secs] [Times: user=0.01 sys=0.00, real=0.00 secs] 
175.496: Total time for which application threads were stopped: 0.0032540 seconds, Stopping threads took: 0.0013800 seconds
175.534: Application time: 0.0382850 seconds
175.536: [GC [PSYoungGen: 47872K->5616K(48640K)] 119164K->76908K(159744K), 0.0018080 secs] [Times: user=0.01 sys=0.00, real=0.00 secs] 
175.538: Total time for which application threads were stopped: 0.0035760 seconds, Stopping threads took: 0.0016930 seconds
175.576: Application time: 0.0377840 seconds
175.577: [GC [PSYoungGen: 47600K->6640K(48640K)] 118892K->78556K(159744K), 0.0022380 secs] [Times: user=0.01 sys=0.00, real=0.00 secs] 
175.579: Total time for which application threads were stopped: 0.0036850 seconds, Stopping threads took: 0.0013680 seconds
175.617: Application time: 0.0374210 seconds
175.618: [GC [PSYoungGen: 48624K->6624K(48640K)] 120540K->78996K(159744K), 0.0022670 secs] [Times: user=0.02 sys=0.00, real=0.00 secs] 
175.621: Total time for which application threads were stopped: 0.0040230 seconds, Stopping threads took: 0.0016740 seconds
175.658: Application time: 0.0368750 seconds
175.660: [GC [PSYoungGen: 48608K->6624K(48640K)] 120980K->79444K(159744K), 0.0021330 secs] [Times: user=0.01 sys=0.00, real=0.00 secs] 
175.662: Total time for which application threads were stopped: 0.0039960 seconds, Stopping threads took: 0.0017830 seconds
175.699: Application time: 0.0373330 seconds
175.701: [GC [PSYoungGen: 48608K->6656K(48640K)] 121428K->79636K(159744K), 0.0021830 secs] [Times: user=0.02 sys=0.00, real=0.01 secs] 
175.703: Total time for which application threads were stopped: 0.0043000 seconds, Stopping threads took: 0.0020030 seconds
175.741: Application time: 0.0372470 seconds
175.742: [GC [PSYoungGen: 48640K->6400K(48640K)] 121620K->79380K(159744K), 0.0019730 secs] [Times: user=0.02 sys=0.00, real=0.01 secs] 
175.744: Total time for which application threads were stopped: 0.0038380 seconds, Stopping threads took: 0.0017820 seconds
175.783: Application time: 0.0385750 seconds
175.785: [GC [PSYoungGen: 48384K->6640K(48640K)] 121364K->79637K(159744K), 0.0019930 secs] [Times: user=0.02 sys=0.00, real=0.00 secs] 
175.787: Total time for which application threads were stopped: 0.0041680 seconds, Stopping threads took: 0.0020880 seconds
175.825: Application time: 0.0380850 seconds
175.827: [GC [PSYoungGen: 48624K->6656K(48640K)] 121621K->80669K(159744K), 0.0023530 secs] [Times: user=0.02 sys=0.00, real=0.00 secs] 
175.829: Total time for which application threads were stopped: 0.0040590 seconds, Stopping threads took: 0.0016210 seconds
175.868: Application time: 0.0382510 seconds
175.869: [GC [PSYoungGen: 48640K->5984K(48640K)] 122653K->79997K(159744K), 0.0018560 secs] [Times: user=0.01 sys=0.00, real=0.00 secs] 
175.871: Total time for which application threads were stopped: 0.0032360 seconds, Stopping threads took: 0.0013070 seconds
175.909: Application time: 0.0382790 seconds
175.911: [GC [PSYoungGen: 47968K->6640K(48640K)] 121981K->80709K(159744K), 0.0020550 secs] [Times: user=0.01 sys=0.00, real=0.01 secs] 
175.913: Total time for which application threads were stopped: 0.0037340 seconds, Stopping threads took: 0.0015900 seconds
175.950: Application time: 0.0371520 seconds
175.953: [GC [PSYoungGen: 48624K->6240K(48640K)] 122693K->80325K(159744K), 0.0018580 secs] [Times: user=0.02 sys=0.00, real=0.00 secs] 
175.955: Total time for which application threads were stopped: 0.0046640 seconds, Stopping threads took: 0.0027270 seconds
175.992: Application time: 0.0372460 seconds
175.994: [GC [PSYoungGen: 48224K->6624K(48640K)] 122309K->81621K(159744K), 0.0023350 secs] [Times: user=0.02 sys=0.00, real=0.00 secs] 
175.997: Total time for which application threads were stopped: 0.0046840 seconds, Stopping threads took: 0.0022660 seconds
176.035: Application time: 0.0380440 seconds
176.037: [GC [PSYoungGen: 48608K->6208K(48640K)] 123605K->81205K(159744K), 0.0019090 secs] [Times: user=0.02 sys=0.00, real=0.00 secs] 
176.039: Total time for which application threads were stopped: 0.0040300 seconds, Stopping threads took: 0.0020420 seconds
176.077: Application time: 0.0385870 seconds
176.079: [GC [PSYoungGen: 48192K->6480K(48640K)] 123189K->81493K(159744K), 0.0020080 secs] [Times: user=0.02 sys=0.00, real=0.00 secs] 
176.081: Total time for which application threads were stopped: 0.0035840 seconds, Stopping threads took: 0.0014990 seconds
176.120: Application time: 0.0387220 seconds
176.121: [GC [PSYoungGen: 48464K->4816K(48640K)] 123477K->79829K(159744K), 0.0015670 secs] [Times: user=0.01 sys=0.00, real=0.00 secs] 
176.123: Total time for which application threads were stopped: 0.0031310 seconds, Stopping threads took: 0.0014920 seconds
176.162: Application time: 0.0397530 seconds
176.164: [GC [PSYoungGen: 46800K->5104K(48640K)] 121813K->80125K(159744K), 0.0015500 secs] [Times: user=0.01 sys=0.00, real=0.00 secs] 
176.165: Total time for which application threads were stopped: 0.0027540 seconds, Stopping threads took: 0.0011290 seconds
176.204: Application time: 0.0391620 seconds
176.206: [GC [PSYoungGen: 47088K->6032K(48640K)] 122109K->81053K(159744K), 0.0018960 secs] [Times: user=0.02 sys=0.00, real=0.00 secs] 
176.208: Total time for which application threads were stopped: 0.0035020 seconds, Stopping threads took: 0.0015280 seconds
176.246: Application time: 0.0377700 seconds
176.247: [GC [PSYoungGen: 48016K->5984K(48640K)] 123037K->81013K(159744K), 0.0018010 secs] [Times: user=0.01 sys=0.00, real=0.00 secs] 
176.249: Total time for which application threads were stopped: 0.0034240 seconds, Stopping threads took: 0.0015410 seconds
176.288: Application time: 0.0391920 seconds
176.289: [GC [PSYoungGen: 47968K->6656K(48640K)] 122997K->81849K(159744K), 0.0021240 secs] [Times: user=0.02 sys=0.00, real=0.01 secs] 
176.292: Total time for which application threads were stopped: 0.0033000 seconds, Stopping threads took: 0.0010960 seconds
176.330: Application time: 0.0386270 seconds
176.332: [GC [PSYoungGen: 48640K->6640K(48640K)] 123833K->81841K(159744K), 0.0020510 secs] [Times: user=0.01 sys=0.00, real=0.00 secs] 
176.334: Total time for which application threads were stopped: 0.0035140 seconds, Stopping threads took: 0.0013660 seconds
176.372: Application time: 0.0384840 seconds
176.374: [GC [PSYoungGen: 48624K->5792K(48640K)] 123825K->80993K(159744K), 0.0017770 secs] [Times: user=0.01 sys=0.00, real=0.00 secs] 
176.376: Total time for which application threads were stopped: 0.0035830 seconds, Stopping threads took: 0.0017300 seconds
176.414: Application time: 0.0380220 seconds
176.416: [GC [PSYoungGen: 47776K->6336K(48640K)] 122977K->81545K(159744K), 0.0018370 secs] [Times: user=0.01 sys=0.00, real=0.00 secs] 
176.418: Total time for which application threads were stopped: 0.0043760 seconds, Stopping threads took: 0.0024520 seconds
176.456: Application time: 0.0378340 seconds
176.458: [GC [PSYoungGen: 48320K->6640K(48640K)] 123529K->82849K(159744K), 0.0023470 secs] [Times: user=0.01 sys=0.00, real=0.00 secs] 
176.460: Total time for which application threads were stopped: 0.0041450 seconds, Stopping threads took: 0.0017140 seconds
176.498: Application time: 0.0375870 seconds
176.499: [GC [PSYoungGen: 48624K->6640K(48640K)] 124833K->82881K(159744K), 0.0020630 secs] [Times: user=0.01 sys=0.00, real=0.00 secs] 
176.501: Total time for which application threads were stopped: 0.0034100 seconds, Stopping threads took: 0.0012660 seconds
176.539: Application time: 0.0376960 seconds
176.540: [GC [PSYoungGen: 48624K->6640K(48640K)] 124865K->83177K(159744K), 0.0021040 secs] [Times: user=0.02 sys=0.00, real=0.00 secs] 
176.543: Total time for which application threads were stopped: 0.0036900 seconds, Stopping threads took: 0.0015050 seconds
176.580: Application time: 0.0376520 seconds
176.583: [GC [PSYoungGen: 48624K->6448K(48640K)] 125161K->82985K(159744K), 0.0019770 secs] [Times: user=0.01 sys=0.00, real=0.01 secs] 
176.585: Total time for which application threads were stopped: 0.0048780 seconds, Stopping threads took: 0.0028230 seconds
176.623: Application time: 0.0379460 seconds
176.625: [GC [PSYoungGen: 48432K->6640K(48640K)] 124969K->83233K(159744K), 0.0020090 secs] [Times: user=0.01 sys=0.00, real=0.00 secs] 
176.627: Total time for which application threads were stopped: 0.0038030 seconds, Stopping threads took: 0.0017170 seconds
176.664: Application time: 0.0374880 seconds
176.666: [GC [PSYoungGen: 48624K->6640K(48640K)] 125217K->83457K(159744K), 0.0021330 secs] [Times: user=0.02 sys=0.00, real=0.00 secs] 
176.668: Total time for which application threads were stopped: 0.0040680 seconds, Stopping threads took: 0.0018490 seconds
176.707: Application time: 0.0384570 seconds
176.708: [GC [PSYoungGen: 48624K->6432K(48640K)] 125441K->83265K(159744K), 0.0019420 secs] [Times: user=0.01 sys=0.00, real=0.00 secs] 
176.710: Total time for which application threads were stopped: 0.0033680 seconds, Stopping threads took: 0.0013470 seconds
176.747: Application time: 0.0368330 seconds
176.749: [GC [PSYoungGen: 48416K->6624K(48640K)] 125249K->83921K(159744K), 0.0021360 secs] [Times: user=0.01 sys=0.00, real=0.00 secs] 
176.751: Total time for which application threads were stopped: 0.0036210 seconds, Stopping threads took: 0.0014070 seconds
176.786: Application time: 0.0357960 seconds
176.788: [GC [PSYoungGen: 48608K->6624K(48640K)] 125905K->84913K(159744K), 0.0022880 secs] [Times: user=0.02 sys=0.00, real=0.00 secs] 
176.791: Total time for which application threads were stopped: 0.0041060 seconds, Stopping threads took: 0.0017390 seconds
176.829: Application time: 0.0383500 seconds
176.831: [GC [PSYoungGen: 48608K->6656K(48640K)] 126897K->85345K(159744K), 0.0021670 secs] [Times: user=0.01 sys=0.00, real=0.01 secs] 
176.833: Total time for which application threads were stopped: 0.0039520 seconds, Stopping threads took: 0.0016920 seconds
176.872: Application time: 0.0386180 seconds
176.873: [GC [PSYoungGen: 48640K->5024K(48640K)] 127329K->83713K(159744K), 0.0015740 secs] [Times: user=0.02 sys=0.00, real=0.00 secs] 
176.875: Total time for which application threads were stopped: 0.0033300 seconds, Stopping threads took: 0.0016780 seconds
176.913: Application time: 0.0377320 seconds
176.914: [GC [PSYoungGen: 47008K->6400K(48640K)] 125697K->85105K(159744K), 0.0019340 secs] [Times: user=0.02 sys=0.00, real=0.00 secs] 
176.916: Total time for which application threads were stopped: 0.0035350 seconds, Stopping threads took: 0.0015170 seconds
176.955: Application time: 0.0384130 seconds
176.957: [GC [PSYoungGen: 48384K->6656K(48640K)] 127089K->85393K(159744K), 0.0020930 secs] [Times: user=0.02 sys=0.00, real=0.00 secs] 
176.959: Total time for which application threads were stopped: 0.0046150 seconds, Stopping threads took: 0.0024180 seconds
176.997: Application time: 0.0375470 seconds
176.998: [GC [PSYoungGen: 48640K->6656K(48640K)] 127377K->85433K(159744K), 0.0021480 secs] [Times: user=0.01 sys=0.00, real=0.00 secs] 
177.000: Total time for which application threads were stopped: 0.0033730 seconds, Stopping threads took: 0.0011440 seconds
177.037: Application time: 0.0368780 seconds
177.040: [GC [PSYoungGen: 48640K->6656K(48640K)] 127417K->85721K(159744K), 0.0021350 secs] [Times: user=0.01 sys=0.00, real=0.00 secs] 
177.042: Total time for which application threads were stopped: 0.0047750 seconds, Stopping threads took: 0.0025600 seconds
177.080: Application time: 0.0386470 seconds
177.082: [GC [PSYoungGen: 48640K->6224K(48640K)] 127705K->85289K(159744K), 0.0019530 secs] [Times: user=0.02 sys=0.00, real=0.01 secs] 
177.084: Total time for which application threads were stopped: 0.0035670 seconds, Stopping threads took: 0.0015350 seconds
177.121: Application time: 0.0372710 seconds
177.123: [GC [PSYoungGen: 48208K->6640K(48640K)] 127273K->86265K(159744K), 0.0021880 secs] [Times: user=0.02 sys=0.00, real=0.01 secs] 
177.125: Total time for which application threads were stopped: 0.0038510 seconds, Stopping threads took: 0.0015820 seconds
177.163: Application time: 0.0377960 seconds
177.165: [GC [PSYoungGen: 48624K->6640K(48640K)] 128249K->86433K(159744K), 0.0021060 secs] [Times: user=0.01 sys=0.00, real=0.00 secs] 
177.167: Total time for which application threads were stopped: 0.0042850 seconds, Stopping threads took: 0.0020890 seconds
177.205: Application time: 0.0381750 seconds
177.207: [GC [PSYoungGen: 48624K->6656K(48640K)] 128417K->87305K(159744K), 0.0022530 secs] [Times: user=0.01 sys=0.00, real=0.00 secs] 
177.210: Total time for which application threads were stopped: 0.0041710 seconds, Stopping threads took: 0.0018380 seconds
177.248: Application time: 0.0385250 seconds
177.251: [GC [PSYoungGen: 48640K->6640K(48640K)] 129289K->87297K(159744K), 0.0020790 secs] [Times: user=0.02 sys=0.00, real=0.00 secs] 
177.254: Total time for which application threads were stopped: 0.0054760 seconds, Stopping threads took: 0.0033140 seconds
177.292: Application time: 0.0381090 seconds
177.293: [GC [PSYoungGen: 48624K->6432K(48640K)] 129281K->87097K(159744K), 0.0020220 secs] [Times: user=0.01 sys=0.01, real=0.00 secs] 
177.295: Total time for which application threads were stopped: 0.0038610 seconds, Stopping threads took: 0.0017620 seconds
177.334: Application time: 0.0381520 seconds
177.335: [GC [PSYoungGen: 48415K->6656K(48640K)] 129080K->87841K(159744K), 0.0021350 secs] [Times: user=0.02 sys=0.00, real=0.00 secs] 
177.337: Total time for which application threads were stopped: 0.0037050 seconds, Stopping threads took: 0.0014800 seconds
177.376: Application time: 0.0383250 seconds
177.377: [GC [PSYoungGen: 48640K->6640K(48640K)] 129825K->88249K(159744K), 0.0023000 secs] [Times: user=0.01 sys=0.00, real=0.00 secs] 
177.380: Total time for which application threads were stopped: 0.0039570 seconds, Stopping threads took: 0.0015690 seconds
177.420: Application time: 0.0405380 seconds
177.422: [GC [PSYoungGen: 48624K->6656K(48640K)] 130233K->88417K(159744K), 0.0020730 secs] [Times: user=0.01 sys=0.00, real=0.01 secs] 
177.424: Total time for which application threads were stopped: 0.0042920 seconds, Stopping threads took: 0.0021370 seconds
177.466: Application time: 0.0411980 seconds
177.467: [GC [PSYoungGen: 48640K->5856K(48640K)] 130401K->87625K(159744K), 0.0018940 secs] [Times: user=0.02 sys=0.00, real=0.00 secs] 
177.469: Total time for which application threads were stopped: 0.0031100 seconds, Stopping threads took: 0.0011290 seconds
177.509: Application time: 0.0406210 seconds
177.511: [GC [PSYoungGen: 47840K->6128K(48640K)] 129609K->87897K(159744K), 0.0019280 secs] [Times: user=0.02 sys=0.00, real=0.01 secs] 
177.513: Total time for which application threads were stopped: 0.0033640 seconds, Stopping threads took: 0.0013540 seconds
177.552: Application time: 0.0388020 seconds
177.554: [GC [PSYoungGen: 48112K->6656K(48640K)] 129881K->89653K(159744K), 0.0024290 secs] [Times: user=0.02 sys=0.00, real=0.00 secs] 
177.557: Total time for which application threads were stopped: 0.0052770 seconds, Stopping threads took: 0.0027630 seconds
177.598: Application time: 0.0408220 seconds
177.600: [GC [PSYoungGen: 48640K->6640K(48640K)] 131637K->90069K(159744K), 0.0021960 secs] [Times: user=0.01 sys=0.00, real=0.00 secs] 
177.602: Total time for which application threads were stopped: 0.0041680 seconds, Stopping threads took: 0.0018840 seconds
177.642: Application time: 0.0404590 seconds
177.644: [GC [PSYoungGen: 48624K->6656K(48640K)] 132053K->90829K(159744K), 0.0022380 secs] [Times: user=0.01 sys=0.00, real=0.00 secs] 
177.646: Total time for which application threads were stopped: 0.0040080 seconds, Stopping threads took: 0.0016870 seconds
177.687: Application time: 0.0403540 seconds
177.689: [GC [PSYoungGen: 48640K->6640K(48640K)] 132813K->91669K(159744K), 0.0023360 secs] [Times: user=0.02 sys=0.00, real=0.01 secs] 
177.691: Total time for which application threads were stopped: 0.0045790 seconds, Stopping threads took: 0.0021560 seconds
177.732: Application time: 0.0405660 seconds
177.733: [GC [PSYoungGen: 48624K->4944K(48640K)] 133653K->89973K(159744K), 0.0016000 secs] [Times: user=0.02 sys=0.00, real=0.00 secs] 
177.735: Total time for which application threads were stopped: 0.0029470 seconds, Stopping threads took: 0.0012740 seconds
177.775: Application time: 0.0403060 seconds
177.777: [GC [PSYoungGen: 46928K->6640K(48640K)] 131957K->91805K(159744K), 0.0021010 secs] [Times: user=0.02 sys=0.00, real=0.00 secs] 
177.779: Total time for which application threads were stopped: 0.0040710 seconds, Stopping threads took: 0.0018810 seconds
177.819: Application time: 0.0401950 seconds
177.822: [GC [PSYoungGen: 48624K->6640K(48640K)] 133789K->91821K(159744K), 0.0021160 secs] [Times: user=0.02 sys=0.00, real=0.01 secs] 
177.824: Total time for which application threads were stopped: 0.0047260 seconds, Stopping threads took: 0.0025240 seconds
177.863: Application time: 0.0388730 seconds
177.865: [GC [PSYoungGen: 48624K->6624K(48640K)] 133805K->92965K(159744K), 0.0026240 secs] [Times: user=0.02 sys=0.00, real=0.00 secs] 
177.868: Total time for which application threads were stopped: 0.0047850 seconds, Stopping threads took: 0.0020730 seconds
177.907: Application time: 0.0395080 seconds
177.909: [GC [PSYoungGen: 48608K->6656K(48640K)] 134949K->93581K(159744K), 0.0023240 secs] [Times: user=0.02 sys=0.00, real=0.01 secs] 
177.911: Total time for which application threads were stopped: 0.0041140 seconds, Stopping threads took: 0.0017020 seconds
177.952: Application time: 0.0403480 seconds
177.955: [GC [PSYoungGen: 48639K->6656K(48640K)] 135564K->94677K(159744K), 0.0022620 secs] [Times: user=0.02 sys=0.00, real=0.00 secs] 
177.957: Total time for which application threads were stopped: 0.0052680 seconds, Stopping threads took: 0.0029190 seconds
177.997: Application time: 0.0400250 seconds
177.999: [GC [PSYoungGen: 48640K->6656K(48640K)] 136661K->95965K(159744K), 0.0024360 secs] [Times: user=0.01 sys=0.00, real=0.00 secs] 
178.002: Total time for which application threads were stopped: 0.0045380 seconds, Stopping threads took: 0.0020050 seconds
178.041: Application time: 0.0397360 seconds
178.044: [GC [PSYoungGen: 48640K->6400K(48640K)] 137949K->95709K(159744K), 0.0018970 secs] [Times: user=0.01 sys=0.00, real=0.00 secs] 
178.046: Total time for which application threads were stopped: 0.0045130 seconds, Stopping threads took: 0.0025360 seconds
178.087: Application time: 0.0407590 seconds
178.089: [GC [PSYoungGen: 48384K->5856K(48640K)] 137693K->95165K(159744K), 0.0018350 secs] [Times: user=0.01 sys=0.00, real=0.00 secs] 
178.091: Total time for which application threads were stopped: 0.0044500 seconds, Stopping threads took: 0.0025380 seconds
178.130: Application time: 0.0393900 seconds
178.132: [GC [PSYoungGen: 47840K->6640K(48640K)] 137149K->95949K(159744K), 0.0021640 secs] [Times: user=0.01 sys=0.00, real=0.00 secs] 
178.134: Total time for which application threads were stopped: 0.0039350 seconds, Stopping threads took: 0.0016890 seconds
178.174: Application time: 0.0398440 seconds
178.176: [GC [PSYoungGen: 48624K->6640K(48640K)] 137933K->96229K(159744K), 0.0023540 secs] [Times: user=0.02 sys=0.00, real=0.00 secs] 
178.179: Total time for which application threads were stopped: 0.0044840 seconds, Stopping threads took: 0.0020470 seconds
178.219: Application time: 0.0404740 seconds
178.221: [GC [PSYoungGen: 48624K->5760K(48640K)] 138213K->95357K(159744K), 0.0018670 secs] [Times: user=0.00 sys=0.00, real=0.00 secs] 
178.223: Total time for which application threads were stopped: 0.0035820 seconds, Stopping threads took: 0.0016300 seconds
178.263: Application time: 0.0407000 seconds
178.264: [GC [PSYoungGen: 47744K->6656K(48640K)] 137341K->96813K(159744K), 0.0023870 secs] [Times: user=0.02 sys=0.00, real=0.00 secs] 
178.267: Total time for which application threads were stopped: 0.0031610 seconds, Stopping threads took: 0.0006710 seconds
178.306: Application time: 0.0396870 seconds
178.308: [GC [PSYoungGen: 48640K->6656K(48640K)] 138797K->97093K(159744K), 0.0022970 secs] [Times: user=0.01 sys=0.00, real=0.00 secs] 
178.310: Total time for which application threads were stopped: 0.0040740 seconds, Stopping threads took: 0.0016680 seconds
178.351: Application time: 0.0409020 seconds
178.353: [GC [PSYoungGen: 48640K->6656K(48640K)] 139077K->98102K(159744K), 0.0024270 secs] [Times: user=0.01 sys=0.00, real=0.00 secs] 
178.355: Total time for which application threads were stopped: 0.0038490 seconds, Stopping threads took: 0.0013390 seconds
178.396: Application time: 0.0408050 seconds
178.398: [GC [PSYoungGen: 48640K->6640K(48640K)] 140086K->98254K(159744K), 0.0021030 secs] [Times: user=0.01 sys=0.00, real=0.00 secs] 
178.400: Total time for which application threads were stopped: 0.0043250 seconds, Stopping threads took: 0.0021360 seconds
178.439: Application time: 0.0392290 seconds
178.442: [GC [PSYoungGen: 48624K->6624K(48640K)] 140238K->98838K(159744K), 0.0022950 secs] [Times: user=0.01 sys=0.00, real=0.01 secs] 
178.445: Total time for which application threads were stopped: 0.0050480 seconds, Stopping threads took: 0.0026660 seconds
178.484: Application time: 0.0392510 seconds
178.486: [GC [PSYoungGen: 48608K->6640K(48640K)] 140822K->99150K(159744K), 0.0022560 secs] [Times: user=0.02 sys=0.00, real=0.00 secs] 
178.488: Total time for which application threads were stopped: 0.0044300 seconds, Stopping threads took: 0.0020710 seconds
178.528: Application time: 0.0393950 seconds
178.530: [GC [PSYoungGen: 48624K->6656K(48640K)] 141134K->100214K(159744K), 0.0022950 secs] [Times: user=0.01 sys=0.00, real=0.01 secs] 
178.532: Total time for which application threads were stopped: 0.0045020 seconds, Stopping threads took: 0.0021140 seconds
178.573: Application time: 0.0412570 seconds
178.575: [GC [PSYoungGen: 48640K->6656K(48640K)] 142198K->100526K(159744K), 0.0024360 secs] [Times: user=0.01 sys=0.00, real=0.00 secs] 
178.577: Total time for which application threads were stopped: 0.0040780 seconds, Stopping threads took: 0.0015490 seconds
178.617: Application time: 0.0400260 seconds
178.619: [GC [PSYoungGen: 48640K->6272K(48640K)] 142510K->100142K(159744K), 0.0021090 secs] [Times: user=0.01 sys=0.00, real=0.00 secs] 
178.621: Total time for which application threads were stopped: 0.0039780 seconds, Stopping threads took: 0.0017650 seconds
178.662: Application time: 0.0406190 seconds
178.664: [GC [PSYoungGen: 48256K->5840K(48640K)] 142126K->99718K(159744K), 0.0018680 secs] [Times: user=0.02 sys=0.00, real=0.00 secs] 
178.666: Total time for which application threads were stopped: 0.0035680 seconds, Stopping threads took: 0.0016230 seconds
178.706: Application time: 0.0400110 seconds
178.707: [GC [PSYoungGen: 47824K->6640K(48640K)] 141702K->101342K(159744K), 0.0022860 secs] [Times: user=0.01 sys=0.00, real=0.00 secs] 
178.710: Total time for which application threads were stopped: 0.0040570 seconds, Stopping threads took: 0.0016880 seconds
178.750: Application time: 0.0398550 seconds
178.751: [GC [PSYoungGen: 48624K->6432K(48640K)] 143326K->101134K(159744K), 0.0019550 secs] [Times: user=0.02 sys=0.00, real=0.00 secs] 
178.753: Total time for which application threads were stopped: 0.0036860 seconds, Stopping threads took: 0.0016450 seconds
178.793: Application time: 0.0399380 seconds
178.795: [GC [PSYoungGen: 48416K->6656K(48640K)] 143118K->102206K(159744K), 0.0023070 secs] [Times: user=0.02 sys=0.00, real=0.00 secs] 
178.797: Total time for which application threads were stopped: 0.0041610 seconds, Stopping threads took: 0.0017690 seconds
178.837: Application time: 0.0395980 seconds
178.839: [GC [PSYoungGen: 48640K->6656K(48640K)] 144190K->102366K(159744K), 0.0021080 secs] [Times: user=0.01 sys=0.00, real=0.00 secs] 
178.841: Total time for which application threads were stopped: 0.0042650 seconds, Stopping threads took: 0.0020760 seconds
178.881: Application time: 0.0401640 seconds
178.884: [GC [PSYoungGen: 48640K->6656K(48640K)] 144350K->102558K(159744K), 0.0022500 secs] [Times: user=0.01 sys=0.00, real=0.00 secs] 
178.886: Total time for which application threads were stopped: 0.0048540 seconds, Stopping threads took: 0.0025090 seconds
178.928: Application time: 0.0412790 seconds
178.929: [GC [PSYoungGen: 48640K->5344K(48640K)] 144542K->101254K(159744K), 0.0017520 secs] [Times: user=0.01 sys=0.00, real=0.00 secs] 
178.931: Total time for which application threads were stopped: 0.0032110 seconds, Stopping threads took: 0.0013780 seconds
178.970: Application time: 0.0393070 seconds
178.972: [GC [PSYoungGen: 47328K->6656K(48640K)] 143238K->103846K(159744K), 0.0024710 secs] [Times: user=0.02 sys=0.00, real=0.00 secs] 
178.974: Total time for which application threads were stopped: 0.0042080 seconds, Stopping threads took: 0.0016570 seconds
179.015: Application time: 0.0404670 seconds
179.018: [GC [PSYoungGen: 48640K->6640K(48640K)] 145830K->104486K(159744K), 0.0022580 secs] [Times: user=0.02 sys=0.00, real=0.00 secs] 
179.020: Total time for which application threads were stopped: 0.0054790 seconds, Stopping threads took: 0.0031380 seconds
179.061: Application time: 0.0411160 seconds
179.064: [GC [PSYoungGen: 48624K->6640K(48640K)] 146470K->104526K(159744K), 0.0021720 secs] [Times: user=0.01 sys=0.00, real=0.00 secs] 
179.066: Total time for which application threads were stopped: 0.0044500 seconds, Stopping threads took: 0.0021870 seconds
179.106: Application time: 0.0403280 seconds
179.108: [GC [PSYoungGen: 48624K->6640K(48640K)] 146510K->104982K(159744K), 0.0021810 secs] [Times: user=0.02 sys=0.00, real=0.00 secs] 
179.110: Total time for which application threads were stopped: 0.0042870 seconds, Stopping threads took: 0.0020210 seconds
179.151: Application time: 0.0402290 seconds
179.152: [GC [PSYoungGen: 48624K->6656K(48640K)] 146966K->105254K(159744K), 0.0021210 secs] [Times: user=0.01 sys=0.00, real=0.00 secs] 
179.154: Total time for which application threads were stopped: 0.0036670 seconds, Stopping threads took: 0.0014670 seconds
179.195: Application time: 0.0407950 seconds
179.197: [GC [PSYoungGen: 48640K->6464K(48640K)] 147238K->105062K(159744K), 0.0020890 secs] [Times: user=0.01 sys=0.00, real=0.00 secs] 
179.199: Total time for which application threads were stopped: 0.0036020 seconds, Stopping threads took: 0.0014360 seconds
179.239: Application time: 0.0404560 seconds
179.241: [GC [PSYoungGen: 48448K->5344K(48640K)] 147046K->103958K(159744K), 0.0017250 secs] [Times: user=0.01 sys=0.00, real=0.00 secs] 
179.243: Total time for which application threads were stopped: 0.0037520 seconds, Stopping threads took: 0.0019490 seconds
179.284: Application time: 0.0407030 seconds
179.285: [GC [PSYoungGen: 47328K->6640K(48640K)] 145942K->105278K(159744K), 0.0022290 secs] [Times: user=0.01 sys=0.00, real=0.00 secs] 
179.288: Total time for which application threads were stopped: 0.0040590 seconds, Stopping threads took: 0.0017430 seconds
179.329: Application time: 0.0411410 seconds
179.331: [GC [PSYoungGen: 48622K->6640K(48640K)] 147260K->105534K(159744K), 0.0021670 secs] [Times: user=0.02 sys=0.00, real=0.01 secs] 
179.333: Total time for which application threads were stopped: 0.0039920 seconds, Stopping threads took: 0.0017450 seconds
179.372: Application time: 0.0395120 seconds
179.374: [GC [PSYoungGen: 48624K->6448K(48640K)] 147518K->105358K(159744K), 0.0019210 secs] [Times: user=0.01 sys=0.00, real=0.00 secs] 
179.376: Total time for which application threads were stopped: 0.0040130 seconds, Stopping threads took: 0.0019830 seconds
179.418: Application time: 0.0417800 seconds
179.419: [GC [PSYoungGen: 48432K->4832K(48640K)] 147342K->103750K(159744K), 0.0016450 secs] [Times: user=0.01 sys=0.00, real=0.00 secs] 
179.421: Total time for which application threads were stopped: 0.0026420 seconds, Stopping threads took: 0.0009230 seconds
179.463: Application time: 0.0419110 seconds
179.464: [GC [PSYoungGen: 46816K->4432K(48640K)] 145734K->103358K(159744K), 0.0015130 secs] [Times: user=0.01 sys=0.00, real=0.00 secs] 
179.466: Total time for which application threads were stopped: 0.0031360 seconds, Stopping threads took: 0.0015520 seconds
179.507: Application time: 0.0414890 seconds
179.509: [GC [PSYoungGen: 46416K->5792K(48640K)] 145342K->104718K(159744K), 0.0018590 secs] [Times: user=0.01 sys=0.00, real=0.01 secs] 
179.511: Total time for which application threads were stopped: 0.0039900 seconds, Stopping threads took: 0.0020540 seconds
179.552: Application time: 0.0409800 seconds
179.554: [GC [PSYoungGen: 47776K->6624K(48640K)] 146702K->105550K(159744K), 0.0020910 secs] [Times: user=0.01 sys=0.00, real=0.00 secs] 
179.557: Total time for which application threads were stopped: 0.0042790 seconds, Stopping threads took: 0.0021060 seconds
179.598: Application time: 0.0413970 seconds
179.599: [GC [PSYoungGen: 48608K->4048K(48640K)] 147534K->102982K(159744K), 0.0013380 secs] [Times: user=0.01 sys=0.00, real=0.00 secs] 
179.601: Total time for which application threads were stopped: 0.0025640 seconds, Stopping threads took: 0.0011480 seconds
179.642: Application time: 0.0416290 seconds
179.643: [GC [PSYoungGen: 46032K->4352K(48640K)] 144966K->103302K(159744K), 0.0014670 secs] [Times: user=0.01 sys=0.00, real=0.00 secs] 
179.645: Total time for which application threads were stopped: 0.0025490 seconds, Stopping threads took: 0.0010060 seconds
179.686: Application time: 0.0408060 seconds
179.688: [GC [PSYoungGen: 46334K->6640K(48640K)] 145285K->106162K(159744K), 0.0023180 secs] [Times: user=0.01 sys=0.00, real=0.00 secs] 
179.690: Total time for which application threads were stopped: 0.0044760 seconds, Stopping threads took: 0.0020740 seconds
179.730: Application time: 0.0396730 seconds
179.731: [GC [PSYoungGen: 48624K->6240K(48640K)] 148146K->105762K(159744K), 0.0020620 secs] [Times: user=0.01 sys=0.00, real=0.00 secs] 
179.734: Total time for which application threads were stopped: 0.0038740 seconds, Stopping threads took: 0.0017140 seconds
179.775: Application time: 0.0409970 seconds
179.776: [GC [PSYoungGen: 48224K->6624K(48640K)] 147746K->106170K(159744K), 0.0021270 secs] [Times: user=0.01 sys=0.00, real=0.00 secs] 
179.779: Total time for which application threads were stopped: 0.0040370 seconds, Stopping threads took: 0.0018190 seconds
179.820: Application time: 0.0410580 seconds
179.822: [GC [PSYoungGen: 48608K->5888K(48640K)] 148154K->105434K(159744K), 0.0019670 secs] [Times: user=0.01 sys=0.00, real=0.01 secs] 
179.824: Total time for which application threads were stopped: 0.0044100 seconds, Stopping threads took: 0.0023600 seconds
179.865: Application time: 0.0408710 seconds
179.867: [GC [PSYoungGen: 47872K->6656K(48640K)] 147418K->107082K(159744K), 0.0023180 secs] [Times: user=0.02 sys=0.00, real=0.00 secs] 
179.869: Total time for which application threads were stopped: 0.0040720 seconds, Stopping threads took: 0.0016580 seconds
179.909: Application time: 0.0398640 seconds
179.911: [GC [PSYoungGen: 48640K->6656K(48640K)] 149066K->108226K(159744K), 0.0025370 secs] [Times: user=0.02 sys=0.00, real=0.01 secs] 
179.913: Total time for which application threads were stopped: 0.0042120 seconds, Stopping threads took: 0.0015860 seconds
179.954: Application time: 0.0406350 seconds
179.955: [GC [PSYoungGen: 48640K->6656K(48640K)] 150210K->108578K(159744K), 0.0021600 secs] [Times: user=0.01 sys=0.00, real=0.00 secs] 
179.958: Total time for which application threads were stopped: 0.0039470 seconds, Stopping threads took: 0.0017010 seconds
179.999: Application time: 0.0414180 seconds
180.000: [GC [PSYoungGen: 48640K->4352K(48640K)] 150562K->106298K(159744K), 0.0017390 secs] [Times: user=0.01 sys=0.00, real=0.00 secs] 
180.002: Total time for which application threads were stopped: 0.0028860 seconds, Stopping threads took: 0.0010760 seconds
180.042: Application time: 0.0396740 seconds
180.043: [GC [PSYoungGen: 46336K->6656K(48640K)] 148282K->109570K(159744K), 0.0023860 secs] [Times: user=0.01 sys=0.00, real=0.00 secs] 
180.046: Total time for which application threads were stopped: 0.0041100 seconds, Stopping threads took: 0.0016390 seconds
180.085: Application time: 0.0394650 seconds
180.087: [GC [PSYoungGen: 48640K->6656K(48640K)] 151554K->109730K(159744K), 0.0021420 secs] [Times: user=0.01 sys=0.00, real=0.00 secs] 
180.089: Total time for which application threads were stopped: 0.0036040 seconds, Stopping threads took: 0.0013810 seconds
180.128: Application time: 0.0395330 seconds
180.130: [GC [PSYoungGen: 48640K->6272K(48640K)] 151714K->109346K(159744K), 0.0019630 secs] [Times: user=0.01 sys=0.00, real=0.01 secs] 
180.132: Total time for which application threads were stopped: 0.0035610 seconds, Stopping threads took: 0.0015040 seconds
180.173: Application time: 0.0406140 seconds
180.175: [GC [PSYoungGen: 48256K->6592K(48640K)] 151330K->109666K(159744K), 0.0022640 secs] [Times: user=0.01 sys=0.00, real=0.00 secs] 
180.177: Total time for which application threads were stopped: 0.0046740 seconds, Stopping threads took: 0.0023220 seconds
180.219: Application time: 0.0415020 seconds
180.220: [GC [PSYoungGen: 48576K->5808K(48640K)] 151650K->108882K(159744K), 0.0020220 secs] [Times: user=0.01 sys=0.00, real=0.00 secs] 
180.222: Total time for which application threads were stopped: 0.0033740 seconds, Stopping threads took: 0.0012610 seconds
180.264: Application time: 0.0413900 seconds
180.265: [GC [PSYoungGen: 47792K->5152K(48640K)] 150866K->108226K(159744K), 0.0017990 secs] [Times: user=0.01 sys=0.00, real=0.00 secs] 
180.266: Total time for which application threads were stopped: 0.0028890 seconds, Stopping threads took: 0.0010100 seconds
180.306: Application time: 0.0393080 seconds
180.308: [GC [PSYoungGen: 47136K->6656K(48640K)] 150210K->110626K(159744K), 0.0025660 secs] [Times: user=0.02 sys=0.00, real=0.00 secs] 
180.310: Total time for which application threads were stopped: 0.0043650 seconds, Stopping threads took: 0.0017170 seconds
180.349: Application time: 0.0392220 seconds
180.352: [GC [PSYoungGen: 48640K->6656K(48640K)] 152610K->111234K(159744K), 0.0024500 secs] [Times: user=0.01 sys=0.00, real=0.00 secs] 
180.355: Total time for which application threads were stopped: 0.0055530 seconds, Stopping threads took: 0.0030020 seconds
180.394: Application time: 0.0392260 seconds
180.396: [GC [PSYoungGen: 48640K->6640K(48640K)] 153218K->111578K(159744K), 0.0021600 secs] [Times: user=0.01 sys=0.00, real=0.00 secs] 
180.398: Total time for which application threads were stopped: 0.0042610 seconds, Stopping threads took: 0.0020230 seconds
180.437: Application time: 0.0390070 seconds
180.441: [GC [PSYoungGen: 48624K->6640K(48640K)] 153562K->112002K(159744K), 0.0022610 secs] [Times: user=0.02 sys=0.00, real=0.00 secs] 
180.443: Total time for which application threads were stopped: 0.0054710 seconds, Stopping threads took: 0.0031230 seconds
180.484: Application time: 0.0408980 seconds
180.485: [GC [PSYoungGen: 48624K->5648K(48640K)] 153986K->111018K(159744K), 0.0022470 secs] [Times: user=0.01 sys=0.00, real=0.00 secs] 
180.488: Total time for which application threads were stopped: 0.0038620 seconds, Stopping threads took: 0.0015180 seconds
180.528: Application time: 0.0398860 seconds
180.530: [GC [PSYoungGen: 47632K->6656K(48640K)] 153002K->112402K(159744K), 0.0023890 secs] [Times: user=0.02 sys=0.00, real=0.01 secs] 
180.532: Total time for which application threads were stopped: 0.0045620 seconds, Stopping threads took: 0.0020880 seconds
180.571: Application time: 0.0384490 seconds
180.573: [GC [PSYoungGen: 48638K->6640K(48640K)] 154385K->113090K(159744K), 0.0022390 secs] [Times: user=0.01 sys=0.00, real=0.00 secs] 
180.575: Total time for which application threads were stopped: 0.0044660 seconds, Stopping threads took: 0.0021420 seconds
180.615: Application time: 0.0400510 seconds
180.617: [GC [PSYoungGen: 48622K->6624K(48640K)] 155072K->114034K(159744K), 0.0025300 secs] [Times: user=0.02 sys=0.00, real=0.00 secs] 
180.620: Total time for which application threads were stopped: 0.0044720 seconds, Stopping threads took: 0.0018570 seconds
180.659: Application time: 0.0399290 seconds
180.661: [GC [PSYoungGen: 48608K->6432K(48640K)] 156018K->113842K(159744K), 0.0020030 secs] [Times: user=0.02 sys=0.00, real=0.01 secs] 
180.663: Total time for which application threads were stopped: 0.0039150 seconds, Stopping threads took: 0.0018230 seconds
180.703: Application time: 0.0393190 seconds
180.704: [GC [PSYoungGen: 48416K->6656K(48640K)] 155826K->114626K(159744K), 0.0022260 secs] [Times: user=0.01 sys=0.00, real=0.00 secs] 
180.706: Total time for which application threads were stopped: 0.0034480 seconds, Stopping threads took: 0.0011390 seconds
180.746: Application time: 0.0396400 seconds
180.746: [GC [PSYoungGen: 48640K->6640K(48640K)] 156610K->114634K(159744K), 0.0020650 secs] [Times: user=0.02 sys=0.00, real=0.00 secs] 
180.748: Total time for which application threads were stopped: 0.0026920 seconds, Stopping threads took: 0.0005450 seconds
180.788: Application time: 0.0390360 seconds
180.789: [GC [PSYoungGen: 48624K->6656K(48640K)] 156618K->115946K(159744K), 0.0025040 secs] [Times: user=0.02 sys=0.00, real=0.01 secs] 
180.792: Total time for which application threads were stopped: 0.0041850 seconds, Stopping threads took: 0.0015980 seconds
180.832: Application time: 0.0402000 seconds
180.834: [GC [PSYoungGen: 48640K->6656K(48640K)] 157930K->116658K(159744K), 0.0023270 secs] [Times: user=0.01 sys=0.00, real=0.00 secs] 
180.837: [Full GC [PSYoungGen: 6656K->0K(48640K)] [ParOldGen: 110002K->10106K(111104K)] 116658K->10106K(159744K) [PSPermGen: 5185K->5182K(21504K)], 0.0069600 secs] [Times: user=0.03 sys=0.00, real=0.01 secs] 
180.844: Total time for which application threads were stopped: 0.0116460 seconds, Stopping threads took: 0.0022190 seconds
180.886: Application time: 0.0419780 seconds
180.887: [GC [PSYoungGen: 41984K->6640K(48640K)] 52090K->16946K(159744K), 0.0021590 secs] [Times: user=0.02 sys=0.00, real=0.00 secs] 
180.889: Total time for which application threads were stopped: 0.0038540 seconds, Stopping threads took: 0.0016170 seconds
180.930: Application time: 0.0403300 seconds
180.932: [GC [PSYoungGen: 48624K->6640K(48640K)] 58930K->17050K(159744K), 0.0020360 secs] [Times: user=0.01 sys=0.00, real=0.00 secs] 
180.934: Total time for which application threads were stopped: 0.0044660 seconds, Stopping threads took: 0.0023170 seconds
180.973: Application time: 0.0386710 seconds
180.975: [GC [PSYoungGen: 48624K->6640K(48640K)] 59034K->18050K(159744K), 0.0022930 secs] [Times: user=0.02 sys=0.00, real=0.00 secs] 
180.977: Total time for which application threads were stopped: 0.0041830 seconds, Stopping threads took: 0.0018060 seconds
181.016: Application time: 0.0386110 seconds
181.018: [GC [PSYoungGen: 48624K->6656K(48640K)] 60034K->18822K(159744K), 0.0022400 secs] [Times: user=0.01 sys=0.00, real=0.00 secs] 
181.020: Total time for which application threads were stopped: 0.0043760 seconds, Stopping threads took: 0.0020540 seconds
181.059: Application time: 0.0386320 seconds
181.060: [GC [PSYoungGen: 48640K->6656K(48640K)] 60806K->19134K(159744K), 0.0020450 secs] [Times: user=0.01 sys=0.00, real=0.00 secs] 
181.062: Total time for which application threads were stopped: 0.0037140 seconds, Stopping threads took: 0.0015900 seconds
181.102: Application time: 0.0397220 seconds
181.104: [GC [PSYoungGen: 48640K->6624K(48640K)] 61118K->19854K(159744K), 0.0021660 secs] [Times: user=0.02 sys=0.00, real=0.00 secs] 
181.106: Total time for which application threads were stopped: 0.0040880 seconds, Stopping threads took: 0.0018380 seconds
181.147: Application time: 0.0407810 seconds
181.149: [GC [PSYoungGen: 48608K->6640K(48640K)] 61838K->20006K(159744K), 0.0020260 secs] [Times: user=0.02 sys=0.00, real=0.00 secs] 
181.151: Total time for which application threads were stopped: 0.0038090 seconds, Stopping threads took: 0.0017040 seconds
181.192: Application time: 0.0408780 seconds
181.193: [GC [PSYoungGen: 48624K->5632K(48640K)] 61990K->18998K(159744K), 0.0017980 secs] [Times: user=0.01 sys=0.00, real=0.00 secs] 
181.195: Total time for which application threads were stopped: 0.0035380 seconds, Stopping threads took: 0.0016480 seconds
181.236: Application time: 0.0408270 seconds
181.237: [GC [PSYoungGen: 47616K->5664K(48640K)] 60982K->19030K(159744K), 0.0016920 secs] [Times: user=0.01 sys=0.00, real=0.00 secs] 
181.239: Total time for which application threads were stopped: 0.0030520 seconds, Stopping threads took: 0.0012840 seconds
181.280: Application time: 0.0409010 seconds
181.281: [GC [PSYoungGen: 47648K->6464K(48640K)] 61014K->19830K(159744K), 0.0019570 secs] [Times: user=0.02 sys=0.00, real=0.00 secs] 
181.283: Total time for which application threads were stopped: 0.0028680 seconds, Stopping threads took: 0.0008320 seconds
181.323: Application time: 0.0402830 seconds
181.325: [GC [PSYoungGen: 48448K->6640K(48640K)] 61814K->21222K(159744K), 0.0023660 secs] [Times: user=0.02 sys=0.00, real=0.00 secs] 
181.327: Total time for which application threads were stopped: 0.0038320 seconds, Stopping threads took: 0.0013840 seconds
181.368: Application time: 0.0407430 seconds
181.370: [GC [PSYoungGen: 48624K->6624K(48640K)] 63206K->21230K(159744K), 0.0019280 secs] [Times: user=0.01 sys=0.00, real=0.01 secs] 
181.372: Total time for which application threads were stopped: 0.0038110 seconds, Stopping threads took: 0.0018060 seconds
181.410: Application time: 0.0381110 seconds
181.411: [GC [PSYoungGen: 48608K->6624K(48640K)] 63214K->21638K(159744K), 0.0021340 secs] [Times: user=0.02 sys=0.00, real=0.01 secs] 
181.413: Total time for which application threads were stopped: 0.0032510 seconds, Stopping threads took: 0.0010350 seconds
181.451: Application time: 0.0376960 seconds
181.452: [GC [PSYoungGen: 48607K->5952K(48640K)] 63622K->20966K(159744K), 0.0017720 secs] [Times: user=0.01 sys=0.00, real=0.00 secs] 
181.454: Total time for which application threads were stopped: 0.0030930 seconds, Stopping threads took: 0.0012480 seconds
181.493: Application time: 0.0392550 seconds
181.493: [GC [PSYoungGen: 47936K->6640K(48640K)] 62950K->21782K(159744K), 0.0021110 secs] [Times: user=0.01 sys=0.00, real=0.00 secs] 
181.496: Total time for which application threads were stopped: 0.0026300 seconds, Stopping threads took: 0.0004410 seconds
181.534: Application time: 0.0383390 seconds
181.536: [GC [PSYoungGen: 48624K->6656K(48640K)] 63766K->23130K(159744K), 0.0024200 secs] [Times: user=0.02 sys=0.00, real=0.00 secs] 
181.538: Total time for which application threads were stopped: 0.0043570 seconds, Stopping threads took: 0.0018560 seconds
181.576: Application time: 0.0373160 seconds
181.578: [GC [PSYoungGen: 48640K->6656K(48640K)] 65114K->24314K(159744K), 0.0022630 secs] [Times: user=0.02 sys=0.00, real=0.00 secs] 
181.581: Total time for which application threads were stopped: 0.0052010 seconds, Stopping threads took: 0.0028540 seconds
181.620: Application time: 0.0391480 seconds
181.621: [GC [PSYoungGen: 48640K->6656K(48640K)] 66298K->24986K(159744K), 0.0021200 secs] [Times: user=0.02 sys=0.00, real=0.00 secs] 
181.623: Total time for which application threads were stopped: 0.0029630 seconds, Stopping threads took: 0.0007670 seconds
181.661: Application time: 0.0378110 seconds
181.662: [GC [PSYoungGen: 48640K->6656K(48640K)] 66970K->26050K(159744K), 0.0022180 secs] [Times: user=0.01 sys=0.00, real=0.01 secs] 
181.664: Total time for which application threads were stopped: 0.0036020 seconds, Stopping threads took: 0.0013040 seconds
181.702: Application time: 0.0379180 seconds
181.704: [GC [PSYoungGen: 48640K->6640K(48640K)] 68034K->26058K(159744K), 0.0019070 secs] [Times: user=0.02 sys=0.00, real=0.00 secs] 
181.706: Total time for which application threads were stopped: 0.0036970 seconds, Stopping threads took: 0.0017020 seconds
181.745: Application time: 0.0392650 seconds
181.747: [GC [PSYoungGen: 48624K->6656K(48640K)] 68042K->26930K(159744K), 0.0021980 secs] [Times: user=0.01 sys=0.00, real=0.00 secs] 
181.749: Total time for which application threads were stopped: 0.0037670 seconds, Stopping threads took: 0.0014900 seconds
181.787: Application time: 0.0383400 seconds
181.788: [GC [PSYoungGen: 48640K->6656K(48640K)] 68914K->28210K(159744K), 0.0022890 secs] [Times: user=0.02 sys=0.00, real=0.00 secs] 
181.791: Total time for which application threads were stopped: 0.0033810 seconds, Stopping threads took: 0.0010120 seconds
181.828: Application time: 0.0371540 seconds
181.829: [GC [PSYoungGen: 48640K->6656K(48640K)] 70194K->28354K(159744K), 0.0020210 secs] [Times: user=0.01 sys=0.00, real=0.01 secs] 
181.831: Total time for which application threads were stopped: 0.0035660 seconds, Stopping threads took: 0.0014630 seconds
181.870: Application time: 0.0382710 seconds
181.872: [GC [PSYoungGen: 48640K->6656K(48640K)] 70338K->28442K(159744K), 0.0020010 secs] [Times: user=0.01 sys=0.00, real=0.00 secs] 
181.874: Total time for which application threads were stopped: 0.0038960 seconds, Stopping threads took: 0.0018130 seconds
181.911: Application time: 0.0375580 seconds
181.913: [GC [PSYoungGen: 48640K->6624K(48640K)] 70426K->28410K(159744K), 0.0020000 secs] [Times: user=0.02 sys=0.00, real=0.00 secs] 
181.915: Total time for which application threads were stopped: 0.0037380 seconds, Stopping threads took: 0.0016580 seconds
181.952: Application time: 0.0371430 seconds
181.953: [GC [PSYoungGen: 48608K->6640K(48640K)] 70394K->29218K(159744K), 0.0022360 secs] [Times: user=0.01 sys=0.00, real=0.00 secs] 
181.956: Total time for which application threads were stopped: 0.0034620 seconds, Stopping threads took: 0.0011430 seconds
181.993: Application time: 0.0371660 seconds
181.994: [GC [PSYoungGen: 48624K->6656K(48640K)] 71202K->29650K(159744K), 0.0021280 secs] [Times: user=0.01 sys=0.00, real=0.00 secs] 
181.997: Total time for which application threads were stopped: 0.0038150 seconds, Stopping threads took: 0.0016020 seconds
182.034: Application time: 0.0375910 seconds
182.036: [GC [PSYoungGen: 48640K->6640K(48640K)] 71634K->30998K(159744K), 0.0025290 secs] [Times: user=0.01 sys=0.00, real=0.00 secs] 
182.039: Total time for which application threads were stopped: 0.0047730 seconds, Stopping threads took: 0.0021620 seconds
182.077: Application time: 0.0376920 seconds
182.078: [GC [PSYoungGen: 48624K->6624K(48640K)] 72982K->31742K(159744K), 0.0021490 secs] [Times: user=0.02 sys=0.00, real=0.00 secs] 
182.081: Total time for which application threads were stopped: 0.0040010 seconds, Stopping threads took: 0.0017610 seconds
182.119: Application time: 0.0389020 seconds
182.120: [GC [PSYoungGen: 48608K->5920K(48640K)] 73726K->31046K(159744K), 0.0018230 secs] [Times: user=0.01 sys=0.00, real=0.00 secs] 
182.122: Total time for which application threads were stopped: 0.0028440 seconds, Stopping threads took: 0.0009490 seconds
182.162: Application time: 0.0396000 seconds
182.164: [GC [PSYoungGen: 47904K->6400K(48640K)] 73030K->31534K(159744K), 0.0018490 secs] [Times: user=0.02 sys=0.00, real=0.00 secs] 
182.166: Total time for which application threads were stopped: 0.0036310 seconds, Stopping threads took: 0.0017070 seconds
182.201: Application time: 0.0355630 seconds
182.204: [GC [PSYoungGen: 48384K->6624K(48640K)] 73518K->31838K(159744K), 0.0021690 secs] [Times: user=0.02 sys=0.00, real=0.00 secs] 
182.206: Total time for which application threads were stopped: 0.0046170 seconds, Stopping threads took: 0.0023670 seconds
182.242: Application time: 0.0364130 seconds
182.244: [GC [PSYoungGen: 48608K->6656K(48640K)] 73822K->33094K(159744K), 0.0024590 secs] [Times: user=0.02 sys=0.00, real=0.00 secs] 
182.247: Total time for which application threads were stopped: 0.0043920 seconds, Stopping threads took: 0.0018450 seconds
182.283: Application time: 0.0368870 seconds
182.285: [GC [PSYoungGen: 48640K->6624K(48640K)] 75078K->33718K(159744K), 0.0022030 secs] [Times: user=0.01 sys=0.00, real=0.00 secs] 
182.288: Total time for which application threads were stopped: 0.0040720 seconds, Stopping threads took: 0.0017870 seconds
182.324: Application time: 0.0367670 seconds
182.326: [GC [PSYoungGen: 48608K->6656K(48640K)] 75702K->34815K(159744K), 0.0023100 secs] [Times: user=0.02 sys=0.00, real=0.00 secs] 
182.328: Total time for which application threads were stopped: 0.0039750 seconds, Stopping threads took: 0.0015840 seconds
182.366: Application time: 0.0376940 seconds
182.367: [GC [PSYoungGen: 48639K->6016K(48640K)] 76798K->34175K(159744K), 0.0018090 secs] [Times: user=0.01 sys=0.00, real=0.00 secs] 
182.369: Total time for which application threads were stopped: 0.0032930 seconds, Stopping threads took: 0.0014050 seconds
182.406: Application time: 0.0364130 seconds
182.407: [GC [PSYoungGen: 48000K->6640K(48640K)] 76159K->35303K(159744K), 0.0022100 secs] [Times: user=0.01 sys=0.00, real=0.00 secs] 
182.410: Total time for which application threads were stopped: 0.0039460 seconds, Stopping threads took: 0.0016540 seconds
182.447: Application time: 0.0375660 seconds
182.448: [GC [PSYoungGen: 48624K->6656K(48640K)] 77287K->36183K(159744K), 0.0022070 secs] [Times: user=0.01 sys=0.00, real=0.00 secs] 
182.451: Total time for which application threads were stopped: 0.0035140 seconds, Stopping threads took: 0.0012260 seconds
182.488: Application time: 0.0369460 seconds
182.490: [GC [PSYoungGen: 48640K->6624K(48640K)] 78167K->37471K(159744K), 0.0023570 secs] [Times: user=0.01 sys=0.00, real=0.01 secs] 
182.493: Total time for which application threads were stopped: 0.0049020 seconds, Stopping threads took: 0.0024640 seconds
182.531: Application time: 0.0387220 seconds
182.532: [GC [PSYoungGen: 48608K->5472K(48640K)] 79455K->36327K(159744K), 0.0016060 secs] [Times: user=0.01 sys=0.00, real=0.00 secs] 
182.534: Total time for which application threads were stopped: 0.0025220 seconds, Stopping threads took: 0.0008420 seconds
182.572: Application time: 0.0380760 seconds
182.574: [GC [PSYoungGen: 47456K->6320K(48640K)] 78311K->37183K(159744K), 0.0018870 secs] [Times: user=0.01 sys=0.00, real=0.00 secs] 
182.576: Total time for which application threads were stopped: 0.0036470 seconds, Stopping threads took: 0.0016840 seconds
182.613: Application time: 0.0371460 seconds
182.614: [GC [PSYoungGen: 48304K->6640K(48640K)] 79167K->37823K(159744K), 0.0020970 secs] [Times: user=0.01 sys=0.00, real=0.00 secs] 
182.616: Total time for which application threads were stopped: 0.0038010 seconds, Stopping threads took: 0.0016260 seconds
182.653: Application time: 0.0369330 seconds
182.655: [GC [PSYoungGen: 48624K->5936K(48640K)] 79807K->37127K(159744K), 0.0017880 secs] [Times: user=0.01 sys=0.01, real=0.00 secs] 
182.657: Total time for which application threads were stopped: 0.0035310 seconds, Stopping threads took: 0.0016640 seconds
182.695: Application time: 0.0377540 seconds
182.696: [GC [PSYoungGen: 47920K->6640K(48640K)] 79111K->37967K(159744K), 0.0019990 secs] [Times: user=0.01 sys=0.00, real=0.00 secs] 
182.698: Total time for which application threads were stopped: 0.0036890 seconds, Stopping threads took: 0.0016090 seconds
182.736: Application time: 0.0373460 seconds
182.737: [GC [PSYoungGen: 48624K->6656K(48640K)] 79951K->39495K(159744K), 0.0023740 secs] [Times: user=0.01 sys=0.00, real=0.00 secs] 
182.740: Total time for which application threads were stopped: 0.0041730 seconds, Stopping threads took: 0.0017180 seconds
182.777: Application time: 0.0375630 seconds
182.779: [GC [PSYoungGen: 48640K->6656K(48640K)] 81479K->39719K(159744K), 0.0020170 secs] [Times: user=0.01 sys=0.00, real=0.00 secs] 
182.781: Total time for which application threads were stopped: 0.0034840 seconds, Stopping threads took: 0.0013780 seconds
182.820: Application time: 0.0393930 seconds
182.822: [GC [PSYoungGen: 48640K->4960K(48640K)] 81703K->38023K(159744K), 0.0015460 secs] [Times: user=0.01 sys=0.00, real=0.01 secs] 
182.823: Total time for which application threads were stopped: 0.0028330 seconds, Stopping threads took: 0.0012170 seconds
182.863: Application time: 0.0397580 seconds
182.865: [GC [PSYoungGen: 46944K->4992K(48640K)] 80007K->38055K(159744K), 0.0014440 secs] [Times: user=0.01 sys=0.00, real=0.00 secs] 
182.866: Total time for which application threads were stopped: 0.0031610 seconds, Stopping threads took: 0.0016480 seconds
182.905: Application time: 0.0390960 seconds
182.908: [GC [PSYoungGen: 46976K->5728K(48640K)] 80039K->38791K(159744K), 0.0017220 secs] [Times: user=0.01 sys=0.00, real=0.00 secs] 
182.910: Total time for which application threads were stopped: 0.0045020 seconds, Stopping threads took: 0.0027040 seconds
182.947: Application time: 0.0371970 seconds
182.948: [GC [PSYoungGen: 47712K->6640K(48640K)] 80775K->39999K(159744K), 0.0020450 secs] [Times: user=0.01 sys=0.00, real=0.00 secs] 
182.950: Total time for which application threads were stopped: 0.0029330 seconds, Stopping threads took: 0.0008130 seconds
182.988: Application time: 0.0376590 seconds
182.990: [GC [PSYoungGen: 48624K->6624K(48640K)] 81983K->40135K(159744K), 0.0020970 secs] [Times: user=0.01 sys=0.00, real=0.01 secs] 
182.992: Total time for which application threads were stopped: 0.0041600 seconds, Stopping threads took: 0.0019850 seconds
183.029: Application time: 0.0370940 seconds
183.030: [GC [PSYoungGen: 48608K->6656K(48640K)] 82119K->41119K(159744K), 0.0023280 secs] [Times: user=0.01 sys=0.00, real=0.01 secs] 
183.033: Total time for which application threads were stopped: 0.0038310 seconds, Stopping threads took: 0.0014210 seconds
183.068: Application time: 0.0357640 seconds
183.070: [GC [PSYoungGen: 48640K->6656K(48640K)] 83103K->42375K(159744K), 0.0023660 secs] [Times: user=0.01 sys=0.00, real=0.01 secs] 
183.073: Total time for which application threads were stopped: 0.0045420 seconds, Stopping threads took: 0.0020900 seconds
183.110: Application time: 0.0368510 seconds
183.112: [GC [PSYoungGen: 48640K->6656K(48640K)] 84359K->43663K(159744K), 0.0023540 secs] [Times: user=0.02 sys=0.00, real=0.00 secs] 
183.115: Total time for which application threads were stopped: 0.0047480 seconds, Stopping threads took: 0.0023120 seconds
183.153: Application time: 0.0389730 seconds
183.154: [GC [PSYoungGen: 48640K->5472K(48640K)] 85647K->42479K(159744K), 0.0016530 secs] [Times: user=0.01 sys=0.00, real=0.00 secs] 
183.156: Total time for which application threads were stopped: 0.0026130 seconds, Stopping threads took: 0.0008860 seconds
183.196: Application time: 0.0396290 seconds
183.197: [GC [PSYoungGen: 47456K->4896K(48640K)] 84463K->41911K(159744K), 0.0014160 secs] [Times: user=0.01 sys=0.00, real=0.00 secs] 
183.199: Total time for which application threads were stopped: 0.0030120 seconds, Stopping threads took: 0.0015180 seconds
183.238: Application time: 0.0396210 seconds
183.241: [GC [PSYoungGen: 46880K->5424K(48640K)] 83895K->42447K(159744K), 0.0016600 secs] [Times: user=0.01 sys=0.00, real=0.00 secs] 
183.242: Total time for which application threads were stopped: 0.0040050 seconds, Stopping threads took: 0.0022730 seconds
183.280: Application time: 0.0380300 seconds
183.282: [GC [PSYoungGen: 47406K->6048K(48640K)] 84430K->43071K(159744K), 0.0019020 secs] [Times: user=0.01 sys=0.00, real=0.01 secs] 
183.284: Total time for which application threads were stopped: 0.0031710 seconds, Stopping threads took: 0.0011780 seconds
183.321: Application time: 0.0374630 seconds
183.323: [GC [PSYoungGen: 48032K->6656K(48640K)] 85055K->44847K(159744K), 0.0022810 secs] [Times: user=0.01 sys=0.00, real=0.01 secs] 
183.325: Total time for which application threads were stopped: 0.0040880 seconds, Stopping threads took: 0.0017250 seconds
183.362: Application time: 0.0370900 seconds
183.364: [GC [PSYoungGen: 48640K->6656K(48640K)] 86831K->45383K(159744K), 0.0021300 secs] [Times: user=0.01 sys=0.00, real=0.00 secs] 
183.366: Total time for which application threads were stopped: 0.0040170 seconds, Stopping threads took: 0.0018030 seconds
183.406: Application time: 0.0393970 seconds
183.408: [GC [PSYoungGen: 48640K->6144K(48640K)] 87367K->44871K(159744K), 0.0018100 secs] [Times: user=0.02 sys=0.00, real=0.00 secs] 
183.410: Total time for which application threads were stopped: 0.0046350 seconds, Stopping threads took: 0.0027540 seconds
183.450: Application time: 0.0395590 seconds
183.451: [GC [PSYoungGen: 48128K->6592K(48640K)] 86855K->45319K(159744K), 0.0019900 secs] [Times: user=0.01 sys=0.00, real=0.01 secs] 
183.453: Total time for which application threads were stopped: 0.0029260 seconds, Stopping threads took: 0.0008600 seconds
183.490: Application time: 0.0374730 seconds
183.492: [GC [PSYoungGen: 48576K->6656K(48640K)] 87303K->46047K(159744K), 0.0021080 secs] [Times: user=0.01 sys=0.00, real=0.00 secs] 
183.494: Total time for which application threads were stopped: 0.0040300 seconds, Stopping threads took: 0.0018430 seconds
183.534: Application time: 0.0397180 seconds
183.536: [GC [PSYoungGen: 48640K->6432K(48640K)] 88031K->45831K(159744K), 0.0018600 secs] [Times: user=0.02 sys=0.00, real=0.00 secs] 
183.538: Total time for which application threads were stopped: 0.0036000 seconds, Stopping threads took: 0.0016640 seconds
183.576: Application time: 0.0380870 seconds
183.578: [GC [PSYoungGen: 48416K->5184K(48640K)] 87815K->44591K(159744K), 0.0015380 secs] [Times: user=0.01 sys=0.00, real=0.00 secs] 
183.579: Total time for which application threads were stopped: 0.0034080 seconds, Stopping threads took: 0.0018010 seconds
183.616: Application time: 0.0369230 seconds
183.618: [GC [PSYoungGen: 47168K->6640K(48640K)] 86575K->46687K(159744K), 0.0021120 secs] [Times: user=0.01 sys=0.00, real=0.00 secs] 
183.620: Total time for which application threads were stopped: 0.0038100 seconds, Stopping threads took: 0.0016200 seconds
183.657: Application time: 0.0371550 seconds
183.659: [GC [PSYoungGen: 48624K->6336K(48640K)] 88671K->46391K(159744K), 0.0018510 secs] [Times: user=0.01 sys=0.00, real=0.00 secs] 
183.661: Total time for which application threads were stopped: 0.0037680 seconds, Stopping threads took: 0.0018370 seconds
183.698: Application time: 0.0374190 seconds
183.700: [GC [PSYoungGen: 48320K->6656K(48640K)] 88375K->46743K(159744K), 0.0020720 secs] [Times: user=0.01 sys=0.00, real=0.00 secs] 
183.702: Total time for which application threads were stopped: 0.0035560 seconds, Stopping threads took: 0.0014030 seconds
183.739: Application time: 0.0368600 seconds
183.741: [GC [PSYoungGen: 48640K->6048K(48640K)] 88727K->46143K(159744K), 0.0020350 secs] [Times: user=0.01 sys=0.00, real=0.01 secs] 
183.743: Total time for which application threads were stopped: 0.0046000 seconds, Stopping threads took: 0.0024610 seconds
183.780: Application time: 0.0368720 seconds
183.782: [GC [PSYoungGen: 48032K->6656K(48640K)] 88127K->46895K(159744K), 0.0020230 secs] [Times: user=0.01 sys=0.00, real=0.01 secs] 
183.784: Total time for which application threads were stopped: 0.0041550 seconds, Stopping threads took: 0.0020480 seconds
183.822: Application time: 0.0374100 seconds
183.823: [GC [PSYoungGen: 48640K->6384K(48640K)] 88879K->46623K(159744K), 0.0018880 secs] [Times: user=0.01 sys=0.00, real=0.00 secs] 
183.825: Total time for which application threads were stopped: 0.0035740 seconds, Stopping threads took: 0.0016080 seconds
183.862: Application time: 0.0371220 seconds
183.864: [GC [PSYoungGen: 48368K->6624K(48640K)] 88607K->46935K(159744K), 0.0020620 secs] [Times: user=0.01 sys=0.00, real=0.00 secs] 
183.866: Total time for which application threads were stopped: 0.0038650 seconds, Stopping threads took: 0.0017260 seconds
183.904: Application time: 0.0373650 seconds
183.905: [GC [PSYoungGen: 48608K->6640K(48640K)] 88919K->48439K(159744K), 0.0024490 secs] [Times: user=0.01 sys=0.00, real=0.00 secs] 
183.908: Total time for which application threads were stopped: 0.0042590 seconds, Stopping threads took: 0.0017250 seconds
183.947: Application time: 0.0393280 seconds
183.948: [GC [PSYoungGen: 48624K->5344K(48640K)] 90423K->47143K(159744K), 0.0016290 secs] [Times: user=0.01 sys=0.00, real=0.00 secs] 
183.950: Total time for which application threads were stopped: 0.0024530 seconds, Stopping threads took: 0.0007550 seconds
183.989: Application time: 0.0389100 seconds
183.990: [GC [PSYoungGen: 47328K->4672K(48640K)] 89127K->46471K(159744K), 0.0014240 secs] [Times: user=0.01 sys=0.00, real=0.01 secs] 
183.992: Total time for which application threads were stopped: 0.0032070 seconds, Stopping threads took: 0.0017150 seconds
184.029: Application time: 0.0374340 seconds
184.032: [GC [PSYoungGen: 46656K->6464K(48640K)] 88455K->48279K(159744K), 0.0019790 secs] [Times: user=0.01 sys=0.00, real=0.00 secs] 
184.034: Total time for which application threads were stopped: 0.0045760 seconds, Stopping threads took: 0.0025190 seconds
184.073: Application time: 0.0395720 seconds
184.075: [GC [PSYoungGen: 48448K->4368K(48640K)] 90263K->46191K(159744K), 0.0013390 secs] [Times: user=0.01 sys=0.00, real=0.00 secs] 
184.076: Total time for which application threads were stopped: 0.0031410 seconds, Stopping threads took: 0.0017350 seconds
184.115: Application time: 0.0389330 seconds
184.117: [GC [PSYoungGen: 46352K->4768K(48640K)] 88175K->46607K(159744K), 0.0014990 secs] [Times: user=0.01 sys=0.00, real=0.00 secs] 
184.119: Total time for which application threads were stopped: 0.0035910 seconds, Stopping threads took: 0.0020190 seconds
184.158: Application time: 0.0388690 seconds
184.159: [GC [PSYoungGen: 46752K->5568K(48640K)] 88591K->47415K(159744K), 0.0016250 secs] [Times: user=0.01 sys=0.00, real=0.00 secs] 
184.161: Total time for which application threads were stopped: 0.0030070 seconds, Stopping threads took: 0.0013020 seconds
184.198: Application time: 0.0373310 seconds
184.200: [GC [PSYoungGen: 47550K->5632K(48640K)] 89398K->47495K(159744K), 0.0016810 secs] [Times: user=0.01 sys=0.00, real=0.00 secs] 
184.202: Total time for which application threads were stopped: 0.0033050 seconds, Stopping threads took: 0.0015500 seconds
184.241: Application time: 0.0394970 seconds
184.242: [GC [PSYoungGen: 47616K->6656K(48640K)] 89479K->48535K(159744K), 0.0019210 secs] [Times: user=0.01 sys=0.00, real=0.01 secs] 
184.244: Total time for which application threads were stopped: 0.0032240 seconds, Stopping threads took: 0.0012240 seconds
184.284: Application time: 0.0396410 seconds
184.285: [GC [PSYoungGen: 48640K->5552K(48640K)] 90519K->47431K(159744K), 0.0016160 secs] [Times: user=0.01 sys=0.00, real=0.00 secs] 
184.287: Total time for which application threads were stopped: 0.0032150 seconds, Stopping threads took: 0.0015170 seconds
184.326: Application time: 0.0384590 seconds
184.327: [GC [PSYoungGen: 47536K->5392K(48640K)] 89415K->47271K(159744K), 0.0016220 secs] [Times: user=0.01 sys=0.00, real=0.00 secs] 
184.329: Total time for which application threads were stopped: 0.0031920 seconds, Stopping threads took: 0.0014850 seconds
184.369: Application time: 0.0399030 seconds
184.370: [GC [PSYoungGen: 47376K->6640K(48640K)] 89255K->48527K(159744K), 0.0021660 secs] [Times: user=0.01 sys=0.00, real=0.01 secs] 
184.372: Total time for which application threads were stopped: 0.0032240 seconds, Stopping threads took: 0.0009760 seconds
184.409: Application time: 0.0367270 seconds
184.411: [GC [PSYoungGen: 48624K->6640K(48640K)] 90511K->49999K(159744K), 0.0024760 secs] [Times: user=0.02 sys=0.00, real=0.01 secs] 
184.413: Total time for which application threads were stopped: 0.0044040 seconds, Stopping threads took: 0.0018460 seconds
184.452: Application time: 0.0386240 seconds
184.453: [GC [PSYoungGen: 48624K->5696K(48640K)] 91983K->49055K(159744K), 0.0017270 secs] [Times: user=0.01 sys=0.00, real=0.00 secs] 
184.455: Total time for which application threads were stopped: 0.0031110 seconds, Stopping threads took: 0.0013040 seconds
184.495: Application time: 0.0397480 seconds
184.496: [GC [PSYoungGen: 47680K->5056K(48640K)] 91039K->48415K(159744K), 0.0016630 secs] [Times: user=0.01 sys=0.00, real=0.00 secs] 
184.498: Total time for which application threads were stopped: 0.0032370 seconds, Stopping threads took: 0.0014800 seconds
184.537: Application time: 0.0388140 seconds
184.539: [GC [PSYoungGen: 47040K->5904K(48640K)] 90399K->49271K(159744K), 0.0018900 secs] [Times: user=0.01 sys=0.00, real=0.00 secs] 
184.540: Total time for which application threads were stopped: 0.0038590 seconds, Stopping threads took: 0.0018940 seconds
184.578: Application time: 0.0380600 seconds
184.580: [GC [PSYoungGen: 47888K->6624K(48640K)] 91255K->50515K(159744K), 0.0022070 secs] [Times: user=0.01 sys=0.00, real=0.00 secs] 
184.582: Total time for which application threads were stopped: 0.0038580 seconds, Stopping threads took: 0.0015720 seconds
184.621: Application time: 0.0384660 seconds
184.622: [GC [PSYoungGen: 48608K->6656K(48640K)] 92499K->51308K(159744K), 0.0021890 secs] [Times: user=0.01 sys=0.00, real=0.01 secs] 
184.624: Total time for which application threads were stopped: 0.0033310 seconds, Stopping threads took: 0.0010620 seconds
184.663: Application time: 0.0392670 seconds
184.664: [GC [PSYoungGen: 48638K->6640K(48640K)] 93290K->52160K(159744K), 0.0022270 secs] [Times: user=0.02 sys=0.00, real=0.00 secs] 
184.667: Total time for which application threads were stopped: 0.0033130 seconds, Stopping threads took: 0.0010050 seconds
184.706: Application time: 0.0391970 seconds
184.708: [GC [PSYoungGen: 48624K->5968K(48640K)] 94144K->51496K(159744K), 0.0019550 secs] [Times: user=0.01 sys=0.00, real=0.00 secs] 
184.710: Total time for which application threads were stopped: 0.0037280 seconds, Stopping threads took: 0.0016980 seconds
184.749: Application time: 0.0389990 seconds
184.751: [GC [PSYoungGen: 47952K->4960K(48640K)] 93480K->50504K(159744K), 0.0016040 secs] [Times: user=0.01 sys=0.00, real=0.01 secs] 
184.752: Total time for which application threads were stopped: 0.0035810 seconds, Stopping threads took: 0.0018850 seconds
184.788: Application time: 0.0355110 seconds
184.790: [GC [PSYoungGen: 46944K->6624K(48640K)] 92488K->53156K(159744K), 0.0022950 secs] [Times: user=0.01 sys=0.00, real=0.01 secs] 
184.792: Total time for which application threads were stopped: 0.0046560 seconds, Stopping threads took: 0.0022720 seconds
184.830: Application time: 0.0372350 seconds
184.831: [GC [PSYoungGen: 48608K->6560K(48640K)] 95140K->53092K(159744K), 0.0019840 secs] [Times: user=0.01 sys=0.00, real=0.00 secs] 
184.833: Total time for which application threads were stopped: 0.0035640 seconds, Stopping threads took: 0.0015000 seconds
184.871: Application time: 0.0378390 seconds
184.873: [GC [PSYoungGen: 48544K->5488K(48640K)] 95076K->52020K(159744K), 0.0016990 secs] [Times: user=0.01 sys=0.00, real=0.00 secs] 
184.875: Total time for which application threads were stopped: 0.0036410 seconds, Stopping threads took: 0.0018650 seconds
184.914: Application time: 0.0393030 seconds
184.915: [GC [PSYoungGen: 47472K->4752K(48640K)] 94004K->51292K(159744K), 0.0015230 secs] [Times: user=0.01 sys=0.00, real=0.00 secs] 
184.917: Total time for which application threads were stopped: 0.0027700 seconds, Stopping threads took: 0.0011790 seconds
184.955: Application time: 0.0385260 seconds
184.956: [GC [PSYoungGen: 46736K->6640K(48640K)] 93276K->53692K(159744K), 0.0020830 secs] [Times: user=0.02 sys=0.00, real=0.00 secs] 
184.958: Total time for which application threads were stopped: 0.0031350 seconds, Stopping threads took: 0.0009720 seconds
184.997: Application time: 0.0385560 seconds
184.998: [GC [PSYoungGen: 48624K->6432K(48640K)] 95676K->53484K(159744K), 0.0018880 secs] [Times: user=0.02 sys=0.00, real=0.00 secs] 
185.000: Total time for which application threads were stopped: 0.0032700 seconds, Stopping threads took: 0.0013040 seconds
185.038: Application time: 0.0381280 seconds
185.040: [GC [PSYoungGen: 48416K->6624K(48640K)] 95468K->54836K(159744K), 0.0022620 secs] [Times: user=0.01 sys=0.00, real=0.00 secs] 
185.042: Total time for which application threads were stopped: 0.0040230 seconds, Stopping threads took: 0.0016810 seconds
185.081: Application time: 0.0387340 seconds
185.083: [GC [PSYoungGen: 48608K->6640K(48640K)] 96820K->55284K(159744K), 0.0021840 secs] [Times: user=0.01 sys=0.00, real=0.01 secs] 
185.085: Total time for which application threads were stopped: 0.0041630 seconds, Stopping threads took: 0.0019010 seconds
185.123: Application time: 0.0380650 seconds
185.124: [GC [PSYoungGen: 48624K->5504K(48640K)] 97268K->54156K(159744K), 0.0016310 secs] [Times: user=0.01 sys=0.00, real=0.00 secs] 
185.126: Total time for which application threads were stopped: 0.0025000 seconds, Stopping threads took: 0.0007980 seconds
185.163: Application time: 0.0372020 seconds
185.164: [GC [PSYoungGen: 47488K->6640K(48640K)] 96140K->55700K(159744K), 0.0021660 secs] [Times: user=0.02 sys=0.00, real=0.00 secs] 
185.167: Total time for which application threads were stopped: 0.0035240 seconds, Stopping threads took: 0.0012790 seconds
185.204: Application time: 0.0374990 seconds
185.205: [GC [PSYoungGen: 48624K->6640K(48640K)] 97684K->56052K(159744K), 0.0020950 secs] [Times: user=0.02 sys=0.00, real=0.00 secs] 
185.208: Total time for which application threads were stopped: 0.0034280 seconds, Stopping threads took: 0.0012490 seconds
185.247: Application time: 0.0391350 seconds
185.249: [GC [PSYoungGen: 48624K->4096K(48640K)] 98036K->53516K(159744K), 0.0012140 secs] [Times: user=0.01 sys=0.00, real=0.00 secs] 
185.251: Total time for which application threads were stopped: 0.0038450 seconds, Stopping threads took: 0.0025660 seconds
185.288: Application time: 0.0369970 seconds
185.289: [GC [PSYoungGen: 46080K->6624K(48640K)] 95500K->56476K(159744K), 0.0021050 secs] [Times: user=0.01 sys=0.00, real=0.01 secs] 
185.291: Total time for which application threads were stopped: 0.0038650 seconds, Stopping threads took: 0.0016770 seconds
185.329: Application time: 0.0375210 seconds
185.332: [GC [PSYoungGen: 48608K->6384K(48640K)] 98460K->56236K(159744K), 0.0017990 secs] [Times: user=0.01 sys=0.00, real=0.00 secs] 
185.334: Total time for which application threads were stopped: 0.0047010 seconds, Stopping threads took: 0.0028150 seconds
185.370: Application time: 0.0363240 seconds
185.372: [GC [PSYoungGen: 48368K->6640K(48640K)] 98220K->57492K(159744K), 0.0023040 secs] [Times: user=0.01 sys=0.00, real=0.00 secs] 
185.374: Total time for which application threads were stopped: 0.0043830 seconds, Stopping threads took: 0.0019970 seconds
185.413: Application time: 0.0384670 seconds
185.415: [GC [PSYoungGen: 48624K->6640K(48640K)] 99476K->57988K(159744K), 0.0022080 secs] [Times: user=0.02 sys=0.00, real=0.00 secs] 
185.418: Total time for which application threads were stopped: 0.0047950 seconds, Stopping threads took: 0.0024830 seconds
185.457: Application time: 0.0398850 seconds
185.459: [GC [PSYoungGen: 48624K->6656K(48640K)] 99972K->58776K(159744K), 0.0023700 secs] [Times: user=0.02 sys=0.00, real=0.00 secs] 
185.462: Total time for which application threads were stopped: 0.0043190 seconds, Stopping threads took: 0.0018350 seconds
185.504: Application time: 0.0418340 seconds
185.506: [GC [PSYoungGen: 48640K->6640K(48640K)] 100760K->58840K(159744K), 0.0020650 secs] [Times: user=0.02 sys=0.00, real=0.00 secs] 
185.508: Total time for which application threads were stopped: 0.0045390 seconds, Stopping threads took: 0.0023910 seconds
185.549: Application time: 0.0403540 seconds
185.551: [GC [PSYoungGen: 48624K->6640K(48640K)] 100824K->59312K(159744K), 0.0020770 secs] [Times: user=0.01 sys=0.00, real=0.01 secs] 
185.553: Total time for which application threads were stopped: 0.0042250 seconds, Stopping threads took: 0.0020610 seconds
185.593: Application time: 0.0405140 seconds
185.594: [GC [PSYoungGen: 48624K->6416K(48640K)] 101296K->59104K(159744K), 0.0019520 secs] [Times: user=0.02 sys=0.00, real=0.00 secs] 
185.596: Total time for which application threads were stopped: 0.0030670 seconds, Stopping threads took: 0.0010340 seconds
185.637: Application time: 0.0403230 seconds
185.639: [GC [PSYoungGen: 48400K->6656K(48640K)] 101088K->60192K(159744K), 0.0022420 secs] [Times: user=0.01 sys=0.00, real=0.00 secs] 
185.641: Total time for which application threads were stopped: 0.0041080 seconds, Stopping threads took: 0.0017800 seconds
185.681: Application time: 0.0406750 seconds
185.683: [GC [PSYoungGen: 48640K->5424K(48640K)] 102176K->58976K(159744K), 0.0017110 secs] [Times: user=0.01 sys=0.00, real=0.01 secs] 
185.684: Total time for which application threads were stopped: 0.0028480 seconds, Stopping threads took: 0.0010620 seconds
185.723: Application time: 0.0389890 seconds
185.726: [GC [PSYoungGen: 47408K->6640K(48640K)] 100960K->60712K(159744K), 0.0022810 secs] [Times: user=0.02 sys=0.00, real=0.00 secs] 
185.728: Total time for which application threads were stopped: 0.0047910 seconds, Stopping threads took: 0.0024300 seconds
185.768: Application time: 0.0401840 seconds
185.770: [GC [PSYoungGen: 48624K->6640K(48640K)] 102696K->61500K(159744K), 0.0021970 secs] [Times: user=0.01 sys=0.00, real=0.01 secs] 
185.772: Total time for which application threads were stopped: 0.0037050 seconds, Stopping threads took: 0.0014250 seconds
185.813: Application time: 0.0408550 seconds
185.814: [GC [PSYoungGen: 48624K->6640K(48640K)] 103484K->61644K(159744K), 0.0021550 secs] [Times: user=0.01 sys=0.00, real=0.00 secs] 
185.816: Total time for which application threads were stopped: 0.0034060 seconds, Stopping threads took: 0.0011690 seconds
185.857: Application time: 0.0410200 seconds
185.859: [GC [PSYoungGen: 48624K->6368K(48640K)] 103628K->61372K(159744K), 0.0018680 secs] [Times: user=0.02 sys=0.00, real=0.00 secs] 
185.861: Total time for which application threads were stopped: 0.0035190 seconds, Stopping threads took: 0.0015670 seconds
185.901: Application time: 0.0401100 seconds
185.904: [GC [PSYoungGen: 48352K->6640K(48640K)] 103356K->62140K(159744K), 0.0021270 secs] [Times: user=0.02 sys=0.00, real=0.00 secs] 
185.906: Total time for which application threads were stopped: 0.0051170 seconds, Stopping threads took: 0.0029050 seconds
185.945: Application time: 0.0392810 seconds
185.947: [GC [PSYoungGen: 48624K->6080K(48640K)] 104124K->61580K(159744K), 0.0018620 secs] [Times: user=0.00 sys=0.01, real=0.00 secs] 
185.949: Total time for which application threads were stopped: 0.0036370 seconds, Stopping threads took: 0.0016920 seconds
185.987: Application time: 0.0375980 seconds
185.989: [GC [PSYoungGen: 48064K->6624K(48640K)] 103564K->63300K(159744K), 0.0023050 secs] [Times: user=0.01 sys=0.00, real=0.01 secs] 
185.992: Total time for which application threads were stopped: 0.0052050 seconds, Stopping threads took: 0.0028170 seconds
186.032: Application time: 0.0402080 seconds
186.035: [GC [PSYoungGen: 48608K->6624K(48640K)] 105284K->63532K(159744K), 0.0020720 secs] [Times: user=0.02 sys=0.00, real=0.00 secs] 
186.037: Total time for which application threads were stopped: 0.0046510 seconds, Stopping threads took: 0.0024910 seconds
186.077: Application time: 0.0406600 seconds
186.079: [GC [PSYoungGen: 48608K->6656K(48640K)] 105516K->64252K(159744K), 0.0022230 secs] [Times: user=0.02 sys=0.00, real=0.00 secs] 
186.081: Total time for which application threads were stopped: 0.0035530 seconds, Stopping threads took: 0.0012450 seconds
186.122: Application time: 0.0409640 seconds
186.123: [GC [PSYoungGen: 48640K->5216K(48640K)] 106236K->62820K(159744K), 0.0016620 secs] [Times: user=0.01 sys=0.00, real=0.00 secs] 
186.125: Total time for which application threads were stopped: 0.0032050 seconds, Stopping threads took: 0.0014700 seconds
186.166: Application time: 0.0410310 seconds
186.168: [GC [PSYoungGen: 47198K->5264K(48640K)] 104803K->62868K(159744K), 0.0016250 secs] [Times: user=0.01 sys=0.00, real=0.00 secs] 
186.170: Total time for which application threads were stopped: 0.0036830 seconds, Stopping threads took: 0.0019810 seconds
186.211: Application time: 0.0408430 seconds
186.212: [GC [PSYoungGen: 47248K->5632K(48640K)] 104852K->63236K(159744K), 0.0017130 secs] [Times: user=0.01 sys=0.00, real=0.00 secs] 
186.214: Total time for which application threads were stopped: 0.0032700 seconds, Stopping threads took: 0.0014740 seconds
186.256: Application time: 0.0423180 seconds
186.258: [GC [PSYoungGen: 47616K->6624K(48640K)] 105220K->64476K(159744K), 0.0021890 secs] [Times: user=0.01 sys=0.00, real=0.00 secs] 
186.260: Total time for which application threads were stopped: 0.0043090 seconds, Stopping threads took: 0.0020420 seconds
186.301: Application time: 0.0403090 seconds
186.303: [GC [PSYoungGen: 48608K->6656K(48640K)] 106460K->65076K(159744K), 0.0022550 secs] [Times: user=0.02 sys=0.00, real=0.01 secs] 
186.305: Total time for which application threads were stopped: 0.0041670 seconds, Stopping threads took: 0.0018260 seconds
186.345: Application time: 0.0398790 seconds
186.347: [GC [PSYoungGen: 48638K->6656K(48640K)] 107059K->65908K(159744K), 0.0025060 secs] [Times: user=0.02 sys=0.00, real=0.00 secs] 
186.349: Total time for which application threads were stopped: 0.0043230 seconds, Stopping threads took: 0.0017100 seconds
186.389: Application time: 0.0400920 seconds
186.391: [GC [PSYoungGen: 48640K->6656K(48640K)] 107892K->67148K(159744K), 0.0026970 secs] [Times: user=0.01 sys=0.00, real=0.00 secs] 
186.394: Total time for which application threads were stopped: 0.0046300 seconds, Stopping threads took: 0.0018360 seconds
186.435: Application time: 0.0407950 seconds
186.438: [GC [PSYoungGen: 48640K->6016K(48640K)] 109132K->66508K(159744K), 0.0019790 secs] [Times: user=0.01 sys=0.00, real=0.00 secs] 
186.440: Total time for which application threads were stopped: 0.0049690 seconds, Stopping threads took: 0.0029140 seconds
186.480: Application time: 0.0399520 seconds
186.482: [GC [PSYoungGen: 48000K->5776K(48640K)] 108492K->66268K(159744K), 0.0017930 secs] [Times: user=0.01 sys=0.00, real=0.01 secs] 
186.483: Total time for which application threads were stopped: 0.0037380 seconds, Stopping threads took: 0.0018620 seconds
186.525: Application time: 0.0416460 seconds
186.526: [GC [PSYoungGen: 47760K->4688K(48640K)] 108252K->65188K(159744K), 0.0015900 secs] [Times: user=0.00 sys=0.00, real=0.00 secs] 
186.528: Total time for which application threads were stopped: 0.0031020 seconds, Stopping threads took: 0.0014330 seconds
186.569: Application time: 0.0411490 seconds
186.571: [GC [PSYoungGen: 46672K->6640K(48640K)] 107172K->67164K(159744K), 0.0020260 secs] [Times: user=0.01 sys=0.00, real=0.01 secs] 
186.573: Total time for which application threads were stopped: 0.0037730 seconds, Stopping threads took: 0.0016680 seconds
186.613: Application time: 0.0397250 seconds
186.615: [GC [PSYoungGen: 48624K->6656K(48640K)] 109148K->68044K(159744K), 0.0023310 secs] [Times: user=0.01 sys=0.00, real=0.00 secs] 
186.617: Total time for which application threads were stopped: 0.0044610 seconds, Stopping threads took: 0.0020440 seconds
186.657: Application time: 0.0400470 seconds
186.658: [GC [PSYoungGen: 48640K->6448K(48640K)] 110028K->67836K(159744K), 0.0020460 secs] [Times: user=0.01 sys=0.00, real=0.00 secs] 
186.660: Total time for which application threads were stopped: 0.0030360 seconds, Stopping threads took: 0.0009050 seconds
186.700: Application time: 0.0401180 seconds
186.702: [GC [PSYoungGen: 48432K->6624K(48640K)] 109820K->68036K(159744K), 0.0020490 secs] [Times: user=0.01 sys=0.00, real=0.01 secs] 
186.704: Total time for which application threads were stopped: 0.0037950 seconds, Stopping threads took: 0.0016630 seconds
186.744: Application time: 0.0397240 seconds
186.746: [GC [PSYoungGen: 48608K->6640K(48640K)] 110020K->68372K(159744K), 0.0021380 secs] [Times: user=0.01 sys=0.00, real=0.00 secs] 
186.748: Total time for which application threads were stopped: 0.0042450 seconds, Stopping threads took: 0.0020220 seconds
186.788: Application time: 0.0395300 seconds
186.790: [GC [PSYoungGen: 48624K->6640K(48640K)] 110356K->68460K(159744K), 0.0020580 secs] [Times: user=0.01 sys=0.00, real=0.01 secs] 
186.792: Total time for which application threads were stopped: 0.0043490 seconds, Stopping threads took: 0.0022100 seconds
186.833: Application time: 0.0407850 seconds
186.834: [GC [PSYoungGen: 48624K->6496K(48640K)] 110444K->68316K(159744K), 0.0021410 secs] [Times: user=0.01 sys=0.00, real=0.00 secs] 
186.836: Total time for which application threads were stopped: 0.0029380 seconds, Stopping threads took: 0.0007100 seconds
186.876: Application time: 0.0400200 seconds
186.877: [GC [PSYoungGen: 48480K->6640K(48640K)] 110300K->68732K(159744K), 0.0021480 secs] [Times: user=0.02 sys=0.00, real=0.00 secs] 
186.879: Total time for which application threads were stopped: 0.0036220 seconds, Stopping threads took: 0.0013920 seconds
186.920: Application time: 0.0402620 seconds
186.922: [GC [PSYoungGen: 48624K->5808K(48640K)] 110716K->67908K(159744K), 0.0018120 secs] [Times: user=0.01 sys=0.00, real=0.01 secs] 
186.924: Total time for which application threads were stopped: 0.0043610 seconds, Stopping threads took: 0.0024590 seconds
186.965: Application time: 0.0409100 seconds
186.967: [GC [PSYoungGen: 47792K->6192K(48640K)] 109892K->68308K(159744K), 0.0019760 secs] [Times: user=0.02 sys=0.00, real=0.00 secs] 
186.969: Total time for which application threads were stopped: 0.0035630 seconds, Stopping threads took: 0.0015050 seconds
187.008: Application time: 0.0398980 seconds
187.010: [GC [PSYoungGen: 48176K->6624K(48640K)] 110292K->69556K(159744K), 0.0023450 secs] [Times: user=0.01 sys=0.00, real=0.01 secs] 
187.012: Total time for which application threads were stopped: 0.0039100 seconds, Stopping threads took: 0.0014790 seconds
187.052: Application time: 0.0396770 seconds
187.054: [GC [PSYoungGen: 48608K->6640K(48640K)] 111540K->70236K(159744K), 0.0023320 secs] [Times: user=0.02 sys=0.00, real=0.00 secs] 
187.056: Total time for which application threads were stopped: 0.0042000 seconds, Stopping threads took: 0.0017860 seconds
187.094: Application time: 0.0377350 seconds
187.096: [GC [PSYoungGen: 48624K->6640K(48640K)] 112220K->70780K(159744K), 0.0021760 secs] [Times: user=0.02 sys=0.00, real=0.00 secs] 
187.098: Total time for which application threads were stopped: 0.0044240 seconds, Stopping threads took: 0.0021630 seconds
187.138: Application time: 0.0395100 seconds
187.140: [GC [PSYoungGen: 48624K->6656K(48640K)] 112764K->70804K(159744K), 0.0020810 secs] [Times: user=0.01 sys=0.00, real=0.00 secs] 
187.143: Total time for which application threads were stopped: 0.0046780 seconds, Stopping threads took: 0.0025150 seconds
187.183: Application time: 0.0402860 seconds
187.184: [GC [PSYoungGen: 48640K->6464K(48640K)] 112788K->70620K(159744K), 0.0020260 secs] [Times: user=0.01 sys=0.00, real=0.00 secs] 
187.186: Total time for which application threads were stopped: 0.0031580 seconds, Stopping threads took: 0.0010490 seconds
187.227: Application time: 0.0407060 seconds
187.229: [GC [PSYoungGen: 48448K->6336K(48640K)] 112604K->70492K(159744K), 0.0019750 secs] [Times: user=0.01 sys=0.00, real=0.00 secs] 
187.231: Total time for which application threads were stopped: 0.0039290 seconds, Stopping threads took: 0.0018420 seconds
187.271: Application time: 0.0402320 seconds
187.273: [GC [PSYoungGen: 48320K->5456K(48640K)] 112476K->69612K(159744K), 0.0020800 secs] [Times: user=0.01 sys=0.00, real=0.00 secs] 
187.275: Total time for which application threads were stopped: 0.0040710 seconds, Stopping threads took: 0.0019140 seconds
187.315: Application time: 0.0397280 seconds
187.317: [GC [PSYoungGen: 47440K->6656K(48640K)] 111596K->71980K(159744K), 0.0023440 secs] [Times: user=0.02 sys=0.00, real=0.00 secs] 
187.319: Total time for which application threads were stopped: 0.0043010 seconds, Stopping threads took: 0.0018760 seconds
187.359: Application time: 0.0400410 seconds
187.360: [GC [PSYoungGen: 48640K->6656K(48640K)] 113964K->72876K(159744K), 0.0023030 secs] [Times: user=0.02 sys=0.00, real=0.00 secs] 
187.363: Total time for which application threads were stopped: 0.0035440 seconds, Stopping threads took: 0.0011580 seconds
187.403: Application time: 0.0405940 seconds
187.405: [GC [PSYoungGen: 48640K->5568K(48640K)] 114860K->71788K(159744K), 0.0017200 secs] [Times: user=0.01 sys=0.00, real=0.00 secs] 
187.407: Total time for which application threads were stopped: 0.0034360 seconds, Stopping threads took: 0.0016410 seconds
187.447: Application time: 0.0402660 seconds
187.449: [GC [PSYoungGen: 47552K->5632K(48640K)] 113772K->71852K(159744K), 0.0017370 secs] [Times: user=0.01 sys=0.00, real=0.00 secs] 
187.451: Total time for which application threads were stopped: 0.0041270 seconds, Stopping threads took: 0.0023050 seconds
187.492: Application time: 0.0408530 seconds
187.494: [GC [PSYoungGen: 47616K->4656K(48640K)] 113836K->70884K(159744K), 0.0014780 secs] [Times: user=0.01 sys=0.01, real=0.00 secs] 
187.495: Total time for which application threads were stopped: 0.0034920 seconds, Stopping threads took: 0.0019390 seconds
187.536: Application time: 0.0409460 seconds
187.538: [GC [PSYoungGen: 46640K->6656K(48640K)] 112868K->73388K(159744K), 0.0021670 secs] [Times: user=0.01 sys=0.00, real=0.00 secs] 
187.540: Total time for which application threads were stopped: 0.0035990 seconds, Stopping threads took: 0.0013490 seconds
187.582: Application time: 0.0418540 seconds
187.583: [GC [PSYoungGen: 48640K->4512K(48640K)] 115372K->71244K(159744K), 0.0014580 secs] [Times: user=0.01 sys=0.00, real=0.00 secs] 
187.585: Total time for which application threads were stopped: 0.0028850 seconds, Stopping threads took: 0.0013550 seconds
187.625: Application time: 0.0403990 seconds
187.627: [GC [PSYoungGen: 46496K->5056K(48640K)] 113228K->71796K(159744K), 0.0015060 secs] [Times: user=0.01 sys=0.00, real=0.00 secs] 
187.629: Total time for which application threads were stopped: 0.0034400 seconds, Stopping threads took: 0.0018540 seconds
187.670: Application time: 0.0411580 seconds
187.671: [GC [PSYoungGen: 47040K->6544K(48640K)] 113780K->73284K(159744K), 0.0019810 secs] [Times: user=0.01 sys=0.00, real=0.00 secs] 
187.673: Total time for which application threads were stopped: 0.0036790 seconds, Stopping threads took: 0.0016170 seconds
187.715: Application time: 0.0414420 seconds
187.717: [GC [PSYoungGen: 48528K->6624K(48640K)] 115268K->73612K(159744K), 0.0022070 secs] [Times: user=0.01 sys=0.00, real=0.00 secs] 
187.719: Total time for which application threads were stopped: 0.0039890 seconds, Stopping threads took: 0.0016970 seconds
187.759: Application time: 0.0401350 seconds
187.761: [GC [PSYoungGen: 48608K->6656K(48640K)] 115596K->74253K(159744K), 0.0022350 secs] [Times: user=0.02 sys=0.00, real=0.00 secs] 
187.763: Total time for which application threads were stopped: 0.0041620 seconds, Stopping threads took: 0.0018370 seconds
187.803: Application time: 0.0395890 seconds
187.805: [GC [PSYoungGen: 48640K->6656K(48640K)] 116237K->75213K(159744K), 0.0022420 secs] [Times: user=0.02 sys=0.00, real=0.00 secs] 
187.807: Total time for which application threads were stopped: 0.0042510 seconds, Stopping threads took: 0.0019240 seconds
187.847: Application time: 0.0399910 seconds
187.849: [GC [PSYoungGen: 48640K->6640K(48640K)] 117197K->75517K(159744K), 0.0022700 secs] [Times: user=0.02 sys=0.00, real=0.01 secs] 
187.852: Total time for which application threads were stopped: 0.0046730 seconds, Stopping threads took: 0.0023200 seconds
187.891: Application time: 0.0393060 seconds
187.894: [GC [PSYoungGen: 48624K->6640K(48640K)] 117501K->76197K(159744K), 0.0021900 secs] [Times: user=0.02 sys=0.00, real=0.00 secs] 
187.896: Total time for which application threads were stopped: 0.0054610 seconds, Stopping threads took: 0.0031860 seconds
187.937: Application time: 0.0407970 seconds
187.939: [GC [PSYoungGen: 48624K->6640K(48640K)] 118181K->76309K(159744K), 0.0021190 secs] [Times: user=0.01 sys=0.00, real=0.00 secs] 
187.941: Total time for which application threads were stopped: 0.0035120 seconds, Stopping threads took: 0.0013100 seconds
187.982: Application time: 0.0415200 seconds
187.983: [GC [PSYoungGen: 48624K->5648K(48640K)] 118293K->75325K(159744K), 0.0017670 secs] [Times: user=0.01 sys=0.00, real=0.00 secs] 
187.985: Total time for which application threads were stopped: 0.0027010 seconds, Stopping threads took: 0.0008420 seconds
188.025: Application time: 0.0401780 seconds
188.027: [GC [PSYoungGen: 47632K->6656K(48640K)] 117309K->77125K(159744K), 0.0022420 secs] [Times: user=0.02 sys=0.00, real=0.00 secs] 
188.029: Total time for which application threads were stopped: 0.0039250 seconds, Stopping threads took: 0.0016010 seconds
188.070: Application time: 0.0411690 seconds
188.072: [GC [PSYoungGen: 48640K->6656K(48640K)] 119109K->78145K(159744K), 0.0023680 secs] [Times: user=0.02 sys=0.00, real=0.00 secs] 
188.074: Total time for which application threads were stopped: 0.0040270 seconds, Stopping threads took: 0.0015720 seconds
188.113: Application time: 0.0390540 seconds
188.116: [GC [PSYoungGen: 48640K->6512K(48640K)] 120129K->78001K(159744K), 0.0021420 secs] [Times: user=0.01 sys=0.00, real=0.00 secs] 
188.118: Total time for which application threads were stopped: 0.0047170 seconds, Stopping threads took: 0.0024910 seconds
188.157: Application time: 0.0393680 seconds
188.159: [GC [PSYoungGen: 48496K->6464K(48640K)] 119985K->77953K(159744K), 0.0022080 secs] [Times: user=0.01 sys=0.00, real=0.00 secs] 
188.161: Total time for which application threads were stopped: 0.0033800 seconds, Stopping threads took: 0.0010900 seconds
188.201: Application time: 0.0404790 seconds
188.204: [GC [PSYoungGen: 48448K->6656K(48640K)] 119937K->78329K(159744K), 0.0023040 secs] [Times: user=0.01 sys=0.00, real=0.00 secs] 
188.206: Total time for which application threads were stopped: 0.0048030 seconds, Stopping threads took: 0.0023940 seconds
188.247: Application time: 0.0410410 seconds
188.249: [GC [PSYoungGen: 48640K->5888K(48640K)] 120313K->77561K(159744K), 0.0020370 secs] [Times: user=0.01 sys=0.00, real=0.00 secs] 
188.251: Total time for which application threads were stopped: 0.0037220 seconds, Stopping threads took: 0.0016050 seconds
188.291: Application time: 0.0401980 seconds
188.293: [GC [PSYoungGen: 47872K->6560K(48640K)] 119545K->78241K(159744K), 0.0020980 secs] [Times: user=0.01 sys=0.00, real=0.00 secs] 
188.295: Total time for which application threads were stopped: 0.0039600 seconds, Stopping threads took: 0.0017840 seconds
188.335: Application time: 0.0400670 seconds
188.337: [GC [PSYoungGen: 48544K->5984K(48640K)] 120225K->77665K(159744K), 0.0018500 secs] [Times: user=0.01 sys=0.00, real=0.00 secs] 
188.339: Total time for which application threads were stopped: 0.0040740 seconds, Stopping threads took: 0.0021330 seconds
188.380: Application time: 0.0403670 seconds
188.383: [GC [PSYoungGen: 47968K->6368K(48640K)] 119649K->78049K(159744K), 0.0019150 secs] [Times: user=0.02 sys=0.00, real=0.00 secs] 
188.385: Total time for which application threads were stopped: 0.0056920 seconds, Stopping threads took: 0.0036930 seconds
188.425: Application time: 0.0397840 seconds
188.427: [GC [PSYoungGen: 48352K->6624K(48640K)] 120033K->78369K(159744K), 0.0020880 secs] [Times: user=0.01 sys=0.00, real=0.00 secs] 
188.429: Total time for which application threads were stopped: 0.0037120 seconds, Stopping threads took: 0.0015370 seconds
188.469: Application time: 0.0398180 seconds
188.471: [GC [PSYoungGen: 48608K->6656K(48640K)] 120353K->79753K(159744K), 0.0023630 secs] [Times: user=0.01 sys=0.00, real=0.01 secs] 
188.473: Total time for which application threads were stopped: 0.0044190 seconds, Stopping threads took: 0.0019730 seconds
188.514: Application time: 0.0406000 seconds
188.515: [GC [PSYoungGen: 48640K->6224K(48640K)] 121737K->79321K(159744K), 0.0019960 secs] [Times: user=0.02 sys=0.00, real=0.00 secs] 
188.517: Total time for which application threads were stopped: 0.0033390 seconds, Stopping threads took: 0.0012560 seconds
188.558: Application time: 0.0406390 seconds
188.560: [GC [PSYoungGen: 48208K->6656K(48640K)] 121305K->79817K(159744K), 0.0020360 secs] [Times: user=0.01 sys=0.00, real=0.00 secs] 
188.562: Total time for which application threads were stopped: 0.0044750 seconds, Stopping threads took: 0.0023340 seconds
188.604: Application time: 0.0416030 seconds
188.606: [GC [PSYoungGen: 48640K->5632K(48640K)] 121801K->78793K(159744K), 0.0018090 secs] [Times: user=0.01 sys=0.00, real=0.00 secs] 
188.608: Total time for which application threads were stopped: 0.0044030 seconds, Stopping threads took: 0.0025130 seconds
188.648: Application time: 0.0398460 seconds
188.650: [GC [PSYoungGen: 47616K->5264K(48640K)] 120777K->78433K(159744K), 0.0016380 secs] [Times: user=0.01 sys=0.00, real=0.01 secs] 
188.652: Total time for which application threads were stopped: 0.0037400 seconds, Stopping threads took: 0.0020230 seconds
188.692: Application time: 0.0401940 seconds
188.694: [GC [PSYoungGen: 47248K->6432K(48640K)] 120417K->79601K(159744K), 0.0019790 secs] [Times: user=0.01 sys=0.00, real=0.00 secs] 
188.696: Total time for which application threads were stopped: 0.0039140 seconds, Stopping threads took: 0.0018540 seconds
188.736: Application time: 0.0407540 seconds
188.738: [GC [PSYoungGen: 48416K->6144K(48640K)] 121585K->79313K(159744K), 0.0019470 secs] [Times: user=0.01 sys=0.00, real=0.00 secs] 
188.740: Total time for which application threads were stopped: 0.0033410 seconds, Stopping threads took: 0.0013130 seconds
188.781: Application time: 0.0409650 seconds
188.783: [GC [PSYoungGen: 48128K->5024K(48640K)] 121297K->78201K(159744K), 0.0015650 secs] [Times: user=0.01 sys=0.00, real=0.01 secs] 
188.784: Total time for which application threads were stopped: 0.0036510 seconds, Stopping threads took: 0.0020110 seconds
188.825: Application time: 0.0404360 seconds
188.827: [GC [PSYoungGen: 47008K->6304K(48640K)] 120185K->79489K(159744K), 0.0020090 secs] [Times: user=0.01 sys=0.00, real=0.00 secs] 
188.829: Total time for which application threads were stopped: 0.0037610 seconds, Stopping threads took: 0.0016650 seconds
188.868: Application time: 0.0393670 seconds
188.870: [GC [PSYoungGen: 48288K->6624K(48640K)] 121473K->80833K(159744K), 0.0024160 secs] [Times: user=0.01 sys=0.01, real=0.01 secs] 
188.872: Total time for which application threads were stopped: 0.0039690 seconds, Stopping threads took: 0.0014680 seconds
188.914: Application time: 0.0417400 seconds
188.915: [GC [PSYoungGen: 48608K->4608K(48640K)] 122817K->78817K(159744K), 0.0015870 secs] [Times: user=0.01 sys=0.00, real=0.00 secs] 
188.917: Total time for which application threads were stopped: 0.0029390 seconds, Stopping threads took: 0.0012780 seconds
188.958: Application time: 0.0412390 seconds
188.958: [GC [PSYoungGen: 46592K->4944K(48640K)] 120801K->79161K(159744K), 0.0016260 secs] [Times: user=0.01 sys=0.00, real=0.00 secs] 
188.960: Total time for which application threads were stopped: 0.0019650 seconds, Stopping threads took: 0.0002650 seconds
189.001: Application time: 0.0407800 seconds
189.002: [GC [PSYoungGen: 46928K->6640K(48640K)] 121145K->80937K(159744K), 0.0020640 secs] [Times: user=0.02 sys=0.00, real=0.01 secs] 
189.004: Total time for which application threads were stopped: 0.0037580 seconds, Stopping threads took: 0.0016180 seconds
189.045: Application time: 0.0407260 seconds
189.048: [GC [PSYoungGen: 48624K->6640K(48640K)] 122921K->81385K(159744K), 0.0022530 secs] [Times: user=0.01 sys=0.00, real=0.00 secs] 
189.050: Total time for which application threads were stopped: 0.0052810 seconds, Stopping threads took: 0.0029380 seconds
189.090: Application time: 0.0390800 seconds
189.091: [GC [PSYoungGen: 48624K->6640K(48640K)] 123369K->82317K(159744K), 0.0023430 secs] [Times: user=0.01 sys=0.00, real=0.00 secs] 
189.094: Total time for which application threads were stopped: 0.0042600 seconds, Stopping threads took: 0.0018370 seconds
189.135: Application time: 0.0412040 seconds
189.137: [GC [PSYoungGen: 48624K->5920K(48640K)] 124301K->81597K(159744K), 0.0017920 secs] [Times: user=0.01 sys=0.00, real=0.00 secs] 
189.139: Total time for which application threads were stopped: 0.0040230 seconds, Stopping threads took: 0.0021500 seconds
189.180: Application time: 0.0409420 seconds
189.181: [GC [PSYoungGen: 47904K->4352K(48640K)] 123581K->80037K(159744K), 0.0014630 secs] [Times: user=0.01 sys=0.00, real=0.00 secs] 
189.182: Total time for which application threads were stopped: 0.0024870 seconds, Stopping threads took: 0.0009520 seconds
189.222: Application time: 0.0396330 seconds
189.224: [GC [PSYoungGen: 46336K->6624K(48640K)] 122021K->82933K(159744K), 0.0024760 secs] [Times: user=0.01 sys=0.00, real=0.00 secs] 
189.227: Total time for which application threads were stopped: 0.0045760 seconds, Stopping threads took: 0.0020160 seconds
189.266: Application time: 0.0397110 seconds
189.268: [GC [PSYoungGen: 48608K->6640K(48640K)] 124917K->83333K(159744K), 0.0022300 secs] [Times: user=0.02 sys=0.00, real=0.00 secs] 
189.270: Total time for which application threads were stopped: 0.0041040 seconds, Stopping threads took: 0.0017650 seconds
189.309: Application time: 0.0382410 seconds
189.311: [GC [PSYoungGen: 48624K->6656K(48640K)] 125317K->84109K(159744K), 0.0023140 secs] [Times: user=0.02 sys=0.00, real=0.01 secs] 
189.313: Total time for which application threads were stopped: 0.0047380 seconds, Stopping threads took: 0.0023390 seconds
189.353: Application time: 0.0392650 seconds
189.355: [GC [PSYoungGen: 48640K->6656K(48640K)] 126093K->85009K(159744K), 0.0024570 secs] [Times: user=0.02 sys=0.00, real=0.00 secs] 
189.357: Total time for which application threads were stopped: 0.0047470 seconds, Stopping threads took: 0.0022060 seconds
189.396: Application time: 0.0385360 seconds
189.397: [GC [PSYoungGen: 48640K->6640K(48640K)] 126993K->85161K(159744K), 0.0020860 secs] [Times: user=0.01 sys=0.00, real=0.00 secs] 
189.400: Total time for which application threads were stopped: 0.0035320 seconds, Stopping threads took: 0.0013420 seconds
189.437: Application time: 0.0372280 seconds
189.438: [GC [PSYoungGen: 48624K->6656K(48640K)] 127145K->85589K(159744K), 0.0023370 secs] [Times: user=0.01 sys=0.00, real=0.00 secs] 
189.440: Total time for which application threads were stopped: 0.0036950 seconds, Stopping threads took: 0.0012550 seconds
189.478: Application time: 0.0372040 seconds
189.480: [GC [PSYoungGen: 48640K->6480K(48640K)] 127573K->85421K(159744K), 0.0019710 secs] [Times: user=0.01 sys=0.00, real=0.00 secs] 
189.482: Total time for which application threads were stopped: 0.0046410 seconds, Stopping threads took: 0.0025950 seconds
189.519: Application time: 0.0368370 seconds
189.521: [GC [PSYoungGen: 48464K->6640K(48640K)] 127405K->85725K(159744K), 0.0021640 secs] [Times: user=0.01 sys=0.00, real=0.00 secs] 
189.523: Total time for which application threads were stopped: 0.0038260 seconds, Stopping threads took: 0.0015600 seconds
189.560: Application time: 0.0368550 seconds
189.562: [GC [PSYoungGen: 48624K->6656K(48640K)] 127709K->86293K(159744K), 0.0022190 secs] [Times: user=0.01 sys=0.00, real=0.01 secs] 
189.564: Total time for which application threads were stopped: 0.0042980 seconds, Stopping threads took: 0.0019920 seconds
189.602: Application time: 0.0378140 seconds
189.603: [GC [PSYoungGen: 48640K->6640K(48640K)] 128277K->86685K(159744K), 0.0022060 secs] [Times: user=0.01 sys=0.00, real=0.00 secs] 
189.605: Total time for which application threads were stopped: 0.0034690 seconds, Stopping threads took: 0.0011700 seconds
189.643: Application time: 0.0379820 seconds
189.645: [GC [PSYoungGen: 48624K->6656K(48640K)] 128669K->86709K(159744K), 0.0020180 secs] [Times: user=0.02 sys=0.00, real=0.00 secs] 
189.648: Total time for which application threads were stopped: 0.0041310 seconds, Stopping threads took: 0.0020340 seconds
189.685: Application time: 0.0371620 seconds
189.686: [GC [PSYoungGen: 48640K->6656K(48640K)] 128693K->87005K(159744K), 0.0021870 secs] [Times: user=0.01 sys=0.00, real=0.00 secs] 
189.688: Total time for which application threads were stopped: 0.0036640 seconds, Stopping threads took: 0.0013990 seconds
189.726: Application time: 0.0372870 seconds
189.728: [GC [PSYoungGen: 48640K->6656K(48640K)] 128989K->87205K(159744K), 0.0021310 secs] [Times: user=0.02 sys=0.00, real=0.00 secs] 
189.731: Total time for which application threads were stopped: 0.0048630 seconds, Stopping threads took: 0.0026490 seconds
189.769: Application time: 0.0381310 seconds
189.771: [GC [PSYoungGen: 48640K->6640K(48640K)] 129189K->87565K(159744K), 0.0021060 secs] [Times: user=0.02 sys=0.00, real=0.00 secs] 
189.773: Total time for which application threads were stopped: 0.0047730 seconds, Stopping threads took: 0.0025890 seconds
189.811: Application time: 0.0376420 seconds
189.814: [GC [PSYoungGen: 48624K->6640K(48640K)] 129549K->88229K(159744K), 0.0022120 secs] [Times: user=0.02 sys=0.00, real=0.00 secs] 
189.816: Total time for which application threads were stopped: 0.0048210 seconds, Stopping threads took: 0.0025270 seconds
189.854: Application time: 0.0383900 seconds
189.857: [GC [PSYoungGen: 48624K->6640K(48640K)] 130213K->88317K(159744K), 0.0020520 secs] [Times: user=0.02 sys=0.00, real=0.00 secs] 
189.859: Total time for which application threads were stopped: 0.0047470 seconds, Stopping threads took: 0.0026170 seconds
189.898: Application time: 0.0388630 seconds
189.899: [GC [PSYoungGen: 48624K->5472K(48640K)] 130301K->87157K(159744K), 0.0017310 secs] [Times: user=0.01 sys=0.00, real=0.00 secs] 
189.901: Total time for which application threads were stopped: 0.0030330 seconds, Stopping threads took: 0.0012270 seconds
189.937: Application time: 0.0356100 seconds
189.939: [GC [PSYoungGen: 47456K->6656K(48640K)] 129141K->89854K(159744K), 0.0024070 secs] [Times: user=0.01 sys=0.00, real=0.00 secs] 
189.941: Total time for which application threads were stopped: 0.0045490 seconds, Stopping threads took: 0.0020540 seconds
189.978: Application time: 0.0369090 seconds
189.980: [GC [PSYoungGen: 48640K->6656K(48640K)] 131838K->90742K(159744K), 0.0025070 secs] [Times: user=0.02 sys=0.00, real=0.00 secs] 
189.982: Total time for which application threads were stopped: 0.0041050 seconds, Stopping threads took: 0.0014940 seconds
190.019: Application time: 0.0369200 seconds
190.021: [GC [PSYoungGen: 48640K->6656K(48640K)] 132726K->91862K(159744K), 0.0023360 secs] [Times: user=0.02 sys=0.00, real=0.00 secs] 
190.023: Total time for which application threads were stopped: 0.0040610 seconds, Stopping threads took: 0.0016380 seconds
190.060: Application time: 0.0365060 seconds
190.061: [GC [PSYoungGen: 48640K->6656K(48640K)] 133846K->92206K(159744K), 0.0021970 secs] [Times: user=0.01 sys=0.00, real=0.01 secs] 
190.064: Total time for which application threads were stopped: 0.0039920 seconds, Stopping threads took: 0.0017090 seconds
190.101: Application time: 0.0372410 seconds
190.103: [GC [PSYoungGen: 48640K->6656K(48640K)] 134190K->92206K(159744K), 0.0020390 secs] [Times: user=0.01 sys=0.00, real=0.01 secs] 
190.105: Total time for which application threads were stopped: 0.0042960 seconds, Stopping threads took: 0.0021700 seconds
190.143: Application time: 0.0380660 seconds
190.145: [GC [PSYoungGen: 48640K->6656K(48640K)] 134190K->92510K(159744K), 0.0021310 secs] [Times: user=0.01 sys=0.00, real=0.00 secs] 
190.147: Total time for which application threads were stopped: 0.0038290 seconds, Stopping threads took: 0.0016190 seconds
190.185: Application time: 0.0382290 seconds
190.187: [GC [PSYoungGen: 48640K->6320K(48640K)] 134494K->92174K(159744K), 0.0019490 secs] [Times: user=0.01 sys=0.00, real=0.00 secs] 
190.188: Total time for which application threads were stopped: 0.0032130 seconds, Stopping threads took: 0.0011820 seconds
190.226: Application time: 0.0378550 seconds
190.228: [GC [PSYoungGen: 48304K->6640K(48640K)] 134158K->92822K(159744K), 0.0021810 secs] [Times: user=0.02 sys=0.00, real=0.00 secs] 
190.230: Total time for which application threads were stopped: 0.0040190 seconds, Stopping threads took: 0.0017550 seconds
190.269: Application time: 0.0388570 seconds
190.271: [GC [PSYoungGen: 48624K->5952K(48640K)] 134806K->92134K(159744K), 0.0018150 secs] [Times: user=0.01 sys=0.00, real=0.01 secs] 
190.272: Total time for which application threads were stopped: 0.0031990 seconds, Stopping threads took: 0.0013060 seconds
190.310: Application time: 0.0374250 seconds
190.311: [GC [PSYoungGen: 47936K->6624K(48640K)] 134118K->92998K(159744K), 0.0021050 secs] [Times: user=0.01 sys=0.00, real=0.00 secs] 
190.314: Total time for which application threads were stopped: 0.0036800 seconds, Stopping threads took: 0.0014970 seconds
190.352: Application time: 0.0380110 seconds
190.353: [GC [PSYoungGen: 48608K->6640K(48640K)] 134982K->93102K(159744K), 0.0020500 secs] [Times: user=0.02 sys=0.00, real=0.00 secs] 
190.355: Total time for which application threads were stopped: 0.0036330 seconds, Stopping threads took: 0.0015050 seconds
190.394: Application time: 0.0387600 seconds
190.396: [GC [PSYoungGen: 48624K->6048K(48640K)] 135086K->92518K(159744K), 0.0019480 secs] [Times: user=0.01 sys=0.00, real=0.00 secs] 
190.398: Total time for which application threads were stopped: 0.0036070 seconds, Stopping threads took: 0.0015850 seconds
190.437: Application time: 0.0393120 seconds
190.439: [GC [PSYoungGen: 48032K->6000K(48640K)] 134502K->92470K(159744K), 0.0018680 secs] [Times: user=0.01 sys=0.00, real=0.00 secs] 
190.441: Total time for which application threads were stopped: 0.0038320 seconds, Stopping threads took: 0.0018870 seconds
190.478: Application time: 0.0374440 seconds
190.480: [GC [PSYoungGen: 47984K->6640K(48640K)] 134454K->93694K(159744K), 0.0022540 secs] [Times: user=0.01 sys=0.00, real=0.00 secs] 
190.482: Total time for which application threads were stopped: 0.0041610 seconds, Stopping threads took: 0.0018200 seconds
190.521: Application time: 0.0385780 seconds
190.523: [GC [PSYoungGen: 48624K->6640K(48640K)] 135678K->95098K(159744K), 0.0025820 secs] [Times: user=0.02 sys=0.00, real=0.01 secs] 
190.525: Total time for which application threads were stopped: 0.0045230 seconds, Stopping threads took: 0.0018510 seconds
190.563: Application time: 0.0379750 seconds
190.565: [GC [PSYoungGen: 48624K->6560K(48640K)] 137082K->95026K(159744K), 0.0020150 secs] [Times: user=0.01 sys=0.00, real=0.00 secs] 
190.567: Total time for which application threads were stopped: 0.0034960 seconds, Stopping threads took: 0.0014010 seconds
190.605: Application time: 0.0380060 seconds
190.606: [GC [PSYoungGen: 48544K->6640K(48640K)] 137010K->96194K(159744K), 0.0023600 secs] [Times: user=0.01 sys=0.00, real=0.00 secs] 
190.609: Total time for which application threads were stopped: 0.0037410 seconds, Stopping threads took: 0.0012900 seconds
190.645: Application time: 0.0360530 seconds
190.647: [GC [PSYoungGen: 48624K->6656K(48640K)] 138178K->97402K(159744K), 0.0023350 secs] [Times: user=0.01 sys=0.00, real=0.00 secs] 
190.649: Total time for which application threads were stopped: 0.0044820 seconds, Stopping threads took: 0.0020650 seconds
190.689: Application time: 0.0398010 seconds
190.690: [GC [PSYoungGen: 48640K->5776K(48640K)] 139386K->96522K(159744K), 0.0018770 secs] [Times: user=0.01 sys=0.00, real=0.01 secs] 
190.692: Total time for which application threads were stopped: 0.0033770 seconds, Stopping threads took: 0.0014220 seconds
190.729: Application time: 0.0366640 seconds
190.730: [GC [PSYoungGen: 47760K->6656K(48640K)] 138506K->97746K(159744K), 0.0021550 secs] [Times: user=0.01 sys=0.00, real=0.01 secs] 
190.733: Total time for which application threads were stopped: 0.0036240 seconds, Stopping threads took: 0.0013870 seconds
190.769: Application time: 0.0363080 seconds
190.771: [GC [PSYoungGen: 48640K->6656K(48640K)] 139730K->98978K(159744K), 0.0023440 secs] [Times: user=0.02 sys=0.00, real=0.00 secs] 
190.774: Total time for which application threads were stopped: 0.0046020 seconds, Stopping threads took: 0.0021770 seconds
190.811: Application time: 0.0375910 seconds
190.814: [GC [PSYoungGen: 48640K->6656K(48640K)] 140962K->100442K(159744K), 0.0025090 secs] [Times: user=0.02 sys=0.00, real=0.00 secs] 
190.816: Total time for which application threads were stopped: 0.0049410 seconds, Stopping threads took: 0.0023490 seconds
190.854: Application time: 0.0376620 seconds
190.855: [GC [PSYoungGen: 48640K->6656K(48640K)] 142426K->101222K(159744K), 0.0022280 secs] [Times: user=0.01 sys=0.00, real=0.00 secs] 
190.858: Total time for which application threads were stopped: 0.0037430 seconds, Stopping threads took: 0.0014370 seconds
190.896: Application time: 0.0385800 seconds
190.899: [GC [PSYoungGen: 48640K->6208K(48640K)] 143206K->100774K(159744K), 0.0018520 secs] [Times: user=0.01 sys=0.00, real=0.00 secs] 
190.901: Total time for which application threads were stopped: 0.0044150 seconds, Stopping threads took: 0.0024850 seconds
190.937: Application time: 0.0366200 seconds
190.939: [GC [PSYoungGen: 48192K->6656K(48640K)] 142758K->102566K(159744K), 0.0025240 secs] [Times: user=0.01 sys=0.00, real=0.00 secs] 
190.942: Total time for which application threads were stopped: 0.0045270 seconds, Stopping threads took: 0.0019210 seconds
190.979: Application time: 0.0368670 seconds
190.980: [GC [PSYoungGen: 48640K->6656K(48640K)] 144550K->103134K(159744K), 0.0021820 secs] [Times: user=0.01 sys=0.00, real=0.00 secs] 
190.982: Total time for which application threads were stopped: 0.0037730 seconds, Stopping threads took: 0.0015060 seconds
191.020: Application time: 0.0372100 seconds
191.022: [GC [PSYoungGen: 48640K->6160K(48640K)] 145118K->102638K(159744K), 0.0019820 secs] [Times: user=0.01 sys=0.00, real=0.01 secs] 
191.024: Total time for which application threads were stopped: 0.0043790 seconds, Stopping threads took: 0.0023230 seconds
191.061: Application time: 0.0375140 seconds
191.063: [GC [PSYoungGen: 48144K->6640K(48640K)] 144622K->103206K(159744K), 0.0021340 secs] [Times: user=0.02 sys=0.00, real=0.00 secs] 
191.066: Total time for which application threads were stopped: 0.0041590 seconds, Stopping threads took: 0.0019450 seconds
191.102: Application time: 0.0367390 seconds
191.104: [GC [PSYoungGen: 48623K->6656K(48640K)] 145190K->104246K(159744K), 0.0023110 secs] [Times: user=0.01 sys=0.00, real=0.00 secs] 
191.106: Total time for which application threads were stopped: 0.0039500 seconds, Stopping threads took: 0.0015580 seconds
191.144: Application time: 0.0379720 seconds
191.147: [GC [PSYoungGen: 48640K->6560K(48640K)] 146230K->104158K(159744K), 0.0019780 secs] [Times: user=0.01 sys=0.00, real=0.00 secs] 
191.149: Total time for which application threads were stopped: 0.0043900 seconds, Stopping threads took: 0.0023230 seconds
191.187: Application time: 0.0379550 seconds
191.188: [GC [PSYoungGen: 48544K->6496K(48640K)] 146142K->104102K(159744K), 0.0019250 secs] [Times: user=0.01 sys=0.00, real=0.00 secs] 
191.190: Total time for which application threads were stopped: 0.0036840 seconds, Stopping threads took: 0.0016810 seconds
191.226: Application time: 0.0361160 seconds
191.228: [GC [PSYoungGen: 48480K->6656K(48640K)] 146086K->105702K(159744K), 0.0024700 secs] [Times: user=0.02 sys=0.00, real=0.00 secs] 
191.231: Total time for which application threads were stopped: 0.0042250 seconds, Stopping threads took: 0.0016720 seconds
191.268: Application time: 0.0368850 seconds
191.270: [GC [PSYoungGen: 48640K->6656K(48640K)] 147686K->106382K(159744K), 0.0022220 secs] [Times: user=0.01 sys=0.00, real=0.01 secs] 
191.272: Total time for which application threads were stopped: 0.0048930 seconds, Stopping threads took: 0.0025810 seconds
191.311: Application time: 0.0385510 seconds
191.312: [GC [PSYoungGen: 48640K->6656K(48640K)] 148366K->106406K(159744K), 0.0021450 secs] [Times: user=0.02 sys=0.00, real=0.00 secs] 
191.314: Total time for which application threads were stopped: 0.0032190 seconds, Stopping threads took: 0.0009950 seconds
191.351: Application time: 0.0372560 seconds
191.353: [GC [PSYoungGen: 48640K->6656K(48640K)] 148390K->106830K(159744K), 0.0021560 secs] [Times: user=0.02 sys=0.00, real=0.00 secs] 
191.355: Total time for which application threads were stopped: 0.0038590 seconds, Stopping threads took: 0.0016220 seconds
191.393: Application time: 0.0381580 seconds
191.395: [GC [PSYoungGen: 48640K->6656K(48640K)] 148814K->107198K(159744K), 0.0021790 secs] [Times: user=0.01 sys=0.00, real=0.00 secs] 
191.397: Total time for which application threads were stopped: 0.0035600 seconds, Stopping threads took: 0.0013030 seconds
191.435: Application time: 0.0381810 seconds
191.436: [GC [PSYoungGen: 48640K->6640K(48640K)] 149182K->107390K(159744K), 0.0022460 secs] [Times: user=0.02 sys=0.00, real=0.00 secs] 
191.439: Total time for which application threads were stopped: 0.0034830 seconds, Stopping threads took: 0.0011430 seconds
191.475: Application time: 0.0365820 seconds
191.477: [GC [PSYoungGen: 48624K->6640K(48640K)] 149374K->107966K(159744K), 0.0021810 secs] [Times: user=0.01 sys=0.00, real=0.00 secs] 
191.479: Total time for which application threads were stopped: 0.0037810 seconds, Stopping threads took: 0.0015210 seconds
191.516: Application time: 0.0366840 seconds
191.517: [GC [PSYoungGen: 48623K->6656K(48640K)] 149950K->108758K(159744K), 0.0022830 secs] [Times: user=0.02 sys=0.00, real=0.00 secs] 
191.520: Total time for which application threads were stopped: 0.0038550 seconds, Stopping threads took: 0.0014910 seconds
191.557: Application time: 0.0369820 seconds
191.558: [GC [PSYoungGen: 48640K->6640K(48640K)] 150742K->108814K(159744K), 0.0020440 secs] [Times: user=0.01 sys=0.00, real=0.00 secs] 
191.560: Total time for which application threads were stopped: 0.0037960 seconds, Stopping threads took: 0.0016740 seconds
191.597: Application time: 0.0364170 seconds
191.598: [GC [PSYoungGen: 48624K->6656K(48640K)] 150798K->110246K(159744K), 0.0025250 secs] [Times: user=0.02 sys=0.00, real=0.00 secs] 
191.601: Total time for which application threads were stopped: 0.0040730 seconds, Stopping threads took: 0.0014630 seconds
191.639: Application time: 0.0377310 seconds
191.640: [GC [PSYoungGen: 48640K->6560K(48640K)] 152230K->110150K(159744K), 0.0019700 secs] [Times: user=0.01 sys=0.00, real=0.00 secs] 
191.642: Total time for which application threads were stopped: 0.0036340 seconds, Stopping threads took: 0.0015880 seconds
191.680: Application time: 0.0376660 seconds
191.682: [GC [PSYoungGen: 48544K->6656K(48640K)] 152134K->111262K(159744K), 0.0023280 secs] [Times: user=0.02 sys=0.00, real=0.01 secs] 
191.684: Total time for which application threads were stopped: 0.0045150 seconds, Stopping threads took: 0.0021010 seconds
191.723: Application time: 0.0381770 seconds
191.724: [GC [PSYoungGen: 48640K->6272K(48640K)] 153246K->110878K(159744K), 0.0018870 secs] [Times: user=0.02 sys=0.00, real=0.00 secs] 
191.726: Total time for which application threads were stopped: 0.0031990 seconds, Stopping threads took: 0.0012370 seconds
191.764: Application time: 0.0386560 seconds
191.766: [GC [PSYoungGen: 48256K->6592K(48640K)] 152862K->111198K(159744K), 0.0020540 secs] [Times: user=0.02 sys=0.00, real=0.00 secs] 
191.768: Total time for which application threads were stopped: 0.0036240 seconds, Stopping threads took: 0.0014900 seconds
191.806: Application time: 0.0375330 seconds
191.807: [GC [PSYoungGen: 48576K->6656K(48640K)] 153182K->111478K(159744K), 0.0021140 secs] [Times: user=0.01 sys=0.00, real=0.00 secs] 
191.809: Total time for which application threads were stopped: 0.0037130 seconds, Stopping threads took: 0.0015180 seconds
191.848: Application time: 0.0381890 seconds
191.850: [GC [PSYoungGen: 48640K->6352K(48640K)] 153462K->111174K(159744K), 0.0019830 secs] [Times: user=0.02 sys=0.00, real=0.01 secs] 
191.852: Total time for which application threads were stopped: 0.0044440 seconds, Stopping threads took: 0.0023830 seconds
191.890: Application time: 0.0382250 seconds
191.892: [GC [PSYoungGen: 48336K->6656K(48640K)] 153158K->112415K(159744K), 0.0023360 secs] [Times: user=0.02 sys=0.00, real=0.00 secs] 
191.895: Total time for which application threads were stopped: 0.0043920 seconds, Stopping threads took: 0.0019740 seconds
191.932: Application time: 0.0375790 seconds
191.934: [GC [PSYoungGen: 48640K->6640K(48640K)] 154399K->112455K(159744K), 0.0020960 secs] [Times: user=0.02 sys=0.00, real=0.00 secs] 
191.936: Total time for which application threads were stopped: 0.0039230 seconds, Stopping threads took: 0.0017460 seconds
191.974: Application time: 0.0382120 seconds
191.976: [GC [PSYoungGen: 48624K->6624K(48640K)] 154439K->112495K(159744K), 0.0021180 secs] [Times: user=0.02 sys=0.00, real=0.00 secs] 
191.978: Total time for which application threads were stopped: 0.0037880 seconds, Stopping threads took: 0.0015880 seconds
192.016: Application time: 0.0383460 seconds
192.017: [GC [PSYoungGen: 48608K->5600K(48640K)] 154479K->111479K(159744K), 0.0017250 secs] [Times: user=0.02 sys=0.00, real=0.00 secs] 
192.019: Total time for which application threads were stopped: 0.0026750 seconds, Stopping threads took: 0.0008660 seconds
192.059: Application time: 0.0396080 seconds
192.060: [GC [PSYoungGen: 47584K->5536K(48640K)] 153463K->111423K(159744K), 0.0017180 secs] [Times: user=0.01 sys=0.00, real=0.00 secs] 
192.062: Total time for which application threads were stopped: 0.0030090 seconds, Stopping threads took: 0.0012130 seconds
192.099: Application time: 0.0373860 seconds
192.100: [GC [PSYoungGen: 47520K->6656K(48640K)] 153407K->112567K(159744K), 0.0020720 secs] [Times: user=0.02 sys=0.00, real=0.00 secs] 
192.103: Total time for which application threads were stopped: 0.0033680 seconds, Stopping threads took: 0.0012190 seconds
192.140: Application time: 0.0379820 seconds
192.142: [GC [PSYoungGen: 48640K->6656K(48640K)] 154551K->112567K(159744K), 0.0020380 secs] [Times: user=0.01 sys=0.00, real=0.01 secs] 
192.144: Total time for which application threads were stopped: 0.0038790 seconds, Stopping threads took: 0.0017590 seconds
192.184: Application time: 0.0398450 seconds
192.185: [GC [PSYoungGen: 48640K->5920K(48640K)] 154551K->111839K(159744K), 0.0018480 secs] [Times: user=0.02 sys=0.00, real=0.00 secs] 
192.187: Total time for which application threads were stopped: 0.0024720 seconds, Stopping threads took: 0.0005310 seconds
192.225: Application time: 0.0384390 seconds
192.226: [GC [PSYoungGen: 47904K->6656K(48640K)] 153823K->113087K(159744K), 0.0022750 secs] [Times: user=0.02 sys=0.00, real=0.00 secs] 
192.229: Total time for which application threads were stopped: 0.0036650 seconds, Stopping threads took: 0.0013090 seconds
192.266: Application time: 0.0375750 seconds
192.268: [GC [PSYoungGen: 48640K->6656K(48640K)] 155071K->113455K(159744K), 0.0022770 secs] [Times: user=0.02 sys=0.00, real=0.00 secs] 
192.271: Total time for which application threads were stopped: 0.0041760 seconds, Stopping threads took: 0.0018180 seconds
192.308: Application time: 0.0378290 seconds
192.310: [GC [PSYoungGen: 48640K->6640K(48640K)] 155439K->113607K(159744K), 0.0022750 secs] [Times: user=0.01 sys=0.00, real=0.01 secs] 
192.312: Total time for which application threads were stopped: 0.0036830 seconds, Stopping threads took: 0.0013150 seconds
192.347: Application time: 0.0353150 seconds
192.349: [GC [PSYoungGen: 48624K->6656K(48640K)] 155591K->115191K(159744K), 0.0026070 secs] [Times: user=0.02 sys=0.00, real=0.01 secs] 
192.352: Total time for which application threads were stopped: 0.0044860 seconds, Stopping threads took: 0.0017960 seconds
192.390: Application time: 0.0377080 seconds
192.392: [GC [PSYoungGen: 48640K->6640K(48640K)] 157175K->115175K(159744K), 0.0020430 secs] [Times: user=0.01 sys=0.00, real=0.00 secs] 
192.394: Total time for which application threads were stopped: 0.0042970 seconds, Stopping threads took: 0.0021660 seconds
192.432: Application time: 0.0385100 seconds
192.434: [GC [PSYoungGen: 48624K->6640K(48640K)] 157159K->115375K(159744K), 0.0021920 secs] [Times: user=0.01 sys=0.00, real=0.00 secs] 
192.436: Total time for which application threads were stopped: 0.0033800 seconds, Stopping threads took: 0.0011080 seconds
192.474: Application time: 0.0378910 seconds
192.475: [GC [PSYoungGen: 48624K->6656K(48640K)] 157359K->115919K(159744K), 0.0022030 secs] [Times: user=0.02 sys=0.00, real=0.00 secs] 
192.477: Total time for which application threads were stopped: 0.0036070 seconds, Stopping threads took: 0.0013210 seconds
192.516: Application time: 0.0387170 seconds
192.517: [GC [PSYoungGen: 48640K->6496K(48640K)] 157903K->115759K(159744K), 0.0020050 secs] [Times: user=0.01 sys=0.00, real=0.00 secs] 
192.519: Total time for which application threads were stopped: 0.0032730 seconds, Stopping threads took: 0.0011870 seconds
192.556: Application time: 0.0371590 seconds
192.558: [GC [PSYoungGen: 48480K->6640K(48640K)] 157743K->116191K(159744K), 0.0021350 secs] [Times: user=0.01 sys=0.00, real=0.00 secs] 
192.560: Total time for which application threads were stopped: 0.0039310 seconds, Stopping threads took: 0.0017180 seconds
192.598: Application time: 0.0373490 seconds
192.600: [GC [PSYoungGen: 48624K->6624K(48640K)] 158175K->116447K(159744K), 0.0021070 secs] [Times: user=0.01 sys=0.00, real=0.00 secs] 
192.602: Total time for which application threads were stopped: 0.0039380 seconds, Stopping threads took: 0.0017480 seconds
192.639: Application time: 0.0372470 seconds
192.641: [GC [PSYoungGen: 48608K->6624K(48640K)] 158431K->117039K(159744K), 0.0022690 secs] [Times: user=0.01 sys=0.00, real=0.01 secs] 
192.643: [Full GC [PSYoungGen: 6624K->0K(48640K)] [ParOldGen: 110415K->9933K(111104K)] 117039K->9933K(159744K) [PSPermGen: 5182K->5182K(21504K)], 0.0062710 secs] [Times: user=0.03 sys=0.00, real=0.00 secs] 
192.650: Total time for which application threads were stopped: 0.0107470 seconds, Stopping threads took: 0.0020730 seconds
192.688: Application time: 0.0388250 seconds
192.690: [GC [PSYoungGen: 41984K->6656K(48640K)] 51917K->17773K(159744K), 0.0023770 secs] [Times: user=0.02 sys=0.00, real=0.01 secs] 
192.692: Total time for which application threads were stopped: 0.0039060 seconds, Stopping threads took: 0.0014320 seconds
192.729: Application time: 0.0367690 seconds
192.731: [GC [PSYoungGen: 48640K->6656K(48640K)] 59757K->19237K(159744K), 0.0023740 secs] [Times: user=0.02 sys=0.00, real=0.00 secs] 
192.734: Total time for which application threads were stopped: 0.0047290 seconds, Stopping threads took: 0.0022640 seconds
192.771: Application time: 0.0367960 seconds
192.772: [GC [PSYoungGen: 48640K->6656K(48640K)] 61221K->20117K(159744K), 0.0022180 secs] [Times: user=0.02 sys=0.00, real=0.00 secs] 
192.775: Total time for which application threads were stopped: 0.0039680 seconds, Stopping threads took: 0.0016670 seconds
192.812: Application time: 0.0372550 seconds
192.814: [GC [PSYoungGen: 48640K->6656K(48640K)] 62101K->20797K(159744K), 0.0021710 secs] [Times: user=0.02 sys=0.00, real=0.00 secs] 
192.816: Total time for which application threads were stopped: 0.0043200 seconds, Stopping threads took: 0.0020730 seconds
192.854: Application time: 0.0380790 seconds
192.856: [GC [PSYoungGen: 48640K->6272K(48640K)] 62781K->20413K(159744K), 0.0018490 secs] [Times: user=0.02 sys=0.00, real=0.00 secs] 
192.857: Total time for which application threads were stopped: 0.0031300 seconds, Stopping threads took: 0.0012100 seconds
192.895: Application time: 0.0373040 seconds
192.896: [GC [PSYoungGen: 48256K->6656K(48640K)] 62397K->21709K(159744K), 0.0021880 secs] [Times: user=0.01 sys=0.00, real=0.00 secs] 
192.899: Total time for which application threads were stopped: 0.0038160 seconds, Stopping threads took: 0.0015460 seconds
192.935: Application time: 0.0361850 seconds
192.936: [GC [PSYoungGen: 48640K->6656K(48640K)] 63693K->22989K(159744K), 0.0023870 secs] [Times: user=0.01 sys=0.00, real=0.00 secs] 
192.939: Total time for which application threads were stopped: 0.0041330 seconds, Stopping threads took: 0.0016650 seconds
192.977: Application time: 0.0381550 seconds
192.978: [GC [PSYoungGen: 48640K->6288K(48640K)] 64973K->22621K(159744K), 0.0019200 secs] [Times: user=0.01 sys=0.00, real=0.00 secs] 
192.980: Total time for which application threads were stopped: 0.0030530 seconds, Stopping threads took: 0.0010520 seconds
193.018: Application time: 0.0379440 seconds
193.020: [GC [PSYoungGen: 48272K->6640K(48640K)] 64605K->22989K(159744K), 0.0019850 secs] [Times: user=0.01 sys=0.00, real=0.00 secs] 
193.022: Total time for which application threads were stopped: 0.0038850 seconds, Stopping threads took: 0.0018230 seconds
193.059: Application time: 0.0371040 seconds
193.060: [GC [PSYoungGen: 48624K->6656K(48640K)] 64973K->24265K(159744K), 0.0023370 secs] [Times: user=0.02 sys=0.00, real=0.00 secs] 
193.063: Total time for which application threads were stopped: 0.0036980 seconds, Stopping threads took: 0.0012770 seconds
193.099: Application time: 0.0367140 seconds
193.101: [GC [PSYoungGen: 48640K->6656K(48640K)] 66249K->25809K(159744K), 0.0024080 secs] [Times: user=0.02 sys=0.00, real=0.01 secs] 
193.104: Total time for which application threads were stopped: 0.0043030 seconds, Stopping threads took: 0.0018130 seconds
193.141: Application time: 0.0370260 seconds
193.142: [GC [PSYoungGen: 48640K->6656K(48640K)] 67793K->26625K(159744K), 0.0021900 secs] [Times: user=0.02 sys=0.00, real=0.01 secs] 
193.144: Total time for which application threads were stopped: 0.0033710 seconds, Stopping threads took: 0.0010990 seconds
193.181: Application time: 0.0364870 seconds
193.183: [GC [PSYoungGen: 48640K->6656K(48640K)] 68609K->27729K(159744K), 0.0022870 secs] [Times: user=0.02 sys=0.00, real=0.00 secs] 
193.186: Total time for which application threads were stopped: 0.0050750 seconds, Stopping threads took: 0.0027130 seconds
193.222: Application time: 0.0365210 seconds
193.224: [GC [PSYoungGen: 48640K->6656K(48640K)] 69713K->29297K(159744K), 0.0024020 secs] [Times: user=0.02 sys=0.00, real=0.00 secs] 
193.227: Total time for which application threads were stopped: 0.0043960 seconds, Stopping threads took: 0.0019010 seconds
193.264: Application time: 0.0375000 seconds
193.267: [GC [PSYoungGen: 48640K->6656K(48640K)] 71281K->30377K(159744K), 0.0023010 secs] [Times: user=0.02 sys=0.00, real=0.00 secs] 
193.269: Total time for which application threads were stopped: 0.0053120 seconds, Stopping threads took: 0.0029270 seconds
193.306: Application time: 0.0368800 seconds
193.309: [GC [PSYoungGen: 48640K->5920K(48640K)] 72361K->30113K(159744K), 0.0018990 secs] [Times: user=0.01 sys=0.00, real=0.00 secs] 
193.311: Total time for which application threads were stopped: 0.0045270 seconds, Stopping threads took: 0.0025470 seconds
193.347: Application time: 0.0357340 seconds
193.348: [GC [PSYoungGen: 47904K->6656K(48640K)] 72097K->31273K(159744K), 0.0021920 secs] [Times: user=0.01 sys=0.00, real=0.00 secs] 
193.351: Total time for which application threads were stopped: 0.0039580 seconds, Stopping threads took: 0.0016830 seconds
193.389: Application time: 0.0379870 seconds
193.390: [GC [PSYoungGen: 48640K->6528K(48640K)] 73257K->31145K(159744K), 0.0019730 secs] [Times: user=0.02 sys=0.00, real=0.01 secs] 
193.392: Total time for which application threads were stopped: 0.0034520 seconds, Stopping threads took: 0.0013990 seconds
193.431: Application time: 0.0394330 seconds
193.433: [GC [PSYoungGen: 48512K->6656K(48640K)] 73129K->32665K(159744K), 0.0025940 secs] [Times: user=0.02 sys=0.00, real=0.00 secs] 
193.436: Total time for which application threads were stopped: 0.0043270 seconds, Stopping threads took: 0.0016500 seconds
193.477: Application time: 0.0408920 seconds
193.479: [GC [PSYoungGen: 48640K->6640K(48640K)] 74649K->33441K(159744K), 0.0022360 secs] [Times: user=0.02 sys=0.00, real=0.00 secs] 
193.481: Total time for which application threads were stopped: 0.0044070 seconds, Stopping threads took: 0.0020720 seconds
193.521: Application time: 0.0397850 seconds
193.522: [GC [PSYoungGen: 48624K->6640K(48640K)] 75425K->33585K(159744K), 0.0021210 secs] [Times: user=0.02 sys=0.00, real=0.01 secs] 
193.525: Total time for which application threads were stopped: 0.0037450 seconds, Stopping threads took: 0.0015390 seconds
193.565: Application time: 0.0399590 seconds
193.567: [GC [PSYoungGen: 48624K->6416K(48640K)] 75569K->33361K(159744K), 0.0019460 secs] [Times: user=0.02 sys=0.00, real=0.00 secs] 
193.569: Total time for which application threads were stopped: 0.0040090 seconds, Stopping threads took: 0.0019790 seconds
193.609: Application time: 0.0400400 seconds
193.610: [GC [PSYoungGen: 48400K->6448K(48640K)] 75345K->33401K(159744K), 0.0019810 secs] [Times: user=0.01 sys=0.00, real=0.01 secs] 
193.612: Total time for which application threads were stopped: 0.0038520 seconds, Stopping threads took: 0.0017910 seconds
193.652: Application time: 0.0390690 seconds
193.654: [GC [PSYoungGen: 48432K->6624K(48640K)] 75385K->35113K(159744K), 0.0024660 secs] [Times: user=0.02 sys=0.00, real=0.00 secs] 
193.656: Total time for which application threads were stopped: 0.0046330 seconds, Stopping threads took: 0.0020830 seconds
193.697: Application time: 0.0409070 seconds
193.699: [GC [PSYoungGen: 48608K->6640K(48640K)] 77097K->35869K(159744K), 0.0021710 secs] [Times: user=0.02 sys=0.00, real=0.00 secs] 
193.701: Total time for which application threads were stopped: 0.0039250 seconds, Stopping threads took: 0.0016740 seconds
193.740: Application time: 0.0394230 seconds
193.742: [GC [PSYoungGen: 48624K->6656K(48640K)] 77853K->35997K(159744K), 0.0019830 secs] [Times: user=0.01 sys=0.00, real=0.01 secs] 
193.744: Total time for which application threads were stopped: 0.0040000 seconds, Stopping threads took: 0.0019290 seconds
193.785: Application time: 0.0404460 seconds
193.787: [GC [PSYoungGen: 48640K->6368K(48640K)] 77981K->35717K(159744K), 0.0019370 secs] [Times: user=0.01 sys=0.00, real=0.00 secs] 
193.789: Total time for which application threads were stopped: 0.0040070 seconds, Stopping threads took: 0.0019870 seconds
193.829: Application time: 0.0401720 seconds
193.831: [GC [PSYoungGen: 48352K->6640K(48640K)] 77701K->37005K(159744K), 0.0024410 secs] [Times: user=0.01 sys=0.00, real=0.00 secs] 
193.834: Total time for which application threads were stopped: 0.0047480 seconds, Stopping threads took: 0.0022230 seconds
193.874: Application time: 0.0400580 seconds
193.876: [GC [PSYoungGen: 48624K->6624K(48640K)] 78989K->37413K(159744K), 0.0022610 secs] [Times: user=0.01 sys=0.00, real=0.00 secs] 
193.878: Total time for which application threads were stopped: 0.0042040 seconds, Stopping threads took: 0.0018570 seconds
193.917: Application time: 0.0393800 seconds
193.920: [GC [PSYoungGen: 48608K->5200K(48640K)] 79397K->35997K(159744K), 0.0015530 secs] [Times: user=0.01 sys=0.00, real=0.00 secs] 
193.922: Total time for which application threads were stopped: 0.0044090 seconds, Stopping threads took: 0.0027800 seconds
193.961: Application time: 0.0390980 seconds
193.963: [GC [PSYoungGen: 47184K->6576K(48640K)] 77981K->37373K(159744K), 0.0019420 secs] [Times: user=0.01 sys=0.00, real=0.01 secs] 
193.965: Total time for which application threads were stopped: 0.0036950 seconds, Stopping threads took: 0.0016720 seconds
194.005: Application time: 0.0406790 seconds
194.007: [GC [PSYoungGen: 48560K->6624K(48640K)] 79357K->38157K(159744K), 0.0021960 secs] [Times: user=0.01 sys=0.00, real=0.00 secs] 
194.009: Total time for which application threads were stopped: 0.0040180 seconds, Stopping threads took: 0.0017340 seconds
194.049: Application time: 0.0393900 seconds
194.051: [GC [PSYoungGen: 48608K->6656K(48640K)] 80141K->38637K(159744K), 0.0020740 secs] [Times: user=0.01 sys=0.00, real=0.01 secs] 
194.053: Total time for which application threads were stopped: 0.0042800 seconds, Stopping threads took: 0.0021260 seconds
194.093: Application time: 0.0395390 seconds
194.095: [GC [PSYoungGen: 48640K->6640K(48640K)] 80621K->39053K(159744K), 0.0021340 secs] [Times: user=0.02 sys=0.00, real=0.00 secs] 
194.097: Total time for which application threads were stopped: 0.0041150 seconds, Stopping threads took: 0.0018990 seconds
194.137: Application time: 0.0403480 seconds
194.139: [GC [PSYoungGen: 48624K->6640K(48640K)] 81037K->39885K(159744K), 0.0022260 secs] [Times: user=0.01 sys=0.00, real=0.00 secs] 
194.141: Total time for which application threads were stopped: 0.0043740 seconds, Stopping threads took: 0.0020640 seconds
194.182: Application time: 0.0405970 seconds
194.183: [GC [PSYoungGen: 48624K->6656K(48640K)] 81869K->40229K(159744K), 0.0020930 secs] [Times: user=0.01 sys=0.00, real=0.00 secs] 
194.186: Total time for which application threads were stopped: 0.0035140 seconds, Stopping threads took: 0.0013370 seconds
194.226: Application time: 0.0406990 seconds
194.228: [GC [PSYoungGen: 48640K->6592K(48640K)] 82213K->40165K(159744K), 0.0019740 secs] [Times: user=0.01 sys=0.00, real=0.00 secs] 
194.230: Total time for which application threads were stopped: 0.0036850 seconds, Stopping threads took: 0.0016250 seconds
194.270: Application time: 0.0396990 seconds
194.272: [GC [PSYoungGen: 48576K->6656K(48640K)] 82149K->40953K(159744K), 0.0022710 secs] [Times: user=0.01 sys=0.00, real=0.00 secs] 
194.275: Total time for which application threads were stopped: 0.0049350 seconds, Stopping threads took: 0.0025740 seconds
194.313: Application time: 0.0385020 seconds
194.316: [GC [PSYoungGen: 48640K->6208K(48640K)] 82937K->40513K(159744K), 0.0018990 secs] [Times: user=0.01 sys=0.00, real=0.00 secs] 
194.318: Total time for which application threads were stopped: 0.0045380 seconds, Stopping threads took: 0.0025360 seconds
194.357: Application time: 0.0390450 seconds
194.359: [GC [PSYoungGen: 48192K->6432K(48640K)] 82497K->40753K(159744K), 0.0021510 secs] [Times: user=0.01 sys=0.00, real=0.00 secs] 
194.361: Total time for which application threads were stopped: 0.0045010 seconds, Stopping threads took: 0.0022650 seconds
194.402: Application time: 0.0404860 seconds
194.403: [GC [PSYoungGen: 48416K->6656K(48640K)] 82737K->41041K(159744K), 0.0021970 secs] [Times: user=0.02 sys=0.00, real=0.00 secs] 
194.406: Total time for which application threads were stopped: 0.0040440 seconds, Stopping threads took: 0.0017520 seconds
194.445: Application time: 0.0393930 seconds
194.447: [GC [PSYoungGen: 48640K->6656K(48640K)] 83025K->42493K(159744K), 0.0026100 secs] [Times: user=0.01 sys=0.00, real=0.00 secs] 
194.450: Total time for which application threads were stopped: 0.0049950 seconds, Stopping threads took: 0.0022970 seconds
194.490: Application time: 0.0396060 seconds
194.492: [GC [PSYoungGen: 48640K->6640K(48640K)] 84477K->43397K(159744K), 0.0022850 secs] [Times: user=0.01 sys=0.00, real=0.00 secs] 
194.495: Total time for which application threads were stopped: 0.0049940 seconds, Stopping threads took: 0.0026290 seconds
194.535: Application time: 0.0406340 seconds
194.537: [GC [PSYoungGen: 48624K->6640K(48640K)] 85381K->43789K(159744K), 0.0021780 secs] [Times: user=0.01 sys=0.00, real=0.00 secs] 
194.539: Total time for which application threads were stopped: 0.0039320 seconds, Stopping threads took: 0.0016710 seconds
194.579: Application time: 0.0401600 seconds
194.581: [GC [PSYoungGen: 48624K->5920K(48640K)] 85773K->43069K(159744K), 0.0017570 secs] [Times: user=0.01 sys=0.00, real=0.00 secs] 
194.583: Total time for which application threads were stopped: 0.0033770 seconds, Stopping threads took: 0.0015410 seconds
194.623: Application time: 0.0403260 seconds
194.625: [GC [PSYoungGen: 47904K->6288K(48640K)] 85053K->43445K(159744K), 0.0019010 secs] [Times: user=0.01 sys=0.00, real=0.00 secs] 
194.627: Total time for which application threads were stopped: 0.0038530 seconds, Stopping threads took: 0.0018710 seconds
194.668: Application time: 0.0413920 seconds
194.670: [GC [PSYoungGen: 48272K->6320K(48640K)] 85429K->43485K(159744K), 0.0019060 secs] [Times: user=0.01 sys=0.00, real=0.01 secs] 
194.672: Total time for which application threads were stopped: 0.0039930 seconds, Stopping threads took: 0.0019960 seconds
194.714: Application time: 0.0411730 seconds
194.715: [GC [PSYoungGen: 48304K->6656K(48640K)] 85469K->44797K(159744K), 0.0023240 secs] [Times: user=0.01 sys=0.00, real=0.00 secs] 
194.717: Total time for which application threads were stopped: 0.0038730 seconds, Stopping threads took: 0.0014650 seconds
194.758: Application time: 0.0403630 seconds
194.759: [GC [PSYoungGen: 48640K->6224K(48640K)] 86781K->44365K(159744K), 0.0019240 secs] [Times: user=0.01 sys=0.00, real=0.00 secs] 
194.761: Total time for which application threads were stopped: 0.0031810 seconds, Stopping threads took: 0.0011730 seconds
194.802: Application time: 0.0410480 seconds
194.804: [GC [PSYoungGen: 48208K->6640K(48640K)] 86349K->45069K(159744K), 0.0020110 secs] [Times: user=0.01 sys=0.00, real=0.00 secs] 
194.806: Total time for which application threads were stopped: 0.0036600 seconds, Stopping threads took: 0.0015600 seconds
194.847: Application time: 0.0411390 seconds
194.848: [GC [PSYoungGen: 48624K->6656K(48640K)] 87053K->45813K(159744K), 0.0023460 secs] [Times: user=0.02 sys=0.00, real=0.00 secs] 
194.851: Total time for which application threads were stopped: 0.0037480 seconds, Stopping threads took: 0.0013190 seconds
194.891: Application time: 0.0399370 seconds
194.892: [GC [PSYoungGen: 48640K->5776K(48640K)] 87797K->44941K(159744K), 0.0018170 secs] [Times: user=0.01 sys=0.00, real=0.00 secs] 
194.894: Total time for which application threads were stopped: 0.0037540 seconds, Stopping threads took: 0.0018130 seconds
194.935: Application time: 0.0407230 seconds
194.937: [GC [PSYoungGen: 47760K->6640K(48640K)] 86925K->45829K(159744K), 0.0020880 secs] [Times: user=0.01 sys=0.00, real=0.00 secs] 
194.939: Total time for which application threads were stopped: 0.0037440 seconds, Stopping threads took: 0.0015790 seconds
194.979: Application time: 0.0403340 seconds
194.981: [GC [PSYoungGen: 48624K->6656K(48640K)] 87813K->46069K(159744K), 0.0020300 secs] [Times: user=0.02 sys=0.00, real=0.01 secs] 
194.983: Total time for which application threads were stopped: 0.0042480 seconds, Stopping threads took: 0.0021330 seconds
195.024: Application time: 0.0411320 seconds
195.026: [GC [PSYoungGen: 48640K->5856K(48640K)] 88053K->45277K(159744K), 0.0018680 secs] [Times: user=0.01 sys=0.00, real=0.00 secs] 
195.028: Total time for which application threads were stopped: 0.0031610 seconds, Stopping threads took: 0.0012120 seconds
195.070: Application time: 0.0418960 seconds
195.071: [GC [PSYoungGen: 47840K->5312K(48640K)] 87261K->44741K(159744K), 0.0016960 secs] [Times: user=0.01 sys=0.00, real=0.00 secs] 
195.073: Total time for which application threads were stopped: 0.0034760 seconds, Stopping threads took: 0.0017050 seconds
195.112: Application time: 0.0393060 seconds
195.114: [GC [PSYoungGen: 47296K->6656K(48640K)] 86725K->47001K(159744K), 0.0023340 secs] [Times: user=0.02 sys=0.00, real=0.00 secs] 
195.117: Total time for which application threads were stopped: 0.0044900 seconds, Stopping threads took: 0.0020710 seconds
195.158: Application time: 0.0407300 seconds
195.159: [GC [PSYoungGen: 48639K->6640K(48640K)] 88984K->47753K(159744K), 0.0022320 secs] [Times: user=0.02 sys=0.00, real=0.00 secs] 
195.161: Total time for which application threads were stopped: 0.0036130 seconds, Stopping threads took: 0.0012970 seconds
195.202: Application time: 0.0411630 seconds
195.203: [GC [PSYoungGen: 48624K->5872K(48640K)] 89737K->46993K(159744K), 0.0018050 secs] [Times: user=0.01 sys=0.00, real=0.00 secs] 
195.205: Total time for which application threads were stopped: 0.0029080 seconds, Stopping threads took: 0.0010200 seconds
195.244: Application time: 0.0391840 seconds
195.246: [GC [PSYoungGen: 47856K->6640K(48640K)] 88977K->47809K(159744K), 0.0020200 secs] [Times: user=0.01 sys=0.00, real=0.00 secs] 
195.248: Total time for which application threads were stopped: 0.0032410 seconds, Stopping threads took: 0.0011410 seconds
195.288: Application time: 0.0400050 seconds
195.288: [GC [PSYoungGen: 48624K->6624K(48640K)] 89793K->47882K(159744K), 0.0020920 secs] [Times: user=0.01 sys=0.00, real=0.00 secs] 
195.290: Total time for which application threads were stopped: 0.0025720 seconds, Stopping threads took: 0.0004030 seconds
195.329: Application time: 0.0391850 seconds
195.331: [GC [PSYoungGen: 48608K->6288K(48640K)] 89866K->47546K(159744K), 0.0018860 secs] [Times: user=0.01 sys=0.00, real=0.00 secs] 
195.333: Total time for which application threads were stopped: 0.0036830 seconds, Stopping threads took: 0.0017090 seconds
195.373: Application time: 0.0400700 seconds
195.375: [GC [PSYoungGen: 48272K->6656K(48640K)] 89530K->48546K(159744K), 0.0021400 secs] [Times: user=0.01 sys=0.00, real=0.00 secs] 
195.378: Total time for which application threads were stopped: 0.0043830 seconds, Stopping threads took: 0.0021590 seconds
195.417: Application time: 0.0398350 seconds
195.419: [GC [PSYoungGen: 48640K->5728K(48640K)] 90530K->47626K(159744K), 0.0016630 secs] [Times: user=0.01 sys=0.00, real=0.00 secs] 
195.421: Total time for which application threads were stopped: 0.0032370 seconds, Stopping threads took: 0.0014970 seconds
195.459: Application time: 0.0384800 seconds
195.461: [GC [PSYoungGen: 47712K->6640K(48640K)] 89610K->49842K(159744K), 0.0023970 secs] [Times: user=0.02 sys=0.00, real=0.01 secs] 
195.464: Total time for which application threads were stopped: 0.0047110 seconds, Stopping threads took: 0.0022290 seconds
195.504: Application time: 0.0398410 seconds
195.505: [GC [PSYoungGen: 48624K->6512K(48640K)] 91826K->49714K(159744K), 0.0019740 secs] [Times: user=0.01 sys=0.00, real=0.00 secs] 
195.507: Total time for which application threads were stopped: 0.0037110 seconds, Stopping threads took: 0.0016540 seconds
195.547: Application time: 0.0394880 seconds
195.548: [GC [PSYoungGen: 48496K->6640K(48640K)] 91698K->51138K(159744K), 0.0024180 secs] [Times: user=0.02 sys=0.00, real=0.00 secs] 
195.551: Total time for which application threads were stopped: 0.0040410 seconds, Stopping threads took: 0.0015410 seconds
195.591: Application time: 0.0404500 seconds
195.594: [GC [PSYoungGen: 48624K->6352K(48640K)] 93122K->50850K(159744K), 0.0019310 secs] [Times: user=0.01 sys=0.00, real=0.00 secs] 
195.596: Total time for which application threads were stopped: 0.0042100 seconds, Stopping threads took: 0.0021950 seconds
195.638: Application time: 0.0419410 seconds
195.639: [GC [PSYoungGen: 48336K->6032K(48640K)] 92834K->50538K(159744K), 0.0018310 secs] [Times: user=0.01 sys=0.00, real=0.00 secs] 
195.641: Total time for which application threads were stopped: 0.0037300 seconds, Stopping threads took: 0.0018170 seconds
195.682: Application time: 0.0402760 seconds
195.685: [GC [PSYoungGen: 48016K->6432K(48640K)] 92522K->50938K(159744K), 0.0019960 secs] [Times: user=0.01 sys=0.00, real=0.00 secs] 
195.687: Total time for which application threads were stopped: 0.0053200 seconds, Stopping threads took: 0.0032420 seconds
195.728: Application time: 0.0416060 seconds
195.730: [GC [PSYoungGen: 48416K->6320K(48640K)] 92922K->50834K(159744K), 0.0020230 secs] [Times: user=0.02 sys=0.00, real=0.01 secs] 
195.732: Total time for which application threads were stopped: 0.0037770 seconds, Stopping threads took: 0.0016700 seconds
195.772: Application time: 0.0392430 seconds
195.774: [GC [PSYoungGen: 48304K->6144K(48640K)] 92818K->50666K(159744K), 0.0019060 secs] [Times: user=0.02 sys=0.00, real=0.00 secs] 
195.776: Total time for which application threads were stopped: 0.0048010 seconds, Stopping threads took: 0.0028150 seconds
195.818: Application time: 0.0412490 seconds
195.819: [GC [PSYoungGen: 48128K->6656K(48640K)] 92650K->51778K(159744K), 0.0022180 secs] [Times: user=0.02 sys=0.00, real=0.00 secs] 
195.822: Total time for which application threads were stopped: 0.0041560 seconds, Stopping threads took: 0.0018560 seconds
195.862: Application time: 0.0399140 seconds
195.864: [GC [PSYoungGen: 48639K->5952K(48640K)] 93761K->51090K(159744K), 0.0018770 secs] [Times: user=0.01 sys=0.00, real=0.00 secs] 
195.866: Total time for which application threads were stopped: 0.0038750 seconds, Stopping threads took: 0.0018990 seconds
195.907: Application time: 0.0410730 seconds
195.908: [GC [PSYoungGen: 47936K->6304K(48640K)] 93074K->51442K(159744K), 0.0018490 secs] [Times: user=0.01 sys=0.00, real=0.00 secs] 
195.910: Total time for which application threads were stopped: 0.0037800 seconds, Stopping threads took: 0.0018530 seconds
195.951: Application time: 0.0410280 seconds
195.953: [GC [PSYoungGen: 48288K->6256K(48640K)] 93426K->51410K(159744K), 0.0018720 secs] [Times: user=0.01 sys=0.00, real=0.00 secs] 
195.955: Total time for which application threads were stopped: 0.0033880 seconds, Stopping threads took: 0.0014330 seconds
195.996: Application time: 0.0410490 seconds
195.997: [GC [PSYoungGen: 48240K->5264K(48640K)] 93394K->50426K(159744K), 0.0016560 secs] [Times: user=0.01 sys=0.00, real=0.00 secs] 
195.998: Total time for which application threads were stopped: 0.0026290 seconds, Stopping threads took: 0.0009010 seconds
196.039: Application time: 0.0407200 seconds
196.040: [GC [PSYoungGen: 47248K->6656K(48640K)] 92410K->52154K(159744K), 0.0022030 secs] [Times: user=0.01 sys=0.00, real=0.00 secs] 
196.043: Total time for which application threads were stopped: 0.0034700 seconds, Stopping threads took: 0.0011870 seconds
196.083: Application time: 0.0404210 seconds
196.085: [GC [PSYoungGen: 48640K->6400K(48640K)] 94138K->51898K(159744K), 0.0019230 secs] [Times: user=0.02 sys=0.00, real=0.00 secs] 
196.086: Total time for which application threads were stopped: 0.0033740 seconds, Stopping threads took: 0.0013770 seconds
196.127: Application time: 0.0400860 seconds
196.129: [GC [PSYoungGen: 48384K->6624K(48640K)] 93882K->53110K(159744K), 0.0023170 secs] [Times: user=0.01 sys=0.00, real=0.00 secs] 
196.131: Total time for which application threads were stopped: 0.0043890 seconds, Stopping threads took: 0.0019880 seconds
196.171: Application time: 0.0401880 seconds
196.173: [GC [PSYoungGen: 48608K->6656K(48640K)] 95094K->54446K(159744K), 0.0023660 secs] [Times: user=0.02 sys=0.00, real=0.00 secs] 
196.176: Total time for which application threads were stopped: 0.0047260 seconds, Stopping threads took: 0.0022750 seconds
196.215: Application time: 0.0395620 seconds
196.217: [GC [PSYoungGen: 48639K->6320K(48640K)] 96430K->54110K(159744K), 0.0018520 secs] [Times: user=0.01 sys=0.00, real=0.00 secs] 
196.219: Total time for which application threads were stopped: 0.0035940 seconds, Stopping threads took: 0.0016640 seconds
196.258: Application time: 0.0386930 seconds
196.260: [GC [PSYoungGen: 48304K->6656K(48640K)] 96094K->55014K(159744K), 0.0021470 secs] [Times: user=0.01 sys=0.00, real=0.00 secs] 
196.262: Total time for which application threads were stopped: 0.0042110 seconds, Stopping threads took: 0.0019820 seconds
196.304: Application time: 0.0419000 seconds
196.306: [GC [PSYoungGen: 48640K->6640K(48640K)] 96998K->55438K(159744K), 0.0021600 secs] [Times: user=0.01 sys=0.00, real=0.00 secs] 
196.309: Total time for which application threads were stopped: 0.0047280 seconds, Stopping threads took: 0.0024850 seconds
196.349: Application time: 0.0400390 seconds
196.350: [GC [PSYoungGen: 48624K->6656K(48640K)] 97422K->55462K(159744K), 0.0019450 secs] [Times: user=0.01 sys=0.00, real=0.01 secs] 
196.352: Total time for which application threads were stopped: 0.0037730 seconds, Stopping threads took: 0.0017450 seconds
196.392: Application time: 0.0398300 seconds
196.394: [GC [PSYoungGen: 48640K->6656K(48640K)] 97446K->56726K(159744K), 0.0024370 secs] [Times: user=0.02 sys=0.00, real=0.00 secs] 
196.396: Total time for which application threads were stopped: 0.0042220 seconds, Stopping threads took: 0.0016910 seconds
196.436: Application time: 0.0392510 seconds
196.439: [GC [PSYoungGen: 48640K->6624K(48640K)] 98710K->57310K(159744K), 0.0022780 secs] [Times: user=0.02 sys=0.00, real=0.00 secs] 
196.441: Total time for which application threads were stopped: 0.0052480 seconds, Stopping threads took: 0.0028870 seconds
196.481: Application time: 0.0399210 seconds
196.483: [GC [PSYoungGen: 48608K->6640K(48640K)] 99294K->58270K(159744K), 0.0022930 secs] [Times: user=0.01 sys=0.00, real=0.01 secs] 
196.485: Total time for which application threads were stopped: 0.0042620 seconds, Stopping threads took: 0.0018850 seconds
196.526: Application time: 0.0406520 seconds
196.528: [GC [PSYoungGen: 48624K->6656K(48640K)] 100254K->58546K(159744K), 0.0021150 secs] [Times: user=0.02 sys=0.00, real=0.00 secs] 
196.530: Total time for which application threads were stopped: 0.0039150 seconds, Stopping threads took: 0.0016970 seconds
196.569: Application time: 0.0395220 seconds
196.571: [GC [PSYoungGen: 48640K->6624K(48640K)] 100530K->58594K(159744K), 0.0020770 secs] [Times: user=0.01 sys=0.00, real=0.01 secs] 
196.573: Total time for which application threads were stopped: 0.0035610 seconds, Stopping threads took: 0.0014030 seconds
196.613: Application time: 0.0404510 seconds
196.615: [GC [PSYoungGen: 48608K->6624K(48640K)] 100578K->59354K(159744K), 0.0022130 secs] [Times: user=0.01 sys=0.00, real=0.00 secs] 
196.618: Total time for which application threads were stopped: 0.0042900 seconds, Stopping threads took: 0.0019920 seconds
196.659: Application time: 0.0412780 seconds
196.660: [GC [PSYoungGen: 48606K->5696K(48640K)] 101336K->58426K(159744K), 0.0017430 secs] [Times: user=0.01 sys=0.00, real=0.00 secs] 
196.662: Total time for which application threads were stopped: 0.0031160 seconds, Stopping threads took: 0.0012960 seconds
196.703: Application time: 0.0410660 seconds
196.705: [GC [PSYoungGen: 47680K->6544K(48640K)] 100410K->59282K(159744K), 0.0019290 secs] [Times: user=0.01 sys=0.00, real=0.00 secs] 
196.707: Total time for which application threads were stopped: 0.0036440 seconds, Stopping threads took: 0.0016310 seconds
196.747: Application time: 0.0403830 seconds
196.748: [GC [PSYoungGen: 48528K->5408K(48640K)] 101266K->58162K(159744K), 0.0016390 secs] [Times: user=0.01 sys=0.00, real=0.00 secs] 
196.750: Total time for which application threads were stopped: 0.0027930 seconds, Stopping threads took: 0.0010760 seconds
196.792: Application time: 0.0417610 seconds
196.793: [GC [PSYoungGen: 47392K->6624K(48640K)] 100146K->60338K(159744K), 0.0022990 secs] [Times: user=0.02 sys=0.00, real=0.00 secs] 
196.795: Total time for which application threads were stopped: 0.0038610 seconds, Stopping threads took: 0.0014790 seconds
196.836: Application time: 0.0408060 seconds
196.838: [GC [PSYoungGen: 48608K->6640K(48640K)] 102322K->61610K(159744K), 0.0024420 secs] [Times: user=0.01 sys=0.00, real=0.00 secs] 
196.841: Total time for which application threads were stopped: 0.0044000 seconds, Stopping threads took: 0.0018720 seconds
196.881: Application time: 0.0406290 seconds
196.883: [GC [PSYoungGen: 48624K->6656K(48640K)] 103594K->62490K(159744K), 0.0022850 secs] [Times: user=0.02 sys=0.00, real=0.01 secs] 
196.885: Total time for which application threads were stopped: 0.0035730 seconds, Stopping threads took: 0.0012030 seconds
196.926: Application time: 0.0407010 seconds
196.927: [GC [PSYoungGen: 48640K->6656K(48640K)] 104474K->62562K(159744K), 0.0021110 secs] [Times: user=0.02 sys=0.00, real=0.00 secs] 
196.930: Total time for which application threads were stopped: 0.0039650 seconds, Stopping threads took: 0.0017600 seconds
196.969: Application time: 0.0391090 seconds
196.970: [GC [PSYoungGen: 48640K->6656K(48640K)] 104546K->63566K(159744K), 0.0022970 secs] [Times: user=0.02 sys=0.00, real=0.01 secs] 
196.972: Total time for which application threads were stopped: 0.0037430 seconds, Stopping threads took: 0.0013610 seconds
197.012: Application time: 0.0394960 seconds
197.013: [GC [PSYoungGen: 48640K->6656K(48640K)] 105550K->64430K(159744K), 0.0024380 secs] [Times: user=0.02 sys=0.00, real=0.00 secs] 
197.016: Total time for which application threads were stopped: 0.0037730 seconds, Stopping threads took: 0.0012500 seconds
197.056: Application time: 0.0400020 seconds
197.057: [GC [PSYoungGen: 48640K->6560K(48640K)] 106414K->64334K(159744K), 0.0020110 secs] [Times: user=0.02 sys=0.00, real=0.00 secs] 
197.059: Total time for which application threads were stopped: 0.0036140 seconds, Stopping threads took: 0.0015120 seconds
197.100: Application time: 0.0405910 seconds
197.101: [GC [PSYoungGen: 48544K->6656K(48640K)] 106318K->64686K(159744K), 0.0020490 secs] [Times: user=0.01 sys=0.00, real=0.01 secs] 
197.104: Total time for which application threads were stopped: 0.0036650 seconds, Stopping threads took: 0.0015310 seconds
197.145: Application time: 0.0410820 seconds
197.146: [GC [PSYoungGen: 48640K->5376K(48640K)] 106670K->63406K(159744K), 0.0016600 secs] [Times: user=0.01 sys=0.00, real=0.00 secs] 
197.148: Total time for which application threads were stopped: 0.0030870 seconds, Stopping threads took: 0.0013520 seconds
197.190: Application time: 0.0423850 seconds
197.192: [GC [PSYoungGen: 47360K->4640K(48640K)] 105390K->62670K(159744K), 0.0016230 secs] [Times: user=0.01 sys=0.00, real=0.00 secs] 
197.193: Total time for which application threads were stopped: 0.0031440 seconds, Stopping threads took: 0.0014510 seconds
197.235: Application time: 0.0417450 seconds
197.237: [GC [PSYoungGen: 46624K->5264K(48640K)] 104654K->63294K(159744K), 0.0017360 secs] [Times: user=0.01 sys=0.00, real=0.00 secs] 
197.238: Total time for which application threads were stopped: 0.0033570 seconds, Stopping threads took: 0.0015460 seconds
197.279: Application time: 0.0403570 seconds
197.281: [GC [PSYoungGen: 47248K->6576K(48640K)] 105278K->64622K(159744K), 0.0021280 secs] [Times: user=0.01 sys=0.00, real=0.01 secs] 
197.283: Total time for which application threads were stopped: 0.0045930 seconds, Stopping threads took: 0.0023810 seconds
197.324: Application time: 0.0407930 seconds
197.325: [GC [PSYoungGen: 48560K->4960K(48640K)] 106606K->63014K(159744K), 0.0019130 secs] [Times: user=0.01 sys=0.00, real=0.00 secs] 
197.327: Total time for which application threads were stopped: 0.0029370 seconds, Stopping threads took: 0.0009490 seconds
197.368: Application time: 0.0411530 seconds
197.370: [GC [PSYoungGen: 46944K->5360K(48640K)] 104998K->63422K(159744K), 0.0017560 secs] [Times: user=0.01 sys=0.00, real=0.01 secs] 
197.372: Total time for which application threads were stopped: 0.0040190 seconds, Stopping threads took: 0.0021830 seconds
197.411: Application time: 0.0391180 seconds
197.413: [GC [PSYoungGen: 47344K->5936K(48640K)] 105406K->63998K(159744K), 0.0017520 secs] [Times: user=0.01 sys=0.00, real=0.00 secs] 
197.415: Total time for which application threads were stopped: 0.0037510 seconds, Stopping threads took: 0.0019210 seconds
197.455: Application time: 0.0395140 seconds
197.456: [GC [PSYoungGen: 47920K->4336K(48640K)] 105982K->62406K(159744K), 0.0013830 secs] [Times: user=0.01 sys=0.00, real=0.00 secs] 
197.457: Total time for which application threads were stopped: 0.0026760 seconds, Stopping threads took: 0.0012150 seconds
197.495: Application time: 0.0382180 seconds
197.498: [GC [PSYoungGen: 46320K->6656K(48640K)] 104390K->65654K(159744K), 0.0023010 secs] [Times: user=0.01 sys=0.00, real=0.00 secs] 
197.501: Total time for which application threads were stopped: 0.0050720 seconds, Stopping threads took: 0.0026920 seconds
197.538: Application time: 0.0375280 seconds
197.540: [GC [PSYoungGen: 48640K->6656K(48640K)] 107638K->66911K(159744K), 0.0023310 secs] [Times: user=0.01 sys=0.00, real=0.00 secs] 
197.542: Total time for which application threads were stopped: 0.0040240 seconds, Stopping threads took: 0.0016100 seconds
197.579: Application time: 0.0368120 seconds
197.580: [GC [PSYoungGen: 48640K->6656K(48640K)] 108895K->67683K(159744K), 0.0022270 secs] [Times: user=0.01 sys=0.00, real=0.00 secs] 
197.583: Total time for which application threads were stopped: 0.0036300 seconds, Stopping threads took: 0.0013200 seconds
197.621: Application time: 0.0382080 seconds
197.623: [GC [PSYoungGen: 48640K->4704K(48640K)] 109667K->65731K(159744K), 0.0014680 secs] [Times: user=0.01 sys=0.00, real=0.01 secs] 
197.624: Total time for which application threads were stopped: 0.0035840 seconds, Stopping threads took: 0.0020420 seconds
197.664: Application time: 0.0391850 seconds
197.664: [GC [PSYoungGen: 46688K->5136K(48640K)] 107715K->66163K(159744K), 0.0015870 secs] [Times: user=0.01 sys=0.00, real=0.00 secs] 
197.666: Total time for which application threads were stopped: 0.0021700 seconds, Stopping threads took: 0.0005110 seconds
197.704: Application time: 0.0379740 seconds
197.705: [GC [PSYoungGen: 47120K->6592K(48640K)] 108147K->67619K(159744K), 0.0019910 secs] [Times: user=0.02 sys=0.00, real=0.00 secs] 
197.707: Total time for which application threads were stopped: 0.0031800 seconds, Stopping threads took: 0.0011100 seconds
197.746: Application time: 0.0386340 seconds
197.747: [GC [PSYoungGen: 48576K->5472K(48640K)] 109603K->66499K(159744K), 0.0016940 secs] [Times: user=0.01 sys=0.00, real=0.00 secs] 
197.749: Total time for which application threads were stopped: 0.0036590 seconds, Stopping threads took: 0.0018910 seconds
197.786: Application time: 0.0365590 seconds
197.788: [GC [PSYoungGen: 47456K->6640K(48640K)] 108483K->68195K(159744K), 0.0021720 secs] [Times: user=0.01 sys=0.00, real=0.00 secs] 
197.790: Total time for which application threads were stopped: 0.0043300 seconds, Stopping threads took: 0.0020780 seconds
197.826: Application time: 0.0361290 seconds
197.828: [GC [PSYoungGen: 48624K->6640K(48640K)] 110179K->68955K(159744K), 0.0021990 secs] [Times: user=0.02 sys=0.00, real=0.00 secs] 
197.830: Total time for which application threads were stopped: 0.0039190 seconds, Stopping threads took: 0.0016390 seconds
197.867: Application time: 0.0371650 seconds
197.869: [GC [PSYoungGen: 48624K->6624K(48640K)] 110939K->69987K(159744K), 0.0022660 secs] [Times: user=0.02 sys=0.00, real=0.01 secs] 
197.871: Total time for which application threads were stopped: 0.0040650 seconds, Stopping threads took: 0.0017200 seconds
197.909: Application time: 0.0373950 seconds
197.910: [GC [PSYoungGen: 48608K->6640K(48640K)] 111971K->70339K(159744K), 0.0021070 secs] [Times: user=0.02 sys=0.00, real=0.01 secs] 
197.913: Total time for which application threads were stopped: 0.0037790 seconds, Stopping threads took: 0.0015900 seconds
197.949: Application time: 0.0364220 seconds
197.951: [GC [PSYoungGen: 48624K->6656K(48640K)] 112323K->71843K(159744K), 0.0024120 secs] [Times: user=0.01 sys=0.00, real=0.01 secs] 
197.953: Total time for which application threads were stopped: 0.0044650 seconds, Stopping threads took: 0.0019690 seconds
197.992: Application time: 0.0384490 seconds
197.994: [GC [PSYoungGen: 48640K->6640K(48640K)] 113827K->72571K(159744K), 0.0022020 secs] [Times: user=0.01 sys=0.00, real=0.00 secs] 
197.996: Total time for which application threads were stopped: 0.0042360 seconds, Stopping threads took: 0.0019470 seconds
198.036: Application time: 0.0394260 seconds
198.037: [GC [PSYoungGen: 48624K->4944K(48640K)] 114555K->70875K(159744K), 0.0015890 secs] [Times: user=0.01 sys=0.00, real=0.00 secs] 
198.039: Total time for which application threads were stopped: 0.0030980 seconds, Stopping threads took: 0.0014400 seconds
198.078: Application time: 0.0388730 seconds
198.079: [GC [PSYoungGen: 46928K->6640K(48640K)] 112859K->73131K(159744K), 0.0021290 secs] [Times: user=0.01 sys=0.00, real=0.00 secs] 
198.081: Total time for which application threads were stopped: 0.0035700 seconds, Stopping threads took: 0.0013600 seconds
198.119: Application time: 0.0374220 seconds
198.121: [GC [PSYoungGen: 48624K->6640K(48640K)] 115115K->73963K(159744K), 0.0022760 secs] [Times: user=0.02 sys=0.00, real=0.00 secs] 
198.123: Total time for which application threads were stopped: 0.0045810 seconds, Stopping threads took: 0.0022240 seconds
198.161: Application time: 0.0376550 seconds
198.162: [GC [PSYoungGen: 48624K->5952K(48640K)] 115947K->73275K(159744K), 0.0017390 secs] [Times: user=0.01 sys=0.00, real=0.01 secs] 
198.164: Total time for which application threads were stopped: 0.0033820 seconds, Stopping threads took: 0.0015690 seconds
198.202: Application time: 0.0379410 seconds
198.203: [GC [PSYoungGen: 47936K->6624K(48640K)] 115259K->74083K(159744K), 0.0020740 secs] [Times: user=0.01 sys=0.00, real=0.00 secs] 
198.205: Total time for which application threads were stopped: 0.0032700 seconds, Stopping threads took: 0.0011190 seconds
198.244: Application time: 0.0387870 seconds
198.247: [GC [PSYoungGen: 48608K->5456K(48640K)] 116067K->72915K(159744K), 0.0017870 secs] [Times: user=0.01 sys=0.00, real=0.00 secs] 
198.249: Total time for which application threads were stopped: 0.0044620 seconds, Stopping threads took: 0.0026020 seconds
198.286: Application time: 0.0369850 seconds
198.287: [GC [PSYoungGen: 47440K->6656K(48640K)] 114899K->74475K(159744K), 0.0021120 secs] [Times: user=0.02 sys=0.00, real=0.00 secs] 
198.289: Total time for which application threads were stopped: 0.0038800 seconds, Stopping threads took: 0.0016890 seconds
198.328: Application time: 0.0380630 seconds
198.330: [GC [PSYoungGen: 48640K->6656K(48640K)] 116459K->74699K(159744K), 0.0024750 secs] [Times: user=0.01 sys=0.00, real=0.01 secs] 
198.333: Total time for which application threads were stopped: 0.0052170 seconds, Stopping threads took: 0.0026420 seconds
198.370: Application time: 0.0376670 seconds
198.372: [GC [PSYoungGen: 48640K->6400K(48640K)] 116683K->74443K(159744K), 0.0019380 secs] [Times: user=0.02 sys=0.00, real=0.00 secs] 
198.374: Total time for which application threads were stopped: 0.0035160 seconds, Stopping threads took: 0.0015000 seconds
198.411: Application time: 0.0368440 seconds
198.412: [GC [PSYoungGen: 48384K->6640K(48640K)] 116427K->74803K(159744K), 0.0021080 secs] [Times: user=0.01 sys=0.00, real=0.00 secs] 
198.415: Total time for which application threads were stopped: 0.0037390 seconds, Stopping threads took: 0.0015500 seconds
198.453: Application time: 0.0384530 seconds
198.455: [GC [PSYoungGen: 48624K->6640K(48640K)] 116787K->75803K(159744K), 0.0023570 secs] [Times: user=0.02 sys=0.00, real=0.00 secs] 
198.457: Total time for which application threads were stopped: 0.0040080 seconds, Stopping threads took: 0.0015710 seconds
198.495: Application time: 0.0381780 seconds
198.497: [GC [PSYoungGen: 48624K->6640K(48640K)] 117787K->76975K(159744K), 0.0023300 secs] [Times: user=0.02 sys=0.00, real=0.00 secs] 
198.499: Total time for which application threads were stopped: 0.0041390 seconds, Stopping threads took: 0.0017180 seconds
198.538: Application time: 0.0383160 seconds
198.538: [GC [PSYoungGen: 48624K->6352K(48640K)] 118959K->76695K(159744K), 0.0020140 secs] [Times: user=0.01 sys=0.00, real=0.00 secs] 
198.541: Total time for which application threads were stopped: 0.0028910 seconds, Stopping threads took: 0.0007970 seconds
198.578: Application time: 0.0377990 seconds
198.580: [GC [PSYoungGen: 48336K->6624K(48640K)] 118679K->77431K(159744K), 0.0022270 secs] [Times: user=0.01 sys=0.00, real=0.00 secs] 
198.582: Total time for which application threads were stopped: 0.0035790 seconds, Stopping threads took: 0.0012690 seconds
198.618: Application time: 0.0361240 seconds
198.620: [GC [PSYoungGen: 48608K->6656K(48640K)] 119415K->78727K(159744K), 0.0024150 secs] [Times: user=0.02 sys=0.00, real=0.00 secs] 
198.623: Total time for which application threads were stopped: 0.0044860 seconds, Stopping threads took: 0.0019900 seconds
198.661: Application time: 0.0382310 seconds
198.663: [GC [PSYoungGen: 48640K->6304K(48640K)] 120711K->78375K(159744K), 0.0019220 secs] [Times: user=0.02 sys=0.00, real=0.01 secs] 
198.665: Total time for which application threads were stopped: 0.0037470 seconds, Stopping threads took: 0.0017450 seconds
198.702: Application time: 0.0374400 seconds
198.704: [GC [PSYoungGen: 48288K->5824K(48640K)] 120359K->77895K(159744K), 0.0017330 secs] [Times: user=0.01 sys=0.00, real=0.00 secs] 
198.706: Total time for which application threads were stopped: 0.0036200 seconds, Stopping threads took: 0.0018110 seconds
198.742: Application time: 0.0363300 seconds
198.744: [GC [PSYoungGen: 47808K->6656K(48640K)] 119879K->79575K(159744K), 0.0022520 secs] [Times: user=0.01 sys=0.00, real=0.00 secs] 
198.746: Total time for which application threads were stopped: 0.0041580 seconds, Stopping threads took: 0.0018120 seconds
198.785: Application time: 0.0390630 seconds
198.787: [GC [PSYoungGen: 48640K->5760K(48640K)] 121559K->78679K(159744K), 0.0017490 secs] [Times: user=0.01 sys=0.00, real=0.00 secs] 
198.788: Total time for which application threads were stopped: 0.0032290 seconds, Stopping threads took: 0.0014040 seconds
198.826: Application time: 0.0379270 seconds
198.829: [GC [PSYoungGen: 47744K->6640K(48640K)] 120663K->79655K(159744K), 0.0020190 secs] [Times: user=0.01 sys=0.00, real=0.01 secs] 
198.831: Total time for which application threads were stopped: 0.0049980 seconds, Stopping threads took: 0.0029000 seconds
198.868: Application time: 0.0365550 seconds
198.870: [GC [PSYoungGen: 48624K->6656K(48640K)] 121639K->80191K(159744K), 0.0021540 secs] [Times: user=0.01 sys=0.00, real=0.01 secs] 
198.872: Total time for which application threads were stopped: 0.0039560 seconds, Stopping threads took: 0.0017190 seconds
198.910: Application time: 0.0378940 seconds
198.911: [GC [PSYoungGen: 48640K->6176K(48640K)] 122175K->79719K(159744K), 0.0019110 secs] [Times: user=0.01 sys=0.00, real=0.01 secs] 
198.913: Total time for which application threads were stopped: 0.0033380 seconds, Stopping threads took: 0.0013520 seconds
198.952: Application time: 0.0387700 seconds
198.953: [GC [PSYoungGen: 48160K->5984K(48640K)] 121703K->79527K(159744K), 0.0017880 secs] [Times: user=0.02 sys=0.00, real=0.00 secs] 
198.955: Total time for which application threads were stopped: 0.0033910 seconds, Stopping threads took: 0.0015260 seconds
198.994: Application time: 0.0384990 seconds
198.996: [GC [PSYoungGen: 47968K->5376K(48640K)] 121511K->78927K(159744K), 0.0016590 secs] [Times: user=0.01 sys=0.00, real=0.00 secs] 
198.998: Total time for which application threads were stopped: 0.0041360 seconds, Stopping threads took: 0.0024030 seconds
199.035: Application time: 0.0368700 seconds
199.037: [GC [PSYoungGen: 47360K->6640K(48640K)] 120911K->81155K(159744K), 0.0023770 secs] [Times: user=0.02 sys=0.00, real=0.00 secs] 
199.039: Total time for which application threads were stopped: 0.0043620 seconds, Stopping threads took: 0.0018980 seconds
199.079: Application time: 0.0395350 seconds
199.080: [GC [PSYoungGen: 48624K->5056K(48640K)] 123139K->79579K(159744K), 0.0017470 secs] [Times: user=0.01 sys=0.00, real=0.00 secs] 
199.081: Total time for which application threads were stopped: 0.0028420 seconds, Stopping threads took: 0.0009970 seconds
199.120: Application time: 0.0381010 seconds
199.121: [GC [PSYoungGen: 47040K->6448K(48640K)] 121563K->80979K(159744K), 0.0022150 secs] [Times: user=0.01 sys=0.00, real=0.01 secs] 
199.123: Total time for which application threads were stopped: 0.0036860 seconds, Stopping threads took: 0.0013940 seconds
199.162: Application time: 0.0389120 seconds
199.164: [GC [PSYoungGen: 48432K->6544K(48640K)] 122963K->81075K(159744K), 0.0021430 secs] [Times: user=0.01 sys=0.01, real=0.00 secs] 
199.166: Total time for which application threads were stopped: 0.0040770 seconds, Stopping threads took: 0.0018460 seconds
199.203: Application time: 0.0366010 seconds
199.205: [GC [PSYoungGen: 48528K->6640K(48640K)] 123059K->82779K(159744K), 0.0024360 secs] [Times: user=0.02 sys=0.00, real=0.00 secs] 
199.207: Total time for which application threads were stopped: 0.0045800 seconds, Stopping threads took: 0.0020570 seconds
199.244: Application time: 0.0368580 seconds
199.246: [GC [PSYoungGen: 48624K->6656K(48640K)] 124763K->83619K(159744K), 0.0022210 secs] [Times: user=0.02 sys=0.00, real=0.00 secs] 
199.248: Total time for which application threads were stopped: 0.0038200 seconds, Stopping threads took: 0.0015170 seconds
199.286: Application time: 0.0376120 seconds
199.287: [GC [PSYoungGen: 48640K->6656K(48640K)] 125603K->84043K(159744K), 0.0021520 secs] [Times: user=0.02 sys=0.00, real=0.00 secs] 
199.289: Total time for which application threads were stopped: 0.0032910 seconds, Stopping threads took: 0.0010480 seconds
199.327: Application time: 0.0378460 seconds
199.329: [GC [PSYoungGen: 48640K->6656K(48640K)] 126027K->84867K(159744K), 0.0022390 secs] [Times: user=0.01 sys=0.00, real=0.00 secs] 
199.331: Total time for which application threads were stopped: 0.0040480 seconds, Stopping threads took: 0.0017300 seconds
199.369: Application time: 0.0376010 seconds
199.371: [GC [PSYoungGen: 48640K->6640K(48640K)] 126851K->84899K(159744K), 0.0020580 secs] [Times: user=0.02 sys=0.00, real=0.01 secs] 
199.373: Total time for which application threads were stopped: 0.0041220 seconds, Stopping threads took: 0.0019820 seconds
199.409: Application time: 0.0364280 seconds
199.411: [GC [PSYoungGen: 48624K->6656K(48640K)] 126883K->85683K(159744K), 0.0022170 secs] [Times: user=0.02 sys=0.00, real=0.01 secs] 
199.413: Total time for which application threads were stopped: 0.0040120 seconds, Stopping threads took: 0.0017150 seconds
199.451: Application time: 0.0382200 seconds
199.453: [GC [PSYoungGen: 48640K->6656K(48640K)] 127667K->86131K(159744K), 0.0022590 secs] [Times: user=0.01 sys=0.00, real=0.00 secs] 
199.455: Total time for which application threads were stopped: 0.0036270 seconds, Stopping threads took: 0.0012850 seconds
199.492: Application time: 0.0368450 seconds
199.493: [GC [PSYoungGen: 48640K->6656K(48640K)] 128115K->87388K(159744K), 0.0023950 secs] [Times: user=0.02 sys=0.00, real=0.00 secs] 
199.496: Total time for which application threads were stopped: 0.0040890 seconds, Stopping threads took: 0.0016120 seconds
199.534: Application time: 0.0377530 seconds
199.536: [GC [PSYoungGen: 48640K->6608K(48640K)] 129372K->87340K(159744K), 0.0020580 secs] [Times: user=0.01 sys=0.00, real=0.00 secs] 
199.538: Total time for which application threads were stopped: 0.0043080 seconds, Stopping threads took: 0.0021630 seconds
199.576: Application time: 0.0375880 seconds
199.577: [GC [PSYoungGen: 48592K->6528K(48640K)] 129324K->87260K(159744K), 0.0019740 secs] [Times: user=0.02 sys=0.00, real=0.00 secs] 
199.579: Total time for which application threads were stopped: 0.0036090 seconds, Stopping threads took: 0.0015360 seconds
199.617: Application time: 0.0382620 seconds
199.619: [GC [PSYoungGen: 48512K->6448K(48640K)] 129244K->87180K(159744K), 0.0020430 secs] [Times: user=0.01 sys=0.00, real=0.00 secs] 
199.621: Total time for which application threads were stopped: 0.0034320 seconds, Stopping threads took: 0.0013080 seconds
199.658: Application time: 0.0375770 seconds
199.660: [GC [PSYoungGen: 48432K->6304K(48640K)] 129164K->87044K(159744K), 0.0018900 secs] [Times: user=0.02 sys=0.00, real=0.00 secs] 
199.662: Total time for which application threads were stopped: 0.0038950 seconds, Stopping threads took: 0.0019040 seconds
199.699: Application time: 0.0367250 seconds
199.701: [GC [PSYoungGen: 48288K->6640K(48640K)] 129028K->88428K(159744K), 0.0023220 secs] [Times: user=0.02 sys=0.00, real=0.00 secs] 
199.703: Total time for which application threads were stopped: 0.0040680 seconds, Stopping threads took: 0.0016360 seconds
199.741: Application time: 0.0379070 seconds
199.743: [GC [PSYoungGen: 48624K->6144K(48640K)] 130412K->87932K(159744K), 0.0019130 secs] [Times: user=0.02 sys=0.00, real=0.01 secs] 
199.745: Total time for which application threads were stopped: 0.0036080 seconds, Stopping threads took: 0.0016170 seconds
199.781: Application time: 0.0366260 seconds
199.783: [GC [PSYoungGen: 48128K->6656K(48640K)] 129916K->88948K(159744K), 0.0021630 secs] [Times: user=0.02 sys=0.00, real=0.01 secs] 
199.785: Total time for which application threads were stopped: 0.0038350 seconds, Stopping threads took: 0.0015910 seconds
199.823: Application time: 0.0376390 seconds
199.824: [GC [PSYoungGen: 48640K->6640K(48640K)] 130932K->89260K(159744K), 0.0021310 secs] [Times: user=0.01 sys=0.00, real=0.00 secs] 
199.827: Total time for which application threads were stopped: 0.0039150 seconds, Stopping threads took: 0.0016850 seconds
199.865: Application time: 0.0381360 seconds
199.867: [GC [PSYoungGen: 48624K->6432K(48640K)] 131244K->89060K(159744K), 0.0020240 secs] [Times: user=0.02 sys=0.00, real=0.00 secs] 
199.870: Total time for which application threads were stopped: 0.0047330 seconds, Stopping threads took: 0.0026250 seconds
199.909: Application time: 0.0390280 seconds
199.910: [GC [PSYoungGen: 48416K->6640K(48640K)] 131044K->89820K(159744K), 0.0022530 secs] [Times: user=0.02 sys=0.00, real=0.01 secs] 
199.912: Total time for which application threads were stopped: 0.0038810 seconds, Stopping threads took: 0.0015490 seconds
199.950: Application time: 0.0372480 seconds
199.952: [GC [PSYoungGen: 48624K->5440K(48640K)] 131804K->88620K(159744K), 0.0017290 secs] [Times: user=0.01 sys=0.00, real=0.00 secs] 
199.954: Total time for which application threads were stopped: 0.0043860 seconds, Stopping threads took: 0.0025830 seconds
199.993: Application time: 0.0385440 seconds
199.994: [GC [PSYoungGen: 47424K->6624K(48640K)] 130604K->90428K(159744K), 0.0022440 secs] [Times: user=0.02 sys=0.00, real=0.00 secs] 
199.997: Total time for which application threads were stopped: 0.0039260 seconds, Stopping threads took: 0.0015980 seconds
200.034: Application time: 0.0375430 seconds
200.035: [GC [PSYoungGen: 48608K->6656K(48640K)] 132412K->91356K(159744K), 0.0022830 secs] [Times: user=0.02 sys=0.00, real=0.00 secs] 
200.038: Total time for which application threads were stopped: 0.0036750 seconds, Stopping threads took: 0.0013100 seconds
200.076: Application time: 0.0380160 seconds
200.077: [GC [PSYoungGen: 48640K->5904K(48640K)] 133340K->90612K(159744K), 0.0018120 secs] [Times: user=0.01 sys=0.00, real=0.00 secs] 
200.079: Total time for which application threads were stopped: 0.0035260 seconds, Stopping threads took: 0.0016360 seconds
200.116: Application time: 0.0370390 seconds
200.118: [GC [PSYoungGen: 47888K->6656K(48640K)] 132596K->91964K(159744K), 0.0022960 secs] [Times: user=0.01 sys=0.00, real=0.00 secs] 
200.120: Total time for which application threads were stopped: 0.0036020 seconds, Stopping threads took: 0.0012130 seconds
200.157: Application time: 0.0374450 seconds
200.159: [GC [PSYoungGen: 48640K->6656K(48640K)] 133948K->92012K(159744K), 0.0020030 secs] [Times: user=0.01 sys=0.00, real=0.00 secs] 
200.161: Total time for which application threads were stopped: 0.0038790 seconds, Stopping threads took: 0.0017930 seconds
200.198: Application time: 0.0370860 seconds
200.201: [GC [PSYoungGen: 48640K->6624K(48640K)] 133996K->92468K(159744K), 0.0022210 secs] [Times: user=0.02 sys=0.00, real=0.00 secs] 
200.203: Total time for which application threads were stopped: 0.0046880 seconds, Stopping threads took: 0.0023850 seconds
200.241: Application time: 0.0378080 seconds
200.243: [GC [PSYoungGen: 48608K->6656K(48640K)] 134452K->93308K(159744K), 0.0023320 secs] [Times: user=0.01 sys=0.00, real=0.01 secs] 
200.245: Total time for which application threads were stopped: 0.0045010 seconds, Stopping threads took: 0.0020830 seconds
200.284: Application time: 0.0386950 seconds
200.286: [GC [PSYoungGen: 48640K->6656K(48640K)] 135292K->93428K(159744K), 0.0020780 secs] [Times: user=0.01 sys=0.00, real=0.00 secs] 
200.288: Total time for which application threads were stopped: 0.0040680 seconds, Stopping threads took: 0.0019100 seconds
200.327: Application time: 0.0385890 seconds
200.330: [GC [PSYoungGen: 48638K->6160K(48640K)] 135410K->92932K(159744K), 0.0018450 secs] [Times: user=0.01 sys=0.00, real=0.01 secs] 
200.331: Total time for which application threads were stopped: 0.0046770 seconds, Stopping threads took: 0.0027550 seconds
200.369: Application time: 0.0370840 seconds
200.371: [GC [PSYoungGen: 48144K->6656K(48640K)] 134916K->94332K(159744K), 0.0022730 secs] [Times: user=0.02 sys=0.00, real=0.00 secs] 
200.374: Total time for which application threads were stopped: 0.0052460 seconds, Stopping threads took: 0.0028860 seconds
200.410: Application time: 0.0366930 seconds
200.413: [GC [PSYoungGen: 48640K->6640K(48640K)] 136316K->94564K(159744K), 0.0021610 secs] [Times: user=0.02 sys=0.00, real=0.00 secs] 
200.415: Total time for which application threads were stopped: 0.0043470 seconds, Stopping threads took: 0.0020960 seconds
200.451: Application time: 0.0362650 seconds
200.453: [GC [PSYoungGen: 48624K->6640K(48640K)] 136548K->95140K(159744K), 0.0022230 secs] [Times: user=0.01 sys=0.00, real=0.00 secs] 
200.455: Total time for which application threads were stopped: 0.0042880 seconds, Stopping threads took: 0.0019780 seconds
200.494: Application time: 0.0387280 seconds
200.497: [GC [PSYoungGen: 48624K->5568K(48640K)] 137124K->94068K(159744K), 0.0017490 secs] [Times: user=0.01 sys=0.00, real=0.00 secs] 
200.498: Total time for which application threads were stopped: 0.0043610 seconds, Stopping threads took: 0.0025270 seconds
200.536: Application time: 0.0373630 seconds
200.538: [GC [PSYoungGen: 47552K->6624K(48640K)] 136052K->95244K(159744K), 0.0020850 secs] [Times: user=0.02 sys=0.00, real=0.00 secs] 
200.540: Total time for which application threads were stopped: 0.0039750 seconds, Stopping threads took: 0.0018070 seconds
200.577: Application time: 0.0373050 seconds
200.578: [GC [PSYoungGen: 48607K->6560K(48640K)] 137227K->95180K(159744K), 0.0020700 secs] [Times: user=0.01 sys=0.00, real=0.00 secs] 
200.580: Total time for which application threads were stopped: 0.0031900 seconds, Stopping threads took: 0.0010380 seconds
200.618: Application time: 0.0372720 seconds
200.619: [GC [PSYoungGen: 48543K->6560K(48640K)] 137164K->95196K(159744K), 0.0019460 secs] [Times: user=0.01 sys=0.00, real=0.00 secs] 
200.621: Total time for which application threads were stopped: 0.0035820 seconds, Stopping threads took: 0.0015390 seconds
200.659: Application time: 0.0381540 seconds
200.661: [GC [PSYoungGen: 48544K->6464K(48640K)] 137180K->95108K(159744K), 0.0019470 secs] [Times: user=0.01 sys=0.00, real=0.01 secs] 
200.663: Total time for which application threads were stopped: 0.0040440 seconds, Stopping threads took: 0.0020230 seconds
200.701: Application time: 0.0378370 seconds
200.702: [GC [PSYoungGen: 48448K->6416K(48640K)] 137092K->95060K(159744K), 0.0019190 secs] [Times: user=0.02 sys=0.00, real=0.01 secs] 
200.704: Total time for which application threads were stopped: 0.0029490 seconds, Stopping threads took: 0.0009490 seconds
200.741: Application time: 0.0363530 seconds
200.743: [GC [PSYoungGen: 48400K->6640K(48640K)] 137044K->96548K(159744K), 0.0023920 secs] [Times: user=0.01 sys=0.00, real=0.01 secs] 
200.745: Total time for which application threads were stopped: 0.0045250 seconds, Stopping threads took: 0.0020510 seconds
200.783: Application time: 0.0383010 seconds
200.785: [GC [PSYoungGen: 48624K->6624K(48640K)] 138532K->97116K(159744K), 0.0021780 secs] [Times: user=0.01 sys=0.00, real=0.00 secs] 
200.788: Total time for which application threads were stopped: 0.0043200 seconds, Stopping threads took: 0.0020580 seconds
200.826: Application time: 0.0381210 seconds
200.827: [GC [PSYoungGen: 48608K->6640K(48640K)] 139100K->98004K(159744K), 0.0024010 secs] [Times: user=0.01 sys=0.00, real=0.00 secs] 
200.830: Total time for which application threads were stopped: 0.0038970 seconds, Stopping threads took: 0.0013890 seconds
200.867: Application time: 0.0373700 seconds
200.869: [GC [PSYoungGen: 48624K->6656K(48640K)] 139988K->99268K(159744K), 0.0025430 secs] [Times: user=0.01 sys=0.00, real=0.00 secs] 
200.871: Total time for which application threads were stopped: 0.0040640 seconds, Stopping threads took: 0.0014150 seconds
200.909: Application time: 0.0377170 seconds
200.910: [GC [PSYoungGen: 48640K->6448K(48640K)] 141252K->99076K(159744K), 0.0020980 secs] [Times: user=0.01 sys=0.00, real=0.01 secs] 
200.912: Total time for which application threads were stopped: 0.0035620 seconds, Stopping threads took: 0.0013820 seconds
200.950: Application time: 0.0374660 seconds
200.952: [GC [PSYoungGen: 48432K->6160K(48640K)] 141060K->98796K(159744K), 0.0019240 secs] [Times: user=0.01 sys=0.00, real=0.00 secs] 
200.954: Total time for which application threads were stopped: 0.0038400 seconds, Stopping threads took: 0.0018390 seconds
200.991: Application time: 0.0377210 seconds
200.993: [GC [PSYoungGen: 48144K->6640K(48640K)] 140780K->99476K(159744K), 0.0021070 secs] [Times: user=0.01 sys=0.00, real=0.00 secs] 
200.995: Total time for which application threads were stopped: 0.0038390 seconds, Stopping threads took: 0.0016400 seconds
201.032: Application time: 0.0366590 seconds
201.034: [GC [PSYoungGen: 48624K->6640K(48640K)] 141460K->100908K(159744K), 0.0024390 secs] [Times: user=0.01 sys=0.00, real=0.00 secs] 
201.037: Total time for which application threads were stopped: 0.0046330 seconds, Stopping threads took: 0.0021130 seconds
201.075: Application time: 0.0382190 seconds
201.076: [GC [PSYoungGen: 48624K->5248K(48640K)] 142892K->99516K(159744K), 0.0017580 secs] [Times: user=0.01 sys=0.00, real=0.00 secs] 
201.077: Total time for which application threads were stopped: 0.0026700 seconds, Stopping threads took: 0.0008400 seconds
201.113: Application time: 0.0359670 seconds
201.115: [GC [PSYoungGen: 47232K->6656K(48640K)] 141500K->101788K(159744K), 0.0022970 secs] [Times: user=0.01 sys=0.00, real=0.00 secs] 
201.117: Total time for which application threads were stopped: 0.0040370 seconds, Stopping threads took: 0.0016570 seconds
201.155: Application time: 0.0372190 seconds
201.156: [GC [PSYoungGen: 48640K->6272K(48640K)] 143772K->101404K(159744K), 0.0018340 secs] [Times: user=0.01 sys=0.00, real=0.00 secs] 
201.158: Total time for which application threads were stopped: 0.0036680 seconds, Stopping threads took: 0.0017470 seconds
201.197: Application time: 0.0381460 seconds
201.199: [GC [PSYoungGen: 48256K->6656K(48640K)] 143388K->102204K(159744K), 0.0022180 secs] [Times: user=0.02 sys=0.00, real=0.00 secs] 
201.201: Total time for which application threads were stopped: 0.0044950 seconds, Stopping threads took: 0.0021990 seconds
201.237: Application time: 0.0362160 seconds
201.240: [GC [PSYoungGen: 48640K->6512K(48640K)] 144188K->102060K(159744K), 0.0019620 secs] [Times: user=0.01 sys=0.00, real=0.00 secs] 
201.242: Total time for which application threads were stopped: 0.0044950 seconds, Stopping threads took: 0.0024530 seconds
201.279: Application time: 0.0376180 seconds
201.281: [GC [PSYoungGen: 48496K->6656K(48640K)] 144044K->102348K(159744K), 0.0020780 secs] [Times: user=0.01 sys=0.00, real=0.00 secs] 
201.283: Total time for which application threads were stopped: 0.0036670 seconds, Stopping threads took: 0.0015120 seconds
201.321: Application time: 0.0377030 seconds
201.322: [GC [PSYoungGen: 48640K->6656K(48640K)] 144332K->103716K(159744K), 0.0024430 secs] [Times: user=0.02 sys=0.00, real=0.01 secs] 
201.325: Total time for which application threads were stopped: 0.0041080 seconds, Stopping threads took: 0.0015780 seconds
201.363: Application time: 0.0385730 seconds
201.366: [GC [PSYoungGen: 48638K->6640K(48640K)] 145699K->104188K(159744K), 0.0021940 secs] [Times: user=0.01 sys=0.00, real=0.00 secs] 
201.368: Total time for which application threads were stopped: 0.0047580 seconds, Stopping threads took: 0.0024840 seconds
201.408: Application time: 0.0395640 seconds
201.409: [GC [PSYoungGen: 48624K->6528K(48640K)] 146172K->104076K(159744K), 0.0019870 secs] [Times: user=0.01 sys=0.00, real=0.01 secs] 
201.411: Total time for which application threads were stopped: 0.0036290 seconds, Stopping threads took: 0.0015630 seconds
201.450: Application time: 0.0389710 seconds
201.452: [GC [PSYoungGen: 48512K->6656K(48640K)] 146060K->105348K(159744K), 0.0024010 secs] [Times: user=0.02 sys=0.00, real=0.00 secs] 
201.455: Total time for which application threads were stopped: 0.0043480 seconds, Stopping threads took: 0.0018660 seconds
201.495: Application time: 0.0403380 seconds
201.497: [GC [PSYoungGen: 48640K->6240K(48640K)] 147332K->104932K(159744K), 0.0019670 secs] [Times: user=0.01 sys=0.00, real=0.00 secs] 
201.499: Total time for which application threads were stopped: 0.0042120 seconds, Stopping threads took: 0.0021640 seconds
201.539: Application time: 0.0402700 seconds
201.541: [GC [PSYoungGen: 48224K->6128K(48640K)] 146916K->104820K(159744K), 0.0019360 secs] [Times: user=0.01 sys=0.00, real=0.00 secs] 
201.543: Total time for which application threads were stopped: 0.0034600 seconds, Stopping threads took: 0.0014380 seconds
201.583: Application time: 0.0401500 seconds
201.585: [GC [PSYoungGen: 48112K->6640K(48640K)] 146804K->106556K(159744K), 0.0024350 secs] [Times: user=0.02 sys=0.00, real=0.00 secs] 
201.587: Total time for which application threads were stopped: 0.0042980 seconds, Stopping threads took: 0.0017740 seconds
201.628: Application time: 0.0401650 seconds
201.630: [GC [PSYoungGen: 48624K->6624K(48640K)] 148540K->106932K(159744K), 0.0022480 secs] [Times: user=0.02 sys=0.00, real=0.01 secs] 
201.632: Total time for which application threads were stopped: 0.0042650 seconds, Stopping threads took: 0.0019340 seconds
201.672: Application time: 0.0400400 seconds
201.674: [GC [PSYoungGen: 48608K->5472K(48640K)] 148916K->105788K(159744K), 0.0018400 secs] [Times: user=0.02 sys=0.00, real=0.00 secs] 
201.675: Total time for which application threads were stopped: 0.0034940 seconds, Stopping threads took: 0.0015620 seconds
201.717: Application time: 0.0415360 seconds
201.718: [GC [PSYoungGen: 47456K->4976K(48640K)] 147772K->105300K(159744K), 0.0016850 secs] [Times: user=0.01 sys=0.00, real=0.00 secs] 
201.720: Total time for which application threads were stopped: 0.0029820 seconds, Stopping threads took: 0.0012190 seconds
201.762: Application time: 0.0422960 seconds
201.764: [GC [PSYoungGen: 46959K->6640K(48640K)] 147284K->107148K(159744K), 0.0021930 secs] [Times: user=0.01 sys=0.00, real=0.00 secs] 
201.766: Total time for which application threads were stopped: 0.0038960 seconds, Stopping threads took: 0.0016230 seconds
201.807: Application time: 0.0405320 seconds
201.809: [GC [PSYoungGen: 48624K->6560K(48640K)] 149132K->107068K(159744K), 0.0020430 secs] [Times: user=0.01 sys=0.00, real=0.00 secs] 
201.811: Total time for which application threads were stopped: 0.0044350 seconds, Stopping threads took: 0.0023120 seconds
201.852: Application time: 0.0412530 seconds
201.854: [GC [PSYoungGen: 48544K->5648K(48640K)] 149052K->106156K(159744K), 0.0018430 secs] [Times: user=0.02 sys=0.00, real=0.00 secs] 
201.856: Total time for which application threads were stopped: 0.0033290 seconds, Stopping threads took: 0.0014100 seconds
201.896: Application time: 0.0407800 seconds
201.898: [GC [PSYoungGen: 47632K->6112K(48640K)] 148140K->106620K(159744K), 0.0019410 secs] [Times: user=0.01 sys=0.00, real=0.00 secs] 
201.900: Total time for which application threads were stopped: 0.0036900 seconds, Stopping threads took: 0.0016680 seconds
201.941: Application time: 0.0410410 seconds
201.943: [GC [PSYoungGen: 48096K->6528K(48640K)] 148604K->107036K(159744K), 0.0020850 secs] [Times: user=0.02 sys=0.00, real=0.01 secs] 
201.945: Total time for which application threads were stopped: 0.0037940 seconds, Stopping threads took: 0.0016290 seconds
201.985: Application time: 0.0402560 seconds
201.987: [GC [PSYoungGen: 48512K->6624K(48640K)] 149020K->107236K(159744K), 0.0020570 secs] [Times: user=0.01 sys=0.00, real=0.00 secs] 
201.989: Total time for which application threads were stopped: 0.0038170 seconds, Stopping threads took: 0.0016780 seconds
202.030: Application time: 0.0412750 seconds
202.031: [GC [PSYoungGen: 48608K->6000K(48640K)] 149220K->106620K(159744K), 0.0019870 secs] [Times: user=0.02 sys=0.00, real=0.01 secs] 
202.033: Total time for which application threads were stopped: 0.0027890 seconds, Stopping threads took: 0.0007210 seconds
202.073: Application time: 0.0403310 seconds
202.075: [GC [PSYoungGen: 47984K->6256K(48640K)] 148604K->106884K(159744K), 0.0019740 secs] [Times: user=0.02 sys=0.00, real=0.00 secs] 
202.077: Total time for which application threads were stopped: 0.0032110 seconds, Stopping threads took: 0.0011550 seconds
202.116: Application time: 0.0395860 seconds
202.118: [GC [PSYoungGen: 48240K->6656K(48640K)] 148868K->108189K(159744K), 0.0023480 secs] [Times: user=0.02 sys=0.00, real=0.00 secs] 
202.121: Total time for which application threads were stopped: 0.0044730 seconds, Stopping threads took: 0.0020410 seconds
202.162: Application time: 0.0410700 seconds
202.163: [GC [PSYoungGen: 48640K->5824K(48640K)] 150173K->107373K(159744K), 0.0018690 secs] [Times: user=0.01 sys=0.01, real=0.01 secs] 
202.165: Total time for which application threads were stopped: 0.0030150 seconds, Stopping threads took: 0.0010680 seconds
202.204: Application time: 0.0393510 seconds
202.207: [GC [PSYoungGen: 47808K->6656K(48640K)] 149357K->108685K(159744K), 0.0023030 secs] [Times: user=0.01 sys=0.00, real=0.00 secs] 
202.209: Total time for which application threads were stopped: 0.0048260 seconds, Stopping threads took: 0.0024270 seconds
202.248: Application time: 0.0394370 seconds
202.250: [GC [PSYoungGen: 48640K->6656K(48640K)] 150669K->109361K(159744K), 0.0023060 secs] [Times: user=0.01 sys=0.00, real=0.01 secs] 
202.253: Total time for which application threads were stopped: 0.0042510 seconds, Stopping threads took: 0.0018600 seconds
202.292: Application time: 0.0389580 seconds
202.294: [GC [PSYoungGen: 48640K->6656K(48640K)] 151345K->110321K(159744K), 0.0023870 secs] [Times: user=0.02 sys=0.00, real=0.00 secs] 
202.296: Total time for which application threads were stopped: 0.0047390 seconds, Stopping threads took: 0.0022680 seconds
202.336: Application time: 0.0392800 seconds
202.337: [GC [PSYoungGen: 48640K->6656K(48640K)] 152305K->110545K(159744K), 0.0021130 secs] [Times: user=0.01 sys=0.00, real=0.00 secs] 
202.339: Total time for which application threads were stopped: 0.0036850 seconds, Stopping threads took: 0.0014870 seconds
202.379: Application time: 0.0395440 seconds
202.381: [GC [PSYoungGen: 48638K->6640K(48640K)] 152527K->111137K(159744K), 0.0023200 secs] [Times: user=0.02 sys=0.00, real=0.00 secs] 
202.383: Total time for which application threads were stopped: 0.0040440 seconds, Stopping threads took: 0.0016410 seconds
202.423: Application time: 0.0396390 seconds
202.424: [GC [PSYoungGen: 48624K->6656K(48640K)] 153121K->111489K(159744K), 0.0022240 secs] [Times: user=0.01 sys=0.00, real=0.00 secs] 
202.426: Total time for which application threads were stopped: 0.0038100 seconds, Stopping threads took: 0.0015090 seconds
202.467: Application time: 0.0401830 seconds
202.468: [GC [PSYoungGen: 48640K->6656K(48640K)] 153473K->112585K(159744K), 0.0024140 secs] [Times: user=0.02 sys=0.00, real=0.00 secs] 
202.471: Total time for which application threads were stopped: 0.0041560 seconds, Stopping threads took: 0.0016590 seconds
202.512: Application time: 0.0409460 seconds
202.513: [GC [PSYoungGen: 48640K->6640K(48640K)] 154569K->112873K(159744K), 0.0022770 secs] [Times: user=0.02 sys=0.00, real=0.00 secs] 
202.515: Total time for which application threads were stopped: 0.0037940 seconds, Stopping threads took: 0.0014290 seconds
202.558: Application time: 0.0423050 seconds
202.559: [GC [PSYoungGen: 48624K->4912K(48640K)] 154857K->111153K(159744K), 0.0017060 secs] [Times: user=0.01 sys=0.00, real=0.00 secs] 
202.561: Total time for which application threads were stopped: 0.0027450 seconds, Stopping threads took: 0.0009670 seconds
202.601: Application time: 0.0406180 seconds
202.602: [GC [PSYoungGen: 46896K->6192K(48640K)] 153137K->112441K(159744K), 0.0019920 secs] [Times: user=0.01 sys=0.00, real=0.01 secs] 
202.604: Total time for which application threads were stopped: 0.0029890 seconds, Stopping threads took: 0.0009180 seconds
202.646: Application time: 0.0416690 seconds
202.647: [GC [PSYoungGen: 48176K->5536K(48640K)] 154425K->111793K(159744K), 0.0018140 secs] [Times: user=0.01 sys=0.00, real=0.00 secs] 
202.649: Total time for which application threads were stopped: 0.0033020 seconds, Stopping threads took: 0.0014150 seconds
202.691: Application time: 0.0416470 seconds
202.693: [GC [PSYoungGen: 47520K->4928K(48640K)] 153777K->111193K(159744K), 0.0015880 secs] [Times: user=0.01 sys=0.00, real=0.00 secs] 
202.694: Total time for which application threads were stopped: 0.0035240 seconds, Stopping threads took: 0.0018560 seconds
202.733: Application time: 0.0388290 seconds
202.736: [GC [PSYoungGen: 46912K->6656K(48640K)] 153177K->113769K(159744K), 0.0024630 secs] [Times: user=0.02 sys=0.00, real=0.00 secs] 
202.738: Total time for which application threads were stopped: 0.0052490 seconds, Stopping threads took: 0.0026650 seconds
202.778: Application time: 0.0398160 seconds
202.779: [GC [PSYoungGen: 48640K->6656K(48640K)] 155753K->113817K(159744K), 0.0021290 secs] [Times: user=0.01 sys=0.00, real=0.00 secs] 
202.782: Total time for which application threads were stopped: 0.0033990 seconds, Stopping threads took: 0.0011870 seconds
202.822: Application time: 0.0404460 seconds
202.825: [GC [PSYoungGen: 48640K->6656K(48640K)] 155801K->114361K(159744K), 0.0022390 secs] [Times: user=0.01 sys=0.00, real=0.00 secs] 
202.827: Total time for which application threads were stopped: 0.0052900 seconds, Stopping threads took: 0.0029650 seconds
202.868: Application time: 0.0407950 seconds
202.870: [GC [PSYoungGen: 48640K->6656K(48640K)] 156345K->115433K(159744K), 0.0023970 secs] [Times: user=0.02 sys=0.00, real=0.01 secs] 
202.873: Total time for which application threads were stopped: 0.0047290 seconds, Stopping threads took: 0.0022480 seconds
202.913: Application time: 0.0403350 seconds
202.915: [GC [PSYoungGen: 48640K->6400K(48640K)] 157417K->115177K(159744K), 0.0020020 secs] [Times: user=0.01 sys=0.00, real=0.00 secs] 
202.917: Total time for which application threads were stopped: 0.0035430 seconds, Stopping threads took: 0.0014550 seconds
202.956: Application time: 0.0390110 seconds
202.958: [GC [PSYoungGen: 48384K->6656K(48640K)] 157161K->116497K(159744K), 0.0024370 secs] [Times: user=0.02 sys=0.00, real=0.00 secs] 
202.960: [Full GC [PSYoungGen: 6656K->0K(48640K)] [ParOldGen: 109841K->10831K(111104K)] 116497K->10831K(159744K) [PSPermGen: 5182K->5182K(21504K)], 0.0066270 secs] [Times: user=0.03 sys=0.00, real=0.01 secs] 
202.967: Total time for which application threads were stopped: 0.0113300 seconds, Stopping threads took: 0.0021190 seconds
203.009: Application time: 0.0423660 seconds
203.011: [GC [PSYoungGen: 41984K->6432K(48640K)] 52815K->17263K(159744K), 0.0019070 secs] [Times: user=0.01 sys=0.00, real=0.01 secs] 
203.013: Total time for which application threads were stopped: 0.0030660 seconds, Stopping threads took: 0.0010780 seconds
203.053: Application time: 0.0404370 seconds
203.055: [GC [PSYoungGen: 48416K->6656K(48640K)] 59247K->18391K(159744K), 0.0021980 secs] [Times: user=0.01 sys=0.00, real=0.00 secs] 
203.057: Total time for which application threads were stopped: 0.0039450 seconds, Stopping threads took: 0.0016640 seconds
203.096: Application time: 0.0389450 seconds
203.099: [GC [PSYoungGen: 48640K->6656K(48640K)] 60375K->19399K(159744K), 0.0023140 secs] [Times: user=0.01 sys=0.01, real=0.00 secs] 
203.101: Total time for which application threads were stopped: 0.0055540 seconds, Stopping threads took: 0.0031490 seconds
203.141: Application time: 0.0399160 seconds
203.143: [GC [PSYoungGen: 48640K->6656K(48640K)] 61383K->20739K(159744K), 0.0023510 secs] [Times: user=0.01 sys=0.00, real=0.01 secs] 
203.145: Total time for which application threads were stopped: 0.0039660 seconds, Stopping threads took: 0.0015300 seconds
203.184: Application time: 0.0387730 seconds
203.186: [GC [PSYoungGen: 48640K->6656K(48640K)] 62723K->22451K(159744K), 0.0025020 secs] [Times: user=0.02 sys=0.00, real=0.00 secs] 
203.188: Total time for which application threads were stopped: 0.0043670 seconds, Stopping threads took: 0.0017840 seconds
203.228: Application time: 0.0398220 seconds
203.230: [GC [PSYoungGen: 48640K->6656K(48640K)] 64435K->23551K(159744K), 0.0023390 secs] [Times: user=0.02 sys=0.00, real=0.01 secs] 
203.232: Total time for which application threads were stopped: 0.0039800 seconds, Stopping threads took: 0.0015560 seconds
203.272: Application time: 0.0394450 seconds
203.273: [GC [PSYoungGen: 48640K->6656K(48640K)] 65535K->23927K(159744K), 0.0020750 secs] [Times: user=0.02 sys=0.00, real=0.00 secs] 
203.276: Total time for which application threads were stopped: 0.0038500 seconds, Stopping threads took: 0.0016820 seconds
203.314: Application time: 0.0388570 seconds
203.317: [GC [PSYoungGen: 48638K->6640K(48640K)] 65910K->24679K(159744K), 0.0021820 secs] [Times: user=0.02 sys=0.00, real=0.00 secs] 
203.319: Total time for which application threads were stopped: 0.0045560 seconds, Stopping threads took: 0.0022800 seconds
203.359: Application time: 0.0397040 seconds
203.361: [GC [PSYoungGen: 48624K->6656K(48640K)] 66663K->25831K(159744K), 0.0023230 secs] [Times: user=0.02 sys=0.00, real=0.00 secs] 
203.363: Total time for which application threads were stopped: 0.0043930 seconds, Stopping threads took: 0.0019890 seconds
203.403: Application time: 0.0402620 seconds
203.405: [GC [PSYoungGen: 48640K->6176K(48640K)] 67815K->25351K(159744K), 0.0018610 secs] [Times: user=0.01 sys=0.00, real=0.00 secs] 
203.407: Total time for which application threads were stopped: 0.0036780 seconds, Stopping threads took: 0.0017390 seconds
203.448: Application time: 0.0408460 seconds
203.449: [GC [PSYoungGen: 48160K->5120K(48640K)] 67335K->24295K(159744K), 0.0015050 secs] [Times: user=0.01 sys=0.00, real=0.00 secs] 
203.451: Total time for which application threads were stopped: 0.0027280 seconds, Stopping threads took: 0.0011480 seconds
203.490: Application time: 0.0395340 seconds
203.492: [GC [PSYoungGen: 47102K->6656K(48640K)] 66278K->26151K(159744K), 0.0021300 secs] [Times: user=0.02 sys=0.00, real=0.00 secs] 
203.494: Total time for which application threads were stopped: 0.0038820 seconds, Stopping threads took: 0.0016680 seconds
203.534: Application time: 0.0396210 seconds
203.536: [GC [PSYoungGen: 48640K->6272K(48640K)] 68135K->25767K(159744K), 0.0018600 secs] [Times: user=0.01 sys=0.00, real=0.00 secs] 
203.538: Total time for which application threads were stopped: 0.0042580 seconds, Stopping threads took: 0.0023180 seconds
203.577: Application time: 0.0390060 seconds
203.579: [GC [PSYoungGen: 48256K->6640K(48640K)] 67751K->27871K(159744K), 0.0025010 secs] [Times: user=0.02 sys=0.00, real=0.00 secs] 
203.582: Total time for which application threads were stopped: 0.0048140 seconds, Stopping threads took: 0.0022290 seconds
203.621: Application time: 0.0394640 seconds
203.624: [GC [PSYoungGen: 48624K->6640K(48640K)] 69855K->28868K(159744K), 0.0022080 secs] [Times: user=0.02 sys=0.00, real=0.00 secs] 
203.626: Total time for which application threads were stopped: 0.0047220 seconds, Stopping threads took: 0.0024290 seconds
203.665: Application time: 0.0391780 seconds
203.667: [GC [PSYoungGen: 48624K->6272K(48640K)] 70852K->28892K(159744K), 0.0020210 secs] [Times: user=0.01 sys=0.00, real=0.00 secs] 
203.669: Total time for which application threads were stopped: 0.0041010 seconds, Stopping threads took: 0.0019960 seconds
203.710: Application time: 0.0405080 seconds
203.711: [GC [PSYoungGen: 48256K->5712K(48640K)] 70876K->28340K(159744K), 0.0017150 secs] [Times: user=0.01 sys=0.00, real=0.01 secs] 
203.713: Total time for which application threads were stopped: 0.0029910 seconds, Stopping threads took: 0.0011960 seconds
203.752: Application time: 0.0395330 seconds
203.754: [GC [PSYoungGen: 47696K->6656K(48640K)] 70324K->30180K(159744K), 0.0023280 secs] [Times: user=0.02 sys=0.00, real=0.00 secs] 
203.757: Total time for which application threads were stopped: 0.0043830 seconds, Stopping threads took: 0.0019710 seconds
203.798: Application time: 0.0417030 seconds
203.801: [GC [PSYoungGen: 48640K->5056K(48640K)] 72164K->28580K(159744K), 0.0018420 secs] [Times: user=0.01 sys=0.00, real=0.00 secs] 
203.803: Total time for which application threads were stopped: 0.0047140 seconds, Stopping threads took: 0.0027820 seconds
203.844: Application time: 0.0410830 seconds
203.846: [GC [PSYoungGen: 47040K->6304K(48640K)] 70564K->29836K(159744K), 0.0019490 secs] [Times: user=0.01 sys=0.00, real=0.00 secs] 
203.848: Total time for which application threads were stopped: 0.0040250 seconds, Stopping threads took: 0.0019900 seconds
203.888: Application time: 0.0394020 seconds
203.890: [GC [PSYoungGen: 48288K->6624K(48640K)] 71820K->30772K(159744K), 0.0021980 secs] [Times: user=0.02 sys=0.00, real=0.01 secs] 
203.893: Total time for which application threads were stopped: 0.0051420 seconds, Stopping threads took: 0.0028610 seconds
203.932: Application time: 0.0390750 seconds
203.934: [GC [PSYoungGen: 48606K->6624K(48640K)] 72754K->31188K(159744K), 0.0021760 secs] [Times: user=0.02 sys=0.00, real=0.00 secs] 
203.936: Total time for which application threads were stopped: 0.0040750 seconds, Stopping threads took: 0.0018170 seconds
203.975: Application time: 0.0390230 seconds
203.977: [GC [PSYoungGen: 48608K->6656K(48640K)] 73172K->32052K(159744K), 0.0022310 secs] [Times: user=0.01 sys=0.00, real=0.00 secs] 
203.979: Total time for which application threads were stopped: 0.0040570 seconds, Stopping threads took: 0.0017390 seconds
204.019: Application time: 0.0396940 seconds
204.022: [GC [PSYoungGen: 48640K->6320K(48640K)] 74036K->31716K(159744K), 0.0018920 secs] [Times: user=0.01 sys=0.00, real=0.01 secs] 
204.024: Total time for which application threads were stopped: 0.0051150 seconds, Stopping threads took: 0.0031370 seconds
204.064: Application time: 0.0404370 seconds
204.066: [GC [PSYoungGen: 48302K->6128K(48640K)] 73699K->31524K(159744K), 0.0018470 secs] [Times: user=0.01 sys=0.00, real=0.00 secs] 
204.068: Total time for which application threads were stopped: 0.0035690 seconds, Stopping threads took: 0.0016410 seconds
204.108: Application time: 0.0407120 seconds
204.110: [GC [PSYoungGen: 48112K->6528K(48640K)] 73508K->31924K(159744K), 0.0020350 secs] [Times: user=0.01 sys=0.00, real=0.01 secs] 
204.112: Total time for which application threads were stopped: 0.0036350 seconds, Stopping threads took: 0.0015190 seconds
204.152: Application time: 0.0396770 seconds
204.154: [GC [PSYoungGen: 48512K->6640K(48640K)] 73908K->33116K(159744K), 0.0022940 secs] [Times: user=0.02 sys=0.00, real=0.00 secs] 
204.156: Total time for which application threads were stopped: 0.0041280 seconds, Stopping threads took: 0.0017510 seconds
204.195: Application time: 0.0390560 seconds
204.197: [GC [PSYoungGen: 48624K->6640K(48640K)] 75100K->34400K(159744K), 0.0023750 secs] [Times: user=0.02 sys=0.00, real=0.00 secs] 
204.199: Total time for which application threads were stopped: 0.0040440 seconds, Stopping threads took: 0.0015860 seconds
204.239: Application time: 0.0404730 seconds
204.241: [GC [PSYoungGen: 48624K->6640K(48640K)] 76384K->34912K(159744K), 0.0021030 secs] [Times: user=0.01 sys=0.00, real=0.01 secs] 
204.243: Total time for which application threads were stopped: 0.0037380 seconds, Stopping threads took: 0.0015520 seconds
204.282: Application time: 0.0390940 seconds
204.285: [GC [PSYoungGen: 48624K->6656K(48640K)] 76896K->35888K(159744K), 0.0024570 secs] [Times: user=0.02 sys=0.00, real=0.00 secs] 
204.287: Total time for which application threads were stopped: 0.0048310 seconds, Stopping threads took: 0.0022640 seconds
204.327: Application time: 0.0401240 seconds
204.329: [GC [PSYoungGen: 48640K->6112K(48640K)] 77872K->35344K(159744K), 0.0018970 secs] [Times: user=0.01 sys=0.00, real=0.00 secs] 
204.331: Total time for which application threads were stopped: 0.0036510 seconds, Stopping threads took: 0.0016420 seconds
204.372: Application time: 0.0405870 seconds
204.374: [GC [PSYoungGen: 48096K->6656K(48640K)] 77328K->36072K(159744K), 0.0023850 secs] [Times: user=0.02 sys=0.00, real=0.00 secs] 
204.376: Total time for which application threads were stopped: 0.0047800 seconds, Stopping threads took: 0.0023160 seconds
204.418: Application time: 0.0420130 seconds
204.420: [GC [PSYoungGen: 48640K->6016K(48640K)] 78056K->35432K(159744K), 0.0020150 secs] [Times: user=0.01 sys=0.00, real=0.00 secs] 
204.422: Total time for which application threads were stopped: 0.0034340 seconds, Stopping threads took: 0.0013120 seconds
204.462: Application time: 0.0399570 seconds
204.464: [GC [PSYoungGen: 48000K->6656K(48640K)] 77416K->36256K(159744K), 0.0020590 secs] [Times: user=0.01 sys=0.00, real=0.00 secs] 
204.466: Total time for which application threads were stopped: 0.0041650 seconds, Stopping threads took: 0.0020030 seconds
204.505: Application time: 0.0395450 seconds
204.508: [GC [PSYoungGen: 48640K->6624K(48640K)] 78240K->36904K(159744K), 0.0022020 secs] [Times: user=0.01 sys=0.00, real=0.00 secs] 
204.510: Total time for which application threads were stopped: 0.0047280 seconds, Stopping threads took: 0.0024350 seconds
204.551: Application time: 0.0408670 seconds
204.553: [GC [PSYoungGen: 48608K->6624K(48640K)] 78888K->37076K(159744K), 0.0020380 secs] [Times: user=0.01 sys=0.00, real=0.00 secs] 
204.555: Total time for which application threads were stopped: 0.0039290 seconds, Stopping threads took: 0.0018140 seconds
204.595: Application time: 0.0403500 seconds
204.597: [GC [PSYoungGen: 48608K->6656K(48640K)] 79060K->37180K(159744K), 0.0021620 secs] [Times: user=0.01 sys=0.00, real=0.00 secs] 
204.599: Total time for which application threads were stopped: 0.0037140 seconds, Stopping threads took: 0.0014730 seconds
204.639: Application time: 0.0394800 seconds
204.641: [GC [PSYoungGen: 48640K->6576K(48640K)] 79164K->37100K(159744K), 0.0022060 secs] [Times: user=0.01 sys=0.00, real=0.01 secs] 
204.643: Total time for which application threads were stopped: 0.0046570 seconds, Stopping threads took: 0.0023510 seconds
204.681: Application time: 0.0381540 seconds
204.684: [GC [PSYoungGen: 48560K->6656K(48640K)] 79084K->37364K(159744K), 0.0022520 secs] [Times: user=0.02 sys=0.00, real=0.00 secs] 
204.687: Total time for which application threads were stopped: 0.0053450 seconds, Stopping threads took: 0.0029980 seconds
204.724: Application time: 0.0368930 seconds
204.727: [GC [PSYoungGen: 48640K->6640K(48640K)] 79348K->38596K(159744K), 0.0025550 secs] [Times: user=0.02 sys=0.00, real=0.00 secs] 
204.729: Total time for which application threads were stopped: 0.0055340 seconds, Stopping threads took: 0.0028730 seconds
204.769: Application time: 0.0398710 seconds
204.771: [GC [PSYoungGen: 48624K->6624K(48640K)] 80580K->39940K(159744K), 0.0024410 secs] [Times: user=0.01 sys=0.00, real=0.01 secs] 
204.773: Total time for which application threads were stopped: 0.0044420 seconds, Stopping threads took: 0.0019180 seconds
204.814: Application time: 0.0405540 seconds
204.816: [GC [PSYoungGen: 48608K->5920K(48640K)] 81924K->39252K(159744K), 0.0017860 secs] [Times: user=0.01 sys=0.00, real=0.00 secs] 
204.817: Total time for which application threads were stopped: 0.0034850 seconds, Stopping threads took: 0.0016200 seconds
204.858: Application time: 0.0402080 seconds
204.860: [GC [PSYoungGen: 47904K->5888K(48640K)] 81236K->39220K(159744K), 0.0018870 secs] [Times: user=0.01 sys=0.00, real=0.00 secs] 
204.862: Total time for which application threads were stopped: 0.0046780 seconds, Stopping threads took: 0.0027020 seconds
204.902: Application time: 0.0399920 seconds
204.904: [GC [PSYoungGen: 47872K->6640K(48640K)] 81204K->40652K(159744K), 0.0021580 secs] [Times: user=0.01 sys=0.00, real=0.00 secs] 
204.906: Total time for which application threads were stopped: 0.0039870 seconds, Stopping threads took: 0.0017480 seconds
204.947: Application time: 0.0402450 seconds
204.948: [GC [PSYoungGen: 48624K->6368K(48640K)] 82636K->40380K(159744K), 0.0020010 secs] [Times: user=0.01 sys=0.00, real=0.00 secs] 
204.950: Total time for which application threads were stopped: 0.0036880 seconds, Stopping threads took: 0.0016060 seconds
204.991: Application time: 0.0407970 seconds
204.993: [GC [PSYoungGen: 48352K->6624K(48640K)] 82364K->41004K(159744K), 0.0020550 secs] [Times: user=0.01 sys=0.00, real=0.00 secs] 
204.995: Total time for which application threads were stopped: 0.0037890 seconds, Stopping threads took: 0.0016550 seconds
205.035: Application time: 0.0400300 seconds
205.037: [GC [PSYoungGen: 48608K->6640K(48640K)] 82988K->41832K(159744K), 0.0022790 secs] [Times: user=0.00 sys=0.00, real=0.00 secs] 
205.039: Total time for which application threads were stopped: 0.0045880 seconds, Stopping threads took: 0.0022230 seconds
205.079: Application time: 0.0390270 seconds
205.081: [GC [PSYoungGen: 48624K->6624K(48640K)] 83816K->42392K(159744K), 0.0022410 secs] [Times: user=0.02 sys=0.00, real=0.00 secs] 
205.083: Total time for which application threads were stopped: 0.0046140 seconds, Stopping threads took: 0.0022800 seconds
205.124: Application time: 0.0409250 seconds
205.126: [GC [PSYoungGen: 48608K->6160K(48640K)] 84376K->41928K(159744K), 0.0020770 secs] [Times: user=0.01 sys=0.00, real=0.00 secs] 
205.128: Total time for which application threads were stopped: 0.0037500 seconds, Stopping threads took: 0.0015990 seconds
205.169: Application time: 0.0413270 seconds
205.171: [GC [PSYoungGen: 48144K->6640K(48640K)] 83912K->43048K(159744K), 0.0021890 secs] [Times: user=0.01 sys=0.00, real=0.01 secs] 
205.173: Total time for which application threads were stopped: 0.0041780 seconds, Stopping threads took: 0.0019060 seconds
205.212: Application time: 0.0390410 seconds
205.215: [GC [PSYoungGen: 48624K->6656K(48640K)] 85032K->43464K(159744K), 0.0021110 secs] [Times: user=0.01 sys=0.00, real=0.00 secs] 
205.217: Total time for which application threads were stopped: 0.0046380 seconds, Stopping threads took: 0.0024450 seconds
205.255: Application time: 0.0383070 seconds
205.257: [GC [PSYoungGen: 48640K->6640K(48640K)] 85448K->44448K(159744K), 0.0023060 secs] [Times: user=0.01 sys=0.00, real=0.00 secs] 
205.259: Total time for which application threads were stopped: 0.0036900 seconds, Stopping threads took: 0.0012960 seconds
205.299: Application time: 0.0403490 seconds
205.301: [GC [PSYoungGen: 48624K->6640K(48640K)] 86432K->44600K(159744K), 0.0020200 secs] [Times: user=0.02 sys=0.00, real=0.00 secs] 
205.303: Total time for which application threads were stopped: 0.0033370 seconds, Stopping threads took: 0.0012360 seconds
205.343: Application time: 0.0406420 seconds
205.345: [GC [PSYoungGen: 48624K->6624K(48640K)] 86584K->44656K(159744K), 0.0021220 secs] [Times: user=0.01 sys=0.00, real=0.00 secs] 
205.347: Total time for which application threads were stopped: 0.0038150 seconds, Stopping threads took: 0.0016050 seconds
205.389: Application time: 0.0414900 seconds
205.390: [GC [PSYoungGen: 48608K->6624K(48640K)] 86640K->45180K(159744K), 0.0022140 secs] [Times: user=0.01 sys=0.00, real=0.01 secs] 
205.393: Total time for which application threads were stopped: 0.0038520 seconds, Stopping threads took: 0.0015440 seconds
205.430: Application time: 0.0374960 seconds
205.431: [GC [PSYoungGen: 48608K->6656K(48640K)] 87164K->45876K(159744K), 0.0022180 secs] [Times: user=0.02 sys=0.00, real=0.00 secs] 
205.434: Total time for which application threads were stopped: 0.0037370 seconds, Stopping threads took: 0.0014380 seconds
205.471: Application time: 0.0372800 seconds
205.475: [GC [PSYoungGen: 48640K->6656K(48640K)] 87860K->45956K(159744K), 0.0020260 secs] [Times: user=0.01 sys=0.00, real=0.00 secs] 
205.477: Total time for which application threads were stopped: 0.0062880 seconds, Stopping threads took: 0.0041810 seconds
205.514: Application time: 0.0371230 seconds
205.516: [GC [PSYoungGen: 48640K->6640K(48640K)] 87940K->46980K(159744K), 0.0022430 secs] [Times: user=0.02 sys=0.00, real=0.00 secs] 
205.518: Total time for which application threads were stopped: 0.0040530 seconds, Stopping threads took: 0.0017290 seconds
205.556: Application time: 0.0370390 seconds
205.557: [GC [PSYoungGen: 48624K->6656K(48640K)] 88964K->47404K(159744K), 0.0022070 secs] [Times: user=0.01 sys=0.00, real=0.00 secs] 
205.559: Total time for which application threads were stopped: 0.0037580 seconds, Stopping threads took: 0.0014730 seconds
205.596: Application time: 0.0368480 seconds
205.598: [GC [PSYoungGen: 48640K->6656K(48640K)] 89388K->47716K(159744K), 0.0020980 secs] [Times: user=0.02 sys=0.00, real=0.00 secs] 
205.600: Total time for which application threads were stopped: 0.0039290 seconds, Stopping threads took: 0.0017530 seconds
205.638: Application time: 0.0383750 seconds
205.640: [GC [PSYoungGen: 48640K->6464K(48640K)] 89700K->47524K(159744K), 0.0019340 secs] [Times: user=0.01 sys=0.00, real=0.00 secs] 
205.642: Total time for which application threads were stopped: 0.0037020 seconds, Stopping threads took: 0.0016890 seconds
205.681: Application time: 0.0385890 seconds
205.683: [GC [PSYoungGen: 48448K->6272K(48640K)] 89508K->47332K(159744K), 0.0020970 secs] [Times: user=0.02 sys=0.00, real=0.01 secs] 
205.685: Total time for which application threads were stopped: 0.0040950 seconds, Stopping threads took: 0.0018990 seconds
205.723: Application time: 0.0377940 seconds
205.725: [GC [PSYoungGen: 48256K->6640K(48640K)] 89316K->47908K(159744K), 0.0020210 secs] [Times: user=0.02 sys=0.00, real=0.00 secs] 
205.727: Total time for which application threads were stopped: 0.0039230 seconds, Stopping threads took: 0.0018220 seconds
205.763: Application time: 0.0366560 seconds
205.765: [GC [PSYoungGen: 48624K->6656K(48640K)] 89892K->47924K(159744K), 0.0019210 secs] [Times: user=0.02 sys=0.00, real=0.00 secs] 
205.767: Total time for which application threads were stopped: 0.0034510 seconds, Stopping threads took: 0.0014520 seconds
205.805: Application time: 0.0384490 seconds
205.807: [GC [PSYoungGen: 48640K->6640K(48640K)] 89908K->48532K(159744K), 0.0021460 secs] [Times: user=0.01 sys=0.00, real=0.00 secs] 
205.809: Total time for which application threads were stopped: 0.0037570 seconds, Stopping threads took: 0.0015310 seconds
205.846: Application time: 0.0368670 seconds
205.847: [GC [PSYoungGen: 48624K->6640K(48640K)] 90516K->48788K(159744K), 0.0021210 secs] [Times: user=0.02 sys=0.00, real=0.00 secs] 
205.850: Total time for which application threads were stopped: 0.0038070 seconds, Stopping threads took: 0.0016060 seconds
205.887: Application time: 0.0378160 seconds
205.889: [GC [PSYoungGen: 48624K->6640K(48640K)] 90772K->49464K(159744K), 0.0022410 secs] [Times: user=0.02 sys=0.00, real=0.00 secs] 
205.891: Total time for which application threads were stopped: 0.0036200 seconds, Stopping threads took: 0.0013020 seconds
205.929: Application time: 0.0383120 seconds
205.931: [GC [PSYoungGen: 48624K->6640K(48640K)] 91448K->49528K(159744K), 0.0020500 secs] [Times: user=0.01 sys=0.00, real=0.01 secs] 
205.933: Total time for which application threads were stopped: 0.0038130 seconds, Stopping threads took: 0.0016750 seconds
205.971: Application time: 0.0375130 seconds
205.972: [GC [PSYoungGen: 48624K->6624K(48640K)] 91512K->49832K(159744K), 0.0020920 secs] [Times: user=0.01 sys=0.00, real=0.00 secs] 
205.974: Total time for which application threads were stopped: 0.0034340 seconds, Stopping threads took: 0.0012610 seconds
206.012: Application time: 0.0383470 seconds
206.014: [GC [PSYoungGen: 48608K->6432K(48640K)] 91816K->49640K(159744K), 0.0019130 secs] [Times: user=0.02 sys=0.00, real=0.00 secs] 
206.016: Total time for which application threads were stopped: 0.0032010 seconds, Stopping threads took: 0.0012110 seconds
206.055: Application time: 0.0389620 seconds
206.056: [GC [PSYoungGen: 48416K->6656K(48640K)] 91624K->50560K(159744K), 0.0021760 secs] [Times: user=0.02 sys=0.00, real=0.00 secs] 
206.058: Total time for which application threads were stopped: 0.0038430 seconds, Stopping threads took: 0.0015870 seconds
206.097: Application time: 0.0380920 seconds
206.098: [GC [PSYoungGen: 48640K->6080K(48640K)] 92544K->49984K(159744K), 0.0019150 secs] [Times: user=0.01 sys=0.00, real=0.00 secs] 
206.100: Total time for which application threads were stopped: 0.0032010 seconds, Stopping threads took: 0.0012100 seconds
206.138: Application time: 0.0379660 seconds
206.140: [GC [PSYoungGen: 48064K->6656K(48640K)] 91968K->51256K(159744K), 0.0022200 secs] [Times: user=0.01 sys=0.00, real=0.00 secs] 
206.142: Total time for which application threads were stopped: 0.0042280 seconds, Stopping threads took: 0.0019260 seconds
206.179: Application time: 0.0371450 seconds
206.182: [GC [PSYoungGen: 48640K->6656K(48640K)] 93240K->52376K(159744K), 0.0023740 secs] [Times: user=0.02 sys=0.00, real=0.01 secs] 
206.185: Total time for which application threads were stopped: 0.0054480 seconds, Stopping threads took: 0.0029940 seconds
206.223: Application time: 0.0383920 seconds
206.224: [GC [PSYoungGen: 48640K->6656K(48640K)] 94360K->52832K(159744K), 0.0020830 secs] [Times: user=0.01 sys=0.00, real=0.00 secs] 
206.226: Total time for which application threads were stopped: 0.0031740 seconds, Stopping threads took: 0.0010030 seconds
206.264: Application time: 0.0379570 seconds
206.265: [GC [PSYoungGen: 48640K->6640K(48640K)] 94816K->53520K(159744K), 0.0021630 secs] [Times: user=0.02 sys=0.00, real=0.00 secs] 
206.268: Total time for which application threads were stopped: 0.0034880 seconds, Stopping threads took: 0.0012430 seconds
206.305: Application time: 0.0374710 seconds
206.307: [GC [PSYoungGen: 48624K->6640K(48640K)] 95504K->54560K(159744K), 0.0022590 secs] [Times: user=0.01 sys=0.00, real=0.00 secs] 
206.309: Total time for which application threads were stopped: 0.0044170 seconds, Stopping threads took: 0.0020670 seconds
206.348: Application time: 0.0383350 seconds
206.349: [GC [PSYoungGen: 48623K->6624K(48640K)] 96543K->54560K(159744K), 0.0020190 secs] [Times: user=0.02 sys=0.00, real=0.00 secs] 
206.351: Total time for which application threads were stopped: 0.0031330 seconds, Stopping threads took: 0.0010390 seconds
206.389: Application time: 0.0380650 seconds
206.391: [GC [PSYoungGen: 48608K->6640K(48640K)] 96544K->54760K(159744K), 0.0020330 secs] [Times: user=0.01 sys=0.00, real=0.01 secs] 
206.393: Total time for which application threads were stopped: 0.0036800 seconds, Stopping threads took: 0.0015670 seconds
206.431: Application time: 0.0382860 seconds
206.433: [GC [PSYoungGen: 48624K->5952K(48640K)] 96744K->54088K(159744K), 0.0017420 secs] [Times: user=0.02 sys=0.00, real=0.00 secs] 
206.434: Total time for which application threads were stopped: 0.0034580 seconds, Stopping threads took: 0.0016270 seconds
206.472: Application time: 0.0377200 seconds
206.474: [GC [PSYoungGen: 47936K->6256K(48640K)] 96072K->54400K(159744K), 0.0020430 secs] [Times: user=0.01 sys=0.00, real=0.00 secs] 
206.476: Total time for which application threads were stopped: 0.0034670 seconds, Stopping threads took: 0.0013470 seconds
206.513: Application time: 0.0377170 seconds
206.515: [GC [PSYoungGen: 48240K->6640K(48640K)] 96384K->54800K(159744K), 0.0020360 secs] [Times: user=0.02 sys=0.00, real=0.00 secs] 
206.518: Total time for which application threads were stopped: 0.0041730 seconds, Stopping threads took: 0.0020550 seconds
206.554: Application time: 0.0365800 seconds
206.556: [GC [PSYoungGen: 48624K->6624K(48640K)] 96784K->55760K(159744K), 0.0022220 secs] [Times: user=0.01 sys=0.00, real=0.00 secs] 
206.558: Total time for which application threads were stopped: 0.0043860 seconds, Stopping threads took: 0.0020630 seconds
206.596: Application time: 0.0372360 seconds
206.598: [GC [PSYoungGen: 48608K->6656K(48640K)] 97744K->56592K(159744K), 0.0022530 secs] [Times: user=0.01 sys=0.00, real=0.00 secs] 
206.600: Total time for which application threads were stopped: 0.0043610 seconds, Stopping threads took: 0.0020250 seconds
206.638: Application time: 0.0378130 seconds
206.639: [GC [PSYoungGen: 48640K->6624K(48640K)] 98576K->56928K(159744K), 0.0021130 secs] [Times: user=0.02 sys=0.00, real=0.00 secs] 
206.641: Total time for which application threads were stopped: 0.0034260 seconds, Stopping threads took: 0.0012270 seconds
206.679: Application time: 0.0373150 seconds
206.681: [GC [PSYoungGen: 48608K->6624K(48640K)] 98912K->57688K(159744K), 0.0021730 secs] [Times: user=0.01 sys=0.00, real=0.01 secs] 
206.683: Total time for which application threads were stopped: 0.0046670 seconds, Stopping threads took: 0.0024100 seconds
206.720: Application time: 0.0371260 seconds
206.722: [GC [PSYoungGen: 48607K->6656K(48640K)] 99672K->57728K(159744K), 0.0021390 secs] [Times: user=0.01 sys=0.00, real=0.01 secs] 
206.724: Total time for which application threads were stopped: 0.0034340 seconds, Stopping threads took: 0.0012180 seconds
206.761: Application time: 0.0372070 seconds
206.764: [GC [PSYoungGen: 48640K->6528K(48640K)] 99712K->57600K(159744K), 0.0019780 secs] [Times: user=0.02 sys=0.00, real=0.00 secs] 
206.766: Total time for which application threads were stopped: 0.0045690 seconds, Stopping threads took: 0.0025180 seconds
206.804: Application time: 0.0380580 seconds
206.809: [GC [PSYoungGen: 48512K->6640K(48640K)] 99584K->58312K(159744K), 0.0022580 secs] [Times: user=0.01 sys=0.00, real=0.00 secs] 
206.811: Total time for which application threads were stopped: 0.0071400 seconds, Stopping threads took: 0.0048060 seconds
206.847: Application time: 0.0365370 seconds
206.849: [GC [PSYoungGen: 48624K->6624K(48640K)] 100296K->59160K(159744K), 0.0022860 secs] [Times: user=0.02 sys=0.00, real=0.01 secs] 
206.851: Total time for which application threads were stopped: 0.0039890 seconds, Stopping threads took: 0.0016180 seconds
206.888: Application time: 0.0367210 seconds
206.890: [GC [PSYoungGen: 48608K->6624K(48640K)] 101144K->59464K(159744K), 0.0020480 secs] [Times: user=0.01 sys=0.00, real=0.01 secs] 
206.892: Total time for which application threads were stopped: 0.0037230 seconds, Stopping threads took: 0.0015930 seconds
206.929: Application time: 0.0376620 seconds
206.931: [GC [PSYoungGen: 48608K->6368K(48640K)] 101448K->59216K(159744K), 0.0018990 secs] [Times: user=0.01 sys=0.00, real=0.00 secs] 
206.933: Total time for which application threads were stopped: 0.0037960 seconds, Stopping threads took: 0.0018200 seconds
206.971: Application time: 0.0376830 seconds
206.973: [GC [PSYoungGen: 48352K->6624K(48640K)] 101200K->60601K(159744K), 0.0022560 secs] [Times: user=0.02 sys=0.01, real=0.00 secs] 
206.975: Total time for which application threads were stopped: 0.0044120 seconds, Stopping threads took: 0.0020620 seconds
207.012: Application time: 0.0369240 seconds
207.014: [GC [PSYoungGen: 48608K->6656K(48640K)] 102585K->60833K(159744K), 0.0019940 secs] [Times: user=0.01 sys=0.00, real=0.00 secs] 
207.016: Total time for which application threads were stopped: 0.0034130 seconds, Stopping threads took: 0.0013360 seconds
207.053: Application time: 0.0367830 seconds
207.055: [GC [PSYoungGen: 48640K->6656K(48640K)] 102817K->61305K(159744K), 0.0020640 secs] [Times: user=0.02 sys=0.00, real=0.00 secs] 
207.057: Total time for which application threads were stopped: 0.0049740 seconds, Stopping threads took: 0.0028290 seconds
207.095: Application time: 0.0376160 seconds
207.097: [GC [PSYoungGen: 48640K->6656K(48640K)] 103289K->62265K(159744K), 0.0022930 secs] [Times: user=0.01 sys=0.00, real=0.00 secs] 
207.099: Total time for which application threads were stopped: 0.0039680 seconds, Stopping threads took: 0.0015910 seconds
207.138: Application time: 0.0390050 seconds
207.141: [GC [PSYoungGen: 48640K->6656K(48640K)] 104249K->63661K(159744K), 0.0023780 secs] [Times: user=0.02 sys=0.00, real=0.00 secs] 
207.143: Total time for which application threads were stopped: 0.0048990 seconds, Stopping threads took: 0.0024410 seconds
207.180: Application time: 0.0370230 seconds
207.182: [GC [PSYoungGen: 48640K->6656K(48640K)] 105645K->64501K(159744K), 0.0021850 secs] [Times: user=0.02 sys=0.00, real=0.01 secs] 
207.184: Total time for which application threads were stopped: 0.0039080 seconds, Stopping threads took: 0.0016430 seconds
207.221: Application time: 0.0369840 seconds
207.222: [GC [PSYoungGen: 48640K->6640K(48640K)] 106485K->64685K(159744K), 0.0020090 secs] [Times: user=0.02 sys=0.00, real=0.01 secs] 
207.224: Total time for which application threads were stopped: 0.0034590 seconds, Stopping threads took: 0.0013700 seconds
207.263: Application time: 0.0381550 seconds
207.265: [GC [PSYoungGen: 48622K->6432K(48640K)] 106667K->64477K(159744K), 0.0019680 secs] [Times: user=0.01 sys=0.00, real=0.00 secs] 
207.267: Total time for which application threads were stopped: 0.0043400 seconds, Stopping threads took: 0.0022930 seconds
207.304: Application time: 0.0372870 seconds
207.306: [GC [PSYoungGen: 48416K->6640K(48640K)] 106461K->65613K(159744K), 0.0022330 secs] [Times: user=0.02 sys=0.00, real=0.00 secs] 
207.308: Total time for which application threads were stopped: 0.0038960 seconds, Stopping threads took: 0.0015800 seconds
207.345: Application time: 0.0368290 seconds
207.347: [GC [PSYoungGen: 48624K->6656K(48640K)] 107597K->66981K(159744K), 0.0023490 secs] [Times: user=0.02 sys=0.00, real=0.00 secs] 
207.349: Total time for which application threads were stopped: 0.0042800 seconds, Stopping threads took: 0.0018390 seconds
207.386: Application time: 0.0370700 seconds
207.388: [GC [PSYoungGen: 48640K->6640K(48640K)] 108965K->67633K(159744K), 0.0022030 secs] [Times: user=0.02 sys=0.00, real=0.00 secs] 
207.391: Total time for which application threads were stopped: 0.0043070 seconds, Stopping threads took: 0.0020190 seconds
207.428: Application time: 0.0376670 seconds
207.430: [GC [PSYoungGen: 48624K->6640K(48640K)] 109617K->67777K(159744K), 0.0021220 secs] [Times: user=0.02 sys=0.00, real=0.01 secs] 
207.432: Total time for which application threads were stopped: 0.0038310 seconds, Stopping threads took: 0.0016270 seconds
207.470: Application time: 0.0376240 seconds
207.472: [GC [PSYoungGen: 48624K->6272K(48640K)] 109761K->67425K(159744K), 0.0023730 secs] [Times: user=0.01 sys=0.00, real=0.00 secs] 
207.474: Total time for which application threads were stopped: 0.0045790 seconds, Stopping threads took: 0.0021250 seconds
207.513: Application time: 0.0391910 seconds
207.515: [GC [PSYoungGen: 48256K->5312K(48640K)] 109409K->66465K(159744K), 0.0017070 secs] [Times: user=0.01 sys=0.00, real=0.00 secs] 
207.517: Total time for which application threads were stopped: 0.0031480 seconds, Stopping threads took: 0.0013600 seconds
207.555: Application time: 0.0384720 seconds
207.557: [GC [PSYoungGen: 47296K->6640K(48640K)] 108449K->67905K(159744K), 0.0019570 secs] [Times: user=0.01 sys=0.00, real=0.00 secs] 
207.559: Total time for which application threads were stopped: 0.0041570 seconds, Stopping threads took: 0.0021220 seconds
207.597: Application time: 0.0378680 seconds
207.598: [GC [PSYoungGen: 48624K->6656K(48640K)] 109889K->67921K(159744K), 0.0020200 secs] [Times: user=0.01 sys=0.00, real=0.00 secs] 
207.600: Total time for which application threads were stopped: 0.0033370 seconds, Stopping threads took: 0.0012350 seconds
207.639: Application time: 0.0385210 seconds
207.641: [GC [PSYoungGen: 48640K->6640K(48640K)] 109905K->67921K(159744K), 0.0020610 secs] [Times: user=0.01 sys=0.00, real=0.00 secs] 
207.643: Total time for which application threads were stopped: 0.0037050 seconds, Stopping threads took: 0.0015660 seconds
207.681: Application time: 0.0378680 seconds
207.682: [GC [PSYoungGen: 48624K->5632K(48640K)] 109905K->66913K(159744K), 0.0016760 secs] [Times: user=0.01 sys=0.00, real=0.01 secs] 
207.684: Total time for which application threads were stopped: 0.0033190 seconds, Stopping threads took: 0.0015660 seconds
207.722: Application time: 0.0385190 seconds
207.724: [GC [PSYoungGen: 47616K->5824K(48640K)] 108897K->67105K(159744K), 0.0018030 secs] [Times: user=0.01 sys=0.00, real=0.00 secs] 
207.726: Total time for which application threads were stopped: 0.0032960 seconds, Stopping threads took: 0.0014180 seconds
207.766: Application time: 0.0398400 seconds
207.766: [GC [PSYoungGen: 47808K->5184K(48640K)] 109089K->66465K(159744K), 0.0015640 secs] [Times: user=0.01 sys=0.00, real=0.00 secs] 
207.768: Total time for which application threads were stopped: 0.0024900 seconds, Stopping threads took: 0.0008540 seconds
207.807: Application time: 0.0386240 seconds
207.809: [GC [PSYoungGen: 47168K->6656K(48640K)] 108449K->67953K(159744K), 0.0019220 secs] [Times: user=0.01 sys=0.00, real=0.00 secs] 
207.811: Total time for which application threads were stopped: 0.0042560 seconds, Stopping threads took: 0.0022560 seconds
207.847: Application time: 0.0362670 seconds
207.849: [GC [PSYoungGen: 48640K->6640K(48640K)] 109937K->68649K(159744K), 0.0022710 secs] [Times: user=0.02 sys=0.00, real=0.01 secs] 
207.852: Total time for which application threads were stopped: 0.0044260 seconds, Stopping threads took: 0.0020720 seconds
207.889: Application time: 0.0372720 seconds
207.891: [GC [PSYoungGen: 48624K->6656K(48640K)] 110633K->69745K(159744K), 0.0023030 secs] [Times: user=0.02 sys=0.00, real=0.01 secs] 
207.893: Total time for which application threads were stopped: 0.0045280 seconds, Stopping threads took: 0.0021390 seconds
207.931: Application time: 0.0378950 seconds
207.933: [GC [PSYoungGen: 48640K->6640K(48640K)] 111729K->69745K(159744K), 0.0020540 secs] [Times: user=0.01 sys=0.00, real=0.00 secs] 
207.935: Total time for which application threads were stopped: 0.0036860 seconds, Stopping threads took: 0.0015490 seconds
207.972: Application time: 0.0370800 seconds
207.974: [GC [PSYoungGen: 48624K->6480K(48640K)] 111729K->69593K(159744K), 0.0020280 secs] [Times: user=0.01 sys=0.00, real=0.00 secs] 
207.976: Total time for which application threads were stopped: 0.0035890 seconds, Stopping threads took: 0.0014810 seconds
208.013: Application time: 0.0375930 seconds
208.015: [GC [PSYoungGen: 48464K->6640K(48640K)] 111577K->70929K(159744K), 0.0025140 secs] [Times: user=0.02 sys=0.00, real=0.00 secs] 
208.017: Total time for which application threads were stopped: 0.0040880 seconds, Stopping threads took: 0.0014710 seconds
208.057: Application time: 0.0391980 seconds
208.058: [GC [PSYoungGen: 48624K->6368K(48640K)] 112913K->70657K(159744K), 0.0019800 secs] [Times: user=0.01 sys=0.01, real=0.00 secs] 
208.060: Total time for which application threads were stopped: 0.0038050 seconds, Stopping threads took: 0.0017310 seconds
208.100: Application time: 0.0400000 seconds
208.101: [GC [PSYoungGen: 48352K->6624K(48640K)] 112641K->71065K(159744K), 0.0020280 secs] [Times: user=0.01 sys=0.00, real=0.00 secs] 
208.103: Total time for which application threads were stopped: 0.0027130 seconds, Stopping threads took: 0.0006080 seconds
208.142: Application time: 0.0385870 seconds
208.142: [GC [PSYoungGen: 48608K->6640K(48640K)] 113049K->71313K(159744K), 0.0021280 secs] [Times: user=0.02 sys=0.00, real=0.01 secs] 
208.145: Total time for which application threads were stopped: 0.0029700 seconds, Stopping threads took: 0.0007630 seconds
208.182: Application time: 0.0370490 seconds
208.183: [GC [PSYoungGen: 48624K->6640K(48640K)] 113297K->71937K(159744K), 0.0022540 secs] [Times: user=0.02 sys=0.00, real=0.00 secs] 
208.186: Total time for which application threads were stopped: 0.0039910 seconds, Stopping threads took: 0.0016550 seconds
208.225: Application time: 0.0397640 seconds
208.227: [GC [PSYoungGen: 48624K->6656K(48640K)] 113921K->73465K(159744K), 0.0024810 secs] [Times: user=0.02 sys=0.00, real=0.00 secs] 
208.230: Total time for which application threads were stopped: 0.0041800 seconds, Stopping threads took: 0.0016170 seconds
208.268: Application time: 0.0384510 seconds
208.269: [GC [PSYoungGen: 48640K->6656K(48640K)] 115449K->74377K(159744K), 0.0024590 secs] [Times: user=0.01 sys=0.00, real=0.01 secs] 
208.272: Total time for which application threads were stopped: 0.0036630 seconds, Stopping threads took: 0.0011000 seconds
208.310: Application time: 0.0380910 seconds
208.311: [GC [PSYoungGen: 48640K->6640K(48640K)] 116361K->74953K(159744K), 0.0021600 secs] [Times: user=0.01 sys=0.00, real=0.01 secs] 
208.313: Total time for which application threads were stopped: 0.0034920 seconds, Stopping threads took: 0.0012490 seconds
208.352: Application time: 0.0385920 seconds
208.353: [GC [PSYoungGen: 48624K->6656K(48640K)] 116937K->75753K(159744K), 0.0022150 secs] [Times: user=0.02 sys=0.00, real=0.00 secs] 
208.356: Total time for which application threads were stopped: 0.0038430 seconds, Stopping threads took: 0.0015440 seconds
208.393: Application time: 0.0369170 seconds
208.394: [GC [PSYoungGen: 48640K->6656K(48640K)] 117737K->75801K(159744K), 0.0021250 secs] [Times: user=0.02 sys=0.00, real=0.00 secs] 
208.396: Total time for which application threads were stopped: 0.0033150 seconds, Stopping threads took: 0.0011110 seconds
208.432: Application time: 0.0364710 seconds
208.434: [GC [PSYoungGen: 48640K->6656K(48640K)] 117785K->76153K(159744K), 0.0020990 secs] [Times: user=0.02 sys=0.00, real=0.00 secs] 
208.436: Total time for which application threads were stopped: 0.0037700 seconds, Stopping threads took: 0.0015920 seconds
208.474: Application time: 0.0380480 seconds
208.475: [GC [PSYoungGen: 48640K->6320K(48640K)] 118137K->75833K(159744K), 0.0019420 secs] [Times: user=0.01 sys=0.00, real=0.00 secs] 
208.477: Total time for which application threads were stopped: 0.0030720 seconds, Stopping threads took: 0.0010450 seconds
208.515: Application time: 0.0373390 seconds
208.517: [GC [PSYoungGen: 48304K->6256K(48640K)] 117817K->75777K(159744K), 0.0019410 secs] [Times: user=0.01 sys=0.00, real=0.00 secs] 
208.519: Total time for which application threads were stopped: 0.0042340 seconds, Stopping threads took: 0.0022180 seconds
208.558: Application time: 0.0389760 seconds
208.559: [GC [PSYoungGen: 48240K->6624K(48640K)] 117761K->76153K(159744K), 0.0021220 secs] [Times: user=0.01 sys=0.00, real=0.00 secs] 
208.562: Total time for which application threads were stopped: 0.0036850 seconds, Stopping threads took: 0.0014760 seconds
208.599: Application time: 0.0376040 seconds
208.601: [GC [PSYoungGen: 48608K->6656K(48640K)] 118137K->76233K(159744K), 0.0019890 secs] [Times: user=0.02 sys=0.00, real=0.00 secs] 
208.603: Total time for which application threads were stopped: 0.0035710 seconds, Stopping threads took: 0.0015020 seconds
208.641: Application time: 0.0384610 seconds
208.642: [GC [PSYoungGen: 48640K->5760K(48640K)] 118217K->75337K(159744K), 0.0018170 secs] [Times: user=0.01 sys=0.00, real=0.01 secs] 
208.644: Total time for which application threads were stopped: 0.0029220 seconds, Stopping threads took: 0.0010330 seconds
208.684: Application time: 0.0395650 seconds
208.685: [GC [PSYoungGen: 47744K->5792K(48640K)] 117321K->75377K(159744K), 0.0017740 secs] [Times: user=0.01 sys=0.00, real=0.00 secs] 
208.687: Total time for which application threads were stopped: 0.0032740 seconds, Stopping threads took: 0.0014250 seconds
208.726: Application time: 0.0388560 seconds
208.727: [GC [PSYoungGen: 47776K->6112K(48640K)] 117361K->75697K(159744K), 0.0018720 secs] [Times: user=0.01 sys=0.00, real=0.00 secs] 
208.729: Total time for which application threads were stopped: 0.0034700 seconds, Stopping threads took: 0.0015190 seconds
208.768: Application time: 0.0387440 seconds
208.770: [GC [PSYoungGen: 48096K->5664K(48640K)] 117681K->75249K(159744K), 0.0016800 secs] [Times: user=0.00 sys=0.00, real=0.01 secs] 
208.771: Total time for which application threads were stopped: 0.0032800 seconds, Stopping threads took: 0.0015240 seconds
208.811: Application time: 0.0398510 seconds
208.814: [GC [PSYoungGen: 47648K->5888K(48640K)] 117233K->75473K(159744K), 0.0017940 secs] [Times: user=0.01 sys=0.00, real=0.00 secs] 
208.816: Total time for which application threads were stopped: 0.0043450 seconds, Stopping threads took: 0.0024740 seconds
208.854: Application time: 0.0386140 seconds
208.856: [GC [PSYoungGen: 47872K->6256K(48640K)] 117457K->75841K(159744K), 0.0018670 secs] [Times: user=0.02 sys=0.00, real=0.00 secs] 
208.858: Total time for which application threads were stopped: 0.0034990 seconds, Stopping threads took: 0.0015540 seconds
208.894: Application time: 0.0366900 seconds
208.896: [GC [PSYoungGen: 48240K->6512K(48640K)] 117825K->76105K(159744K), 0.0019350 secs] [Times: user=0.01 sys=0.00, real=0.00 secs] 
208.898: Total time for which application threads were stopped: 0.0036870 seconds, Stopping threads took: 0.0016740 seconds
208.937: Application time: 0.0385890 seconds
208.939: [GC [PSYoungGen: 48496K->6656K(48640K)] 118089K->76713K(159744K), 0.0021900 secs] [Times: user=0.01 sys=0.00, real=0.00 secs] 
208.941: Total time for which application threads were stopped: 0.0041130 seconds, Stopping threads took: 0.0018410 seconds
208.978: Application time: 0.0372520 seconds
208.980: [GC [PSYoungGen: 48640K->6656K(48640K)] 118697K->76881K(159744K), 0.0020080 secs] [Times: user=0.02 sys=0.00, real=0.00 secs] 
208.982: Total time for which application threads were stopped: 0.0038320 seconds, Stopping threads took: 0.0017410 seconds
209.018: Application time: 0.0358770 seconds
209.020: [GC [PSYoungGen: 48640K->6656K(48640K)] 118865K->78282K(159744K), 0.0023780 secs] [Times: user=0.02 sys=0.00, real=0.00 secs] 
209.022: Total time for which application threads were stopped: 0.0046260 seconds, Stopping threads took: 0.0021630 seconds
209.060: Application time: 0.0375610 seconds
209.062: [GC [PSYoungGen: 48640K->6656K(48640K)] 120266K->78778K(159744K), 0.0022180 secs] [Times: user=0.02 sys=0.00, real=0.01 secs] 
209.065: Total time for which application threads were stopped: 0.0047330 seconds, Stopping threads took: 0.0024220 seconds
209.102: Application time: 0.0370640 seconds
209.104: [GC [PSYoungGen: 48640K->6624K(48640K)] 120762K->78746K(159744K), 0.0020760 secs] [Times: user=0.02 sys=0.00, real=0.00 secs] 
209.106: Total time for which application threads were stopped: 0.0044500 seconds, Stopping threads took: 0.0022980 seconds
209.143: Application time: 0.0369700 seconds
209.145: [GC [PSYoungGen: 48608K->6640K(48640K)] 120730K->79418K(159744K), 0.0022400 secs] [Times: user=0.01 sys=0.00, real=0.00 secs] 
209.147: Total time for which application threads were stopped: 0.0040340 seconds, Stopping threads took: 0.0017010 seconds
209.185: Application time: 0.0374070 seconds
209.186: [GC [PSYoungGen: 48624K->6640K(48640K)] 121402K->79482K(159744K), 0.0020780 secs] [Times: user=0.01 sys=0.00, real=0.00 secs] 
209.188: Total time for which application threads were stopped: 0.0031930 seconds, Stopping threads took: 0.0010360 seconds
209.225: Application time: 0.0375990 seconds
209.227: [GC [PSYoungGen: 48624K->6656K(48640K)] 121466K->80322K(159744K), 0.0022530 secs] [Times: user=0.01 sys=0.00, real=0.00 secs] 
209.229: Total time for which application threads were stopped: 0.0040330 seconds, Stopping threads took: 0.0017010 seconds
209.267: Application time: 0.0376200 seconds
209.269: [GC [PSYoungGen: 48640K->5408K(48640K)] 122306K->79074K(159744K), 0.0017420 secs] [Times: user=0.01 sys=0.00, real=0.01 secs] 
209.271: Total time for which application threads were stopped: 0.0042000 seconds, Stopping threads took: 0.0023840 seconds
209.310: Application time: 0.0382800 seconds
209.311: [GC [PSYoungGen: 47390K->6640K(48640K)] 121056K->80586K(159744K), 0.0021230 secs] [Times: user=0.01 sys=0.00, real=0.00 secs] 
209.314: Total time for which application threads were stopped: 0.0041060 seconds, Stopping threads took: 0.0018980 seconds
209.352: Application time: 0.0387880 seconds
209.354: [GC [PSYoungGen: 48624K->6656K(48640K)] 122570K->82098K(159744K), 0.0024320 secs] [Times: user=0.02 sys=0.01, real=0.00 secs] 
209.356: Total time for which application threads were stopped: 0.0037390 seconds, Stopping threads took: 0.0012240 seconds
209.395: Application time: 0.0388400 seconds
209.397: [GC [PSYoungGen: 48640K->5920K(48640K)] 124082K->81362K(159744K), 0.0017720 secs] [Times: user=0.02 sys=0.00, real=0.00 secs] 
209.399: Total time for which application threads were stopped: 0.0035960 seconds, Stopping threads took: 0.0017520 seconds
209.438: Application time: 0.0389770 seconds
209.439: [GC [PSYoungGen: 47904K->6640K(48640K)] 123346K->82178K(159744K), 0.0021360 secs] [Times: user=0.01 sys=0.00, real=0.00 secs] 
209.441: Total time for which application threads were stopped: 0.0034940 seconds, Stopping threads took: 0.0012740 seconds
209.481: Application time: 0.0402770 seconds
209.483: [GC [PSYoungGen: 48624K->6640K(48640K)] 124162K->82402K(159744K), 0.0021910 secs] [Times: user=0.01 sys=0.00, real=0.01 secs] 
209.485: Total time for which application threads were stopped: 0.0035090 seconds, Stopping threads took: 0.0012380 seconds
209.525: Application time: 0.0405380 seconds
209.527: [GC [PSYoungGen: 48624K->6640K(48640K)] 124386K->82906K(159744K), 0.0022270 secs] [Times: user=0.02 sys=0.00, real=0.00 secs] 
209.530: Total time for which application threads were stopped: 0.0043500 seconds, Stopping threads took: 0.0020390 seconds
209.570: Application time: 0.0400480 seconds
209.571: [GC [PSYoungGen: 48624K->6656K(48640K)] 124890K->83642K(159744K), 0.0022450 secs] [Times: user=0.01 sys=0.00, real=0.00 secs] 
209.574: Total time for which application threads were stopped: 0.0038490 seconds, Stopping threads took: 0.0015090 seconds
209.615: Application time: 0.0408980 seconds
209.617: [GC [PSYoungGen: 48640K->5344K(48640K)] 125626K->82338K(159744K), 0.0016460 secs] [Times: user=0.01 sys=0.00, real=0.00 secs] 
209.618: Total time for which application threads were stopped: 0.0037510 seconds, Stopping threads took: 0.0020100 seconds
209.658: Application time: 0.0400140 seconds
209.661: [GC [PSYoungGen: 47328K->6336K(48640K)] 124322K->83330K(159744K), 0.0021430 secs] [Times: user=0.01 sys=0.00, real=0.01 secs] 
209.663: Total time for which application threads were stopped: 0.0049370 seconds, Stopping threads took: 0.0026990 seconds
209.703: Application time: 0.0395530 seconds
209.705: [GC [PSYoungGen: 48320K->6240K(48640K)] 125314K->83242K(159744K), 0.0020000 secs] [Times: user=0.01 sys=0.00, real=0.00 secs] 
209.707: Total time for which application threads were stopped: 0.0040070 seconds, Stopping threads took: 0.0019280 seconds
209.746: Application time: 0.0388210 seconds
209.748: [GC [PSYoungGen: 48224K->6656K(48640K)] 125226K->84122K(159744K), 0.0021620 secs] [Times: user=0.01 sys=0.00, real=0.00 secs] 
209.750: Total time for which application threads were stopped: 0.0046690 seconds, Stopping threads took: 0.0024250 seconds
209.790: Application time: 0.0399160 seconds
209.792: [GC [PSYoungGen: 48640K->6656K(48640K)] 126106K->84170K(159744K), 0.0021260 secs] [Times: user=0.01 sys=0.00, real=0.00 secs] 
209.794: Total time for which application threads were stopped: 0.0037940 seconds, Stopping threads took: 0.0015860 seconds
209.833: Application time: 0.0388370 seconds
209.835: [GC [PSYoungGen: 48640K->6656K(48640K)] 126154K->84682K(159744K), 0.0021650 secs] [Times: user=0.01 sys=0.00, real=0.00 secs] 
209.837: Total time for which application threads were stopped: 0.0045160 seconds, Stopping threads took: 0.0022700 seconds
209.878: Application time: 0.0401680 seconds
209.880: [GC [PSYoungGen: 48640K->6320K(48640K)] 126666K->84346K(159744K), 0.0019120 secs] [Times: user=0.01 sys=0.00, real=0.00 secs] 
209.882: Total time for which application threads were stopped: 0.0039660 seconds, Stopping threads took: 0.0019710 seconds
209.922: Application time: 0.0401240 seconds
209.924: [GC [PSYoungGen: 48304K->6656K(48640K)] 126330K->85130K(159744K), 0.0021590 secs] [Times: user=0.01 sys=0.00, real=0.00 secs] 
209.926: Total time for which application threads were stopped: 0.0042980 seconds, Stopping threads took: 0.0020550 seconds
209.967: Application time: 0.0407600 seconds
209.968: [GC [PSYoungGen: 48640K->5984K(48640K)] 127114K->84466K(159744K), 0.0018440 secs] [Times: user=0.01 sys=0.00, real=0.00 secs] 
209.970: Total time for which application threads were stopped: 0.0028510 seconds, Stopping threads took: 0.0009280 seconds
210.011: Application time: 0.0414330 seconds
210.013: [GC [PSYoungGen: 47968K->6176K(48640K)] 126450K->84666K(159744K), 0.0019660 secs] [Times: user=0.01 sys=0.00, real=0.00 secs] 
210.015: Total time for which application threads were stopped: 0.0037960 seconds, Stopping threads took: 0.0017540 seconds
210.056: Application time: 0.0408920 seconds
210.057: [GC [PSYoungGen: 48160K->6080K(48640K)] 126650K->84586K(159744K), 0.0019080 secs] [Times: user=0.02 sys=0.00, real=0.00 secs] 
210.059: Total time for which application threads were stopped: 0.0036180 seconds, Stopping threads took: 0.0016260 seconds
210.100: Application time: 0.0402160 seconds
210.101: [GC [PSYoungGen: 48064K->6400K(48640K)] 126570K->84906K(159744K), 0.0019420 secs] [Times: user=0.02 sys=0.00, real=0.01 secs] 
210.103: Total time for which application threads were stopped: 0.0036740 seconds, Stopping threads took: 0.0016430 seconds
210.143: Application time: 0.0401440 seconds
210.145: [GC [PSYoungGen: 48384K->6240K(48640K)] 126890K->84762K(159744K), 0.0019090 secs] [Times: user=0.02 sys=0.00, real=0.00 secs] 
210.147: Total time for which application threads were stopped: 0.0038440 seconds, Stopping threads took: 0.0018540 seconds
210.188: Application time: 0.0403560 seconds
210.190: [GC [PSYoungGen: 48224K->6656K(48640K)] 126746K->85946K(159744K), 0.0022730 secs] [Times: user=0.02 sys=0.00, real=0.01 secs] 
210.192: Total time for which application threads were stopped: 0.0044590 seconds, Stopping threads took: 0.0020990 seconds
210.233: Application time: 0.0406070 seconds
210.235: [GC [PSYoungGen: 48640K->6640K(48640K)] 127930K->86114K(159744K), 0.0021010 secs] [Times: user=0.01 sys=0.00, real=0.00 secs] 
210.237: Total time for which application threads were stopped: 0.0043440 seconds, Stopping threads took: 0.0021600 seconds
210.277: Application time: 0.0395450 seconds
210.279: [GC [PSYoungGen: 48624K->6656K(48640K)] 128098K->87626K(159744K), 0.0025370 secs] [Times: user=0.01 sys=0.00, real=0.00 secs] 
210.281: Total time for which application threads were stopped: 0.0046070 seconds, Stopping threads took: 0.0019840 seconds
210.321: Application time: 0.0400280 seconds
210.323: [GC [PSYoungGen: 48640K->6656K(48640K)] 129610K->88274K(159744K), 0.0022190 secs] [Times: user=0.02 sys=0.00, real=0.01 secs] 
210.325: Total time for which application threads were stopped: 0.0040870 seconds, Stopping threads took: 0.0017830 seconds
210.366: Application time: 0.0408380 seconds
210.368: [GC [PSYoungGen: 48640K->6656K(48640K)] 130258K->89378K(159744K), 0.0024020 secs] [Times: user=0.01 sys=0.00, real=0.00 secs] 
210.371: Total time for which application threads were stopped: 0.0044100 seconds, Stopping threads took: 0.0019180 seconds
210.411: Application time: 0.0401770 seconds
210.412: [GC [PSYoungGen: 48640K->6640K(48640K)] 131362K->89850K(159744K), 0.0021940 secs] [Times: user=0.02 sys=0.00, real=0.00 secs] 
210.414: Total time for which application threads were stopped: 0.0035110 seconds, Stopping threads took: 0.0012340 seconds
210.453: Application time: 0.0391230 seconds
210.455: [GC [PSYoungGen: 48624K->6496K(48640K)] 131834K->89706K(159744K), 0.0019440 secs] [Times: user=0.01 sys=0.00, real=0.00 secs] 
210.457: Total time for which application threads were stopped: 0.0038710 seconds, Stopping threads took: 0.0018500 seconds
210.497: Application time: 0.0402930 seconds
210.500: [GC [PSYoungGen: 48480K->6640K(48640K)] 131690K->90826K(159744K), 0.0023610 secs] [Times: user=0.02 sys=0.00, real=0.00 secs] 
210.502: Total time for which application threads were stopped: 0.0045910 seconds, Stopping threads took: 0.0021250 seconds
210.542: Application time: 0.0403320 seconds
210.544: [GC [PSYoungGen: 48624K->6640K(48640K)] 132810K->91166K(159744K), 0.0025000 secs] [Times: user=0.02 sys=0.00, real=0.00 secs] 
210.547: Total time for which application threads were stopped: 0.0042800 seconds, Stopping threads took: 0.0016750 seconds
210.587: Application time: 0.0402950 seconds
210.589: [GC [PSYoungGen: 48624K->5968K(48640K)] 133150K->90502K(159744K), 0.0018760 secs] [Times: user=0.01 sys=0.00, real=0.00 secs] 
210.591: Total time for which application threads were stopped: 0.0035300 seconds, Stopping threads took: 0.0015730 seconds
210.632: Application time: 0.0418100 seconds
210.634: [GC [PSYoungGen: 47952K->6416K(48640K)] 132486K->90958K(159744K), 0.0019820 secs] [Times: user=0.01 sys=0.00, real=0.00 secs] 
210.636: Total time for which application threads were stopped: 0.0034220 seconds, Stopping threads took: 0.0013490 seconds
210.676: Application time: 0.0397990 seconds
210.678: [GC [PSYoungGen: 48400K->6640K(48640K)] 132942K->91494K(159744K), 0.0021220 secs] [Times: user=0.02 sys=0.00, real=0.00 secs] 
210.680: Total time for which application threads were stopped: 0.0044090 seconds, Stopping threads took: 0.0022050 seconds
210.719: Application time: 0.0388500 seconds
210.721: [GC [PSYoungGen: 48624K->6656K(48640K)] 133478K->93150K(159744K), 0.0026200 secs] [Times: user=0.01 sys=0.00, real=0.01 secs] 
210.724: Total time for which application threads were stopped: 0.0047620 seconds, Stopping threads took: 0.0020590 seconds
210.764: Application time: 0.0399520 seconds
210.767: [GC [PSYoungGen: 48640K->6624K(48640K)] 135134K->94070K(159744K), 0.0023210 secs] [Times: user=0.02 sys=0.00, real=0.00 secs] 
210.769: Total time for which application threads were stopped: 0.0053570 seconds, Stopping threads took: 0.0029520 seconds
210.810: Application time: 0.0410320 seconds
210.812: [GC [PSYoungGen: 48608K->5984K(48640K)] 136054K->93438K(159744K), 0.0018840 secs] [Times: user=0.01 sys=0.00, real=0.00 secs] 
210.814: Total time for which application threads were stopped: 0.0038540 seconds, Stopping threads took: 0.0018840 seconds
210.854: Application time: 0.0401050 seconds
210.854: [GC [PSYoungGen: 47968K->6560K(48640K)] 135422K->94014K(159744K), 0.0020560 secs] [Times: user=0.02 sys=0.00, real=0.00 secs] 
210.856: Total time for which application threads were stopped: 0.0024690 seconds, Stopping threads took: 0.0003330 seconds
210.895: Application time: 0.0390510 seconds
210.898: [GC [PSYoungGen: 48544K->6640K(48640K)] 135998K->95158K(159744K), 0.0024280 secs] [Times: user=0.02 sys=0.00, real=0.00 secs] 
210.900: Total time for which application threads were stopped: 0.0048660 seconds, Stopping threads took: 0.0023530 seconds
210.940: Application time: 0.0396810 seconds
210.942: [GC [PSYoungGen: 48624K->6656K(48640K)] 137142K->95326K(159744K), 0.0020690 secs] [Times: user=0.01 sys=0.00, real=0.01 secs] 
210.944: Total time for which application threads were stopped: 0.0039420 seconds, Stopping threads took: 0.0017910 seconds
210.985: Application time: 0.0406760 seconds
210.987: [GC [PSYoungGen: 48640K->6656K(48640K)] 137310K->96374K(159744K), 0.0024970 secs] [Times: user=0.01 sys=0.00, real=0.00 secs] 
210.989: Total time for which application threads were stopped: 0.0047830 seconds, Stopping threads took: 0.0022050 seconds
211.030: Application time: 0.0405580 seconds
211.032: [GC [PSYoungGen: 48640K->6640K(48640K)] 138358K->97086K(159744K), 0.0022210 secs] [Times: user=0.01 sys=0.00, real=0.00 secs] 
211.034: Total time for which application threads were stopped: 0.0043000 seconds, Stopping threads took: 0.0019730 seconds
211.074: Application time: 0.0401030 seconds
211.076: [GC [PSYoungGen: 48624K->6336K(48640K)] 139070K->96790K(159744K), 0.0019860 secs] [Times: user=0.02 sys=0.00, real=0.00 secs] 
211.078: Total time for which application threads were stopped: 0.0041150 seconds, Stopping threads took: 0.0020500 seconds
211.118: Application time: 0.0398570 seconds
211.120: [GC [PSYoungGen: 48320K->6656K(48640K)] 138774K->98486K(159744K), 0.0025450 secs] [Times: user=0.01 sys=0.00, real=0.00 secs] 
211.123: Total time for which application threads were stopped: 0.0046870 seconds, Stopping threads took: 0.0020560 seconds
211.162: Application time: 0.0391130 seconds
211.165: [GC [PSYoungGen: 48640K->6640K(48640K)] 140470K->98566K(159744K), 0.0020920 secs] [Times: user=0.01 sys=0.00, real=0.00 secs] 
211.167: Total time for which application threads were stopped: 0.0046560 seconds, Stopping threads took: 0.0024720 seconds
211.206: Application time: 0.0389760 seconds
211.208: [GC [PSYoungGen: 48624K->6656K(48640K)] 140550K->99598K(159744K), 0.0023870 secs] [Times: user=0.02 sys=0.00, real=0.00 secs] 
211.211: Total time for which application threads were stopped: 0.0050520 seconds, Stopping threads took: 0.0025600 seconds
211.252: Application time: 0.0409660 seconds
211.253: [GC [PSYoungGen: 48640K->6656K(48640K)] 141582K->99974K(159744K), 0.0024840 secs] [Times: user=0.01 sys=0.00, real=0.00 secs] 
211.256: Total time for which application threads were stopped: 0.0041840 seconds, Stopping threads took: 0.0016140 seconds
211.296: Application time: 0.0400710 seconds
211.298: [GC [PSYoungGen: 48640K->6656K(48640K)] 141958K->100158K(159744K), 0.0022650 secs] [Times: user=0.01 sys=0.00, real=0.00 secs] 
211.300: Total time for which application threads were stopped: 0.0040900 seconds, Stopping threads took: 0.0017420 seconds
211.340: Application time: 0.0402660 seconds
211.342: [GC [PSYoungGen: 48640K->6640K(48640K)] 142142K->101238K(159744K), 0.0024140 secs] [Times: user=0.01 sys=0.00, real=0.01 secs] 
211.345: Total time for which application threads were stopped: 0.0042570 seconds, Stopping threads took: 0.0017540 seconds
211.385: Application time: 0.0404400 seconds
211.387: [GC [PSYoungGen: 48624K->6656K(48640K)] 143222K->102686K(159744K), 0.0024770 secs] [Times: user=0.02 sys=0.00, real=0.00 secs] 
211.389: Total time for which application threads were stopped: 0.0043030 seconds, Stopping threads took: 0.0017340 seconds
211.431: Application time: 0.0412540 seconds
211.432: [GC [PSYoungGen: 48640K->6176K(48640K)] 144670K->102206K(159744K), 0.0019780 secs] [Times: user=0.02 sys=0.00, real=0.00 secs] 
211.434: Total time for which application threads were stopped: 0.0030740 seconds, Stopping threads took: 0.0010160 seconds
211.474: Application time: 0.0398960 seconds
211.475: [GC [PSYoungGen: 48160K->5968K(48640K)] 144190K->101998K(159744K), 0.0018580 secs] [Times: user=0.02 sys=0.00, real=0.00 secs] 
211.477: Total time for which application threads were stopped: 0.0037060 seconds, Stopping threads took: 0.0017690 seconds
211.517: Application time: 0.0398810 seconds
211.519: [GC [PSYoungGen: 47952K->6368K(48640K)] 143982K->102398K(159744K), 0.0020410 secs] [Times: user=0.02 sys=0.00, real=0.00 secs] 
211.521: Total time for which application threads were stopped: 0.0034640 seconds, Stopping threads took: 0.0013420 seconds
211.561: Application time: 0.0407740 seconds
211.563: [GC [PSYoungGen: 48352K->6288K(48640K)] 144382K->102318K(159744K), 0.0019990 secs] [Times: user=0.01 sys=0.00, real=0.00 secs] 
211.565: Total time for which application threads were stopped: 0.0040080 seconds, Stopping threads took: 0.0019300 seconds
211.606: Application time: 0.0404820 seconds
211.607: [GC [PSYoungGen: 48272K->6528K(48640K)] 144302K->102567K(159744K), 0.0020410 secs] [Times: user=0.02 sys=0.00, real=0.00 secs] 
211.610: Total time for which application threads were stopped: 0.0035970 seconds, Stopping threads took: 0.0014790 seconds
211.650: Application time: 0.0404850 seconds
211.652: [GC [PSYoungGen: 48512K->6640K(48640K)] 144551K->103303K(159744K), 0.0022090 secs] [Times: user=0.01 sys=0.00, real=0.00 secs] 
211.654: Total time for which application threads were stopped: 0.0042660 seconds, Stopping threads took: 0.0019790 seconds
211.694: Application time: 0.0401380 seconds
211.697: [GC [PSYoungGen: 48624K->6624K(48640K)] 145287K->104055K(159744K), 0.0022570 secs] [Times: user=0.02 sys=0.00, real=0.00 secs] 
211.699: Total time for which application threads were stopped: 0.0047780 seconds, Stopping threads took: 0.0024280 seconds
211.740: Application time: 0.0408560 seconds
211.741: [GC [PSYoungGen: 48608K->5792K(48640K)] 146039K->103231K(159744K), 0.0018350 secs] [Times: user=0.01 sys=0.00, real=0.00 secs] 
211.743: Total time for which application threads were stopped: 0.0027710 seconds, Stopping threads took: 0.0008590 seconds
211.782: Application time: 0.0396150 seconds
211.784: [GC [PSYoungGen: 47776K->6640K(48640K)] 145215K->104687K(159744K), 0.0022780 secs] [Times: user=0.02 sys=0.00, real=0.00 secs] 
211.787: Total time for which application threads were stopped: 0.0043250 seconds, Stopping threads took: 0.0019640 seconds
211.828: Application time: 0.0406870 seconds
211.829: [GC [PSYoungGen: 48624K->6624K(48640K)] 146671K->104807K(159744K), 0.0021510 secs] [Times: user=0.01 sys=0.00, real=0.00 secs] 
211.831: Total time for which application threads were stopped: 0.0033850 seconds, Stopping threads took: 0.0011480 seconds
211.871: Application time: 0.0405420 seconds
211.873: [GC [PSYoungGen: 48608K->6624K(48640K)] 146791K->105303K(159744K), 0.0022280 secs] [Times: user=0.02 sys=0.00, real=0.00 secs] 
211.875: Total time for which application threads were stopped: 0.0037250 seconds, Stopping threads took: 0.0013990 seconds
211.915: Application time: 0.0398880 seconds
211.917: [GC [PSYoungGen: 48608K->6624K(48640K)] 147287K->105415K(159744K), 0.0020790 secs] [Times: user=0.02 sys=0.00, real=0.00 secs] 
211.920: Total time for which application threads were stopped: 0.0044720 seconds, Stopping threads took: 0.0023070 seconds
211.959: Application time: 0.0393810 seconds
211.961: [GC [PSYoungGen: 48608K->6640K(48640K)] 147399K->105511K(159744K), 0.0021990 secs] [Times: user=0.02 sys=0.00, real=0.01 secs] 
211.963: Total time for which application threads were stopped: 0.0043660 seconds, Stopping threads took: 0.0020840 seconds
212.004: Application time: 0.0403370 seconds
212.005: [GC [PSYoungGen: 48624K->6656K(48640K)] 147495K->105959K(159744K), 0.0022230 secs] [Times: user=0.02 sys=0.00, real=0.00 secs] 
212.008: Total time for which application threads were stopped: 0.0040370 seconds, Stopping threads took: 0.0017270 seconds
212.048: Application time: 0.0401750 seconds
212.049: [GC [PSYoungGen: 48640K->6384K(48640K)] 147943K->105687K(159744K), 0.0019850 secs] [Times: user=0.01 sys=0.01, real=0.01 secs] 
212.051: Total time for which application threads were stopped: 0.0035450 seconds, Stopping threads took: 0.0014770 seconds
212.092: Application time: 0.0406890 seconds
212.095: [GC [PSYoungGen: 48366K->6144K(48640K)] 147669K->105447K(159744K), 0.0021060 secs] [Times: user=0.01 sys=0.00, real=0.00 secs] 
212.097: Total time for which application threads were stopped: 0.0049750 seconds, Stopping threads took: 0.0027840 seconds
212.138: Application time: 0.0407540 seconds
212.139: [GC [PSYoungGen: 48128K->6656K(48640K)] 147431K->106159K(159744K), 0.0021100 secs] [Times: user=0.02 sys=0.00, real=0.00 secs] 
212.141: Total time for which application threads were stopped: 0.0033250 seconds, Stopping threads took: 0.0011300 seconds
212.182: Application time: 0.0410640 seconds
212.183: [GC [PSYoungGen: 48640K->6640K(48640K)] 148143K->106271K(159744K), 0.0022340 secs] [Times: user=0.01 sys=0.00, real=0.00 secs] 
212.186: Total time for which application threads were stopped: 0.0033290 seconds, Stopping threads took: 0.0010110 seconds
212.224: Application time: 0.0388740 seconds
212.227: [GC [PSYoungGen: 48624K->6656K(48640K)] 148255K->107727K(159744K), 0.0026470 secs] [Times: user=0.02 sys=0.00, real=0.00 secs] 
212.229: Total time for which application threads were stopped: 0.0049850 seconds, Stopping threads took: 0.0022450 seconds
212.269: Application time: 0.0393440 seconds
212.271: [GC [PSYoungGen: 48640K->6368K(48640K)] 149711K->107439K(159744K), 0.0021320 secs] [Times: user=0.01 sys=0.00, real=0.01 secs] 
212.273: Total time for which application threads were stopped: 0.0039690 seconds, Stopping threads took: 0.0017560 seconds
212.313: Application time: 0.0405660 seconds
212.315: [GC [PSYoungGen: 48352K->6624K(48640K)] 149423K->108183K(159744K), 0.0022780 secs] [Times: user=0.02 sys=0.00, real=0.00 secs] 
212.317: Total time for which application threads were stopped: 0.0039570 seconds, Stopping threads took: 0.0015870 seconds
212.355: Application time: 0.0381400 seconds
212.358: [GC [PSYoungGen: 48608K->6656K(48640K)] 150167K->109639K(159744K), 0.0026290 secs] [Times: user=0.02 sys=0.00, real=0.00 secs] 
212.361: Total time for which application threads were stopped: 0.0052930 seconds, Stopping threads took: 0.0025810 seconds
212.401: Application time: 0.0400520 seconds
212.402: [GC [PSYoungGen: 48640K->6624K(48640K)] 151623K->110415K(159744K), 0.0022750 secs] [Times: user=0.02 sys=0.00, real=0.01 secs] 
212.404: Total time for which application threads were stopped: 0.0036720 seconds, Stopping threads took: 0.0013100 seconds
212.443: Application time: 0.0382990 seconds
212.445: [GC [PSYoungGen: 48608K->6640K(48640K)] 152399K->110559K(159744K), 0.0021010 secs] [Times: user=0.02 sys=0.00, real=0.00 secs] 
212.447: Total time for which application threads were stopped: 0.0045320 seconds, Stopping threads took: 0.0023440 seconds
212.487: Application time: 0.0396410 seconds
212.488: [GC [PSYoungGen: 48624K->6640K(48640K)] 152543K->111223K(159744K), 0.0023570 secs] [Times: user=0.02 sys=0.00, real=0.00 secs] 
212.491: Total time for which application threads were stopped: 0.0040010 seconds, Stopping threads took: 0.0015620 seconds
212.532: Application time: 0.0410260 seconds
212.533: [GC [PSYoungGen: 48624K->6432K(48640K)] 153207K->111015K(159744K), 0.0020640 secs] [Times: user=0.01 sys=0.00, real=0.00 secs] 
212.535: Total time for which application threads were stopped: 0.0034210 seconds, Stopping threads took: 0.0012810 seconds
212.576: Application time: 0.0402550 seconds
212.578: [GC [PSYoungGen: 48416K->6656K(48640K)] 152999K->111875K(159744K), 0.0023810 secs] [Times: user=0.02 sys=0.00, real=0.00 secs] 
212.581: Total time for which application threads were stopped: 0.0049610 seconds, Stopping threads took: 0.0024800 seconds
212.621: Application time: 0.0404900 seconds
212.623: [GC [PSYoungGen: 48640K->6640K(48640K)] 153859K->112907K(159744K), 0.0024240 secs] [Times: user=0.02 sys=0.00, real=0.01 secs] 
212.625: Total time for which application threads were stopped: 0.0039550 seconds, Stopping threads took: 0.0014460 seconds
212.666: Application time: 0.0408210 seconds
212.667: [GC [PSYoungGen: 48624K->6016K(48640K)] 154891K->112283K(159744K), 0.0018920 secs] [Times: user=0.02 sys=0.00, real=0.00 secs] 
212.669: Total time for which application threads were stopped: 0.0035570 seconds, Stopping threads took: 0.0015870 seconds
212.710: Application time: 0.0401570 seconds
212.712: [GC [PSYoungGen: 48000K->5856K(48640K)] 154267K->112123K(159744K), 0.0018660 secs] [Times: user=0.02 sys=0.00, real=0.00 secs] 
212.714: Total time for which application threads were stopped: 0.0043330 seconds, Stopping threads took: 0.0023840 seconds
212.756: Application time: 0.0417370 seconds
212.757: [GC [PSYoungGen: 47840K->5328K(48640K)] 154107K->111603K(159744K), 0.0017850 secs] [Times: user=0.01 sys=0.00, real=0.00 secs] 
212.758: Total time for which application threads were stopped: 0.0028440 seconds, Stopping threads took: 0.0009700 seconds
212.800: Application time: 0.0412720 seconds
212.801: [GC [PSYoungGen: 47312K->5344K(48640K)] 153587K->111627K(159744K), 0.0019700 secs] [Times: user=0.01 sys=0.00, real=0.01 secs] 
212.803: Total time for which application threads were stopped: 0.0037220 seconds, Stopping threads took: 0.0016720 seconds
212.844: Application time: 0.0404700 seconds
212.846: [GC [PSYoungGen: 47328K->6656K(48640K)] 153611K->113323K(159744K), 0.0023180 secs] [Times: user=0.01 sys=0.00, real=0.00 secs] 
212.849: Total time for which application threads were stopped: 0.0048440 seconds, Stopping threads took: 0.0024390 seconds
212.889: Application time: 0.0399750 seconds
212.891: [GC [PSYoungGen: 48640K->6016K(48640K)] 155307K->112691K(159744K), 0.0018230 secs] [Times: user=0.01 sys=0.00, real=0.00 secs] 
212.893: Total time for which application threads were stopped: 0.0044370 seconds, Stopping threads took: 0.0025350 seconds
212.935: Application time: 0.0419750 seconds
212.936: [GC [PSYoungGen: 48000K->5888K(48640K)] 154675K->112571K(159744K), 0.0019510 secs] [Times: user=0.01 sys=0.00, real=0.00 secs] 
212.938: Total time for which application threads were stopped: 0.0032110 seconds, Stopping threads took: 0.0011790 seconds
212.979: Application time: 0.0407830 seconds
212.983: [GC [PSYoungGen: 47872K->6656K(48640K)] 154555K->113363K(159744K), 0.0021630 secs] [Times: user=0.01 sys=0.00, real=0.01 secs] 
212.985: Total time for which application threads were stopped: 0.0057010 seconds, Stopping threads took: 0.0034610 seconds
213.024: Application time: 0.0391290 seconds
213.025: [GC [PSYoungGen: 48640K->6656K(48640K)] 155347K->113779K(159744K), 0.0021780 secs] [Times: user=0.02 sys=0.00, real=0.00 secs] 
213.028: Total time for which application threads were stopped: 0.0036340 seconds, Stopping threads took: 0.0013690 seconds
213.069: Application time: 0.0411960 seconds
213.071: [GC [PSYoungGen: 48640K->6624K(48640K)] 155763K->113779K(159744K), 0.0021690 secs] [Times: user=0.02 sys=0.00, real=0.01 secs] 
213.073: Total time for which application threads were stopped: 0.0042010 seconds, Stopping threads took: 0.0019490 seconds
213.112: Application time: 0.0386360 seconds
213.114: [GC [PSYoungGen: 48608K->6144K(48640K)] 155763K->113299K(159744K), 0.0018610 secs] [Times: user=0.02 sys=0.00, real=0.00 secs] 
213.116: Total time for which application threads were stopped: 0.0044990 seconds, Stopping threads took: 0.0025620 seconds
213.157: Application time: 0.0403840 seconds
213.158: [GC [PSYoungGen: 48126K->6416K(48640K)] 155281K->113571K(159744K), 0.0020290 secs] [Times: user=0.02 sys=0.00, real=0.00 secs] 
213.160: Total time for which application threads were stopped: 0.0035340 seconds, Stopping threads took: 0.0014170 seconds
213.201: Application time: 0.0409010 seconds
213.203: [GC [PSYoungGen: 48400K->6592K(48640K)] 155555K->113747K(159744K), 0.0021010 secs] [Times: user=0.02 sys=0.00, real=0.01 secs] 
213.205: Total time for which application threads were stopped: 0.0037500 seconds, Stopping threads took: 0.0015650 seconds
213.243: Application time: 0.0385730 seconds
213.245: [GC [PSYoungGen: 48576K->6656K(48640K)] 155731K->114043K(159744K), 0.0022180 secs] [Times: user=0.01 sys=0.00, real=0.00 secs] 
213.247: Total time for which application threads were stopped: 0.0041530 seconds, Stopping threads took: 0.0018470 seconds
213.287: Application time: 0.0397320 seconds
213.289: [GC [PSYoungGen: 48640K->6656K(48640K)] 156027K->114563K(159744K), 0.0025340 secs] [Times: user=0.01 sys=0.00, real=0.01 secs] 
213.292: Total time for which application threads were stopped: 0.0047200 seconds, Stopping threads took: 0.0020940 seconds
213.331: Application time: 0.0394330 seconds
213.334: [GC [PSYoungGen: 48640K->6640K(48640K)] 156547K->115539K(159744K), 0.0024470 secs] [Times: user=0.02 sys=0.00, real=0.00 secs] 
213.337: Total time for which application threads were stopped: 0.0051170 seconds, Stopping threads took: 0.0025760 seconds
213.377: Application time: 0.0407050 seconds
213.379: [GC [PSYoungGen: 48624K->6656K(48640K)] 157523K->116235K(159744K), 0.0023720 secs] [Times: user=0.02 sys=0.00, real=0.00 secs] 
213.381: Total time for which application threads were stopped: 0.0038550 seconds, Stopping threads took: 0.0014000 seconds
213.420: Application time: 0.0385470 seconds
213.421: [GC [PSYoungGen: 48640K->6144K(48640K)] 158219K->115731K(159744K), 0.0019830 secs] [Times: user=0.01 sys=0.00, real=0.00 secs] 
213.423: Total time for which application threads were stopped: 0.0034720 seconds, Stopping threads took: 0.0014090 seconds
213.461: Application time: 0.0377760 seconds
213.463: [GC [PSYoungGen: 48128K->5664K(48640K)] 157715K->115251K(159744K), 0.0018220 secs] [Times: user=0.01 sys=0.00, real=0.01 secs] 
213.465: Total time for which application threads were stopped: 0.0038070 seconds, Stopping threads took: 0.0019090 seconds
213.503: Application time: 0.0383820 seconds
213.506: [GC [PSYoungGen: 47648K->5536K(48640K)] 157235K->115131K(159744K), 0.0017470 secs] [Times: user=0.01 sys=0.00, real=0.00 secs] 
213.507: Total time for which application threads were stopped: 0.0044170 seconds, Stopping threads took: 0.0025960 seconds
213.545: Application time: 0.0379170 seconds
213.547: [GC [PSYoungGen: 47520K->6640K(48640K)] 157115K->116347K(159744K), 0.0021550 secs] [Times: user=0.02 sys=0.00, real=0.00 secs] 
213.549: Total time for which application threads were stopped: 0.0038010 seconds, Stopping threads took: 0.0015640 seconds
213.587: Application time: 0.0373350 seconds
213.589: [GC [PSYoungGen: 48624K->6176K(48640K)] 158331K->115883K(159744K), 0.0019750 secs] [Times: user=0.02 sys=0.00, real=0.01 secs] 
213.591: Total time for which application threads were stopped: 0.0047200 seconds, Stopping threads took: 0.0026630 seconds
213.630: Application time: 0.0383110 seconds
213.631: [GC [PSYoungGen: 48160K->5584K(48640K)] 157867K->115291K(159744K), 0.0019430 secs] [Times: user=0.01 sys=0.00, real=0.00 secs] 
213.633: Total time for which application threads were stopped: 0.0036620 seconds, Stopping threads took: 0.0016460 seconds
213.672: Application time: 0.0385930 seconds
213.674: [GC [PSYoungGen: 47568K->5936K(48640K)] 157275K->115643K(159744K), 0.0019240 secs] [Times: user=0.01 sys=0.00, real=0.00 secs] 
213.676: Total time for which application threads were stopped: 0.0039490 seconds, Stopping threads took: 0.0019480 seconds
213.715: Application time: 0.0387640 seconds
213.716: [GC [PSYoungGen: 47920K->6624K(48640K)] 157627K->116355K(159744K), 0.0020740 secs] [Times: user=0.01 sys=0.00, real=0.00 secs] 
213.718: Total time for which application threads were stopped: 0.0033950 seconds, Stopping threads took: 0.0012420 seconds
213.756: Application time: 0.0377530 seconds
213.757: [GC [PSYoungGen: 48608K->6640K(48640K)] 158339K->116611K(159744K), 0.0021750 secs] [Times: user=0.01 sys=0.00, real=0.00 secs] 
213.759: Total time for which application threads were stopped: 0.0036190 seconds, Stopping threads took: 0.0013630 seconds
213.797: Application time: 0.0380540 seconds
213.799: [GC [PSYoungGen: 48624K->6640K(48640K)] 158595K->118091K(160256K), 0.0042110 secs] [Times: user=0.02 sys=0.00, real=0.01 secs] 
213.803: [Full GC [PSYoungGen: 6640K->0K(48640K)] [ParOldGen: 111451K->11026K(111616K)] 118091K->11026K(160256K) [PSPermGen: 5182K->5182K(21504K)], 0.0064370 secs] [Times: user=0.03 sys=0.00, real=0.00 secs] 
213.810: Total time for which application threads were stopped: 0.0124580 seconds, Stopping threads took: 0.0016650 seconds
213.850: Application time: 0.0402200 seconds
213.852: [GC [PSYoungGen: 41984K->5600K(48640K)] 53010K->16626K(160256K), 0.0016180 secs] [Times: user=0.01 sys=0.00, real=0.00 secs] 
213.854: Total time for which application threads were stopped: 0.0035160 seconds, Stopping threads took: 0.0018250 seconds
213.891: Application time: 0.0372990 seconds
213.893: [GC [PSYoungGen: 47584K->6656K(48640K)] 58610K->18914K(160256K), 0.0023040 secs] [Times: user=0.01 sys=0.00, real=0.00 secs] 
213.895: Total time for which application threads were stopped: 0.0041580 seconds, Stopping threads took: 0.0017710 seconds
213.933: Application time: 0.0378250 seconds
213.934: [GC [PSYoungGen: 48640K->6592K(48640K)] 60898K->18850K(160256K), 0.0019570 secs] [Times: user=0.01 sys=0.00, real=0.00 secs] 
213.936: Total time for which application threads were stopped: 0.0033700 seconds, Stopping threads took: 0.0013360 seconds
213.974: Application time: 0.0379600 seconds
213.976: [GC [PSYoungGen: 48576K->5952K(48640K)] 60834K->18210K(160256K), 0.0017900 secs] [Times: user=0.01 sys=0.00, real=0.00 secs] 
213.978: Total time for which application threads were stopped: 0.0035150 seconds, Stopping threads took: 0.0016480 seconds
214.016: Application time: 0.0385110 seconds
214.018: [GC [PSYoungGen: 47936K->5280K(48640K)] 60194K->17538K(160256K), 0.0016490 secs] [Times: user=0.00 sys=0.00, real=0.00 secs] 
214.020: Total time for which application threads were stopped: 0.0034040 seconds, Stopping threads took: 0.0016770 seconds
214.058: Application time: 0.0388250 seconds
214.060: [GC [PSYoungGen: 47264K->6640K(48640K)] 59522K->19922K(160256K), 0.0026300 secs] [Times: user=0.02 sys=0.00, real=0.00 secs] 
214.063: Total time for which application threads were stopped: 0.0043770 seconds, Stopping threads took: 0.0016710 seconds
214.100: Application time: 0.0375600 seconds
214.102: [GC [PSYoungGen: 48624K->6656K(48640K)] 61906K->20410K(160256K), 0.0024560 secs] [Times: user=0.02 sys=0.00, real=0.01 secs] 
214.105: Total time for which application threads were stopped: 0.0043970 seconds, Stopping threads took: 0.0018400 seconds
214.142: Application time: 0.0374220 seconds
214.144: [GC [PSYoungGen: 48640K->6128K(48640K)] 62394K->19882K(160256K), 0.0020890 secs] [Times: user=0.01 sys=0.00, real=0.00 secs] 
214.146: Total time for which application threads were stopped: 0.0039180 seconds, Stopping threads took: 0.0017320 seconds
214.183: Application time: 0.0367270 seconds
214.185: [GC [PSYoungGen: 48112K->6656K(48640K)] 61866K->21218K(160256K), 0.0021710 secs] [Times: user=0.02 sys=0.00, real=0.00 secs] 
214.187: Total time for which application threads were stopped: 0.0040740 seconds, Stopping threads took: 0.0018240 seconds
214.225: Application time: 0.0376120 seconds
214.227: [GC [PSYoungGen: 48640K->6656K(48640K)] 63202K->22314K(160256K), 0.0022700 secs] [Times: user=0.01 sys=0.00, real=0.00 secs] 
214.229: Total time for which application threads were stopped: 0.0047150 seconds, Stopping threads took: 0.0023620 seconds
214.268: Application time: 0.0383800 seconds
214.269: [GC [PSYoungGen: 48640K->6304K(48640K)] 64298K->21962K(160256K), 0.0018860 secs] [Times: user=0.01 sys=0.00, real=0.01 secs] 
214.271: Total time for which application threads were stopped: 0.0036150 seconds, Stopping threads took: 0.0016530 seconds
214.309: Application time: 0.0381350 seconds
214.311: [GC [PSYoungGen: 48288K->6656K(48640K)] 63946K->22746K(160256K), 0.0021110 secs] [Times: user=0.01 sys=0.00, real=0.01 secs] 
214.313: Total time for which application threads were stopped: 0.0037610 seconds, Stopping threads took: 0.0015580 seconds
214.350: Application time: 0.0370060 seconds
214.352: [GC [PSYoungGen: 48640K->6656K(48640K)] 64730K->23210K(160256K), 0.0021220 secs] [Times: user=0.02 sys=0.00, real=0.00 secs] 
214.354: Total time for which application threads were stopped: 0.0041610 seconds, Stopping threads took: 0.0019580 seconds
214.391: Application time: 0.0362260 seconds
214.393: [GC [PSYoungGen: 48640K->6624K(48640K)] 65194K->24090K(160256K), 0.0022370 secs] [Times: user=0.02 sys=0.00, real=0.00 secs] 
214.395: Total time for which application threads were stopped: 0.0042570 seconds, Stopping threads took: 0.0019430 seconds
214.432: Application time: 0.0371570 seconds
214.434: [GC [PSYoungGen: 48608K->6640K(48640K)] 66074K->24162K(160256K), 0.0019280 secs] [Times: user=0.02 sys=0.00, real=0.00 secs] 
214.436: Total time for which application threads were stopped: 0.0038080 seconds, Stopping threads took: 0.0018020 seconds
214.472: Application time: 0.0362660 seconds
214.474: [GC [PSYoungGen: 48624K->6656K(48640K)] 66146K->25386K(160256K), 0.0022330 secs] [Times: user=0.01 sys=0.00, real=0.00 secs] 
214.477: Total time for which application threads were stopped: 0.0045200 seconds, Stopping threads took: 0.0022090 seconds
214.514: Application time: 0.0369420 seconds
214.515: [GC [PSYoungGen: 48640K->6640K(48640K)] 67370K->25610K(160256K), 0.0019790 secs] [Times: user=0.02 sys=0.00, real=0.00 secs] 
214.517: Total time for which application threads were stopped: 0.0034060 seconds, Stopping threads took: 0.0013480 seconds
214.554: Application time: 0.0374540 seconds
214.557: [GC [PSYoungGen: 48622K->6624K(48640K)] 67593K->26298K(160256K), 0.0021820 secs] [Times: user=0.01 sys=0.00, real=0.00 secs] 
214.559: Total time for which application threads were stopped: 0.0049370 seconds, Stopping threads took: 0.0026730 seconds
214.598: Application time: 0.0385230 seconds
214.599: [GC [PSYoungGen: 48608K->6640K(48640K)] 68282K->26794K(160256K), 0.0021470 secs] [Times: user=0.01 sys=0.00, real=0.00 secs] 
214.601: Total time for which application threads were stopped: 0.0036070 seconds, Stopping threads took: 0.0013830 seconds
214.640: Application time: 0.0388720 seconds
214.642: [GC [PSYoungGen: 48624K->6640K(48640K)] 68778K->27234K(160256K), 0.0020930 secs] [Times: user=0.01 sys=0.00, real=0.01 secs] 
214.644: Total time for which application threads were stopped: 0.0040380 seconds, Stopping threads took: 0.0018690 seconds
214.681: Application time: 0.0367280 seconds
214.683: [GC [PSYoungGen: 48624K->6656K(48640K)] 69218K->28118K(160256K), 0.0022460 secs] [Times: user=0.01 sys=0.00, real=0.01 secs] 
214.685: Total time for which application threads were stopped: 0.0039220 seconds, Stopping threads took: 0.0015970 seconds
214.722: Application time: 0.0367180 seconds
214.724: [GC [PSYoungGen: 48640K->6656K(48640K)] 70102K->29318K(160256K), 0.0023390 secs] [Times: user=0.02 sys=0.00, real=0.00 secs] 
214.726: Total time for which application threads were stopped: 0.0043450 seconds, Stopping threads took: 0.0019250 seconds
214.764: Application time: 0.0383740 seconds
214.766: [GC [PSYoungGen: 48640K->6656K(48640K)] 71302K->29742K(160256K), 0.0021320 secs] [Times: user=0.02 sys=0.00, real=0.00 secs] 
214.768: Total time for which application threads were stopped: 0.0035480 seconds, Stopping threads took: 0.0013340 seconds
214.806: Application time: 0.0375400 seconds
214.807: [GC [PSYoungGen: 48640K->6624K(48640K)] 71726K->30362K(160256K), 0.0021020 secs] [Times: user=0.01 sys=0.00, real=0.00 secs] 
214.809: Total time for which application threads were stopped: 0.0038340 seconds, Stopping threads took: 0.0016530 seconds
214.848: Application time: 0.0382670 seconds
214.849: [GC [PSYoungGen: 48608K->5200K(48640K)] 72346K->28946K(160256K), 0.0015510 secs] [Times: user=0.02 sys=0.00, real=0.00 secs] 
214.851: Total time for which application threads were stopped: 0.0028890 seconds, Stopping threads took: 0.0012480 seconds
214.890: Application time: 0.0391140 seconds
214.892: [GC [PSYoungGen: 47184K->6528K(48640K)] 70930K->30274K(160256K), 0.0019730 secs] [Times: user=0.01 sys=0.00, real=0.00 secs] 
214.894: Total time for which application threads were stopped: 0.0041040 seconds, Stopping threads took: 0.0020510 seconds
214.931: Application time: 0.0369990 seconds
214.933: [GC [PSYoungGen: 48512K->6640K(48640K)] 72258K->31910K(160256K), 0.0023450 secs] [Times: user=0.02 sys=0.00, real=0.00 secs] 
214.935: Total time for which application threads were stopped: 0.0042200 seconds, Stopping threads took: 0.0017930 seconds
214.973: Application time: 0.0377000 seconds
214.975: [GC [PSYoungGen: 48624K->6560K(48640K)] 73894K->31830K(160256K), 0.0018790 secs] [Times: user=0.01 sys=0.00, real=0.00 secs] 
214.977: Total time for which application threads were stopped: 0.0042280 seconds, Stopping threads took: 0.0022760 seconds
215.015: Application time: 0.0376180 seconds
215.016: [GC [PSYoungGen: 48544K->6656K(48640K)] 73814K->31966K(160256K), 0.0019990 secs] [Times: user=0.02 sys=0.00, real=0.00 secs] 
215.018: Total time for which application threads were stopped: 0.0031530 seconds, Stopping threads took: 0.0010740 seconds
215.056: Application time: 0.0384420 seconds
215.058: [GC [PSYoungGen: 48640K->6640K(48640K)] 73950K->32422K(160256K), 0.0020400 secs] [Times: user=0.02 sys=0.00, real=0.00 secs] 
215.060: Total time for which application threads were stopped: 0.0039310 seconds, Stopping threads took: 0.0018070 seconds
215.098: Application time: 0.0374340 seconds
215.099: [GC [PSYoungGen: 48624K->6656K(48640K)] 74406K->32726K(160256K), 0.0020480 secs] [Times: user=0.01 sys=0.00, real=0.00 secs] 
215.101: Total time for which application threads were stopped: 0.0037640 seconds, Stopping threads took: 0.0016380 seconds
215.139: Application time: 0.0377440 seconds
215.141: [GC [PSYoungGen: 48640K->6640K(48640K)] 74710K->32934K(160256K), 0.0019620 secs] [Times: user=0.01 sys=0.00, real=0.00 secs] 
215.143: Total time for which application threads were stopped: 0.0040650 seconds, Stopping threads took: 0.0020220 seconds
215.182: Application time: 0.0384580 seconds
215.183: [GC [PSYoungGen: 48624K->6624K(48640K)] 74918K->33398K(160256K), 0.0021240 secs] [Times: user=0.02 sys=0.00, real=0.01 secs] 
215.185: Total time for which application threads were stopped: 0.0033100 seconds, Stopping threads took: 0.0011010 seconds
215.222: Application time: 0.0371330 seconds
215.224: [GC [PSYoungGen: 48607K->6656K(48640K)] 75382K->34378K(160256K), 0.0023580 secs] [Times: user=0.01 sys=0.00, real=0.00 secs] 
215.226: Total time for which application threads were stopped: 0.0043400 seconds, Stopping threads took: 0.0018760 seconds
215.264: Application time: 0.0378090 seconds
215.267: [GC [PSYoungGen: 48640K->6624K(48640K)] 76362K->34562K(160256K), 0.0020310 secs] [Times: user=0.02 sys=0.00, real=0.00 secs] 
215.269: Total time for which application threads were stopped: 0.0045550 seconds, Stopping threads took: 0.0024430 seconds
215.305: Application time: 0.0360870 seconds
215.307: [GC [PSYoungGen: 48608K->6640K(48640K)] 76546K->34914K(160256K), 0.0020080 secs] [Times: user=0.01 sys=0.00, real=0.00 secs] 
215.309: Total time for which application threads were stopped: 0.0041870 seconds, Stopping threads took: 0.0020980 seconds
215.346: Application time: 0.0367780 seconds
215.349: [GC [PSYoungGen: 48624K->6624K(48640K)] 76898K->35090K(160256K), 0.0020420 secs] [Times: user=0.02 sys=0.00, real=0.00 secs] 
215.351: Total time for which application threads were stopped: 0.0048920 seconds, Stopping threads took: 0.0027690 seconds
215.388: Application time: 0.0368310 seconds
215.390: [GC [PSYoungGen: 48608K->6384K(48640K)] 77074K->34858K(160256K), 0.0018660 secs] [Times: user=0.01 sys=0.00, real=0.01 secs] 
215.392: Total time for which application threads were stopped: 0.0041880 seconds, Stopping threads took: 0.0022400 seconds
215.428: Application time: 0.0367730 seconds
215.431: [GC [PSYoungGen: 48368K->6640K(48640K)] 76842K->35730K(160256K), 0.0021340 secs] [Times: user=0.01 sys=0.00, real=0.01 secs] 
215.433: Total time for which application threads were stopped: 0.0046040 seconds, Stopping threads took: 0.0023890 seconds
215.471: Application time: 0.0378130 seconds
215.473: [GC [PSYoungGen: 48624K->6624K(48640K)] 77714K->36562K(160256K), 0.0022710 secs] [Times: user=0.02 sys=0.00, real=0.00 secs] 
215.476: Total time for which application threads were stopped: 0.0048910 seconds, Stopping threads took: 0.0025400 seconds
215.514: Application time: 0.0384660 seconds
215.516: [GC [PSYoungGen: 48608K->6656K(48640K)] 78546K->37794K(160256K), 0.0022790 secs] [Times: user=0.01 sys=0.00, real=0.00 secs] 
215.518: Total time for which application threads were stopped: 0.0038670 seconds, Stopping threads took: 0.0015050 seconds
215.557: Application time: 0.0392050 seconds
215.559: [GC [PSYoungGen: 48640K->6640K(48640K)] 79778K->39206K(160256K), 0.0023740 secs] [Times: user=0.02 sys=0.00, real=0.00 secs] 
215.562: Total time for which application threads were stopped: 0.0041490 seconds, Stopping threads took: 0.0016930 seconds
215.600: Application time: 0.0385190 seconds
215.602: [GC [PSYoungGen: 48624K->6640K(48640K)] 81190K->39934K(160256K), 0.0021690 secs] [Times: user=0.02 sys=0.00, real=0.01 secs] 
215.604: Total time for which application threads were stopped: 0.0040560 seconds, Stopping threads took: 0.0018090 seconds
215.643: Application time: 0.0386980 seconds
215.644: [GC [PSYoungGen: 48624K->6656K(48640K)] 81918K->41106K(160256K), 0.0022760 secs] [Times: user=0.02 sys=0.00, real=0.00 secs] 
215.646: Total time for which application threads were stopped: 0.0035910 seconds, Stopping threads took: 0.0012300 seconds
215.685: Application time: 0.0383700 seconds
215.687: [GC [PSYoungGen: 48640K->6640K(48640K)] 83090K->42546K(160256K), 0.0024130 secs] [Times: user=0.02 sys=0.00, real=0.00 secs] 
215.689: Total time for which application threads were stopped: 0.0047100 seconds, Stopping threads took: 0.0022150 seconds
215.728: Application time: 0.0381090 seconds
215.729: [GC [PSYoungGen: 48624K->6640K(48640K)] 84530K->42690K(160256K), 0.0020630 secs] [Times: user=0.02 sys=0.00, real=0.00 secs] 
215.731: Total time for which application threads were stopped: 0.0032470 seconds, Stopping threads took: 0.0011030 seconds
215.768: Application time: 0.0367720 seconds
215.770: [GC [PSYoungGen: 48624K->6640K(48640K)] 84674K->43583K(160256K), 0.0022980 secs] [Times: user=0.01 sys=0.00, real=0.01 secs] 
215.772: Total time for which application threads were stopped: 0.0042990 seconds, Stopping threads took: 0.0019200 seconds
215.809: Application time: 0.0370790 seconds
215.811: [GC [PSYoungGen: 48624K->6624K(48640K)] 85567K->44199K(160256K), 0.0021930 secs] [Times: user=0.01 sys=0.00, real=0.01 secs] 
215.813: Total time for which application threads were stopped: 0.0042540 seconds, Stopping threads took: 0.0019780 seconds
215.851: Application time: 0.0379760 seconds
215.853: [GC [PSYoungGen: 48608K->6640K(48640K)] 86183K->45535K(160256K), 0.0023610 secs] [Times: user=0.02 sys=0.00, real=0.00 secs] 
215.855: Total time for which application threads were stopped: 0.0037890 seconds, Stopping threads took: 0.0013470 seconds
215.893: Application time: 0.0383340 seconds
215.896: [GC [PSYoungGen: 48624K->6624K(48640K)] 87519K->46087K(160256K), 0.0020740 secs] [Times: user=0.02 sys=0.00, real=0.00 secs] 
215.898: Total time for which application threads were stopped: 0.0043260 seconds, Stopping threads took: 0.0021650 seconds
215.935: Application time: 0.0369600 seconds
215.937: [GC [PSYoungGen: 48608K->6640K(48640K)] 88071K->46847K(160256K), 0.0022020 secs] [Times: user=0.01 sys=0.01, real=0.00 secs] 
215.939: Total time for which application threads were stopped: 0.0045590 seconds, Stopping threads took: 0.0022630 seconds
215.978: Application time: 0.0383860 seconds
215.979: [GC [PSYoungGen: 48624K->6624K(48640K)] 88831K->47839K(160256K), 0.0022230 secs] [Times: user=0.02 sys=0.00, real=0.00 secs] 
215.981: Total time for which application threads were stopped: 0.0039010 seconds, Stopping threads took: 0.0015870 seconds
216.019: Application time: 0.0378650 seconds
216.021: [GC [PSYoungGen: 48608K->6656K(48640K)] 89823K->48419K(160256K), 0.0021790 secs] [Times: user=0.02 sys=0.00, real=0.00 secs] 
216.023: Total time for which application threads were stopped: 0.0035190 seconds, Stopping threads took: 0.0012540 seconds
216.062: Application time: 0.0391120 seconds
216.064: [GC [PSYoungGen: 48640K->6288K(48640K)] 90403K->48051K(160256K), 0.0019430 secs] [Times: user=0.02 sys=0.00, real=0.00 secs] 
216.066: Total time for which application threads were stopped: 0.0036140 seconds, Stopping threads took: 0.0015890 seconds
216.103: Application time: 0.0370620 seconds
216.106: [GC [PSYoungGen: 48272K->6640K(48640K)] 90035K->48411K(160256K), 0.0019110 secs] [Times: user=0.01 sys=0.00, real=0.00 secs] 
216.108: Total time for which application threads were stopped: 0.0050960 seconds, Stopping threads took: 0.0031050 seconds
216.146: Application time: 0.0377900 seconds
216.148: [GC [PSYoungGen: 48624K->6640K(48640K)] 90395K->49083K(160256K), 0.0021900 secs] [Times: user=0.02 sys=0.00, real=0.00 secs] 
216.150: Total time for which application threads were stopped: 0.0043340 seconds, Stopping threads took: 0.0020600 seconds
216.187: Application time: 0.0370300 seconds
216.188: [GC [PSYoungGen: 48624K->6528K(48640K)] 91067K->48971K(160256K), 0.0019330 secs] [Times: user=0.02 sys=0.00, real=0.00 secs] 
216.190: Total time for which application threads were stopped: 0.0033880 seconds, Stopping threads took: 0.0013790 seconds
216.227: Application time: 0.0370130 seconds
216.230: [GC [PSYoungGen: 48512K->6352K(48640K)] 90955K->48795K(160256K), 0.0019270 secs] [Times: user=0.01 sys=0.00, real=0.01 secs] 
216.232: Total time for which application threads were stopped: 0.0043660 seconds, Stopping threads took: 0.0023580 seconds
216.270: Application time: 0.0382670 seconds
216.271: [GC [PSYoungGen: 48336K->6112K(48640K)] 90779K->48555K(160256K), 0.0019520 secs] [Times: user=0.01 sys=0.00, real=0.00 secs] 
216.273: Total time for which application threads were stopped: 0.0033960 seconds, Stopping threads took: 0.0013700 seconds
216.312: Application time: 0.0389260 seconds
216.314: [GC [PSYoungGen: 48096K->6464K(48640K)] 90539K->48907K(160256K), 0.0019190 secs] [Times: user=0.01 sys=0.00, real=0.00 secs] 
216.316: Total time for which application threads were stopped: 0.0033940 seconds, Stopping threads took: 0.0013980 seconds
216.354: Application time: 0.0379890 seconds
216.355: [GC [PSYoungGen: 48448K->6624K(48640K)] 90891K->50099K(160256K), 0.0023080 secs] [Times: user=0.02 sys=0.00, real=0.00 secs] 
216.358: Total time for which application threads were stopped: 0.0038730 seconds, Stopping threads took: 0.0014820 seconds
216.396: Application time: 0.0385360 seconds
216.398: [GC [PSYoungGen: 48608K->6624K(48640K)] 92083K->50499K(160256K), 0.0020860 secs] [Times: user=0.01 sys=0.00, real=0.00 secs] 
216.400: Total time for which application threads were stopped: 0.0036540 seconds, Stopping threads took: 0.0014820 seconds
216.436: Application time: 0.0365760 seconds
216.438: [GC [PSYoungGen: 48608K->6656K(48640K)] 92483K->51379K(160256K), 0.0022500 secs] [Times: user=0.02 sys=0.00, real=0.00 secs] 
216.440: Total time for which application threads were stopped: 0.0040110 seconds, Stopping threads took: 0.0016780 seconds
216.478: Application time: 0.0375570 seconds
216.480: [GC [PSYoungGen: 48640K->6624K(48640K)] 93363K->51363K(160256K), 0.0019450 secs] [Times: user=0.02 sys=0.00, real=0.00 secs] 
216.482: Total time for which application threads were stopped: 0.0037320 seconds, Stopping threads took: 0.0017100 seconds
216.520: Application time: 0.0386900 seconds
216.522: [GC [PSYoungGen: 48607K->4848K(48640K)] 93347K->49587K(160256K), 0.0015070 secs] [Times: user=0.00 sys=0.01, real=0.01 secs] 
216.523: Total time for which application threads were stopped: 0.0031750 seconds, Stopping threads took: 0.0015990 seconds
216.559: Application time: 0.0351090 seconds
216.561: [GC [PSYoungGen: 46832K->6656K(48640K)] 91571K->52011K(160256K), 0.0021870 secs] [Times: user=0.01 sys=0.00, real=0.01 secs] 
216.563: Total time for which application threads were stopped: 0.0046090 seconds, Stopping threads took: 0.0023400 seconds
216.601: Application time: 0.0378560 seconds
216.604: [GC [PSYoungGen: 48640K->6640K(48640K)] 93995K->52483K(160256K), 0.0021270 secs] [Times: user=0.01 sys=0.00, real=0.00 secs] 
216.606: Total time for which application threads were stopped: 0.0046620 seconds, Stopping threads took: 0.0024530 seconds
216.644: Application time: 0.0383460 seconds
216.645: [GC [PSYoungGen: 48624K->5664K(48640K)] 94467K->51507K(160256K), 0.0017030 secs] [Times: user=0.02 sys=0.00, real=0.00 secs] 
216.647: Total time for which application threads were stopped: 0.0031520 seconds, Stopping threads took: 0.0013770 seconds
216.686: Application time: 0.0383680 seconds
216.687: [GC [PSYoungGen: 47648K->6112K(48640K)] 93491K->51963K(160256K), 0.0018220 secs] [Times: user=0.01 sys=0.00, real=0.00 secs] 
216.689: Total time for which application threads were stopped: 0.0032690 seconds, Stopping threads took: 0.0013720 seconds
216.728: Application time: 0.0388200 seconds
216.732: [GC [PSYoungGen: 48096K->4960K(48640K)] 93947K->50811K(160256K), 0.0018100 secs] [Times: user=0.01 sys=0.00, real=0.00 secs] 
216.733: Total time for which application threads were stopped: 0.0057060 seconds, Stopping threads took: 0.0038090 seconds
216.773: Application time: 0.0399850 seconds
216.775: [GC [PSYoungGen: 46944K->6640K(48640K)] 92795K->52571K(160256K), 0.0020420 secs] [Times: user=0.02 sys=0.00, real=0.00 secs] 
216.777: Total time for which application threads were stopped: 0.0038660 seconds, Stopping threads took: 0.0017300 seconds
216.815: Application time: 0.0374340 seconds
216.816: [GC [PSYoungGen: 48624K->6640K(48640K)] 94555K->52883K(160256K), 0.0020330 secs] [Times: user=0.01 sys=0.00, real=0.00 secs] 
216.818: Total time for which application threads were stopped: 0.0036910 seconds, Stopping threads took: 0.0015780 seconds
216.856: Application time: 0.0373510 seconds
216.858: [GC [PSYoungGen: 48624K->6640K(48640K)] 94867K->53971K(160256K), 0.0023000 secs] [Times: user=0.01 sys=0.00, real=0.00 secs] 
216.860: Total time for which application threads were stopped: 0.0044570 seconds, Stopping threads took: 0.0020740 seconds
216.898: Application time: 0.0377720 seconds
216.900: [GC [PSYoungGen: 48624K->6272K(48640K)] 95955K->53619K(160256K), 0.0019230 secs] [Times: user=0.02 sys=0.00, real=0.00 secs] 
216.902: Total time for which application threads were stopped: 0.0044200 seconds, Stopping threads took: 0.0024060 seconds
216.941: Application time: 0.0382930 seconds
216.942: [GC [PSYoungGen: 48256K->5840K(48640K)] 95603K->53211K(160256K), 0.0018040 secs] [Times: user=0.01 sys=0.00, real=0.01 secs] 
216.944: Total time for which application threads were stopped: 0.0034690 seconds, Stopping threads took: 0.0015680 seconds
216.984: Application time: 0.0401500 seconds
216.986: [GC [PSYoungGen: 47824K->5616K(48640K)] 95195K->53003K(160256K), 0.0018100 secs] [Times: user=0.02 sys=0.00, real=0.00 secs] 
216.988: Total time for which application threads were stopped: 0.0039990 seconds, Stopping threads took: 0.0021140 seconds
217.025: Application time: 0.0365310 seconds
217.027: [GC [PSYoungGen: 47600K->6640K(48640K)] 94987K->54819K(160256K), 0.0022310 secs] [Times: user=0.01 sys=0.00, real=0.00 secs] 
217.029: Total time for which application threads were stopped: 0.0043590 seconds, Stopping threads took: 0.0020460 seconds
217.066: Application time: 0.0368650 seconds
217.068: [GC [PSYoungGen: 48624K->6656K(48640K)] 96803K->55179K(160256K), 0.0020680 secs] [Times: user=0.01 sys=0.00, real=0.00 secs] 
217.070: Total time for which application threads were stopped: 0.0037750 seconds, Stopping threads took: 0.0016280 seconds
217.107: Application time: 0.0373940 seconds
217.108: [GC [PSYoungGen: 48638K->6656K(48640K)] 97162K->56435K(160256K), 0.0023750 secs] [Times: user=0.02 sys=0.00, real=0.00 secs] 
217.111: Total time for which application threads were stopped: 0.0033360 seconds, Stopping threads took: 0.0008820 seconds
217.147: Application time: 0.0368390 seconds
217.149: [GC [PSYoungGen: 48640K->6368K(48640K)] 98419K->56155K(160256K), 0.0018460 secs] [Times: user=0.01 sys=0.00, real=0.00 secs] 
217.151: Total time for which application threads were stopped: 0.0036670 seconds, Stopping threads took: 0.0017440 seconds
217.189: Application time: 0.0376220 seconds
217.191: [GC [PSYoungGen: 48352K->6640K(48640K)] 98139K->56475K(160256K), 0.0020480 secs] [Times: user=0.01 sys=0.00, real=0.01 secs] 
217.193: Total time for which application threads were stopped: 0.0039720 seconds, Stopping threads took: 0.0018470 seconds
217.232: Application time: 0.0391820 seconds
217.233: [GC [PSYoungGen: 48624K->5744K(48640K)] 98459K->55579K(160256K), 0.0017490 secs] [Times: user=0.01 sys=0.00, real=0.00 secs] 
217.235: Total time for which application threads were stopped: 0.0031860 seconds, Stopping threads took: 0.0013640 seconds
217.273: Application time: 0.0380630 seconds
217.275: [GC [PSYoungGen: 47728K->6656K(48640K)] 97563K->56979K(160256K), 0.0021920 secs] [Times: user=0.02 sys=0.00, real=0.00 secs] 
217.277: Total time for which application threads were stopped: 0.0037700 seconds, Stopping threads took: 0.0014990 seconds
217.315: Application time: 0.0383480 seconds
217.316: [GC [PSYoungGen: 48640K->6080K(48640K)] 98963K->56403K(160256K), 0.0017700 secs] [Times: user=0.01 sys=0.00, real=0.00 secs] 
217.318: Total time for which application threads were stopped: 0.0027900 seconds, Stopping threads took: 0.0009430 seconds
217.355: Application time: 0.0369320 seconds
217.357: [GC [PSYoungGen: 48064K->6336K(48640K)] 98387K->56659K(160256K), 0.0019020 secs] [Times: user=0.01 sys=0.00, real=0.00 secs] 
217.359: Total time for which application threads were stopped: 0.0037260 seconds, Stopping threads took: 0.0017430 seconds
217.396: Application time: 0.0377480 seconds
217.399: [GC [PSYoungGen: 48320K->5696K(48640K)] 98643K->56019K(160256K), 0.0018930 secs] [Times: user=0.01 sys=0.00, real=0.00 secs] 
217.401: Total time for which application threads were stopped: 0.0041250 seconds, Stopping threads took: 0.0021580 seconds
217.439: Application time: 0.0381470 seconds
217.440: [GC [PSYoungGen: 47680K->6192K(48640K)] 98003K->56531K(160256K), 0.0019230 secs] [Times: user=0.01 sys=0.00, real=0.00 secs] 
217.442: Total time for which application threads were stopped: 0.0034450 seconds, Stopping threads took: 0.0014340 seconds
217.483: Application time: 0.0404130 seconds
217.484: [GC [PSYoungGen: 48176K->6624K(48640K)] 98515K->57883K(160256K), 0.0022910 secs] [Times: user=0.02 sys=0.00, real=0.00 secs] 
217.486: Total time for which application threads were stopped: 0.0035790 seconds, Stopping threads took: 0.0012060 seconds
217.527: Application time: 0.0409990 seconds
217.529: [GC [PSYoungGen: 48607K->6624K(48640K)] 99866K->58075K(160256K), 0.0020820 secs] [Times: user=0.01 sys=0.00, real=0.00 secs] 
217.531: Total time for which application threads were stopped: 0.0038320 seconds, Stopping threads took: 0.0016670 seconds
217.570: Application time: 0.0392830 seconds
217.573: [GC [PSYoungGen: 48608K->6624K(48640K)] 100059K->58707K(160256K), 0.0021190 secs] [Times: user=0.01 sys=0.00, real=0.00 secs] 
217.575: Total time for which application threads were stopped: 0.0047390 seconds, Stopping threads took: 0.0025370 seconds
217.615: Application time: 0.0400810 seconds
217.617: [GC [PSYoungGen: 48608K->6608K(48640K)] 100691K->58699K(160256K), 0.0019200 secs] [Times: user=0.01 sys=0.00, real=0.00 secs] 
217.619: Total time for which application threads were stopped: 0.0039720 seconds, Stopping threads took: 0.0019720 seconds
217.659: Application time: 0.0403600 seconds
217.661: [GC [PSYoungGen: 48592K->6656K(48640K)] 100683K->58835K(160256K), 0.0020290 secs] [Times: user=0.01 sys=0.00, real=0.01 secs] 
217.663: Total time for which application threads were stopped: 0.0038780 seconds, Stopping threads took: 0.0017720 seconds
217.704: Application time: 0.0405280 seconds
217.707: [GC [PSYoungGen: 48640K->6640K(48640K)] 100819K->59875K(160256K), 0.0023330 secs] [Times: user=0.01 sys=0.00, real=0.00 secs] 
217.710: Total time for which application threads were stopped: 0.0056510 seconds, Stopping threads took: 0.0032310 seconds
217.749: Application time: 0.0399250 seconds
217.751: [GC [PSYoungGen: 48624K->6624K(48640K)] 101859K->59891K(160256K), 0.0022180 secs] [Times: user=0.01 sys=0.00, real=0.01 secs] 
217.753: Total time for which application threads were stopped: 0.0035210 seconds, Stopping threads took: 0.0012030 seconds
217.792: Application time: 0.0391590 seconds
217.794: [GC [PSYoungGen: 48608K->6640K(48640K)] 101875K->60347K(160256K), 0.0021490 secs] [Times: user=0.02 sys=0.00, real=0.00 secs] 
217.796: Total time for which application threads were stopped: 0.0039620 seconds, Stopping threads took: 0.0017310 seconds
217.835: Application time: 0.0387690 seconds
217.837: [GC [PSYoungGen: 48622K->6656K(48640K)] 102330K->61011K(160256K), 0.0024030 secs] [Times: user=0.01 sys=0.00, real=0.00 secs] 
217.840: Total time for which application threads were stopped: 0.0049740 seconds, Stopping threads took: 0.0024840 seconds
217.880: Application time: 0.0400340 seconds
217.883: [GC [PSYoungGen: 48640K->6608K(48640K)] 102995K->60963K(160256K), 0.0019890 secs] [Times: user=0.02 sys=0.00, real=0.01 secs] 
217.885: Total time for which application threads were stopped: 0.0049800 seconds, Stopping threads took: 0.0029060 seconds
217.925: Application time: 0.0399090 seconds
217.926: [GC [PSYoungGen: 48592K->6624K(48640K)] 102947K->62083K(160256K), 0.0023630 secs] [Times: user=0.02 sys=0.00, real=0.00 secs] 
217.929: Total time for which application threads were stopped: 0.0041310 seconds, Stopping threads took: 0.0016870 seconds
217.968: Application time: 0.0395810 seconds
217.971: [GC [PSYoungGen: 48608K->6656K(48640K)] 104067K->62891K(160256K), 0.0022690 secs] [Times: user=0.02 sys=0.00, real=0.01 secs] 
217.973: Total time for which application threads were stopped: 0.0046220 seconds, Stopping threads took: 0.0022660 seconds
218.013: Application time: 0.0401780 seconds
218.015: [GC [PSYoungGen: 48640K->6640K(48640K)] 104875K->63467K(160256K), 0.0021870 secs] [Times: user=0.01 sys=0.00, real=0.00 secs] 
218.017: Total time for which application threads were stopped: 0.0038760 seconds, Stopping threads took: 0.0016050 seconds
218.057: Application time: 0.0400960 seconds
218.059: [GC [PSYoungGen: 48624K->6640K(48640K)] 105451K->64371K(160256K), 0.0023320 secs] [Times: user=0.02 sys=0.00, real=0.00 secs] 
218.061: Total time for which application threads were stopped: 0.0040070 seconds, Stopping threads took: 0.0015860 seconds
218.102: Application time: 0.0404480 seconds
218.103: [GC [PSYoungGen: 48624K->5824K(48640K)] 106355K->63555K(160256K), 0.0018490 secs] [Times: user=0.01 sys=0.00, real=0.00 secs] 
218.105: Total time for which application threads were stopped: 0.0035310 seconds, Stopping threads took: 0.0016070 seconds
218.147: Application time: 0.0417880 seconds
218.148: [GC [PSYoungGen: 47808K->6640K(48640K)] 105539K->65315K(160256K), 0.0023400 secs] [Times: user=0.02 sys=0.00, real=0.00 secs] 
218.150: Total time for which application threads were stopped: 0.0030650 seconds, Stopping threads took: 0.0006450 seconds
218.191: Application time: 0.0407880 seconds
218.192: [GC [PSYoungGen: 48624K->6656K(48640K)] 107299K->66071K(160256K), 0.0021600 secs] [Times: user=0.01 sys=0.00, real=0.00 secs] 
218.194: Total time for which application threads were stopped: 0.0034860 seconds, Stopping threads took: 0.0012430 seconds
218.234: Application time: 0.0398530 seconds
218.236: [GC [PSYoungGen: 48640K->6656K(48640K)] 108055K->66223K(160256K), 0.0020920 secs] [Times: user=0.00 sys=0.00, real=0.00 secs] 
218.238: Total time for which application threads were stopped: 0.0035750 seconds, Stopping threads took: 0.0014020 seconds
218.280: Application time: 0.0419440 seconds
218.281: [GC [PSYoungGen: 48640K->6304K(48640K)] 108207K->65871K(160256K), 0.0019650 secs] [Times: user=0.02 sys=0.00, real=0.01 secs] 
218.283: Total time for which application threads were stopped: 0.0036240 seconds, Stopping threads took: 0.0015810 seconds
218.323: Application time: 0.0401140 seconds
218.325: [GC [PSYoungGen: 48288K->6624K(48640K)] 107855K->66191K(160256K), 0.0020580 secs] [Times: user=0.01 sys=0.00, real=0.00 secs] 
218.327: Total time for which application threads were stopped: 0.0039860 seconds, Stopping threads took: 0.0018450 seconds
218.370: Application time: 0.0421550 seconds
218.371: [GC [PSYoungGen: 48608K->4464K(48640K)] 108175K->64031K(160256K), 0.0014340 secs] [Times: user=0.01 sys=0.00, real=0.01 secs] 
218.372: Total time for which application threads were stopped: 0.0024420 seconds, Stopping threads took: 0.0009370 seconds
218.414: Application time: 0.0416350 seconds
218.415: [GC [PSYoungGen: 46448K->4912K(48640K)] 106015K->64479K(160256K), 0.0015870 secs] [Times: user=0.01 sys=0.00, real=0.00 secs] 
218.417: Total time for which application threads were stopped: 0.0031670 seconds, Stopping threads took: 0.0015110 seconds
218.456: Application time: 0.0393930 seconds
218.459: [GC [PSYoungGen: 46896K->6656K(48640K)] 106463K->66943K(160256K), 0.0021530 secs] [Times: user=0.01 sys=0.00, real=0.00 secs] 
218.461: Total time for which application threads were stopped: 0.0048580 seconds, Stopping threads took: 0.0026170 seconds
218.502: Application time: 0.0412480 seconds
218.504: [GC [PSYoungGen: 48640K->6288K(48640K)] 108927K->66575K(160256K), 0.0020430 secs] [Times: user=0.02 sys=0.00, real=0.00 secs] 
218.506: Total time for which application threads were stopped: 0.0032390 seconds, Stopping threads took: 0.0011080 seconds
218.546: Application time: 0.0401440 seconds
218.549: [GC [PSYoungGen: 48272K->6528K(48640K)] 108559K->66831K(160256K), 0.0019980 secs] [Times: user=0.01 sys=0.00, real=0.00 secs] 
218.551: Total time for which application threads were stopped: 0.0048850 seconds, Stopping threads took: 0.0028050 seconds
218.591: Application time: 0.0398290 seconds
218.593: [GC [PSYoungGen: 48512K->6336K(48640K)] 108815K->66655K(160256K), 0.0019680 secs] [Times: user=0.01 sys=0.00, real=0.00 secs] 
218.595: Total time for which application threads were stopped: 0.0040060 seconds, Stopping threads took: 0.0019550 seconds
218.633: Application time: 0.0387710 seconds
218.635: [GC [PSYoungGen: 48320K->6624K(48640K)] 108639K->67907K(160256K), 0.0023550 secs] [Times: user=0.02 sys=0.00, real=0.00 secs] 
218.638: Total time for which application threads were stopped: 0.0044260 seconds, Stopping threads took: 0.0019860 seconds
218.677: Application time: 0.0388650 seconds
218.679: [GC [PSYoungGen: 48608K->6656K(48640K)] 109891K->69148K(160256K), 0.0023910 secs] [Times: user=0.01 sys=0.00, real=0.00 secs] 
218.681: Total time for which application threads were stopped: 0.0044480 seconds, Stopping threads took: 0.0019460 seconds
218.721: Application time: 0.0397450 seconds
218.722: [GC [PSYoungGen: 48640K->6240K(48640K)] 111132K->68732K(160256K), 0.0018410 secs] [Times: user=0.01 sys=0.00, real=0.01 secs] 
218.724: Total time for which application threads were stopped: 0.0033730 seconds, Stopping threads took: 0.0014530 seconds
218.765: Application time: 0.0404080 seconds
218.766: [GC [PSYoungGen: 48224K->5536K(48640K)] 110716K->68028K(160256K), 0.0017390 secs] [Times: user=0.01 sys=0.00, real=0.00 secs] 
218.768: Total time for which application threads were stopped: 0.0035440 seconds, Stopping threads took: 0.0017280 seconds
218.809: Application time: 0.0406830 seconds
218.812: [GC [PSYoungGen: 47520K->6656K(48640K)] 110012K->69452K(160256K), 0.0020580 secs] [Times: user=0.01 sys=0.00, real=0.00 secs] 
218.814: Total time for which application threads were stopped: 0.0050880 seconds, Stopping threads took: 0.0029450 seconds
218.855: Application time: 0.0406430 seconds
218.856: [GC [PSYoungGen: 48640K->6656K(48640K)] 111436K->69708K(160256K), 0.0021870 secs] [Times: user=0.01 sys=0.00, real=0.00 secs] 
218.858: Total time for which application threads were stopped: 0.0038310 seconds, Stopping threads took: 0.0015540 seconds
218.898: Application time: 0.0395110 seconds
218.900: [GC [PSYoungGen: 48639K->6656K(48640K)] 111691K->69748K(160256K), 0.0020120 secs] [Times: user=0.01 sys=0.00, real=0.00 secs] 
218.902: Total time for which application threads were stopped: 0.0043040 seconds, Stopping threads took: 0.0022120 seconds
218.942: Application time: 0.0394250 seconds
218.943: [GC [PSYoungGen: 48640K->6656K(48640K)] 111732K->69804K(160256K), 0.0020970 secs] [Times: user=0.01 sys=0.00, real=0.01 secs] 
218.945: Total time for which application threads were stopped: 0.0033710 seconds, Stopping threads took: 0.0011920 seconds
218.985: Application time: 0.0397020 seconds
218.987: [GC [PSYoungGen: 48640K->6624K(48640K)] 111788K->70052K(160256K), 0.0021430 secs] [Times: user=0.02 sys=0.00, real=0.00 secs] 
218.989: Total time for which application threads were stopped: 0.0047020 seconds, Stopping threads took: 0.0024720 seconds
219.030: Application time: 0.0404360 seconds
219.032: [GC [PSYoungGen: 48608K->6640K(48640K)] 112036K->70156K(160256K), 0.0022290 secs] [Times: user=0.01 sys=0.00, real=0.00 secs] 
219.035: Total time for which application threads were stopped: 0.0046780 seconds, Stopping threads took: 0.0023570 seconds
219.075: Application time: 0.0403660 seconds
219.077: [GC [PSYoungGen: 48624K->6464K(48640K)] 112140K->69980K(160256K), 0.0020410 secs] [Times: user=0.01 sys=0.00, real=0.00 secs] 
219.079: Total time for which application threads were stopped: 0.0045620 seconds, Stopping threads took: 0.0024100 seconds
219.119: Application time: 0.0397060 seconds
219.121: [GC [PSYoungGen: 48448K->6400K(48640K)] 111964K->69924K(160256K), 0.0019270 secs] [Times: user=0.01 sys=0.00, real=0.01 secs] 
219.123: Total time for which application threads were stopped: 0.0041700 seconds, Stopping threads took: 0.0021590 seconds
219.164: Application time: 0.0410690 seconds
219.166: [GC [PSYoungGen: 48384K->6640K(48640K)] 111908K->70236K(160256K), 0.0021270 secs] [Times: user=0.01 sys=0.00, real=0.00 secs] 
219.168: Total time for which application threads were stopped: 0.0039350 seconds, Stopping threads took: 0.0017220 seconds
219.209: Application time: 0.0405020 seconds
219.210: [GC [PSYoungGen: 48624K->6656K(48640K)] 112220K->71220K(160256K), 0.0023780 secs] [Times: user=0.02 sys=0.00, real=0.01 secs] 
219.213: Total time for which application threads were stopped: 0.0038780 seconds, Stopping threads took: 0.0014140 seconds
219.253: Application time: 0.0403790 seconds
219.255: [GC [PSYoungGen: 48640K->6368K(48640K)] 113204K->70932K(160256K), 0.0020800 secs] [Times: user=0.01 sys=0.00, real=0.00 secs] 
219.257: Total time for which application threads were stopped: 0.0038670 seconds, Stopping threads took: 0.0017020 seconds
219.297: Application time: 0.0396550 seconds
219.299: [GC [PSYoungGen: 48352K->6656K(48640K)] 112916K->72068K(160256K), 0.0022530 secs] [Times: user=0.02 sys=0.00, real=0.00 secs] 
219.301: Total time for which application threads were stopped: 0.0044630 seconds, Stopping threads took: 0.0021250 seconds
219.342: Application time: 0.0405490 seconds
219.343: [GC [PSYoungGen: 48640K->5984K(48640K)] 114052K->71396K(160256K), 0.0019110 secs] [Times: user=0.01 sys=0.00, real=0.01 secs] 
219.345: Total time for which application threads were stopped: 0.0030990 seconds, Stopping threads took: 0.0011090 seconds
219.386: Application time: 0.0413380 seconds
219.388: [GC [PSYoungGen: 47968K->5440K(48640K)] 113380K->70852K(160256K), 0.0016750 secs] [Times: user=0.01 sys=0.00, real=0.00 secs] 
219.390: Total time for which application threads were stopped: 0.0039180 seconds, Stopping threads took: 0.0021660 seconds
219.431: Application time: 0.0410940 seconds
219.433: [GC [PSYoungGen: 47424K->5376K(48640K)] 112836K->70788K(160256K), 0.0016690 secs] [Times: user=0.01 sys=0.00, real=0.00 secs] 
219.434: Total time for which application threads were stopped: 0.0031860 seconds, Stopping threads took: 0.0014430 seconds
219.475: Application time: 0.0410810 seconds
219.477: [GC [PSYoungGen: 47360K->4896K(48640K)] 112772K->70308K(160256K), 0.0015600 secs] [Times: user=0.01 sys=0.00, real=0.00 secs] 
219.478: Total time for which application threads were stopped: 0.0028710 seconds, Stopping threads took: 0.0012390 seconds
219.520: Application time: 0.0414790 seconds
219.522: [GC [PSYoungGen: 46880K->6336K(48640K)] 112292K->71748K(160256K), 0.0019360 secs] [Times: user=0.01 sys=0.00, real=0.01 secs] 
219.524: Total time for which application threads were stopped: 0.0037930 seconds, Stopping threads took: 0.0017800 seconds
219.565: Application time: 0.0417010 seconds
219.567: [GC [PSYoungGen: 48320K->5280K(48640K)] 113732K->70692K(160256K), 0.0018070 secs] [Times: user=0.01 sys=0.00, real=0.00 secs] 
219.569: Total time for which application threads were stopped: 0.0035800 seconds, Stopping threads took: 0.0016870 seconds
219.610: Application time: 0.0407010 seconds
219.611: [GC [PSYoungGen: 47264K->6048K(48640K)] 112676K->71460K(160256K), 0.0019020 secs] [Times: user=0.01 sys=0.00, real=0.01 secs] 
219.613: Total time for which application threads were stopped: 0.0033090 seconds, Stopping threads took: 0.0013280 seconds
219.654: Application time: 0.0416120 seconds
219.657: [GC [PSYoungGen: 48032K->4928K(48640K)] 113444K->70348K(160256K), 0.0015450 secs] [Times: user=0.01 sys=0.00, real=0.00 secs] 
219.658: Total time for which application threads were stopped: 0.0036700 seconds, Stopping threads took: 0.0020550 seconds
219.699: Application time: 0.0404110 seconds
219.700: [GC [PSYoungGen: 46912K->5776K(48640K)] 112332K->71212K(160256K), 0.0020310 secs] [Times: user=0.01 sys=0.00, real=0.00 secs] 
219.702: Total time for which application threads were stopped: 0.0036140 seconds, Stopping threads took: 0.0015090 seconds
219.743: Application time: 0.0405150 seconds
219.744: [GC [PSYoungGen: 47760K->6640K(48640K)] 113196K->72092K(160256K), 0.0020720 secs] [Times: user=0.01 sys=0.00, real=0.00 secs] 
219.747: Total time for which application threads were stopped: 0.0039360 seconds, Stopping threads took: 0.0017620 seconds
219.786: Application time: 0.0391260 seconds
219.787: [GC [PSYoungGen: 48624K->6496K(48640K)] 114076K->71948K(160256K), 0.0022370 secs] [Times: user=0.01 sys=0.00, real=0.00 secs] 
219.790: Total time for which application threads were stopped: 0.0039770 seconds, Stopping threads took: 0.0016560 seconds
219.830: Application time: 0.0402650 seconds
219.832: [GC [PSYoungGen: 48480K->6640K(48640K)] 113932K->72868K(160256K), 0.0026160 secs] [Times: user=0.01 sys=0.00, real=0.00 secs] 
219.835: Total time for which application threads were stopped: 0.0051190 seconds, Stopping threads took: 0.0024150 seconds
219.875: Application time: 0.0396600 seconds
219.877: [GC [PSYoungGen: 48624K->6656K(48640K)] 114852K->73524K(160256K), 0.0023450 secs] [Times: user=0.01 sys=0.00, real=0.00 secs] 
219.879: Total time for which application threads were stopped: 0.0043890 seconds, Stopping threads took: 0.0019510 seconds
219.919: Application time: 0.0395090 seconds
219.921: [GC [PSYoungGen: 48640K->6624K(48640K)] 115508K->74012K(160256K), 0.0021340 secs] [Times: user=0.02 sys=0.00, real=0.00 secs] 
219.923: Total time for which application threads were stopped: 0.0042520 seconds, Stopping threads took: 0.0020350 seconds
219.963: Application time: 0.0403770 seconds
219.965: [GC [PSYoungGen: 48608K->6656K(48640K)] 115996K->74364K(160256K), 0.0021350 secs] [Times: user=0.01 sys=0.00, real=0.00 secs] 
219.967: Total time for which application threads were stopped: 0.0040680 seconds, Stopping threads took: 0.0018500 seconds
220.007: Application time: 0.0399320 seconds
220.009: [GC [PSYoungGen: 48640K->6640K(48640K)] 116348K->75452K(160256K), 0.0025020 secs] [Times: user=0.02 sys=0.00, real=0.01 secs] 
220.012: Total time for which application threads were stopped: 0.0045430 seconds, Stopping threads took: 0.0019530 seconds
220.052: Application time: 0.0404620 seconds
220.055: [GC [PSYoungGen: 48624K->6640K(48640K)] 117436K->75452K(160256K), 0.0022610 secs] [Times: user=0.01 sys=0.00, real=0.00 secs] 
220.057: Total time for which application threads were stopped: 0.0046730 seconds, Stopping threads took: 0.0023160 seconds
220.096: Application time: 0.0388430 seconds
220.098: [GC [PSYoungGen: 48624K->6656K(48640K)] 117436K->76908K(160256K), 0.0026060 secs] [Times: user=0.02 sys=0.00, real=0.00 secs] 
220.100: Total time for which application threads were stopped: 0.0045640 seconds, Stopping threads took: 0.0018690 seconds
220.140: Application time: 0.0394060 seconds
220.142: [GC [PSYoungGen: 48640K->6224K(48640K)] 118892K->76476K(160256K), 0.0021420 secs] [Times: user=0.01 sys=0.00, real=0.01 secs] 
220.144: Total time for which application threads were stopped: 0.0040160 seconds, Stopping threads took: 0.0017730 seconds
220.184: Application time: 0.0400320 seconds
220.186: [GC [PSYoungGen: 48208K->6640K(48640K)] 118460K->77156K(160256K), 0.0024560 secs] [Times: user=0.01 sys=0.01, real=0.00 secs] 
220.188: Total time for which application threads were stopped: 0.0043510 seconds, Stopping threads took: 0.0018080 seconds
220.229: Application time: 0.0403400 seconds
220.231: [GC [PSYoungGen: 48624K->6272K(48640K)] 119140K->76812K(160256K), 0.0020430 secs] [Times: user=0.02 sys=0.00, real=0.01 secs] 
220.233: Total time for which application threads were stopped: 0.0044580 seconds, Stopping threads took: 0.0023360 seconds
220.273: Application time: 0.0402920 seconds
220.275: [GC [PSYoungGen: 48256K->5152K(48640K)] 118796K->75716K(160256K), 0.0016800 secs] [Times: user=0.01 sys=0.00, real=0.00 secs] 
220.276: Total time for which application threads were stopped: 0.0031660 seconds, Stopping threads took: 0.0014080 seconds
220.318: Application time: 0.0413140 seconds
220.319: [GC [PSYoungGen: 47136K->5360K(48640K)] 117700K->75924K(160256K), 0.0016270 secs] [Times: user=0.01 sys=0.00, real=0.00 secs] 
220.321: Total time for which application threads were stopped: 0.0031210 seconds, Stopping threads took: 0.0014210 seconds
220.362: Application time: 0.0415950 seconds
220.364: [GC [PSYoungGen: 47344K->5760K(48640K)] 117908K->76324K(160256K), 0.0018110 secs] [Times: user=0.01 sys=0.00, real=0.00 secs] 
220.366: Total time for which application threads were stopped: 0.0034430 seconds, Stopping threads took: 0.0015560 seconds
220.406: Application time: 0.0396150 seconds
220.408: [GC [PSYoungGen: 47744K->6656K(48640K)] 118308K->77788K(160256K), 0.0021620 secs] [Times: user=0.02 sys=0.00, real=0.00 secs] 
220.410: Total time for which application threads were stopped: 0.0044870 seconds, Stopping threads took: 0.0022390 seconds
220.448: Application time: 0.0375350 seconds
220.450: [GC [PSYoungGen: 48640K->6656K(48640K)] 119772K->78684K(160256K), 0.0023050 secs] [Times: user=0.02 sys=0.00, real=0.01 secs] 
220.453: Total time for which application threads were stopped: 0.0050850 seconds, Stopping threads took: 0.0026970 seconds
220.493: Application time: 0.0398860 seconds
220.495: [GC [PSYoungGen: 48640K->5840K(48640K)] 120668K->77868K(160256K), 0.0017780 secs] [Times: user=0.01 sys=0.00, real=0.00 secs] 
220.497: Total time for which application threads were stopped: 0.0044010 seconds, Stopping threads took: 0.0025390 seconds
220.537: Application time: 0.0397160 seconds
220.538: [GC [PSYoungGen: 47824K->5312K(48640K)] 119852K->77340K(160256K), 0.0104010 secs] [Times: user=0.08 sys=0.00, real=0.01 secs] 
220.549: Total time for which application threads were stopped: 0.0122300 seconds, Stopping threads took: 0.0017520 seconds
220.587: Application time: 0.0384980 seconds
220.590: [GC [PSYoungGen: 47296K->6656K(48640K)] 119324K->79640K(160256K), 0.0024610 secs] [Times: user=0.01 sys=0.00, real=0.01 secs] 
220.592: Total time for which application threads were stopped: 0.0048830 seconds, Stopping threads took: 0.0023370 seconds
220.632: Application time: 0.0400220 seconds
220.635: [GC [PSYoungGen: 48640K->6656K(48640K)] 121624K->80816K(160256K), 0.0024640 secs] [Times: user=0.02 sys=0.00, real=0.00 secs] 
220.637: Total time for which application threads were stopped: 0.0051490 seconds, Stopping threads took: 0.0025950 seconds
220.676: Application time: 0.0382520 seconds
220.678: [GC [PSYoungGen: 48640K->6656K(48640K)] 122800K->82216K(160256K), 0.0024760 secs] [Times: user=0.01 sys=0.00, real=0.00 secs] 
220.681: Total time for which application threads were stopped: 0.0049920 seconds, Stopping threads took: 0.0024340 seconds
220.722: Application time: 0.0409980 seconds
220.723: [GC [PSYoungGen: 48640K->6368K(48640K)] 124200K->81928K(160256K), 0.0019520 secs] [Times: user=0.01 sys=0.01, real=0.01 secs] 
220.725: Total time for which application threads were stopped: 0.0033560 seconds, Stopping threads took: 0.0013220 seconds
220.765: Application time: 0.0400330 seconds
220.767: [GC [PSYoungGen: 48352K->5632K(48640K)] 123912K->81192K(160256K), 0.0017240 secs] [Times: user=0.01 sys=0.00, real=0.00 secs] 
220.769: Total time for which application threads were stopped: 0.0034490 seconds, Stopping threads took: 0.0016450 seconds
220.808: Application time: 0.0398930 seconds
220.810: [GC [PSYoungGen: 47616K->6656K(48640K)] 123176K->82416K(160256K), 0.0021060 secs] [Times: user=0.01 sys=0.00, real=0.01 secs] 
220.812: Total time for which application threads were stopped: 0.0034670 seconds, Stopping threads took: 0.0012820 seconds
220.852: Application time: 0.0405770 seconds
220.854: [GC [PSYoungGen: 48640K->6272K(48640K)] 124400K->82040K(160256K), 0.0019460 secs] [Times: user=0.01 sys=0.00, real=0.00 secs] 
220.856: Total time for which application threads were stopped: 0.0032390 seconds, Stopping threads took: 0.0012190 seconds
220.894: Application time: 0.0387060 seconds
220.896: [GC [PSYoungGen: 48256K->6656K(48640K)] 124024K->82432K(160256K), 0.0020500 secs] [Times: user=0.02 sys=0.00, real=0.00 secs] 
220.898: Total time for which application threads were stopped: 0.0040060 seconds, Stopping threads took: 0.0018780 seconds
220.939: Application time: 0.0400800 seconds
220.940: [GC [PSYoungGen: 48640K->6640K(48640K)] 124416K->83776K(160256K), 0.0025610 secs] [Times: user=0.01 sys=0.00, real=0.00 secs] 
220.943: Total time for which application threads were stopped: 0.0041570 seconds, Stopping threads took: 0.0015120 seconds
220.984: Application time: 0.0410210 seconds
220.984: [GC [PSYoungGen: 48624K->6368K(48640K)] 125760K->83512K(160256K), 0.0019370 secs] [Times: user=0.02 sys=0.00, real=0.00 secs] 
220.986: Total time for which application threads were stopped: 0.0026820 seconds, Stopping threads took: 0.0006660 seconds
221.027: Application time: 0.0410130 seconds
221.029: [GC [PSYoungGen: 48352K->6208K(48640K)] 125496K->83352K(160256K), 0.0019860 secs] [Times: user=0.02 sys=0.00, real=0.00 secs] 
221.031: Total time for which application threads were stopped: 0.0036090 seconds, Stopping threads took: 0.0015440 seconds
221.072: Application time: 0.0413070 seconds
221.074: [GC [PSYoungGen: 48192K->6656K(48640K)] 125336K->83808K(160256K), 0.0020890 secs] [Times: user=0.02 sys=0.00, real=0.00 secs] 
221.076: Total time for which application threads were stopped: 0.0039530 seconds, Stopping threads took: 0.0017780 seconds
221.118: Application time: 0.0421990 seconds
221.119: [GC [PSYoungGen: 48640K->5664K(48640K)] 125792K->82816K(160256K), 0.0017670 secs] [Times: user=0.01 sys=0.00, real=0.00 secs] 
221.121: Total time for which application threads were stopped: 0.0023300 seconds, Stopping threads took: 0.0004850 seconds
221.161: Application time: 0.0404490 seconds
221.163: [GC [PSYoungGen: 47648K->6656K(48640K)] 124800K->84096K(160256K), 0.0022030 secs] [Times: user=0.01 sys=0.00, real=0.01 secs] 
221.165: Total time for which application threads were stopped: 0.0037980 seconds, Stopping threads took: 0.0015000 seconds
221.205: Application time: 0.0397280 seconds
221.208: [GC [PSYoungGen: 48640K->6656K(48640K)] 126080K->84488K(160256K), 0.0021070 secs] [Times: user=0.02 sys=0.00, real=0.00 secs] 
221.210: Total time for which application threads were stopped: 0.0054190 seconds, Stopping threads took: 0.0032280 seconds
221.249: Application time: 0.0387590 seconds
221.250: [GC [PSYoungGen: 48640K->6640K(48640K)] 126472K->85073K(160256K), 0.0022660 secs] [Times: user=0.02 sys=0.00, real=0.01 secs] 
221.253: Total time for which application threads were stopped: 0.0038220 seconds, Stopping threads took: 0.0014650 seconds
221.292: Application time: 0.0393840 seconds
221.294: [GC [PSYoungGen: 48624K->6656K(48640K)] 127057K->85933K(160256K), 0.0023130 secs] [Times: user=0.02 sys=0.00, real=0.00 secs] 
221.297: Total time for which application threads were stopped: 0.0043960 seconds, Stopping threads took: 0.0020000 seconds
221.337: Application time: 0.0403200 seconds
221.339: [GC [PSYoungGen: 48640K->5088K(48640K)] 127917K->84373K(160256K), 0.0016080 secs] [Times: user=0.01 sys=0.00, real=0.00 secs] 
221.340: Total time for which application threads were stopped: 0.0034290 seconds, Stopping threads took: 0.0017460 seconds
221.381: Application time: 0.0404100 seconds
221.382: [GC [PSYoungGen: 47072K->5312K(48640K)] 126357K->84605K(160256K), 0.0016330 secs] [Times: user=0.01 sys=0.00, real=0.01 secs] 
221.384: Total time for which application threads were stopped: 0.0032440 seconds, Stopping threads took: 0.0015350 seconds
221.424: Application time: 0.0399050 seconds
221.426: [GC [PSYoungGen: 47296K->6208K(48640K)] 126589K->85517K(160256K), 0.0019180 secs] [Times: user=0.01 sys=0.00, real=0.00 secs] 
221.428: Total time for which application threads were stopped: 0.0037160 seconds, Stopping threads took: 0.0017230 seconds
221.465: Application time: 0.0378410 seconds
221.467: [GC [PSYoungGen: 48192K->6656K(48640K)] 127501K->86757K(160256K), 0.0022410 secs] [Times: user=0.01 sys=0.00, real=0.00 secs] 
221.469: Total time for which application threads were stopped: 0.0038450 seconds, Stopping threads took: 0.0015270 seconds
221.508: Application time: 0.0383970 seconds
221.509: [GC [PSYoungGen: 48640K->4960K(48640K)] 128741K->85077K(160256K), 0.0016200 secs] [Times: user=0.01 sys=0.00, real=0.00 secs] 
221.511: Total time for which application threads were stopped: 0.0028420 seconds, Stopping threads took: 0.0011260 seconds
221.549: Application time: 0.0380720 seconds
221.552: [GC [PSYoungGen: 46944K->6656K(48640K)] 127061K->86893K(160256K), 0.0022070 secs] [Times: user=0.02 sys=0.00, real=0.00 secs] 
221.554: Total time for which application threads were stopped: 0.0052220 seconds, Stopping threads took: 0.0029140 seconds
221.593: Application time: 0.0388420 seconds
221.595: [GC [PSYoungGen: 48640K->5280K(48640K)] 128877K->85517K(160256K), 0.0017850 secs] [Times: user=0.01 sys=0.00, real=0.00 secs] 
221.597: Total time for which application threads were stopped: 0.0045770 seconds, Stopping threads took: 0.0027190 seconds
221.635: Application time: 0.0373770 seconds
221.636: [GC [PSYoungGen: 47264K->6656K(48640K)] 127501K->87797K(160256K), 0.0024690 secs] [Times: user=0.01 sys=0.00, real=0.00 secs] 
221.639: Total time for which application threads were stopped: 0.0042550 seconds, Stopping threads took: 0.0016980 seconds
221.676: Application time: 0.0372010 seconds
221.678: [GC [PSYoungGen: 48640K->6656K(48640K)] 129781K->88133K(160256K), 0.0024540 secs] [Times: user=0.02 sys=0.00, real=0.00 secs] 
221.680: Total time for which application threads were stopped: 0.0039090 seconds, Stopping threads took: 0.0013510 seconds
221.719: Application time: 0.0385310 seconds
221.720: [GC [PSYoungGen: 48640K->5984K(48640K)] 130117K->87461K(160256K), 0.0018790 secs] [Times: user=0.01 sys=0.00, real=0.00 secs] 
221.722: Total time for which application threads were stopped: 0.0035910 seconds, Stopping threads took: 0.0016320 seconds
221.757: Application time: 0.0351940 seconds
221.760: [GC [PSYoungGen: 47968K->6656K(48640K)] 129445K->88949K(160256K), 0.0022390 secs] [Times: user=0.02 sys=0.00, real=0.00 secs] 
221.762: Total time for which application threads were stopped: 0.0044910 seconds, Stopping threads took: 0.0021490 seconds
221.800: Application time: 0.0380640 seconds
221.803: [GC [PSYoungGen: 48640K->6640K(48640K)] 130933K->89045K(160256K), 0.0021470 secs] [Times: user=0.01 sys=0.00, real=0.01 secs] 
221.805: Total time for which application threads were stopped: 0.0053910 seconds, Stopping threads took: 0.0031640 seconds
221.843: Application time: 0.0378670 seconds
221.845: [GC [PSYoungGen: 48624K->6624K(48640K)] 131029K->89645K(160256K), 0.0022360 secs] [Times: user=0.01 sys=0.00, real=0.00 secs] 
221.847: Total time for which application threads were stopped: 0.0042290 seconds, Stopping threads took: 0.0018990 seconds
221.885: Application time: 0.0380040 seconds
221.887: [GC [PSYoungGen: 48608K->6656K(48640K)] 131629K->90669K(160256K), 0.0023070 secs] [Times: user=0.02 sys=0.00, real=0.00 secs] 
221.890: Total time for which application threads were stopped: 0.0041300 seconds, Stopping threads took: 0.0017410 seconds
221.928: Application time: 0.0379530 seconds
221.929: [GC [PSYoungGen: 48640K->6176K(48640K)] 132653K->90205K(160256K), 0.0018320 secs] [Times: user=0.01 sys=0.00, real=0.00 secs] 
221.931: Total time for which application threads were stopped: 0.0034800 seconds, Stopping threads took: 0.0015700 seconds
221.970: Application time: 0.0386430 seconds
221.971: [GC [PSYoungGen: 48160K->6528K(48640K)] 132189K->90557K(160256K), 0.0020190 secs] [Times: user=0.01 sys=0.00, real=0.01 secs] 
221.973: Total time for which application threads were stopped: 0.0034140 seconds, Stopping threads took: 0.0013120 seconds
222.011: Application time: 0.0379120 seconds
222.013: [GC [PSYoungGen: 48512K->6624K(48640K)] 132541K->90821K(160256K), 0.0020820 secs] [Times: user=0.02 sys=0.00, real=0.00 secs] 
222.015: Total time for which application threads were stopped: 0.0037420 seconds, Stopping threads took: 0.0015800 seconds
222.053: Application time: 0.0387660 seconds
222.055: [GC [PSYoungGen: 48608K->6640K(48640K)] 132805K->91569K(160256K), 0.0024820 secs] [Times: user=0.01 sys=0.00, real=0.00 secs] 
222.058: Total time for which application threads were stopped: 0.0045130 seconds, Stopping threads took: 0.0019530 seconds
222.096: Application time: 0.0376900 seconds
222.097: [GC [PSYoungGen: 48624K->5792K(48640K)] 133553K->90721K(160256K), 0.0018030 secs] [Times: user=0.01 sys=0.00, real=0.00 secs] 
222.099: Total time for which application threads were stopped: 0.0034330 seconds, Stopping threads took: 0.0015520 seconds
222.139: Application time: 0.0401020 seconds
222.140: [GC [PSYoungGen: 47776K->5440K(48640K)] 132705K->90369K(160256K), 0.0016810 secs] [Times: user=0.01 sys=0.00, real=0.00 secs] 
222.142: Total time for which application threads were stopped: 0.0028830 seconds, Stopping threads took: 0.0011290 seconds
222.181: Application time: 0.0390860 seconds
222.183: [GC [PSYoungGen: 47424K->6656K(48640K)] 132353K->92257K(160256K), 0.0021950 secs] [Times: user=0.02 sys=0.00, real=0.01 secs] 
222.185: Total time for which application threads were stopped: 0.0038970 seconds, Stopping threads took: 0.0016120 seconds
222.224: Application time: 0.0384790 seconds
222.225: [GC [PSYoungGen: 48640K->6160K(48640K)] 134241K->91761K(160256K), 0.0020930 secs] [Times: user=0.01 sys=0.00, real=0.00 secs] 
222.227: Total time for which application threads were stopped: 0.0035680 seconds, Stopping threads took: 0.0013860 seconds
222.266: Application time: 0.0391870 seconds
222.268: [GC [PSYoungGen: 48144K->6112K(48640K)] 133745K->91713K(160256K), 0.0018580 secs] [Times: user=0.01 sys=0.00, real=0.00 secs] 
222.270: Total time for which application threads were stopped: 0.0036620 seconds, Stopping threads took: 0.0017270 seconds
222.308: Application time: 0.0376670 seconds
222.309: [GC [PSYoungGen: 48096K->6624K(48640K)] 133697K->92993K(160256K), 0.0022250 secs] [Times: user=0.02 sys=0.00, real=0.01 secs] 
222.312: Total time for which application threads were stopped: 0.0038710 seconds, Stopping threads took: 0.0015610 seconds
222.349: Application time: 0.0376040 seconds
222.351: [GC [PSYoungGen: 48608K->6640K(48640K)] 134977K->93565K(160256K), 0.0022300 secs] [Times: user=0.01 sys=0.00, real=0.01 secs] 
222.353: Total time for which application threads were stopped: 0.0038350 seconds, Stopping threads took: 0.0015250 seconds
222.389: Application time: 0.0364010 seconds
222.391: [GC [PSYoungGen: 48624K->6000K(48640K)] 135549K->92941K(160256K), 0.0018170 secs] [Times: user=0.01 sys=0.00, real=0.01 secs] 
222.393: Total time for which application threads were stopped: 0.0033660 seconds, Stopping threads took: 0.0014720 seconds
222.430: Application time: 0.0369150 seconds
222.432: [GC [PSYoungGen: 47984K->6656K(48640K)] 134925K->95165K(160256K), 0.0024930 secs] [Times: user=0.01 sys=0.00, real=0.00 secs] 
222.434: Total time for which application threads were stopped: 0.0045590 seconds, Stopping threads took: 0.0019880 seconds
222.472: Application time: 0.0381620 seconds
222.475: [GC [PSYoungGen: 48640K->5632K(48640K)] 137149K->94141K(160256K), 0.0017870 secs] [Times: user=0.01 sys=0.00, real=0.00 secs] 
222.476: Total time for which application threads were stopped: 0.0040320 seconds, Stopping threads took: 0.0021700 seconds
222.515: Application time: 0.0387550 seconds
222.517: [GC [PSYoungGen: 47616K->6656K(48640K)] 136125K->96421K(160256K), 0.0023860 secs] [Times: user=0.02 sys=0.00, real=0.00 secs] 
222.519: Total time for which application threads were stopped: 0.0040920 seconds, Stopping threads took: 0.0016260 seconds
222.558: Application time: 0.0382720 seconds
222.559: [GC [PSYoungGen: 48640K->6336K(48640K)] 138405K->96101K(160256K), 0.0019030 secs] [Times: user=0.02 sys=0.00, real=0.00 secs] 
222.561: Total time for which application threads were stopped: 0.0031430 seconds, Stopping threads took: 0.0011630 seconds
222.598: Application time: 0.0373570 seconds
222.600: [GC [PSYoungGen: 48320K->6656K(48640K)] 138085K->97173K(160256K), 0.0022320 secs] [Times: user=0.01 sys=0.00, real=0.00 secs] 
222.602: Total time for which application threads were stopped: 0.0039650 seconds, Stopping threads took: 0.0016550 seconds
222.639: Application time: 0.0370960 seconds
222.641: [GC [PSYoungGen: 48640K->6656K(48640K)] 139157K->98173K(160256K), 0.0023240 secs] [Times: user=0.01 sys=0.00, real=0.01 secs] 
222.644: Total time for which application threads were stopped: 0.0044980 seconds, Stopping threads took: 0.0020920 seconds
222.681: Application time: 0.0373600 seconds
222.682: [GC [PSYoungGen: 48640K->6656K(48640K)] 140157K->98453K(160256K), 0.0020950 secs] [Times: user=0.02 sys=0.00, real=0.01 secs] 
222.684: Total time for which application threads were stopped: 0.0030910 seconds, Stopping threads took: 0.0009150 seconds
222.721: Application time: 0.0364830 seconds
222.723: [GC [PSYoungGen: 48640K->6656K(48640K)] 140437K->99101K(160256K), 0.0021420 secs] [Times: user=0.02 sys=0.00, real=0.01 secs] 
222.725: Total time for which application threads were stopped: 0.0044120 seconds, Stopping threads took: 0.0021820 seconds
222.763: Application time: 0.0376860 seconds
222.765: [GC [PSYoungGen: 48640K->6640K(48640K)] 141085K->100133K(160256K), 0.0022150 secs] [Times: user=0.01 sys=0.00, real=0.00 secs] 
222.767: Total time for which application threads were stopped: 0.0044060 seconds, Stopping threads took: 0.0021150 seconds
222.806: Application time: 0.0386600 seconds
222.807: [GC [PSYoungGen: 48624K->6640K(48640K)] 142117K->100373K(160256K), 0.0020960 secs] [Times: user=0.01 sys=0.00, real=0.00 secs] 
222.809: Total time for which application threads were stopped: 0.0037540 seconds, Stopping threads took: 0.0015770 seconds
222.848: Application time: 0.0380920 seconds
222.849: [GC [PSYoungGen: 48624K->4352K(48640K)] 142357K->98093K(160256K), 0.0014400 secs] [Times: user=0.01 sys=0.00, real=0.00 secs] 
222.850: Total time for which application threads were stopped: 0.0026000 seconds, Stopping threads took: 0.0010900 seconds
222.889: Application time: 0.0385480 seconds
222.890: [GC [PSYoungGen: 46336K->6624K(48640K)] 140077K->100885K(160256K), 0.0022540 secs] [Times: user=0.02 sys=0.00, real=0.01 secs] 
222.893: Total time for which application threads were stopped: 0.0039290 seconds, Stopping threads took: 0.0015920 seconds
222.931: Application time: 0.0382010 seconds
222.932: [GC [PSYoungGen: 48608K->6640K(48640K)] 142869K->102149K(160256K), 0.0023920 secs] [Times: user=0.01 sys=0.00, real=0.00 secs] 
222.935: Total time for which application threads were stopped: 0.0040200 seconds, Stopping threads took: 0.0015370 seconds
222.973: Application time: 0.0378580 seconds
222.974: [GC [PSYoungGen: 48624K->6640K(48640K)] 144133K->102557K(160256K), 0.0022260 secs] [Times: user=0.02 sys=0.00, real=0.00 secs] 
222.977: Total time for which application threads were stopped: 0.0038330 seconds, Stopping threads took: 0.0015250 seconds
223.014: Application time: 0.0370480 seconds
223.015: [GC [PSYoungGen: 48624K->6640K(48640K)] 144541K->103573K(160256K), 0.0024090 secs] [Times: user=0.01 sys=0.00, real=0.00 secs] 
223.018: Total time for which application threads were stopped: 0.0041790 seconds, Stopping threads took: 0.0016900 seconds
223.056: Application time: 0.0379160 seconds
223.058: [GC [PSYoungGen: 48624K->6640K(48640K)] 145557K->103957K(160256K), 0.0021830 secs] [Times: user=0.02 sys=0.00, real=0.00 secs] 
223.060: Total time for which application threads were stopped: 0.0041730 seconds, Stopping threads took: 0.0019120 seconds
223.098: Application time: 0.0377930 seconds
223.099: [GC [PSYoungGen: 48624K->6608K(48640K)] 145941K->103925K(160256K), 0.0019800 secs] [Times: user=0.01 sys=0.00, real=0.00 secs] 
223.101: Total time for which application threads were stopped: 0.0034940 seconds, Stopping threads took: 0.0014310 seconds
223.139: Application time: 0.0378120 seconds
223.142: [GC [PSYoungGen: 48592K->6496K(48640K)] 145909K->103813K(160256K), 0.0020560 secs] [Times: user=0.01 sys=0.00, real=0.01 secs] 
223.144: Total time for which application threads were stopped: 0.0046650 seconds, Stopping threads took: 0.0025260 seconds
223.180: Application time: 0.0363310 seconds
223.182: [GC [PSYoungGen: 48480K->6656K(48640K)] 145797K->104669K(160256K), 0.0022740 secs] [Times: user=0.01 sys=0.00, real=0.01 secs] 
223.184: Total time for which application threads were stopped: 0.0040260 seconds, Stopping threads took: 0.0016670 seconds
223.221: Application time: 0.0373240 seconds
223.223: [GC [PSYoungGen: 48640K->6640K(48640K)] 146653K->105709K(160256K), 0.0023430 secs] [Times: user=0.01 sys=0.01, real=0.01 secs] 
223.225: Total time for which application threads were stopped: 0.0040790 seconds, Stopping threads took: 0.0016410 seconds
223.264: Application time: 0.0386860 seconds
223.265: [GC [PSYoungGen: 48624K->6128K(48640K)] 147693K->105197K(160256K), 0.0019670 secs] [Times: user=0.02 sys=0.00, real=0.00 secs] 
223.267: Total time for which application threads were stopped: 0.0030100 seconds, Stopping threads took: 0.0009580 seconds
223.306: Application time: 0.0386370 seconds
223.307: [GC [PSYoungGen: 48112K->6640K(48640K)] 147181K->106573K(160256K), 0.0023750 secs] [Times: user=0.02 sys=0.00, real=0.00 secs] 
223.309: Total time for which application threads were stopped: 0.0035630 seconds, Stopping threads took: 0.0011040 seconds
223.347: Application time: 0.0381080 seconds
223.349: [GC [PSYoungGen: 48624K->6624K(48640K)] 148557K->107309K(160256K), 0.0022920 secs] [Times: user=0.01 sys=0.00, real=0.00 secs] 
223.351: Total time for which application threads were stopped: 0.0034690 seconds, Stopping threads took: 0.0010950 seconds
223.390: Application time: 0.0390590 seconds
223.392: [GC [PSYoungGen: 48608K->4560K(48640K)] 149293K->105253K(160256K), 0.0015450 secs] [Times: user=0.01 sys=0.00, real=0.00 secs] 
223.393: Total time for which application threads were stopped: 0.0032480 seconds, Stopping threads took: 0.0016280 seconds
223.431: Application time: 0.0379090 seconds
223.433: [GC [PSYoungGen: 46544K->5984K(48640K)] 147237K->106685K(160256K), 0.0018250 secs] [Times: user=0.01 sys=0.00, real=0.00 secs] 
223.435: Total time for which application threads were stopped: 0.0038380 seconds, Stopping threads took: 0.0019360 seconds
223.472: Application time: 0.0367510 seconds
223.474: [GC [PSYoungGen: 47968K->6640K(48640K)] 148669K->107477K(160256K), 0.0020580 secs] [Times: user=0.01 sys=0.00, real=0.00 secs] 
223.476: Total time for which application threads were stopped: 0.0042280 seconds, Stopping threads took: 0.0020920 seconds
223.513: Application time: 0.0370120 seconds
223.515: [GC [PSYoungGen: 48624K->6640K(48640K)] 149461K->108109K(160256K), 0.0022200 secs] [Times: user=0.02 sys=0.00, real=0.00 secs] 
223.517: Total time for which application threads were stopped: 0.0039570 seconds, Stopping threads took: 0.0016560 seconds
223.555: Application time: 0.0376960 seconds
223.556: [GC [PSYoungGen: 48624K->5792K(48640K)] 150093K->107261K(160256K), 0.0017760 secs] [Times: user=0.01 sys=0.00, real=0.00 secs] 
223.558: Total time for which application threads were stopped: 0.0034370 seconds, Stopping threads took: 0.0015830 seconds
223.596: Application time: 0.0380320 seconds
223.598: [GC [PSYoungGen: 47776K->6048K(48640K)] 149245K->107517K(160256K), 0.0018020 secs] [Times: user=0.01 sys=0.00, real=0.00 secs] 
223.599: Total time for which application threads were stopped: 0.0032970 seconds, Stopping threads took: 0.0014130 seconds
223.638: Application time: 0.0388350 seconds
223.639: [GC [PSYoungGen: 48032K->5824K(48640K)] 149501K->107293K(160256K), 0.0019070 secs] [Times: user=0.01 sys=0.00, real=0.00 secs] 
223.641: Total time for which application threads were stopped: 0.0031850 seconds, Stopping threads took: 0.0012010 seconds
223.680: Application time: 0.0382740 seconds
223.681: [GC [PSYoungGen: 47808K->6624K(48640K)] 149277K->108229K(160256K), 0.0021460 secs] [Times: user=0.01 sys=0.00, real=0.01 secs] 
223.683: Total time for which application threads were stopped: 0.0035020 seconds, Stopping threads took: 0.0012750 seconds
223.721: Application time: 0.0375990 seconds
223.723: [GC [PSYoungGen: 48608K->6640K(48640K)] 150213K->108837K(160256K), 0.0022470 secs] [Times: user=0.02 sys=0.00, real=0.01 secs] 
223.725: Total time for which application threads were stopped: 0.0040920 seconds, Stopping threads took: 0.0017640 seconds
223.762: Application time: 0.0367140 seconds
223.763: [GC [PSYoungGen: 48624K->6640K(48640K)] 150821K->109821K(160256K), 0.0023760 secs] [Times: user=0.01 sys=0.01, real=0.01 secs] 
223.766: Total time for which application threads were stopped: 0.0038940 seconds, Stopping threads took: 0.0014230 seconds
223.805: Application time: 0.0391550 seconds
223.807: [GC [PSYoungGen: 48624K->6096K(48640K)] 151805K->109277K(160256K), 0.0017830 secs] [Times: user=0.01 sys=0.00, real=0.00 secs] 
223.809: Total time for which application threads were stopped: 0.0039190 seconds, Stopping threads took: 0.0020610 seconds
223.847: Application time: 0.0383710 seconds
223.849: [GC [PSYoungGen: 48080K->4752K(48640K)] 151261K->107933K(160256K), 0.0015120 secs] [Times: user=0.01 sys=0.00, real=0.00 secs] 
223.850: Total time for which application threads were stopped: 0.0030840 seconds, Stopping threads took: 0.0015000 seconds
223.889: Application time: 0.0393140 seconds
223.891: [GC [PSYoungGen: 46736K->4672K(48640K)] 149917K->107861K(160256K), 0.0015120 secs] [Times: user=0.01 sys=0.00, real=0.01 secs] 
223.892: Total time for which application threads were stopped: 0.0029900 seconds, Stopping threads took: 0.0014000 seconds
223.931: Application time: 0.0385840 seconds
223.933: [GC [PSYoungGen: 46656K->6640K(48640K)] 149845K->110541K(160256K), 0.0024000 secs] [Times: user=0.02 sys=0.00, real=0.00 secs] 
223.935: Total time for which application threads were stopped: 0.0041290 seconds, Stopping threads took: 0.0016440 seconds
223.974: Application time: 0.0387380 seconds
223.975: [GC [PSYoungGen: 48624K->6624K(48640K)] 152525K->111189K(160256K), 0.0022540 secs] [Times: user=0.02 sys=0.00, real=0.00 secs] 
223.977: Total time for which application threads were stopped: 0.0032720 seconds, Stopping threads took: 0.0009360 seconds
224.016: Application time: 0.0385250 seconds
224.017: [GC [PSYoungGen: 48608K->6656K(48640K)] 153173K->111373K(160256K), 0.0022140 secs] [Times: user=0.01 sys=0.00, real=0.00 secs] 
224.019: Total time for which application threads were stopped: 0.0035240 seconds, Stopping threads took: 0.0012000 seconds
224.055: Application time: 0.0360670 seconds
224.057: [GC [PSYoungGen: 48640K->6656K(48640K)] 153357K->112926K(160256K), 0.0026210 secs] [Times: user=0.02 sys=0.00, real=0.00 secs] 
224.060: Total time for which application threads were stopped: 0.0043940 seconds, Stopping threads took: 0.0016780 seconds
224.098: Application time: 0.0383670 seconds
224.100: [GC [PSYoungGen: 48640K->6400K(48640K)] 154910K->112670K(160256K), 0.0021770 secs] [Times: user=0.02 sys=0.00, real=0.00 secs] 
224.102: Total time for which application threads were stopped: 0.0039720 seconds, Stopping threads took: 0.0017050 seconds
224.141: Application time: 0.0385870 seconds
224.142: [GC [PSYoungGen: 48384K->6432K(48640K)] 154654K->112702K(160256K), 0.0020380 secs] [Times: user=0.01 sys=0.00, real=0.01 secs] 
224.144: Total time for which application threads were stopped: 0.0036020 seconds, Stopping threads took: 0.0014870 seconds
224.182: Application time: 0.0381530 seconds
224.184: [GC [PSYoungGen: 48416K->4960K(48640K)] 154686K->111230K(160256K), 0.0017980 secs] [Times: user=0.01 sys=0.00, real=0.00 secs] 
224.185: Total time for which application threads were stopped: 0.0030540 seconds, Stopping threads took: 0.0011770 seconds
224.224: Application time: 0.0388880 seconds
224.226: [GC [PSYoungGen: 46942K->5920K(48640K)] 153212K->112190K(160256K), 0.0018640 secs] [Times: user=0.01 sys=0.00, real=0.00 secs] 
224.228: Total time for which application threads were stopped: 0.0037230 seconds, Stopping threads took: 0.0017810 seconds
224.266: Application time: 0.0376440 seconds
224.267: [GC [PSYoungGen: 47904K->6288K(48640K)] 154174K->112558K(160256K), 0.0020050 secs] [Times: user=0.02 sys=0.00, real=0.00 secs] 
224.269: Total time for which application threads were stopped: 0.0032460 seconds, Stopping threads took: 0.0011440 seconds
224.308: Application time: 0.0392660 seconds
224.309: [GC [PSYoungGen: 48272K->5536K(48640K)] 154542K->111806K(160256K), 0.0018330 secs] [Times: user=0.01 sys=0.00, real=0.00 secs] 
224.311: Total time for which application threads were stopped: 0.0029170 seconds, Stopping threads took: 0.0010100 seconds
224.348: Application time: 0.0373350 seconds
224.351: [GC [PSYoungGen: 47520K->6624K(48640K)] 153790K->112910K(160256K), 0.0022560 secs] [Times: user=0.01 sys=0.00, real=0.00 secs] 
224.354: Total time for which application threads were stopped: 0.0051650 seconds, Stopping threads took: 0.0028180 seconds
224.391: Application time: 0.0377480 seconds
224.392: [GC [PSYoungGen: 48608K->6640K(48640K)] 154894K->113214K(160256K), 0.0021700 secs] [Times: user=0.01 sys=0.00, real=0.00 secs] 
224.395: Total time for which application threads were stopped: 0.0033810 seconds, Stopping threads took: 0.0011330 seconds
224.432: Application time: 0.0372360 seconds
224.433: [GC [PSYoungGen: 48624K->6656K(48640K)] 155198K->114662K(160256K), 0.0024680 secs] [Times: user=0.02 sys=0.00, real=0.00 secs] 
224.436: Total time for which application threads were stopped: 0.0038400 seconds, Stopping threads took: 0.0012870 seconds
224.474: Application time: 0.0386590 seconds
224.476: [GC [PSYoungGen: 48640K->6640K(48640K)] 156646K->115466K(160256K), 0.0021440 secs] [Times: user=0.01 sys=0.00, real=0.00 secs] 
224.478: Total time for which application threads were stopped: 0.0035110 seconds, Stopping threads took: 0.0012890 seconds
224.516: Application time: 0.0382840 seconds
224.518: [GC [PSYoungGen: 48624K->6656K(48640K)] 157450K->115674K(160256K), 0.0021680 secs] [Times: user=0.01 sys=0.00, real=0.00 secs] 
224.520: Total time for which application threads were stopped: 0.0039210 seconds, Stopping threads took: 0.0016720 seconds
224.558: Application time: 0.0373950 seconds
224.560: [GC [PSYoungGen: 48640K->6640K(48640K)] 157658K->116346K(160256K), 0.0024000 secs] [Times: user=0.01 sys=0.00, real=0.00 secs] 
224.563: Total time for which application threads were stopped: 0.0052100 seconds, Stopping threads took: 0.0027060 seconds
224.600: Application time: 0.0371650 seconds
224.602: [GC [PSYoungGen: 48624K->6640K(48640K)] 158330K->117498K(160256K), 0.0024280 secs] [Times: user=0.02 sys=0.00, real=0.01 secs] 
224.605: [Full GC [PSYoungGen: 6640K->0K(48640K)] [ParOldGen: 110858K->10935K(111616K)] 117498K->10935K(160256K) [PSPermGen: 5182K->5182K(21504K)], 0.0064510 secs] [Times: user=0.03 sys=0.00, real=0.01 secs] 
224.611: Total time for which application threads were stopped: 0.0113580 seconds, Stopping threads took: 0.0023420 seconds
224.652: Application time: 0.0405120 seconds
224.653: [GC [PSYoungGen: 41984K->4960K(48640K)] 52919K->15895K(160256K), 0.0014580 secs] [Times: user=0.01 sys=0.00, real=0.00 secs] 
224.655: Total time for which application threads were stopped: 0.0030600 seconds, Stopping threads took: 0.0015320 seconds
224.695: Application time: 0.0397160 seconds
224.696: [GC [PSYoungGen: 46944K->4096K(48640K)] 57879K->15031K(160256K), 0.0012200 secs] [Times: user=0.01 sys=0.00, real=0.00 secs] 
224.697: Total time for which application threads were stopped: 0.0024810 seconds, Stopping threads took: 0.0012000 seconds
224.736: Application time: 0.0389650 seconds
224.737: [GC [PSYoungGen: 46080K->6496K(48640K)] 57015K->17431K(160256K), 0.0020730 secs] [Times: user=0.00 sys=0.01, real=0.00 secs] 
224.739: Total time for which application threads were stopped: 0.0034270 seconds, Stopping threads took: 0.0012710 seconds
224.777: Application time: 0.0374440 seconds
224.779: [GC [PSYoungGen: 48480K->6640K(48640K)] 59415K->17647K(160256K), 0.0019570 secs] [Times: user=0.01 sys=0.00, real=0.00 secs] 
224.781: Total time for which application threads were stopped: 0.0045460 seconds, Stopping threads took: 0.0024980 seconds
224.820: Application time: 0.0385380 seconds
224.821: [GC [PSYoungGen: 48624K->6640K(48640K)] 59631K->18119K(160256K), 0.0020490 secs] [Times: user=0.02 sys=0.00, real=0.01 secs] 
224.823: Total time for which application threads were stopped: 0.0034260 seconds, Stopping threads took: 0.0012940 seconds
224.860: Application time: 0.0370360 seconds
224.862: [GC [PSYoungGen: 48624K->6624K(48640K)] 60103K->18791K(160256K), 0.0021890 secs] [Times: user=0.01 sys=0.00, real=0.01 secs] 
224.864: Total time for which application threads were stopped: 0.0039240 seconds, Stopping threads took: 0.0016560 seconds
224.901: Application time: 0.0367470 seconds
224.903: [GC [PSYoungGen: 48608K->6640K(48640K)] 60775K->19239K(160256K), 0.0020800 secs] [Times: user=0.02 sys=0.00, real=0.01 secs] 
224.905: Total time for which application threads were stopped: 0.0035040 seconds, Stopping threads took: 0.0013420 seconds
224.941: Application time: 0.0368240 seconds
224.943: [GC [PSYoungGen: 48624K->6640K(48640K)] 61223K->20543K(160256K), 0.0022850 secs] [Times: user=0.01 sys=0.00, real=0.00 secs] 
224.946: Total time for which application threads were stopped: 0.0041710 seconds, Stopping threads took: 0.0018030 seconds
224.983: Application time: 0.0371030 seconds
224.985: [GC [PSYoungGen: 48624K->6624K(48640K)] 62527K->21143K(160256K), 0.0021560 secs] [Times: user=0.01 sys=0.00, real=0.00 secs] 
224.988: Total time for which application threads were stopped: 0.0047480 seconds, Stopping threads took: 0.0025130 seconds
225.024: Application time: 0.0368750 seconds
225.026: [GC [PSYoungGen: 48608K->6624K(48640K)] 63127K->22035K(160256K), 0.0022070 secs] [Times: user=0.02 sys=0.00, real=0.00 secs] 
225.028: Total time for which application threads were stopped: 0.0037110 seconds, Stopping threads took: 0.0014240 seconds
225.065: Application time: 0.0369050 seconds
225.067: [GC [PSYoungGen: 48608K->6624K(48640K)] 64019K->23211K(160256K), 0.0022990 secs] [Times: user=0.01 sys=0.00, real=0.00 secs] 
225.070: Total time for which application threads were stopped: 0.0047660 seconds, Stopping threads took: 0.0023870 seconds
225.107: Application time: 0.0376830 seconds
225.109: [GC [PSYoungGen: 48608K->6624K(48640K)] 65195K->23355K(160256K), 0.0019910 secs] [Times: user=0.01 sys=0.00, real=0.01 secs] 
225.111: Total time for which application threads were stopped: 0.0037790 seconds, Stopping threads took: 0.0017050 seconds
225.150: Application time: 0.0386250 seconds
225.151: [GC [PSYoungGen: 48608K->6176K(48640K)] 65339K->22907K(160256K), 0.0018420 secs] [Times: user=0.02 sys=0.00, real=0.01 secs] 
225.153: Total time for which application threads were stopped: 0.0029180 seconds, Stopping threads took: 0.0009900 seconds
225.190: Application time: 0.0376150 seconds
225.192: [GC [PSYoungGen: 48160K->6656K(48640K)] 64891K->23587K(160256K), 0.0020150 secs] [Times: user=0.01 sys=0.00, real=0.00 secs] 
225.194: Total time for which application threads were stopped: 0.0035570 seconds, Stopping threads took: 0.0014680 seconds
225.231: Application time: 0.0374260 seconds
225.233: [GC [PSYoungGen: 48640K->6656K(48640K)] 65571K->23787K(160256K), 0.0020760 secs] [Times: user=0.01 sys=0.00, real=0.00 secs] 
225.235: Total time for which application threads were stopped: 0.0034550 seconds, Stopping threads took: 0.0012990 seconds
225.272: Application time: 0.0373080 seconds
225.274: [GC [PSYoungGen: 48640K->6656K(48640K)] 65771K->24875K(160256K), 0.0023610 secs] [Times: user=0.01 sys=0.00, real=0.00 secs] 
225.276: Total time for which application threads were stopped: 0.0042100 seconds, Stopping threads took: 0.0017660 seconds
225.314: Application time: 0.0373150 seconds
225.315: [GC [PSYoungGen: 48640K->6656K(48640K)] 66859K->24987K(160256K), 0.0019550 secs] [Times: user=0.01 sys=0.00, real=0.00 secs] 
225.317: Total time for which application threads were stopped: 0.0036300 seconds, Stopping threads took: 0.0015970 seconds
225.354: Application time: 0.0368310 seconds
225.356: [GC [PSYoungGen: 48640K->6640K(48640K)] 66971K->25307K(160256K), 0.0020300 secs] [Times: user=0.02 sys=0.00, real=0.00 secs] 
225.359: Total time for which application threads were stopped: 0.0043970 seconds, Stopping threads took: 0.0022890 seconds
225.398: Application time: 0.0389970 seconds
225.399: [GC [PSYoungGen: 48624K->6048K(48640K)] 67291K->24723K(160256K), 0.0018630 secs] [Times: user=0.01 sys=0.00, real=0.00 secs] 
225.401: Total time for which application threads were stopped: 0.0036450 seconds, Stopping threads took: 0.0017050 seconds
225.441: Application time: 0.0400270 seconds
225.443: [GC [PSYoungGen: 48032K->6656K(48640K)] 66707K->25899K(160256K), 0.0022320 secs] [Times: user=0.01 sys=0.00, real=0.01 secs] 
225.445: Total time for which application threads were stopped: 0.0041350 seconds, Stopping threads took: 0.0018150 seconds
225.487: Application time: 0.0414090 seconds
225.488: [GC [PSYoungGen: 48640K->6624K(48640K)] 67883K->26779K(160256K), 0.0021840 secs] [Times: user=0.02 sys=0.00, real=0.00 secs] 
225.491: Total time for which application threads were stopped: 0.0037550 seconds, Stopping threads took: 0.0014860 seconds
225.531: Application time: 0.0402930 seconds
225.533: [GC [PSYoungGen: 48608K->6656K(48640K)] 68763K->28083K(160256K), 0.0022440 secs] [Times: user=0.01 sys=0.00, real=0.00 secs] 
225.535: Total time for which application threads were stopped: 0.0042570 seconds, Stopping threads took: 0.0019350 seconds
225.576: Application time: 0.0408460 seconds
225.577: [GC [PSYoungGen: 48640K->6256K(48640K)] 70067K->27691K(160256K), 0.0018740 secs] [Times: user=0.02 sys=0.00, real=0.00 secs] 
225.579: Total time for which application threads were stopped: 0.0030100 seconds, Stopping threads took: 0.0010590 seconds
225.619: Application time: 0.0404700 seconds
225.621: [GC [PSYoungGen: 48240K->6016K(48640K)] 69675K->27467K(160256K), 0.0017730 secs] [Times: user=0.01 sys=0.00, real=0.00 secs] 
225.623: Total time for which application threads were stopped: 0.0035550 seconds, Stopping threads took: 0.0017030 seconds
225.662: Application time: 0.0392050 seconds
225.664: [GC [PSYoungGen: 48000K->5808K(48640K)] 69451K->27259K(160256K), 0.0017140 secs] [Times: user=0.02 sys=0.00, real=0.00 secs] 
225.666: Total time for which application threads were stopped: 0.0034260 seconds, Stopping threads took: 0.0016340 seconds
225.705: Application time: 0.0392330 seconds
225.707: [GC [PSYoungGen: 47792K->6656K(48640K)] 69243K->28139K(160256K), 0.0020050 secs] [Times: user=0.01 sys=0.00, real=0.00 secs] 
225.709: Total time for which application threads were stopped: 0.0041360 seconds, Stopping threads took: 0.0020510 seconds
225.749: Application time: 0.0403600 seconds
225.752: [GC [PSYoungGen: 48640K->5712K(48640K)] 70123K->27195K(160256K), 0.0017330 secs] [Times: user=0.01 sys=0.00, real=0.00 secs] 
225.754: Total time for which application threads were stopped: 0.0041910 seconds, Stopping threads took: 0.0023790 seconds
225.791: Application time: 0.0369900 seconds
225.794: [GC [PSYoungGen: 47696K->6640K(48640K)] 69179K->29459K(160256K), 0.0025040 secs] [Times: user=0.01 sys=0.00, real=0.00 secs] 
225.796: Total time for which application threads were stopped: 0.0058320 seconds, Stopping threads took: 0.0032390 seconds
225.835: Application time: 0.0390400 seconds
225.837: [GC [PSYoungGen: 48624K->6656K(48640K)] 71443K->30164K(160256K), 0.0021420 secs] [Times: user=0.02 sys=0.00, real=0.00 secs] 
225.839: Total time for which application threads were stopped: 0.0038420 seconds, Stopping threads took: 0.0016060 seconds
225.879: Application time: 0.0392970 seconds
225.881: [GC [PSYoungGen: 48640K->6656K(48640K)] 72148K->30236K(160256K), 0.0020120 secs] [Times: user=0.01 sys=0.00, real=0.00 secs] 
225.883: Total time for which application threads were stopped: 0.0040830 seconds, Stopping threads took: 0.0019680 seconds
225.922: Application time: 0.0395110 seconds
225.924: [GC [PSYoungGen: 48640K->6656K(48640K)] 72220K->30900K(160256K), 0.0022830 secs] [Times: user=0.02 sys=0.00, real=0.00 secs] 
225.926: Total time for which application threads were stopped: 0.0042860 seconds, Stopping threads took: 0.0019180 seconds
225.966: Application time: 0.0390900 seconds
225.968: [GC [PSYoungGen: 48640K->6656K(48640K)] 72884K->31332K(160256K), 0.0022170 secs] [Times: user=0.01 sys=0.00, real=0.00 secs] 
225.970: Total time for which application threads were stopped: 0.0045620 seconds, Stopping threads took: 0.0022410 seconds
226.009: Application time: 0.0387020 seconds
226.011: [GC [PSYoungGen: 48640K->6640K(48640K)] 73316K->31756K(160256K), 0.0022480 secs] [Times: user=0.02 sys=0.00, real=0.01 secs] 
226.013: Total time for which application threads were stopped: 0.0042030 seconds, Stopping threads took: 0.0018760 seconds
226.053: Application time: 0.0400990 seconds
226.055: [GC [PSYoungGen: 48624K->6640K(48640K)] 73740K->32612K(160256K), 0.0024710 secs] [Times: user=0.01 sys=0.00, real=0.00 secs] 
226.057: Total time for which application threads were stopped: 0.0041660 seconds, Stopping threads took: 0.0015880 seconds
226.098: Application time: 0.0405470 seconds
226.099: [GC [PSYoungGen: 48624K->6656K(48640K)] 74596K->33644K(160256K), 0.0022850 secs] [Times: user=0.01 sys=0.00, real=0.00 secs] 
226.102: Total time for which application threads were stopped: 0.0038840 seconds, Stopping threads took: 0.0015150 seconds
226.143: Application time: 0.0413070 seconds
226.145: [GC [PSYoungGen: 48638K->6176K(48640K)] 75626K->33164K(160256K), 0.0018390 secs] [Times: user=0.01 sys=0.00, real=0.00 secs] 
226.147: Total time for which application threads were stopped: 0.0034970 seconds, Stopping threads took: 0.0015800 seconds
226.186: Application time: 0.0392050 seconds
226.188: [GC [PSYoungGen: 48160K->6656K(48640K)] 75148K->34444K(160256K), 0.0022210 secs] [Times: user=0.01 sys=0.00, real=0.00 secs] 
226.190: Total time for which application threads were stopped: 0.0043360 seconds, Stopping threads took: 0.0020300 seconds
226.231: Application time: 0.0407600 seconds
226.233: [GC [PSYoungGen: 48640K->6640K(48640K)] 76428K->34636K(160256K), 0.0022000 secs] [Times: user=0.01 sys=0.00, real=0.00 secs] 
226.235: Total time for which application threads were stopped: 0.0041930 seconds, Stopping threads took: 0.0019090 seconds
226.275: Application time: 0.0396610 seconds
226.276: [GC [PSYoungGen: 48624K->6304K(48640K)] 76620K->34300K(160256K), 0.0018240 secs] [Times: user=0.02 sys=0.00, real=0.00 secs] 
226.278: Total time for which application threads were stopped: 0.0032170 seconds, Stopping threads took: 0.0013190 seconds
226.318: Application time: 0.0397460 seconds
226.320: [GC [PSYoungGen: 48288K->6656K(48640K)] 76284K->35556K(160256K), 0.0022230 secs] [Times: user=0.01 sys=0.00, real=0.00 secs] 
226.323: Total time for which application threads were stopped: 0.0050080 seconds, Stopping threads took: 0.0026920 seconds
226.363: Application time: 0.0398940 seconds
226.366: [GC [PSYoungGen: 48640K->6336K(48640K)] 77540K->35236K(160256K), 0.0019110 secs] [Times: user=0.01 sys=0.00, real=0.00 secs] 
226.367: Total time for which application threads were stopped: 0.0049320 seconds, Stopping threads took: 0.0029330 seconds
226.407: Application time: 0.0399050 seconds
226.409: [GC [PSYoungGen: 48320K->6656K(48640K)] 77220K->35556K(160256K), 0.0019350 secs] [Times: user=0.02 sys=0.00, real=0.00 secs] 
226.411: Total time for which application threads were stopped: 0.0034280 seconds, Stopping threads took: 0.0014120 seconds
226.452: Application time: 0.0410050 seconds
226.453: [GC [PSYoungGen: 48640K->6032K(48640K)] 77540K->34932K(160256K), 0.0018200 secs] [Times: user=0.01 sys=0.00, real=0.00 secs] 
226.455: Total time for which application threads were stopped: 0.0032720 seconds, Stopping threads took: 0.0013700 seconds
226.496: Application time: 0.0409540 seconds
226.498: [GC [PSYoungGen: 48016K->6624K(48640K)] 76916K->36588K(160256K), 0.0023370 secs] [Times: user=0.01 sys=0.00, real=0.00 secs] 
226.500: Total time for which application threads were stopped: 0.0038440 seconds, Stopping threads took: 0.0014210 seconds
226.539: Application time: 0.0391200 seconds
226.541: [GC [PSYoungGen: 48608K->6656K(48640K)] 78572K->36980K(160256K), 0.0020260 secs] [Times: user=0.01 sys=0.01, real=0.01 secs] 
226.543: Total time for which application threads were stopped: 0.0043800 seconds, Stopping threads took: 0.0022680 seconds
226.583: Application time: 0.0394370 seconds
226.585: [GC [PSYoungGen: 48640K->6656K(48640K)] 78964K->37020K(160256K), 0.0020700 secs] [Times: user=0.01 sys=0.00, real=0.00 secs] 
226.587: Total time for which application threads were stopped: 0.0044630 seconds, Stopping threads took: 0.0023060 seconds
226.627: Application time: 0.0393740 seconds
226.630: [GC [PSYoungGen: 48640K->6624K(48640K)] 79004K->37860K(160256K), 0.0023120 secs] [Times: user=0.01 sys=0.00, real=0.01 secs] 
226.632: Total time for which application threads were stopped: 0.0054210 seconds, Stopping threads took: 0.0030040 seconds
226.671: Application time: 0.0391590 seconds
226.673: [GC [PSYoungGen: 48608K->6624K(48640K)] 79844K->39124K(160256K), 0.0025220 secs] [Times: user=0.01 sys=0.00, real=0.00 secs] 
226.676: Total time for which application threads were stopped: 0.0045960 seconds, Stopping threads took: 0.0019870 seconds
226.716: Application time: 0.0401790 seconds
226.719: [GC [PSYoungGen: 48608K->6624K(48640K)] 81108K->39932K(160256K), 0.0022380 secs] [Times: user=0.01 sys=0.00, real=0.00 secs] 
226.721: Total time for which application threads were stopped: 0.0047900 seconds, Stopping threads took: 0.0024670 seconds
226.760: Application time: 0.0393020 seconds
226.761: [GC [PSYoungGen: 48608K->6656K(48640K)] 81916K->41020K(160256K), 0.0023940 secs] [Times: user=0.01 sys=0.00, real=0.01 secs] 
226.764: Total time for which application threads were stopped: 0.0036050 seconds, Stopping threads took: 0.0011250 seconds
226.804: Application time: 0.0399480 seconds
226.805: [GC [PSYoungGen: 48640K->6224K(48640K)] 83004K->40588K(160256K), 0.0018410 secs] [Times: user=0.01 sys=0.00, real=0.00 secs] 
226.807: Total time for which application threads were stopped: 0.0031860 seconds, Stopping threads took: 0.0012720 seconds
226.847: Application time: 0.0404770 seconds
226.849: [GC [PSYoungGen: 48208K->6176K(48640K)] 82572K->40540K(160256K), 0.0018680 secs] [Times: user=0.01 sys=0.00, real=0.00 secs] 
226.851: Total time for which application threads were stopped: 0.0037300 seconds, Stopping threads took: 0.0017870 seconds
226.893: Application time: 0.0414550 seconds
226.895: [GC [PSYoungGen: 48160K->6656K(48640K)] 82524K->41276K(160256K), 0.0021030 secs] [Times: user=0.01 sys=0.00, real=0.00 secs] 
226.897: Total time for which application threads were stopped: 0.0041820 seconds, Stopping threads took: 0.0019890 seconds
226.937: Application time: 0.0398900 seconds
226.939: [GC [PSYoungGen: 48640K->6640K(48640K)] 83260K->41852K(160256K), 0.0022140 secs] [Times: user=0.02 sys=0.00, real=0.00 secs] 
226.942: Total time for which application threads were stopped: 0.0050000 seconds, Stopping threads took: 0.0027050 seconds
226.981: Application time: 0.0394190 seconds
226.983: [GC [PSYoungGen: 48624K->6640K(48640K)] 83836K->41908K(160256K), 0.0019630 secs] [Times: user=0.01 sys=0.00, real=0.01 secs] 
226.985: Total time for which application threads were stopped: 0.0038040 seconds, Stopping threads took: 0.0017580 seconds
227.025: Application time: 0.0398580 seconds
227.026: [GC [PSYoungGen: 48624K->6528K(48640K)] 83892K->41796K(160256K), 0.0019730 secs] [Times: user=0.02 sys=0.00, real=0.00 secs] 
227.028: Total time for which application threads were stopped: 0.0032130 seconds, Stopping threads took: 0.0011600 seconds
227.068: Application time: 0.0401200 seconds
227.069: [GC [PSYoungGen: 48512K->6496K(48640K)] 83780K->41780K(160256K), 0.0019160 secs] [Times: user=0.01 sys=0.00, real=0.01 secs] 
227.071: Total time for which application threads were stopped: 0.0033680 seconds, Stopping threads took: 0.0013710 seconds
227.111: Application time: 0.0395320 seconds
227.113: [GC [PSYoungGen: 48480K->6400K(48640K)] 83764K->41684K(160256K), 0.0018620 secs] [Times: user=0.01 sys=0.00, real=0.00 secs] 
227.115: Total time for which application threads were stopped: 0.0035970 seconds, Stopping threads took: 0.0016570 seconds
227.154: Application time: 0.0397800 seconds
227.156: [GC [PSYoungGen: 48384K->6384K(48640K)] 83668K->41684K(160256K), 0.0019070 secs] [Times: user=0.02 sys=0.00, real=0.00 secs] 
227.158: Total time for which application threads were stopped: 0.0032650 seconds, Stopping threads took: 0.0012770 seconds
227.197: Application time: 0.0398620 seconds
227.199: [GC [PSYoungGen: 48368K->6640K(48640K)] 83668K->42548K(160256K), 0.0024570 secs] [Times: user=0.01 sys=0.00, real=0.00 secs] 
227.202: Total time for which application threads were stopped: 0.0041150 seconds, Stopping threads took: 0.0015760 seconds
227.242: Application time: 0.0401690 seconds
227.244: [GC [PSYoungGen: 48624K->6640K(48640K)] 84532K->43448K(160256K), 0.0022740 secs] [Times: user=0.01 sys=0.00, real=0.00 secs] 
227.246: Total time for which application threads were stopped: 0.0044650 seconds, Stopping threads took: 0.0021100 seconds
227.287: Application time: 0.0403620 seconds
227.288: [GC [PSYoungGen: 48624K->6560K(48640K)] 85432K->43368K(160256K), 0.0019070 secs] [Times: user=0.01 sys=0.00, real=0.00 secs] 
227.290: Total time for which application threads were stopped: 0.0032650 seconds, Stopping threads took: 0.0012810 seconds
227.332: Application time: 0.0417810 seconds
227.333: [GC [PSYoungGen: 48544K->5632K(48640K)] 85352K->42440K(160256K), 0.0019670 secs] [Times: user=0.01 sys=0.00, real=0.00 secs] 
227.335: Total time for which application threads were stopped: 0.0029590 seconds, Stopping threads took: 0.0008890 seconds
227.376: Application time: 0.0412830 seconds
227.378: [GC [PSYoungGen: 47616K->6064K(48640K)] 84424K->42872K(160256K), 0.0020070 secs] [Times: user=0.02 sys=0.00, real=0.00 secs] 
227.380: Total time for which application threads were stopped: 0.0041110 seconds, Stopping threads took: 0.0019990 seconds
227.419: Application time: 0.0392420 seconds
227.421: [GC [PSYoungGen: 48048K->6624K(48640K)] 84856K->43688K(160256K), 0.0020410 secs] [Times: user=0.01 sys=0.00, real=0.01 secs] 
227.423: Total time for which application threads were stopped: 0.0040720 seconds, Stopping threads took: 0.0019380 seconds
227.463: Application time: 0.0398470 seconds
227.465: [GC [PSYoungGen: 48608K->6624K(48640K)] 85672K->44356K(160256K), 0.0022060 secs] [Times: user=0.01 sys=0.00, real=0.00 secs] 
227.468: Total time for which application threads were stopped: 0.0043870 seconds, Stopping threads took: 0.0020760 seconds
227.508: Application time: 0.0403180 seconds
227.510: [GC [PSYoungGen: 48608K->5760K(48640K)] 86340K->43492K(160256K), 0.0017680 secs] [Times: user=0.01 sys=0.01, real=0.01 secs] 
227.511: Total time for which application threads were stopped: 0.0035320 seconds, Stopping threads took: 0.0016750 seconds
227.552: Application time: 0.0408820 seconds
227.555: [GC [PSYoungGen: 47744K->5136K(48640K)] 85476K->42868K(160256K), 0.0015430 secs] [Times: user=0.01 sys=0.00, real=0.00 secs] 
227.557: Total time for which application threads were stopped: 0.0042380 seconds, Stopping threads took: 0.0026190 seconds
227.598: Application time: 0.0410540 seconds
227.599: [GC [PSYoungGen: 47120K->5232K(48640K)] 84852K->42972K(160256K), 0.0016520 secs] [Times: user=0.01 sys=0.00, real=0.00 secs] 
227.601: Total time for which application threads were stopped: 0.0033830 seconds, Stopping threads took: 0.0016550 seconds
227.641: Application time: 0.0404960 seconds
227.643: [GC [PSYoungGen: 47216K->5952K(48640K)] 84956K->43692K(160256K), 0.0018780 secs] [Times: user=0.01 sys=0.00, real=0.00 secs] 
227.645: Total time for which application threads were stopped: 0.0036780 seconds, Stopping threads took: 0.0017160 seconds
227.687: Application time: 0.0413730 seconds
227.688: [GC [PSYoungGen: 47936K->5392K(48640K)] 85676K->43140K(160256K), 0.0016690 secs] [Times: user=0.01 sys=0.00, real=0.00 secs] 
227.689: Total time for which application threads were stopped: 0.0028230 seconds, Stopping threads took: 0.0010750 seconds
227.731: Application time: 0.0420880 seconds
227.732: [GC [PSYoungGen: 47376K->6624K(48640K)] 85124K->44900K(160256K), 0.0021510 secs] [Times: user=0.01 sys=0.00, real=0.00 secs] 
227.735: Total time for which application threads were stopped: 0.0032010 seconds, Stopping threads took: 0.0009720 seconds
227.774: Application time: 0.0397730 seconds
227.776: [GC [PSYoungGen: 48608K->6656K(48640K)] 86884K->44964K(160256K), 0.0020480 secs] [Times: user=0.01 sys=0.00, real=0.00 secs] 
227.778: Total time for which application threads were stopped: 0.0040500 seconds, Stopping threads took: 0.0019210 seconds
227.817: Application time: 0.0386170 seconds
227.819: [GC [PSYoungGen: 48640K->6624K(48640K)] 86948K->45644K(160256K), 0.0022120 secs] [Times: user=0.01 sys=0.00, real=0.00 secs] 
227.821: Total time for which application threads were stopped: 0.0043940 seconds, Stopping threads took: 0.0020950 seconds
227.863: Application time: 0.0413880 seconds
227.865: [GC [PSYoungGen: 48608K->5952K(48640K)] 87628K->44972K(160256K), 0.0018310 secs] [Times: user=0.01 sys=0.00, real=0.00 secs] 
227.867: Total time for which application threads were stopped: 0.0036490 seconds, Stopping threads took: 0.0017400 seconds
227.907: Application time: 0.0409280 seconds
227.910: [GC [PSYoungGen: 47936K->5968K(48640K)] 86956K->44988K(160256K), 0.0017940 secs] [Times: user=0.00 sys=0.00, real=0.01 secs] 
227.911: Total time for which application threads were stopped: 0.0039170 seconds, Stopping threads took: 0.0020370 seconds
227.951: Application time: 0.0396410 seconds
227.953: [GC [PSYoungGen: 47952K->6640K(48640K)] 86972K->46320K(160256K), 0.0022600 secs] [Times: user=0.02 sys=0.00, real=0.00 secs] 
227.956: Total time for which application threads were stopped: 0.0045890 seconds, Stopping threads took: 0.0022410 seconds
227.996: Application time: 0.0403850 seconds
227.998: [GC [PSYoungGen: 48624K->6640K(48640K)] 88304K->47344K(160256K), 0.0023310 secs] [Times: user=0.01 sys=0.00, real=0.00 secs] 
228.000: Total time for which application threads were stopped: 0.0040650 seconds, Stopping threads took: 0.0016480 seconds
228.039: Application time: 0.0393330 seconds
228.041: [GC [PSYoungGen: 48624K->6640K(48640K)] 89328K->47704K(160256K), 0.0021440 secs] [Times: user=0.02 sys=0.00, real=0.01 secs] 
228.044: Total time for which application threads were stopped: 0.0041770 seconds, Stopping threads took: 0.0019470 seconds
228.085: Application time: 0.0413400 seconds
228.087: [GC [PSYoungGen: 48624K->6624K(48640K)] 89688K->48528K(160256K), 0.0024750 secs] [Times: user=0.02 sys=0.00, real=0.00 secs] 
228.089: Total time for which application threads were stopped: 0.0042450 seconds, Stopping threads took: 0.0016860 seconds
228.129: Application time: 0.0399780 seconds
228.132: [GC [PSYoungGen: 48608K->6528K(48640K)] 90512K->48440K(160256K), 0.0018900 secs] [Times: user=0.01 sys=0.00, real=0.00 secs] 
228.134: Total time for which application threads were stopped: 0.0048280 seconds, Stopping threads took: 0.0028480 seconds
228.173: Application time: 0.0389540 seconds
228.175: [GC [PSYoungGen: 48512K->6640K(48640K)] 90424K->49704K(160256K), 0.0025180 secs] [Times: user=0.01 sys=0.00, real=0.00 secs] 
228.177: Total time for which application threads were stopped: 0.0042860 seconds, Stopping threads took: 0.0016610 seconds
228.217: Application time: 0.0398410 seconds
228.220: [GC [PSYoungGen: 48624K->6656K(48640K)] 91688K->50956K(160256K), 0.0024770 secs] [Times: user=0.01 sys=0.00, real=0.00 secs] 
228.222: Total time for which application threads were stopped: 0.0049780 seconds, Stopping threads took: 0.0024190 seconds
228.263: Application time: 0.0404620 seconds
228.264: [GC [PSYoungGen: 48640K->6624K(48640K)] 92940K->52052K(160256K), 0.0025470 secs] [Times: user=0.01 sys=0.00, real=0.00 secs] 
228.267: Total time for which application threads were stopped: 0.0045260 seconds, Stopping threads took: 0.0018740 seconds
228.307: Application time: 0.0401300 seconds
228.310: [GC [PSYoungGen: 48608K->6640K(48640K)] 94036K->52332K(160256K), 0.0020720 secs] [Times: user=0.01 sys=0.00, real=0.01 secs] 
228.312: Total time for which application threads were stopped: 0.0046510 seconds, Stopping threads took: 0.0024980 seconds
228.353: Application time: 0.0410660 seconds
228.356: [GC [PSYoungGen: 48624K->4432K(48640K)] 94316K->50124K(160256K), 0.0014660 secs] [Times: user=0.01 sys=0.00, real=0.00 secs] 
228.357: Total time for which application threads were stopped: 0.0041780 seconds, Stopping threads took: 0.0026440 seconds
228.398: Application time: 0.0412270 seconds
228.400: [GC [PSYoungGen: 46416K->6256K(48640K)] 92108K->51948K(160256K), 0.0019080 secs] [Times: user=0.01 sys=0.00, real=0.00 secs] 
228.402: Total time for which application threads were stopped: 0.0033160 seconds, Stopping threads took: 0.0013320 seconds
228.441: Application time: 0.0392370 seconds
228.443: [GC [PSYoungGen: 48240K->6176K(48640K)] 93932K->51868K(160256K), 0.0018590 secs] [Times: user=0.01 sys=0.00, real=0.00 secs] 
228.445: Total time for which application threads were stopped: 0.0042680 seconds, Stopping threads took: 0.0023300 seconds
228.486: Application time: 0.0406200 seconds
228.487: [GC [PSYoungGen: 48160K->6624K(48640K)] 93852K->52316K(160256K), 0.0020620 secs] [Times: user=0.01 sys=0.00, real=0.00 secs] 
228.489: Total time for which application threads were stopped: 0.0036170 seconds, Stopping threads took: 0.0014700 seconds
228.529: Application time: 0.0392240 seconds
228.531: [GC [PSYoungGen: 48608K->6640K(48640K)] 94300K->52332K(160256K), 0.0019000 secs] [Times: user=0.01 sys=0.00, real=0.00 secs] 
228.533: Total time for which application threads were stopped: 0.0045460 seconds, Stopping threads took: 0.0025650 seconds
228.573: Application time: 0.0399220 seconds
228.574: [GC [PSYoungGen: 48624K->6608K(48640K)] 94316K->52300K(160256K), 0.0020320 secs] [Times: user=0.01 sys=0.00, real=0.00 secs] 
228.576: Total time for which application threads were stopped: 0.0030850 seconds, Stopping threads took: 0.0009710 seconds
228.616: Application time: 0.0402590 seconds
228.618: [GC [PSYoungGen: 48592K->6336K(48640K)] 94284K->52028K(160256K), 0.0019160 secs] [Times: user=0.01 sys=0.00, real=0.00 secs] 
228.620: Total time for which application threads were stopped: 0.0037170 seconds, Stopping threads took: 0.0017210 seconds
228.661: Application time: 0.0404600 seconds
228.663: [GC [PSYoungGen: 48320K->6624K(48640K)] 94012K->52348K(160256K), 0.0019860 secs] [Times: user=0.01 sys=0.00, real=0.01 secs] 
228.665: Total time for which application threads were stopped: 0.0045590 seconds, Stopping threads took: 0.0024910 seconds
228.706: Application time: 0.0406740 seconds
228.707: [GC [PSYoungGen: 48608K->6624K(48640K)] 94332K->52428K(160256K), 0.0020750 secs] [Times: user=0.02 sys=0.00, real=0.00 secs] 
228.709: Total time for which application threads were stopped: 0.0034540 seconds, Stopping threads took: 0.0012800 seconds
228.750: Application time: 0.0405390 seconds
228.752: [GC [PSYoungGen: 48608K->6640K(48640K)] 94412K->52652K(160256K), 0.0020000 secs] [Times: user=0.01 sys=0.00, real=0.00 secs] 
228.754: Total time for which application threads were stopped: 0.0038930 seconds, Stopping threads took: 0.0018110 seconds
228.792: Application time: 0.0387500 seconds
228.795: [GC [PSYoungGen: 48623K->6656K(48640K)] 94636K->54192K(160256K), 0.0025700 secs] [Times: user=0.02 sys=0.00, real=0.00 secs] 
228.798: Total time for which application threads were stopped: 0.0054810 seconds, Stopping threads took: 0.0028270 seconds
228.837: Application time: 0.0388090 seconds
228.838: [GC [PSYoungGen: 48640K->6656K(48640K)] 96176K->54224K(160256K), 0.0020100 secs] [Times: user=0.01 sys=0.00, real=0.00 secs] 
228.840: Total time for which application threads were stopped: 0.0037000 seconds, Stopping threads took: 0.0016060 seconds
228.881: Application time: 0.0407700 seconds
228.883: [GC [PSYoungGen: 48640K->6016K(48640K)] 96208K->53584K(160256K), 0.0017940 secs] [Times: user=0.01 sys=0.00, real=0.00 secs] 
228.885: Total time for which application threads were stopped: 0.0037480 seconds, Stopping threads took: 0.0018710 seconds
228.925: Application time: 0.0402600 seconds
228.927: [GC [PSYoungGen: 48000K->6640K(48640K)] 95568K->54832K(160256K), 0.0021470 secs] [Times: user=0.02 sys=0.00, real=0.00 secs] 
228.929: Total time for which application threads were stopped: 0.0040150 seconds, Stopping threads took: 0.0017870 seconds
228.969: Application time: 0.0400520 seconds
228.971: [GC [PSYoungGen: 48624K->6656K(48640K)] 96816K->55240K(160256K), 0.0022920 secs] [Times: user=0.02 sys=0.00, real=0.01 secs] 
228.973: Total time for which application threads were stopped: 0.0038700 seconds, Stopping threads took: 0.0014930 seconds
229.013: Application time: 0.0393580 seconds
229.015: [GC [PSYoungGen: 48640K->6640K(48640K)] 97224K->56480K(160256K), 0.0025000 secs] [Times: user=0.02 sys=0.00, real=0.00 secs] 
229.017: Total time for which application threads were stopped: 0.0047470 seconds, Stopping threads took: 0.0021240 seconds
229.057: Application time: 0.0401250 seconds
229.060: [GC [PSYoungGen: 48624K->6656K(48640K)] 98464K->57080K(160256K), 0.0023320 secs] [Times: user=0.01 sys=0.00, real=0.00 secs] 
229.062: Total time for which application threads were stopped: 0.0048540 seconds, Stopping threads took: 0.0024380 seconds
229.101: Application time: 0.0384300 seconds
229.103: [GC [PSYoungGen: 48640K->6640K(48640K)] 99064K->57672K(160256K), 0.0023860 secs] [Times: user=0.02 sys=0.00, real=0.01 secs] 
229.105: Total time for which application threads were stopped: 0.0043360 seconds, Stopping threads took: 0.0018630 seconds
229.142: Application time: 0.0373890 seconds
229.145: [GC [PSYoungGen: 48624K->6656K(48640K)] 99656K->59072K(160256K), 0.0024440 secs] [Times: user=0.01 sys=0.00, real=0.00 secs] 
229.148: Total time for which application threads were stopped: 0.0055330 seconds, Stopping threads took: 0.0030110 seconds
229.188: Application time: 0.0404290 seconds
229.191: [GC [PSYoungGen: 48640K->5872K(48640K)] 101056K->58288K(160256K), 0.0018100 secs] [Times: user=0.01 sys=0.00, real=0.01 secs] 
229.193: Total time for which application threads were stopped: 0.0041930 seconds, Stopping threads took: 0.0023010 seconds
229.234: Application time: 0.0410600 seconds
229.235: [GC [PSYoungGen: 47855K->6624K(48640K)] 100272K->59104K(160256K), 0.0019940 secs] [Times: user=0.02 sys=0.00, real=0.00 secs] 
229.237: Total time for which application threads were stopped: 0.0036230 seconds, Stopping threads took: 0.0015470 seconds
229.280: Application time: 0.0425860 seconds
229.282: [GC [PSYoungGen: 48608K->6656K(48640K)] 101088K->60489K(160256K), 0.0024680 secs] [Times: user=0.02 sys=0.00, real=0.01 secs] 
229.284: Total time for which application threads were stopped: 0.0042180 seconds, Stopping threads took: 0.0016650 seconds
229.325: Application time: 0.0410750 seconds
229.326: [GC [PSYoungGen: 48640K->6656K(48640K)] 102473K->60649K(160256K), 0.0021140 secs] [Times: user=0.01 sys=0.00, real=0.00 secs] 
229.329: Total time for which application threads were stopped: 0.0034180 seconds, Stopping threads took: 0.0012190 seconds
229.369: Application time: 0.0404330 seconds
229.371: [GC [PSYoungGen: 48640K->6656K(48640K)] 102633K->60793K(160256K), 0.0020620 secs] [Times: user=0.02 sys=0.00, real=0.01 secs] 
229.373: Total time for which application threads were stopped: 0.0041420 seconds, Stopping threads took: 0.0020010 seconds
229.414: Application time: 0.0404530 seconds
229.415: [GC [PSYoungGen: 48640K->6656K(48640K)] 102777K->60825K(160256K), 0.0020340 secs] [Times: user=0.02 sys=0.00, real=0.00 secs] 
229.417: Total time for which application threads were stopped: 0.0038550 seconds, Stopping threads took: 0.0017430 seconds
229.455: Application time: 0.0378020 seconds
229.457: [GC [PSYoungGen: 48640K->6656K(48640K)] 102809K->61129K(160256K), 0.0020860 secs] [Times: user=0.01 sys=0.00, real=0.00 secs] 
229.459: Total time for which application threads were stopped: 0.0039550 seconds, Stopping threads took: 0.0017930 seconds
229.496: Application time: 0.0370830 seconds
229.498: [GC [PSYoungGen: 48640K->6656K(48640K)] 103113K->61265K(160256K), 0.0020260 secs] [Times: user=0.01 sys=0.00, real=0.00 secs] 
229.500: Total time for which application threads were stopped: 0.0036570 seconds, Stopping threads took: 0.0015490 seconds
229.538: Application time: 0.0378120 seconds
229.539: [GC [PSYoungGen: 48640K->6656K(48640K)] 103249K->61849K(160256K), 0.0021250 secs] [Times: user=0.01 sys=0.00, real=0.00 secs] 
229.541: Total time for which application threads were stopped: 0.0035440 seconds, Stopping threads took: 0.0013170 seconds
229.579: Application time: 0.0375230 seconds
229.581: [GC [PSYoungGen: 48640K->6656K(48640K)] 103833K->62725K(160256K), 0.0022680 secs] [Times: user=0.01 sys=0.00, real=0.00 secs] 
229.583: Total time for which application threads were stopped: 0.0041760 seconds, Stopping threads took: 0.0018270 seconds
229.620: Application time: 0.0369770 seconds
229.622: [GC [PSYoungGen: 48640K->6656K(48640K)] 104709K->63397K(160256K), 0.0022170 secs] [Times: user=0.01 sys=0.00, real=0.01 secs] 
229.624: Total time for which application threads were stopped: 0.0042160 seconds, Stopping threads took: 0.0019190 seconds
229.661: Application time: 0.0370770 seconds
229.663: [GC [PSYoungGen: 48640K->6256K(48640K)] 105381K->62997K(160256K), 0.0018660 secs] [Times: user=0.02 sys=0.00, real=0.00 secs] 
229.665: Total time for which application threads were stopped: 0.0037420 seconds, Stopping threads took: 0.0017900 seconds
229.701: Application time: 0.0362680 seconds
229.703: [GC [PSYoungGen: 48240K->6656K(48640K)] 104981K->64269K(160256K), 0.0022710 secs] [Times: user=0.02 sys=0.00, real=0.00 secs] 
229.706: Total time for which application threads were stopped: 0.0044170 seconds, Stopping threads took: 0.0020620 seconds
229.744: Application time: 0.0378150 seconds
229.745: [GC [PSYoungGen: 48640K->5792K(48640K)] 106253K->63405K(160256K), 0.0017930 secs] [Times: user=0.01 sys=0.00, real=0.00 secs] 
229.747: Total time for which application threads were stopped: 0.0034380 seconds, Stopping threads took: 0.0015740 seconds
229.785: Application time: 0.0377350 seconds
229.786: [GC [PSYoungGen: 47776K->6640K(48640K)] 105389K->64533K(160256K), 0.0022470 secs] [Times: user=0.01 sys=0.00, real=0.00 secs] 
229.788: Total time for which application threads were stopped: 0.0035630 seconds, Stopping threads took: 0.0012350 seconds
229.826: Application time: 0.0380410 seconds
229.828: [GC [PSYoungGen: 48624K->6656K(48640K)] 106517K->65245K(160256K), 0.0022750 secs] [Times: user=0.02 sys=0.00, real=0.00 secs] 
229.830: Total time for which application threads were stopped: 0.0036000 seconds, Stopping threads took: 0.0012430 seconds
229.867: Application time: 0.0373810 seconds
229.869: [GC [PSYoungGen: 48640K->6656K(48640K)] 107229K->66189K(160256K), 0.0023760 secs] [Times: user=0.02 sys=0.00, real=0.01 secs] 
229.871: Total time for which application threads were stopped: 0.0041480 seconds, Stopping threads took: 0.0016670 seconds
229.910: Application time: 0.0383760 seconds
229.912: [GC [PSYoungGen: 48640K->6560K(48640K)] 108173K->66109K(160256K), 0.0019570 secs] [Times: user=0.01 sys=0.00, real=0.00 secs] 
229.914: Total time for which application threads were stopped: 0.0042750 seconds, Stopping threads took: 0.0022420 seconds
229.951: Application time: 0.0371040 seconds
229.953: [GC [PSYoungGen: 48544K->6576K(48640K)] 108093K->66125K(160256K), 0.0019290 secs] [Times: user=0.01 sys=0.00, real=0.00 secs] 
229.955: Total time for which application threads were stopped: 0.0039670 seconds, Stopping threads took: 0.0019620 seconds
229.993: Application time: 0.0377150 seconds
229.994: [GC [PSYoungGen: 48560K->6656K(48640K)] 108109K->66301K(160256K), 0.0020360 secs] [Times: user=0.02 sys=0.00, real=0.00 secs] 
229.996: Total time for which application threads were stopped: 0.0030260 seconds, Stopping threads took: 0.0009130 seconds
230.034: Application time: 0.0378380 seconds
230.037: [GC [PSYoungGen: 48640K->6656K(48640K)] 108285K->66869K(160256K), 0.0022640 secs] [Times: user=0.02 sys=0.00, real=0.00 secs] 
230.039: Total time for which application threads were stopped: 0.0052980 seconds, Stopping threads took: 0.0029540 seconds
230.077: Application time: 0.0379760 seconds
230.078: [GC [PSYoungGen: 48640K->5728K(48640K)] 108853K->65941K(160256K), 0.0016950 secs] [Times: user=0.01 sys=0.00, real=0.00 secs] 
230.080: Total time for which application threads were stopped: 0.0031050 seconds, Stopping threads took: 0.0013240 seconds
230.119: Application time: 0.0392440 seconds
230.120: [GC [PSYoungGen: 47712K->6608K(48640K)] 107925K->66821K(160256K), 0.0020300 secs] [Times: user=0.01 sys=0.00, real=0.00 secs] 
230.123: Total time for which application threads were stopped: 0.0030680 seconds, Stopping threads took: 0.0009570 seconds
230.160: Application time: 0.0376600 seconds
230.162: [GC [PSYoungGen: 48592K->6640K(48640K)] 108805K->67641K(160256K), 0.0022880 secs] [Times: user=0.02 sys=0.00, real=0.01 secs] 
230.164: Total time for which application threads were stopped: 0.0040320 seconds, Stopping threads took: 0.0016630 seconds
230.200: Application time: 0.0361140 seconds
230.202: [GC [PSYoungGen: 48624K->6656K(48640K)] 109625K->68881K(160256K), 0.0023310 secs] [Times: user=0.02 sys=0.00, real=0.01 secs] 
230.204: Total time for which application threads were stopped: 0.0040550 seconds, Stopping threads took: 0.0016380 seconds
230.243: Application time: 0.0383760 seconds
230.244: [GC [PSYoungGen: 48640K->5808K(48640K)] 110865K->68033K(160256K), 0.0017530 secs] [Times: user=0.01 sys=0.00, real=0.00 secs] 
230.246: Total time for which application threads were stopped: 0.0029750 seconds, Stopping threads took: 0.0011470 seconds
230.285: Application time: 0.0388610 seconds
230.286: [GC [PSYoungGen: 47792K->6640K(48640K)] 110017K->69009K(160256K), 0.0020300 secs] [Times: user=0.01 sys=0.00, real=0.00 secs] 
230.288: Total time for which application threads were stopped: 0.0038880 seconds, Stopping threads took: 0.0017790 seconds
230.327: Application time: 0.0387310 seconds
230.328: [GC [PSYoungGen: 48624K->6624K(48640K)] 110993K->69361K(160256K), 0.0021400 secs] [Times: user=0.01 sys=0.00, real=0.00 secs] 
230.330: Total time for which application threads were stopped: 0.0031090 seconds, Stopping threads took: 0.0008890 seconds
230.369: Application time: 0.0387490 seconds
230.371: [GC [PSYoungGen: 48608K->6624K(48640K)] 111345K->69513K(160256K), 0.0020220 secs] [Times: user=0.01 sys=0.00, real=0.01 secs] 
230.373: Total time for which application threads were stopped: 0.0037200 seconds, Stopping threads took: 0.0016190 seconds
230.410: Application time: 0.0369470 seconds
230.412: [GC [PSYoungGen: 48608K->6624K(48640K)] 111497K->70997K(160256K), 0.0024230 secs] [Times: user=0.02 sys=0.00, real=0.00 secs] 
230.415: Total time for which application threads were stopped: 0.0050630 seconds, Stopping threads took: 0.0025480 seconds
230.453: Application time: 0.0383870 seconds
230.455: [GC [PSYoungGen: 48608K->6560K(48640K)] 112981K->70933K(160256K), 0.0019590 secs] [Times: user=0.01 sys=0.00, real=0.00 secs] 
230.457: Total time for which application threads were stopped: 0.0036750 seconds, Stopping threads took: 0.0016360 seconds
230.496: Application time: 0.0391090 seconds
230.497: [GC [PSYoungGen: 48542K->6656K(48640K)] 112915K->71205K(160256K), 0.0020810 secs] [Times: user=0.01 sys=0.00, real=0.00 secs] 
230.499: Total time for which application threads were stopped: 0.0033370 seconds, Stopping threads took: 0.0011740 seconds
230.538: Application time: 0.0385640 seconds
230.539: [GC [PSYoungGen: 48640K->6640K(48640K)] 113189K->71245K(160256K), 0.0021250 secs] [Times: user=0.02 sys=0.00, real=0.00 secs] 
230.541: Total time for which application threads were stopped: 0.0031980 seconds, Stopping threads took: 0.0009950 seconds
230.579: Application time: 0.0375370 seconds
230.581: [GC [PSYoungGen: 48624K->5680K(48640K)] 113229K->70285K(160256K), 0.0017390 secs] [Times: user=0.01 sys=0.00, real=0.00 secs] 
230.582: Total time for which application threads were stopped: 0.0036670 seconds, Stopping threads took: 0.0018460 seconds
230.621: Application time: 0.0390870 seconds
230.623: [GC [PSYoungGen: 47664K->6640K(48640K)] 112269K->71509K(160256K), 0.0021610 secs] [Times: user=0.01 sys=0.00, real=0.01 secs] 
230.625: Total time for which application threads were stopped: 0.0038660 seconds, Stopping threads took: 0.0016250 seconds
230.663: Application time: 0.0379830 seconds
230.665: [GC [PSYoungGen: 48624K->6624K(48640K)] 113493K->71909K(160256K), 0.0021840 secs] [Times: user=0.02 sys=0.00, real=0.00 secs] 
230.667: Total time for which application threads were stopped: 0.0036330 seconds, Stopping threads took: 0.0013720 seconds
230.706: Application time: 0.0390440 seconds
230.707: [GC [PSYoungGen: 48608K->5472K(48640K)] 113893K->70757K(160256K), 0.0017110 secs] [Times: user=0.01 sys=0.00, real=0.00 secs] 
230.709: Total time for which application threads were stopped: 0.0026640 seconds, Stopping threads took: 0.0008790 seconds
230.745: Application time: 0.0367580 seconds
230.747: [GC [PSYoungGen: 47456K->6656K(48640K)] 112741K->72949K(160256K), 0.0023350 secs] [Times: user=0.01 sys=0.00, real=0.00 secs] 
230.750: Total time for which application threads were stopped: 0.0042770 seconds, Stopping threads took: 0.0018570 seconds
230.789: Application time: 0.0388770 seconds
230.790: [GC [PSYoungGen: 48640K->6640K(48640K)] 114933K->73133K(160256K), 0.0020380 secs] [Times: user=0.01 sys=0.00, real=0.01 secs] 
230.792: Total time for which application threads were stopped: 0.0038230 seconds, Stopping threads took: 0.0017030 seconds
230.831: Application time: 0.0384080 seconds
230.832: [GC [PSYoungGen: 48624K->6096K(48640K)] 115117K->72589K(160256K), 0.0018430 secs] [Times: user=0.01 sys=0.00, real=0.00 secs] 
230.834: Total time for which application threads were stopped: 0.0032690 seconds, Stopping threads took: 0.0013520 seconds
230.870: Application time: 0.0361420 seconds
230.872: [GC [PSYoungGen: 48080K->6640K(48640K)] 114573K->73973K(160256K), 0.0023070 secs] [Times: user=0.01 sys=0.00, real=0.00 secs] 
230.875: Total time for which application threads were stopped: 0.0046560 seconds, Stopping threads took: 0.0022700 seconds
230.913: Application time: 0.0378130 seconds
230.915: [GC [PSYoungGen: 48624K->6624K(48640K)] 115957K->74265K(160256K), 0.0020710 secs] [Times: user=0.01 sys=0.00, real=0.00 secs] 
230.917: Total time for which application threads were stopped: 0.0045910 seconds, Stopping threads took: 0.0024400 seconds
230.955: Application time: 0.0382040 seconds
230.957: [GC [PSYoungGen: 48608K->6624K(48640K)] 116249K->74989K(160256K), 0.0022110 secs] [Times: user=0.02 sys=0.00, real=0.00 secs] 
230.959: Total time for which application threads were stopped: 0.0034950 seconds, Stopping threads took: 0.0012000 seconds
230.997: Application time: 0.0379740 seconds
230.998: [GC [PSYoungGen: 48608K->6368K(48640K)] 116973K->74733K(160256K), 0.0018760 secs] [Times: user=0.01 sys=0.00, real=0.00 secs] 
231.000: Total time for which application threads were stopped: 0.0034370 seconds, Stopping threads took: 0.0014820 seconds
231.039: Application time: 0.0383190 seconds
231.040: [GC [PSYoungGen: 48352K->6624K(48640K)] 116717K->75005K(160256K), 0.0020640 secs] [Times: user=0.01 sys=0.00, real=0.00 secs] 
231.042: Total time for which application threads were stopped: 0.0033860 seconds, Stopping threads took: 0.0012410 seconds
231.081: Application time: 0.0391930 seconds
231.082: [GC [PSYoungGen: 48608K->6640K(48640K)] 116989K->75805K(160256K), 0.0022470 secs] [Times: user=0.01 sys=0.00, real=0.01 secs] 
231.084: Total time for which application threads were stopped: 0.0030470 seconds, Stopping threads took: 0.0007070 seconds
231.122: Application time: 0.0378920 seconds
231.123: [GC [PSYoungGen: 48624K->6624K(48640K)] 117789K->76501K(160256K), 0.0022050 secs] [Times: user=0.02 sys=0.00, real=0.01 secs] 
231.125: Total time for which application threads were stopped: 0.0027820 seconds, Stopping threads took: 0.0004940 seconds
231.161: Application time: 0.0364240 seconds
231.164: [GC [PSYoungGen: 48608K->6656K(48640K)] 118485K->77957K(160256K), 0.0024170 secs] [Times: user=0.02 sys=0.00, real=0.00 secs] 
231.167: Total time for which application threads were stopped: 0.0055570 seconds, Stopping threads took: 0.0030570 seconds
231.203: Application time: 0.0361420 seconds
231.205: [GC [PSYoungGen: 48640K->6656K(48640K)] 119941K->78645K(160256K), 0.0021890 secs] [Times: user=0.00 sys=0.01, real=0.00 secs] 
231.207: Total time for which application threads were stopped: 0.0040620 seconds, Stopping threads took: 0.0017880 seconds
231.244: Application time: 0.0368310 seconds
231.246: [GC [PSYoungGen: 48640K->6656K(48640K)] 120629K->78685K(160256K), 0.0020290 secs] [Times: user=0.01 sys=0.00, real=0.00 secs] 
231.248: Total time for which application threads were stopped: 0.0036360 seconds, Stopping threads took: 0.0015280 seconds
231.284: Application time: 0.0365800 seconds
231.286: [GC [PSYoungGen: 48640K->6656K(48640K)] 120669K->78853K(160256K), 0.0021230 secs] [Times: user=0.02 sys=0.00, real=0.00 secs] 
231.288: Total time for which application threads were stopped: 0.0037140 seconds, Stopping threads took: 0.0015100 seconds
231.324: Application time: 0.0365060 seconds
231.326: [GC [PSYoungGen: 48640K->6656K(48640K)] 120837K->80229K(160256K), 0.0023420 secs] [Times: user=0.02 sys=0.00, real=0.00 secs] 
231.329: Total time for which application threads were stopped: 0.0044010 seconds, Stopping threads took: 0.0019760 seconds
231.366: Application time: 0.0373410 seconds
231.368: [GC [PSYoungGen: 48640K->6656K(48640K)] 122213K->80805K(160256K), 0.0023070 secs] [Times: user=0.02 sys=0.00, real=0.00 secs] 
231.370: Total time for which application threads were stopped: 0.0041080 seconds, Stopping threads took: 0.0017210 seconds
231.407: Application time: 0.0366810 seconds
231.411: [GC [PSYoungGen: 48640K->6656K(48640K)] 122789K->80821K(160256K), 0.0019430 secs] [Times: user=0.01 sys=0.00, real=0.00 secs] 
231.413: Total time for which application threads were stopped: 0.0062100 seconds, Stopping threads took: 0.0041860 seconds
231.449: Application time: 0.0361140 seconds
231.451: [GC [PSYoungGen: 48640K->6640K(48640K)] 122805K->81101K(160256K), 0.0020910 secs] [Times: user=0.01 sys=0.00, real=0.00 secs] 
231.454: Total time for which application threads were stopped: 0.0042160 seconds, Stopping threads took: 0.0020440 seconds
231.490: Application time: 0.0366790 seconds
231.492: [GC [PSYoungGen: 48624K->6656K(48640K)] 123085K->81793K(160256K), 0.0022200 secs] [Times: user=0.02 sys=0.00, real=0.00 secs] 
231.494: Total time for which application threads were stopped: 0.0040680 seconds, Stopping threads took: 0.0017700 seconds
231.533: Application time: 0.0385510 seconds
231.535: [GC [PSYoungGen: 48640K->6656K(48640K)] 123777K->82893K(160256K), 0.0023690 secs] [Times: user=0.02 sys=0.00, real=0.00 secs] 
231.537: Total time for which application threads were stopped: 0.0043090 seconds, Stopping threads took: 0.0018450 seconds
231.575: Application time: 0.0374870 seconds
231.576: [GC [PSYoungGen: 48640K->6304K(48640K)] 124877K->82541K(160256K), 0.0019150 secs] [Times: user=0.01 sys=0.00, real=0.00 secs] 
231.578: Total time for which application threads were stopped: 0.0030730 seconds, Stopping threads took: 0.0010840 seconds
231.614: Application time: 0.0366040 seconds
231.617: [GC [PSYoungGen: 48288K->6640K(48640K)] 124525K->83985K(160256K), 0.0023030 secs] [Times: user=0.01 sys=0.00, real=0.00 secs] 
231.619: Total time for which application threads were stopped: 0.0045480 seconds, Stopping threads took: 0.0021540 seconds
231.656: Application time: 0.0369500 seconds
231.657: [GC [PSYoungGen: 48624K->6656K(48640K)] 125969K->84689K(160256K), 0.0024090 secs] [Times: user=0.02 sys=0.00, real=0.00 secs] 
231.660: Total time for which application threads were stopped: 0.0038240 seconds, Stopping threads took: 0.0013330 seconds
231.697: Application time: 0.0370540 seconds
231.699: [GC [PSYoungGen: 48640K->6640K(48640K)] 126673K->84857K(160256K), 0.0021830 secs] [Times: user=0.01 sys=0.00, real=0.00 secs] 
231.702: Total time for which application threads were stopped: 0.0048770 seconds, Stopping threads took: 0.0026120 seconds
231.739: Application time: 0.0378070 seconds
231.741: [GC [PSYoungGen: 48624K->6336K(48640K)] 126841K->84553K(160256K), 0.0019270 secs] [Times: user=0.01 sys=0.00, real=0.00 secs] 
231.743: Total time for which application threads were stopped: 0.0036310 seconds, Stopping threads took: 0.0016310 seconds
231.781: Application time: 0.0380530 seconds
231.783: [GC [PSYoungGen: 48319K->6656K(48640K)] 126537K->85281K(160256K), 0.0021540 secs] [Times: user=0.01 sys=0.00, real=0.01 secs] 
231.785: Total time for which application threads were stopped: 0.0040770 seconds, Stopping threads took: 0.0018390 seconds
231.823: Application time: 0.0380300 seconds
231.825: [GC [PSYoungGen: 48640K->6336K(48640K)] 127265K->84961K(160256K), 0.0019530 secs] [Times: user=0.01 sys=0.00, real=0.00 secs] 
231.827: Total time for which application threads were stopped: 0.0035500 seconds, Stopping threads took: 0.0015210 seconds
231.864: Application time: 0.0371140 seconds
231.866: [GC [PSYoungGen: 48320K->6656K(48640K)] 126945K->86706K(160256K), 0.0024650 secs] [Times: user=0.02 sys=0.00, real=0.00 secs] 
231.868: Total time for which application threads were stopped: 0.0042850 seconds, Stopping threads took: 0.0017360 seconds
231.906: Application time: 0.0383130 seconds
231.908: [GC [PSYoungGen: 48640K->6656K(48640K)] 128690K->86858K(160256K), 0.0020730 secs] [Times: user=0.01 sys=0.00, real=0.00 secs] 
231.910: Total time for which application threads were stopped: 0.0033300 seconds, Stopping threads took: 0.0011820 seconds
231.948: Application time: 0.0382490 seconds
231.949: [GC [PSYoungGen: 48640K->5376K(48640K)] 128842K->85594K(160256K), 0.0016430 secs] [Times: user=0.01 sys=0.00, real=0.00 secs] 
231.951: Total time for which application threads were stopped: 0.0031050 seconds, Stopping threads took: 0.0013780 seconds
231.989: Application time: 0.0377000 seconds
231.990: [GC [PSYoungGen: 47360K->5888K(48640K)] 127578K->86106K(160256K), 0.0018460 secs] [Times: user=0.01 sys=0.00, real=0.01 secs] 
231.992: Total time for which application threads were stopped: 0.0034610 seconds, Stopping threads took: 0.0015430 seconds
232.031: Application time: 0.0387740 seconds
232.032: [GC [PSYoungGen: 47872K->6208K(48640K)] 128090K->86426K(160256K), 0.0019710 secs] [Times: user=0.01 sys=0.00, real=0.00 secs] 
232.034: Total time for which application threads were stopped: 0.0032940 seconds, Stopping threads took: 0.0012480 seconds
232.071: Application time: 0.0369000 seconds
232.073: [GC [PSYoungGen: 48192K->6656K(48640K)] 128410K->88146K(160256K), 0.0024150 secs] [Times: user=0.02 sys=0.00, real=0.00 secs] 
232.075: Total time for which application threads were stopped: 0.0040220 seconds, Stopping threads took: 0.0015250 seconds
232.113: Application time: 0.0374700 seconds
232.115: [GC [PSYoungGen: 48640K->6656K(48640K)] 130130K->88786K(160256K), 0.0022450 secs] [Times: user=0.01 sys=0.00, real=0.00 secs] 
232.117: Total time for which application threads were stopped: 0.0040990 seconds, Stopping threads took: 0.0017690 seconds
232.154: Application time: 0.0370510 seconds
232.155: [GC [PSYoungGen: 48640K->6656K(48640K)] 130770K->88818K(160256K), 0.0020300 secs] [Times: user=0.02 sys=0.00, real=0.00 secs] 
232.157: Total time for which application threads were stopped: 0.0034820 seconds, Stopping threads took: 0.0013560 seconds
232.194: Application time: 0.0366030 seconds
232.196: [GC [PSYoungGen: 48640K->6656K(48640K)] 130802K->89138K(160256K), 0.0021380 secs] [Times: user=0.02 sys=0.00, real=0.00 secs] 
232.198: Total time for which application threads were stopped: 0.0037460 seconds, Stopping threads took: 0.0015260 seconds
232.236: Application time: 0.0379730 seconds
232.238: [GC [PSYoungGen: 48640K->6400K(48640K)] 131122K->88882K(160256K), 0.0019880 secs] [Times: user=0.02 sys=0.00, real=0.00 secs] 
232.240: Total time for which application threads were stopped: 0.0043590 seconds, Stopping threads took: 0.0022940 seconds
232.279: Application time: 0.0385780 seconds
232.280: [GC [PSYoungGen: 48384K->6656K(48640K)] 130866K->89578K(160256K), 0.0022350 secs] [Times: user=0.01 sys=0.00, real=0.00 secs] 
232.282: Total time for which application threads were stopped: 0.0034940 seconds, Stopping threads took: 0.0011840 seconds
232.320: Application time: 0.0380940 seconds
232.322: [GC [PSYoungGen: 48640K->6656K(48640K)] 131562K->90694K(160256K), 0.0023410 secs] [Times: user=0.01 sys=0.00, real=0.01 secs] 
232.324: Total time for which application threads were stopped: 0.0039660 seconds, Stopping threads took: 0.0015430 seconds
232.362: Application time: 0.0379480 seconds
232.363: [GC [PSYoungGen: 48640K->6624K(48640K)] 132678K->90926K(160256K), 0.0021230 secs] [Times: user=0.01 sys=0.00, real=0.00 secs] 
232.366: Total time for which application threads were stopped: 0.0034470 seconds, Stopping threads took: 0.0012430 seconds
232.403: Application time: 0.0371780 seconds
232.404: [GC [PSYoungGen: 48608K->6656K(48640K)] 132910K->91446K(160256K), 0.0021770 secs] [Times: user=0.01 sys=0.00, real=0.00 secs] 
232.407: Total time for which application threads were stopped: 0.0038470 seconds, Stopping threads took: 0.0015900 seconds
232.445: Application time: 0.0382800 seconds
232.446: [GC [PSYoungGen: 48640K->6656K(48640K)] 133430K->92150K(160256K), 0.0022100 secs] [Times: user=0.01 sys=0.00, real=0.00 secs] 
232.449: Total time for which application threads were stopped: 0.0036410 seconds, Stopping threads took: 0.0013520 seconds
232.487: Application time: 0.0381760 seconds
232.488: [GC [PSYoungGen: 48640K->6656K(48640K)] 134134K->92598K(160256K), 0.0022480 secs] [Times: user=0.02 sys=0.00, real=0.00 secs] 
232.491: Total time for which application threads were stopped: 0.0038570 seconds, Stopping threads took: 0.0015310 seconds
232.528: Application time: 0.0375610 seconds
232.530: [GC [PSYoungGen: 48640K->6640K(48640K)] 134582K->93782K(160256K), 0.0023290 secs] [Times: user=0.01 sys=0.00, real=0.01 secs] 
232.533: Total time for which application threads were stopped: 0.0044930 seconds, Stopping threads took: 0.0020800 seconds
232.570: Application time: 0.0377350 seconds
232.572: [GC [PSYoungGen: 48624K->5648K(48640K)] 135766K->92790K(160256K), 0.0018440 secs] [Times: user=0.01 sys=0.00, real=0.00 secs] 
232.573: Total time for which application threads were stopped: 0.0030530 seconds, Stopping threads took: 0.0011340 seconds
232.613: Application time: 0.0390910 seconds
232.614: [GC [PSYoungGen: 47632K->6048K(48640K)] 134774K->93190K(160256K), 0.0018500 secs] [Times: user=0.01 sys=0.00, real=0.00 secs] 
232.616: Total time for which application threads were stopped: 0.0029770 seconds, Stopping threads took: 0.0010530 seconds
232.653: Application time: 0.0372870 seconds
232.654: [GC [PSYoungGen: 48032K->6656K(48640K)] 135174K->93838K(160256K), 0.0020060 secs] [Times: user=0.02 sys=0.00, real=0.00 secs] 
232.656: Total time for which application threads were stopped: 0.0035010 seconds, Stopping threads took: 0.0014060 seconds
232.694: Application time: 0.0377280 seconds
232.695: [GC [PSYoungGen: 48640K->6656K(48640K)] 135822K->94142K(160256K), 0.0021580 secs] [Times: user=0.01 sys=0.00, real=0.00 secs] 
232.697: Total time for which application threads were stopped: 0.0029880 seconds, Stopping threads took: 0.0007400 seconds
232.735: Application time: 0.0378320 seconds
232.736: [GC [PSYoungGen: 48640K->6640K(48640K)] 136126K->94206K(160256K), 0.0020510 secs] [Times: user=0.01 sys=0.00, real=0.00 secs] 
232.738: Total time for which application threads were stopped: 0.0028640 seconds, Stopping threads took: 0.0007370 seconds
232.775: Application time: 0.0369010 seconds
232.776: [GC [PSYoungGen: 48624K->6656K(48640K)] 136190K->95118K(160256K), 0.0022700 secs] [Times: user=0.02 sys=0.00, real=0.00 secs] 
232.778: Total time for which application threads were stopped: 0.0038240 seconds, Stopping threads took: 0.0014710 seconds
232.817: Application time: 0.0383990 seconds
232.820: [GC [PSYoungGen: 48640K->6656K(48640K)] 137102K->95606K(160256K), 0.0021440 secs] [Times: user=0.01 sys=0.00, real=0.00 secs] 
232.822: Total time for which application threads were stopped: 0.0049560 seconds, Stopping threads took: 0.0027310 seconds
232.860: Application time: 0.0380810 seconds
232.862: [GC [PSYoungGen: 48640K->6656K(48640K)] 137590K->95638K(160256K), 0.0024350 secs] [Times: user=0.01 sys=0.00, real=0.01 secs] 
232.864: Total time for which application threads were stopped: 0.0042500 seconds, Stopping threads took: 0.0017350 seconds
232.902: Application time: 0.0381870 seconds
232.904: [GC [PSYoungGen: 48640K->6288K(48640K)] 137622K->95270K(160256K), 0.0020150 secs] [Times: user=0.01 sys=0.00, real=0.00 secs] 
232.906: Total time for which application threads were stopped: 0.0035790 seconds, Stopping threads took: 0.0014840 seconds
232.944: Application time: 0.0378610 seconds
232.945: [GC [PSYoungGen: 48272K->6656K(48640K)] 137254K->96222K(160256K), 0.0022740 secs] [Times: user=0.02 sys=0.00, real=0.00 secs] 
232.948: Total time for which application threads were stopped: 0.0039980 seconds, Stopping threads took: 0.0016420 seconds
232.986: Application time: 0.0378300 seconds
232.987: [GC [PSYoungGen: 48640K->6208K(48640K)] 138206K->95790K(160256K), 0.0018550 secs] [Times: user=0.02 sys=0.00, real=0.00 secs] 
232.989: Total time for which application threads were stopped: 0.0030120 seconds, Stopping threads took: 0.0010790 seconds
233.026: Application time: 0.0377620 seconds
233.028: [GC [PSYoungGen: 48192K->6656K(48640K)] 137774K->96486K(160256K), 0.0024520 secs] [Times: user=0.02 sys=0.00, real=0.00 secs] 
233.031: Total time for which application threads were stopped: 0.0042730 seconds, Stopping threads took: 0.0017180 seconds
233.068: Application time: 0.0369630 seconds
233.069: [GC [PSYoungGen: 48640K->6656K(48640K)] 138470K->97662K(160256K), 0.0024540 secs] [Times: user=0.01 sys=0.00, real=0.01 secs] 
233.072: Total time for which application threads were stopped: 0.0040800 seconds, Stopping threads took: 0.0015340 seconds
233.109: Application time: 0.0376450 seconds
233.111: [GC [PSYoungGen: 48640K->6608K(48640K)] 139646K->97614K(160256K), 0.0020910 secs] [Times: user=0.02 sys=0.00, real=0.00 secs] 
233.114: Total time for which application threads were stopped: 0.0041500 seconds, Stopping threads took: 0.0019800 seconds
233.151: Application time: 0.0376660 seconds
233.152: [GC [PSYoungGen: 48592K->6528K(48640K)] 139598K->97534K(160256K), 0.0019320 secs] [Times: user=0.02 sys=0.00, real=0.00 secs] 
233.154: Total time for which application threads were stopped: 0.0031470 seconds, Stopping threads took: 0.0011380 seconds
233.192: Application time: 0.0377040 seconds
233.194: [GC [PSYoungGen: 48512K->6640K(48640K)] 139518K->97822K(160256K), 0.0020620 secs] [Times: user=0.01 sys=0.00, real=0.00 secs] 
233.196: Total time for which application threads were stopped: 0.0036010 seconds, Stopping threads took: 0.0014580 seconds
233.234: Application time: 0.0383030 seconds
233.237: [GC [PSYoungGen: 48619K->6624K(48640K)] 139802K->98434K(160256K), 0.0023000 secs] [Times: user=0.01 sys=0.00, real=0.00 secs] 
233.239: Total time for which application threads were stopped: 0.0052660 seconds, Stopping threads took: 0.0028770 seconds
233.276: Application time: 0.0369960 seconds
233.278: [GC [PSYoungGen: 48608K->6624K(48640K)] 140418K->99378K(160256K), 0.0024310 secs] [Times: user=0.01 sys=0.00, real=0.00 secs] 
233.281: Total time for which application threads were stopped: 0.0046960 seconds, Stopping threads took: 0.0021670 seconds
233.319: Application time: 0.0383390 seconds
233.321: [GC [PSYoungGen: 48607K->5952K(48640K)] 141361K->98706K(160256K), 0.0018080 secs] [Times: user=0.01 sys=0.00, real=0.00 secs] 
233.322: Total time for which application threads were stopped: 0.0032110 seconds, Stopping threads took: 0.0013250 seconds
233.360: Application time: 0.0373090 seconds
233.362: [GC [PSYoungGen: 47936K->6624K(48640K)] 140690K->100642K(160256K), 0.0023700 secs] [Times: user=0.01 sys=0.00, real=0.01 secs] 
233.365: Total time for which application threads were stopped: 0.0047750 seconds, Stopping threads took: 0.0023220 seconds
233.402: Application time: 0.0371690 seconds
233.404: [GC [PSYoungGen: 48608K->6640K(48640K)] 142626K->101158K(160256K), 0.0022390 secs] [Times: user=0.01 sys=0.00, real=0.00 secs] 
233.406: Total time for which application threads were stopped: 0.0041280 seconds, Stopping threads took: 0.0018080 seconds
233.444: Application time: 0.0385660 seconds
233.446: [GC [PSYoungGen: 48624K->6544K(48640K)] 143142K->101070K(160256K), 0.0019950 secs] [Times: user=0.02 sys=0.00, real=0.00 secs] 
233.448: Total time for which application threads were stopped: 0.0034460 seconds, Stopping threads took: 0.0013690 seconds
233.488: Application time: 0.0399560 seconds
233.490: [GC [PSYoungGen: 48528K->6656K(48640K)] 143054K->101342K(160256K), 0.0022280 secs] [Times: user=0.02 sys=0.00, real=0.01 secs] 
233.492: Total time for which application threads were stopped: 0.0041560 seconds, Stopping threads took: 0.0018460 seconds
233.533: Application time: 0.0410770 seconds
233.535: [GC [PSYoungGen: 48640K->6080K(48640K)] 143326K->100782K(160256K), 0.0018430 secs] [Times: user=0.01 sys=0.00, real=0.00 secs] 
233.537: Total time for which application threads were stopped: 0.0034630 seconds, Stopping threads took: 0.0015380 seconds
233.577: Application time: 0.0405370 seconds
233.579: [GC [PSYoungGen: 48064K->6656K(48640K)] 142766K->102166K(160256K), 0.0022620 secs] [Times: user=0.01 sys=0.00, real=0.00 secs] 
233.581: Total time for which application threads were stopped: 0.0039520 seconds, Stopping threads took: 0.0016080 seconds
233.621: Application time: 0.0398820 seconds
233.622: [GC [PSYoungGen: 48640K->6640K(48640K)] 144150K->103014K(160256K), 0.0023180 secs] [Times: user=0.01 sys=0.00, real=0.01 secs] 
233.625: Total time for which application threads were stopped: 0.0036030 seconds, Stopping threads took: 0.0012010 seconds
233.665: Application time: 0.0402120 seconds
233.667: [GC [PSYoungGen: 48624K->6656K(48640K)] 144998K->104222K(160256K), 0.0024450 secs] [Times: user=0.01 sys=0.00, real=0.00 secs] 
233.669: Total time for which application threads were stopped: 0.0045180 seconds, Stopping threads took: 0.0019920 seconds
233.711: Application time: 0.0414350 seconds
233.713: [GC [PSYoungGen: 48640K->6656K(48640K)] 146206K->104734K(160256K), 0.0021790 secs] [Times: user=0.02 sys=0.00, real=0.00 secs] 
233.715: Total time for which application threads were stopped: 0.0044360 seconds, Stopping threads took: 0.0021660 seconds
233.756: Application time: 0.0404990 seconds
233.757: [GC [PSYoungGen: 48640K->6656K(48640K)] 146718K->105158K(160256K), 0.0023740 secs] [Times: user=0.02 sys=0.00, real=0.00 secs] 
233.760: Total time for which application threads were stopped: 0.0040920 seconds, Stopping threads took: 0.0016080 seconds
233.800: Application time: 0.0406860 seconds
233.803: [GC [PSYoungGen: 48640K->5952K(48640K)] 147142K->104454K(160256K), 0.0019780 secs] [Times: user=0.01 sys=0.00, real=0.01 secs] 
233.805: Total time for which application threads were stopped: 0.0041920 seconds, Stopping threads took: 0.0021250 seconds
233.843: Application time: 0.0386780 seconds
233.845: [GC [PSYoungGen: 47936K->6624K(48640K)] 146438K->106606K(160256K), 0.0025560 secs] [Times: user=0.02 sys=0.00, real=0.00 secs] 
233.848: Total time for which application threads were stopped: 0.0046800 seconds, Stopping threads took: 0.0020410 seconds
233.888: Application time: 0.0398870 seconds
233.890: [GC [PSYoungGen: 48608K->6624K(48640K)] 148590K->107198K(160256K), 0.0022360 secs] [Times: user=0.01 sys=0.00, real=0.01 secs] 
233.892: Total time for which application threads were stopped: 0.0040400 seconds, Stopping threads took: 0.0017180 seconds
233.932: Application time: 0.0402680 seconds
233.934: [GC [PSYoungGen: 48608K->5952K(48640K)] 149182K->106534K(160256K), 0.0019440 secs] [Times: user=0.01 sys=0.00, real=0.00 secs] 
233.936: Total time for which application threads were stopped: 0.0040260 seconds, Stopping threads took: 0.0019980 seconds
233.974: Application time: 0.0382660 seconds
233.977: [GC [PSYoungGen: 47936K->6656K(48640K)] 148518K->108206K(160256K), 0.0023600 secs] [Times: user=0.02 sys=0.00, real=0.00 secs] 
233.979: Total time for which application threads were stopped: 0.0045860 seconds, Stopping threads took: 0.0021420 seconds
234.020: Application time: 0.0405260 seconds
234.022: [GC [PSYoungGen: 48640K->6496K(48640K)] 150190K->108054K(160256K), 0.0021250 secs] [Times: user=0.01 sys=0.00, real=0.01 secs] 
234.024: Total time for which application threads were stopped: 0.0047080 seconds, Stopping threads took: 0.0025020 seconds
234.065: Application time: 0.0405290 seconds
234.066: [GC [PSYoungGen: 48480K->6624K(48640K)] 150038K->108286K(160256K), 0.0021340 secs] [Times: user=0.02 sys=0.00, real=0.00 secs] 
234.069: Total time for which application threads were stopped: 0.0037670 seconds, Stopping threads took: 0.0015520 seconds
234.109: Application time: 0.0403470 seconds
234.110: [GC [PSYoungGen: 48608K->6176K(48640K)] 150270K->107838K(160256K), 0.0020410 secs] [Times: user=0.02 sys=0.00, real=0.01 secs] 
234.112: Total time for which application threads were stopped: 0.0035490 seconds, Stopping threads took: 0.0014270 seconds
234.154: Application time: 0.0413790 seconds
234.156: [GC [PSYoungGen: 48160K->5680K(48640K)] 149822K->107342K(160256K), 0.0018420 secs] [Times: user=0.01 sys=0.00, real=0.00 secs] 
234.157: Total time for which application threads were stopped: 0.0035300 seconds, Stopping threads took: 0.0016110 seconds
234.197: Application time: 0.0393240 seconds
234.198: [GC [PSYoungGen: 47664K->6112K(48640K)] 149326K->107774K(160256K), 0.0020010 secs] [Times: user=0.01 sys=0.00, real=0.00 secs] 
234.200: Total time for which application threads were stopped: 0.0037310 seconds, Stopping threads took: 0.0016440 seconds
234.241: Application time: 0.0405080 seconds
234.244: [GC [PSYoungGen: 48096K->6528K(48640K)] 149758K->108190K(160256K), 0.0020330 secs] [Times: user=0.01 sys=0.00, real=0.00 secs] 
234.246: Total time for which application threads were stopped: 0.0049550 seconds, Stopping threads took: 0.0028430 seconds
234.286: Application time: 0.0399290 seconds
234.288: [GC [PSYoungGen: 48512K->6640K(48640K)] 150174K->109038K(160256K), 0.0023810 secs] [Times: user=0.01 sys=0.00, real=0.00 secs] 
234.290: Total time for which application threads were stopped: 0.0044600 seconds, Stopping threads took: 0.0019850 seconds
234.331: Application time: 0.0402080 seconds
234.332: [GC [PSYoungGen: 48624K->6656K(48640K)] 151022K->109926K(160256K), 0.0023070 secs] [Times: user=0.02 sys=0.00, real=0.00 secs] 
234.334: Total time for which application threads were stopped: 0.0039050 seconds, Stopping threads took: 0.0015110 seconds
234.375: Application time: 0.0401650 seconds
234.377: [GC [PSYoungGen: 48640K->6656K(48640K)] 151910K->110651K(160256K), 0.0023060 secs] [Times: user=0.01 sys=0.00, real=0.00 secs] 
234.380: Total time for which application threads were stopped: 0.0050240 seconds, Stopping threads took: 0.0026280 seconds
234.421: Application time: 0.0410010 seconds
234.423: [GC [PSYoungGen: 48640K->6656K(48640K)] 152635K->111995K(160256K), 0.0024260 secs] [Times: user=0.02 sys=0.00, real=0.01 secs] 
234.425: Total time for which application threads were stopped: 0.0044560 seconds, Stopping threads took: 0.0019390 seconds
234.465: Application time: 0.0400070 seconds
234.468: [GC [PSYoungGen: 48640K->6624K(48640K)] 153979K->112571K(160256K), 0.0023000 secs] [Times: user=0.02 sys=0.00, real=0.00 secs] 
234.470: Total time for which application threads were stopped: 0.0049160 seconds, Stopping threads took: 0.0025110 seconds
234.510: Application time: 0.0404170 seconds
234.512: [GC [PSYoungGen: 48608K->6176K(48640K)] 154555K->112123K(160256K), 0.0020220 secs] [Times: user=0.02 sys=0.00, real=0.00 secs] 
234.514: Total time for which application threads were stopped: 0.0036910 seconds, Stopping threads took: 0.0015850 seconds
234.555: Application time: 0.0409400 seconds
234.556: [GC [PSYoungGen: 48160K->6560K(48640K)] 154107K->112515K(160256K), 0.0020580 secs] [Times: user=0.01 sys=0.00, real=0.00 secs] 
234.558: Total time for which application threads were stopped: 0.0033630 seconds, Stopping threads took: 0.0012280 seconds
234.598: Application time: 0.0398690 seconds
234.601: [GC [PSYoungGen: 48544K->6656K(48640K)] 154499K->113443K(160256K), 0.0023180 secs] [Times: user=0.01 sys=0.00, real=0.01 secs] 
234.603: Total time for which application threads were stopped: 0.0050700 seconds, Stopping threads took: 0.0026630 seconds
234.643: Application time: 0.0399370 seconds
234.645: [GC [PSYoungGen: 48640K->6432K(48640K)] 155427K->113219K(160256K), 0.0020960 secs] [Times: user=0.01 sys=0.00, real=0.00 secs] 
234.647: Total time for which application threads were stopped: 0.0034630 seconds, Stopping threads took: 0.0012830 seconds
234.688: Application time: 0.0409150 seconds
234.690: [GC [PSYoungGen: 48416K->5936K(48640K)] 155203K->112723K(160256K), 0.0019910 secs] [Times: user=0.01 sys=0.00, real=0.01 secs] 
234.692: Total time for which application threads were stopped: 0.0045680 seconds, Stopping threads took: 0.0024980 seconds
234.731: Application time: 0.0386230 seconds
234.733: [GC [PSYoungGen: 47920K->6656K(48640K)] 154707K->113539K(160256K), 0.0022550 secs] [Times: user=0.01 sys=0.00, real=0.00 secs] 
234.735: Total time for which application threads were stopped: 0.0045750 seconds, Stopping threads took: 0.0022290 seconds
234.775: Application time: 0.0399130 seconds
234.777: [GC [PSYoungGen: 48640K->6640K(48640K)] 155523K->113995K(160256K), 0.0022790 secs] [Times: user=0.02 sys=0.00, real=0.00 secs] 
234.779: Total time for which application threads were stopped: 0.0040920 seconds, Stopping threads took: 0.0017070 seconds
234.819: Application time: 0.0393500 seconds
234.821: [GC [PSYoungGen: 48624K->6656K(48640K)] 155979K->114139K(160256K), 0.0021050 secs] [Times: user=0.01 sys=0.00, real=0.00 secs] 
234.823: Total time for which application threads were stopped: 0.0041000 seconds, Stopping threads took: 0.0019010 seconds
234.863: Application time: 0.0396090 seconds
234.865: [GC [PSYoungGen: 48640K->6640K(48640K)] 156123K->114299K(160256K), 0.0021320 secs] [Times: user=0.01 sys=0.00, real=0.00 secs] 
234.868: Total time for which application threads were stopped: 0.0050270 seconds, Stopping threads took: 0.0028120 seconds
234.907: Application time: 0.0397210 seconds
234.909: [GC [PSYoungGen: 48623K->6656K(48640K)] 156282K->115227K(160256K), 0.0023320 secs] [Times: user=0.01 sys=0.00, real=0.01 secs] 
234.912: Total time for which application threads were stopped: 0.0042670 seconds, Stopping threads took: 0.0018540 seconds
234.952: Application time: 0.0399830 seconds
234.953: [GC [PSYoungGen: 48640K->6640K(48640K)] 157211K->115507K(160256K), 0.0021350 secs] [Times: user=0.01 sys=0.00, real=0.00 secs] 
234.956: Total time for which application threads were stopped: 0.0040090 seconds, Stopping threads took: 0.0017930 seconds
234.995: Application time: 0.0395800 seconds
234.997: [GC [PSYoungGen: 48624K->6640K(48640K)] 157491K->116907K(160256K), 0.0025250 secs] [Times: user=0.02 sys=0.00, real=0.00 secs] 
235.000: [Full GC [PSYoungGen: 6640K->0K(48640K)] [ParOldGen: 110267K->11053K(111616K)] 116907K->11053K(160256K) [PSPermGen: 5184K->5184K(21504K)], 0.0070340 secs] [Times: user=0.03 sys=0.00, real=0.01 secs] 
235.007: Total time for which application threads were stopped: 0.0114670 seconds, Stopping threads took: 0.0017740 seconds
235.049: Application time: 0.0424160 seconds
235.052: [GC [PSYoungGen: 41984K->6016K(48640K)] 53037K->17069K(160256K), 0.0017410 secs] [Times: user=0.01 sys=0.00, real=0.00 secs] 
235.053: Total time for which application threads were stopped: 0.0043950 seconds, Stopping threads took: 0.0025800 seconds
235.092: Application time: 0.0387400 seconds
235.094: [GC [PSYoungGen: 48000K->6656K(48640K)] 59053K->17797K(160256K), 0.0021420 secs] [Times: user=0.01 sys=0.00, real=0.00 secs] 
235.096: Total time for which application threads were stopped: 0.0041250 seconds, Stopping threads took: 0.0018950 seconds
235.136: Application time: 0.0399400 seconds
235.138: [GC [PSYoungGen: 48640K->6304K(48640K)] 59781K->17445K(160256K), 0.0019040 secs] [Times: user=0.01 sys=0.00, real=0.00 secs] 
235.140: Total time for which application threads were stopped: 0.0040420 seconds, Stopping threads took: 0.0020570 seconds
235.181: Application time: 0.0408160 seconds
235.182: [GC [PSYoungGen: 48288K->6624K(48640K)] 59429K->18821K(160256K), 0.0023290 secs] [Times: user=0.01 sys=0.00, real=0.01 secs] 
235.185: Total time for which application threads were stopped: 0.0037350 seconds, Stopping threads took: 0.0013220 seconds
235.225: Application time: 0.0401990 seconds
235.226: [GC [PSYoungGen: 48608K->5712K(48640K)] 60805K->17909K(160256K), 0.0018320 secs] [Times: user=0.01 sys=0.00, real=0.00 secs] 
235.228: Total time for which application threads were stopped: 0.0033250 seconds, Stopping threads took: 0.0014150 seconds
235.270: Application time: 0.0418280 seconds
235.272: [GC [PSYoungGen: 47696K->5712K(48640K)] 59893K->17909K(160256K), 0.0017590 secs] [Times: user=0.01 sys=0.00, real=0.00 secs] 
235.274: Total time for which application threads were stopped: 0.0038150 seconds, Stopping threads took: 0.0019820 seconds
235.315: Application time: 0.0406030 seconds
235.317: [GC [PSYoungGen: 47696K->6640K(48640K)] 59893K->19157K(160256K), 0.0020840 secs] [Times: user=0.01 sys=0.00, real=0.00 secs] 
235.319: Total time for which application threads were stopped: 0.0041270 seconds, Stopping threads took: 0.0019600 seconds
235.357: Application time: 0.0383890 seconds
235.359: [GC [PSYoungGen: 48624K->6656K(48640K)] 61141K->19717K(160256K), 0.0020130 secs] [Times: user=0.02 sys=0.00, real=0.00 secs] 
235.361: Total time for which application threads were stopped: 0.0041940 seconds, Stopping threads took: 0.0020860 seconds
235.401: Application time: 0.0399740 seconds
235.402: [GC [PSYoungGen: 48640K->6656K(48640K)] 61701K->20757K(160256K), 0.0023110 secs] [Times: user=0.02 sys=0.00, real=0.01 secs] 
235.405: Total time for which application threads were stopped: 0.0033580 seconds, Stopping threads took: 0.0009600 seconds
235.444: Application time: 0.0391660 seconds
235.446: [GC [PSYoungGen: 48640K->6656K(48640K)] 62741K->22101K(160256K), 0.0023870 secs] [Times: user=0.01 sys=0.00, real=0.00 secs] 
235.448: Total time for which application threads were stopped: 0.0043040 seconds, Stopping threads took: 0.0018310 seconds
235.487: Application time: 0.0390550 seconds
235.490: [GC [PSYoungGen: 48640K->6656K(48640K)] 64085K->22869K(160256K), 0.0021780 secs] [Times: user=0.01 sys=0.00, real=0.01 secs] 
235.492: Total time for which application threads were stopped: 0.0051420 seconds, Stopping threads took: 0.0028570 seconds
235.533: Application time: 0.0402130 seconds
235.535: [GC [PSYoungGen: 48640K->6624K(48640K)] 64853K->22917K(160256K), 0.0020090 secs] [Times: user=0.02 sys=0.00, real=0.00 secs] 
235.537: Total time for which application threads were stopped: 0.0042560 seconds, Stopping threads took: 0.0021660 seconds
235.578: Application time: 0.0411830 seconds
235.580: [GC [PSYoungGen: 48608K->5952K(48640K)] 64901K->22245K(160256K), 0.0017370 secs] [Times: user=0.01 sys=0.00, real=0.00 secs] 
235.581: Total time for which application threads were stopped: 0.0033380 seconds, Stopping threads took: 0.0015270 seconds
235.622: Application time: 0.0407810 seconds
235.624: [GC [PSYoungGen: 47934K->5936K(48640K)] 64227K->22229K(160256K), 0.0017630 secs] [Times: user=0.01 sys=0.00, real=0.00 secs] 
235.625: Total time for which application threads were stopped: 0.0033230 seconds, Stopping threads took: 0.0014820 seconds
235.664: Application time: 0.0381690 seconds
235.666: [GC [PSYoungGen: 47920K->6656K(48640K)] 64213K->23493K(160256K), 0.0021790 secs] [Times: user=0.01 sys=0.00, real=0.00 secs] 
235.668: Total time for which application threads were stopped: 0.0045290 seconds, Stopping threads took: 0.0022680 seconds
235.710: Application time: 0.0413920 seconds
235.711: [GC [PSYoungGen: 48640K->6096K(48640K)] 65477K->22941K(160256K), 0.0017840 secs] [Times: user=0.02 sys=0.00, real=0.01 secs] 
235.713: Total time for which application threads were stopped: 0.0029590 seconds, Stopping threads took: 0.0010930 seconds
235.754: Application time: 0.0412250 seconds
235.755: [GC [PSYoungGen: 48080K->5904K(48640K)] 64925K->22757K(160256K), 0.0018370 secs] [Times: user=0.01 sys=0.00, real=0.00 secs] 
235.756: Total time for which application threads were stopped: 0.0026900 seconds, Stopping threads took: 0.0007760 seconds
235.798: Application time: 0.0414630 seconds
235.800: [GC [PSYoungGen: 47888K->5536K(48640K)] 64741K->22389K(160256K), 0.0018380 secs] [Times: user=0.01 sys=0.00, real=0.00 secs] 
235.802: Total time for which application threads were stopped: 0.0040750 seconds, Stopping threads took: 0.0021320 seconds
235.843: Application time: 0.0407620 seconds
235.845: [GC [PSYoungGen: 47520K->6432K(48640K)] 64373K->23285K(160256K), 0.0018570 secs] [Times: user=0.01 sys=0.00, real=0.00 secs] 
235.847: Total time for which application threads were stopped: 0.0043500 seconds, Stopping threads took: 0.0024140 seconds
235.889: Application time: 0.0414580 seconds
235.890: [GC [PSYoungGen: 48416K->6496K(48640K)] 65269K->23349K(160256K), 0.0019140 secs] [Times: user=0.02 sys=0.00, real=0.01 secs] 
235.892: Total time for which application threads were stopped: 0.0036990 seconds, Stopping threads took: 0.0016970 seconds
235.934: Application time: 0.0420670 seconds
235.937: [GC [PSYoungGen: 48480K->5920K(48640K)] 65333K->22773K(160256K), 0.0018010 secs] [Times: user=0.02 sys=0.00, real=0.00 secs] 
235.938: Total time for which application threads were stopped: 0.0040940 seconds, Stopping threads took: 0.0022120 seconds
235.978: Application time: 0.0396840 seconds
235.981: [GC [PSYoungGen: 47904K->6336K(48640K)] 64757K->23189K(160256K), 0.0019090 secs] [Times: user=0.02 sys=0.00, real=0.00 secs] 
235.983: Total time for which application threads were stopped: 0.0044180 seconds, Stopping threads took: 0.0024270 seconds
236.022: Application time: 0.0396270 seconds
236.024: [GC [PSYoungGen: 48320K->6528K(48640K)] 65173K->23381K(160256K), 0.0019610 secs] [Times: user=0.01 sys=0.00, real=0.00 secs] 
236.026: Total time for which application threads were stopped: 0.0041220 seconds, Stopping threads took: 0.0020810 seconds
236.066: Application time: 0.0401410 seconds
236.069: [GC [PSYoungGen: 48512K->6640K(48640K)] 65365K->23813K(160256K), 0.0020440 secs] [Times: user=0.01 sys=0.00, real=0.00 secs] 
236.071: Total time for which application threads were stopped: 0.0047380 seconds, Stopping threads took: 0.0026030 seconds
236.110: Application time: 0.0392420 seconds
236.113: [GC [PSYoungGen: 48624K->6624K(48640K)] 65797K->24649K(160256K), 0.0023630 secs] [Times: user=0.01 sys=0.00, real=0.00 secs] 
236.115: Total time for which application threads were stopped: 0.0047520 seconds, Stopping threads took: 0.0022940 seconds
236.154: Application time: 0.0388130 seconds
236.156: [GC [PSYoungGen: 48608K->6640K(48640K)] 66633K->24977K(160256K), 0.0021470 secs] [Times: user=0.02 sys=0.00, real=0.00 secs] 
236.158: Total time for which application threads were stopped: 0.0037770 seconds, Stopping threads took: 0.0015510 seconds
236.197: Application time: 0.0389230 seconds
236.199: [GC [PSYoungGen: 48624K->6640K(48640K)] 66961K->25649K(160256K), 0.0021250 secs] [Times: user=0.01 sys=0.00, real=0.00 secs] 
236.201: Total time for which application threads were stopped: 0.0043940 seconds, Stopping threads took: 0.0021850 seconds
236.241: Application time: 0.0397180 seconds
236.243: [GC [PSYoungGen: 48624K->6656K(48640K)] 67633K->26721K(160256K), 0.0023300 secs] [Times: user=0.01 sys=0.00, real=0.01 secs] 
236.245: Total time for which application threads were stopped: 0.0046810 seconds, Stopping threads took: 0.0022630 seconds
236.286: Application time: 0.0402420 seconds
236.288: [GC [PSYoungGen: 48640K->6640K(48640K)] 68705K->27153K(160256K), 0.0020560 secs] [Times: user=0.01 sys=0.00, real=0.00 secs] 
236.290: Total time for which application threads were stopped: 0.0040330 seconds, Stopping threads took: 0.0018960 seconds
236.329: Application time: 0.0396540 seconds
236.331: [GC [PSYoungGen: 48624K->6656K(48640K)] 69137K->28081K(160256K), 0.0022440 secs] [Times: user=0.02 sys=0.00, real=0.01 secs] 
236.333: Total time for which application threads were stopped: 0.0038460 seconds, Stopping threads took: 0.0015160 seconds
236.375: Application time: 0.0413740 seconds
236.377: [GC [PSYoungGen: 48640K->4768K(48640K)] 70065K->26193K(160256K), 0.0016130 secs] [Times: user=0.01 sys=0.00, real=0.00 secs] 
236.378: Total time for which application threads were stopped: 0.0035370 seconds, Stopping threads took: 0.0018510 seconds
236.419: Application time: 0.0412660 seconds
236.422: [GC [PSYoungGen: 46752K->5248K(48640K)] 68177K->26673K(160256K), 0.0019930 secs] [Times: user=0.01 sys=0.00, real=0.01 secs] 
236.424: Total time for which application threads were stopped: 0.0045250 seconds, Stopping threads took: 0.0024260 seconds
236.464: Application time: 0.0399650 seconds
236.465: [GC [PSYoungGen: 47232K->5120K(48640K)] 68657K->26545K(160256K), 0.0016230 secs] [Times: user=0.01 sys=0.00, real=0.00 secs] 
236.467: Total time for which application threads were stopped: 0.0029260 seconds, Stopping threads took: 0.0012020 seconds
236.507: Application time: 0.0403650 seconds
236.509: [GC [PSYoungGen: 47104K->6656K(48640K)] 68529K->28401K(160256K), 0.0020320 secs] [Times: user=0.01 sys=0.00, real=0.00 secs] 
236.511: Total time for which application threads were stopped: 0.0038540 seconds, Stopping threads took: 0.0017310 seconds
236.551: Application time: 0.0398620 seconds
236.553: [GC [PSYoungGen: 48640K->6656K(48640K)] 70385K->28489K(160256K), 0.0020380 secs] [Times: user=0.02 sys=0.00, real=0.00 secs] 
236.555: Total time for which application threads were stopped: 0.0040940 seconds, Stopping threads took: 0.0019800 seconds
236.594: Application time: 0.0389240 seconds
236.596: [GC [PSYoungGen: 48640K->6624K(48640K)] 70473K->29873K(160256K), 0.0024240 secs] [Times: user=0.01 sys=0.00, real=0.00 secs] 
236.599: Total time for which application threads were stopped: 0.0045940 seconds, Stopping threads took: 0.0020860 seconds
236.638: Application time: 0.0396300 seconds
236.640: [GC [PSYoungGen: 48608K->5392K(48640K)] 71857K->28641K(160256K), 0.0016610 secs] [Times: user=0.01 sys=0.00, real=0.00 secs] 
236.641: Total time for which application threads were stopped: 0.0030840 seconds, Stopping threads took: 0.0013490 seconds
236.682: Application time: 0.0411680 seconds
236.684: [GC [PSYoungGen: 47376K->6656K(48640K)] 70625K->29953K(160256K), 0.0019630 secs] [Times: user=0.01 sys=0.00, real=0.00 secs] 
236.686: Total time for which application threads were stopped: 0.0034130 seconds, Stopping threads took: 0.0013690 seconds
236.727: Application time: 0.0410340 seconds
236.729: [GC [PSYoungGen: 48640K->5568K(48640K)] 71937K->28873K(160256K), 0.0016900 secs] [Times: user=0.01 sys=0.00, real=0.00 secs] 
236.731: Total time for which application threads were stopped: 0.0038490 seconds, Stopping threads took: 0.0020770 seconds
236.771: Application time: 0.0404870 seconds
236.773: [GC [PSYoungGen: 47552K->6464K(48640K)] 70857K->29777K(160256K), 0.0019960 secs] [Times: user=0.01 sys=0.00, real=0.00 secs] 
236.775: Total time for which application threads were stopped: 0.0037680 seconds, Stopping threads took: 0.0016740 seconds
236.817: Application time: 0.0415650 seconds
236.819: [GC [PSYoungGen: 48448K->6640K(48640K)] 71761K->31001K(160256K), 0.0023860 secs] [Times: user=0.01 sys=0.00, real=0.00 secs] 
236.821: Total time for which application threads were stopped: 0.0044910 seconds, Stopping threads took: 0.0020210 seconds
236.862: Application time: 0.0407560 seconds
236.864: [GC [PSYoungGen: 48624K->6656K(48640K)] 72985K->32337K(160256K), 0.0023310 secs] [Times: user=0.01 sys=0.00, real=0.00 secs] 
236.866: Total time for which application threads were stopped: 0.0042570 seconds, Stopping threads took: 0.0018410 seconds
236.908: Application time: 0.0419000 seconds
236.909: [GC [PSYoungGen: 48640K->5728K(48640K)] 74321K->31409K(160256K), 0.0017220 secs] [Times: user=0.01 sys=0.00, real=0.00 secs] 
236.911: Total time for which application threads were stopped: 0.0031260 seconds, Stopping threads took: 0.0013270 seconds
236.952: Application time: 0.0413580 seconds
236.954: [GC [PSYoungGen: 47712K->6528K(48640K)] 73393K->32209K(160256K), 0.0019760 secs] [Times: user=0.02 sys=0.00, real=0.00 secs] 
236.956: Total time for which application threads were stopped: 0.0031090 seconds, Stopping threads took: 0.0010490 seconds
236.995: Application time: 0.0398710 seconds
236.997: [GC [PSYoungGen: 48512K->6656K(48640K)] 74193K->33465K(160256K), 0.0023480 secs] [Times: user=0.02 sys=0.00, real=0.00 secs] 
237.000: Total time for which application threads were stopped: 0.0041760 seconds, Stopping threads took: 0.0017490 seconds
237.040: Application time: 0.0408350 seconds
237.042: [GC [PSYoungGen: 48640K->6176K(48640K)] 75449K->32985K(160256K), 0.0018600 secs] [Times: user=0.01 sys=0.00, real=0.01 secs] 
237.044: Total time for which application threads were stopped: 0.0032820 seconds, Stopping threads took: 0.0013190 seconds
237.086: Application time: 0.0418080 seconds
237.088: [GC [PSYoungGen: 48160K->6496K(48640K)] 74969K->33305K(160256K), 0.0019710 secs] [Times: user=0.02 sys=0.00, real=0.00 secs] 
237.090: Total time for which application threads were stopped: 0.0042600 seconds, Stopping threads took: 0.0022130 seconds
237.130: Application time: 0.0405510 seconds
237.132: [GC [PSYoungGen: 48480K->3952K(48640K)] 75289K->30761K(160256K), 0.0012690 secs] [Times: user=0.01 sys=0.00, real=0.00 secs] 
237.134: Total time for which application threads were stopped: 0.0031100 seconds, Stopping threads took: 0.0017720 seconds
237.173: Application time: 0.0392440 seconds
237.174: [GC [PSYoungGen: 45936K->6624K(48640K)] 72745K->33889K(160256K), 0.0020820 secs] [Times: user=0.01 sys=0.00, real=0.00 secs] 
237.176: Total time for which application threads were stopped: 0.0036950 seconds, Stopping threads took: 0.0015320 seconds
237.217: Application time: 0.0406870 seconds
237.219: [GC [PSYoungGen: 48608K->6624K(48640K)] 75873K->34549K(160256K), 0.0023050 secs] [Times: user=0.01 sys=0.00, real=0.00 secs] 
237.221: Total time for which application threads were stopped: 0.0041300 seconds, Stopping threads took: 0.0017350 seconds
237.261: Application time: 0.0401330 seconds
237.263: [GC [PSYoungGen: 48608K->6624K(48640K)] 76533K->35429K(160256K), 0.0022200 secs] [Times: user=0.02 sys=0.00, real=0.01 secs] 
237.265: Total time for which application threads were stopped: 0.0037690 seconds, Stopping threads took: 0.0014650 seconds
237.307: Application time: 0.0415750 seconds
237.308: [GC [PSYoungGen: 48608K->4640K(48640K)] 77413K->33453K(160256K), 0.0014520 secs] [Times: user=0.01 sys=0.00, real=0.00 secs] 
237.309: Total time for which application threads were stopped: 0.0025830 seconds, Stopping threads took: 0.0010610 seconds
237.350: Application time: 0.0406850 seconds
237.351: [GC [PSYoungGen: 46624K->6656K(48640K)] 75437K->35725K(160256K), 0.0021260 secs] [Times: user=0.02 sys=0.00, real=0.00 secs] 
237.353: Total time for which application threads were stopped: 0.0034630 seconds, Stopping threads took: 0.0012590 seconds
237.394: Application time: 0.0401980 seconds
237.396: [GC [PSYoungGen: 48640K->6656K(48640K)] 77709K->36613K(160256K), 0.0022800 secs] [Times: user=0.02 sys=0.00, real=0.00 secs] 
237.398: Total time for which application threads were stopped: 0.0046460 seconds, Stopping threads took: 0.0022560 seconds
237.437: Application time: 0.0389090 seconds
237.439: [GC [PSYoungGen: 48640K->6656K(48640K)] 78597K->36765K(160256K), 0.0019840 secs] [Times: user=0.02 sys=0.00, real=0.00 secs] 
237.441: Total time for which application threads were stopped: 0.0039800 seconds, Stopping threads took: 0.0019190 seconds
237.478: Application time: 0.0370290 seconds
237.481: [GC [PSYoungGen: 48640K->6656K(48640K)] 78749K->38161K(160256K), 0.0023740 secs] [Times: user=0.02 sys=0.00, real=0.00 secs] 
237.483: Total time for which application threads were stopped: 0.0048110 seconds, Stopping threads took: 0.0023480 seconds
237.521: Application time: 0.0383670 seconds
237.523: [GC [PSYoungGen: 48640K->6656K(48640K)] 80145K->38361K(160256K), 0.0020230 secs] [Times: user=0.01 sys=0.00, real=0.00 secs] 
237.525: Total time for which application threads were stopped: 0.0039310 seconds, Stopping threads took: 0.0018310 seconds
237.564: Application time: 0.0389380 seconds
237.566: [GC [PSYoungGen: 48640K->6400K(48640K)] 80345K->38105K(160256K), 0.0019540 secs] [Times: user=0.01 sys=0.00, real=0.00 secs] 
237.568: Total time for which application threads were stopped: 0.0035560 seconds, Stopping threads took: 0.0015270 seconds
237.605: Application time: 0.0367560 seconds
237.607: [GC [PSYoungGen: 48384K->6656K(48640K)] 80089K->39745K(160256K), 0.0024130 secs] [Times: user=0.02 sys=0.00, real=0.00 secs] 
237.609: Total time for which application threads were stopped: 0.0048430 seconds, Stopping threads took: 0.0023490 seconds
237.647: Application time: 0.0378180 seconds
237.649: [GC [PSYoungGen: 48640K->6416K(48640K)] 81729K->39505K(160256K), 0.0018880 secs] [Times: user=0.01 sys=0.00, real=0.00 secs] 
237.650: Total time for which application threads were stopped: 0.0031520 seconds, Stopping threads took: 0.0011860 seconds
237.688: Application time: 0.0380320 seconds
237.692: [GC [PSYoungGen: 48400K->6640K(48640K)] 81489K->39841K(160256K), 0.0020370 secs] [Times: user=0.02 sys=0.00, real=0.00 secs] 
237.694: Total time for which application threads were stopped: 0.0051080 seconds, Stopping threads took: 0.0029910 seconds
237.732: Application time: 0.0381290 seconds
237.733: [GC [PSYoungGen: 48624K->6640K(48640K)] 81825K->40194K(160256K), 0.0021350 secs] [Times: user=0.02 sys=0.00, real=0.00 secs] 
237.735: Total time for which application threads were stopped: 0.0034450 seconds, Stopping threads took: 0.0012240 seconds
237.772: Application time: 0.0371300 seconds
237.774: [GC [PSYoungGen: 48624K->6656K(48640K)] 82178K->41778K(160256K), 0.0024400 secs] [Times: user=0.02 sys=0.00, real=0.00 secs] 
237.777: Total time for which application threads were stopped: 0.0043310 seconds, Stopping threads took: 0.0018100 seconds
237.815: Application time: 0.0384270 seconds
237.818: [GC [PSYoungGen: 48640K->6576K(48640K)] 83762K->41706K(160256K), 0.0019200 secs] [Times: user=0.01 sys=0.00, real=0.00 secs] 
237.820: Total time for which application threads were stopped: 0.0046400 seconds, Stopping threads took: 0.0026380 seconds
237.857: Application time: 0.0369460 seconds
237.858: [GC [PSYoungGen: 48560K->6656K(48640K)] 83690K->42450K(160256K), 0.0022230 secs] [Times: user=0.01 sys=0.00, real=0.00 secs] 
237.861: Total time for which application threads were stopped: 0.0038900 seconds, Stopping threads took: 0.0015860 seconds
237.898: Application time: 0.0374450 seconds
237.899: [GC [PSYoungGen: 48640K->6656K(48640K)] 84434K->43970K(160256K), 0.0024670 secs] [Times: user=0.02 sys=0.00, real=0.00 secs] 
237.902: Total time for which application threads were stopped: 0.0038370 seconds, Stopping threads took: 0.0012780 seconds
237.938: Application time: 0.0365440 seconds
237.940: [GC [PSYoungGen: 48640K->6624K(48640K)] 85954K->44830K(160256K), 0.0022120 secs] [Times: user=0.01 sys=0.00, real=0.00 secs] 
237.943: Total time for which application threads were stopped: 0.0043640 seconds, Stopping threads took: 0.0020710 seconds
237.981: Application time: 0.0386000 seconds
237.983: [GC [PSYoungGen: 48608K->5584K(48640K)] 86814K->43790K(160256K), 0.0016880 secs] [Times: user=0.01 sys=0.00, real=0.01 secs] 
237.984: Total time for which application threads were stopped: 0.0031040 seconds, Stopping threads took: 0.0013320 seconds
238.021: Application time: 0.0365820 seconds
238.023: [GC [PSYoungGen: 47568K->6640K(48640K)] 85774K->45518K(160256K), 0.0022670 secs] [Times: user=0.01 sys=0.00, real=0.01 secs] 
238.025: Total time for which application threads were stopped: 0.0042230 seconds, Stopping threads took: 0.0018750 seconds
238.063: Application time: 0.0377230 seconds
238.065: [GC [PSYoungGen: 48624K->5840K(48640K)] 87502K->44718K(160256K), 0.0017940 secs] [Times: user=0.01 sys=0.00, real=0.00 secs] 
238.067: Total time for which application threads were stopped: 0.0038950 seconds, Stopping threads took: 0.0020240 seconds
238.104: Application time: 0.0375480 seconds
238.106: [GC [PSYoungGen: 47824K->6656K(48640K)] 86702K->46118K(160256K), 0.0021980 secs] [Times: user=0.01 sys=0.00, real=0.00 secs] 
238.108: Total time for which application threads were stopped: 0.0033450 seconds, Stopping threads took: 0.0010640 seconds
238.145: Application time: 0.0372010 seconds
238.147: [GC [PSYoungGen: 48640K->6656K(48640K)] 88102K->46182K(160256K), 0.0019960 secs] [Times: user=0.01 sys=0.00, real=0.00 secs] 
238.149: Total time for which application threads were stopped: 0.0035710 seconds, Stopping threads took: 0.0014960 seconds
238.185: Application time: 0.0367170 seconds
238.187: [GC [PSYoungGen: 48640K->6640K(48640K)] 88166K->46494K(160256K), 0.0020720 secs] [Times: user=0.01 sys=0.00, real=0.00 secs] 
238.189: Total time for which application threads were stopped: 0.0039400 seconds, Stopping threads took: 0.0017870 seconds
238.227: Application time: 0.0376690 seconds
238.229: [GC [PSYoungGen: 48624K->6640K(48640K)] 88478K->47070K(160256K), 0.0021400 secs] [Times: user=0.02 sys=0.00, real=0.01 secs] 
238.231: Total time for which application threads were stopped: 0.0046180 seconds, Stopping threads took: 0.0023930 seconds
238.270: Application time: 0.0381510 seconds
238.270: [GC [PSYoungGen: 48624K->5424K(48640K)] 89054K->45870K(160256K), 0.0016170 secs] [Times: user=0.02 sys=0.00, real=0.01 secs] 
238.272: Total time for which application threads were stopped: 0.0024320 seconds, Stopping threads took: 0.0007440 seconds
238.311: Application time: 0.0387360 seconds
238.313: [GC [PSYoungGen: 47408K->5360K(48640K)] 87854K->45806K(160256K), 0.0016090 secs] [Times: user=0.01 sys=0.00, real=0.00 secs] 
238.315: Total time for which application threads were stopped: 0.0039230 seconds, Stopping threads took: 0.0022430 seconds
238.353: Application time: 0.0378080 seconds
238.354: [GC [PSYoungGen: 47344K->5824K(48640K)] 87790K->46294K(160256K), 0.0018390 secs] [Times: user=0.01 sys=0.00, real=0.00 secs] 
238.356: Total time for which application threads were stopped: 0.0035930 seconds, Stopping threads took: 0.0016780 seconds
238.393: Application time: 0.0372730 seconds
238.395: [GC [PSYoungGen: 47808K->5840K(48640K)] 88278K->46318K(160256K), 0.0018070 secs] [Times: user=0.01 sys=0.00, real=0.00 secs] 
238.397: Total time for which application threads were stopped: 0.0038870 seconds, Stopping threads took: 0.0020050 seconds
238.436: Application time: 0.0386560 seconds
238.438: [GC [PSYoungGen: 47824K->6640K(48640K)] 88302K->47934K(160256K), 0.0022470 secs] [Times: user=0.02 sys=0.00, real=0.00 secs] 
238.440: Total time for which application threads were stopped: 0.0040510 seconds, Stopping threads took: 0.0017260 seconds
238.479: Application time: 0.0386600 seconds
238.480: [GC [PSYoungGen: 48624K->6656K(48640K)] 89918K->49422K(160256K), 0.0024550 secs] [Times: user=0.01 sys=0.00, real=0.00 secs] 
238.483: Total time for which application threads were stopped: 0.0040200 seconds, Stopping threads took: 0.0014810 seconds
238.521: Application time: 0.0378180 seconds
238.522: [GC [PSYoungGen: 48640K->6656K(48640K)] 91406K->50342K(160256K), 0.0022560 secs] [Times: user=0.02 sys=0.00, real=0.01 secs] 
238.524: Total time for which application threads were stopped: 0.0035110 seconds, Stopping threads took: 0.0011630 seconds
238.562: Application time: 0.0374640 seconds
238.563: [GC [PSYoungGen: 48640K->6656K(48640K)] 92326K->51606K(160256K), 0.0022750 secs] [Times: user=0.02 sys=0.00, real=0.01 secs] 
238.565: Total time for which application threads were stopped: 0.0038500 seconds, Stopping threads took: 0.0014940 seconds
238.604: Application time: 0.0391120 seconds
238.606: [GC [PSYoungGen: 48640K->4928K(48640K)] 93590K->49878K(160256K), 0.0014990 secs] [Times: user=0.01 sys=0.00, real=0.00 secs] 
238.607: Total time for which application threads were stopped: 0.0028540 seconds, Stopping threads took: 0.0012850 seconds
238.646: Application time: 0.0389850 seconds
238.648: [GC [PSYoungGen: 46912K->6656K(48640K)] 91862K->51670K(160256K), 0.0020350 secs] [Times: user=0.02 sys=0.00, real=0.00 secs] 
238.650: Total time for which application threads were stopped: 0.0033550 seconds, Stopping threads took: 0.0012440 seconds
238.689: Application time: 0.0392410 seconds
238.690: [GC [PSYoungGen: 48640K->6016K(48640K)] 93654K->51030K(160256K), 0.0018120 secs] [Times: user=0.01 sys=0.00, real=0.01 secs] 
238.692: Total time for which application threads were stopped: 0.0034180 seconds, Stopping threads took: 0.0015320 seconds
238.730: Application time: 0.0373470 seconds
238.732: [GC [PSYoungGen: 48000K->6624K(48640K)] 93014K->51830K(160256K), 0.0022440 secs] [Times: user=0.01 sys=0.00, real=0.00 secs] 
238.734: Total time for which application threads were stopped: 0.0041820 seconds, Stopping threads took: 0.0018550 seconds
238.771: Application time: 0.0374490 seconds
238.773: [GC [PSYoungGen: 48608K->6592K(48640K)] 93814K->51798K(160256K), 0.0019550 secs] [Times: user=0.01 sys=0.00, real=0.00 secs] 
238.775: Total time for which application threads were stopped: 0.0039830 seconds, Stopping threads took: 0.0019490 seconds
238.813: Application time: 0.0381810 seconds
238.816: [GC [PSYoungGen: 48575K->6512K(48640K)] 93782K->51726K(160256K), 0.0018790 secs] [Times: user=0.02 sys=0.00, real=0.00 secs] 
238.817: Total time for which application threads were stopped: 0.0039710 seconds, Stopping threads took: 0.0020130 seconds
238.856: Application time: 0.0384190 seconds
238.857: [GC [PSYoungGen: 48496K->6624K(48640K)] 93710K->52374K(160256K), 0.0024310 secs] [Times: user=0.02 sys=0.00, real=0.00 secs] 
238.860: Total time for which application threads were stopped: 0.0039840 seconds, Stopping threads took: 0.0014770 seconds
238.896: Application time: 0.0360060 seconds
238.898: [GC [PSYoungGen: 48608K->6576K(48640K)] 94358K->52334K(160256K), 0.0022050 secs] [Times: user=0.01 sys=0.00, real=0.00 secs] 
238.900: Total time for which application threads were stopped: 0.0038750 seconds, Stopping threads took: 0.0015950 seconds
238.937: Application time: 0.0376160 seconds
238.939: [GC [PSYoungGen: 48560K->6640K(48640K)] 94318K->53538K(160256K), 0.0026130 secs] [Times: user=0.01 sys=0.00, real=0.00 secs] 
238.941: Total time for which application threads were stopped: 0.0039120 seconds, Stopping threads took: 0.0012100 seconds
238.978: Application time: 0.0364380 seconds
238.981: [GC [PSYoungGen: 48624K->6640K(48640K)] 95522K->55002K(160256K), 0.0024510 secs] [Times: user=0.02 sys=0.00, real=0.00 secs] 
238.983: Total time for which application threads were stopped: 0.0053930 seconds, Stopping threads took: 0.0028380 seconds
239.021: Application time: 0.0374660 seconds
239.022: [GC [PSYoungGen: 48624K->6640K(48640K)] 96986K->55034K(160256K), 0.0020030 secs] [Times: user=0.02 sys=0.00, real=0.01 secs] 
239.024: Total time for which application threads were stopped: 0.0038020 seconds, Stopping threads took: 0.0016890 seconds
239.062: Application time: 0.0376520 seconds
239.064: [GC [PSYoungGen: 48624K->6624K(48640K)] 97018K->55050K(160256K), 0.0019780 secs] [Times: user=0.02 sys=0.00, real=0.00 secs] 
239.066: Total time for which application threads were stopped: 0.0036950 seconds, Stopping threads took: 0.0016290 seconds
239.101: Application time: 0.0357660 seconds
239.104: [GC [PSYoungGen: 48608K->6640K(48640K)] 97034K->55338K(160256K), 0.0021330 secs] [Times: user=0.02 sys=0.00, real=0.00 secs] 
239.106: Total time for which application threads were stopped: 0.0047340 seconds, Stopping threads took: 0.0025240 seconds
239.143: Application time: 0.0371990 seconds
239.146: [GC [PSYoungGen: 48624K->6640K(48640K)] 97322K->55530K(160256K), 0.0020130 secs] [Times: user=0.01 sys=0.00, real=0.00 secs] 
239.148: Total time for which application threads were stopped: 0.0049460 seconds, Stopping threads took: 0.0028560 seconds
239.185: Application time: 0.0363320 seconds
239.187: [GC [PSYoungGen: 48624K->6656K(48640K)] 97514K->57034K(160256K), 0.0024750 secs] [Times: user=0.02 sys=0.00, real=0.00 secs] 
239.190: Total time for which application threads were stopped: 0.0052240 seconds, Stopping threads took: 0.0026680 seconds
239.228: Application time: 0.0380740 seconds
239.230: [GC [PSYoungGen: 48640K->6656K(48640K)] 99018K->57338K(160256K), 0.0020730 secs] [Times: user=0.01 sys=0.00, real=0.01 secs] 
239.232: Total time for which application threads were stopped: 0.0036650 seconds, Stopping threads took: 0.0015170 seconds
239.269: Application time: 0.0378050 seconds
239.271: [GC [PSYoungGen: 48640K->6336K(48640K)] 99322K->57018K(160256K), 0.0019360 secs] [Times: user=0.01 sys=0.00, real=0.00 secs] 
239.273: Total time for which application threads were stopped: 0.0037230 seconds, Stopping threads took: 0.0016880 seconds
239.309: Application time: 0.0358300 seconds
239.311: [GC [PSYoungGen: 48320K->6656K(48640K)] 99002K->58610K(160256K), 0.0023520 secs] [Times: user=0.02 sys=0.00, real=0.01 secs] 
239.313: Total time for which application threads were stopped: 0.0041220 seconds, Stopping threads took: 0.0016860 seconds
239.350: Application time: 0.0372420 seconds
239.353: [GC [PSYoungGen: 48640K->6640K(48640K)] 100594K->58994K(160256K), 0.0021690 secs] [Times: user=0.01 sys=0.00, real=0.00 secs] 
239.355: Total time for which application threads were stopped: 0.0044330 seconds, Stopping threads took: 0.0021820 seconds
239.391: Application time: 0.0361400 seconds
239.393: [GC [PSYoungGen: 48624K->6640K(48640K)] 100978K->59714K(160256K), 0.0022290 secs] [Times: user=0.01 sys=0.00, real=0.00 secs] 
239.395: Total time for which application threads were stopped: 0.0040250 seconds, Stopping threads took: 0.0016950 seconds
239.433: Application time: 0.0378400 seconds
239.435: [GC [PSYoungGen: 48624K->6624K(48640K)] 101698K->59810K(160256K), 0.0019880 secs] [Times: user=0.02 sys=0.00, real=0.00 secs] 
239.437: Total time for which application threads were stopped: 0.0042350 seconds, Stopping threads took: 0.0021650 seconds
239.476: Application time: 0.0389160 seconds
239.478: [GC [PSYoungGen: 48608K->6336K(48640K)] 101794K->59530K(160256K), 0.0019190 secs] [Times: user=0.01 sys=0.00, real=0.00 secs] 
239.480: Total time for which application threads were stopped: 0.0034920 seconds, Stopping threads took: 0.0014970 seconds
239.518: Application time: 0.0386200 seconds
239.520: [GC [PSYoungGen: 48319K->6208K(48640K)] 101514K->59402K(160256K), 0.0018580 secs] [Times: user=0.01 sys=0.00, real=0.00 secs] 
239.522: Total time for which application threads were stopped: 0.0034320 seconds, Stopping threads took: 0.0014990 seconds
239.559: Application time: 0.0376190 seconds
239.561: [GC [PSYoungGen: 48192K->6624K(48640K)] 101386K->60258K(160256K), 0.0021240 secs] [Times: user=0.01 sys=0.00, real=0.01 secs] 
239.563: Total time for which application threads were stopped: 0.0040600 seconds, Stopping threads took: 0.0018430 seconds
239.600: Application time: 0.0371390 seconds
239.602: [GC [PSYoungGen: 48608K->6656K(48640K)] 102242K->60986K(160256K), 0.0022060 secs] [Times: user=0.01 sys=0.00, real=0.01 secs] 
239.604: Total time for which application threads were stopped: 0.0038040 seconds, Stopping threads took: 0.0015130 seconds
239.641: Application time: 0.0367850 seconds
239.643: [GC [PSYoungGen: 48640K->6640K(48640K)] 102970K->61914K(160256K), 0.0023890 secs] [Times: user=0.01 sys=0.00, real=0.01 secs] 
239.645: Total time for which application threads were stopped: 0.0043340 seconds, Stopping threads took: 0.0018640 seconds
239.683: Application time: 0.0375760 seconds
239.685: [GC [PSYoungGen: 48624K->6640K(48640K)] 103898K->62778K(160256K), 0.0022460 secs] [Times: user=0.01 sys=0.00, real=0.00 secs] 
239.687: Total time for which application threads were stopped: 0.0039500 seconds, Stopping threads took: 0.0016280 seconds
239.725: Application time: 0.0382440 seconds
239.726: [GC [PSYoungGen: 48624K->6640K(48640K)] 104762K->63618K(160256K), 0.0023510 secs] [Times: user=0.02 sys=0.00, real=0.00 secs] 
239.729: Total time for which application threads were stopped: 0.0035100 seconds, Stopping threads took: 0.0010760 seconds
239.767: Application time: 0.0382240 seconds
239.768: [GC [PSYoungGen: 48624K->5472K(48640K)] 105602K->62450K(160256K), 0.0018230 secs] [Times: user=0.01 sys=0.00, real=0.00 secs] 
239.770: Total time for which application threads were stopped: 0.0034410 seconds, Stopping threads took: 0.0015430 seconds
239.809: Application time: 0.0387280 seconds
239.811: [GC [PSYoungGen: 47456K->6640K(48640K)] 104434K->64171K(160256K), 0.0021750 secs] [Times: user=0.02 sys=0.00, real=0.01 secs] 
239.813: Total time for which application threads were stopped: 0.0040320 seconds, Stopping threads took: 0.0017760 seconds
239.852: Application time: 0.0388490 seconds
239.854: [GC [PSYoungGen: 48624K->6352K(48640K)] 106155K->63883K(160256K), 0.0018590 secs] [Times: user=0.01 sys=0.00, real=0.00 secs] 
239.856: Total time for which application threads were stopped: 0.0037820 seconds, Stopping threads took: 0.0018430 seconds
239.893: Application time: 0.0374140 seconds
239.895: [GC [PSYoungGen: 48336K->6624K(48640K)] 105867K->64163K(160256K), 0.0020340 secs] [Times: user=0.02 sys=0.00, real=0.00 secs] 
239.897: Total time for which application threads were stopped: 0.0037020 seconds, Stopping threads took: 0.0015850 seconds
239.935: Application time: 0.0384180 seconds
239.937: [GC [PSYoungGen: 48607K->6096K(48640K)] 106146K->63643K(160256K), 0.0018960 secs] [Times: user=0.01 sys=0.00, real=0.00 secs] 
239.939: Total time for which application threads were stopped: 0.0039960 seconds, Stopping threads took: 0.0020130 seconds
239.975: Application time: 0.0353140 seconds
239.977: [GC [PSYoungGen: 48080K->6656K(48640K)] 105627K->64923K(160256K), 0.0021250 secs] [Times: user=0.02 sys=0.00, real=0.00 secs] 
239.979: Total time for which application threads were stopped: 0.0042820 seconds, Stopping threads took: 0.0020740 seconds
240.016: Application time: 0.0371200 seconds
240.018: [GC [PSYoungGen: 48640K->6624K(48640K)] 106907K->65923K(160256K), 0.0023280 secs] [Times: user=0.02 sys=0.00, real=0.00 secs] 
240.020: Total time for which application threads were stopped: 0.0039940 seconds, Stopping threads took: 0.0015850 seconds
240.056: Application time: 0.0365030 seconds
240.058: [GC [PSYoungGen: 48608K->6656K(48640K)] 107907K->66363K(160256K), 0.0021060 secs] [Times: user=0.01 sys=0.00, real=0.00 secs] 
240.061: Total time for which application threads were stopped: 0.0040600 seconds, Stopping threads took: 0.0018760 seconds
240.098: Application time: 0.0372620 seconds
240.101: [GC [PSYoungGen: 48640K->6064K(48640K)] 108347K->65771K(160256K), 0.0017900 secs] [Times: user=0.02 sys=0.00, real=0.00 secs] 
240.102: Total time for which application threads were stopped: 0.0046310 seconds, Stopping threads took: 0.0027570 seconds
240.140: Application time: 0.0378440 seconds
240.143: [GC [PSYoungGen: 48048K->6432K(48640K)] 107755K->66139K(160256K), 0.0019790 secs] [Times: user=0.01 sys=0.00, real=0.01 secs] 
240.145: Total time for which application threads were stopped: 0.0044950 seconds, Stopping threads took: 0.0024260 seconds
240.183: Application time: 0.0382940 seconds
240.185: [GC [PSYoungGen: 48416K->6640K(48640K)] 108123K->66811K(160256K), 0.0020950 secs] [Times: user=0.02 sys=0.00, real=0.00 secs] 
240.187: Total time for which application threads were stopped: 0.0036060 seconds, Stopping threads took: 0.0014270 seconds
240.225: Application time: 0.0379850 seconds
240.226: [GC [PSYoungGen: 48624K->6640K(48640K)] 108795K->67051K(160256K), 0.0020950 secs] [Times: user=0.01 sys=0.00, real=0.00 secs] 
240.229: Total time for which application threads were stopped: 0.0038760 seconds, Stopping threads took: 0.0017000 seconds
240.266: Application time: 0.0377060 seconds
240.268: [GC [PSYoungGen: 48624K->6624K(48640K)] 109035K->67203K(160256K), 0.0020460 secs] [Times: user=0.01 sys=0.00, real=0.00 secs] 
240.270: Total time for which application threads were stopped: 0.0037820 seconds, Stopping threads took: 0.0016580 seconds
240.307: Application time: 0.0369790 seconds
240.309: [GC [PSYoungGen: 48608K->6656K(48640K)] 109187K->68099K(160256K), 0.0022490 secs] [Times: user=0.01 sys=0.00, real=0.01 secs] 
240.311: Total time for which application threads were stopped: 0.0043920 seconds, Stopping threads took: 0.0020640 seconds
240.348: Application time: 0.0367740 seconds
240.350: [GC [PSYoungGen: 48640K->6400K(48640K)] 110083K->67843K(160256K), 0.0020440 secs] [Times: user=0.01 sys=0.00, real=0.01 secs] 
240.352: Total time for which application threads were stopped: 0.0040130 seconds, Stopping threads took: 0.0018890 seconds
240.390: Application time: 0.0382880 seconds
240.399: [GC [PSYoungGen: 48384K->6240K(48640K)] 109827K->67699K(160256K), 0.0019230 secs] [Times: user=0.02 sys=0.00, real=0.00 secs] 
240.401: Total time for which application threads were stopped: 0.0100520 seconds, Stopping threads took: 0.0080560 seconds
240.436: Application time: 0.0359310 seconds
240.438: [GC [PSYoungGen: 48224K->6624K(48640K)] 109683K->68371K(160256K), 0.0020850 secs] [Times: user=0.02 sys=0.00, real=0.00 secs] 
240.440: Total time for which application threads were stopped: 0.0038540 seconds, Stopping threads took: 0.0016910 seconds
240.477: Application time: 0.0367230 seconds
240.479: [GC [PSYoungGen: 48608K->6624K(48640K)] 110355K->69139K(160256K), 0.0022050 secs] [Times: user=0.01 sys=0.00, real=0.00 secs] 
240.481: Total time for which application threads were stopped: 0.0040040 seconds, Stopping threads took: 0.0017110 seconds
240.518: Application time: 0.0371790 seconds
240.519: [GC [PSYoungGen: 48608K->6656K(48640K)] 111123K->70363K(160256K), 0.0023670 secs] [Times: user=0.02 sys=0.00, real=0.00 secs] 
240.522: Total time for which application threads were stopped: 0.0036350 seconds, Stopping threads took: 0.0011850 seconds
240.560: Application time: 0.0379040 seconds
240.562: [GC [PSYoungGen: 48640K->6000K(48640K)] 112347K->69707K(160256K), 0.0018070 secs] [Times: user=0.01 sys=0.00, real=0.01 secs] 
240.564: Total time for which application threads were stopped: 0.0045170 seconds, Stopping threads took: 0.0026330 seconds
240.601: Application time: 0.0369530 seconds
240.603: [GC [PSYoungGen: 47984K->6640K(48640K)] 111691K->70931K(160256K), 0.0022100 secs] [Times: user=0.01 sys=0.00, real=0.01 secs] 
240.605: Total time for which application threads were stopped: 0.0038820 seconds, Stopping threads took: 0.0015780 seconds
240.644: Application time: 0.0393030 seconds
240.647: [GC [PSYoungGen: 48624K->6304K(48640K)] 112915K->70595K(160256K), 0.0019230 secs] [Times: user=0.01 sys=0.00, real=0.00 secs] 
240.649: Total time for which application threads were stopped: 0.0040920 seconds, Stopping threads took: 0.0020880 seconds
240.686: Application time: 0.0375240 seconds
240.688: [GC [PSYoungGen: 48288K->6656K(48640K)] 112579K->71851K(160256K), 0.0022930 secs] [Times: user=0.01 sys=0.00, real=0.00 secs] 
240.690: Total time for which application threads were stopped: 0.0039110 seconds, Stopping threads took: 0.0015340 seconds
240.729: Application time: 0.0391870 seconds
240.730: [GC [PSYoungGen: 48640K->5216K(48640K)] 113835K->70411K(160256K), 0.0016090 secs] [Times: user=0.01 sys=0.00, real=0.01 secs] 
240.732: Total time for which application threads were stopped: 0.0029630 seconds, Stopping threads took: 0.0012770 seconds
240.771: Application time: 0.0385360 seconds
240.773: [GC [PSYoungGen: 47200K->6176K(48640K)] 112395K->71371K(160256K), 0.0020170 secs] [Times: user=0.01 sys=0.00, real=0.00 secs] 
240.775: Total time for which application threads were stopped: 0.0040240 seconds, Stopping threads took: 0.0019320 seconds
240.813: Application time: 0.0386180 seconds
240.815: [GC [PSYoungGen: 48160K->6528K(48640K)] 113355K->71739K(160256K), 0.0019840 secs] [Times: user=0.02 sys=0.00, real=0.00 secs] 
240.817: Total time for which application threads were stopped: 0.0032830 seconds, Stopping threads took: 0.0012210 seconds
240.855: Application time: 0.0388260 seconds
240.857: [GC [PSYoungGen: 48512K->5472K(48640K)] 113723K->70683K(160256K), 0.0017130 secs] [Times: user=0.01 sys=0.00, real=0.00 secs] 
240.859: Total time for which application threads were stopped: 0.0033050 seconds, Stopping threads took: 0.0015190 seconds
240.897: Application time: 0.0386510 seconds
240.899: [GC [PSYoungGen: 47456K->5440K(48640K)] 112667K->70659K(160256K), 0.0016770 secs] [Times: user=0.01 sys=0.00, real=0.00 secs] 
240.900: Total time for which application threads were stopped: 0.0029260 seconds, Stopping threads took: 0.0011730 seconds
240.939: Application time: 0.0391420 seconds
240.941: [GC [PSYoungGen: 47424K->6208K(48640K)] 112643K->71443K(160256K), 0.0019040 secs] [Times: user=0.01 sys=0.00, real=0.00 secs] 
240.943: Total time for which application threads were stopped: 0.0033500 seconds, Stopping threads took: 0.0013710 seconds
240.981: Application time: 0.0379530 seconds
240.983: [GC [PSYoungGen: 48192K->6448K(48640K)] 113427K->71691K(160256K), 0.0019160 secs] [Times: user=0.01 sys=0.00, real=0.01 secs] 
240.985: Total time for which application threads were stopped: 0.0037760 seconds, Stopping threads took: 0.0017780 seconds
241.020: Application time: 0.0356990 seconds
241.023: [GC [PSYoungGen: 48432K->6656K(48640K)] 113675K->72827K(160256K), 0.0021960 secs] [Times: user=0.02 sys=0.00, real=0.01 secs] 
241.025: Total time for which application threads were stopped: 0.0048700 seconds, Stopping threads took: 0.0025900 seconds
241.063: Application time: 0.0383840 seconds
241.065: [GC [PSYoungGen: 48640K->6064K(48640K)] 114811K->72251K(160256K), 0.0019680 secs] [Times: user=0.01 sys=0.00, real=0.00 secs] 
241.067: Total time for which application threads were stopped: 0.0033030 seconds, Stopping threads took: 0.0012470 seconds
241.105: Application time: 0.0385080 seconds
241.107: [GC [PSYoungGen: 48048K->6464K(48640K)] 114235K->72651K(160256K), 0.0019410 secs] [Times: user=0.01 sys=0.00, real=0.00 secs] 
241.109: Total time for which application threads were stopped: 0.0041040 seconds, Stopping threads took: 0.0020670 seconds
241.147: Application time: 0.0376440 seconds
241.149: [GC [PSYoungGen: 48448K->6640K(48640K)] 114635K->73999K(160256K), 0.0024200 secs] [Times: user=0.02 sys=0.00, real=0.01 secs] 
241.151: Total time for which application threads were stopped: 0.0043380 seconds, Stopping threads took: 0.0018330 seconds
241.190: Application time: 0.0385250 seconds
241.191: [GC [PSYoungGen: 48624K->6656K(48640K)] 115983K->74031K(160256K), 0.0020340 secs] [Times: user=0.01 sys=0.00, real=0.01 secs] 
241.193: Total time for which application threads were stopped: 0.0030360 seconds, Stopping threads took: 0.0009250 seconds
241.232: Application time: 0.0387390 seconds
241.233: [GC [PSYoungGen: 48640K->6656K(48640K)] 116015K->74791K(160256K), 0.0022980 secs] [Times: user=0.01 sys=0.00, real=0.00 secs] 
241.236: Total time for which application threads were stopped: 0.0038600 seconds, Stopping threads took: 0.0014820 seconds
241.275: Application time: 0.0389680 seconds
241.276: [GC [PSYoungGen: 48640K->5440K(48640K)] 116775K->73575K(160256K), 0.0017250 secs] [Times: user=0.01 sys=0.00, real=0.00 secs] 
241.278: Total time for which application threads were stopped: 0.0030280 seconds, Stopping threads took: 0.0012180 seconds
241.317: Application time: 0.0391170 seconds
241.318: [GC [PSYoungGen: 47424K->5856K(48640K)] 115559K->74007K(160256K), 0.0017970 secs] [Times: user=0.01 sys=0.00, real=0.00 secs] 
241.320: Total time for which application threads were stopped: 0.0031600 seconds, Stopping threads took: 0.0012870 seconds
241.358: Application time: 0.0383520 seconds
241.360: [GC [PSYoungGen: 47840K->6656K(48640K)] 115991K->75659K(160256K), 0.0023830 secs] [Times: user=0.02 sys=0.00, real=0.00 secs] 
241.362: Total time for which application threads were stopped: 0.0038690 seconds, Stopping threads took: 0.0014070 seconds
241.398: Application time: 0.0360970 seconds
241.400: [GC [PSYoungGen: 48640K->6656K(48640K)] 117643K->76947K(160256K), 0.0023690 secs] [Times: user=0.02 sys=0.00, real=0.00 secs] 
241.402: Total time for which application threads were stopped: 0.0041090 seconds, Stopping threads took: 0.0016550 seconds
241.441: Application time: 0.0386160 seconds
241.443: [GC [PSYoungGen: 48640K->6288K(48640K)] 118931K->76579K(160256K), 0.0019420 secs] [Times: user=0.01 sys=0.00, real=0.00 secs] 
241.445: Total time for which application threads were stopped: 0.0043640 seconds, Stopping threads took: 0.0023450 seconds
241.485: Application time: 0.0393400 seconds
241.487: [GC [PSYoungGen: 48272K->6640K(48640K)] 118563K->77331K(160256K), 0.0021950 secs] [Times: user=0.02 sys=0.00, real=0.00 secs] 
241.489: Total time for which application threads were stopped: 0.0047870 seconds, Stopping threads took: 0.0025060 seconds
241.529: Application time: 0.0400390 seconds
241.531: [GC [PSYoungGen: 48624K->6656K(48640K)] 119315K->78635K(160256K), 0.0023890 secs] [Times: user=0.02 sys=0.00, real=0.00 secs] 
241.534: Total time for which application threads were stopped: 0.0043070 seconds, Stopping threads took: 0.0018370 seconds
241.575: Application time: 0.0414960 seconds
241.577: [GC [PSYoungGen: 48640K->6656K(48640K)] 120619K->78787K(160256K), 0.0021610 secs] [Times: user=0.02 sys=0.00, real=0.00 secs] 
241.579: Total time for which application threads were stopped: 0.0038000 seconds, Stopping threads took: 0.0015580 seconds
241.620: Application time: 0.0405770 seconds
241.621: [GC [PSYoungGen: 48640K->6656K(48640K)] 120771K->78843K(160256K), 0.0020860 secs] [Times: user=0.01 sys=0.00, real=0.01 secs] 
241.623: Total time for which application threads were stopped: 0.0037570 seconds, Stopping threads took: 0.0015790 seconds
241.664: Application time: 0.0407440 seconds
241.666: [GC [PSYoungGen: 48640K->6656K(48640K)] 120827K->79091K(160256K), 0.0021520 secs] [Times: user=0.01 sys=0.00, real=0.00 secs] 
241.668: Total time for which application threads were stopped: 0.0039650 seconds, Stopping threads took: 0.0017330 seconds
241.708: Application time: 0.0404210 seconds
241.710: [GC [PSYoungGen: 48640K->6656K(48640K)] 121075K->80047K(160256K), 0.0025300 secs] [Times: user=0.02 sys=0.00, real=0.01 secs] 
241.712: Total time for which application threads were stopped: 0.0039150 seconds, Stopping threads took: 0.0012990 seconds
241.754: Application time: 0.0414150 seconds
241.756: [GC [PSYoungGen: 48640K->6128K(48640K)] 122031K->79519K(160256K), 0.0020520 secs] [Times: user=0.01 sys=0.00, real=0.00 secs] 
241.758: Total time for which application threads were stopped: 0.0046310 seconds, Stopping threads took: 0.0025010 seconds
241.800: Application time: 0.0414850 seconds
241.802: [GC [PSYoungGen: 48112K->6112K(48640K)] 121503K->79503K(160256K), 0.0020730 secs] [Times: user=0.02 sys=0.00, real=0.01 secs] 
241.805: Total time for which application threads were stopped: 0.0045620 seconds, Stopping threads took: 0.0024070 seconds
241.845: Application time: 0.0406550 seconds
241.847: [GC [PSYoungGen: 48096K->6416K(48640K)] 121487K->79815K(160256K), 0.0020150 secs] [Times: user=0.02 sys=0.00, real=0.00 secs] 
241.849: Total time for which application threads were stopped: 0.0034200 seconds, Stopping threads took: 0.0013240 seconds
241.889: Application time: 0.0407990 seconds
241.891: [GC [PSYoungGen: 48399K->5792K(48640K)] 121798K->79191K(160256K), 0.0020850 secs] [Times: user=0.01 sys=0.00, real=0.00 secs] 
241.894: Total time for which application threads were stopped: 0.0041540 seconds, Stopping threads took: 0.0019920 seconds
241.934: Application time: 0.0407490 seconds
241.937: [GC [PSYoungGen: 47776K->6032K(48640K)] 121175K->79431K(160256K), 0.0018280 secs] [Times: user=0.01 sys=0.00, real=0.00 secs] 
241.939: Total time for which application threads were stopped: 0.0050230 seconds, Stopping threads took: 0.0031200 seconds
241.981: Application time: 0.0412930 seconds
241.984: [GC [PSYoungGen: 48016K->6416K(48640K)] 121415K->79823K(160256K), 0.0019160 secs] [Times: user=0.01 sys=0.00, real=0.00 secs] 
241.986: Total time for which application threads were stopped: 0.0050040 seconds, Stopping threads took: 0.0030100 seconds
242.026: Application time: 0.0399850 seconds
242.027: [GC [PSYoungGen: 48400K->6640K(48640K)] 121807K->81127K(160256K), 0.0023740 secs] [Times: user=0.02 sys=0.00, real=0.00 secs] 
242.030: Total time for which application threads were stopped: 0.0042630 seconds, Stopping threads took: 0.0018090 seconds
242.070: Application time: 0.0401110 seconds
242.073: [GC [PSYoungGen: 48624K->6592K(48640K)] 123111K->81087K(160256K), 0.0020350 secs] [Times: user=0.01 sys=0.00, real=0.00 secs] 
242.075: Total time for which application threads were stopped: 0.0048240 seconds, Stopping threads took: 0.0027080 seconds
242.114: Application time: 0.0396250 seconds
242.117: [GC [PSYoungGen: 48576K->6624K(48640K)] 123071K->81920K(160256K), 0.0023940 secs] [Times: user=0.02 sys=0.00, real=0.00 secs] 
242.120: Total time for which application threads were stopped: 0.0053410 seconds, Stopping threads took: 0.0028650 seconds
242.160: Application time: 0.0401690 seconds
242.161: [GC [PSYoungGen: 48608K->6656K(48640K)] 123904K->82047K(160256K), 0.0020630 secs] [Times: user=0.01 sys=0.00, real=0.01 secs] 
242.164: Total time for which application threads were stopped: 0.0035650 seconds, Stopping threads took: 0.0014110 seconds
242.202: Application time: 0.0389650 seconds
242.205: [GC [PSYoungGen: 48640K->6656K(48640K)] 124031K->82583K(160256K), 0.0021360 secs] [Times: user=0.02 sys=0.00, real=0.00 secs] 
242.207: Total time for which application threads were stopped: 0.0043410 seconds, Stopping threads took: 0.0021210 seconds
242.247: Application time: 0.0400990 seconds
242.249: [GC [PSYoungGen: 48640K->6656K(48640K)] 124567K->82623K(160256K), 0.0020940 secs] [Times: user=0.01 sys=0.00, real=0.00 secs] 
242.251: Total time for which application threads were stopped: 0.0040760 seconds, Stopping threads took: 0.0019050 seconds
242.292: Application time: 0.0405250 seconds
242.294: [GC [PSYoungGen: 48640K->6624K(48640K)] 124607K->82760K(160256K), 0.0020400 secs] [Times: user=0.01 sys=0.00, real=0.00 secs] 
242.296: Total time for which application threads were stopped: 0.0048800 seconds, Stopping threads took: 0.0027540 seconds
242.337: Application time: 0.0409170 seconds
242.339: [GC [PSYoungGen: 48608K->6272K(48640K)] 124744K->82408K(160256K), 0.0019580 secs] [Times: user=0.01 sys=0.00, real=0.00 secs] 
242.341: Total time for which application threads were stopped: 0.0033780 seconds, Stopping threads took: 0.0013400 seconds
242.380: Application time: 0.0391070 seconds
242.381: [GC [PSYoungGen: 48256K->6624K(48640K)] 124392K->82775K(160256K), 0.0019900 secs] [Times: user=0.02 sys=0.00, real=0.00 secs] 
242.383: Total time for which application threads were stopped: 0.0033180 seconds, Stopping threads took: 0.0012390 seconds
242.425: Application time: 0.0417160 seconds
242.426: [GC [PSYoungGen: 48608K->5952K(48640K)] 124759K->82120K(160256K), 0.0018910 secs] [Times: user=0.02 sys=0.00, real=0.00 secs] 
242.428: Total time for which application threads were stopped: 0.0027120 seconds, Stopping threads took: 0.0007420 seconds
242.467: Application time: 0.0397080 seconds
242.469: [GC [PSYoungGen: 47936K->6448K(48640K)] 124104K->82615K(160256K), 0.0019720 secs] [Times: user=0.01 sys=0.00, real=0.00 secs] 
242.471: Total time for which application threads were stopped: 0.0036810 seconds, Stopping threads took: 0.0016260 seconds
242.512: Application time: 0.0411420 seconds
242.514: [GC [PSYoungGen: 48432K->6144K(48640K)] 124599K->82320K(160256K), 0.0019740 secs] [Times: user=0.01 sys=0.00, real=0.00 secs] 
242.516: Total time for which application threads were stopped: 0.0036690 seconds, Stopping threads took: 0.0016160 seconds
242.557: Application time: 0.0408250 seconds
242.560: [GC [PSYoungGen: 48128K->6464K(48640K)] 124304K->82639K(160256K), 0.0019470 secs] [Times: user=0.01 sys=0.00, real=0.00 secs] 
242.562: Total time for which application threads were stopped: 0.0049150 seconds, Stopping threads took: 0.0028850 seconds
242.603: Application time: 0.0409840 seconds
242.604: [GC [PSYoungGen: 48448K->6624K(48640K)] 124623K->83328K(160256K), 0.0022970 secs] [Times: user=0.01 sys=0.00, real=0.00 secs] 
242.606: Total time for which application threads were stopped: 0.0036140 seconds, Stopping threads took: 0.0012360 seconds
242.648: Application time: 0.0415290 seconds
242.649: [GC [PSYoungGen: 48608K->5632K(48640K)] 125312K->82352K(160256K), 0.0018140 secs] [Times: user=0.01 sys=0.00, real=0.00 secs] 
242.651: Total time for which application threads were stopped: 0.0033630 seconds, Stopping threads took: 0.0014680 seconds
242.691: Application time: 0.0397090 seconds
242.693: [GC [PSYoungGen: 47616K->6624K(48640K)] 124336K->84512K(160256K), 0.0023470 secs] [Times: user=0.02 sys=0.00, real=0.00 secs] 
242.695: Total time for which application threads were stopped: 0.0042740 seconds, Stopping threads took: 0.0018350 seconds
242.735: Application time: 0.0396400 seconds
242.738: [GC [PSYoungGen: 48608K->6656K(48640K)] 126496K->85896K(160256K), 0.0025040 secs] [Times: user=0.02 sys=0.00, real=0.00 secs] 
242.740: Total time for which application threads were stopped: 0.0055620 seconds, Stopping threads took: 0.0029690 seconds
242.780: Application time: 0.0401380 seconds
242.782: [GC [PSYoungGen: 48640K->6384K(48640K)] 127880K->85624K(160256K), 0.0019700 secs] [Times: user=0.01 sys=0.00, real=0.01 secs] 
242.784: Total time for which application threads were stopped: 0.0034050 seconds, Stopping threads took: 0.0013530 seconds
242.824: Application time: 0.0399270 seconds
242.826: [GC [PSYoungGen: 48368K->6656K(48640K)] 127608K->85944K(160256K), 0.0020730 secs] [Times: user=0.02 sys=0.00, real=0.00 secs] 
242.828: Total time for which application threads were stopped: 0.0047290 seconds, Stopping threads took: 0.0025740 seconds
242.869: Application time: 0.0409490 seconds
242.871: [GC [PSYoungGen: 48640K->5744K(48640K)] 127928K->85032K(160256K), 0.0018480 secs] [Times: user=0.01 sys=0.00, real=0.00 secs] 
242.873: Total time for which application threads were stopped: 0.0039530 seconds, Stopping threads took: 0.0020260 seconds
242.914: Application time: 0.0404720 seconds
242.917: [GC [PSYoungGen: 47728K->6624K(48640K)] 127016K->85944K(160256K), 0.0020660 secs] [Times: user=0.02 sys=0.01, real=0.00 secs] 
242.919: Total time for which application threads were stopped: 0.0049020 seconds, Stopping threads took: 0.0027530 seconds
242.958: Application time: 0.0390250 seconds
242.959: [GC [PSYoungGen: 48608K->6624K(48640K)] 127928K->86344K(160256K), 0.0021050 secs] [Times: user=0.02 sys=0.00, real=0.00 secs] 
242.961: Total time for which application threads were stopped: 0.0033990 seconds, Stopping threads took: 0.0012130 seconds
243.000: Application time: 0.0392580 seconds
243.003: [GC [PSYoungGen: 48608K->6432K(48640K)] 128328K->86152K(160256K), 0.0019010 secs] [Times: user=0.01 sys=0.00, real=0.01 secs] 
243.005: Total time for which application threads were stopped: 0.0045740 seconds, Stopping threads took: 0.0025880 seconds
243.044: Application time: 0.0386740 seconds
243.046: [GC [PSYoungGen: 48416K->6624K(48640K)] 128136K->87300K(160256K), 0.0023440 secs] [Times: user=0.02 sys=0.00, real=0.00 secs] 
243.048: Total time for which application threads were stopped: 0.0044240 seconds, Stopping threads took: 0.0019860 seconds
243.088: Application time: 0.0402810 seconds
243.090: [GC [PSYoungGen: 48608K->6640K(48640K)] 129284K->87692K(160256K), 0.0023190 secs] [Times: user=0.01 sys=0.00, real=0.01 secs] 
243.093: Total time for which application threads were stopped: 0.0041460 seconds, Stopping threads took: 0.0017430 seconds
243.130: Application time: 0.0372120 seconds
243.132: [GC [PSYoungGen: 48624K->6656K(48640K)] 129676K->89268K(160256K), 0.0025060 secs] [Times: user=0.01 sys=0.00, real=0.00 secs] 
243.135: Total time for which application threads were stopped: 0.0051870 seconds, Stopping threads took: 0.0025950 seconds
243.177: Application time: 0.0416190 seconds
243.179: [GC [PSYoungGen: 48640K->6560K(48640K)] 131252K->89172K(160256K), 0.0019790 secs] [Times: user=0.01 sys=0.00, real=0.00 secs] 
243.181: Total time for which application threads were stopped: 0.0046370 seconds, Stopping threads took: 0.0025670 seconds
243.222: Application time: 0.0405430 seconds
243.224: [GC [PSYoungGen: 48544K->5984K(48640K)] 131156K->88596K(160256K), 0.0018230 secs] [Times: user=0.01 sys=0.00, real=0.00 secs] 
243.226: Total time for which application threads were stopped: 0.0038960 seconds, Stopping threads took: 0.0019850 seconds
243.267: Application time: 0.0413570 seconds
243.269: [GC [PSYoungGen: 47968K->6304K(48640K)] 130580K->88924K(160256K), 0.0020800 secs] [Times: user=0.01 sys=0.00, real=0.00 secs] 
243.271: Total time for which application threads were stopped: 0.0037510 seconds, Stopping threads took: 0.0015890 seconds
243.311: Application time: 0.0399680 seconds
243.313: [GC [PSYoungGen: 48288K->6640K(48640K)] 130908K->90288K(160256K), 0.0023530 secs] [Times: user=0.01 sys=0.00, real=0.00 secs] 
243.315: Total time for which application threads were stopped: 0.0043910 seconds, Stopping threads took: 0.0019550 seconds
243.355: Application time: 0.0395790 seconds
243.356: [GC [PSYoungGen: 48624K->6656K(48640K)] 132272K->91608K(160256K), 0.0024760 secs] [Times: user=0.02 sys=0.00, real=0.00 secs] 
243.359: Total time for which application threads were stopped: 0.0040900 seconds, Stopping threads took: 0.0015180 seconds
243.399: Application time: 0.0397680 seconds
243.401: [GC [PSYoungGen: 48640K->6656K(48640K)] 133592K->92436K(160256K), 0.0022760 secs] [Times: user=0.01 sys=0.00, real=0.00 secs] 
243.403: Total time for which application threads were stopped: 0.0044860 seconds, Stopping threads took: 0.0021250 seconds
243.443: Application time: 0.0400450 seconds
243.446: [GC [PSYoungGen: 48640K->6624K(48640K)] 134420K->93416K(160256K), 0.0023080 secs] [Times: user=0.02 sys=0.00, real=0.00 secs] 
243.448: Total time for which application threads were stopped: 0.0053670 seconds, Stopping threads took: 0.0029770 seconds
243.488: Application time: 0.0399480 seconds
243.490: [GC [PSYoungGen: 48608K->6048K(48640K)] 135400K->92848K(160256K), 0.0020210 secs] [Times: user=0.01 sys=0.00, real=0.01 secs] 
243.492: Total time for which application threads were stopped: 0.0039780 seconds, Stopping threads took: 0.0018690 seconds
243.534: Application time: 0.0417180 seconds
243.536: [GC [PSYoungGen: 48032K->4512K(48640K)] 134832K->91320K(160256K), 0.0014170 secs] [Times: user=0.01 sys=0.00, real=0.00 secs] 
243.537: Total time for which application threads were stopped: 0.0030940 seconds, Stopping threads took: 0.0016040 seconds
243.575: Application time: 0.0381760 seconds
243.578: [GC [PSYoungGen: 46496K->6656K(48640K)] 133304K->94576K(160256K), 0.0023810 secs] [Times: user=0.01 sys=0.00, real=0.00 secs] 
243.580: Total time for which application threads were stopped: 0.0046730 seconds, Stopping threads took: 0.0022070 seconds
243.621: Application time: 0.0407430 seconds
243.621: [GC [PSYoungGen: 48640K->6144K(48640K)] 136560K->94064K(160256K), 0.0019930 secs] [Times: user=0.01 sys=0.00, real=0.01 secs] 
243.623: Total time for which application threads were stopped: 0.0026920 seconds, Stopping threads took: 0.0006230 seconds
243.662: Application time: 0.0383240 seconds
243.664: [GC [PSYoungGen: 48128K->6656K(48640K)] 136048K->95512K(160256K), 0.0023780 secs] [Times: user=0.02 sys=0.00, real=0.00 secs] 
243.666: Total time for which application threads were stopped: 0.0046400 seconds, Stopping threads took: 0.0021800 seconds
243.706: Application time: 0.0394320 seconds
243.708: [GC [PSYoungGen: 48640K->6624K(48640K)] 137496K->95680K(160256K), 0.0021060 secs] [Times: user=0.01 sys=0.00, real=0.00 secs] 
243.710: Total time for which application threads were stopped: 0.0044710 seconds, Stopping threads took: 0.0022820 seconds
243.750: Application time: 0.0401310 seconds
243.753: [GC [PSYoungGen: 48608K->5376K(48640K)] 137664K->94432K(160256K), 0.0017160 secs] [Times: user=0.01 sys=0.00, real=0.00 secs] 
243.754: Total time for which application threads were stopped: 0.0039040 seconds, Stopping threads took: 0.0020960 seconds
243.794: Application time: 0.0399750 seconds
243.797: [GC [PSYoungGen: 47360K->6096K(48640K)] 136416K->95152K(160256K), 0.0018560 secs] [Times: user=0.01 sys=0.00, real=0.00 secs] 
243.799: Total time for which application threads were stopped: 0.0045280 seconds, Stopping threads took: 0.0025960 seconds
243.839: Application time: 0.0404820 seconds
243.842: [GC [PSYoungGen: 48080K->6208K(48640K)] 137136K->95280K(160256K), 0.0019600 secs] [Times: user=0.01 sys=0.00, real=0.01 secs] 
243.844: Total time for which application threads were stopped: 0.0041580 seconds, Stopping threads took: 0.0021200 seconds
243.883: Application time: 0.0396200 seconds
243.886: [GC [PSYoungGen: 48192K->6656K(48640K)] 137264K->96508K(160256K), 0.0024740 secs] [Times: user=0.02 sys=0.00, real=0.00 secs] 
243.888: Total time for which application threads were stopped: 0.0049030 seconds, Stopping threads took: 0.0023410 seconds
243.927: Application time: 0.0392980 seconds
243.930: [GC [PSYoungGen: 48640K->6624K(48640K)] 138492K->96988K(160256K), 0.0023400 secs] [Times: user=0.02 sys=0.00, real=0.01 secs] 
243.932: Total time for which application threads were stopped: 0.0048040 seconds, Stopping threads took: 0.0023590 seconds
243.972: Application time: 0.0402980 seconds
243.974: [GC [PSYoungGen: 48608K->6000K(48640K)] 138972K->96364K(160256K), 0.0019570 secs] [Times: user=0.01 sys=0.00, real=0.00 secs] 
243.976: Total time for which application threads were stopped: 0.0039480 seconds, Stopping threads took: 0.0019070 seconds
244.017: Application time: 0.0408540 seconds
244.019: [GC [PSYoungGen: 47984K->6656K(48640K)] 138348K->97548K(160256K), 0.0022540 secs] [Times: user=0.01 sys=0.00, real=0.00 secs] 
244.021: Total time for which application threads were stopped: 0.0040990 seconds, Stopping threads took: 0.0017600 seconds
244.062: Application time: 0.0406910 seconds
244.064: [GC [PSYoungGen: 48640K->6624K(48640K)] 139532K->98348K(160256K), 0.0023470 secs] [Times: user=0.02 sys=0.00, real=0.00 secs] 
244.066: Total time for which application threads were stopped: 0.0041430 seconds, Stopping threads took: 0.0017090 seconds
244.105: Application time: 0.0391030 seconds
244.108: [GC [PSYoungGen: 48608K->6656K(48640K)] 140332K->99572K(160256K), 0.0024990 secs] [Times: user=0.02 sys=0.00, real=0.00 secs] 
244.110: Total time for which application threads were stopped: 0.0050060 seconds, Stopping threads took: 0.0024010 seconds
244.149: Application time: 0.0389580 seconds
244.152: [GC [PSYoungGen: 48638K->6656K(48640K)] 141554K->100396K(160256K), 0.0023300 secs] [Times: user=0.02 sys=0.00, real=0.00 secs] 
244.154: Total time for which application threads were stopped: 0.0045850 seconds, Stopping threads took: 0.0021730 seconds
244.192: Application time: 0.0384910 seconds
244.195: [GC [PSYoungGen: 48640K->6656K(48640K)] 142380K->101820K(160256K), 0.0023790 secs] [Times: user=0.02 sys=0.00, real=0.00 secs] 
244.197: Total time for which application threads were stopped: 0.0046090 seconds, Stopping threads took: 0.0021400 seconds
244.237: Application time: 0.0397950 seconds
244.240: [GC [PSYoungGen: 48640K->6528K(48640K)] 143804K->101692K(160256K), 0.0020430 secs] [Times: user=0.01 sys=0.00, real=0.00 secs] 
244.242: Total time for which application threads were stopped: 0.0051630 seconds, Stopping threads took: 0.0030100 seconds
244.281: Application time: 0.0394770 seconds
244.283: [GC [PSYoungGen: 48512K->6624K(48640K)] 143676K->102848K(160256K), 0.0024070 secs] [Times: user=0.01 sys=0.00, real=0.00 secs] 
244.286: Total time for which application threads were stopped: 0.0044250 seconds, Stopping threads took: 0.0019270 seconds
244.325: Application time: 0.0395070 seconds
244.327: [GC [PSYoungGen: 48607K->6656K(48640K)] 144832K->103720K(160256K), 0.0023380 secs] [Times: user=0.01 sys=0.00, real=0.00 secs] 
244.329: Total time for which application threads were stopped: 0.0038400 seconds, Stopping threads took: 0.0014190 seconds
244.368: Application time: 0.0392750 seconds
244.370: [GC [PSYoungGen: 48640K->6656K(48640K)] 145704K->104216K(160256K), 0.0022160 secs] [Times: user=0.02 sys=0.00, real=0.01 secs] 
244.372: Total time for which application threads were stopped: 0.0039560 seconds, Stopping threads took: 0.0016550 seconds
244.411: Application time: 0.0384570 seconds
244.413: [GC [PSYoungGen: 48640K->6656K(48640K)] 146200K->105008K(160256K), 0.0022670 secs] [Times: user=0.02 sys=0.00, real=0.00 secs] 
244.415: Total time for which application threads were stopped: 0.0043670 seconds, Stopping threads took: 0.0020160 seconds
244.455: Application time: 0.0401290 seconds
244.458: [GC [PSYoungGen: 48640K->6656K(48640K)] 146992K->106072K(160256K), 0.0023760 secs] [Times: user=0.01 sys=0.00, real=0.00 secs] 
244.460: Total time for which application threads were stopped: 0.0049710 seconds, Stopping threads took: 0.0025140 seconds
244.501: Application time: 0.0405340 seconds
244.502: [GC [PSYoungGen: 48640K->6656K(48640K)] 148056K->106544K(160256K), 0.0022830 secs] [Times: user=0.02 sys=0.00, real=0.01 secs] 
244.505: Total time for which application threads were stopped: 0.0037140 seconds, Stopping threads took: 0.0013490 seconds
244.545: Application time: 0.0405440 seconds
244.546: [GC [PSYoungGen: 48640K->6640K(48640K)] 148528K->106632K(160256K), 0.0021210 secs] [Times: user=0.02 sys=0.00, real=0.00 secs] 
244.549: Total time for which application threads were stopped: 0.0034880 seconds, Stopping threads took: 0.0012840 seconds
244.589: Application time: 0.0400460 seconds
244.591: [GC [PSYoungGen: 48624K->6640K(48640K)] 148616K->107528K(160256K), 0.0023030 secs] [Times: user=0.01 sys=0.00, real=0.01 secs] 
244.593: Total time for which application threads were stopped: 0.0043320 seconds, Stopping threads took: 0.0019430 seconds
244.633: Application time: 0.0402390 seconds
244.635: [GC [PSYoungGen: 48624K->6624K(48640K)] 149512K->107600K(160256K), 0.0020560 secs] [Times: user=0.02 sys=0.00, real=0.00 secs] 
244.637: Total time for which application threads were stopped: 0.0039570 seconds, Stopping threads took: 0.0018130 seconds
244.676: Application time: 0.0389800 seconds
244.679: [GC [PSYoungGen: 48608K->6656K(48640K)] 149584K->108977K(160256K), 0.0024680 secs] [Times: user=0.01 sys=0.01, real=0.00 secs] 
244.682: Total time for which application threads were stopped: 0.0053460 seconds, Stopping threads took: 0.0027930 seconds
244.722: Application time: 0.0401120 seconds
244.724: [GC [PSYoungGen: 48640K->6640K(48640K)] 150961K->110425K(160256K), 0.0025000 secs] [Times: user=0.01 sys=0.00, real=0.00 secs] 
244.726: Total time for which application threads were stopped: 0.0046220 seconds, Stopping threads took: 0.0020350 seconds
244.764: Application time: 0.0376910 seconds
244.766: [GC [PSYoungGen: 48624K->6656K(48640K)] 152409K->111113K(160256K), 0.0022490 secs] [Times: user=0.01 sys=0.00, real=0.00 secs] 
244.768: Total time for which application threads were stopped: 0.0042410 seconds, Stopping threads took: 0.0019080 seconds
244.810: Application time: 0.0413310 seconds
244.812: [GC [PSYoungGen: 48640K->6656K(48640K)] 153097K->111169K(160256K), 0.0021100 secs] [Times: user=0.01 sys=0.00, real=0.00 secs] 
244.814: Total time for which application threads were stopped: 0.0045340 seconds, Stopping threads took: 0.0023280 seconds
244.854: Application time: 0.0398950 seconds
244.855: [GC [PSYoungGen: 48640K->6288K(48640K)] 153153K->110801K(160256K), 0.0022720 secs] [Times: user=0.01 sys=0.00, real=0.00 secs] 
244.857: Total time for which application threads were stopped: 0.0033960 seconds, Stopping threads took: 0.0010390 seconds
244.896: Application time: 0.0385620 seconds
244.898: [GC [PSYoungGen: 48272K->6640K(48640K)] 152785K->112217K(160256K), 0.0025420 secs] [Times: user=0.01 sys=0.00, real=0.00 secs] 
244.901: Total time for which application threads were stopped: 0.0050140 seconds, Stopping threads took: 0.0023860 seconds
244.941: Application time: 0.0395920 seconds
244.943: [GC [PSYoungGen: 48624K->6640K(48640K)] 154201K->112609K(160256K), 0.0022080 secs] [Times: user=0.02 sys=0.00, real=0.01 secs] 
244.945: Total time for which application threads were stopped: 0.0043250 seconds, Stopping threads took: 0.0020280 seconds
244.985: Application time: 0.0396570 seconds
244.987: [GC [PSYoungGen: 48624K->6656K(48640K)] 154593K->112697K(160256K), 0.0020740 secs] [Times: user=0.01 sys=0.00, real=0.00 secs] 
244.989: Total time for which application threads were stopped: 0.0040440 seconds, Stopping threads took: 0.0018870 seconds
245.029: Application time: 0.0400800 seconds
245.031: [GC [PSYoungGen: 48640K->6368K(48640K)] 154681K->112409K(160256K), 0.0020140 secs] [Times: user=0.02 sys=0.00, real=0.01 secs] 
245.033: Total time for which application threads were stopped: 0.0041140 seconds, Stopping threads took: 0.0020140 seconds
245.073: Application time: 0.0399130 seconds
245.075: [GC [PSYoungGen: 48352K->6224K(48640K)] 154393K->112265K(160256K), 0.0021170 secs] [Times: user=0.01 sys=0.00, real=0.00 secs] 
245.077: Total time for which application threads were stopped: 0.0039240 seconds, Stopping threads took: 0.0017160 seconds
245.118: Application time: 0.0409720 seconds
245.120: [GC [PSYoungGen: 48208K->6192K(48640K)] 154249K->112241K(160256K), 0.0020520 secs] [Times: user=0.01 sys=0.00, real=0.00 secs] 
245.122: Total time for which application threads were stopped: 0.0041400 seconds, Stopping threads took: 0.0019850 seconds
245.162: Application time: 0.0399910 seconds
245.163: [GC [PSYoungGen: 48176K->6656K(48640K)] 154225K->113105K(160256K), 0.0022560 secs] [Times: user=0.01 sys=0.00, real=0.01 secs] 
245.165: Total time for which application threads were stopped: 0.0034310 seconds, Stopping threads took: 0.0010890 seconds
245.206: Application time: 0.0408470 seconds
245.207: [GC [PSYoungGen: 48640K->6208K(48640K)] 155089K->112665K(160256K), 0.0019600 secs] [Times: user=0.01 sys=0.00, real=0.00 secs] 
245.209: Total time for which application threads were stopped: 0.0030820 seconds, Stopping threads took: 0.0010410 seconds
245.250: Application time: 0.0411630 seconds
245.252: [GC [PSYoungGen: 48192K->6656K(48640K)] 154649K->113337K(160256K), 0.0022480 secs] [Times: user=0.02 sys=0.00, real=0.00 secs] 
245.254: Total time for which application threads were stopped: 0.0040170 seconds, Stopping threads took: 0.0016890 seconds
245.295: Application time: 0.0403470 seconds
245.296: [GC [PSYoungGen: 48640K->6656K(48640K)] 155321K->114185K(160256K), 0.0022900 secs] [Times: user=0.02 sys=0.00, real=0.00 secs] 
245.298: Total time for which application threads were stopped: 0.0035560 seconds, Stopping threads took: 0.0011800 seconds
245.338: Application time: 0.0400420 seconds
245.341: [GC [PSYoungGen: 48640K->6640K(48640K)] 156169K->114401K(160256K), 0.0023050 secs] [Times: user=0.01 sys=0.00, real=0.00 secs] 
245.343: Total time for which application threads were stopped: 0.0045780 seconds, Stopping threads took: 0.0021690 seconds
245.383: Application time: 0.0396780 seconds
245.385: [GC [PSYoungGen: 48624K->6656K(48640K)] 156385K->114457K(160256K), 0.0023490 secs] [Times: user=0.01 sys=0.00, real=0.00 secs] 
245.387: Total time for which application threads were stopped: 0.0043940 seconds, Stopping threads took: 0.0019530 seconds
245.427: Application time: 0.0397400 seconds
245.428: [GC [PSYoungGen: 48640K->6640K(48640K)] 156441K->114465K(160256K), 0.0022630 secs] [Times: user=0.01 sys=0.00, real=0.00 secs] 
245.431: Total time for which application threads were stopped: 0.0039800 seconds, Stopping threads took: 0.0016160 seconds
245.470: Application time: 0.0394130 seconds
245.472: [GC [PSYoungGen: 48624K->6208K(48640K)] 156449K->114049K(160256K), 0.0019970 secs] [Times: user=0.02 sys=0.00, real=0.00 secs] 
245.474: Total time for which application threads were stopped: 0.0038120 seconds, Stopping threads took: 0.0017380 seconds
245.512: Application time: 0.0384920 seconds
245.514: [GC [PSYoungGen: 48192K->6656K(48640K)] 156033K->115145K(160256K), 0.0023170 secs] [Times: user=0.01 sys=0.00, real=0.00 secs] 
245.516: Total time for which application threads were stopped: 0.0037270 seconds, Stopping threads took: 0.0013240 seconds
245.553: Application time: 0.0367200 seconds
245.554: [GC [PSYoungGen: 48640K->6656K(48640K)] 157129K->116113K(160256K), 0.0023380 secs] [Times: user=0.02 sys=0.00, real=0.00 secs] 
245.557: Total time for which application threads were stopped: 0.0039690 seconds, Stopping threads took: 0.0015470 seconds
245.595: Application time: 0.0379210 seconds
245.597: [GC [PSYoungGen: 48640K->6640K(48640K)] 158097K->116401K(160256K), 0.0021800 secs] [Times: user=0.01 sys=0.00, real=0.00 secs] 
245.599: Total time for which application threads were stopped: 0.0040800 seconds, Stopping threads took: 0.0018190 seconds
245.637: Application time: 0.0385440 seconds
245.639: [GC [PSYoungGen: 48624K->5344K(48640K)] 158385K->115105K(160256K), 0.0016820 secs] [Times: user=0.01 sys=0.00, real=0.00 secs] 
245.640: Total time for which application threads were stopped: 0.0029720 seconds, Stopping threads took: 0.0012130 seconds
245.679: Application time: 0.0387520 seconds
245.680: [GC [PSYoungGen: 47328K->6240K(48640K)] 157089K->116009K(160256K), 0.0020160 secs] [Times: user=0.01 sys=0.00, real=0.00 secs] 
245.682: Total time for which application threads were stopped: 0.0029900 seconds, Stopping threads took: 0.0008960 seconds
245.720: Application time: 0.0380170 seconds
245.722: [GC [PSYoungGen: 48224K->6640K(48640K)] 157993K->116713K(160256K), 0.0021260 secs] [Times: user=0.01 sys=0.00, real=0.01 secs] 
245.724: Total time for which application threads were stopped: 0.0038130 seconds, Stopping threads took: 0.0016020 seconds
245.761: Application time: 0.0369390 seconds
245.763: [GC [PSYoungGen: 48624K->6656K(48640K)] 158697K->117257K(160256K), 0.0022310 secs] [Times: user=0.02 sys=0.00, real=0.01 secs] 
245.765: [Full GC [PSYoungGen: 6656K->0K(48640K)] [ParOldGen: 110601K->9881K(111616K)] 117257K->9881K(160256K) [PSPermGen: 5184K->5184K(21504K)], 0.0064300 secs] [Times: user=0.03 sys=0.00, real=0.01 secs] 
245.772: Total time for which application threads were stopped: 0.0106930 seconds, Stopping threads took: 0.0018990 seconds
245.811: Application time: 0.0392640 seconds
245.813: [GC [PSYoungGen: 41984K->4672K(48640K)] 51865K->14553K(160256K), 0.0013180 secs] [Times: user=0.01 sys=0.00, real=0.00 secs] 
245.814: Total time for which application threads were stopped: 0.0034360 seconds, Stopping threads took: 0.0020510 seconds
245.854: Application time: 0.0395200 seconds
245.855: [GC [PSYoungGen: 46656K->6656K(48640K)] 56537K->16881K(160256K), 0.0021210 secs] [Times: user=0.02 sys=0.00, real=0.00 secs] 
245.857: Total time for which application threads were stopped: 0.0036600 seconds, Stopping threads took: 0.0014490 seconds
245.895: Application time: 0.0372140 seconds
245.896: [GC [PSYoungGen: 48639K->6640K(48640K)] 58865K->17465K(160256K), 0.0021020 secs] [Times: user=0.01 sys=0.00, real=0.00 secs] 
245.898: Total time for which application threads were stopped: 0.0038110 seconds, Stopping threads took: 0.0016230 seconds
245.936: Application time: 0.0372610 seconds
245.937: [GC [PSYoungGen: 48624K->6624K(48640K)] 59449K->17929K(160256K), 0.0020570 secs] [Times: user=0.01 sys=0.00, real=0.00 secs] 
245.939: Total time for which application threads were stopped: 0.0035320 seconds, Stopping threads took: 0.0013930 seconds
245.976: Application time: 0.0368020 seconds
245.977: [GC [PSYoungGen: 48608K->6640K(48640K)] 59913K->18197K(160256K), 0.0020370 secs] [Times: user=0.01 sys=0.01, real=0.00 secs] 
245.979: Total time for which application threads were stopped: 0.0033280 seconds, Stopping threads took: 0.0012120 seconds
246.017: Application time: 0.0371600 seconds
246.019: [GC [PSYoungGen: 48624K->6384K(48640K)] 60181K->17941K(160256K), 0.0018260 secs] [Times: user=0.01 sys=0.00, real=0.00 secs] 
246.021: Total time for which application threads were stopped: 0.0043090 seconds, Stopping threads took: 0.0024060 seconds
246.058: Application time: 0.0372620 seconds
246.060: [GC [PSYoungGen: 48368K->6624K(48640K)] 59925K->19229K(160256K), 0.0021880 secs] [Times: user=0.01 sys=0.00, real=0.00 secs] 
246.063: Total time for which application threads were stopped: 0.0044550 seconds, Stopping threads took: 0.0021870 seconds
246.101: Application time: 0.0380090 seconds
246.102: [GC [PSYoungGen: 48608K->6656K(48640K)] 61213K->20005K(160256K), 0.0021290 secs] [Times: user=0.01 sys=0.00, real=0.01 secs] 
246.104: Total time for which application threads were stopped: 0.0038510 seconds, Stopping threads took: 0.0016410 seconds
246.143: Application time: 0.0390530 seconds
246.145: [GC [PSYoungGen: 48640K->6096K(48640K)] 61989K->19445K(160256K), 0.0017770 secs] [Times: user=0.01 sys=0.00, real=0.00 secs] 
246.146: Total time for which application threads were stopped: 0.0028990 seconds, Stopping threads took: 0.0010470 seconds
246.184: Application time: 0.0380860 seconds
246.186: [GC [PSYoungGen: 48080K->6640K(48640K)] 61429K->20237K(160256K), 0.0020630 secs] [Times: user=0.02 sys=0.00, real=0.00 secs] 
246.188: Total time for which application threads were stopped: 0.0037650 seconds, Stopping threads took: 0.0016220 seconds
246.226: Application time: 0.0379530 seconds
246.228: [GC [PSYoungGen: 48624K->6656K(48640K)] 62221K->21309K(160256K), 0.0022280 secs] [Times: user=0.01 sys=0.00, real=0.00 secs] 
246.230: Total time for which application threads were stopped: 0.0035810 seconds, Stopping threads took: 0.0012730 seconds
246.270: Application time: 0.0397170 seconds
246.272: [GC [PSYoungGen: 48640K->6080K(48640K)] 63293K->20733K(160256K), 0.0018920 secs] [Times: user=0.02 sys=0.00, real=0.00 secs] 
246.274: Total time for which application threads were stopped: 0.0040130 seconds, Stopping threads took: 0.0020300 seconds
246.312: Application time: 0.0387880 seconds
246.314: [GC [PSYoungGen: 48064K->6624K(48640K)] 62717K->22069K(160256K), 0.0022290 secs] [Times: user=0.02 sys=0.00, real=0.00 secs] 
246.317: Total time for which application threads were stopped: 0.0043010 seconds, Stopping threads took: 0.0019860 seconds
246.354: Application time: 0.0371170 seconds
246.356: [GC [PSYoungGen: 48608K->6656K(48640K)] 64053K->23093K(160256K), 0.0022080 secs] [Times: user=0.02 sys=0.00, real=0.00 secs] 
246.358: Total time for which application threads were stopped: 0.0046570 seconds, Stopping threads took: 0.0023580 seconds
246.396: Application time: 0.0377250 seconds
246.398: [GC [PSYoungGen: 48640K->6640K(48640K)] 65077K->23237K(160256K), 0.0019800 secs] [Times: user=0.01 sys=0.00, real=0.00 secs] 
246.400: Total time for which application threads were stopped: 0.0038260 seconds, Stopping threads took: 0.0017640 seconds
246.437: Application time: 0.0372550 seconds
246.439: [GC [PSYoungGen: 48624K->6640K(48640K)] 65221K->23877K(160256K), 0.0020730 secs] [Times: user=0.02 sys=0.00, real=0.00 secs] 
246.441: Total time for which application threads were stopped: 0.0036280 seconds, Stopping threads took: 0.0014750 seconds
246.479: Application time: 0.0382700 seconds
246.481: [GC [PSYoungGen: 48624K->5216K(48640K)] 65861K->22453K(160256K), 0.0015890 secs] [Times: user=0.01 sys=0.00, real=0.00 secs] 
246.482: Total time for which application threads were stopped: 0.0033620 seconds, Stopping threads took: 0.0017010 seconds
246.521: Application time: 0.0385050 seconds
246.523: [GC [PSYoungGen: 47200K->6512K(48640K)] 64437K->23757K(160256K), 0.0018830 secs] [Times: user=0.01 sys=0.00, real=0.01 secs] 
246.525: Total time for which application threads were stopped: 0.0037720 seconds, Stopping threads took: 0.0018030 seconds
246.564: Application time: 0.0388030 seconds
246.565: [GC [PSYoungGen: 48496K->5248K(48640K)] 65741K->22493K(160256K), 0.0015540 secs] [Times: user=0.01 sys=0.00, real=0.00 secs] 
246.566: Total time for which application threads were stopped: 0.0025410 seconds, Stopping threads took: 0.0009160 seconds
246.605: Application time: 0.0384380 seconds
246.606: [GC [PSYoungGen: 47232K->5584K(48640K)] 64477K->22829K(160256K), 0.0017200 secs] [Times: user=0.01 sys=0.00, real=0.00 secs] 
246.608: Total time for which application threads were stopped: 0.0033880 seconds, Stopping threads took: 0.0015970 seconds
246.645: Application time: 0.0370610 seconds
246.646: [GC [PSYoungGen: 47568K->5840K(48640K)] 64813K->23085K(160256K), 0.0016990 secs] [Times: user=0.01 sys=0.00, real=0.00 secs] 
246.648: Total time for which application threads were stopped: 0.0031670 seconds, Stopping threads took: 0.0013950 seconds
246.685: Application time: 0.0369140 seconds
246.687: [GC [PSYoungGen: 47824K->6656K(48640K)] 65069K->25213K(160256K), 0.0022800 secs] [Times: user=0.01 sys=0.00, real=0.00 secs] 
246.689: Total time for which application threads were stopped: 0.0043000 seconds, Stopping threads took: 0.0019400 seconds
246.728: Application time: 0.0381960 seconds
246.729: [GC [PSYoungGen: 48640K->6656K(48640K)] 67197K->25445K(160256K), 0.0020100 secs] [Times: user=0.01 sys=0.00, real=0.01 secs] 
246.731: Total time for which application threads were stopped: 0.0036360 seconds, Stopping threads took: 0.0015440 seconds
246.770: Application time: 0.0387430 seconds
246.771: [GC [PSYoungGen: 48640K->6032K(48640K)] 67429K->24829K(160256K), 0.0017850 secs] [Times: user=0.01 sys=0.00, real=0.00 secs] 
246.773: Total time for which application threads were stopped: 0.0030080 seconds, Stopping threads took: 0.0011420 seconds
246.812: Application time: 0.0386440 seconds
246.813: [GC [PSYoungGen: 48016K->6496K(48640K)] 66813K->25293K(160256K), 0.0019630 secs] [Times: user=0.01 sys=0.00, real=0.00 secs] 
246.815: Total time for which application threads were stopped: 0.0029900 seconds, Stopping threads took: 0.0009470 seconds
246.851: Application time: 0.0368370 seconds
246.853: [GC [PSYoungGen: 48480K->6640K(48640K)] 67277K->26537K(160256K), 0.0022360 secs] [Times: user=0.01 sys=0.00, real=0.00 secs] 
246.855: Total time for which application threads were stopped: 0.0038720 seconds, Stopping threads took: 0.0015590 seconds
246.893: Application time: 0.0373290 seconds
246.894: [GC [PSYoungGen: 48624K->6656K(48640K)] 68521K->27969K(160256K), 0.0023480 secs] [Times: user=0.02 sys=0.00, real=0.00 secs] 
246.897: Total time for which application threads were stopped: 0.0038670 seconds, Stopping threads took: 0.0014300 seconds
246.933: Application time: 0.0368710 seconds
246.935: [GC [PSYoungGen: 48640K->6592K(48640K)] 69953K->27905K(160256K), 0.0018450 secs] [Times: user=0.01 sys=0.00, real=0.00 secs] 
246.937: Total time for which application threads were stopped: 0.0037080 seconds, Stopping threads took: 0.0017850 seconds
246.975: Application time: 0.0375160 seconds
246.977: [GC [PSYoungGen: 48576K->6640K(48640K)] 69889K->28185K(160256K), 0.0020940 secs] [Times: user=0.01 sys=0.00, real=0.00 secs] 
246.979: Total time for which application threads were stopped: 0.0043030 seconds, Stopping threads took: 0.0021300 seconds
247.018: Application time: 0.0392230 seconds
247.020: [GC [PSYoungGen: 48624K->4432K(48640K)] 70169K->25977K(160256K), 0.0013440 secs] [Times: user=0.00 sys=0.00, real=0.00 secs] 
247.021: Total time for which application threads were stopped: 0.0028480 seconds, Stopping threads took: 0.0014360 seconds
247.059: Application time: 0.0378910 seconds
247.061: [GC [PSYoungGen: 46416K->6336K(48640K)] 67961K->27889K(160256K), 0.0018340 secs] [Times: user=0.01 sys=0.00, real=0.00 secs] 
247.063: Total time for which application threads were stopped: 0.0038630 seconds, Stopping threads took: 0.0019550 seconds
247.099: Application time: 0.0365980 seconds
247.101: [GC [PSYoungGen: 48320K->6640K(48640K)] 69873K->28797K(160256K), 0.0021370 secs] [Times: user=0.02 sys=0.01, real=0.01 secs] 
247.103: Total time for which application threads were stopped: 0.0040420 seconds, Stopping threads took: 0.0018200 seconds
247.141: Application time: 0.0371960 seconds
247.143: [GC [PSYoungGen: 48624K->6640K(48640K)] 70781K->29725K(160256K), 0.0022610 secs] [Times: user=0.02 sys=0.00, real=0.01 secs] 
247.145: Total time for which application threads were stopped: 0.0042710 seconds, Stopping threads took: 0.0019320 seconds
247.182: Application time: 0.0374200 seconds
247.184: [GC [PSYoungGen: 48624K->6656K(48640K)] 71709K->31037K(160256K), 0.0022840 secs] [Times: user=0.02 sys=0.00, real=0.00 secs] 
247.186: Total time for which application threads were stopped: 0.0039750 seconds, Stopping threads took: 0.0016080 seconds
247.224: Application time: 0.0374470 seconds
247.225: [GC [PSYoungGen: 48640K->6656K(48640K)] 73021K->31637K(160256K), 0.0021540 secs] [Times: user=0.02 sys=0.00, real=0.00 secs] 
247.228: Total time for which application threads were stopped: 0.0039400 seconds, Stopping threads took: 0.0017060 seconds
247.265: Application time: 0.0372090 seconds
247.267: [GC [PSYoungGen: 48640K->6640K(48640K)] 73621K->32613K(160256K), 0.0023150 secs] [Times: user=0.01 sys=0.00, real=0.00 secs] 
247.269: Total time for which application threads were stopped: 0.0040450 seconds, Stopping threads took: 0.0016470 seconds
247.305: Application time: 0.0363990 seconds
247.307: [GC [PSYoungGen: 48624K->6656K(48640K)] 74597K->33985K(160256K), 0.0023210 secs] [Times: user=0.02 sys=0.00, real=0.00 secs] 
247.310: Total time for which application threads were stopped: 0.0042250 seconds, Stopping threads took: 0.0018200 seconds
247.347: Application time: 0.0375350 seconds
247.348: [GC [PSYoungGen: 48640K->6640K(48640K)] 75969K->34705K(160256K), 0.0021880 secs] [Times: user=0.02 sys=0.00, real=0.00 secs] 
247.350: Total time for which application threads were stopped: 0.0031570 seconds, Stopping threads took: 0.0008880 seconds
247.387: Application time: 0.0367640 seconds
247.389: [GC [PSYoungGen: 48624K->6640K(48640K)] 76689K->35633K(160256K), 0.0023220 secs] [Times: user=0.01 sys=0.00, real=0.00 secs] 
247.391: Total time for which application threads were stopped: 0.0041380 seconds, Stopping threads took: 0.0017240 seconds
247.430: Application time: 0.0385510 seconds
247.431: [GC [PSYoungGen: 48624K->5024K(48640K)] 77617K->34025K(160256K), 0.0015650 secs] [Times: user=0.01 sys=0.00, real=0.01 secs] 
247.432: Total time for which application threads were stopped: 0.0024890 seconds, Stopping threads took: 0.0008410 seconds
247.469: Application time: 0.0370550 seconds
247.471: [GC [PSYoungGen: 47008K->6624K(48640K)] 76009K->36177K(160256K), 0.0020950 secs] [Times: user=0.02 sys=0.00, real=0.01 secs] 
247.473: Total time for which application threads were stopped: 0.0037260 seconds, Stopping threads took: 0.0015500 seconds
247.510: Application time: 0.0369380 seconds
247.512: [GC [PSYoungGen: 48608K->6640K(48640K)] 78161K->36553K(160256K), 0.0020840 secs] [Times: user=0.01 sys=0.00, real=0.00 secs] 
247.514: Total time for which application threads were stopped: 0.0038130 seconds, Stopping threads took: 0.0016530 seconds
247.550: Application time: 0.0365530 seconds
247.552: [GC [PSYoungGen: 48624K->6640K(48640K)] 78537K->37681K(160256K), 0.0022640 secs] [Times: user=0.02 sys=0.00, real=0.00 secs] 
247.554: Total time for which application threads were stopped: 0.0041000 seconds, Stopping threads took: 0.0017580 seconds
247.593: Application time: 0.0383390 seconds
247.595: [GC [PSYoungGen: 48624K->6640K(48640K)] 79665K->37993K(160256K), 0.0020420 secs] [Times: user=0.01 sys=0.00, real=0.00 secs] 
247.597: Total time for which application threads were stopped: 0.0040270 seconds, Stopping threads took: 0.0019070 seconds
247.635: Application time: 0.0377710 seconds
247.635: [GC [PSYoungGen: 48624K->6400K(48640K)] 79977K->37753K(160256K), 0.0018580 secs] [Times: user=0.01 sys=0.00, real=0.00 secs] 
247.637: Total time for which application threads were stopped: 0.0028370 seconds, Stopping threads took: 0.0008930 seconds
247.674: Application time: 0.0367810 seconds
247.676: [GC [PSYoungGen: 48384K->6624K(48640K)] 79737K->38057K(160256K), 0.0019790 secs] [Times: user=0.00 sys=0.00, real=0.00 secs] 
247.678: Total time for which application threads were stopped: 0.0038110 seconds, Stopping threads took: 0.0017590 seconds
247.718: Application time: 0.0399560 seconds
247.719: [GC [PSYoungGen: 48608K->5136K(48640K)] 80041K->36569K(160256K), 0.0015410 secs] [Times: user=0.01 sys=0.00, real=0.00 secs] 
247.721: Total time for which application threads were stopped: 0.0028030 seconds, Stopping threads took: 0.0011830 seconds
247.760: Application time: 0.0388370 seconds
247.761: [GC [PSYoungGen: 47120K->6640K(48640K)] 78553K->38361K(160256K), 0.0022370 secs] [Times: user=0.02 sys=0.00, real=0.01 secs] 
247.764: Total time for which application threads were stopped: 0.0040580 seconds, Stopping threads took: 0.0017320 seconds
247.801: Application time: 0.0377530 seconds
247.804: [GC [PSYoungGen: 48624K->6592K(48640K)] 80345K->38321K(160256K), 0.0021280 secs] [Times: user=0.01 sys=0.00, real=0.00 secs] 
247.806: Total time for which application threads were stopped: 0.0045140 seconds, Stopping threads took: 0.0023080 seconds
247.843: Application time: 0.0374280 seconds
247.845: [GC [PSYoungGen: 48574K->6640K(48640K)] 80304K->38505K(160256K), 0.0020320 secs] [Times: user=0.01 sys=0.00, real=0.00 secs] 
247.847: Total time for which application threads were stopped: 0.0037840 seconds, Stopping threads took: 0.0016700 seconds
247.884: Application time: 0.0367530 seconds
247.886: [GC [PSYoungGen: 48624K->6640K(48640K)] 80489K->38841K(160256K), 0.0020510 secs] [Times: user=0.02 sys=0.00, real=0.00 secs] 
247.888: Total time for which application threads were stopped: 0.0037420 seconds, Stopping threads took: 0.0016090 seconds
247.924: Application time: 0.0364250 seconds
247.926: [GC [PSYoungGen: 48624K->6640K(48640K)] 80825K->39458K(160256K), 0.0024830 secs] [Times: user=0.01 sys=0.00, real=0.00 secs] 
247.928: Total time for which application threads were stopped: 0.0044060 seconds, Stopping threads took: 0.0018440 seconds
247.966: Application time: 0.0377750 seconds
247.968: [GC [PSYoungGen: 48624K->6640K(48640K)] 81442K->39458K(160256K), 0.0019150 secs] [Times: user=0.01 sys=0.00, real=0.00 secs] 
247.970: Total time for which application threads were stopped: 0.0035800 seconds, Stopping threads took: 0.0015790 seconds
248.007: Application time: 0.0374490 seconds
248.009: [GC [PSYoungGen: 48624K->6144K(48640K)] 81442K->38969K(160256K), 0.0018070 secs] [Times: user=0.01 sys=0.00, real=0.00 secs] 
248.011: Total time for which application threads were stopped: 0.0034090 seconds, Stopping threads took: 0.0015250 seconds
248.049: Application time: 0.0381200 seconds
248.051: [GC [PSYoungGen: 48128K->6656K(48640K)] 80953K->40258K(160256K), 0.0023120 secs] [Times: user=0.02 sys=0.00, real=0.01 secs] 
248.053: Total time for which application threads were stopped: 0.0043910 seconds, Stopping threads took: 0.0019940 seconds
248.091: Application time: 0.0382870 seconds
248.093: [GC [PSYoungGen: 48640K->6656K(48640K)] 82242K->41226K(160256K), 0.0022470 secs] [Times: user=0.02 sys=0.00, real=0.00 secs] 
248.095: Total time for which application threads were stopped: 0.0038010 seconds, Stopping threads took: 0.0014670 seconds
248.133: Application time: 0.0372870 seconds
248.135: [GC [PSYoungGen: 48640K->6624K(48640K)] 83210K->41194K(160256K), 0.0019800 secs] [Times: user=0.01 sys=0.00, real=0.00 secs] 
248.137: Total time for which application threads were stopped: 0.0041290 seconds, Stopping threads took: 0.0020690 seconds
248.174: Application time: 0.0375090 seconds
248.176: [GC [PSYoungGen: 48608K->6656K(48640K)] 83178K->41910K(160256K), 0.0022300 secs] [Times: user=0.02 sys=0.00, real=0.00 secs] 
248.178: Total time for which application threads were stopped: 0.0041230 seconds, Stopping threads took: 0.0018100 seconds
248.214: Application time: 0.0357610 seconds
248.217: [GC [PSYoungGen: 48640K->6624K(48640K)] 83894K->42798K(160256K), 0.0022690 secs] [Times: user=0.02 sys=0.00, real=0.00 secs] 
248.219: Total time for which application threads were stopped: 0.0050190 seconds, Stopping threads took: 0.0026700 seconds
248.257: Application time: 0.0381350 seconds
248.259: [GC [PSYoungGen: 48608K->6304K(48640K)] 84782K->42486K(160256K), 0.0019210 secs] [Times: user=0.01 sys=0.00, real=0.00 secs] 
248.260: Total time for which application threads were stopped: 0.0032080 seconds, Stopping threads took: 0.0012140 seconds
248.298: Application time: 0.0375730 seconds
248.299: [GC [PSYoungGen: 48288K->6640K(48640K)] 84470K->44126K(160256K), 0.0023660 secs] [Times: user=0.01 sys=0.00, real=0.00 secs] 
248.302: Total time for which application threads were stopped: 0.0037490 seconds, Stopping threads took: 0.0013030 seconds
248.339: Application time: 0.0368540 seconds
248.340: [GC [PSYoungGen: 48624K->6624K(48640K)] 86110K->44270K(160256K), 0.0019470 secs] [Times: user=0.01 sys=0.00, real=0.00 secs] 
248.342: Total time for which application threads were stopped: 0.0037890 seconds, Stopping threads took: 0.0017610 seconds
248.381: Application time: 0.0386900 seconds
248.382: [GC [PSYoungGen: 48608K->5776K(48640K)] 86254K->43430K(160256K), 0.0017410 secs] [Times: user=0.01 sys=0.00, real=0.01 secs] 
248.384: Total time for which application threads were stopped: 0.0030900 seconds, Stopping threads took: 0.0012770 seconds
248.424: Application time: 0.0393190 seconds
248.425: [GC [PSYoungGen: 47760K->6208K(48640K)] 85414K->43870K(160256K), 0.0019950 secs] [Times: user=0.02 sys=0.00, real=0.00 secs] 
248.427: Total time for which application threads were stopped: 0.0035970 seconds, Stopping threads took: 0.0015110 seconds
248.465: Application time: 0.0383020 seconds
248.467: [GC [PSYoungGen: 48192K->6528K(48640K)] 85854K->44190K(160256K), 0.0020110 secs] [Times: user=0.01 sys=0.00, real=0.00 secs] 
248.469: Total time for which application threads were stopped: 0.0032250 seconds, Stopping threads took: 0.0011340 seconds
248.506: Application time: 0.0373370 seconds
248.508: [GC [PSYoungGen: 48512K->6640K(48640K)] 86174K->44486K(160256K), 0.0021260 secs] [Times: user=0.02 sys=0.00, real=0.00 secs] 
248.510: Total time for which application threads were stopped: 0.0041350 seconds, Stopping threads took: 0.0019180 seconds
248.548: Application time: 0.0377920 seconds
248.549: [GC [PSYoungGen: 48624K->6400K(48640K)] 86470K->44254K(160256K), 0.0019240 secs] [Times: user=0.01 sys=0.00, real=0.00 secs] 
248.551: Total time for which application threads were stopped: 0.0032110 seconds, Stopping threads took: 0.0012010 seconds
248.589: Application time: 0.0378590 seconds
248.590: [GC [PSYoungGen: 48384K->5936K(48640K)] 86238K->43798K(160256K), 0.0017320 secs] [Times: user=0.01 sys=0.00, real=0.01 secs] 
248.592: Total time for which application threads were stopped: 0.0032080 seconds, Stopping threads took: 0.0014030 seconds
248.631: Application time: 0.0392580 seconds
248.633: [GC [PSYoungGen: 47920K->6400K(48640K)] 85782K->44262K(160256K), 0.0019450 secs] [Times: user=0.01 sys=0.00, real=0.00 secs] 
248.635: Total time for which application threads were stopped: 0.0033340 seconds, Stopping threads took: 0.0013150 seconds
248.672: Application time: 0.0372780 seconds
248.674: [GC [PSYoungGen: 48384K->6640K(48640K)] 86246K->45574K(160256K), 0.0022910 secs] [Times: user=0.01 sys=0.00, real=0.00 secs] 
248.676: Total time for which application threads were stopped: 0.0040420 seconds, Stopping threads took: 0.0016700 seconds
248.714: Application time: 0.0381610 seconds
248.717: [GC [PSYoungGen: 48624K->6624K(48640K)] 87558K->45718K(160256K), 0.0019520 secs] [Times: user=0.02 sys=0.00, real=0.00 secs] 
248.719: Total time for which application threads were stopped: 0.0045520 seconds, Stopping threads took: 0.0025180 seconds
248.759: Application time: 0.0397580 seconds
248.760: [GC [PSYoungGen: 48608K->6624K(48640K)] 87702K->46334K(160256K), 0.0021660 secs] [Times: user=0.02 sys=0.00, real=0.00 secs] 
248.763: Total time for which application threads were stopped: 0.0039390 seconds, Stopping threads took: 0.0016840 seconds
248.801: Application time: 0.0381740 seconds
248.804: [GC [PSYoungGen: 48608K->6528K(48640K)] 88318K->46238K(160256K), 0.0019660 secs] [Times: user=0.01 sys=0.00, real=0.00 secs] 
248.806: Total time for which application threads were stopped: 0.0048380 seconds, Stopping threads took: 0.0027720 seconds
248.845: Application time: 0.0389330 seconds
248.846: [GC [PSYoungGen: 48512K->6160K(48640K)] 88222K->45878K(160256K), 0.0019120 secs] [Times: user=0.02 sys=0.00, real=0.00 secs] 
248.848: Total time for which application threads were stopped: 0.0031310 seconds, Stopping threads took: 0.0011410 seconds
248.887: Application time: 0.0390980 seconds
248.887: [GC [PSYoungGen: 48144K->6624K(48640K)] 87862K->46358K(160256K), 0.0019870 secs] [Times: user=0.01 sys=0.00, real=0.00 secs] 
248.890: Total time for which application threads were stopped: 0.0027760 seconds, Stopping threads took: 0.0007140 seconds
248.928: Application time: 0.0383440 seconds
248.929: [GC [PSYoungGen: 48608K->6624K(48640K)] 88342K->46366K(160256K), 0.0019570 secs] [Times: user=0.01 sys=0.00, real=0.01 secs] 
248.931: Total time for which application threads were stopped: 0.0035870 seconds, Stopping threads took: 0.0015560 seconds
248.968: Application time: 0.0363890 seconds
248.970: [GC [PSYoungGen: 48608K->6656K(48640K)] 88350K->47142K(160256K), 0.0022600 secs] [Times: user=0.01 sys=0.00, real=0.01 secs] 
248.972: Total time for which application threads were stopped: 0.0042590 seconds, Stopping threads took: 0.0019160 seconds
249.010: Application time: 0.0380740 seconds
249.011: [GC [PSYoungGen: 48640K->6304K(48640K)] 89126K->46790K(160256K), 0.0018760 secs] [Times: user=0.01 sys=0.00, real=0.00 secs] 
249.013: Total time for which application threads were stopped: 0.0029230 seconds, Stopping threads took: 0.0009600 seconds
249.052: Application time: 0.0390200 seconds
249.053: [GC [PSYoungGen: 48288K->5888K(48640K)] 88774K->46390K(160256K), 0.0017290 secs] [Times: user=0.01 sys=0.01, real=0.00 secs] 
249.055: Total time for which application threads were stopped: 0.0027940 seconds, Stopping threads took: 0.0009900 seconds
249.094: Application time: 0.0392910 seconds
249.096: [GC [PSYoungGen: 47872K->4864K(48640K)] 88374K->45374K(160256K), 0.0015010 secs] [Times: user=0.01 sys=0.00, real=0.00 secs] 
249.098: Total time for which application threads were stopped: 0.0034410 seconds, Stopping threads took: 0.0018030 seconds
249.135: Application time: 0.0371010 seconds
249.137: [GC [PSYoungGen: 46848K->6208K(48640K)] 87358K->46718K(160256K), 0.0018640 secs] [Times: user=0.01 sys=0.00, real=0.00 secs] 
249.139: Total time for which application threads were stopped: 0.0039960 seconds, Stopping threads took: 0.0020560 seconds
249.178: Application time: 0.0392380 seconds
249.180: [GC [PSYoungGen: 48192K->6592K(48640K)] 88702K->47102K(160256K), 0.0019990 secs] [Times: user=0.01 sys=0.00, real=0.00 secs] 
249.182: Total time for which application threads were stopped: 0.0037140 seconds, Stopping threads took: 0.0016370 seconds
249.219: Application time: 0.0368620 seconds
249.220: [GC [PSYoungGen: 48576K->6640K(48640K)] 89086K->47214K(160256K), 0.0022190 secs] [Times: user=0.02 sys=0.00, real=0.00 secs] 
249.222: Total time for which application threads were stopped: 0.0033470 seconds, Stopping threads took: 0.0010510 seconds
249.260: Application time: 0.0381350 seconds
249.263: [GC [PSYoungGen: 48624K->6640K(48640K)] 89198K->47214K(160256K), 0.0021240 secs] [Times: user=0.02 sys=0.00, real=0.01 secs] 
249.265: Total time for which application threads were stopped: 0.0050900 seconds, Stopping threads took: 0.0028830 seconds
249.302: Application time: 0.0370380 seconds
249.304: [GC [PSYoungGen: 48624K->6080K(48640K)] 89198K->46662K(160256K), 0.0017430 secs] [Times: user=0.01 sys=0.00, real=0.00 secs] 
249.305: Total time for which application threads were stopped: 0.0031500 seconds, Stopping threads took: 0.0013330 seconds
249.343: Application time: 0.0371600 seconds
249.344: [GC [PSYoungGen: 48064K->6368K(48640K)] 88646K->46958K(160256K), 0.0018740 secs] [Times: user=0.01 sys=0.00, real=0.00 secs] 
249.346: Total time for which application threads were stopped: 0.0037890 seconds, Stopping threads took: 0.0018360 seconds
249.383: Application time: 0.0364750 seconds
249.385: [GC [PSYoungGen: 48352K->6624K(48640K)] 88942K->48062K(160256K), 0.0021760 secs] [Times: user=0.01 sys=0.00, real=0.00 secs] 
249.387: Total time for which application threads were stopped: 0.0044270 seconds, Stopping threads took: 0.0021660 seconds
249.425: Application time: 0.0378190 seconds
249.427: [GC [PSYoungGen: 48608K->6640K(48640K)] 90046K->49286K(160256K), 0.0022780 secs] [Times: user=0.02 sys=0.00, real=0.00 secs] 
249.429: Total time for which application threads were stopped: 0.0040960 seconds, Stopping threads took: 0.0017360 seconds
249.469: Application time: 0.0396460 seconds
249.472: [GC [PSYoungGen: 48624K->6352K(48640K)] 91270K->49006K(160256K), 0.0018650 secs] [Times: user=0.02 sys=0.00, real=0.00 secs] 
249.474: Total time for which application threads were stopped: 0.0047550 seconds, Stopping threads took: 0.0028100 seconds
249.512: Application time: 0.0388500 seconds
249.515: [GC [PSYoungGen: 48336K->6640K(48640K)] 90990K->50198K(160256K), 0.0022310 secs] [Times: user=0.02 sys=0.00, real=0.00 secs] 
249.517: Total time for which application threads were stopped: 0.0044420 seconds, Stopping threads took: 0.0021140 seconds
249.557: Application time: 0.0405650 seconds
249.560: [GC [PSYoungGen: 48624K->6528K(48640K)] 92182K->50086K(160256K), 0.0020810 secs] [Times: user=0.01 sys=0.00, real=0.00 secs] 
249.562: Total time for which application threads were stopped: 0.0048120 seconds, Stopping threads took: 0.0026480 seconds
249.600: Application time: 0.0376210 seconds
249.603: [GC [PSYoungGen: 48512K->6624K(48640K)] 92070K->50966K(160256K), 0.0022330 secs] [Times: user=0.01 sys=0.00, real=0.01 secs] 
249.605: Total time for which application threads were stopped: 0.0052080 seconds, Stopping threads took: 0.0028900 seconds
249.645: Application time: 0.0398220 seconds
249.647: [GC [PSYoungGen: 48608K->6480K(48640K)] 92950K->50838K(160256K), 0.0019190 secs] [Times: user=0.01 sys=0.00, real=0.00 secs] 
249.649: Total time for which application threads were stopped: 0.0045040 seconds, Stopping threads took: 0.0025090 seconds
249.691: Application time: 0.0414870 seconds
249.692: [GC [PSYoungGen: 48464K->5312K(48640K)] 92822K->49670K(160256K), 0.0016690 secs] [Times: user=0.01 sys=0.00, real=0.00 secs] 
249.694: Total time for which application threads were stopped: 0.0032250 seconds, Stopping threads took: 0.0014850 seconds
249.735: Application time: 0.0407340 seconds
249.737: [GC [PSYoungGen: 47296K->5760K(48640K)] 91654K->50118K(160256K), 0.0019420 secs] [Times: user=0.01 sys=0.00, real=0.00 secs] 
249.739: Total time for which application threads were stopped: 0.0043340 seconds, Stopping threads took: 0.0023070 seconds
249.780: Application time: 0.0413020 seconds
249.782: [GC [PSYoungGen: 47744K->5168K(48640K)] 92102K->49534K(160256K), 0.0015920 secs] [Times: user=0.01 sys=0.00, real=0.01 secs] 
249.784: Total time for which application threads were stopped: 0.0036580 seconds, Stopping threads took: 0.0019890 seconds
249.825: Application time: 0.0404790 seconds
249.827: [GC [PSYoungGen: 47152K->6624K(48640K)] 91518K->51934K(160256K), 0.0024020 secs] [Times: user=0.01 sys=0.00, real=0.00 secs] 
249.829: Total time for which application threads were stopped: 0.0045120 seconds, Stopping threads took: 0.0020010 seconds
249.869: Application time: 0.0400220 seconds
249.872: [GC [PSYoungGen: 48608K->6656K(48640K)] 93918K->52518K(160256K), 0.0023050 secs] [Times: user=0.02 sys=0.00, real=0.00 secs] 
249.874: Total time for which application threads were stopped: 0.0047490 seconds, Stopping threads took: 0.0023550 seconds
249.915: Application time: 0.0409090 seconds
249.917: [GC [PSYoungGen: 48640K->6656K(48640K)] 94502K->52814K(160256K), 0.0021690 secs] [Times: user=0.01 sys=0.00, real=0.00 secs] 
249.919: Total time for which application threads were stopped: 0.0044140 seconds, Stopping threads took: 0.0021510 seconds
249.958: Application time: 0.0386230 seconds
249.960: [GC [PSYoungGen: 48640K->6560K(48640K)] 94798K->52718K(160256K), 0.0020000 secs] [Times: user=0.02 sys=0.00, real=0.00 secs] 
249.962: Total time for which application threads were stopped: 0.0039530 seconds, Stopping threads took: 0.0018670 seconds
250.000: Application time: 0.0383410 seconds
250.002: [GC [PSYoungGen: 48544K->6624K(48640K)] 94702K->54022K(160256K), 0.0025600 secs] [Times: user=0.02 sys=0.00, real=0.01 secs] 
250.005: Total time for which application threads were stopped: 0.0046370 seconds, Stopping threads took: 0.0019920 seconds
250.044: Application time: 0.0393820 seconds
250.046: [GC [PSYoungGen: 48608K->6640K(48640K)] 96006K->55590K(160256K), 0.0025520 secs] [Times: user=0.02 sys=0.00, real=0.00 secs] 
250.049: Total time for which application threads were stopped: 0.0046890 seconds, Stopping threads took: 0.0020190 seconds
250.088: Application time: 0.0395110 seconds
250.089: [GC [PSYoungGen: 48624K->6656K(48640K)] 97574K->56458K(160256K), 0.0022450 secs] [Times: user=0.01 sys=0.00, real=0.01 secs] 
250.091: Total time for which application threads were stopped: 0.0031100 seconds, Stopping threads took: 0.0007810 seconds
250.131: Application time: 0.0398640 seconds
250.133: [GC [PSYoungGen: 48640K->6640K(48640K)] 98442K->57850K(160256K), 0.0025150 secs] [Times: user=0.02 sys=0.00, real=0.00 secs] 
250.136: Total time for which application threads were stopped: 0.0045260 seconds, Stopping threads took: 0.0019270 seconds
250.176: Application time: 0.0400710 seconds
250.179: [GC [PSYoungGen: 48624K->6640K(48640K)] 99834K->58170K(160256K), 0.0021610 secs] [Times: user=0.01 sys=0.00, real=0.00 secs] 
250.181: Total time for which application threads were stopped: 0.0055050 seconds, Stopping threads took: 0.0032620 seconds
250.220: Application time: 0.0383240 seconds
250.222: [GC [PSYoungGen: 48624K->6640K(48640K)] 100154K->59126K(160256K), 0.0022440 secs] [Times: user=0.01 sys=0.00, real=0.01 secs] 
250.225: Total time for which application threads were stopped: 0.0047790 seconds, Stopping threads took: 0.0024500 seconds
250.264: Application time: 0.0398500 seconds
250.266: [GC [PSYoungGen: 48624K->6656K(48640K)] 101110K->60518K(160256K), 0.0024720 secs] [Times: user=0.01 sys=0.00, real=0.00 secs] 
250.269: Total time for which application threads were stopped: 0.0043220 seconds, Stopping threads took: 0.0017670 seconds
250.309: Application time: 0.0405800 seconds
250.311: [GC [PSYoungGen: 48638K->6400K(48640K)] 102501K->60262K(160256K), 0.0021190 secs] [Times: user=0.02 sys=0.00, real=0.00 secs] 
250.314: Total time for which application threads were stopped: 0.0042670 seconds, Stopping threads took: 0.0020490 seconds
250.354: Application time: 0.0407790 seconds
250.356: [GC [PSYoungGen: 48384K->5328K(48640K)] 102246K->59198K(160256K), 0.0017550 secs] [Times: user=0.01 sys=0.00, real=0.00 secs] 
250.357: Total time for which application threads were stopped: 0.0030180 seconds, Stopping threads took: 0.0011870 seconds
250.395: Application time: 0.0380160 seconds
250.398: [GC [PSYoungGen: 47312K->6656K(48640K)] 101182K->62014K(160256K), 0.0024650 secs] [Times: user=0.02 sys=0.00, real=0.00 secs] 
250.400: Total time for which application threads were stopped: 0.0049300 seconds, Stopping threads took: 0.0023810 seconds
250.440: Application time: 0.0395970 seconds
250.442: [GC [PSYoungGen: 48640K->6320K(48640K)] 103998K->61678K(160256K), 0.0018680 secs] [Times: user=0.02 sys=0.00, real=0.01 secs] 
250.444: Total time for which application threads were stopped: 0.0041900 seconds, Stopping threads took: 0.0022420 seconds
250.486: Application time: 0.0418570 seconds
250.487: [GC [PSYoungGen: 48304K->5200K(48640K)] 103662K->60558K(160256K), 0.0016850 secs] [Times: user=0.01 sys=0.00, real=0.00 secs] 
250.489: Total time for which application threads were stopped: 0.0028530 seconds, Stopping threads took: 0.0010920 seconds
250.529: Application time: 0.0406500 seconds
250.531: [GC [PSYoungGen: 47184K->6656K(48640K)] 102542K->62382K(160256K), 0.0021840 secs] [Times: user=0.02 sys=0.00, real=0.00 secs] 
250.534: Total time for which application threads were stopped: 0.0040230 seconds, Stopping threads took: 0.0017560 seconds
250.573: Application time: 0.0395740 seconds
250.576: [GC [PSYoungGen: 48640K->6640K(48640K)] 104366K->62654K(160256K), 0.0021720 secs] [Times: user=0.02 sys=0.00, real=0.00 secs] 
250.578: Total time for which application threads were stopped: 0.0053690 seconds, Stopping threads took: 0.0031030 seconds
250.619: Application time: 0.0404540 seconds
250.621: [GC [PSYoungGen: 48624K->6656K(48640K)] 104638K->63282K(160256K), 0.0024050 secs] [Times: user=0.02 sys=0.00, real=0.00 secs] 
250.623: Total time for which application threads were stopped: 0.0040800 seconds, Stopping threads took: 0.0015810 seconds
250.663: Application time: 0.0401510 seconds
250.665: [GC [PSYoungGen: 48638K->6624K(48640K)] 105265K->64579K(160256K), 0.0024410 secs] [Times: user=0.02 sys=0.00, real=0.00 secs] 
250.667: Total time for which application threads were stopped: 0.0041140 seconds, Stopping threads took: 0.0015870 seconds
250.708: Application time: 0.0409500 seconds
250.710: [GC [PSYoungGen: 48608K->5312K(48640K)] 106563K->63266K(160256K), 0.0016460 secs] [Times: user=0.01 sys=0.00, real=0.01 secs] 
250.711: Total time for which application threads were stopped: 0.0030900 seconds, Stopping threads took: 0.0013680 seconds
250.753: Application time: 0.0413860 seconds
250.754: [GC [PSYoungGen: 47296K->6640K(48640K)] 105250K->65363K(160256K), 0.0022590 secs] [Times: user=0.02 sys=0.00, real=0.00 secs] 
250.757: Total time for which application threads were stopped: 0.0039400 seconds, Stopping threads took: 0.0016030 seconds
250.797: Application time: 0.0400330 seconds
250.798: [GC [PSYoungGen: 48624K->6624K(48640K)] 107347K->65346K(160256K), 0.0040170 secs] [Times: user=0.03 sys=0.00, real=0.00 secs] 
250.802: Total time for which application threads were stopped: 0.0055660 seconds, Stopping threads took: 0.0014650 seconds
250.843: Application time: 0.0410560 seconds
250.846: [GC [PSYoungGen: 48608K->5872K(48640K)] 107330K->64594K(160256K), 0.0018560 secs] [Times: user=0.01 sys=0.00, real=0.00 secs] 
250.848: Total time for which application threads were stopped: 0.0048610 seconds, Stopping threads took: 0.0029280 seconds
250.889: Application time: 0.0406460 seconds
250.891: [GC [PSYoungGen: 47856K->6432K(48640K)] 106578K->65163K(160256K), 0.0021000 secs] [Times: user=0.01 sys=0.00, real=0.01 secs] 
250.893: Total time for which application threads were stopped: 0.0039660 seconds, Stopping threads took: 0.0017780 seconds
250.933: Application time: 0.0398410 seconds
250.934: [GC [PSYoungGen: 48416K->5824K(48640K)] 107147K->64563K(160256K), 0.0018410 secs] [Times: user=0.01 sys=0.00, real=0.00 secs] 
250.936: Total time for which application threads were stopped: 0.0031620 seconds, Stopping threads took: 0.0012400 seconds
250.975: Application time: 0.0393210 seconds
250.977: [GC [PSYoungGen: 47808K->6656K(48640K)] 106547K->66931K(160256K), 0.0024800 secs] [Times: user=0.01 sys=0.00, real=0.00 secs] 
250.979: Total time for which application threads were stopped: 0.0042740 seconds, Stopping threads took: 0.0016920 seconds
251.020: Application time: 0.0401340 seconds
251.022: [GC [PSYoungGen: 48640K->6640K(48640K)] 108915K->67783K(160256K), 0.0023880 secs] [Times: user=0.01 sys=0.00, real=0.01 secs] 
251.025: Total time for which application threads were stopped: 0.0053590 seconds, Stopping threads took: 0.0028840 seconds
251.065: Application time: 0.0404920 seconds
251.067: [GC [PSYoungGen: 48624K->6640K(48640K)] 109767K->68827K(160256K), 0.0023540 secs] [Times: user=0.02 sys=0.00, real=0.00 secs] 
251.069: Total time for which application threads were stopped: 0.0037710 seconds, Stopping threads took: 0.0013320 seconds
251.109: Application time: 0.0399360 seconds
251.111: [GC [PSYoungGen: 48624K->6480K(48640K)] 110811K->68683K(160256K), 0.0020550 secs] [Times: user=0.01 sys=0.00, real=0.00 secs] 
251.113: Total time for which application threads were stopped: 0.0042390 seconds, Stopping threads took: 0.0020960 seconds
251.153: Application time: 0.0399060 seconds
251.155: [GC [PSYoungGen: 48464K->6640K(48640K)] 110667K->69355K(160256K), 0.0021600 secs] [Times: user=0.02 sys=0.00, real=0.00 secs] 
251.157: Total time for which application threads were stopped: 0.0039630 seconds, Stopping threads took: 0.0017160 seconds
251.197: Application time: 0.0396950 seconds
251.199: [GC [PSYoungGen: 48624K->6624K(48640K)] 111339K->70163K(160256K), 0.0022380 secs] [Times: user=0.02 sys=0.00, real=0.00 secs] 
251.201: Total time for which application threads were stopped: 0.0042710 seconds, Stopping threads took: 0.0019490 seconds
251.241: Application time: 0.0400120 seconds
251.243: [GC [PSYoungGen: 48608K->6656K(48640K)] 112147K->71339K(160256K), 0.0026780 secs] [Times: user=0.01 sys=0.00, real=0.01 secs] 
251.246: Total time for which application threads were stopped: 0.0046390 seconds, Stopping threads took: 0.0018730 seconds
251.287: Application time: 0.0406890 seconds
251.287: [GC [PSYoungGen: 48640K->6656K(48640K)] 113323K->71635K(160256K), 0.0021290 secs] [Times: user=0.01 sys=0.00, real=0.00 secs] 
251.290: Total time for which application threads were stopped: 0.0030650 seconds, Stopping threads took: 0.0008560 seconds
251.331: Application time: 0.0414880 seconds
251.332: [GC [PSYoungGen: 48640K->5024K(48640K)] 113619K->70011K(160256K), 0.0016820 secs] [Times: user=0.01 sys=0.00, real=0.00 secs] 
251.334: Total time for which application threads were stopped: 0.0030020 seconds, Stopping threads took: 0.0012420 seconds
251.373: Application time: 0.0392370 seconds
251.375: [GC [PSYoungGen: 47008K->6640K(48640K)] 111995K->72475K(160256K), 0.0021890 secs] [Times: user=0.02 sys=0.00, real=0.00 secs] 
251.377: Total time for which application threads were stopped: 0.0037870 seconds, Stopping threads took: 0.0015170 seconds
251.419: Application time: 0.0420050 seconds
251.421: [GC [PSYoungGen: 48624K->6288K(48640K)] 114459K->72131K(160256K), 0.0019710 secs] [Times: user=0.01 sys=0.00, real=0.01 secs] 
251.423: Total time for which application threads were stopped: 0.0042040 seconds, Stopping threads took: 0.0021470 seconds
251.463: Application time: 0.0397610 seconds
251.467: [GC [PSYoungGen: 48272K->6656K(48640K)] 114115K->72915K(160256K), 0.0021520 secs] [Times: user=0.02 sys=0.00, real=0.00 secs] 
251.469: Total time for which application threads were stopped: 0.0058640 seconds, Stopping threads took: 0.0036300 seconds
251.509: Application time: 0.0403100 seconds
251.511: [GC [PSYoungGen: 48640K->6640K(48640K)] 114899K->73547K(160256K), 0.0022110 secs] [Times: user=0.01 sys=0.00, real=0.00 secs] 
251.513: Total time for which application threads were stopped: 0.0041690 seconds, Stopping threads took: 0.0018700 seconds
251.555: Application time: 0.0414330 seconds
251.556: [GC [PSYoungGen: 48624K->5280K(48640K)] 115531K->72187K(160256K), 0.0017050 secs] [Times: user=0.01 sys=0.00, real=0.00 secs] 
251.558: Total time for which application threads were stopped: 0.0030280 seconds, Stopping threads took: 0.0012460 seconds
251.599: Application time: 0.0415470 seconds
251.601: [GC [PSYoungGen: 47264K->5648K(48640K)] 114171K->72555K(160256K), 0.0017410 secs] [Times: user=0.01 sys=0.00, real=0.00 secs] 
251.603: Total time for which application threads were stopped: 0.0034360 seconds, Stopping threads took: 0.0016130 seconds
251.644: Application time: 0.0408300 seconds
251.645: [GC [PSYoungGen: 47632K->6544K(48640K)] 114539K->73459K(160256K), 0.0020340 secs] [Times: user=0.01 sys=0.00, real=0.00 secs] 
251.647: Total time for which application threads were stopped: 0.0034840 seconds, Stopping threads took: 0.0013630 seconds
251.688: Application time: 0.0404870 seconds
251.689: [GC [PSYoungGen: 48528K->6656K(48640K)] 115443K->74635K(160256K), 0.0023110 secs] [Times: user=0.02 sys=0.00, real=0.01 secs] 
251.691: Total time for which application threads were stopped: 0.0037500 seconds, Stopping threads took: 0.0013450 seconds
251.733: Application time: 0.0410430 seconds
251.734: [GC [PSYoungGen: 48639K->6592K(48640K)] 116619K->74579K(160256K), 0.0020110 secs] [Times: user=0.02 sys=0.00, real=0.00 secs] 
251.736: Total time for which application threads were stopped: 0.0037000 seconds, Stopping threads took: 0.0016060 seconds
251.776: Application time: 0.0401380 seconds
251.779: [GC [PSYoungGen: 48576K->5536K(48640K)] 116563K->73531K(160256K), 0.0017120 secs] [Times: user=0.01 sys=0.00, real=0.00 secs] 
251.781: Total time for which application threads were stopped: 0.0043680 seconds, Stopping threads took: 0.0025720 seconds
251.820: Application time: 0.0393810 seconds
251.822: [GC [PSYoungGen: 47520K->6560K(48640K)] 115515K->74555K(160256K), 0.0020900 secs] [Times: user=0.01 sys=0.00, real=0.01 secs] 
251.824: Total time for which application threads were stopped: 0.0041000 seconds, Stopping threads took: 0.0019280 seconds
251.863: Application time: 0.0386510 seconds
251.865: [GC [PSYoungGen: 48544K->6624K(48640K)] 116539K->75323K(160256K), 0.0021240 secs] [Times: user=0.01 sys=0.00, real=0.00 secs] 
251.867: Total time for which application threads were stopped: 0.0041860 seconds, Stopping threads took: 0.0019760 seconds
251.908: Application time: 0.0406360 seconds
251.909: [GC [PSYoungGen: 48608K->6656K(48640K)] 117307K->75507K(160256K), 0.0021760 secs] [Times: user=0.01 sys=0.00, real=0.01 secs] 
251.912: Total time for which application threads were stopped: 0.0039110 seconds, Stopping threads took: 0.0016530 seconds
251.953: Application time: 0.0411870 seconds
251.954: [GC [PSYoungGen: 48640K->5120K(48640K)] 117491K->73979K(160256K), 0.0016130 secs] [Times: user=0.01 sys=0.00, real=0.00 secs] 
251.956: Total time for which application threads were stopped: 0.0029380 seconds, Stopping threads took: 0.0012490 seconds
251.995: Application time: 0.0397460 seconds
251.997: [GC [PSYoungGen: 47104K->6624K(48640K)] 115963K->75935K(160256K), 0.0022030 secs] [Times: user=0.01 sys=0.00, real=0.00 secs] 
251.999: Total time for which application threads were stopped: 0.0036470 seconds, Stopping threads took: 0.0013600 seconds
252.039: Application time: 0.0402440 seconds
252.041: [GC [PSYoungGen: 48608K->6512K(48640K)] 117919K->75831K(160256K), 0.0020830 secs] [Times: user=0.01 sys=0.00, real=0.01 secs] 
252.043: Total time for which application threads were stopped: 0.0039570 seconds, Stopping threads took: 0.0017900 seconds
252.086: Application time: 0.0423650 seconds
252.087: [GC [PSYoungGen: 48496K->5312K(48640K)] 117815K->74639K(160256K), 0.0017540 secs] [Times: user=0.01 sys=0.00, real=0.00 secs] 
252.089: Total time for which application threads were stopped: 0.0035550 seconds, Stopping threads took: 0.0017050 seconds
252.130: Application time: 0.0407560 seconds
252.132: [GC [PSYoungGen: 47296K->6640K(48640K)] 116623K->76999K(160256K), 0.0026620 secs] [Times: user=0.02 sys=0.00, real=0.00 secs] 
252.135: Total time for which application threads were stopped: 0.0049210 seconds, Stopping threads took: 0.0021480 seconds
252.176: Application time: 0.0407800 seconds
252.179: [GC [PSYoungGen: 48624K->6048K(48640K)] 118983K->76415K(160256K), 0.0020370 secs] [Times: user=0.02 sys=0.00, real=0.00 secs] 
252.181: Total time for which application threads were stopped: 0.0054230 seconds, Stopping threads took: 0.0032980 seconds
252.222: Application time: 0.0406410 seconds
252.224: [GC [PSYoungGen: 48032K->6640K(48640K)] 118399K->77767K(160256K), 0.0022880 secs] [Times: user=0.02 sys=0.00, real=0.00 secs] 
252.226: Total time for which application threads were stopped: 0.0044600 seconds, Stopping threads took: 0.0020630 seconds
252.268: Application time: 0.0415270 seconds
252.270: [GC [PSYoungGen: 48624K->4880K(48640K)] 119751K->76015K(160256K), 0.0016170 secs] [Times: user=0.01 sys=0.00, real=0.01 secs] 
252.271: Total time for which application threads were stopped: 0.0034390 seconds, Stopping threads took: 0.0017480 seconds
252.313: Application time: 0.0418010 seconds
252.314: [GC [PSYoungGen: 46864K->5248K(48640K)] 117999K->76391K(160256K), 0.0017340 secs] [Times: user=0.01 sys=0.00, real=0.00 secs] 
252.316: Total time for which application threads were stopped: 0.0025470 seconds, Stopping threads took: 0.0007370 seconds
252.357: Application time: 0.0413650 seconds
252.360: [GC [PSYoungGen: 47232K->6240K(48640K)] 118375K->77383K(160256K), 0.0019320 secs] [Times: user=0.01 sys=0.00, real=0.00 secs] 
252.362: Total time for which application threads were stopped: 0.0048340 seconds, Stopping threads took: 0.0028300 seconds
252.402: Application time: 0.0398890 seconds
252.404: [GC [PSYoungGen: 48224K->6624K(48640K)] 119367K->77999K(160256K), 0.0021500 secs] [Times: user=0.01 sys=0.00, real=0.00 secs] 
252.406: Total time for which application threads were stopped: 0.0040920 seconds, Stopping threads took: 0.0018580 seconds
252.445: Application time: 0.0393440 seconds
252.447: [GC [PSYoungGen: 48608K->6624K(48640K)] 119983K->78231K(160256K), 0.0024160 secs] [Times: user=0.01 sys=0.00, real=0.00 secs] 
252.449: Total time for which application threads were stopped: 0.0043420 seconds, Stopping threads took: 0.0018290 seconds
252.489: Application time: 0.0392030 seconds
252.491: [GC [PSYoungGen: 48608K->6640K(48640K)] 120215K->79275K(160256K), 0.0025670 secs] [Times: user=0.01 sys=0.00, real=0.00 secs] 
252.494: Total time for which application threads were stopped: 0.0053290 seconds, Stopping threads took: 0.0026840 seconds
252.534: Application time: 0.0401360 seconds
252.536: [GC [PSYoungGen: 48624K->6624K(48640K)] 121259K->80603K(160256K), 0.0024080 secs] [Times: user=0.02 sys=0.00, real=0.00 secs] 
252.538: Total time for which application threads were stopped: 0.0042100 seconds, Stopping threads took: 0.0017180 seconds
252.579: Application time: 0.0405870 seconds
252.581: [GC [PSYoungGen: 48606K->6640K(48640K)] 122585K->80619K(160256K), 0.0020370 secs] [Times: user=0.01 sys=0.00, real=0.00 secs] 
252.583: Total time for which application threads were stopped: 0.0039000 seconds, Stopping threads took: 0.0017790 seconds
252.624: Application time: 0.0407070 seconds
252.625: [GC [PSYoungGen: 48624K->5488K(48640K)] 122603K->79483K(160256K), 0.0016890 secs] [Times: user=0.01 sys=0.00, real=0.00 secs] 
252.627: Total time for which application threads were stopped: 0.0030120 seconds, Stopping threads took: 0.0012510 seconds
252.666: Application time: 0.0398690 seconds
252.669: [GC [PSYoungGen: 47472K->5984K(48640K)] 121467K->79987K(160256K), 0.0018380 secs] [Times: user=0.01 sys=0.00, real=0.00 secs] 
252.670: Total time for which application threads were stopped: 0.0040540 seconds, Stopping threads took: 0.0021360 seconds
252.709: Application time: 0.0390100 seconds
252.712: [GC [PSYoungGen: 47968K->6624K(48640K)] 121971K->80651K(160256K), 0.0020250 secs] [Times: user=0.01 sys=0.00, real=0.00 secs] 
252.714: Total time for which application threads were stopped: 0.0042400 seconds, Stopping threads took: 0.0021290 seconds
252.754: Application time: 0.0403130 seconds
252.756: [GC [PSYoungGen: 48608K->6064K(48640K)] 122635K->80091K(160256K), 0.0018980 secs] [Times: user=0.01 sys=0.00, real=0.00 secs] 
252.758: Total time for which application threads were stopped: 0.0037230 seconds, Stopping threads took: 0.0017490 seconds
252.799: Application time: 0.0414240 seconds
252.801: [GC [PSYoungGen: 48048K->6384K(48640K)] 122075K->80411K(160256K), 0.0022690 secs] [Times: user=0.00 sys=0.01, real=0.01 secs] 
252.803: Total time for which application threads were stopped: 0.0042320 seconds, Stopping threads took: 0.0018760 seconds
252.843: Application time: 0.0395470 seconds
252.845: [GC [PSYoungGen: 48368K->6288K(48640K)] 122395K->80323K(160256K), 0.0021710 secs] [Times: user=0.02 sys=0.00, real=0.00 secs] 
252.847: Total time for which application threads were stopped: 0.0037550 seconds, Stopping threads took: 0.0015030 seconds
252.886: Application time: 0.0397070 seconds
252.890: [GC [PSYoungGen: 48272K->6624K(48640K)] 122307K->81067K(160256K), 0.0022970 secs] [Times: user=0.01 sys=0.00, real=0.01 secs] 
252.892: Total time for which application threads were stopped: 0.0054320 seconds, Stopping threads took: 0.0030220 seconds
252.932: Application time: 0.0401280 seconds
252.935: [GC [PSYoungGen: 48608K->6640K(48640K)] 123051K->81419K(160256K), 0.0022640 secs] [Times: user=0.02 sys=0.00, real=0.00 secs] 
252.937: Total time for which application threads were stopped: 0.0054300 seconds, Stopping threads took: 0.0030760 seconds
252.976: Application time: 0.0382310 seconds
252.978: [GC [PSYoungGen: 48624K->6640K(48640K)] 123403K->82635K(160256K), 0.0024260 secs] [Times: user=0.01 sys=0.00, real=0.00 secs] 
252.980: Total time for which application threads were stopped: 0.0047760 seconds, Stopping threads took: 0.0022620 seconds
253.020: Application time: 0.0392430 seconds
253.021: [GC [PSYoungGen: 48624K->6656K(48640K)] 124619K->84163K(160256K), 0.0024620 secs] [Times: user=0.02 sys=0.01, real=0.01 secs] 
253.023: Total time for which application threads were stopped: 0.0037200 seconds, Stopping threads took: 0.0011740 seconds
253.063: Application time: 0.0397390 seconds
253.064: [GC [PSYoungGen: 48640K->6384K(48640K)] 126147K->83891K(160256K), 0.0018800 secs] [Times: user=0.01 sys=0.00, real=0.00 secs] 
253.066: Total time for which application threads were stopped: 0.0032120 seconds, Stopping threads took: 0.0012520 seconds
253.105: Application time: 0.0387490 seconds
253.107: [GC [PSYoungGen: 48368K->6640K(48640K)] 125875K->84647K(160256K), 0.0022830 secs] [Times: user=0.01 sys=0.00, real=0.00 secs] 
253.109: Total time for which application threads were stopped: 0.0039630 seconds, Stopping threads took: 0.0015970 seconds
253.148: Application time: 0.0388630 seconds
253.150: [GC [PSYoungGen: 48624K->6640K(48640K)] 126631K->85047K(160256K), 0.0021220 secs] [Times: user=0.02 sys=0.00, real=0.01 secs] 
253.152: Total time for which application threads were stopped: 0.0041320 seconds, Stopping threads took: 0.0019280 seconds
253.191: Application time: 0.0387130 seconds
253.193: [GC [PSYoungGen: 48624K->6656K(48640K)] 127031K->85655K(160256K), 0.0022620 secs] [Times: user=0.02 sys=0.00, real=0.00 secs] 
253.195: Total time for which application threads were stopped: 0.0040840 seconds, Stopping threads took: 0.0017330 seconds
253.235: Application time: 0.0399110 seconds
253.236: [GC [PSYoungGen: 48640K->6624K(48640K)] 127639K->86487K(160256K), 0.0022490 secs] [Times: user=0.01 sys=0.00, real=0.00 secs] 
253.239: Total time for which application threads were stopped: 0.0038850 seconds, Stopping threads took: 0.0015470 seconds
253.279: Application time: 0.0403450 seconds
253.283: [GC [PSYoungGen: 48608K->6016K(48640K)] 128471K->85887K(160256K), 0.0019230 secs] [Times: user=0.01 sys=0.00, real=0.00 secs] 
253.285: Total time for which application threads were stopped: 0.0061420 seconds, Stopping threads took: 0.0041390 seconds
253.326: Application time: 0.0404440 seconds
253.327: [GC [PSYoungGen: 48000K->6640K(48640K)] 127871K->87375K(160256K), 0.0023870 secs] [Times: user=0.02 sys=0.00, real=0.00 secs] 
253.330: Total time for which application threads were stopped: 0.0041990 seconds, Stopping threads took: 0.0017270 seconds
253.370: Application time: 0.0406350 seconds
253.373: [GC [PSYoungGen: 48622K->6624K(48640K)] 129357K->87399K(160256K), 0.0020120 secs] [Times: user=0.01 sys=0.00, real=0.00 secs] 
253.375: Total time for which application threads were stopped: 0.0043010 seconds, Stopping threads took: 0.0022040 seconds
253.415: Application time: 0.0401630 seconds
253.416: [GC [PSYoungGen: 48606K->6656K(48640K)] 129382K->88719K(160256K), 0.0024420 secs] [Times: user=0.01 sys=0.00, real=0.00 secs] 
253.419: Total time for which application threads were stopped: 0.0039190 seconds, Stopping threads took: 0.0013950 seconds
253.459: Application time: 0.0398610 seconds
253.460: [GC [PSYoungGen: 48640K->6288K(48640K)] 130703K->88351K(160256K), 0.0018570 secs] [Times: user=0.01 sys=0.00, real=0.00 secs] 
253.462: Total time for which application threads were stopped: 0.0027810 seconds, Stopping threads took: 0.0008460 seconds
253.499: Application time: 0.0379710 seconds
253.501: [GC [PSYoungGen: 48272K->6640K(48640K)] 130335K->89175K(160256K), 0.0021790 secs] [Times: user=0.02 sys=0.00, real=0.00 secs] 
253.503: Total time for which application threads were stopped: 0.0034220 seconds, Stopping threads took: 0.0011620 seconds
253.542: Application time: 0.0386280 seconds
253.543: [GC [PSYoungGen: 48624K->5536K(48640K)] 131159K->88071K(160256K), 0.0016590 secs] [Times: user=0.01 sys=0.00, real=0.01 secs] 
253.545: Total time for which application threads were stopped: 0.0031800 seconds, Stopping threads took: 0.0014460 seconds
253.584: Application time: 0.0395830 seconds
253.585: [GC [PSYoungGen: 47520K->3968K(48640K)] 130055K->86511K(160256K), 0.0012930 secs] [Times: user=0.01 sys=0.00, real=0.00 secs] 
253.587: Total time for which application threads were stopped: 0.0024280 seconds, Stopping threads took: 0.0010680 seconds
253.625: Application time: 0.0381980 seconds
253.626: [GC [PSYoungGen: 45952K->6016K(48640K)] 128495K->88559K(160256K), 0.0018340 secs] [Times: user=0.02 sys=0.00, real=0.00 secs] 
253.628: Total time for which application threads were stopped: 0.0034250 seconds, Stopping threads took: 0.0015140 seconds
253.666: Application time: 0.0380730 seconds
253.668: [GC [PSYoungGen: 48000K->6656K(48640K)] 130543K->90239K(160256K), 0.0024060 secs] [Times: user=0.01 sys=0.00, real=0.00 secs] 
253.670: Total time for which application threads were stopped: 0.0040240 seconds, Stopping threads took: 0.0015380 seconds
253.707: Application time: 0.0362540 seconds
253.709: [GC [PSYoungGen: 48640K->6656K(48640K)] 132223K->90959K(160256K), 0.0022300 secs] [Times: user=0.01 sys=0.00, real=0.00 secs] 
253.711: Total time for which application threads were stopped: 0.0042390 seconds, Stopping threads took: 0.0019280 seconds
253.748: Application time: 0.0374050 seconds
253.750: [GC [PSYoungGen: 48640K->6656K(48640K)] 132943K->91015K(160256K), 0.0020940 secs] [Times: user=0.01 sys=0.00, real=0.01 secs] 
253.752: Total time for which application threads were stopped: 0.0039990 seconds, Stopping threads took: 0.0018180 seconds
253.789: Application time: 0.0366060 seconds
253.790: [GC [PSYoungGen: 48640K->6624K(48640K)] 132999K->92335K(160256K), 0.0024220 secs] [Times: user=0.01 sys=0.00, real=0.01 secs] 
253.792: Total time for which application threads were stopped: 0.0034780 seconds, Stopping threads took: 0.0009760 seconds
253.830: Application time: 0.0376930 seconds
253.833: [GC [PSYoungGen: 48608K->6624K(48640K)] 134319K->92639K(160256K), 0.0021240 secs] [Times: user=0.02 sys=0.00, real=0.00 secs] 
253.835: Total time for which application threads were stopped: 0.0046150 seconds, Stopping threads took: 0.0024050 seconds
253.872: Application time: 0.0369510 seconds
253.873: [GC [PSYoungGen: 48608K->6624K(48640K)] 134623K->92823K(160256K), 0.0021990 secs] [Times: user=0.02 sys=0.00, real=0.00 secs] 
253.876: Total time for which application threads were stopped: 0.0040150 seconds, Stopping threads took: 0.0017340 seconds
253.914: Application time: 0.0387120 seconds
253.917: [GC [PSYoungGen: 48608K->6096K(48640K)] 134807K->92303K(160256K), 0.0018970 secs] [Times: user=0.01 sys=0.00, real=0.00 secs] 
253.919: Total time for which application threads were stopped: 0.0045840 seconds, Stopping threads took: 0.0026100 seconds
253.956: Application time: 0.0371490 seconds
253.958: [GC [PSYoungGen: 48080K->6640K(48640K)] 134287K->93591K(160256K), 0.0023540 secs] [Times: user=0.01 sys=0.00, real=0.00 secs] 
253.961: Total time for which application threads were stopped: 0.0043430 seconds, Stopping threads took: 0.0019010 seconds
253.998: Application time: 0.0375450 seconds
254.000: [GC [PSYoungGen: 48624K->6400K(48640K)] 135575K->93359K(160256K), 0.0019530 secs] [Times: user=0.01 sys=0.00, real=0.00 secs] 
254.002: Total time for which application threads were stopped: 0.0037000 seconds, Stopping threads took: 0.0016660 seconds
254.039: Application time: 0.0376600 seconds
254.042: [GC [PSYoungGen: 48384K->6288K(48640K)] 135343K->93247K(160256K), 0.0019860 secs] [Times: user=0.01 sys=0.00, real=0.01 secs] 
254.044: Total time for which application threads were stopped: 0.0041320 seconds, Stopping threads took: 0.0020570 seconds
254.081: Application time: 0.0373480 seconds
254.083: [GC [PSYoungGen: 48272K->6640K(48640K)] 135231K->94548K(160256K), 0.0023340 secs] [Times: user=0.01 sys=0.00, real=0.01 secs] 
254.085: Total time for which application threads were stopped: 0.0043040 seconds, Stopping threads took: 0.0018850 seconds
254.123: Application time: 0.0376850 seconds
254.124: [GC [PSYoungGen: 48624K->5504K(48640K)] 136532K->93412K(160256K), 0.0017770 secs] [Times: user=0.02 sys=0.00, real=0.00 secs] 
254.126: Total time for which application threads were stopped: 0.0027300 seconds, Stopping threads took: 0.0008780 seconds
254.164: Application time: 0.0382770 seconds
254.166: [GC [PSYoungGen: 47488K->5968K(48640K)] 135396K->93876K(160256K), 0.0019180 secs] [Times: user=0.00 sys=0.01, real=0.00 secs] 
254.167: Total time for which application threads were stopped: 0.0035380 seconds, Stopping threads took: 0.0015430 seconds
254.205: Application time: 0.0372010 seconds
254.206: [GC [PSYoungGen: 47952K->6656K(48640K)] 135860K->95516K(160256K), 0.0023400 secs] [Times: user=0.02 sys=0.00, real=0.00 secs] 
254.208: Total time for which application threads were stopped: 0.0037820 seconds, Stopping threads took: 0.0013620 seconds
254.245: Application time: 0.0367810 seconds
254.247: [GC [PSYoungGen: 48640K->6656K(48640K)] 137500K->96660K(160256K), 0.0024120 secs] [Times: user=0.02 sys=0.00, real=0.00 secs] 
254.249: Total time for which application threads were stopped: 0.0040660 seconds, Stopping threads took: 0.0015680 seconds
254.286: Application time: 0.0370770 seconds
254.288: [GC [PSYoungGen: 48640K->6640K(48640K)] 138644K->96644K(160256K), 0.0020650 secs] [Times: user=0.01 sys=0.00, real=0.00 secs] 
254.290: Total time for which application threads were stopped: 0.0034220 seconds, Stopping threads took: 0.0012660 seconds
254.327: Application time: 0.0374450 seconds
254.330: [GC [PSYoungGen: 48624K->5680K(48640K)] 138628K->95684K(160256K), 0.0017240 secs] [Times: user=0.01 sys=0.00, real=0.01 secs] 
254.332: Total time for which application threads were stopped: 0.0044250 seconds, Stopping threads took: 0.0026280 seconds
254.369: Application time: 0.0377080 seconds
254.371: [GC [PSYoungGen: 47664K->6096K(48640K)] 137668K->96108K(160256K), 0.0018380 secs] [Times: user=0.01 sys=0.00, real=0.01 secs] 
254.373: Total time for which application threads were stopped: 0.0031470 seconds, Stopping threads took: 0.0012330 seconds
254.412: Application time: 0.0396650 seconds
254.413: [GC [PSYoungGen: 48080K->5296K(48640K)] 138092K->95316K(160256K), 0.0018200 secs] [Times: user=0.01 sys=0.00, real=0.00 secs] 
254.415: Total time for which application threads were stopped: 0.0024970 seconds, Stopping threads took: 0.0005990 seconds
254.452: Application time: 0.0375850 seconds
254.454: [GC [PSYoungGen: 47280K->6544K(48640K)] 137300K->96564K(160256K), 0.0019790 secs] [Times: user=0.02 sys=0.00, real=0.00 secs] 
254.456: Total time for which application threads were stopped: 0.0033890 seconds, Stopping threads took: 0.0013320 seconds
254.494: Application time: 0.0378470 seconds
254.496: [GC [PSYoungGen: 48528K->5872K(48640K)] 138548K->95892K(160256K), 0.0017970 secs] [Times: user=0.02 sys=0.00, real=0.00 secs] 
254.498: Total time for which application threads were stopped: 0.0040940 seconds, Stopping threads took: 0.0022180 seconds
254.535: Application time: 0.0375770 seconds
254.537: [GC [PSYoungGen: 47856K->5232K(48640K)] 137876K->95260K(160256K), 0.0016900 secs] [Times: user=0.01 sys=0.00, real=0.00 secs] 
254.539: Total time for which application threads were stopped: 0.0034120 seconds, Stopping threads took: 0.0016290 seconds
254.577: Application time: 0.0382870 seconds
254.578: [GC [PSYoungGen: 47216K->6624K(48640K)] 137244K->97084K(160256K), 0.0021890 secs] [Times: user=0.01 sys=0.00, real=0.00 secs] 
254.581: Total time for which application threads were stopped: 0.0036570 seconds, Stopping threads took: 0.0013850 seconds
254.617: Application time: 0.0365940 seconds
254.619: [GC [PSYoungGen: 48608K->6640K(48640K)] 139068K->98332K(160256K), 0.0023550 secs] [Times: user=0.02 sys=0.00, real=0.00 secs] 
254.622: Total time for which application threads were stopped: 0.0044210 seconds, Stopping threads took: 0.0019840 seconds
254.659: Application time: 0.0376180 seconds
254.661: [GC [PSYoungGen: 48624K->6624K(48640K)] 140316K->98316K(160256K), 0.0020030 secs] [Times: user=0.01 sys=0.00, real=0.00 secs] 
254.663: Total time for which application threads were stopped: 0.0039460 seconds, Stopping threads took: 0.0018550 seconds
254.701: Application time: 0.0382200 seconds
254.703: [GC [PSYoungGen: 48608K->5488K(48640K)] 140300K->97180K(160256K), 0.0017650 secs] [Times: user=0.01 sys=0.00, real=0.01 secs] 
254.704: Total time for which application threads were stopped: 0.0030960 seconds, Stopping threads took: 0.0012500 seconds
254.743: Application time: 0.0387010 seconds
254.745: [GC [PSYoungGen: 47472K->5568K(48640K)] 139164K->97260K(160256K), 0.0016980 secs] [Times: user=0.01 sys=0.00, real=0.00 secs] 
254.746: Total time for which application threads were stopped: 0.0032130 seconds, Stopping threads took: 0.0014380 seconds
254.786: Application time: 0.0394000 seconds
254.787: [GC [PSYoungGen: 47552K->4928K(48640K)] 139244K->96628K(160256K), 0.0016200 secs] [Times: user=0.01 sys=0.00, real=0.00 secs] 
254.788: Total time for which application threads were stopped: 0.0026460 seconds, Stopping threads took: 0.0009530 seconds
254.826: Application time: 0.0380030 seconds
254.828: [GC [PSYoungGen: 46912K->6656K(48640K)] 138612K->98572K(160256K), 0.0022640 secs] [Times: user=0.01 sys=0.00, real=0.00 secs] 
254.830: Total time for which application threads were stopped: 0.0040440 seconds, Stopping threads took: 0.0016700 seconds
254.869: Application time: 0.0384530 seconds
254.872: [GC [PSYoungGen: 48639K->5344K(48640K)] 140556K->97260K(160256K), 0.0016320 secs] [Times: user=0.01 sys=0.00, real=0.00 secs] 
254.873: Total time for which application threads were stopped: 0.0043830 seconds, Stopping threads took: 0.0026780 seconds
254.910: Application time: 0.0367110 seconds
254.912: [GC [PSYoungGen: 47328K->6656K(48640K)] 139244K->99736K(160256K), 0.0022970 secs] [Times: user=0.01 sys=0.00, real=0.00 secs] 
254.915: Total time for which application threads were stopped: 0.0046610 seconds, Stopping threads took: 0.0022820 seconds
254.953: Application time: 0.0378860 seconds
254.954: [GC [PSYoungGen: 48640K->6240K(48640K)] 141720K->99328K(160256K), 0.0019630 secs] [Times: user=0.01 sys=0.00, real=0.00 secs] 
254.956: Total time for which application threads were stopped: 0.0035590 seconds, Stopping threads took: 0.0015130 seconds
254.996: Application time: 0.0396470 seconds
254.997: [GC [PSYoungGen: 48224K->5888K(48640K)] 141312K->98976K(160256K), 0.0018460 secs] [Times: user=0.01 sys=0.00, real=0.00 secs] 
254.999: Total time for which application threads were stopped: 0.0035610 seconds, Stopping threads took: 0.0016390 seconds
255.038: Application time: 0.0386910 seconds
255.040: [GC [PSYoungGen: 47872K->4944K(48640K)] 140960K->98048K(160256K), 0.0016170 secs] [Times: user=0.01 sys=0.00, real=0.00 secs] 
255.041: Total time for which application threads were stopped: 0.0032350 seconds, Stopping threads took: 0.0015480 seconds
255.079: Application time: 0.0380260 seconds
255.081: [GC [PSYoungGen: 46928K->6656K(48640K)] 140032K->101240K(160256K), 0.0025690 secs] [Times: user=0.02 sys=0.00, real=0.01 secs] 
255.084: Total time for which application threads were stopped: 0.0043840 seconds, Stopping threads took: 0.0017340 seconds
255.122: Application time: 0.0387620 seconds
255.124: [GC [PSYoungGen: 48640K->6432K(48640K)] 143224K->101024K(160256K), 0.0019640 secs] [Times: user=0.01 sys=0.00, real=0.00 secs] 
255.126: Total time for which application threads were stopped: 0.0031510 seconds, Stopping threads took: 0.0011050 seconds
255.163: Application time: 0.0376500 seconds
255.165: [GC [PSYoungGen: 48416K->6656K(48640K)] 143008K->102376K(160256K), 0.0023100 secs] [Times: user=0.02 sys=0.00, real=0.00 secs] 
255.167: Total time for which application threads were stopped: 0.0037380 seconds, Stopping threads took: 0.0013460 seconds
255.204: Application time: 0.0370280 seconds
255.206: [GC [PSYoungGen: 48640K->6656K(48640K)] 144360K->103688K(160256K), 0.0024540 secs] [Times: user=0.02 sys=0.00, real=0.00 secs] 
255.209: Total time for which application threads were stopped: 0.0045780 seconds, Stopping threads took: 0.0020430 seconds
255.246: Application time: 0.0376030 seconds
255.248: [GC [PSYoungGen: 48640K->6656K(48640K)] 145672K->104208K(160256K), 0.0021600 secs] [Times: user=0.02 sys=0.00, real=0.00 secs] 
255.251: Total time for which application threads were stopped: 0.0044250 seconds, Stopping threads took: 0.0021830 seconds
255.290: Application time: 0.0389570 seconds
255.291: [GC [PSYoungGen: 48640K->6272K(48640K)] 146192K->103824K(160256K), 0.0019640 secs] [Times: user=0.01 sys=0.00, real=0.01 secs] 
255.293: Total time for which application threads were stopped: 0.0030100 seconds, Stopping threads took: 0.0009650 seconds
255.329: Application time: 0.0366910 seconds
255.331: [GC [PSYoungGen: 48256K->5952K(48640K)] 145808K->103512K(160256K), 0.0018410 secs] [Times: user=0.01 sys=0.00, real=0.00 secs] 
255.333: Total time for which application threads were stopped: 0.0038130 seconds, Stopping threads took: 0.0018800 seconds
255.370: Application time: 0.0367870 seconds
255.372: [GC [PSYoungGen: 47936K->5472K(48640K)] 145496K->103032K(160256K), 0.0017540 secs] [Times: user=0.01 sys=0.00, real=0.00 secs] 
255.374: Total time for which application threads were stopped: 0.0035770 seconds, Stopping threads took: 0.0017460 seconds
255.412: Application time: 0.0381130 seconds
255.413: [GC [PSYoungGen: 47456K->6640K(48640K)] 145016K->104384K(160256K), 0.0021100 secs] [Times: user=0.02 sys=0.00, real=0.00 secs] 
255.415: Total time for which application threads were stopped: 0.0037190 seconds, Stopping threads took: 0.0015260 seconds
255.454: Application time: 0.0390860 seconds
255.455: [GC [PSYoungGen: 48624K->6336K(48640K)] 146368K->104088K(160256K), 0.0019600 secs] [Times: user=0.01 sys=0.01, real=0.00 secs] 
255.457: Total time for which application threads were stopped: 0.0026550 seconds, Stopping threads took: 0.0006150 seconds
255.495: Application time: 0.0375780 seconds
255.496: [GC [PSYoungGen: 48320K->6656K(48640K)] 146072K->104724K(160256K), 0.0022170 secs] [Times: user=0.01 sys=0.00, real=0.00 secs] 
255.498: Total time for which application threads were stopped: 0.0032740 seconds, Stopping threads took: 0.0009790 seconds
255.537: Application time: 0.0389890 seconds
255.538: [GC [PSYoungGen: 48640K->5856K(48640K)] 146708K->103924K(160256K), 0.0018690 secs] [Times: user=0.01 sys=0.00, real=0.00 secs] 
255.540: Total time for which application threads were stopped: 0.0033260 seconds, Stopping threads took: 0.0013750 seconds
255.578: Application time: 0.0375080 seconds
255.580: [GC [PSYoungGen: 47840K->6656K(48640K)] 145908K->106052K(160256K), 0.0025320 secs] [Times: user=0.01 sys=0.00, real=0.00 secs] 
255.582: Total time for which application threads were stopped: 0.0045510 seconds, Stopping threads took: 0.0019400 seconds
255.621: Application time: 0.0391300 seconds
255.623: [GC [PSYoungGen: 48640K->5984K(48640K)] 148036K->105388K(160256K), 0.0019310 secs] [Times: user=0.02 sys=0.00, real=0.00 secs] 
255.625: Total time for which application threads were stopped: 0.0038530 seconds, Stopping threads took: 0.0018220 seconds
255.664: Application time: 0.0390020 seconds
255.666: [GC [PSYoungGen: 47968K->6640K(48640K)] 147372K->106572K(160256K), 0.0023130 secs] [Times: user=0.02 sys=0.00, real=0.00 secs] 
255.668: Total time for which application threads were stopped: 0.0039680 seconds, Stopping threads took: 0.0015720 seconds
255.706: Application time: 0.0378990 seconds
255.708: [GC [PSYoungGen: 48623K->6048K(48640K)] 148556K->105980K(160256K), 0.0019020 secs] [Times: user=0.01 sys=0.00, real=0.00 secs] 
255.710: Total time for which application threads were stopped: 0.0037190 seconds, Stopping threads took: 0.0017270 seconds
255.749: Application time: 0.0389220 seconds
255.751: [GC [PSYoungGen: 48032K->6640K(48640K)] 147964K->107156K(160256K), 0.0022350 secs] [Times: user=0.02 sys=0.01, real=0.01 secs] 
255.753: Total time for which application threads were stopped: 0.0043320 seconds, Stopping threads took: 0.0020140 seconds
255.790: Application time: 0.0372200 seconds
255.791: [GC [PSYoungGen: 48624K->6064K(48640K)] 149140K->106580K(160256K), 0.0018450 secs] [Times: user=0.02 sys=0.00, real=0.00 secs] 
255.793: Total time for which application threads were stopped: 0.0029250 seconds, Stopping threads took: 0.0010040 seconds
255.831: Application time: 0.0378660 seconds
255.834: [GC [PSYoungGen: 48046K->4976K(48640K)] 148563K->105500K(160256K), 0.0015100 secs] [Times: user=0.01 sys=0.00, real=0.00 secs] 
255.835: Total time for which application threads were stopped: 0.0039090 seconds, Stopping threads took: 0.0023080 seconds
255.873: Application time: 0.0380190 seconds
255.874: [GC [PSYoungGen: 46960K->6640K(48640K)] 147484K->107796K(160256K), 0.0022610 secs] [Times: user=0.01 sys=0.00, real=0.00 secs] 
255.877: Total time for which application threads were stopped: 0.0035380 seconds, Stopping threads took: 0.0011990 seconds
255.915: Application time: 0.0384950 seconds
255.917: [GC [PSYoungGen: 48624K->5840K(48640K)] 149780K->106996K(160256K), 0.0018340 secs] [Times: user=0.02 sys=0.00, real=0.00 secs] 
255.919: Total time for which application threads were stopped: 0.0036200 seconds, Stopping threads took: 0.0017090 seconds
255.957: Application time: 0.0385530 seconds
255.958: [GC [PSYoungGen: 47824K->5344K(48640K)] 148980K->106508K(160256K), 0.0017080 secs] [Times: user=0.01 sys=0.00, real=0.00 secs] 
255.960: Total time for which application threads were stopped: 0.0027600 seconds, Stopping threads took: 0.0009750 seconds
255.998: Application time: 0.0374930 seconds
256.000: [GC [PSYoungGen: 47328K->5248K(48640K)] 148492K->106412K(160256K), 0.0017020 secs] [Times: user=0.01 sys=0.00, real=0.00 secs] 
256.002: Total time for which application threads were stopped: 0.0041710 seconds, Stopping threads took: 0.0023910 seconds
256.039: Application time: 0.0368880 seconds
256.040: [GC [PSYoungGen: 47232K->6656K(48640K)] 148396K->108669K(160256K), 0.0023850 secs] [Times: user=0.01 sys=0.00, real=0.00 secs] 
256.043: Total time for which application threads were stopped: 0.0042490 seconds, Stopping threads took: 0.0017810 seconds
256.082: Application time: 0.0388970 seconds
256.083: [GC [PSYoungGen: 48640K->6496K(48640K)] 150653K->108517K(160256K), 0.0019970 secs] [Times: user=0.01 sys=0.00, real=0.01 secs] 
256.085: Total time for which application threads were stopped: 0.0033130 seconds, Stopping threads took: 0.0012340 seconds
256.122: Application time: 0.0370980 seconds
256.124: [GC [PSYoungGen: 48480K->6656K(48640K)] 150501K->108733K(160256K), 0.0020730 secs] [Times: user=0.01 sys=0.00, real=0.00 secs] 
256.126: Total time for which application threads were stopped: 0.0037880 seconds, Stopping threads took: 0.0016300 seconds
256.164: Application time: 0.0379050 seconds
256.165: [GC [PSYoungGen: 48640K->6064K(48640K)] 150717K->108141K(160256K), 0.0018750 secs] [Times: user=0.01 sys=0.00, real=0.00 secs] 
256.167: Total time for which application threads were stopped: 0.0030950 seconds, Stopping threads took: 0.0011440 seconds
256.205: Application time: 0.0383290 seconds
256.207: [GC [PSYoungGen: 48048K->5984K(48640K)] 150125K->108061K(160256K), 0.0018810 secs] [Times: user=0.02 sys=0.00, real=0.00 secs] 
256.209: Total time for which application threads were stopped: 0.0034210 seconds, Stopping threads took: 0.0014590 seconds
256.247: Application time: 0.0382020 seconds
256.248: [GC [PSYoungGen: 47968K->5856K(48640K)] 150045K->107933K(160256K), 0.0017860 secs] [Times: user=0.01 sys=0.00, real=0.00 secs] 
256.250: Total time for which application threads were stopped: 0.0030640 seconds, Stopping threads took: 0.0012000 seconds
256.288: Application time: 0.0379800 seconds
256.289: [GC [PSYoungGen: 47840K->6384K(48640K)] 149917K->108469K(160256K), 0.0020200 secs] [Times: user=0.01 sys=0.00, real=0.01 secs] 
256.291: Total time for which application threads were stopped: 0.0033860 seconds, Stopping threads took: 0.0012860 seconds
256.329: Application time: 0.0377290 seconds
256.332: [GC [PSYoungGen: 48368K->6656K(48640K)] 150453K->109741K(160256K), 0.0024030 secs] [Times: user=0.01 sys=0.00, real=0.00 secs] 
256.334: Total time for which application threads were stopped: 0.0051170 seconds, Stopping threads took: 0.0026330 seconds
256.371: Application time: 0.0368320 seconds
256.373: [GC [PSYoungGen: 48640K->6656K(48640K)] 151725K->109965K(160256K), 0.0021190 secs] [Times: user=0.01 sys=0.00, real=0.00 secs] 
256.375: Total time for which application threads were stopped: 0.0038770 seconds, Stopping threads took: 0.0016690 seconds
256.412: Application time: 0.0371190 seconds
256.413: [GC [PSYoungGen: 48640K->6656K(48640K)] 151949K->110069K(160256K), 0.0020750 secs] [Times: user=0.02 sys=0.00, real=0.00 secs] 
256.415: Total time for which application threads were stopped: 0.0033160 seconds, Stopping threads took: 0.0011550 seconds
256.454: Application time: 0.0385600 seconds
256.456: [GC [PSYoungGen: 48640K->5824K(48640K)] 152053K->109245K(160256K), 0.0017630 secs] [Times: user=0.01 sys=0.00, real=0.00 secs] 
256.457: Total time for which application threads were stopped: 0.0034690 seconds, Stopping threads took: 0.0016290 seconds
256.493: Application time: 0.0359360 seconds
256.495: [GC [PSYoungGen: 47808K->6656K(48640K)] 151229K->111533K(160256K), 0.0024310 secs] [Times: user=0.02 sys=0.00, real=0.00 secs] 
256.498: Total time for which application threads were stopped: 0.0045650 seconds, Stopping threads took: 0.0020480 seconds
256.536: Application time: 0.0382210 seconds
256.538: [GC [PSYoungGen: 48640K->5456K(48640K)] 153517K->110333K(160256K), 0.0017250 secs] [Times: user=0.01 sys=0.00, real=0.00 secs] 
256.540: Total time for which application threads were stopped: 0.0039140 seconds, Stopping threads took: 0.0021150 seconds
256.579: Application time: 0.0386530 seconds
256.580: [GC [PSYoungGen: 47440K->5088K(48640K)] 152317K->109965K(160256K), 0.0016400 secs] [Times: user=0.01 sys=0.00, real=0.00 secs] 
256.582: Total time for which application threads were stopped: 0.0027810 seconds, Stopping threads took: 0.0010620 seconds
256.620: Application time: 0.0389350 seconds
256.621: [GC [PSYoungGen: 47072K->3520K(48640K)] 151949K->108397K(160256K), 0.0012350 secs] [Times: user=0.01 sys=0.00, real=0.00 secs] 
256.623: Total time for which application threads were stopped: 0.0021820 seconds, Stopping threads took: 0.0008810 seconds
256.663: Application time: 0.0400030 seconds
256.664: [GC [PSYoungGen: 45504K->4864K(48640K)] 150381K->109749K(160256K), 0.0015210 secs] [Times: user=0.01 sys=0.00, real=0.00 secs] 
256.666: Total time for which application threads were stopped: 0.0030020 seconds, Stopping threads took: 0.0014090 seconds
256.703: Application time: 0.0376420 seconds
256.706: [GC [PSYoungGen: 46848K->6656K(48640K)] 151733K->111885K(160256K), 0.0022000 secs] [Times: user=0.02 sys=0.00, real=0.00 secs] 
256.708: Total time for which application threads were stopped: 0.0044420 seconds, Stopping threads took: 0.0021630 seconds
256.745: Application time: 0.0376250 seconds
256.748: [GC [PSYoungGen: 48640K->5952K(48640K)] 153869K->111181K(160256K), 0.0018420 secs] [Times: user=0.01 sys=0.00, real=0.00 secs] 
256.750: Total time for which application threads were stopped: 0.0045270 seconds, Stopping threads took: 0.0026100 seconds
256.788: Application time: 0.0384940 seconds
256.790: [GC [PSYoungGen: 47934K->5424K(48640K)] 153164K->110661K(160256K), 0.0016950 secs] [Times: user=0.01 sys=0.00, real=0.01 secs] 
256.791: Total time for which application threads were stopped: 0.0028730 seconds, Stopping threads took: 0.0010990 seconds
256.829: Application time: 0.0378280 seconds
256.830: [GC [PSYoungGen: 47408K->6656K(48640K)] 152645K->112509K(160256K), 0.0022520 secs] [Times: user=0.02 sys=0.00, real=0.01 secs] 
256.833: Total time for which application threads were stopped: 0.0036320 seconds, Stopping threads took: 0.0012900 seconds
256.870: Application time: 0.0374580 seconds
256.872: [GC [PSYoungGen: 48640K->6640K(48640K)] 154493K->113453K(160256K), 0.0023570 secs] [Times: user=0.01 sys=0.00, real=0.00 secs] 
256.874: Total time for which application threads were stopped: 0.0042840 seconds, Stopping threads took: 0.0018460 seconds
256.912: Application time: 0.0372970 seconds
256.913: [GC [PSYoungGen: 48624K->6656K(48640K)] 155437K->114757K(160256K), 0.0024580 secs] [Times: user=0.02 sys=0.00, real=0.00 secs] 
256.916: Total time for which application threads were stopped: 0.0041970 seconds, Stopping threads took: 0.0016530 seconds
256.954: Application time: 0.0379340 seconds
256.955: [GC [PSYoungGen: 48640K->6656K(48640K)] 156741K->115453K(160256K), 0.0022530 secs] [Times: user=0.01 sys=0.00, real=0.00 secs] 
256.957: Total time for which application threads were stopped: 0.0035240 seconds, Stopping threads took: 0.0011880 seconds
256.994: Application time: 0.0370130 seconds
256.996: [GC [PSYoungGen: 48640K->6656K(48640K)] 157437K->116285K(160256K), 0.0022850 secs] [Times: user=0.02 sys=0.00, real=0.00 secs] 
256.999: Total time for which application threads were stopped: 0.0042970 seconds, Stopping threads took: 0.0019310 seconds
257.037: Application time: 0.0384370 seconds
257.040: [GC [PSYoungGen: 48640K->6560K(48640K)] 158269K->116189K(160256K), 0.0021160 secs] [Times: user=0.01 sys=0.00, real=0.00 secs] 
257.042: Total time for which application threads were stopped: 0.0044770 seconds, Stopping threads took: 0.0022850 seconds
257.080: Application time: 0.0385750 seconds
257.081: [GC [PSYoungGen: 48544K->6656K(48640K)] 158173K->116477K(160256K), 0.0022360 secs] [Times: user=0.01 sys=0.00, real=0.01 secs] 
257.084: Total time for which application threads were stopped: 0.0033090 seconds, Stopping threads took: 0.0009890 seconds
257.120: Application time: 0.0364880 seconds
257.121: [GC [PSYoungGen: 48640K->6432K(48640K)] 158461K->116253K(160256K), 0.0020080 secs] [Times: user=0.02 sys=0.00, real=0.01 secs] 
257.124: Total time for which application threads were stopped: 0.0034960 seconds, Stopping threads took: 0.0014070 seconds
257.163: Application time: 0.0393950 seconds
257.164: [GC [PSYoungGen: 48416K->5184K(48640K)] 158237K->115013K(160256K), 0.0016250 secs] [Times: user=0.01 sys=0.00, real=0.00 secs] 
257.166: Total time for which application threads were stopped: 0.0029890 seconds, Stopping threads took: 0.0012910 seconds
257.205: Application time: 0.0388120 seconds
257.206: [GC [PSYoungGen: 47168K->6000K(48640K)] 156997K->115829K(160256K), 0.0018830 secs] [Times: user=0.01 sys=0.00, real=0.00 secs] 
257.208: Total time for which application threads were stopped: 0.0034460 seconds, Stopping threads took: 0.0014880 seconds
257.246: Application time: 0.0378880 seconds
257.247: [GC [PSYoungGen: 47984K->5424K(48640K)] 157813K->115253K(160256K), 0.0017490 secs] [Times: user=0.02 sys=0.00, real=0.00 secs] 
257.249: Total time for which application threads were stopped: 0.0029840 seconds, Stopping threads took: 0.0011600 seconds
257.286: Application time: 0.0371190 seconds
257.288: [GC [PSYoungGen: 47408K->5360K(48640K)] 157237K->115197K(160256K), 0.0017870 secs] [Times: user=0.01 sys=0.00, real=0.00 secs] 
257.290: Total time for which application threads were stopped: 0.0036830 seconds, Stopping threads took: 0.0018170 seconds
257.328: Application time: 0.0380800 seconds
257.330: [GC [PSYoungGen: 47344K->6640K(48640K)] 157181K->116517K(160256K), 0.0020600 secs] [Times: user=0.01 sys=0.00, real=0.01 secs] 
257.332: Total time for which application threads were stopped: 0.0037030 seconds, Stopping threads took: 0.0015630 seconds
257.368: Application time: 0.0364740 seconds
257.370: [GC [PSYoungGen: 48624K->6656K(48640K)] 158501K->117861K(160256K), 0.0024180 secs] [Times: user=0.02 sys=0.00, real=0.01 secs] 
257.372: [Full GC [PSYoungGen: 6656K->0K(48640K)] [ParOldGen: 111205K->10919K(111616K)] 117861K->10919K(160256K) [PSPermGen: 5184K->5184K(21504K)], 0.0064860 secs] [Times: user=0.03 sys=0.00, real=0.00 secs] 
257.379: Total time for which application threads were stopped: 0.0106260 seconds, Stopping threads took: 0.0015880 seconds
257.418: Application time: 0.0396350 seconds
257.421: [GC [PSYoungGen: 41984K->6480K(48640K)] 52903K->17399K(160256K), 0.0020170 secs] [Times: user=0.01 sys=0.00, real=0.00 secs] 
257.423: Total time for which application threads were stopped: 0.0045430 seconds, Stopping threads took: 0.0024430 seconds
257.461: Application time: 0.0379270 seconds
257.463: [GC [PSYoungGen: 48464K->6640K(48640K)] 59383K->18743K(160256K), 0.0025720 secs] [Times: user=0.01 sys=0.00, real=0.00 secs] 
257.466: Total time for which application threads were stopped: 0.0049020 seconds, Stopping threads took: 0.0022410 seconds
257.505: Application time: 0.0396900 seconds
257.508: [GC [PSYoungGen: 48624K->6624K(48640K)] 60727K->20263K(160256K), 0.0024370 secs] [Times: user=0.02 sys=0.00, real=0.00 secs] 
257.510: Total time for which application threads were stopped: 0.0049260 seconds, Stopping threads took: 0.0024070 seconds
257.551: Application time: 0.0407520 seconds
257.553: [GC [PSYoungGen: 48606K->6656K(48640K)] 62246K->21095K(160256K), 0.0022320 secs] [Times: user=0.02 sys=0.00, real=0.00 secs] 
257.555: Total time for which application threads were stopped: 0.0042000 seconds, Stopping threads took: 0.0018870 seconds
257.595: Application time: 0.0391950 seconds
257.597: [GC [PSYoungGen: 48640K->6624K(48640K)] 63079K->21319K(160256K), 0.0020720 secs] [Times: user=0.01 sys=0.00, real=0.00 secs] 
257.599: Total time for which application threads were stopped: 0.0043080 seconds, Stopping threads took: 0.0021550 seconds
257.640: Application time: 0.0407490 seconds
257.642: [GC [PSYoungGen: 48608K->5408K(48640K)] 63303K->20103K(160256K), 0.0016610 secs] [Times: user=0.01 sys=0.00, real=0.01 secs] 
257.643: Total time for which application threads were stopped: 0.0035990 seconds, Stopping threads took: 0.0018580 seconds
257.684: Application time: 0.0409670 seconds
257.687: [GC [PSYoungGen: 47392K->6624K(48640K)] 62087K->21447K(160256K), 0.0019760 secs] [Times: user=0.02 sys=0.00, real=0.00 secs] 
257.689: Total time for which application threads were stopped: 0.0051900 seconds, Stopping threads took: 0.0031350 seconds
257.730: Application time: 0.0406870 seconds
257.732: [GC [PSYoungGen: 48608K->6640K(48640K)] 63431K->21927K(160256K), 0.0020710 secs] [Times: user=0.02 sys=0.00, real=0.00 secs] 
257.735: Total time for which application threads were stopped: 0.0045010 seconds, Stopping threads took: 0.0023480 seconds
257.774: Application time: 0.0395350 seconds
257.776: [GC [PSYoungGen: 48622K->6624K(48640K)] 63910K->23739K(160256K), 0.0024830 secs] [Times: user=0.02 sys=0.00, real=0.00 secs] 
257.779: Total time for which application threads were stopped: 0.0044470 seconds, Stopping threads took: 0.0018830 seconds
257.819: Application time: 0.0403500 seconds
257.821: [GC [PSYoungGen: 48608K->6640K(48640K)] 65723K->23916K(160256K), 0.0020280 secs] [Times: user=0.01 sys=0.00, real=0.00 secs] 
257.823: Total time for which application threads were stopped: 0.0038660 seconds, Stopping threads took: 0.0017520 seconds
257.862: Application time: 0.0395700 seconds
257.865: [GC [PSYoungGen: 48624K->6256K(48640K)] 65900K->23532K(160256K), 0.0018020 secs] [Times: user=0.01 sys=0.00, real=0.00 secs] 
257.867: Total time for which application threads were stopped: 0.0046810 seconds, Stopping threads took: 0.0027960 seconds
257.906: Application time: 0.0387610 seconds
257.907: [GC [PSYoungGen: 48240K->6624K(48640K)] 65516K->24835K(160256K), 0.0022940 secs] [Times: user=0.02 sys=0.00, real=0.00 secs] 
257.910: Total time for which application threads were stopped: 0.0037760 seconds, Stopping threads took: 0.0013940 seconds
257.952: Application time: 0.0423110 seconds
257.953: [GC [PSYoungGen: 48608K->6640K(48640K)] 66819K->25131K(160256K), 0.0021140 secs] [Times: user=0.02 sys=0.00, real=0.00 secs] 
257.955: Total time for which application threads were stopped: 0.0035940 seconds, Stopping threads took: 0.0013820 seconds
257.997: Application time: 0.0417270 seconds
257.999: [GC [PSYoungGen: 48624K->5312K(48640K)] 67115K->23803K(160256K), 0.0016120 secs] [Times: user=0.01 sys=0.00, real=0.00 secs] 
258.000: Total time for which application threads were stopped: 0.0031500 seconds, Stopping threads took: 0.0014580 seconds
258.041: Application time: 0.0402140 seconds
258.043: [GC [PSYoungGen: 47296K->6624K(48640K)] 65787K->25139K(160256K), 0.0020820 secs] [Times: user=0.01 sys=0.00, real=0.00 secs] 
258.046: Total time for which application threads were stopped: 0.0049900 seconds, Stopping threads took: 0.0028050 seconds
258.085: Application time: 0.0395710 seconds
258.088: [GC [PSYoungGen: 48608K->6624K(48640K)] 67123K->25699K(160256K), 0.0024370 secs] [Times: user=0.01 sys=0.00, real=0.00 secs] 
258.090: Total time for which application threads were stopped: 0.0048680 seconds, Stopping threads took: 0.0023270 seconds
258.129: Application time: 0.0394340 seconds
258.131: [GC [PSYoungGen: 48608K->6640K(48640K)] 67683K->26196K(160256K), 0.0023370 secs] [Times: user=0.01 sys=0.00, real=0.00 secs] 
258.134: Total time for which application threads were stopped: 0.0044200 seconds, Stopping threads took: 0.0019990 seconds
258.173: Application time: 0.0392890 seconds
258.174: [GC [PSYoungGen: 48624K->6640K(48640K)] 68180K->27044K(160256K), 0.0022890 secs] [Times: user=0.02 sys=0.00, real=0.00 secs] 
258.177: Total time for which application threads were stopped: 0.0036450 seconds, Stopping threads took: 0.0012670 seconds
258.216: Application time: 0.0396520 seconds
258.219: [GC [PSYoungGen: 48624K->6656K(48640K)] 69028K->28236K(160256K), 0.0024380 secs] [Times: user=0.01 sys=0.00, real=0.00 secs] 
258.221: Total time for which application threads were stopped: 0.0045570 seconds, Stopping threads took: 0.0020100 seconds
258.261: Application time: 0.0399550 seconds
258.262: [GC [PSYoungGen: 48640K->6656K(48640K)] 70220K->28844K(160256K), 0.0021780 secs] [Times: user=0.01 sys=0.00, real=0.01 secs] 
258.265: Total time for which application threads were stopped: 0.0036650 seconds, Stopping threads took: 0.0014030 seconds
258.303: Application time: 0.0383340 seconds
258.306: [GC [PSYoungGen: 48640K->6656K(48640K)] 70828K->29724K(160256K), 0.0022500 secs] [Times: user=0.01 sys=0.00, real=0.00 secs] 
258.309: Total time for which application threads were stopped: 0.0056200 seconds, Stopping threads took: 0.0032840 seconds
258.349: Application time: 0.0405180 seconds
258.352: [GC [PSYoungGen: 48640K->5760K(48640K)] 71708K->28828K(160256K), 0.0019450 secs] [Times: user=0.01 sys=0.00, real=0.00 secs] 
258.354: Total time for which application threads were stopped: 0.0044090 seconds, Stopping threads took: 0.0023660 seconds
258.394: Application time: 0.0403030 seconds
258.396: [GC [PSYoungGen: 47744K->6640K(48640K)] 70812K->31036K(160256K), 0.0023780 secs] [Times: user=0.02 sys=0.00, real=0.00 secs] 
258.398: Total time for which application threads were stopped: 0.0042440 seconds, Stopping threads took: 0.0017740 seconds
258.438: Application time: 0.0397460 seconds
258.440: [GC [PSYoungGen: 48624K->6656K(48640K)] 73020K->31772K(160256K), 0.0021850 secs] [Times: user=0.02 sys=0.00, real=0.00 secs] 
258.442: Total time for which application threads were stopped: 0.0043000 seconds, Stopping threads took: 0.0020280 seconds
258.482: Application time: 0.0400850 seconds
258.485: [GC [PSYoungGen: 48640K->6656K(48640K)] 73756K->31836K(160256K), 0.0019840 secs] [Times: user=0.01 sys=0.00, real=0.00 secs] 
258.487: Total time for which application threads were stopped: 0.0043530 seconds, Stopping threads took: 0.0022610 seconds
258.527: Application time: 0.0402480 seconds
258.529: [GC [PSYoungGen: 48640K->6656K(48640K)] 73820K->32140K(160256K), 0.0021210 secs] [Times: user=0.01 sys=0.00, real=0.01 secs] 
258.531: Total time for which application threads were stopped: 0.0046540 seconds, Stopping threads took: 0.0024230 seconds
258.571: Application time: 0.0397370 seconds
258.573: [GC [PSYoungGen: 48640K->6464K(48640K)] 74124K->31948K(160256K), 0.0019150 secs] [Times: user=0.01 sys=0.00, real=0.00 secs] 
258.575: Total time for which application threads were stopped: 0.0040530 seconds, Stopping threads took: 0.0020580 seconds
258.614: Application time: 0.0389560 seconds
258.617: [GC [PSYoungGen: 48448K->6640K(48640K)] 73932K->33196K(160256K), 0.0022330 secs] [Times: user=0.01 sys=0.00, real=0.00 secs] 
258.619: Total time for which application threads were stopped: 0.0046600 seconds, Stopping threads took: 0.0023410 seconds
258.659: Application time: 0.0396110 seconds
258.660: [GC [PSYoungGen: 48624K->6608K(48640K)] 75180K->33172K(160256K), 0.0019620 secs] [Times: user=0.02 sys=0.00, real=0.00 secs] 
258.662: Total time for which application threads were stopped: 0.0038480 seconds, Stopping threads took: 0.0018100 seconds
258.702: Application time: 0.0397450 seconds
258.704: [GC [PSYoungGen: 48592K->6640K(48640K)] 75156K->33324K(160256K), 0.0019710 secs] [Times: user=0.01 sys=0.00, real=0.00 secs] 
258.706: Total time for which application threads were stopped: 0.0036610 seconds, Stopping threads took: 0.0016050 seconds
258.745: Application time: 0.0395960 seconds
258.747: [GC [PSYoungGen: 48624K->6656K(48640K)] 75308K->34164K(160256K), 0.0022650 secs] [Times: user=0.01 sys=0.00, real=0.00 secs] 
258.749: Total time for which application threads were stopped: 0.0038970 seconds, Stopping threads took: 0.0015480 seconds
258.789: Application time: 0.0395090 seconds
258.791: [GC [PSYoungGen: 48640K->6656K(48640K)] 76148K->35316K(160256K), 0.0023200 secs] [Times: user=0.02 sys=0.00, real=0.01 secs] 
258.793: Total time for which application threads were stopped: 0.0043270 seconds, Stopping threads took: 0.0019190 seconds
258.832: Application time: 0.0388440 seconds
258.834: [GC [PSYoungGen: 48640K->6656K(48640K)] 77300K->36324K(160256K), 0.0023780 secs] [Times: user=0.02 sys=0.00, real=0.00 secs] 
258.837: Total time for which application threads were stopped: 0.0045590 seconds, Stopping threads took: 0.0020900 seconds
258.878: Application time: 0.0412180 seconds
258.880: [GC [PSYoungGen: 48640K->6656K(48640K)] 78308K->37388K(160256K), 0.0022270 secs] [Times: user=0.01 sys=0.00, real=0.00 secs] 
258.883: Total time for which application threads were stopped: 0.0049050 seconds, Stopping threads took: 0.0025930 seconds
258.923: Application time: 0.0403430 seconds
258.925: [GC [PSYoungGen: 48640K->6656K(48640K)] 79372K->38668K(160256K), 0.0024540 secs] [Times: user=0.01 sys=0.00, real=0.00 secs] 
258.928: Total time for which application threads were stopped: 0.0048050 seconds, Stopping threads took: 0.0022620 seconds
258.969: Application time: 0.0409220 seconds
258.970: [GC [PSYoungGen: 48640K->6640K(48640K)] 80652K->39300K(160256K), 0.0021720 secs] [Times: user=0.01 sys=0.00, real=0.01 secs] 
258.972: Total time for which application threads were stopped: 0.0035090 seconds, Stopping threads took: 0.0012530 seconds
259.012: Application time: 0.0397050 seconds
259.014: [GC [PSYoungGen: 48624K->6656K(48640K)] 81284K->40156K(160256K), 0.0022430 secs] [Times: user=0.01 sys=0.00, real=0.00 secs] 
259.016: Total time for which application threads were stopped: 0.0040000 seconds, Stopping threads took: 0.0016610 seconds
259.057: Application time: 0.0409590 seconds
259.059: [GC [PSYoungGen: 48640K->6656K(48640K)] 82140K->41228K(160256K), 0.0022850 secs] [Times: user=0.02 sys=0.00, real=0.00 secs] 
259.061: Total time for which application threads were stopped: 0.0041470 seconds, Stopping threads took: 0.0017770 seconds
259.101: Application time: 0.0397140 seconds
259.103: [GC [PSYoungGen: 48640K->6640K(48640K)] 83212K->41636K(160256K), 0.0020980 secs] [Times: user=0.02 sys=0.00, real=0.00 secs] 
259.105: Total time for which application threads were stopped: 0.0046210 seconds, Stopping threads took: 0.0024410 seconds
259.146: Application time: 0.0402110 seconds
259.148: [GC [PSYoungGen: 48624K->6640K(48640K)] 83620K->42364K(160256K), 0.0022640 secs] [Times: user=0.02 sys=0.00, real=0.00 secs] 
259.150: Total time for which application threads were stopped: 0.0044470 seconds, Stopping threads took: 0.0020920 seconds
259.190: Application time: 0.0397700 seconds
259.192: [GC [PSYoungGen: 48624K->6640K(48640K)] 84348K->43436K(160256K), 0.0023980 secs] [Times: user=0.01 sys=0.00, real=0.00 secs] 
259.194: Total time for which application threads were stopped: 0.0044380 seconds, Stopping threads took: 0.0019600 seconds
259.234: Application time: 0.0393930 seconds
259.236: [GC [PSYoungGen: 48624K->6656K(48640K)] 85420K->43964K(160256K), 0.0024070 secs] [Times: user=0.01 sys=0.00, real=0.00 secs] 
259.239: Total time for which application threads were stopped: 0.0050950 seconds, Stopping threads took: 0.0025820 seconds
259.279: Application time: 0.0398800 seconds
259.281: [GC [PSYoungGen: 48640K->6640K(48640K)] 85948K->44812K(160256K), 0.0023110 secs] [Times: user=0.01 sys=0.00, real=0.00 secs] 
259.283: Total time for which application threads were stopped: 0.0042970 seconds, Stopping threads took: 0.0018790 seconds
259.324: Application time: 0.0415100 seconds
259.326: [GC [PSYoungGen: 48624K->6032K(48640K)] 86796K->44212K(160256K), 0.0017930 secs] [Times: user=0.01 sys=0.00, real=0.00 secs] 
259.328: Total time for which application threads were stopped: 0.0034740 seconds, Stopping threads took: 0.0015980 seconds
259.370: Application time: 0.0423280 seconds
259.372: [GC [PSYoungGen: 48016K->6656K(48640K)] 86196K->45492K(160256K), 0.0021810 secs] [Times: user=0.01 sys=0.00, real=0.00 secs] 
259.374: Total time for which application threads were stopped: 0.0040080 seconds, Stopping threads took: 0.0017450 seconds
259.414: Application time: 0.0395990 seconds
259.416: [GC [PSYoungGen: 48640K->6656K(48640K)] 87476K->45540K(160256K), 0.0019960 secs] [Times: user=0.01 sys=0.00, real=0.00 secs] 
259.418: Total time for which application threads were stopped: 0.0038820 seconds, Stopping threads took: 0.0018030 seconds
259.456: Application time: 0.0383110 seconds
259.458: [GC [PSYoungGen: 48640K->6640K(48640K)] 87524K->46864K(160256K), 0.0024030 secs] [Times: user=0.01 sys=0.00, real=0.00 secs] 
259.461: Total time for which application threads were stopped: 0.0048020 seconds, Stopping threads took: 0.0023150 seconds
259.501: Application time: 0.0402530 seconds
259.503: [GC [PSYoungGen: 48624K->6640K(48640K)] 88848K->47616K(160256K), 0.0022730 secs] [Times: user=0.01 sys=0.01, real=0.01 secs] 
259.505: Total time for which application threads were stopped: 0.0041730 seconds, Stopping threads took: 0.0018190 seconds
259.545: Application time: 0.0401880 seconds
259.547: [GC [PSYoungGen: 48624K->6656K(48640K)] 89600K->47864K(160256K), 0.0020890 secs] [Times: user=0.01 sys=0.00, real=0.00 secs] 
259.549: Total time for which application threads were stopped: 0.0039460 seconds, Stopping threads took: 0.0017710 seconds
259.590: Application time: 0.0401370 seconds
259.592: [GC [PSYoungGen: 48640K->6656K(48640K)] 89848K->48288K(160256K), 0.0020940 secs] [Times: user=0.01 sys=0.00, real=0.00 secs] 
259.594: Total time for which application threads were stopped: 0.0046690 seconds, Stopping threads took: 0.0024900 seconds
259.635: Application time: 0.0411550 seconds
259.637: [GC [PSYoungGen: 48640K->6144K(48640K)] 90272K->47776K(160256K), 0.0019030 secs] [Times: user=0.01 sys=0.00, real=0.00 secs] 
259.638: Total time for which application threads were stopped: 0.0030950 seconds, Stopping threads took: 0.0011180 seconds
259.679: Application time: 0.0405300 seconds
259.680: [GC [PSYoungGen: 48128K->6656K(48640K)] 89760K->48764K(160256K), 0.0021630 secs] [Times: user=0.02 sys=0.00, real=0.00 secs] 
259.683: Total time for which application threads were stopped: 0.0035300 seconds, Stopping threads took: 0.0012850 seconds
259.724: Application time: 0.0412380 seconds
259.726: [GC [PSYoungGen: 48640K->5136K(48640K)] 90748K->47252K(160256K), 0.0015510 secs] [Times: user=0.01 sys=0.00, real=0.00 secs] 
259.727: Total time for which application threads were stopped: 0.0033980 seconds, Stopping threads took: 0.0017660 seconds
259.768: Application time: 0.0403600 seconds
259.770: [GC [PSYoungGen: 47120K->6640K(48640K)] 89236K->49988K(160256K), 0.0023470 secs] [Times: user=0.02 sys=0.00, real=0.01 secs] 
259.773: Total time for which application threads were stopped: 0.0049570 seconds, Stopping threads took: 0.0025290 seconds
259.813: Application time: 0.0408850 seconds
259.815: [GC [PSYoungGen: 48624K->6368K(48640K)] 91972K->49724K(160256K), 0.0019710 secs] [Times: user=0.01 sys=0.00, real=0.00 secs] 
259.817: Total time for which application threads were stopped: 0.0037630 seconds, Stopping threads took: 0.0017040 seconds
259.856: Application time: 0.0390910 seconds
259.858: [GC [PSYoungGen: 48352K->6656K(48640K)] 91708K->50084K(160256K), 0.0020420 secs] [Times: user=0.01 sys=0.00, real=0.00 secs] 
259.860: Total time for which application threads were stopped: 0.0038990 seconds, Stopping threads took: 0.0017740 seconds
259.900: Application time: 0.0398800 seconds
259.901: [GC [PSYoungGen: 48640K->6656K(48640K)] 92068K->50364K(160256K), 0.0021620 secs] [Times: user=0.01 sys=0.00, real=0.01 secs] 
259.904: Total time for which application threads were stopped: 0.0035230 seconds, Stopping threads took: 0.0012810 seconds
259.944: Application time: 0.0400960 seconds
259.945: [GC [PSYoungGen: 48640K->6656K(48640K)] 92348K->50756K(160256K), 0.0021170 secs] [Times: user=0.01 sys=0.00, real=0.00 secs] 
259.947: Total time for which application threads were stopped: 0.0038200 seconds, Stopping threads took: 0.0016170 seconds
259.985: Application time: 0.0375050 seconds
259.987: [GC [PSYoungGen: 48640K->6656K(48640K)] 92740K->51332K(160256K), 0.0021430 secs] [Times: user=0.01 sys=0.00, real=0.00 secs] 
259.989: Total time for which application threads were stopped: 0.0039950 seconds, Stopping threads took: 0.0017690 seconds
260.029: Application time: 0.0403600 seconds
260.031: [GC [PSYoungGen: 48640K->6656K(48640K)] 93316K->51396K(160256K), 0.0020510 secs] [Times: user=0.01 sys=0.00, real=0.01 secs] 
260.033: Total time for which application threads were stopped: 0.0037600 seconds, Stopping threads took: 0.0016250 seconds
260.074: Application time: 0.0404620 seconds
260.076: [GC [PSYoungGen: 48640K->6640K(48640K)] 93380K->51972K(160256K), 0.0021100 secs] [Times: user=0.02 sys=0.00, real=0.00 secs] 
260.078: Total time for which application threads were stopped: 0.0048750 seconds, Stopping threads took: 0.0026770 seconds
260.119: Application time: 0.0409990 seconds
260.120: [GC [PSYoungGen: 48623K->5168K(48640K)] 93956K->50516K(160256K), 0.0016570 secs] [Times: user=0.01 sys=0.00, real=0.00 secs] 
260.122: Total time for which application threads were stopped: 0.0025200 seconds, Stopping threads took: 0.0007910 seconds
260.163: Application time: 0.0412780 seconds
260.166: [GC [PSYoungGen: 47152K->5552K(48640K)] 92500K->50900K(160256K), 0.0017700 secs] [Times: user=0.01 sys=0.00, real=0.00 secs] 
260.168: Total time for which application threads were stopped: 0.0043010 seconds, Stopping threads took: 0.0024570 seconds
260.209: Application time: 0.0413320 seconds
260.212: [GC [PSYoungGen: 47536K->5456K(48640K)] 92884K->50804K(160256K), 0.0016730 secs] [Times: user=0.01 sys=0.00, real=0.00 secs] 
260.214: Total time for which application threads were stopped: 0.0047700 seconds, Stopping threads took: 0.0030170 seconds
260.255: Application time: 0.0411130 seconds
260.257: [GC [PSYoungGen: 47440K->6352K(48640K)] 92788K->51708K(160256K), 0.0020150 secs] [Times: user=0.01 sys=0.00, real=0.00 secs] 
260.259: Total time for which application threads were stopped: 0.0044710 seconds, Stopping threads took: 0.0023540 seconds
260.299: Application time: 0.0400200 seconds
260.301: [GC [PSYoungGen: 48336K->6624K(48640K)] 93692K->52772K(160256K), 0.0023040 secs] [Times: user=0.01 sys=0.00, real=0.01 secs] 
260.303: Total time for which application threads were stopped: 0.0039240 seconds, Stopping threads took: 0.0015380 seconds
260.344: Application time: 0.0405040 seconds
260.345: [GC [PSYoungGen: 48608K->5408K(48640K)] 94756K->51556K(160256K), 0.0016800 secs] [Times: user=0.02 sys=0.00, real=0.00 secs] 
260.347: Total time for which application threads were stopped: 0.0034320 seconds, Stopping threads took: 0.0016560 seconds
260.388: Application time: 0.0408240 seconds
260.390: [GC [PSYoungGen: 47392K->6640K(48640K)] 93540K->53028K(160256K), 0.0020310 secs] [Times: user=0.01 sys=0.00, real=0.01 secs] 
260.392: Total time for which application threads were stopped: 0.0041030 seconds, Stopping threads took: 0.0019880 seconds
260.433: Application time: 0.0405770 seconds
260.434: [GC [PSYoungGen: 48624K->6400K(48640K)] 95012K->52796K(160256K), 0.0020090 secs] [Times: user=0.01 sys=0.00, real=0.00 secs] 
260.436: Total time for which application threads were stopped: 0.0036600 seconds, Stopping threads took: 0.0015650 seconds
260.477: Application time: 0.0405390 seconds
260.478: [GC [PSYoungGen: 48384K->6624K(48640K)] 94780K->53196K(160256K), 0.0021500 secs] [Times: user=0.02 sys=0.00, real=0.00 secs] 
260.480: Total time for which application threads were stopped: 0.0031290 seconds, Stopping threads took: 0.0008980 seconds
260.520: Application time: 0.0401140 seconds
260.522: [GC [PSYoungGen: 48608K->6624K(48640K)] 95180K->53492K(160256K), 0.0021330 secs] [Times: user=0.02 sys=0.00, real=0.01 secs] 
260.524: Total time for which application threads were stopped: 0.0035960 seconds, Stopping threads took: 0.0013820 seconds
260.564: Application time: 0.0398630 seconds
260.565: [GC [PSYoungGen: 48608K->6640K(48640K)] 95476K->55077K(160256K), 0.0025170 secs] [Times: user=0.02 sys=0.00, real=0.00 secs] 
260.568: Total time for which application threads were stopped: 0.0043260 seconds, Stopping threads took: 0.0017240 seconds
260.608: Application time: 0.0404130 seconds
260.610: [GC [PSYoungGen: 48624K->6656K(48640K)] 97061K->55957K(160256K), 0.0022180 secs] [Times: user=0.02 sys=0.00, real=0.01 secs] 
260.612: Total time for which application threads were stopped: 0.0040000 seconds, Stopping threads took: 0.0016920 seconds
260.653: Application time: 0.0407270 seconds
260.655: [GC [PSYoungGen: 48640K->5920K(48640K)] 97941K->55229K(160256K), 0.0018190 secs] [Times: user=0.01 sys=0.00, real=0.00 secs] 
260.656: Total time for which application threads were stopped: 0.0033740 seconds, Stopping threads took: 0.0014760 seconds
260.697: Application time: 0.0402010 seconds
260.698: [GC [PSYoungGen: 47904K->6624K(48640K)] 97213K->56061K(160256K), 0.0020870 secs] [Times: user=0.01 sys=0.00, real=0.00 secs] 
260.700: Total time for which application threads were stopped: 0.0033830 seconds, Stopping threads took: 0.0012140 seconds
260.741: Application time: 0.0413030 seconds
260.743: [GC [PSYoungGen: 48606K->6656K(48640K)] 98043K->56109K(160256K), 0.0020480 secs] [Times: user=0.01 sys=0.00, real=0.01 secs] 
260.745: Total time for which application threads were stopped: 0.0035930 seconds, Stopping threads took: 0.0014580 seconds
260.785: Application time: 0.0403680 seconds
260.787: [GC [PSYoungGen: 48640K->6656K(48640K)] 98093K->56957K(160256K), 0.0025310 secs] [Times: user=0.02 sys=0.00, real=0.00 secs] 
260.789: Total time for which application threads were stopped: 0.0041430 seconds, Stopping threads took: 0.0015100 seconds
260.830: Application time: 0.0409820 seconds
260.832: [GC [PSYoungGen: 48640K->6656K(48640K)] 98941K->56957K(160256K), 0.0021380 secs] [Times: user=0.01 sys=0.00, real=0.00 secs] 
260.834: Total time for which application threads were stopped: 0.0036260 seconds, Stopping threads took: 0.0013860 seconds
260.874: Application time: 0.0395510 seconds
260.875: [GC [PSYoungGen: 48640K->6656K(48640K)] 98941K->57309K(160256K), 0.0021870 secs] [Times: user=0.01 sys=0.00, real=0.00 secs] 
260.878: Total time for which application threads were stopped: 0.0041330 seconds, Stopping threads took: 0.0018390 seconds
260.917: Application time: 0.0387870 seconds
260.918: [GC [PSYoungGen: 48640K->6624K(48640K)] 99293K->58057K(160256K), 0.0022590 secs] [Times: user=0.01 sys=0.00, real=0.00 secs] 
260.921: Total time for which application threads were stopped: 0.0041950 seconds, Stopping threads took: 0.0018520 seconds
260.960: Application time: 0.0391250 seconds
260.962: [GC [PSYoungGen: 48608K->6640K(48640K)] 100041K->59273K(160256K), 0.0025220 secs] [Times: user=0.02 sys=0.00, real=0.01 secs] 
260.964: Total time for which application threads were stopped: 0.0043670 seconds, Stopping threads took: 0.0017610 seconds
261.004: Application time: 0.0395230 seconds
261.005: [GC [PSYoungGen: 48624K->6272K(48640K)] 101257K->58905K(160256K), 0.0018480 secs] [Times: user=0.01 sys=0.00, real=0.00 secs] 
261.007: Total time for which application threads were stopped: 0.0035970 seconds, Stopping threads took: 0.0016680 seconds
261.046: Application time: 0.0390650 seconds
261.048: [GC [PSYoungGen: 48256K->6656K(48640K)] 100889K->60081K(160256K), 0.0022900 secs] [Times: user=0.02 sys=0.00, real=0.00 secs] 
261.051: Total time for which application threads were stopped: 0.0041920 seconds, Stopping threads took: 0.0018180 seconds
261.091: Application time: 0.0408350 seconds
261.093: [GC [PSYoungGen: 48640K->5648K(48640K)] 102065K->59073K(160256K), 0.0018140 secs] [Times: user=0.01 sys=0.00, real=0.00 secs] 
261.095: Total time for which application threads were stopped: 0.0034990 seconds, Stopping threads took: 0.0016080 seconds
261.135: Application time: 0.0401630 seconds
261.137: [GC [PSYoungGen: 47632K->6640K(48640K)] 101057K->60969K(160256K), 0.0022470 secs] [Times: user=0.02 sys=0.00, real=0.00 secs] 
261.139: Total time for which application threads were stopped: 0.0039990 seconds, Stopping threads took: 0.0016630 seconds
261.180: Application time: 0.0407040 seconds
261.181: [GC [PSYoungGen: 48624K->4688K(48640K)] 102953K->59025K(160256K), 0.0015140 secs] [Times: user=0.01 sys=0.00, real=0.00 secs] 
261.183: Total time for which application threads were stopped: 0.0030420 seconds, Stopping threads took: 0.0014540 seconds
261.224: Application time: 0.0411110 seconds
261.226: [GC [PSYoungGen: 46672K->6624K(48640K)] 101009K->61273K(160256K), 0.0021690 secs] [Times: user=0.02 sys=0.00, real=0.00 secs] 
261.228: Total time for which application threads were stopped: 0.0041060 seconds, Stopping threads took: 0.0018500 seconds
261.268: Application time: 0.0402760 seconds
261.270: [GC [PSYoungGen: 48608K->6624K(48640K)] 103257K->61989K(160256K), 0.0023590 secs] [Times: user=0.02 sys=0.00, real=0.01 secs] 
261.272: Total time for which application threads were stopped: 0.0041440 seconds, Stopping threads took: 0.0017030 seconds
261.311: Application time: 0.0388300 seconds
261.313: [GC [PSYoungGen: 48608K->6640K(48640K)] 103973K->63129K(160256K), 0.0023340 secs] [Times: user=0.01 sys=0.00, real=0.00 secs] 
261.315: Total time for which application threads were stopped: 0.0041370 seconds, Stopping threads took: 0.0017210 seconds
261.357: Application time: 0.0415090 seconds
261.359: [GC [PSYoungGen: 48624K->6624K(48640K)] 105113K->63569K(160256K), 0.0022850 secs] [Times: user=0.01 sys=0.00, real=0.00 secs] 
261.361: Total time for which application threads were stopped: 0.0044720 seconds, Stopping threads took: 0.0021000 seconds
261.403: Application time: 0.0411350 seconds
261.404: [GC [PSYoungGen: 48608K->6416K(48640K)] 105553K->63377K(160256K), 0.0019330 secs] [Times: user=0.02 sys=0.00, real=0.00 secs] 
261.406: Total time for which application threads were stopped: 0.0033610 seconds, Stopping threads took: 0.0013470 seconds
261.445: Application time: 0.0393010 seconds
261.447: [GC [PSYoungGen: 48400K->6640K(48640K)] 105361K->64769K(160256K), 0.0022810 secs] [Times: user=0.01 sys=0.00, real=0.00 secs] 
261.449: Total time for which application threads were stopped: 0.0041760 seconds, Stopping threads took: 0.0018100 seconds
261.488: Application time: 0.0381470 seconds
261.491: [GC [PSYoungGen: 48624K->6656K(48640K)] 106753K->64793K(160256K), 0.0019710 secs] [Times: user=0.02 sys=0.00, real=0.01 secs] 
261.493: Total time for which application threads were stopped: 0.0049530 seconds, Stopping threads took: 0.0029040 seconds
261.531: Application time: 0.0385710 seconds
261.533: [GC [PSYoungGen: 48640K->6512K(48640K)] 106777K->64649K(160256K), 0.0019520 secs] [Times: user=0.01 sys=0.00, real=0.00 secs] 
261.535: Total time for which application threads were stopped: 0.0034550 seconds, Stopping threads took: 0.0014160 seconds
261.574: Application time: 0.0394740 seconds
261.576: [GC [PSYoungGen: 48496K->4448K(48640K)] 106633K->62585K(160256K), 0.0014380 secs] [Times: user=0.01 sys=0.00, real=0.00 secs] 
261.577: Total time for which application threads were stopped: 0.0033330 seconds, Stopping threads took: 0.0018280 seconds
261.615: Application time: 0.0376360 seconds
261.617: [GC [PSYoungGen: 46432K->6656K(48640K)] 104569K->65893K(160256K), 0.0024350 secs] [Times: user=0.01 sys=0.00, real=0.00 secs] 
261.619: Total time for which application threads were stopped: 0.0041000 seconds, Stopping threads took: 0.0015820 seconds
261.656: Application time: 0.0369060 seconds
261.657: [GC [PSYoungGen: 48640K->6624K(48640K)] 107877K->66741K(160256K), 0.0024830 secs] [Times: user=0.01 sys=0.00, real=0.00 secs] 
261.660: Total time for which application threads were stopped: 0.0039530 seconds, Stopping threads took: 0.0013790 seconds
261.697: Application time: 0.0367650 seconds
261.699: [GC [PSYoungGen: 48608K->6656K(48640K)] 108725K->67589K(160256K), 0.0023100 secs] [Times: user=0.01 sys=0.00, real=0.00 secs] 
261.701: Total time for which application threads were stopped: 0.0042000 seconds, Stopping threads took: 0.0018020 seconds
261.738: Application time: 0.0371950 seconds
261.740: [GC [PSYoungGen: 48640K->6656K(48640K)] 109573K->67813K(160256K), 0.0022050 secs] [Times: user=0.01 sys=0.00, real=0.00 secs] 
261.742: Total time for which application threads were stopped: 0.0038290 seconds, Stopping threads took: 0.0015470 seconds
261.780: Application time: 0.0384140 seconds
261.783: [GC [PSYoungGen: 48640K->5680K(48640K)] 109797K->66837K(160256K), 0.0016690 secs] [Times: user=0.01 sys=0.00, real=0.01 secs] 
261.785: Total time for which application threads were stopped: 0.0043260 seconds, Stopping threads took: 0.0025820 seconds
261.820: Application time: 0.0350440 seconds
261.822: [GC [PSYoungGen: 47664K->6656K(48640K)] 108821K->69109K(160256K), 0.0023180 secs] [Times: user=0.02 sys=0.00, real=0.01 secs] 
261.824: Total time for which application threads were stopped: 0.0043510 seconds, Stopping threads took: 0.0019510 seconds
261.861: Application time: 0.0373220 seconds
261.865: [GC [PSYoungGen: 48640K->6656K(48640K)] 111093K->69725K(160256K), 0.0022740 secs] [Times: user=0.01 sys=0.00, real=0.00 secs] 
261.867: Total time for which application threads were stopped: 0.0053900 seconds, Stopping threads took: 0.0030310 seconds
261.904: Application time: 0.0373360 seconds
261.906: [GC [PSYoungGen: 48638K->6656K(48640K)] 111708K->70625K(160256K), 0.0026250 secs] [Times: user=0.02 sys=0.00, real=0.00 secs] 
261.909: Total time for which application threads were stopped: 0.0045340 seconds, Stopping threads took: 0.0018020 seconds
261.947: Application time: 0.0380660 seconds
261.948: [GC [PSYoungGen: 48640K->6656K(48640K)] 112609K->70921K(160256K), 0.0022600 secs] [Times: user=0.02 sys=0.00, real=0.00 secs] 
261.950: Total time for which application threads were stopped: 0.0036950 seconds, Stopping threads took: 0.0013500 seconds
261.989: Application time: 0.0381090 seconds
261.991: [GC [PSYoungGen: 48639K->5152K(48640K)] 112904K->69417K(160256K), 0.0016270 secs] [Times: user=0.01 sys=0.00, real=0.00 secs] 
261.993: Total time for which application threads were stopped: 0.0044040 seconds, Stopping threads took: 0.0026760 seconds
262.031: Application time: 0.0375870 seconds
262.032: [GC [PSYoungGen: 47136K->5008K(48640K)] 111401K->69281K(160256K), 0.0015560 secs] [Times: user=0.01 sys=0.00, real=0.00 secs] 
262.034: Total time for which application threads were stopped: 0.0031530 seconds, Stopping threads took: 0.0015180 seconds
262.071: Application time: 0.0375330 seconds
262.074: [GC [PSYoungGen: 46992K->6656K(48640K)] 111265K->71525K(160256K), 0.0022270 secs] [Times: user=0.02 sys=0.00, real=0.00 secs] 
262.076: Total time for which application threads were stopped: 0.0051930 seconds, Stopping threads took: 0.0028840 seconds
262.115: Application time: 0.0382480 seconds
262.117: [GC [PSYoungGen: 48640K->6656K(48640K)] 113509K->71541K(160256K), 0.0020700 secs] [Times: user=0.01 sys=0.00, real=0.00 secs] 
262.119: Total time for which application threads were stopped: 0.0039310 seconds, Stopping threads took: 0.0017830 seconds
262.156: Application time: 0.0376060 seconds
262.158: [GC [PSYoungGen: 48640K->6640K(48640K)] 113525K->72885K(160256K), 0.0024470 secs] [Times: user=0.02 sys=0.00, real=0.00 secs] 
262.161: Total time for which application threads were stopped: 0.0042830 seconds, Stopping threads took: 0.0017440 seconds
262.199: Application time: 0.0380350 seconds
262.200: [GC [PSYoungGen: 48624K->6496K(48640K)] 114869K->72749K(160256K), 0.0019180 secs] [Times: user=0.01 sys=0.00, real=0.00 secs] 
262.202: Total time for which application threads were stopped: 0.0035630 seconds, Stopping threads took: 0.0015630 seconds
262.242: Application time: 0.0393830 seconds
262.242: [GC [PSYoungGen: 48480K->6640K(48640K)] 114733K->73197K(160256K), 0.0020770 secs] [Times: user=0.02 sys=0.00, real=0.01 secs] 
262.245: Total time for which application threads were stopped: 0.0030860 seconds, Stopping threads took: 0.0009270 seconds
262.282: Application time: 0.0378270 seconds
262.284: [GC [PSYoungGen: 48624K->5344K(48640K)] 115181K->71901K(160256K), 0.0016860 secs] [Times: user=0.01 sys=0.00, real=0.00 secs] 
262.285: Total time for which application threads were stopped: 0.0030080 seconds, Stopping threads took: 0.0012480 seconds
262.325: Application time: 0.0393420 seconds
262.326: [GC [PSYoungGen: 47328K->5632K(48640K)] 113885K->72189K(160256K), 0.0018890 secs] [Times: user=0.01 sys=0.00, real=0.00 secs] 
262.328: Total time for which application threads were stopped: 0.0034770 seconds, Stopping threads took: 0.0015110 seconds
262.367: Application time: 0.0392320 seconds
262.369: [GC [PSYoungGen: 47616K->6592K(48640K)] 114173K->73149K(160256K), 0.0019670 secs] [Times: user=0.02 sys=0.00, real=0.00 secs] 
262.371: Total time for which application threads were stopped: 0.0036450 seconds, Stopping threads took: 0.0015910 seconds
262.409: Application time: 0.0383390 seconds
262.411: [GC [PSYoungGen: 48576K->6656K(48640K)] 115133K->73925K(160256K), 0.0022100 secs] [Times: user=0.01 sys=0.00, real=0.01 secs] 
262.413: Total time for which application threads were stopped: 0.0034840 seconds, Stopping threads took: 0.0011870 seconds
262.450: Application time: 0.0370760 seconds
262.452: [GC [PSYoungGen: 48640K->6640K(48640K)] 115909K->74909K(160256K), 0.0023080 secs] [Times: user=0.01 sys=0.00, real=0.00 secs] 
262.454: Total time for which application threads were stopped: 0.0042790 seconds, Stopping threads took: 0.0018890 seconds
262.493: Application time: 0.0383100 seconds
262.494: [GC [PSYoungGen: 48624K->6656K(48640K)] 116893K->76261K(160256K), 0.0023650 secs] [Times: user=0.01 sys=0.00, real=0.00 secs] 
262.497: Total time for which application threads were stopped: 0.0039200 seconds, Stopping threads took: 0.0014730 seconds
262.535: Application time: 0.0385900 seconds
262.536: [GC [PSYoungGen: 48640K->6656K(48640K)] 118245K->76901K(160256K), 0.0021580 secs] [Times: user=0.02 sys=0.00, real=0.00 secs] 
262.538: Total time for which application threads were stopped: 0.0032220 seconds, Stopping threads took: 0.0009800 seconds
262.576: Application time: 0.0377600 seconds
262.578: [GC [PSYoungGen: 48640K->6656K(48640K)] 118885K->77917K(160256K), 0.0022380 secs] [Times: user=0.01 sys=0.00, real=0.00 secs] 
262.580: Total time for which application threads were stopped: 0.0042310 seconds, Stopping threads took: 0.0019110 seconds
262.619: Application time: 0.0385860 seconds
262.620: [GC [PSYoungGen: 48640K->6224K(48640K)] 119901K->77485K(160256K), 0.0018570 secs] [Times: user=0.01 sys=0.00, real=0.00 secs] 
262.622: Total time for which application threads were stopped: 0.0028460 seconds, Stopping threads took: 0.0009150 seconds
262.660: Application time: 0.0380950 seconds
262.662: [GC [PSYoungGen: 48208K->6384K(48640K)] 119469K->77645K(160256K), 0.0020490 secs] [Times: user=0.01 sys=0.00, real=0.01 secs] 
262.664: Total time for which application threads were stopped: 0.0039950 seconds, Stopping threads took: 0.0018580 seconds
262.700: Application time: 0.0364060 seconds
262.703: [GC [PSYoungGen: 48368K->6624K(48640K)] 119629K->77901K(160256K), 0.0020390 secs] [Times: user=0.01 sys=0.00, real=0.01 secs] 
262.705: Total time for which application threads were stopped: 0.0046430 seconds, Stopping threads took: 0.0025230 seconds
262.743: Application time: 0.0376740 seconds
262.744: [GC [PSYoungGen: 48608K->6640K(48640K)] 119885K->79189K(160256K), 0.0023390 secs] [Times: user=0.01 sys=0.00, real=0.00 secs] 
262.747: Total time for which application threads were stopped: 0.0042120 seconds, Stopping threads took: 0.0017910 seconds
262.785: Application time: 0.0385230 seconds
262.787: [GC [PSYoungGen: 48624K->5312K(48640K)] 121173K->77869K(160256K), 0.0016290 secs] [Times: user=0.01 sys=0.00, real=0.00 secs] 
262.788: Total time for which application threads were stopped: 0.0030700 seconds, Stopping threads took: 0.0013630 seconds
262.824: Application time: 0.0359790 seconds
262.826: [GC [PSYoungGen: 47296K->6624K(48640K)] 119853K->80261K(160256K), 0.0023340 secs] [Times: user=0.02 sys=0.00, real=0.00 secs] 
262.828: Total time for which application threads were stopped: 0.0038780 seconds, Stopping threads took: 0.0014630 seconds
262.865: Application time: 0.0363750 seconds
262.866: [GC [PSYoungGen: 48608K->6640K(48640K)] 122245K->80581K(160256K), 0.0021400 secs] [Times: user=0.02 sys=0.00, real=0.00 secs] 
262.868: Total time for which application threads were stopped: 0.0034970 seconds, Stopping threads took: 0.0012740 seconds
262.905: Application time: 0.0372310 seconds
262.908: [GC [PSYoungGen: 48624K->6640K(48640K)] 122565K->81197K(160256K), 0.0022560 secs] [Times: user=0.01 sys=0.00, real=0.00 secs] 
262.910: Total time for which application threads were stopped: 0.0044500 seconds, Stopping threads took: 0.0021100 seconds
262.947: Application time: 0.0368670 seconds
262.949: [GC [PSYoungGen: 48624K->6656K(48640K)] 123181K->81221K(160256K), 0.0021910 secs] [Times: user=0.02 sys=0.00, real=0.00 secs] 
262.951: Total time for which application threads were stopped: 0.0043890 seconds, Stopping threads took: 0.0021070 seconds
262.989: Application time: 0.0380770 seconds
262.992: [GC [PSYoungGen: 48640K->5936K(48640K)] 123205K->80501K(160256K), 0.0018220 secs] [Times: user=0.01 sys=0.01, real=0.00 secs] 
262.994: Total time for which application threads were stopped: 0.0046690 seconds, Stopping threads took: 0.0027710 seconds
263.032: Application time: 0.0379720 seconds
263.033: [GC [PSYoungGen: 47920K->6640K(48640K)] 122485K->81758K(160256K), 0.0021820 secs] [Times: user=0.02 sys=0.00, real=0.00 secs] 
263.035: Total time for which application threads were stopped: 0.0034150 seconds, Stopping threads took: 0.0011490 seconds
263.074: Application time: 0.0383790 seconds
263.075: [GC [PSYoungGen: 48624K->6624K(48640K)] 123742K->82558K(160256K), 0.0021880 secs] [Times: user=0.02 sys=0.00, real=0.00 secs] 
263.078: Total time for which application threads were stopped: 0.0038760 seconds, Stopping threads took: 0.0016060 seconds
263.118: Application time: 0.0401410 seconds
263.119: [GC [PSYoungGen: 48608K->3232K(48640K)] 124542K->79166K(160256K), 0.0011240 secs] [Times: user=0.00 sys=0.00, real=0.00 secs] 
263.121: Total time for which application threads were stopped: 0.0029320 seconds, Stopping threads took: 0.0017390 seconds
263.159: Application time: 0.0382400 seconds
263.161: [GC [PSYoungGen: 45216K->6304K(48640K)] 121150K->82238K(160256K), 0.0019640 secs] [Times: user=0.01 sys=0.00, real=0.00 secs] 
263.163: Total time for which application threads were stopped: 0.0040530 seconds, Stopping threads took: 0.0020120 seconds
263.201: Application time: 0.0379250 seconds
263.202: [GC [PSYoungGen: 48288K->6640K(48640K)] 124222K->82982K(160256K), 0.0022820 secs] [Times: user=0.02 sys=0.00, real=0.01 secs] 
263.204: Total time for which application threads were stopped: 0.0036560 seconds, Stopping threads took: 0.0012760 seconds
263.242: Application time: 0.0378660 seconds
263.244: [GC [PSYoungGen: 48624K->6400K(48640K)] 124966K->82750K(160256K), 0.0018920 secs] [Times: user=0.01 sys=0.00, real=0.00 secs] 
263.246: Total time for which application threads were stopped: 0.0038540 seconds, Stopping threads took: 0.0018810 seconds
263.283: Application time: 0.0364760 seconds
263.284: [GC [PSYoungGen: 48384K->6640K(48640K)] 124734K->83986K(160256K), 0.0023840 secs] [Times: user=0.01 sys=0.00, real=0.00 secs] 
263.287: Total time for which application threads were stopped: 0.0041450 seconds, Stopping threads took: 0.0016760 seconds
263.324: Application time: 0.0375000 seconds
263.327: [GC [PSYoungGen: 48624K->6640K(48640K)] 125970K->84410K(160256K), 0.0023220 secs] [Times: user=0.01 sys=0.00, real=0.00 secs] 
263.329: Total time for which application threads were stopped: 0.0046960 seconds, Stopping threads took: 0.0022920 seconds
263.366: Application time: 0.0374750 seconds
263.368: [GC [PSYoungGen: 48624K->5392K(48640K)] 126394K->83162K(160256K), 0.0017440 secs] [Times: user=0.01 sys=0.00, real=0.00 secs] 
263.370: Total time for which application threads were stopped: 0.0031840 seconds, Stopping threads took: 0.0013650 seconds
263.408: Application time: 0.0380890 seconds
263.409: [GC [PSYoungGen: 47376K->6656K(48640K)] 125146K->85282K(160256K), 0.0022650 secs] [Times: user=0.01 sys=0.00, real=0.00 secs] 
263.411: Total time for which application threads were stopped: 0.0031760 seconds, Stopping threads took: 0.0008300 seconds
263.449: Application time: 0.0375930 seconds
263.450: [GC [PSYoungGen: 48640K->5792K(48640K)] 127266K->84418K(160256K), 0.0017620 secs] [Times: user=0.01 sys=0.00, real=0.01 secs] 
263.452: Total time for which application threads were stopped: 0.0031070 seconds, Stopping threads took: 0.0012670 seconds
263.489: Application time: 0.0375190 seconds
263.491: [GC [PSYoungGen: 47776K->6656K(48640K)] 126402K->86582K(160256K), 0.0024060 secs] [Times: user=0.02 sys=0.00, real=0.01 secs] 
263.493: Total time for which application threads were stopped: 0.0040340 seconds, Stopping threads took: 0.0015430 seconds
263.532: Application time: 0.0387400 seconds
263.533: [GC [PSYoungGen: 48640K->5824K(48640K)] 128566K->85750K(160256K), 0.0022250 secs] [Times: user=0.01 sys=0.00, real=0.00 secs] 
263.536: Total time for which application threads were stopped: 0.0035730 seconds, Stopping threads took: 0.0012700 seconds
263.572: Application time: 0.0365570 seconds
263.574: [GC [PSYoungGen: 47808K->6656K(48640K)] 127734K->87542K(160256K), 0.0023980 secs] [Times: user=0.01 sys=0.00, real=0.00 secs] 
263.576: Total time for which application threads were stopped: 0.0041010 seconds, Stopping threads took: 0.0016160 seconds
263.613: Application time: 0.0369400 seconds
263.615: [GC [PSYoungGen: 48640K->6656K(48640K)] 129526K->88894K(160256K), 0.0024010 secs] [Times: user=0.01 sys=0.00, real=0.00 secs] 
263.617: Total time for which application threads were stopped: 0.0038670 seconds, Stopping threads took: 0.0013840 seconds
263.655: Application time: 0.0375700 seconds
263.657: [GC [PSYoungGen: 48640K->6656K(48640K)] 130878K->89370K(160256K), 0.0022810 secs] [Times: user=0.02 sys=0.00, real=0.00 secs] 
263.659: Total time for which application threads were stopped: 0.0044540 seconds, Stopping threads took: 0.0020840 seconds
263.697: Application time: 0.0383850 seconds
263.699: [GC [PSYoungGen: 48638K->5248K(48640K)] 131352K->87962K(160256K), 0.0016970 secs] [Times: user=0.01 sys=0.00, real=0.00 secs] 
263.700: Total time for which application threads were stopped: 0.0028820 seconds, Stopping threads took: 0.0011070 seconds
263.737: Application time: 0.0369430 seconds
263.739: [GC [PSYoungGen: 47232K->6656K(48640K)] 129946K->90514K(160256K), 0.0023760 secs] [Times: user=0.02 sys=0.00, real=0.00 secs] 
263.742: Total time for which application threads were stopped: 0.0043840 seconds, Stopping threads took: 0.0019130 seconds
263.779: Application time: 0.0375390 seconds
263.781: [GC [PSYoungGen: 48640K->6224K(48640K)] 132498K->90090K(160256K), 0.0019000 secs] [Times: user=0.01 sys=0.00, real=0.00 secs] 
263.783: Total time for which application threads were stopped: 0.0035720 seconds, Stopping threads took: 0.0015890 seconds
263.820: Application time: 0.0374250 seconds
263.822: [GC [PSYoungGen: 48208K->6656K(48640K)] 132074K->90538K(160256K), 0.0020400 secs] [Times: user=0.02 sys=0.00, real=0.01 secs] 
263.824: Total time for which application threads were stopped: 0.0034180 seconds, Stopping threads took: 0.0012990 seconds
263.861: Application time: 0.0376190 seconds
263.863: [GC [PSYoungGen: 48640K->6656K(48640K)] 132522K->90538K(160256K), 0.0020370 secs] [Times: user=0.02 sys=0.00, real=0.01 secs] 
263.865: Total time for which application threads were stopped: 0.0037520 seconds, Stopping threads took: 0.0016360 seconds
263.903: Application time: 0.0376330 seconds
263.904: [GC [PSYoungGen: 48640K->6368K(48640K)] 132522K->90258K(160256K), 0.0019840 secs] [Times: user=0.01 sys=0.00, real=0.00 secs] 
263.906: Total time for which application threads were stopped: 0.0032970 seconds, Stopping threads took: 0.0012320 seconds
263.943: Application time: 0.0369630 seconds
263.946: [GC [PSYoungGen: 48352K->6656K(48640K)] 132242K->90586K(160256K), 0.0020920 secs] [Times: user=0.01 sys=0.00, real=0.00 secs] 
263.948: Total time for which application threads were stopped: 0.0048280 seconds, Stopping threads took: 0.0026570 seconds
263.986: Application time: 0.0387300 seconds
263.987: [GC [PSYoungGen: 48640K->6208K(48640K)] 132570K->90146K(160256K), 0.0020440 secs] [Times: user=0.02 sys=0.00, real=0.00 secs] 
263.989: Total time for which application threads were stopped: 0.0030380 seconds, Stopping threads took: 0.0009190 seconds
264.029: Application time: 0.0390650 seconds
264.030: [GC [PSYoungGen: 48192K->5888K(48640K)] 132130K->89834K(160256K), 0.0018380 secs] [Times: user=0.02 sys=0.00, real=0.01 secs] 
264.032: Total time for which application threads were stopped: 0.0030070 seconds, Stopping threads took: 0.0010890 seconds
264.069: Application time: 0.0377280 seconds
264.071: [GC [PSYoungGen: 47872K->6656K(48640K)] 131818K->91554K(160256K), 0.0025390 secs] [Times: user=0.02 sys=0.00, real=0.00 secs] 
264.074: Total time for which application threads were stopped: 0.0046130 seconds, Stopping threads took: 0.0019910 seconds
264.111: Application time: 0.0374890 seconds
264.113: [GC [PSYoungGen: 48640K->6656K(48640K)] 133538K->92914K(160256K), 0.0024470 secs] [Times: user=0.01 sys=0.00, real=0.00 secs] 
264.116: Total time for which application threads were stopped: 0.0043470 seconds, Stopping threads took: 0.0018160 seconds
264.154: Application time: 0.0384390 seconds
264.156: [GC [PSYoungGen: 48640K->6208K(48640K)] 134898K->92466K(160256K), 0.0020620 secs] [Times: user=0.01 sys=0.00, real=0.00 secs] 
264.158: Total time for which application threads were stopped: 0.0034910 seconds, Stopping threads took: 0.0013480 seconds
264.196: Application time: 0.0378810 seconds
264.197: [GC [PSYoungGen: 48192K->6640K(48640K)] 134450K->93818K(160256K), 0.0023510 secs] [Times: user=0.02 sys=0.00, real=0.00 secs] 
264.200: Total time for which application threads were stopped: 0.0039550 seconds, Stopping threads took: 0.0015220 seconds
264.236: Application time: 0.0368590 seconds
264.238: [GC [PSYoungGen: 48624K->6656K(48640K)] 135802K->94170K(160256K), 0.0022340 secs] [Times: user=0.01 sys=0.00, real=0.00 secs] 
264.240: Total time for which application threads were stopped: 0.0037910 seconds, Stopping threads took: 0.0014710 seconds
264.278: Application time: 0.0374690 seconds
264.279: [GC [PSYoungGen: 48640K->5984K(48640K)] 136154K->93506K(160256K), 0.0017980 secs] [Times: user=0.01 sys=0.00, real=0.00 secs] 
264.281: Total time for which application threads were stopped: 0.0036420 seconds, Stopping threads took: 0.0017530 seconds
264.320: Application time: 0.0391680 seconds
264.322: [GC [PSYoungGen: 47968K->6336K(48640K)] 135490K->93866K(160256K), 0.0019900 secs] [Times: user=0.01 sys=0.00, real=0.01 secs] 
264.324: Total time for which application threads were stopped: 0.0037340 seconds, Stopping threads took: 0.0016580 seconds
264.363: Application time: 0.0387060 seconds
264.364: [GC [PSYoungGen: 48320K->6304K(48640K)] 135850K->93834K(160256K), 0.0019180 secs] [Times: user=0.02 sys=0.00, real=0.00 secs] 
264.366: Total time for which application threads were stopped: 0.0031140 seconds, Stopping threads took: 0.0011200 seconds
264.403: Application time: 0.0373220 seconds
264.405: [GC [PSYoungGen: 48288K->6656K(48640K)] 135818K->95066K(160256K), 0.0025600 secs] [Times: user=0.01 sys=0.00, real=0.00 secs] 
264.407: Total time for which application threads were stopped: 0.0040060 seconds, Stopping threads took: 0.0013620 seconds
264.446: Application time: 0.0383490 seconds
264.447: [GC [PSYoungGen: 48640K->6640K(48640K)] 137050K->96002K(160256K), 0.0022910 secs] [Times: user=0.02 sys=0.00, real=0.00 secs] 
264.450: Total time for which application threads were stopped: 0.0040530 seconds, Stopping threads took: 0.0016810 seconds
264.488: Application time: 0.0380840 seconds
264.490: [GC [PSYoungGen: 48624K->6144K(48640K)] 137986K->95506K(160256K), 0.0018520 secs] [Times: user=0.01 sys=0.00, real=0.01 secs] 
264.492: Total time for which application threads were stopped: 0.0037710 seconds, Stopping threads took: 0.0018440 seconds
264.530: Application time: 0.0381130 seconds
264.532: [GC [PSYoungGen: 48128K->6432K(48640K)] 137490K->95802K(160256K), 0.0020020 secs] [Times: user=0.01 sys=0.00, real=0.00 secs] 
264.534: Total time for which application threads were stopped: 0.0041030 seconds, Stopping threads took: 0.0020270 seconds
264.572: Application time: 0.0379270 seconds
264.574: [GC [PSYoungGen: 48416K->4896K(48640K)] 137786K->94266K(160256K), 0.0015040 secs] [Times: user=0.01 sys=0.00, real=0.00 secs] 
264.575: Total time for which application threads were stopped: 0.0034110 seconds, Stopping threads took: 0.0018260 seconds
264.614: Application time: 0.0391310 seconds
264.615: [GC [PSYoungGen: 46880K->4800K(48640K)] 136250K->94170K(160256K), 0.0015910 secs] [Times: user=0.01 sys=0.00, real=0.00 secs] 
264.617: Total time for which application threads were stopped: 0.0024260 seconds, Stopping threads took: 0.0007590 seconds
264.656: Application time: 0.0393830 seconds
264.658: [GC [PSYoungGen: 46784K->5024K(48640K)] 136154K->94402K(160256K), 0.0015230 secs] [Times: user=0.01 sys=0.00, real=0.00 secs] 
264.660: Total time for which application threads were stopped: 0.0035350 seconds, Stopping threads took: 0.0019370 seconds
264.698: Application time: 0.0381610 seconds
264.700: [GC [PSYoungGen: 47008K->6176K(48640K)] 136386K->95554K(160256K), 0.0019370 secs] [Times: user=0.01 sys=0.00, real=0.00 secs] 
264.702: Total time for which application threads were stopped: 0.0037980 seconds, Stopping threads took: 0.0017830 seconds
264.741: Application time: 0.0389970 seconds
264.741: [GC [PSYoungGen: 48160K->5616K(48640K)] 137538K->94994K(160256K), 0.0017750 secs] [Times: user=0.01 sys=0.00, real=0.01 secs] 
264.743: Total time for which application threads were stopped: 0.0026930 seconds, Stopping threads took: 0.0008410 seconds
264.782: Application time: 0.0390550 seconds
264.783: [GC [PSYoungGen: 47600K->5568K(48640K)] 136978K->94962K(160256K), 0.0016800 secs] [Times: user=0.00 sys=0.00, real=0.01 secs] 
264.785: Total time for which application threads were stopped: 0.0024250 seconds, Stopping threads took: 0.0006620 seconds
264.822: Application time: 0.0369910 seconds
264.823: [GC [PSYoungGen: 47552K->6624K(48640K)] 136946K->96218K(160256K), 0.0020850 secs] [Times: user=0.01 sys=0.00, real=0.00 secs] 
264.825: Total time for which application threads were stopped: 0.0036900 seconds, Stopping threads took: 0.0015250 seconds
264.864: Application time: 0.0385650 seconds
264.867: [GC [PSYoungGen: 48608K->6176K(48640K)] 138202K->95770K(160256K), 0.0018990 secs] [Times: user=0.01 sys=0.00, real=0.00 secs] 
264.869: Total time for which application threads were stopped: 0.0047620 seconds, Stopping threads took: 0.0027840 seconds
264.908: Application time: 0.0391610 seconds
264.910: [GC [PSYoungGen: 48160K->6656K(48640K)] 137754K->97122K(160256K), 0.0023200 secs] [Times: user=0.02 sys=0.00, real=0.01 secs] 
264.912: Total time for which application threads were stopped: 0.0039540 seconds, Stopping threads took: 0.0015520 seconds
264.951: Application time: 0.0388130 seconds
264.952: [GC [PSYoungGen: 48640K->6272K(48640K)] 139106K->96754K(160256K), 0.0019070 secs] [Times: user=0.01 sys=0.00, real=0.00 secs] 
264.954: Total time for which application threads were stopped: 0.0034260 seconds, Stopping threads took: 0.0014400 seconds
264.990: Application time: 0.0357740 seconds
264.992: [GC [PSYoungGen: 48256K->6656K(48640K)] 138738K->98563K(160256K), 0.0024020 secs] [Times: user=0.02 sys=0.00, real=0.00 secs] 
264.994: Total time for which application threads were stopped: 0.0041630 seconds, Stopping threads took: 0.0016790 seconds
265.031: Application time: 0.0373260 seconds
265.034: [GC [PSYoungGen: 48640K->6656K(48640K)] 140547K->99211K(160256K), 0.0022440 secs] [Times: user=0.02 sys=0.00, real=0.00 secs] 
265.036: Total time for which application threads were stopped: 0.0045130 seconds, Stopping threads took: 0.0021880 seconds
265.074: Application time: 0.0384510 seconds
265.075: [GC [PSYoungGen: 48640K->6656K(48640K)] 141195K->100227K(160256K), 0.0023570 secs] [Times: user=0.02 sys=0.00, real=0.00 secs] 
265.078: Total time for which application threads were stopped: 0.0034850 seconds, Stopping threads took: 0.0010300 seconds
265.115: Application time: 0.0375010 seconds
265.117: [GC [PSYoungGen: 48640K->6656K(48640K)] 142211K->100515K(160256K), 0.0021130 secs] [Times: user=0.01 sys=0.00, real=0.00 secs] 
265.120: Total time for which application threads were stopped: 0.0042520 seconds, Stopping threads took: 0.0020570 seconds
265.158: Application time: 0.0379760 seconds
265.160: [GC [PSYoungGen: 48640K->6656K(48640K)] 142499K->101059K(160256K), 0.0020900 secs] [Times: user=0.02 sys=0.00, real=0.00 secs] 
265.162: Total time for which application threads were stopped: 0.0042590 seconds, Stopping threads took: 0.0020890 seconds
265.200: Application time: 0.0380370 seconds
265.201: [GC [PSYoungGen: 48640K->6656K(48640K)] 143043K->101755K(160256K), 0.0022590 secs] [Times: user=0.01 sys=0.00, real=0.01 secs] 
265.203: Total time for which application threads were stopped: 0.0035360 seconds, Stopping threads took: 0.0011960 seconds
265.241: Application time: 0.0373200 seconds
265.242: [GC [PSYoungGen: 48640K->6384K(48640K)] 143739K->101483K(160256K), 0.0019980 secs] [Times: user=0.02 sys=0.00, real=0.01 secs] 
265.244: Total time for which application threads were stopped: 0.0037180 seconds, Stopping threads took: 0.0016160 seconds
265.283: Application time: 0.0384980 seconds
265.285: [GC [PSYoungGen: 48368K->6624K(48640K)] 143467K->103279K(160256K), 0.0025650 secs] [Times: user=0.02 sys=0.00, real=0.00 secs] 
265.287: Total time for which application threads were stopped: 0.0042010 seconds, Stopping threads took: 0.0015370 seconds
265.324: Application time: 0.0372640 seconds
265.326: [GC [PSYoungGen: 48608K->6176K(48640K)] 145263K->102839K(160256K), 0.0020100 secs] [Times: user=0.01 sys=0.00, real=0.00 secs] 
265.328: Total time for which application threads were stopped: 0.0033310 seconds, Stopping threads took: 0.0012190 seconds
265.364: Application time: 0.0362430 seconds
265.366: [GC [PSYoungGen: 48160K->6656K(48640K)] 144823K->104599K(160256K), 0.0024440 secs] [Times: user=0.01 sys=0.00, real=0.00 secs] 
265.368: Total time for which application threads were stopped: 0.0042110 seconds, Stopping threads took: 0.0016850 seconds
265.405: Application time: 0.0368860 seconds
265.407: [GC [PSYoungGen: 48640K->6656K(48640K)] 146583K->106151K(160256K), 0.0024500 secs] [Times: user=0.02 sys=0.00, real=0.00 secs] 
265.410: Total time for which application threads were stopped: 0.0043670 seconds, Stopping threads took: 0.0018350 seconds
265.446: Application time: 0.0368630 seconds
265.448: [GC [PSYoungGen: 48639K->6656K(48640K)] 148135K->106855K(160256K), 0.0023820 secs] [Times: user=0.01 sys=0.00, real=0.00 secs] 
265.451: Total time for which application threads were stopped: 0.0042280 seconds, Stopping threads took: 0.0017560 seconds
265.489: Application time: 0.0380680 seconds
265.491: [GC [PSYoungGen: 48640K->6656K(48640K)] 148839K->107479K(160256K), 0.0022480 secs] [Times: user=0.02 sys=0.00, real=0.01 secs] 
265.493: Total time for which application threads were stopped: 0.0047230 seconds, Stopping threads took: 0.0023900 seconds
265.537: Application time: 0.0434490 seconds
265.538: [GC [PSYoungGen: 48638K->5312K(48640K)] 149461K->106135K(160256K), 0.0016200 secs] [Times: user=0.01 sys=0.00, real=0.00 secs] 
265.540: Total time for which application threads were stopped: 0.0032910 seconds, Stopping threads took: 0.0015960 seconds
265.580: Application time: 0.0401740 seconds
265.581: [GC [PSYoungGen: 47296K->6304K(48640K)] 148119K->107135K(160256K), 0.0019580 secs] [Times: user=0.01 sys=0.00, real=0.01 secs] 
265.583: Total time for which application threads were stopped: 0.0028690 seconds, Stopping threads took: 0.0008270 seconds
265.622: Application time: 0.0392200 seconds
265.624: [GC [PSYoungGen: 48288K->6656K(48640K)] 149119K->107983K(160256K), 0.0022040 secs] [Times: user=0.01 sys=0.00, real=0.00 secs] 
265.626: Total time for which application threads were stopped: 0.0040400 seconds, Stopping threads took: 0.0017500 seconds
265.667: Application time: 0.0406900 seconds
265.669: [GC [PSYoungGen: 48640K->6624K(48640K)] 149967K->107951K(160256K), 0.0021170 secs] [Times: user=0.01 sys=0.00, real=0.00 secs] 
265.671: Total time for which application threads were stopped: 0.0039030 seconds, Stopping threads took: 0.0017080 seconds
265.712: Application time: 0.0408200 seconds
265.713: [GC [PSYoungGen: 48608K->6400K(48640K)] 149935K->107727K(160256K), 0.0020240 secs] [Times: user=0.01 sys=0.00, real=0.00 secs] 
265.715: Total time for which application threads were stopped: 0.0033850 seconds, Stopping threads took: 0.0012770 seconds
265.756: Application time: 0.0409230 seconds
265.757: [GC [PSYoungGen: 48384K->6528K(48640K)] 149711K->107863K(160256K), 0.0020310 secs] [Times: user=0.02 sys=0.00, real=0.00 secs] 
265.759: Total time for which application threads were stopped: 0.0030090 seconds, Stopping threads took: 0.0008960 seconds
265.799: Application time: 0.0398720 seconds
265.801: [GC [PSYoungGen: 48512K->6656K(48640K)] 149847K->108663K(160256K), 0.0024040 secs] [Times: user=0.02 sys=0.00, real=0.01 secs] 
265.804: Total time for which application threads were stopped: 0.0048680 seconds, Stopping threads took: 0.0023700 seconds
265.844: Application time: 0.0396060 seconds
265.845: [GC [PSYoungGen: 48640K->6656K(48640K)] 150647K->109583K(160256K), 0.0023190 secs] [Times: user=0.02 sys=0.00, real=0.00 secs] 
265.848: Total time for which application threads were stopped: 0.0042800 seconds, Stopping threads took: 0.0018760 seconds
265.888: Application time: 0.0404970 seconds
265.890: [GC [PSYoungGen: 48640K->6656K(48640K)] 151567K->110719K(160256K), 0.0024150 secs] [Times: user=0.02 sys=0.00, real=0.01 secs] 
265.892: Total time for which application threads were stopped: 0.0039550 seconds, Stopping threads took: 0.0014540 seconds
265.933: Application time: 0.0403050 seconds
265.934: [GC [PSYoungGen: 48640K->6656K(48640K)] 152703K->112103K(160256K), 0.0024730 secs] [Times: user=0.02 sys=0.00, real=0.00 secs] 
265.937: Total time for which application threads were stopped: 0.0043940 seconds, Stopping threads took: 0.0018340 seconds
265.978: Application time: 0.0410690 seconds
265.981: [GC [PSYoungGen: 48640K->6656K(48640K)] 154087K->112839K(160256K), 0.0024940 secs] [Times: user=0.01 sys=0.00, real=0.01 secs] 
265.984: Total time for which application threads were stopped: 0.0059450 seconds, Stopping threads took: 0.0033730 seconds
266.024: Application time: 0.0397660 seconds
266.026: [GC [PSYoungGen: 48640K->6656K(48640K)] 154823K->113879K(160256K), 0.0025140 secs] [Times: user=0.02 sys=0.00, real=0.00 secs] 
266.029: Total time for which application threads were stopped: 0.0052980 seconds, Stopping threads took: 0.0026890 seconds
266.068: Application time: 0.0391300 seconds
266.070: [GC [PSYoungGen: 48640K->6656K(48640K)] 155863K->114287K(160256K), 0.0021660 secs] [Times: user=0.01 sys=0.00, real=0.01 secs] 
266.073: Total time for which application threads were stopped: 0.0043520 seconds, Stopping threads took: 0.0021030 seconds
266.111: Application time: 0.0386420 seconds
266.114: [GC [PSYoungGen: 48640K->6640K(48640K)] 156271K->114439K(160256K), 0.0021210 secs] [Times: user=0.01 sys=0.00, real=0.00 secs] 
266.117: Total time for which application threads were stopped: 0.0052990 seconds, Stopping threads took: 0.0030950 seconds
266.158: Application time: 0.0412030 seconds
266.159: [GC [PSYoungGen: 48624K->6656K(48640K)] 156423K->114471K(160256K), 0.0021200 secs] [Times: user=0.01 sys=0.01, real=0.00 secs] 
266.161: Total time for which application threads were stopped: 0.0035770 seconds, Stopping threads took: 0.0013740 seconds
266.202: Application time: 0.0402480 seconds
266.204: [GC [PSYoungGen: 48640K->6656K(48640K)] 156455K->115911K(160256K), 0.0024520 secs] [Times: user=0.01 sys=0.00, real=0.00 secs] 
266.206: Total time for which application threads were stopped: 0.0046750 seconds, Stopping threads took: 0.0021390 seconds
266.247: Application time: 0.0405530 seconds
266.249: [GC [PSYoungGen: 48640K->6304K(48640K)] 157895K->115559K(160256K), 0.0019200 secs] [Times: user=0.01 sys=0.00, real=0.00 secs] 
266.251: Total time for which application threads were stopped: 0.0039140 seconds, Stopping threads took: 0.0019120 seconds
266.291: Application time: 0.0399510 seconds
266.292: [GC [PSYoungGen: 48286K->6640K(48640K)] 157542K->116635K(160256K), 0.0022980 secs] [Times: user=0.01 sys=0.00, real=0.00 secs] 
266.294: [Full GC [PSYoungGen: 6640K->0K(48640K)] [ParOldGen: 109995K->10394K(111616K)] 116635K->10394K(160256K) [PSPermGen: 5184K->5184K(21504K)], 0.0064740 secs] [Times: user=0.03 sys=0.00, real=0.00 secs] 
266.301: Total time for which application threads were stopped: 0.0103070 seconds, Stopping threads took: 0.0014000 seconds
266.344: Application time: 0.0428720 seconds
266.346: [GC [PSYoungGen: 41984K->5600K(48640K)] 52378K->15994K(160256K), 0.0018230 secs] [Times: user=0.01 sys=0.00, real=0.00 secs] 
266.348: Total time for which application threads were stopped: 0.0040530 seconds, Stopping threads took: 0.0021490 seconds
266.389: Application time: 0.0413560 seconds
266.391: [GC [PSYoungGen: 47584K->6112K(48640K)] 57978K->16506K(160256K), 0.0017960 secs] [Times: user=0.01 sys=0.00, real=0.01 secs] 
266.393: Total time for which application threads were stopped: 0.0035550 seconds, Stopping threads took: 0.0016860 seconds
266.434: Application time: 0.0408480 seconds
266.435: [GC [PSYoungGen: 48096K->5568K(48640K)] 58490K->15962K(160256K), 0.0017130 secs] [Times: user=0.01 sys=0.00, real=0.00 secs] 
266.437: Total time for which application threads were stopped: 0.0033470 seconds, Stopping threads took: 0.0015550 seconds
266.478: Application time: 0.0410100 seconds
266.480: [GC [PSYoungGen: 47552K->5952K(48640K)] 57946K->16346K(160256K), 0.0017420 secs] [Times: user=0.01 sys=0.00, real=0.00 secs] 
266.482: Total time for which application threads were stopped: 0.0039180 seconds, Stopping threads took: 0.0020970 seconds
266.523: Application time: 0.0414020 seconds
266.525: [GC [PSYoungGen: 47936K->5424K(48640K)] 58330K->15818K(160256K), 0.0016480 secs] [Times: user=0.01 sys=0.00, real=0.00 secs] 
266.527: Total time for which application threads were stopped: 0.0031950 seconds, Stopping threads took: 0.0014740 seconds
266.567: Application time: 0.0405730 seconds
266.569: [GC [PSYoungGen: 47408K->6640K(48640K)] 57802K->17522K(160256K), 0.0020840 secs] [Times: user=0.01 sys=0.00, real=0.00 secs] 
266.571: Total time for which application threads were stopped: 0.0039680 seconds, Stopping threads took: 0.0018060 seconds
266.609: Application time: 0.0380250 seconds
266.611: [GC [PSYoungGen: 48624K->6656K(48640K)] 59506K->19254K(160256K), 0.0025110 secs] [Times: user=0.02 sys=0.00, real=0.01 secs] 
266.614: Total time for which application threads were stopped: 0.0044190 seconds, Stopping threads took: 0.0018080 seconds
266.653: Application time: 0.0397140 seconds
266.656: [GC [PSYoungGen: 48640K->6640K(48640K)] 61238K->19278K(160256K), 0.0019730 secs] [Times: user=0.01 sys=0.00, real=0.00 secs] 
266.658: Total time for which application threads were stopped: 0.0046100 seconds, Stopping threads took: 0.0025620 seconds
266.697: Application time: 0.0396020 seconds
266.699: [GC [PSYoungGen: 48624K->6640K(48640K)] 61262K->20582K(160256K), 0.0023180 secs] [Times: user=0.02 sys=0.00, real=0.00 secs] 
266.702: Total time for which application threads were stopped: 0.0043510 seconds, Stopping threads took: 0.0019460 seconds
266.742: Application time: 0.0400430 seconds
266.745: [GC [PSYoungGen: 48624K->6640K(48640K)] 62566K->21686K(160256K), 0.0023100 secs] [Times: user=0.01 sys=0.00, real=0.00 secs] 
266.747: Total time for which application threads were stopped: 0.0052910 seconds, Stopping threads took: 0.0028920 seconds
266.788: Application time: 0.0405770 seconds
266.790: [GC [PSYoungGen: 48624K->6624K(48640K)] 63670K->22222K(160256K), 0.0023090 secs] [Times: user=0.02 sys=0.00, real=0.01 secs] 
266.792: Total time for which application threads were stopped: 0.0041610 seconds, Stopping threads took: 0.0017640 seconds
266.832: Application time: 0.0405570 seconds
266.833: [GC [PSYoungGen: 48608K->6128K(48640K)] 64206K->21726K(160256K), 0.0018110 secs] [Times: user=0.01 sys=0.00, real=0.00 secs] 
266.835: Total time for which application threads were stopped: 0.0027600 seconds, Stopping threads took: 0.0008710 seconds
266.874: Application time: 0.0387060 seconds
266.877: [GC [PSYoungGen: 48112K->6656K(48640K)] 63710K->24095K(160256K), 0.0025120 secs] [Times: user=0.02 sys=0.00, real=0.00 secs] 
266.879: Total time for which application threads were stopped: 0.0053470 seconds, Stopping threads took: 0.0027400 seconds
266.920: Application time: 0.0407890 seconds
266.923: [GC [PSYoungGen: 48640K->6656K(48640K)] 66079K->25007K(160256K), 0.0023150 secs] [Times: user=0.01 sys=0.00, real=0.01 secs] 
266.925: Total time for which application threads were stopped: 0.0049640 seconds, Stopping threads took: 0.0025410 seconds
266.965: Application time: 0.0399140 seconds
266.966: [GC [PSYoungGen: 48640K->6640K(48640K)] 66991K->25359K(160256K), 0.0020770 secs] [Times: user=0.01 sys=0.00, real=0.00 secs] 
266.968: Total time for which application threads were stopped: 0.0032050 seconds, Stopping threads took: 0.0010460 seconds
267.008: Application time: 0.0398400 seconds
267.010: [GC [PSYoungGen: 48624K->6656K(48640K)] 67343K->27111K(160256K), 0.0024910 secs] [Times: user=0.02 sys=0.00, real=0.01 secs] 
267.013: Total time for which application threads were stopped: 0.0048470 seconds, Stopping threads took: 0.0022710 seconds
267.053: Application time: 0.0402750 seconds
267.056: [GC [PSYoungGen: 48640K->6656K(48640K)] 69095K->27815K(160256K), 0.0021460 secs] [Times: user=0.01 sys=0.00, real=0.00 secs] 
267.058: Total time for which application threads were stopped: 0.0046070 seconds, Stopping threads took: 0.0023740 seconds
267.096: Application time: 0.0384060 seconds
267.099: [GC [PSYoungGen: 48640K->6656K(48640K)] 69799K->28743K(160256K), 0.0023070 secs] [Times: user=0.01 sys=0.00, real=0.00 secs] 
267.101: Total time for which application threads were stopped: 0.0048010 seconds, Stopping threads took: 0.0024110 seconds
267.141: Application time: 0.0403290 seconds
267.143: [GC [PSYoungGen: 48640K->6656K(48640K)] 70727K->28919K(160256K), 0.0020550 secs] [Times: user=0.02 sys=0.00, real=0.00 secs] 
267.145: Total time for which application threads were stopped: 0.0040300 seconds, Stopping threads took: 0.0018920 seconds
267.185: Application time: 0.0399350 seconds
267.187: [GC [PSYoungGen: 48640K->6656K(48640K)] 70903K->29007K(160256K), 0.0019440 secs] [Times: user=0.02 sys=0.00, real=0.00 secs] 
267.189: Total time for which application threads were stopped: 0.0035260 seconds, Stopping threads took: 0.0015030 seconds
267.229: Application time: 0.0399270 seconds
267.231: [GC [PSYoungGen: 48640K->6656K(48640K)] 70991K->29951K(160256K), 0.0022020 secs] [Times: user=0.02 sys=0.00, real=0.00 secs] 
267.234: Total time for which application threads were stopped: 0.0050540 seconds, Stopping threads took: 0.0027720 seconds
267.273: Application time: 0.0395820 seconds
267.276: [GC [PSYoungGen: 48640K->6656K(48640K)] 71935K->30663K(160256K), 0.0022130 secs] [Times: user=0.01 sys=0.00, real=0.00 secs] 
267.278: Total time for which application threads were stopped: 0.0045880 seconds, Stopping threads took: 0.0022900 seconds
267.319: Application time: 0.0409030 seconds
267.320: [GC [PSYoungGen: 48640K->6416K(48640K)] 72647K->30423K(160256K), 0.0019780 secs] [Times: user=0.01 sys=0.00, real=0.00 secs] 
267.322: Total time for which application threads were stopped: 0.0032840 seconds, Stopping threads took: 0.0012290 seconds
267.363: Application time: 0.0409650 seconds
267.365: [GC [PSYoungGen: 48400K->6272K(48640K)] 72407K->30287K(160256K), 0.0019450 secs] [Times: user=0.02 sys=0.00, real=0.00 secs] 
267.367: Total time for which application threads were stopped: 0.0034740 seconds, Stopping threads took: 0.0014530 seconds
267.405: Application time: 0.0388820 seconds
267.407: [GC [PSYoungGen: 48256K->6624K(48640K)] 72271K->30903K(160256K), 0.0020550 secs] [Times: user=0.01 sys=0.00, real=0.00 secs] 
267.409: Total time for which application threads were stopped: 0.0037180 seconds, Stopping threads took: 0.0015730 seconds
267.448: Application time: 0.0391460 seconds
267.450: [GC [PSYoungGen: 48608K->6656K(48640K)] 72887K->31599K(160256K), 0.0021880 secs] [Times: user=0.01 sys=0.00, real=0.01 secs] 
267.452: Total time for which application threads were stopped: 0.0034820 seconds, Stopping threads took: 0.0012110 seconds
267.492: Application time: 0.0401880 seconds
267.496: [GC [PSYoungGen: 48640K->6656K(48640K)] 73583K->32559K(160256K), 0.0022860 secs] [Times: user=0.01 sys=0.00, real=0.00 secs] 
267.498: Total time for which application threads were stopped: 0.0064740 seconds, Stopping threads took: 0.0041110 seconds
267.539: Application time: 0.0406520 seconds
267.541: [GC [PSYoungGen: 48640K->6656K(48640K)] 74543K->33903K(160256K), 0.0024010 secs] [Times: user=0.02 sys=0.00, real=0.01 secs] 
267.543: Total time for which application threads were stopped: 0.0041840 seconds, Stopping threads took: 0.0016930 seconds
267.584: Application time: 0.0403120 seconds
267.585: [GC [PSYoungGen: 48640K->6656K(48640K)] 75887K->34135K(160256K), 0.0021640 secs] [Times: user=0.01 sys=0.00, real=0.00 secs] 
267.587: Total time for which application threads were stopped: 0.0034240 seconds, Stopping threads took: 0.0011800 seconds
267.627: Application time: 0.0398740 seconds
267.630: [GC [PSYoungGen: 48640K->6624K(48640K)] 76119K->35079K(160256K), 0.0022000 secs] [Times: user=0.02 sys=0.00, real=0.01 secs] 
267.632: Total time for which application threads were stopped: 0.0053200 seconds, Stopping threads took: 0.0030380 seconds
267.671: Application time: 0.0392780 seconds
267.673: [GC [PSYoungGen: 48608K->6656K(48640K)] 77063K->35551K(160256K), 0.0021770 secs] [Times: user=0.01 sys=0.00, real=0.00 secs] 
267.675: Total time for which application threads were stopped: 0.0038070 seconds, Stopping threads took: 0.0015460 seconds
267.716: Application time: 0.0405500 seconds
267.719: [GC [PSYoungGen: 48640K->6656K(48640K)] 77535K->35567K(160256K), 0.0020210 secs] [Times: user=0.01 sys=0.00, real=0.00 secs] 
267.721: Total time for which application threads were stopped: 0.0049080 seconds, Stopping threads took: 0.0028070 seconds
267.761: Application time: 0.0404580 seconds
267.763: [GC [PSYoungGen: 48640K->6656K(48640K)] 77551K->35999K(160256K), 0.0020890 secs] [Times: user=0.02 sys=0.00, real=0.01 secs] 
267.765: Total time for which application threads were stopped: 0.0036850 seconds, Stopping threads took: 0.0015140 seconds
267.805: Application time: 0.0403810 seconds
267.807: [GC [PSYoungGen: 48640K->6448K(48640K)] 77983K->35791K(160256K), 0.0018660 secs] [Times: user=0.02 sys=0.00, real=0.00 secs] 
267.809: Total time for which application threads were stopped: 0.0036420 seconds, Stopping threads took: 0.0016870 seconds
267.848: Application time: 0.0389280 seconds
267.850: [GC [PSYoungGen: 48432K->6640K(48640K)] 77775K->37183K(160256K), 0.0023940 secs] [Times: user=0.01 sys=0.00, real=0.01 secs] 
267.852: Total time for which application threads were stopped: 0.0043020 seconds, Stopping threads took: 0.0018230 seconds
267.893: Application time: 0.0404420 seconds
267.895: [GC [PSYoungGen: 48624K->6640K(48640K)] 79167K->37663K(160256K), 0.0021820 secs] [Times: user=0.02 sys=0.00, real=0.00 secs] 
267.897: Total time for which application threads were stopped: 0.0043220 seconds, Stopping threads took: 0.0020550 seconds
267.937: Application time: 0.0405300 seconds
267.939: [GC [PSYoungGen: 48624K->6480K(48640K)] 79647K->37511K(160256K), 0.0019060 secs] [Times: user=0.01 sys=0.00, real=0.00 secs] 
267.941: Total time for which application threads were stopped: 0.0035810 seconds, Stopping threads took: 0.0015870 seconds
267.982: Application time: 0.0412640 seconds
267.984: [GC [PSYoungGen: 48464K->5472K(48640K)] 79495K->36511K(160256K), 0.0016260 secs] [Times: user=0.01 sys=0.00, real=0.00 secs] 
267.986: Total time for which application threads were stopped: 0.0032600 seconds, Stopping threads took: 0.0015570 seconds
268.027: Application time: 0.0414520 seconds
268.028: [GC [PSYoungGen: 47456K->5536K(48640K)] 78495K->36583K(160256K), 0.0017190 secs] [Times: user=0.01 sys=0.00, real=0.00 secs] 
268.030: Total time for which application threads were stopped: 0.0030640 seconds, Stopping threads took: 0.0012730 seconds
268.071: Application time: 0.0405400 seconds
268.072: [GC [PSYoungGen: 47520K->6656K(48640K)] 78567K->38475K(160256K), 0.0022410 secs] [Times: user=0.01 sys=0.00, real=0.00 secs] 
268.075: Total time for which application threads were stopped: 0.0040640 seconds, Stopping threads took: 0.0017410 seconds
268.115: Application time: 0.0401620 seconds
268.117: [GC [PSYoungGen: 48640K->6624K(48640K)] 80459K->39103K(160256K), 0.0022410 secs] [Times: user=0.02 sys=0.00, real=0.00 secs] 
268.119: Total time for which application threads were stopped: 0.0040490 seconds, Stopping threads took: 0.0017290 seconds
268.159: Application time: 0.0396300 seconds
268.160: [GC [PSYoungGen: 48608K->6640K(48640K)] 81087K->40111K(160256K), 0.0022670 secs] [Times: user=0.02 sys=0.00, real=0.00 secs] 
268.162: Total time for which application threads were stopped: 0.0035720 seconds, Stopping threads took: 0.0012230 seconds
268.201: Application time: 0.0390010 seconds
268.203: [GC [PSYoungGen: 48624K->6624K(48640K)] 82095K->41227K(160256K), 0.0023580 secs] [Times: user=0.01 sys=0.00, real=0.01 secs] 
268.205: Total time for which application threads were stopped: 0.0041030 seconds, Stopping threads took: 0.0016520 seconds
268.246: Application time: 0.0406020 seconds
268.249: [GC [PSYoungGen: 48608K->6640K(48640K)] 83211K->41827K(160256K), 0.0022990 secs] [Times: user=0.01 sys=0.00, real=0.01 secs] 
268.251: Total time for which application threads were stopped: 0.0056210 seconds, Stopping threads took: 0.0032400 seconds
268.292: Application time: 0.0405550 seconds
268.293: [GC [PSYoungGen: 48624K->6656K(48640K)] 83811K->42323K(160256K), 0.0020860 secs] [Times: user=0.01 sys=0.01, real=0.00 secs] 
268.295: Total time for which application threads were stopped: 0.0031530 seconds, Stopping threads took: 0.0009700 seconds
268.335: Application time: 0.0402160 seconds
268.338: [GC [PSYoungGen: 48640K->6624K(48640K)] 84307K->42683K(160256K), 0.0021290 secs] [Times: user=0.02 sys=0.00, real=0.00 secs] 
268.341: Total time for which application threads were stopped: 0.0051780 seconds, Stopping threads took: 0.0029590 seconds
268.380: Application time: 0.0396250 seconds
268.383: [GC [PSYoungGen: 48607K->6656K(48640K)] 84667K->43639K(160256K), 0.0022600 secs] [Times: user=0.02 sys=0.00, real=0.01 secs] 
268.385: Total time for which application threads were stopped: 0.0048520 seconds, Stopping threads took: 0.0025120 seconds
268.426: Application time: 0.0406330 seconds
268.427: [GC [PSYoungGen: 48640K->6592K(48640K)] 85623K->43591K(160256K), 0.0020990 secs] [Times: user=0.01 sys=0.00, real=0.00 secs] 
268.429: Total time for which application threads were stopped: 0.0036480 seconds, Stopping threads took: 0.0014660 seconds
268.470: Application time: 0.0402470 seconds
268.471: [GC [PSYoungGen: 48576K->6640K(48640K)] 85575K->44087K(160256K), 0.0020940 secs] [Times: user=0.01 sys=0.00, real=0.01 secs] 
268.473: Total time for which application threads were stopped: 0.0036220 seconds, Stopping threads took: 0.0014390 seconds
268.513: Application time: 0.0400080 seconds
268.515: [GC [PSYoungGen: 48624K->6640K(48640K)] 86071K->44095K(160256K), 0.0019960 secs] [Times: user=0.02 sys=0.00, real=0.00 secs] 
268.517: Total time for which application threads were stopped: 0.0042140 seconds, Stopping threads took: 0.0021390 seconds
268.558: Application time: 0.0401630 seconds
268.559: [GC [PSYoungGen: 48624K->6640K(48640K)] 86079K->44919K(160256K), 0.0022420 secs] [Times: user=0.01 sys=0.01, real=0.00 secs] 
268.561: Total time for which application threads were stopped: 0.0036540 seconds, Stopping threads took: 0.0013260 seconds
268.601: Application time: 0.0396050 seconds
268.602: [GC [PSYoungGen: 48624K->6000K(48640K)] 86903K->44287K(160256K), 0.0017910 secs] [Times: user=0.01 sys=0.00, real=0.01 secs] 
268.604: Total time for which application threads were stopped: 0.0033800 seconds, Stopping threads took: 0.0015120 seconds
268.644: Application time: 0.0396590 seconds
268.646: [GC [PSYoungGen: 47984K->6512K(48640K)] 86271K->44799K(160256K), 0.0020310 secs] [Times: user=0.01 sys=0.00, real=0.00 secs] 
268.649: Total time for which application threads were stopped: 0.0046530 seconds, Stopping threads took: 0.0025220 seconds
268.689: Application time: 0.0404820 seconds
268.692: [GC [PSYoungGen: 48496K->5968K(48640K)] 86783K->44255K(160256K), 0.0017230 secs] [Times: user=0.01 sys=0.00, real=0.00 secs] 
268.694: Total time for which application threads were stopped: 0.0046110 seconds, Stopping threads took: 0.0028100 seconds
268.733: Application time: 0.0395610 seconds
268.736: [GC [PSYoungGen: 47952K->6656K(48640K)] 86239K->46399K(160256K), 0.0023640 secs] [Times: user=0.02 sys=0.00, real=0.00 secs] 
268.738: Total time for which application threads were stopped: 0.0048250 seconds, Stopping threads took: 0.0023800 seconds
268.778: Application time: 0.0400910 seconds
268.780: [GC [PSYoungGen: 48640K->6656K(48640K)] 88383K->47087K(160256K), 0.0021670 secs] [Times: user=0.01 sys=0.00, real=0.00 secs] 
268.782: Total time for which application threads were stopped: 0.0037690 seconds, Stopping threads took: 0.0015210 seconds
268.821: Application time: 0.0389880 seconds
268.824: [GC [PSYoungGen: 48640K->6656K(48640K)] 89071K->48327K(160256K), 0.0023080 secs] [Times: user=0.02 sys=0.00, real=0.00 secs] 
268.826: Total time for which application threads were stopped: 0.0051840 seconds, Stopping threads took: 0.0027980 seconds
268.866: Application time: 0.0395810 seconds
268.867: [GC [PSYoungGen: 48640K->6656K(48640K)] 90311K->48951K(160256K), 0.0021730 secs] [Times: user=0.01 sys=0.00, real=0.00 secs] 
268.870: Total time for which application threads were stopped: 0.0040200 seconds, Stopping threads took: 0.0017640 seconds
268.910: Application time: 0.0407970 seconds
268.913: [GC [PSYoungGen: 48640K->5280K(48640K)] 90935K->47575K(160256K), 0.0016090 secs] [Times: user=0.01 sys=0.00, real=0.00 secs] 
268.915: Total time for which application threads were stopped: 0.0040790 seconds, Stopping threads took: 0.0023950 seconds
268.952: Application time: 0.0374190 seconds
268.953: [GC [PSYoungGen: 47264K->6656K(48640K)] 89559K->49391K(160256K), 0.0024120 secs] [Times: user=0.02 sys=0.00, real=0.00 secs] 
268.956: Total time for which application threads were stopped: 0.0039230 seconds, Stopping threads took: 0.0014040 seconds
268.995: Application time: 0.0393960 seconds
268.997: [GC [PSYoungGen: 48640K->6656K(48640K)] 91375K->50167K(160256K), 0.0023920 secs] [Times: user=0.01 sys=0.00, real=0.00 secs] 
269.000: Total time for which application threads were stopped: 0.0045140 seconds, Stopping threads took: 0.0020180 seconds
269.040: Application time: 0.0402960 seconds
269.043: [GC [PSYoungGen: 48640K->6656K(48640K)] 92151K->51343K(160256K), 0.0023450 secs] [Times: user=0.01 sys=0.00, real=0.01 secs] 
269.045: Total time for which application threads were stopped: 0.0049950 seconds, Stopping threads took: 0.0025640 seconds
269.086: Application time: 0.0408350 seconds
269.088: [GC [PSYoungGen: 48640K->6640K(48640K)] 93327K->51535K(160256K), 0.0021560 secs] [Times: user=0.01 sys=0.00, real=0.00 secs] 
269.090: Total time for which application threads were stopped: 0.0039660 seconds, Stopping threads took: 0.0017320 seconds
269.129: Application time: 0.0393230 seconds
269.131: [GC [PSYoungGen: 48624K->6640K(48640K)] 93519K->51663K(160256K), 0.0020660 secs] [Times: user=0.01 sys=0.00, real=0.00 secs] 
269.133: Total time for which application threads were stopped: 0.0040160 seconds, Stopping threads took: 0.0018730 seconds
269.171: Application time: 0.0381480 seconds
269.174: [GC [PSYoungGen: 48624K->6640K(48640K)] 93647K->52103K(160256K), 0.0021790 secs] [Times: user=0.02 sys=0.00, real=0.00 secs] 
269.177: Total time for which application threads were stopped: 0.0052440 seconds, Stopping threads took: 0.0029610 seconds
269.217: Application time: 0.0400560 seconds
269.219: [GC [PSYoungGen: 48624K->6528K(48640K)] 94087K->51991K(160256K), 0.0021010 secs] [Times: user=0.02 sys=0.00, real=0.00 secs] 
269.221: Total time for which application threads were stopped: 0.0047260 seconds, Stopping threads took: 0.0025470 seconds
269.262: Application time: 0.0407750 seconds
269.264: [GC [PSYoungGen: 48512K->5824K(48640K)] 93975K->51287K(160256K), 0.0017450 secs] [Times: user=0.01 sys=0.00, real=0.00 secs] 
269.266: Total time for which application threads were stopped: 0.0033900 seconds, Stopping threads took: 0.0015660 seconds
269.306: Application time: 0.0401800 seconds
269.308: [GC [PSYoungGen: 47808K->6640K(48640K)] 93271K->52552K(160256K), 0.0021400 secs] [Times: user=0.01 sys=0.00, real=0.00 secs] 
269.310: Total time for which application threads were stopped: 0.0042410 seconds, Stopping threads took: 0.0020190 seconds
269.351: Application time: 0.0407830 seconds
269.353: [GC [PSYoungGen: 48623K->5632K(48640K)] 94535K->51543K(160256K), 0.0017310 secs] [Times: user=0.01 sys=0.00, real=0.00 secs] 
269.355: Total time for which application threads were stopped: 0.0036860 seconds, Stopping threads took: 0.0018800 seconds
269.395: Application time: 0.0404260 seconds
269.395: [GC [PSYoungGen: 47616K->6640K(48640K)] 93527K->52687K(160256K), 0.0019840 secs] [Times: user=0.02 sys=0.00, real=0.00 secs] 
269.398: Total time for which application threads were stopped: 0.0025530 seconds, Stopping threads took: 0.0004850 seconds
269.437: Application time: 0.0391870 seconds
269.439: [GC [PSYoungGen: 48624K->6656K(48640K)] 94671K->52711K(160256K), 0.0019670 secs] [Times: user=0.01 sys=0.00, real=0.00 secs] 
269.441: Total time for which application threads were stopped: 0.0043250 seconds, Stopping threads took: 0.0022760 seconds
269.480: Application time: 0.0391040 seconds
269.482: [GC [PSYoungGen: 48640K->6560K(48640K)] 94695K->52615K(160256K), 0.0019460 secs] [Times: user=0.01 sys=0.00, real=0.01 secs] 
269.484: Total time for which application threads were stopped: 0.0038630 seconds, Stopping threads took: 0.0018430 seconds
269.520: Application time: 0.0361990 seconds
269.522: [GC [PSYoungGen: 48544K->6624K(48640K)] 94599K->53016K(160256K), 0.0021910 secs] [Times: user=0.02 sys=0.00, real=0.01 secs] 
269.524: Total time for which application threads were stopped: 0.0041550 seconds, Stopping threads took: 0.0018730 seconds
269.562: Application time: 0.0374930 seconds
269.563: [GC [PSYoungGen: 48608K->6624K(48640K)] 95000K->54004K(160256K), 0.0022560 secs] [Times: user=0.02 sys=0.00, real=0.00 secs] 
269.566: Total time for which application threads were stopped: 0.0036470 seconds, Stopping threads took: 0.0013120 seconds
269.603: Application time: 0.0379570 seconds
269.605: [GC [PSYoungGen: 48608K->6656K(48640K)] 95988K->55228K(160256K), 0.0023350 secs] [Times: user=0.01 sys=0.00, real=0.00 secs] 
269.607: Total time for which application threads were stopped: 0.0036430 seconds, Stopping threads took: 0.0012300 seconds
269.645: Application time: 0.0380970 seconds
269.647: [GC [PSYoungGen: 48640K->6336K(48640K)] 97212K->54932K(160256K), 0.0018370 secs] [Times: user=0.01 sys=0.00, real=0.00 secs] 
269.649: Total time for which application threads were stopped: 0.0036380 seconds, Stopping threads took: 0.0017220 seconds
269.686: Application time: 0.0376140 seconds
269.689: [GC [PSYoungGen: 48320K->6656K(48640K)] 96916K->55340K(160256K), 0.0019410 secs] [Times: user=0.01 sys=0.00, real=0.00 secs] 
269.691: Total time for which application threads were stopped: 0.0045330 seconds, Stopping threads took: 0.0025120 seconds
269.728: Application time: 0.0369410 seconds
269.729: [GC [PSYoungGen: 48640K->6656K(48640K)] 97324K->55852K(160256K), 0.0021590 secs] [Times: user=0.01 sys=0.00, real=0.01 secs] 
269.732: Total time for which application threads were stopped: 0.0036550 seconds, Stopping threads took: 0.0014150 seconds
269.770: Application time: 0.0380740 seconds
269.771: [GC [PSYoungGen: 48640K->6592K(48640K)] 97836K->55788K(160256K), 0.0019700 secs] [Times: user=0.01 sys=0.00, real=0.00 secs] 
269.773: Total time for which application threads were stopped: 0.0036930 seconds, Stopping threads took: 0.0016420 seconds
269.812: Application time: 0.0386150 seconds
269.813: [GC [PSYoungGen: 48576K->6048K(48640K)] 97772K->55244K(160256K), 0.0018190 secs] [Times: user=0.02 sys=0.00, real=0.00 secs] 
269.815: Total time for which application threads were stopped: 0.0031620 seconds, Stopping threads took: 0.0012550 seconds
269.853: Application time: 0.0375050 seconds
269.854: [GC [PSYoungGen: 48032K->6448K(48640K)] 97228K->55644K(160256K), 0.0018570 secs] [Times: user=0.02 sys=0.00, real=0.00 secs] 
269.856: Total time for which application threads were stopped: 0.0036150 seconds, Stopping threads took: 0.0016730 seconds
269.895: Application time: 0.0389560 seconds
269.896: [GC [PSYoungGen: 48432K->4768K(48640K)] 97628K->53980K(160256K), 0.0015180 secs] [Times: user=0.01 sys=0.00, real=0.00 secs] 
269.898: Total time for which application threads were stopped: 0.0027790 seconds, Stopping threads took: 0.0011880 seconds
269.938: Application time: 0.0395280 seconds
269.939: [GC [PSYoungGen: 46752K->5696K(48640K)] 95964K->54908K(160256K), 0.0019210 secs] [Times: user=0.01 sys=0.00, real=0.00 secs] 
269.941: Total time for which application threads were stopped: 0.0031400 seconds, Stopping threads took: 0.0011380 seconds
269.979: Application time: 0.0383780 seconds
269.981: [GC [PSYoungGen: 47680K->6656K(48640K)] 96892K->55892K(160256K), 0.0020280 secs] [Times: user=0.01 sys=0.00, real=0.00 secs] 
269.983: Total time for which application threads were stopped: 0.0039650 seconds, Stopping threads took: 0.0018620 seconds
270.020: Application time: 0.0374120 seconds
270.022: [GC [PSYoungGen: 48640K->6656K(48640K)] 97876K->57128K(160256K), 0.0023880 secs] [Times: user=0.02 sys=0.00, real=0.01 secs] 
270.025: Total time for which application threads were stopped: 0.0044280 seconds, Stopping threads took: 0.0019570 seconds
270.063: Application time: 0.0377810 seconds
270.064: [GC [PSYoungGen: 48640K->6656K(48640K)] 99112K->57696K(160256K), 0.0022540 secs] [Times: user=0.01 sys=0.00, real=0.00 secs] 
270.067: Total time for which application threads were stopped: 0.0038800 seconds, Stopping threads took: 0.0015320 seconds
270.106: Application time: 0.0396180 seconds
270.107: [GC [PSYoungGen: 48640K->4464K(48640K)] 99680K->55504K(160256K), 0.0013990 secs] [Times: user=0.01 sys=0.00, real=0.00 secs] 
270.109: Total time for which application threads were stopped: 0.0025620 seconds, Stopping threads took: 0.0010800 seconds
270.146: Application time: 0.0374820 seconds
270.148: [GC [PSYoungGen: 46448K->6640K(48640K)] 97488K->57808K(160256K), 0.0020280 secs] [Times: user=0.01 sys=0.00, real=0.00 secs] 
270.151: Total time for which application threads were stopped: 0.0043660 seconds, Stopping threads took: 0.0022560 seconds
270.188: Application time: 0.0376610 seconds
270.189: [GC [PSYoungGen: 48623K->5680K(48640K)] 99791K->56864K(160256K), 0.0017600 secs] [Times: user=0.01 sys=0.00, real=0.01 secs] 
270.191: Total time for which application threads were stopped: 0.0029520 seconds, Stopping threads took: 0.0011160 seconds
270.229: Application time: 0.0382200 seconds
270.231: [GC [PSYoungGen: 47664K->6656K(48640K)] 98848K->58636K(160256K), 0.0024180 secs] [Times: user=0.01 sys=0.00, real=0.01 secs] 
270.234: Total time for which application threads were stopped: 0.0041590 seconds, Stopping threads took: 0.0016540 seconds
270.271: Application time: 0.0376850 seconds
270.274: [GC [PSYoungGen: 48640K->6352K(48640K)] 100620K->58332K(160256K), 0.0018930 secs] [Times: user=0.02 sys=0.00, real=0.00 secs] 
270.276: Total time for which application threads were stopped: 0.0044970 seconds, Stopping threads took: 0.0025220 seconds
270.314: Application time: 0.0380360 seconds
270.315: [GC [PSYoungGen: 48336K->6640K(48640K)] 100316K->59028K(160256K), 0.0022370 secs] [Times: user=0.02 sys=0.00, real=0.00 secs] 
270.317: Total time for which application threads were stopped: 0.0033740 seconds, Stopping threads took: 0.0010610 seconds
270.354: Application time: 0.0372890 seconds
270.356: [GC [PSYoungGen: 48624K->6624K(48640K)] 101012K->59204K(160256K), 0.0021080 secs] [Times: user=0.02 sys=0.00, real=0.00 secs] 
270.358: Total time for which application threads were stopped: 0.0039210 seconds, Stopping threads took: 0.0017240 seconds
270.395: Application time: 0.0369890 seconds
270.397: [GC [PSYoungGen: 48608K->6640K(48640K)] 101188K->60316K(160256K), 0.0022520 secs] [Times: user=0.02 sys=0.00, real=0.00 secs] 
270.399: Total time for which application threads were stopped: 0.0040750 seconds, Stopping threads took: 0.0017380 seconds
270.437: Application time: 0.0371320 seconds
270.438: [GC [PSYoungGen: 48624K->6640K(48640K)] 102300K->60588K(160256K), 0.0021460 secs] [Times: user=0.01 sys=0.00, real=0.00 secs] 
270.440: Total time for which application threads were stopped: 0.0034260 seconds, Stopping threads took: 0.0011960 seconds
270.476: Application time: 0.0364830 seconds
270.478: [GC [PSYoungGen: 48624K->6656K(48640K)] 102572K->62176K(160256K), 0.0024430 secs] [Times: user=0.02 sys=0.00, real=0.00 secs] 
270.481: Total time for which application threads were stopped: 0.0041480 seconds, Stopping threads took: 0.0016250 seconds
270.518: Application time: 0.0372750 seconds
270.520: [GC [PSYoungGen: 48640K->6656K(48640K)] 104160K->63056K(160256K), 0.0024030 secs] [Times: user=0.01 sys=0.00, real=0.00 secs] 
270.523: Total time for which application threads were stopped: 0.0049880 seconds, Stopping threads took: 0.0025150 seconds
270.561: Application time: 0.0381880 seconds
270.564: [GC [PSYoungGen: 48640K->6640K(48640K)] 105040K->63104K(160256K), 0.0019950 secs] [Times: user=0.02 sys=0.00, real=0.00 secs] 
270.566: Total time for which application threads were stopped: 0.0046490 seconds, Stopping threads took: 0.0025770 seconds
270.604: Application time: 0.0380460 seconds
270.605: [GC [PSYoungGen: 48624K->6640K(48640K)] 105088K->63344K(160256K), 0.0021550 secs] [Times: user=0.02 sys=0.00, real=0.00 secs] 
270.608: Total time for which application threads were stopped: 0.0038700 seconds, Stopping threads took: 0.0016270 seconds
270.645: Application time: 0.0374430 seconds
270.647: [GC [PSYoungGen: 48624K->6448K(48640K)] 105328K->63160K(160256K), 0.0018870 secs] [Times: user=0.02 sys=0.00, real=0.00 secs] 
270.649: Total time for which application threads were stopped: 0.0036350 seconds, Stopping threads took: 0.0016670 seconds
270.686: Application time: 0.0372280 seconds
270.688: [GC [PSYoungGen: 48432K->6224K(48640K)] 105144K->62944K(160256K), 0.0018480 secs] [Times: user=0.01 sys=0.00, real=0.00 secs] 
270.689: Total time for which application threads were stopped: 0.0034960 seconds, Stopping threads took: 0.0015680 seconds
270.728: Application time: 0.0387720 seconds
270.730: [GC [PSYoungGen: 48208K->5968K(48640K)] 104928K->62712K(160256K), 0.0018820 secs] [Times: user=0.02 sys=0.00, real=0.01 secs] 
270.732: Total time for which application threads were stopped: 0.0036940 seconds, Stopping threads took: 0.0017380 seconds
270.770: Application time: 0.0384070 seconds
270.772: [GC [PSYoungGen: 47952K->6640K(48640K)] 104696K->63960K(160256K), 0.0021780 secs] [Times: user=0.02 sys=0.00, real=0.00 secs] 
270.774: Total time for which application threads were stopped: 0.0034440 seconds, Stopping threads took: 0.0011900 seconds
270.812: Application time: 0.0377460 seconds
270.813: [GC [PSYoungGen: 48624K->6464K(48640K)] 105944K->63784K(160256K), 0.0018920 secs] [Times: user=0.02 sys=0.00, real=0.00 secs] 
270.815: Total time for which application threads were stopped: 0.0032480 seconds, Stopping threads took: 0.0012740 seconds
270.853: Application time: 0.0385930 seconds
270.855: [GC [PSYoungGen: 48448K->6480K(48640K)] 105768K->63800K(160256K), 0.0019700 secs] [Times: user=0.01 sys=0.00, real=0.00 secs] 
270.857: Total time for which application threads were stopped: 0.0033690 seconds, Stopping threads took: 0.0013230 seconds
270.897: Application time: 0.0397500 seconds
270.898: [GC [PSYoungGen: 48464K->6336K(48640K)] 105784K->63656K(160256K), 0.0018490 secs] [Times: user=0.01 sys=0.00, real=0.00 secs] 
270.900: Total time for which application threads were stopped: 0.0036330 seconds, Stopping threads took: 0.0017030 seconds
270.938: Application time: 0.0377680 seconds
270.940: [GC [PSYoungGen: 48320K->6640K(48640K)] 105640K->64448K(160256K), 0.0021640 secs] [Times: user=0.01 sys=0.00, real=0.00 secs] 
270.942: Total time for which application threads were stopped: 0.0041530 seconds, Stopping threads took: 0.0019050 seconds
270.981: Application time: 0.0388860 seconds
270.983: [GC [PSYoungGen: 48624K->6656K(48640K)] 106432K->65696K(160256K), 0.0024030 secs] [Times: user=0.01 sys=0.00, real=0.01 secs] 
270.985: Total time for which application threads were stopped: 0.0040730 seconds, Stopping threads took: 0.0015860 seconds
271.024: Application time: 0.0390280 seconds
271.026: [GC [PSYoungGen: 48640K->5408K(48640K)] 107680K->64448K(160256K), 0.0016790 secs] [Times: user=0.01 sys=0.00, real=0.00 secs] 
271.027: Total time for which application threads were stopped: 0.0032450 seconds, Stopping threads took: 0.0014840 seconds
271.065: Application time: 0.0379930 seconds
271.067: [GC [PSYoungGen: 47392K->6432K(48640K)] 106432K->65480K(160256K), 0.0019670 secs] [Times: user=0.01 sys=0.00, real=0.00 secs] 
271.069: Total time for which application threads were stopped: 0.0041570 seconds, Stopping threads took: 0.0021130 seconds
271.107: Application time: 0.0377100 seconds
271.109: [GC [PSYoungGen: 48416K->6624K(48640K)] 107464K->66040K(160256K), 0.0021580 secs] [Times: user=0.01 sys=0.00, real=0.00 secs] 
271.111: Total time for which application threads were stopped: 0.0035530 seconds, Stopping threads took: 0.0013070 seconds
271.149: Application time: 0.0382240 seconds
271.151: [GC [PSYoungGen: 48608K->6656K(48640K)] 108024K->66864K(160256K), 0.0021900 secs] [Times: user=0.01 sys=0.00, real=0.01 secs] 
271.153: Total time for which application threads were stopped: 0.0037770 seconds, Stopping threads took: 0.0015060 seconds
271.191: Application time: 0.0379980 seconds
271.192: [GC [PSYoungGen: 48640K->6656K(48640K)] 108848K->66952K(160256K), 0.0020210 secs] [Times: user=0.02 sys=0.00, real=0.00 secs] 
271.194: Total time for which application threads were stopped: 0.0033020 seconds, Stopping threads took: 0.0011980 seconds
271.232: Application time: 0.0383310 seconds
271.233: [GC [PSYoungGen: 48640K->6640K(48640K)] 108936K->67360K(160256K), 0.0021650 secs] [Times: user=0.01 sys=0.00, real=0.00 secs] 
271.236: Total time for which application threads were stopped: 0.0033020 seconds, Stopping threads took: 0.0010560 seconds
271.274: Application time: 0.0385450 seconds
271.276: [GC [PSYoungGen: 48624K->6640K(48640K)] 109344K->68224K(160256K), 0.0023120 secs] [Times: user=0.02 sys=0.00, real=0.00 secs] 
271.278: Total time for which application threads were stopped: 0.0037920 seconds, Stopping threads took: 0.0013940 seconds
271.317: Application time: 0.0391990 seconds
271.318: [GC [PSYoungGen: 48624K->5872K(48640K)] 110208K->67456K(160256K), 0.0018400 secs] [Times: user=0.02 sys=0.00, real=0.00 secs] 
271.320: Total time for which application threads were stopped: 0.0029070 seconds, Stopping threads took: 0.0009890 seconds
271.358: Application time: 0.0378980 seconds
271.360: [GC [PSYoungGen: 47856K->6640K(48640K)] 109440K->68752K(160256K), 0.0023350 secs] [Times: user=0.01 sys=0.00, real=0.00 secs] 
271.362: Total time for which application threads were stopped: 0.0040150 seconds, Stopping threads took: 0.0015990 seconds
271.401: Application time: 0.0388620 seconds
271.402: [GC [PSYoungGen: 48624K->6208K(48640K)] 110736K->68320K(160256K), 0.0019040 secs] [Times: user=0.01 sys=0.00, real=0.01 secs] 
271.404: Total time for which application threads were stopped: 0.0027650 seconds, Stopping threads took: 0.0007850 seconds
271.442: Application time: 0.0382050 seconds
271.444: [GC [PSYoungGen: 48192K->5488K(48640K)] 110304K->67616K(160256K), 0.0018730 secs] [Times: user=0.01 sys=0.00, real=0.00 secs] 
271.446: Total time for which application threads were stopped: 0.0039070 seconds, Stopping threads took: 0.0019540 seconds
271.482: Application time: 0.0360700 seconds
271.484: [GC [PSYoungGen: 47471K->6640K(48640K)] 109599K->68920K(160256K), 0.0021010 secs] [Times: user=0.01 sys=0.00, real=0.00 secs] 
271.486: Total time for which application threads were stopped: 0.0042740 seconds, Stopping threads took: 0.0020990 seconds
271.524: Application time: 0.0376840 seconds
271.525: [GC [PSYoungGen: 48624K->6656K(48640K)] 110904K->69880K(160256K), 0.0023870 secs] [Times: user=0.01 sys=0.00, real=0.00 secs] 
271.527: Total time for which application threads were stopped: 0.0036270 seconds, Stopping threads took: 0.0011550 seconds
271.564: Application time: 0.0370390 seconds
271.567: [GC [PSYoungGen: 48638K->6656K(48640K)] 111863K->71080K(160256K), 0.0024740 secs] [Times: user=0.02 sys=0.00, real=0.00 secs] 
271.570: Total time for which application threads were stopped: 0.0051090 seconds, Stopping threads took: 0.0025470 seconds
271.607: Application time: 0.0377330 seconds
271.608: [GC [PSYoungGen: 48639K->6496K(48640K)] 113064K->70920K(160256K), 0.0018890 secs] [Times: user=0.02 sys=0.00, real=0.00 secs] 
271.610: Total time for which application threads were stopped: 0.0030000 seconds, Stopping threads took: 0.0010300 seconds
271.649: Application time: 0.0381890 seconds
271.650: [GC [PSYoungGen: 48480K->6064K(48640K)] 112904K->70488K(160256K), 0.0019140 secs] [Times: user=0.01 sys=0.00, real=0.01 secs] 
271.652: Total time for which application threads were stopped: 0.0031980 seconds, Stopping threads took: 0.0011810 seconds
271.690: Application time: 0.0378270 seconds
271.691: [GC [PSYoungGen: 48048K->6656K(48640K)] 112472K->71280K(160256K), 0.0021030 secs] [Times: user=0.02 sys=0.00, real=0.01 secs] 
271.693: Total time for which application threads were stopped: 0.0032530 seconds, Stopping threads took: 0.0010670 seconds
271.730: Application time: 0.0369900 seconds
271.731: [GC [PSYoungGen: 48640K->6400K(48640K)] 113264K->71032K(160256K), 0.0019760 secs] [Times: user=0.01 sys=0.00, real=0.00 secs] 
271.733: Total time for which application threads were stopped: 0.0035500 seconds, Stopping threads took: 0.0014950 seconds
271.770: Application time: 0.0367300 seconds
271.772: [GC [PSYoungGen: 48384K->6656K(48640K)] 113016K->71768K(160256K), 0.0021290 secs] [Times: user=0.02 sys=0.01, real=0.00 secs] 
271.774: Total time for which application threads were stopped: 0.0042380 seconds, Stopping threads took: 0.0020290 seconds
271.812: Application time: 0.0373510 seconds
271.814: [GC [PSYoungGen: 48640K->6640K(48640K)] 113752K->72144K(160256K), 0.0020890 secs] [Times: user=0.01 sys=0.00, real=0.00 secs] 
271.817: Total time for which application threads were stopped: 0.0049060 seconds, Stopping threads took: 0.0027270 seconds
271.854: Application time: 0.0377800 seconds
271.856: [GC [PSYoungGen: 48624K->5744K(48640K)] 114128K->71248K(160256K), 0.0018670 secs] [Times: user=0.01 sys=0.00, real=0.00 secs] 
271.858: Total time for which application threads were stopped: 0.0035920 seconds, Stopping threads took: 0.0016550 seconds
271.896: Application time: 0.0375820 seconds
271.898: [GC [PSYoungGen: 47728K->6640K(48640K)] 113232K->73024K(160256K), 0.0023270 secs] [Times: user=0.02 sys=0.00, real=0.00 secs] 
271.900: Total time for which application threads were stopped: 0.0047270 seconds, Stopping threads took: 0.0023180 seconds
271.939: Application time: 0.0387640 seconds
271.940: [GC [PSYoungGen: 48624K->6608K(48640K)] 115008K->73000K(160256K), 0.0020670 secs] [Times: user=0.02 sys=0.00, real=0.00 secs] 
271.942: Total time for which application threads were stopped: 0.0034070 seconds, Stopping threads took: 0.0012580 seconds
271.980: Application time: 0.0377570 seconds
271.982: [GC [PSYoungGen: 48592K->5040K(48640K)] 114984K->71440K(160256K), 0.0016110 secs] [Times: user=0.01 sys=0.00, real=0.01 secs] 
271.984: Total time for which application threads were stopped: 0.0035260 seconds, Stopping threads took: 0.0018390 seconds
272.022: Application time: 0.0379050 seconds
272.023: [GC [PSYoungGen: 47024K->6352K(48640K)] 113424K->72752K(160256K), 0.0098080 secs] [Times: user=0.06 sys=0.00, real=0.01 secs] 
272.033: Total time for which application threads were stopped: 0.0114210 seconds, Stopping threads took: 0.0015370 seconds
272.071: Application time: 0.0377750 seconds
272.072: [GC [PSYoungGen: 48336K->6656K(48640K)] 114736K->73881K(160256K), 0.0022720 secs] [Times: user=0.01 sys=0.00, real=0.00 secs] 
272.075: Total time for which application threads were stopped: 0.0038830 seconds, Stopping threads took: 0.0015310 seconds
272.113: Application time: 0.0379030 seconds
272.114: [GC [PSYoungGen: 48640K->6656K(48640K)] 115865K->74513K(160256K), 0.0022060 secs] [Times: user=0.02 sys=0.00, real=0.00 secs] 
272.116: Total time for which application threads were stopped: 0.0035500 seconds, Stopping threads took: 0.0012600 seconds
272.153: Application time: 0.0366350 seconds
272.155: [GC [PSYoungGen: 48640K->6656K(48640K)] 116497K->75265K(160256K), 0.0022400 secs] [Times: user=0.02 sys=0.00, real=0.00 secs] 
272.157: Total time for which application threads were stopped: 0.0045960 seconds, Stopping threads took: 0.0022580 seconds
272.195: Application time: 0.0380280 seconds
272.197: [GC [PSYoungGen: 48640K->6656K(48640K)] 117249K->76345K(160256K), 0.0025490 secs] [Times: user=0.02 sys=0.00, real=0.00 secs] 
272.200: Total time for which application threads were stopped: 0.0042940 seconds, Stopping threads took: 0.0016610 seconds
272.238: Application time: 0.0386890 seconds
272.240: [GC [PSYoungGen: 48640K->6656K(48640K)] 118329K->76789K(160256K), 0.0022940 secs] [Times: user=0.01 sys=0.00, real=0.00 secs] 
272.242: Total time for which application threads were stopped: 0.0035560 seconds, Stopping threads took: 0.0011790 seconds
272.280: Application time: 0.0377590 seconds
272.281: [GC [PSYoungGen: 48640K->6032K(48640K)] 118773K->76165K(160256K), 0.0018610 secs] [Times: user=0.02 sys=0.00, real=0.00 secs] 
272.283: Total time for which application threads were stopped: 0.0033360 seconds, Stopping threads took: 0.0013950 seconds
272.321: Application time: 0.0380440 seconds
272.323: [GC [PSYoungGen: 48016K->6656K(48640K)] 118149K->77045K(160256K), 0.0021630 secs] [Times: user=0.01 sys=0.00, real=0.01 secs] 
272.325: Total time for which application threads were stopped: 0.0038790 seconds, Stopping threads took: 0.0016320 seconds
272.363: Application time: 0.0376670 seconds
272.364: [GC [PSYoungGen: 48640K->6656K(48640K)] 119029K->77333K(160256K), 0.0021420 secs] [Times: user=0.01 sys=0.00, real=0.00 secs] 
272.367: Total time for which application threads were stopped: 0.0039280 seconds, Stopping threads took: 0.0017070 seconds
272.404: Application time: 0.0377550 seconds
272.406: [GC [PSYoungGen: 48640K->5648K(48640K)] 119317K->76325K(160256K), 0.0017170 secs] [Times: user=0.01 sys=0.00, real=0.00 secs] 
272.408: Total time for which application threads were stopped: 0.0034320 seconds, Stopping threads took: 0.0016360 seconds
272.446: Application time: 0.0385020 seconds
272.448: [GC [PSYoungGen: 47632K->6128K(48640K)] 118309K->76805K(160256K), 0.0018650 secs] [Times: user=0.01 sys=0.00, real=0.00 secs] 
272.450: Total time for which application threads were stopped: 0.0037510 seconds, Stopping threads took: 0.0018080 seconds
272.488: Application time: 0.0377770 seconds
272.489: [GC [PSYoungGen: 48112K->6656K(48640K)] 118789K->78141K(160256K), 0.0022980 secs] [Times: user=0.02 sys=0.00, real=0.01 secs] 
272.492: Total time for which application threads were stopped: 0.0037870 seconds, Stopping threads took: 0.0014080 seconds
272.529: Application time: 0.0372030 seconds
272.531: [GC [PSYoungGen: 48640K->6640K(48640K)] 120125K->79141K(160256K), 0.0023040 secs] [Times: user=0.02 sys=0.00, real=0.01 secs] 
272.533: Total time for which application threads were stopped: 0.0041150 seconds, Stopping threads took: 0.0017290 seconds
272.572: Application time: 0.0386430 seconds
272.573: [GC [PSYoungGen: 48623K->6560K(48640K)] 121124K->79061K(160256K), 0.0020360 secs] [Times: user=0.01 sys=0.00, real=0.00 secs] 
272.575: Total time for which application threads were stopped: 0.0030360 seconds, Stopping threads took: 0.0009230 seconds
272.613: Application time: 0.0383250 seconds
272.614: [GC [PSYoungGen: 48544K->6528K(48640K)] 121045K->79029K(160256K), 0.0019940 secs] [Times: user=0.01 sys=0.00, real=0.00 secs] 
272.616: Total time for which application threads were stopped: 0.0032900 seconds, Stopping threads took: 0.0012160 seconds
272.655: Application time: 0.0384900 seconds
272.657: [GC [PSYoungGen: 48512K->6624K(48640K)] 121013K->79229K(160256K), 0.0020550 secs] [Times: user=0.02 sys=0.00, real=0.00 secs] 
272.659: Total time for which application threads were stopped: 0.0044970 seconds, Stopping threads took: 0.0023550 seconds
272.695: Application time: 0.0352890 seconds
272.697: [GC [PSYoungGen: 48608K->6640K(48640K)] 121213K->79637K(160256K), 0.0020960 secs] [Times: user=0.02 sys=0.00, real=0.00 secs] 
272.699: Total time for which application threads were stopped: 0.0044180 seconds, Stopping threads took: 0.0022410 seconds
272.736: Application time: 0.0370030 seconds
272.738: [GC [PSYoungGen: 48624K->6640K(48640K)] 121621K->80381K(160256K), 0.0022650 secs] [Times: user=0.02 sys=0.00, real=0.00 secs] 
272.741: Total time for which application threads were stopped: 0.0046800 seconds, Stopping threads took: 0.0023270 seconds
272.777: Application time: 0.0365490 seconds
272.779: [GC [PSYoungGen: 48624K->6640K(48640K)] 122365K->81321K(160256K), 0.0022960 secs] [Times: user=0.01 sys=0.00, real=0.00 secs] 
272.782: Total time for which application threads were stopped: 0.0045970 seconds, Stopping threads took: 0.0022220 seconds
272.819: Application time: 0.0369570 seconds
272.823: [GC [PSYoungGen: 48624K->6640K(48640K)] 123305K->81529K(160256K), 0.0023370 secs] [Times: user=0.02 sys=0.00, real=0.00 secs] 
272.826: Total time for which application threads were stopped: 0.0070580 seconds, Stopping threads took: 0.0046210 seconds
272.862: Application time: 0.0360010 seconds
272.864: [GC [PSYoungGen: 48624K->6640K(48640K)] 123513K->82481K(160256K), 0.0025990 secs] [Times: user=0.02 sys=0.01, real=0.00 secs] 
272.867: Total time for which application threads were stopped: 0.0051130 seconds, Stopping threads took: 0.0024070 seconds
272.905: Application time: 0.0381750 seconds
272.908: [GC [PSYoungGen: 48624K->6624K(48640K)] 124465K->82641K(160256K), 0.0021590 secs] [Times: user=0.01 sys=0.00, real=0.00 secs] 
272.910: Total time for which application threads were stopped: 0.0046600 seconds, Stopping threads took: 0.0024130 seconds
272.946: Application time: 0.0366170 seconds
272.948: [GC [PSYoungGen: 48608K->6640K(48640K)] 124625K->83585K(160256K), 0.0023320 secs] [Times: user=0.01 sys=0.00, real=0.00 secs] 
272.950: Total time for which application threads were stopped: 0.0039930 seconds, Stopping threads took: 0.0015720 seconds
272.987: Application time: 0.0364730 seconds
272.989: [GC [PSYoungGen: 48623K->6656K(48640K)] 125569K->84377K(160256K), 0.0023220 secs] [Times: user=0.01 sys=0.00, real=0.01 secs] 
272.992: Total time for which application threads were stopped: 0.0049550 seconds, Stopping threads took: 0.0025470 seconds
273.030: Application time: 0.0376870 seconds
273.032: [GC [PSYoungGen: 48640K->6640K(48640K)] 126361K->84961K(160256K), 0.0022290 secs] [Times: user=0.02 sys=0.00, real=0.00 secs] 
273.034: Total time for which application threads were stopped: 0.0044600 seconds, Stopping threads took: 0.0021540 seconds
273.073: Application time: 0.0385920 seconds
273.073: [GC [PSYoungGen: 48624K->6640K(48640K)] 126945K->84961K(160256K), 0.0020940 secs] [Times: user=0.02 sys=0.00, real=0.00 secs] 
273.075: Total time for which application threads were stopped: 0.0029170 seconds, Stopping threads took: 0.0007440 seconds
273.114: Application time: 0.0386250 seconds
273.115: [GC [PSYoungGen: 48624K->6144K(48640K)] 126945K->84465K(160256K), 0.0018670 secs] [Times: user=0.01 sys=0.00, real=0.00 secs] 
273.117: Total time for which application threads were stopped: 0.0029150 seconds, Stopping threads took: 0.0009770 seconds
273.155: Application time: 0.0382450 seconds
273.157: [GC [PSYoungGen: 48128K->6656K(48640K)] 126449K->85201K(160256K), 0.0022600 secs] [Times: user=0.02 sys=0.00, real=0.00 secs] 
273.159: Total time for which application threads were stopped: 0.0038260 seconds, Stopping threads took: 0.0014860 seconds
273.198: Application time: 0.0385710 seconds
273.199: [GC [PSYoungGen: 48640K->5872K(48640K)] 127185K->84425K(160256K), 0.0018580 secs] [Times: user=0.02 sys=0.00, real=0.00 secs] 
273.201: Total time for which application threads were stopped: 0.0029170 seconds, Stopping threads took: 0.0009740 seconds
273.237: Application time: 0.0368320 seconds
273.239: [GC [PSYoungGen: 47856K->6624K(48640K)] 126409K->85225K(160256K), 0.0020650 secs] [Times: user=0.01 sys=0.00, real=0.00 secs] 
273.241: Total time for which application threads were stopped: 0.0037070 seconds, Stopping threads took: 0.0015620 seconds
273.278: Application time: 0.0371670 seconds
273.280: [GC [PSYoungGen: 48608K->6656K(48640K)] 127209K->85689K(160256K), 0.0021850 secs] [Times: user=0.02 sys=0.00, real=0.00 secs] 
273.282: Total time for which application threads were stopped: 0.0039540 seconds, Stopping threads took: 0.0016900 seconds
273.320: Application time: 0.0376230 seconds
273.321: [GC [PSYoungGen: 48640K->6128K(48640K)] 127673K->85177K(160256K), 0.0018430 secs] [Times: user=0.02 sys=0.00, real=0.01 secs] 
273.323: Total time for which application threads were stopped: 0.0033060 seconds, Stopping threads took: 0.0013840 seconds
273.362: Application time: 0.0384400 seconds
273.365: [GC [PSYoungGen: 48112K->5968K(48640K)] 127161K->85017K(160256K), 0.0017760 secs] [Times: user=0.01 sys=0.00, real=0.00 secs] 
273.366: Total time for which application threads were stopped: 0.0048050 seconds, Stopping threads took: 0.0029470 seconds
273.404: Application time: 0.0376300 seconds
273.405: [GC [PSYoungGen: 47952K->6640K(48640K)] 127001K->86337K(160256K), 0.0022670 secs] [Times: user=0.02 sys=0.00, real=0.00 secs] 
273.408: Total time for which application threads were stopped: 0.0034950 seconds, Stopping threads took: 0.0011470 seconds
273.445: Application time: 0.0371070 seconds
273.446: [GC [PSYoungGen: 48624K->6000K(48640K)] 128321K->85697K(160256K), 0.0018300 secs] [Times: user=0.01 sys=0.00, real=0.00 secs] 
273.448: Total time for which application threads were stopped: 0.0033260 seconds, Stopping threads took: 0.0014200 seconds
273.486: Application time: 0.0383510 seconds
273.489: [GC [PSYoungGen: 47984K->6640K(48640K)] 127681K->86497K(160256K), 0.0021670 secs] [Times: user=0.01 sys=0.00, real=0.01 secs] 
273.491: Total time for which application threads were stopped: 0.0049740 seconds, Stopping threads took: 0.0027030 seconds
273.532: Application time: 0.0401870 seconds
273.534: [GC [PSYoungGen: 48624K->6416K(48640K)] 128481K->86289K(160256K), 0.0020930 secs] [Times: user=0.01 sys=0.00, real=0.00 secs] 
273.536: Total time for which application threads were stopped: 0.0045420 seconds, Stopping threads took: 0.0023670 seconds
273.576: Application time: 0.0399280 seconds
273.578: [GC [PSYoungGen: 48400K->6640K(48640K)] 128273K->87017K(160256K), 0.0022350 secs] [Times: user=0.02 sys=0.00, real=0.00 secs] 
273.580: Total time for which application threads were stopped: 0.0043150 seconds, Stopping threads took: 0.0019990 seconds
273.619: Application time: 0.0391420 seconds
273.621: [GC [PSYoungGen: 48624K->6640K(48640K)] 129001K->87873K(160256K), 0.0023190 secs] [Times: user=0.02 sys=0.00, real=0.01 secs] 
273.624: Total time for which application threads were stopped: 0.0041910 seconds, Stopping threads took: 0.0017870 seconds
273.664: Application time: 0.0401700 seconds
273.666: [GC [PSYoungGen: 48624K->6320K(48640K)] 129857K->87561K(160256K), 0.0019270 secs] [Times: user=0.01 sys=0.00, real=0.00 secs] 
273.668: Total time for which application threads were stopped: 0.0044870 seconds, Stopping threads took: 0.0024780 seconds
273.710: Application time: 0.0413090 seconds
273.711: [GC [PSYoungGen: 48304K->5664K(48640K)] 129545K->86921K(160256K), 0.0017890 secs] [Times: user=0.01 sys=0.00, real=0.01 secs] 
273.713: Total time for which application threads were stopped: 0.0031020 seconds, Stopping threads took: 0.0012230 seconds
273.754: Application time: 0.0412980 seconds
273.756: [GC [PSYoungGen: 47648K->6624K(48640K)] 128905K->88285K(160256K), 0.0022490 secs] [Times: user=0.01 sys=0.00, real=0.00 secs] 
273.758: Total time for which application threads were stopped: 0.0037630 seconds, Stopping threads took: 0.0014310 seconds
273.798: Application time: 0.0403110 seconds
273.800: [GC [PSYoungGen: 48608K->5680K(48640K)] 130269K->87357K(160256K), 0.0021770 secs] [Times: user=0.01 sys=0.00, real=0.00 secs] 
273.802: Total time for which application threads were stopped: 0.0040620 seconds, Stopping threads took: 0.0017870 seconds
273.844: Application time: 0.0417480 seconds
273.845: [GC [PSYoungGen: 47664K->5728K(48640K)] 129341K->87421K(160256K), 0.0018160 secs] [Times: user=0.01 sys=0.00, real=0.00 secs] 
273.847: Total time for which application threads were stopped: 0.0032790 seconds, Stopping threads took: 0.0013830 seconds
273.888: Application time: 0.0412280 seconds
273.891: [GC [PSYoungGen: 47712K->4320K(48640K)] 129405K->86013K(160256K), 0.0013650 secs] [Times: user=0.01 sys=0.00, real=0.01 secs] 
273.892: Total time for which application threads were stopped: 0.0038180 seconds, Stopping threads took: 0.0023780 seconds
273.932: Application time: 0.0399960 seconds
273.934: [GC [PSYoungGen: 46304K->6656K(48640K)] 127997K->88741K(160256K), 0.0021860 secs] [Times: user=0.01 sys=0.00, real=0.00 secs] 
273.937: Total time for which application threads were stopped: 0.0042730 seconds, Stopping threads took: 0.0020040 seconds
273.976: Application time: 0.0394710 seconds
273.978: [GC [PSYoungGen: 48640K->6656K(48640K)] 130725K->88869K(160256K), 0.0021720 secs] [Times: user=0.02 sys=0.00, real=0.00 secs] 
273.980: Total time for which application threads were stopped: 0.0039680 seconds, Stopping threads took: 0.0017120 seconds
274.020: Application time: 0.0395490 seconds
274.023: [GC [PSYoungGen: 48638K->6640K(48640K)] 130851K->89301K(160256K), 0.0024000 secs] [Times: user=0.01 sys=0.00, real=0.01 secs] 
274.025: Total time for which application threads were stopped: 0.0054450 seconds, Stopping threads took: 0.0029660 seconds
274.066: Application time: 0.0413660 seconds
274.068: [GC [PSYoungGen: 48624K->6656K(48640K)] 131285K->90073K(160256K), 0.0023310 secs] [Times: user=0.01 sys=0.00, real=0.00 secs] 
274.070: Total time for which application threads were stopped: 0.0039970 seconds, Stopping threads took: 0.0015550 seconds
274.110: Application time: 0.0399850 seconds
274.113: [GC [PSYoungGen: 48638K->5888K(48640K)] 132056K->89321K(160256K), 0.0018460 secs] [Times: user=0.02 sys=0.00, real=0.00 secs] 
274.115: Total time for which application threads were stopped: 0.0041710 seconds, Stopping threads took: 0.0022380 seconds
274.155: Application time: 0.0404350 seconds
274.157: [GC [PSYoungGen: 47872K->6640K(48640K)] 131305K->90449K(160256K), 0.0022480 secs] [Times: user=0.01 sys=0.00, real=0.00 secs] 
274.160: Total time for which application threads were stopped: 0.0047330 seconds, Stopping threads took: 0.0023870 seconds
274.200: Application time: 0.0403440 seconds
274.202: [GC [PSYoungGen: 48624K->6656K(48640K)] 132433K->91273K(160256K), 0.0023810 secs] [Times: user=0.02 sys=0.00, real=0.01 secs] 
274.204: Total time for which application threads were stopped: 0.0042820 seconds, Stopping threads took: 0.0018170 seconds
274.244: Application time: 0.0398260 seconds
274.246: [GC [PSYoungGen: 48640K->6640K(48640K)] 133257K->91273K(160256K), 0.0021420 secs] [Times: user=0.02 sys=0.00, real=0.00 secs] 
274.248: Total time for which application threads were stopped: 0.0039050 seconds, Stopping threads took: 0.0016750 seconds
274.288: Application time: 0.0403850 seconds
274.290: [GC [PSYoungGen: 48624K->6640K(48640K)] 133257K->91489K(160256K), 0.0021870 secs] [Times: user=0.02 sys=0.00, real=0.01 secs] 
274.292: Total time for which application threads were stopped: 0.0034230 seconds, Stopping threads took: 0.0011510 seconds
274.331: Application time: 0.0392000 seconds
274.333: [GC [PSYoungGen: 48624K->6656K(48640K)] 133473K->92081K(160256K), 0.0022660 secs] [Times: user=0.02 sys=0.00, real=0.00 secs] 
274.336: Total time for which application threads were stopped: 0.0045040 seconds, Stopping threads took: 0.0021550 seconds
274.376: Application time: 0.0400070 seconds
274.377: [GC [PSYoungGen: 48640K->6192K(48640K)] 134065K->91625K(160256K), 0.0019440 secs] [Times: user=0.01 sys=0.00, real=0.00 secs] 
274.379: Total time for which application threads were stopped: 0.0034780 seconds, Stopping threads took: 0.0014560 seconds
274.418: Application time: 0.0390770 seconds
274.420: [GC [PSYoungGen: 48176K->6656K(48640K)] 133609K->92505K(160256K), 0.0021770 secs] [Times: user=0.01 sys=0.00, real=0.00 secs] 
274.422: Total time for which application threads were stopped: 0.0039390 seconds, Stopping threads took: 0.0016780 seconds
274.462: Application time: 0.0398200 seconds
274.464: [GC [PSYoungGen: 48640K->6640K(48640K)] 134489K->93201K(160256K), 0.0023950 secs] [Times: user=0.02 sys=0.00, real=0.00 secs] 
274.466: Total time for which application threads were stopped: 0.0043620 seconds, Stopping threads took: 0.0018830 seconds
274.507: Application time: 0.0404410 seconds
274.509: [GC [PSYoungGen: 48624K->6272K(48640K)] 135185K->92833K(160256K), 0.0019670 secs] [Times: user=0.02 sys=0.00, real=0.00 secs] 
274.511: Total time for which application threads were stopped: 0.0042770 seconds, Stopping threads took: 0.0022320 seconds
274.552: Application time: 0.0408390 seconds
274.554: [GC [PSYoungGen: 48256K->6640K(48640K)] 134817K->93642K(160256K), 0.0021900 secs] [Times: user=0.02 sys=0.00, real=0.00 secs] 
274.556: Total time for which application threads were stopped: 0.0040850 seconds, Stopping threads took: 0.0018110 seconds
274.596: Application time: 0.0400200 seconds
274.598: [GC [PSYoungGen: 48624K->6640K(48640K)] 135626K->94050K(160256K), 0.0021850 secs] [Times: user=0.01 sys=0.00, real=0.00 secs] 
274.600: Total time for which application threads were stopped: 0.0044940 seconds, Stopping threads took: 0.0022280 seconds
274.642: Application time: 0.0413800 seconds
274.643: [GC [PSYoungGen: 48624K->6624K(48640K)] 136034K->94290K(160256K), 0.0021430 secs] [Times: user=0.01 sys=0.00, real=0.00 secs] 
274.645: Total time for which application threads were stopped: 0.0035540 seconds, Stopping threads took: 0.0013280 seconds
274.686: Application time: 0.0403870 seconds
274.687: [GC [PSYoungGen: 48608K->6640K(48640K)] 136274K->94522K(160256K), 0.0021330 secs] [Times: user=0.01 sys=0.00, real=0.00 secs] 
274.689: Total time for which application threads were stopped: 0.0034000 seconds, Stopping threads took: 0.0011840 seconds
274.729: Application time: 0.0401940 seconds
274.731: [GC [PSYoungGen: 48624K->6624K(48640K)] 136506K->95682K(160256K), 0.0024370 secs] [Times: user=0.02 sys=0.00, real=0.01 secs] 
274.733: Total time for which application threads were stopped: 0.0038030 seconds, Stopping threads took: 0.0012830 seconds
274.773: Application time: 0.0403350 seconds
274.775: [GC [PSYoungGen: 48608K->6624K(48640K)] 137666K->95850K(160256K), 0.0023530 secs] [Times: user=0.01 sys=0.00, real=0.00 secs] 
274.777: Total time for which application threads were stopped: 0.0038380 seconds, Stopping threads took: 0.0013900 seconds
274.818: Application time: 0.0403020 seconds
274.820: [GC [PSYoungGen: 48608K->6640K(48640K)] 137834K->96786K(160256K), 0.0023640 secs] [Times: user=0.01 sys=0.00, real=0.00 secs] 
274.823: Total time for which application threads were stopped: 0.0048950 seconds, Stopping threads took: 0.0024460 seconds
274.863: Application time: 0.0400050 seconds
274.865: [GC [PSYoungGen: 48624K->6656K(48640K)] 138770K->97146K(160256K), 0.0021980 secs] [Times: user=0.00 sys=0.02, real=0.00 secs] 
274.868: Total time for which application threads were stopped: 0.0049770 seconds, Stopping threads took: 0.0026930 seconds
274.908: Application time: 0.0406990 seconds
274.910: [GC [PSYoungGen: 48640K->6176K(48640K)] 139130K->96682K(160256K), 0.0019750 secs] [Times: user=0.01 sys=0.00, real=0.01 secs] 
274.912: Total time for which application threads were stopped: 0.0041240 seconds, Stopping threads took: 0.0020690 seconds
274.953: Application time: 0.0402650 seconds
274.955: [GC [PSYoungGen: 48160K->6656K(48640K)] 138666K->98650K(160256K), 0.0025130 secs] [Times: user=0.02 sys=0.00, real=0.00 secs] 
274.957: Total time for which application threads were stopped: 0.0047560 seconds, Stopping threads took: 0.0021600 seconds
274.999: Application time: 0.0411650 seconds
275.000: [GC [PSYoungGen: 48640K->5680K(48640K)] 140634K->97674K(160256K), 0.0018540 secs] [Times: user=0.01 sys=0.00, real=0.00 secs] 
275.002: Total time for which application threads were stopped: 0.0030620 seconds, Stopping threads took: 0.0011250 seconds
275.042: Application time: 0.0403610 seconds
275.044: [GC [PSYoungGen: 47664K->6128K(48640K)] 139658K->98122K(160256K), 0.0018850 secs] [Times: user=0.01 sys=0.00, real=0.00 secs] 
275.046: Total time for which application threads were stopped: 0.0040320 seconds, Stopping threads took: 0.0020670 seconds
275.086: Application time: 0.0396510 seconds
275.089: [GC [PSYoungGen: 48112K->6624K(48640K)] 140106K->99426K(160256K), 0.0023250 secs] [Times: user=0.01 sys=0.00, real=0.00 secs] 
275.091: Total time for which application threads were stopped: 0.0054330 seconds, Stopping threads took: 0.0030270 seconds
275.133: Application time: 0.0414360 seconds
275.135: [GC [PSYoungGen: 48608K->5280K(48640K)] 141410K->98090K(160256K), 0.0017150 secs] [Times: user=0.01 sys=0.00, real=0.00 secs] 
275.137: Total time for which application threads were stopped: 0.0039800 seconds, Stopping threads took: 0.0021850 seconds
275.177: Application time: 0.0400930 seconds
275.179: [GC [PSYoungGen: 47264K->6656K(48640K)] 140074K->99770K(160256K), 0.0022100 secs] [Times: user=0.01 sys=0.00, real=0.00 secs] 
275.181: Total time for which application threads were stopped: 0.0042380 seconds, Stopping threads took: 0.0019440 seconds
275.221: Application time: 0.0400700 seconds
275.223: [GC [PSYoungGen: 48640K->5456K(48640K)] 141754K->98578K(160256K), 0.0016730 secs] [Times: user=0.01 sys=0.00, real=0.01 secs] 
275.225: Total time for which application threads were stopped: 0.0039150 seconds, Stopping threads took: 0.0021590 seconds
275.266: Application time: 0.0407270 seconds
275.268: [GC [PSYoungGen: 47440K->6656K(48640K)] 140562K->99898K(160256K), 0.0021240 secs] [Times: user=0.01 sys=0.00, real=0.00 secs] 
275.270: Total time for which application threads were stopped: 0.0044800 seconds, Stopping threads took: 0.0022480 seconds
275.311: Application time: 0.0408460 seconds
275.312: [GC [PSYoungGen: 48640K->6592K(48640K)] 141882K->99842K(160256K), 0.0020900 secs] [Times: user=0.02 sys=0.00, real=0.00 secs] 
275.314: Total time for which application threads were stopped: 0.0033960 seconds, Stopping threads took: 0.0012120 seconds
275.354: Application time: 0.0396600 seconds
275.356: [GC [PSYoungGen: 48576K->6640K(48640K)] 141826K->100594K(160256K), 0.0023260 secs] [Times: user=0.01 sys=0.00, real=0.00 secs] 
275.358: Total time for which application threads were stopped: 0.0044390 seconds, Stopping threads took: 0.0020300 seconds
275.399: Application time: 0.0407290 seconds
275.401: [GC [PSYoungGen: 48624K->6656K(48640K)] 142578K->101542K(160256K), 0.0024170 secs] [Times: user=0.01 sys=0.00, real=0.01 secs] 
275.403: Total time for which application threads were stopped: 0.0042550 seconds, Stopping threads took: 0.0017530 seconds
275.443: Application time: 0.0401230 seconds
275.445: [GC [PSYoungGen: 48640K->6656K(48640K)] 143526K->101718K(160256K), 0.0020960 secs] [Times: user=0.02 sys=0.00, real=0.00 secs] 
275.448: Total time for which application threads were stopped: 0.0040750 seconds, Stopping threads took: 0.0018960 seconds
275.486: Application time: 0.0389150 seconds
275.489: [GC [PSYoungGen: 48640K->6656K(48640K)] 143702K->103142K(160256K), 0.0024770 secs] [Times: user=0.01 sys=0.00, real=0.01 secs] 
275.491: Total time for which application threads were stopped: 0.0048600 seconds, Stopping threads took: 0.0022940 seconds
275.531: Application time: 0.0394540 seconds
275.532: [GC [PSYoungGen: 48640K->6656K(48640K)] 145126K->103846K(160256K), 0.0022340 secs] [Times: user=0.02 sys=0.00, real=0.00 secs] 
275.534: Total time for which application threads were stopped: 0.0036740 seconds, Stopping threads took: 0.0013540 seconds
275.574: Application time: 0.0397210 seconds
275.576: [GC [PSYoungGen: 48640K->6656K(48640K)] 145830K->103846K(160256K), 0.0020440 secs] [Times: user=0.02 sys=0.00, real=0.00 secs] 
275.578: Total time for which application threads were stopped: 0.0041490 seconds, Stopping threads took: 0.0020200 seconds
275.619: Application time: 0.0402220 seconds
275.620: [GC [PSYoungGen: 48640K->6640K(48640K)] 145830K->103950K(160256K), 0.0021340 secs] [Times: user=0.02 sys=0.00, real=0.00 secs] 
275.623: Total time for which application threads were stopped: 0.0039720 seconds, Stopping threads took: 0.0017610 seconds
275.661: Application time: 0.0383330 seconds
275.663: [GC [PSYoungGen: 48624K->6656K(48640K)] 145934K->104478K(160256K), 0.0021640 secs] [Times: user=0.01 sys=0.00, real=0.01 secs] 
275.665: Total time for which application threads were stopped: 0.0042110 seconds, Stopping threads took: 0.0019620 seconds
275.704: Application time: 0.0391790 seconds
275.706: [GC [PSYoungGen: 48640K->6656K(48640K)] 146462K->105406K(160256K), 0.0023720 secs] [Times: user=0.01 sys=0.00, real=0.00 secs] 
275.709: Total time for which application threads were stopped: 0.0043380 seconds, Stopping threads took: 0.0018790 seconds
275.749: Application time: 0.0405420 seconds
275.751: [GC [PSYoungGen: 48640K->6608K(48640K)] 147390K->105366K(160256K), 0.0022030 secs] [Times: user=0.02 sys=0.00, real=0.01 secs] 
275.753: Total time for which application threads were stopped: 0.0037930 seconds, Stopping threads took: 0.0015080 seconds
275.793: Application time: 0.0396590 seconds
275.794: [GC [PSYoungGen: 48592K->6624K(48640K)] 147350K->106054K(160256K), 0.0024300 secs] [Times: user=0.02 sys=0.00, real=0.00 secs] 
275.797: Total time for which application threads were stopped: 0.0042900 seconds, Stopping threads took: 0.0017540 seconds
275.835: Application time: 0.0378580 seconds
275.837: [GC [PSYoungGen: 48608K->6640K(48640K)] 148038K->107094K(160256K), 0.0024610 secs] [Times: user=0.01 sys=0.00, real=0.00 secs] 
275.839: Total time for which application threads were stopped: 0.0043170 seconds, Stopping threads took: 0.0017580 seconds
275.879: Application time: 0.0395580 seconds
275.881: [GC [PSYoungGen: 48624K->6640K(48640K)] 149078K->108498K(160256K), 0.0026990 secs] [Times: user=0.02 sys=0.01, real=0.01 secs] 
275.884: Total time for which application threads were stopped: 0.0049920 seconds, Stopping threads took: 0.0021990 seconds
275.922: Application time: 0.0379710 seconds
275.924: [GC [PSYoungGen: 48624K->6640K(48640K)] 150482K->109146K(160256K), 0.0025050 secs] [Times: user=0.01 sys=0.00, real=0.00 secs] 
275.927: Total time for which application threads were stopped: 0.0053150 seconds, Stopping threads took: 0.0027240 seconds
275.966: Application time: 0.0395580 seconds
275.969: [GC [PSYoungGen: 48624K->6624K(48640K)] 151130K->109202K(160256K), 0.0021510 secs] [Times: user=0.02 sys=0.00, real=0.01 secs] 
275.971: Total time for which application threads were stopped: 0.0048120 seconds, Stopping threads took: 0.0025750 seconds
276.011: Application time: 0.0393370 seconds
276.013: [GC [PSYoungGen: 48608K->6656K(48640K)] 151186K->109682K(160256K), 0.0021080 secs] [Times: user=0.02 sys=0.00, real=0.00 secs] 
276.015: Total time for which application threads were stopped: 0.0042170 seconds, Stopping threads took: 0.0020260 seconds
276.054: Application time: 0.0393690 seconds
276.056: [GC [PSYoungGen: 48639K->6656K(48640K)] 151665K->110514K(160256K), 0.0023120 secs] [Times: user=0.02 sys=0.00, real=0.00 secs] 
276.058: Total time for which application threads were stopped: 0.0038040 seconds, Stopping threads took: 0.0014030 seconds
276.099: Application time: 0.0410990 seconds
276.101: [GC [PSYoungGen: 48640K->5856K(48640K)] 152498K->109714K(160256K), 0.0019410 secs] [Times: user=0.01 sys=0.00, real=0.00 secs] 
276.103: Total time for which application threads were stopped: 0.0038960 seconds, Stopping threads took: 0.0018750 seconds
276.143: Application time: 0.0402080 seconds
276.144: [GC [PSYoungGen: 47840K->6288K(48640K)] 151698K->110146K(160256K), 0.0019420 secs] [Times: user=0.02 sys=0.00, real=0.00 secs] 
276.146: Total time for which application threads were stopped: 0.0028330 seconds, Stopping threads took: 0.0008130 seconds
276.186: Application time: 0.0394590 seconds
276.187: [GC [PSYoungGen: 48272K->6640K(48640K)] 152130K->110514K(160256K), 0.0020690 secs] [Times: user=0.01 sys=0.00, real=0.00 secs] 
276.189: Total time for which application threads were stopped: 0.0035470 seconds, Stopping threads took: 0.0013920 seconds
276.229: Application time: 0.0403640 seconds
276.232: [GC [PSYoungGen: 48624K->6656K(48640K)] 152498K->111418K(160256K), 0.0023830 secs] [Times: user=0.02 sys=0.00, real=0.00 secs] 
276.235: Total time for which application threads were stopped: 0.0050510 seconds, Stopping threads took: 0.0025810 seconds
276.274: Application time: 0.0395110 seconds
276.276: [GC [PSYoungGen: 48640K->6656K(48640K)] 153402K->111938K(160256K), 0.0022450 secs] [Times: user=0.01 sys=0.00, real=0.00 secs] 
276.278: Total time for which application threads were stopped: 0.0040170 seconds, Stopping threads took: 0.0016900 seconds
276.318: Application time: 0.0403460 seconds
276.320: [GC [PSYoungGen: 48640K->5456K(48640K)] 153922K->110738K(160256K), 0.0017950 secs] [Times: user=0.01 sys=0.00, real=0.00 secs] 
276.322: Total time for which application threads were stopped: 0.0034090 seconds, Stopping threads took: 0.0015310 seconds
276.362: Application time: 0.0400130 seconds
276.363: [GC [PSYoungGen: 47440K->6624K(48640K)] 152722K->111946K(160256K), 0.0021270 secs] [Times: user=0.01 sys=0.00, real=0.00 secs] 
276.366: Total time for which application threads were stopped: 0.0036990 seconds, Stopping threads took: 0.0014810 seconds
276.405: Application time: 0.0398640 seconds
276.408: [GC [PSYoungGen: 48608K->6624K(48640K)] 153930K->113250K(160256K), 0.0024780 secs] [Times: user=0.02 sys=0.00, real=0.00 secs] 
276.410: Total time for which application threads were stopped: 0.0046980 seconds, Stopping threads took: 0.0021350 seconds
276.451: Application time: 0.0407740 seconds
276.453: [GC [PSYoungGen: 48608K->6624K(48640K)] 155234K->113410K(160256K), 0.0023090 secs] [Times: user=0.01 sys=0.00, real=0.00 secs] 
276.455: Total time for which application threads were stopped: 0.0040010 seconds, Stopping threads took: 0.0015840 seconds
276.495: Application time: 0.0399710 seconds
276.497: [GC [PSYoungGen: 48608K->6656K(48640K)] 155394K->114434K(160256K), 0.0024310 secs] [Times: user=0.02 sys=0.00, real=0.00 secs] 
276.499: Total time for which application threads were stopped: 0.0042560 seconds, Stopping threads took: 0.0017420 seconds
276.540: Application time: 0.0405250 seconds
276.541: [GC [PSYoungGen: 48640K->6656K(48640K)] 156418K->115211K(160256K), 0.0022980 secs] [Times: user=0.01 sys=0.00, real=0.01 secs] 
276.544: Total time for which application threads were stopped: 0.0041940 seconds, Stopping threads took: 0.0018160 seconds
276.586: Application time: 0.0417010 seconds
276.587: [GC [PSYoungGen: 48640K->5376K(48640K)] 157195K->113947K(160256K), 0.0017610 secs] [Times: user=0.02 sys=0.00, real=0.00 secs] 
276.589: Total time for which application threads were stopped: 0.0033400 seconds, Stopping threads took: 0.0015030 seconds
276.629: Application time: 0.0400620 seconds
276.631: [GC [PSYoungGen: 47360K->6656K(48640K)] 155931K->115267K(160256K), 0.0020890 secs] [Times: user=0.02 sys=0.00, real=0.00 secs] 
276.633: Total time for which application threads were stopped: 0.0044850 seconds, Stopping threads took: 0.0023130 seconds
276.672: Application time: 0.0383560 seconds
276.674: [GC [PSYoungGen: 48640K->6656K(48640K)] 157251K->116691K(160256K), 0.0025180 secs] [Times: user=0.02 sys=0.00, real=0.00 secs] 
276.676: [Full GC [PSYoungGen: 6656K->0K(48640K)] [ParOldGen: 110035K->11174K(111616K)] 116691K->11174K(160256K) [PSPermGen: 5184K->5184K(21504K)], 0.0066140 secs] [Times: user=0.03 sys=0.00, real=0.00 secs] 
276.683: Total time for which application threads were stopped: 0.0113040 seconds, Stopping threads took: 0.0020340 seconds
276.725: Application time: 0.0421620 seconds
276.727: [GC [PSYoungGen: 41984K->6656K(48640K)] 53158K->18510K(160256K), 0.0022240 secs] [Times: user=0.01 sys=0.00, real=0.00 secs] 
276.729: Total time for which application threads were stopped: 0.0035450 seconds, Stopping threads took: 0.0012350 seconds
276.769: Application time: 0.0403110 seconds
276.771: [GC [PSYoungGen: 48640K->5824K(48640K)] 60494K->17678K(160256K), 0.0017240 secs] [Times: user=0.02 sys=0.00, real=0.00 secs] 
276.773: Total time for which application threads were stopped: 0.0038970 seconds, Stopping threads took: 0.0020720 seconds
276.814: Application time: 0.0407880 seconds
276.816: [GC [PSYoungGen: 47808K->6208K(48640K)] 59662K->18062K(160256K), 0.0018770 secs] [Times: user=0.01 sys=0.00, real=0.00 secs] 
276.817: Total time for which application threads were stopped: 0.0036320 seconds, Stopping threads took: 0.0016730 seconds
276.858: Application time: 0.0403880 seconds
276.860: [GC [PSYoungGen: 48192K->6512K(48640K)] 60046K->18366K(160256K), 0.0019060 secs] [Times: user=0.01 sys=0.00, real=0.00 secs] 
276.862: Total time for which application threads were stopped: 0.0042580 seconds, Stopping threads took: 0.0022700 seconds
276.902: Application time: 0.0395200 seconds
276.903: [GC [PSYoungGen: 48496K->6640K(48640K)] 60350K->18686K(160256K), 0.0020940 secs] [Times: user=0.01 sys=0.00, real=0.01 secs] 
276.905: Total time for which application threads were stopped: 0.0035650 seconds, Stopping threads took: 0.0013830 seconds
276.945: Application time: 0.0394550 seconds
276.947: [GC [PSYoungGen: 48624K->6640K(48640K)] 60670K->19254K(160256K), 0.0021600 secs] [Times: user=0.01 sys=0.00, real=0.00 secs] 
276.949: Total time for which application threads were stopped: 0.0044950 seconds, Stopping threads took: 0.0022470 seconds
276.990: Application time: 0.0413240 seconds
276.992: [GC [PSYoungGen: 48624K->6624K(48640K)] 61238K->20046K(160256K), 0.0021720 secs] [Times: user=0.02 sys=0.00, real=0.00 secs] 
276.994: Total time for which application threads were stopped: 0.0035680 seconds, Stopping threads took: 0.0012900 seconds
277.035: Application time: 0.0409040 seconds
277.036: [GC [PSYoungGen: 48608K->6640K(48640K)] 62030K->20606K(160256K), 0.0021350 secs] [Times: user=0.01 sys=0.00, real=0.00 secs] 
277.038: Total time for which application threads were stopped: 0.0031850 seconds, Stopping threads took: 0.0009390 seconds
277.079: Application time: 0.0406970 seconds
277.080: [GC [PSYoungGen: 48624K->6656K(48640K)] 62590K->20966K(160256K), 0.0021100 secs] [Times: user=0.01 sys=0.00, real=0.00 secs] 
277.082: Total time for which application threads were stopped: 0.0035230 seconds, Stopping threads took: 0.0013280 seconds
277.124: Application time: 0.0414380 seconds
277.126: [GC [PSYoungGen: 48640K->6480K(48640K)] 62950K->20790K(160256K), 0.0019090 secs] [Times: user=0.01 sys=0.00, real=0.00 secs] 
277.127: Total time for which application threads were stopped: 0.0037220 seconds, Stopping threads took: 0.0017350 seconds
277.168: Application time: 0.0408990 seconds
277.170: [GC [PSYoungGen: 48464K->6000K(48640K)] 62774K->20310K(160256K), 0.0018960 secs] [Times: user=0.01 sys=0.00, real=0.01 secs] 
277.172: Total time for which application threads were stopped: 0.0035800 seconds, Stopping threads took: 0.0016060 seconds
277.214: Application time: 0.0419070 seconds
277.216: [GC [PSYoungGen: 47984K->6272K(48640K)] 62294K->20582K(160256K), 0.0018480 secs] [Times: user=0.01 sys=0.00, real=0.00 secs] 
277.218: Total time for which application threads were stopped: 0.0037220 seconds, Stopping threads took: 0.0017810 seconds
277.258: Application time: 0.0402850 seconds
277.260: [GC [PSYoungGen: 48256K->6400K(48640K)] 62566K->20710K(160256K), 0.0018720 secs] [Times: user=0.02 sys=0.00, real=0.00 secs] 
277.262: Total time for which application threads were stopped: 0.0038160 seconds, Stopping threads took: 0.0018600 seconds
277.303: Application time: 0.0409780 seconds
277.304: [GC [PSYoungGen: 48384K->4960K(48640K)] 62694K->19270K(160256K), 0.0014570 secs] [Times: user=0.01 sys=0.00, real=0.00 secs] 
277.305: Total time for which application threads were stopped: 0.0023700 seconds, Stopping threads took: 0.0008380 seconds
277.347: Application time: 0.0420380 seconds
277.349: [GC [PSYoungGen: 46944K->6272K(48640K)] 61254K->20582K(160256K), 0.0018730 secs] [Times: user=0.01 sys=0.00, real=0.00 secs] 
277.351: Total time for which application threads were stopped: 0.0035960 seconds, Stopping threads took: 0.0016460 seconds
277.391: Application time: 0.0407380 seconds
277.393: [GC [PSYoungGen: 48256K->6640K(48640K)] 62566K->21678K(160256K), 0.0021600 secs] [Times: user=0.01 sys=0.00, real=0.00 secs] 
277.396: Total time for which application threads were stopped: 0.0040980 seconds, Stopping threads took: 0.0018540 seconds
277.436: Application time: 0.0406290 seconds
277.438: [GC [PSYoungGen: 48624K->6640K(48640K)] 63662K->21686K(160256K), 0.0019420 secs] [Times: user=0.02 sys=0.00, real=0.00 secs] 
277.440: Total time for which application threads were stopped: 0.0039530 seconds, Stopping threads took: 0.0019230 seconds
277.480: Application time: 0.0400730 seconds
277.481: [GC [PSYoungGen: 48624K->6656K(48640K)] 63670K->22846K(160256K), 0.0023280 secs] [Times: user=0.02 sys=0.00, real=0.01 secs] 
277.484: Total time for which application threads were stopped: 0.0033260 seconds, Stopping threads took: 0.0009180 seconds
277.521: Application time: 0.0374540 seconds
277.523: [GC [PSYoungGen: 48640K->6656K(48640K)] 64830K->23646K(160256K), 0.0021820 secs] [Times: user=0.02 sys=0.00, real=0.01 secs] 
277.525: Total time for which application threads were stopped: 0.0041420 seconds, Stopping threads took: 0.0018790 seconds
277.564: Application time: 0.0386240 seconds
277.565: [GC [PSYoungGen: 48640K->6640K(48640K)] 65630K->23998K(160256K), 0.0020230 secs] [Times: user=0.02 sys=0.00, real=0.00 secs] 
277.567: Total time for which application threads were stopped: 0.0032220 seconds, Stopping threads took: 0.0011180 seconds
277.604: Application time: 0.0374640 seconds
277.606: [GC [PSYoungGen: 48624K->6464K(48640K)] 65982K->23822K(160256K), 0.0017850 secs] [Times: user=0.01 sys=0.00, real=0.00 secs] 
277.608: Total time for which application threads were stopped: 0.0035340 seconds, Stopping threads took: 0.0016690 seconds
277.646: Application time: 0.0376310 seconds
277.647: [GC [PSYoungGen: 48448K->5856K(48640K)] 65806K->23222K(160256K), 0.0016790 secs] [Times: user=0.01 sys=0.00, real=0.00 secs] 
277.649: Total time for which application threads were stopped: 0.0033900 seconds, Stopping threads took: 0.0016400 seconds
277.690: Application time: 0.0407950 seconds
277.691: [GC [PSYoungGen: 47840K->4288K(48640K)] 65206K->21662K(160256K), 0.0013140 secs] [Times: user=0.01 sys=0.00, real=0.00 secs] 
277.693: Total time for which application threads were stopped: 0.0028690 seconds, Stopping threads took: 0.0014880 seconds
277.731: Application time: 0.0381790 seconds
277.732: [GC [PSYoungGen: 46272K->6640K(48640K)] 63646K->24838K(160256K), 0.0022070 secs] [Times: user=0.02 sys=0.00, real=0.00 secs] 
277.735: Total time for which application threads were stopped: 0.0037310 seconds, Stopping threads took: 0.0014430 seconds
277.771: Application time: 0.0366670 seconds
277.773: [GC [PSYoungGen: 48624K->6656K(48640K)] 66822K->25998K(160256K), 0.0023270 secs] [Times: user=0.01 sys=0.00, real=0.00 secs] 
277.776: Total time for which application threads were stopped: 0.0042480 seconds, Stopping threads took: 0.0018380 seconds
277.813: Application time: 0.0372190 seconds
277.816: [GC [PSYoungGen: 48640K->6656K(48640K)] 67982K->27394K(160256K), 0.0023790 secs] [Times: user=0.02 sys=0.00, real=0.00 secs] 
277.818: Total time for which application threads were stopped: 0.0053510 seconds, Stopping threads took: 0.0028900 seconds
277.857: Application time: 0.0384820 seconds
277.858: [GC [PSYoungGen: 48640K->6656K(48640K)] 69378K->28186K(160256K), 0.0022170 secs] [Times: user=0.02 sys=0.00, real=0.00 secs] 
277.860: Total time for which application threads were stopped: 0.0039030 seconds, Stopping threads took: 0.0016040 seconds
277.901: Application time: 0.0400640 seconds
277.901: [GC [PSYoungGen: 48640K->3872K(48640K)] 70170K->25402K(160256K), 0.0011920 secs] [Times: user=0.00 sys=0.00, real=0.00 secs] 
277.902: Total time for which application threads were stopped: 0.0016570 seconds, Stopping threads took: 0.0003960 seconds
277.941: Application time: 0.0386490 seconds
277.942: [GC [PSYoungGen: 45854K->5776K(48640K)] 67385K->27306K(160256K), 0.0017290 secs] [Times: user=0.01 sys=0.00, real=0.01 secs] 
277.944: Total time for which application threads were stopped: 0.0030990 seconds, Stopping threads took: 0.0012880 seconds
277.983: Application time: 0.0392930 seconds
277.985: [GC [PSYoungGen: 47760K->6624K(48640K)] 69290K->28962K(160256K), 0.0022190 secs] [Times: user=0.01 sys=0.00, real=0.00 secs] 
277.987: Total time for which application threads were stopped: 0.0039150 seconds, Stopping threads took: 0.0015850 seconds
278.026: Application time: 0.0384750 seconds
278.027: [GC [PSYoungGen: 48608K->6640K(48640K)] 70946K->29178K(160256K), 0.0020060 secs] [Times: user=0.01 sys=0.00, real=0.00 secs] 
278.029: Total time for which application threads were stopped: 0.0035950 seconds, Stopping threads took: 0.0015050 seconds
278.069: Application time: 0.0395900 seconds
278.070: [GC [PSYoungGen: 48624K->6624K(48640K)] 71162K->30150K(160256K), 0.0022940 secs] [Times: user=0.01 sys=0.00, real=0.01 secs] 
278.073: Total time for which application threads were stopped: 0.0037490 seconds, Stopping threads took: 0.0013720 seconds
278.109: Application time: 0.0367120 seconds
278.111: [GC [PSYoungGen: 48608K->6656K(48640K)] 72134K->31735K(160256K), 0.0023630 secs] [Times: user=0.02 sys=0.00, real=0.00 secs] 
278.114: Total time for which application threads were stopped: 0.0046140 seconds, Stopping threads took: 0.0021690 seconds
278.152: Application time: 0.0381250 seconds
278.154: [GC [PSYoungGen: 48640K->6592K(48640K)] 73719K->31671K(160256K), 0.0019450 secs] [Times: user=0.01 sys=0.00, real=0.00 secs] 
278.156: Total time for which application threads were stopped: 0.0041180 seconds, Stopping threads took: 0.0020930 seconds
278.193: Application time: 0.0370820 seconds
278.195: [GC [PSYoungGen: 48576K->6496K(48640K)] 73655K->31575K(160256K), 0.0018930 secs] [Times: user=0.02 sys=0.00, real=0.00 secs] 
278.197: Total time for which application threads were stopped: 0.0034900 seconds, Stopping threads took: 0.0015150 seconds
278.233: Application time: 0.0366980 seconds
278.236: [GC [PSYoungGen: 48478K->6656K(48640K)] 73557K->32431K(160256K), 0.0021550 secs] [Times: user=0.02 sys=0.00, real=0.00 secs] 
278.238: Total time for which application threads were stopped: 0.0049420 seconds, Stopping threads took: 0.0027070 seconds
278.277: Application time: 0.0389650 seconds
278.278: [GC [PSYoungGen: 48640K->6656K(48640K)] 74415K->33319K(160256K), 0.0023330 secs] [Times: user=0.02 sys=0.00, real=0.00 secs] 
278.281: Total time for which application threads were stopped: 0.0033190 seconds, Stopping threads took: 0.0009070 seconds
278.319: Application time: 0.0381650 seconds
278.320: [GC [PSYoungGen: 48640K->6656K(48640K)] 75303K->34639K(160256K), 0.0023500 secs] [Times: user=0.02 sys=0.00, real=0.00 secs] 
278.323: Total time for which application threads were stopped: 0.0038360 seconds, Stopping threads took: 0.0014030 seconds
278.362: Application time: 0.0388940 seconds
278.363: [GC [PSYoungGen: 48640K->5344K(48640K)] 76623K->33335K(160256K), 0.0015740 secs] [Times: user=0.01 sys=0.00, real=0.01 secs] 
278.364: Total time for which application threads were stopped: 0.0028670 seconds, Stopping threads took: 0.0012130 seconds
278.403: Application time: 0.0383850 seconds
278.405: [GC [PSYoungGen: 47328K->6656K(48640K)] 75319K->35567K(160256K), 0.0022210 secs] [Times: user=0.01 sys=0.00, real=0.00 secs] 
278.408: Total time for which application threads were stopped: 0.0048010 seconds, Stopping threads took: 0.0024990 seconds
278.444: Application time: 0.0363480 seconds
278.446: [GC [PSYoungGen: 48640K->6640K(48640K)] 77551K->36831K(160256K), 0.0023170 secs] [Times: user=0.02 sys=0.00, real=0.00 secs] 
278.448: Total time for which application threads were stopped: 0.0042460 seconds, Stopping threads took: 0.0018370 seconds
278.485: Application time: 0.0369100 seconds
278.487: [GC [PSYoungGen: 48624K->6656K(48640K)] 78815K->37055K(160256K), 0.0020740 secs] [Times: user=0.01 sys=0.00, real=0.00 secs] 
278.489: Total time for which application threads were stopped: 0.0035800 seconds, Stopping threads took: 0.0014270 seconds
278.527: Application time: 0.0378790 seconds
278.528: [GC [PSYoungGen: 48640K->6640K(48640K)] 79039K->37143K(160256K), 0.0020030 secs] [Times: user=0.01 sys=0.00, real=0.00 secs] 
278.530: Total time for which application threads were stopped: 0.0032060 seconds, Stopping threads took: 0.0011260 seconds
278.567: Application time: 0.0373610 seconds
278.570: [GC [PSYoungGen: 48624K->6656K(48640K)] 79127K->37447K(160256K), 0.0020680 secs] [Times: user=0.01 sys=0.00, real=0.01 secs] 
278.572: Total time for which application threads were stopped: 0.0046070 seconds, Stopping threads took: 0.0024560 seconds
278.609: Application time: 0.0376040 seconds
278.612: [GC [PSYoungGen: 48640K->6464K(48640K)] 79431K->37263K(160256K), 0.0020110 secs] [Times: user=0.02 sys=0.00, real=0.00 secs] 
278.614: Total time for which application threads were stopped: 0.0046480 seconds, Stopping threads took: 0.0025590 seconds
278.652: Application time: 0.0377450 seconds
278.654: [GC [PSYoungGen: 48448K->6640K(48640K)] 79247K->37551K(160256K), 0.0021180 secs] [Times: user=0.01 sys=0.00, real=0.00 secs] 
278.656: Total time for which application threads were stopped: 0.0039100 seconds, Stopping threads took: 0.0017120 seconds
278.693: Application time: 0.0375050 seconds
278.695: [GC [PSYoungGen: 48624K->6640K(48640K)] 79535K->38103K(160256K), 0.0021360 secs] [Times: user=0.01 sys=0.00, real=0.00 secs] 
278.697: Total time for which application threads were stopped: 0.0037380 seconds, Stopping threads took: 0.0015240 seconds
278.734: Application time: 0.0367130 seconds
278.736: [GC [PSYoungGen: 48624K->6640K(48640K)] 80087K->38567K(160256K), 0.0021210 secs] [Times: user=0.02 sys=0.00, real=0.00 secs] 
278.738: Total time for which application threads were stopped: 0.0045530 seconds, Stopping threads took: 0.0023510 seconds
278.778: Application time: 0.0393800 seconds
278.779: [GC [PSYoungGen: 48624K->6080K(48640K)] 80551K->38007K(160256K), 0.0018400 secs] [Times: user=0.01 sys=0.00, real=0.00 secs] 
278.781: Total time for which application threads were stopped: 0.0032350 seconds, Stopping threads took: 0.0013160 seconds
278.819: Application time: 0.0383840 seconds
278.821: [GC [PSYoungGen: 48064K->6656K(48640K)] 79991K->38807K(160256K), 0.0021120 secs] [Times: user=0.01 sys=0.00, real=0.00 secs] 
278.823: Total time for which application threads were stopped: 0.0036840 seconds, Stopping threads took: 0.0014920 seconds
278.862: Application time: 0.0392700 seconds
278.864: [GC [PSYoungGen: 48640K->5792K(48640K)] 80791K->37943K(160256K), 0.0018020 secs] [Times: user=0.01 sys=0.00, real=0.00 secs] 
278.866: Total time for which application threads were stopped: 0.0036190 seconds, Stopping threads took: 0.0017400 seconds
278.904: Application time: 0.0377570 seconds
278.905: [GC [PSYoungGen: 47776K->6192K(48640K)] 79927K->38351K(160256K), 0.0017640 secs] [Times: user=0.02 sys=0.00, real=0.00 secs] 
278.907: Total time for which application threads were stopped: 0.0033930 seconds, Stopping threads took: 0.0015490 seconds
278.944: Application time: 0.0375020 seconds
278.947: [GC [PSYoungGen: 48176K->6656K(48640K)] 80335K->39159K(160256K), 0.0021650 secs] [Times: user=0.02 sys=0.00, real=0.00 secs] 
278.949: Total time for which application threads were stopped: 0.0046960 seconds, Stopping threads took: 0.0024390 seconds
278.987: Application time: 0.0379220 seconds
278.989: [GC [PSYoungGen: 48640K->6640K(48640K)] 81143K->40407K(160256K), 0.0024380 secs] [Times: user=0.01 sys=0.00, real=0.01 secs] 
278.992: Total time for which application threads were stopped: 0.0046090 seconds, Stopping threads took: 0.0020650 seconds
279.028: Application time: 0.0365400 seconds
279.030: [GC [PSYoungGen: 48624K->6640K(48640K)] 82391K->41111K(160256K), 0.0023400 secs] [Times: user=0.02 sys=0.00, real=0.01 secs] 
279.033: Total time for which application threads were stopped: 0.0043180 seconds, Stopping threads took: 0.0018730 seconds
279.069: Application time: 0.0368230 seconds
279.071: [GC [PSYoungGen: 48624K->6656K(48640K)] 83095K->42231K(160256K), 0.0024200 secs] [Times: user=0.01 sys=0.00, real=0.00 secs] 
279.074: Total time for which application threads were stopped: 0.0044220 seconds, Stopping threads took: 0.0019210 seconds
279.111: Application time: 0.0371970 seconds
279.113: [GC [PSYoungGen: 48640K->6656K(48640K)] 84215K->42671K(160256K), 0.0020930 secs] [Times: user=0.01 sys=0.00, real=0.00 secs] 
279.115: Total time for which application threads were stopped: 0.0040280 seconds, Stopping threads took: 0.0018600 seconds
279.153: Application time: 0.0381720 seconds
279.154: [GC [PSYoungGen: 48640K->6576K(48640K)] 84655K->42591K(160256K), 0.0019980 secs] [Times: user=0.01 sys=0.00, real=0.00 secs] 
279.156: Total time for which application threads were stopped: 0.0032970 seconds, Stopping threads took: 0.0012230 seconds
279.195: Application time: 0.0381770 seconds
279.196: [GC [PSYoungGen: 48560K->6480K(48640K)] 84575K->42511K(160256K), 0.0019150 secs] [Times: user=0.01 sys=0.00, real=0.00 secs] 
279.198: Total time for which application threads were stopped: 0.0030710 seconds, Stopping threads took: 0.0010760 seconds
279.235: Application time: 0.0373790 seconds
279.236: [GC [PSYoungGen: 48464K->6656K(48640K)] 84495K->43295K(160256K), 0.0021050 secs] [Times: user=0.01 sys=0.00, real=0.00 secs] 
279.239: Total time for which application threads were stopped: 0.0039250 seconds, Stopping threads took: 0.0013040 seconds
279.277: Application time: 0.0384170 seconds
279.279: [GC [PSYoungGen: 48638K->6640K(48640K)] 85278K->44191K(160256K), 0.0022830 secs] [Times: user=0.01 sys=0.00, real=0.00 secs] 
279.281: Total time for which application threads were stopped: 0.0035510 seconds, Stopping threads took: 0.0011890 seconds
279.319: Application time: 0.0379150 seconds
279.320: [GC [PSYoungGen: 48624K->6640K(48640K)] 86175K->44311K(160256K), 0.0020050 secs] [Times: user=0.01 sys=0.00, real=0.00 secs] 
279.322: Total time for which application threads were stopped: 0.0033800 seconds, Stopping threads took: 0.0012850 seconds
279.362: Application time: 0.0394370 seconds
279.363: [GC [PSYoungGen: 48624K->5232K(48640K)] 86295K->42903K(160256K), 0.0015870 secs] [Times: user=0.01 sys=0.00, real=0.00 secs] 
279.365: Total time for which application threads were stopped: 0.0030110 seconds, Stopping threads took: 0.0013440 seconds
279.404: Application time: 0.0389550 seconds
279.405: [GC [PSYoungGen: 47216K->5568K(48640K)] 84887K->43239K(160256K), 0.0016780 secs] [Times: user=0.01 sys=0.00, real=0.00 secs] 
279.407: Total time for which application threads were stopped: 0.0031120 seconds, Stopping threads took: 0.0013580 seconds
279.445: Application time: 0.0377000 seconds
279.446: [GC [PSYoungGen: 47552K->5920K(48640K)] 85223K->43599K(160256K), 0.0017250 secs] [Times: user=0.02 sys=0.00, real=0.00 secs] 
279.448: Total time for which application threads were stopped: 0.0034980 seconds, Stopping threads took: 0.0016930 seconds
279.486: Application time: 0.0375450 seconds
279.487: [GC [PSYoungGen: 47904K->6048K(48640K)] 85583K->43743K(160256K), 0.0017580 secs] [Times: user=0.01 sys=0.00, real=0.00 secs] 
279.488: Total time for which application threads were stopped: 0.0027900 seconds, Stopping threads took: 0.0009460 seconds
279.526: Application time: 0.0378430 seconds
279.529: [GC [PSYoungGen: 48032K->6624K(48640K)] 85727K->45047K(160256K), 0.0021560 secs] [Times: user=0.01 sys=0.00, real=0.00 secs] 
279.531: Total time for which application threads were stopped: 0.0047190 seconds, Stopping threads took: 0.0024810 seconds
279.569: Application time: 0.0383790 seconds
279.571: [GC [PSYoungGen: 48608K->6640K(48640K)] 87031K->46071K(160256K), 0.0024090 secs] [Times: user=0.01 sys=0.00, real=0.01 secs] 
279.573: Total time for which application threads were stopped: 0.0040800 seconds, Stopping threads took: 0.0015910 seconds
279.612: Application time: 0.0382910 seconds
279.614: [GC [PSYoungGen: 48624K->6640K(48640K)] 88055K->47335K(160256K), 0.0023900 secs] [Times: user=0.02 sys=0.00, real=0.00 secs] 
279.616: Total time for which application threads were stopped: 0.0044410 seconds, Stopping threads took: 0.0019740 seconds
279.654: Application time: 0.0376310 seconds
279.655: [GC [PSYoungGen: 48624K->6640K(48640K)] 89319K->47903K(160256K), 0.0021370 secs] [Times: user=0.01 sys=0.00, real=0.00 secs] 
279.657: Total time for which application threads were stopped: 0.0033880 seconds, Stopping threads took: 0.0011690 seconds
279.694: Application time: 0.0364630 seconds
279.695: [GC [PSYoungGen: 48624K->6656K(48640K)] 89887K->48807K(160256K), 0.0022650 secs] [Times: user=0.01 sys=0.01, real=0.00 secs] 
279.697: Total time for which application threads were stopped: 0.0036630 seconds, Stopping threads took: 0.0013160 seconds
279.736: Application time: 0.0385090 seconds
279.740: [GC [PSYoungGen: 48640K->5920K(48640K)] 90791K->48079K(160256K), 0.0020700 secs] [Times: user=0.01 sys=0.00, real=0.00 secs] 
279.742: Total time for which application threads were stopped: 0.0060960 seconds, Stopping threads took: 0.0039510 seconds
279.779: Application time: 0.0375630 seconds
279.782: [GC [PSYoungGen: 47904K->6640K(48640K)] 90063K->49467K(160256K), 0.0062950 secs] [Times: user=0.04 sys=0.00, real=0.01 secs] 
279.789: Total time for which application threads were stopped: 0.0090350 seconds, Stopping threads took: 0.0026540 seconds
279.825: Application time: 0.0366840 seconds
279.827: [GC [PSYoungGen: 48624K->6640K(48640K)] 91451K->50483K(160256K), 0.0022580 secs] [Times: user=0.01 sys=0.00, real=0.00 secs] 
279.830: Total time for which application threads were stopped: 0.0044090 seconds, Stopping threads took: 0.0020740 seconds
279.868: Application time: 0.0386690 seconds
279.871: [GC [PSYoungGen: 48624K->6656K(48640K)] 92467K->51211K(160256K), 0.0021810 secs] [Times: user=0.02 sys=0.00, real=0.01 secs] 
279.873: Total time for which application threads were stopped: 0.0048290 seconds, Stopping threads took: 0.0025670 seconds
279.909: Application time: 0.0361070 seconds
279.911: [GC [PSYoungGen: 48640K->6656K(48640K)] 93195K->52043K(160256K), 0.0022720 secs] [Times: user=0.01 sys=0.00, real=0.01 secs] 
279.913: Total time for which application threads were stopped: 0.0041880 seconds, Stopping threads took: 0.0018340 seconds
279.952: Application time: 0.0381510 seconds
279.953: [GC [PSYoungGen: 48640K->6640K(48640K)] 94027K->52235K(160256K), 0.0020520 secs] [Times: user=0.02 sys=0.00, real=0.00 secs] 
279.955: Total time for which application threads were stopped: 0.0038400 seconds, Stopping threads took: 0.0017060 seconds
279.993: Application time: 0.0376230 seconds
279.995: [GC [PSYoungGen: 48624K->6656K(48640K)] 94219K->53331K(160256K), 0.0023310 secs] [Times: user=0.02 sys=0.00, real=0.00 secs] 
279.997: Total time for which application threads were stopped: 0.0041740 seconds, Stopping threads took: 0.0017480 seconds
280.036: Application time: 0.0386730 seconds
280.037: [GC [PSYoungGen: 48640K->6656K(48640K)] 95315K->54019K(160256K), 0.0022070 secs] [Times: user=0.02 sys=0.00, real=0.00 secs] 
280.040: Total time for which application threads were stopped: 0.0038210 seconds, Stopping threads took: 0.0015340 seconds
280.078: Application time: 0.0383750 seconds
280.079: [GC [PSYoungGen: 48640K->6656K(48640K)] 96003K->55187K(160256K), 0.0023540 secs] [Times: user=0.01 sys=0.00, real=0.00 secs] 
280.082: Total time for which application threads were stopped: 0.0036470 seconds, Stopping threads took: 0.0012110 seconds
280.121: Application time: 0.0395900 seconds
280.122: [GC [PSYoungGen: 48640K->4512K(48640K)] 97171K->53043K(160256K), 0.0014490 secs] [Times: user=0.01 sys=0.00, real=0.01 secs] 
280.124: Total time for which application threads were stopped: 0.0023830 seconds, Stopping threads took: 0.0008630 seconds
280.163: Application time: 0.0392930 seconds
280.164: [GC [PSYoungGen: 46496K->6416K(48640K)] 95027K->54947K(160256K), 0.0019490 secs] [Times: user=0.01 sys=0.00, real=0.00 secs] 
280.166: Total time for which application threads were stopped: 0.0032380 seconds, Stopping threads took: 0.0012100 seconds
280.205: Application time: 0.0386070 seconds
280.206: [GC [PSYoungGen: 48400K->6256K(48640K)] 96931K->54787K(160256K), 0.0019150 secs] [Times: user=0.02 sys=0.00, real=0.00 secs] 
280.208: Total time for which application threads were stopped: 0.0032030 seconds, Stopping threads took: 0.0012110 seconds
280.246: Application time: 0.0379740 seconds
280.248: [GC [PSYoungGen: 48240K->6480K(48640K)] 96771K->55019K(160256K), 0.0018880 secs] [Times: user=0.01 sys=0.00, real=0.00 secs] 
280.250: Total time for which application threads were stopped: 0.0035650 seconds, Stopping threads took: 0.0015990 seconds
280.287: Application time: 0.0374360 seconds
280.289: [GC [PSYoungGen: 48464K->6640K(48640K)] 97003K->55403K(160256K), 0.0020960 secs] [Times: user=0.01 sys=0.00, real=0.00 secs] 
280.291: Total time for which application threads were stopped: 0.0037030 seconds, Stopping threads took: 0.0015210 seconds
280.328: Application time: 0.0374610 seconds
280.330: [GC [PSYoungGen: 48624K->6624K(48640K)] 97387K->56019K(160256K), 0.0020870 secs] [Times: user=0.01 sys=0.00, real=0.01 secs] 
280.332: Total time for which application threads were stopped: 0.0040220 seconds, Stopping threads took: 0.0018560 seconds
280.368: Application time: 0.0359440 seconds
280.370: [GC [PSYoungGen: 48608K->6624K(48640K)] 98003K->56939K(160256K), 0.0022200 secs] [Times: user=0.02 sys=0.00, real=0.01 secs] 
280.373: Total time for which application threads were stopped: 0.0044730 seconds, Stopping threads took: 0.0021730 seconds
280.410: Application time: 0.0374600 seconds
280.411: [GC [PSYoungGen: 48608K->6624K(48640K)] 98923K->58203K(160256K), 0.0024160 secs] [Times: user=0.02 sys=0.00, real=0.00 secs] 
280.414: Total time for which application threads were stopped: 0.0036290 seconds, Stopping threads took: 0.0011340 seconds
280.451: Application time: 0.0369280 seconds
280.453: [GC [PSYoungGen: 48608K->6656K(48640K)] 100187K->59595K(160256K), 0.0023400 secs] [Times: user=0.02 sys=0.00, real=0.00 secs] 
280.455: Total time for which application threads were stopped: 0.0042830 seconds, Stopping threads took: 0.0018530 seconds
280.493: Application time: 0.0380810 seconds
280.494: [GC [PSYoungGen: 48640K->6304K(48640K)] 101579K->59243K(160256K), 0.0018650 secs] [Times: user=0.02 sys=0.00, real=0.00 secs] 
280.496: Total time for which application threads were stopped: 0.0029570 seconds, Stopping threads took: 0.0010130 seconds
280.533: Application time: 0.0372370 seconds
280.535: [GC [PSYoungGen: 48288K->6640K(48640K)] 101227K->60043K(160256K), 0.0021490 secs] [Times: user=0.02 sys=0.00, real=0.00 secs] 
280.537: Total time for which application threads were stopped: 0.0037880 seconds, Stopping threads took: 0.0015500 seconds
280.574: Application time: 0.0365590 seconds
280.575: [GC [PSYoungGen: 48624K->6528K(48640K)] 102027K->59931K(160256K), 0.0019670 secs] [Times: user=0.02 sys=0.00, real=0.00 secs] 
280.577: Total time for which application threads were stopped: 0.0033410 seconds, Stopping threads took: 0.0012920 seconds
280.614: Application time: 0.0366890 seconds
280.616: [GC [PSYoungGen: 48512K->6656K(48640K)] 101915K->60115K(160256K), 0.0019810 secs] [Times: user=0.01 sys=0.00, real=0.00 secs] 
280.618: Total time for which application threads were stopped: 0.0044470 seconds, Stopping threads took: 0.0023830 seconds
280.655: Application time: 0.0372960 seconds
280.657: [GC [PSYoungGen: 48640K->6656K(48640K)] 102099K->61139K(160256K), 0.0023780 secs] [Times: user=0.01 sys=0.00, real=0.00 secs] 
280.660: Total time for which application threads were stopped: 0.0044740 seconds, Stopping threads took: 0.0020160 seconds
280.699: Application time: 0.0389510 seconds
280.700: [GC [PSYoungGen: 48640K->6640K(48640K)] 103123K->61267K(160256K), 0.0020490 secs] [Times: user=0.01 sys=0.00, real=0.00 secs] 
280.702: Total time for which application threads were stopped: 0.0029160 seconds, Stopping threads took: 0.0007860 seconds
280.739: Application time: 0.0369780 seconds
280.741: [GC [PSYoungGen: 48623K->6624K(48640K)] 103251K->61659K(160256K), 0.0021040 secs] [Times: user=0.01 sys=0.00, real=0.00 secs] 
280.743: Total time for which application threads were stopped: 0.0041490 seconds, Stopping threads took: 0.0019640 seconds
280.779: Application time: 0.0364640 seconds
280.781: [GC [PSYoungGen: 48608K->6592K(48640K)] 103643K->61635K(160256K), 0.0018950 secs] [Times: user=0.01 sys=0.00, real=0.00 secs] 
280.783: Total time for which application threads were stopped: 0.0035840 seconds, Stopping threads took: 0.0016080 seconds
280.819: Application time: 0.0360900 seconds
280.821: [GC [PSYoungGen: 48576K->6640K(48640K)] 103619K->61691K(160256K), 0.0019530 secs] [Times: user=0.01 sys=0.00, real=0.00 secs] 
280.823: Total time for which application threads were stopped: 0.0039150 seconds, Stopping threads took: 0.0018840 seconds
280.859: Application time: 0.0364320 seconds
280.861: [GC [PSYoungGen: 48624K->6624K(48640K)] 103675K->62371K(160256K), 0.0021990 secs] [Times: user=0.02 sys=0.00, real=0.01 secs] 
280.864: Total time for which application threads were stopped: 0.0042220 seconds, Stopping threads took: 0.0019440 seconds
280.901: Application time: 0.0378270 seconds
280.904: [GC [PSYoungGen: 48608K->6640K(48640K)] 104355K->62747K(160256K), 0.0021090 secs] [Times: user=0.02 sys=0.00, real=0.00 secs] 
280.906: Total time for which application threads were stopped: 0.0045190 seconds, Stopping threads took: 0.0023100 seconds
280.943: Application time: 0.0374360 seconds
280.945: [GC [PSYoungGen: 48624K->5984K(48640K)] 104731K->62091K(160256K), 0.0018330 secs] [Times: user=0.01 sys=0.00, real=0.00 secs] 
280.946: Total time for which application threads were stopped: 0.0031290 seconds, Stopping threads took: 0.0012240 seconds
280.984: Application time: 0.0376760 seconds
280.986: [GC [PSYoungGen: 47968K->6640K(48640K)] 104075K->63740K(160256K), 0.0023350 secs] [Times: user=0.02 sys=0.00, real=0.00 secs] 
280.988: Total time for which application threads were stopped: 0.0041930 seconds, Stopping threads took: 0.0017760 seconds
281.025: Application time: 0.0365930 seconds
281.027: [GC [PSYoungGen: 48624K->6656K(48640K)] 105724K->64147K(160256K), 0.0022130 secs] [Times: user=0.02 sys=0.00, real=0.00 secs] 
281.029: Total time for which application threads were stopped: 0.0041740 seconds, Stopping threads took: 0.0018800 seconds
281.067: Application time: 0.0376610 seconds
281.071: [GC [PSYoungGen: 48640K->6656K(48640K)] 106131K->64331K(160256K), 0.0024560 secs] [Times: user=0.02 sys=0.00, real=0.00 secs] 
281.074: Total time for which application threads were stopped: 0.0071310 seconds, Stopping threads took: 0.0045700 seconds
281.112: Application time: 0.0382170 seconds
281.117: [GC [PSYoungGen: 48640K->6656K(48640K)] 106315K->65291K(160256K), 0.0023080 secs] [Times: user=0.01 sys=0.00, real=0.00 secs] 
281.119: Total time for which application threads were stopped: 0.0070420 seconds, Stopping threads took: 0.0046620 seconds
281.158: Application time: 0.0392690 seconds
281.160: [GC [PSYoungGen: 48640K->6640K(48640K)] 107275K->65323K(160256K), 0.0020380 secs] [Times: user=0.01 sys=0.00, real=0.00 secs] 
281.162: Total time for which application threads were stopped: 0.0031880 seconds, Stopping threads took: 0.0010750 seconds
281.200: Application time: 0.0383970 seconds
281.202: [GC [PSYoungGen: 48624K->6640K(48640K)] 107307K->65539K(160256K), 0.0020130 secs] [Times: user=0.01 sys=0.00, real=0.01 secs] 
281.204: Total time for which application threads were stopped: 0.0036120 seconds, Stopping threads took: 0.0015150 seconds
281.242: Application time: 0.0382850 seconds
281.243: [GC [PSYoungGen: 48624K->6656K(48640K)] 107523K->65699K(160256K), 0.0021570 secs] [Times: user=0.02 sys=0.01, real=0.00 secs] 
281.246: Total time for which application threads were stopped: 0.0037380 seconds, Stopping threads took: 0.0015020 seconds
281.284: Application time: 0.0378910 seconds
281.284: [GC [PSYoungGen: 48639K->5792K(48640K)] 107683K->64843K(160256K), 0.0017780 secs] [Times: user=0.02 sys=0.00, real=0.00 secs] 
281.286: Total time for which application threads were stopped: 0.0027270 seconds, Stopping threads took: 0.0008770 seconds
281.324: Application time: 0.0372560 seconds
281.325: [GC [PSYoungGen: 47775K->6640K(48640K)] 106827K->66051K(160256K), 0.0020670 secs] [Times: user=0.02 sys=0.00, real=0.00 secs] 
281.327: Total time for which application threads were stopped: 0.0037340 seconds, Stopping threads took: 0.0015850 seconds
281.366: Application time: 0.0385170 seconds
281.367: [GC [PSYoungGen: 48624K->6000K(48640K)] 108035K->65411K(160256K), 0.0019870 secs] [Times: user=0.01 sys=0.00, real=0.00 secs] 
281.369: Total time for which application threads were stopped: 0.0032050 seconds, Stopping threads took: 0.0011370 seconds
281.407: Application time: 0.0383220 seconds
281.409: [GC [PSYoungGen: 47984K->6656K(48640K)] 107395K->66227K(160256K), 0.0021020 secs] [Times: user=0.01 sys=0.00, real=0.01 secs] 
281.412: Total time for which application threads were stopped: 0.0041450 seconds, Stopping threads took: 0.0019640 seconds
281.449: Application time: 0.0377080 seconds
281.451: [GC [PSYoungGen: 48640K->6656K(48640K)] 108211K->67740K(160256K), 0.0024040 secs] [Times: user=0.02 sys=0.00, real=0.00 secs] 
281.454: Total time for which application threads were stopped: 0.0045170 seconds, Stopping threads took: 0.0020290 seconds
281.493: Application time: 0.0391060 seconds
281.495: [GC [PSYoungGen: 48640K->6624K(48640K)] 109724K->68332K(160256K), 0.0021260 secs] [Times: user=0.02 sys=0.00, real=0.00 secs] 
281.497: Total time for which application threads were stopped: 0.0039150 seconds, Stopping threads took: 0.0017050 seconds
281.536: Application time: 0.0396050 seconds
281.538: [GC [PSYoungGen: 48608K->6640K(48640K)] 110316K->68772K(160256K), 0.0024020 secs] [Times: user=0.02 sys=0.00, real=0.00 secs] 
281.541: Total time for which application threads were stopped: 0.0044450 seconds, Stopping threads took: 0.0019630 seconds
281.581: Application time: 0.0406080 seconds
281.583: [GC [PSYoungGen: 48624K->6640K(48640K)] 110756K->69028K(160256K), 0.0022240 secs] [Times: user=0.01 sys=0.00, real=0.01 secs] 
281.585: Total time for which application threads were stopped: 0.0039170 seconds, Stopping threads took: 0.0015920 seconds
281.625: Application time: 0.0394430 seconds
281.627: [GC [PSYoungGen: 48622K->6640K(48640K)] 111010K->69748K(160256K), 0.0023740 secs] [Times: user=0.01 sys=0.00, real=0.00 secs] 
281.629: Total time for which application threads were stopped: 0.0045550 seconds, Stopping threads took: 0.0020980 seconds
281.669: Application time: 0.0397840 seconds
281.671: [GC [PSYoungGen: 48624K->6640K(48640K)] 111732K->70652K(160256K), 0.0023120 secs] [Times: user=0.02 sys=0.00, real=0.00 secs] 
281.674: Total time for which application threads were stopped: 0.0045200 seconds, Stopping threads took: 0.0021260 seconds
281.714: Application time: 0.0405800 seconds
281.715: [GC [PSYoungGen: 48623K->6048K(48640K)] 112635K->70060K(160256K), 0.0018310 secs] [Times: user=0.02 sys=0.00, real=0.00 secs] 
281.717: Total time for which application threads were stopped: 0.0030190 seconds, Stopping threads took: 0.0011080 seconds
281.758: Application time: 0.0412300 seconds
281.760: [GC [PSYoungGen: 48032K->5328K(48640K)] 112044K->69348K(160256K), 0.0017520 secs] [Times: user=0.01 sys=0.00, real=0.00 secs] 
281.762: Total time for which application threads were stopped: 0.0031770 seconds, Stopping threads took: 0.0013450 seconds
281.801: Application time: 0.0392330 seconds
281.804: [GC [PSYoungGen: 47312K->6656K(48640K)] 111332K->71172K(160256K), 0.0022820 secs] [Times: user=0.01 sys=0.00, real=0.00 secs] 
281.806: Total time for which application threads were stopped: 0.0050450 seconds, Stopping threads took: 0.0026770 seconds
281.846: Application time: 0.0397330 seconds
281.847: [GC [PSYoungGen: 48640K->6464K(48640K)] 113156K->70988K(160256K), 0.0019690 secs] [Times: user=0.02 sys=0.00, real=0.00 secs] 
281.849: Total time for which application threads were stopped: 0.0037320 seconds, Stopping threads took: 0.0016820 seconds
281.888: Application time: 0.0390290 seconds
281.890: [GC [PSYoungGen: 48448K->6624K(48640K)] 112972K->72772K(160256K), 0.0025980 secs] [Times: user=0.01 sys=0.00, real=0.01 secs] 
281.893: Total time for which application threads were stopped: 0.0042010 seconds, Stopping threads took: 0.0015160 seconds
281.933: Application time: 0.0399510 seconds
281.935: [GC [PSYoungGen: 48608K->6640K(48640K)] 114756K->73620K(160256K), 0.0022030 secs] [Times: user=0.02 sys=0.00, real=0.00 secs] 
281.937: Total time for which application threads were stopped: 0.0045800 seconds, Stopping threads took: 0.0022920 seconds
281.979: Application time: 0.0420150 seconds
281.982: [GC [PSYoungGen: 48624K->6640K(48640K)] 115604K->73804K(160256K), 0.0020890 secs] [Times: user=0.01 sys=0.00, real=0.01 secs] 
281.984: Total time for which application threads were stopped: 0.0046540 seconds, Stopping threads took: 0.0024760 seconds
282.025: Application time: 0.0409630 seconds
282.028: [GC [PSYoungGen: 48624K->6304K(48640K)] 115788K->73476K(160256K), 0.0019860 secs] [Times: user=0.01 sys=0.00, real=0.00 secs] 
282.030: Total time for which application threads were stopped: 0.0053470 seconds, Stopping threads took: 0.0032770 seconds
282.072: Application time: 0.0419000 seconds
282.074: [GC [PSYoungGen: 48288K->6656K(48640K)] 115460K->74644K(160256K), 0.0023780 secs] [Times: user=0.02 sys=0.00, real=0.00 secs] 
282.077: Total time for which application threads were stopped: 0.0047170 seconds, Stopping threads took: 0.0022560 seconds
282.118: Application time: 0.0416040 seconds
282.121: [GC [PSYoungGen: 48640K->6656K(48640K)] 116628K->75796K(160256K), 0.0023530 secs] [Times: user=0.01 sys=0.00, real=0.00 secs] 
282.123: Total time for which application threads were stopped: 0.0046170 seconds, Stopping threads took: 0.0021710 seconds
282.164: Application time: 0.0411090 seconds
282.166: [GC [PSYoungGen: 48640K->6208K(48640K)] 117780K->75356K(160256K), 0.0020110 secs] [Times: user=0.01 sys=0.00, real=0.00 secs] 
282.168: Total time for which application threads were stopped: 0.0037620 seconds, Stopping threads took: 0.0016700 seconds
282.210: Application time: 0.0417470 seconds
282.213: [GC [PSYoungGen: 48192K->5568K(48640K)] 117340K->74716K(160256K), 0.0017460 secs] [Times: user=0.01 sys=0.00, real=0.00 secs] 
282.215: Total time for which application threads were stopped: 0.0048860 seconds, Stopping threads took: 0.0030620 seconds
282.253: Application time: 0.0384590 seconds
282.255: [GC [PSYoungGen: 47552K->6656K(48640K)] 116700K->76540K(160256K), 0.0023210 secs] [Times: user=0.01 sys=0.00, real=0.00 secs] 
282.257: Total time for which application threads were stopped: 0.0039810 seconds, Stopping threads took: 0.0015750 seconds
282.297: Application time: 0.0398300 seconds
282.298: [GC [PSYoungGen: 48640K->6656K(48640K)] 118524K->77148K(160256K), 0.0022510 secs] [Times: user=0.01 sys=0.00, real=0.00 secs] 
282.301: Total time for which application threads were stopped: 0.0037010 seconds, Stopping threads took: 0.0013650 seconds
282.341: Application time: 0.0400300 seconds
282.343: [GC [PSYoungGen: 48640K->6624K(48640K)] 119132K->77316K(160256K), 0.0020590 secs] [Times: user=0.02 sys=0.00, real=0.01 secs] 
282.345: Total time for which application threads were stopped: 0.0043190 seconds, Stopping threads took: 0.0021760 seconds
282.386: Application time: 0.0407060 seconds
282.387: [GC [PSYoungGen: 48608K->6640K(48640K)] 119300K->77820K(160256K), 0.0021470 secs] [Times: user=0.01 sys=0.00, real=0.00 secs] 
282.389: Total time for which application threads were stopped: 0.0033880 seconds, Stopping threads took: 0.0011610 seconds
282.429: Application time: 0.0404380 seconds
282.431: [GC [PSYoungGen: 48624K->6656K(48640K)] 119804K->78648K(160256K), 0.0022900 secs] [Times: user=0.02 sys=0.00, real=0.00 secs] 
282.433: Total time for which application threads were stopped: 0.0040700 seconds, Stopping threads took: 0.0016930 seconds
282.474: Application time: 0.0410230 seconds
282.476: [GC [PSYoungGen: 48638K->6656K(48640K)] 120631K->79832K(160256K), 0.0023690 secs] [Times: user=0.02 sys=0.00, real=0.00 secs] 
282.478: Total time for which application threads were stopped: 0.0039400 seconds, Stopping threads took: 0.0014860 seconds
282.519: Application time: 0.0401810 seconds
282.522: [GC [PSYoungGen: 48640K->6656K(48640K)] 121816K->80280K(160256K), 0.0022860 secs] [Times: user=0.01 sys=0.00, real=0.01 secs] 
282.524: Total time for which application threads were stopped: 0.0052420 seconds, Stopping threads took: 0.0028730 seconds
282.564: Application time: 0.0405990 seconds
282.567: [GC [PSYoungGen: 48640K->6560K(48640K)] 122264K->80192K(160256K), 0.0019870 secs] [Times: user=0.01 sys=0.00, real=0.00 secs] 
282.569: Total time for which application threads were stopped: 0.0042850 seconds, Stopping threads took: 0.0022130 seconds
282.610: Application time: 0.0410600 seconds
282.611: [GC [PSYoungGen: 48544K->5392K(48640K)] 122176K->79024K(160256K), 0.0018440 secs] [Times: user=0.01 sys=0.00, real=0.01 secs] 
282.613: Total time for which application threads were stopped: 0.0028420 seconds, Stopping threads took: 0.0009220 seconds
282.653: Application time: 0.0406590 seconds
282.656: [GC [PSYoungGen: 47376K->6304K(48640K)] 121008K->79936K(160256K), 0.0019150 secs] [Times: user=0.01 sys=0.00, real=0.00 secs] 
282.658: Total time for which application threads were stopped: 0.0049090 seconds, Stopping threads took: 0.0029100 seconds
282.699: Application time: 0.0407270 seconds
282.702: [GC [PSYoungGen: 48286K->6656K(48640K)] 121919K->80344K(160256K), 0.0020480 secs] [Times: user=0.01 sys=0.00, real=0.01 secs] 
282.704: Total time for which application threads were stopped: 0.0049100 seconds, Stopping threads took: 0.0027800 seconds
282.745: Application time: 0.0406310 seconds
282.747: [GC [PSYoungGen: 48640K->6640K(48640K)] 122328K->80640K(160256K), 0.0020770 secs] [Times: user=0.02 sys=0.00, real=0.00 secs] 
282.749: Total time for which application threads were stopped: 0.0049100 seconds, Stopping threads took: 0.0027520 seconds
282.789: Application time: 0.0399710 seconds
282.792: [GC [PSYoungGen: 48624K->6656K(48640K)] 122624K->81256K(160256K), 0.0021540 secs] [Times: user=0.02 sys=0.00, real=0.00 secs] 
282.794: Total time for which application threads were stopped: 0.0043450 seconds, Stopping threads took: 0.0021100 seconds
282.833: Application time: 0.0393580 seconds
282.835: [GC [PSYoungGen: 48640K->6640K(48640K)] 123240K->82096K(160256K), 0.0022270 secs] [Times: user=0.01 sys=0.00, real=0.00 secs] 
282.837: Total time for which application threads were stopped: 0.0037770 seconds, Stopping threads took: 0.0014640 seconds
282.876: Application time: 0.0395070 seconds
282.879: [GC [PSYoungGen: 48624K->6640K(48640K)] 124080K->82280K(160256K), 0.0020410 secs] [Times: user=0.01 sys=0.00, real=0.00 secs] 
282.881: Total time for which application threads were stopped: 0.0045150 seconds, Stopping threads took: 0.0023910 seconds
282.923: Application time: 0.0417640 seconds
282.924: [GC [PSYoungGen: 48624K->5328K(48640K)] 124264K->80968K(160256K), 0.0017640 secs] [Times: user=0.02 sys=0.00, real=0.00 secs] 
282.926: Total time for which application threads were stopped: 0.0030170 seconds, Stopping threads took: 0.0011780 seconds
282.966: Application time: 0.0405910 seconds
282.968: [GC [PSYoungGen: 47312K->6336K(48640K)] 122952K->81976K(160256K), 0.0020200 secs] [Times: user=0.02 sys=0.00, real=0.00 secs] 
282.970: Total time for which application threads were stopped: 0.0036500 seconds, Stopping threads took: 0.0015490 seconds
283.011: Application time: 0.0406540 seconds
283.012: [GC [PSYoungGen: 48320K->5312K(48640K)] 123960K->80952K(160256K), 0.0016790 secs] [Times: user=0.01 sys=0.00, real=0.00 secs] 
283.014: Total time for which application threads were stopped: 0.0035840 seconds, Stopping threads took: 0.0018270 seconds
283.053: Application time: 0.0392140 seconds
283.055: [GC [PSYoungGen: 47294K->6656K(48640K)] 122935K->82408K(160256K), 0.0021140 secs] [Times: user=0.01 sys=0.00, real=0.00 secs] 
283.057: Total time for which application threads were stopped: 0.0038370 seconds, Stopping threads took: 0.0016380 seconds
283.098: Application time: 0.0403000 seconds
283.099: [GC [PSYoungGen: 48640K->6656K(48640K)] 124392K->82904K(160256K), 0.0023940 secs] [Times: user=0.01 sys=0.00, real=0.00 secs] 
283.102: Total time for which application threads were stopped: 0.0041740 seconds, Stopping threads took: 0.0016990 seconds
283.141: Application time: 0.0393070 seconds
283.144: [GC [PSYoungGen: 48640K->6640K(48640K)] 124888K->83080K(160256K), 0.0021170 secs] [Times: user=0.02 sys=0.00, real=0.00 secs] 
283.146: Total time for which application threads were stopped: 0.0046970 seconds, Stopping threads took: 0.0025000 seconds
283.184: Application time: 0.0381820 seconds
283.186: [GC [PSYoungGen: 48624K->6640K(48640K)] 125064K->84000K(160256K), 0.0022920 secs] [Times: user=0.02 sys=0.00, real=0.00 secs] 
283.189: Total time for which application threads were stopped: 0.0046710 seconds, Stopping threads took: 0.0022890 seconds
283.229: Application time: 0.0408980 seconds
283.232: [GC [PSYoungGen: 48624K->4960K(48640K)] 125984K->82320K(160256K), 0.0016240 secs] [Times: user=0.01 sys=0.00, real=0.00 secs] 
283.233: Total time for which application threads were stopped: 0.0037280 seconds, Stopping threads took: 0.0020280 seconds
283.273: Application time: 0.0395960 seconds
283.275: [GC [PSYoungGen: 46944K->6624K(48640K)] 124304K->84648K(160256K), 0.0022180 secs] [Times: user=0.02 sys=0.00, real=0.00 secs] 
283.277: Total time for which application threads were stopped: 0.0043340 seconds, Stopping threads took: 0.0020330 seconds
283.318: Application time: 0.0410380 seconds
283.320: [GC [PSYoungGen: 48608K->6624K(48640K)] 126632K->85080K(160256K), 0.0022170 secs] [Times: user=0.02 sys=0.00, real=0.00 secs] 
283.322: Total time for which application threads were stopped: 0.0039080 seconds, Stopping threads took: 0.0016090 seconds
283.362: Application time: 0.0401210 seconds
283.364: [GC [PSYoungGen: 48608K->6400K(48640K)] 127064K->84856K(160256K), 0.0019760 secs] [Times: user=0.01 sys=0.00, real=0.00 secs] 
283.366: Total time for which application threads were stopped: 0.0037150 seconds, Stopping threads took: 0.0016350 seconds
283.407: Application time: 0.0407580 seconds
283.409: [GC [PSYoungGen: 48384K->4352K(48640K)] 126840K->82808K(160256K), 0.0017210 secs] [Times: user=0.01 sys=0.00, real=0.00 secs] 
283.411: Total time for which application threads were stopped: 0.0038580 seconds, Stopping threads took: 0.0020650 seconds
283.452: Application time: 0.0412110 seconds
283.455: [GC [PSYoungGen: 46336K->5824K(48640K)] 124792K->84288K(160256K), 0.0017760 secs] [Times: user=0.01 sys=0.00, real=0.00 secs] 
283.457: Total time for which application threads were stopped: 0.0048490 seconds, Stopping threads took: 0.0029900 seconds
283.498: Application time: 0.0415590 seconds
283.499: [GC [PSYoungGen: 47808K->5152K(48640K)] 126272K->83632K(160256K), 0.0016180 secs] [Times: user=0.01 sys=0.00, real=0.00 secs] 
283.501: Total time for which application threads were stopped: 0.0025210 seconds, Stopping threads took: 0.0008290 seconds
283.540: Application time: 0.0388270 seconds
283.542: [GC [PSYoungGen: 47136K->6496K(48640K)] 125616K->84976K(160256K), 0.0019570 secs] [Times: user=0.01 sys=0.00, real=0.01 secs] 
283.544: Total time for which application threads were stopped: 0.0042690 seconds, Stopping threads took: 0.0022320 seconds
283.584: Application time: 0.0405690 seconds
283.586: [GC [PSYoungGen: 48480K->6624K(48640K)] 126960K->86240K(160256K), 0.0024090 secs] [Times: user=0.02 sys=0.00, real=0.00 secs] 
283.588: Total time for which application threads were stopped: 0.0036750 seconds, Stopping threads took: 0.0011830 seconds
283.628: Application time: 0.0396800 seconds
283.630: [GC [PSYoungGen: 48608K->6640K(48640K)] 128224K->86304K(160256K), 0.0020690 secs] [Times: user=0.01 sys=0.00, real=0.01 secs] 
283.632: Total time for which application threads were stopped: 0.0041450 seconds, Stopping threads took: 0.0019980 seconds
283.671: Application time: 0.0388380 seconds
283.673: [GC [PSYoungGen: 48624K->6592K(48640K)] 128288K->86264K(160256K), 0.0020120 secs] [Times: user=0.01 sys=0.00, real=0.00 secs] 
283.675: Total time for which application threads were stopped: 0.0041540 seconds, Stopping threads took: 0.0020570 seconds
283.714: Application time: 0.0389280 seconds
283.715: [GC [PSYoungGen: 48576K->6624K(48640K)] 128248K->87544K(160256K), 0.0024380 secs] [Times: user=0.02 sys=0.00, real=0.00 secs] 
283.718: Total time for which application threads were stopped: 0.0040530 seconds, Stopping threads took: 0.0015160 seconds
283.759: Application time: 0.0408750 seconds
283.761: [GC [PSYoungGen: 48608K->6624K(48640K)] 129528K->87600K(160256K), 0.0020480 secs] [Times: user=0.01 sys=0.00, real=0.01 secs] 
283.763: Total time for which application threads were stopped: 0.0045670 seconds, Stopping threads took: 0.0024330 seconds
283.803: Application time: 0.0395920 seconds
283.805: [GC [PSYoungGen: 48608K->6624K(48640K)] 129584K->88513K(160256K), 0.0022590 secs] [Times: user=0.01 sys=0.00, real=0.00 secs] 
283.807: Total time for which application threads were stopped: 0.0043120 seconds, Stopping threads took: 0.0019620 seconds
283.848: Application time: 0.0410050 seconds
283.850: [GC [PSYoungGen: 48608K->5856K(48640K)] 130497K->87745K(160256K), 0.0020460 secs] [Times: user=0.02 sys=0.00, real=0.01 secs] 
283.852: Total time for which application threads were stopped: 0.0041680 seconds, Stopping threads took: 0.0020350 seconds
283.892: Application time: 0.0392090 seconds
283.893: [GC [PSYoungGen: 47840K->6624K(48640K)] 129729K->89905K(160256K), 0.0025610 secs] [Times: user=0.01 sys=0.00, real=0.00 secs] 
283.896: Total time for which application threads were stopped: 0.0044580 seconds, Stopping threads took: 0.0018150 seconds
283.937: Application time: 0.0405030 seconds
283.938: [GC [PSYoungGen: 48608K->6640K(48640K)] 131889K->90649K(160256K), 0.0023590 secs] [Times: user=0.02 sys=0.00, real=0.00 secs] 
283.940: Total time for which application threads were stopped: 0.0036010 seconds, Stopping threads took: 0.0011550 seconds
283.978: Application time: 0.0378890 seconds
283.980: [GC [PSYoungGen: 48624K->6656K(48640K)] 132633K->91689K(160256K), 0.0023200 secs] [Times: user=0.01 sys=0.00, real=0.00 secs] 
283.983: Total time for which application threads were stopped: 0.0046260 seconds, Stopping threads took: 0.0022210 seconds
284.024: Application time: 0.0411580 seconds
284.025: [GC [PSYoungGen: 48640K->6176K(48640K)] 133673K->91217K(160256K), 0.0019310 secs] [Times: user=0.02 sys=0.00, real=0.00 secs] 
284.027: Total time for which application threads were stopped: 0.0034150 seconds, Stopping threads took: 0.0014020 seconds
284.068: Application time: 0.0409980 seconds
284.070: [GC [PSYoungGen: 48160K->6512K(48640K)] 133201K->91553K(160256K), 0.0020220 secs] [Times: user=0.01 sys=0.00, real=0.01 secs] 
284.072: Total time for which application threads were stopped: 0.0034030 seconds, Stopping threads took: 0.0013000 seconds
284.112: Application time: 0.0402890 seconds
284.114: [GC [PSYoungGen: 48496K->6656K(48640K)] 133537K->92753K(160256K), 0.0054800 secs] [Times: user=0.02 sys=0.00, real=0.00 secs] 
284.119: Total time for which application threads were stopped: 0.0072280 seconds, Stopping threads took: 0.0016690 seconds
284.159: Application time: 0.0399530 seconds
284.161: [GC [PSYoungGen: 48640K->6624K(48640K)] 134737K->94049K(160256K), 0.0025140 secs] [Times: user=0.02 sys=0.00, real=0.01 secs] 
284.163: Total time for which application threads were stopped: 0.0042110 seconds, Stopping threads took: 0.0016060 seconds
284.203: Application time: 0.0400930 seconds
284.206: [GC [PSYoungGen: 48608K->6400K(48640K)] 136033K->93833K(160256K), 0.0020060 secs] [Times: user=0.01 sys=0.00, real=0.00 secs] 
284.208: Total time for which application threads were stopped: 0.0045500 seconds, Stopping threads took: 0.0024580 seconds
284.249: Application time: 0.0409850 seconds
284.251: [GC [PSYoungGen: 48384K->5152K(48640K)] 135817K->92585K(160256K), 0.0016980 secs] [Times: user=0.01 sys=0.00, real=0.00 secs] 
284.253: Total time for which application threads were stopped: 0.0039780 seconds, Stopping threads took: 0.0021950 seconds
284.294: Application time: 0.0407080 seconds
284.295: [GC [PSYoungGen: 47136K->6656K(48640K)] 134569K->94217K(160256K), 0.0021150 secs] [Times: user=0.02 sys=0.00, real=0.00 secs] 
284.297: Total time for which application threads were stopped: 0.0034640 seconds, Stopping threads took: 0.0012650 seconds
284.338: Application time: 0.0403950 seconds
284.339: [GC [PSYoungGen: 48640K->6640K(48640K)] 136201K->94737K(160256K), 0.0023760 secs] [Times: user=0.01 sys=0.00, real=0.00 secs] 
284.342: Total time for which application threads were stopped: 0.0040210 seconds, Stopping threads took: 0.0015580 seconds
284.382: Application time: 0.0401480 seconds
284.383: [GC [PSYoungGen: 48624K->6512K(48640K)] 136721K->94617K(160256K), 0.0019920 secs] [Times: user=0.01 sys=0.00, real=0.01 secs] 
284.385: Total time for which application threads were stopped: 0.0032020 seconds, Stopping threads took: 0.0011260 seconds
284.426: Application time: 0.0407160 seconds
284.427: [GC [PSYoungGen: 48496K->6656K(48640K)] 136601K->95217K(160256K), 0.0021920 secs] [Times: user=0.02 sys=0.00, real=0.00 secs] 
284.430: Total time for which application threads were stopped: 0.0040020 seconds, Stopping threads took: 0.0017250 seconds
284.471: Application time: 0.0414440 seconds
284.473: [GC [PSYoungGen: 48640K->6048K(48640K)] 137201K->94609K(160256K), 0.0018370 secs] [Times: user=0.02 sys=0.00, real=0.00 secs] 
284.475: Total time for which application threads were stopped: 0.0035430 seconds, Stopping threads took: 0.0016260 seconds
284.515: Application time: 0.0402200 seconds
284.517: [GC [PSYoungGen: 48032K->6624K(48640K)] 136593K->95785K(160256K), 0.0022980 secs] [Times: user=0.02 sys=0.00, real=0.00 secs] 
284.519: Total time for which application threads were stopped: 0.0041390 seconds, Stopping threads took: 0.0017610 seconds
284.560: Application time: 0.0411090 seconds
284.562: [GC [PSYoungGen: 48608K->6640K(48640K)] 137769K->96745K(160256K), 0.0023230 secs] [Times: user=0.01 sys=0.00, real=0.01 secs] 
284.564: Total time for which application threads were stopped: 0.0040410 seconds, Stopping threads took: 0.0016150 seconds
284.605: Application time: 0.0407460 seconds
284.607: [GC [PSYoungGen: 48624K->6624K(48640K)] 138729K->97593K(160256K), 0.0023850 secs] [Times: user=0.01 sys=0.00, real=0.00 secs] 
284.609: Total time for which application threads were stopped: 0.0040890 seconds, Stopping threads took: 0.0016160 seconds
284.650: Application time: 0.0414420 seconds
284.651: [GC [PSYoungGen: 48608K->6640K(48640K)] 139577K->97709K(160256K), 0.0022270 secs] [Times: user=0.01 sys=0.00, real=0.00 secs] 
284.654: Total time for which application threads were stopped: 0.0032600 seconds, Stopping threads took: 0.0009300 seconds
284.695: Application time: 0.0410120 seconds
284.696: [GC [PSYoungGen: 48624K->6640K(48640K)] 139693K->97733K(160256K), 0.0023590 secs] [Times: user=0.01 sys=0.00, real=0.00 secs] 
284.698: Total time for which application threads were stopped: 0.0036170 seconds, Stopping threads took: 0.0011760 seconds
284.738: Application time: 0.0399370 seconds
284.740: [GC [PSYoungGen: 48624K->6640K(48640K)] 139717K->97973K(160256K), 0.0022020 secs] [Times: user=0.02 sys=0.00, real=0.00 secs] 
284.742: Total time for which application threads were stopped: 0.0041080 seconds, Stopping threads took: 0.0018050 seconds
284.783: Application time: 0.0409830 seconds
284.784: [GC [PSYoungGen: 48624K->5168K(48640K)] 139957K->96501K(160256K), 0.0016810 secs] [Times: user=0.01 sys=0.00, real=0.00 secs] 
284.786: Total time for which application threads were stopped: 0.0026320 seconds, Stopping threads took: 0.0008650 seconds
284.826: Application time: 0.0396730 seconds
284.828: [GC [PSYoungGen: 47152K->6640K(48640K)] 138485K->98253K(160256K), 0.0021700 secs] [Times: user=0.01 sys=0.00, real=0.00 secs] 
284.830: Total time for which application threads were stopped: 0.0045420 seconds, Stopping threads took: 0.0022880 seconds
284.870: Application time: 0.0395300 seconds
284.872: [GC [PSYoungGen: 48624K->6448K(48640K)] 140237K->98061K(160256K), 0.0025080 secs] [Times: user=0.02 sys=0.00, real=0.00 secs] 
284.875: Total time for which application threads were stopped: 0.0052220 seconds, Stopping threads took: 0.0026300 seconds
284.916: Application time: 0.0413800 seconds
284.917: [GC [PSYoungGen: 48432K->5808K(48640K)] 140045K->97429K(160256K), 0.0019760 secs] [Times: user=0.01 sys=0.00, real=0.00 secs] 
284.919: Total time for which application threads were stopped: 0.0031470 seconds, Stopping threads took: 0.0010960 seconds
284.960: Application time: 0.0400280 seconds
284.961: [GC [PSYoungGen: 47792K->6656K(48640K)] 139413K->99437K(160256K), 0.0025210 secs] [Times: user=0.02 sys=0.00, real=0.01 secs] 
284.964: Total time for which application threads were stopped: 0.0043080 seconds, Stopping threads took: 0.0017040 seconds
285.004: Application time: 0.0400190 seconds
285.007: [GC [PSYoungGen: 48640K->6656K(48640K)] 141421K->100349K(160256K), 0.0023050 secs] [Times: user=0.01 sys=0.00, real=0.00 secs] 
285.009: Total time for which application threads were stopped: 0.0051630 seconds, Stopping threads took: 0.0027790 seconds
285.049: Application time: 0.0396580 seconds
285.050: [GC [PSYoungGen: 48640K->6288K(48640K)] 142333K->99981K(160256K), 0.0019870 secs] [Times: user=0.01 sys=0.00, real=0.01 secs] 
285.052: Total time for which application threads were stopped: 0.0035970 seconds, Stopping threads took: 0.0015240 seconds
285.093: Application time: 0.0406200 seconds
285.094: [GC [PSYoungGen: 48272K->5856K(48640K)] 141965K->99549K(160256K), 0.0019000 secs] [Times: user=0.01 sys=0.00, real=0.00 secs] 
285.096: Total time for which application threads were stopped: 0.0035280 seconds, Stopping threads took: 0.0015530 seconds
285.137: Application time: 0.0407020 seconds
285.139: [GC [PSYoungGen: 47840K->6640K(48640K)] 141533K->100437K(160256K), 0.0021550 secs] [Times: user=0.01 sys=0.00, real=0.00 secs] 
285.141: Total time for which application threads were stopped: 0.0040460 seconds, Stopping threads took: 0.0018120 seconds
285.182: Application time: 0.0405850 seconds
285.183: [GC [PSYoungGen: 48624K->6656K(48640K)] 142421K->101429K(160256K), 0.0023390 secs] [Times: user=0.02 sys=0.00, real=0.01 secs] 
285.186: Total time for which application threads were stopped: 0.0037460 seconds, Stopping threads took: 0.0013160 seconds
285.227: Application time: 0.0411190 seconds
285.229: [GC [PSYoungGen: 48640K->5984K(48640K)] 143413K->100757K(160256K), 0.0019410 secs] [Times: user=0.01 sys=0.00, real=0.00 secs] 
285.231: Total time for which application threads were stopped: 0.0040820 seconds, Stopping threads took: 0.0020610 seconds
285.270: Application time: 0.0396490 seconds
285.273: [GC [PSYoungGen: 47967K->6656K(48640K)] 142740K->101605K(160256K), 0.0021330 secs] [Times: user=0.02 sys=0.00, real=0.00 secs] 
285.275: Total time for which application threads were stopped: 0.0045130 seconds, Stopping threads took: 0.0022970 seconds
285.316: Application time: 0.0406730 seconds
285.317: [GC [PSYoungGen: 48640K->6656K(48640K)] 143589K->101621K(160256K), 0.0021380 secs] [Times: user=0.01 sys=0.00, real=0.00 secs] 
285.319: Total time for which application threads were stopped: 0.0036900 seconds, Stopping threads took: 0.0014650 seconds
285.358: Application time: 0.0390610 seconds
285.360: [GC [PSYoungGen: 48640K->6656K(48640K)] 143605K->102861K(160256K), 0.0024630 secs] [Times: user=0.01 sys=0.00, real=0.00 secs] 
285.362: Total time for which application threads were stopped: 0.0041760 seconds, Stopping threads took: 0.0016280 seconds
285.402: Application time: 0.0394720 seconds
285.404: [GC [PSYoungGen: 48639K->6304K(48640K)] 144844K->102509K(160256K), 0.0019740 secs] [Times: user=0.01 sys=0.00, real=0.00 secs] 
285.406: Total time for which application threads were stopped: 0.0038610 seconds, Stopping threads took: 0.0018040 seconds
285.445: Application time: 0.0395790 seconds
285.447: [GC [PSYoungGen: 48288K->5696K(48640K)] 144493K->101909K(160256K), 0.0017310 secs] [Times: user=0.01 sys=0.00, real=0.00 secs] 
285.449: Total time for which application threads were stopped: 0.0036000 seconds, Stopping threads took: 0.0017920 seconds
285.488: Application time: 0.0385730 seconds
285.490: [GC [PSYoungGen: 47680K->6656K(48640K)] 143893K->103085K(160256K), 0.0020870 secs] [Times: user=0.01 sys=0.00, real=0.01 secs] 
285.492: Total time for which application threads were stopped: 0.0041150 seconds, Stopping threads took: 0.0019510 seconds
285.528: Application time: 0.0360010 seconds
285.530: [GC [PSYoungGen: 48640K->6624K(48640K)] 145069K->103621K(160256K), 0.0022350 secs] [Times: user=0.01 sys=0.00, real=0.01 secs] 
285.533: Total time for which application threads were stopped: 0.0049480 seconds, Stopping threads took: 0.0026310 seconds
285.569: Application time: 0.0367310 seconds
285.572: [GC [PSYoungGen: 48608K->6656K(48640K)] 145605K->104045K(160256K), 0.0022110 secs] [Times: user=0.02 sys=0.00, real=0.00 secs] 
285.575: Total time for which application threads were stopped: 0.0051870 seconds, Stopping threads took: 0.0028960 seconds
285.612: Application time: 0.0376340 seconds
285.614: [GC [PSYoungGen: 48640K->6016K(48640K)] 146029K->103413K(160256K), 0.0018580 secs] [Times: user=0.01 sys=0.00, real=0.00 secs] 
285.616: Total time for which application threads were stopped: 0.0035270 seconds, Stopping threads took: 0.0015940 seconds
285.654: Application time: 0.0379430 seconds
285.656: [GC [PSYoungGen: 48000K->6656K(48640K)] 145397K->104577K(160256K), 0.0023240 secs] [Times: user=0.01 sys=0.00, real=0.00 secs] 
285.658: Total time for which application threads were stopped: 0.0044580 seconds, Stopping threads took: 0.0020570 seconds
285.696: Application time: 0.0376310 seconds
285.697: [GC [PSYoungGen: 48640K->6656K(48640K)] 146561K->105393K(160256K), 0.0024600 secs] [Times: user=0.01 sys=0.01, real=0.00 secs] 
285.700: Total time for which application threads were stopped: 0.0038560 seconds, Stopping threads took: 0.0013150 seconds
285.736: Application time: 0.0366810 seconds
285.738: [GC [PSYoungGen: 48640K->6640K(48640K)] 147377K->106033K(160256K), 0.0023110 secs] [Times: user=0.02 sys=0.00, real=0.00 secs] 
285.740: Total time for which application threads were stopped: 0.0038110 seconds, Stopping threads took: 0.0014100 seconds
285.778: Application time: 0.0374230 seconds
285.781: [GC [PSYoungGen: 48624K->6656K(48640K)] 148017K->106489K(160256K), 0.0021530 secs] [Times: user=0.02 sys=0.00, real=0.00 secs] 
285.783: Total time for which application threads were stopped: 0.0052790 seconds, Stopping threads took: 0.0030450 seconds
285.822: Application time: 0.0391880 seconds
285.823: [GC [PSYoungGen: 48640K->5440K(48640K)] 148473K->105281K(160256K), 0.0017840 secs] [Times: user=0.01 sys=0.00, real=0.00 secs] 
285.825: Total time for which application threads were stopped: 0.0030050 seconds, Stopping threads took: 0.0011360 seconds
285.862: Application time: 0.0368960 seconds
285.863: [GC [PSYoungGen: 47424K->5728K(48640K)] 147265K->105569K(160256K), 0.0018080 secs] [Times: user=0.01 sys=0.00, real=0.00 secs] 
285.865: Total time for which application threads were stopped: 0.0033720 seconds, Stopping threads took: 0.0014850 seconds
285.904: Application time: 0.0384270 seconds
285.905: [GC [PSYoungGen: 47712K->6464K(48640K)] 147553K->106305K(160256K), 0.0020810 secs] [Times: user=0.01 sys=0.00, real=0.00 secs] 
285.907: Total time for which application threads were stopped: 0.0030070 seconds, Stopping threads took: 0.0008470 seconds
285.944: Application time: 0.0369920 seconds
285.945: [GC [PSYoungGen: 48447K->6656K(48640K)] 148288K->108001K(160256K), 0.0025900 secs] [Times: user=0.01 sys=0.00, real=0.00 secs] 
285.948: Total time for which application threads were stopped: 0.0037720 seconds, Stopping threads took: 0.0010970 seconds
285.984: Application time: 0.0364650 seconds
285.986: [GC [PSYoungGen: 48640K->6656K(48640K)] 149985K->108697K(160256K), 0.0022410 secs] [Times: user=0.02 sys=0.00, real=0.00 secs] 
285.988: Total time for which application threads were stopped: 0.0039590 seconds, Stopping threads took: 0.0016360 seconds
286.024: Application time: 0.0365470 seconds
286.027: [GC [PSYoungGen: 48640K->6656K(48640K)] 150681K->109705K(160256K), 0.0023010 secs] [Times: user=0.02 sys=0.00, real=0.00 secs] 
286.030: Total time for which application threads were stopped: 0.0052760 seconds, Stopping threads took: 0.0028900 seconds
286.067: Application time: 0.0374700 seconds
286.069: [GC [PSYoungGen: 48640K->6656K(48640K)] 151689K->110721K(160256K), 0.0023290 secs] [Times: user=0.02 sys=0.00, real=0.00 secs] 
286.071: Total time for which application threads were stopped: 0.0037580 seconds, Stopping threads took: 0.0013480 seconds
286.109: Application time: 0.0381330 seconds
286.110: [GC [PSYoungGen: 48640K->6656K(48640K)] 152705K->110985K(160256K), 0.0022140 secs] [Times: user=0.01 sys=0.00, real=0.01 secs] 
286.113: Total time for which application threads were stopped: 0.0034270 seconds, Stopping threads took: 0.0011310 seconds
286.151: Application time: 0.0388480 seconds
286.153: [GC [PSYoungGen: 48640K->5920K(48640K)] 152969K->110257K(160256K), 0.0018430 secs] [Times: user=0.01 sys=0.00, real=0.00 secs] 
286.155: Total time for which application threads were stopped: 0.0033960 seconds, Stopping threads took: 0.0014790 seconds
286.193: Application time: 0.0382290 seconds
286.194: [GC [PSYoungGen: 47904K->6656K(48640K)] 152241K->111081K(160256K), 0.0021020 secs] [Times: user=0.01 sys=0.00, real=0.00 secs] 
286.196: Total time for which application threads were stopped: 0.0030710 seconds, Stopping threads took: 0.0008900 seconds
286.234: Application time: 0.0382860 seconds
286.236: [GC [PSYoungGen: 48640K->5808K(48640K)] 153065K->110233K(160256K), 0.0018620 secs] [Times: user=0.01 sys=0.00, real=0.00 secs] 
286.238: Total time for which application threads were stopped: 0.0035620 seconds, Stopping threads took: 0.0016190 seconds
286.276: Application time: 0.0377270 seconds
286.277: [GC [PSYoungGen: 47792K->6640K(48640K)] 152217K->111873K(160256K), 0.0022430 secs] [Times: user=0.02 sys=0.00, real=0.00 secs] 
286.279: Total time for which application threads were stopped: 0.0037400 seconds, Stopping threads took: 0.0014100 seconds
286.318: Application time: 0.0385080 seconds
286.319: [GC [PSYoungGen: 48624K->6368K(48640K)] 153857K->111601K(160256K), 0.0021510 secs] [Times: user=0.01 sys=0.00, real=0.00 secs] 
286.321: Total time for which application threads were stopped: 0.0035410 seconds, Stopping threads took: 0.0013110 seconds
286.358: Application time: 0.0369590 seconds
286.360: [GC [PSYoungGen: 48352K->6656K(48640K)] 153585K->113354K(160256K), 0.0024780 secs] [Times: user=0.02 sys=0.00, real=0.00 secs] 
286.363: Total time for which application threads were stopped: 0.0043040 seconds, Stopping threads took: 0.0017340 seconds
286.401: Application time: 0.0386940 seconds
286.402: [GC [PSYoungGen: 48640K->5888K(48640K)] 155338K->112586K(160256K), 0.0019110 secs] [Times: user=0.02 sys=0.00, real=0.01 secs] 
286.404: Total time for which application threads were stopped: 0.0029730 seconds, Stopping threads took: 0.0009790 seconds
286.443: Application time: 0.0387880 seconds
286.445: [GC [PSYoungGen: 47872K->6432K(48640K)] 154570K->113130K(160256K), 0.0019560 secs] [Times: user=0.02 sys=0.00, real=0.00 secs] 
286.447: Total time for which application threads were stopped: 0.0034330 seconds, Stopping threads took: 0.0014010 seconds
286.486: Application time: 0.0389060 seconds
286.487: [GC [PSYoungGen: 48416K->6192K(48640K)] 155114K->112890K(160256K), 0.0019750 secs] [Times: user=0.01 sys=0.00, real=0.00 secs] 
286.489: Total time for which application threads were stopped: 0.0034350 seconds, Stopping threads took: 0.0013790 seconds
286.527: Application time: 0.0378380 seconds
286.529: [GC [PSYoungGen: 48176K->6576K(48640K)] 154874K->113282K(160256K), 0.0020100 secs] [Times: user=0.01 sys=0.00, real=0.00 secs] 
286.531: Total time for which application threads were stopped: 0.0038260 seconds, Stopping threads took: 0.0017370 seconds
286.569: Application time: 0.0383970 seconds
286.571: [GC [PSYoungGen: 48560K->5328K(48640K)] 155266K->112034K(160256K), 0.0016450 secs] [Times: user=0.01 sys=0.00, real=0.01 secs] 
286.572: Total time for which application threads were stopped: 0.0032390 seconds, Stopping threads took: 0.0015180 seconds
286.610: Application time: 0.0375600 seconds
286.611: [GC [PSYoungGen: 47312K->5792K(48640K)] 154018K->112506K(160256K), 0.0018290 secs] [Times: user=0.01 sys=0.00, real=0.00 secs] 
286.613: Total time for which application threads were stopped: 0.0034820 seconds, Stopping threads took: 0.0015760 seconds
286.653: Application time: 0.0392660 seconds
286.654: [GC [PSYoungGen: 47776K->5280K(48640K)] 154490K->112002K(160256K), 0.0016820 secs] [Times: user=0.01 sys=0.00, real=0.00 secs] 
286.656: Total time for which application threads were stopped: 0.0029370 seconds, Stopping threads took: 0.0011810 seconds
286.694: Application time: 0.0384350 seconds
286.695: [GC [PSYoungGen: 47264K->5424K(48640K)] 153986K->112154K(160256K), 0.0017880 secs] [Times: user=0.01 sys=0.00, real=0.00 secs] 
286.697: Total time for which application threads were stopped: 0.0030500 seconds, Stopping threads took: 0.0011860 seconds
286.735: Application time: 0.0379270 seconds
286.736: [GC [PSYoungGen: 47408K->6320K(48640K)] 154138K->113050K(160256K), 0.0021280 secs] [Times: user=0.01 sys=0.00, real=0.00 secs] 
286.738: Total time for which application threads were stopped: 0.0033590 seconds, Stopping threads took: 0.0011540 seconds
286.776: Application time: 0.0373050 seconds
286.777: [GC [PSYoungGen: 48304K->6560K(48640K)] 155034K->113290K(160256K), 0.0020020 secs] [Times: user=0.01 sys=0.00, real=0.00 secs] 
286.779: Total time for which application threads were stopped: 0.0037380 seconds, Stopping threads took: 0.0016560 seconds
286.817: Application time: 0.0378330 seconds
286.818: [GC [PSYoungGen: 48544K->6656K(48640K)] 155274K->113810K(160256K), 0.0022190 secs] [Times: user=0.02 sys=0.00, real=0.00 secs] 
286.820: Total time for which application threads were stopped: 0.0032170 seconds, Stopping threads took: 0.0009160 seconds
286.859: Application time: 0.0390540 seconds
286.861: [GC [PSYoungGen: 48640K->4960K(48640K)] 155794K->112122K(160256K), 0.0018700 secs] [Times: user=0.01 sys=0.00, real=0.00 secs] 
286.862: Total time for which application threads were stopped: 0.0029660 seconds, Stopping threads took: 0.0010180 seconds
286.901: Application time: 0.0382640 seconds
286.903: [GC [PSYoungGen: 46944K->6640K(48640K)] 154106K->114314K(160256K), 0.0022550 secs] [Times: user=0.02 sys=0.00, real=0.01 secs] 
286.905: Total time for which application threads were stopped: 0.0040760 seconds, Stopping threads took: 0.0017220 seconds
286.943: Application time: 0.0380080 seconds
286.944: [GC [PSYoungGen: 48624K->5680K(48640K)] 156298K->113362K(160256K), 0.0017470 secs] [Times: user=0.02 sys=0.00, real=0.00 secs] 
286.946: Total time for which application threads were stopped: 0.0028500 seconds, Stopping threads took: 0.0010280 seconds
286.984: Application time: 0.0383850 seconds
286.986: [GC [PSYoungGen: 47664K->6656K(48640K)] 155346K->114354K(160256K), 0.0020900 secs] [Times: user=0.01 sys=0.00, real=0.00 secs] 
286.988: Total time for which application threads were stopped: 0.0038190 seconds, Stopping threads took: 0.0016460 seconds
287.024: Application time: 0.0358850 seconds
287.026: [GC [PSYoungGen: 48640K->6640K(48640K)] 156338K->115042K(160256K), 0.0022920 secs] [Times: user=0.01 sys=0.00, real=0.00 secs] 
287.028: Total time for which application threads were stopped: 0.0043810 seconds, Stopping threads took: 0.0020060 seconds
287.067: Application time: 0.0383820 seconds
287.069: [GC [PSYoungGen: 48624K->6656K(48640K)] 157026K->116050K(160256K), 0.0023100 secs] [Times: user=0.01 sys=0.01, real=0.01 secs] 
287.071: Total time for which application threads were stopped: 0.0046300 seconds, Stopping threads took: 0.0022260 seconds
287.110: Application time: 0.0386120 seconds
287.111: [GC [PSYoungGen: 48640K->6656K(48640K)] 158034K->116298K(160256K), 0.0021080 secs] [Times: user=0.01 sys=0.00, real=0.01 secs] 
287.113: Total time for which application threads were stopped: 0.0034680 seconds, Stopping threads took: 0.0012790 seconds
287.151: Application time: 0.0377960 seconds
287.153: [GC [PSYoungGen: 48640K->6624K(48640K)] 158282K->116978K(160256K), 0.0021800 secs] [Times: user=0.02 sys=0.00, real=0.00 secs] 
287.155: [Full GC [PSYoungGen: 6624K->0K(48640K)] [ParOldGen: 110354K->10426K(111616K)] 116978K->10426K(160256K) [PSPermGen: 5184K->5184K(21504K)], 0.0062300 secs] [Times: user=0.02 sys=0.00, real=0.00 secs] 
287.161: Total time for which application threads were stopped: 0.0103400 seconds, Stopping threads took: 0.0017980 seconds
287.201: Application time: 0.0399100 seconds
287.203: [GC [PSYoungGen: 41984K->6048K(48640K)] 52410K->16474K(160256K), 0.0018420 secs] [Times: user=0.01 sys=0.00, real=0.00 secs] 
287.205: Total time for which application threads were stopped: 0.0037670 seconds, Stopping threads took: 0.0018510 seconds
287.242: Application time: 0.0367130 seconds
287.243: [GC [PSYoungGen: 48032K->6656K(48640K)] 58458K->17306K(160256K), 0.0020240 secs] [Times: user=0.01 sys=0.00, real=0.01 secs] 
287.245: Total time for which application threads were stopped: 0.0033520 seconds, Stopping threads took: 0.0012510 seconds
287.282: Application time: 0.0373510 seconds
287.284: [GC [PSYoungGen: 48640K->5616K(48640K)] 59290K->16266K(160256K), 0.0016430 secs] [Times: user=0.01 sys=0.00, real=0.00 secs] 
287.285: Total time for which application threads were stopped: 0.0029150 seconds, Stopping threads took: 0.0012020 seconds
287.323: Application time: 0.0374010 seconds
287.325: [GC [PSYoungGen: 47600K->5872K(48640K)] 58250K->16522K(160256K), 0.0016240 secs] [Times: user=0.01 sys=0.00, real=0.00 secs] 
287.327: Total time for which application threads were stopped: 0.0037290 seconds, Stopping threads took: 0.0020320 seconds
287.365: Application time: 0.0384880 seconds
287.366: [GC [PSYoungGen: 47856K->6432K(48640K)] 58506K->17082K(160256K), 0.0019170 secs] [Times: user=0.01 sys=0.00, real=0.00 secs] 
287.368: Total time for which application threads were stopped: 0.0029810 seconds, Stopping threads took: 0.0009890 seconds
287.406: Application time: 0.0381330 seconds
287.408: [GC [PSYoungGen: 48416K->6640K(48640K)] 59066K->18490K(160256K), 0.0023360 secs] [Times: user=0.02 sys=0.00, real=0.00 secs] 
287.410: Total time for which application threads were stopped: 0.0039450 seconds, Stopping threads took: 0.0015190 seconds
287.448: Application time: 0.0378910 seconds
287.449: [GC [PSYoungGen: 48624K->6624K(48640K)] 60474K->18906K(160256K), 0.0021240 secs] [Times: user=0.01 sys=0.00, real=0.01 secs] 
287.451: Total time for which application threads were stopped: 0.0033700 seconds, Stopping threads took: 0.0011690 seconds
287.489: Application time: 0.0378200 seconds
287.491: [GC [PSYoungGen: 48608K->6432K(48640K)] 60890K->18714K(160256K), 0.0018540 secs] [Times: user=0.01 sys=0.00, real=0.01 secs] 
287.493: Total time for which application threads were stopped: 0.0033360 seconds, Stopping threads took: 0.0014030 seconds
287.531: Application time: 0.0386380 seconds
287.532: [GC [PSYoungGen: 48416K->6656K(48640K)] 60698K->19010K(160256K), 0.0019940 secs] [Times: user=0.01 sys=0.00, real=0.00 secs] 
287.534: Total time for which application threads were stopped: 0.0029850 seconds, Stopping threads took: 0.0009150 seconds
287.573: Application time: 0.0384480 seconds
287.574: [GC [PSYoungGen: 48640K->6640K(48640K)] 60994K->19330K(160256K), 0.0020940 secs] [Times: user=0.02 sys=0.00, real=0.00 secs] 
287.576: Total time for which application threads were stopped: 0.0036880 seconds, Stopping threads took: 0.0015070 seconds
287.614: Application time: 0.0381380 seconds
287.615: [GC [PSYoungGen: 48624K->6640K(48640K)] 61314K->19386K(160256K), 0.0019970 secs] [Times: user=0.01 sys=0.00, real=0.00 secs] 
287.617: Total time for which application threads were stopped: 0.0030620 seconds, Stopping threads took: 0.0009910 seconds
287.655: Application time: 0.0379250 seconds
287.657: [GC [PSYoungGen: 48624K->6624K(48640K)] 61370K->20418K(160256K), 0.0022500 secs] [Times: user=0.02 sys=0.00, real=0.00 secs] 
287.659: Total time for which application threads were stopped: 0.0035820 seconds, Stopping threads took: 0.0012430 seconds
287.697: Application time: 0.0376150 seconds
287.698: [GC [PSYoungGen: 48608K->6656K(48640K)] 62402K->21798K(160256K), 0.0024050 secs] [Times: user=0.02 sys=0.00, real=0.00 secs] 
287.701: Total time for which application threads were stopped: 0.0038840 seconds, Stopping threads took: 0.0013980 seconds
287.738: Application time: 0.0375240 seconds
287.740: [GC [PSYoungGen: 48640K->6640K(48640K)] 63782K->22326K(160256K), 0.0021300 secs] [Times: user=0.02 sys=0.00, real=0.00 secs] 
287.742: Total time for which application threads were stopped: 0.0041930 seconds, Stopping threads took: 0.0019830 seconds
287.780: Application time: 0.0382170 seconds
287.782: [GC [PSYoungGen: 48624K->6656K(48640K)] 64310K->23234K(160256K), 0.0021980 secs] [Times: user=0.01 sys=0.00, real=0.01 secs] 
287.784: Total time for which application threads were stopped: 0.0034650 seconds, Stopping threads took: 0.0011850 seconds
287.822: Application time: 0.0378350 seconds
287.823: [GC [PSYoungGen: 48640K->6656K(48640K)] 65218K->23650K(160256K), 0.0021800 secs] [Times: user=0.01 sys=0.00, real=0.00 secs] 
287.826: Total time for which application threads were stopped: 0.0037520 seconds, Stopping threads took: 0.0014910 seconds
287.864: Application time: 0.0388220 seconds
287.865: [GC [PSYoungGen: 48640K->5152K(48640K)] 65634K->22146K(160256K), 0.0016890 secs] [Times: user=0.01 sys=0.00, real=0.00 secs] 
287.867: Total time for which application threads were stopped: 0.0024770 seconds, Stopping threads took: 0.0006930 seconds
287.906: Application time: 0.0389680 seconds
287.907: [GC [PSYoungGen: 47136K->4464K(48640K)] 64130K->21474K(160256K), 0.0013600 secs] [Times: user=0.01 sys=0.00, real=0.00 secs] 
287.908: Total time for which application threads were stopped: 0.0024810 seconds, Stopping threads took: 0.0010490 seconds
287.945: Application time: 0.0364950 seconds
287.947: [GC [PSYoungGen: 46448K->6640K(48640K)] 63458K->24570K(160256K), 0.0022330 secs] [Times: user=0.01 sys=0.00, real=0.00 secs] 
287.949: Total time for which application threads were stopped: 0.0041570 seconds, Stopping threads took: 0.0018250 seconds
287.986: Application time: 0.0373340 seconds
287.988: [GC [PSYoungGen: 48624K->6656K(48640K)] 66554K->24930K(160256K), 0.0020950 secs] [Times: user=0.01 sys=0.00, real=0.00 secs] 
287.990: Total time for which application threads were stopped: 0.0036740 seconds, Stopping threads took: 0.0015000 seconds
288.028: Application time: 0.0378330 seconds
288.029: [GC [PSYoungGen: 48640K->5072K(48640K)] 66914K->23346K(160256K), 0.0014280 secs] [Times: user=0.01 sys=0.00, real=0.00 secs] 
288.031: Total time for which application threads were stopped: 0.0031020 seconds, Stopping threads took: 0.0016040 seconds
288.070: Application time: 0.0386400 seconds
288.071: [GC [PSYoungGen: 47054K->6048K(48640K)] 65328K->24330K(160256K), 0.0017290 secs] [Times: user=0.01 sys=0.00, real=0.00 secs] 
288.073: Total time for which application threads were stopped: 0.0035690 seconds, Stopping threads took: 0.0017600 seconds
288.112: Application time: 0.0389360 seconds
288.112: [GC [PSYoungGen: 48032K->6656K(48640K)] 66314K->25042K(160256K), 0.0020210 secs] [Times: user=0.02 sys=0.00, real=0.00 secs] 
288.115: Total time for which application threads were stopped: 0.0025370 seconds, Stopping threads took: 0.0004330 seconds
288.152: Application time: 0.0378870 seconds
288.154: [GC [PSYoungGen: 48640K->6640K(48640K)] 67026K->25186K(160256K), 0.0019520 secs] [Times: user=0.02 sys=0.00, real=0.00 secs] 
288.156: Total time for which application threads were stopped: 0.0033250 seconds, Stopping threads took: 0.0012910 seconds
288.193: Application time: 0.0369780 seconds
288.194: [GC [PSYoungGen: 48624K->6640K(48640K)] 67170K->25787K(160256K), 0.0021230 secs] [Times: user=0.01 sys=0.00, real=0.00 secs] 
288.196: Total time for which application threads were stopped: 0.0035720 seconds, Stopping threads took: 0.0013660 seconds
288.233: Application time: 0.0370220 seconds
288.235: [GC [PSYoungGen: 48624K->6656K(48640K)] 67771K->26891K(160256K), 0.0022100 secs] [Times: user=0.02 sys=0.00, real=0.00 secs] 
288.237: Total time for which application threads were stopped: 0.0039450 seconds, Stopping threads took: 0.0016530 seconds
288.275: Application time: 0.0372600 seconds
288.277: [GC [PSYoungGen: 48640K->6592K(48640K)] 68875K->26827K(160256K), 0.0019270 secs] [Times: user=0.01 sys=0.00, real=0.00 secs] 
288.279: Total time for which application threads were stopped: 0.0040070 seconds, Stopping threads took: 0.0020060 seconds
288.317: Application time: 0.0388740 seconds
288.319: [GC [PSYoungGen: 48576K->6144K(48640K)] 68811K->26379K(160256K), 0.0017800 secs] [Times: user=0.01 sys=0.00, real=0.00 secs] 
288.321: Total time for which application threads were stopped: 0.0035280 seconds, Stopping threads took: 0.0016610 seconds
288.357: Application time: 0.0358130 seconds
288.360: [GC [PSYoungGen: 48128K->6656K(48640K)] 68363K->28011K(160256K), 0.0022460 secs] [Times: user=0.01 sys=0.00, real=0.00 secs] 
288.362: Total time for which application threads were stopped: 0.0052670 seconds, Stopping threads took: 0.0029410 seconds
288.399: Application time: 0.0367020 seconds
288.401: [GC [PSYoungGen: 48640K->6656K(48640K)] 69995K->29435K(160256K), 0.0022990 secs] [Times: user=0.01 sys=0.00, real=0.00 secs] 
288.403: Total time for which application threads were stopped: 0.0041690 seconds, Stopping threads took: 0.0017910 seconds
288.440: Application time: 0.0370870 seconds
288.442: [GC [PSYoungGen: 48640K->6656K(48640K)] 71419K->30195K(160256K), 0.0021890 secs] [Times: user=0.02 sys=0.00, real=0.01 secs] 
288.444: Total time for which application threads were stopped: 0.0039230 seconds, Stopping threads took: 0.0016530 seconds
288.482: Application time: 0.0377740 seconds
288.484: [GC [PSYoungGen: 48640K->5952K(48640K)] 72179K->29491K(160256K), 0.0017140 secs] [Times: user=0.01 sys=0.00, real=0.00 secs] 
288.486: Total time for which application threads were stopped: 0.0042100 seconds, Stopping threads took: 0.0024170 seconds
288.524: Application time: 0.0381410 seconds
288.526: [GC [PSYoungGen: 47936K->5936K(48640K)] 71475K->29475K(160256K), 0.0017330 secs] [Times: user=0.01 sys=0.00, real=0.00 secs] 
288.527: Total time for which application threads were stopped: 0.0032770 seconds, Stopping threads took: 0.0014700 seconds
288.565: Application time: 0.0376530 seconds
288.567: [GC [PSYoungGen: 47920K->6656K(48640K)] 71459K->30211K(160256K), 0.0018970 secs] [Times: user=0.02 sys=0.00, real=0.00 secs] 
288.569: Total time for which application threads were stopped: 0.0035060 seconds, Stopping threads took: 0.0015310 seconds
288.607: Application time: 0.0381510 seconds
288.608: [GC [PSYoungGen: 48640K->6656K(48640K)] 72195K->31395K(160256K), 0.0022610 secs] [Times: user=0.02 sys=0.00, real=0.00 secs] 
288.610: Total time for which application threads were stopped: 0.0035120 seconds, Stopping threads took: 0.0011690 seconds
288.649: Application time: 0.0387890 seconds
288.650: [GC [PSYoungGen: 48640K->6624K(48640K)] 73379K->31987K(160256K), 0.0020820 secs] [Times: user=0.02 sys=0.00, real=0.01 secs] 
288.652: Total time for which application threads were stopped: 0.0029780 seconds, Stopping threads took: 0.0008170 seconds
288.690: Application time: 0.0380510 seconds
288.692: [GC [PSYoungGen: 48608K->6640K(48640K)] 73971K->32067K(160256K), 0.0019650 secs] [Times: user=0.01 sys=0.00, real=0.00 secs] 
288.694: Total time for which application threads were stopped: 0.0038460 seconds, Stopping threads took: 0.0018060 seconds
288.730: Application time: 0.0358150 seconds
288.732: [GC [PSYoungGen: 48624K->6640K(48640K)] 74051K->33491K(160256K), 0.0023680 secs] [Times: user=0.01 sys=0.00, real=0.00 secs] 
288.734: Total time for which application threads were stopped: 0.0047020 seconds, Stopping threads took: 0.0022540 seconds
288.772: Application time: 0.0379170 seconds
288.775: [GC [PSYoungGen: 48624K->5568K(48640K)] 75475K->32419K(160256K), 0.0016450 secs] [Times: user=0.01 sys=0.00, real=0.00 secs] 
288.777: Total time for which application threads were stopped: 0.0044450 seconds, Stopping threads took: 0.0027240 seconds
288.814: Application time: 0.0373920 seconds
288.816: [GC [PSYoungGen: 47552K->6640K(48640K)] 74403K->33707K(160256K), 0.0020380 secs] [Times: user=0.01 sys=0.00, real=0.00 secs] 
288.818: Total time for which application threads were stopped: 0.0040440 seconds, Stopping threads took: 0.0019310 seconds
288.857: Application time: 0.0383630 seconds
288.858: [GC [PSYoungGen: 48624K->5680K(48640K)] 75691K->32747K(160256K), 0.0016950 secs] [Times: user=0.01 sys=0.00, real=0.00 secs] 
288.860: Total time for which application threads were stopped: 0.0031820 seconds, Stopping threads took: 0.0014100 seconds
288.897: Application time: 0.0370360 seconds
288.899: [GC [PSYoungGen: 47664K->6624K(48640K)] 74731K->34379K(160256K), 0.0021880 secs] [Times: user=0.02 sys=0.00, real=0.00 secs] 
288.901: Total time for which application threads were stopped: 0.0040590 seconds, Stopping threads took: 0.0017860 seconds
288.939: Application time: 0.0379830 seconds
288.941: [GC [PSYoungGen: 48608K->6624K(48640K)] 76363K->34395K(160256K), 0.0019510 secs] [Times: user=0.01 sys=0.00, real=0.00 secs] 
288.943: Total time for which application threads were stopped: 0.0039460 seconds, Stopping threads took: 0.0018960 seconds
288.980: Application time: 0.0371620 seconds
288.982: [GC [PSYoungGen: 48608K->6656K(48640K)] 76379K->34683K(160256K), 0.0020510 secs] [Times: user=0.02 sys=0.00, real=0.01 secs] 
288.984: Total time for which application threads were stopped: 0.0040610 seconds, Stopping threads took: 0.0019310 seconds
289.022: Application time: 0.0379230 seconds
289.023: [GC [PSYoungGen: 48640K->6640K(48640K)] 76667K->35339K(160256K), 0.0021790 secs] [Times: user=0.02 sys=0.00, real=0.00 secs] 
289.026: Total time for which application threads were stopped: 0.0037140 seconds, Stopping threads took: 0.0014470 seconds
289.064: Application time: 0.0381120 seconds
289.067: [GC [PSYoungGen: 48624K->6320K(48640K)] 77323K->35019K(160256K), 0.0018390 secs] [Times: user=0.02 sys=0.00, real=0.00 secs] 
289.068: Total time for which application threads were stopped: 0.0046930 seconds, Stopping threads took: 0.0027740 seconds
289.107: Application time: 0.0383080 seconds
289.108: [GC [PSYoungGen: 48304K->6624K(48640K)] 77003K->35331K(160256K), 0.0019760 secs] [Times: user=0.01 sys=0.00, real=0.00 secs] 
289.110: Total time for which application threads were stopped: 0.0032270 seconds, Stopping threads took: 0.0011710 seconds
289.149: Application time: 0.0387580 seconds
289.150: [GC [PSYoungGen: 48608K->6656K(48640K)] 77315K->35539K(160256K), 0.0020120 secs] [Times: user=0.01 sys=0.00, real=0.01 secs] 
289.152: Total time for which application threads were stopped: 0.0034720 seconds, Stopping threads took: 0.0013810 seconds
289.191: Application time: 0.0384290 seconds
289.192: [GC [PSYoungGen: 48640K->6384K(48640K)] 77523K->35275K(160256K), 0.0019070 secs] [Times: user=0.01 sys=0.00, real=0.00 secs] 
289.194: Total time for which application threads were stopped: 0.0033330 seconds, Stopping threads took: 0.0013440 seconds
289.231: Application time: 0.0369700 seconds
289.233: [GC [PSYoungGen: 48368K->6656K(48640K)] 77259K->37107K(160256K), 0.0024340 secs] [Times: user=0.01 sys=0.00, real=0.00 secs] 
289.235: Total time for which application threads were stopped: 0.0041970 seconds, Stopping threads took: 0.0016710 seconds
289.271: Application time: 0.0360750 seconds
289.273: [GC [PSYoungGen: 48640K->6656K(48640K)] 79091K->38003K(160256K), 0.0022290 secs] [Times: user=0.02 sys=0.00, real=0.00 secs] 
289.275: Total time for which application threads were stopped: 0.0040860 seconds, Stopping threads took: 0.0017730 seconds
289.312: Application time: 0.0364680 seconds
289.314: [GC [PSYoungGen: 48640K->6656K(48640K)] 79987K->39363K(160256K), 0.0023500 secs] [Times: user=0.01 sys=0.00, real=0.00 secs] 
289.316: Total time for which application threads were stopped: 0.0042380 seconds, Stopping threads took: 0.0018070 seconds
289.354: Application time: 0.0375020 seconds
289.356: [GC [PSYoungGen: 48640K->6640K(48640K)] 81347K->39683K(160256K), 0.0020720 secs] [Times: user=0.01 sys=0.00, real=0.00 secs] 
289.358: Total time for which application threads were stopped: 0.0046160 seconds, Stopping threads took: 0.0024640 seconds
289.396: Application time: 0.0380460 seconds
289.397: [GC [PSYoungGen: 48624K->6656K(48640K)] 81667K->40879K(160256K), 0.0022720 secs] [Times: user=0.01 sys=0.00, real=0.00 secs] 
289.400: Total time for which application threads were stopped: 0.0034910 seconds, Stopping threads took: 0.0011360 seconds
289.437: Application time: 0.0369570 seconds
289.439: [GC [PSYoungGen: 48640K->6640K(48640K)] 82863K->41471K(160256K), 0.0021080 secs] [Times: user=0.01 sys=0.00, real=0.00 secs] 
289.441: Total time for which application threads were stopped: 0.0040260 seconds, Stopping threads took: 0.0018370 seconds
289.478: Application time: 0.0372310 seconds
289.481: [GC [PSYoungGen: 48624K->6640K(48640K)] 83455K->41583K(160256K), 0.0019620 secs] [Times: user=0.01 sys=0.00, real=0.00 secs] 
289.483: Total time for which application threads were stopped: 0.0047860 seconds, Stopping threads took: 0.0027480 seconds
289.523: Application time: 0.0405330 seconds
289.525: [GC [PSYoungGen: 48624K->6640K(48640K)] 83567K->42031K(160256K), 0.0020310 secs] [Times: user=0.02 sys=0.00, real=0.00 secs] 
289.527: Total time for which application threads were stopped: 0.0036110 seconds, Stopping threads took: 0.0014880 seconds
289.567: Application time: 0.0404890 seconds
289.569: [GC [PSYoungGen: 48624K->6640K(48640K)] 84015K->42399K(160256K), 0.0021400 secs] [Times: user=0.01 sys=0.00, real=0.00 secs] 
289.571: Total time for which application threads were stopped: 0.0037830 seconds, Stopping threads took: 0.0015610 seconds
289.611: Application time: 0.0396600 seconds
289.612: [GC [PSYoungGen: 48624K->6640K(48640K)] 84383K->42719K(160256K), 0.0021090 secs] [Times: user=0.01 sys=0.00, real=0.00 secs] 
289.615: Total time for which application threads were stopped: 0.0037660 seconds, Stopping threads took: 0.0015720 seconds
289.655: Application time: 0.0403170 seconds
289.656: [GC [PSYoungGen: 48624K->6640K(48640K)] 84703K->42767K(160256K), 0.0021410 secs] [Times: user=0.02 sys=0.00, real=0.00 secs] 
289.659: Total time for which application threads were stopped: 0.0037410 seconds, Stopping threads took: 0.0015220 seconds
289.699: Application time: 0.0402550 seconds
289.700: [GC [PSYoungGen: 48624K->6640K(48640K)] 84751K->43615K(160256K), 0.0023100 secs] [Times: user=0.01 sys=0.00, real=0.00 secs] 
289.703: Total time for which application threads were stopped: 0.0038680 seconds, Stopping threads took: 0.0014760 seconds
289.743: Application time: 0.0401080 seconds
289.745: [GC [PSYoungGen: 48623K->6656K(48640K)] 85599K->44927K(160256K), 0.0023360 secs] [Times: user=0.01 sys=0.00, real=0.00 secs] 
289.747: Total time for which application threads were stopped: 0.0041760 seconds, Stopping threads took: 0.0017570 seconds
289.787: Application time: 0.0397900 seconds
289.788: [GC [PSYoungGen: 48640K->6112K(48640K)] 86911K->44383K(160256K), 0.0017550 secs] [Times: user=0.01 sys=0.00, real=0.00 secs] 
289.790: Total time for which application threads were stopped: 0.0034800 seconds, Stopping threads took: 0.0016450 seconds
289.830: Application time: 0.0401220 seconds
289.832: [GC [PSYoungGen: 48096K->5472K(48640K)] 86367K->43743K(160256K), 0.0017220 secs] [Times: user=0.01 sys=0.00, real=0.00 secs] 
289.834: Total time for which application threads were stopped: 0.0032450 seconds, Stopping threads took: 0.0014470 seconds
289.874: Application time: 0.0401140 seconds
289.875: [GC [PSYoungGen: 47456K->5840K(48640K)] 85727K->44119K(160256K), 0.0017640 secs] [Times: user=0.01 sys=0.00, real=0.00 secs] 
289.877: Total time for which application threads were stopped: 0.0028650 seconds, Stopping threads took: 0.0010230 seconds
289.917: Application time: 0.0403810 seconds
289.919: [GC [PSYoungGen: 47824K->6656K(48640K)] 86103K->45367K(160256K), 0.0021140 secs] [Times: user=0.02 sys=0.00, real=0.00 secs] 
289.921: Total time for which application threads were stopped: 0.0038680 seconds, Stopping threads took: 0.0016740 seconds
289.961: Application time: 0.0402680 seconds
289.964: [GC [PSYoungGen: 48640K->6144K(48640K)] 87351K->44863K(160256K), 0.0019190 secs] [Times: user=0.02 sys=0.00, real=0.00 secs] 
289.966: Total time for which application threads were stopped: 0.0044400 seconds, Stopping threads took: 0.0024390 seconds
290.006: Application time: 0.0406700 seconds
290.008: [GC [PSYoungGen: 48128K->6576K(48640K)] 86847K->45303K(160256K), 0.0019640 secs] [Times: user=0.01 sys=0.00, real=0.00 secs] 
290.010: Total time for which application threads were stopped: 0.0036630 seconds, Stopping threads took: 0.0016220 seconds
290.049: Application time: 0.0395090 seconds
290.052: [GC [PSYoungGen: 48560K->6640K(48640K)] 87287K->46071K(160256K), 0.0022030 secs] [Times: user=0.02 sys=0.00, real=0.00 secs] 
290.054: Total time for which application threads were stopped: 0.0044880 seconds, Stopping threads took: 0.0021920 seconds
290.093: Application time: 0.0391440 seconds
290.095: [GC [PSYoungGen: 48624K->6656K(48640K)] 88055K->47111K(160256K), 0.0022790 secs] [Times: user=0.02 sys=0.00, real=0.00 secs] 
290.097: Total time for which application threads were stopped: 0.0041710 seconds, Stopping threads took: 0.0018070 seconds
290.137: Application time: 0.0399950 seconds
290.140: [GC [PSYoungGen: 48640K->6656K(48640K)] 89095K->48623K(160256K), 0.0027130 secs] [Times: user=0.02 sys=0.00, real=0.00 secs] 
290.142: Total time for which application threads were stopped: 0.0049880 seconds, Stopping threads took: 0.0021920 seconds
290.183: Application time: 0.0409920 seconds
290.187: [GC [PSYoungGen: 48640K->5536K(48640K)] 90607K->47511K(160256K), 0.0019120 secs] [Times: user=0.01 sys=0.00, real=0.00 secs] 
290.189: Total time for which application threads were stopped: 0.0060940 seconds, Stopping threads took: 0.0040860 seconds
290.230: Application time: 0.0406550 seconds
290.231: [GC [PSYoungGen: 47520K->5440K(48640K)] 89495K->47423K(160256K), 0.0017310 secs] [Times: user=0.01 sys=0.00, real=0.00 secs] 
290.233: Total time for which application threads were stopped: 0.0032050 seconds, Stopping threads took: 0.0013980 seconds
290.275: Application time: 0.0417240 seconds
290.276: [GC [PSYoungGen: 47424K->5472K(48640K)] 89407K->47455K(160256K), 0.0017090 secs] [Times: user=0.01 sys=0.00, real=0.00 secs] 
290.278: Total time for which application threads were stopped: 0.0028210 seconds, Stopping threads took: 0.0010320 seconds
290.320: Application time: 0.0417970 seconds
290.321: [GC [PSYoungGen: 47455K->4992K(48640K)] 89439K->46983K(160256K), 0.0015550 secs] [Times: user=0.01 sys=0.00, real=0.00 secs] 
290.322: Total time for which application threads were stopped: 0.0026860 seconds, Stopping threads took: 0.0010610 seconds
290.363: Application time: 0.0410900 seconds
290.364: [GC [PSYoungGen: 46976K->6464K(48640K)] 88967K->48455K(160256K), 0.0019650 secs] [Times: user=0.02 sys=0.00, real=0.00 secs] 
290.366: Total time for which application threads were stopped: 0.0030950 seconds, Stopping threads took: 0.0010460 seconds
290.408: Application time: 0.0416520 seconds
290.410: [GC [PSYoungGen: 48448K->5344K(48640K)] 90439K->47335K(160256K), 0.0016050 secs] [Times: user=0.02 sys=0.00, real=0.01 secs] 
290.411: Total time for which application threads were stopped: 0.0032050 seconds, Stopping threads took: 0.0015230 seconds
290.453: Application time: 0.0414440 seconds
290.454: [GC [PSYoungGen: 47328K->5280K(48640K)] 89319K->47279K(160256K), 0.0016310 secs] [Times: user=0.01 sys=0.00, real=0.00 secs] 
290.456: Total time for which application threads were stopped: 0.0033110 seconds, Stopping threads took: 0.0016050 seconds
290.497: Application time: 0.0412840 seconds
290.499: [GC [PSYoungGen: 47264K->5680K(48640K)] 89263K->47687K(160256K), 0.0016710 secs] [Times: user=0.01 sys=0.00, real=0.00 secs] 
290.501: Total time for which application threads were stopped: 0.0033210 seconds, Stopping threads took: 0.0015690 seconds
290.543: Application time: 0.0419140 seconds
290.544: [GC [PSYoungGen: 47664K->5184K(48640K)] 89671K->47191K(160256K), 0.0016140 secs] [Times: user=0.01 sys=0.00, real=0.00 secs] 
290.546: Total time for which application threads were stopped: 0.0033820 seconds, Stopping threads took: 0.0016970 seconds
290.585: Application time: 0.0389860 seconds
290.586: [GC [PSYoungGen: 47168K->6656K(48640K)] 89175K->49423K(160256K), 0.0022450 secs] [Times: user=0.02 sys=0.00, real=0.00 secs] 
290.589: Total time for which application threads were stopped: 0.0037930 seconds, Stopping threads took: 0.0014550 seconds
290.629: Application time: 0.0399160 seconds
290.631: [GC [PSYoungGen: 48640K->5632K(48640K)] 91407K->48399K(160256K), 0.0016610 secs] [Times: user=0.01 sys=0.00, real=0.00 secs] 
290.633: Total time for which application threads were stopped: 0.0044970 seconds, Stopping threads took: 0.0027600 seconds
290.673: Application time: 0.0398840 seconds
290.674: [GC [PSYoungGen: 47616K->6640K(48640K)] 90383K->49471K(160256K), 0.0019560 secs] [Times: user=0.01 sys=0.00, real=0.00 secs] 
290.676: Total time for which application threads were stopped: 0.0029130 seconds, Stopping threads took: 0.0008750 seconds
290.715: Application time: 0.0386510 seconds
290.716: [GC [PSYoungGen: 48624K->6656K(48640K)] 91455K->50791K(160256K), 0.0024480 secs] [Times: user=0.02 sys=0.00, real=0.00 secs] 
290.719: Total time for which application threads were stopped: 0.0042260 seconds, Stopping threads took: 0.0016900 seconds
290.759: Application time: 0.0402010 seconds
290.760: [GC [PSYoungGen: 48640K->6400K(48640K)] 92775K->50544K(160256K), 0.0019810 secs] [Times: user=0.02 sys=0.00, real=0.00 secs] 
290.762: Total time for which application threads were stopped: 0.0029440 seconds, Stopping threads took: 0.0008790 seconds
290.803: Application time: 0.0410340 seconds
290.805: [GC [PSYoungGen: 48384K->5760K(48640K)] 92528K->49903K(160256K), 0.0018470 secs] [Times: user=0.01 sys=0.00, real=0.00 secs] 
290.807: Total time for which application threads were stopped: 0.0038120 seconds, Stopping threads took: 0.0018810 seconds
290.847: Application time: 0.0398240 seconds
290.848: [GC [PSYoungGen: 47744K->6352K(48640K)] 91887K->50504K(160256K), 0.0019620 secs] [Times: user=0.01 sys=0.00, real=0.00 secs] 
290.850: Total time for which application threads were stopped: 0.0033800 seconds, Stopping threads took: 0.0013380 seconds
290.891: Application time: 0.0408090 seconds
290.894: [GC [PSYoungGen: 48336K->6640K(48640K)] 92488K->50928K(160256K), 0.0020350 secs] [Times: user=0.02 sys=0.00, real=0.00 secs] 
290.896: Total time for which application threads were stopped: 0.0050220 seconds, Stopping threads took: 0.0029030 seconds
290.937: Application time: 0.0406920 seconds
290.939: [GC [PSYoungGen: 48624K->6656K(48640K)] 92912K->51488K(160256K), 0.0021610 secs] [Times: user=0.01 sys=0.00, real=0.00 secs] 
290.941: Total time for which application threads were stopped: 0.0046260 seconds, Stopping threads took: 0.0023820 seconds
290.982: Application time: 0.0408300 seconds
290.984: [GC [PSYoungGen: 48640K->6640K(48640K)] 93472K->51628K(160256K), 0.0020930 secs] [Times: user=0.01 sys=0.00, real=0.00 secs] 
290.986: Total time for which application threads were stopped: 0.0041380 seconds, Stopping threads took: 0.0019630 seconds
291.025: Application time: 0.0389450 seconds
291.028: [GC [PSYoungGen: 48624K->6624K(48640K)] 93612K->52060K(160256K), 0.0021610 secs] [Times: user=0.01 sys=0.00, real=0.00 secs] 
291.030: Total time for which application threads were stopped: 0.0048510 seconds, Stopping threads took: 0.0026120 seconds
291.069: Application time: 0.0388650 seconds
291.071: [GC [PSYoungGen: 48608K->6640K(48640K)] 94044K->52920K(160256K), 0.0022470 secs] [Times: user=0.02 sys=0.00, real=0.00 secs] 
291.074: Total time for which application threads were stopped: 0.0046770 seconds, Stopping threads took: 0.0023420 seconds
291.113: Application time: 0.0396240 seconds
291.115: [GC [PSYoungGen: 48624K->6400K(48640K)] 94904K->52688K(160256K), 0.0019550 secs] [Times: user=0.01 sys=0.00, real=0.00 secs] 
291.117: Total time for which application threads were stopped: 0.0040930 seconds, Stopping threads took: 0.0020470 seconds
291.157: Application time: 0.0394680 seconds
291.159: [GC [PSYoungGen: 48384K->6640K(48640K)] 94672K->53552K(160256K), 0.0023270 secs] [Times: user=0.02 sys=0.01, real=0.00 secs] 
291.161: Total time for which application threads were stopped: 0.0042300 seconds, Stopping threads took: 0.0018190 seconds
291.202: Application time: 0.0407580 seconds
291.203: [GC [PSYoungGen: 48624K->5600K(48640K)] 95536K->52512K(160256K), 0.0017690 secs] [Times: user=0.01 sys=0.00, real=0.00 secs] 
291.205: Total time for which application threads were stopped: 0.0035290 seconds, Stopping threads took: 0.0016830 seconds
291.246: Application time: 0.0403860 seconds
291.247: [GC [PSYoungGen: 47584K->4928K(48640K)] 94496K->51840K(160256K), 0.0015840 secs] [Times: user=0.01 sys=0.00, real=0.00 secs] 
291.248: Total time for which application threads were stopped: 0.0028520 seconds, Stopping threads took: 0.0011950 seconds
291.289: Application time: 0.0401020 seconds
291.290: [GC [PSYoungGen: 46912K->6304K(48640K)] 93824K->53224K(160256K), 0.0018870 secs] [Times: user=0.01 sys=0.00, real=0.01 secs] 
291.292: Total time for which application threads were stopped: 0.0034950 seconds, Stopping threads took: 0.0015310 seconds
291.332: Application time: 0.0397410 seconds
291.334: [GC [PSYoungGen: 48288K->6144K(48640K)] 95208K->53072K(160256K), 0.0018690 secs] [Times: user=0.01 sys=0.00, real=0.00 secs] 
291.336: Total time for which application threads were stopped: 0.0043210 seconds, Stopping threads took: 0.0023690 seconds
291.377: Application time: 0.0410140 seconds
291.379: [GC [PSYoungGen: 48128K->6048K(48640K)] 95056K->52984K(160256K), 0.0018400 secs] [Times: user=0.01 sys=0.00, real=0.00 secs] 
291.381: Total time for which application threads were stopped: 0.0036400 seconds, Stopping threads took: 0.0017180 seconds
291.423: Application time: 0.0424740 seconds
291.425: [GC [PSYoungGen: 48032K->5280K(48640K)] 94968K->52224K(160256K), 0.0018050 secs] [Times: user=0.01 sys=0.00, real=0.00 secs] 
291.427: Total time for which application threads were stopped: 0.0035450 seconds, Stopping threads took: 0.0016640 seconds
291.467: Application time: 0.0403290 seconds
291.469: [GC [PSYoungGen: 47264K->6640K(48640K)] 94208K->53952K(160256K), 0.0021440 secs] [Times: user=0.01 sys=0.00, real=0.00 secs] 
291.471: Total time for which application threads were stopped: 0.0036000 seconds, Stopping threads took: 0.0013670 seconds
291.511: Application time: 0.0400030 seconds
291.513: [GC [PSYoungGen: 48623K->6640K(48640K)] 95936K->54944K(160256K), 0.0022460 secs] [Times: user=0.02 sys=0.00, real=0.00 secs] 
291.515: Total time for which application threads were stopped: 0.0041410 seconds, Stopping threads took: 0.0018120 seconds
291.556: Application time: 0.0407270 seconds
291.557: [GC [PSYoungGen: 48624K->6656K(48640K)] 96928K->55224K(160256K), 0.0020790 secs] [Times: user=0.01 sys=0.00, real=0.00 secs] 
291.559: Total time for which application threads were stopped: 0.0036420 seconds, Stopping threads took: 0.0014860 seconds
291.599: Application time: 0.0394940 seconds
291.602: [GC [PSYoungGen: 48640K->6656K(48640K)] 97208K->55352K(160256K), 0.0021060 secs] [Times: user=0.01 sys=0.00, real=0.01 secs] 
291.604: Total time for which application threads were stopped: 0.0050160 seconds, Stopping threads took: 0.0028240 seconds
291.644: Application time: 0.0403050 seconds
291.646: [GC [PSYoungGen: 48640K->6624K(48640K)] 97336K->55448K(160256K), 0.0020600 secs] [Times: user=0.01 sys=0.00, real=0.00 secs] 
291.648: Total time for which application threads were stopped: 0.0038050 seconds, Stopping threads took: 0.0016580 seconds
291.689: Application time: 0.0406570 seconds
291.690: [GC [PSYoungGen: 48608K->6240K(48640K)] 97432K->55072K(160256K), 0.0018680 secs] [Times: user=0.01 sys=0.00, real=0.01 secs] 
291.692: Total time for which application threads were stopped: 0.0032360 seconds, Stopping threads took: 0.0012910 seconds
291.732: Application time: 0.0403070 seconds
291.735: [GC [PSYoungGen: 48224K->6656K(48640K)] 97056K->55816K(160256K), 0.0020970 secs] [Times: user=0.02 sys=0.00, real=0.00 secs] 
291.737: Total time for which application threads were stopped: 0.0051550 seconds, Stopping threads took: 0.0029700 seconds
291.778: Application time: 0.0408670 seconds
291.780: [GC [PSYoungGen: 48640K->6080K(48640K)] 97800K->55240K(160256K), 0.0018860 secs] [Times: user=0.01 sys=0.00, real=0.00 secs] 
291.782: Total time for which application threads were stopped: 0.0038300 seconds, Stopping threads took: 0.0018600 seconds
291.820: Application time: 0.0383410 seconds
291.823: [GC [PSYoungGen: 48064K->6624K(48640K)] 97224K->57300K(160256K), 0.0024810 secs] [Times: user=0.02 sys=0.00, real=0.01 secs] 
291.825: Total time for which application threads were stopped: 0.0048640 seconds, Stopping threads took: 0.0022950 seconds
291.866: Application time: 0.0408620 seconds
291.869: [GC [PSYoungGen: 48608K->5680K(48640K)] 99284K->56364K(160256K), 0.0016640 secs] [Times: user=0.01 sys=0.00, real=0.00 secs] 
291.870: Total time for which application threads were stopped: 0.0041970 seconds, Stopping threads took: 0.0024550 seconds
291.912: Application time: 0.0412970 seconds
291.913: [GC [PSYoungGen: 47664K->4976K(48640K)] 98348K->55668K(160256K), 0.0016100 secs] [Times: user=0.01 sys=0.00, real=0.00 secs] 
291.914: Total time for which application threads were stopped: 0.0029130 seconds, Stopping threads took: 0.0012240 seconds
291.956: Application time: 0.0419470 seconds
291.958: [GC [PSYoungGen: 46960K->5408K(48640K)] 97652K->56108K(160256K), 0.0017700 secs] [Times: user=0.01 sys=0.00, real=0.00 secs] 
291.960: Total time for which application threads were stopped: 0.0034750 seconds, Stopping threads took: 0.0016290 seconds
292.001: Application time: 0.0407620 seconds
292.002: [GC [PSYoungGen: 47392K->6352K(48640K)] 98092K->57052K(160256K), 0.0019680 secs] [Times: user=0.01 sys=0.00, real=0.01 secs] 
292.004: Total time for which application threads were stopped: 0.0037730 seconds, Stopping threads took: 0.0017120 seconds
292.046: Application time: 0.0413280 seconds
292.047: [GC [PSYoungGen: 48336K->4976K(48640K)] 99036K->55676K(160256K), 0.0016020 secs] [Times: user=0.01 sys=0.00, real=0.00 secs] 
292.049: Total time for which application threads were stopped: 0.0030410 seconds, Stopping threads took: 0.0013700 seconds
292.091: Application time: 0.0419160 seconds
292.092: [GC [PSYoungGen: 46960K->6464K(48640K)] 97660K->57180K(160256K), 0.0020110 secs] [Times: user=0.01 sys=0.00, real=0.00 secs] 
292.094: Total time for which application threads were stopped: 0.0035550 seconds, Stopping threads took: 0.0014670 seconds
292.135: Application time: 0.0403910 seconds
292.136: [GC [PSYoungGen: 48448K->6656K(48640K)] 99164K->57420K(160256K), 0.0020490 secs] [Times: user=0.01 sys=0.00, real=0.00 secs] 
292.139: Total time for which application threads were stopped: 0.0038290 seconds, Stopping threads took: 0.0017020 seconds
292.179: Application time: 0.0407600 seconds
292.181: [GC [PSYoungGen: 48640K->6240K(48640K)] 99404K->57012K(160256K), 0.0020880 secs] [Times: user=0.02 sys=0.00, real=0.01 secs] 
292.183: Total time for which application threads were stopped: 0.0038940 seconds, Stopping threads took: 0.0016880 seconds
292.223: Application time: 0.0398090 seconds
292.225: [GC [PSYoungGen: 48224K->6640K(48640K)] 98996K->57684K(160256K), 0.0021260 secs] [Times: user=0.01 sys=0.01, real=0.00 secs] 
292.227: Total time for which application threads were stopped: 0.0041740 seconds, Stopping threads took: 0.0019520 seconds
292.268: Application time: 0.0407100 seconds
292.270: [GC [PSYoungGen: 48624K->4192K(48640K)] 99668K->55236K(160256K), 0.0015380 secs] [Times: user=0.01 sys=0.00, real=0.01 secs] 
292.272: Total time for which application threads were stopped: 0.0041890 seconds, Stopping threads took: 0.0025600 seconds
292.313: Application time: 0.0411470 seconds
292.314: [GC [PSYoungGen: 46176K->6544K(48640K)] 97220K->57588K(160256K), 0.0021210 secs] [Times: user=0.02 sys=0.00, real=0.00 secs] 
292.316: Total time for which application threads were stopped: 0.0030230 seconds, Stopping threads took: 0.0008010 seconds
292.356: Application time: 0.0401660 seconds
292.358: [GC [PSYoungGen: 48528K->6624K(48640K)] 99572K->58196K(160256K), 0.0021850 secs] [Times: user=0.02 sys=0.00, real=0.00 secs] 
292.360: Total time for which application threads were stopped: 0.0040080 seconds, Stopping threads took: 0.0017330 seconds
292.402: Application time: 0.0415140 seconds
292.404: [GC [PSYoungGen: 48608K->5888K(48640K)] 100180K->57484K(160256K), 0.0018650 secs] [Times: user=0.02 sys=0.00, real=0.00 secs] 
292.406: Total time for which application threads were stopped: 0.0036810 seconds, Stopping threads took: 0.0017380 seconds
292.446: Application time: 0.0408280 seconds
292.449: [GC [PSYoungGen: 47872K->6336K(48640K)] 99468K->57932K(160256K), 0.0019400 secs] [Times: user=0.01 sys=0.00, real=0.00 secs] 
292.451: Total time for which application threads were stopped: 0.0040780 seconds, Stopping threads took: 0.0020570 seconds
292.489: Application time: 0.0380200 seconds
292.491: [GC [PSYoungGen: 48320K->6624K(48640K)] 99916K->58968K(160256K), 0.0022830 secs] [Times: user=0.02 sys=0.00, real=0.01 secs] 
292.493: Total time for which application threads were stopped: 0.0042850 seconds, Stopping threads took: 0.0019220 seconds
292.534: Application time: 0.0408910 seconds
292.535: [GC [PSYoungGen: 48608K->6256K(48640K)] 100952K->58616K(160256K), 0.0019150 secs] [Times: user=0.01 sys=0.00, real=0.00 secs] 
292.537: Total time for which application threads were stopped: 0.0034690 seconds, Stopping threads took: 0.0014730 seconds
292.578: Application time: 0.0407290 seconds
292.580: [GC [PSYoungGen: 48240K->6624K(48640K)] 100600K->59000K(160256K), 0.0021180 secs] [Times: user=0.02 sys=0.00, real=0.00 secs] 
292.582: Total time for which application threads were stopped: 0.0044130 seconds, Stopping threads took: 0.0022120 seconds
292.622: Application time: 0.0395280 seconds
292.624: [GC [PSYoungGen: 48607K->5536K(48640K)] 100983K->57920K(160256K), 0.0018440 secs] [Times: user=0.01 sys=0.00, real=0.00 secs] 
292.626: Total time for which application threads were stopped: 0.0041610 seconds, Stopping threads took: 0.0022400 seconds
292.667: Application time: 0.0412680 seconds
292.669: [GC [PSYoungGen: 47520K->6640K(48640K)] 99904K->59240K(160256K), 0.0020970 secs] [Times: user=0.01 sys=0.00, real=0.00 secs] 
292.671: Total time for which application threads were stopped: 0.0037860 seconds, Stopping threads took: 0.0016100 seconds
292.711: Application time: 0.0395810 seconds
292.712: [GC [PSYoungGen: 48624K->6416K(48640K)] 101224K->59016K(160256K), 0.0018920 secs] [Times: user=0.01 sys=0.00, real=0.00 secs] 
292.714: Total time for which application threads were stopped: 0.0036910 seconds, Stopping threads took: 0.0017110 seconds
292.754: Application time: 0.0395230 seconds
292.756: [GC [PSYoungGen: 48400K->6640K(48640K)] 101000K->60384K(160256K), 0.0023580 secs] [Times: user=0.02 sys=0.00, real=0.00 secs] 
292.758: Total time for which application threads were stopped: 0.0042550 seconds, Stopping threads took: 0.0018100 seconds
292.798: Application time: 0.0402960 seconds
292.800: [GC [PSYoungGen: 48624K->6064K(48640K)] 102368K->59816K(160256K), 0.0020790 secs] [Times: user=0.01 sys=0.00, real=0.00 secs] 
292.803: Total time for which application threads were stopped: 0.0040910 seconds, Stopping threads took: 0.0019260 seconds
292.843: Application time: 0.0404980 seconds
292.845: [GC [PSYoungGen: 48048K->6432K(48640K)] 101800K->60184K(160256K), 0.0019170 secs] [Times: user=0.02 sys=0.00, real=0.00 secs] 
292.847: Total time for which application threads were stopped: 0.0034810 seconds, Stopping threads took: 0.0014820 seconds
292.886: Application time: 0.0396850 seconds
292.888: [GC [PSYoungGen: 48416K->6624K(48640K)] 102168K->60464K(160256K), 0.0020550 secs] [Times: user=0.01 sys=0.00, real=0.00 secs] 
292.890: Total time for which application threads were stopped: 0.0041260 seconds, Stopping threads took: 0.0019900 seconds
292.931: Application time: 0.0405030 seconds
292.933: [GC [PSYoungGen: 48608K->6656K(48640K)] 102448K->61056K(160256K), 0.0022600 secs] [Times: user=0.02 sys=0.00, real=0.00 secs] 
292.935: Total time for which application threads were stopped: 0.0045160 seconds, Stopping threads took: 0.0021730 seconds
292.975: Application time: 0.0400720 seconds
292.978: [GC [PSYoungGen: 48640K->6656K(48640K)] 103040K->62032K(160256K), 0.0022950 secs] [Times: user=0.01 sys=0.00, real=0.00 secs] 
292.980: Total time for which application threads were stopped: 0.0044230 seconds, Stopping threads took: 0.0020430 seconds
293.020: Application time: 0.0397670 seconds
293.021: [GC [PSYoungGen: 48640K->6656K(48640K)] 104016K->62272K(160256K), 0.0020570 secs] [Times: user=0.01 sys=0.00, real=0.01 secs] 
293.023: Total time for which application threads were stopped: 0.0038260 seconds, Stopping threads took: 0.0016850 seconds
293.062: Application time: 0.0389500 seconds
293.064: [GC [PSYoungGen: 48640K->6656K(48640K)] 104256K->62920K(160256K), 0.0021940 secs] [Times: user=0.02 sys=0.00, real=0.00 secs] 
293.066: Total time for which application threads were stopped: 0.0038810 seconds, Stopping threads took: 0.0016030 seconds
293.107: Application time: 0.0402800 seconds
293.108: [GC [PSYoungGen: 48640K->5776K(48640K)] 104904K->62040K(160256K), 0.0017570 secs] [Times: user=0.01 sys=0.00, real=0.00 secs] 
293.110: Total time for which application threads were stopped: 0.0035840 seconds, Stopping threads took: 0.0017490 seconds
293.152: Application time: 0.0414220 seconds
293.155: [GC [PSYoungGen: 47760K->6368K(48640K)] 104024K->62640K(160256K), 0.0019470 secs] [Times: user=0.01 sys=0.00, real=0.00 secs] 
293.157: Total time for which application threads were stopped: 0.0050790 seconds, Stopping threads took: 0.0030510 seconds
293.196: Application time: 0.0391410 seconds
293.198: [GC [PSYoungGen: 48352K->6640K(48640K)] 104624K->63804K(160256K), 0.0023480 secs] [Times: user=0.02 sys=0.00, real=0.00 secs] 
293.200: Total time for which application threads were stopped: 0.0043240 seconds, Stopping threads took: 0.0018850 seconds
293.241: Application time: 0.0411730 seconds
293.245: [GC [PSYoungGen: 48624K->6512K(48640K)] 105788K->63676K(160256K), 0.0019360 secs] [Times: user=0.01 sys=0.00, real=0.00 secs] 
293.247: Total time for which application threads were stopped: 0.0052620 seconds, Stopping threads took: 0.0032360 seconds
293.287: Application time: 0.0402120 seconds
293.289: [GC [PSYoungGen: 48496K->6640K(48640K)] 105660K->64472K(160256K), 0.0022700 secs] [Times: user=0.02 sys=0.00, real=0.00 secs] 
293.291: Total time for which application threads were stopped: 0.0041010 seconds, Stopping threads took: 0.0017560 seconds
293.331: Application time: 0.0400380 seconds
293.332: [GC [PSYoungGen: 48623K->6624K(48640K)] 106455K->65528K(160256K), 0.0023130 secs] [Times: user=0.01 sys=0.00, real=0.00 secs] 
293.334: Total time for which application threads were stopped: 0.0035040 seconds, Stopping threads took: 0.0011070 seconds
293.375: Application time: 0.0404260 seconds
293.376: [GC [PSYoungGen: 48608K->6640K(48640K)] 107512K->66000K(160256K), 0.0021740 secs] [Times: user=0.02 sys=0.00, real=0.00 secs] 
293.379: Total time for which application threads were stopped: 0.0037280 seconds, Stopping threads took: 0.0014730 seconds
293.419: Application time: 0.0400040 seconds
293.420: [GC [PSYoungGen: 48624K->5824K(48640K)] 107984K->65184K(160256K), 0.0017850 secs] [Times: user=0.01 sys=0.00, real=0.00 secs] 
293.422: Total time for which application threads were stopped: 0.0036880 seconds, Stopping threads took: 0.0018210 seconds
293.463: Application time: 0.0406610 seconds
293.465: [GC [PSYoungGen: 47808K->6656K(48640K)] 107168K->66072K(160256K), 0.0021360 secs] [Times: user=0.02 sys=0.00, real=0.00 secs] 
293.467: Total time for which application threads were stopped: 0.0038150 seconds, Stopping threads took: 0.0015940 seconds
293.506: Application time: 0.0387420 seconds
293.507: [GC [PSYoungGen: 48640K->6080K(48640K)] 108056K->65504K(160256K), 0.0019370 secs] [Times: user=0.01 sys=0.00, real=0.00 secs] 
293.509: Total time for which application threads were stopped: 0.0039110 seconds, Stopping threads took: 0.0018980 seconds
293.547: Application time: 0.0377130 seconds
293.548: [GC [PSYoungGen: 48064K->6496K(48640K)] 107488K->65928K(160256K), 0.0019970 secs] [Times: user=0.01 sys=0.00, real=0.00 secs] 
293.550: Total time for which application threads were stopped: 0.0030600 seconds, Stopping threads took: 0.0009840 seconds
293.590: Application time: 0.0400530 seconds
293.592: [GC [PSYoungGen: 48480K->6560K(48640K)] 107912K->65992K(160256K), 0.0019870 secs] [Times: user=0.01 sys=0.00, real=0.00 secs] 
293.594: Total time for which application threads were stopped: 0.0038920 seconds, Stopping threads took: 0.0018300 seconds
293.631: Application time: 0.0364620 seconds
293.633: [GC [PSYoungGen: 48544K->6656K(48640K)] 107976K->67312K(160256K), 0.0023700 secs] [Times: user=0.02 sys=0.00, real=0.00 secs] 
293.635: Total time for which application threads were stopped: 0.0047760 seconds, Stopping threads took: 0.0023210 seconds
293.671: Application time: 0.0353590 seconds
293.673: [GC [PSYoungGen: 48640K->6656K(48640K)] 109296K->67904K(160256K), 0.0021110 secs] [Times: user=0.01 sys=0.00, real=0.00 secs] 
293.675: Total time for which application threads were stopped: 0.0045430 seconds, Stopping threads took: 0.0023520 seconds
293.712: Application time: 0.0368290 seconds
293.714: [GC [PSYoungGen: 48640K->6656K(48640K)] 109888K->68721K(160256K), 0.0022020 secs] [Times: user=0.02 sys=0.00, real=0.00 secs] 
293.716: Total time for which application threads were stopped: 0.0041230 seconds, Stopping threads took: 0.0018410 seconds
293.753: Application time: 0.0370170 seconds
293.756: [GC [PSYoungGen: 48640K->6640K(48640K)] 110705K->69913K(160256K), 0.0023070 secs] [Times: user=0.02 sys=0.00, real=0.00 secs] 
293.758: Total time for which application threads were stopped: 0.0046530 seconds, Stopping threads took: 0.0022610 seconds
293.797: Application time: 0.0391800 seconds
293.799: [GC [PSYoungGen: 48624K->6304K(48640K)] 111897K->69585K(160256K), 0.0020830 secs] [Times: user=0.01 sys=0.01, real=0.00 secs] 
293.801: Total time for which application threads were stopped: 0.0041370 seconds, Stopping threads took: 0.0019560 seconds
293.839: Application time: 0.0382270 seconds
293.841: [GC [PSYoungGen: 48288K->6640K(48640K)] 111569K->71017K(160256K), 0.0023730 secs] [Times: user=0.02 sys=0.00, real=0.00 secs] 
293.843: Total time for which application threads were stopped: 0.0034680 seconds, Stopping threads took: 0.0010080 seconds
293.880: Application time: 0.0372890 seconds
293.882: [GC [PSYoungGen: 48624K->6656K(48640K)] 113001K->71881K(160256K), 0.0022270 secs] [Times: user=0.02 sys=0.00, real=0.01 secs] 
293.884: Total time for which application threads were stopped: 0.0037760 seconds, Stopping threads took: 0.0014660 seconds
293.923: Application time: 0.0387300 seconds
293.924: [GC [PSYoungGen: 48640K->5088K(48640K)] 113865K->70313K(160256K), 0.0016210 secs] [Times: user=0.01 sys=0.00, real=0.00 secs] 
293.926: Total time for which application threads were stopped: 0.0030300 seconds, Stopping threads took: 0.0013380 seconds
293.965: Application time: 0.0387650 seconds
293.966: [GC [PSYoungGen: 47072K->6416K(48640K)] 112297K->71649K(160256K), 0.0019670 secs] [Times: user=0.01 sys=0.00, real=0.00 secs] 
293.968: Total time for which application threads were stopped: 0.0030990 seconds, Stopping threads took: 0.0010590 seconds
294.006: Application time: 0.0381110 seconds
294.007: [GC [PSYoungGen: 48400K->5312K(48640K)] 113633K->70545K(160256K), 0.0016270 secs] [Times: user=0.01 sys=0.00, real=0.00 secs] 
294.008: Total time for which application threads were stopped: 0.0024320 seconds, Stopping threads took: 0.0007320 seconds
294.046: Application time: 0.0381680 seconds
294.048: [GC [PSYoungGen: 47296K->6640K(48640K)] 112529K->71889K(160256K), 0.0019550 secs] [Times: user=0.02 sys=0.00, real=0.00 secs] 
294.050: Total time for which application threads were stopped: 0.0036100 seconds, Stopping threads took: 0.0015790 seconds
294.088: Application time: 0.0376330 seconds
294.090: [GC [PSYoungGen: 48624K->6640K(48640K)] 113873K->72233K(160256K), 0.0023480 secs] [Times: user=0.02 sys=0.00, real=0.01 secs] 
294.093: Total time for which application threads were stopped: 0.0050220 seconds, Stopping threads took: 0.0025910 seconds
294.129: Application time: 0.0365930 seconds
294.131: [GC [PSYoungGen: 48624K->6640K(48640K)] 114217K->73801K(160256K), 0.0025850 secs] [Times: user=0.02 sys=0.00, real=0.00 secs] 
294.134: Total time for which application threads were stopped: 0.0047830 seconds, Stopping threads took: 0.0021130 seconds
294.173: Application time: 0.0386230 seconds
294.174: [GC [PSYoungGen: 48624K->6624K(48640K)] 115785K->73801K(160256K), 0.0020000 secs] [Times: user=0.01 sys=0.00, real=0.00 secs] 
294.176: Total time for which application threads were stopped: 0.0034940 seconds, Stopping threads took: 0.0014170 seconds
294.214: Application time: 0.0375930 seconds
294.215: [GC [PSYoungGen: 48608K->6640K(48640K)] 115785K->74041K(160256K), 0.0021610 secs] [Times: user=0.01 sys=0.00, real=0.00 secs] 
294.218: Total time for which application threads were stopped: 0.0039210 seconds, Stopping threads took: 0.0016790 seconds
294.254: Application time: 0.0365980 seconds
294.256: [GC [PSYoungGen: 48624K->6656K(48640K)] 116025K->74273K(160256K), 0.0020880 secs] [Times: user=0.01 sys=0.00, real=0.00 secs] 
294.258: Total time for which application threads were stopped: 0.0036950 seconds, Stopping threads took: 0.0015290 seconds
294.295: Application time: 0.0371940 seconds
294.296: [GC [PSYoungGen: 48640K->6656K(48640K)] 116257K->74385K(160256K), 0.0021090 secs] [Times: user=0.02 sys=0.00, real=0.00 secs] 
294.298: Total time for which application threads were stopped: 0.0031380 seconds, Stopping threads took: 0.0009410 seconds
294.335: Application time: 0.0371990 seconds
294.337: [GC [PSYoungGen: 48640K->6656K(48640K)] 116369K->75361K(160256K), 0.0023410 secs] [Times: user=0.02 sys=0.00, real=0.00 secs] 
294.340: Total time for which application threads were stopped: 0.0040450 seconds, Stopping threads took: 0.0016150 seconds
294.378: Application time: 0.0380070 seconds
294.379: [GC [PSYoungGen: 48640K->6624K(48640K)] 117345K->75329K(160256K), 0.0019630 secs] [Times: user=0.02 sys=0.00, real=0.00 secs] 
294.381: Total time for which application threads were stopped: 0.0038080 seconds, Stopping threads took: 0.0017670 seconds
294.419: Application time: 0.0376670 seconds
294.420: [GC [PSYoungGen: 48608K->5984K(48640K)] 117313K->74689K(160256K), 0.0018070 secs] [Times: user=0.02 sys=0.00, real=0.00 secs] 
294.422: Total time for which application threads were stopped: 0.0032880 seconds, Stopping threads took: 0.0014040 seconds
294.462: Application time: 0.0393750 seconds
294.463: [GC [PSYoungGen: 47968K->5760K(48640K)] 116673K->74465K(160256K), 0.0017970 secs] [Times: user=0.01 sys=0.00, real=0.00 secs] 
294.465: Total time for which application threads were stopped: 0.0035790 seconds, Stopping threads took: 0.0017070 seconds
294.505: Application time: 0.0393210 seconds
294.506: [GC [PSYoungGen: 47744K->6656K(48640K)] 116449K->75369K(160256K), 0.0021120 secs] [Times: user=0.02 sys=0.00, real=0.00 secs] 
294.508: Total time for which application threads were stopped: 0.0035720 seconds, Stopping threads took: 0.0013810 seconds
294.544: Application time: 0.0362000 seconds
294.547: [GC [PSYoungGen: 48640K->6640K(48640K)] 117353K->76613K(160256K), 0.0023880 secs] [Times: user=0.02 sys=0.00, real=0.00 secs] 
294.549: Total time for which application threads were stopped: 0.0048790 seconds, Stopping threads took: 0.0024080 seconds
294.586: Application time: 0.0372350 seconds
294.588: [GC [PSYoungGen: 48624K->6640K(48640K)] 118597K->76701K(160256K), 0.0020320 secs] [Times: user=0.01 sys=0.00, real=0.00 secs] 
294.590: Total time for which application threads were stopped: 0.0036750 seconds, Stopping threads took: 0.0015620 seconds
294.627: Application time: 0.0372510 seconds
294.629: [GC [PSYoungGen: 48624K->6656K(48640K)] 118685K->77789K(160256K), 0.0022630 secs] [Times: user=0.02 sys=0.00, real=0.01 secs] 
294.631: Total time for which application threads were stopped: 0.0037670 seconds, Stopping threads took: 0.0014210 seconds
294.668: Application time: 0.0367120 seconds
294.670: [GC [PSYoungGen: 48640K->6656K(48640K)] 119773K->78469K(160256K), 0.0023950 secs] [Times: user=0.01 sys=0.00, real=0.01 secs] 
294.672: Total time for which application threads were stopped: 0.0045780 seconds, Stopping threads took: 0.0020780 seconds
294.709: Application time: 0.0368600 seconds
294.711: [GC [PSYoungGen: 48640K->6640K(48640K)] 120453K->78565K(160256K), 0.0020700 secs] [Times: user=0.02 sys=0.00, real=0.01 secs] 
294.713: Total time for which application threads were stopped: 0.0035480 seconds, Stopping threads took: 0.0013970 seconds
294.750: Application time: 0.0373470 seconds
294.753: [GC [PSYoungGen: 48624K->6640K(48640K)] 120549K->78597K(160256K), 0.0020290 secs] [Times: user=0.02 sys=0.00, real=0.00 secs] 
294.755: Total time for which application threads were stopped: 0.0045270 seconds, Stopping threads took: 0.0024210 seconds
294.791: Application time: 0.0363290 seconds
294.792: [GC [PSYoungGen: 48624K->6656K(48640K)] 120581K->79069K(160256K), 0.0021510 secs] [Times: user=0.02 sys=0.00, real=0.00 secs] 
294.795: Total time for which application threads were stopped: 0.0034690 seconds, Stopping threads took: 0.0012370 seconds
294.833: Application time: 0.0379600 seconds
294.835: [GC [PSYoungGen: 48640K->6640K(48640K)] 121053K->79349K(160256K), 0.0021750 secs] [Times: user=0.01 sys=0.00, real=0.00 secs] 
294.837: Total time for which application threads were stopped: 0.0046760 seconds, Stopping threads took: 0.0024120 seconds
294.876: Application time: 0.0385970 seconds
294.878: [GC [PSYoungGen: 48624K->5904K(48640K)] 121333K->78613K(160256K), 0.0018080 secs] [Times: user=0.01 sys=0.00, real=0.00 secs] 
294.880: Total time for which application threads were stopped: 0.0040170 seconds, Stopping threads took: 0.0021370 seconds
294.916: Application time: 0.0366520 seconds
294.918: [GC [PSYoungGen: 47888K->6656K(48640K)] 120597K->80837K(160256K), 0.0025150 secs] [Times: user=0.02 sys=0.00, real=0.00 secs] 
294.920: Total time for which application threads were stopped: 0.0036500 seconds, Stopping threads took: 0.0010550 seconds
294.957: Application time: 0.0370440 seconds
294.959: [GC [PSYoungGen: 48640K->6640K(48640K)] 122821K->81517K(160256K), 0.0022670 secs] [Times: user=0.01 sys=0.00, real=0.00 secs] 
294.961: Total time for which application threads were stopped: 0.0039120 seconds, Stopping threads took: 0.0015630 seconds
294.998: Application time: 0.0368820 seconds
295.000: [GC [PSYoungGen: 48624K->6640K(48640K)] 123501K->81957K(160256K), 0.0021880 secs] [Times: user=0.02 sys=0.00, real=0.00 secs] 
295.002: Total time for which application threads were stopped: 0.0045030 seconds, Stopping threads took: 0.0022110 seconds
295.041: Application time: 0.0384220 seconds
295.042: [GC [PSYoungGen: 48624K->6624K(48640K)] 123941K->82077K(160256K), 0.0020900 secs] [Times: user=0.02 sys=0.00, real=0.01 secs] 
295.044: Total time for which application threads were stopped: 0.0034940 seconds, Stopping threads took: 0.0013230 seconds
295.081: Application time: 0.0369290 seconds
295.084: [GC [PSYoungGen: 48608K->6656K(48640K)] 124061K->83549K(160256K), 0.0024220 secs] [Times: user=0.02 sys=0.00, real=0.00 secs] 
295.086: Total time for which application threads were stopped: 0.0049380 seconds, Stopping threads took: 0.0024330 seconds
295.124: Application time: 0.0372300 seconds
295.125: [GC [PSYoungGen: 48640K->6656K(48640K)] 125533K->83717K(160256K), 0.0021060 secs] [Times: user=0.01 sys=0.00, real=0.00 secs] 
295.128: Total time for which application threads were stopped: 0.0040660 seconds, Stopping threads took: 0.0018800 seconds
295.165: Application time: 0.0370800 seconds
295.167: [GC [PSYoungGen: 48640K->6640K(48640K)] 125701K->83709K(160256K), 0.0019790 secs] [Times: user=0.02 sys=0.00, real=0.00 secs] 
295.169: Total time for which application threads were stopped: 0.0042660 seconds, Stopping threads took: 0.0022120 seconds
295.205: Application time: 0.0362510 seconds
295.207: [GC [PSYoungGen: 48624K->6656K(48640K)] 125693K->85133K(160256K), 0.0023600 secs] [Times: user=0.01 sys=0.00, real=0.00 secs] 
295.210: Total time for which application threads were stopped: 0.0044730 seconds, Stopping threads took: 0.0020310 seconds
295.247: Application time: 0.0370500 seconds
295.249: [GC [PSYoungGen: 48640K->6640K(48640K)] 127117K->85921K(160256K), 0.0022810 secs] [Times: user=0.02 sys=0.00, real=0.00 secs] 
295.251: Total time for which application threads were stopped: 0.0043370 seconds, Stopping threads took: 0.0019760 seconds
295.288: Application time: 0.0372510 seconds
295.290: [GC [PSYoungGen: 48624K->6624K(48640K)] 127905K->86049K(160256K), 0.0020600 secs] [Times: user=0.02 sys=0.00, real=0.01 secs] 
295.292: Total time for which application threads were stopped: 0.0040790 seconds, Stopping threads took: 0.0019390 seconds
295.329: Application time: 0.0367410 seconds
295.330: [GC [PSYoungGen: 48607K->6624K(48640K)] 128032K->86193K(160256K), 0.0021170 secs] [Times: user=0.01 sys=0.00, real=0.01 secs] 
295.332: Total time for which application threads were stopped: 0.0033400 seconds, Stopping threads took: 0.0011460 seconds
295.370: Application time: 0.0377830 seconds
295.372: [GC [PSYoungGen: 48608K->6272K(48640K)] 128177K->85849K(160256K), 0.0019010 secs] [Times: user=0.01 sys=0.00, real=0.00 secs] 
295.374: Total time for which application threads were stopped: 0.0035890 seconds, Stopping threads took: 0.0016040 seconds
295.411: Application time: 0.0373410 seconds
295.413: [GC [PSYoungGen: 48256K->5056K(48640K)] 127833K->84633K(160256K), 0.0015980 secs] [Times: user=0.01 sys=0.00, real=0.00 secs] 
295.414: Total time for which application threads were stopped: 0.0031920 seconds, Stopping threads took: 0.0015190 seconds
295.453: Application time: 0.0390700 seconds
295.455: [GC [PSYoungGen: 47040K->6432K(48640K)] 126617K->86009K(160256K), 0.0019090 secs] [Times: user=0.01 sys=0.00, real=0.00 secs] 
295.457: Total time for which application threads were stopped: 0.0037640 seconds, Stopping threads took: 0.0017770 seconds
295.496: Application time: 0.0383220 seconds
295.496: [GC [PSYoungGen: 48415K->6656K(48640K)] 127992K->86545K(160256K), 0.0021150 secs] [Times: user=0.02 sys=0.00, real=0.00 secs] 
295.499: Total time for which application threads were stopped: 0.0030000 seconds, Stopping threads took: 0.0008060 seconds
295.537: Application time: 0.0381470 seconds
295.538: [GC [PSYoungGen: 48640K->5824K(48640K)] 128529K->85713K(160256K), 0.0017850 secs] [Times: user=0.01 sys=0.00, real=0.00 secs] 
295.540: Total time for which application threads were stopped: 0.0034220 seconds, Stopping threads took: 0.0015580 seconds
295.578: Application time: 0.0379750 seconds
295.579: [GC [PSYoungGen: 47808K->6640K(48640K)] 127697K->86961K(160256K), 0.0023150 secs] [Times: user=0.01 sys=0.01, real=0.00 secs] 
