Java HotSpot(TM) 64-Bit Server VM (24.80-b11) for linux-amd64 JRE (1.7.0_80-b15), built on Apr 10 2015 19:53:14 by "java_re" with gcc 4.3.0 20080428 (Red Hat 4.3.0-8)
Memory: 4k page, physical 8000092k(6022212k free), swap 8218620k(8218620k free)
CommandLine flags: -XX:InitialHeapSize=79304704 -XX:MaxHeapSize=79304704 -XX:MaxNewSize=25866240 -XX:MaxTenuringThreshold=6 -XX:NewSize=25866240 -XX:OldPLABSize=16 -XX:OldSize=51728384 -XX:+PrintGC -XX:+PrintGCApplicationConcurrentTime -XX:+PrintGCApplicationStoppedTime -XX:+PrintGCDetails -XX:+PrintGCTimeStamps -XX:-UseAdaptiveSizePolicy -XX:+UseCompressedOops -XX:+UseConcMarkSweepGC -XX:+UseParNewGC 
1.008: Application time: 0.9841530 seconds
1.008: Total time for which application threads were stopped: 0.0000390 seconds, Stopping threads took: 0.0000100 seconds
4.029: Application time: 3.0213540 seconds
4.029: Total time for which application threads were stopped: 0.0000900 seconds, Stopping threads took: 0.0000120 seconds
14.708: Application time: 10.6781990 seconds
14.708: Total time for which application threads were stopped: 0.0000250 seconds, Stopping threads took: 0.0000080 seconds
14.708: Application time: 0.0000990 seconds
14.708: Total time for which application threads were stopped: 0.0000100 seconds, Stopping threads took: 0.0000040 seconds
14.709: Application time: 0.0015200 seconds
14.709: Total time for which application threads were stopped: 0.0000240 seconds, Stopping threads took: 0.0000180 seconds
14.729: Application time: 0.0194970 seconds
14.729: Total time for which application threads were stopped: 0.0000370 seconds, Stopping threads took: 0.0000090 seconds
14.741: Application time: 0.0126060 seconds
14.742: [Full GC14.742: [CMS: 0K->3177K(52288K), 0.0102970 secs] 9985K->3177K(75008K), [CMS Perm : 5077K->5076K(21248K)], 0.0103500 secs] [Times: user=0.01 sys=0.00, real=0.01 secs] 
14.752: Total time for which application threads were stopped: 0.0104100 seconds, Stopping threads took: 0.0000060 seconds
14.752: Application time: 0.0000500 seconds
14.752: [Full GC14.752: [CMS: 3177K->3177K(52288K), 0.0062630 secs] 3177K->3177K(75008K), [CMS Perm : 5076K->5076K(21248K)], 0.0062970 secs] [Times: user=0.01 sys=0.00, real=0.01 secs] 
14.758: Total time for which application threads were stopped: 0.0063510 seconds, Stopping threads took: 0.0000070 seconds
14.758: Application time: 0.0001910 seconds
14.759: Total time for which application threads were stopped: 0.0000400 seconds, Stopping threads took: 0.0000290 seconds
14.759: Application time: 0.0000300 seconds
14.759: Total time for which application threads were stopped: 0.0000340 seconds, Stopping threads took: 0.0000270 seconds
14.759: Application time: 0.0000170 seconds
14.759: Total time for which application threads were stopped: 0.0000160 seconds, Stopping threads took: 0.0000110 seconds
14.759: Application time: 0.0000340 seconds
14.759: Total time for which application threads were stopped: 0.0000090 seconds, Stopping threads took: 0.0000050 seconds
14.759: Application time: 0.0000360 seconds
14.759: Total time for which application threads were stopped: 0.0000180 seconds, Stopping threads took: 0.0000140 seconds
14.759: Application time: 0.0000290 seconds
14.759: Total time for which application threads were stopped: 0.0000200 seconds, Stopping threads took: 0.0000150 seconds
14.759: Application time: 0.0000140 seconds
14.759: Total time for which application threads were stopped: 0.0000130 seconds, Stopping threads took: 0.0000090 seconds
14.759: Application time: 0.0000130 seconds
14.759: Total time for which application threads were stopped: 0.0000160 seconds, Stopping threads took: 0.0000120 seconds
14.759: Application time: 0.0000130 seconds
14.759: Total time for which application threads were stopped: 0.0000160 seconds, Stopping threads took: 0.0000120 seconds
14.759: Application time: 0.0000130 seconds
14.759: Total time for which application threads were stopped: 0.0000180 seconds, Stopping threads took: 0.0000130 seconds
14.759: Application time: 0.0000120 seconds
14.759: Total time for which application threads were stopped: 0.0000120 seconds, Stopping threads took: 0.0000080 seconds
14.759: Application time: 0.0000100 seconds
14.759: Total time for which application threads were stopped: 0.0000130 seconds, Stopping threads took: 0.0000100 seconds
14.759: Application time: 0.0000100 seconds
14.759: Total time for which application threads were stopped: 0.0000120 seconds, Stopping threads took: 0.0000090 seconds
14.759: Application time: 0.0000100 seconds
14.759: Total time for which application threads were stopped: 0.0000130 seconds, Stopping threads took: 0.0000090 seconds
14.759: Application time: 0.0000100 seconds
14.759: Total time for which application threads were stopped: 0.0000110 seconds, Stopping threads took: 0.0000080 seconds
14.759: Application time: 0.0000100 seconds
14.759: Total time for which application threads were stopped: 0.0000110 seconds, Stopping threads took: 0.0000080 seconds
14.759: Application time: 0.0000100 seconds
14.759: Total time for which application threads were stopped: 0.0000120 seconds, Stopping threads took: 0.0000080 seconds
14.759: Application time: 0.0000100 seconds
14.759: Total time for which application threads were stopped: 0.0000080 seconds, Stopping threads took: 0.0000050 seconds
14.759: Application time: 0.0000100 seconds
14.759: Total time for which application threads were stopped: 0.0000150 seconds, Stopping threads took: 0.0000120 seconds
14.759: Application time: 0.0000100 seconds
14.759: Total time for which application threads were stopped: 0.0000170 seconds, Stopping threads took: 0.0000080 seconds
14.812: Application time: 0.0532240 seconds
14.812: Total time for which application threads were stopped: 0.0000630 seconds, Stopping threads took: 0.0000150 seconds
14.822: Application time: 0.0098150 seconds
14.822: Total time for which application threads were stopped: 0.0000220 seconds, Stopping threads took: 0.0000080 seconds
14.875: Application time: 0.0523370 seconds
14.875: Total time for which application threads were stopped: 0.0000820 seconds, Stopping threads took: 0.0000480 seconds
14.875: Application time: 0.0003610 seconds
14.875: Total time for which application threads were stopped: 0.0000540 seconds, Stopping threads took: 0.0000410 seconds
14.875: Application time: 0.0002040 seconds
14.875: Total time for which application threads were stopped: 0.0000410 seconds, Stopping threads took: 0.0000280 seconds
14.876: Application time: 0.0001290 seconds
14.876: Total time for which application threads were stopped: 0.0000530 seconds, Stopping threads took: 0.0000400 seconds
14.937: Application time: 0.0619270 seconds
14.938: [GC14.938: [ParNew: 20224K->2495K(22720K), 0.0189830 secs] 23401K->13106K(75008K), 0.0190350 secs] [Times: user=0.06 sys=0.01, real=0.02 secs] 
14.957: Total time for which application threads were stopped: 0.0193720 seconds, Stopping threads took: 0.0002400 seconds
14.957: Application time: 0.0001430 seconds
14.959: Total time for which application threads were stopped: 0.0017070 seconds, Stopping threads took: 0.0016850 seconds
14.959: Application time: 0.0000230 seconds
14.959: Total time for which application threads were stopped: 0.0000370 seconds, Stopping threads took: 0.0000300 seconds
14.959: Application time: 0.0000140 seconds
14.959: Total time for which application threads were stopped: 0.0000280 seconds, Stopping threads took: 0.0000230 seconds
14.959: Application time: 0.0000130 seconds
14.959: Total time for which application threads were stopped: 0.0000220 seconds, Stopping threads took: 0.0000160 seconds
14.959: Application time: 0.0000110 seconds
14.959: Total time for which application threads were stopped: 0.0000310 seconds, Stopping threads took: 0.0000200 seconds
14.959: Application time: 0.0000210 seconds
14.959: Total time for which application threads were stopped: 0.0000350 seconds, Stopping threads took: 0.0000250 seconds
14.959: Application time: 0.0000190 seconds
14.959: Total time for which application threads were stopped: 0.0000350 seconds, Stopping threads took: 0.0000260 seconds
14.959: Application time: 0.0000140 seconds
14.959: Total time for which application threads were stopped: 0.0000270 seconds, Stopping threads took: 0.0000200 seconds
14.959: Application time: 0.0000180 seconds
14.959: Total time for which application threads were stopped: 0.0000330 seconds, Stopping threads took: 0.0000270 seconds
14.959: Application time: 0.0000150 seconds
14.959: Total time for which application threads were stopped: 0.0000270 seconds, Stopping threads took: 0.0000190 seconds
14.959: Application time: 0.0000130 seconds
14.959: Total time for which application threads were stopped: 0.0000280 seconds, Stopping threads took: 0.0000210 seconds
14.959: Application time: 0.0000140 seconds
14.959: Total time for which application threads were stopped: 0.0000400 seconds, Stopping threads took: 0.0000330 seconds
14.959: Application time: 0.0000160 seconds
14.959: Total time for which application threads were stopped: 0.0000330 seconds, Stopping threads took: 0.0000250 seconds
14.959: Application time: 0.0000140 seconds
14.959: Total time for which application threads were stopped: 0.0000290 seconds, Stopping threads took: 0.0000210 seconds
14.959: Application time: 0.0000160 seconds
14.959: Total time for which application threads were stopped: 0.0000260 seconds, Stopping threads took: 0.0000180 seconds
14.959: Application time: 0.0000160 seconds
14.959: Total time for which application threads were stopped: 0.0000340 seconds, Stopping threads took: 0.0000250 seconds
14.959: Application time: 0.0000130 seconds
14.959: Total time for which application threads were stopped: 0.0000280 seconds, Stopping threads took: 0.0000200 seconds
14.960: Application time: 0.0000150 seconds
14.960: Total time for which application threads were stopped: 0.0000320 seconds, Stopping threads took: 0.0000240 seconds
14.960: Application time: 0.0000170 seconds
14.960: Total time for which application threads were stopped: 0.0000230 seconds, Stopping threads took: 0.0000140 seconds
14.960: Application time: 0.0000180 seconds
14.960: Total time for which application threads were stopped: 0.0000280 seconds, Stopping threads took: 0.0000170 seconds
14.960: Application time: 0.0000170 seconds
14.960: Total time for which application threads were stopped: 0.0000370 seconds, Stopping threads took: 0.0000270 seconds
14.960: Application time: 0.0000170 seconds
14.960: Total time for which application threads were stopped: 0.0000270 seconds, Stopping threads took: 0.0000190 seconds
14.960: Application time: 0.0000130 seconds
14.960: Total time for which application threads were stopped: 0.0000250 seconds, Stopping threads took: 0.0000190 seconds
14.960: Application time: 0.0000140 seconds
14.960: Total time for which application threads were stopped: 0.0000260 seconds, Stopping threads took: 0.0000200 seconds
14.960: Application time: 0.0000140 seconds
14.960: Total time for which application threads were stopped: 0.0000300 seconds, Stopping threads took: 0.0000220 seconds
14.960: Application time: 0.0000140 seconds
14.960: Total time for which application threads were stopped: 0.0000170 seconds, Stopping threads took: 0.0000110 seconds
14.960: Application time: 0.0000160 seconds
14.960: Total time for which application threads were stopped: 0.0000220 seconds, Stopping threads took: 0.0000130 seconds
14.960: Application time: 0.0000140 seconds
14.960: Total time for which application threads were stopped: 0.0000270 seconds, Stopping threads took: 0.0000190 seconds
14.960: Application time: 0.0000150 seconds
14.960: Total time for which application threads were stopped: 0.0000330 seconds, Stopping threads took: 0.0000250 seconds
14.960: Application time: 0.0000150 seconds
14.960: Total time for which application threads were stopped: 0.0000320 seconds, Stopping threads took: 0.0000240 seconds
14.960: Application time: 0.0000160 seconds
14.960: Total time for which application threads were stopped: 0.0000350 seconds, Stopping threads took: 0.0000260 seconds
14.960: Application time: 0.0000150 seconds
14.960: Total time for which application threads were stopped: 0.0000290 seconds, Stopping threads took: 0.0000190 seconds
14.960: Application time: 0.0000140 seconds
14.960: Total time for which application threads were stopped: 0.0001110 seconds, Stopping threads took: 0.0000220 seconds
14.960: Application time: 0.0000140 seconds
14.960: Total time for which application threads were stopped: 0.0000310 seconds, Stopping threads took: 0.0000240 seconds
14.960: Application time: 0.0000200 seconds
14.963: Total time for which application threads were stopped: 0.0023420 seconds, Stopping threads took: 0.0023320 seconds
14.963: Application time: 0.0000190 seconds
14.963: Total time for which application threads were stopped: 0.0000300 seconds, Stopping threads took: 0.0000210 seconds
14.963: Application time: 0.0000160 seconds
14.963: Total time for which application threads were stopped: 0.0000220 seconds, Stopping threads took: 0.0000160 seconds
14.963: Application time: 0.0000180 seconds
14.963: Total time for which application threads were stopped: 0.0000750 seconds, Stopping threads took: 0.0000240 seconds
15.102: Application time: 0.1388210 seconds
15.102: Total time for which application threads were stopped: 0.0001320 seconds, Stopping threads took: 0.0000780 seconds
15.106: Application time: 0.0041940 seconds
15.106: Total time for which application threads were stopped: 0.0001080 seconds, Stopping threads took: 0.0000860 seconds
15.107: Application time: 0.0010680 seconds
15.107: [GC15.107: [ParNew: 22719K->2496K(22720K), 0.0164840 secs] 33330K->33994K(75008K), 0.0165410 secs] [Times: user=0.08 sys=0.02, real=0.01 secs] 
15.124: Total time for which application threads were stopped: 0.0166510 seconds, Stopping threads took: 0.0000290 seconds
15.124: Application time: 0.0001120 seconds
15.124: [GC [1 CMS-initial-mark: 31498K(52288K)] 34253K(75008K), 0.0011140 secs] [Times: user=0.00 sys=0.00, real=0.00 secs] 
15.125: Total time for which application threads were stopped: 0.0011950 seconds, Stopping threads took: 0.0000430 seconds
15.125: [CMS-concurrent-mark-start]
15.125: Application time: 0.0000790 seconds
15.125: Total time for which application threads were stopped: 0.0000410 seconds, Stopping threads took: 0.0000260 seconds
15.133: Application time: 0.0073430 seconds
15.133: Total time for which application threads were stopped: 0.0000640 seconds, Stopping threads took: 0.0000430 seconds
15.134: Application time: 0.0010010 seconds
15.134: Total time for which application threads were stopped: 0.0000510 seconds, Stopping threads took: 0.0000330 seconds
15.200: [CMS-concurrent-mark: 0.037/0.075 secs] [Times: user=0.54 sys=0.00, real=0.08 secs] 
15.200: [CMS-concurrent-preclean-start]
15.201: [CMS-concurrent-preclean: 0.001/0.001 secs] [Times: user=0.00 sys=0.00, real=0.00 secs] 
15.201: [CMS-concurrent-abortable-preclean-start]
15.324: Application time: 0.1900340 seconds
15.324: Total time for which application threads were stopped: 0.0001270 seconds, Stopping threads took: 0.0000640 seconds
15.332: Application time: 0.0080880 seconds
15.332: Total time for which application threads were stopped: 0.0000730 seconds, Stopping threads took: 0.0000540 seconds
15.338: Application time: 0.0062720 seconds
15.338: Total time for which application threads were stopped: 0.0000730 seconds, Stopping threads took: 0.0000530 seconds
15.343: Application time: 0.0042700 seconds
15.343: Total time for which application threads were stopped: 0.0000690 seconds, Stopping threads took: 0.0000480 seconds
15.343: Application time: 0.0005030 seconds
15.343: Total time for which application threads were stopped: 0.0000530 seconds, Stopping threads took: 0.0000360 seconds
15.343: Application time: 0.0000230 seconds
15.343: Total time for which application threads were stopped: 0.0000380 seconds, Stopping threads took: 0.0000260 seconds
15.345: Application time: 0.0012440 seconds
15.345: Total time for which application threads were stopped: 0.0000400 seconds, Stopping threads took: 0.0000300 seconds
15.346: Application time: 0.0017180 seconds
15.346: Total time for which application threads were stopped: 0.0000320 seconds, Stopping threads took: 0.0000210 seconds
15.347: Application time: 0.0000470 seconds
15.347: Total time for which application threads were stopped: 0.0000300 seconds, Stopping threads took: 0.0000220 seconds
15.347: Application time: 0.0009020 seconds
15.347: Total time for which application threads were stopped: 0.0000350 seconds, Stopping threads took: 0.0000260 seconds
15.351: Application time: 0.0037940 seconds
15.351: Total time for which application threads were stopped: 0.0000640 seconds, Stopping threads took: 0.0000420 seconds
15.351: Application time: 0.0000170 seconds
15.351: Total time for which application threads were stopped: 0.0000370 seconds, Stopping threads took: 0.0000250 seconds
15.354: Application time: 0.0024690 seconds
15.354: Total time for which application threads were stopped: 0.0000830 seconds, Stopping threads took: 0.0000540 seconds
15.354: [CMS-concurrent-abortable-preclean: 0.048/0.153 secs] [Times: user=1.15 sys=0.00, real=0.15 secs] 
15.360: Application time: 0.0060670 seconds
15.360: [GC[YG occupancy: 21652 K (22720 K)]15.360: [Rescan (parallel) , 0.0151000 secs]15.375: [weak refs processing, 0.0000090 secs]15.375: [scrub string table, 0.0001430 secs] [1 CMS-remark: 31498K(52288K)] 53150K(75008K), 0.0153060 secs] [Times: user=0.11 sys=0.00, real=0.02 secs] 
15.375: Total time for which application threads were stopped: 0.0154070 seconds, Stopping threads took: 0.0000450 seconds
15.383: [CMS-concurrent-sweep-start]
15.386: Application time: 0.0107240 seconds
15.386: Total time for which application threads were stopped: 0.0000940 seconds, Stopping threads took: 0.0000700 seconds
15.386: Application time: 0.0000240 seconds
15.386: Total time for which application threads were stopped: 0.0000390 seconds, Stopping threads took: 0.0000270 seconds
15.386: Application time: 0.0000190 seconds
15.386: Total time for which application threads were stopped: 0.0000310 seconds, Stopping threads took: 0.0000210 seconds
15.393: Application time: 0.0065680 seconds
15.393: Total time for which application threads were stopped: 0.0000590 seconds, Stopping threads took: 0.0000330 seconds
15.393: Application time: 0.0000200 seconds
15.393: Total time for which application threads were stopped: 0.0000400 seconds, Stopping threads took: 0.0000270 seconds
15.394: [CMS-concurrent-sweep: 0.011/0.011 secs] [Times: user=0.07 sys=0.00, real=0.01 secs] 
15.394: [CMS-concurrent-reset-start]
15.394: Application time: 0.0009000 seconds
15.394: Total time for which application threads were stopped: 0.0000410 seconds, Stopping threads took: 0.0000270 seconds
15.394: [CMS-concurrent-reset: 0.000/0.000 secs] [Times: user=0.01 sys=0.00, real=0.00 secs] 
15.398: Application time: 0.0044400 seconds
15.399: [GC15.399: [ParNew: 22720K->22720K(22720K), 0.0000110 secs]15.399: [CMS: 30365K->41469K(52288K), 0.0649440 secs] 53085K->41469K(75008K), [CMS Perm : 8371K->8370K(21248K)], 0.0650150 secs] [Times: user=0.11 sys=0.00, real=0.06 secs] 
15.464: Total time for which application threads were stopped: 0.0651190 seconds, Stopping threads took: 0.0000500 seconds
15.464: Application time: 0.0002370 seconds
15.464: [GC [1 CMS-initial-mark: 41469K(52608K)] 41829K(75328K), 0.0003150 secs] [Times: user=0.00 sys=0.00, real=0.00 secs] 
15.464: Total time for which application threads were stopped: 0.0003980 seconds, Stopping threads took: 0.0000470 seconds
15.464: [CMS-concurrent-mark-start]
15.492: Application time: 0.0274660 seconds
15.492: Total time for which application threads were stopped: 0.0000870 seconds, Stopping threads took: 0.0000340 seconds
15.492: Application time: 0.0000190 seconds
15.492: Total time for which application threads were stopped: 0.0000450 seconds, Stopping threads took: 0.0000300 seconds
15.494: Application time: 0.0025350 seconds
15.494: Total time for which application threads were stopped: 0.0000600 seconds, Stopping threads took: 0.0000390 seconds
15.531: [CMS-concurrent-mark: 0.048/0.066 secs] [Times: user=0.50 sys=0.00, real=0.07 secs] 
15.531: [CMS-concurrent-preclean-start]
15.531: [CMS-concurrent-preclean: 0.000/0.000 secs] [Times: user=0.00 sys=0.00, real=0.00 secs] 
15.531: [CMS-concurrent-abortable-preclean-start]
15.715: Application time: 0.2202260 seconds
15.715: Total time for which application threads were stopped: 0.0001030 seconds, Stopping threads took: 0.0000520 seconds
15.715: [CMS-concurrent-abortable-preclean: 0.001/0.184 secs] [Times: user=1.41 sys=0.00, real=0.19 secs] 
15.716: Application time: 0.0015470 seconds
15.716: [GC[YG occupancy: 13305 K (22720 K)]15.716: [Rescan (parallel) , 0.0137570 secs]15.730: [weak refs processing, 0.0000100 secs]15.730: [scrub string table, 0.0001580 secs] [1 CMS-remark: 41469K(52608K)] 54774K(75328K), 0.0139730 secs] [Times: user=0.11 sys=0.00, real=0.01 secs] 
15.730: Total time for which application threads were stopped: 0.0140580 seconds, Stopping threads took: 0.0000520 seconds
15.731: [CMS-concurrent-sweep-start]
15.736: Application time: 0.0054840 seconds
15.736: Total time for which application threads were stopped: 0.0001090 seconds, Stopping threads took: 0.0000770 seconds
15.736: Application time: 0.0000340 seconds
15.736: Total time for which application threads were stopped: 0.0000510 seconds, Stopping threads took: 0.0000360 seconds
15.737: Application time: 0.0005250 seconds
15.737: Total time for which application threads were stopped: 0.0000510 seconds, Stopping threads took: 0.0000340 seconds
15.745: [CMS-concurrent-sweep: 0.014/0.014 secs] [Times: user=0.09 sys=0.00, real=0.01 secs] 
15.745: [CMS-concurrent-reset-start]
15.745: [CMS-concurrent-reset: 0.000/0.000 secs] [Times: user=0.00 sys=0.00, real=0.00 secs] 
15.747: Application time: 0.0101080 seconds
15.747: Total time for which application threads were stopped: 0.0001340 seconds, Stopping threads took: 0.0000480 seconds
15.747: Application time: 0.0001200 seconds
15.747: [GC [1 CMS-initial-mark: 41379K(52608K)] 56295K(75328K), 0.0087130 secs] [Times: user=0.01 sys=0.00, real=0.01 secs] 
15.756: Total time for which application threads were stopped: 0.0088070 seconds, Stopping threads took: 0.0000310 seconds
15.756: Application time: 0.0000820 seconds
15.756: Total time for which application threads were stopped: 0.0000690 seconds, Stopping threads took: 0.0000380 seconds
15.756: [CMS-concurrent-mark-start]
15.756: Application time: 0.0001130 seconds
15.756: Total time for which application threads were stopped: 0.0000680 seconds, Stopping threads took: 0.0000410 seconds
15.756: Application time: 0.0000190 seconds
15.756: Total time for which application threads were stopped: 0.0000400 seconds, Stopping threads took: 0.0000290 seconds
15.756: Application time: 0.0000500 seconds
15.756: Total time for which application threads were stopped: 0.0000490 seconds, Stopping threads took: 0.0000360 seconds
15.756: Application time: 0.0000180 seconds
15.756: Total time for which application threads were stopped: 0.0000360 seconds, Stopping threads took: 0.0000230 seconds
15.757: Application time: 0.0004270 seconds
15.757: Total time for which application threads were stopped: 0.0000500 seconds, Stopping threads took: 0.0000350 seconds
15.757: Application time: 0.0000330 seconds
15.757: Total time for which application threads were stopped: 0.0000470 seconds, Stopping threads took: 0.0000310 seconds
15.807: Application time: 0.0505940 seconds
15.808: [GC15.808: [ParNew: 20224K->20224K(22720K), 0.0000140 secs]15.808: [CMS15.818: [CMS-concurrent-mark: 0.038/0.062 secs] [Times: user=0.43 sys=0.00, real=0.06 secs] 
 (concurrent mode failure): 41379K->50116K(52608K), 0.0858970 secs] 61603K->50116K(75328K), [CMS Perm : 8415K->8415K(21248K)], 0.0859640 secs] [Times: user=0.10 sys=0.00, real=0.08 secs] 
15.894: Total time for which application threads were stopped: 0.0860770 seconds, Stopping threads took: 0.0000420 seconds
16.103: Application time: 0.2089900 seconds
16.103: [GC16.103: [ParNew: 20224K->20224K(22720K), 0.0000150 secs]16.103: [CMS: 50116K->52607K(52608K), 0.0857910 secs] 70340K->54401K(75328K), [CMS Perm : 8492K->8491K(21248K)], 0.0858580 secs] [Times: user=0.08 sys=0.00, real=0.09 secs] 
16.189: Total time for which application threads were stopped: 0.0860410 seconds, Stopping threads took: 0.0000640 seconds
16.189: Application time: 0.0006800 seconds
16.189: [GC [1 CMS-initial-mark: 52607K(52608K)] 54782K(75328K), 0.0015420 secs] [Times: user=0.00 sys=0.00, real=0.00 secs] 
16.191: Total time for which application threads were stopped: 0.0016810 seconds, Stopping threads took: 0.0001060 seconds
16.191: [CMS-concurrent-mark-start]
16.249: [CMS-concurrent-mark: 0.056/0.058 secs] [Times: user=0.44 sys=0.00, real=0.06 secs] 
16.249: [CMS-concurrent-preclean-start]
16.322: [CMS-concurrent-preclean: 0.073/0.073 secs] [Times: user=0.51 sys=0.01, real=0.07 secs] 
16.322: [CMS-concurrent-abortable-preclean-start]
16.322: [CMS-concurrent-abortable-preclean: 0.000/0.000 secs] [Times: user=0.00 sys=0.00, real=0.00 secs] 
16.322: Application time: 0.1312690 seconds
16.322: [GC[YG occupancy: 8576 K (22720 K)]16.322: [Rescan (parallel) , 0.0073770 secs]16.330: [weak refs processing, 0.0000100 secs]16.330: [scrub string table, 0.0001720 secs] [1 CMS-remark: 52607K(52608K)] 61184K(75328K), 0.0076180 secs] [Times: user=0.05 sys=0.00, real=0.01 secs] 
16.330: Total time for which application threads were stopped: 0.0077750 seconds, Stopping threads took: 0.0000750 seconds
16.330: [CMS-concurrent-sweep-start]
16.350: [CMS-concurrent-sweep: 0.019/0.019 secs] [Times: user=0.14 sys=0.00, real=0.02 secs] 
16.350: [CMS-concurrent-reset-start]
16.350: [CMS-concurrent-reset: 0.000/0.000 secs] [Times: user=0.00 sys=0.00, real=0.00 secs] 
16.484: Application time: 0.1537550 seconds
16.484: [GC16.484: [ParNew: 22720K->22720K(22720K), 0.0000130 secs]16.484: [CMS: 52595K->52607K(52608K), 0.0810480 secs] 75315K->53526K(75328K), [CMS Perm : 8503K->8503K(21248K)], 0.0811160 secs] [Times: user=0.08 sys=0.00, real=0.08 secs] 
16.565: Total time for which application threads were stopped: 0.0812320 seconds, Stopping threads took: 0.0000160 seconds
16.565: Application time: 0.0000400 seconds
16.565: [GC [1 CMS-initial-mark: 52607K(52608K)] 53527K(75328K), 0.0007060 secs] [Times: user=0.00 sys=0.00, real=0.00 secs] 
16.566: Total time for which application threads were stopped: 0.0007710 seconds, Stopping threads took: 0.0000320 seconds
16.566: [CMS-concurrent-mark-start]
16.597: Application time: 0.0308850 seconds
16.597: Total time for which application threads were stopped: 0.0001030 seconds, Stopping threads took: 0.0000730 seconds
16.658: [CMS-concurrent-mark: 0.083/0.092 secs] [Times: user=0.69 sys=0.00, real=0.10 secs] 
16.658: [CMS-concurrent-preclean-start]
16.683: Application time: 0.0864210 seconds
16.683: [Full GC16.683: [CMS16.714: [CMS-concurrent-preclean: 0.056/0.056 secs] [Times: user=0.26 sys=0.01, real=0.05 secs] 
 (concurrent mode failure): 52608K->52607K(52608K), 0.1240700 secs] 75328K->59613K(75328K), [CMS Perm : 8511K->8510K(21248K)], 0.1241200 secs] [Times: user=0.13 sys=0.00, real=0.13 secs] 
16.807: Total time for which application threads were stopped: 0.1242450 seconds, Stopping threads took: 0.0000160 seconds
16.866: Application time: 0.0585400 seconds
16.866: [Full GC16.866: [CMS: 52607K->52607K(52608K), 0.0806140 secs] 75327K->60835K(75328K), [CMS Perm : 8513K->8513K(21248K)], 0.0806910 secs] [Times: user=0.09 sys=0.00, real=0.09 secs] 
16.947: Total time for which application threads were stopped: 0.0807900 seconds, Stopping threads took: 0.0000190 seconds
16.947: Application time: 0.0000530 seconds
16.947: [GC [1 CMS-initial-mark: 52607K(52608K)] 60882K(75328K), 0.0039510 secs] [Times: user=0.01 sys=0.00, real=0.00 secs] 
16.951: Total time for which application threads were stopped: 0.0040260 seconds, Stopping threads took: 0.0000350 seconds
16.951: [CMS-concurrent-mark-start]
16.990: Application time: 0.0393920 seconds
16.990: [Full GC16.990: [CMS17.005: [CMS-concurrent-mark: 0.051/0.054 secs] [Times: user=0.35 sys=0.01, real=0.05 secs] 
 (concurrent mode failure): 52607K->52607K(52608K), 0.1033790 secs] 75327K->60869K(75328K), [CMS Perm : 8514K->8514K(21248K)], 0.1034370 secs] [Times: user=0.15 sys=0.00, real=0.10 secs] 
17.094: Total time for which application threads were stopped: 0.1035450 seconds, Stopping threads took: 0.0000160 seconds
17.122: Application time: 0.0281410 seconds
17.122: [Full GC17.122: [CMS: 52607K->52607K(52608K), 0.0926660 secs] 75327K->63994K(75328K), [CMS Perm : 8516K->8516K(21248K)], 0.0927140 secs] [Times: user=0.11 sys=0.00, real=0.10 secs] 
17.215: Total time for which application threads were stopped: 0.0928070 seconds, Stopping threads took: 0.0000170 seconds
17.215: Application time: 0.0000600 seconds
17.215: [GC [1 CMS-initial-mark: 52607K(52608K)] 64031K(75328K), 0.0050040 secs] [Times: user=0.01 sys=0.00, real=0.00 secs] 
17.220: Total time for which application threads were stopped: 0.0050800 seconds, Stopping threads took: 0.0000280 seconds
17.220: [CMS-concurrent-mark-start]
17.248: Application time: 0.0276890 seconds
17.248: [Full GC17.248: [CMS17.266: [CMS-concurrent-mark: 0.042/0.046 secs] [Times: user=0.26 sys=0.00, real=0.04 secs] 
 (concurrent mode failure): 52608K->52608K(52608K), 0.1154020 secs] 75327K->70163K(75328K), [CMS Perm : 8517K->8517K(21248K)], 0.1154490 secs] [Times: user=0.13 sys=0.00, real=0.11 secs] 
17.363: Total time for which application threads were stopped: 0.1155590 seconds, Stopping threads took: 0.0000150 seconds
17.376: Application time: 0.0127220 seconds
17.376: [Full GC17.376: [CMS: 52608K->52608K(52608K), 0.0902210 secs] 75327K->72509K(75328K), [CMS Perm : 8519K->8519K(21248K)], 0.0902730 secs] [Times: user=0.11 sys=0.00, real=0.08 secs] 
17.466: Total time for which application threads were stopped: 0.0903590 seconds, Stopping threads took: 0.0000160 seconds
17.466: Application time: 0.0000480 seconds
17.466: [GC [1 CMS-initial-mark: 52608K(52608K)] 72533K(75328K), 0.0087670 secs] [Times: user=0.00 sys=0.00, real=0.02 secs] 
17.475: Total time for which application threads were stopped: 0.0088650 seconds, Stopping threads took: 0.0000410 seconds
17.475: [CMS-concurrent-mark-start]
17.485: Application time: 0.0101580 seconds
17.485: [Full GC17.485: [CMS17.509: [CMS-concurrent-mark: 0.032/0.033 secs] [Times: user=0.12 sys=0.01, real=0.03 secs] 
 (concurrent mode failure): 52608K->52607K(52608K), 0.1302910 secs] 75327K->74876K(75328K), [CMS Perm : 8519K->8519K(21248K)], 0.1303410 secs] [Times: user=0.15 sys=0.00, real=0.14 secs] 
17.616: Total time for which application threads were stopped: 0.1304280 seconds, Stopping threads took: 0.0000210 seconds
17.618: Application time: 0.0019320 seconds
17.618: [Full GC17.618: [CMS: 52607K->52607K(52608K), 0.1018340 secs] 75327K->73457K(75328K), [CMS Perm : 8519K->8516K(21248K)], 0.1018710 secs] [Times: user=0.10 sys=0.00, real=0.10 secs] 
17.720: Total time for which application threads were stopped: 0.1019400 seconds, Stopping threads took: 0.0000070 seconds
17.720: Application time: 0.0001170 seconds
17.720: [GC [1 CMS-initial-mark: 52607K(52608K)] 73470K(75328K), 0.0093360 secs] [Times: user=0.01 sys=0.00, real=0.01 secs] 
17.729: Total time for which application threads were stopped: 0.0094080 seconds, Stopping threads took: 0.0000070 seconds
17.729: [CMS-concurrent-mark-start]
17.738: Application time: 0.0087240 seconds
17.738: [Full GC17.738: [CMS17.760: [CMS-concurrent-mark: 0.030/0.031 secs] [Times: user=0.10 sys=0.00, real=0.03 secs] 
 (concurrent mode failure): 52607K->52607K(52608K), 0.1107440 secs] 75327K->73001K(75328K), [CMS Perm : 8516K->8516K(21248K)], 0.1107900 secs] [Times: user=0.13 sys=0.00, real=0.11 secs] 
17.849: Total time for which application threads were stopped: 0.1108680 seconds, Stopping threads took: 0.0000110 seconds
17.860: Application time: 0.0108100 seconds
17.860: [Full GC17.860: [CMS: 52607K->52607K(52608K), 0.0914340 secs] 75327K->72925K(75328K), [CMS Perm : 8516K->8516K(21248K)], 0.0914740 secs] [Times: user=0.09 sys=0.00, real=0.09 secs] 
17.951: Total time for which application threads were stopped: 0.0915460 seconds, Stopping threads took: 0.0000100 seconds
17.951: Application time: 0.0000490 seconds
17.951: [GC [1 CMS-initial-mark: 52607K(52608K)] 72925K(75328K), 0.0096800 secs] [Times: user=0.01 sys=0.00, real=0.01 secs] 
17.961: Total time for which application threads were stopped: 0.0097470 seconds, Stopping threads took: 0.0000070 seconds
17.961: [CMS-concurrent-mark-start]
17.971: Application time: 0.0097700 seconds
17.971: [Full GC17.971: [CMS17.992: [CMS-concurrent-mark: 0.030/0.031 secs] [Times: user=0.10 sys=0.00, real=0.03 secs] 
 (concurrent mode failure): 52608K->52608K(52608K), 0.1139010 secs] 75327K->74593K(75328K), [CMS Perm : 8516K->8516K(21248K)], 0.1139530 secs] [Times: user=0.14 sys=0.00, real=0.11 secs] 
18.085: Total time for which application threads were stopped: 0.1140280 seconds, Stopping threads took: 0.0000100 seconds
18.088: Application time: 0.0032570 seconds
18.088: [Full GC18.088: [CMS: 52608K->52607K(52608K), 0.1036620 secs] 75327K->73416K(75328K), [CMS Perm : 8516K->8516K(21248K)], 0.1037020 secs] [Times: user=0.10 sys=0.00, real=0.10 secs] 
18.192: Total time for which application threads were stopped: 0.1037700 seconds, Stopping threads took: 0.0000080 seconds
18.192: Application time: 0.0001000 seconds
18.192: [GC [1 CMS-initial-mark: 52607K(52608K)] 73429K(75328K), 0.0101720 secs] [Times: user=0.01 sys=0.00, real=0.01 secs] 
18.202: Total time for which application threads were stopped: 0.0102300 seconds, Stopping threads took: 0.0000070 seconds
18.202: [CMS-concurrent-mark-start]
18.209: Application time: 0.0071270 seconds
18.209: [Full GC18.209: [CMS18.235: [CMS-concurrent-mark: 0.032/0.033 secs] [Times: user=0.11 sys=0.00, real=0.04 secs] 
 (concurrent mode failure): 52607K->52607K(52608K), 0.1192400 secs] 75327K->74774K(75328K), [CMS Perm : 8516K->8516K(21248K)], 0.1192910 secs] [Times: user=0.14 sys=0.00, real=0.12 secs] 
18.329: Total time for which application threads were stopped: 0.1193660 seconds, Stopping threads took: 0.0000090 seconds
18.331: Application time: 0.0023050 seconds
18.331: [Full GC18.331: [CMS: 52607K->52607K(52608K), 0.0936760 secs] 75327K->75268K(75328K), [CMS Perm : 8516K->8516K(21248K)], 0.0937220 secs] [Times: user=0.10 sys=0.00, real=0.09 secs] 
18.425: Total time for which application threads were stopped: 0.0938100 seconds, Stopping threads took: 0.0000100 seconds
18.425: Application time: 0.0001060 seconds
18.425: [GC [1 CMS-initial-mark: 52607K(52608K)] 75278K(75328K), 0.0109600 secs] [Times: user=0.01 sys=0.00, real=0.02 secs] 
18.436: Total time for which application threads were stopped: 0.0110230 seconds, Stopping threads took: 0.0000090 seconds
18.436: [CMS-concurrent-mark-start]
18.436: Application time: 0.0002630 seconds
18.436: [Full GC18.436: [CMS18.466: [CMS-concurrent-mark: 0.029/0.031 secs] [Times: user=0.06 sys=0.00, real=0.02 secs] 
 (concurrent mode failure): 52607K->52607K(52608K), 0.1235210 secs] 75327K->75309K(75328K), [CMS Perm : 8516K->8516K(21248K)], 0.1235650 secs] [Times: user=0.15 sys=0.00, real=0.12 secs] 
18.560: Total time for which application threads were stopped: 0.1236360 seconds, Stopping threads took: 0.0000080 seconds
18.560: Application time: 0.0001880 seconds
18.560: [Full GC18.560: [CMS: 52607K->52607K(52608K), 0.0915660 secs] 75327K->75326K(75328K), [CMS Perm : 8516K->8516K(21248K)], 0.0916040 secs] [Times: user=0.10 sys=0.00, real=0.09 secs] 
18.652: Total time for which application threads were stopped: 0.0916770 seconds, Stopping threads took: 0.0000090 seconds
18.652: Application time: 0.0001890 seconds
18.652: [Full GC18.652: [CMS: 52608K->52608K(52608K), 0.0952530 secs] 75327K->75327K(75328K), [CMS Perm : 8516K->8516K(21248K)], 0.0952960 secs] [Times: user=0.09 sys=0.00, real=0.10 secs] 
18.747: Total time for which application threads were stopped: 0.0953770 seconds, Stopping threads took: 0.0000190 seconds
18.747: Application time: 0.0001110 seconds
18.747: [Full GC18.747: [CMS: 52608K->52608K(52608K), 0.0914830 secs] 75328K->75327K(75328K), [CMS Perm : 8516K->8516K(21248K)], 0.0915270 secs] [Times: user=0.09 sys=0.00, real=0.09 secs] 
18.839: [Full GC18.839: [CMS: 52608K->52607K(52608K), 0.1074570 secs] 75327K->75303K(75328K), [CMS Perm : 8516K->8516K(21248K)], 0.1075010 secs] [Times: user=0.11 sys=0.00, real=0.10 secs] 
18.946: Total time for which application threads were stopped: 0.1991500 seconds, Stopping threads took: 0.0000090 seconds
18.947: Application time: 0.0000950 seconds
18.947: [GC [1 CMS-initial-mark: 52607K(52608K)] 75303K(75328K), 0.0112640 secs] [Times: user=0.01 sys=0.00, real=0.02 secs] 
18.958: Total time for which application threads were stopped: 0.0113570 seconds, Stopping threads took: 0.0000210 seconds
18.958: [CMS-concurrent-mark-start]
18.958: Application time: 0.0002290 seconds
18.958: [Full GC18.958: [CMS18.987: [CMS-concurrent-mark: 0.028/0.029 secs] [Times: user=0.06 sys=0.00, real=0.02 secs] 
 (concurrent mode failure): 52608K->52608K(52608K), 0.1206520 secs] 75327K->75327K(75328K), [CMS Perm : 8516K->8516K(21248K)], 0.1206920 secs] [Times: user=0.15 sys=0.00, real=0.12 secs] 
19.079: [Full GC19.079: [CMS: 52608K->52608K(52608K), 0.0937540 secs] 75327K->75327K(75328K), [CMS Perm : 8516K->8516K(21248K)], 0.0937950 secs] [Times: user=0.09 sys=0.00, real=0.09 secs] 
19.173: Total time for which application threads were stopped: 0.2145890 seconds, Stopping threads took: 0.0000070 seconds
19.173: Application time: 0.0000810 seconds
19.173: [Full GC19.173: [CMS: 52608K->52608K(52608K), 0.1032430 secs] 75327K->75327K(75328K), [CMS Perm : 8516K->8516K(21248K)], 0.1032850 secs] [Times: user=0.11 sys=0.00, real=0.11 secs] 
19.276: [Full GC19.276: [CMS: 52608K->52608K(52608K), 0.1049240 secs] 75327K->75327K(75328K), [CMS Perm : 8516K->8516K(21248K)], 0.1049610 secs] [Times: user=0.10 sys=0.00, real=0.10 secs] 
19.381: Total time for which application threads were stopped: 0.2084270 seconds, Stopping threads took: 0.0000640 seconds
19.381: Application time: 0.0000580 seconds
19.381: [Full GC19.381: [CMS: 52608K->52608K(52608K), 0.0919100 secs] 75327K->75327K(75328K), [CMS Perm : 8517K->8517K(21248K)], 0.0919490 secs] [Times: user=0.10 sys=0.00, real=0.09 secs] 
19.473: [Full GC19.473: [CMS: 52608K->52608K(52608K), 0.0908240 secs] 75327K->75327K(75328K), [CMS Perm : 8517K->8517K(21248K)], 0.0908630 secs] [Times: user=0.09 sys=0.00, real=0.09 secs] 
19.564: Total time for which application threads were stopped: 0.1829540 seconds, Stopping threads took: 0.0000460 seconds
19.564: Application time: 0.0000810 seconds
19.564: [GC [1 CMS-initial-mark: 52608K(52608K)] 75327K(75328K), 0.0116670 secs] [Times: user=0.01 sys=0.00, real=0.02 secs] 
19.576: Total time for which application threads were stopped: 0.0117360 seconds, Stopping threads took: 0.0000090 seconds
19.576: [CMS-concurrent-mark-start]
19.576: Application time: 0.0002580 seconds
19.576: [Full GC19.576: [CMS19.607: [CMS-concurrent-mark: 0.030/0.031 secs] [Times: user=0.06 sys=0.00, real=0.03 secs] 
 (concurrent mode failure): 52608K->52608K(52608K), 0.1336690 secs] 75327K->75327K(75328K), [CMS Perm : 8520K->8520K(21248K)], 0.1337110 secs] [Times: user=0.16 sys=0.00, real=0.13 secs] 
19.710: [Full GC19.710: [CMS: 52608K->52608K(52608K), 0.1027720 secs] 75327K->75327K(75328K), [CMS Perm : 8520K->8520K(21248K)], 0.1028100 secs] [Times: user=0.10 sys=0.00, real=0.10 secs] 
19.813: Total time for which application threads were stopped: 0.2366290 seconds, Stopping threads took: 0.0000080 seconds
19.813: Application time: 0.0000890 seconds
19.813: [Full GC19.813: [CMS: 52608K->52608K(52608K), 0.1030680 secs] 75327K->75327K(75328K), [CMS Perm : 8520K->8520K(21248K)], 0.1031090 secs] [Times: user=0.10 sys=0.00, real=0.11 secs] 
19.916: [Full GC19.916: [CMS: 52608K->52608K(52608K), 0.1027950 secs] 75327K->75327K(75328K), [CMS Perm : 8520K->8520K(21248K)], 0.1028340 secs] [Times: user=0.10 sys=0.00, real=0.10 secs] 
20.019: Total time for which application threads were stopped: 0.2060900 seconds, Stopping threads took: 0.0000400 seconds
20.019: Application time: 0.0000590 seconds
20.019: [GC [1 CMS-initial-mark: 52608K(52608K)] 75327K(75328K), 0.0116980 secs] [Times: user=0.01 sys=0.00, real=0.01 secs] 
20.031: Total time for which application threads were stopped: 0.0118460 seconds, Stopping threads took: 0.0000740 seconds
20.031: [CMS-concurrent-mark-start]
20.031: Application time: 0.0001480 seconds
20.031: [Full GC20.031: [CMS20.070: [CMS-concurrent-mark: 0.038/0.039 secs] [Times: user=0.08 sys=0.00, real=0.04 secs] 
 (concurrent mode failure): 52608K->52607K(52608K), 0.1455270 secs] 75327K->75327K(75328K), [CMS Perm : 8522K->8517K(21248K)], 0.1455740 secs] [Times: user=0.19 sys=0.00, real=0.15 secs] 
20.177: Total time for which application threads were stopped: 0.1456450 seconds, Stopping threads took: 0.0000080 seconds
20.177: Application time: 0.0000950 seconds
20.177: [Full GC20.177: [CMS: 52608K->52608K(52608K), 0.1011450 secs] 75328K->75327K(75328K), [CMS Perm : 8517K->8517K(21248K)], 0.1011800 secs] [Times: user=0.10 sys=0.00, real=0.10 secs] 
20.278: [Full GC20.278: [CMS: 52608K->52608K(52608K), 0.1010450 secs] 75327K->75327K(75328K), [CMS Perm : 8517K->8517K(21248K)], 0.1010760 secs] [Times: user=0.10 sys=0.00, real=0.10 secs] 
20.379: Total time for which application threads were stopped: 0.2023750 seconds, Stopping threads took: 0.0000200 seconds
20.379: Application time: 0.0000710 seconds
20.379: [Full GC20.379: [CMS: 52608K->52607K(52608K), 0.1034920 secs] 75327K->75327K(75328K), [CMS Perm : 8518K->8518K(21248K)], 0.1035290 secs] [Times: user=0.10 sys=0.00, real=0.10 secs] 
20.483: Total time for which application threads were stopped: 0.1036100 seconds, Stopping threads took: 0.0000240 seconds
20.483: Application time: 0.0001950 seconds
20.483: [Full GC20.483: [CMS: 52608K->52608K(52608K), 0.1013150 secs] 75327K->75327K(75328K), [CMS Perm : 8518K->8518K(21248K)], 0.1013470 secs] [Times: user=0.10 sys=0.00, real=0.10 secs] 
20.585: Total time for which application threads were stopped: 0.1014140 seconds, Stopping threads took: 0.0000070 seconds
20.585: Application time: 0.0000810 seconds
20.585: [Full GC20.585: [CMS: 52608K->52608K(52608K), 0.0891920 secs] 75327K->75327K(75328K), [CMS Perm : 8518K->8518K(21248K)], 0.0892270 secs] [Times: user=0.09 sys=0.00, real=0.09 secs] 
20.674: [Full GC20.674: [CMS: 52608K->52608K(52608K), 0.0887740 secs] 75327K->75327K(75328K), [CMS Perm : 8518K->8518K(21248K)], 0.0888040 secs] [Times: user=0.09 sys=0.00, real=0.09 secs] 
20.763: Total time for which application threads were stopped: 0.1781210 seconds, Stopping threads took: 0.0000060 seconds
20.763: Application time: 0.0000780 seconds
20.763: [Full GC20.763: [CMS: 52608K->52608K(52608K), 0.0989700 secs] 75327K->75327K(75328K), [CMS Perm : 8518K->8518K(21248K)], 0.0990050 secs] [Times: user=0.10 sys=0.00, real=0.10 secs] 
20.862: [Full GC20.862: [CMS: 52608K->52608K(52608K), 0.0892440 secs] 75327K->75327K(75328K), [CMS Perm : 8518K->8518K(21248K)], 0.0892740 secs] [Times: user=0.09 sys=0.00, real=0.09 secs] 
20.951: Total time for which application threads were stopped: 0.1883840 seconds, Stopping threads took: 0.0000070 seconds
20.951: Application time: 0.0000600 seconds
20.951: [GC [1 CMS-initial-mark: 52608K(52608K)] 75327K(75328K), 0.0110270 secs] [Times: user=0.01 sys=0.00, real=0.01 secs] 
20.962: Total time for which application threads were stopped: 0.0111020 seconds, Stopping threads took: 0.0000260 seconds
20.962: [CMS-concurrent-mark-start]
20.963: Application time: 0.0001440 seconds
20.963: [Full GC20.963: [CMS20.994: [CMS-concurrent-mark: 0.030/0.031 secs] [Times: user=0.06 sys=0.00, real=0.03 secs] 
 (concurrent mode failure): 52608K->52608K(52608K), 0.1242820 secs] 75327K->75327K(75328K), [CMS Perm : 8519K->8519K(21248K)], 0.1243250 secs] [Times: user=0.16 sys=0.00, real=0.13 secs] 
21.087: [Full GC21.087: [CMS: 52608K->52608K(52608K), 0.0911450 secs] 75327K->75327K(75328K), [CMS Perm : 8519K->8519K(21248K)], 0.0911850 secs] [Times: user=0.09 sys=0.00, real=0.09 secs] 
21.178: Total time for which application threads were stopped: 0.2156150 seconds, Stopping threads took: 0.0000070 seconds
21.178: Application time: 0.0000800 seconds
21.178: [Full GC21.178: [CMS: 52608K->52607K(52608K), 0.0912710 secs] 75327K->75327K(75328K), [CMS Perm : 8519K->8519K(21248K)], 0.0913140 secs] [Times: user=0.09 sys=0.00, real=0.09 secs] 
21.270: [Full GC21.270: [CMS: 52607K->52607K(52608K), 0.0911780 secs] 75327K->75327K(75328K), [CMS Perm : 8519K->8519K(21248K)], 0.0912150 secs] [Times: user=0.09 sys=0.00, real=0.09 secs] 
21.361: Total time for which application threads were stopped: 0.1826520 seconds, Stopping threads took: 0.0000200 seconds
21.361: Application time: 0.0000460 seconds
21.361: [GC [1 CMS-initial-mark: 52607K(52608K)] 75327K(75328K), 0.0108900 secs] [Times: user=0.01 sys=0.00, real=0.01 secs] 
21.372: Total time for which application threads were stopped: 0.0109890 seconds, Stopping threads took: 0.0000380 seconds
21.372: [CMS-concurrent-mark-start]
21.372: Application time: 0.0001150 seconds
21.372: [Full GC21.372: [CMS21.403: [CMS-concurrent-mark: 0.030/0.031 secs] [Times: user=0.06 sys=0.00, real=0.03 secs] 
 (concurrent mode failure): 52608K->52608K(52608K), 0.1215330 secs] 75327K->75327K(75328K), [CMS Perm : 8519K->8519K(21248K)], 0.1215720 secs] [Times: user=0.15 sys=0.00, real=0.12 secs] 
21.494: [Full GC21.494: [CMS: 52608K->52608K(52608K), 0.0911390 secs] 75327K->75327K(75328K), [CMS Perm : 8519K->8519K(21248K)], 0.0911780 secs] [Times: user=0.09 sys=0.00, real=0.09 secs] 
21.585: Total time for which application threads were stopped: 0.2128520 seconds, Stopping threads took: 0.0000070 seconds
21.585: Application time: 0.0000810 seconds
21.585: [Full GC21.585: [CMS: 52608K->52608K(52608K), 0.0913580 secs] 75327K->75327K(75328K), [CMS Perm : 8520K->8520K(21248K)], 0.0913960 secs] [Times: user=0.10 sys=0.00, real=0.10 secs] 
21.676: [Full GC21.676: [CMS: 52608K->52608K(52608K), 0.0909610 secs] 75327K->75327K(75328K), [CMS Perm : 8520K->8520K(21248K)], 0.0909990 secs] [Times: user=0.09 sys=0.00, real=0.09 secs] 
21.767: Total time for which application threads were stopped: 0.1824960 seconds, Stopping threads took: 0.0000080 seconds
21.768: Application time: 0.0000650 seconds
21.768: [GC [1 CMS-initial-mark: 52608K(52608K)] 75327K(75328K), 0.0108460 secs] [Times: user=0.01 sys=0.00, real=0.01 secs] 
21.778: Total time for which application threads were stopped: 0.0109180 seconds, Stopping threads took: 0.0000240 seconds
21.779: [CMS-concurrent-mark-start]
21.779: Application time: 0.0001150 seconds
21.779: [Full GC21.779: [CMS21.808: [CMS-concurrent-mark: 0.028/0.029 secs] [Times: user=0.05 sys=0.00, real=0.03 secs] 
 (concurrent mode failure): 52608K->52607K(52608K), 0.1366930 secs] 75327K->75299K(75328K), [CMS Perm : 8520K->8520K(21248K)], 0.1367380 secs] [Times: user=0.16 sys=0.00, real=0.14 secs] 
21.915: Total time for which application threads were stopped: 0.1368090 seconds, Stopping threads took: 0.0000080 seconds
21.916: Application time: 0.0001600 seconds
21.916: Total time for which application threads were stopped: 0.0000730 seconds, Stopping threads took: 0.0000330 seconds
21.916: Application time: 0.0000170 seconds
21.916: [GC [1 CMS-initial-mark: 52607K(52608K)] 75301K(75328K), 0.0109390 secs] [Times: user=0.01 sys=0.00, real=0.00 secs] 
21.927: Total time for which application threads were stopped: 0.0110140 seconds, Stopping threads took: 0.0000270 seconds
21.927: [CMS-concurrent-mark-start]
21.927: Application time: 0.0003710 seconds
21.927: [Full GC21.927: [CMS21.957: [CMS-concurrent-mark: 0.029/0.030 secs] [Times: user=0.06 sys=0.00, real=0.03 secs] 
 (concurrent mode failure): 52607K->52607K(52608K), 0.1346030 secs] 75327K->75320K(75328K), [CMS Perm : 8520K->8520K(21248K)], 0.1346450 secs] [Times: user=0.17 sys=0.00, real=0.13 secs] 
22.062: [Full GC22.062: [CMS: 52607K->52607K(52608K), 0.0897630 secs] 75320K->75320K(75328K), [CMS Perm : 8520K->8520K(21248K)], 0.0897940 secs] [Times: user=0.09 sys=0.00, real=0.09 secs] 
22.152: Total time for which application threads were stopped: 0.2245320 seconds, Stopping threads took: 0.0000060 seconds
22.152: Application time: 0.0002190 seconds
22.152: [Full GC22.152: [CMS: 52607K->52608K(52608K), 0.1154690 secs] 75326K->75289K(75328K), [CMS Perm : 8520K->8520K(21248K)], 0.1155080 secs] [Times: user=0.11 sys=0.00, real=0.12 secs] 
22.267: Total time for which application threads were stopped: 0.1155700 seconds, Stopping threads took: 0.0000070 seconds
22.267: Application time: 0.0000570 seconds
22.267: [GC [1 CMS-initial-mark: 52608K(52608K)] 75305K(75328K), 0.0114730 secs] [Times: user=0.01 sys=0.00, real=0.01 secs] 
22.279: Total time for which application threads were stopped: 0.0115410 seconds, Stopping threads took: 0.0000130 seconds
22.279: [CMS-concurrent-mark-start]
22.279: Application time: 0.0002020 seconds
22.279: [Full GC22.279: [CMS22.309: [CMS-concurrent-mark: 0.028/0.030 secs] [Times: user=0.06 sys=0.00, real=0.03 secs] 
 (concurrent mode failure): 52608K->52608K(52608K), 0.1303640 secs] 75316K->75295K(75328K), [CMS Perm : 8520K->8520K(21248K)], 0.1303990 secs] [Times: user=0.15 sys=0.00, real=0.13 secs] 
22.410: Total time for which application threads were stopped: 0.1304840 seconds, Stopping threads took: 0.0000290 seconds
22.410: Application time: 0.0001220 seconds
22.410: [Full GC22.410: [CMS: 52608K->52608K(52608K), 0.0890690 secs] 75327K->75305K(75328K), [CMS Perm : 8520K->8520K(21248K)], 0.0891000 secs] [Times: user=0.09 sys=0.00, real=0.09 secs] 
22.499: Total time for which application threads were stopped: 0.0891690 seconds, Stopping threads took: 0.0000190 seconds
22.499: Application time: 0.0000630 seconds
22.499: [GC [1 CMS-initial-mark: 52608K(52608K)] 75313K(75328K), 0.0113880 secs] [Times: user=0.01 sys=0.00, real=0.01 secs] 
22.510: Total time for which application threads were stopped: 0.0114800 seconds, Stopping threads took: 0.0000360 seconds
22.511: [CMS-concurrent-mark-start]
22.511: Application time: 0.0003390 seconds
22.511: [Full GC22.511: [CMS22.541: [CMS-concurrent-mark: 0.030/0.031 secs] [Times: user=0.06 sys=0.00, real=0.03 secs] 
 (concurrent mode failure): 52608K->52608K(52608K), 0.1196940 secs] 75327K->75308K(75328K), [CMS Perm : 8520K->8520K(21248K)], 0.1197270 secs] [Times: user=0.15 sys=0.00, real=0.12 secs] 
22.631: Total time for which application threads were stopped: 0.1197870 seconds, Stopping threads took: 0.0000050 seconds
22.631: Application time: 0.0003250 seconds
22.631: [Full GC22.631: [CMS: 52608K->52608K(52608K), 0.1016250 secs] 75328K->75324K(75328K), [CMS Perm : 8520K->8520K(21248K)], 0.1016590 secs] [Times: user=0.11 sys=0.00, real=0.10 secs] 
22.733: Total time for which application threads were stopped: 0.1017290 seconds, Stopping threads took: 0.0000200 seconds
22.733: Application time: 0.0000520 seconds
22.733: [GC [1 CMS-initial-mark: 52608K(52608K)] 75324K(75328K), 0.0114550 secs] [Times: user=0.01 sys=0.00, real=0.01 secs] 
22.744: Total time for which application threads were stopped: 0.0115080 seconds, Stopping threads took: 0.0000060 seconds
22.744: [CMS-concurrent-mark-start]
22.744: Application time: 0.0002540 seconds
22.745: [Full GC22.745: [CMS22.775: [CMS-concurrent-mark: 0.029/0.030 secs] [Times: user=0.06 sys=0.00, real=0.03 secs] 
 (concurrent mode failure): 52608K->52608K(52608K), 0.1306670 secs] 75328K->75326K(75328K), [CMS Perm : 8520K->8520K(21248K)], 0.1307020 secs] [Times: user=0.16 sys=0.00, real=0.14 secs] 
22.875: Total time for which application threads were stopped: 0.1307860 seconds, Stopping threads took: 0.0000290 seconds
22.875: Application time: 0.0001060 seconds
22.875: [Full GC22.875: [CMS: 52608K->52608K(52608K), 0.1011070 secs] 75328K->75327K(75328K), [CMS Perm : 8520K->8520K(21248K)], 0.1011390 secs] [Times: user=0.10 sys=0.00, real=0.10 secs] 
22.977: Total time for which application threads were stopped: 0.1012100 seconds, Stopping threads took: 0.0000190 seconds
22.977: Application time: 0.0000540 seconds
22.977: [GC [1 CMS-initial-mark: 52608K(52608K)] 75327K(75328K), 0.0114700 secs] [Times: user=0.01 sys=0.00, real=0.01 secs] 
22.988: Total time for which application threads were stopped: 0.0115250 seconds, Stopping threads took: 0.0000070 seconds
22.988: [CMS-concurrent-mark-start]
22.988: Application time: 0.0001220 seconds
22.988: [Full GC22.988: [CMS23.019: [CMS-concurrent-mark: 0.030/0.031 secs] [Times: user=0.06 sys=0.00, real=0.03 secs] 
 (concurrent mode failure): 52608K->52608K(52608K), 0.1198480 secs] 75327K->75327K(75328K), [CMS Perm : 8520K->8520K(21248K)], 0.1198810 secs] [Times: user=0.15 sys=0.00, real=0.12 secs] 
23.108: [Full GC23.108: [CMS: 52608K->52608K(52608K), 0.0890360 secs] 75327K->75327K(75328K), [CMS Perm : 8520K->8520K(21248K)], 0.0890680 secs] [Times: user=0.09 sys=0.00, real=0.09 secs] 
23.197: Total time for which application threads were stopped: 0.2090410 seconds, Stopping threads took: 0.0000070 seconds
23.197: Application time: 0.0000900 seconds
23.197: [Full GC23.197: [CMS: 52608K->52608K(52608K), 0.1010310 secs] 75328K->75327K(75328K), [CMS Perm : 8520K->8520K(21248K)], 0.1010650 secs] [Times: user=0.10 sys=0.00, real=0.10 secs] 
23.299: Total time for which application threads were stopped: 0.1011470 seconds, Stopping threads took: 0.0000190 seconds
23.299: Application time: 0.0000650 seconds
23.299: [GC [1 CMS-initial-mark: 52608K(52608K)] 75327K(75328K), 0.0114150 secs] [Times: user=0.01 sys=0.00, real=0.01 secs] 
23.310: Total time for which application threads were stopped: 0.0114860 seconds, Stopping threads took: 0.0000250 seconds
23.310: [CMS-concurrent-mark-start]
23.310: Application time: 0.0000880 seconds
23.310: [Full GC23.310: [CMS23.341: [CMS-concurrent-mark: 0.029/0.030 secs] [Times: user=0.06 sys=0.00, real=0.03 secs] 
 (concurrent mode failure): 52608K->52608K(52608K), 0.1197780 secs] 75327K->75327K(75328K), [CMS Perm : 8520K->8520K(21248K)], 0.1198120 secs] [Times: user=0.15 sys=0.00, real=0.12 secs] 
23.430: [Full GC23.430: [CMS: 52608K->52608K(52608K), 0.0889120 secs] 75327K->75327K(75328K), [CMS Perm : 8520K->8520K(21248K)], 0.0889420 secs] [Times: user=0.09 sys=0.00, real=0.09 secs] 
23.519: Total time for which application threads were stopped: 0.2088440 seconds, Stopping threads took: 0.0000050 seconds
23.519: Application time: 0.0001080 seconds
23.519: [Full GC23.519: [CMS: 52608K->52608K(52608K), 0.1017010 secs] 75327K->75327K(75328K), [CMS Perm : 8522K->8522K(21248K)], 0.1017340 secs] [Times: user=0.10 sys=0.00, real=0.10 secs] 
23.621: [Full GC23.621: [CMS: 52608K->52608K(52608K), 0.0923090 secs] 75327K->75327K(75328K), [CMS Perm : 8522K->8522K(21248K)], 0.0923420 secs] [Times: user=0.09 sys=0.00, real=0.09 secs] 
23.713: Total time for which application threads were stopped: 0.1941750 seconds, Stopping threads took: 0.0000200 seconds
23.713: Application time: 0.0000540 seconds
23.713: [GC [1 CMS-initial-mark: 52608K(52608K)] 75327K(75328K), 0.0114450 secs] [Times: user=0.01 sys=0.00, real=0.01 secs] 
23.725: Total time for which application threads were stopped: 0.0115180 seconds, Stopping threads took: 0.0000190 seconds
23.725: [CMS-concurrent-mark-start]
23.725: Application time: 0.0000810 seconds
23.725: [Full GC23.725: [CMS23.755: [CMS-concurrent-mark: 0.029/0.030 secs] [Times: user=0.06 sys=0.00, real=0.04 secs] 
 (concurrent mode failure): 52608K->52607K(52608K), 0.1338910 secs] 75327K->75271K(75328K), [CMS Perm : 8522K->8520K(21248K)], 0.1339270 secs] [Times: user=0.17 sys=0.00, real=0.14 secs] 
23.859: Total time for which application threads were stopped: 0.1339910 seconds, Stopping threads took: 0.0000050 seconds
23.859: Application time: 0.0003240 seconds
23.859: [Full GC23.859: [CMS: 52607K->52607K(52608K), 0.1059330 secs] 75319K->75274K(75328K), [CMS Perm : 8520K->8520K(21248K)], 0.1059680 secs] [Times: user=0.10 sys=0.00, real=0.10 secs] 
23.965: Total time for which application threads were stopped: 0.1060330 seconds, Stopping threads took: 0.0000060 seconds
23.965: Application time: 0.0000780 seconds
23.965: [GC [1 CMS-initial-mark: 52607K(52608K)] 75291K(75328K), 0.0114440 secs] [Times: user=0.01 sys=0.00, real=0.02 secs] 
23.977: Total time for which application threads were stopped: 0.0115210 seconds, Stopping threads took: 0.0000230 seconds
23.977: [CMS-concurrent-mark-start]
23.977: Application time: 0.0005170 seconds
23.978: [Full GC23.978: [CMS24.007: [CMS-concurrent-mark: 0.029/0.030 secs] [Times: user=0.06 sys=0.00, real=0.03 secs] 
 (concurrent mode failure): 52607K->52607K(52608K), 0.1311470 secs] 75327K->75308K(75328K), [CMS Perm : 8520K->8520K(21248K)], 0.1311890 secs] [Times: user=0.15 sys=0.00, real=0.13 secs] 
24.109: Total time for which application threads were stopped: 0.1312510 seconds, Stopping threads took: 0.0000070 seconds
24.109: Application time: 0.0003540 seconds
24.109: [Full GC24.109: [CMS: 52607K->52607K(52608K), 0.1013770 secs] 75327K->75307K(75328K), [CMS Perm : 8520K->8520K(21248K)], 0.1014100 secs] [Times: user=0.11 sys=0.00, real=0.10 secs] 
24.211: Total time for which application threads were stopped: 0.1014800 seconds, Stopping threads took: 0.0000190 seconds
24.211: Application time: 0.0000830 seconds
24.211: [GC [1 CMS-initial-mark: 52607K(52608K)] 75307K(75328K), 0.0113970 secs] [Times: user=0.01 sys=0.00, real=0.01 secs] 
24.222: Total time for which application threads were stopped: 0.0114690 seconds, Stopping threads took: 0.0000260 seconds
24.222: [CMS-concurrent-mark-start]
24.223: Application time: 0.0004800 seconds
24.223: [Full GC24.223: [CMS24.253: [CMS-concurrent-mark: 0.029/0.031 secs] [Times: user=0.06 sys=0.00, real=0.03 secs] 
 (concurrent mode failure): 52607K->52607K(52608K), 0.1310570 secs] 75327K->75324K(75328K), [CMS Perm : 8520K->8520K(21248K)], 0.1310910 secs] [Times: user=0.16 sys=0.00, real=0.13 secs] 
24.354: Total time for which application threads were stopped: 0.1311670 seconds, Stopping threads took: 0.0000100 seconds
24.354: Application time: 0.0001800 seconds
24.354: [Full GC24.354: [CMS: 52607K->52607K(52608K), 0.1014980 secs] 75327K->75327K(75328K), [CMS Perm : 8520K->8520K(21248K)], 0.1015310 secs] [Times: user=0.10 sys=0.00, real=0.11 secs] 
24.456: Total time for which application threads were stopped: 0.1016000 seconds, Stopping threads took: 0.0000120 seconds
24.456: Application time: 0.0000620 seconds
24.456: [GC [1 CMS-initial-mark: 52607K(52608K)] 75327K(75328K), 0.0114370 secs] [Times: user=0.01 sys=0.00, real=0.01 secs] 
24.467: Total time for which application threads were stopped: 0.0114980 seconds, Stopping threads took: 0.0000120 seconds
24.467: [CMS-concurrent-mark-start]
24.467: Application time: 0.0001600 seconds
24.467: [Full GC24.467: [CMS24.497: [CMS-concurrent-mark: 0.029/0.030 secs] [Times: user=0.06 sys=0.00, real=0.03 secs] 
 (concurrent mode failure): 52607K->52607K(52608K), 0.1308120 secs] 75327K->75327K(75328K), [CMS Perm : 8520K->8520K(21248K)], 0.1308470 secs] [Times: user=0.16 sys=0.00, real=0.13 secs] 
24.598: Total time for which application threads were stopped: 0.1309950 seconds, Stopping threads took: 0.0000700 seconds
24.598: Application time: 0.0000730 seconds
24.598: [Full GC24.598: [CMS: 52607K->52607K(52608K), 0.0986110 secs] 75327K->75327K(75328K), [CMS Perm : 8520K->8520K(21248K)], 0.0986440 secs] [Times: user=0.10 sys=0.00, real=0.10 secs] 
24.697: [Full GC24.697: [CMS: 52607K->52607K(52608K), 0.0893060 secs] 75327K->75327K(75328K), [CMS Perm : 8520K->8520K(21248K)], 0.0893380 secs] [Times: user=0.09 sys=0.00, real=0.08 secs] 
24.786: Total time for which application threads were stopped: 0.1881160 seconds, Stopping threads took: 0.0000430 seconds
24.787: Application time: 0.0000430 seconds
24.787: [GC [1 CMS-initial-mark: 52607K(52608K)] 75327K(75328K), 0.0107490 secs] [Times: user=0.01 sys=0.00, real=0.02 secs] 
24.797: Total time for which application threads were stopped: 0.0108240 seconds, Stopping threads took: 0.0000180 seconds
24.797: [CMS-concurrent-mark-start]
24.797: Application time: 0.0001080 seconds
24.797: [Full GC24.797: [CMS24.826: [CMS-concurrent-mark: 0.027/0.028 secs] [Times: user=0.06 sys=0.00, real=0.02 secs] 
 (concurrent mode failure): 52608K->52608K(52608K), 0.1170430 secs] 75328K->75327K(75328K), [CMS Perm : 8520K->8520K(21248K)], 0.1170750 secs] [Times: user=0.15 sys=0.00, real=0.11 secs] 
24.915: Total time for which application threads were stopped: 0.1171340 seconds, Stopping threads took: 0.0000050 seconds
24.915: Application time: 0.0000790 seconds
24.915: [Full GC24.915: [CMS: 52608K->52608K(52608K), 0.1013660 secs] 75327K->75327K(75328K), [CMS Perm : 8520K->8520K(21248K)], 0.1013960 secs] [Times: user=0.10 sys=0.00, real=0.10 secs] 
25.016: [Full GC25.016: [CMS: 52608K->52608K(52608K), 0.1011310 secs] 75327K->75327K(75328K), [CMS Perm : 8520K->8520K(21248K)], 0.1011610 secs] [Times: user=0.10 sys=0.00, real=0.10 secs] 
25.117: Total time for which application threads were stopped: 0.2026720 seconds, Stopping threads took: 0.0000260 seconds
25.117: Application time: 0.0000640 seconds
25.117: [GC [1 CMS-initial-mark: 52608K(52608K)] 75327K(75328K), 0.0114060 secs] [Times: user=0.01 sys=0.00, real=0.01 secs] 
25.129: Total time for which application threads were stopped: 0.0114690 seconds, Stopping threads took: 0.0000170 seconds
25.129: [CMS-concurrent-mark-start]
25.129: Application time: 0.0000790 seconds
25.129: [Full GC25.129: [CMS25.157: [CMS-concurrent-mark: 0.027/0.028 secs] [Times: user=0.05 sys=0.00, real=0.03 secs] 
 (concurrent mode failure): 52608K->52607K(52608K), 0.1349150 secs] 75327K->75242K(75328K), [CMS Perm : 8520K->8520K(21248K)], 0.1349540 secs] [Times: user=0.16 sys=0.00, real=0.13 secs] 
25.264: Total time for which application threads were stopped: 0.1350200 seconds, Stopping threads took: 0.0000060 seconds
25.264: Application time: 0.0005290 seconds
25.265: [Full GC25.265: [CMS: 52607K->52607K(52608K), 0.1138510 secs] 75327K->75266K(75328K), [CMS Perm : 8520K->8520K(21248K)], 0.1138890 secs] [Times: user=0.12 sys=0.00, real=0.12 secs] 
25.378: Total time for which application threads were stopped: 0.1139720 seconds, Stopping threads took: 0.0000200 seconds
25.379: Application time: 0.0000720 seconds
25.379: [GC [1 CMS-initial-mark: 52607K(52608K)] 75266K(75328K), 0.0114510 secs] [Times: user=0.01 sys=0.00, real=0.01 secs] 
25.390: Total time for which application threads were stopped: 0.0115450 seconds, Stopping threads took: 0.0000270 seconds
25.390: [CMS-concurrent-mark-start]
25.391: Application time: 0.0008110 seconds
25.391: [Full GC25.391: [CMS25.420: [CMS-concurrent-mark: 0.029/0.030 secs] [Times: user=0.06 sys=0.00, real=0.03 secs] 
 (concurrent mode failure): 52607K->52607K(52608K), 0.1304140 secs] 75327K->75300K(75328K), [CMS Perm : 8520K->8520K(21248K)], 0.1304480 secs] [Times: user=0.16 sys=0.00, real=0.13 secs] 
25.521: Total time for which application threads were stopped: 0.1305100 seconds, Stopping threads took: 0.0000060 seconds
25.522: Application time: 0.0009750 seconds
25.522: [Full GC25.522: [CMS: 52607K->52607K(52608K), 0.1056650 secs] 75326K->75286K(75328K), [CMS Perm : 8547K->8547K(21248K)], 0.1057030 secs] [Times: user=0.11 sys=0.00, real=0.11 secs] 
25.628: Total time for which application threads were stopped: 0.1057670 seconds, Stopping threads took: 0.0000060 seconds
25.628: Application time: 0.0000410 seconds
25.628: [GC [1 CMS-initial-mark: 52607K(52608K)] 75290K(75328K), 0.0107760 secs] [Times: user=0.01 sys=0.00, real=0.01 secs] 
25.639: Total time for which application threads were stopped: 0.0108420 seconds, Stopping threads took: 0.0000140 seconds
25.639: [CMS-concurrent-mark-start]
25.639: Application time: 0.0002000 seconds
25.639: [Full GC25.639: [CMS25.669: [CMS-concurrent-mark: 0.029/0.030 secs] [Times: user=0.06 sys=0.00, real=0.03 secs] 
 (concurrent mode failure): 52607K->52607K(52608K), 0.1313330 secs] 75326K->75323K(75328K), [CMS Perm : 8548K->8548K(21248K)], 0.1313690 secs] [Times: user=0.16 sys=0.00, real=0.13 secs] 
25.771: [Full GC25.771: [CMS: 52607K->52607K(52608K), 0.1013940 secs] 75323K->75254K(75328K), [CMS Perm : 8548K->8548K(21248K)], 0.1014250 secs] [Times: user=0.10 sys=0.00, real=0.10 secs] 
25.872: Total time for which application threads were stopped: 0.2328920 seconds, Stopping threads took: 0.0000070 seconds
25.872: Application time: 0.0001710 seconds
25.872: [Full GC25.872: [CMS: 52607K->52607K(52608K), 0.1049460 secs] 75318K->74544K(75328K), [CMS Perm : 8548K->8548K(21248K)], 0.1049820 secs] [Times: user=0.10 sys=0.00, real=0.11 secs] 
25.977: Total time for which application threads were stopped: 0.1050880 seconds, Stopping threads took: 0.0000410 seconds
25.977: Application time: 0.0000550 seconds
25.978: [GC [1 CMS-initial-mark: 52607K(52608K)] 74560K(75328K), 0.0105510 secs] [Times: user=0.02 sys=0.00, real=0.01 secs] 
25.988: Total time for which application threads were stopped: 0.0106480 seconds, Stopping threads took: 0.0000350 seconds
25.988: [CMS-concurrent-mark-start]
25.990: Application time: 0.0021780 seconds
25.990: [Full GC25.990: [CMS26.017: [CMS-concurrent-mark: 0.028/0.029 secs] [Times: user=0.06 sys=0.00, real=0.03 secs] 
 (concurrent mode failure): 52607K->52607K(52608K), 0.1404260 secs] 75327K->75120K(75328K), [CMS Perm : 8548K->8548K(21248K)], 0.1404670 secs] [Times: user=0.16 sys=0.00, real=0.14 secs] 
26.131: Total time for which application threads were stopped: 0.1405360 seconds, Stopping threads took: 0.0000080 seconds
26.132: Application time: 0.0007020 seconds
26.132: [Full GC26.132: [CMS: 52607K->52607K(52608K), 0.0956240 secs] 75327K->75327K(75328K), [CMS Perm : 8548K->8548K(21248K)], 0.0956580 secs] [Times: user=0.09 sys=0.00, real=0.10 secs] 
26.227: Total time for which application threads were stopped: 0.0957340 seconds, Stopping threads took: 0.0000190 seconds
26.227: Application time: 0.0000590 seconds
26.227: [Full GC26.227: [CMS: 52607K->52607K(52608K), 0.1010870 secs] 75327K->75327K(75328K), [CMS Perm : 8548K->8548K(21248K)], 0.1011190 secs] [Times: user=0.10 sys=0.00, real=0.10 secs] 
26.328: [Full GC26.328: [CMS: 52607K->52607K(52608K), 0.1017310 secs] 75327K->75327K(75328K), [CMS Perm : 8548K->8548K(21248K)], 0.1017630 secs] [Times: user=0.10 sys=0.00, real=0.10 secs] 
26.430: Total time for which application threads were stopped: 0.2029690 seconds, Stopping threads took: 0.0000060 seconds
26.430: Application time: 0.0000750 seconds
26.430: [Full GC26.430: [CMS: 52607K->52607K(52608K), 0.0896170 secs] 75327K->75327K(75328K), [CMS Perm : 8548K->8548K(21248K)], 0.0896510 secs] [Times: user=0.08 sys=0.00, real=0.09 secs] 
26.520: [Full GC26.520: [CMS: 52607K->52607K(52608K), 0.0892140 secs] 75327K->75327K(75328K), [CMS Perm : 8548K->8548K(21248K)], 0.0892460 secs] [Times: user=0.09 sys=0.00, real=0.09 secs] 
26.609: Total time for which application threads were stopped: 0.1789850 seconds, Stopping threads took: 0.0000060 seconds
26.609: Application time: 0.0000640 seconds
26.609: [Full GC26.609: [CMS: 52607K->52607K(52608K), 0.0898010 secs] 75327K->75327K(75328K), [CMS Perm : 8548K->8548K(21248K)], 0.0898340 secs] [Times: user=0.09 sys=0.00, real=0.09 secs] 
26.699: [Full GC26.699: [CMS: 52607K->52607K(52608K), 0.0898740 secs] 75327K->75327K(75328K), [CMS Perm : 8548K->8548K(21248K)], 0.0899050 secs] [Times: user=0.09 sys=0.00, real=0.09 secs] 
26.789: Total time for which application threads were stopped: 0.1798490 seconds, Stopping threads took: 0.0000190 seconds
26.789: Application time: 0.0000520 seconds
26.789: [Full GC26.789: [CMS: 52607K->52607K(52608K), 0.0897320 secs] 75327K->75327K(75328K), [CMS Perm : 8548K->8548K(21248K)], 0.0897620 secs] [Times: user=0.09 sys=0.00, real=0.09 secs] 
26.879: Total time for which application threads were stopped: 0.0898250 seconds, Stopping threads took: 0.0000130 seconds
26.879: Application time: 0.0000650 seconds
26.879: [Full GC26.879: [CMS: 52607K->52607K(52608K), 0.1013910 secs] 75327K->75327K(75328K), [CMS Perm : 8548K->8548K(21248K)], 0.1014230 secs] [Times: user=0.11 sys=0.00, real=0.10 secs] 
26.981: Total time for which application threads were stopped: 0.1014800 seconds, Stopping threads took: 0.0000060 seconds
26.981: Application time: 0.0000490 seconds
26.981: [Full GC26.981: [CMS: 52607K->52607K(52608K), 0.1000860 secs] 75327K->75327K(75328K), [CMS Perm : 8548K->8548K(21248K)], 0.1001170 secs] [Times: user=0.10 sys=0.00, real=0.10 secs] 
27.081: [Full GC27.081: [CMS: 52607K->52607K(52608K), 0.0892970 secs] 75327K->75327K(75328K), [CMS Perm : 8548K->8548K(21248K)], 0.0893270 secs] [Times: user=0.09 sys=0.00, real=0.09 secs] 
27.170: Total time for which application threads were stopped: 0.1895310 seconds, Stopping threads took: 0.0000080 seconds
27.170: Application time: 0.0000710 seconds
27.170: [Full GC27.170: [CMS: 52607K->52607K(52608K), 0.1060440 secs] 75327K->75299K(75328K), [CMS Perm : 8548K->8548K(21248K)], 0.1060900 secs] [Times: user=0.10 sys=0.00, real=0.11 secs] 
27.277: Total time for which application threads were stopped: 0.1061630 seconds, Stopping threads took: 0.0000090 seconds
27.277: Application time: 0.0000560 seconds
27.277: [GC [1 CMS-initial-mark: 52607K(52608K)] 75300K(75328K), 0.0107390 secs] [Times: user=0.01 sys=0.00, real=0.01 secs] 
27.287: Total time for which application threads were stopped: 0.0108030 seconds, Stopping threads took: 0.0000080 seconds
27.287: [CMS-concurrent-mark-start]
27.288: Application time: 0.0002340 seconds
27.288: [Full GC27.288: [CMS27.318: [CMS-concurrent-mark: 0.029/0.031 secs] [Times: user=0.06 sys=0.00, real=0.03 secs] 
 (concurrent mode failure): 52607K->52607K(52608K), 0.1371600 secs] 75327K->75239K(75328K), [CMS Perm : 8548K->8548K(21248K)], 0.1372020 secs] [Times: user=0.17 sys=0.00, real=0.13 secs] 
27.425: Total time for which application threads were stopped: 0.1372720 seconds, Stopping threads took: 0.0000070 seconds
27.425: Application time: 0.0003630 seconds
27.425: [Full GC27.425: [CMS: 52607K->52607K(52608K), 0.0899540 secs] 75327K->75327K(75328K), [CMS Perm : 8548K->8548K(21248K)], 0.0899880 secs] [Times: user=0.09 sys=0.00, real=0.10 secs] 
27.515: [Full GC27.515: [CMS: 52607K->52607K(52608K), 0.0892400 secs] 75327K->75327K(75328K), [CMS Perm : 8548K->8548K(21248K)], 0.0892700 secs] [Times: user=0.09 sys=0.00, real=0.08 secs] 
27.605: Total time for which application threads were stopped: 0.1793690 seconds, Stopping threads took: 0.0000210 seconds
27.605: Application time: 0.0000800 seconds
27.605: [GC [1 CMS-initial-mark: 52607K(52608K)] 75327K(75328K), 0.0114510 secs] [Times: user=0.01 sys=0.00, real=0.02 secs] 
27.616: Total time for which application threads were stopped: 0.0115030 seconds, Stopping threads took: 0.0000070 seconds
27.616: [CMS-concurrent-mark-start]
27.616: Application time: 0.0001380 seconds
27.616: [Full GC27.616: [CMS27.648: [CMS-concurrent-mark: 0.030/0.031 secs] [Times: user=0.06 sys=0.00, real=0.03 secs] 
 (concurrent mode failure): 52608K->52607K(52608K), 0.1414050 secs] 75327K->75299K(75328K), [CMS Perm : 8548K->8548K(21248K)], 0.1414470 secs] [Times: user=0.17 sys=0.00, real=0.14 secs] 
27.758: Total time for which application threads were stopped: 0.1415180 seconds, Stopping threads took: 0.0000090 seconds
27.758: Application time: 0.0002820 seconds
27.758: [Full GC27.758: [CMS: 52607K->52607K(52608K), 0.1085390 secs] 75327K->75297K(75328K), [CMS Perm : 8548K->8548K(21248K)], 0.1085750 secs] [Times: user=0.11 sys=0.00, real=0.11 secs] 
27.867: Total time for which application threads were stopped: 0.1086540 seconds, Stopping threads took: 0.0000080 seconds
27.867: Application time: 0.0000920 seconds
27.867: [GC [1 CMS-initial-mark: 52607K(52608K)] 75304K(75328K), 0.0113320 secs] [Times: user=0.01 sys=0.00, real=0.01 secs] 
27.878: Total time for which application threads were stopped: 0.0114050 seconds, Stopping threads took: 0.0000190 seconds
27.878: [CMS-concurrent-mark-start]
27.879: Application time: 0.0005110 seconds
27.879: [Full GC27.879: [CMS27.909: [CMS-concurrent-mark: 0.029/0.030 secs] [Times: user=0.06 sys=0.00, real=0.03 secs] 
 (concurrent mode failure): 52607K->52607K(52608K), 0.1213320 secs] 75327K->75327K(75328K), [CMS Perm : 8548K->8548K(21248K)], 0.1213670 secs] [Times: user=0.15 sys=0.00, real=0.12 secs] 
28.000: [Full GC28.000: [CMS: 52607K->52607K(52608K), 0.0896890 secs] 75327K->75327K(75328K), [CMS Perm : 8548K->8548K(21248K)], 0.0897200 secs] [Times: user=0.09 sys=0.00, real=0.09 secs] 
28.090: Total time for which application threads were stopped: 0.2112000 seconds, Stopping threads took: 0.0000300 seconds
28.090: Application time: 0.0000950 seconds
28.090: [Full GC28.090: [CMS: 52607K->52607K(52608K), 0.0975110 secs] 75327K->75327K(75328K), [CMS Perm : 8548K->8548K(21248K)], 0.0975430 secs] [Times: user=0.10 sys=0.00, real=0.10 secs] 
28.188: Total time for which application threads were stopped: 0.0976120 seconds, Stopping threads took: 0.0000190 seconds
28.188: Application time: 0.0000760 seconds
28.188: [Full GC28.188: [CMS: 52607K->52607K(52608K), 0.0950000 secs] 75327K->75327K(75328K), [CMS Perm : 8548K->8548K(21248K)], 0.0950390 secs] [Times: user=0.10 sys=0.00, real=0.09 secs] 
28.283: [Full GC28.283: [CMS: 52607K->52607K(52608K), 0.0891840 secs] 75327K->75327K(75328K), [CMS Perm : 8548K->8548K(21248K)], 0.0892140 secs] [Times: user=0.09 sys=0.00, real=0.09 secs] 
28.372: Total time for which application threads were stopped: 0.1843500 seconds, Stopping threads took: 0.0000180 seconds
28.372: Application time: 0.0000900 seconds
28.372: [GC [1 CMS-initial-mark: 52607K(52608K)] 75327K(75328K), 0.0111640 secs] [Times: user=0.01 sys=0.00, real=0.01 secs] 
28.383: Total time for which application threads were stopped: 0.0112350 seconds, Stopping threads took: 0.0000130 seconds
28.384: [CMS-concurrent-mark-start]
28.384: Application time: 0.0001920 seconds
28.384: [Full GC28.384: [CMS28.415: [CMS-concurrent-mark: 0.030/0.032 secs] [Times: user=0.06 sys=0.00, real=0.04 secs] 
 (concurrent mode failure): 52607K->52607K(52608K), 0.1386860 secs] 75327K->75299K(75328K), [CMS Perm : 8548K->8548K(21248K)], 0.1387240 secs] [Times: user=0.17 sys=0.00, real=0.14 secs] 
28.522: Total time for which application threads were stopped: 0.1388150 seconds, Stopping threads took: 0.0000300 seconds
28.523: Application time: 0.0005330 seconds
28.523: [Full GC28.523: [CMS: 52607K->52607K(52608K), 0.1075420 secs] 75324K->75291K(75328K), [CMS Perm : 8548K->8548K(21248K)], 0.1075800 secs] [Times: user=0.10 sys=0.00, real=0.11 secs] 
28.631: Total time for which application threads were stopped: 0.1076580 seconds, Stopping threads took: 0.0000080 seconds
28.631: Application time: 0.0000760 seconds
28.631: [GC [1 CMS-initial-mark: 52607K(52608K)] 75295K(75328K), 0.0114410 secs] [Times: user=0.02 sys=0.00, real=0.01 secs] 
28.642: Total time for which application threads were stopped: 0.0115020 seconds, Stopping threads took: 0.0000070 seconds
28.642: [CMS-concurrent-mark-start]
28.643: Application time: 0.0008040 seconds
28.643: [Full GC28.643: [CMS28.676: [CMS-concurrent-mark: 0.033/0.034 secs] [Times: user=0.06 sys=0.00, real=0.04 secs] 
 (concurrent mode failure): 52607K->52607K(52608K), 0.1592180 secs] 75327K->75302K(75328K), [CMS Perm : 8548K->8548K(21248K)], 0.1592610 secs] [Times: user=0.19 sys=0.00, real=0.16 secs] 
28.802: Total time for which application threads were stopped: 0.1593330 seconds, Stopping threads took: 0.0000060 seconds
28.803: Application time: 0.0007170 seconds
28.803: [Full GC28.803: [CMS: 52607K->52607K(52608K), 0.1134190 secs] 75327K->75302K(75328K), [CMS Perm : 8548K->8548K(21248K)], 0.1134560 secs] [Times: user=0.11 sys=0.00, real=0.12 secs] 
28.917: Total time for which application threads were stopped: 0.1135250 seconds, Stopping threads took: 0.0000070 seconds
28.917: Application time: 0.0000500 seconds
28.917: [GC [1 CMS-initial-mark: 52607K(52608K)] 75303K(75328K), 0.0153870 secs] [Times: user=0.02 sys=0.00, real=0.01 secs] 
28.932: Total time for which application threads were stopped: 0.0154650 seconds, Stopping threads took: 0.0000180 seconds
28.932: [CMS-concurrent-mark-start]
28.933: Application time: 0.0007280 seconds
28.933: [Full GC28.933: [CMS28.961: [CMS-concurrent-mark: 0.028/0.029 secs] [Times: user=0.05 sys=0.00, real=0.03 secs] 
 (concurrent mode failure): 52607K->52607K(52608K), 0.1432810 secs] 75322K->75280K(75328K), [CMS Perm : 8548K->8548K(21248K)], 0.1433240 secs] [Times: user=0.17 sys=0.00, real=0.15 secs] 
29.076: Total time for which application threads were stopped: 0.1433910 seconds, Stopping threads took: 0.0000070 seconds
29.076: Application time: 0.0001920 seconds
29.077: [Full GC29.077: [CMS: 52607K->52607K(52608K), 0.1164450 secs] 75322K->75311K(75328K), [CMS Perm : 8548K->8548K(21248K)], 0.1164870 secs] [Times: user=0.12 sys=0.00, real=0.11 secs] 
29.193: Total time for which application threads were stopped: 0.1165740 seconds, Stopping threads took: 0.0000200 seconds
29.193: Application time: 0.0000850 seconds
29.193: [GC [1 CMS-initial-mark: 52607K(52608K)] 75327K(75328K), 0.0114070 secs] [Times: user=0.01 sys=0.00, real=0.01 secs] 
29.205: Total time for which application threads were stopped: 0.0114700 seconds, Stopping threads took: 0.0000100 seconds
29.205: [CMS-concurrent-mark-start]
29.205: Application time: 0.0001450 seconds
29.205: [Full GC29.205: [CMS29.235: [CMS-concurrent-mark: 0.029/0.030 secs] [Times: user=0.06 sys=0.00, real=0.04 secs] 
 (concurrent mode failure): 52607K->52607K(52608K), 0.1328620 secs] 75327K->75312K(75328K), [CMS Perm : 8548K->8548K(21248K)], 0.1328980 secs] [Times: user=0.16 sys=0.00, real=0.14 secs] 
29.338: Total time for which application threads were stopped: 0.1329740 seconds, Stopping threads took: 0.0000190 seconds
29.338: Application time: 0.0001840 seconds
29.338: [Full GC29.338: [CMS: 52607K->52607K(52608K), 0.1032970 secs] 75327K->75310K(75328K), [CMS Perm : 8548K->8548K(21248K)], 0.1033340 secs] [Times: user=0.10 sys=0.00, real=0.10 secs] 
29.441: Total time for which application threads were stopped: 0.1034050 seconds, Stopping threads took: 0.0000180 seconds
29.441: Application time: 0.0000630 seconds
29.441: [GC [1 CMS-initial-mark: 52607K(52608K)] 75310K(75328K), 0.0113830 secs] [Times: user=0.02 sys=0.00, real=0.01 secs] 
29.453: Total time for which application threads were stopped: 0.0114480 seconds, Stopping threads took: 0.0000070 seconds
29.453: [CMS-concurrent-mark-start]
29.453: Application time: 0.0003240 seconds
29.453: [Full GC29.453: [CMS29.482: [CMS-concurrent-mark: 0.029/0.029 secs] [Times: user=0.05 sys=0.00, real=0.03 secs] 
 (concurrent mode failure): 52607K->52607K(52608K), 0.1320120 secs] 75327K->75325K(75328K), [CMS Perm : 8548K->8548K(21248K)], 0.1320570 secs] [Times: user=0.16 sys=0.00, real=0.13 secs] 
29.585: Total time for which application threads were stopped: 0.1321250 seconds, Stopping threads took: 0.0000070 seconds
29.585: Application time: 0.0001330 seconds
29.585: [Full GC29.585: [CMS: 52607K->52607K(52608K), 0.1031970 secs] 75327K->75327K(75328K), [CMS Perm : 8548K->8548K(21248K)], 0.1032360 secs] [Times: user=0.10 sys=0.00, real=0.11 secs] 
29.689: Total time for which application threads were stopped: 0.1033120 seconds, Stopping threads took: 0.0000190 seconds
29.689: Application time: 0.0000830 seconds
29.689: [GC [1 CMS-initial-mark: 52607K(52608K)] 75327K(75328K), 0.0114480 secs] [Times: user=0.01 sys=0.00, real=0.01 secs] 
29.700: Total time for which application threads were stopped: 0.0115130 seconds, Stopping threads took: 0.0000190 seconds
29.700: [CMS-concurrent-mark-start]
29.701: Application time: 0.0002870 seconds
29.701: [Full GC29.701: [CMS29.730: [CMS-concurrent-mark: 0.029/0.030 secs] [Times: user=0.06 sys=0.00, real=0.03 secs] 
 (concurrent mode failure): 52607K->52607K(52608K), 0.1317590 secs] 75327K->75327K(75328K), [CMS Perm : 8548K->8548K(21248K)], 0.1317960 secs] [Times: user=0.16 sys=0.00, real=0.13 secs] 
29.832: Total time for which application threads were stopped: 0.1318590 seconds, Stopping threads took: 0.0000080 seconds
29.833: Application time: 0.0000730 seconds
29.833: [Full GC29.833: [CMS: 52607K->52607K(52608K), 0.1033730 secs] 75327K->75327K(75328K), [CMS Perm : 8548K->8548K(21248K)], 0.1034090 secs] [Times: user=0.11 sys=0.00, real=0.11 secs] 
29.936: [Full GC29.936: [CMS: 52607K->52607K(52608K), 0.1037750 secs] 75327K->75295K(75328K), [CMS Perm : 8548K->8548K(21248K)], 0.1038100 secs] [Times: user=0.10 sys=0.00, real=0.10 secs] 
30.040: Total time for which application threads were stopped: 0.2073240 seconds, Stopping threads took: 0.0000180 seconds
30.040: Application time: 0.0000660 seconds
30.040: [GC [1 CMS-initial-mark: 52607K(52608K)] 75295K(75328K), 0.0113660 secs] [Times: user=0.01 sys=0.00, real=0.01 secs] 
30.051: Total time for which application threads were stopped: 0.0114300 seconds, Stopping threads took: 0.0000070 seconds
30.051: [CMS-concurrent-mark-start]
30.052: Application time: 0.0004920 seconds
30.052: [Full GC30.052: [CMS30.081: [CMS-concurrent-mark: 0.029/0.030 secs] [Times: user=0.06 sys=0.00, real=0.03 secs] 
 (concurrent mode failure): 52607K->52607K(52608K), 0.1242880 secs] 75327K->75321K(75328K), [CMS Perm : 8548K->8548K(21248K)], 0.1243220 secs] [Times: user=0.15 sys=0.00, real=0.13 secs] 
30.176: Total time for which application threads were stopped: 0.1243850 seconds, Stopping threads took: 0.0000060 seconds
30.176: Application time: 0.0001700 seconds
30.176: [Full GC30.176: [CMS: 52607K->52607K(52608K), 0.0926380 secs] 75327K->75327K(75328K), [CMS Perm : 8548K->8548K(21248K)], 0.0926710 secs] [Times: user=0.10 sys=0.00, real=0.09 secs] 
30.269: Total time for which application threads were stopped: 0.0927390 seconds, Stopping threads took: 0.0000180 seconds
30.269: Application time: 0.0000740 seconds
30.269: [GC [1 CMS-initial-mark: 52607K(52608K)] 75327K(75328K), 0.0113820 secs] [Times: user=0.01 sys=0.00, real=0.01 secs] 
30.281: Total time for which application threads were stopped: 0.0114450 seconds, Stopping threads took: 0.0000190 seconds
30.281: [CMS-concurrent-mark-start]
30.281: Application time: 0.0001480 seconds
30.281: [Full GC30.281: [CMS30.311: [CMS-concurrent-mark: 0.029/0.030 secs] [Times: user=0.06 sys=0.00, real=0.03 secs] 
 (concurrent mode failure): 52607K->52607K(52608K), 0.1330430 secs] 75327K->75327K(75328K), [CMS Perm : 8548K->8548K(21248K)], 0.1330850 secs] [Times: user=0.16 sys=0.00, real=0.13 secs] 
30.414: Total time for which application threads were stopped: 0.1331550 seconds, Stopping threads took: 0.0000090 seconds
30.414: Application time: 0.0000730 seconds
30.414: [Full GC30.414: [CMS: 52607K->52607K(52608K), 0.1036070 secs] 75327K->75327K(75328K), [CMS Perm : 8548K->8548K(21248K)], 0.1036450 secs] [Times: user=0.10 sys=0.00, real=0.11 secs] 
30.518: [Full GC30.518: [CMS: 52607K->52607K(52608K), 0.1025620 secs] 75327K->75327K(75328K), [CMS Perm : 8548K->8548K(21248K)], 0.1025970 secs] [Times: user=0.11 sys=0.00, real=0.10 secs] 
30.620: Total time for which application threads were stopped: 0.2063380 seconds, Stopping threads took: 0.0000060 seconds
30.620: Application time: 0.0000870 seconds
30.621: [GC [1 CMS-initial-mark: 52607K(52608K)] 75327K(75328K), 0.0113860 secs] [Times: user=0.01 sys=0.00, real=0.01 secs] 
30.632: Total time for which application threads were stopped: 0.0114630 seconds, Stopping threads took: 0.0000190 seconds
30.632: [CMS-concurrent-mark-start]
30.632: Application time: 0.0001200 seconds
30.632: [Full GC30.632: [CMS30.661: [CMS-concurrent-mark: 0.028/0.029 secs] [Times: user=0.05 sys=0.00, real=0.03 secs] 
 (concurrent mode failure): 52607K->52607K(52608K), 0.1199790 secs] 75327K->75327K(75328K), [CMS Perm : 8548K->8548K(21248K)], 0.1200210 secs] [Times: user=0.15 sys=0.00, real=0.12 secs] 
30.752: [Full GC30.752: [CMS: 52607K->52607K(52608K), 0.0915160 secs] 75327K->75327K(75328K), [CMS Perm : 8548K->8548K(21248K)], 0.0915520 secs] [Times: user=0.09 sys=0.00, real=0.09 secs] 
30.844: Total time for which application threads were stopped: 0.2116740 seconds, Stopping threads took: 0.0000070 seconds
30.844: Application time: 0.0001030 seconds
30.844: [Full GC30.844: [CMS: 52607K->52607K(52608K), 0.0911310 secs] 75327K->75246K(75328K), [CMS Perm : 8548K->8548K(21248K)], 0.0911660 secs] [Times: user=0.09 sys=0.00, real=0.10 secs] 
30.935: Total time for which application threads were stopped: 0.0912270 seconds, Stopping threads took: 0.0000050 seconds
30.935: Application time: 0.0000620 seconds
30.935: [GC [1 CMS-initial-mark: 52607K(52608K)] 75246K(75328K), 0.0114370 secs] [Times: user=0.01 sys=0.00, real=0.00 secs] 
30.947: Total time for which application threads were stopped: 0.0114960 seconds, Stopping threads took: 0.0000080 seconds
30.947: [CMS-concurrent-mark-start]
Heap
 par new generation   total 22720K, used 22641K [0x00000000f6200000, 0x00000000f7aa0000, 0x00000000f7aa0000)
  eden space 20224K, 100% used [0x00000000f6200000, 0x00000000f75c0000, 0x00000000f75c0000)
  from space 2496K,  96% used [0x00000000f75c0000, 0x00000000f781c5f8, 0x00000000f7830000)
  to   space 2496K,   0% used [0x00000000f7830000, 0x00000000f7830000, 0x00000000f7aa0000)
 concurrent mark-sweep generation total 52608K, used 52607K [0x00000000f7aa0000, 0x00000000fae00000, 0x00000000fae00000)
 concurrent-mark-sweep perm gen total 21248K, used 8555K [0x00000000fae00000, 0x00000000fc2c0000, 0x0000000100000000)
30.947: Application time: 0.0005980 seconds
