Java HotSpot(TM) 64-Bit Server VM (24.80-b11) for linux-amd64 JRE (1.7.0_80-b15), built on Apr 10 2015 19:53:14 by "java_re" with gcc 4.3.0 20080428 (Red Hat 4.3.0-8)
Memory: 4k page, physical 8000092k(5758392k free), swap 8218620k(8218620k free)
CommandLine flags: -XX:InitialHeapSize=27257856 -XX:MaxHeapSize=27257856 -XX:+PrintGC -XX:+PrintGCApplicationConcurrentTime -XX:+PrintGCApplicationStoppedTime -XX:+PrintGCDetails -XX:+PrintGCTimeStamps -XX:-UseAdaptiveSizePolicy -XX:+UseCMSInitiatingOccupancyOnly -XX:+UseCompressedOops -XX:+UseParallelGC 
1.008: Application time: 0.9863790 seconds
1.008: Total time for which application threads were stopped: 0.0000430 seconds, Stopping threads took: 0.0000100 seconds
4.027: Application time: 3.0189590 seconds
4.027: Total time for which application threads were stopped: 0.0000640 seconds, Stopping threads took: 0.0000100 seconds
14.759: Application time: 10.7323430 seconds
14.759: Total time for which application threads were stopped: 0.0000340 seconds, Stopping threads took: 0.0000190 seconds
14.759: Application time: 0.0000630 seconds
14.759: Total time for which application threads were stopped: 0.0000240 seconds, Stopping threads took: 0.0000080 seconds
14.761: Application time: 0.0014780 seconds
14.761: Total time for which application threads were stopped: 0.0000110 seconds, Stopping threads took: 0.0000040 seconds
14.766: Application time: 0.0057000 seconds
14.766: [GC [PSYoungGen: 7168K->1008K(8192K)] 7168K->2826K(26112K), 0.0021130 secs] [Times: user=0.00 sys=0.00, real=0.00 secs] 
14.769: Total time for which application threads were stopped: 0.0021800 seconds, Stopping threads took: 0.0000040 seconds
14.769: Application time: 0.0000880 seconds
14.769: Total time for which application threads were stopped: 0.0000340 seconds, Stopping threads took: 0.0000240 seconds
14.769: Application time: 0.0000740 seconds
14.769: Total time for which application threads were stopped: 0.0000320 seconds, Stopping threads took: 0.0000260 seconds
14.769: Application time: 0.0000470 seconds
14.769: Total time for which application threads were stopped: 0.0000160 seconds, Stopping threads took: 0.0000110 seconds
14.769: Application time: 0.0001350 seconds
14.769: Total time for which application threads were stopped: 0.0000120 seconds, Stopping threads took: 0.0000070 seconds
14.769: Application time: 0.0000140 seconds
14.769: Total time for which application threads were stopped: 0.0000100 seconds, Stopping threads took: 0.0000060 seconds
14.769: Application time: 0.0000130 seconds
14.769: Total time for which application threads were stopped: 0.0000090 seconds, Stopping threads took: 0.0000050 seconds
14.769: Application time: 0.0000130 seconds
14.769: Total time for which application threads were stopped: 0.0000150 seconds, Stopping threads took: 0.0000110 seconds
14.769: Application time: 0.0000140 seconds
14.769: Total time for which application threads were stopped: 0.0000150 seconds, Stopping threads took: 0.0000110 seconds
14.769: Application time: 0.0000890 seconds
14.769: Total time for which application threads were stopped: 0.0000160 seconds, Stopping threads took: 0.0000120 seconds
14.769: Application time: 0.0000130 seconds
14.769: Total time for which application threads were stopped: 0.0000090 seconds, Stopping threads took: 0.0000050 seconds
14.769: Application time: 0.0000120 seconds
14.769: Total time for which application threads were stopped: 0.0000100 seconds, Stopping threads took: 0.0000050 seconds
14.769: Application time: 0.0000120 seconds
14.769: Total time for which application threads were stopped: 0.0000070 seconds, Stopping threads took: 0.0000040 seconds
14.769: Application time: 0.0000120 seconds
14.769: Total time for which application threads were stopped: 0.0000090 seconds, Stopping threads took: 0.0000050 seconds
14.769: Application time: 0.0000110 seconds
14.769: Total time for which application threads were stopped: 0.0000100 seconds, Stopping threads took: 0.0000050 seconds
14.769: Application time: 0.0000130 seconds
14.769: Total time for which application threads were stopped: 0.0000210 seconds, Stopping threads took: 0.0000170 seconds
14.769: Application time: 0.0000130 seconds
14.769: Total time for which application threads were stopped: 0.0000100 seconds, Stopping threads took: 0.0000060 seconds
14.769: Application time: 0.0000120 seconds
14.769: Total time for which application threads were stopped: 0.0000140 seconds, Stopping threads took: 0.0000100 seconds
14.769: Application time: 0.0000130 seconds
14.769: Total time for which application threads were stopped: 0.0000100 seconds, Stopping threads took: 0.0000050 seconds
14.769: Application time: 0.0000120 seconds
14.769: Total time for which application threads were stopped: 0.0000220 seconds, Stopping threads took: 0.0000180 seconds
14.769: Application time: 0.0000130 seconds
14.770: Total time for which application threads were stopped: 0.0000220 seconds, Stopping threads took: 0.0000060 seconds
14.770: Application time: 0.0003150 seconds
14.770: Total time for which application threads were stopped: 0.0000160 seconds, Stopping threads took: 0.0000110 seconds
14.782: Application time: 0.0116920 seconds
14.782: Total time for which application threads were stopped: 0.0000350 seconds, Stopping threads took: 0.0000070 seconds
14.794: Application time: 0.0121580 seconds
14.794: [GC [PSYoungGen: 3246K->1008K(8192K)] 5065K->3274K(26112K), 0.0011660 secs] [Times: user=0.00 sys=0.00, real=0.00 secs] 
14.795: [Full GC [PSYoungGen: 1008K->0K(8192K)] [ParOldGen: 2266K->2402K(17920K)] 3274K->2402K(26112K) [PSPermGen: 5075K->5074K(21504K)], 0.0159300 secs] [Times: user=0.08 sys=0.00, real=0.02 secs] 
14.811: Total time for which application threads were stopped: 0.0171970 seconds, Stopping threads took: 0.0000050 seconds
14.811: Application time: 0.0000580 seconds
14.811: [GC [PSYoungGen: 0K->0K(8192K)] 2402K->2402K(26112K), 0.0002600 secs] [Times: user=0.00 sys=0.00, real=0.00 secs] 
14.811: [Full GC [PSYoungGen: 0K->0K(8192K)] [ParOldGen: 2402K->2402K(17920K)] 2402K->2402K(26112K) [PSPermGen: 5074K->5074K(21504K)], 0.0045680 secs] [Times: user=0.01 sys=0.01, real=0.00 secs] 
14.816: Total time for which application threads were stopped: 0.0049200 seconds, Stopping threads took: 0.0000070 seconds
14.816: Application time: 0.0000410 seconds
14.816: Total time for which application threads were stopped: 0.0000240 seconds, Stopping threads took: 0.0000150 seconds
14.816: Application time: 0.0000150 seconds
14.816: Total time for which application threads were stopped: 0.0000200 seconds, Stopping threads took: 0.0000160 seconds
14.816: Application time: 0.0000100 seconds
14.816: Total time for which application threads were stopped: 0.0000170 seconds, Stopping threads took: 0.0000130 seconds
14.816: Application time: 0.0000100 seconds
14.816: Total time for which application threads were stopped: 0.0000130 seconds, Stopping threads took: 0.0000100 seconds
14.816: Application time: 0.0000100 seconds
14.816: Total time for which application threads were stopped: 0.0000150 seconds, Stopping threads took: 0.0000110 seconds
14.816: Application time: 0.0000090 seconds
14.816: Total time for which application threads were stopped: 0.0000150 seconds, Stopping threads took: 0.0000110 seconds
14.816: Application time: 0.0000100 seconds
14.816: Total time for which application threads were stopped: 0.0000120 seconds, Stopping threads took: 0.0000090 seconds
14.816: Application time: 0.0000090 seconds
14.816: Total time for which application threads were stopped: 0.0000130 seconds, Stopping threads took: 0.0000090 seconds
14.816: Application time: 0.0000100 seconds
14.816: Total time for which application threads were stopped: 0.0000070 seconds, Stopping threads took: 0.0000040 seconds
14.816: Application time: 0.0000090 seconds
14.816: Total time for which application threads were stopped: 0.0000140 seconds, Stopping threads took: 0.0000110 seconds
14.816: Application time: 0.0000080 seconds
14.816: Total time for which application threads were stopped: 0.0000140 seconds, Stopping threads took: 0.0000100 seconds
14.816: Application time: 0.0000080 seconds
14.816: Total time for which application threads were stopped: 0.0000120 seconds, Stopping threads took: 0.0000090 seconds
14.816: Application time: 0.0000090 seconds
14.816: Total time for which application threads were stopped: 0.0000100 seconds, Stopping threads took: 0.0000070 seconds
14.816: Application time: 0.0000090 seconds
14.816: Total time for which application threads were stopped: 0.0000130 seconds, Stopping threads took: 0.0000100 seconds
14.816: Application time: 0.0000080 seconds
14.816: Total time for which application threads were stopped: 0.0000150 seconds, Stopping threads took: 0.0000120 seconds
14.816: Application time: 0.0000090 seconds
14.816: Total time for which application threads were stopped: 0.0000120 seconds, Stopping threads took: 0.0000090 seconds
14.816: Application time: 0.0000090 seconds
14.816: Total time for which application threads were stopped: 0.0000120 seconds, Stopping threads took: 0.0000090 seconds
14.816: Application time: 0.0000090 seconds
14.816: Total time for which application threads were stopped: 0.0000130 seconds, Stopping threads took: 0.0000100 seconds
14.816: Application time: 0.0000090 seconds
14.816: Total time for which application threads were stopped: 0.0000150 seconds, Stopping threads took: 0.0000110 seconds
14.816: Application time: 0.0000090 seconds
14.816: Total time for which application threads were stopped: 0.0000220 seconds, Stopping threads took: 0.0000100 seconds
14.889: Application time: 0.0725790 seconds
14.889: Total time for which application threads were stopped: 0.0000610 seconds, Stopping threads took: 0.0000290 seconds
14.889: Application time: 0.0002950 seconds
14.889: Total time for which application threads were stopped: 0.0000470 seconds, Stopping threads took: 0.0000340 seconds
14.890: Application time: 0.0005980 seconds
14.890: Total time for which application threads were stopped: 0.0000240 seconds, Stopping threads took: 0.0000140 seconds
14.896: Application time: 0.0056560 seconds
14.896: Total time for which application threads were stopped: 0.0000520 seconds, Stopping threads took: 0.0000310 seconds
14.897: Application time: 0.0009630 seconds
14.897: Total time for which application threads were stopped: 0.0000480 seconds, Stopping threads took: 0.0000340 seconds
14.900: Application time: 0.0033950 seconds
14.900: Total time for which application threads were stopped: 0.0000220 seconds, Stopping threads took: 0.0000090 seconds
14.902: Application time: 0.0019540 seconds
14.902: Total time for which application threads were stopped: 0.0000720 seconds, Stopping threads took: 0.0000540 seconds
14.910: Application time: 0.0080720 seconds
14.910: Total time for which application threads were stopped: 0.0000310 seconds, Stopping threads took: 0.0000120 seconds
14.910: Application time: 0.0000560 seconds
14.910: Total time for which application threads were stopped: 0.0000380 seconds, Stopping threads took: 0.0000260 seconds
14.910: Application time: 0.0000580 seconds
14.911: Total time for which application threads were stopped: 0.0000160 seconds, Stopping threads took: 0.0000070 seconds
14.915: Application time: 0.0043480 seconds
14.915: Total time for which application threads were stopped: 0.0000530 seconds, Stopping threads took: 0.0000090 seconds
14.919: Application time: 0.0039450 seconds
14.919: Total time for which application threads were stopped: 0.0000480 seconds, Stopping threads took: 0.0000310 seconds
14.927: Application time: 0.0076980 seconds
14.927: [GC [PSYoungGen: 7168K->1008K(8192K)] 9570K->3467K(26112K), 0.0009860 secs] [Times: user=0.00 sys=0.01, real=0.00 secs] 
14.928: Total time for which application threads were stopped: 0.0010880 seconds, Stopping threads took: 0.0000140 seconds
14.928: Application time: 0.0000560 seconds
14.928: Total time for which application threads were stopped: 0.0000330 seconds, Stopping threads took: 0.0000200 seconds
14.928: Application time: 0.0001450 seconds
14.928: Total time for which application threads were stopped: 0.0000210 seconds, Stopping threads took: 0.0000080 seconds
14.928: Application time: 0.0000330 seconds
14.928: Total time for which application threads were stopped: 0.0000280 seconds, Stopping threads took: 0.0000150 seconds
14.928: Application time: 0.0000400 seconds
14.928: Total time for which application threads were stopped: 0.0000350 seconds, Stopping threads took: 0.0000270 seconds
14.928: Application time: 0.0000180 seconds
14.928: Total time for which application threads were stopped: 0.0000220 seconds, Stopping threads took: 0.0000150 seconds
14.939: Application time: 0.0107290 seconds
14.939: Total time for which application threads were stopped: 0.0000490 seconds, Stopping threads took: 0.0000200 seconds
14.939: Application time: 0.0000680 seconds
14.939: Total time for which application threads were stopped: 0.0000480 seconds, Stopping threads took: 0.0000370 seconds
14.939: Application time: 0.0000410 seconds
14.939: Total time for which application threads were stopped: 0.0000290 seconds, Stopping threads took: 0.0000200 seconds
14.939: Application time: 0.0000570 seconds
14.939: Total time for which application threads were stopped: 0.0000340 seconds, Stopping threads took: 0.0000240 seconds
14.939: Application time: 0.0000120 seconds
14.939: Total time for which application threads were stopped: 0.0000140 seconds, Stopping threads took: 0.0000070 seconds
14.939: Application time: 0.0000140 seconds
14.939: Total time for which application threads were stopped: 0.0000200 seconds, Stopping threads took: 0.0000120 seconds
14.939: Application time: 0.0000180 seconds
14.939: Total time for which application threads were stopped: 0.0000230 seconds, Stopping threads took: 0.0000150 seconds
14.939: Application time: 0.0001670 seconds
14.939: Total time for which application threads were stopped: 0.0000150 seconds, Stopping threads took: 0.0000060 seconds
14.940: Application time: 0.0006990 seconds
14.940: Total time for which application threads were stopped: 0.0000130 seconds, Stopping threads took: 0.0000040 seconds
14.941: Application time: 0.0005230 seconds
14.941: Total time for which application threads were stopped: 0.0000190 seconds, Stopping threads took: 0.0000100 seconds
14.941: Application time: 0.0000330 seconds
14.941: Total time for which application threads were stopped: 0.0000450 seconds, Stopping threads took: 0.0000360 seconds
14.963: Application time: 0.0226050 seconds
14.964: Total time for which application threads were stopped: 0.0001130 seconds, Stopping threads took: 0.0000920 seconds
14.964: Application time: 0.0000560 seconds
14.964: Total time for which application threads were stopped: 0.0000330 seconds, Stopping threads took: 0.0000220 seconds
14.964: Application time: 0.0000530 seconds
14.964: Total time for which application threads were stopped: 0.0000380 seconds, Stopping threads took: 0.0000270 seconds
14.964: Application time: 0.0000700 seconds
14.964: Total time for which application threads were stopped: 0.0000410 seconds, Stopping threads took: 0.0000080 seconds
14.964: Application time: 0.0000320 seconds
14.964: Total time for which application threads were stopped: 0.0000520 seconds, Stopping threads took: 0.0000430 seconds
14.964: Application time: 0.0000980 seconds
14.964: Total time for which application threads were stopped: 0.0000140 seconds, Stopping threads took: 0.0000040 seconds
14.964: Application time: 0.0003450 seconds
14.964: Total time for which application threads were stopped: 0.0000420 seconds, Stopping threads took: 0.0000290 seconds
14.965: Application time: 0.0000920 seconds
14.965: Total time for which application threads were stopped: 0.0000260 seconds, Stopping threads took: 0.0000170 seconds
14.972: Application time: 0.0076550 seconds
14.972: Total time for which application threads were stopped: 0.0000540 seconds, Stopping threads took: 0.0000350 seconds
14.990: Application time: 0.0178720 seconds
14.990: [GC [PSYoungGen: 8176K->1008K(8192K)] 10635K->4684K(26112K), 0.0015720 secs] [Times: user=0.00 sys=0.00, real=0.00 secs] 
14.992: Total time for which application threads were stopped: 0.0017070 seconds, Stopping threads took: 0.0000510 seconds
14.993: Application time: 0.0008560 seconds
14.993: Total time for which application threads were stopped: 0.0000620 seconds, Stopping threads took: 0.0000400 seconds
14.993: Application time: 0.0000170 seconds
14.993: Total time for which application threads were stopped: 0.0000360 seconds, Stopping threads took: 0.0000240 seconds
14.993: Application time: 0.0001920 seconds
14.993: Total time for which application threads were stopped: 0.0000540 seconds, Stopping threads took: 0.0000370 seconds
15.052: Application time: 0.0586870 seconds
15.052: [GC [PSYoungGen: 8176K->912K(8192K)] 11852K->4596K(26112K), 0.0008040 secs] [Times: user=0.01 sys=0.00, real=0.00 secs] 
15.053: Total time for which application threads were stopped: 0.0009680 seconds, Stopping threads took: 0.0000770 seconds
15.099: Application time: 0.0458560 seconds
15.099: [GC [PSYoungGen: 8080K->976K(8192K)] 11764K->4660K(26112K), 0.0008470 secs] [Times: user=0.01 sys=0.00, real=0.00 secs] 
15.100: Total time for which application threads were stopped: 0.0009620 seconds, Stopping threads took: 0.0000520 seconds
15.144: Application time: 0.0443280 seconds
15.144: [GC [PSYoungGen: 8144K->960K(8192K)] 11828K->4644K(26112K), 0.0007780 secs] [Times: user=0.00 sys=0.00, real=0.00 secs] 
15.145: Total time for which application threads were stopped: 0.0013850 seconds, Stopping threads took: 0.0005220 seconds
15.196: Application time: 0.0511470 seconds
15.197: [GC [PSYoungGen: 8128K->944K(8192K)] 11812K->4636K(26112K), 0.0008150 secs] [Times: user=0.00 sys=0.00, real=0.00 secs] 
15.197: Total time for which application threads were stopped: 0.0009520 seconds, Stopping threads took: 0.0000690 seconds
15.239: Application time: 0.0419220 seconds
15.239: [GC [PSYoungGen: 8112K->960K(8192K)] 11804K->4652K(26112K), 0.0007650 secs] [Times: user=0.01 sys=0.00, real=0.00 secs] 
15.240: Total time for which application threads were stopped: 0.0008910 seconds, Stopping threads took: 0.0000630 seconds
15.284: Application time: 0.0435530 seconds
15.284: [GC [PSYoungGen: 8128K->960K(8192K)] 11820K->4652K(26112K), 0.0008880 secs] [Times: user=0.00 sys=0.00, real=0.00 secs] 
15.285: Total time for which application threads were stopped: 0.0010050 seconds, Stopping threads took: 0.0000450 seconds
15.336: Application time: 0.0511420 seconds
15.336: [GC [PSYoungGen: 8128K->976K(8192K)] 11820K->4668K(26112K), 0.0009960 secs] [Times: user=0.01 sys=0.00, real=0.00 secs] 
15.337: Total time for which application threads were stopped: 0.0011980 seconds, Stopping threads took: 0.0000760 seconds
15.385: Application time: 0.0476960 seconds
15.385: [GC [PSYoungGen: 8144K->928K(8192K)] 11836K->4620K(26112K), 0.0010270 secs] [Times: user=0.01 sys=0.00, real=0.00 secs] 
15.386: Total time for which application threads were stopped: 0.0011470 seconds, Stopping threads took: 0.0000450 seconds
15.428: Application time: 0.0420870 seconds
15.428: [GC [PSYoungGen: 8096K->1008K(8192K)] 11788K->4716K(26112K), 0.0008210 secs] [Times: user=0.00 sys=0.00, real=0.00 secs] 
15.429: Total time for which application threads were stopped: 0.0009280 seconds, Stopping threads took: 0.0000460 seconds
15.475: Application time: 0.0457670 seconds
15.475: [GC [PSYoungGen: 8176K->960K(8192K)] 11884K->4668K(26112K), 0.0008530 secs] [Times: user=0.00 sys=0.00, real=0.00 secs] 
15.476: Total time for which application threads were stopped: 0.0009650 seconds, Stopping threads took: 0.0000500 seconds
15.517: Application time: 0.0414120 seconds
15.517: [GC [PSYoungGen: 8128K->992K(8192K)] 11836K->4700K(26112K), 0.0007320 secs] [Times: user=0.00 sys=0.00, real=0.00 secs] 
15.518: Total time for which application threads were stopped: 0.0008400 seconds, Stopping threads took: 0.0000540 seconds
15.560: Application time: 0.0417040 seconds
15.560: [GC [PSYoungGen: 8160K->976K(8192K)] 11868K->4684K(26112K), 0.0007490 secs] [Times: user=0.00 sys=0.00, real=0.00 secs] 
15.561: Total time for which application threads were stopped: 0.0008490 seconds, Stopping threads took: 0.0000460 seconds
15.603: Application time: 0.0425560 seconds
15.603: [GC [PSYoungGen: 8144K->1008K(8192K)] 11852K->4724K(26112K), 0.0007960 secs] [Times: user=0.01 sys=0.00, real=0.00 secs] 
15.604: Total time for which application threads were stopped: 0.0009140 seconds, Stopping threads took: 0.0000580 seconds
15.648: Application time: 0.0440480 seconds
15.648: [GC [PSYoungGen: 8176K->400K(8192K)] 11892K->4688K(26112K), 0.0007540 secs] [Times: user=0.00 sys=0.00, real=0.00 secs] 
15.649: Total time for which application threads were stopped: 0.0008630 seconds, Stopping threads took: 0.0000480 seconds
15.691: Application time: 0.0417830 seconds
15.691: [GC [PSYoungGen: 7568K->304K(8192K)] 11856K->4744K(26112K), 0.0004660 secs] [Times: user=0.00 sys=0.00, real=0.00 secs] 
15.691: Total time for which application threads were stopped: 0.0005670 seconds, Stopping threads took: 0.0000430 seconds
15.733: Application time: 0.0415520 seconds
15.733: [GC [PSYoungGen: 7472K->272K(8192K)] 11912K->4760K(26112K), 0.0003720 secs] [Times: user=0.00 sys=0.00, real=0.00 secs] 
15.733: Total time for which application threads were stopped: 0.0004700 seconds, Stopping threads took: 0.0000470 seconds
15.776: Application time: 0.0425430 seconds
15.776: [GC [PSYoungGen: 7440K->272K(8192K)] 11928K->4760K(26112K), 0.0003880 secs] [Times: user=0.00 sys=0.00, real=0.00 secs] 
15.776: Total time for which application threads were stopped: 0.0004870 seconds, Stopping threads took: 0.0000440 seconds
15.818: Application time: 0.0413370 seconds
15.818: [GC [PSYoungGen: 7440K->272K(8192K)] 11928K->4784K(26112K), 0.0004000 secs] [Times: user=0.00 sys=0.00, real=0.00 secs] 
15.818: Total time for which application threads were stopped: 0.0005140 seconds, Stopping threads took: 0.0000540 seconds
15.857: Application time: 0.0385020 seconds
15.857: Total time for which application threads were stopped: 0.0000670 seconds, Stopping threads took: 0.0000430 seconds
15.859: Application time: 0.0018830 seconds
15.859: [GC [PSYoungGen: 7426K->272K(8192K)] 11938K->4824K(26112K), 0.0003560 secs] [Times: user=0.00 sys=0.00, real=0.00 secs] 
15.859: Total time for which application threads were stopped: 0.0004640 seconds, Stopping threads took: 0.0000450 seconds
15.899: Application time: 0.0401460 seconds
15.899: [GC [PSYoungGen: 7440K->448K(8192K)] 11992K->5008K(26112K), 0.0005760 secs] [Times: user=0.00 sys=0.00, real=0.00 secs] 
15.900: Total time for which application threads were stopped: 0.0006940 seconds, Stopping threads took: 0.0000590 seconds
15.941: Application time: 0.0412100 seconds
15.941: [GC [PSYoungGen: 7616K->560K(8192K)] 12176K->5120K(26112K), 0.0004400 secs] [Times: user=0.00 sys=0.00, real=0.00 secs] 
15.942: Total time for which application threads were stopped: 0.0005470 seconds, Stopping threads took: 0.0000530 seconds
15.984: Application time: 0.0424440 seconds
15.985: [GC [PSYoungGen: 7728K->480K(8192K)] 12288K->5104K(26112K), 0.0004750 secs] [Times: user=0.01 sys=0.00, real=0.00 secs] 
15.986: Total time for which application threads were stopped: 0.0014150 seconds, Stopping threads took: 0.0008790 seconds
16.028: Application time: 0.0426490 seconds
16.028: [GC [PSYoungGen: 7648K->512K(8192K)] 12272K->5136K(26112K), 0.0004670 secs] [Times: user=0.00 sys=0.00, real=0.00 secs] 
16.029: Total time for which application threads were stopped: 0.0005770 seconds, Stopping threads took: 0.0000520 seconds
16.072: Application time: 0.0428960 seconds
16.072: [GC [PSYoungGen: 7680K->512K(8192K)] 12304K->5144K(26112K), 0.0005020 secs] [Times: user=0.00 sys=0.00, real=0.00 secs] 
16.072: Total time for which application threads were stopped: 0.0006120 seconds, Stopping threads took: 0.0000530 seconds
16.118: Application time: 0.0455090 seconds
16.119: [GC [PSYoungGen: 7680K->512K(8192K)] 12312K->5144K(26112K), 0.0005210 secs] [Times: user=0.00 sys=0.00, real=0.00 secs] 
16.119: Total time for which application threads were stopped: 0.0016340 seconds, Stopping threads took: 0.0010520 seconds
16.174: Application time: 0.0549830 seconds
16.175: [GC [PSYoungGen: 7680K->512K(8192K)] 12312K->5144K(26112K), 0.0006300 secs] [Times: user=0.01 sys=0.00, real=0.00 secs] 
16.175: Total time for which application threads were stopped: 0.0008060 seconds, Stopping threads took: 0.0000990 seconds
16.230: Application time: 0.0543200 seconds
16.233: [GC [PSYoungGen: 7680K->512K(8192K)] 12312K->5144K(26112K), 0.0005610 secs] [Times: user=0.00 sys=0.00, real=0.00 secs] 
16.234: Total time for which application threads were stopped: 0.0041280 seconds, Stopping threads took: 0.0034980 seconds
16.278: Application time: 0.0441740 seconds
16.278: [GC [PSYoungGen: 7680K->544K(8192K)] 12312K->5224K(26112K), 0.0006080 secs] [Times: user=0.00 sys=0.00, real=0.00 secs] 
16.279: Total time for which application threads were stopped: 0.0007450 seconds, Stopping threads took: 0.0000660 seconds
16.321: Application time: 0.0423500 seconds
16.321: [GC [PSYoungGen: 7712K->496K(8192K)] 12392K->5176K(26112K), 0.0005040 secs] [Times: user=0.00 sys=0.00, real=0.00 secs] 
16.322: Total time for which application threads were stopped: 0.0006240 seconds, Stopping threads took: 0.0000490 seconds
16.362: Application time: 0.0403790 seconds
16.362: [GC [PSYoungGen: 7664K->496K(8192K)] 12344K->5176K(26112K), 0.0004470 secs] [Times: user=0.00 sys=0.00, real=0.00 secs] 
16.363: Total time for which application threads were stopped: 0.0005490 seconds, Stopping threads took: 0.0000470 seconds
16.403: Application time: 0.0403030 seconds
16.403: [GC [PSYoungGen: 7664K->528K(8192K)] 12344K->5216K(26112K), 0.0004890 secs] [Times: user=0.00 sys=0.00, real=0.00 secs] 
16.403: Total time for which application threads were stopped: 0.0005840 seconds, Stopping threads took: 0.0000480 seconds
16.444: Application time: 0.0410310 seconds
16.445: [GC [PSYoungGen: 7696K->544K(8192K)] 12384K->5240K(26112K), 0.0004390 secs] [Times: user=0.00 sys=0.00, real=0.00 secs] 
16.445: Total time for which application threads were stopped: 0.0005450 seconds, Stopping threads took: 0.0000510 seconds
16.485: Application time: 0.0404930 seconds
16.486: [GC [PSYoungGen: 7712K->496K(8192K)] 12408K->5192K(26112K), 0.0004340 secs] [Times: user=0.00 sys=0.00, real=0.00 secs] 
16.486: Total time for which application threads were stopped: 0.0005270 seconds, Stopping threads took: 0.0000420 seconds
16.526: Application time: 0.0403650 seconds
16.526: [GC [PSYoungGen: 7664K->464K(8192K)] 12360K->5224K(26112K), 0.0004200 secs] [Times: user=0.00 sys=0.00, real=0.00 secs] 
16.527: Total time for which application threads were stopped: 0.0005110 seconds, Stopping threads took: 0.0000390 seconds
16.567: Application time: 0.0402910 seconds
16.567: [GC [PSYoungGen: 7632K->368K(8192K)] 12392K->5244K(26112K), 0.0004980 secs] [Times: user=0.00 sys=0.00, real=0.00 secs] 
16.568: Total time for which application threads were stopped: 0.0005970 seconds, Stopping threads took: 0.0000480 seconds
16.608: Application time: 0.0405620 seconds
16.608: [GC [PSYoungGen: 7536K->256K(8192K)] 12412K->5284K(26112K), 0.0004200 secs] [Times: user=0.01 sys=0.00, real=0.00 secs] 
16.609: Total time for which application threads were stopped: 0.0005110 seconds, Stopping threads took: 0.0000430 seconds
16.650: Application time: 0.0410760 seconds
16.650: [GC [PSYoungGen: 7424K->256K(8192K)] 12452K->5284K(26112K), 0.0004350 secs] [Times: user=0.00 sys=0.00, real=0.00 secs] 
16.650: Total time for which application threads were stopped: 0.0005470 seconds, Stopping threads took: 0.0000520 seconds
16.691: Application time: 0.0408570 seconds
16.691: [GC [PSYoungGen: 7424K->240K(8192K)] 12452K->5300K(26112K), 0.0004110 secs] [Times: user=0.00 sys=0.00, real=0.00 secs] 
16.692: Total time for which application threads were stopped: 0.0005070 seconds, Stopping threads took: 0.0000440 seconds
16.732: Application time: 0.0397910 seconds
16.733: [GC [PSYoungGen: 7408K->272K(8192K)] 12468K->5332K(26112K), 0.0003770 secs] [Times: user=0.01 sys=0.00, real=0.00 secs] 
16.733: Total time for which application threads were stopped: 0.0018110 seconds, Stopping threads took: 0.0013810 seconds
16.772: Application time: 0.0385960 seconds
16.772: [GC [PSYoungGen: 7440K->400K(8192K)] 12500K->5516K(26112K), 0.0004320 secs] [Times: user=0.00 sys=0.00, real=0.00 secs] 
16.773: Total time for which application threads were stopped: 0.0005260 seconds, Stopping threads took: 0.0000440 seconds
16.812: Application time: 0.0392010 seconds
16.812: [GC [PSYoungGen: 7568K->560K(8192K)] 12684K->5676K(26112K), 0.0004190 secs] [Times: user=0.00 sys=0.00, real=0.00 secs] 
16.812: Total time for which application threads were stopped: 0.0005180 seconds, Stopping threads took: 0.0000420 seconds
16.853: Application time: 0.0404950 seconds
16.853: [GC [PSYoungGen: 7728K->512K(8192K)] 12844K->5628K(26112K), 0.0004260 secs] [Times: user=0.00 sys=0.00, real=0.00 secs] 
16.853: Total time for which application threads were stopped: 0.0005320 seconds, Stopping threads took: 0.0000430 seconds
16.894: Application time: 0.0406710 seconds
16.894: [GC [PSYoungGen: 7680K->528K(8192K)] 12796K->5644K(26112K), 0.0004940 secs] [Times: user=0.00 sys=0.00, real=0.00 secs] 
16.895: Total time for which application threads were stopped: 0.0005870 seconds, Stopping threads took: 0.0000420 seconds
16.935: Application time: 0.0404250 seconds
16.935: [GC [PSYoungGen: 7696K->512K(8192K)] 12812K->5628K(26112K), 0.0004050 secs] [Times: user=0.01 sys=0.00, real=0.00 secs] 
16.936: Total time for which application threads were stopped: 0.0004990 seconds, Stopping threads took: 0.0000440 seconds
16.976: Application time: 0.0406270 seconds
16.976: [GC [PSYoungGen: 7680K->480K(8192K)] 12796K->5596K(26112K), 0.0004670 secs] [Times: user=0.00 sys=0.00, real=0.00 secs] 
16.977: Total time for which application threads were stopped: 0.0005540 seconds, Stopping threads took: 0.0000390 seconds
17.017: Application time: 0.0404540 seconds
17.017: [GC [PSYoungGen: 7648K->544K(8192K)] 12764K->5660K(26112K), 0.0004370 secs] [Times: user=0.00 sys=0.00, real=0.00 secs] 
17.018: Total time for which application threads were stopped: 0.0005430 seconds, Stopping threads took: 0.0000510 seconds
17.058: Application time: 0.0406970 seconds
17.058: [GC [PSYoungGen: 7712K->496K(8192K)] 12828K->5612K(26112K), 0.0004260 secs] [Times: user=0.01 sys=0.00, real=0.00 secs] 
17.059: Total time for which application threads were stopped: 0.0005280 seconds, Stopping threads took: 0.0000500 seconds
17.100: Application time: 0.0410880 seconds
17.100: [GC [PSYoungGen: 7664K->480K(8192K)] 12780K->5596K(26112K), 0.0004510 secs] [Times: user=0.01 sys=0.00, real=0.00 secs] 
17.101: Total time for which application threads were stopped: 0.0005640 seconds, Stopping threads took: 0.0000540 seconds
17.142: Application time: 0.0409610 seconds
17.142: [GC [PSYoungGen: 7648K->512K(8192K)] 12764K->5628K(26112K), 0.0004470 secs] [Times: user=0.01 sys=0.00, real=0.00 secs] 
17.142: Total time for which application threads were stopped: 0.0005580 seconds, Stopping threads took: 0.0000550 seconds
17.185: Application time: 0.0433630 seconds
17.186: [GC [PSYoungGen: 7680K->464K(8192K)] 12796K->5580K(26112K), 0.0005540 secs] [Times: user=0.00 sys=0.00, real=0.00 secs] 
17.186: Total time for which application threads were stopped: 0.0006820 seconds, Stopping threads took: 0.0000620 seconds
17.227: Application time: 0.0407820 seconds
17.227: [GC [PSYoungGen: 7632K->528K(8192K)] 12748K->5644K(26112K), 0.0004510 secs] [Times: user=0.00 sys=0.00, real=0.00 secs] 
17.227: Total time for which application threads were stopped: 0.0005600 seconds, Stopping threads took: 0.0000480 seconds
17.268: Application time: 0.0403280 seconds
17.268: [GC [PSYoungGen: 7696K->544K(8192K)] 12812K->5660K(26112K), 0.0005140 secs] [Times: user=0.00 sys=0.00, real=0.00 secs] 
17.268: Total time for which application threads were stopped: 0.0006190 seconds, Stopping threads took: 0.0000480 seconds
17.309: Application time: 0.0403110 seconds
17.309: [GC [PSYoungGen: 7712K->528K(8192K)] 12828K->5652K(26112K), 0.0004070 secs] [Times: user=0.00 sys=0.00, real=0.01 secs] 
17.309: Total time for which application threads were stopped: 0.0005130 seconds, Stopping threads took: 0.0000510 seconds
17.350: Application time: 0.0405020 seconds
17.350: [GC [PSYoungGen: 7696K->496K(8192K)] 12820K->5660K(26112K), 0.0004320 secs] [Times: user=0.00 sys=0.00, real=0.00 secs] 
17.350: Total time for which application threads were stopped: 0.0005340 seconds, Stopping threads took: 0.0000490 seconds
17.391: Application time: 0.0405800 seconds
17.391: [GC [PSYoungGen: 7664K->304K(8192K)] 12828K->5620K(26112K), 0.0004870 secs] [Times: user=0.00 sys=0.00, real=0.00 secs] 
17.391: Total time for which application threads were stopped: 0.0006020 seconds, Stopping threads took: 0.0000530 seconds
17.432: Application time: 0.0406380 seconds
17.432: [GC [PSYoungGen: 7472K->240K(8192K)] 12788K->5676K(26112K), 0.0004010 secs] [Times: user=0.00 sys=0.00, real=0.00 secs] 
17.433: Total time for which application threads were stopped: 0.0005110 seconds, Stopping threads took: 0.0000540 seconds
17.473: Application time: 0.0402590 seconds
17.473: [GC [PSYoungGen: 7408K->256K(8192K)] 12844K->5692K(26112K), 0.0003680 secs] [Times: user=0.00 sys=0.00, real=0.00 secs] 
17.473: Total time for which application threads were stopped: 0.0004620 seconds, Stopping threads took: 0.0000420 seconds
17.513: Application time: 0.0398350 seconds
17.513: [GC [PSYoungGen: 7424K->272K(8192K)] 12860K->5708K(26112K), 0.0004050 secs] [Times: user=0.00 sys=0.00, real=0.00 secs] 
17.514: Total time for which application threads were stopped: 0.0004990 seconds, Stopping threads took: 0.0000440 seconds
17.554: Application time: 0.0403370 seconds
17.554: [GC [PSYoungGen: 7440K->304K(8192K)] 12876K->5740K(26112K), 0.0003720 secs] [Times: user=0.00 sys=0.00, real=0.00 secs] 
17.555: Total time for which application threads were stopped: 0.0004750 seconds, Stopping threads took: 0.0000540 seconds
17.592: Application time: 0.0371150 seconds
17.592: [GC [PSYoungGen: 7472K->480K(8192K)] 12908K->5916K(26112K), 0.0004180 secs] [Times: user=0.00 sys=0.01, real=0.00 secs] 
17.592: Total time for which application threads were stopped: 0.0005200 seconds, Stopping threads took: 0.0000490 seconds
17.632: Application time: 0.0399080 seconds
17.632: [GC [PSYoungGen: 7648K->528K(8192K)] 13084K->5988K(26112K), 0.0004490 secs] [Times: user=0.00 sys=0.00, real=0.00 secs] 
17.633: Total time for which application threads were stopped: 0.0005470 seconds, Stopping threads took: 0.0000450 seconds
17.673: Application time: 0.0404530 seconds
17.673: [GC [PSYoungGen: 7696K->544K(8192K)] 13156K->6004K(26112K), 0.0004730 secs] [Times: user=0.00 sys=0.00, real=0.00 secs] 
17.674: Total time for which application threads were stopped: 0.0005990 seconds, Stopping threads took: 0.0000600 seconds
17.714: Application time: 0.0405100 seconds
17.714: [GC [PSYoungGen: 7712K->512K(8192K)] 13172K->5980K(26112K), 0.0004490 secs] [Times: user=0.01 sys=0.00, real=0.00 secs] 
17.715: Total time for which application threads were stopped: 0.0005460 seconds, Stopping threads took: 0.0000440 seconds
17.755: Application time: 0.0403560 seconds
17.755: [GC [PSYoungGen: 7680K->544K(8192K)] 13148K->6020K(26112K), 0.0004490 secs] [Times: user=0.00 sys=0.00, real=0.00 secs] 
17.756: Total time for which application threads were stopped: 0.0005460 seconds, Stopping threads took: 0.0000460 seconds
17.797: Application time: 0.0408970 seconds
17.797: [GC [PSYoungGen: 7712K->496K(8192K)] 13188K->5972K(26112K), 0.0004290 secs] [Times: user=0.00 sys=0.00, real=0.00 secs] 
17.797: Total time for which application threads were stopped: 0.0005280 seconds, Stopping threads took: 0.0000460 seconds
17.837: Application time: 0.0402930 seconds
17.837: [GC [PSYoungGen: 7664K->480K(8192K)] 13140K->5956K(26112K), 0.0004920 secs] [Times: user=0.00 sys=0.00, real=0.00 secs] 
17.838: Total time for which application threads were stopped: 0.0005850 seconds, Stopping threads took: 0.0000410 seconds
17.878: Application time: 0.0403240 seconds
17.878: [GC [PSYoungGen: 7648K->480K(8192K)] 13124K->5956K(26112K), 0.0004050 secs] [Times: user=0.01 sys=0.00, real=0.00 secs] 
17.879: Total time for which application threads were stopped: 0.0005090 seconds, Stopping threads took: 0.0000480 seconds
17.920: Application time: 0.0408250 seconds
17.920: [GC [PSYoungGen: 7648K->480K(8192K)] 13124K->5956K(26112K), 0.0004480 secs] [Times: user=0.00 sys=0.00, real=0.00 secs] 
17.920: Total time for which application threads were stopped: 0.0005500 seconds, Stopping threads took: 0.0000410 seconds
17.960: Application time: 0.0403240 seconds
17.961: [GC [PSYoungGen: 7648K->464K(8192K)] 13124K->5940K(26112K), 0.0004280 secs] [Times: user=0.01 sys=0.00, real=0.01 secs] 
17.961: Total time for which application threads were stopped: 0.0005470 seconds, Stopping threads took: 0.0000620 seconds
18.001: Application time: 0.0399600 seconds
18.001: [GC [PSYoungGen: 7632K->480K(8192K)] 13108K->5956K(26112K), 0.0003930 secs] [Times: user=0.00 sys=0.00, real=0.00 secs] 
18.001: Total time for which application threads were stopped: 0.0004820 seconds, Stopping threads took: 0.0000390 seconds
18.042: Application time: 0.0404220 seconds
18.042: [GC [PSYoungGen: 7648K->480K(8192K)] 13124K->5956K(26112K), 0.0004650 secs] [Times: user=0.00 sys=0.00, real=0.00 secs] 
18.042: Total time for which application threads were stopped: 0.0005620 seconds, Stopping threads took: 0.0000450 seconds
18.083: Application time: 0.0404870 seconds
18.083: [GC [PSYoungGen: 7648K->512K(8192K)] 13124K->5988K(26112K), 0.0004110 secs] [Times: user=0.00 sys=0.00, real=0.00 secs] 
18.083: Total time for which application threads were stopped: 0.0005120 seconds, Stopping threads took: 0.0000500 seconds
18.124: Application time: 0.0402790 seconds
18.124: [GC [PSYoungGen: 7680K->432K(8192K)] 13156K->5956K(26112K), 0.0004500 secs] [Times: user=0.00 sys=0.00, real=0.00 secs] 
18.124: Total time for which application threads were stopped: 0.0005510 seconds, Stopping threads took: 0.0000500 seconds
18.165: Application time: 0.0402540 seconds
18.165: [GC [PSYoungGen: 7600K->448K(8192K)] 13124K->5972K(26112K), 0.0004180 secs] [Times: user=0.00 sys=0.00, real=0.00 secs] 
18.165: Total time for which application threads were stopped: 0.0005220 seconds, Stopping threads took: 0.0000510 seconds
18.205: Application time: 0.0402960 seconds
18.205: [GC [PSYoungGen: 7616K->272K(8192K)] 13140K->6001K(26112K), 0.0004450 secs] [Times: user=0.00 sys=0.00, real=0.00 secs] 
18.206: Total time for which application threads were stopped: 0.0005420 seconds, Stopping threads took: 0.0000440 seconds
18.246: Application time: 0.0405240 seconds
18.247: [GC [PSYoungGen: 7440K->256K(8192K)] 13169K->6057K(26112K), 0.0003670 secs] [Times: user=0.00 sys=0.00, real=0.00 secs] 
18.247: Total time for which application threads were stopped: 0.0004560 seconds, Stopping threads took: 0.0000380 seconds
18.287: Application time: 0.0405410 seconds
18.288: [GC [PSYoungGen: 7424K->240K(8192K)] 13225K->6041K(26112K), 0.0003830 secs] [Times: user=0.00 sys=0.00, real=0.00 secs] 
18.288: Total time for which application threads were stopped: 0.0004840 seconds, Stopping threads took: 0.0000470 seconds
18.327: Application time: 0.0395120 seconds
18.328: [GC [PSYoungGen: 7408K->256K(8192K)] 13209K->6057K(26112K), 0.0004250 secs] [Times: user=0.00 sys=0.00, real=0.00 secs] 
18.328: Total time for which application threads were stopped: 0.0005290 seconds, Stopping threads took: 0.0000510 seconds
18.368: Application time: 0.0400850 seconds
18.368: [GC [PSYoungGen: 7424K->288K(8192K)] 13225K->6089K(26112K), 0.0003640 secs] [Times: user=0.00 sys=0.00, real=0.00 secs] 
18.369: Total time for which application threads were stopped: 0.0004530 seconds, Stopping threads took: 0.0000380 seconds
18.406: Application time: 0.0373850 seconds
18.406: [GC [PSYoungGen: 7456K->464K(8192K)] 13257K->6265K(26112K), 0.0004220 secs] [Times: user=0.00 sys=0.00, real=0.00 secs] 
18.406: Total time for which application threads were stopped: 0.0005210 seconds, Stopping threads took: 0.0000470 seconds
18.447: Application time: 0.0403520 seconds
18.447: [GC [PSYoungGen: 7632K->512K(8192K)] 13433K->6313K(26112K), 0.0004490 secs] [Times: user=0.00 sys=0.00, real=0.00 secs] 
18.447: Total time for which application threads were stopped: 0.0005530 seconds, Stopping threads took: 0.0000380 seconds
18.488: Application time: 0.0404630 seconds
18.488: [GC [PSYoungGen: 7680K->528K(8192K)] 13481K->6329K(26112K), 0.0004900 secs] [Times: user=0.00 sys=0.00, real=0.00 secs] 
18.488: Total time for which application threads were stopped: 0.0005860 seconds, Stopping threads took: 0.0000460 seconds
18.529: Application time: 0.0402550 seconds
18.529: [GC [PSYoungGen: 7696K->512K(8192K)] 13497K->6313K(26112K), 0.0004220 secs] [Times: user=0.00 sys=0.00, real=0.01 secs] 
18.529: Total time for which application threads were stopped: 0.0005150 seconds, Stopping threads took: 0.0000410 seconds
18.570: Application time: 0.0403920 seconds
18.570: [GC [PSYoungGen: 7680K->512K(8192K)] 13481K->6313K(26112K), 0.0004200 secs] [Times: user=0.00 sys=0.00, real=0.00 secs] 
18.570: Total time for which application threads were stopped: 0.0005310 seconds, Stopping threads took: 0.0000590 seconds
18.611: Application time: 0.0410000 seconds
18.611: [GC [PSYoungGen: 7680K->496K(8192K)] 13481K->6297K(26112K), 0.0004040 secs] [Times: user=0.00 sys=0.00, real=0.00 secs] 
18.612: Total time for which application threads were stopped: 0.0004990 seconds, Stopping threads took: 0.0000420 seconds
18.652: Application time: 0.0406440 seconds
18.652: [GC [PSYoungGen: 7664K->528K(8192K)] 13465K->6329K(26112K), 0.0004900 secs] [Times: user=0.00 sys=0.00, real=0.00 secs] 
18.653: Total time for which application threads were stopped: 0.0006030 seconds, Stopping threads took: 0.0000540 seconds
18.693: Application time: 0.0404120 seconds
18.693: [GC [PSYoungGen: 7696K->512K(8192K)] 13497K->6313K(26112K), 0.0004750 secs] [Times: user=0.00 sys=0.00, real=0.00 secs] 
18.694: Total time for which application threads were stopped: 0.0005730 seconds, Stopping threads took: 0.0000470 seconds
18.734: Application time: 0.0403600 seconds
18.734: [GC [PSYoungGen: 7680K->496K(8192K)] 13481K->6297K(26112K), 0.0004260 secs] [Times: user=0.00 sys=0.00, real=0.00 secs] 
18.735: Total time for which application threads were stopped: 0.0005250 seconds, Stopping threads took: 0.0000450 seconds
18.775: Application time: 0.0402690 seconds
18.775: [GC [PSYoungGen: 7664K->496K(8192K)] 13465K->6297K(26112K), 0.0004110 secs] [Times: user=0.00 sys=0.00, real=0.00 secs] 
18.775: Total time for which application threads were stopped: 0.0005190 seconds, Stopping threads took: 0.0000520 seconds
18.815: Application time: 0.0399340 seconds
18.816: [GC [PSYoungGen: 7664K->512K(8192K)] 13465K->6313K(26112K), 0.0004600 secs] [Times: user=0.00 sys=0.00, real=0.00 secs] 
18.816: Total time for which application threads were stopped: 0.0005700 seconds, Stopping threads took: 0.0000560 seconds
18.856: Application time: 0.0402670 seconds
18.856: [GC [PSYoungGen: 7680K->496K(8192K)] 13481K->6297K(26112K), 0.0004520 secs] [Times: user=0.01 sys=0.00, real=0.00 secs] 
18.857: Total time for which application threads were stopped: 0.0005540 seconds, Stopping threads took: 0.0000490 seconds
18.897: Application time: 0.0402890 seconds
18.897: [GC [PSYoungGen: 7664K->512K(8192K)] 13465K->6313K(26112K), 0.0004980 secs] [Times: user=0.00 sys=0.00, real=0.00 secs] 
18.898: Total time for which application threads were stopped: 0.0005970 seconds, Stopping threads took: 0.0000450 seconds
18.938: Application time: 0.0404710 seconds
18.938: [GC [PSYoungGen: 7680K->480K(8192K)] 13481K->6329K(26112K), 0.0004620 secs] [Times: user=0.00 sys=0.00, real=0.00 secs] 
18.939: Total time for which application threads were stopped: 0.0005630 seconds, Stopping threads took: 0.0000490 seconds
18.979: Application time: 0.0405410 seconds
18.979: [GC [PSYoungGen: 7648K->464K(8192K)] 13497K->6377K(26112K), 0.0004080 secs] [Times: user=0.01 sys=0.00, real=0.00 secs] 
18.980: Total time for which application threads were stopped: 0.0005130 seconds, Stopping threads took: 0.0000410 seconds
19.021: Application time: 0.0409420 seconds
19.021: [GC [PSYoungGen: 7632K->256K(8192K)] 13545K->6381K(26112K), 0.0004080 secs] [Times: user=0.00 sys=0.00, real=0.01 secs] 
19.021: Total time for which application threads were stopped: 0.0005040 seconds, Stopping threads took: 0.0000390 seconds
19.062: Application time: 0.0402830 seconds
19.062: [GC [PSYoungGen: 7424K->256K(8192K)] 13549K->6381K(26112K), 0.0003620 secs] [Times: user=0.00 sys=0.00, real=0.00 secs] 
19.062: Total time for which application threads were stopped: 0.0004580 seconds, Stopping threads took: 0.0000450 seconds
19.102: Application time: 0.0400360 seconds
19.102: [GC [PSYoungGen: 7424K->272K(8192K)] 13549K->6397K(26112K), 0.0003840 secs] [Times: user=0.00 sys=0.00, real=0.00 secs] 
19.103: Total time for which application threads were stopped: 0.0004820 seconds, Stopping threads took: 0.0000460 seconds
19.143: Application time: 0.0401720 seconds
19.143: [GC [PSYoungGen: 7440K->272K(8192K)] 13565K->6397K(26112K), 0.0003590 secs] [Times: user=0.00 sys=0.00, real=0.00 secs] 
19.143: Total time for which application threads were stopped: 0.0004460 seconds, Stopping threads took: 0.0000370 seconds
19.182: Application time: 0.0392220 seconds
19.182: [GC [PSYoungGen: 7440K->336K(8192K)] 13565K->6461K(26112K), 0.0004070 secs] [Times: user=0.00 sys=0.00, real=0.00 secs] 
19.183: Total time for which application threads were stopped: 0.0004920 seconds, Stopping threads took: 0.0000340 seconds
19.221: Application time: 0.0379280 seconds
19.221: [GC [PSYoungGen: 7504K->496K(8192K)] 13629K->6621K(26112K), 0.0004320 secs] [Times: user=0.00 sys=0.00, real=0.01 secs] 
19.221: Total time for which application threads were stopped: 0.0005280 seconds, Stopping threads took: 0.0000460 seconds
19.262: Application time: 0.0402030 seconds
19.262: [GC [PSYoungGen: 7664K->512K(8192K)] 13789K->6637K(26112K), 0.0004170 secs] [Times: user=0.00 sys=0.00, real=0.00 secs] 
19.262: Total time for which application threads were stopped: 0.0005170 seconds, Stopping threads took: 0.0000490 seconds
19.303: Application time: 0.0407040 seconds
19.303: [GC [PSYoungGen: 7680K->512K(8192K)] 13805K->6637K(26112K), 0.0004150 secs] [Times: user=0.00 sys=0.00, real=0.00 secs] 
19.303: Total time for which application threads were stopped: 0.0005130 seconds, Stopping threads took: 0.0000470 seconds
19.344: Application time: 0.0405610 seconds
19.344: [GC [PSYoungGen: 7680K->496K(8192K)] 13805K->6621K(26112K), 0.0004360 secs] [Times: user=0.00 sys=0.00, real=0.00 secs] 
19.344: Total time for which application threads were stopped: 0.0005360 seconds, Stopping threads took: 0.0000460 seconds
19.385: Application time: 0.0405340 seconds
19.385: [GC [PSYoungGen: 7664K->496K(8192K)] 13789K->6621K(26112K), 0.0004120 secs] [Times: user=0.00 sys=0.00, real=0.00 secs] 
19.385: Total time for which application threads were stopped: 0.0005070 seconds, Stopping threads took: 0.0000430 seconds
19.426: Application time: 0.0402510 seconds
19.426: [GC [PSYoungGen: 7664K->512K(8192K)] 13789K->6637K(26112K), 0.0004560 secs] [Times: user=0.00 sys=0.00, real=0.00 secs] 
19.426: Total time for which application threads were stopped: 0.0005490 seconds, Stopping threads took: 0.0000440 seconds
19.466: Application time: 0.0402640 seconds
19.467: [GC [PSYoungGen: 7680K->512K(8192K)] 13805K->6637K(26112K), 0.0004250 secs] [Times: user=0.00 sys=0.00, real=0.00 secs] 
19.467: Total time for which application threads were stopped: 0.0005160 seconds, Stopping threads took: 0.0000430 seconds
19.507: Application time: 0.0402260 seconds
19.507: [GC [PSYoungGen: 7680K->512K(8192K)] 13805K->6637K(26112K), 0.0004130 secs] [Times: user=0.00 sys=0.00, real=0.00 secs] 
19.508: Total time for which application threads were stopped: 0.0005150 seconds, Stopping threads took: 0.0000370 seconds
19.548: Application time: 0.0402100 seconds
19.548: [GC [PSYoungGen: 7680K->496K(8192K)] 13805K->6621K(26112K), 0.0004400 secs] [Times: user=0.00 sys=0.00, real=0.00 secs] 
19.548: Total time for which application threads were stopped: 0.0005380 seconds, Stopping threads took: 0.0000490 seconds
19.589: Application time: 0.0401950 seconds
19.589: [GC [PSYoungGen: 7664K->512K(8192K)] 13789K->6637K(26112K), 0.0004160 secs] [Times: user=0.01 sys=0.00, real=0.01 secs] 
19.589: Total time for which application threads were stopped: 0.0005300 seconds, Stopping threads took: 0.0000490 seconds
19.629: Application time: 0.0399110 seconds
19.629: [GC [PSYoungGen: 7680K->496K(8192K)] 13805K->6621K(26112K), 0.0004200 secs] [Times: user=0.00 sys=0.00, real=0.00 secs] 
19.630: Total time for which application threads were stopped: 0.0005250 seconds, Stopping threads took: 0.0000520 seconds
19.671: Application time: 0.0410910 seconds
19.671: [GC [PSYoungGen: 7664K->512K(8192K)] 13789K->6637K(26112K), 0.0004930 secs] [Times: user=0.01 sys=0.00, real=0.00 secs] 
19.671: Total time for which application threads were stopped: 0.0005980 seconds, Stopping threads took: 0.0000460 seconds
19.712: Application time: 0.0403800 seconds
19.712: [GC [PSYoungGen: 7680K->480K(8192K)] 13805K->6661K(26112K), 0.0004260 secs] [Times: user=0.00 sys=0.00, real=0.00 secs] 
19.712: Total time for which application threads were stopped: 0.0005260 seconds, Stopping threads took: 0.0000450 seconds
19.753: Application time: 0.0404030 seconds
19.753: [GC [PSYoungGen: 7648K->448K(8192K)] 13829K->6629K(26112K), 0.0004630 secs] [Times: user=0.00 sys=0.01, real=0.00 secs] 
19.754: Total time for which application threads were stopped: 0.0017090 seconds, Stopping threads took: 0.0000510 seconds
19.795: Application time: 0.0404700 seconds
19.795: [GC [PSYoungGen: 7616K->368K(8192K)] 13797K->6645K(26112K), 0.0004430 secs] [Times: user=0.00 sys=0.00, real=0.00 secs] 
19.795: Total time for which application threads were stopped: 0.0005600 seconds, Stopping threads took: 0.0000640 seconds
19.836: Application time: 0.0402320 seconds
19.836: [GC [PSYoungGen: 7536K->256K(8192K)] 13813K->6701K(26112K), 0.0004090 secs] [Times: user=0.00 sys=0.00, real=0.00 secs] 
19.836: Total time for which application threads were stopped: 0.0004990 seconds, Stopping threads took: 0.0000390 seconds
19.877: Application time: 0.0404340 seconds
19.877: [GC [PSYoungGen: 7424K->272K(8192K)] 13869K->6717K(26112K), 0.0003660 secs] [Times: user=0.00 sys=0.00, real=0.00 secs] 
19.877: Total time for which application threads were stopped: 0.0004660 seconds, Stopping threads took: 0.0000450 seconds
19.918: Application time: 0.0405610 seconds
19.918: [GC [PSYoungGen: 7440K->256K(8192K)] 13885K->6701K(26112K), 0.0003650 secs] [Times: user=0.00 sys=0.00, real=0.00 secs] 
19.918: Total time for which application threads were stopped: 0.0004590 seconds, Stopping threads took: 0.0000410 seconds
19.957: Application time: 0.0390390 seconds
19.957: [GC [PSYoungGen: 7424K->304K(8192K)] 13869K->6749K(26112K), 0.0003980 secs] [Times: user=0.00 sys=0.00, real=0.00 secs] 
19.958: Total time for which application threads were stopped: 0.0004980 seconds, Stopping threads took: 0.0000450 seconds
19.996: Application time: 0.0384640 seconds
19.996: [GC [PSYoungGen: 7472K->384K(8192K)] 13917K->6829K(26112K), 0.0004450 secs] [Times: user=0.00 sys=0.00, real=0.00 secs] 
19.997: Total time for which application threads were stopped: 0.0005430 seconds, Stopping threads took: 0.0000440 seconds
20.036: Application time: 0.0395470 seconds
20.036: [GC [PSYoungGen: 7552K->544K(8192K)] 13997K->6989K(26112K), 0.0005080 secs] [Times: user=0.00 sys=0.00, real=0.00 secs] 
20.037: Total time for which application threads were stopped: 0.0006130 seconds, Stopping threads took: 0.0000430 seconds
20.077: Application time: 0.0402740 seconds
20.077: [GC [PSYoungGen: 7712K->496K(8192K)] 14157K->6941K(26112K), 0.0004310 secs] [Times: user=0.00 sys=0.00, real=0.00 secs] 
20.078: Total time for which application threads were stopped: 0.0005370 seconds, Stopping threads took: 0.0000480 seconds
20.119: Application time: 0.0413480 seconds
20.119: [GC [PSYoungGen: 7664K->512K(8192K)] 14109K->6957K(26112K), 0.0004460 secs] [Times: user=0.00 sys=0.00, real=0.00 secs] 
20.119: Total time for which application threads were stopped: 0.0005390 seconds, Stopping threads took: 0.0000380 seconds
20.160: Application time: 0.0404350 seconds
20.160: [GC [PSYoungGen: 7680K->480K(8192K)] 14125K->6925K(26112K), 0.0004780 secs] [Times: user=0.00 sys=0.00, real=0.00 secs] 
20.160: Total time for which application threads were stopped: 0.0005770 seconds, Stopping threads took: 0.0000450 seconds
20.201: Application time: 0.0403430 seconds
20.201: [GC [PSYoungGen: 7648K->512K(8192K)] 14093K->6957K(26112K), 0.0004580 secs] [Times: user=0.00 sys=0.00, real=0.01 secs] 
20.201: Total time for which application threads were stopped: 0.0005500 seconds, Stopping threads took: 0.0000420 seconds
20.242: Application time: 0.0402800 seconds
20.242: [GC [PSYoungGen: 7680K->480K(8192K)] 14125K->6925K(26112K), 0.0004970 secs] [Times: user=0.00 sys=0.00, real=0.00 secs] 
20.242: Total time for which application threads were stopped: 0.0005890 seconds, Stopping threads took: 0.0000380 seconds
20.283: Application time: 0.0403090 seconds
20.283: [GC [PSYoungGen: 7648K->528K(8192K)] 14093K->6973K(26112K), 0.0004230 secs] [Times: user=0.01 sys=0.00, real=0.00 secs] 
20.283: Total time for which application threads were stopped: 0.0005200 seconds, Stopping threads took: 0.0000420 seconds
20.324: Application time: 0.0408810 seconds
20.324: [GC [PSYoungGen: 7696K->432K(8192K)] 14141K->6877K(26112K), 0.0004210 secs] [Times: user=0.00 sys=0.00, real=0.00 secs] 
20.324: Total time for which application threads were stopped: 0.0005130 seconds, Stopping threads took: 0.0000390 seconds
20.365: Application time: 0.0402250 seconds
20.365: [GC [PSYoungGen: 7600K->496K(8192K)] 14045K->6941K(26112K), 0.0003990 secs] [Times: user=0.00 sys=0.00, real=0.00 secs] 
20.365: Total time for which application threads were stopped: 0.0004990 seconds, Stopping threads took: 0.0000450 seconds
20.405: Application time: 0.0399170 seconds
20.405: [GC [PSYoungGen: 7664K->480K(8192K)] 14109K->6925K(26112K), 0.0004940 secs] [Times: user=0.00 sys=0.00, real=0.00 secs] 
20.406: Total time for which application threads were stopped: 0.0005820 seconds, Stopping threads took: 0.0000380 seconds
20.446: Application time: 0.0403340 seconds
20.446: [GC [PSYoungGen: 7648K->528K(8192K)] 14093K->6973K(26112K), 0.0004590 secs] [Times: user=0.01 sys=0.00, real=0.00 secs] 
20.447: Total time for which application threads were stopped: 0.0005600 seconds, Stopping threads took: 0.0000480 seconds
20.487: Application time: 0.0402080 seconds
20.487: [GC [PSYoungGen: 7696K->544K(8192K)] 14141K->6989K(26112K), 0.0004280 secs] [Times: user=0.00 sys=0.00, real=0.00 secs] 
20.487: Total time for which application threads were stopped: 0.0005290 seconds, Stopping threads took: 0.0000480 seconds
20.528: Application time: 0.0409280 seconds
20.528: [GC [PSYoungGen: 7712K->512K(8192K)] 14157K->6957K(26112K), 0.0004150 secs] [Times: user=0.00 sys=0.01, real=0.00 secs] 
20.529: Total time for which application threads were stopped: 0.0005110 seconds, Stopping threads took: 0.0000430 seconds
20.569: Application time: 0.0404340 seconds
20.569: [GC [PSYoungGen: 7680K->416K(8192K)] 14125K->6957K(26112K), 0.0004130 secs] [Times: user=0.00 sys=0.00, real=0.00 secs] 
20.570: Total time for which application threads were stopped: 0.0005200 seconds, Stopping threads took: 0.0000450 seconds
20.610: Application time: 0.0402990 seconds
20.610: [GC [PSYoungGen: 7584K->288K(8192K)] 14125K->6981K(26112K), 0.0003990 secs] [Times: user=0.00 sys=0.00, real=0.00 secs] 
20.611: Total time for which application threads were stopped: 0.0004930 seconds, Stopping threads took: 0.0000390 seconds
20.651: Application time: 0.0408660 seconds
20.651: [GC [PSYoungGen: 7456K->256K(8192K)] 14149K->7045K(26112K), 0.0004180 secs] [Times: user=0.00 sys=0.00, real=0.00 secs] 
20.652: Total time for which application threads were stopped: 0.0005390 seconds, Stopping threads took: 0.0000560 seconds
20.692: Application time: 0.0405580 seconds
20.693: [GC [PSYoungGen: 7424K->256K(8192K)] 14213K->7045K(26112K), 0.0003820 secs] [Times: user=0.01 sys=0.00, real=0.00 secs] 
20.693: Total time for which application threads were stopped: 0.0004800 seconds, Stopping threads took: 0.0000450 seconds
20.733: Application time: 0.0400330 seconds
20.733: [GC [PSYoungGen: 7424K->304K(8192K)] 14213K->7093K(26112K), 0.0003840 secs] [Times: user=0.00 sys=0.00, real=0.00 secs] 
20.733: Total time for which application threads were stopped: 0.0004840 seconds, Stopping threads took: 0.0000440 seconds
20.773: Application time: 0.0398120 seconds
20.773: [GC [PSYoungGen: 7472K->352K(8192K)] 14261K->7141K(26112K), 0.0003620 secs] [Times: user=0.00 sys=0.00, real=0.00 secs] 
20.774: Total time for which application threads were stopped: 0.0004710 seconds, Stopping threads took: 0.0000540 seconds
20.811: Application time: 0.0377170 seconds
20.812: [GC [PSYoungGen: 7520K->448K(8192K)] 14309K->7237K(26112K), 0.0004190 secs] [Times: user=0.00 sys=0.00, real=0.00 secs] 
20.812: Total time for which application threads were stopped: 0.0005130 seconds, Stopping threads took: 0.0000370 seconds
20.852: Application time: 0.0400080 seconds
20.852: [GC [PSYoungGen: 7616K->496K(8192K)] 14405K->7285K(26112K), 0.0004330 secs] [Times: user=0.00 sys=0.00, real=0.00 secs] 
20.853: Total time for which application threads were stopped: 0.0005280 seconds, Stopping threads took: 0.0000390 seconds
20.893: Application time: 0.0405290 seconds
20.893: [GC [PSYoungGen: 7664K->480K(8192K)] 14453K->7269K(26112K), 0.0004610 secs] [Times: user=0.00 sys=0.00, real=0.00 secs] 
20.894: Total time for which application threads were stopped: 0.0005580 seconds, Stopping threads took: 0.0000440 seconds
20.934: Application time: 0.0402800 seconds
20.934: [GC [PSYoungGen: 7648K->496K(8192K)] 14437K->7285K(26112K), 0.0004260 secs] [Times: user=0.00 sys=0.00, real=0.00 secs] 
20.934: Total time for which application threads were stopped: 0.0005280 seconds, Stopping threads took: 0.0000490 seconds
20.975: Application time: 0.0402520 seconds
20.975: [GC [PSYoungGen: 7664K->528K(8192K)] 14453K->7317K(26112K), 0.0003990 secs] [Times: user=0.00 sys=0.00, real=0.00 secs] 
20.975: Total time for which application threads were stopped: 0.0005020 seconds, Stopping threads took: 0.0000500 seconds
21.016: Application time: 0.0403590 seconds
21.016: [GC [PSYoungGen: 7696K->544K(8192K)] 14485K->7333K(26112K), 0.0004420 secs] [Times: user=0.01 sys=0.00, real=0.00 secs] 
21.016: Total time for which application threads were stopped: 0.0005480 seconds, Stopping threads took: 0.0000500 seconds
21.056: Application time: 0.0403240 seconds
21.057: [GC [PSYoungGen: 7712K->512K(8192K)] 14501K->7301K(26112K), 0.0004170 secs] [Times: user=0.00 sys=0.00, real=0.00 secs] 
21.057: Total time for which application threads were stopped: 0.0005180 seconds, Stopping threads took: 0.0000490 seconds
21.097: Application time: 0.0405080 seconds
21.098: [GC [PSYoungGen: 7680K->544K(8192K)] 14469K->7333K(26112K), 0.0004240 secs] [Times: user=0.00 sys=0.01, real=0.00 secs] 
21.098: Total time for which application threads were stopped: 0.0005340 seconds, Stopping threads took: 0.0000450 seconds
21.139: Application time: 0.0406470 seconds
21.139: [GC [PSYoungGen: 7712K->480K(8192K)] 14501K->7269K(26112K), 0.0004850 secs] [Times: user=0.00 sys=0.00, real=0.00 secs] 
21.139: Total time for which application threads were stopped: 0.0006020 seconds, Stopping threads took: 0.0000610 seconds
21.179: Application time: 0.0401950 seconds
21.180: [GC [PSYoungGen: 7648K->512K(8192K)] 14437K->7301K(26112K), 0.0004150 secs] [Times: user=0.00 sys=0.00, real=0.00 secs] 
21.180: Total time for which application threads were stopped: 0.0005080 seconds, Stopping threads took: 0.0000380 seconds
21.220: Application time: 0.0399220 seconds
21.220: [GC [PSYoungGen: 7680K->512K(8192K)] 14469K->7301K(26112K), 0.0004630 secs] [Times: user=0.00 sys=0.00, real=0.00 secs] 
21.220: Total time for which application threads were stopped: 0.0005600 seconds, Stopping threads took: 0.0000430 seconds
21.261: Application time: 0.0402240 seconds
21.261: [GC [PSYoungGen: 7680K->496K(8192K)] 14469K->7285K(26112K), 0.0004790 secs] [Times: user=0.01 sys=0.00, real=0.01 secs] 
21.261: Total time for which application threads were stopped: 0.0005820 seconds, Stopping threads took: 0.0000460 seconds
21.302: Application time: 0.0402800 seconds
21.302: [GC [PSYoungGen: 7664K->512K(8192K)] 14453K->7301K(26112K), 0.0004660 secs] [Times: user=0.00 sys=0.00, real=0.00 secs] 
21.302: Total time for which application threads were stopped: 0.0005710 seconds, Stopping threads took: 0.0000520 seconds
21.342: Application time: 0.0402890 seconds
21.342: [GC [PSYoungGen: 7680K->496K(8192K)] 14469K->7333K(26112K), 0.0004770 secs] [Times: user=0.00 sys=0.00, real=0.00 secs] 
21.343: Total time for which application threads were stopped: 0.0005740 seconds, Stopping threads took: 0.0000430 seconds
21.384: Application time: 0.0408230 seconds
21.384: [GC [PSYoungGen: 7664K->384K(8192K)] 14501K->7285K(26112K), 0.0004130 secs] [Times: user=0.00 sys=0.00, real=0.00 secs] 
21.384: Total time for which application threads were stopped: 0.0005090 seconds, Stopping threads took: 0.0000430 seconds
21.425: Application time: 0.0403190 seconds
21.425: [GC [PSYoungGen: 7552K->272K(8192K)] 14453K->7342K(26112K), 0.0004160 secs] [Times: user=0.00 sys=0.00, real=0.00 secs] 
21.425: Total time for which application threads were stopped: 0.0005210 seconds, Stopping threads took: 0.0000500 seconds
21.466: Application time: 0.0405070 seconds
21.466: [GC [PSYoungGen: 7440K->224K(8192K)] 14510K->7358K(26112K), 0.0004090 secs] [Times: user=0.01 sys=0.00, real=0.00 secs] 
21.466: Total time for which application threads were stopped: 0.0005160 seconds, Stopping threads took: 0.0000520 seconds
21.506: Application time: 0.0403210 seconds
21.507: [GC [PSYoungGen: 7392K->256K(8192K)] 14526K->7390K(26112K), 0.0003940 secs] [Times: user=0.00 sys=0.00, real=0.00 secs] 
21.507: Total time for which application threads were stopped: 0.0004930 seconds, Stopping threads took: 0.0000460 seconds
21.547: Application time: 0.0400890 seconds
21.547: [GC [PSYoungGen: 7424K->272K(8192K)] 14558K->7406K(26112K), 0.0003910 secs] [Times: user=0.00 sys=0.00, real=0.00 secs] 
21.548: Total time for which application threads were stopped: 0.0004920 seconds, Stopping threads took: 0.0000500 seconds
21.588: Application time: 0.0400960 seconds
21.588: [GC [PSYoungGen: 7440K->256K(8192K)] 14574K->7390K(26112K), 0.0004160 secs] [Times: user=0.00 sys=0.00, real=0.00 secs] 
21.588: Total time for which application threads were stopped: 0.0005190 seconds, Stopping threads took: 0.0000500 seconds
21.625: Application time: 0.0370270 seconds
21.625: [GC [PSYoungGen: 7424K->528K(8192K)] 14558K->7662K(26112K), 0.0004270 secs] [Times: user=0.00 sys=0.00, real=0.00 secs] 
21.626: Total time for which application threads were stopped: 0.0005490 seconds, Stopping threads took: 0.0000530 seconds
21.666: Application time: 0.0406060 seconds
21.669: [GC [PSYoungGen: 7696K->496K(8192K)] 14830K->7630K(26112K), 0.0004640 secs] [Times: user=0.01 sys=0.00, real=0.00 secs] 
21.670: Total time for which application threads were stopped: 0.0031730 seconds, Stopping threads took: 0.0026480 seconds
21.710: Application time: 0.0402120 seconds
21.710: [GC [PSYoungGen: 7664K->496K(8192K)] 14798K->7630K(26112K), 0.0004350 secs] [Times: user=0.00 sys=0.00, real=0.00 secs] 
21.710: Total time for which application threads were stopped: 0.0005420 seconds, Stopping threads took: 0.0000540 seconds
21.751: Application time: 0.0405650 seconds
21.751: [GC [PSYoungGen: 7664K->512K(8192K)] 14798K->7646K(26112K), 0.0004290 secs] [Times: user=0.00 sys=0.00, real=0.00 secs] 
21.751: Total time for which application threads were stopped: 0.0005240 seconds, Stopping threads took: 0.0000400 seconds
21.792: Application time: 0.0404580 seconds
21.792: [GC [PSYoungGen: 7680K->512K(8192K)] 14814K->7646K(26112K), 0.0004180 secs] [Times: user=0.00 sys=0.00, real=0.00 secs] 
21.792: Total time for which application threads were stopped: 0.0005250 seconds, Stopping threads took: 0.0000500 seconds
21.833: Application time: 0.0402030 seconds
21.833: [GC [PSYoungGen: 7680K->496K(8192K)] 14814K->7630K(26112K), 0.0004150 secs] [Times: user=0.01 sys=0.00, real=0.00 secs] 
21.833: Total time for which application threads were stopped: 0.0005210 seconds, Stopping threads took: 0.0000420 seconds
21.874: Application time: 0.0406260 seconds
21.874: [GC [PSYoungGen: 7664K->480K(8192K)] 14798K->7614K(26112K), 0.0004170 secs] [Times: user=0.00 sys=0.00, real=0.00 secs] 
21.874: Total time for which application threads were stopped: 0.0005150 seconds, Stopping threads took: 0.0000450 seconds
21.915: Application time: 0.0402580 seconds
21.915: [GC [PSYoungGen: 7648K->496K(8192K)] 14782K->7630K(26112K), 0.0004140 secs] [Times: user=0.01 sys=0.00, real=0.00 secs] 
21.915: Total time for which application threads were stopped: 0.0005080 seconds, Stopping threads took: 0.0000390 seconds
21.955: Application time: 0.0401530 seconds
21.955: [GC [PSYoungGen: 7664K->496K(8192K)] 14798K->7630K(26112K), 0.0004470 secs] [Times: user=0.01 sys=0.00, real=0.00 secs] 
21.956: Total time for which application threads were stopped: 0.0005450 seconds, Stopping threads took: 0.0000460 seconds
21.996: Application time: 0.0401790 seconds
21.997: [GC [PSYoungGen: 7664K->512K(8192K)] 14798K->7646K(26112K), 0.0004120 secs] [Times: user=0.00 sys=0.00, real=0.00 secs] 
21.997: Total time for which application threads were stopped: 0.0015900 seconds, Stopping threads took: 0.0011190 seconds
22.038: Application time: 0.0400740 seconds
22.038: [GC [PSYoungGen: 7680K->528K(8192K)] 14814K->7662K(26112K), 0.0004360 secs] [Times: user=0.00 sys=0.00, real=0.00 secs] 
22.038: Total time for which application threads were stopped: 0.0005300 seconds, Stopping threads took: 0.0000430 seconds
22.078: Application time: 0.0403070 seconds
22.078: [GC [PSYoungGen: 7696K->496K(8192K)] 14830K->7630K(26112K), 0.0004200 secs] [Times: user=0.00 sys=0.00, real=0.00 secs] 
22.079: Total time for which application threads were stopped: 0.0005220 seconds, Stopping threads took: 0.0000480 seconds
22.120: Application time: 0.0406080 seconds
22.120: [GC [PSYoungGen: 7664K->512K(8192K)] 14798K->7646K(26112K), 0.0004740 secs] [Times: user=0.00 sys=0.00, real=0.00 secs] 
22.120: Total time for which application threads were stopped: 0.0005780 seconds, Stopping threads took: 0.0000510 seconds
22.160: Application time: 0.0402550 seconds
22.160: [GC [PSYoungGen: 7680K->496K(8192K)] 14814K->7678K(26112K), 0.0004120 secs] [Times: user=0.00 sys=0.00, real=0.00 secs] 
22.161: Total time for which application threads were stopped: 0.0005170 seconds, Stopping threads took: 0.0000430 seconds
22.201: Application time: 0.0405980 seconds
22.202: [GC [PSYoungGen: 7664K->448K(8192K)] 14846K->7686K(26112K), 0.0004120 secs] [Times: user=0.00 sys=0.00, real=0.00 secs] 
22.202: Total time for which application threads were stopped: 0.0005110 seconds, Stopping threads took: 0.0000460 seconds
22.242: Application time: 0.0403260 seconds
22.242: [GC [PSYoungGen: 7616K->256K(8192K)] 14854K->7706K(26112K), 0.0004540 secs] [Times: user=0.00 sys=0.00, real=0.00 secs] 
22.243: Total time for which application threads were stopped: 0.0005460 seconds, Stopping threads took: 0.0000390 seconds
22.283: Application time: 0.0402930 seconds
22.285: [GC [PSYoungGen: 7424K->256K(8192K)] 14874K->7706K(26112K), 0.0003850 secs] [Times: user=0.00 sys=0.00, real=0.00 secs] 
22.285: Total time for which application threads were stopped: 0.0022850 seconds, Stopping threads took: 0.0018470 seconds
22.326: Application time: 0.0405720 seconds
22.326: [GC [PSYoungGen: 7424K->256K(8192K)] 14874K->7706K(26112K), 0.0003570 secs] [Times: user=0.00 sys=0.00, real=0.00 secs] 
22.326: Total time for which application threads were stopped: 0.0004530 seconds, Stopping threads took: 0.0000440 seconds
22.366: Application time: 0.0392290 seconds
22.366: [GC [PSYoungGen: 7424K->320K(8192K)] 14874K->7770K(26112K), 0.0004090 secs] [Times: user=0.00 sys=0.00, real=0.00 secs] 
22.366: Total time for which application threads were stopped: 0.0005070 seconds, Stopping threads took: 0.0000450 seconds
22.406: Application time: 0.0397100 seconds
22.406: [GC [PSYoungGen: 7488K->320K(8192K)] 14938K->7770K(26112K), 0.0003670 secs] [Times: user=0.00 sys=0.00, real=0.00 secs] 
22.406: Total time for which application threads were stopped: 0.0004760 seconds, Stopping threads took: 0.0000470 seconds
22.444: Application time: 0.0377850 seconds
22.444: [GC [PSYoungGen: 7488K->512K(8192K)] 14938K->7962K(26112K), 0.0004310 secs] [Times: user=0.00 sys=0.00, real=0.00 secs] 
22.445: Total time for which application threads were stopped: 0.0005490 seconds, Stopping threads took: 0.0000620 seconds
22.485: Application time: 0.0402720 seconds
22.489: [GC [PSYoungGen: 7680K->512K(8192K)] 15130K->7962K(26112K), 0.0004850 secs] [Times: user=0.00 sys=0.00, real=0.00 secs] 
22.490: Total time for which application threads were stopped: 0.0045750 seconds, Stopping threads took: 0.0040340 seconds
22.530: Application time: 0.0405860 seconds
22.530: [GC [PSYoungGen: 7680K->528K(8192K)] 15130K->7978K(26112K), 0.0004200 secs] [Times: user=0.00 sys=0.00, real=0.00 secs] 
22.531: Total time for which application threads were stopped: 0.0005240 seconds, Stopping threads took: 0.0000500 seconds
22.571: Application time: 0.0406460 seconds
22.571: [GC [PSYoungGen: 7696K->480K(8192K)] 15146K->7930K(26112K), 0.0004080 secs] [Times: user=0.00 sys=0.00, real=0.00 secs] 
22.572: Total time for which application threads were stopped: 0.0005050 seconds, Stopping threads took: 0.0000430 seconds
22.612: Application time: 0.0402530 seconds
22.612: [GC [PSYoungGen: 7648K->496K(8192K)] 15098K->7946K(26112K), 0.0004890 secs] [Times: user=0.00 sys=0.00, real=0.00 secs] 
22.613: Total time for which application threads were stopped: 0.0005780 seconds, Stopping threads took: 0.0000380 seconds
22.653: Application time: 0.0404520 seconds
22.653: [GC [PSYoungGen: 7664K->496K(8192K)] 15114K->7946K(26112K), 0.0004730 secs] [Times: user=0.00 sys=0.00, real=0.00 secs] 
22.654: Total time for which application threads were stopped: 0.0005890 seconds, Stopping threads took: 0.0000530 seconds
22.694: Application time: 0.0406400 seconds
22.694: [GC [PSYoungGen: 7664K->496K(8192K)] 15114K->7946K(26112K), 0.0004610 secs] [Times: user=0.00 sys=0.00, real=0.00 secs] 
22.695: Total time for which application threads were stopped: 0.0005790 seconds, Stopping threads took: 0.0000540 seconds
22.736: Application time: 0.0408650 seconds
22.736: [GC [PSYoungGen: 7664K->496K(8192K)] 15114K->7946K(26112K), 0.0004510 secs] [Times: user=0.00 sys=0.00, real=0.00 secs] 
22.736: Total time for which application threads were stopped: 0.0005450 seconds, Stopping threads took: 0.0000420 seconds
22.777: Application time: 0.0401400 seconds
22.777: [GC [PSYoungGen: 7664K->528K(8192K)] 15114K->7978K(26112K), 0.0004280 secs] [Times: user=0.00 sys=0.00, real=0.00 secs] 
22.777: Total time for which application threads were stopped: 0.0005230 seconds, Stopping threads took: 0.0000420 seconds
22.817: Application time: 0.0397880 seconds
22.817: [GC [PSYoungGen: 7696K->512K(8192K)] 15146K->7962K(26112K), 0.0004610 secs] [Times: user=0.00 sys=0.00, real=0.00 secs] 
22.817: Total time for which application threads were stopped: 0.0005560 seconds, Stopping threads took: 0.0000400 seconds
22.858: Application time: 0.0401680 seconds
22.858: [GC [PSYoungGen: 7680K->480K(8192K)] 15130K->7930K(26112K), 0.0004950 secs] [Times: user=0.00 sys=0.00, real=0.00 secs] 
22.858: Total time for which application threads were stopped: 0.0006020 seconds, Stopping threads took: 0.0000510 seconds
22.899: Application time: 0.0406000 seconds
22.899: [GC [PSYoungGen: 7648K->496K(8192K)] 15098K->7946K(26112K), 0.0004090 secs] [Times: user=0.00 sys=0.00, real=0.00 secs] 
22.899: Total time for which application threads were stopped: 0.0005030 seconds, Stopping threads took: 0.0000420 seconds
22.939: Application time: 0.0402150 seconds
22.940: [GC [PSYoungGen: 7664K->496K(8192K)] 15114K->7946K(26112K), 0.0004240 secs] [Times: user=0.00 sys=0.00, real=0.00 secs] 
22.940: Total time for which application threads were stopped: 0.0005180 seconds, Stopping threads took: 0.0000420 seconds
22.980: Application time: 0.0404110 seconds
22.980: [GC [PSYoungGen: 7664K->416K(8192K)] 15114K->7962K(26112K), 0.0004380 secs] [Times: user=0.01 sys=0.00, real=0.00 secs] 
22.981: Total time for which application threads were stopped: 0.0005510 seconds, Stopping threads took: 0.0000520 seconds
23.021: Application time: 0.0404660 seconds
23.021: [GC [PSYoungGen: 7584K->400K(8192K)] 15130K->8002K(26112K), 0.0003990 secs] [Times: user=0.00 sys=0.00, real=0.00 secs] 
23.022: Total time for which application threads were stopped: 0.0004920 seconds, Stopping threads took: 0.0000400 seconds
23.062: Application time: 0.0402640 seconds
23.062: [GC [PSYoungGen: 7568K->256K(8192K)] 15170K->8034K(26112K), 0.0003990 secs] [Times: user=0.00 sys=0.00, real=0.00 secs] 
23.063: Total time for which application threads were stopped: 0.0005040 seconds, Stopping threads took: 0.0000520 seconds
23.103: Application time: 0.0403380 seconds
23.103: [GC [PSYoungGen: 7424K->240K(8192K)] 15202K->8018K(26112K), 0.0003850 secs] [Times: user=0.00 sys=0.00, real=0.00 secs] 
23.104: Total time for which application threads were stopped: 0.0004840 seconds, Stopping threads took: 0.0000470 seconds
23.144: Application time: 0.0402510 seconds
23.144: [GC [PSYoungGen: 7408K->256K(8192K)] 15186K->8034K(26112K), 0.0003630 secs] [Times: user=0.00 sys=0.00, real=0.00 secs] 
23.144: Total time for which application threads were stopped: 0.0004560 seconds, Stopping threads took: 0.0000410 seconds
23.184: Application time: 0.0395090 seconds
23.184: [GC [PSYoungGen: 7424K->288K(8192K)] 15202K->8066K(26112K), 0.0003850 secs] [Times: user=0.00 sys=0.00, real=0.00 secs] 
23.184: Total time for which application threads were stopped: 0.0004880 seconds, Stopping threads took: 0.0000500 seconds
23.223: Application time: 0.0387730 seconds
23.223: [GC [PSYoungGen: 7456K->368K(8192K)] 15234K->8146K(26112K), 0.0004020 secs] [Times: user=0.01 sys=0.00, real=0.00 secs] 
23.224: Total time for which application threads were stopped: 0.0005140 seconds, Stopping threads took: 0.0000450 seconds
23.262: Application time: 0.0387520 seconds
23.262: [GC [PSYoungGen: 7536K->512K(8192K)] 15314K->8290K(26112K), 0.0004830 secs] [Times: user=0.00 sys=0.00, real=0.00 secs] 
23.263: Total time for which application threads were stopped: 0.0005810 seconds, Stopping threads took: 0.0000430 seconds
23.303: Application time: 0.0405670 seconds
23.303: [GC [PSYoungGen: 7680K->512K(8192K)] 15458K->8290K(26112K), 0.0005200 secs] [Times: user=0.00 sys=0.00, real=0.00 secs] 
23.304: Total time for which application threads were stopped: 0.0006150 seconds, Stopping threads took: 0.0000420 seconds
23.344: Application time: 0.0402630 seconds
23.344: [GC [PSYoungGen: 7680K->512K(8192K)] 15458K->8290K(26112K), 0.0004410 secs] [Times: user=0.00 sys=0.00, real=0.00 secs] 
23.345: Total time for which application threads were stopped: 0.0005400 seconds, Stopping threads took: 0.0000450 seconds
23.385: Application time: 0.0404650 seconds
23.385: [GC [PSYoungGen: 7680K->512K(8192K)] 15458K->8290K(26112K), 0.0004600 secs] [Times: user=0.00 sys=0.00, real=0.00 secs] 
23.386: Total time for which application threads were stopped: 0.0005650 seconds, Stopping threads took: 0.0000490 seconds
23.427: Application time: 0.0406690 seconds
23.427: [GC [PSYoungGen: 7680K->528K(8192K)] 15458K->8306K(26112K), 0.0004490 secs] [Times: user=0.00 sys=0.00, real=0.00 secs] 
23.427: Total time for which application threads were stopped: 0.0005520 seconds, Stopping threads took: 0.0000500 seconds
23.467: Application time: 0.0403110 seconds
23.469: [GC [PSYoungGen: 7696K->496K(8192K)] 15474K->8274K(26112K), 0.0004430 secs] [Times: user=0.00 sys=0.00, real=0.00 secs] 
23.470: Total time for which application threads were stopped: 0.0021280 seconds, Stopping threads took: 0.0016280 seconds
23.510: Application time: 0.0402550 seconds
23.510: [GC [PSYoungGen: 7664K->496K(8192K)] 15442K->8274K(26112K), 0.0004190 secs] [Times: user=0.00 sys=0.00, real=0.00 secs] 
23.510: Total time for which application threads were stopped: 0.0005460 seconds, Stopping threads took: 0.0000740 seconds
23.551: Application time: 0.0407120 seconds
23.551: [GC [PSYoungGen: 7664K->480K(8192K)] 15442K->8258K(26112K), 0.0004660 secs] [Times: user=0.01 sys=0.00, real=0.00 secs] 
23.552: Total time for which application threads were stopped: 0.0005690 seconds, Stopping threads took: 0.0000480 seconds
23.592: Application time: 0.0401610 seconds
23.592: [GC [PSYoungGen: 7648K->512K(8192K)] 15426K->8290K(26112K), 0.0004570 secs] [Times: user=0.00 sys=0.00, real=0.00 secs] 
23.592: Total time for which application threads were stopped: 0.0005610 seconds, Stopping threads took: 0.0000500 seconds
23.632: Application time: 0.0396680 seconds
23.632: [GC [PSYoungGen: 7680K->464K(8192K)] 15458K->8242K(26112K), 0.0004050 secs] [Times: user=0.00 sys=0.00, real=0.00 secs] 
23.633: Total time for which application threads were stopped: 0.0005050 seconds, Stopping threads took: 0.0000460 seconds
23.673: Application time: 0.0408070 seconds
23.673: [GC [PSYoungGen: 7632K->544K(8192K)] 15410K->8322K(26112K), 0.0004530 secs] [Times: user=0.00 sys=0.00, real=0.00 secs] 
23.674: Total time for which application threads were stopped: 0.0005680 seconds, Stopping threads took: 0.0000560 seconds
23.714: Application time: 0.0403560 seconds
23.714: [GC [PSYoungGen: 7712K->528K(8192K)] 15490K->8306K(26112K), 0.0004380 secs] [Times: user=0.00 sys=0.00, real=0.00 secs] 
23.715: Total time for which application threads were stopped: 0.0005420 seconds, Stopping threads took: 0.0000510 seconds
23.755: Application time: 0.0405720 seconds
23.755: [GC [PSYoungGen: 7696K->512K(8192K)] 15474K->8290K(26112K), 0.0004310 secs] [Times: user=0.01 sys=0.00, real=0.00 secs] 
23.756: Total time for which application threads were stopped: 0.0005390 seconds, Stopping threads took: 0.0000420 seconds
23.796: Application time: 0.0402980 seconds
23.796: [GC [PSYoungGen: 7680K->448K(8192K)] 15458K->8314K(26112K), 0.0004210 secs] [Times: user=0.00 sys=0.00, real=0.00 secs] 
23.797: Total time for which application threads were stopped: 0.0005250 seconds, Stopping threads took: 0.0000500 seconds
23.837: Application time: 0.0402950 seconds
23.837: [GC [PSYoungGen: 7616K->336K(8192K)] 15482K->8322K(26112K), 0.0004500 secs] [Times: user=0.00 sys=0.00, real=0.00 secs] 
23.838: Total time for which application threads were stopped: 0.0005480 seconds, Stopping threads took: 0.0000430 seconds
23.878: Application time: 0.0403010 seconds
23.878: [GC [PSYoungGen: 7504K->256K(8192K)] 15490K->8362K(26112K), 0.0004280 secs] [Times: user=0.00 sys=0.00, real=0.00 secs] 
23.878: Total time for which application threads were stopped: 0.0005220 seconds, Stopping threads took: 0.0000420 seconds
23.919: Application time: 0.0410450 seconds
23.920: [GC [PSYoungGen: 7424K->256K(8192K)] 15530K->8362K(26112K), 0.0003700 secs] [Times: user=0.00 sys=0.00, real=0.00 secs] 
23.920: Total time for which application threads were stopped: 0.0004710 seconds, Stopping threads took: 0.0000480 seconds
23.960: Application time: 0.0401310 seconds
23.960: [GC [PSYoungGen: 7424K->272K(8192K)] 15530K->8378K(26112K), 0.0004030 secs] [Times: user=0.00 sys=0.00, real=0.00 secs] 
23.961: Total time for which application threads were stopped: 0.0005070 seconds, Stopping threads took: 0.0000520 seconds
24.000: Application time: 0.0395360 seconds
24.000: [GC [PSYoungGen: 7440K->288K(8192K)] 15546K->8394K(26112K), 0.0004180 secs] [Times: user=0.00 sys=0.00, real=0.00 secs] 
24.001: Total time for which application threads were stopped: 0.0005190 seconds, Stopping threads took: 0.0000480 seconds
24.039: Application time: 0.0386050 seconds
24.039: [GC [PSYoungGen: 7456K->416K(8192K)] 15562K->8522K(26112K), 0.0004520 secs] [Times: user=0.00 sys=0.00, real=0.00 secs] 
24.040: Total time for which application threads were stopped: 0.0005670 seconds, Stopping threads took: 0.0000530 seconds
24.080: Application time: 0.0400910 seconds
24.080: [GC [PSYoungGen: 7584K->512K(8192K)] 15690K->8618K(26112K), 0.0004430 secs] [Times: user=0.00 sys=0.00, real=0.00 secs] 
24.080: Total time for which application threads were stopped: 0.0005540 seconds, Stopping threads took: 0.0000540 seconds
24.121: Application time: 0.0402160 seconds
24.121: [GC [PSYoungGen: 7680K->528K(8192K)] 15786K->8634K(26112K), 0.0004740 secs] [Times: user=0.00 sys=0.00, real=0.01 secs] 
24.121: Total time for which application threads were stopped: 0.0005780 seconds, Stopping threads took: 0.0000490 seconds
24.162: Application time: 0.0404050 seconds
24.162: [GC [PSYoungGen: 7696K->512K(8192K)] 15802K->8618K(26112K), 0.0004150 secs] [Times: user=0.01 sys=0.00, real=0.00 secs] 
24.162: Total time for which application threads were stopped: 0.0005130 seconds, Stopping threads took: 0.0000450 seconds
24.203: Application time: 0.0407080 seconds
24.203: [GC [PSYoungGen: 7680K->512K(8192K)] 15786K->8618K(26112K), 0.0004200 secs] [Times: user=0.00 sys=0.00, real=0.00 secs] 
24.203: Total time for which application threads were stopped: 0.0005180 seconds, Stopping threads took: 0.0000460 seconds
24.244: Application time: 0.0404670 seconds
24.244: [GC [PSYoungGen: 7680K->528K(8192K)] 15786K->8634K(26112K), 0.0004290 secs] [Times: user=0.01 sys=0.00, real=0.00 secs] 
24.244: Total time for which application threads were stopped: 0.0005430 seconds, Stopping threads took: 0.0000600 seconds
24.285: Application time: 0.0402190 seconds
24.285: [GC [PSYoungGen: 7696K->496K(8192K)] 15802K->8602K(26112K), 0.0004190 secs] [Times: user=0.00 sys=0.00, real=0.00 secs] 
24.285: Total time for which application threads were stopped: 0.0005380 seconds, Stopping threads took: 0.0000510 seconds
24.326: Application time: 0.0404420 seconds
24.326: [GC [PSYoungGen: 7664K->512K(8192K)] 15770K->8618K(26112K), 0.0004770 secs] [Times: user=0.01 sys=0.00, real=0.00 secs] 
24.326: Total time for which application threads were stopped: 0.0005800 seconds, Stopping threads took: 0.0000490 seconds
24.367: Application time: 0.0405360 seconds
24.367: [GC [PSYoungGen: 7680K->512K(8192K)] 15786K->8618K(26112K), 0.0004700 secs] [Times: user=0.00 sys=0.00, real=0.00 secs] 
24.367: Total time for which application threads were stopped: 0.0005730 seconds, Stopping threads took: 0.0000480 seconds
24.408: Application time: 0.0403150 seconds
24.408: [GC [PSYoungGen: 7680K->496K(8192K)] 15786K->8602K(26112K), 0.0004440 secs] [Times: user=0.00 sys=0.00, real=0.00 secs] 
24.408: Total time for which application threads were stopped: 0.0005500 seconds, Stopping threads took: 0.0000530 seconds
24.448: Application time: 0.0398610 seconds
24.448: [GC [PSYoungGen: 7664K->528K(8192K)] 15770K->8634K(26112K), 0.0004120 secs] [Times: user=0.00 sys=0.00, real=0.00 secs] 
24.449: Total time for which application threads were stopped: 0.0005070 seconds, Stopping threads took: 0.0000410 seconds
24.489: Application time: 0.0402690 seconds
24.489: [GC [PSYoungGen: 7696K->512K(8192K)] 15802K->8618K(26112K), 0.0004290 secs] [Times: user=0.01 sys=0.00, real=0.01 secs] 
24.489: Total time for which application threads were stopped: 0.0005200 seconds, Stopping threads took: 0.0000360 seconds
24.530: Application time: 0.0402150 seconds
24.530: [GC [PSYoungGen: 7680K->512K(8192K)] 15786K->8618K(26112K), 0.0004670 secs] [Times: user=0.00 sys=0.00, real=0.00 secs] 
24.530: Total time for which application threads were stopped: 0.0005630 seconds, Stopping threads took: 0.0000400 seconds
24.571: Application time: 0.0404750 seconds
24.571: [GC [PSYoungGen: 7680K->464K(8192K)] 15786K->8634K(26112K), 0.0004390 secs] [Times: user=0.01 sys=0.00, real=0.00 secs] 
24.571: Total time for which application threads were stopped: 0.0005350 seconds, Stopping threads took: 0.0000430 seconds
24.611: Application time: 0.0402550 seconds
24.611: [GC [PSYoungGen: 7632K->464K(8192K)] 15802K->8690K(26112K), 0.0004870 secs] [Times: user=0.00 sys=0.00, real=0.00 secs] 
24.612: Total time for which application threads were stopped: 0.0005790 seconds, Stopping threads took: 0.0000420 seconds
24.653: Application time: 0.0408810 seconds
24.653: [GC [PSYoungGen: 7632K->272K(8192K)] 15858K->8679K(26112K), 0.0004560 secs] [Times: user=0.01 sys=0.00, real=0.00 secs] 
24.653: Total time for which application threads were stopped: 0.0005790 seconds, Stopping threads took: 0.0000620 seconds
24.694: Application time: 0.0405560 seconds
24.694: [GC [PSYoungGen: 7440K->256K(8192K)] 15847K->8727K(26112K), 0.0004030 secs] [Times: user=0.00 sys=0.00, real=0.00 secs] 
24.694: Total time for which application threads were stopped: 0.0005150 seconds, Stopping threads took: 0.0000560 seconds
24.735: Application time: 0.0405990 seconds
24.735: [GC [PSYoungGen: 7424K->256K(8192K)] 15895K->8727K(26112K), 0.0004320 secs] [Times: user=0.00 sys=0.00, real=0.00 secs] 
24.736: Total time for which application threads were stopped: 0.0005380 seconds, Stopping threads took: 0.0000490 seconds
24.775: Application time: 0.0397880 seconds
24.776: [GC [PSYoungGen: 7424K->240K(8192K)] 15895K->8711K(26112K), 0.0004310 secs] [Times: user=0.00 sys=0.00, real=0.00 secs] 
24.777: Total time for which application threads were stopped: 0.0016000 seconds, Stopping threads took: 0.0000480 seconds
24.817: Application time: 0.0397810 seconds
24.817: [GC [PSYoungGen: 7408K->288K(8192K)] 15879K->8759K(26112K), 0.0004130 secs] [Times: user=0.00 sys=0.00, real=0.00 secs] 
24.817: Total time for which application threads were stopped: 0.0005210 seconds, Stopping threads took: 0.0000470 seconds
24.854: Application time: 0.0369620 seconds
24.854: [GC [PSYoungGen: 7456K->480K(8192K)] 15927K->8951K(26112K), 0.0004280 secs] [Times: user=0.00 sys=0.00, real=0.00 secs] 
24.855: Total time for which application threads were stopped: 0.0005250 seconds, Stopping threads took: 0.0000440 seconds
24.895: Application time: 0.0404180 seconds
24.895: [GC [PSYoungGen: 7648K->496K(8192K)] 16119K->8967K(26112K), 0.0004360 secs] [Times: user=0.01 sys=0.00, real=0.00 secs] 
24.896: Total time for which application threads were stopped: 0.0005350 seconds, Stopping threads took: 0.0000460 seconds
24.936: Application time: 0.0405690 seconds
24.936: [GC [PSYoungGen: 7664K->528K(8192K)] 16135K->8999K(26112K), 0.0004210 secs] [Times: user=0.00 sys=0.00, real=0.00 secs] 
24.937: Total time for which application threads were stopped: 0.0005230 seconds, Stopping threads took: 0.0000490 seconds
24.977: Application time: 0.0403110 seconds
24.977: [GC [PSYoungGen: 7696K->528K(8192K)] 16167K->8999K(26112K), 0.0004250 secs] [Times: user=0.00 sys=0.00, real=0.00 secs] 
24.978: Total time for which application threads were stopped: 0.0005290 seconds, Stopping threads took: 0.0000520 seconds
25.018: Application time: 0.0402780 seconds
25.018: [GC [PSYoungGen: 7696K->512K(8192K)] 16167K->8983K(26112K), 0.0004300 secs] [Times: user=0.01 sys=0.00, real=0.00 secs] 
25.019: Total time for which application threads were stopped: 0.0005370 seconds, Stopping threads took: 0.0000530 seconds
25.059: Application time: 0.0404740 seconds
25.061: [GC [PSYoungGen: 7680K->480K(8192K)] 16151K->8951K(26112K), 0.0004230 secs] [Times: user=0.00 sys=0.00, real=0.00 secs] 
25.061: Total time for which application threads were stopped: 0.0024890 seconds, Stopping threads took: 0.0020120 seconds
25.102: Application time: 0.0403800 seconds
25.102: [GC [PSYoungGen: 7648K->480K(8192K)] 16119K->8951K(26112K), 0.0004200 secs] [Times: user=0.00 sys=0.00, real=0.00 secs] 
25.102: Total time for which application threads were stopped: 0.0005230 seconds, Stopping threads took: 0.0000490 seconds
25.143: Application time: 0.0404080 seconds
25.143: [GC [PSYoungGen: 7648K->512K(8192K)] 16119K->8983K(26112K), 0.0004210 secs] [Times: user=0.00 sys=0.00, real=0.00 secs] 
25.143: Total time for which application threads were stopped: 0.0005270 seconds, Stopping threads took: 0.0000510 seconds
25.184: Application time: 0.0401950 seconds
25.184: [GC [PSYoungGen: 7680K->480K(8192K)] 16151K->8951K(26112K), 0.0004180 secs] [Times: user=0.00 sys=0.00, real=0.00 secs] 
25.184: Total time for which application threads were stopped: 0.0005210 seconds, Stopping threads took: 0.0000500 seconds
25.224: Application time: 0.0403370 seconds
25.224: [GC [PSYoungGen: 7648K->448K(8192K)] 16119K->8919K(26112K), 0.0004190 secs] [Times: user=0.00 sys=0.00, real=0.00 secs] 
25.225: Total time for which application threads were stopped: 0.0005200 seconds, Stopping threads took: 0.0000460 seconds
25.265: Application time: 0.0399810 seconds
25.265: [GC [PSYoungGen: 7616K->496K(8192K)] 16087K->8967K(26112K), 0.0004550 secs] [Times: user=0.00 sys=0.00, real=0.00 secs] 
25.265: Total time for which application threads were stopped: 0.0005530 seconds, Stopping threads took: 0.0000430 seconds
25.306: Application time: 0.0402620 seconds
25.306: [GC [PSYoungGen: 7664K->496K(8192K)] 16135K->8967K(26112K), 0.0004150 secs] [Times: user=0.00 sys=0.00, real=0.00 secs] 
25.306: Total time for which application threads were stopped: 0.0005100 seconds, Stopping threads took: 0.0000420 seconds
25.347: Application time: 0.0402930 seconds
25.347: [GC [PSYoungGen: 7664K->480K(8192K)] 16135K->8951K(26112K), 0.0004230 secs] [Times: user=0.00 sys=0.00, real=0.00 secs] 
25.347: Total time for which application threads were stopped: 0.0005260 seconds, Stopping threads took: 0.0000380 seconds
25.387: Application time: 0.0402370 seconds
25.387: [GC [PSYoungGen: 7648K->448K(8192K)] 16119K->8975K(26112K), 0.0004550 secs] [Times: user=0.00 sys=0.00, real=0.00 secs] 
25.388: Total time for which application threads were stopped: 0.0005520 seconds, Stopping threads took: 0.0000430 seconds
25.428: Application time: 0.0402430 seconds
25.428: [GC [PSYoungGen: 7616K->400K(8192K)] 16143K->8983K(26112K), 0.0004080 secs] [Times: user=0.01 sys=0.00, real=0.00 secs] 
25.429: Total time for which application threads were stopped: 0.0004980 seconds, Stopping threads took: 0.0000360 seconds
25.469: Application time: 0.0402890 seconds
25.469: [GC [PSYoungGen: 7568K->256K(8192K)] 16151K->9039K(26112K), 0.0004120 secs] [Times: user=0.00 sys=0.00, real=0.01 secs] 
25.469: Total time for which application threads were stopped: 0.0005200 seconds, Stopping threads took: 0.0000530 seconds
25.510: Application time: 0.0407980 seconds
25.510: [GC [PSYoungGen: 7424K->240K(8192K)] 16207K->9023K(26112K), 0.0003870 secs] [Times: user=0.00 sys=0.00, real=0.00 secs] 
25.511: Total time for which application threads were stopped: 0.0004820 seconds, Stopping threads took: 0.0000440 seconds
25.551: Application time: 0.0403790 seconds
25.551: [GC [PSYoungGen: 7408K->256K(8192K)] 16191K->9039K(26112K), 0.0003670 secs] [Times: user=0.00 sys=0.00, real=0.00 secs] 
25.552: Total time for which application threads were stopped: 0.0004670 seconds, Stopping threads took: 0.0000480 seconds
25.592: Application time: 0.0400540 seconds
25.592: [GC [PSYoungGen: 7424K->272K(8192K)] 16207K->9055K(26112K), 0.0003960 secs] [Times: user=0.00 sys=0.00, real=0.00 secs] 
25.592: Total time for which application threads were stopped: 0.0004840 seconds, Stopping threads took: 0.0000360 seconds
25.631: Application time: 0.0386440 seconds
25.631: [GC [PSYoungGen: 7440K->384K(8192K)] 16223K->9167K(26112K), 0.0004020 secs] [Times: user=0.00 sys=0.00, real=0.00 secs] 
25.631: Total time for which application threads were stopped: 0.0004930 seconds, Stopping threads took: 0.0000370 seconds
25.670: Application time: 0.0388370 seconds
25.670: [GC [PSYoungGen: 7552K->512K(8192K)] 16335K->9295K(26112K), 0.0004660 secs] [Times: user=0.00 sys=0.00, real=0.00 secs] 
25.671: Total time for which application threads were stopped: 0.0005710 seconds, Stopping threads took: 0.0000440 seconds
25.711: Application time: 0.0403680 seconds
25.711: [GC [PSYoungGen: 7680K->480K(8192K)] 16463K->9263K(26112K), 0.0004320 secs] [Times: user=0.00 sys=0.00, real=0.00 secs] 
25.712: Total time for which application threads were stopped: 0.0005400 seconds, Stopping threads took: 0.0000510 seconds
25.752: Application time: 0.0408220 seconds
25.752: [GC [PSYoungGen: 7648K->512K(8192K)] 16431K->9295K(26112K), 0.0004360 secs] [Times: user=0.01 sys=0.00, real=0.00 secs] 
25.753: Total time for which application threads were stopped: 0.0005460 seconds, Stopping threads took: 0.0000540 seconds
25.793: Application time: 0.0404960 seconds
25.793: [GC [PSYoungGen: 7680K->512K(8192K)] 16463K->9295K(26112K), 0.0004300 secs] [Times: user=0.00 sys=0.00, real=0.00 secs] 
25.794: Total time for which application threads were stopped: 0.0005430 seconds, Stopping threads took: 0.0000500 seconds
25.834: Application time: 0.0402890 seconds
25.834: [GC [PSYoungGen: 7680K->512K(8192K)] 16463K->9295K(26112K), 0.0004350 secs] [Times: user=0.01 sys=0.00, real=0.00 secs] 
25.835: Total time for which application threads were stopped: 0.0005360 seconds, Stopping threads took: 0.0000480 seconds
25.875: Application time: 0.0403420 seconds
25.875: [GC [PSYoungGen: 7680K->496K(8192K)] 16463K->9287K(26112K), 0.0005200 secs] [Times: user=0.00 sys=0.00, real=0.00 secs] 
25.876: Total time for which application threads were stopped: 0.0006330 seconds, Stopping threads took: 0.0000520 seconds
25.916: Application time: 0.0403890 seconds
25.916: [GC [PSYoungGen: 7664K->528K(8192K)] 16455K->9319K(26112K), 0.0004190 secs] [Times: user=0.00 sys=0.00, real=0.00 secs] 
25.917: Total time for which application threads were stopped: 0.0005330 seconds, Stopping threads took: 0.0000570 seconds
25.957: Application time: 0.0402350 seconds
25.957: [GC [PSYoungGen: 7696K->480K(8192K)] 16487K->9271K(26112K), 0.0005220 secs] [Times: user=0.00 sys=0.00, real=0.00 secs] 
25.958: Total time for which application threads were stopped: 0.0006250 seconds, Stopping threads took: 0.0000480 seconds
25.998: Application time: 0.0403410 seconds
25.998: [GC [PSYoungGen: 7648K->496K(8192K)] 16439K->9287K(26112K), 0.0004370 secs] [Times: user=0.00 sys=0.00, real=0.00 secs] 
25.998: Total time for which application threads were stopped: 0.0005330 seconds, Stopping threads took: 0.0000430 seconds
26.038: Application time: 0.0398690 seconds
26.038: [GC [PSYoungGen: 7664K->512K(8192K)] 16455K->9303K(26112K), 0.0004280 secs] [Times: user=0.00 sys=0.00, real=0.00 secs] 
26.039: Total time for which application threads were stopped: 0.0005260 seconds, Stopping threads took: 0.0000430 seconds
26.079: Application time: 0.0402280 seconds
26.079: [GC [PSYoungGen: 7680K->512K(8192K)] 16471K->9303K(26112K), 0.0004740 secs] [Times: user=0.00 sys=0.00, real=0.00 secs] 
26.080: Total time for which application threads were stopped: 0.0005670 seconds, Stopping threads took: 0.0000400 seconds
26.120: Application time: 0.0405770 seconds
26.120: [GC [PSYoungGen: 7680K->528K(8192K)] 16471K->9319K(26112K), 0.0004320 secs] [Times: user=0.00 sys=0.00, real=0.00 secs] 
26.121: Total time for which application threads were stopped: 0.0005390 seconds, Stopping threads took: 0.0000540 seconds
26.161: Application time: 0.0403030 seconds
26.161: [GC [PSYoungGen: 7696K->528K(8192K)] 16487K->9319K(26112K), 0.0004880 secs] [Times: user=0.00 sys=0.00, real=0.00 secs] 
26.162: Total time for which application threads were stopped: 0.0005850 seconds, Stopping threads took: 0.0000420 seconds
26.202: Application time: 0.0402740 seconds
26.202: [GC [PSYoungGen: 7696K->432K(8192K)] 16487K->9279K(26112K), 0.0004200 secs] [Times: user=0.00 sys=0.00, real=0.00 secs] 
26.202: Total time for which application threads were stopped: 0.0005130 seconds, Stopping threads took: 0.0000420 seconds
26.243: Application time: 0.0403320 seconds
26.243: [GC [PSYoungGen: 7600K->320K(8192K)] 16447K->9319K(26112K), 0.0004240 secs] [Times: user=0.00 sys=0.00, real=0.00 secs] 
26.243: Total time for which application threads were stopped: 0.0005180 seconds, Stopping threads took: 0.0000380 seconds
26.284: Application time: 0.0405210 seconds
26.284: [GC [PSYoungGen: 7488K->256K(8192K)] 16487K->9391K(26112K), 0.0003980 secs] [Times: user=0.00 sys=0.00, real=0.00 secs] 
26.284: Total time for which application threads were stopped: 0.0004870 seconds, Stopping threads took: 0.0000390 seconds
26.324: Application time: 0.0402320 seconds
26.325: [GC [PSYoungGen: 7424K->224K(8192K)] 16559K->9359K(26112K), 0.0003870 secs] [Times: user=0.00 sys=0.00, real=0.00 secs] 
26.325: Total time for which application threads were stopped: 0.0004910 seconds, Stopping threads took: 0.0000470 seconds
26.365: Application time: 0.0397590 seconds
26.365: [GC [PSYoungGen: 7392K->272K(8192K)] 16527K->9407K(26112K), 0.0003880 secs] [Times: user=0.00 sys=0.00, real=0.00 secs] 
26.365: Total time for which application threads were stopped: 0.0004890 seconds, Stopping threads took: 0.0000370 seconds
26.406: Application time: 0.0405650 seconds
26.406: [GC [PSYoungGen: 7440K->272K(8192K)] 16575K->9407K(26112K), 0.0003850 secs] [Times: user=0.00 sys=0.00, real=0.00 secs] 
26.406: Total time for which application threads were stopped: 0.0004930 seconds, Stopping threads took: 0.0000420 seconds
26.445: Application time: 0.0384290 seconds
26.445: [GC [PSYoungGen: 7440K->432K(8192K)] 16575K->9567K(26112K), 0.0004000 secs] [Times: user=0.00 sys=0.00, real=0.00 secs] 
26.445: Total time for which application threads were stopped: 0.0005000 seconds, Stopping threads took: 0.0000460 seconds
26.484: Application time: 0.0389330 seconds
26.484: [GC [PSYoungGen: 7600K->496K(8192K)] 16735K->9631K(26112K), 0.0004320 secs] [Times: user=0.00 sys=0.00, real=0.00 secs] 
26.485: Total time for which application threads were stopped: 0.0005340 seconds, Stopping threads took: 0.0000480 seconds
26.525: Application time: 0.0403790 seconds
26.525: [GC [PSYoungGen: 7664K->512K(8192K)] 16799K->9647K(26112K), 0.0004260 secs] [Times: user=0.00 sys=0.00, real=0.00 secs] 
26.526: Total time for which application threads were stopped: 0.0005220 seconds, Stopping threads took: 0.0000440 seconds
26.567: Application time: 0.0409620 seconds
26.567: [GC [PSYoungGen: 7680K->448K(8192K)] 16815K->9583K(26112K), 0.0004240 secs] [Times: user=0.01 sys=0.00, real=0.00 secs] 
26.567: Total time for which application threads were stopped: 0.0005190 seconds, Stopping threads took: 0.0000410 seconds
26.607: Application time: 0.0403070 seconds
26.607: [GC [PSYoungGen: 7616K->464K(8192K)] 16751K->9599K(26112K), 0.0004230 secs] [Times: user=0.00 sys=0.00, real=0.00 secs] 
26.608: Total time for which application threads were stopped: 0.0005150 seconds, Stopping threads took: 0.0000400 seconds
26.649: Application time: 0.0411420 seconds
26.649: [GC [PSYoungGen: 7632K->512K(8192K)] 16767K->9647K(26112K), 0.0004980 secs] [Times: user=0.00 sys=0.00, real=0.00 secs] 
26.650: Total time for which application threads were stopped: 0.0006210 seconds, Stopping threads took: 0.0000620 seconds
26.690: Application time: 0.0402350 seconds
26.690: [GC [PSYoungGen: 7680K->464K(8192K)] 16815K->9599K(26112K), 0.0004990 secs] [Times: user=0.00 sys=0.00, real=0.00 secs] 
26.691: Total time for which application threads were stopped: 0.0005980 seconds, Stopping threads took: 0.0000450 seconds
26.731: Application time: 0.0402090 seconds
26.731: [GC [PSYoungGen: 7632K->496K(8192K)] 16767K->9631K(26112K), 0.0004270 secs] [Times: user=0.00 sys=0.00, real=0.00 secs] 
26.731: Total time for which application threads were stopped: 0.0005310 seconds, Stopping threads took: 0.0000500 seconds
26.771: Application time: 0.0401670 seconds
26.772: [GC [PSYoungGen: 7664K->528K(8192K)] 16799K->9663K(26112K), 0.0004300 secs] [Times: user=0.01 sys=0.00, real=0.00 secs] 
26.772: Total time for which application threads were stopped: 0.0005330 seconds, Stopping threads took: 0.0000490 seconds
26.813: Application time: 0.0406370 seconds
26.813: [GC [PSYoungGen: 7696K->512K(8192K)] 16831K->9647K(26112K), 0.0004560 secs] [Times: user=0.00 sys=0.00, real=0.00 secs] 
26.813: Total time for which application threads were stopped: 0.0005760 seconds, Stopping threads took: 0.0000640 seconds
26.853: Application time: 0.0399480 seconds
26.853: [GC [PSYoungGen: 7680K->528K(8192K)] 16815K->9663K(26112K), 0.0004640 secs] [Times: user=0.00 sys=0.00, real=0.00 secs] 
26.854: Total time for which application threads were stopped: 0.0005620 seconds, Stopping threads took: 0.0000450 seconds
26.894: Application time: 0.0401530 seconds
26.894: [GC [PSYoungGen: 7696K->512K(8192K)] 16831K->9647K(26112K), 0.0004180 secs] [Times: user=0.00 sys=0.00, real=0.00 secs] 
26.894: Total time for which application threads were stopped: 0.0005090 seconds, Stopping threads took: 0.0000390 seconds
26.935: Application time: 0.0403380 seconds
26.935: [GC [PSYoungGen: 7680K->512K(8192K)] 16815K->9647K(26112K), 0.0004280 secs] [Times: user=0.01 sys=0.00, real=0.00 secs] 
26.935: Total time for which application threads were stopped: 0.0005280 seconds, Stopping threads took: 0.0000380 seconds
26.976: Application time: 0.0403360 seconds
26.976: [GC [PSYoungGen: 7680K->480K(8192K)] 16815K->9671K(26112K), 0.0004640 secs] [Times: user=0.00 sys=0.00, real=0.00 secs] 
26.976: Total time for which application threads were stopped: 0.0005560 seconds, Stopping threads took: 0.0000390 seconds
27.017: Application time: 0.0404690 seconds
27.017: [GC [PSYoungGen: 7648K->464K(8192K)] 16839K->9655K(26112K), 0.0004550 secs] [Times: user=0.00 sys=0.00, real=0.00 secs] 
27.017: Total time for which application threads were stopped: 0.0005750 seconds, Stopping threads took: 0.0000640 seconds
27.058: Application time: 0.0405090 seconds
27.058: [GC [PSYoungGen: 7632K->336K(8192K)] 16823K->9679K(26112K), 0.0004270 secs] [Times: user=0.00 sys=0.00, real=0.00 secs] 
27.058: Total time for which application threads were stopped: 0.0005290 seconds, Stopping threads took: 0.0000490 seconds
27.098: Application time: 0.0402380 seconds
27.099: [GC [PSYoungGen: 7504K->256K(8192K)] 16847K->9727K(26112K), 0.0003880 secs] [Times: user=0.00 sys=0.00, real=0.00 secs] 
27.099: Total time for which application threads were stopped: 0.0004830 seconds, Stopping threads took: 0.0000430 seconds
27.139: Application time: 0.0404500 seconds
27.139: [GC [PSYoungGen: 7424K->224K(8192K)] 16895K->9695K(26112K), 0.0004240 secs] [Times: user=0.00 sys=0.00, real=0.00 secs] 
27.140: Total time for which application threads were stopped: 0.0005300 seconds, Stopping threads took: 0.0000550 seconds
27.180: Application time: 0.0398530 seconds
27.180: [GC [PSYoungGen: 7392K->304K(8192K)] 16863K->9775K(26112K), 0.0003740 secs] [Times: user=0.00 sys=0.00, real=0.00 secs] 
27.180: Total time for which application threads were stopped: 0.0004690 seconds, Stopping threads took: 0.0000420 seconds
27.220: Application time: 0.0396760 seconds
27.220: [GC [PSYoungGen: 7472K->320K(8192K)] 16943K->9791K(26112K), 0.0003600 secs] [Times: user=0.01 sys=0.00, real=0.00 secs] 
27.220: Total time for which application threads were stopped: 0.0004660 seconds, Stopping threads took: 0.0000520 seconds
27.258: Application time: 0.0378650 seconds
27.258: [GC [PSYoungGen: 7488K->448K(8192K)] 16959K->9919K(26112K), 0.0004030 secs] [Times: user=0.00 sys=0.00, real=0.00 secs] 
27.259: Total time for which application threads were stopped: 0.0005110 seconds, Stopping threads took: 0.0000520 seconds
27.298: Application time: 0.0396870 seconds
27.299: [GC [PSYoungGen: 7616K->512K(8192K)] 17087K->9983K(26112K), 0.0004320 secs] [Times: user=0.00 sys=0.00, real=0.00 secs] 
27.299: Total time for which application threads were stopped: 0.0005390 seconds, Stopping threads took: 0.0000550 seconds
27.339: Application time: 0.0403200 seconds
27.339: [GC [PSYoungGen: 7680K->544K(8192K)] 17151K->10015K(26112K), 0.0004260 secs] [Times: user=0.01 sys=0.00, real=0.00 secs] 
27.340: Total time for which application threads were stopped: 0.0005220 seconds, Stopping threads took: 0.0000430 seconds
27.380: Application time: 0.0403800 seconds
27.380: [GC [PSYoungGen: 7712K->544K(8192K)] 17183K->10015K(26112K), 0.0004210 secs] [Times: user=0.00 sys=0.00, real=0.00 secs] 
27.381: Total time for which application threads were stopped: 0.0005180 seconds, Stopping threads took: 0.0000450 seconds
27.421: Application time: 0.0402530 seconds
27.421: [GC [PSYoungGen: 7712K->480K(8192K)] 17183K->9951K(26112K), 0.0004520 secs] [Times: user=0.00 sys=0.00, real=0.00 secs] 
27.422: Total time for which application threads were stopped: 0.0005540 seconds, Stopping threads took: 0.0000490 seconds
27.462: Application time: 0.0403970 seconds
27.462: [GC [PSYoungGen: 7648K->528K(8192K)] 17119K->9999K(26112K), 0.0004180 secs] [Times: user=0.00 sys=0.00, real=0.00 secs] 
27.462: Total time for which application threads were stopped: 0.0005230 seconds, Stopping threads took: 0.0000460 seconds
27.503: Application time: 0.0403000 seconds
27.503: [GC [PSYoungGen: 7696K->528K(8192K)] 17167K->9999K(26112K), 0.0004340 secs] [Times: user=0.00 sys=0.00, real=0.00 secs] 
27.503: Total time for which application threads were stopped: 0.0005530 seconds, Stopping threads took: 0.0000650 seconds
27.544: Application time: 0.0410280 seconds
27.544: [GC [PSYoungGen: 7696K->528K(8192K)] 17167K->9999K(26112K), 0.0004200 secs] [Times: user=0.00 sys=0.00, real=0.00 secs] 
27.545: Total time for which application threads were stopped: 0.0005250 seconds, Stopping threads took: 0.0000530 seconds
27.585: Application time: 0.0402750 seconds
27.585: [GC [PSYoungGen: 7696K->512K(8192K)] 17167K->9983K(26112K), 0.0004260 secs] [Times: user=0.00 sys=0.00, real=0.00 secs] 
27.586: Total time for which application threads were stopped: 0.0005250 seconds, Stopping threads took: 0.0000460 seconds
27.626: Application time: 0.0402860 seconds
27.626: [GC [PSYoungGen: 7680K->496K(8192K)] 17151K->9967K(26112K), 0.0004600 secs] [Times: user=0.00 sys=0.00, real=0.00 secs] 
27.627: Total time for which application threads were stopped: 0.0005580 seconds, Stopping threads took: 0.0000450 seconds
27.667: Application time: 0.0401430 seconds
27.667: [GC [PSYoungGen: 7664K->496K(8192K)] 17135K->9967K(26112K), 0.0005340 secs] [Times: user=0.00 sys=0.00, real=0.00 secs] 
27.667: Total time for which application threads were stopped: 0.0006520 seconds, Stopping threads took: 0.0000590 seconds
27.708: Application time: 0.0403610 seconds
27.708: [GC [PSYoungGen: 7664K->480K(8192K)] 17135K->9951K(26112K), 0.0004160 secs] [Times: user=0.01 sys=0.00, real=0.00 secs] 
27.708: Total time for which application threads were stopped: 0.0005100 seconds, Stopping threads took: 0.0000380 seconds
27.748: Application time: 0.0402540 seconds
27.749: [GC [PSYoungGen: 7648K->512K(8192K)] 17119K->9983K(26112K), 0.0004320 secs] [Times: user=0.00 sys=0.00, real=0.00 secs] 
27.749: Total time for which application threads were stopped: 0.0005320 seconds, Stopping threads took: 0.0000450 seconds
27.789: Application time: 0.0402860 seconds
27.789: [GC [PSYoungGen: 7680K->512K(8192K)] 17151K->10023K(26112K), 0.0004670 secs] [Times: user=0.00 sys=0.00, real=0.00 secs] 
27.790: Total time for which application threads were stopped: 0.0005670 seconds, Stopping threads took: 0.0000490 seconds
27.830: Application time: 0.0402760 seconds
27.830: [GC [PSYoungGen: 7680K->448K(8192K)] 17191K->10016K(26112K), 0.0004010 secs] [Times: user=0.00 sys=0.00, real=0.00 secs] 
27.831: Total time for which application threads were stopped: 0.0004990 seconds, Stopping threads took: 0.0000460 seconds
27.871: Application time: 0.0405990 seconds
27.871: [GC [PSYoungGen: 7616K->256K(8192K)] 17184K->10004K(26112K), 0.0004290 secs] [Times: user=0.00 sys=0.00, real=0.00 secs] 
27.872: Total time for which application threads were stopped: 0.0005280 seconds, Stopping threads took: 0.0000450 seconds
27.912: Application time: 0.0402170 seconds
27.912: [GC [PSYoungGen: 7424K->240K(8192K)] 17172K->10052K(26112K), 0.0004040 secs] [Times: user=0.00 sys=0.00, real=0.00 secs] 
27.912: Total time for which application threads were stopped: 0.0005020 seconds, Stopping threads took: 0.0000450 seconds
27.953: Application time: 0.0402540 seconds
27.953: [GC [PSYoungGen: 7408K->256K(8192K)] 17220K->10068K(26112K), 0.0003820 secs] [Times: user=0.00 sys=0.00, real=0.00 secs] 
27.953: Total time for which application threads were stopped: 0.0004830 seconds, Stopping threads took: 0.0000480 seconds
27.993: Application time: 0.0395350 seconds
27.993: [GC [PSYoungGen: 7424K->272K(8192K)] 17236K->10084K(26112K), 0.0003820 secs] [Times: user=0.00 sys=0.00, real=0.00 secs] 
27.993: Total time for which application threads were stopped: 0.0004810 seconds, Stopping threads took: 0.0000380 seconds
28.034: Application time: 0.0403480 seconds
28.034: [GC [PSYoungGen: 7440K->272K(8192K)] 17252K->10084K(26112K), 0.0003780 secs] [Times: user=0.00 sys=0.00, real=0.00 secs] 
28.034: Total time for which application threads were stopped: 0.0004780 seconds, Stopping threads took: 0.0000440 seconds
28.071: Application time: 0.0370610 seconds
28.071: [GC [PSYoungGen: 7440K->528K(8192K)] 17252K->10340K(26112K), 0.0004320 secs] [Times: user=0.01 sys=0.00, real=0.00 secs] 
28.072: Total time for which application threads were stopped: 0.0005420 seconds, Stopping threads took: 0.0000540 seconds
28.112: Application time: 0.0401600 seconds
28.112: [GC [PSYoungGen: 7696K->480K(8192K)] 17508K->10292K(26112K), 0.0004970 secs] [Times: user=0.00 sys=0.00, real=0.00 secs] 
28.112: Total time for which application threads were stopped: 0.0005950 seconds, Stopping threads took: 0.0000460 seconds
28.153: Application time: 0.0404080 seconds
28.153: [GC [PSYoungGen: 7648K->544K(8192K)] 17460K->10356K(26112K), 0.0004360 secs] [Times: user=0.00 sys=0.00, real=0.00 secs] 
28.153: Total time for which application threads were stopped: 0.0005330 seconds, Stopping threads took: 0.0000430 seconds
28.194: Application time: 0.0406200 seconds
28.194: [GC [PSYoungGen: 7712K->496K(8192K)] 17524K->10308K(26112K), 0.0004510 secs] [Times: user=0.01 sys=0.00, real=0.00 secs] 
28.195: Total time for which application threads were stopped: 0.0005470 seconds, Stopping threads took: 0.0000430 seconds
28.235: Application time: 0.0409120 seconds
28.236: [GC [PSYoungGen: 7664K->544K(8192K)] 17476K->10356K(26112K), 0.0004090 secs] [Times: user=0.00 sys=0.00, real=0.00 secs] 
28.236: Total time for which application threads were stopped: 0.0005060 seconds, Stopping threads took: 0.0000490 seconds
28.276: Application time: 0.0405080 seconds
28.277: [GC [PSYoungGen: 7712K->512K(8192K)] 17524K->10324K(26112K), 0.0004660 secs] [Times: user=0.00 sys=0.00, real=0.00 secs] 
28.277: Total time for which application threads were stopped: 0.0005680 seconds, Stopping threads took: 0.0000510 seconds
28.318: Application time: 0.0405660 seconds
28.318: [GC [PSYoungGen: 7680K->496K(8192K)] 17492K->10308K(26112K), 0.0004660 secs] [Times: user=0.00 sys=0.00, real=0.00 secs] 
28.318: Total time for which application threads were stopped: 0.0005690 seconds, Stopping threads took: 0.0000510 seconds
28.358: Application time: 0.0403140 seconds
28.359: [GC [PSYoungGen: 7664K->496K(8192K)] 17476K->10308K(26112K), 0.0004280 secs] [Times: user=0.00 sys=0.00, real=0.00 secs] 
28.359: Total time for which application threads were stopped: 0.0005210 seconds, Stopping threads took: 0.0000380 seconds
28.399: Application time: 0.0403470 seconds
28.399: [GC [PSYoungGen: 7664K->528K(8192K)] 17476K->10340K(26112K), 0.0004240 secs] [Times: user=0.00 sys=0.00, real=0.00 secs] 
28.400: Total time for which application threads were stopped: 0.0005300 seconds, Stopping threads took: 0.0000540 seconds
28.440: Application time: 0.0402840 seconds
28.440: [GC [PSYoungGen: 7696K->480K(8192K)] 17508K->10292K(26112K), 0.0004290 secs] [Times: user=0.01 sys=0.00, real=0.00 secs] 
28.441: Total time for which application threads were stopped: 0.0005260 seconds, Stopping threads took: 0.0000450 seconds
28.481: Application time: 0.0401920 seconds
28.481: [GC [PSYoungGen: 7648K->512K(8192K)] 17460K->10324K(26112K), 0.0004460 secs] [Times: user=0.00 sys=0.00, real=0.01 secs] 
28.481: Total time for which application threads were stopped: 0.0005530 seconds, Stopping threads took: 0.0000530 seconds
28.522: Application time: 0.0403440 seconds
28.522: [GC [PSYoungGen: 7680K->480K(8192K)] 17492K->10292K(26112K), 0.0004900 secs] [Times: user=0.00 sys=0.00, real=0.00 secs] 
28.522: Total time for which application threads were stopped: 0.0006090 seconds, Stopping threads took: 0.0000550 seconds
28.563: Application time: 0.0402530 seconds
28.565: [GC [PSYoungGen: 7648K->480K(8192K)] 17460K->10292K(26112K), 0.0004360 secs] [Times: user=0.00 sys=0.00, real=0.00 secs] 
28.566: Total time for which application threads were stopped: 0.0028610 seconds, Stopping threads took: 0.0023690 seconds
28.606: Application time: 0.0403050 seconds
28.606: [GC [PSYoungGen: 7648K->464K(8192K)] 17460K->10332K(26112K), 0.0004310 secs] [Times: user=0.00 sys=0.00, real=0.00 secs] 
28.606: Total time for which application threads were stopped: 0.0005260 seconds, Stopping threads took: 0.0000330 seconds
28.647: Application time: 0.0411350 seconds
28.648: [GC [PSYoungGen: 7632K->416K(8192K)] 17500K->10340K(26112K), 0.0004790 secs] [Times: user=0.00 sys=0.00, real=0.00 secs] 
28.648: Total time for which application threads were stopped: 0.0005970 seconds, Stopping threads took: 0.0000560 seconds
28.688: Application time: 0.0402680 seconds
28.688: [GC [PSYoungGen: 7584K->256K(8192K)] 17508K->10392K(26112K), 0.0004070 secs] [Times: user=0.00 sys=0.00, real=0.00 secs] 
28.689: Total time for which application threads were stopped: 0.0005170 seconds, Stopping threads took: 0.0000480 seconds
28.729: Application time: 0.0403040 seconds
28.729: [GC [PSYoungGen: 7424K->256K(8192K)] 17560K->10392K(26112K), 0.0003820 secs] [Times: user=0.01 sys=0.00, real=0.00 secs] 
28.730: Total time for which application threads were stopped: 0.0004740 seconds, Stopping threads took: 0.0000390 seconds
28.770: Application time: 0.0400360 seconds
28.770: [GC [PSYoungGen: 7424K->272K(8192K)] 17560K->10408K(26112K), 0.0003780 secs] [Times: user=0.00 sys=0.00, real=0.00 secs] 
28.770: Total time for which application threads were stopped: 0.0004770 seconds, Stopping threads took: 0.0000450 seconds
28.811: Application time: 0.0406640 seconds
28.811: [GC [PSYoungGen: 7440K->272K(8192K)] 17576K->10408K(26112K), 0.0003750 secs] [Times: user=0.00 sys=0.00, real=0.00 secs] 
28.811: Total time for which application threads were stopped: 0.0004690 seconds, Stopping threads took: 0.0000450 seconds
28.850: Application time: 0.0388700 seconds
28.850: [GC [PSYoungGen: 7440K->352K(8192K)] 17576K->10488K(26112K), 0.0004210 secs] [Times: user=0.00 sys=0.00, real=0.00 secs] 
28.851: Total time for which application threads were stopped: 0.0005120 seconds, Stopping threads took: 0.0000420 seconds
28.889: Application time: 0.0379370 seconds
28.889: [GC [PSYoungGen: 7520K->512K(8192K)] 17656K->10648K(26112K), 0.0004490 secs] [Times: user=0.00 sys=0.00, real=0.01 secs] 
28.889: Total time for which application threads were stopped: 0.0005510 seconds, Stopping threads took: 0.0000470 seconds
28.930: Application time: 0.0405830 seconds
28.930: [GC [PSYoungGen: 7680K->512K(8192K)] 17816K->10648K(26112K), 0.0004280 secs] [Times: user=0.01 sys=0.00, real=0.00 secs] 
28.930: Total time for which application threads were stopped: 0.0005230 seconds, Stopping threads took: 0.0000460 seconds
28.971: Application time: 0.0403960 seconds
28.971: [GC [PSYoungGen: 7680K->496K(8192K)] 17816K->10632K(26112K), 0.0004260 secs] [Times: user=0.00 sys=0.00, real=0.00 secs] 
28.971: Total time for which application threads were stopped: 0.0005210 seconds, Stopping threads took: 0.0000430 seconds
29.012: Application time: 0.0403540 seconds
29.012: [GC [PSYoungGen: 7664K->512K(8192K)] 17800K->10648K(26112K), 0.0004240 secs] [Times: user=0.01 sys=0.00, real=0.00 secs] 
29.012: Total time for which application threads were stopped: 0.0005150 seconds, Stopping threads took: 0.0000420 seconds
29.052: Application time: 0.0402640 seconds
29.052: [GC [PSYoungGen: 7680K->560K(8192K)] 17816K->10696K(26112K), 0.0004190 secs] [Times: user=0.00 sys=0.00, real=0.00 secs] 
29.053: Total time for which application threads were stopped: 0.0005190 seconds, Stopping threads took: 0.0000390 seconds
29.093: Application time: 0.0404280 seconds
29.093: [GC [PSYoungGen: 7728K->544K(8192K)] 17864K->10680K(26112K), 0.0004190 secs] [Times: user=0.00 sys=0.00, real=0.00 secs] 
29.094: Total time for which application threads were stopped: 0.0005190 seconds, Stopping threads took: 0.0000490 seconds
29.135: Application time: 0.0407470 seconds
29.135: [GC [PSYoungGen: 7712K->512K(8192K)] 17848K->10648K(26112K), 0.0004160 secs] [Times: user=0.00 sys=0.00, real=0.00 secs] 
29.135: Total time for which application threads were stopped: 0.0005060 seconds, Stopping threads took: 0.0000390 seconds
29.175: Application time: 0.0403730 seconds
29.176: [GC [PSYoungGen: 7680K->512K(8192K)] 17816K->10648K(26112K), 0.0004170 secs] [Times: user=0.00 sys=0.00, real=0.00 secs] 
29.176: Total time for which application threads were stopped: 0.0005340 seconds, Stopping threads took: 0.0000620 seconds
29.216: Application time: 0.0402670 seconds
29.216: [GC [PSYoungGen: 7680K->512K(8192K)] 17816K->10648K(26112K), 0.0004170 secs] [Times: user=0.00 sys=0.00, real=0.00 secs] 
29.217: Total time for which application threads were stopped: 0.0005130 seconds, Stopping threads took: 0.0000460 seconds
29.257: Application time: 0.0401190 seconds
29.257: [GC [PSYoungGen: 7680K->480K(8192K)] 17816K->10616K(26112K), 0.0004220 secs] [Times: user=0.00 sys=0.00, real=0.00 secs] 
29.257: Total time for which application threads were stopped: 0.0005280 seconds, Stopping threads took: 0.0000520 seconds
29.297: Application time: 0.0400570 seconds
29.298: [GC [PSYoungGen: 7648K->512K(8192K)] 17784K->10648K(26112K), 0.0004650 secs] [Times: user=0.00 sys=0.00, real=0.00 secs] 
29.298: Total time for which application threads were stopped: 0.0005720 seconds, Stopping threads took: 0.0000510 seconds
29.338: Application time: 0.0403590 seconds
29.338: [GC [PSYoungGen: 7680K->496K(8192K)] 17816K->10632K(26112K), 0.0004570 secs] [Times: user=0.00 sys=0.00, real=0.00 secs] 
29.339: Total time for which application threads were stopped: 0.0005530 seconds, Stopping threads took: 0.0000440 seconds
29.379: Application time: 0.0404240 seconds
29.379: [GC [PSYoungGen: 7664K->480K(8192K)] 17800K->10664K(26112K), 0.0004430 secs] [Times: user=0.00 sys=0.00, real=0.00 secs] 
29.380: Total time for which application threads were stopped: 0.0005330 seconds, Stopping threads took: 0.0000430 seconds
29.420: Application time: 0.0402880 seconds
29.420: [GC [PSYoungGen: 7648K->432K(8192K)] 17832K->10616K(26112K), 0.0004480 secs] [Times: user=0.00 sys=0.00, real=0.00 secs] 
29.421: Total time for which application threads were stopped: 0.0005510 seconds, Stopping threads took: 0.0000520 seconds
29.461: Application time: 0.0403580 seconds
29.461: [GC [PSYoungGen: 7600K->368K(8192K)] 17784K->10664K(26112K), 0.0004240 secs] [Times: user=0.00 sys=0.00, real=0.00 secs] 
29.462: Total time for which application threads were stopped: 0.0005130 seconds, Stopping threads took: 0.0000390 seconds
29.502: Application time: 0.0402550 seconds
29.502: [GC [PSYoungGen: 7536K->256K(8192K)] 17832K->10704K(26112K), 0.0003990 secs] [Times: user=0.01 sys=0.00, real=0.00 secs] 
29.502: Total time for which application threads were stopped: 0.0004950 seconds, Stopping threads took: 0.0000460 seconds
29.543: Application time: 0.0407430 seconds
29.543: [GC [PSYoungGen: 7424K->256K(8192K)] 17872K->10704K(26112K), 0.0003910 secs] [Times: user=0.00 sys=0.00, real=0.00 secs] 
29.544: Total time for which application threads were stopped: 0.0004910 seconds, Stopping threads took: 0.0000480 seconds
29.583: Application time: 0.0396730 seconds
29.583: [GC [PSYoungGen: 7424K->272K(8192K)] 17872K->10720K(26112K), 0.0004170 secs] [Times: user=0.00 sys=0.00, real=0.00 secs] 
29.584: Total time for which application threads were stopped: 0.0005280 seconds, Stopping threads took: 0.0000510 seconds
29.624: Application time: 0.0399440 seconds
29.624: [GC [PSYoungGen: 7440K->288K(8192K)] 17888K->10736K(26112K), 0.0003840 secs] [Times: user=0.01 sys=0.00, real=0.00 secs] 
29.624: Total time for which application threads were stopped: 0.0004780 seconds, Stopping threads took: 0.0000390 seconds
29.664: Application time: 0.0392690 seconds
29.664: [GC [PSYoungGen: 7456K->416K(8192K)] 17904K->10864K(26112K), 0.0004270 secs] [Times: user=0.01 sys=0.00, real=0.00 secs] 
29.664: Total time for which application threads were stopped: 0.0005310 seconds, Stopping threads took: 0.0000490 seconds
29.703: Application time: 0.0390530 seconds
29.703: [GC [PSYoungGen: 7584K->512K(8192K)] 18032K->10960K(26112K), 0.0004370 secs] [Times: user=0.00 sys=0.00, real=0.00 secs] 
29.704: Total time for which application threads were stopped: 0.0005380 seconds, Stopping threads took: 0.0000490 seconds
29.744: Application time: 0.0404910 seconds
29.744: [GC [PSYoungGen: 7680K->512K(8192K)] 18128K->10960K(26112K), 0.0004730 secs] [Times: user=0.00 sys=0.00, real=0.00 secs] 
29.745: Total time for which application threads were stopped: 0.0005620 seconds, Stopping threads took: 0.0000400 seconds
29.785: Application time: 0.0404860 seconds
29.785: [GC [PSYoungGen: 7680K->496K(8192K)] 18128K->10944K(26112K), 0.0004590 secs] [Times: user=0.00 sys=0.00, real=0.00 secs] 
29.787: Total time for which application threads were stopped: 0.0016590 seconds, Stopping threads took: 0.0000480 seconds
29.827: Application time: 0.0404130 seconds
29.827: [GC [PSYoungGen: 7664K->496K(8192K)] 18112K->10944K(26112K), 0.0004510 secs] [Times: user=0.01 sys=0.00, real=0.00 secs] 
29.828: Total time for which application threads were stopped: 0.0005640 seconds, Stopping threads took: 0.0000610 seconds
29.868: Application time: 0.0403340 seconds
29.868: [GC [PSYoungGen: 7664K->496K(8192K)] 18112K->10944K(26112K), 0.0004550 secs] [Times: user=0.00 sys=0.00, real=0.00 secs] 
29.869: Total time for which application threads were stopped: 0.0005600 seconds, Stopping threads took: 0.0000500 seconds
29.909: Application time: 0.0402750 seconds
29.909: [GC [PSYoungGen: 7664K->480K(8192K)] 18112K->10928K(26112K), 0.0004230 secs] [Times: user=0.00 sys=0.00, real=0.00 secs] 
29.910: Total time for which application threads were stopped: 0.0005140 seconds, Stopping threads took: 0.0000390 seconds
29.950: Application time: 0.0405840 seconds
29.950: [GC [PSYoungGen: 7648K->496K(8192K)] 18096K->10944K(26112K), 0.0004310 secs] [Times: user=0.00 sys=0.00, real=0.00 secs] 
29.951: Total time for which application threads were stopped: 0.0005380 seconds, Stopping threads took: 0.0000540 seconds
29.991: Application time: 0.0404800 seconds
29.991: [GC [PSYoungGen: 7664K->496K(8192K)] 18112K->10944K(26112K), 0.0004320 secs] [Times: user=0.00 sys=0.00, real=0.00 secs] 
29.992: Total time for which application threads were stopped: 0.0005340 seconds, Stopping threads took: 0.0000480 seconds
30.032: Application time: 0.0403190 seconds
30.032: [GC [PSYoungGen: 7664K->480K(8192K)] 18112K->10928K(26112K), 0.0004270 secs] [Times: user=0.01 sys=0.00, real=0.00 secs] 
30.032: Total time for which application threads were stopped: 0.0005150 seconds, Stopping threads took: 0.0000370 seconds
30.073: Application time: 0.0400290 seconds
30.073: [GC [PSYoungGen: 7648K->496K(8192K)] 18096K->10944K(26112K), 0.0004580 secs] [Times: user=0.00 sys=0.00, real=0.00 secs] 
30.073: Total time for which application threads were stopped: 0.0005620 seconds, Stopping threads took: 0.0000500 seconds
30.114: Application time: 0.0410740 seconds
30.114: [GC [PSYoungGen: 7664K->512K(8192K)] 18112K->10960K(26112K), 0.0004200 secs] [Times: user=0.00 sys=0.00, real=0.00 secs] 
30.115: Total time for which application threads were stopped: 0.0005320 seconds, Stopping threads took: 0.0000510 seconds
30.155: Application time: 0.0402560 seconds
30.155: [GC [PSYoungGen: 7680K->512K(8192K)] 18128K->10960K(26112K), 0.0004410 secs] [Times: user=0.00 sys=0.00, real=0.00 secs] 
30.156: Total time for which application threads were stopped: 0.0005630 seconds, Stopping threads took: 0.0000670 seconds
30.196: Application time: 0.0403080 seconds
30.197: [GC [PSYoungGen: 7680K->480K(8192K)] 18128K->10992K(26112K), 0.0004360 secs] [Times: user=0.00 sys=0.00, real=0.00 secs] 
30.198: Total time for which application threads were stopped: 0.0016890 seconds, Stopping threads took: 0.0011960 seconds
30.238: Application time: 0.0407040 seconds
30.238: [GC [PSYoungGen: 7648K->432K(8192K)] 18160K->11000K(26112K), 0.0004150 secs] [Times: user=0.00 sys=0.00, real=0.00 secs] 
30.239: Total time for which application threads were stopped: 0.0005240 seconds, Stopping threads took: 0.0000550 seconds
30.279: Application time: 0.0402910 seconds
30.279: [GC [PSYoungGen: 7600K->272K(8192K)] 18168K->10960K(26112K), 0.0005090 secs] [Times: user=0.00 sys=0.00, real=0.00 secs] 
30.280: Total time for which application threads were stopped: 0.0006240 seconds, Stopping threads took: 0.0000570 seconds
30.320: Application time: 0.0402760 seconds
30.320: [GC [PSYoungGen: 7440K->256K(8192K)] 18128K->11072K(26112K), 0.0003890 secs] [Times: user=0.00 sys=0.00, real=0.00 secs] 
30.320: Total time for which application threads were stopped: 0.0004890 seconds, Stopping threads took: 0.0000490 seconds
30.361: Application time: 0.0407420 seconds
30.361: [GC [PSYoungGen: 7424K->256K(8192K)] 18240K->11072K(26112K), 0.0003690 secs] [Times: user=0.00 sys=0.00, real=0.00 secs] 
30.362: Total time for which application threads were stopped: 0.0004650 seconds, Stopping threads took: 0.0000450 seconds
30.401: Application time: 0.0396980 seconds
30.405: [GC [PSYoungGen: 7424K->272K(8192K)] 18240K->11088K(26112K), 0.0004090 secs] [Times: user=0.00 sys=0.00, real=0.00 secs] 
30.406: Total time for which application threads were stopped: 0.0041650 seconds, Stopping threads took: 0.0037050 seconds
30.445: Application time: 0.0399490 seconds
30.446: [GC [PSYoungGen: 7440K->320K(8192K)] 18256K->11136K(26112K), 0.0003890 secs] [Times: user=0.00 sys=0.00, real=0.00 secs] 
30.446: Total time for which application threads were stopped: 0.0004920 seconds, Stopping threads took: 0.0000490 seconds
30.484: Application time: 0.0381210 seconds
30.484: [GC [PSYoungGen: 7488K->448K(8192K)] 18304K->11264K(26112K), 0.0004040 secs] [Times: user=0.00 sys=0.00, real=0.00 secs] 
30.485: Total time for which application threads were stopped: 0.0005030 seconds, Stopping threads took: 0.0000450 seconds
30.524: Application time: 0.0393960 seconds
30.524: [GC [PSYoungGen: 7616K->544K(8192K)] 18432K->11360K(26112K), 0.0004120 secs] [Times: user=0.00 sys=0.00, real=0.00 secs] 
30.524: Total time for which application threads were stopped: 0.0005150 seconds, Stopping threads took: 0.0000470 seconds
30.565: Application time: 0.0401530 seconds
30.565: [GC [PSYoungGen: 7712K->544K(8192K)] 18528K->11360K(26112K), 0.0004330 secs] [Times: user=0.00 sys=0.00, real=0.00 secs] 
30.565: Total time for which application threads were stopped: 0.0005340 seconds, Stopping threads took: 0.0000470 seconds
30.606: Application time: 0.0406290 seconds
30.606: [GC [PSYoungGen: 7712K->480K(8192K)] 18528K->11297K(26112K), 0.0004240 secs] [Times: user=0.00 sys=0.00, real=0.00 secs] 
30.606: Total time for which application threads were stopped: 0.0005110 seconds, Stopping threads took: 0.0000350 seconds
30.647: Application time: 0.0404300 seconds
30.647: [GC [PSYoungGen: 7648K->528K(8192K)] 18465K->11344K(26112K), 0.0004890 secs] [Times: user=0.01 sys=0.00, real=0.00 secs] 
30.647: Total time for which application threads were stopped: 0.0006170 seconds, Stopping threads took: 0.0000570 seconds
30.688: Application time: 0.0405120 seconds
30.688: [GC [PSYoungGen: 7696K->528K(8192K)] 18512K->11345K(26112K), 0.0004690 secs] [Times: user=0.00 sys=0.00, real=0.00 secs] 
30.688: Total time for which application threads were stopped: 0.0005630 seconds, Stopping threads took: 0.0000400 seconds
30.729: Application time: 0.0407510 seconds
30.729: [GC [PSYoungGen: 7696K->464K(8192K)] 18513K->11281K(26112K), 0.0004200 secs] [Times: user=0.00 sys=0.00, real=0.00 secs] 
30.730: Total time for which application threads were stopped: 0.0005200 seconds, Stopping threads took: 0.0000470 seconds
30.770: Application time: 0.0403520 seconds
30.770: [GC [PSYoungGen: 7632K->512K(8192K)] 18449K->11328K(26112K), 0.0004550 secs] [Times: user=0.00 sys=0.00, real=0.00 secs] 
30.771: Total time for which application threads were stopped: 0.0005580 seconds, Stopping threads took: 0.0000490 seconds
30.811: Application time: 0.0403700 seconds
30.811: [GC [PSYoungGen: 7680K->512K(8192K)] 18496K->11329K(26112K), 0.0004200 secs] [Times: user=0.00 sys=0.00, real=0.00 secs] 
30.812: Total time for which application threads were stopped: 0.0005190 seconds, Stopping threads took: 0.0000460 seconds
30.852: Application time: 0.0404340 seconds
30.852: [GC [PSYoungGen: 7680K->512K(8192K)] 18497K->11328K(26112K), 0.0004270 secs] [Times: user=0.00 sys=0.00, real=0.00 secs] 
30.852: Total time for which application threads were stopped: 0.0005300 seconds, Stopping threads took: 0.0000500 seconds
30.892: Application time: 0.0398700 seconds
30.892: [GC [PSYoungGen: 7680K->464K(8192K)] 18496K->11281K(26112K), 0.0004450 secs] [Times: user=0.00 sys=0.00, real=0.00 secs] 
30.893: Total time for which application threads were stopped: 0.0005340 seconds, Stopping threads took: 0.0000410 seconds
30.934: Application time: 0.0413990 seconds
30.934: [GC [PSYoungGen: 7632K->512K(8192K)] 18449K->11328K(26112K), 0.0004330 secs] [Times: user=0.00 sys=0.00, real=0.00 secs] 
30.935: Total time for which application threads were stopped: 0.0005240 seconds, Stopping threads took: 0.0000390 seconds
30.975: Application time: 0.0403440 seconds
30.975: [GC [PSYoungGen: 7680K->528K(8192K)] 18496K->11345K(26112K), 0.0004110 secs] [Times: user=0.00 sys=0.00, real=0.00 secs] 
30.976: Total time for which application threads were stopped: 0.0005050 seconds, Stopping threads took: 0.0000450 seconds
31.016: Application time: 0.0403730 seconds
31.016: [GC [PSYoungGen: 7696K->400K(8192K)] 18513K->11273K(26112K), 0.0004250 secs] [Times: user=0.00 sys=0.00, real=0.00 secs] 
31.017: Total time for which application threads were stopped: 0.0005250 seconds, Stopping threads took: 0.0000500 seconds
31.057: Application time: 0.0402100 seconds
31.057: [GC [PSYoungGen: 7568K->400K(8192K)] 18441K->11321K(26112K), 0.0004280 secs] [Times: user=0.00 sys=0.00, real=0.00 secs] 
31.057: Total time for which application threads were stopped: 0.0005220 seconds, Stopping threads took: 0.0000420 seconds
31.098: Application time: 0.0404590 seconds
31.098: [GC [PSYoungGen: 7568K->320K(8192K)] 18489K->11389K(26112K), 0.0004420 secs] [Times: user=0.00 sys=0.00, real=0.00 secs] 
31.098: Total time for which application threads were stopped: 0.0005400 seconds, Stopping threads took: 0.0000460 seconds
31.139: Application time: 0.0402830 seconds
31.139: [GC [PSYoungGen: 7488K->256K(8192K)] 18557K->11429K(26112K), 0.0004300 secs] [Times: user=0.00 sys=0.00, real=0.00 secs] 
31.139: Total time for which application threads were stopped: 0.0005250 seconds, Stopping threads took: 0.0000440 seconds
31.180: Application time: 0.0404990 seconds
31.181: [GC [PSYoungGen: 7424K->256K(8192K)] 18597K->11429K(26112K), 0.0003690 secs] [Times: user=0.00 sys=0.00, real=0.00 secs] 
31.181: Total time for which application threads were stopped: 0.0018310 seconds, Stopping threads took: 0.0014010 seconds
31.221: Application time: 0.0398120 seconds
31.221: [GC [PSYoungGen: 7424K->272K(8192K)] 18597K->11445K(26112K), 0.0003720 secs] [Times: user=0.00 sys=0.00, real=0.00 secs] 
31.222: Total time for which application threads were stopped: 0.0004800 seconds, Stopping threads took: 0.0000520 seconds
31.261: Application time: 0.0393190 seconds
31.261: [GC [PSYoungGen: 7440K->336K(8192K)] 18613K->11509K(26112K), 0.0003850 secs] [Times: user=0.00 sys=0.00, real=0.00 secs] 
31.262: Total time for which application threads were stopped: 0.0004830 seconds, Stopping threads took: 0.0000430 seconds
31.300: Application time: 0.0381750 seconds
31.301: [GC [PSYoungGen: 7504K->496K(8192K)] 18677K->11669K(26112K), 0.0004130 secs] [Times: user=0.00 sys=0.00, real=0.00 secs] 
31.301: Total time for which application threads were stopped: 0.0017710 seconds, Stopping threads took: 0.0013060 seconds
31.342: Application time: 0.0403410 seconds
31.342: [GC [PSYoungGen: 7664K->496K(8192K)] 18837K->11669K(26112K), 0.0004310 secs] [Times: user=0.01 sys=0.00, real=0.00 secs] 
31.342: Total time for which application threads were stopped: 0.0005220 seconds, Stopping threads took: 0.0000380 seconds
31.383: Application time: 0.0402840 seconds
31.383: [GC [PSYoungGen: 7664K->496K(8192K)] 18837K->11669K(26112K), 0.0004230 secs] [Times: user=0.00 sys=0.00, real=0.00 secs] 
31.383: Total time for which application threads were stopped: 0.0005190 seconds, Stopping threads took: 0.0000450 seconds
31.424: Application time: 0.0405100 seconds
31.424: [GC [PSYoungGen: 7664K->512K(8192K)] 18837K->11685K(26112K), 0.0004760 secs] [Times: user=0.00 sys=0.00, real=0.00 secs] 
31.424: Total time for which application threads were stopped: 0.0005800 seconds, Stopping threads took: 0.0000400 seconds
31.465: Application time: 0.0403420 seconds
31.465: [GC [PSYoungGen: 7680K->480K(8192K)] 18853K->11653K(26112K), 0.0005280 secs] [Times: user=0.00 sys=0.00, real=0.00 secs] 
31.465: Total time for which application threads were stopped: 0.0006250 seconds, Stopping threads took: 0.0000440 seconds
31.506: Application time: 0.0405990 seconds
31.506: [GC [PSYoungGen: 7648K->528K(8192K)] 18821K->11701K(26112K), 0.0005310 secs] [Times: user=0.01 sys=0.00, real=0.00 secs] 
31.506: Total time for which application threads were stopped: 0.0006290 seconds, Stopping threads took: 0.0000430 seconds
31.547: Application time: 0.0405210 seconds
31.547: [GC [PSYoungGen: 7696K->528K(8192K)] 18869K->11701K(26112K), 0.0004200 secs] [Times: user=0.00 sys=0.00, real=0.00 secs] 
31.547: Total time for which application threads were stopped: 0.0005130 seconds, Stopping threads took: 0.0000400 seconds
31.588: Application time: 0.0406220 seconds
31.588: [GC [PSYoungGen: 7696K->480K(8192K)] 18869K->11653K(26112K), 0.0004390 secs] [Times: user=0.00 sys=0.00, real=0.00 secs] 
31.589: Total time for which application threads were stopped: 0.0005490 seconds, Stopping threads took: 0.0000540 seconds
31.629: Application time: 0.0403270 seconds
31.629: [GC [PSYoungGen: 7648K->512K(8192K)] 18821K->11685K(26112K), 0.0004220 secs] [Times: user=0.00 sys=0.00, real=0.00 secs] 
31.630: Total time for which application threads were stopped: 0.0005160 seconds, Stopping threads took: 0.0000410 seconds
31.670: Application time: 0.0403760 seconds
31.670: [GC [PSYoungGen: 7680K->512K(8192K)] 18853K->11685K(26112K), 0.0005090 secs] [Times: user=0.00 sys=0.00, real=0.00 secs] 
31.671: Total time for which application threads were stopped: 0.0006150 seconds, Stopping threads took: 0.0000480 seconds
31.711: Application time: 0.0401090 seconds
31.711: [GC [PSYoungGen: 7680K->496K(8192K)] 18853K->11669K(26112K), 0.0004150 secs] [Times: user=0.01 sys=0.00, real=0.00 secs] 
31.711: Total time for which application threads were stopped: 0.0005380 seconds, Stopping threads took: 0.0000550 seconds
31.752: Application time: 0.0408810 seconds
31.753: [GC [PSYoungGen: 7664K->512K(8192K)] 18837K->11685K(26112K), 0.0004600 secs] [Times: user=0.00 sys=0.00, real=0.00 secs] 
31.754: Total time for which application threads were stopped: 0.0014910 seconds, Stopping threads took: 0.0009770 seconds
31.794: Application time: 0.0403200 seconds
31.794: [GC [PSYoungGen: 7680K->560K(8192K)] 18853K->11733K(26112K), 0.0004200 secs] [Times: user=0.00 sys=0.00, real=0.00 secs] 
31.794: Total time for which application threads were stopped: 0.0005250 seconds, Stopping threads took: 0.0000510 seconds
31.835: Application time: 0.0403550 seconds
31.835: [GC [PSYoungGen: 7728K->496K(8192K)] 18901K->11725K(26112K), 0.0004260 secs] [Times: user=0.00 sys=0.00, real=0.00 secs] 
31.835: Total time for which application threads were stopped: 0.0005270 seconds, Stopping threads took: 0.0000500 seconds
31.876: Application time: 0.0402470 seconds
31.876: [GC [PSYoungGen: 7664K->368K(8192K)] 18893K->11685K(26112K), 0.0004090 secs] [Times: user=0.00 sys=0.00, real=0.00 secs] 
31.876: Total time for which application threads were stopped: 0.0005060 seconds, Stopping threads took: 0.0000440 seconds
31.916: Application time: 0.0402910 seconds
31.916: [GC [PSYoungGen: 7536K->256K(8192K)] 18853K->11753K(26112K), 0.0004140 secs] [Times: user=0.00 sys=0.00, real=0.00 secs] 
31.917: Total time for which application threads were stopped: 0.0005130 seconds, Stopping threads took: 0.0000440 seconds
31.957: Application time: 0.0402440 seconds
31.957: [GC [PSYoungGen: 7424K->256K(8192K)] 18921K->11753K(26112K), 0.0004060 secs] [Times: user=0.00 sys=0.00, real=0.00 secs] 
31.958: Total time for which application threads were stopped: 0.0005010 seconds, Stopping threads took: 0.0000440 seconds
31.998: Application time: 0.0402190 seconds
31.998: [GC [PSYoungGen: 7424K->272K(8192K)] 18921K->11769K(26112K), 0.0003830 secs] [Times: user=0.00 sys=0.00, real=0.00 secs] 
31.998: Total time for which application threads were stopped: 0.0004860 seconds, Stopping threads took: 0.0000430 seconds
32.039: Application time: 0.0402850 seconds
32.039: [GC [PSYoungGen: 7440K->272K(8192K)] 18937K->11769K(26112K), 0.0003710 secs] [Times: user=0.00 sys=0.00, real=0.00 secs] 
32.039: Total time for which application threads were stopped: 0.0004660 seconds, Stopping threads took: 0.0000450 seconds
32.079: Application time: 0.0397510 seconds
32.079: [GC [PSYoungGen: 7440K->272K(8192K)] 18937K->11769K(26112K), 0.0003800 secs] [Times: user=0.00 sys=0.00, real=0.00 secs] 
32.079: Total time for which application threads were stopped: 0.0004810 seconds, Stopping threads took: 0.0000490 seconds
32.117: Application time: 0.0376100 seconds
32.117: [GC [PSYoungGen: 7440K->528K(8192K)] 18937K->12025K(26112K), 0.0004300 secs] [Times: user=0.00 sys=0.00, real=0.00 secs] 
32.117: Total time for which application threads were stopped: 0.0005220 seconds, Stopping threads took: 0.0000350 seconds
32.158: Application time: 0.0405430 seconds
32.158: [GC [PSYoungGen: 7696K->496K(8192K)] 19193K->11993K(26112K), 0.0004560 secs] [Times: user=0.00 sys=0.00, real=0.00 secs] 
32.158: Total time for which application threads were stopped: 0.0005480 seconds, Stopping threads took: 0.0000430 seconds
32.199: Application time: 0.0403930 seconds
32.199: [GC [PSYoungGen: 7664K->496K(8192K)] 19161K->11993K(26112K), 0.0004200 secs] [Times: user=0.01 sys=0.00, real=0.00 secs] 
32.199: Total time for which application threads were stopped: 0.0005090 seconds, Stopping threads took: 0.0000360 seconds
32.240: Application time: 0.0403900 seconds
32.240: [GC [PSYoungGen: 7664K->512K(8192K)] 19161K->12009K(26112K), 0.0004650 secs] [Times: user=0.01 sys=0.00, real=0.00 secs] 
32.240: Total time for which application threads were stopped: 0.0005780 seconds, Stopping threads took: 0.0000520 seconds
32.281: Application time: 0.0403250 seconds
32.281: [GC [PSYoungGen: 7680K->496K(8192K)] 19177K->11993K(26112K), 0.0004300 secs] [Times: user=0.00 sys=0.00, real=0.01 secs] 
32.281: Total time for which application threads were stopped: 0.0005290 seconds, Stopping threads took: 0.0000470 seconds
32.322: Application time: 0.0405220 seconds
32.322: [GC [PSYoungGen: 7664K->528K(8192K)] 19161K->12025K(26112K), 0.0004190 secs] [Times: user=0.01 sys=0.00, real=0.00 secs] 
32.322: Total time for which application threads were stopped: 0.0005240 seconds, Stopping threads took: 0.0000520 seconds
32.363: Application time: 0.0404740 seconds
32.363: [GC [PSYoungGen: 7696K->528K(8192K)] 19193K->12025K(26112K), 0.0004240 secs] [Times: user=0.00 sys=0.00, real=0.00 secs] 
32.363: Total time for which application threads were stopped: 0.0005170 seconds, Stopping threads took: 0.0000390 seconds
32.404: Application time: 0.0402810 seconds
32.404: [GC [PSYoungGen: 7696K->544K(8192K)] 19193K->12041K(26112K), 0.0004220 secs] [Times: user=0.00 sys=0.00, real=0.00 secs] 
32.404: Total time for which application threads were stopped: 0.0005230 seconds, Stopping threads took: 0.0000490 seconds
32.444: Application time: 0.0402600 seconds
32.444: [GC [PSYoungGen: 7712K->496K(8192K)] 19209K->11993K(26112K), 0.0004290 secs] [Times: user=0.01 sys=0.00, real=0.00 secs] 
32.445: Total time for which application threads were stopped: 0.0005340 seconds, Stopping threads took: 0.0000520 seconds
32.485: Application time: 0.0401120 seconds
32.485: [GC [PSYoungGen: 7664K->480K(8192K)] 19161K->11977K(26112K), 0.0004460 secs] [Times: user=0.00 sys=0.00, real=0.00 secs] 
32.486: Total time for which application threads were stopped: 0.0005400 seconds, Stopping threads took: 0.0000400 seconds
32.526: Application time: 0.0401340 seconds
32.526: [GC [PSYoungGen: 7648K->528K(8192K)] 19145K->12025K(26112K), 0.0004230 secs] [Times: user=0.00 sys=0.00, real=0.00 secs] 
32.526: Total time for which application threads were stopped: 0.0005160 seconds, Stopping threads took: 0.0000380 seconds
32.567: Application time: 0.0404140 seconds
32.567: [GC [PSYoungGen: 7696K->544K(8192K)] 19193K->12041K(26112K), 0.0004770 secs] [Times: user=0.00 sys=0.00, real=0.00 secs] 
32.567: Total time for which application threads were stopped: 0.0005800 seconds, Stopping threads took: 0.0000490 seconds
32.608: Application time: 0.0405120 seconds
32.608: [GC [PSYoungGen: 7712K->448K(8192K)] 19209K->11993K(26112K), 0.0004580 secs] [Times: user=0.00 sys=0.00, real=0.00 secs] 
32.608: Total time for which application threads were stopped: 0.0005570 seconds, Stopping threads took: 0.0000480 seconds
32.649: Application time: 0.0405270 seconds
32.649: [GC [PSYoungGen: 7616K->464K(8192K)] 19161K->12009K(26112K), 0.0004750 secs] [Times: user=0.00 sys=0.00, real=0.01 secs] 
32.649: Total time for which application threads were stopped: 0.0005850 seconds, Stopping threads took: 0.0000480 seconds
32.690: Application time: 0.0403020 seconds
32.690: [GC [PSYoungGen: 7632K->432K(8192K)] 19177K->12049K(26112K), 0.0004740 secs] [Times: user=0.01 sys=0.00, real=0.00 secs] 
32.690: Total time for which application threads were stopped: 0.0005800 seconds, Stopping threads took: 0.0000480 seconds
32.730: Application time: 0.0401940 seconds
32.731: [GC [PSYoungGen: 7600K->240K(8192K)] 19217K->12037K(26112K), 0.0004380 secs] [Times: user=0.00 sys=0.00, real=0.00 secs] 
32.731: Total time for which application threads were stopped: 0.0005300 seconds, Stopping threads took: 0.0000360 seconds
32.772: Application time: 0.0414900 seconds
32.773: [GC [PSYoungGen: 7408K->256K(8192K)] 19205K->12053K(26112K), 0.0003690 secs] [Times: user=0.01 sys=0.00, real=0.00 secs] 
32.773: Total time for which application threads were stopped: 0.0004810 seconds, Stopping threads took: 0.0000490 seconds
32.813: Application time: 0.0399880 seconds
32.813: [GC [PSYoungGen: 7424K->256K(8192K)] 19221K->12053K(26112K), 0.0003800 secs] [Times: user=0.00 sys=0.00, real=0.00 secs] 
32.813: Total time for which application threads were stopped: 0.0004800 seconds, Stopping threads took: 0.0000470 seconds
32.854: Application time: 0.0403640 seconds
32.854: [GC [PSYoungGen: 7424K->272K(8192K)] 19221K->12069K(26112K), 0.0003760 secs] [Times: user=0.00 sys=0.00, real=0.00 secs] 
32.854: Total time for which application threads were stopped: 0.0004800 seconds, Stopping threads took: 0.0000480 seconds
32.892: Application time: 0.0373490 seconds
32.892: [GC [PSYoungGen: 7440K->384K(8192K)] 19237K->12181K(26112K), 0.0004370 secs] [Times: user=0.01 sys=0.00, real=0.00 secs] 
32.892: Total time for which application threads were stopped: 0.0005380 seconds, Stopping threads took: 0.0000480 seconds
32.932: Application time: 0.0395370 seconds
32.932: [GC [PSYoungGen: 7552K->496K(8192K)] 19349K->12293K(26112K), 0.0004950 secs] [Times: user=0.00 sys=0.00, real=0.00 secs] 
32.932: Total time for which application threads were stopped: 0.0005930 seconds, Stopping threads took: 0.0000430 seconds
32.973: Application time: 0.0403060 seconds
32.973: [GC [PSYoungGen: 7664K->528K(8192K)] 19461K->12325K(26112K), 0.0004630 secs] [Times: user=0.00 sys=0.00, real=0.00 secs] 
32.973: Total time for which application threads were stopped: 0.0005640 seconds, Stopping threads took: 0.0000490 seconds
33.014: Application time: 0.0404750 seconds
33.014: [GC [PSYoungGen: 7696K->528K(8192K)] 19493K->12325K(26112K), 0.0004720 secs] [Times: user=0.01 sys=0.00, real=0.00 secs] 
33.014: Total time for which application threads were stopped: 0.0005640 seconds, Stopping threads took: 0.0000400 seconds
33.055: Application time: 0.0405420 seconds
33.055: [GC [PSYoungGen: 7696K->496K(8192K)] 19493K->12293K(26112K), 0.0004170 secs] [Times: user=0.00 sys=0.00, real=0.00 secs] 
33.055: Total time for which application threads were stopped: 0.0005200 seconds, Stopping threads took: 0.0000490 seconds
33.096: Application time: 0.0403850 seconds
33.096: [GC [PSYoungGen: 7664K->528K(8192K)] 19461K->12325K(26112K), 0.0004240 secs] [Times: user=0.00 sys=0.00, real=0.00 secs] 
33.096: Total time for which application threads were stopped: 0.0005280 seconds, Stopping threads took: 0.0000490 seconds
33.137: Application time: 0.0406170 seconds
33.137: [GC [PSYoungGen: 7696K->544K(8192K)] 19493K->12341K(26112K), 0.0004340 secs] [Times: user=0.00 sys=0.00, real=0.00 secs] 
33.137: Total time for which application threads were stopped: 0.0005370 seconds, Stopping threads took: 0.0000460 seconds
33.178: Application time: 0.0406420 seconds
33.178: [GC [PSYoungGen: 7712K->496K(8192K)] 19509K->12293K(26112K), 0.0004320 secs] [Times: user=0.01 sys=0.00, real=0.00 secs] 
33.179: Total time for which application threads were stopped: 0.0005380 seconds, Stopping threads took: 0.0000500 seconds
33.219: Application time: 0.0402770 seconds
33.219: [GC [PSYoungGen: 7664K->512K(8192K)] 19461K->12309K(26112K), 0.0004940 secs] [Times: user=0.00 sys=0.00, real=0.00 secs] 
33.219: Total time for which application threads were stopped: 0.0005960 seconds, Stopping threads took: 0.0000500 seconds
33.260: Application time: 0.0402420 seconds
33.260: [GC [PSYoungGen: 7680K->480K(8192K)] 19477K->12277K(26112K), 0.0004320 secs] [Times: user=0.00 sys=0.00, real=0.00 secs] 
33.260: Total time for which application threads were stopped: 0.0005360 seconds, Stopping threads took: 0.0000530 seconds
33.300: Application time: 0.0399910 seconds
33.300: [GC [PSYoungGen: 7648K->496K(8192K)] 19445K->12293K(26112K), 0.0004520 secs] [Times: user=0.00 sys=0.00, real=0.00 secs] 
33.301: Total time for which application threads were stopped: 0.0005690 seconds, Stopping threads took: 0.0000560 seconds
33.341: Application time: 0.0401130 seconds
33.345: [GC [PSYoungGen: 7664K->528K(8192K)] 19461K->12325K(26112K), 0.0005390 secs] [Times: user=0.00 sys=0.00, real=0.00 secs] 
33.346: Total time for which application threads were stopped: 0.0047710 seconds, Stopping threads took: 0.0041790 seconds
33.386: Application time: 0.0402610 seconds
33.386: [GC [PSYoungGen: 7696K->496K(8192K)] 19493K->12293K(26112K), 0.0004490 secs] [Times: user=0.00 sys=0.00, real=0.00 secs] 
33.386: Total time for which application threads were stopped: 0.0005520 seconds, Stopping threads took: 0.0000510 seconds
33.427: Application time: 0.0402420 seconds
33.427: [GC [PSYoungGen: 7664K->464K(8192K)] 19461K->12309K(26112K), 0.0004460 secs] [Times: user=0.00 sys=0.00, real=0.00 secs] 
33.427: Total time for which application threads were stopped: 0.0005460 seconds, Stopping threads took: 0.0000470 seconds
33.468: Application time: 0.0404510 seconds
33.468: [GC [PSYoungGen: 7632K->464K(8192K)] 19477K->12309K(26112K), 0.0004210 secs] [Times: user=0.01 sys=0.00, real=0.00 secs] 
33.468: Total time for which application threads were stopped: 0.0005190 seconds, Stopping threads took: 0.0000430 seconds
33.509: Application time: 0.0403660 seconds
33.509: [GC [PSYoungGen: 7632K->288K(8192K)] 19477K->12301K(26112K), 0.0004520 secs] [Times: user=0.00 sys=0.00, real=0.01 secs] 
33.509: Total time for which application threads were stopped: 0.0005560 seconds, Stopping threads took: 0.0000520 seconds
33.550: Application time: 0.0404450 seconds
33.550: [GC [PSYoungGen: 7456K->256K(8192K)] 19469K->12373K(26112K), 0.0004250 secs] [Times: user=0.00 sys=0.00, real=0.00 secs] 
33.550: Total time for which application threads were stopped: 0.0005260 seconds, Stopping threads took: 0.0000480 seconds
33.591: Application time: 0.0404400 seconds
33.591: [GC [PSYoungGen: 7424K->256K(8192K)] 19541K->12373K(26112K), 0.0003590 secs] [Times: user=0.00 sys=0.00, real=0.00 secs] 
33.591: Total time for which application threads were stopped: 0.0004550 seconds, Stopping threads took: 0.0000390 seconds
33.631: Application time: 0.0397800 seconds
33.631: [GC [PSYoungGen: 7424K->256K(8192K)] 19541K->12374K(26112K), 0.0004540 secs] [Times: user=0.00 sys=0.00, real=0.00 secs] 
33.631: Total time for which application threads were stopped: 0.0005510 seconds, Stopping threads took: 0.0000490 seconds
33.671: Application time: 0.0401300 seconds
33.672: [GC [PSYoungGen: 7419K->304K(8192K)] 19537K->12421K(26112K), 0.0004350 secs] [Times: user=0.00 sys=0.00, real=0.00 secs] 
33.672: Total time for which application threads were stopped: 0.0005510 seconds, Stopping threads took: 0.0000570 seconds
33.710: Application time: 0.0380120 seconds
33.710: [GC [PSYoungGen: 7472K->448K(8192K)] 19589K->12566K(26112K), 0.0004370 secs] [Times: user=0.00 sys=0.00, real=0.00 secs] 
33.711: Total time for which application threads were stopped: 0.0005370 seconds, Stopping threads took: 0.0000440 seconds
33.750: Application time: 0.0395760 seconds
33.750: [GC [PSYoungGen: 7616K->512K(8192K)] 19734K->12630K(26112K), 0.0004920 secs] [Times: user=0.00 sys=0.00, real=0.00 secs] 
33.751: Total time for which application threads were stopped: 0.0005910 seconds, Stopping threads took: 0.0000440 seconds
33.791: Application time: 0.0402860 seconds
33.791: [GC [PSYoungGen: 7680K->512K(8192K)] 19798K->12630K(26112K), 0.0004700 secs] [Times: user=0.00 sys=0.00, real=0.00 secs] 
33.792: Total time for which application threads were stopped: 0.0005730 seconds, Stopping threads took: 0.0000490 seconds
33.832: Application time: 0.0403420 seconds
33.832: [GC [PSYoungGen: 7680K->480K(8192K)] 19798K->12598K(26112K), 0.0004270 secs] [Times: user=0.00 sys=0.00, real=0.00 secs] 
33.832: Total time for which application threads were stopped: 0.0005490 seconds, Stopping threads took: 0.0000610 seconds
33.873: Application time: 0.0405860 seconds
33.873: [GC [PSYoungGen: 7648K->528K(8192K)] 19766K->12646K(26112K), 0.0004330 secs] [Times: user=0.00 sys=0.00, real=0.00 secs] 
33.874: Total time for which application threads were stopped: 0.0005230 seconds, Stopping threads took: 0.0000380 seconds
33.915: Application time: 0.0414630 seconds
33.915: [GC [PSYoungGen: 7696K->496K(8192K)] 19814K->12614K(26112K), 0.0004240 secs] [Times: user=0.01 sys=0.00, real=0.00 secs] 
33.916: Total time for which application threads were stopped: 0.0005240 seconds, Stopping threads took: 0.0000460 seconds
33.956: Application time: 0.0404100 seconds
33.956: [GC [PSYoungGen: 7664K->480K(8192K)] 19782K->12598K(26112K), 0.0004690 secs] [Times: user=0.00 sys=0.00, real=0.00 secs] 
33.957: Total time for which application threads were stopped: 0.0005710 seconds, Stopping threads took: 0.0000500 seconds
33.997: Application time: 0.0407650 seconds
33.997: [GC [PSYoungGen: 7648K->512K(8192K)] 19766K->12630K(26112K), 0.0004210 secs] [Times: user=0.00 sys=0.00, real=0.00 secs] 
33.998: Total time for which application threads were stopped: 0.0005280 seconds, Stopping threads took: 0.0000540 seconds
34.038: Application time: 0.0406200 seconds
34.039: [GC [PSYoungGen: 7680K->512K(8192K)] 19798K->12630K(26112K), 0.0004220 secs] [Times: user=0.00 sys=0.00, real=0.00 secs] 
34.039: Total time for which application threads were stopped: 0.0005210 seconds, Stopping threads took: 0.0000450 seconds
34.080: Application time: 0.0406240 seconds
34.080: [GC [PSYoungGen: 7680K->528K(8192K)] 19798K->12645K(26112K), 0.0004930 secs] [Times: user=0.01 sys=0.00, real=0.00 secs] 
34.080: Total time for which application threads were stopped: 0.0005950 seconds, Stopping threads took: 0.0000490 seconds
34.120: Application time: 0.0401660 seconds
34.120: [GC [PSYoungGen: 7696K->512K(8192K)] 19813K->12630K(26112K), 0.0004630 secs] [Times: user=0.00 sys=0.00, real=0.00 secs] 
34.121: Total time for which application threads were stopped: 0.0005590 seconds, Stopping threads took: 0.0000400 seconds
34.161: Application time: 0.0404120 seconds
34.161: [GC [PSYoungGen: 7680K->512K(8192K)] 19798K->12630K(26112K), 0.0004440 secs] [Times: user=0.01 sys=0.00, real=0.00 secs] 
34.162: Total time for which application threads were stopped: 0.0005510 seconds, Stopping threads took: 0.0000500 seconds
34.202: Application time: 0.0404310 seconds
34.202: [GC [PSYoungGen: 7680K->464K(8192K)] 19798K->12582K(26112K), 0.0004300 secs] [Times: user=0.00 sys=0.00, real=0.00 secs] 
34.203: Total time for which application threads were stopped: 0.0005290 seconds, Stopping threads took: 0.0000450 seconds
34.243: Application time: 0.0403770 seconds
34.243: [GC [PSYoungGen: 7632K->480K(8192K)] 19750K->12654K(26112K), 0.0004610 secs] [Times: user=0.00 sys=0.00, real=0.00 secs] 
34.244: Total time for which application threads were stopped: 0.0005500 seconds, Stopping threads took: 0.0000300 seconds
34.284: Application time: 0.0403840 seconds
34.284: [GC [PSYoungGen: 7648K->384K(8192K)] 19822K->12646K(26112K), 0.0004140 secs] [Times: user=0.01 sys=0.00, real=0.00 secs] 
34.285: Total time for which application threads were stopped: 0.0005180 seconds, Stopping threads took: 0.0000510 seconds
34.326: Application time: 0.0408170 seconds
34.326: [GC [PSYoungGen: 7552K->304K(8192K)] 19814K->12678K(26112K), 0.0004100 secs] [Times: user=0.00 sys=0.00, real=0.00 secs] 
34.326: Total time for which application threads were stopped: 0.0005140 seconds, Stopping threads took: 0.0000530 seconds
34.366: Application time: 0.0402170 seconds
34.366: [GC [PSYoungGen: 7472K->256K(8192K)] 19846K->12734K(26112K), 0.0003670 secs] [Times: user=0.00 sys=0.00, real=0.00 secs] 
34.367: Total time for which application threads were stopped: 0.0004740 seconds, Stopping threads took: 0.0000460 seconds
34.407: Application time: 0.0405150 seconds
34.407: [GC [PSYoungGen: 7424K->272K(8192K)] 19902K->12750K(26112K), 0.0003780 secs] [Times: user=0.00 sys=0.00, real=0.00 secs] 
34.408: Total time for which application threads were stopped: 0.0004820 seconds, Stopping threads took: 0.0000520 seconds
34.448: Application time: 0.0397650 seconds
34.448: [GC [PSYoungGen: 7440K->256K(8192K)] 19918K->12734K(26112K), 0.0004530 secs] [Times: user=0.00 sys=0.00, real=0.00 secs] 
34.448: Total time for which application threads were stopped: 0.0005480 seconds, Stopping threads took: 0.0000420 seconds
34.487: Application time: 0.0387070 seconds
34.487: [GC [PSYoungGen: 7424K->416K(8192K)] 19902K->12894K(26112K), 0.0004820 secs] [Times: user=0.00 sys=0.00, real=0.00 secs] 
34.487: Total time for which application threads were stopped: 0.0005730 seconds, Stopping threads took: 0.0000330 seconds
34.527: Application time: 0.0392410 seconds
34.527: [GC [PSYoungGen: 7584K->480K(8192K)] 20062K->12958K(26112K), 0.0004280 secs] [Times: user=0.00 sys=0.00, real=0.00 secs] 
34.527: Total time for which application threads were stopped: 0.0005360 seconds, Stopping threads took: 0.0000500 seconds
34.567: Application time: 0.0398550 seconds
34.567: [GC [PSYoungGen: 7648K->528K(8192K)] 20126K->13006K(26112K), 0.0004300 secs] [Times: user=0.00 sys=0.00, real=0.00 secs] 
34.568: Total time for which application threads were stopped: 0.0005240 seconds, Stopping threads took: 0.0000400 seconds
34.608: Application time: 0.0404270 seconds
34.608: [GC [PSYoungGen: 7696K->480K(8192K)] 20174K->12958K(26112K), 0.0004840 secs] [Times: user=0.00 sys=0.00, real=0.00 secs] 
34.609: Total time for which application threads were stopped: 0.0005870 seconds, Stopping threads took: 0.0000470 seconds
34.649: Application time: 0.0406360 seconds
34.649: [GC [PSYoungGen: 7648K->512K(8192K)] 20126K->12990K(26112K), 0.0004740 secs] [Times: user=0.00 sys=0.00, real=0.00 secs] 
34.650: Total time for which application threads were stopped: 0.0005880 seconds, Stopping threads took: 0.0000540 seconds
34.690: Application time: 0.0405240 seconds
34.690: [GC [PSYoungGen: 7680K->480K(8192K)] 20158K->12958K(26112K), 0.0004450 secs] [Times: user=0.00 sys=0.00, real=0.00 secs] 
34.691: Total time for which application threads were stopped: 0.0005450 seconds, Stopping threads took: 0.0000450 seconds
34.732: Application time: 0.0409680 seconds
34.732: [GC [PSYoungGen: 7648K->464K(8192K)] 20126K->12942K(26112K), 0.0004410 secs] [Times: user=0.01 sys=0.00, real=0.00 secs] 
34.732: Total time for which application threads were stopped: 0.0005440 seconds, Stopping threads took: 0.0000500 seconds
34.773: Application time: 0.0402580 seconds
34.773: [GC [PSYoungGen: 7632K->480K(8192K)] 20110K->12958K(26112K), 0.0004480 secs] [Times: user=0.00 sys=0.00, real=0.00 secs] 
34.773: Total time for which application threads were stopped: 0.0005400 seconds, Stopping threads took: 0.0000360 seconds
34.813: Application time: 0.0401990 seconds
34.813: [GC [PSYoungGen: 7648K->496K(8192K)] 20126K->12974K(26112K), 0.0004410 secs] [Times: user=0.00 sys=0.00, real=0.00 secs] 
34.815: Total time for which application threads were stopped: 0.0016940 seconds, Stopping threads took: 0.0000470 seconds
34.856: Application time: 0.0405610 seconds
34.856: [GC [PSYoungGen: 7664K->544K(8192K)] 20142K->13022K(26112K), 0.0004460 secs] [Times: user=0.00 sys=0.00, real=0.00 secs] 
34.856: Total time for which application threads were stopped: 0.0005400 seconds, Stopping threads took: 0.0000430 seconds
34.896: Application time: 0.0398620 seconds
34.896: [GC [PSYoungGen: 7712K->528K(8192K)] 20190K->13006K(26112K), 0.0004150 secs] [Times: user=0.00 sys=0.00, real=0.00 secs] 
34.897: Total time for which application threads were stopped: 0.0005210 seconds, Stopping threads took: 0.0000410 seconds
34.937: Application time: 0.0401880 seconds
34.937: [GC [PSYoungGen: 7696K->496K(8192K)] 20174K->12974K(26112K), 0.0004320 secs] [Times: user=0.00 sys=0.00, real=0.00 secs] 
34.937: Total time for which application threads were stopped: 0.0005350 seconds, Stopping threads took: 0.0000470 seconds
34.977: Application time: 0.0402230 seconds
34.978: [GC [PSYoungGen: 7664K->544K(8192K)] 20142K->13022K(26112K), 0.0004540 secs] [Times: user=0.00 sys=0.00, real=0.00 secs] 
34.978: Total time for which application threads were stopped: 0.0005510 seconds, Stopping threads took: 0.0000410 seconds
35.018: Application time: 0.0403900 seconds
35.018: [GC [PSYoungGen: 7712K->512K(8192K)] 20190K->12990K(26112K), 0.0004200 secs] [Times: user=0.01 sys=0.00, real=0.00 secs] 
35.019: Total time for which application threads were stopped: 0.0005150 seconds, Stopping threads took: 0.0000420 seconds
35.060: Application time: 0.0414140 seconds
35.060: [GC [PSYoungGen: 7680K->480K(8192K)] 20158K->13006K(26112K), 0.0004260 secs] [Times: user=0.00 sys=0.00, real=0.00 secs] 
35.061: Total time for which application threads were stopped: 0.0005180 seconds, Stopping threads took: 0.0000390 seconds
35.101: Application time: 0.0403000 seconds
35.101: [GC [PSYoungGen: 7648K->320K(8192K)] 20174K->12998K(26112K), 0.0004650 secs] [Times: user=0.00 sys=0.00, real=0.00 secs] 
35.102: Total time for which application threads were stopped: 0.0005580 seconds, Stopping threads took: 0.0000390 seconds
35.142: Application time: 0.0402790 seconds
35.142: [GC [PSYoungGen: 7488K->272K(8192K)] 20166K->13046K(26112K), 0.0003800 secs] [Times: user=0.00 sys=0.00, real=0.00 secs] 
35.142: Total time for which application threads were stopped: 0.0004740 seconds, Stopping threads took: 0.0000400 seconds
35.183: Application time: 0.0402550 seconds
35.183: [GC [PSYoungGen: 7440K->256K(8192K)] 20214K->13102K(26112K), 0.0003760 secs] [Times: user=0.00 sys=0.00, real=0.00 secs] 
35.183: Total time for which application threads were stopped: 0.0004790 seconds, Stopping threads took: 0.0000510 seconds
35.223: Application time: 0.0401280 seconds
35.223: [GC [PSYoungGen: 7424K->256K(8192K)] 20270K->13102K(26112K), 0.0004150 secs] [Times: user=0.00 sys=0.00, real=0.00 secs] 
35.224: Total time for which application threads were stopped: 0.0005110 seconds, Stopping threads took: 0.0000430 seconds
35.264: Application time: 0.0404000 seconds
35.264: [GC [PSYoungGen: 7424K->272K(8192K)] 20270K->13118K(26112K), 0.0004210 secs] [Times: user=0.00 sys=0.00, real=0.00 secs] 
35.265: Total time for which application threads were stopped: 0.0005280 seconds, Stopping threads took: 0.0000530 seconds
35.303: Application time: 0.0382920 seconds
35.303: [GC [PSYoungGen: 7440K->400K(8192K)] 20286K->13246K(26112K), 0.0004460 secs] [Times: user=0.00 sys=0.00, real=0.00 secs] 
35.304: Total time for which application threads were stopped: 0.0005460 seconds, Stopping threads took: 0.0000470 seconds
35.342: Application time: 0.0388110 seconds
35.343: [GC [PSYoungGen: 7568K->480K(8192K)] 20414K->13326K(26112K), 0.0004150 secs] [Times: user=0.00 sys=0.00, real=0.00 secs] 
35.343: Total time for which application threads were stopped: 0.0005140 seconds, Stopping threads took: 0.0000460 seconds
35.384: Application time: 0.0409270 seconds
35.384: [GC [PSYoungGen: 7648K->544K(8192K)] 20494K->13390K(26112K), 0.0004330 secs] [Times: user=0.00 sys=0.00, real=0.00 secs] 
35.384: Total time for which application threads were stopped: 0.0005340 seconds, Stopping threads took: 0.0000450 seconds
35.425: Application time: 0.0402570 seconds
35.425: [GC [PSYoungGen: 7712K->496K(8192K)] 20558K->13342K(26112K), 0.0004340 secs] [Times: user=0.00 sys=0.00, real=0.00 secs] 
35.425: Total time for which application threads were stopped: 0.0005440 seconds, Stopping threads took: 0.0000460 seconds
35.466: Application time: 0.0403410 seconds
35.466: [GC [PSYoungGen: 7664K->432K(8192K)] 20510K->13278K(26112K), 0.0004170 secs] [Times: user=0.01 sys=0.00, real=0.00 secs] 
35.466: Total time for which application threads were stopped: 0.0005130 seconds, Stopping threads took: 0.0000450 seconds
35.506: Application time: 0.0403220 seconds
35.506: [GC [PSYoungGen: 7600K->512K(8192K)] 20446K->13358K(26112K), 0.0004370 secs] [Times: user=0.00 sys=0.00, real=0.00 secs] 
35.507: Total time for which application threads were stopped: 0.0005400 seconds, Stopping threads took: 0.0000500 seconds
35.547: Application time: 0.0402850 seconds
35.547: [GC [PSYoungGen: 7680K->496K(8192K)] 20526K->13342K(26112K), 0.0004200 secs] [Times: user=0.00 sys=0.00, real=0.00 secs] 
35.548: Total time for which application threads were stopped: 0.0005180 seconds, Stopping threads took: 0.0000470 seconds
35.588: Application time: 0.0403980 seconds
35.588: [GC [PSYoungGen: 7664K->512K(8192K)] 20510K->13358K(26112K), 0.0004530 secs] [Times: user=0.00 sys=0.00, real=0.00 secs] 
35.589: Total time for which application threads were stopped: 0.0005560 seconds, Stopping threads took: 0.0000490 seconds
35.629: Application time: 0.0401200 seconds
35.629: [GC [PSYoungGen: 7680K->544K(8192K)] 20526K->13390K(26112K), 0.0004620 secs] [Times: user=0.00 sys=0.00, real=0.01 secs] 
35.629: Total time for which application threads were stopped: 0.0005550 seconds, Stopping threads took: 0.0000390 seconds
35.670: Application time: 0.0409100 seconds
35.670: [GC [PSYoungGen: 7712K->496K(8192K)] 20558K->13342K(26112K), 0.0005150 secs] [Times: user=0.01 sys=0.00, real=0.00 secs] 
35.671: Total time for which application threads were stopped: 0.0006330 seconds, Stopping threads took: 0.0000560 seconds
35.711: Application time: 0.0399940 seconds
35.711: [GC [PSYoungGen: 7664K->496K(8192K)] 20510K->13342K(26112K), 0.0004300 secs] [Times: user=0.01 sys=0.00, real=0.00 secs] 
35.711: Total time for which application threads were stopped: 0.0005330 seconds, Stopping threads took: 0.0000480 seconds
35.752: Application time: 0.0401610 seconds
35.752: [GC [PSYoungGen: 7664K->496K(8192K)] 20510K->13342K(26112K), 0.0004240 secs] [Times: user=0.00 sys=0.00, real=0.00 secs] 
35.752: Total time for which application threads were stopped: 0.0005280 seconds, Stopping threads took: 0.0000490 seconds
35.793: Application time: 0.0403620 seconds
35.793: [GC [PSYoungGen: 7664K->512K(8192K)] 20510K->13358K(26112K), 0.0004310 secs] [Times: user=0.00 sys=0.00, real=0.00 secs] 
35.793: Total time for which application threads were stopped: 0.0005350 seconds, Stopping threads took: 0.0000490 seconds
35.834: Application time: 0.0406610 seconds
35.834: [GC [PSYoungGen: 7680K->496K(8192K)] 20526K->13398K(26112K), 0.0004300 secs] [Times: user=0.00 sys=0.00, real=0.00 secs] 
35.834: Total time for which application threads were stopped: 0.0005250 seconds, Stopping threads took: 0.0000420 seconds
35.874: Application time: 0.0402170 seconds
35.875: [GC [PSYoungGen: 7664K->496K(8192K)] 20566K->13398K(26112K), 0.0004110 secs] [Times: user=0.00 sys=0.00, real=0.00 secs] 
35.875: Total time for which application threads were stopped: 0.0005110 seconds, Stopping threads took: 0.0000450 seconds
35.916: Application time: 0.0405470 seconds
35.916: [GC [PSYoungGen: 7664K->336K(8192K)] 20566K->13390K(26112K), 0.0004640 secs] [Times: user=0.00 sys=0.00, real=0.00 secs] 
35.916: Total time for which application threads were stopped: 0.0005590 seconds, Stopping threads took: 0.0000410 seconds
35.956: Application time: 0.0401530 seconds
35.956: [GC [PSYoungGen: 7504K->256K(8192K)] 20558K->13430K(26112K), 0.0004010 secs] [Times: user=0.00 sys=0.00, real=0.00 secs] 
35.957: Total time for which application threads were stopped: 0.0005150 seconds, Stopping threads took: 0.0000510 seconds
35.997: Application time: 0.0402960 seconds
35.997: [GC [PSYoungGen: 7424K->256K(8192K)] 20598K->13430K(26112K), 0.0003740 secs] [Times: user=0.01 sys=0.00, real=0.00 secs] 
35.998: Total time for which application threads were stopped: 0.0004740 seconds, Stopping threads took: 0.0000440 seconds
36.038: Application time: 0.0401010 seconds
36.038: [GC [PSYoungGen: 7424K->272K(8192K)] 20598K->13446K(26112K), 0.0003560 secs] [Times: user=0.00 sys=0.00, real=0.00 secs] 
36.038: Total time for which application threads were stopped: 0.0004580 seconds, Stopping threads took: 0.0000480 seconds
36.078: Application time: 0.0398580 seconds
36.078: [GC [PSYoungGen: 7440K->288K(8192K)] 20614K->13462K(26112K), 0.0004290 secs] [Times: user=0.00 sys=0.00, real=0.00 secs] 
36.078: Total time for which application threads were stopped: 0.0005340 seconds, Stopping threads took: 0.0000490 seconds
36.117: Application time: 0.0384990 seconds
36.117: [GC [PSYoungGen: 7456K->400K(8192K)] 20630K->13574K(26112K), 0.0003980 secs] [Times: user=0.00 sys=0.00, real=0.00 secs] 
36.117: Total time for which application threads were stopped: 0.0005030 seconds, Stopping threads took: 0.0000520 seconds
36.157: Application time: 0.0391190 seconds
36.157: [GC [PSYoungGen: 7568K->512K(8192K)] 20742K->13686K(26112K), 0.0004430 secs] [Times: user=0.00 sys=0.00, real=0.00 secs] 
36.157: Total time for which application threads were stopped: 0.0005480 seconds, Stopping threads took: 0.0000500 seconds
36.198: Application time: 0.0405250 seconds
36.198: [GC [PSYoungGen: 7680K->480K(8192K)] 20854K->13654K(26112K), 0.0004440 secs] [Times: user=0.00 sys=0.00, real=0.00 secs] 
36.198: Total time for which application threads were stopped: 0.0005410 seconds, Stopping threads took: 0.0000460 seconds
36.239: Application time: 0.0403600 seconds
36.239: [GC [PSYoungGen: 7648K->512K(8192K)] 20822K->13686K(26112K), 0.0004180 secs] [Times: user=0.00 sys=0.00, real=0.00 secs] 
36.239: Total time for which application threads were stopped: 0.0005180 seconds, Stopping threads took: 0.0000480 seconds
36.280: Application time: 0.0409830 seconds
36.280: [GC [PSYoungGen: 7680K->496K(8192K)] 20854K->13670K(26112K), 0.0004300 secs] [Times: user=0.00 sys=0.00, real=0.00 secs] 
36.281: Total time for which application threads were stopped: 0.0005280 seconds, Stopping threads took: 0.0000460 seconds
36.321: Application time: 0.0403470 seconds
36.321: [GC [PSYoungGen: 7664K->512K(8192K)] 20838K->13686K(26112K), 0.0004280 secs] [Times: user=0.00 sys=0.00, real=0.00 secs] 
36.321: Total time for which application threads were stopped: 0.0005220 seconds, Stopping threads took: 0.0000420 seconds
36.362: Application time: 0.0403470 seconds
36.362: [GC [PSYoungGen: 7680K->480K(8192K)] 20854K->13654K(26112K), 0.0004240 secs] [Times: user=0.00 sys=0.00, real=0.00 secs] 
36.362: Total time for which application threads were stopped: 0.0005240 seconds, Stopping threads took: 0.0000520 seconds
36.403: Application time: 0.0402770 seconds
36.403: [GC [PSYoungGen: 7648K->512K(8192K)] 20822K->13686K(26112K), 0.0004560 secs] [Times: user=0.00 sys=0.00, real=0.00 secs] 
36.403: Total time for which application threads were stopped: 0.0005420 seconds, Stopping threads took: 0.0000420 seconds
36.443: Application time: 0.0401770 seconds
36.443: [GC [PSYoungGen: 7680K->512K(8192K)] 20854K->13686K(26112K), 0.0004100 secs] [Times: user=0.01 sys=0.00, real=0.00 secs] 
36.444: Total time for which application threads were stopped: 0.0005100 seconds, Stopping threads took: 0.0000460 seconds
36.484: Application time: 0.0402230 seconds
36.484: [GC [PSYoungGen: 7680K->512K(8192K)] 20854K->13686K(26112K), 0.0005040 secs] [Times: user=0.00 sys=0.00, real=0.00 secs] 
36.485: Total time for which application threads were stopped: 0.0006160 seconds, Stopping threads took: 0.0000530 seconds
36.525: Application time: 0.0398410 seconds
36.525: [GC [PSYoungGen: 7680K->512K(8192K)] 20854K->13686K(26112K), 0.0004350 secs] [Times: user=0.00 sys=0.00, real=0.00 secs] 
36.525: Total time for which application threads were stopped: 0.0005250 seconds, Stopping threads took: 0.0000410 seconds
36.565: Application time: 0.0402150 seconds
36.565: [GC [PSYoungGen: 7680K->528K(8192K)] 20854K->13702K(26112K), 0.0004180 secs] [Times: user=0.00 sys=0.00, real=0.00 secs] 
36.566: Total time for which application threads were stopped: 0.0005010 seconds, Stopping threads took: 0.0000360 seconds
36.606: Application time: 0.0405140 seconds
36.606: [GC [PSYoungGen: 7696K->496K(8192K)] 20870K->13670K(26112K), 0.0004330 secs] [Times: user=0.00 sys=0.00, real=0.00 secs] 
36.607: Total time for which application threads were stopped: 0.0005190 seconds, Stopping threads took: 0.0000370 seconds
36.647: Application time: 0.0404470 seconds
36.647: [GC [PSYoungGen: 7664K->464K(8192K)] 20838K->13694K(26112K), 0.0005300 secs] [Times: user=0.00 sys=0.00, real=0.00 secs] 
36.648: Total time for which application threads were stopped: 0.0006470 seconds, Stopping threads took: 0.0000560 seconds
36.689: Application time: 0.0406980 seconds
36.689: [GC [PSYoungGen: 7631K->448K(8192K)] 20862K->13742K(26112K), 0.0004410 secs] [Times: user=0.00 sys=0.00, real=0.01 secs] 
36.689: Total time for which application threads were stopped: 0.0005470 seconds, Stopping threads took: 0.0000500 seconds
36.729: Application time: 0.0403280 seconds
36.730: [GC [PSYoungGen: 7616K->304K(8192K)] 20910K->13750K(26112K), 0.0004250 secs] [Times: user=0.00 sys=0.00, real=0.00 secs] 
36.730: Total time for which application threads were stopped: 0.0005270 seconds, Stopping threads took: 0.0000470 seconds
36.770: Application time: 0.0402150 seconds
36.770: [GC [PSYoungGen: 7472K->256K(8192K)] 20918K->13814K(26112K), 0.0003830 secs] [Times: user=0.00 sys=0.00, real=0.00 secs] 
36.771: Total time for which application threads were stopped: 0.0004860 seconds, Stopping threads took: 0.0000480 seconds
36.812: Application time: 0.0409650 seconds
36.812: [GC [PSYoungGen: 7424K->256K(8192K)] 20982K->13814K(26112K), 0.0003770 secs] [Times: user=0.00 sys=0.00, real=0.00 secs] 
36.812: Total time for which application threads were stopped: 0.0004740 seconds, Stopping threads took: 0.0000450 seconds
36.852: Application time: 0.0400310 seconds
36.852: [GC [PSYoungGen: 7424K->320K(8192K)] 20982K->13879K(26112K), 0.0003930 secs] [Times: user=0.00 sys=0.01, real=0.00 secs] 
36.853: Total time for which application threads were stopped: 0.0004910 seconds, Stopping threads took: 0.0000450 seconds
36.892: Application time: 0.0392580 seconds
36.892: [GC [PSYoungGen: 7488K->320K(8192K)] 21047K->13879K(26112K), 0.0003870 secs] [Times: user=0.00 sys=0.00, real=0.00 secs] 
36.892: Total time for which application threads were stopped: 0.0004970 seconds, Stopping threads took: 0.0000560 seconds
36.931: Application time: 0.0387200 seconds
36.931: [GC [PSYoungGen: 7488K->432K(8192K)] 21047K->13991K(26112K), 0.0004230 secs] [Times: user=0.00 sys=0.00, real=0.00 secs] 
36.932: Total time for which application threads were stopped: 0.0005290 seconds, Stopping threads took: 0.0000530 seconds
36.971: Application time: 0.0396890 seconds
36.971: [GC [PSYoungGen: 7600K->512K(8192K)] 21159K->14071K(26112K), 0.0004390 secs] [Times: user=0.00 sys=0.00, real=0.00 secs] 
36.972: Total time for which application threads were stopped: 0.0005400 seconds, Stopping threads took: 0.0000470 seconds
37.012: Application time: 0.0404380 seconds
37.012: [GC [PSYoungGen: 7680K->496K(8192K)] 21239K->14055K(26112K), 0.0004860 secs] [Times: user=0.00 sys=0.00, real=0.00 secs] 
37.013: Total time for which application threads were stopped: 0.0005880 seconds, Stopping threads took: 0.0000470 seconds
37.053: Application time: 0.0403230 seconds
37.053: [GC [PSYoungGen: 7664K->480K(8192K)] 21223K->14039K(26112K), 0.0004360 secs] [Times: user=0.00 sys=0.00, real=0.00 secs] 
37.054: Total time for which application threads were stopped: 0.0005360 seconds, Stopping threads took: 0.0000420 seconds
37.095: Application time: 0.0408490 seconds
37.095: [GC [PSYoungGen: 7648K->496K(8192K)] 21207K->14055K(26112K), 0.0004540 secs] [Times: user=0.00 sys=0.00, real=0.00 secs] 
37.095: Total time for which application threads were stopped: 0.0005560 seconds, Stopping threads took: 0.0000500 seconds
37.136: Application time: 0.0403800 seconds
37.136: [GC [PSYoungGen: 7664K->496K(8192K)] 21223K->14055K(26112K), 0.0004430 secs] [Times: user=0.00 sys=0.00, real=0.00 secs] 
37.136: Total time for which application threads were stopped: 0.0005340 seconds, Stopping threads took: 0.0000370 seconds
37.177: Application time: 0.0404250 seconds
37.177: [GC [PSYoungGen: 7664K->528K(8192K)] 21223K->14087K(26112K), 0.0004150 secs] [Times: user=0.01 sys=0.00, real=0.00 secs] 
37.177: Total time for which application threads were stopped: 0.0005160 seconds, Stopping threads took: 0.0000480 seconds
37.218: Application time: 0.0404860 seconds
37.218: [GC [PSYoungGen: 7696K->528K(8192K)] 21255K->14087K(26112K), 0.0004430 secs] [Times: user=0.00 sys=0.00, real=0.00 secs] 
37.218: Total time for which application threads were stopped: 0.0005530 seconds, Stopping threads took: 0.0000530 seconds
37.259: Application time: 0.0404490 seconds
37.259: [GC [PSYoungGen: 7696K->496K(8192K)] 21255K->14055K(26112K), 0.0004890 secs] [Times: user=0.00 sys=0.00, real=0.00 secs] 
37.259: Total time for which application threads were stopped: 0.0005910 seconds, Stopping threads took: 0.0000490 seconds
37.299: Application time: 0.0401930 seconds
37.299: [GC [PSYoungGen: 7664K->464K(8192K)] 21223K->14023K(26112K), 0.0004430 secs] [Times: user=0.01 sys=0.00, real=0.00 secs] 
37.300: Total time for which application threads were stopped: 0.0005520 seconds, Stopping threads took: 0.0000510 seconds
37.340: Application time: 0.0401770 seconds
37.340: [GC [PSYoungGen: 7632K->512K(8192K)] 21191K->14071K(26112K), 0.0004990 secs] [Times: user=0.00 sys=0.00, real=0.00 secs] 
37.341: Total time for which application threads were stopped: 0.0006200 seconds, Stopping threads took: 0.0000680 seconds
37.381: Application time: 0.0402320 seconds
37.381: [GC [PSYoungGen: 7680K->480K(8192K)] 21239K->14039K(26112K), 0.0004710 secs] [Times: user=0.00 sys=0.00, real=0.00 secs] 
37.382: Total time for which application threads were stopped: 0.0005820 seconds, Stopping threads took: 0.0000550 seconds
37.422: Application time: 0.0403160 seconds
37.422: [GC [PSYoungGen: 7648K->512K(8192K)] 21207K->14071K(26112K), 0.0004750 secs] [Times: user=0.00 sys=0.00, real=0.00 secs] 
37.422: Total time for which application threads were stopped: 0.0005630 seconds, Stopping threads took: 0.0000360 seconds
37.463: Application time: 0.0405940 seconds
37.463: [GC [PSYoungGen: 7680K->480K(8192K)] 21239K->14087K(26112K), 0.0004260 secs] [Times: user=0.01 sys=0.00, real=0.00 secs] 
37.464: Total time for which application threads were stopped: 0.0005220 seconds, Stopping threads took: 0.0000430 seconds
37.504: Application time: 0.0403590 seconds
37.504: [GC [PSYoungGen: 7648K->432K(8192K)] 21255K->14119K(26112K), 0.0004270 secs] [Times: user=0.01 sys=0.00, real=0.00 secs] 
37.504: Total time for which application threads were stopped: 0.0005260 seconds, Stopping threads took: 0.0000440 seconds
37.545: Application time: 0.0405850 seconds
37.545: [GC [PSYoungGen: 7600K->288K(8192K)] 21287K->14095K(26112K), 0.0004030 secs] [Times: user=0.00 sys=0.00, real=0.00 secs] 
37.546: Total time for which application threads were stopped: 0.0005180 seconds, Stopping threads took: 0.0000490 seconds
37.586: Application time: 0.0402550 seconds
37.589: [GC [PSYoungGen: 7456K->240K(8192K)] 21263K->14143K(26112K), 0.0004850 secs] [Times: user=0.00 sys=0.00, real=0.00 secs] 
37.590: Total time for which application threads were stopped: 0.0037770 seconds, Stopping threads took: 0.0032370 seconds
37.630: Application time: 0.0401610 seconds
37.630: [GC [PSYoungGen: 7408K->272K(8192K)] 21311K->14175K(26112K), 0.0004180 secs] [Times: user=0.00 sys=0.00, real=0.00 secs] 
37.630: Total time for which application threads were stopped: 0.0005230 seconds, Stopping threads took: 0.0000450 seconds
37.671: Application time: 0.0405540 seconds
37.671: [GC [PSYoungGen: 7440K->272K(8192K)] 21343K->14175K(26112K), 0.0004280 secs] [Times: user=0.01 sys=0.00, real=0.00 secs] 
37.671: Total time for which application threads were stopped: 0.0005440 seconds, Stopping threads took: 0.0000540 seconds
37.710: Application time: 0.0386330 seconds
37.710: [GC [PSYoungGen: 7440K->352K(8192K)] 21343K->14255K(26112K), 0.0004100 secs] [Times: user=0.01 sys=0.00, real=0.00 secs] 
37.710: Total time for which application threads were stopped: 0.0005070 seconds, Stopping threads took: 0.0000390 seconds
37.750: Application time: 0.0397890 seconds
37.750: [GC [PSYoungGen: 7520K->432K(8192K)] 21423K->14335K(26112K), 0.0004720 secs] [Times: user=0.01 sys=0.00, real=0.00 secs] 
37.751: Total time for which application threads were stopped: 0.0005800 seconds, Stopping threads took: 0.0000510 seconds
37.790: Application time: 0.0389790 seconds
37.790: [GC [PSYoungGen: 7600K->512K(8192K)] 21503K->14415K(26112K), 0.0004850 secs] [Times: user=0.00 sys=0.00, real=0.00 secs] 
37.790: Total time for which application threads were stopped: 0.0005900 seconds, Stopping threads took: 0.0000490 seconds
37.831: Application time: 0.0403620 seconds
37.831: [GC [PSYoungGen: 7680K->528K(8192K)] 21583K->14431K(26112K), 0.0004670 secs] [Times: user=0.00 sys=0.00, real=0.00 secs] 
37.831: Total time for which application threads were stopped: 0.0005660 seconds, Stopping threads took: 0.0000440 seconds
37.872: Application time: 0.0402840 seconds
37.872: [GC [PSYoungGen: 7696K->512K(8192K)] 21599K->14415K(26112K), 0.0004360 secs] [Times: user=0.00 sys=0.00, real=0.00 secs] 
37.872: Total time for which application threads were stopped: 0.0005270 seconds, Stopping threads took: 0.0000360 seconds
37.913: Application time: 0.0407510 seconds
37.913: [GC [PSYoungGen: 7680K->512K(8192K)] 21583K->14415K(26112K), 0.0004270 secs] [Times: user=0.00 sys=0.00, real=0.00 secs] 
37.913: Total time for which application threads were stopped: 0.0005230 seconds, Stopping threads took: 0.0000420 seconds
37.954: Application time: 0.0404150 seconds
37.954: [GC [PSYoungGen: 7680K->512K(8192K)] 21583K->14415K(26112K), 0.0004180 secs] [Times: user=0.00 sys=0.00, real=0.00 secs] 
37.954: Total time for which application threads were stopped: 0.0005220 seconds, Stopping threads took: 0.0000520 seconds
37.995: Application time: 0.0403560 seconds
37.995: [GC [PSYoungGen: 7680K->496K(8192K)] 21583K->14399K(26112K), 0.0004690 secs] [Times: user=0.00 sys=0.00, real=0.00 secs] 
37.995: Total time for which application threads were stopped: 0.0005710 seconds, Stopping threads took: 0.0000480 seconds
38.036: Application time: 0.0402960 seconds
38.036: [GC [PSYoungGen: 7664K->464K(8192K)] 21567K->14367K(26112K), 0.0004180 secs] [Times: user=0.00 sys=0.00, real=0.00 secs] 
38.036: Total time for which application threads were stopped: 0.0005200 seconds, Stopping threads took: 0.0000520 seconds
38.077: Application time: 0.0403850 seconds
38.077: [GC [PSYoungGen: 7632K->480K(8192K)] 21535K->14383K(26112K), 0.0004670 secs] [Times: user=0.00 sys=0.00, real=0.00 secs] 
38.077: Total time for which application threads were stopped: 0.0005820 seconds, Stopping threads took: 0.0000570 seconds
38.117: Application time: 0.0401490 seconds
38.117: [GC [PSYoungGen: 7648K->496K(8192K)] 21551K->14399K(26112K), 0.0004190 secs] [Times: user=0.00 sys=0.00, real=0.00 secs] 
38.118: Total time for which application threads were stopped: 0.0005200 seconds, Stopping threads took: 0.0000470 seconds
38.158: Application time: 0.0399270 seconds
38.158: [GC [PSYoungGen: 7664K->512K(8192K)] 21567K->14415K(26112K), 0.0004190 secs] [Times: user=0.00 sys=0.00, real=0.00 secs] 
38.158: Total time for which application threads were stopped: 0.0005200 seconds, Stopping threads took: 0.0000480 seconds
38.199: Application time: 0.0408220 seconds
38.199: [GC [PSYoungGen: 7680K->496K(8192K)] 21583K->14399K(26112K), 0.0004830 secs] [Times: user=0.00 sys=0.00, real=0.00 secs] 
38.200: Total time for which application threads were stopped: 0.0005790 seconds, Stopping threads took: 0.0000440 seconds
38.240: Application time: 0.0402230 seconds
38.240: [GC [PSYoungGen: 7664K->432K(8192K)] 21567K->14391K(26112K), 0.0004280 secs] [Times: user=0.00 sys=0.00, real=0.00 secs] 
38.240: Total time for which application threads were stopped: 0.0005190 seconds, Stopping threads took: 0.0000380 seconds
38.281: Application time: 0.0403040 seconds
38.281: [GC [PSYoungGen: 7600K->480K(8192K)] 21559K->14439K(26112K), 0.0004220 secs] [Times: user=0.00 sys=0.00, real=0.01 secs] 
38.281: Total time for which application threads were stopped: 0.0005270 seconds, Stopping threads took: 0.0000530 seconds
38.322: Application time: 0.0402950 seconds
38.322: [GC [PSYoungGen: 7648K->384K(8192K)] 21607K->14475K(26112K), 0.0004220 secs] [Times: user=0.00 sys=0.00, real=0.00 secs] 
38.322: Total time for which application threads were stopped: 0.0005200 seconds, Stopping threads took: 0.0000450 seconds
38.362: Application time: 0.0404460 seconds
38.363: [GC [PSYoungGen: 7552K->288K(8192K)] 21643K->14475K(26112K), 0.0004140 secs] [Times: user=0.00 sys=0.00, real=0.00 secs] 
38.363: Total time for which application threads were stopped: 0.0005190 seconds, Stopping threads took: 0.0000510 seconds
38.403: Application time: 0.0401700 seconds
38.403: [GC [PSYoungGen: 7456K->256K(8192K)] 21643K->14555K(26112K), 0.0003860 secs] [Times: user=0.00 sys=0.00, real=0.00 secs] 
38.404: Total time for which application threads were stopped: 0.0004940 seconds, Stopping threads took: 0.0000550 seconds
38.444: Application time: 0.0400190 seconds
38.444: [GC [PSYoungGen: 7424K->240K(8192K)] 21723K->14539K(26112K), 0.0004200 secs] [Times: user=0.00 sys=0.00, real=0.00 secs] 
38.444: Total time for which application threads were stopped: 0.0005260 seconds, Stopping threads took: 0.0000480 seconds
38.484: Application time: 0.0399260 seconds
38.484: [GC [PSYoungGen: 7408K->256K(8192K)] 21707K->14555K(26112K), 0.0004550 secs] [Times: user=0.00 sys=0.00, real=0.00 secs] 
38.485: Total time for which application threads were stopped: 0.0005510 seconds, Stopping threads took: 0.0000420 seconds
38.523: Application time: 0.0387460 seconds
38.524: [GC [PSYoungGen: 7424K->400K(8192K)] 21723K->14699K(26112K), 0.0004770 secs] [Times: user=0.00 sys=0.00, real=0.00 secs] 
38.524: Total time for which application threads were stopped: 0.0005770 seconds, Stopping threads took: 0.0000470 seconds
38.563: Application time: 0.0388680 seconds
38.563: [GC [PSYoungGen: 7568K->480K(8192K)] 21867K->14779K(26112K), 0.0004210 secs] [Times: user=0.00 sys=0.00, real=0.00 secs] 
38.563: Total time for which application threads were stopped: 0.0005280 seconds, Stopping threads took: 0.0000520 seconds
38.604: Application time: 0.0402140 seconds
38.604: [GC [PSYoungGen: 7648K->496K(8192K)] 21947K->14795K(26112K), 0.0004910 secs] [Times: user=0.00 sys=0.00, real=0.00 secs] 
38.604: Total time for which application threads were stopped: 0.0006050 seconds, Stopping threads took: 0.0000490 seconds
38.646: Application time: 0.0412660 seconds
38.646: [GC [PSYoungGen: 7664K->544K(8192K)] 21963K->14843K(26112K), 0.0005050 secs] [Times: user=0.00 sys=0.00, real=0.00 secs] 
38.646: Total time for which application threads were stopped: 0.0006180 seconds, Stopping threads took: 0.0000490 seconds
38.687: Application time: 0.0403920 seconds
38.687: [GC [PSYoungGen: 7712K->528K(8192K)] 22011K->14827K(26112K), 0.0004850 secs] [Times: user=0.01 sys=0.00, real=0.00 secs] 
38.687: Total time for which application threads were stopped: 0.0005880 seconds, Stopping threads took: 0.0000470 seconds
38.727: Application time: 0.0403340 seconds
38.728: [GC [PSYoungGen: 7696K->496K(8192K)] 21995K->14795K(26112K), 0.0004370 secs] [Times: user=0.00 sys=0.00, real=0.00 secs] 
38.728: Total time for which application threads were stopped: 0.0005290 seconds, Stopping threads took: 0.0000370 seconds
38.769: Application time: 0.0405490 seconds
38.769: [GC [PSYoungGen: 7664K->464K(8192K)] 21963K->14763K(26112K), 0.0004460 secs] [Times: user=0.00 sys=0.00, real=0.01 secs] 
38.769: Total time for which application threads were stopped: 0.0005440 seconds, Stopping threads took: 0.0000430 seconds
38.810: Application time: 0.0404580 seconds
38.810: [GC [PSYoungGen: 7632K->528K(8192K)] 21931K->14827K(26112K), 0.0004200 secs] [Times: user=0.00 sys=0.00, real=0.00 secs] 
38.810: Total time for which application threads were stopped: 0.0005110 seconds, Stopping threads took: 0.0000390 seconds
38.850: Application time: 0.0403990 seconds
38.851: [GC [PSYoungGen: 7696K->512K(8192K)] 21995K->14811K(26112K), 0.0004240 secs] [Times: user=0.01 sys=0.00, real=0.00 secs] 
38.851: Total time for which application threads were stopped: 0.0005250 seconds, Stopping threads took: 0.0000490 seconds
38.891: Application time: 0.0401010 seconds
38.891: [GC [PSYoungGen: 7680K->480K(8192K)] 21979K->14779K(26112K), 0.0004270 secs] [Times: user=0.00 sys=0.00, real=0.00 secs] 
38.892: Total time for which application threads were stopped: 0.0005190 seconds, Stopping threads took: 0.0000390 seconds
38.932: Application time: 0.0401970 seconds
38.932: [GC [PSYoungGen: 7648K->528K(8192K)] 21947K->14827K(26112K), 0.0004310 secs] [Times: user=0.00 sys=0.00, real=0.00 secs] 
38.932: Total time for which application threads were stopped: 0.0005330 seconds, Stopping threads took: 0.0000490 seconds
38.972: Application time: 0.0401380 seconds
38.973: [GC [PSYoungGen: 7696K->512K(8192K)] 21995K->14811K(26112K), 0.0004350 secs] [Times: user=0.00 sys=0.00, real=0.00 secs] 
38.973: Total time for which application threads were stopped: 0.0005410 seconds, Stopping threads took: 0.0000490 seconds
39.013: Application time: 0.0402110 seconds
39.013: [GC [PSYoungGen: 7680K->480K(8192K)] 21979K->14779K(26112K), 0.0004670 secs] [Times: user=0.00 sys=0.00, real=0.00 secs] 
39.014: Total time for which application threads were stopped: 0.0005590 seconds, Stopping threads took: 0.0000410 seconds
39.054: Application time: 0.0402260 seconds
39.054: [GC [PSYoungGen: 7648K->432K(8192K)] 21947K->14787K(26112K), 0.0004780 secs] [Times: user=0.00 sys=0.00, real=0.00 secs] 
39.055: Total time for which application threads were stopped: 0.0005790 seconds, Stopping threads took: 0.0000470 seconds
39.095: Application time: 0.0406260 seconds
39.095: [GC [PSYoungGen: 7600K->432K(8192K)] 21955K->14851K(26112K), 0.0004230 secs] [Times: user=0.00 sys=0.00, real=0.00 secs] 
39.096: Total time for which application threads were stopped: 0.0005160 seconds, Stopping threads took: 0.0000410 seconds
39.136: Application time: 0.0402320 seconds
39.136: [GC [PSYoungGen: 7600K->368K(8192K)] 22019K->14907K(26112K), 0.0004080 secs] [Times: user=0.00 sys=0.00, real=0.00 secs] 
39.136: Total time for which application threads were stopped: 0.0005130 seconds, Stopping threads took: 0.0000420 seconds
39.177: Application time: 0.0404100 seconds
39.177: [GC [PSYoungGen: 7536K->256K(8192K)] 22075K->14923K(26112K), 0.0003960 secs] [Times: user=0.00 sys=0.00, real=0.00 secs] 
39.177: Total time for which application threads were stopped: 0.0005030 seconds, Stopping threads took: 0.0000540 seconds
39.218: Application time: 0.0407830 seconds
39.218: [GC [PSYoungGen: 7423K->256K(8192K)] 22091K->14923K(26112K), 0.0003730 secs] [Times: user=0.00 sys=0.00, real=0.00 secs] 
39.219: Total time for which application threads were stopped: 0.0004760 seconds, Stopping threads took: 0.0000490 seconds
39.258: Application time: 0.0394380 seconds
39.258: [GC [PSYoungGen: 7424K->288K(8192K)] 22091K->14955K(26112K), 0.0004010 secs] [Times: user=0.00 sys=0.00, real=0.00 secs] 
39.259: Total time for which application threads were stopped: 0.0004970 seconds, Stopping threads took: 0.0000430 seconds
39.298: Application time: 0.0398990 seconds
39.299: [GC [PSYoungGen: 7456K->304K(8192K)] 22123K->14971K(26112K), 0.0004270 secs] [Times: user=0.00 sys=0.00, real=0.00 secs] 
39.299: Total time for which application threads were stopped: 0.0005310 seconds, Stopping threads took: 0.0000430 seconds
39.338: Application time: 0.0393070 seconds
39.338: [GC [PSYoungGen: 7472K->416K(8192K)] 22139K->15083K(26112K), 0.0004020 secs] [Times: user=0.00 sys=0.00, real=0.00 secs] 
39.339: Total time for which application threads were stopped: 0.0005040 seconds, Stopping threads took: 0.0000460 seconds
39.378: Application time: 0.0386700 seconds
39.378: [GC [PSYoungGen: 7584K->528K(8192K)] 22251K->15195K(26112K), 0.0004350 secs] [Times: user=0.00 sys=0.00, real=0.00 secs] 
39.378: Total time for which application threads were stopped: 0.0005370 seconds, Stopping threads took: 0.0000460 seconds
39.418: Application time: 0.0402690 seconds
39.418: [GC [PSYoungGen: 7696K->496K(8192K)] 22363K->15163K(26112K), 0.0004130 secs] [Times: user=0.00 sys=0.00, real=0.00 secs] 
39.419: Total time for which application threads were stopped: 0.0005050 seconds, Stopping threads took: 0.0000390 seconds
39.459: Application time: 0.0402350 seconds
39.459: [GC [PSYoungGen: 7664K->496K(8192K)] 22331K->15163K(26112K), 0.0004350 secs] [Times: user=0.00 sys=0.00, real=0.00 secs] 
39.460: Total time for which application threads were stopped: 0.0005300 seconds, Stopping threads took: 0.0000420 seconds
39.501: Application time: 0.0409310 seconds
39.501: [GC [PSYoungGen: 7664K->496K(8192K)] 22331K->15163K(26112K), 0.0004450 secs] [Times: user=0.00 sys=0.00, real=0.01 secs] 
39.501: Total time for which application threads were stopped: 0.0005330 seconds, Stopping threads took: 0.0000340 seconds
39.541: Application time: 0.0403640 seconds
39.541: [GC [PSYoungGen: 7664K->464K(8192K)] 22331K->15131K(26112K), 0.0004170 secs] [Times: user=0.00 sys=0.00, real=0.00 secs] 
39.542: Total time for which application threads were stopped: 0.0005120 seconds, Stopping threads took: 0.0000420 seconds
39.582: Application time: 0.0404320 seconds
39.582: [GC [PSYoungGen: 7632K->480K(8192K)] 22299K->15147K(26112K), 0.0004280 secs] [Times: user=0.00 sys=0.00, real=0.00 secs] 
39.583: Total time for which application threads were stopped: 0.0005260 seconds, Stopping threads took: 0.0000460 seconds
39.623: Application time: 0.0402870 seconds
39.623: [GC [PSYoungGen: 7648K->560K(8192K)] 22315K->15227K(26112K), 0.0004450 secs] [Times: user=0.00 sys=0.00, real=0.00 secs] 
39.624: Total time for which application threads were stopped: 0.0005470 seconds, Stopping threads took: 0.0000490 seconds
39.665: Application time: 0.0409220 seconds
39.665: [GC [PSYoungGen: 7728K->528K(8192K)] 22395K->15195K(26112K), 0.0004880 secs] [Times: user=0.00 sys=0.00, real=0.00 secs] 
39.665: Total time for which application threads were stopped: 0.0006040 seconds, Stopping threads took: 0.0000450 seconds
39.706: Application time: 0.0402670 seconds
39.706: [GC [PSYoungGen: 7696K->496K(8192K)] 22363K->15163K(26112K), 0.0004290 secs] [Times: user=0.00 sys=0.00, real=0.00 secs] 
39.706: Total time for which application threads were stopped: 0.0005230 seconds, Stopping threads took: 0.0000380 seconds
39.746: Application time: 0.0399320 seconds
39.746: [GC [PSYoungGen: 7664K->496K(8192K)] 22331K->15163K(26112K), 0.0004290 secs] [Times: user=0.00 sys=0.00, real=0.00 secs] 
39.747: Total time for which application threads were stopped: 0.0005280 seconds, Stopping threads took: 0.0000470 seconds
39.787: Application time: 0.0401800 seconds
39.787: [GC [PSYoungGen: 7664K->464K(8192K)] 22331K->15131K(26112K), 0.0004090 secs] [Times: user=0.01 sys=0.00, real=0.00 secs] 
39.787: Total time for which application threads were stopped: 0.0005070 seconds, Stopping threads took: 0.0000470 seconds
39.828: Application time: 0.0406300 seconds
39.828: [GC [PSYoungGen: 7632K->512K(8192K)] 22299K->15179K(26112K), 0.0004770 secs] [Times: user=0.00 sys=0.00, real=0.01 secs] 
39.830: Total time for which application threads were stopped: 0.0017180 seconds, Stopping threads took: 0.0000460 seconds
39.870: Application time: 0.0406060 seconds
39.870: [GC [PSYoungGen: 7680K->480K(8192K)] 22347K->15203K(26112K), 0.0004480 secs] [Times: user=0.00 sys=0.00, real=0.00 secs] 
39.871: Total time for which application threads were stopped: 0.0005520 seconds, Stopping threads took: 0.0000470 seconds
39.911: Application time: 0.0403090 seconds
39.911: [GC [PSYoungGen: 7648K->400K(8192K)] 22371K->15211K(26112K), 0.0004110 secs] [Times: user=0.01 sys=0.00, real=0.00 secs] 
39.912: Total time for which application threads were stopped: 0.0005030 seconds, Stopping threads took: 0.0000420 seconds
39.952: Application time: 0.0402980 seconds
39.952: [GC [PSYoungGen: 7568K->336K(8192K)] 22379K->15243K(26112K), 0.0003990 secs] [Times: user=0.00 sys=0.00, real=0.00 secs] 
39.952: Total time for which application threads were stopped: 0.0005030 seconds, Stopping threads took: 0.0000520 seconds
39.993: Application time: 0.0403730 seconds
39.993: [GC [PSYoungGen: 7504K->256K(8192K)] 22411K->15275K(26112K), 0.0004090 secs] [Times: user=0.00 sys=0.00, real=0.00 secs] 
39.993: Total time for which application threads were stopped: 0.0005050 seconds, Stopping threads took: 0.0000440 seconds
40.034: Application time: 0.0405700 seconds
40.034: [GC [PSYoungGen: 7424K->272K(8192K)] 22443K->15292K(26112K), 0.0003990 secs] [Times: user=0.00 sys=0.00, real=0.00 secs] 
40.034: Total time for which application threads were stopped: 0.0004920 seconds, Stopping threads took: 0.0000440 seconds
40.074: Application time: 0.0399970 seconds
40.074: [GC [PSYoungGen: 7440K->272K(8192K)] 22460K->15292K(26112K), 0.0003860 secs] [Times: user=0.00 sys=0.00, real=0.00 secs] 
40.075: Total time for which application threads were stopped: 0.0004990 seconds, Stopping threads took: 0.0000610 seconds
40.114: Application time: 0.0392970 seconds
40.114: [GC [PSYoungGen: 7440K->352K(8192K)] 22460K->15372K(26112K), 0.0003940 secs] [Times: user=0.01 sys=0.00, real=0.00 secs] 
40.115: Total time for which application threads were stopped: 0.0004990 seconds, Stopping threads took: 0.0000520 seconds
40.154: Application time: 0.0389900 seconds
40.154: [GC [PSYoungGen: 7520K->416K(8192K)] 22540K->15436K(26112K), 0.0005170 secs] [Times: user=0.01 sys=0.00, real=0.00 secs] 
40.154: Total time for which application threads were stopped: 0.0006170 seconds, Stopping threads took: 0.0000470 seconds
40.193: Application time: 0.0392450 seconds
40.194: [GC [PSYoungGen: 7584K->480K(8192K)] 22604K->15500K(26112K), 0.0004330 secs] [Times: user=0.00 sys=0.00, real=0.00 secs] 
40.194: Total time for which application threads were stopped: 0.0005470 seconds, Stopping threads took: 0.0000510 seconds
40.234: Application time: 0.0404470 seconds
40.235: [GC [PSYoungGen: 7647K->496K(8192K)] 22667K->15516K(26112K), 0.0004330 secs] [Times: user=0.00 sys=0.00, real=0.00 secs] 
40.235: Total time for which application threads were stopped: 0.0005360 seconds, Stopping threads took: 0.0000510 seconds
40.275: Application time: 0.0403480 seconds
40.275: [GC [PSYoungGen: 7664K->496K(8192K)] 22684K->15516K(26112K), 0.0004370 secs] [Times: user=0.00 sys=0.00, real=0.00 secs] 
40.276: Total time for which application threads were stopped: 0.0005300 seconds, Stopping threads took: 0.0000400 seconds
40.316: Application time: 0.0404650 seconds
40.316: [GC [PSYoungGen: 7664K->512K(8192K)] 22684K->15532K(26112K), 0.0004270 secs] [Times: user=0.00 sys=0.00, real=0.00 secs] 
40.317: Total time for which application threads were stopped: 0.0005180 seconds, Stopping threads took: 0.0000370 seconds
40.357: Application time: 0.0403030 seconds
40.357: [GC [PSYoungGen: 7680K->512K(8192K)] 22700K->15532K(26112K), 0.0004530 secs] [Times: user=0.00 sys=0.00, real=0.00 secs] 
40.358: Total time for which application threads were stopped: 0.0005540 seconds, Stopping threads took: 0.0000470 seconds
40.398: Application time: 0.0403800 seconds
40.398: [GC [PSYoungGen: 7680K->528K(8192K)] 22700K->15548K(26112K), 0.0004280 secs] [Times: user=0.00 sys=0.00, real=0.00 secs] 
40.399: Total time for which application threads were stopped: 0.0005350 seconds, Stopping threads took: 0.0000530 seconds
40.439: Application time: 0.0405210 seconds
40.439: [GC [PSYoungGen: 7696K->512K(8192K)] 22716K->15532K(26112K), 0.0004320 secs] [Times: user=0.00 sys=0.00, real=0.00 secs] 
40.440: Total time for which application threads were stopped: 0.0005260 seconds, Stopping threads took: 0.0000430 seconds
40.480: Application time: 0.0407730 seconds
40.481: [GC [PSYoungGen: 7680K->464K(8192K)] 22700K->15484K(26112K), 0.0005160 secs] [Times: user=0.01 sys=0.00, real=0.01 secs] 
40.481: Total time for which application threads were stopped: 0.0006140 seconds, Stopping threads took: 0.0000430 seconds
40.521: Application time: 0.0398480 seconds
40.521: [GC [PSYoungGen: 7620K->464K(8192K)] 22640K->15484K(26112K), 0.0004740 secs] [Times: user=0.00 sys=0.00, real=0.01 secs] 
40.521: Total time for which application threads were stopped: 0.0005730 seconds, Stopping threads took: 0.0000440 seconds
40.561: Application time: 0.0398200 seconds
40.561: [GC [PSYoungGen: 7632K->528K(8192K)] 22652K->15548K(26112K), 0.0004750 secs] [Times: user=0.00 sys=0.00, real=0.00 secs] 
40.562: Total time for which application threads were stopped: 0.0005700 seconds, Stopping threads took: 0.0000440 seconds
40.602: Application time: 0.0403280 seconds
40.602: [GC [PSYoungGen: 7696K->528K(8192K)] 22716K->15548K(26112K), 0.0004720 secs] [Times: user=0.01 sys=0.00, real=0.00 secs] 
40.603: Total time for which application threads were stopped: 0.0005680 seconds, Stopping threads took: 0.0000450 seconds
40.644: Application time: 0.0415260 seconds
40.644: [GC [PSYoungGen: 7696K->496K(8192K)] 22716K->15516K(26112K), 0.0005190 secs] [Times: user=0.00 sys=0.00, real=0.00 secs] 
40.645: Total time for which application threads were stopped: 0.0006490 seconds, Stopping threads took: 0.0000670 seconds
40.686: Application time: 0.0405620 seconds
40.686: [GC [PSYoungGen: 7664K->480K(8192K)] 22684K->15564K(26112K), 0.0005470 secs] [Times: user=0.00 sys=0.00, real=0.00 secs] 
40.686: Total time for which application threads were stopped: 0.0006470 seconds, Stopping threads took: 0.0000420 seconds
40.726: Application time: 0.0402950 seconds
40.727: [GC [PSYoungGen: 7648K->416K(8192K)] 22732K->15596K(26112K), 0.0004260 secs] [Times: user=0.00 sys=0.00, real=0.00 secs] 
40.727: Total time for which application threads were stopped: 0.0005240 seconds, Stopping threads took: 0.0000390 seconds
40.768: Application time: 0.0410720 seconds
40.768: [GC [PSYoungGen: 7584K->288K(8192K)] 22764K->15588K(26112K), 0.0004070 secs] [Times: user=0.00 sys=0.00, real=0.00 secs] 
40.769: Total time for which application threads were stopped: 0.0004980 seconds, Stopping threads took: 0.0000370 seconds
40.809: Application time: 0.0403370 seconds
40.809: [GC [PSYoungGen: 7456K->256K(8192K)] 22756K->15668K(26112K), 0.0004020 secs] [Times: user=0.00 sys=0.00, real=0.01 secs] 
40.809: Total time for which application threads were stopped: 0.0005170 seconds, Stopping threads took: 0.0000590 seconds
40.850: Application time: 0.0402530 seconds
40.850: [GC [PSYoungGen: 7424K->256K(8192K)] 22836K->15668K(26112K), 0.0003720 secs] [Times: user=0.00 sys=0.00, real=0.00 secs] 
40.850: Total time for which application threads were stopped: 0.0004600 seconds, Stopping threads took: 0.0000370 seconds
40.890: Application time: 0.0399700 seconds
40.890: [GC [PSYoungGen: 7424K->304K(8192K)] 22836K->15716K(26112K), 0.0004470 secs] [Times: user=0.01 sys=0.00, real=0.00 secs] 
40.891: Total time for which application threads were stopped: 0.0005520 seconds, Stopping threads took: 0.0000510 seconds
40.929: Application time: 0.0380830 seconds
40.933: [GC [PSYoungGen: 7472K->368K(8192K)] 22884K->15780K(26112K), 0.0003940 secs] [Times: user=0.00 sys=0.00, real=0.00 secs] 
40.933: Total time for which application threads were stopped: 0.0047400 seconds, Stopping threads took: 0.0042880 seconds
40.973: Application time: 0.0395430 seconds
40.973: [GC [PSYoungGen: 7536K->400K(8192K)] 22948K->15812K(26112K), 0.0004440 secs] [Times: user=0.00 sys=0.00, real=0.00 secs] 
40.974: Total time for which application threads were stopped: 0.0005660 seconds, Stopping threads took: 0.0000680 seconds
41.014: Application time: 0.0400890 seconds
41.014: [GC [PSYoungGen: 7568K->496K(8192K)] 22980K->15908K(26112K), 0.0004740 secs] [Times: user=0.00 sys=0.00, real=0.00 secs] 
41.014: Total time for which application threads were stopped: 0.0005820 seconds, Stopping threads took: 0.0000550 seconds
41.055: Application time: 0.0403200 seconds
41.057: [GC [PSYoungGen: 7664K->496K(8192K)] 23076K->15908K(26112K), 0.0004520 secs] [Times: user=0.00 sys=0.00, real=0.00 secs] 
41.058: Total time for which application threads were stopped: 0.0029450 seconds, Stopping threads took: 0.0024420 seconds
41.098: Application time: 0.0403370 seconds
41.098: [GC [PSYoungGen: 7664K->496K(8192K)] 23076K->15908K(26112K), 0.0004120 secs] [Times: user=0.00 sys=0.00, real=0.00 secs] 
41.098: Total time for which application threads were stopped: 0.0005130 seconds, Stopping threads took: 0.0000500 seconds
41.139: Application time: 0.0407780 seconds
41.139: [GC [PSYoungGen: 7664K->512K(8192K)] 23076K->15924K(26112K), 0.0004170 secs] [Times: user=0.00 sys=0.00, real=0.00 secs] 
41.140: Total time for which application threads were stopped: 0.0005160 seconds, Stopping threads took: 0.0000430 seconds
41.180: Application time: 0.0407520 seconds
41.180: [GC [PSYoungGen: 7680K->512K(8192K)] 23092K->15924K(26112K), 0.0004180 secs] [Times: user=0.00 sys=0.00, real=0.00 secs] 
41.181: Total time for which application threads were stopped: 0.0005130 seconds, Stopping threads took: 0.0000420 seconds
41.221: Application time: 0.0402820 seconds
41.221: [GC [PSYoungGen: 7680K->448K(8192K)] 23092K->15860K(26112K), 0.0004340 secs] [Times: user=0.00 sys=0.00, real=0.00 secs] 
41.222: Total time for which application threads were stopped: 0.0005210 seconds, Stopping threads took: 0.0000340 seconds
41.262: Application time: 0.0403030 seconds
41.265: [GC [PSYoungGen: 7616K->448K(8192K)] 23028K->15860K(26112K), 0.0004650 secs] [Times: user=0.01 sys=0.00, real=0.00 secs] 
41.266: Total time for which application threads were stopped: 0.0034940 seconds, Stopping threads took: 0.0029650 seconds
41.306: Application time: 0.0403810 seconds
41.306: [GC [PSYoungGen: 7616K->496K(8192K)] 23028K->15908K(26112K), 0.0004580 secs] [Times: user=0.01 sys=0.00, real=0.00 secs] 
41.306: Total time for which application threads were stopped: 0.0005580 seconds, Stopping threads took: 0.0000460 seconds
41.346: Application time: 0.0398100 seconds
41.346: [GC [PSYoungGen: 7664K->512K(8192K)] 23076K->15924K(26112K), 0.0004150 secs] [Times: user=0.00 sys=0.00, real=0.00 secs] 
41.347: Total time for which application threads were stopped: 0.0005160 seconds, Stopping threads took: 0.0000490 seconds
41.387: Application time: 0.0402240 seconds
41.387: [GC [PSYoungGen: 7680K->496K(8192K)] 23092K->15908K(26112K), 0.0004250 secs] [Times: user=0.00 sys=0.00, real=0.00 secs] 
41.388: Total time for which application threads were stopped: 0.0005200 seconds, Stopping threads took: 0.0000420 seconds
41.428: Application time: 0.0402860 seconds
41.428: [GC [PSYoungGen: 7664K->512K(8192K)] 23076K->15924K(26112K), 0.0004260 secs] [Times: user=0.00 sys=0.00, real=0.00 secs] 
41.428: Total time for which application threads were stopped: 0.0005170 seconds, Stopping threads took: 0.0000390 seconds
41.469: Application time: 0.0404810 seconds
41.469: [GC [PSYoungGen: 7680K->496K(8192K)] 23092K->15908K(26112K), 0.0004210 secs] [Times: user=0.00 sys=0.00, real=0.01 secs] 
41.469: Total time for which application threads were stopped: 0.0005260 seconds, Stopping threads took: 0.0000490 seconds
41.510: Application time: 0.0402670 seconds
41.510: [GC [PSYoungGen: 7664K->464K(8192K)] 23076K->15932K(26112K), 0.0004540 secs] [Times: user=0.00 sys=0.00, real=0.00 secs] 
41.510: Total time for which application threads were stopped: 0.0005500 seconds, Stopping threads took: 0.0000450 seconds
41.550: Application time: 0.0402980 seconds
41.551: [GC [PSYoungGen: 7632K->336K(8192K)] 23100K->15956K(26112K), 0.0004260 secs] [Times: user=0.00 sys=0.00, real=0.00 secs] 
41.551: Total time for which application threads were stopped: 0.0005190 seconds, Stopping threads took: 0.0000380 seconds
41.592: Application time: 0.0406370 seconds
41.592: [GC [PSYoungGen: 7504K->272K(8192K)] 23124K->15980K(26112K), 0.0004330 secs] [Times: user=0.00 sys=0.00, real=0.00 secs] 
41.592: Total time for which application threads were stopped: 0.0005370 seconds, Stopping threads took: 0.0000500 seconds
41.633: Application time: 0.0403100 seconds
41.633: [GC [PSYoungGen: 7440K->256K(8192K)] 23148K->16028K(26112K), 0.0003760 secs] [Times: user=0.00 sys=0.00, real=0.00 secs] 
41.633: Total time for which application threads were stopped: 0.0004910 seconds, Stopping threads took: 0.0000560 seconds
41.673: Application time: 0.0402380 seconds
41.673: [GC [PSYoungGen: 7424K->256K(8192K)] 23196K->16028K(26112K), 0.0005080 secs] [Times: user=0.00 sys=0.00, real=0.00 secs] 
41.674: Total time for which application threads were stopped: 0.0006120 seconds, Stopping threads took: 0.0000450 seconds
41.714: Application time: 0.0402610 seconds
41.714: [GC [PSYoungGen: 7424K->272K(8192K)] 23196K->16044K(26112K), 0.0003860 secs] [Times: user=0.00 sys=0.00, real=0.00 secs] 
41.715: Total time for which application threads were stopped: 0.0004850 seconds, Stopping threads took: 0.0000460 seconds
41.753: Application time: 0.0385600 seconds
41.753: [GC [PSYoungGen: 7440K->416K(8192K)] 23212K->16188K(26112K), 0.0004050 secs] [Times: user=0.00 sys=0.00, real=0.00 secs] 
41.754: Total time for which application threads were stopped: 0.0005100 seconds, Stopping threads took: 0.0000480 seconds
41.793: Application time: 0.0389590 seconds
41.793: [GC [PSYoungGen: 7584K->528K(8192K)] 23356K->16300K(26112K), 0.0004810 secs] [Times: user=0.00 sys=0.00, real=0.00 secs] 
41.793: Total time for which application threads were stopped: 0.0005880 seconds, Stopping threads took: 0.0000450 seconds
41.833: Application time: 0.0402620 seconds
41.834: [GC [PSYoungGen: 7696K->480K(8192K)] 23468K->16252K(26112K), 0.0004430 secs] [Times: user=0.00 sys=0.00, real=0.00 secs] 
41.834: Total time for which application threads were stopped: 0.0005680 seconds, Stopping threads took: 0.0000710 seconds
41.874: Application time: 0.0402830 seconds
41.874: [GC [PSYoungGen: 7648K->496K(8192K)] 23420K->16268K(26112K), 0.0004730 secs] [Times: user=0.01 sys=0.00, real=0.00 secs] 
41.875: Total time for which application threads were stopped: 0.0005710 seconds, Stopping threads took: 0.0000460 seconds
41.915: Application time: 0.0404350 seconds
41.915: [GC [PSYoungGen: 7664K->528K(8192K)] 23436K->16300K(26112K), 0.0004580 secs] [Times: user=0.00 sys=0.00, real=0.00 secs] 
41.916: Total time for which application threads were stopped: 0.0005630 seconds, Stopping threads took: 0.0000500 seconds
41.957: Application time: 0.0406310 seconds
41.957: [GC [PSYoungGen: 7696K->528K(8192K)] 23468K->16300K(26112K), 0.0004240 secs] [Times: user=0.00 sys=0.00, real=0.00 secs] 
41.957: Total time for which application threads were stopped: 0.0005200 seconds, Stopping threads took: 0.0000410 seconds
41.998: Application time: 0.0404820 seconds
41.998: [GC [PSYoungGen: 7696K->480K(8192K)] 23468K->16252K(26112K), 0.0004320 secs] [Times: user=0.00 sys=0.00, real=0.00 secs] 
41.998: Total time for which application threads were stopped: 0.0005330 seconds, Stopping threads took: 0.0000470 seconds
42.039: Application time: 0.0412010 seconds
42.039: [GC [PSYoungGen: 7648K->496K(8192K)] 23420K->16268K(26112K), 0.0004220 secs] [Times: user=0.00 sys=0.00, real=0.00 secs] 
42.040: Total time for which application threads were stopped: 0.0005190 seconds, Stopping threads took: 0.0000440 seconds
42.080: Application time: 0.0400670 seconds
42.080: [GC [PSYoungGen: 7664K->496K(8192K)] 23436K->16268K(26112K), 0.0004400 secs] [Times: user=0.00 sys=0.00, real=0.00 secs] 
42.080: Total time for which application threads were stopped: 0.0005630 seconds, Stopping threads took: 0.0000720 seconds
42.121: Application time: 0.0404420 seconds
42.121: [GC [PSYoungGen: 7664K->512K(8192K)] 23436K->16284K(26112K), 0.0004960 secs] [Times: user=0.00 sys=0.00, real=0.01 secs] 
42.121: Total time for which application threads were stopped: 0.0005970 seconds, Stopping threads took: 0.0000420 seconds
42.162: Application time: 0.0401420 seconds
42.162: [GC [PSYoungGen: 7680K->464K(8192K)] 23452K->16236K(26112K), 0.0004240 secs] [Times: user=0.00 sys=0.00, real=0.00 secs] 
42.162: Total time for which application threads were stopped: 0.0005310 seconds, Stopping threads took: 0.0000510 seconds
42.202: Application time: 0.0400560 seconds
42.202: [GC [PSYoungGen: 7632K->496K(8192K)] 23404K->16268K(26112K), 0.0004380 secs] [Times: user=0.00 sys=0.00, real=0.00 secs] 
42.203: Total time for which application threads were stopped: 0.0005450 seconds, Stopping threads took: 0.0000530 seconds
42.243: Application time: 0.0405680 seconds
42.243: [GC [PSYoungGen: 7664K->528K(8192K)] 23436K->16300K(26112K), 0.0004300 secs] [Times: user=0.01 sys=0.00, real=0.00 secs] 
42.244: Total time for which application threads were stopped: 0.0005300 seconds, Stopping threads took: 0.0000470 seconds
42.284: Application time: 0.0405200 seconds
42.284: [GC [PSYoungGen: 7696K->512K(8192K)] 23468K->16332K(26112K), 0.0004720 secs] [Times: user=0.00 sys=0.00, real=0.00 secs] 
42.285: Total time for which application threads were stopped: 0.0005720 seconds, Stopping threads took: 0.0000460 seconds
42.325: Application time: 0.0404330 seconds
42.325: [GC [PSYoungGen: 7680K->496K(8192K)] 23500K->16316K(26112K), 0.0005010 secs] [Times: user=0.00 sys=0.00, real=0.00 secs] 
42.326: Total time for which application threads were stopped: 0.0006150 seconds, Stopping threads took: 0.0000500 seconds
42.366: Application time: 0.0402950 seconds
42.366: [GC [PSYoungGen: 7664K->320K(8192K)] 23484K->16284K(26112K), 0.0004140 secs] [Times: user=0.00 sys=0.00, real=0.00 secs] 
42.367: Total time for which application threads were stopped: 0.0005090 seconds, Stopping threads took: 0.0000430 seconds
42.407: Application time: 0.0402610 seconds
42.407: [GC [PSYoungGen: 7488K->256K(8192K)] 23452K->16348K(26112K), 0.0004320 secs] [Times: user=0.01 sys=0.00, real=0.00 secs] 
42.408: Total time for which application threads were stopped: 0.0005320 seconds, Stopping threads took: 0.0000460 seconds
42.448: Application time: 0.0402960 seconds
42.448: [GC [PSYoungGen: 7424K->208K(8192K)] 23516K->16300K(26112K), 0.0004040 secs] [Times: user=0.00 sys=0.00, real=0.00 secs] 
42.448: Total time for which application threads were stopped: 0.0005040 seconds, Stopping threads took: 0.0000480 seconds
42.488: Application time: 0.0398760 seconds
42.488: [GC [PSYoungGen: 7376K->272K(8192K)] 23468K->16364K(26112K), 0.0003700 secs] [Times: user=0.00 sys=0.00, real=0.00 secs] 
42.489: Total time for which application threads were stopped: 0.0004660 seconds, Stopping threads took: 0.0000440 seconds
42.529: Application time: 0.0400140 seconds
42.529: [GC [PSYoungGen: 7440K->320K(8192K)] 23532K->16412K(26112K), 0.0004150 secs] [Times: user=0.00 sys=0.00, real=0.01 secs] 
42.529: Total time for which application threads were stopped: 0.0005010 seconds, Stopping threads took: 0.0000360 seconds
42.567: Application time: 0.0380690 seconds
42.567: [GC [PSYoungGen: 7488K->416K(8192K)] 23580K->16508K(26112K), 0.0004190 secs] [Times: user=0.00 sys=0.00, real=0.00 secs] 
42.568: Total time for which application threads were stopped: 0.0005230 seconds, Stopping threads took: 0.0000490 seconds
42.607: Application time: 0.0394000 seconds
42.607: [GC [PSYoungGen: 7584K->528K(8192K)] 23676K->16620K(26112K), 0.0004720 secs] [Times: user=0.00 sys=0.00, real=0.00 secs] 
42.608: Total time for which application threads were stopped: 0.0005800 seconds, Stopping threads took: 0.0000530 seconds
42.648: Application time: 0.0406120 seconds
42.649: [GC [PSYoungGen: 7696K->512K(8192K)] 23788K->16604K(26112K), 0.0004890 secs] [Times: user=0.01 sys=0.00, real=0.01 secs] 
42.649: Total time for which application threads were stopped: 0.0005900 seconds, Stopping threads took: 0.0000400 seconds
42.690: Application time: 0.0408070 seconds
42.690: [GC [PSYoungGen: 7680K->512K(8192K)] 23772K->16604K(26112K), 0.0004440 secs] [Times: user=0.01 sys=0.00, real=0.00 secs] 
42.690: Total time for which application threads were stopped: 0.0005530 seconds, Stopping threads took: 0.0000440 seconds
42.731: Application time: 0.0403510 seconds
42.731: [GC [PSYoungGen: 7680K->528K(8192K)] 23772K->16620K(26112K), 0.0004290 secs] [Times: user=0.00 sys=0.00, real=0.00 secs] 
42.731: Total time for which application threads were stopped: 0.0005300 seconds, Stopping threads took: 0.0000470 seconds
42.772: Application time: 0.0404920 seconds
42.772: [GC [PSYoungGen: 7696K->512K(8192K)] 23788K->16604K(26112K), 0.0004490 secs] [Times: user=0.00 sys=0.00, real=0.00 secs] 
42.772: Total time for which application threads were stopped: 0.0005520 seconds, Stopping threads took: 0.0000480 seconds
42.813: Application time: 0.0403210 seconds
42.813: [GC [PSYoungGen: 7680K->480K(8192K)] 23772K->16572K(26112K), 0.0004270 secs] [Times: user=0.00 sys=0.00, real=0.00 secs] 
42.813: Total time for which application threads were stopped: 0.0005310 seconds, Stopping threads took: 0.0000480 seconds
42.854: Application time: 0.0406800 seconds
42.854: [GC [PSYoungGen: 7648K->528K(8192K)] 23740K->16620K(26112K), 0.0004330 secs] [Times: user=0.00 sys=0.00, real=0.00 secs] 
42.854: Total time for which application threads were stopped: 0.0005430 seconds, Stopping threads took: 0.0000510 seconds
42.895: Application time: 0.0403980 seconds
42.895: [GC [PSYoungGen: 7696K->496K(8192K)] 23788K->16588K(26112K), 0.0004430 secs] [Times: user=0.01 sys=0.00, real=0.00 secs] 
42.895: Total time for which application threads were stopped: 0.0005550 seconds, Stopping threads took: 0.0000580 seconds
42.935: Application time: 0.0401110 seconds
42.936: [GC [PSYoungGen: 7664K->544K(8192K)] 23756K->16636K(26112K), 0.0004630 secs] [Times: user=0.00 sys=0.00, real=0.00 secs] 
42.936: Total time for which application threads were stopped: 0.0005640 seconds, Stopping threads took: 0.0000470 seconds
42.976: Application time: 0.0398560 seconds
42.976: [GC [PSYoungGen: 7712K->528K(8192K)] 23804K->16620K(26112K), 0.0004470 secs] [Times: user=0.00 sys=0.00, real=0.00 secs] 
42.976: Total time for which application threads were stopped: 0.0005520 seconds, Stopping threads took: 0.0000490 seconds
43.017: Application time: 0.0403050 seconds
43.017: [GC [PSYoungGen: 7696K->528K(8192K)] 23788K->16620K(26112K), 0.0004250 secs] [Times: user=0.01 sys=0.00, real=0.00 secs] 
43.017: Total time for which application threads were stopped: 0.0005230 seconds, Stopping threads took: 0.0000430 seconds
43.058: Application time: 0.0405710 seconds
43.061: [GC [PSYoungGen: 7696K->512K(8192K)] 23788K->16604K(26112K), 0.0004350 secs] [Times: user=0.00 sys=0.00, real=0.00 secs] 
43.062: Total time for which application threads were stopped: 0.0036340 seconds, Stopping threads took: 0.0031470 seconds
43.102: Application time: 0.0402600 seconds
43.102: [GC [PSYoungGen: 7680K->432K(8192K)] 23772K->16580K(26112K), 0.0004460 secs] [Times: user=0.01 sys=0.00, real=0.00 secs] 
43.102: Total time for which application threads were stopped: 0.0005380 seconds, Stopping threads took: 0.0000380 seconds
43.143: Application time: 0.0403380 seconds
43.143: [GC [PSYoungGen: 7600K->448K(8192K)] 23748K->16644K(26112K), 0.0004210 secs] [Times: user=0.00 sys=0.00, real=0.00 secs] 
43.143: Total time for which application threads were stopped: 0.0005270 seconds, Stopping threads took: 0.0000540 seconds
43.183: Application time: 0.0402680 seconds
43.184: [GC [PSYoungGen: 7616K->320K(8192K)] 23812K->16668K(26112K), 0.0004280 secs] [Times: user=0.00 sys=0.00, real=0.00 secs] 
43.184: Total time for which application threads were stopped: 0.0005130 seconds, Stopping threads took: 0.0000320 seconds
43.224: Application time: 0.0402780 seconds
43.224: [GC [PSYoungGen: 7488K->256K(8192K)] 23836K->16708K(26112K), 0.0004340 secs] [Times: user=0.00 sys=0.00, real=0.00 secs] 
43.225: Total time for which application threads were stopped: 0.0005290 seconds, Stopping threads took: 0.0000420 seconds
43.265: Application time: 0.0407200 seconds
43.266: [GC [PSYoungGen: 7424K->224K(8192K)] 23876K->16677K(26112K), 0.0004460 secs] [Times: user=0.00 sys=0.00, real=0.00 secs] 
43.266: Total time for which application threads were stopped: 0.0005470 seconds, Stopping threads took: 0.0000490 seconds
43.306: Application time: 0.0397170 seconds
43.306: [GC [PSYoungGen: 7392K->272K(8192K)] 23845K->16725K(26112K), 0.0003670 secs] [Times: user=0.00 sys=0.00, real=0.00 secs] 
43.306: Total time for which application threads were stopped: 0.0004750 seconds, Stopping threads took: 0.0000550 seconds
43.346: Application time: 0.0398910 seconds
43.346: [GC [PSYoungGen: 7430K->288K(8192K)] 23883K->16741K(26112K), 0.0003870 secs] [Times: user=0.00 sys=0.00, real=0.00 secs] 
43.347: Total time for which application threads were stopped: 0.0004890 seconds, Stopping threads took: 0.0000480 seconds
43.385: Application time: 0.0379160 seconds
43.385: [GC [PSYoungGen: 7456K->448K(8192K)] 23909K->16901K(26112K), 0.0004240 secs] [Times: user=0.00 sys=0.00, real=0.00 secs] 
43.385: Total time for which application threads were stopped: 0.0005300 seconds, Stopping threads took: 0.0000400 seconds
43.425: Application time: 0.0395420 seconds
43.425: [GC [PSYoungGen: 7616K->496K(8192K)] 24069K->16949K(26112K), 0.0004490 secs] [Times: user=0.00 sys=0.00, real=0.00 secs] 
43.425: Total time for which application threads were stopped: 0.0005440 seconds, Stopping threads took: 0.0000390 seconds
43.465: Application time: 0.0403370 seconds
43.466: [GC [PSYoungGen: 7664K->496K(8192K)] 24117K->16949K(26112K), 0.0005000 secs] [Times: user=0.00 sys=0.00, real=0.00 secs] 
43.466: Total time for which application threads were stopped: 0.0005980 seconds, Stopping threads took: 0.0000440 seconds
43.507: Application time: 0.0404640 seconds
43.507: [GC [PSYoungGen: 7664K->528K(8192K)] 24117K->16981K(26112K), 0.0004330 secs] [Times: user=0.00 sys=0.00, real=0.00 secs] 
43.507: Total time for which application threads were stopped: 0.0005250 seconds, Stopping threads took: 0.0000400 seconds
43.548: Application time: 0.0404380 seconds
43.548: [GC [PSYoungGen: 7696K->528K(8192K)] 24149K->16981K(26112K), 0.0004150 secs] [Times: user=0.00 sys=0.00, real=0.00 secs] 
43.548: Total time for which application threads were stopped: 0.0005160 seconds, Stopping threads took: 0.0000450 seconds
43.589: Application time: 0.0405010 seconds
43.593: [GC [PSYoungGen: 7696K->512K(8192K)] 24149K->16965K(26112K), 0.0004430 secs] [Times: user=0.00 sys=0.00, real=0.00 secs] 
43.594: Total time for which application threads were stopped: 0.0049780 seconds, Stopping threads took: 0.0044810 seconds
43.634: Application time: 0.0402780 seconds
43.634: [GC [PSYoungGen: 7680K->480K(8192K)] 24133K->16933K(26112K), 0.0004420 secs] [Times: user=0.00 sys=0.00, real=0.00 secs] 
43.634: Total time for which application threads were stopped: 0.0005430 seconds, Stopping threads took: 0.0000450 seconds
43.675: Application time: 0.0409330 seconds
43.675: [GC [PSYoungGen: 7648K->496K(8192K)] 24101K->16949K(26112K), 0.0004980 secs] [Times: user=0.00 sys=0.00, real=0.00 secs] 
43.676: Total time for which application threads were stopped: 0.0006120 seconds, Stopping threads took: 0.0000500 seconds
43.716: Application time: 0.0402240 seconds
43.716: [GC [PSYoungGen: 7664K->496K(8192K)] 24117K->16949K(26112K), 0.0004240 secs] [Times: user=0.00 sys=0.00, real=0.00 secs] 
43.717: Total time for which application threads were stopped: 0.0005320 seconds, Stopping threads took: 0.0000570 seconds
43.757: Application time: 0.0401760 seconds
43.757: [GC [PSYoungGen: 7664K->544K(8192K)] 24117K->16997K(26112K), 0.0004250 secs] [Times: user=0.00 sys=0.00, real=0.00 secs] 
43.757: Total time for which application threads were stopped: 0.0005110 seconds, Stopping threads took: 0.0000370 seconds
43.797: Application time: 0.0401390 seconds
43.798: [GC [PSYoungGen: 7712K->464K(8192K)] 24165K->16917K(26112K), 0.0004330 secs] [Times: user=0.01 sys=0.00, real=0.00 secs] 
43.798: Total time for which application threads were stopped: 0.0005360 seconds, Stopping threads took: 0.0000490 seconds
43.838: Application time: 0.0401820 seconds
43.838: [GC [PSYoungGen: 7632K->496K(8192K)] 24085K->16949K(26112K), 0.0004910 secs] [Times: user=0.00 sys=0.00, real=0.00 secs] 
43.839: Total time for which application threads were stopped: 0.0005810 seconds, Stopping threads took: 0.0000380 seconds
43.879: Application time: 0.0406040 seconds
43.881: [GC [PSYoungGen: 7664K->480K(8192K)] 24117K->16933K(26112K), 0.0004660 secs] [Times: user=0.00 sys=0.00, real=0.00 secs] 
43.882: Total time for which application threads were stopped: 0.0021500 seconds, Stopping threads took: 0.0016320 seconds
43.922: Application time: 0.0403900 seconds
43.922: [GC [PSYoungGen: 7648K->480K(8192K)] 24101K->16989K(26112K), 0.0004300 secs] [Times: user=0.01 sys=0.00, real=0.00 secs] 
43.923: Total time for which application threads were stopped: 0.0005700 seconds, Stopping threads took: 0.0000750 seconds
43.963: Application time: 0.0403110 seconds
43.963: [GC [PSYoungGen: 7648K->464K(8192K)] 24157K->17029K(26112K), 0.0004200 secs] [Times: user=0.00 sys=0.00, real=0.00 secs] 
43.963: Total time for which application threads were stopped: 0.0005180 seconds, Stopping threads took: 0.0000450 seconds
44.004: Application time: 0.0403870 seconds
44.004: [GC [PSYoungGen: 7632K->272K(8192K)] 24197K->17025K(26112K), 0.0004540 secs] [Times: user=0.00 sys=0.00, real=0.00 secs] 
44.004: Total time for which application threads were stopped: 0.0005520 seconds, Stopping threads took: 0.0000460 seconds
44.045: Application time: 0.0404590 seconds
44.045: [GC [PSYoungGen: 7440K->240K(8192K)] 24193K->17049K(26112K), 0.0004030 secs] [Times: user=0.00 sys=0.00, real=0.00 secs] 
44.045: Total time for which application threads were stopped: 0.0005000 seconds, Stopping threads took: 0.0000460 seconds
44.086: Application time: 0.0405250 seconds
44.086: [GC [PSYoungGen: 7408K->256K(8192K)] 24217K->17065K(26112K), 0.0003860 secs] [Times: user=0.00 sys=0.00, real=0.00 secs] 
44.086: Total time for which application threads were stopped: 0.0005000 seconds, Stopping threads took: 0.0000620 seconds
44.126: Application time: 0.0397870 seconds
44.126: [GC [PSYoungGen: 7424K->272K(8192K)] 24233K->17081K(26112K), 0.0003930 secs] [Times: user=0.00 sys=0.00, real=0.00 secs] 
44.127: Total time for which application threads were stopped: 0.0004900 seconds, Stopping threads took: 0.0000420 seconds
44.165: Application time: 0.0384710 seconds
44.165: [GC [PSYoungGen: 7440K->352K(8192K)] 24249K->17161K(26112K), 0.0004450 secs] [Times: user=0.00 sys=0.00, real=0.00 secs] 
44.166: Total time for which application threads were stopped: 0.0005440 seconds, Stopping threads took: 0.0000450 seconds
44.205: Application time: 0.0393140 seconds
44.205: [GC [PSYoungGen: 7520K->480K(8192K)] 24329K->17289K(26112K), 0.0004140 secs] [Times: user=0.00 sys=0.01, real=0.00 secs] 
44.205: Total time for which application threads were stopped: 0.0005200 seconds, Stopping threads took: 0.0000520 seconds
44.245: Application time: 0.0396850 seconds
44.245: [GC [PSYoungGen: 7648K->480K(8192K)] 24457K->17289K(26112K), 0.0004280 secs] [Times: user=0.00 sys=0.00, real=0.00 secs] 
44.246: Total time for which application threads were stopped: 0.0005290 seconds, Stopping threads took: 0.0000480 seconds
44.286: Application time: 0.0406190 seconds
44.286: [GC [PSYoungGen: 7648K->480K(8192K)] 24457K->17289K(26112K), 0.0004380 secs] [Times: user=0.00 sys=0.00, real=0.00 secs] 
44.287: Total time for which application threads were stopped: 0.0005360 seconds, Stopping threads took: 0.0000450 seconds
44.327: Application time: 0.0402480 seconds
44.327: [GC [PSYoungGen: 7648K->496K(8192K)] 24457K->17305K(26112K), 0.0004400 secs] [Times: user=0.00 sys=0.00, real=0.00 secs] 
44.328: Total time for which application threads were stopped: 0.0005330 seconds, Stopping threads took: 0.0000430 seconds
44.368: Application time: 0.0407700 seconds
44.368: [GC [PSYoungGen: 7664K->528K(8192K)] 24473K->17337K(26112K), 0.0004780 secs] [Times: user=0.00 sys=0.00, real=0.00 secs] 
44.369: Total time for which application threads were stopped: 0.0005810 seconds, Stopping threads took: 0.0000510 seconds
44.409: Application time: 0.0403910 seconds
44.409: [GC [PSYoungGen: 7696K->512K(8192K)] 24505K->17321K(26112K), 0.0004770 secs] [Times: user=0.00 sys=0.00, real=0.00 secs] 
44.410: Total time for which application threads were stopped: 0.0005750 seconds, Stopping threads took: 0.0000460 seconds
44.450: Application time: 0.0403350 seconds
44.450: [GC [PSYoungGen: 7680K->544K(8192K)] 24489K->17353K(26112K), 0.0005070 secs] [Times: user=0.00 sys=0.00, real=0.00 secs] 
44.451: Total time for which application threads were stopped: 0.0006180 seconds, Stopping threads took: 0.0000460 seconds
44.491: Application time: 0.0404190 seconds
44.491: [GC [PSYoungGen: 7712K->496K(8192K)] 24521K->17305K(26112K), 0.0004230 secs] [Times: user=0.00 sys=0.00, real=0.00 secs] 
44.492: Total time for which application threads were stopped: 0.0005300 seconds, Stopping threads took: 0.0000520 seconds
44.532: Application time: 0.0402380 seconds
44.532: [GC [PSYoungGen: 7664K->496K(8192K)] 24473K->17305K(26112K), 0.0004490 secs] [Times: user=0.00 sys=0.00, real=0.00 secs] 
44.533: Total time for which application threads were stopped: 0.0005400 seconds, Stopping threads took: 0.0000360 seconds
44.573: Application time: 0.0400710 seconds
44.573: [GC [PSYoungGen: 7664K->528K(8192K)] 24473K->17337K(26112K), 0.0005020 secs] [Times: user=0.00 sys=0.00, real=0.00 secs] 
44.573: Total time for which application threads were stopped: 0.0006100 seconds, Stopping threads took: 0.0000520 seconds
44.614: Application time: 0.0406340 seconds
44.614: [GC [PSYoungGen: 7696K->496K(8192K)] 24505K->17305K(26112K), 0.0004400 secs] [Times: user=0.00 sys=0.00, real=0.00 secs] 
44.614: Total time for which application threads were stopped: 0.0005440 seconds, Stopping threads took: 0.0000500 seconds
44.655: Application time: 0.0408280 seconds
44.655: [GC [PSYoungGen: 7664K->528K(8192K)] 24473K->17337K(26112K), 0.0005010 secs] [Times: user=0.00 sys=0.00, real=0.00 secs] 
44.656: Total time for which application threads were stopped: 0.0006080 seconds, Stopping threads took: 0.0000460 seconds
44.696: Application time: 0.0405000 seconds
44.696: [GC [PSYoungGen: 7696K->512K(8192K)] 24505K->17321K(26112K), 0.0004580 secs] [Times: user=0.00 sys=0.00, real=0.00 secs] 
44.697: Total time for which application threads were stopped: 0.0005670 seconds, Stopping threads took: 0.0000530 seconds
44.737: Application time: 0.0402500 seconds
44.737: [GC [PSYoungGen: 7680K->448K(8192K)] 24489K->17313K(26112K), 0.0004680 secs] [Times: user=0.00 sys=0.00, real=0.00 secs] 
44.738: Total time for which application threads were stopped: 0.0005630 seconds, Stopping threads took: 0.0000430 seconds
44.778: Application time: 0.0402230 seconds
44.778: [GC [PSYoungGen: 7616K->304K(8192K)] 24481K->17325K(26112K), 0.0004610 secs] [Times: user=0.01 sys=0.00, real=0.00 secs] 
44.779: Total time for which application threads were stopped: 0.0005710 seconds, Stopping threads took: 0.0000530 seconds
44.819: Application time: 0.0404860 seconds
44.819: [GC [PSYoungGen: 7472K->288K(8192K)] 24493K->17397K(26112K), 0.0004280 secs] [Times: user=0.00 sys=0.00, real=0.00 secs] 
44.820: Total time for which application threads were stopped: 0.0005300 seconds, Stopping threads took: 0.0000480 seconds
44.860: Application time: 0.0401580 seconds
44.860: [GC [PSYoungGen: 7456K->256K(8192K)] 24565K->17421K(26112K), 0.0004170 secs] [Times: user=0.00 sys=0.00, real=0.01 secs] 
44.861: Total time for which application threads were stopped: 0.0015550 seconds, Stopping threads took: 0.0000460 seconds
44.902: Application time: 0.0405570 seconds
44.902: [GC [PSYoungGen: 7424K->256K(8192K)] 24589K->17421K(26112K), 0.0003790 secs] [Times: user=0.00 sys=0.00, real=0.00 secs] 
44.902: Total time for which application threads were stopped: 0.0005010 seconds, Stopping threads took: 0.0000670 seconds
44.942: Application time: 0.0394200 seconds
44.942: [GC [PSYoungGen: 7424K->272K(8192K)] 24589K->17437K(26112K), 0.0004940 secs] [Times: user=0.00 sys=0.00, real=0.00 secs] 
44.942: Total time for which application threads were stopped: 0.0006010 seconds, Stopping threads took: 0.0000470 seconds
44.980: Application time: 0.0379740 seconds
44.980: [GC [PSYoungGen: 7440K->416K(8192K)] 24605K->17581K(26112K), 0.0004410 secs] [Times: user=0.00 sys=0.00, real=0.00 secs] 
44.981: Total time for which application threads were stopped: 0.0005530 seconds, Stopping threads took: 0.0000520 seconds
45.020: Application time: 0.0394150 seconds
45.020: [GC [PSYoungGen: 7584K->448K(8192K)] 24749K->17613K(26112K), 0.0004390 secs] [Times: user=0.00 sys=0.00, real=0.00 secs] 
45.021: Total time for which application threads were stopped: 0.0005450 seconds, Stopping threads took: 0.0000530 seconds
45.061: Application time: 0.0402120 seconds
45.061: [GC [PSYoungGen: 7616K->496K(8192K)] 24781K->17661K(26112K), 0.0004720 secs] [Times: user=0.00 sys=0.00, real=0.00 secs] 
45.062: Total time for which application threads were stopped: 0.0005660 seconds, Stopping threads took: 0.0000410 seconds
45.102: Application time: 0.0406600 seconds
45.102: [GC [PSYoungGen: 7664K->512K(8192K)] 24829K->17677K(26112K), 0.0004650 secs] [Times: user=0.00 sys=0.00, real=0.00 secs] 
45.103: Total time for which application threads were stopped: 0.0005700 seconds, Stopping threads took: 0.0000520 seconds
45.143: Application time: 0.0404660 seconds
45.145: [GC [PSYoungGen: 7680K->528K(8192K)] 24845K->17693K(26112K), 0.0004370 secs] [Times: user=0.00 sys=0.00, real=0.00 secs] 
45.146: Total time for which application threads were stopped: 0.0021560 seconds, Stopping threads took: 0.0016660 seconds
45.186: Application time: 0.0402580 seconds
45.186: [GC [PSYoungGen: 7696K->512K(8192K)] 24861K->17677K(26112K), 0.0004530 secs] [Times: user=0.00 sys=0.00, real=0.00 secs] 
45.186: Total time for which application threads were stopped: 0.0005650 seconds, Stopping threads took: 0.0000590 seconds
45.227: Application time: 0.0402320 seconds
45.227: [GC [PSYoungGen: 7680K->480K(8192K)] 24845K->17645K(26112K), 0.0004690 secs] [Times: user=0.01 sys=0.00, real=0.00 secs] 
45.227: Total time for which application threads were stopped: 0.0005680 seconds, Stopping threads took: 0.0000470 seconds
45.267: Application time: 0.0402460 seconds
45.267: [GC [PSYoungGen: 7648K->512K(8192K)] 24813K->17677K(26112K), 0.0004800 secs] [Times: user=0.00 sys=0.00, real=0.00 secs] 
45.268: Total time for which application threads were stopped: 0.0005740 seconds, Stopping threads took: 0.0000430 seconds
45.308: Application time: 0.0402370 seconds
45.308: [GC [PSYoungGen: 7680K->496K(8192K)] 24845K->17661K(26112K), 0.0004550 secs] [Times: user=0.00 sys=0.00, real=0.00 secs] 
45.309: Total time for which application threads were stopped: 0.0005450 seconds, Stopping threads took: 0.0000410 seconds
45.349: Application time: 0.0402170 seconds
45.349: [GC [PSYoungGen: 7664K->496K(8192K)] 24829K->17661K(26112K), 0.0004330 secs] [Times: user=0.00 sys=0.00, real=0.00 secs] 
45.349: Total time for which application threads were stopped: 0.0005330 seconds, Stopping threads took: 0.0000490 seconds
45.390: Application time: 0.0401810 seconds
45.390: [GC [PSYoungGen: 7664K->480K(8192K)] 24829K->17645K(26112K), 0.0004240 secs] [Times: user=0.00 sys=0.00, real=0.00 secs] 
45.390: Total time for which application threads were stopped: 0.0005190 seconds, Stopping threads took: 0.0000460 seconds
45.430: Application time: 0.0402280 seconds
45.431: [GC [PSYoungGen: 7648K->496K(8192K)] 24813K->17661K(26112K), 0.0004480 secs] [Times: user=0.00 sys=0.00, real=0.00 secs] 
45.431: Total time for which application threads were stopped: 0.0005570 seconds, Stopping threads took: 0.0000530 seconds
45.471: Application time: 0.0403210 seconds
45.471: [GC [PSYoungGen: 7664K->496K(8192K)] 24829K->17661K(26112K), 0.0004760 secs] [Times: user=0.00 sys=0.00, real=0.00 secs] 
45.472: Total time for which application threads were stopped: 0.0005690 seconds, Stopping threads took: 0.0000430 seconds
45.512: Application time: 0.0401440 seconds
45.512: [GC [PSYoungGen: 7664K->528K(8192K)] 24829K->17701K(26112K), 0.0004580 secs] [Times: user=0.00 sys=0.00, real=0.00 secs] 
45.513: Total time for which application threads were stopped: 0.0005780 seconds, Stopping threads took: 0.0000500 seconds
45.553: Application time: 0.0402760 seconds
45.553: [GC [PSYoungGen: 7696K->464K(8192K)] 24869K->17709K(26112K), 0.0004270 secs] [Times: user=0.00 sys=0.00, real=0.00 secs] 
45.553: Total time for which application threads were stopped: 0.0005150 seconds, Stopping threads took: 0.0000390 seconds
45.594: Application time: 0.0406830 seconds
45.594: [GC [PSYoungGen: 7632K->288K(8192K)] 24877K->17721K(26112K), 0.0004160 secs] [Times: user=0.01 sys=0.00, real=0.00 secs] 
45.595: Total time for which application threads were stopped: 0.0005080 seconds, Stopping threads took: 0.0000410 seconds
45.635: Application time: 0.0402930 seconds
45.635: [GC [PSYoungGen: 7456K->256K(8192K)] 24889K->17793K(26112K), 0.0003940 secs] [Times: user=0.00 sys=0.00, real=0.00 secs] 
45.635: Total time for which application threads were stopped: 0.0004980 seconds, Stopping threads took: 0.0000530 seconds
45.676: Application time: 0.0407010 seconds
45.676: [GC [PSYoungGen: 7424K->256K(8192K)] 24961K->17793K(26112K), 0.0004210 secs] [Times: user=0.00 sys=0.00, real=0.00 secs] 
45.677: Total time for which application threads were stopped: 0.0005230 seconds, Stopping threads took: 0.0000400 seconds
45.716: Application time: 0.0398350 seconds
45.717: [GC [PSYoungGen: 7424K->272K(8192K)] 24961K->17809K(26112K), 0.0004420 secs] [Times: user=0.00 sys=0.00, real=0.00 secs] 
45.717: Total time for which application threads were stopped: 0.0005540 seconds, Stopping threads took: 0.0000530 seconds
45.757: Application time: 0.0399600 seconds
45.757: [GC [PSYoungGen: 7440K->288K(8192K)] 24977K->17825K(26112K), 0.0003850 secs] [Times: user=0.01 sys=0.00, real=0.00 secs] 
45.757: Total time for which application threads were stopped: 0.0004970 seconds, Stopping threads took: 0.0000570 seconds
45.796: Application time: 0.0382860 seconds
45.796: [GC [PSYoungGen: 7456K->432K(8192K)] 24993K->17969K(26112K), 0.0004430 secs] [Times: user=0.00 sys=0.00, real=0.00 secs] 
45.796: Total time for which application threads were stopped: 0.0005450 seconds, Stopping threads took: 0.0000470 seconds
45.836: Application time: 0.0393840 seconds
45.836: [GC [PSYoungGen: 7600K->512K(8192K)] 25137K->18049K(26112K), 0.0004610 secs] [Times: user=0.00 sys=0.00, real=0.00 secs] 
45.836: Total time for which application threads were stopped: 0.0005610 seconds, Stopping threads took: 0.0000420 seconds
45.877: Application time: 0.0402880 seconds
45.877: [GC [PSYoungGen: 7680K->512K(8192K)] 25217K->18049K(26112K), 0.0004390 secs] [Times: user=0.00 sys=0.00, real=0.00 secs] 
45.877: Total time for which application threads were stopped: 0.0005330 seconds, Stopping threads took: 0.0000430 seconds
45.918: Application time: 0.0404790 seconds
45.918: [GC [PSYoungGen: 7680K->496K(8192K)] 25217K->18033K(26112K), 0.0004690 secs] [Times: user=0.00 sys=0.00, real=0.00 secs] 
45.918: Total time for which application threads were stopped: 0.0005650 seconds, Stopping threads took: 0.0000430 seconds
45.958: Application time: 0.0403070 seconds
45.958: [GC [PSYoungGen: 7664K->480K(8192K)] 25201K->18017K(26112K), 0.0004370 secs] [Times: user=0.00 sys=0.00, real=0.00 secs] 
45.959: Total time for which application threads were stopped: 0.0005330 seconds, Stopping threads took: 0.0000440 seconds
45.999: Application time: 0.0403450 seconds
45.999: [GC [PSYoungGen: 7648K->480K(8192K)] 25185K->18017K(26112K), 0.0004720 secs] [Times: user=0.00 sys=0.00, real=0.00 secs] 
46.000: Total time for which application threads were stopped: 0.0005660 seconds, Stopping threads took: 0.0000430 seconds
46.040: Application time: 0.0406080 seconds
46.041: [GC [PSYoungGen: 7648K->496K(8192K)] 25185K->18033K(26112K), 0.0004390 secs] [Times: user=0.00 sys=0.00, real=0.01 secs] 
46.041: Total time for which application threads were stopped: 0.0005510 seconds, Stopping threads took: 0.0000500 seconds
46.082: Application time: 0.0405170 seconds
46.085: [GC [PSYoungGen: 7664K->512K(8192K)] 25201K->18049K(26112K), 0.0004840 secs] [Times: user=0.00 sys=0.00, real=0.00 secs] 
46.086: Total time for which application threads were stopped: 0.0040150 seconds, Stopping threads took: 0.0034800 seconds
46.126: Application time: 0.0402850 seconds
46.126: [GC [PSYoungGen: 7680K->496K(8192K)] 25217K->18033K(26112K), 0.0004660 secs] [Times: user=0.00 sys=0.00, real=0.00 secs] 
46.126: Total time for which application threads were stopped: 0.0005580 seconds, Stopping threads took: 0.0000390 seconds
46.167: Application time: 0.0401590 seconds
46.167: [GC [PSYoungGen: 7664K->544K(8192K)] 25201K->18081K(26112K), 0.0004210 secs] [Times: user=0.01 sys=0.00, real=0.00 secs] 
46.167: Total time for which application threads were stopped: 0.0005170 seconds, Stopping threads took: 0.0000440 seconds
46.207: Application time: 0.0400820 seconds
46.207: [GC [PSYoungGen: 7712K->480K(8192K)] 25249K->18017K(26112K), 0.0004600 secs] [Times: user=0.00 sys=0.00, real=0.00 secs] 
46.208: Total time for which application threads were stopped: 0.0005600 seconds, Stopping threads took: 0.0000450 seconds
46.249: Application time: 0.0409780 seconds
46.249: [GC [PSYoungGen: 7648K->512K(8192K)] 25185K->18049K(26112K), 0.0004860 secs] [Times: user=0.00 sys=0.00, real=0.01 secs] 
46.249: Total time for which application threads were stopped: 0.0005860 seconds, Stopping threads took: 0.0000420 seconds
46.290: Application time: 0.0402840 seconds
46.290: [GC [PSYoungGen: 7680K->496K(8192K)] 25217K->18033K(26112K), 0.0004320 secs] [Times: user=0.00 sys=0.00, real=0.00 secs] 
46.290: Total time for which application threads were stopped: 0.0005260 seconds, Stopping threads took: 0.0000420 seconds
46.330: Application time: 0.0402560 seconds
46.333: [GC [PSYoungGen: 7664K->416K(8192K)] 25201K->18009K(26112K), 0.0004270 secs] [Times: user=0.00 sys=0.00, real=0.00 secs] 
46.333: Total time for which application threads were stopped: 0.0031390 seconds, Stopping threads took: 0.0026610 seconds
46.374: Application time: 0.0403030 seconds
46.374: [GC [PSYoungGen: 7584K->416K(8192K)] 25177K->18065K(26112K), 0.0004250 secs] [Times: user=0.01 sys=0.00, real=0.00 secs] 
46.374: Total time for which application threads were stopped: 0.0005240 seconds, Stopping threads took: 0.0000480 seconds
46.415: Application time: 0.0409330 seconds
46.415: [GC [PSYoungGen: 7584K->352K(8192K)] 25233K->18154K(26112K), 0.0004100 secs] [Times: user=0.00 sys=0.00, real=0.00 secs] 
46.416: [Full GC [PSYoungGen: 352K->0K(8192K)] [ParOldGen: 17801K->1715K(17920K)] 18154K->1715K(26112K) [PSPermGen: 6049K->6043K(21504K)], 0.0105740 secs] [Times: user=0.05 sys=0.00, real=0.01 secs] 
46.426: Total time for which application threads were stopped: 0.0111330 seconds, Stopping threads took: 0.0000490 seconds
46.467: Application time: 0.0407450 seconds
46.467: [GC [PSYoungGen: 7168K->256K(8192K)] 8883K->1971K(26112K), 0.0003850 secs] [Times: user=0.00 sys=0.00, real=0.00 secs] 
46.468: Total time for which application threads were stopped: 0.0004970 seconds, Stopping threads took: 0.0000520 seconds
46.508: Application time: 0.0401790 seconds
46.508: [GC [PSYoungGen: 7424K->224K(8192K)] 9139K->1939K(26112K), 0.0003480 secs] [Times: user=0.00 sys=0.00, real=0.00 secs] 
46.508: Total time for which application threads were stopped: 0.0004390 seconds, Stopping threads took: 0.0000380 seconds
46.548: Application time: 0.0402390 seconds
46.549: [GC [PSYoungGen: 7392K->272K(8192K)] 9107K->1987K(26112K), 0.0003860 secs] [Times: user=0.00 sys=0.00, real=0.01 secs] 
46.549: Total time for which application threads were stopped: 0.0005070 seconds, Stopping threads took: 0.0000510 seconds
46.588: Application time: 0.0389080 seconds
46.588: [GC [PSYoungGen: 7440K->288K(8192K)] 9155K->2003K(26112K), 0.0003680 secs] [Times: user=0.00 sys=0.00, real=0.00 secs] 
46.588: Total time for which application threads were stopped: 0.0004890 seconds, Stopping threads took: 0.0000650 seconds
46.627: Application time: 0.0383240 seconds
46.627: [GC [PSYoungGen: 7456K->480K(8192K)] 9171K->2195K(26112K), 0.0003900 secs] [Times: user=0.01 sys=0.00, real=0.00 secs] 
46.627: Total time for which application threads were stopped: 0.0004960 seconds, Stopping threads took: 0.0000460 seconds
46.667: Application time: 0.0401380 seconds
46.669: [GC [PSYoungGen: 7648K->512K(8192K)] 9363K->2227K(26112K), 0.0004630 secs] [Times: user=0.01 sys=0.00, real=0.00 secs] 
46.670: Total time for which application threads were stopped: 0.0021810 seconds, Stopping threads took: 0.0016590 seconds
46.710: Application time: 0.0403520 seconds
46.710: [GC [PSYoungGen: 7680K->528K(8192K)] 9395K->2243K(26112K), 0.0004890 secs] [Times: user=0.00 sys=0.00, real=0.00 secs] 
46.710: Total time for which application threads were stopped: 0.0005760 seconds, Stopping threads took: 0.0000380 seconds
46.751: Application time: 0.0404280 seconds
46.751: [GC [PSYoungGen: 7696K->512K(8192K)] 9411K->2227K(26112K), 0.0005090 secs] [Times: user=0.00 sys=0.00, real=0.00 secs] 
46.752: Total time for which application threads were stopped: 0.0005990 seconds, Stopping threads took: 0.0000380 seconds
46.792: Application time: 0.0406350 seconds
46.792: [GC [PSYoungGen: 7680K->528K(8192K)] 9395K->2243K(26112K), 0.0004080 secs] [Times: user=0.00 sys=0.00, real=0.00 secs] 
46.793: Total time for which application threads were stopped: 0.0005010 seconds, Stopping threads took: 0.0000430 seconds
46.833: Application time: 0.0404000 seconds
46.833: [GC [PSYoungGen: 7696K->480K(8192K)] 9411K->2195K(26112K), 0.0004500 secs] [Times: user=0.00 sys=0.00, real=0.00 secs] 
46.834: Total time for which application threads were stopped: 0.0005530 seconds, Stopping threads took: 0.0000490 seconds
46.874: Application time: 0.0402560 seconds
46.874: [GC [PSYoungGen: 7648K->528K(8192K)] 9363K->2243K(26112K), 0.0004480 secs] [Times: user=0.00 sys=0.00, real=0.00 secs] 
46.874: Total time for which application threads were stopped: 0.0005460 seconds, Stopping threads took: 0.0000470 seconds
46.915: Application time: 0.0403800 seconds
46.915: [GC [PSYoungGen: 7696K->512K(8192K)] 9411K->2227K(26112K), 0.0004820 secs] [Times: user=0.01 sys=0.00, real=0.00 secs] 
46.915: Total time for which application threads were stopped: 0.0005710 seconds, Stopping threads took: 0.0000380 seconds
46.956: Application time: 0.0407040 seconds
46.956: [GC [PSYoungGen: 7680K->496K(8192K)] 9395K->2211K(26112K), 0.0004270 secs] [Times: user=0.00 sys=0.00, real=0.00 secs] 
46.957: Total time for which application threads were stopped: 0.0005300 seconds, Stopping threads took: 0.0000490 seconds
46.997: Application time: 0.0402340 seconds
46.997: [GC [PSYoungGen: 7664K->480K(8192K)] 9379K->2195K(26112K), 0.0003940 secs] [Times: user=0.00 sys=0.00, real=0.00 secs] 
46.997: Total time for which application threads were stopped: 0.0004920 seconds, Stopping threads took: 0.0000470 seconds
47.038: Application time: 0.0402100 seconds
47.038: [GC [PSYoungGen: 7648K->496K(8192K)] 9363K->2211K(26112K), 0.0004030 secs] [Times: user=0.00 sys=0.00, real=0.00 secs] 
47.038: Total time for which application threads were stopped: 0.0005250 seconds, Stopping threads took: 0.0000670 seconds
47.078: Application time: 0.0403150 seconds
47.078: [GC [PSYoungGen: 7664K->480K(8192K)] 9379K->2203K(26112K), 0.0004290 secs] [Times: user=0.00 sys=0.00, real=0.00 secs] 
47.079: Total time for which application threads were stopped: 0.0005400 seconds, Stopping threads took: 0.0000450 seconds
47.119: Application time: 0.0402740 seconds
47.119: [GC [PSYoungGen: 7648K->512K(8192K)] 9371K->2235K(26112K), 0.0004390 secs] [Times: user=0.00 sys=0.00, real=0.00 secs] 
47.120: Total time for which application threads were stopped: 0.0005440 seconds, Stopping threads took: 0.0000520 seconds
47.160: Application time: 0.0403010 seconds
47.160: [GC [PSYoungGen: 7680K->464K(8192K)] 9403K->2251K(26112K), 0.0004070 secs] [Times: user=0.01 sys=0.00, real=0.00 secs] 
47.161: Total time for which application threads were stopped: 0.0005050 seconds, Stopping threads took: 0.0000420 seconds
47.201: Application time: 0.0403970 seconds
47.201: [GC [PSYoungGen: 7632K->432K(8192K)] 9419K->2303K(26112K), 0.0004470 secs] [Times: user=0.00 sys=0.00, real=0.00 secs] 
47.201: Total time for which application threads were stopped: 0.0005440 seconds, Stopping threads took: 0.0000480 seconds
47.242: Application time: 0.0409410 seconds
47.243: [GC [PSYoungGen: 7600K->288K(8192K)] 9471K->2303K(26112K), 0.0003950 secs] [Times: user=0.01 sys=0.00, real=0.00 secs] 
47.243: Total time for which application threads were stopped: 0.0004900 seconds, Stopping threads took: 0.0000440 seconds
47.283: Application time: 0.0402560 seconds
47.283: [GC [PSYoungGen: 7456K->240K(8192K)] 9471K->2307K(26112K), 0.0003880 secs] [Times: user=0.00 sys=0.00, real=0.00 secs] 
47.284: Total time for which application threads were stopped: 0.0004930 seconds, Stopping threads took: 0.0000530 seconds
47.324: Application time: 0.0405650 seconds
47.324: [GC [PSYoungGen: 7408K->256K(8192K)] 9475K->2323K(26112K), 0.0003510 secs] [Times: user=0.00 sys=0.00, real=0.00 secs] 
47.325: Total time for which application threads were stopped: 0.0004540 seconds, Stopping threads took: 0.0000520 seconds
47.364: Application time: 0.0397310 seconds
47.365: [GC [PSYoungGen: 7424K->272K(8192K)] 9491K->2339K(26112K), 0.0003700 secs] [Times: user=0.00 sys=0.00, real=0.00 secs] 
47.365: Total time for which application threads were stopped: 0.0004750 seconds, Stopping threads took: 0.0000530 seconds
47.403: Application time: 0.0384340 seconds
47.403: [GC [PSYoungGen: 7440K->416K(8192K)] 9507K->2483K(26112K), 0.0004140 secs] [Times: user=0.00 sys=0.00, real=0.00 secs] 
47.404: Total time for which application threads were stopped: 0.0005200 seconds, Stopping threads took: 0.0000490 seconds
47.443: Application time: 0.0390390 seconds
47.443: [GC [PSYoungGen: 7584K->480K(8192K)] 9651K->2547K(26112K), 0.0004010 secs] [Times: user=0.00 sys=0.00, real=0.00 secs] 
47.443: Total time for which application threads were stopped: 0.0005000 seconds, Stopping threads took: 0.0000470 seconds
47.484: Application time: 0.0402260 seconds
47.484: [GC [PSYoungGen: 7648K->544K(8192K)] 9715K->2611K(26112K), 0.0004690 secs] [Times: user=0.01 sys=0.00, real=0.00 secs] 
47.484: Total time for which application threads were stopped: 0.0005620 seconds, Stopping threads took: 0.0000420 seconds
47.524: Application time: 0.0402310 seconds
47.525: [GC [PSYoungGen: 7712K->496K(8192K)] 9779K->2563K(26112K), 0.0004320 secs] [Times: user=0.00 sys=0.00, real=0.00 secs] 
47.525: Total time for which application threads were stopped: 0.0005280 seconds, Stopping threads took: 0.0000460 seconds
47.566: Application time: 0.0407770 seconds
47.566: [GC [PSYoungGen: 7664K->496K(8192K)] 9731K->2563K(26112K), 0.0004750 secs] [Times: user=0.00 sys=0.00, real=0.00 secs] 
47.566: Total time for which application threads were stopped: 0.0005710 seconds, Stopping threads took: 0.0000450 seconds
47.607: Application time: 0.0404930 seconds
47.607: [GC [PSYoungGen: 7664K->512K(8192K)] 9731K->2579K(26112K), 0.0004410 secs] [Times: user=0.00 sys=0.00, real=0.00 secs] 
47.607: Total time for which application threads were stopped: 0.0005510 seconds, Stopping threads took: 0.0000520 seconds
47.648: Application time: 0.0405450 seconds
47.648: [GC [PSYoungGen: 7680K->496K(8192K)] 9747K->2563K(26112K), 0.0004760 secs] [Times: user=0.01 sys=0.00, real=0.00 secs] 
47.648: Total time for which application threads were stopped: 0.0005840 seconds, Stopping threads took: 0.0000440 seconds
47.689: Application time: 0.0403570 seconds
47.689: [GC [PSYoungGen: 7664K->480K(8192K)] 9731K->2547K(26112K), 0.0004320 secs] [Times: user=0.00 sys=0.00, real=0.01 secs] 
47.689: Total time for which application threads were stopped: 0.0005350 seconds, Stopping threads took: 0.0000470 seconds
47.730: Application time: 0.0401960 seconds
47.730: [GC [PSYoungGen: 7648K->496K(8192K)] 9715K->2563K(26112K), 0.0004180 secs] [Times: user=0.00 sys=0.00, real=0.00 secs] 
47.730: Total time for which application threads were stopped: 0.0005230 seconds, Stopping threads took: 0.0000510 seconds
47.771: Application time: 0.0406320 seconds
47.771: [GC [PSYoungGen: 7664K->528K(8192K)] 9731K->2595K(26112K), 0.0004210 secs] [Times: user=0.00 sys=0.00, real=0.00 secs] 
47.771: Total time for which application threads were stopped: 0.0005110 seconds, Stopping threads took: 0.0000380 seconds
47.811: Application time: 0.0399860 seconds
47.811: [GC [PSYoungGen: 7696K->512K(8192K)] 9763K->2579K(26112K), 0.0004540 secs] [Times: user=0.00 sys=0.00, real=0.00 secs] 
47.812: Total time for which application threads were stopped: 0.0005490 seconds, Stopping threads took: 0.0000430 seconds
47.852: Application time: 0.0401600 seconds
47.853: [GC [PSYoungGen: 7680K->496K(8192K)] 9747K->2563K(26112K), 0.0004090 secs] [Times: user=0.00 sys=0.00, real=0.00 secs] 
47.853: Total time for which application threads were stopped: 0.0015340 seconds, Stopping threads took: 0.0010710 seconds
47.894: Application time: 0.0402050 seconds
47.894: [GC [PSYoungGen: 7664K->496K(8192K)] 9731K->2563K(26112K), 0.0004110 secs] [Times: user=0.00 sys=0.00, real=0.00 secs] 
47.894: Total time for which application threads were stopped: 0.0005000 seconds, Stopping threads took: 0.0000380 seconds
47.935: Application time: 0.0405580 seconds
47.935: [GC [PSYoungGen: 7664K->528K(8192K)] 9731K->2595K(26112K), 0.0004200 secs] [Times: user=0.00 sys=0.00, real=0.00 secs] 
47.935: Total time for which application threads were stopped: 0.0005250 seconds, Stopping threads took: 0.0000520 seconds
47.976: Application time: 0.0403320 seconds
47.976: [GC [PSYoungGen: 7696K->448K(8192K)] 9763K->2571K(26112K), 0.0004150 secs] [Times: user=0.00 sys=0.00, real=0.00 secs] 
47.976: Total time for which application threads were stopped: 0.0005140 seconds, Stopping threads took: 0.0000440 seconds
48.016: Application time: 0.0403210 seconds
48.017: [GC [PSYoungGen: 7616K->320K(8192K)] 9739K->2603K(26112K), 0.0003970 secs] [Times: user=0.00 sys=0.00, real=0.00 secs] 
48.017: Total time for which application threads were stopped: 0.0005000 seconds, Stopping threads took: 0.0000520 seconds
48.058: Application time: 0.0408870 seconds
48.058: [GC [PSYoungGen: 7488K->272K(8192K)] 9771K->2648K(26112K), 0.0004130 secs] [Times: user=0.00 sys=0.00, real=0.00 secs] 
48.058: Total time for which application threads were stopped: 0.0005090 seconds, Stopping threads took: 0.0000430 seconds
48.099: Application time: 0.0402080 seconds
48.099: [GC [PSYoungGen: 7440K->256K(8192K)] 9816K->2688K(26112K), 0.0003570 secs] [Times: user=0.00 sys=0.00, real=0.00 secs] 
48.099: Total time for which application threads were stopped: 0.0004480 seconds, Stopping threads took: 0.0000400 seconds
48.139: Application time: 0.0402190 seconds
48.139: [GC [PSYoungGen: 7424K->224K(8192K)] 9856K->2656K(26112K), 0.0003730 secs] [Times: user=0.01 sys=0.00, real=0.00 secs] 
48.140: Total time for which application threads were stopped: 0.0004750 seconds, Stopping threads took: 0.0000460 seconds
48.180: Application time: 0.0401960 seconds
48.180: [GC [PSYoungGen: 7392K->272K(8192K)] 9824K->2704K(26112K), 0.0003690 secs] [Times: user=0.00 sys=0.00, real=0.00 secs] 
48.180: Total time for which application threads were stopped: 0.0004470 seconds, Stopping threads took: 0.0000290 seconds
48.218: Application time: 0.0378410 seconds
48.218: [GC [PSYoungGen: 7440K->432K(8192K)] 9872K->2864K(26112K), 0.0004070 secs] [Times: user=0.00 sys=0.00, real=0.00 secs] 
48.219: Total time for which application threads were stopped: 0.0005130 seconds, Stopping threads took: 0.0000540 seconds
48.258: Application time: 0.0392350 seconds
48.258: [GC [PSYoungGen: 7600K->496K(8192K)] 10032K->2928K(26112K), 0.0004190 secs] [Times: user=0.00 sys=0.00, real=0.00 secs] 
48.258: Total time for which application threads were stopped: 0.0005190 seconds, Stopping threads took: 0.0000480 seconds
48.299: Application time: 0.0402640 seconds
48.299: [GC [PSYoungGen: 7664K->512K(8192K)] 10096K->2944K(26112K), 0.0004070 secs] [Times: user=0.00 sys=0.00, real=0.00 secs] 
48.299: Total time for which application threads were stopped: 0.0004960 seconds, Stopping threads took: 0.0000400 seconds
48.340: Application time: 0.0404550 seconds
48.340: [GC [PSYoungGen: 7680K->512K(8192K)] 10112K->2944K(26112K), 0.0004140 secs] [Times: user=0.01 sys=0.00, real=0.00 secs] 
48.340: Total time for which application threads were stopped: 0.0005210 seconds, Stopping threads took: 0.0000530 seconds
48.381: Application time: 0.0406600 seconds
48.381: [GC [PSYoungGen: 7680K->512K(8192K)] 10112K->2944K(26112K), 0.0004470 secs] [Times: user=0.00 sys=0.00, real=0.01 secs] 
48.381: Total time for which application threads were stopped: 0.0005520 seconds, Stopping threads took: 0.0000520 seconds
48.422: Application time: 0.0402450 seconds
48.422: [GC [PSYoungGen: 7680K->512K(8192K)] 10112K->2944K(26112K), 0.0004290 secs] [Times: user=0.01 sys=0.00, real=0.00 secs] 
48.422: Total time for which application threads were stopped: 0.0005330 seconds, Stopping threads took: 0.0000520 seconds
48.463: Application time: 0.0403950 seconds
48.463: [GC [PSYoungGen: 7680K->496K(8192K)] 10112K->2928K(26112K), 0.0004210 secs] [Times: user=0.00 sys=0.00, real=0.00 secs] 
48.463: Total time for which application threads were stopped: 0.0005120 seconds, Stopping threads took: 0.0000390 seconds
48.503: Application time: 0.0403160 seconds
48.503: [GC [PSYoungGen: 7664K->544K(8192K)] 10096K->2976K(26112K), 0.0003950 secs] [Times: user=0.01 sys=0.00, real=0.00 secs] 
48.504: Total time for which application threads were stopped: 0.0004880 seconds, Stopping threads took: 0.0000420 seconds
48.544: Application time: 0.0402860 seconds
48.544: [GC [PSYoungGen: 7712K->544K(8192K)] 10144K->2976K(26112K), 0.0004090 secs] [Times: user=0.00 sys=0.00, real=0.00 secs] 
48.545: Total time for which application threads were stopped: 0.0004960 seconds, Stopping threads took: 0.0000380 seconds
48.585: Application time: 0.0400810 seconds
48.585: [GC [PSYoungGen: 7712K->512K(8192K)] 10144K->2944K(26112K), 0.0004030 secs] [Times: user=0.00 sys=0.00, real=0.00 secs] 
48.585: Total time for which application threads were stopped: 0.0004970 seconds, Stopping threads took: 0.0000420 seconds
48.625: Application time: 0.0400260 seconds
48.625: [GC [PSYoungGen: 7680K->512K(8192K)] 10112K->2944K(26112K), 0.0004140 secs] [Times: user=0.00 sys=0.00, real=0.00 secs] 
48.626: Total time for which application threads were stopped: 0.0005200 seconds, Stopping threads took: 0.0000530 seconds
48.667: Application time: 0.0407310 seconds
48.667: [GC [PSYoungGen: 7680K->528K(8192K)] 10112K->2960K(26112K), 0.0005230 secs] [Times: user=0.00 sys=0.00, real=0.00 secs] 
48.667: Total time for which application threads were stopped: 0.0006390 seconds, Stopping threads took: 0.0000450 seconds
48.708: Application time: 0.0404070 seconds
48.709: [GC [PSYoungGen: 7696K->512K(8192K)] 10128K->2944K(26112K), 0.0004240 secs] [Times: user=0.00 sys=0.00, real=0.00 secs] 
48.709: Total time for which application threads were stopped: 0.0018940 seconds, Stopping threads took: 0.0014140 seconds
48.750: Application time: 0.0403080 seconds
48.750: [GC [PSYoungGen: 7680K->512K(8192K)] 10112K->2944K(26112K), 0.0004210 secs] [Times: user=0.00 sys=0.00, real=0.00 secs] 
48.750: Total time for which application threads were stopped: 0.0005210 seconds, Stopping threads took: 0.0000460 seconds
48.791: Application time: 0.0406680 seconds
48.791: [GC [PSYoungGen: 7680K->480K(8192K)] 10112K->2968K(26112K), 0.0004050 secs] [Times: user=0.00 sys=0.00, real=0.00 secs] 
48.792: Total time for which application threads were stopped: 0.0005050 seconds, Stopping threads took: 0.0000460 seconds
48.832: Application time: 0.0403590 seconds
48.832: [GC [PSYoungGen: 7648K->304K(8192K)] 10136K->2964K(26112K), 0.0004440 secs] [Times: user=0.00 sys=0.00, real=0.00 secs] 
48.832: Total time for which application threads were stopped: 0.0005380 seconds, Stopping threads took: 0.0000410 seconds
48.873: Application time: 0.0405130 seconds
48.873: [GC [PSYoungGen: 7472K->256K(8192K)] 10132K->3020K(26112K), 0.0003880 secs] [Times: user=0.00 sys=0.00, real=0.00 secs] 
48.873: Total time for which application threads were stopped: 0.0004870 seconds, Stopping threads took: 0.0000410 seconds
48.914: Application time: 0.0403040 seconds
48.914: [GC [PSYoungGen: 7424K->256K(8192K)] 10188K->3020K(26112K), 0.0003410 secs] [Times: user=0.00 sys=0.00, real=0.00 secs] 
48.914: Total time for which application threads were stopped: 0.0004320 seconds, Stopping threads took: 0.0000410 seconds
48.954: Application time: 0.0398160 seconds
48.954: [GC [PSYoungGen: 7424K->272K(8192K)] 10188K->3036K(26112K), 0.0003500 secs] [Times: user=0.00 sys=0.00, real=0.00 secs] 
48.954: Total time for which application threads were stopped: 0.0004530 seconds, Stopping threads took: 0.0000500 seconds
48.994: Application time: 0.0391830 seconds
48.994: [GC [PSYoungGen: 7439K->384K(8192K)] 10204K->3148K(26112K), 0.0003930 secs] [Times: user=0.00 sys=0.00, real=0.00 secs] 
48.994: Total time for which application threads were stopped: 0.0005020 seconds, Stopping threads took: 0.0000520 seconds
49.033: Application time: 0.0389200 seconds
49.033: [GC [PSYoungGen: 7552K->464K(8192K)] 10316K->3228K(26112K), 0.0004360 secs] [Times: user=0.00 sys=0.00, real=0.00 secs] 
49.034: Total time for which application threads were stopped: 0.0005310 seconds, Stopping threads took: 0.0000460 seconds
49.073: Application time: 0.0395740 seconds
49.073: [GC [PSYoungGen: 7632K->512K(8192K)] 10396K->3276K(26112K), 0.0004820 secs] [Times: user=0.00 sys=0.00, real=0.00 secs] 
49.074: Total time for which application threads were stopped: 0.0005940 seconds, Stopping threads took: 0.0000540 seconds
49.114: Application time: 0.0403300 seconds
49.114: [GC [PSYoungGen: 7680K->544K(8192K)] 10444K->3308K(26112K), 0.0005510 secs] [Times: user=0.00 sys=0.00, real=0.00 secs] 
49.115: Total time for which application threads were stopped: 0.0006400 seconds, Stopping threads took: 0.0000340 seconds
49.155: Application time: 0.0403140 seconds
49.155: [GC [PSYoungGen: 7712K->480K(8192K)] 10476K->3244K(26112K), 0.0004310 secs] [Times: user=0.00 sys=0.00, real=0.00 secs] 
49.156: Total time for which application threads were stopped: 0.0005350 seconds, Stopping threads took: 0.0000500 seconds
49.196: Application time: 0.0402720 seconds
49.196: [GC [PSYoungGen: 7648K->544K(8192K)] 10412K->3308K(26112K), 0.0004220 secs] [Times: user=0.01 sys=0.00, real=0.00 secs] 
49.196: Total time for which application threads were stopped: 0.0005230 seconds, Stopping threads took: 0.0000380 seconds
49.237: Application time: 0.0405270 seconds
49.237: [GC [PSYoungGen: 7712K->512K(8192K)] 10476K->3276K(26112K), 0.0004140 secs] [Times: user=0.00 sys=0.00, real=0.00 secs] 
49.237: Total time for which application threads were stopped: 0.0005170 seconds, Stopping threads took: 0.0000500 seconds
49.278: Application time: 0.0403520 seconds
49.278: [GC [PSYoungGen: 7680K->512K(8192K)] 10444K->3276K(26112K), 0.0004100 secs] [Times: user=0.00 sys=0.00, real=0.00 secs] 
49.278: Total time for which application threads were stopped: 0.0005070 seconds, Stopping threads took: 0.0000440 seconds
49.319: Application time: 0.0404660 seconds
49.319: [GC [PSYoungGen: 7680K->496K(8192K)] 10444K->3260K(26112K), 0.0003990 secs] [Times: user=0.01 sys=0.00, real=0.00 secs] 
49.319: Total time for which application threads were stopped: 0.0004960 seconds, Stopping threads took: 0.0000450 seconds
49.359: Application time: 0.0401090 seconds
49.359: [GC [PSYoungGen: 7664K->464K(8192K)] 10428K->3228K(26112K), 0.0003920 secs] [Times: user=0.00 sys=0.00, real=0.00 secs] 
49.360: Total time for which application threads were stopped: 0.0004960 seconds, Stopping threads took: 0.0000530 seconds
49.400: Application time: 0.0402780 seconds
49.400: [GC [PSYoungGen: 7632K->544K(8192K)] 10396K->3308K(26112K), 0.0004080 secs] [Times: user=0.00 sys=0.00, real=0.00 secs] 
49.401: Total time for which application threads were stopped: 0.0004980 seconds, Stopping threads took: 0.0000400 seconds
49.441: Application time: 0.0400790 seconds
49.441: [GC [PSYoungGen: 7712K->512K(8192K)] 10476K->3276K(26112K), 0.0004260 secs] [Times: user=0.00 sys=0.00, real=0.01 secs] 
49.441: Total time for which application threads were stopped: 0.0005360 seconds, Stopping threads took: 0.0000490 seconds
49.481: Application time: 0.0401460 seconds
49.481: [GC [PSYoungGen: 7680K->512K(8192K)] 10444K->3276K(26112K), 0.0004620 secs] [Times: user=0.00 sys=0.00, real=0.00 secs] 
49.482: Total time for which application threads were stopped: 0.0005540 seconds, Stopping threads took: 0.0000380 seconds
49.523: Application time: 0.0405960 seconds
49.523: [GC [PSYoungGen: 7680K->512K(8192K)] 10444K->3276K(26112K), 0.0004040 secs] [Times: user=0.00 sys=0.00, real=0.00 secs] 
49.523: Total time for which application threads were stopped: 0.0005110 seconds, Stopping threads took: 0.0000520 seconds
49.563: Application time: 0.0404600 seconds
49.564: [GC [PSYoungGen: 7680K->496K(8192K)] 10444K->3308K(26112K), 0.0004850 secs] [Times: user=0.00 sys=0.00, real=0.00 secs] 
49.564: Total time for which application threads were stopped: 0.0005770 seconds, Stopping threads took: 0.0000420 seconds
49.604: Application time: 0.0403890 seconds
49.605: [GC [PSYoungGen: 7664K->352K(8192K)] 10476K->3236K(26112K), 0.0004900 secs] [Times: user=0.00 sys=0.00, real=0.00 secs] 
49.605: Total time for which application threads were stopped: 0.0005910 seconds, Stopping threads took: 0.0000490 seconds
49.646: Application time: 0.0405630 seconds
49.646: [GC [PSYoungGen: 7520K->320K(8192K)] 10404K->3332K(26112K), 0.0004430 secs] [Times: user=0.00 sys=0.00, real=0.00 secs] 
49.646: Total time for which application threads were stopped: 0.0005550 seconds, Stopping threads took: 0.0000520 seconds
49.687: Application time: 0.0405900 seconds
49.687: [GC [PSYoungGen: 7488K->256K(8192K)] 10500K->3364K(26112K), 0.0003540 secs] [Times: user=0.00 sys=0.00, real=0.00 secs] 
49.687: Total time for which application threads were stopped: 0.0004550 seconds, Stopping threads took: 0.0000480 seconds
49.727: Application time: 0.0402670 seconds
49.728: [GC [PSYoungGen: 7424K->256K(8192K)] 10532K->3364K(26112K), 0.0003640 secs] [Times: user=0.01 sys=0.00, real=0.00 secs] 
49.728: Total time for which application threads were stopped: 0.0004630 seconds, Stopping threads took: 0.0000350 seconds
49.768: Application time: 0.0398890 seconds
49.768: [GC [PSYoungGen: 7424K->272K(8192K)] 10532K->3380K(26112K), 0.0004060 secs] [Times: user=0.00 sys=0.00, real=0.00 secs] 
49.768: Total time for which application threads were stopped: 0.0005090 seconds, Stopping threads took: 0.0000500 seconds
49.807: Application time: 0.0381450 seconds
49.807: [GC [PSYoungGen: 7440K->400K(8192K)] 10548K->3508K(26112K), 0.0003790 secs] [Times: user=0.00 sys=0.00, real=0.00 secs] 
49.807: Total time for which application threads were stopped: 0.0004890 seconds, Stopping threads took: 0.0000520 seconds
49.847: Application time: 0.0395650 seconds
49.847: [GC [PSYoungGen: 7568K->416K(8192K)] 10676K->3524K(26112K), 0.0003930 secs] [Times: user=0.00 sys=0.00, real=0.00 secs] 
49.847: Total time for which application threads were stopped: 0.0004930 seconds, Stopping threads took: 0.0000470 seconds
49.886: Application time: 0.0394170 seconds
49.887: [GC [PSYoungGen: 7584K->496K(8192K)] 10692K->3604K(26112K), 0.0004930 secs] [Times: user=0.00 sys=0.00, real=0.00 secs] 
49.888: Total time for which application threads were stopped: 0.0016850 seconds, Stopping threads took: 0.0000500 seconds
49.929: Application time: 0.0405260 seconds
49.929: [GC [PSYoungGen: 7664K->528K(8192K)] 10772K->3636K(26112K), 0.0004920 secs] [Times: user=0.00 sys=0.00, real=0.01 secs] 
49.929: Total time for which application threads were stopped: 0.0005870 seconds, Stopping threads took: 0.0000410 seconds
49.969: Application time: 0.0402190 seconds
49.970: [GC [PSYoungGen: 7696K->496K(8192K)] 10804K->3604K(26112K), 0.0004080 secs] [Times: user=0.00 sys=0.00, real=0.00 secs] 
49.970: Total time for which application threads were stopped: 0.0005080 seconds, Stopping threads took: 0.0000460 seconds
50.010: Application time: 0.0404600 seconds
50.011: [GC [PSYoungGen: 7664K->528K(8192K)] 10772K->3636K(26112K), 0.0004230 secs] [Times: user=0.00 sys=0.00, real=0.00 secs] 
50.011: Total time for which application threads were stopped: 0.0005320 seconds, Stopping threads took: 0.0000500 seconds
50.052: Application time: 0.0409950 seconds
50.052: [GC [PSYoungGen: 7696K->496K(8192K)] 10804K->3604K(26112K), 0.0004490 secs] [Times: user=0.00 sys=0.00, real=0.00 secs] 
50.053: Total time for which application threads were stopped: 0.0005500 seconds, Stopping threads took: 0.0000480 seconds
50.093: Application time: 0.0403190 seconds
50.093: [GC [PSYoungGen: 7664K->528K(8192K)] 10772K->3636K(26112K), 0.0004150 secs] [Times: user=0.00 sys=0.00, real=0.00 secs] 
50.093: Total time for which application threads were stopped: 0.0005030 seconds, Stopping threads took: 0.0000390 seconds
50.134: Application time: 0.0401900 seconds
50.134: [GC [PSYoungGen: 7696K->496K(8192K)] 10804K->3604K(26112K), 0.0004090 secs] [Times: user=0.01 sys=0.00, real=0.00 secs] 
50.134: Total time for which application threads were stopped: 0.0005140 seconds, Stopping threads took: 0.0000520 seconds
50.174: Application time: 0.0402410 seconds
50.174: [GC [PSYoungGen: 7664K->464K(8192K)] 10772K->3572K(26112K), 0.0004560 secs] [Times: user=0.00 sys=0.00, real=0.00 secs] 
50.175: Total time for which application threads were stopped: 0.0005460 seconds, Stopping threads took: 0.0000400 seconds
50.215: Application time: 0.0401520 seconds
50.215: [GC [PSYoungGen: 7632K->480K(8192K)] 10740K->3588K(26112K), 0.0004090 secs] [Times: user=0.00 sys=0.00, real=0.00 secs] 
50.216: Total time for which application threads were stopped: 0.0005050 seconds, Stopping threads took: 0.0000450 seconds
50.256: Application time: 0.0402020 seconds
50.256: [GC [PSYoungGen: 7648K->464K(8192K)] 10756K->3572K(26112K), 0.0004530 secs] [Times: user=0.00 sys=0.00, real=0.00 secs] 
50.256: Total time for which application threads were stopped: 0.0005610 seconds, Stopping threads took: 0.0000440 seconds
50.296: Application time: 0.0401480 seconds
50.297: [GC [PSYoungGen: 7632K->512K(8192K)] 10740K->3620K(26112K), 0.0004060 secs] [Times: user=0.01 sys=0.00, real=0.00 secs] 
50.297: Total time for which application threads were stopped: 0.0004970 seconds, Stopping threads took: 0.0000420 seconds
50.337: Application time: 0.0401490 seconds
50.337: [GC [PSYoungGen: 7680K->496K(8192K)] 10788K->3604K(26112K), 0.0004310 secs] [Times: user=0.00 sys=0.00, real=0.00 secs] 
50.338: Total time for which application threads were stopped: 0.0005220 seconds, Stopping threads took: 0.0000420 seconds
50.378: Application time: 0.0406820 seconds
50.378: [GC [PSYoungGen: 7664K->464K(8192K)] 10772K->3628K(26112K), 0.0004430 secs] [Times: user=0.01 sys=0.00, real=0.00 secs] 
50.379: Total time for which application threads were stopped: 0.0005440 seconds, Stopping threads took: 0.0000490 seconds
50.419: Application time: 0.0403000 seconds
50.419: [GC [PSYoungGen: 7632K->336K(8192K)] 10796K->3652K(26112K), 0.0003980 secs] [Times: user=0.00 sys=0.00, real=0.00 secs] 
50.420: Total time for which application threads were stopped: 0.0005000 seconds, Stopping threads took: 0.0000510 seconds
50.460: Application time: 0.0402780 seconds
50.460: [GC [PSYoungGen: 7504K->288K(8192K)] 10820K->3660K(26112K), 0.0003920 secs] [Times: user=0.00 sys=0.00, real=0.00 secs] 
50.460: Total time for which application threads were stopped: 0.0004900 seconds, Stopping threads took: 0.0000450 seconds
50.501: Application time: 0.0402750 seconds
50.501: [GC [PSYoungGen: 7456K->256K(8192K)] 10828K->3724K(26112K), 0.0004080 secs] [Times: user=0.00 sys=0.00, real=0.01 secs] 
50.501: Total time for which application threads were stopped: 0.0005000 seconds, Stopping threads took: 0.0000380 seconds
50.541: Application time: 0.0402290 seconds
50.541: [GC [PSYoungGen: 7424K->256K(8192K)] 10892K->3724K(26112K), 0.0003930 secs] [Times: user=0.00 sys=0.00, real=0.00 secs] 
50.542: Total time for which application threads were stopped: 0.0004880 seconds, Stopping threads took: 0.0000450 seconds
50.582: Application time: 0.0400060 seconds
50.582: [GC [PSYoungGen: 7424K->288K(8192K)] 10892K->3756K(26112K), 0.0003690 secs] [Times: user=0.00 sys=0.00, real=0.00 secs] 
50.582: Total time for which application threads were stopped: 0.0004690 seconds, Stopping threads took: 0.0000410 seconds
50.620: Application time: 0.0380070 seconds
50.620: [GC [PSYoungGen: 7456K->400K(8192K)] 10924K->3868K(26112K), 0.0003990 secs] [Times: user=0.00 sys=0.00, real=0.00 secs] 
50.621: Total time for which application threads were stopped: 0.0005090 seconds, Stopping threads took: 0.0000560 seconds
50.661: Application time: 0.0396720 seconds
50.661: [GC [PSYoungGen: 7568K->448K(8192K)] 11036K->3916K(26112K), 0.0004890 secs] [Times: user=0.00 sys=0.00, real=0.01 secs] 
50.661: Total time for which application threads were stopped: 0.0006030 seconds, Stopping threads took: 0.0000520 seconds
50.701: Application time: 0.0400760 seconds
50.701: [GC [PSYoungGen: 7616K->480K(8192K)] 11084K->3948K(26112K), 0.0004280 secs] [Times: user=0.00 sys=0.00, real=0.00 secs] 
50.702: Total time for which application threads were stopped: 0.0005370 seconds, Stopping threads took: 0.0000520 seconds
50.742: Application time: 0.0404150 seconds
50.742: [GC [PSYoungGen: 7648K->464K(8192K)] 11116K->3932K(26112K), 0.0004440 secs] [Times: user=0.00 sys=0.00, real=0.00 secs] 
50.743: Total time for which application threads were stopped: 0.0005410 seconds, Stopping threads took: 0.0000430 seconds
50.783: Application time: 0.0402150 seconds
50.783: [GC [PSYoungGen: 7632K->512K(8192K)] 11100K->3980K(26112K), 0.0003940 secs] [Times: user=0.01 sys=0.00, real=0.00 secs] 
50.783: Total time for which application threads were stopped: 0.0005130 seconds, Stopping threads took: 0.0000560 seconds
50.824: Application time: 0.0403680 seconds
50.824: [GC [PSYoungGen: 7680K->528K(8192K)] 11148K->3996K(26112K), 0.0004110 secs] [Times: user=0.00 sys=0.00, real=0.00 secs] 
50.824: Total time for which application threads were stopped: 0.0005140 seconds, Stopping threads took: 0.0000480 seconds
50.865: Application time: 0.0406760 seconds
50.865: [GC [PSYoungGen: 7696K->480K(8192K)] 11164K->3948K(26112K), 0.0004200 secs] [Times: user=0.01 sys=0.00, real=0.00 secs] 
50.866: Total time for which application threads were stopped: 0.0005230 seconds, Stopping threads took: 0.0000470 seconds
50.906: Application time: 0.0406000 seconds
50.906: [GC [PSYoungGen: 7648K->528K(8192K)] 11116K->3996K(26112K), 0.0004040 secs] [Times: user=0.00 sys=0.00, real=0.00 secs] 
50.907: Total time for which application threads were stopped: 0.0005040 seconds, Stopping threads took: 0.0000470 seconds
50.947: Application time: 0.0404180 seconds
50.947: [GC [PSYoungGen: 7696K->496K(8192K)] 11164K->3964K(26112K), 0.0004640 secs] [Times: user=0.00 sys=0.00, real=0.00 secs] 
50.948: Total time for which application threads were stopped: 0.0005660 seconds, Stopping threads took: 0.0000510 seconds
50.988: Application time: 0.0406220 seconds
50.988: [GC [PSYoungGen: 7664K->512K(8192K)] 11132K->3980K(26112K), 0.0004120 secs] [Times: user=0.00 sys=0.00, real=0.00 secs] 
50.989: Total time for which application threads were stopped: 0.0005070 seconds, Stopping threads took: 0.0000420 seconds
51.029: Application time: 0.0397220 seconds
51.029: [GC [PSYoungGen: 7680K->496K(8192K)] 11148K->3964K(26112K), 0.0004120 secs] [Times: user=0.01 sys=0.00, real=0.01 secs] 
51.029: Total time for which application threads were stopped: 0.0005150 seconds, Stopping threads took: 0.0000460 seconds
51.069: Application time: 0.0402080 seconds
51.069: [GC [PSYoungGen: 7664K->496K(8192K)] 11132K->3964K(26112K), 0.0004090 secs] [Times: user=0.00 sys=0.00, real=0.00 secs] 
51.070: Total time for which application threads were stopped: 0.0005150 seconds, Stopping threads took: 0.0000500 seconds
51.110: Application time: 0.0406420 seconds
51.110: [GC [PSYoungGen: 7664K->528K(8192K)] 11132K->3996K(26112K), 0.0004590 secs] [Times: user=0.00 sys=0.00, real=0.00 secs] 
51.111: Total time for which application threads were stopped: 0.0005510 seconds, Stopping threads took: 0.0000390 seconds
51.151: Application time: 0.0404680 seconds
51.152: [GC [PSYoungGen: 7696K->432K(8192K)] 11164K->3900K(26112K), 0.0005300 secs] [Times: user=0.00 sys=0.00, real=0.00 secs] 
51.152: Total time for which application threads were stopped: 0.0006350 seconds, Stopping threads took: 0.0000480 seconds
51.192: Application time: 0.0402700 seconds
51.193: [GC [PSYoungGen: 7600K->496K(8192K)] 11068K->4012K(26112K), 0.0004110 secs] [Times: user=0.00 sys=0.00, real=0.00 secs] 
51.193: Total time for which application threads were stopped: 0.0011400 seconds, Stopping threads took: 0.0006830 seconds
51.234: Application time: 0.0404290 seconds
51.234: [GC [PSYoungGen: 7664K->320K(8192K)] 11180K->3985K(26112K), 0.0004580 secs] [Times: user=0.00 sys=0.00, real=0.00 secs] 
51.234: Total time for which application threads were stopped: 0.0005610 seconds, Stopping threads took: 0.0000510 seconds
51.275: Application time: 0.0404030 seconds
51.275: [GC [PSYoungGen: 7488K->256K(8192K)] 11153K->4001K(26112K), 0.0004530 secs] [Times: user=0.01 sys=0.00, real=0.00 secs] 
51.275: Total time for which application threads were stopped: 0.0005590 seconds, Stopping threads took: 0.0000530 seconds
51.316: Application time: 0.0408930 seconds
51.316: [GC [PSYoungGen: 7424K->272K(8192K)] 11169K->4073K(26112K), 0.0003860 secs] [Times: user=0.01 sys=0.00, real=0.00 secs] 
51.317: Total time for which application threads were stopped: 0.0004940 seconds, Stopping threads took: 0.0000460 seconds
51.357: Application time: 0.0401790 seconds
51.357: [GC [PSYoungGen: 7440K->256K(8192K)] 11241K->4057K(26112K), 0.0003590 secs] [Times: user=0.00 sys=0.00, real=0.00 secs] 
51.357: Total time for which application threads were stopped: 0.0004510 seconds, Stopping threads took: 0.0000390 seconds
51.396: Application time: 0.0386390 seconds
51.396: [GC [PSYoungGen: 7424K->304K(8192K)] 11225K->4105K(26112K), 0.0003820 secs] [Times: user=0.00 sys=0.00, real=0.00 secs] 
51.397: Total time for which application threads were stopped: 0.0004860 seconds, Stopping threads took: 0.0000500 seconds
51.436: Application time: 0.0398550 seconds
51.437: [GC [PSYoungGen: 7472K->368K(8192K)] 11273K->4169K(26112K), 0.0003810 secs] [Times: user=0.00 sys=0.00, real=0.00 secs] 
51.437: Total time for which application threads were stopped: 0.0004940 seconds, Stopping threads took: 0.0000540 seconds
51.475: Application time: 0.0385250 seconds
51.476: [GC [PSYoungGen: 7536K->496K(8192K)] 11337K->4297K(26112K), 0.0004460 secs] [Times: user=0.01 sys=0.00, real=0.00 secs] 
51.476: Total time for which application threads were stopped: 0.0005480 seconds, Stopping threads took: 0.0000510 seconds
51.517: Application time: 0.0408020 seconds
51.517: [GC [PSYoungGen: 7664K->512K(8192K)] 11465K->4313K(26112K), 0.0004190 secs] [Times: user=0.00 sys=0.00, real=0.00 secs] 
51.517: Total time for which application threads were stopped: 0.0005110 seconds, Stopping threads took: 0.0000420 seconds
51.558: Application time: 0.0406510 seconds
51.558: [GC [PSYoungGen: 7680K->528K(8192K)] 11481K->4329K(26112K), 0.0004070 secs] [Times: user=0.00 sys=0.00, real=0.00 secs] 
51.558: Total time for which application threads were stopped: 0.0005040 seconds, Stopping threads took: 0.0000460 seconds
51.599: Application time: 0.0403770 seconds
51.599: [GC [PSYoungGen: 7696K->512K(8192K)] 11497K->4313K(26112K), 0.0004260 secs] [Times: user=0.00 sys=0.00, real=0.00 secs] 
51.599: Total time for which application threads were stopped: 0.0005250 seconds, Stopping threads took: 0.0000470 seconds
51.640: Application time: 0.0404390 seconds
51.640: [GC [PSYoungGen: 7680K->528K(8192K)] 11481K->4329K(26112K), 0.0004860 secs] [Times: user=0.00 sys=0.00, real=0.00 secs] 
51.640: Total time for which application threads were stopped: 0.0006070 seconds, Stopping threads took: 0.0000560 seconds
51.681: Application time: 0.0403840 seconds
51.681: [GC [PSYoungGen: 7696K->544K(8192K)] 11497K->4345K(26112K), 0.0004150 secs] [Times: user=0.00 sys=0.00, real=0.01 secs] 
51.681: Total time for which application threads were stopped: 0.0005240 seconds, Stopping threads took: 0.0000540 seconds
51.722: Application time: 0.0405250 seconds
51.722: [GC [PSYoungGen: 7712K->464K(8192K)] 11513K->4265K(26112K), 0.0004470 secs] [Times: user=0.00 sys=0.00, real=0.00 secs] 
51.722: Total time for which application threads were stopped: 0.0005440 seconds, Stopping threads took: 0.0000430 seconds
51.763: Application time: 0.0402950 seconds
51.763: [GC [PSYoungGen: 7632K->528K(8192K)] 11433K->4329K(26112K), 0.0004150 secs] [Times: user=0.00 sys=0.00, real=0.00 secs] 
51.763: Total time for which application threads were stopped: 0.0005090 seconds, Stopping threads took: 0.0000420 seconds
51.804: Application time: 0.0403620 seconds
51.804: [GC [PSYoungGen: 7696K->528K(8192K)] 11497K->4329K(26112K), 0.0004460 secs] [Times: user=0.00 sys=0.00, real=0.00 secs] 
51.804: Total time for which application threads were stopped: 0.0005410 seconds, Stopping threads took: 0.0000450 seconds
51.844: Application time: 0.0400360 seconds
51.844: [GC [PSYoungGen: 7696K->496K(8192K)] 11497K->4297K(26112K), 0.0004500 secs] [Times: user=0.00 sys=0.00, real=0.00 secs] 
51.845: Total time for which application threads were stopped: 0.0005540 seconds, Stopping threads took: 0.0000390 seconds
51.885: Application time: 0.0403640 seconds
51.885: [GC [PSYoungGen: 7664K->512K(8192K)] 11465K->4313K(26112K), 0.0004730 secs] [Times: user=0.00 sys=0.00, real=0.00 secs] 
51.886: Total time for which application threads were stopped: 0.0005710 seconds, Stopping threads took: 0.0000460 seconds
51.926: Application time: 0.0405140 seconds
51.926: [GC [PSYoungGen: 7680K->512K(8192K)] 11481K->4313K(26112K), 0.0004210 secs] [Times: user=0.00 sys=0.00, real=0.00 secs] 
51.927: Total time for which application threads were stopped: 0.0005230 seconds, Stopping threads took: 0.0000490 seconds
51.967: Application time: 0.0403510 seconds
51.967: [GC [PSYoungGen: 7680K->512K(8192K)] 11481K->4313K(26112K), 0.0004300 secs] [Times: user=0.00 sys=0.00, real=0.00 secs] 
51.968: Total time for which application threads were stopped: 0.0005270 seconds, Stopping threads took: 0.0000410 seconds
52.008: Application time: 0.0404310 seconds
52.008: [GC [PSYoungGen: 7680K->384K(8192K)] 11481K->4305K(26112K), 0.0004490 secs] [Times: user=0.00 sys=0.00, real=0.00 secs] 
52.009: Total time for which application threads were stopped: 0.0005440 seconds, Stopping threads took: 0.0000400 seconds
52.049: Application time: 0.0403580 seconds
52.049: [GC [PSYoungGen: 7552K->352K(8192K)] 11473K->4361K(26112K), 0.0004270 secs] [Times: user=0.00 sys=0.00, real=0.00 secs] 
52.049: Total time for which application threads were stopped: 0.0005310 seconds, Stopping threads took: 0.0000520 seconds
52.090: Application time: 0.0402650 seconds
52.090: [GC [PSYoungGen: 7520K->256K(8192K)] 11529K->4393K(26112K), 0.0003870 secs] [Times: user=0.00 sys=0.00, real=0.00 secs] 
52.090: Total time for which application threads were stopped: 0.0004820 seconds, Stopping threads took: 0.0000440 seconds
52.131: Application time: 0.0406540 seconds
52.131: [GC [PSYoungGen: 7424K->240K(8192K)] 11561K->4377K(26112K), 0.0004180 secs] [Times: user=0.00 sys=0.00, real=0.00 secs] 
52.131: Total time for which application threads were stopped: 0.0005140 seconds, Stopping threads took: 0.0000420 seconds
52.172: Application time: 0.0403070 seconds
52.172: [GC [PSYoungGen: 7408K->272K(8192K)] 11545K->4409K(26112K), 0.0003960 secs] [Times: user=0.00 sys=0.00, real=0.00 secs] 
52.172: Total time for which application threads were stopped: 0.0004950 seconds, Stopping threads took: 0.0000460 seconds
52.212: Application time: 0.0395140 seconds
52.212: [GC [PSYoungGen: 7440K->336K(8192K)] 11577K->4473K(26112K), 0.0003680 secs] [Times: user=0.00 sys=0.00, real=0.00 secs] 
52.212: Total time for which application threads were stopped: 0.0004570 seconds, Stopping threads took: 0.0000370 seconds
52.251: Application time: 0.0387920 seconds
52.251: [GC [PSYoungGen: 7504K->416K(8192K)] 11641K->4553K(26112K), 0.0004010 secs] [Times: user=0.00 sys=0.00, real=0.00 secs] 
52.251: Total time for which application threads were stopped: 0.0005010 seconds, Stopping threads took: 0.0000440 seconds
52.291: Application time: 0.0395690 seconds
52.291: [GC [PSYoungGen: 7584K->512K(8192K)] 11721K->4649K(26112K), 0.0005120 secs] [Times: user=0.01 sys=0.00, real=0.00 secs] 
52.292: Total time for which application threads were stopped: 0.0006070 seconds, Stopping threads took: 0.0000400 seconds
52.332: Application time: 0.0402530 seconds
52.332: [GC [PSYoungGen: 7680K->480K(8192K)] 11817K->4617K(26112K), 0.0004690 secs] [Times: user=0.00 sys=0.00, real=0.00 secs] 
52.332: Total time for which application threads were stopped: 0.0005670 seconds, Stopping threads took: 0.0000440 seconds
52.373: Application time: 0.0403240 seconds
52.373: [GC [PSYoungGen: 7648K->480K(8192K)] 11785K->4617K(26112K), 0.0004220 secs] [Times: user=0.00 sys=0.00, real=0.00 secs] 
52.373: Total time for which application threads were stopped: 0.0005310 seconds, Stopping threads took: 0.0000440 seconds
52.414: Application time: 0.0404270 seconds
52.414: [GC [PSYoungGen: 7648K->576K(8192K)] 11785K->4713K(26112K), 0.0004090 secs] [Times: user=0.00 sys=0.00, real=0.00 secs] 
52.414: Total time for which application threads were stopped: 0.0005080 seconds, Stopping threads took: 0.0000490 seconds
52.455: Application time: 0.0403300 seconds
52.455: [GC [PSYoungGen: 7744K->528K(8192K)] 11881K->4665K(26112K), 0.0004450 secs] [Times: user=0.00 sys=0.00, real=0.00 secs] 
52.455: Total time for which application threads were stopped: 0.0005450 seconds, Stopping threads took: 0.0000450 seconds
52.495: Application time: 0.0403270 seconds
52.496: [GC [PSYoungGen: 7696K->512K(8192K)] 11833K->4649K(26112K), 0.0004060 secs] [Times: user=0.00 sys=0.00, real=0.00 secs] 
52.496: Total time for which application threads were stopped: 0.0005010 seconds, Stopping threads took: 0.0000450 seconds
52.537: Application time: 0.0406820 seconds
52.537: [GC [PSYoungGen: 7680K->496K(8192K)] 11817K->4633K(26112K), 0.0004430 secs] [Times: user=0.00 sys=0.00, real=0.00 secs] 
52.537: Total time for which application threads were stopped: 0.0005400 seconds, Stopping threads took: 0.0000440 seconds
52.577: Application time: 0.0402290 seconds
52.577: [GC [PSYoungGen: 7664K->496K(8192K)] 11801K->4633K(26112K), 0.0004590 secs] [Times: user=0.00 sys=0.00, real=0.00 secs] 
52.578: Total time for which application threads were stopped: 0.0005500 seconds, Stopping threads took: 0.0000380 seconds
52.618: Application time: 0.0403000 seconds
52.618: [GC [PSYoungGen: 7664K->528K(8192K)] 11801K->4665K(26112K), 0.0004130 secs] [Times: user=0.00 sys=0.00, real=0.00 secs] 
52.619: Total time for which application threads were stopped: 0.0005140 seconds, Stopping threads took: 0.0000490 seconds
52.659: Application time: 0.0404510 seconds
52.659: [GC [PSYoungGen: 7696K->480K(8192K)] 11833K->4617K(26112K), 0.0005740 secs] [Times: user=0.00 sys=0.00, real=0.00 secs] 
52.660: Total time for which application threads were stopped: 0.0006930 seconds, Stopping threads took: 0.0000550 seconds
52.700: Application time: 0.0402390 seconds
52.700: [GC [PSYoungGen: 7648K->496K(8192K)] 11785K->4633K(26112K), 0.0004210 secs] [Times: user=0.00 sys=0.00, real=0.00 secs] 
52.701: Total time for which application threads were stopped: 0.0005110 seconds, Stopping threads took: 0.0000340 seconds
52.741: Application time: 0.0407980 seconds
52.742: [GC [PSYoungGen: 7664K->512K(8192K)] 11801K->4649K(26112K), 0.0004150 secs] [Times: user=0.00 sys=0.00, real=0.00 secs] 
52.742: Total time for which application threads were stopped: 0.0005100 seconds, Stopping threads took: 0.0000390 seconds
52.782: Application time: 0.0402980 seconds
52.782: [GC [PSYoungGen: 7680K->432K(8192K)] 11817K->4617K(26112K), 0.0004500 secs] [Times: user=0.01 sys=0.00, real=0.00 secs] 
52.783: Total time for which application threads were stopped: 0.0005530 seconds, Stopping threads took: 0.0000490 seconds
52.823: Application time: 0.0401590 seconds
52.823: [GC [PSYoungGen: 7600K->432K(8192K)] 11785K->4713K(26112K), 0.0004300 secs] [Times: user=0.00 sys=0.00, real=0.00 secs] 
52.824: Total time for which application threads were stopped: 0.0005290 seconds, Stopping threads took: 0.0000390 seconds
52.864: Application time: 0.0402930 seconds
52.864: [GC [PSYoungGen: 7600K->320K(8192K)] 11881K->4729K(26112K), 0.0003800 secs] [Times: user=0.00 sys=0.00, real=0.00 secs] 
52.864: Total time for which application threads were stopped: 0.0004850 seconds, Stopping threads took: 0.0000510 seconds
52.905: Application time: 0.0405170 seconds
52.905: [GC [PSYoungGen: 7488K->256K(8192K)] 11897K->4753K(26112K), 0.0003820 secs] [Times: user=0.01 sys=0.00, real=0.00 secs] 
52.905: Total time for which application threads were stopped: 0.0004860 seconds, Stopping threads took: 0.0000430 seconds
52.946: Application time: 0.0407760 seconds
52.946: [GC [PSYoungGen: 7424K->208K(8192K)] 11921K->4705K(26112K), 0.0004150 secs] [Times: user=0.00 sys=0.00, real=0.00 secs] 
52.947: Total time for which application threads were stopped: 0.0005100 seconds, Stopping threads took: 0.0000440 seconds
52.986: Application time: 0.0397540 seconds
52.986: [GC [PSYoungGen: 7376K->272K(8192K)] 11873K->4769K(26112K), 0.0004110 secs] [Times: user=0.00 sys=0.00, real=0.00 secs] 
52.987: Total time for which application threads were stopped: 0.0005120 seconds, Stopping threads took: 0.0000460 seconds
53.025: Application time: 0.0380500 seconds
53.025: [GC [PSYoungGen: 7440K->352K(8192K)] 11937K->4849K(26112K), 0.0004300 secs] [Times: user=0.00 sys=0.00, real=0.00 secs] 
53.025: Total time for which application threads were stopped: 0.0005340 seconds, Stopping threads took: 0.0000460 seconds
53.065: Application time: 0.0395850 seconds
53.065: [GC [PSYoungGen: 7520K->464K(8192K)] 12017K->4961K(26112K), 0.0004700 secs] [Times: user=0.00 sys=0.00, real=0.00 secs] 
53.066: Total time for which application threads were stopped: 0.0005670 seconds, Stopping threads took: 0.0000420 seconds
53.105: Application time: 0.0394260 seconds
53.105: [GC [PSYoungGen: 7632K->496K(8192K)] 12129K->4993K(26112K), 0.0004150 secs] [Times: user=0.01 sys=0.00, real=0.00 secs] 
53.106: Total time for which application threads were stopped: 0.0005210 seconds, Stopping threads took: 0.0000520 seconds
53.146: Application time: 0.0404590 seconds
53.146: [GC [PSYoungGen: 7664K->480K(8192K)] 12161K->4977K(26112K), 0.0004380 secs] [Times: user=0.00 sys=0.00, real=0.00 secs] 
53.147: Total time for which application threads were stopped: 0.0005360 seconds, Stopping threads took: 0.0000440 seconds
53.187: Application time: 0.0407120 seconds
53.189: [GC [PSYoungGen: 7648K->464K(8192K)] 12145K->4961K(26112K), 0.0004430 secs] [Times: user=0.00 sys=0.00, real=0.00 secs] 
53.190: Total time for which application threads were stopped: 0.0022490 seconds, Stopping threads took: 0.0017560 seconds
53.230: Application time: 0.0402890 seconds
53.230: [GC [PSYoungGen: 7632K->480K(8192K)] 12129K->4977K(26112K), 0.0004080 secs] [Times: user=0.00 sys=0.00, real=0.00 secs] 
53.230: Total time for which application threads were stopped: 0.0005280 seconds, Stopping threads took: 0.0000680 seconds
53.271: Application time: 0.0406110 seconds
53.271: [GC [PSYoungGen: 7648K->496K(8192K)] 12145K->4993K(26112K), 0.0004060 secs] [Times: user=0.00 sys=0.00, real=0.00 secs] 
53.271: Total time for which application threads were stopped: 0.0005090 seconds, Stopping threads took: 0.0000510 seconds
53.312: Application time: 0.0403780 seconds
53.312: [GC [PSYoungGen: 7664K->528K(8192K)] 12161K->5025K(26112K), 0.0004370 secs] [Times: user=0.00 sys=0.00, real=0.00 secs] 
53.312: Total time for which application threads were stopped: 0.0005330 seconds, Stopping threads took: 0.0000460 seconds
53.353: Application time: 0.0404610 seconds
53.353: [GC [PSYoungGen: 7696K->528K(8192K)] 12193K->5025K(26112K), 0.0004430 secs] [Times: user=0.00 sys=0.00, real=0.00 secs] 
53.353: Total time for which application threads were stopped: 0.0005420 seconds, Stopping threads took: 0.0000420 seconds
53.394: Application time: 0.0403000 seconds
53.394: [GC [PSYoungGen: 7696K->480K(8192K)] 12193K->4977K(26112K), 0.0004890 secs] [Times: user=0.00 sys=0.00, real=0.00 secs] 
53.394: Total time for which application threads were stopped: 0.0005920 seconds, Stopping threads took: 0.0000400 seconds
53.434: Application time: 0.0400980 seconds
53.434: [GC [PSYoungGen: 7648K->512K(8192K)] 12145K->5009K(26112K), 0.0004200 secs] [Times: user=0.00 sys=0.00, real=0.00 secs] 
53.435: Total time for which application threads were stopped: 0.0005230 seconds, Stopping threads took: 0.0000400 seconds
53.475: Application time: 0.0401450 seconds
53.475: [GC [PSYoungGen: 7680K->496K(8192K)] 12177K->4993K(26112K), 0.0004630 secs] [Times: user=0.00 sys=0.00, real=0.00 secs] 
53.476: Total time for which application threads were stopped: 0.0005630 seconds, Stopping threads took: 0.0000460 seconds
53.516: Application time: 0.0402430 seconds
53.516: [GC [PSYoungGen: 7664K->480K(8192K)] 12161K->4977K(26112K), 0.0004100 secs] [Times: user=0.00 sys=0.00, real=0.00 secs] 
53.516: Total time for which application threads were stopped: 0.0005010 seconds, Stopping threads took: 0.0000370 seconds
53.557: Application time: 0.0403270 seconds
53.557: [GC [PSYoungGen: 7648K->544K(8192K)] 12145K->5041K(26112K), 0.0004270 secs] [Times: user=0.00 sys=0.00, real=0.00 secs] 
53.557: Total time for which application threads were stopped: 0.0005290 seconds, Stopping threads took: 0.0000480 seconds
53.597: Application time: 0.0401950 seconds
53.597: [GC [PSYoungGen: 7712K->432K(8192K)] 12209K->4977K(26112K), 0.0004460 secs] [Times: user=0.00 sys=0.00, real=0.00 secs] 
53.598: Total time for which application threads were stopped: 0.0005530 seconds, Stopping threads took: 0.0000530 seconds
53.639: Application time: 0.0410240 seconds
53.639: [GC [PSYoungGen: 7600K->320K(8192K)] 12145K->5009K(26112K), 0.0005280 secs] [Times: user=0.01 sys=0.00, real=0.00 secs] 
53.640: Total time for which application threads were stopped: 0.0007660 seconds, Stopping threads took: 0.0001700 seconds
53.680: Application time: 0.0402120 seconds
53.680: [GC [PSYoungGen: 7488K->272K(8192K)] 12177K->5049K(26112K), 0.0003920 secs] [Times: user=0.01 sys=0.00, real=0.00 secs] 
53.680: Total time for which application threads were stopped: 0.0005060 seconds, Stopping threads took: 0.0000580 seconds
53.721: Application time: 0.0405980 seconds
53.721: [GC [PSYoungGen: 7440K->272K(8192K)] 12217K->5113K(26112K), 0.0004460 secs] [Times: user=0.00 sys=0.00, real=0.00 secs] 
53.722: Total time for which application threads were stopped: 0.0005400 seconds, Stopping threads took: 0.0000420 seconds
53.762: Application time: 0.0402890 seconds
53.762: [GC [PSYoungGen: 7440K->256K(8192K)] 12281K->5097K(26112K), 0.0003640 secs] [Times: user=0.00 sys=0.00, real=0.00 secs] 
53.762: Total time for which application threads were stopped: 0.0004630 seconds, Stopping threads took: 0.0000460 seconds
53.801: Application time: 0.0387650 seconds
53.801: [GC [PSYoungGen: 7424K->336K(8192K)] 12265K->5177K(26112K), 0.0003600 secs] [Times: user=0.01 sys=0.00, real=0.00 secs] 
53.802: Total time for which application threads were stopped: 0.0004690 seconds, Stopping threads took: 0.0000520 seconds
53.841: Application time: 0.0392230 seconds
53.841: [GC [PSYoungGen: 7504K->368K(8192K)] 12345K->5209K(26112K), 0.0003990 secs] [Times: user=0.00 sys=0.00, real=0.01 secs] 
53.841: Total time for which application threads were stopped: 0.0005010 seconds, Stopping threads took: 0.0000480 seconds
53.881: Application time: 0.0394930 seconds
53.881: [GC [PSYoungGen: 7536K->448K(8192K)] 12377K->5289K(26112K), 0.0003980 secs] [Times: user=0.01 sys=0.00, real=0.01 secs] 
53.881: Total time for which application threads were stopped: 0.0004870 seconds, Stopping threads took: 0.0000370 seconds
53.922: Application time: 0.0407780 seconds
53.922: [GC [PSYoungGen: 7616K->512K(8192K)] 12457K->5353K(26112K), 0.0004050 secs] [Times: user=0.00 sys=0.00, real=0.00 secs] 
53.923: Total time for which application threads were stopped: 0.0005010 seconds, Stopping threads took: 0.0000430 seconds
53.963: Application time: 0.0402960 seconds
53.963: [GC [PSYoungGen: 7680K->512K(8192K)] 12521K->5353K(26112K), 0.0004080 secs] [Times: user=0.00 sys=0.00, real=0.00 secs] 
53.963: Total time for which application threads were stopped: 0.0005300 seconds, Stopping threads took: 0.0000510 seconds
54.004: Application time: 0.0403430 seconds
54.004: [GC [PSYoungGen: 7680K->544K(8192K)] 12521K->5385K(26112K), 0.0004050 secs] [Times: user=0.00 sys=0.00, real=0.00 secs] 
54.004: Total time for which application threads were stopped: 0.0005060 seconds, Stopping threads took: 0.0000490 seconds
54.045: Application time: 0.0404390 seconds
54.045: [GC [PSYoungGen: 7712K->528K(8192K)] 12553K->5369K(26112K), 0.0004880 secs] [Times: user=0.00 sys=0.00, real=0.00 secs] 
54.045: Total time for which application threads were stopped: 0.0005910 seconds, Stopping threads took: 0.0000490 seconds
54.086: Application time: 0.0405600 seconds
54.086: [GC [PSYoungGen: 7696K->480K(8192K)] 12537K->5321K(26112K), 0.0004030 secs] [Times: user=0.00 sys=0.00, real=0.00 secs] 
54.086: Total time for which application threads were stopped: 0.0005040 seconds, Stopping threads took: 0.0000460 seconds
54.127: Application time: 0.0402600 seconds
54.127: [GC [PSYoungGen: 7648K->496K(8192K)] 12489K->5337K(26112K), 0.0004110 secs] [Times: user=0.01 sys=0.00, real=0.00 secs] 
54.127: Total time for which application threads were stopped: 0.0005080 seconds, Stopping threads took: 0.0000420 seconds
54.168: Application time: 0.0407700 seconds
54.168: [GC [PSYoungGen: 7664K->464K(8192K)] 12505K->5305K(26112K), 0.0004040 secs] [Times: user=0.00 sys=0.00, real=0.00 secs] 
54.168: Total time for which application threads were stopped: 0.0005010 seconds, Stopping threads took: 0.0000430 seconds
54.208: Application time: 0.0397460 seconds
54.208: [GC [PSYoungGen: 7632K->512K(8192K)] 12473K->5353K(26112K), 0.0004170 secs] [Times: user=0.00 sys=0.00, real=0.00 secs] 
54.209: Total time for which application threads were stopped: 0.0005140 seconds, Stopping threads took: 0.0000450 seconds
54.249: Application time: 0.0403600 seconds
54.249: [GC [PSYoungGen: 7680K->528K(8192K)] 12521K->5369K(26112K), 0.0004180 secs] [Times: user=0.00 sys=0.00, real=0.00 secs] 
54.250: Total time for which application threads were stopped: 0.0005140 seconds, Stopping threads took: 0.0000420 seconds
54.290: Application time: 0.0402300 seconds
54.290: [GC [PSYoungGen: 7696K->512K(8192K)] 12537K->5353K(26112K), 0.0004120 secs] [Times: user=0.00 sys=0.00, real=0.00 secs] 
54.290: Total time for which application threads were stopped: 0.0005180 seconds, Stopping threads took: 0.0000520 seconds
54.331: Application time: 0.0402610 seconds
54.331: [GC [PSYoungGen: 7680K->512K(8192K)] 12521K->5353K(26112K), 0.0004790 secs] [Times: user=0.00 sys=0.00, real=0.00 secs] 
54.331: Total time for which application threads were stopped: 0.0005700 seconds, Stopping threads took: 0.0000390 seconds
54.371: Application time: 0.0403430 seconds
54.372: [GC [PSYoungGen: 7680K->512K(8192K)] 12521K->5353K(26112K), 0.0004550 secs] [Times: user=0.00 sys=0.00, real=0.00 secs] 
54.372: Total time for which application threads were stopped: 0.0005620 seconds, Stopping threads took: 0.0000530 seconds
54.412: Application time: 0.0404410 seconds
54.413: [GC [PSYoungGen: 7680K->352K(8192K)] 12521K->5314K(26112K), 0.0004310 secs] [Times: user=0.00 sys=0.00, real=0.00 secs] 
54.413: Total time for which application threads were stopped: 0.0005360 seconds, Stopping threads took: 0.0000520 seconds
54.453: Application time: 0.0402590 seconds
54.453: [GC [PSYoungGen: 7520K->304K(8192K)] 12482K->5370K(26112K), 0.0004050 secs] [Times: user=0.00 sys=0.00, real=0.00 secs] 
54.454: Total time for which application threads were stopped: 0.0005090 seconds, Stopping threads took: 0.0000520 seconds
54.494: Application time: 0.0405640 seconds
54.494: [GC [PSYoungGen: 7472K->272K(8192K)] 12538K->5434K(26112K), 0.0003830 secs] [Times: user=0.00 sys=0.00, real=0.00 secs] 
54.495: Total time for which application threads were stopped: 0.0005030 seconds, Stopping threads took: 0.0000550 seconds
54.535: Application time: 0.0405050 seconds
54.535: [GC [PSYoungGen: 7440K->256K(8192K)] 12602K->5466K(26112K), 0.0004170 secs] [Times: user=0.00 sys=0.00, real=0.00 secs] 
54.536: Total time for which application threads were stopped: 0.0005170 seconds, Stopping threads took: 0.0000460 seconds
54.576: Application time: 0.0400020 seconds
54.576: [GC [PSYoungGen: 7424K->272K(8192K)] 12634K->5482K(26112K), 0.0003560 secs] [Times: user=0.00 sys=0.00, real=0.00 secs] 
54.576: Total time for which application threads were stopped: 0.0004630 seconds, Stopping threads took: 0.0000520 seconds
54.615: Application time: 0.0389920 seconds
54.615: [GC [PSYoungGen: 7440K->336K(8192K)] 12650K->5546K(26112K), 0.0003650 secs] [Times: user=0.00 sys=0.00, real=0.00 secs] 
54.616: Total time for which application threads were stopped: 0.0004570 seconds, Stopping threads took: 0.0000410 seconds
54.655: Application time: 0.0393460 seconds
54.655: [GC [PSYoungGen: 7493K->416K(8192K)] 12703K->5626K(26112K), 0.0004420 secs] [Times: user=0.00 sys=0.00, real=0.00 secs] 
54.656: Total time for which application threads were stopped: 0.0005460 seconds, Stopping threads took: 0.0000430 seconds
54.695: Application time: 0.0395680 seconds
54.695: [GC [PSYoungGen: 7584K->480K(8192K)] 12794K->5690K(26112K), 0.0004040 secs] [Times: user=0.00 sys=0.00, real=0.00 secs] 
54.696: Total time for which application threads were stopped: 0.0004990 seconds, Stopping threads took: 0.0000390 seconds
54.736: Application time: 0.0399830 seconds
54.736: [GC [PSYoungGen: 7648K->464K(8192K)] 12858K->5674K(26112K), 0.0004680 secs] [Times: user=0.00 sys=0.00, real=0.00 secs] 
54.736: Total time for which application threads were stopped: 0.0005590 seconds, Stopping threads took: 0.0000370 seconds
54.777: Application time: 0.0401920 seconds
54.777: [GC [PSYoungGen: 7632K->496K(8192K)] 12842K->5706K(26112K), 0.0004730 secs] [Times: user=0.01 sys=0.00, real=0.00 secs] 
54.777: Total time for which application threads were stopped: 0.0005610 seconds, Stopping threads took: 0.0000380 seconds
54.818: Application time: 0.0404290 seconds
54.818: [GC [PSYoungGen: 7664K->528K(8192K)] 12874K->5738K(26112K), 0.0004170 secs] [Times: user=0.00 sys=0.00, real=0.00 secs] 
54.818: Total time for which application threads were stopped: 0.0005090 seconds, Stopping threads took: 0.0000370 seconds
54.858: Application time: 0.0403360 seconds
54.858: [GC [PSYoungGen: 7696K->496K(8192K)] 12906K->5706K(26112K), 0.0004390 secs] [Times: user=0.01 sys=0.00, real=0.00 secs] 
54.859: Total time for which application threads were stopped: 0.0005450 seconds, Stopping threads took: 0.0000530 seconds
54.899: Application time: 0.0402160 seconds
54.899: [GC [PSYoungGen: 7664K->496K(8192K)] 12874K->5706K(26112K), 0.0004660 secs] [Times: user=0.00 sys=0.00, real=0.00 secs] 
54.901: Total time for which application threads were stopped: 0.0016120 seconds, Stopping threads took: 0.0000550 seconds
54.941: Application time: 0.0405120 seconds
54.941: [GC [PSYoungGen: 7664K->544K(8192K)] 12874K->5754K(26112K), 0.0004610 secs] [Times: user=0.00 sys=0.00, real=0.00 secs] 
54.942: Total time for which application threads were stopped: 0.0005530 seconds, Stopping threads took: 0.0000350 seconds
54.982: Application time: 0.0403470 seconds
54.982: [GC [PSYoungGen: 7712K->496K(8192K)] 12922K->5706K(26112K), 0.0004140 secs] [Times: user=0.00 sys=0.00, real=0.00 secs] 
54.983: Total time for which application threads were stopped: 0.0005230 seconds, Stopping threads took: 0.0000560 seconds
55.023: Application time: 0.0401630 seconds
55.023: [GC [PSYoungGen: 7664K->528K(8192K)] 12874K->5738K(26112K), 0.0004160 secs] [Times: user=0.00 sys=0.00, real=0.00 secs] 
55.023: Total time for which application threads were stopped: 0.0005280 seconds, Stopping threads took: 0.0000480 seconds
55.063: Application time: 0.0400470 seconds
55.063: [GC [PSYoungGen: 7696K->528K(8192K)] 12906K->5738K(26112K), 0.0003970 secs] [Times: user=0.00 sys=0.00, real=0.00 secs] 
55.064: Total time for which application threads were stopped: 0.0005090 seconds, Stopping threads took: 0.0000580 seconds
55.104: Application time: 0.0403030 seconds
55.104: [GC [PSYoungGen: 7696K->480K(8192K)] 12906K->5690K(26112K), 0.0004750 secs] [Times: user=0.01 sys=0.00, real=0.00 secs] 
55.105: Total time for which application threads were stopped: 0.0005810 seconds, Stopping threads took: 0.0000510 seconds
55.145: Application time: 0.0403230 seconds
55.149: [GC [PSYoungGen: 7648K->496K(8192K)] 12858K->5706K(26112K), 0.0004430 secs] [Times: user=0.00 sys=0.00, real=0.00 secs] 
55.150: Total time for which application threads were stopped: 0.0044010 seconds, Stopping threads took: 0.0039030 seconds
55.190: Application time: 0.0402440 seconds
55.190: [GC [PSYoungGen: 7664K->464K(8192K)] 12874K->5738K(26112K), 0.0004140 secs] [Times: user=0.00 sys=0.00, real=0.00 secs] 
55.190: Total time for which application threads were stopped: 0.0005150 seconds, Stopping threads took: 0.0000480 seconds
55.231: Application time: 0.0402870 seconds
55.231: [GC [PSYoungGen: 7632K->368K(8192K)] 12906K->5730K(26112K), 0.0004070 secs] [Times: user=0.00 sys=0.00, real=0.00 secs] 
55.231: Total time for which application threads were stopped: 0.0005070 seconds, Stopping threads took: 0.0000500 seconds
55.271: Application time: 0.0401840 seconds
55.271: [GC [PSYoungGen: 7536K->336K(8192K)] 12898K->5802K(26112K), 0.0004020 secs] [Times: user=0.00 sys=0.00, real=0.00 secs] 
55.272: Total time for which application threads were stopped: 0.0004910 seconds, Stopping threads took: 0.0000380 seconds
55.312: Application time: 0.0404200 seconds
55.312: [GC [PSYoungGen: 7504K->272K(8192K)] 12970K->5802K(26112K), 0.0004200 secs] [Times: user=0.00 sys=0.00, real=0.00 secs] 
55.313: Total time for which application threads were stopped: 0.0005260 seconds, Stopping threads took: 0.0000530 seconds
55.353: Application time: 0.0403720 seconds
55.353: [GC [PSYoungGen: 7440K->256K(8192K)] 12970K->5842K(26112K), 0.0003830 secs] [Times: user=0.01 sys=0.00, real=0.00 secs] 
55.354: Total time for which application threads were stopped: 0.0004750 seconds, Stopping threads took: 0.0000410 seconds
55.394: Application time: 0.0399500 seconds
55.394: [GC [PSYoungGen: 7424K->272K(8192K)] 13010K->5858K(26112K), 0.0003690 secs] [Times: user=0.00 sys=0.00, real=0.00 secs] 
55.394: Total time for which application threads were stopped: 0.0004640 seconds, Stopping threads took: 0.0000430 seconds
55.433: Application time: 0.0387680 seconds
55.433: [GC [PSYoungGen: 7440K->352K(8192K)] 13026K->5938K(26112K), 0.0004300 secs] [Times: user=0.00 sys=0.00, real=0.00 secs] 
55.433: Total time for which application threads were stopped: 0.0005280 seconds, Stopping threads took: 0.0000420 seconds
55.472: Application time: 0.0388620 seconds
55.472: [GC [PSYoungGen: 7520K->448K(8192K)] 13106K->6034K(26112K), 0.0004430 secs] [Times: user=0.00 sys=0.00, real=0.00 secs] 
55.473: Total time for which application threads were stopped: 0.0005420 seconds, Stopping threads took: 0.0000460 seconds
55.512: Application time: 0.0395800 seconds
55.512: [GC [PSYoungGen: 7616K->464K(8192K)] 13202K->6050K(26112K), 0.0004200 secs] [Times: user=0.00 sys=0.00, real=0.00 secs] 
55.513: Total time for which application threads were stopped: 0.0005220 seconds, Stopping threads took: 0.0000480 seconds
55.553: Application time: 0.0403420 seconds
55.553: [GC [PSYoungGen: 7632K->496K(8192K)] 13218K->6082K(26112K), 0.0004690 secs] [Times: user=0.01 sys=0.00, real=0.00 secs] 
55.554: Total time for which application threads were stopped: 0.0005830 seconds, Stopping threads took: 0.0000510 seconds
55.594: Application time: 0.0407450 seconds
55.595: [GC [PSYoungGen: 7664K->480K(8192K)] 13250K->6066K(26112K), 0.0004500 secs] [Times: user=0.00 sys=0.00, real=0.00 secs] 
55.595: Total time for which application threads were stopped: 0.0005500 seconds, Stopping threads took: 0.0000450 seconds
55.635: Application time: 0.0403630 seconds
55.635: [GC [PSYoungGen: 7648K->480K(8192K)] 13234K->6066K(26112K), 0.0004550 secs] [Times: user=0.00 sys=0.00, real=0.00 secs] 
55.636: Total time for which application threads were stopped: 0.0005620 seconds, Stopping threads took: 0.0000560 seconds
55.676: Application time: 0.0405160 seconds
55.677: [GC [PSYoungGen: 7648K->512K(8192K)] 13234K->6098K(26112K), 0.0005500 secs] [Times: user=0.00 sys=0.00, real=0.00 secs] 
55.677: Total time for which application threads were stopped: 0.0006610 seconds, Stopping threads took: 0.0000530 seconds
55.718: Application time: 0.0404610 seconds
55.718: [GC [PSYoungGen: 7680K->512K(8192K)] 13266K->6098K(26112K), 0.0004490 secs] [Times: user=0.00 sys=0.00, real=0.00 secs] 
55.718: Total time for which application threads were stopped: 0.0005500 seconds, Stopping threads took: 0.0000480 seconds
55.758: Application time: 0.0402380 seconds
55.758: [GC [PSYoungGen: 7680K->528K(8192K)] 13266K->6114K(26112K), 0.0004720 secs] [Times: user=0.00 sys=0.00, real=0.00 secs] 
55.759: Total time for which application threads were stopped: 0.0005690 seconds, Stopping threads took: 0.0000440 seconds
55.799: Application time: 0.0402490 seconds
55.799: [GC [PSYoungGen: 7696K->512K(8192K)] 13282K->6098K(26112K), 0.0004130 secs] [Times: user=0.00 sys=0.00, real=0.00 secs] 
55.800: Total time for which application threads were stopped: 0.0005160 seconds, Stopping threads took: 0.0000480 seconds
55.840: Application time: 0.0402520 seconds
55.840: [GC [PSYoungGen: 7680K->528K(8192K)] 13266K->6114K(26112K), 0.0004050 secs] [Times: user=0.00 sys=0.00, real=0.00 secs] 
55.840: Total time for which application threads were stopped: 0.0005060 seconds, Stopping threads took: 0.0000440 seconds
55.881: Application time: 0.0401030 seconds
55.881: [GC [PSYoungGen: 7696K->528K(8192K)] 13282K->6114K(26112K), 0.0004170 secs] [Times: user=0.00 sys=0.00, real=0.01 secs] 
55.881: Total time for which application threads were stopped: 0.0005100 seconds, Stopping threads took: 0.0000420 seconds
55.921: Application time: 0.0400780 seconds
55.921: [GC [PSYoungGen: 7696K->512K(8192K)] 13282K->6098K(26112K), 0.0004130 secs] [Times: user=0.00 sys=0.00, real=0.00 secs] 
55.922: Total time for which application threads were stopped: 0.0005020 seconds, Stopping threads took: 0.0000410 seconds
55.962: Application time: 0.0402140 seconds
55.962: [GC [PSYoungGen: 7680K->528K(8192K)] 13266K->6114K(26112K), 0.0004170 secs] [Times: user=0.01 sys=0.00, real=0.00 secs] 
55.962: Total time for which application threads were stopped: 0.0005330 seconds, Stopping threads took: 0.0000610 seconds
56.003: Application time: 0.0403210 seconds
56.003: [GC [PSYoungGen: 7696K->432K(8192K)] 13282K->6058K(26112K), 0.0004260 secs] [Times: user=0.00 sys=0.00, real=0.00 secs] 
56.003: Total time for which application threads were stopped: 0.0005210 seconds, Stopping threads took: 0.0000430 seconds
56.043: Application time: 0.0402280 seconds
56.045: [GC [PSYoungGen: 7600K->368K(8192K)] 13226K->6114K(26112K), 0.0004170 secs] [Times: user=0.01 sys=0.00, real=0.00 secs] 
56.045: Total time for which application threads were stopped: 0.0019870 seconds, Stopping threads took: 0.0015170 seconds
56.086: Application time: 0.0401780 seconds
56.086: [GC [PSYoungGen: 7536K->320K(8192K)] 13282K->6162K(26112K), 0.0003880 secs] [Times: user=0.00 sys=0.00, real=0.00 secs] 
56.086: Total time for which application threads were stopped: 0.0005070 seconds, Stopping threads took: 0.0000590 seconds
56.127: Application time: 0.0406070 seconds
56.127: [GC [PSYoungGen: 7488K->192K(8192K)] 13330K->6106K(26112K), 0.0004130 secs] [Times: user=0.00 sys=0.00, real=0.00 secs] 
56.127: Total time for which application threads were stopped: 0.0005040 seconds, Stopping threads took: 0.0000390 seconds
56.168: Application time: 0.0404600 seconds
56.168: [GC [PSYoungGen: 7360K->256K(8192K)] 13274K->6170K(26112K), 0.0003680 secs] [Times: user=0.00 sys=0.00, real=0.00 secs] 
56.168: Total time for which application threads were stopped: 0.0004530 seconds, Stopping threads took: 0.0000340 seconds
56.207: Application time: 0.0391910 seconds
56.207: [GC [PSYoungGen: 7424K->288K(8192K)] 13338K->6202K(26112K), 0.0003780 secs] [Times: user=0.00 sys=0.00, real=0.00 secs] 
56.208: Total time for which application threads were stopped: 0.0004730 seconds, Stopping threads took: 0.0000400 seconds
56.247: Application time: 0.0391600 seconds
56.247: [GC [PSYoungGen: 7456K->336K(8192K)] 13370K->6250K(26112K), 0.0003950 secs] [Times: user=0.01 sys=0.00, real=0.00 secs] 
56.248: Total time for which application threads were stopped: 0.0004960 seconds, Stopping threads took: 0.0000470 seconds
56.287: Application time: 0.0391820 seconds
56.287: [GC [PSYoungGen: 7492K->464K(8192K)] 13406K->6378K(26112K), 0.0004170 secs] [Times: user=0.00 sys=0.00, real=0.00 secs] 
56.287: Total time for which application threads were stopped: 0.0005160 seconds, Stopping threads took: 0.0000410 seconds
56.327: Application time: 0.0393920 seconds
56.327: [GC [PSYoungGen: 7632K->512K(8192K)] 13546K->6426K(26112K), 0.0004200 secs] [Times: user=0.00 sys=0.00, real=0.00 secs] 
56.327: Total time for which application threads were stopped: 0.0005280 seconds, Stopping threads took: 0.0000560 seconds
56.367: Application time: 0.0402000 seconds
56.367: [GC [PSYoungGen: 7680K->496K(8192K)] 13594K->6410K(26112K), 0.0004100 secs] [Times: user=0.00 sys=0.00, real=0.00 secs] 
56.368: Total time for which application threads were stopped: 0.0005080 seconds, Stopping threads took: 0.0000420 seconds
56.408: Application time: 0.0406400 seconds
56.409: [GC [PSYoungGen: 7664K->496K(8192K)] 13578K->6410K(26112K), 0.0004550 secs] [Times: user=0.00 sys=0.00, real=0.01 secs] 
56.409: Total time for which application threads were stopped: 0.0005470 seconds, Stopping threads took: 0.0000430 seconds
56.449: Application time: 0.0404050 seconds
56.450: [GC [PSYoungGen: 7664K->512K(8192K)] 13578K->6426K(26112K), 0.0004160 secs] [Times: user=0.00 sys=0.00, real=0.00 secs] 
56.450: Total time for which application threads were stopped: 0.0005150 seconds, Stopping threads took: 0.0000480 seconds
56.490: Application time: 0.0403030 seconds
56.490: [GC [PSYoungGen: 7680K->496K(8192K)] 13594K->6410K(26112K), 0.0004030 secs] [Times: user=0.00 sys=0.00, real=0.00 secs] 
56.491: Total time for which application threads were stopped: 0.0005060 seconds, Stopping threads took: 0.0000510 seconds
56.531: Application time: 0.0402010 seconds
56.531: [GC [PSYoungGen: 7664K->528K(8192K)] 13578K->6442K(26112K), 0.0003950 secs] [Times: user=0.00 sys=0.00, real=0.00 secs] 
56.531: Total time for which application threads were stopped: 0.0004990 seconds, Stopping threads took: 0.0000490 seconds
56.572: Application time: 0.0403840 seconds
56.572: [GC [PSYoungGen: 7696K->512K(8192K)] 13610K->6426K(26112K), 0.0004460 secs] [Times: user=0.01 sys=0.00, real=0.00 secs] 
56.572: Total time for which application threads were stopped: 0.0005440 seconds, Stopping threads took: 0.0000440 seconds
56.613: Application time: 0.0401770 seconds
56.613: [GC [PSYoungGen: 7680K->512K(8192K)] 13594K->6426K(26112K), 0.0004270 secs] [Times: user=0.00 sys=0.00, real=0.00 secs] 
56.613: Total time for which application threads were stopped: 0.0005330 seconds, Stopping threads took: 0.0000430 seconds
56.653: Application time: 0.0403220 seconds
56.654: [GC [PSYoungGen: 7680K->496K(8192K)] 13594K->6410K(26112K), 0.0004700 secs] [Times: user=0.00 sys=0.00, real=0.00 secs] 
56.654: Total time for which application threads were stopped: 0.0005860 seconds, Stopping threads took: 0.0000550 seconds
56.694: Application time: 0.0400910 seconds
56.694: [GC [PSYoungGen: 7664K->496K(8192K)] 13578K->6410K(26112K), 0.0004780 secs] [Times: user=0.00 sys=0.00, real=0.00 secs] 
56.695: Total time for which application threads were stopped: 0.0005860 seconds, Stopping threads took: 0.0000530 seconds
56.735: Application time: 0.0402700 seconds
56.735: [GC [PSYoungGen: 7664K->560K(8192K)] 13578K->6474K(26112K), 0.0004090 secs] [Times: user=0.00 sys=0.00, real=0.00 secs] 
56.735: Total time for which application threads were stopped: 0.0005030 seconds, Stopping threads took: 0.0000420 seconds
56.776: Application time: 0.0402490 seconds
56.776: [GC [PSYoungGen: 7728K->496K(8192K)] 13642K->6410K(26112K), 0.0004190 secs] [Times: user=0.00 sys=0.00, real=0.00 secs] 
56.776: Total time for which application threads were stopped: 0.0005160 seconds, Stopping threads took: 0.0000370 seconds
56.817: Application time: 0.0404600 seconds
56.817: [GC [PSYoungGen: 7664K->464K(8192K)] 13578K->6466K(26112K), 0.0004340 secs] [Times: user=0.00 sys=0.00, real=0.00 secs] 
56.817: Total time for which application threads were stopped: 0.0005350 seconds, Stopping threads took: 0.0000470 seconds
56.858: Application time: 0.0407450 seconds
56.858: [GC [PSYoungGen: 7632K->336K(8192K)] 13634K->6418K(26112K), 0.0004150 secs] [Times: user=0.00 sys=0.00, real=0.00 secs] 
56.859: Total time for which application threads were stopped: 0.0005180 seconds, Stopping threads took: 0.0000490 seconds
56.899: Application time: 0.0405530 seconds
56.899: [GC [PSYoungGen: 7504K->288K(8192K)] 13586K->6482K(26112K), 0.0003840 secs] [Times: user=0.00 sys=0.00, real=0.00 secs] 
56.900: Total time for which application threads were stopped: 0.0004870 seconds, Stopping threads took: 0.0000500 seconds
56.940: Application time: 0.0402390 seconds
56.940: [GC [PSYoungGen: 7456K->256K(8192K)] 13650K->6522K(26112K), 0.0004100 secs] [Times: user=0.00 sys=0.00, real=0.00 secs] 
56.940: Total time for which application threads were stopped: 0.0004980 seconds, Stopping threads took: 0.0000360 seconds
56.981: Application time: 0.0402580 seconds
56.981: [GC [PSYoungGen: 7424K->256K(8192K)] 13690K->6522K(26112K), 0.0003990 secs] [Times: user=0.00 sys=0.00, real=0.01 secs] 
56.981: Total time for which application threads were stopped: 0.0004910 seconds, Stopping threads took: 0.0000430 seconds
57.020: Application time: 0.0386840 seconds
57.020: [GC [PSYoungGen: 7424K->352K(8192K)] 13690K->6618K(26112K), 0.0004090 secs] [Times: user=0.00 sys=0.00, real=0.00 secs] 
57.020: Total time for which application threads were stopped: 0.0005060 seconds, Stopping threads took: 0.0000460 seconds
57.060: Application time: 0.0395240 seconds
57.060: [GC [PSYoungGen: 7520K->384K(8192K)] 13786K->6650K(26112K), 0.0004030 secs] [Times: user=0.00 sys=0.00, real=0.00 secs] 
57.060: Total time for which application threads were stopped: 0.0004990 seconds, Stopping threads took: 0.0000430 seconds
57.099: Application time: 0.0392170 seconds
57.100: [GC [PSYoungGen: 7552K->496K(8192K)] 13818K->6762K(26112K), 0.0003990 secs] [Times: user=0.00 sys=0.00, real=0.00 secs] 
57.100: Total time for which application threads were stopped: 0.0004970 seconds, Stopping threads took: 0.0000460 seconds
57.140: Application time: 0.0400730 seconds
57.140: [GC [PSYoungGen: 7664K->512K(8192K)] 13930K->6778K(26112K), 0.0005150 secs] [Times: user=0.01 sys=0.00, real=0.00 secs] 
57.141: Total time for which application threads were stopped: 0.0006220 seconds, Stopping threads took: 0.0000390 seconds
57.181: Application time: 0.0402480 seconds
57.181: [GC [PSYoungGen: 7680K->496K(8192K)] 13946K->6762K(26112K), 0.0004200 secs] [Times: user=0.00 sys=0.00, real=0.00 secs] 
57.181: Total time for which application threads were stopped: 0.0005140 seconds, Stopping threads took: 0.0000400 seconds
57.222: Application time: 0.0403800 seconds
57.222: [GC [PSYoungGen: 7664K->512K(8192K)] 13930K->6778K(26112K), 0.0004130 secs] [Times: user=0.00 sys=0.00, real=0.00 secs] 
57.222: Total time for which application threads were stopped: 0.0005000 seconds, Stopping threads took: 0.0000360 seconds
57.263: Application time: 0.0404100 seconds
57.263: [GC [PSYoungGen: 7680K->528K(8192K)] 13946K->6794K(26112K), 0.0004250 secs] [Times: user=0.00 sys=0.00, real=0.00 secs] 
57.263: Total time for which application threads were stopped: 0.0005170 seconds, Stopping threads took: 0.0000410 seconds
57.304: Application time: 0.0405130 seconds
57.304: [GC [PSYoungGen: 7696K->528K(8192K)] 13962K->6794K(26112K), 0.0004050 secs] [Times: user=0.00 sys=0.00, real=0.00 secs] 
57.304: Total time for which application threads were stopped: 0.0005120 seconds, Stopping threads took: 0.0000560 seconds
57.344: Application time: 0.0401840 seconds
57.345: [GC [PSYoungGen: 7696K->512K(8192K)] 13962K->6778K(26112K), 0.0004810 secs] [Times: user=0.00 sys=0.00, real=0.00 secs] 
57.345: Total time for which application threads were stopped: 0.0005920 seconds, Stopping threads took: 0.0000460 seconds
57.386: Application time: 0.0404720 seconds
57.386: [GC [PSYoungGen: 7680K->496K(8192K)] 13946K->6762K(26112K), 0.0004540 secs] [Times: user=0.00 sys=0.00, real=0.00 secs] 
57.386: Total time for which application threads were stopped: 0.0005440 seconds, Stopping threads took: 0.0000400 seconds
57.426: Application time: 0.0401640 seconds
57.426: [GC [PSYoungGen: 7664K->496K(8192K)] 13930K->6762K(26112K), 0.0004170 secs] [Times: user=0.00 sys=0.00, real=0.00 secs] 
57.427: Total time for which application threads were stopped: 0.0005180 seconds, Stopping threads took: 0.0000500 seconds
57.467: Application time: 0.0404120 seconds
57.467: [GC [PSYoungGen: 7664K->496K(8192K)] 13930K->6762K(26112K), 0.0004760 secs] [Times: user=0.00 sys=0.00, real=0.00 secs] 
57.468: Total time for which application threads were stopped: 0.0005840 seconds, Stopping threads took: 0.0000530 seconds
57.508: Application time: 0.0401490 seconds
57.508: [GC [PSYoungGen: 7664K->512K(8192K)] 13930K->6778K(26112K), 0.0004770 secs] [Times: user=0.00 sys=0.00, real=0.00 secs] 
57.508: Total time for which application threads were stopped: 0.0005730 seconds, Stopping threads took: 0.0000440 seconds
57.549: Application time: 0.0403070 seconds
57.549: [GC [PSYoungGen: 7680K->512K(8192K)] 13946K->6778K(26112K), 0.0004510 secs] [Times: user=0.00 sys=0.00, real=0.01 secs] 
57.549: Total time for which application threads were stopped: 0.0005460 seconds, Stopping threads took: 0.0000430 seconds
57.590: Application time: 0.0402850 seconds
57.590: [GC [PSYoungGen: 7680K->496K(8192K)] 13946K->6762K(26112K), 0.0004500 secs] [Times: user=0.00 sys=0.00, real=0.00 secs] 
57.590: Total time for which application threads were stopped: 0.0005450 seconds, Stopping threads took: 0.0000430 seconds
57.631: Application time: 0.0403630 seconds
57.631: [GC [PSYoungGen: 7664K->416K(8192K)] 13930K->6802K(26112K), 0.0004300 secs] [Times: user=0.01 sys=0.00, real=0.00 secs] 
57.631: Total time for which application threads were stopped: 0.0005290 seconds, Stopping threads took: 0.0000430 seconds
57.671: Application time: 0.0404200 seconds
57.672: [GC [PSYoungGen: 7584K->336K(8192K)] 13970K->6811K(26112K), 0.0004620 secs] [Times: user=0.01 sys=0.00, real=0.00 secs] 
57.672: Total time for which application threads were stopped: 0.0005770 seconds, Stopping threads took: 0.0000460 seconds
57.713: Application time: 0.0406140 seconds
57.713: [GC [PSYoungGen: 7504K->272K(8192K)] 13979K->6843K(26112K), 0.0003830 secs] [Times: user=0.00 sys=0.00, real=0.00 secs] 
57.713: Total time for which application threads were stopped: 0.0004880 seconds, Stopping threads took: 0.0000490 seconds
57.754: Application time: 0.0403480 seconds
57.754: [GC [PSYoungGen: 7440K->272K(8192K)] 14011K->6899K(26112K), 0.0003550 secs] [Times: user=0.00 sys=0.00, real=0.00 secs] 
57.754: Total time for which application threads were stopped: 0.0004500 seconds, Stopping threads took: 0.0000420 seconds
57.794: Application time: 0.0402900 seconds
57.794: [GC [PSYoungGen: 7440K->256K(8192K)] 14067K->6883K(26112K), 0.0003610 secs] [Times: user=0.01 sys=0.00, real=0.00 secs] 
57.795: Total time for which application threads were stopped: 0.0004600 seconds, Stopping threads took: 0.0000440 seconds
57.833: Application time: 0.0386060 seconds
57.833: [GC [PSYoungGen: 7424K->320K(8192K)] 14051K->6947K(26112K), 0.0004140 secs] [Times: user=0.00 sys=0.00, real=0.00 secs] 
57.834: Total time for which application threads were stopped: 0.0005130 seconds, Stopping threads took: 0.0000460 seconds
57.873: Application time: 0.0394010 seconds
57.873: [GC [PSYoungGen: 7488K->352K(8192K)] 14115K->6979K(26112K), 0.0004420 secs] [Times: user=0.00 sys=0.00, real=0.00 secs] 
57.874: Total time for which application threads were stopped: 0.0005510 seconds, Stopping threads took: 0.0000510 seconds
57.913: Application time: 0.0395030 seconds
57.913: [GC [PSYoungGen: 7520K->464K(8192K)] 14147K->7091K(26112K), 0.0004280 secs] [Times: user=0.00 sys=0.00, real=0.00 secs] 
57.914: Total time for which application threads were stopped: 0.0005270 seconds, Stopping threads took: 0.0000450 seconds
57.954: Application time: 0.0399170 seconds
57.954: [GC [PSYoungGen: 7632K->528K(8192K)] 14259K->7155K(26112K), 0.0004150 secs] [Times: user=0.00 sys=0.00, real=0.00 secs] 
57.954: Total time for which application threads were stopped: 0.0005130 seconds, Stopping threads took: 0.0000430 seconds
57.995: Application time: 0.0404650 seconds
57.995: [GC [PSYoungGen: 7696K->512K(8192K)] 14323K->7139K(26112K), 0.0004810 secs] [Times: user=0.00 sys=0.00, real=0.00 secs] 
57.995: Total time for which application threads were stopped: 0.0005860 seconds, Stopping threads took: 0.0000510 seconds
58.036: Application time: 0.0404980 seconds
58.036: [GC [PSYoungGen: 7680K->528K(8192K)] 14307K->7155K(26112K), 0.0004640 secs] [Times: user=0.00 sys=0.00, real=0.00 secs] 
58.036: Total time for which application threads were stopped: 0.0005600 seconds, Stopping threads took: 0.0000430 seconds
58.077: Application time: 0.0402510 seconds
58.077: [GC [PSYoungGen: 7696K->512K(8192K)] 14323K->7139K(26112K), 0.0004510 secs] [Times: user=0.00 sys=0.00, real=0.00 secs] 
58.077: Total time for which application threads were stopped: 0.0005620 seconds, Stopping threads took: 0.0000570 seconds
58.118: Application time: 0.0403410 seconds
58.118: [GC [PSYoungGen: 7680K->480K(8192K)] 14307K->7107K(26112K), 0.0004160 secs] [Times: user=0.01 sys=0.00, real=0.00 secs] 
58.118: Total time for which application threads were stopped: 0.0005160 seconds, Stopping threads took: 0.0000480 seconds
58.158: Application time: 0.0402470 seconds
58.158: [GC [PSYoungGen: 7648K->464K(8192K)] 14275K->7091K(26112K), 0.0004900 secs] [Times: user=0.00 sys=0.00, real=0.00 secs] 
58.159: Total time for which application threads were stopped: 0.0005860 seconds, Stopping threads took: 0.0000450 seconds
58.199: Application time: 0.0402310 seconds
58.199: [GC [PSYoungGen: 7632K->496K(8192K)] 14259K->7123K(26112K), 0.0004530 secs] [Times: user=0.00 sys=0.00, real=0.00 secs] 
58.200: Total time for which application threads were stopped: 0.0005540 seconds, Stopping threads took: 0.0000380 seconds
58.240: Application time: 0.0400490 seconds
58.240: [GC [PSYoungGen: 7664K->480K(8192K)] 14291K->7107K(26112K), 0.0004740 secs] [Times: user=0.01 sys=0.00, real=0.00 secs] 
58.240: Total time for which application threads were stopped: 0.0005770 seconds, Stopping threads took: 0.0000460 seconds
58.280: Application time: 0.0401460 seconds
58.281: [GC [PSYoungGen: 7648K->544K(8192K)] 14275K->7171K(26112K), 0.0004330 secs] [Times: user=0.00 sys=0.00, real=0.00 secs] 
58.281: Total time for which application threads were stopped: 0.0005380 seconds, Stopping threads took: 0.0000470 seconds
58.322: Application time: 0.0406100 seconds
58.322: [GC [PSYoungGen: 7712K->496K(8192K)] 14339K->7123K(26112K), 0.0004160 secs] [Times: user=0.01 sys=0.00, real=0.00 secs] 
58.322: Total time for which application threads were stopped: 0.0005130 seconds, Stopping threads took: 0.0000430 seconds
58.362: Application time: 0.0402440 seconds
58.362: [GC [PSYoungGen: 7664K->512K(8192K)] 14291K->7139K(26112K), 0.0004070 secs] [Times: user=0.00 sys=0.00, real=0.00 secs] 
58.363: Total time for which application threads were stopped: 0.0005040 seconds, Stopping threads took: 0.0000430 seconds
58.403: Application time: 0.0404970 seconds
58.403: [GC [PSYoungGen: 7680K->512K(8192K)] 14307K->7139K(26112K), 0.0004070 secs] [Times: user=0.00 sys=0.00, real=0.00 secs] 
58.404: Total time for which application threads were stopped: 0.0005030 seconds, Stopping threads took: 0.0000450 seconds
58.445: Application time: 0.0406330 seconds
58.445: [GC [PSYoungGen: 7680K->416K(8192K)] 14307K->7155K(26112K), 0.0004540 secs] [Times: user=0.00 sys=0.00, real=0.00 secs] 
58.445: Total time for which application threads were stopped: 0.0005490 seconds, Stopping threads took: 0.0000430 seconds
58.486: Application time: 0.0404480 seconds
58.486: [GC [PSYoungGen: 7584K->336K(8192K)] 14323K->7163K(26112K), 0.0004090 secs] [Times: user=0.00 sys=0.00, real=0.00 secs] 
58.486: Total time for which application threads were stopped: 0.0005100 seconds, Stopping threads took: 0.0000450 seconds
58.526: Application time: 0.0402780 seconds
58.526: [GC [PSYoungGen: 7504K->304K(8192K)] 14331K->7227K(26112K), 0.0004330 secs] [Times: user=0.00 sys=0.00, real=0.00 secs] 
58.527: Total time for which application threads were stopped: 0.0005340 seconds, Stopping threads took: 0.0000480 seconds
58.567: Application time: 0.0401560 seconds
58.567: [GC [PSYoungGen: 7472K->256K(8192K)] 14395K->7227K(26112K), 0.0003630 secs] [Times: user=0.00 sys=0.00, real=0.00 secs] 
58.567: Total time for which application threads were stopped: 0.0004600 seconds, Stopping threads took: 0.0000450 seconds
58.608: Application time: 0.0401220 seconds
58.609: [GC [PSYoungGen: 7424K->272K(8192K)] 14395K->7243K(26112K), 0.0003980 secs] [Times: user=0.01 sys=0.00, real=0.00 secs] 
58.609: Total time for which application threads were stopped: 0.0019130 seconds, Stopping threads took: 0.0014630 seconds
58.649: Application time: 0.0398930 seconds
58.649: [GC [PSYoungGen: 7440K->336K(8192K)] 14411K->7307K(26112K), 0.0004420 secs] [Times: user=0.00 sys=0.00, real=0.00 secs] 
58.650: Total time for which application threads were stopped: 0.0005620 seconds, Stopping threads took: 0.0000560 seconds
58.689: Application time: 0.0386220 seconds
58.689: [GC [PSYoungGen: 7504K->448K(8192K)] 14475K->7419K(26112K), 0.0004120 secs] [Times: user=0.00 sys=0.00, real=0.01 secs] 
58.689: Total time for which application threads were stopped: 0.0005120 seconds, Stopping threads took: 0.0000450 seconds
58.729: Application time: 0.0401980 seconds
58.729: [GC [PSYoungGen: 7616K->432K(8192K)] 14587K->7403K(26112K), 0.0004150 secs] [Times: user=0.01 sys=0.00, real=0.00 secs] 
58.730: Total time for which application threads were stopped: 0.0005030 seconds, Stopping threads took: 0.0000330 seconds
58.770: Application time: 0.0400260 seconds
58.770: [GC [PSYoungGen: 7600K->512K(8192K)] 14571K->7483K(26112K), 0.0004060 secs] [Times: user=0.00 sys=0.00, real=0.00 secs] 
58.770: Total time for which application threads were stopped: 0.0005080 seconds, Stopping threads took: 0.0000490 seconds
58.811: Application time: 0.0403180 seconds
58.811: [GC [PSYoungGen: 7680K->480K(8192K)] 14651K->7451K(26112K), 0.0004180 secs] [Times: user=0.00 sys=0.00, real=0.00 secs] 
58.811: Total time for which application threads were stopped: 0.0005060 seconds, Stopping threads took: 0.0000390 seconds
58.851: Application time: 0.0402770 seconds
58.852: [GC [PSYoungGen: 7648K->496K(8192K)] 14619K->7467K(26112K), 0.0004150 secs] [Times: user=0.01 sys=0.00, real=0.00 secs] 
58.852: Total time for which application threads were stopped: 0.0005110 seconds, Stopping threads took: 0.0000460 seconds
58.892: Application time: 0.0404540 seconds
58.892: [GC [PSYoungGen: 7664K->496K(8192K)] 14635K->7475K(26112K), 0.0004160 secs] [Times: user=0.00 sys=0.00, real=0.00 secs] 
58.893: Total time for which application threads were stopped: 0.0005150 seconds, Stopping threads took: 0.0000460 seconds
58.933: Application time: 0.0403870 seconds
58.933: [GC [PSYoungGen: 7664K->496K(8192K)] 14643K->7475K(26112K), 0.0004170 secs] [Times: user=0.01 sys=0.00, real=0.00 secs] 
58.934: Total time for which application threads were stopped: 0.0005170 seconds, Stopping threads took: 0.0000460 seconds
58.974: Application time: 0.0406800 seconds
58.975: [GC [PSYoungGen: 7664K->496K(8192K)] 14643K->7475K(26112K), 0.0004140 secs] [Times: user=0.00 sys=0.00, real=0.00 secs] 
58.975: Total time for which application threads were stopped: 0.0005180 seconds, Stopping threads took: 0.0000530 seconds
59.015: Application time: 0.0403210 seconds
59.015: [GC [PSYoungGen: 7664K->496K(8192K)] 14643K->7475K(26112K), 0.0004220 secs] [Times: user=0.00 sys=0.00, real=0.00 secs] 
59.016: Total time for which application threads were stopped: 0.0005260 seconds, Stopping threads took: 0.0000520 seconds
59.056: Application time: 0.0401790 seconds
59.056: [GC [PSYoungGen: 7664K->480K(8192K)] 14643K->7459K(26112K), 0.0004130 secs] [Times: user=0.00 sys=0.00, real=0.00 secs] 
59.057: Total time for which application threads were stopped: 0.0005090 seconds, Stopping threads took: 0.0000460 seconds
59.097: Application time: 0.0407000 seconds
59.097: [GC [PSYoungGen: 7648K->480K(8192K)] 14627K->7459K(26112K), 0.0004110 secs] [Times: user=0.00 sys=0.00, real=0.00 secs] 
59.098: Total time for which application threads were stopped: 0.0005050 seconds, Stopping threads took: 0.0000470 seconds
59.138: Application time: 0.0402780 seconds
59.138: [GC [PSYoungGen: 7648K->496K(8192K)] 14627K->7475K(26112K), 0.0004140 secs] [Times: user=0.01 sys=0.00, real=0.00 secs] 
59.139: Total time for which application threads were stopped: 0.0005070 seconds, Stopping threads took: 0.0000410 seconds
59.179: Application time: 0.0402470 seconds
59.179: [GC [PSYoungGen: 7664K->464K(8192K)] 14643K->7443K(26112K), 0.0004490 secs] [Times: user=0.00 sys=0.00, real=0.00 secs] 
59.179: Total time for which application threads were stopped: 0.0005430 seconds, Stopping threads took: 0.0000430 seconds
59.220: Application time: 0.0402040 seconds
59.220: [GC [PSYoungGen: 7632K->480K(8192K)] 14611K->7523K(26112K), 0.0004510 secs] [Times: user=0.00 sys=0.00, real=0.00 secs] 
59.220: Total time for which application threads were stopped: 0.0005580 seconds, Stopping threads took: 0.0000530 seconds
59.260: Application time: 0.0403060 seconds
59.261: [GC [PSYoungGen: 7648K->352K(8192K)] 14691K->7483K(26112K), 0.0004130 secs] [Times: user=0.00 sys=0.00, real=0.00 secs] 
59.261: Total time for which application threads were stopped: 0.0005280 seconds, Stopping threads took: 0.0000480 seconds
59.302: Application time: 0.0412300 seconds
59.302: [GC [PSYoungGen: 7520K->304K(8192K)] 14651K->7555K(26112K), 0.0004150 secs] [Times: user=0.00 sys=0.00, real=0.00 secs] 
59.303: Total time for which application threads were stopped: 0.0005140 seconds, Stopping threads took: 0.0000490 seconds
59.343: Application time: 0.0402560 seconds
59.343: [GC [PSYoungGen: 7472K->272K(8192K)] 14723K->7579K(26112K), 0.0003900 secs] [Times: user=0.00 sys=0.00, real=0.00 secs] 
59.343: Total time for which application threads were stopped: 0.0004760 seconds, Stopping threads took: 0.0000380 seconds
59.384: Application time: 0.0402310 seconds
59.384: [GC [PSYoungGen: 7440K->256K(8192K)] 14747K->7635K(26112K), 0.0003510 secs] [Times: user=0.01 sys=0.00, real=0.00 secs] 
59.384: Total time for which application threads were stopped: 0.0004520 seconds, Stopping threads took: 0.0000490 seconds
59.423: Application time: 0.0387780 seconds
59.423: [GC [PSYoungGen: 7424K->304K(8192K)] 14803K->7683K(26112K), 0.0003800 secs] [Times: user=0.00 sys=0.00, real=0.00 secs] 
59.423: Total time for which application threads were stopped: 0.0004680 seconds, Stopping threads took: 0.0000400 seconds
59.464: Application time: 0.0402330 seconds
59.464: [GC [PSYoungGen: 7472K->336K(8192K)] 14851K->7715K(26112K), 0.0003860 secs] [Times: user=0.00 sys=0.00, real=0.00 secs] 
59.464: Total time for which application threads were stopped: 0.0004840 seconds, Stopping threads took: 0.0000490 seconds
59.503: Application time: 0.0387500 seconds
59.503: [GC [PSYoungGen: 7504K->448K(8192K)] 14883K->7827K(26112K), 0.0004480 secs] [Times: user=0.00 sys=0.00, real=0.00 secs] 
59.503: Total time for which application threads were stopped: 0.0005540 seconds, Stopping threads took: 0.0000520 seconds
59.544: Application time: 0.0402730 seconds
59.544: [GC [PSYoungGen: 7616K->448K(8192K)] 14995K->7827K(26112K), 0.0004010 secs] [Times: user=0.01 sys=0.00, real=0.00 secs] 
59.544: Total time for which application threads were stopped: 0.0004930 seconds, Stopping threads took: 0.0000380 seconds
59.584: Application time: 0.0402220 seconds
59.584: [GC [PSYoungGen: 7616K->464K(8192K)] 14995K->7843K(26112K), 0.0004450 secs] [Times: user=0.00 sys=0.00, real=0.00 secs] 
59.585: Total time for which application threads were stopped: 0.0005460 seconds, Stopping threads took: 0.0000450 seconds
59.625: Application time: 0.0402800 seconds
59.625: [GC [PSYoungGen: 7632K->464K(8192K)] 15011K->7843K(26112K), 0.0004490 secs] [Times: user=0.00 sys=0.00, real=0.00 secs] 
59.626: Total time for which application threads were stopped: 0.0005670 seconds, Stopping threads took: 0.0000640 seconds
59.667: Application time: 0.0410140 seconds
59.667: [GC [PSYoungGen: 7632K->512K(8192K)] 15011K->7891K(26112K), 0.0004790 secs] [Times: user=0.00 sys=0.00, real=0.00 secs] 
59.667: Total time for which application threads were stopped: 0.0005990 seconds, Stopping threads took: 0.0000590 seconds
59.708: Application time: 0.0402950 seconds
59.708: [GC [PSYoungGen: 7680K->496K(8192K)] 15059K->7875K(26112K), 0.0004190 secs] [Times: user=0.00 sys=0.00, real=0.00 secs] 
59.708: Total time for which application threads were stopped: 0.0005270 seconds, Stopping threads took: 0.0000540 seconds
59.749: Application time: 0.0403920 seconds
59.749: [GC [PSYoungGen: 7664K->528K(8192K)] 15043K->7907K(26112K), 0.0004720 secs] [Times: user=0.00 sys=0.00, real=0.01 secs] 
59.749: Total time for which application threads were stopped: 0.0005720 seconds, Stopping threads took: 0.0000460 seconds
59.790: Application time: 0.0408790 seconds
59.790: [GC [PSYoungGen: 7696K->480K(8192K)] 15075K->7859K(26112K), 0.0004490 secs] [Times: user=0.00 sys=0.00, real=0.00 secs] 
59.791: Total time for which application threads were stopped: 0.0005510 seconds, Stopping threads took: 0.0000390 seconds
59.831: Application time: 0.0400350 seconds
59.831: [GC [PSYoungGen: 7648K->512K(8192K)] 15027K->7891K(26112K), 0.0004150 secs] [Times: user=0.00 sys=0.00, real=0.00 secs] 
59.831: Total time for which application threads were stopped: 0.0005070 seconds, Stopping threads took: 0.0000400 seconds
59.871: Application time: 0.0400320 seconds
59.871: [GC [PSYoungGen: 7680K->496K(8192K)] 15059K->7875K(26112K), 0.0004440 secs] [Times: user=0.00 sys=0.00, real=0.00 secs] 
59.872: Total time for which application threads were stopped: 0.0005340 seconds, Stopping threads took: 0.0000370 seconds
59.912: Application time: 0.0400910 seconds
59.912: [GC [PSYoungGen: 7664K->480K(8192K)] 15043K->7859K(26112K), 0.0004570 secs] [Times: user=0.00 sys=0.00, real=0.00 secs] 
59.913: Total time for which application threads were stopped: 0.0015880 seconds, Stopping threads took: 0.0000390 seconds
59.954: Application time: 0.0401480 seconds
59.954: [GC [PSYoungGen: 7648K->496K(8192K)] 15027K->7875K(26112K), 0.0004000 secs] [Times: user=0.00 sys=0.00, real=0.00 secs] 
59.954: Total time for which application threads were stopped: 0.0004930 seconds, Stopping threads took: 0.0000460 seconds
59.995: Application time: 0.0404530 seconds
59.995: [GC [PSYoungGen: 7664K->496K(8192K)] 15043K->7875K(26112K), 0.0004510 secs] [Times: user=0.00 sys=0.00, real=0.00 secs] 
59.995: Total time for which application threads were stopped: 0.0005520 seconds, Stopping threads took: 0.0000470 seconds
60.036: Application time: 0.0405700 seconds
60.036: [GC [PSYoungGen: 7664K->368K(8192K)] 15043K->7887K(26112K), 0.0004620 secs] [Times: user=0.00 sys=0.00, real=0.00 secs] 
60.036: Total time for which application threads were stopped: 0.0005530 seconds, Stopping threads took: 0.0000400 seconds
60.077: Application time: 0.0403540 seconds
60.077: [GC [PSYoungGen: 7536K->352K(8192K)] 15055K->7919K(26112K), 0.0004010 secs] [Times: user=0.00 sys=0.00, real=0.00 secs] 
60.077: Total time for which application threads were stopped: 0.0004940 seconds, Stopping threads took: 0.0000390 seconds
60.117: Application time: 0.0403270 seconds
60.117: [GC [PSYoungGen: 7520K->240K(8192K)] 15087K->7923K(26112K), 0.0004700 secs] [Times: user=0.01 sys=0.00, real=0.00 secs] 
60.118: Total time for which application threads were stopped: 0.0005720 seconds, Stopping threads took: 0.0000490 seconds
60.158: Application time: 0.0402300 seconds
60.158: [GC [PSYoungGen: 7408K->272K(8192K)] 15091K->7955K(26112K), 0.0004030 secs] [Times: user=0.00 sys=0.00, real=0.00 secs] 
60.159: Total time for which application threads were stopped: 0.0005100 seconds, Stopping threads took: 0.0000420 seconds
60.199: Application time: 0.0402640 seconds
60.199: [GC [PSYoungGen: 7440K->256K(8192K)] 15123K->7979K(26112K), 0.0003920 secs] [Times: user=0.00 sys=0.00, real=0.00 secs] 
60.199: Total time for which application threads were stopped: 0.0004920 seconds, Stopping threads took: 0.0000480 seconds
60.238: Application time: 0.0388360 seconds
60.238: [GC [PSYoungGen: 7424K->336K(8192K)] 15147K->8059K(26112K), 0.0003720 secs] [Times: user=0.00 sys=0.00, real=0.00 secs] 
60.239: Total time for which application threads were stopped: 0.0004670 seconds, Stopping threads took: 0.0000420 seconds
60.278: Application time: 0.0394550 seconds
60.278: [GC [PSYoungGen: 7504K->416K(8192K)] 15227K->8139K(26112K), 0.0004240 secs] [Times: user=0.01 sys=0.00, real=0.00 secs] 
60.279: Total time for which application threads were stopped: 0.0005170 seconds, Stopping threads took: 0.0000400 seconds
60.318: Application time: 0.0393020 seconds
60.318: [GC [PSYoungGen: 7584K->448K(8192K)] 15307K->8171K(26112K), 0.0004290 secs] [Times: user=0.00 sys=0.00, real=0.00 secs] 
60.319: Total time for which application threads were stopped: 0.0005370 seconds, Stopping threads took: 0.0000450 seconds
60.358: Application time: 0.0399230 seconds
60.359: [GC [PSYoungGen: 7616K->512K(8192K)] 15339K->8235K(26112K), 0.0004340 secs] [Times: user=0.00 sys=0.00, real=0.00 secs] 
60.359: Total time for which application threads were stopped: 0.0005410 seconds, Stopping threads took: 0.0000520 seconds
60.399: Application time: 0.0403510 seconds
60.399: [GC [PSYoungGen: 7680K->528K(8192K)] 15403K->8251K(26112K), 0.0004420 secs] [Times: user=0.00 sys=0.00, real=0.00 secs] 
60.400: Total time for which application threads were stopped: 0.0005440 seconds, Stopping threads took: 0.0000450 seconds
60.440: Application time: 0.0403930 seconds
60.440: [GC [PSYoungGen: 7696K->544K(8192K)] 15419K->8267K(26112K), 0.0004510 secs] [Times: user=0.00 sys=0.00, real=0.00 secs] 
60.441: Total time for which application threads were stopped: 0.0005580 seconds, Stopping threads took: 0.0000530 seconds
60.481: Application time: 0.0405700 seconds
60.482: [GC [PSYoungGen: 7712K->544K(8192K)] 15435K->8267K(26112K), 0.0004650 secs] [Times: user=0.00 sys=0.00, real=0.00 secs] 
60.482: Total time for which application threads were stopped: 0.0005660 seconds, Stopping threads took: 0.0000490 seconds
60.523: Application time: 0.0405400 seconds
60.523: [GC [PSYoungGen: 7712K->528K(8192K)] 15435K->8251K(26112K), 0.0004470 secs] [Times: user=0.00 sys=0.00, real=0.00 secs] 
60.523: Total time for which application threads were stopped: 0.0005430 seconds, Stopping threads took: 0.0000430 seconds
60.563: Application time: 0.0402640 seconds
60.563: [GC [PSYoungGen: 7696K->512K(8192K)] 15419K->8235K(26112K), 0.0004220 secs] [Times: user=0.01 sys=0.00, real=0.00 secs] 
60.564: Total time for which application threads were stopped: 0.0005220 seconds, Stopping threads took: 0.0000490 seconds
60.604: Application time: 0.0401770 seconds
60.604: [GC [PSYoungGen: 7680K->480K(8192K)] 15403K->8203K(26112K), 0.0003960 secs] [Times: user=0.00 sys=0.00, real=0.00 secs] 
60.605: Total time for which application threads were stopped: 0.0004850 seconds, Stopping threads took: 0.0000390 seconds
60.645: Application time: 0.0405920 seconds
60.645: [GC [PSYoungGen: 7648K->496K(8192K)] 15371K->8219K(26112K), 0.0004880 secs] [Times: user=0.00 sys=0.00, real=0.00 secs] 
60.646: Total time for which application threads were stopped: 0.0005940 seconds, Stopping threads took: 0.0000430 seconds
60.686: Application time: 0.0401280 seconds
60.686: [GC [PSYoungGen: 7664K->528K(8192K)] 15387K->8251K(26112K), 0.0004460 secs] [Times: user=0.00 sys=0.00, real=0.00 secs] 
60.686: Total time for which application threads were stopped: 0.0005450 seconds, Stopping threads took: 0.0000410 seconds
60.727: Application time: 0.0402170 seconds
60.727: [GC [PSYoungGen: 7696K->496K(8192K)] 15419K->8219K(26112K), 0.0004340 secs] [Times: user=0.00 sys=0.00, real=0.00 secs] 
60.727: Total time for which application threads were stopped: 0.0005430 seconds, Stopping threads took: 0.0000460 seconds
60.767: Application time: 0.0402550 seconds
60.768: [GC [PSYoungGen: 7664K->496K(8192K)] 15387K->8219K(26112K), 0.0004220 secs] [Times: user=0.00 sys=0.00, real=0.00 secs] 
60.768: Total time for which application threads were stopped: 0.0005220 seconds, Stopping threads took: 0.0000490 seconds
60.808: Application time: 0.0402240 seconds
60.808: [GC [PSYoungGen: 7664K->528K(8192K)] 15387K->8251K(26112K), 0.0004010 secs] [Times: user=0.00 sys=0.00, real=0.00 secs] 
60.809: Total time for which application threads were stopped: 0.0005140 seconds, Stopping threads took: 0.0000610 seconds
60.849: Application time: 0.0402170 seconds
60.849: [GC [PSYoungGen: 7696K->384K(8192K)] 15419K->8236K(26112K), 0.0004230 secs] [Times: user=0.00 sys=0.00, real=0.00 secs] 
60.849: Total time for which application threads were stopped: 0.0005380 seconds, Stopping threads took: 0.0000500 seconds
60.890: Application time: 0.0401910 seconds
60.890: [GC [PSYoungGen: 7552K->336K(8192K)] 15404K->8268K(26112K), 0.0004060 secs] [Times: user=0.00 sys=0.00, real=0.00 secs] 
60.890: Total time for which application threads were stopped: 0.0005040 seconds, Stopping threads took: 0.0000440 seconds
60.931: Application time: 0.0407780 seconds
60.931: [GC [PSYoungGen: 7504K->272K(8192K)] 15436K->8304K(26112K), 0.0003940 secs] [Times: user=0.00 sys=0.00, real=0.00 secs] 
60.931: Total time for which application threads were stopped: 0.0004920 seconds, Stopping threads took: 0.0000470 seconds
60.972: Application time: 0.0403220 seconds
60.972: [GC [PSYoungGen: 7440K->256K(8192K)] 15472K->8344K(26112K), 0.0003860 secs] [Times: user=0.01 sys=0.00, real=0.00 secs] 
60.972: Total time for which application threads were stopped: 0.0004870 seconds, Stopping threads took: 0.0000480 seconds
61.012: Application time: 0.0398560 seconds
61.012: [GC [PSYoungGen: 7424K->240K(8192K)] 15512K->8328K(26112K), 0.0004130 secs] [Times: user=0.01 sys=0.00, real=0.00 secs] 
61.013: Total time for which application threads were stopped: 0.0005190 seconds, Stopping threads took: 0.0000520 seconds
61.052: Application time: 0.0394580 seconds
61.052: [GC [PSYoungGen: 7408K->304K(8192K)] 15496K->8392K(26112K), 0.0003890 secs] [Times: user=0.00 sys=0.00, real=0.00 secs] 
61.053: Total time for which application threads were stopped: 0.0004900 seconds, Stopping threads took: 0.0000430 seconds
61.092: Application time: 0.0392570 seconds
61.092: [GC [PSYoungGen: 7472K->352K(8192K)] 15560K->8440K(26112K), 0.0004030 secs] [Times: user=0.00 sys=0.00, real=0.00 secs] 
61.092: Total time for which application threads were stopped: 0.0005090 seconds, Stopping threads took: 0.0000530 seconds
61.132: Application time: 0.0392480 seconds
61.132: [GC [PSYoungGen: 7520K->480K(8192K)] 15608K->8568K(26112K), 0.0004320 secs] [Times: user=0.00 sys=0.00, real=0.00 secs] 
61.132: Total time for which application threads were stopped: 0.0005240 seconds, Stopping threads took: 0.0000430 seconds
61.172: Application time: 0.0398970 seconds
61.172: [GC [PSYoungGen: 7648K->496K(8192K)] 15736K->8584K(26112K), 0.0004170 secs] [Times: user=0.00 sys=0.00, real=0.00 secs] 
61.173: Total time for which application threads were stopped: 0.0005240 seconds, Stopping threads took: 0.0000530 seconds
61.213: Application time: 0.0405550 seconds
61.213: [GC [PSYoungGen: 7664K->496K(8192K)] 15752K->8584K(26112K), 0.0004310 secs] [Times: user=0.01 sys=0.00, real=0.00 secs] 
61.214: Total time for which application threads were stopped: 0.0005250 seconds, Stopping threads took: 0.0000410 seconds
61.254: Application time: 0.0402320 seconds
61.254: [GC [PSYoungGen: 7664K->480K(8192K)] 15752K->8568K(26112K), 0.0004230 secs] [Times: user=0.00 sys=0.00, real=0.00 secs] 
61.254: Total time for which application threads were stopped: 0.0005150 seconds, Stopping threads took: 0.0000380 seconds
61.295: Application time: 0.0403680 seconds
61.295: [GC [PSYoungGen: 7648K->512K(8192K)] 15736K->8600K(26112K), 0.0005020 secs] [Times: user=0.00 sys=0.00, real=0.00 secs] 
61.295: Total time for which application threads were stopped: 0.0005970 seconds, Stopping threads took: 0.0000420 seconds
61.336: Application time: 0.0402750 seconds
61.336: [GC [PSYoungGen: 7680K->528K(8192K)] 15768K->8616K(26112K), 0.0004150 secs] [Times: user=0.00 sys=0.00, real=0.00 secs] 
61.336: Total time for which application threads were stopped: 0.0005100 seconds, Stopping threads took: 0.0000460 seconds
61.377: Application time: 0.0404390 seconds
61.377: [GC [PSYoungGen: 7696K->496K(8192K)] 15784K->8584K(26112K), 0.0004260 secs] [Times: user=0.00 sys=0.00, real=0.00 secs] 
61.377: Total time for which application threads were stopped: 0.0005290 seconds, Stopping threads took: 0.0000430 seconds
61.417: Application time: 0.0402210 seconds
61.417: [GC [PSYoungGen: 7664K->496K(8192K)] 15752K->8584K(26112K), 0.0004580 secs] [Times: user=0.00 sys=0.00, real=0.00 secs] 
61.418: Total time for which application threads were stopped: 0.0005630 seconds, Stopping threads took: 0.0000540 seconds
61.458: Application time: 0.0402100 seconds
61.458: [GC [PSYoungGen: 7664K->528K(8192K)] 15752K->8616K(26112K), 0.0004370 secs] [Times: user=0.00 sys=0.00, real=0.00 secs] 
61.459: Total time for which application threads were stopped: 0.0005250 seconds, Stopping threads took: 0.0000350 seconds
61.499: Application time: 0.0407180 seconds
61.499: [GC [PSYoungGen: 7696K->496K(8192K)] 15784K->8584K(26112K), 0.0004190 secs] [Times: user=0.01 sys=0.00, real=0.00 secs] 
61.500: Total time for which application threads were stopped: 0.0005180 seconds, Stopping threads took: 0.0000450 seconds
61.540: Application time: 0.0402290 seconds
61.540: [GC [PSYoungGen: 7664K->512K(8192K)] 15752K->8600K(26112K), 0.0004260 secs] [Times: user=0.00 sys=0.00, real=0.00 secs] 
61.541: Total time for which application threads were stopped: 0.0005300 seconds, Stopping threads took: 0.0000500 seconds
61.581: Application time: 0.0401420 seconds
61.581: [GC [PSYoungGen: 7680K->512K(8192K)] 15768K->8600K(26112K), 0.0004290 secs] [Times: user=0.00 sys=0.00, real=0.01 secs] 
61.581: Total time for which application threads were stopped: 0.0005300 seconds, Stopping threads took: 0.0000460 seconds
61.622: Application time: 0.0402850 seconds
61.622: [GC [PSYoungGen: 7680K->448K(8192K)] 15768K->8576K(26112K), 0.0004270 secs] [Times: user=0.00 sys=0.00, real=0.00 secs] 
61.622: Total time for which application threads were stopped: 0.0005280 seconds, Stopping threads took: 0.0000470 seconds
61.663: Application time: 0.0405220 seconds
61.663: [GC [PSYoungGen: 7616K->400K(8192K)] 15744K->8608K(26112K), 0.0004770 secs] [Times: user=0.00 sys=0.00, real=0.00 secs] 
61.663: Total time for which application threads were stopped: 0.0005980 seconds, Stopping threads took: 0.0000600 seconds
61.704: Application time: 0.0404070 seconds
61.704: [GC [PSYoungGen: 7568K->352K(8192K)] 15776K->8656K(26112K), 0.0004080 secs] [Times: user=0.00 sys=0.00, real=0.00 secs] 
61.704: Total time for which application threads were stopped: 0.0005120 seconds, Stopping threads took: 0.0000500 seconds
61.744: Application time: 0.0403400 seconds
61.745: [GC [PSYoungGen: 7520K->272K(8192K)] 15824K->8660K(26112K), 0.0004080 secs] [Times: user=0.00 sys=0.00, real=0.00 secs] 
61.745: Total time for which application threads were stopped: 0.0005200 seconds, Stopping threads took: 0.0000490 seconds
61.786: Application time: 0.0407690 seconds
61.786: [GC [PSYoungGen: 7440K->256K(8192K)] 15828K->8692K(26112K), 0.0004030 secs] [Times: user=0.00 sys=0.00, real=0.00 secs] 
61.786: Total time for which application threads were stopped: 0.0004950 seconds, Stopping threads took: 0.0000400 seconds
61.826: Application time: 0.0394990 seconds
61.826: [GC [PSYoungGen: 7424K->272K(8192K)] 15860K->8708K(26112K), 0.0003740 secs] [Times: user=0.00 sys=0.00, real=0.00 secs] 
61.826: Total time for which application threads were stopped: 0.0004730 seconds, Stopping threads took: 0.0000470 seconds
61.866: Application time: 0.0395040 seconds
61.866: [GC [PSYoungGen: 7440K->304K(8192K)] 15876K->8740K(26112K), 0.0003810 secs] [Times: user=0.00 sys=0.00, real=0.00 secs] 
61.866: Total time for which application threads were stopped: 0.0004890 seconds, Stopping threads took: 0.0000550 seconds
61.905: Application time: 0.0389720 seconds
61.905: [GC [PSYoungGen: 7472K->384K(8192K)] 15908K->8820K(26112K), 0.0004100 secs] [Times: user=0.00 sys=0.00, real=0.00 secs] 
61.906: Total time for which application threads were stopped: 0.0005260 seconds, Stopping threads took: 0.0000500 seconds
61.946: Application time: 0.0400590 seconds
61.946: [GC [PSYoungGen: 7552K->464K(8192K)] 15988K->8900K(26112K), 0.0004680 secs] [Times: user=0.00 sys=0.00, real=0.00 secs] 
61.946: Total time for which application threads were stopped: 0.0005750 seconds, Stopping threads took: 0.0000530 seconds
61.986: Application time: 0.0398580 seconds
61.986: [GC [PSYoungGen: 7632K->496K(8192K)] 16068K->8932K(26112K), 0.0004390 secs] [Times: user=0.00 sys=0.00, real=0.00 secs] 
61.987: Total time for which application threads were stopped: 0.0005430 seconds, Stopping threads took: 0.0000510 seconds
62.027: Application time: 0.0403330 seconds
62.027: [GC [PSYoungGen: 7664K->528K(8192K)] 16100K->8964K(26112K), 0.0004110 secs] [Times: user=0.00 sys=0.00, real=0.00 secs] 
62.028: Total time for which application threads were stopped: 0.0005150 seconds, Stopping threads took: 0.0000500 seconds
62.068: Application time: 0.0403940 seconds
62.068: [GC [PSYoungGen: 7696K->496K(8192K)] 16132K->8932K(26112K), 0.0004260 secs] [Times: user=0.00 sys=0.00, real=0.00 secs] 
62.069: Total time for which application threads were stopped: 0.0005220 seconds, Stopping threads took: 0.0000420 seconds
62.109: Application time: 0.0406600 seconds
62.109: [GC [PSYoungGen: 7664K->496K(8192K)] 16100K->8932K(26112K), 0.0004270 secs] [Times: user=0.00 sys=0.00, real=0.00 secs] 
62.110: Total time for which application threads were stopped: 0.0005210 seconds, Stopping threads took: 0.0000420 seconds
62.150: Application time: 0.0404370 seconds
62.150: [GC [PSYoungGen: 7664K->528K(8192K)] 16100K->8964K(26112K), 0.0004280 secs] [Times: user=0.01 sys=0.00, real=0.00 secs] 
62.151: Total time for which application threads were stopped: 0.0005200 seconds, Stopping threads took: 0.0000380 seconds
62.191: Application time: 0.0403250 seconds
62.191: [GC [PSYoungGen: 7696K->512K(8192K)] 16132K->8948K(26112K), 0.0004620 secs] [Times: user=0.00 sys=0.00, real=0.00 secs] 
62.192: Total time for which application threads were stopped: 0.0005650 seconds, Stopping threads took: 0.0000490 seconds
62.232: Application time: 0.0404310 seconds
62.232: [GC [PSYoungGen: 7680K->512K(8192K)] 16116K->8948K(26112K), 0.0004680 secs] [Times: user=0.01 sys=0.00, real=0.00 secs] 
62.233: Total time for which application threads were stopped: 0.0005690 seconds, Stopping threads took: 0.0000480 seconds
62.272: Application time: 0.0398700 seconds
62.273: [GC [PSYoungGen: 7680K->528K(8192K)] 16116K->8964K(26112K), 0.0004080 secs] [Times: user=0.00 sys=0.00, real=0.00 secs] 
62.273: Total time for which application threads were stopped: 0.0005180 seconds, Stopping threads took: 0.0000530 seconds
62.313: Application time: 0.0402800 seconds
62.313: [GC [PSYoungGen: 7696K->496K(8192K)] 16132K->8932K(26112K), 0.0004320 secs] [Times: user=0.00 sys=0.00, real=0.00 secs] 
62.314: Total time for which application threads were stopped: 0.0005380 seconds, Stopping threads took: 0.0000500 seconds
62.354: Application time: 0.0402370 seconds
62.354: [GC [PSYoungGen: 7664K->448K(8192K)] 16100K->8884K(26112K), 0.0004510 secs] [Times: user=0.00 sys=0.00, real=0.00 secs] 
62.355: Total time for which application threads were stopped: 0.0005540 seconds, Stopping threads took: 0.0000500 seconds
62.395: Application time: 0.0402510 seconds
62.395: [GC [PSYoungGen: 7616K->496K(8192K)] 16052K->8932K(26112K), 0.0004300 secs] [Times: user=0.00 sys=0.00, real=0.00 secs] 
62.395: Total time for which application threads were stopped: 0.0005360 seconds, Stopping threads took: 0.0000530 seconds
62.436: Application time: 0.0404120 seconds
62.436: [GC [PSYoungGen: 7664K->448K(8192K)] 16100K->8932K(26112K), 0.0004740 secs] [Times: user=0.00 sys=0.00, real=0.00 secs] 
62.436: Total time for which application threads were stopped: 0.0005800 seconds, Stopping threads took: 0.0000450 seconds
62.477: Application time: 0.0404230 seconds
62.477: [GC [PSYoungGen: 7616K->416K(8192K)] 16100K->8980K(26112K), 0.0004080 secs] [Times: user=0.00 sys=0.00, real=0.00 secs] 
62.477: Total time for which application threads were stopped: 0.0005040 seconds, Stopping threads took: 0.0000440 seconds
62.518: Application time: 0.0407640 seconds
62.518: [GC [PSYoungGen: 7584K->288K(8192K)] 16148K->8976K(26112K), 0.0004260 secs] [Times: user=0.00 sys=0.00, real=0.00 secs] 
62.519: Total time for which application threads were stopped: 0.0005290 seconds, Stopping threads took: 0.0000530 seconds
62.559: Application time: 0.0403330 seconds
62.559: [GC [PSYoungGen: 7456K->240K(8192K)] 16144K->8984K(26112K), 0.0004010 secs] [Times: user=0.00 sys=0.00, real=0.00 secs] 
62.559: Total time for which application threads were stopped: 0.0005020 seconds, Stopping threads took: 0.0000490 seconds
62.600: Application time: 0.0406670 seconds
62.600: [GC [PSYoungGen: 7408K->256K(8192K)] 16152K->9064K(26112K), 0.0003600 secs] [Times: user=0.01 sys=0.00, real=0.00 secs] 
62.601: Total time for which application threads were stopped: 0.0004530 seconds, Stopping threads took: 0.0000420 seconds
62.640: Application time: 0.0397580 seconds
62.640: [GC [PSYoungGen: 7424K->256K(8192K)] 16232K->9064K(26112K), 0.0004290 secs] [Times: user=0.00 sys=0.00, real=0.00 secs] 
62.641: Total time for which application threads were stopped: 0.0005540 seconds, Stopping threads took: 0.0000610 seconds
62.680: Application time: 0.0389290 seconds
62.680: [GC [PSYoungGen: 7424K->320K(8192K)] 16232K->9128K(26112K), 0.0003990 secs] [Times: user=0.00 sys=0.00, real=0.00 secs] 
62.680: Total time for which application threads were stopped: 0.0005040 seconds, Stopping threads took: 0.0000480 seconds
62.719: Application time: 0.0391540 seconds
62.720: [GC [PSYoungGen: 7488K->480K(8192K)] 16296K->9288K(26112K), 0.0004240 secs] [Times: user=0.00 sys=0.00, real=0.00 secs] 
62.720: Total time for which application threads were stopped: 0.0005200 seconds, Stopping threads took: 0.0000400 seconds
62.760: Application time: 0.0395700 seconds
62.760: [GC [PSYoungGen: 7648K->512K(8192K)] 16456K->9320K(26112K), 0.0004200 secs] [Times: user=0.00 sys=0.00, real=0.00 secs] 
62.760: Total time for which application threads were stopped: 0.0005200 seconds, Stopping threads took: 0.0000480 seconds
62.801: Application time: 0.0407000 seconds
62.801: [GC [PSYoungGen: 7680K->496K(8192K)] 16488K->9304K(26112K), 0.0004160 secs] [Times: user=0.00 sys=0.00, real=0.01 secs] 
62.801: Total time for which application threads were stopped: 0.0005130 seconds, Stopping threads took: 0.0000460 seconds
62.842: Application time: 0.0403550 seconds
62.845: [GC [PSYoungGen: 7664K->512K(8192K)] 16472K->9320K(26112K), 0.0004350 secs] [Times: user=0.01 sys=0.00, real=0.00 secs] 
62.846: Total time for which application threads were stopped: 0.0038530 seconds, Stopping threads took: 0.0033660 seconds
62.886: Application time: 0.0402890 seconds
62.886: [GC [PSYoungGen: 7680K->464K(8192K)] 16488K->9272K(26112K), 0.0004260 secs] [Times: user=0.00 sys=0.00, real=0.00 secs] 
62.886: Total time for which application threads were stopped: 0.0005270 seconds, Stopping threads took: 0.0000490 seconds
62.927: Application time: 0.0403570 seconds
62.927: [GC [PSYoungGen: 7632K->480K(8192K)] 16440K->9288K(26112K), 0.0004570 secs] [Times: user=0.00 sys=0.00, real=0.00 secs] 
62.927: Total time for which application threads were stopped: 0.0005440 seconds, Stopping threads took: 0.0000370 seconds
62.967: Application time: 0.0402410 seconds
62.968: [GC [PSYoungGen: 7648K->496K(8192K)] 16456K->9304K(26112K), 0.0003990 secs] [Times: user=0.01 sys=0.00, real=0.00 secs] 
62.968: Total time for which application threads were stopped: 0.0005120 seconds, Stopping threads took: 0.0000480 seconds
63.008: Application time: 0.0404530 seconds
63.009: [GC [PSYoungGen: 7664K->496K(8192K)] 16472K->9304K(26112K), 0.0004320 secs] [Times: user=0.00 sys=0.00, real=0.00 secs] 
63.009: Total time for which application threads were stopped: 0.0005290 seconds, Stopping threads took: 0.0000430 seconds
63.049: Application time: 0.0401300 seconds
63.049: [GC [PSYoungGen: 7664K->528K(8192K)] 16472K->9336K(26112K), 0.0004780 secs] [Times: user=0.00 sys=0.00, real=0.00 secs] 
63.050: Total time for which application threads were stopped: 0.0005780 seconds, Stopping threads took: 0.0000450 seconds
63.090: Application time: 0.0403510 seconds
63.090: [GC [PSYoungGen: 7696K->528K(8192K)] 16504K->9336K(26112K), 0.0004230 secs] [Times: user=0.00 sys=0.00, real=0.00 secs] 
63.091: Total time for which application threads were stopped: 0.0005230 seconds, Stopping threads took: 0.0000450 seconds
63.131: Application time: 0.0400980 seconds
63.131: [GC [PSYoungGen: 7696K->496K(8192K)] 16504K->9304K(26112K), 0.0004570 secs] [Times: user=0.00 sys=0.00, real=0.00 secs] 
63.131: Total time for which application threads were stopped: 0.0005590 seconds, Stopping threads took: 0.0000500 seconds
63.172: Application time: 0.0405730 seconds
63.172: [GC [PSYoungGen: 7664K->512K(8192K)] 16472K->9320K(26112K), 0.0004450 secs] [Times: user=0.00 sys=0.00, real=0.00 secs] 
63.172: Total time for which application threads were stopped: 0.0005520 seconds, Stopping threads took: 0.0000530 seconds
63.213: Application time: 0.0405760 seconds
63.213: [GC [PSYoungGen: 7680K->544K(8192K)] 16488K->9352K(26112K), 0.0004580 secs] [Times: user=0.00 sys=0.00, real=0.00 secs] 
63.213: Total time for which application threads were stopped: 0.0005630 seconds, Stopping threads took: 0.0000490 seconds
63.254: Application time: 0.0402240 seconds
63.254: [GC [PSYoungGen: 7712K->448K(8192K)] 16520K->9352K(26112K), 0.0004060 secs] [Times: user=0.00 sys=0.00, real=0.00 secs] 
63.254: Total time for which application threads were stopped: 0.0005090 seconds, Stopping threads took: 0.0000490 seconds
63.295: Application time: 0.0406460 seconds
63.295: [GC [PSYoungGen: 7616K->368K(8192K)] 16520K->9360K(26112K), 0.0004030 secs] [Times: user=0.01 sys=0.00, real=0.00 secs] 
63.295: Total time for which application threads were stopped: 0.0005010 seconds, Stopping threads took: 0.0000410 seconds
63.336: Application time: 0.0405680 seconds
63.336: [GC [PSYoungGen: 7536K->256K(8192K)] 16528K->9364K(26112K), 0.0004180 secs] [Times: user=0.00 sys=0.00, real=0.00 secs] 
63.336: Total time for which application threads were stopped: 0.0005080 seconds, Stopping threads took: 0.0000400 seconds
63.377: Application time: 0.0402670 seconds
63.377: [GC [PSYoungGen: 7424K->256K(8192K)] 16532K->9404K(26112K), 0.0003680 secs] [Times: user=0.01 sys=0.00, real=0.00 secs] 
63.377: Total time for which application threads were stopped: 0.0004730 seconds, Stopping threads took: 0.0000530 seconds
63.418: Application time: 0.0405330 seconds
63.418: [GC [PSYoungGen: 7424K->240K(8192K)] 16572K->9388K(26112K), 0.0004310 secs] [Times: user=0.00 sys=0.00, real=0.00 secs] 
63.418: Total time for which application threads were stopped: 0.0005280 seconds, Stopping threads took: 0.0000470 seconds
63.458: Application time: 0.0396380 seconds
63.458: [GC [PSYoungGen: 7408K->288K(8192K)] 16556K->9436K(26112K), 0.0003730 secs] [Times: user=0.01 sys=0.00, real=0.00 secs] 
63.458: Total time for which application threads were stopped: 0.0004640 seconds, Stopping threads took: 0.0000400 seconds
63.497: Application time: 0.0388990 seconds
63.497: [GC [PSYoungGen: 7456K->400K(8192K)] 16604K->9549K(26112K), 0.0003970 secs] [Times: user=0.00 sys=0.00, real=0.00 secs] 
63.498: Total time for which application threads were stopped: 0.0005250 seconds, Stopping threads took: 0.0000620 seconds
63.537: Application time: 0.0392170 seconds
63.537: [GC [PSYoungGen: 7568K->480K(8192K)] 16717K->9628K(26112K), 0.0004040 secs] [Times: user=0.00 sys=0.00, real=0.00 secs] 
63.538: Total time for which application threads were stopped: 0.0004990 seconds, Stopping threads took: 0.0000380 seconds
63.577: Application time: 0.0398560 seconds
63.581: [GC [PSYoungGen: 7648K->496K(8192K)] 16796K->9645K(26112K), 0.0004320 secs] [Times: user=0.00 sys=0.00, real=0.00 secs] 
63.582: Total time for which application threads were stopped: 0.0041260 seconds, Stopping threads took: 0.0036430 seconds
63.622: Application time: 0.0407350 seconds
63.622: [GC [PSYoungGen: 7664K->512K(8192K)] 16813K->9660K(26112K), 0.0004010 secs] [Times: user=0.00 sys=0.00, real=0.00 secs] 
63.623: Total time for which application threads were stopped: 0.0004920 seconds, Stopping threads took: 0.0000420 seconds
63.664: Application time: 0.0407930 seconds
63.664: [GC [PSYoungGen: 7680K->496K(8192K)] 16828K->9645K(26112K), 0.0004870 secs] [Times: user=0.00 sys=0.00, real=0.00 secs] 
63.664: Total time for which application threads were stopped: 0.0006100 seconds, Stopping threads took: 0.0000610 seconds
63.704: Application time: 0.0403150 seconds
63.705: [GC [PSYoungGen: 7664K->496K(8192K)] 16813K->9645K(26112K), 0.0004280 secs] [Times: user=0.00 sys=0.00, real=0.00 secs] 
63.705: Total time for which application threads were stopped: 0.0005180 seconds, Stopping threads took: 0.0000340 seconds
63.745: Application time: 0.0402880 seconds
63.745: [GC [PSYoungGen: 7664K->512K(8192K)] 16813K->9661K(26112K), 0.0004160 secs] [Times: user=0.00 sys=0.00, real=0.00 secs] 
63.746: Total time for which application threads were stopped: 0.0005140 seconds, Stopping threads took: 0.0000440 seconds
63.786: Application time: 0.0404730 seconds
63.786: [GC [PSYoungGen: 7680K->480K(8192K)] 16829K->9629K(26112K), 0.0004890 secs] [Times: user=0.00 sys=0.00, real=0.00 secs] 
63.787: Total time for which application threads were stopped: 0.0005920 seconds, Stopping threads took: 0.0000480 seconds
63.827: Application time: 0.0403230 seconds
63.827: [GC [PSYoungGen: 7648K->528K(8192K)] 16797K->9676K(26112K), 0.0004150 secs] [Times: user=0.00 sys=0.00, real=0.00 secs] 
63.828: Total time for which application threads were stopped: 0.0005240 seconds, Stopping threads took: 0.0000550 seconds
63.868: Application time: 0.0402270 seconds
63.868: [GC [PSYoungGen: 7696K->512K(8192K)] 16844K->9661K(26112K), 0.0004600 secs] [Times: user=0.00 sys=0.00, real=0.00 secs] 
63.868: Total time for which application threads were stopped: 0.0005520 seconds, Stopping threads took: 0.0000400 seconds
63.909: Application time: 0.0401750 seconds
63.913: [GC [PSYoungGen: 7680K->512K(8192K)] 16829K->9661K(26112K), 0.0004790 secs] [Times: user=0.00 sys=0.00, real=0.00 secs] 
63.914: Total time for which application threads were stopped: 0.0049150 seconds, Stopping threads took: 0.0043770 seconds
63.954: Application time: 0.0402140 seconds
63.954: [GC [PSYoungGen: 7680K->480K(8192K)] 16829K->9629K(26112K), 0.0004380 secs] [Times: user=0.00 sys=0.00, real=0.00 secs] 
63.954: Total time for which application threads were stopped: 0.0005490 seconds, Stopping threads took: 0.0000550 seconds
63.995: Application time: 0.0402700 seconds
63.995: [GC [PSYoungGen: 7648K->496K(8192K)] 16797K->9644K(26112K), 0.0004610 secs] [Times: user=0.00 sys=0.00, real=0.00 secs] 
63.995: Total time for which application threads were stopped: 0.0005580 seconds, Stopping threads took: 0.0000450 seconds
64.035: Application time: 0.0403340 seconds
64.037: [GC [PSYoungGen: 7664K->512K(8192K)] 16812K->9661K(26112K), 0.0004090 secs] [Times: user=0.00 sys=0.00, real=0.00 secs] 
64.037: Total time for which application threads were stopped: 0.0019860 seconds, Stopping threads took: 0.0015160 seconds
64.078: Application time: 0.0404580 seconds
64.078: [GC [PSYoungGen: 7680K->384K(8192K)] 16829K->9645K(26112K), 0.0004340 secs] [Times: user=0.00 sys=0.00, real=0.00 secs] 
64.078: Total time for which application threads were stopped: 0.0005350 seconds, Stopping threads took: 0.0000470 seconds
64.119: Application time: 0.0401360 seconds
64.119: [GC [PSYoungGen: 7552K->336K(8192K)] 16813K->9685K(26112K), 0.0003920 secs] [Times: user=0.00 sys=0.00, real=0.00 secs] 
64.119: Total time for which application threads were stopped: 0.0004970 seconds, Stopping threads took: 0.0000440 seconds
64.159: Application time: 0.0402180 seconds
64.159: [GC [PSYoungGen: 7504K->272K(8192K)] 16853K->9701K(26112K), 0.0003740 secs] [Times: user=0.01 sys=0.00, real=0.00 secs] 
64.160: Total time for which application threads were stopped: 0.0004690 seconds, Stopping threads took: 0.0000430 seconds
64.200: Application time: 0.0406080 seconds
64.200: [GC [PSYoungGen: 7440K->256K(8192K)] 16869K->9725K(26112K), 0.0003640 secs] [Times: user=0.00 sys=0.00, real=0.00 secs] 
64.201: Total time for which application threads were stopped: 0.0004650 seconds, Stopping threads took: 0.0000470 seconds
64.241: Application time: 0.0403250 seconds
64.241: [GC [PSYoungGen: 7424K->240K(8192K)] 16893K->9709K(26112K), 0.0004340 secs] [Times: user=0.01 sys=0.00, real=0.00 secs] 
64.242: Total time for which application threads were stopped: 0.0005270 seconds, Stopping threads took: 0.0000380 seconds
64.280: Application time: 0.0386580 seconds
64.280: [GC [PSYoungGen: 7408K->320K(8192K)] 16877K->9789K(26112K), 0.0004120 secs] [Times: user=0.01 sys=0.00, real=0.00 secs] 
64.281: Total time for which application threads were stopped: 0.0005170 seconds, Stopping threads took: 0.0000520 seconds
64.320: Application time: 0.0386880 seconds
64.320: [GC [PSYoungGen: 7488K->400K(8192K)] 16957K->9869K(26112K), 0.0004330 secs] [Times: user=0.00 sys=0.00, real=0.00 secs] 
64.320: Total time for which application threads were stopped: 0.0005380 seconds, Stopping threads took: 0.0000520 seconds
64.360: Application time: 0.0396550 seconds
64.360: [GC [PSYoungGen: 7568K->480K(8192K)] 17037K->9949K(26112K), 0.0004130 secs] [Times: user=0.01 sys=0.00, real=0.00 secs] 
64.360: Total time for which application threads were stopped: 0.0005050 seconds, Stopping threads took: 0.0000390 seconds
64.400: Application time: 0.0399110 seconds
64.400: [GC [PSYoungGen: 7648K->528K(8192K)] 17117K->9997K(26112K), 0.0004100 secs] [Times: user=0.00 sys=0.00, real=0.00 secs] 
64.401: Total time for which application threads were stopped: 0.0005140 seconds, Stopping threads took: 0.0000500 seconds
64.441: Application time: 0.0402460 seconds
64.441: [GC [PSYoungGen: 7696K->496K(8192K)] 17165K->9965K(26112K), 0.0004210 secs] [Times: user=0.00 sys=0.00, real=0.00 secs] 
64.442: Total time for which application threads were stopped: 0.0005180 seconds, Stopping threads took: 0.0000460 seconds
64.482: Application time: 0.0403840 seconds
64.482: [GC [PSYoungGen: 7664K->512K(8192K)] 17133K->9981K(26112K), 0.0004350 secs] [Times: user=0.01 sys=0.00, real=0.00 secs] 
64.482: Total time for which application threads were stopped: 0.0005370 seconds, Stopping threads took: 0.0000490 seconds
64.523: Application time: 0.0406510 seconds
64.523: [GC [PSYoungGen: 7680K->480K(8192K)] 17149K->9949K(26112K), 0.0004240 secs] [Times: user=0.00 sys=0.00, real=0.00 secs] 
64.524: Total time for which application threads were stopped: 0.0005320 seconds, Stopping threads took: 0.0000550 seconds
64.564: Application time: 0.0402650 seconds
64.564: [GC [PSYoungGen: 7648K->480K(8192K)] 17117K->9949K(26112K), 0.0004250 secs] [Times: user=0.00 sys=0.00, real=0.00 secs] 
64.564: Total time for which application threads were stopped: 0.0005280 seconds, Stopping threads took: 0.0000420 seconds
64.605: Application time: 0.0404670 seconds
64.605: [GC [PSYoungGen: 7648K->512K(8192K)] 17117K->9981K(26112K), 0.0004100 secs] [Times: user=0.01 sys=0.00, real=0.00 secs] 
64.605: Total time for which application threads were stopped: 0.0005120 seconds, Stopping threads took: 0.0000490 seconds
64.646: Application time: 0.0406790 seconds
64.646: [GC [PSYoungGen: 7680K->512K(8192K)] 17149K->9981K(26112K), 0.0005060 secs] [Times: user=0.00 sys=0.00, real=0.00 secs] 
64.647: Total time for which application threads were stopped: 0.0006150 seconds, Stopping threads took: 0.0000460 seconds
64.687: Application time: 0.0400660 seconds
64.687: [GC [PSYoungGen: 7680K->512K(8192K)] 17149K->9981K(26112K), 0.0004770 secs] [Times: user=0.01 sys=0.00, real=0.00 secs] 
64.687: Total time for which application threads were stopped: 0.0005760 seconds, Stopping threads took: 0.0000400 seconds
64.728: Application time: 0.0403020 seconds
64.728: [GC [PSYoungGen: 7680K->544K(8192K)] 17149K->10013K(26112K), 0.0004630 secs] [Times: user=0.00 sys=0.00, real=0.00 secs] 
64.728: Total time for which application threads were stopped: 0.0005720 seconds, Stopping threads took: 0.0000530 seconds
64.769: Application time: 0.0403480 seconds
64.769: [GC [PSYoungGen: 7712K->512K(8192K)] 17181K->9981K(26112K), 0.0004680 secs] [Times: user=0.00 sys=0.00, real=0.01 secs] 
64.769: Total time for which application threads were stopped: 0.0005690 seconds, Stopping threads took: 0.0000450 seconds
64.810: Application time: 0.0406140 seconds
64.810: [GC [PSYoungGen: 7680K->496K(8192K)] 17149K->9965K(26112K), 0.0004610 secs] [Times: user=0.00 sys=0.00, real=0.00 secs] 
64.810: Total time for which application threads were stopped: 0.0005630 seconds, Stopping threads took: 0.0000460 seconds
64.851: Application time: 0.0403490 seconds
64.851: [GC [PSYoungGen: 7664K->528K(8192K)] 17133K->10005K(26112K), 0.0004930 secs] [Times: user=0.00 sys=0.00, real=0.00 secs] 
64.851: Total time for which application threads were stopped: 0.0005890 seconds, Stopping threads took: 0.0000430 seconds
64.892: Application time: 0.0403570 seconds
64.893: [GC [PSYoungGen: 7696K->368K(8192K)] 17173K->9957K(26112K), 0.0004740 secs] [Times: user=0.01 sys=0.00, real=0.00 secs] 
64.894: Total time for which application threads were stopped: 0.0019740 seconds, Stopping threads took: 0.0014480 seconds
64.934: Application time: 0.0403080 seconds
64.934: [GC [PSYoungGen: 7536K->288K(8192K)] 17125K->10005K(26112K), 0.0004550 secs] [Times: user=0.01 sys=0.00, real=0.00 secs] 
64.936: Total time for which application threads were stopped: 0.0016440 seconds, Stopping threads took: 0.0000750 seconds
64.976: Application time: 0.0406620 seconds
64.976: [GC [PSYoungGen: 7456K->272K(8192K)] 17173K->10037K(26112K), 0.0004080 secs] [Times: user=0.00 sys=0.00, real=0.00 secs] 
64.977: Total time for which application threads were stopped: 0.0005200 seconds, Stopping threads took: 0.0000620 seconds
65.017: Application time: 0.0402600 seconds
65.017: [GC [PSYoungGen: 7440K->256K(8192K)] 17205K->10077K(26112K), 0.0003820 secs] [Times: user=0.01 sys=0.00, real=0.00 secs] 
65.017: Total time for which application threads were stopped: 0.0004900 seconds, Stopping threads took: 0.0000540 seconds
65.057: Application time: 0.0393890 seconds
65.057: [GC [PSYoungGen: 7424K->288K(8192K)] 17245K->10109K(26112K), 0.0003850 secs] [Times: user=0.00 sys=0.00, real=0.00 secs] 
65.057: Total time for which application threads were stopped: 0.0004800 seconds, Stopping threads took: 0.0000420 seconds
65.097: Application time: 0.0392670 seconds
65.097: [GC [PSYoungGen: 7456K->384K(8192K)] 17277K->10205K(26112K), 0.0004300 secs] [Times: user=0.00 sys=0.00, real=0.00 secs] 
65.097: Total time for which application threads were stopped: 0.0005380 seconds, Stopping threads took: 0.0000460 seconds
65.137: Application time: 0.0395230 seconds
65.137: [GC [PSYoungGen: 7552K->400K(8192K)] 17373K->10221K(26112K), 0.0004270 secs] [Times: user=0.00 sys=0.00, real=0.00 secs] 
65.137: Total time for which application threads were stopped: 0.0005300 seconds, Stopping threads took: 0.0000470 seconds
65.177: Application time: 0.0399020 seconds
65.177: [GC [PSYoungGen: 7568K->448K(8192K)] 17389K->10269K(26112K), 0.0004070 secs] [Times: user=0.00 sys=0.00, real=0.00 secs] 
65.178: Total time for which application threads were stopped: 0.0005040 seconds, Stopping threads took: 0.0000390 seconds
65.217: Application time: 0.0397540 seconds
65.217: [GC [PSYoungGen: 7616K->448K(8192K)] 17437K->10269K(26112K), 0.0004310 secs] [Times: user=0.00 sys=0.00, real=0.00 secs] 
65.218: Total time for which application threads were stopped: 0.0005340 seconds, Stopping threads took: 0.0000480 seconds
65.259: Application time: 0.0406900 seconds
65.259: [GC [PSYoungGen: 7616K->512K(8192K)] 17437K->10333K(26112K), 0.0004390 secs] [Times: user=0.00 sys=0.00, real=0.00 secs] 
65.259: Total time for which application threads were stopped: 0.0005310 seconds, Stopping threads took: 0.0000380 seconds
65.299: Application time: 0.0402900 seconds
65.299: [GC [PSYoungGen: 7680K->528K(8192K)] 17501K->10349K(26112K), 0.0004270 secs] [Times: user=0.00 sys=0.00, real=0.00 secs] 
65.300: Total time for which application threads were stopped: 0.0005250 seconds, Stopping threads took: 0.0000400 seconds
65.340: Application time: 0.0403620 seconds
65.340: [GC [PSYoungGen: 7696K->496K(8192K)] 17517K->10317K(26112K), 0.0004130 secs] [Times: user=0.01 sys=0.00, real=0.00 secs] 
65.341: Total time for which application threads were stopped: 0.0005070 seconds, Stopping threads took: 0.0000390 seconds
65.381: Application time: 0.0402890 seconds
65.381: [GC [PSYoungGen: 7664K->464K(8192K)] 17485K->10285K(26112K), 0.0004070 secs] [Times: user=0.00 sys=0.00, real=0.00 secs] 
65.382: Total time for which application threads were stopped: 0.0005020 seconds, Stopping threads took: 0.0000440 seconds
65.422: Application time: 0.0402540 seconds
65.422: [GC [PSYoungGen: 7632K->528K(8192K)] 17453K->10349K(26112K), 0.0004150 secs] [Times: user=0.00 sys=0.00, real=0.00 secs] 
65.422: Total time for which application threads were stopped: 0.0005060 seconds, Stopping threads took: 0.0000410 seconds
65.463: Application time: 0.0401510 seconds
65.463: [GC [PSYoungGen: 7696K->496K(8192K)] 17517K->10317K(26112K), 0.0004190 secs] [Times: user=0.00 sys=0.00, real=0.00 secs] 
65.463: Total time for which application threads were stopped: 0.0005100 seconds, Stopping threads took: 0.0000410 seconds
65.503: Application time: 0.0401680 seconds
65.503: [GC [PSYoungGen: 7664K->528K(8192K)] 17485K->10349K(26112K), 0.0004430 secs] [Times: user=0.00 sys=0.00, real=0.00 secs] 
65.504: Total time for which application threads were stopped: 0.0005520 seconds, Stopping threads took: 0.0000520 seconds
65.544: Application time: 0.0401880 seconds
65.544: [GC [PSYoungGen: 7696K->480K(8192K)] 17517K->10301K(26112K), 0.0004530 secs] [Times: user=0.00 sys=0.00, real=0.00 secs] 
65.545: Total time for which application threads were stopped: 0.0005580 seconds, Stopping threads took: 0.0000510 seconds
65.585: Application time: 0.0402370 seconds
65.585: [GC [PSYoungGen: 7648K->528K(8192K)] 17469K->10349K(26112K), 0.0004260 secs] [Times: user=0.00 sys=0.00, real=0.00 secs] 
65.585: Total time for which application threads were stopped: 0.0005310 seconds, Stopping threads took: 0.0000480 seconds
65.626: Application time: 0.0407310 seconds
65.626: [GC [PSYoungGen: 7696K->544K(8192K)] 17517K->10365K(26112K), 0.0004190 secs] [Times: user=0.00 sys=0.00, real=0.00 secs] 
65.627: Total time for which application threads were stopped: 0.0005280 seconds, Stopping threads took: 0.0000440 seconds
65.667: Application time: 0.0406550 seconds
65.667: [GC [PSYoungGen: 7712K->432K(8192K)] 17533K->10333K(26112K), 0.0004770 secs] [Times: user=0.00 sys=0.00, real=0.00 secs] 
65.668: Total time for which application threads were stopped: 0.0005830 seconds, Stopping threads took: 0.0000440 seconds
65.708: Application time: 0.0403260 seconds
65.708: [GC [PSYoungGen: 7600K->352K(8192K)] 17501K->10333K(26112K), 0.0004450 secs] [Times: user=0.00 sys=0.00, real=0.00 secs] 
65.709: Total time for which application threads were stopped: 0.0005460 seconds, Stopping threads took: 0.0000470 seconds
65.749: Application time: 0.0402350 seconds
65.749: [GC [PSYoungGen: 7520K->320K(8192K)] 17501K->10393K(26112K), 0.0004060 secs] [Times: user=0.00 sys=0.00, real=0.01 secs] 
65.749: Total time for which application threads were stopped: 0.0005130 seconds, Stopping threads took: 0.0000500 seconds
65.790: Application time: 0.0404010 seconds
65.790: [GC [PSYoungGen: 7488K->272K(8192K)] 17561K->10409K(26112K), 0.0003970 secs] [Times: user=0.00 sys=0.00, real=0.00 secs] 
65.790: Total time for which application threads were stopped: 0.0004960 seconds, Stopping threads took: 0.0000450 seconds
65.832: Application time: 0.0412710 seconds
65.832: [GC [PSYoungGen: 7439K->256K(8192K)] 17577K->10457K(26112K), 0.0003930 secs] [Times: user=0.00 sys=0.00, real=0.00 secs] 
65.832: Total time for which application threads were stopped: 0.0004850 seconds, Stopping threads took: 0.0000410 seconds
65.871: Application time: 0.0391490 seconds
65.871: [GC [PSYoungGen: 7424K->288K(8192K)] 17625K->10489K(26112K), 0.0004000 secs] [Times: user=0.01 sys=0.00, real=0.00 secs] 
65.872: Total time for which application threads were stopped: 0.0005010 seconds, Stopping threads took: 0.0000470 seconds
65.911: Application time: 0.0396100 seconds
65.911: [GC [PSYoungGen: 7456K->352K(8192K)] 17657K->10553K(26112K), 0.0004210 secs] [Times: user=0.00 sys=0.00, real=0.00 secs] 
65.912: Total time for which application threads were stopped: 0.0005230 seconds, Stopping threads took: 0.0000470 seconds
65.951: Application time: 0.0393500 seconds
65.951: [GC [PSYoungGen: 7520K->432K(8192K)] 17721K->10633K(26112K), 0.0004150 secs] [Times: user=0.00 sys=0.00, real=0.00 secs] 
65.952: Total time for which application threads were stopped: 0.0005210 seconds, Stopping threads took: 0.0000490 seconds
65.991: Application time: 0.0396490 seconds
65.991: [GC [PSYoungGen: 7600K->496K(8192K)] 17801K->10697K(26112K), 0.0004700 secs] [Times: user=0.00 sys=0.00, real=0.00 secs] 
65.992: Total time for which application threads were stopped: 0.0005760 seconds, Stopping threads took: 0.0000510 seconds
66.032: Application time: 0.0403810 seconds
66.032: [GC [PSYoungGen: 7664K->512K(8192K)] 17865K->10713K(26112K), 0.0004610 secs] [Times: user=0.00 sys=0.00, real=0.00 secs] 
66.033: Total time for which application threads were stopped: 0.0005610 seconds, Stopping threads took: 0.0000430 seconds
66.073: Application time: 0.0403100 seconds
66.073: [GC [PSYoungGen: 7680K->480K(8192K)] 17881K->10681K(26112K), 0.0004290 secs] [Times: user=0.00 sys=0.00, real=0.00 secs] 
66.074: Total time for which application threads were stopped: 0.0005280 seconds, Stopping threads took: 0.0000430 seconds
66.114: Application time: 0.0403030 seconds
66.114: [GC [PSYoungGen: 7648K->512K(8192K)] 17849K->10713K(26112K), 0.0004270 secs] [Times: user=0.00 sys=0.00, real=0.00 secs] 
66.115: Total time for which application threads were stopped: 0.0005330 seconds, Stopping threads took: 0.0000490 seconds
66.155: Application time: 0.0405900 seconds
66.155: [GC [PSYoungGen: 7680K->496K(8192K)] 17881K->10697K(26112K), 0.0004280 secs] [Times: user=0.00 sys=0.00, real=0.00 secs] 
66.156: Total time for which application threads were stopped: 0.0005360 seconds, Stopping threads took: 0.0000430 seconds
66.196: Application time: 0.0406880 seconds
66.196: [GC [PSYoungGen: 7664K->512K(8192K)] 17865K->10713K(26112K), 0.0004240 secs] [Times: user=0.00 sys=0.00, real=0.00 secs] 
66.197: Total time for which application threads were stopped: 0.0005230 seconds, Stopping threads took: 0.0000430 seconds
66.237: Application time: 0.0402890 seconds
66.237: [GC [PSYoungGen: 7680K->496K(8192K)] 17881K->10697K(26112K), 0.0004610 secs] [Times: user=0.00 sys=0.00, real=0.00 secs] 
66.238: Total time for which application threads were stopped: 0.0005490 seconds, Stopping threads took: 0.0000370 seconds
66.278: Application time: 0.0402640 seconds
66.278: [GC [PSYoungGen: 7664K->480K(8192K)] 17865K->10681K(26112K), 0.0004120 secs] [Times: user=0.00 sys=0.00, real=0.00 secs] 
66.279: Total time for which application threads were stopped: 0.0005050 seconds, Stopping threads took: 0.0000440 seconds
66.319: Application time: 0.0401090 seconds
66.319: [GC [PSYoungGen: 7648K->480K(8192K)] 17849K->10681K(26112K), 0.0004230 secs] [Times: user=0.00 sys=0.00, real=0.00 secs] 
66.319: Total time for which application threads were stopped: 0.0005180 seconds, Stopping threads took: 0.0000430 seconds
66.359: Application time: 0.0402280 seconds
66.359: [GC [PSYoungGen: 7648K->528K(8192K)] 17849K->10729K(26112K), 0.0004120 secs] [Times: user=0.01 sys=0.00, real=0.00 secs] 
66.360: Total time for which application threads were stopped: 0.0005210 seconds, Stopping threads took: 0.0000490 seconds
66.400: Application time: 0.0400520 seconds
66.400: [GC [PSYoungGen: 7696K->512K(8192K)] 17897K->10713K(26112K), 0.0004640 secs] [Times: user=0.00 sys=0.00, real=0.00 secs] 
66.401: Total time for which application threads were stopped: 0.0005660 seconds, Stopping threads took: 0.0000500 seconds
66.441: Application time: 0.0407150 seconds
66.441: [GC [PSYoungGen: 7680K->496K(8192K)] 17881K->10697K(26112K), 0.0004160 secs] [Times: user=0.01 sys=0.00, real=0.00 secs] 
66.442: Total time for which application threads were stopped: 0.0005250 seconds, Stopping threads took: 0.0000550 seconds
66.482: Application time: 0.0402480 seconds
66.485: [GC [PSYoungGen: 7664K->432K(8192K)] 17865K->10713K(26112K), 0.0004830 secs] [Times: user=0.01 sys=0.00, real=0.00 secs] 
66.486: Total time for which application threads were stopped: 0.0035380 seconds, Stopping threads took: 0.0029990 seconds
66.526: Application time: 0.0402400 seconds
66.526: [GC [PSYoungGen: 7600K->384K(8192K)] 17881K->10753K(26112K), 0.0004080 secs] [Times: user=0.00 sys=0.00, real=0.00 secs] 
66.526: Total time for which application threads were stopped: 0.0005140 seconds, Stopping threads took: 0.0000490 seconds
66.567: Application time: 0.0403190 seconds
66.567: [GC [PSYoungGen: 7552K->320K(8192K)] 17921K->10781K(26112K), 0.0004230 secs] [Times: user=0.00 sys=0.00, real=0.00 secs] 
66.567: Total time for which application threads were stopped: 0.0005250 seconds, Stopping threads took: 0.0000470 seconds
66.608: Application time: 0.0408100 seconds
66.608: [GC [PSYoungGen: 7488K->256K(8192K)] 17949K->10821K(26112K), 0.0004150 secs] [Times: user=0.00 sys=0.00, real=0.00 secs] 
66.608: Total time for which application threads were stopped: 0.0005060 seconds, Stopping threads took: 0.0000410 seconds
66.649: Application time: 0.0402880 seconds
66.649: [GC [PSYoungGen: 7424K->256K(8192K)] 17989K->10821K(26112K), 0.0004750 secs] [Times: user=0.00 sys=0.00, real=0.01 secs] 
66.649: Total time for which application threads were stopped: 0.0005870 seconds, Stopping threads took: 0.0000450 seconds
66.690: Application time: 0.0408840 seconds
66.693: [GC [PSYoungGen: 7424K->240K(8192K)] 17989K->10806K(26112K), 0.0006390 secs] [Times: user=0.01 sys=0.00, real=0.00 secs] 
66.694: Total time for which application threads were stopped: 0.0034990 seconds, Stopping threads took: 0.0027810 seconds
66.733: Application time: 0.0391370 seconds
66.733: [GC [PSYoungGen: 7408K->448K(8192K)] 17974K->11014K(26112K), 0.0004170 secs] [Times: user=0.00 sys=0.00, real=0.00 secs] 
66.733: Total time for which application threads were stopped: 0.0005200 seconds, Stopping threads took: 0.0000470 seconds
66.773: Application time: 0.0398420 seconds
66.773: [GC [PSYoungGen: 7616K->480K(8192K)] 18182K->11046K(26112K), 0.0004480 secs] [Times: user=0.01 sys=0.00, real=0.00 secs] 
66.774: Total time for which application threads were stopped: 0.0005450 seconds, Stopping threads took: 0.0000410 seconds
66.814: Application time: 0.0400220 seconds
66.814: [GC [PSYoungGen: 7648K->512K(8192K)] 18214K->11078K(26112K), 0.0004480 secs] [Times: user=0.01 sys=0.00, real=0.00 secs] 
66.814: Total time for which application threads were stopped: 0.0005520 seconds, Stopping threads took: 0.0000490 seconds
66.855: Application time: 0.0404910 seconds
66.855: [GC [PSYoungGen: 7680K->512K(8192K)] 18246K->11078K(26112K), 0.0004250 secs] [Times: user=0.01 sys=0.00, real=0.00 secs] 
66.855: Total time for which application threads were stopped: 0.0005210 seconds, Stopping threads took: 0.0000410 seconds
66.896: Application time: 0.0403800 seconds
66.896: [GC [PSYoungGen: 7680K->496K(8192K)] 18246K->11062K(26112K), 0.0004470 secs] [Times: user=0.00 sys=0.00, real=0.00 secs] 
66.896: Total time for which application threads were stopped: 0.0005500 seconds, Stopping threads took: 0.0000490 seconds
66.937: Application time: 0.0407590 seconds
66.937: [GC [PSYoungGen: 7664K->480K(8192K)] 18230K->11046K(26112K), 0.0004240 secs] [Times: user=0.00 sys=0.00, real=0.00 secs] 
66.938: Total time for which application threads were stopped: 0.0005360 seconds, Stopping threads took: 0.0000490 seconds
66.978: Application time: 0.0405650 seconds
66.978: [GC [PSYoungGen: 7648K->496K(8192K)] 18214K->11062K(26112K), 0.0004200 secs] [Times: user=0.00 sys=0.00, real=0.00 secs] 
66.979: Total time for which application threads were stopped: 0.0005250 seconds, Stopping threads took: 0.0000530 seconds
67.020: Application time: 0.0411570 seconds
67.020: [GC [PSYoungGen: 7664K->480K(8192K)] 18230K->11046K(26112K), 0.0004290 secs] [Times: user=0.00 sys=0.00, real=0.00 secs] 
67.020: Total time for which application threads were stopped: 0.0005270 seconds, Stopping threads took: 0.0000470 seconds
67.061: Application time: 0.0403290 seconds
67.061: [GC [PSYoungGen: 7648K->496K(8192K)] 18214K->11062K(26112K), 0.0004410 secs] [Times: user=0.00 sys=0.00, real=0.01 secs] 
67.061: Total time for which application threads were stopped: 0.0005440 seconds, Stopping threads took: 0.0000470 seconds
67.101: Application time: 0.0401290 seconds
67.101: [GC [PSYoungGen: 7664K->512K(8192K)] 18230K->11078K(26112K), 0.0004460 secs] [Times: user=0.00 sys=0.00, real=0.00 secs] 
67.102: Total time for which application threads were stopped: 0.0005460 seconds, Stopping threads took: 0.0000460 seconds
67.143: Application time: 0.0407790 seconds
67.143: [GC [PSYoungGen: 7680K->512K(8192K)] 18246K->11078K(26112K), 0.0004140 secs] [Times: user=0.00 sys=0.00, real=0.00 secs] 
67.143: Total time for which application threads were stopped: 0.0005150 seconds, Stopping threads took: 0.0000450 seconds
67.184: Application time: 0.0410380 seconds
67.184: [GC [PSYoungGen: 7680K->512K(8192K)] 18246K->11078K(26112K), 0.0004310 secs] [Times: user=0.00 sys=0.00, real=0.00 secs] 
67.185: Total time for which application threads were stopped: 0.0005330 seconds, Stopping threads took: 0.0000470 seconds
67.226: Application time: 0.0406980 seconds
67.226: [GC [PSYoungGen: 7680K->528K(8192K)] 18246K->11094K(26112K), 0.0004160 secs] [Times: user=0.00 sys=0.00, real=0.00 secs] 
67.226: Total time for which application threads were stopped: 0.0005180 seconds, Stopping threads took: 0.0000420 seconds
67.267: Application time: 0.0408180 seconds
67.267: [GC [PSYoungGen: 7696K->496K(8192K)] 18262K->11062K(26112K), 0.0004310 secs] [Times: user=0.00 sys=0.00, real=0.00 secs] 
67.267: Total time for which application threads were stopped: 0.0005500 seconds, Stopping threads took: 0.0000680 seconds
67.308: Application time: 0.0403180 seconds
67.308: [GC [PSYoungGen: 7664K->384K(8192K)] 18230K->11062K(26112K), 0.0004330 secs] [Times: user=0.00 sys=0.00, real=0.00 secs] 
67.308: Total time for which application threads were stopped: 0.0005360 seconds, Stopping threads took: 0.0000480 seconds
67.349: Application time: 0.0403400 seconds
67.349: [GC [PSYoungGen: 7552K->288K(8192K)] 18230K->11114K(26112K), 0.0004100 secs] [Times: user=0.00 sys=0.00, real=0.01 secs] 
67.349: Total time for which application threads were stopped: 0.0005130 seconds, Stopping threads took: 0.0000500 seconds
67.390: Application time: 0.0403970 seconds
67.390: [GC [PSYoungGen: 7456K->256K(8192K)] 18282K->11122K(26112K), 0.0004270 secs] [Times: user=0.00 sys=0.00, real=0.00 secs] 
67.390: Total time for which application threads were stopped: 0.0005270 seconds, Stopping threads took: 0.0000460 seconds
67.431: Application time: 0.0407320 seconds
67.431: [GC [PSYoungGen: 7424K->256K(8192K)] 18290K->11178K(26112K), 0.0003760 secs] [Times: user=0.00 sys=0.00, real=0.00 secs] 
67.431: Total time for which application threads were stopped: 0.0004770 seconds, Stopping threads took: 0.0000450 seconds
67.472: Application time: 0.0404770 seconds
67.472: [GC [PSYoungGen: 7424K->256K(8192K)] 18346K->11178K(26112K), 0.0003750 secs] [Times: user=0.00 sys=0.00, real=0.00 secs] 
67.472: Total time for which application threads were stopped: 0.0004700 seconds, Stopping threads took: 0.0000440 seconds
67.511: Application time: 0.0387000 seconds
67.511: [GC [PSYoungGen: 7424K->320K(8192K)] 18346K->11242K(26112K), 0.0004300 secs] [Times: user=0.00 sys=0.00, real=0.00 secs] 
67.511: Total time for which application threads were stopped: 0.0005360 seconds, Stopping threads took: 0.0000520 seconds
67.552: Application time: 0.0410440 seconds
67.553: [GC [PSYoungGen: 7488K->400K(8192K)] 18410K->11322K(26112K), 0.0006220 secs] [Times: user=0.00 sys=0.00, real=0.00 secs] 
67.554: Total time for which application threads were stopped: 0.0014220 seconds, Stopping threads took: 0.0007300 seconds
67.598: Application time: 0.0438510 seconds
67.598: [GC [PSYoungGen: 7568K->416K(8192K)] 18490K->11338K(26112K), 0.0005380 secs] [Times: user=0.00 sys=0.00, real=0.00 secs] 
67.598: Total time for which application threads were stopped: 0.0006600 seconds, Stopping threads took: 0.0000600 seconds
67.639: Application time: 0.0406430 seconds
67.639: [GC [PSYoungGen: 7584K->512K(8192K)] 18506K->11434K(26112K), 0.0005110 secs] [Times: user=0.00 sys=0.00, real=0.00 secs] 
67.640: Total time for which application threads were stopped: 0.0006290 seconds, Stopping threads took: 0.0000500 seconds
67.680: Application time: 0.0406630 seconds
67.680: [GC [PSYoungGen: 7680K->496K(8192K)] 18602K->11418K(26112K), 0.0004480 secs] [Times: user=0.00 sys=0.00, real=0.00 secs] 
67.681: Total time for which application threads were stopped: 0.0005560 seconds, Stopping threads took: 0.0000500 seconds
67.721: Application time: 0.0403440 seconds
67.721: [GC [PSYoungGen: 7664K->496K(8192K)] 18586K->11418K(26112K), 0.0004790 secs] [Times: user=0.00 sys=0.00, real=0.00 secs] 
67.722: Total time for which application threads were stopped: 0.0005780 seconds, Stopping threads took: 0.0000400 seconds
67.762: Application time: 0.0404180 seconds
67.762: [GC [PSYoungGen: 7664K->496K(8192K)] 18586K->11418K(26112K), 0.0004230 secs] [Times: user=0.00 sys=0.00, real=0.00 secs] 
67.763: Total time for which application threads were stopped: 0.0005190 seconds, Stopping threads took: 0.0000390 seconds
67.803: Application time: 0.0403400 seconds
67.803: [GC [PSYoungGen: 7664K->544K(8192K)] 18586K->11466K(26112K), 0.0004280 secs] [Times: user=0.01 sys=0.00, real=0.00 secs] 
67.804: Total time for which application threads were stopped: 0.0005280 seconds, Stopping threads took: 0.0000470 seconds
67.844: Application time: 0.0405620 seconds
67.844: [GC [PSYoungGen: 7712K->544K(8192K)] 18634K->11466K(26112K), 0.0005010 secs] [Times: user=0.00 sys=0.00, real=0.00 secs] 
67.845: Total time for which application threads were stopped: 0.0006110 seconds, Stopping threads took: 0.0000570 seconds
67.885: Application time: 0.0403290 seconds
67.885: [GC [PSYoungGen: 7712K->512K(8192K)] 18634K->11434K(26112K), 0.0004060 secs] [Times: user=0.01 sys=0.00, real=0.00 secs] 
67.886: Total time for which application threads were stopped: 0.0005100 seconds, Stopping threads took: 0.0000490 seconds
67.926: Application time: 0.0399180 seconds
67.926: [GC [PSYoungGen: 7680K->496K(8192K)] 18602K->11418K(26112K), 0.0004800 secs] [Times: user=0.00 sys=0.00, real=0.00 secs] 
67.926: Total time for which application threads were stopped: 0.0005950 seconds, Stopping threads took: 0.0000570 seconds
67.967: Application time: 0.0404170 seconds
67.967: [GC [PSYoungGen: 7664K->528K(8192K)] 18586K->11450K(26112K), 0.0004340 secs] [Times: user=0.00 sys=0.00, real=0.00 secs] 
67.967: Total time for which application threads were stopped: 0.0005390 seconds, Stopping threads took: 0.0000490 seconds
68.008: Application time: 0.0404590 seconds
68.008: [GC [PSYoungGen: 7696K->480K(8192K)] 18618K->11402K(26112K), 0.0004320 secs] [Times: user=0.00 sys=0.00, real=0.00 secs] 
68.008: Total time for which application threads were stopped: 0.0005330 seconds, Stopping threads took: 0.0000430 seconds
68.048: Application time: 0.0403140 seconds
68.049: [GC [PSYoungGen: 7648K->496K(8192K)] 18570K->11418K(26112K), 0.0004240 secs] [Times: user=0.01 sys=0.00, real=0.00 secs] 
68.049: Total time for which application threads were stopped: 0.0005370 seconds, Stopping threads took: 0.0000500 seconds
68.090: Application time: 0.0406910 seconds
68.090: [GC [PSYoungGen: 7664K->512K(8192K)] 18586K->11434K(26112K), 0.0004320 secs] [Times: user=0.00 sys=0.00, real=0.00 secs] 
68.090: Total time for which application threads were stopped: 0.0005310 seconds, Stopping threads took: 0.0000450 seconds
68.131: Application time: 0.0405310 seconds
68.131: [GC [PSYoungGen: 7680K->384K(8192K)] 18602K->11426K(26112K), 0.0004380 secs] [Times: user=0.00 sys=0.00, real=0.00 secs] 
68.131: Total time for which application threads were stopped: 0.0005320 seconds, Stopping threads took: 0.0000400 seconds
68.172: Application time: 0.0402670 seconds
68.172: [GC [PSYoungGen: 7552K->304K(8192K)] 18594K->11470K(26112K), 0.0004770 secs] [Times: user=0.00 sys=0.00, real=0.00 secs] 
68.172: Total time for which application threads were stopped: 0.0005740 seconds, Stopping threads took: 0.0000440 seconds
68.212: Application time: 0.0402040 seconds
68.212: [GC [PSYoungGen: 7472K->240K(8192K)] 18638K->11454K(26112K), 0.0005040 secs] [Times: user=0.00 sys=0.00, real=0.00 secs] 
68.213: Total time for which application threads were stopped: 0.0006060 seconds, Stopping threads took: 0.0000460 seconds
68.253: Application time: 0.0404000 seconds
68.253: [GC [PSYoungGen: 7408K->240K(8192K)] 18622K->11502K(26112K), 0.0003810 secs] [Times: user=0.00 sys=0.00, real=0.00 secs] 
68.254: Total time for which application threads were stopped: 0.0004820 seconds, Stopping threads took: 0.0000480 seconds
68.293: Application time: 0.0396060 seconds
68.294: [GC [PSYoungGen: 7408K->288K(8192K)] 18670K->11550K(26112K), 0.0003970 secs] [Times: user=0.00 sys=0.00, real=0.00 secs] 
68.294: Total time for which application threads were stopped: 0.0005090 seconds, Stopping threads took: 0.0000490 seconds
68.333: Application time: 0.0387850 seconds
68.333: [GC [PSYoungGen: 7456K->384K(8192K)] 18718K->11646K(26112K), 0.0004230 secs] [Times: user=0.00 sys=0.00, real=0.00 secs] 
68.333: Total time for which application threads were stopped: 0.0005160 seconds, Stopping threads took: 0.0000410 seconds
68.373: Application time: 0.0395700 seconds
68.373: [GC [PSYoungGen: 7552K->400K(8192K)] 18814K->11662K(26112K), 0.0004620 secs] [Times: user=0.00 sys=0.00, real=0.00 secs] 
68.373: Total time for which application threads were stopped: 0.0005540 seconds, Stopping threads took: 0.0000400 seconds
68.413: Application time: 0.0395730 seconds
68.413: [GC [PSYoungGen: 7568K->496K(8192K)] 18830K->11758K(26112K), 0.0004670 secs] [Times: user=0.00 sys=0.00, real=0.00 secs] 
68.414: Total time for which application threads were stopped: 0.0005630 seconds, Stopping threads took: 0.0000430 seconds
68.454: Application time: 0.0406190 seconds
68.454: [GC [PSYoungGen: 7664K->512K(8192K)] 18926K->11774K(26112K), 0.0004430 secs] [Times: user=0.00 sys=0.00, real=0.00 secs] 
68.455: Total time for which application threads were stopped: 0.0005340 seconds, Stopping threads took: 0.0000410 seconds
68.495: Application time: 0.0402190 seconds
68.495: [GC [PSYoungGen: 7680K->512K(8192K)] 18942K->11774K(26112K), 0.0004570 secs] [Times: user=0.00 sys=0.00, real=0.00 secs] 
68.495: Total time for which application threads were stopped: 0.0005510 seconds, Stopping threads took: 0.0000430 seconds
68.536: Application time: 0.0405040 seconds
68.536: [GC [PSYoungGen: 7680K->496K(8192K)] 18942K->11758K(26112K), 0.0004300 secs] [Times: user=0.00 sys=0.00, real=0.00 secs] 
68.536: Total time for which application threads were stopped: 0.0005320 seconds, Stopping threads took: 0.0000520 seconds
68.577: Application time: 0.0405370 seconds
68.577: [GC [PSYoungGen: 7664K->480K(8192K)] 18926K->11742K(26112K), 0.0004220 secs] [Times: user=0.01 sys=0.00, real=0.00 secs] 
68.578: Total time for which application threads were stopped: 0.0005120 seconds, Stopping threads took: 0.0000410 seconds
68.618: Application time: 0.0402350 seconds
68.618: [GC [PSYoungGen: 7648K->512K(8192K)] 18910K->11774K(26112K), 0.0004220 secs] [Times: user=0.00 sys=0.00, real=0.00 secs] 
68.618: Total time for which application threads were stopped: 0.0005240 seconds, Stopping threads took: 0.0000510 seconds
68.659: Application time: 0.0408900 seconds
68.659: [GC [PSYoungGen: 7680K->480K(8192K)] 18942K->11742K(26112K), 0.0005010 secs] [Times: user=0.01 sys=0.00, real=0.00 secs] 
68.660: Total time for which application threads were stopped: 0.0006250 seconds, Stopping threads took: 0.0000590 seconds
68.700: Application time: 0.0401880 seconds
68.700: [GC [PSYoungGen: 7648K->448K(8192K)] 18910K->11710K(26112K), 0.0004310 secs] [Times: user=0.00 sys=0.00, real=0.00 secs] 
68.701: Total time for which application threads were stopped: 0.0005390 seconds, Stopping threads took: 0.0000500 seconds
68.741: Application time: 0.0402230 seconds
68.741: [GC [PSYoungGen: 7616K->528K(8192K)] 18878K->11790K(26112K), 0.0004320 secs] [Times: user=0.00 sys=0.00, real=0.01 secs] 
68.741: Total time for which application threads were stopped: 0.0005320 seconds, Stopping threads took: 0.0000430 seconds
68.781: Application time: 0.0401660 seconds
68.782: [GC [PSYoungGen: 7696K->480K(8192K)] 18958K->11742K(26112K), 0.0004150 secs] [Times: user=0.01 sys=0.00, real=0.00 secs] 
68.782: Total time for which application threads were stopped: 0.0005210 seconds, Stopping threads took: 0.0000480 seconds
68.822: Application time: 0.0400840 seconds
68.822: [GC [PSYoungGen: 7648K->512K(8192K)] 18910K->11774K(26112K), 0.0004600 secs] [Times: user=0.00 sys=0.00, real=0.00 secs] 
68.823: Total time for which application threads were stopped: 0.0005690 seconds, Stopping threads took: 0.0000430 seconds
68.863: Application time: 0.0404080 seconds
68.863: [GC [PSYoungGen: 7680K->512K(8192K)] 18942K->11774K(26112K), 0.0004290 secs] [Times: user=0.00 sys=0.00, real=0.00 secs] 
68.864: Total time for which application threads were stopped: 0.0005240 seconds, Stopping threads took: 0.0000430 seconds
68.904: Application time: 0.0401680 seconds
68.904: [GC [PSYoungGen: 7680K->416K(8192K)] 18942K->11774K(26112K), 0.0004890 secs] [Times: user=0.00 sys=0.00, real=0.00 secs] 
68.904: Total time for which application threads were stopped: 0.0005890 seconds, Stopping threads took: 0.0000490 seconds
68.945: Application time: 0.0404860 seconds
68.945: [GC [PSYoungGen: 7584K->304K(8192K)] 18942K->11782K(26112K), 0.0004090 secs] [Times: user=0.00 sys=0.00, real=0.00 secs] 
68.945: Total time for which application threads were stopped: 0.0005070 seconds, Stopping threads took: 0.0000440 seconds
68.986: Application time: 0.0402180 seconds
68.986: [GC [PSYoungGen: 7472K->288K(8192K)] 18950K->11814K(26112K), 0.0003800 secs] [Times: user=0.00 sys=0.00, real=0.00 secs] 
68.986: Total time for which application threads were stopped: 0.0004810 seconds, Stopping threads took: 0.0000490 seconds
69.026: Application time: 0.0402150 seconds
69.026: [GC [PSYoungGen: 7456K->256K(8192K)] 18982K->11862K(26112K), 0.0003830 secs] [Times: user=0.00 sys=0.00, real=0.00 secs] 
69.027: Total time for which application threads were stopped: 0.0004800 seconds, Stopping threads took: 0.0000450 seconds
69.067: Application time: 0.0402530 seconds
69.067: [GC [PSYoungGen: 7424K->272K(8192K)] 19030K->11878K(26112K), 0.0003790 secs] [Times: user=0.00 sys=0.00, real=0.00 secs] 
69.067: Total time for which application threads were stopped: 0.0004910 seconds, Stopping threads took: 0.0000550 seconds
69.108: Application time: 0.0400440 seconds
69.108: [GC [PSYoungGen: 7440K->256K(8192K)] 19046K->11862K(26112K), 0.0004250 secs] [Times: user=0.00 sys=0.00, real=0.00 secs] 
69.108: Total time for which application threads were stopped: 0.0005170 seconds, Stopping threads took: 0.0000380 seconds
69.146: Application time: 0.0382150 seconds
69.146: [GC [PSYoungGen: 7424K->416K(8192K)] 19030K->12022K(26112K), 0.0004190 secs] [Times: user=0.00 sys=0.00, real=0.00 secs] 
69.147: Total time for which application threads were stopped: 0.0005210 seconds, Stopping threads took: 0.0000440 seconds
69.187: Application time: 0.0398020 seconds
69.187: [GC [PSYoungGen: 7584K->480K(8192K)] 19190K->12086K(26112K), 0.0004500 secs] [Times: user=0.00 sys=0.00, real=0.00 secs] 
69.187: Total time for which application threads were stopped: 0.0005660 seconds, Stopping threads took: 0.0000510 seconds
69.226: Application time: 0.0393160 seconds
69.227: [GC [PSYoungGen: 7648K->480K(8192K)] 19254K->12086K(26112K), 0.0004740 secs] [Times: user=0.00 sys=0.00, real=0.00 secs] 
69.227: Total time for which application threads were stopped: 0.0005670 seconds, Stopping threads took: 0.0000390 seconds
69.267: Application time: 0.0402640 seconds
69.267: [GC [PSYoungGen: 7648K->528K(8192K)] 19254K->12134K(26112K), 0.0004830 secs] [Times: user=0.01 sys=0.00, real=0.00 secs] 
69.268: Total time for which application threads were stopped: 0.0005840 seconds, Stopping threads took: 0.0000480 seconds
69.308: Application time: 0.0405550 seconds
69.309: [GC [PSYoungGen: 7696K->528K(8192K)] 19302K->12134K(26112K), 0.0004630 secs] [Times: user=0.00 sys=0.01, real=0.01 secs] 
69.309: Total time for which application threads were stopped: 0.0005750 seconds, Stopping threads took: 0.0000540 seconds
69.350: Application time: 0.0407760 seconds
69.350: [GC [PSYoungGen: 7696K->528K(8192K)] 19302K->12134K(26112K), 0.0004640 secs] [Times: user=0.00 sys=0.00, real=0.00 secs] 
69.350: Total time for which application threads were stopped: 0.0005790 seconds, Stopping threads took: 0.0000520 seconds
69.391: Application time: 0.0404790 seconds
69.391: [GC [PSYoungGen: 7696K->512K(8192K)] 19302K->12118K(26112K), 0.0004200 secs] [Times: user=0.00 sys=0.00, real=0.00 secs] 
69.391: Total time for which application threads were stopped: 0.0005150 seconds, Stopping threads took: 0.0000430 seconds
69.432: Application time: 0.0404460 seconds
69.432: [GC [PSYoungGen: 7680K->544K(8192K)] 19286K->12150K(26112K), 0.0004180 secs] [Times: user=0.00 sys=0.00, real=0.00 secs] 
69.432: Total time for which application threads were stopped: 0.0005180 seconds, Stopping threads took: 0.0000470 seconds
69.473: Application time: 0.0403180 seconds
69.473: [GC [PSYoungGen: 7712K->464K(8192K)] 19318K->12070K(26112K), 0.0004220 secs] [Times: user=0.00 sys=0.00, real=0.00 secs] 
69.473: Total time for which application threads were stopped: 0.0005280 seconds, Stopping threads took: 0.0000490 seconds
69.513: Application time: 0.0402120 seconds
69.513: [GC [PSYoungGen: 7632K->496K(8192K)] 19238K->12102K(26112K), 0.0004530 secs] [Times: user=0.00 sys=0.00, real=0.00 secs] 
69.514: Total time for which application threads were stopped: 0.0005700 seconds, Stopping threads took: 0.0000640 seconds
69.554: Application time: 0.0401650 seconds
69.557: [GC [PSYoungGen: 7664K->480K(8192K)] 19270K->12086K(26112K), 0.0004520 secs] [Times: user=0.00 sys=0.00, real=0.00 secs] 
69.558: Total time for which application threads were stopped: 0.0033870 seconds, Stopping threads took: 0.0028790 seconds
69.598: Application time: 0.0401790 seconds
69.598: [GC [PSYoungGen: 7648K->496K(8192K)] 19254K->12102K(26112K), 0.0004420 secs] [Times: user=0.00 sys=0.00, real=0.00 secs] 
69.598: Total time for which application threads were stopped: 0.0005340 seconds, Stopping threads took: 0.0000400 seconds
69.639: Application time: 0.0402730 seconds
69.639: [GC [PSYoungGen: 7664K->496K(8192K)] 19270K->12102K(26112K), 0.0005100 secs] [Times: user=0.00 sys=0.00, real=0.00 secs] 
69.639: Total time for which application threads were stopped: 0.0008580 seconds, Stopping threads took: 0.0002800 seconds
69.680: Application time: 0.0405010 seconds
69.680: [GC [PSYoungGen: 7664K->528K(8192K)] 19270K->12134K(26112K), 0.0004350 secs] [Times: user=0.01 sys=0.00, real=0.00 secs] 
69.680: Total time for which application threads were stopped: 0.0005450 seconds, Stopping threads took: 0.0000520 seconds
69.721: Application time: 0.0402720 seconds
69.721: [GC [PSYoungGen: 7696K->448K(8192K)] 19302K->12110K(26112K), 0.0004330 secs] [Times: user=0.00 sys=0.00, real=0.01 secs] 
69.721: Total time for which application threads were stopped: 0.0005290 seconds, Stopping threads took: 0.0000420 seconds
69.762: Application time: 0.0406900 seconds
69.762: [GC [PSYoungGen: 7616K->336K(8192K)] 19278K->12154K(26112K), 0.0004130 secs] [Times: user=0.00 sys=0.00, real=0.00 secs] 
69.762: Total time for which application threads were stopped: 0.0005280 seconds, Stopping threads took: 0.0000530 seconds
69.803: Application time: 0.0403400 seconds
69.803: [GC [PSYoungGen: 7504K->288K(8192K)] 19322K->12170K(26112K), 0.0003910 secs] [Times: user=0.00 sys=0.00, real=0.00 secs] 
69.803: Total time for which application threads were stopped: 0.0004990 seconds, Stopping threads took: 0.0000520 seconds
69.844: Application time: 0.0403750 seconds
69.844: [GC [PSYoungGen: 7456K->256K(8192K)] 19338K->12235K(26112K), 0.0003930 secs] [Times: user=0.00 sys=0.00, real=0.00 secs] 
69.844: Total time for which application threads were stopped: 0.0004960 seconds, Stopping threads took: 0.0000490 seconds
69.884: Application time: 0.0403200 seconds
69.885: [GC [PSYoungGen: 7424K->256K(8192K)] 19403K->12235K(26112K), 0.0003610 secs] [Times: user=0.00 sys=0.00, real=0.00 secs] 
69.885: Total time for which application threads were stopped: 0.0004810 seconds, Stopping threads took: 0.0000570 seconds
69.924: Application time: 0.0386580 seconds
69.924: [GC [PSYoungGen: 7424K->304K(8192K)] 19403K->12283K(26112K), 0.0004330 secs] [Times: user=0.00 sys=0.00, real=0.00 secs] 
69.924: Total time for which application threads were stopped: 0.0005280 seconds, Stopping threads took: 0.0000430 seconds
69.963: Application time: 0.0391610 seconds
69.963: [GC [PSYoungGen: 7472K->384K(8192K)] 19451K->12363K(26112K), 0.0004050 secs] [Times: user=0.00 sys=0.00, real=0.00 secs] 
69.965: Total time for which application threads were stopped: 0.0017150 seconds, Stopping threads took: 0.0000460 seconds
70.005: Application time: 0.0397350 seconds
70.005: [GC [PSYoungGen: 7552K->432K(8192K)] 19531K->12411K(26112K), 0.0004450 secs] [Times: user=0.00 sys=0.00, real=0.00 secs] 
70.005: Total time for which application threads were stopped: 0.0005600 seconds, Stopping threads took: 0.0000610 seconds
70.045: Application time: 0.0395770 seconds
70.045: [GC [PSYoungGen: 7600K->512K(8192K)] 19579K->12491K(26112K), 0.0004440 secs] [Times: user=0.00 sys=0.00, real=0.00 secs] 
70.045: Total time for which application threads were stopped: 0.0005590 seconds, Stopping threads took: 0.0000580 seconds
70.086: Application time: 0.0402820 seconds
70.086: [GC [PSYoungGen: 7680K->512K(8192K)] 19659K->12491K(26112K), 0.0004180 secs] [Times: user=0.00 sys=0.00, real=0.00 secs] 
70.086: Total time for which application threads were stopped: 0.0005090 seconds, Stopping threads took: 0.0000380 seconds
70.127: Application time: 0.0403620 seconds
70.127: [GC [PSYoungGen: 7680K->496K(8192K)] 19659K->12475K(26112K), 0.0004390 secs] [Times: user=0.01 sys=0.00, real=0.00 secs] 
70.127: Total time for which application threads were stopped: 0.0005470 seconds, Stopping threads took: 0.0000510 seconds
70.167: Application time: 0.0403210 seconds
70.168: [GC [PSYoungGen: 7664K->480K(8192K)] 19643K->12459K(26112K), 0.0004630 secs] [Times: user=0.00 sys=0.00, real=0.00 secs] 
70.168: Total time for which application threads were stopped: 0.0005590 seconds, Stopping threads took: 0.0000420 seconds
70.208: Application time: 0.0402340 seconds
70.208: [GC [PSYoungGen: 7648K->512K(8192K)] 19627K->12491K(26112K), 0.0004700 secs] [Times: user=0.00 sys=0.00, real=0.00 secs] 
70.209: Total time for which application threads were stopped: 0.0005710 seconds, Stopping threads took: 0.0000480 seconds
70.250: Application time: 0.0408310 seconds
70.250: [GC [PSYoungGen: 7680K->496K(8192K)] 19659K->12475K(26112K), 0.0004320 secs] [Times: user=0.00 sys=0.00, real=0.00 secs] 
70.250: Total time for which application threads were stopped: 0.0005290 seconds, Stopping threads took: 0.0000430 seconds
70.290: Application time: 0.0402240 seconds
70.291: [GC [PSYoungGen: 7664K->528K(8192K)] 19643K->12507K(26112K), 0.0004090 secs] [Times: user=0.00 sys=0.00, real=0.00 secs] 
70.291: Total time for which application threads were stopped: 0.0005110 seconds, Stopping threads took: 0.0000480 seconds
70.331: Application time: 0.0401690 seconds
70.331: [GC [PSYoungGen: 7696K->512K(8192K)] 19675K->12491K(26112K), 0.0004530 secs] [Times: user=0.00 sys=0.00, real=0.00 secs] 
70.332: Total time for which application threads were stopped: 0.0005520 seconds, Stopping threads took: 0.0000440 seconds
70.372: Application time: 0.0401660 seconds
70.372: [GC [PSYoungGen: 7680K->464K(8192K)] 19659K->12443K(26112K), 0.0005030 secs] [Times: user=0.00 sys=0.00, real=0.00 secs] 
70.372: Total time for which application threads were stopped: 0.0006020 seconds, Stopping threads took: 0.0000470 seconds
70.413: Application time: 0.0402530 seconds
70.413: [GC [PSYoungGen: 7632K->480K(8192K)] 19611K->12459K(26112K), 0.0005300 secs] [Times: user=0.00 sys=0.00, real=0.00 secs] 
70.413: Total time for which application threads were stopped: 0.0006390 seconds, Stopping threads took: 0.0000460 seconds
70.454: Application time: 0.0407020 seconds
70.454: [GC [PSYoungGen: 7648K->464K(8192K)] 19627K->12443K(26112K), 0.0004330 secs] [Times: user=0.00 sys=0.00, real=0.00 secs] 
70.455: Total time for which application threads were stopped: 0.0005270 seconds, Stopping threads took: 0.0000410 seconds
70.495: Application time: 0.0402280 seconds
70.497: [GC [PSYoungGen: 7632K->512K(8192K)] 19611K->12491K(26112K), 0.0004350 secs] [Times: user=0.00 sys=0.00, real=0.00 secs] 
70.498: Total time for which application threads were stopped: 0.0027000 seconds, Stopping threads took: 0.0022140 seconds
70.538: Application time: 0.0402120 seconds
70.538: [GC [PSYoungGen: 7680K->368K(8192K)] 19659K->12479K(26112K), 0.0004600 secs] [Times: user=0.00 sys=0.00, real=0.00 secs] 
70.538: Total time for which application threads were stopped: 0.0005550 seconds, Stopping threads took: 0.0000400 seconds
70.579: Application time: 0.0402810 seconds
70.581: [GC [PSYoungGen: 7536K->304K(8192K)] 19647K->12495K(26112K), 0.0004410 secs] [Times: user=0.00 sys=0.00, real=0.00 secs] 
70.582: Total time for which application threads were stopped: 0.0029530 seconds, Stopping threads took: 0.0024590 seconds
70.622: Application time: 0.0404060 seconds
70.622: [GC [PSYoungGen: 7472K->288K(8192K)] 19663K->12535K(26112K), 0.0003970 secs] [Times: user=0.00 sys=0.00, real=0.00 secs] 
70.622: Total time for which application threads were stopped: 0.0005060 seconds, Stopping threads took: 0.0000530 seconds
70.663: Application time: 0.0406650 seconds
70.663: [GC [PSYoungGen: 7456K->256K(8192K)] 19703K->12599K(26112K), 0.0004100 secs] [Times: user=0.01 sys=0.00, real=0.00 secs] 
70.664: Total time for which application threads were stopped: 0.0005300 seconds, Stopping threads took: 0.0000590 seconds
70.704: Application time: 0.0405700 seconds
70.704: [GC [PSYoungGen: 7424K->256K(8192K)] 19767K->12599K(26112K), 0.0003780 secs] [Times: user=0.00 sys=0.00, real=0.00 secs] 
70.705: Total time for which application threads were stopped: 0.0004810 seconds, Stopping threads took: 0.0000490 seconds
70.743: Application time: 0.0378840 seconds
70.743: [GC [PSYoungGen: 7424K->336K(8192K)] 19767K->12679K(26112K), 0.0004410 secs] [Times: user=0.01 sys=0.00, real=0.00 secs] 
70.743: Total time for which application threads were stopped: 0.0005350 seconds, Stopping threads took: 0.0000410 seconds
70.783: Application time: 0.0394320 seconds
70.783: [GC [PSYoungGen: 7504K->384K(8192K)] 19847K->12727K(26112K), 0.0004320 secs] [Times: user=0.00 sys=0.00, real=0.00 secs] 
70.783: Total time for which application threads were stopped: 0.0005340 seconds, Stopping threads took: 0.0000450 seconds
70.823: Application time: 0.0400010 seconds
70.825: [GC [PSYoungGen: 7552K->464K(8192K)] 19895K->12807K(26112K), 0.0004390 secs] [Times: user=0.00 sys=0.00, real=0.00 secs] 
70.826: Total time for which application threads were stopped: 0.0024400 seconds, Stopping threads took: 0.0019480 seconds
70.865: Application time: 0.0393150 seconds
70.865: [GC [PSYoungGen: 7632K->512K(8192K)] 19975K->12855K(26112K), 0.0004320 secs] [Times: user=0.00 sys=0.00, real=0.00 secs] 
70.865: Total time for which application threads were stopped: 0.0005240 seconds, Stopping threads took: 0.0000380 seconds
70.906: Application time: 0.0409450 seconds
70.906: [GC [PSYoungGen: 7680K->480K(8192K)] 20023K->12823K(26112K), 0.0004190 secs] [Times: user=0.00 sys=0.00, real=0.00 secs] 
70.907: Total time for which application threads were stopped: 0.0005300 seconds, Stopping threads took: 0.0000540 seconds
70.947: Application time: 0.0402450 seconds
70.947: [GC [PSYoungGen: 7648K->448K(8192K)] 19991K->12791K(26112K), 0.0004050 secs] [Times: user=0.00 sys=0.00, real=0.00 secs] 
70.948: Total time for which application threads were stopped: 0.0005190 seconds, Stopping threads took: 0.0000520 seconds
70.988: Application time: 0.0402430 seconds
70.988: [GC [PSYoungGen: 7616K->528K(8192K)] 19959K->12871K(26112K), 0.0004190 secs] [Times: user=0.00 sys=0.00, real=0.00 secs] 
70.988: Total time for which application threads were stopped: 0.0005120 seconds, Stopping threads took: 0.0000420 seconds
71.029: Application time: 0.0403540 seconds
71.029: [GC [PSYoungGen: 7696K->480K(8192K)] 20039K->12823K(26112K), 0.0004220 secs] [Times: user=0.00 sys=0.00, real=0.01 secs] 
71.029: Total time for which application threads were stopped: 0.0005190 seconds, Stopping threads took: 0.0000440 seconds
71.070: Application time: 0.0403250 seconds
71.070: [GC [PSYoungGen: 7648K->496K(8192K)] 19991K->12839K(26112K), 0.0004460 secs] [Times: user=0.00 sys=0.00, real=0.00 secs] 
71.070: Total time for which application threads were stopped: 0.0005450 seconds, Stopping threads took: 0.0000460 seconds
71.110: Application time: 0.0402970 seconds
71.110: [GC [PSYoungGen: 7664K->496K(8192K)] 20007K->12839K(26112K), 0.0004490 secs] [Times: user=0.01 sys=0.00, real=0.00 secs] 
71.111: Total time for which application threads were stopped: 0.0005520 seconds, Stopping threads took: 0.0000500 seconds
71.151: Application time: 0.0400760 seconds
71.151: [GC [PSYoungGen: 7664K->496K(8192K)] 20007K->12839K(26112K), 0.0004350 secs] [Times: user=0.00 sys=0.00, real=0.00 secs] 
71.152: Total time for which application threads were stopped: 0.0005240 seconds, Stopping threads took: 0.0000370 seconds
71.192: Application time: 0.0402230 seconds
71.192: [GC [PSYoungGen: 7664K->496K(8192K)] 20007K->12839K(26112K), 0.0004200 secs] [Times: user=0.00 sys=0.00, real=0.00 secs] 
71.192: Total time for which application threads were stopped: 0.0005180 seconds, Stopping threads took: 0.0000420 seconds
71.233: Application time: 0.0402980 seconds
71.233: [GC [PSYoungGen: 7664K->480K(8192K)] 20007K->12823K(26112K), 0.0004290 secs] [Times: user=0.00 sys=0.00, real=0.00 secs] 
71.233: Total time for which application threads were stopped: 0.0005290 seconds, Stopping threads took: 0.0000450 seconds
71.274: Application time: 0.0403970 seconds
71.274: [GC [PSYoungGen: 7648K->512K(8192K)] 19991K->12855K(26112K), 0.0004350 secs] [Times: user=0.00 sys=0.00, real=0.00 secs] 
71.274: Total time for which application threads were stopped: 0.0005350 seconds, Stopping threads took: 0.0000460 seconds
71.314: Application time: 0.0402070 seconds
71.317: [GC [PSYoungGen: 7680K->528K(8192K)] 20023K->12871K(26112K), 0.0004330 secs] [Times: user=0.00 sys=0.00, real=0.00 secs] 
71.317: Total time for which application threads were stopped: 0.0032190 seconds, Stopping threads took: 0.0027330 seconds
71.358: Application time: 0.0401940 seconds
71.358: [GC [PSYoungGen: 7696K->336K(8192K)] 20039K->12827K(26112K), 0.0004220 secs] [Times: user=0.01 sys=0.00, real=0.00 secs] 
71.358: Total time for which application threads were stopped: 0.0005120 seconds, Stopping threads took: 0.0000370 seconds
71.399: Application time: 0.0408390 seconds
71.399: [GC [PSYoungGen: 7504K->304K(8192K)] 19995K->12867K(26112K), 0.0004010 secs] [Times: user=0.01 sys=0.00, real=0.00 secs] 
71.400: Total time for which application threads were stopped: 0.0005200 seconds, Stopping threads took: 0.0000670 seconds
71.440: Application time: 0.0404480 seconds
71.440: [GC [PSYoungGen: 7472K->272K(8192K)] 20035K->12883K(26112K), 0.0003910 secs] [Times: user=0.00 sys=0.00, real=0.00 secs] 
71.441: Total time for which application threads were stopped: 0.0005170 seconds, Stopping threads took: 0.0000750 seconds
71.481: Application time: 0.0403310 seconds
71.481: [GC [PSYoungGen: 7440K->256K(8192K)] 20051K->12923K(26112K), 0.0003820 secs] [Times: user=0.00 sys=0.00, real=0.01 secs] 
71.481: Total time for which application threads were stopped: 0.0004940 seconds, Stopping threads took: 0.0000480 seconds
71.521: Application time: 0.0400790 seconds
71.522: [GC [PSYoungGen: 7424K->288K(8192K)] 20091K->12955K(26112K), 0.0004010 secs] [Times: user=0.00 sys=0.00, real=0.00 secs] 
71.522: Total time for which application threads were stopped: 0.0005080 seconds, Stopping threads took: 0.0000530 seconds
71.560: Application time: 0.0384960 seconds
71.561: [GC [PSYoungGen: 7456K->416K(8192K)] 20123K->13083K(26112K), 0.0004310 secs] [Times: user=0.01 sys=0.00, real=0.00 secs] 
71.561: Total time for which application threads were stopped: 0.0005410 seconds, Stopping threads took: 0.0000490 seconds
71.601: Application time: 0.0399410 seconds
71.601: [GC [PSYoungGen: 7584K->448K(8192K)] 20251K->13115K(26112K), 0.0004150 secs] [Times: user=0.00 sys=0.00, real=0.00 secs] 
71.601: Total time for which application threads were stopped: 0.0005190 seconds, Stopping threads took: 0.0000500 seconds
71.641: Application time: 0.0395340 seconds
71.641: [GC [PSYoungGen: 7616K->496K(8192K)] 20283K->13163K(26112K), 0.0005180 secs] [Times: user=0.00 sys=0.00, real=0.00 secs] 
71.642: Total time for which application threads were stopped: 0.0006290 seconds, Stopping threads took: 0.0000500 seconds
71.682: Application time: 0.0402070 seconds
71.682: [GC [PSYoungGen: 7664K->528K(8192K)] 20331K->13195K(26112K), 0.0004430 secs] [Times: user=0.00 sys=0.00, real=0.00 secs] 
71.682: Total time for which application threads were stopped: 0.0005480 seconds, Stopping threads took: 0.0000510 seconds
71.723: Application time: 0.0403630 seconds
71.723: [GC [PSYoungGen: 7696K->512K(8192K)] 20363K->13179K(26112K), 0.0004080 secs] [Times: user=0.00 sys=0.00, real=0.00 secs] 
71.723: Total time for which application threads were stopped: 0.0005060 seconds, Stopping threads took: 0.0000470 seconds
71.764: Application time: 0.0404810 seconds
71.764: [GC [PSYoungGen: 7680K->512K(8192K)] 20347K->13179K(26112K), 0.0004140 secs] [Times: user=0.00 sys=0.00, real=0.00 secs] 
71.764: Total time for which application threads were stopped: 0.0005170 seconds, Stopping threads took: 0.0000490 seconds
71.805: Application time: 0.0402730 seconds
71.805: [GC [PSYoungGen: 7680K->480K(8192K)] 20347K->13147K(26112K), 0.0004470 secs] [Times: user=0.01 sys=0.00, real=0.00 secs] 
71.805: Total time for which application threads were stopped: 0.0005440 seconds, Stopping threads took: 0.0000420 seconds
71.845: Application time: 0.0404180 seconds
71.846: [GC [PSYoungGen: 7648K->496K(8192K)] 20315K->13163K(26112K), 0.0004070 secs] [Times: user=0.00 sys=0.00, real=0.00 secs] 
71.846: Total time for which application threads were stopped: 0.0005020 seconds, Stopping threads took: 0.0000400 seconds
71.886: Application time: 0.0403600 seconds
71.886: [GC [PSYoungGen: 7664K->480K(8192K)] 20331K->13147K(26112K), 0.0004210 secs] [Times: user=0.00 sys=0.00, real=0.00 secs] 
71.887: Total time for which application threads were stopped: 0.0005340 seconds, Stopping threads took: 0.0000560 seconds
71.927: Application time: 0.0403180 seconds
71.927: [GC [PSYoungGen: 7648K->496K(8192K)] 20315K->13163K(26112K), 0.0004330 secs] [Times: user=0.00 sys=0.00, real=0.00 secs] 
71.928: Total time for which application threads were stopped: 0.0005280 seconds, Stopping threads took: 0.0000430 seconds
71.968: Application time: 0.0402030 seconds
71.968: [GC [PSYoungGen: 7664K->544K(8192K)] 20331K->13211K(26112K), 0.0004170 secs] [Times: user=0.00 sys=0.00, real=0.00 secs] 
71.968: Total time for which application threads were stopped: 0.0005110 seconds, Stopping threads took: 0.0000410 seconds
72.009: Application time: 0.0402160 seconds
72.009: [GC [PSYoungGen: 7712K->496K(8192K)] 20379K->13163K(26112K), 0.0004590 secs] [Times: user=0.00 sys=0.00, real=0.01 secs] 
72.009: Total time for which application threads were stopped: 0.0005830 seconds, Stopping threads took: 0.0000510 seconds
72.049: Application time: 0.0401700 seconds
72.050: [GC [PSYoungGen: 7664K->528K(8192K)] 20331K->13195K(26112K), 0.0004240 secs] [Times: user=0.00 sys=0.00, real=0.00 secs] 
72.050: Total time for which application threads were stopped: 0.0005220 seconds, Stopping threads took: 0.0000450 seconds
72.090: Application time: 0.0403010 seconds
72.090: [GC [PSYoungGen: 7696K->512K(8192K)] 20363K->13179K(26112K), 0.0004370 secs] [Times: user=0.00 sys=0.00, real=0.00 secs] 
72.091: Total time for which application threads were stopped: 0.0005290 seconds, Stopping threads took: 0.0000420 seconds
72.132: Application time: 0.0407450 seconds
72.132: [GC [PSYoungGen: 7680K->448K(8192K)] 20347K->13163K(26112K), 0.0004280 secs] [Times: user=0.00 sys=0.00, real=0.00 secs] 
72.132: Total time for which application threads were stopped: 0.0005220 seconds, Stopping threads took: 0.0000400 seconds
72.172: Application time: 0.0402590 seconds
72.172: [GC [PSYoungGen: 7616K->320K(8192K)] 20331K->13199K(26112K), 0.0004510 secs] [Times: user=0.01 sys=0.00, real=0.00 secs] 
72.173: Total time for which application threads were stopped: 0.0005380 seconds, Stopping threads took: 0.0000370 seconds
72.214: Application time: 0.0407670 seconds
72.214: [GC [PSYoungGen: 7488K->320K(8192K)] 20367K->13255K(26112K), 0.0004050 secs] [Times: user=0.00 sys=0.00, real=0.00 secs] 
72.214: Total time for which application threads were stopped: 0.0005000 seconds, Stopping threads took: 0.0000440 seconds
72.254: Application time: 0.0402510 seconds
72.254: [GC [PSYoungGen: 7488K->256K(8192K)] 20423K->13279K(26112K), 0.0003720 secs] [Times: user=0.00 sys=0.00, real=0.00 secs] 
72.255: Total time for which application threads were stopped: 0.0004560 seconds, Stopping threads took: 0.0000340 seconds
72.295: Application time: 0.0402200 seconds
72.295: [GC [PSYoungGen: 7424K->240K(8192K)] 20447K->13263K(26112K), 0.0003950 secs] [Times: user=0.00 sys=0.00, real=0.00 secs] 
72.296: Total time for which application threads were stopped: 0.0004970 seconds, Stopping threads took: 0.0000490 seconds
72.335: Application time: 0.0396750 seconds
72.335: [GC [PSYoungGen: 7408K->320K(8192K)] 20431K->13343K(26112K), 0.0003800 secs] [Times: user=0.01 sys=0.00, real=0.00 secs] 
72.336: Total time for which application threads were stopped: 0.0004700 seconds, Stopping threads took: 0.0000390 seconds
72.375: Application time: 0.0388550 seconds
72.375: [GC [PSYoungGen: 7488K->416K(8192K)] 20511K->13439K(26112K), 0.0003860 secs] [Times: user=0.00 sys=0.00, real=0.00 secs] 
72.375: Total time for which application threads were stopped: 0.0004830 seconds, Stopping threads took: 0.0000450 seconds
72.414: Application time: 0.0392950 seconds
72.414: [GC [PSYoungGen: 7584K->448K(8192K)] 20607K->13471K(26112K), 0.0004910 secs] [Times: user=0.00 sys=0.00, real=0.00 secs] 
72.415: Total time for which application threads were stopped: 0.0005840 seconds, Stopping threads took: 0.0000430 seconds
72.455: Application time: 0.0396980 seconds
72.455: [GC [PSYoungGen: 7616K->544K(8192K)] 20639K->13567K(26112K), 0.0004220 secs] [Times: user=0.00 sys=0.00, real=0.00 secs] 
72.455: Total time for which application threads were stopped: 0.0005220 seconds, Stopping threads took: 0.0000470 seconds
72.496: Application time: 0.0404780 seconds
72.496: [GC [PSYoungGen: 7712K->528K(8192K)] 20735K->13551K(26112K), 0.0004170 secs] [Times: user=0.01 sys=0.00, real=0.00 secs] 
72.496: Total time for which application threads were stopped: 0.0005110 seconds, Stopping threads took: 0.0000400 seconds
72.536: Application time: 0.0402330 seconds
72.536: [GC [PSYoungGen: 7696K->512K(8192K)] 20719K->13535K(26112K), 0.0004520 secs] [Times: user=0.00 sys=0.00, real=0.00 secs] 
72.537: Total time for which application threads were stopped: 0.0005510 seconds, Stopping threads took: 0.0000400 seconds
72.577: Application time: 0.0404750 seconds
72.577: [GC [PSYoungGen: 7680K->496K(8192K)] 20703K->13519K(26112K), 0.0004540 secs] [Times: user=0.00 sys=0.00, real=0.00 secs] 
72.578: Total time for which application threads were stopped: 0.0005610 seconds, Stopping threads took: 0.0000450 seconds
72.620: Application time: 0.0416490 seconds
72.620: [GC [PSYoungGen: 7664K->480K(8192K)] 20687K->13503K(26112K), 0.0004090 secs] [Times: user=0.00 sys=0.00, real=0.00 secs] 
72.620: Total time for which application threads were stopped: 0.0004980 seconds, Stopping threads took: 0.0000410 seconds
72.660: Application time: 0.0403690 seconds
72.661: [GC [PSYoungGen: 7648K->512K(8192K)] 20671K->13535K(26112K), 0.0005070 secs] [Times: user=0.01 sys=0.00, real=0.01 secs] 
72.661: Total time for which application threads were stopped: 0.0006210 seconds, Stopping threads took: 0.0000520 seconds
72.702: Application time: 0.0406980 seconds
72.702: [GC [PSYoungGen: 7680K->512K(8192K)] 20703K->13535K(26112K), 0.0004440 secs] [Times: user=0.00 sys=0.00, real=0.00 secs] 
72.702: Total time for which application threads were stopped: 0.0005340 seconds, Stopping threads took: 0.0000380 seconds
72.742: Application time: 0.0400770 seconds
72.742: [GC [PSYoungGen: 7680K->512K(8192K)] 20703K->13535K(26112K), 0.0004300 secs] [Times: user=0.01 sys=0.00, real=0.00 secs] 
72.743: Total time for which application threads were stopped: 0.0005320 seconds, Stopping threads took: 0.0000490 seconds
72.783: Application time: 0.0399420 seconds
72.783: [GC [PSYoungGen: 7680K->528K(8192K)] 20703K->13551K(26112K), 0.0004220 secs] [Times: user=0.00 sys=0.00, real=0.00 secs] 
72.783: Total time for which application threads were stopped: 0.0005310 seconds, Stopping threads took: 0.0000540 seconds
72.824: Application time: 0.0401980 seconds
72.824: [GC [PSYoungGen: 7696K->512K(8192K)] 20719K->13535K(26112K), 0.0004360 secs] [Times: user=0.00 sys=0.00, real=0.00 secs] 
72.824: Total time for which application threads were stopped: 0.0005330 seconds, Stopping threads took: 0.0000420 seconds
72.865: Application time: 0.0405210 seconds
72.865: [GC [PSYoungGen: 7680K->544K(8192K)] 20703K->13567K(26112K), 0.0004260 secs] [Times: user=0.00 sys=0.00, real=0.00 secs] 
72.865: Total time for which application threads were stopped: 0.0005280 seconds, Stopping threads took: 0.0000470 seconds
72.905: Application time: 0.0402010 seconds
72.906: [GC [PSYoungGen: 7712K->512K(8192K)] 20735K->13535K(26112K), 0.0004350 secs] [Times: user=0.00 sys=0.00, real=0.00 secs] 
72.906: Total time for which application threads were stopped: 0.0005420 seconds, Stopping threads took: 0.0000540 seconds
72.946: Application time: 0.0402450 seconds
72.946: [GC [PSYoungGen: 7680K->400K(8192K)] 20703K->13511K(26112K), 0.0004590 secs] [Times: user=0.01 sys=0.00, real=0.00 secs] 
72.947: Total time for which application threads were stopped: 0.0005580 seconds, Stopping threads took: 0.0000460 seconds
72.987: Application time: 0.0406410 seconds
72.987: [GC [PSYoungGen: 7568K->352K(8192K)] 20679K->13592K(26112K), 0.0004130 secs] [Times: user=0.00 sys=0.00, real=0.00 secs] 
72.988: Total time for which application threads were stopped: 0.0005140 seconds, Stopping threads took: 0.0000490 seconds
73.028: Application time: 0.0402950 seconds
73.028: [GC [PSYoungGen: 7520K->272K(8192K)] 20760K->13616K(26112K), 0.0003770 secs] [Times: user=0.00 sys=0.00, real=0.00 secs] 
73.029: Total time for which application threads were stopped: 0.0004690 seconds, Stopping threads took: 0.0000400 seconds
73.069: Application time: 0.0407080 seconds
73.069: [GC [PSYoungGen: 7440K->256K(8192K)] 20784K->13656K(26112K), 0.0004140 secs] [Times: user=0.00 sys=0.00, real=0.00 secs] 
73.070: Total time for which application threads were stopped: 0.0005130 seconds, Stopping threads took: 0.0000390 seconds
73.110: Application time: 0.0401890 seconds
73.110: [GC [PSYoungGen: 7424K->256K(8192K)] 20824K->13656K(26112K), 0.0003740 secs] [Times: user=0.00 sys=0.00, real=0.00 secs] 
73.111: Total time for which application threads were stopped: 0.0004700 seconds, Stopping threads took: 0.0000420 seconds
73.150: Application time: 0.0392920 seconds
73.150: [GC [PSYoungGen: 7424K->336K(8192K)] 20824K->13736K(26112K), 0.0004090 secs] [Times: user=0.00 sys=0.00, real=0.00 secs] 
73.150: Total time for which application threads were stopped: 0.0005060 seconds, Stopping threads took: 0.0000430 seconds
73.190: Application time: 0.0393870 seconds
73.190: [GC [PSYoungGen: 7504K->368K(8192K)] 20904K->13768K(26112K), 0.0004300 secs] [Times: user=0.00 sys=0.00, real=0.00 secs] 
73.190: Total time for which application threads were stopped: 0.0005380 seconds, Stopping threads took: 0.0000560 seconds
73.230: Application time: 0.0393090 seconds
73.230: [GC [PSYoungGen: 7536K->448K(8192K)] 20936K->13848K(26112K), 0.0004600 secs] [Times: user=0.00 sys=0.00, real=0.00 secs] 
73.230: Total time for which application threads were stopped: 0.0005610 seconds, Stopping threads took: 0.0000490 seconds
73.270: Application time: 0.0396260 seconds
73.270: [GC [PSYoungGen: 7616K->496K(8192K)] 21016K->13896K(26112K), 0.0004630 secs] [Times: user=0.00 sys=0.00, real=0.00 secs] 
73.270: Total time for which application threads were stopped: 0.0005630 seconds, Stopping threads took: 0.0000470 seconds
73.311: Application time: 0.0402490 seconds
73.311: [GC [PSYoungGen: 7664K->496K(8192K)] 21064K->13896K(26112K), 0.0004960 secs] [Times: user=0.00 sys=0.00, real=0.00 secs] 
73.311: Total time for which application threads were stopped: 0.0005920 seconds, Stopping threads took: 0.0000450 seconds
73.352: Application time: 0.0407940 seconds
73.352: [GC [PSYoungGen: 7664K->528K(8192K)] 21064K->13928K(26112K), 0.0004570 secs] [Times: user=0.00 sys=0.00, real=0.00 secs] 
73.353: Total time for which application threads were stopped: 0.0005580 seconds, Stopping threads took: 0.0000470 seconds
73.393: Application time: 0.0402980 seconds
73.393: [GC [PSYoungGen: 7696K->512K(8192K)] 21096K->13912K(26112K), 0.0004250 secs] [Times: user=0.00 sys=0.00, real=0.00 secs] 
73.393: Total time for which application threads were stopped: 0.0005290 seconds, Stopping threads took: 0.0000490 seconds
73.434: Application time: 0.0407120 seconds
73.437: [GC [PSYoungGen: 7680K->496K(8192K)] 21080K->13896K(26112K), 0.0004630 secs] [Times: user=0.01 sys=0.00, real=0.00 secs] 
73.438: Total time for which application threads were stopped: 0.0034260 seconds, Stopping threads took: 0.0029090 seconds
73.478: Application time: 0.0402000 seconds
73.478: [GC [PSYoungGen: 7664K->464K(8192K)] 21064K->13864K(26112K), 0.0004220 secs] [Times: user=0.00 sys=0.00, real=0.00 secs] 
73.478: Total time for which application threads were stopped: 0.0005160 seconds, Stopping threads took: 0.0000420 seconds
73.518: Application time: 0.0401960 seconds
73.519: [GC [PSYoungGen: 7632K->496K(8192K)] 21032K->13896K(26112K), 0.0004420 secs] [Times: user=0.00 sys=0.00, real=0.00 secs] 
73.519: Total time for which application threads were stopped: 0.0005450 seconds, Stopping threads took: 0.0000480 seconds
73.559: Application time: 0.0401390 seconds
73.559: [GC [PSYoungGen: 7664K->512K(8192K)] 21064K->13912K(26112K), 0.0004270 secs] [Times: user=0.00 sys=0.00, real=0.00 secs] 
73.560: Total time for which application threads were stopped: 0.0005180 seconds, Stopping threads took: 0.0000370 seconds
73.600: Application time: 0.0401920 seconds
73.600: [GC [PSYoungGen: 7680K->480K(8192K)] 21080K->13880K(26112K), 0.0004700 secs] [Times: user=0.00 sys=0.00, real=0.00 secs] 
73.600: Total time for which application threads were stopped: 0.0005730 seconds, Stopping threads took: 0.0000420 seconds
73.641: Application time: 0.0408070 seconds
73.641: [GC [PSYoungGen: 7648K->496K(8192K)] 21048K->13896K(26112K), 0.0005010 secs] [Times: user=0.00 sys=0.00, real=0.00 secs] 
73.642: Total time for which application threads were stopped: 0.0006180 seconds, Stopping threads took: 0.0000550 seconds
73.682: Application time: 0.0402550 seconds
73.682: [GC [PSYoungGen: 7664K->512K(8192K)] 21064K->13912K(26112K), 0.0005020 secs] [Times: user=0.01 sys=0.00, real=0.00 secs] 
73.683: Total time for which application threads were stopped: 0.0005910 seconds, Stopping threads took: 0.0000400 seconds
73.723: Application time: 0.0402250 seconds
73.725: [GC [PSYoungGen: 7680K->496K(8192K)] 21080K->13896K(26112K), 0.0005300 secs] [Times: user=0.00 sys=0.00, real=0.00 secs] 
73.726: Total time for which application threads were stopped: 0.0026760 seconds, Stopping threads took: 0.0020940 seconds
73.766: Application time: 0.0403420 seconds
73.766: [GC [PSYoungGen: 7664K->400K(8192K)] 21064K->13920K(26112K), 0.0004670 secs] [Times: user=0.00 sys=0.00, real=0.00 secs] 
73.767: Total time for which application threads were stopped: 0.0005870 seconds, Stopping threads took: 0.0000680 seconds
73.807: Application time: 0.0403510 seconds
73.807: [GC [PSYoungGen: 7568K->304K(8192K)] 21088K->13904K(26112K), 0.0004500 secs] [Times: user=0.01 sys=0.00, real=0.00 secs] 
73.807: Total time for which application threads were stopped: 0.0005420 seconds, Stopping threads took: 0.0000380 seconds
73.848: Application time: 0.0402000 seconds
73.848: [GC [PSYoungGen: 7472K->272K(8192K)] 21072K->13944K(26112K), 0.0003920 secs] [Times: user=0.00 sys=0.00, real=0.00 secs] 
73.848: Total time for which application threads were stopped: 0.0004860 seconds, Stopping threads took: 0.0000410 seconds
73.889: Application time: 0.0406300 seconds
73.889: [GC [PSYoungGen: 7440K->256K(8192K)] 21112K->13984K(26112K), 0.0003900 secs] [Times: user=0.00 sys=0.00, real=0.01 secs] 
73.889: Total time for which application threads were stopped: 0.0004930 seconds, Stopping threads took: 0.0000480 seconds
73.929: Application time: 0.0395630 seconds
73.929: [GC [PSYoungGen: 7424K->272K(8192K)] 21152K->14000K(26112K), 0.0003700 secs] [Times: user=0.00 sys=0.01, real=0.01 secs] 
73.929: Total time for which application threads were stopped: 0.0004720 seconds, Stopping threads took: 0.0000520 seconds
73.968: Application time: 0.0383800 seconds
73.968: [GC [PSYoungGen: 7440K->384K(8192K)] 21168K->14112K(26112K), 0.0004000 secs] [Times: user=0.00 sys=0.00, real=0.00 secs] 
73.968: Total time for which application threads were stopped: 0.0004950 seconds, Stopping threads took: 0.0000440 seconds
74.008: Application time: 0.0395600 seconds
74.008: [GC [PSYoungGen: 7552K->416K(8192K)] 21280K->14144K(26112K), 0.0003930 secs] [Times: user=0.00 sys=0.00, real=0.00 secs] 
74.008: Total time for which application threads were stopped: 0.0004930 seconds, Stopping threads took: 0.0000470 seconds
74.048: Application time: 0.0399560 seconds
74.048: [GC [PSYoungGen: 7584K->480K(8192K)] 21312K->14208K(26112K), 0.0004090 secs] [Times: user=0.00 sys=0.00, real=0.00 secs] 
74.049: Total time for which application threads were stopped: 0.0005150 seconds, Stopping threads took: 0.0000530 seconds
74.088: Application time: 0.0395730 seconds
74.088: [GC [PSYoungGen: 7648K->512K(8192K)] 21376K->14240K(26112K), 0.0004530 secs] [Times: user=0.00 sys=0.00, real=0.00 secs] 
74.089: Total time for which application threads were stopped: 0.0005530 seconds, Stopping threads took: 0.0000450 seconds
74.130: Application time: 0.0407170 seconds
74.130: [GC [PSYoungGen: 7680K->528K(8192K)] 21408K->14256K(26112K), 0.0004280 secs] [Times: user=0.00 sys=0.00, real=0.00 secs] 
74.130: Total time for which application threads were stopped: 0.0005380 seconds, Stopping threads took: 0.0000470 seconds
74.170: Application time: 0.0403090 seconds
74.170: [GC [PSYoungGen: 7696K->480K(8192K)] 21424K->14208K(26112K), 0.0004190 secs] [Times: user=0.00 sys=0.00, real=0.00 secs] 
74.171: Total time for which application threads were stopped: 0.0005080 seconds, Stopping threads took: 0.0000370 seconds
74.211: Application time: 0.0402290 seconds
74.211: [GC [PSYoungGen: 7648K->496K(8192K)] 21376K->14224K(26112K), 0.0004520 secs] [Times: user=0.00 sys=0.00, real=0.00 secs] 
74.212: Total time for which application threads were stopped: 0.0005560 seconds, Stopping threads took: 0.0000520 seconds
74.252: Application time: 0.0405040 seconds
74.252: [GC [PSYoungGen: 7664K->544K(8192K)] 21392K->14272K(26112K), 0.0004620 secs] [Times: user=0.00 sys=0.00, real=0.00 secs] 
74.253: Total time for which application threads were stopped: 0.0005630 seconds, Stopping threads took: 0.0000490 seconds
74.293: Application time: 0.0402660 seconds
74.293: [GC [PSYoungGen: 7712K->496K(8192K)] 21440K->14224K(26112K), 0.0004350 secs] [Times: user=0.00 sys=0.00, real=0.00 secs] 
74.294: Total time for which application threads were stopped: 0.0005250 seconds, Stopping threads took: 0.0000350 seconds
74.334: Application time: 0.0402290 seconds
74.337: [GC [PSYoungGen: 7664K->512K(8192K)] 21392K->14240K(26112K), 0.0004320 secs] [Times: user=0.00 sys=0.00, real=0.00 secs] 
74.338: Total time for which application threads were stopped: 0.0037270 seconds, Stopping threads took: 0.0032420 seconds
74.378: Application time: 0.0400880 seconds
74.378: [GC [PSYoungGen: 7680K->480K(8192K)] 21408K->14208K(26112K), 0.0004580 secs] [Times: user=0.00 sys=0.00, real=0.00 secs] 
74.378: Total time for which application threads were stopped: 0.0005460 seconds, Stopping threads took: 0.0000360 seconds
74.418: Application time: 0.0401640 seconds
74.418: [GC [PSYoungGen: 7648K->512K(8192K)] 21376K->14240K(26112K), 0.0004130 secs] [Times: user=0.01 sys=0.00, real=0.00 secs] 
74.419: Total time for which application threads were stopped: 0.0005170 seconds, Stopping threads took: 0.0000500 seconds
74.459: Application time: 0.0402620 seconds
74.459: [GC [PSYoungGen: 7680K->480K(8192K)] 21408K->14208K(26112K), 0.0004110 secs] [Times: user=0.00 sys=0.00, real=0.00 secs] 
74.460: Total time for which application threads were stopped: 0.0005140 seconds, Stopping threads took: 0.0000500 seconds
74.500: Application time: 0.0408340 seconds
74.501: [GC [PSYoungGen: 7648K->512K(8192K)] 21376K->14240K(26112K), 0.0004570 secs] [Times: user=0.00 sys=0.00, real=0.00 secs] 
74.501: Total time for which application threads were stopped: 0.0005550 seconds, Stopping threads took: 0.0000450 seconds
74.541: Application time: 0.0402960 seconds
74.541: [GC [PSYoungGen: 7680K->464K(8192K)] 21408K->14248K(26112K), 0.0004270 secs] [Times: user=0.00 sys=0.00, real=0.00 secs] 
74.542: Total time for which application threads were stopped: 0.0005140 seconds, Stopping threads took: 0.0000340 seconds
74.582: Application time: 0.0405610 seconds
74.582: [GC [PSYoungGen: 7632K->352K(8192K)] 21416K->14288K(26112K), 0.0004230 secs] [Times: user=0.00 sys=0.00, real=0.00 secs] 
74.583: Total time for which application threads were stopped: 0.0005300 seconds, Stopping threads took: 0.0000530 seconds
74.623: Application time: 0.0401820 seconds
74.623: [GC [PSYoungGen: 7520K->304K(8192K)] 21456K->14288K(26112K), 0.0004220 secs] [Times: user=0.00 sys=0.00, real=0.00 secs] 
74.624: Total time for which application threads were stopped: 0.0005220 seconds, Stopping threads took: 0.0000470 seconds
74.664: Application time: 0.0404880 seconds
74.664: [GC [PSYoungGen: 7472K->272K(8192K)] 21456K->14312K(26112K), 0.0004150 secs] [Times: user=0.00 sys=0.00, real=0.00 secs] 
74.665: Total time for which application threads were stopped: 0.0005470 seconds, Stopping threads took: 0.0000590 seconds
74.705: Application time: 0.0407370 seconds
74.705: [GC [PSYoungGen: 7440K->256K(8192K)] 21480K->14344K(26112K), 0.0003850 secs] [Times: user=0.00 sys=0.00, real=0.00 secs] 
74.706: Total time for which application threads were stopped: 0.0004910 seconds, Stopping threads took: 0.0000490 seconds
74.746: Application time: 0.0396340 seconds
74.746: [GC [PSYoungGen: 7424K->272K(8192K)] 21512K->14360K(26112K), 0.0003840 secs] [Times: user=0.00 sys=0.00, real=0.00 secs] 
74.746: Total time for which application threads were stopped: 0.0004930 seconds, Stopping threads took: 0.0000500 seconds
74.784: Application time: 0.0382500 seconds
74.784: [GC [PSYoungGen: 7440K->416K(8192K)] 21528K->14504K(26112K), 0.0003950 secs] [Times: user=0.00 sys=0.00, real=0.00 secs] 
74.785: Total time for which application threads were stopped: 0.0004940 seconds, Stopping threads took: 0.0000440 seconds
74.825: Application time: 0.0400970 seconds
74.825: [GC [PSYoungGen: 7584K->448K(8192K)] 21672K->14536K(26112K), 0.0004580 secs] [Times: user=0.00 sys=0.00, real=0.00 secs] 
74.825: Total time for which application threads were stopped: 0.0005630 seconds, Stopping threads took: 0.0000430 seconds
74.865: Application time: 0.0397990 seconds
74.865: [GC [PSYoungGen: 7616K->512K(8192K)] 21704K->14600K(26112K), 0.0004430 secs] [Times: user=0.00 sys=0.00, real=0.00 secs] 
74.866: Total time for which application threads were stopped: 0.0005440 seconds, Stopping threads took: 0.0000460 seconds
74.906: Application time: 0.0398160 seconds
74.906: [GC [PSYoungGen: 7680K->512K(8192K)] 21768K->14600K(26112K), 0.0004260 secs] [Times: user=0.00 sys=0.00, real=0.00 secs] 
74.906: Total time for which application threads were stopped: 0.0005290 seconds, Stopping threads took: 0.0000530 seconds
74.946: Application time: 0.0403040 seconds
74.946: [GC [PSYoungGen: 7680K->496K(8192K)] 21768K->14584K(26112K), 0.0004670 secs] [Times: user=0.00 sys=0.00, real=0.00 secs] 
74.947: Total time for which application threads were stopped: 0.0005560 seconds, Stopping threads took: 0.0000370 seconds
74.987: Application time: 0.0402750 seconds
74.987: [GC [PSYoungGen: 7664K->496K(8192K)] 21752K->14584K(26112K), 0.0004780 secs] [Times: user=0.00 sys=0.00, real=0.00 secs] 
74.989: Total time for which application threads were stopped: 0.0016260 seconds, Stopping threads took: 0.0000530 seconds
75.029: Application time: 0.0405800 seconds
75.030: [GC [PSYoungGen: 7664K->512K(8192K)] 21752K->14600K(26112K), 0.0004250 secs] [Times: user=0.00 sys=0.00, real=0.00 secs] 
75.030: Total time for which application threads were stopped: 0.0005190 seconds, Stopping threads took: 0.0000430 seconds
75.070: Application time: 0.0403470 seconds
75.070: [GC [PSYoungGen: 7680K->464K(8192K)] 21768K->14552K(26112K), 0.0004370 secs] [Times: user=0.00 sys=0.00, real=0.00 secs] 
75.071: Total time for which application threads were stopped: 0.0005390 seconds, Stopping threads took: 0.0000490 seconds
75.111: Application time: 0.0403050 seconds
75.111: [GC [PSYoungGen: 7632K->464K(8192K)] 21720K->14552K(26112K), 0.0004680 secs] [Times: user=0.00 sys=0.00, real=0.00 secs] 
75.112: Total time for which application threads were stopped: 0.0005700 seconds, Stopping threads took: 0.0000480 seconds
75.152: Application time: 0.0402070 seconds
75.152: [GC [PSYoungGen: 7632K->496K(8192K)] 21720K->14584K(26112K), 0.0004290 secs] [Times: user=0.00 sys=0.00, real=0.00 secs] 
75.152: Total time for which application threads were stopped: 0.0005210 seconds, Stopping threads took: 0.0000390 seconds
75.193: Application time: 0.0400440 seconds
75.193: [GC [PSYoungGen: 7664K->512K(8192K)] 21752K->14600K(26112K), 0.0004960 secs] [Times: user=0.00 sys=0.00, real=0.00 secs] 
75.193: Total time for which application threads were stopped: 0.0006050 seconds, Stopping threads took: 0.0000440 seconds
75.233: Application time: 0.0403400 seconds
75.234: [GC [PSYoungGen: 7680K->512K(8192K)] 21768K->14600K(26112K), 0.0004390 secs] [Times: user=0.00 sys=0.00, real=0.00 secs] 
75.234: Total time for which application threads were stopped: 0.0005410 seconds, Stopping threads took: 0.0000490 seconds
75.274: Application time: 0.0404140 seconds
75.274: [GC [PSYoungGen: 7680K->496K(8192K)] 21768K->14584K(26112K), 0.0005180 secs] [Times: user=0.01 sys=0.00, real=0.00 secs] 
75.275: Total time for which application threads were stopped: 0.0006090 seconds, Stopping threads took: 0.0000390 seconds
75.315: Application time: 0.0401690 seconds
75.315: [GC [PSYoungGen: 7664K->496K(8192K)] 21752K->14584K(26112K), 0.0004650 secs] [Times: user=0.00 sys=0.00, real=0.00 secs] 
75.316: Total time for which application threads were stopped: 0.0005610 seconds, Stopping threads took: 0.0000390 seconds
75.356: Application time: 0.0402170 seconds
75.356: [GC [PSYoungGen: 7664K->480K(8192K)] 21752K->14616K(26112K), 0.0004600 secs] [Times: user=0.00 sys=0.00, real=0.00 secs] 
75.357: Total time for which application threads were stopped: 0.0005710 seconds, Stopping threads took: 0.0000590 seconds
75.397: Application time: 0.0402130 seconds
75.397: [GC [PSYoungGen: 7648K->336K(8192K)] 21784K->14624K(26112K), 0.0004330 secs] [Times: user=0.00 sys=0.00, real=0.00 secs] 
75.397: Total time for which application threads were stopped: 0.0005490 seconds, Stopping threads took: 0.0000550 seconds
75.438: Application time: 0.0404550 seconds
75.438: [GC [PSYoungGen: 7504K->288K(8192K)] 21792K->14640K(26112K), 0.0004370 secs] [Times: user=0.00 sys=0.00, real=0.00 secs] 
75.438: Total time for which application threads were stopped: 0.0005290 seconds, Stopping threads took: 0.0000380 seconds
75.479: Application time: 0.0409400 seconds
75.479: [GC [PSYoungGen: 7456K->272K(8192K)] 21808K->14680K(26112K), 0.0003890 secs] [Times: user=0.00 sys=0.00, real=0.00 secs] 
75.480: Total time for which application threads were stopped: 0.0004920 seconds, Stopping threads took: 0.0000480 seconds
75.520: Application time: 0.0403080 seconds
75.520: [GC [PSYoungGen: 7440K->256K(8192K)] 21848K->14712K(26112K), 0.0003920 secs] [Times: user=0.00 sys=0.00, real=0.00 secs] 
75.521: Total time for which application threads were stopped: 0.0005150 seconds, Stopping threads took: 0.0000660 seconds
75.559: Application time: 0.0387650 seconds
75.561: [GC [PSYoungGen: 7424K->304K(8192K)] 21880K->14760K(26112K), 0.0004190 secs] [Times: user=0.00 sys=0.00, real=0.00 secs] 
75.562: Total time for which application threads were stopped: 0.0021760 seconds, Stopping threads took: 0.0017020 seconds
75.601: Application time: 0.0390300 seconds
75.601: [GC [PSYoungGen: 7472K->400K(8192K)] 21928K->14856K(26112K), 0.0004520 secs] [Times: user=0.00 sys=0.00, real=0.01 secs] 
75.601: Total time for which application threads were stopped: 0.0005680 seconds, Stopping threads took: 0.0000600 seconds
75.641: Application time: 0.0399760 seconds
75.641: [GC [PSYoungGen: 7568K->416K(8192K)] 22024K->14872K(26112K), 0.0005170 secs] [Times: user=0.01 sys=0.00, real=0.00 secs] 
75.642: Total time for which application threads were stopped: 0.0006160 seconds, Stopping threads took: 0.0000370 seconds
75.682: Application time: 0.0400230 seconds
75.685: [GC [PSYoungGen: 7584K->464K(8192K)] 22040K->14920K(26112K), 0.0004590 secs] [Times: user=0.00 sys=0.00, real=0.00 secs] 
75.686: Total time for which application threads were stopped: 0.0038080 seconds, Stopping threads took: 0.0032920 seconds
75.726: Application time: 0.0402330 seconds
75.726: [GC [PSYoungGen: 7632K->528K(8192K)] 22088K->14984K(26112K), 0.0004480 secs] [Times: user=0.00 sys=0.00, real=0.00 secs] 
75.726: Total time for which application threads were stopped: 0.0005550 seconds, Stopping threads took: 0.0000410 seconds
75.767: Application time: 0.0406880 seconds
75.767: [GC [PSYoungGen: 7696K->528K(8192K)] 22152K->14984K(26112K), 0.0004240 secs] [Times: user=0.00 sys=0.00, real=0.00 secs] 
75.768: Total time for which application threads were stopped: 0.0005310 seconds, Stopping threads took: 0.0000500 seconds
75.808: Application time: 0.0404030 seconds
75.808: [GC [PSYoungGen: 7696K->480K(8192K)] 22152K->14936K(26112K), 0.0004220 secs] [Times: user=0.00 sys=0.00, real=0.00 secs] 
75.808: Total time for which application threads were stopped: 0.0005280 seconds, Stopping threads took: 0.0000490 seconds
75.849: Application time: 0.0403520 seconds
75.849: [GC [PSYoungGen: 7648K->512K(8192K)] 22104K->14968K(26112K), 0.0004370 secs] [Times: user=0.00 sys=0.00, real=0.01 secs] 
75.849: Total time for which application threads were stopped: 0.0005370 seconds, Stopping threads took: 0.0000450 seconds
75.891: Application time: 0.0418430 seconds
75.891: [GC [PSYoungGen: 7680K->496K(8192K)] 22136K->14952K(26112K), 0.0004500 secs] [Times: user=0.00 sys=0.00, real=0.00 secs] 
75.892: Total time for which application threads were stopped: 0.0005560 seconds, Stopping threads took: 0.0000490 seconds
75.932: Application time: 0.0403360 seconds
75.932: [GC [PSYoungGen: 7664K->512K(8192K)] 22120K->14968K(26112K), 0.0004150 secs] [Times: user=0.00 sys=0.00, real=0.00 secs] 
75.933: Total time for which application threads were stopped: 0.0005100 seconds, Stopping threads took: 0.0000420 seconds
75.973: Application time: 0.0401370 seconds
75.973: [GC [PSYoungGen: 7680K->496K(8192K)] 22136K->14952K(26112K), 0.0004330 secs] [Times: user=0.00 sys=0.00, real=0.00 secs] 
75.973: Total time for which application threads were stopped: 0.0005430 seconds, Stopping threads took: 0.0000550 seconds
76.013: Application time: 0.0401850 seconds
76.014: [GC [PSYoungGen: 7664K->528K(8192K)] 22120K->14984K(26112K), 0.0004600 secs] [Times: user=0.00 sys=0.00, real=0.00 secs] 
76.014: Total time for which application threads were stopped: 0.0005570 seconds, Stopping threads took: 0.0000440 seconds
76.054: Application time: 0.0402610 seconds
76.054: [GC [PSYoungGen: 7696K->528K(8192K)] 22152K->14984K(26112K), 0.0004380 secs] [Times: user=0.00 sys=0.00, real=0.00 secs] 
76.055: Total time for which application threads were stopped: 0.0005350 seconds, Stopping threads took: 0.0000420 seconds
76.095: Application time: 0.0402200 seconds
76.095: [GC [PSYoungGen: 7696K->496K(8192K)] 22152K->14952K(26112K), 0.0004280 secs] [Times: user=0.01 sys=0.00, real=0.00 secs] 
76.096: Total time for which application threads were stopped: 0.0005340 seconds, Stopping threads took: 0.0000490 seconds
76.136: Application time: 0.0403930 seconds
76.136: [GC [PSYoungGen: 7664K->512K(8192K)] 22120K->14968K(26112K), 0.0004240 secs] [Times: user=0.00 sys=0.00, real=0.00 secs] 
76.137: Total time for which application threads were stopped: 0.0005150 seconds, Stopping threads took: 0.0000410 seconds
76.177: Application time: 0.0402200 seconds
76.177: [GC [PSYoungGen: 7680K->352K(8192K)] 22136K->14928K(26112K), 0.0004520 secs] [Times: user=0.00 sys=0.00, real=0.00 secs] 
76.177: Total time for which application threads were stopped: 0.0005490 seconds, Stopping threads took: 0.0000430 seconds
76.218: Application time: 0.0406170 seconds
76.218: [GC [PSYoungGen: 7520K->352K(8192K)] 22096K->15009K(26112K), 0.0003910 secs] [Times: user=0.00 sys=0.00, real=0.00 secs] 
76.218: Total time for which application threads were stopped: 0.0004880 seconds, Stopping threads took: 0.0000430 seconds
76.259: Application time: 0.0404210 seconds
76.259: [GC [PSYoungGen: 7520K->272K(8192K)] 22177K->15025K(26112K), 0.0003900 secs] [Times: user=0.00 sys=0.00, real=0.00 secs] 
76.259: Total time for which application threads were stopped: 0.0005040 seconds, Stopping threads took: 0.0000500 seconds
76.300: Application time: 0.0402230 seconds
76.300: [GC [PSYoungGen: 7440K->256K(8192K)] 22193K->15065K(26112K), 0.0004100 secs] [Times: user=0.00 sys=0.00, real=0.00 secs] 
76.300: Total time for which application threads were stopped: 0.0005020 seconds, Stopping threads took: 0.0000390 seconds
76.340: Application time: 0.0402960 seconds
76.340: [GC [PSYoungGen: 7408K->256K(8192K)] 22217K->15065K(26112K), 0.0003720 secs] [Times: user=0.00 sys=0.00, real=0.00 secs] 
76.341: Total time for which application threads were stopped: 0.0004650 seconds, Stopping threads took: 0.0000420 seconds
76.380: Application time: 0.0388730 seconds
76.380: [GC [PSYoungGen: 7424K->320K(8192K)] 22233K->15129K(26112K), 0.0003640 secs] [Times: user=0.00 sys=0.00, real=0.00 secs] 
76.380: Total time for which application threads were stopped: 0.0004610 seconds, Stopping threads took: 0.0000460 seconds
76.419: Application time: 0.0393020 seconds
76.420: [GC [PSYoungGen: 7488K->416K(8192K)] 22297K->15225K(26112K), 0.0003890 secs] [Times: user=0.00 sys=0.00, real=0.00 secs] 
76.420: Total time for which application threads were stopped: 0.0004880 seconds, Stopping threads took: 0.0000450 seconds
76.459: Application time: 0.0391210 seconds
76.459: [GC [PSYoungGen: 7584K->480K(8192K)] 22393K->15289K(26112K), 0.0004380 secs] [Times: user=0.00 sys=0.00, real=0.00 secs] 
76.460: Total time for which application threads were stopped: 0.0005330 seconds, Stopping threads took: 0.0000420 seconds
76.500: Application time: 0.0399510 seconds
76.500: [GC [PSYoungGen: 7648K->496K(8192K)] 22457K->15305K(26112K), 0.0004340 secs] [Times: user=0.01 sys=0.00, real=0.00 secs] 
76.500: Total time for which application threads were stopped: 0.0005300 seconds, Stopping threads took: 0.0000410 seconds
76.540: Application time: 0.0403940 seconds
76.541: [GC [PSYoungGen: 7663K->496K(8192K)] 22473K->15305K(26112K), 0.0004880 secs] [Times: user=0.00 sys=0.00, real=0.01 secs] 
76.541: Total time for which application threads were stopped: 0.0005890 seconds, Stopping threads took: 0.0000480 seconds
76.581: Application time: 0.0403550 seconds
76.581: [GC [PSYoungGen: 7664K->464K(8192K)] 22473K->15273K(26112K), 0.0004170 secs] [Times: user=0.00 sys=0.00, real=0.00 secs] 
76.582: Total time for which application threads were stopped: 0.0005200 seconds, Stopping threads took: 0.0000470 seconds
76.622: Application time: 0.0402090 seconds
76.622: [GC [PSYoungGen: 7632K->512K(8192K)] 22441K->15321K(26112K), 0.0004850 secs] [Times: user=0.00 sys=0.00, real=0.00 secs] 
76.623: Total time for which application threads were stopped: 0.0005800 seconds, Stopping threads took: 0.0000420 seconds
76.663: Application time: 0.0407030 seconds
76.664: [GC [PSYoungGen: 7680K->480K(8192K)] 22489K->15289K(26112K), 0.0004690 secs] [Times: user=0.00 sys=0.00, real=0.00 secs] 
76.664: Total time for which application threads were stopped: 0.0005820 seconds, Stopping threads took: 0.0000520 seconds
76.704: Application time: 0.0402400 seconds
76.704: [GC [PSYoungGen: 7648K->528K(8192K)] 22457K->15337K(26112K), 0.0004310 secs] [Times: user=0.00 sys=0.00, real=0.00 secs] 
76.705: Total time for which application threads were stopped: 0.0005390 seconds, Stopping threads took: 0.0000530 seconds
76.745: Application time: 0.0401910 seconds
76.745: [GC [PSYoungGen: 7696K->528K(8192K)] 22505K->15337K(26112K), 0.0004370 secs] [Times: user=0.00 sys=0.00, real=0.00 secs] 
76.746: Total time for which application threads were stopped: 0.0005410 seconds, Stopping threads took: 0.0000470 seconds
76.786: Application time: 0.0401160 seconds
76.786: [GC [PSYoungGen: 7696K->496K(8192K)] 22505K->15305K(26112K), 0.0004240 secs] [Times: user=0.01 sys=0.00, real=0.00 secs] 
76.786: Total time for which application threads were stopped: 0.0005350 seconds, Stopping threads took: 0.0000490 seconds
76.826: Application time: 0.0401900 seconds
76.826: [GC [PSYoungGen: 7664K->480K(8192K)] 22473K->15289K(26112K), 0.0004320 secs] [Times: user=0.00 sys=0.00, real=0.00 secs] 
76.827: Total time for which application threads were stopped: 0.0005410 seconds, Stopping threads took: 0.0000510 seconds
76.867: Application time: 0.0402120 seconds
76.867: [GC [PSYoungGen: 7648K->528K(8192K)] 22457K->15337K(26112K), 0.0004450 secs] [Times: user=0.00 sys=0.00, real=0.00 secs] 
76.868: Total time for which application threads were stopped: 0.0005460 seconds, Stopping threads took: 0.0000450 seconds
76.908: Application time: 0.0402390 seconds
76.908: [GC [PSYoungGen: 7696K->512K(8192K)] 22505K->15321K(26112K), 0.0004490 secs] [Times: user=0.00 sys=0.00, real=0.00 secs] 
76.908: Total time for which application threads were stopped: 0.0005520 seconds, Stopping threads took: 0.0000500 seconds
76.949: Application time: 0.0402730 seconds
76.949: [GC [PSYoungGen: 7680K->480K(8192K)] 22489K->15297K(26112K), 0.0004330 secs] [Times: user=0.00 sys=0.00, real=0.01 secs] 
76.949: Total time for which application threads were stopped: 0.0005250 seconds, Stopping threads took: 0.0000410 seconds
76.989: Application time: 0.0402030 seconds
76.990: [GC [PSYoungGen: 7648K->352K(8192K)] 22465K->15289K(26112K), 0.0004340 secs] [Times: user=0.00 sys=0.00, real=0.00 secs] 
76.990: Total time for which application threads were stopped: 0.0005310 seconds, Stopping threads took: 0.0000460 seconds
77.030: Application time: 0.0402510 seconds
77.030: [GC [PSYoungGen: 7520K->336K(8192K)] 22457K->15353K(26112K), 0.0004840 secs] [Times: user=0.00 sys=0.00, real=0.00 secs] 
77.031: Total time for which application threads were stopped: 0.0005810 seconds, Stopping threads took: 0.0000440 seconds
77.071: Application time: 0.0402890 seconds
77.071: [GC [PSYoungGen: 7504K->272K(8192K)] 22521K->15369K(26112K), 0.0003870 secs] [Times: user=0.00 sys=0.00, real=0.00 secs] 
77.072: Total time for which application threads were stopped: 0.0004860 seconds, Stopping threads took: 0.0000450 seconds
77.112: Application time: 0.0407150 seconds
77.112: [GC [PSYoungGen: 7440K->256K(8192K)] 22537K->15433K(26112K), 0.0003960 secs] [Times: user=0.00 sys=0.00, real=0.00 secs] 
77.113: Total time for which application threads were stopped: 0.0005000 seconds, Stopping threads took: 0.0000490 seconds
77.153: Application time: 0.0399650 seconds
77.153: [GC [PSYoungGen: 7424K->240K(8192K)] 22601K->15417K(26112K), 0.0003940 secs] [Times: user=0.00 sys=0.00, real=0.00 secs] 
77.153: Total time for which application threads were stopped: 0.0004920 seconds, Stopping threads took: 0.0000440 seconds
77.192: Application time: 0.0386960 seconds
77.192: [GC [PSYoungGen: 7408K->336K(8192K)] 22585K->15513K(26112K), 0.0004110 secs] [Times: user=0.00 sys=0.00, real=0.00 secs] 
77.193: Total time for which application threads were stopped: 0.0005140 seconds, Stopping threads took: 0.0000490 seconds
77.232: Application time: 0.0394870 seconds
77.232: [GC [PSYoungGen: 7504K->464K(8192K)] 22681K->15641K(26112K), 0.0004160 secs] [Times: user=0.01 sys=0.00, real=0.00 secs] 
77.233: Total time for which application threads were stopped: 0.0005230 seconds, Stopping threads took: 0.0000510 seconds
77.272: Application time: 0.0399590 seconds
77.273: [GC [PSYoungGen: 7632K->464K(8192K)] 22809K->15641K(26112K), 0.0004230 secs] [Times: user=0.01 sys=0.00, real=0.00 secs] 
77.273: Total time for which application threads were stopped: 0.0005260 seconds, Stopping threads took: 0.0000490 seconds
77.313: Application time: 0.0400060 seconds
77.313: [GC [PSYoungGen: 7632K->544K(8192K)] 22809K->15721K(26112K), 0.0004570 secs] [Times: user=0.00 sys=0.00, real=0.00 secs] 
77.314: Total time for which application threads were stopped: 0.0005690 seconds, Stopping threads took: 0.0000500 seconds
77.354: Application time: 0.0404940 seconds
77.354: [GC [PSYoungGen: 7712K->512K(8192K)] 22889K->15689K(26112K), 0.0004370 secs] [Times: user=0.00 sys=0.00, real=0.00 secs] 
77.355: Total time for which application threads were stopped: 0.0005320 seconds, Stopping threads took: 0.0000430 seconds
77.395: Application time: 0.0403070 seconds
77.395: [GC [PSYoungGen: 7680K->512K(8192K)] 22857K->15689K(26112K), 0.0004280 secs] [Times: user=0.00 sys=0.00, real=0.00 secs] 
77.395: Total time for which application threads were stopped: 0.0005280 seconds, Stopping threads took: 0.0000460 seconds
77.436: Application time: 0.0403250 seconds
77.436: [GC [PSYoungGen: 7680K->496K(8192K)] 22857K->15673K(26112K), 0.0004160 secs] [Times: user=0.00 sys=0.00, real=0.00 secs] 
77.436: Total time for which application threads were stopped: 0.0005180 seconds, Stopping threads took: 0.0000480 seconds
77.477: Application time: 0.0403020 seconds
77.477: [GC [PSYoungGen: 7664K->528K(8192K)] 22841K->15705K(26112K), 0.0004200 secs] [Times: user=0.00 sys=0.00, real=0.00 secs] 
77.477: Total time for which application threads were stopped: 0.0005160 seconds, Stopping threads took: 0.0000410 seconds
77.518: Application time: 0.0405860 seconds
77.518: [GC [PSYoungGen: 7696K->512K(8192K)] 22873K->15689K(26112K), 0.0004090 secs] [Times: user=0.00 sys=0.00, real=0.00 secs] 
77.518: Total time for which application threads were stopped: 0.0005160 seconds, Stopping threads took: 0.0000530 seconds
77.558: Application time: 0.0402480 seconds
77.559: [GC [PSYoungGen: 7680K->496K(8192K)] 22857K->15673K(26112K), 0.0004670 secs] [Times: user=0.00 sys=0.00, real=0.00 secs] 
77.559: Total time for which application threads were stopped: 0.0005590 seconds, Stopping threads took: 0.0000400 seconds
77.599: Application time: 0.0398750 seconds
77.599: [GC [PSYoungGen: 7664K->512K(8192K)] 22841K->15689K(26112K), 0.0004550 secs] [Times: user=0.00 sys=0.00, real=0.00 secs] 
77.599: Total time for which application threads were stopped: 0.0005500 seconds, Stopping threads took: 0.0000390 seconds
77.640: Application time: 0.0404530 seconds
77.640: [GC [PSYoungGen: 7680K->528K(8192K)] 22857K->15705K(26112K), 0.0005310 secs] [Times: user=0.01 sys=0.00, real=0.00 secs] 
77.641: Total time for which application threads were stopped: 0.0006430 seconds, Stopping threads took: 0.0000440 seconds
77.681: Application time: 0.0407790 seconds
77.681: [GC [PSYoungGen: 7696K->512K(8192K)] 22873K->15689K(26112K), 0.0004490 secs] [Times: user=0.00 sys=0.00, real=0.00 secs] 
77.682: Total time for which application threads were stopped: 0.0005500 seconds, Stopping threads took: 0.0000500 seconds
77.722: Application time: 0.0400840 seconds
77.722: [GC [PSYoungGen: 7680K->496K(8192K)] 22857K->15673K(26112K), 0.0004100 secs] [Times: user=0.00 sys=0.00, real=0.00 secs] 
77.722: Total time for which application threads were stopped: 0.0005140 seconds, Stopping threads took: 0.0000500 seconds
77.763: Application time: 0.0408000 seconds
77.763: [GC [PSYoungGen: 7664K->448K(8192K)] 22841K->15681K(26112K), 0.0004370 secs] [Times: user=0.00 sys=0.00, real=0.00 secs] 
77.764: Total time for which application threads were stopped: 0.0005440 seconds, Stopping threads took: 0.0000530 seconds
77.804: Application time: 0.0403390 seconds
77.804: [GC [PSYoungGen: 7616K->320K(8192K)] 22849K->15673K(26112K), 0.0004230 secs] [Times: user=0.00 sys=0.00, real=0.00 secs] 
77.805: Total time for which application threads were stopped: 0.0005200 seconds, Stopping threads took: 0.0000440 seconds
77.845: Application time: 0.0402930 seconds
77.845: [GC [PSYoungGen: 7488K->320K(8192K)] 22841K->15753K(26112K), 0.0004060 secs] [Times: user=0.00 sys=0.00, real=0.00 secs] 
77.846: Total time for which application threads were stopped: 0.0005230 seconds, Stopping threads took: 0.0000530 seconds
77.886: Application time: 0.0402670 seconds
77.886: [GC [PSYoungGen: 7488K->288K(8192K)] 22921K->15785K(26112K), 0.0003970 secs] [Times: user=0.00 sys=0.00, real=0.00 secs] 
77.886: Total time for which application threads were stopped: 0.0004890 seconds, Stopping threads took: 0.0000380 seconds
77.927: Application time: 0.0405480 seconds
77.927: [GC [PSYoungGen: 7456K->256K(8192K)] 22953K->15817K(26112K), 0.0003940 secs] [Times: user=0.01 sys=0.00, real=0.00 secs] 
77.927: Total time for which application threads were stopped: 0.0004850 seconds, Stopping threads took: 0.0000370 seconds
77.967: Application time: 0.0397640 seconds
77.967: [GC [PSYoungGen: 7424K->272K(8192K)] 22985K->15833K(26112K), 0.0003860 secs] [Times: user=0.00 sys=0.00, real=0.00 secs] 
77.968: Total time for which application threads were stopped: 0.0004870 seconds, Stopping threads took: 0.0000450 seconds
78.006: Application time: 0.0383230 seconds
78.006: [GC [PSYoungGen: 7440K->384K(8192K)] 23001K->15945K(26112K), 0.0004660 secs] [Times: user=0.00 sys=0.00, real=0.00 secs] 
78.006: Total time for which application threads were stopped: 0.0005600 seconds, Stopping threads took: 0.0000400 seconds
78.046: Application time: 0.0397280 seconds
78.046: [GC [PSYoungGen: 7552K->416K(8192K)] 23113K->15977K(26112K), 0.0004720 secs] [Times: user=0.00 sys=0.00, real=0.00 secs] 
78.047: Total time for which application threads were stopped: 0.0005720 seconds, Stopping threads took: 0.0000440 seconds
78.087: Application time: 0.0403350 seconds
78.087: [GC [PSYoungGen: 7584K->464K(8192K)] 23145K->16025K(26112K), 0.0004630 secs] [Times: user=0.01 sys=0.00, real=0.00 secs] 
78.088: Total time for which application threads were stopped: 0.0005570 seconds, Stopping threads took: 0.0000410 seconds
78.127: Application time: 0.0397470 seconds
78.127: [GC [PSYoungGen: 7632K->512K(8192K)] 23193K->16073K(26112K), 0.0004830 secs] [Times: user=0.01 sys=0.00, real=0.00 secs] 
78.128: Total time for which application threads were stopped: 0.0005800 seconds, Stopping threads took: 0.0000420 seconds
78.169: Application time: 0.0407100 seconds
78.169: [GC [PSYoungGen: 7680K->480K(8192K)] 23241K->16041K(26112K), 0.0004090 secs] [Times: user=0.00 sys=0.00, real=0.01 secs] 
78.169: Total time for which application threads were stopped: 0.0005000 seconds, Stopping threads took: 0.0000400 seconds
78.210: Application time: 0.0403170 seconds
78.210: [GC [PSYoungGen: 7648K->528K(8192K)] 23209K->16089K(26112K), 0.0004380 secs] [Times: user=0.00 sys=0.00, real=0.00 secs] 
78.210: Total time for which application threads were stopped: 0.0005420 seconds, Stopping threads took: 0.0000520 seconds
78.251: Application time: 0.0406470 seconds
78.251: [GC [PSYoungGen: 7696K->464K(8192K)] 23257K->16025K(26112K), 0.0004370 secs] [Times: user=0.00 sys=0.00, real=0.00 secs] 
78.251: Total time for which application threads were stopped: 0.0005330 seconds, Stopping threads took: 0.0000410 seconds
78.292: Application time: 0.0406200 seconds
78.292: [GC [PSYoungGen: 7632K->560K(8192K)] 23193K->16121K(26112K), 0.0004250 secs] [Times: user=0.00 sys=0.00, real=0.00 secs] 
78.292: Total time for which application threads were stopped: 0.0005190 seconds, Stopping threads took: 0.0000400 seconds
78.333: Application time: 0.0404240 seconds
78.333: [GC [PSYoungGen: 7728K->464K(8192K)] 23289K->16025K(26112K), 0.0004430 secs] [Times: user=0.00 sys=0.00, real=0.00 secs] 
78.333: Total time for which application threads were stopped: 0.0005470 seconds, Stopping threads took: 0.0000460 seconds
78.373: Application time: 0.0400770 seconds
78.374: [GC [PSYoungGen: 7632K->464K(8192K)] 23193K->16025K(26112K), 0.0004240 secs] [Times: user=0.00 sys=0.00, real=0.00 secs] 
78.374: Total time for which application threads were stopped: 0.0005310 seconds, Stopping threads took: 0.0000430 seconds
78.414: Application time: 0.0400770 seconds
78.414: [GC [PSYoungGen: 7632K->528K(8192K)] 23193K->16089K(26112K), 0.0004690 secs] [Times: user=0.00 sys=0.00, real=0.00 secs] 
78.415: Total time for which application threads were stopped: 0.0005680 seconds, Stopping threads took: 0.0000420 seconds
78.455: Application time: 0.0404600 seconds
78.455: [GC [PSYoungGen: 7696K->496K(8192K)] 23257K->16057K(26112K), 0.0005160 secs] [Times: user=0.00 sys=0.00, real=0.00 secs] 
78.456: Total time for which application threads were stopped: 0.0006080 seconds, Stopping threads took: 0.0000380 seconds
78.496: Application time: 0.0402660 seconds
78.496: [GC [PSYoungGen: 7664K->496K(8192K)] 23225K->16057K(26112K), 0.0004520 secs] [Times: user=0.00 sys=0.00, real=0.00 secs] 
78.496: Total time for which application threads were stopped: 0.0005490 seconds, Stopping threads took: 0.0000450 seconds
78.537: Application time: 0.0402060 seconds
78.537: [GC [PSYoungGen: 7664K->496K(8192K)] 23225K->16057K(26112K), 0.0004200 secs] [Times: user=0.00 sys=0.00, real=0.00 secs] 
78.537: Total time for which application threads were stopped: 0.0005200 seconds, Stopping threads took: 0.0000490 seconds
78.578: Application time: 0.0408410 seconds
78.578: [GC [PSYoungGen: 7664K->464K(8192K)] 23225K->16073K(26112K), 0.0004710 secs] [Times: user=0.01 sys=0.00, real=0.00 secs] 
78.579: Total time for which application threads were stopped: 0.0005700 seconds, Stopping threads took: 0.0000470 seconds
78.619: Application time: 0.0403930 seconds
78.619: [GC [PSYoungGen: 7632K->368K(8192K)] 23241K->16137K(26112K), 0.0004150 secs] [Times: user=0.00 sys=0.00, real=0.00 secs] 
78.620: Total time for which application threads were stopped: 0.0005110 seconds, Stopping threads took: 0.0000430 seconds
78.660: Application time: 0.0405980 seconds
78.660: [GC [PSYoungGen: 7536K->320K(8192K)] 23305K->16153K(26112K), 0.0004280 secs] [Times: user=0.00 sys=0.00, real=0.00 secs] 
78.661: Total time for which application threads were stopped: 0.0005510 seconds, Stopping threads took: 0.0000630 seconds
78.701: Application time: 0.0406370 seconds
78.705: [GC [PSYoungGen: 7488K->272K(8192K)] 23321K->16161K(26112K), 0.0004010 secs] [Times: user=0.00 sys=0.00, real=0.00 secs] 
78.705: Total time for which application threads were stopped: 0.0041600 seconds, Stopping threads took: 0.0037020 seconds
78.746: Application time: 0.0400440 seconds
78.746: [GC [PSYoungGen: 7440K->272K(8192K)] 23329K->16217K(26112K), 0.0003880 secs] [Times: user=0.01 sys=0.00, real=0.00 secs] 
78.746: Total time for which application threads were stopped: 0.0005090 seconds, Stopping threads took: 0.0000660 seconds
78.786: Application time: 0.0401020 seconds
78.786: [GC [PSYoungGen: 7440K->272K(8192K)] 23385K->16217K(26112K), 0.0004370 secs] [Times: user=0.00 sys=0.00, real=0.00 secs] 
78.787: Total time for which application threads were stopped: 0.0005320 seconds, Stopping threads took: 0.0000430 seconds
78.825: Application time: 0.0387040 seconds
78.825: [GC [PSYoungGen: 7440K->400K(8192K)] 23385K->16345K(26112K), 0.0004400 secs] [Times: user=0.00 sys=0.00, real=0.00 secs] 
78.826: Total time for which application threads were stopped: 0.0005470 seconds, Stopping threads took: 0.0000490 seconds
78.866: Application time: 0.0399570 seconds
78.866: [GC [PSYoungGen: 7568K->432K(8192K)] 23513K->16377K(26112K), 0.0004150 secs] [Times: user=0.00 sys=0.00, real=0.00 secs] 
78.866: Total time for which application threads were stopped: 0.0005200 seconds, Stopping threads took: 0.0000530 seconds
78.905: Application time: 0.0390710 seconds
78.906: [GC [PSYoungGen: 7600K->464K(8192K)] 23545K->16409K(26112K), 0.0004260 secs] [Times: user=0.00 sys=0.00, real=0.00 secs] 
78.906: Total time for which application threads were stopped: 0.0005420 seconds, Stopping threads took: 0.0000520 seconds
78.946: Application time: 0.0404210 seconds
78.947: [GC [PSYoungGen: 7632K->512K(8192K)] 23577K->16457K(26112K), 0.0004380 secs] [Times: user=0.00 sys=0.00, real=0.00 secs] 
78.947: Total time for which application threads were stopped: 0.0005380 seconds, Stopping threads took: 0.0000480 seconds
78.988: Application time: 0.0405460 seconds
78.988: [GC [PSYoungGen: 7680K->512K(8192K)] 23625K->16457K(26112K), 0.0004130 secs] [Times: user=0.00 sys=0.00, real=0.00 secs] 
78.988: Total time for which application threads were stopped: 0.0005140 seconds, Stopping threads took: 0.0000470 seconds
79.028: Application time: 0.0403910 seconds
79.029: [GC [PSYoungGen: 7680K->512K(8192K)] 23625K->16457K(26112K), 0.0004250 secs] [Times: user=0.00 sys=0.00, real=0.00 secs] 
79.029: Total time for which application threads were stopped: 0.0005230 seconds, Stopping threads took: 0.0000420 seconds
79.070: Application time: 0.0406310 seconds
79.073: [GC [PSYoungGen: 7680K->512K(8192K)] 23625K->16457K(26112K), 0.0004750 secs] [Times: user=0.00 sys=0.00, real=0.00 secs] 
79.074: Total time for which application threads were stopped: 0.0039590 seconds, Stopping threads took: 0.0034270 seconds
79.114: Application time: 0.0403090 seconds
79.114: [GC [PSYoungGen: 7680K->496K(8192K)] 23625K->16441K(26112K), 0.0004270 secs] [Times: user=0.00 sys=0.00, real=0.00 secs] 
79.114: Total time for which application threads were stopped: 0.0005210 seconds, Stopping threads took: 0.0000400 seconds
79.155: Application time: 0.0401400 seconds
79.155: [GC [PSYoungGen: 7664K->512K(8192K)] 23609K->16457K(26112K), 0.0004190 secs] [Times: user=0.01 sys=0.00, real=0.00 secs] 
79.155: Total time for which application threads were stopped: 0.0005260 seconds, Stopping threads took: 0.0000510 seconds
79.195: Application time: 0.0402430 seconds
79.195: [GC [PSYoungGen: 7680K->480K(8192K)] 23625K->16425K(26112K), 0.0004260 secs] [Times: user=0.00 sys=0.00, real=0.00 secs] 
79.196: Total time for which application threads were stopped: 0.0005150 seconds, Stopping threads took: 0.0000370 seconds
79.236: Application time: 0.0401760 seconds
79.236: [GC [PSYoungGen: 7648K->512K(8192K)] 23593K->16457K(26112K), 0.0004520 secs] [Times: user=0.01 sys=0.00, real=0.00 secs] 
79.237: Total time for which application threads were stopped: 0.0005470 seconds, Stopping threads took: 0.0000470 seconds
79.277: Application time: 0.0403120 seconds
79.277: [GC [PSYoungGen: 7680K->512K(8192K)] 23625K->16457K(26112K), 0.0004310 secs] [Times: user=0.00 sys=0.00, real=0.00 secs] 
79.277: Total time for which application threads were stopped: 0.0005470 seconds, Stopping threads took: 0.0000640 seconds
79.318: Application time: 0.0402480 seconds
79.318: [GC [PSYoungGen: 7680K->496K(8192K)] 23625K->16441K(26112K), 0.0004310 secs] [Times: user=0.00 sys=0.00, real=0.00 secs] 
79.318: Total time for which application threads were stopped: 0.0005220 seconds, Stopping threads took: 0.0000390 seconds
79.358: Application time: 0.0402380 seconds
79.359: [GC [PSYoungGen: 7664K->464K(8192K)] 23609K->16457K(26112K), 0.0004980 secs] [Times: user=0.00 sys=0.00, real=0.00 secs] 
79.359: Total time for which application threads were stopped: 0.0005990 seconds, Stopping threads took: 0.0000480 seconds
79.399: Application time: 0.0403880 seconds
79.399: [GC [PSYoungGen: 7632K->464K(8192K)] 23625K->16505K(26112K), 0.0004160 secs] [Times: user=0.00 sys=0.00, real=0.00 secs] 
79.400: Total time for which application threads were stopped: 0.0005170 seconds, Stopping threads took: 0.0000490 seconds
79.441: Application time: 0.0407650 seconds
79.441: [GC [PSYoungGen: 7632K->320K(8192K)] 23673K->16482K(26112K), 0.0004270 secs] [Times: user=0.00 sys=0.00, real=0.01 secs] 
79.441: Total time for which application threads were stopped: 0.0005350 seconds, Stopping threads took: 0.0000430 seconds
79.482: Application time: 0.0403740 seconds
79.482: [GC [PSYoungGen: 7488K->320K(8192K)] 23650K->16530K(26112K), 0.0003920 secs] [Times: user=0.00 sys=0.00, real=0.00 secs] 
79.482: Total time for which application threads were stopped: 0.0004890 seconds, Stopping threads took: 0.0000410 seconds
79.522: Application time: 0.0401720 seconds
79.522: [GC [PSYoungGen: 7488K->256K(8192K)] 23698K->16546K(26112K), 0.0003800 secs] [Times: user=0.00 sys=0.00, real=0.00 secs] 
79.523: Total time for which application threads were stopped: 0.0004820 seconds, Stopping threads took: 0.0000490 seconds
79.563: Application time: 0.0398890 seconds
79.563: [GC [PSYoungGen: 7424K->272K(8192K)] 23714K->16562K(26112K), 0.0003710 secs] [Times: user=0.00 sys=0.00, real=0.00 secs] 
79.563: Total time for which application threads were stopped: 0.0004720 seconds, Stopping threads took: 0.0000480 seconds
79.602: Application time: 0.0392960 seconds
79.602: [GC [PSYoungGen: 7440K->304K(8192K)] 23730K->16594K(26112K), 0.0004050 secs] [Times: user=0.00 sys=0.00, real=0.00 secs] 
79.603: Total time for which application threads were stopped: 0.0005100 seconds, Stopping threads took: 0.0000520 seconds
79.643: Application time: 0.0397250 seconds
79.643: [GC [PSYoungGen: 7472K->400K(8192K)] 23762K->16690K(26112K), 0.0005300 secs] [Times: user=0.00 sys=0.00, real=0.00 secs] 
79.643: Total time for which application threads were stopped: 0.0006440 seconds, Stopping threads took: 0.0000520 seconds
79.683: Application time: 0.0393840 seconds
79.683: [GC [PSYoungGen: 7568K->448K(8192K)] 23858K->16738K(26112K), 0.0004130 secs] [Times: user=0.00 sys=0.00, real=0.00 secs] 
79.683: Total time for which application threads were stopped: 0.0005130 seconds, Stopping threads took: 0.0000440 seconds
79.723: Application time: 0.0398850 seconds
79.723: [GC [PSYoungGen: 7616K->496K(8192K)] 23906K->16786K(26112K), 0.0004320 secs] [Times: user=0.01 sys=0.00, real=0.00 secs] 
79.724: Total time for which application threads were stopped: 0.0005240 seconds, Stopping threads took: 0.0000390 seconds
79.764: Application time: 0.0401610 seconds
79.764: [GC [PSYoungGen: 7664K->496K(8192K)] 23954K->16786K(26112K), 0.0004620 secs] [Times: user=0.00 sys=0.00, real=0.00 secs] 
79.764: Total time for which application threads were stopped: 0.0005540 seconds, Stopping threads took: 0.0000390 seconds
79.805: Application time: 0.0404030 seconds
79.805: [GC [PSYoungGen: 7664K->528K(8192K)] 23954K->16818K(26112K), 0.0004310 secs] [Times: user=0.00 sys=0.00, real=0.00 secs] 
79.805: Total time for which application threads were stopped: 0.0005350 seconds, Stopping threads took: 0.0000500 seconds
79.846: Application time: 0.0404970 seconds
79.846: [GC [PSYoungGen: 7696K->528K(8192K)] 23986K->16818K(26112K), 0.0004640 secs] [Times: user=0.01 sys=0.00, real=0.00 secs] 
79.846: Total time for which application threads were stopped: 0.0005600 seconds, Stopping threads took: 0.0000430 seconds
79.887: Application time: 0.0401750 seconds
79.887: [GC [PSYoungGen: 7696K->496K(8192K)] 23986K->16786K(26112K), 0.0004150 secs] [Times: user=0.00 sys=0.00, real=0.00 secs] 
79.887: Total time for which application threads were stopped: 0.0005250 seconds, Stopping threads took: 0.0000480 seconds
79.927: Application time: 0.0403350 seconds
79.927: [GC [PSYoungGen: 7664K->496K(8192K)] 23954K->16786K(26112K), 0.0005010 secs] [Times: user=0.00 sys=0.00, real=0.00 secs] 
79.928: Total time for which application threads were stopped: 0.0005920 seconds, Stopping threads took: 0.0000390 seconds
79.968: Application time: 0.0402400 seconds
79.968: [GC [PSYoungGen: 7664K->512K(8192K)] 23954K->16802K(26112K), 0.0004480 secs] [Times: user=0.00 sys=0.00, real=0.00 secs] 
79.969: Total time for which application threads were stopped: 0.0005540 seconds, Stopping threads took: 0.0000430 seconds
80.009: Application time: 0.0402360 seconds
80.009: [GC [PSYoungGen: 7680K->512K(8192K)] 23970K->16802K(26112K), 0.0005030 secs] [Times: user=0.00 sys=0.00, real=0.00 secs] 
80.011: Total time for which application threads were stopped: 0.0016490 seconds, Stopping threads took: 0.0000400 seconds
80.051: Application time: 0.0401610 seconds
80.051: [GC [PSYoungGen: 7680K->480K(8192K)] 23970K->16770K(26112K), 0.0004980 secs] [Times: user=0.00 sys=0.00, real=0.00 secs] 
80.051: Total time for which application threads were stopped: 0.0006130 seconds, Stopping threads took: 0.0000620 seconds
80.092: Application time: 0.0401930 seconds
80.092: [GC [PSYoungGen: 7648K->496K(8192K)] 23938K->16786K(26112K), 0.0004260 secs] [Times: user=0.00 sys=0.00, real=0.00 secs] 
80.092: Total time for which application threads were stopped: 0.0005270 seconds, Stopping threads took: 0.0000480 seconds
80.132: Application time: 0.0403420 seconds
80.133: [GC [PSYoungGen: 7664K->512K(8192K)] 23954K->16802K(26112K), 0.0004210 secs] [Times: user=0.00 sys=0.00, real=0.00 secs] 
80.133: Total time for which application threads were stopped: 0.0005160 seconds, Stopping threads took: 0.0000400 seconds
80.174: Application time: 0.0412560 seconds
80.174: [GC [PSYoungGen: 7680K->448K(8192K)] 23970K->16786K(26112K), 0.0004440 secs] [Times: user=0.01 sys=0.00, real=0.00 secs] 
80.175: Total time for which application threads were stopped: 0.0005500 seconds, Stopping threads took: 0.0000520 seconds
80.215: Application time: 0.0403160 seconds
80.215: [GC [PSYoungGen: 7616K->384K(8192K)] 23954K->16802K(26112K), 0.0004240 secs] [Times: user=0.00 sys=0.00, real=0.00 secs] 
80.216: Total time for which application threads were stopped: 0.0005510 seconds, Stopping threads took: 0.0000750 seconds
80.256: Application time: 0.0402620 seconds
80.257: [GC [PSYoungGen: 7552K->336K(8192K)] 23970K->16834K(26112K), 0.0004160 secs] [Times: user=0.00 sys=0.00, real=0.00 secs] 
80.257: Total time for which application threads were stopped: 0.0015430 seconds, Stopping threads took: 0.0010770 seconds
80.298: Application time: 0.0402350 seconds
80.298: [GC [PSYoungGen: 7504K->272K(8192K)] 24002K->16874K(26112K), 0.0004030 secs] [Times: user=0.00 sys=0.00, real=0.00 secs] 
80.298: Total time for which application threads were stopped: 0.0005170 seconds, Stopping threads took: 0.0000630 seconds
80.339: Application time: 0.0402660 seconds
80.339: [GC [PSYoungGen: 7440K->256K(8192K)] 24042K->16906K(26112K), 0.0003830 secs] [Times: user=0.01 sys=0.00, real=0.00 secs] 
80.339: Total time for which application threads were stopped: 0.0004680 seconds, Stopping threads took: 0.0000340 seconds
80.379: Application time: 0.0400230 seconds
80.379: [GC [PSYoungGen: 7424K->272K(8192K)] 24074K->16922K(26112K), 0.0003850 secs] [Times: user=0.00 sys=0.00, real=0.00 secs] 
80.379: Total time for which application threads were stopped: 0.0004830 seconds, Stopping threads took: 0.0000430 seconds
80.418: Application time: 0.0387780 seconds
80.418: [GC [PSYoungGen: 7427K->352K(8192K)] 24077K->17002K(26112K), 0.0004280 secs] [Times: user=0.00 sys=0.00, real=0.00 secs] 
80.419: Total time for which application threads were stopped: 0.0005360 seconds, Stopping threads took: 0.0000540 seconds
80.458: Application time: 0.0390380 seconds
80.458: [GC [PSYoungGen: 7520K->432K(8192K)] 24170K->17082K(26112K), 0.0004230 secs] [Times: user=0.00 sys=0.00, real=0.00 secs] 
80.458: Total time for which application threads were stopped: 0.0005310 seconds, Stopping threads took: 0.0000460 seconds
80.498: Application time: 0.0391820 seconds
80.498: [GC [PSYoungGen: 7600K->512K(8192K)] 24250K->17162K(26112K), 0.0004250 secs] [Times: user=0.00 sys=0.00, real=0.00 secs] 
80.498: Total time for which application threads were stopped: 0.0005250 seconds, Stopping threads took: 0.0000370 seconds
80.539: Application time: 0.0405810 seconds
80.539: [GC [PSYoungGen: 7680K->480K(8192K)] 24330K->17130K(26112K), 0.0004370 secs] [Times: user=0.00 sys=0.00, real=0.00 secs] 
80.539: Total time for which application threads were stopped: 0.0005280 seconds, Stopping threads took: 0.0000380 seconds
80.580: Application time: 0.0403280 seconds
80.580: [GC [PSYoungGen: 7648K->480K(8192K)] 24298K->17130K(26112K), 0.0004350 secs] [Times: user=0.01 sys=0.00, real=0.00 secs] 
80.580: Total time for which application threads were stopped: 0.0005280 seconds, Stopping threads took: 0.0000420 seconds
80.620: Application time: 0.0403300 seconds
80.620: [GC [PSYoungGen: 7648K->496K(8192K)] 24298K->17146K(26112K), 0.0004180 secs] [Times: user=0.00 sys=0.00, real=0.00 secs] 
80.621: Total time for which application threads were stopped: 0.0005070 seconds, Stopping threads took: 0.0000370 seconds
80.661: Application time: 0.0405670 seconds
80.662: [GC [PSYoungGen: 7664K->560K(8192K)] 24314K->17210K(26112K), 0.0005300 secs] [Times: user=0.00 sys=0.00, real=0.00 secs] 
80.662: Total time for which application threads were stopped: 0.0006270 seconds, Stopping threads took: 0.0000390 seconds
80.703: Application time: 0.0408810 seconds
80.703: [GC [PSYoungGen: 7728K->512K(8192K)] 24378K->17162K(26112K), 0.0004400 secs] [Times: user=0.00 sys=0.00, real=0.00 secs] 
80.703: Total time for which application threads were stopped: 0.0005260 seconds, Stopping threads took: 0.0000360 seconds
80.744: Application time: 0.0402570 seconds
80.744: [GC [PSYoungGen: 7680K->496K(8192K)] 24330K->17146K(26112K), 0.0005300 secs] [Times: user=0.00 sys=0.00, real=0.00 secs] 
80.744: Total time for which application threads were stopped: 0.0006200 seconds, Stopping threads took: 0.0000390 seconds
80.784: Application time: 0.0400880 seconds
80.785: [GC [PSYoungGen: 7664K->464K(8192K)] 24314K->17114K(26112K), 0.0004210 secs] [Times: user=0.00 sys=0.00, real=0.00 secs] 
80.785: Total time for which application threads were stopped: 0.0005190 seconds, Stopping threads took: 0.0000410 seconds
80.825: Application time: 0.0401500 seconds
80.825: [GC [PSYoungGen: 7632K->512K(8192K)] 24282K->17162K(26112K), 0.0004700 secs] [Times: user=0.00 sys=0.00, real=0.00 secs] 
80.826: Total time for which application threads were stopped: 0.0005710 seconds, Stopping threads took: 0.0000510 seconds
80.866: Application time: 0.0400870 seconds
80.866: [GC [PSYoungGen: 7680K->480K(8192K)] 24330K->17130K(26112K), 0.0004110 secs] [Times: user=0.01 sys=0.00, real=0.00 secs] 
80.866: Total time for which application threads were stopped: 0.0005130 seconds, Stopping threads took: 0.0000490 seconds
80.906: Application time: 0.0401570 seconds
80.907: [GC [PSYoungGen: 7648K->464K(8192K)] 24298K->17114K(26112K), 0.0004530 secs] [Times: user=0.01 sys=0.00, real=0.00 secs] 
80.907: Total time for which application threads were stopped: 0.0005530 seconds, Stopping threads took: 0.0000440 seconds
80.947: Application time: 0.0402680 seconds
80.947: [GC [PSYoungGen: 7632K->512K(8192K)] 24282K->17162K(26112K), 0.0004680 secs] [Times: user=0.00 sys=0.00, real=0.00 secs] 
80.948: Total time for which application threads were stopped: 0.0005700 seconds, Stopping threads took: 0.0000490 seconds
80.988: Application time: 0.0403680 seconds
80.988: [GC [PSYoungGen: 7680K->480K(8192K)] 24330K->17186K(26112K), 0.0004190 secs] [Times: user=0.00 sys=0.00, real=0.00 secs] 
80.989: Total time for which application threads were stopped: 0.0005200 seconds, Stopping threads took: 0.0000480 seconds
81.029: Application time: 0.0403000 seconds
81.029: [GC [PSYoungGen: 7648K->400K(8192K)] 24354K->17186K(26112K), 0.0004950 secs] [Times: user=0.00 sys=0.00, real=0.00 secs] 
81.030: Total time for which application threads were stopped: 0.0006180 seconds, Stopping threads took: 0.0000560 seconds
81.070: Application time: 0.0408010 seconds
81.071: [GC [PSYoungGen: 7568K->320K(8192K)] 24354K->17210K(26112K), 0.0004070 secs] [Times: user=0.00 sys=0.00, real=0.00 secs] 
81.071: Total time for which application threads were stopped: 0.0005080 seconds, Stopping threads took: 0.0000480 seconds
81.112: Application time: 0.0406970 seconds
81.112: [GC [PSYoungGen: 7488K->256K(8192K)] 24378K->17250K(26112K), 0.0003970 secs] [Times: user=0.00 sys=0.00, real=0.00 secs] 
81.112: Total time for which application threads were stopped: 0.0004970 seconds, Stopping threads took: 0.0000450 seconds
81.153: Application time: 0.0405680 seconds
81.153: [GC [PSYoungGen: 7424K->256K(8192K)] 24418K->17250K(26112K), 0.0004860 secs] [Times: user=0.00 sys=0.00, real=0.00 secs] 
81.153: Total time for which application threads were stopped: 0.0005960 seconds, Stopping threads took: 0.0000560 seconds
81.193: Application time: 0.0398780 seconds
81.193: [GC [PSYoungGen: 7424K->272K(8192K)] 24418K->17266K(26112K), 0.0004580 secs] [Times: user=0.00 sys=0.00, real=0.00 secs] 
81.194: Total time for which application threads were stopped: 0.0005800 seconds, Stopping threads took: 0.0000700 seconds
81.232: Application time: 0.0386920 seconds
81.233: [GC [PSYoungGen: 7440K->352K(8192K)] 24434K->17346K(26112K), 0.0003970 secs] [Times: user=0.00 sys=0.00, real=0.00 secs] 
81.233: Total time for which application threads were stopped: 0.0005050 seconds, Stopping threads took: 0.0000500 seconds
81.272: Application time: 0.0392970 seconds
81.272: [GC [PSYoungGen: 7520K->416K(8192K)] 24514K->17410K(26112K), 0.0004230 secs] [Times: user=0.00 sys=0.00, real=0.00 secs] 
81.273: Total time for which application threads were stopped: 0.0005170 seconds, Stopping threads took: 0.0000430 seconds
81.312: Application time: 0.0395990 seconds
81.313: [GC [PSYoungGen: 7584K->528K(8192K)] 24578K->17522K(26112K), 0.0004690 secs] [Times: user=0.00 sys=0.00, real=0.00 secs] 
81.313: Total time for which application threads were stopped: 0.0005730 seconds, Stopping threads took: 0.0000470 seconds
81.353: Application time: 0.0401750 seconds
81.353: [GC [PSYoungGen: 7696K->512K(8192K)] 24690K->17506K(26112K), 0.0004360 secs] [Times: user=0.00 sys=0.00, real=0.00 secs] 
81.354: Total time for which application threads were stopped: 0.0005390 seconds, Stopping threads took: 0.0000480 seconds
81.394: Application time: 0.0403280 seconds
81.394: [GC [PSYoungGen: 7680K->480K(8192K)] 24674K->17474K(26112K), 0.0004630 secs] [Times: user=0.00 sys=0.00, real=0.00 secs] 
81.395: Total time for which application threads were stopped: 0.0005520 seconds, Stopping threads took: 0.0000360 seconds
81.435: Application time: 0.0402900 seconds
81.435: [GC [PSYoungGen: 7648K->496K(8192K)] 24642K->17490K(26112K), 0.0004350 secs] [Times: user=0.00 sys=0.00, real=0.00 secs] 
81.435: Total time for which application threads were stopped: 0.0005300 seconds, Stopping threads took: 0.0000460 seconds
81.476: Application time: 0.0409840 seconds
81.476: [GC [PSYoungGen: 7664K->512K(8192K)] 24658K->17506K(26112K), 0.0004620 secs] [Times: user=0.00 sys=0.00, real=0.00 secs] 
81.477: Total time for which application threads were stopped: 0.0005560 seconds, Stopping threads took: 0.0000390 seconds
81.517: Application time: 0.0402970 seconds
81.517: [GC [PSYoungGen: 7680K->496K(8192K)] 24674K->17490K(26112K), 0.0004670 secs] [Times: user=0.00 sys=0.00, real=0.00 secs] 
81.518: Total time for which application threads were stopped: 0.0005620 seconds, Stopping threads took: 0.0000430 seconds
81.558: Application time: 0.0403970 seconds
81.558: [GC [PSYoungGen: 7664K->512K(8192K)] 24658K->17506K(26112K), 0.0004640 secs] [Times: user=0.00 sys=0.00, real=0.00 secs] 
81.559: Total time for which application threads were stopped: 0.0005620 seconds, Stopping threads took: 0.0000380 seconds
81.599: Application time: 0.0402030 seconds
81.599: [GC [PSYoungGen: 7680K->544K(8192K)] 24674K->17538K(26112K), 0.0004360 secs] [Times: user=0.00 sys=0.00, real=0.00 secs] 
81.600: Total time for which application threads were stopped: 0.0005290 seconds, Stopping threads took: 0.0000380 seconds
81.640: Application time: 0.0405000 seconds
81.640: [GC [PSYoungGen: 7712K->496K(8192K)] 24706K->17490K(26112K), 0.0005280 secs] [Times: user=0.00 sys=0.00, real=0.00 secs] 
81.641: Total time for which application threads were stopped: 0.0006430 seconds, Stopping threads took: 0.0000560 seconds
81.681: Application time: 0.0401760 seconds
81.681: [GC [PSYoungGen: 7664K->528K(8192K)] 24658K->17522K(26112K), 0.0004400 secs] [Times: user=0.00 sys=0.00, real=0.01 secs] 
81.681: Total time for which application threads were stopped: 0.0005440 seconds, Stopping threads took: 0.0000480 seconds
81.722: Application time: 0.0406310 seconds
81.722: [GC [PSYoungGen: 7696K->512K(8192K)] 24690K->17506K(26112K), 0.0004660 secs] [Times: user=0.00 sys=0.00, real=0.00 secs] 
81.723: Total time for which application threads were stopped: 0.0005830 seconds, Stopping threads took: 0.0000620 seconds
81.763: Application time: 0.0403800 seconds
81.763: [GC [PSYoungGen: 7680K->512K(8192K)] 24674K->17506K(26112K), 0.0004210 secs] [Times: user=0.00 sys=0.00, real=0.00 secs] 
81.764: Total time for which application threads were stopped: 0.0005170 seconds, Stopping threads took: 0.0000470 seconds
81.804: Application time: 0.0402050 seconds
81.804: [GC [PSYoungGen: 7680K->496K(8192K)] 24674K->17530K(26112K), 0.0004540 secs] [Times: user=0.00 sys=0.00, real=0.00 secs] 
81.804: Total time for which application threads were stopped: 0.0005430 seconds, Stopping threads took: 0.0000380 seconds
81.845: Application time: 0.0406350 seconds
81.845: [GC [PSYoungGen: 7664K->368K(8192K)] 24698K->17534K(26112K), 0.0004190 secs] [Times: user=0.00 sys=0.00, real=0.00 secs] 
81.845: Total time for which application threads were stopped: 0.0005260 seconds, Stopping threads took: 0.0000530 seconds
81.886: Application time: 0.0404340 seconds
81.886: [GC [PSYoungGen: 7536K->304K(8192K)] 24702K->17558K(26112K), 0.0004000 secs] [Times: user=0.00 sys=0.00, real=0.00 secs] 
81.886: Total time for which application threads were stopped: 0.0004950 seconds, Stopping threads took: 0.0000430 seconds
81.927: Application time: 0.0402090 seconds
81.927: [GC [PSYoungGen: 7472K->256K(8192K)] 24726K->17590K(26112K), 0.0004270 secs] [Times: user=0.00 sys=0.00, real=0.00 secs] 
81.927: Total time for which application threads were stopped: 0.0005290 seconds, Stopping threads took: 0.0000520 seconds
81.967: Application time: 0.0398850 seconds
81.967: [GC [PSYoungGen: 7424K->272K(8192K)] 24758K->17606K(26112K), 0.0003860 secs] [Times: user=0.00 sys=0.00, real=0.00 secs] 
81.967: Total time for which application threads were stopped: 0.0004810 seconds, Stopping threads took: 0.0000410 seconds
82.007: Application time: 0.0397620 seconds
82.007: [GC [PSYoungGen: 7440K->288K(8192K)] 24774K->17622K(26112K), 0.0004300 secs] [Times: user=0.00 sys=0.00, real=0.00 secs] 
82.008: Total time for which application threads were stopped: 0.0005290 seconds, Stopping threads took: 0.0000440 seconds
82.047: Application time: 0.0391700 seconds
82.049: [GC [PSYoungGen: 7456K->384K(8192K)] 24790K->17718K(26112K), 0.0004120 secs] [Times: user=0.00 sys=0.00, real=0.00 secs] 
82.049: Total time for which application threads were stopped: 0.0025560 seconds, Stopping threads took: 0.0020910 seconds
82.090: Application time: 0.0401150 seconds
82.090: [GC [PSYoungGen: 7552K->400K(8192K)] 24886K->17734K(26112K), 0.0004080 secs] [Times: user=0.01 sys=0.00, real=0.00 secs] 
82.090: Total time for which application threads were stopped: 0.0005270 seconds, Stopping threads took: 0.0000600 seconds
82.129: Application time: 0.0391480 seconds
82.129: [GC [PSYoungGen: 7568K->496K(8192K)] 24902K->17830K(26112K), 0.0004670 secs] [Times: user=0.00 sys=0.00, real=0.00 secs] 
82.130: Total time for which application threads were stopped: 0.0005580 seconds, Stopping threads took: 0.0000400 seconds
82.170: Application time: 0.0403840 seconds
82.170: [GC [PSYoungGen: 7664K->464K(8192K)] 24998K->17798K(26112K), 0.0004800 secs] [Times: user=0.00 sys=0.00, real=0.00 secs] 
82.171: Total time for which application threads were stopped: 0.0005810 seconds, Stopping threads took: 0.0000460 seconds
82.211: Application time: 0.0406600 seconds
82.212: [GC [PSYoungGen: 7632K->512K(8192K)] 24966K->17846K(26112K), 0.0004200 secs] [Times: user=0.01 sys=0.00, real=0.00 secs] 
82.212: Total time for which application threads were stopped: 0.0005230 seconds, Stopping threads took: 0.0000500 seconds
82.252: Application time: 0.0403240 seconds
82.252: [GC [PSYoungGen: 7680K->512K(8192K)] 25014K->17846K(26112K), 0.0004210 secs] [Times: user=0.00 sys=0.00, real=0.00 secs] 
82.253: Total time for which application threads were stopped: 0.0005180 seconds, Stopping threads took: 0.0000460 seconds
82.293: Application time: 0.0405720 seconds
82.293: [GC [PSYoungGen: 7680K->464K(8192K)] 25014K->17798K(26112K), 0.0004210 secs] [Times: user=0.00 sys=0.00, real=0.00 secs] 
82.294: Total time for which application threads were stopped: 0.0005100 seconds, Stopping threads took: 0.0000380 seconds
82.334: Application time: 0.0402900 seconds
82.334: [GC [PSYoungGen: 7632K->512K(8192K)] 24966K->17846K(26112K), 0.0004220 secs] [Times: user=0.00 sys=0.00, real=0.00 secs] 
82.335: Total time for which application threads were stopped: 0.0005090 seconds, Stopping threads took: 0.0000380 seconds
82.375: Application time: 0.0402570 seconds
82.375: [GC [PSYoungGen: 7680K->512K(8192K)] 25014K->17846K(26112K), 0.0004240 secs] [Times: user=0.01 sys=0.00, real=0.00 secs] 
82.376: Total time for which application threads were stopped: 0.0005240 seconds, Stopping threads took: 0.0000450 seconds
82.416: Application time: 0.0403110 seconds
82.416: [GC [PSYoungGen: 7680K->496K(8192K)] 25014K->17830K(26112K), 0.0004300 secs] [Times: user=0.00 sys=0.00, real=0.00 secs] 
82.416: Total time for which application threads were stopped: 0.0005220 seconds, Stopping threads took: 0.0000380 seconds
82.456: Application time: 0.0401320 seconds
82.457: [GC [PSYoungGen: 7664K->480K(8192K)] 24998K->17814K(26112K), 0.0004920 secs] [Times: user=0.00 sys=0.00, real=0.00 secs] 
82.457: Total time for which application threads were stopped: 0.0006000 seconds, Stopping threads took: 0.0000530 seconds
82.497: Application time: 0.0402160 seconds
82.497: [GC [PSYoungGen: 7648K->512K(8192K)] 24982K->17846K(26112K), 0.0004550 secs] [Times: user=0.01 sys=0.00, real=0.00 secs] 
82.498: Total time for which application threads were stopped: 0.0005560 seconds, Stopping threads took: 0.0000450 seconds
82.538: Application time: 0.0401720 seconds
82.538: [GC [PSYoungGen: 7680K->544K(8192K)] 25014K->17878K(26112K), 0.0004620 secs] [Times: user=0.01 sys=0.00, real=0.00 secs] 
82.539: Total time for which application threads were stopped: 0.0005620 seconds, Stopping threads took: 0.0000460 seconds
82.579: Application time: 0.0401830 seconds
82.579: [GC [PSYoungGen: 7712K->496K(8192K)] 25046K->17870K(26112K), 0.0004150 secs] [Times: user=0.00 sys=0.00, real=0.00 secs] 
82.579: Total time for which application threads were stopped: 0.0005230 seconds, Stopping threads took: 0.0000530 seconds
82.620: Application time: 0.0408130 seconds
82.620: [GC [PSYoungGen: 7664K->432K(8192K)] 25038K->17854K(26112K), 0.0004180 secs] [Times: user=0.00 sys=0.00, real=0.00 secs] 
82.621: Total time for which application threads were stopped: 0.0005320 seconds, Stopping threads took: 0.0000490 seconds
82.661: Application time: 0.0403090 seconds
82.661: [GC [PSYoungGen: 7600K->304K(8192K)] 25022K->17847K(26112K), 0.0004560 secs] [Times: user=0.00 sys=0.00, real=0.00 secs] 
82.662: Total time for which application threads were stopped: 0.0005830 seconds, Stopping threads took: 0.0000680 seconds
82.702: Application time: 0.0407800 seconds
82.702: [GC [PSYoungGen: 7472K->288K(8192K)] 25015K->17879K(26112K), 0.0004410 secs] [Times: user=0.00 sys=0.00, real=0.00 secs] 
82.703: Total time for which application threads were stopped: 0.0005370 seconds, Stopping threads took: 0.0000380 seconds
82.743: Application time: 0.0402500 seconds
82.745: [GC [PSYoungGen: 7456K->256K(8192K)] 25047K->17951K(26112K), 0.0003870 secs] [Times: user=0.01 sys=0.00, real=0.00 secs] 
82.745: Total time for which application threads were stopped: 0.0023540 seconds, Stopping threads took: 0.0019160 seconds
82.785: Application time: 0.0397880 seconds
82.785: [GC [PSYoungGen: 7424K->272K(8192K)] 25119K->17967K(26112K), 0.0003720 secs] [Times: user=0.01 sys=0.00, real=0.00 secs] 
82.786: Total time for which application threads were stopped: 0.0004710 seconds, Stopping threads took: 0.0000490 seconds
82.825: Application time: 0.0397230 seconds
82.826: [GC [PSYoungGen: 7440K->272K(8192K)] 25135K->17967K(26112K), 0.0004020 secs] [Times: user=0.00 sys=0.00, real=0.00 secs] 
82.826: Total time for which application threads were stopped: 0.0004950 seconds, Stopping threads took: 0.0000420 seconds
82.865: Application time: 0.0388380 seconds
82.865: [GC [PSYoungGen: 7440K->384K(8192K)] 25135K->18079K(26112K), 0.0004030 secs] [Times: user=0.00 sys=0.00, real=0.00 secs] 
82.865: Total time for which application threads were stopped: 0.0005090 seconds, Stopping threads took: 0.0000530 seconds
82.905: Application time: 0.0393820 seconds
82.905: [GC [PSYoungGen: 7552K->448K(8192K)] 25247K->18143K(26112K), 0.0004230 secs] [Times: user=0.00 sys=0.00, real=0.00 secs] 
82.905: Total time for which application threads were stopped: 0.0005220 seconds, Stopping threads took: 0.0000460 seconds
82.945: Application time: 0.0400290 seconds
82.945: [GC [PSYoungGen: 7616K->496K(8192K)] 25311K->18191K(26112K), 0.0004310 secs] [Times: user=0.00 sys=0.00, real=0.00 secs] 
82.946: Total time for which application threads were stopped: 0.0005230 seconds, Stopping threads took: 0.0000410 seconds
82.986: Application time: 0.0404540 seconds
82.986: [GC [PSYoungGen: 7664K->528K(8192K)] 25359K->18223K(26112K), 0.0004260 secs] [Times: user=0.00 sys=0.00, real=0.00 secs] 
82.987: Total time for which application threads were stopped: 0.0005100 seconds, Stopping threads took: 0.0000360 seconds
83.027: Application time: 0.0403240 seconds
83.027: [GC [PSYoungGen: 7696K->480K(8192K)] 25391K->18175K(26112K), 0.0004580 secs] [Times: user=0.00 sys=0.00, real=0.00 secs] 
83.028: Total time for which application threads were stopped: 0.0005460 seconds, Stopping threads took: 0.0000390 seconds
83.068: Application time: 0.0402470 seconds
83.068: [GC [PSYoungGen: 7648K->512K(8192K)] 25343K->18207K(26112K), 0.0004490 secs] [Times: user=0.00 sys=0.00, real=0.00 secs] 
83.068: Total time for which application threads were stopped: 0.0005450 seconds, Stopping threads took: 0.0000430 seconds
83.109: Application time: 0.0402340 seconds
83.109: [GC [PSYoungGen: 7680K->528K(8192K)] 25375K->18223K(26112K), 0.0004330 secs] [Times: user=0.01 sys=0.00, real=0.01 secs] 
83.109: Total time for which application threads were stopped: 0.0005290 seconds, Stopping threads took: 0.0000430 seconds
83.149: Application time: 0.0402650 seconds
83.150: [GC [PSYoungGen: 7696K->496K(8192K)] 25391K->18191K(26112K), 0.0004350 secs] [Times: user=0.00 sys=0.00, real=0.00 secs] 
83.150: Total time for which application threads were stopped: 0.0005480 seconds, Stopping threads took: 0.0000500 seconds
83.191: Application time: 0.0405950 seconds
83.191: [GC [PSYoungGen: 7664K->496K(8192K)] 25359K->18191K(26112K), 0.0004460 secs] [Times: user=0.00 sys=0.00, real=0.00 secs] 
83.191: Total time for which application threads were stopped: 0.0005420 seconds, Stopping threads took: 0.0000440 seconds
83.231: Application time: 0.0402310 seconds
83.231: [GC [PSYoungGen: 7664K->528K(8192K)] 25359K->18223K(26112K), 0.0004310 secs] [Times: user=0.00 sys=0.00, real=0.00 secs] 
83.232: Total time for which application threads were stopped: 0.0005380 seconds, Stopping threads took: 0.0000520 seconds
83.272: Application time: 0.0398310 seconds
83.272: [GC [PSYoungGen: 7696K->496K(8192K)] 25391K->18191K(26112K), 0.0004290 secs] [Times: user=0.00 sys=0.00, real=0.00 secs] 
83.272: Total time for which application threads were stopped: 0.0005290 seconds, Stopping threads took: 0.0000390 seconds
83.312: Application time: 0.0398990 seconds
83.312: [GC [PSYoungGen: 7664K->512K(8192K)] 25359K->18207K(26112K), 0.0004670 secs] [Times: user=0.00 sys=0.00, real=0.00 secs] 
83.313: Total time for which application threads were stopped: 0.0005690 seconds, Stopping threads took: 0.0000490 seconds
83.353: Application time: 0.0401520 seconds
83.353: [GC [PSYoungGen: 7680K->496K(8192K)] 25375K->18191K(26112K), 0.0005110 secs] [Times: user=0.00 sys=0.00, real=0.00 secs] 
83.353: Total time for which application threads were stopped: 0.0006080 seconds, Stopping threads took: 0.0000410 seconds
83.394: Application time: 0.0407770 seconds
83.397: [GC [PSYoungGen: 7664K->480K(8192K)] 25359K->18223K(26112K), 0.0004440 secs] [Times: user=0.00 sys=0.00, real=0.00 secs] 
83.398: Total time for which application threads were stopped: 0.0032690 seconds, Stopping threads took: 0.0027720 seconds
83.438: Application time: 0.0405090 seconds
83.438: [GC [PSYoungGen: 7648K->432K(8192K)] 25391K->18223K(26112K), 0.0004680 secs] [Times: user=0.00 sys=0.00, real=0.00 secs] 
83.439: [Full GC [PSYoungGen: 432K->0K(8192K)] [ParOldGen: 17791K->1938K(17920K)] 18223K->1938K(26112K) [PSPermGen: 6045K->6045K(21504K)], 0.0046830 secs] [Times: user=0.02 sys=0.00, real=0.01 secs] 
83.443: Total time for which application threads were stopped: 0.0052960 seconds, Stopping threads took: 0.0000410 seconds
83.484: Application time: 0.0402910 seconds
83.484: [GC [PSYoungGen: 7168K->256K(8192K)] 9106K->2194K(26112K), 0.0003550 secs] [Times: user=0.00 sys=0.00, real=0.00 secs] 
83.484: Total time for which application threads were stopped: 0.0004610 seconds, Stopping threads took: 0.0000510 seconds
83.524: Application time: 0.0401830 seconds
83.524: [GC [PSYoungGen: 7424K->256K(8192K)] 9362K->2194K(26112K), 0.0003510 secs] [Times: user=0.00 sys=0.00, real=0.00 secs] 
83.525: Total time for which application threads were stopped: 0.0004490 seconds, Stopping threads took: 0.0000450 seconds
83.565: Application time: 0.0402070 seconds
83.565: [GC [PSYoungGen: 7424K->256K(8192K)] 9362K->2194K(26112K), 0.0003280 secs] [Times: user=0.00 sys=0.00, real=0.00 secs] 
83.565: Total time for which application threads were stopped: 0.0004280 seconds, Stopping threads took: 0.0000490 seconds
83.605: Application time: 0.0400740 seconds
83.605: [GC [PSYoungGen: 7424K->256K(8192K)] 9362K->2194K(26112K), 0.0003470 secs] [Times: user=0.00 sys=0.00, real=0.00 secs] 
83.606: Total time for which application threads were stopped: 0.0004370 seconds, Stopping threads took: 0.0000390 seconds
83.646: Application time: 0.0397470 seconds
83.646: [GC [PSYoungGen: 7424K->256K(8192K)] 9362K->2194K(26112K), 0.0003770 secs] [Times: user=0.00 sys=0.00, real=0.00 secs] 
83.646: Total time for which application threads were stopped: 0.0004820 seconds, Stopping threads took: 0.0000460 seconds
83.685: Application time: 0.0387130 seconds
83.685: [GC [PSYoungGen: 7424K->416K(8192K)] 9362K->2354K(26112K), 0.0004440 secs] [Times: user=0.00 sys=0.00, real=0.00 secs] 
83.685: Total time for which application threads were stopped: 0.0005470 seconds, Stopping threads took: 0.0000420 seconds
83.725: Application time: 0.0393500 seconds
83.725: [GC [PSYoungGen: 7583K->496K(8192K)] 9522K->2434K(26112K), 0.0004150 secs] [Times: user=0.00 sys=0.00, real=0.00 secs] 
83.725: Total time for which application threads were stopped: 0.0005110 seconds, Stopping threads took: 0.0000440 seconds
83.765: Application time: 0.0401710 seconds
83.765: [GC [PSYoungGen: 7664K->544K(8192K)] 9602K->2482K(26112K), 0.0004440 secs] [Times: user=0.00 sys=0.00, real=0.00 secs] 
83.766: Total time for which application threads were stopped: 0.0005470 seconds, Stopping threads took: 0.0000490 seconds
83.806: Application time: 0.0404720 seconds
83.806: [GC [PSYoungGen: 7712K->496K(8192K)] 9650K->2434K(26112K), 0.0004410 secs] [Times: user=0.01 sys=0.00, real=0.00 secs] 
83.807: Total time for which application threads were stopped: 0.0005390 seconds, Stopping threads took: 0.0000390 seconds
83.847: Application time: 0.0402840 seconds
83.847: [GC [PSYoungGen: 7664K->528K(8192K)] 9602K->2466K(26112K), 0.0004150 secs] [Times: user=0.00 sys=0.00, real=0.00 secs] 
83.848: Total time for which application threads were stopped: 0.0005160 seconds, Stopping threads took: 0.0000490 seconds
83.888: Application time: 0.0406470 seconds
83.889: [GC [PSYoungGen: 7696K->512K(8192K)] 9634K->2450K(26112K), 0.0004090 secs] [Times: user=0.00 sys=0.00, real=0.00 secs] 
83.889: Total time for which application threads were stopped: 0.0010700 seconds, Stopping threads took: 0.0006080 seconds
83.930: Application time: 0.0403390 seconds
83.930: [GC [PSYoungGen: 7680K->464K(8192K)] 9618K->2402K(26112K), 0.0004050 secs] [Times: user=0.01 sys=0.00, real=0.00 secs] 
83.930: Total time for which application threads were stopped: 0.0004900 seconds, Stopping threads took: 0.0000320 seconds
83.971: Application time: 0.0403610 seconds
83.971: [GC [PSYoungGen: 7632K->528K(8192K)] 9570K->2466K(26112K), 0.0004310 secs] [Times: user=0.00 sys=0.00, real=0.00 secs] 
83.971: Total time for which application threads were stopped: 0.0005230 seconds, Stopping threads took: 0.0000390 seconds
84.012: Application time: 0.0406230 seconds
84.012: [GC [PSYoungGen: 7696K->512K(8192K)] 9634K->2450K(26112K), 0.0004330 secs] [Times: user=0.00 sys=0.00, real=0.00 secs] 
84.012: Total time for which application threads were stopped: 0.0005380 seconds, Stopping threads took: 0.0000520 seconds
84.053: Application time: 0.0401570 seconds
84.053: [GC [PSYoungGen: 7680K->496K(8192K)] 9618K->2434K(26112K), 0.0004410 secs] [Times: user=0.00 sys=0.00, real=0.00 secs] 
84.053: Total time for which application threads were stopped: 0.0005320 seconds, Stopping threads took: 0.0000380 seconds
84.095: Application time: 0.0421650 seconds
84.095: [GC [PSYoungGen: 7664K->496K(8192K)] 9602K->2442K(26112K), 0.0004040 secs] [Times: user=0.00 sys=0.00, real=0.00 secs] 
84.096: Total time for which application threads were stopped: 0.0004950 seconds, Stopping threads took: 0.0000390 seconds
84.136: Application time: 0.0401710 seconds
84.136: [GC [PSYoungGen: 7664K->496K(8192K)] 9610K->2442K(26112K), 0.0004060 secs] [Times: user=0.00 sys=0.00, real=0.00 secs] 
84.136: Total time for which application threads were stopped: 0.0005010 seconds, Stopping threads took: 0.0000460 seconds
84.177: Application time: 0.0406750 seconds
84.177: [GC [PSYoungGen: 7664K->512K(8192K)] 9610K->2458K(26112K), 0.0004460 secs] [Times: user=0.00 sys=0.00, real=0.00 secs] 
84.178: Total time for which application threads were stopped: 0.0005450 seconds, Stopping threads took: 0.0000480 seconds
84.218: Application time: 0.0403280 seconds
84.218: [GC [PSYoungGen: 7680K->464K(8192K)] 9626K->2466K(26112K), 0.0004550 secs] [Times: user=0.00 sys=0.00, real=0.00 secs] 
84.218: Total time for which application threads were stopped: 0.0005550 seconds, Stopping threads took: 0.0000410 seconds
84.259: Application time: 0.0402500 seconds
84.259: [GC [PSYoungGen: 7632K->400K(8192K)] 9634K->2498K(26112K), 0.0003930 secs] [Times: user=0.00 sys=0.00, real=0.00 secs] 
84.259: Total time for which application threads were stopped: 0.0004980 seconds, Stopping threads took: 0.0000520 seconds
84.300: Application time: 0.0404820 seconds
84.300: [GC [PSYoungGen: 7568K->288K(8192K)] 9666K->2507K(26112K), 0.0003980 secs] [Times: user=0.00 sys=0.00, real=0.00 secs] 
84.300: Total time for which application threads were stopped: 0.0005010 seconds, Stopping threads took: 0.0000490 seconds
84.340: Application time: 0.0402650 seconds
84.341: [GC [PSYoungGen: 7456K->272K(8192K)] 9675K->2575K(26112K), 0.0004570 secs] [Times: user=0.00 sys=0.00, real=0.01 secs] 
84.341: Total time for which application threads were stopped: 0.0005620 seconds, Stopping threads took: 0.0000500 seconds
84.382: Application time: 0.0404760 seconds
84.382: [GC [PSYoungGen: 7440K->256K(8192K)] 9743K->2591K(26112K), 0.0003500 secs] [Times: user=0.01 sys=0.00, real=0.00 secs] 
84.382: Total time for which application threads were stopped: 0.0004600 seconds, Stopping threads took: 0.0000470 seconds
84.422: Application time: 0.0399240 seconds
84.422: [GC [PSYoungGen: 7424K->272K(8192K)] 9759K->2607K(26112K), 0.0003840 secs] [Times: user=0.01 sys=0.00, real=0.00 secs] 
84.422: Total time for which application threads were stopped: 0.0004760 seconds, Stopping threads took: 0.0000380 seconds
84.461: Application time: 0.0383610 seconds
84.461: [GC [PSYoungGen: 7440K->432K(8192K)] 9775K->2767K(26112K), 0.0003870 secs] [Times: user=0.00 sys=0.00, real=0.01 secs] 
84.461: Total time for which application threads were stopped: 0.0004840 seconds, Stopping threads took: 0.0000460 seconds
84.502: Application time: 0.0404590 seconds
84.502: [GC [PSYoungGen: 7600K->432K(8192K)] 9935K->2767K(26112K), 0.0004290 secs] [Times: user=0.00 sys=0.00, real=0.00 secs] 
84.502: Total time for which application threads were stopped: 0.0005160 seconds, Stopping threads took: 0.0000390 seconds
84.542: Application time: 0.0395830 seconds
84.542: [GC [PSYoungGen: 7600K->512K(8192K)] 9935K->2847K(26112K), 0.0004040 secs] [Times: user=0.00 sys=0.00, real=0.00 secs] 
84.542: Total time for which application threads were stopped: 0.0004960 seconds, Stopping threads took: 0.0000440 seconds
84.583: Application time: 0.0406400 seconds
84.583: [GC [PSYoungGen: 7680K->480K(8192K)] 10015K->2815K(26112K), 0.0004230 secs] [Times: user=0.01 sys=0.00, real=0.00 secs] 
84.583: Total time for which application threads were stopped: 0.0005320 seconds, Stopping threads took: 0.0000550 seconds
84.624: Application time: 0.0403510 seconds
84.624: [GC [PSYoungGen: 7648K->496K(8192K)] 9983K->2831K(26112K), 0.0004010 secs] [Times: user=0.00 sys=0.00, real=0.00 secs] 
84.624: Total time for which application threads were stopped: 0.0004920 seconds, Stopping threads took: 0.0000400 seconds
84.665: Application time: 0.0407200 seconds
84.665: [GC [PSYoungGen: 7664K->480K(8192K)] 9999K->2815K(26112K), 0.0004620 secs] [Times: user=0.00 sys=0.00, real=0.00 secs] 
84.666: Total time for which application threads were stopped: 0.0005780 seconds, Stopping threads took: 0.0000550 seconds
84.706: Application time: 0.0406760 seconds
84.706: [GC [PSYoungGen: 7648K->480K(8192K)] 9983K->2815K(26112K), 0.0004110 secs] [Times: user=0.00 sys=0.00, real=0.00 secs] 
84.707: Total time for which application threads were stopped: 0.0005060 seconds, Stopping threads took: 0.0000400 seconds
84.747: Application time: 0.0402100 seconds
84.747: [GC [PSYoungGen: 7648K->512K(8192K)] 9983K->2847K(26112K), 0.0004530 secs] [Times: user=0.00 sys=0.00, real=0.00 secs] 
84.748: Total time for which application threads were stopped: 0.0005720 seconds, Stopping threads took: 0.0000540 seconds
84.788: Application time: 0.0402540 seconds
84.788: [GC [PSYoungGen: 7680K->480K(8192K)] 10015K->2815K(26112K), 0.0004470 secs] [Times: user=0.00 sys=0.00, real=0.00 secs] 
84.788: Total time for which application threads were stopped: 0.0005460 seconds, Stopping threads took: 0.0000470 seconds
84.829: Application time: 0.0405620 seconds
84.829: [GC [PSYoungGen: 7648K->448K(8192K)] 9983K->2783K(26112K), 0.0004120 secs] [Times: user=0.00 sys=0.00, real=0.00 secs] 
84.830: Total time for which application threads were stopped: 0.0005380 seconds, Stopping threads took: 0.0000720 seconds
84.870: Application time: 0.0400030 seconds
84.870: [GC [PSYoungGen: 7616K->528K(8192K)] 9951K->2863K(26112K), 0.0004080 secs] [Times: user=0.00 sys=0.00, real=0.00 secs] 
84.870: Total time for which application threads were stopped: 0.0005010 seconds, Stopping threads took: 0.0000390 seconds
84.911: Application time: 0.0406060 seconds
84.911: [GC [PSYoungGen: 7696K->576K(8192K)] 10031K->2911K(26112K), 0.0004580 secs] [Times: user=0.01 sys=0.00, real=0.00 secs] 
84.911: Total time for which application threads were stopped: 0.0005540 seconds, Stopping threads took: 0.0000410 seconds
84.951: Application time: 0.0401220 seconds
84.951: [GC [PSYoungGen: 7744K->512K(8192K)] 10079K->2847K(26112K), 0.0003980 secs] [Times: user=0.00 sys=0.00, real=0.00 secs] 
84.952: Total time for which application threads were stopped: 0.0005130 seconds, Stopping threads took: 0.0000500 seconds
84.993: Application time: 0.0408370 seconds
84.993: [GC [PSYoungGen: 7680K->528K(8192K)] 10015K->2863K(26112K), 0.0004810 secs] [Times: user=0.01 sys=0.00, real=0.00 secs] 
84.993: Total time for which application threads were stopped: 0.0005830 seconds, Stopping threads took: 0.0000480 seconds
85.034: Application time: 0.0403610 seconds
85.034: [GC [PSYoungGen: 7696K->464K(8192K)] 10031K->2847K(26112K), 0.0004540 secs] [Times: user=0.00 sys=0.00, real=0.00 secs] 
85.035: Total time for which application threads were stopped: 0.0016730 seconds, Stopping threads took: 0.0000330 seconds
85.076: Application time: 0.0403460 seconds
85.076: [GC [PSYoungGen: 7632K->336K(8192K)] 10015K->2871K(26112K), 0.0003980 secs] [Times: user=0.01 sys=0.00, real=0.00 secs] 
85.076: Total time for which application threads were stopped: 0.0004930 seconds, Stopping threads took: 0.0000430 seconds
85.116: Application time: 0.0402740 seconds
85.116: [GC [PSYoungGen: 7504K->288K(8192K)] 10039K->2879K(26112K), 0.0004000 secs] [Times: user=0.00 sys=0.00, real=0.00 secs] 
85.117: Total time for which application threads were stopped: 0.0005100 seconds, Stopping threads took: 0.0000600 seconds
85.158: Application time: 0.0408750 seconds
85.158: [GC [PSYoungGen: 7456K->256K(8192K)] 10047K->2951K(26112K), 0.0003760 secs] [Times: user=0.00 sys=0.00, real=0.00 secs] 
85.158: Total time for which application threads were stopped: 0.0004740 seconds, Stopping threads took: 0.0000470 seconds
85.199: Application time: 0.0405640 seconds
85.199: [GC [PSYoungGen: 7424K->256K(8192K)] 10119K->2951K(26112K), 0.0003610 secs] [Times: user=0.00 sys=0.00, real=0.00 secs] 
85.199: Total time for which application threads were stopped: 0.0004590 seconds, Stopping threads took: 0.0000460 seconds
85.238: Application time: 0.0386940 seconds
85.238: [GC [PSYoungGen: 7424K->304K(8192K)] 10119K->2999K(26112K), 0.0003830 secs] [Times: user=0.00 sys=0.00, real=0.00 secs] 
85.238: Total time for which application threads were stopped: 0.0004690 seconds, Stopping threads took: 0.0000350 seconds
85.277: Application time: 0.0389750 seconds
85.277: [GC [PSYoungGen: 7472K->400K(8192K)] 10167K->3095K(26112K), 0.0003770 secs] [Times: user=0.00 sys=0.00, real=0.00 secs] 
85.278: Total time for which application threads were stopped: 0.0004760 seconds, Stopping threads took: 0.0000390 seconds
85.318: Application time: 0.0400800 seconds
85.318: [GC [PSYoungGen: 7568K->400K(8192K)] 10263K->3095K(26112K), 0.0003910 secs] [Times: user=0.00 sys=0.00, real=0.00 secs] 
85.318: Total time for which application threads were stopped: 0.0004800 seconds, Stopping threads took: 0.0000390 seconds
85.358: Application time: 0.0393950 seconds
85.358: [GC [PSYoungGen: 7568K->480K(8192K)] 10263K->3175K(26112K), 0.0004540 secs] [Times: user=0.01 sys=0.00, real=0.00 secs] 
85.358: Total time for which application threads were stopped: 0.0005520 seconds, Stopping threads took: 0.0000430 seconds
85.399: Application time: 0.0403400 seconds
85.399: [GC [PSYoungGen: 7648K->496K(8192K)] 10343K->3191K(26112K), 0.0004340 secs] [Times: user=0.00 sys=0.00, real=0.00 secs] 
85.399: Total time for which application threads were stopped: 0.0005300 seconds, Stopping threads took: 0.0000460 seconds
85.440: Application time: 0.0406430 seconds
85.440: [GC [PSYoungGen: 7664K->464K(8192K)] 10359K->3159K(26112K), 0.0004180 secs] [Times: user=0.00 sys=0.00, real=0.00 secs] 
85.440: Total time for which application threads were stopped: 0.0005120 seconds, Stopping threads took: 0.0000420 seconds
85.481: Application time: 0.0402460 seconds
85.481: [GC [PSYoungGen: 7632K->544K(8192K)] 10327K->3239K(26112K), 0.0004080 secs] [Times: user=0.00 sys=0.01, real=0.01 secs] 
85.481: Total time for which application threads were stopped: 0.0005040 seconds, Stopping threads took: 0.0000440 seconds
85.521: Application time: 0.0402740 seconds
85.522: [GC [PSYoungGen: 7712K->480K(8192K)] 10407K->3175K(26112K), 0.0004220 secs] [Times: user=0.00 sys=0.00, real=0.00 secs] 
85.522: Total time for which application threads were stopped: 0.0005210 seconds, Stopping threads took: 0.0000460 seconds
85.563: Application time: 0.0406330 seconds
85.563: [GC [PSYoungGen: 7648K->512K(8192K)] 10343K->3207K(26112K), 0.0004240 secs] [Times: user=0.00 sys=0.00, real=0.00 secs] 
85.563: Total time for which application threads were stopped: 0.0005090 seconds, Stopping threads took: 0.0000350 seconds
85.603: Application time: 0.0403130 seconds
85.604: [GC [PSYoungGen: 7680K->528K(8192K)] 10375K->3223K(26112K), 0.0005120 secs] [Times: user=0.00 sys=0.00, real=0.00 secs] 
85.604: Total time for which application threads were stopped: 0.0006000 seconds, Stopping threads took: 0.0000400 seconds
85.645: Application time: 0.0406270 seconds
85.645: [GC [PSYoungGen: 7696K->528K(8192K)] 10391K->3223K(26112K), 0.0004820 secs] [Times: user=0.01 sys=0.00, real=0.00 secs] 
85.645: Total time for which application threads were stopped: 0.0006000 seconds, Stopping threads took: 0.0000530 seconds
85.685: Application time: 0.0400880 seconds
85.685: [GC [PSYoungGen: 7696K->528K(8192K)] 10391K->3223K(26112K), 0.0004180 secs] [Times: user=0.01 sys=0.00, real=0.00 secs] 
85.686: Total time for which application threads were stopped: 0.0005240 seconds, Stopping threads took: 0.0000460 seconds
85.726: Application time: 0.0403100 seconds
85.726: [GC [PSYoungGen: 7696K->512K(8192K)] 10391K->3207K(26112K), 0.0004550 secs] [Times: user=0.00 sys=0.00, real=0.00 secs] 
85.727: Total time for which application threads were stopped: 0.0005480 seconds, Stopping threads took: 0.0000400 seconds
85.767: Application time: 0.0401330 seconds
85.767: [GC [PSYoungGen: 7680K->512K(8192K)] 10375K->3207K(26112K), 0.0004100 secs] [Times: user=0.00 sys=0.00, real=0.00 secs] 
85.767: Total time for which application threads were stopped: 0.0005070 seconds, Stopping threads took: 0.0000450 seconds
85.808: Application time: 0.0402120 seconds
85.808: [GC [PSYoungGen: 7680K->480K(8192K)] 10375K->3175K(26112K), 0.0004740 secs] [Times: user=0.01 sys=0.00, real=0.00 secs] 
85.808: Total time for which application threads were stopped: 0.0005720 seconds, Stopping threads took: 0.0000390 seconds
85.849: Application time: 0.0406070 seconds
85.849: [GC [PSYoungGen: 7648K->416K(8192K)] 10343K->3239K(26112K), 0.0004000 secs] [Times: user=0.00 sys=0.00, real=0.01 secs] 
85.849: Total time for which application threads were stopped: 0.0004930 seconds, Stopping threads took: 0.0000420 seconds
85.890: Application time: 0.0402750 seconds
85.890: [GC [PSYoungGen: 7584K->304K(8192K)] 10407K->3223K(26112K), 0.0004120 secs] [Times: user=0.00 sys=0.00, real=0.00 secs] 
85.890: Total time for which application threads were stopped: 0.0005160 seconds, Stopping threads took: 0.0000500 seconds
85.931: Application time: 0.0404960 seconds
85.931: [GC [PSYoungGen: 7472K->288K(8192K)] 10391K->3255K(26112K), 0.0003990 secs] [Times: user=0.00 sys=0.00, real=0.00 secs] 
85.931: Total time for which application threads were stopped: 0.0004990 seconds, Stopping threads took: 0.0000460 seconds
85.971: Application time: 0.0401890 seconds
85.973: [GC [PSYoungGen: 7456K->256K(8192K)] 10423K->3311K(26112K), 0.0003940 secs] [Times: user=0.00 sys=0.00, real=0.00 secs] 
85.973: Total time for which application threads were stopped: 0.0022050 seconds, Stopping threads took: 0.0017580 seconds
86.013: Application time: 0.0397310 seconds
86.013: [GC [PSYoungGen: 7424K->272K(8192K)] 10479K->3327K(26112K), 0.0003530 secs] [Times: user=0.00 sys=0.00, real=0.00 secs] 
86.014: Total time for which application threads were stopped: 0.0004530 seconds, Stopping threads took: 0.0000480 seconds
86.052: Application time: 0.0387600 seconds
86.053: [GC [PSYoungGen: 7440K->384K(8192K)] 10495K->3439K(26112K), 0.0004150 secs] [Times: user=0.01 sys=0.00, real=0.00 secs] 
86.053: Total time for which application threads were stopped: 0.0005250 seconds, Stopping threads took: 0.0000540 seconds
86.093: Application time: 0.0399150 seconds
86.093: [GC [PSYoungGen: 7552K->400K(8192K)] 10607K->3455K(26112K), 0.0004180 secs] [Times: user=0.00 sys=0.01, real=0.00 secs] 
86.093: Total time for which application threads were stopped: 0.0005110 seconds, Stopping threads took: 0.0000390 seconds
86.133: Application time: 0.0393960 seconds
86.133: [GC [PSYoungGen: 7568K->480K(8192K)] 10623K->3535K(26112K), 0.0004170 secs] [Times: user=0.01 sys=0.00, real=0.00 secs] 
86.133: Total time for which application threads were stopped: 0.0005160 seconds, Stopping threads took: 0.0000430 seconds
86.173: Application time: 0.0397510 seconds
86.173: [GC [PSYoungGen: 7648K->512K(8192K)] 10703K->3567K(26112K), 0.0004140 secs] [Times: user=0.01 sys=0.00, real=0.00 secs] 
86.174: Total time for which application threads were stopped: 0.0005170 seconds, Stopping threads took: 0.0000480 seconds
86.214: Application time: 0.0406090 seconds
86.214: [GC [PSYoungGen: 7680K->480K(8192K)] 10735K->3535K(26112K), 0.0004160 secs] [Times: user=0.00 sys=0.00, real=0.00 secs] 
86.215: Total time for which application threads were stopped: 0.0005210 seconds, Stopping threads took: 0.0000490 seconds
86.255: Application time: 0.0402650 seconds
86.255: [GC [PSYoungGen: 7648K->528K(8192K)] 10703K->3583K(26112K), 0.0004130 secs] [Times: user=0.00 sys=0.00, real=0.00 secs] 
86.255: Total time for which application threads were stopped: 0.0005170 seconds, Stopping threads took: 0.0000490 seconds
86.296: Application time: 0.0407240 seconds
86.296: [GC [PSYoungGen: 7696K->544K(8192K)] 10751K->3599K(26112K), 0.0003930 secs] [Times: user=0.01 sys=0.00, real=0.00 secs] 
86.297: Total time for which application threads were stopped: 0.0004880 seconds, Stopping threads took: 0.0000420 seconds
86.337: Application time: 0.0403790 seconds
86.337: [GC [PSYoungGen: 7712K->496K(8192K)] 10767K->3551K(26112K), 0.0004190 secs] [Times: user=0.01 sys=0.00, real=0.00 secs] 
86.338: Total time for which application threads were stopped: 0.0005500 seconds, Stopping threads took: 0.0000680 seconds
86.378: Application time: 0.0403500 seconds
86.378: [GC [PSYoungGen: 7664K->512K(8192K)] 10719K->3567K(26112K), 0.0004150 secs] [Times: user=0.00 sys=0.00, real=0.00 secs] 
86.378: Total time for which application threads were stopped: 0.0005070 seconds, Stopping threads took: 0.0000390 seconds
86.419: Application time: 0.0401360 seconds
86.419: [GC [PSYoungGen: 7680K->512K(8192K)] 10735K->3567K(26112K), 0.0004060 secs] [Times: user=0.00 sys=0.00, real=0.00 secs] 
86.419: Total time for which application threads were stopped: 0.0005080 seconds, Stopping threads took: 0.0000490 seconds
86.459: Application time: 0.0400410 seconds
86.459: [GC [PSYoungGen: 7680K->528K(8192K)] 10735K->3583K(26112K), 0.0003930 secs] [Times: user=0.00 sys=0.00, real=0.00 secs] 
86.460: Total time for which application threads were stopped: 0.0004800 seconds, Stopping threads took: 0.0000390 seconds
86.500: Application time: 0.0403310 seconds
86.501: [GC [PSYoungGen: 7696K->496K(8192K)] 10751K->3551K(26112K), 0.0004280 secs] [Times: user=0.00 sys=0.00, real=0.00 secs] 
86.502: Total time for which application threads were stopped: 0.0015230 seconds, Stopping threads took: 0.0010420 seconds
86.542: Application time: 0.0401320 seconds
86.542: [GC [PSYoungGen: 7664K->464K(8192K)] 10719K->3519K(26112K), 0.0004330 secs] [Times: user=0.00 sys=0.00, real=0.00 secs] 
86.542: Total time for which application threads were stopped: 0.0005250 seconds, Stopping threads took: 0.0000430 seconds
86.582: Application time: 0.0401010 seconds
86.582: [GC [PSYoungGen: 7632K->496K(8192K)] 10687K->3551K(26112K), 0.0004670 secs] [Times: user=0.01 sys=0.00, real=0.00 secs] 
86.583: Total time for which application threads were stopped: 0.0005570 seconds, Stopping threads took: 0.0000410 seconds
86.623: Application time: 0.0402070 seconds
86.623: [GC [PSYoungGen: 7664K->464K(8192K)] 10719K->3567K(26112K), 0.0004700 secs] [Times: user=0.00 sys=0.00, real=0.00 secs] 
86.624: Total time for which application threads were stopped: 0.0005640 seconds, Stopping threads took: 0.0000400 seconds
86.664: Application time: 0.0405030 seconds
86.664: [GC [PSYoungGen: 7632K->368K(8192K)] 10735K->3587K(26112K), 0.0005130 secs] [Times: user=0.00 sys=0.00, real=0.00 secs] 
86.665: Total time for which application threads were stopped: 0.0006370 seconds, Stopping threads took: 0.0000620 seconds
86.705: Application time: 0.0404590 seconds
86.705: [GC [PSYoungGen: 7536K->320K(8192K)] 10755K->3587K(26112K), 0.0004260 secs] [Times: user=0.00 sys=0.00, real=0.00 secs] 
86.706: Total time for which application threads were stopped: 0.0005250 seconds, Stopping threads took: 0.0000470 seconds
86.746: Application time: 0.0402450 seconds
86.746: [GC [PSYoungGen: 7488K->288K(8192K)] 10755K->3651K(26112K), 0.0003950 secs] [Times: user=0.00 sys=0.00, real=0.00 secs] 
86.746: Total time for which application threads were stopped: 0.0004980 seconds, Stopping threads took: 0.0000490 seconds
86.787: Application time: 0.0403890 seconds
86.787: [GC [PSYoungGen: 7456K->256K(8192K)] 10819K->3667K(26112K), 0.0003650 secs] [Times: user=0.00 sys=0.00, real=0.00 secs] 
86.787: Total time for which application threads were stopped: 0.0004710 seconds, Stopping threads took: 0.0000520 seconds
86.827: Application time: 0.0398460 seconds
86.827: [GC [PSYoungGen: 7424K->272K(8192K)] 10835K->3683K(26112K), 0.0004020 secs] [Times: user=0.00 sys=0.00, real=0.00 secs] 
86.828: Total time for which application threads were stopped: 0.0005200 seconds, Stopping threads took: 0.0000620 seconds
86.867: Application time: 0.0388420 seconds
86.867: [GC [PSYoungGen: 7440K->320K(8192K)] 10851K->3731K(26112K), 0.0004270 secs] [Times: user=0.00 sys=0.00, real=0.00 secs] 
86.867: Total time for which application threads were stopped: 0.0005360 seconds, Stopping threads took: 0.0000480 seconds
86.907: Application time: 0.0398420 seconds
86.907: [GC [PSYoungGen: 7488K->432K(8192K)] 10899K->3843K(26112K), 0.0004040 secs] [Times: user=0.00 sys=0.00, real=0.00 secs] 
86.907: Total time for which application threads were stopped: 0.0005160 seconds, Stopping threads took: 0.0000590 seconds
86.947: Application time: 0.0391580 seconds
86.947: [GC [PSYoungGen: 7600K->464K(8192K)] 11011K->3875K(26112K), 0.0004350 secs] [Times: user=0.01 sys=0.00, real=0.00 secs] 
86.947: Total time for which application threads were stopped: 0.0005210 seconds, Stopping threads took: 0.0000350 seconds
86.987: Application time: 0.0400100 seconds
86.987: [GC [PSYoungGen: 7632K->464K(8192K)] 11043K->3875K(26112K), 0.0004630 secs] [Times: user=0.00 sys=0.00, real=0.00 secs] 
86.988: Total time for which application threads were stopped: 0.0005580 seconds, Stopping threads took: 0.0000440 seconds
87.028: Application time: 0.0402320 seconds
87.028: [GC [PSYoungGen: 7632K->512K(8192K)] 11043K->3923K(26112K), 0.0004000 secs] [Times: user=0.00 sys=0.00, real=0.00 secs] 
87.028: Total time for which application threads were stopped: 0.0004940 seconds, Stopping threads took: 0.0000440 seconds
87.069: Application time: 0.0404490 seconds
87.069: [GC [PSYoungGen: 7680K->496K(8192K)] 11091K->3907K(26112K), 0.0004200 secs] [Times: user=0.00 sys=0.00, real=0.01 secs] 
87.069: Total time for which application threads were stopped: 0.0005300 seconds, Stopping threads took: 0.0000530 seconds
87.110: Application time: 0.0404210 seconds
87.110: [GC [PSYoungGen: 7664K->528K(8192K)] 11075K->3939K(26112K), 0.0004990 secs] [Times: user=0.00 sys=0.00, real=0.00 secs] 
87.110: Total time for which application threads were stopped: 0.0005940 seconds, Stopping threads took: 0.0000470 seconds
87.151: Application time: 0.0405380 seconds
87.151: [GC [PSYoungGen: 7696K->512K(8192K)] 11107K->3923K(26112K), 0.0004490 secs] [Times: user=0.00 sys=0.00, real=0.00 secs] 
87.152: Total time for which application threads were stopped: 0.0005420 seconds, Stopping threads took: 0.0000410 seconds
87.192: Application time: 0.0404460 seconds
87.192: [GC [PSYoungGen: 7680K->496K(8192K)] 11091K->3907K(26112K), 0.0004200 secs] [Times: user=0.00 sys=0.00, real=0.00 secs] 
87.192: Total time for which application threads were stopped: 0.0005170 seconds, Stopping threads took: 0.0000400 seconds
87.233: Application time: 0.0400940 seconds
87.233: [GC [PSYoungGen: 7664K->528K(8192K)] 11075K->3939K(26112K), 0.0004060 secs] [Times: user=0.01 sys=0.00, real=0.00 secs] 
87.233: Total time for which application threads were stopped: 0.0005000 seconds, Stopping threads took: 0.0000470 seconds
87.273: Application time: 0.0399290 seconds
87.273: [GC [PSYoungGen: 7696K->496K(8192K)] 11107K->3907K(26112K), 0.0004530 secs] [Times: user=0.00 sys=0.00, real=0.00 secs] 
87.274: Total time for which application threads were stopped: 0.0005520 seconds, Stopping threads took: 0.0000460 seconds
87.314: Application time: 0.0403040 seconds
87.314: [GC [PSYoungGen: 7664K->496K(8192K)] 11075K->3907K(26112K), 0.0004970 secs] [Times: user=0.00 sys=0.00, real=0.00 secs] 
87.314: Total time for which application threads were stopped: 0.0005840 seconds, Stopping threads took: 0.0000400 seconds
87.355: Application time: 0.0401750 seconds
87.355: [GC [PSYoungGen: 7664K->480K(8192K)] 11075K->3891K(26112K), 0.0004140 secs] [Times: user=0.00 sys=0.00, real=0.00 secs] 
87.355: Total time for which application threads were stopped: 0.0005080 seconds, Stopping threads took: 0.0000460 seconds
87.395: Application time: 0.0402700 seconds
87.395: [GC [PSYoungGen: 7648K->512K(8192K)] 11059K->3923K(26112K), 0.0004530 secs] [Times: user=0.00 sys=0.00, real=0.00 secs] 
87.396: Total time for which application threads were stopped: 0.0005630 seconds, Stopping threads took: 0.0000510 seconds
87.437: Application time: 0.0406890 seconds
87.437: [GC [PSYoungGen: 7680K->496K(8192K)] 11091K->3963K(26112K), 0.0004140 secs] [Times: user=0.01 sys=0.00, real=0.00 secs] 
87.437: Total time for which application threads were stopped: 0.0005180 seconds, Stopping threads took: 0.0000520 seconds
87.477: Application time: 0.0402900 seconds
87.481: [GC [PSYoungGen: 7664K->320K(8192K)] 11131K->3908K(26112K), 0.0004050 secs] [Times: user=0.00 sys=0.00, real=0.00 secs] 
87.481: Total time for which application threads were stopped: 0.0040110 seconds, Stopping threads took: 0.0035540 seconds
87.522: Application time: 0.0406100 seconds
87.522: [GC [PSYoungGen: 7488K->368K(8192K)] 11076K->4012K(26112K), 0.0004360 secs] [Times: user=0.00 sys=0.00, real=0.00 secs] 
87.523: Total time for which application threads were stopped: 0.0005530 seconds, Stopping threads took: 0.0000620 seconds
87.563: Application time: 0.0403200 seconds
87.563: [GC [PSYoungGen: 7536K->272K(8192K)] 11180K->4004K(26112K), 0.0004150 secs] [Times: user=0.00 sys=0.00, real=0.00 secs] 
87.563: Total time for which application threads were stopped: 0.0005050 seconds, Stopping threads took: 0.0000380 seconds
87.604: Application time: 0.0404380 seconds
87.604: [GC [PSYoungGen: 7440K->256K(8192K)] 11172K->4044K(26112K), 0.0003580 secs] [Times: user=0.01 sys=0.00, real=0.00 secs] 
87.604: Total time for which application threads were stopped: 0.0004590 seconds, Stopping threads took: 0.0000490 seconds
87.644: Application time: 0.0397680 seconds
87.644: [GC [PSYoungGen: 7424K->288K(8192K)] 11212K->4076K(26112K), 0.0004120 secs] [Times: user=0.00 sys=0.00, real=0.00 secs] 
87.645: Total time for which application threads were stopped: 0.0005230 seconds, Stopping threads took: 0.0000500 seconds
87.684: Application time: 0.0388550 seconds
87.684: [GC [PSYoungGen: 7456K->368K(8192K)] 11244K->4156K(26112K), 0.0003890 secs] [Times: user=0.00 sys=0.00, real=0.00 secs] 
87.684: Total time for which application threads were stopped: 0.0004920 seconds, Stopping threads took: 0.0000520 seconds
87.724: Application time: 0.0402730 seconds
87.724: [GC [PSYoungGen: 7536K->384K(8192K)] 11324K->4172K(26112K), 0.0004130 secs] [Times: user=0.00 sys=0.00, real=0.00 secs] 
87.725: Total time for which application threads were stopped: 0.0005070 seconds, Stopping threads took: 0.0000420 seconds
87.764: Application time: 0.0387710 seconds
87.764: [GC [PSYoungGen: 7552K->528K(8192K)] 11340K->4316K(26112K), 0.0004610 secs] [Times: user=0.01 sys=0.00, real=0.00 secs] 
87.764: Total time for which application threads were stopped: 0.0005650 seconds, Stopping threads took: 0.0000460 seconds
87.804: Application time: 0.0403660 seconds
87.805: [GC [PSYoungGen: 7696K->512K(8192K)] 11484K->4300K(26112K), 0.0004140 secs] [Times: user=0.00 sys=0.00, real=0.00 secs] 
87.805: Total time for which application threads were stopped: 0.0005220 seconds, Stopping threads took: 0.0000540 seconds
87.846: Application time: 0.0405820 seconds
87.846: [GC [PSYoungGen: 7680K->480K(8192K)] 11468K->4268K(26112K), 0.0004550 secs] [Times: user=0.00 sys=0.00, real=0.00 secs] 
87.846: Total time for which application threads were stopped: 0.0005510 seconds, Stopping threads took: 0.0000440 seconds
87.886: Application time: 0.0403020 seconds
87.887: [GC [PSYoungGen: 7648K->496K(8192K)] 11436K->4284K(26112K), 0.0004880 secs] [Times: user=0.01 sys=0.00, real=0.00 secs] 
87.887: Total time for which application threads were stopped: 0.0005810 seconds, Stopping threads took: 0.0000400 seconds
87.928: Application time: 0.0406160 seconds
87.928: [GC [PSYoungGen: 7664K->512K(8192K)] 11452K->4300K(26112K), 0.0004070 secs] [Times: user=0.00 sys=0.00, real=0.00 secs] 
87.928: Total time for which application threads were stopped: 0.0005130 seconds, Stopping threads took: 0.0000410 seconds
87.968: Application time: 0.0402180 seconds
87.968: [GC [PSYoungGen: 7680K->544K(8192K)] 11468K->4332K(26112K), 0.0004400 secs] [Times: user=0.01 sys=0.00, real=0.00 secs] 
87.969: Total time for which application threads were stopped: 0.0005280 seconds, Stopping threads took: 0.0000370 seconds
88.009: Application time: 0.0403630 seconds
88.009: [GC [PSYoungGen: 7712K->512K(8192K)] 11500K->4300K(26112K), 0.0004430 secs] [Times: user=0.00 sys=0.00, real=0.00 secs] 
88.010: Total time for which application threads were stopped: 0.0005440 seconds, Stopping threads took: 0.0000480 seconds
88.050: Application time: 0.0401890 seconds
88.050: [GC [PSYoungGen: 7680K->512K(8192K)] 11468K->4300K(26112K), 0.0004090 secs] [Times: user=0.00 sys=0.00, real=0.00 secs] 
88.051: Total time for which application threads were stopped: 0.0005100 seconds, Stopping threads took: 0.0000490 seconds
88.091: Application time: 0.0402010 seconds
88.091: [GC [PSYoungGen: 7680K->528K(8192K)] 11468K->4316K(26112K), 0.0004280 secs] [Times: user=0.01 sys=0.00, real=0.00 secs] 
88.091: Total time for which application threads were stopped: 0.0005210 seconds, Stopping threads took: 0.0000400 seconds
88.132: Application time: 0.0404120 seconds
88.132: [GC [PSYoungGen: 7696K->528K(8192K)] 11484K->4316K(26112K), 0.0004220 secs] [Times: user=0.00 sys=0.00, real=0.00 secs] 
88.132: Total time for which application threads were stopped: 0.0005140 seconds, Stopping threads took: 0.0000390 seconds
88.172: Application time: 0.0400660 seconds
88.172: [GC [PSYoungGen: 7696K->512K(8192K)] 11484K->4300K(26112K), 0.0004690 secs] [Times: user=0.00 sys=0.00, real=0.00 secs] 
88.173: Total time for which application threads were stopped: 0.0005580 seconds, Stopping threads took: 0.0000380 seconds
88.213: Application time: 0.0404190 seconds
88.213: [GC [PSYoungGen: 7680K->480K(8192K)] 11468K->4268K(26112K), 0.0004110 secs] [Times: user=0.00 sys=0.00, real=0.00 secs] 
88.214: Total time for which application threads were stopped: 0.0005060 seconds, Stopping threads took: 0.0000430 seconds
88.254: Application time: 0.0403690 seconds
88.254: [GC [PSYoungGen: 7648K->432K(8192K)] 11436K->4308K(26112K), 0.0004100 secs] [Times: user=0.00 sys=0.00, real=0.00 secs] 
88.255: Total time for which application threads were stopped: 0.0005110 seconds, Stopping threads took: 0.0000510 seconds
88.295: Application time: 0.0406290 seconds
88.295: [GC [PSYoungGen: 7600K->368K(8192K)] 11476K->4356K(26112K), 0.0004010 secs] [Times: user=0.00 sys=0.00, real=0.00 secs] 
88.296: Total time for which application threads were stopped: 0.0004940 seconds, Stopping threads took: 0.0000400 seconds
88.336: Application time: 0.0402330 seconds
88.336: [GC [PSYoungGen: 7536K->304K(8192K)] 11524K->4292K(26112K), 0.0003660 secs] [Times: user=0.00 sys=0.00, real=0.00 secs] 
88.336: Total time for which application threads were stopped: 0.0004730 seconds, Stopping threads took: 0.0000500 seconds
88.377: Application time: 0.0401730 seconds
88.377: [GC [PSYoungGen: 7472K->256K(8192K)] 11460K->4364K(26112K), 0.0003760 secs] [Times: user=0.00 sys=0.00, real=0.00 secs] 
88.377: Total time for which application threads were stopped: 0.0004770 seconds, Stopping threads took: 0.0000480 seconds
88.418: Application time: 0.0407010 seconds
88.418: [GC [PSYoungGen: 7424K->256K(8192K)] 11532K->4364K(26112K), 0.0003600 secs] [Times: user=0.00 sys=0.00, real=0.00 secs] 
88.418: Total time for which application threads were stopped: 0.0004770 seconds, Stopping threads took: 0.0000630 seconds
88.457: Application time: 0.0386650 seconds
88.457: [GC [PSYoungGen: 7424K->320K(8192K)] 11532K->4428K(26112K), 0.0004050 secs] [Times: user=0.00 sys=0.00, real=0.00 secs] 
88.457: Total time for which application threads were stopped: 0.0005150 seconds, Stopping threads took: 0.0000490 seconds
88.497: Application time: 0.0392050 seconds
88.497: [GC [PSYoungGen: 7488K->368K(8192K)] 11596K->4476K(26112K), 0.0004320 secs] [Times: user=0.00 sys=0.00, real=0.00 secs] 
88.497: Total time for which application threads were stopped: 0.0005190 seconds, Stopping threads took: 0.0000360 seconds
88.537: Application time: 0.0401000 seconds
88.537: [GC [PSYoungGen: 7536K->400K(8192K)] 11644K->4508K(26112K), 0.0004040 secs] [Times: user=0.01 sys=0.00, real=0.00 secs] 
88.538: Total time for which application threads were stopped: 0.0005020 seconds, Stopping threads took: 0.0000480 seconds
88.577: Application time: 0.0395350 seconds
88.577: [GC [PSYoungGen: 7568K->528K(8192K)] 11676K->4636K(26112K), 0.0004650 secs] [Times: user=0.00 sys=0.00, real=0.00 secs] 
88.578: Total time for which application threads were stopped: 0.0005670 seconds, Stopping threads took: 0.0000490 seconds
88.618: Application time: 0.0403490 seconds
88.618: [GC [PSYoungGen: 7696K->496K(8192K)] 11804K->4604K(26112K), 0.0004150 secs] [Times: user=0.00 sys=0.00, real=0.00 secs] 
88.619: Total time for which application threads were stopped: 0.0005140 seconds, Stopping threads took: 0.0000490 seconds
88.659: Application time: 0.0404790 seconds
88.659: [GC [PSYoungGen: 7664K->528K(8192K)] 11772K->4636K(26112K), 0.0004880 secs] [Times: user=0.00 sys=0.00, real=0.00 secs] 
88.660: Total time for which application threads were stopped: 0.0005890 seconds, Stopping threads took: 0.0000440 seconds
88.700: Application time: 0.0405480 seconds
88.700: [GC [PSYoungGen: 7696K->480K(8192K)] 11804K->4588K(26112K), 0.0005060 secs] [Times: user=0.00 sys=0.00, real=0.01 secs] 
88.701: Total time for which application threads were stopped: 0.0006060 seconds, Stopping threads took: 0.0000410 seconds
88.742: Application time: 0.0405320 seconds
88.742: [GC [PSYoungGen: 7648K->512K(8192K)] 11756K->4620K(26112K), 0.0004140 secs] [Times: user=0.01 sys=0.00, real=0.00 secs] 
88.742: Total time for which application threads were stopped: 0.0005210 seconds, Stopping threads took: 0.0000520 seconds
88.782: Application time: 0.0403770 seconds
88.783: [GC [PSYoungGen: 7680K->496K(8192K)] 11788K->4604K(26112K), 0.0004110 secs] [Times: user=0.00 sys=0.00, real=0.00 secs] 
88.783: Total time for which application threads were stopped: 0.0005130 seconds, Stopping threads took: 0.0000480 seconds
88.823: Application time: 0.0402830 seconds
88.823: [GC [PSYoungGen: 7664K->528K(8192K)] 11772K->4636K(26112K), 0.0004380 secs] [Times: user=0.01 sys=0.00, real=0.00 secs] 
88.824: Total time for which application threads were stopped: 0.0005250 seconds, Stopping threads took: 0.0000340 seconds
88.864: Application time: 0.0402680 seconds
88.864: [GC [PSYoungGen: 7696K->512K(8192K)] 11804K->4620K(26112K), 0.0004140 secs] [Times: user=0.00 sys=0.00, real=0.00 secs] 
88.865: Total time for which application threads were stopped: 0.0005180 seconds, Stopping threads took: 0.0000520 seconds
88.905: Application time: 0.0402700 seconds
88.905: [GC [PSYoungGen: 7680K->480K(8192K)] 11788K->4588K(26112K), 0.0004320 secs] [Times: user=0.00 sys=0.01, real=0.00 secs] 
88.905: Total time for which application threads were stopped: 0.0005300 seconds, Stopping threads took: 0.0000450 seconds
88.945: Application time: 0.0401290 seconds
88.946: [GC [PSYoungGen: 7648K->464K(8192K)] 11756K->4572K(26112K), 0.0004550 secs] [Times: user=0.00 sys=0.00, real=0.00 secs] 
88.946: Total time for which application threads were stopped: 0.0005500 seconds, Stopping threads took: 0.0000410 seconds
88.986: Application time: 0.0402290 seconds
88.986: [GC [PSYoungGen: 7632K->512K(8192K)] 11740K->4620K(26112K), 0.0004130 secs] [Times: user=0.00 sys=0.00, real=0.00 secs] 
88.987: Total time for which application threads were stopped: 0.0005210 seconds, Stopping threads took: 0.0000450 seconds
89.027: Application time: 0.0402790 seconds
89.027: [GC [PSYoungGen: 7680K->528K(8192K)] 11788K->4636K(26112K), 0.0004060 secs] [Times: user=0.01 sys=0.00, real=0.00 secs] 
89.028: Total time for which application threads were stopped: 0.0005050 seconds, Stopping threads took: 0.0000470 seconds
89.068: Application time: 0.0402950 seconds
89.068: [GC [PSYoungGen: 7696K->400K(8192K)] 11804K->4628K(26112K), 0.0004560 secs] [Times: user=0.00 sys=0.00, real=0.00 secs] 
89.068: Total time for which application threads were stopped: 0.0005540 seconds, Stopping threads took: 0.0000440 seconds
89.109: Application time: 0.0404060 seconds
89.109: [GC [PSYoungGen: 7568K->336K(8192K)] 11796K->4644K(26112K), 0.0003920 secs] [Times: user=0.00 sys=0.00, real=0.01 secs] 
89.109: Total time for which application threads were stopped: 0.0004970 seconds, Stopping threads took: 0.0000520 seconds
89.150: Application time: 0.0401800 seconds
89.153: [GC [PSYoungGen: 7504K->288K(8192K)] 11812K->4644K(26112K), 0.0003990 secs] [Times: user=0.00 sys=0.00, real=0.00 secs] 
89.153: Total time for which application threads were stopped: 0.0039590 seconds, Stopping threads took: 0.0035050 seconds
89.194: Application time: 0.0409060 seconds
89.194: [GC [PSYoungGen: 7456K->256K(8192K)] 11812K->4708K(26112K), 0.0003990 secs] [Times: user=0.00 sys=0.00, real=0.00 secs] 
89.195: Total time for which application threads were stopped: 0.0005010 seconds, Stopping threads took: 0.0000450 seconds
89.235: Application time: 0.0402270 seconds
89.235: [GC [PSYoungGen: 7424K->256K(8192K)] 11876K->4708K(26112K), 0.0003590 secs] [Times: user=0.00 sys=0.00, real=0.00 secs] 
89.236: Total time for which application threads were stopped: 0.0004630 seconds, Stopping threads took: 0.0000530 seconds
89.274: Application time: 0.0381430 seconds
89.274: [GC [PSYoungGen: 7424K->320K(8192K)] 11876K->4772K(26112K), 0.0004060 secs] [Times: user=0.00 sys=0.00, real=0.00 secs] 
89.274: Total time for which application threads were stopped: 0.0005090 seconds, Stopping threads took: 0.0000500 seconds
89.314: Application time: 0.0399770 seconds
89.314: [GC [PSYoungGen: 7488K->368K(8192K)] 11940K->4820K(26112K), 0.0003930 secs] [Times: user=0.00 sys=0.00, real=0.00 secs] 
89.315: Total time for which application threads were stopped: 0.0004930 seconds, Stopping threads took: 0.0000470 seconds
89.354: Application time: 0.0395540 seconds
89.354: [GC [PSYoungGen: 7536K->480K(8192K)] 11988K->4932K(26112K), 0.0004020 secs] [Times: user=0.00 sys=0.00, real=0.00 secs] 
89.355: Total time for which application threads were stopped: 0.0005000 seconds, Stopping threads took: 0.0000450 seconds
89.394: Application time: 0.0395540 seconds
89.394: [GC [PSYoungGen: 7648K->496K(8192K)] 12100K->4948K(26112K), 0.0004320 secs] [Times: user=0.00 sys=0.00, real=0.00 secs] 
89.395: Total time for which application threads were stopped: 0.0005320 seconds, Stopping threads took: 0.0000490 seconds
89.436: Application time: 0.0406710 seconds
89.436: [GC [PSYoungGen: 7664K->512K(8192K)] 12116K->4964K(26112K), 0.0004050 secs] [Times: user=0.00 sys=0.00, real=0.00 secs] 
89.436: Total time for which application threads were stopped: 0.0004920 seconds, Stopping threads took: 0.0000380 seconds
89.476: Application time: 0.0402530 seconds
89.476: [GC [PSYoungGen: 7680K->544K(8192K)] 12132K->4996K(26112K), 0.0004600 secs] [Times: user=0.00 sys=0.00, real=0.00 secs] 
89.477: Total time for which application threads were stopped: 0.0005520 seconds, Stopping threads took: 0.0000430 seconds
89.517: Application time: 0.0404790 seconds
89.517: [GC [PSYoungGen: 7712K->496K(8192K)] 12164K->4948K(26112K), 0.0004190 secs] [Times: user=0.00 sys=0.00, real=0.00 secs] 
89.518: Total time for which application threads were stopped: 0.0005200 seconds, Stopping threads took: 0.0000420 seconds
89.558: Application time: 0.0404000 seconds
89.558: [GC [PSYoungGen: 7664K->496K(8192K)] 12116K->4948K(26112K), 0.0004510 secs] [Times: user=0.00 sys=0.00, real=0.00 secs] 
89.559: Total time for which application threads were stopped: 0.0005540 seconds, Stopping threads took: 0.0000480 seconds
89.599: Application time: 0.0402610 seconds
89.599: [GC [PSYoungGen: 7664K->512K(8192K)] 12116K->4964K(26112K), 0.0004560 secs] [Times: user=0.00 sys=0.00, real=0.00 secs] 
89.600: Total time for which application threads were stopped: 0.0005570 seconds, Stopping threads took: 0.0000520 seconds
89.640: Application time: 0.0406650 seconds
89.640: [GC [PSYoungGen: 7680K->544K(8192K)] 12132K->4996K(26112K), 0.0005350 secs] [Times: user=0.00 sys=0.00, real=0.00 secs] 
89.641: Total time for which application threads were stopped: 0.0006550 seconds, Stopping threads took: 0.0000570 seconds
89.681: Application time: 0.0401200 seconds
89.681: [GC [PSYoungGen: 7712K->512K(8192K)] 12164K->4964K(26112K), 0.0003960 secs] [Times: user=0.00 sys=0.00, real=0.00 secs] 
89.682: Total time for which application threads were stopped: 0.0004950 seconds, Stopping threads took: 0.0000450 seconds
89.722: Application time: 0.0402480 seconds
89.722: [GC [PSYoungGen: 7680K->496K(8192K)] 12132K->4948K(26112K), 0.0004240 secs] [Times: user=0.00 sys=0.00, real=0.00 secs] 
89.722: Total time for which application threads were stopped: 0.0005210 seconds, Stopping threads took: 0.0000430 seconds
89.762: Application time: 0.0401670 seconds
89.763: [GC [PSYoungGen: 7664K->512K(8192K)] 12116K->4964K(26112K), 0.0004240 secs] [Times: user=0.01 sys=0.00, real=0.00 secs] 
89.763: Total time for which application threads were stopped: 0.0005270 seconds, Stopping threads took: 0.0000490 seconds
89.803: Application time: 0.0402740 seconds
89.803: [GC [PSYoungGen: 7680K->496K(8192K)] 12132K->4948K(26112K), 0.0004050 secs] [Times: user=0.00 sys=0.00, real=0.00 secs] 
89.804: Total time for which application threads were stopped: 0.0004990 seconds, Stopping threads took: 0.0000430 seconds
89.844: Application time: 0.0404290 seconds
89.844: [GC [PSYoungGen: 7664K->496K(8192K)] 12116K->4948K(26112K), 0.0004030 secs] [Times: user=0.01 sys=0.00, real=0.00 secs] 
89.845: Total time for which application threads were stopped: 0.0004980 seconds, Stopping threads took: 0.0000430 seconds
89.885: Application time: 0.0403360 seconds
89.885: [GC [PSYoungGen: 7664K->352K(8192K)] 12116K->4948K(26112K), 0.0004550 secs] [Times: user=0.00 sys=0.00, real=0.00 secs] 
89.886: Total time for which application threads were stopped: 0.0005450 seconds, Stopping threads took: 0.0000390 seconds
89.926: Application time: 0.0403300 seconds
89.926: [GC [PSYoungGen: 7520K->304K(8192K)] 12116K->4956K(26112K), 0.0003800 secs] [Times: user=0.00 sys=0.00, real=0.00 secs] 
89.926: Total time for which application threads were stopped: 0.0004810 seconds, Stopping threads took: 0.0000460 seconds
89.967: Application time: 0.0402170 seconds
89.967: [GC [PSYoungGen: 7472K->272K(8192K)] 12124K->5012K(26112K), 0.0003830 secs] [Times: user=0.00 sys=0.00, real=0.00 secs] 
89.967: Total time for which application threads were stopped: 0.0004710 seconds, Stopping threads took: 0.0000360 seconds
90.007: Application time: 0.0403460 seconds
90.008: [GC [PSYoungGen: 7440K->256K(8192K)] 12180K->5044K(26112K), 0.0003620 secs] [Times: user=0.00 sys=0.00, real=0.00 secs] 
90.008: Total time for which application threads were stopped: 0.0004580 seconds, Stopping threads took: 0.0000440 seconds
90.048: Application time: 0.0398340 seconds
90.048: [GC [PSYoungGen: 7424K->272K(8192K)] 12212K->5060K(26112K), 0.0018980 secs] [Times: user=0.00 sys=0.00, real=0.01 secs] 
90.050: Total time for which application threads were stopped: 0.0020230 seconds, Stopping threads took: 0.0000540 seconds
90.088: Application time: 0.0387210 seconds
90.089: [GC [PSYoungGen: 7440K->368K(8192K)] 12228K->5156K(26112K), 0.0003830 secs] [Times: user=0.01 sys=0.00, real=0.00 secs] 
90.089: Total time for which application threads were stopped: 0.0004850 seconds, Stopping threads took: 0.0000480 seconds
90.129: Application time: 0.0399830 seconds
90.133: [GC [PSYoungGen: 7536K->400K(8192K)] 12324K->5188K(26112K), 0.0004020 secs] [Times: user=0.00 sys=0.00, real=0.00 secs] 
90.133: Total time for which application threads were stopped: 0.0045150 seconds, Stopping threads took: 0.0040610 seconds
90.173: Application time: 0.0393870 seconds
90.177: [GC [PSYoungGen: 7568K->448K(8192K)] 12356K->5236K(26112K), 0.0004740 secs] [Times: user=0.00 sys=0.00, real=0.00 secs] 
90.178: Total time for which application threads were stopped: 0.0047430 seconds, Stopping threads took: 0.0042140 seconds
90.217: Application time: 0.0396540 seconds
90.217: [GC [PSYoungGen: 7616K->512K(8192K)] 12404K->5300K(26112K), 0.0004430 secs] [Times: user=0.00 sys=0.00, real=0.00 secs] 
90.218: Total time for which application threads were stopped: 0.0005370 seconds, Stopping threads took: 0.0000420 seconds
90.258: Application time: 0.0404070 seconds
90.258: [GC [PSYoungGen: 7680K->496K(8192K)] 12468K->5284K(26112K), 0.0003920 secs] [Times: user=0.00 sys=0.00, real=0.00 secs] 
90.259: Total time for which application threads were stopped: 0.0004910 seconds, Stopping threads took: 0.0000470 seconds
90.299: Application time: 0.0404480 seconds
90.299: [GC [PSYoungGen: 7664K->528K(8192K)] 12452K->5316K(26112K), 0.0004650 secs] [Times: user=0.00 sys=0.00, real=0.00 secs] 
90.300: Total time for which application threads were stopped: 0.0005730 seconds, Stopping threads took: 0.0000530 seconds
90.340: Application time: 0.0406690 seconds
90.340: [GC [PSYoungGen: 7696K->496K(8192K)] 12484K->5284K(26112K), 0.0004100 secs] [Times: user=0.00 sys=0.00, real=0.00 secs] 
90.341: Total time for which application threads were stopped: 0.0005050 seconds, Stopping threads took: 0.0000470 seconds
90.381: Application time: 0.0402850 seconds
90.381: [GC [PSYoungGen: 7664K->496K(8192K)] 12452K->5284K(26112K), 0.0004010 secs] [Times: user=0.00 sys=0.00, real=0.00 secs] 
90.382: Total time for which application threads were stopped: 0.0004890 seconds, Stopping threads took: 0.0000370 seconds
90.422: Application time: 0.0401750 seconds
90.422: [GC [PSYoungGen: 7664K->512K(8192K)] 12452K->5300K(26112K), 0.0004020 secs] [Times: user=0.00 sys=0.00, real=0.00 secs] 
90.422: Total time for which application threads were stopped: 0.0004960 seconds, Stopping threads took: 0.0000420 seconds
90.463: Application time: 0.0402480 seconds
90.465: [GC [PSYoungGen: 7680K->496K(8192K)] 12468K->5284K(26112K), 0.0004780 secs] [Times: user=0.00 sys=0.00, real=0.00 secs] 
90.466: Total time for which application threads were stopped: 0.0029460 seconds, Stopping threads took: 0.0024190 seconds
90.506: Application time: 0.0399950 seconds
90.506: [GC [PSYoungGen: 7664K->544K(8192K)] 12452K->5332K(26112K), 0.0004530 secs] [Times: user=0.01 sys=0.00, real=0.00 secs] 
90.506: Total time for which application threads were stopped: 0.0005540 seconds, Stopping threads took: 0.0000440 seconds
90.546: Application time: 0.0402020 seconds
90.546: [GC [PSYoungGen: 7712K->496K(8192K)] 12500K->5284K(26112K), 0.0003890 secs] [Times: user=0.00 sys=0.00, real=0.00 secs] 
90.547: Total time for which application threads were stopped: 0.0004880 seconds, Stopping threads took: 0.0000490 seconds
90.587: Application time: 0.0402440 seconds
90.587: [GC [PSYoungGen: 7664K->512K(8192K)] 12452K->5300K(26112K), 0.0004550 secs] [Times: user=0.00 sys=0.00, real=0.00 secs] 
90.588: Total time for which application threads were stopped: 0.0005500 seconds, Stopping threads took: 0.0000400 seconds
90.628: Application time: 0.0401200 seconds
90.628: [GC [PSYoungGen: 7680K->560K(8192K)] 12468K->5348K(26112K), 0.0004510 secs] [Times: user=0.00 sys=0.00, real=0.00 secs] 
90.628: Total time for which application threads were stopped: 0.0005410 seconds, Stopping threads took: 0.0000380 seconds
90.669: Application time: 0.0406790 seconds
90.669: [GC [PSYoungGen: 7728K->464K(8192K)] 12516K->5308K(26112K), 0.0004590 secs] [Times: user=0.00 sys=0.00, real=0.00 secs] 
90.670: Total time for which application threads were stopped: 0.0005860 seconds, Stopping threads took: 0.0000660 seconds
90.710: Application time: 0.0403260 seconds
90.710: [GC [PSYoungGen: 7632K->368K(8192K)] 12476K->5325K(26112K), 0.0004460 secs] [Times: user=0.00 sys=0.00, real=0.00 secs] 
90.710: Total time for which application threads were stopped: 0.0005500 seconds, Stopping threads took: 0.0000470 seconds
90.751: Application time: 0.0406260 seconds
90.751: [GC [PSYoungGen: 7536K->384K(8192K)] 12493K->5389K(26112K), 0.0003700 secs] [Times: user=0.01 sys=0.00, real=0.00 secs] 
90.751: Total time for which application threads were stopped: 0.0004670 seconds, Stopping threads took: 0.0000480 seconds
90.792: Application time: 0.0402650 seconds
90.792: [GC [PSYoungGen: 7552K->272K(8192K)] 12557K->5365K(26112K), 0.0003700 secs] [Times: user=0.00 sys=0.00, real=0.00 secs] 
90.792: Total time for which application threads were stopped: 0.0004610 seconds, Stopping threads took: 0.0000430 seconds
90.833: Application time: 0.0405470 seconds
90.833: [GC [PSYoungGen: 7440K->256K(8192K)] 12533K->5413K(26112K), 0.0003850 secs] [Times: user=0.01 sys=0.00, real=0.00 secs] 
90.833: Total time for which application threads were stopped: 0.0004830 seconds, Stopping threads took: 0.0000470 seconds
90.872: Application time: 0.0389580 seconds
90.872: [GC [PSYoungGen: 7410K->320K(8192K)] 12567K->5477K(26112K), 0.0003990 secs] [Times: user=0.00 sys=0.00, real=0.00 secs] 
90.873: Total time for which application threads were stopped: 0.0005030 seconds, Stopping threads took: 0.0000500 seconds
90.912: Application time: 0.0389780 seconds
90.912: [GC [PSYoungGen: 7488K->384K(8192K)] 12645K->5541K(26112K), 0.0004350 secs] [Times: user=0.00 sys=0.00, real=0.00 secs] 
90.912: Total time for which application threads were stopped: 0.0005260 seconds, Stopping threads took: 0.0000410 seconds
90.952: Application time: 0.0399870 seconds
90.952: [GC [PSYoungGen: 7552K->464K(8192K)] 12709K->5621K(26112K), 0.0004590 secs] [Times: user=0.00 sys=0.00, real=0.00 secs] 
90.953: Total time for which application threads were stopped: 0.0005610 seconds, Stopping threads took: 0.0000500 seconds
90.992: Application time: 0.0391340 seconds
90.992: [GC [PSYoungGen: 7632K->480K(8192K)] 12789K->5637K(26112K), 0.0004660 secs] [Times: user=0.00 sys=0.00, real=0.00 secs] 
90.992: Total time for which application threads were stopped: 0.0005620 seconds, Stopping threads took: 0.0000430 seconds
91.033: Application time: 0.0402890 seconds
91.033: [GC [PSYoungGen: 7648K->544K(8192K)] 12805K->5701K(26112K), 0.0004220 secs] [Times: user=0.00 sys=0.00, real=0.00 secs] 
91.033: Total time for which application threads were stopped: 0.0005300 seconds, Stopping threads took: 0.0000520 seconds
91.074: Application time: 0.0406090 seconds
91.074: [GC [PSYoungGen: 7712K->464K(8192K)] 12869K->5621K(26112K), 0.0004030 secs] [Times: user=0.00 sys=0.00, real=0.00 secs] 
91.074: Total time for which application threads were stopped: 0.0004970 seconds, Stopping threads took: 0.0000440 seconds
91.115: Application time: 0.0402790 seconds
91.115: [GC [PSYoungGen: 7632K->512K(8192K)] 12789K->5669K(26112K), 0.0004590 secs] [Times: user=0.00 sys=0.00, real=0.00 secs] 
91.115: Total time for which application threads were stopped: 0.0005670 seconds, Stopping threads took: 0.0000470 seconds
91.156: Application time: 0.0402750 seconds
91.156: [GC [PSYoungGen: 7680K->544K(8192K)] 12837K->5701K(26112K), 0.0004660 secs] [Times: user=0.00 sys=0.00, real=0.00 secs] 
91.156: Total time for which application threads were stopped: 0.0005780 seconds, Stopping threads took: 0.0000500 seconds
91.196: Application time: 0.0402610 seconds
91.196: [GC [PSYoungGen: 7712K->528K(8192K)] 12869K->5685K(26112K), 0.0004540 secs] [Times: user=0.00 sys=0.00, real=0.00 secs] 
91.197: Total time for which application threads were stopped: 0.0005600 seconds, Stopping threads took: 0.0000520 seconds
91.237: Application time: 0.0404720 seconds
91.237: [GC [PSYoungGen: 7696K->480K(8192K)] 12853K->5637K(26112K), 0.0004460 secs] [Times: user=0.00 sys=0.00, real=0.00 secs] 
91.238: Total time for which application threads were stopped: 0.0005430 seconds, Stopping threads took: 0.0000420 seconds
91.278: Application time: 0.0401260 seconds
91.278: [GC [PSYoungGen: 7648K->512K(8192K)] 12805K->5669K(26112K), 0.0004220 secs] [Times: user=0.00 sys=0.00, real=0.00 secs] 
91.279: Total time for which application threads were stopped: 0.0005360 seconds, Stopping threads took: 0.0000580 seconds
91.319: Application time: 0.0403200 seconds
91.319: [GC [PSYoungGen: 7680K->496K(8192K)] 12837K->5653K(26112K), 0.0004140 secs] [Times: user=0.00 sys=0.00, real=0.00 secs] 
91.319: Total time for which application threads were stopped: 0.0005190 seconds, Stopping threads took: 0.0000510 seconds
91.360: Application time: 0.0401410 seconds
91.360: [GC [PSYoungGen: 7664K->480K(8192K)] 12821K->5637K(26112K), 0.0003980 secs] [Times: user=0.01 sys=0.00, real=0.00 secs] 
91.360: Total time for which application threads were stopped: 0.0005050 seconds, Stopping threads took: 0.0000530 seconds
91.400: Application time: 0.0402120 seconds
91.400: [GC [PSYoungGen: 7648K->512K(8192K)] 12805K->5669K(26112K), 0.0004550 secs] [Times: user=0.00 sys=0.00, real=0.00 secs] 
91.401: Total time for which application threads were stopped: 0.0005620 seconds, Stopping threads took: 0.0000530 seconds
91.441: Application time: 0.0403830 seconds
91.441: [GC [PSYoungGen: 7680K->512K(8192K)] 12837K->5669K(26112K), 0.0004110 secs] [Times: user=0.00 sys=0.00, real=0.00 secs] 
91.442: Total time for which application threads were stopped: 0.0005080 seconds, Stopping threads took: 0.0000470 seconds
91.482: Application time: 0.0406830 seconds
91.483: [GC [PSYoungGen: 7680K->384K(8192K)] 12837K->5661K(26112K), 0.0004190 secs] [Times: user=0.00 sys=0.00, real=0.00 secs] 
91.483: Total time for which application threads were stopped: 0.0005150 seconds, Stopping threads took: 0.0000440 seconds
91.523: Application time: 0.0402450 seconds
91.523: [GC [PSYoungGen: 7552K->320K(8192K)] 12829K->5685K(26112K), 0.0004400 secs] [Times: user=0.00 sys=0.00, real=0.00 secs] 
91.524: Total time for which application threads were stopped: 0.0005330 seconds, Stopping threads took: 0.0000390 seconds
91.564: Application time: 0.0402400 seconds
91.564: [GC [PSYoungGen: 7488K->320K(8192K)] 12853K->5733K(26112K), 0.0003690 secs] [Times: user=0.00 sys=0.00, real=0.00 secs] 
91.564: Total time for which application threads were stopped: 0.0004730 seconds, Stopping threads took: 0.0000500 seconds
91.605: Application time: 0.0406870 seconds
91.605: [GC [PSYoungGen: 7488K->208K(8192K)] 12901K->5705K(26112K), 0.0004110 secs] [Times: user=0.00 sys=0.00, real=0.00 secs] 
91.606: Total time for which application threads were stopped: 0.0005110 seconds, Stopping threads took: 0.0000480 seconds
91.646: Application time: 0.0403450 seconds
91.646: [GC [PSYoungGen: 7376K->256K(8192K)] 12873K->5753K(26112K), 0.0004490 secs] [Times: user=0.00 sys=0.00, real=0.00 secs] 
91.647: Total time for which application threads were stopped: 0.0005660 seconds, Stopping threads took: 0.0000450 seconds
91.685: Application time: 0.0382770 seconds
91.685: [GC [PSYoungGen: 7424K->368K(8192K)] 12921K->5865K(26112K), 0.0003830 secs] [Times: user=0.00 sys=0.00, real=0.00 secs] 
91.685: Total time for which application threads were stopped: 0.0004900 seconds, Stopping threads took: 0.0000510 seconds
91.725: Application time: 0.0397390 seconds
91.725: [GC [PSYoungGen: 7536K->384K(8192K)] 13033K->5881K(26112K), 0.0003910 secs] [Times: user=0.00 sys=0.00, real=0.00 secs] 
91.726: Total time for which application threads were stopped: 0.0004900 seconds, Stopping threads took: 0.0000380 seconds
91.765: Application time: 0.0394290 seconds
91.769: [GC [PSYoungGen: 7552K->464K(8192K)] 13049K->5961K(26112K), 0.0004440 secs] [Times: user=0.00 sys=0.00, real=0.00 secs] 
91.770: Total time for which application threads were stopped: 0.0045100 seconds, Stopping threads took: 0.0040130 seconds
91.809: Application time: 0.0397220 seconds
91.809: [GC [PSYoungGen: 7632K->512K(8192K)] 13129K->6009K(26112K), 0.0004330 secs] [Times: user=0.00 sys=0.00, real=0.00 secs] 
91.810: Total time for which application threads were stopped: 0.0005390 seconds, Stopping threads took: 0.0000510 seconds
91.850: Application time: 0.0405560 seconds
91.850: [GC [PSYoungGen: 7680K->528K(8192K)] 13177K->6025K(26112K), 0.0004070 secs] [Times: user=0.01 sys=0.00, real=0.00 secs] 
91.851: Total time for which application threads were stopped: 0.0005040 seconds, Stopping threads took: 0.0000460 seconds
91.891: Application time: 0.0403190 seconds
91.891: [GC [PSYoungGen: 7696K->480K(8192K)] 13193K->5977K(26112K), 0.0004340 secs] [Times: user=0.00 sys=0.00, real=0.00 secs] 
91.892: Total time for which application threads were stopped: 0.0005270 seconds, Stopping threads took: 0.0000420 seconds
91.932: Application time: 0.0402780 seconds
91.932: [GC [PSYoungGen: 7648K->496K(8192K)] 13145K->5993K(26112K), 0.0004170 secs] [Times: user=0.00 sys=0.00, real=0.00 secs] 
91.932: Total time for which application threads were stopped: 0.0005080 seconds, Stopping threads took: 0.0000390 seconds
91.973: Application time: 0.0403440 seconds
91.973: [GC [PSYoungGen: 7664K->512K(8192K)] 13161K->6009K(26112K), 0.0004240 secs] [Times: user=0.00 sys=0.00, real=0.00 secs] 
91.973: Total time for which application threads were stopped: 0.0005210 seconds, Stopping threads took: 0.0000450 seconds
92.014: Application time: 0.0403340 seconds
92.014: [GC [PSYoungGen: 7680K->544K(8192K)] 13177K->6041K(26112K), 0.0004050 secs] [Times: user=0.00 sys=0.00, real=0.00 secs] 
92.014: Total time for which application threads were stopped: 0.0005060 seconds, Stopping threads took: 0.0000480 seconds
92.055: Application time: 0.0405940 seconds
92.055: [GC [PSYoungGen: 7712K->528K(8192K)] 13209K->6025K(26112K), 0.0004640 secs] [Times: user=0.01 sys=0.00, real=0.00 secs] 
92.055: Total time for which application threads were stopped: 0.0005560 seconds, Stopping threads took: 0.0000390 seconds
92.095: Application time: 0.0401110 seconds
92.096: [GC [PSYoungGen: 7696K->528K(8192K)] 13193K->6025K(26112K), 0.0004090 secs] [Times: user=0.00 sys=0.00, real=0.00 secs] 
92.096: Total time for which application threads were stopped: 0.0005170 seconds, Stopping threads took: 0.0000520 seconds
92.136: Application time: 0.0402060 seconds
92.136: [GC [PSYoungGen: 7696K->496K(8192K)] 13193K->5993K(26112K), 0.0004290 secs] [Times: user=0.00 sys=0.00, real=0.00 secs] 
92.137: Total time for which application threads were stopped: 0.0005160 seconds, Stopping threads took: 0.0000360 seconds
92.177: Application time: 0.0402130 seconds
92.177: [GC [PSYoungGen: 7664K->496K(8192K)] 13161K->5993K(26112K), 0.0004550 secs] [Times: user=0.01 sys=0.00, real=0.00 secs] 
92.177: Total time for which application threads were stopped: 0.0005710 seconds, Stopping threads took: 0.0000550 seconds
92.218: Application time: 0.0402820 seconds
92.218: [GC [PSYoungGen: 7664K->480K(8192K)] 13161K->5977K(26112K), 0.0004280 secs] [Times: user=0.00 sys=0.00, real=0.00 secs] 
92.218: Total time for which application threads were stopped: 0.0005190 seconds, Stopping threads took: 0.0000390 seconds
92.259: Application time: 0.0404100 seconds
92.259: [GC [PSYoungGen: 7648K->512K(8192K)] 13145K->6009K(26112K), 0.0004620 secs] [Times: user=0.00 sys=0.00, real=0.00 secs] 
92.259: Total time for which application threads were stopped: 0.0005520 seconds, Stopping threads took: 0.0000380 seconds
92.300: Application time: 0.0407390 seconds
92.300: [GC [PSYoungGen: 7680K->320K(8192K)] 13177K->5949K(26112K), 0.0004860 secs] [Times: user=0.01 sys=0.00, real=0.00 secs] 
92.301: Total time for which application threads were stopped: 0.0005870 seconds, Stopping threads took: 0.0000470 seconds
92.341: Application time: 0.0403190 seconds
92.341: [GC [PSYoungGen: 7488K->336K(8192K)] 13117K->6013K(26112K), 0.0004270 secs] [Times: user=0.00 sys=0.00, real=0.00 secs] 
92.341: Total time for which application threads were stopped: 0.0005280 seconds, Stopping threads took: 0.0000430 seconds
92.382: Application time: 0.0404550 seconds
92.382: [GC [PSYoungGen: 7504K->304K(8192K)] 13181K->6061K(26112K), 0.0003810 secs] [Times: user=0.00 sys=0.00, real=0.00 secs] 
92.382: Total time for which application threads were stopped: 0.0004760 seconds, Stopping threads took: 0.0000440 seconds
92.423: Application time: 0.0406010 seconds
92.423: [GC [PSYoungGen: 7472K->256K(8192K)] 13229K->6069K(26112K), 0.0003850 secs] [Times: user=0.00 sys=0.00, real=0.00 secs] 
92.423: Total time for which application threads were stopped: 0.0004830 seconds, Stopping threads took: 0.0000440 seconds
92.464: Application time: 0.0402100 seconds
92.465: [GC [PSYoungGen: 7424K->256K(8192K)] 13237K->6069K(26112K), 0.0004030 secs] [Times: user=0.00 sys=0.00, real=0.00 secs] 
92.465: Total time for which application threads were stopped: 0.0017960 seconds, Stopping threads took: 0.0013430 seconds
92.504: Application time: 0.0381510 seconds
92.504: [GC [PSYoungGen: 7424K->336K(8192K)] 13237K->6149K(26112K), 0.0003900 secs] [Times: user=0.00 sys=0.00, real=0.00 secs] 
92.504: Total time for which application threads were stopped: 0.0005180 seconds, Stopping threads took: 0.0000740 seconds
92.544: Application time: 0.0399840 seconds
92.544: [GC [PSYoungGen: 7504K->400K(8192K)] 13317K->6213K(26112K), 0.0004010 secs] [Times: user=0.00 sys=0.00, real=0.00 secs] 
92.545: Total time for which application threads were stopped: 0.0004900 seconds, Stopping threads took: 0.0000380 seconds
92.584: Application time: 0.0390580 seconds
92.584: [GC [PSYoungGen: 7568K->480K(8192K)] 13381K->6293K(26112K), 0.0004190 secs] [Times: user=0.01 sys=0.00, real=0.00 secs] 
92.584: Total time for which application threads were stopped: 0.0005120 seconds, Stopping threads took: 0.0000430 seconds
92.624: Application time: 0.0400980 seconds
92.624: [GC [PSYoungGen: 7648K->528K(8192K)] 13461K->6341K(26112K), 0.0004220 secs] [Times: user=0.00 sys=0.00, real=0.00 secs] 
92.625: Total time for which application threads were stopped: 0.0005240 seconds, Stopping threads took: 0.0000500 seconds
92.665: Application time: 0.0403560 seconds
92.665: [GC [PSYoungGen: 7696K->512K(8192K)] 13509K->6325K(26112K), 0.0004670 secs] [Times: user=0.00 sys=0.00, real=0.00 secs] 
92.666: Total time for which application threads were stopped: 0.0005810 seconds, Stopping threads took: 0.0000550 seconds
92.706: Application time: 0.0404910 seconds
92.706: [GC [PSYoungGen: 7680K->528K(8192K)] 13493K->6341K(26112K), 0.0004200 secs] [Times: user=0.00 sys=0.00, real=0.00 secs] 
92.707: Total time for which application threads were stopped: 0.0005270 seconds, Stopping threads took: 0.0000420 seconds
92.747: Application time: 0.0402410 seconds
92.747: [GC [PSYoungGen: 7696K->528K(8192K)] 13509K->6341K(26112K), 0.0004040 secs] [Times: user=0.00 sys=0.00, real=0.00 secs] 
92.748: Total time for which application threads were stopped: 0.0005090 seconds, Stopping threads took: 0.0000490 seconds
92.788: Application time: 0.0404880 seconds
92.788: [GC [PSYoungGen: 7696K->528K(8192K)] 13509K->6341K(26112K), 0.0004760 secs] [Times: user=0.00 sys=0.00, real=0.00 secs] 
92.789: Total time for which application threads were stopped: 0.0005720 seconds, Stopping threads took: 0.0000430 seconds
92.829: Application time: 0.0403100 seconds
92.829: [GC [PSYoungGen: 7696K->512K(8192K)] 13509K->6325K(26112K), 0.0004280 secs] [Times: user=0.00 sys=0.00, real=0.00 secs] 
92.829: Total time for which application threads were stopped: 0.0005390 seconds, Stopping threads took: 0.0000530 seconds
92.870: Application time: 0.0404490 seconds
92.870: [GC [PSYoungGen: 7680K->496K(8192K)] 13493K->6309K(26112K), 0.0004270 secs] [Times: user=0.00 sys=0.00, real=0.00 secs] 
92.870: Total time for which application threads were stopped: 0.0005300 seconds, Stopping threads took: 0.0000500 seconds
92.910: Application time: 0.0400630 seconds
92.911: [GC [PSYoungGen: 7664K->512K(8192K)] 13477K->6325K(26112K), 0.0004160 secs] [Times: user=0.00 sys=0.00, real=0.00 secs] 
92.911: Total time for which application threads were stopped: 0.0005240 seconds, Stopping threads took: 0.0000530 seconds
92.951: Application time: 0.0401480 seconds
92.951: [GC [PSYoungGen: 7680K->528K(8192K)] 13493K->6341K(26112K), 0.0004050 secs] [Times: user=0.00 sys=0.00, real=0.00 secs] 
92.952: Total time for which application threads were stopped: 0.0005000 seconds, Stopping threads took: 0.0000420 seconds
92.992: Application time: 0.0402750 seconds
92.993: [GC [PSYoungGen: 7696K->512K(8192K)] 13509K->6325K(26112K), 0.0004220 secs] [Times: user=0.00 sys=0.00, real=0.00 secs] 
92.994: Total time for which application threads were stopped: 0.0015820 seconds, Stopping threads took: 0.0011010 seconds
93.034: Application time: 0.0401570 seconds
93.034: [GC [PSYoungGen: 7680K->512K(8192K)] 13493K->6325K(26112K), 0.0004290 secs] [Times: user=0.00 sys=0.00, real=0.00 secs] 
93.034: Total time for which application threads were stopped: 0.0005430 seconds, Stopping threads took: 0.0000570 seconds
93.075: Application time: 0.0406650 seconds
93.075: [GC [PSYoungGen: 7680K->480K(8192K)] 13493K->6293K(26112K), 0.0004570 secs] [Times: user=0.00 sys=0.00, real=0.00 secs] 
93.075: Total time for which application threads were stopped: 0.0005470 seconds, Stopping threads took: 0.0000400 seconds
93.116: Application time: 0.0402580 seconds
93.116: [GC [PSYoungGen: 7648K->352K(8192K)] 13461K->6317K(26112K), 0.0004230 secs] [Times: user=0.00 sys=0.00, real=0.00 secs] 
93.116: Total time for which application threads were stopped: 0.0005190 seconds, Stopping threads took: 0.0000480 seconds
93.156: Application time: 0.0401930 seconds
93.156: [GC [PSYoungGen: 7520K->304K(8192K)] 13485K->6325K(26112K), 0.0004260 secs] [Times: user=0.00 sys=0.00, real=0.00 secs] 
93.157: Total time for which application threads were stopped: 0.0005200 seconds, Stopping threads took: 0.0000440 seconds
93.197: Application time: 0.0404600 seconds
93.197: [GC [PSYoungGen: 7472K->272K(8192K)] 13493K->6393K(26112K), 0.0003780 secs] [Times: user=0.00 sys=0.00, real=0.00 secs] 
93.198: Total time for which application threads were stopped: 0.0004770 seconds, Stopping threads took: 0.0000450 seconds
93.238: Application time: 0.0402510 seconds
93.238: [GC [PSYoungGen: 7440K->256K(8192K)] 13561K->6433K(26112K), 0.0004150 secs] [Times: user=0.00 sys=0.00, real=0.00 secs] 
93.239: Total time for which application threads were stopped: 0.0005300 seconds, Stopping threads took: 0.0000540 seconds
93.278: Application time: 0.0396590 seconds
93.278: [GC [PSYoungGen: 7424K->272K(8192K)] 13601K->6449K(26112K), 0.0003730 secs] [Times: user=0.00 sys=0.00, real=0.00 secs] 
93.279: Total time for which application threads were stopped: 0.0004660 seconds, Stopping threads took: 0.0000410 seconds
93.317: Application time: 0.0386200 seconds
93.317: [GC [PSYoungGen: 7440K->352K(8192K)] 13617K->6529K(26112K), 0.0003560 secs] [Times: user=0.00 sys=0.00, real=0.00 secs] 
93.318: Total time for which application threads were stopped: 0.0004440 seconds, Stopping threads took: 0.0000380 seconds
93.358: Application time: 0.0397610 seconds
93.358: [GC [PSYoungGen: 7520K->368K(8192K)] 13697K->6545K(26112K), 0.0004350 secs] [Times: user=0.01 sys=0.00, real=0.00 secs] 
93.358: Total time for which application threads were stopped: 0.0005330 seconds, Stopping threads took: 0.0000430 seconds
93.397: Application time: 0.0392000 seconds
93.397: [GC [PSYoungGen: 7536K->480K(8192K)] 13713K->6657K(26112K), 0.0004430 secs] [Times: user=0.00 sys=0.00, real=0.00 secs] 
93.398: Total time for which application threads were stopped: 0.0005350 seconds, Stopping threads took: 0.0000420 seconds
93.438: Application time: 0.0400650 seconds
93.438: [GC [PSYoungGen: 7648K->496K(8192K)] 13825K->6673K(26112K), 0.0004400 secs] [Times: user=0.00 sys=0.00, real=0.00 secs] 
93.438: Total time for which application threads were stopped: 0.0005420 seconds, Stopping threads took: 0.0000510 seconds
93.479: Application time: 0.0405570 seconds
93.479: [GC [PSYoungGen: 7664K->512K(8192K)] 13841K->6689K(26112K), 0.0004240 secs] [Times: user=0.00 sys=0.00, real=0.00 secs] 
93.480: Total time for which application threads were stopped: 0.0005320 seconds, Stopping threads took: 0.0000530 seconds
93.520: Application time: 0.0404020 seconds
93.520: [GC [PSYoungGen: 7680K->512K(8192K)] 13857K->6689K(26112K), 0.0004210 secs] [Times: user=0.01 sys=0.00, real=0.00 secs] 
93.521: Total time for which application threads were stopped: 0.0005210 seconds, Stopping threads took: 0.0000480 seconds
93.561: Application time: 0.0404810 seconds
93.561: [GC [PSYoungGen: 7680K->512K(8192K)] 13857K->6689K(26112K), 0.0004060 secs] [Times: user=0.00 sys=0.00, real=0.00 secs] 
93.562: Total time for which application threads were stopped: 0.0005080 seconds, Stopping threads took: 0.0000470 seconds
93.602: Application time: 0.0404910 seconds
93.602: [GC [PSYoungGen: 7680K->512K(8192K)] 13857K->6689K(26112K), 0.0004170 secs] [Times: user=0.00 sys=0.00, real=0.00 secs] 
93.603: Total time for which application threads were stopped: 0.0005110 seconds, Stopping threads took: 0.0000430 seconds
93.643: Application time: 0.0407600 seconds
93.645: [GC [PSYoungGen: 7680K->496K(8192K)] 13857K->6674K(26112K), 0.0004570 secs] [Times: user=0.00 sys=0.00, real=0.00 secs] 
93.646: Total time for which application threads were stopped: 0.0022670 seconds, Stopping threads took: 0.0017490 seconds
93.686: Application time: 0.0401390 seconds
93.686: [GC [PSYoungGen: 7664K->528K(8192K)] 13842K->6705K(26112K), 0.0004120 secs] [Times: user=0.00 sys=0.00, real=0.00 secs] 
93.686: Total time for which application threads were stopped: 0.0005060 seconds, Stopping threads took: 0.0000430 seconds
93.726: Application time: 0.0400480 seconds
93.726: [GC [PSYoungGen: 7696K->496K(8192K)] 13873K->6674K(26112K), 0.0004350 secs] [Times: user=0.00 sys=0.00, real=0.00 secs] 
93.727: Total time for which application threads were stopped: 0.0005200 seconds, Stopping threads took: 0.0000370 seconds
93.767: Application time: 0.0401390 seconds
93.767: [GC [PSYoungGen: 7664K->464K(8192K)] 13842K->6641K(26112K), 0.0004110 secs] [Times: user=0.01 sys=0.00, real=0.00 secs] 
93.767: Total time for which application threads were stopped: 0.0005150 seconds, Stopping threads took: 0.0000450 seconds
93.808: Application time: 0.0401350 seconds
93.808: [GC [PSYoungGen: 7632K->528K(8192K)] 13809K->6705K(26112K), 0.0004140 secs] [Times: user=0.00 sys=0.00, real=0.00 secs] 
93.808: Total time for which application threads were stopped: 0.0005080 seconds, Stopping threads took: 0.0000410 seconds
93.848: Application time: 0.0402250 seconds
93.848: [GC [PSYoungGen: 7696K->528K(8192K)] 13873K->6705K(26112K), 0.0004530 secs] [Times: user=0.00 sys=0.00, real=0.00 secs] 
93.849: Total time for which application threads were stopped: 0.0005560 seconds, Stopping threads took: 0.0000490 seconds
93.889: Application time: 0.0405800 seconds
93.889: [GC [PSYoungGen: 7696K->480K(8192K)] 13873K->6705K(26112K), 0.0004340 secs] [Times: user=0.00 sys=0.00, real=0.00 secs] 
93.890: Total time for which application threads were stopped: 0.0005390 seconds, Stopping threads took: 0.0000490 seconds
93.930: Application time: 0.0403750 seconds
93.930: [GC [PSYoungGen: 7648K->368K(8192K)] 13873K->6722K(26112K), 0.0004070 secs] [Times: user=0.00 sys=0.00, real=0.00 secs] 
93.931: Total time for which application threads were stopped: 0.0004930 seconds, Stopping threads took: 0.0000370 seconds
93.971: Application time: 0.0403800 seconds
93.971: [GC [PSYoungGen: 7536K->304K(8192K)] 13890K->6698K(26112K), 0.0004980 secs] [Times: user=0.00 sys=0.00, real=0.00 secs] 
93.972: Total time for which application threads were stopped: 0.0006050 seconds, Stopping threads took: 0.0000550 seconds
94.012: Application time: 0.0404200 seconds
94.012: [GC [PSYoungGen: 7472K->272K(8192K)] 13866K->6754K(26112K), 0.0003870 secs] [Times: user=0.00 sys=0.00, real=0.00 secs] 
94.013: Total time for which application threads were stopped: 0.0004810 seconds, Stopping threads took: 0.0000430 seconds
94.053: Application time: 0.0407450 seconds
94.054: [GC [PSYoungGen: 7440K->256K(8192K)] 13922K->6786K(26112K), 0.0003520 secs] [Times: user=0.00 sys=0.00, real=0.00 secs] 
94.054: Total time for which application threads were stopped: 0.0004420 seconds, Stopping threads took: 0.0000410 seconds
94.093: Application time: 0.0388300 seconds
94.097: [GC [PSYoungGen: 7424K->352K(8192K)] 13954K->6882K(26112K), 0.0004270 secs] [Times: user=0.00 sys=0.00, real=0.00 secs] 
94.098: Total time for which application threads were stopped: 0.0047670 seconds, Stopping threads took: 0.0042890 seconds
94.138: Application time: 0.0400500 seconds
94.138: [GC [PSYoungGen: 7520K->352K(8192K)] 14050K->6882K(26112K), 0.0004130 secs] [Times: user=0.00 sys=0.00, real=0.00 secs] 
94.138: Total time for which application threads were stopped: 0.0005180 seconds, Stopping threads took: 0.0000510 seconds
94.177: Application time: 0.0389870 seconds
94.177: [GC [PSYoungGen: 7520K->480K(8192K)] 14050K->7010K(26112K), 0.0004020 secs] [Times: user=0.00 sys=0.00, real=0.00 secs] 
94.178: Total time for which application threads were stopped: 0.0004980 seconds, Stopping threads took: 0.0000420 seconds
94.217: Application time: 0.0394160 seconds
94.217: [GC [PSYoungGen: 7648K->528K(8192K)] 14178K->7058K(26112K), 0.0004130 secs] [Times: user=0.00 sys=0.00, real=0.00 secs] 
94.217: Total time for which application threads were stopped: 0.0005120 seconds, Stopping threads took: 0.0000450 seconds
94.258: Application time: 0.0405240 seconds
94.258: [GC [PSYoungGen: 7696K->512K(8192K)] 14226K->7042K(26112K), 0.0004460 secs] [Times: user=0.00 sys=0.00, real=0.00 secs] 
94.259: Total time for which application threads were stopped: 0.0005370 seconds, Stopping threads took: 0.0000410 seconds
94.299: Application time: 0.0404640 seconds
94.299: [GC [PSYoungGen: 7680K->512K(8192K)] 14210K->7042K(26112K), 0.0004170 secs] [Times: user=0.00 sys=0.00, real=0.00 secs] 
94.300: Total time for which application threads were stopped: 0.0005300 seconds, Stopping threads took: 0.0000500 seconds
94.340: Application time: 0.0402190 seconds
94.340: [GC [PSYoungGen: 7680K->496K(8192K)] 14210K->7026K(26112K), 0.0004770 secs] [Times: user=0.00 sys=0.00, real=0.00 secs] 
94.340: Total time for which application threads were stopped: 0.0005890 seconds, Stopping threads took: 0.0000550 seconds
94.381: Application time: 0.0405460 seconds
94.385: [GC [PSYoungGen: 7664K->528K(8192K)] 14194K->7058K(26112K), 0.0004280 secs] [Times: user=0.00 sys=0.00, real=0.00 secs] 
94.385: Total time for which application threads were stopped: 0.0045810 seconds, Stopping threads took: 0.0041010 seconds
94.426: Application time: 0.0406310 seconds
94.426: [GC [PSYoungGen: 7696K->512K(8192K)] 14226K->7042K(26112K), 0.0004160 secs] [Times: user=0.00 sys=0.00, real=0.00 secs] 
94.427: Total time for which application threads were stopped: 0.0005070 seconds, Stopping threads took: 0.0000400 seconds
94.467: Application time: 0.0402440 seconds
94.469: [GC [PSYoungGen: 7680K->480K(8192K)] 14210K->7010K(26112K), 0.0004500 secs] [Times: user=0.00 sys=0.00, real=0.00 secs] 
94.470: Total time for which application threads were stopped: 0.0026360 seconds, Stopping threads took: 0.0021310 seconds
94.509: Application time: 0.0399410 seconds
94.510: [GC [PSYoungGen: 7648K->480K(8192K)] 14178K->7010K(26112K), 0.0004260 secs] [Times: user=0.00 sys=0.00, real=0.00 secs] 
94.510: Total time for which application threads were stopped: 0.0005200 seconds, Stopping threads took: 0.0000430 seconds
94.550: Application time: 0.0404340 seconds
94.550: [GC [PSYoungGen: 7648K->480K(8192K)] 14178K->7010K(26112K), 0.0004040 secs] [Times: user=0.00 sys=0.00, real=0.00 secs] 
94.551: Total time for which application threads were stopped: 0.0005050 seconds, Stopping threads took: 0.0000420 seconds
94.591: Application time: 0.0398830 seconds
94.591: [GC [PSYoungGen: 7648K->512K(8192K)] 14178K->7042K(26112K), 0.0004490 secs] [Times: user=0.00 sys=0.00, real=0.00 secs] 
94.591: Total time for which application threads were stopped: 0.0005400 seconds, Stopping threads took: 0.0000420 seconds
94.632: Application time: 0.0402710 seconds
94.632: [GC [PSYoungGen: 7680K->480K(8192K)] 14210K->7010K(26112K), 0.0004160 secs] [Times: user=0.00 sys=0.00, real=0.00 secs] 
94.632: Total time for which application threads were stopped: 0.0005070 seconds, Stopping threads took: 0.0000410 seconds
94.673: Application time: 0.0407250 seconds
94.673: [GC [PSYoungGen: 7648K->512K(8192K)] 14178K->7042K(26112K), 0.0004910 secs] [Times: user=0.00 sys=0.00, real=0.00 secs] 
94.673: Total time for which application threads were stopped: 0.0005960 seconds, Stopping threads took: 0.0000500 seconds
94.714: Application time: 0.0403550 seconds
94.714: [GC [PSYoungGen: 7680K->352K(8192K)] 14210K->7002K(26112K), 0.0004090 secs] [Times: user=0.00 sys=0.00, real=0.00 secs] 
94.714: Total time for which application threads were stopped: 0.0005050 seconds, Stopping threads took: 0.0000470 seconds
94.755: Application time: 0.0402240 seconds
94.757: [GC [PSYoungGen: 7520K->368K(8192K)] 14170K->7074K(26112K), 0.0004050 secs] [Times: user=0.01 sys=0.00, real=0.00 secs] 
94.757: Total time for which application threads were stopped: 0.0029240 seconds, Stopping threads took: 0.0024680 seconds
94.798: Application time: 0.0402980 seconds
94.798: [GC [PSYoungGen: 7536K->288K(8192K)] 14242K->7090K(26112K), 0.0003910 secs] [Times: user=0.00 sys=0.00, real=0.00 secs] 
94.798: Total time for which application threads were stopped: 0.0004930 seconds, Stopping threads took: 0.0000500 seconds
94.839: Application time: 0.0405360 seconds
94.839: [GC [PSYoungGen: 7456K->256K(8192K)] 14258K->7138K(26112K), 0.0003940 secs] [Times: user=0.01 sys=0.00, real=0.00 secs] 
94.839: Total time for which application threads were stopped: 0.0004920 seconds, Stopping threads took: 0.0000370 seconds
94.880: Application time: 0.0405200 seconds
94.880: [GC [PSYoungGen: 7424K->256K(8192K)] 14306K->7138K(26112K), 0.0003590 secs] [Times: user=0.01 sys=0.00, real=0.00 secs] 
94.880: Total time for which application threads were stopped: 0.0004480 seconds, Stopping threads took: 0.0000380 seconds
94.919: Application time: 0.0389190 seconds
94.919: [GC [PSYoungGen: 7424K->304K(8192K)] 14306K->7186K(26112K), 0.0004150 secs] [Times: user=0.00 sys=0.00, real=0.00 secs] 
94.920: Total time for which application threads were stopped: 0.0005150 seconds, Stopping threads took: 0.0000470 seconds
94.959: Application time: 0.0393680 seconds
94.959: [GC [PSYoungGen: 7472K->368K(8192K)] 14354K->7250K(26112K), 0.0005110 secs] [Times: user=0.00 sys=0.00, real=0.00 secs] 
94.960: Total time for which application threads were stopped: 0.0006100 seconds, Stopping threads took: 0.0000460 seconds
94.999: Application time: 0.0392470 seconds
94.999: [GC [PSYoungGen: 7536K->448K(8192K)] 14418K->7330K(26112K), 0.0003950 secs] [Times: user=0.00 sys=0.00, real=0.00 secs] 
94.999: Total time for which application threads were stopped: 0.0004950 seconds, Stopping threads took: 0.0000480 seconds
95.039: Application time: 0.0399280 seconds
95.039: [GC [PSYoungGen: 7616K->480K(8192K)] 14498K->7362K(26112K), 0.0004690 secs] [Times: user=0.00 sys=0.00, real=0.00 secs] 
95.040: Total time for which application threads were stopped: 0.0005660 seconds, Stopping threads took: 0.0000460 seconds
95.080: Application time: 0.0403600 seconds
95.080: [GC [PSYoungGen: 7648K->480K(8192K)] 14530K->7362K(26112K), 0.0004840 secs] [Times: user=0.01 sys=0.00, real=0.01 secs] 
95.082: Total time for which application threads were stopped: 0.0016260 seconds, Stopping threads took: 0.0000370 seconds
95.122: Application time: 0.0405120 seconds
95.123: [GC [PSYoungGen: 7648K->544K(8192K)] 14530K->7426K(26112K), 0.0004080 secs] [Times: user=0.00 sys=0.00, real=0.00 secs] 
95.123: Total time for which application threads were stopped: 0.0005130 seconds, Stopping threads took: 0.0000470 seconds
95.163: Application time: 0.0403780 seconds
95.163: [GC [PSYoungGen: 7712K->480K(8192K)] 14594K->7362K(26112K), 0.0004140 secs] [Times: user=0.00 sys=0.00, real=0.00 secs] 
95.164: Total time for which application threads were stopped: 0.0005100 seconds, Stopping threads took: 0.0000470 seconds
95.204: Application time: 0.0402100 seconds
95.204: [GC [PSYoungGen: 7648K->496K(8192K)] 14530K->7378K(26112K), 0.0004030 secs] [Times: user=0.01 sys=0.00, real=0.00 secs] 
95.205: Total time for which application threads were stopped: 0.0005060 seconds, Stopping threads took: 0.0000480 seconds
95.245: Application time: 0.0402430 seconds
95.245: [GC [PSYoungGen: 7664K->496K(8192K)] 14546K->7378K(26112K), 0.0004710 secs] [Times: user=0.00 sys=0.00, real=0.00 secs] 
95.245: Total time for which application threads were stopped: 0.0005760 seconds, Stopping threads took: 0.0000520 seconds
95.286: Application time: 0.0401990 seconds
95.286: [GC [PSYoungGen: 7664K->480K(8192K)] 14546K->7362K(26112K), 0.0004160 secs] [Times: user=0.00 sys=0.00, real=0.00 secs] 
95.286: Total time for which application threads were stopped: 0.0005070 seconds, Stopping threads took: 0.0000400 seconds
95.326: Application time: 0.0401020 seconds
95.326: [GC [PSYoungGen: 7648K->496K(8192K)] 14530K->7378K(26112K), 0.0004040 secs] [Times: user=0.01 sys=0.00, real=0.00 secs] 
95.327: Total time for which application threads were stopped: 0.0005050 seconds, Stopping threads took: 0.0000470 seconds
95.367: Application time: 0.0401890 seconds
95.367: [GC [PSYoungGen: 7664K->464K(8192K)] 14546K->7346K(26112K), 0.0004370 secs] [Times: user=0.00 sys=0.00, real=0.00 secs] 
95.367: Total time for which application threads were stopped: 0.0005510 seconds, Stopping threads took: 0.0000490 seconds
95.408: Application time: 0.0401300 seconds
95.408: [GC [PSYoungGen: 7632K->496K(8192K)] 14514K->7378K(26112K), 0.0004150 secs] [Times: user=0.01 sys=0.00, real=0.00 secs] 
95.408: Total time for which application threads were stopped: 0.0005140 seconds, Stopping threads took: 0.0000450 seconds
95.449: Application time: 0.0404820 seconds
95.449: [GC [PSYoungGen: 7664K->512K(8192K)] 14546K->7394K(26112K), 0.0004290 secs] [Times: user=0.00 sys=0.00, real=0.01 secs] 
95.449: Total time for which application threads were stopped: 0.0005350 seconds, Stopping threads took: 0.0000530 seconds
95.490: Application time: 0.0413890 seconds
95.491: [GC [PSYoungGen: 7680K->528K(8192K)] 14562K->7410K(26112K), 0.0004520 secs] [Times: user=0.01 sys=0.00, real=0.00 secs] 
95.491: Total time for which application threads were stopped: 0.0005590 seconds, Stopping threads took: 0.0000520 seconds
95.531: Application time: 0.0403260 seconds
95.531: [GC [PSYoungGen: 7696K->400K(8192K)] 14578K->7406K(26112K), 0.0004150 secs] [Times: user=0.01 sys=0.00, real=0.00 secs] 
95.532: Total time for which application threads were stopped: 0.0005110 seconds, Stopping threads took: 0.0000420 seconds
95.572: Application time: 0.0403070 seconds
95.572: [GC [PSYoungGen: 7568K->352K(8192K)] 14574K->7446K(26112K), 0.0004340 secs] [Times: user=0.00 sys=0.00, real=0.00 secs] 
95.573: Total time for which application threads were stopped: 0.0005280 seconds, Stopping threads took: 0.0000410 seconds
95.613: Application time: 0.0402890 seconds
95.613: [GC [PSYoungGen: 7520K->272K(8192K)] 14614K->7462K(26112K), 0.0003660 secs] [Times: user=0.00 sys=0.00, real=0.00 secs] 
95.613: Total time for which application threads were stopped: 0.0004690 seconds, Stopping threads took: 0.0000490 seconds
95.655: Application time: 0.0411690 seconds
95.655: [GC [PSYoungGen: 7440K->272K(8192K)] 14630K->7518K(26112K), 0.0004260 secs] [Times: user=0.00 sys=0.00, real=0.00 secs] 
95.655: Total time for which application threads were stopped: 0.0005420 seconds, Stopping threads took: 0.0000530 seconds
95.695: Application time: 0.0402190 seconds
95.695: [GC [PSYoungGen: 7440K->256K(8192K)] 14686K->7502K(26112K), 0.0004080 secs] [Times: user=0.01 sys=0.00, real=0.00 secs] 
95.696: Total time for which application threads were stopped: 0.0005090 seconds, Stopping threads took: 0.0000460 seconds
95.735: Application time: 0.0385870 seconds
95.735: [GC [PSYoungGen: 7424K->368K(8192K)] 14670K->7614K(26112K), 0.0003870 secs] [Times: user=0.00 sys=0.00, real=0.00 secs] 
95.735: Total time for which application threads were stopped: 0.0004800 seconds, Stopping threads took: 0.0000370 seconds
95.774: Application time: 0.0391780 seconds
95.774: [GC [PSYoungGen: 7536K->384K(8192K)] 14782K->7630K(26112K), 0.0004050 secs] [Times: user=0.01 sys=0.00, real=0.00 secs] 
95.775: Total time for which application threads were stopped: 0.0005140 seconds, Stopping threads took: 0.0000520 seconds
95.814: Application time: 0.0390380 seconds
95.814: [GC [PSYoungGen: 7552K->544K(8192K)] 14798K->7790K(26112K), 0.0004240 secs] [Times: user=0.00 sys=0.00, real=0.00 secs] 
95.814: Total time for which application threads were stopped: 0.0005350 seconds, Stopping threads took: 0.0000530 seconds
95.855: Application time: 0.0402560 seconds
95.855: [GC [PSYoungGen: 7712K->480K(8192K)] 14958K->7726K(26112K), 0.0004210 secs] [Times: user=0.00 sys=0.00, real=0.00 secs] 
95.855: Total time for which application threads were stopped: 0.0005280 seconds, Stopping threads took: 0.0000510 seconds
95.895: Application time: 0.0403630 seconds
95.896: [GC [PSYoungGen: 7648K->528K(8192K)] 14894K->7774K(26112K), 0.0004160 secs] [Times: user=0.00 sys=0.00, real=0.00 secs] 
95.896: Total time for which application threads were stopped: 0.0005300 seconds, Stopping threads took: 0.0000460 seconds
95.936: Application time: 0.0405110 seconds
95.937: [GC [PSYoungGen: 7696K->480K(8192K)] 14942K->7726K(26112K), 0.0004450 secs] [Times: user=0.00 sys=0.00, real=0.00 secs] 
95.937: Total time for which application threads were stopped: 0.0005410 seconds, Stopping threads took: 0.0000380 seconds
95.978: Application time: 0.0406910 seconds
95.978: [GC [PSYoungGen: 7648K->464K(8192K)] 14894K->7710K(26112K), 0.0004240 secs] [Times: user=0.00 sys=0.00, real=0.00 secs] 
95.978: Total time for which application threads were stopped: 0.0005300 seconds, Stopping threads took: 0.0000520 seconds
96.018: Application time: 0.0402640 seconds
96.019: [GC [PSYoungGen: 7632K->512K(8192K)] 14878K->7758K(26112K), 0.0004950 secs] [Times: user=0.00 sys=0.00, real=0.00 secs] 
96.019: Total time for which application threads were stopped: 0.0005990 seconds, Stopping threads took: 0.0000460 seconds
96.059: Application time: 0.0403840 seconds
96.060: [GC [PSYoungGen: 7680K->544K(8192K)] 14926K->7790K(26112K), 0.0004160 secs] [Times: user=0.00 sys=0.00, real=0.00 secs] 
96.060: Total time for which application threads were stopped: 0.0005170 seconds, Stopping threads took: 0.0000460 seconds
96.100: Application time: 0.0403080 seconds
96.100: [GC [PSYoungGen: 7712K->480K(8192K)] 14958K->7726K(26112K), 0.0004250 secs] [Times: user=0.00 sys=0.00, real=0.00 secs] 
96.101: Total time for which application threads were stopped: 0.0005250 seconds, Stopping threads took: 0.0000430 seconds
96.141: Application time: 0.0401520 seconds
96.141: [GC [PSYoungGen: 7648K->528K(8192K)] 14894K->7774K(26112K), 0.0004070 secs] [Times: user=0.00 sys=0.00, real=0.00 secs] 
96.141: Total time for which application threads were stopped: 0.0005090 seconds, Stopping threads took: 0.0000470 seconds
96.182: Application time: 0.0402570 seconds
96.185: [GC [PSYoungGen: 7696K->496K(8192K)] 14942K->7742K(26112K), 0.0004360 secs] [Times: user=0.00 sys=0.00, real=0.00 secs] 
96.186: Total time for which application threads were stopped: 0.0037890 seconds, Stopping threads took: 0.0032940 seconds
96.226: Application time: 0.0400960 seconds
96.226: [GC [PSYoungGen: 7664K->528K(8192K)] 14910K->7774K(26112K), 0.0004180 secs] [Times: user=0.01 sys=0.00, real=0.00 secs] 
96.226: Total time for which application threads were stopped: 0.0005160 seconds, Stopping threads took: 0.0000410 seconds
96.266: Application time: 0.0402230 seconds
96.266: [GC [PSYoungGen: 7696K->496K(8192K)] 14942K->7742K(26112K), 0.0004300 secs] [Times: user=0.00 sys=0.00, real=0.00 secs] 
96.267: Total time for which application threads were stopped: 0.0005390 seconds, Stopping threads took: 0.0000520 seconds
96.307: Application time: 0.0402730 seconds
96.309: [GC [PSYoungGen: 7664K->496K(8192K)] 14910K->7742K(26112K), 0.0004350 secs] [Times: user=0.01 sys=0.00, real=0.00 secs] 
96.310: Total time for which application threads were stopped: 0.0023170 seconds, Stopping threads took: 0.0018270 seconds
96.350: Application time: 0.0402030 seconds
96.350: [GC [PSYoungGen: 7664K->400K(8192K)] 14910K->7766K(26112K), 0.0005190 secs] [Times: user=0.00 sys=0.00, real=0.00 secs] 
96.350: Total time for which application threads were stopped: 0.0006130 seconds, Stopping threads took: 0.0000390 seconds
96.391: Application time: 0.0403500 seconds
96.391: [GC [PSYoungGen: 7568K->304K(8192K)] 14934K->7758K(26112K), 0.0004000 secs] [Times: user=0.00 sys=0.00, real=0.00 secs] 
96.391: Total time for which application threads were stopped: 0.0005060 seconds, Stopping threads took: 0.0000520 seconds
96.431: Application time: 0.0401820 seconds
96.431: [GC [PSYoungGen: 7472K->256K(8192K)] 14926K->7850K(26112K), 0.0003980 secs] [Times: user=0.00 sys=0.00, real=0.00 secs] 
96.432: Total time for which application threads were stopped: 0.0005190 seconds, Stopping threads took: 0.0000530 seconds
96.472: Application time: 0.0404640 seconds
96.472: [GC [PSYoungGen: 7424K->256K(8192K)] 15018K->7850K(26112K), 0.0003610 secs] [Times: user=0.00 sys=0.00, real=0.00 secs] 
96.473: Total time for which application threads were stopped: 0.0004590 seconds, Stopping threads took: 0.0000440 seconds
96.512: Application time: 0.0393270 seconds
96.512: [GC [PSYoungGen: 7424K->320K(8192K)] 15018K->7914K(26112K), 0.0003830 secs] [Times: user=0.00 sys=0.00, real=0.00 secs] 
96.513: Total time for which application threads were stopped: 0.0004770 seconds, Stopping threads took: 0.0000390 seconds
96.553: Application time: 0.0400210 seconds
96.553: [GC [PSYoungGen: 7488K->304K(8192K)] 15082K->7898K(26112K), 0.0003900 secs] [Times: user=0.00 sys=0.00, real=0.00 secs] 
96.553: Total time for which application threads were stopped: 0.0004880 seconds, Stopping threads took: 0.0000440 seconds
96.592: Application time: 0.0393070 seconds
96.593: [GC [PSYoungGen: 7472K->384K(8192K)] 15066K->7978K(26112K), 0.0004490 secs] [Times: user=0.00 sys=0.00, real=0.00 secs] 
96.593: Total time for which application threads were stopped: 0.0005580 seconds, Stopping threads took: 0.0000500 seconds
96.632: Application time: 0.0387200 seconds
96.632: [GC [PSYoungGen: 7552K->496K(8192K)] 15146K->8090K(26112K), 0.0004560 secs] [Times: user=0.00 sys=0.00, real=0.00 secs] 
96.632: Total time for which application threads were stopped: 0.0005660 seconds, Stopping threads took: 0.0000500 seconds
96.673: Application time: 0.0410010 seconds
96.673: [GC [PSYoungGen: 7664K->528K(8192K)] 15258K->8123K(26112K), 0.0004850 secs] [Times: user=0.01 sys=0.00, real=0.00 secs] 
96.674: Total time for which application threads were stopped: 0.0006010 seconds, Stopping threads took: 0.0000510 seconds
96.714: Application time: 0.0403820 seconds
96.714: [GC [PSYoungGen: 7696K->496K(8192K)] 15291K->8090K(26112K), 0.0004310 secs] [Times: user=0.00 sys=0.00, real=0.00 secs] 
96.715: Total time for which application threads were stopped: 0.0005360 seconds, Stopping threads took: 0.0000470 seconds
96.756: Application time: 0.0409720 seconds
96.756: [GC [PSYoungGen: 7664K->480K(8192K)] 15258K->8074K(26112K), 0.0004710 secs] [Times: user=0.00 sys=0.00, real=0.00 secs] 
96.756: Total time for which application threads were stopped: 0.0005750 seconds, Stopping threads took: 0.0000470 seconds
96.797: Application time: 0.0403000 seconds
96.797: [GC [PSYoungGen: 7648K->512K(8192K)] 15242K->8106K(26112K), 0.0004590 secs] [Times: user=0.01 sys=0.00, real=0.00 secs] 
96.797: Total time for which application threads were stopped: 0.0005520 seconds, Stopping threads took: 0.0000360 seconds
96.838: Application time: 0.0403260 seconds
96.838: [GC [PSYoungGen: 7680K->496K(8192K)] 15274K->8090K(26112K), 0.0004540 secs] [Times: user=0.00 sys=0.00, real=0.00 secs] 
96.838: Total time for which application threads were stopped: 0.0005660 seconds, Stopping threads took: 0.0000550 seconds
96.878: Application time: 0.0402840 seconds
96.878: [GC [PSYoungGen: 7664K->480K(8192K)] 15258K->8074K(26112K), 0.0004300 secs] [Times: user=0.00 sys=0.00, real=0.00 secs] 
96.879: Total time for which application threads were stopped: 0.0005360 seconds, Stopping threads took: 0.0000520 seconds
96.919: Application time: 0.0401220 seconds
96.919: [GC [PSYoungGen: 7648K->480K(8192K)] 15242K->8074K(26112K), 0.0004510 secs] [Times: user=0.00 sys=0.00, real=0.00 secs] 
96.920: Total time for which application threads were stopped: 0.0005610 seconds, Stopping threads took: 0.0000490 seconds
96.960: Application time: 0.0402340 seconds
96.960: [GC [PSYoungGen: 7648K->480K(8192K)] 15242K->8074K(26112K), 0.0004330 secs] [Times: user=0.00 sys=0.00, real=0.00 secs] 
96.960: Total time for which application threads were stopped: 0.0005380 seconds, Stopping threads took: 0.0000420 seconds
97.001: Application time: 0.0402300 seconds
97.001: [GC [PSYoungGen: 7648K->512K(8192K)] 15242K->8107K(26112K), 0.0004970 secs] [Times: user=0.00 sys=0.00, real=0.01 secs] 
97.001: Total time for which application threads were stopped: 0.0005980 seconds, Stopping threads took: 0.0000500 seconds
97.041: Application time: 0.0402080 seconds
97.042: [GC [PSYoungGen: 7680K->496K(8192K)] 15275K->8090K(26112K), 0.0004180 secs] [Times: user=0.00 sys=0.00, real=0.00 secs] 
97.042: Total time for which application threads were stopped: 0.0005200 seconds, Stopping threads took: 0.0000440 seconds
97.082: Application time: 0.0401900 seconds
97.082: [GC [PSYoungGen: 7664K->560K(8192K)] 15258K->8155K(26112K), 0.0004210 secs] [Times: user=0.00 sys=0.00, real=0.00 secs] 
97.083: Total time for which application threads were stopped: 0.0005170 seconds, Stopping threads took: 0.0000390 seconds
97.123: Application time: 0.0405500 seconds
97.123: [GC [PSYoungGen: 7728K->464K(8192K)] 15323K->8147K(26112K), 0.0004140 secs] [Times: user=0.00 sys=0.00, real=0.00 secs] 
97.124: Total time for which application threads were stopped: 0.0005160 seconds, Stopping threads took: 0.0000470 seconds
97.164: Application time: 0.0406770 seconds
97.164: [GC [PSYoungGen: 7632K->368K(8192K)] 15315K->8099K(26112K), 0.0004140 secs] [Times: user=0.00 sys=0.00, real=0.00 secs] 
97.165: Total time for which application threads were stopped: 0.0005050 seconds, Stopping threads took: 0.0000360 seconds
97.205: Application time: 0.0402550 seconds
97.205: [GC [PSYoungGen: 7536K->320K(8192K)] 15267K->8143K(26112K), 0.0004770 secs] [Times: user=0.00 sys=0.00, real=0.00 secs] 
97.206: Total time for which application threads were stopped: 0.0005960 seconds, Stopping threads took: 0.0000590 seconds
97.246: Application time: 0.0401970 seconds
97.246: [GC [PSYoungGen: 7488K->256K(8192K)] 15311K->8207K(26112K), 0.0003810 secs] [Times: user=0.00 sys=0.00, real=0.00 secs] 
97.246: Total time for which application threads were stopped: 0.0004790 seconds, Stopping threads took: 0.0000410 seconds
97.287: Application time: 0.0403120 seconds
97.287: [GC [PSYoungGen: 7424K->256K(8192K)] 15375K->8207K(26112K), 0.0003870 secs] [Times: user=0.00 sys=0.00, real=0.00 secs] 
97.287: Total time for which application threads were stopped: 0.0004980 seconds, Stopping threads took: 0.0000500 seconds
97.326: Application time: 0.0386540 seconds
97.326: [GC [PSYoungGen: 7424K->304K(8192K)] 15375K->8255K(26112K), 0.0004280 secs] [Times: user=0.00 sys=0.00, real=0.00 secs] 
97.326: Total time for which application threads were stopped: 0.0005410 seconds, Stopping threads took: 0.0000530 seconds
97.366: Application time: 0.0397850 seconds
97.366: [GC [PSYoungGen: 7472K->384K(8192K)] 15423K->8335K(26112K), 0.0004060 secs] [Times: user=0.00 sys=0.00, real=0.00 secs] 
97.367: Total time for which application threads were stopped: 0.0005140 seconds, Stopping threads took: 0.0000500 seconds
97.407: Application time: 0.0400550 seconds
97.407: [GC [PSYoungGen: 7552K->416K(8192K)] 15503K->8367K(26112K), 0.0004090 secs] [Times: user=0.00 sys=0.00, real=0.00 secs] 
97.407: Total time for which application threads were stopped: 0.0005120 seconds, Stopping threads took: 0.0000440 seconds
97.446: Application time: 0.0389650 seconds
97.446: [GC [PSYoungGen: 7584K->464K(8192K)] 15535K->8415K(26112K), 0.0004480 secs] [Times: user=0.00 sys=0.00, real=0.00 secs] 
97.447: Total time for which application threads were stopped: 0.0005470 seconds, Stopping threads took: 0.0000430 seconds
97.487: Application time: 0.0405330 seconds
97.487: [GC [PSYoungGen: 7632K->512K(8192K)] 15583K->8463K(26112K), 0.0004270 secs] [Times: user=0.00 sys=0.00, real=0.00 secs] 
97.488: Total time for which application threads were stopped: 0.0005440 seconds, Stopping threads took: 0.0000510 seconds
97.528: Application time: 0.0404290 seconds
97.529: [GC [PSYoungGen: 7680K->496K(8192K)] 15631K->8447K(26112K), 0.0004040 secs] [Times: user=0.00 sys=0.00, real=0.00 secs] 
97.529: Total time for which application threads were stopped: 0.0011260 seconds, Stopping threads took: 0.0006660 seconds
97.570: Application time: 0.0406160 seconds
97.570: [GC [PSYoungGen: 7664K->496K(8192K)] 15615K->8447K(26112K), 0.0004210 secs] [Times: user=0.00 sys=0.00, real=0.00 secs] 
97.571: Total time for which application threads were stopped: 0.0005200 seconds, Stopping threads took: 0.0000400 seconds
97.611: Application time: 0.0403240 seconds
97.611: [GC [PSYoungGen: 7664K->528K(8192K)] 15615K->8479K(26112K), 0.0004280 secs] [Times: user=0.00 sys=0.00, real=0.00 secs] 
97.611: Total time for which application threads were stopped: 0.0005270 seconds, Stopping threads took: 0.0000430 seconds
97.652: Application time: 0.0404090 seconds
97.652: [GC [PSYoungGen: 7696K->528K(8192K)] 15647K->8479K(26112K), 0.0004770 secs] [Times: user=0.00 sys=0.00, real=0.00 secs] 
97.652: Total time for which application threads were stopped: 0.0006030 seconds, Stopping threads took: 0.0000580 seconds
97.693: Application time: 0.0407090 seconds
97.693: [GC [PSYoungGen: 7696K->496K(8192K)] 15647K->8447K(26112K), 0.0004230 secs] [Times: user=0.01 sys=0.00, real=0.00 secs] 
97.694: Total time for which application threads were stopped: 0.0005180 seconds, Stopping threads took: 0.0000400 seconds
97.734: Application time: 0.0400020 seconds
97.734: [GC [PSYoungGen: 7664K->480K(8192K)] 15615K->8431K(26112K), 0.0004320 secs] [Times: user=0.00 sys=0.00, real=0.00 secs] 
97.734: Total time for which application threads were stopped: 0.0005270 seconds, Stopping threads took: 0.0000390 seconds
97.774: Application time: 0.0401390 seconds
97.774: [GC [PSYoungGen: 7648K->480K(8192K)] 15599K->8431K(26112K), 0.0004520 secs] [Times: user=0.00 sys=0.00, real=0.00 secs] 
97.775: Total time for which application threads were stopped: 0.0005550 seconds, Stopping threads took: 0.0000490 seconds
97.815: Application time: 0.0401780 seconds
97.815: [GC [PSYoungGen: 7648K->480K(8192K)] 15599K->8431K(26112K), 0.0004330 secs] [Times: user=0.00 sys=0.00, real=0.00 secs] 
97.816: Total time for which application threads were stopped: 0.0005340 seconds, Stopping threads took: 0.0000430 seconds
97.856: Application time: 0.0401490 seconds
97.856: [GC [PSYoungGen: 7648K->512K(8192K)] 15599K->8463K(26112K), 0.0004190 secs] [Times: user=0.00 sys=0.00, real=0.00 secs] 
97.856: Total time for which application threads were stopped: 0.0005260 seconds, Stopping threads took: 0.0000500 seconds
97.897: Application time: 0.0404280 seconds
97.897: [GC [PSYoungGen: 7680K->544K(8192K)] 15631K->8495K(26112K), 0.0004300 secs] [Times: user=0.00 sys=0.00, real=0.00 secs] 
97.897: Total time for which application threads were stopped: 0.0005410 seconds, Stopping threads took: 0.0000520 seconds
97.938: Application time: 0.0402400 seconds
97.938: [GC [PSYoungGen: 7712K->368K(8192K)] 15663K->8431K(26112K), 0.0004520 secs] [Times: user=0.00 sys=0.00, real=0.00 secs] 
97.938: Total time for which application threads were stopped: 0.0005640 seconds, Stopping threads took: 0.0000470 seconds
97.978: Application time: 0.0402810 seconds
97.978: [GC [PSYoungGen: 7536K->352K(8192K)] 15599K->8511K(26112K), 0.0004050 secs] [Times: user=0.00 sys=0.00, real=0.00 secs] 
97.979: Total time for which application threads were stopped: 0.0004990 seconds, Stopping threads took: 0.0000400 seconds
98.019: Application time: 0.0403280 seconds
98.019: [GC [PSYoungGen: 7520K->352K(8192K)] 15679K->8567K(26112K), 0.0003830 secs] [Times: user=0.00 sys=0.00, real=0.00 secs] 
98.020: Total time for which application threads were stopped: 0.0004850 seconds, Stopping threads took: 0.0000370 seconds
98.060: Application time: 0.0403480 seconds
98.060: [GC [PSYoungGen: 7520K->256K(8192K)] 15735K->8559K(26112K), 0.0004030 secs] [Times: user=0.00 sys=0.00, real=0.00 secs] 
98.061: Total time for which application threads were stopped: 0.0005140 seconds, Stopping threads took: 0.0000530 seconds
98.101: Application time: 0.0404750 seconds
98.101: [GC [PSYoungGen: 7424K->256K(8192K)] 15727K->8559K(26112K), 0.0003570 secs] [Times: user=0.00 sys=0.00, real=0.00 secs] 
98.102: Total time for which application threads were stopped: 0.0004700 seconds, Stopping threads took: 0.0000550 seconds
98.140: Application time: 0.0389070 seconds
98.141: [GC [PSYoungGen: 7424K->304K(8192K)] 15727K->8607K(26112K), 0.0003770 secs] [Times: user=0.00 sys=0.00, real=0.00 secs] 
98.141: Total time for which application threads were stopped: 0.0004840 seconds, Stopping threads took: 0.0000510 seconds
98.180: Application time: 0.0392220 seconds
98.180: [GC [PSYoungGen: 7472K->400K(8192K)] 15775K->8703K(26112K), 0.0004130 secs] [Times: user=0.00 sys=0.00, real=0.00 secs] 
98.181: Total time for which application threads were stopped: 0.0005130 seconds, Stopping threads took: 0.0000420 seconds
98.221: Application time: 0.0400120 seconds
98.221: [GC [PSYoungGen: 7568K->432K(8192K)] 15871K->8735K(26112K), 0.0004070 secs] [Times: user=0.00 sys=0.00, real=0.01 secs] 
98.221: Total time for which application threads were stopped: 0.0005100 seconds, Stopping threads took: 0.0000480 seconds
98.260: Application time: 0.0392540 seconds
98.261: [GC [PSYoungGen: 7600K->480K(8192K)] 15903K->8783K(26112K), 0.0004660 secs] [Times: user=0.00 sys=0.00, real=0.01 secs] 
98.261: Total time for which application threads were stopped: 0.0005750 seconds, Stopping threads took: 0.0000530 seconds
98.301: Application time: 0.0402470 seconds
98.301: [GC [PSYoungGen: 7648K->528K(8192K)] 15951K->8831K(26112K), 0.0004190 secs] [Times: user=0.00 sys=0.00, real=0.00 secs] 
98.302: Total time for which application threads were stopped: 0.0005400 seconds, Stopping threads took: 0.0000640 seconds
98.342: Application time: 0.0402450 seconds
98.342: [GC [PSYoungGen: 7696K->496K(8192K)] 15999K->8799K(26112K), 0.0004540 secs] [Times: user=0.00 sys=0.00, real=0.00 secs] 
98.343: Total time for which application threads were stopped: 0.0005490 seconds, Stopping threads took: 0.0000380 seconds
98.383: Application time: 0.0407460 seconds
98.383: [GC [PSYoungGen: 7664K->496K(8192K)] 15967K->8799K(26112K), 0.0004200 secs] [Times: user=0.00 sys=0.00, real=0.00 secs] 
98.384: Total time for which application threads were stopped: 0.0005400 seconds, Stopping threads took: 0.0000640 seconds
98.424: Application time: 0.0404880 seconds
98.424: [GC [PSYoungGen: 7664K->512K(8192K)] 15967K->8815K(26112K), 0.0004850 secs] [Times: user=0.00 sys=0.00, real=0.00 secs] 
98.425: Total time for which application threads were stopped: 0.0006090 seconds, Stopping threads took: 0.0000650 seconds
98.465: Application time: 0.0402740 seconds
98.465: [GC [PSYoungGen: 7680K->512K(8192K)] 15983K->8815K(26112K), 0.0004670 secs] [Times: user=0.00 sys=0.00, real=0.00 secs] 
98.466: Total time for which application threads were stopped: 0.0005720 seconds, Stopping threads took: 0.0000460 seconds
98.507: Application time: 0.0406620 seconds
98.507: [GC [PSYoungGen: 7680K->480K(8192K)] 15983K->8783K(26112K), 0.0004710 secs] [Times: user=0.00 sys=0.00, real=0.00 secs] 
98.507: Total time for which application threads were stopped: 0.0005730 seconds, Stopping threads took: 0.0000390 seconds
98.547: Application time: 0.0401780 seconds
98.547: [GC [PSYoungGen: 7648K->480K(8192K)] 15951K->8783K(26112K), 0.0004300 secs] [Times: user=0.01 sys=0.00, real=0.00 secs] 
98.548: Total time for which application threads were stopped: 0.0005500 seconds, Stopping threads took: 0.0000560 seconds
98.588: Application time: 0.0401950 seconds
98.589: [GC [PSYoungGen: 7648K->496K(8192K)] 15951K->8799K(26112K), 0.0004330 secs] [Times: user=0.01 sys=0.00, real=0.00 secs] 
98.590: Total time for which application threads were stopped: 0.0015030 seconds, Stopping threads took: 0.0010120 seconds
98.630: Application time: 0.0402680 seconds
98.630: [GC [PSYoungGen: 7664K->480K(8192K)] 15967K->8783K(26112K), 0.0004190 secs] [Times: user=0.00 sys=0.00, real=0.00 secs] 
98.630: Total time for which application threads were stopped: 0.0005140 seconds, Stopping threads took: 0.0000370 seconds
98.671: Application time: 0.0405840 seconds
98.671: [GC [PSYoungGen: 7648K->480K(8192K)] 15951K->8783K(26112K), 0.0004620 secs] [Times: user=0.01 sys=0.00, real=0.00 secs] 
98.671: Total time for which application threads were stopped: 0.0005850 seconds, Stopping threads took: 0.0000590 seconds
98.712: Application time: 0.0402970 seconds
98.712: [GC [PSYoungGen: 7648K->496K(8192K)] 15951K->8799K(26112K), 0.0004540 secs] [Times: user=0.00 sys=0.00, real=0.00 secs] 
98.712: Total time for which application threads were stopped: 0.0005560 seconds, Stopping threads took: 0.0000460 seconds
98.753: Application time: 0.0403260 seconds
98.753: [GC [PSYoungGen: 7664K->368K(8192K)] 15967K->8791K(26112K), 0.0004570 secs] [Times: user=0.00 sys=0.00, real=0.00 secs] 
98.753: Total time for which application threads were stopped: 0.0005770 seconds, Stopping threads took: 0.0000630 seconds
98.794: Application time: 0.0407310 seconds
98.794: [GC [PSYoungGen: 7536K->304K(8192K)] 15959K->8815K(26112K), 0.0004280 secs] [Times: user=0.00 sys=0.00, real=0.00 secs] 
98.794: Total time for which application threads were stopped: 0.0005360 seconds, Stopping threads took: 0.0000510 seconds
98.835: Application time: 0.0406540 seconds
98.835: [GC [PSYoungGen: 7472K->336K(8192K)] 15983K->8903K(26112K), 0.0003810 secs] [Times: user=0.00 sys=0.00, real=0.00 secs] 
98.836: Total time for which application threads were stopped: 0.0004930 seconds, Stopping threads took: 0.0000530 seconds
98.876: Application time: 0.0402660 seconds
98.876: [GC [PSYoungGen: 7504K->256K(8192K)] 16071K->8911K(26112K), 0.0004200 secs] [Times: user=0.00 sys=0.00, real=0.00 secs] 
98.876: Total time for which application threads were stopped: 0.0005210 seconds, Stopping threads took: 0.0000440 seconds
98.916: Application time: 0.0399550 seconds
98.916: [GC [PSYoungGen: 7424K->272K(8192K)] 16079K->8927K(26112K), 0.0003620 secs] [Times: user=0.00 sys=0.00, real=0.00 secs] 
98.917: Total time for which application threads were stopped: 0.0004580 seconds, Stopping threads took: 0.0000380 seconds
98.956: Application time: 0.0392810 seconds
98.956: [GC [PSYoungGen: 7440K->304K(8192K)] 16095K->8959K(26112K), 0.0003940 secs] [Times: user=0.00 sys=0.00, real=0.00 secs] 
98.957: Total time for which application threads were stopped: 0.0005040 seconds, Stopping threads took: 0.0000530 seconds
98.996: Application time: 0.0395400 seconds
98.996: [GC [PSYoungGen: 7472K->400K(8192K)] 16127K->9055K(26112K), 0.0004630 secs] [Times: user=0.00 sys=0.00, real=0.00 secs] 
98.997: Total time for which application threads were stopped: 0.0005880 seconds, Stopping threads took: 0.0000670 seconds
99.036: Application time: 0.0392550 seconds
99.036: [GC [PSYoungGen: 7568K->448K(8192K)] 16223K->9103K(26112K), 0.0004130 secs] [Times: user=0.01 sys=0.00, real=0.00 secs] 
99.037: Total time for which application threads were stopped: 0.0005190 seconds, Stopping threads took: 0.0000480 seconds
99.076: Application time: 0.0396620 seconds
99.076: [GC [PSYoungGen: 7616K->512K(8192K)] 16271K->9167K(26112K), 0.0004830 secs] [Times: user=0.01 sys=0.00, real=0.00 secs] 
99.077: Total time for which application threads were stopped: 0.0006020 seconds, Stopping threads took: 0.0000480 seconds
99.118: Application time: 0.0407070 seconds
99.118: [GC [PSYoungGen: 7680K->496K(8192K)] 16335K->9151K(26112K), 0.0004900 secs] [Times: user=0.00 sys=0.00, real=0.00 secs] 
99.118: Total time for which application threads were stopped: 0.0005900 seconds, Stopping threads took: 0.0000410 seconds
99.158: Application time: 0.0403380 seconds
99.159: [GC [PSYoungGen: 7664K->512K(8192K)] 16319K->9167K(26112K), 0.0004260 secs] [Times: user=0.00 sys=0.00, real=0.00 secs] 
99.159: Total time for which application threads were stopped: 0.0005340 seconds, Stopping threads took: 0.0000540 seconds
99.200: Application time: 0.0406380 seconds
99.200: [GC [PSYoungGen: 7680K->496K(8192K)] 16335K->9151K(26112K), 0.0004130 secs] [Times: user=0.00 sys=0.00, real=0.00 secs] 
99.200: Total time for which application threads were stopped: 0.0005110 seconds, Stopping threads took: 0.0000420 seconds
99.241: Application time: 0.0403740 seconds
99.241: [GC [PSYoungGen: 7664K->432K(8192K)] 16319K->9087K(26112K), 0.0004920 secs] [Times: user=0.00 sys=0.00, real=0.01 secs] 
99.241: Total time for which application threads were stopped: 0.0005920 seconds, Stopping threads took: 0.0000430 seconds
99.281: Application time: 0.0402270 seconds
99.281: [GC [PSYoungGen: 7600K->528K(8192K)] 16255K->9183K(26112K), 0.0004070 secs] [Times: user=0.00 sys=0.00, real=0.00 secs] 
99.282: Total time for which application threads were stopped: 0.0005170 seconds, Stopping threads took: 0.0000500 seconds
99.322: Application time: 0.0402730 seconds
99.322: [GC [PSYoungGen: 7696K->480K(8192K)] 16351K->9135K(26112K), 0.0004590 secs] [Times: user=0.00 sys=0.00, real=0.00 secs] 
99.323: Total time for which application threads were stopped: 0.0005580 seconds, Stopping threads took: 0.0000430 seconds
99.363: Application time: 0.0406560 seconds
99.363: [GC [PSYoungGen: 7648K->512K(8192K)] 16303K->9167K(26112K), 0.0004940 secs] [Times: user=0.00 sys=0.00, real=0.00 secs] 
99.364: Total time for which application threads were stopped: 0.0006070 seconds, Stopping threads took: 0.0000550 seconds
99.404: Application time: 0.0403220 seconds
99.404: [GC [PSYoungGen: 7680K->464K(8192K)] 16335K->9119K(26112K), 0.0004330 secs] [Times: user=0.00 sys=0.00, real=0.00 secs] 
99.405: Total time for which application threads were stopped: 0.0005380 seconds, Stopping threads took: 0.0000470 seconds
99.445: Application time: 0.0405800 seconds
99.445: [GC [PSYoungGen: 7632K->544K(8192K)] 16287K->9199K(26112K), 0.0004590 secs] [Times: user=0.00 sys=0.00, real=0.00 secs] 
99.446: Total time for which application threads were stopped: 0.0005590 seconds, Stopping threads took: 0.0000410 seconds
99.486: Application time: 0.0402430 seconds
99.486: [GC [PSYoungGen: 7712K->512K(8192K)] 16367K->9167K(26112K), 0.0004340 secs] [Times: user=0.00 sys=0.00, real=0.00 secs] 
99.487: Total time for which application threads were stopped: 0.0005330 seconds, Stopping threads took: 0.0000420 seconds
99.527: Application time: 0.0403290 seconds
99.529: [GC [PSYoungGen: 7680K->432K(8192K)] 16335K->9143K(26112K), 0.0004690 secs] [Times: user=0.00 sys=0.00, real=0.00 secs] 
99.530: Total time for which application threads were stopped: 0.0024950 seconds, Stopping threads took: 0.0019660 seconds
99.570: Application time: 0.0403070 seconds
99.570: [GC [PSYoungGen: 7600K->400K(8192K)] 16311K->9191K(26112K), 0.0004160 secs] [Times: user=0.01 sys=0.00, real=0.00 secs] 
99.570: Total time for which application threads were stopped: 0.0005190 seconds, Stopping threads took: 0.0000460 seconds
99.611: Application time: 0.0402720 seconds
99.611: [GC [PSYoungGen: 7568K->336K(8192K)] 16359K->9207K(26112K), 0.0004010 secs] [Times: user=0.00 sys=0.00, real=0.00 secs] 
99.611: Total time for which application threads were stopped: 0.0005120 seconds, Stopping threads took: 0.0000450 seconds
99.652: Application time: 0.0409400 seconds
99.652: [GC [PSYoungGen: 7504K->272K(8192K)] 16375K->9231K(26112K), 0.0004520 secs] [Times: user=0.00 sys=0.00, real=0.00 secs] 
99.653: Total time for which application threads were stopped: 0.0005640 seconds, Stopping threads took: 0.0000480 seconds
99.693: Application time: 0.0406800 seconds
99.693: [GC [PSYoungGen: 7440K->256K(8192K)] 16399K->9263K(26112K), 0.0003810 secs] [Times: user=0.00 sys=0.00, real=0.00 secs] 
99.694: Total time for which application threads were stopped: 0.0004930 seconds, Stopping threads took: 0.0000510 seconds
99.734: Application time: 0.0401450 seconds
99.737: [GC [PSYoungGen: 7424K->272K(8192K)] 16431K->9279K(26112K), 0.0003820 secs] [Times: user=0.00 sys=0.00, real=0.00 secs] 
99.737: Total time for which application threads were stopped: 0.0034640 seconds, Stopping threads took: 0.0030200 seconds
99.776: Application time: 0.0386740 seconds
99.776: [GC [PSYoungGen: 7440K->320K(8192K)] 16447K->9328K(26112K), 0.0004130 secs] [Times: user=0.00 sys=0.00, real=0.00 secs] 
99.777: Total time for which application threads were stopped: 0.0005430 seconds, Stopping threads took: 0.0000690 seconds
99.816: Application time: 0.0396420 seconds
99.816: [GC [PSYoungGen: 7488K->400K(8192K)] 16496K->9408K(26112K), 0.0004750 secs] [Times: user=0.01 sys=0.00, real=0.00 secs] 
99.817: Total time for which application threads were stopped: 0.0005850 seconds, Stopping threads took: 0.0000510 seconds
99.856: Application time: 0.0393350 seconds
99.856: [GC [PSYoungGen: 7568K->464K(8192K)] 16576K->9471K(26112K), 0.0004420 secs] [Times: user=0.00 sys=0.00, real=0.00 secs] 
99.857: Total time for which application threads were stopped: 0.0005440 seconds, Stopping threads took: 0.0000470 seconds
99.897: Application time: 0.0399110 seconds
99.897: [GC [PSYoungGen: 7632K->512K(8192K)] 16639K->9519K(26112K), 0.0004430 secs] [Times: user=0.00 sys=0.00, real=0.00 secs] 
99.897: Total time for which application threads were stopped: 0.0005590 seconds, Stopping threads took: 0.0000540 seconds
99.938: Application time: 0.0403780 seconds
99.938: [GC [PSYoungGen: 7680K->512K(8192K)] 16687K->9519K(26112K), 0.0004600 secs] [Times: user=0.00 sys=0.00, real=0.00 secs] 
99.938: Total time for which application threads were stopped: 0.0005670 seconds, Stopping threads took: 0.0000490 seconds
99.979: Application time: 0.0405430 seconds
99.979: [GC [PSYoungGen: 7680K->496K(8192K)] 16687K->9503K(26112K), 0.0004220 secs] [Times: user=0.00 sys=0.00, real=0.00 secs] 
99.979: Total time for which application threads were stopped: 0.0005280 seconds, Stopping threads took: 0.0000520 seconds
100.020: Application time: 0.0403670 seconds
100.020: [GC [PSYoungGen: 7664K->528K(8192K)] 16671K->9535K(26112K), 0.0004700 secs] [Times: user=0.00 sys=0.00, real=0.00 secs] 
100.020: Total time for which application threads were stopped: 0.0005810 seconds, Stopping threads took: 0.0000560 seconds
100.060: Application time: 0.0402030 seconds
100.061: [GC [PSYoungGen: 7696K->544K(8192K)] 16703K->9552K(26112K), 0.0004210 secs] [Times: user=0.00 sys=0.00, real=0.00 secs] 
100.061: Total time for which application threads were stopped: 0.0005460 seconds, Stopping threads took: 0.0000630 seconds
100.102: Application time: 0.0406320 seconds
100.102: [GC [PSYoungGen: 7712K->480K(8192K)] 16720K->9488K(26112K), 0.0004800 secs] [Times: user=0.00 sys=0.00, real=0.00 secs] 
100.103: Total time for which application threads were stopped: 0.0016870 seconds, Stopping threads took: 0.0000670 seconds
100.143: Application time: 0.0401690 seconds
100.144: [GC [PSYoungGen: 7648K->496K(8192K)] 16656K->9504K(26112K), 0.0004390 secs] [Times: user=0.00 sys=0.00, real=0.00 secs] 
100.144: Total time for which application threads were stopped: 0.0005500 seconds, Stopping threads took: 0.0000460 seconds
100.184: Application time: 0.0402070 seconds
100.184: [GC [PSYoungGen: 7664K->496K(8192K)] 16672K->9503K(26112K), 0.0004230 secs] [Times: user=0.00 sys=0.00, real=0.00 secs] 
100.185: Total time for which application threads were stopped: 0.0005460 seconds, Stopping threads took: 0.0000650 seconds
100.225: Application time: 0.0403350 seconds
100.225: [GC [PSYoungGen: 7664K->480K(8192K)] 16671K->9488K(26112K), 0.0004440 secs] [Times: user=0.00 sys=0.00, real=0.00 secs] 
100.226: Total time for which application threads were stopped: 0.0005470 seconds, Stopping threads took: 0.0000470 seconds
100.266: Application time: 0.0401280 seconds
100.266: [GC [PSYoungGen: 7648K->496K(8192K)] 16656K->9503K(26112K), 0.0004200 secs] [Times: user=0.00 sys=0.00, real=0.00 secs] 
100.266: Total time for which application threads were stopped: 0.0005190 seconds, Stopping threads took: 0.0000450 seconds
100.306: Application time: 0.0401550 seconds
100.307: [GC [PSYoungGen: 7664K->512K(8192K)] 16671K->9520K(26112K), 0.0004010 secs] [Times: user=0.00 sys=0.00, real=0.00 secs] 
100.307: Total time for which application threads were stopped: 0.0005080 seconds, Stopping threads took: 0.0000480 seconds
100.347: Application time: 0.0402590 seconds
100.347: [GC [PSYoungGen: 7680K->480K(8192K)] 16688K->9560K(26112K), 0.0004230 secs] [Times: user=0.01 sys=0.00, real=0.00 secs] 
100.348: Total time for which application threads were stopped: 0.0005270 seconds, Stopping threads took: 0.0000460 seconds
100.388: Application time: 0.0403570 seconds
100.388: [GC [PSYoungGen: 7648K->320K(8192K)] 16728K->9512K(26112K), 0.0004090 secs] [Times: user=0.00 sys=0.00, real=0.00 secs] 
100.389: Total time for which application threads were stopped: 0.0005210 seconds, Stopping threads took: 0.0000560 seconds
100.429: Application time: 0.0405960 seconds
100.429: [GC [PSYoungGen: 7488K->320K(8192K)] 16680K->9568K(26112K), 0.0004230 secs] [Times: user=0.00 sys=0.00, real=0.00 secs] 
100.430: Total time for which application threads were stopped: 0.0005230 seconds, Stopping threads took: 0.0000450 seconds
100.470: Application time: 0.0403650 seconds
100.470: [GC [PSYoungGen: 7488K->272K(8192K)] 16736K->9624K(26112K), 0.0004300 secs] [Times: user=0.00 sys=0.00, real=0.00 secs] 
100.471: Total time for which application threads were stopped: 0.0005350 seconds, Stopping threads took: 0.0000480 seconds
100.512: Application time: 0.0409490 seconds
100.512: [GC [PSYoungGen: 7440K->256K(8192K)] 16792K->9672K(26112K), 0.0003770 secs] [Times: user=0.00 sys=0.00, real=0.00 secs] 
100.512: Total time for which application threads were stopped: 0.0004770 seconds, Stopping threads took: 0.0000450 seconds
100.551: Application time: 0.0386660 seconds
100.551: [GC [PSYoungGen: 7424K->336K(8192K)] 16840K->9752K(26112K), 0.0003660 secs] [Times: user=0.00 sys=0.00, real=0.00 secs] 
100.551: Total time for which application threads were stopped: 0.0004720 seconds, Stopping threads took: 0.0000510 seconds
100.590: Application time: 0.0389150 seconds
100.590: [GC [PSYoungGen: 7504K->384K(8192K)] 16920K->9800K(26112K), 0.0003930 secs] [Times: user=0.00 sys=0.00, real=0.00 secs] 
100.591: Total time for which application threads were stopped: 0.0004990 seconds, Stopping threads took: 0.0000500 seconds
100.631: Application time: 0.0400510 seconds
100.631: [GC [PSYoungGen: 7552K->432K(8192K)] 16968K->9848K(26112K), 0.0004100 secs] [Times: user=0.00 sys=0.00, real=0.00 secs] 
100.631: Total time for which application threads were stopped: 0.0005140 seconds, Stopping threads took: 0.0000480 seconds
100.671: Application time: 0.0395470 seconds
100.671: [GC [PSYoungGen: 7600K->512K(8192K)] 17016K->9928K(26112K), 0.0005420 secs] [Times: user=0.01 sys=0.00, real=0.00 secs] 
100.671: Total time for which application threads were stopped: 0.0006570 seconds, Stopping threads took: 0.0000400 seconds
100.712: Application time: 0.0404720 seconds
100.712: [GC [PSYoungGen: 7680K->528K(8192K)] 17096K->9944K(26112K), 0.0004330 secs] [Times: user=0.00 sys=0.00, real=0.00 secs] 
100.712: Total time for which application threads were stopped: 0.0005420 seconds, Stopping threads took: 0.0000500 seconds
100.753: Application time: 0.0403810 seconds
100.753: [GC [PSYoungGen: 7696K->480K(8192K)] 17112K->9896K(26112K), 0.0004210 secs] [Times: user=0.00 sys=0.00, real=0.00 secs] 
100.753: Total time for which application threads were stopped: 0.0005380 seconds, Stopping threads took: 0.0000480 seconds
100.794: Application time: 0.0406430 seconds
100.794: [GC [PSYoungGen: 7648K->496K(8192K)] 17064K->9912K(26112K), 0.0004340 secs] [Times: user=0.00 sys=0.00, real=0.00 secs] 
100.795: Total time for which application threads were stopped: 0.0005320 seconds, Stopping threads took: 0.0000410 seconds
100.835: Application time: 0.0402330 seconds
100.835: [GC [PSYoungGen: 7664K->480K(8192K)] 17080K->9896K(26112K), 0.0004590 secs] [Times: user=0.00 sys=0.00, real=0.00 secs] 
100.835: Total time for which application threads were stopped: 0.0005550 seconds, Stopping threads took: 0.0000390 seconds
100.876: Application time: 0.0403090 seconds
100.876: [GC [PSYoungGen: 7648K->496K(8192K)] 17064K->9912K(26112K), 0.0004920 secs] [Times: user=0.00 sys=0.00, real=0.00 secs] 
100.876: Total time for which application threads were stopped: 0.0005990 seconds, Stopping threads took: 0.0000480 seconds
100.917: Application time: 0.0408360 seconds
100.917: [GC [PSYoungGen: 7664K->512K(8192K)] 17080K->9928K(26112K), 0.0004610 secs] [Times: user=0.00 sys=0.00, real=0.00 secs] 
100.918: Total time for which application threads were stopped: 0.0005660 seconds, Stopping threads took: 0.0000510 seconds
100.958: Application time: 0.0402320 seconds
100.958: [GC [PSYoungGen: 7680K->496K(8192K)] 17096K->9912K(26112K), 0.0004670 secs] [Times: user=0.00 sys=0.00, real=0.00 secs] 
100.958: Total time for which application threads were stopped: 0.0005680 seconds, Stopping threads took: 0.0000450 seconds
100.999: Application time: 0.0401550 seconds
100.999: [GC [PSYoungGen: 7664K->512K(8192K)] 17080K->9928K(26112K), 0.0004240 secs] [Times: user=0.00 sys=0.00, real=0.00 secs] 
100.999: Total time for which application threads were stopped: 0.0005190 seconds, Stopping threads took: 0.0000380 seconds
101.039: Application time: 0.0401980 seconds
101.039: [GC [PSYoungGen: 7680K->528K(8192K)] 17096K->9944K(26112K), 0.0004170 secs] [Times: user=0.01 sys=0.00, real=0.00 secs] 
101.040: Total time for which application threads were stopped: 0.0005280 seconds, Stopping threads took: 0.0000510 seconds
101.080: Application time: 0.0400280 seconds
101.080: [GC [PSYoungGen: 7696K->480K(8192K)] 17112K->9896K(26112K), 0.0004680 secs] [Times: user=0.00 sys=0.00, real=0.00 secs] 
101.080: Total time for which application threads were stopped: 0.0005670 seconds, Stopping threads took: 0.0000420 seconds
101.121: Application time: 0.0404460 seconds
101.121: [GC [PSYoungGen: 7648K->496K(8192K)] 17064K->9912K(26112K), 0.0004290 secs] [Times: user=0.00 sys=0.00, real=0.00 secs] 
101.121: Total time for which application threads were stopped: 0.0005390 seconds, Stopping threads took: 0.0000470 seconds
101.162: Application time: 0.0409880 seconds
101.163: [GC [PSYoungGen: 7664K->400K(8192K)] 17080K->9932K(26112K), 0.0004720 secs] [Times: user=0.00 sys=0.00, real=0.00 secs] 
101.163: Total time for which application threads were stopped: 0.0005810 seconds, Stopping threads took: 0.0000510 seconds
101.203: Application time: 0.0403380 seconds
101.203: [GC [PSYoungGen: 7568K->304K(8192K)] 17100K->9932K(26112K), 0.0004120 secs] [Times: user=0.00 sys=0.00, real=0.00 secs] 
101.204: Total time for which application threads were stopped: 0.0005160 seconds, Stopping threads took: 0.0000360 seconds
101.244: Application time: 0.0402540 seconds
101.244: [GC [PSYoungGen: 7472K->320K(8192K)] 17100K->9988K(26112K), 0.0003850 secs] [Times: user=0.01 sys=0.00, real=0.00 secs] 
101.245: Total time for which application threads were stopped: 0.0004900 seconds, Stopping threads took: 0.0000490 seconds
101.285: Application time: 0.0402830 seconds
101.285: [GC [PSYoungGen: 7488K->224K(8192K)] 17156K->9972K(26112K), 0.0004080 secs] [Times: user=0.00 sys=0.00, real=0.00 secs] 
101.285: Total time for which application threads were stopped: 0.0005130 seconds, Stopping threads took: 0.0000460 seconds
101.326: Application time: 0.0402940 seconds
101.326: [GC [PSYoungGen: 7392K->224K(8192K)] 17140K->9972K(26112K), 0.0003910 secs] [Times: user=0.00 sys=0.00, real=0.00 secs] 
101.326: Total time for which application threads were stopped: 0.0005080 seconds, Stopping threads took: 0.0000520 seconds
101.365: Application time: 0.0388700 seconds
101.365: [GC [PSYoungGen: 7392K->368K(8192K)] 17140K->10116K(26112K), 0.0003950 secs] [Times: user=0.00 sys=0.00, real=0.00 secs] 
101.366: Total time for which application threads were stopped: 0.0005170 seconds, Stopping threads took: 0.0000660 seconds
101.405: Application time: 0.0397450 seconds
101.409: [GC [PSYoungGen: 7536K->416K(8192K)] 17284K->10164K(26112K), 0.0003970 secs] [Times: user=0.00 sys=0.00, real=0.00 secs] 
101.410: Total time for which application threads were stopped: 0.0041400 seconds, Stopping threads took: 0.0036860 seconds
101.449: Application time: 0.0399550 seconds
101.450: [GC [PSYoungGen: 7584K->432K(8192K)] 17332K->10180K(26112K), 0.0004180 secs] [Times: user=0.00 sys=0.00, real=0.00 secs] 
101.450: Total time for which application threads were stopped: 0.0005400 seconds, Stopping threads took: 0.0000650 seconds
101.490: Application time: 0.0402350 seconds
101.490: [GC [PSYoungGen: 7600K->512K(8192K)] 17348K->10260K(26112K), 0.0004500 secs] [Times: user=0.00 sys=0.00, real=0.00 secs] 
101.491: Total time for which application threads were stopped: 0.0005710 seconds, Stopping threads took: 0.0000600 seconds
101.531: Application time: 0.0401950 seconds
101.531: [GC [PSYoungGen: 7680K->512K(8192K)] 17428K->10260K(26112K), 0.0004200 secs] [Times: user=0.00 sys=0.00, real=0.00 secs] 
101.532: Total time for which application threads were stopped: 0.0005150 seconds, Stopping threads took: 0.0000370 seconds
101.572: Application time: 0.0402610 seconds
101.572: [GC [PSYoungGen: 7680K->496K(8192K)] 17428K->10244K(26112K), 0.0004320 secs] [Times: user=0.01 sys=0.00, real=0.00 secs] 
101.572: Total time for which application threads were stopped: 0.0005410 seconds, Stopping threads took: 0.0000510 seconds
101.613: Application time: 0.0408220 seconds
101.613: [GC [PSYoungGen: 7664K->464K(8192K)] 17412K->10212K(26112K), 0.0005050 secs] [Times: user=0.00 sys=0.00, real=0.00 secs] 
101.614: Total time for which application threads were stopped: 0.0006120 seconds, Stopping threads took: 0.0000490 seconds
101.654: Application time: 0.0403910 seconds
101.654: [GC [PSYoungGen: 7632K->528K(8192K)] 17380K->10276K(26112K), 0.0004610 secs] [Times: user=0.00 sys=0.00, real=0.00 secs] 
101.655: Total time for which application threads were stopped: 0.0005810 seconds, Stopping threads took: 0.0000550 seconds
101.696: Application time: 0.0407810 seconds
101.696: [GC [PSYoungGen: 7696K->528K(8192K)] 17444K->10276K(26112K), 0.0004570 secs] [Times: user=0.00 sys=0.00, real=0.00 secs] 
101.696: Total time for which application threads were stopped: 0.0005710 seconds, Stopping threads took: 0.0000550 seconds
101.736: Application time: 0.0402440 seconds
101.736: [GC [PSYoungGen: 7696K->496K(8192K)] 17444K->10244K(26112K), 0.0004570 secs] [Times: user=0.00 sys=0.00, real=0.00 secs] 
101.737: Total time for which application threads were stopped: 0.0005710 seconds, Stopping threads took: 0.0000470 seconds
101.780: Application time: 0.0425950 seconds
101.780: [GC [PSYoungGen: 7664K->512K(8192K)] 17412K->10260K(26112K), 0.0004970 secs] [Times: user=0.00 sys=0.00, real=0.00 secs] 
101.780: Total time for which application threads were stopped: 0.0006160 seconds, Stopping threads took: 0.0000540 seconds
101.820: Application time: 0.0403120 seconds
101.821: [GC [PSYoungGen: 7680K->528K(8192K)] 17428K->10276K(26112K), 0.0004460 secs] [Times: user=0.00 sys=0.00, real=0.00 secs] 
101.821: Total time for which application threads were stopped: 0.0005480 seconds, Stopping threads took: 0.0000380 seconds
101.861: Application time: 0.0402460 seconds
101.861: [GC [PSYoungGen: 7696K->496K(8192K)] 17444K->10244K(26112K), 0.0004660 secs] [Times: user=0.00 sys=0.00, real=0.00 secs] 
101.862: Total time for which application threads were stopped: 0.0005670 seconds, Stopping threads took: 0.0000430 seconds
101.902: Application time: 0.0402990 seconds
101.902: [GC [PSYoungGen: 7664K->512K(8192K)] 17412K->10260K(26112K), 0.0004480 secs] [Times: user=0.01 sys=0.00, real=0.00 secs] 
101.903: Total time for which application threads were stopped: 0.0005550 seconds, Stopping threads took: 0.0000490 seconds
101.943: Application time: 0.0402990 seconds
101.943: [GC [PSYoungGen: 7680K->528K(8192K)] 17428K->10292K(26112K), 0.0004620 secs] [Times: user=0.00 sys=0.00, real=0.00 secs] 
101.944: Total time for which application threads were stopped: 0.0005650 seconds, Stopping threads took: 0.0000430 seconds
101.984: Application time: 0.0402280 seconds
101.984: [GC [PSYoungGen: 7696K->384K(8192K)] 17460K->10260K(26112K), 0.0004210 secs] [Times: user=0.00 sys=0.00, real=0.00 secs] 
101.984: Total time for which application threads were stopped: 0.0005280 seconds, Stopping threads took: 0.0000510 seconds
102.025: Application time: 0.0405240 seconds
102.025: [GC [PSYoungGen: 7552K->352K(8192K)] 17428K->10316K(26112K), 0.0004040 secs] [Times: user=0.00 sys=0.00, real=0.00 secs] 
102.025: Total time for which application threads were stopped: 0.0005040 seconds, Stopping threads took: 0.0000430 seconds
102.066: Application time: 0.0403940 seconds
102.066: [GC [PSYoungGen: 7520K->320K(8192K)] 17484K->10332K(26112K), 0.0003880 secs] [Times: user=0.00 sys=0.00, real=0.00 secs] 
102.066: Total time for which application threads were stopped: 0.0004960 seconds, Stopping threads took: 0.0000490 seconds
102.106: Application time: 0.0402590 seconds
102.107: [GC [PSYoungGen: 7488K->256K(8192K)] 17500K->10356K(26112K), 0.0003760 secs] [Times: user=0.00 sys=0.00, real=0.00 secs] 
102.107: Total time for which application threads were stopped: 0.0004770 seconds, Stopping threads took: 0.0000440 seconds
102.147: Application time: 0.0398290 seconds
102.147: [GC [PSYoungGen: 7424K->272K(8192K)] 17524K->10372K(26112K), 0.0004040 secs] [Times: user=0.00 sys=0.00, real=0.00 secs] 
102.147: Total time for which application threads were stopped: 0.0005080 seconds, Stopping threads took: 0.0000500 seconds
102.186: Application time: 0.0389480 seconds
102.186: [GC [PSYoungGen: 7440K->336K(8192K)] 17540K->10436K(26112K), 0.0003790 secs] [Times: user=0.00 sys=0.00, real=0.00 secs] 
102.187: Total time for which application threads were stopped: 0.0004840 seconds, Stopping threads took: 0.0000490 seconds
102.226: Application time: 0.0389130 seconds
102.226: [GC [PSYoungGen: 7504K->384K(8192K)] 17604K->10484K(26112K), 0.0004280 secs] [Times: user=0.00 sys=0.00, real=0.00 secs] 
102.226: Total time for which application threads were stopped: 0.0005320 seconds, Stopping threads took: 0.0000470 seconds
102.267: Application time: 0.0403570 seconds
102.267: [GC [PSYoungGen: 7552K->432K(8192K)] 17652K->10532K(26112K), 0.0004020 secs] [Times: user=0.00 sys=0.00, real=0.00 secs] 
102.267: Total time for which application threads were stopped: 0.0005200 seconds, Stopping threads took: 0.0000510 seconds
102.307: Application time: 0.0397250 seconds
102.307: [GC [PSYoungGen: 7600K->512K(8192K)] 17700K->10612K(26112K), 0.0004240 secs] [Times: user=0.01 sys=0.00, real=0.00 secs] 
102.307: Total time for which application threads were stopped: 0.0005320 seconds, Stopping threads took: 0.0000500 seconds
102.348: Application time: 0.0407250 seconds
102.348: [GC [PSYoungGen: 7680K->560K(8192K)] 17780K->10660K(26112K), 0.0004620 secs] [Times: user=0.00 sys=0.00, real=0.00 secs] 
102.349: Total time for which application threads were stopped: 0.0005680 seconds, Stopping threads took: 0.0000490 seconds
102.389: Application time: 0.0402950 seconds
102.389: [GC [PSYoungGen: 7728K->480K(8192K)] 17828K->10580K(26112K), 0.0004120 secs] [Times: user=0.00 sys=0.00, real=0.00 secs] 
102.389: Total time for which application threads were stopped: 0.0005250 seconds, Stopping threads took: 0.0000530 seconds
102.430: Application time: 0.0404940 seconds
102.430: [GC [PSYoungGen: 7648K->512K(8192K)] 17748K->10612K(26112K), 0.0004250 secs] [Times: user=0.00 sys=0.00, real=0.00 secs] 
102.430: Total time for which application threads were stopped: 0.0005270 seconds, Stopping threads took: 0.0000370 seconds
102.471: Application time: 0.0403150 seconds
102.471: [GC [PSYoungGen: 7680K->480K(8192K)] 17780K->10580K(26112K), 0.0004310 secs] [Times: user=0.00 sys=0.00, real=0.00 secs] 
102.471: Total time for which application threads were stopped: 0.0005260 seconds, Stopping threads took: 0.0000380 seconds
102.512: Application time: 0.0402830 seconds
102.512: [GC [PSYoungGen: 7648K->496K(8192K)] 17748K->10596K(26112K), 0.0004210 secs] [Times: user=0.00 sys=0.00, real=0.00 secs] 
102.512: Total time for which application threads were stopped: 0.0005290 seconds, Stopping threads took: 0.0000520 seconds
102.553: Application time: 0.0404650 seconds
102.553: [GC [PSYoungGen: 7664K->528K(8192K)] 17764K->10628K(26112K), 0.0004600 secs] [Times: user=0.00 sys=0.00, real=0.00 secs] 
102.553: Total time for which application threads were stopped: 0.0005720 seconds, Stopping threads took: 0.0000530 seconds
102.593: Application time: 0.0400460 seconds
102.597: [GC [PSYoungGen: 7696K->448K(8192K)] 17796K->10548K(26112K), 0.0004610 secs] [Times: user=0.00 sys=0.00, real=0.00 secs] 
102.598: Total time for which application threads were stopped: 0.0043580 seconds, Stopping threads took: 0.0038400 seconds
102.663: Application time: 0.0655710 seconds
102.663: [GC [PSYoungGen: 7616K->528K(8192K)] 17716K->10628K(26112K), 0.0004870 secs] [Times: user=0.00 sys=0.00, real=0.00 secs] 
102.664: Total time for which application threads were stopped: 0.0006410 seconds, Stopping threads took: 0.0000610 seconds
102.703: Application time: 0.0392230 seconds
102.703: [GC [PSYoungGen: 7696K->528K(8192K)] 17796K->10628K(26112K), 0.0004420 secs] [Times: user=0.00 sys=0.00, real=0.00 secs] 
102.704: Total time for which application threads were stopped: 0.0005500 seconds, Stopping threads took: 0.0000470 seconds
102.743: Application time: 0.0389930 seconds
102.743: [GC [PSYoungGen: 7696K->528K(8192K)] 17796K->10628K(26112K), 0.0004610 secs] [Times: user=0.00 sys=0.00, real=0.00 secs] 
102.743: Total time for which application threads were stopped: 0.0005650 seconds, Stopping threads took: 0.0000420 seconds
102.782: Application time: 0.0388760 seconds
102.782: [GC [PSYoungGen: 7696K->448K(8192K)] 17796K->10604K(26112K), 0.0004130 secs] [Times: user=0.01 sys=0.00, real=0.00 secs] 
102.783: Total time for which application threads were stopped: 0.0005310 seconds, Stopping threads took: 0.0000480 seconds
102.821: Application time: 0.0389040 seconds
102.822: [GC [PSYoungGen: 7616K->384K(8192K)] 17772K->10628K(26112K), 0.0004870 secs] [Times: user=0.01 sys=0.00, real=0.00 secs] 
102.822: Total time for which application threads were stopped: 0.0005980 seconds, Stopping threads took: 0.0000560 seconds
102.861: Application time: 0.0389020 seconds
102.861: [GC [PSYoungGen: 7552K->288K(8192K)] 17796K->10660K(26112K), 0.0004010 secs] [Times: user=0.00 sys=0.00, real=0.00 secs] 
102.861: Total time for which application threads were stopped: 0.0005010 seconds, Stopping threads took: 0.0000390 seconds
102.901: Application time: 0.0395120 seconds
102.901: [GC [PSYoungGen: 7456K->288K(8192K)] 17828K->10660K(26112K), 0.0003820 secs] [Times: user=0.00 sys=0.00, real=0.00 secs] 
102.901: Total time for which application threads were stopped: 0.0004870 seconds, Stopping threads took: 0.0000510 seconds
102.940: Application time: 0.0389010 seconds
102.940: [GC [PSYoungGen: 7456K->256K(8192K)] 17828K->10724K(26112K), 0.0003790 secs] [Times: user=0.00 sys=0.00, real=0.00 secs] 
102.941: Total time for which application threads were stopped: 0.0004830 seconds, Stopping threads took: 0.0000490 seconds
102.979: Application time: 0.0377360 seconds
102.979: [GC [PSYoungGen: 7424K->304K(8192K)] 17892K->10772K(26112K), 0.0004270 secs] [Times: user=0.00 sys=0.00, real=0.00 secs] 
102.979: Total time for which application threads were stopped: 0.0005330 seconds, Stopping threads took: 0.0000500 seconds
103.017: Application time: 0.0374940 seconds
103.017: [GC [PSYoungGen: 7472K->368K(8192K)] 17940K->10837K(26112K), 0.0004210 secs] [Times: user=0.00 sys=0.00, real=0.00 secs] 
103.017: Total time for which application threads were stopped: 0.0005320 seconds, Stopping threads took: 0.0000530 seconds
103.056: Application time: 0.0388010 seconds
103.056: [GC [PSYoungGen: 7536K->432K(8192K)] 18005K->10901K(26112K), 0.0004290 secs] [Times: user=0.00 sys=0.00, real=0.00 secs] 
103.056: Total time for which application threads were stopped: 0.0005290 seconds, Stopping threads took: 0.0000430 seconds
103.095: Application time: 0.0388300 seconds
103.095: [GC [PSYoungGen: 7600K->432K(8192K)] 18069K->10901K(26112K), 0.0004180 secs] [Times: user=0.00 sys=0.00, real=0.00 secs] 
103.096: Total time for which application threads were stopped: 0.0005230 seconds, Stopping threads took: 0.0000450 seconds
103.134: Application time: 0.0385080 seconds
103.134: [GC [PSYoungGen: 7600K->480K(8192K)] 18069K->10949K(26112K), 0.0004240 secs] [Times: user=0.00 sys=0.00, real=0.00 secs] 
103.135: Total time for which application threads were stopped: 0.0005360 seconds, Stopping threads took: 0.0000550 seconds
103.174: Application time: 0.0390870 seconds
103.174: [GC [PSYoungGen: 7648K->480K(8192K)] 18117K->10949K(26112K), 0.0004150 secs] [Times: user=0.00 sys=0.00, real=0.00 secs] 
103.174: Total time for which application threads were stopped: 0.0005180 seconds, Stopping threads took: 0.0000470 seconds
103.214: Application time: 0.0392190 seconds
103.214: [GC [PSYoungGen: 7648K->544K(8192K)] 18117K->11013K(26112K), 0.0004310 secs] [Times: user=0.00 sys=0.00, real=0.00 secs] 
103.214: Total time for which application threads were stopped: 0.0005350 seconds, Stopping threads took: 0.0000480 seconds
103.253: Application time: 0.0389040 seconds
103.253: [GC [PSYoungGen: 7712K->512K(8192K)] 18181K->10981K(26112K), 0.0004540 secs] [Times: user=0.00 sys=0.00, real=0.00 secs] 
103.254: Total time for which application threads were stopped: 0.0005600 seconds, Stopping threads took: 0.0000500 seconds
103.293: Application time: 0.0388500 seconds
103.293: [GC [PSYoungGen: 7680K->512K(8192K)] 18149K->10981K(26112K), 0.0004210 secs] [Times: user=0.00 sys=0.00, real=0.00 secs] 
103.293: Total time for which application threads were stopped: 0.0005400 seconds, Stopping threads took: 0.0000540 seconds
103.332: Application time: 0.0388930 seconds
103.332: [GC [PSYoungGen: 7680K->528K(8192K)] 18149K->10997K(26112K), 0.0004260 secs] [Times: user=0.01 sys=0.00, real=0.00 secs] 
103.332: Total time for which application threads were stopped: 0.0005320 seconds, Stopping threads took: 0.0000470 seconds
103.371: Application time: 0.0389870 seconds
103.372: [GC [PSYoungGen: 7696K->496K(8192K)] 18165K->10965K(26112K), 0.0004150 secs] [Times: user=0.01 sys=0.00, real=0.00 secs] 
103.372: Total time for which application threads were stopped: 0.0005090 seconds, Stopping threads took: 0.0000370 seconds
103.411: Application time: 0.0387370 seconds
103.411: [GC [PSYoungGen: 7664K->528K(8192K)] 18133K->10996K(26112K), 0.0004240 secs] [Times: user=0.00 sys=0.00, real=0.00 secs] 
103.411: Total time for which application threads were stopped: 0.0005320 seconds, Stopping threads took: 0.0000500 seconds
103.450: Application time: 0.0388520 seconds
103.450: [GC [PSYoungGen: 7696K->512K(8192K)] 18164K->10981K(26112K), 0.0004250 secs] [Times: user=0.00 sys=0.00, real=0.00 secs] 
103.451: Total time for which application threads were stopped: 0.0005300 seconds, Stopping threads took: 0.0000450 seconds
103.490: Application time: 0.0389150 seconds
103.490: [GC [PSYoungGen: 7680K->480K(8192K)] 18149K->10949K(26112K), 0.0004950 secs] [Times: user=0.01 sys=0.00, real=0.00 secs] 
103.490: Total time for which application threads were stopped: 0.0006230 seconds, Stopping threads took: 0.0000720 seconds
103.529: Application time: 0.0392060 seconds
103.529: [GC [PSYoungGen: 7648K->544K(8192K)] 18117K->11013K(26112K), 0.0004170 secs] [Times: user=0.00 sys=0.00, real=0.00 secs] 
103.530: Total time for which application threads were stopped: 0.0005200 seconds, Stopping threads took: 0.0000460 seconds
103.569: Application time: 0.0390920 seconds
103.569: [GC [PSYoungGen: 7712K->416K(8192K)] 18181K->10965K(26112K), 0.0004790 secs] [Times: user=0.01 sys=0.00, real=0.00 secs] 
103.570: Total time for which application threads were stopped: 0.0005810 seconds, Stopping threads took: 0.0000440 seconds
103.609: Application time: 0.0389270 seconds
103.609: [GC [PSYoungGen: 7584K->352K(8192K)] 18133K->11005K(26112K), 0.0004280 secs] [Times: user=0.01 sys=0.00, real=0.01 secs] 
103.609: Total time for which application threads were stopped: 0.0005270 seconds, Stopping threads took: 0.0000420 seconds
103.648: Application time: 0.0391640 seconds
103.648: [GC [PSYoungGen: 7520K->320K(8192K)] 18173K->11021K(26112K), 0.0004250 secs] [Times: user=0.00 sys=0.00, real=0.00 secs] 
103.649: Total time for which application threads were stopped: 0.0005500 seconds, Stopping threads took: 0.0000590 seconds
103.688: Application time: 0.0389360 seconds
103.688: [GC [PSYoungGen: 7488K->272K(8192K)] 18189K->11021K(26112K), 0.0003740 secs] [Times: user=0.00 sys=0.00, real=0.00 secs] 
103.688: Total time for which application threads were stopped: 0.0004760 seconds, Stopping threads took: 0.0000450 seconds
103.727: Application time: 0.0388640 seconds
103.727: [GC [PSYoungGen: 7440K->256K(8192K)] 18189K->11053K(26112K), 0.0003690 secs] [Times: user=0.00 sys=0.00, real=0.00 secs] 
103.728: Total time for which application threads were stopped: 0.0004730 seconds, Stopping threads took: 0.0000490 seconds
103.766: Application time: 0.0386160 seconds
103.766: [GC [PSYoungGen: 7424K->288K(8192K)] 18221K->11085K(26112K), 0.0003860 secs] [Times: user=0.00 sys=0.00, real=0.00 secs] 
103.767: Total time for which application threads were stopped: 0.0004910 seconds, Stopping threads took: 0.0000460 seconds
103.804: Application time: 0.0374780 seconds
103.804: [GC [PSYoungGen: 7456K->416K(8192K)] 18253K->11213K(26112K), 0.0003830 secs] [Times: user=0.00 sys=0.00, real=0.00 secs] 
103.805: Total time for which application threads were stopped: 0.0004940 seconds, Stopping threads took: 0.0000460 seconds
103.843: Application time: 0.0384340 seconds
103.843: [GC [PSYoungGen: 7584K->432K(8192K)] 18381K->11229K(26112K), 0.0004140 secs] [Times: user=0.00 sys=0.00, real=0.00 secs] 
103.844: Total time for which application threads were stopped: 0.0005240 seconds, Stopping threads took: 0.0000530 seconds
103.881: Application time: 0.0379060 seconds
103.882: [GC [PSYoungGen: 7600K->528K(8192K)] 18397K->11325K(26112K), 0.0004470 secs] [Times: user=0.00 sys=0.00, real=0.00 secs] 
103.882: Total time for which application threads were stopped: 0.0005550 seconds, Stopping threads took: 0.0000510 seconds
103.921: Application time: 0.0389230 seconds
103.921: [GC [PSYoungGen: 7696K->496K(8192K)] 18493K->11293K(26112K), 0.0004450 secs] [Times: user=0.00 sys=0.00, real=0.00 secs] 
103.921: Total time for which application threads were stopped: 0.0005510 seconds, Stopping threads took: 0.0000480 seconds
103.961: Application time: 0.0390790 seconds
103.961: [GC [PSYoungGen: 7664K->512K(8192K)] 18461K->11309K(26112K), 0.0004290 secs] [Times: user=0.00 sys=0.00, real=0.01 secs] 
103.961: Total time for which application threads were stopped: 0.0005340 seconds, Stopping threads took: 0.0000460 seconds
104.000: Application time: 0.0391410 seconds
104.000: [GC [PSYoungGen: 7680K->528K(8192K)] 18477K->11325K(26112K), 0.0004690 secs] [Times: user=0.01 sys=0.00, real=0.00 secs] 
104.001: Total time for which application threads were stopped: 0.0005700 seconds, Stopping threads took: 0.0000440 seconds
104.040: Application time: 0.0389860 seconds
104.040: [GC [PSYoungGen: 7696K->512K(8192K)] 18493K->11309K(26112K), 0.0004240 secs] [Times: user=0.00 sys=0.00, real=0.00 secs] 
104.040: Total time for which application threads were stopped: 0.0005270 seconds, Stopping threads took: 0.0000450 seconds
104.079: Application time: 0.0388650 seconds
104.079: [GC [PSYoungGen: 7680K->512K(8192K)] 18477K->11309K(26112K), 0.0004420 secs] [Times: user=0.00 sys=0.00, real=0.00 secs] 
104.080: Total time for which application threads were stopped: 0.0005520 seconds, Stopping threads took: 0.0000440 seconds
104.119: Application time: 0.0395480 seconds
104.119: [GC [PSYoungGen: 7680K->528K(8192K)] 18477K->11325K(26112K), 0.0004580 secs] [Times: user=0.01 sys=0.00, real=0.00 secs] 
104.120: Total time for which application threads were stopped: 0.0005630 seconds, Stopping threads took: 0.0000500 seconds
104.159: Application time: 0.0388560 seconds
104.159: [GC [PSYoungGen: 7696K->464K(8192K)] 18493K->11261K(26112K), 0.0004650 secs] [Times: user=0.01 sys=0.00, real=0.00 secs] 
104.159: Total time for which application threads were stopped: 0.0005690 seconds, Stopping threads took: 0.0000470 seconds
104.198: Application time: 0.0387620 seconds
104.198: [GC [PSYoungGen: 7632K->496K(8192K)] 18429K->11293K(26112K), 0.0004070 secs] [Times: user=0.00 sys=0.00, real=0.00 secs] 
104.199: Total time for which application threads were stopped: 0.0005130 seconds, Stopping threads took: 0.0000500 seconds
104.237: Application time: 0.0387770 seconds
104.237: [GC [PSYoungGen: 7664K->496K(8192K)] 18461K->11293K(26112K), 0.0004140 secs] [Times: user=0.00 sys=0.00, real=0.00 secs] 
104.238: Total time for which application threads were stopped: 0.0005290 seconds, Stopping threads took: 0.0000570 seconds
104.277: Application time: 0.0386240 seconds
104.277: [GC [PSYoungGen: 7664K->544K(8192K)] 18461K->11341K(26112K), 0.0004250 secs] [Times: user=0.00 sys=0.00, real=0.00 secs] 
104.277: Total time for which application threads were stopped: 0.0005520 seconds, Stopping threads took: 0.0000680 seconds
104.316: Application time: 0.0389790 seconds
104.316: [GC [PSYoungGen: 7712K->480K(8192K)] 18509K->11277K(26112K), 0.0004070 secs] [Times: user=0.01 sys=0.00, real=0.00 secs] 
104.317: Total time for which application threads were stopped: 0.0005220 seconds, Stopping threads took: 0.0000500 seconds
104.356: Application time: 0.0393010 seconds
104.356: [GC [PSYoungGen: 7648K->448K(8192K)] 18445K->11333K(26112K), 0.0004360 secs] [Times: user=0.00 sys=0.00, real=0.00 secs] 
104.356: Total time for which application threads were stopped: 0.0005410 seconds, Stopping threads took: 0.0000470 seconds
104.396: Application time: 0.0393650 seconds
104.396: [GC [PSYoungGen: 7616K->304K(8192K)] 18501K->11317K(26112K), 0.0004000 secs] [Times: user=0.00 sys=0.00, real=0.00 secs] 
104.396: Total time for which application threads were stopped: 0.0005080 seconds, Stopping threads took: 0.0000500 seconds
104.435: Application time: 0.0388960 seconds
104.435: [GC [PSYoungGen: 7472K->320K(8192K)] 18485K->11389K(26112K), 0.0003800 secs] [Times: user=0.00 sys=0.00, real=0.00 secs] 
104.436: Total time for which application threads were stopped: 0.0004830 seconds, Stopping threads took: 0.0000470 seconds
104.475: Application time: 0.0388990 seconds
104.475: [GC [PSYoungGen: 7488K->240K(8192K)] 18557K->11397K(26112K), 0.0004240 secs] [Times: user=0.00 sys=0.00, real=0.00 secs] 
104.475: Total time for which application threads were stopped: 0.0005290 seconds, Stopping threads took: 0.0000490 seconds
104.514: Application time: 0.0388960 seconds
104.514: [GC [PSYoungGen: 7408K->256K(8192K)] 18565K->11413K(26112K), 0.0003790 secs] [Times: user=0.00 sys=0.00, real=0.00 secs] 
104.514: Total time for which application threads were stopped: 0.0004780 seconds, Stopping threads took: 0.0000440 seconds
104.552: Application time: 0.0374260 seconds
104.552: [GC [PSYoungGen: 7424K->320K(8192K)] 18581K->11477K(26112K), 0.0004150 secs] [Times: user=0.00 sys=0.00, real=0.00 secs] 
104.552: Total time for which application threads were stopped: 0.0005200 seconds, Stopping threads took: 0.0000500 seconds
104.591: Application time: 0.0382690 seconds
104.591: [GC [PSYoungGen: 7488K->416K(8192K)] 18645K->11573K(26112K), 0.0004070 secs] [Times: user=0.01 sys=0.00, real=0.00 secs] 
104.591: Total time for which application threads were stopped: 0.0005100 seconds, Stopping threads took: 0.0000450 seconds
104.629: Application time: 0.0381630 seconds
104.629: [GC [PSYoungGen: 7584K->464K(8192K)] 18741K->11621K(26112K), 0.0004250 secs] [Times: user=0.00 sys=0.00, real=0.00 secs] 
104.630: Total time for which application threads were stopped: 0.0005260 seconds, Stopping threads took: 0.0000440 seconds
104.668: Application time: 0.0383740 seconds
104.668: [GC [PSYoungGen: 7632K->512K(8192K)] 18789K->11669K(26112K), 0.0004790 secs] [Times: user=0.00 sys=0.00, real=0.00 secs] 
104.669: Total time for which application threads were stopped: 0.0006050 seconds, Stopping threads took: 0.0000620 seconds
104.708: Application time: 0.0389220 seconds
104.708: [GC [PSYoungGen: 7680K->464K(8192K)] 18837K->11621K(26112K), 0.0004290 secs] [Times: user=0.00 sys=0.00, real=0.00 secs] 
104.708: Total time for which application threads were stopped: 0.0005400 seconds, Stopping threads took: 0.0000530 seconds
104.748: Application time: 0.0393040 seconds
104.748: [GC [PSYoungGen: 7632K->528K(8192K)] 18789K->11685K(26112K), 0.0004400 secs] [Times: user=0.00 sys=0.00, real=0.00 secs] 
104.748: Total time for which application threads were stopped: 0.0005450 seconds, Stopping threads took: 0.0000460 seconds
104.787: Application time: 0.0390320 seconds
104.787: [GC [PSYoungGen: 7696K->528K(8192K)] 18853K->11685K(26112K), 0.0004450 secs] [Times: user=0.01 sys=0.00, real=0.00 secs] 
104.788: Total time for which application threads were stopped: 0.0005430 seconds, Stopping threads took: 0.0000420 seconds
104.827: Application time: 0.0393640 seconds
104.827: [GC [PSYoungGen: 7696K->512K(8192K)] 18853K->11669K(26112K), 0.0004060 secs] [Times: user=0.00 sys=0.00, real=0.00 secs] 
104.828: Total time for which application threads were stopped: 0.0005270 seconds, Stopping threads took: 0.0000520 seconds
104.867: Application time: 0.0389970 seconds
104.867: [GC [PSYoungGen: 7680K->464K(8192K)] 18837K->11621K(26112K), 0.0004260 secs] [Times: user=0.00 sys=0.00, real=0.00 secs] 
104.867: Total time for which application threads were stopped: 0.0005240 seconds, Stopping threads took: 0.0000410 seconds
104.906: Application time: 0.0388980 seconds
104.906: [GC [PSYoungGen: 7632K->480K(8192K)] 18789K->11637K(26112K), 0.0004530 secs] [Times: user=0.00 sys=0.00, real=0.00 secs] 
104.907: Total time for which application threads were stopped: 0.0005590 seconds, Stopping threads took: 0.0000500 seconds
104.945: Application time: 0.0388430 seconds
104.946: [GC [PSYoungGen: 7648K->512K(8192K)] 18805K->11669K(26112K), 0.0004150 secs] [Times: user=0.00 sys=0.00, real=0.00 secs] 
104.946: Total time for which application threads were stopped: 0.0005220 seconds, Stopping threads took: 0.0000490 seconds
104.985: Application time: 0.0388480 seconds
104.985: [GC [PSYoungGen: 7680K->528K(8192K)] 18837K->11685K(26112K), 0.0004210 secs] [Times: user=0.00 sys=0.00, real=0.00 secs] 
104.985: Total time for which application threads were stopped: 0.0005250 seconds, Stopping threads took: 0.0000460 seconds
105.025: Application time: 0.0392910 seconds
105.025: [GC [PSYoungGen: 7696K->496K(8192K)] 18853K->11653K(26112K), 0.0004240 secs] [Times: user=0.00 sys=0.00, real=0.00 secs] 
105.025: Total time for which application threads were stopped: 0.0005250 seconds, Stopping threads took: 0.0000460 seconds
105.064: Application time: 0.0385580 seconds
105.064: [GC [PSYoungGen: 7664K->544K(8192K)] 18821K->11701K(26112K), 0.0004790 secs] [Times: user=0.00 sys=0.00, real=0.00 secs] 
105.064: Total time for which application threads were stopped: 0.0005950 seconds, Stopping threads took: 0.0000560 seconds
105.104: Application time: 0.0394660 seconds
105.104: [GC [PSYoungGen: 7712K->560K(8192K)] 18869K->11717K(26112K), 0.0004380 secs] [Times: user=0.00 sys=0.00, real=0.00 secs] 
105.105: Total time for which application threads were stopped: 0.0016530 seconds, Stopping threads took: 0.0000450 seconds
105.144: Application time: 0.0389480 seconds
105.145: [GC [PSYoungGen: 7728K->384K(8192K)] 18885K->11653K(26112K), 0.0004450 secs] [Times: user=0.00 sys=0.00, real=0.00 secs] 
105.145: Total time for which application threads were stopped: 0.0005520 seconds, Stopping threads took: 0.0000450 seconds
105.184: Application time: 0.0387980 seconds
105.184: [GC [PSYoungGen: 7552K->336K(8192K)] 18821K->11685K(26112K), 0.0004970 secs] [Times: user=0.00 sys=0.00, real=0.00 secs] 
105.184: Total time for which application threads were stopped: 0.0005970 seconds, Stopping threads took: 0.0000440 seconds
105.223: Application time: 0.0391050 seconds
105.224: [GC [PSYoungGen: 7504K->288K(8192K)] 18853K->11685K(26112K), 0.0003840 secs] [Times: user=0.00 sys=0.00, real=0.00 secs] 
105.224: Total time for which application threads were stopped: 0.0004850 seconds, Stopping threads took: 0.0000440 seconds
105.263: Application time: 0.0389290 seconds
105.263: [GC [PSYoungGen: 7456K->272K(8192K)] 18853K->11765K(26112K), 0.0004080 secs] [Times: user=0.00 sys=0.00, real=0.00 secs] 
105.263: Total time for which application threads were stopped: 0.0005220 seconds, Stopping threads took: 0.0000590 seconds
105.302: Application time: 0.0387600 seconds
105.305: [GC [PSYoungGen: 7440K->256K(8192K)] 18933K->11749K(26112K), 0.0004280 secs] [Times: user=0.00 sys=0.00, real=0.00 secs] 
105.306: Total time for which application threads were stopped: 0.0033140 seconds, Stopping threads took: 0.0028250 seconds
105.343: Application time: 0.0375960 seconds
105.343: [GC [PSYoungGen: 7424K->336K(8192K)] 18917K->11829K(26112K), 0.0004130 secs] [Times: user=0.01 sys=0.00, real=0.00 secs] 
105.344: Total time for which application threads were stopped: 0.0005320 seconds, Stopping threads took: 0.0000510 seconds
105.381: Application time: 0.0373600 seconds
105.381: [GC [PSYoungGen: 7504K->400K(8192K)] 18997K->11893K(26112K), 0.0004140 secs] [Times: user=0.00 sys=0.00, real=0.00 secs] 
105.382: Total time for which application threads were stopped: 0.0005260 seconds, Stopping threads took: 0.0000540 seconds
105.421: Application time: 0.0390240 seconds
105.421: [GC [PSYoungGen: 7568K->432K(8192K)] 19061K->11925K(26112K), 0.0004140 secs] [Times: user=0.00 sys=0.00, real=0.01 secs] 
105.421: Total time for which application threads were stopped: 0.0005210 seconds, Stopping threads took: 0.0000490 seconds
105.459: Application time: 0.0382130 seconds
105.459: [GC [PSYoungGen: 7600K->528K(8192K)] 19093K->12021K(26112K), 0.0004360 secs] [Times: user=0.00 sys=0.00, real=0.00 secs] 
105.460: Total time for which application threads were stopped: 0.0005480 seconds, Stopping threads took: 0.0000530 seconds
105.499: Application time: 0.0390980 seconds
105.499: [GC [PSYoungGen: 7696K->496K(8192K)] 19189K->11989K(26112K), 0.0004350 secs] [Times: user=0.00 sys=0.00, real=0.00 secs] 
105.499: Total time for which application threads were stopped: 0.0005400 seconds, Stopping threads took: 0.0000480 seconds
105.539: Application time: 0.0390820 seconds
105.539: [GC [PSYoungGen: 7664K->544K(8192K)] 19157K->12037K(26112K), 0.0004930 secs] [Times: user=0.00 sys=0.00, real=0.00 secs] 
105.539: Total time for which application threads were stopped: 0.0005910 seconds, Stopping threads took: 0.0000410 seconds
105.578: Application time: 0.0390380 seconds
105.578: [GC [PSYoungGen: 7712K->544K(8192K)] 19205K->12037K(26112K), 0.0004320 secs] [Times: user=0.00 sys=0.00, real=0.00 secs] 
105.579: Total time for which application threads were stopped: 0.0005370 seconds, Stopping threads took: 0.0000490 seconds
105.618: Application time: 0.0390320 seconds
105.618: [GC [PSYoungGen: 7712K->480K(8192K)] 19205K->11973K(26112K), 0.0004210 secs] [Times: user=0.01 sys=0.00, real=0.00 secs] 
105.618: Total time for which application threads were stopped: 0.0005300 seconds, Stopping threads took: 0.0000520 seconds
105.658: Application time: 0.0393930 seconds
105.658: [GC [PSYoungGen: 7648K->480K(8192K)] 19141K->11973K(26112K), 0.0004790 secs] [Times: user=0.00 sys=0.00, real=0.00 secs] 
105.658: Total time for which application threads were stopped: 0.0006000 seconds, Stopping threads took: 0.0000560 seconds
105.697: Application time: 0.0389060 seconds
105.697: [GC [PSYoungGen: 7648K->480K(8192K)] 19141K->11973K(26112K), 0.0004130 secs] [Times: user=0.00 sys=0.00, real=0.00 secs] 
105.698: Total time for which application threads were stopped: 0.0005200 seconds, Stopping threads took: 0.0000400 seconds
105.737: Application time: 0.0389240 seconds
105.737: [GC [PSYoungGen: 7648K->480K(8192K)] 19141K->11973K(26112K), 0.0004430 secs] [Times: user=0.00 sys=0.00, real=0.00 secs] 
105.737: Total time for which application threads were stopped: 0.0005470 seconds, Stopping threads took: 0.0000470 seconds
105.776: Application time: 0.0389130 seconds
105.776: [GC [PSYoungGen: 7648K->480K(8192K)] 19141K->11973K(26112K), 0.0004350 secs] [Times: user=0.00 sys=0.00, real=0.00 secs] 
105.777: Total time for which application threads were stopped: 0.0005290 seconds, Stopping threads took: 0.0000350 seconds
105.816: Application time: 0.0390030 seconds
105.816: [GC [PSYoungGen: 7648K->464K(8192K)] 19141K->11957K(26112K), 0.0004200 secs] [Times: user=0.00 sys=0.00, real=0.00 secs] 
105.816: Total time for which application threads were stopped: 0.0005250 seconds, Stopping threads took: 0.0000480 seconds
105.855: Application time: 0.0389500 seconds
105.855: [GC [PSYoungGen: 7632K->480K(8192K)] 19125K->11973K(26112K), 0.0004210 secs] [Times: user=0.01 sys=0.00, real=0.00 secs] 
105.856: Total time for which application threads were stopped: 0.0005310 seconds, Stopping threads took: 0.0000420 seconds
105.895: Application time: 0.0389710 seconds
105.895: [GC [PSYoungGen: 7648K->448K(8192K)] 19141K->11997K(26112K), 0.0004310 secs] [Times: user=0.01 sys=0.00, real=0.00 secs] 
105.895: Total time for which application threads were stopped: 0.0005330 seconds, Stopping threads took: 0.0000460 seconds
105.935: Application time: 0.0396760 seconds
105.935: [GC [PSYoungGen: 7616K->400K(8192K)] 19165K->12029K(26112K), 0.0004110 secs] [Times: user=0.01 sys=0.00, real=0.00 secs] 
105.935: Total time for which application threads were stopped: 0.0005150 seconds, Stopping threads took: 0.0000450 seconds
105.974: Application time: 0.0388810 seconds
105.974: [GC [PSYoungGen: 7568K->320K(8192K)] 19197K->12069K(26112K), 0.0003970 secs] [Times: user=0.00 sys=0.00, real=0.00 secs] 
105.975: Total time for which application threads were stopped: 0.0005000 seconds, Stopping threads took: 0.0000470 seconds
106.014: Application time: 0.0392550 seconds
106.014: [GC [PSYoungGen: 7488K->288K(8192K)] 19237K->12037K(26112K), 0.0003990 secs] [Times: user=0.00 sys=0.00, real=0.00 secs] 
106.015: Total time for which application threads were stopped: 0.0005080 seconds, Stopping threads took: 0.0000510 seconds
106.053: Application time: 0.0389560 seconds
106.054: [GC [PSYoungGen: 7456K->256K(8192K)] 19205K->12093K(26112K), 0.0003920 secs] [Times: user=0.00 sys=0.00, real=0.00 secs] 
106.054: Total time for which application threads were stopped: 0.0004920 seconds, Stopping threads took: 0.0000420 seconds
106.092: Application time: 0.0379220 seconds
106.092: [GC [PSYoungGen: 7424K->288K(8192K)] 19261K->12125K(26112K), 0.0003900 secs] [Times: user=0.00 sys=0.00, real=0.00 secs] 
106.092: Total time for which application threads were stopped: 0.0005020 seconds, Stopping threads took: 0.0000530 seconds
106.131: Application time: 0.0382770 seconds
106.131: [GC [PSYoungGen: 7456K->368K(8192K)] 19293K->12206K(26112K), 0.0004130 secs] [Times: user=0.01 sys=0.00, real=0.00 secs] 
106.131: Total time for which application threads were stopped: 0.0005150 seconds, Stopping threads took: 0.0000410 seconds
106.169: Application time: 0.0378430 seconds
106.169: [GC [PSYoungGen: 7536K->416K(8192K)] 19374K->12254K(26112K), 0.0004130 secs] [Times: user=0.00 sys=0.00, real=0.00 secs] 
106.170: Total time for which application threads were stopped: 0.0005240 seconds, Stopping threads took: 0.0000520 seconds
106.208: Application time: 0.0384620 seconds
106.208: [GC [PSYoungGen: 7584K->496K(8192K)] 19422K->12334K(26112K), 0.0004220 secs] [Times: user=0.00 sys=0.00, real=0.00 secs] 
106.209: Total time for which application threads were stopped: 0.0005290 seconds, Stopping threads took: 0.0000460 seconds
106.247: Application time: 0.0389130 seconds
106.248: [GC [PSYoungGen: 7664K->480K(8192K)] 19502K->12318K(26112K), 0.0004780 secs] [Times: user=0.00 sys=0.00, real=0.00 secs] 
106.248: Total time for which application threads were stopped: 0.0006060 seconds, Stopping threads took: 0.0000650 seconds
106.287: Application time: 0.0388770 seconds
106.287: [GC [PSYoungGen: 7648K->560K(8192K)] 19486K->12398K(26112K), 0.0004210 secs] [Times: user=0.01 sys=0.00, real=0.00 secs] 
106.287: Total time for which application threads were stopped: 0.0005300 seconds, Stopping threads took: 0.0000500 seconds
106.327: Application time: 0.0392000 seconds
106.327: [GC [PSYoungGen: 7728K->512K(8192K)] 19566K->12350K(26112K), 0.0004500 secs] [Times: user=0.00 sys=0.00, real=0.00 secs] 
106.327: Total time for which application threads were stopped: 0.0005500 seconds, Stopping threads took: 0.0000420 seconds
106.366: Application time: 0.0390940 seconds
106.366: [GC [PSYoungGen: 7680K->544K(8192K)] 19518K->12382K(26112K), 0.0004670 secs] [Times: user=0.00 sys=0.00, real=0.00 secs] 
106.367: Total time for which application threads were stopped: 0.0005940 seconds, Stopping threads took: 0.0000590 seconds
106.406: Application time: 0.0395120 seconds
106.407: [GC [PSYoungGen: 7712K->512K(8192K)] 19550K->12350K(26112K), 0.0004180 secs] [Times: user=0.00 sys=0.00, real=0.00 secs] 
106.407: Total time for which application threads were stopped: 0.0005300 seconds, Stopping threads took: 0.0000550 seconds
106.446: Application time: 0.0389910 seconds
106.446: [GC [PSYoungGen: 7680K->464K(8192K)] 19518K->12302K(26112K), 0.0004160 secs] [Times: user=0.00 sys=0.00, real=0.00 secs] 
106.446: Total time for which application threads were stopped: 0.0005410 seconds, Stopping threads took: 0.0000640 seconds
106.485: Application time: 0.0388770 seconds
106.485: [GC [PSYoungGen: 7632K->480K(8192K)] 19470K->12318K(26112K), 0.0004350 secs] [Times: user=0.00 sys=0.00, real=0.00 secs] 
106.486: Total time for which application threads were stopped: 0.0005400 seconds, Stopping threads took: 0.0000430 seconds
106.525: Application time: 0.0389230 seconds
106.525: [GC [PSYoungGen: 7648K->512K(8192K)] 19486K->12350K(26112K), 0.0005370 secs] [Times: user=0.00 sys=0.01, real=0.00 secs] 
106.525: Total time for which application threads were stopped: 0.0006400 seconds, Stopping threads took: 0.0000430 seconds
106.564: Application time: 0.0388010 seconds
106.564: [GC [PSYoungGen: 7680K->528K(8192K)] 19518K->12366K(26112K), 0.0004110 secs] [Times: user=0.01 sys=0.00, real=0.00 secs] 
106.565: Total time for which application threads were stopped: 0.0005130 seconds, Stopping threads took: 0.0000440 seconds
106.604: Application time: 0.0388540 seconds
106.604: [GC [PSYoungGen: 7696K->448K(8192K)] 19534K->12286K(26112K), 0.0004820 secs] [Times: user=0.00 sys=0.00, real=0.00 secs] 
106.604: Total time for which application threads were stopped: 0.0005840 seconds, Stopping threads took: 0.0000430 seconds
106.644: Application time: 0.0393710 seconds
106.644: [GC [PSYoungGen: 7616K->496K(8192K)] 19454K->12334K(26112K), 0.0005250 secs] [Times: user=0.00 sys=0.00, real=0.00 secs] 
106.644: Total time for which application threads were stopped: 0.0006570 seconds, Stopping threads took: 0.0000610 seconds
106.683: Application time: 0.0389420 seconds
106.683: [GC [PSYoungGen: 7664K->448K(8192K)] 19502K->12374K(26112K), 0.0004340 secs] [Times: user=0.00 sys=0.00, real=0.00 secs] 
106.684: Total time for which application threads were stopped: 0.0005470 seconds, Stopping threads took: 0.0000500 seconds
106.723: Application time: 0.0389300 seconds
106.723: [GC [PSYoungGen: 7616K->336K(8192K)] 19542K->12342K(26112K), 0.0004620 secs] [Times: user=0.00 sys=0.00, real=0.00 secs] 
106.723: Total time for which application threads were stopped: 0.0005990 seconds, Stopping threads took: 0.0000740 seconds
106.762: Application time: 0.0388900 seconds
106.762: [GC [PSYoungGen: 7504K->288K(8192K)] 19510K->12382K(26112K), 0.0003900 secs] [Times: user=0.00 sys=0.00, real=0.00 secs] 
106.763: Total time for which application threads were stopped: 0.0005000 seconds, Stopping threads took: 0.0000520 seconds
106.802: Application time: 0.0388790 seconds
106.802: [GC [PSYoungGen: 7456K->256K(8192K)] 19550K->12454K(26112K), 0.0004300 secs] [Times: user=0.01 sys=0.00, real=0.00 secs] 
106.802: Total time for which application threads were stopped: 0.0005360 seconds, Stopping threads took: 0.0000480 seconds
106.841: Application time: 0.0388980 seconds
106.841: [GC [PSYoungGen: 7424K->256K(8192K)] 19622K->12454K(26112K), 0.0004100 secs] [Times: user=0.00 sys=0.00, real=0.00 secs] 
106.842: Total time for which application threads were stopped: 0.0005170 seconds, Stopping threads took: 0.0000500 seconds
106.879: Application time: 0.0374610 seconds
106.879: [GC [PSYoungGen: 7424K->336K(8192K)] 19622K->12534K(26112K), 0.0004000 secs] [Times: user=0.00 sys=0.00, real=0.00 secs] 
106.879: Total time for which application threads were stopped: 0.0005140 seconds, Stopping threads took: 0.0000430 seconds
106.918: Application time: 0.0385160 seconds
106.918: [GC [PSYoungGen: 7504K->352K(8192K)] 19702K->12550K(26112K), 0.0004100 secs] [Times: user=0.00 sys=0.00, real=0.00 secs] 
106.919: Total time for which application threads were stopped: 0.0005120 seconds, Stopping threads took: 0.0000410 seconds
106.956: Application time: 0.0378690 seconds
106.956: [GC [PSYoungGen: 7520K->432K(8192K)] 19718K->12630K(26112K), 0.0004240 secs] [Times: user=0.00 sys=0.00, real=0.00 secs] 
106.957: Total time for which application threads were stopped: 0.0005300 seconds, Stopping threads took: 0.0000480 seconds
106.995: Application time: 0.0376640 seconds
106.995: [GC [PSYoungGen: 7600K->512K(8192K)] 19798K->12710K(26112K), 0.0005050 secs] [Times: user=0.00 sys=0.00, real=0.00 secs] 
106.995: Total time for which application threads were stopped: 0.0006050 seconds, Stopping threads took: 0.0000390 seconds
107.035: Application time: 0.0393230 seconds
107.035: [GC [PSYoungGen: 7680K->512K(8192K)] 19878K->12710K(26112K), 0.0004220 secs] [Times: user=0.00 sys=0.00, real=0.00 secs] 
107.035: Total time for which application threads were stopped: 0.0005340 seconds, Stopping threads took: 0.0000490 seconds
107.074: Application time: 0.0390500 seconds
107.074: [GC [PSYoungGen: 7680K->512K(8192K)] 19878K->12710K(26112K), 0.0004290 secs] [Times: user=0.00 sys=0.00, real=0.00 secs] 
107.075: Total time for which application threads were stopped: 0.0005360 seconds, Stopping threads took: 0.0000480 seconds
107.114: Application time: 0.0390000 seconds
107.114: [GC [PSYoungGen: 7680K->496K(8192K)] 19878K->12694K(26112K), 0.0004230 secs] [Times: user=0.00 sys=0.00, real=0.00 secs] 
107.114: Total time for which application threads were stopped: 0.0005290 seconds, Stopping threads took: 0.0000460 seconds
107.154: Application time: 0.0396040 seconds
107.154: [GC [PSYoungGen: 7664K->496K(8192K)] 19862K->12694K(26112K), 0.0004350 secs] [Times: user=0.00 sys=0.00, real=0.00 secs] 
107.154: Total time for which application threads were stopped: 0.0005470 seconds, Stopping threads took: 0.0000530 seconds
107.193: Application time: 0.0390650 seconds
107.193: [GC [PSYoungGen: 7664K->496K(8192K)] 19862K->12694K(26112K), 0.0004350 secs] [Times: user=0.01 sys=0.00, real=0.00 secs] 
107.194: Total time for which application threads were stopped: 0.0005400 seconds, Stopping threads took: 0.0000440 seconds
107.233: Application time: 0.0389140 seconds
107.233: [GC [PSYoungGen: 7664K->496K(8192K)] 19862K->12694K(26112K), 0.0004300 secs] [Times: user=0.00 sys=0.00, real=0.00 secs] 
107.233: Total time for which application threads were stopped: 0.0005330 seconds, Stopping threads took: 0.0000450 seconds
107.272: Application time: 0.0388670 seconds
107.272: [GC [PSYoungGen: 7664K->544K(8192K)] 19862K->12742K(26112K), 0.0004310 secs] [Times: user=0.00 sys=0.00, real=0.00 secs] 
107.273: Total time for which application threads were stopped: 0.0005330 seconds, Stopping threads took: 0.0000430 seconds
107.312: Application time: 0.0388120 seconds
107.312: [GC [PSYoungGen: 7712K->448K(8192K)] 19910K->12646K(26112K), 0.0004250 secs] [Times: user=0.00 sys=0.00, real=0.00 secs] 
107.312: Total time for which application threads were stopped: 0.0005440 seconds, Stopping threads took: 0.0000510 seconds
107.351: Application time: 0.0388280 seconds
107.351: [GC [PSYoungGen: 7616K->512K(8192K)] 19814K->12710K(26112K), 0.0004510 secs] [Times: user=0.00 sys=0.00, real=0.00 secs] 
107.352: Total time for which application threads were stopped: 0.0005480 seconds, Stopping threads took: 0.0000360 seconds
107.390: Application time: 0.0388410 seconds
107.390: [GC [PSYoungGen: 7680K->512K(8192K)] 19878K->12710K(26112K), 0.0004310 secs] [Times: user=0.00 sys=0.00, real=0.00 secs] 
107.391: Total time for which application threads were stopped: 0.0005510 seconds, Stopping threads took: 0.0000500 seconds
107.430: Application time: 0.0393570 seconds
107.430: [GC [PSYoungGen: 7680K->512K(8192K)] 19878K->12710K(26112K), 0.0004300 secs] [Times: user=0.00 sys=0.00, real=0.00 secs] 
107.431: Total time for which application threads were stopped: 0.0005420 seconds, Stopping threads took: 0.0000530 seconds
107.470: Application time: 0.0389010 seconds
107.470: [GC [PSYoungGen: 7680K->400K(8192K)] 19878K->12726K(26112K), 0.0004420 secs] [Times: user=0.01 sys=0.00, real=0.00 secs] 
107.470: Total time for which application threads were stopped: 0.0005550 seconds, Stopping threads took: 0.0000530 seconds
107.509: Application time: 0.0389990 seconds
107.509: [GC [PSYoungGen: 7568K->320K(8192K)] 19894K->12694K(26112K), 0.0004050 secs] [Times: user=0.00 sys=0.00, real=0.00 secs] 
107.510: Total time for which application threads were stopped: 0.0005170 seconds, Stopping threads took: 0.0000510 seconds
107.549: Application time: 0.0394060 seconds
107.553: [GC [PSYoungGen: 7488K->320K(8192K)] 19862K->12774K(26112K), 0.0004440 secs] [Times: user=0.00 sys=0.00, real=0.00 secs] 
107.554: Total time for which application threads were stopped: 0.0043360 seconds, Stopping threads took: 0.0038310 seconds
107.592: Application time: 0.0389540 seconds
107.593: [GC [PSYoungGen: 7488K->256K(8192K)] 19942K->12806K(26112K), 0.0004000 secs] [Times: user=0.00 sys=0.00, real=0.00 secs] 
107.593: Total time for which application threads were stopped: 0.0005130 seconds, Stopping threads took: 0.0000450 seconds
107.632: Application time: 0.0388480 seconds
107.633: [GC [PSYoungGen: 7424K->256K(8192K)] 19974K->12806K(26112K), 0.0003870 secs] [Times: user=0.00 sys=0.00, real=0.00 secs] 
107.633: Total time for which application threads were stopped: 0.0016060 seconds, Stopping threads took: 0.0011600 seconds
107.671: Application time: 0.0375090 seconds
107.671: [GC [PSYoungGen: 7424K->336K(8192K)] 19974K->12886K(26112K), 0.0004530 secs] [Times: user=0.00 sys=0.00, real=0.00 secs] 
107.672: Total time for which application threads were stopped: 0.0005810 seconds, Stopping threads took: 0.0000550 seconds
107.709: Application time: 0.0379360 seconds
107.710: [GC [PSYoungGen: 7504K->368K(8192K)] 20054K->12918K(26112K), 0.0004130 secs] [Times: user=0.00 sys=0.00, real=0.00 secs] 
107.710: Total time for which application threads were stopped: 0.0005260 seconds, Stopping threads took: 0.0000500 seconds
107.749: Application time: 0.0386280 seconds
107.749: [GC [PSYoungGen: 7536K->416K(8192K)] 20086K->12966K(26112K), 0.0004600 secs] [Times: user=0.00 sys=0.00, real=0.01 secs] 
107.749: Total time for which application threads were stopped: 0.0005840 seconds, Stopping threads took: 0.0000610 seconds
107.787: Application time: 0.0380270 seconds
107.787: [GC [PSYoungGen: 7584K->560K(8192K)] 20134K->13110K(26112K), 0.0004640 secs] [Times: user=0.00 sys=0.00, real=0.00 secs] 
107.788: Total time for which application threads were stopped: 0.0005740 seconds, Stopping threads took: 0.0000500 seconds
107.827: Application time: 0.0389150 seconds
107.827: [GC [PSYoungGen: 7728K->512K(8192K)] 20278K->13062K(26112K), 0.0004220 secs] [Times: user=0.01 sys=0.00, real=0.00 secs] 
107.827: Total time for which application threads were stopped: 0.0005450 seconds, Stopping threads took: 0.0000620 seconds
107.867: Application time: 0.0392550 seconds
107.867: [GC [PSYoungGen: 7680K->496K(8192K)] 20230K->13046K(26112K), 0.0005050 secs] [Times: user=0.00 sys=0.00, real=0.00 secs] 
107.867: Total time for which application threads were stopped: 0.0006080 seconds, Stopping threads took: 0.0000430 seconds
107.906: Application time: 0.0389620 seconds
107.906: [GC [PSYoungGen: 7664K->496K(8192K)] 20214K->13046K(26112K), 0.0004710 secs] [Times: user=0.01 sys=0.00, real=0.00 secs] 
107.907: Total time for which application threads were stopped: 0.0005730 seconds, Stopping threads took: 0.0000340 seconds
107.946: Application time: 0.0390680 seconds
107.946: [GC [PSYoungGen: 7664K->512K(8192K)] 20214K->13062K(26112K), 0.0004400 secs] [Times: user=0.00 sys=0.00, real=0.00 secs] 
107.946: Total time for which application threads were stopped: 0.0005500 seconds, Stopping threads took: 0.0000500 seconds
107.985: Application time: 0.0390910 seconds
107.986: [GC [PSYoungGen: 7680K->544K(8192K)] 20230K->13094K(26112K), 0.0004350 secs] [Times: user=0.00 sys=0.00, real=0.00 secs] 
107.986: Total time for which application threads were stopped: 0.0005430 seconds, Stopping threads took: 0.0000490 seconds
108.025: Application time: 0.0390040 seconds
108.025: [GC [PSYoungGen: 7712K->512K(8192K)] 20262K->13062K(26112K), 0.0004090 secs] [Times: user=0.00 sys=0.00, real=0.00 secs] 
108.025: Total time for which application threads were stopped: 0.0005240 seconds, Stopping threads took: 0.0000540 seconds
108.064: Application time: 0.0388280 seconds
108.064: [GC [PSYoungGen: 7680K->512K(8192K)] 20230K->13062K(26112K), 0.0004750 secs] [Times: user=0.00 sys=0.00, real=0.00 secs] 
108.065: Total time for which application threads were stopped: 0.0005870 seconds, Stopping threads took: 0.0000500 seconds
108.104: Application time: 0.0389040 seconds
108.104: [GC [PSYoungGen: 7680K->496K(8192K)] 20230K->13046K(26112K), 0.0004410 secs] [Times: user=0.01 sys=0.00, real=0.00 secs] 
108.104: Total time for which application threads were stopped: 0.0005580 seconds, Stopping threads took: 0.0000560 seconds
108.143: Application time: 0.0390500 seconds
108.144: [GC [PSYoungGen: 7664K->528K(8192K)] 20214K->13078K(26112K), 0.0004150 secs] [Times: user=0.01 sys=0.00, real=0.00 secs] 
108.144: Total time for which application threads were stopped: 0.0005270 seconds, Stopping threads took: 0.0000500 seconds
108.183: Application time: 0.0388590 seconds
108.183: [GC [PSYoungGen: 7696K->512K(8192K)] 20246K->13062K(26112K), 0.0004510 secs] [Times: user=0.00 sys=0.00, real=0.00 secs] 
108.183: Total time for which application threads were stopped: 0.0005510 seconds, Stopping threads took: 0.0000420 seconds
108.222: Application time: 0.0390390 seconds
108.222: [GC [PSYoungGen: 7680K->512K(8192K)] 20230K->13062K(26112K), 0.0004850 secs] [Times: user=0.00 sys=0.00, real=0.00 secs] 
108.223: Total time for which application threads were stopped: 0.0005950 seconds, Stopping threads took: 0.0000510 seconds
108.262: Application time: 0.0391780 seconds
108.262: [GC [PSYoungGen: 7680K->384K(8192K)] 20230K->13038K(26112K), 0.0004970 secs] [Times: user=0.00 sys=0.00, real=0.00 secs] 
108.263: Total time for which application threads were stopped: 0.0006020 seconds, Stopping threads took: 0.0000460 seconds
108.302: Application time: 0.0389140 seconds
108.302: [GC [PSYoungGen: 7552K->304K(8192K)] 20206K->13038K(26112K), 0.0004730 secs] [Times: user=0.00 sys=0.00, real=0.00 secs] 
108.302: Total time for which application threads were stopped: 0.0005740 seconds, Stopping threads took: 0.0000400 seconds
108.341: Application time: 0.0388710 seconds
108.341: [GC [PSYoungGen: 7472K->272K(8192K)] 20206K->13054K(26112K), 0.0004950 secs] [Times: user=0.00 sys=0.00, real=0.00 secs] 
108.342: Total time for which application threads were stopped: 0.0006050 seconds, Stopping threads took: 0.0000530 seconds
108.381: Application time: 0.0389410 seconds
108.381: [GC [PSYoungGen: 7440K->240K(8192K)] 20222K->13110K(26112K), 0.0004420 secs] [Times: user=0.00 sys=0.00, real=0.01 secs] 
108.381: Total time for which application threads were stopped: 0.0005550 seconds, Stopping threads took: 0.0000520 seconds
108.420: Application time: 0.0386200 seconds
108.420: [GC [PSYoungGen: 7408K->272K(8192K)] 20278K->13142K(26112K), 0.0003840 secs] [Times: user=0.00 sys=0.00, real=0.00 secs] 
108.420: Total time for which application threads were stopped: 0.0005010 seconds, Stopping threads took: 0.0000480 seconds
108.458: Application time: 0.0378390 seconds
108.458: [GC [PSYoungGen: 7440K->304K(8192K)] 20310K->13174K(26112K), 0.0004230 secs] [Times: user=0.01 sys=0.00, real=0.00 secs] 
108.459: Total time for which application threads were stopped: 0.0005370 seconds, Stopping threads took: 0.0000530 seconds
108.496: Application time: 0.0373730 seconds
108.496: [GC [PSYoungGen: 7472K->432K(8192K)] 20342K->13302K(26112K), 0.0004210 secs] [Times: user=0.01 sys=0.00, real=0.00 secs] 
108.497: Total time for which application threads were stopped: 0.0005350 seconds, Stopping threads took: 0.0000530 seconds
108.536: Application time: 0.0388740 seconds
108.536: [GC [PSYoungGen: 7600K->416K(8192K)] 20470K->13286K(26112K), 0.0004030 secs] [Times: user=0.00 sys=0.00, real=0.00 secs] 
108.536: Total time for which application threads were stopped: 0.0005080 seconds, Stopping threads took: 0.0000450 seconds
108.574: Application time: 0.0383830 seconds
108.575: [GC [PSYoungGen: 7584K->528K(8192K)] 20454K->13398K(26112K), 0.0004290 secs] [Times: user=0.00 sys=0.00, real=0.00 secs] 
108.575: Total time for which application threads were stopped: 0.0005400 seconds, Stopping threads took: 0.0000510 seconds
108.614: Application time: 0.0390430 seconds
108.614: [GC [PSYoungGen: 7696K->496K(8192K)] 20566K->13366K(26112K), 0.0004230 secs] [Times: user=0.00 sys=0.00, real=0.00 secs] 
108.615: Total time for which application threads were stopped: 0.0005320 seconds, Stopping threads took: 0.0000460 seconds
108.654: Application time: 0.0396290 seconds
108.654: [GC [PSYoungGen: 7664K->512K(8192K)] 20534K->13382K(26112K), 0.0004880 secs] [Times: user=0.01 sys=0.00, real=0.00 secs] 
108.655: Total time for which application threads were stopped: 0.0006100 seconds, Stopping threads took: 0.0000500 seconds
108.694: Application time: 0.0389880 seconds
108.694: [GC [PSYoungGen: 7680K->512K(8192K)] 20550K->13382K(26112K), 0.0005100 secs] [Times: user=0.00 sys=0.00, real=0.00 secs] 
108.694: Total time for which application threads were stopped: 0.0006410 seconds, Stopping threads took: 0.0000650 seconds
108.733: Application time: 0.0388930 seconds
108.733: [GC [PSYoungGen: 7680K->464K(8192K)] 20550K->13334K(26112K), 0.0005050 secs] [Times: user=0.00 sys=0.00, real=0.00 secs] 
108.734: Total time for which application threads were stopped: 0.0006140 seconds, Stopping threads took: 0.0000460 seconds
108.773: Application time: 0.0390950 seconds
108.773: [GC [PSYoungGen: 7632K->544K(8192K)] 20502K->13414K(26112K), 0.0004150 secs] [Times: user=0.01 sys=0.00, real=0.00 secs] 
108.774: Total time for which application threads were stopped: 0.0005220 seconds, Stopping threads took: 0.0000460 seconds
108.813: Application time: 0.0389820 seconds
108.813: [GC [PSYoungGen: 7712K->512K(8192K)] 20582K->13382K(26112K), 0.0004240 secs] [Times: user=0.00 sys=0.00, real=0.00 secs] 
108.813: Total time for which application threads were stopped: 0.0005360 seconds, Stopping threads took: 0.0000500 seconds
108.852: Application time: 0.0388690 seconds
108.852: [GC [PSYoungGen: 7680K->512K(8192K)] 20550K->13382K(26112K), 0.0004210 secs] [Times: user=0.00 sys=0.00, real=0.00 secs] 
108.852: Total time for which application threads were stopped: 0.0005300 seconds, Stopping threads took: 0.0000480 seconds
108.891: Application time: 0.0387830 seconds
108.891: [GC [PSYoungGen: 7680K->496K(8192K)] 20550K->13366K(26112K), 0.0004620 secs] [Times: user=0.00 sys=0.00, real=0.00 secs] 
108.892: Total time for which application threads were stopped: 0.0005740 seconds, Stopping threads took: 0.0000530 seconds
108.931: Application time: 0.0387680 seconds
108.931: [GC [PSYoungGen: 7664K->512K(8192K)] 20534K->13382K(26112K), 0.0004830 secs] [Times: user=0.01 sys=0.00, real=0.00 secs] 
108.931: Total time for which application threads were stopped: 0.0006020 seconds, Stopping threads took: 0.0000440 seconds
108.970: Application time: 0.0389090 seconds
108.970: [GC [PSYoungGen: 7680K->496K(8192K)] 20550K->13366K(26112K), 0.0004470 secs] [Times: user=0.00 sys=0.00, real=0.00 secs] 
108.971: Total time for which application threads were stopped: 0.0005570 seconds, Stopping threads took: 0.0000510 seconds
109.010: Application time: 0.0389520 seconds
109.010: [GC [PSYoungGen: 7664K->464K(8192K)] 20534K->13382K(26112K), 0.0004290 secs] [Times: user=0.00 sys=0.00, real=0.00 secs] 
109.010: Total time for which application threads were stopped: 0.0005470 seconds, Stopping threads took: 0.0000560 seconds
109.049: Application time: 0.0390210 seconds
109.049: [GC [PSYoungGen: 7632K->400K(8192K)] 20550K->13398K(26112K), 0.0004160 secs] [Times: user=0.00 sys=0.00, real=0.00 secs] 
109.050: Total time for which application threads were stopped: 0.0005260 seconds, Stopping threads took: 0.0000480 seconds
109.089: Application time: 0.0391880 seconds
109.089: [GC [PSYoungGen: 7568K->304K(8192K)] 20566K->13414K(26112K), 0.0004120 secs] [Times: user=0.00 sys=0.00, real=0.00 secs] 
109.089: Total time for which application threads were stopped: 0.0005210 seconds, Stopping threads took: 0.0000480 seconds
109.128: Application time: 0.0389210 seconds
109.128: [GC [PSYoungGen: 7472K->288K(8192K)] 20582K->13398K(26112K), 0.0003810 secs] [Times: user=0.00 sys=0.00, real=0.00 secs] 
109.129: Total time for which application threads were stopped: 0.0004860 seconds, Stopping threads took: 0.0000490 seconds
109.168: Application time: 0.0389440 seconds
109.168: [GC [PSYoungGen: 7456K->240K(8192K)] 20566K->13450K(26112K), 0.0004220 secs] [Times: user=0.00 sys=0.00, real=0.00 secs] 
109.168: Total time for which application threads were stopped: 0.0005360 seconds, Stopping threads took: 0.0000540 seconds
109.206: Application time: 0.0379660 seconds
109.206: [GC [PSYoungGen: 7406K->288K(8192K)] 20617K->13499K(26112K), 0.0003870 secs] [Times: user=0.00 sys=0.00, real=0.00 secs] 
109.207: Total time for which application threads were stopped: 0.0004940 seconds, Stopping threads took: 0.0000470 seconds
109.246: Application time: 0.0387550 seconds
109.246: [GC [PSYoungGen: 7456K->304K(8192K)] 20667K->13514K(26112K), 0.0004110 secs] [Times: user=0.00 sys=0.00, real=0.00 secs] 
109.246: Total time for which application threads were stopped: 0.0005130 seconds, Stopping threads took: 0.0000390 seconds
109.284: Application time: 0.0374950 seconds
109.284: [GC [PSYoungGen: 7472K->432K(8192K)] 20682K->13643K(26112K), 0.0004150 secs] [Times: user=0.01 sys=0.00, real=0.00 secs] 
109.284: Total time for which application threads were stopped: 0.0005310 seconds, Stopping threads took: 0.0000580 seconds
109.322: Application time: 0.0380020 seconds
109.322: [GC [PSYoungGen: 7600K->528K(8192K)] 20811K->13739K(26112K), 0.0004680 secs] [Times: user=0.00 sys=0.00, real=0.00 secs] 
109.323: Total time for which application threads were stopped: 0.0005740 seconds, Stopping threads took: 0.0000440 seconds
109.362: Application time: 0.0392650 seconds
109.362: [GC [PSYoungGen: 7696K->480K(8192K)] 20907K->13691K(26112K), 0.0004390 secs] [Times: user=0.01 sys=0.00, real=0.00 secs] 
109.362: Total time for which application threads were stopped: 0.0005430 seconds, Stopping threads took: 0.0000440 seconds
109.401: Application time: 0.0389760 seconds
109.402: [GC [PSYoungGen: 7648K->496K(8192K)] 20859K->13707K(26112K), 0.0004210 secs] [Times: user=0.00 sys=0.00, real=0.00 secs] 
109.402: Total time for which application threads were stopped: 0.0005310 seconds, Stopping threads took: 0.0000490 seconds
109.441: Application time: 0.0390650 seconds
109.441: [GC [PSYoungGen: 7664K->480K(8192K)] 20875K->13691K(26112K), 0.0004350 secs] [Times: user=0.00 sys=0.00, real=0.00 secs] 
109.442: Total time for which application threads were stopped: 0.0005500 seconds, Stopping threads took: 0.0000480 seconds
109.481: Application time: 0.0389370 seconds
109.481: [GC [PSYoungGen: 7648K->528K(8192K)] 20859K->13739K(26112K), 0.0004650 secs] [Times: user=0.00 sys=0.00, real=0.01 secs] 
109.481: Total time for which application threads were stopped: 0.0005630 seconds, Stopping threads took: 0.0000410 seconds
109.520: Application time: 0.0390300 seconds
109.520: [GC [PSYoungGen: 7696K->528K(8192K)] 20907K->13739K(26112K), 0.0004270 secs] [Times: user=0.00 sys=0.00, real=0.00 secs] 
109.521: Total time for which application threads were stopped: 0.0005320 seconds, Stopping threads took: 0.0000490 seconds
109.559: Application time: 0.0388090 seconds
109.560: [GC [PSYoungGen: 7696K->512K(8192K)] 20907K->13723K(26112K), 0.0004090 secs] [Times: user=0.00 sys=0.00, real=0.00 secs] 
109.560: Total time for which application threads were stopped: 0.0005150 seconds, Stopping threads took: 0.0000480 seconds
109.599: Application time: 0.0386830 seconds
109.599: [GC [PSYoungGen: 7680K->544K(8192K)] 20891K->13755K(26112K), 0.0004240 secs] [Times: user=0.00 sys=0.00, real=0.00 secs] 
109.599: Total time for which application threads were stopped: 0.0005290 seconds, Stopping threads took: 0.0000450 seconds
109.638: Application time: 0.0388950 seconds
109.639: [GC [PSYoungGen: 7712K->512K(8192K)] 20923K->13723K(26112K), 0.0004980 secs] [Times: user=0.01 sys=0.00, real=0.00 secs] 
109.639: Total time for which application threads were stopped: 0.0011260 seconds, Stopping threads took: 0.0005500 seconds
109.678: Application time: 0.0389000 seconds
109.678: [GC [PSYoungGen: 7680K->512K(8192K)] 20891K->13723K(26112K), 0.0004740 secs] [Times: user=0.00 sys=0.00, real=0.00 secs] 
109.679: Total time for which application threads were stopped: 0.0005870 seconds, Stopping threads took: 0.0000530 seconds
109.718: Application time: 0.0389030 seconds
109.718: [GC [PSYoungGen: 7680K->448K(8192K)] 20891K->13659K(26112K), 0.0004630 secs] [Times: user=0.00 sys=0.00, real=0.00 secs] 
109.718: Total time for which application threads were stopped: 0.0005700 seconds, Stopping threads took: 0.0000490 seconds
109.757: Application time: 0.0390090 seconds
109.757: [GC [PSYoungGen: 7616K->496K(8192K)] 20827K->13707K(26112K), 0.0004210 secs] [Times: user=0.00 sys=0.00, real=0.00 secs] 
109.758: Total time for which application threads were stopped: 0.0005310 seconds, Stopping threads took: 0.0000500 seconds
109.797: Application time: 0.0392520 seconds
109.797: [GC [PSYoungGen: 7664K->464K(8192K)] 20875K->13771K(26112K), 0.0004260 secs] [Times: user=0.01 sys=0.00, real=0.00 secs] 
109.798: Total time for which application threads were stopped: 0.0005380 seconds, Stopping threads took: 0.0000530 seconds
109.837: Application time: 0.0392450 seconds
109.837: [GC [PSYoungGen: 7632K->384K(8192K)] 20939K->13739K(26112K), 0.0004170 secs] [Times: user=0.00 sys=0.00, real=0.00 secs] 
109.837: Total time for which application threads were stopped: 0.0005230 seconds, Stopping threads took: 0.0000460 seconds
109.876: Application time: 0.0389700 seconds
109.876: [GC [PSYoungGen: 7552K->304K(8192K)] 20907K->13787K(26112K), 0.0004320 secs] [Times: user=0.00 sys=0.00, real=0.00 secs] 
109.877: Total time for which application threads were stopped: 0.0005430 seconds, Stopping threads took: 0.0000530 seconds
109.916: Application time: 0.0391350 seconds
109.916: [GC [PSYoungGen: 7472K->256K(8192K)] 20955K->13827K(26112K), 0.0003730 secs] [Times: user=0.01 sys=0.00, real=0.00 secs] 
109.916: Total time for which application threads were stopped: 0.0004920 seconds, Stopping threads took: 0.0000600 seconds
109.955: Application time: 0.0388360 seconds
109.955: [GC [PSYoungGen: 7424K->256K(8192K)] 20995K->13827K(26112K), 0.0003870 secs] [Times: user=0.00 sys=0.00, real=0.00 secs] 
109.956: Total time for which application threads were stopped: 0.0005140 seconds, Stopping threads took: 0.0000560 seconds
109.993: Application time: 0.0374770 seconds
109.993: [GC [PSYoungGen: 7424K->304K(8192K)] 20995K->13875K(26112K), 0.0004290 secs] [Times: user=0.00 sys=0.00, real=0.00 secs] 
109.994: Total time for which application threads were stopped: 0.0005260 seconds, Stopping threads took: 0.0000380 seconds
110.032: Application time: 0.0378980 seconds
110.032: [GC [PSYoungGen: 7472K->384K(8192K)] 21043K->13955K(26112K), 0.0004740 secs] [Times: user=0.00 sys=0.00, real=0.00 secs] 
110.032: Total time for which application threads were stopped: 0.0005720 seconds, Stopping threads took: 0.0000400 seconds
110.071: Application time: 0.0383300 seconds
110.071: [GC [PSYoungGen: 7552K->432K(8192K)] 21123K->14003K(26112K), 0.0004210 secs] [Times: user=0.00 sys=0.00, real=0.00 secs] 
110.071: Total time for which application threads were stopped: 0.0005440 seconds, Stopping threads took: 0.0000620 seconds
110.110: Application time: 0.0384280 seconds
110.110: [GC [PSYoungGen: 7600K->480K(8192K)] 21171K->14051K(26112K), 0.0005190 secs] [Times: user=0.00 sys=0.00, real=0.00 secs] 
110.111: Total time for which application threads were stopped: 0.0016090 seconds, Stopping threads took: 0.0000510 seconds
110.150: Application time: 0.0388760 seconds
110.150: [GC [PSYoungGen: 7648K->512K(8192K)] 21219K->14083K(26112K), 0.0004300 secs] [Times: user=0.00 sys=0.00, real=0.00 secs] 
110.151: Total time for which application threads were stopped: 0.0005430 seconds, Stopping threads took: 0.0000540 seconds
110.190: Application time: 0.0390310 seconds
110.190: [GC [PSYoungGen: 7680K->496K(8192K)] 21251K->14067K(26112K), 0.0004290 secs] [Times: user=0.00 sys=0.00, real=0.00 secs] 
110.190: Total time for which application threads were stopped: 0.0005400 seconds, Stopping threads took: 0.0000520 seconds
110.229: Application time: 0.0389640 seconds
110.229: [GC [PSYoungGen: 7664K->512K(8192K)] 21235K->14083K(26112K), 0.0004310 secs] [Times: user=0.00 sys=0.00, real=0.00 secs] 
110.230: Total time for which application threads were stopped: 0.0005310 seconds, Stopping threads took: 0.0000410 seconds
110.269: Application time: 0.0391300 seconds
110.269: [GC [PSYoungGen: 7680K->512K(8192K)] 21251K->14083K(26112K), 0.0004460 secs] [Times: user=0.00 sys=0.00, real=0.01 secs] 
110.269: Total time for which application threads were stopped: 0.0005710 seconds, Stopping threads took: 0.0000630 seconds
110.309: Application time: 0.0392330 seconds
110.309: [GC [PSYoungGen: 7680K->512K(8192K)] 21251K->14083K(26112K), 0.0005150 secs] [Times: user=0.00 sys=0.00, real=0.01 secs] 
110.309: Total time for which application threads were stopped: 0.0006230 seconds, Stopping threads took: 0.0000490 seconds
110.348: Application time: 0.0388260 seconds
110.348: [GC [PSYoungGen: 7680K->528K(8192K)] 21251K->14099K(26112K), 0.0004170 secs] [Times: user=0.00 sys=0.00, real=0.00 secs] 
110.349: Total time for which application threads were stopped: 0.0005140 seconds, Stopping threads took: 0.0000380 seconds
110.387: Application time: 0.0386700 seconds
110.387: [GC [PSYoungGen: 7696K->512K(8192K)] 21267K->14083K(26112K), 0.0004220 secs] [Times: user=0.00 sys=0.00, real=0.00 secs] 
110.388: Total time for which application threads were stopped: 0.0005230 seconds, Stopping threads took: 0.0000440 seconds
110.427: Application time: 0.0389040 seconds
110.427: [GC [PSYoungGen: 7680K->528K(8192K)] 21251K->14099K(26112K), 0.0004190 secs] [Times: user=0.01 sys=0.00, real=0.00 secs] 
110.427: Total time for which application threads were stopped: 0.0005160 seconds, Stopping threads took: 0.0000410 seconds
110.466: Application time: 0.0392230 seconds
110.469: [GC [PSYoungGen: 7696K->480K(8192K)] 21267K->14051K(26112K), 0.0004490 secs] [Times: user=0.00 sys=0.00, real=0.00 secs] 
110.470: Total time for which application threads were stopped: 0.0031200 seconds, Stopping threads took: 0.0026010 seconds
110.508: Application time: 0.0388990 seconds
110.509: [GC [PSYoungGen: 7648K->496K(8192K)] 21219K->14067K(26112K), 0.0004270 secs] [Times: user=0.00 sys=0.00, real=0.00 secs] 
110.509: Total time for which application threads were stopped: 0.0005420 seconds, Stopping threads took: 0.0000520 seconds
110.548: Application time: 0.0389150 seconds
110.548: [GC [PSYoungGen: 7664K->464K(8192K)] 21235K->14035K(26112K), 0.0004370 secs] [Times: user=0.01 sys=0.00, real=0.00 secs] 
110.548: Total time for which application threads were stopped: 0.0005420 seconds, Stopping threads took: 0.0000380 seconds
110.588: Application time: 0.0394090 seconds
110.588: [GC [PSYoungGen: 7632K->400K(8192K)] 21203K->14091K(26112K), 0.0004240 secs] [Times: user=0.00 sys=0.00, real=0.00 secs] 
110.588: Total time for which application threads were stopped: 0.0005290 seconds, Stopping threads took: 0.0000470 seconds
110.627: Application time: 0.0389720 seconds
110.627: [GC [PSYoungGen: 7568K->352K(8192K)] 21259K->14123K(26112K), 0.0004210 secs] [Times: user=0.00 sys=0.00, real=0.00 secs] 
110.628: Total time for which application threads were stopped: 0.0005260 seconds, Stopping threads took: 0.0000460 seconds
110.667: Application time: 0.0393700 seconds
110.667: [GC [PSYoungGen: 7520K->288K(8192K)] 21291K->14099K(26112K), 0.0004360 secs] [Times: user=0.00 sys=0.00, real=0.00 secs] 
110.668: Total time for which application threads were stopped: 0.0005620 seconds, Stopping threads took: 0.0000580 seconds
110.707: Application time: 0.0389100 seconds
110.707: [GC [PSYoungGen: 7456K->272K(8192K)] 21267K->14187K(26112K), 0.0004350 secs] [Times: user=0.00 sys=0.00, real=0.00 secs] 
110.707: Total time for which application threads were stopped: 0.0005410 seconds, Stopping threads took: 0.0000470 seconds
110.746: Application time: 0.0384290 seconds
110.746: [GC [PSYoungGen: 7440K->272K(8192K)] 21355K->14187K(26112K), 0.0003670 secs] [Times: user=0.00 sys=0.00, real=0.00 secs] 
110.746: Total time for which application threads were stopped: 0.0004690 seconds, Stopping threads took: 0.0000400 seconds
110.785: Application time: 0.0384760 seconds
110.785: [GC [PSYoungGen: 7440K->304K(8192K)] 21355K->14219K(26112K), 0.0004120 secs] [Times: user=0.00 sys=0.00, real=0.00 secs] 
110.785: Total time for which application threads were stopped: 0.0005310 seconds, Stopping threads took: 0.0000570 seconds
110.823: Application time: 0.0376110 seconds
110.823: [GC [PSYoungGen: 7472K->416K(8192K)] 21387K->14331K(26112K), 0.0004030 secs] [Times: user=0.00 sys=0.00, real=0.00 secs] 
110.823: Total time for which application threads were stopped: 0.0005110 seconds, Stopping threads took: 0.0000490 seconds
110.862: Application time: 0.0386890 seconds
110.862: [GC [PSYoungGen: 7584K->432K(8192K)] 21499K->14347K(26112K), 0.0004240 secs] [Times: user=0.00 sys=0.00, real=0.00 secs] 
110.863: Total time for which application threads were stopped: 0.0005390 seconds, Stopping threads took: 0.0000510 seconds
110.900: Application time: 0.0377270 seconds
110.900: [GC [PSYoungGen: 7600K->496K(8192K)] 21515K->14411K(26112K), 0.0004410 secs] [Times: user=0.01 sys=0.00, real=0.00 secs] 
110.901: Total time for which application threads were stopped: 0.0005510 seconds, Stopping threads took: 0.0000520 seconds
110.940: Application time: 0.0392330 seconds
110.940: [GC [PSYoungGen: 7664K->496K(8192K)] 21579K->14411K(26112K), 0.0004250 secs] [Times: user=0.00 sys=0.00, real=0.00 secs] 
110.941: Total time for which application threads were stopped: 0.0005380 seconds, Stopping threads took: 0.0000520 seconds
110.980: Application time: 0.0390490 seconds
110.980: [GC [PSYoungGen: 7664K->528K(8192K)] 21579K->14443K(26112K), 0.0004080 secs] [Times: user=0.01 sys=0.00, real=0.00 secs] 
110.980: Total time for which application threads were stopped: 0.0005310 seconds, Stopping threads took: 0.0000510 seconds
111.019: Application time: 0.0390760 seconds
111.019: [GC [PSYoungGen: 7696K->512K(8192K)] 21611K->14427K(26112K), 0.0004360 secs] [Times: user=0.01 sys=0.00, real=0.00 secs] 
111.020: Total time for which application threads were stopped: 0.0005620 seconds, Stopping threads took: 0.0000660 seconds
111.059: Application time: 0.0390310 seconds
111.059: [GC [PSYoungGen: 7680K->544K(8192K)] 21595K->14459K(26112K), 0.0004190 secs] [Times: user=0.00 sys=0.00, real=0.00 secs] 
111.059: Total time for which application threads were stopped: 0.0005200 seconds, Stopping threads took: 0.0000410 seconds
111.098: Application time: 0.0388790 seconds
111.098: [GC [PSYoungGen: 7712K->464K(8192K)] 21627K->14379K(26112K), 0.0004360 secs] [Times: user=0.00 sys=0.00, real=0.00 secs] 
111.099: Total time for which application threads were stopped: 0.0005470 seconds, Stopping threads took: 0.0000500 seconds
111.138: Application time: 0.0388820 seconds
111.138: [GC [PSYoungGen: 7632K->496K(8192K)] 21547K->14411K(26112K), 0.0004300 secs] [Times: user=0.01 sys=0.00, real=0.00 secs] 
111.138: Total time for which application threads were stopped: 0.0005310 seconds, Stopping threads took: 0.0000420 seconds
111.177: Application time: 0.0388720 seconds
111.177: [GC [PSYoungGen: 7664K->480K(8192K)] 21579K->14395K(26112K), 0.0004320 secs] [Times: user=0.00 sys=0.00, real=0.00 secs] 
111.178: Total time for which application threads were stopped: 0.0005460 seconds, Stopping threads took: 0.0000510 seconds
111.216: Application time: 0.0388260 seconds
111.217: [GC [PSYoungGen: 7648K->480K(8192K)] 21563K->14395K(26112K), 0.0004230 secs] [Times: user=0.00 sys=0.00, real=0.00 secs] 
111.217: Total time for which application threads were stopped: 0.0005220 seconds, Stopping threads took: 0.0000350 seconds
111.256: Application time: 0.0388550 seconds
111.256: [GC [PSYoungGen: 7648K->480K(8192K)] 21563K->14395K(26112K), 0.0004270 secs] [Times: user=0.00 sys=0.00, real=0.00 secs] 
111.256: Total time for which application threads were stopped: 0.0005250 seconds, Stopping threads took: 0.0000400 seconds
111.295: Application time: 0.0387800 seconds
111.295: [GC [PSYoungGen: 7648K->480K(8192K)] 21563K->14395K(26112K), 0.0004950 secs] [Times: user=0.00 sys=0.00, real=0.00 secs] 
111.296: Total time for which application threads were stopped: 0.0006070 seconds, Stopping threads took: 0.0000530 seconds
111.335: Application time: 0.0388930 seconds
111.335: [GC [PSYoungGen: 7648K->432K(8192K)] 21563K->14403K(26112K), 0.0004830 secs] [Times: user=0.00 sys=0.00, real=0.00 secs] 
111.335: Total time for which application threads were stopped: 0.0005860 seconds, Stopping threads took: 0.0000460 seconds
111.374: Application time: 0.0389810 seconds
111.374: [GC [PSYoungGen: 7600K->384K(8192K)] 21571K->14435K(26112K), 0.0004420 secs] [Times: user=0.00 sys=0.00, real=0.00 secs] 
111.375: Total time for which application threads were stopped: 0.0005530 seconds, Stopping threads took: 0.0000470 seconds
111.414: Application time: 0.0389540 seconds
111.414: [GC [PSYoungGen: 7552K->320K(8192K)] 21603K->14451K(26112K), 0.0004070 secs] [Times: user=0.00 sys=0.00, real=0.00 secs] 
111.414: Total time for which application threads were stopped: 0.0005120 seconds, Stopping threads took: 0.0000440 seconds
111.453: Application time: 0.0389600 seconds
111.453: [GC [PSYoungGen: 7488K->288K(8192K)] 21619K->14475K(26112K), 0.0003800 secs] [Times: user=0.00 sys=0.00, real=0.00 secs] 
111.454: Total time for which application threads were stopped: 0.0004860 seconds, Stopping threads took: 0.0000460 seconds
111.493: Application time: 0.0390410 seconds
111.493: [GC [PSYoungGen: 7456K->256K(8192K)] 21643K->14531K(26112K), 0.0003890 secs] [Times: user=0.00 sys=0.00, real=0.00 secs] 
111.493: Total time for which application threads were stopped: 0.0005210 seconds, Stopping threads took: 0.0000560 seconds
111.532: Application time: 0.0384120 seconds
111.532: [GC [PSYoungGen: 7424K->272K(8192K)] 21699K->14547K(26112K), 0.0003870 secs] [Times: user=0.00 sys=0.00, real=0.00 secs] 
111.532: Total time for which application threads were stopped: 0.0005140 seconds, Stopping threads took: 0.0000640 seconds
111.573: Application time: 0.0403320 seconds
111.573: [GC [PSYoungGen: 7440K->336K(8192K)] 21715K->14611K(26112K), 0.0004780 secs] [Times: user=0.00 sys=0.00, real=0.00 secs] 
111.573: Total time for which application threads were stopped: 0.0006120 seconds, Stopping threads took: 0.0000630 seconds
111.611: Application time: 0.0376270 seconds
111.611: [GC [PSYoungGen: 7501K->368K(8192K)] 21777K->14643K(26112K), 0.0004570 secs] [Times: user=0.00 sys=0.00, real=0.00 secs] 
111.611: Total time for which application threads were stopped: 0.0005750 seconds, Stopping threads took: 0.0000530 seconds
111.650: Application time: 0.0386570 seconds
111.650: [GC [PSYoungGen: 7536K->448K(8192K)] 21811K->14723K(26112K), 0.0005320 secs] [Times: user=0.00 sys=0.00, real=0.00 secs] 
111.651: Total time for which application threads were stopped: 0.0006610 seconds, Stopping threads took: 0.0000580 seconds
111.689: Application time: 0.0384390 seconds
111.689: [GC [PSYoungGen: 7616K->512K(8192K)] 21891K->14787K(26112K), 0.0004580 secs] [Times: user=0.00 sys=0.00, real=0.00 secs] 
111.690: Total time for which application threads were stopped: 0.0005790 seconds, Stopping threads took: 0.0000530 seconds
111.729: Application time: 0.0391610 seconds
111.729: [GC [PSYoungGen: 7680K->496K(8192K)] 21955K->14771K(26112K), 0.0004460 secs] [Times: user=0.01 sys=0.00, real=0.01 secs] 
111.729: Total time for which application threads were stopped: 0.0005520 seconds, Stopping threads took: 0.0000450 seconds
111.768: Application time: 0.0389380 seconds
111.768: [GC [PSYoungGen: 7664K->512K(8192K)] 21939K->14787K(26112K), 0.0004430 secs] [Times: user=0.00 sys=0.00, real=0.00 secs] 
111.769: Total time for which application threads were stopped: 0.0005520 seconds, Stopping threads took: 0.0000480 seconds
111.808: Application time: 0.0389600 seconds
111.808: [GC [PSYoungGen: 7680K->512K(8192K)] 21955K->14787K(26112K), 0.0004540 secs] [Times: user=0.00 sys=0.00, real=0.00 secs] 
111.808: Total time for which application threads were stopped: 0.0005590 seconds, Stopping threads took: 0.0000460 seconds
111.848: Application time: 0.0392080 seconds
111.848: [GC [PSYoungGen: 7680K->528K(8192K)] 21955K->14803K(26112K), 0.0004290 secs] [Times: user=0.00 sys=0.00, real=0.00 secs] 
111.848: Total time for which application threads were stopped: 0.0005360 seconds, Stopping threads took: 0.0000470 seconds
111.887: Application time: 0.0390610 seconds
111.889: [GC [PSYoungGen: 7696K->528K(8192K)] 21971K->14803K(26112K), 0.0004710 secs] [Times: user=0.00 sys=0.00, real=0.00 secs] 
111.890: Total time for which application threads were stopped: 0.0023590 seconds, Stopping threads took: 0.0018270 seconds
111.928: Application time: 0.0388270 seconds
111.928: [GC [PSYoungGen: 7696K->528K(8192K)] 21971K->14803K(26112K), 0.0004390 secs] [Times: user=0.01 sys=0.00, real=0.00 secs] 
111.929: Total time for which application threads were stopped: 0.0005410 seconds, Stopping threads took: 0.0000440 seconds
111.968: Application time: 0.0387720 seconds
111.968: [GC [PSYoungGen: 7696K->512K(8192K)] 21971K->14787K(26112K), 0.0004330 secs] [Times: user=0.00 sys=0.00, real=0.00 secs] 
111.968: Total time for which application threads were stopped: 0.0005310 seconds, Stopping threads took: 0.0000390 seconds
112.007: Application time: 0.0386800 seconds
112.007: [GC [PSYoungGen: 7680K->496K(8192K)] 21955K->14771K(26112K), 0.0004280 secs] [Times: user=0.00 sys=0.00, real=0.00 secs] 
112.007: Total time for which application threads were stopped: 0.0005450 seconds, Stopping threads took: 0.0000510 seconds
112.046: Application time: 0.0389110 seconds
112.046: [GC [PSYoungGen: 7664K->448K(8192K)] 21939K->14723K(26112K), 0.0004300 secs] [Times: user=0.00 sys=0.00, real=0.00 secs] 
112.047: Total time for which application threads were stopped: 0.0005410 seconds, Stopping threads took: 0.0000500 seconds
112.086: Application time: 0.0388520 seconds
112.086: [GC [PSYoungGen: 7616K->496K(8192K)] 21891K->14771K(26112K), 0.0004370 secs] [Times: user=0.01 sys=0.00, real=0.00 secs] 
112.086: Total time for which application threads were stopped: 0.0005590 seconds, Stopping threads took: 0.0000620 seconds
112.125: Application time: 0.0388520 seconds
112.125: [GC [PSYoungGen: 7664K->512K(8192K)] 21939K->14827K(26112K), 0.0004330 secs] [Times: user=0.00 sys=0.00, real=0.00 secs] 
112.126: Total time for which application threads were stopped: 0.0005450 seconds, Stopping threads took: 0.0000520 seconds
112.165: Application time: 0.0389450 seconds
112.165: [GC [PSYoungGen: 7680K->432K(8192K)] 21995K->14835K(26112K), 0.0004190 secs] [Times: user=0.00 sys=0.00, real=0.00 secs] 
112.165: Total time for which application threads were stopped: 0.0005340 seconds, Stopping threads took: 0.0000470 seconds
112.204: Application time: 0.0391810 seconds
112.204: [GC [PSYoungGen: 7600K->320K(8192K)] 22003K->14831K(26112K), 0.0004740 secs] [Times: user=0.00 sys=0.00, real=0.00 secs] 
112.205: Total time for which application threads were stopped: 0.0005720 seconds, Stopping threads took: 0.0000370 seconds
112.244: Application time: 0.0390530 seconds
112.244: [GC [PSYoungGen: 7488K->272K(8192K)] 21999K->14855K(26112K), 0.0003770 secs] [Times: user=0.00 sys=0.00, real=0.00 secs] 
112.245: Total time for which application threads were stopped: 0.0004820 seconds, Stopping threads took: 0.0000440 seconds
112.284: Application time: 0.0391060 seconds
112.284: [GC [PSYoungGen: 7440K->240K(8192K)] 22023K->14872K(26112K), 0.0004170 secs] [Times: user=0.01 sys=0.00, real=0.00 secs] 
112.284: Total time for which application threads were stopped: 0.0005210 seconds, Stopping threads took: 0.0000450 seconds
112.322: Application time: 0.0383480 seconds
112.323: [GC [PSYoungGen: 7408K->256K(8192K)] 22040K->14888K(26112K), 0.0004070 secs] [Times: user=0.00 sys=0.00, real=0.00 secs] 
112.323: Total time for which application threads were stopped: 0.0005160 seconds, Stopping threads took: 0.0000460 seconds
112.360: Application time: 0.0374250 seconds
112.361: [GC [PSYoungGen: 7424K->352K(8192K)] 22056K->14984K(26112K), 0.0004030 secs] [Times: user=0.01 sys=0.00, real=0.00 secs] 
112.361: Total time for which application threads were stopped: 0.0005100 seconds, Stopping threads took: 0.0000470 seconds
112.399: Application time: 0.0380030 seconds
112.399: [GC [PSYoungGen: 7520K->432K(8192K)] 22152K->15064K(26112K), 0.0004680 secs] [Times: user=0.00 sys=0.00, real=0.00 secs] 
112.400: Total time for which application threads were stopped: 0.0005810 seconds, Stopping threads took: 0.0000510 seconds
112.438: Application time: 0.0385920 seconds
112.438: [GC [PSYoungGen: 7600K->480K(8192K)] 22232K->15112K(26112K), 0.0004550 secs] [Times: user=0.00 sys=0.00, real=0.00 secs] 
112.439: Total time for which application threads were stopped: 0.0005540 seconds, Stopping threads took: 0.0000380 seconds
112.478: Application time: 0.0389130 seconds
112.478: [GC [PSYoungGen: 7648K->480K(8192K)] 22280K->15112K(26112K), 0.0004910 secs] [Times: user=0.00 sys=0.00, real=0.00 secs] 
112.478: Total time for which application threads were stopped: 0.0005980 seconds, Stopping threads took: 0.0000480 seconds
112.517: Application time: 0.0389200 seconds
112.517: [GC [PSYoungGen: 7648K->512K(8192K)] 22280K->15144K(26112K), 0.0004760 secs] [Times: user=0.00 sys=0.00, real=0.00 secs] 
112.518: Total time for which application threads were stopped: 0.0005990 seconds, Stopping threads took: 0.0000510 seconds
112.557: Application time: 0.0395670 seconds
112.557: [GC [PSYoungGen: 7680K->496K(8192K)] 22312K->15128K(26112K), 0.0004360 secs] [Times: user=0.01 sys=0.00, real=0.00 secs] 
112.558: Total time for which application threads were stopped: 0.0005390 seconds, Stopping threads took: 0.0000440 seconds
112.597: Application time: 0.0394050 seconds
112.601: [GC [PSYoungGen: 7664K->512K(8192K)] 22296K->15144K(26112K), 0.0005080 secs] [Times: user=0.01 sys=0.00, real=0.00 secs] 
112.602: Total time for which application threads were stopped: 0.0043620 seconds, Stopping threads took: 0.0037960 seconds
112.641: Application time: 0.0391360 seconds
112.641: [GC [PSYoungGen: 7680K->560K(8192K)] 22312K->15192K(26112K), 0.0005050 secs] [Times: user=0.00 sys=0.00, real=0.01 secs] 
112.641: Total time for which application threads were stopped: 0.0006300 seconds, Stopping threads took: 0.0000560 seconds
112.680: Application time: 0.0389490 seconds
112.680: [GC [PSYoungGen: 7728K->512K(8192K)] 22360K->15144K(26112K), 0.0004520 secs] [Times: user=0.00 sys=0.00, real=0.00 secs] 
112.681: Total time for which application threads were stopped: 0.0005620 seconds, Stopping threads took: 0.0000480 seconds
112.720: Application time: 0.0389360 seconds
112.720: [GC [PSYoungGen: 7680K->496K(8192K)] 22312K->15128K(26112K), 0.0004380 secs] [Times: user=0.01 sys=0.00, real=0.00 secs] 
112.720: Total time for which application threads were stopped: 0.0005560 seconds, Stopping threads took: 0.0000560 seconds
112.759: Application time: 0.0385250 seconds
112.759: [GC [PSYoungGen: 7664K->480K(8192K)] 22296K->15112K(26112K), 0.0004380 secs] [Times: user=0.01 sys=0.00, real=0.00 secs] 
112.759: Total time for which application threads were stopped: 0.0005640 seconds, Stopping threads took: 0.0000640 seconds
112.798: Application time: 0.0388720 seconds
112.798: [GC [PSYoungGen: 7648K->512K(8192K)] 22280K->15144K(26112K), 0.0004480 secs] [Times: user=0.00 sys=0.00, real=0.00 secs] 
112.799: Total time for which application threads were stopped: 0.0005500 seconds, Stopping threads took: 0.0000430 seconds
112.838: Application time: 0.0394250 seconds
112.838: [GC [PSYoungGen: 7680K->512K(8192K)] 22312K->15144K(26112K), 0.0004850 secs] [Times: user=0.00 sys=0.00, real=0.00 secs] 
112.839: Total time for which application threads were stopped: 0.0005850 seconds, Stopping threads took: 0.0000420 seconds
112.878: Application time: 0.0389550 seconds
112.878: [GC [PSYoungGen: 7680K->544K(8192K)] 22312K->15176K(26112K), 0.0004290 secs] [Times: user=0.00 sys=0.00, real=0.00 secs] 
112.878: Total time for which application threads were stopped: 0.0005440 seconds, Stopping threads took: 0.0000530 seconds
112.918: Application time: 0.0390980 seconds
112.918: [GC [PSYoungGen: 7712K->496K(8192K)] 22344K->15168K(26112K), 0.0004170 secs] [Times: user=0.00 sys=0.00, real=0.00 secs] 
112.918: Total time for which application threads were stopped: 0.0005270 seconds, Stopping threads took: 0.0000490 seconds
112.957: Application time: 0.0392040 seconds
112.957: [GC [PSYoungGen: 7664K->368K(8192K)] 22336K->15160K(26112K), 0.0004110 secs] [Times: user=0.00 sys=0.00, real=0.00 secs] 
112.958: Total time for which application threads were stopped: 0.0005090 seconds, Stopping threads took: 0.0000390 seconds
112.997: Application time: 0.0389900 seconds
112.997: [GC [PSYoungGen: 7536K->304K(8192K)] 22328K->15184K(26112K), 0.0004050 secs] [Times: user=0.01 sys=0.00, real=0.00 secs] 
112.997: Total time for which application threads were stopped: 0.0005120 seconds, Stopping threads took: 0.0000470 seconds
113.036: Application time: 0.0392290 seconds
113.037: [GC [PSYoungGen: 7472K->256K(8192K)] 22352K->15224K(26112K), 0.0003890 secs] [Times: user=0.00 sys=0.00, real=0.00 secs] 
113.037: Total time for which application threads were stopped: 0.0005070 seconds, Stopping threads took: 0.0000430 seconds
113.076: Application time: 0.0388690 seconds
113.076: [GC [PSYoungGen: 7424K->256K(8192K)] 22392K->15224K(26112K), 0.0003770 secs] [Times: user=0.00 sys=0.00, real=0.00 secs] 
113.076: Total time for which application threads were stopped: 0.0004830 seconds, Stopping threads took: 0.0000480 seconds
113.115: Application time: 0.0384280 seconds
113.115: [GC [PSYoungGen: 7424K->288K(8192K)] 22392K->15256K(26112K), 0.0003740 secs] [Times: user=0.00 sys=0.00, real=0.00 secs] 
113.115: Total time for which application threads were stopped: 0.0004840 seconds, Stopping threads took: 0.0000500 seconds
113.153: Application time: 0.0375030 seconds
113.153: [GC [PSYoungGen: 7456K->384K(8192K)] 22424K->15352K(26112K), 0.0004110 secs] [Times: user=0.00 sys=0.00, real=0.00 secs] 
113.153: Total time for which application threads were stopped: 0.0005120 seconds, Stopping threads took: 0.0000400 seconds
113.191: Application time: 0.0381840 seconds
113.192: [GC [PSYoungGen: 7552K->448K(8192K)] 22520K->15416K(26112K), 0.0004430 secs] [Times: user=0.00 sys=0.00, real=0.00 secs] 
113.192: Total time for which application threads were stopped: 0.0005480 seconds, Stopping threads took: 0.0000450 seconds
113.230: Application time: 0.0381040 seconds
113.230: [GC [PSYoungGen: 7616K->480K(8192K)] 22584K->15448K(26112K), 0.0004240 secs] [Times: user=0.00 sys=0.00, real=0.00 secs] 
113.231: Total time for which application threads were stopped: 0.0005430 seconds, Stopping threads took: 0.0000520 seconds
113.270: Application time: 0.0389020 seconds
113.270: [GC [PSYoungGen: 7648K->512K(8192K)] 22616K->15480K(26112K), 0.0004270 secs] [Times: user=0.00 sys=0.00, real=0.00 secs] 
113.270: Total time for which application threads were stopped: 0.0005350 seconds, Stopping threads took: 0.0000490 seconds
113.309: Application time: 0.0393290 seconds
113.310: [GC [PSYoungGen: 7680K->496K(8192K)] 22648K->15464K(26112K), 0.0004310 secs] [Times: user=0.00 sys=0.00, real=0.00 secs] 
113.310: Total time for which application threads were stopped: 0.0005360 seconds, Stopping threads took: 0.0000440 seconds
113.350: Application time: 0.0397950 seconds
113.350: [GC [PSYoungGen: 7664K->464K(8192K)] 22632K->15432K(26112K), 0.0004570 secs] [Times: user=0.00 sys=0.00, real=0.00 secs] 
113.350: Total time for which application threads were stopped: 0.0005570 seconds, Stopping threads took: 0.0000410 seconds
113.389: Application time: 0.0389800 seconds
113.389: [GC [PSYoungGen: 7632K->512K(8192K)] 22600K->15480K(26112K), 0.0004360 secs] [Times: user=0.00 sys=0.00, real=0.00 secs] 
113.390: Total time for which application threads were stopped: 0.0005460 seconds, Stopping threads took: 0.0000490 seconds
113.429: Application time: 0.0390020 seconds
113.429: [GC [PSYoungGen: 7680K->528K(8192K)] 22648K->15496K(26112K), 0.0004340 secs] [Times: user=0.00 sys=0.00, real=0.01 secs] 
113.429: Total time for which application threads were stopped: 0.0005340 seconds, Stopping threads took: 0.0000430 seconds
113.468: Application time: 0.0389600 seconds
113.468: [GC [PSYoungGen: 7696K->512K(8192K)] 22664K->15480K(26112K), 0.0004280 secs] [Times: user=0.00 sys=0.00, real=0.00 secs] 
113.469: Total time for which application threads were stopped: 0.0005390 seconds, Stopping threads took: 0.0000510 seconds
113.508: Application time: 0.0387420 seconds
113.508: [GC [PSYoungGen: 7680K->560K(8192K)] 22648K->15528K(26112K), 0.0004140 secs] [Times: user=0.00 sys=0.00, real=0.00 secs] 
113.508: Total time for which application threads were stopped: 0.0005220 seconds, Stopping threads took: 0.0000490 seconds
113.547: Application time: 0.0387650 seconds
113.547: [GC [PSYoungGen: 7728K->496K(8192K)] 22696K->15464K(26112K), 0.0004320 secs] [Times: user=0.00 sys=0.00, real=0.00 secs] 
113.547: Total time for which application threads were stopped: 0.0005520 seconds, Stopping threads took: 0.0000490 seconds
113.586: Application time: 0.0388560 seconds
113.586: [GC [PSYoungGen: 7664K->528K(8192K)] 22632K->15496K(26112K), 0.0004680 secs] [Times: user=0.01 sys=0.00, real=0.00 secs] 
113.587: Total time for which application threads were stopped: 0.0005810 seconds, Stopping threads took: 0.0000520 seconds
113.626: Application time: 0.0389290 seconds
113.626: [GC [PSYoungGen: 7696K->528K(8192K)] 22664K->15496K(26112K), 0.0004580 secs] [Times: user=0.00 sys=0.00, real=0.00 secs] 
113.626: Total time for which application threads were stopped: 0.0005650 seconds, Stopping threads took: 0.0000460 seconds
113.666: Application time: 0.0395120 seconds
113.669: [GC [PSYoungGen: 7696K->496K(8192K)] 22664K->15464K(26112K), 0.0005000 secs] [Times: user=0.00 sys=0.00, real=0.00 secs] 
113.670: Total time for which application threads were stopped: 0.0036700 seconds, Stopping threads took: 0.0031030 seconds
113.709: Application time: 0.0389400 seconds
113.709: [GC [PSYoungGen: 7664K->448K(8192K)] 22632K->15512K(26112K), 0.0004360 secs] [Times: user=0.00 sys=0.00, real=0.01 secs] 
113.709: Total time for which application threads were stopped: 0.0005470 seconds, Stopping threads took: 0.0000480 seconds
113.748: Application time: 0.0391680 seconds
113.748: [GC [PSYoungGen: 7616K->336K(8192K)] 22680K->15520K(26112K), 0.0004240 secs] [Times: user=0.00 sys=0.00, real=0.00 secs] 
113.749: Total time for which application threads were stopped: 0.0005390 seconds, Stopping threads took: 0.0000540 seconds
113.788: Application time: 0.0390360 seconds
113.788: [GC [PSYoungGen: 7504K->304K(8192K)] 22688K->15552K(26112K), 0.0004290 secs] [Times: user=0.00 sys=0.00, real=0.00 secs] 
113.788: Total time for which application threads were stopped: 0.0005410 seconds, Stopping threads took: 0.0000450 seconds
113.827: Application time: 0.0391160 seconds
113.828: [GC [PSYoungGen: 7472K->240K(8192K)] 22720K->15568K(26112K), 0.0004460 secs] [Times: user=0.00 sys=0.00, real=0.00 secs] 
113.828: Total time for which application threads were stopped: 0.0005550 seconds, Stopping threads took: 0.0000510 seconds
113.867: Application time: 0.0388920 seconds
113.867: [GC [PSYoungGen: 7408K->256K(8192K)] 22736K->15584K(26112K), 0.0003740 secs] [Times: user=0.00 sys=0.00, real=0.00 secs] 
113.867: Total time for which application threads were stopped: 0.0004760 seconds, Stopping threads took: 0.0000440 seconds
113.904: Application time: 0.0369520 seconds
113.904: [GC [PSYoungGen: 7424K->352K(8192K)] 22752K->15680K(26112K), 0.0004540 secs] [Times: user=0.01 sys=0.00, real=0.00 secs] 
113.905: Total time for which application threads were stopped: 0.0005590 seconds, Stopping threads took: 0.0000470 seconds
113.943: Application time: 0.0384280 seconds
113.943: [GC [PSYoungGen: 7520K->416K(8192K)] 22848K->15744K(26112K), 0.0004330 secs] [Times: user=0.00 sys=0.00, real=0.00 secs] 
113.944: Total time for which application threads were stopped: 0.0005440 seconds, Stopping threads took: 0.0000480 seconds
113.982: Application time: 0.0384860 seconds
113.982: [GC [PSYoungGen: 7584K->448K(8192K)] 22912K->15776K(26112K), 0.0004420 secs] [Times: user=0.00 sys=0.00, real=0.00 secs] 
113.983: Total time for which application threads were stopped: 0.0005510 seconds, Stopping threads took: 0.0000520 seconds
114.021: Application time: 0.0381820 seconds
114.021: [GC [PSYoungGen: 7616K->496K(8192K)] 22944K->15824K(26112K), 0.0004270 secs] [Times: user=0.00 sys=0.00, real=0.00 secs] 
114.022: Total time for which application threads were stopped: 0.0005290 seconds, Stopping threads took: 0.0000400 seconds
114.061: Application time: 0.0388880 seconds
114.061: [GC [PSYoungGen: 7664K->464K(8192K)] 22992K->15792K(26112K), 0.0004280 secs] [Times: user=0.00 sys=0.00, real=0.01 secs] 
114.061: Total time for which application threads were stopped: 0.0005640 seconds, Stopping threads took: 0.0000620 seconds
114.100: Application time: 0.0389470 seconds
114.100: [GC [PSYoungGen: 7632K->512K(8192K)] 22960K->15840K(26112K), 0.0005100 secs] [Times: user=0.01 sys=0.00, real=0.00 secs] 
114.101: Total time for which application threads were stopped: 0.0006340 seconds, Stopping threads took: 0.0000630 seconds
114.140: Application time: 0.0390930 seconds
114.140: [GC [PSYoungGen: 7680K->560K(8192K)] 23008K->15888K(26112K), 0.0004290 secs] [Times: user=0.00 sys=0.00, real=0.00 secs] 
114.140: Total time for which application threads were stopped: 0.0005380 seconds, Stopping threads took: 0.0000490 seconds
114.180: Application time: 0.0396420 seconds
114.180: [GC [PSYoungGen: 7728K->512K(8192K)] 23056K->15840K(26112K), 0.0004240 secs] [Times: user=0.00 sys=0.00, real=0.00 secs] 
114.180: Total time for which application threads were stopped: 0.0005260 seconds, Stopping threads took: 0.0000420 seconds
114.219: Application time: 0.0389360 seconds
114.220: [GC [PSYoungGen: 7680K->496K(8192K)] 23008K->15832K(26112K), 0.0004430 secs] [Times: user=0.00 sys=0.00, real=0.00 secs] 
114.220: Total time for which application threads were stopped: 0.0005510 seconds, Stopping threads took: 0.0000490 seconds
114.259: Application time: 0.0391020 seconds
114.261: [GC [PSYoungGen: 7664K->480K(8192K)] 23000K->15816K(26112K), 0.0004820 secs] [Times: user=0.00 sys=0.00, real=0.00 secs] 
114.262: Total time for which application threads were stopped: 0.0024750 seconds, Stopping threads took: 0.0019300 seconds
114.301: Application time: 0.0392840 seconds
114.301: [GC [PSYoungGen: 7648K->464K(8192K)] 22984K->15800K(26112K), 0.0004260 secs] [Times: user=0.00 sys=0.00, real=0.01 secs] 
114.301: Total time for which application threads were stopped: 0.0005290 seconds, Stopping threads took: 0.0000420 seconds
114.340: Application time: 0.0388490 seconds
114.340: [GC [PSYoungGen: 7632K->496K(8192K)] 22968K->15832K(26112K), 0.0004390 secs] [Times: user=0.00 sys=0.00, real=0.00 secs] 
114.341: Total time for which application threads were stopped: 0.0005450 seconds, Stopping threads took: 0.0000450 seconds
114.380: Application time: 0.0388970 seconds
114.381: [GC [PSYoungGen: 7664K->528K(8192K)] 23000K->15864K(26112K), 0.0004440 secs] [Times: user=0.00 sys=0.00, real=0.00 secs] 
114.382: Total time for which application threads were stopped: 0.0018750 seconds, Stopping threads took: 0.0013740 seconds
114.420: Application time: 0.0388360 seconds
114.420: [GC [PSYoungGen: 7696K->512K(8192K)] 23032K->15848K(26112K), 0.0004970 secs] [Times: user=0.00 sys=0.00, real=0.01 secs] 
114.421: Total time for which application threads were stopped: 0.0006180 seconds, Stopping threads took: 0.0000560 seconds
114.460: Application time: 0.0388880 seconds
114.460: [GC [PSYoungGen: 7680K->544K(8192K)] 23016K->15880K(26112K), 0.0004210 secs] [Times: user=0.00 sys=0.00, real=0.00 secs] 
114.460: Total time for which application threads were stopped: 0.0005240 seconds, Stopping threads took: 0.0000430 seconds
114.499: Application time: 0.0390240 seconds
114.500: [GC [PSYoungGen: 7712K->336K(8192K)] 23048K->15832K(26112K), 0.0004420 secs] [Times: user=0.00 sys=0.00, real=0.00 secs] 
114.500: Total time for which application threads were stopped: 0.0005420 seconds, Stopping threads took: 0.0000410 seconds
114.539: Application time: 0.0388850 seconds
114.539: [GC [PSYoungGen: 7504K->304K(8192K)] 23000K->15856K(26112K), 0.0003940 secs] [Times: user=0.00 sys=0.00, real=0.00 secs] 
114.539: Total time for which application threads were stopped: 0.0005010 seconds, Stopping threads took: 0.0000480 seconds
114.579: Application time: 0.0397740 seconds
114.579: [GC [PSYoungGen: 7472K->272K(8192K)] 23024K->15872K(26112K), 0.0004400 secs] [Times: user=0.00 sys=0.00, real=0.00 secs] 
114.580: Total time for which application threads were stopped: 0.0005540 seconds, Stopping threads took: 0.0000450 seconds
114.619: Application time: 0.0389090 seconds
114.619: [GC [PSYoungGen: 7440K->256K(8192K)] 23040K->15948K(26112K), 0.0003810 secs] [Times: user=0.00 sys=0.00, real=0.00 secs] 
114.619: Total time for which application threads were stopped: 0.0004920 seconds, Stopping threads took: 0.0000510 seconds
114.658: Application time: 0.0386670 seconds
114.658: [GC [PSYoungGen: 7424K->272K(8192K)] 23116K->15964K(26112K), 0.0004400 secs] [Times: user=0.00 sys=0.00, real=0.00 secs] 
114.658: Total time for which application threads were stopped: 0.0005500 seconds, Stopping threads took: 0.0000430 seconds
114.696: Application time: 0.0373450 seconds
114.696: [GC [PSYoungGen: 7440K->368K(8192K)] 23132K->16060K(26112K), 0.0004490 secs] [Times: user=0.00 sys=0.00, real=0.00 secs] 
114.696: Total time for which application threads were stopped: 0.0005580 seconds, Stopping threads took: 0.0000470 seconds
114.734: Application time: 0.0378550 seconds
114.734: [GC [PSYoungGen: 7536K->416K(8192K)] 23228K->16108K(26112K), 0.0004560 secs] [Times: user=0.00 sys=0.00, real=0.00 secs] 
114.735: Total time for which application threads were stopped: 0.0005740 seconds, Stopping threads took: 0.0000570 seconds
114.774: Application time: 0.0392240 seconds
114.774: [GC [PSYoungGen: 7584K->400K(8192K)] 23276K->16092K(26112K), 0.0004380 secs] [Times: user=0.00 sys=0.00, real=0.00 secs] 
114.774: Total time for which application threads were stopped: 0.0005370 seconds, Stopping threads took: 0.0000400 seconds
114.813: Application time: 0.0382850 seconds
114.813: [GC [PSYoungGen: 7568K->480K(8192K)] 23260K->16172K(26112K), 0.0004500 secs] [Times: user=0.00 sys=0.00, real=0.00 secs] 
114.813: Total time for which application threads were stopped: 0.0005610 seconds, Stopping threads took: 0.0000480 seconds
114.852: Application time: 0.0389950 seconds
114.852: [GC [PSYoungGen: 7648K->480K(8192K)] 23340K->16172K(26112K), 0.0004540 secs] [Times: user=0.00 sys=0.00, real=0.00 secs] 
114.853: Total time for which application threads were stopped: 0.0005740 seconds, Stopping threads took: 0.0000510 seconds
114.892: Application time: 0.0395690 seconds
114.893: [GC [PSYoungGen: 7648K->528K(8192K)] 23340K->16220K(26112K), 0.0004350 secs] [Times: user=0.00 sys=0.00, real=0.00 secs] 
114.893: Total time for which application threads were stopped: 0.0005410 seconds, Stopping threads took: 0.0000460 seconds
114.932: Application time: 0.0392350 seconds
114.932: [GC [PSYoungGen: 7696K->512K(8192K)] 23388K->16204K(26112K), 0.0004270 secs] [Times: user=0.00 sys=0.00, real=0.00 secs] 
114.933: Total time for which application threads were stopped: 0.0005390 seconds, Stopping threads took: 0.0000510 seconds
114.972: Application time: 0.0390340 seconds
114.972: [GC [PSYoungGen: 7680K->496K(8192K)] 23372K->16188K(26112K), 0.0005030 secs] [Times: user=0.01 sys=0.00, real=0.00 secs] 
114.972: Total time for which application threads were stopped: 0.0006150 seconds, Stopping threads took: 0.0000510 seconds
115.011: Application time: 0.0388910 seconds
115.011: [GC [PSYoungGen: 7664K->480K(8192K)] 23356K->16172K(26112K), 0.0004380 secs] [Times: user=0.00 sys=0.00, real=0.00 secs] 
115.012: Total time for which application threads were stopped: 0.0005480 seconds, Stopping threads took: 0.0000520 seconds
115.051: Application time: 0.0387760 seconds
115.051: [GC [PSYoungGen: 7648K->496K(8192K)] 23340K->16188K(26112K), 0.0004290 secs] [Times: user=0.00 sys=0.00, real=0.00 secs] 
115.051: Total time for which application threads were stopped: 0.0005430 seconds, Stopping threads took: 0.0000530 seconds
115.090: Application time: 0.0387520 seconds
115.090: [GC [PSYoungGen: 7664K->512K(8192K)] 23356K->16204K(26112K), 0.0004520 secs] [Times: user=0.00 sys=0.00, real=0.00 secs] 
115.090: Total time for which application threads were stopped: 0.0005730 seconds, Stopping threads took: 0.0000480 seconds
115.129: Application time: 0.0387430 seconds
115.129: [GC [PSYoungGen: 7680K->512K(8192K)] 23372K->16204K(26112K), 0.0004510 secs] [Times: user=0.00 sys=0.00, real=0.00 secs] 
115.131: Total time for which application threads were stopped: 0.0016060 seconds, Stopping threads took: 0.0000490 seconds
115.170: Application time: 0.0389370 seconds
115.170: [GC [PSYoungGen: 7680K->496K(8192K)] 23372K->16188K(26112K), 0.0004510 secs] [Times: user=0.00 sys=0.00, real=0.00 secs] 
115.170: Total time for which application threads were stopped: 0.0005600 seconds, Stopping threads took: 0.0000500 seconds
115.210: Application time: 0.0391830 seconds
115.210: [GC [PSYoungGen: 7664K->480K(8192K)] 23356K->16172K(26112K), 0.0004440 secs] [Times: user=0.01 sys=0.00, real=0.00 secs] 
115.210: Total time for which application threads were stopped: 0.0005840 seconds, Stopping threads took: 0.0000800 seconds
115.249: Application time: 0.0388690 seconds
115.249: [GC [PSYoungGen: 7648K->464K(8192K)] 23340K->16212K(26112K), 0.0004140 secs] [Times: user=0.01 sys=0.00, real=0.00 secs] 
115.249: Total time for which application threads were stopped: 0.0005230 seconds, Stopping threads took: 0.0000500 seconds
115.288: Application time: 0.0389970 seconds
115.289: [GC [PSYoungGen: 7632K->400K(8192K)] 23380K->16256K(26112K), 0.0004990 secs] [Times: user=0.01 sys=0.00, real=0.01 secs] 
115.289: Total time for which application threads were stopped: 0.0006150 seconds, Stopping threads took: 0.0000500 seconds
115.328: Application time: 0.0392810 seconds
115.328: [GC [PSYoungGen: 7568K->320K(8192K)] 23424K->16264K(26112K), 0.0003980 secs] [Times: user=0.00 sys=0.00, real=0.00 secs] 
115.329: Total time for which application threads were stopped: 0.0005070 seconds, Stopping threads took: 0.0000500 seconds
115.368: Application time: 0.0388840 seconds
115.368: [GC [PSYoungGen: 7488K->288K(8192K)] 23432K->16232K(26112K), 0.0003730 secs] [Times: user=0.00 sys=0.00, real=0.00 secs] 
115.368: Total time for which application threads were stopped: 0.0004750 seconds, Stopping threads took: 0.0000430 seconds
115.407: Application time: 0.0388820 seconds
115.407: [GC [PSYoungGen: 7456K->256K(8192K)] 23400K->16281K(26112K), 0.0004260 secs] [Times: user=0.00 sys=0.00, real=0.00 secs] 
115.408: Total time for which application threads were stopped: 0.0005380 seconds, Stopping threads took: 0.0000520 seconds
115.446: Application time: 0.0385500 seconds
115.446: [GC [PSYoungGen: 7424K->320K(8192K)] 23449K->16345K(26112K), 0.0003830 secs] [Times: user=0.00 sys=0.00, real=0.00 secs] 
115.447: Total time for which application threads were stopped: 0.0004890 seconds, Stopping threads took: 0.0000460 seconds
115.484: Application time: 0.0375410 seconds
115.484: [GC [PSYoungGen: 7488K->352K(8192K)] 23513K->16377K(26112K), 0.0003980 secs] [Times: user=0.00 sys=0.00, real=0.00 secs] 
115.485: Total time for which application threads were stopped: 0.0005060 seconds, Stopping threads took: 0.0000470 seconds
115.523: Application time: 0.0382080 seconds
115.523: [GC [PSYoungGen: 7520K->400K(8192K)] 23545K->16425K(26112K), 0.0004430 secs] [Times: user=0.00 sys=0.00, real=0.00 secs] 
115.524: Total time for which application threads were stopped: 0.0005590 seconds, Stopping threads took: 0.0000560 seconds
115.562: Application time: 0.0381350 seconds
115.562: [GC [PSYoungGen: 7568K->464K(8192K)] 23593K->16489K(26112K), 0.0004230 secs] [Times: user=0.00 sys=0.00, real=0.00 secs] 
115.562: Total time for which application threads were stopped: 0.0005290 seconds, Stopping threads took: 0.0000460 seconds
115.601: Application time: 0.0385710 seconds
115.601: [GC [PSYoungGen: 7632K->544K(8192K)] 23657K->16569K(26112K), 0.0004320 secs] [Times: user=0.00 sys=0.00, real=0.01 secs] 
115.601: Total time for which application threads were stopped: 0.0005620 seconds, Stopping threads took: 0.0000570 seconds
115.641: Application time: 0.0394290 seconds
115.641: [GC [PSYoungGen: 7712K->512K(8192K)] 23737K->16537K(26112K), 0.0004910 secs] [Times: user=0.00 sys=0.00, real=0.01 secs] 
115.641: Total time for which application threads were stopped: 0.0006170 seconds, Stopping threads took: 0.0000560 seconds
115.681: Application time: 0.0392110 seconds
115.681: [GC [PSYoungGen: 7680K->544K(8192K)] 23705K->16569K(26112K), 0.0004470 secs] [Times: user=0.00 sys=0.00, real=0.01 secs] 
115.681: Total time for which application threads were stopped: 0.0005590 seconds, Stopping threads took: 0.0000490 seconds
115.720: Application time: 0.0391150 seconds
115.720: [GC [PSYoungGen: 7712K->528K(8192K)] 23737K->16553K(26112K), 0.0004540 secs] [Times: user=0.00 sys=0.00, real=0.00 secs] 
115.721: Total time for which application threads were stopped: 0.0005680 seconds, Stopping threads took: 0.0000540 seconds
115.760: Application time: 0.0391930 seconds
115.760: [GC [PSYoungGen: 7696K->496K(8192K)] 23721K->16521K(26112K), 0.0004300 secs] [Times: user=0.00 sys=0.00, real=0.00 secs] 
115.761: Total time for which application threads were stopped: 0.0005400 seconds, Stopping threads took: 0.0000500 seconds
115.800: Application time: 0.0389860 seconds
115.800: [GC [PSYoungGen: 7664K->528K(8192K)] 23689K->16553K(26112K), 0.0004330 secs] [Times: user=0.00 sys=0.00, real=0.00 secs] 
115.800: Total time for which application threads were stopped: 0.0005350 seconds, Stopping threads took: 0.0000430 seconds
115.839: Application time: 0.0384810 seconds
115.839: [GC [PSYoungGen: 7696K->512K(8192K)] 23721K->16537K(26112K), 0.0004190 secs] [Times: user=0.00 sys=0.00, real=0.00 secs] 
115.839: Total time for which application threads were stopped: 0.0005320 seconds, Stopping threads took: 0.0000520 seconds
115.878: Application time: 0.0388860 seconds
115.878: [GC [PSYoungGen: 7680K->544K(8192K)] 23705K->16569K(26112K), 0.0004380 secs] [Times: user=0.00 sys=0.00, real=0.00 secs] 
115.879: Total time for which application threads were stopped: 0.0005410 seconds, Stopping threads took: 0.0000440 seconds
115.917: Application time: 0.0387700 seconds
115.917: [GC [PSYoungGen: 7712K->496K(8192K)] 23737K->16521K(26112K), 0.0004150 secs] [Times: user=0.01 sys=0.00, real=0.00 secs] 
115.918: Total time for which application threads were stopped: 0.0005220 seconds, Stopping threads took: 0.0000470 seconds
115.957: Application time: 0.0388320 seconds
115.957: [GC [PSYoungGen: 7664K->528K(8192K)] 23689K->16553K(26112K), 0.0005000 secs] [Times: user=0.00 sys=0.00, real=0.00 secs] 
115.957: Total time for which application threads were stopped: 0.0006030 seconds, Stopping threads took: 0.0000440 seconds
115.996: Application time: 0.0390950 seconds
115.996: [GC [PSYoungGen: 7696K->512K(8192K)] 23721K->16537K(26112K), 0.0004300 secs] [Times: user=0.00 sys=0.00, real=0.00 secs] 
115.997: Total time for which application threads were stopped: 0.0005370 seconds, Stopping threads took: 0.0000480 seconds
116.036: Application time: 0.0390020 seconds
116.036: [GC [PSYoungGen: 7680K->432K(8192K)] 23705K->16549K(26112K), 0.0004590 secs] [Times: user=0.00 sys=0.00, real=0.00 secs] 
116.036: Total time for which application threads were stopped: 0.0005660 seconds, Stopping threads took: 0.0000470 seconds
116.075: Application time: 0.0389180 seconds
116.076: [GC [PSYoungGen: 7600K->368K(8192K)] 23717K->16573K(26112K), 0.0004310 secs] [Times: user=0.00 sys=0.00, real=0.00 secs] 
116.076: Total time for which application threads were stopped: 0.0005510 seconds, Stopping threads took: 0.0000600 seconds
116.115: Application time: 0.0388840 seconds
116.115: [GC [PSYoungGen: 7536K->320K(8192K)] 23741K->16621K(26112K), 0.0004410 secs] [Times: user=0.00 sys=0.00, real=0.00 secs] 
116.115: Total time for which application threads were stopped: 0.0005660 seconds, Stopping threads took: 0.0000540 seconds
116.155: Application time: 0.0391140 seconds
116.155: [GC [PSYoungGen: 7488K->272K(8192K)] 23789K->16621K(26112K), 0.0003890 secs] [Times: user=0.00 sys=0.00, real=0.00 secs] 
116.155: Total time for which application threads were stopped: 0.0004920 seconds, Stopping threads took: 0.0000450 seconds
116.194: Application time: 0.0388990 seconds
116.194: [GC [PSYoungGen: 7440K->256K(8192K)] 23789K->16661K(26112K), 0.0004030 secs] [Times: user=0.00 sys=0.00, real=0.00 secs] 
116.194: Total time for which application threads were stopped: 0.0005090 seconds, Stopping threads took: 0.0000490 seconds
116.232: Application time: 0.0373570 seconds
116.232: [GC [PSYoungGen: 7424K->320K(8192K)] 23829K->16725K(26112K), 0.0004090 secs] [Times: user=0.00 sys=0.00, real=0.00 secs] 
116.232: Total time for which application threads were stopped: 0.0005170 seconds, Stopping threads took: 0.0000470 seconds
116.271: Application time: 0.0385180 seconds
116.271: [GC [PSYoungGen: 7488K->320K(8192K)] 23893K->16725K(26112K), 0.0004260 secs] [Times: user=0.00 sys=0.00, real=0.00 secs] 
116.271: Total time for which application threads were stopped: 0.0005320 seconds, Stopping threads took: 0.0000470 seconds
116.309: Application time: 0.0380050 seconds
116.313: [GC [PSYoungGen: 7488K->432K(8192K)] 23893K->16837K(26112K), 0.0004210 secs] [Times: user=0.00 sys=0.00, real=0.00 secs] 
116.314: Total time for which application threads were stopped: 0.0041340 seconds, Stopping threads took: 0.0036500 seconds
116.351: Application time: 0.0379880 seconds
116.352: [GC [PSYoungGen: 7600K->480K(8192K)] 24005K->16885K(26112K), 0.0004680 secs] [Times: user=0.00 sys=0.00, real=0.00 secs] 
116.352: Total time for which application threads were stopped: 0.0005830 seconds, Stopping threads took: 0.0000530 seconds
116.391: Application time: 0.0388760 seconds
116.391: [GC [PSYoungGen: 7648K->544K(8192K)] 24053K->16949K(26112K), 0.0004480 secs] [Times: user=0.01 sys=0.00, real=0.00 secs] 
116.392: Total time for which application threads were stopped: 0.0005550 seconds, Stopping threads took: 0.0000480 seconds
116.430: Application time: 0.0389800 seconds
116.431: [GC [PSYoungGen: 7712K->496K(8192K)] 24117K->16901K(26112K), 0.0004300 secs] [Times: user=0.00 sys=0.00, real=0.00 secs] 
116.431: Total time for which application threads were stopped: 0.0005330 seconds, Stopping threads took: 0.0000440 seconds
116.470: Application time: 0.0390490 seconds
116.470: [GC [PSYoungGen: 7664K->512K(8192K)] 24069K->16917K(26112K), 0.0004640 secs] [Times: user=0.00 sys=0.00, real=0.00 secs] 
116.471: Total time for which application threads were stopped: 0.0005770 seconds, Stopping threads took: 0.0000420 seconds
116.510: Application time: 0.0390700 seconds
116.510: [GC [PSYoungGen: 7680K->512K(8192K)] 24085K->16917K(26112K), 0.0004390 secs] [Times: user=0.00 sys=0.00, real=0.00 secs] 
116.510: Total time for which application threads were stopped: 0.0005330 seconds, Stopping threads took: 0.0000360 seconds
116.549: Application time: 0.0389460 seconds
116.549: [GC [PSYoungGen: 7680K->496K(8192K)] 24085K->16901K(26112K), 0.0004290 secs] [Times: user=0.00 sys=0.00, real=0.00 secs] 
116.550: Total time for which application threads were stopped: 0.0005400 seconds, Stopping threads took: 0.0000510 seconds
116.589: Application time: 0.0390610 seconds
116.589: [GC [PSYoungGen: 7664K->528K(8192K)] 24069K->16933K(26112K), 0.0004370 secs] [Times: user=0.00 sys=0.00, real=0.01 secs] 
116.589: Total time for which application threads were stopped: 0.0005420 seconds, Stopping threads took: 0.0000460 seconds
116.628: Application time: 0.0386780 seconds
116.628: [GC [PSYoungGen: 7696K->528K(8192K)] 24101K->16933K(26112K), 0.0004670 secs] [Times: user=0.00 sys=0.00, real=0.00 secs] 
116.629: Total time for which application threads were stopped: 0.0005880 seconds, Stopping threads took: 0.0000520 seconds
116.668: Application time: 0.0390390 seconds
116.668: [GC [PSYoungGen: 7696K->464K(8192K)] 24101K->16869K(26112K), 0.0004640 secs] [Times: user=0.00 sys=0.00, real=0.00 secs] 
116.668: Total time for which application threads were stopped: 0.0005890 seconds, Stopping threads took: 0.0000610 seconds
116.708: Application time: 0.0393440 seconds
116.708: [GC [PSYoungGen: 7632K->528K(8192K)] 24037K->16933K(26112K), 0.0005180 secs] [Times: user=0.00 sys=0.00, real=0.00 secs] 
116.708: Total time for which application threads were stopped: 0.0006330 seconds, Stopping threads took: 0.0000500 seconds
116.747: Application time: 0.0386100 seconds
116.747: [GC [PSYoungGen: 7696K->512K(8192K)] 24101K->16917K(26112K), 0.0004510 secs] [Times: user=0.00 sys=0.00, real=0.00 secs] 
116.747: Total time for which application threads were stopped: 0.0005600 seconds, Stopping threads took: 0.0000490 seconds
116.787: Application time: 0.0391870 seconds
116.787: [GC [PSYoungGen: 7680K->480K(8192K)] 24085K->16885K(26112K), 0.0004360 secs] [Times: user=0.01 sys=0.00, real=0.00 secs] 
116.787: Total time for which application threads were stopped: 0.0005440 seconds, Stopping threads took: 0.0000490 seconds
116.826: Application time: 0.0390330 seconds
116.826: [GC [PSYoungGen: 7648K->400K(8192K)] 24053K->16937K(26112K), 0.0004280 secs] [Times: user=0.00 sys=0.00, real=0.00 secs] 
116.827: Total time for which application threads were stopped: 0.0005330 seconds, Stopping threads took: 0.0000450 seconds
116.866: Application time: 0.0388920 seconds
116.866: [GC [PSYoungGen: 7568K->352K(8192K)] 24105K->16929K(26112K), 0.0004210 secs] [Times: user=0.00 sys=0.00, real=0.00 secs] 
116.866: Total time for which application threads were stopped: 0.0005270 seconds, Stopping threads took: 0.0000450 seconds
116.906: Application time: 0.0395580 seconds
116.906: [GC [PSYoungGen: 7520K->288K(8192K)] 24097K->16953K(26112K), 0.0004050 secs] [Times: user=0.00 sys=0.00, real=0.00 secs] 
116.906: Total time for which application threads were stopped: 0.0005120 seconds, Stopping threads took: 0.0000510 seconds
116.946: Application time: 0.0393490 seconds
116.946: [GC [PSYoungGen: 7456K->256K(8192K)] 24121K->17009K(26112K), 0.0004120 secs] [Times: user=0.00 sys=0.00, real=0.00 secs] 
116.946: Total time for which application threads were stopped: 0.0005230 seconds, Stopping threads took: 0.0000520 seconds
116.984: Application time: 0.0383200 seconds
116.984: [GC [PSYoungGen: 7424K->272K(8192K)] 24177K->17025K(26112K), 0.0003800 secs] [Times: user=0.00 sys=0.00, real=0.00 secs] 
116.985: Total time for which application threads were stopped: 0.0004880 seconds, Stopping threads took: 0.0000500 seconds
117.023: Application time: 0.0380830 seconds
117.025: [GC [PSYoungGen: 7440K->304K(8192K)] 24193K->17057K(26112K), 0.0004360 secs] [Times: user=0.01 sys=0.00, real=0.00 secs] 
117.026: Total time for which application threads were stopped: 0.0025490 seconds, Stopping threads took: 0.0020550 seconds
117.064: Application time: 0.0386630 seconds
117.064: [GC [PSYoungGen: 7472K->320K(8192K)] 24225K->17073K(26112K), 0.0004230 secs] [Times: user=0.01 sys=0.00, real=0.00 secs] 
117.065: Total time for which application threads were stopped: 0.0005480 seconds, Stopping threads took: 0.0000650 seconds
117.103: Application time: 0.0377770 seconds
117.103: [GC [PSYoungGen: 7488K->432K(8192K)] 24241K->17185K(26112K), 0.0004260 secs] [Times: user=0.00 sys=0.00, real=0.00 secs] 
117.103: Total time for which application threads were stopped: 0.0005280 seconds, Stopping threads took: 0.0000430 seconds
117.141: Application time: 0.0382100 seconds
117.141: [GC [PSYoungGen: 7600K->480K(8192K)] 24353K->17233K(26112K), 0.0004440 secs] [Times: user=0.00 sys=0.00, real=0.00 secs] 
117.142: Total time for which application threads were stopped: 0.0005680 seconds, Stopping threads took: 0.0000540 seconds
117.181: Application time: 0.0389580 seconds
117.181: [GC [PSYoungGen: 7648K->512K(8192K)] 24401K->17265K(26112K), 0.0005220 secs] [Times: user=0.00 sys=0.00, real=0.01 secs] 
117.181: Total time for which application threads were stopped: 0.0006310 seconds, Stopping threads took: 0.0000490 seconds
117.221: Application time: 0.0391960 seconds
117.221: [GC [PSYoungGen: 7680K->496K(8192K)] 24433K->17249K(26112K), 0.0004490 secs] [Times: user=0.00 sys=0.00, real=0.01 secs] 
117.221: Total time for which application threads were stopped: 0.0005560 seconds, Stopping threads took: 0.0000450 seconds
117.260: Application time: 0.0389100 seconds
117.260: [GC [PSYoungGen: 7664K->528K(8192K)] 24417K->17281K(26112K), 0.0004560 secs] [Times: user=0.00 sys=0.00, real=0.00 secs] 
117.261: Total time for which application threads were stopped: 0.0005680 seconds, Stopping threads took: 0.0000510 seconds
117.300: Application time: 0.0389660 seconds
117.300: [GC [PSYoungGen: 7696K->544K(8192K)] 24449K->17297K(26112K), 0.0004340 secs] [Times: user=0.01 sys=0.00, real=0.00 secs] 
117.300: Total time for which application threads were stopped: 0.0005340 seconds, Stopping threads took: 0.0000380 seconds
117.339: Application time: 0.0389070 seconds
117.339: [GC [PSYoungGen: 7712K->512K(8192K)] 24465K->17265K(26112K), 0.0004600 secs] [Times: user=0.00 sys=0.00, real=0.00 secs] 
117.340: Total time for which application threads were stopped: 0.0005680 seconds, Stopping threads took: 0.0000500 seconds
117.379: Application time: 0.0390770 seconds
117.379: [GC [PSYoungGen: 7680K->496K(8192K)] 24433K->17249K(26112K), 0.0005160 secs] [Times: user=0.00 sys=0.00, real=0.00 secs] 
117.379: Total time for which application threads were stopped: 0.0006190 seconds, Stopping threads took: 0.0000400 seconds
117.418: Application time: 0.0388040 seconds
117.418: [GC [PSYoungGen: 7664K->512K(8192K)] 24417K->17265K(26112K), 0.0004450 secs] [Times: user=0.01 sys=0.00, real=0.00 secs] 
117.419: Total time for which application threads were stopped: 0.0005590 seconds, Stopping threads took: 0.0000510 seconds
117.457: Application time: 0.0386720 seconds
117.457: [GC [PSYoungGen: 7680K->512K(8192K)] 24433K->17265K(26112K), 0.0004490 secs] [Times: user=0.01 sys=0.00, real=0.00 secs] 
117.458: Total time for which application threads were stopped: 0.0005510 seconds, Stopping threads took: 0.0000440 seconds
117.497: Application time: 0.0388200 seconds
117.497: [GC [PSYoungGen: 7680K->528K(8192K)] 24433K->17281K(26112K), 0.0004360 secs] [Times: user=0.00 sys=0.00, real=0.00 secs] 
117.497: Total time for which application threads were stopped: 0.0005440 seconds, Stopping threads took: 0.0000490 seconds
117.536: Application time: 0.0388140 seconds
117.536: [GC [PSYoungGen: 7696K->512K(8192K)] 24449K->17265K(26112K), 0.0004320 secs] [Times: user=0.00 sys=0.00, real=0.00 secs] 
117.537: Total time for which application threads were stopped: 0.0005360 seconds, Stopping threads took: 0.0000450 seconds
117.576: Application time: 0.0388740 seconds
117.576: [GC [PSYoungGen: 7680K->480K(8192K)] 24433K->17297K(26112K), 0.0004450 secs] [Times: user=0.01 sys=0.00, real=0.00 secs] 
117.576: Total time for which application threads were stopped: 0.0005460 seconds, Stopping threads took: 0.0000430 seconds
117.615: Application time: 0.0388940 seconds
117.615: [GC [PSYoungGen: 7648K->368K(8192K)] 24465K->17289K(26112K), 0.0004310 secs] [Times: user=0.00 sys=0.00, real=0.00 secs] 
117.615: Total time for which application threads were stopped: 0.0005320 seconds, Stopping threads took: 0.0000430 seconds
117.655: Application time: 0.0395060 seconds
117.655: [GC [PSYoungGen: 7536K->352K(8192K)] 24457K->17321K(26112K), 0.0004680 secs] [Times: user=0.00 sys=0.00, real=0.00 secs] 
117.656: Total time for which application threads were stopped: 0.0006030 seconds, Stopping threads took: 0.0000580 seconds
117.694: Application time: 0.0388700 seconds
117.695: [GC [PSYoungGen: 7520K->320K(8192K)] 24489K->17377K(26112K), 0.0004210 secs] [Times: user=0.01 sys=0.00, real=0.00 secs] 
117.695: Total time for which application threads were stopped: 0.0005340 seconds, Stopping threads took: 0.0000510 seconds
117.734: Application time: 0.0390330 seconds
117.734: [GC [PSYoungGen: 7488K->240K(8192K)] 24545K->17377K(26112K), 0.0004420 secs] [Times: user=0.00 sys=0.00, real=0.00 secs] 
117.735: Total time for which application threads were stopped: 0.0005500 seconds, Stopping threads took: 0.0000480 seconds
117.773: Application time: 0.0384680 seconds
117.773: [GC [PSYoungGen: 7408K->272K(8192K)] 24545K->17409K(26112K), 0.0003880 secs] [Times: user=0.00 sys=0.00, real=0.00 secs] 
117.774: Total time for which application threads were stopped: 0.0005010 seconds, Stopping threads took: 0.0000530 seconds
117.811: Application time: 0.0374740 seconds
117.811: [GC [PSYoungGen: 7440K->320K(8192K)] 24577K->17457K(26112K), 0.0004670 secs] [Times: user=0.00 sys=0.00, real=0.00 secs] 
117.812: Total time for which application threads were stopped: 0.0005780 seconds, Stopping threads took: 0.0000530 seconds
117.850: Application time: 0.0380000 seconds
117.850: [GC [PSYoungGen: 7488K->464K(8192K)] 24625K->17601K(26112K), 0.0004180 secs] [Times: user=0.00 sys=0.00, real=0.00 secs] 
117.850: Total time for which application threads were stopped: 0.0005200 seconds, Stopping threads took: 0.0000430 seconds
117.889: Application time: 0.0391940 seconds
117.889: [GC [PSYoungGen: 7632K->400K(8192K)] 24769K->17537K(26112K), 0.0004190 secs] [Times: user=0.00 sys=0.00, real=0.00 secs] 
117.890: Total time for which application threads were stopped: 0.0005290 seconds, Stopping threads took: 0.0000510 seconds
117.928: Application time: 0.0377840 seconds
117.928: [GC [PSYoungGen: 7568K->528K(8192K)] 24705K->17665K(26112K), 0.0004340 secs] [Times: user=0.00 sys=0.00, real=0.00 secs] 
117.928: Total time for which application threads were stopped: 0.0005340 seconds, Stopping threads took: 0.0000420 seconds
117.967: Application time: 0.0389730 seconds
117.967: [GC [PSYoungGen: 7696K->512K(8192K)] 24833K->17649K(26112K), 0.0004330 secs] [Times: user=0.00 sys=0.00, real=0.00 secs] 
117.968: Total time for which application threads were stopped: 0.0005330 seconds, Stopping threads took: 0.0000410 seconds
118.007: Application time: 0.0390700 seconds
118.007: [GC [PSYoungGen: 7680K->544K(8192K)] 24817K->17681K(26112K), 0.0004190 secs] [Times: user=0.00 sys=0.00, real=0.00 secs] 
118.007: Total time for which application threads were stopped: 0.0005370 seconds, Stopping threads took: 0.0000560 seconds
118.047: Application time: 0.0394960 seconds
118.049: [GC [PSYoungGen: 7712K->496K(8192K)] 24849K->17633K(26112K), 0.0004290 secs] [Times: user=0.00 sys=0.00, real=0.00 secs] 
118.050: Total time for which application threads were stopped: 0.0027160 seconds, Stopping threads took: 0.0022260 seconds
118.088: Application time: 0.0389850 seconds
118.089: [GC [PSYoungGen: 7664K->496K(8192K)] 24801K->17633K(26112K), 0.0004420 secs] [Times: user=0.00 sys=0.00, real=0.01 secs] 
118.089: Total time for which application threads were stopped: 0.0005720 seconds, Stopping threads took: 0.0000590 seconds
118.128: Application time: 0.0389420 seconds
118.128: [GC [PSYoungGen: 7664K->528K(8192K)] 24801K->17665K(26112K), 0.0004330 secs] [Times: user=0.00 sys=0.00, real=0.00 secs] 
118.129: Total time for which application threads were stopped: 0.0005400 seconds, Stopping threads took: 0.0000470 seconds
118.167: Application time: 0.0388580 seconds
118.168: [GC [PSYoungGen: 7696K->464K(8192K)] 24833K->17601K(26112K), 0.0004490 secs] [Times: user=0.00 sys=0.00, real=0.00 secs] 
118.168: Total time for which application threads were stopped: 0.0005710 seconds, Stopping threads took: 0.0000490 seconds
118.207: Application time: 0.0390950 seconds
118.207: [GC [PSYoungGen: 7632K->512K(8192K)] 24769K->17649K(26112K), 0.0004170 secs] [Times: user=0.00 sys=0.00, real=0.00 secs] 
118.208: Total time for which application threads were stopped: 0.0005270 seconds, Stopping threads took: 0.0000510 seconds
118.246: Application time: 0.0388480 seconds
118.247: [GC [PSYoungGen: 7680K->480K(8192K)] 24817K->17617K(26112K), 0.0004340 secs] [Times: user=0.00 sys=0.00, real=0.00 secs] 
118.247: Total time for which application threads were stopped: 0.0005610 seconds, Stopping threads took: 0.0000650 seconds
118.286: Application time: 0.0389150 seconds
118.286: [GC [PSYoungGen: 7648K->496K(8192K)] 24785K->17633K(26112K), 0.0004330 secs] [Times: user=0.01 sys=0.00, real=0.00 secs] 
118.286: Total time for which application threads were stopped: 0.0005430 seconds, Stopping threads took: 0.0000480 seconds
118.325: Application time: 0.0388580 seconds
118.325: [GC [PSYoungGen: 7664K->480K(8192K)] 24801K->17617K(26112K), 0.0004210 secs] [Times: user=0.01 sys=0.00, real=0.00 secs] 
118.326: Total time for which application threads were stopped: 0.0005320 seconds, Stopping threads took: 0.0000520 seconds
118.365: Application time: 0.0389280 seconds
118.365: [GC [PSYoungGen: 7648K->480K(8192K)] 24785K->17665K(26112K), 0.0004310 secs] [Times: user=0.00 sys=0.00, real=0.00 secs] 
118.365: Total time for which application threads were stopped: 0.0005350 seconds, Stopping threads took: 0.0000440 seconds
118.404: Application time: 0.0391390 seconds
118.405: [GC [PSYoungGen: 7648K->336K(8192K)] 24833K->17633K(26112K), 0.0004800 secs] [Times: user=0.00 sys=0.00, real=0.00 secs] 
118.405: Total time for which application threads were stopped: 0.0005890 seconds, Stopping threads took: 0.0000480 seconds
118.444: Application time: 0.0389990 seconds
118.444: [GC [PSYoungGen: 7504K->336K(8192K)] 24801K->17722K(26112K), 0.0003950 secs] [Times: user=0.00 sys=0.00, real=0.00 secs] 
118.445: Total time for which application threads were stopped: 0.0005040 seconds, Stopping threads took: 0.0000520 seconds
118.484: Application time: 0.0391130 seconds
118.484: [GC [PSYoungGen: 7504K->288K(8192K)] 24890K->17674K(26112K), 0.0004020 secs] [Times: user=0.00 sys=0.00, real=0.00 secs] 
118.484: Total time for which application threads were stopped: 0.0005000 seconds, Stopping threads took: 0.0000390 seconds
118.524: Application time: 0.0393410 seconds
118.524: [GC [PSYoungGen: 7456K->256K(8192K)] 24842K->17730K(26112K), 0.0003880 secs] [Times: user=0.01 sys=0.00, real=0.00 secs] 
118.524: Total time for which application threads were stopped: 0.0004890 seconds, Stopping threads took: 0.0000440 seconds
118.562: Application time: 0.0382040 seconds
118.562: [GC [PSYoungGen: 7424K->272K(8192K)] 24898K->17746K(26112K), 0.0003560 secs] [Times: user=0.00 sys=0.00, real=0.00 secs] 
118.563: Total time for which application threads were stopped: 0.0004690 seconds, Stopping threads took: 0.0000530 seconds
118.600: Application time: 0.0376710 seconds
118.600: [GC [PSYoungGen: 7440K->384K(8192K)] 24914K->17858K(26112K), 0.0004020 secs] [Times: user=0.00 sys=0.00, real=0.00 secs] 
118.601: Total time for which application threads were stopped: 0.0005020 seconds, Stopping threads took: 0.0000420 seconds
118.639: Application time: 0.0379960 seconds
118.639: [GC [PSYoungGen: 7552K->416K(8192K)] 25026K->17890K(26112K), 0.0005400 secs] [Times: user=0.00 sys=0.00, real=0.00 secs] 
118.640: Total time for which application threads were stopped: 0.0008910 seconds, Stopping threads took: 0.0002760 seconds
118.679: Application time: 0.0387700 seconds
118.679: [GC [PSYoungGen: 7584K->416K(8192K)] 25058K->17890K(26112K), 0.0004460 secs] [Times: user=0.00 sys=0.00, real=0.00 secs] 
118.679: Total time for which application threads were stopped: 0.0005720 seconds, Stopping threads took: 0.0000540 seconds
118.718: Application time: 0.0386840 seconds
118.718: [GC [PSYoungGen: 7584K->528K(8192K)] 25058K->18002K(26112K), 0.0004330 secs] [Times: user=0.00 sys=0.00, real=0.00 secs] 
118.718: Total time for which application threads were stopped: 0.0005480 seconds, Stopping threads took: 0.0000540 seconds
118.757: Application time: 0.0389290 seconds
118.757: [GC [PSYoungGen: 7696K->512K(8192K)] 25170K->17986K(26112K), 0.0004450 secs] [Times: user=0.00 sys=0.00, real=0.00 secs] 
118.758: Total time for which application threads were stopped: 0.0005560 seconds, Stopping threads took: 0.0000510 seconds
118.797: Application time: 0.0389770 seconds
118.797: [GC [PSYoungGen: 7680K->544K(8192K)] 25154K->18018K(26112K), 0.0004450 secs] [Times: user=0.00 sys=0.00, real=0.00 secs] 
118.797: Total time for which application threads were stopped: 0.0005590 seconds, Stopping threads took: 0.0000520 seconds
118.837: Application time: 0.0393040 seconds
118.837: [GC [PSYoungGen: 7712K->512K(8192K)] 25186K->17986K(26112K), 0.0004410 secs] [Times: user=0.00 sys=0.01, real=0.00 secs] 
118.837: Total time for which application threads were stopped: 0.0005520 seconds, Stopping threads took: 0.0000510 seconds
118.876: Application time: 0.0389970 seconds
118.876: [GC [PSYoungGen: 7680K->480K(8192K)] 25154K->17954K(26112K), 0.0004310 secs] [Times: user=0.00 sys=0.00, real=0.00 secs] 
118.877: Total time for which application threads were stopped: 0.0005280 seconds, Stopping threads took: 0.0000360 seconds
118.916: Application time: 0.0389570 seconds
118.917: [GC [PSYoungGen: 7648K->528K(8192K)] 25122K->18002K(26112K), 0.0004520 secs] [Times: user=0.00 sys=0.00, real=0.00 secs] 
118.918: Total time for which application threads were stopped: 0.0018170 seconds, Stopping threads took: 0.0013060 seconds
118.956: Application time: 0.0387890 seconds
118.956: [GC [PSYoungGen: 7696K->528K(8192K)] 25170K->18002K(26112K), 0.0004370 secs] [Times: user=0.00 sys=0.00, real=0.00 secs] 
118.957: Total time for which application threads were stopped: 0.0005520 seconds, Stopping threads took: 0.0000530 seconds
118.995: Application time: 0.0385660 seconds
118.997: [GC [PSYoungGen: 7696K->528K(8192K)] 25170K->18002K(26112K), 0.0004660 secs] [Times: user=0.00 sys=0.00, real=0.00 secs] 
118.998: Total time for which application threads were stopped: 0.0021120 seconds, Stopping threads took: 0.0015850 seconds
119.037: Application time: 0.0392310 seconds
119.037: [GC [PSYoungGen: 7696K->528K(8192K)] 25170K->18002K(26112K), 0.0004440 secs] [Times: user=0.00 sys=0.00, real=0.00 secs] 
119.037: Total time for which application threads were stopped: 0.0005470 seconds, Stopping threads took: 0.0000440 seconds
119.076: Application time: 0.0389350 seconds
119.076: [GC [PSYoungGen: 7696K->496K(8192K)] 25170K->17970K(26112K), 0.0004790 secs] [Times: user=0.00 sys=0.00, real=0.00 secs] 
119.077: Total time for which application threads were stopped: 0.0005890 seconds, Stopping threads took: 0.0000490 seconds
119.116: Application time: 0.0388810 seconds
119.116: [GC [PSYoungGen: 7664K->464K(8192K)] 25138K->17938K(26112K), 0.0004600 secs] [Times: user=0.00 sys=0.00, real=0.00 secs] 
119.116: Total time for which application threads were stopped: 0.0005690 seconds, Stopping threads took: 0.0000510 seconds
119.155: Application time: 0.0388790 seconds
119.155: [GC [PSYoungGen: 7632K->432K(8192K)] 25106K->17954K(26112K), 0.0004350 secs] [Times: user=0.00 sys=0.00, real=0.00 secs] 
119.156: Total time for which application threads were stopped: 0.0005310 seconds, Stopping threads took: 0.0000380 seconds
119.195: Application time: 0.0389470 seconds
119.195: [GC [PSYoungGen: 7600K->352K(8192K)] 25122K->18002K(26112K), 0.0004220 secs] [Times: user=0.01 sys=0.00, real=0.00 secs] 
119.195: Total time for which application threads were stopped: 0.0005370 seconds, Stopping threads took: 0.0000470 seconds
119.234: Application time: 0.0389030 seconds
119.234: [GC [PSYoungGen: 7520K->272K(8192K)] 25170K->18018K(26112K), 0.0004860 secs] [Times: user=0.00 sys=0.00, real=0.00 secs] 
119.235: [Full GC [PSYoungGen: 272K->0K(8192K)] [ParOldGen: 17746K->1972K(17920K)] 18018K->1972K(26112K) [PSPermGen: 6048K->6048K(21504K)], 0.0050030 secs] [Times: user=0.02 sys=0.00, real=0.00 secs] 
119.240: Total time for which application threads were stopped: 0.0056300 seconds, Stopping threads took: 0.0000380 seconds
119.279: Application time: 0.0393120 seconds
119.279: [GC [PSYoungGen: 7168K->256K(8192K)] 9140K->2228K(26112K), 0.0003790 secs] [Times: user=0.00 sys=0.00, real=0.00 secs] 
119.280: Total time for which application threads were stopped: 0.0004960 seconds, Stopping threads took: 0.0000500 seconds
119.319: Application time: 0.0390110 seconds
119.319: [GC [PSYoungGen: 7424K->256K(8192K)] 9396K->2228K(26112K), 0.0003730 secs] [Times: user=0.00 sys=0.00, real=0.00 secs] 
119.319: Total time for which application threads were stopped: 0.0004770 seconds, Stopping threads took: 0.0000470 seconds
119.357: Application time: 0.0375810 seconds
119.357: [GC [PSYoungGen: 7424K->272K(8192K)] 9396K->2244K(26112K), 0.0003910 secs] [Times: user=0.00 sys=0.00, real=0.00 secs] 
119.357: Total time for which application threads were stopped: 0.0004940 seconds, Stopping threads took: 0.0000450 seconds
119.395: Application time: 0.0377700 seconds
119.395: [GC [PSYoungGen: 7440K->400K(8192K)] 9412K->2372K(26112K), 0.0003860 secs] [Times: user=0.00 sys=0.00, real=0.00 secs] 
119.395: Total time for which application threads were stopped: 0.0004920 seconds, Stopping threads took: 0.0000490 seconds
119.434: Application time: 0.0386060 seconds
119.434: [GC [PSYoungGen: 7568K->448K(8192K)] 9540K->2420K(26112K), 0.0004030 secs] [Times: user=0.00 sys=0.00, real=0.00 secs] 
119.435: Total time for which application threads were stopped: 0.0005050 seconds, Stopping threads took: 0.0000420 seconds
119.472: Application time: 0.0379810 seconds
119.473: [GC [PSYoungGen: 7616K->528K(8192K)] 9588K->2500K(26112K), 0.0004520 secs] [Times: user=0.00 sys=0.00, real=0.00 secs] 
119.473: Total time for which application threads were stopped: 0.0005550 seconds, Stopping threads took: 0.0000410 seconds
119.512: Application time: 0.0390770 seconds
119.512: [GC [PSYoungGen: 7696K->512K(8192K)] 9668K->2484K(26112K), 0.0004150 secs] [Times: user=0.00 sys=0.00, real=0.00 secs] 
119.513: Total time for which application threads were stopped: 0.0005320 seconds, Stopping threads took: 0.0000520 seconds
119.552: Application time: 0.0391470 seconds
119.552: [GC [PSYoungGen: 7680K->496K(8192K)] 9652K->2468K(26112K), 0.0004660 secs] [Times: user=0.00 sys=0.00, real=0.00 secs] 
119.552: Total time for which application threads were stopped: 0.0005700 seconds, Stopping threads took: 0.0000450 seconds
119.591: Application time: 0.0390010 seconds
119.591: [GC [PSYoungGen: 7664K->496K(8192K)] 9636K->2468K(26112K), 0.0004240 secs] [Times: user=0.00 sys=0.00, real=0.00 secs] 
119.592: Total time for which application threads were stopped: 0.0005330 seconds, Stopping threads took: 0.0000530 seconds
119.631: Application time: 0.0392260 seconds
119.631: [GC [PSYoungGen: 7664K->480K(8192K)] 9636K->2452K(26112K), 0.0004410 secs] [Times: user=0.00 sys=0.00, real=0.00 secs] 
119.632: Total time for which application threads were stopped: 0.0005410 seconds, Stopping threads took: 0.0000450 seconds
119.671: Application time: 0.0391820 seconds
119.671: [GC [PSYoungGen: 7648K->512K(8192K)] 9620K->2484K(26112K), 0.0005380 secs] [Times: user=0.00 sys=0.00, real=0.00 secs] 
119.672: Total time for which application threads were stopped: 0.0006580 seconds, Stopping threads took: 0.0000540 seconds
119.711: Application time: 0.0392940 seconds
119.711: [GC [PSYoungGen: 7680K->528K(8192K)] 9652K->2500K(26112K), 0.0004720 secs] [Times: user=0.00 sys=0.00, real=0.00 secs] 
119.711: Total time for which application threads were stopped: 0.0005860 seconds, Stopping threads took: 0.0000450 seconds
119.750: Application time: 0.0385920 seconds
119.750: [GC [PSYoungGen: 7696K->528K(8192K)] 9668K->2500K(26112K), 0.0004140 secs] [Times: user=0.00 sys=0.00, real=0.00 secs] 
119.751: Total time for which application threads were stopped: 0.0005270 seconds, Stopping threads took: 0.0000500 seconds
119.789: Application time: 0.0387530 seconds
119.789: [GC [PSYoungGen: 7696K->512K(8192K)] 9668K->2484K(26112K), 0.0004220 secs] [Times: user=0.00 sys=0.00, real=0.00 secs] 
119.790: Total time for which application threads were stopped: 0.0005310 seconds, Stopping threads took: 0.0000490 seconds
119.829: Application time: 0.0388290 seconds
119.829: [GC [PSYoungGen: 7680K->480K(8192K)] 9652K->2452K(26112K), 0.0004000 secs] [Times: user=0.00 sys=0.00, real=0.01 secs] 
119.829: Total time for which application threads were stopped: 0.0005180 seconds, Stopping threads took: 0.0000570 seconds
119.868: Application time: 0.0387940 seconds
119.868: [GC [PSYoungGen: 7648K->512K(8192K)] 9620K->2492K(26112K), 0.0004410 secs] [Times: user=0.00 sys=0.00, real=0.00 secs] 
119.869: Total time for which application threads were stopped: 0.0005460 seconds, Stopping threads took: 0.0000460 seconds
119.908: Application time: 0.0391830 seconds
119.908: [GC [PSYoungGen: 7680K->496K(8192K)] 9660K->2476K(26112K), 0.0004130 secs] [Times: user=0.00 sys=0.00, real=0.00 secs] 
119.908: Total time for which application threads were stopped: 0.0005240 seconds, Stopping threads took: 0.0000510 seconds
119.947: Application time: 0.0389370 seconds
119.947: [GC [PSYoungGen: 7664K->368K(8192K)] 9644K->2484K(26112K), 0.0003970 secs] [Times: user=0.00 sys=0.00, real=0.00 secs] 
119.948: Total time for which application threads were stopped: 0.0004960 seconds, Stopping threads took: 0.0000410 seconds
119.987: Application time: 0.0389010 seconds
119.987: [GC [PSYoungGen: 7536K->336K(8192K)] 9652K->2533K(26112K), 0.0003870 secs] [Times: user=0.00 sys=0.00, real=0.00 secs] 
119.987: Total time for which application threads were stopped: 0.0004960 seconds, Stopping threads took: 0.0000490 seconds
120.026: Application time: 0.0391250 seconds
120.026: [GC [PSYoungGen: 7504K->288K(8192K)] 9701K->2533K(26112K), 0.0003670 secs] [Times: user=0.00 sys=0.00, real=0.00 secs] 
120.027: Total time for which application threads were stopped: 0.0004890 seconds, Stopping threads took: 0.0000630 seconds
120.066: Application time: 0.0388850 seconds
120.066: [GC [PSYoungGen: 7456K->256K(8192K)] 9701K->2609K(26112K), 0.0003890 secs] [Times: user=0.00 sys=0.00, real=0.00 secs] 
120.066: Total time for which application threads were stopped: 0.0005020 seconds, Stopping threads took: 0.0000530 seconds
120.105: Application time: 0.0388720 seconds
120.105: [GC [PSYoungGen: 7424K->256K(8192K)] 9777K->2609K(26112K), 0.0003640 secs] [Times: user=0.00 sys=0.00, real=0.00 secs] 
120.105: Total time for which application threads were stopped: 0.0004690 seconds, Stopping threads took: 0.0000460 seconds
120.143: Application time: 0.0371180 seconds
120.143: [GC [PSYoungGen: 7410K->336K(8192K)] 9763K->2689K(26112K), 0.0004240 secs] [Times: user=0.00 sys=0.00, real=0.00 secs] 
120.144: Total time for which application threads were stopped: 0.0016570 seconds, Stopping threads took: 0.0000490 seconds
120.183: Application time: 0.0383430 seconds
120.183: [GC [PSYoungGen: 7504K->384K(8192K)] 9857K->2737K(26112K), 0.0004390 secs] [Times: user=0.00 sys=0.00, real=0.00 secs] 
120.183: Total time for which application threads were stopped: 0.0005810 seconds, Stopping threads took: 0.0000830 seconds
120.222: Application time: 0.0384030 seconds
120.222: [GC [PSYoungGen: 7552K->432K(8192K)] 9905K->2785K(26112K), 0.0003800 secs] [Times: user=0.00 sys=0.00, real=0.00 secs] 
120.222: Total time for which application threads were stopped: 0.0005070 seconds, Stopping threads took: 0.0000480 seconds
120.260: Application time: 0.0380040 seconds
120.260: [GC [PSYoungGen: 7600K->528K(8192K)] 9953K->2881K(26112K), 0.0003980 secs] [Times: user=0.01 sys=0.00, real=0.00 secs] 
120.261: Total time for which application threads were stopped: 0.0005060 seconds, Stopping threads took: 0.0000460 seconds
120.299: Application time: 0.0387780 seconds
120.299: [GC [PSYoungGen: 7696K->512K(8192K)] 10049K->2865K(26112K), 0.0004230 secs] [Times: user=0.00 sys=0.00, real=0.00 secs] 
120.300: Total time for which application threads were stopped: 0.0005170 seconds, Stopping threads took: 0.0000370 seconds
120.339: Application time: 0.0392860 seconds
120.339: [GC [PSYoungGen: 7680K->512K(8192K)] 10033K->2865K(26112K), 0.0004150 secs] [Times: user=0.00 sys=0.00, real=0.00 secs] 
120.340: Total time for which application threads were stopped: 0.0005170 seconds, Stopping threads took: 0.0000440 seconds
120.379: Application time: 0.0390670 seconds
120.379: [GC [PSYoungGen: 7680K->496K(8192K)] 10033K->2849K(26112K), 0.0004280 secs] [Times: user=0.00 sys=0.00, real=0.00 secs] 
120.379: Total time for which application threads were stopped: 0.0005380 seconds, Stopping threads took: 0.0000490 seconds
120.418: Application time: 0.0389610 seconds
120.418: [GC [PSYoungGen: 7664K->496K(8192K)] 10017K->2849K(26112K), 0.0004460 secs] [Times: user=0.00 sys=0.00, real=0.00 secs] 
120.419: Total time for which application threads were stopped: 0.0005470 seconds, Stopping threads took: 0.0000420 seconds
120.458: Application time: 0.0388930 seconds
120.458: [GC [PSYoungGen: 7664K->512K(8192K)] 10017K->2865K(26112K), 0.0004480 secs] [Times: user=0.00 sys=0.00, real=0.00 secs] 
120.458: Total time for which application threads were stopped: 0.0005520 seconds, Stopping threads took: 0.0000450 seconds
120.497: Application time: 0.0391370 seconds
120.497: [GC [PSYoungGen: 7680K->512K(8192K)] 10033K->2865K(26112K), 0.0004260 secs] [Times: user=0.00 sys=0.00, real=0.00 secs] 
120.498: Total time for which application threads were stopped: 0.0005250 seconds, Stopping threads took: 0.0000410 seconds
120.536: Application time: 0.0384690 seconds
120.536: [GC [PSYoungGen: 7680K->512K(8192K)] 10033K->2865K(26112K), 0.0004540 secs] [Times: user=0.00 sys=0.00, real=0.00 secs] 
120.537: Total time for which application threads were stopped: 0.0005630 seconds, Stopping threads took: 0.0000510 seconds
120.576: Application time: 0.0391460 seconds
120.576: [GC [PSYoungGen: 7680K->496K(8192K)] 10033K->2849K(26112K), 0.0004190 secs] [Times: user=0.00 sys=0.00, real=0.00 secs] 
120.577: Total time for which application threads were stopped: 0.0005150 seconds, Stopping threads took: 0.0000380 seconds
120.615: Application time: 0.0388650 seconds
120.616: [GC [PSYoungGen: 7664K->528K(8192K)] 10017K->2881K(26112K), 0.0004330 secs] [Times: user=0.00 sys=0.00, real=0.00 secs] 
120.616: Total time for which application threads were stopped: 0.0005370 seconds, Stopping threads took: 0.0000460 seconds
120.655: Application time: 0.0389830 seconds
120.655: [GC [PSYoungGen: 7696K->512K(8192K)] 10049K->2865K(26112K), 0.0004890 secs] [Times: user=0.00 sys=0.00, real=0.00 secs] 
120.656: Total time for which application threads were stopped: 0.0006060 seconds, Stopping threads took: 0.0000500 seconds
120.694: Application time: 0.0388890 seconds
120.695: [GC [PSYoungGen: 7680K->496K(8192K)] 10033K->2849K(26112K), 0.0004180 secs] [Times: user=0.00 sys=0.00, real=0.00 secs] 
120.695: Total time for which application threads were stopped: 0.0005260 seconds, Stopping threads took: 0.0000470 seconds
120.734: Application time: 0.0393470 seconds
120.734: [GC [PSYoungGen: 7664K->368K(8192K)] 10017K->2861K(26112K), 0.0004090 secs] [Times: user=0.00 sys=0.00, real=0.00 secs] 
120.735: Total time for which application threads were stopped: 0.0005190 seconds, Stopping threads took: 0.0000420 seconds
120.774: Application time: 0.0389880 seconds
120.774: [GC [PSYoungGen: 7536K->368K(8192K)] 10029K->2941K(26112K), 0.0004200 secs] [Times: user=0.00 sys=0.00, real=0.00 secs] 
120.774: Total time for which application threads were stopped: 0.0005310 seconds, Stopping threads took: 0.0000440 seconds
120.814: Application time: 0.0393280 seconds
120.814: [GC [PSYoungGen: 7536K->288K(8192K)] 10109K->2925K(26112K), 0.0003830 secs] [Times: user=0.00 sys=0.00, real=0.00 secs] 
120.814: Total time for which application threads were stopped: 0.0004840 seconds, Stopping threads took: 0.0000420 seconds
120.853: Application time: 0.0388880 seconds
120.853: [GC [PSYoungGen: 7456K->256K(8192K)] 10093K->2997K(26112K), 0.0003830 secs] [Times: user=0.00 sys=0.00, real=0.00 secs] 
120.854: Total time for which application threads were stopped: 0.0004860 seconds, Stopping threads took: 0.0000460 seconds
120.892: Application time: 0.0387880 seconds
120.892: [GC [PSYoungGen: 7424K->272K(8192K)] 10165K->3013K(26112K), 0.0003800 secs] [Times: user=0.01 sys=0.00, real=0.00 secs] 
120.893: Total time for which application threads were stopped: 0.0004790 seconds, Stopping threads took: 0.0000410 seconds
120.930: Application time: 0.0373860 seconds
120.930: [GC [PSYoungGen: 7440K->352K(8192K)] 10181K->3093K(26112K), 0.0004010 secs] [Times: user=0.01 sys=0.00, real=0.00 secs] 
120.931: Total time for which application threads were stopped: 0.0005160 seconds, Stopping threads took: 0.0000570 seconds
120.969: Application time: 0.0386350 seconds
120.969: [GC [PSYoungGen: 7520K->400K(8192K)] 10261K->3141K(26112K), 0.0004050 secs] [Times: user=0.00 sys=0.00, real=0.00 secs] 
120.970: Total time for which application threads were stopped: 0.0005170 seconds, Stopping threads took: 0.0000510 seconds
121.008: Application time: 0.0384780 seconds
121.008: [GC [PSYoungGen: 7568K->432K(8192K)] 10309K->3173K(26112K), 0.0003980 secs] [Times: user=0.00 sys=0.00, real=0.00 secs] 
121.009: Total time for which application threads were stopped: 0.0005040 seconds, Stopping threads took: 0.0000470 seconds
121.047: Application time: 0.0379100 seconds
121.047: [GC [PSYoungGen: 7600K->496K(8192K)] 10341K->3237K(26112K), 0.0004260 secs] [Times: user=0.00 sys=0.00, real=0.00 secs] 
121.047: Total time for which application threads were stopped: 0.0005360 seconds, Stopping threads took: 0.0000510 seconds
121.087: Application time: 0.0394130 seconds
121.087: [GC [PSYoungGen: 7664K->544K(8192K)] 10405K->3285K(26112K), 0.0004260 secs] [Times: user=0.01 sys=0.00, real=0.00 secs] 
121.087: Total time for which application threads were stopped: 0.0005260 seconds, Stopping threads took: 0.0000430 seconds
121.126: Application time: 0.0390190 seconds
121.126: [GC [PSYoungGen: 7712K->480K(8192K)] 10453K->3221K(26112K), 0.0005010 secs] [Times: user=0.00 sys=0.00, real=0.00 secs] 
121.127: Total time for which application threads were stopped: 0.0006020 seconds, Stopping threads took: 0.0000440 seconds
121.166: Application time: 0.0389040 seconds
121.166: [GC [PSYoungGen: 7648K->512K(8192K)] 10389K->3253K(26112K), 0.0004370 secs] [Times: user=0.00 sys=0.00, real=0.00 secs] 
121.166: Total time for which application threads were stopped: 0.0005480 seconds, Stopping threads took: 0.0000520 seconds
121.205: Application time: 0.0389420 seconds
121.205: [GC [PSYoungGen: 7680K->496K(8192K)] 10421K->3237K(26112K), 0.0004860 secs] [Times: user=0.00 sys=0.00, real=0.00 secs] 
121.206: Total time for which application threads were stopped: 0.0005930 seconds, Stopping threads took: 0.0000440 seconds
121.246: Application time: 0.0397200 seconds
121.246: [GC [PSYoungGen: 7664K->496K(8192K)] 10405K->3237K(26112K), 0.0004430 secs] [Times: user=0.00 sys=0.00, real=0.00 secs] 
121.246: Total time for which application threads were stopped: 0.0005630 seconds, Stopping threads took: 0.0000510 seconds
121.285: Application time: 0.0388800 seconds
121.285: [GC [PSYoungGen: 7664K->496K(8192K)] 10405K->3237K(26112K), 0.0004110 secs] [Times: user=0.00 sys=0.00, real=0.00 secs] 
121.286: Total time for which application threads were stopped: 0.0005320 seconds, Stopping threads took: 0.0000620 seconds
121.324: Application time: 0.0388510 seconds
121.324: [GC [PSYoungGen: 7664K->496K(8192K)] 10405K->3237K(26112K), 0.0004280 secs] [Times: user=0.00 sys=0.00, real=0.00 secs] 
121.325: Total time for which application threads were stopped: 0.0005300 seconds, Stopping threads took: 0.0000430 seconds
121.364: Application time: 0.0389070 seconds
121.364: [GC [PSYoungGen: 7664K->512K(8192K)] 10405K->3253K(26112K), 0.0004040 secs] [Times: user=0.00 sys=0.00, real=0.00 secs] 
121.364: Total time for which application threads were stopped: 0.0005100 seconds, Stopping threads took: 0.0000460 seconds
121.403: Application time: 0.0389140 seconds
121.403: [GC [PSYoungGen: 7680K->480K(8192K)] 10421K->3221K(26112K), 0.0004540 secs] [Times: user=0.00 sys=0.00, real=0.00 secs] 
121.404: Total time for which application threads were stopped: 0.0005540 seconds, Stopping threads took: 0.0000420 seconds
121.443: Application time: 0.0388880 seconds
121.443: [GC [PSYoungGen: 7648K->512K(8192K)] 10389K->3253K(26112K), 0.0004160 secs] [Times: user=0.00 sys=0.00, real=0.00 secs] 
121.443: Total time for which application threads were stopped: 0.0005330 seconds, Stopping threads took: 0.0000580 seconds
121.482: Application time: 0.0389500 seconds
121.482: [GC [PSYoungGen: 7680K->464K(8192K)] 10421K->3261K(26112K), 0.0004220 secs] [Times: user=0.00 sys=0.00, real=0.00 secs] 
121.483: Total time for which application threads were stopped: 0.0005350 seconds, Stopping threads took: 0.0000530 seconds
121.522: Application time: 0.0389880 seconds
121.522: [GC [PSYoungGen: 7632K->320K(8192K)] 10429K->3245K(26112K), 0.0004410 secs] [Times: user=0.00 sys=0.00, real=0.00 secs] 
121.522: Total time for which application threads were stopped: 0.0005420 seconds, Stopping threads took: 0.0000430 seconds
121.561: Application time: 0.0390960 seconds
121.561: [GC [PSYoungGen: 7488K->336K(8192K)] 10413K->3317K(26112K), 0.0003910 secs] [Times: user=0.00 sys=0.00, real=0.00 secs] 
121.562: Total time for which application threads were stopped: 0.0005050 seconds, Stopping threads took: 0.0000520 seconds
121.601: Application time: 0.0388320 seconds
121.601: [GC [PSYoungGen: 7504K->288K(8192K)] 10485K->3333K(26112K), 0.0003640 secs] [Times: user=0.00 sys=0.00, real=0.01 secs] 
121.601: Total time for which application threads were stopped: 0.0004700 seconds, Stopping threads took: 0.0000470 seconds
121.641: Application time: 0.0394480 seconds
121.641: [GC [PSYoungGen: 7456K->256K(8192K)] 10501K->3389K(26112K), 0.0004450 secs] [Times: user=0.00 sys=0.00, real=0.01 secs] 
121.641: Total time for which application threads were stopped: 0.0005710 seconds, Stopping threads took: 0.0000580 seconds
121.679: Application time: 0.0382260 seconds
121.680: [GC [PSYoungGen: 7424K->272K(8192K)] 10557K->3405K(26112K), 0.0004170 secs] [Times: user=0.00 sys=0.00, real=0.00 secs] 
121.680: Total time for which application threads were stopped: 0.0005290 seconds, Stopping threads took: 0.0000500 seconds
121.718: Application time: 0.0377730 seconds
121.718: [GC [PSYoungGen: 7440K->336K(8192K)] 10573K->3469K(26112K), 0.0003810 secs] [Times: user=0.00 sys=0.00, real=0.00 secs] 
121.718: Total time for which application threads were stopped: 0.0004790 seconds, Stopping threads took: 0.0000390 seconds
121.756: Application time: 0.0379950 seconds
121.756: [GC [PSYoungGen: 7504K->432K(8192K)] 10637K->3565K(26112K), 0.0004120 secs] [Times: user=0.00 sys=0.00, real=0.00 secs] 
121.757: Total time for which application threads were stopped: 0.0005300 seconds, Stopping threads took: 0.0000500 seconds
121.796: Application time: 0.0391070 seconds
121.796: [GC [PSYoungGen: 7600K->416K(8192K)] 10733K->3549K(26112K), 0.0004100 secs] [Times: user=0.01 sys=0.00, real=0.00 secs] 
121.796: Total time for which application threads were stopped: 0.0005110 seconds, Stopping threads took: 0.0000410 seconds
121.834: Application time: 0.0379530 seconds
121.834: [GC [PSYoungGen: 7584K->528K(8192K)] 10717K->3661K(26112K), 0.0004470 secs] [Times: user=0.00 sys=0.00, real=0.00 secs] 
121.835: Total time for which application threads were stopped: 0.0005550 seconds, Stopping threads took: 0.0000490 seconds
121.874: Application time: 0.0387890 seconds
121.874: [GC [PSYoungGen: 7696K->528K(8192K)] 10829K->3661K(26112K), 0.0004570 secs] [Times: user=0.00 sys=0.00, real=0.00 secs] 
121.874: Total time for which application threads were stopped: 0.0005620 seconds, Stopping threads took: 0.0000480 seconds
121.913: Application time: 0.0390500 seconds
121.913: [GC [PSYoungGen: 7696K->544K(8192K)] 10829K->3677K(26112K), 0.0004740 secs] [Times: user=0.01 sys=0.00, real=0.00 secs] 
121.914: Total time for which application threads were stopped: 0.0005880 seconds, Stopping threads took: 0.0000540 seconds
121.953: Application time: 0.0388980 seconds
121.957: [GC [PSYoungGen: 7712K->480K(8192K)] 10845K->3613K(26112K), 0.0004270 secs] [Times: user=0.00 sys=0.00, real=0.00 secs] 
121.958: Total time for which application threads were stopped: 0.0047270 seconds, Stopping threads took: 0.0042420 seconds
121.996: Application time: 0.0389320 seconds
121.997: [GC [PSYoungGen: 7648K->512K(8192K)] 10781K->3645K(26112K), 0.0004150 secs] [Times: user=0.00 sys=0.00, real=0.00 secs] 
121.997: Total time for which application threads were stopped: 0.0005260 seconds, Stopping threads took: 0.0000500 seconds
122.036: Application time: 0.0390600 seconds
122.036: [GC [PSYoungGen: 7680K->544K(8192K)] 10813K->3677K(26112K), 0.0004180 secs] [Times: user=0.00 sys=0.00, real=0.00 secs] 
122.037: Total time for which application threads were stopped: 0.0005280 seconds, Stopping threads took: 0.0000510 seconds
122.075: Application time: 0.0388360 seconds
122.075: [GC [PSYoungGen: 7712K->528K(8192K)] 10845K->3661K(26112K), 0.0004230 secs] [Times: user=0.00 sys=0.00, real=0.00 secs] 
122.076: Total time for which application threads were stopped: 0.0005370 seconds, Stopping threads took: 0.0000540 seconds
122.115: Application time: 0.0388370 seconds
122.115: [GC [PSYoungGen: 7696K->464K(8192K)] 10829K->3597K(26112K), 0.0004290 secs] [Times: user=0.00 sys=0.00, real=0.00 secs] 
122.115: Total time for which application threads were stopped: 0.0005320 seconds, Stopping threads took: 0.0000450 seconds
122.154: Application time: 0.0387850 seconds
122.154: [GC [PSYoungGen: 7632K->512K(8192K)] 10765K->3645K(26112K), 0.0004540 secs] [Times: user=0.00 sys=0.00, real=0.00 secs] 
122.155: Total time for which application threads were stopped: 0.0005570 seconds, Stopping threads took: 0.0000450 seconds
122.194: Application time: 0.0393470 seconds
122.194: [GC [PSYoungGen: 7680K->544K(8192K)] 10813K->3677K(26112K), 0.0004170 secs] [Times: user=0.00 sys=0.00, real=0.00 secs] 
122.195: Total time for which application threads were stopped: 0.0005200 seconds, Stopping threads took: 0.0000440 seconds
122.233: Application time: 0.0387120 seconds
122.233: [GC [PSYoungGen: 7712K->544K(8192K)] 10845K->3677K(26112K), 0.0004190 secs] [Times: user=0.00 sys=0.00, real=0.00 secs] 
122.234: Total time for which application threads were stopped: 0.0005390 seconds, Stopping threads took: 0.0000600 seconds
122.273: Application time: 0.0396860 seconds
122.274: [GC [PSYoungGen: 7712K->448K(8192K)] 10845K->3669K(26112K), 0.0004200 secs] [Times: user=0.00 sys=0.00, real=0.00 secs] 
122.274: Total time for which application threads were stopped: 0.0005400 seconds, Stopping threads took: 0.0000510 seconds
122.313: Application time: 0.0390520 seconds
122.313: [GC [PSYoungGen: 7616K->384K(8192K)] 10837K->3701K(26112K), 0.0004010 secs] [Times: user=0.00 sys=0.00, real=0.00 secs] 
122.314: Total time for which application threads were stopped: 0.0005080 seconds, Stopping threads took: 0.0000460 seconds
122.353: Application time: 0.0390140 seconds
122.353: [GC [PSYoungGen: 7552K->288K(8192K)] 10869K->3693K(26112K), 0.0004130 secs] [Times: user=0.00 sys=0.00, real=0.00 secs] 
122.353: Total time for which application threads were stopped: 0.0005230 seconds, Stopping threads took: 0.0000490 seconds
122.392: Application time: 0.0388440 seconds
122.392: [GC [PSYoungGen: 7456K->288K(8192K)] 10861K->3693K(26112K), 0.0004550 secs] [Times: user=0.00 sys=0.00, real=0.00 secs] 
122.393: Total time for which application threads were stopped: 0.0005650 seconds, Stopping threads took: 0.0000450 seconds
122.432: Application time: 0.0391490 seconds
122.432: [GC [PSYoungGen: 7456K->256K(8192K)] 10861K->3741K(26112K), 0.0003720 secs] [Times: user=0.00 sys=0.00, real=0.00 secs] 
122.432: Total time for which application threads were stopped: 0.0004830 seconds, Stopping threads took: 0.0000520 seconds
122.470: Application time: 0.0383320 seconds
122.471: [GC [PSYoungGen: 7424K->288K(8192K)] 10909K->3773K(26112K), 0.0003670 secs] [Times: user=0.01 sys=0.00, real=0.00 secs] 
122.471: Total time for which application threads were stopped: 0.0004720 seconds, Stopping threads took: 0.0000430 seconds
122.508: Application time: 0.0373740 seconds
122.508: [GC [PSYoungGen: 7456K->400K(8192K)] 10941K->3885K(26112K), 0.0003940 secs] [Times: user=0.01 sys=0.00, real=0.00 secs] 
122.509: Total time for which application threads were stopped: 0.0004980 seconds, Stopping threads took: 0.0000480 seconds
122.547: Application time: 0.0383050 seconds
122.547: [GC [PSYoungGen: 7568K->432K(8192K)] 11053K->3917K(26112K), 0.0004440 secs] [Times: user=0.00 sys=0.00, real=0.00 secs] 
122.548: Total time for which application threads were stopped: 0.0005560 seconds, Stopping threads took: 0.0000510 seconds
122.586: Application time: 0.0386090 seconds
122.586: [GC [PSYoungGen: 7600K->480K(8192K)] 11085K->3965K(26112K), 0.0004460 secs] [Times: user=0.00 sys=0.00, real=0.00 secs] 
122.587: Total time for which application threads were stopped: 0.0005610 seconds, Stopping threads took: 0.0000560 seconds
122.625: Application time: 0.0382980 seconds
122.625: [GC [PSYoungGen: 7648K->544K(8192K)] 11133K->4029K(26112K), 0.0004470 secs] [Times: user=0.00 sys=0.00, real=0.00 secs] 
122.626: Total time for which application threads were stopped: 0.0005650 seconds, Stopping threads took: 0.0000590 seconds
122.665: Application time: 0.0395530 seconds
122.665: [GC [PSYoungGen: 7712K->496K(8192K)] 11197K->3981K(26112K), 0.0004690 secs] [Times: user=0.00 sys=0.00, real=0.00 secs] 
122.666: Total time for which application threads were stopped: 0.0006000 seconds, Stopping threads took: 0.0000630 seconds
122.705: Application time: 0.0389460 seconds
122.705: [GC [PSYoungGen: 7664K->528K(8192K)] 11149K->4013K(26112K), 0.0004340 secs] [Times: user=0.00 sys=0.00, real=0.00 secs] 
122.705: Total time for which application threads were stopped: 0.0005440 seconds, Stopping threads took: 0.0000480 seconds
122.744: Application time: 0.0388840 seconds
122.744: [GC [PSYoungGen: 7696K->528K(8192K)] 11181K->4013K(26112K), 0.0004150 secs] [Times: user=0.00 sys=0.00, real=0.00 secs] 
122.745: Total time for which application threads were stopped: 0.0005160 seconds, Stopping threads took: 0.0000420 seconds
122.784: Application time: 0.0390020 seconds
122.784: [GC [PSYoungGen: 7696K->544K(8192K)] 11181K->4029K(26112K), 0.0004200 secs] [Times: user=0.01 sys=0.00, real=0.00 secs] 
122.784: Total time for which application threads were stopped: 0.0005380 seconds, Stopping threads took: 0.0000490 seconds
122.823: Application time: 0.0389330 seconds
122.823: [GC [PSYoungGen: 7712K->480K(8192K)] 11197K->3965K(26112K), 0.0004680 secs] [Times: user=0.00 sys=0.00, real=0.00 secs] 
122.824: Total time for which application threads were stopped: 0.0005790 seconds, Stopping threads took: 0.0000510 seconds
122.863: Application time: 0.0386770 seconds
122.863: [GC [PSYoungGen: 7648K->512K(8192K)] 11133K->3997K(26112K), 0.0004200 secs] [Times: user=0.00 sys=0.00, real=0.00 secs] 
122.863: Total time for which application threads were stopped: 0.0005330 seconds, Stopping threads took: 0.0000510 seconds
122.902: Application time: 0.0390280 seconds
122.902: [GC [PSYoungGen: 7680K->448K(8192K)] 11165K->3933K(26112K), 0.0004030 secs] [Times: user=0.00 sys=0.00, real=0.00 secs] 
122.903: Total time for which application threads were stopped: 0.0005090 seconds, Stopping threads took: 0.0000480 seconds
122.941: Application time: 0.0387920 seconds
122.941: [GC [PSYoungGen: 7616K->464K(8192K)] 11101K->3949K(26112K), 0.0004490 secs] [Times: user=0.00 sys=0.00, real=0.00 secs] 
122.942: Total time for which application threads were stopped: 0.0005540 seconds, Stopping threads took: 0.0000420 seconds
122.981: Application time: 0.0389960 seconds
122.981: [GC [PSYoungGen: 7632K->496K(8192K)] 11117K->3981K(26112K), 0.0004190 secs] [Times: user=0.01 sys=0.00, real=0.00 secs] 
122.981: Total time for which application threads were stopped: 0.0005330 seconds, Stopping threads took: 0.0000530 seconds
123.021: Application time: 0.0390920 seconds
123.021: [GC [PSYoungGen: 7664K->544K(8192K)] 11149K->4029K(26112K), 0.0004650 secs] [Times: user=0.01 sys=0.00, real=0.01 secs] 
123.021: Total time for which application threads were stopped: 0.0005690 seconds, Stopping threads took: 0.0000420 seconds
123.060: Application time: 0.0391520 seconds
123.060: [GC [PSYoungGen: 7712K->432K(8192K)] 11197K->3989K(26112K), 0.0004350 secs] [Times: user=0.00 sys=0.00, real=0.00 secs] 
123.061: Total time for which application threads were stopped: 0.0005390 seconds, Stopping threads took: 0.0000430 seconds
123.100: Application time: 0.0390360 seconds
123.100: [GC [PSYoungGen: 7600K->336K(8192K)] 11157K->4014K(26112K), 0.0004600 secs] [Times: user=0.00 sys=0.00, real=0.00 secs] 
123.100: Total time for which application threads were stopped: 0.0005780 seconds, Stopping threads took: 0.0000560 seconds
123.139: Application time: 0.0390560 seconds
123.140: [GC [PSYoungGen: 7504K->320K(8192K)] 11182K->4046K(26112K), 0.0004180 secs] [Times: user=0.00 sys=0.00, real=0.00 secs] 
123.140: Total time for which application threads were stopped: 0.0005200 seconds, Stopping threads took: 0.0000410 seconds
123.179: Application time: 0.0388680 seconds
123.179: [GC [PSYoungGen: 7488K->256K(8192K)] 11214K->4030K(26112K), 0.0004300 secs] [Times: user=0.00 sys=0.00, real=0.00 secs] 
123.179: Total time for which application threads were stopped: 0.0005360 seconds, Stopping threads took: 0.0000490 seconds
123.218: Application time: 0.0387700 seconds
123.218: [GC [PSYoungGen: 7424K->272K(8192K)] 11198K->4094K(26112K), 0.0003760 secs] [Times: user=0.00 sys=0.00, real=0.00 secs] 
123.219: Total time for which application threads were stopped: 0.0004790 seconds, Stopping threads took: 0.0000440 seconds
123.256: Application time: 0.0376110 seconds
123.256: [GC [PSYoungGen: 7440K->304K(8192K)] 11262K->4126K(26112K), 0.0004340 secs] [Times: user=0.00 sys=0.00, real=0.00 secs] 
123.257: Total time for which application threads were stopped: 0.0005430 seconds, Stopping threads took: 0.0000520 seconds
123.295: Application time: 0.0386270 seconds
123.296: [GC [PSYoungGen: 7472K->368K(8192K)] 11294K->4190K(26112K), 0.0003840 secs] [Times: user=0.00 sys=0.00, real=0.00 secs] 
123.296: Total time for which application threads were stopped: 0.0005020 seconds, Stopping threads took: 0.0000490 seconds
123.334: Application time: 0.0381640 seconds
123.334: [GC [PSYoungGen: 7536K->384K(8192K)] 11358K->4206K(26112K), 0.0004410 secs] [Times: user=0.00 sys=0.00, real=0.00 secs] 
123.335: Total time for which application threads were stopped: 0.0005460 seconds, Stopping threads took: 0.0000470 seconds
123.373: Application time: 0.0380560 seconds
123.373: [GC [PSYoungGen: 7552K->496K(8192K)] 11374K->4318K(26112K), 0.0004090 secs] [Times: user=0.00 sys=0.00, real=0.00 secs] 
123.373: Total time for which application threads were stopped: 0.0005220 seconds, Stopping threads took: 0.0000520 seconds
123.412: Application time: 0.0389990 seconds
123.412: [GC [PSYoungGen: 7664K->480K(8192K)] 11486K->4302K(26112K), 0.0004410 secs] [Times: user=0.00 sys=0.00, real=0.00 secs] 
123.413: Total time for which application threads were stopped: 0.0005640 seconds, Stopping threads took: 0.0000650 seconds
123.452: Application time: 0.0390770 seconds
123.452: [GC [PSYoungGen: 7648K->512K(8192K)] 11470K->4334K(26112K), 0.0004030 secs] [Times: user=0.01 sys=0.00, real=0.00 secs] 
123.452: Total time for which application threads were stopped: 0.0005070 seconds, Stopping threads took: 0.0000450 seconds
123.491: Application time: 0.0390420 seconds
123.492: [GC [PSYoungGen: 7680K->480K(8192K)] 11502K->4302K(26112K), 0.0004740 secs] [Times: user=0.00 sys=0.00, real=0.00 secs] 
123.492: Total time for which application threads were stopped: 0.0005820 seconds, Stopping threads took: 0.0000480 seconds
123.531: Application time: 0.0388920 seconds
123.531: [GC [PSYoungGen: 7648K->464K(8192K)] 11470K->4286K(26112K), 0.0004770 secs] [Times: user=0.00 sys=0.00, real=0.00 secs] 
123.532: Total time for which application threads were stopped: 0.0005880 seconds, Stopping threads took: 0.0000510 seconds
123.570: Application time: 0.0388970 seconds
123.570: [GC [PSYoungGen: 7632K->512K(8192K)] 11454K->4334K(26112K), 0.0004110 secs] [Times: user=0.00 sys=0.00, real=0.00 secs] 
123.571: Total time for which application threads were stopped: 0.0005230 seconds, Stopping threads took: 0.0000520 seconds
123.610: Application time: 0.0389690 seconds
123.610: [GC [PSYoungGen: 7680K->496K(8192K)] 11502K->4318K(26112K), 0.0004050 secs] [Times: user=0.01 sys=0.00, real=0.00 secs] 
123.610: Total time for which application threads were stopped: 0.0005100 seconds, Stopping threads took: 0.0000450 seconds
123.650: Application time: 0.0391310 seconds
123.650: [GC [PSYoungGen: 7664K->480K(8192K)] 11486K->4302K(26112K), 0.0004700 secs] [Times: user=0.00 sys=0.00, real=0.00 secs] 
123.650: Total time for which application threads were stopped: 0.0005830 seconds, Stopping threads took: 0.0000460 seconds
123.689: Application time: 0.0387760 seconds
123.689: [GC [PSYoungGen: 7648K->464K(8192K)] 11470K->4286K(26112K), 0.0004240 secs] [Times: user=0.01 sys=0.00, real=0.00 secs] 
123.689: Total time for which application threads were stopped: 0.0005400 seconds, Stopping threads took: 0.0000530 seconds
123.729: Application time: 0.0391010 seconds
123.729: [GC [PSYoungGen: 7632K->480K(8192K)] 11454K->4302K(26112K), 0.0004200 secs] [Times: user=0.00 sys=0.00, real=0.01 secs] 
123.729: Total time for which application threads were stopped: 0.0005330 seconds, Stopping threads took: 0.0000520 seconds
123.768: Application time: 0.0388640 seconds
123.768: [GC [PSYoungGen: 7648K->480K(8192K)] 11470K->4302K(26112K), 0.0004730 secs] [Times: user=0.00 sys=0.00, real=0.00 secs] 
123.769: Total time for which application threads were stopped: 0.0005900 seconds, Stopping threads took: 0.0000510 seconds
123.808: Application time: 0.0389680 seconds
123.808: [GC [PSYoungGen: 7648K->448K(8192K)] 11470K->4318K(26112K), 0.0004210 secs] [Times: user=0.01 sys=0.00, real=0.00 secs] 
123.808: Total time for which application threads were stopped: 0.0005440 seconds, Stopping threads took: 0.0000520 seconds
123.847: Application time: 0.0388910 seconds
123.847: [GC [PSYoungGen: 7616K->416K(8192K)] 11486K->4382K(26112K), 0.0004190 secs] [Times: user=0.00 sys=0.00, real=0.00 secs] 
123.847: Total time for which application threads were stopped: 0.0005290 seconds, Stopping threads took: 0.0000520 seconds
123.887: Application time: 0.0392060 seconds
123.887: [GC [PSYoungGen: 7584K->368K(8192K)] 11550K->4390K(26112K), 0.0004010 secs] [Times: user=0.00 sys=0.00, real=0.00 secs] 
123.887: Total time for which application threads were stopped: 0.0005050 seconds, Stopping threads took: 0.0000450 seconds
123.926: Application time: 0.0389900 seconds
123.926: [GC [PSYoungGen: 7536K->288K(8192K)] 11558K->4390K(26112K), 0.0004180 secs] [Times: user=0.00 sys=0.00, real=0.00 secs] 
123.927: Total time for which application threads were stopped: 0.0005300 seconds, Stopping threads took: 0.0000500 seconds
123.966: Application time: 0.0388850 seconds
123.966: [GC [PSYoungGen: 7456K->256K(8192K)] 11558K->4458K(26112K), 0.0003730 secs] [Times: user=0.00 sys=0.00, real=0.00 secs] 
123.966: Total time for which application threads were stopped: 0.0004860 seconds, Stopping threads took: 0.0000550 seconds
124.005: Application time: 0.0386010 seconds
124.005: [GC [PSYoungGen: 7424K->272K(8192K)] 11626K->4474K(26112K), 0.0003650 secs] [Times: user=0.00 sys=0.00, real=0.00 secs] 
124.005: Total time for which application threads were stopped: 0.0004760 seconds, Stopping threads took: 0.0000430 seconds
124.043: Application time: 0.0375720 seconds
124.043: [GC [PSYoungGen: 7440K->416K(8192K)] 11642K->4618K(26112K), 0.0003890 secs] [Times: user=0.00 sys=0.00, real=0.00 secs] 
124.043: Total time for which application threads were stopped: 0.0004980 seconds, Stopping threads took: 0.0000490 seconds
124.081: Application time: 0.0376450 seconds
124.081: [GC [PSYoungGen: 7584K->448K(8192K)] 11786K->4650K(26112K), 0.0004630 secs] [Times: user=0.00 sys=0.00, real=0.01 secs] 
124.081: Total time for which application threads were stopped: 0.0005770 seconds, Stopping threads took: 0.0000550 seconds
124.120: Application time: 0.0387640 seconds
124.120: [GC [PSYoungGen: 7616K->464K(8192K)] 11818K->4666K(26112K), 0.0004040 secs] [Times: user=0.00 sys=0.00, real=0.00 secs] 
124.121: Total time for which application threads were stopped: 0.0005160 seconds, Stopping threads took: 0.0000510 seconds
124.159: Application time: 0.0385480 seconds
124.159: [GC [PSYoungGen: 7632K->528K(8192K)] 11834K->4730K(26112K), 0.0004050 secs] [Times: user=0.00 sys=0.00, real=0.00 secs] 
124.160: Total time for which application threads were stopped: 0.0005190 seconds, Stopping threads took: 0.0000510 seconds
124.199: Application time: 0.0390190 seconds
124.199: [GC [PSYoungGen: 7696K->512K(8192K)] 11898K->4714K(26112K), 0.0004820 secs] [Times: user=0.00 sys=0.00, real=0.00 secs] 
124.199: Total time for which application threads were stopped: 0.0005780 seconds, Stopping threads took: 0.0000370 seconds
124.238: Application time: 0.0388890 seconds
124.238: [GC [PSYoungGen: 7680K->544K(8192K)] 11882K->4746K(26112K), 0.0004150 secs] [Times: user=0.00 sys=0.00, real=0.00 secs] 
124.239: Total time for which application threads were stopped: 0.0005340 seconds, Stopping threads took: 0.0000590 seconds
124.278: Application time: 0.0392490 seconds
124.278: [GC [PSYoungGen: 7712K->528K(8192K)] 11914K->4730K(26112K), 0.0004530 secs] [Times: user=0.00 sys=0.00, real=0.00 secs] 
124.279: Total time for which application threads were stopped: 0.0005520 seconds, Stopping threads took: 0.0000410 seconds
124.318: Application time: 0.0394640 seconds
124.318: [GC [PSYoungGen: 7696K->512K(8192K)] 11898K->4714K(26112K), 0.0004140 secs] [Times: user=0.00 sys=0.00, real=0.00 secs] 
124.319: Total time for which application threads were stopped: 0.0005250 seconds, Stopping threads took: 0.0000440 seconds
124.358: Application time: 0.0389140 seconds
124.358: [GC [PSYoungGen: 7680K->464K(8192K)] 11882K->4666K(26112K), 0.0004040 secs] [Times: user=0.00 sys=0.00, real=0.00 secs] 
124.358: Total time for which application threads were stopped: 0.0005240 seconds, Stopping threads took: 0.0000590 seconds
124.397: Application time: 0.0389140 seconds
124.397: [GC [PSYoungGen: 7632K->464K(8192K)] 11834K->4666K(26112K), 0.0004530 secs] [Times: user=0.00 sys=0.00, real=0.00 secs] 
124.398: Total time for which application threads were stopped: 0.0005580 seconds, Stopping threads took: 0.0000460 seconds
124.436: Application time: 0.0388950 seconds
124.437: [GC [PSYoungGen: 7632K->512K(8192K)] 11834K->4714K(26112K), 0.0004050 secs] [Times: user=0.00 sys=0.00, real=0.00 secs] 
124.437: Total time for which application threads were stopped: 0.0005110 seconds, Stopping threads took: 0.0000480 seconds
124.476: Application time: 0.0388240 seconds
124.476: [GC [PSYoungGen: 7680K->464K(8192K)] 11882K->4666K(26112K), 0.0004070 secs] [Times: user=0.00 sys=0.00, real=0.00 secs] 
124.476: Total time for which application threads were stopped: 0.0005110 seconds, Stopping threads took: 0.0000440 seconds
124.515: Application time: 0.0387690 seconds
124.515: [GC [PSYoungGen: 7632K->496K(8192K)] 11834K->4698K(26112K), 0.0004150 secs] [Times: user=0.00 sys=0.00, real=0.00 secs] 
124.516: Total time for which application threads were stopped: 0.0005120 seconds, Stopping threads took: 0.0000380 seconds
124.555: Application time: 0.0390400 seconds
124.555: [GC [PSYoungGen: 7664K->496K(8192K)] 11866K->4698K(26112K), 0.0004290 secs] [Times: user=0.00 sys=0.00, real=0.00 secs] 
124.555: Total time for which application threads were stopped: 0.0005290 seconds, Stopping threads took: 0.0000380 seconds
124.594: Application time: 0.0390130 seconds
124.594: [GC [PSYoungGen: 7664K->480K(8192K)] 11866K->4730K(26112K), 0.0004590 secs] [Times: user=0.00 sys=0.00, real=0.00 secs] 
124.595: Total time for which application threads were stopped: 0.0005680 seconds, Stopping threads took: 0.0000500 seconds
124.634: Application time: 0.0389890 seconds
124.634: [GC [PSYoungGen: 7648K->336K(8192K)] 11898K->4698K(26112K), 0.0004410 secs] [Times: user=0.00 sys=0.00, real=0.00 secs] 
124.634: Total time for which application threads were stopped: 0.0005400 seconds, Stopping threads took: 0.0000390 seconds
124.674: Application time: 0.0393970 seconds
124.674: [GC [PSYoungGen: 7504K->320K(8192K)] 11866K->4778K(26112K), 0.0004570 secs] [Times: user=0.00 sys=0.00, real=0.00 secs] 
124.674: Total time for which application threads were stopped: 0.0005810 seconds, Stopping threads took: 0.0000570 seconds
124.713: Application time: 0.0389610 seconds
124.713: [GC [PSYoungGen: 7488K->272K(8192K)] 11946K->4786K(26112K), 0.0003720 secs] [Times: user=0.01 sys=0.00, real=0.00 secs] 
124.714: Total time for which application threads were stopped: 0.0004870 seconds, Stopping threads took: 0.0000530 seconds
124.753: Application time: 0.0389670 seconds
124.753: [GC [PSYoungGen: 7440K->256K(8192K)] 11954K->4818K(26112K), 0.0003640 secs] [Times: user=0.00 sys=0.00, real=0.00 secs] 
124.753: Total time for which application threads were stopped: 0.0004680 seconds, Stopping threads took: 0.0000460 seconds
124.791: Application time: 0.0383450 seconds
124.792: [GC [PSYoungGen: 7424K->288K(8192K)] 11986K->4850K(26112K), 0.0004020 secs] [Times: user=0.00 sys=0.00, real=0.00 secs] 
124.792: Total time for which application threads were stopped: 0.0004970 seconds, Stopping threads took: 0.0000390 seconds
124.830: Application time: 0.0376830 seconds
124.830: [GC [PSYoungGen: 7456K->320K(8192K)] 12018K->4882K(26112K), 0.0003970 secs] [Times: user=0.01 sys=0.00, real=0.00 secs] 
124.830: Total time for which application threads were stopped: 0.0005170 seconds, Stopping threads took: 0.0000520 seconds
124.868: Application time: 0.0382730 seconds
124.869: [GC [PSYoungGen: 7488K->448K(8192K)] 12050K->5010K(26112K), 0.0004040 secs] [Times: user=0.00 sys=0.00, real=0.00 secs] 
124.869: Total time for which application threads were stopped: 0.0005170 seconds, Stopping threads took: 0.0000530 seconds
124.907: Application time: 0.0382130 seconds
124.907: [GC [PSYoungGen: 7616K->480K(8192K)] 12178K->5042K(26112K), 0.0004700 secs] [Times: user=0.00 sys=0.00, real=0.00 secs] 
124.908: Total time for which application threads were stopped: 0.0005690 seconds, Stopping threads took: 0.0000380 seconds
124.946: Application time: 0.0386080 seconds
124.946: [GC [PSYoungGen: 7648K->480K(8192K)] 12210K->5042K(26112K), 0.0004220 secs] [Times: user=0.00 sys=0.00, real=0.00 secs] 
124.947: Total time for which application threads were stopped: 0.0005280 seconds, Stopping threads took: 0.0000460 seconds
124.986: Application time: 0.0390450 seconds
124.986: [GC [PSYoungGen: 7648K->528K(8192K)] 12210K->5090K(26112K), 0.0004210 secs] [Times: user=0.00 sys=0.00, real=0.00 secs] 
124.986: Total time for which application threads were stopped: 0.0005230 seconds, Stopping threads took: 0.0000430 seconds
125.026: Application time: 0.0394190 seconds
125.026: [GC [PSYoungGen: 7696K->496K(8192K)] 12258K->5058K(26112K), 0.0004040 secs] [Times: user=0.00 sys=0.00, real=0.00 secs] 
125.026: Total time for which application threads were stopped: 0.0005020 seconds, Stopping threads took: 0.0000390 seconds
125.066: Application time: 0.0392660 seconds
125.066: [GC [PSYoungGen: 7664K->496K(8192K)] 12226K->5058K(26112K), 0.0004820 secs] [Times: user=0.00 sys=0.00, real=0.00 secs] 
125.066: Total time for which application threads were stopped: 0.0005810 seconds, Stopping threads took: 0.0000390 seconds
125.105: Application time: 0.0389000 seconds
125.105: [GC [PSYoungGen: 7664K->496K(8192K)] 12226K->5058K(26112K), 0.0004190 secs] [Times: user=0.01 sys=0.00, real=0.00 secs] 
125.106: Total time for which application threads were stopped: 0.0005280 seconds, Stopping threads took: 0.0000510 seconds
125.145: Application time: 0.0388830 seconds
125.145: [GC [PSYoungGen: 7664K->464K(8192K)] 12226K->5026K(26112K), 0.0004410 secs] [Times: user=0.00 sys=0.00, real=0.00 secs] 
125.146: Total time for which application threads were stopped: 0.0016220 seconds, Stopping threads took: 0.0000400 seconds
125.185: Application time: 0.0388270 seconds
125.185: [GC [PSYoungGen: 7632K->480K(8192K)] 12194K->5042K(26112K), 0.0004400 secs] [Times: user=0.00 sys=0.00, real=0.00 secs] 
125.186: Total time for which application threads were stopped: 0.0005580 seconds, Stopping threads took: 0.0000590 seconds
125.224: Application time: 0.0389170 seconds
125.225: [GC [PSYoungGen: 7648K->512K(8192K)] 12210K->5074K(26112K), 0.0004150 secs] [Times: user=0.01 sys=0.00, real=0.00 secs] 
125.225: Total time for which application threads were stopped: 0.0005200 seconds, Stopping threads took: 0.0000430 seconds
125.264: Application time: 0.0387750 seconds
125.264: [GC [PSYoungGen: 7680K->512K(8192K)] 12242K->5074K(26112K), 0.0004600 secs] [Times: user=0.00 sys=0.00, real=0.00 secs] 
125.264: Total time for which application threads were stopped: 0.0005730 seconds, Stopping threads took: 0.0000530 seconds
125.303: Application time: 0.0389250 seconds
125.303: [GC [PSYoungGen: 7680K->496K(8192K)] 12242K->5058K(26112K), 0.0005120 secs] [Times: user=0.00 sys=0.00, real=0.00 secs] 
125.304: Total time for which application threads were stopped: 0.0006260 seconds, Stopping threads took: 0.0000550 seconds
125.343: Application time: 0.0388980 seconds
125.343: [GC [PSYoungGen: 7664K->496K(8192K)] 12226K->5058K(26112K), 0.0004160 secs] [Times: user=0.00 sys=0.00, real=0.00 secs] 
125.343: Total time for which application threads were stopped: 0.0005280 seconds, Stopping threads took: 0.0000440 seconds
125.382: Application time: 0.0389110 seconds
125.382: [GC [PSYoungGen: 7664K->432K(8192K)] 12226K->5082K(26112K), 0.0004500 secs] [Times: user=0.00 sys=0.00, real=0.00 secs] 
125.383: Total time for which application threads were stopped: 0.0005680 seconds, Stopping threads took: 0.0000600 seconds
125.422: Application time: 0.0389070 seconds
125.422: [GC [PSYoungGen: 7600K->368K(8192K)] 12250K->5098K(26112K), 0.0004060 secs] [Times: user=0.01 sys=0.00, real=0.00 secs] 
125.422: Total time for which application threads were stopped: 0.0005120 seconds, Stopping threads took: 0.0000480 seconds
125.461: Application time: 0.0389720 seconds
125.461: [GC [PSYoungGen: 7536K->288K(8192K)] 12266K->5114K(26112K), 0.0003750 secs] [Times: user=0.00 sys=0.00, real=0.00 secs] 
125.462: Total time for which application threads were stopped: 0.0004790 seconds, Stopping threads took: 0.0000460 seconds
125.501: Application time: 0.0388620 seconds
125.501: [GC [PSYoungGen: 7456K->288K(8192K)] 12282K->5162K(26112K), 0.0003990 secs] [Times: user=0.00 sys=0.00, real=0.01 secs] 
125.501: Total time for which application threads were stopped: 0.0005020 seconds, Stopping threads took: 0.0000500 seconds
125.540: Application time: 0.0393100 seconds
125.540: [GC [PSYoungGen: 7456K->256K(8192K)] 12330K->5194K(26112K), 0.0003660 secs] [Times: user=0.00 sys=0.00, real=0.00 secs] 
125.541: Total time for which application threads were stopped: 0.0004770 seconds, Stopping threads took: 0.0000550 seconds
125.578: Application time: 0.0373590 seconds
125.578: [GC [PSYoungGen: 7424K->304K(8192K)] 12362K->5242K(26112K), 0.0003730 secs] [Times: user=0.00 sys=0.00, real=0.00 secs] 
125.579: Total time for which application threads were stopped: 0.0004810 seconds, Stopping threads took: 0.0000440 seconds
125.617: Application time: 0.0384750 seconds
125.617: [GC [PSYoungGen: 7472K->400K(8192K)] 12410K->5338K(26112K), 0.0004160 secs] [Times: user=0.00 sys=0.00, real=0.00 secs] 
125.618: Total time for which application threads were stopped: 0.0005360 seconds, Stopping threads took: 0.0000520 seconds
125.656: Application time: 0.0382550 seconds
125.657: [GC [PSYoungGen: 7568K->432K(8192K)] 12506K->5370K(26112K), 0.0004690 secs] [Times: user=0.01 sys=0.00, real=0.00 secs] 
125.658: Total time for which application threads were stopped: 0.0015940 seconds, Stopping threads took: 0.0010520 seconds
125.696: Application time: 0.0388000 seconds
125.696: [GC [PSYoungGen: 7600K->416K(8192K)] 12538K->5354K(26112K), 0.0004350 secs] [Times: user=0.00 sys=0.00, real=0.00 secs] 
125.697: Total time for which application threads were stopped: 0.0005470 seconds, Stopping threads took: 0.0000450 seconds
125.735: Application time: 0.0383960 seconds
125.735: [GC [PSYoungGen: 7584K->544K(8192K)] 12522K->5482K(26112K), 0.0004220 secs] [Times: user=0.00 sys=0.00, real=0.00 secs] 
125.736: Total time for which application threads were stopped: 0.0005380 seconds, Stopping threads took: 0.0000530 seconds
125.775: Application time: 0.0391080 seconds
125.775: [GC [PSYoungGen: 7712K->464K(8192K)] 12650K->5402K(26112K), 0.0004740 secs] [Times: user=0.00 sys=0.00, real=0.00 secs] 
125.776: Total time for which application threads were stopped: 0.0005840 seconds, Stopping threads took: 0.0000450 seconds
125.814: Application time: 0.0389010 seconds
125.815: [GC [PSYoungGen: 7632K->496K(8192K)] 12570K->5434K(26112K), 0.0004310 secs] [Times: user=0.00 sys=0.00, real=0.00 secs] 
125.815: Total time for which application threads were stopped: 0.0005330 seconds, Stopping threads took: 0.0000390 seconds
125.854: Application time: 0.0391440 seconds
125.854: [GC [PSYoungGen: 7664K->512K(8192K)] 12602K->5450K(26112K), 0.0004180 secs] [Times: user=0.01 sys=0.00, real=0.00 secs] 
125.855: Total time for which application threads were stopped: 0.0005410 seconds, Stopping threads took: 0.0000530 seconds
125.894: Application time: 0.0388870 seconds
125.894: [GC [PSYoungGen: 7680K->512K(8192K)] 12618K->5450K(26112K), 0.0004780 secs] [Times: user=0.00 sys=0.00, real=0.00 secs] 
125.894: Total time for which application threads were stopped: 0.0005950 seconds, Stopping threads took: 0.0000520 seconds
125.933: Application time: 0.0389410 seconds
125.933: [GC [PSYoungGen: 7680K->512K(8192K)] 12618K->5450K(26112K), 0.0004160 secs] [Times: user=0.00 sys=0.00, real=0.00 secs] 
125.934: Total time for which application threads were stopped: 0.0005320 seconds, Stopping threads took: 0.0000520 seconds
125.972: Application time: 0.0387300 seconds
125.972: [GC [PSYoungGen: 7680K->528K(8192K)] 12618K->5466K(26112K), 0.0004530 secs] [Times: user=0.00 sys=0.00, real=0.00 secs] 
125.973: Total time for which application threads were stopped: 0.0005670 seconds, Stopping threads took: 0.0000530 seconds
126.012: Application time: 0.0387970 seconds
126.012: [GC [PSYoungGen: 7696K->480K(8192K)] 12634K->5418K(26112K), 0.0004230 secs] [Times: user=0.00 sys=0.00, real=0.00 secs] 
126.012: Total time for which application threads were stopped: 0.0005330 seconds, Stopping threads took: 0.0000480 seconds
126.051: Application time: 0.0388990 seconds
126.051: [GC [PSYoungGen: 7648K->512K(8192K)] 12586K->5450K(26112K), 0.0004110 secs] [Times: user=0.00 sys=0.00, real=0.00 secs] 
126.052: Total time for which application threads were stopped: 0.0005190 seconds, Stopping threads took: 0.0000430 seconds
126.091: Application time: 0.0388420 seconds
126.091: [GC [PSYoungGen: 7680K->496K(8192K)] 12618K->5434K(26112K), 0.0004760 secs] [Times: user=0.00 sys=0.00, real=0.00 secs] 
126.091: Total time for which application threads were stopped: 0.0005860 seconds, Stopping threads took: 0.0000500 seconds
126.130: Application time: 0.0390630 seconds
126.130: [GC [PSYoungGen: 7664K->464K(8192K)] 12602K->5402K(26112K), 0.0004320 secs] [Times: user=0.01 sys=0.00, real=0.00 secs] 
126.131: Total time for which application threads were stopped: 0.0005680 seconds, Stopping threads took: 0.0000740 seconds
126.170: Application time: 0.0389010 seconds
126.173: [GC [PSYoungGen: 7632K->368K(8192K)] 12570K->5426K(26112K), 0.0004850 secs] [Times: user=0.00 sys=0.00, real=0.00 secs] 
126.174: Total time for which application threads were stopped: 0.0039310 seconds, Stopping threads took: 0.0033760 seconds
126.213: Application time: 0.0391950 seconds
126.213: [GC [PSYoungGen: 7536K->320K(8192K)] 12594K->5419K(26112K), 0.0004090 secs] [Times: user=0.00 sys=0.00, real=0.00 secs] 
126.213: Total time for which application threads were stopped: 0.0005210 seconds, Stopping threads took: 0.0000480 seconds
126.252: Application time: 0.0388940 seconds
126.252: [GC [PSYoungGen: 7488K->320K(8192K)] 12587K->5499K(26112K), 0.0003910 secs] [Times: user=0.00 sys=0.00, real=0.00 secs] 
126.253: Total time for which application threads were stopped: 0.0005020 seconds, Stopping threads took: 0.0000490 seconds
126.292: Application time: 0.0389660 seconds
126.292: [GC [PSYoungGen: 7488K->272K(8192K)] 12667K->5507K(26112K), 0.0003500 secs] [Times: user=0.00 sys=0.00, real=0.00 secs] 
126.292: Total time for which application threads were stopped: 0.0004630 seconds, Stopping threads took: 0.0000520 seconds
126.331: Application time: 0.0388950 seconds
126.331: [GC [PSYoungGen: 7440K->256K(8192K)] 12675K->5547K(26112K), 0.0003570 secs] [Times: user=0.00 sys=0.00, real=0.00 secs] 
126.331: Total time for which application threads were stopped: 0.0004630 seconds, Stopping threads took: 0.0000430 seconds
126.369: Application time: 0.0377240 seconds
126.369: [GC [PSYoungGen: 7424K->320K(8192K)] 12715K->5611K(26112K), 0.0004200 secs] [Times: user=0.00 sys=0.00, real=0.00 secs] 
126.370: Total time for which application threads were stopped: 0.0005640 seconds, Stopping threads took: 0.0000680 seconds
126.408: Application time: 0.0380740 seconds
126.408: [GC [PSYoungGen: 7488K->384K(8192K)] 12779K->5675K(26112K), 0.0004060 secs] [Times: user=0.00 sys=0.00, real=0.00 secs] 
126.408: Total time for which application threads were stopped: 0.0005400 seconds, Stopping threads took: 0.0000700 seconds
126.447: Application time: 0.0385810 seconds
126.447: [GC [PSYoungGen: 7552K->416K(8192K)] 12843K->5707K(26112K), 0.0004180 secs] [Times: user=0.00 sys=0.00, real=0.00 secs] 
126.447: Total time for which application threads were stopped: 0.0005280 seconds, Stopping threads took: 0.0000510 seconds
126.486: Application time: 0.0380030 seconds
126.486: [GC [PSYoungGen: 7584K->496K(8192K)] 12875K->5787K(26112K), 0.0004410 secs] [Times: user=0.00 sys=0.00, real=0.00 secs] 
126.486: Total time for which application threads were stopped: 0.0005520 seconds, Stopping threads took: 0.0000490 seconds
126.525: Application time: 0.0388570 seconds
126.525: [GC [PSYoungGen: 7664K->528K(8192K)] 12955K->5819K(26112K), 0.0004290 secs] [Times: user=0.00 sys=0.00, real=0.00 secs] 
126.525: Total time for which application threads were stopped: 0.0005480 seconds, Stopping threads took: 0.0000530 seconds
126.564: Application time: 0.0389370 seconds
126.564: [GC [PSYoungGen: 7696K->496K(8192K)] 12987K->5787K(26112K), 0.0004690 secs] [Times: user=0.00 sys=0.00, real=0.00 secs] 
126.565: Total time for which application threads were stopped: 0.0005930 seconds, Stopping threads took: 0.0000570 seconds
126.604: Application time: 0.0391140 seconds
126.604: [GC [PSYoungGen: 7664K->512K(8192K)] 12955K->5803K(26112K), 0.0004740 secs] [Times: user=0.00 sys=0.00, real=0.00 secs] 
126.605: Total time for which application threads were stopped: 0.0005890 seconds, Stopping threads took: 0.0000520 seconds
126.644: Application time: 0.0390730 seconds
126.644: [GC [PSYoungGen: 7680K->496K(8192K)] 12971K->5787K(26112K), 0.0004960 secs] [Times: user=0.00 sys=0.00, real=0.00 secs] 
126.644: Total time for which application threads were stopped: 0.0006160 seconds, Stopping threads took: 0.0000510 seconds
126.684: Application time: 0.0393050 seconds
126.684: [GC [PSYoungGen: 7664K->512K(8192K)] 12955K->5803K(26112K), 0.0004290 secs] [Times: user=0.00 sys=0.00, real=0.00 secs] 
126.684: Total time for which application threads were stopped: 0.0005420 seconds, Stopping threads took: 0.0000490 seconds
126.723: Application time: 0.0389720 seconds
126.723: [GC [PSYoungGen: 7680K->464K(8192K)] 12971K->5755K(26112K), 0.0004180 secs] [Times: user=0.00 sys=0.00, real=0.00 secs] 
126.724: Total time for which application threads were stopped: 0.0005310 seconds, Stopping threads took: 0.0000490 seconds
126.762: Application time: 0.0386490 seconds
126.762: [GC [PSYoungGen: 7632K->512K(8192K)] 12923K->5803K(26112K), 0.0004500 secs] [Times: user=0.01 sys=0.00, real=0.00 secs] 
126.763: Total time for which application threads were stopped: 0.0005620 seconds, Stopping threads took: 0.0000500 seconds
126.802: Application time: 0.0389530 seconds
126.802: [GC [PSYoungGen: 7680K->480K(8192K)] 12971K->5771K(26112K), 0.0004840 secs] [Times: user=0.00 sys=0.00, real=0.00 secs] 
126.803: Total time for which application threads were stopped: 0.0005950 seconds, Stopping threads took: 0.0000450 seconds
126.841: Application time: 0.0388890 seconds
126.841: [GC [PSYoungGen: 7648K->512K(8192K)] 12939K->5803K(26112K), 0.0004260 secs] [Times: user=0.00 sys=0.00, real=0.00 secs] 
126.842: Total time for which application threads were stopped: 0.0005340 seconds, Stopping threads took: 0.0000420 seconds
126.881: Application time: 0.0388100 seconds
126.881: [GC [PSYoungGen: 7680K->512K(8192K)] 12971K->5803K(26112K), 0.0004580 secs] [Times: user=0.00 sys=0.00, real=0.01 secs] 
126.881: Total time for which application threads were stopped: 0.0005800 seconds, Stopping threads took: 0.0000470 seconds
126.920: Application time: 0.0389760 seconds
126.920: [GC [PSYoungGen: 7680K->512K(8192K)] 12971K->5803K(26112K), 0.0004620 secs] [Times: user=0.00 sys=0.00, real=0.00 secs] 
126.921: Total time for which application threads were stopped: 0.0005760 seconds, Stopping threads took: 0.0000520 seconds
126.960: Application time: 0.0390860 seconds
126.960: [GC [PSYoungGen: 7680K->400K(8192K)] 12971K->5803K(26112K), 0.0004250 secs] [Times: user=0.01 sys=0.00, real=0.00 secs] 
126.961: Total time for which application threads were stopped: 0.0005400 seconds, Stopping threads took: 0.0000510 seconds
127.000: Application time: 0.0390290 seconds
127.000: [GC [PSYoungGen: 7568K->352K(8192K)] 12971K->5835K(26112K), 0.0004350 secs] [Times: user=0.00 sys=0.00, real=0.00 secs] 
127.000: Total time for which application threads were stopped: 0.0005380 seconds, Stopping threads took: 0.0000420 seconds
127.039: Application time: 0.0388970 seconds
127.039: [GC [PSYoungGen: 7520K->288K(8192K)] 13003K->5827K(26112K), 0.0003840 secs] [Times: user=0.00 sys=0.00, real=0.00 secs] 
127.039: Total time for which application threads were stopped: 0.0004990 seconds, Stopping threads took: 0.0000520 seconds
127.079: Application time: 0.0391040 seconds
127.079: [GC [PSYoungGen: 7456K->256K(8192K)] 12995K->5883K(26112K), 0.0004060 secs] [Times: user=0.00 sys=0.00, real=0.00 secs] 
127.079: Total time for which application threads were stopped: 0.0005120 seconds, Stopping threads took: 0.0000450 seconds
127.118: Application time: 0.0388520 seconds
127.118: [GC [PSYoungGen: 7424K->256K(8192K)] 13051K->5883K(26112K), 0.0003570 secs] [Times: user=0.00 sys=0.00, real=0.00 secs] 
127.118: Total time for which application threads were stopped: 0.0004700 seconds, Stopping threads took: 0.0000500 seconds
127.156: Application time: 0.0371600 seconds
127.156: [GC [PSYoungGen: 7424K->352K(8192K)] 13051K->5979K(26112K), 0.0003920 secs] [Times: user=0.00 sys=0.00, real=0.00 secs] 
127.156: Total time for which application threads were stopped: 0.0005000 seconds, Stopping threads took: 0.0000470 seconds
127.194: Application time: 0.0380750 seconds
127.194: [GC [PSYoungGen: 7520K->464K(8192K)] 13147K->6091K(26112K), 0.0004210 secs] [Times: user=0.00 sys=0.00, real=0.00 secs] 
127.195: Total time for which application threads were stopped: 0.0005270 seconds, Stopping threads took: 0.0000430 seconds
127.233: Application time: 0.0386920 seconds
127.233: [GC [PSYoungGen: 7632K->448K(8192K)] 13259K->6075K(26112K), 0.0004190 secs] [Times: user=0.00 sys=0.00, real=0.00 secs] 
127.234: Total time for which application threads were stopped: 0.0005270 seconds, Stopping threads took: 0.0000470 seconds
127.272: Application time: 0.0384300 seconds
127.272: [GC [PSYoungGen: 7616K->512K(8192K)] 13243K->6139K(26112K), 0.0004370 secs] [Times: user=0.01 sys=0.00, real=0.00 secs] 
127.273: Total time for which application threads were stopped: 0.0005520 seconds, Stopping threads took: 0.0000480 seconds
127.312: Application time: 0.0390290 seconds
127.312: [GC [PSYoungGen: 7680K->512K(8192K)] 13307K->6139K(26112K), 0.0004250 secs] [Times: user=0.00 sys=0.00, real=0.00 secs] 
127.312: Total time for which application threads were stopped: 0.0005470 seconds, Stopping threads took: 0.0000630 seconds
127.352: Application time: 0.0391380 seconds
127.352: [GC [PSYoungGen: 7680K->496K(8192K)] 13307K->6123K(26112K), 0.0004300 secs] [Times: user=0.00 sys=0.00, real=0.00 secs] 
127.352: Total time for which application threads were stopped: 0.0005400 seconds, Stopping threads took: 0.0000490 seconds
127.391: Application time: 0.0390860 seconds
127.391: [GC [PSYoungGen: 7664K->512K(8192K)] 13291K->6139K(26112K), 0.0004220 secs] [Times: user=0.00 sys=0.00, real=0.00 secs] 
127.392: Total time for which application threads were stopped: 0.0005400 seconds, Stopping threads took: 0.0000450 seconds
127.431: Application time: 0.0392750 seconds
127.431: [GC [PSYoungGen: 7680K->464K(8192K)] 13307K->6091K(26112K), 0.0004700 secs] [Times: user=0.00 sys=0.00, real=0.00 secs] 
127.432: Total time for which application threads were stopped: 0.0005830 seconds, Stopping threads took: 0.0000500 seconds
127.471: Application time: 0.0389350 seconds
127.471: [GC [PSYoungGen: 7632K->496K(8192K)] 13259K->6123K(26112K), 0.0004440 secs] [Times: user=0.00 sys=0.00, real=0.00 secs] 
127.471: Total time for which application threads were stopped: 0.0005560 seconds, Stopping threads took: 0.0000510 seconds
127.510: Application time: 0.0388600 seconds
127.510: [GC [PSYoungGen: 7664K->496K(8192K)] 13291K->6123K(26112K), 0.0004180 secs] [Times: user=0.00 sys=0.00, real=0.00 secs] 
127.511: Total time for which application threads were stopped: 0.0005230 seconds, Stopping threads took: 0.0000430 seconds
127.550: Application time: 0.0392730 seconds
127.550: [GC [PSYoungGen: 7664K->464K(8192K)] 13291K->6091K(26112K), 0.0004260 secs] [Times: user=0.00 sys=0.00, real=0.00 secs] 
127.550: Total time for which application threads were stopped: 0.0005300 seconds, Stopping threads took: 0.0000420 seconds
127.589: Application time: 0.0387950 seconds
127.589: [GC [PSYoungGen: 7632K->496K(8192K)] 13259K->6123K(26112K), 0.0004000 secs] [Times: user=0.01 sys=0.00, real=0.00 secs] 
127.590: Total time for which application threads were stopped: 0.0005120 seconds, Stopping threads took: 0.0000480 seconds
127.628: Application time: 0.0383710 seconds
127.628: [GC [PSYoungGen: 7664K->528K(8192K)] 13291K->6155K(26112K), 0.0004040 secs] [Times: user=0.00 sys=0.00, real=0.00 secs] 
127.629: Total time for which application threads were stopped: 0.0005060 seconds, Stopping threads took: 0.0000420 seconds
127.668: Application time: 0.0393320 seconds
127.668: [GC [PSYoungGen: 7696K->512K(8192K)] 13323K->6139K(26112K), 0.0004670 secs] [Times: user=0.00 sys=0.00, real=0.00 secs] 
127.668: Total time for which application threads were stopped: 0.0006100 seconds, Stopping threads took: 0.0000750 seconds
127.708: Application time: 0.0393230 seconds
127.708: [GC [PSYoungGen: 7680K->512K(8192K)] 13307K->6139K(26112K), 0.0004140 secs] [Times: user=0.00 sys=0.00, real=0.00 secs] 
127.708: Total time for which application threads were stopped: 0.0005270 seconds, Stopping threads took: 0.0000490 seconds
127.747: Application time: 0.0389580 seconds
127.747: [GC [PSYoungGen: 7680K->320K(8192K)] 13307K->6071K(26112K), 0.0004700 secs] [Times: user=0.00 sys=0.00, real=0.00 secs] 
127.748: Total time for which application threads were stopped: 0.0005850 seconds, Stopping threads took: 0.0000540 seconds
127.787: Application time: 0.0389720 seconds
127.787: [GC [PSYoungGen: 7488K->320K(8192K)] 13239K->6167K(26112K), 0.0003930 secs] [Times: user=0.00 sys=0.00, real=0.00 secs] 
127.787: Total time for which application threads were stopped: 0.0005270 seconds, Stopping threads took: 0.0000620 seconds
127.827: Application time: 0.0391580 seconds
127.827: [GC [PSYoungGen: 7488K->272K(8192K)] 13335K->6175K(26112K), 0.0003860 secs] [Times: user=0.00 sys=0.00, real=0.00 secs] 
127.827: Total time for which application threads were stopped: 0.0004940 seconds, Stopping threads took: 0.0000470 seconds
127.866: Application time: 0.0389680 seconds
127.869: [GC [PSYoungGen: 7440K->256K(8192K)] 13343K->6215K(26112K), 0.0003960 secs] [Times: user=0.00 sys=0.00, real=0.00 secs] 
127.870: Total time for which application threads were stopped: 0.0035200 seconds, Stopping threads took: 0.0030620 seconds
127.908: Application time: 0.0380940 seconds
127.908: [GC [PSYoungGen: 7424K->336K(8192K)] 13383K->6295K(26112K), 0.0004080 secs] [Times: user=0.00 sys=0.00, real=0.00 secs] 
127.908: Total time for which application threads were stopped: 0.0005300 seconds, Stopping threads took: 0.0000520 seconds
127.947: Application time: 0.0387580 seconds
127.947: [GC [PSYoungGen: 7504K->384K(8192K)] 13463K->6343K(26112K), 0.0004040 secs] [Times: user=0.00 sys=0.00, real=0.00 secs] 
127.947: Total time for which application threads were stopped: 0.0005320 seconds, Stopping threads took: 0.0000670 seconds
127.986: Application time: 0.0385280 seconds
127.986: [GC [PSYoungGen: 7552K->432K(8192K)] 13511K->6391K(26112K), 0.0004310 secs] [Times: user=0.00 sys=0.00, real=0.00 secs] 
127.987: Total time for which application threads were stopped: 0.0005530 seconds, Stopping threads took: 0.0000600 seconds
128.025: Application time: 0.0388000 seconds
128.025: [GC [PSYoungGen: 7600K->448K(8192K)] 13559K->6407K(26112K), 0.0004460 secs] [Times: user=0.00 sys=0.00, real=0.00 secs] 
128.026: Total time for which application threads were stopped: 0.0005550 seconds, Stopping threads took: 0.0000470 seconds
128.065: Application time: 0.0387150 seconds
128.065: [GC [PSYoungGen: 7616K->496K(8192K)] 13575K->6455K(26112K), 0.0004640 secs] [Times: user=0.00 sys=0.00, real=0.00 secs] 
128.065: Total time for which application threads were stopped: 0.0005800 seconds, Stopping threads took: 0.0000510 seconds
128.104: Application time: 0.0390170 seconds
128.104: [GC [PSYoungGen: 7664K->512K(8192K)] 13623K->6471K(26112K), 0.0004520 secs] [Times: user=0.00 sys=0.00, real=0.00 secs] 
128.105: Total time for which application threads were stopped: 0.0005570 seconds, Stopping threads took: 0.0000450 seconds
128.144: Application time: 0.0391320 seconds
128.144: [GC [PSYoungGen: 7680K->528K(8192K)] 13639K->6487K(26112K), 0.0004150 secs] [Times: user=0.00 sys=0.00, real=0.00 secs] 
128.144: Total time for which application threads were stopped: 0.0005300 seconds, Stopping threads took: 0.0000520 seconds
128.184: Application time: 0.0391960 seconds
128.184: [GC [PSYoungGen: 7696K->528K(8192K)] 13655K->6487K(26112K), 0.0004950 secs] [Times: user=0.00 sys=0.00, real=0.00 secs] 
128.184: Total time for which application threads were stopped: 0.0006030 seconds, Stopping threads took: 0.0000460 seconds
128.223: Application time: 0.0390500 seconds
128.223: [GC [PSYoungGen: 7696K->496K(8192K)] 13655K->6455K(26112K), 0.0004930 secs] [Times: user=0.00 sys=0.00, real=0.00 secs] 
128.224: Total time for which application threads were stopped: 0.0006050 seconds, Stopping threads took: 0.0000490 seconds
128.263: Application time: 0.0390940 seconds
128.263: [GC [PSYoungGen: 7664K->448K(8192K)] 13623K->6407K(26112K), 0.0004070 secs] [Times: user=0.00 sys=0.00, real=0.00 secs] 
128.263: Total time for which application threads were stopped: 0.0005180 seconds, Stopping threads took: 0.0000470 seconds
128.302: Application time: 0.0388700 seconds
128.302: [GC [PSYoungGen: 7616K->496K(8192K)] 13575K->6455K(26112K), 0.0004150 secs] [Times: user=0.00 sys=0.00, real=0.00 secs] 
128.303: Total time for which application threads were stopped: 0.0005280 seconds, Stopping threads took: 0.0000490 seconds
128.342: Application time: 0.0393890 seconds
128.342: [GC [PSYoungGen: 7664K->480K(8192K)] 13623K->6439K(26112K), 0.0004360 secs] [Times: user=0.00 sys=0.00, real=0.00 secs] 
128.343: Total time for which application threads were stopped: 0.0005420 seconds, Stopping threads took: 0.0000430 seconds
128.382: Application time: 0.0388360 seconds
128.385: [GC [PSYoungGen: 7648K->528K(8192K)] 13607K->6487K(26112K), 0.0004350 secs] [Times: user=0.00 sys=0.00, real=0.00 secs] 
128.386: Total time for which application threads were stopped: 0.0038780 seconds, Stopping threads took: 0.0033780 seconds
128.424: Application time: 0.0388340 seconds
128.424: [GC [PSYoungGen: 7696K->512K(8192K)] 13655K->6471K(26112K), 0.0004090 secs] [Times: user=0.01 sys=0.00, real=0.00 secs] 
128.425: Total time for which application threads were stopped: 0.0005420 seconds, Stopping threads took: 0.0000620 seconds
128.464: Application time: 0.0389400 seconds
128.464: [GC [PSYoungGen: 7680K->496K(8192K)] 13639K->6455K(26112K), 0.0004210 secs] [Times: user=0.01 sys=0.00, real=0.00 secs] 
128.464: Total time for which application threads were stopped: 0.0005290 seconds, Stopping threads took: 0.0000470 seconds
128.503: Application time: 0.0389330 seconds
128.503: [GC [PSYoungGen: 7664K->368K(8192K)] 13623K->6447K(26112K), 0.0004260 secs] [Times: user=0.00 sys=0.00, real=0.00 secs] 
128.504: Total time for which application threads were stopped: 0.0005370 seconds, Stopping threads took: 0.0000480 seconds
128.543: Application time: 0.0389390 seconds
128.543: [GC [PSYoungGen: 7536K->384K(8192K)] 13615K->6511K(26112K), 0.0004030 secs] [Times: user=0.00 sys=0.00, real=0.00 secs] 
128.543: Total time for which application threads were stopped: 0.0005120 seconds, Stopping threads took: 0.0000470 seconds
128.583: Application time: 0.0393620 seconds
128.583: [GC [PSYoungGen: 7552K->304K(8192K)] 13679K->6511K(26112K), 0.0004280 secs] [Times: user=0.00 sys=0.00, real=0.00 secs] 
128.583: Total time for which application threads were stopped: 0.0005410 seconds, Stopping threads took: 0.0000520 seconds
128.622: Application time: 0.0388490 seconds
128.622: [GC [PSYoungGen: 7472K->272K(8192K)] 13679K->6535K(26112K), 0.0003740 secs] [Times: user=0.00 sys=0.00, real=0.00 secs] 
128.623: Total time for which application threads were stopped: 0.0004870 seconds, Stopping threads took: 0.0000500 seconds
128.662: Application time: 0.0393490 seconds
128.662: [GC [PSYoungGen: 7440K->256K(8192K)] 13703K->6567K(26112K), 0.0004060 secs] [Times: user=0.00 sys=0.00, real=0.00 secs] 
128.662: Total time for which application threads were stopped: 0.0005320 seconds, Stopping threads took: 0.0000570 seconds
128.700: Application time: 0.0375690 seconds
128.700: [GC [PSYoungGen: 7424K->304K(8192K)] 13735K->6615K(26112K), 0.0003840 secs] [Times: user=0.00 sys=0.00, real=0.00 secs] 
128.700: Total time for which application threads were stopped: 0.0004960 seconds, Stopping threads took: 0.0000490 seconds
128.739: Application time: 0.0384580 seconds
128.739: [GC [PSYoungGen: 7472K->368K(8192K)] 13783K->6679K(26112K), 0.0003910 secs] [Times: user=0.00 sys=0.00, real=0.00 secs] 
128.739: Total time for which application threads were stopped: 0.0005080 seconds, Stopping threads took: 0.0000510 seconds
128.777: Application time: 0.0380270 seconds
128.778: [GC [PSYoungGen: 7536K->400K(8192K)] 13847K->6711K(26112K), 0.0004190 secs] [Times: user=0.00 sys=0.00, real=0.00 secs] 
128.778: Total time for which application threads were stopped: 0.0005370 seconds, Stopping threads took: 0.0000560 seconds
128.816: Application time: 0.0379390 seconds
128.816: [GC [PSYoungGen: 7568K->496K(8192K)] 13879K->6807K(26112K), 0.0004330 secs] [Times: user=0.00 sys=0.00, real=0.00 secs] 
128.817: Total time for which application threads were stopped: 0.0005380 seconds, Stopping threads took: 0.0000420 seconds
128.855: Application time: 0.0389660 seconds
128.856: [GC [PSYoungGen: 7664K->480K(8192K)] 13975K->6791K(26112K), 0.0004060 secs] [Times: user=0.00 sys=0.00, real=0.00 secs] 
128.856: Total time for which application threads were stopped: 0.0005140 seconds, Stopping threads took: 0.0000460 seconds
128.895: Application time: 0.0391770 seconds
128.895: [GC [PSYoungGen: 7648K->464K(8192K)] 13959K->6775K(26112K), 0.0004190 secs] [Times: user=0.00 sys=0.00, real=0.00 secs] 
128.896: Total time for which application threads were stopped: 0.0005300 seconds, Stopping threads took: 0.0000490 seconds
128.935: Application time: 0.0392610 seconds
128.937: [GC [PSYoungGen: 7632K->496K(8192K)] 13943K->6807K(26112K), 0.0004650 secs] [Times: user=0.00 sys=0.00, real=0.00 secs] 
128.938: Total time for which application threads were stopped: 0.0026150 seconds, Stopping threads took: 0.0020790 seconds
128.977: Application time: 0.0389470 seconds
128.977: [GC [PSYoungGen: 7664K->496K(8192K)] 13975K->6807K(26112K), 0.0004440 secs] [Times: user=0.00 sys=0.00, real=0.00 secs] 
128.977: Total time for which application threads were stopped: 0.0005830 seconds, Stopping threads took: 0.0000750 seconds
129.016: Application time: 0.0389530 seconds
129.016: [GC [PSYoungGen: 7664K->480K(8192K)] 13975K->6791K(26112K), 0.0005220 secs] [Times: user=0.00 sys=0.00, real=0.00 secs] 
129.017: Total time for which application threads were stopped: 0.0006340 seconds, Stopping threads took: 0.0000490 seconds
129.056: Application time: 0.0389250 seconds
129.056: [GC [PSYoungGen: 7648K->480K(8192K)] 13959K->6791K(26112K), 0.0004160 secs] [Times: user=0.00 sys=0.00, real=0.00 secs] 
129.056: Total time for which application threads were stopped: 0.0005320 seconds, Stopping threads took: 0.0000550 seconds
129.095: Application time: 0.0387830 seconds
129.095: [GC [PSYoungGen: 7648K->464K(8192K)] 13959K->6775K(26112K), 0.0004370 secs] [Times: user=0.00 sys=0.00, real=0.00 secs] 
129.095: Total time for which application threads were stopped: 0.0005560 seconds, Stopping threads took: 0.0000530 seconds
129.134: Application time: 0.0388820 seconds
129.134: [GC [PSYoungGen: 7632K->496K(8192K)] 13943K->6807K(26112K), 0.0004340 secs] [Times: user=0.00 sys=0.00, real=0.00 secs] 
129.135: Total time for which application threads were stopped: 0.0005390 seconds, Stopping threads took: 0.0000420 seconds
129.174: Application time: 0.0388800 seconds
129.174: [GC [PSYoungGen: 7664K->512K(8192K)] 13975K->6823K(26112K), 0.0004760 secs] [Times: user=0.00 sys=0.00, real=0.00 secs] 
129.174: Total time for which application threads were stopped: 0.0005860 seconds, Stopping threads took: 0.0000490 seconds
129.213: Application time: 0.0389410 seconds
129.217: [GC [PSYoungGen: 7680K->496K(8192K)] 13991K->6807K(26112K), 0.0004730 secs] [Times: user=0.00 sys=0.00, real=0.00 secs] 
129.218: Total time for which application threads were stopped: 0.0042190 seconds, Stopping threads took: 0.0036840 seconds
129.257: Application time: 0.0394270 seconds
129.257: [GC [PSYoungGen: 7664K->480K(8192K)] 13975K->6791K(26112K), 0.0004640 secs] [Times: user=0.00 sys=0.00, real=0.00 secs] 
129.258: Total time for which application threads were stopped: 0.0005820 seconds, Stopping threads took: 0.0000530 seconds
129.296: Application time: 0.0388610 seconds
129.297: [GC [PSYoungGen: 7648K->352K(8192K)] 13959K->6776K(26112K), 0.0004230 secs] [Times: user=0.00 sys=0.00, real=0.00 secs] 
129.297: Total time for which application threads were stopped: 0.0005330 seconds, Stopping threads took: 0.0000470 seconds
129.336: Application time: 0.0391730 seconds
129.336: [GC [PSYoungGen: 7520K->336K(8192K)] 13944K->6808K(26112K), 0.0004020 secs] [Times: user=0.00 sys=0.00, real=0.00 secs] 
129.337: Total time for which application threads were stopped: 0.0005150 seconds, Stopping threads took: 0.0000530 seconds
129.376: Application time: 0.0389290 seconds
129.377: [GC [PSYoungGen: 7504K->288K(8192K)] 13976K->6848K(26112K), 0.0004080 secs] [Times: user=0.00 sys=0.00, real=0.00 secs] 
129.377: Total time for which application threads were stopped: 0.0019130 seconds, Stopping threads took: 0.0014420 seconds
129.417: Application time: 0.0390570 seconds
129.417: [GC [PSYoungGen: 7456K->256K(8192K)] 14016K->6912K(26112K), 0.0003760 secs] [Times: user=0.00 sys=0.00, real=0.00 secs] 
129.417: Total time for which application threads were stopped: 0.0005030 seconds, Stopping threads took: 0.0000590 seconds
129.456: Application time: 0.0391370 seconds
129.456: [GC [PSYoungGen: 7424K->240K(8192K)] 14080K->6896K(26112K), 0.0004060 secs] [Times: user=0.00 sys=0.00, real=0.00 secs] 
129.457: Total time for which application threads were stopped: 0.0005160 seconds, Stopping threads took: 0.0000390 seconds
129.494: Application time: 0.0373530 seconds
129.494: [GC [PSYoungGen: 7408K->304K(8192K)] 14064K->6960K(26112K), 0.0003840 secs] [Times: user=0.00 sys=0.00, real=0.00 secs] 
129.495: Total time for which application threads were stopped: 0.0004940 seconds, Stopping threads took: 0.0000460 seconds
129.532: Application time: 0.0378830 seconds
129.533: [GC [PSYoungGen: 7472K->368K(8192K)] 14128K->7024K(26112K), 0.0003950 secs] [Times: user=0.00 sys=0.00, real=0.00 secs] 
129.533: Total time for which application threads were stopped: 0.0005100 seconds, Stopping threads took: 0.0000510 seconds
129.571: Application time: 0.0382150 seconds
129.571: [GC [PSYoungGen: 7536K->432K(8192K)] 14192K->7088K(26112K), 0.0004240 secs] [Times: user=0.00 sys=0.00, real=0.00 secs] 
129.572: Total time for which application threads were stopped: 0.0005300 seconds, Stopping threads took: 0.0000430 seconds
129.610: Application time: 0.0383600 seconds
129.610: [GC [PSYoungGen: 7600K->528K(8192K)] 14256K->7184K(26112K), 0.0004320 secs] [Times: user=0.00 sys=0.00, real=0.00 secs] 
129.611: Total time for which application threads were stopped: 0.0005470 seconds, Stopping threads took: 0.0000520 seconds
129.650: Application time: 0.0392020 seconds
129.650: [GC [PSYoungGen: 7696K->480K(8192K)] 14352K->7136K(26112K), 0.0004860 secs] [Times: user=0.00 sys=0.00, real=0.00 secs] 
129.650: Total time for which application threads were stopped: 0.0006150 seconds, Stopping threads took: 0.0000570 seconds
129.690: Application time: 0.0393510 seconds
129.690: [GC [PSYoungGen: 7648K->528K(8192K)] 14304K->7184K(26112K), 0.0004430 secs] [Times: user=0.00 sys=0.00, real=0.00 secs] 
129.690: Total time for which application threads were stopped: 0.0005540 seconds, Stopping threads took: 0.0000440 seconds
129.732: Application time: 0.0413860 seconds
129.732: [GC [PSYoungGen: 7696K->480K(8192K)] 14352K->7136K(26112K), 0.0004410 secs] [Times: user=0.00 sys=0.00, real=0.00 secs] 
129.732: Total time for which application threads were stopped: 0.0005670 seconds, Stopping threads took: 0.0000580 seconds
129.771: Application time: 0.0390100 seconds
129.771: [GC [PSYoungGen: 7648K->496K(8192K)] 14304K->7152K(26112K), 0.0004320 secs] [Times: user=0.00 sys=0.00, real=0.00 secs] 
129.772: Total time for which application threads were stopped: 0.0005450 seconds, Stopping threads took: 0.0000490 seconds
129.811: Application time: 0.0390140 seconds
129.811: [GC [PSYoungGen: 7664K->496K(8192K)] 14320K->7152K(26112K), 0.0004250 secs] [Times: user=0.01 sys=0.00, real=0.00 secs] 
129.811: Total time for which application threads were stopped: 0.0005360 seconds, Stopping threads took: 0.0000460 seconds
129.851: Application time: 0.0392140 seconds
129.851: [GC [PSYoungGen: 7664K->512K(8192K)] 14320K->7168K(26112K), 0.0004170 secs] [Times: user=0.00 sys=0.00, real=0.00 secs] 
129.851: Total time for which application threads were stopped: 0.0005350 seconds, Stopping threads took: 0.0000570 seconds
129.890: Application time: 0.0387480 seconds
129.890: [GC [PSYoungGen: 7680K->496K(8192K)] 14336K->7152K(26112K), 0.0004170 secs] [Times: user=0.00 sys=0.00, real=0.00 secs] 
129.890: Total time for which application threads were stopped: 0.0005270 seconds, Stopping threads took: 0.0000490 seconds
129.929: Application time: 0.0388950 seconds
129.929: [GC [PSYoungGen: 7664K->528K(8192K)] 14320K->7184K(26112K), 0.0004420 secs] [Times: user=0.00 sys=0.00, real=0.00 secs] 
129.930: Total time for which application threads were stopped: 0.0005500 seconds, Stopping threads took: 0.0000450 seconds
129.969: Application time: 0.0388570 seconds
129.969: [GC [PSYoungGen: 7696K->496K(8192K)] 14352K->7152K(26112K), 0.0004330 secs] [Times: user=0.00 sys=0.00, real=0.01 secs] 
129.969: Total time for which application threads were stopped: 0.0005550 seconds, Stopping threads took: 0.0000470 seconds
130.008: Application time: 0.0390070 seconds
130.008: [GC [PSYoungGen: 7664K->496K(8192K)] 14320K->7152K(26112K), 0.0004540 secs] [Times: user=0.00 sys=0.00, real=0.00 secs] 
130.009: Total time for which application threads were stopped: 0.0005740 seconds, Stopping threads took: 0.0000550 seconds
130.048: Application time: 0.0391710 seconds
130.048: [GC [PSYoungGen: 7664K->464K(8192K)] 14320K->7120K(26112K), 0.0004530 secs] [Times: user=0.00 sys=0.00, real=0.00 secs] 
130.049: Total time for which application threads were stopped: 0.0005640 seconds, Stopping threads took: 0.0000450 seconds
130.088: Application time: 0.0390850 seconds
130.088: [GC [PSYoungGen: 7632K->368K(8192K)] 14288K->7144K(26112K), 0.0004420 secs] [Times: user=0.01 sys=0.00, real=0.00 secs] 
130.088: Total time for which application threads were stopped: 0.0005530 seconds, Stopping threads took: 0.0000500 seconds
130.127: Application time: 0.0389550 seconds
130.127: [GC [PSYoungGen: 7536K->320K(8192K)] 14312K->7184K(26112K), 0.0004160 secs] [Times: user=0.00 sys=0.00, real=0.00 secs] 
130.128: Total time for which application threads were stopped: 0.0005260 seconds, Stopping threads took: 0.0000490 seconds
130.167: Application time: 0.0390610 seconds
130.167: [GC [PSYoungGen: 7488K->304K(8192K)] 14352K->7248K(26112K), 0.0004610 secs] [Times: user=0.00 sys=0.00, real=0.00 secs] 
130.168: Total time for which application threads were stopped: 0.0015660 seconds, Stopping threads took: 0.0000540 seconds
130.208: Application time: 0.0392050 seconds
130.208: [GC [PSYoungGen: 7472K->256K(8192K)] 14416K->7248K(26112K), 0.0003960 secs] [Times: user=0.00 sys=0.00, real=0.00 secs] 
130.208: Total time for which application threads were stopped: 0.0005050 seconds, Stopping threads took: 0.0000450 seconds
130.246: Application time: 0.0380450 seconds
130.246: [GC [PSYoungGen: 7424K->288K(8192K)] 14416K->7280K(26112K), 0.0003920 secs] [Times: user=0.00 sys=0.00, real=0.00 secs] 
130.247: Total time for which application threads were stopped: 0.0005420 seconds, Stopping threads took: 0.0000820 seconds
130.285: Application time: 0.0386560 seconds
130.285: [GC [PSYoungGen: 7456K->288K(8192K)] 14448K->7280K(26112K), 0.0004210 secs] [Times: user=0.00 sys=0.00, real=0.00 secs] 
130.286: Total time for which application threads were stopped: 0.0005330 seconds, Stopping threads took: 0.0000490 seconds
130.324: Application time: 0.0382860 seconds
130.324: [GC [PSYoungGen: 7456K->416K(8192K)] 14448K->7408K(26112K), 0.0004080 secs] [Times: user=0.00 sys=0.00, real=0.00 secs] 
130.325: Total time for which application threads were stopped: 0.0005270 seconds, Stopping threads took: 0.0000570 seconds
130.362: Application time: 0.0376960 seconds
130.362: [GC [PSYoungGen: 7584K->480K(8192K)] 14576K->7472K(26112K), 0.0004180 secs] [Times: user=0.00 sys=0.00, real=0.00 secs] 
130.363: Total time for which application threads were stopped: 0.0005290 seconds, Stopping threads took: 0.0000490 seconds
130.402: Application time: 0.0386780 seconds
130.402: [GC [PSYoungGen: 7648K->512K(8192K)] 14640K->7504K(26112K), 0.0004810 secs] [Times: user=0.00 sys=0.00, real=0.00 secs] 
130.402: Total time for which application threads were stopped: 0.0005860 seconds, Stopping threads took: 0.0000430 seconds
130.441: Application time: 0.0390350 seconds
130.441: [GC [PSYoungGen: 7680K->528K(8192K)] 14672K->7520K(26112K), 0.0004370 secs] [Times: user=0.01 sys=0.00, real=0.00 secs] 
130.442: Total time for which application threads were stopped: 0.0005500 seconds, Stopping threads took: 0.0000500 seconds
130.481: Application time: 0.0389790 seconds
130.485: [GC [PSYoungGen: 7696K->496K(8192K)] 14688K->7488K(26112K), 0.0004860 secs] [Times: user=0.00 sys=0.00, real=0.00 secs] 
130.486: Total time for which application threads were stopped: 0.0048600 seconds, Stopping threads took: 0.0043040 seconds
130.525: Application time: 0.0394060 seconds
130.525: [GC [PSYoungGen: 7664K->464K(8192K)] 14656K->7456K(26112K), 0.0004330 secs] [Times: user=0.00 sys=0.00, real=0.00 secs] 
130.526: Total time for which application threads were stopped: 0.0005380 seconds, Stopping threads took: 0.0000390 seconds
130.565: Application time: 0.0398210 seconds
130.566: [GC [PSYoungGen: 7632K->528K(8192K)] 14624K->7520K(26112K), 0.0005910 secs] [Times: user=0.01 sys=0.00, real=0.00 secs] 
130.567: Total time for which application threads were stopped: 0.0015360 seconds, Stopping threads took: 0.0008670 seconds
130.612: Application time: 0.0447840 seconds
130.612: [GC [PSYoungGen: 7696K->528K(8192K)] 14688K->7520K(26112K), 0.0005170 secs] [Times: user=0.00 sys=0.00, real=0.00 secs] 
130.612: Total time for which application threads were stopped: 0.0006680 seconds, Stopping threads took: 0.0000740 seconds
130.653: Application time: 0.0410990 seconds
130.654: [GC [PSYoungGen: 7695K->448K(8192K)] 14688K->7440K(26112K), 0.0005660 secs] [Times: user=0.00 sys=0.00, real=0.00 secs] 
130.654: Total time for which application threads were stopped: 0.0007070 seconds, Stopping threads took: 0.0000650 seconds
130.693: Application time: 0.0390360 seconds
130.693: [GC [PSYoungGen: 7616K->528K(8192K)] 14608K->7520K(26112K), 0.0004330 secs] [Times: user=0.00 sys=0.00, real=0.00 secs] 
130.694: Total time for which application threads were stopped: 0.0005490 seconds, Stopping threads took: 0.0000510 seconds
130.733: Application time: 0.0389330 seconds
130.733: [GC [PSYoungGen: 7696K->464K(8192K)] 14688K->7456K(26112K), 0.0004420 secs] [Times: user=0.01 sys=0.00, real=0.00 secs] 
130.733: Total time for which application threads were stopped: 0.0005530 seconds, Stopping threads took: 0.0000480 seconds
130.772: Application time: 0.0388400 seconds
130.772: [GC [PSYoungGen: 7632K->512K(8192K)] 14624K->7504K(26112K), 0.0004310 secs] [Times: user=0.00 sys=0.00, real=0.00 secs] 
130.773: Total time for which application threads were stopped: 0.0005460 seconds, Stopping threads took: 0.0000550 seconds
130.812: Application time: 0.0391600 seconds
130.812: [GC [PSYoungGen: 7680K->480K(8192K)] 14672K->7472K(26112K), 0.0004280 secs] [Times: user=0.00 sys=0.00, real=0.00 secs] 
130.812: Total time for which application threads were stopped: 0.0005440 seconds, Stopping threads took: 0.0000520 seconds
130.851: Application time: 0.0389290 seconds
130.851: [GC [PSYoungGen: 7648K->400K(8192K)] 14640K->7488K(26112K), 0.0004180 secs] [Times: user=0.00 sys=0.00, real=0.00 secs] 
130.852: Total time for which application threads were stopped: 0.0005320 seconds, Stopping threads took: 0.0000490 seconds
130.891: Application time: 0.0389180 seconds
130.891: [GC [PSYoungGen: 7568K->400K(8192K)] 14656K->7536K(26112K), 0.0003960 secs] [Times: user=0.01 sys=0.00, real=0.00 secs] 
130.891: Total time for which application threads were stopped: 0.0004990 seconds, Stopping threads took: 0.0000420 seconds
130.930: Application time: 0.0389510 seconds
130.930: [GC [PSYoungGen: 7568K->352K(8192K)] 14704K->7584K(26112K), 0.0003960 secs] [Times: user=0.00 sys=0.00, real=0.00 secs] 
130.931: Total time for which application threads were stopped: 0.0005050 seconds, Stopping threads took: 0.0000480 seconds
130.970: Application time: 0.0394310 seconds
130.970: [GC [PSYoungGen: 7520K->288K(8192K)] 14752K->7604K(26112K), 0.0004150 secs] [Times: user=0.01 sys=0.00, real=0.00 secs] 
130.971: Total time for which application threads were stopped: 0.0005300 seconds, Stopping threads took: 0.0000530 seconds
131.010: Application time: 0.0388960 seconds
131.010: [GC [PSYoungGen: 7456K->288K(8192K)] 14772K->7652K(26112K), 0.0003760 secs] [Times: user=0.00 sys=0.00, real=0.00 secs] 
131.010: Total time for which application threads were stopped: 0.0004940 seconds, Stopping threads took: 0.0000490 seconds
131.048: Application time: 0.0380600 seconds
131.048: [GC [PSYoungGen: 7456K->272K(8192K)] 14820K->7636K(26112K), 0.0003960 secs] [Times: user=0.00 sys=0.00, real=0.00 secs] 
131.049: Total time for which application threads were stopped: 0.0005110 seconds, Stopping threads took: 0.0000440 seconds
131.086: Application time: 0.0375580 seconds
131.086: [GC [PSYoungGen: 7440K->368K(8192K)] 14804K->7732K(26112K), 0.0004310 secs] [Times: user=0.00 sys=0.00, real=0.00 secs] 
131.087: Total time for which application threads were stopped: 0.0005430 seconds, Stopping threads took: 0.0000470 seconds
131.126: Application time: 0.0390210 seconds
131.126: [GC [PSYoungGen: 7536K->352K(8192K)] 14900K->7716K(26112K), 0.0004100 secs] [Times: user=0.00 sys=0.00, real=0.00 secs] 
131.126: Total time for which application threads were stopped: 0.0005260 seconds, Stopping threads took: 0.0000500 seconds
131.164: Application time: 0.0380730 seconds
131.164: [GC [PSYoungGen: 7520K->432K(8192K)] 14884K->7796K(26112K), 0.0004470 secs] [Times: user=0.00 sys=0.00, real=0.00 secs] 
131.165: Total time for which application threads were stopped: 0.0005540 seconds, Stopping threads took: 0.0000470 seconds
131.204: Application time: 0.0387720 seconds
131.204: [GC [PSYoungGen: 7600K->496K(8192K)] 14964K->7860K(26112K), 0.0004250 secs] [Times: user=0.00 sys=0.00, real=0.00 secs] 
131.204: Total time for which application threads were stopped: 0.0005350 seconds, Stopping threads took: 0.0000480 seconds
131.243: Application time: 0.0389370 seconds
131.243: [GC [PSYoungGen: 7664K->464K(8192K)] 15028K->7828K(26112K), 0.0004300 secs] [Times: user=0.00 sys=0.00, real=0.00 secs] 
131.244: Total time for which application threads were stopped: 0.0005430 seconds, Stopping threads took: 0.0000520 seconds
131.283: Application time: 0.0388800 seconds
131.283: [GC [PSYoungGen: 7632K->512K(8192K)] 14996K->7876K(26112K), 0.0004170 secs] [Times: user=0.00 sys=0.00, real=0.00 secs] 
131.283: Total time for which application threads were stopped: 0.0005280 seconds, Stopping threads took: 0.0000480 seconds
131.322: Application time: 0.0390050 seconds
131.322: [GC [PSYoungGen: 7680K->496K(8192K)] 15044K->7860K(26112K), 0.0004250 secs] [Times: user=0.00 sys=0.00, real=0.00 secs] 
131.323: Total time for which application threads were stopped: 0.0005400 seconds, Stopping threads took: 0.0000520 seconds
131.361: Application time: 0.0388050 seconds
131.362: [GC [PSYoungGen: 7664K->512K(8192K)] 15028K->7876K(26112K), 0.0004240 secs] [Times: user=0.01 sys=0.00, real=0.00 secs] 
131.362: Total time for which application threads were stopped: 0.0005380 seconds, Stopping threads took: 0.0000520 seconds
131.401: Application time: 0.0390120 seconds
131.401: [GC [PSYoungGen: 7680K->544K(8192K)] 15044K->7908K(26112K), 0.0004220 secs] [Times: user=0.00 sys=0.00, real=0.00 secs] 
131.402: Total time for which application threads were stopped: 0.0005400 seconds, Stopping threads took: 0.0000550 seconds
131.440: Application time: 0.0388510 seconds
131.440: [GC [PSYoungGen: 7712K->480K(8192K)] 15076K->7844K(26112K), 0.0004320 secs] [Times: user=0.00 sys=0.00, real=0.00 secs] 
131.441: Total time for which application threads were stopped: 0.0005440 seconds, Stopping threads took: 0.0000520 seconds
131.479: Application time: 0.0384670 seconds
131.479: [GC [PSYoungGen: 7648K->512K(8192K)] 15012K->7876K(26112K), 0.0004030 secs] [Times: user=0.00 sys=0.00, real=0.00 secs] 
131.480: Total time for which application threads were stopped: 0.0005060 seconds, Stopping threads took: 0.0000430 seconds
131.519: Application time: 0.0391490 seconds
131.519: [GC [PSYoungGen: 7680K->544K(8192K)] 15044K->7908K(26112K), 0.0004220 secs] [Times: user=0.00 sys=0.00, real=0.00 secs] 
131.520: Total time for which application threads were stopped: 0.0005470 seconds, Stopping threads took: 0.0000560 seconds
131.559: Application time: 0.0389890 seconds
131.559: [GC [PSYoungGen: 7712K->496K(8192K)] 15076K->7860K(26112K), 0.0004220 secs] [Times: user=0.00 sys=0.00, real=0.00 secs] 
131.559: Total time for which application threads were stopped: 0.0005340 seconds, Stopping threads took: 0.0000500 seconds
131.598: Application time: 0.0387980 seconds
131.598: [GC [PSYoungGen: 7664K->512K(8192K)] 15028K->7876K(26112K), 0.0004610 secs] [Times: user=0.00 sys=0.00, real=0.00 secs] 
131.599: Total time for which application threads were stopped: 0.0005730 seconds, Stopping threads took: 0.0000430 seconds
131.638: Application time: 0.0393630 seconds
131.639: [GC [PSYoungGen: 7680K->432K(8192K)] 15044K->7884K(26112K), 0.0005250 secs] [Times: user=0.00 sys=0.00, real=0.00 secs] 
131.639: Total time for which application threads were stopped: 0.0015920 seconds, Stopping threads took: 0.0009860 seconds
131.678: Application time: 0.0388840 seconds
131.678: [GC [PSYoungGen: 7600K->336K(8192K)] 15052K->7916K(26112K), 0.0004300 secs] [Times: user=0.00 sys=0.00, real=0.00 secs] 
131.679: Total time for which application threads were stopped: 0.0005520 seconds, Stopping threads took: 0.0000560 seconds
131.718: Application time: 0.0389870 seconds
131.718: [GC [PSYoungGen: 7504K->336K(8192K)] 15084K->7916K(26112K), 0.0004030 secs] [Times: user=0.00 sys=0.00, real=0.00 secs] 
131.718: Total time for which application threads were stopped: 0.0005060 seconds, Stopping threads took: 0.0000410 seconds
131.757: Application time: 0.0390830 seconds
131.758: [GC [PSYoungGen: 7504K->272K(8192K)] 15084K->7948K(26112K), 0.0003940 secs] [Times: user=0.00 sys=0.00, real=0.00 secs] 
131.758: Total time for which application threads were stopped: 0.0005100 seconds, Stopping threads took: 0.0000530 seconds
131.797: Application time: 0.0392570 seconds
131.797: [GC [PSYoungGen: 7440K->272K(8192K)] 15116K->8016K(26112K), 0.0003720 secs] [Times: user=0.00 sys=0.00, real=0.00 secs] 
131.798: Total time for which application threads were stopped: 0.0004890 seconds, Stopping threads took: 0.0000530 seconds
131.835: Application time: 0.0372240 seconds
131.835: [GC [PSYoungGen: 7440K->336K(8192K)] 15184K->8080K(26112K), 0.0003980 secs] [Times: user=0.00 sys=0.00, real=0.00 secs] 
131.835: Total time for which application threads were stopped: 0.0005170 seconds, Stopping threads took: 0.0000520 seconds
131.874: Application time: 0.0381130 seconds
131.874: [GC [PSYoungGen: 7504K->336K(8192K)] 15248K->8080K(26112K), 0.0004140 secs] [Times: user=0.00 sys=0.00, real=0.00 secs] 
131.874: Total time for which application threads were stopped: 0.0005340 seconds, Stopping threads took: 0.0000560 seconds
131.913: Application time: 0.0384230 seconds
131.913: [GC [PSYoungGen: 7504K->432K(8192K)] 15248K->8176K(26112K), 0.0004510 secs] [Times: user=0.00 sys=0.00, real=0.00 secs] 
131.913: Total time for which application threads were stopped: 0.0005700 seconds, Stopping threads took: 0.0000550 seconds
131.951: Application time: 0.0379130 seconds
131.951: [GC [PSYoungGen: 7600K->496K(8192K)] 15344K->8240K(26112K), 0.0004700 secs] [Times: user=0.00 sys=0.00, real=0.00 secs] 
131.952: Total time for which application threads were stopped: 0.0005770 seconds, Stopping threads took: 0.0000410 seconds
131.991: Application time: 0.0391700 seconds
131.991: [GC [PSYoungGen: 7664K->496K(8192K)] 15408K->8240K(26112K), 0.0004190 secs] [Times: user=0.00 sys=0.00, real=0.00 secs] 
131.991: Total time for which application threads were stopped: 0.0005310 seconds, Stopping threads took: 0.0000510 seconds
132.030: Application time: 0.0390280 seconds
132.030: [GC [PSYoungGen: 7664K->528K(8192K)] 15408K->8272K(26112K), 0.0004240 secs] [Times: user=0.00 sys=0.00, real=0.00 secs] 
132.031: Total time for which application threads were stopped: 0.0005420 seconds, Stopping threads took: 0.0000460 seconds
132.070: Application time: 0.0391230 seconds
132.070: [GC [PSYoungGen: 7696K->496K(8192K)] 15440K->8240K(26112K), 0.0004480 secs] [Times: user=0.00 sys=0.00, real=0.00 secs] 
132.071: Total time for which application threads were stopped: 0.0005570 seconds, Stopping threads took: 0.0000460 seconds
132.110: Application time: 0.0391750 seconds
132.110: [GC [PSYoungGen: 7664K->464K(8192K)] 15408K->8208K(26112K), 0.0004400 secs] [Times: user=0.00 sys=0.00, real=0.00 secs] 
132.110: Total time for which application threads were stopped: 0.0005550 seconds, Stopping threads took: 0.0000530 seconds
132.150: Application time: 0.0393400 seconds
132.150: [GC [PSYoungGen: 7632K->448K(8192K)] 15376K->8192K(26112K), 0.0004560 secs] [Times: user=0.00 sys=0.00, real=0.00 secs] 
132.150: Total time for which application threads were stopped: 0.0005690 seconds, Stopping threads took: 0.0000500 seconds
132.189: Application time: 0.0390280 seconds
132.189: [GC [PSYoungGen: 7616K->512K(8192K)] 15360K->8256K(26112K), 0.0004300 secs] [Times: user=0.01 sys=0.00, real=0.00 secs] 
132.190: Total time for which application threads were stopped: 0.0005440 seconds, Stopping threads took: 0.0000520 seconds
132.229: Application time: 0.0387330 seconds
132.229: [GC [PSYoungGen: 7680K->528K(8192K)] 15424K->8272K(26112K), 0.0004370 secs] [Times: user=0.00 sys=0.00, real=0.01 secs] 
132.229: Total time for which application threads were stopped: 0.0005490 seconds, Stopping threads took: 0.0000460 seconds
132.268: Application time: 0.0388290 seconds
132.268: [GC [PSYoungGen: 7696K->528K(8192K)] 15440K->8272K(26112K), 0.0004110 secs] [Times: user=0.00 sys=0.00, real=0.00 secs] 
132.268: Total time for which application threads were stopped: 0.0005280 seconds, Stopping threads took: 0.0000550 seconds
132.307: Application time: 0.0388720 seconds
132.307: [GC [PSYoungGen: 7696K->512K(8192K)] 15440K->8256K(26112K), 0.0004260 secs] [Times: user=0.00 sys=0.00, real=0.00 secs] 
132.308: Total time for which application threads were stopped: 0.0005330 seconds, Stopping threads took: 0.0000480 seconds
132.347: Application time: 0.0386520 seconds
132.347: [GC [PSYoungGen: 7680K->496K(8192K)] 15424K->8240K(26112K), 0.0004600 secs] [Times: user=0.00 sys=0.00, real=0.00 secs] 
132.347: Total time for which application threads were stopped: 0.0005680 seconds, Stopping threads took: 0.0000460 seconds
132.386: Application time: 0.0391420 seconds
132.386: [GC [PSYoungGen: 7664K->496K(8192K)] 15408K->8240K(26112K), 0.0004260 secs] [Times: user=0.01 sys=0.00, real=0.00 secs] 
132.387: Total time for which application threads were stopped: 0.0005330 seconds, Stopping threads took: 0.0000450 seconds
132.426: Application time: 0.0388710 seconds
132.426: [GC [PSYoungGen: 7664K->400K(8192K)] 15408K->8249K(26112K), 0.0004590 secs] [Times: user=0.00 sys=0.00, real=0.00 secs] 
132.426: Total time for which application threads were stopped: 0.0005680 seconds, Stopping threads took: 0.0000460 seconds
132.465: Application time: 0.0388410 seconds
132.465: [GC [PSYoungGen: 7568K->320K(8192K)] 15417K->8257K(26112K), 0.0004390 secs] [Times: user=0.00 sys=0.00, real=0.00 secs] 
132.466: Total time for which application threads were stopped: 0.0005530 seconds, Stopping threads took: 0.0000510 seconds
132.504: Application time: 0.0388760 seconds
132.505: [GC [PSYoungGen: 7488K->320K(8192K)] 15425K->8313K(26112K), 0.0003840 secs] [Times: user=0.00 sys=0.00, real=0.00 secs] 
132.505: Total time for which application threads were stopped: 0.0009980 seconds, Stopping threads took: 0.0005490 seconds
132.544: Application time: 0.0389100 seconds
132.544: [GC [PSYoungGen: 7488K->256K(8192K)] 15481K->8337K(26112K), 0.0003960 secs] [Times: user=0.00 sys=0.00, real=0.00 secs] 
132.545: Total time for which application threads were stopped: 0.0005070 seconds, Stopping threads took: 0.0000420 seconds
132.584: Application time: 0.0386900 seconds
132.584: [GC [PSYoungGen: 7424K->272K(8192K)] 15505K->8353K(26112K), 0.0003880 secs] [Times: user=0.00 sys=0.00, real=0.00 secs] 
132.584: Total time for which application threads were stopped: 0.0004880 seconds, Stopping threads took: 0.0000370 seconds
132.622: Application time: 0.0382630 seconds
132.622: [GC [PSYoungGen: 7440K->352K(8192K)] 15521K->8433K(26112K), 0.0003780 secs] [Times: user=0.00 sys=0.00, real=0.00 secs] 
132.623: Total time for which application threads were stopped: 0.0004910 seconds, Stopping threads took: 0.0000520 seconds
132.661: Application time: 0.0379150 seconds
132.661: [GC [PSYoungGen: 7520K->416K(8192K)] 15601K->8497K(26112K), 0.0004650 secs] [Times: user=0.00 sys=0.00, real=0.01 secs] 
132.661: Total time for which application threads were stopped: 0.0005910 seconds, Stopping threads took: 0.0000520 seconds
132.700: Application time: 0.0384720 seconds
132.700: [GC [PSYoungGen: 7584K->448K(8192K)] 15665K->8529K(26112K), 0.0004560 secs] [Times: user=0.00 sys=0.00, real=0.00 secs] 
132.700: Total time for which application threads were stopped: 0.0005710 seconds, Stopping threads took: 0.0000510 seconds
132.739: Application time: 0.0383390 seconds
132.739: [GC [PSYoungGen: 7616K->496K(8192K)] 15697K->8577K(26112K), 0.0004770 secs] [Times: user=0.00 sys=0.00, real=0.00 secs] 
132.739: Total time for which application threads were stopped: 0.0005940 seconds, Stopping threads took: 0.0000530 seconds
132.778: Application time: 0.0390340 seconds
132.778: [GC [PSYoungGen: 7664K->480K(8192K)] 15745K->8561K(26112K), 0.0004720 secs] [Times: user=0.00 sys=0.00, real=0.00 secs] 
132.779: Total time for which application threads were stopped: 0.0005790 seconds, Stopping threads took: 0.0000450 seconds
132.818: Application time: 0.0389230 seconds
132.818: [GC [PSYoungGen: 7648K->480K(8192K)] 15729K->8561K(26112K), 0.0005180 secs] [Times: user=0.00 sys=0.00, real=0.00 secs] 
132.818: Total time for which application threads were stopped: 0.0006320 seconds, Stopping threads took: 0.0000520 seconds
132.857: Application time: 0.0389150 seconds
132.857: [GC [PSYoungGen: 7648K->528K(8192K)] 15729K->8609K(26112K), 0.0004210 secs] [Times: user=0.00 sys=0.00, real=0.00 secs] 
132.858: Total time for which application threads were stopped: 0.0005360 seconds, Stopping threads took: 0.0000520 seconds
132.897: Application time: 0.0391780 seconds
132.897: [GC [PSYoungGen: 7696K->496K(8192K)] 15777K->8577K(26112K), 0.0004140 secs] [Times: user=0.00 sys=0.00, real=0.00 secs] 
132.898: Total time for which application threads were stopped: 0.0005150 seconds, Stopping threads took: 0.0000400 seconds
132.937: Application time: 0.0389110 seconds
132.937: [GC [PSYoungGen: 7664K->480K(8192K)] 15745K->8561K(26112K), 0.0004020 secs] [Times: user=0.00 sys=0.00, real=0.00 secs] 
132.937: Total time for which application threads were stopped: 0.0005140 seconds, Stopping threads took: 0.0000490 seconds
132.976: Application time: 0.0389000 seconds
132.976: [GC [PSYoungGen: 7648K->496K(8192K)] 15729K->8577K(26112K), 0.0005030 secs] [Times: user=0.00 sys=0.00, real=0.00 secs] 
132.977: Total time for which application threads were stopped: 0.0006080 seconds, Stopping threads took: 0.0000440 seconds
133.015: Application time: 0.0387700 seconds
133.015: [GC [PSYoungGen: 7664K->496K(8192K)] 15745K->8577K(26112K), 0.0004560 secs] [Times: user=0.00 sys=0.00, real=0.00 secs] 
133.016: Total time for which application threads were stopped: 0.0005690 seconds, Stopping threads took: 0.0000530 seconds
133.055: Application time: 0.0388360 seconds
133.055: [GC [PSYoungGen: 7664K->496K(8192K)] 15745K->8577K(26112K), 0.0004220 secs] [Times: user=0.00 sys=0.00, real=0.00 secs] 
133.055: Total time for which application threads were stopped: 0.0005490 seconds, Stopping threads took: 0.0000530 seconds
133.094: Application time: 0.0388600 seconds
133.094: [GC [PSYoungGen: 7664K->480K(8192K)] 15745K->8561K(26112K), 0.0004350 secs] [Times: user=0.00 sys=0.00, real=0.00 secs] 
133.095: Total time for which application threads were stopped: 0.0005400 seconds, Stopping threads took: 0.0000410 seconds
133.134: Application time: 0.0388190 seconds
133.134: [GC [PSYoungGen: 7648K->512K(8192K)] 15729K->8593K(26112K), 0.0004240 secs] [Times: user=0.00 sys=0.00, real=0.00 secs] 
133.134: Total time for which application threads were stopped: 0.0005360 seconds, Stopping threads took: 0.0000460 seconds
133.173: Application time: 0.0388320 seconds
133.173: [GC [PSYoungGen: 7680K->480K(8192K)] 15761K->8617K(26112K), 0.0004240 secs] [Times: user=0.00 sys=0.01, real=0.00 secs] 
133.173: Total time for which application threads were stopped: 0.0005330 seconds, Stopping threads took: 0.0000470 seconds
133.213: Application time: 0.0390920 seconds
133.213: [GC [PSYoungGen: 7648K->384K(8192K)] 15785K->8593K(26112K), 0.0004390 secs] [Times: user=0.00 sys=0.00, real=0.00 secs] 
133.213: Total time for which application threads were stopped: 0.0005570 seconds, Stopping threads took: 0.0000460 seconds
133.252: Application time: 0.0390760 seconds
133.252: [GC [PSYoungGen: 7552K->336K(8192K)] 15761K->8625K(26112K), 0.0004060 secs] [Times: user=0.00 sys=0.00, real=0.00 secs] 
133.253: Total time for which application threads were stopped: 0.0005190 seconds, Stopping threads took: 0.0000500 seconds
133.292: Application time: 0.0389150 seconds
133.292: [GC [PSYoungGen: 7504K->304K(8192K)] 15793K->8641K(26112K), 0.0004230 secs] [Times: user=0.00 sys=0.00, real=0.00 secs] 
133.292: Total time for which application threads were stopped: 0.0005490 seconds, Stopping threads took: 0.0000650 seconds
133.331: Application time: 0.0389180 seconds
133.331: [GC [PSYoungGen: 7472K->256K(8192K)] 15809K->8681K(26112K), 0.0003770 secs] [Times: user=0.00 sys=0.00, real=0.00 secs] 
133.332: Total time for which application threads were stopped: 0.0004900 seconds, Stopping threads took: 0.0000510 seconds
133.370: Application time: 0.0384500 seconds
133.370: [GC [PSYoungGen: 7424K->288K(8192K)] 15849K->8713K(26112K), 0.0003830 secs] [Times: user=0.00 sys=0.00, real=0.00 secs] 
133.371: Total time for which application threads were stopped: 0.0004990 seconds, Stopping threads took: 0.0000530 seconds
133.409: Application time: 0.0380170 seconds
133.409: [GC [PSYoungGen: 7456K->368K(8192K)] 15881K->8793K(26112K), 0.0004040 secs] [Times: user=0.00 sys=0.00, real=0.01 secs] 
133.409: Total time for which application threads were stopped: 0.0005110 seconds, Stopping threads took: 0.0000450 seconds
133.447: Application time: 0.0384440 seconds
133.448: [GC [PSYoungGen: 7536K->400K(8192K)] 15961K->8825K(26112K), 0.0003840 secs] [Times: user=0.00 sys=0.00, real=0.00 secs] 
133.448: Total time for which application threads were stopped: 0.0004940 seconds, Stopping threads took: 0.0000460 seconds
133.486: Application time: 0.0380310 seconds
133.486: [GC [PSYoungGen: 7568K->448K(8192K)] 15993K->8873K(26112K), 0.0004250 secs] [Times: user=0.00 sys=0.00, real=0.00 secs] 
133.487: Total time for which application threads were stopped: 0.0005530 seconds, Stopping threads took: 0.0000660 seconds
133.525: Application time: 0.0383330 seconds
133.525: [GC [PSYoungGen: 7616K->512K(8192K)] 16041K->8937K(26112K), 0.0004240 secs] [Times: user=0.01 sys=0.00, real=0.00 secs] 
133.525: Total time for which application threads were stopped: 0.0005440 seconds, Stopping threads took: 0.0000530 seconds
133.565: Application time: 0.0391980 seconds
133.565: [GC [PSYoungGen: 7680K->464K(8192K)] 16105K->8889K(26112K), 0.0004600 secs] [Times: user=0.00 sys=0.00, real=0.00 secs] 
133.565: Total time for which application threads were stopped: 0.0005860 seconds, Stopping threads took: 0.0000530 seconds
133.604: Application time: 0.0389030 seconds
133.604: [GC [PSYoungGen: 7632K->480K(8192K)] 16057K->8905K(26112K), 0.0004490 secs] [Times: user=0.00 sys=0.00, real=0.00 secs] 
133.605: Total time for which application threads were stopped: 0.0005610 seconds, Stopping threads took: 0.0000490 seconds
133.644: Application time: 0.0397700 seconds
133.645: [GC [PSYoungGen: 7648K->464K(8192K)] 16073K->8889K(26112K), 0.0004850 secs] [Times: user=0.00 sys=0.00, real=0.00 secs] 
133.645: Total time for which application threads were stopped: 0.0006120 seconds, Stopping threads took: 0.0000550 seconds
133.684: Application time: 0.0389120 seconds
133.684: [GC [PSYoungGen: 7632K->512K(8192K)] 16057K->8937K(26112K), 0.0004330 secs] [Times: user=0.01 sys=0.00, real=0.00 secs] 
133.685: Total time for which application threads were stopped: 0.0005540 seconds, Stopping threads took: 0.0000560 seconds
133.723: Application time: 0.0389340 seconds
133.724: [GC [PSYoungGen: 7680K->480K(8192K)] 16105K->8905K(26112K), 0.0004210 secs] [Times: user=0.00 sys=0.00, real=0.00 secs] 
133.724: Total time for which application threads were stopped: 0.0005280 seconds, Stopping threads took: 0.0000440 seconds
133.763: Application time: 0.0388390 seconds
133.763: [GC [PSYoungGen: 7648K->480K(8192K)] 16073K->8905K(26112K), 0.0004480 secs] [Times: user=0.00 sys=0.00, real=0.00 secs] 
133.763: Total time for which application threads were stopped: 0.0005620 seconds, Stopping threads took: 0.0000480 seconds
133.802: Application time: 0.0388900 seconds
133.802: [GC [PSYoungGen: 7648K->512K(8192K)] 16073K->8937K(26112K), 0.0004170 secs] [Times: user=0.00 sys=0.00, real=0.00 secs] 
133.803: Total time for which application threads were stopped: 0.0005300 seconds, Stopping threads took: 0.0000490 seconds
133.842: Application time: 0.0388870 seconds
133.842: [GC [PSYoungGen: 7680K->480K(8192K)] 16105K->8905K(26112K), 0.0004190 secs] [Times: user=0.01 sys=0.00, real=0.00 secs] 
133.842: Total time for which application threads were stopped: 0.0005290 seconds, Stopping threads took: 0.0000480 seconds
133.881: Application time: 0.0388960 seconds
133.881: [GC [PSYoungGen: 7648K->496K(8192K)] 16073K->8921K(26112K), 0.0004220 secs] [Times: user=0.00 sys=0.00, real=0.00 secs] 
133.882: Total time for which application threads were stopped: 0.0005330 seconds, Stopping threads took: 0.0000500 seconds
133.921: Application time: 0.0389030 seconds
133.921: [GC [PSYoungGen: 7664K->496K(8192K)] 16089K->8921K(26112K), 0.0004190 secs] [Times: user=0.01 sys=0.00, real=0.01 secs] 
133.921: Total time for which application threads were stopped: 0.0005420 seconds, Stopping threads took: 0.0000600 seconds
133.960: Application time: 0.0389310 seconds
133.960: [GC [PSYoungGen: 7664K->432K(8192K)] 16089K->8937K(26112K), 0.0004220 secs] [Times: user=0.00 sys=0.00, real=0.00 secs] 
133.961: Total time for which application threads were stopped: 0.0005220 seconds, Stopping threads took: 0.0000370 seconds
134.000: Application time: 0.0389510 seconds
134.000: [GC [PSYoungGen: 7600K->336K(8192K)] 16105K->8945K(26112K), 0.0004050 secs] [Times: user=0.00 sys=0.00, real=0.00 secs] 
134.000: Total time for which application threads were stopped: 0.0005150 seconds, Stopping threads took: 0.0000480 seconds
134.039: Application time: 0.0391200 seconds
134.039: [GC [PSYoungGen: 7504K->320K(8192K)] 16113K->8985K(26112K), 0.0004120 secs] [Times: user=0.00 sys=0.00, real=0.00 secs] 
134.040: Total time for which application threads were stopped: 0.0005400 seconds, Stopping threads took: 0.0000640 seconds
134.079: Application time: 0.0388760 seconds
134.079: [GC [PSYoungGen: 7488K->272K(8192K)] 16153K->9033K(26112K), 0.0003930 secs] [Times: user=0.00 sys=0.00, real=0.00 secs] 
134.079: Total time for which application threads were stopped: 0.0005100 seconds, Stopping threads took: 0.0000490 seconds
134.118: Application time: 0.0388000 seconds
134.118: [GC [PSYoungGen: 7440K->240K(8192K)] 16201K->9049K(26112K), 0.0004000 secs] [Times: user=0.00 sys=0.00, real=0.00 secs] 
134.118: Total time for which application threads were stopped: 0.0005070 seconds, Stopping threads took: 0.0000450 seconds
134.156: Application time: 0.0379890 seconds
134.156: [GC [PSYoungGen: 7408K->288K(8192K)] 16217K->9097K(26112K), 0.0003710 secs] [Times: user=0.01 sys=0.00, real=0.00 secs] 
134.157: Total time for which application threads were stopped: 0.0004790 seconds, Stopping threads took: 0.0000470 seconds
134.195: Application time: 0.0378030 seconds
134.195: [GC [PSYoungGen: 7456K->336K(8192K)] 16265K->9145K(26112K), 0.0004130 secs] [Times: user=0.00 sys=0.00, real=0.00 secs] 
134.195: Total time for which application threads were stopped: 0.0005290 seconds, Stopping threads took: 0.0000540 seconds
134.233: Application time: 0.0381040 seconds
134.233: [GC [PSYoungGen: 7504K->448K(8192K)] 16313K->9257K(26112K), 0.0004790 secs] [Times: user=0.01 sys=0.00, real=0.00 secs] 
134.234: Total time for which application threads were stopped: 0.0005980 seconds, Stopping threads took: 0.0000530 seconds
134.273: Application time: 0.0386650 seconds
134.273: [GC [PSYoungGen: 7616K->448K(8192K)] 16425K->9257K(26112K), 0.0004140 secs] [Times: user=0.00 sys=0.00, real=0.00 secs] 
134.273: Total time for which application threads were stopped: 0.0005240 seconds, Stopping threads took: 0.0000480 seconds
134.312: Application time: 0.0384900 seconds
134.312: [GC [PSYoungGen: 7616K->480K(8192K)] 16425K->9289K(26112K), 0.0004450 secs] [Times: user=0.00 sys=0.00, real=0.00 secs] 
134.312: Total time for which application threads were stopped: 0.0005550 seconds, Stopping threads took: 0.0000490 seconds
134.351: Application time: 0.0390840 seconds
134.351: [GC [PSYoungGen: 7648K->528K(8192K)] 16457K->9337K(26112K), 0.0004110 secs] [Times: user=0.00 sys=0.00, real=0.00 secs] 
134.352: Total time for which application threads were stopped: 0.0005250 seconds, Stopping threads took: 0.0000510 seconds
134.391: Application time: 0.0389140 seconds
134.391: [GC [PSYoungGen: 7696K->512K(8192K)] 16505K->9321K(26112K), 0.0004480 secs] [Times: user=0.00 sys=0.00, real=0.00 secs] 
134.391: Total time for which application threads were stopped: 0.0005650 seconds, Stopping threads took: 0.0000540 seconds
134.431: Application time: 0.0393060 seconds
134.431: [GC [PSYoungGen: 7680K->496K(8192K)] 16489K->9305K(26112K), 0.0004600 secs] [Times: user=0.01 sys=0.00, real=0.00 secs] 
134.431: Total time for which application threads were stopped: 0.0005750 seconds, Stopping threads took: 0.0000500 seconds
134.470: Application time: 0.0393610 seconds
134.471: [GC [PSYoungGen: 7664K->480K(8192K)] 16473K->9289K(26112K), 0.0004220 secs] [Times: user=0.00 sys=0.00, real=0.00 secs] 
134.471: Total time for which application threads were stopped: 0.0005360 seconds, Stopping threads took: 0.0000510 seconds
134.510: Application time: 0.0389220 seconds
134.510: [GC [PSYoungGen: 7648K->496K(8192K)] 16457K->9305K(26112K), 0.0004690 secs] [Times: user=0.00 sys=0.00, real=0.00 secs] 
134.511: Total time for which application threads were stopped: 0.0005750 seconds, Stopping threads took: 0.0000430 seconds
134.549: Application time: 0.0388310 seconds
134.549: [GC [PSYoungGen: 7664K->480K(8192K)] 16473K->9289K(26112K), 0.0004150 secs] [Times: user=0.01 sys=0.00, real=0.00 secs] 
134.550: Total time for which application threads were stopped: 0.0005260 seconds, Stopping threads took: 0.0000450 seconds
134.589: Application time: 0.0388280 seconds
134.589: [GC [PSYoungGen: 7648K->480K(8192K)] 16457K->9289K(26112K), 0.0004240 secs] [Times: user=0.00 sys=0.00, real=0.01 secs] 
134.589: Total time for which application threads were stopped: 0.0005500 seconds, Stopping threads took: 0.0000500 seconds
134.628: Application time: 0.0388640 seconds
134.628: [GC [PSYoungGen: 7648K->480K(8192K)] 16457K->9289K(26112K), 0.0004570 secs] [Times: user=0.00 sys=0.00, real=0.00 secs] 
134.629: Total time for which application threads were stopped: 0.0005580 seconds, Stopping threads took: 0.0000360 seconds
134.668: Application time: 0.0388750 seconds
134.668: [GC [PSYoungGen: 7648K->496K(8192K)] 16457K->9305K(26112K), 0.0004520 secs] [Times: user=0.00 sys=0.00, real=0.00 secs] 
134.668: Total time for which application threads were stopped: 0.0005710 seconds, Stopping threads took: 0.0000510 seconds
134.707: Application time: 0.0388770 seconds
134.707: [GC [PSYoungGen: 7664K->512K(8192K)] 16473K->9321K(26112K), 0.0004370 secs] [Times: user=0.00 sys=0.00, real=0.00 secs] 
134.708: Total time for which application threads were stopped: 0.0005510 seconds, Stopping threads took: 0.0000500 seconds
134.748: Application time: 0.0400850 seconds
134.748: [GC [PSYoungGen: 7680K->432K(8192K)] 16489K->9321K(26112K), 0.0004410 secs] [Times: user=0.00 sys=0.00, real=0.00 secs] 
134.748: Total time for which application threads were stopped: 0.0005590 seconds, Stopping threads took: 0.0000540 seconds
134.787: Application time: 0.0389030 seconds
134.787: [GC [PSYoungGen: 7600K->336K(8192K)] 16489K->9321K(26112K), 0.0003970 secs] [Times: user=0.01 sys=0.00, real=0.00 secs] 
134.788: Total time for which application threads were stopped: 0.0005110 seconds, Stopping threads took: 0.0000490 seconds
134.827: Application time: 0.0389450 seconds
134.829: [GC [PSYoungGen: 7504K->288K(8192K)] 16489K->9353K(26112K), 0.0004400 secs] [Times: user=0.00 sys=0.00, real=0.00 secs] 
134.830: Total time for which application threads were stopped: 0.0029480 seconds, Stopping threads took: 0.0024370 seconds
134.868: Application time: 0.0389400 seconds
134.869: [GC [PSYoungGen: 7456K->272K(8192K)] 16521K->9385K(26112K), 0.0003920 secs] [Times: user=0.00 sys=0.00, real=0.00 secs] 
134.869: Total time for which application threads were stopped: 0.0005100 seconds, Stopping threads took: 0.0000540 seconds
134.908: Application time: 0.0388620 seconds
134.908: [GC [PSYoungGen: 7440K->256K(8192K)] 16553K->9417K(26112K), 0.0003740 secs] [Times: user=0.00 sys=0.00, real=0.00 secs] 
134.908: Total time for which application threads were stopped: 0.0004810 seconds, Stopping threads took: 0.0000450 seconds
134.947: Application time: 0.0382990 seconds
134.947: [GC [PSYoungGen: 7424K->336K(8192K)] 16585K->9497K(26112K), 0.0004080 secs] [Times: user=0.00 sys=0.00, real=0.00 secs] 
134.947: Total time for which application threads were stopped: 0.0005220 seconds, Stopping threads took: 0.0000540 seconds
134.985: Application time: 0.0373840 seconds
134.985: [GC [PSYoungGen: 7504K->432K(8192K)] 16665K->9593K(26112K), 0.0004040 secs] [Times: user=0.00 sys=0.00, real=0.00 secs] 
134.985: Total time for which application threads were stopped: 0.0005200 seconds, Stopping threads took: 0.0000520 seconds
135.024: Application time: 0.0386260 seconds
135.024: [GC [PSYoungGen: 7600K->464K(8192K)] 16761K->9625K(26112K), 0.0004060 secs] [Times: user=0.00 sys=0.00, real=0.00 secs] 
135.024: Total time for which application threads were stopped: 0.0005160 seconds, Stopping threads took: 0.0000480 seconds
135.056: Application time: 0.0315630 seconds
135.056: Total time for which application threads were stopped: 0.0000770 seconds, Stopping threads took: 0.0000480 seconds
135.063: Application time: 0.0067840 seconds
135.063: [GC [PSYoungGen: 7632K->432K(8192K)] 16793K->9593K(26112K), 0.0004210 secs] [Times: user=0.00 sys=0.00, real=0.00 secs] 
135.063: Total time for which application threads were stopped: 0.0005210 seconds, Stopping threads took: 0.0000490 seconds
135.103: Application time: 0.0399620 seconds
135.103: [GC [PSYoungGen: 7600K->448K(8192K)] 16761K->9609K(26112K), 0.0004130 secs] [Times: user=0.00 sys=0.00, real=0.00 secs] 
135.104: Total time for which application threads were stopped: 0.0005290 seconds, Stopping threads took: 0.0000460 seconds
135.143: Application time: 0.0397850 seconds
135.144: [GC [PSYoungGen: 7616K->432K(8192K)] 16777K->9593K(26112K), 0.0004510 secs] [Times: user=0.00 sys=0.00, real=0.00 secs] 
135.144: Total time for which application threads were stopped: 0.0005530 seconds, Stopping threads took: 0.0000420 seconds
135.184: Application time: 0.0399490 seconds
135.184: [GC [PSYoungGen: 7600K->448K(8192K)] 16761K->9609K(26112K), 0.0004560 secs] [Times: user=0.00 sys=0.00, real=0.00 secs] 
135.186: Total time for which application threads were stopped: 0.0016200 seconds, Stopping threads took: 0.0000310 seconds
135.225: Application time: 0.0397090 seconds
135.225: [GC [PSYoungGen: 7616K->416K(8192K)] 16777K->9577K(26112K), 0.0005720 secs] [Times: user=0.00 sys=0.00, real=0.00 secs] 
135.226: Total time for which application threads were stopped: 0.0006670 seconds, Stopping threads took: 0.0000340 seconds
135.266: Application time: 0.0398110 seconds
135.266: [GC [PSYoungGen: 7584K->416K(8192K)] 16745K->9577K(26112K), 0.0004790 secs] [Times: user=0.00 sys=0.00, real=0.00 secs] 
135.266: Total time for which application threads were stopped: 0.0006420 seconds, Stopping threads took: 0.0000830 seconds
135.306: Application time: 0.0394320 seconds
135.306: [GC [PSYoungGen: 7584K->464K(8192K)] 16745K->9625K(26112K), 0.0004370 secs] [Times: user=0.00 sys=0.00, real=0.00 secs] 
135.306: Total time for which application threads were stopped: 0.0005500 seconds, Stopping threads took: 0.0000510 seconds
135.346: Application time: 0.0396900 seconds
135.346: [GC [PSYoungGen: 7632K->464K(8192K)] 16793K->9625K(26112K), 0.0004070 secs] [Times: user=0.00 sys=0.00, real=0.00 secs] 
135.347: Total time for which application threads were stopped: 0.0005310 seconds, Stopping threads took: 0.0000560 seconds
135.386: Application time: 0.0394340 seconds
135.386: [GC [PSYoungGen: 7632K->480K(8192K)] 16793K->9641K(26112K), 0.0004570 secs] [Times: user=0.01 sys=0.00, real=0.00 secs] 
135.387: Total time for which application threads were stopped: 0.0005640 seconds, Stopping threads took: 0.0000460 seconds
135.427: Application time: 0.0400040 seconds
135.427: [GC [PSYoungGen: 7648K->448K(8192K)] 16809K->9609K(26112K), 0.0004020 secs] [Times: user=0.00 sys=0.00, real=0.00 secs] 
135.427: Total time for which application threads were stopped: 0.0005250 seconds, Stopping threads took: 0.0000610 seconds
135.466: Application time: 0.0393230 seconds
135.467: [GC [PSYoungGen: 7616K->432K(8192K)] 16777K->9593K(26112K), 0.0004520 secs] [Times: user=0.00 sys=0.00, real=0.00 secs] 
135.467: Total time for which application threads were stopped: 0.0005820 seconds, Stopping threads took: 0.0000640 seconds
135.507: Application time: 0.0400210 seconds
135.507: [GC [PSYoungGen: 7600K->400K(8192K)] 16761K->9561K(26112K), 0.0004020 secs] [Times: user=0.01 sys=0.00, real=0.00 secs] 
135.508: Total time for which application threads were stopped: 0.0005380 seconds, Stopping threads took: 0.0000710 seconds
135.547: Application time: 0.0398180 seconds
135.548: [GC [PSYoungGen: 7568K->368K(8192K)] 16729K->9626K(26112K), 0.0004020 secs] [Times: user=0.00 sys=0.00, real=0.00 secs] 
135.548: Total time for which application threads were stopped: 0.0005110 seconds, Stopping threads took: 0.0000490 seconds
135.576: Application time: 0.0278200 seconds
135.576: Total time for which application threads were stopped: 0.0000740 seconds, Stopping threads took: 0.0000500 seconds
135.578: Application time: 0.0025180 seconds
135.578: Total time for which application threads were stopped: 0.0000630 seconds, Stopping threads took: 0.0000460 seconds
135.582: Application time: 0.0037050 seconds
135.582: Total time for which application threads were stopped: 0.0000610 seconds, Stopping threads took: 0.0000460 seconds
135.595: Application time: 0.0128760 seconds
135.595: [GC [PSYoungGen: 7536K->224K(8192K)] 16794K->9545K(26112K), 0.0004140 secs] [Times: user=0.00 sys=0.00, real=0.00 secs] 
135.596: Total time for which application threads were stopped: 0.0004900 seconds, Stopping threads took: 0.0000270 seconds
135.652: Application time: 0.0567050 seconds
135.652: Total time for which application threads were stopped: 0.0000820 seconds, Stopping threads took: 0.0000360 seconds
135.656: Application time: 0.0032290 seconds
135.656: [GC [PSYoungGen: 7392K->224K(8192K)] 16713K->9594K(26112K), 0.0004460 secs] [Times: user=0.00 sys=0.00, real=0.00 secs] 
135.656: Total time for which application threads were stopped: 0.0005200 seconds, Stopping threads took: 0.0000190 seconds
135.699: Application time: 0.0429360 seconds
135.699: Total time for which application threads were stopped: 0.0000510 seconds, Stopping threads took: 0.0000310 seconds
135.730: Application time: 0.0311480 seconds
135.730: [GC [PSYoungGen: 7392K->160K(8192K)] 16762K->9578K(26112K), 0.0004360 secs] [Times: user=0.00 sys=0.00, real=0.00 secs] 
135.731: Total time for which application threads were stopped: 0.0005020 seconds, Stopping threads took: 0.0000180 seconds
135.768: Application time: 0.0372950 seconds
135.768: Total time for which application threads were stopped: 0.0000490 seconds, Stopping threads took: 0.0000210 seconds
135.769: Application time: 0.0005090 seconds
135.769: Total time for which application threads were stopped: 0.0000550 seconds, Stopping threads took: 0.0000370 seconds
135.787: Application time: 0.0184720 seconds
135.787: [GC [PSYoungGen: 7328K->592K(8192K)] 16746K->10010K(26112K), 0.0005090 secs] [Times: user=0.00 sys=0.00, real=0.00 secs] 
135.788: Total time for which application threads were stopped: 0.0006060 seconds, Stopping threads took: 0.0000430 seconds
135.827: Application time: 0.0396420 seconds
135.827: [GC [PSYoungGen: 7760K->560K(8192K)] 17178K->9978K(26112K), 0.0004610 secs] [Times: user=0.00 sys=0.00, real=0.00 secs] 
135.828: Total time for which application threads were stopped: 0.0005760 seconds, Stopping threads took: 0.0000490 seconds
135.867: Application time: 0.0393020 seconds
135.867: [GC [PSYoungGen: 7728K->544K(8192K)] 17146K->9962K(26112K), 0.0004640 secs] [Times: user=0.01 sys=0.00, real=0.00 secs] 
135.868: Total time for which application threads were stopped: 0.0005920 seconds, Stopping threads took: 0.0000660 seconds
135.907: Application time: 0.0391800 seconds
135.909: [GC [PSYoungGen: 7712K->576K(8192K)] 17130K->9994K(26112K), 0.0005170 secs] [Times: user=0.00 sys=0.00, real=0.00 secs] 
135.910: Total time for which application threads were stopped: 0.0026120 seconds, Stopping threads took: 0.0020330 seconds
135.949: Application time: 0.0392980 seconds
135.949: [GC [PSYoungGen: 7744K->592K(8192K)] 17162K->10010K(26112K), 0.0005020 secs] [Times: user=0.00 sys=0.00, real=0.00 secs] 
135.950: Total time for which application threads were stopped: 0.0006260 seconds, Stopping threads took: 0.0000600 seconds
135.989: Application time: 0.0390620 seconds
135.989: [GC [PSYoungGen: 7760K->576K(8192K)] 17178K->9994K(26112K), 0.0004590 secs] [Times: user=0.00 sys=0.00, real=0.01 secs] 
135.989: Total time for which application threads were stopped: 0.0005790 seconds, Stopping threads took: 0.0000580 seconds
136.029: Application time: 0.0394040 seconds
136.029: [GC [PSYoungGen: 7744K->544K(8192K)] 17162K->9962K(26112K), 0.0005480 secs] [Times: user=0.00 sys=0.00, real=0.01 secs] 
136.029: Total time for which application threads were stopped: 0.0006740 seconds, Stopping threads took: 0.0000600 seconds
136.069: Application time: 0.0394990 seconds
136.069: [GC [PSYoungGen: 7712K->544K(8192K)] 17130K->9962K(26112K), 0.0004940 secs] [Times: user=0.00 sys=0.00, real=0.01 secs] 
136.069: Total time for which application threads were stopped: 0.0006090 seconds, Stopping threads took: 0.0000470 seconds
136.108: Application time: 0.0390050 seconds
136.108: [GC [PSYoungGen: 7712K->592K(8192K)] 17130K->10010K(26112K), 0.0004570 secs] [Times: user=0.00 sys=0.00, real=0.00 secs] 
136.109: Total time for which application threads were stopped: 0.0005650 seconds, Stopping threads took: 0.0000430 seconds
136.148: Application time: 0.0389810 seconds
136.148: [GC [PSYoungGen: 7760K->576K(8192K)] 17178K->9994K(26112K), 0.0004900 secs] [Times: user=0.00 sys=0.00, real=0.00 secs] 
136.149: Total time for which application threads were stopped: 0.0005950 seconds, Stopping threads took: 0.0000420 seconds
136.187: Application time: 0.0384020 seconds
136.187: [GC [PSYoungGen: 7744K->576K(8192K)] 17162K->9994K(26112K), 0.0004510 secs] [Times: user=0.00 sys=0.00, real=0.00 secs] 
136.188: Total time for which application threads were stopped: 0.0005660 seconds, Stopping threads took: 0.0000430 seconds
136.227: Application time: 0.0392300 seconds
136.229: [GC [PSYoungGen: 7744K->592K(8192K)] 17162K->10010K(26112K), 0.0004870 secs] [Times: user=0.01 sys=0.00, real=0.00 secs] 
136.230: Total time for which application threads were stopped: 0.0028400 seconds, Stopping threads took: 0.0022870 seconds
136.269: Application time: 0.0389280 seconds
136.269: [GC [PSYoungGen: 7760K->576K(8192K)] 17178K->10002K(26112K), 0.0004620 secs] [Times: user=0.00 sys=0.00, real=0.01 secs] 
136.269: Total time for which application threads were stopped: 0.0005720 seconds, Stopping threads took: 0.0000440 seconds
136.308: Application time: 0.0389750 seconds
136.308: [GC [PSYoungGen: 7744K->592K(8192K)] 17170K->10026K(26112K), 0.0004630 secs] [Times: user=0.00 sys=0.00, real=0.00 secs] 
136.309: Total time for which application threads were stopped: 0.0005730 seconds, Stopping threads took: 0.0000470 seconds
136.348: Application time: 0.0390770 seconds
136.348: [GC [PSYoungGen: 7760K->624K(8192K)] 17194K->10066K(26112K), 0.0004460 secs] [Times: user=0.00 sys=0.00, real=0.00 secs] 
136.348: Total time for which application threads were stopped: 0.0005630 seconds, Stopping threads took: 0.0000520 seconds
136.387: Application time: 0.0391900 seconds
136.388: [GC [PSYoungGen: 7792K->256K(8192K)] 17234K->10014K(26112K), 0.0004930 secs] [Times: user=0.00 sys=0.00, real=0.00 secs] 
136.388: Total time for which application threads were stopped: 0.0006170 seconds, Stopping threads took: 0.0000600 seconds
136.427: Application time: 0.0390010 seconds
136.427: [GC [PSYoungGen: 7424K->256K(8192K)] 17182K->10014K(26112K), 0.0003790 secs] [Times: user=0.00 sys=0.00, real=0.00 secs] 
136.428: Total time for which application threads were stopped: 0.0004860 seconds, Stopping threads took: 0.0000450 seconds
136.467: Application time: 0.0390740 seconds
136.467: [GC [PSYoungGen: 7424K->256K(8192K)] 17182K->10014K(26112K), 0.0003760 secs] [Times: user=0.01 sys=0.00, real=0.00 secs] 
136.467: Total time for which application threads were stopped: 0.0004880 seconds, Stopping threads took: 0.0000510 seconds
136.506: Application time: 0.0391410 seconds
136.506: [GC [PSYoungGen: 7424K->256K(8192K)] 17182K->10014K(26112K), 0.0003760 secs] [Times: user=0.00 sys=0.00, real=0.00 secs] 
136.507: Total time for which application threads were stopped: 0.0004770 seconds, Stopping threads took: 0.0000400 seconds
136.545: Application time: 0.0384630 seconds
136.545: [GC [PSYoungGen: 7424K->256K(8192K)] 17182K->10014K(26112K), 0.0004380 secs] [Times: user=0.00 sys=0.00, real=0.00 secs] 
136.546: Total time for which application threads were stopped: 0.0005480 seconds, Stopping threads took: 0.0000480 seconds
136.581: Application time: 0.0352340 seconds
136.581: [GC [PSYoungGen: 7424K->544K(8192K)] 17182K->10302K(26112K), 0.0004270 secs] [Times: user=0.00 sys=0.00, real=0.00 secs] 
136.582: Total time for which application threads were stopped: 0.0005370 seconds, Stopping threads took: 0.0000480 seconds
136.621: Application time: 0.0392800 seconds
136.621: [GC [PSYoungGen: 7712K->512K(8192K)] 17470K->10270K(26112K), 0.0004290 secs] [Times: user=0.00 sys=0.00, real=0.01 secs] 
136.621: Total time for which application threads were stopped: 0.0005460 seconds, Stopping threads took: 0.0000530 seconds
136.661: Application time: 0.0395280 seconds
136.661: [GC [PSYoungGen: 7680K->528K(8192K)] 17438K->10286K(26112K), 0.0005060 secs] [Times: user=0.00 sys=0.00, real=0.00 secs] 
136.662: Total time for which application threads were stopped: 0.0006380 seconds, Stopping threads took: 0.0000580 seconds
136.701: Application time: 0.0394650 seconds
136.701: [GC [PSYoungGen: 7696K->512K(8192K)] 17454K->10270K(26112K), 0.0004330 secs] [Times: user=0.01 sys=0.00, real=0.00 secs] 
136.702: Total time for which application threads were stopped: 0.0005520 seconds, Stopping threads took: 0.0000450 seconds
136.741: Application time: 0.0397840 seconds
136.741: [GC [PSYoungGen: 7680K->528K(8192K)] 17438K->10286K(26112K), 0.0005090 secs] [Times: user=0.01 sys=0.00, real=0.00 secs] 
136.742: Total time for which application threads were stopped: 0.0006410 seconds, Stopping threads took: 0.0000610 seconds
136.781: Application time: 0.0394780 seconds
136.782: [GC [PSYoungGen: 7696K->512K(8192K)] 17454K->10270K(26112K), 0.0004450 secs] [Times: user=0.00 sys=0.00, real=0.00 secs] 
136.782: Total time for which application threads were stopped: 0.0005520 seconds, Stopping threads took: 0.0000410 seconds
136.821: Application time: 0.0390120 seconds
136.821: [GC [PSYoungGen: 7680K->448K(8192K)] 17438K->10206K(26112K), 0.0004320 secs] [Times: user=0.00 sys=0.00, real=0.00 secs] 
136.822: Total time for which application threads were stopped: 0.0005340 seconds, Stopping threads took: 0.0000400 seconds
136.861: Application time: 0.0389260 seconds
136.861: [GC [PSYoungGen: 7616K->448K(8192K)] 17374K->10206K(26112K), 0.0004400 secs] [Times: user=0.00 sys=0.00, real=0.01 secs] 
136.861: Total time for which application threads were stopped: 0.0005600 seconds, Stopping threads took: 0.0000550 seconds
136.900: Application time: 0.0389230 seconds
136.900: [GC [PSYoungGen: 7616K->528K(8192K)] 17374K->10286K(26112K), 0.0004280 secs] [Times: user=0.00 sys=0.00, real=0.00 secs] 
136.901: Total time for which application threads were stopped: 0.0005520 seconds, Stopping threads took: 0.0000610 seconds
136.939: Application time: 0.0388450 seconds
136.939: [GC [PSYoungGen: 7696K->480K(8192K)] 17454K->10238K(26112K), 0.0004380 secs] [Times: user=0.01 sys=0.00, real=0.00 secs] 
136.940: Total time for which application threads were stopped: 0.0005590 seconds, Stopping threads took: 0.0000540 seconds
136.979: Application time: 0.0387290 seconds
136.979: [GC [PSYoungGen: 7648K->512K(8192K)] 17406K->10270K(26112K), 0.0004420 secs] [Times: user=0.00 sys=0.00, real=0.00 secs] 
136.979: Total time for which application threads were stopped: 0.0005510 seconds, Stopping threads took: 0.0000460 seconds
137.018: Application time: 0.0389200 seconds
137.018: [GC [PSYoungGen: 7680K->544K(8192K)] 17438K->10302K(26112K), 0.0004280 secs] [Times: user=0.00 sys=0.00, real=0.00 secs] 
137.019: Total time for which application threads were stopped: 0.0005440 seconds, Stopping threads took: 0.0000540 seconds
137.058: Application time: 0.0388980 seconds
137.058: [GC [PSYoungGen: 7712K->496K(8192K)] 17470K->10254K(26112K), 0.0004570 secs] [Times: user=0.00 sys=0.00, real=0.00 secs] 
137.058: Total time for which application threads were stopped: 0.0005790 seconds, Stopping threads took: 0.0000630 seconds
137.098: Application time: 0.0395140 seconds
137.098: [GC [PSYoungGen: 7664K->528K(8192K)] 17422K->10286K(26112K), 0.0004510 secs] [Times: user=0.00 sys=0.00, real=0.00 secs] 
137.098: Total time for which application threads were stopped: 0.0005710 seconds, Stopping threads took: 0.0000560 seconds
137.137: Application time: 0.0390110 seconds
137.137: [GC [PSYoungGen: 7696K->432K(8192K)] 17454K->10246K(26112K), 0.0004390 secs] [Times: user=0.00 sys=0.00, real=0.00 secs] 
137.138: Total time for which application threads were stopped: 0.0005400 seconds, Stopping threads took: 0.0000400 seconds
137.177: Application time: 0.0389100 seconds
137.177: [GC [PSYoungGen: 7600K->256K(8192K)] 17414K->10294K(26112K), 0.0004120 secs] [Times: user=0.00 sys=0.00, real=0.00 secs] 
137.177: Total time for which application threads were stopped: 0.0005210 seconds, Stopping threads took: 0.0000470 seconds
137.216: Application time: 0.0389850 seconds
137.216: [GC [PSYoungGen: 7424K->256K(8192K)] 17462K->10294K(26112K), 0.0003720 secs] [Times: user=0.00 sys=0.00, real=0.00 secs] 
137.217: Total time for which application threads were stopped: 0.0004910 seconds, Stopping threads took: 0.0000460 seconds
137.256: Application time: 0.0389020 seconds
137.256: [GC [PSYoungGen: 7424K->256K(8192K)] 17462K->10294K(26112K), 0.0003980 secs] [Times: user=0.00 sys=0.00, real=0.00 secs] 
137.256: Total time for which application threads were stopped: 0.0005030 seconds, Stopping threads took: 0.0000440 seconds
137.295: Application time: 0.0389170 seconds
137.295: [GC [PSYoungGen: 7424K->256K(8192K)] 17462K->10294K(26112K), 0.0003440 secs] [Times: user=0.00 sys=0.00, real=0.00 secs] 
137.296: Total time for which application threads were stopped: 0.0004570 seconds, Stopping threads took: 0.0000530 seconds
137.333: Application time: 0.0370060 seconds
137.333: [GC [PSYoungGen: 7419K->304K(8192K)] 17458K->10342K(26112K), 0.0004300 secs] [Times: user=0.00 sys=0.00, real=0.00 secs] 
137.333: Total time for which application threads were stopped: 0.0005380 seconds, Stopping threads took: 0.0000460 seconds
137.370: Application time: 0.0365260 seconds
137.370: [GC [PSYoungGen: 7472K->512K(8192K)] 17510K->10550K(26112K), 0.0004610 secs] [Times: user=0.00 sys=0.00, real=0.00 secs] 
137.370: Total time for which application threads were stopped: 0.0005740 seconds, Stopping threads took: 0.0000500 seconds
137.410: Application time: 0.0394280 seconds
137.410: [GC [PSYoungGen: 7680K->544K(8192K)] 17718K->10582K(26112K), 0.0004370 secs] [Times: user=0.00 sys=0.00, real=0.00 secs] 
137.410: Total time for which application threads were stopped: 0.0005480 seconds, Stopping threads took: 0.0000510 seconds
137.449: Application time: 0.0389300 seconds
137.449: [GC [PSYoungGen: 7712K->480K(8192K)] 17750K->10518K(26112K), 0.0004310 secs] [Times: user=0.00 sys=0.00, real=0.00 secs] 
137.450: Total time for which application threads were stopped: 0.0005500 seconds, Stopping threads took: 0.0000490 seconds
137.489: Application time: 0.0392580 seconds
137.489: [GC [PSYoungGen: 7648K->448K(8192K)] 17686K->10486K(26112K), 0.0004250 secs] [Times: user=0.00 sys=0.00, real=0.00 secs] 
137.489: Total time for which application threads were stopped: 0.0005550 seconds, Stopping threads took: 0.0000630 seconds
137.528: Application time: 0.0389330 seconds
137.528: [GC [PSYoungGen: 7616K->480K(8192K)] 17654K->10518K(26112K), 0.0004280 secs] [Times: user=0.01 sys=0.00, real=0.00 secs] 
137.529: Total time for which application threads were stopped: 0.0005320 seconds, Stopping threads took: 0.0000430 seconds
137.568: Application time: 0.0388480 seconds
137.568: [GC [PSYoungGen: 7648K->512K(8192K)] 17686K->10550K(26112K), 0.0004280 secs] [Times: user=0.00 sys=0.00, real=0.00 secs] 
137.568: Total time for which application threads were stopped: 0.0005410 seconds, Stopping threads took: 0.0000510 seconds
137.607: Application time: 0.0390760 seconds
137.607: [GC [PSYoungGen: 7680K->528K(8192K)] 17718K->10566K(26112K), 0.0004380 secs] [Times: user=0.00 sys=0.00, real=0.00 secs] 
137.608: Total time for which application threads were stopped: 0.0005420 seconds, Stopping threads took: 0.0000430 seconds
137.647: Application time: 0.0395600 seconds
137.649: [GC [PSYoungGen: 7696K->496K(8192K)] 17734K->10534K(26112K), 0.0004890 secs] [Times: user=0.01 sys=0.00, real=0.00 secs] 
137.650: Total time for which application threads were stopped: 0.0021050 seconds, Stopping threads took: 0.0015430 seconds
137.689: Application time: 0.0389810 seconds
137.689: [GC [PSYoungGen: 7664K->480K(8192K)] 17702K->10518K(26112K), 0.0004430 secs] [Times: user=0.00 sys=0.00, real=0.01 secs] 
137.689: Total time for which application threads were stopped: 0.0005540 seconds, Stopping threads took: 0.0000460 seconds
137.728: Application time: 0.0388650 seconds
137.728: [GC [PSYoungGen: 7648K->480K(8192K)] 17686K->10518K(26112K), 0.0004200 secs] [Times: user=0.01 sys=0.00, real=0.00 secs] 
137.729: Total time for which application threads were stopped: 0.0005420 seconds, Stopping threads took: 0.0000530 seconds
137.767: Application time: 0.0385940 seconds
137.769: [GC [PSYoungGen: 7648K->528K(8192K)] 17686K->10566K(26112K), 0.0004460 secs] [Times: user=0.00 sys=0.00, real=0.00 secs] 
137.770: Total time for which application threads were stopped: 0.0024450 seconds, Stopping threads took: 0.0019340 seconds
137.809: Application time: 0.0390160 seconds
137.809: [GC [PSYoungGen: 7696K->512K(8192K)] 17734K->10550K(26112K), 0.0004340 secs] [Times: user=0.00 sys=0.00, real=0.01 secs] 
137.809: Total time for which application threads were stopped: 0.0005400 seconds, Stopping threads took: 0.0000440 seconds
137.848: Application time: 0.0391220 seconds
137.848: [GC [PSYoungGen: 7680K->480K(8192K)] 17718K->10518K(26112K), 0.0004310 secs] [Times: user=0.00 sys=0.00, real=0.00 secs] 
137.849: Total time for which application threads were stopped: 0.0005420 seconds, Stopping threads took: 0.0000480 seconds
137.888: Application time: 0.0389200 seconds
137.888: [GC [PSYoungGen: 7648K->544K(8192K)] 17686K->10582K(26112K), 0.0004270 secs] [Times: user=0.00 sys=0.00, real=0.00 secs] 
137.888: Total time for which application threads were stopped: 0.0005300 seconds, Stopping threads took: 0.0000400 seconds
137.928: Application time: 0.0393140 seconds
137.928: [GC [PSYoungGen: 7712K->368K(8192K)] 17750K->10546K(26112K), 0.0004400 secs] [Times: user=0.00 sys=0.00, real=0.00 secs] 
137.928: Total time for which application threads were stopped: 0.0005470 seconds, Stopping threads took: 0.0000470 seconds
137.967: Application time: 0.0389490 seconds
137.967: [GC [PSYoungGen: 7536K->256K(8192K)] 17714K->10602K(26112K), 0.0004040 secs] [Times: user=0.00 sys=0.00, real=0.00 secs] 
137.968: Total time for which application threads were stopped: 0.0005150 seconds, Stopping threads took: 0.0000490 seconds
138.007: Application time: 0.0389420 seconds
138.007: [GC [PSYoungGen: 7424K->256K(8192K)] 17770K->10602K(26112K), 0.0003910 secs] [Times: user=0.00 sys=0.00, real=0.00 secs] 
138.007: Total time for which application threads were stopped: 0.0004950 seconds, Stopping threads took: 0.0000440 seconds
138.046: Application time: 0.0389290 seconds
138.046: [GC [PSYoungGen: 7424K->256K(8192K)] 17770K->10602K(26112K), 0.0003800 secs] [Times: user=0.00 sys=0.00, real=0.00 secs] 
138.046: Total time for which application threads were stopped: 0.0004910 seconds, Stopping threads took: 0.0000470 seconds
138.086: Application time: 0.0391170 seconds
138.086: [GC [PSYoungGen: 7424K->256K(8192K)] 17770K->10602K(26112K), 0.0004210 secs] [Times: user=0.01 sys=0.00, real=0.00 secs] 
138.086: Total time for which application threads were stopped: 0.0005240 seconds, Stopping threads took: 0.0000400 seconds
138.122: Application time: 0.0360080 seconds
138.122: [GC [PSYoungGen: 7424K->416K(8192K)] 17770K->10762K(26112K), 0.0004400 secs] [Times: user=0.01 sys=0.00, real=0.00 secs] 
138.123: Total time for which application threads were stopped: 0.0005490 seconds, Stopping threads took: 0.0000440 seconds
138.161: Application time: 0.0380840 seconds
138.161: [GC [PSYoungGen: 7584K->528K(8192K)] 17930K->10874K(26112K), 0.0004270 secs] [Times: user=0.00 sys=0.00, real=0.01 secs] 
138.161: Total time for which application threads were stopped: 0.0005340 seconds, Stopping threads took: 0.0000450 seconds
138.200: Application time: 0.0389750 seconds
138.200: [GC [PSYoungGen: 7696K->496K(8192K)] 18042K->10842K(26112K), 0.0004200 secs] [Times: user=0.01 sys=0.00, real=0.00 secs] 
138.201: Total time for which application threads were stopped: 0.0005360 seconds, Stopping threads took: 0.0000530 seconds
138.240: Application time: 0.0392980 seconds
138.240: [GC [PSYoungGen: 7664K->464K(8192K)] 18010K->10810K(26112K), 0.0004210 secs] [Times: user=0.00 sys=0.00, real=0.00 secs] 
138.241: Total time for which application threads were stopped: 0.0005290 seconds, Stopping threads took: 0.0000360 seconds
138.280: Application time: 0.0389190 seconds
138.280: [GC [PSYoungGen: 7632K->464K(8192K)] 17978K->10810K(26112K), 0.0004220 secs] [Times: user=0.00 sys=0.00, real=0.00 secs] 
138.280: Total time for which application threads were stopped: 0.0005330 seconds, Stopping threads took: 0.0000500 seconds
138.320: Application time: 0.0394530 seconds
138.320: [GC [PSYoungGen: 7632K->464K(8192K)] 17978K->10810K(26112K), 0.0004290 secs] [Times: user=0.00 sys=0.00, real=0.00 secs] 
138.320: Total time for which application threads were stopped: 0.0005430 seconds, Stopping threads took: 0.0000510 seconds
138.359: Application time: 0.0389270 seconds
138.359: [GC [PSYoungGen: 7632K->496K(8192K)] 17978K->10842K(26112K), 0.0004280 secs] [Times: user=0.01 sys=0.00, real=0.00 secs] 
138.360: Total time for which application threads were stopped: 0.0005390 seconds, Stopping threads took: 0.0000500 seconds
138.399: Application time: 0.0389770 seconds
138.399: [GC [PSYoungGen: 7664K->512K(8192K)] 18010K->10858K(26112K), 0.0004050 secs] [Times: user=0.00 sys=0.00, real=0.00 secs] 
138.399: Total time for which application threads were stopped: 0.0005210 seconds, Stopping threads took: 0.0000540 seconds
138.438: Application time: 0.0388530 seconds
138.438: [GC [PSYoungGen: 7680K->512K(8192K)] 18026K->10858K(26112K), 0.0004280 secs] [Times: user=0.00 sys=0.00, real=0.00 secs] 
138.438: Total time for which application threads were stopped: 0.0005380 seconds, Stopping threads took: 0.0000490 seconds
138.478: Application time: 0.0393900 seconds
138.478: [GC [PSYoungGen: 7680K->496K(8192K)] 18026K->10842K(26112K), 0.0004210 secs] [Times: user=0.00 sys=0.00, real=0.00 secs] 
138.478: Total time for which application threads were stopped: 0.0005450 seconds, Stopping threads took: 0.0000610 seconds
138.517: Application time: 0.0383270 seconds
138.517: [GC [PSYoungGen: 7664K->528K(8192K)] 18010K->10874K(26112K), 0.0004240 secs] [Times: user=0.00 sys=0.00, real=0.00 secs] 
138.517: Total time for which application threads were stopped: 0.0005330 seconds, Stopping threads took: 0.0000470 seconds
138.557: Application time: 0.0393750 seconds
138.557: [GC [PSYoungGen: 7696K->496K(8192K)] 18042K->10842K(26112K), 0.0004390 secs] [Times: user=0.00 sys=0.00, real=0.00 secs] 
138.557: Total time for which application threads were stopped: 0.0005470 seconds, Stopping threads took: 0.0000450 seconds
138.596: Application time: 0.0390630 seconds
138.596: [GC [PSYoungGen: 7664K->496K(8192K)] 18010K->10842K(26112K), 0.0004160 secs] [Times: user=0.00 sys=0.00, real=0.00 secs] 
138.597: Total time for which application threads were stopped: 0.0005280 seconds, Stopping threads took: 0.0000500 seconds
138.636: Application time: 0.0389220 seconds
138.636: [GC [PSYoungGen: 7664K->480K(8192K)] 18010K->10826K(26112K), 0.0004340 secs] [Times: user=0.00 sys=0.00, real=0.00 secs] 
138.636: Total time for which application threads were stopped: 0.0005510 seconds, Stopping threads took: 0.0000540 seconds
138.676: Application time: 0.0395120 seconds
138.676: [GC [PSYoungGen: 7648K->480K(8192K)] 17994K->10826K(26112K), 0.0004750 secs] [Times: user=0.00 sys=0.00, real=0.00 secs] 
138.676: Total time for which application threads were stopped: 0.0005990 seconds, Stopping threads took: 0.0000530 seconds
138.715: Application time: 0.0388560 seconds
138.715: [GC [PSYoungGen: 7648K->320K(8192K)] 17994K->10879K(26112K), 0.0004260 secs] [Times: user=0.01 sys=0.00, real=0.00 secs] 
138.716: Total time for which application threads were stopped: 0.0005320 seconds, Stopping threads took: 0.0000420 seconds
138.755: Application time: 0.0389080 seconds
138.757: [GC [PSYoungGen: 7488K->256K(8192K)] 18047K->10903K(26112K), 0.0004200 secs] [Times: user=0.00 sys=0.00, real=0.00 secs] 
138.758: Total time for which application threads were stopped: 0.0029130 seconds, Stopping threads took: 0.0024220 seconds
138.796: Application time: 0.0388850 seconds
138.797: [GC [PSYoungGen: 7424K->256K(8192K)] 18071K->10903K(26112K), 0.0003640 secs] [Times: user=0.00 sys=0.00, real=0.00 secs] 
138.797: Total time for which application threads were stopped: 0.0004740 seconds, Stopping threads took: 0.0000480 seconds
138.836: Application time: 0.0392150 seconds
138.836: [GC [PSYoungGen: 7424K->256K(8192K)] 18071K->10903K(26112K), 0.0003780 secs] [Times: user=0.00 sys=0.00, real=0.00 secs] 
138.837: Total time for which application threads were stopped: 0.0004810 seconds, Stopping threads took: 0.0000410 seconds
138.875: Application time: 0.0383950 seconds
138.875: [GC [PSYoungGen: 7424K->304K(8192K)] 18071K->10951K(26112K), 0.0003740 secs] [Times: user=0.00 sys=0.00, real=0.00 secs] 
138.875: Total time for which application threads were stopped: 0.0004810 seconds, Stopping threads took: 0.0000460 seconds
138.911: Application time: 0.0355490 seconds
138.911: [GC [PSYoungGen: 7472K->512K(8192K)] 18119K->11159K(26112K), 0.0004190 secs] [Times: user=0.00 sys=0.00, real=0.00 secs] 
138.912: Total time for which application threads were stopped: 0.0005280 seconds, Stopping threads took: 0.0000430 seconds
138.951: Application time: 0.0389680 seconds
138.951: [GC [PSYoungGen: 7680K->464K(8192K)] 18327K->11111K(26112K), 0.0004850 secs] [Times: user=0.00 sys=0.00, real=0.00 secs] 
138.951: Total time for which application threads were stopped: 0.0005870 seconds, Stopping threads took: 0.0000430 seconds
138.990: Application time: 0.0389320 seconds
138.990: [GC [PSYoungGen: 7632K->512K(8192K)] 18279K->11159K(26112K), 0.0004230 secs] [Times: user=0.00 sys=0.00, real=0.00 secs] 
138.991: Total time for which application threads were stopped: 0.0005290 seconds, Stopping threads took: 0.0000460 seconds
139.030: Application time: 0.0392970 seconds
139.030: [GC [PSYoungGen: 7680K->528K(8192K)] 18327K->11175K(26112K), 0.0005150 secs] [Times: user=0.00 sys=0.00, real=0.00 secs] 
139.030: Total time for which application threads were stopped: 0.0006200 seconds, Stopping threads took: 0.0000430 seconds
139.070: Application time: 0.0390310 seconds
139.070: [GC [PSYoungGen: 7696K->480K(8192K)] 18343K->11127K(26112K), 0.0004250 secs] [Times: user=0.00 sys=0.00, real=0.00 secs] 
139.070: Total time for which application threads were stopped: 0.0005370 seconds, Stopping threads took: 0.0000420 seconds
139.109: Application time: 0.0388850 seconds
139.109: [GC [PSYoungGen: 7648K->480K(8192K)] 18295K->11127K(26112K), 0.0004380 secs] [Times: user=0.00 sys=0.00, real=0.00 secs] 
139.110: Total time for which application threads were stopped: 0.0005490 seconds, Stopping threads took: 0.0000470 seconds
139.149: Application time: 0.0395290 seconds
139.149: [GC [PSYoungGen: 7648K->512K(8192K)] 18295K->11159K(26112K), 0.0004310 secs] [Times: user=0.00 sys=0.00, real=0.00 secs] 
139.150: Total time for which application threads were stopped: 0.0005480 seconds, Stopping threads took: 0.0000550 seconds
139.188: Application time: 0.0388970 seconds
139.189: [GC [PSYoungGen: 7680K->480K(8192K)] 18327K->11127K(26112K), 0.0004370 secs] [Times: user=0.00 sys=0.00, real=0.01 secs] 
139.189: Total time for which application threads were stopped: 0.0005430 seconds, Stopping threads took: 0.0000430 seconds
139.228: Application time: 0.0388500 seconds
139.228: [GC [PSYoungGen: 7648K->560K(8192K)] 18295K->11207K(26112K), 0.0005150 secs] [Times: user=0.00 sys=0.00, real=0.00 secs] 
139.228: Total time for which application threads were stopped: 0.0006210 seconds, Stopping threads took: 0.0000450 seconds
139.267: Application time: 0.0389800 seconds
139.268: [GC [PSYoungGen: 7728K->464K(8192K)] 18375K->11111K(26112K), 0.0004670 secs] [Times: user=0.00 sys=0.00, real=0.00 secs] 
139.268: Total time for which application threads were stopped: 0.0005780 seconds, Stopping threads took: 0.0000400 seconds
139.307: Application time: 0.0388070 seconds
139.307: [GC [PSYoungGen: 7632K->464K(8192K)] 18279K->11111K(26112K), 0.0004130 secs] [Times: user=0.00 sys=0.00, real=0.00 secs] 
139.307: Total time for which application threads were stopped: 0.0005220 seconds, Stopping threads took: 0.0000460 seconds
139.346: Application time: 0.0389990 seconds
139.346: [GC [PSYoungGen: 7632K->480K(8192K)] 18279K->11127K(26112K), 0.0004460 secs] [Times: user=0.00 sys=0.00, real=0.00 secs] 
139.347: Total time for which application threads were stopped: 0.0005510 seconds, Stopping threads took: 0.0000430 seconds
139.386: Application time: 0.0393110 seconds
139.386: [GC [PSYoungGen: 7648K->512K(8192K)] 18295K->11159K(26112K), 0.0004550 secs] [Times: user=0.00 sys=0.00, real=0.00 secs] 
139.387: Total time for which application threads were stopped: 0.0005690 seconds, Stopping threads took: 0.0000490 seconds
139.426: Application time: 0.0391300 seconds
139.426: [GC [PSYoungGen: 7680K->512K(8192K)] 18327K->11159K(26112K), 0.0004140 secs] [Times: user=0.00 sys=0.00, real=0.00 secs] 
139.426: Total time for which application threads were stopped: 0.0005230 seconds, Stopping threads took: 0.0000460 seconds
139.466: Application time: 0.0390630 seconds
139.466: [GC [PSYoungGen: 7680K->496K(8192K)] 18327K->11183K(26112K), 0.0004660 secs] [Times: user=0.00 sys=0.00, real=0.00 secs] 
139.466: Total time for which application threads were stopped: 0.0005800 seconds, Stopping threads took: 0.0000500 seconds
139.506: Application time: 0.0395370 seconds
139.506: [GC [PSYoungGen: 7664K->256K(8192K)] 18351K->11179K(26112K), 0.0004230 secs] [Times: user=0.00 sys=0.00, real=0.00 secs] 
139.506: Total time for which application threads were stopped: 0.0005430 seconds, Stopping threads took: 0.0000530 seconds
139.545: Application time: 0.0388740 seconds
139.545: [GC [PSYoungGen: 7424K->240K(8192K)] 18347K->11163K(26112K), 0.0003960 secs] [Times: user=0.00 sys=0.00, real=0.00 secs] 
139.546: Total time for which application threads were stopped: 0.0005040 seconds, Stopping threads took: 0.0000440 seconds
139.584: Application time: 0.0388610 seconds
139.585: [GC [PSYoungGen: 7408K->256K(8192K)] 18331K->11179K(26112K), 0.0003710 secs] [Times: user=0.00 sys=0.00, real=0.00 secs] 
139.585: Total time for which application threads were stopped: 0.0009970 seconds, Stopping threads took: 0.0005630 seconds
139.624: Application time: 0.0388760 seconds
139.624: [GC [PSYoungGen: 7424K->256K(8192K)] 18347K->11179K(26112K), 0.0003840 secs] [Times: user=0.01 sys=0.00, real=0.00 secs] 
139.625: Total time for which application threads were stopped: 0.0004900 seconds, Stopping threads took: 0.0000440 seconds
139.663: Application time: 0.0386620 seconds
139.664: [GC [PSYoungGen: 7424K->304K(8192K)] 18347K->11227K(26112K), 0.0004430 secs] [Times: user=0.00 sys=0.00, real=0.00 secs] 
139.664: Total time for which application threads were stopped: 0.0005670 seconds, Stopping threads took: 0.0000530 seconds
139.700: Application time: 0.0359540 seconds
139.700: [GC [PSYoungGen: 7472K->528K(8192K)] 18395K->11451K(26112K), 0.0004270 secs] [Times: user=0.00 sys=0.00, real=0.00 secs] 
139.701: Total time for which application threads were stopped: 0.0005520 seconds, Stopping threads took: 0.0000600 seconds
139.739: Application time: 0.0389120 seconds
139.740: [GC [PSYoungGen: 7696K->480K(8192K)] 18619K->11403K(26112K), 0.0004320 secs] [Times: user=0.01 sys=0.00, real=0.00 secs] 
139.740: Total time for which application threads were stopped: 0.0005460 seconds, Stopping threads took: 0.0000520 seconds
139.779: Application time: 0.0388680 seconds
139.779: [GC [PSYoungGen: 7648K->480K(8192K)] 18571K->11403K(26112K), 0.0004320 secs] [Times: user=0.00 sys=0.00, real=0.00 secs] 
139.779: Total time for which application threads were stopped: 0.0005500 seconds, Stopping threads took: 0.0000450 seconds
139.819: Application time: 0.0392160 seconds
139.819: [GC [PSYoungGen: 7648K->512K(8192K)] 18571K->11435K(26112K), 0.0004630 secs] [Times: user=0.00 sys=0.00, real=0.00 secs] 
139.819: Total time for which application threads were stopped: 0.0005700 seconds, Stopping threads took: 0.0000460 seconds
139.858: Application time: 0.0390620 seconds
139.858: [GC [PSYoungGen: 7680K->512K(8192K)] 18603K->11435K(26112K), 0.0004210 secs] [Times: user=0.00 sys=0.00, real=0.00 secs] 
139.859: Total time for which application threads were stopped: 0.0005260 seconds, Stopping threads took: 0.0000450 seconds
139.898: Application time: 0.0394050 seconds
139.898: [GC [PSYoungGen: 7680K->512K(8192K)] 18603K->11435K(26112K), 0.0004200 secs] [Times: user=0.00 sys=0.00, real=0.00 secs] 
139.899: Total time for which application threads were stopped: 0.0005350 seconds, Stopping threads took: 0.0000520 seconds
139.938: Application time: 0.0388870 seconds
139.938: [GC [PSYoungGen: 7680K->528K(8192K)] 18603K->11451K(26112K), 0.0004300 secs] [Times: user=0.00 sys=0.00, real=0.00 secs] 
139.938: Total time for which application threads were stopped: 0.0005440 seconds, Stopping threads took: 0.0000520 seconds
139.977: Application time: 0.0389680 seconds
139.977: [GC [PSYoungGen: 7696K->528K(8192K)] 18619K->11451K(26112K), 0.0004230 secs] [Times: user=0.00 sys=0.00, real=0.00 secs] 
139.978: Total time for which application threads were stopped: 0.0005330 seconds, Stopping threads took: 0.0000480 seconds
140.017: Application time: 0.0392040 seconds
140.017: [GC [PSYoungGen: 7696K->528K(8192K)] 18619K->11451K(26112K), 0.0004230 secs] [Times: user=0.00 sys=0.00, real=0.00 secs] 
140.017: Total time for which application threads were stopped: 0.0005390 seconds, Stopping threads took: 0.0000510 seconds
140.056: Application time: 0.0388950 seconds
140.056: [GC [PSYoungGen: 7696K->496K(8192K)] 18619K->11419K(26112K), 0.0004290 secs] [Times: user=0.01 sys=0.00, real=0.00 secs] 
140.057: Total time for which application threads were stopped: 0.0005490 seconds, Stopping threads took: 0.0000540 seconds
140.095: Application time: 0.0383450 seconds
140.095: [GC [PSYoungGen: 7664K->512K(8192K)] 18587K->11435K(26112K), 0.0004660 secs] [Times: user=0.00 sys=0.00, real=0.00 secs] 
140.096: Total time for which application threads were stopped: 0.0005790 seconds, Stopping threads took: 0.0000510 seconds
140.135: Application time: 0.0391570 seconds
140.135: [GC [PSYoungGen: 7680K->496K(8192K)] 18603K->11419K(26112K), 0.0004230 secs] [Times: user=0.00 sys=0.00, real=0.00 secs] 
140.136: Total time for which application threads were stopped: 0.0005440 seconds, Stopping threads took: 0.0000480 seconds
140.174: Application time: 0.0388890 seconds
140.174: [GC [PSYoungGen: 7664K->464K(8192K)] 18587K->11387K(26112K), 0.0005210 secs] [Times: user=0.00 sys=0.00, real=0.00 secs] 
140.175: Total time for which application threads were stopped: 0.0006270 seconds, Stopping threads took: 0.0000420 seconds
140.214: Application time: 0.0389900 seconds
140.217: [GC [PSYoungGen: 7632K->512K(8192K)] 18555K->11435K(26112K), 0.0004240 secs] [Times: user=0.00 sys=0.00, real=0.00 secs] 
140.220: Total time for which application threads were stopped: 0.0061330 seconds, Stopping threads took: 0.0029900 seconds
140.259: Application time: 0.0390520 seconds
140.259: [GC [PSYoungGen: 7680K->416K(8192K)] 18603K->11419K(26112K), 0.0004520 secs] [Times: user=0.00 sys=0.00, real=0.00 secs] 
140.260: Total time for which application threads were stopped: 0.0005600 seconds, Stopping threads took: 0.0000410 seconds
140.299: Application time: 0.0391240 seconds
140.299: [GC [PSYoungGen: 7584K->256K(8192K)] 18587K->11471K(26112K), 0.0004140 secs] [Times: user=0.00 sys=0.00, real=0.00 secs] 
140.299: Total time for which application threads were stopped: 0.0005250 seconds, Stopping threads took: 0.0000380 seconds
140.338: Application time: 0.0390150 seconds
140.339: [GC [PSYoungGen: 7424K->256K(8192K)] 18639K->11471K(26112K), 0.0003610 secs] [Times: user=0.00 sys=0.00, real=0.00 secs] 
140.339: Total time for which application threads were stopped: 0.0004780 seconds, Stopping threads took: 0.0000540 seconds
140.378: Application time: 0.0391850 seconds
140.378: [GC [PSYoungGen: 7424K->256K(8192K)] 18639K->11471K(26112K), 0.0003810 secs] [Times: user=0.00 sys=0.00, real=0.00 secs] 
140.379: Total time for which application threads were stopped: 0.0004970 seconds, Stopping threads took: 0.0000540 seconds
140.418: Application time: 0.0389360 seconds
140.418: [GC [PSYoungGen: 7424K->256K(8192K)] 18639K->11471K(26112K), 0.0003810 secs] [Times: user=0.00 sys=0.00, real=0.00 secs] 
140.418: Total time for which application threads were stopped: 0.0004900 seconds, Stopping threads took: 0.0000480 seconds
140.455: Application time: 0.0365810 seconds
140.455: [GC [PSYoungGen: 7424K->352K(8192K)] 18639K->11567K(26112K), 0.0004290 secs] [Times: user=0.00 sys=0.00, real=0.00 secs] 
140.455: Total time for which application threads were stopped: 0.0005380 seconds, Stopping threads took: 0.0000450 seconds
140.493: Application time: 0.0373560 seconds
140.493: [GC [PSYoungGen: 7520K->512K(8192K)] 18735K->11727K(26112K), 0.0004620 secs] [Times: user=0.00 sys=0.00, real=0.00 secs] 
140.493: Total time for which application threads were stopped: 0.0005780 seconds, Stopping threads took: 0.0000530 seconds
140.532: Application time: 0.0393110 seconds
140.532: [GC [PSYoungGen: 7680K->512K(8192K)] 18895K->11727K(26112K), 0.0004380 secs] [Times: user=0.00 sys=0.00, real=0.00 secs] 
140.533: Total time for which application threads were stopped: 0.0005550 seconds, Stopping threads took: 0.0000520 seconds
140.572: Application time: 0.0388520 seconds
140.572: [GC [PSYoungGen: 7680K->496K(8192K)] 18895K->11711K(26112K), 0.0004290 secs] [Times: user=0.00 sys=0.00, real=0.00 secs] 
140.572: Total time for which application threads were stopped: 0.0005370 seconds, Stopping threads took: 0.0000460 seconds
140.612: Application time: 0.0392920 seconds
140.612: [GC [PSYoungGen: 7664K->544K(8192K)] 18879K->11759K(26112K), 0.0004190 secs] [Times: user=0.01 sys=0.00, real=0.00 secs] 
140.612: Total time for which application threads were stopped: 0.0005330 seconds, Stopping threads took: 0.0000530 seconds
140.652: Application time: 0.0395440 seconds
140.652: [GC [PSYoungGen: 7712K->480K(8192K)] 18927K->11695K(26112K), 0.0005250 secs] [Times: user=0.00 sys=0.00, real=0.00 secs] 
140.652: Total time for which application threads were stopped: 0.0006480 seconds, Stopping threads took: 0.0000520 seconds
140.691: Application time: 0.0389020 seconds
140.691: [GC [PSYoungGen: 7648K->480K(8192K)] 18863K->11695K(26112K), 0.0004310 secs] [Times: user=0.00 sys=0.00, real=0.00 secs] 
140.692: Total time for which application threads were stopped: 0.0005670 seconds, Stopping threads took: 0.0000630 seconds
140.731: Application time: 0.0389090 seconds
140.731: [GC [PSYoungGen: 7648K->512K(8192K)] 18863K->11727K(26112K), 0.0004920 secs] [Times: user=0.00 sys=0.00, real=0.00 secs] 
140.731: Total time for which application threads were stopped: 0.0006170 seconds, Stopping threads took: 0.0000640 seconds
140.771: Application time: 0.0393520 seconds
140.771: [GC [PSYoungGen: 7680K->480K(8192K)] 18895K->11695K(26112K), 0.0004000 secs] [Times: user=0.00 sys=0.00, real=0.00 secs] 
140.771: Total time for which application threads were stopped: 0.0005030 seconds, Stopping threads took: 0.0000430 seconds
140.810: Application time: 0.0389330 seconds
140.810: [GC [PSYoungGen: 7648K->464K(8192K)] 18863K->11679K(26112K), 0.0004630 secs] [Times: user=0.01 sys=0.00, real=0.00 secs] 
140.811: Total time for which application threads were stopped: 0.0005770 seconds, Stopping threads took: 0.0000440 seconds
140.850: Application time: 0.0387850 seconds
140.850: [GC [PSYoungGen: 7632K->448K(8192K)] 18847K->11663K(26112K), 0.0004010 secs] [Times: user=0.00 sys=0.00, real=0.00 secs] 
140.850: Total time for which application threads were stopped: 0.0005150 seconds, Stopping threads took: 0.0000540 seconds
140.889: Application time: 0.0388340 seconds
140.889: [GC [PSYoungGen: 7616K->496K(8192K)] 18831K->11711K(26112K), 0.0004250 secs] [Times: user=0.00 sys=0.00, real=0.01 secs] 
140.889: Total time for which application threads were stopped: 0.0005310 seconds, Stopping threads took: 0.0000460 seconds
140.928: Application time: 0.0388490 seconds
140.928: [GC [PSYoungGen: 7664K->496K(8192K)] 18879K->11711K(26112K), 0.0004280 secs] [Times: user=0.00 sys=0.00, real=0.00 secs] 
140.929: Total time for which application threads were stopped: 0.0005410 seconds, Stopping threads took: 0.0000520 seconds
140.968: Application time: 0.0389380 seconds
140.968: [GC [PSYoungGen: 7664K->512K(8192K)] 18879K->11727K(26112K), 0.0004070 secs] [Times: user=0.00 sys=0.00, real=0.00 secs] 
140.968: Total time for which application threads were stopped: 0.0005210 seconds, Stopping threads took: 0.0000530 seconds
141.007: Application time: 0.0390380 seconds
141.007: [GC [PSYoungGen: 7680K->496K(8192K)] 18895K->11711K(26112K), 0.0005660 secs] [Times: user=0.01 sys=0.00, real=0.00 secs] 
141.008: Total time for which application threads were stopped: 0.0006730 seconds, Stopping threads took: 0.0000430 seconds
141.047: Application time: 0.0391080 seconds
141.047: [GC [PSYoungGen: 7664K->304K(8192K)] 18879K->11707K(26112K), 0.0004430 secs] [Times: user=0.00 sys=0.00, real=0.00 secs] 
141.048: Total time for which application threads were stopped: 0.0005480 seconds, Stopping threads took: 0.0000400 seconds
141.086: Application time: 0.0388500 seconds
141.087: [GC [PSYoungGen: 7472K->256K(8192K)] 18875K->11771K(26112K), 0.0003960 secs] [Times: user=0.00 sys=0.00, real=0.00 secs] 
141.087: Total time for which application threads were stopped: 0.0005060 seconds, Stopping threads took: 0.0000490 seconds
141.126: Application time: 0.0392440 seconds
141.126: [GC [PSYoungGen: 7424K->256K(8192K)] 18939K->11771K(26112K), 0.0003740 secs] [Times: user=0.00 sys=0.00, real=0.00 secs] 
141.127: Total time for which application threads were stopped: 0.0004920 seconds, Stopping threads took: 0.0000550 seconds
141.166: Application time: 0.0391140 seconds
141.166: [GC [PSYoungGen: 7424K->256K(8192K)] 18939K->11771K(26112K), 0.0003760 secs] [Times: user=0.00 sys=0.00, real=0.00 secs] 
141.166: Total time for which application threads were stopped: 0.0004880 seconds, Stopping threads took: 0.0000480 seconds
141.205: Application time: 0.0389010 seconds
141.205: [GC [PSYoungGen: 7424K->256K(8192K)] 18939K->11771K(26112K), 0.0003700 secs] [Times: user=0.00 sys=0.00, real=0.00 secs] 
141.206: Total time for which application threads were stopped: 0.0004760 seconds, Stopping threads took: 0.0000450 seconds
141.241: Application time: 0.0348570 seconds
141.241: [GC [PSYoungGen: 7424K->464K(8192K)] 18939K->11979K(26112K), 0.0004610 secs] [Times: user=0.00 sys=0.00, real=0.01 secs] 
141.241: Total time for which application threads were stopped: 0.0005800 seconds, Stopping threads took: 0.0000520 seconds
141.280: Application time: 0.0388880 seconds
141.280: [GC [PSYoungGen: 7632K->528K(8192K)] 19147K->12043K(26112K), 0.0004350 secs] [Times: user=0.01 sys=0.00, real=0.00 secs] 
141.281: Total time for which application threads were stopped: 0.0005620 seconds, Stopping threads took: 0.0000640 seconds
141.320: Application time: 0.0391710 seconds
141.320: [GC [PSYoungGen: 7696K->512K(8192K)] 19211K->12027K(26112K), 0.0004180 secs] [Times: user=0.00 sys=0.00, real=0.00 secs] 
141.320: Total time for which application threads were stopped: 0.0005490 seconds, Stopping threads took: 0.0000530 seconds
141.359: Application time: 0.0389370 seconds
141.359: [GC [PSYoungGen: 7680K->512K(8192K)] 19195K->12027K(26112K), 0.0004390 secs] [Times: user=0.00 sys=0.00, real=0.00 secs] 
141.360: Total time for which application threads were stopped: 0.0005490 seconds, Stopping threads took: 0.0000480 seconds
141.399: Application time: 0.0393010 seconds
141.399: [GC [PSYoungGen: 7680K->496K(8192K)] 19195K->12012K(26112K), 0.0004320 secs] [Times: user=0.01 sys=0.00, real=0.00 secs] 
141.400: Total time for which application threads were stopped: 0.0005380 seconds, Stopping threads took: 0.0000420 seconds
141.439: Application time: 0.0389520 seconds
141.439: [GC [PSYoungGen: 7664K->480K(8192K)] 19180K->11995K(26112K), 0.0004440 secs] [Times: user=0.00 sys=0.00, real=0.00 secs] 
141.439: Total time for which application threads were stopped: 0.0005550 seconds, Stopping threads took: 0.0000470 seconds
141.478: Application time: 0.0389550 seconds
141.478: [GC [PSYoungGen: 7648K->480K(8192K)] 19163K->11995K(26112K), 0.0004560 secs] [Times: user=0.00 sys=0.00, real=0.00 secs] 
141.479: Total time for which application threads were stopped: 0.0005620 seconds, Stopping threads took: 0.0000460 seconds
141.518: Application time: 0.0390660 seconds
141.518: [GC [PSYoungGen: 7648K->560K(8192K)] 19163K->12075K(26112K), 0.0004240 secs] [Times: user=0.00 sys=0.00, real=0.00 secs] 
141.518: Total time for which application threads were stopped: 0.0005370 seconds, Stopping threads took: 0.0000510 seconds
141.557: Application time: 0.0389660 seconds
141.557: [GC [PSYoungGen: 7728K->512K(8192K)] 19243K->12027K(26112K), 0.0004210 secs] [Times: user=0.00 sys=0.00, real=0.00 secs] 
141.558: Total time for which application threads were stopped: 0.0005450 seconds, Stopping threads took: 0.0000620 seconds
141.598: Application time: 0.0397160 seconds
141.598: [GC [PSYoungGen: 7680K->528K(8192K)] 19195K->12043K(26112K), 0.0004670 secs] [Times: user=0.00 sys=0.00, real=0.00 secs] 
141.598: Total time for which application threads were stopped: 0.0005790 seconds, Stopping threads took: 0.0000490 seconds
141.636: Application time: 0.0379160 seconds
141.636: [GC [PSYoungGen: 7696K->480K(8192K)] 19211K->11996K(26112K), 0.0004120 secs] [Times: user=0.00 sys=0.00, real=0.00 secs] 
141.637: Total time for which application threads were stopped: 0.0005210 seconds, Stopping threads took: 0.0000450 seconds
141.676: Application time: 0.0396090 seconds
141.676: [GC [PSYoungGen: 7648K->480K(8192K)] 19164K->11995K(26112K), 0.0004980 secs] [Times: user=0.00 sys=0.00, real=0.00 secs] 
141.677: Total time for which application threads were stopped: 0.0006260 seconds, Stopping threads took: 0.0000590 seconds
141.716: Application time: 0.0389670 seconds
141.716: [GC [PSYoungGen: 7648K->512K(8192K)] 19163K->12027K(26112K), 0.0004480 secs] [Times: user=0.00 sys=0.00, real=0.00 secs] 
141.716: Total time for which application threads were stopped: 0.0005540 seconds, Stopping threads took: 0.0000430 seconds
141.755: Application time: 0.0390760 seconds
141.755: [GC [PSYoungGen: 7680K->512K(8192K)] 19195K->12027K(26112K), 0.0004670 secs] [Times: user=0.00 sys=0.00, real=0.00 secs] 
141.756: Total time for which application threads were stopped: 0.0005790 seconds, Stopping threads took: 0.0000410 seconds
141.795: Application time: 0.0390230 seconds
141.795: [GC [PSYoungGen: 7680K->480K(8192K)] 19195K->11995K(26112K), 0.0004470 secs] [Times: user=0.00 sys=0.00, real=0.00 secs] 
141.796: Total time for which application threads were stopped: 0.0005520 seconds, Stopping threads took: 0.0000430 seconds
141.834: Application time: 0.0388840 seconds
141.835: [GC [PSYoungGen: 7648K->256K(8192K)] 19163K->12040K(26112K), 0.0004390 secs] [Times: user=0.00 sys=0.00, real=0.00 secs] 
141.835: Total time for which application threads were stopped: 0.0005540 seconds, Stopping threads took: 0.0000450 seconds
141.875: Application time: 0.0395490 seconds
141.875: [GC [PSYoungGen: 7424K->256K(8192K)] 19208K->12040K(26112K), 0.0004020 secs] [Times: user=0.00 sys=0.00, real=0.00 secs] 
141.875: Total time for which application threads were stopped: 0.0005090 seconds, Stopping threads took: 0.0000440 seconds
141.914: Application time: 0.0388970 seconds
141.914: [GC [PSYoungGen: 7424K->256K(8192K)] 19208K->12040K(26112K), 0.0003730 secs] [Times: user=0.00 sys=0.00, real=0.00 secs] 
141.914: Total time for which application threads were stopped: 0.0004910 seconds, Stopping threads took: 0.0000560 seconds
141.953: Application time: 0.0388670 seconds
141.953: [GC [PSYoungGen: 7424K->272K(8192K)] 19208K->12056K(26112K), 0.0003620 secs] [Times: user=0.00 sys=0.00, real=0.00 secs] 
141.954: Total time for which application threads were stopped: 0.0004670 seconds, Stopping threads took: 0.0000440 seconds
141.992: Application time: 0.0386980 seconds
141.993: [GC [PSYoungGen: 7440K->272K(8192K)] 19224K->12056K(26112K), 0.0003560 secs] [Times: user=0.00 sys=0.00, real=0.00 secs] 
141.993: Total time for which application threads were stopped: 0.0004680 seconds, Stopping threads took: 0.0000490 seconds
142.028: Application time: 0.0352800 seconds
142.028: [GC [PSYoungGen: 7440K->416K(8192K)] 19224K->12200K(26112K), 0.0004420 secs] [Times: user=0.00 sys=0.00, real=0.00 secs] 
142.029: Total time for which application threads were stopped: 0.0005700 seconds, Stopping threads took: 0.0000630 seconds
142.068: Application time: 0.0389860 seconds
142.068: [GC [PSYoungGen: 7584K->544K(8192K)] 19368K->12328K(26112K), 0.0004820 secs] [Times: user=0.00 sys=0.00, real=0.00 secs] 
142.068: Total time for which application threads were stopped: 0.0005920 seconds, Stopping threads took: 0.0000470 seconds
142.107: Application time: 0.0390950 seconds
142.108: [GC [PSYoungGen: 7712K->528K(8192K)] 19496K->12312K(26112K), 0.0004290 secs] [Times: user=0.01 sys=0.00, real=0.00 secs] 
142.108: Total time for which application threads were stopped: 0.0005320 seconds, Stopping threads took: 0.0000420 seconds
142.148: Application time: 0.0395110 seconds
142.148: [GC [PSYoungGen: 7696K->512K(8192K)] 19480K->12296K(26112K), 0.0004310 secs] [Times: user=0.00 sys=0.00, real=0.00 secs] 
142.148: Total time for which application threads were stopped: 0.0005390 seconds, Stopping threads took: 0.0000460 seconds
142.187: Application time: 0.0389050 seconds
142.187: [GC [PSYoungGen: 7680K->528K(8192K)] 19464K->12312K(26112K), 0.0004150 secs] [Times: user=0.00 sys=0.00, real=0.00 secs] 
142.187: Total time for which application threads were stopped: 0.0005360 seconds, Stopping threads took: 0.0000550 seconds
142.227: Application time: 0.0392430 seconds
142.227: [GC [PSYoungGen: 7696K->496K(8192K)] 19480K->12280K(26112K), 0.0004340 secs] [Times: user=0.00 sys=0.00, real=0.00 secs] 
142.227: Total time for which application threads were stopped: 0.0005460 seconds, Stopping threads took: 0.0000500 seconds
142.266: Application time: 0.0390810 seconds
142.266: [GC [PSYoungGen: 7664K->512K(8192K)] 19448K->12296K(26112K), 0.0004550 secs] [Times: user=0.00 sys=0.00, real=0.00 secs] 
142.267: Total time for which application threads were stopped: 0.0005650 seconds, Stopping threads took: 0.0000480 seconds
142.306: Application time: 0.0390620 seconds
142.306: [GC [PSYoungGen: 7680K->528K(8192K)] 19464K->12312K(26112K), 0.0004420 secs] [Times: user=0.01 sys=0.00, real=0.00 secs] 
142.307: Total time for which application threads were stopped: 0.0005710 seconds, Stopping threads took: 0.0000630 seconds
142.346: Application time: 0.0392940 seconds
142.346: [GC [PSYoungGen: 7696K->464K(8192K)] 19480K->12248K(26112K), 0.0004220 secs] [Times: user=0.00 sys=0.00, real=0.00 secs] 
142.346: Total time for which application threads were stopped: 0.0005370 seconds, Stopping threads took: 0.0000460 seconds
142.385: Application time: 0.0388700 seconds
142.385: [GC [PSYoungGen: 7632K->480K(8192K)] 19416K->12264K(26112K), 0.0004480 secs] [Times: user=0.00 sys=0.00, real=0.00 secs] 
142.386: Total time for which application threads were stopped: 0.0005510 seconds, Stopping threads took: 0.0000440 seconds
142.424: Application time: 0.0382350 seconds
142.424: [GC [PSYoungGen: 7648K->528K(8192K)] 19432K->12312K(26112K), 0.0004290 secs] [Times: user=0.00 sys=0.00, real=0.00 secs] 
142.425: Total time for which application threads were stopped: 0.0005460 seconds, Stopping threads took: 0.0000510 seconds
142.464: Application time: 0.0393450 seconds
142.464: [GC [PSYoungGen: 7696K->512K(8192K)] 19480K->12296K(26112K), 0.0004440 secs] [Times: user=0.00 sys=0.00, real=0.00 secs] 
142.465: Total time for which application threads were stopped: 0.0005590 seconds, Stopping threads took: 0.0000520 seconds
142.503: Application time: 0.0389610 seconds
142.504: [GC [PSYoungGen: 7680K->480K(8192K)] 19464K->12264K(26112K), 0.0004090 secs] [Times: user=0.00 sys=0.00, real=0.00 secs] 
142.504: Total time for which application threads were stopped: 0.0005170 seconds, Stopping threads took: 0.0000460 seconds
142.543: Application time: 0.0389720 seconds
142.543: [GC [PSYoungGen: 7648K->512K(8192K)] 19432K->12296K(26112K), 0.0004260 secs] [Times: user=0.00 sys=0.00, real=0.00 secs] 
142.544: Total time for which application threads were stopped: 0.0005310 seconds, Stopping threads took: 0.0000430 seconds
142.582: Application time: 0.0388820 seconds
142.582: [GC [PSYoungGen: 7680K->416K(8192K)] 19464K->12248K(26112K), 0.0004430 secs] [Times: user=0.00 sys=0.00, real=0.00 secs] 
142.583: Total time for which application threads were stopped: 0.0005590 seconds, Stopping threads took: 0.0000510 seconds
142.622: Application time: 0.0388580 seconds
142.622: [GC [PSYoungGen: 7584K->256K(8192K)] 19416K->12328K(26112K), 0.0004610 secs] [Times: user=0.00 sys=0.00, real=0.00 secs] 
142.622: Total time for which application threads were stopped: 0.0005720 seconds, Stopping threads took: 0.0000500 seconds
142.662: Application time: 0.0397560 seconds
142.662: [GC [PSYoungGen: 7424K->224K(8192K)] 19496K->12296K(26112K), 0.0004960 secs] [Times: user=0.00 sys=0.00, real=0.00 secs] 
142.663: Total time for which application threads were stopped: 0.0006210 seconds, Stopping threads took: 0.0000560 seconds
142.702: Application time: 0.0388680 seconds
142.702: [GC [PSYoungGen: 7392K->256K(8192K)] 19464K->12328K(26112K), 0.0003850 secs] [Times: user=0.00 sys=0.00, real=0.00 secs] 
142.702: Total time for which application threads were stopped: 0.0005020 seconds, Stopping threads took: 0.0000520 seconds
142.741: Application time: 0.0390700 seconds
142.741: [GC [PSYoungGen: 7424K->256K(8192K)] 19496K->12328K(26112K), 0.0003760 secs] [Times: user=0.01 sys=0.00, real=0.00 secs] 
142.742: Total time for which application threads were stopped: 0.0004780 seconds, Stopping threads took: 0.0000420 seconds
142.779: Application time: 0.0370430 seconds
142.779: [GC [PSYoungGen: 7424K->336K(8192K)] 19496K->12408K(26112K), 0.0004200 secs] [Times: user=0.00 sys=0.00, real=0.00 secs] 
142.779: Total time for which application threads were stopped: 0.0005330 seconds, Stopping threads took: 0.0000460 seconds
142.816: Application time: 0.0367210 seconds
142.816: [GC [PSYoungGen: 7504K->528K(8192K)] 19576K->12600K(26112K), 0.0004170 secs] [Times: user=0.00 sys=0.00, real=0.00 secs] 
142.817: Total time for which application threads were stopped: 0.0005450 seconds, Stopping threads took: 0.0000640 seconds
142.856: Application time: 0.0391890 seconds
142.856: [GC [PSYoungGen: 7696K->512K(8192K)] 19768K->12584K(26112K), 0.0004730 secs] [Times: user=0.00 sys=0.00, real=0.00 secs] 
142.856: Total time for which application threads were stopped: 0.0006120 seconds, Stopping threads took: 0.0000660 seconds
142.895: Application time: 0.0389390 seconds
142.895: [GC [PSYoungGen: 7680K->480K(8192K)] 19752K->12552K(26112K), 0.0004680 secs] [Times: user=0.00 sys=0.00, real=0.00 secs] 
142.896: Total time for which application threads were stopped: 0.0005780 seconds, Stopping threads took: 0.0000440 seconds
142.935: Application time: 0.0390940 seconds
142.935: [GC [PSYoungGen: 7648K->560K(8192K)] 19720K->12632K(26112K), 0.0004140 secs] [Times: user=0.00 sys=0.00, real=0.00 secs] 
142.935: Total time for which application threads were stopped: 0.0005150 seconds, Stopping threads took: 0.0000380 seconds
142.974: Application time: 0.0389590 seconds
142.975: [GC [PSYoungGen: 7728K->496K(8192K)] 19800K->12568K(26112K), 0.0004190 secs] [Times: user=0.00 sys=0.00, real=0.00 secs] 
142.975: Total time for which application threads were stopped: 0.0005320 seconds, Stopping threads took: 0.0000500 seconds
143.014: Application time: 0.0389350 seconds
143.014: [GC [PSYoungGen: 7664K->512K(8192K)] 19736K->12584K(26112K), 0.0004280 secs] [Times: user=0.00 sys=0.00, real=0.00 secs] 
143.014: Total time for which application threads were stopped: 0.0005280 seconds, Stopping threads took: 0.0000370 seconds
143.054: Application time: 0.0392960 seconds
143.054: [GC [PSYoungGen: 7680K->528K(8192K)] 19752K->12600K(26112K), 0.0004430 secs] [Times: user=0.00 sys=0.00, real=0.00 secs] 
143.054: Total time for which application threads were stopped: 0.0005490 seconds, Stopping threads took: 0.0000420 seconds
143.093: Application time: 0.0390480 seconds
143.093: [GC [PSYoungGen: 7696K->496K(8192K)] 19768K->12568K(26112K), 0.0004240 secs] [Times: user=0.00 sys=0.00, real=0.00 secs] 
143.094: Total time for which application threads were stopped: 0.0005310 seconds, Stopping threads took: 0.0000430 seconds
143.133: Application time: 0.0388350 seconds
143.133: [GC [PSYoungGen: 7664K->544K(8192K)] 19736K->12616K(26112K), 0.0004390 secs] [Times: user=0.00 sys=0.01, real=0.00 secs] 
143.133: Total time for which application threads were stopped: 0.0005520 seconds, Stopping threads took: 0.0000490 seconds
143.173: Application time: 0.0394610 seconds
143.173: [GC [PSYoungGen: 7712K->464K(8192K)] 19784K->12536K(26112K), 0.0004120 secs] [Times: user=0.00 sys=0.00, real=0.00 secs] 
143.173: Total time for which application threads were stopped: 0.0005260 seconds, Stopping threads took: 0.0000500 seconds
143.212: Application time: 0.0388010 seconds
143.212: [GC [PSYoungGen: 7632K->496K(8192K)] 19704K->12568K(26112K), 0.0004610 secs] [Times: user=0.00 sys=0.00, real=0.00 secs] 
143.213: Total time for which application threads were stopped: 0.0005690 seconds, Stopping threads took: 0.0000450 seconds
143.252: Application time: 0.0395290 seconds
143.252: [GC [PSYoungGen: 7664K->480K(8192K)] 19736K->12552K(26112K), 0.0004370 secs] [Times: user=0.00 sys=0.00, real=0.00 secs] 
143.253: Total time for which application threads were stopped: 0.0005540 seconds, Stopping threads took: 0.0000520 seconds
143.292: Application time: 0.0389810 seconds
143.292: [GC [PSYoungGen: 7648K->528K(8192K)] 19720K->12600K(26112K), 0.0004290 secs] [Times: user=0.00 sys=0.00, real=0.00 secs] 
143.292: Total time for which application threads were stopped: 0.0005420 seconds, Stopping threads took: 0.0000510 seconds
143.331: Application time: 0.0389860 seconds
143.331: [GC [PSYoungGen: 7696K->512K(8192K)] 19768K->12584K(26112K), 0.0004700 secs] [Times: user=0.00 sys=0.00, real=0.00 secs] 
143.332: Total time for which application threads were stopped: 0.0005730 seconds, Stopping threads took: 0.0000380 seconds
143.371: Application time: 0.0390350 seconds
143.371: [GC [PSYoungGen: 7680K->368K(8192K)] 19752K->12596K(26112K), 0.0004760 secs] [Times: user=0.00 sys=0.00, real=0.00 secs] 
143.371: Total time for which application threads were stopped: 0.0005970 seconds, Stopping threads took: 0.0000410 seconds
143.411: Application time: 0.0396060 seconds
143.411: [GC [PSYoungGen: 7536K->256K(8192K)] 19764K->12636K(26112K), 0.0004110 secs] [Times: user=0.00 sys=0.00, real=0.00 secs] 
143.412: Total time for which application threads were stopped: 0.0005150 seconds, Stopping threads took: 0.0000420 seconds
143.451: Application time: 0.0392410 seconds
143.451: [GC [PSYoungGen: 7424K->256K(8192K)] 19804K->12636K(26112K), 0.0003790 secs] [Times: user=0.01 sys=0.00, real=0.00 secs] 
143.451: Total time for which application threads were stopped: 0.0005130 seconds, Stopping threads took: 0.0000690 seconds
143.490: Application time: 0.0389480 seconds
143.490: [GC [PSYoungGen: 7424K->256K(8192K)] 19804K->12636K(26112K), 0.0003710 secs] [Times: user=0.00 sys=0.00, real=0.00 secs] 
143.491: Total time for which application threads were stopped: 0.0004840 seconds, Stopping threads took: 0.0000480 seconds
143.530: Application time: 0.0388610 seconds
143.530: [GC [PSYoungGen: 7424K->256K(8192K)] 19804K->12636K(26112K), 0.0003750 secs] [Times: user=0.00 sys=0.00, real=0.00 secs] 
143.530: Total time for which application threads were stopped: 0.0004840 seconds, Stopping threads took: 0.0000460 seconds
143.566: Application time: 0.0361410 seconds
143.566: [GC [PSYoungGen: 7424K->368K(8192K)] 19804K->12748K(26112K), 0.0004080 secs] [Times: user=0.00 sys=0.00, real=0.00 secs] 
143.567: Total time for which application threads were stopped: 0.0005150 seconds, Stopping threads took: 0.0000440 seconds
143.604: Application time: 0.0373460 seconds
143.604: [GC [PSYoungGen: 7536K->496K(8192K)] 19916K->12876K(26112K), 0.0004860 secs] [Times: user=0.00 sys=0.00, real=0.00 secs] 
143.605: Total time for which application threads were stopped: 0.0006080 seconds, Stopping threads took: 0.0000600 seconds
143.645: Application time: 0.0398460 seconds
143.645: [GC [PSYoungGen: 7664K->512K(8192K)] 20044K->12892K(26112K), 0.0005060 secs] [Times: user=0.00 sys=0.00, real=0.00 secs] 
143.645: Total time for which application threads were stopped: 0.0006380 seconds, Stopping threads took: 0.0000600 seconds
143.684: Application time: 0.0390600 seconds
143.684: [GC [PSYoungGen: 7680K->448K(8192K)] 20060K->12828K(26112K), 0.0004800 secs] [Times: user=0.00 sys=0.00, real=0.00 secs] 
143.685: Total time for which application threads were stopped: 0.0005990 seconds, Stopping threads took: 0.0000530 seconds
143.724: Application time: 0.0388880 seconds
143.724: [GC [PSYoungGen: 7616K->480K(8192K)] 19996K->12860K(26112K), 0.0004510 secs] [Times: user=0.00 sys=0.00, real=0.00 secs] 
143.724: Total time for which application threads were stopped: 0.0005660 seconds, Stopping threads took: 0.0000490 seconds
143.763: Application time: 0.0391730 seconds
143.764: [GC [PSYoungGen: 7648K->528K(8192K)] 20028K->12908K(26112K), 0.0004380 secs] [Times: user=0.01 sys=0.00, real=0.00 secs] 
143.764: Total time for which application threads were stopped: 0.0005530 seconds, Stopping threads took: 0.0000530 seconds
143.803: Application time: 0.0391630 seconds
143.803: [GC [PSYoungGen: 7696K->496K(8192K)] 20076K->12876K(26112K), 0.0004530 secs] [Times: user=0.00 sys=0.00, real=0.00 secs] 
143.804: Total time for which application threads were stopped: 0.0005700 seconds, Stopping threads took: 0.0000550 seconds
143.843: Application time: 0.0390610 seconds
143.843: [GC [PSYoungGen: 7664K->512K(8192K)] 20044K->12892K(26112K), 0.0004400 secs] [Times: user=0.00 sys=0.00, real=0.00 secs] 
143.843: Total time for which application threads were stopped: 0.0005510 seconds, Stopping threads took: 0.0000480 seconds
143.883: Application time: 0.0392780 seconds
143.885: [GC [PSYoungGen: 7680K->512K(8192K)] 20060K->12892K(26112K), 0.0004370 secs] [Times: user=0.00 sys=0.00, real=0.00 secs] 
143.886: Total time for which application threads were stopped: 0.0028950 seconds, Stopping threads took: 0.0023870 seconds
143.924: Application time: 0.0388600 seconds
143.925: [GC [PSYoungGen: 7680K->464K(8192K)] 20060K->12844K(26112K), 0.0004290 secs] [Times: user=0.00 sys=0.00, real=0.00 secs] 
143.925: Total time for which application threads were stopped: 0.0005510 seconds, Stopping threads took: 0.0000600 seconds
143.964: Application time: 0.0387490 seconds
143.964: [GC [PSYoungGen: 7632K->496K(8192K)] 20012K->12876K(26112K), 0.0004370 secs] [Times: user=0.00 sys=0.00, real=0.00 secs] 
143.964: Total time for which application threads were stopped: 0.0005530 seconds, Stopping threads took: 0.0000530 seconds
144.003: Application time: 0.0388470 seconds
144.003: [GC [PSYoungGen: 7664K->480K(8192K)] 20044K->12860K(26112K), 0.0004320 secs] [Times: user=0.01 sys=0.00, real=0.00 secs] 
144.004: Total time for which application threads were stopped: 0.0005390 seconds, Stopping threads took: 0.0000450 seconds
144.043: Application time: 0.0388650 seconds
144.043: [GC [PSYoungGen: 7648K->512K(8192K)] 20028K->12892K(26112K), 0.0004180 secs] [Times: user=0.00 sys=0.00, real=0.00 secs] 
144.043: Total time for which application threads were stopped: 0.0005280 seconds, Stopping threads took: 0.0000490 seconds
144.082: Application time: 0.0388550 seconds
144.082: [GC [PSYoungGen: 7680K->512K(8192K)] 20060K->12892K(26112K), 0.0004250 secs] [Times: user=0.00 sys=0.00, real=0.00 secs] 
144.082: Total time for which application threads were stopped: 0.0005330 seconds, Stopping threads took: 0.0000470 seconds
144.121: Application time: 0.0389420 seconds
144.121: [GC [PSYoungGen: 7680K->512K(8192K)] 20060K->12892K(26112K), 0.0004250 secs] [Times: user=0.00 sys=0.00, real=0.00 secs] 
144.122: Total time for which application threads were stopped: 0.0005320 seconds, Stopping threads took: 0.0000450 seconds
144.161: Application time: 0.0388090 seconds
144.161: [GC [PSYoungGen: 7680K->304K(8192K)] 20060K->12868K(26112K), 0.0004300 secs] [Times: user=0.00 sys=0.00, real=0.01 secs] 
144.161: Total time for which application threads were stopped: 0.0005410 seconds, Stopping threads took: 0.0000470 seconds
144.200: Application time: 0.0391730 seconds
144.201: [GC [PSYoungGen: 7472K->256K(8192K)] 20036K->12948K(26112K), 0.0003890 secs] [Times: user=0.00 sys=0.00, real=0.00 secs] 
144.201: Total time for which application threads were stopped: 0.0004940 seconds, Stopping threads took: 0.0000430 seconds
144.240: Application time: 0.0388900 seconds
144.240: [GC [PSYoungGen: 7424K->256K(8192K)] 20116K->12948K(26112K), 0.0003530 secs] [Times: user=0.01 sys=0.00, real=0.00 secs] 
144.240: Total time for which application threads were stopped: 0.0004610 seconds, Stopping threads took: 0.0000460 seconds
144.280: Application time: 0.0392340 seconds
144.280: [GC [PSYoungGen: 7424K->224K(8192K)] 20116K->12917K(26112K), 0.0004410 secs] [Times: user=0.00 sys=0.00, real=0.00 secs] 
144.280: Total time for which application threads were stopped: 0.0005520 seconds, Stopping threads took: 0.0000480 seconds
144.319: Application time: 0.0391020 seconds
144.319: [GC [PSYoungGen: 7392K->272K(8192K)] 20085K->12965K(26112K), 0.0003670 secs] [Times: user=0.00 sys=0.00, real=0.00 secs] 
144.320: Total time for which application threads were stopped: 0.0004790 seconds, Stopping threads took: 0.0000490 seconds
144.356: Application time: 0.0365070 seconds
144.356: [GC [PSYoungGen: 7440K->384K(8192K)] 20133K->13077K(26112K), 0.0004410 secs] [Times: user=0.00 sys=0.00, real=0.00 secs] 
144.357: Total time for which application threads were stopped: 0.0005610 seconds, Stopping threads took: 0.0000540 seconds
144.394: Application time: 0.0373790 seconds
144.394: [GC [PSYoungGen: 7552K->480K(8192K)] 20245K->13173K(26112K), 0.0004400 secs] [Times: user=0.00 sys=0.00, real=0.00 secs] 
144.395: Total time for which application threads were stopped: 0.0005600 seconds, Stopping threads took: 0.0000470 seconds
144.434: Application time: 0.0392230 seconds
144.434: [GC [PSYoungGen: 7648K->496K(8192K)] 20341K->13189K(26112K), 0.0004340 secs] [Times: user=0.00 sys=0.00, real=0.00 secs] 
144.434: Total time for which application threads were stopped: 0.0005430 seconds, Stopping threads took: 0.0000470 seconds
144.474: Application time: 0.0391800 seconds
144.474: [GC [PSYoungGen: 7664K->528K(8192K)] 20357K->13221K(26112K), 0.0004820 secs] [Times: user=0.00 sys=0.00, real=0.00 secs] 
144.474: Total time for which application threads were stopped: 0.0005960 seconds, Stopping threads took: 0.0000480 seconds
144.513: Application time: 0.0389580 seconds
144.513: [GC [PSYoungGen: 7696K->528K(8192K)] 20389K->13221K(26112K), 0.0004260 secs] [Times: user=0.00 sys=0.00, real=0.00 secs] 
144.514: Total time for which application threads were stopped: 0.0005290 seconds, Stopping threads took: 0.0000400 seconds
144.553: Application time: 0.0389680 seconds
144.553: [GC [PSYoungGen: 7696K->528K(8192K)] 20389K->13221K(26112K), 0.0004190 secs] [Times: user=0.00 sys=0.00, real=0.00 secs] 
144.553: Total time for which application threads were stopped: 0.0005350 seconds, Stopping threads took: 0.0000530 seconds
144.592: Application time: 0.0389190 seconds
144.592: [GC [PSYoungGen: 7696K->464K(8192K)] 20389K->13157K(26112K), 0.0004450 secs] [Times: user=0.00 sys=0.00, real=0.00 secs] 
144.593: Total time for which application threads were stopped: 0.0005570 seconds, Stopping threads took: 0.0000520 seconds
144.632: Application time: 0.0395980 seconds
144.632: [GC [PSYoungGen: 7632K->544K(8192K)] 20325K->13237K(26112K), 0.0004380 secs] [Times: user=0.00 sys=0.00, real=0.00 secs] 
144.633: Total time for which application threads were stopped: 0.0005410 seconds, Stopping threads took: 0.0000410 seconds
144.672: Application time: 0.0389820 seconds
144.672: [GC [PSYoungGen: 7712K->496K(8192K)] 20405K->13189K(26112K), 0.0005090 secs] [Times: user=0.01 sys=0.00, real=0.00 secs] 
144.672: Total time for which application threads were stopped: 0.0006270 seconds, Stopping threads took: 0.0000500 seconds
144.712: Application time: 0.0393450 seconds
144.712: [GC [PSYoungGen: 7664K->496K(8192K)] 20357K->13189K(26112K), 0.0004780 secs] [Times: user=0.00 sys=0.00, real=0.00 secs] 
144.712: Total time for which application threads were stopped: 0.0006050 seconds, Stopping threads took: 0.0000630 seconds
144.751: Application time: 0.0383030 seconds
144.751: [GC [PSYoungGen: 7664K->528K(8192K)] 20357K->13221K(26112K), 0.0004490 secs] [Times: user=0.00 sys=0.00, real=0.00 secs] 
144.751: Total time for which application threads were stopped: 0.0005600 seconds, Stopping threads took: 0.0000480 seconds
144.790: Application time: 0.0387720 seconds
144.790: [GC [PSYoungGen: 7696K->528K(8192K)] 20389K->13221K(26112K), 0.0004350 secs] [Times: user=0.00 sys=0.00, real=0.00 secs] 
144.791: Total time for which application threads were stopped: 0.0005490 seconds, Stopping threads took: 0.0000520 seconds
144.830: Application time: 0.0392050 seconds
144.830: [GC [PSYoungGen: 7696K->512K(8192K)] 20389K->13205K(26112K), 0.0004150 secs] [Times: user=0.00 sys=0.00, real=0.00 secs] 
144.830: Total time for which application threads were stopped: 0.0005270 seconds, Stopping threads took: 0.0000500 seconds
144.869: Application time: 0.0391330 seconds
144.870: [GC [PSYoungGen: 7680K->480K(8192K)] 20373K->13173K(26112K), 0.0004530 secs] [Times: user=0.00 sys=0.00, real=0.00 secs] 
144.870: Total time for which application threads were stopped: 0.0005620 seconds, Stopping threads took: 0.0000440 seconds
144.909: Application time: 0.0388700 seconds
144.909: [GC [PSYoungGen: 7648K->512K(8192K)] 20341K->13205K(26112K), 0.0004150 secs] [Times: user=0.00 sys=0.00, real=0.01 secs] 
144.909: Total time for which application threads were stopped: 0.0005370 seconds, Stopping threads took: 0.0000460 seconds
144.949: Application time: 0.0392080 seconds
144.949: [GC [PSYoungGen: 7680K->336K(8192K)] 20373K->13217K(26112K), 0.0004420 secs] [Times: user=0.00 sys=0.00, real=0.01 secs] 
144.949: Total time for which application threads were stopped: 0.0005580 seconds, Stopping threads took: 0.0000510 seconds
144.988: Application time: 0.0392450 seconds
144.989: [GC [PSYoungGen: 7504K->240K(8192K)] 20385K->13233K(26112K), 0.0004270 secs] [Times: user=0.00 sys=0.00, real=0.00 secs] 
144.989: Total time for which application threads were stopped: 0.0005360 seconds, Stopping threads took: 0.0000390 seconds
145.028: Application time: 0.0388440 seconds
145.028: [GC [PSYoungGen: 7408K->256K(8192K)] 20401K->13249K(26112K), 0.0003810 secs] [Times: user=0.00 sys=0.00, real=0.00 secs] 
145.028: Total time for which application threads were stopped: 0.0004830 seconds, Stopping threads took: 0.0000400 seconds
145.067: Application time: 0.0388210 seconds
145.067: [GC [PSYoungGen: 7424K->256K(8192K)] 20417K->13249K(26112K), 0.0003760 secs] [Times: user=0.00 sys=0.00, real=0.00 secs] 
145.068: Total time for which application threads were stopped: 0.0004840 seconds, Stopping threads took: 0.0000480 seconds
145.105: Application time: 0.0378510 seconds
145.106: [GC [PSYoungGen: 7424K->320K(8192K)] 20417K->13313K(26112K), 0.0003850 secs] [Times: user=0.00 sys=0.00, real=0.00 secs] 
145.106: Total time for which application threads were stopped: 0.0004980 seconds, Stopping threads took: 0.0000490 seconds
145.143: Application time: 0.0365580 seconds
145.143: [GC [PSYoungGen: 7488K->480K(8192K)] 20481K->13473K(26112K), 0.0004480 secs] [Times: user=0.00 sys=0.00, real=0.00 secs] 
145.143: Total time for which application threads were stopped: 0.0005580 seconds, Stopping threads took: 0.0000470 seconds
145.182: Application time: 0.0384570 seconds
145.182: [GC [PSYoungGen: 7648K->496K(8192K)] 20641K->13489K(26112K), 0.0004680 secs] [Times: user=0.00 sys=0.00, real=0.00 secs] 
145.182: Total time for which application threads were stopped: 0.0005800 seconds, Stopping threads took: 0.0000510 seconds
145.222: Application time: 0.0395170 seconds
145.222: [GC [PSYoungGen: 7664K->512K(8192K)] 20657K->13505K(26112K), 0.0005120 secs] [Times: user=0.01 sys=0.00, real=0.00 secs] 
145.225: Total time for which application threads were stopped: 0.0029400 seconds, Stopping threads took: 0.0000490 seconds
145.264: Application time: 0.0392550 seconds
145.264: [GC [PSYoungGen: 7680K->528K(8192K)] 20673K->13521K(26112K), 0.0005040 secs] [Times: user=0.00 sys=0.00, real=0.00 secs] 
145.264: Total time for which application threads were stopped: 0.0006170 seconds, Stopping threads took: 0.0000520 seconds
145.303: Application time: 0.0390440 seconds
145.304: [GC [PSYoungGen: 7696K->512K(8192K)] 20689K->13505K(26112K), 0.0004490 secs] [Times: user=0.00 sys=0.00, real=0.00 secs] 
145.304: Total time for which application threads were stopped: 0.0005530 seconds, Stopping threads took: 0.0000410 seconds
145.343: Application time: 0.0389700 seconds
145.343: [GC [PSYoungGen: 7680K->496K(8192K)] 20673K->13489K(26112K), 0.0004140 secs] [Times: user=0.01 sys=0.00, real=0.00 secs] 
145.344: Total time for which application threads were stopped: 0.0005220 seconds, Stopping threads took: 0.0000490 seconds
145.382: Application time: 0.0388660 seconds
145.385: [GC [PSYoungGen: 7664K->496K(8192K)] 20657K->13489K(26112K), 0.0004370 secs] [Times: user=0.01 sys=0.00, real=0.00 secs] 
145.386: Total time for which application threads were stopped: 0.0031010 seconds, Stopping threads took: 0.0026030 seconds
145.424: Application time: 0.0388710 seconds
145.424: [GC [PSYoungGen: 7664K->512K(8192K)] 20657K->13505K(26112K), 0.0004260 secs] [Times: user=0.00 sys=0.00, real=0.00 secs] 
145.425: Total time for which application threads were stopped: 0.0005510 seconds, Stopping threads took: 0.0000520 seconds
145.464: Application time: 0.0391270 seconds
145.464: [GC [PSYoungGen: 7680K->528K(8192K)] 20673K->13521K(26112K), 0.0004620 secs] [Times: user=0.01 sys=0.00, real=0.00 secs] 
145.465: Total time for which application threads were stopped: 0.0005750 seconds, Stopping threads took: 0.0000490 seconds
145.503: Application time: 0.0387430 seconds
145.503: [GC [PSYoungGen: 7696K->512K(8192K)] 20689K->13505K(26112K), 0.0004210 secs] [Times: user=0.00 sys=0.00, real=0.00 secs] 
145.504: Total time for which application threads were stopped: 0.0005240 seconds, Stopping threads took: 0.0000410 seconds
145.542: Application time: 0.0382550 seconds
145.542: [GC [PSYoungGen: 7680K->496K(8192K)] 20673K->13489K(26112K), 0.0004620 secs] [Times: user=0.00 sys=0.00, real=0.00 secs] 
145.543: Total time for which application threads were stopped: 0.0005730 seconds, Stopping threads took: 0.0000460 seconds
145.582: Application time: 0.0389850 seconds
145.582: [GC [PSYoungGen: 7664K->496K(8192K)] 20657K->13489K(26112K), 0.0004510 secs] [Times: user=0.01 sys=0.00, real=0.00 secs] 
145.582: Total time for which application threads were stopped: 0.0005660 seconds, Stopping threads took: 0.0000530 seconds
145.622: Application time: 0.0392570 seconds
145.622: [GC [PSYoungGen: 7664K->512K(8192K)] 20657K->13505K(26112K), 0.0004380 secs] [Times: user=0.00 sys=0.00, real=0.00 secs] 
145.622: Total time for which application threads were stopped: 0.0005430 seconds, Stopping threads took: 0.0000410 seconds
145.662: Application time: 0.0395450 seconds
145.662: [GC [PSYoungGen: 7680K->512K(8192K)] 20673K->13505K(26112K), 0.0004820 secs] [Times: user=0.01 sys=0.00, real=0.00 secs] 
145.662: Total time for which application threads were stopped: 0.0006010 seconds, Stopping threads took: 0.0000480 seconds
145.701: Application time: 0.0390180 seconds
145.701: [GC [PSYoungGen: 7680K->464K(8192K)] 20673K->13545K(26112K), 0.0004330 secs] [Times: user=0.00 sys=0.00, real=0.00 secs] 
145.702: Total time for which application threads were stopped: 0.0005440 seconds, Stopping threads took: 0.0000440 seconds
145.741: Application time: 0.0391430 seconds
145.741: [GC [PSYoungGen: 7632K->272K(8192K)] 20713K->13541K(26112K), 0.0004160 secs] [Times: user=0.00 sys=0.00, real=0.00 secs] 
145.741: Total time for which application threads were stopped: 0.0005300 seconds, Stopping threads took: 0.0000500 seconds
145.780: Application time: 0.0389430 seconds
145.781: [GC [PSYoungGen: 7440K->256K(8192K)] 20709K->13581K(26112K), 0.0003620 secs] [Times: user=0.00 sys=0.00, real=0.00 secs] 
145.781: Total time for which application threads were stopped: 0.0004710 seconds, Stopping threads took: 0.0000470 seconds
145.820: Application time: 0.0388650 seconds
145.820: [GC [PSYoungGen: 7424K->256K(8192K)] 20749K->13581K(26112K), 0.0003720 secs] [Times: user=0.00 sys=0.00, real=0.00 secs] 
145.820: Total time for which application threads were stopped: 0.0004930 seconds, Stopping threads took: 0.0000570 seconds
145.859: Application time: 0.0388870 seconds
145.859: [GC [PSYoungGen: 7424K->256K(8192K)] 20749K->13581K(26112K), 0.0003750 secs] [Times: user=0.00 sys=0.00, real=0.00 secs] 
145.860: Total time for which application threads were stopped: 0.0004850 seconds, Stopping threads took: 0.0000470 seconds
145.897: Application time: 0.0373660 seconds
145.897: [GC [PSYoungGen: 7424K->288K(8192K)] 20749K->13613K(26112K), 0.0003650 secs] [Times: user=0.00 sys=0.00, real=0.00 secs] 
145.897: Total time for which application threads were stopped: 0.0004760 seconds, Stopping threads took: 0.0000490 seconds
145.934: Application time: 0.0366450 seconds
145.934: [GC [PSYoungGen: 7456K->496K(8192K)] 20781K->13821K(26112K), 0.0004920 secs] [Times: user=0.00 sys=0.00, real=0.00 secs] 
145.935: Total time for which application threads were stopped: 0.0006130 seconds, Stopping threads took: 0.0000480 seconds
145.974: Application time: 0.0392720 seconds
145.974: [GC [PSYoungGen: 7664K->496K(8192K)] 20989K->13821K(26112K), 0.0004740 secs] [Times: user=0.00 sys=0.00, real=0.00 secs] 
145.975: Total time for which application threads were stopped: 0.0005810 seconds, Stopping threads took: 0.0000470 seconds
146.014: Application time: 0.0389070 seconds
146.014: [GC [PSYoungGen: 7664K->496K(8192K)] 20989K->13821K(26112K), 0.0004330 secs] [Times: user=0.00 sys=0.00, real=0.00 secs] 
146.014: Total time for which application threads were stopped: 0.0005480 seconds, Stopping threads took: 0.0000500 seconds
146.053: Application time: 0.0388560 seconds
146.053: [GC [PSYoungGen: 7664K->480K(8192K)] 20989K->13805K(26112K), 0.0004370 secs] [Times: user=0.00 sys=0.00, real=0.00 secs] 
146.053: Total time for which application threads were stopped: 0.0005440 seconds, Stopping threads took: 0.0000410 seconds
146.092: Application time: 0.0389780 seconds
146.093: [GC [PSYoungGen: 7648K->528K(8192K)] 20973K->13853K(26112K), 0.0004650 secs] [Times: user=0.00 sys=0.00, real=0.00 secs] 
146.093: Total time for which application threads were stopped: 0.0005760 seconds, Stopping threads took: 0.0000510 seconds
146.133: Application time: 0.0395070 seconds
146.133: [GC [PSYoungGen: 7696K->544K(8192K)] 21021K->13869K(26112K), 0.0004990 secs] [Times: user=0.01 sys=0.00, real=0.00 secs] 
146.133: Total time for which application threads were stopped: 0.0006150 seconds, Stopping threads took: 0.0000520 seconds
146.172: Application time: 0.0389170 seconds
146.172: [GC [PSYoungGen: 7712K->544K(8192K)] 21037K->13869K(26112K), 0.0004460 secs] [Times: user=0.00 sys=0.00, real=0.00 secs] 
146.173: Total time for which application threads were stopped: 0.0005510 seconds, Stopping threads took: 0.0000420 seconds
146.211: Application time: 0.0388860 seconds
146.212: [GC [PSYoungGen: 7712K->528K(8192K)] 21037K->13853K(26112K), 0.0004320 secs] [Times: user=0.00 sys=0.00, real=0.00 secs] 
146.212: Total time for which application threads were stopped: 0.0005410 seconds, Stopping threads took: 0.0000480 seconds
146.251: Application time: 0.0388890 seconds
146.251: [GC [PSYoungGen: 7696K->480K(8192K)] 21021K->13805K(26112K), 0.0004290 secs] [Times: user=0.00 sys=0.00, real=0.00 secs] 
146.251: Total time for which application threads were stopped: 0.0005340 seconds, Stopping threads took: 0.0000440 seconds
146.290: Application time: 0.0388230 seconds
146.290: [GC [PSYoungGen: 7648K->544K(8192K)] 20973K->13869K(26112K), 0.0004290 secs] [Times: user=0.00 sys=0.00, real=0.00 secs] 
146.291: Total time for which application threads were stopped: 0.0005340 seconds, Stopping threads took: 0.0000440 seconds
146.330: Application time: 0.0387570 seconds
146.330: [GC [PSYoungGen: 7712K->528K(8192K)] 21037K->13853K(26112K), 0.0004310 secs] [Times: user=0.00 sys=0.00, real=0.00 secs] 
146.330: Total time for which application threads were stopped: 0.0005380 seconds, Stopping threads took: 0.0000450 seconds
146.369: Application time: 0.0389050 seconds
146.369: [GC [PSYoungGen: 7696K->528K(8192K)] 21021K->13853K(26112K), 0.0004290 secs] [Times: user=0.00 sys=0.00, real=0.00 secs] 
146.370: Total time for which application threads were stopped: 0.0005370 seconds, Stopping threads took: 0.0000460 seconds
146.408: Application time: 0.0388520 seconds
146.409: [GC [PSYoungGen: 7696K->496K(8192K)] 21021K->13821K(26112K), 0.0004350 secs] [Times: user=0.00 sys=0.00, real=0.00 secs] 
146.409: Total time for which application threads were stopped: 0.0005550 seconds, Stopping threads took: 0.0000560 seconds
146.448: Application time: 0.0394950 seconds
146.449: [GC [PSYoungGen: 7664K->496K(8192K)] 20989K->13821K(26112K), 0.0004280 secs] [Times: user=0.00 sys=0.00, real=0.01 secs] 
146.449: Total time for which application threads were stopped: 0.0005530 seconds, Stopping threads took: 0.0000510 seconds
146.488: Application time: 0.0390940 seconds
146.488: [GC [PSYoungGen: 7664K->416K(8192K)] 20989K->13853K(26112K), 0.0004410 secs] [Times: user=0.00 sys=0.00, real=0.00 secs] 
146.489: Total time for which application threads were stopped: 0.0005420 seconds, Stopping threads took: 0.0000410 seconds
146.528: Application time: 0.0389290 seconds
146.528: [GC [PSYoungGen: 7584K->256K(8192K)] 21021K->13869K(26112K), 0.0004040 secs] [Times: user=0.00 sys=0.00, real=0.00 secs] 
146.528: Total time for which application threads were stopped: 0.0005090 seconds, Stopping threads took: 0.0000440 seconds
146.567: Application time: 0.0389520 seconds
146.567: [GC [PSYoungGen: 7424K->256K(8192K)] 21037K->13869K(26112K), 0.0003550 secs] [Times: user=0.00 sys=0.00, real=0.00 secs] 
146.568: Total time for which application threads were stopped: 0.0004770 seconds, Stopping threads took: 0.0000590 seconds
146.606: Application time: 0.0389230 seconds
146.607: [GC [PSYoungGen: 7424K->256K(8192K)] 21037K->13869K(26112K), 0.0003740 secs] [Times: user=0.00 sys=0.00, real=0.00 secs] 
146.607: Total time for which application threads were stopped: 0.0004940 seconds, Stopping threads took: 0.0000510 seconds
146.646: Application time: 0.0393630 seconds
146.646: [GC [PSYoungGen: 7424K->256K(8192K)] 21037K->13869K(26112K), 0.0004180 secs] [Times: user=0.00 sys=0.00, real=0.00 secs] 
146.647: Total time for which application threads were stopped: 0.0005330 seconds, Stopping threads took: 0.0000430 seconds
146.683: Application time: 0.0364910 seconds
146.683: [GC [PSYoungGen: 7424K->416K(8192K)] 21037K->14029K(26112K), 0.0004380 secs] [Times: user=0.00 sys=0.00, real=0.00 secs] 
146.684: Total time for which application threads were stopped: 0.0005530 seconds, Stopping threads took: 0.0000490 seconds
146.722: Application time: 0.0378310 seconds
146.722: [GC [PSYoungGen: 7584K->496K(8192K)] 21197K->14109K(26112K), 0.0004440 secs] [Times: user=0.00 sys=0.00, real=0.00 secs] 
146.722: Total time for which application threads were stopped: 0.0005470 seconds, Stopping threads took: 0.0000380 seconds
146.761: Application time: 0.0389080 seconds
146.761: [GC [PSYoungGen: 7664K->496K(8192K)] 21277K->14109K(26112K), 0.0004400 secs] [Times: user=0.00 sys=0.00, real=0.00 secs] 
146.762: Total time for which application threads were stopped: 0.0005510 seconds, Stopping threads took: 0.0000490 seconds
146.801: Application time: 0.0392630 seconds
146.801: [GC [PSYoungGen: 7664K->496K(8192K)] 21277K->14109K(26112K), 0.0004290 secs] [Times: user=0.00 sys=0.00, real=0.00 secs] 
146.802: Total time for which application threads were stopped: 0.0005420 seconds, Stopping threads took: 0.0000510 seconds
146.841: Application time: 0.0390040 seconds
146.841: [GC [PSYoungGen: 7664K->496K(8192K)] 21277K->14109K(26112K), 0.0004270 secs] [Times: user=0.00 sys=0.00, real=0.01 secs] 
146.841: Total time for which application threads were stopped: 0.0005430 seconds, Stopping threads took: 0.0000520 seconds
146.880: Application time: 0.0389190 seconds
146.880: [GC [PSYoungGen: 7664K->512K(8192K)] 21277K->14125K(26112K), 0.0004350 secs] [Times: user=0.00 sys=0.00, real=0.00 secs] 
146.881: Total time for which application threads were stopped: 0.0005410 seconds, Stopping threads took: 0.0000440 seconds
146.920: Application time: 0.0394480 seconds
146.920: [GC [PSYoungGen: 7680K->480K(8192K)] 21293K->14093K(26112K), 0.0004400 secs] [Times: user=0.01 sys=0.00, real=0.00 secs] 
146.921: Total time for which application threads were stopped: 0.0005500 seconds, Stopping threads took: 0.0000490 seconds
146.959: Application time: 0.0388770 seconds
146.960: [GC [PSYoungGen: 7648K->496K(8192K)] 21261K->14109K(26112K), 0.0004150 secs] [Times: user=0.00 sys=0.00, real=0.00 secs] 
146.960: Total time for which application threads were stopped: 0.0005310 seconds, Stopping threads took: 0.0000460 seconds
146.999: Application time: 0.0389160 seconds
146.999: [GC [PSYoungGen: 7664K->496K(8192K)] 21277K->14109K(26112K), 0.0004300 secs] [Times: user=0.00 sys=0.00, real=0.00 secs] 
146.999: Total time for which application threads were stopped: 0.0005550 seconds, Stopping threads took: 0.0000600 seconds
147.039: Application time: 0.0390830 seconds
147.039: [GC [PSYoungGen: 7664K->512K(8192K)] 21277K->14125K(26112K), 0.0004350 secs] [Times: user=0.00 sys=0.00, real=0.00 secs] 
147.039: Total time for which application threads were stopped: 0.0005580 seconds, Stopping threads took: 0.0000620 seconds
147.078: Application time: 0.0386100 seconds
147.078: [GC [PSYoungGen: 7680K->512K(8192K)] 21293K->14125K(26112K), 0.0004280 secs] [Times: user=0.00 sys=0.00, real=0.00 secs] 
147.078: Total time for which application threads were stopped: 0.0005420 seconds, Stopping threads took: 0.0000520 seconds
147.117: Application time: 0.0387650 seconds
147.117: [GC [PSYoungGen: 7680K->464K(8192K)] 21293K->14077K(26112K), 0.0005080 secs] [Times: user=0.00 sys=0.00, real=0.00 secs] 
147.118: Total time for which application threads were stopped: 0.0006140 seconds, Stopping threads took: 0.0000450 seconds
147.157: Application time: 0.0389590 seconds
147.157: [GC [PSYoungGen: 7632K->528K(8192K)] 21245K->14141K(26112K), 0.0004780 secs] [Times: user=0.00 sys=0.00, real=0.00 secs] 
147.157: Total time for which application threads were stopped: 0.0005880 seconds, Stopping threads took: 0.0000480 seconds
147.196: Application time: 0.0389100 seconds
147.196: [GC [PSYoungGen: 7696K->512K(8192K)] 21309K->14125K(26112K), 0.0004300 secs] [Times: user=0.01 sys=0.00, real=0.00 secs] 
147.197: Total time for which application threads were stopped: 0.0005410 seconds, Stopping threads took: 0.0000470 seconds
147.236: Application time: 0.0389140 seconds
147.236: [GC [PSYoungGen: 7680K->496K(8192K)] 21293K->14109K(26112K), 0.0004280 secs] [Times: user=0.00 sys=0.00, real=0.00 secs] 
147.236: Total time for which application threads were stopped: 0.0005410 seconds, Stopping threads took: 0.0000500 seconds
147.275: Application time: 0.0388780 seconds
147.275: [GC [PSYoungGen: 7664K->368K(8192K)] 21277K->14153K(26112K), 0.0004340 secs] [Times: user=0.00 sys=0.00, real=0.00 secs] 
147.276: Total time for which application threads were stopped: 0.0005460 seconds, Stopping threads took: 0.0000500 seconds
147.315: Application time: 0.0394290 seconds
147.315: [GC [PSYoungGen: 7536K->256K(8192K)] 21321K->14162K(26112K), 0.0003940 secs] [Times: user=0.00 sys=0.00, real=0.00 secs] 
147.315: Total time for which application threads were stopped: 0.0004960 seconds, Stopping threads took: 0.0000400 seconds
147.355: Application time: 0.0390940 seconds
147.355: [GC [PSYoungGen: 7424K->256K(8192K)] 21330K->14162K(26112K), 0.0003920 secs] [Times: user=0.01 sys=0.00, real=0.00 secs] 
147.355: Total time for which application threads were stopped: 0.0004940 seconds, Stopping threads took: 0.0000410 seconds
147.394: Application time: 0.0389020 seconds
147.394: [GC [PSYoungGen: 7424K->256K(8192K)] 21330K->14162K(26112K), 0.0003730 secs] [Times: user=0.00 sys=0.00, real=0.00 secs] 
147.394: Total time for which application threads were stopped: 0.0004880 seconds, Stopping threads took: 0.0000520 seconds
147.433: Application time: 0.0386150 seconds
147.433: [GC [PSYoungGen: 7424K->272K(8192K)] 21330K->14178K(26112K), 0.0004010 secs] [Times: user=0.00 sys=0.00, real=0.00 secs] 
147.434: Total time for which application threads were stopped: 0.0005110 seconds, Stopping threads took: 0.0000460 seconds
147.469: Application time: 0.0352980 seconds
147.469: [GC [PSYoungGen: 7440K->432K(8192K)] 21346K->14338K(26112K), 0.0004170 secs] [Times: user=0.00 sys=0.00, real=0.01 secs] 
147.469: Total time for which application threads were stopped: 0.0005300 seconds, Stopping threads took: 0.0000410 seconds
147.508: Application time: 0.0388560 seconds
147.508: [GC [PSYoungGen: 7600K->528K(8192K)] 21506K->14434K(26112K), 0.0004380 secs] [Times: user=0.00 sys=0.00, real=0.00 secs] 
147.509: Total time for which application threads were stopped: 0.0005560 seconds, Stopping threads took: 0.0000570 seconds
147.548: Application time: 0.0390510 seconds
147.548: [GC [PSYoungGen: 7696K->512K(8192K)] 21602K->14418K(26112K), 0.0004600 secs] [Times: user=0.00 sys=0.00, real=0.00 secs] 
147.548: Total time for which application threads were stopped: 0.0005710 seconds, Stopping threads took: 0.0000490 seconds
147.588: Application time: 0.0391840 seconds
147.588: [GC [PSYoungGen: 7680K->512K(8192K)] 21586K->14418K(26112K), 0.0004240 secs] [Times: user=0.00 sys=0.00, real=0.00 secs] 
147.588: Total time for which application threads were stopped: 0.0005320 seconds, Stopping threads took: 0.0000460 seconds
147.627: Application time: 0.0390310 seconds
147.627: [GC [PSYoungGen: 7680K->512K(8192K)] 21586K->14418K(26112K), 0.0004190 secs] [Times: user=0.00 sys=0.00, real=0.00 secs] 
147.628: Total time for which application threads were stopped: 0.0005290 seconds, Stopping threads took: 0.0000480 seconds
147.667: Application time: 0.0394380 seconds
147.667: [GC [PSYoungGen: 7680K->512K(8192K)] 21586K->14418K(26112K), 0.0004720 secs] [Times: user=0.00 sys=0.00, real=0.00 secs] 
147.668: Total time for which application threads were stopped: 0.0005850 seconds, Stopping threads took: 0.0000440 seconds
147.707: Application time: 0.0390640 seconds
147.707: [GC [PSYoungGen: 7680K->544K(8192K)] 21586K->14450K(26112K), 0.0004830 secs] [Times: user=0.00 sys=0.00, real=0.00 secs] 
147.707: Total time for which application threads were stopped: 0.0005970 seconds, Stopping threads took: 0.0000490 seconds
147.747: Application time: 0.0393050 seconds
147.747: [GC [PSYoungGen: 7712K->512K(8192K)] 21618K->14418K(26112K), 0.0004290 secs] [Times: user=0.01 sys=0.00, real=0.00 secs] 
147.747: Total time for which application threads were stopped: 0.0005370 seconds, Stopping threads took: 0.0000450 seconds
147.786: Application time: 0.0389200 seconds
147.786: [GC [PSYoungGen: 7680K->512K(8192K)] 21586K->14418K(26112K), 0.0004280 secs] [Times: user=0.00 sys=0.00, real=0.00 secs] 
147.787: Total time for which application threads were stopped: 0.0005390 seconds, Stopping threads took: 0.0000490 seconds
147.826: Application time: 0.0390730 seconds
147.826: [GC [PSYoungGen: 7680K->512K(8192K)] 21586K->14418K(26112K), 0.0004510 secs] [Times: user=0.00 sys=0.00, real=0.00 secs] 
147.826: Total time for which application threads were stopped: 0.0005590 seconds, Stopping threads took: 0.0000460 seconds
147.865: Application time: 0.0383940 seconds
147.865: [GC [PSYoungGen: 7680K->528K(8192K)] 21586K->14434K(26112K), 0.0004220 secs] [Times: user=0.00 sys=0.00, real=0.00 secs] 
147.865: Total time for which application threads were stopped: 0.0005330 seconds, Stopping threads took: 0.0000490 seconds
147.904: Application time: 0.0389820 seconds
147.904: [GC [PSYoungGen: 7696K->512K(8192K)] 21602K->14418K(26112K), 0.0004190 secs] [Times: user=0.00 sys=0.00, real=0.00 secs] 
147.905: Total time for which application threads were stopped: 0.0005260 seconds, Stopping threads took: 0.0000450 seconds
147.944: Application time: 0.0391350 seconds
147.944: [GC [PSYoungGen: 7680K->528K(8192K)] 21586K->14434K(26112K), 0.0004180 secs] [Times: user=0.01 sys=0.00, real=0.00 secs] 
147.944: Total time for which application threads were stopped: 0.0005260 seconds, Stopping threads took: 0.0000450 seconds
147.983: Application time: 0.0389500 seconds
147.983: [GC [PSYoungGen: 7696K->512K(8192K)] 21602K->14418K(26112K), 0.0004170 secs] [Times: user=0.00 sys=0.00, real=0.00 secs] 
147.984: Total time for which application threads were stopped: 0.0005410 seconds, Stopping threads took: 0.0000490 seconds
148.023: Application time: 0.0389800 seconds
148.023: [GC [PSYoungGen: 7680K->496K(8192K)] 21586K->14458K(26112K), 0.0004210 secs] [Times: user=0.00 sys=0.00, real=0.00 secs] 
148.023: Total time for which application threads were stopped: 0.0005380 seconds, Stopping threads took: 0.0000510 seconds
148.063: Application time: 0.0393770 seconds
148.063: [GC [PSYoungGen: 7664K->256K(8192K)] 21626K->14450K(26112K), 0.0004480 secs] [Times: user=0.00 sys=0.00, real=0.00 secs] 
148.063: Total time for which application threads were stopped: 0.0005620 seconds, Stopping threads took: 0.0000520 seconds
148.103: Application time: 0.0392440 seconds
148.103: [GC [PSYoungGen: 7424K->240K(8192K)] 21618K->14434K(26112K), 0.0003980 secs] [Times: user=0.00 sys=0.00, real=0.00 secs] 
148.103: Total time for which application threads were stopped: 0.0005020 seconds, Stopping threads took: 0.0000430 seconds
148.142: Application time: 0.0389250 seconds
148.142: [GC [PSYoungGen: 7408K->256K(8192K)] 21602K->14450K(26112K), 0.0003780 secs] [Times: user=0.00 sys=0.00, real=0.00 secs] 
148.143: Total time for which application threads were stopped: 0.0004930 seconds, Stopping threads took: 0.0000540 seconds
148.181: Application time: 0.0388260 seconds
148.181: [GC [PSYoungGen: 7424K->240K(8192K)] 21618K->14434K(26112K), 0.0004420 secs] [Times: user=0.00 sys=0.00, real=0.00 secs] 
148.182: Total time for which application threads were stopped: 0.0005530 seconds, Stopping threads took: 0.0000500 seconds
148.221: Application time: 0.0386040 seconds
148.221: [GC [PSYoungGen: 7408K->272K(8192K)] 21602K->14466K(26112K), 0.0003830 secs] [Times: user=0.01 sys=0.00, real=0.01 secs] 
148.221: Total time for which application threads were stopped: 0.0005000 seconds, Stopping threads took: 0.0000440 seconds
148.256: Application time: 0.0354440 seconds
148.257: [GC [PSYoungGen: 7440K->464K(8192K)] 21634K->14658K(26112K), 0.0004630 secs] [Times: user=0.00 sys=0.00, real=0.00 secs] 
148.257: Total time for which application threads were stopped: 0.0005870 seconds, Stopping threads took: 0.0000550 seconds
148.296: Application time: 0.0389540 seconds
148.296: [GC [PSYoungGen: 7632K->512K(8192K)] 21826K->14706K(26112K), 0.0004820 secs] [Times: user=0.00 sys=0.00, real=0.00 secs] 
148.297: Total time for which application threads were stopped: 0.0005840 seconds, Stopping threads took: 0.0000400 seconds
148.336: Application time: 0.0389680 seconds
148.336: [GC [PSYoungGen: 7680K->480K(8192K)] 21874K->14674K(26112K), 0.0005500 secs] [Times: user=0.00 sys=0.00, real=0.00 secs] 
148.336: Total time for which application threads were stopped: 0.0006550 seconds, Stopping threads took: 0.0000410 seconds
148.375: Application time: 0.0388570 seconds
148.375: [GC [PSYoungGen: 7648K->528K(8192K)] 21842K->14722K(26112K), 0.0004190 secs] [Times: user=0.00 sys=0.00, real=0.00 secs] 
148.376: Total time for which application threads were stopped: 0.0005310 seconds, Stopping threads took: 0.0000480 seconds
148.415: Application time: 0.0390640 seconds
148.415: [GC [PSYoungGen: 7696K->480K(8192K)] 21890K->14674K(26112K), 0.0004980 secs] [Times: user=0.01 sys=0.00, real=0.00 secs] 
148.415: Total time for which application threads were stopped: 0.0006270 seconds, Stopping threads took: 0.0000660 seconds
148.454: Application time: 0.0389230 seconds
148.454: [GC [PSYoungGen: 7648K->528K(8192K)] 21842K->14722K(26112K), 0.0004300 secs] [Times: user=0.00 sys=0.00, real=0.00 secs] 
148.455: Total time for which application threads were stopped: 0.0005420 seconds, Stopping threads took: 0.0000520 seconds
148.494: Application time: 0.0391530 seconds
148.497: [GC [PSYoungGen: 7696K->496K(8192K)] 21890K->14690K(26112K), 0.0004460 secs] [Times: user=0.00 sys=0.00, real=0.00 secs] 
148.498: Total time for which application threads were stopped: 0.0035860 seconds, Stopping threads took: 0.0030650 seconds
148.537: Application time: 0.0392640 seconds
148.537: [GC [PSYoungGen: 7664K->496K(8192K)] 21858K->14690K(26112K), 0.0004320 secs] [Times: user=0.00 sys=0.00, real=0.00 secs] 
148.537: Total time for which application threads were stopped: 0.0005440 seconds, Stopping threads took: 0.0000500 seconds
148.576: Application time: 0.0389040 seconds
148.576: [GC [PSYoungGen: 7664K->512K(8192K)] 21858K->14706K(26112K), 0.0004340 secs] [Times: user=0.00 sys=0.00, real=0.00 secs] 
148.577: Total time for which application threads were stopped: 0.0005430 seconds, Stopping threads took: 0.0000480 seconds
148.616: Application time: 0.0389270 seconds
148.617: [GC [PSYoungGen: 7680K->512K(8192K)] 21874K->14706K(26112K), 0.0004580 secs] [Times: user=0.00 sys=0.00, real=0.00 secs] 
148.618: Total time for which application threads were stopped: 0.0018130 seconds, Stopping threads took: 0.0012910 seconds
148.656: Application time: 0.0384890 seconds
148.656: [GC [PSYoungGen: 7680K->480K(8192K)] 21874K->14674K(26112K), 0.0004790 secs] [Times: user=0.00 sys=0.00, real=0.00 secs] 
148.657: Total time for which application threads were stopped: 0.0006020 seconds, Stopping threads took: 0.0000530 seconds
148.696: Application time: 0.0392560 seconds
148.696: [GC [PSYoungGen: 7648K->464K(8192K)] 21842K->14658K(26112K), 0.0004660 secs] [Times: user=0.00 sys=0.00, real=0.00 secs] 
148.696: Total time for which application threads were stopped: 0.0005660 seconds, Stopping threads took: 0.0000360 seconds
148.735: Application time: 0.0389280 seconds
148.735: [GC [PSYoungGen: 7632K->496K(8192K)] 21826K->14690K(26112K), 0.0004710 secs] [Times: user=0.00 sys=0.00, real=0.00 secs] 
148.736: Total time for which application threads were stopped: 0.0005790 seconds, Stopping threads took: 0.0000470 seconds
148.775: Application time: 0.0392260 seconds
148.775: [GC [PSYoungGen: 7664K->512K(8192K)] 21858K->14706K(26112K), 0.0004450 secs] [Times: user=0.00 sys=0.00, real=0.00 secs] 
148.776: Total time for which application threads were stopped: 0.0005650 seconds, Stopping threads took: 0.0000540 seconds
148.815: Application time: 0.0388890 seconds
148.815: [GC [PSYoungGen: 7680K->496K(8192K)] 21874K->14746K(26112K), 0.0004350 secs] [Times: user=0.00 sys=0.00, real=0.00 secs] 
148.815: Total time for which application threads were stopped: 0.0005420 seconds, Stopping threads took: 0.0000460 seconds
148.854: Application time: 0.0389070 seconds
148.854: [GC [PSYoungGen: 7664K->256K(8192K)] 21914K->14742K(26112K), 0.0004640 secs] [Times: user=0.00 sys=0.00, real=0.00 secs] 
148.855: Total time for which application threads were stopped: 0.0005720 seconds, Stopping threads took: 0.0000460 seconds
148.894: Application time: 0.0395240 seconds
148.894: [GC [PSYoungGen: 7424K->256K(8192K)] 21910K->14742K(26112K), 0.0003810 secs] [Times: user=0.00 sys=0.00, real=0.00 secs] 
148.895: Total time for which application threads were stopped: 0.0004820 seconds, Stopping threads took: 0.0000400 seconds
148.934: Application time: 0.0390330 seconds
148.934: [GC [PSYoungGen: 7424K->256K(8192K)] 21910K->14742K(26112K), 0.0003880 secs] [Times: user=0.00 sys=0.00, real=0.00 secs] 
148.934: Total time for which application threads were stopped: 0.0005030 seconds, Stopping threads took: 0.0000530 seconds
148.973: Application time: 0.0391760 seconds
148.973: [GC [PSYoungGen: 7424K->256K(8192K)] 21910K->14742K(26112K), 0.0003800 secs] [Times: user=0.00 sys=0.00, real=0.00 secs] 
148.974: Total time for which application threads were stopped: 0.0004900 seconds, Stopping threads took: 0.0000500 seconds
149.011: Application time: 0.0368330 seconds
149.011: [GC [PSYoungGen: 7424K->352K(8192K)] 21910K->14838K(26112K), 0.0004150 secs] [Times: user=0.00 sys=0.00, real=0.00 secs] 
149.011: Total time for which application threads were stopped: 0.0005480 seconds, Stopping threads took: 0.0000630 seconds
149.049: Application time: 0.0380330 seconds
149.049: [GC [PSYoungGen: 7520K->528K(8192K)] 22006K->15014K(26112K), 0.0005150 secs] [Times: user=0.01 sys=0.00, real=0.00 secs] 
149.050: Total time for which application threads were stopped: 0.0006580 seconds, Stopping threads took: 0.0000530 seconds
149.089: Application time: 0.0389760 seconds
149.089: [GC [PSYoungGen: 7696K->464K(8192K)] 22182K->14950K(26112K), 0.0004520 secs] [Times: user=0.00 sys=0.00, real=0.00 secs] 
149.090: Total time for which application threads were stopped: 0.0005740 seconds, Stopping threads took: 0.0000590 seconds
149.128: Application time: 0.0388850 seconds
149.128: [GC [PSYoungGen: 7632K->512K(8192K)] 22118K->14998K(26112K), 0.0004370 secs] [Times: user=0.00 sys=0.00, real=0.00 secs] 
149.129: Total time for which application threads were stopped: 0.0005590 seconds, Stopping threads took: 0.0000580 seconds
149.168: Application time: 0.0388690 seconds
149.168: [GC [PSYoungGen: 7680K->496K(8192K)] 22166K->14982K(26112K), 0.0004460 secs] [Times: user=0.00 sys=0.00, real=0.00 secs] 
149.168: Total time for which application threads were stopped: 0.0005610 seconds, Stopping threads took: 0.0000530 seconds
149.207: Application time: 0.0390550 seconds
149.208: [GC [PSYoungGen: 7664K->496K(8192K)] 22150K->14982K(26112K), 0.0004400 secs] [Times: user=0.00 sys=0.00, real=0.00 secs] 
149.208: Total time for which application threads were stopped: 0.0005530 seconds, Stopping threads took: 0.0000520 seconds
149.247: Application time: 0.0388430 seconds
149.247: [GC [PSYoungGen: 7664K->512K(8192K)] 22150K->14998K(26112K), 0.0004330 secs] [Times: user=0.00 sys=0.00, real=0.00 secs] 
149.247: Total time for which application threads were stopped: 0.0005440 seconds, Stopping threads took: 0.0000460 seconds
149.287: Application time: 0.0395740 seconds
149.287: [GC [PSYoungGen: 7680K->480K(8192K)] 22166K->14966K(26112K), 0.0004280 secs] [Times: user=0.01 sys=0.00, real=0.00 secs] 
149.288: Total time for which application threads were stopped: 0.0005400 seconds, Stopping threads took: 0.0000480 seconds
149.326: Application time: 0.0388510 seconds
149.326: [GC [PSYoungGen: 7648K->496K(8192K)] 22134K->14982K(26112K), 0.0004480 secs] [Times: user=0.00 sys=0.00, real=0.00 secs] 
149.327: Total time for which application threads were stopped: 0.0005640 seconds, Stopping threads took: 0.0000520 seconds
149.366: Application time: 0.0391440 seconds
149.366: [GC [PSYoungGen: 7664K->512K(8192K)] 22150K->14998K(26112K), 0.0004400 secs] [Times: user=0.00 sys=0.00, real=0.00 secs] 
149.367: Total time for which application threads were stopped: 0.0005560 seconds, Stopping threads took: 0.0000530 seconds
149.405: Application time: 0.0386950 seconds
149.405: [GC [PSYoungGen: 7680K->512K(8192K)] 22166K->14998K(26112K), 0.0004230 secs] [Times: user=0.00 sys=0.00, real=0.00 secs] 
149.406: Total time for which application threads were stopped: 0.0005320 seconds, Stopping threads took: 0.0000440 seconds
149.444: Application time: 0.0385870 seconds
149.445: [GC [PSYoungGen: 7680K->496K(8192K)] 22166K->14982K(26112K), 0.0004320 secs] [Times: user=0.00 sys=0.00, real=0.00 secs] 
149.446: Total time for which application threads were stopped: 0.0010640 seconds, Stopping threads took: 0.0005670 seconds
149.485: Application time: 0.0392230 seconds
149.485: [GC [PSYoungGen: 7664K->544K(8192K)] 22150K->15030K(26112K), 0.0004820 secs] [Times: user=0.01 sys=0.00, real=0.00 secs] 
149.485: Total time for which application threads were stopped: 0.0006170 seconds, Stopping threads took: 0.0000690 seconds
149.524: Application time: 0.0389050 seconds
149.524: [GC [PSYoungGen: 7712K->464K(8192K)] 22198K->14950K(26112K), 0.0004330 secs] [Times: user=0.00 sys=0.00, real=0.00 secs] 
149.525: Total time for which application threads were stopped: 0.0005420 seconds, Stopping threads took: 0.0000400 seconds
149.564: Application time: 0.0389520 seconds
149.564: [GC [PSYoungGen: 7632K->496K(8192K)] 22118K->14982K(26112K), 0.0004960 secs] [Times: user=0.00 sys=0.00, real=0.00 secs] 
149.564: Total time for which application threads were stopped: 0.0006110 seconds, Stopping threads took: 0.0000510 seconds
149.604: Application time: 0.0394350 seconds
149.604: [GC [PSYoungGen: 7664K->352K(8192K)] 22150K->14982K(26112K), 0.0004850 secs] [Times: user=0.00 sys=0.00, real=0.00 secs] 
149.604: Total time for which application threads were stopped: 0.0005860 seconds, Stopping threads took: 0.0000400 seconds
149.644: Application time: 0.0392340 seconds
149.644: [GC [PSYoungGen: 7520K->256K(8192K)] 22150K->15038K(26112K), 0.0004890 secs] [Times: user=0.00 sys=0.00, real=0.00 secs] 
149.644: Total time for which application threads were stopped: 0.0006160 seconds, Stopping threads took: 0.0000540 seconds
149.684: Application time: 0.0392540 seconds
149.684: [GC [PSYoungGen: 7424K->256K(8192K)] 22206K->15038K(26112K), 0.0003660 secs] [Times: user=0.01 sys=0.00, real=0.00 secs] 
149.684: Total time for which application threads were stopped: 0.0004750 seconds, Stopping threads took: 0.0000420 seconds
149.723: Application time: 0.0388980 seconds
149.723: [GC [PSYoungGen: 7424K->256K(8192K)] 22206K->15038K(26112K), 0.0003810 secs] [Times: user=0.00 sys=0.00, real=0.00 secs] 
149.723: Total time for which application threads were stopped: 0.0004950 seconds, Stopping threads took: 0.0000480 seconds
149.763: Application time: 0.0393200 seconds
149.763: [GC [PSYoungGen: 7424K->256K(8192K)] 22206K->15038K(26112K), 0.0003550 secs] [Times: user=0.00 sys=0.00, real=0.00 secs] 
149.763: Total time for which application threads were stopped: 0.0004610 seconds, Stopping threads took: 0.0000440 seconds
149.800: Application time: 0.0367460 seconds
149.800: [GC [PSYoungGen: 7424K->352K(8192K)] 22206K->15134K(26112K), 0.0004390 secs] [Times: user=0.00 sys=0.00, real=0.00 secs] 
149.800: Total time for which application threads were stopped: 0.0005540 seconds, Stopping threads took: 0.0000480 seconds
149.837: Application time: 0.0368210 seconds
149.837: [GC [PSYoungGen: 7520K->544K(8192K)] 22302K->15326K(26112K), 0.0004330 secs] [Times: user=0.00 sys=0.00, real=0.00 secs] 
149.838: Total time for which application threads were stopped: 0.0005550 seconds, Stopping threads took: 0.0000480 seconds
149.877: Application time: 0.0390640 seconds
149.877: [GC [PSYoungGen: 7712K->496K(8192K)] 22494K->15278K(26112K), 0.0004450 secs] [Times: user=0.01 sys=0.00, real=0.00 secs] 
149.877: Total time for which application threads were stopped: 0.0005540 seconds, Stopping threads took: 0.0000430 seconds
149.917: Application time: 0.0392170 seconds
149.917: [GC [PSYoungGen: 7664K->464K(8192K)] 22446K->15246K(26112K), 0.0004340 secs] [Times: user=0.00 sys=0.00, real=0.00 secs] 
149.917: Total time for which application threads were stopped: 0.0005600 seconds, Stopping threads took: 0.0000630 seconds
149.956: Application time: 0.0389880 seconds
149.956: [GC [PSYoungGen: 7632K->512K(8192K)] 22414K->15294K(26112K), 0.0004190 secs] [Times: user=0.00 sys=0.00, real=0.00 secs] 
149.957: Total time for which application threads were stopped: 0.0005310 seconds, Stopping threads took: 0.0000500 seconds
149.996: Application time: 0.0390150 seconds
149.996: [GC [PSYoungGen: 7680K->496K(8192K)] 22462K->15278K(26112K), 0.0004440 secs] [Times: user=0.00 sys=0.00, real=0.00 secs] 
149.996: Total time for which application threads were stopped: 0.0005580 seconds, Stopping threads took: 0.0000510 seconds
150.035: Application time: 0.0390040 seconds
150.035: [GC [PSYoungGen: 7664K->464K(8192K)] 22446K->15246K(26112K), 0.0004510 secs] [Times: user=0.00 sys=0.00, real=0.00 secs] 
150.036: Total time for which application threads were stopped: 0.0005810 seconds, Stopping threads took: 0.0000560 seconds
150.075: Application time: 0.0389430 seconds
150.075: [GC [PSYoungGen: 7632K->528K(8192K)] 22414K->15310K(26112K), 0.0004340 secs] [Times: user=0.00 sys=0.00, real=0.00 secs] 
150.075: Total time for which application threads were stopped: 0.0005430 seconds, Stopping threads took: 0.0000480 seconds
150.115: Application time: 0.0391400 seconds
150.115: [GC [PSYoungGen: 7696K->496K(8192K)] 22478K->15278K(26112K), 0.0004310 secs] [Times: user=0.00 sys=0.00, real=0.00 secs] 
150.115: Total time for which application threads were stopped: 0.0005400 seconds, Stopping threads took: 0.0000440 seconds
150.154: Application time: 0.0388700 seconds
150.154: [GC [PSYoungGen: 7664K->496K(8192K)] 22446K->15278K(26112K), 0.0004320 secs] [Times: user=0.00 sys=0.00, real=0.00 secs] 
150.155: Total time for which application threads were stopped: 0.0005400 seconds, Stopping threads took: 0.0000460 seconds
150.193: Application time: 0.0383920 seconds
150.193: [GC [PSYoungGen: 7664K->528K(8192K)] 22446K->15310K(26112K), 0.0004140 secs] [Times: user=0.00 sys=0.00, real=0.00 secs] 
150.193: Total time for which application threads were stopped: 0.0005330 seconds, Stopping threads took: 0.0000530 seconds
150.232: Application time: 0.0387990 seconds
150.232: [GC [PSYoungGen: 7696K->528K(8192K)] 22478K->15310K(26112K), 0.0004790 secs] [Times: user=0.01 sys=0.00, real=0.00 secs] 
150.234: Total time for which application threads were stopped: 0.0017380 seconds, Stopping threads took: 0.0000520 seconds
150.273: Application time: 0.0391510 seconds
150.273: [GC [PSYoungGen: 7696K->512K(8192K)] 22478K->15294K(26112K), 0.0004420 secs] [Times: user=0.00 sys=0.00, real=0.00 secs] 
150.274: Total time for which application threads were stopped: 0.0005550 seconds, Stopping threads took: 0.0000490 seconds
150.313: Application time: 0.0388500 seconds
150.313: [GC [PSYoungGen: 7680K->512K(8192K)] 22462K->15294K(26112K), 0.0004710 secs] [Times: user=0.00 sys=0.00, real=0.00 secs] 
150.313: Total time for which application threads were stopped: 0.0005860 seconds, Stopping threads took: 0.0000530 seconds
150.352: Application time: 0.0392400 seconds
150.352: [GC [PSYoungGen: 7680K->496K(8192K)] 22462K->15278K(26112K), 0.0004200 secs] [Times: user=0.00 sys=0.00, real=0.00 secs] 
150.353: Total time for which application threads were stopped: 0.0005240 seconds, Stopping threads took: 0.0000400 seconds
150.392: Application time: 0.0389100 seconds
150.392: [GC [PSYoungGen: 7664K->352K(8192K)] 22446K->15270K(26112K), 0.0004450 secs] [Times: user=0.01 sys=0.00, real=0.00 secs] 
150.392: Total time for which application threads were stopped: 0.0005570 seconds, Stopping threads took: 0.0000510 seconds
150.431: Application time: 0.0391050 seconds
150.432: [GC [PSYoungGen: 7520K->256K(8192K)] 22438K->15319K(26112K), 0.0004140 secs] [Times: user=0.00 sys=0.00, real=0.00 secs] 
150.432: Total time for which application threads were stopped: 0.0005320 seconds, Stopping threads took: 0.0000550 seconds
150.471: Application time: 0.0392820 seconds
150.471: [GC [PSYoungGen: 7424K->256K(8192K)] 22487K->15319K(26112K), 0.0003490 secs] [Times: user=0.01 sys=0.00, real=0.00 secs] 
150.472: Total time for which application threads were stopped: 0.0004630 seconds, Stopping threads took: 0.0000500 seconds
150.511: Application time: 0.0389980 seconds
150.511: [GC [PSYoungGen: 7424K->224K(8192K)] 22487K->15287K(26112K), 0.0004510 secs] [Times: user=0.00 sys=0.00, real=0.00 secs] 
150.511: Total time for which application threads were stopped: 0.0005630 seconds, Stopping threads took: 0.0000500 seconds
150.549: Application time: 0.0381100 seconds
150.550: [GC [PSYoungGen: 7392K->304K(8192K)] 22455K->15367K(26112K), 0.0003960 secs] [Times: user=0.00 sys=0.00, real=0.00 secs] 
150.550: Total time for which application threads were stopped: 0.0005150 seconds, Stopping threads took: 0.0000490 seconds
150.586: Application time: 0.0359400 seconds
150.586: [GC [PSYoungGen: 7472K->464K(8192K)] 22535K->15527K(26112K), 0.0004220 secs] [Times: user=0.00 sys=0.00, real=0.00 secs] 
150.586: Total time for which application threads were stopped: 0.0005390 seconds, Stopping threads took: 0.0000530 seconds
150.625: Application time: 0.0382830 seconds
150.625: [GC [PSYoungGen: 7632K->496K(8192K)] 22695K->15559K(26112K), 0.0004430 secs] [Times: user=0.01 sys=0.00, real=0.00 secs] 
150.625: Total time for which application threads were stopped: 0.0005680 seconds, Stopping threads took: 0.0000600 seconds
150.665: Application time: 0.0396810 seconds
150.665: [GC [PSYoungGen: 7664K->528K(8192K)] 22727K->15591K(26112K), 0.0004580 secs] [Times: user=0.00 sys=0.00, real=0.00 secs] 
150.666: Total time for which application threads were stopped: 0.0005830 seconds, Stopping threads took: 0.0000550 seconds
150.705: Application time: 0.0390060 seconds
150.705: [GC [PSYoungGen: 7696K->528K(8192K)] 22759K->15591K(26112K), 0.0004560 secs] [Times: user=0.00 sys=0.00, real=0.00 secs] 
150.705: Total time for which application threads were stopped: 0.0005670 seconds, Stopping threads took: 0.0000460 seconds
150.744: Application time: 0.0390550 seconds
150.744: [GC [PSYoungGen: 7696K->464K(8192K)] 22759K->15527K(26112K), 0.0005360 secs] [Times: user=0.00 sys=0.00, real=0.00 secs] 
150.745: Total time for which application threads were stopped: 0.0006570 seconds, Stopping threads took: 0.0000540 seconds
150.784: Application time: 0.0388630 seconds
150.784: [GC [PSYoungGen: 7632K->480K(8192K)] 22695K->15543K(26112K), 0.0004590 secs] [Times: user=0.01 sys=0.00, real=0.00 secs] 
150.784: Total time for which application threads were stopped: 0.0005800 seconds, Stopping threads took: 0.0000570 seconds
150.823: Application time: 0.0389150 seconds
150.823: [GC [PSYoungGen: 7648K->512K(8192K)] 22711K->15575K(26112K), 0.0004290 secs] [Times: user=0.00 sys=0.00, real=0.00 secs] 
150.824: Total time for which application threads were stopped: 0.0005370 seconds, Stopping threads took: 0.0000460 seconds
150.863: Application time: 0.0388990 seconds
150.863: [GC [PSYoungGen: 7680K->480K(8192K)] 22743K->15543K(26112K), 0.0004820 secs] [Times: user=0.00 sys=0.00, real=0.00 secs] 
150.863: Total time for which application threads were stopped: 0.0005930 seconds, Stopping threads took: 0.0000510 seconds
150.902: Application time: 0.0389560 seconds
150.902: [GC [PSYoungGen: 7648K->512K(8192K)] 22711K->15575K(26112K), 0.0004320 secs] [Times: user=0.01 sys=0.00, real=0.00 secs] 
150.903: Total time for which application threads were stopped: 0.0005470 seconds, Stopping threads took: 0.0000520 seconds
150.942: Application time: 0.0388690 seconds
150.942: [GC [PSYoungGen: 7680K->528K(8192K)] 22743K->15591K(26112K), 0.0004260 secs] [Times: user=0.00 sys=0.00, real=0.00 secs] 
150.942: Total time for which application threads were stopped: 0.0005380 seconds, Stopping threads took: 0.0000490 seconds
150.981: Application time: 0.0383800 seconds
150.981: [GC [PSYoungGen: 7696K->464K(8192K)] 22759K->15527K(26112K), 0.0004850 secs] [Times: user=0.00 sys=0.00, real=0.01 secs] 
150.981: Total time for which application threads were stopped: 0.0006000 seconds, Stopping threads took: 0.0000500 seconds
151.020: Application time: 0.0388120 seconds
151.020: [GC [PSYoungGen: 7632K->512K(8192K)] 22695K->15575K(26112K), 0.0004290 secs] [Times: user=0.00 sys=0.00, real=0.00 secs] 
151.020: Total time for which application threads were stopped: 0.0005260 seconds, Stopping threads took: 0.0000350 seconds
151.060: Application time: 0.0392470 seconds
151.060: [GC [PSYoungGen: 7680K->512K(8192K)] 22743K->15575K(26112K), 0.0004440 secs] [Times: user=0.00 sys=0.00, real=0.00 secs] 
151.060: Total time for which application threads were stopped: 0.0005720 seconds, Stopping threads took: 0.0000560 seconds
151.100: Application time: 0.0394090 seconds
151.100: [GC [PSYoungGen: 7680K->512K(8192K)] 22743K->15575K(26112K), 0.0004780 secs] [Times: user=0.00 sys=0.00, real=0.00 secs] 
151.100: Total time for which application threads were stopped: 0.0005910 seconds, Stopping threads took: 0.0000510 seconds
151.139: Application time: 0.0388810 seconds
151.139: [GC [PSYoungGen: 7680K->480K(8192K)] 22743K->15599K(26112K), 0.0004630 secs] [Times: user=0.00 sys=0.00, real=0.00 secs] 
151.140: Total time for which application threads were stopped: 0.0005740 seconds, Stopping threads took: 0.0000470 seconds
151.179: Application time: 0.0391080 seconds
151.179: [GC [PSYoungGen: 7648K->272K(8192K)] 22767K->15591K(26112K), 0.0004180 secs] [Times: user=0.00 sys=0.00, real=0.00 secs] 
151.179: Total time for which application threads were stopped: 0.0005280 seconds, Stopping threads took: 0.0000500 seconds
151.218: Application time: 0.0389550 seconds
151.218: [GC [PSYoungGen: 7440K->256K(8192K)] 22759K->15623K(26112K), 0.0003850 secs] [Times: user=0.00 sys=0.00, real=0.00 secs] 
151.219: Total time for which application threads were stopped: 0.0004900 seconds, Stopping threads took: 0.0000420 seconds
151.258: Application time: 0.0388860 seconds
151.258: [GC [PSYoungGen: 7424K->256K(8192K)] 22791K->15623K(26112K), 0.0003600 secs] [Times: user=0.00 sys=0.00, real=0.00 secs] 
151.258: Total time for which application threads were stopped: 0.0004630 seconds, Stopping threads took: 0.0000420 seconds
151.297: Application time: 0.0389190 seconds
151.297: [GC [PSYoungGen: 7424K->256K(8192K)] 22791K->15623K(26112K), 0.0004140 secs] [Times: user=0.00 sys=0.00, real=0.00 secs] 
151.298: Total time for which application threads were stopped: 0.0005270 seconds, Stopping threads took: 0.0000530 seconds
151.336: Application time: 0.0387750 seconds
151.336: [GC [PSYoungGen: 7424K->272K(8192K)] 22791K->15639K(26112K), 0.0003810 secs] [Times: user=0.00 sys=0.00, real=0.00 secs] 
151.337: Total time for which application threads were stopped: 0.0005040 seconds, Stopping threads took: 0.0000580 seconds
151.373: Application time: 0.0359340 seconds
151.373: [GC [PSYoungGen: 7440K->448K(8192K)] 22807K->15815K(26112K), 0.0004300 secs] [Times: user=0.00 sys=0.00, real=0.00 secs] 
151.373: Total time for which application threads were stopped: 0.0005480 seconds, Stopping threads took: 0.0000550 seconds
151.412: Application time: 0.0386880 seconds
151.413: [GC [PSYoungGen: 7616K->512K(8192K)] 22983K->15879K(26112K), 0.0004660 secs] [Times: user=0.00 sys=0.00, real=0.00 secs] 
151.414: Total time for which application threads were stopped: 0.0014900 seconds, Stopping threads took: 0.0009620 seconds
151.453: Application time: 0.0389420 seconds
151.453: [GC [PSYoungGen: 7680K->464K(8192K)] 23047K->15831K(26112K), 0.0004340 secs] [Times: user=0.00 sys=0.00, real=0.00 secs] 
151.453: Total time for which application threads were stopped: 0.0005710 seconds, Stopping threads took: 0.0000640 seconds
151.492: Application time: 0.0388730 seconds
151.492: [GC [PSYoungGen: 7632K->528K(8192K)] 22999K->15895K(26112K), 0.0004250 secs] [Times: user=0.00 sys=0.00, real=0.00 secs] 
151.493: Total time for which application threads were stopped: 0.0005490 seconds, Stopping threads took: 0.0000590 seconds
151.532: Application time: 0.0392960 seconds
151.532: [GC [PSYoungGen: 7696K->528K(8192K)] 23063K->15895K(26112K), 0.0004790 secs] [Times: user=0.00 sys=0.00, real=0.00 secs] 
151.532: Total time for which application threads were stopped: 0.0005820 seconds, Stopping threads took: 0.0000460 seconds
151.571: Application time: 0.0389430 seconds
151.571: [GC [PSYoungGen: 7696K->496K(8192K)] 23063K->15863K(26112K), 0.0004210 secs] [Times: user=0.00 sys=0.00, real=0.00 secs] 
151.572: Total time for which application threads were stopped: 0.0005430 seconds, Stopping threads took: 0.0000520 seconds
151.611: Application time: 0.0388800 seconds
151.611: [GC [PSYoungGen: 7664K->528K(8192K)] 23031K->15895K(26112K), 0.0004720 secs] [Times: user=0.00 sys=0.00, real=0.00 secs] 
151.611: Total time for which application threads were stopped: 0.0005820 seconds, Stopping threads took: 0.0000470 seconds
151.651: Application time: 0.0394520 seconds
151.651: [GC [PSYoungGen: 7696K->496K(8192K)] 23063K->15863K(26112K), 0.0005030 secs] [Times: user=0.01 sys=0.00, real=0.00 secs] 
151.651: Total time for which application threads were stopped: 0.0006420 seconds, Stopping threads took: 0.0000610 seconds
151.691: Application time: 0.0392390 seconds
151.691: [GC [PSYoungGen: 7664K->528K(8192K)] 23031K->15895K(26112K), 0.0005040 secs] [Times: user=0.00 sys=0.00, real=0.00 secs] 
151.691: Total time for which application threads were stopped: 0.0006130 seconds, Stopping threads took: 0.0000430 seconds
151.730: Application time: 0.0388430 seconds
151.730: [GC [PSYoungGen: 7696K->480K(8192K)] 23063K->15847K(26112K), 0.0004890 secs] [Times: user=0.00 sys=0.00, real=0.00 secs] 
151.731: Total time for which application threads were stopped: 0.0005980 seconds, Stopping threads took: 0.0000470 seconds
151.769: Application time: 0.0382580 seconds
151.769: [GC [PSYoungGen: 7648K->464K(8192K)] 23015K->15831K(26112K), 0.0004250 secs] [Times: user=0.00 sys=0.00, real=0.00 secs] 
151.770: Total time for which application threads were stopped: 0.0005400 seconds, Stopping threads took: 0.0000490 seconds
151.809: Application time: 0.0395390 seconds
151.809: [GC [PSYoungGen: 7632K->512K(8192K)] 22999K->15879K(26112K), 0.0004610 secs] [Times: user=0.00 sys=0.00, real=0.00 secs] 
151.810: Total time for which application threads were stopped: 0.0005690 seconds, Stopping threads took: 0.0000460 seconds
151.849: Application time: 0.0391150 seconds
151.849: [GC [PSYoungGen: 7680K->544K(8192K)] 23047K->15911K(26112K), 0.0004430 secs] [Times: user=0.00 sys=0.00, real=0.01 secs] 
151.849: Total time for which application threads were stopped: 0.0005580 seconds, Stopping threads took: 0.0000500 seconds
151.889: Application time: 0.0393050 seconds
151.889: [GC [PSYoungGen: 7712K->464K(8192K)] 23079K->15831K(26112K), 0.0004280 secs] [Times: user=0.00 sys=0.00, real=0.01 secs] 
151.889: Total time for which application threads were stopped: 0.0005420 seconds, Stopping threads took: 0.0000500 seconds
151.929: Application time: 0.0396280 seconds
151.929: [GC [PSYoungGen: 7632K->480K(8192K)] 22999K->15887K(26112K), 0.0004730 secs] [Times: user=0.01 sys=0.00, real=0.01 secs] 
151.929: Total time for which application threads were stopped: 0.0005750 seconds, Stopping threads took: 0.0000400 seconds
151.968: Application time: 0.0389930 seconds
151.968: [GC [PSYoungGen: 7648K->272K(8192K)] 23055K->15891K(26112K), 0.0004150 secs] [Times: user=0.00 sys=0.00, real=0.00 secs] 
151.969: Total time for which application threads were stopped: 0.0005210 seconds, Stopping threads took: 0.0000460 seconds
152.008: Application time: 0.0392770 seconds
152.008: [GC [PSYoungGen: 7440K->256K(8192K)] 23059K->15931K(26112K), 0.0004100 secs] [Times: user=0.00 sys=0.00, real=0.00 secs] 
152.009: Total time for which application threads were stopped: 0.0005430 seconds, Stopping threads took: 0.0000700 seconds
152.048: Application time: 0.0395020 seconds
152.048: [GC [PSYoungGen: 7424K->240K(8192K)] 23099K->15915K(26112K), 0.0004520 secs] [Times: user=0.00 sys=0.00, real=0.00 secs] 
152.049: Total time for which application threads were stopped: 0.0005570 seconds, Stopping threads took: 0.0000440 seconds
152.088: Application time: 0.0389080 seconds
152.088: [GC [PSYoungGen: 7408K->256K(8192K)] 23083K->15931K(26112K), 0.0003910 secs] [Times: user=0.00 sys=0.00, real=0.00 secs] 
152.088: Total time for which application threads were stopped: 0.0005130 seconds, Stopping threads took: 0.0000500 seconds
152.126: Application time: 0.0374280 seconds
152.126: [GC [PSYoungGen: 7424K->352K(8192K)] 23099K->16027K(26112K), 0.0004690 secs] [Times: user=0.00 sys=0.00, real=0.00 secs] 
152.126: Total time for which application threads were stopped: 0.0005780 seconds, Stopping threads took: 0.0000470 seconds
152.163: Application time: 0.0366460 seconds
152.163: [GC [PSYoungGen: 7520K->512K(8192K)] 23195K->16187K(26112K), 0.0004390 secs] [Times: user=0.00 sys=0.00, real=0.00 secs] 
152.163: Total time for which application threads were stopped: 0.0005510 seconds, Stopping threads took: 0.0000500 seconds
152.202: Application time: 0.0388870 seconds
152.202: [GC [PSYoungGen: 7680K->480K(8192K)] 23355K->16155K(26112K), 0.0004950 secs] [Times: user=0.00 sys=0.00, real=0.00 secs] 
152.203: Total time for which application threads were stopped: 0.0006180 seconds, Stopping threads took: 0.0000600 seconds
152.242: Application time: 0.0393730 seconds
152.242: [GC [PSYoungGen: 7648K->496K(8192K)] 23323K->16171K(26112K), 0.0004660 secs] [Times: user=0.00 sys=0.00, real=0.00 secs] 
152.243: Total time for which application threads were stopped: 0.0005720 seconds, Stopping threads took: 0.0000450 seconds
152.282: Application time: 0.0393500 seconds
152.282: [GC [PSYoungGen: 7664K->528K(8192K)] 23339K->16203K(26112K), 0.0004320 secs] [Times: user=0.00 sys=0.00, real=0.00 secs] 
152.283: Total time for which application threads were stopped: 0.0005370 seconds, Stopping threads took: 0.0000450 seconds
152.322: Application time: 0.0389290 seconds
152.322: [GC [PSYoungGen: 7696K->496K(8192K)] 23371K->16171K(26112K), 0.0004300 secs] [Times: user=0.00 sys=0.00, real=0.00 secs] 
152.322: Total time for which application threads were stopped: 0.0005350 seconds, Stopping threads took: 0.0000430 seconds
152.361: Application time: 0.0389260 seconds
152.361: [GC [PSYoungGen: 7664K->496K(8192K)] 23339K->16171K(26112K), 0.0004770 secs] [Times: user=0.00 sys=0.00, real=0.00 secs] 
152.362: Total time for which application threads were stopped: 0.0005800 seconds, Stopping threads took: 0.0000430 seconds
152.401: Application time: 0.0388690 seconds
152.401: [GC [PSYoungGen: 7664K->528K(8192K)] 23339K->16203K(26112K), 0.0004380 secs] [Times: user=0.00 sys=0.00, real=0.01 secs] 
152.401: Total time for which application threads were stopped: 0.0005490 seconds, Stopping threads took: 0.0000520 seconds
152.441: Application time: 0.0394520 seconds
152.441: [GC [PSYoungGen: 7696K->464K(8192K)] 23371K->16139K(26112K), 0.0004600 secs] [Times: user=0.00 sys=0.00, real=0.01 secs] 
152.441: Total time for which application threads were stopped: 0.0005730 seconds, Stopping threads took: 0.0000510 seconds
152.480: Application time: 0.0389790 seconds
152.480: [GC [PSYoungGen: 7632K->464K(8192K)] 23307K->16139K(26112K), 0.0004700 secs] [Times: user=0.00 sys=0.01, real=0.00 secs] 
152.481: Total time for which application threads were stopped: 0.0005770 seconds, Stopping threads took: 0.0000460 seconds
152.520: Application time: 0.0387960 seconds
152.520: [GC [PSYoungGen: 7632K->496K(8192K)] 23307K->16171K(26112K), 0.0004690 secs] [Times: user=0.00 sys=0.00, real=0.00 secs] 
152.520: Total time for which application threads were stopped: 0.0005810 seconds, Stopping threads took: 0.0000500 seconds
152.559: Application time: 0.0387440 seconds
152.559: [GC [PSYoungGen: 7664K->528K(8192K)] 23339K->16203K(26112K), 0.0004280 secs] [Times: user=0.00 sys=0.00, real=0.00 secs] 
152.559: Total time for which application threads were stopped: 0.0005330 seconds, Stopping threads took: 0.0000450 seconds
152.598: Application time: 0.0389940 seconds
152.598: [GC [PSYoungGen: 7696K->464K(8192K)] 23371K->16139K(26112K), 0.0004390 secs] [Times: user=0.00 sys=0.00, real=0.00 secs] 
152.599: Total time for which application threads were stopped: 0.0005610 seconds, Stopping threads took: 0.0000490 seconds
152.638: Application time: 0.0390440 seconds
152.639: [GC [PSYoungGen: 7632K->464K(8192K)] 23307K->16139K(26112K), 0.0005940 secs] [Times: user=0.00 sys=0.00, real=0.00 secs] 
152.640: Total time for which application threads were stopped: 0.0015230 seconds, Stopping threads took: 0.0008470 seconds
152.679: Application time: 0.0396270 seconds
152.679: [GC [PSYoungGen: 7632K->480K(8192K)] 23307K->16155K(26112K), 0.0004960 secs] [Times: user=0.00 sys=0.00, real=0.00 secs] 
152.680: Total time for which application threads were stopped: 0.0006220 seconds, Stopping threads took: 0.0000620 seconds
152.719: Application time: 0.0389330 seconds
152.719: [GC [PSYoungGen: 7648K->368K(8192K)] 23323K->16167K(26112K), 0.0004540 secs] [Times: user=0.00 sys=0.00, real=0.00 secs] 
152.719: Total time for which application threads were stopped: 0.0005560 seconds, Stopping threads took: 0.0000400 seconds
152.758: Application time: 0.0388790 seconds
152.758: [GC [PSYoungGen: 7536K->256K(8192K)] 23335K->16223K(26112K), 0.0004540 secs] [Times: user=0.00 sys=0.00, real=0.00 secs] 
152.759: Total time for which application threads were stopped: 0.0005670 seconds, Stopping threads took: 0.0000490 seconds
152.798: Application time: 0.0388970 seconds
152.798: [GC [PSYoungGen: 7424K->240K(8192K)] 23391K->16207K(26112K), 0.0004080 secs] [Times: user=0.00 sys=0.00, real=0.00 secs] 
152.798: Total time for which application threads were stopped: 0.0005250 seconds, Stopping threads took: 0.0000560 seconds
152.837: Application time: 0.0392690 seconds
152.837: [GC [PSYoungGen: 7408K->256K(8192K)] 23375K->16223K(26112K), 0.0004100 secs] [Times: user=0.00 sys=0.00, real=0.00 secs] 
152.838: Total time for which application threads were stopped: 0.0005260 seconds, Stopping threads took: 0.0000540 seconds
152.876: Application time: 0.0383940 seconds
152.876: [GC [PSYoungGen: 7424K->272K(8192K)] 23391K->16239K(26112K), 0.0003910 secs] [Times: user=0.00 sys=0.00, real=0.00 secs] 
152.877: Total time for which application threads were stopped: 0.0005080 seconds, Stopping threads took: 0.0000520 seconds
152.914: Application time: 0.0368210 seconds
152.914: [GC [PSYoungGen: 7440K->384K(8192K)] 23407K->16351K(26112K), 0.0004380 secs] [Times: user=0.01 sys=0.00, real=0.00 secs] 
152.914: Total time for which application threads were stopped: 0.0005530 seconds, Stopping threads took: 0.0000520 seconds
152.952: Application time: 0.0374690 seconds
152.952: [GC [PSYoungGen: 7552K->512K(8192K)] 23519K->16479K(26112K), 0.0004660 secs] [Times: user=0.00 sys=0.00, real=0.00 secs] 
152.952: Total time for which application threads were stopped: 0.0005800 seconds, Stopping threads took: 0.0000540 seconds
152.991: Application time: 0.0390250 seconds
152.991: [GC [PSYoungGen: 7680K->496K(8192K)] 23647K->16463K(26112K), 0.0004260 secs] [Times: user=0.00 sys=0.00, real=0.00 secs] 
152.992: Total time for which application threads were stopped: 0.0005320 seconds, Stopping threads took: 0.0000450 seconds
153.031: Application time: 0.0393160 seconds
153.031: [GC [PSYoungGen: 7664K->512K(8192K)] 23631K->16479K(26112K), 0.0004390 secs] [Times: user=0.00 sys=0.00, real=0.00 secs] 
153.032: Total time for which application threads were stopped: 0.0005500 seconds, Stopping threads took: 0.0000480 seconds
153.071: Application time: 0.0390540 seconds
153.071: [GC [PSYoungGen: 7680K->464K(8192K)] 23647K->16431K(26112K), 0.0004400 secs] [Times: user=0.01 sys=0.00, real=0.00 secs] 
153.071: Total time for which application threads were stopped: 0.0005650 seconds, Stopping threads took: 0.0000530 seconds
153.110: Application time: 0.0389340 seconds
153.110: [GC [PSYoungGen: 7632K->480K(8192K)] 23599K->16447K(26112K), 0.0004350 secs] [Times: user=0.00 sys=0.00, real=0.00 secs] 
153.111: Total time for which application threads were stopped: 0.0005600 seconds, Stopping threads took: 0.0000550 seconds
153.150: Application time: 0.0389100 seconds
153.150: [GC [PSYoungGen: 7648K->496K(8192K)] 23615K->16463K(26112K), 0.0004360 secs] [Times: user=0.00 sys=0.00, real=0.00 secs] 
153.150: Total time for which application threads were stopped: 0.0005320 seconds, Stopping threads took: 0.0000370 seconds
153.189: Application time: 0.0388890 seconds
153.189: [GC [PSYoungGen: 7664K->512K(8192K)] 23631K->16479K(26112K), 0.0004790 secs] [Times: user=0.00 sys=0.00, real=0.00 secs] 
153.190: Total time for which application threads were stopped: 0.0005860 seconds, Stopping threads took: 0.0000470 seconds
153.229: Application time: 0.0394360 seconds
153.229: [GC [PSYoungGen: 7680K->528K(8192K)] 23647K->16495K(26112K), 0.0004420 secs] [Times: user=0.00 sys=0.00, real=0.00 secs] 
153.230: Total time for which application threads were stopped: 0.0005520 seconds, Stopping threads took: 0.0000490 seconds
153.269: Application time: 0.0389760 seconds
153.269: [GC [PSYoungGen: 7696K->464K(8192K)] 23663K->16431K(26112K), 0.0005040 secs] [Times: user=0.00 sys=0.00, real=0.01 secs] 
153.269: Total time for which application threads were stopped: 0.0006160 seconds, Stopping threads took: 0.0000490 seconds
153.308: Application time: 0.0386300 seconds
153.308: [GC [PSYoungGen: 7632K->528K(8192K)] 23599K->16495K(26112K), 0.0004200 secs] [Times: user=0.00 sys=0.00, real=0.00 secs] 
153.308: Total time for which application threads were stopped: 0.0005310 seconds, Stopping threads took: 0.0000500 seconds
153.347: Application time: 0.0385310 seconds
153.347: [GC [PSYoungGen: 7696K->496K(8192K)] 23663K->16463K(26112K), 0.0004710 secs] [Times: user=0.00 sys=0.00, real=0.00 secs] 
153.348: Total time for which application threads were stopped: 0.0005880 seconds, Stopping threads took: 0.0000520 seconds
153.387: Application time: 0.0395650 seconds
153.387: [GC [PSYoungGen: 7664K->496K(8192K)] 23631K->16463K(26112K), 0.0004220 secs] [Times: user=0.00 sys=0.00, real=0.00 secs] 
153.388: Total time for which application threads were stopped: 0.0005440 seconds, Stopping threads took: 0.0000610 seconds
153.427: Application time: 0.0389630 seconds
153.427: [GC [PSYoungGen: 7664K->480K(8192K)] 23631K->16447K(26112K), 0.0004300 secs] [Times: user=0.00 sys=0.00, real=0.00 secs] 
153.427: Total time for which application threads were stopped: 0.0005460 seconds, Stopping threads took: 0.0000540 seconds
153.466: Application time: 0.0389880 seconds
153.466: [GC [PSYoungGen: 7648K->464K(8192K)] 23615K->16471K(26112K), 0.0004580 secs] [Times: user=0.00 sys=0.00, real=0.00 secs] 
153.467: Total time for which application threads were stopped: 0.0005620 seconds, Stopping threads took: 0.0000430 seconds
153.506: Application time: 0.0389430 seconds
153.506: [GC [PSYoungGen: 7632K->336K(8192K)] 23639K->16488K(26112K), 0.0004370 secs] [Times: user=0.01 sys=0.00, real=0.00 secs] 
153.506: Total time for which application threads were stopped: 0.0005540 seconds, Stopping threads took: 0.0000540 seconds
153.545: Application time: 0.0389640 seconds
153.545: [GC [PSYoungGen: 7504K->272K(8192K)] 23656K->16544K(26112K), 0.0004130 secs] [Times: user=0.00 sys=0.00, real=0.00 secs] 
153.546: Total time for which application threads were stopped: 0.0005250 seconds, Stopping threads took: 0.0000490 seconds
153.585: Application time: 0.0390590 seconds
153.585: [GC [PSYoungGen: 7440K->272K(8192K)] 23712K->16544K(26112K), 0.0003620 secs] [Times: user=0.00 sys=0.00, real=0.00 secs] 
153.585: Total time for which application threads were stopped: 0.0004630 seconds, Stopping threads took: 0.0000380 seconds
153.625: Application time: 0.0392300 seconds
153.625: [GC [PSYoungGen: 7440K->256K(8192K)] 23712K->16528K(26112K), 0.0003970 secs] [Times: user=0.00 sys=0.00, real=0.00 secs] 
153.625: Total time for which application threads were stopped: 0.0005120 seconds, Stopping threads took: 0.0000440 seconds
153.664: Application time: 0.0388130 seconds
153.664: [GC [PSYoungGen: 7424K->272K(8192K)] 23696K->16544K(26112K), 0.0004340 secs] [Times: user=0.00 sys=0.00, real=0.00 secs] 
153.664: Total time for which application threads were stopped: 0.0005680 seconds, Stopping threads took: 0.0000640 seconds
153.701: Application time: 0.0367820 seconds
153.701: [GC [PSYoungGen: 7440K->352K(8192K)] 23712K->16624K(26112K), 0.0004070 secs] [Times: user=0.00 sys=0.00, real=0.00 secs] 
153.702: Total time for which application threads were stopped: 0.0005160 seconds, Stopping threads took: 0.0000440 seconds
153.739: Application time: 0.0373510 seconds
153.739: [GC [PSYoungGen: 7520K->480K(8192K)] 23792K->16752K(26112K), 0.0004520 secs] [Times: user=0.01 sys=0.00, real=0.00 secs] 
153.740: Total time for which application threads were stopped: 0.0005560 seconds, Stopping threads took: 0.0000420 seconds
153.779: Application time: 0.0395230 seconds
153.779: [GC [PSYoungGen: 7648K->496K(8192K)] 23920K->16768K(26112K), 0.0004310 secs] [Times: user=0.00 sys=0.00, real=0.00 secs] 
153.780: Total time for which application threads were stopped: 0.0005440 seconds, Stopping threads took: 0.0000490 seconds
153.819: Application time: 0.0389080 seconds
153.819: [GC [PSYoungGen: 7664K->480K(8192K)] 23936K->16752K(26112K), 0.0004830 secs] [Times: user=0.00 sys=0.00, real=0.00 secs] 
153.819: Total time for which application threads were stopped: 0.0005970 seconds, Stopping threads took: 0.0000520 seconds
153.858: Application time: 0.0390750 seconds
153.858: [GC [PSYoungGen: 7648K->496K(8192K)] 23920K->16768K(26112K), 0.0004590 secs] [Times: user=0.00 sys=0.00, real=0.00 secs] 
153.859: Total time for which application threads were stopped: 0.0005760 seconds, Stopping threads took: 0.0000520 seconds
153.898: Application time: 0.0390900 seconds
153.898: [GC [PSYoungGen: 7664K->512K(8192K)] 23936K->16784K(26112K), 0.0004520 secs] [Times: user=0.01 sys=0.00, real=0.00 secs] 
153.899: Total time for which application threads were stopped: 0.0005670 seconds, Stopping threads took: 0.0000500 seconds
153.938: Application time: 0.0391710 seconds
153.938: [GC [PSYoungGen: 7680K->480K(8192K)] 23952K->16752K(26112K), 0.0004240 secs] [Times: user=0.00 sys=0.00, real=0.00 secs] 
153.938: Total time for which application threads were stopped: 0.0005330 seconds, Stopping threads took: 0.0000480 seconds
153.977: Application time: 0.0392380 seconds
153.978: [GC [PSYoungGen: 7648K->528K(8192K)] 23920K->16800K(26112K), 0.0005460 secs] [Times: user=0.00 sys=0.00, real=0.00 secs] 
153.978: Total time for which application threads were stopped: 0.0006630 seconds, Stopping threads took: 0.0000550 seconds
154.017: Application time: 0.0390520 seconds
154.017: [GC [PSYoungGen: 7696K->496K(8192K)] 23968K->16768K(26112K), 0.0004660 secs] [Times: user=0.00 sys=0.00, real=0.00 secs] 
154.018: Total time for which application threads were stopped: 0.0005780 seconds, Stopping threads took: 0.0000480 seconds
154.057: Application time: 0.0391670 seconds
154.057: [GC [PSYoungGen: 7664K->480K(8192K)] 23936K->16752K(26112K), 0.0004520 secs] [Times: user=0.00 sys=0.00, real=0.00 secs] 
154.057: Total time for which application threads were stopped: 0.0005670 seconds, Stopping threads took: 0.0000510 seconds
154.096: Application time: 0.0386580 seconds
154.096: [GC [PSYoungGen: 7648K->512K(8192K)] 23920K->16784K(26112K), 0.0004170 secs] [Times: user=0.00 sys=0.00, real=0.00 secs] 
154.097: Total time for which application threads were stopped: 0.0005330 seconds, Stopping threads took: 0.0000550 seconds
154.136: Application time: 0.0388230 seconds
154.136: [GC [PSYoungGen: 7680K->528K(8192K)] 23952K->16800K(26112K), 0.0004280 secs] [Times: user=0.01 sys=0.00, real=0.00 secs] 
154.136: Total time for which application threads were stopped: 0.0005620 seconds, Stopping threads took: 0.0000500 seconds
154.175: Application time: 0.0390160 seconds
154.175: [GC [PSYoungGen: 7696K->496K(8192K)] 23968K->16768K(26112K), 0.0004120 secs] [Times: user=0.01 sys=0.00, real=0.00 secs] 
154.176: Total time for which application threads were stopped: 0.0005300 seconds, Stopping threads took: 0.0000550 seconds
154.214: Application time: 0.0388520 seconds
154.215: [GC [PSYoungGen: 7664K->528K(8192K)] 23936K->16800K(26112K), 0.0004340 secs] [Times: user=0.00 sys=0.00, real=0.00 secs] 
154.215: Total time for which application threads were stopped: 0.0005530 seconds, Stopping threads took: 0.0000530 seconds
154.254: Application time: 0.0390400 seconds
154.254: [GC [PSYoungGen: 7696K->496K(8192K)] 23968K->16816K(26112K), 0.0004420 secs] [Times: user=0.00 sys=0.00, real=0.00 secs] 
154.255: Total time for which application threads were stopped: 0.0005480 seconds, Stopping threads took: 0.0000450 seconds
154.294: Application time: 0.0389090 seconds
154.294: [GC [PSYoungGen: 7664K->320K(8192K)] 23984K->16796K(26112K), 0.0004280 secs] [Times: user=0.01 sys=0.00, real=0.00 secs] 
154.294: Total time for which application threads were stopped: 0.0005340 seconds, Stopping threads took: 0.0000440 seconds
154.333: Application time: 0.0390020 seconds
154.333: [GC [PSYoungGen: 7488K->256K(8192K)] 23964K->16860K(26112K), 0.0004420 secs] [Times: user=0.00 sys=0.00, real=0.00 secs] 
154.334: Total time for which application threads were stopped: 0.0005470 seconds, Stopping threads took: 0.0000430 seconds
154.373: Application time: 0.0390490 seconds
154.377: [GC [PSYoungGen: 7424K->256K(8192K)] 24028K->16860K(26112K), 0.0004110 secs] [Times: user=0.00 sys=0.00, real=0.00 secs] 
154.378: Total time for which application threads were stopped: 0.0048450 seconds, Stopping threads took: 0.0043710 seconds
154.416: Application time: 0.0388780 seconds
154.417: [GC [PSYoungGen: 7424K->256K(8192K)] 24028K->16860K(26112K), 0.0003830 secs] [Times: user=0.00 sys=0.00, real=0.00 secs] 
154.417: Total time for which application threads were stopped: 0.0005180 seconds, Stopping threads took: 0.0000730 seconds
154.455: Application time: 0.0384230 seconds
154.455: [GC [PSYoungGen: 7424K->320K(8192K)] 24028K->16924K(26112K), 0.0004280 secs] [Times: user=0.00 sys=0.00, real=0.00 secs] 
154.456: Total time for which application threads were stopped: 0.0005370 seconds, Stopping threads took: 0.0000490 seconds
154.492: Application time: 0.0362310 seconds
154.492: [GC [PSYoungGen: 7488K->448K(8192K)] 24092K->17052K(26112K), 0.0004200 secs] [Times: user=0.00 sys=0.00, real=0.00 secs] 
154.493: Total time for which application threads were stopped: 0.0005460 seconds, Stopping threads took: 0.0000600 seconds
154.531: Application time: 0.0386370 seconds
154.531: [GC [PSYoungGen: 7616K->512K(8192K)] 24220K->17116K(26112K), 0.0004440 secs] [Times: user=0.00 sys=0.00, real=0.00 secs] 
154.532: Total time for which application threads were stopped: 0.0005600 seconds, Stopping threads took: 0.0000520 seconds
154.571: Application time: 0.0389230 seconds
154.571: [GC [PSYoungGen: 7680K->512K(8192K)] 24284K->17116K(26112K), 0.0004500 secs] [Times: user=0.00 sys=0.00, real=0.00 secs] 
154.571: Total time for which application threads were stopped: 0.0005660 seconds, Stopping threads took: 0.0000500 seconds
154.610: Application time: 0.0389860 seconds
154.610: [GC [PSYoungGen: 7680K->512K(8192K)] 24284K->17116K(26112K), 0.0004530 secs] [Times: user=0.00 sys=0.00, real=0.00 secs] 
154.611: Total time for which application threads were stopped: 0.0005630 seconds, Stopping threads took: 0.0000500 seconds
154.650: Application time: 0.0395410 seconds
154.651: [GC [PSYoungGen: 7680K->544K(8192K)] 24284K->17148K(26112K), 0.0005150 secs] [Times: user=0.00 sys=0.00, real=0.00 secs] 
154.651: Total time for which application threads were stopped: 0.0006520 seconds, Stopping threads took: 0.0000540 seconds
154.690: Application time: 0.0389070 seconds
154.690: [GC [PSYoungGen: 7712K->512K(8192K)] 24316K->17116K(26112K), 0.0004690 secs] [Times: user=0.01 sys=0.00, real=0.00 secs] 
154.691: Total time for which application threads were stopped: 0.0005950 seconds, Stopping threads took: 0.0000500 seconds
154.730: Application time: 0.0392780 seconds
154.730: [GC [PSYoungGen: 7680K->512K(8192K)] 24284K->17116K(26112K), 0.0004250 secs] [Times: user=0.00 sys=0.00, real=0.00 secs] 
154.730: Total time for which application threads were stopped: 0.0005340 seconds, Stopping threads took: 0.0000460 seconds
154.769: Application time: 0.0389190 seconds
154.769: [GC [PSYoungGen: 7680K->464K(8192K)] 24284K->17068K(26112K), 0.0004450 secs] [Times: user=0.00 sys=0.00, real=0.00 secs] 
154.770: Total time for which application threads were stopped: 0.0005460 seconds, Stopping threads took: 0.0000390 seconds
154.810: Application time: 0.0396510 seconds
154.810: [GC [PSYoungGen: 7632K->448K(8192K)] 24236K->17052K(26112K), 0.0004260 secs] [Times: user=0.00 sys=0.00, real=0.00 secs] 
154.810: Total time for which application threads were stopped: 0.0005370 seconds, Stopping threads took: 0.0000470 seconds
154.849: Application time: 0.0388580 seconds
154.849: [GC [PSYoungGen: 7616K->448K(8192K)] 24220K->17052K(26112K), 0.0004580 secs] [Times: user=0.01 sys=0.00, real=0.00 secs] 
154.850: Total time for which application threads were stopped: 0.0005850 seconds, Stopping threads took: 0.0000630 seconds
154.888: Application time: 0.0384690 seconds
154.888: [GC [PSYoungGen: 7616K->512K(8192K)] 24220K->17116K(26112K), 0.0004230 secs] [Times: user=0.00 sys=0.00, real=0.00 secs] 
154.889: Total time for which application threads were stopped: 0.0005350 seconds, Stopping threads took: 0.0000520 seconds
154.928: Application time: 0.0390560 seconds
154.928: [GC [PSYoungGen: 7680K->528K(8192K)] 24284K->17132K(26112K), 0.0004820 secs] [Times: user=0.01 sys=0.00, real=0.00 secs] 
154.928: Total time for which application threads were stopped: 0.0006050 seconds, Stopping threads took: 0.0000610 seconds
154.967: Application time: 0.0388050 seconds
154.967: [GC [PSYoungGen: 7696K->480K(8192K)] 24300K->17084K(26112K), 0.0005240 secs] [Times: user=0.00 sys=0.00, real=0.00 secs] 
154.968: Total time for which application threads were stopped: 0.0006230 seconds, Stopping threads took: 0.0000380 seconds
155.007: Application time: 0.0390620 seconds
155.007: [GC [PSYoungGen: 7648K->544K(8192K)] 24252K->17148K(26112K), 0.0004370 secs] [Times: user=0.00 sys=0.00, real=0.00 secs] 
155.007: Total time for which application threads were stopped: 0.0005440 seconds, Stopping threads took: 0.0000450 seconds
155.047: Application time: 0.0392950 seconds
155.047: [GC [PSYoungGen: 7712K->432K(8192K)] 24316K->17124K(26112K), 0.0004350 secs] [Times: user=0.00 sys=0.00, real=0.00 secs] 
155.047: Total time for which application threads were stopped: 0.0005390 seconds, Stopping threads took: 0.0000430 seconds
155.086: Application time: 0.0389840 seconds
155.086: [GC [PSYoungGen: 7600K->288K(8192K)] 24292K->17156K(26112K), 0.0004420 secs] [Times: user=0.00 sys=0.00, real=0.00 secs] 
155.087: Total time for which application threads were stopped: 0.0005730 seconds, Stopping threads took: 0.0000700 seconds
155.126: Application time: 0.0391130 seconds
155.126: [GC [PSYoungGen: 7456K->256K(8192K)] 24324K->17180K(26112K), 0.0003830 secs] [Times: user=0.00 sys=0.00, real=0.00 secs] 
155.126: Total time for which application threads were stopped: 0.0004960 seconds, Stopping threads took: 0.0000510 seconds
155.165: Application time: 0.0391920 seconds
155.166: [GC [PSYoungGen: 7424K->256K(8192K)] 24348K->17180K(26112K), 0.0003860 secs] [Times: user=0.00 sys=0.00, real=0.00 secs] 
155.166: Total time for which application threads were stopped: 0.0004980 seconds, Stopping threads took: 0.0000440 seconds
155.204: Application time: 0.0384520 seconds
155.204: [GC [PSYoungGen: 7424K->288K(8192K)] 24348K->17212K(26112K), 0.0004050 secs] [Times: user=0.00 sys=0.00, real=0.00 secs] 
155.205: Total time for which application threads were stopped: 0.0005130 seconds, Stopping threads took: 0.0000480 seconds
155.242: Application time: 0.0375990 seconds
155.243: [GC [PSYoungGen: 7456K->368K(8192K)] 24380K->17292K(26112K), 0.0018630 secs] [Times: user=0.00 sys=0.00, real=0.00 secs] 
155.244: Total time for which application threads were stopped: 0.0019700 seconds, Stopping threads took: 0.0000440 seconds
155.281: Application time: 0.0367870 seconds
155.281: [GC [PSYoungGen: 7536K->496K(8192K)] 24460K->17420K(26112K), 0.0004630 secs] [Times: user=0.00 sys=0.00, real=0.00 secs] 
155.282: Total time for which application threads were stopped: 0.0005930 seconds, Stopping threads took: 0.0000660 seconds
155.321: Application time: 0.0392720 seconds
155.325: [GC [PSYoungGen: 7664K->496K(8192K)] 24588K->17420K(26112K), 0.0004410 secs] [Times: user=0.00 sys=0.00, real=0.00 secs] 
155.326: Total time for which application threads were stopped: 0.0044050 seconds, Stopping threads took: 0.0039010 seconds
155.365: Application time: 0.0390060 seconds
155.365: [GC [PSYoungGen: 7664K->480K(8192K)] 24588K->17404K(26112K), 0.0004590 secs] [Times: user=0.01 sys=0.00, real=0.00 secs] 
155.365: Total time for which application threads were stopped: 0.0005710 seconds, Stopping threads took: 0.0000510 seconds
155.404: Application time: 0.0392830 seconds
155.404: [GC [PSYoungGen: 7648K->464K(8192K)] 24572K->17388K(26112K), 0.0004240 secs] [Times: user=0.00 sys=0.00, real=0.00 secs] 
155.405: Total time for which application threads were stopped: 0.0005280 seconds, Stopping threads took: 0.0000400 seconds
155.444: Application time: 0.0390840 seconds
155.444: [GC [PSYoungGen: 7632K->496K(8192K)] 24556K->17420K(26112K), 0.0004290 secs] [Times: user=0.00 sys=0.00, real=0.00 secs] 
155.445: Total time for which application threads were stopped: 0.0005440 seconds, Stopping threads took: 0.0000540 seconds
155.484: Application time: 0.0392750 seconds
155.484: [GC [PSYoungGen: 7664K->512K(8192K)] 24588K->17436K(26112K), 0.0005460 secs] [Times: user=0.00 sys=0.00, real=0.00 secs] 
155.484: Total time for which application threads were stopped: 0.0006610 seconds, Stopping threads took: 0.0000560 seconds
155.523: Application time: 0.0388610 seconds
155.523: [GC [PSYoungGen: 7680K->512K(8192K)] 24604K->17436K(26112K), 0.0004780 secs] [Times: user=0.00 sys=0.00, real=0.00 secs] 
155.524: Total time for which application threads were stopped: 0.0005920 seconds, Stopping threads took: 0.0000530 seconds
155.563: Application time: 0.0389100 seconds
155.563: [GC [PSYoungGen: 7680K->528K(8192K)] 24604K->17452K(26112K), 0.0004350 secs] [Times: user=0.00 sys=0.00, real=0.00 secs] 
155.563: Total time for which application threads were stopped: 0.0005410 seconds, Stopping threads took: 0.0000440 seconds
155.602: Application time: 0.0390260 seconds
155.603: [GC [PSYoungGen: 7696K->496K(8192K)] 24620K->17420K(26112K), 0.0005150 secs] [Times: user=0.00 sys=0.00, real=0.00 secs] 
155.603: Total time for which application threads were stopped: 0.0006340 seconds, Stopping threads took: 0.0000560 seconds
155.642: Application time: 0.0389110 seconds
155.642: [GC [PSYoungGen: 7664K->480K(8192K)] 24588K->17404K(26112K), 0.0004790 secs] [Times: user=0.01 sys=0.00, real=0.00 secs] 
155.643: Total time for which application threads were stopped: 0.0006110 seconds, Stopping threads took: 0.0000600 seconds
155.681: Application time: 0.0385480 seconds
155.681: [GC [PSYoungGen: 7648K->480K(8192K)] 24572K->17404K(26112K), 0.0004870 secs] [Times: user=0.00 sys=0.00, real=0.00 secs] 
155.682: Total time for which application threads were stopped: 0.0006330 seconds, Stopping threads took: 0.0000700 seconds
155.721: Application time: 0.0394590 seconds
155.721: [GC [PSYoungGen: 7648K->512K(8192K)] 24572K->17436K(26112K), 0.0004390 secs] [Times: user=0.00 sys=0.00, real=0.00 secs] 
155.722: Total time for which application threads were stopped: 0.0005510 seconds, Stopping threads took: 0.0000480 seconds
155.761: Application time: 0.0393990 seconds
155.761: [GC [PSYoungGen: 7680K->448K(8192K)] 24604K->17372K(26112K), 0.0005120 secs] [Times: user=0.00 sys=0.00, real=0.00 secs] 
155.762: Total time for which application threads were stopped: 0.0006340 seconds, Stopping threads took: 0.0000470 seconds
155.801: Application time: 0.0389470 seconds
155.801: [GC [PSYoungGen: 7616K->464K(8192K)] 24540K->17444K(26112K), 0.0004380 secs] [Times: user=0.00 sys=0.00, real=0.01 secs] 
155.801: Total time for which application threads were stopped: 0.0005500 seconds, Stopping threads took: 0.0000510 seconds
155.840: Application time: 0.0388660 seconds
155.840: [GC [PSYoungGen: 7632K->336K(8192K)] 24612K->17444K(26112K), 0.0004240 secs] [Times: user=0.00 sys=0.00, real=0.00 secs] 
155.841: Total time for which application threads were stopped: 0.0005320 seconds, Stopping threads took: 0.0000470 seconds
155.880: Application time: 0.0389280 seconds
155.880: [GC [PSYoungGen: 7503K->256K(8192K)] 24612K->17500K(26112K), 0.0004080 secs] [Times: user=0.00 sys=0.00, real=0.00 secs] 
155.880: Total time for which application threads were stopped: 0.0005240 seconds, Stopping threads took: 0.0000540 seconds
155.920: Application time: 0.0396760 seconds
155.920: [GC [PSYoungGen: 7424K->256K(8192K)] 24668K->17500K(26112K), 0.0003840 secs] [Times: user=0.00 sys=0.00, real=0.00 secs] 
155.920: Total time for which application threads were stopped: 0.0004980 seconds, Stopping threads took: 0.0000550 seconds
155.959: Application time: 0.0389190 seconds
155.959: [GC [PSYoungGen: 7424K->256K(8192K)] 24668K->17500K(26112K), 0.0003520 secs] [Times: user=0.00 sys=0.00, real=0.00 secs] 
155.960: Total time for which application threads were stopped: 0.0004730 seconds, Stopping threads took: 0.0000530 seconds
155.998: Application time: 0.0386510 seconds
155.998: [GC [PSYoungGen: 7424K->272K(8192K)] 24668K->17516K(26112K), 0.0003790 secs] [Times: user=0.01 sys=0.00, real=0.00 secs] 
155.999: Total time for which application threads were stopped: 0.0004860 seconds, Stopping threads took: 0.0000480 seconds
156.035: Application time: 0.0364870 seconds
156.035: [GC [PSYoungGen: 7440K->400K(8192K)] 24684K->17644K(26112K), 0.0004230 secs] [Times: user=0.00 sys=0.00, real=0.00 secs] 
156.036: Total time for which application threads were stopped: 0.0005290 seconds, Stopping threads took: 0.0000420 seconds
156.074: Application time: 0.0376850 seconds
156.074: [GC [PSYoungGen: 7568K->544K(8192K)] 24812K->17788K(26112K), 0.0005800 secs] [Times: user=0.00 sys=0.00, real=0.00 secs] 
156.074: Total time for which application threads were stopped: 0.0006940 seconds, Stopping threads took: 0.0000510 seconds
156.114: Application time: 0.0392580 seconds
156.114: [GC [PSYoungGen: 7712K->496K(8192K)] 24956K->17740K(26112K), 0.0004670 secs] [Times: user=0.01 sys=0.00, real=0.00 secs] 
156.114: Total time for which application threads were stopped: 0.0005780 seconds, Stopping threads took: 0.0000500 seconds
156.153: Application time: 0.0390360 seconds
156.153: [GC [PSYoungGen: 7664K->496K(8192K)] 24908K->17740K(26112K), 0.0004260 secs] [Times: user=0.00 sys=0.00, real=0.00 secs] 
156.154: Total time for which application threads were stopped: 0.0005300 seconds, Stopping threads took: 0.0000470 seconds
156.193: Application time: 0.0389730 seconds
156.197: [GC [PSYoungGen: 7664K->480K(8192K)] 24908K->17724K(26112K), 0.0004780 secs] [Times: user=0.01 sys=0.00, real=0.00 secs] 
156.198: Total time for which application threads were stopped: 0.0049250 seconds, Stopping threads took: 0.0043750 seconds
156.237: Application time: 0.0389430 seconds
156.237: [GC [PSYoungGen: 7648K->496K(8192K)] 24892K->17740K(26112K), 0.0004330 secs] [Times: user=0.00 sys=0.00, real=0.00 secs] 
156.237: Total time for which application threads were stopped: 0.0005510 seconds, Stopping threads took: 0.0000550 seconds
156.276: Application time: 0.0388850 seconds
156.276: [GC [PSYoungGen: 7664K->480K(8192K)] 24908K->17724K(26112K), 0.0004330 secs] [Times: user=0.00 sys=0.00, real=0.00 secs] 
156.276: Total time for which application threads were stopped: 0.0005400 seconds, Stopping threads took: 0.0000440 seconds
156.316: Application time: 0.0392680 seconds
156.316: [GC [PSYoungGen: 7648K->464K(8192K)] 24892K->17708K(26112K), 0.0004430 secs] [Times: user=0.00 sys=0.00, real=0.00 secs] 
156.316: Total time for which application threads were stopped: 0.0005500 seconds, Stopping threads took: 0.0000440 seconds
156.355: Application time: 0.0389620 seconds
156.355: [GC [PSYoungGen: 7632K->544K(8192K)] 24876K->17788K(26112K), 0.0004580 secs] [Times: user=0.00 sys=0.00, real=0.00 secs] 
156.356: Total time for which application threads were stopped: 0.0005720 seconds, Stopping threads took: 0.0000530 seconds
156.395: Application time: 0.0391160 seconds
156.395: [GC [PSYoungGen: 7712K->528K(8192K)] 24956K->17772K(26112K), 0.0004330 secs] [Times: user=0.01 sys=0.00, real=0.00 secs] 
156.396: Total time for which application threads were stopped: 0.0005520 seconds, Stopping threads took: 0.0000540 seconds
156.434: Application time: 0.0384550 seconds
156.434: [GC [PSYoungGen: 7696K->528K(8192K)] 24940K->17772K(26112K), 0.0004480 secs] [Times: user=0.01 sys=0.00, real=0.00 secs] 
156.435: Total time for which application threads were stopped: 0.0005530 seconds, Stopping threads took: 0.0000410 seconds
156.473: Application time: 0.0387950 seconds
156.473: [GC [PSYoungGen: 7696K->496K(8192K)] 24940K->17740K(26112K), 0.0004480 secs] [Times: user=0.00 sys=0.00, real=0.00 secs] 
156.474: Total time for which application threads were stopped: 0.0005610 seconds, Stopping threads took: 0.0000500 seconds
156.513: Application time: 0.0391900 seconds
156.513: [GC [PSYoungGen: 7664K->560K(8192K)] 24908K->17804K(26112K), 0.0004440 secs] [Times: user=0.00 sys=0.00, real=0.00 secs] 
156.514: Total time for which application threads were stopped: 0.0005470 seconds, Stopping threads took: 0.0000410 seconds
156.553: Application time: 0.0391820 seconds
156.553: [GC [PSYoungGen: 7728K->464K(8192K)] 24972K->17708K(26112K), 0.0004280 secs] [Times: user=0.00 sys=0.00, real=0.00 secs] 
156.553: Total time for which application threads were stopped: 0.0005270 seconds, Stopping threads took: 0.0000390 seconds
156.592: Application time: 0.0389470 seconds
156.592: [GC [PSYoungGen: 7632K->432K(8192K)] 24876K->17724K(26112K), 0.0004600 secs] [Times: user=0.00 sys=0.00, real=0.00 secs] 
156.593: Total time for which application threads were stopped: 0.0005660 seconds, Stopping threads took: 0.0000430 seconds
156.632: Application time: 0.0389260 seconds
156.632: [GC [PSYoungGen: 7600K->304K(8192K)] 24892K->17749K(26112K), 0.0004180 secs] [Times: user=0.00 sys=0.00, real=0.00 secs] 
156.632: Total time for which application threads were stopped: 0.0005380 seconds, Stopping threads took: 0.0000540 seconds
156.672: Application time: 0.0392730 seconds
156.672: [GC [PSYoungGen: 7472K->240K(8192K)] 24917K->17809K(26112K), 0.0004970 secs] [Times: user=0.00 sys=0.00, real=0.00 secs] 
156.672: Total time for which application threads were stopped: 0.0006120 seconds, Stopping threads took: 0.0000470 seconds
156.712: Application time: 0.0393020 seconds
156.712: [GC [PSYoungGen: 7408K->256K(8192K)] 24977K->17825K(26112K), 0.0004030 secs] [Times: user=0.00 sys=0.00, real=0.00 secs] 
156.712: Total time for which application threads were stopped: 0.0005360 seconds, Stopping threads took: 0.0000590 seconds
156.751: Application time: 0.0390150 seconds
156.751: [GC [PSYoungGen: 7424K->256K(8192K)] 24993K->17825K(26112K), 0.0004050 secs] [Times: user=0.00 sys=0.00, real=0.00 secs] 
156.752: Total time for which application threads were stopped: 0.0005080 seconds, Stopping threads took: 0.0000430 seconds
156.790: Application time: 0.0386110 seconds
156.790: [GC [PSYoungGen: 7424K->272K(8192K)] 24993K->17841K(26112K), 0.0003840 secs] [Times: user=0.00 sys=0.00, real=0.00 secs] 
156.791: Total time for which application threads were stopped: 0.0004880 seconds, Stopping threads took: 0.0000420 seconds
156.828: Application time: 0.0370320 seconds
156.828: [GC [PSYoungGen: 7440K->336K(8192K)] 25009K->17905K(26112K), 0.0004290 secs] [Times: user=0.00 sys=0.00, real=0.00 secs] 
156.828: Total time for which application threads were stopped: 0.0005350 seconds, Stopping threads took: 0.0000450 seconds
156.866: Application time: 0.0374580 seconds
156.866: [GC [PSYoungGen: 7504K->512K(8192K)] 25073K->18081K(26112K), 0.0004670 secs] [Times: user=0.00 sys=0.00, real=0.00 secs] 
156.866: Total time for which application threads were stopped: 0.0005630 seconds, Stopping threads took: 0.0000380 seconds
156.905: Application time: 0.0392210 seconds
156.906: [GC [PSYoungGen: 7680K->496K(8192K)] 25249K->18065K(26112K), 0.0004830 secs] [Times: user=0.00 sys=0.00, real=0.00 secs] 
156.906: Total time for which application threads were stopped: 0.0005890 seconds, Stopping threads took: 0.0000430 seconds
156.945: Application time: 0.0388760 seconds
156.945: [GC [PSYoungGen: 7664K->512K(8192K)] 25233K->18081K(26112K), 0.0004330 secs] [Times: user=0.00 sys=0.00, real=0.00 secs] 
156.946: Total time for which application threads were stopped: 0.0005500 seconds, Stopping threads took: 0.0000540 seconds
156.985: Application time: 0.0394300 seconds
156.985: [GC [PSYoungGen: 7680K->512K(8192K)] 25249K->18081K(26112K), 0.0004670 secs] [Times: user=0.01 sys=0.00, real=0.00 secs] 
156.986: Total time for which application threads were stopped: 0.0005970 seconds, Stopping threads took: 0.0000680 seconds
157.024: Application time: 0.0389180 seconds
157.025: [GC [PSYoungGen: 7680K->496K(8192K)] 25249K->18065K(26112K), 0.0004400 secs] [Times: user=0.00 sys=0.00, real=0.00 secs] 
157.025: Total time for which application threads were stopped: 0.0005420 seconds, Stopping threads took: 0.0000390 seconds
157.064: Application time: 0.0388490 seconds
157.064: [GC [PSYoungGen: 7664K->512K(8192K)] 25233K->18081K(26112K), 0.0004310 secs] [Times: user=0.00 sys=0.00, real=0.00 secs] 
157.064: Total time for which application threads were stopped: 0.0005450 seconds, Stopping threads took: 0.0000530 seconds
157.103: Application time: 0.0390110 seconds
157.104: [GC [PSYoungGen: 7680K->512K(8192K)] 25249K->18081K(26112K), 0.0004430 secs] [Times: user=0.01 sys=0.00, real=0.00 secs] 
157.104: Total time for which application threads were stopped: 0.0005500 seconds, Stopping threads took: 0.0000480 seconds
157.143: Application time: 0.0388390 seconds
157.143: [GC [PSYoungGen: 7680K->512K(8192K)] 25249K->18081K(26112K), 0.0004280 secs] [Times: user=0.00 sys=0.00, real=0.00 secs] 
157.143: Total time for which application threads were stopped: 0.0005340 seconds, Stopping threads took: 0.0000460 seconds
157.182: Application time: 0.0387620 seconds
157.182: [GC [PSYoungGen: 7680K->544K(8192K)] 25249K->18113K(26112K), 0.0004150 secs] [Times: user=0.00 sys=0.00, real=0.00 secs] 
157.183: Total time for which application threads were stopped: 0.0005320 seconds, Stopping threads took: 0.0000550 seconds
157.221: Application time: 0.0386850 seconds
157.221: [GC [PSYoungGen: 7712K->480K(8192K)] 25281K->18049K(26112K), 0.0004880 secs] [Times: user=0.00 sys=0.00, real=0.00 secs] 
157.222: Total time for which application threads were stopped: 0.0006150 seconds, Stopping threads took: 0.0000460 seconds
157.261: Application time: 0.0388820 seconds
157.261: [GC [PSYoungGen: 7648K->480K(8192K)] 25217K->18049K(26112K), 0.0004470 secs] [Times: user=0.00 sys=0.00, real=0.01 secs] 
157.261: Total time for which application threads were stopped: 0.0005590 seconds, Stopping threads took: 0.0000480 seconds
157.301: Application time: 0.0392790 seconds
157.301: [GC [PSYoungGen: 7648K->560K(8192K)] 25217K->18129K(26112K), 0.0005150 secs] [Times: user=0.00 sys=0.00, real=0.01 secs] 
157.301: Total time for which application threads were stopped: 0.0006300 seconds, Stopping threads took: 0.0000490 seconds
157.341: Application time: 0.0392310 seconds
157.341: [GC [PSYoungGen: 7728K->528K(8192K)] 25297K->18097K(26112K), 0.0004560 secs] [Times: user=0.00 sys=0.00, real=0.01 secs] 
157.341: Total time for which application threads were stopped: 0.0005700 seconds, Stopping threads took: 0.0000490 seconds
157.380: Application time: 0.0389590 seconds
157.380: [GC [PSYoungGen: 7696K->464K(8192K)] 25265K->18073K(26112K), 0.0004530 secs] [Times: user=0.01 sys=0.00, real=0.00 secs] 
157.381: Total time for which application threads were stopped: 0.0005660 seconds, Stopping threads took: 0.0000430 seconds
157.420: Application time: 0.0389130 seconds
157.421: [GC [PSYoungGen: 7632K->352K(8192K)] 25241K->18113K(26112K), 0.0004400 secs] [Times: user=0.00 sys=0.00, real=0.00 secs] 
157.422: [Full GC [PSYoungGen: 352K->0K(8192K)] [ParOldGen: 17761K->2040K(17920K)] 18113K->2040K(26112K) [PSPermGen: 6075K->6075K(21504K)], 0.0056060 secs] [Times: user=0.02 sys=0.00, real=0.00 secs] 
157.427: Total time for which application threads were stopped: 0.0076280 seconds, Stopping threads took: 0.0014770 seconds
157.466: Application time: 0.0389270 seconds
157.466: [GC [PSYoungGen: 7168K->256K(8192K)] 9208K->2296K(26112K), 0.0003840 secs] [Times: user=0.00 sys=0.00, real=0.00 secs] 
157.467: Total time for which application threads were stopped: 0.0005050 seconds, Stopping threads took: 0.0000500 seconds
157.505: Application time: 0.0388560 seconds
157.509: [GC [PSYoungGen: 7424K->224K(8192K)] 9464K->2264K(26112K), 0.0004320 secs] [Times: user=0.00 sys=0.00, real=0.00 secs] 
157.510: Total time for which application threads were stopped: 0.0040630 seconds, Stopping threads took: 0.0035690 seconds
157.548: Application time: 0.0388380 seconds
157.548: [GC [PSYoungGen: 7392K->224K(8192K)] 9432K->2264K(26112K), 0.0003510 secs] [Times: user=0.00 sys=0.00, real=0.00 secs] 
157.549: Total time for which application threads were stopped: 0.0004490 seconds, Stopping threads took: 0.0000380 seconds
157.587: Application time: 0.0383240 seconds
157.587: [GC [PSYoungGen: 7392K->256K(8192K)] 9432K->2296K(26112K), 0.0003310 secs] [Times: user=0.00 sys=0.00, real=0.00 secs] 
157.588: Total time for which application threads were stopped: 0.0004370 seconds, Stopping threads took: 0.0000450 seconds
157.624: Application time: 0.0360770 seconds
157.624: [GC [PSYoungGen: 7424K->448K(8192K)] 9464K->2488K(26112K), 0.0004230 secs] [Times: user=0.00 sys=0.00, real=0.00 secs] 
157.624: Total time for which application threads were stopped: 0.0005440 seconds, Stopping threads took: 0.0000570 seconds
157.663: Application time: 0.0390450 seconds
157.663: [GC [PSYoungGen: 7616K->496K(8192K)] 9656K->2536K(26112K), 0.0004640 secs] [Times: user=0.00 sys=0.00, real=0.00 secs] 
157.664: Total time for which application threads were stopped: 0.0006000 seconds, Stopping threads took: 0.0000650 seconds
157.703: Application time: 0.0389790 seconds
157.703: [GC [PSYoungGen: 7664K->512K(8192K)] 9704K->2552K(26112K), 0.0004720 secs] [Times: user=0.00 sys=0.00, real=0.00 secs] 
157.703: Total time for which application threads were stopped: 0.0005970 seconds, Stopping threads took: 0.0000590 seconds
157.742: Application time: 0.0389460 seconds
157.742: [GC [PSYoungGen: 7680K->496K(8192K)] 9720K->2536K(26112K), 0.0004110 secs] [Times: user=0.01 sys=0.00, real=0.00 secs] 
157.743: Total time for which application threads were stopped: 0.0005340 seconds, Stopping threads took: 0.0000520 seconds
157.782: Application time: 0.0393300 seconds
157.782: [GC [PSYoungGen: 7664K->528K(8192K)] 9704K->2568K(26112K), 0.0004650 secs] [Times: user=0.00 sys=0.00, real=0.00 secs] 
157.783: Total time for which application threads were stopped: 0.0005790 seconds, Stopping threads took: 0.0000520 seconds
157.822: Application time: 0.0391350 seconds
157.822: [GC [PSYoungGen: 7696K->528K(8192K)] 9736K->2568K(26112K), 0.0004090 secs] [Times: user=0.00 sys=0.00, real=0.00 secs] 
157.822: Total time for which application threads were stopped: 0.0005190 seconds, Stopping threads took: 0.0000470 seconds
157.862: Application time: 0.0390700 seconds
157.862: [GC [PSYoungGen: 7696K->512K(8192K)] 9736K->2552K(26112K), 0.0004080 secs] [Times: user=0.00 sys=0.00, real=0.00 secs] 
157.862: Total time for which application threads were stopped: 0.0005250 seconds, Stopping threads took: 0.0000560 seconds
157.901: Application time: 0.0389290 seconds
157.901: [GC [PSYoungGen: 7680K->480K(8192K)] 9720K->2520K(26112K), 0.0004130 secs] [Times: user=0.00 sys=0.00, real=0.00 secs] 
157.902: Total time for which application threads were stopped: 0.0005320 seconds, Stopping threads took: 0.0000460 seconds
157.941: Application time: 0.0393170 seconds
157.941: [GC [PSYoungGen: 7648K->528K(8192K)] 9688K->2568K(26112K), 0.0004180 secs] [Times: user=0.00 sys=0.00, real=0.01 secs] 
157.941: Total time for which application threads were stopped: 0.0005270 seconds, Stopping threads took: 0.0000480 seconds
157.980: Application time: 0.0389200 seconds
157.980: [GC [PSYoungGen: 7696K->448K(8192K)] 9736K->2488K(26112K), 0.0004330 secs] [Times: user=0.00 sys=0.00, real=0.00 secs] 
157.981: Total time for which application threads were stopped: 0.0005370 seconds, Stopping threads took: 0.0000420 seconds
158.020: Application time: 0.0386570 seconds
158.020: [GC [PSYoungGen: 7616K->528K(8192K)] 9656K->2568K(26112K), 0.0004690 secs] [Times: user=0.00 sys=0.00, real=0.00 secs] 
158.020: Total time for which application threads were stopped: 0.0005710 seconds, Stopping threads took: 0.0000410 seconds
158.059: Application time: 0.0392770 seconds
158.059: [GC [PSYoungGen: 7696K->448K(8192K)] 9736K->2496K(26112K), 0.0004100 secs] [Times: user=0.00 sys=0.00, real=0.00 secs] 
158.060: Total time for which application threads were stopped: 0.0005210 seconds, Stopping threads took: 0.0000450 seconds
158.099: Application time: 0.0388790 seconds
158.099: [GC [PSYoungGen: 7616K->464K(8192K)] 9664K->2512K(26112K), 0.0004290 secs] [Times: user=0.00 sys=0.00, real=0.00 secs] 
158.099: Total time for which application threads were stopped: 0.0005620 seconds, Stopping threads took: 0.0000680 seconds
158.138: Application time: 0.0389060 seconds
158.141: [GC [PSYoungGen: 7632K->512K(8192K)] 9680K->2560K(26112K), 0.0004790 secs] [Times: user=0.00 sys=0.00, real=0.00 secs] 
158.142: Total time for which application threads were stopped: 0.0033240 seconds, Stopping threads took: 0.0027870 seconds
158.181: Application time: 0.0392490 seconds
158.181: [GC [PSYoungGen: 7680K->416K(8192K)] 9728K->2560K(26112K), 0.0004250 secs] [Times: user=0.00 sys=0.00, real=0.01 secs] 
158.181: Total time for which application threads were stopped: 0.0005550 seconds, Stopping threads took: 0.0000660 seconds
158.221: Application time: 0.0392540 seconds
158.221: [GC [PSYoungGen: 7584K->256K(8192K)] 9728K->2609K(26112K), 0.0003960 secs] [Times: user=0.01 sys=0.00, real=0.01 secs] 
158.221: Total time for which application threads were stopped: 0.0005150 seconds, Stopping threads took: 0.0000550 seconds
158.260: Application time: 0.0392290 seconds
158.260: [GC [PSYoungGen: 7424K->272K(8192K)] 9777K->2625K(26112K), 0.0003380 secs] [Times: user=0.00 sys=0.00, real=0.00 secs] 
158.261: Total time for which application threads were stopped: 0.0004400 seconds, Stopping threads took: 0.0000350 seconds
158.300: Application time: 0.0389120 seconds
158.300: [GC [PSYoungGen: 7440K->240K(8192K)] 9793K->2593K(26112K), 0.0003430 secs] [Times: user=0.00 sys=0.00, real=0.00 secs] 
158.300: Total time for which application threads were stopped: 0.0004510 seconds, Stopping threads took: 0.0000450 seconds
158.339: Application time: 0.0387570 seconds
158.339: [GC [PSYoungGen: 7408K->272K(8192K)] 9761K->2625K(26112K), 0.0003830 secs] [Times: user=0.00 sys=0.00, real=0.00 secs] 
158.339: Total time for which application threads were stopped: 0.0004930 seconds, Stopping threads took: 0.0000440 seconds
158.377: Application time: 0.0374700 seconds
158.377: [GC [PSYoungGen: 7440K->368K(8192K)] 9793K->2721K(26112K), 0.0003820 secs] [Times: user=0.00 sys=0.00, real=0.00 secs] 
158.377: Total time for which application threads were stopped: 0.0004920 seconds, Stopping threads took: 0.0000470 seconds
158.414: Application time: 0.0368920 seconds
158.414: [GC [PSYoungGen: 7536K->528K(8192K)] 9889K->2881K(26112K), 0.0003970 secs] [Times: user=0.00 sys=0.00, real=0.00 secs] 
158.415: Total time for which application threads were stopped: 0.0005000 seconds, Stopping threads took: 0.0000410 seconds
158.454: Application time: 0.0391830 seconds
158.454: [GC [PSYoungGen: 7696K->512K(8192K)] 10049K->2865K(26112K), 0.0004460 secs] [Times: user=0.00 sys=0.00, real=0.00 secs] 
158.455: Total time for which application threads were stopped: 0.0005660 seconds, Stopping threads took: 0.0000500 seconds
158.493: Application time: 0.0388660 seconds
158.493: [GC [PSYoungGen: 7680K->496K(8192K)] 10033K->2849K(26112K), 0.0004150 secs] [Times: user=0.00 sys=0.00, real=0.00 secs] 
158.494: Total time for which application threads were stopped: 0.0005320 seconds, Stopping threads took: 0.0000530 seconds
158.533: Application time: 0.0394110 seconds
158.537: [GC [PSYoungGen: 7664K->512K(8192K)] 10017K->2865K(26112K), 0.0004590 secs] [Times: user=0.00 sys=0.00, real=0.00 secs] 
158.538: Total time for which application threads were stopped: 0.0041980 seconds, Stopping threads took: 0.0036770 seconds
158.576: Application time: 0.0389470 seconds
158.577: [GC [PSYoungGen: 7680K->480K(8192K)] 10033K->2833K(26112K), 0.0004240 secs] [Times: user=0.00 sys=0.00, real=0.00 secs] 
158.577: Total time for which application threads were stopped: 0.0005280 seconds, Stopping threads took: 0.0000430 seconds
158.616: Application time: 0.0392060 seconds
158.616: [GC [PSYoungGen: 7648K->512K(8192K)] 10001K->2865K(26112K), 0.0004150 secs] [Times: user=0.00 sys=0.00, real=0.00 secs] 
158.617: Total time for which application threads were stopped: 0.0005280 seconds, Stopping threads took: 0.0000490 seconds
158.656: Application time: 0.0396470 seconds
158.657: [GC [PSYoungGen: 7680K->480K(8192K)] 10033K->2833K(26112K), 0.0005000 secs] [Times: user=0.00 sys=0.00, real=0.00 secs] 
158.657: Total time for which application threads were stopped: 0.0006310 seconds, Stopping threads took: 0.0000570 seconds
158.697: Application time: 0.0395440 seconds
158.701: [GC [PSYoungGen: 7648K->464K(8192K)] 10001K->2817K(26112K), 0.0004460 secs] [Times: user=0.00 sys=0.00, real=0.00 secs] 
158.702: Total time for which application threads were stopped: 0.0049670 seconds, Stopping threads took: 0.0044550 seconds
158.741: Application time: 0.0389880 seconds
158.741: [GC [PSYoungGen: 7632K->496K(8192K)] 9985K->2849K(26112K), 0.0004300 secs] [Times: user=0.00 sys=0.00, real=0.01 secs] 
158.741: Total time for which application threads were stopped: 0.0005470 seconds, Stopping threads took: 0.0000510 seconds
158.780: Application time: 0.0389240 seconds
158.780: [GC [PSYoungGen: 7664K->496K(8192K)] 10017K->2849K(26112K), 0.0004150 secs] [Times: user=0.00 sys=0.00, real=0.00 secs] 
158.781: Total time for which application threads were stopped: 0.0005410 seconds, Stopping threads took: 0.0000500 seconds
158.819: Application time: 0.0388340 seconds
158.819: [GC [PSYoungGen: 7664K->560K(8192K)] 10017K->2913K(26112K), 0.0004890 secs] [Times: user=0.00 sys=0.00, real=0.00 secs] 
158.820: Total time for which application threads were stopped: 0.0006040 seconds, Stopping threads took: 0.0000510 seconds
158.859: Application time: 0.0389020 seconds
158.859: [GC [PSYoungGen: 7728K->480K(8192K)] 10081K->2833K(26112K), 0.0004460 secs] [Times: user=0.01 sys=0.00, real=0.00 secs] 
158.859: Total time for which application threads were stopped: 0.0005570 seconds, Stopping threads took: 0.0000480 seconds
158.898: Application time: 0.0389740 seconds
158.899: [GC [PSYoungGen: 7648K->512K(8192K)] 10001K->2865K(26112K), 0.0004140 secs] [Times: user=0.00 sys=0.00, real=0.00 secs] 
158.899: Total time for which application threads were stopped: 0.0005360 seconds, Stopping threads took: 0.0000580 seconds
158.938: Application time: 0.0394000 seconds
158.938: [GC [PSYoungGen: 7680K->480K(8192K)] 10033K->2881K(26112K), 0.0004120 secs] [Times: user=0.00 sys=0.00, real=0.00 secs] 
158.939: Total time for which application threads were stopped: 0.0005290 seconds, Stopping threads took: 0.0000540 seconds
158.978: Application time: 0.0389620 seconds
158.978: [GC [PSYoungGen: 7648K->368K(8192K)] 10049K->2889K(26112K), 0.0004850 secs] [Times: user=0.00 sys=0.00, real=0.00 secs] 
158.978: Total time for which application threads were stopped: 0.0005950 seconds, Stopping threads took: 0.0000480 seconds
159.018: Application time: 0.0392080 seconds
159.018: [GC [PSYoungGen: 7536K->256K(8192K)] 10057K->2937K(26112K), 0.0003990 secs] [Times: user=0.01 sys=0.00, real=0.00 secs] 
159.018: Total time for which application threads were stopped: 0.0005170 seconds, Stopping threads took: 0.0000520 seconds
159.057: Application time: 0.0388850 seconds
159.057: [GC [PSYoungGen: 7424K->256K(8192K)] 10105K->2937K(26112K), 0.0003740 secs] [Times: user=0.00 sys=0.00, real=0.00 secs] 
159.058: Total time for which application threads were stopped: 0.0004820 seconds, Stopping threads took: 0.0000470 seconds
159.096: Application time: 0.0389390 seconds
159.097: [GC [PSYoungGen: 7424K->224K(8192K)] 10105K->2905K(26112K), 0.0003780 secs] [Times: user=0.00 sys=0.00, real=0.00 secs] 
159.097: Total time for which application threads were stopped: 0.0004750 seconds, Stopping threads took: 0.0000370 seconds
159.136: Application time: 0.0385910 seconds
159.136: [GC [PSYoungGen: 7392K->240K(8192K)] 10073K->2921K(26112K), 0.0004100 secs] [Times: user=0.00 sys=0.00, real=0.00 secs] 
159.136: Total time for which application threads were stopped: 0.0005230 seconds, Stopping threads took: 0.0000520 seconds
159.173: Application time: 0.0369680 seconds
159.173: [GC [PSYoungGen: 7408K->416K(8192K)] 10089K->3097K(26112K), 0.0004000 secs] [Times: user=0.00 sys=0.00, real=0.00 secs] 
159.174: Total time for which application threads were stopped: 0.0005050 seconds, Stopping threads took: 0.0000400 seconds
159.211: Application time: 0.0374420 seconds
159.211: [GC [PSYoungGen: 7584K->496K(8192K)] 10265K->3177K(26112K), 0.0004360 secs] [Times: user=0.00 sys=0.00, real=0.00 secs] 
159.212: Total time for which application threads were stopped: 0.0005510 seconds, Stopping threads took: 0.0000520 seconds
159.251: Application time: 0.0392310 seconds
159.251: [GC [PSYoungGen: 7664K->528K(8192K)] 10345K->3209K(26112K), 0.0004170 secs] [Times: user=0.00 sys=0.00, real=0.00 secs] 
159.251: Total time for which application threads were stopped: 0.0005420 seconds, Stopping threads took: 0.0000640 seconds
159.290: Application time: 0.0389640 seconds
159.290: [GC [PSYoungGen: 7696K->480K(8192K)] 10377K->3161K(26112K), 0.0004570 secs] [Times: user=0.01 sys=0.00, real=0.00 secs] 
159.291: Total time for which application threads were stopped: 0.0005690 seconds, Stopping threads took: 0.0000430 seconds
159.330: Application time: 0.0389100 seconds
159.330: [GC [PSYoungGen: 7648K->464K(8192K)] 10329K->3145K(26112K), 0.0004450 secs] [Times: user=0.00 sys=0.00, real=0.00 secs] 
159.330: Total time for which application threads were stopped: 0.0005530 seconds, Stopping threads took: 0.0000480 seconds
159.370: Application time: 0.0394970 seconds
159.370: [GC [PSYoungGen: 7632K->512K(8192K)] 10313K->3193K(26112K), 0.0004200 secs] [Times: user=0.00 sys=0.00, real=0.00 secs] 
159.370: Total time for which application threads were stopped: 0.0005310 seconds, Stopping threads took: 0.0000480 seconds
159.409: Application time: 0.0389500 seconds
159.409: [GC [PSYoungGen: 7680K->496K(8192K)] 10361K->3177K(26112K), 0.0003950 secs] [Times: user=0.00 sys=0.00, real=0.00 secs] 
159.410: Total time for which application threads were stopped: 0.0005000 seconds, Stopping threads took: 0.0000440 seconds
159.449: Application time: 0.0389110 seconds
159.449: [GC [PSYoungGen: 7664K->528K(8192K)] 10345K->3209K(26112K), 0.0004150 secs] [Times: user=0.01 sys=0.00, real=0.01 secs] 
159.449: Total time for which application threads were stopped: 0.0005330 seconds, Stopping threads took: 0.0000550 seconds
159.489: Application time: 0.0394030 seconds
159.493: [GC [PSYoungGen: 7696K->480K(8192K)] 10377K->3161K(26112K), 0.0004460 secs] [Times: user=0.00 sys=0.00, real=0.00 secs] 
159.494: Total time for which application threads were stopped: 0.0048950 seconds, Stopping threads took: 0.0043850 seconds
159.532: Application time: 0.0389360 seconds
159.533: [GC [PSYoungGen: 7648K->480K(8192K)] 10329K->3161K(26112K), 0.0004450 secs] [Times: user=0.00 sys=0.00, real=0.00 secs] 
159.533: Total time for which application threads were stopped: 0.0005550 seconds, Stopping threads took: 0.0000470 seconds
159.572: Application time: 0.0388010 seconds
159.572: [GC [PSYoungGen: 7648K->448K(8192K)] 10329K->3129K(26112K), 0.0004280 secs] [Times: user=0.00 sys=0.00, real=0.00 secs] 
159.572: Total time for which application threads were stopped: 0.0005340 seconds, Stopping threads took: 0.0000440 seconds
159.611: Application time: 0.0387670 seconds
159.611: [GC [PSYoungGen: 7616K->512K(8192K)] 10297K->3193K(26112K), 0.0004590 secs] [Times: user=0.01 sys=0.00, real=0.00 secs] 
159.612: Total time for which application threads were stopped: 0.0005580 seconds, Stopping threads took: 0.0000390 seconds
159.651: Application time: 0.0391030 seconds
159.651: [GC [PSYoungGen: 7680K->496K(8192K)] 10361K->3177K(26112K), 0.0004850 secs] [Times: user=0.00 sys=0.00, real=0.00 secs] 
159.651: Total time for which application threads were stopped: 0.0006130 seconds, Stopping threads took: 0.0000560 seconds
159.690: Application time: 0.0389450 seconds
159.690: [GC [PSYoungGen: 7664K->496K(8192K)] 10345K->3177K(26112K), 0.0004410 secs] [Times: user=0.00 sys=0.00, real=0.00 secs] 
159.691: Total time for which application threads were stopped: 0.0005700 seconds, Stopping threads took: 0.0000670 seconds
159.730: Application time: 0.0394190 seconds
159.730: [GC [PSYoungGen: 7664K->464K(8192K)] 10345K->3193K(26112K), 0.0005040 secs] [Times: user=0.01 sys=0.00, real=0.00 secs] 
159.731: Total time for which application threads were stopped: 0.0006130 seconds, Stopping threads took: 0.0000480 seconds
159.770: Application time: 0.0392450 seconds
159.770: [GC [PSYoungGen: 7632K->320K(8192K)] 10361K->3197K(26112K), 0.0004430 secs] [Times: user=0.00 sys=0.00, real=0.00 secs] 
159.771: Total time for which application threads were stopped: 0.0005470 seconds, Stopping threads took: 0.0000400 seconds
159.810: Application time: 0.0389870 seconds
159.810: [GC [PSYoungGen: 7488K->256K(8192K)] 10365K->3257K(26112K), 0.0003970 secs] [Times: user=0.00 sys=0.00, real=0.00 secs] 
159.810: Total time for which application threads were stopped: 0.0005170 seconds, Stopping threads took: 0.0000500 seconds
159.850: Application time: 0.0393250 seconds
159.850: [GC [PSYoungGen: 7424K->256K(8192K)] 10425K->3257K(26112K), 0.0003620 secs] [Times: user=0.00 sys=0.00, real=0.00 secs] 
159.850: Total time for which application threads were stopped: 0.0004630 seconds, Stopping threads took: 0.0000390 seconds
159.889: Application time: 0.0390440 seconds
159.889: [GC [PSYoungGen: 7424K->256K(8192K)] 10425K->3257K(26112K), 0.0003650 secs] [Times: user=0.00 sys=0.00, real=0.00 secs] 
159.890: Total time for which application threads were stopped: 0.0004720 seconds, Stopping threads took: 0.0000440 seconds
159.927: Application time: 0.0378950 seconds
159.928: [GC [PSYoungGen: 7424K->288K(8192K)] 10425K->3289K(26112K), 0.0003490 secs] [Times: user=0.00 sys=0.00, real=0.00 secs] 
159.928: Total time for which application threads were stopped: 0.0004660 seconds, Stopping threads took: 0.0000520 seconds
159.965: Application time: 0.0371340 seconds
159.965: [GC [PSYoungGen: 7456K->464K(8192K)] 10457K->3465K(26112K), 0.0004360 secs] [Times: user=0.00 sys=0.00, real=0.00 secs] 
159.966: Total time for which application threads were stopped: 0.0005460 seconds, Stopping threads took: 0.0000480 seconds
160.003: Application time: 0.0377650 seconds
160.004: [GC [PSYoungGen: 7632K->496K(8192K)] 10633K->3497K(26112K), 0.0004190 secs] [Times: user=0.00 sys=0.00, real=0.00 secs] 
160.004: Total time for which application threads were stopped: 0.0005320 seconds, Stopping threads took: 0.0000500 seconds
160.043: Application time: 0.0393310 seconds
160.043: [GC [PSYoungGen: 7664K->544K(8192K)] 10665K->3545K(26112K), 0.0004180 secs] [Times: user=0.00 sys=0.00, real=0.00 secs] 
160.044: Total time for which application threads were stopped: 0.0005450 seconds, Stopping threads took: 0.0000650 seconds
160.083: Application time: 0.0390740 seconds
160.083: [GC [PSYoungGen: 7712K->512K(8192K)] 10713K->3513K(26112K), 0.0004420 secs] [Times: user=0.00 sys=0.00, real=0.00 secs] 
160.083: Total time for which application threads were stopped: 0.0005590 seconds, Stopping threads took: 0.0000470 seconds
160.122: Application time: 0.0388820 seconds
160.122: [GC [PSYoungGen: 7680K->512K(8192K)] 10681K->3513K(26112K), 0.0004630 secs] [Times: user=0.00 sys=0.00, real=0.00 secs] 
160.123: Total time for which application threads were stopped: 0.0005650 seconds, Stopping threads took: 0.0000420 seconds
160.162: Application time: 0.0393040 seconds
160.162: [GC [PSYoungGen: 7680K->448K(8192K)] 10681K->3449K(26112K), 0.0004150 secs] [Times: user=0.01 sys=0.00, real=0.00 secs] 
160.163: Total time for which application threads were stopped: 0.0005260 seconds, Stopping threads took: 0.0000470 seconds
160.202: Application time: 0.0389000 seconds
160.205: [GC [PSYoungGen: 7616K->512K(8192K)] 10617K->3513K(26112K), 0.0004240 secs] [Times: user=0.01 sys=0.00, real=0.00 secs] 
160.206: Total time for which application threads were stopped: 0.0038590 seconds, Stopping threads took: 0.0033720 seconds
160.244: Application time: 0.0389280 seconds
160.245: [GC [PSYoungGen: 7680K->496K(8192K)] 10681K->3497K(26112K), 0.0004840 secs] [Times: user=0.00 sys=0.00, real=0.00 secs] 
160.246: Total time for which application threads were stopped: 0.0016760 seconds, Stopping threads took: 0.0000560 seconds
160.285: Application time: 0.0390010 seconds
160.285: [GC [PSYoungGen: 7664K->528K(8192K)] 10665K->3529K(26112K), 0.0004330 secs] [Times: user=0.00 sys=0.00, real=0.00 secs] 
160.286: Total time for which application threads were stopped: 0.0005340 seconds, Stopping threads took: 0.0000400 seconds
160.324: Application time: 0.0387190 seconds
160.324: [GC [PSYoungGen: 7696K->512K(8192K)] 10697K->3513K(26112K), 0.0004120 secs] [Times: user=0.00 sys=0.00, real=0.00 secs] 
160.325: Total time for which application threads were stopped: 0.0005500 seconds, Stopping threads took: 0.0000650 seconds
160.364: Application time: 0.0387640 seconds
160.364: [GC [PSYoungGen: 7680K->512K(8192K)] 10681K->3513K(26112K), 0.0004080 secs] [Times: user=0.01 sys=0.00, real=0.00 secs] 
160.364: Total time for which application threads were stopped: 0.0005380 seconds, Stopping threads took: 0.0000680 seconds
160.403: Application time: 0.0388780 seconds
160.403: [GC [PSYoungGen: 7680K->480K(8192K)] 10681K->3481K(26112K), 0.0004130 secs] [Times: user=0.00 sys=0.00, real=0.00 secs] 
160.404: Total time for which application threads were stopped: 0.0005210 seconds, Stopping threads took: 0.0000450 seconds
160.443: Application time: 0.0390910 seconds
160.443: [GC [PSYoungGen: 7648K->512K(8192K)] 10649K->3513K(26112K), 0.0004470 secs] [Times: user=0.00 sys=0.00, real=0.00 secs] 
160.443: Total time for which application threads were stopped: 0.0005670 seconds, Stopping threads took: 0.0000560 seconds
160.482: Application time: 0.0388620 seconds
160.485: [GC [PSYoungGen: 7680K->512K(8192K)] 10681K->3513K(26112K), 0.0004080 secs] [Times: user=0.01 sys=0.00, real=0.00 secs] 
160.485: Total time for which application threads were stopped: 0.0033300 seconds, Stopping threads took: 0.0028610 seconds
160.524: Application time: 0.0389530 seconds
160.525: [GC [PSYoungGen: 7680K->448K(8192K)] 10681K->3545K(26112K), 0.0004100 secs] [Times: user=0.00 sys=0.00, real=0.00 secs] 
160.525: Total time for which application threads were stopped: 0.0005240 seconds, Stopping threads took: 0.0000520 seconds
160.565: Application time: 0.0397540 seconds
160.565: [GC [PSYoungGen: 7616K->304K(8192K)] 10713K->3541K(26112K), 0.0004080 secs] [Times: user=0.00 sys=0.00, real=0.00 secs] 
160.565: Total time for which application threads were stopped: 0.0005260 seconds, Stopping threads took: 0.0000530 seconds
160.604: Application time: 0.0389440 seconds
160.604: [GC [PSYoungGen: 7472K->208K(8192K)] 10709K->3521K(26112K), 0.0004050 secs] [Times: user=0.01 sys=0.00, real=0.00 secs] 
160.605: Total time for which application threads were stopped: 0.0005110 seconds, Stopping threads took: 0.0000430 seconds
160.644: Application time: 0.0390280 seconds
160.644: [GC [PSYoungGen: 7376K->256K(8192K)] 10689K->3569K(26112K), 0.0004120 secs] [Times: user=0.00 sys=0.00, real=0.00 secs] 
160.644: Total time for which application threads were stopped: 0.0005450 seconds, Stopping threads took: 0.0000590 seconds
160.684: Application time: 0.0392720 seconds
160.684: [GC [PSYoungGen: 7424K->256K(8192K)] 10737K->3569K(26112K), 0.0003490 secs] [Times: user=0.00 sys=0.00, real=0.00 secs] 
160.684: Total time for which application threads were stopped: 0.0004670 seconds, Stopping threads took: 0.0000550 seconds
160.722: Application time: 0.0377970 seconds
160.722: [GC [PSYoungGen: 7424K->336K(8192K)] 10737K->3649K(26112K), 0.0003880 secs] [Times: user=0.00 sys=0.00, real=0.00 secs] 
160.722: Total time for which application threads were stopped: 0.0004950 seconds, Stopping threads took: 0.0000410 seconds
160.759: Application time: 0.0364870 seconds
160.759: [GC [PSYoungGen: 7504K->464K(8192K)] 10817K->3777K(26112K), 0.0004160 secs] [Times: user=0.01 sys=0.00, real=0.00 secs] 
160.759: Total time for which application threads were stopped: 0.0005300 seconds, Stopping threads took: 0.0000500 seconds
160.798: Application time: 0.0386810 seconds
160.798: [GC [PSYoungGen: 7632K->512K(8192K)] 10945K->3825K(26112K), 0.0004510 secs] [Times: user=0.00 sys=0.00, real=0.00 secs] 
160.799: Total time for which application threads were stopped: 0.0005640 seconds, Stopping threads took: 0.0000520 seconds
160.838: Application time: 0.0397710 seconds
160.838: [GC [PSYoungGen: 7680K->528K(8192K)] 10993K->3841K(26112K), 0.0004200 secs] [Times: user=0.00 sys=0.00, real=0.00 secs] 
160.839: Total time for which application threads were stopped: 0.0005370 seconds, Stopping threads took: 0.0000490 seconds
160.878: Application time: 0.0389250 seconds
160.878: [GC [PSYoungGen: 7696K->512K(8192K)] 11009K->3825K(26112K), 0.0004130 secs] [Times: user=0.00 sys=0.00, real=0.00 secs] 
160.878: Total time for which application threads were stopped: 0.0005230 seconds, Stopping threads took: 0.0000490 seconds
160.917: Application time: 0.0391130 seconds
160.918: [GC [PSYoungGen: 7680K->480K(8192K)] 10993K->3793K(26112K), 0.0004080 secs] [Times: user=0.00 sys=0.00, real=0.00 secs] 
160.918: Total time for which application threads were stopped: 0.0005170 seconds, Stopping threads took: 0.0000480 seconds
160.957: Application time: 0.0389350 seconds
160.957: [GC [PSYoungGen: 7648K->464K(8192K)] 10961K->3777K(26112K), 0.0004160 secs] [Times: user=0.01 sys=0.00, real=0.00 secs] 
160.957: Total time for which application threads were stopped: 0.0005320 seconds, Stopping threads took: 0.0000520 seconds
160.996: Application time: 0.0389810 seconds
160.997: [GC [PSYoungGen: 7632K->496K(8192K)] 10945K->3809K(26112K), 0.0004490 secs] [Times: user=0.00 sys=0.00, real=0.00 secs] 
160.997: Total time for which application threads were stopped: 0.0005590 seconds, Stopping threads took: 0.0000490 seconds
161.036: Application time: 0.0391780 seconds
161.036: [GC [PSYoungGen: 7664K->512K(8192K)] 10977K->3825K(26112K), 0.0004190 secs] [Times: user=0.00 sys=0.00, real=0.00 secs] 
161.037: Total time for which application threads were stopped: 0.0005280 seconds, Stopping threads took: 0.0000460 seconds
161.076: Application time: 0.0390110 seconds
161.077: [GC [PSYoungGen: 7680K->544K(8192K)] 10993K->3857K(26112K), 0.0004340 secs] [Times: user=0.00 sys=0.00, real=0.00 secs] 
161.078: Total time for which application threads were stopped: 0.0018130 seconds, Stopping threads took: 0.0013180 seconds
161.116: Application time: 0.0388190 seconds
161.116: [GC [PSYoungGen: 7712K->496K(8192K)] 11025K->3809K(26112K), 0.0004170 secs] [Times: user=0.00 sys=0.00, real=0.00 secs] 
161.117: Total time for which application threads were stopped: 0.0005240 seconds, Stopping threads took: 0.0000460 seconds
161.155: Application time: 0.0386000 seconds
161.156: [GC [PSYoungGen: 7664K->512K(8192K)] 10977K->3825K(26112K), 0.0004110 secs] [Times: user=0.00 sys=0.00, real=0.00 secs] 
161.156: Total time for which application threads were stopped: 0.0005370 seconds, Stopping threads took: 0.0000630 seconds
161.195: Application time: 0.0389720 seconds
161.195: [GC [PSYoungGen: 7680K->464K(8192K)] 10993K->3777K(26112K), 0.0004280 secs] [Times: user=0.00 sys=0.00, real=0.00 secs] 
161.196: Total time for which application threads were stopped: 0.0005590 seconds, Stopping threads took: 0.0000640 seconds
161.235: Application time: 0.0390040 seconds
161.235: [GC [PSYoungGen: 7632K->528K(8192K)] 10945K->3841K(26112K), 0.0004230 secs] [Times: user=0.01 sys=0.00, real=0.00 secs] 
161.235: Total time for which application threads were stopped: 0.0005340 seconds, Stopping threads took: 0.0000480 seconds
161.274: Application time: 0.0389300 seconds
161.274: [GC [PSYoungGen: 7696K->528K(8192K)] 11009K->3841K(26112K), 0.0004520 secs] [Times: user=0.00 sys=0.00, real=0.00 secs] 
161.275: Total time for which application threads were stopped: 0.0005630 seconds, Stopping threads took: 0.0000450 seconds
161.314: Application time: 0.0389570 seconds
161.314: [GC [PSYoungGen: 7696K->384K(8192K)] 11009K->3817K(26112K), 0.0004160 secs] [Times: user=0.00 sys=0.00, real=0.00 secs] 
161.314: Total time for which application threads were stopped: 0.0005250 seconds, Stopping threads took: 0.0000450 seconds
161.353: Application time: 0.0391330 seconds
161.353: [GC [PSYoungGen: 7552K->272K(8192K)] 10985K->3850K(26112K), 0.0004070 secs] [Times: user=0.00 sys=0.00, real=0.00 secs] 
161.354: Total time for which application threads were stopped: 0.0005360 seconds, Stopping threads took: 0.0000550 seconds
161.393: Application time: 0.0389120 seconds
161.393: [GC [PSYoungGen: 7440K->256K(8192K)] 11018K->3890K(26112K), 0.0003570 secs] [Times: user=0.00 sys=0.00, real=0.00 secs] 
161.393: Total time for which application threads were stopped: 0.0004650 seconds, Stopping threads took: 0.0000440 seconds
161.432: Application time: 0.0390440 seconds
161.432: [GC [PSYoungGen: 7424K->256K(8192K)] 11058K->3890K(26112K), 0.0003650 secs] [Times: user=0.01 sys=0.00, real=0.00 secs] 
161.433: Total time for which application threads were stopped: 0.0004680 seconds, Stopping threads took: 0.0000430 seconds
161.471: Application time: 0.0379690 seconds
161.471: [GC [PSYoungGen: 7424K->304K(8192K)] 11058K->3938K(26112K), 0.0003830 secs] [Times: user=0.00 sys=0.00, real=0.00 secs] 
161.471: Total time for which application threads were stopped: 0.0004970 seconds, Stopping threads took: 0.0000490 seconds
161.510: Application time: 0.0384870 seconds
161.510: [GC [PSYoungGen: 7472K->320K(8192K)] 11106K->3954K(26112K), 0.0004040 secs] [Times: user=0.00 sys=0.00, real=0.00 secs] 
161.510: Total time for which application threads were stopped: 0.0005140 seconds, Stopping threads took: 0.0000490 seconds
161.547: Application time: 0.0371570 seconds
161.547: [GC [PSYoungGen: 7488K->464K(8192K)] 11122K->4098K(26112K), 0.0004010 secs] [Times: user=0.00 sys=0.00, real=0.00 secs] 
161.548: Total time for which application threads were stopped: 0.0005240 seconds, Stopping threads took: 0.0000610 seconds
161.586: Application time: 0.0383390 seconds
161.586: [GC [PSYoungGen: 7632K->528K(8192K)] 11266K->4162K(26112K), 0.0004170 secs] [Times: user=0.00 sys=0.00, real=0.00 secs] 
161.587: Total time for which application threads were stopped: 0.0005320 seconds, Stopping threads took: 0.0000520 seconds
161.626: Application time: 0.0393600 seconds
161.626: [GC [PSYoungGen: 7696K->528K(8192K)] 11330K->4162K(26112K), 0.0004160 secs] [Times: user=0.00 sys=0.00, real=0.00 secs] 
161.627: Total time for which application threads were stopped: 0.0005290 seconds, Stopping threads took: 0.0000500 seconds
161.666: Application time: 0.0392480 seconds
161.666: [GC [PSYoungGen: 7696K->528K(8192K)] 11330K->4162K(26112K), 0.0005170 secs] [Times: user=0.00 sys=0.00, real=0.00 secs] 
161.666: Total time for which application threads were stopped: 0.0006460 seconds, Stopping threads took: 0.0000590 seconds
161.706: Application time: 0.0390850 seconds
161.706: [GC [PSYoungGen: 7696K->528K(8192K)] 11330K->4162K(26112K), 0.0004100 secs] [Times: user=0.01 sys=0.00, real=0.00 secs] 
161.706: Total time for which application threads were stopped: 0.0005220 seconds, Stopping threads took: 0.0000410 seconds
161.745: Application time: 0.0389470 seconds
161.745: [GC [PSYoungGen: 7696K->496K(8192K)] 11330K->4130K(26112K), 0.0004270 secs] [Times: user=0.01 sys=0.00, real=0.00 secs] 
161.746: Total time for which application threads were stopped: 0.0005500 seconds, Stopping threads took: 0.0000600 seconds
161.785: Application time: 0.0391970 seconds
161.785: [GC [PSYoungGen: 7664K->512K(8192K)] 11298K->4146K(26112K), 0.0004230 secs] [Times: user=0.00 sys=0.00, real=0.00 secs] 
161.785: Total time for which application threads were stopped: 0.0005320 seconds, Stopping threads took: 0.0000470 seconds
161.824: Application time: 0.0391440 seconds
161.825: [GC [PSYoungGen: 7680K->528K(8192K)] 11314K->4162K(26112K), 0.0004360 secs] [Times: user=0.00 sys=0.00, real=0.00 secs] 
161.825: Total time for which application threads were stopped: 0.0005500 seconds, Stopping threads took: 0.0000510 seconds
161.864: Application time: 0.0390330 seconds
161.864: [GC [PSYoungGen: 7696K->496K(8192K)] 11330K->4130K(26112K), 0.0004120 secs] [Times: user=0.00 sys=0.00, real=0.00 secs] 
161.865: Total time for which application threads were stopped: 0.0005340 seconds, Stopping threads took: 0.0000510 seconds
161.903: Application time: 0.0388850 seconds
161.904: [GC [PSYoungGen: 7664K->512K(8192K)] 11298K->4146K(26112K), 0.0004080 secs] [Times: user=0.00 sys=0.00, real=0.00 secs] 
161.904: Total time for which application threads were stopped: 0.0005220 seconds, Stopping threads took: 0.0000510 seconds
161.943: Application time: 0.0386700 seconds
161.943: [GC [PSYoungGen: 7680K->512K(8192K)] 11314K->4146K(26112K), 0.0004120 secs] [Times: user=0.01 sys=0.00, real=0.00 secs] 
161.943: Total time for which application threads were stopped: 0.0005180 seconds, Stopping threads took: 0.0000440 seconds
161.982: Application time: 0.0389380 seconds
161.982: [GC [PSYoungGen: 7680K->512K(8192K)] 11314K->4146K(26112K), 0.0004080 secs] [Times: user=0.00 sys=0.00, real=0.00 secs] 
161.983: Total time for which application threads were stopped: 0.0005150 seconds, Stopping threads took: 0.0000450 seconds
162.022: Application time: 0.0392400 seconds
162.022: [GC [PSYoungGen: 7680K->528K(8192K)] 11314K->4162K(26112K), 0.0004140 secs] [Times: user=0.00 sys=0.00, real=0.00 secs] 
162.022: Total time for which application threads were stopped: 0.0005220 seconds, Stopping threads took: 0.0000460 seconds
162.061: Application time: 0.0390710 seconds
162.062: [GC [PSYoungGen: 7696K->448K(8192K)] 11330K->4170K(26112K), 0.0004250 secs] [Times: user=0.00 sys=0.00, real=0.00 secs] 
162.062: Total time for which application threads were stopped: 0.0005510 seconds, Stopping threads took: 0.0000600 seconds
162.101: Application time: 0.0388900 seconds
162.105: [GC [PSYoungGen: 7615K->368K(8192K)] 11338K->4138K(26112K), 0.0004160 secs] [Times: user=0.00 sys=0.00, real=0.00 secs] 
162.106: Total time for which application threads were stopped: 0.0046360 seconds, Stopping threads took: 0.0041560 seconds
162.145: Application time: 0.0391070 seconds
162.145: [GC [PSYoungGen: 7536K->272K(8192K)] 11306K->4186K(26112K), 0.0004230 secs] [Times: user=0.00 sys=0.00, real=0.00 secs] 
162.145: Total time for which application threads were stopped: 0.0005690 seconds, Stopping threads took: 0.0000830 seconds
162.184: Application time: 0.0392830 seconds
162.185: [GC [PSYoungGen: 7440K->256K(8192K)] 11354K->4218K(26112K), 0.0003820 secs] [Times: user=0.01 sys=0.00, real=0.00 secs] 
162.185: Total time for which application threads were stopped: 0.0004950 seconds, Stopping threads took: 0.0000520 seconds
162.224: Application time: 0.0391690 seconds
162.224: [GC [PSYoungGen: 7424K->256K(8192K)] 11386K->4218K(26112K), 0.0003730 secs] [Times: user=0.00 sys=0.00, real=0.00 secs] 
162.225: Total time for which application threads were stopped: 0.0004960 seconds, Stopping threads took: 0.0000620 seconds
162.262: Application time: 0.0378240 seconds
162.263: [GC [PSYoungGen: 7424K->272K(8192K)] 11386K->4234K(26112K), 0.0004050 secs] [Times: user=0.00 sys=0.00, real=0.00 secs] 
162.263: Total time for which application threads were stopped: 0.0005110 seconds, Stopping threads took: 0.0000460 seconds
162.301: Application time: 0.0383820 seconds
162.301: [GC [PSYoungGen: 7440K->320K(8192K)] 11402K->4282K(26112K), 0.0004180 secs] [Times: user=0.00 sys=0.00, real=0.00 secs] 
162.302: Total time for which application threads were stopped: 0.0005470 seconds, Stopping threads took: 0.0000630 seconds
162.339: Application time: 0.0374510 seconds
162.339: [GC [PSYoungGen: 7488K->448K(8192K)] 11450K->4410K(26112K), 0.0004180 secs] [Times: user=0.00 sys=0.00, real=0.00 secs] 
162.340: Total time for which application threads were stopped: 0.0005260 seconds, Stopping threads took: 0.0000440 seconds
162.379: Application time: 0.0389330 seconds
162.379: [GC [PSYoungGen: 7616K->464K(8192K)] 11578K->4426K(26112K), 0.0004150 secs] [Times: user=0.00 sys=0.00, real=0.00 secs] 
162.379: Total time for which application threads were stopped: 0.0005330 seconds, Stopping threads took: 0.0000460 seconds
162.418: Application time: 0.0389380 seconds
162.418: [GC [PSYoungGen: 7632K->464K(8192K)] 11594K->4426K(26112K), 0.0004160 secs] [Times: user=0.00 sys=0.00, real=0.00 secs] 
162.419: Total time for which application threads were stopped: 0.0005490 seconds, Stopping threads took: 0.0000680 seconds
162.458: Application time: 0.0388880 seconds
162.458: [GC [PSYoungGen: 7632K->448K(8192K)] 11594K->4410K(26112K), 0.0004310 secs] [Times: user=0.00 sys=0.00, real=0.00 secs] 
162.458: Total time for which application threads were stopped: 0.0005460 seconds, Stopping threads took: 0.0000540 seconds
162.497: Application time: 0.0389250 seconds
162.497: [GC [PSYoungGen: 7616K->528K(8192K)] 11578K->4490K(26112K), 0.0004160 secs] [Times: user=0.00 sys=0.00, real=0.00 secs] 
162.498: Total time for which application threads were stopped: 0.0005270 seconds, Stopping threads took: 0.0000520 seconds
162.538: Application time: 0.0401690 seconds
162.538: [GC [PSYoungGen: 7696K->432K(8192K)] 11658K->4394K(26112K), 0.0004270 secs] [Times: user=0.00 sys=0.00, real=0.00 secs] 
162.538: Total time for which application threads were stopped: 0.0005230 seconds, Stopping threads took: 0.0000350 seconds
162.577: Application time: 0.0389210 seconds
162.577: [GC [PSYoungGen: 7600K->528K(8192K)] 11562K->4490K(26112K), 0.0004110 secs] [Times: user=0.00 sys=0.00, real=0.00 secs] 
162.578: Total time for which application threads were stopped: 0.0005240 seconds, Stopping threads took: 0.0000500 seconds
162.617: Application time: 0.0388590 seconds
162.617: [GC [PSYoungGen: 7696K->512K(8192K)] 11658K->4474K(26112K), 0.0004430 secs] [Times: user=0.00 sys=0.00, real=0.00 secs] 
162.617: Total time for which application threads were stopped: 0.0005560 seconds, Stopping threads took: 0.0000520 seconds
162.657: Application time: 0.0394990 seconds
162.657: [GC [PSYoungGen: 7680K->512K(8192K)] 11642K->4474K(26112K), 0.0005110 secs] [Times: user=0.00 sys=0.00, real=0.00 secs] 
162.657: Total time for which application threads were stopped: 0.0006380 seconds, Stopping threads took: 0.0000560 seconds
162.696: Application time: 0.0387880 seconds
162.697: [GC [PSYoungGen: 7680K->512K(8192K)] 11642K->4474K(26112K), 0.0004350 secs] [Times: user=0.00 sys=0.00, real=0.00 secs] 
162.698: Total time for which application threads were stopped: 0.0013130 seconds, Stopping threads took: 0.0008130 seconds
162.736: Application time: 0.0388380 seconds
162.736: [GC [PSYoungGen: 7680K->560K(8192K)] 11642K->4522K(26112K), 0.0004210 secs] [Times: user=0.00 sys=0.00, real=0.00 secs] 
162.737: Total time for which application threads were stopped: 0.0005360 seconds, Stopping threads took: 0.0000510 seconds
162.776: Application time: 0.0390010 seconds
162.776: [GC [PSYoungGen: 7728K->496K(8192K)] 11690K->4458K(26112K), 0.0004990 secs] [Times: user=0.00 sys=0.00, real=0.00 secs] 
162.777: Total time for which application threads were stopped: 0.0006030 seconds, Stopping threads took: 0.0000430 seconds
162.816: Application time: 0.0392830 seconds
162.816: [GC [PSYoungGen: 7664K->496K(8192K)] 11626K->4458K(26112K), 0.0004220 secs] [Times: user=0.00 sys=0.00, real=0.00 secs] 
162.816: Total time for which application threads were stopped: 0.0005260 seconds, Stopping threads took: 0.0000440 seconds
162.855: Application time: 0.0389170 seconds
162.855: [GC [PSYoungGen: 7664K->416K(8192K)] 11626K->4474K(26112K), 0.0004750 secs] [Times: user=0.00 sys=0.00, real=0.00 secs] 
162.856: Total time for which application threads were stopped: 0.0005840 seconds, Stopping threads took: 0.0000480 seconds
162.896: Application time: 0.0399200 seconds
162.896: [GC [PSYoungGen: 7584K->320K(8192K)] 11642K->4482K(26112K), 0.0004220 secs] [Times: user=0.00 sys=0.00, real=0.00 secs] 
162.896: Total time for which application threads were stopped: 0.0005560 seconds, Stopping threads took: 0.0000620 seconds
162.935: Application time: 0.0388910 seconds
162.935: [GC [PSYoungGen: 7488K->256K(8192K)] 11650K->4546K(26112K), 0.0003870 secs] [Times: user=0.00 sys=0.00, real=0.00 secs] 
162.936: Total time for which application threads were stopped: 0.0005050 seconds, Stopping threads took: 0.0000560 seconds
162.975: Application time: 0.0388610 seconds
162.975: [GC [PSYoungGen: 7424K->256K(8192K)] 11714K->4546K(26112K), 0.0003850 secs] [Times: user=0.00 sys=0.00, real=0.00 secs] 
162.975: Total time for which application threads were stopped: 0.0004950 seconds, Stopping threads took: 0.0000490 seconds
163.014: Application time: 0.0388790 seconds
163.014: [GC [PSYoungGen: 7424K->272K(8192K)] 11714K->4562K(26112K), 0.0003460 secs] [Times: user=0.01 sys=0.00, real=0.00 secs] 
163.014: Total time for which application threads were stopped: 0.0004460 seconds, Stopping threads took: 0.0000410 seconds
163.053: Application time: 0.0384810 seconds
163.053: [GC [PSYoungGen: 7440K->272K(8192K)] 11730K->4562K(26112K), 0.0003760 secs] [Times: user=0.00 sys=0.00, real=0.00 secs] 
163.053: Total time for which application threads were stopped: 0.0004840 seconds, Stopping threads took: 0.0000470 seconds
163.090: Application time: 0.0363310 seconds
163.090: [GC [PSYoungGen: 7440K->400K(8192K)] 11730K->4690K(26112K), 0.0003930 secs] [Times: user=0.00 sys=0.00, real=0.00 secs] 
163.090: Total time for which application threads were stopped: 0.0004980 seconds, Stopping threads took: 0.0000440 seconds
163.129: Application time: 0.0385350 seconds
163.129: [GC [PSYoungGen: 7568K->496K(8192K)] 11858K->4786K(26112K), 0.0004760 secs] [Times: user=0.00 sys=0.00, real=0.01 secs] 
163.129: Total time for which application threads were stopped: 0.0006090 seconds, Stopping threads took: 0.0000660 seconds
163.168: Application time: 0.0388380 seconds
163.168: [GC [PSYoungGen: 7664K->496K(8192K)] 11954K->4786K(26112K), 0.0004210 secs] [Times: user=0.00 sys=0.00, real=0.00 secs] 
163.169: Total time for which application threads were stopped: 0.0005340 seconds, Stopping threads took: 0.0000490 seconds
163.208: Application time: 0.0389140 seconds
163.208: [GC [PSYoungGen: 7664K->480K(8192K)] 11954K->4770K(26112K), 0.0004360 secs] [Times: user=0.00 sys=0.00, real=0.00 secs] 
163.208: Total time for which application threads were stopped: 0.0005440 seconds, Stopping threads took: 0.0000470 seconds
163.247: Application time: 0.0389660 seconds
163.247: [GC [PSYoungGen: 7648K->528K(8192K)] 11938K->4818K(26112K), 0.0004220 secs] [Times: user=0.01 sys=0.00, real=0.00 secs] 
163.248: Total time for which application threads were stopped: 0.0005300 seconds, Stopping threads took: 0.0000460 seconds
163.287: Application time: 0.0396790 seconds
163.287: [GC [PSYoungGen: 7696K->544K(8192K)] 11986K->4834K(26112K), 0.0004120 secs] [Times: user=0.00 sys=0.00, real=0.00 secs] 
163.288: Total time for which application threads were stopped: 0.0005260 seconds, Stopping threads took: 0.0000510 seconds
163.327: Application time: 0.0391660 seconds
163.327: [GC [PSYoungGen: 7712K->480K(8192K)] 12002K->4770K(26112K), 0.0004280 secs] [Times: user=0.01 sys=0.00, real=0.00 secs] 
163.328: Total time for which application threads were stopped: 0.0005270 seconds, Stopping threads took: 0.0000300 seconds
163.367: Application time: 0.0389290 seconds
163.369: [GC [PSYoungGen: 7648K->496K(8192K)] 11938K->4786K(26112K), 0.0004380 secs] [Times: user=0.00 sys=0.00, real=0.00 secs] 
163.370: Total time for which application threads were stopped: 0.0030140 seconds, Stopping threads took: 0.0025130 seconds
163.408: Application time: 0.0388940 seconds
163.409: [GC [PSYoungGen: 7664K->512K(8192K)] 11954K->4802K(26112K), 0.0004030 secs] [Times: user=0.00 sys=0.00, real=0.00 secs] 
163.409: Total time for which application threads were stopped: 0.0005210 seconds, Stopping threads took: 0.0000480 seconds
163.448: Application time: 0.0387610 seconds
163.448: [GC [PSYoungGen: 7680K->480K(8192K)] 11970K->4770K(26112K), 0.0004020 secs] [Times: user=0.00 sys=0.00, real=0.00 secs] 
163.448: Total time for which application threads were stopped: 0.0005160 seconds, Stopping threads took: 0.0000530 seconds
163.487: Application time: 0.0388200 seconds
163.489: [GC [PSYoungGen: 7648K->480K(8192K)] 11938K->4770K(26112K), 0.0004520 secs] [Times: user=0.00 sys=0.00, real=0.00 secs] 
163.490: Total time for which application threads were stopped: 0.0025230 seconds, Stopping threads took: 0.0020060 seconds
163.528: Application time: 0.0388960 seconds
163.529: [GC [PSYoungGen: 7648K->496K(8192K)] 11938K->4786K(26112K), 0.0004130 secs] [Times: user=0.00 sys=0.00, real=0.00 secs] 
163.529: Total time for which application threads were stopped: 0.0005400 seconds, Stopping threads took: 0.0000600 seconds
163.568: Application time: 0.0390050 seconds
163.568: [GC [PSYoungGen: 7664K->496K(8192K)] 11954K->4786K(26112K), 0.0004500 secs] [Times: user=0.00 sys=0.00, real=0.00 secs] 
163.569: Total time for which application threads were stopped: 0.0005670 seconds, Stopping threads took: 0.0000550 seconds
163.608: Application time: 0.0393270 seconds
163.608: [GC [PSYoungGen: 7664K->496K(8192K)] 11954K->4786K(26112K), 0.0004430 secs] [Times: user=0.00 sys=0.00, real=0.00 secs] 
163.608: Total time for which application threads were stopped: 0.0005480 seconds, Stopping threads took: 0.0000390 seconds
163.648: Application time: 0.0392540 seconds
163.648: [GC [PSYoungGen: 7664K->416K(8192K)] 11954K->4794K(26112K), 0.0004840 secs] [Times: user=0.00 sys=0.00, real=0.00 secs] 
163.648: Total time for which application threads were stopped: 0.0006080 seconds, Stopping threads took: 0.0000540 seconds
163.687: Application time: 0.0388720 seconds
163.689: [GC [PSYoungGen: 7584K->320K(8192K)] 11962K->4842K(26112K), 0.0004120 secs] [Times: user=0.00 sys=0.00, real=0.00 secs] 
163.690: Total time for which application threads were stopped: 0.0023350 seconds, Stopping threads took: 0.0018590 seconds
163.728: Application time: 0.0389740 seconds
163.729: [GC [PSYoungGen: 7488K->256K(8192K)] 12010K->4866K(26112K), 0.0003540 secs] [Times: user=0.00 sys=0.00, real=0.00 secs] 
163.729: Total time for which application threads were stopped: 0.0004660 seconds, Stopping threads took: 0.0000500 seconds
163.768: Application time: 0.0392100 seconds
163.768: [GC [PSYoungGen: 7424K->256K(8192K)] 12034K->4866K(26112K), 0.0003730 secs] [Times: user=0.00 sys=0.00, real=0.00 secs] 
163.769: Total time for which application threads were stopped: 0.0004910 seconds, Stopping threads took: 0.0000560 seconds
163.807: Application time: 0.0383100 seconds
163.807: [GC [PSYoungGen: 7424K->272K(8192K)] 12034K->4882K(26112K), 0.0003790 secs] [Times: user=0.00 sys=0.00, real=0.00 secs] 
163.807: Total time for which application threads were stopped: 0.0004920 seconds, Stopping threads took: 0.0000490 seconds
163.846: Application time: 0.0382620 seconds
163.846: [GC [PSYoungGen: 7440K->352K(8192K)] 12050K->4962K(26112K), 0.0003890 secs] [Times: user=0.00 sys=0.00, real=0.00 secs] 
163.846: Total time for which application threads were stopped: 0.0004930 seconds, Stopping threads took: 0.0000380 seconds
163.884: Application time: 0.0373410 seconds
163.884: [GC [PSYoungGen: 7520K->480K(8192K)] 12130K->5090K(26112K), 0.0004090 secs] [Times: user=0.00 sys=0.00, real=0.00 secs] 
163.884: Total time for which application threads were stopped: 0.0005310 seconds, Stopping threads took: 0.0000520 seconds
163.922: Application time: 0.0379130 seconds
163.922: [GC [PSYoungGen: 7648K->544K(8192K)] 12258K->5154K(26112K), 0.0004130 secs] [Times: user=0.01 sys=0.00, real=0.00 secs] 
163.923: Total time for which application threads were stopped: 0.0005300 seconds, Stopping threads took: 0.0000450 seconds
163.962: Application time: 0.0390230 seconds
163.962: [GC [PSYoungGen: 7712K->512K(8192K)] 12322K->5122K(26112K), 0.0004320 secs] [Times: user=0.00 sys=0.00, real=0.00 secs] 
163.962: Total time for which application threads were stopped: 0.0005400 seconds, Stopping threads took: 0.0000470 seconds
164.001: Application time: 0.0391690 seconds
164.001: [GC [PSYoungGen: 7680K->528K(8192K)] 12290K->5138K(26112K), 0.0004350 secs] [Times: user=0.00 sys=0.00, real=0.00 secs] 
164.002: Total time for which application threads were stopped: 0.0005650 seconds, Stopping threads took: 0.0000650 seconds
164.041: Application time: 0.0388890 seconds
164.041: [GC [PSYoungGen: 7696K->496K(8192K)] 12306K->5106K(26112K), 0.0004260 secs] [Times: user=0.01 sys=0.00, real=0.01 secs] 
164.041: Total time for which application threads were stopped: 0.0005340 seconds, Stopping threads took: 0.0000460 seconds
164.081: Application time: 0.0401580 seconds
164.082: [GC [PSYoungGen: 7664K->512K(8192K)] 12274K->5122K(26112K), 0.0004100 secs] [Times: user=0.00 sys=0.00, real=0.00 secs] 
164.082: Total time for which application threads were stopped: 0.0005210 seconds, Stopping threads took: 0.0000460 seconds
164.121: Application time: 0.0390930 seconds
164.121: [GC [PSYoungGen: 7680K->512K(8192K)] 12290K->5122K(26112K), 0.0004200 secs] [Times: user=0.00 sys=0.00, real=0.00 secs] 
164.122: Total time for which application threads were stopped: 0.0005250 seconds, Stopping threads took: 0.0000420 seconds
164.161: Application time: 0.0389600 seconds
164.161: [GC [PSYoungGen: 7680K->544K(8192K)] 12290K->5154K(26112K), 0.0004770 secs] [Times: user=0.01 sys=0.00, real=0.01 secs] 
164.161: Total time for which application threads were stopped: 0.0005930 seconds, Stopping threads took: 0.0000500 seconds
164.201: Application time: 0.0393670 seconds
164.201: [GC [PSYoungGen: 7712K->496K(8192K)] 12322K->5106K(26112K), 0.0004260 secs] [Times: user=0.00 sys=0.00, real=0.01 secs] 
164.201: Total time for which application threads were stopped: 0.0005300 seconds, Stopping threads took: 0.0000410 seconds
164.240: Application time: 0.0389510 seconds
164.240: [GC [PSYoungGen: 7664K->512K(8192K)] 12274K->5122K(26112K), 0.0004170 secs] [Times: user=0.00 sys=0.00, real=0.00 secs] 
164.241: Total time for which application threads were stopped: 0.0005280 seconds, Stopping threads took: 0.0000500 seconds
164.279: Application time: 0.0385950 seconds
164.279: [GC [PSYoungGen: 7680K->496K(8192K)] 12290K->5106K(26112K), 0.0004110 secs] [Times: user=0.00 sys=0.00, real=0.00 secs] 
164.280: Total time for which application threads were stopped: 0.0005290 seconds, Stopping threads took: 0.0000530 seconds
164.319: Application time: 0.0390690 seconds
164.319: [GC [PSYoungGen: 7664K->496K(8192K)] 12274K->5106K(26112K), 0.0004100 secs] [Times: user=0.00 sys=0.00, real=0.00 secs] 
164.319: Total time for which application threads were stopped: 0.0005180 seconds, Stopping threads took: 0.0000480 seconds
164.358: Application time: 0.0390030 seconds
164.358: [GC [PSYoungGen: 7664K->528K(8192K)] 12274K->5138K(26112K), 0.0003990 secs] [Times: user=0.01 sys=0.00, real=0.00 secs] 
164.359: Total time for which application threads were stopped: 0.0005030 seconds, Stopping threads took: 0.0000420 seconds
164.398: Application time: 0.0392100 seconds
164.398: [GC [PSYoungGen: 7696K->480K(8192K)] 12306K->5146K(26112K), 0.0004110 secs] [Times: user=0.00 sys=0.00, real=0.00 secs] 
164.398: Total time for which application threads were stopped: 0.0005180 seconds, Stopping threads took: 0.0000450 seconds
164.437: Application time: 0.0389820 seconds
164.438: [GC [PSYoungGen: 7648K->400K(8192K)] 12314K->5139K(26112K), 0.0004700 secs] [Times: user=0.01 sys=0.00, real=0.00 secs] 
164.438: Total time for which application threads were stopped: 0.0005930 seconds, Stopping threads took: 0.0000530 seconds
164.477: Application time: 0.0392160 seconds
164.477: [GC [PSYoungGen: 7568K->288K(8192K)] 12307K->5147K(26112K), 0.0004440 secs] [Times: user=0.00 sys=0.00, real=0.00 secs] 
164.478: Total time for which application threads were stopped: 0.0005640 seconds, Stopping threads took: 0.0000560 seconds
164.517: Application time: 0.0389270 seconds
164.517: [GC [PSYoungGen: 7456K->256K(8192K)] 12315K->5207K(26112K), 0.0003710 secs] [Times: user=0.00 sys=0.00, real=0.00 secs] 
164.517: Total time for which application threads were stopped: 0.0004840 seconds, Stopping threads took: 0.0000480 seconds
164.556: Application time: 0.0389380 seconds
164.556: [GC [PSYoungGen: 7424K->256K(8192K)] 12375K->5207K(26112K), 0.0003640 secs] [Times: user=0.00 sys=0.00, real=0.00 secs] 
164.557: Total time for which application threads were stopped: 0.0004680 seconds, Stopping threads took: 0.0000440 seconds
164.595: Application time: 0.0384240 seconds
164.595: [GC [PSYoungGen: 7424K->272K(8192K)] 12375K->5223K(26112K), 0.0003680 secs] [Times: user=0.00 sys=0.00, real=0.00 secs] 
164.596: Total time for which application threads were stopped: 0.0004750 seconds, Stopping threads took: 0.0000450 seconds
164.633: Application time: 0.0375440 seconds
164.633: [GC [PSYoungGen: 7440K->400K(8192K)] 12391K->5351K(26112K), 0.0004280 secs] [Times: user=0.00 sys=0.00, real=0.00 secs] 
164.634: Total time for which application threads were stopped: 0.0005400 seconds, Stopping threads took: 0.0000500 seconds
164.671: Application time: 0.0369980 seconds
164.671: [GC [PSYoungGen: 7568K->512K(8192K)] 12519K->5463K(26112K), 0.0004430 secs] [Times: user=0.00 sys=0.00, real=0.00 secs] 
164.671: Total time for which application threads were stopped: 0.0005700 seconds, Stopping threads took: 0.0000580 seconds
164.710: Application time: 0.0392640 seconds
164.711: [GC [PSYoungGen: 7680K->496K(8192K)] 12631K->5447K(26112K), 0.0004340 secs] [Times: user=0.01 sys=0.00, real=0.00 secs] 
164.711: Total time for which application threads were stopped: 0.0005520 seconds, Stopping threads took: 0.0000520 seconds
164.750: Application time: 0.0389450 seconds
164.750: [GC [PSYoungGen: 7664K->512K(8192K)] 12615K->5463K(26112K), 0.0004230 secs] [Times: user=0.00 sys=0.00, real=0.00 secs] 
164.751: Total time for which application threads were stopped: 0.0005270 seconds, Stopping threads took: 0.0000380 seconds
164.790: Application time: 0.0392940 seconds
164.790: [GC [PSYoungGen: 7680K->512K(8192K)] 12631K->5463K(26112K), 0.0004140 secs] [Times: user=0.00 sys=0.00, real=0.00 secs] 
164.790: Total time for which application threads were stopped: 0.0005230 seconds, Stopping threads took: 0.0000470 seconds
164.829: Application time: 0.0390070 seconds
164.829: [GC [PSYoungGen: 7680K->464K(8192K)] 12631K->5415K(26112K), 0.0004890 secs] [Times: user=0.00 sys=0.00, real=0.00 secs] 
164.830: Total time for which application threads were stopped: 0.0005910 seconds, Stopping threads took: 0.0000430 seconds
164.869: Application time: 0.0391780 seconds
164.869: [GC [PSYoungGen: 7632K->512K(8192K)] 12583K->5463K(26112K), 0.0004350 secs] [Times: user=0.01 sys=0.00, real=0.00 secs] 
164.870: Total time for which application threads were stopped: 0.0005440 seconds, Stopping threads took: 0.0000440 seconds
164.909: Application time: 0.0388620 seconds
164.909: [GC [PSYoungGen: 7680K->464K(8192K)] 12631K->5415K(26112K), 0.0004070 secs] [Times: user=0.00 sys=0.00, real=0.01 secs] 
164.909: Total time for which application threads were stopped: 0.0005100 seconds, Stopping threads took: 0.0000390 seconds
164.948: Application time: 0.0391800 seconds
164.948: [GC [PSYoungGen: 7632K->544K(8192K)] 12583K->5495K(26112K), 0.0004240 secs] [Times: user=0.00 sys=0.00, real=0.00 secs] 
164.949: Total time for which application threads were stopped: 0.0005770 seconds, Stopping threads took: 0.0000750 seconds
164.988: Application time: 0.0390110 seconds
164.988: [GC [PSYoungGen: 7712K->480K(8192K)] 12663K->5431K(26112K), 0.0004730 secs] [Times: user=0.00 sys=0.00, real=0.00 secs] 
164.988: Total time for which application threads were stopped: 0.0005880 seconds, Stopping threads took: 0.0000510 seconds
165.027: Application time: 0.0388560 seconds
165.027: [GC [PSYoungGen: 7648K->480K(8192K)] 12599K->5431K(26112K), 0.0004400 secs] [Times: user=0.00 sys=0.00, real=0.00 secs] 
165.028: Total time for which application threads were stopped: 0.0005520 seconds, Stopping threads took: 0.0000520 seconds
165.067: Application time: 0.0387960 seconds
165.067: [GC [PSYoungGen: 7648K->512K(8192K)] 12599K->5463K(26112K), 0.0004250 secs] [Times: user=0.00 sys=0.00, real=0.00 secs] 
165.067: Total time for which application threads were stopped: 0.0005640 seconds, Stopping threads took: 0.0000740 seconds
165.107: Application time: 0.0394770 seconds
165.107: [GC [PSYoungGen: 7680K->480K(8192K)] 12631K->5431K(26112K), 0.0004120 secs] [Times: user=0.01 sys=0.00, real=0.00 secs] 
165.107: Total time for which application threads were stopped: 0.0005150 seconds, Stopping threads took: 0.0000410 seconds
165.146: Application time: 0.0389230 seconds
165.146: [GC [PSYoungGen: 7648K->528K(8192K)] 12599K->5479K(26112K), 0.0004490 secs] [Times: user=0.00 sys=0.00, real=0.00 secs] 
165.147: Total time for which application threads were stopped: 0.0005550 seconds, Stopping threads took: 0.0000430 seconds
165.186: Application time: 0.0389060 seconds
165.186: [GC [PSYoungGen: 7696K->448K(8192K)] 12647K->5447K(26112K), 0.0004390 secs] [Times: user=0.00 sys=0.00, real=0.00 secs] 
165.186: Total time for which application threads were stopped: 0.0005430 seconds, Stopping threads took: 0.0000420 seconds
165.225: Application time: 0.0388810 seconds
165.225: [GC [PSYoungGen: 7616K->336K(8192K)] 12615K->5467K(26112K), 0.0004140 secs] [Times: user=0.01 sys=0.00, real=0.00 secs] 
165.225: Total time for which application threads were stopped: 0.0005300 seconds, Stopping threads took: 0.0000550 seconds
165.264: Application time: 0.0388430 seconds
165.264: [GC [PSYoungGen: 7504K->240K(8192K)] 12635K->5503K(26112K), 0.0004300 secs] [Times: user=0.00 sys=0.00, real=0.00 secs] 
165.266: Total time for which application threads were stopped: 0.0016950 seconds, Stopping threads took: 0.0000500 seconds
165.306: Application time: 0.0394790 seconds
165.306: [GC [PSYoungGen: 7408K->288K(8192K)] 12671K->5551K(26112K), 0.0003960 secs] [Times: user=0.00 sys=0.00, real=0.00 secs] 
165.306: Total time for which application threads were stopped: 0.0005480 seconds, Stopping threads took: 0.0000870 seconds
165.345: Application time: 0.0388690 seconds
165.345: [GC [PSYoungGen: 7456K->256K(8192K)] 12719K->5519K(26112K), 0.0003840 secs] [Times: user=0.00 sys=0.00, real=0.00 secs] 
165.345: Total time for which application threads were stopped: 0.0004910 seconds, Stopping threads took: 0.0000460 seconds
165.383: Application time: 0.0379030 seconds
165.383: [GC [PSYoungGen: 7424K->288K(8192K)] 12687K->5551K(26112K), 0.0003750 secs] [Times: user=0.00 sys=0.00, real=0.00 secs] 
165.384: Total time for which application threads were stopped: 0.0004800 seconds, Stopping threads took: 0.0000420 seconds
165.421: Application time: 0.0375040 seconds
165.421: [GC [PSYoungGen: 7456K->416K(8192K)] 12719K->5679K(26112K), 0.0003940 secs] [Times: user=0.00 sys=0.00, real=0.00 secs] 
165.422: Total time for which application threads were stopped: 0.0004990 seconds, Stopping threads took: 0.0000430 seconds
165.459: Application time: 0.0374210 seconds
165.459: [GC [PSYoungGen: 7584K->480K(8192K)] 12847K->5743K(26112K), 0.0004070 secs] [Times: user=0.00 sys=0.00, real=0.00 secs] 
165.460: Total time for which application threads were stopped: 0.0005310 seconds, Stopping threads took: 0.0000520 seconds
165.499: Application time: 0.0391600 seconds
165.499: [GC [PSYoungGen: 7648K->528K(8192K)] 12911K->5791K(26112K), 0.0004180 secs] [Times: user=0.00 sys=0.00, real=0.00 secs] 
165.499: Total time for which application threads were stopped: 0.0005470 seconds, Stopping threads took: 0.0000580 seconds
165.539: Application time: 0.0391480 seconds
165.539: [GC [PSYoungGen: 7696K->512K(8192K)] 12959K->5775K(26112K), 0.0004260 secs] [Times: user=0.01 sys=0.00, real=0.00 secs] 
165.539: Total time for which application threads were stopped: 0.0005390 seconds, Stopping threads took: 0.0000520 seconds
165.579: Application time: 0.0394470 seconds
165.579: [GC [PSYoungGen: 7680K->512K(8192K)] 12943K->5775K(26112K), 0.0004420 secs] [Times: user=0.00 sys=0.00, real=0.00 secs] 
165.579: Total time for which application threads were stopped: 0.0005490 seconds, Stopping threads took: 0.0000460 seconds
165.618: Application time: 0.0388740 seconds
165.618: [GC [PSYoungGen: 7680K->512K(8192K)] 12943K->5775K(26112K), 0.0004210 secs] [Times: user=0.01 sys=0.00, real=0.00 secs] 
165.619: Total time for which application threads were stopped: 0.0005390 seconds, Stopping threads took: 0.0000560 seconds
165.658: Application time: 0.0390730 seconds
165.658: [GC [PSYoungGen: 7680K->480K(8192K)] 12943K->5743K(26112K), 0.0004610 secs] [Times: user=0.00 sys=0.00, real=0.00 secs] 
165.658: Total time for which application threads were stopped: 0.0005880 seconds, Stopping threads took: 0.0000580 seconds
165.697: Application time: 0.0391900 seconds
165.698: [GC [PSYoungGen: 7648K->528K(8192K)] 12911K->5791K(26112K), 0.0004510 secs] [Times: user=0.00 sys=0.00, real=0.00 secs] 
165.698: Total time for which application threads were stopped: 0.0005580 seconds, Stopping threads took: 0.0000460 seconds
165.737: Application time: 0.0389580 seconds
165.737: [GC [PSYoungGen: 7696K->544K(8192K)] 12959K->5807K(26112K), 0.0004460 secs] [Times: user=0.00 sys=0.00, real=0.00 secs] 
165.738: Total time for which application threads were stopped: 0.0005640 seconds, Stopping threads took: 0.0000560 seconds
165.776: Application time: 0.0387860 seconds
165.776: [GC [PSYoungGen: 7712K->464K(8192K)] 12975K->5727K(26112K), 0.0004120 secs] [Times: user=0.00 sys=0.00, real=0.00 secs] 
165.777: Total time for which application threads were stopped: 0.0005270 seconds, Stopping threads took: 0.0000540 seconds
165.816: Application time: 0.0388190 seconds
165.816: [GC [PSYoungGen: 7632K->512K(8192K)] 12895K->5775K(26112K), 0.0004880 secs] [Times: user=0.01 sys=0.00, real=0.00 secs] 
165.816: Total time for which application threads were stopped: 0.0005920 seconds, Stopping threads took: 0.0000410 seconds
165.855: Application time: 0.0387470 seconds
165.855: [GC [PSYoungGen: 7680K->512K(8192K)] 12943K->5775K(26112K), 0.0004170 secs] [Times: user=0.00 sys=0.00, real=0.00 secs] 
165.856: Total time for which application threads were stopped: 0.0005190 seconds, Stopping threads took: 0.0000410 seconds
165.895: Application time: 0.0390000 seconds
165.895: [GC [PSYoungGen: 7680K->464K(8192K)] 12943K->5727K(26112K), 0.0004860 secs] [Times: user=0.00 sys=0.00, real=0.00 secs] 
165.895: Total time for which application threads were stopped: 0.0005970 seconds, Stopping threads took: 0.0000450 seconds
165.935: Application time: 0.0397010 seconds
165.935: [GC [PSYoungGen: 7632K->480K(8192K)] 12895K->5743K(26112K), 0.0004820 secs] [Times: user=0.01 sys=0.00, real=0.00 secs] 
165.935: Total time for which application threads were stopped: 0.0006040 seconds, Stopping threads took: 0.0000580 seconds
165.974: Application time: 0.0389100 seconds
165.974: [GC [PSYoungGen: 7648K->432K(8192K)] 12911K->5775K(26112K), 0.0004670 secs] [Times: user=0.00 sys=0.00, real=0.00 secs] 
165.975: Total time for which application threads were stopped: 0.0005940 seconds, Stopping threads took: 0.0000560 seconds
166.014: Application time: 0.0389440 seconds
166.014: [GC [PSYoungGen: 7600K->336K(8192K)] 12943K->5783K(26112K), 0.0004410 secs] [Times: user=0.00 sys=0.00, real=0.00 secs] 
166.014: Total time for which application threads were stopped: 0.0005560 seconds, Stopping threads took: 0.0000490 seconds
166.054: Application time: 0.0390870 seconds
166.054: [GC [PSYoungGen: 7504K->256K(8192K)] 12951K->5839K(26112K), 0.0003960 secs] [Times: user=0.00 sys=0.00, real=0.00 secs] 
166.054: Total time for which application threads were stopped: 0.0005120 seconds, Stopping threads took: 0.0000540 seconds
166.093: Application time: 0.0391390 seconds
166.093: [GC [PSYoungGen: 7424K->256K(8192K)] 13007K->5839K(26112K), 0.0003680 secs] [Times: user=0.00 sys=0.00, real=0.00 secs] 
166.094: Total time for which application threads were stopped: 0.0004820 seconds, Stopping threads took: 0.0000520 seconds
166.133: Application time: 0.0389140 seconds
166.133: [GC [PSYoungGen: 7424K->240K(8192K)] 13007K->5823K(26112K), 0.0004120 secs] [Times: user=0.00 sys=0.00, real=0.00 secs] 
166.133: Total time for which application threads were stopped: 0.0005310 seconds, Stopping threads took: 0.0000530 seconds
166.171: Application time: 0.0374010 seconds
166.171: [GC [PSYoungGen: 7408K->320K(8192K)] 12991K->5903K(26112K), 0.0003850 secs] [Times: user=0.00 sys=0.00, real=0.00 secs] 
166.171: Total time for which application threads were stopped: 0.0004950 seconds, Stopping threads took: 0.0000460 seconds
166.208: Application time: 0.0374520 seconds
166.209: [GC [PSYoungGen: 7488K->432K(8192K)] 13071K->6015K(26112K), 0.0003830 secs] [Times: user=0.00 sys=0.00, real=0.00 secs] 
166.209: Total time for which application threads were stopped: 0.0004960 seconds, Stopping threads took: 0.0000510 seconds
166.247: Application time: 0.0378690 seconds
166.247: [GC [PSYoungGen: 7600K->512K(8192K)] 13183K->6095K(26112K), 0.0004450 secs] [Times: user=0.00 sys=0.00, real=0.00 secs] 
166.247: Total time for which application threads were stopped: 0.0005620 seconds, Stopping threads took: 0.0000530 seconds
166.287: Application time: 0.0392490 seconds
166.287: [GC [PSYoungGen: 7680K->528K(8192K)] 13263K->6111K(26112K), 0.0004240 secs] [Times: user=0.01 sys=0.00, real=0.00 secs] 
166.287: Total time for which application threads were stopped: 0.0005430 seconds, Stopping threads took: 0.0000560 seconds
166.326: Application time: 0.0389550 seconds
166.326: [GC [PSYoungGen: 7696K->496K(8192K)] 13279K->6079K(26112K), 0.0004230 secs] [Times: user=0.00 sys=0.00, real=0.00 secs] 
166.327: Total time for which application threads were stopped: 0.0005390 seconds, Stopping threads took: 0.0000510 seconds
166.366: Application time: 0.0389130 seconds
166.366: [GC [PSYoungGen: 7664K->496K(8192K)] 13247K->6079K(26112K), 0.0004490 secs] [Times: user=0.00 sys=0.00, real=0.00 secs] 
166.366: Total time for which application threads were stopped: 0.0005660 seconds, Stopping threads took: 0.0000530 seconds
166.405: Application time: 0.0389280 seconds
166.405: [GC [PSYoungGen: 7664K->528K(8192K)] 13247K->6111K(26112K), 0.0004190 secs] [Times: user=0.00 sys=0.00, real=0.00 secs] 
166.406: Total time for which application threads were stopped: 0.0005300 seconds, Stopping threads took: 0.0000490 seconds
166.445: Application time: 0.0391670 seconds
166.445: [GC [PSYoungGen: 7696K->512K(8192K)] 13279K->6095K(26112K), 0.0004250 secs] [Times: user=0.01 sys=0.00, real=0.00 secs] 
166.445: Total time for which application threads were stopped: 0.0005290 seconds, Stopping threads took: 0.0000420 seconds
166.484: Application time: 0.0389020 seconds
166.484: [GC [PSYoungGen: 7680K->480K(8192K)] 13263K->6063K(26112K), 0.0004520 secs] [Times: user=0.00 sys=0.00, real=0.00 secs] 
166.485: Total time for which application threads were stopped: 0.0005820 seconds, Stopping threads took: 0.0000550 seconds
166.524: Application time: 0.0388400 seconds
166.524: [GC [PSYoungGen: 7648K->496K(8192K)] 13231K->6079K(26112K), 0.0004120 secs] [Times: user=0.00 sys=0.00, real=0.00 secs] 
166.524: Total time for which application threads were stopped: 0.0005240 seconds, Stopping threads took: 0.0000520 seconds
166.563: Application time: 0.0387760 seconds
166.563: [GC [PSYoungGen: 7664K->528K(8192K)] 13247K->6111K(26112K), 0.0004610 secs] [Times: user=0.00 sys=0.00, real=0.00 secs] 
166.564: Total time for which application threads were stopped: 0.0005780 seconds, Stopping threads took: 0.0000570 seconds
166.602: Application time: 0.0387600 seconds
166.602: [GC [PSYoungGen: 7696K->464K(8192K)] 13279K->6047K(26112K), 0.0004740 secs] [Times: user=0.01 sys=0.00, real=0.00 secs] 
166.603: Total time for which application threads were stopped: 0.0005760 seconds, Stopping threads took: 0.0000380 seconds
166.642: Application time: 0.0392360 seconds
166.642: [GC [PSYoungGen: 7632K->496K(8192K)] 13215K->6079K(26112K), 0.0004880 secs] [Times: user=0.00 sys=0.00, real=0.00 secs] 
166.643: Total time for which application threads were stopped: 0.0006100 seconds, Stopping threads took: 0.0000500 seconds
166.682: Application time: 0.0394050 seconds
166.682: [GC [PSYoungGen: 7664K->464K(8192K)] 13247K->6047K(26112K), 0.0004290 secs] [Times: user=0.00 sys=0.00, real=0.00 secs] 
166.683: Total time for which application threads were stopped: 0.0005360 seconds, Stopping threads took: 0.0000430 seconds
166.722: Application time: 0.0389470 seconds
166.722: [GC [PSYoungGen: 7632K->480K(8192K)] 13215K->6063K(26112K), 0.0004220 secs] [Times: user=0.00 sys=0.00, real=0.00 secs] 
166.722: Total time for which application threads were stopped: 0.0005320 seconds, Stopping threads took: 0.0000480 seconds
166.761: Application time: 0.0389730 seconds
166.761: [GC [PSYoungGen: 7648K->400K(8192K)] 13231K->6095K(26112K), 0.0004100 secs] [Times: user=0.00 sys=0.00, real=0.00 secs] 
166.762: Total time for which application threads were stopped: 0.0005250 seconds, Stopping threads took: 0.0000500 seconds
166.801: Application time: 0.0393850 seconds
166.801: [GC [PSYoungGen: 7568K->288K(8192K)] 13263K->6095K(26112K), 0.0004120 secs] [Times: user=0.01 sys=0.00, real=0.00 secs] 
166.802: Total time for which application threads were stopped: 0.0005120 seconds, Stopping threads took: 0.0000380 seconds
166.841: Application time: 0.0392920 seconds
166.841: [GC [PSYoungGen: 7456K->256K(8192K)] 13263K->6159K(26112K), 0.0003810 secs] [Times: user=0.00 sys=0.01, real=0.01 secs] 
166.841: Total time for which application threads were stopped: 0.0004980 seconds, Stopping threads took: 0.0000520 seconds
166.880: Application time: 0.0388780 seconds
166.880: [GC [PSYoungGen: 7424K->256K(8192K)] 13327K->6159K(26112K), 0.0003630 secs] [Times: user=0.00 sys=0.00, real=0.00 secs] 
166.881: Total time for which application threads were stopped: 0.0004630 seconds, Stopping threads took: 0.0000410 seconds
166.919: Application time: 0.0387670 seconds
166.920: [GC [PSYoungGen: 7424K->256K(8192K)] 13327K->6159K(26112K), 0.0003540 secs] [Times: user=0.00 sys=0.00, real=0.00 secs] 
166.920: Total time for which application threads were stopped: 0.0004620 seconds, Stopping threads took: 0.0000490 seconds
166.957: Application time: 0.0373700 seconds
166.957: [GC [PSYoungGen: 7424K->304K(8192K)] 13327K->6207K(26112K), 0.0003860 secs] [Times: user=0.00 sys=0.00, real=0.00 secs] 
166.958: Total time for which application threads were stopped: 0.0004890 seconds, Stopping threads took: 0.0000420 seconds
166.995: Application time: 0.0372960 seconds
166.995: [GC [PSYoungGen: 7472K->480K(8192K)] 13375K->6383K(26112K), 0.0004580 secs] [Times: user=0.00 sys=0.00, real=0.00 secs] 
166.996: Total time for which application threads were stopped: 0.0005720 seconds, Stopping threads took: 0.0000440 seconds
167.034: Application time: 0.0380000 seconds
167.034: [GC [PSYoungGen: 7648K->512K(8192K)] 13551K->6415K(26112K), 0.0004170 secs] [Times: user=0.00 sys=0.00, real=0.00 secs] 
167.034: Total time for which application threads were stopped: 0.0005220 seconds, Stopping threads took: 0.0000430 seconds
167.074: Application time: 0.0394270 seconds
167.074: [GC [PSYoungGen: 7680K->496K(8192K)] 13583K->6399K(26112K), 0.0004600 secs] [Times: user=0.00 sys=0.00, real=0.00 secs] 
167.074: Total time for which application threads were stopped: 0.0005650 seconds, Stopping threads took: 0.0000430 seconds
167.114: Application time: 0.0393440 seconds
167.114: [GC [PSYoungGen: 7664K->480K(8192K)] 13567K->6384K(26112K), 0.0004530 secs] [Times: user=0.00 sys=0.00, real=0.00 secs] 
167.114: Total time for which application threads were stopped: 0.0005760 seconds, Stopping threads took: 0.0000520 seconds
167.153: Application time: 0.0389450 seconds
167.153: [GC [PSYoungGen: 7648K->496K(8192K)] 13552K->6399K(26112K), 0.0004230 secs] [Times: user=0.00 sys=0.00, real=0.00 secs] 
167.154: Total time for which application threads were stopped: 0.0005290 seconds, Stopping threads took: 0.0000430 seconds
167.193: Application time: 0.0393720 seconds
167.193: [GC [PSYoungGen: 7664K->512K(8192K)] 13567K->6415K(26112K), 0.0004160 secs] [Times: user=0.00 sys=0.00, real=0.00 secs] 
167.193: Total time for which application threads were stopped: 0.0005280 seconds, Stopping threads took: 0.0000500 seconds
167.232: Application time: 0.0388940 seconds
167.232: [GC [PSYoungGen: 7680K->512K(8192K)] 13583K->6416K(26112K), 0.0004180 secs] [Times: user=0.00 sys=0.00, real=0.00 secs] 
167.233: Total time for which application threads were stopped: 0.0005270 seconds, Stopping threads took: 0.0000490 seconds
167.272: Application time: 0.0389320 seconds
167.272: [GC [PSYoungGen: 7680K->496K(8192K)] 13584K->6399K(26112K), 0.0004100 secs] [Times: user=0.01 sys=0.00, real=0.00 secs] 
167.272: Total time for which application threads were stopped: 0.0005270 seconds, Stopping threads took: 0.0000550 seconds
167.311: Application time: 0.0389910 seconds
167.311: [GC [PSYoungGen: 7664K->512K(8192K)] 13567K->6415K(26112K), 0.0004430 secs] [Times: user=0.00 sys=0.00, real=0.00 secs] 
167.312: Total time for which application threads were stopped: 0.0005470 seconds, Stopping threads took: 0.0000430 seconds
167.351: Application time: 0.0387720 seconds
167.351: [GC [PSYoungGen: 7680K->512K(8192K)] 13583K->6416K(26112K), 0.0004530 secs] [Times: user=0.00 sys=0.00, real=0.00 secs] 
167.351: Total time for which application threads were stopped: 0.0005670 seconds, Stopping threads took: 0.0000520 seconds
167.390: Application time: 0.0387350 seconds
167.390: [GC [PSYoungGen: 7680K->528K(8192K)] 13584K->6431K(26112K), 0.0004310 secs] [Times: user=0.00 sys=0.00, real=0.00 secs] 
167.391: Total time for which application threads were stopped: 0.0005370 seconds, Stopping threads took: 0.0000440 seconds
167.429: Application time: 0.0389810 seconds
167.430: [GC [PSYoungGen: 7696K->496K(8192K)] 13599K->6399K(26112K), 0.0004100 secs] [Times: user=0.00 sys=0.00, real=0.00 secs] 
167.430: Total time for which application threads were stopped: 0.0005210 seconds, Stopping threads took: 0.0000470 seconds
167.469: Application time: 0.0389920 seconds
167.469: [GC [PSYoungGen: 7664K->528K(8192K)] 13567K->6431K(26112K), 0.0004140 secs] [Times: user=0.00 sys=0.00, real=0.00 secs] 
167.470: Total time for which application threads were stopped: 0.0005260 seconds, Stopping threads took: 0.0000490 seconds
167.509: Application time: 0.0390470 seconds
167.509: [GC [PSYoungGen: 7696K->528K(8192K)] 13599K->6439K(26112K), 0.0004190 secs] [Times: user=0.00 sys=0.00, real=0.01 secs] 
167.509: Total time for which application threads were stopped: 0.0005410 seconds, Stopping threads took: 0.0000530 seconds
167.548: Application time: 0.0393590 seconds
167.549: [GC [PSYoungGen: 7696K->400K(8192K)] 13607K->6424K(26112K), 0.0004300 secs] [Times: user=0.00 sys=0.00, real=0.01 secs] 
167.549: Total time for which application threads were stopped: 0.0005380 seconds, Stopping threads took: 0.0000450 seconds
167.588: Application time: 0.0389370 seconds
167.588: [GC [PSYoungGen: 7568K->272K(8192K)] 13592K->6448K(26112K), 0.0004060 secs] [Times: user=0.00 sys=0.00, real=0.00 secs] 
167.588: Total time for which application threads were stopped: 0.0005190 seconds, Stopping threads took: 0.0000520 seconds
167.627: Application time: 0.0389900 seconds
167.628: [GC [PSYoungGen: 7440K->224K(8192K)] 13616K->6456K(26112K), 0.0004130 secs] [Times: user=0.00 sys=0.00, real=0.00 secs] 
167.628: Total time for which application threads were stopped: 0.0005220 seconds, Stopping threads took: 0.0000500 seconds
167.667: Application time: 0.0391930 seconds
167.667: [GC [PSYoungGen: 7392K->256K(8192K)] 13624K->6488K(26112K), 0.0004060 secs] [Times: user=0.00 sys=0.00, real=0.00 secs] 
167.668: Total time for which application threads were stopped: 0.0005270 seconds, Stopping threads took: 0.0000520 seconds
167.706: Application time: 0.0385260 seconds
167.706: [GC [PSYoungGen: 7424K->304K(8192K)] 13656K->6536K(26112K), 0.0003820 secs] [Times: user=0.00 sys=0.00, real=0.00 secs] 
167.707: Total time for which application threads were stopped: 0.0004980 seconds, Stopping threads took: 0.0000530 seconds
167.744: Application time: 0.0375470 seconds
167.744: [GC [PSYoungGen: 7472K->352K(8192K)] 13704K->6584K(26112K), 0.0003930 secs] [Times: user=0.00 sys=0.00, real=0.00 secs] 
167.745: Total time for which application threads were stopped: 0.0005020 seconds, Stopping threads took: 0.0000470 seconds
167.782: Application time: 0.0369620 seconds
167.782: [GC [PSYoungGen: 7520K->496K(8192K)] 13752K->6728K(26112K), 0.0004170 secs] [Times: user=0.01 sys=0.00, real=0.00 secs] 
167.782: Total time for which application threads were stopped: 0.0005260 seconds, Stopping threads took: 0.0000470 seconds
167.821: Application time: 0.0389880 seconds
167.821: [GC [PSYoungGen: 7664K->464K(8192K)] 13896K->6696K(26112K), 0.0004310 secs] [Times: user=0.00 sys=0.00, real=0.00 secs] 
167.822: Total time for which application threads were stopped: 0.0005440 seconds, Stopping threads took: 0.0000510 seconds
167.861: Application time: 0.0390540 seconds
167.861: [GC [PSYoungGen: 7632K->512K(8192K)] 13864K->6744K(26112K), 0.0004280 secs] [Times: user=0.00 sys=0.01, real=0.01 secs] 
167.861: Total time for which application threads were stopped: 0.0005610 seconds, Stopping threads took: 0.0000690 seconds
167.900: Application time: 0.0390240 seconds
167.901: [GC [PSYoungGen: 7680K->512K(8192K)] 13912K->6744K(26112K), 0.0004050 secs] [Times: user=0.00 sys=0.00, real=0.00 secs] 
167.901: Total time for which application threads were stopped: 0.0005140 seconds, Stopping threads took: 0.0000470 seconds
167.940: Application time: 0.0392440 seconds
167.940: [GC [PSYoungGen: 7680K->496K(8192K)] 13912K->6728K(26112K), 0.0004230 secs] [Times: user=0.00 sys=0.00, real=0.00 secs] 
167.941: Total time for which application threads were stopped: 0.0005390 seconds, Stopping threads took: 0.0000540 seconds
167.980: Application time: 0.0389490 seconds
167.980: [GC [PSYoungGen: 7664K->528K(8192K)] 13896K->6760K(26112K), 0.0004150 secs] [Times: user=0.00 sys=0.00, real=0.00 secs] 
167.980: Total time for which application threads were stopped: 0.0005250 seconds, Stopping threads took: 0.0000460 seconds
168.019: Application time: 0.0391070 seconds
168.019: [GC [PSYoungGen: 7696K->496K(8192K)] 13928K->6728K(26112K), 0.0004560 secs] [Times: user=0.00 sys=0.00, real=0.00 secs] 
168.020: Total time for which application threads were stopped: 0.0005790 seconds, Stopping threads took: 0.0000520 seconds
168.059: Application time: 0.0388860 seconds
168.059: [GC [PSYoungGen: 7664K->480K(8192K)] 13896K->6712K(26112K), 0.0004270 secs] [Times: user=0.00 sys=0.00, real=0.00 secs] 
168.059: Total time for which application threads were stopped: 0.0005370 seconds, Stopping threads took: 0.0000500 seconds
168.098: Application time: 0.0389940 seconds
168.098: [GC [PSYoungGen: 7648K->512K(8192K)] 13880K->6744K(26112K), 0.0004240 secs] [Times: user=0.00 sys=0.00, real=0.00 secs] 
168.099: Total time for which application threads were stopped: 0.0005340 seconds, Stopping threads took: 0.0000510 seconds
168.138: Application time: 0.0387210 seconds
168.138: [GC [PSYoungGen: 7680K->480K(8192K)] 13912K->6712K(26112K), 0.0004340 secs] [Times: user=0.00 sys=0.00, real=0.00 secs] 
168.138: Total time for which application threads were stopped: 0.0005410 seconds, Stopping threads took: 0.0000430 seconds
168.177: Application time: 0.0387670 seconds
168.177: [GC [PSYoungGen: 7648K->528K(8192K)] 13880K->6760K(26112K), 0.0004160 secs] [Times: user=0.00 sys=0.00, real=0.00 secs] 
168.177: Total time for which application threads were stopped: 0.0005320 seconds, Stopping threads took: 0.0000480 seconds
168.216: Application time: 0.0388540 seconds
168.216: [GC [PSYoungGen: 7696K->528K(8192K)] 13928K->6760K(26112K), 0.0004750 secs] [Times: user=0.00 sys=0.00, real=0.00 secs] 
168.217: Total time for which application threads were stopped: 0.0005880 seconds, Stopping threads took: 0.0000510 seconds
168.256: Application time: 0.0393500 seconds
168.256: [GC [PSYoungGen: 7696K->512K(8192K)] 13928K->6744K(26112K), 0.0004220 secs] [Times: user=0.00 sys=0.00, real=0.00 secs] 
168.257: Total time for which application threads were stopped: 0.0005260 seconds, Stopping threads took: 0.0000400 seconds
168.296: Application time: 0.0389460 seconds
168.296: [GC [PSYoungGen: 7680K->432K(8192K)] 13912K->6712K(26112K), 0.0004200 secs] [Times: user=0.00 sys=0.00, real=0.00 secs] 
168.296: Total time for which application threads were stopped: 0.0005320 seconds, Stopping threads took: 0.0000490 seconds
168.335: Application time: 0.0389000 seconds
168.335: [GC [PSYoungGen: 7600K->384K(8192K)] 13880K->6776K(26112K), 0.0004140 secs] [Times: user=0.00 sys=0.00, real=0.00 secs] 
168.336: Total time for which application threads were stopped: 0.0005450 seconds, Stopping threads took: 0.0000700 seconds
168.375: Application time: 0.0389180 seconds
168.375: [GC [PSYoungGen: 7552K->240K(8192K)] 13944K->6780K(26112K), 0.0004240 secs] [Times: user=0.00 sys=0.00, real=0.00 secs] 
168.375: Total time for which application threads were stopped: 0.0005260 seconds, Stopping threads took: 0.0000410 seconds
168.414: Application time: 0.0388820 seconds
168.414: [GC [PSYoungGen: 7408K->256K(8192K)] 13948K->6796K(26112K), 0.0003630 secs] [Times: user=0.00 sys=0.00, real=0.00 secs] 
168.414: Total time for which application threads were stopped: 0.0004730 seconds, Stopping threads took: 0.0000510 seconds
168.454: Application time: 0.0391180 seconds
168.454: [GC [PSYoungGen: 7424K->240K(8192K)] 13964K->6780K(26112K), 0.0003850 secs] [Times: user=0.00 sys=0.00, real=0.00 secs] 
168.454: Total time for which application threads were stopped: 0.0004960 seconds, Stopping threads took: 0.0000490 seconds
168.492: Application time: 0.0379460 seconds
168.492: [GC [PSYoungGen: 7408K->304K(8192K)] 13948K->6844K(26112K), 0.0003910 secs] [Times: user=0.00 sys=0.00, real=0.00 secs] 
168.493: Total time for which application threads were stopped: 0.0005040 seconds, Stopping threads took: 0.0000530 seconds
168.530: Application time: 0.0374880 seconds
168.530: [GC [PSYoungGen: 7472K->368K(8192K)] 14012K->6908K(26112K), 0.0004310 secs] [Times: user=0.00 sys=0.00, real=0.00 secs] 
168.531: Total time for which application threads were stopped: 0.0005540 seconds, Stopping threads took: 0.0000500 seconds
168.568: Application time: 0.0373100 seconds
168.568: [GC [PSYoungGen: 7536K->512K(8192K)] 14076K->7052K(26112K), 0.0004190 secs] [Times: user=0.00 sys=0.00, real=0.00 secs] 
168.568: Total time for which application threads were stopped: 0.0005330 seconds, Stopping threads took: 0.0000540 seconds
168.608: Application time: 0.0395040 seconds
168.608: [GC [PSYoungGen: 7680K->496K(8192K)] 14220K->7036K(26112K), 0.0004270 secs] [Times: user=0.00 sys=0.00, real=0.00 secs] 
168.608: Total time for which application threads were stopped: 0.0005380 seconds, Stopping threads took: 0.0000480 seconds
168.647: Application time: 0.0390030 seconds
168.648: [GC [PSYoungGen: 7664K->480K(8192K)] 14204K->7020K(26112K), 0.0004960 secs] [Times: user=0.00 sys=0.00, real=0.00 secs] 
168.648: Total time for which application threads were stopped: 0.0006170 seconds, Stopping threads took: 0.0000510 seconds
168.687: Application time: 0.0393400 seconds
168.688: [GC [PSYoungGen: 7648K->512K(8192K)] 14188K->7052K(26112K), 0.0004620 secs] [Times: user=0.01 sys=0.00, real=0.00 secs] 
168.688: Total time for which application threads were stopped: 0.0005730 seconds, Stopping threads took: 0.0000470 seconds
168.727: Application time: 0.0393600 seconds
168.727: [GC [PSYoungGen: 7680K->512K(8192K)] 14220K->7052K(26112K), 0.0004300 secs] [Times: user=0.00 sys=0.00, real=0.00 secs] 
168.728: Total time for which application threads were stopped: 0.0005560 seconds, Stopping threads took: 0.0000500 seconds
168.767: Application time: 0.0391690 seconds
168.767: [GC [PSYoungGen: 7680K->528K(8192K)] 14220K->7068K(26112K), 0.0004430 secs] [Times: user=0.00 sys=0.00, real=0.00 secs] 
168.768: Total time for which application threads were stopped: 0.0005590 seconds, Stopping threads took: 0.0000530 seconds
168.807: Application time: 0.0390160 seconds
168.807: [GC [PSYoungGen: 7696K->560K(8192K)] 14236K->7100K(26112K), 0.0004120 secs] [Times: user=0.00 sys=0.00, real=0.00 secs] 
168.807: Total time for which application threads were stopped: 0.0005210 seconds, Stopping threads took: 0.0000480 seconds
168.846: Application time: 0.0389210 seconds
168.846: [GC [PSYoungGen: 7728K->544K(8192K)] 14268K->7084K(26112K), 0.0004650 secs] [Times: user=0.00 sys=0.00, real=0.00 secs] 
168.847: Total time for which application threads were stopped: 0.0005820 seconds, Stopping threads took: 0.0000540 seconds
168.886: Application time: 0.0389530 seconds
168.886: [GC [PSYoungGen: 7712K->528K(8192K)] 14252K->7068K(26112K), 0.0004240 secs] [Times: user=0.00 sys=0.00, real=0.00 secs] 
168.886: Total time for which application threads were stopped: 0.0005350 seconds, Stopping threads took: 0.0000460 seconds
168.925: Application time: 0.0390030 seconds
168.925: [GC [PSYoungGen: 7696K->480K(8192K)] 14236K->7020K(26112K), 0.0004230 secs] [Times: user=0.00 sys=0.00, real=0.00 secs] 
168.926: Total time for which application threads were stopped: 0.0005390 seconds, Stopping threads took: 0.0000530 seconds
168.965: Application time: 0.0388830 seconds
168.965: [GC [PSYoungGen: 7648K->480K(8192K)] 14188K->7020K(26112K), 0.0004250 secs] [Times: user=0.00 sys=0.00, real=0.00 secs] 
168.965: Total time for which application threads were stopped: 0.0005360 seconds, Stopping threads took: 0.0000490 seconds
169.004: Application time: 0.0388810 seconds
169.004: [GC [PSYoungGen: 7648K->448K(8192K)] 14188K->6988K(26112K), 0.0004280 secs] [Times: user=0.00 sys=0.00, real=0.00 secs] 
169.005: Total time for which application threads were stopped: 0.0005360 seconds, Stopping threads took: 0.0000460 seconds
169.044: Application time: 0.0389840 seconds
169.044: [GC [PSYoungGen: 7616K->496K(8192K)] 14156K->7036K(26112K), 0.0004290 secs] [Times: user=0.00 sys=0.00, real=0.00 secs] 
169.044: Total time for which application threads were stopped: 0.0005600 seconds, Stopping threads took: 0.0000560 seconds
169.083: Application time: 0.0390350 seconds
169.083: [GC [PSYoungGen: 7664K->432K(8192K)] 14204K->7060K(26112K), 0.0004110 secs] [Times: user=0.01 sys=0.00, real=0.00 secs] 
169.084: Total time for which application threads were stopped: 0.0005230 seconds, Stopping threads took: 0.0000490 seconds
169.123: Application time: 0.0394540 seconds
169.123: [GC [PSYoungGen: 7600K->352K(8192K)] 14228K->7084K(26112K), 0.0004300 secs] [Times: user=0.00 sys=0.00, real=0.00 secs] 
169.124: Total time for which application threads were stopped: 0.0005430 seconds, Stopping threads took: 0.0000510 seconds
169.163: Application time: 0.0391770 seconds
169.163: [GC [PSYoungGen: 7520K->256K(8192K)] 14252K->7124K(26112K), 0.0003880 secs] [Times: user=0.00 sys=0.00, real=0.00 secs] 
169.163: Total time for which application threads were stopped: 0.0004970 seconds, Stopping threads took: 0.0000480 seconds
169.202: Application time: 0.0390430 seconds
169.203: [GC [PSYoungGen: 7424K->256K(8192K)] 14292K->7124K(26112K), 0.0004120 secs] [Times: user=0.00 sys=0.00, real=0.00 secs] 
169.203: Total time for which application threads were stopped: 0.0005210 seconds, Stopping threads took: 0.0000460 seconds
169.242: Application time: 0.0388680 seconds
169.242: [GC [PSYoungGen: 7424K->256K(8192K)] 14292K->7124K(26112K), 0.0003590 secs] [Times: user=0.00 sys=0.00, real=0.00 secs] 
169.242: Total time for which application threads were stopped: 0.0004660 seconds, Stopping threads took: 0.0000430 seconds
169.281: Application time: 0.0388130 seconds
169.281: [GC [PSYoungGen: 7424K->288K(8192K)] 14292K->7156K(26112K), 0.0003840 secs] [Times: user=0.00 sys=0.00, real=0.00 secs] 
169.282: Total time for which application threads were stopped: 0.0005110 seconds, Stopping threads took: 0.0000580 seconds
169.318: Application time: 0.0365820 seconds
169.318: [GC [PSYoungGen: 7456K->464K(8192K)] 14324K->7332K(26112K), 0.0004150 secs] [Times: user=0.00 sys=0.00, real=0.00 secs] 
169.319: Total time for which application threads were stopped: 0.0005270 seconds, Stopping threads took: 0.0000500 seconds
169.357: Application time: 0.0383170 seconds
169.357: [GC [PSYoungGen: 7632K->480K(8192K)] 14500K->7348K(26112K), 0.0004500 secs] [Times: user=0.00 sys=0.00, real=0.00 secs] 
169.358: Total time for which application threads were stopped: 0.0005640 seconds, Stopping threads took: 0.0000510 seconds
169.397: Application time: 0.0389730 seconds
169.397: [GC [PSYoungGen: 7648K->480K(8192K)] 14516K->7348K(26112K), 0.0005140 secs] [Times: user=0.00 sys=0.00, real=0.00 secs] 
169.397: Total time for which application threads were stopped: 0.0006290 seconds, Stopping threads took: 0.0000520 seconds
169.437: Application time: 0.0394410 seconds
169.437: [GC [PSYoungGen: 7648K->528K(8192K)] 14516K->7396K(26112K), 0.0004220 secs] [Times: user=0.00 sys=0.00, real=0.00 secs] 
169.437: Total time for which application threads were stopped: 0.0005340 seconds, Stopping threads took: 0.0000490 seconds
169.476: Application time: 0.0390360 seconds
169.476: [GC [PSYoungGen: 7696K->480K(8192K)] 14564K->7348K(26112K), 0.0004240 secs] [Times: user=0.00 sys=0.00, real=0.00 secs] 
169.477: Total time for which application threads were stopped: 0.0005330 seconds, Stopping threads took: 0.0000490 seconds
169.516: Application time: 0.0391420 seconds
169.516: [GC [PSYoungGen: 7648K->480K(8192K)] 14516K->7348K(26112K), 0.0004530 secs] [Times: user=0.00 sys=0.00, real=0.00 secs] 
169.516: Total time for which application threads were stopped: 0.0005660 seconds, Stopping threads took: 0.0000500 seconds
169.555: Application time: 0.0389740 seconds
169.556: [GC [PSYoungGen: 7648K->544K(8192K)] 14516K->7412K(26112K), 0.0004290 secs] [Times: user=0.00 sys=0.00, real=0.00 secs] 
169.556: Total time for which application threads were stopped: 0.0005490 seconds, Stopping threads took: 0.0000490 seconds
169.597: Application time: 0.0414460 seconds
169.601: [GC [PSYoungGen: 7712K->480K(8192K)] 14580K->7348K(26112K), 0.0005510 secs] [Times: user=0.01 sys=0.00, real=0.00 secs] 
169.602: Total time for which application threads were stopped: 0.0042340 seconds, Stopping threads took: 0.0036080 seconds
169.645: Application time: 0.0431680 seconds
169.645: [GC [PSYoungGen: 7648K->480K(8192K)] 14516K->7348K(26112K), 0.0004950 secs] [Times: user=0.00 sys=0.00, real=0.00 secs] 
169.645: Total time for which application threads were stopped: 0.0006350 seconds, Stopping threads took: 0.0000630 seconds
169.685: Application time: 0.0393950 seconds
169.685: [GC [PSYoungGen: 7648K->512K(8192K)] 14516K->7380K(26112K), 0.0004790 secs] [Times: user=0.00 sys=0.00, real=0.00 secs] 
169.686: Total time for which application threads were stopped: 0.0007040 seconds, Stopping threads took: 0.0001610 seconds
169.724: Application time: 0.0388340 seconds
169.725: [GC [PSYoungGen: 7680K->512K(8192K)] 14548K->7380K(26112K), 0.0004380 secs] [Times: user=0.00 sys=0.00, real=0.00 secs] 
169.725: Total time for which application threads were stopped: 0.0005580 seconds, Stopping threads took: 0.0000540 seconds
169.764: Application time: 0.0389280 seconds
169.764: [GC [PSYoungGen: 7680K->528K(8192K)] 14548K->7396K(26112K), 0.0004440 secs] [Times: user=0.00 sys=0.00, real=0.00 secs] 
169.764: Total time for which application threads were stopped: 0.0005460 seconds, Stopping threads took: 0.0000400 seconds
169.804: Application time: 0.0390700 seconds
169.804: [GC [PSYoungGen: 7696K->464K(8192K)] 14564K->7332K(26112K), 0.0004220 secs] [Times: user=0.00 sys=0.00, real=0.00 secs] 
169.804: Total time for which application threads were stopped: 0.0005220 seconds, Stopping threads took: 0.0000390 seconds
169.843: Application time: 0.0388950 seconds
169.843: [GC [PSYoungGen: 7632K->464K(8192K)] 14500K->7388K(26112K), 0.0004310 secs] [Times: user=0.00 sys=0.00, real=0.00 secs] 
169.843: Total time for which application threads were stopped: 0.0005470 seconds, Stopping threads took: 0.0000530 seconds
169.882: Application time: 0.0389740 seconds
169.883: [GC [PSYoungGen: 7632K->464K(8192K)] 14556K->7444K(26112K), 0.0004370 secs] [Times: user=0.00 sys=0.00, real=0.00 secs] 
169.883: Total time for which application threads were stopped: 0.0005450 seconds, Stopping threads took: 0.0000460 seconds
169.922: Application time: 0.0390280 seconds
169.922: [GC [PSYoungGen: 7632K->272K(8192K)] 14612K->7436K(26112K), 0.0004100 secs] [Times: user=0.00 sys=0.00, real=0.00 secs] 
169.923: Total time for which application threads were stopped: 0.0005260 seconds, Stopping threads took: 0.0000520 seconds
169.961: Application time: 0.0389130 seconds
169.962: [GC [PSYoungGen: 7440K->256K(8192K)] 14604K->7468K(26112K), 0.0003810 secs] [Times: user=0.00 sys=0.00, real=0.00 secs] 
169.962: Total time for which application threads were stopped: 0.0004920 seconds, Stopping threads took: 0.0000490 seconds
170.001: Application time: 0.0393800 seconds
170.001: [GC [PSYoungGen: 7424K->256K(8192K)] 14636K->7468K(26112K), 0.0003710 secs] [Times: user=0.00 sys=0.00, real=0.00 secs] 
170.002: Total time for which application threads were stopped: 0.0004890 seconds, Stopping threads took: 0.0000540 seconds
170.040: Application time: 0.0382750 seconds
170.040: [GC [PSYoungGen: 7424K->240K(8192K)] 14636K->7452K(26112K), 0.0003930 secs] [Times: user=0.01 sys=0.00, real=0.00 secs] 
170.041: Total time for which application threads were stopped: 0.0005150 seconds, Stopping threads took: 0.0000600 seconds
170.079: Application time: 0.0380230 seconds
170.079: [GC [PSYoungGen: 7408K->352K(8192K)] 14620K->7564K(26112K), 0.0004000 secs] [Times: user=0.00 sys=0.00, real=0.00 secs] 
170.079: Total time for which application threads were stopped: 0.0005150 seconds, Stopping threads took: 0.0000420 seconds
170.116: Application time: 0.0368350 seconds
170.116: [GC [PSYoungGen: 7520K->496K(8192K)] 14732K->7709K(26112K), 0.0003980 secs] [Times: user=0.01 sys=0.00, real=0.00 secs] 
170.117: Total time for which application threads were stopped: 0.0005150 seconds, Stopping threads took: 0.0000530 seconds
170.155: Application time: 0.0384720 seconds
170.155: [GC [PSYoungGen: 7664K->496K(8192K)] 14877K->7709K(26112K), 0.0004300 secs] [Times: user=0.00 sys=0.00, real=0.00 secs] 
170.156: Total time for which application threads were stopped: 0.0005410 seconds, Stopping threads took: 0.0000490 seconds
170.194: Application time: 0.0388940 seconds
170.195: [GC [PSYoungGen: 7664K->496K(8192K)] 14877K->7709K(26112K), 0.0004180 secs] [Times: user=0.00 sys=0.00, real=0.00 secs] 
170.195: Total time for which application threads were stopped: 0.0005180 seconds, Stopping threads took: 0.0000380 seconds
170.234: Application time: 0.0392430 seconds
170.234: [GC [PSYoungGen: 7664K->512K(8192K)] 14877K->7724K(26112K), 0.0004180 secs] [Times: user=0.00 sys=0.00, real=0.00 secs] 
170.235: Total time for which application threads were stopped: 0.0005550 seconds, Stopping threads took: 0.0000730 seconds
170.274: Application time: 0.0392030 seconds
170.277: [GC [PSYoungGen: 7680K->480K(8192K)] 14892K->7692K(26112K), 0.0004500 secs] [Times: user=0.00 sys=0.00, real=0.00 secs] 
170.279: Total time for which application threads were stopped: 0.0047340 seconds, Stopping threads took: 0.0030640 seconds
170.318: Application time: 0.0389340 seconds
170.318: [GC [PSYoungGen: 7648K->480K(8192K)] 14860K->7692K(26112K), 0.0004320 secs] [Times: user=0.00 sys=0.00, real=0.00 secs] 
170.318: Total time for which application threads were stopped: 0.0005590 seconds, Stopping threads took: 0.0000600 seconds
170.357: Application time: 0.0388940 seconds
170.361: [GC [PSYoungGen: 7648K->448K(8192K)] 14860K->7661K(26112K), 0.0004530 secs] [Times: user=0.01 sys=0.00, real=0.00 secs] 
170.362: Total time for which application threads were stopped: 0.0044840 seconds, Stopping threads took: 0.0039670 seconds
170.401: Application time: 0.0394510 seconds
170.401: [GC [PSYoungGen: 7616K->512K(8192K)] 14829K->7724K(26112K), 0.0004850 secs] [Times: user=0.00 sys=0.00, real=0.00 secs] 
170.402: Total time for which application threads were stopped: 0.0006000 seconds, Stopping threads took: 0.0000520 seconds
170.440: Application time: 0.0387940 seconds
170.441: [GC [PSYoungGen: 7680K->496K(8192K)] 14892K->7709K(26112K), 0.0004160 secs] [Times: user=0.00 sys=0.00, real=0.00 secs] 
170.441: Total time for which application threads were stopped: 0.0005290 seconds, Stopping threads took: 0.0000530 seconds
170.480: Application time: 0.0390160 seconds
170.480: [GC [PSYoungGen: 7664K->528K(8192K)] 14877K->7741K(26112K), 0.0004610 secs] [Times: user=0.00 sys=0.00, real=0.00 secs] 
170.481: Total time for which application threads were stopped: 0.0005720 seconds, Stopping threads took: 0.0000490 seconds
170.519: Application time: 0.0383030 seconds
170.519: [GC [PSYoungGen: 7696K->496K(8192K)] 14909K->7708K(26112K), 0.0004290 secs] [Times: user=0.00 sys=0.00, real=0.00 secs] 
170.519: Total time for which application threads were stopped: 0.0005450 seconds, Stopping threads took: 0.0000530 seconds
170.558: Application time: 0.0388430 seconds
170.558: [GC [PSYoungGen: 7664K->512K(8192K)] 14876K->7724K(26112K), 0.0004400 secs] [Times: user=0.00 sys=0.00, real=0.00 secs] 
170.559: Total time for which application threads were stopped: 0.0005480 seconds, Stopping threads took: 0.0000480 seconds
170.598: Application time: 0.0394280 seconds
170.601: [GC [PSYoungGen: 7680K->496K(8192K)] 14892K->7708K(26112K), 0.0004410 secs] [Times: user=0.00 sys=0.00, real=0.00 secs] 
170.602: Total time for which application threads were stopped: 0.0033140 seconds, Stopping threads took: 0.0027970 seconds
170.641: Application time: 0.0389730 seconds
170.641: [GC [PSYoungGen: 7664K->480K(8192K)] 14876K->7749K(26112K), 0.0004850 secs] [Times: user=0.00 sys=0.00, real=0.01 secs] 
170.641: Total time for which application threads were stopped: 0.0006150 seconds, Stopping threads took: 0.0000540 seconds
170.680: Application time: 0.0390500 seconds
170.680: [GC [PSYoungGen: 7648K->400K(8192K)] 14917K->7765K(26112K), 0.0004320 secs] [Times: user=0.00 sys=0.00, real=0.00 secs] 
170.681: Total time for which application threads were stopped: 0.0005410 seconds, Stopping threads took: 0.0000460 seconds
170.720: Application time: 0.0388820 seconds
170.720: [GC [PSYoungGen: 7568K->272K(8192K)] 14933K->7789K(26112K), 0.0004070 secs] [Times: user=0.00 sys=0.00, real=0.00 secs] 
170.720: Total time for which application threads were stopped: 0.0005200 seconds, Stopping threads took: 0.0000530 seconds
170.759: Application time: 0.0390280 seconds
170.759: [GC [PSYoungGen: 7440K->272K(8192K)] 14957K->7861K(26112K), 0.0004200 secs] [Times: user=0.00 sys=0.00, real=0.00 secs] 
170.760: Total time for which application threads were stopped: 0.0005420 seconds, Stopping threads took: 0.0000600 seconds
170.799: Application time: 0.0388170 seconds
170.799: [GC [PSYoungGen: 7440K->256K(8192K)] 15029K->7845K(26112K), 0.0003650 secs] [Times: user=0.00 sys=0.00, real=0.00 secs] 
170.799: Total time for which application threads were stopped: 0.0004750 seconds, Stopping threads took: 0.0000490 seconds
170.837: Application time: 0.0380940 seconds
170.837: [GC [PSYoungGen: 7424K->272K(8192K)] 15013K->7861K(26112K), 0.0004090 secs] [Times: user=0.00 sys=0.00, real=0.00 secs] 
170.838: Total time for which application threads were stopped: 0.0005220 seconds, Stopping threads took: 0.0000480 seconds
170.876: Application time: 0.0386450 seconds
170.876: [GC [PSYoungGen: 7440K->304K(8192K)] 15029K->7893K(26112K), 0.0004340 secs] [Times: user=0.01 sys=0.00, real=0.00 secs] 
170.877: Total time for which application threads were stopped: 0.0005500 seconds, Stopping threads took: 0.0000520 seconds
170.914: Application time: 0.0370670 seconds
170.914: [GC [PSYoungGen: 7472K->448K(8192K)] 15061K->8037K(26112K), 0.0004500 secs] [Times: user=0.00 sys=0.00, real=0.00 secs] 
170.914: Total time for which application threads were stopped: 0.0005670 seconds, Stopping threads took: 0.0000500 seconds
170.953: Application time: 0.0383380 seconds
170.953: [GC [PSYoungGen: 7616K->480K(8192K)] 15205K->8069K(26112K), 0.0004340 secs] [Times: user=0.00 sys=0.00, real=0.00 secs] 
170.953: Total time for which application threads were stopped: 0.0005430 seconds, Stopping threads took: 0.0000470 seconds
170.992: Application time: 0.0388590 seconds
170.992: [GC [PSYoungGen: 7648K->528K(8192K)] 15237K->8117K(26112K), 0.0004290 secs] [Times: user=0.00 sys=0.00, real=0.00 secs] 
170.993: Total time for which application threads were stopped: 0.0005340 seconds, Stopping threads took: 0.0000440 seconds
171.032: Application time: 0.0391640 seconds
171.032: [GC [PSYoungGen: 7696K->512K(8192K)] 15285K->8101K(26112K), 0.0004500 secs] [Times: user=0.00 sys=0.00, real=0.00 secs] 
171.032: Total time for which application threads were stopped: 0.0005610 seconds, Stopping threads took: 0.0000490 seconds
171.071: Application time: 0.0389400 seconds
171.073: [GC [PSYoungGen: 7680K->528K(8192K)] 15269K->8117K(26112K), 0.0004480 secs] [Times: user=0.00 sys=0.00, real=0.00 secs] 
171.074: Total time for which application threads were stopped: 0.0021350 seconds, Stopping threads took: 0.0016270 seconds
171.112: Application time: 0.0389130 seconds
171.113: [GC [PSYoungGen: 7696K->512K(8192K)] 15285K->8101K(26112K), 0.0004210 secs] [Times: user=0.00 sys=0.00, real=0.00 secs] 
171.113: Total time for which application threads were stopped: 0.0005620 seconds, Stopping threads took: 0.0000620 seconds
171.152: Application time: 0.0388200 seconds
171.152: [GC [PSYoungGen: 7680K->528K(8192K)] 15269K->8117K(26112K), 0.0004680 secs] [Times: user=0.00 sys=0.00, real=0.00 secs] 
171.152: Total time for which application threads were stopped: 0.0005880 seconds, Stopping threads took: 0.0000590 seconds
171.191: Application time: 0.0388430 seconds
171.191: [GC [PSYoungGen: 7696K->512K(8192K)] 15285K->8101K(26112K), 0.0004260 secs] [Times: user=0.00 sys=0.00, real=0.00 secs] 
171.192: Total time for which application threads were stopped: 0.0005380 seconds, Stopping threads took: 0.0000500 seconds
171.231: Application time: 0.0389770 seconds
171.231: [GC [PSYoungGen: 7680K->528K(8192K)] 15269K->8117K(26112K), 0.0004440 secs] [Times: user=0.00 sys=0.00, real=0.00 secs] 
171.231: Total time for which application threads were stopped: 0.0005590 seconds, Stopping threads took: 0.0000500 seconds
171.270: Application time: 0.0388930 seconds
171.270: [GC [PSYoungGen: 7696K->464K(8192K)] 15285K->8053K(26112K), 0.0004170 secs] [Times: user=0.01 sys=0.00, real=0.00 secs] 
171.271: Total time for which application threads were stopped: 0.0005270 seconds, Stopping threads took: 0.0000460 seconds
171.309: Application time: 0.0384100 seconds
171.309: [GC [PSYoungGen: 7632K->512K(8192K)] 15221K->8101K(26112K), 0.0004790 secs] [Times: user=0.01 sys=0.00, real=0.00 secs] 
171.310: Total time for which application threads were stopped: 0.0006050 seconds, Stopping threads took: 0.0000620 seconds
171.349: Application time: 0.0393200 seconds
171.349: [GC [PSYoungGen: 7680K->496K(8192K)] 15269K->8085K(26112K), 0.0004260 secs] [Times: user=0.00 sys=0.00, real=0.00 secs] 
171.350: Total time for which application threads were stopped: 0.0005400 seconds, Stopping threads took: 0.0000520 seconds
171.389: Application time: 0.0389470 seconds
171.389: [GC [PSYoungGen: 7664K->464K(8192K)] 15253K->8053K(26112K), 0.0004280 secs] [Times: user=0.00 sys=0.00, real=0.01 secs] 
171.389: Total time for which application threads were stopped: 0.0005320 seconds, Stopping threads took: 0.0000400 seconds
171.428: Application time: 0.0389040 seconds
171.428: [GC [PSYoungGen: 7632K->432K(8192K)] 15221K->8109K(26112K), 0.0004200 secs] [Times: user=0.00 sys=0.00, real=0.00 secs] 
171.429: Total time for which application threads were stopped: 0.0005310 seconds, Stopping threads took: 0.0000500 seconds
171.467: Application time: 0.0388610 seconds
171.468: [GC [PSYoungGen: 7600K->400K(8192K)] 15277K->8125K(26112K), 0.0004040 secs] [Times: user=0.00 sys=0.00, real=0.00 secs] 
171.468: Total time for which application threads were stopped: 0.0005110 seconds, Stopping threads took: 0.0000440 seconds
171.507: Application time: 0.0388690 seconds
171.507: [GC [PSYoungGen: 7568K->272K(8192K)] 15293K->8149K(26112K), 0.0004100 secs] [Times: user=0.00 sys=0.00, real=0.00 secs] 
171.507: Total time for which application threads were stopped: 0.0005220 seconds, Stopping threads took: 0.0000480 seconds
171.547: Application time: 0.0396810 seconds
171.547: [GC [PSYoungGen: 7440K->256K(8192K)] 15317K->8189K(26112K), 0.0003890 secs] [Times: user=0.01 sys=0.00, real=0.00 secs] 
171.548: Total time for which application threads were stopped: 0.0004960 seconds, Stopping threads took: 0.0000460 seconds
171.586: Application time: 0.0389610 seconds
171.587: [GC [PSYoungGen: 7424K->256K(8192K)] 15357K->8189K(26112K), 0.0003700 secs] [Times: user=0.00 sys=0.00, real=0.00 secs] 
171.587: Total time for which application threads were stopped: 0.0004800 seconds, Stopping threads took: 0.0000470 seconds
171.625: Application time: 0.0379130 seconds
171.625: [GC [PSYoungGen: 7424K->272K(8192K)] 15357K->8205K(26112K), 0.0004110 secs] [Times: user=0.00 sys=0.00, real=0.00 secs] 
171.625: Total time for which application threads were stopped: 0.0005390 seconds, Stopping threads took: 0.0000540 seconds
171.663: Application time: 0.0375710 seconds
171.663: [GC [PSYoungGen: 7440K->400K(8192K)] 15373K->8333K(26112K), 0.0005770 secs] [Times: user=0.01 sys=0.00, real=0.00 secs] 
171.664: Total time for which application threads were stopped: 0.0006950 seconds, Stopping threads took: 0.0000470 seconds
171.701: Application time: 0.0374470 seconds
171.701: [GC [PSYoungGen: 7568K->480K(8192K)] 15501K->8413K(26112K), 0.0004450 secs] [Times: user=0.01 sys=0.00, real=0.00 secs] 
171.702: Total time for which application threads were stopped: 0.0005510 seconds, Stopping threads took: 0.0000430 seconds
171.741: Application time: 0.0395070 seconds
171.741: [GC [PSYoungGen: 7648K->480K(8192K)] 15581K->8413K(26112K), 0.0004310 secs] [Times: user=0.00 sys=0.00, real=0.00 secs] 
171.742: Total time for which application threads were stopped: 0.0005560 seconds, Stopping threads took: 0.0000610 seconds
171.781: Application time: 0.0391520 seconds
171.781: [GC [PSYoungGen: 7648K->496K(8192K)] 15581K->8429K(26112K), 0.0004540 secs] [Times: user=0.00 sys=0.00, real=0.01 secs] 
171.781: Total time for which application threads were stopped: 0.0005540 seconds, Stopping threads took: 0.0000340 seconds
171.820: Application time: 0.0388830 seconds
171.820: [GC [PSYoungGen: 7664K->464K(8192K)] 15597K->8397K(26112K), 0.0004340 secs] [Times: user=0.01 sys=0.00, real=0.00 secs] 
171.821: Total time for which application threads were stopped: 0.0005540 seconds, Stopping threads took: 0.0000550 seconds
171.860: Application time: 0.0390960 seconds
171.860: [GC [PSYoungGen: 7632K->512K(8192K)] 15565K->8445K(26112K), 0.0004220 secs] [Times: user=0.00 sys=0.00, real=0.00 secs] 
171.861: Total time for which application threads were stopped: 0.0005290 seconds, Stopping threads took: 0.0000460 seconds
171.900: Application time: 0.0390040 seconds
171.900: [GC [PSYoungGen: 7680K->544K(8192K)] 15613K->8477K(26112K), 0.0004270 secs] [Times: user=0.00 sys=0.00, real=0.00 secs] 
171.900: Total time for which application threads were stopped: 0.0005390 seconds, Stopping threads took: 0.0000530 seconds
171.939: Application time: 0.0392600 seconds
171.939: [GC [PSYoungGen: 7712K->512K(8192K)] 15645K->8445K(26112K), 0.0004060 secs] [Times: user=0.00 sys=0.00, real=0.00 secs] 
171.940: Total time for which application threads were stopped: 0.0005190 seconds, Stopping threads took: 0.0000500 seconds
171.979: Application time: 0.0389210 seconds
171.979: [GC [PSYoungGen: 7680K->496K(8192K)] 15613K->8429K(26112K), 0.0004070 secs] [Times: user=0.00 sys=0.00, real=0.00 secs] 
171.979: Total time for which application threads were stopped: 0.0005140 seconds, Stopping threads took: 0.0000420 seconds
172.018: Application time: 0.0387040 seconds
172.018: [GC [PSYoungGen: 7664K->512K(8192K)] 15597K->8445K(26112K), 0.0004680 secs] [Times: user=0.00 sys=0.00, real=0.00 secs] 
172.019: Total time for which application threads were stopped: 0.0005810 seconds, Stopping threads took: 0.0000490 seconds
172.057: Application time: 0.0384670 seconds
172.057: [GC [PSYoungGen: 7680K->512K(8192K)] 15613K->8445K(26112K), 0.0004480 secs] [Times: user=0.00 sys=0.00, real=0.00 secs] 
172.058: Total time for which application threads were stopped: 0.0005680 seconds, Stopping threads took: 0.0000550 seconds
172.097: Application time: 0.0391170 seconds
172.097: [GC [PSYoungGen: 7680K->528K(8192K)] 15613K->8461K(26112K), 0.0004580 secs] [Times: user=0.00 sys=0.00, real=0.00 secs] 
172.097: Total time for which application threads were stopped: 0.0005740 seconds, Stopping threads took: 0.0000500 seconds
172.136: Application time: 0.0389840 seconds
172.136: [GC [PSYoungGen: 7696K->480K(8192K)] 15629K->8413K(26112K), 0.0003980 secs] [Times: user=0.00 sys=0.00, real=0.00 secs] 
172.137: Total time for which application threads were stopped: 0.0005230 seconds, Stopping threads took: 0.0000540 seconds
172.176: Application time: 0.0390130 seconds
172.176: [GC [PSYoungGen: 7648K->528K(8192K)] 15581K->8461K(26112K), 0.0005070 secs] [Times: user=0.00 sys=0.00, real=0.00 secs] 
172.176: Total time for which application threads were stopped: 0.0006420 seconds, Stopping threads took: 0.0000690 seconds
172.216: Application time: 0.0390760 seconds
172.216: [GC [PSYoungGen: 7696K->432K(8192K)] 15629K->8445K(26112K), 0.0004270 secs] [Times: user=0.00 sys=0.00, real=0.00 secs] 
172.216: Total time for which application threads were stopped: 0.0005400 seconds, Stopping threads took: 0.0000510 seconds
172.255: Application time: 0.0390000 seconds
172.255: [GC [PSYoungGen: 7600K->320K(8192K)] 15613K->8453K(26112K), 0.0004080 secs] [Times: user=0.00 sys=0.00, real=0.00 secs] 
172.256: Total time for which application threads were stopped: 0.0005200 seconds, Stopping threads took: 0.0000500 seconds
172.295: Application time: 0.0390430 seconds
172.295: [GC [PSYoungGen: 7488K->256K(8192K)] 15621K->8513K(26112K), 0.0003870 secs] [Times: user=0.00 sys=0.00, real=0.00 secs] 
172.295: Total time for which application threads were stopped: 0.0004910 seconds, Stopping threads took: 0.0000420 seconds
172.334: Application time: 0.0388550 seconds
172.334: [GC [PSYoungGen: 7424K->256K(8192K)] 15681K->8513K(26112K), 0.0003700 secs] [Times: user=0.01 sys=0.00, real=0.00 secs] 
172.334: Total time for which application threads were stopped: 0.0004880 seconds, Stopping threads took: 0.0000550 seconds
172.373: Application time: 0.0387850 seconds
172.373: [GC [PSYoungGen: 7424K->256K(8192K)] 15681K->8513K(26112K), 0.0003530 secs] [Times: user=0.00 sys=0.00, real=0.00 secs] 
172.374: Total time for which application threads were stopped: 0.0004620 seconds, Stopping threads took: 0.0000480 seconds
172.412: Application time: 0.0378230 seconds
172.412: [GC [PSYoungGen: 7424K->320K(8192K)] 15681K->8577K(26112K), 0.0003880 secs] [Times: user=0.00 sys=0.00, real=0.00 secs] 
172.412: Total time for which application threads were stopped: 0.0004990 seconds, Stopping threads took: 0.0000490 seconds
172.449: Application time: 0.0366330 seconds
172.449: [GC [PSYoungGen: 7486K->448K(8192K)] 15744K->8705K(26112K), 0.0004130 secs] [Times: user=0.00 sys=0.00, real=0.01 secs] 
172.449: Total time for which application threads were stopped: 0.0005290 seconds, Stopping threads took: 0.0000530 seconds
172.488: Application time: 0.0384370 seconds
172.488: [GC [PSYoungGen: 7616K->512K(8192K)] 15873K->8769K(26112K), 0.0004370 secs] [Times: user=0.00 sys=0.00, real=0.00 secs] 
172.488: Total time for which application threads were stopped: 0.0005530 seconds, Stopping threads took: 0.0000530 seconds
172.527: Application time: 0.0390860 seconds
172.527: [GC [PSYoungGen: 7680K->480K(8192K)] 15937K->8737K(26112K), 0.0004680 secs] [Times: user=0.00 sys=0.00, real=0.00 secs] 
172.528: Total time for which application threads were stopped: 0.0005840 seconds, Stopping threads took: 0.0000460 seconds
172.567: Application time: 0.0388440 seconds
172.567: [GC [PSYoungGen: 7648K->512K(8192K)] 15905K->8769K(26112K), 0.0004890 secs] [Times: user=0.00 sys=0.00, real=0.00 secs] 
172.567: Total time for which application threads were stopped: 0.0005940 seconds, Stopping threads took: 0.0000450 seconds
172.606: Application time: 0.0391220 seconds
172.607: [GC [PSYoungGen: 7680K->496K(8192K)] 15937K->8753K(26112K), 0.0004650 secs] [Times: user=0.01 sys=0.00, real=0.00 secs] 
172.607: Total time for which application threads were stopped: 0.0005660 seconds, Stopping threads took: 0.0000400 seconds
172.647: Application time: 0.0400370 seconds
172.647: [GC [PSYoungGen: 7664K->496K(8192K)] 15921K->8753K(26112K), 0.0005060 secs] [Times: user=0.00 sys=0.00, real=0.00 secs] 
172.648: Total time for which application threads were stopped: 0.0006450 seconds, Stopping threads took: 0.0000570 seconds
172.687: Application time: 0.0389210 seconds
172.687: [GC [PSYoungGen: 7664K->512K(8192K)] 15921K->8769K(26112K), 0.0004320 secs] [Times: user=0.00 sys=0.00, real=0.00 secs] 
172.687: Total time for which application threads were stopped: 0.0005540 seconds, Stopping threads took: 0.0000590 seconds
172.726: Application time: 0.0389560 seconds
172.726: [GC [PSYoungGen: 7680K->480K(8192K)] 15937K->8737K(26112K), 0.0004810 secs] [Times: user=0.00 sys=0.00, real=0.00 secs] 
172.727: Total time for which application threads were stopped: 0.0005900 seconds, Stopping threads took: 0.0000490 seconds
172.766: Application time: 0.0388840 seconds
172.766: [GC [PSYoungGen: 7648K->480K(8192K)] 15905K->8737K(26112K), 0.0004210 secs] [Times: user=0.00 sys=0.00, real=0.00 secs] 
172.766: Total time for which application threads were stopped: 0.0005400 seconds, Stopping threads took: 0.0000560 seconds
172.805: Application time: 0.0388350 seconds
172.805: [GC [PSYoungGen: 7648K->512K(8192K)] 15905K->8769K(26112K), 0.0004110 secs] [Times: user=0.00 sys=0.00, real=0.00 secs] 
172.806: Total time for which application threads were stopped: 0.0005240 seconds, Stopping threads took: 0.0000480 seconds
172.844: Application time: 0.0388800 seconds
172.844: [GC [PSYoungGen: 7680K->464K(8192K)] 15937K->8721K(26112K), 0.0004220 secs] [Times: user=0.01 sys=0.00, real=0.00 secs] 
172.845: Total time for which application threads were stopped: 0.0005280 seconds, Stopping threads took: 0.0000420 seconds
172.884: Application time: 0.0387110 seconds
172.884: [GC [PSYoungGen: 7632K->496K(8192K)] 15889K->8753K(26112K), 0.0004060 secs] [Times: user=0.00 sys=0.00, real=0.00 secs] 
172.884: Total time for which application threads were stopped: 0.0005160 seconds, Stopping threads took: 0.0000450 seconds
172.924: Application time: 0.0393550 seconds
172.924: [GC [PSYoungGen: 7664K->544K(8192K)] 15921K->8801K(26112K), 0.0004190 secs] [Times: user=0.00 sys=0.00, real=0.00 secs] 
172.924: Total time for which application threads were stopped: 0.0005330 seconds, Stopping threads took: 0.0000500 seconds
172.963: Application time: 0.0388230 seconds
172.963: [GC [PSYoungGen: 7712K->496K(8192K)] 15969K->8761K(26112K), 0.0004220 secs] [Times: user=0.00 sys=0.00, real=0.00 secs] 
172.963: Total time for which application threads were stopped: 0.0005400 seconds, Stopping threads took: 0.0000550 seconds
173.003: Application time: 0.0393230 seconds
173.003: [GC [PSYoungGen: 7664K->416K(8192K)] 15929K->8773K(26112K), 0.0004170 secs] [Times: user=0.00 sys=0.00, real=0.00 secs] 
173.003: Total time for which application threads were stopped: 0.0005280 seconds, Stopping threads took: 0.0000490 seconds
173.042: Application time: 0.0388550 seconds
173.042: [GC [PSYoungGen: 7584K->272K(8192K)] 15941K->8805K(26112K), 0.0004410 secs] [Times: user=0.00 sys=0.00, real=0.00 secs] 
173.043: Total time for which application threads were stopped: 0.0005540 seconds, Stopping threads took: 0.0000480 seconds
173.082: Application time: 0.0390430 seconds
173.082: [GC [PSYoungGen: 7440K->256K(8192K)] 15973K->8829K(26112K), 0.0004060 secs] [Times: user=0.00 sys=0.00, real=0.00 secs] 
173.082: Total time for which application threads were stopped: 0.0005150 seconds, Stopping threads took: 0.0000510 seconds
173.121: Application time: 0.0388980 seconds
173.121: [GC [PSYoungGen: 7424K->240K(8192K)] 15997K->8813K(26112K), 0.0004350 secs] [Times: user=0.00 sys=0.00, real=0.00 secs] 
173.122: Total time for which application threads were stopped: 0.0005360 seconds, Stopping threads took: 0.0000380 seconds
173.160: Application time: 0.0383600 seconds
173.160: [GC [PSYoungGen: 7408K->272K(8192K)] 15981K->8845K(26112K), 0.0003730 secs] [Times: user=0.00 sys=0.00, real=0.00 secs] 
173.161: Total time for which application threads were stopped: 0.0004980 seconds, Stopping threads took: 0.0000510 seconds
173.199: Application time: 0.0380460 seconds
173.199: [GC [PSYoungGen: 7440K->336K(8192K)] 16013K->8910K(26112K), 0.0004050 secs] [Times: user=0.00 sys=0.00, real=0.00 secs] 
173.199: Total time for which application threads were stopped: 0.0005170 seconds, Stopping threads took: 0.0000490 seconds
173.237: Application time: 0.0382290 seconds
173.237: [GC [PSYoungGen: 7504K->448K(8192K)] 16078K->9022K(26112K), 0.0004500 secs] [Times: user=0.00 sys=0.00, real=0.00 secs] 
173.238: Total time for which application threads were stopped: 0.0005470 seconds, Stopping threads took: 0.0000360 seconds
173.275: Application time: 0.0375150 seconds
173.275: [GC [PSYoungGen: 7616K->512K(8192K)] 16190K->9086K(26112K), 0.0004650 secs] [Times: user=0.00 sys=0.00, real=0.00 secs] 
173.276: Total time for which application threads were stopped: 0.0005720 seconds, Stopping threads took: 0.0000440 seconds
173.315: Application time: 0.0394330 seconds
173.315: [GC [PSYoungGen: 7680K->496K(8192K)] 16254K->9070K(26112K), 0.0004460 secs] [Times: user=0.00 sys=0.00, real=0.00 secs] 
173.316: Total time for which application threads were stopped: 0.0005570 seconds, Stopping threads took: 0.0000490 seconds
173.355: Application time: 0.0389610 seconds
173.355: [GC [PSYoungGen: 7664K->512K(8192K)] 16238K->9086K(26112K), 0.0004450 secs] [Times: user=0.00 sys=0.00, real=0.00 secs] 
173.355: Total time for which application threads were stopped: 0.0005500 seconds, Stopping threads took: 0.0000440 seconds
173.395: Application time: 0.0392650 seconds
173.395: [GC [PSYoungGen: 7680K->480K(8192K)] 16254K->9054K(26112K), 0.0004540 secs] [Times: user=0.01 sys=0.00, real=0.00 secs] 
173.395: Total time for which application threads were stopped: 0.0005610 seconds, Stopping threads took: 0.0000450 seconds
173.434: Application time: 0.0388860 seconds
173.434: [GC [PSYoungGen: 7648K->496K(8192K)] 16222K->9070K(26112K), 0.0004940 secs] [Times: user=0.00 sys=0.00, real=0.00 secs] 
173.435: Total time for which application threads were stopped: 0.0005910 seconds, Stopping threads took: 0.0000380 seconds
173.474: Application time: 0.0388700 seconds
173.474: [GC [PSYoungGen: 7664K->464K(8192K)] 16238K->9038K(26112K), 0.0004300 secs] [Times: user=0.00 sys=0.00, real=0.00 secs] 
173.474: Total time for which application threads were stopped: 0.0005400 seconds, Stopping threads took: 0.0000500 seconds
173.513: Application time: 0.0388400 seconds
173.513: [GC [PSYoungGen: 7632K->512K(8192K)] 16206K->9086K(26112K), 0.0004120 secs] [Times: user=0.00 sys=0.00, real=0.00 secs] 
173.514: Total time for which application threads were stopped: 0.0005280 seconds, Stopping threads took: 0.0000550 seconds
173.553: Application time: 0.0394480 seconds
173.553: [GC [PSYoungGen: 7680K->448K(8192K)] 16254K->9022K(26112K), 0.0004140 secs] [Times: user=0.00 sys=0.00, real=0.00 secs] 
173.554: Total time for which application threads were stopped: 0.0005220 seconds, Stopping threads took: 0.0000460 seconds
173.592: Application time: 0.0387230 seconds
173.592: [GC [PSYoungGen: 7616K->512K(8192K)] 16190K->9085K(26112K), 0.0004330 secs] [Times: user=0.00 sys=0.00, real=0.00 secs] 
173.593: Total time for which application threads were stopped: 0.0005500 seconds, Stopping threads took: 0.0000530 seconds
173.631: Application time: 0.0385360 seconds
173.631: [GC [PSYoungGen: 7680K->496K(8192K)] 16253K->9070K(26112K), 0.0004350 secs] [Times: user=0.00 sys=0.00, real=0.00 secs] 
173.632: Total time for which application threads were stopped: 0.0005360 seconds, Stopping threads took: 0.0000390 seconds
173.671: Application time: 0.0393070 seconds
173.671: [GC [PSYoungGen: 7664K->480K(8192K)] 16238K->9054K(26112K), 0.0005000 secs] [Times: user=0.00 sys=0.00, real=0.00 secs] 
173.672: Total time for which application threads were stopped: 0.0006330 seconds, Stopping threads took: 0.0000530 seconds
173.711: Application time: 0.0389390 seconds
173.711: [GC [PSYoungGen: 7648K->480K(8192K)] 16222K->9054K(26112K), 0.0004260 secs] [Times: user=0.01 sys=0.00, real=0.00 secs] 
173.711: Total time for which application threads were stopped: 0.0005470 seconds, Stopping threads took: 0.0000530 seconds
173.750: Application time: 0.0388510 seconds
173.750: [GC [PSYoungGen: 7648K->480K(8192K)] 16222K->9110K(26112K), 0.0004730 secs] [Times: user=0.00 sys=0.00, real=0.00 secs] 
173.751: Total time for which application threads were stopped: 0.0005890 seconds, Stopping threads took: 0.0000530 seconds
173.790: Application time: 0.0391500 seconds
173.790: [GC [PSYoungGen: 7648K->368K(8192K)] 16278K->9086K(26112K), 0.0004200 secs] [Times: user=0.00 sys=0.00, real=0.00 secs] 
173.790: Total time for which application threads were stopped: 0.0005250 seconds, Stopping threads took: 0.0000410 seconds
173.830: Application time: 0.0392740 seconds
173.830: [GC [PSYoungGen: 7536K->320K(8192K)] 16254K->9170K(26112K), 0.0004280 secs] [Times: user=0.00 sys=0.00, real=0.00 secs] 
173.830: Total time for which application threads were stopped: 0.0005330 seconds, Stopping threads took: 0.0000430 seconds
173.869: Application time: 0.0389610 seconds
173.869: [GC [PSYoungGen: 7488K->240K(8192K)] 16338K->9170K(26112K), 0.0004170 secs] [Times: user=0.00 sys=0.00, real=0.00 secs] 
173.870: Total time for which application threads were stopped: 0.0005210 seconds, Stopping threads took: 0.0000420 seconds
173.909: Application time: 0.0388430 seconds
173.909: [GC [PSYoungGen: 7408K->240K(8192K)] 16338K->9170K(26112K), 0.0004060 secs] [Times: user=0.00 sys=0.00, real=0.01 secs] 
173.909: Total time for which application threads were stopped: 0.0005150 seconds, Stopping threads took: 0.0000480 seconds
173.947: Application time: 0.0382870 seconds
173.947: [GC [PSYoungGen: 7408K->288K(8192K)] 16338K->9218K(26112K), 0.0004000 secs] [Times: user=0.00 sys=0.00, real=0.00 secs] 
173.948: Total time for which application threads were stopped: 0.0005480 seconds, Stopping threads took: 0.0000850 seconds
173.986: Application time: 0.0383570 seconds
173.986: [GC [PSYoungGen: 7456K->384K(8192K)] 16386K->9314K(26112K), 0.0004040 secs] [Times: user=0.00 sys=0.00, real=0.00 secs] 
173.987: Total time for which application threads were stopped: 0.0005120 seconds, Stopping threads took: 0.0000450 seconds
174.024: Application time: 0.0375880 seconds
174.024: [GC [PSYoungGen: 7552K->432K(8192K)] 16482K->9362K(26112K), 0.0004220 secs] [Times: user=0.01 sys=0.00, real=0.00 secs] 
174.025: Total time for which application threads were stopped: 0.0005390 seconds, Stopping threads took: 0.0000550 seconds
174.063: Application time: 0.0383140 seconds
174.063: [GC [PSYoungGen: 7600K->496K(8192K)] 16530K->9426K(26112K), 0.0004210 secs] [Times: user=0.00 sys=0.00, real=0.00 secs] 
174.064: Total time for which application threads were stopped: 0.0005290 seconds, Stopping threads took: 0.0000430 seconds
174.103: Application time: 0.0391720 seconds
174.103: [GC [PSYoungGen: 7664K->496K(8192K)] 16594K->9426K(26112K), 0.0004270 secs] [Times: user=0.01 sys=0.00, real=0.00 secs] 
174.103: Total time for which application threads were stopped: 0.0005500 seconds, Stopping threads took: 0.0000600 seconds
174.142: Application time: 0.0389150 seconds
174.143: [GC [PSYoungGen: 7664K->480K(8192K)] 16594K->9410K(26112K), 0.0004140 secs] [Times: user=0.00 sys=0.00, real=0.00 secs] 
174.143: Total time for which application threads were stopped: 0.0005330 seconds, Stopping threads took: 0.0000490 seconds
174.182: Application time: 0.0388600 seconds
174.182: [GC [PSYoungGen: 7648K->480K(8192K)] 16578K->9410K(26112K), 0.0004360 secs] [Times: user=0.00 sys=0.00, real=0.00 secs] 
174.182: Total time for which application threads were stopped: 0.0005600 seconds, Stopping threads took: 0.0000530 seconds
174.221: Application time: 0.0388620 seconds
174.221: [GC [PSYoungGen: 7648K->528K(8192K)] 16578K->9458K(26112K), 0.0004790 secs] [Times: user=0.00 sys=0.00, real=0.00 secs] 
174.222: Total time for which application threads were stopped: 0.0005860 seconds, Stopping threads took: 0.0000440 seconds
174.261: Application time: 0.0388240 seconds
174.261: [GC [PSYoungGen: 7696K->480K(8192K)] 16626K->9410K(26112K), 0.0004130 secs] [Times: user=0.01 sys=0.00, real=0.01 secs] 
174.261: Total time for which application threads were stopped: 0.0005300 seconds, Stopping threads took: 0.0000520 seconds
174.301: Application time: 0.0396200 seconds
174.301: [GC [PSYoungGen: 7648K->496K(8192K)] 16578K->9426K(26112K), 0.0004410 secs] [Times: user=0.00 sys=0.00, real=0.01 secs] 
174.301: Total time for which application threads were stopped: 0.0005530 seconds, Stopping threads took: 0.0000480 seconds
174.340: Application time: 0.0388830 seconds
174.340: [GC [PSYoungGen: 7664K->512K(8192K)] 16594K->9442K(26112K), 0.0004630 secs] [Times: user=0.00 sys=0.00, real=0.00 secs] 
174.341: Total time for which application threads were stopped: 0.0005760 seconds, Stopping threads took: 0.0000530 seconds
174.379: Application time: 0.0383820 seconds
174.379: [GC [PSYoungGen: 7680K->496K(8192K)] 16610K->9426K(26112K), 0.0004800 secs] [Times: user=0.00 sys=0.00, real=0.00 secs] 
174.380: Total time for which application threads were stopped: 0.0005970 seconds, Stopping threads took: 0.0000530 seconds
174.419: Application time: 0.0388660 seconds
174.419: [GC [PSYoungGen: 7664K->480K(8192K)] 16594K->9410K(26112K), 0.0004270 secs] [Times: user=0.01 sys=0.00, real=0.00 secs] 
174.419: Total time for which application threads were stopped: 0.0005240 seconds, Stopping threads took: 0.0000330 seconds
174.458: Application time: 0.0389560 seconds
174.458: [GC [PSYoungGen: 7648K->512K(8192K)] 16578K->9442K(26112K), 0.0004320 secs] [Times: user=0.00 sys=0.00, real=0.00 secs] 
174.459: Total time for which application threads were stopped: 0.0005420 seconds, Stopping threads took: 0.0000480 seconds
174.498: Application time: 0.0390450 seconds
174.498: [GC [PSYoungGen: 7680K->512K(8192K)] 16610K->9442K(26112K), 0.0004330 secs] [Times: user=0.00 sys=0.00, real=0.00 secs] 
174.498: Total time for which application threads were stopped: 0.0005380 seconds, Stopping threads took: 0.0000430 seconds
174.537: Application time: 0.0389260 seconds
174.537: [GC [PSYoungGen: 7680K->416K(8192K)] 16610K->9434K(26112K), 0.0004350 secs] [Times: user=0.00 sys=0.00, real=0.00 secs] 
174.538: Total time for which application threads were stopped: 0.0005410 seconds, Stopping threads took: 0.0000430 seconds
174.577: Application time: 0.0388590 seconds
174.577: [GC [PSYoungGen: 7584K->400K(8192K)] 16602K->9514K(26112K), 0.0003990 secs] [Times: user=0.00 sys=0.00, real=0.00 secs] 
174.577: Total time for which application threads were stopped: 0.0005090 seconds, Stopping threads took: 0.0000450 seconds
174.616: Application time: 0.0392920 seconds
174.616: [GC [PSYoungGen: 7568K->272K(8192K)] 16682K->9498K(26112K), 0.0004020 secs] [Times: user=0.01 sys=0.00, real=0.00 secs] 
174.617: Total time for which application threads were stopped: 0.0005160 seconds, Stopping threads took: 0.0000540 seconds
174.656: Application time: 0.0394680 seconds
174.656: [GC [PSYoungGen: 7440K->256K(8192K)] 16666K->9538K(26112K), 0.0004780 secs] [Times: user=0.00 sys=0.00, real=0.00 secs] 
174.657: Total time for which application threads were stopped: 0.0006000 seconds, Stopping threads took: 0.0000450 seconds
174.697: Application time: 0.0396280 seconds
174.701: [GC [PSYoungGen: 7424K->256K(8192K)] 16706K->9538K(26112K), 0.0004330 secs] [Times: user=0.00 sys=0.00, real=0.00 secs] 
174.702: Total time for which application threads were stopped: 0.0049140 seconds, Stopping threads took: 0.0043990 seconds
174.739: Application time: 0.0375230 seconds
174.739: [GC [PSYoungGen: 7424K->288K(8192K)] 16706K->9570K(26112K), 0.0003810 secs] [Times: user=0.00 sys=0.00, real=0.00 secs] 
174.740: Total time for which application threads were stopped: 0.0004970 seconds, Stopping threads took: 0.0000570 seconds
174.777: Application time: 0.0372770 seconds
174.777: [GC [PSYoungGen: 7456K->384K(8192K)] 16738K->9666K(26112K), 0.0004010 secs] [Times: user=0.00 sys=0.00, real=0.00 secs] 
174.777: Total time for which application threads were stopped: 0.0005030 seconds, Stopping threads took: 0.0000400 seconds
174.815: Application time: 0.0375900 seconds
174.815: [GC [PSYoungGen: 7552K->464K(8192K)] 16834K->9746K(26112K), 0.0004380 secs] [Times: user=0.00 sys=0.00, real=0.00 secs] 
174.816: Total time for which application threads were stopped: 0.0005690 seconds, Stopping threads took: 0.0000650 seconds
174.855: Application time: 0.0392690 seconds
174.855: [GC [PSYoungGen: 7632K->512K(8192K)] 16914K->9794K(26112K), 0.0004390 secs] [Times: user=0.01 sys=0.00, real=0.00 secs] 
174.855: Total time for which application threads were stopped: 0.0005460 seconds, Stopping threads took: 0.0000460 seconds
174.894: Application time: 0.0390850 seconds
174.894: [GC [PSYoungGen: 7680K->512K(8192K)] 16962K->9794K(26112K), 0.0004540 secs] [Times: user=0.01 sys=0.00, real=0.00 secs] 
174.895: Total time for which application threads were stopped: 0.0005650 seconds, Stopping threads took: 0.0000530 seconds
174.934: Application time: 0.0390460 seconds
174.934: [GC [PSYoungGen: 7680K->512K(8192K)] 16962K->9794K(26112K), 0.0004440 secs] [Times: user=0.00 sys=0.00, real=0.00 secs] 
174.935: Total time for which application threads were stopped: 0.0005490 seconds, Stopping threads took: 0.0000440 seconds
174.974: Application time: 0.0389870 seconds
174.977: [GC [PSYoungGen: 7680K->496K(8192K)] 16962K->9778K(26112K), 0.0004220 secs] [Times: user=0.01 sys=0.00, real=0.00 secs] 
174.978: Total time for which application threads were stopped: 0.0039490 seconds, Stopping threads took: 0.0034640 seconds
175.016: Application time: 0.0388510 seconds
175.016: [GC [PSYoungGen: 7664K->464K(8192K)] 16946K->9746K(26112K), 0.0004360 secs] [Times: user=0.00 sys=0.00, real=0.00 secs] 
175.017: Total time for which application threads were stopped: 0.0005350 seconds, Stopping threads took: 0.0000350 seconds
175.056: Application time: 0.0388820 seconds
175.056: [GC [PSYoungGen: 7632K->528K(8192K)] 16914K->9810K(26112K), 0.0004310 secs] [Times: user=0.00 sys=0.00, real=0.00 secs] 
175.056: Total time for which application threads were stopped: 0.0005460 seconds, Stopping threads took: 0.0000500 seconds
175.095: Application time: 0.0391250 seconds
175.096: [GC [PSYoungGen: 7696K->496K(8192K)] 16978K->9778K(26112K), 0.0004310 secs] [Times: user=0.01 sys=0.00, real=0.00 secs] 
175.096: Total time for which application threads were stopped: 0.0005410 seconds, Stopping threads took: 0.0000470 seconds
175.135: Application time: 0.0388550 seconds
175.135: [GC [PSYoungGen: 7664K->480K(8192K)] 16946K->9762K(26112K), 0.0004310 secs] [Times: user=0.00 sys=0.00, real=0.00 secs] 
175.135: Total time for which application threads were stopped: 0.0005430 seconds, Stopping threads took: 0.0000490 seconds
175.174: Application time: 0.0388020 seconds
175.174: [GC [PSYoungGen: 7648K->448K(8192K)] 16930K->9730K(26112K), 0.0004590 secs] [Times: user=0.00 sys=0.00, real=0.00 secs] 
175.175: Total time for which application threads were stopped: 0.0005740 seconds, Stopping threads took: 0.0000540 seconds
175.214: Application time: 0.0388700 seconds
175.214: [GC [PSYoungGen: 7616K->464K(8192K)] 16898K->9746K(26112K), 0.0004240 secs] [Times: user=0.01 sys=0.00, real=0.00 secs] 
175.214: Total time for which application threads were stopped: 0.0005460 seconds, Stopping threads took: 0.0000500 seconds
175.253: Application time: 0.0388550 seconds
175.253: [GC [PSYoungGen: 7632K->512K(8192K)] 16914K->9794K(26112K), 0.0004760 secs] [Times: user=0.00 sys=0.00, real=0.00 secs] 
175.254: Total time for which application threads were stopped: 0.0005900 seconds, Stopping threads took: 0.0000510 seconds
175.292: Application time: 0.0388290 seconds
175.293: [GC [PSYoungGen: 7680K->480K(8192K)] 16962K->9762K(26112K), 0.0004810 secs] [Times: user=0.00 sys=0.00, real=0.00 secs] 
175.294: Total time for which application threads were stopped: 0.0016770 seconds, Stopping threads took: 0.0000430 seconds
175.333: Application time: 0.0388590 seconds
175.333: [GC [PSYoungGen: 7648K->416K(8192K)] 16930K->9786K(26112K), 0.0004290 secs] [Times: user=0.00 sys=0.00, real=0.00 secs] 
175.334: Total time for which application threads were stopped: 0.0005580 seconds, Stopping threads took: 0.0000630 seconds
175.373: Application time: 0.0391480 seconds
175.373: [GC [PSYoungGen: 7584K->304K(8192K)] 16954K->9810K(26112K), 0.0004460 secs] [Times: user=0.01 sys=0.00, real=0.00 secs] 
175.373: Total time for which application threads were stopped: 0.0005620 seconds, Stopping threads took: 0.0000500 seconds
175.412: Application time: 0.0391230 seconds
175.412: [GC [PSYoungGen: 7472K->256K(8192K)] 16978K->9850K(26112K), 0.0003970 secs] [Times: user=0.00 sys=0.00, real=0.00 secs] 
175.413: Total time for which application threads were stopped: 0.0005020 seconds, Stopping threads took: 0.0000430 seconds
175.452: Application time: 0.0388330 seconds
175.452: [GC [PSYoungGen: 7424K->256K(8192K)] 17018K->9850K(26112K), 0.0003670 secs] [Times: user=0.00 sys=0.00, real=0.00 secs] 
175.452: Total time for which application threads were stopped: 0.0004810 seconds, Stopping threads took: 0.0000530 seconds
175.491: Application time: 0.0388230 seconds
175.491: [GC [PSYoungGen: 7424K->224K(8192K)] 17018K->9818K(26112K), 0.0003830 secs] [Times: user=0.00 sys=0.00, real=0.00 secs] 
175.492: Total time for which application threads were stopped: 0.0004920 seconds, Stopping threads took: 0.0000490 seconds
175.529: Application time: 0.0373940 seconds
175.533: [GC [PSYoungGen: 7392K->304K(8192K)] 16986K->9898K(26112K), 0.0004510 secs] [Times: user=0.00 sys=0.00, real=0.00 secs] 
175.534: Total time for which application threads were stopped: 0.0045870 seconds, Stopping threads took: 0.0040760 seconds
175.571: Application time: 0.0374320 seconds
175.571: [GC [PSYoungGen: 7472K->416K(8192K)] 17066K->10010K(26112K), 0.0003910 secs] [Times: user=0.00 sys=0.00, real=0.00 secs] 
175.571: Total time for which application threads were stopped: 0.0005220 seconds, Stopping threads took: 0.0000650 seconds
175.609: Application time: 0.0377520 seconds
175.609: [GC [PSYoungGen: 7584K->560K(8192K)] 17178K->10154K(26112K), 0.0004270 secs] [Times: user=0.00 sys=0.00, real=0.00 secs] 
175.610: Total time for which application threads were stopped: 0.0005320 seconds, Stopping threads took: 0.0000430 seconds
175.650: Application time: 0.0398060 seconds
175.650: [GC [PSYoungGen: 7728K->480K(8192K)] 17322K->10074K(26112K), 0.0005140 secs] [Times: user=0.00 sys=0.00, real=0.00 secs] 
175.650: Total time for which application threads were stopped: 0.0006630 seconds, Stopping threads took: 0.0000740 seconds
175.689: Application time: 0.0388990 seconds
175.689: [GC [PSYoungGen: 7648K->464K(8192K)] 17242K->10058K(26112K), 0.0004790 secs] [Times: user=0.00 sys=0.00, real=0.00 secs] 
175.690: Total time for which application threads were stopped: 0.0005850 seconds, Stopping threads took: 0.0000410 seconds
175.729: Application time: 0.0389180 seconds
175.729: [GC [PSYoungGen: 7632K->528K(8192K)] 17226K->10122K(26112K), 0.0004530 secs] [Times: user=0.00 sys=0.00, real=0.01 secs] 
175.729: Total time for which application threads were stopped: 0.0005900 seconds, Stopping threads took: 0.0000580 seconds
175.768: Application time: 0.0391410 seconds
175.768: [GC [PSYoungGen: 7696K->496K(8192K)] 17290K->10090K(26112K), 0.0004280 secs] [Times: user=0.01 sys=0.00, real=0.00 secs] 
175.769: Total time for which application threads were stopped: 0.0005430 seconds, Stopping threads took: 0.0000520 seconds
175.808: Application time: 0.0390650 seconds
175.808: [GC [PSYoungGen: 7664K->512K(8192K)] 17258K->10106K(26112K), 0.0004740 secs] [Times: user=0.00 sys=0.00, real=0.00 secs] 
175.809: Total time for which application threads were stopped: 0.0005840 seconds, Stopping threads took: 0.0000480 seconds
175.848: Application time: 0.0393130 seconds
175.848: [GC [PSYoungGen: 7680K->496K(8192K)] 17274K->10090K(26112K), 0.0004340 secs] [Times: user=0.00 sys=0.00, real=0.00 secs] 
175.848: Total time for which application threads were stopped: 0.0005470 seconds, Stopping threads took: 0.0000480 seconds
175.887: Application time: 0.0388940 seconds
175.887: [GC [PSYoungGen: 7664K->448K(8192K)] 17258K->10042K(26112K), 0.0004330 secs] [Times: user=0.00 sys=0.00, real=0.00 secs] 
175.888: Total time for which application threads were stopped: 0.0005450 seconds, Stopping threads took: 0.0000470 seconds
175.927: Application time: 0.0387520 seconds
175.927: [GC [PSYoungGen: 7616K->496K(8192K)] 17210K->10090K(26112K), 0.0004260 secs] [Times: user=0.01 sys=0.00, real=0.00 secs] 
175.927: Total time for which application threads were stopped: 0.0005270 seconds, Stopping threads took: 0.0000420 seconds
175.966: Application time: 0.0386590 seconds
175.966: [GC [PSYoungGen: 7664K->528K(8192K)] 17258K->10122K(26112K), 0.0004310 secs] [Times: user=0.01 sys=0.00, real=0.00 secs] 
175.966: Total time for which application threads were stopped: 0.0005330 seconds, Stopping threads took: 0.0000390 seconds
176.005: Application time: 0.0388210 seconds
176.005: [GC [PSYoungGen: 7696K->528K(8192K)] 17290K->10122K(26112K), 0.0004180 secs] [Times: user=0.00 sys=0.00, real=0.00 secs] 
176.006: Total time for which application threads were stopped: 0.0005330 seconds, Stopping threads took: 0.0000500 seconds
176.045: Application time: 0.0388710 seconds
176.045: [GC [PSYoungGen: 7696K->512K(8192K)] 17290K->10106K(26112K), 0.0004310 secs] [Times: user=0.00 sys=0.00, real=0.00 secs] 
176.045: Total time for which application threads were stopped: 0.0005470 seconds, Stopping threads took: 0.0000520 seconds
176.084: Application time: 0.0388710 seconds
176.084: [GC [PSYoungGen: 7680K->464K(8192K)] 17274K->10058K(26112K), 0.0004750 secs] [Times: user=0.00 sys=0.00, real=0.00 secs] 
176.085: Total time for which application threads were stopped: 0.0005880 seconds, Stopping threads took: 0.0000480 seconds
176.123: Application time: 0.0388100 seconds
176.124: [GC [PSYoungGen: 7632K->352K(8192K)] 17226K->10050K(26112K), 0.0005390 secs] [Times: user=0.00 sys=0.00, real=0.00 secs] 
176.124: Total time for which application threads were stopped: 0.0006600 seconds, Stopping threads took: 0.0000590 seconds
176.163: Application time: 0.0388880 seconds
176.163: [GC [PSYoungGen: 7520K->272K(8192K)] 17218K->10094K(26112K), 0.0004370 secs] [Times: user=0.01 sys=0.00, real=0.00 secs] 
176.163: Total time for which application threads were stopped: 0.0005380 seconds, Stopping threads took: 0.0000380 seconds
176.202: Application time: 0.0388490 seconds
176.202: [GC [PSYoungGen: 7440K->240K(8192K)] 17262K->10151K(26112K), 0.0004030 secs] [Times: user=0.00 sys=0.00, real=0.00 secs] 
176.203: Total time for which application threads were stopped: 0.0005140 seconds, Stopping threads took: 0.0000500 seconds
176.242: Application time: 0.0390410 seconds
176.242: [GC [PSYoungGen: 7408K->240K(8192K)] 17319K->10151K(26112K), 0.0003880 secs] [Times: user=0.01 sys=0.00, real=0.00 secs] 
176.242: Total time for which application threads were stopped: 0.0005090 seconds, Stopping threads took: 0.0000490 seconds
176.281: Application time: 0.0385250 seconds
176.281: [GC [PSYoungGen: 7408K->272K(8192K)] 17319K->10183K(26112K), 0.0003950 secs] [Times: user=0.00 sys=0.00, real=0.00 secs] 
176.281: Total time for which application threads were stopped: 0.0005090 seconds, Stopping threads took: 0.0000500 seconds
176.320: Application time: 0.0383480 seconds
176.320: [GC [PSYoungGen: 7440K->336K(8192K)] 17351K->10247K(26112K), 0.0004110 secs] [Times: user=0.00 sys=0.00, real=0.00 secs] 
176.320: Total time for which application threads were stopped: 0.0005260 seconds, Stopping threads took: 0.0000460 seconds
176.358: Application time: 0.0373410 seconds
176.358: [GC [PSYoungGen: 7504K->432K(8192K)] 17415K->10343K(26112K), 0.0004160 secs] [Times: user=0.00 sys=0.00, real=0.00 secs] 
176.358: Total time for which application threads were stopped: 0.0005340 seconds, Stopping threads took: 0.0000520 seconds
176.396: Application time: 0.0376970 seconds
176.396: [GC [PSYoungGen: 7600K->480K(8192K)] 17511K->10391K(26112K), 0.0004600 secs] [Times: user=0.00 sys=0.00, real=0.00 secs] 
176.396: Total time for which application threads were stopped: 0.0005800 seconds, Stopping threads took: 0.0000570 seconds
176.435: Application time: 0.0388670 seconds
176.437: [GC [PSYoungGen: 7648K->464K(8192K)] 17559K->10375K(26112K), 0.0004410 secs] [Times: user=0.00 sys=0.00, real=0.00 secs] 
176.438: Total time for which application threads were stopped: 0.0021680 seconds, Stopping threads took: 0.0016650 seconds
176.477: Application time: 0.0391070 seconds
176.477: [GC [PSYoungGen: 7632K->528K(8192K)] 17543K->10439K(26112K), 0.0004220 secs] [Times: user=0.00 sys=0.00, real=0.00 secs] 
176.477: Total time for which application threads were stopped: 0.0005410 seconds, Stopping threads took: 0.0000540 seconds
176.517: Application time: 0.0394700 seconds
176.517: [GC [PSYoungGen: 7696K->528K(8192K)] 17607K->10439K(26112K), 0.0004820 secs] [Times: user=0.01 sys=0.00, real=0.00 secs] 
176.517: Total time for which application threads were stopped: 0.0005860 seconds, Stopping threads took: 0.0000380 seconds
176.556: Application time: 0.0389140 seconds
176.556: [GC [PSYoungGen: 7696K->480K(8192K)] 17607K->10391K(26112K), 0.0004130 secs] [Times: user=0.00 sys=0.00, real=0.00 secs] 
176.557: Total time for which application threads were stopped: 0.0005260 seconds, Stopping threads took: 0.0000510 seconds
176.596: Application time: 0.0389160 seconds
176.596: [GC [PSYoungGen: 7648K->512K(8192K)] 17559K->10423K(26112K), 0.0004130 secs] [Times: user=0.00 sys=0.00, real=0.00 secs] 
176.596: Total time for which application threads were stopped: 0.0005250 seconds, Stopping threads took: 0.0000500 seconds
176.635: Application time: 0.0388800 seconds
176.635: [GC [PSYoungGen: 7680K->496K(8192K)] 17591K->10407K(26112K), 0.0004180 secs] [Times: user=0.00 sys=0.00, real=0.00 secs] 
176.636: Total time for which application threads were stopped: 0.0005290 seconds, Stopping threads took: 0.0000480 seconds
176.675: Application time: 0.0390420 seconds
176.675: [GC [PSYoungGen: 7664K->544K(8192K)] 17575K->10455K(26112K), 0.0004760 secs] [Times: user=0.00 sys=0.00, real=0.00 secs] 
176.675: Total time for which application threads were stopped: 0.0006070 seconds, Stopping threads took: 0.0000590 seconds
176.714: Application time: 0.0388390 seconds
176.714: [GC [PSYoungGen: 7712K->480K(8192K)] 17623K->10391K(26112K), 0.0004700 secs] [Times: user=0.00 sys=0.00, real=0.00 secs] 
176.715: Total time for which application threads were stopped: 0.0005850 seconds, Stopping threads took: 0.0000510 seconds
176.753: Application time: 0.0385330 seconds
176.753: [GC [PSYoungGen: 7648K->496K(8192K)] 17559K->10407K(26112K), 0.0004490 secs] [Times: user=0.00 sys=0.00, real=0.00 secs] 
176.754: Total time for which application threads were stopped: 0.0005740 seconds, Stopping threads took: 0.0000500 seconds
176.793: Application time: 0.0388070 seconds
176.793: [GC [PSYoungGen: 7664K->528K(8192K)] 17575K->10439K(26112K), 0.0004350 secs] [Times: user=0.00 sys=0.00, real=0.00 secs] 
176.793: Total time for which application threads were stopped: 0.0005530 seconds, Stopping threads took: 0.0000520 seconds
176.832: Application time: 0.0389110 seconds
176.832: [GC [PSYoungGen: 7696K->464K(8192K)] 17607K->10375K(26112K), 0.0004870 secs] [Times: user=0.01 sys=0.00, real=0.00 secs] 
176.833: Total time for which application threads were stopped: 0.0005940 seconds, Stopping threads took: 0.0000440 seconds
176.871: Application time: 0.0388770 seconds
176.872: [GC [PSYoungGen: 7632K->480K(8192K)] 17543K->10447K(26112K), 0.0004380 secs] [Times: user=0.00 sys=0.00, real=0.00 secs] 
176.872: Total time for which application threads were stopped: 0.0005480 seconds, Stopping threads took: 0.0000470 seconds
176.911: Application time: 0.0392910 seconds
176.913: [GC [PSYoungGen: 7648K->400K(8192K)] 17615K->10447K(26112K), 0.0004080 secs] [Times: user=0.00 sys=0.00, real=0.00 secs] 
176.914: Total time for which application threads were stopped: 0.0022040 seconds, Stopping threads took: 0.0017330 seconds
176.953: Application time: 0.0393380 seconds
176.953: [GC [PSYoungGen: 7568K->288K(8192K)] 17615K->10455K(26112K), 0.0004390 secs] [Times: user=0.00 sys=0.00, real=0.00 secs] 
176.953: Total time for which application threads were stopped: 0.0005490 seconds, Stopping threads took: 0.0000470 seconds
176.992: Application time: 0.0388430 seconds
176.992: [GC [PSYoungGen: 7456K->256K(8192K)] 17623K->10531K(26112K), 0.0003860 secs] [Times: user=0.00 sys=0.00, real=0.00 secs] 
176.993: Total time for which application threads were stopped: 0.0004990 seconds, Stopping threads took: 0.0000490 seconds
177.032: Application time: 0.0390110 seconds
177.032: [GC [PSYoungGen: 7424K->256K(8192K)] 17699K->10531K(26112K), 0.0003700 secs] [Times: user=0.00 sys=0.00, real=0.00 secs] 
177.032: Total time for which application threads were stopped: 0.0004920 seconds, Stopping threads took: 0.0000600 seconds
177.071: Application time: 0.0383950 seconds
177.071: [GC [PSYoungGen: 7424K->320K(8192K)] 17699K->10595K(26112K), 0.0004180 secs] [Times: user=0.00 sys=0.00, real=0.00 secs] 
177.071: Total time for which application threads were stopped: 0.0005310 seconds, Stopping threads took: 0.0000500 seconds
177.109: Application time: 0.0374250 seconds
177.113: [GC [PSYoungGen: 7488K->320K(8192K)] 17763K->10595K(26112K), 0.0004800 secs] [Times: user=0.00 sys=0.00, real=0.00 secs] 
177.114: Total time for which application threads were stopped: 0.0049970 seconds, Stopping threads took: 0.0044510 seconds
177.151: Application time: 0.0375860 seconds
177.151: [GC [PSYoungGen: 7488K->448K(8192K)] 17763K->10723K(26112K), 0.0004350 secs] [Times: user=0.00 sys=0.00, real=0.00 secs] 
177.152: Total time for which application threads were stopped: 0.0005450 seconds, Stopping threads took: 0.0000490 seconds
177.190: Application time: 0.0387370 seconds
177.191: [GC [PSYoungGen: 7616K->464K(8192K)] 17891K->10739K(26112K), 0.0004850 secs] [Times: user=0.00 sys=0.00, real=0.00 secs] 
177.191: Total time for which application threads were stopped: 0.0006060 seconds, Stopping threads took: 0.0000610 seconds
177.230: Application time: 0.0389140 seconds
177.230: [GC [PSYoungGen: 7632K->464K(8192K)] 17907K->10739K(26112K), 0.0004310 secs] [Times: user=0.00 sys=0.00, real=0.00 secs] 
177.231: Total time for which application threads were stopped: 0.0005380 seconds, Stopping threads took: 0.0000430 seconds
177.270: Application time: 0.0393420 seconds
177.270: [GC [PSYoungGen: 7632K->512K(8192K)] 17907K->10787K(26112K), 0.0004220 secs] [Times: user=0.00 sys=0.00, real=0.00 secs] 
177.270: Total time for which application threads were stopped: 0.0005380 seconds, Stopping threads took: 0.0000420 seconds
177.309: Application time: 0.0390260 seconds
177.310: [GC [PSYoungGen: 7680K->512K(8192K)] 17955K->10787K(26112K), 0.0004260 secs] [Times: user=0.00 sys=0.00, real=0.00 secs] 
177.310: Total time for which application threads were stopped: 0.0005420 seconds, Stopping threads took: 0.0000540 seconds
177.349: Application time: 0.0391980 seconds
177.349: [GC [PSYoungGen: 7680K->512K(8192K)] 17955K->10787K(26112K), 0.0004660 secs] [Times: user=0.01 sys=0.00, real=0.00 secs] 
177.350: Total time for which application threads were stopped: 0.0005910 seconds, Stopping threads took: 0.0000630 seconds
177.389: Application time: 0.0388770 seconds
177.389: [GC [PSYoungGen: 7680K->464K(8192K)] 17955K->10739K(26112K), 0.0004840 secs] [Times: user=0.01 sys=0.00, real=0.01 secs] 
177.389: Total time for which application threads were stopped: 0.0005830 seconds, Stopping threads took: 0.0000360 seconds
177.429: Application time: 0.0394310 seconds
177.429: [GC [PSYoungGen: 7632K->480K(8192K)] 17907K->10755K(26112K), 0.0004330 secs] [Times: user=0.00 sys=0.00, real=0.01 secs] 
177.429: Total time for which application threads were stopped: 0.0005400 seconds, Stopping threads took: 0.0000440 seconds
177.468: Application time: 0.0388230 seconds
177.469: [GC [PSYoungGen: 7648K->496K(8192K)] 17923K->10771K(26112K), 0.0004710 secs] [Times: user=0.01 sys=0.00, real=0.00 secs] 
177.470: Total time for which application threads were stopped: 0.0015220 seconds, Stopping threads took: 0.0009900 seconds
177.508: Application time: 0.0387540 seconds
177.508: [GC [PSYoungGen: 7664K->512K(8192K)] 17939K->10787K(26112K), 0.0004570 secs] [Times: user=0.00 sys=0.00, real=0.00 secs] 
177.509: Total time for which application threads were stopped: 0.0005860 seconds, Stopping threads took: 0.0000650 seconds
177.548: Application time: 0.0388400 seconds
177.548: [GC [PSYoungGen: 7680K->480K(8192K)] 17955K->10755K(26112K), 0.0004160 secs] [Times: user=0.00 sys=0.00, real=0.00 secs] 
177.548: Total time for which application threads were stopped: 0.0005190 seconds, Stopping threads took: 0.0000400 seconds
177.587: Application time: 0.0388190 seconds
177.587: [GC [PSYoungGen: 7648K->496K(8192K)] 17923K->10771K(26112K), 0.0004440 secs] [Times: user=0.00 sys=0.00, real=0.00 secs] 
177.588: Total time for which application threads were stopped: 0.0005500 seconds, Stopping threads took: 0.0000410 seconds
177.627: Application time: 0.0389080 seconds
177.627: [GC [PSYoungGen: 7664K->528K(8192K)] 17939K->10803K(26112K), 0.0004720 secs] [Times: user=0.00 sys=0.00, real=0.00 secs] 
177.627: Total time for which application threads were stopped: 0.0005880 seconds, Stopping threads took: 0.0000540 seconds
177.666: Application time: 0.0392890 seconds
177.667: [GC [PSYoungGen: 7696K->432K(8192K)] 17971K->10787K(26112K), 0.0004770 secs] [Times: user=0.01 sys=0.00, real=0.00 secs] 
177.667: Total time for which application threads were stopped: 0.0006010 seconds, Stopping threads took: 0.0000540 seconds
177.706: Application time: 0.0393770 seconds
177.707: [GC [PSYoungGen: 7600K->304K(8192K)] 17955K->10779K(26112K), 0.0004220 secs] [Times: user=0.00 sys=0.00, real=0.00 secs] 
177.707: Total time for which application threads were stopped: 0.0005630 seconds, Stopping threads took: 0.0000740 seconds
177.746: Application time: 0.0389490 seconds
177.746: [GC [PSYoungGen: 7472K->256K(8192K)] 17947K->10827K(26112K), 0.0004390 secs] [Times: user=0.01 sys=0.00, real=0.00 secs] 
177.746: Total time for which application threads were stopped: 0.0005540 seconds, Stopping threads took: 0.0000480 seconds
177.785: Application time: 0.0389770 seconds
177.786: [GC [PSYoungGen: 7424K->256K(8192K)] 17995K->10883K(26112K), 0.0003710 secs] [Times: user=0.00 sys=0.00, real=0.00 secs] 
177.786: Total time for which application threads were stopped: 0.0004820 seconds, Stopping threads took: 0.0000400 seconds
177.825: Application time: 0.0388580 seconds
177.825: [GC [PSYoungGen: 7424K->256K(8192K)] 18051K->10883K(26112K), 0.0003690 secs] [Times: user=0.00 sys=0.00, real=0.00 secs] 
177.825: Total time for which application threads were stopped: 0.0004800 seconds, Stopping threads took: 0.0000490 seconds
177.863: Application time: 0.0376520 seconds
177.863: [GC [PSYoungGen: 7424K->336K(8192K)] 18051K->10963K(26112K), 0.0003960 secs] [Times: user=0.00 sys=0.00, real=0.00 secs] 
177.863: Total time for which application threads were stopped: 0.0005070 seconds, Stopping threads took: 0.0000500 seconds
177.901: Application time: 0.0376260 seconds
177.901: [GC [PSYoungGen: 7504K->400K(8192K)] 18131K->11027K(26112K), 0.0004120 secs] [Times: user=0.00 sys=0.00, real=0.00 secs] 
177.902: Total time for which application threads were stopped: 0.0005300 seconds, Stopping threads took: 0.0000540 seconds
177.940: Application time: 0.0379660 seconds
177.940: [GC [PSYoungGen: 7568K->512K(8192K)] 18195K->11139K(26112K), 0.0004240 secs] [Times: user=0.00 sys=0.00, real=0.00 secs] 
177.940: Total time for which application threads were stopped: 0.0005490 seconds, Stopping threads took: 0.0000550 seconds
177.979: Application time: 0.0392340 seconds
177.979: [GC [PSYoungGen: 7680K->512K(8192K)] 18307K->11139K(26112K), 0.0005110 secs] [Times: user=0.00 sys=0.00, real=0.00 secs] 
177.980: Total time for which application threads were stopped: 0.0006190 seconds, Stopping threads took: 0.0000450 seconds
178.019: Application time: 0.0389190 seconds
178.019: [GC [PSYoungGen: 7680K->528K(8192K)] 18307K->11155K(26112K), 0.0004130 secs] [Times: user=0.00 sys=0.00, real=0.00 secs] 
178.019: Total time for which application threads were stopped: 0.0005180 seconds, Stopping threads took: 0.0000420 seconds
178.058: Application time: 0.0389010 seconds
178.061: [GC [PSYoungGen: 7696K->528K(8192K)] 18323K->11155K(26112K), 0.0005470 secs] [Times: user=0.00 sys=0.00, real=0.00 secs] 
178.062: Total time for which application threads were stopped: 0.0033230 seconds, Stopping threads took: 0.0027110 seconds
178.101: Application time: 0.0389000 seconds
178.101: [GC [PSYoungGen: 7695K->496K(8192K)] 18323K->11123K(26112K), 0.0004540 secs] [Times: user=0.00 sys=0.00, real=0.01 secs] 
178.101: Total time for which application threads were stopped: 0.0005610 seconds, Stopping threads took: 0.0000450 seconds
178.140: Application time: 0.0391080 seconds
178.140: [GC [PSYoungGen: 7664K->496K(8192K)] 18291K->11123K(26112K), 0.0004530 secs] [Times: user=0.01 sys=0.00, real=0.00 secs] 
178.141: Total time for which application threads were stopped: 0.0005630 seconds, Stopping threads took: 0.0000440 seconds
178.180: Application time: 0.0391190 seconds
178.180: [GC [PSYoungGen: 7664K->512K(8192K)] 18291K->11139K(26112K), 0.0004590 secs] [Times: user=0.00 sys=0.00, real=0.00 secs] 
178.180: Total time for which application threads were stopped: 0.0005620 seconds, Stopping threads took: 0.0000400 seconds
178.219: Application time: 0.0388890 seconds
178.219: [GC [PSYoungGen: 7680K->480K(8192K)] 18307K->11107K(26112K), 0.0004440 secs] [Times: user=0.00 sys=0.00, real=0.00 secs] 
178.220: Total time for which application threads were stopped: 0.0005530 seconds, Stopping threads took: 0.0000460 seconds
178.259: Application time: 0.0387230 seconds
178.259: [GC [PSYoungGen: 7648K->480K(8192K)] 18275K->11107K(26112K), 0.0004240 secs] [Times: user=0.00 sys=0.00, real=0.00 secs] 
178.259: Total time for which application threads were stopped: 0.0005240 seconds, Stopping threads took: 0.0000370 seconds
178.298: Application time: 0.0387430 seconds
178.298: [GC [PSYoungGen: 7648K->480K(8192K)] 18275K->11107K(26112K), 0.0004360 secs] [Times: user=0.01 sys=0.00, real=0.00 secs] 
178.298: Total time for which application threads were stopped: 0.0005680 seconds, Stopping threads took: 0.0000570 seconds
178.337: Application time: 0.0387190 seconds
178.337: [GC [PSYoungGen: 7648K->528K(8192K)] 18275K->11155K(26112K), 0.0004160 secs] [Times: user=0.00 sys=0.00, real=0.00 secs] 
178.338: Total time for which application threads were stopped: 0.0005250 seconds, Stopping threads took: 0.0000470 seconds
178.377: Application time: 0.0390880 seconds
178.377: [GC [PSYoungGen: 7696K->480K(8192K)] 18323K->11107K(26112K), 0.0004300 secs] [Times: user=0.00 sys=0.01, real=0.00 secs] 
178.377: Total time for which application threads were stopped: 0.0005450 seconds, Stopping threads took: 0.0000510 seconds
178.416: Application time: 0.0389540 seconds
178.416: [GC [PSYoungGen: 7648K->480K(8192K)] 18275K->11107K(26112K), 0.0004680 secs] [Times: user=0.00 sys=0.00, real=0.00 secs] 
178.417: Total time for which application threads were stopped: 0.0005820 seconds, Stopping threads took: 0.0000500 seconds
178.456: Application time: 0.0391990 seconds
178.456: [GC [PSYoungGen: 7648K->384K(8192K)] 18275K->11123K(26112K), 0.0004130 secs] [Times: user=0.00 sys=0.00, real=0.00 secs] 
178.457: Total time for which application threads were stopped: 0.0005170 seconds, Stopping threads took: 0.0000430 seconds
178.496: Application time: 0.0389990 seconds
178.497: [GC [PSYoungGen: 7552K->352K(8192K)] 18291K->11171K(26112K), 0.0004020 secs] [Times: user=0.00 sys=0.00, real=0.00 secs] 
178.498: Total time for which application threads were stopped: 0.0019040 seconds, Stopping threads took: 0.0014400 seconds
178.537: Application time: 0.0390580 seconds
178.537: [GC [PSYoungGen: 7520K->256K(8192K)] 18339K->11199K(26112K), 0.0003990 secs] [Times: user=0.00 sys=0.00, real=0.00 secs] 
178.537: Total time for which application threads were stopped: 0.0005300 seconds, Stopping threads took: 0.0000670 seconds
178.576: Application time: 0.0388260 seconds
178.576: [GC [PSYoungGen: 7424K->256K(8192K)] 18367K->11199K(26112K), 0.0003650 secs] [Times: user=0.00 sys=0.00, real=0.00 secs] 
178.576: Total time for which application threads were stopped: 0.0004770 seconds, Stopping threads took: 0.0000510 seconds
178.615: Application time: 0.0386670 seconds
178.615: [GC [PSYoungGen: 7424K->272K(8192K)] 18367K->11215K(26112K), 0.0004030 secs] [Times: user=0.00 sys=0.00, real=0.00 secs] 
178.616: Total time for which application threads were stopped: 0.0005150 seconds, Stopping threads took: 0.0000460 seconds
178.653: Application time: 0.0378290 seconds
178.654: [GC [PSYoungGen: 7440K->352K(8192K)] 18383K->11295K(26112K), 0.0004960 secs] [Times: user=0.00 sys=0.00, real=0.00 secs] 
178.654: Total time for which application threads were stopped: 0.0006240 seconds, Stopping threads took: 0.0000560 seconds
178.692: Application time: 0.0384290 seconds
178.693: [GC [PSYoungGen: 7520K->384K(8192K)] 18463K->11327K(26112K), 0.0004600 secs] [Times: user=0.00 sys=0.00, real=0.00 secs] 
178.693: Total time for which application threads were stopped: 0.0005780 seconds, Stopping threads took: 0.0000500 seconds
178.730: Application time: 0.0373730 seconds
178.731: [GC [PSYoungGen: 7552K->480K(8192K)] 18495K->11423K(26112K), 0.0004300 secs] [Times: user=0.00 sys=0.00, real=0.00 secs] 
178.731: Total time for which application threads were stopped: 0.0005360 seconds, Stopping threads took: 0.0000420 seconds
178.771: Application time: 0.0397160 seconds
178.771: [GC [PSYoungGen: 7648K->480K(8192K)] 18591K->11423K(26112K), 0.0004310 secs] [Times: user=0.00 sys=0.00, real=0.00 secs] 
178.771: Total time for which application threads were stopped: 0.0005370 seconds, Stopping threads took: 0.0000430 seconds
178.810: Application time: 0.0389270 seconds
178.810: [GC [PSYoungGen: 7648K->496K(8192K)] 18591K->11439K(26112K), 0.0004250 secs] [Times: user=0.00 sys=0.00, real=0.00 secs] 
178.811: Total time for which application threads were stopped: 0.0005430 seconds, Stopping threads took: 0.0000470 seconds
178.850: Application time: 0.0388150 seconds
178.850: [GC [PSYoungGen: 7664K->512K(8192K)] 18607K->11455K(26112K), 0.0004310 secs] [Times: user=0.00 sys=0.00, real=0.00 secs] 
178.850: Total time for which application threads were stopped: 0.0005550 seconds, Stopping threads took: 0.0000580 seconds
178.889: Application time: 0.0389770 seconds
178.889: [GC [PSYoungGen: 7680K->512K(8192K)] 18623K->11455K(26112K), 0.0004150 secs] [Times: user=0.00 sys=0.00, real=0.00 secs] 
178.890: Total time for which application threads were stopped: 0.0005330 seconds, Stopping threads took: 0.0000510 seconds
178.928: Application time: 0.0388250 seconds
178.928: [GC [PSYoungGen: 7680K->560K(8192K)] 18623K->11503K(26112K), 0.0004180 secs] [Times: user=0.00 sys=0.00, real=0.00 secs] 
178.929: Total time for which application threads were stopped: 0.0005290 seconds, Stopping threads took: 0.0000460 seconds
178.968: Application time: 0.0389290 seconds
178.968: [GC [PSYoungGen: 7728K->544K(8192K)] 18671K->11487K(26112K), 0.0004310 secs] [Times: user=0.00 sys=0.00, real=0.00 secs] 
178.968: Total time for which application threads were stopped: 0.0005330 seconds, Stopping threads took: 0.0000410 seconds
179.007: Application time: 0.0388560 seconds
179.007: [GC [PSYoungGen: 7712K->496K(8192K)] 18655K->11439K(26112K), 0.0004130 secs] [Times: user=0.00 sys=0.00, real=0.00 secs] 
179.008: Total time for which application threads were stopped: 0.0005380 seconds, Stopping threads took: 0.0000550 seconds
179.047: Application time: 0.0387800 seconds
179.047: [GC [PSYoungGen: 7664K->512K(8192K)] 18607K->11455K(26112K), 0.0004210 secs] [Times: user=0.00 sys=0.00, real=0.00 secs] 
179.047: Total time for which application threads were stopped: 0.0005400 seconds, Stopping threads took: 0.0000550 seconds
179.086: Application time: 0.0387310 seconds
179.086: [GC [PSYoungGen: 7680K->448K(8192K)] 18623K->11391K(26112K), 0.0004250 secs] [Times: user=0.01 sys=0.00, real=0.00 secs] 
179.086: Total time for which application threads were stopped: 0.0005480 seconds, Stopping threads took: 0.0000620 seconds
179.125: Application time: 0.0388130 seconds
179.125: [GC [PSYoungGen: 7616K->480K(8192K)] 18559K->11423K(26112K), 0.0004660 secs] [Times: user=0.00 sys=0.00, real=0.00 secs] 
179.126: Total time for which application threads were stopped: 0.0005710 seconds, Stopping threads took: 0.0000440 seconds
179.165: Application time: 0.0388820 seconds
179.165: [GC [PSYoungGen: 7648K->480K(8192K)] 18591K->11423K(26112K), 0.0004330 secs] [Times: user=0.00 sys=0.00, real=0.00 secs] 
179.165: Total time for which application threads were stopped: 0.0005430 seconds, Stopping threads took: 0.0000450 seconds
179.204: Application time: 0.0391080 seconds
179.204: [GC [PSYoungGen: 7648K->464K(8192K)] 18591K->11455K(26112K), 0.0004430 secs] [Times: user=0.00 sys=0.00, real=0.00 secs] 
179.205: Total time for which application threads were stopped: 0.0005610 seconds, Stopping threads took: 0.0000550 seconds
179.244: Application time: 0.0389550 seconds
179.244: [GC [PSYoungGen: 7632K->384K(8192K)] 18623K->11479K(26112K), 0.0004430 secs] [Times: user=0.01 sys=0.00, real=0.00 secs] 
179.244: Total time for which application threads were stopped: 0.0005570 seconds, Stopping threads took: 0.0000520 seconds
179.283: Application time: 0.0388840 seconds
179.283: [GC [PSYoungGen: 7552K->336K(8192K)] 18647K->11527K(26112K), 0.0004050 secs] [Times: user=0.00 sys=0.00, real=0.00 secs] 
179.284: Total time for which application threads were stopped: 0.0005180 seconds, Stopping threads took: 0.0000520 seconds
179.323: Application time: 0.0388370 seconds
179.323: [GC [PSYoungGen: 7504K->224K(8192K)] 18695K->11528K(26112K), 0.0004390 secs] [Times: user=0.00 sys=0.00, real=0.00 secs] 
179.323: Total time for which application threads were stopped: 0.0005640 seconds, Stopping threads took: 0.0000560 seconds
179.363: Application time: 0.0393130 seconds
179.363: [GC [PSYoungGen: 7392K->256K(8192K)] 18696K->11560K(26112K), 0.0003720 secs] [Times: user=0.00 sys=0.00, real=0.00 secs] 
179.363: Total time for which application threads were stopped: 0.0004890 seconds, Stopping threads took: 0.0000530 seconds
179.401: Application time: 0.0375570 seconds
179.401: [GC [PSYoungGen: 7424K->304K(8192K)] 18728K->11608K(26112K), 0.0004100 secs] [Times: user=0.00 sys=0.00, real=0.01 secs] 
179.401: Total time for which application threads were stopped: 0.0005290 seconds, Stopping threads took: 0.0000530 seconds
179.439: Application time: 0.0380020 seconds
179.439: [GC [PSYoungGen: 7472K->384K(8192K)] 18776K->11688K(26112K), 0.0004240 secs] [Times: user=0.00 sys=0.00, real=0.00 secs] 
179.440: Total time for which application threads were stopped: 0.0005280 seconds, Stopping threads took: 0.0000420 seconds
179.478: Application time: 0.0380950 seconds
179.478: [GC [PSYoungGen: 7552K->432K(8192K)] 18856K->11736K(26112K), 0.0004120 secs] [Times: user=0.00 sys=0.00, real=0.00 secs] 
179.478: Total time for which application threads were stopped: 0.0005450 seconds, Stopping threads took: 0.0000680 seconds
179.516: Application time: 0.0380190 seconds
179.516: [GC [PSYoungGen: 7600K->496K(8192K)] 18904K->11800K(26112K), 0.0004340 secs] [Times: user=0.01 sys=0.00, real=0.00 secs] 
179.517: Total time for which application threads were stopped: 0.0005470 seconds, Stopping threads took: 0.0000470 seconds
179.556: Application time: 0.0388470 seconds
179.556: [GC [PSYoungGen: 7664K->512K(8192K)] 18968K->11816K(26112K), 0.0005660 secs] [Times: user=0.00 sys=0.00, real=0.00 secs] 
179.556: Total time for which application threads were stopped: 0.0006840 seconds, Stopping threads took: 0.0000490 seconds
179.596: Application time: 0.0394210 seconds
179.596: [GC [PSYoungGen: 7680K->480K(8192K)] 18984K->11784K(26112K), 0.0004360 secs] [Times: user=0.01 sys=0.00, real=0.00 secs] 
179.596: Total time for which application threads were stopped: 0.0005390 seconds, Stopping threads took: 0.0000420 seconds
179.635: Application time: 0.0391010 seconds
179.636: [GC [PSYoungGen: 7648K->496K(8192K)] 18952K->11800K(26112K), 0.0004590 secs] [Times: user=0.00 sys=0.00, real=0.00 secs] 
179.636: Total time for which application threads were stopped: 0.0005660 seconds, Stopping threads took: 0.0000430 seconds
179.675: Application time: 0.0390610 seconds
179.675: [GC [PSYoungGen: 7664K->528K(8192K)] 18968K->11832K(26112K), 0.0005420 secs] [Times: user=0.00 sys=0.00, real=0.00 secs] 
179.676: Total time for which application threads were stopped: 0.0006650 seconds, Stopping threads took: 0.0000530 seconds
179.715: Application time: 0.0391410 seconds
179.715: [GC [PSYoungGen: 7696K->496K(8192K)] 19000K->11800K(26112K), 0.0004330 secs] [Times: user=0.00 sys=0.00, real=0.00 secs] 
179.715: Total time for which application threads were stopped: 0.0005510 seconds, Stopping threads took: 0.0000520 seconds
179.754: Application time: 0.0390250 seconds
179.755: [GC [PSYoungGen: 7664K->480K(8192K)] 18968K->11784K(26112K), 0.0004330 secs] [Times: user=0.00 sys=0.00, real=0.00 secs] 
179.755: Total time for which application threads were stopped: 0.0005440 seconds, Stopping threads took: 0.0000460 seconds
179.794: Application time: 0.0390200 seconds
179.794: [GC [PSYoungGen: 7648K->528K(8192K)] 18952K->11832K(26112K), 0.0004450 secs] [Times: user=0.00 sys=0.00, real=0.00 secs] 
179.795: Total time for which application threads were stopped: 0.0005500 seconds, Stopping threads took: 0.0000420 seconds
179.833: Application time: 0.0387850 seconds
179.833: [GC [PSYoungGen: 7696K->528K(8192K)] 19000K->11832K(26112K), 0.0005240 secs] [Times: user=0.00 sys=0.00, real=0.00 secs] 
179.834: Total time for which application threads were stopped: 0.0006470 seconds, Stopping threads took: 0.0000480 seconds
179.873: Application time: 0.0386790 seconds
179.873: [GC [PSYoungGen: 7696K->480K(8192K)] 19000K->11784K(26112K), 0.0004340 secs] [Times: user=0.00 sys=0.00, real=0.00 secs] 
179.873: Total time for which application threads were stopped: 0.0005440 seconds, Stopping threads took: 0.0000460 seconds
179.912: Application time: 0.0388850 seconds
179.912: [GC [PSYoungGen: 7648K->496K(8192K)] 18952K->11800K(26112K), 0.0004740 secs] [Times: user=0.00 sys=0.00, real=0.00 secs] 
179.913: Total time for which application threads were stopped: 0.0005880 seconds, Stopping threads took: 0.0000520 seconds
179.952: Application time: 0.0391400 seconds
179.952: [GC [PSYoungGen: 7664K->512K(8192K)] 18968K->11816K(26112K), 0.0005120 secs] [Times: user=0.00 sys=0.00, real=0.00 secs] 
179.952: Total time for which application threads were stopped: 0.0006210 seconds, Stopping threads took: 0.0000460 seconds
179.991: Application time: 0.0389640 seconds
179.992: [GC [PSYoungGen: 7680K->448K(8192K)] 18984K->11832K(26112K), 0.0004320 secs] [Times: user=0.00 sys=0.00, real=0.00 secs] 
179.992: Total time for which application threads were stopped: 0.0005480 seconds, Stopping threads took: 0.0000530 seconds
180.031: Application time: 0.0392200 seconds
180.031: [GC [PSYoungGen: 7616K->352K(8192K)] 19000K->11824K(26112K), 0.0004240 secs] [Times: user=0.01 sys=0.00, real=0.00 secs] 
180.032: Total time for which application threads were stopped: 0.0005330 seconds, Stopping threads took: 0.0000470 seconds
180.071: Application time: 0.0388810 seconds
180.071: [GC [PSYoungGen: 7520K->288K(8192K)] 18992K->11848K(26112K), 0.0003980 secs] [Times: user=0.00 sys=0.00, real=0.00 secs] 
180.071: Total time for which application threads were stopped: 0.0005050 seconds, Stopping threads took: 0.0000450 seconds
180.110: Application time: 0.0389800 seconds
180.110: [GC [PSYoungGen: 7456K->240K(8192K)] 19016K->11888K(26112K), 0.0004260 secs] [Times: user=0.00 sys=0.00, real=0.00 secs] 
180.111: Total time for which application threads were stopped: 0.0005390 seconds, Stopping threads took: 0.0000520 seconds
180.150: Application time: 0.0388820 seconds
180.150: [GC [PSYoungGen: 7408K->256K(8192K)] 19056K->11904K(26112K), 0.0004170 secs] [Times: user=0.01 sys=0.00, real=0.00 secs] 
180.150: Total time for which application threads were stopped: 0.0005250 seconds, Stopping threads took: 0.0000470 seconds
180.188: Application time: 0.0382470 seconds
180.188: [GC [PSYoungGen: 7424K->320K(8192K)] 19072K->11968K(26112K), 0.0003700 secs] [Times: user=0.00 sys=0.00, real=0.00 secs] 
180.189: Total time for which application threads were stopped: 0.0004820 seconds, Stopping threads took: 0.0000480 seconds
180.227: Application time: 0.0381740 seconds
180.227: [GC [PSYoungGen: 7488K->320K(8192K)] 19136K->11968K(26112K), 0.0004170 secs] [Times: user=0.00 sys=0.00, real=0.00 secs] 
180.228: Total time for which application threads were stopped: 0.0005260 seconds, Stopping threads took: 0.0000480 seconds
180.265: Application time: 0.0374200 seconds
180.265: [GC [PSYoungGen: 7488K->448K(8192K)] 19136K->12096K(26112K), 0.0004240 secs] [Times: user=0.00 sys=0.00, real=0.00 secs] 
180.265: Total time for which application threads were stopped: 0.0005430 seconds, Stopping threads took: 0.0000530 seconds
180.304: Application time: 0.0386370 seconds
180.304: [GC [PSYoungGen: 7616K->464K(8192K)] 19264K->12112K(26112K), 0.0004260 secs] [Times: user=0.00 sys=0.00, real=0.00 secs] 
180.305: Total time for which application threads were stopped: 0.0005320 seconds, Stopping threads took: 0.0000400 seconds
180.344: Application time: 0.0389260 seconds
180.344: [GC [PSYoungGen: 7632K->512K(8192K)] 19280K->12160K(26112K), 0.0004620 secs] [Times: user=0.00 sys=0.00, real=0.00 secs] 
180.344: Total time for which application threads were stopped: 0.0005880 seconds, Stopping threads took: 0.0000530 seconds
180.383: Application time: 0.0392490 seconds
180.383: [GC [PSYoungGen: 7680K->528K(8192K)] 19328K->12176K(26112K), 0.0004630 secs] [Times: user=0.00 sys=0.00, real=0.00 secs] 
180.384: Total time for which application threads were stopped: 0.0005740 seconds, Stopping threads took: 0.0000510 seconds
180.423: Application time: 0.0389700 seconds
180.423: [GC [PSYoungGen: 7696K->496K(8192K)] 19344K->12144K(26112K), 0.0004220 secs] [Times: user=0.01 sys=0.00, real=0.00 secs] 
180.423: Total time for which application threads were stopped: 0.0005390 seconds, Stopping threads took: 0.0000550 seconds
180.462: Application time: 0.0388990 seconds
180.462: [GC [PSYoungGen: 7664K->512K(8192K)] 19312K->12160K(26112K), 0.0004300 secs] [Times: user=0.00 sys=0.00, real=0.00 secs] 
180.463: Total time for which application threads were stopped: 0.0005430 seconds, Stopping threads took: 0.0000500 seconds
180.502: Application time: 0.0392600 seconds
180.502: [GC [PSYoungGen: 7680K->528K(8192K)] 19328K->12176K(26112K), 0.0004950 secs] [Times: user=0.00 sys=0.00, real=0.00 secs] 
180.503: Total time for which application threads were stopped: 0.0006100 seconds, Stopping threads took: 0.0000540 seconds
180.542: Application time: 0.0388190 seconds
180.542: [GC [PSYoungGen: 7696K->496K(8192K)] 19344K->12144K(26112K), 0.0004440 secs] [Times: user=0.00 sys=0.00, real=0.00 secs] 
180.542: Total time for which application threads were stopped: 0.0005530 seconds, Stopping threads took: 0.0000470 seconds
180.581: Application time: 0.0388500 seconds
180.581: [GC [PSYoungGen: 7664K->512K(8192K)] 19312K->12160K(26112K), 0.0004270 secs] [Times: user=0.00 sys=0.00, real=0.00 secs] 
180.582: Total time for which application threads were stopped: 0.0005400 seconds, Stopping threads took: 0.0000520 seconds
180.620: Application time: 0.0388110 seconds
180.620: [GC [PSYoungGen: 7680K->464K(8192K)] 19328K->12112K(26112K), 0.0004300 secs] [Times: user=0.00 sys=0.00, real=0.00 secs] 
180.621: Total time for which application threads were stopped: 0.0005400 seconds, Stopping threads took: 0.0000420 seconds
180.660: Application time: 0.0388960 seconds
180.660: [GC [PSYoungGen: 7632K->496K(8192K)] 19280K->12144K(26112K), 0.0004590 secs] [Times: user=0.00 sys=0.00, real=0.00 secs] 
180.660: Total time for which application threads were stopped: 0.0005910 seconds, Stopping threads took: 0.0000590 seconds
180.699: Application time: 0.0388820 seconds
180.699: [GC [PSYoungGen: 7664K->480K(8192K)] 19312K->12128K(26112K), 0.0004580 secs] [Times: user=0.00 sys=0.00, real=0.00 secs] 
180.700: Total time for which application threads were stopped: 0.0005580 seconds, Stopping threads took: 0.0000350 seconds
180.739: Application time: 0.0388700 seconds
180.739: [GC [PSYoungGen: 7648K->496K(8192K)] 19296K->12144K(26112K), 0.0005250 secs] [Times: user=0.01 sys=0.00, real=0.00 secs] 
180.739: Total time for which application threads were stopped: 0.0006370 seconds, Stopping threads took: 0.0000470 seconds
180.778: Application time: 0.0390460 seconds
180.779: [GC [PSYoungGen: 7664K->432K(8192K)] 19312K->12168K(26112K), 0.0004230 secs] [Times: user=0.00 sys=0.00, real=0.00 secs] 
180.779: Total time for which application threads were stopped: 0.0005320 seconds, Stopping threads took: 0.0000460 seconds
180.818: Application time: 0.0389490 seconds
180.818: [GC [PSYoungGen: 7600K->352K(8192K)] 19336K->12168K(26112K), 0.0004410 secs] [Times: user=0.00 sys=0.00, real=0.00 secs] 
180.818: Total time for which application threads were stopped: 0.0005510 seconds, Stopping threads took: 0.0000440 seconds
180.857: Application time: 0.0388790 seconds
180.857: [GC [PSYoungGen: 7520K->272K(8192K)] 19336K->12200K(26112K), 0.0004050 secs] [Times: user=0.00 sys=0.00, real=0.00 secs] 
180.858: Total time for which application threads were stopped: 0.0005480 seconds, Stopping threads took: 0.0000690 seconds
180.897: Application time: 0.0389500 seconds
180.897: [GC [PSYoungGen: 7440K->256K(8192K)] 19368K->12240K(26112K), 0.0003820 secs] [Times: user=0.00 sys=0.01, real=0.00 secs] 
180.897: Total time for which application threads were stopped: 0.0004960 seconds, Stopping threads took: 0.0000520 seconds
180.937: Application time: 0.0391840 seconds
180.937: [GC [PSYoungGen: 7424K->256K(8192K)] 19408K->12240K(26112K), 0.0004540 secs] [Times: user=0.01 sys=0.00, real=0.00 secs] 
180.937: Total time for which application threads were stopped: 0.0005660 seconds, Stopping threads took: 0.0000480 seconds
180.975: Application time: 0.0379670 seconds
180.975: [GC [PSYoungGen: 7424K->288K(8192K)] 19408K->12272K(26112K), 0.0003660 secs] [Times: user=0.00 sys=0.00, real=0.00 secs] 
180.976: Total time for which application threads were stopped: 0.0004670 seconds, Stopping threads took: 0.0000400 seconds
181.015: Application time: 0.0396580 seconds
181.015: [GC [PSYoungGen: 7456K->368K(8192K)] 19440K->12352K(26112K), 0.0005310 secs] [Times: user=0.00 sys=0.00, real=0.00 secs] 
181.016: Total time for which application threads were stopped: 0.0006470 seconds, Stopping threads took: 0.0000510 seconds
181.054: Application time: 0.0380130 seconds
181.054: [GC [PSYoungGen: 7536K->448K(8192K)] 19520K->12432K(26112K), 0.0004510 secs] [Times: user=0.00 sys=0.00, real=0.00 secs] 
181.054: Total time for which application threads were stopped: 0.0005600 seconds, Stopping threads took: 0.0000460 seconds
181.093: Application time: 0.0386140 seconds
181.093: [GC [PSYoungGen: 7616K->528K(8192K)] 19600K->12512K(26112K), 0.0004360 secs] [Times: user=0.00 sys=0.00, real=0.00 secs] 
181.094: Total time for which application threads were stopped: 0.0005420 seconds, Stopping threads took: 0.0000450 seconds
181.133: Application time: 0.0390880 seconds
181.133: [GC [PSYoungGen: 7696K->496K(8192K)] 19680K->12480K(26112K), 0.0004440 secs] [Times: user=0.00 sys=0.00, real=0.00 secs] 
181.133: Total time for which application threads were stopped: 0.0005570 seconds, Stopping threads took: 0.0000500 seconds
181.173: Application time: 0.0393640 seconds
181.173: [GC [PSYoungGen: 7664K->480K(8192K)] 19648K->12464K(26112K), 0.0004380 secs] [Times: user=0.00 sys=0.00, real=0.00 secs] 
181.173: Total time for which application threads were stopped: 0.0005470 seconds, Stopping threads took: 0.0000470 seconds
181.212: Application time: 0.0388530 seconds
181.212: [GC [PSYoungGen: 7648K->464K(8192K)] 19632K->12448K(26112K), 0.0004310 secs] [Times: user=0.00 sys=0.00, real=0.00 secs] 
181.213: Total time for which application threads were stopped: 0.0005460 seconds, Stopping threads took: 0.0000510 seconds
181.252: Application time: 0.0392790 seconds
181.252: [GC [PSYoungGen: 7632K->512K(8192K)] 19616K->12496K(26112K), 0.0004290 secs] [Times: user=0.00 sys=0.00, real=0.00 secs] 
181.252: Total time for which application threads were stopped: 0.0005390 seconds, Stopping threads took: 0.0000460 seconds
181.291: Application time: 0.0388850 seconds
181.291: [GC [PSYoungGen: 7680K->496K(8192K)] 19664K->12480K(26112K), 0.0004340 secs] [Times: user=0.00 sys=0.00, real=0.00 secs] 
181.292: Total time for which application threads were stopped: 0.0005420 seconds, Stopping threads took: 0.0000470 seconds
181.331: Application time: 0.0389920 seconds
181.331: [GC [PSYoungGen: 7664K->512K(8192K)] 19648K->12496K(26112K), 0.0004600 secs] [Times: user=0.00 sys=0.00, real=0.00 secs] 
181.331: Total time for which application threads were stopped: 0.0005820 seconds, Stopping threads took: 0.0000570 seconds
181.370: Application time: 0.0388040 seconds
181.370: [GC [PSYoungGen: 7680K->512K(8192K)] 19664K->12496K(26112K), 0.0004300 secs] [Times: user=0.00 sys=0.00, real=0.00 secs] 
181.371: Total time for which application threads were stopped: 0.0005490 seconds, Stopping threads took: 0.0000500 seconds
181.409: Application time: 0.0385640 seconds
181.409: [GC [PSYoungGen: 7680K->512K(8192K)] 19664K->12496K(26112K), 0.0004480 secs] [Times: user=0.00 sys=0.00, real=0.00 secs] 
181.410: Total time for which application threads were stopped: 0.0005630 seconds, Stopping threads took: 0.0000530 seconds
181.449: Application time: 0.0388610 seconds
181.449: [GC [PSYoungGen: 7680K->496K(8192K)] 19664K->12480K(26112K), 0.0004600 secs] [Times: user=0.00 sys=0.00, real=0.01 secs] 
181.449: Total time for which application threads were stopped: 0.0005780 seconds, Stopping threads took: 0.0000530 seconds
181.488: Application time: 0.0388450 seconds
181.488: [GC [PSYoungGen: 7664K->544K(8192K)] 19648K->12528K(26112K), 0.0004580 secs] [Times: user=0.00 sys=0.00, real=0.00 secs] 
181.489: Total time for which application threads were stopped: 0.0005770 seconds, Stopping threads took: 0.0000570 seconds
181.528: Application time: 0.0394930 seconds
181.528: [GC [PSYoungGen: 7712K->528K(8192K)] 19696K->12512K(26112K), 0.0004280 secs] [Times: user=0.00 sys=0.00, real=0.00 secs] 
181.529: Total time for which application threads were stopped: 0.0005410 seconds, Stopping threads took: 0.0000450 seconds
181.568: Application time: 0.0389000 seconds
181.568: [GC [PSYoungGen: 7696K->464K(8192K)] 19680K->12544K(26112K), 0.0004280 secs] [Times: user=0.01 sys=0.00, real=0.00 secs] 
181.568: Total time for which application threads were stopped: 0.0005390 seconds, Stopping threads took: 0.0000490 seconds
181.607: Application time: 0.0389950 seconds
181.607: [GC [PSYoungGen: 7632K->304K(8192K)] 19712K->12504K(26112K), 0.0004300 secs] [Times: user=0.01 sys=0.00, real=0.00 secs] 
181.608: Total time for which application threads were stopped: 0.0005450 seconds, Stopping threads took: 0.0000540 seconds
181.647: Application time: 0.0389930 seconds
181.647: [GC [PSYoungGen: 7472K->272K(8192K)] 19672K->12560K(26112K), 0.0004460 secs] [Times: user=0.01 sys=0.00, real=0.00 secs] 
181.647: Total time for which application threads were stopped: 0.0005770 seconds, Stopping threads took: 0.0000600 seconds
181.686: Application time: 0.0388540 seconds
181.686: [GC [PSYoungGen: 7440K->256K(8192K)] 19728K->12592K(26112K), 0.0004060 secs] [Times: user=0.00 sys=0.00, real=0.00 secs] 
181.687: Total time for which application threads were stopped: 0.0005310 seconds, Stopping threads took: 0.0000600 seconds
181.725: Application time: 0.0385940 seconds
181.725: [GC [PSYoungGen: 7424K->272K(8192K)] 19760K->12608K(26112K), 0.0003860 secs] [Times: user=0.01 sys=0.00, real=0.00 secs] 
181.726: Total time for which application threads were stopped: 0.0004970 seconds, Stopping threads took: 0.0000500 seconds
181.764: Application time: 0.0380860 seconds
181.764: [GC [PSYoungGen: 7440K->336K(8192K)] 19776K->12672K(26112K), 0.0003950 secs] [Times: user=0.00 sys=0.00, real=0.00 secs] 
181.764: Total time for which application threads were stopped: 0.0005060 seconds, Stopping threads took: 0.0000500 seconds
181.801: Application time: 0.0365060 seconds
181.801: [GC [PSYoungGen: 7504K->448K(8192K)] 19840K->12784K(26112K), 0.0005000 secs] [Times: user=0.01 sys=0.00, real=0.01 secs] 
181.801: Total time for which application threads were stopped: 0.0006120 seconds, Stopping threads took: 0.0000460 seconds
181.840: Application time: 0.0384670 seconds
181.840: [GC [PSYoungGen: 7616K->448K(8192K)] 19952K->12784K(26112K), 0.0004390 secs] [Times: user=0.00 sys=0.00, real=0.00 secs] 
181.841: Total time for which application threads were stopped: 0.0005480 seconds, Stopping threads took: 0.0000460 seconds
181.879: Application time: 0.0388800 seconds
181.879: [GC [PSYoungGen: 7616K->496K(8192K)] 19952K->12832K(26112K), 0.0004500 secs] [Times: user=0.00 sys=0.00, real=0.00 secs] 
181.880: Total time for which application threads were stopped: 0.0005700 seconds, Stopping threads took: 0.0000500 seconds
181.919: Application time: 0.0390370 seconds
181.919: [GC [PSYoungGen: 7664K->464K(8192K)] 20000K->12800K(26112K), 0.0004270 secs] [Times: user=0.01 sys=0.00, real=0.00 secs] 
181.920: Total time for which application threads were stopped: 0.0005450 seconds, Stopping threads took: 0.0000540 seconds
181.959: Application time: 0.0395600 seconds
181.959: [GC [PSYoungGen: 7632K->512K(8192K)] 19968K->12848K(26112K), 0.0004190 secs] [Times: user=0.00 sys=0.00, real=0.00 secs] 
181.960: Total time for which application threads were stopped: 0.0005260 seconds, Stopping threads took: 0.0000460 seconds
181.999: Application time: 0.0389300 seconds
181.999: [GC [PSYoungGen: 7680K->528K(8192K)] 20016K->12864K(26112K), 0.0004550 secs] [Times: user=0.01 sys=0.00, real=0.00 secs] 
181.999: Total time for which application threads were stopped: 0.0005560 seconds, Stopping threads took: 0.0000370 seconds
182.038: Application time: 0.0388360 seconds
182.038: [GC [PSYoungGen: 7696K->480K(8192K)] 20032K->12816K(26112K), 0.0004570 secs] [Times: user=0.00 sys=0.00, real=0.00 secs] 
182.039: Total time for which application threads were stopped: 0.0005640 seconds, Stopping threads took: 0.0000460 seconds
182.078: Application time: 0.0391150 seconds
182.078: [GC [PSYoungGen: 7648K->480K(8192K)] 19984K->12816K(26112K), 0.0004310 secs] [Times: user=0.00 sys=0.00, real=0.00 secs] 
182.078: Total time for which application threads were stopped: 0.0005390 seconds, Stopping threads took: 0.0000450 seconds
182.117: Application time: 0.0387140 seconds
182.117: [GC [PSYoungGen: 7648K->480K(8192K)] 19984K->12816K(26112K), 0.0004360 secs] [Times: user=0.00 sys=0.00, real=0.00 secs] 
182.117: Total time for which application threads were stopped: 0.0005680 seconds, Stopping threads took: 0.0000640 seconds
182.157: Application time: 0.0391920 seconds
182.157: [GC [PSYoungGen: 7648K->496K(8192K)] 19984K->12832K(26112K), 0.0004600 secs] [Times: user=0.00 sys=0.00, real=0.00 secs] 
182.157: Total time for which application threads were stopped: 0.0005690 seconds, Stopping threads took: 0.0000460 seconds
182.196: Application time: 0.0384170 seconds
182.196: [GC [PSYoungGen: 7664K->496K(8192K)] 20000K->12832K(26112K), 0.0004600 secs] [Times: user=0.00 sys=0.00, real=0.00 secs] 
182.196: Total time for which application threads were stopped: 0.0005690 seconds, Stopping threads took: 0.0000470 seconds
182.235: Application time: 0.0388640 seconds
182.235: [GC [PSYoungGen: 7664K->528K(8192K)] 20000K->12864K(26112K), 0.0004660 secs] [Times: user=0.01 sys=0.00, real=0.00 secs] 
182.236: Total time for which application threads were stopped: 0.0005860 seconds, Stopping threads took: 0.0000510 seconds
182.275: Application time: 0.0389640 seconds
182.275: [GC [PSYoungGen: 7696K->512K(8192K)] 20032K->12848K(26112K), 0.0004130 secs] [Times: user=0.00 sys=0.00, real=0.00 secs] 
182.275: Total time for which application threads were stopped: 0.0005300 seconds, Stopping threads took: 0.0000560 seconds
182.315: Application time: 0.0394480 seconds
182.315: [GC [PSYoungGen: 7680K->480K(8192K)] 20016K->12864K(26112K), 0.0004450 secs] [Times: user=0.00 sys=0.00, real=0.00 secs] 
182.315: Total time for which application threads were stopped: 0.0005450 seconds, Stopping threads took: 0.0000390 seconds
182.354: Application time: 0.0391190 seconds
182.354: [GC [PSYoungGen: 7648K->368K(8192K)] 20032K->12840K(26112K), 0.0004210 secs] [Times: user=0.00 sys=0.00, real=0.00 secs] 
182.355: Total time for which application threads were stopped: 0.0005370 seconds, Stopping threads took: 0.0000530 seconds
182.394: Application time: 0.0388640 seconds
182.394: [GC [PSYoungGen: 7536K->272K(8192K)] 20008K->12909K(26112K), 0.0004510 secs] [Times: user=0.00 sys=0.00, real=0.00 secs] 
182.394: Total time for which application threads were stopped: 0.0005620 seconds, Stopping threads took: 0.0000440 seconds
182.434: Application time: 0.0393910 seconds
182.434: [GC [PSYoungGen: 7440K->256K(8192K)] 20077K->12957K(26112K), 0.0003770 secs] [Times: user=0.00 sys=0.00, real=0.00 secs] 
182.434: Total time for which application threads were stopped: 0.0004750 seconds, Stopping threads took: 0.0000370 seconds
182.473: Application time: 0.0392140 seconds
182.473: [GC [PSYoungGen: 7424K->256K(8192K)] 20125K->12957K(26112K), 0.0004040 secs] [Times: user=0.00 sys=0.00, real=0.00 secs] 
182.474: Total time for which application threads were stopped: 0.0005150 seconds, Stopping threads took: 0.0000520 seconds
182.512: Application time: 0.0377970 seconds
182.512: [GC [PSYoungGen: 7424K->304K(8192K)] 20125K->13005K(26112K), 0.0004070 secs] [Times: user=0.00 sys=0.00, real=0.00 secs] 
182.512: Total time for which application threads were stopped: 0.0005140 seconds, Stopping threads took: 0.0000420 seconds
182.551: Application time: 0.0383940 seconds
182.551: [GC [PSYoungGen: 7472K->368K(8192K)] 20173K->13069K(26112K), 0.0004010 secs] [Times: user=0.00 sys=0.00, real=0.00 secs] 
182.551: Total time for which application threads were stopped: 0.0005100 seconds, Stopping threads took: 0.0000440 seconds
182.589: Application time: 0.0379880 seconds
182.589: [GC [PSYoungGen: 7536K->464K(8192K)] 20237K->13165K(26112K), 0.0004130 secs] [Times: user=0.00 sys=0.00, real=0.00 secs] 
182.590: Total time for which application threads were stopped: 0.0005200 seconds, Stopping threads took: 0.0000440 seconds
182.628: Application time: 0.0379620 seconds
182.628: [GC [PSYoungGen: 7632K->512K(8192K)] 20333K->13213K(26112K), 0.0004900 secs] [Times: user=0.00 sys=0.00, real=0.00 secs] 
182.628: Total time for which application threads were stopped: 0.0006060 seconds, Stopping threads took: 0.0000540 seconds
182.667: Application time: 0.0392180 seconds
182.667: [GC [PSYoungGen: 7680K->512K(8192K)] 20381K->13213K(26112K), 0.0004790 secs] [Times: user=0.00 sys=0.00, real=0.00 secs] 
182.668: Total time for which application threads were stopped: 0.0006040 seconds, Stopping threads took: 0.0000550 seconds
182.707: Application time: 0.0390290 seconds
182.707: [GC [PSYoungGen: 7680K->544K(8192K)] 20381K->13245K(26112K), 0.0004790 secs] [Times: user=0.00 sys=0.00, real=0.00 secs] 
182.708: Total time for which application threads were stopped: 0.0005970 seconds, Stopping threads took: 0.0000540 seconds
182.746: Application time: 0.0388050 seconds
182.746: [GC [PSYoungGen: 7712K->512K(8192K)] 20413K->13213K(26112K), 0.0004290 secs] [Times: user=0.01 sys=0.00, real=0.00 secs] 
182.747: Total time for which application threads were stopped: 0.0005450 seconds, Stopping threads took: 0.0000530 seconds
182.786: Application time: 0.0387830 seconds
182.786: [GC [PSYoungGen: 7680K->528K(8192K)] 20381K->13229K(26112K), 0.0004790 secs] [Times: user=0.00 sys=0.00, real=0.00 secs] 
182.786: Total time for which application threads were stopped: 0.0005950 seconds, Stopping threads took: 0.0000540 seconds
182.825: Application time: 0.0390310 seconds
182.825: [GC [PSYoungGen: 7696K->480K(8192K)] 20397K->13181K(26112K), 0.0005230 secs] [Times: user=0.00 sys=0.00, real=0.00 secs] 
182.826: Total time for which application threads were stopped: 0.0006340 seconds, Stopping threads took: 0.0000500 seconds
182.865: Application time: 0.0390060 seconds
182.865: [GC [PSYoungGen: 7648K->448K(8192K)] 20349K->13149K(26112K), 0.0004440 secs] [Times: user=0.01 sys=0.00, real=0.00 secs] 
182.866: Total time for which application threads were stopped: 0.0005490 seconds, Stopping threads took: 0.0000410 seconds
182.904: Application time: 0.0388330 seconds
182.904: [GC [PSYoungGen: 7616K->480K(8192K)] 20317K->13181K(26112K), 0.0004390 secs] [Times: user=0.00 sys=0.00, real=0.00 secs] 
182.905: Total time for which application threads were stopped: 0.0005460 seconds, Stopping threads took: 0.0000380 seconds
182.944: Application time: 0.0387100 seconds
182.944: [GC [PSYoungGen: 7648K->464K(8192K)] 20349K->13165K(26112K), 0.0004760 secs] [Times: user=0.00 sys=0.00, real=0.00 secs] 
182.944: Total time for which application threads were stopped: 0.0005870 seconds, Stopping threads took: 0.0000490 seconds
182.983: Application time: 0.0387390 seconds
182.983: [GC [PSYoungGen: 7632K->432K(8192K)] 20333K->13133K(26112K), 0.0004700 secs] [Times: user=0.00 sys=0.00, real=0.00 secs] 
182.984: Total time for which application threads were stopped: 0.0005780 seconds, Stopping threads took: 0.0000460 seconds
183.022: Application time: 0.0387760 seconds
183.022: [GC [PSYoungGen: 7600K->528K(8192K)] 20301K->13229K(26112K), 0.0004270 secs] [Times: user=0.00 sys=0.00, real=0.00 secs] 
183.023: Total time for which application threads were stopped: 0.0005360 seconds, Stopping threads took: 0.0000490 seconds
183.063: Application time: 0.0397800 seconds
183.063: [GC [PSYoungGen: 7696K->480K(8192K)] 20397K->13181K(26112K), 0.0004590 secs] [Times: user=0.00 sys=0.00, real=0.00 secs] 
183.063: Total time for which application threads were stopped: 0.0005670 seconds, Stopping threads took: 0.0000440 seconds
183.102: Application time: 0.0388500 seconds
183.102: [GC [PSYoungGen: 7648K->416K(8192K)] 20349K->13197K(26112K), 0.0004340 secs] [Times: user=0.00 sys=0.00, real=0.00 secs] 
183.103: Total time for which application threads were stopped: 0.0005460 seconds, Stopping threads took: 0.0000490 seconds
183.142: Application time: 0.0389050 seconds
183.142: [GC [PSYoungGen: 7584K->368K(8192K)] 20365K->13237K(26112K), 0.0004270 secs] [Times: user=0.00 sys=0.00, real=0.00 secs] 
183.142: Total time for which application threads were stopped: 0.0005320 seconds, Stopping threads took: 0.0000420 seconds
183.181: Application time: 0.0389120 seconds
183.181: [GC [PSYoungGen: 7536K->304K(8192K)] 20405K->13269K(26112K), 0.0003920 secs] [Times: user=0.00 sys=0.00, real=0.00 secs] 
183.181: Total time for which application threads were stopped: 0.0005140 seconds, Stopping threads took: 0.0000570 seconds
183.220: Application time: 0.0388900 seconds
183.220: [GC [PSYoungGen: 7472K->224K(8192K)] 20437K->13269K(26112K), 0.0004140 secs] [Times: user=0.00 sys=0.00, real=0.00 secs] 
183.221: Total time for which application threads were stopped: 0.0005190 seconds, Stopping threads took: 0.0000440 seconds
183.260: Application time: 0.0391100 seconds
183.260: [GC [PSYoungGen: 7392K->256K(8192K)] 20437K->13301K(26112K), 0.0003790 secs] [Times: user=0.00 sys=0.00, real=0.00 secs] 
183.260: Total time for which application threads were stopped: 0.0004910 seconds, Stopping threads took: 0.0000520 seconds
183.298: Application time: 0.0377880 seconds
183.298: [GC [PSYoungGen: 7424K->288K(8192K)] 20469K->13333K(26112K), 0.0004040 secs] [Times: user=0.00 sys=0.00, real=0.00 secs] 
183.299: Total time for which application threads were stopped: 0.0005140 seconds, Stopping threads took: 0.0000490 seconds
183.337: Application time: 0.0377690 seconds
183.337: [GC [PSYoungGen: 7456K->368K(8192K)] 20501K->13413K(26112K), 0.0004200 secs] [Times: user=0.00 sys=0.00, real=0.00 secs] 
183.337: Total time for which application threads were stopped: 0.0005210 seconds, Stopping threads took: 0.0000360 seconds
183.375: Application time: 0.0378320 seconds
183.377: [GC [PSYoungGen: 7536K->480K(8192K)] 20581K->13525K(26112K), 0.0004520 secs] [Times: user=0.00 sys=0.00, real=0.00 secs] 
183.378: Total time for which application threads were stopped: 0.0026040 seconds, Stopping threads took: 0.0020900 seconds
183.416: Application time: 0.0384610 seconds
183.416: [GC [PSYoungGen: 7648K->496K(8192K)] 20693K->13541K(26112K), 0.0004450 secs] [Times: user=0.00 sys=0.00, real=0.00 secs] 
183.417: Total time for which application threads were stopped: 0.0005710 seconds, Stopping threads took: 0.0000530 seconds
183.455: Application time: 0.0388710 seconds
183.456: [GC [PSYoungGen: 7664K->496K(8192K)] 20709K->13541K(26112K), 0.0004770 secs] [Times: user=0.00 sys=0.00, real=0.00 secs] 
183.456: Total time for which application threads were stopped: 0.0005870 seconds, Stopping threads took: 0.0000470 seconds
183.495: Application time: 0.0390720 seconds
183.495: [GC [PSYoungGen: 7664K->496K(8192K)] 20709K->13541K(26112K), 0.0004350 secs] [Times: user=0.01 sys=0.00, real=0.00 secs] 
183.496: Total time for which application threads were stopped: 0.0005550 seconds, Stopping threads took: 0.0000570 seconds
183.535: Application time: 0.0390220 seconds
183.535: [GC [PSYoungGen: 7664K->512K(8192K)] 20709K->13557K(26112K), 0.0004760 secs] [Times: user=0.00 sys=0.00, real=0.00 secs] 
183.535: Total time for which application threads were stopped: 0.0005760 seconds, Stopping threads took: 0.0000380 seconds
183.574: Application time: 0.0388670 seconds
183.574: [GC [PSYoungGen: 7680K->528K(8192K)] 20725K->13573K(26112K), 0.0004230 secs] [Times: user=0.00 sys=0.00, real=0.00 secs] 
183.575: Total time for which application threads were stopped: 0.0005420 seconds, Stopping threads took: 0.0000540 seconds
183.614: Application time: 0.0392010 seconds
183.614: [GC [PSYoungGen: 7696K->512K(8192K)] 20741K->13557K(26112K), 0.0004520 secs] [Times: user=0.00 sys=0.00, real=0.00 secs] 
183.615: Total time for which application threads were stopped: 0.0016210 seconds, Stopping threads took: 0.0000380 seconds
183.655: Application time: 0.0391230 seconds
183.655: [GC [PSYoungGen: 7680K->496K(8192K)] 20725K->13541K(26112K), 0.0004750 secs] [Times: user=0.00 sys=0.00, real=0.00 secs] 
183.655: Total time for which application threads were stopped: 0.0006220 seconds, Stopping threads took: 0.0000760 seconds
183.694: Application time: 0.0388940 seconds
183.694: [GC [PSYoungGen: 7664K->528K(8192K)] 20709K->13573K(26112K), 0.0004420 secs] [Times: user=0.00 sys=0.00, real=0.00 secs] 
183.695: Total time for which application threads were stopped: 0.0005660 seconds, Stopping threads took: 0.0000600 seconds
183.733: Application time: 0.0385430 seconds
183.733: [GC [PSYoungGen: 7696K->480K(8192K)] 20741K->13525K(26112K), 0.0004630 secs] [Times: user=0.00 sys=0.00, real=0.00 secs] 
183.734: Total time for which application threads were stopped: 0.0005750 seconds, Stopping threads took: 0.0000470 seconds
183.773: Application time: 0.0387530 seconds
183.773: [GC [PSYoungGen: 7648K->528K(8192K)] 20693K->13573K(26112K), 0.0004630 secs] [Times: user=0.01 sys=0.00, real=0.00 secs] 
183.773: Total time for which application threads were stopped: 0.0005780 seconds, Stopping threads took: 0.0000510 seconds
183.812: Application time: 0.0389100 seconds
183.812: [GC [PSYoungGen: 7696K->560K(8192K)] 20741K->13605K(26112K), 0.0004120 secs] [Times: user=0.00 sys=0.00, real=0.00 secs] 
183.813: Total time for which application threads were stopped: 0.0005280 seconds, Stopping threads took: 0.0000530 seconds
183.852: Application time: 0.0389290 seconds
183.852: [GC [PSYoungGen: 7728K->512K(8192K)] 20773K->13557K(26112K), 0.0004560 secs] [Times: user=0.00 sys=0.00, real=0.00 secs] 
183.852: Total time for which application threads were stopped: 0.0005730 seconds, Stopping threads took: 0.0000460 seconds
183.891: Application time: 0.0388950 seconds
183.891: [GC [PSYoungGen: 7680K->416K(8192K)] 20725K->13541K(26112K), 0.0004340 secs] [Times: user=0.01 sys=0.00, real=0.00 secs] 
183.892: Total time for which application threads were stopped: 0.0005420 seconds, Stopping threads took: 0.0000470 seconds
183.931: Application time: 0.0393630 seconds
183.931: [GC [PSYoungGen: 7584K->320K(8192K)] 20709K->13565K(26112K), 0.0004260 secs] [Times: user=0.00 sys=0.00, real=0.00 secs] 
183.931: Total time for which application threads were stopped: 0.0005390 seconds, Stopping threads took: 0.0000410 seconds
183.971: Application time: 0.0391620 seconds
183.971: [GC [PSYoungGen: 7488K->272K(8192K)] 20733K->13605K(26112K), 0.0003790 secs] [Times: user=0.00 sys=0.00, real=0.00 secs] 
183.971: Total time for which application threads were stopped: 0.0004940 seconds, Stopping threads took: 0.0000520 seconds
184.010: Application time: 0.0388850 seconds
184.010: [GC [PSYoungGen: 7440K->240K(8192K)] 20773K->13629K(26112K), 0.0004070 secs] [Times: user=0.00 sys=0.00, real=0.00 secs] 
184.011: Total time for which application threads were stopped: 0.0005130 seconds, Stopping threads took: 0.0000450 seconds
184.049: Application time: 0.0389180 seconds
184.050: [GC [PSYoungGen: 7408K->256K(8192K)] 20797K->13645K(26112K), 0.0003720 secs] [Times: user=0.01 sys=0.00, real=0.00 secs] 
184.050: Total time for which application threads were stopped: 0.0004860 seconds, Stopping threads took: 0.0000520 seconds
184.088: Application time: 0.0380330 seconds
184.088: [GC [PSYoungGen: 7424K->256K(8192K)] 20813K->13645K(26112K), 0.0004120 secs] [Times: user=0.00 sys=0.00, real=0.00 secs] 
184.088: Total time for which application threads were stopped: 0.0005220 seconds, Stopping threads took: 0.0000500 seconds
184.126: Application time: 0.0378600 seconds
184.126: [GC [PSYoungGen: 7424K->400K(8192K)] 20813K->13789K(26112K), 0.0004770 secs] [Times: user=0.00 sys=0.00, real=0.00 secs] 
184.127: Total time for which application threads were stopped: 0.0005920 seconds, Stopping threads took: 0.0000530 seconds
184.164: Application time: 0.0373070 seconds
184.164: [GC [PSYoungGen: 7568K->496K(8192K)] 20957K->13885K(26112K), 0.0004870 secs] [Times: user=0.00 sys=0.00, real=0.00 secs] 
184.165: Total time for which application threads were stopped: 0.0005930 seconds, Stopping threads took: 0.0000430 seconds
184.204: Application time: 0.0389680 seconds
184.204: [GC [PSYoungGen: 7664K->496K(8192K)] 21053K->13885K(26112K), 0.0004310 secs] [Times: user=0.00 sys=0.00, real=0.00 secs] 
184.204: Total time for which application threads were stopped: 0.0005430 seconds, Stopping threads took: 0.0000500 seconds
184.243: Application time: 0.0388610 seconds
184.243: [GC [PSYoungGen: 7664K->528K(8192K)] 21053K->13917K(26112K), 0.0004710 secs] [Times: user=0.00 sys=0.00, real=0.00 secs] 
184.244: Total time for which application threads were stopped: 0.0005840 seconds, Stopping threads took: 0.0000520 seconds
184.283: Application time: 0.0392670 seconds
184.283: [GC [PSYoungGen: 7696K->512K(8192K)] 21085K->13901K(26112K), 0.0004260 secs] [Times: user=0.00 sys=0.00, real=0.00 secs] 
184.284: Total time for which application threads were stopped: 0.0005380 seconds, Stopping threads took: 0.0000520 seconds
184.323: Application time: 0.0391130 seconds
184.323: [GC [PSYoungGen: 7680K->512K(8192K)] 21069K->13901K(26112K), 0.0004190 secs] [Times: user=0.00 sys=0.00, real=0.00 secs] 
184.323: Total time for which application threads were stopped: 0.0005260 seconds, Stopping threads took: 0.0000450 seconds
184.365: Application time: 0.0415000 seconds
184.365: [GC [PSYoungGen: 7680K->528K(8192K)] 21069K->13917K(26112K), 0.0004540 secs] [Times: user=0.00 sys=0.00, real=0.00 secs] 
184.365: Total time for which application threads were stopped: 0.0005750 seconds, Stopping threads took: 0.0000540 seconds
184.404: Application time: 0.0389120 seconds
184.404: [GC [PSYoungGen: 7696K->496K(8192K)] 21085K->13885K(26112K), 0.0004290 secs] [Times: user=0.01 sys=0.00, real=0.00 secs] 
184.405: Total time for which application threads were stopped: 0.0005560 seconds, Stopping threads took: 0.0000650 seconds
184.444: Application time: 0.0392670 seconds
184.444: [GC [PSYoungGen: 7664K->464K(8192K)] 21053K->13853K(26112K), 0.0004240 secs] [Times: user=0.00 sys=0.00, real=0.00 secs] 
184.445: Total time for which application threads were stopped: 0.0005450 seconds, Stopping threads took: 0.0000500 seconds
184.483: Application time: 0.0388280 seconds
184.484: [GC [PSYoungGen: 7632K->464K(8192K)] 21021K->13853K(26112K), 0.0004280 secs] [Times: user=0.00 sys=0.00, real=0.00 secs] 
184.484: Total time for which application threads were stopped: 0.0005430 seconds, Stopping threads took: 0.0000520 seconds
184.523: Application time: 0.0390970 seconds
184.523: [GC [PSYoungGen: 7632K->480K(8192K)] 21021K->13869K(26112K), 0.0004660 secs] [Times: user=0.01 sys=0.00, real=0.00 secs] 
184.524: Total time for which application threads were stopped: 0.0005930 seconds, Stopping threads took: 0.0000600 seconds
184.562: Application time: 0.0385340 seconds
184.562: [GC [PSYoungGen: 7648K->512K(8192K)] 21037K->13901K(26112K), 0.0004320 secs] [Times: user=0.01 sys=0.00, real=0.00 secs] 
184.563: Total time for which application threads were stopped: 0.0005470 seconds, Stopping threads took: 0.0000520 seconds
184.602: Application time: 0.0387970 seconds
184.602: [GC [PSYoungGen: 7680K->496K(8192K)] 21069K->13885K(26112K), 0.0004170 secs] [Times: user=0.00 sys=0.00, real=0.00 secs] 
184.602: Total time for which application threads were stopped: 0.0005360 seconds, Stopping threads took: 0.0000570 seconds
184.641: Application time: 0.0392620 seconds
184.641: [GC [PSYoungGen: 7664K->512K(8192K)] 21053K->13901K(26112K), 0.0005090 secs] [Times: user=0.00 sys=0.00, real=0.00 secs] 
184.642: Total time for which application threads were stopped: 0.0006340 seconds, Stopping threads took: 0.0000490 seconds
184.681: Application time: 0.0392270 seconds
184.681: [GC [PSYoungGen: 7680K->432K(8192K)] 21069K->13901K(26112K), 0.0005390 secs] [Times: user=0.00 sys=0.00, real=0.00 secs] 
184.682: Total time for which application threads were stopped: 0.0006690 seconds, Stopping threads took: 0.0000650 seconds
184.721: Application time: 0.0388630 seconds
184.721: [GC [PSYoungGen: 7600K->320K(8192K)] 21069K->13917K(26112K), 0.0004350 secs] [Times: user=0.00 sys=0.00, real=0.01 secs] 
184.721: Total time for which application threads were stopped: 0.0005520 seconds, Stopping threads took: 0.0000530 seconds
184.760: Application time: 0.0388870 seconds
184.760: [GC [PSYoungGen: 7488K->256K(8192K)] 21085K->13981K(26112K), 0.0003930 secs] [Times: user=0.00 sys=0.00, real=0.00 secs] 
184.761: Total time for which application threads were stopped: 0.0004990 seconds, Stopping threads took: 0.0000450 seconds
184.800: Application time: 0.0391030 seconds
184.800: [GC [PSYoungGen: 7424K->256K(8192K)] 21149K->13981K(26112K), 0.0003940 secs] [Times: user=0.00 sys=0.00, real=0.00 secs] 
184.800: Total time for which application threads were stopped: 0.0004980 seconds, Stopping threads took: 0.0000420 seconds
184.839: Application time: 0.0383320 seconds
184.839: [GC [PSYoungGen: 7424K->272K(8192K)] 21149K->13997K(26112K), 0.0004150 secs] [Times: user=0.00 sys=0.00, real=0.00 secs] 
184.839: Total time for which application threads were stopped: 0.0005260 seconds, Stopping threads took: 0.0000510 seconds
184.877: Application time: 0.0383180 seconds
184.878: [GC [PSYoungGen: 7440K->352K(8192K)] 21165K->14077K(26112K), 0.0003910 secs] [Times: user=0.00 sys=0.00, real=0.00 secs] 
184.878: Total time for which application threads were stopped: 0.0005100 seconds, Stopping threads took: 0.0000520 seconds
184.916: Application time: 0.0376810 seconds
184.916: [GC [PSYoungGen: 7520K->432K(8192K)] 21245K->14157K(26112K), 0.0004700 secs] [Times: user=0.00 sys=0.00, real=0.00 secs] 
184.916: Total time for which application threads were stopped: 0.0005730 seconds, Stopping threads took: 0.0000420 seconds
184.954: Application time: 0.0379020 seconds
184.957: [GC [PSYoungGen: 7600K->464K(8192K)] 21325K->14189K(26112K), 0.0004360 secs] [Times: user=0.01 sys=0.00, real=0.00 secs] 
184.958: Total time for which application threads were stopped: 0.0033900 seconds, Stopping threads took: 0.0028830 seconds
184.997: Application time: 0.0391140 seconds
184.997: [GC [PSYoungGen: 7632K->464K(8192K)] 21357K->14189K(26112K), 0.0004780 secs] [Times: user=0.00 sys=0.00, real=0.00 secs] 
184.997: Total time for which application threads were stopped: 0.0006070 seconds, Stopping threads took: 0.0000670 seconds
185.036: Application time: 0.0391300 seconds
185.036: [GC [PSYoungGen: 7632K->464K(8192K)] 21357K->14189K(26112K), 0.0004310 secs] [Times: user=0.00 sys=0.00, real=0.00 secs] 
185.037: Total time for which application threads were stopped: 0.0005480 seconds, Stopping threads took: 0.0000540 seconds
185.076: Application time: 0.0390250 seconds
185.076: [GC [PSYoungGen: 7632K->448K(8192K)] 21357K->14173K(26112K), 0.0005370 secs] [Times: user=0.00 sys=0.00, real=0.00 secs] 
185.077: Total time for which application threads were stopped: 0.0006530 seconds, Stopping threads took: 0.0000510 seconds
185.116: Application time: 0.0395500 seconds
185.116: [GC [PSYoungGen: 7616K->496K(8192K)] 21341K->14221K(26112K), 0.0004320 secs] [Times: user=0.00 sys=0.00, real=0.00 secs] 
185.117: Total time for which application threads were stopped: 0.0005420 seconds, Stopping threads took: 0.0000470 seconds
185.156: Application time: 0.0389290 seconds
185.157: [GC [PSYoungGen: 7664K->544K(8192K)] 21389K->14269K(26112K), 0.0005560 secs] [Times: user=0.01 sys=0.00, real=0.00 secs] 
185.158: Total time for which application threads were stopped: 0.0019970 seconds, Stopping threads took: 0.0013810 seconds
185.197: Application time: 0.0389080 seconds
185.197: [GC [PSYoungGen: 7712K->496K(8192K)] 21437K->14221K(26112K), 0.0004290 secs] [Times: user=0.00 sys=0.00, real=0.00 secs] 
185.197: Total time for which application threads were stopped: 0.0005340 seconds, Stopping threads took: 0.0000370 seconds
185.236: Application time: 0.0388420 seconds
185.236: [GC [PSYoungGen: 7664K->448K(8192K)] 21389K->14173K(26112K), 0.0004140 secs] [Times: user=0.00 sys=0.00, real=0.00 secs] 
185.236: Total time for which application threads were stopped: 0.0005190 seconds, Stopping threads took: 0.0000430 seconds
185.275: Application time: 0.0389190 seconds
185.275: [GC [PSYoungGen: 7616K->480K(8192K)] 21341K->14205K(26112K), 0.0004430 secs] [Times: user=0.00 sys=0.00, real=0.00 secs] 
185.276: Total time for which application threads were stopped: 0.0005660 seconds, Stopping threads took: 0.0000590 seconds
185.315: Application time: 0.0388780 seconds
185.317: [GC [PSYoungGen: 7648K->480K(8192K)] 21373K->14205K(26112K), 0.0004540 secs] [Times: user=0.00 sys=0.00, real=0.00 secs] 
185.318: Total time for which application threads were stopped: 0.0027230 seconds, Stopping threads took: 0.0022050 seconds
185.356: Application time: 0.0388840 seconds
185.357: [GC [PSYoungGen: 7648K->528K(8192K)] 21373K->14253K(26112K), 0.0004910 secs] [Times: user=0.00 sys=0.00, real=0.00 secs] 
185.357: Total time for which application threads were stopped: 0.0006120 seconds, Stopping threads took: 0.0000540 seconds
185.396: Application time: 0.0393350 seconds
185.396: [GC [PSYoungGen: 7696K->512K(8192K)] 21421K->14237K(26112K), 0.0004320 secs] [Times: user=0.00 sys=0.00, real=0.00 secs] 
185.397: Total time for which application threads were stopped: 0.0005390 seconds, Stopping threads took: 0.0000480 seconds
185.436: Application time: 0.0388980 seconds
185.437: [GC [PSYoungGen: 7680K->464K(8192K)] 21405K->14245K(26112K), 0.0004570 secs] [Times: user=0.00 sys=0.00, real=0.00 secs] 
185.438: Total time for which application threads were stopped: 0.0017300 seconds, Stopping threads took: 0.0012100 seconds
185.477: Application time: 0.0390040 seconds
185.477: [GC [PSYoungGen: 7632K->384K(8192K)] 21413K->14245K(26112K), 0.0004660 secs] [Times: user=0.01 sys=0.00, real=0.00 secs] 
185.477: Total time for which application threads were stopped: 0.0006060 seconds, Stopping threads took: 0.0000590 seconds
185.516: Application time: 0.0387490 seconds
185.516: [GC [PSYoungGen: 7552K->304K(8192K)] 21413K->14294K(26112K), 0.0004290 secs] [Times: user=0.00 sys=0.00, real=0.00 secs] 
185.516: Total time for which application threads were stopped: 0.0005330 seconds, Stopping threads took: 0.0000420 seconds
185.555: Application time: 0.0389880 seconds
185.556: [GC [PSYoungGen: 7472K->256K(8192K)] 21462K->14334K(26112K), 0.0003870 secs] [Times: user=0.00 sys=0.00, real=0.00 secs] 
185.556: Total time for which application threads were stopped: 0.0004930 seconds, Stopping threads took: 0.0000450 seconds
185.595: Application time: 0.0392800 seconds
185.595: [GC [PSYoungGen: 7424K->256K(8192K)] 21502K->14334K(26112K), 0.0003700 secs] [Times: user=0.00 sys=0.00, real=0.00 secs] 
185.596: Total time for which application threads were stopped: 0.0004880 seconds, Stopping threads took: 0.0000570 seconds
185.634: Application time: 0.0378430 seconds
185.634: [GC [PSYoungGen: 7424K->288K(8192K)] 21502K->14366K(26112K), 0.0004200 secs] [Times: user=0.00 sys=0.00, real=0.00 secs] 
185.634: Total time for which application threads were stopped: 0.0005310 seconds, Stopping threads took: 0.0000490 seconds
185.672: Application time: 0.0382440 seconds
185.672: [GC [PSYoungGen: 7456K->352K(8192K)] 21534K->14430K(26112K), 0.0004610 secs] [Times: user=0.00 sys=0.00, real=0.00 secs] 
185.673: Total time for which application threads were stopped: 0.0005780 seconds, Stopping threads took: 0.0000460 seconds
185.710: Application time: 0.0374110 seconds
185.710: [GC [PSYoungGen: 7520K->496K(8192K)] 21598K->14574K(26112K), 0.0004440 secs] [Times: user=0.01 sys=0.00, real=0.00 secs] 
185.711: Total time for which application threads were stopped: 0.0005550 seconds, Stopping threads took: 0.0000440 seconds
185.749: Application time: 0.0385630 seconds
185.750: [GC [PSYoungGen: 7664K->512K(8192K)] 21742K->14590K(26112K), 0.0004380 secs] [Times: user=0.00 sys=0.00, real=0.00 secs] 
185.750: Total time for which application threads were stopped: 0.0005530 seconds, Stopping threads took: 0.0000490 seconds
185.789: Application time: 0.0391470 seconds
185.789: [GC [PSYoungGen: 7680K->496K(8192K)] 21758K->14574K(26112K), 0.0004410 secs] [Times: user=0.01 sys=0.00, real=0.00 secs] 
185.790: Total time for which application threads were stopped: 0.0005530 seconds, Stopping threads took: 0.0000470 seconds
185.829: Application time: 0.0388460 seconds
185.829: [GC [PSYoungGen: 7664K->480K(8192K)] 21742K->14558K(26112K), 0.0005410 secs] [Times: user=0.00 sys=0.00, real=0.01 secs] 
185.829: Total time for which application threads were stopped: 0.0006410 seconds, Stopping threads took: 0.0000370 seconds
185.868: Application time: 0.0388890 seconds
185.868: [GC [PSYoungGen: 7648K->528K(8192K)] 21726K->14606K(26112K), 0.0004330 secs] [Times: user=0.00 sys=0.00, real=0.00 secs] 
185.869: Total time for which application threads were stopped: 0.0005440 seconds, Stopping threads took: 0.0000450 seconds
185.908: Application time: 0.0393770 seconds
185.908: [GC [PSYoungGen: 7696K->544K(8192K)] 21774K->14622K(26112K), 0.0004450 secs] [Times: user=0.00 sys=0.00, real=0.00 secs] 
185.909: Total time for which application threads were stopped: 0.0005620 seconds, Stopping threads took: 0.0000560 seconds
185.948: Application time: 0.0392920 seconds
185.948: [GC [PSYoungGen: 7712K->512K(8192K)] 21790K->14590K(26112K), 0.0004300 secs] [Times: user=0.01 sys=0.00, real=0.00 secs] 
185.948: Total time for which application threads were stopped: 0.0005410 seconds, Stopping threads took: 0.0000490 seconds
185.987: Application time: 0.0388310 seconds
185.987: [GC [PSYoungGen: 7680K->528K(8192K)] 21758K->14606K(26112K), 0.0004590 secs] [Times: user=0.00 sys=0.00, real=0.00 secs] 
185.988: Total time for which application threads were stopped: 0.0005750 seconds, Stopping threads took: 0.0000460 seconds
186.027: Application time: 0.0388530 seconds
186.027: [GC [PSYoungGen: 7696K->512K(8192K)] 21774K->14590K(26112K), 0.0004380 secs] [Times: user=0.00 sys=0.00, real=0.00 secs] 
186.027: Total time for which application threads were stopped: 0.0005470 seconds, Stopping threads took: 0.0000480 seconds
186.066: Application time: 0.0391050 seconds
186.066: [GC [PSYoungGen: 7680K->512K(8192K)] 21758K->14590K(26112K), 0.0004630 secs] [Times: user=0.00 sys=0.00, real=0.00 secs] 
186.067: Total time for which application threads were stopped: 0.0005690 seconds, Stopping threads took: 0.0000410 seconds
186.106: Application time: 0.0386770 seconds
186.106: [GC [PSYoungGen: 7680K->528K(8192K)] 21758K->14606K(26112K), 0.0004260 secs] [Times: user=0.00 sys=0.00, real=0.00 secs] 
186.106: Total time for which application threads were stopped: 0.0005390 seconds, Stopping threads took: 0.0000480 seconds
186.145: Application time: 0.0387500 seconds
186.145: [GC [PSYoungGen: 7696K->496K(8192K)] 21774K->14574K(26112K), 0.0004300 secs] [Times: user=0.00 sys=0.00, real=0.00 secs] 
186.145: Total time for which application threads were stopped: 0.0005450 seconds, Stopping threads took: 0.0000520 seconds
186.184: Application time: 0.0390740 seconds
186.185: [GC [PSYoungGen: 7664K->512K(8192K)] 21742K->14590K(26112K), 0.0004640 secs] [Times: user=0.01 sys=0.00, real=0.00 secs] 
186.185: Total time for which application threads were stopped: 0.0005740 seconds, Stopping threads took: 0.0000440 seconds
186.224: Application time: 0.0390700 seconds
186.224: [GC [PSYoungGen: 7680K->368K(8192K)] 21758K->14534K(26112K), 0.0004680 secs] [Times: user=0.01 sys=0.00, real=0.00 secs] 
186.225: Total time for which application threads were stopped: 0.0005750 seconds, Stopping threads took: 0.0000450 seconds
186.264: Application time: 0.0388860 seconds
186.264: [GC [PSYoungGen: 7536K->368K(8192K)] 21702K->14614K(26112K), 0.0004070 secs] [Times: user=0.00 sys=0.00, real=0.00 secs] 
186.264: Total time for which application threads were stopped: 0.0005100 seconds, Stopping threads took: 0.0000390 seconds
186.303: Application time: 0.0392100 seconds
186.303: [GC [PSYoungGen: 7536K->272K(8192K)] 21782K->14646K(26112K), 0.0004080 secs] [Times: user=0.00 sys=0.00, real=0.00 secs] 
186.304: Total time for which application threads were stopped: 0.0005140 seconds, Stopping threads took: 0.0000420 seconds
186.343: Application time: 0.0389510 seconds
186.343: [GC [PSYoungGen: 7440K->256K(8192K)] 21814K->14678K(26112K), 0.0004060 secs] [Times: user=0.01 sys=0.00, real=0.00 secs] 
186.343: Total time for which application threads were stopped: 0.0005030 seconds, Stopping threads took: 0.0000350 seconds
186.382: Application time: 0.0388710 seconds
186.382: [GC [PSYoungGen: 7424K->256K(8192K)] 21846K->14678K(26112K), 0.0003840 secs] [Times: user=0.00 sys=0.00, real=0.00 secs] 
186.383: Total time for which application threads were stopped: 0.0004870 seconds, Stopping threads took: 0.0000430 seconds
186.420: Application time: 0.0377600 seconds
186.420: [GC [PSYoungGen: 7424K->304K(8192K)] 21846K->14726K(26112K), 0.0004570 secs] [Times: user=0.00 sys=0.00, real=0.00 secs] 
186.421: Total time for which application threads were stopped: 0.0005590 seconds, Stopping threads took: 0.0000400 seconds
186.458: Application time: 0.0374330 seconds
186.458: [GC [PSYoungGen: 7472K->352K(8192K)] 21894K->14774K(26112K), 0.0004310 secs] [Times: user=0.00 sys=0.00, real=0.00 secs] 
186.459: Total time for which application threads were stopped: 0.0005390 seconds, Stopping threads took: 0.0000450 seconds
186.497: Application time: 0.0381940 seconds
186.497: [GC [PSYoungGen: 7520K->448K(8192K)] 21942K->14870K(26112K), 0.0004450 secs] [Times: user=0.00 sys=0.00, real=0.00 secs] 
186.498: Total time for which application threads were stopped: 0.0005640 seconds, Stopping threads took: 0.0000440 seconds
186.536: Application time: 0.0384550 seconds
186.536: [GC [PSYoungGen: 7616K->512K(8192K)] 22038K->14934K(26112K), 0.0004660 secs] [Times: user=0.00 sys=0.00, real=0.00 secs] 
186.537: Total time for which application threads were stopped: 0.0005780 seconds, Stopping threads took: 0.0000490 seconds
186.576: Application time: 0.0390140 seconds
186.576: [GC [PSYoungGen: 7680K->512K(8192K)] 22102K->14934K(26112K), 0.0004520 secs] [Times: user=0.00 sys=0.00, real=0.00 secs] 
186.576: Total time for which application threads were stopped: 0.0005600 seconds, Stopping threads took: 0.0000460 seconds
186.615: Application time: 0.0389830 seconds
186.615: [GC [PSYoungGen: 7680K->448K(8192K)] 22102K->14870K(26112K), 0.0004380 secs] [Times: user=0.00 sys=0.00, real=0.00 secs] 
186.616: Total time for which application threads were stopped: 0.0005510 seconds, Stopping threads took: 0.0000500 seconds
186.655: Application time: 0.0392620 seconds
186.655: [GC [PSYoungGen: 7616K->544K(8192K)] 22038K->14966K(26112K), 0.0004870 secs] [Times: user=0.01 sys=0.00, real=0.00 secs] 
186.656: Total time for which application threads were stopped: 0.0006300 seconds, Stopping threads took: 0.0000720 seconds
186.695: Application time: 0.0389950 seconds
186.695: [GC [PSYoungGen: 7712K->528K(8192K)] 22134K->14950K(26112K), 0.0004300 secs] [Times: user=0.00 sys=0.00, real=0.00 secs] 
186.695: Total time for which application threads were stopped: 0.0005360 seconds, Stopping threads took: 0.0000430 seconds
186.734: Application time: 0.0391050 seconds
186.734: [GC [PSYoungGen: 7696K->464K(8192K)] 22118K->14886K(26112K), 0.0004780 secs] [Times: user=0.00 sys=0.00, real=0.00 secs] 
186.735: Total time for which application threads were stopped: 0.0005950 seconds, Stopping threads took: 0.0000530 seconds
186.774: Application time: 0.0390220 seconds
186.774: [GC [PSYoungGen: 7632K->512K(8192K)] 22054K->14934K(26112K), 0.0005730 secs] [Times: user=0.00 sys=0.00, real=0.00 secs] 
186.775: Total time for which application threads were stopped: 0.0006950 seconds, Stopping threads took: 0.0000570 seconds
186.814: Application time: 0.0388220 seconds
186.814: [GC [PSYoungGen: 7680K->528K(8192K)] 22102K->14950K(26112K), 0.0004420 secs] [Times: user=0.00 sys=0.00, real=0.00 secs] 
186.814: Total time for which application threads were stopped: 0.0005500 seconds, Stopping threads took: 0.0000460 seconds
186.853: Application time: 0.0388010 seconds
186.853: [GC [PSYoungGen: 7696K->464K(8192K)] 22118K->14886K(26112K), 0.0004800 secs] [Times: user=0.00 sys=0.00, real=0.00 secs] 
186.853: Total time for which application threads were stopped: 0.0005910 seconds, Stopping threads took: 0.0000480 seconds
186.892: Application time: 0.0387380 seconds
186.892: [GC [PSYoungGen: 7632K->528K(8192K)] 22054K->14950K(26112K), 0.0004200 secs] [Times: user=0.00 sys=0.00, real=0.00 secs] 
186.893: Total time for which application threads were stopped: 0.0005390 seconds, Stopping threads took: 0.0000540 seconds
186.932: Application time: 0.0389940 seconds
186.932: [GC [PSYoungGen: 7696K->528K(8192K)] 22118K->14950K(26112K), 0.0004770 secs] [Times: user=0.00 sys=0.00, real=0.00 secs] 
186.932: Total time for which application threads were stopped: 0.0005890 seconds, Stopping threads took: 0.0000490 seconds
186.971: Application time: 0.0388530 seconds
186.971: [GC [PSYoungGen: 7696K->528K(8192K)] 22118K->14950K(26112K), 0.0004280 secs] [Times: user=0.00 sys=0.00, real=0.00 secs] 
186.972: Total time for which application threads were stopped: 0.0005450 seconds, Stopping threads took: 0.0000530 seconds
187.011: Application time: 0.0391030 seconds
187.011: [GC [PSYoungGen: 7696K->448K(8192K)] 22118K->14950K(26112K), 0.0004300 secs] [Times: user=0.00 sys=0.00, real=0.00 secs] 
187.011: Total time for which application threads were stopped: 0.0005500 seconds, Stopping threads took: 0.0000500 seconds
187.050: Application time: 0.0388640 seconds
187.050: [GC [PSYoungGen: 7616K->352K(8192K)] 22118K->14966K(26112K), 0.0004320 secs] [Times: user=0.00 sys=0.00, real=0.00 secs] 
187.051: Total time for which application threads were stopped: 0.0005490 seconds, Stopping threads took: 0.0000560 seconds
187.090: Application time: 0.0390060 seconds
187.090: [GC [PSYoungGen: 7520K->288K(8192K)] 22134K->14982K(26112K), 0.0003920 secs] [Times: user=0.00 sys=0.00, real=0.00 secs] 
187.090: Total time for which application threads were stopped: 0.0005120 seconds, Stopping threads took: 0.0000510 seconds
187.129: Application time: 0.0389660 seconds
187.129: [GC [PSYoungGen: 7456K->256K(8192K)] 22150K->14998K(26112K), 0.0003700 secs] [Times: user=0.00 sys=0.00, real=0.00 secs] 
187.130: Total time for which application threads were stopped: 0.0004770 seconds, Stopping threads took: 0.0000460 seconds
187.169: Application time: 0.0392070 seconds
187.169: [GC [PSYoungGen: 7424K->256K(8192K)] 22166K->14998K(26112K), 0.0003830 secs] [Times: user=0.00 sys=0.00, real=0.00 secs] 
187.169: Total time for which application threads were stopped: 0.0004950 seconds, Stopping threads took: 0.0000480 seconds
187.207: Application time: 0.0379460 seconds
187.208: [GC [PSYoungGen: 7424K->288K(8192K)] 22166K->15030K(26112K), 0.0003850 secs] [Times: user=0.00 sys=0.00, real=0.00 secs] 
187.208: Total time for which application threads were stopped: 0.0005080 seconds, Stopping threads took: 0.0000600 seconds
187.245: Application time: 0.0369630 seconds
187.245: [GC [PSYoungGen: 7456K->400K(8192K)] 22198K->15142K(26112K), 0.0004090 secs] [Times: user=0.00 sys=0.00, real=0.00 secs] 
187.245: Total time for which application threads were stopped: 0.0005150 seconds, Stopping threads took: 0.0000410 seconds
187.283: Application time: 0.0376850 seconds
187.283: [GC [PSYoungGen: 7568K->528K(8192K)] 22310K->15270K(26112K), 0.0004930 secs] [Times: user=0.00 sys=0.00, real=0.00 secs] 
187.284: Total time for which application threads were stopped: 0.0006050 seconds, Stopping threads took: 0.0000510 seconds
187.323: Application time: 0.0390600 seconds
187.323: [GC [PSYoungGen: 7696K->480K(8192K)] 22438K->15222K(26112K), 0.0004890 secs] [Times: user=0.00 sys=0.00, real=0.00 secs] 
187.323: Total time for which application threads were stopped: 0.0005960 seconds, Stopping threads took: 0.0000430 seconds
187.362: Application time: 0.0388790 seconds
187.362: [GC [PSYoungGen: 7648K->480K(8192K)] 22390K->15222K(26112K), 0.0004630 secs] [Times: user=0.01 sys=0.00, real=0.00 secs] 
187.363: Total time for which application threads were stopped: 0.0005730 seconds, Stopping threads took: 0.0000480 seconds
187.402: Application time: 0.0391010 seconds
187.402: [GC [PSYoungGen: 7648K->528K(8192K)] 22390K->15270K(26112K), 0.0004260 secs] [Times: user=0.00 sys=0.00, real=0.00 secs] 
187.402: Total time for which application threads were stopped: 0.0005390 seconds, Stopping threads took: 0.0000500 seconds
187.441: Application time: 0.0389160 seconds
187.441: [GC [PSYoungGen: 7696K->512K(8192K)] 22438K->15254K(26112K), 0.0004210 secs] [Times: user=0.00 sys=0.00, real=0.00 secs] 
187.442: Total time for which application threads were stopped: 0.0005330 seconds, Stopping threads took: 0.0000510 seconds
187.481: Application time: 0.0392580 seconds
187.481: [GC [PSYoungGen: 7680K->448K(8192K)] 22422K->15190K(26112K), 0.0004440 secs] [Times: user=0.01 sys=0.00, real=0.00 secs] 
187.482: Total time for which application threads were stopped: 0.0005570 seconds, Stopping threads took: 0.0000520 seconds
187.521: Application time: 0.0389100 seconds
187.521: [GC [PSYoungGen: 7616K->512K(8192K)] 22358K->15254K(26112K), 0.0004410 secs] [Times: user=0.00 sys=0.00, real=0.01 secs] 
187.521: Total time for which application threads were stopped: 0.0005630 seconds, Stopping threads took: 0.0000490 seconds
187.560: Application time: 0.0388280 seconds
187.561: [GC [PSYoungGen: 7680K->528K(8192K)] 22422K->15270K(26112K), 0.0004470 secs] [Times: user=0.00 sys=0.00, real=0.00 secs] 
187.562: Total time for which application threads were stopped: 0.0015090 seconds, Stopping threads took: 0.0010010 seconds
187.600: Application time: 0.0387650 seconds
187.600: [GC [PSYoungGen: 7696K->448K(8192K)] 22438K->15190K(26112K), 0.0004230 secs] [Times: user=0.00 sys=0.00, real=0.00 secs] 
187.601: Total time for which application threads were stopped: 0.0005350 seconds, Stopping threads took: 0.0000500 seconds
187.640: Application time: 0.0386940 seconds
187.640: [GC [PSYoungGen: 7616K->512K(8192K)] 22358K->15254K(26112K), 0.0005850 secs] [Times: user=0.00 sys=0.00, real=0.00 secs] 
187.640: Total time for which application threads were stopped: 0.0007160 seconds, Stopping threads took: 0.0000570 seconds
187.679: Application time: 0.0389170 seconds
187.679: [GC [PSYoungGen: 7680K->496K(8192K)] 22422K->15238K(26112K), 0.0004650 secs] [Times: user=0.00 sys=0.00, real=0.00 secs] 
187.680: Total time for which application threads were stopped: 0.0005790 seconds, Stopping threads took: 0.0000500 seconds
187.719: Application time: 0.0390850 seconds
187.719: [GC [PSYoungGen: 7664K->496K(8192K)] 22406K->15238K(26112K), 0.0004550 secs] [Times: user=0.00 sys=0.00, real=0.00 secs] 
187.719: Total time for which application threads were stopped: 0.0005670 seconds, Stopping threads took: 0.0000500 seconds
187.759: Application time: 0.0392440 seconds
187.759: [GC [PSYoungGen: 7664K->496K(8192K)] 22406K->15238K(26112K), 0.0004260 secs] [Times: user=0.00 sys=0.00, real=0.00 secs] 
187.759: Total time for which application threads were stopped: 0.0005310 seconds, Stopping threads took: 0.0000430 seconds
187.798: Application time: 0.0388780 seconds
187.798: [GC [PSYoungGen: 7664K->416K(8192K)] 22406K->15238K(26112K), 0.0004400 secs] [Times: user=0.00 sys=0.00, real=0.00 secs] 
187.799: Total time for which application threads were stopped: 0.0005540 seconds, Stopping threads took: 0.0000500 seconds
187.838: Application time: 0.0389480 seconds
187.841: [GC [PSYoungGen: 7584K->288K(8192K)] 22406K->15262K(26112K), 0.0004580 secs] [Times: user=0.01 sys=0.00, real=0.00 secs] 
187.842: Total time for which application threads were stopped: 0.0039790 seconds, Stopping threads took: 0.0034600 seconds
187.880: Application time: 0.0388450 seconds
187.880: [GC [PSYoungGen: 7456K->256K(8192K)] 22430K->15334K(26112K), 0.0003860 secs] [Times: user=0.00 sys=0.00, real=0.00 secs] 
187.881: Total time for which application threads were stopped: 0.0005100 seconds, Stopping threads took: 0.0000610 seconds
187.920: Application time: 0.0388460 seconds
187.921: [GC [PSYoungGen: 7424K->256K(8192K)] 22502K->15334K(26112K), 0.0004050 secs] [Times: user=0.00 sys=0.00, real=0.00 secs] 
187.921: Total time for which application threads were stopped: 0.0017560 seconds, Stopping threads took: 0.0012880 seconds
187.960: Application time: 0.0389420 seconds
187.961: [GC [PSYoungGen: 7424K->256K(8192K)] 22502K->15334K(26112K), 0.0003850 secs] [Times: user=0.00 sys=0.00, real=0.00 secs] 
187.961: Total time for which application threads were stopped: 0.0005300 seconds, Stopping threads took: 0.0000830 seconds
187.998: Application time: 0.0373940 seconds
187.998: [GC [PSYoungGen: 7424K->336K(8192K)] 22502K->15414K(26112K), 0.0004230 secs] [Times: user=0.00 sys=0.00, real=0.00 secs] 
187.999: Total time for which application threads were stopped: 0.0005360 seconds, Stopping threads took: 0.0000500 seconds
188.036: Application time: 0.0371020 seconds
188.036: [GC [PSYoungGen: 7504K->416K(8192K)] 22582K->15494K(26112K), 0.0004280 secs] [Times: user=0.01 sys=0.00, real=0.00 secs] 
188.037: Total time for which application threads were stopped: 0.0005650 seconds, Stopping threads took: 0.0000620 seconds
188.075: Application time: 0.0386730 seconds
188.075: [GC [PSYoungGen: 7584K->496K(8192K)] 22662K->15574K(26112K), 0.0004340 secs] [Times: user=0.00 sys=0.00, real=0.00 secs] 
188.076: Total time for which application threads were stopped: 0.0005350 seconds, Stopping threads took: 0.0000410 seconds
188.115: Application time: 0.0389100 seconds
188.115: [GC [PSYoungGen: 7664K->480K(8192K)] 22742K->15558K(26112K), 0.0004260 secs] [Times: user=0.01 sys=0.00, real=0.00 secs] 
188.115: Total time for which application threads were stopped: 0.0005380 seconds, Stopping threads took: 0.0000510 seconds
188.154: Application time: 0.0388960 seconds
188.154: [GC [PSYoungGen: 7648K->480K(8192K)] 22726K->15558K(26112K), 0.0004760 secs] [Times: user=0.00 sys=0.00, real=0.00 secs] 
188.155: Total time for which application threads were stopped: 0.0005780 seconds, Stopping threads took: 0.0000400 seconds
188.194: Application time: 0.0388370 seconds
188.194: [GC [PSYoungGen: 7648K->464K(8192K)] 22726K->15542K(26112K), 0.0004220 secs] [Times: user=0.00 sys=0.00, real=0.00 secs] 
188.194: Total time for which application threads were stopped: 0.0005270 seconds, Stopping threads took: 0.0000420 seconds
188.233: Application time: 0.0393460 seconds
188.233: [GC [PSYoungGen: 7632K->512K(8192K)] 22710K->15590K(26112K), 0.0004450 secs] [Times: user=0.00 sys=0.00, real=0.00 secs] 
188.234: Total time for which application threads were stopped: 0.0005420 seconds, Stopping threads took: 0.0000350 seconds
188.273: Application time: 0.0388970 seconds
188.273: [GC [PSYoungGen: 7680K->512K(8192K)] 22758K->15590K(26112K), 0.0004420 secs] [Times: user=0.00 sys=0.00, real=0.00 secs] 
188.273: Total time for which application threads were stopped: 0.0005600 seconds, Stopping threads took: 0.0000560 seconds
188.313: Application time: 0.0391760 seconds
188.313: [GC [PSYoungGen: 7680K->512K(8192K)] 22758K->15590K(26112K), 0.0004240 secs] [Times: user=0.00 sys=0.00, real=0.00 secs] 
188.313: Total time for which application threads were stopped: 0.0005360 seconds, Stopping threads took: 0.0000460 seconds
188.352: Application time: 0.0387840 seconds
188.352: [GC [PSYoungGen: 7680K->480K(8192K)] 22758K->15558K(26112K), 0.0004350 secs] [Times: user=0.00 sys=0.00, real=0.00 secs] 
188.352: Total time for which application threads were stopped: 0.0005410 seconds, Stopping threads took: 0.0000440 seconds
188.391: Application time: 0.0387060 seconds
188.391: [GC [PSYoungGen: 7648K->496K(8192K)] 22726K->15574K(26112K), 0.0004280 secs] [Times: user=0.00 sys=0.00, real=0.00 secs] 
188.392: Total time for which application threads were stopped: 0.0005420 seconds, Stopping threads took: 0.0000520 seconds
188.430: Application time: 0.0385160 seconds
188.430: [GC [PSYoungGen: 7664K->528K(8192K)] 22742K->15606K(26112K), 0.0004320 secs] [Times: user=0.00 sys=0.00, real=0.00 secs] 
188.431: Total time for which application threads were stopped: 0.0005410 seconds, Stopping threads took: 0.0000470 seconds
188.470: Application time: 0.0394350 seconds
188.470: [GC [PSYoungGen: 7696K->496K(8192K)] 22774K->15574K(26112K), 0.0004540 secs] [Times: user=0.00 sys=0.00, real=0.00 secs] 
188.471: Total time for which application threads were stopped: 0.0005620 seconds, Stopping threads took: 0.0000460 seconds
188.510: Application time: 0.0389600 seconds
188.510: [GC [PSYoungGen: 7664K->480K(8192K)] 22742K->15558K(26112K), 0.0004150 secs] [Times: user=0.00 sys=0.00, real=0.00 secs] 
188.510: Total time for which application threads were stopped: 0.0005180 seconds, Stopping threads took: 0.0000380 seconds
188.549: Application time: 0.0390110 seconds
188.549: [GC [PSYoungGen: 7648K->512K(8192K)] 22726K->15590K(26112K), 0.0004600 secs] [Times: user=0.00 sys=0.00, real=0.00 secs] 
188.550: Total time for which application threads were stopped: 0.0005750 seconds, Stopping threads took: 0.0000450 seconds
188.589: Application time: 0.0395170 seconds
188.589: [GC [PSYoungGen: 7680K->384K(8192K)] 22758K->15582K(26112K), 0.0004370 secs] [Times: user=0.00 sys=0.00, real=0.00 secs] 
188.590: Total time for which application threads were stopped: 0.0005390 seconds, Stopping threads took: 0.0000410 seconds
188.629: Application time: 0.0388840 seconds
188.629: [GC [PSYoungGen: 7552K->272K(8192K)] 22750K->15615K(26112K), 0.0004350 secs] [Times: user=0.00 sys=0.00, real=0.01 secs] 
188.630: Total time for which application threads were stopped: 0.0016990 seconds, Stopping threads took: 0.0000510 seconds
188.670: Application time: 0.0392700 seconds
188.670: [GC [PSYoungGen: 7440K->256K(8192K)] 22783K->15647K(26112K), 0.0004330 secs] [Times: user=0.00 sys=0.00, real=0.00 secs] 
188.670: Total time for which application threads were stopped: 0.0005540 seconds, Stopping threads took: 0.0000480 seconds
188.709: Application time: 0.0388670 seconds
188.709: [GC [PSYoungGen: 7424K->256K(8192K)] 22815K->15647K(26112K), 0.0003930 secs] [Times: user=0.00 sys=0.00, real=0.00 secs] 
188.710: Total time for which application threads were stopped: 0.0005060 seconds, Stopping threads took: 0.0000410 seconds
188.748: Application time: 0.0386880 seconds
188.748: [GC [PSYoungGen: 7424K->272K(8192K)] 22815K->15663K(26112K), 0.0003890 secs] [Times: user=0.01 sys=0.00, real=0.00 secs] 
188.749: Total time for which application threads were stopped: 0.0005080 seconds, Stopping threads took: 0.0000570 seconds
188.786: Application time: 0.0372660 seconds
188.786: [GC [PSYoungGen: 7440K->352K(8192K)] 22831K->15743K(26112K), 0.0004460 secs] [Times: user=0.01 sys=0.00, real=0.00 secs] 
188.787: Total time for which application threads were stopped: 0.0005480 seconds, Stopping threads took: 0.0000410 seconds
188.824: Application time: 0.0374600 seconds
188.824: [GC [PSYoungGen: 7520K->480K(8192K)] 22911K->15871K(26112K), 0.0005160 secs] [Times: user=0.00 sys=0.00, real=0.00 secs] 
188.825: Total time for which application threads were stopped: 0.0006240 seconds, Stopping threads took: 0.0000490 seconds
188.863: Application time: 0.0385540 seconds
188.863: [GC [PSYoungGen: 7648K->480K(8192K)] 23039K->15871K(26112K), 0.0004780 secs] [Times: user=0.00 sys=0.00, real=0.00 secs] 
188.864: Total time for which application threads were stopped: 0.0005870 seconds, Stopping threads took: 0.0000450 seconds
188.903: Application time: 0.0390440 seconds
188.903: [GC [PSYoungGen: 7648K->512K(8192K)] 23039K->15903K(26112K), 0.0004180 secs] [Times: user=0.00 sys=0.00, real=0.00 secs] 
188.904: Total time for which application threads were stopped: 0.0005320 seconds, Stopping threads took: 0.0000520 seconds
188.942: Application time: 0.0389710 seconds
188.943: [GC [PSYoungGen: 7680K->512K(8192K)] 23071K->15903K(26112K), 0.0004350 secs] [Times: user=0.01 sys=0.00, real=0.00 secs] 
188.943: Total time for which application threads were stopped: 0.0005460 seconds, Stopping threads took: 0.0000480 seconds
188.982: Application time: 0.0388950 seconds
188.982: [GC [PSYoungGen: 7680K->512K(8192K)] 23071K->15903K(26112K), 0.0004940 secs] [Times: user=0.00 sys=0.00, real=0.00 secs] 
188.983: Total time for which application threads were stopped: 0.0006080 seconds, Stopping threads took: 0.0000510 seconds
189.021: Application time: 0.0389430 seconds
189.022: [GC [PSYoungGen: 7680K->496K(8192K)] 23071K->15887K(26112K), 0.0004380 secs] [Times: user=0.00 sys=0.00, real=0.00 secs] 
189.022: Total time for which application threads were stopped: 0.0005420 seconds, Stopping threads took: 0.0000400 seconds
189.061: Application time: 0.0389420 seconds
189.061: [GC [PSYoungGen: 7664K->512K(8192K)] 23055K->15903K(26112K), 0.0004660 secs] [Times: user=0.00 sys=0.00, real=0.00 secs] 
189.062: Total time for which application threads were stopped: 0.0005920 seconds, Stopping threads took: 0.0000540 seconds
189.100: Application time: 0.0388590 seconds
189.101: [GC [PSYoungGen: 7680K->512K(8192K)] 23071K->15903K(26112K), 0.0004340 secs] [Times: user=0.00 sys=0.00, real=0.00 secs] 
189.101: Total time for which application threads were stopped: 0.0005420 seconds, Stopping threads took: 0.0000430 seconds
189.142: Application time: 0.0412670 seconds
189.142: [GC [PSYoungGen: 7680K->496K(8192K)] 23071K->15887K(26112K), 0.0004670 secs] [Times: user=0.01 sys=0.00, real=0.00 secs] 
189.143: Total time for which application threads were stopped: 0.0005790 seconds, Stopping threads took: 0.0000500 seconds
189.181: Application time: 0.0386670 seconds
189.182: [GC [PSYoungGen: 7664K->528K(8192K)] 23055K->15919K(26112K), 0.0004310 secs] [Times: user=0.00 sys=0.00, real=0.00 secs] 
189.182: Total time for which application threads were stopped: 0.0005430 seconds, Stopping threads took: 0.0000490 seconds
189.221: Application time: 0.0389380 seconds
189.221: [GC [PSYoungGen: 7696K->496K(8192K)] 23087K->15887K(26112K), 0.0004640 secs] [Times: user=0.00 sys=0.00, real=0.00 secs] 
189.222: Total time for which application threads were stopped: 0.0005780 seconds, Stopping threads took: 0.0000520 seconds
189.260: Application time: 0.0388920 seconds
189.261: [GC [PSYoungGen: 7664K->448K(8192K)] 23055K->15839K(26112K), 0.0004500 secs] [Times: user=0.00 sys=0.00, real=0.01 secs] 
189.261: Total time for which application threads were stopped: 0.0005740 seconds, Stopping threads took: 0.0000550 seconds
189.300: Application time: 0.0389400 seconds
189.300: [GC [PSYoungGen: 7616K->528K(8192K)] 23007K->15919K(26112K), 0.0004560 secs] [Times: user=0.00 sys=0.00, real=0.00 secs] 
189.301: Total time for which application threads were stopped: 0.0005720 seconds, Stopping threads took: 0.0000540 seconds
189.339: Application time: 0.0388270 seconds
189.339: [GC [PSYoungGen: 7696K->496K(8192K)] 23087K->15935K(26112K), 0.0004200 secs] [Times: user=0.00 sys=0.00, real=0.00 secs] 
189.340: Total time for which application threads were stopped: 0.0005270 seconds, Stopping threads took: 0.0000450 seconds
189.379: Application time: 0.0387580 seconds
189.379: [GC [PSYoungGen: 7664K->352K(8192K)] 23103K->15903K(26112K), 0.0004290 secs] [Times: user=0.00 sys=0.00, real=0.00 secs] 
189.379: Total time for which application threads were stopped: 0.0005370 seconds, Stopping threads took: 0.0000470 seconds
189.418: Application time: 0.0388860 seconds
189.418: [GC [PSYoungGen: 7520K->304K(8192K)] 23071K->15983K(26112K), 0.0004070 secs] [Times: user=0.00 sys=0.00, real=0.00 secs] 
189.419: Total time for which application threads were stopped: 0.0005180 seconds, Stopping threads took: 0.0000490 seconds
189.458: Application time: 0.0392160 seconds
189.461: [GC [PSYoungGen: 7472K->256K(8192K)] 23151K->15991K(26112K), 0.0004030 secs] [Times: user=0.00 sys=0.00, real=0.00 secs] 
189.461: Total time for which application threads were stopped: 0.0036880 seconds, Stopping threads took: 0.0032210 seconds
189.500: Application time: 0.0388590 seconds
189.500: [GC [PSYoungGen: 7424K->256K(8192K)] 23159K->15991K(26112K), 0.0003720 secs] [Times: user=0.00 sys=0.00, real=0.00 secs] 
189.501: Total time for which application threads were stopped: 0.0004800 seconds, Stopping threads took: 0.0000490 seconds
189.539: Application time: 0.0378960 seconds
189.539: [GC [PSYoungGen: 7424K->304K(8192K)] 23159K->16039K(26112K), 0.0003850 secs] [Times: user=0.00 sys=0.00, real=0.00 secs] 
189.539: Total time for which application threads were stopped: 0.0005030 seconds, Stopping threads took: 0.0000540 seconds
189.577: Application time: 0.0375090 seconds
189.577: [GC [PSYoungGen: 7472K->400K(8192K)] 23207K->16135K(26112K), 0.0004200 secs] [Times: user=0.00 sys=0.00, real=0.00 secs] 
189.577: Total time for which application threads were stopped: 0.0005400 seconds, Stopping threads took: 0.0000470 seconds
189.615: Application time: 0.0373780 seconds
189.615: [GC [PSYoungGen: 7568K->496K(8192K)] 23303K->16231K(26112K), 0.0004390 secs] [Times: user=0.00 sys=0.00, real=0.00 secs] 
189.615: Total time for which application threads were stopped: 0.0005540 seconds, Stopping threads took: 0.0000540 seconds
189.654: Application time: 0.0389470 seconds
189.657: [GC [PSYoungGen: 7664K->528K(8192K)] 23399K->16263K(26112K), 0.0005270 secs] [Times: user=0.00 sys=0.00, real=0.00 secs] 
189.658: Total time for which application threads were stopped: 0.0034530 seconds, Stopping threads took: 0.0028540 seconds
189.697: Application time: 0.0394150 seconds
189.697: [GC [PSYoungGen: 7696K->496K(8192K)] 23431K->16231K(26112K), 0.0004330 secs] [Times: user=0.00 sys=0.00, real=0.00 secs] 
189.698: Total time for which application threads were stopped: 0.0005440 seconds, Stopping threads took: 0.0000480 seconds
189.736: Application time: 0.0388850 seconds
189.737: [GC [PSYoungGen: 7664K->512K(8192K)] 23399K->16247K(26112K), 0.0004870 secs] [Times: user=0.00 sys=0.00, real=0.00 secs] 
189.737: Total time for which application threads were stopped: 0.0006000 seconds, Stopping threads took: 0.0000470 seconds
189.776: Application time: 0.0389870 seconds
189.776: [GC [PSYoungGen: 7680K->480K(8192K)] 23415K->16215K(26112K), 0.0004500 secs] [Times: user=0.00 sys=0.00, real=0.00 secs] 
189.777: Total time for which application threads were stopped: 0.0005670 seconds, Stopping threads took: 0.0000520 seconds
189.816: Application time: 0.0389450 seconds
189.816: [GC [PSYoungGen: 7648K->512K(8192K)] 23383K->16247K(26112K), 0.0004550 secs] [Times: user=0.00 sys=0.00, real=0.00 secs] 
189.816: Total time for which application threads were stopped: 0.0005670 seconds, Stopping threads took: 0.0000500 seconds
189.855: Application time: 0.0390910 seconds
189.855: [GC [PSYoungGen: 7680K->512K(8192K)] 23415K->16247K(26112K), 0.0004140 secs] [Times: user=0.00 sys=0.00, real=0.00 secs] 
189.856: Total time for which application threads were stopped: 0.0005160 seconds, Stopping threads took: 0.0000390 seconds
189.895: Application time: 0.0390350 seconds
189.895: [GC [PSYoungGen: 7680K->496K(8192K)] 23415K->16231K(26112K), 0.0004630 secs] [Times: user=0.01 sys=0.00, real=0.00 secs] 
189.895: Total time for which application threads were stopped: 0.0005820 seconds, Stopping threads took: 0.0000550 seconds
189.934: Application time: 0.0385280 seconds
189.934: [GC [PSYoungGen: 7664K->496K(8192K)] 23399K->16231K(26112K), 0.0004200 secs] [Times: user=0.00 sys=0.00, real=0.00 secs] 
189.934: Total time for which application threads were stopped: 0.0005360 seconds, Stopping threads took: 0.0000520 seconds
189.973: Application time: 0.0387040 seconds
189.973: [GC [PSYoungGen: 7664K->496K(8192K)] 23399K->16231K(26112K), 0.0004300 secs] [Times: user=0.00 sys=0.00, real=0.00 secs] 
189.974: Total time for which application threads were stopped: 0.0005340 seconds, Stopping threads took: 0.0000420 seconds
190.012: Application time: 0.0386430 seconds
190.012: [GC [PSYoungGen: 7664K->512K(8192K)] 23399K->16247K(26112K), 0.0004400 secs] [Times: user=0.01 sys=0.00, real=0.00 secs] 
190.013: Total time for which application threads were stopped: 0.0005530 seconds, Stopping threads took: 0.0000490 seconds
190.052: Application time: 0.0389300 seconds
190.052: [GC [PSYoungGen: 7680K->512K(8192K)] 23415K->16247K(26112K), 0.0004850 secs] [Times: user=0.00 sys=0.00, real=0.00 secs] 
190.052: Total time for which application threads were stopped: 0.0005950 seconds, Stopping threads took: 0.0000480 seconds
190.091: Application time: 0.0388080 seconds
190.091: [GC [PSYoungGen: 7680K->512K(8192K)] 23415K->16247K(26112K), 0.0004690 secs] [Times: user=0.00 sys=0.00, real=0.00 secs] 
190.092: Total time for which application threads were stopped: 0.0005880 seconds, Stopping threads took: 0.0000490 seconds
190.131: Application time: 0.0393180 seconds
190.131: [GC [PSYoungGen: 7680K->448K(8192K)] 23415K->16271K(26112K), 0.0004380 secs] [Times: user=0.00 sys=0.00, real=0.00 secs] 
190.132: Total time for which application threads were stopped: 0.0005410 seconds, Stopping threads took: 0.0000390 seconds
190.171: Application time: 0.0390370 seconds
190.171: [GC [PSYoungGen: 7616K->304K(8192K)] 23439K->16251K(26112K), 0.0004150 secs] [Times: user=0.01 sys=0.00, real=0.00 secs] 
190.171: Total time for which application threads were stopped: 0.0005300 seconds, Stopping threads took: 0.0000510 seconds
190.210: Application time: 0.0389850 seconds
190.210: [GC [PSYoungGen: 7472K->272K(8192K)] 23419K->16331K(26112K), 0.0004000 secs] [Times: user=0.00 sys=0.00, real=0.00 secs] 
190.211: Total time for which application threads were stopped: 0.0005090 seconds, Stopping threads took: 0.0000490 seconds
190.250: Application time: 0.0389070 seconds
190.250: [GC [PSYoungGen: 7440K->256K(8192K)] 23499K->16315K(26112K), 0.0003700 secs] [Times: user=0.00 sys=0.00, real=0.00 secs] 
190.250: Total time for which application threads were stopped: 0.0004750 seconds, Stopping threads took: 0.0000450 seconds
190.289: Application time: 0.0392510 seconds
190.289: [GC [PSYoungGen: 7424K->256K(8192K)] 23483K->16315K(26112K), 0.0004110 secs] [Times: user=0.00 sys=0.00, real=0.00 secs] 
190.290: Total time for which application threads were stopped: 0.0005220 seconds, Stopping threads took: 0.0000510 seconds
190.328: Application time: 0.0377660 seconds
190.328: [GC [PSYoungGen: 7424K->288K(8192K)] 23483K->16347K(26112K), 0.0003800 secs] [Times: user=0.00 sys=0.00, real=0.00 secs] 
190.328: Total time for which application threads were stopped: 0.0005040 seconds, Stopping threads took: 0.0000550 seconds
190.365: Application time: 0.0369200 seconds
190.365: [GC [PSYoungGen: 7456K->368K(8192K)] 23515K->16427K(26112K), 0.0004170 secs] [Times: user=0.00 sys=0.00, real=0.00 secs] 
190.366: Total time for which application threads were stopped: 0.0005330 seconds, Stopping threads took: 0.0000540 seconds
190.404: Application time: 0.0382950 seconds
190.404: [GC [PSYoungGen: 7536K->528K(8192K)] 23595K->16587K(26112K), 0.0004830 secs] [Times: user=0.00 sys=0.00, real=0.00 secs] 
190.404: Total time for which application threads were stopped: 0.0005870 seconds, Stopping threads took: 0.0000410 seconds
190.443: Application time: 0.0389560 seconds
190.444: [GC [PSYoungGen: 7696K->464K(8192K)] 23755K->16523K(26112K), 0.0004740 secs] [Times: user=0.00 sys=0.00, real=0.00 secs] 
190.444: Total time for which application threads were stopped: 0.0005880 seconds, Stopping threads took: 0.0000520 seconds
190.483: Application time: 0.0388880 seconds
190.483: [GC [PSYoungGen: 7632K->512K(8192K)] 23691K->16571K(26112K), 0.0004170 secs] [Times: user=0.00 sys=0.00, real=0.00 secs] 
190.483: Total time for which application threads were stopped: 0.0005290 seconds, Stopping threads took: 0.0000490 seconds
190.522: Application time: 0.0388930 seconds
190.522: [GC [PSYoungGen: 7680K->496K(8192K)] 23739K->16555K(26112K), 0.0004350 secs] [Times: user=0.01 sys=0.00, real=0.00 secs] 
190.523: Total time for which application threads were stopped: 0.0005600 seconds, Stopping threads took: 0.0000600 seconds
190.562: Application time: 0.0391140 seconds
190.562: [GC [PSYoungGen: 7664K->512K(8192K)] 23723K->16571K(26112K), 0.0004620 secs] [Times: user=0.00 sys=0.00, real=0.00 secs] 
190.563: Total time for which application threads were stopped: 0.0005740 seconds, Stopping threads took: 0.0000490 seconds
190.602: Application time: 0.0391920 seconds
190.602: [GC [PSYoungGen: 7680K->496K(8192K)] 23739K->16555K(26112K), 0.0004930 secs] [Times: user=0.00 sys=0.00, real=0.00 secs] 
190.602: Total time for which application threads were stopped: 0.0006130 seconds, Stopping threads took: 0.0000470 seconds
190.642: Application time: 0.0391920 seconds
190.642: [GC [PSYoungGen: 7664K->512K(8192K)] 23723K->16571K(26112K), 0.0005200 secs] [Times: user=0.00 sys=0.00, real=0.00 secs] 
190.642: Total time for which application threads were stopped: 0.0006560 seconds, Stopping threads took: 0.0000570 seconds
190.681: Application time: 0.0388780 seconds
190.681: [GC [PSYoungGen: 7680K->464K(8192K)] 23739K->16523K(26112K), 0.0004370 secs] [Times: user=0.00 sys=0.00, real=0.00 secs] 
190.682: Total time for which application threads were stopped: 0.0005550 seconds, Stopping threads took: 0.0000530 seconds
190.721: Application time: 0.0388530 seconds
190.721: [GC [PSYoungGen: 7632K->512K(8192K)] 23691K->16571K(26112K), 0.0004260 secs] [Times: user=0.00 sys=0.00, real=0.01 secs] 
190.721: Total time for which application threads were stopped: 0.0005360 seconds, Stopping threads took: 0.0000460 seconds
190.760: Application time: 0.0387630 seconds
190.760: [GC [PSYoungGen: 7680K->496K(8192K)] 23739K->16555K(26112K), 0.0004590 secs] [Times: user=0.01 sys=0.00, real=0.00 secs] 
190.760: Total time for which application threads were stopped: 0.0005660 seconds, Stopping threads took: 0.0000440 seconds
190.799: Application time: 0.0387020 seconds
190.799: [GC [PSYoungGen: 7664K->496K(8192K)] 23723K->16555K(26112K), 0.0004340 secs] [Times: user=0.00 sys=0.00, real=0.00 secs] 
190.800: Total time for which application threads were stopped: 0.0005500 seconds, Stopping threads took: 0.0000540 seconds
190.839: Application time: 0.0389400 seconds
190.839: [GC [PSYoungGen: 7664K->496K(8192K)] 23723K->16555K(26112K), 0.0004390 secs] [Times: user=0.00 sys=0.00, real=0.00 secs] 
190.839: Total time for which application threads were stopped: 0.0005520 seconds, Stopping threads took: 0.0000470 seconds
190.878: Application time: 0.0389050 seconds
190.878: [GC [PSYoungGen: 7664K->448K(8192K)] 23723K->16507K(26112K), 0.0004350 secs] [Times: user=0.00 sys=0.00, real=0.00 secs] 
190.879: Total time for which application threads were stopped: 0.0005490 seconds, Stopping threads took: 0.0000510 seconds
190.918: Application time: 0.0391180 seconds
190.918: [GC [PSYoungGen: 7616K->448K(8192K)] 23675K->16595K(26112K), 0.0005060 secs] [Times: user=0.01 sys=0.00, real=0.00 secs] 
190.918: Total time for which application threads were stopped: 0.0006200 seconds, Stopping threads took: 0.0000480 seconds
190.957: Application time: 0.0391210 seconds
190.958: [GC [PSYoungGen: 7616K->304K(8192K)] 23763K->16615K(26112K), 0.0004030 secs] [Times: user=0.00 sys=0.00, real=0.00 secs] 
190.958: Total time for which application threads were stopped: 0.0005090 seconds, Stopping threads took: 0.0000450 seconds
190.997: Application time: 0.0388550 seconds
190.997: [GC [PSYoungGen: 7472K->256K(8192K)] 23783K->16655K(26112K), 0.0004000 secs] [Times: user=0.00 sys=0.00, real=0.00 secs] 
190.997: Total time for which application threads were stopped: 0.0005300 seconds, Stopping threads took: 0.0000670 seconds
191.036: Application time: 0.0388260 seconds
191.036: [GC [PSYoungGen: 7424K->208K(8192K)] 23823K->16607K(26112K), 0.0004180 secs] [Times: user=0.01 sys=0.00, real=0.00 secs] 
191.037: Total time for which application threads were stopped: 0.0005230 seconds, Stopping threads took: 0.0000450 seconds
191.075: Application time: 0.0385660 seconds
191.075: [GC [PSYoungGen: 7376K->272K(8192K)] 23775K->16671K(26112K), 0.0003880 secs] [Times: user=0.01 sys=0.00, real=0.00 secs] 
191.076: Total time for which application threads were stopped: 0.0005070 seconds, Stopping threads took: 0.0000550 seconds
191.114: Application time: 0.0381540 seconds
191.114: [GC [PSYoungGen: 7434K->320K(8192K)] 23834K->16719K(26112K), 0.0004260 secs] [Times: user=0.00 sys=0.00, real=0.00 secs] 
191.115: Total time for which application threads were stopped: 0.0005370 seconds, Stopping threads took: 0.0000420 seconds
191.151: Application time: 0.0369450 seconds
191.152: [GC [PSYoungGen: 7488K->416K(8192K)] 23887K->16815K(26112K), 0.0004610 secs] [Times: user=0.00 sys=0.00, real=0.00 secs] 
191.152: Total time for which application threads were stopped: 0.0005840 seconds, Stopping threads took: 0.0000570 seconds
191.190: Application time: 0.0379070 seconds
191.190: [GC [PSYoungGen: 7584K->496K(8192K)] 23983K->16895K(26112K), 0.0004480 secs] [Times: user=0.00 sys=0.00, real=0.00 secs] 
191.191: Total time for which application threads were stopped: 0.0005640 seconds, Stopping threads took: 0.0000510 seconds
191.229: Application time: 0.0389030 seconds
191.230: [GC [PSYoungGen: 7664K->512K(8192K)] 24063K->16911K(26112K), 0.0004250 secs] [Times: user=0.00 sys=0.00, real=0.00 secs] 
191.230: Total time for which application threads were stopped: 0.0005350 seconds, Stopping threads took: 0.0000460 seconds
191.269: Application time: 0.0391980 seconds
191.269: [GC [PSYoungGen: 7680K->528K(8192K)] 24079K->16927K(26112K), 0.0004130 secs] [Times: user=0.01 sys=0.00, real=0.00 secs] 
191.270: Total time for which application threads were stopped: 0.0005210 seconds, Stopping threads took: 0.0000450 seconds
191.309: Application time: 0.0390760 seconds
191.309: [GC [PSYoungGen: 7696K->464K(8192K)] 24095K->16863K(26112K), 0.0004350 secs] [Times: user=0.01 sys=0.00, real=0.01 secs] 
191.309: Total time for which application threads were stopped: 0.0005530 seconds, Stopping threads took: 0.0000560 seconds
191.348: Application time: 0.0388550 seconds
191.348: [GC [PSYoungGen: 7632K->480K(8192K)] 24031K->16879K(26112K), 0.0004650 secs] [Times: user=0.01 sys=0.00, real=0.00 secs] 
191.349: Total time for which application threads were stopped: 0.0005900 seconds, Stopping threads took: 0.0000620 seconds
191.388: Application time: 0.0392440 seconds
191.388: [GC [PSYoungGen: 7648K->560K(8192K)] 24047K->16959K(26112K), 0.0004440 secs] [Times: user=0.00 sys=0.00, real=0.00 secs] 
191.389: Total time for which application threads were stopped: 0.0005600 seconds, Stopping threads took: 0.0000450 seconds
191.427: Application time: 0.0388340 seconds
191.427: [GC [PSYoungGen: 7728K->512K(8192K)] 24127K->16911K(26112K), 0.0004140 secs] [Times: user=0.00 sys=0.00, real=0.00 secs] 
191.428: Total time for which application threads were stopped: 0.0005220 seconds, Stopping threads took: 0.0000470 seconds
191.467: Application time: 0.0388090 seconds
191.467: [GC [PSYoungGen: 7680K->480K(8192K)] 24079K->16879K(26112K), 0.0004350 secs] [Times: user=0.00 sys=0.00, real=0.00 secs] 
191.467: Total time for which application threads were stopped: 0.0005350 seconds, Stopping threads took: 0.0000350 seconds
191.506: Application time: 0.0388640 seconds
191.506: [GC [PSYoungGen: 7648K->544K(8192K)] 24047K->16943K(26112K), 0.0004190 secs] [Times: user=0.01 sys=0.00, real=0.00 secs] 
191.507: Total time for which application threads were stopped: 0.0005290 seconds, Stopping threads took: 0.0000470 seconds
191.545: Application time: 0.0386950 seconds
191.545: [GC [PSYoungGen: 7712K->512K(8192K)] 24111K->16911K(26112K), 0.0004850 secs] [Times: user=0.01 sys=0.00, real=0.00 secs] 
191.546: Total time for which application threads were stopped: 0.0006000 seconds, Stopping threads took: 0.0000510 seconds
191.585: Application time: 0.0388100 seconds
191.585: [GC [PSYoungGen: 7680K->528K(8192K)] 24079K->16927K(26112K), 0.0004360 secs] [Times: user=0.00 sys=0.00, real=0.00 secs] 
191.585: Total time for which application threads were stopped: 0.0005420 seconds, Stopping threads took: 0.0000430 seconds
191.624: Application time: 0.0390300 seconds
191.624: [GC [PSYoungGen: 7696K->528K(8192K)] 24095K->16927K(26112K), 0.0004580 secs] [Times: user=0.00 sys=0.00, real=0.00 secs] 
191.625: Total time for which application threads were stopped: 0.0005680 seconds, Stopping threads took: 0.0000390 seconds
191.664: Application time: 0.0389880 seconds
191.664: [GC [PSYoungGen: 7696K->496K(8192K)] 24095K->16951K(26112K), 0.0004640 secs] [Times: user=0.00 sys=0.00, real=0.00 secs] 
191.664: Total time for which application threads were stopped: 0.0005950 seconds, Stopping threads took: 0.0000610 seconds
191.703: Application time: 0.0389440 seconds
191.704: [GC [PSYoungGen: 7664K->400K(8192K)] 24119K->16919K(26112K), 0.0004220 secs] [Times: user=0.00 sys=0.00, real=0.00 secs] 
191.704: Total time for which application threads were stopped: 0.0005370 seconds, Stopping threads took: 0.0000490 seconds
191.743: Application time: 0.0388810 seconds
191.743: [GC [PSYoungGen: 7568K->320K(8192K)] 24087K->17004K(26112K), 0.0004180 secs] [Times: user=0.00 sys=0.00, real=0.00 secs] 
191.743: Total time for which application threads were stopped: 0.0005310 seconds, Stopping threads took: 0.0000500 seconds
191.783: Application time: 0.0394180 seconds
191.783: [GC [PSYoungGen: 7488K->272K(8192K)] 24172K->17060K(26112K), 0.0004470 secs] [Times: user=0.01 sys=0.00, real=0.00 secs] 
191.783: Total time for which application threads were stopped: 0.0005490 seconds, Stopping threads took: 0.0000360 seconds
191.823: Application time: 0.0392010 seconds
191.823: [GC [PSYoungGen: 7440K->256K(8192K)] 24228K->17044K(26112K), 0.0003910 secs] [Times: user=0.00 sys=0.00, real=0.00 secs] 
191.823: Total time for which application threads were stopped: 0.0004950 seconds, Stopping threads took: 0.0000440 seconds
191.861: Application time: 0.0383570 seconds
191.862: [GC [PSYoungGen: 7424K->256K(8192K)] 24212K->17044K(26112K), 0.0004080 secs] [Times: user=0.00 sys=0.00, real=0.00 secs] 
191.862: Total time for which application threads were stopped: 0.0005200 seconds, Stopping threads took: 0.0000500 seconds
191.900: Application time: 0.0375920 seconds
191.900: [GC [PSYoungGen: 7424K->384K(8192K)] 24212K->17172K(26112K), 0.0005060 secs] [Times: user=0.01 sys=0.00, real=0.00 secs] 
191.900: Total time for which application threads were stopped: 0.0006090 seconds, Stopping threads took: 0.0000390 seconds
191.938: Application time: 0.0378780 seconds
191.938: [GC [PSYoungGen: 7552K->448K(8192K)] 24340K->17236K(26112K), 0.0004760 secs] [Times: user=0.00 sys=0.00, real=0.00 secs] 
191.939: Total time for which application threads were stopped: 0.0005960 seconds, Stopping threads took: 0.0000480 seconds
191.977: Application time: 0.0382740 seconds
191.977: [GC [PSYoungGen: 7616K->496K(8192K)] 24404K->17284K(26112K), 0.0004740 secs] [Times: user=0.01 sys=0.00, real=0.00 secs] 
191.977: Total time for which application threads were stopped: 0.0005740 seconds, Stopping threads took: 0.0000370 seconds
192.016: Application time: 0.0388660 seconds
192.016: [GC [PSYoungGen: 7664K->528K(8192K)] 24452K->17316K(26112K), 0.0004720 secs] [Times: user=0.00 sys=0.00, real=0.00 secs] 
192.017: Total time for which application threads were stopped: 0.0005710 seconds, Stopping threads took: 0.0000390 seconds
192.056: Application time: 0.0389810 seconds
192.056: [GC [PSYoungGen: 7696K->512K(8192K)] 24484K->17300K(26112K), 0.0004320 secs] [Times: user=0.00 sys=0.00, real=0.00 secs] 
192.056: Total time for which application threads were stopped: 0.0005470 seconds, Stopping threads took: 0.0000510 seconds
192.095: Application time: 0.0389940 seconds
192.096: [GC [PSYoungGen: 7680K->496K(8192K)] 24468K->17284K(26112K), 0.0004700 secs] [Times: user=0.00 sys=0.00, real=0.00 secs] 
192.096: Total time for which application threads were stopped: 0.0005950 seconds, Stopping threads took: 0.0000620 seconds
192.135: Application time: 0.0391200 seconds
192.135: [GC [PSYoungGen: 7664K->496K(8192K)] 24452K->17284K(26112K), 0.0004870 secs] [Times: user=0.00 sys=0.00, real=0.00 secs] 
192.136: Total time for which application threads were stopped: 0.0006090 seconds, Stopping threads took: 0.0000480 seconds
192.175: Application time: 0.0390520 seconds
192.175: [GC [PSYoungGen: 7664K->496K(8192K)] 24452K->17284K(26112K), 0.0005280 secs] [Times: user=0.01 sys=0.00, real=0.00 secs] 
192.175: Total time for which application threads were stopped: 0.0006460 seconds, Stopping threads took: 0.0000560 seconds
192.214: Application time: 0.0388610 seconds
192.214: [GC [PSYoungGen: 7664K->480K(8192K)] 24452K->17268K(26112K), 0.0004160 secs] [Times: user=0.00 sys=0.00, real=0.00 secs] 
192.215: Total time for which application threads were stopped: 0.0005240 seconds, Stopping threads took: 0.0000460 seconds
192.254: Application time: 0.0394000 seconds
192.254: [GC [PSYoungGen: 7644K->512K(8192K)] 24432K->17300K(26112K), 0.0004620 secs] [Times: user=0.00 sys=0.00, real=0.00 secs] 
192.255: Total time for which application threads were stopped: 0.0005860 seconds, Stopping threads took: 0.0000600 seconds
192.293: Application time: 0.0382570 seconds
192.293: [GC [PSYoungGen: 7680K->528K(8192K)] 24468K->17316K(26112K), 0.0004190 secs] [Times: user=0.00 sys=0.00, real=0.00 secs] 
192.294: Total time for which application threads were stopped: 0.0005500 seconds, Stopping threads took: 0.0000670 seconds
192.332: Application time: 0.0388060 seconds
192.333: [GC [PSYoungGen: 7696K->560K(8192K)] 24484K->17348K(26112K), 0.0004240 secs] [Times: user=0.00 sys=0.00, real=0.00 secs] 
192.333: Total time for which application threads were stopped: 0.0005500 seconds, Stopping threads took: 0.0000570 seconds
192.372: Application time: 0.0388840 seconds
192.372: [GC [PSYoungGen: 7728K->528K(8192K)] 24516K->17316K(26112K), 0.0004320 secs] [Times: user=0.00 sys=0.00, real=0.00 secs] 
192.372: Total time for which application threads were stopped: 0.0005490 seconds, Stopping threads took: 0.0000540 seconds
192.412: Application time: 0.0392240 seconds
192.412: [GC [PSYoungGen: 7696K->512K(8192K)] 24484K->17300K(26112K), 0.0004170 secs] [Times: user=0.00 sys=0.00, real=0.00 secs] 
192.412: Total time for which application threads were stopped: 0.0005260 seconds, Stopping threads took: 0.0000470 seconds
192.451: Application time: 0.0389260 seconds
192.451: [GC [PSYoungGen: 7680K->432K(8192K)] 24468K->17260K(26112K), 0.0004410 secs] [Times: user=0.00 sys=0.00, real=0.00 secs] 
192.452: Total time for which application threads were stopped: 0.0005580 seconds, Stopping threads took: 0.0000530 seconds
192.491: Application time: 0.0388770 seconds
192.491: [GC [PSYoungGen: 7600K->320K(8192K)] 24428K->17264K(26112K), 0.0004700 secs] [Times: user=0.00 sys=0.00, real=0.00 secs] 
192.491: Total time for which application threads were stopped: 0.0005840 seconds, Stopping threads took: 0.0000520 seconds
192.530: Application time: 0.0392540 seconds
192.530: [GC [PSYoungGen: 7488K->320K(8192K)] 24432K->17336K(26112K), 0.0004320 secs] [Times: user=0.01 sys=0.00, real=0.00 secs] 
192.531: Total time for which application threads were stopped: 0.0005410 seconds, Stopping threads took: 0.0000480 seconds
192.570: Application time: 0.0386690 seconds
192.570: [GC [PSYoungGen: 7488K->256K(8192K)] 24504K->17376K(26112K), 0.0004280 secs] [Times: user=0.00 sys=0.00, real=0.00 secs] 
192.570: Total time for which application threads were stopped: 0.0005420 seconds, Stopping threads took: 0.0000500 seconds
192.609: Application time: 0.0390650 seconds
192.609: [GC [PSYoungGen: 7424K->256K(8192K)] 24544K->17376K(26112K), 0.0003850 secs] [Times: user=0.01 sys=0.00, real=0.00 secs] 
192.610: Total time for which application threads were stopped: 0.0004870 seconds, Stopping threads took: 0.0000400 seconds
192.648: Application time: 0.0381790 seconds
192.649: [GC [PSYoungGen: 7424K->320K(8192K)] 24544K->17440K(26112K), 0.0004790 secs] [Times: user=0.00 sys=0.00, real=0.00 secs] 
192.650: Total time for which application threads were stopped: 0.0017090 seconds, Stopping threads took: 0.0011470 seconds
192.687: Application time: 0.0371140 seconds
192.687: [GC [PSYoungGen: 7488K->400K(8192K)] 24608K->17520K(26112K), 0.0004070 secs] [Times: user=0.00 sys=0.00, real=0.00 secs] 
192.687: Total time for which application threads were stopped: 0.0005220 seconds, Stopping threads took: 0.0000500 seconds
192.727: Application time: 0.0401830 seconds
192.728: [GC [PSYoungGen: 7568K->528K(8192K)] 24688K->17648K(26112K), 0.0004680 secs] [Times: user=0.00 sys=0.00, real=0.00 secs] 
192.728: Total time for which application threads were stopped: 0.0005790 seconds, Stopping threads took: 0.0000420 seconds
192.767: Application time: 0.0389300 seconds
192.767: [GC [PSYoungGen: 7696K->480K(8192K)] 24816K->17600K(26112K), 0.0004490 secs] [Times: user=0.00 sys=0.00, real=0.00 secs] 
192.768: Total time for which application threads were stopped: 0.0005680 seconds, Stopping threads took: 0.0000550 seconds
192.807: Application time: 0.0394480 seconds
192.807: [GC [PSYoungGen: 7648K->480K(8192K)] 24768K->17600K(26112K), 0.0004440 secs] [Times: user=0.00 sys=0.00, real=0.00 secs] 
192.807: Total time for which application threads were stopped: 0.0005420 seconds, Stopping threads took: 0.0000360 seconds
192.846: Application time: 0.0389010 seconds
192.846: [GC [PSYoungGen: 7648K->512K(8192K)] 24768K->17632K(26112K), 0.0004570 secs] [Times: user=0.01 sys=0.00, real=0.00 secs] 
192.847: Total time for which application threads were stopped: 0.0005670 seconds, Stopping threads took: 0.0000460 seconds
192.886: Application time: 0.0389460 seconds
192.886: [GC [PSYoungGen: 7680K->512K(8192K)] 24800K->17632K(26112K), 0.0005030 secs] [Times: user=0.00 sys=0.00, real=0.00 secs] 
192.887: Total time for which application threads were stopped: 0.0006130 seconds, Stopping threads took: 0.0000440 seconds
192.926: Application time: 0.0390060 seconds
192.926: [GC [PSYoungGen: 7680K->480K(8192K)] 24800K->17600K(26112K), 0.0004360 secs] [Times: user=0.00 sys=0.00, real=0.00 secs] 
192.926: Total time for which application threads were stopped: 0.0005490 seconds, Stopping threads took: 0.0000490 seconds
192.965: Application time: 0.0391170 seconds
192.965: [GC [PSYoungGen: 7648K->512K(8192K)] 24768K->17632K(26112K), 0.0004510 secs] [Times: user=0.01 sys=0.00, real=0.00 secs] 
192.966: Total time for which application threads were stopped: 0.0005750 seconds, Stopping threads took: 0.0000600 seconds
193.005: Application time: 0.0392310 seconds
193.005: [GC [PSYoungGen: 7680K->496K(8192K)] 24800K->17616K(26112K), 0.0004600 secs] [Times: user=0.00 sys=0.00, real=0.00 secs] 
193.006: Total time for which application threads were stopped: 0.0005750 seconds, Stopping threads took: 0.0000430 seconds
193.044: Application time: 0.0387960 seconds
193.044: [GC [PSYoungGen: 7664K->480K(8192K)] 24784K->17600K(26112K), 0.0004470 secs] [Times: user=0.00 sys=0.00, real=0.00 secs] 
193.045: Total time for which application threads were stopped: 0.0005820 seconds, Stopping threads took: 0.0000680 seconds
193.084: Application time: 0.0387820 seconds
193.084: [GC [PSYoungGen: 7648K->496K(8192K)] 24768K->17616K(26112K), 0.0004370 secs] [Times: user=0.01 sys=0.00, real=0.00 secs] 
193.084: Total time for which application threads were stopped: 0.0005460 seconds, Stopping threads took: 0.0000460 seconds
193.123: Application time: 0.0387440 seconds
193.123: [GC [PSYoungGen: 7664K->496K(8192K)] 24784K->17616K(26112K), 0.0004410 secs] [Times: user=0.00 sys=0.00, real=0.00 secs] 
193.124: Total time for which application threads were stopped: 0.0005620 seconds, Stopping threads took: 0.0000550 seconds
193.163: Application time: 0.0389360 seconds
193.163: [GC [PSYoungGen: 7664K->496K(8192K)] 24784K->17616K(26112K), 0.0004380 secs] [Times: user=0.00 sys=0.00, real=0.00 secs] 
193.163: Total time for which application threads were stopped: 0.0005640 seconds, Stopping threads took: 0.0000540 seconds
193.202: Application time: 0.0391250 seconds
193.202: [GC [PSYoungGen: 7664K->480K(8192K)] 24784K->17600K(26112K), 0.0004470 secs] [Times: user=0.00 sys=0.00, real=0.00 secs] 
193.203: Total time for which application threads were stopped: 0.0005560 seconds, Stopping threads took: 0.0000460 seconds
193.242: Application time: 0.0389120 seconds
193.242: [GC [PSYoungGen: 7648K->464K(8192K)] 24768K->17672K(26112K), 0.0004390 secs] [Times: user=0.00 sys=0.00, real=0.00 secs] 
193.242: Total time for which application threads were stopped: 0.0005470 seconds, Stopping threads took: 0.0000460 seconds
193.281: Application time: 0.0391100 seconds
193.281: [GC [PSYoungGen: 7632K->288K(8192K)] 24840K->17640K(26112K), 0.0004570 secs] [Times: user=0.01 sys=0.00, real=0.00 secs] 
193.282: Total time for which application threads were stopped: 0.0005760 seconds, Stopping threads took: 0.0000560 seconds
193.321: Application time: 0.0388720 seconds
193.321: [GC [PSYoungGen: 7456K->256K(8192K)] 24808K->17704K(26112K), 0.0004010 secs] [Times: user=0.00 sys=0.00, real=0.01 secs] 
193.321: Total time for which application threads were stopped: 0.0005080 seconds, Stopping threads took: 0.0000460 seconds
193.361: Application time: 0.0394690 seconds
193.361: [GC [PSYoungGen: 7424K->224K(8192K)] 24872K->17672K(26112K), 0.0004780 secs] [Times: user=0.01 sys=0.00, real=0.01 secs] 
193.361: Total time for which application threads were stopped: 0.0005800 seconds, Stopping threads took: 0.0000410 seconds
193.400: Application time: 0.0389360 seconds
193.400: [GC [PSYoungGen: 7392K->240K(8192K)] 24840K->17688K(26112K), 0.0004050 secs] [Times: user=0.00 sys=0.00, real=0.00 secs] 
193.401: Total time for which application threads were stopped: 0.0005250 seconds, Stopping threads took: 0.0000540 seconds
193.440: Application time: 0.0387120 seconds
193.440: [GC [PSYoungGen: 7408K->256K(8192K)] 24856K->17704K(26112K), 0.0004180 secs] [Times: user=0.00 sys=0.00, real=0.00 secs] 
193.440: Total time for which application threads were stopped: 0.0005250 seconds, Stopping threads took: 0.0000450 seconds
193.477: Application time: 0.0364340 seconds
193.477: [GC [PSYoungGen: 7424K->432K(8192K)] 24872K->17880K(26112K), 0.0004400 secs] [Times: user=0.00 sys=0.00, real=0.00 secs] 
193.477: Total time for which application threads were stopped: 0.0005730 seconds, Stopping threads took: 0.0000680 seconds
193.515: Application time: 0.0382460 seconds
193.515: [GC [PSYoungGen: 7600K->480K(8192K)] 25048K->17928K(26112K), 0.0005210 secs] [Times: user=0.00 sys=0.00, real=0.00 secs] 
193.516: Total time for which application threads were stopped: 0.0006260 seconds, Stopping threads took: 0.0000410 seconds
193.556: Application time: 0.0397180 seconds
193.556: [GC [PSYoungGen: 7648K->480K(8192K)] 25096K->17928K(26112K), 0.0004520 secs] [Times: user=0.01 sys=0.00, real=0.00 secs] 
193.556: Total time for which application threads were stopped: 0.0005610 seconds, Stopping threads took: 0.0000470 seconds
193.600: Application time: 0.0435020 seconds
193.601: [GC [PSYoungGen: 7648K->496K(8192K)] 25096K->17944K(26112K), 0.0006440 secs] [Times: user=0.00 sys=0.00, real=0.00 secs] 
193.602: Total time for which application threads were stopped: 0.0020240 seconds, Stopping threads took: 0.0013100 seconds
193.643: Application time: 0.0413560 seconds
193.643: [GC [PSYoungGen: 7664K->496K(8192K)] 25112K->17944K(26112K), 0.0005050 secs] [Times: user=0.00 sys=0.00, real=0.00 secs] 
193.644: Total time for which application threads were stopped: 0.0006500 seconds, Stopping threads took: 0.0000700 seconds
193.683: Application time: 0.0390150 seconds
193.683: [GC [PSYoungGen: 7664K->512K(8192K)] 25112K->17960K(26112K), 0.0004470 secs] [Times: user=0.01 sys=0.00, real=0.00 secs] 
193.683: Total time for which application threads were stopped: 0.0005760 seconds, Stopping threads took: 0.0000530 seconds
193.723: Application time: 0.0392210 seconds
193.723: [GC [PSYoungGen: 7680K->496K(8192K)] 25128K->17944K(26112K), 0.0004480 secs] [Times: user=0.00 sys=0.00, real=0.00 secs] 
193.723: Total time for which application threads were stopped: 0.0005590 seconds, Stopping threads took: 0.0000440 seconds
193.762: Application time: 0.0389520 seconds
193.762: [GC [PSYoungGen: 7664K->496K(8192K)] 25112K->17944K(26112K), 0.0004530 secs] [Times: user=0.00 sys=0.00, real=0.00 secs] 
193.763: Total time for which application threads were stopped: 0.0005670 seconds, Stopping threads took: 0.0000500 seconds
193.802: Application time: 0.0392770 seconds
193.802: [GC [PSYoungGen: 7664K->496K(8192K)] 25112K->17944K(26112K), 0.0004460 secs] [Times: user=0.00 sys=0.00, real=0.00 secs] 
193.803: Total time for which application threads were stopped: 0.0005640 seconds, Stopping threads took: 0.0000540 seconds
193.841: Application time: 0.0387800 seconds
193.841: [GC [PSYoungGen: 7664K->512K(8192K)] 25112K->17960K(26112K), 0.0004230 secs] [Times: user=0.00 sys=0.00, real=0.00 secs] 
193.842: Total time for which application threads were stopped: 0.0005330 seconds, Stopping threads took: 0.0000480 seconds
193.881: Application time: 0.0388350 seconds
193.881: [GC [PSYoungGen: 7680K->528K(8192K)] 25128K->17976K(26112K), 0.0004860 secs] [Times: user=0.01 sys=0.00, real=0.01 secs] 
193.881: Total time for which application threads were stopped: 0.0006000 seconds, Stopping threads took: 0.0000480 seconds
193.920: Application time: 0.0388300 seconds
193.920: [GC [PSYoungGen: 7696K->512K(8192K)] 25144K->17960K(26112K), 0.0004240 secs] [Times: user=0.00 sys=0.00, real=0.00 secs] 
193.921: Total time for which application threads were stopped: 0.0005430 seconds, Stopping threads took: 0.0000550 seconds
193.960: Application time: 0.0389100 seconds
193.960: [GC [PSYoungGen: 7680K->512K(8192K)] 25128K->17960K(26112K), 0.0004260 secs] [Times: user=0.00 sys=0.00, real=0.00 secs] 
193.960: Total time for which application threads were stopped: 0.0005340 seconds, Stopping threads took: 0.0000460 seconds
193.999: Application time: 0.0390090 seconds
193.999: [GC [PSYoungGen: 7680K->496K(8192K)] 25128K->17944K(26112K), 0.0004410 secs] [Times: user=0.00 sys=0.00, real=0.00 secs] 
194.000: Total time for which application threads were stopped: 0.0005440 seconds, Stopping threads took: 0.0000430 seconds
194.039: Application time: 0.0390620 seconds
194.039: [GC [PSYoungGen: 7664K->464K(8192K)] 25112K->17976K(26112K), 0.0004450 secs] [Times: user=0.00 sys=0.00, real=0.00 secs] 
194.039: Total time for which application threads were stopped: 0.0005580 seconds, Stopping threads took: 0.0000500 seconds
194.078: Application time: 0.0389380 seconds
194.078: [GC [PSYoungGen: 7632K->304K(8192K)] 25144K->17992K(26112K), 0.0004280 secs] [Times: user=0.01 sys=0.00, real=0.00 secs] 
194.079: [Full GC [PSYoungGen: 304K->0K(8192K)] [ParOldGen: 17688K->2034K(17920K)] 17992K->2034K(26112K) [PSPermGen: 6075K->6075K(21504K)], 0.0054350 secs] [Times: user=0.02 sys=0.00, real=0.01 secs] 
194.084: Total time for which application threads were stopped: 0.0060270 seconds, Stopping threads took: 0.0000510 seconds
194.124: Application time: 0.0393580 seconds
194.124: [GC [PSYoungGen: 7168K->256K(8192K)] 9202K->2290K(26112K), 0.0003790 secs] [Times: user=0.00 sys=0.00, real=0.00 secs] 
194.124: Total time for which application threads were stopped: 0.0004980 seconds, Stopping threads took: 0.0000510 seconds
194.163: Application time: 0.0388960 seconds
194.163: [GC [PSYoungGen: 7424K->256K(8192K)] 9458K->2290K(26112K), 0.0003380 secs] [Times: user=0.00 sys=0.00, real=0.00 secs] 
194.163: Total time for which application threads were stopped: 0.0004680 seconds, Stopping threads took: 0.0000660 seconds
194.202: Application time: 0.0382230 seconds
194.202: [GC [PSYoungGen: 7424K->224K(8192K)] 9458K->2258K(26112K), 0.0003960 secs] [Times: user=0.00 sys=0.00, real=0.00 secs] 
194.202: Total time for which application threads were stopped: 0.0005060 seconds, Stopping threads took: 0.0000400 seconds
194.240: Application time: 0.0375220 seconds
194.240: [GC [PSYoungGen: 7392K->336K(8192K)] 9426K->2370K(26112K), 0.0003580 secs] [Times: user=0.00 sys=0.00, real=0.00 secs] 
194.240: Total time for which application threads were stopped: 0.0004660 seconds, Stopping threads took: 0.0000470 seconds
194.278: Application time: 0.0378260 seconds
194.278: [GC [PSYoungGen: 7504K->384K(8192K)] 9538K->2418K(26112K), 0.0003920 secs] [Times: user=0.00 sys=0.00, real=0.00 secs] 
194.279: Total time for which application threads were stopped: 0.0005060 seconds, Stopping threads took: 0.0000520 seconds
194.316: Application time: 0.0379490 seconds
194.317: [GC [PSYoungGen: 7552K->528K(8192K)] 9586K->2562K(26112K), 0.0004210 secs] [Times: user=0.00 sys=0.00, real=0.00 secs] 
194.317: Total time for which application threads were stopped: 0.0005370 seconds, Stopping threads took: 0.0000540 seconds
194.356: Application time: 0.0390990 seconds
194.356: [GC [PSYoungGen: 7696K->480K(8192K)] 9730K->2514K(26112K), 0.0004200 secs] [Times: user=0.00 sys=0.00, real=0.00 secs] 
194.357: Total time for which application threads were stopped: 0.0005350 seconds, Stopping threads took: 0.0000520 seconds
194.396: Application time: 0.0391840 seconds
194.396: [GC [PSYoungGen: 7648K->544K(8192K)] 9682K->2578K(26112K), 0.0004070 secs] [Times: user=0.00 sys=0.00, real=0.00 secs] 
194.396: Total time for which application threads were stopped: 0.0005160 seconds, Stopping threads took: 0.0000450 seconds
194.436: Application time: 0.0392880 seconds
194.436: [GC [PSYoungGen: 7712K->496K(8192K)] 9746K->2530K(26112K), 0.0004180 secs] [Times: user=0.01 sys=0.00, real=0.00 secs] 
194.436: Total time for which application threads were stopped: 0.0005210 seconds, Stopping threads took: 0.0000430 seconds
194.475: Application time: 0.0389560 seconds
194.475: [GC [PSYoungGen: 7664K->512K(8192K)] 9698K->2546K(26112K), 0.0004160 secs] [Times: user=0.00 sys=0.00, real=0.00 secs] 
194.476: Total time for which application threads were stopped: 0.0005210 seconds, Stopping threads took: 0.0000430 seconds
194.514: Application time: 0.0388170 seconds
194.515: [GC [PSYoungGen: 7680K->512K(8192K)] 9714K->2546K(26112K), 0.0004330 secs] [Times: user=0.00 sys=0.00, real=0.00 secs] 
194.515: Total time for which application threads were stopped: 0.0005670 seconds, Stopping threads took: 0.0000700 seconds
194.554: Application time: 0.0388130 seconds
194.554: [GC [PSYoungGen: 7680K->480K(8192K)] 9714K->2514K(26112K), 0.0004300 secs] [Times: user=0.00 sys=0.00, real=0.00 secs] 
194.554: Total time for which application threads were stopped: 0.0005430 seconds, Stopping threads took: 0.0000510 seconds
194.593: Application time: 0.0389410 seconds
194.593: [GC [PSYoungGen: 7648K->496K(8192K)] 9682K->2530K(26112K), 0.0004010 secs] [Times: user=0.01 sys=0.00, real=0.00 secs] 
194.594: Total time for which application threads were stopped: 0.0005080 seconds, Stopping threads took: 0.0000450 seconds
194.633: Application time: 0.0387440 seconds
194.633: [GC [PSYoungGen: 7664K->544K(8192K)] 9698K->2578K(26112K), 0.0004740 secs] [Times: user=0.00 sys=0.00, real=0.00 secs] 
194.633: Total time for which application threads were stopped: 0.0005870 seconds, Stopping threads took: 0.0000490 seconds
194.672: Application time: 0.0389450 seconds
194.672: [GC [PSYoungGen: 7712K->464K(8192K)] 9746K->2498K(26112K), 0.0004750 secs] [Times: user=0.00 sys=0.00, real=0.00 secs] 
194.673: Total time for which application threads were stopped: 0.0006100 seconds, Stopping threads took: 0.0000620 seconds
194.712: Application time: 0.0388440 seconds
194.712: [GC [PSYoungGen: 7632K->480K(8192K)] 9666K->2522K(26112K), 0.0004460 secs] [Times: user=0.00 sys=0.00, real=0.00 secs] 
194.712: Total time for which application threads were stopped: 0.0005690 seconds, Stopping threads took: 0.0000500 seconds
194.751: Application time: 0.0388910 seconds
194.751: [GC [PSYoungGen: 7648K->512K(8192K)] 9690K->2554K(26112K), 0.0004750 secs] [Times: user=0.00 sys=0.00, real=0.00 secs] 
194.752: Total time for which application threads were stopped: 0.0005850 seconds, Stopping threads took: 0.0000470 seconds
194.791: Application time: 0.0390910 seconds
194.791: [GC [PSYoungGen: 7680K->448K(8192K)] 9722K->2538K(26112K), 0.0004570 secs] [Times: user=0.00 sys=0.00, real=0.00 secs] 
194.791: Total time for which application threads were stopped: 0.0005700 seconds, Stopping threads took: 0.0000510 seconds
194.830: Application time: 0.0389430 seconds
194.830: [GC [PSYoungGen: 7616K->400K(8192K)] 9706K->2602K(26112K), 0.0004440 secs] [Times: user=0.00 sys=0.00, real=0.00 secs] 
194.831: Total time for which application threads were stopped: 0.0005580 seconds, Stopping threads took: 0.0000520 seconds
194.870: Application time: 0.0391180 seconds
194.870: [GC [PSYoungGen: 7568K->288K(8192K)] 9770K->2570K(26112K), 0.0003840 secs] [Times: user=0.00 sys=0.00, real=0.00 secs] 
194.870: Total time for which application threads were stopped: 0.0004990 seconds, Stopping threads took: 0.0000530 seconds
194.909: Application time: 0.0390030 seconds
194.910: [GC [PSYoungGen: 7456K->272K(8192K)] 9738K->2642K(26112K), 0.0004020 secs] [Times: user=0.00 sys=0.00, real=0.00 secs] 
194.910: Total time for which application threads were stopped: 0.0005320 seconds, Stopping threads took: 0.0000660 seconds
194.949: Application time: 0.0389840 seconds
194.949: [GC [PSYoungGen: 7440K->240K(8192K)] 9810K->2610K(26112K), 0.0003760 secs] [Times: user=0.00 sys=0.00, real=0.00 secs] 
194.949: Total time for which application threads were stopped: 0.0004840 seconds, Stopping threads took: 0.0000480 seconds
194.988: Application time: 0.0383650 seconds
194.988: [GC [PSYoungGen: 7408K->256K(8192K)] 9778K->2627K(26112K), 0.0003830 secs] [Times: user=0.00 sys=0.00, real=0.00 secs] 
194.988: Total time for which application threads were stopped: 0.0004910 seconds, Stopping threads took: 0.0000470 seconds
195.026: Application time: 0.0377510 seconds
195.026: [GC [PSYoungGen: 7424K->384K(8192K)] 9795K->2755K(26112K), 0.0004470 secs] [Times: user=0.00 sys=0.00, real=0.00 secs] 
195.027: Total time for which application threads were stopped: 0.0005530 seconds, Stopping threads took: 0.0000430 seconds
195.064: Application time: 0.0374270 seconds
195.064: [GC [PSYoungGen: 7552K->464K(8192K)] 9923K->2835K(26112K), 0.0004370 secs] [Times: user=0.00 sys=0.00, real=0.00 secs] 
195.065: Total time for which application threads were stopped: 0.0005470 seconds, Stopping threads took: 0.0000470 seconds
195.103: Application time: 0.0385750 seconds
195.103: [GC [PSYoungGen: 7632K->480K(8192K)] 10003K->2851K(26112K), 0.0004160 secs] [Times: user=0.00 sys=0.00, real=0.00 secs] 
195.104: Total time for which application threads were stopped: 0.0005250 seconds, Stopping threads took: 0.0000430 seconds
195.143: Application time: 0.0394080 seconds
195.143: [GC [PSYoungGen: 7648K->496K(8192K)] 10019K->2867K(26112K), 0.0004120 secs] [Times: user=0.00 sys=0.00, real=0.00 secs] 
195.144: Total time for which application threads were stopped: 0.0005060 seconds, Stopping threads took: 0.0000340 seconds
195.182: Application time: 0.0389030 seconds
195.183: [GC [PSYoungGen: 7664K->528K(8192K)] 10035K->2899K(26112K), 0.0005100 secs] [Times: user=0.00 sys=0.00, real=0.00 secs] 
195.183: Total time for which application threads were stopped: 0.0006330 seconds, Stopping threads took: 0.0000620 seconds
195.222: Application time: 0.0388130 seconds
195.222: [GC [PSYoungGen: 7696K->480K(8192K)] 10067K->2851K(26112K), 0.0004150 secs] [Times: user=0.00 sys=0.00, real=0.00 secs] 
195.222: Total time for which application threads were stopped: 0.0005330 seconds, Stopping threads took: 0.0000490 seconds
195.262: Application time: 0.0391240 seconds
195.262: [GC [PSYoungGen: 7648K->496K(8192K)] 10019K->2867K(26112K), 0.0004220 secs] [Times: user=0.00 sys=0.00, real=0.00 secs] 
195.262: Total time for which application threads were stopped: 0.0005460 seconds, Stopping threads took: 0.0000630 seconds
195.302: Application time: 0.0394130 seconds
195.302: [GC [PSYoungGen: 7664K->528K(8192K)] 10035K->2899K(26112K), 0.0004140 secs] [Times: user=0.01 sys=0.00, real=0.00 secs] 
195.302: Total time for which application threads were stopped: 0.0005220 seconds, Stopping threads took: 0.0000470 seconds
195.341: Application time: 0.0388830 seconds
195.341: [GC [PSYoungGen: 7696K->512K(8192K)] 10067K->2883K(26112K), 0.0004120 secs] [Times: user=0.00 sys=0.00, real=0.00 secs] 
195.341: Total time for which application threads were stopped: 0.0005340 seconds, Stopping threads took: 0.0000570 seconds
195.380: Application time: 0.0388530 seconds
195.380: [GC [PSYoungGen: 7680K->496K(8192K)] 10051K->2867K(26112K), 0.0004440 secs] [Times: user=0.00 sys=0.00, real=0.00 secs] 
195.381: Total time for which application threads were stopped: 0.0005600 seconds, Stopping threads took: 0.0000510 seconds
195.420: Application time: 0.0386770 seconds
195.420: [GC [PSYoungGen: 7664K->496K(8192K)] 10035K->2867K(26112K), 0.0004780 secs] [Times: user=0.00 sys=0.00, real=0.00 secs] 
195.420: Total time for which application threads were stopped: 0.0005950 seconds, Stopping threads took: 0.0000520 seconds
195.459: Application time: 0.0384830 seconds
195.459: [GC [PSYoungGen: 7664K->464K(8192K)] 10035K->2835K(26112K), 0.0004920 secs] [Times: user=0.00 sys=0.00, real=0.00 secs] 
195.459: Total time for which application threads were stopped: 0.0005950 seconds, Stopping threads took: 0.0000410 seconds
195.498: Application time: 0.0391590 seconds
195.499: [GC [PSYoungGen: 7632K->480K(8192K)] 10003K->2851K(26112K), 0.0004230 secs] [Times: user=0.00 sys=0.00, real=0.00 secs] 
195.499: Total time for which application threads were stopped: 0.0005360 seconds, Stopping threads took: 0.0000530 seconds
195.538: Application time: 0.0389900 seconds
195.538: [GC [PSYoungGen: 7648K->480K(8192K)] 10019K->2851K(26112K), 0.0004090 secs] [Times: user=0.00 sys=0.00, real=0.00 secs] 
195.538: Total time for which application threads were stopped: 0.0005190 seconds, Stopping threads took: 0.0000470 seconds
195.578: Application time: 0.0392740 seconds
195.578: [GC [PSYoungGen: 7648K->448K(8192K)] 10019K->2867K(26112K), 0.0004070 secs] [Times: user=0.01 sys=0.00, real=0.00 secs] 
195.578: Total time for which application threads were stopped: 0.0005130 seconds, Stopping threads took: 0.0000440 seconds
195.617: Application time: 0.0389240 seconds
195.617: [GC [PSYoungGen: 7616K->368K(8192K)] 10035K->2907K(26112K), 0.0004300 secs] [Times: user=0.00 sys=0.00, real=0.00 secs] 
195.618: Total time for which application threads were stopped: 0.0005410 seconds, Stopping threads took: 0.0000480 seconds
195.657: Application time: 0.0395110 seconds
195.657: [GC [PSYoungGen: 7536K->304K(8192K)] 10075K->2971K(26112K), 0.0004370 secs] [Times: user=0.00 sys=0.00, real=0.00 secs] 
195.658: Total time for which application threads were stopped: 0.0005570 seconds, Stopping threads took: 0.0000470 seconds
195.697: Application time: 0.0391590 seconds
195.697: [GC [PSYoungGen: 7472K->256K(8192K)] 10139K->2979K(26112K), 0.0003760 secs] [Times: user=0.00 sys=0.00, real=0.00 secs] 
195.697: Total time for which application threads were stopped: 0.0005110 seconds, Stopping threads took: 0.0000610 seconds
195.736: Application time: 0.0382540 seconds
195.736: [GC [PSYoungGen: 7424K->272K(8192K)] 10147K->2995K(26112K), 0.0003710 secs] [Times: user=0.00 sys=0.00, real=0.00 secs] 
195.736: Total time for which application threads were stopped: 0.0005000 seconds, Stopping threads took: 0.0000540 seconds
195.775: Application time: 0.0387290 seconds
195.775: [GC [PSYoungGen: 7435K->272K(8192K)] 10159K->2995K(26112K), 0.0004020 secs] [Times: user=0.01 sys=0.00, real=0.00 secs] 
195.775: Total time for which application threads were stopped: 0.0005170 seconds, Stopping threads took: 0.0000510 seconds
195.813: Application time: 0.0372850 seconds
195.813: [GC [PSYoungGen: 7440K->400K(8192K)] 10163K->3123K(26112K), 0.0003830 secs] [Times: user=0.00 sys=0.00, real=0.00 secs] 
195.813: Total time for which application threads were stopped: 0.0004950 seconds, Stopping threads took: 0.0000510 seconds
195.851: Application time: 0.0372800 seconds
195.851: [GC [PSYoungGen: 7568K->464K(8192K)] 10291K->3187K(26112K), 0.0004740 secs] [Times: user=0.00 sys=0.00, real=0.00 secs] 
195.851: Total time for which application threads were stopped: 0.0005770 seconds, Stopping threads took: 0.0000410 seconds
195.890: Application time: 0.0389230 seconds
195.890: [GC [PSYoungGen: 7632K->528K(8192K)] 10355K->3251K(26112K), 0.0004150 secs] [Times: user=0.00 sys=0.00, real=0.00 secs] 
195.891: Total time for which application threads were stopped: 0.0005220 seconds, Stopping threads took: 0.0000470 seconds
195.929: Application time: 0.0389220 seconds
195.930: [GC [PSYoungGen: 7696K->512K(8192K)] 10419K->3235K(26112K), 0.0004890 secs] [Times: user=0.00 sys=0.00, real=0.00 secs] 
195.930: Total time for which application threads were stopped: 0.0005900 seconds, Stopping threads took: 0.0000390 seconds
195.969: Application time: 0.0392080 seconds
195.969: [GC [PSYoungGen: 7680K->512K(8192K)] 10403K->3235K(26112K), 0.0004330 secs] [Times: user=0.01 sys=0.00, real=0.00 secs] 
195.970: Total time for which application threads were stopped: 0.0005390 seconds, Stopping threads took: 0.0000460 seconds
196.009: Application time: 0.0389760 seconds
196.009: [GC [PSYoungGen: 7680K->512K(8192K)] 10403K->3235K(26112K), 0.0004180 secs] [Times: user=0.00 sys=0.00, real=0.01 secs] 
196.009: Total time for which application threads were stopped: 0.0005260 seconds, Stopping threads took: 0.0000460 seconds
196.048: Application time: 0.0388700 seconds
196.048: [GC [PSYoungGen: 7680K->512K(8192K)] 10403K->3235K(26112K), 0.0004040 secs] [Times: user=0.00 sys=0.00, real=0.00 secs] 
196.049: Total time for which application threads were stopped: 0.0005120 seconds, Stopping threads took: 0.0000480 seconds
196.088: Application time: 0.0391310 seconds
196.088: [GC [PSYoungGen: 7680K->480K(8192K)] 10403K->3203K(26112K), 0.0004160 secs] [Times: user=0.00 sys=0.00, real=0.00 secs] 
196.088: Total time for which application threads were stopped: 0.0005230 seconds, Stopping threads took: 0.0000410 seconds
196.127: Application time: 0.0389810 seconds
196.127: [GC [PSYoungGen: 7648K->496K(8192K)] 10371K->3219K(26112K), 0.0004710 secs] [Times: user=0.00 sys=0.00, real=0.00 secs] 
196.128: Total time for which application threads were stopped: 0.0005920 seconds, Stopping threads took: 0.0000550 seconds
196.167: Application time: 0.0388710 seconds
196.167: [GC [PSYoungGen: 7664K->512K(8192K)] 10387K->3235K(26112K), 0.0004540 secs] [Times: user=0.00 sys=0.00, real=0.00 secs] 
196.167: Total time for which application threads were stopped: 0.0005630 seconds, Stopping threads took: 0.0000470 seconds
196.206: Application time: 0.0388300 seconds
196.206: [GC [PSYoungGen: 7680K->496K(8192K)] 10403K->3219K(26112K), 0.0004130 secs] [Times: user=0.00 sys=0.00, real=0.00 secs] 
196.207: Total time for which application threads were stopped: 0.0005150 seconds, Stopping threads took: 0.0000390 seconds
196.246: Application time: 0.0387790 seconds
196.249: [GC [PSYoungGen: 7664K->464K(8192K)] 10387K->3187K(26112K), 0.0004290 secs] [Times: user=0.00 sys=0.00, real=0.00 secs] 
196.250: Total time for which application threads were stopped: 0.0040080 seconds, Stopping threads took: 0.0035050 seconds
196.288: Application time: 0.0388800 seconds
196.288: [GC [PSYoungGen: 7632K->480K(8192K)] 10355K->3203K(26112K), 0.0004280 secs] [Times: user=0.01 sys=0.00, real=0.00 secs] 
196.289: Total time for which application threads were stopped: 0.0005250 seconds, Stopping threads took: 0.0000350 seconds
196.328: Application time: 0.0388230 seconds
196.328: [GC [PSYoungGen: 7648K->464K(8192K)] 10371K->3243K(26112K), 0.0004040 secs] [Times: user=0.00 sys=0.00, real=0.00 secs] 
196.328: Total time for which application threads were stopped: 0.0005180 seconds, Stopping threads took: 0.0000540 seconds
196.367: Application time: 0.0390250 seconds
196.367: [GC [PSYoungGen: 7632K->448K(8192K)] 10411K->3235K(26112K), 0.0004790 secs] [Times: user=0.00 sys=0.00, real=0.00 secs] 
196.368: Total time for which application threads were stopped: 0.0005850 seconds, Stopping threads took: 0.0000460 seconds
196.407: Application time: 0.0388660 seconds
196.407: [GC [PSYoungGen: 7616K->320K(8192K)] 10403K->3259K(26112K), 0.0004100 secs] [Times: user=0.01 sys=0.00, real=0.00 secs] 
196.407: Total time for which application threads were stopped: 0.0005190 seconds, Stopping threads took: 0.0000450 seconds
196.446: Application time: 0.0390320 seconds
196.446: [GC [PSYoungGen: 7488K->256K(8192K)] 10427K->3323K(26112K), 0.0004010 secs] [Times: user=0.00 sys=0.00, real=0.00 secs] 
196.447: Total time for which application threads were stopped: 0.0005260 seconds, Stopping threads took: 0.0000620 seconds
196.486: Application time: 0.0388510 seconds
196.486: [GC [PSYoungGen: 7424K->256K(8192K)] 10491K->3323K(26112K), 0.0003700 secs] [Times: user=0.00 sys=0.00, real=0.00 secs] 
196.486: Total time for which application threads were stopped: 0.0004730 seconds, Stopping threads took: 0.0000430 seconds
196.525: Application time: 0.0383950 seconds
196.525: [GC [PSYoungGen: 7424K->272K(8192K)] 10491K->3339K(26112K), 0.0003610 secs] [Times: user=0.00 sys=0.00, real=0.00 secs] 
196.525: Total time for which application threads were stopped: 0.0004690 seconds, Stopping threads took: 0.0000470 seconds
196.564: Application time: 0.0384830 seconds
196.564: [GC [PSYoungGen: 7434K->336K(8192K)] 10501K->3403K(26112K), 0.0004090 secs] [Times: user=0.00 sys=0.00, real=0.00 secs] 
196.564: Total time for which application threads were stopped: 0.0005140 seconds, Stopping threads took: 0.0000430 seconds
196.602: Application time: 0.0375300 seconds
196.602: [GC [PSYoungGen: 7504K->400K(8192K)] 10571K->3467K(26112K), 0.0004140 secs] [Times: user=0.00 sys=0.00, real=0.00 secs] 
196.602: Total time for which application threads were stopped: 0.0005260 seconds, Stopping threads took: 0.0000500 seconds
196.640: Application time: 0.0380900 seconds
196.640: [GC [PSYoungGen: 7568K->480K(8192K)] 10635K->3547K(26112K), 0.0004700 secs] [Times: user=0.00 sys=0.00, real=0.00 secs] 
196.641: Total time for which application threads were stopped: 0.0006030 seconds, Stopping threads took: 0.0000610 seconds
196.680: Application time: 0.0388470 seconds
196.680: [GC [PSYoungGen: 7648K->496K(8192K)] 10715K->3563K(26112K), 0.0004240 secs] [Times: user=0.00 sys=0.00, real=0.00 secs] 
196.680: Total time for which application threads were stopped: 0.0005410 seconds, Stopping threads took: 0.0000540 seconds
196.719: Application time: 0.0390330 seconds
196.719: [GC [PSYoungGen: 7664K->480K(8192K)] 10731K->3547K(26112K), 0.0004480 secs] [Times: user=0.00 sys=0.00, real=0.00 secs] 
196.720: Total time for which application threads were stopped: 0.0005590 seconds, Stopping threads took: 0.0000480 seconds
196.759: Application time: 0.0391160 seconds
196.759: [GC [PSYoungGen: 7648K->512K(8192K)] 10715K->3579K(26112K), 0.0004160 secs] [Times: user=0.00 sys=0.00, real=0.00 secs] 
196.759: Total time for which application threads were stopped: 0.0005400 seconds, Stopping threads took: 0.0000500 seconds
196.798: Application time: 0.0390060 seconds
196.799: [GC [PSYoungGen: 7680K->512K(8192K)] 10747K->3579K(26112K), 0.0004680 secs] [Times: user=0.00 sys=0.00, real=0.00 secs] 
196.799: Total time for which application threads were stopped: 0.0005820 seconds, Stopping threads took: 0.0000510 seconds
196.838: Application time: 0.0391730 seconds
196.838: [GC [PSYoungGen: 7680K->512K(8192K)] 10747K->3579K(26112K), 0.0004200 secs] [Times: user=0.00 sys=0.00, real=0.00 secs] 
196.839: Total time for which application threads were stopped: 0.0005260 seconds, Stopping threads took: 0.0000440 seconds
196.878: Application time: 0.0394490 seconds
196.878: [GC [PSYoungGen: 7680K->496K(8192K)] 10747K->3563K(26112K), 0.0004280 secs] [Times: user=0.00 sys=0.00, real=0.00 secs] 
196.879: Total time for which application threads were stopped: 0.0005330 seconds, Stopping threads took: 0.0000450 seconds
196.918: Application time: 0.0389610 seconds
196.918: [GC [PSYoungGen: 7664K->512K(8192K)] 10731K->3579K(26112K), 0.0004100 secs] [Times: user=0.00 sys=0.00, real=0.00 secs] 
196.918: Total time for which application threads were stopped: 0.0005260 seconds, Stopping threads took: 0.0000530 seconds
196.957: Application time: 0.0387760 seconds
196.957: [GC [PSYoungGen: 7680K->464K(8192K)] 10747K->3531K(26112K), 0.0004400 secs] [Times: user=0.00 sys=0.00, real=0.00 secs] 
196.958: Total time for which application threads were stopped: 0.0005480 seconds, Stopping threads took: 0.0000480 seconds
196.997: Application time: 0.0393240 seconds
196.997: [GC [PSYoungGen: 7632K->496K(8192K)] 10699K->3563K(26112K), 0.0004620 secs] [Times: user=0.00 sys=0.00, real=0.00 secs] 
196.997: Total time for which application threads were stopped: 0.0005660 seconds, Stopping threads took: 0.0000410 seconds
197.037: Application time: 0.0393830 seconds
197.037: [GC [PSYoungGen: 7664K->544K(8192K)] 10731K->3611K(26112K), 0.0004250 secs] [Times: user=0.01 sys=0.00, real=0.00 secs] 
197.037: Total time for which application threads were stopped: 0.0005360 seconds, Stopping threads took: 0.0000490 seconds
197.077: Application time: 0.0392360 seconds
197.077: [GC [PSYoungGen: 7712K->464K(8192K)] 10779K->3531K(26112K), 0.0004160 secs] [Times: user=0.00 sys=0.00, real=0.00 secs] 
197.077: Total time for which application threads were stopped: 0.0005230 seconds, Stopping threads took: 0.0000440 seconds
197.116: Application time: 0.0388380 seconds
197.116: [GC [PSYoungGen: 7632K->464K(8192K)] 10699K->3579K(26112K), 0.0004190 secs] [Times: user=0.00 sys=0.00, real=0.00 secs] 
197.116: Total time for which application threads were stopped: 0.0005390 seconds, Stopping threads took: 0.0000550 seconds
197.156: Application time: 0.0393710 seconds
197.156: [GC [PSYoungGen: 7632K->432K(8192K)] 10747K->3603K(26112K), 0.0004170 secs] [Times: user=0.00 sys=0.00, real=0.00 secs] 
197.156: Total time for which application threads were stopped: 0.0005230 seconds, Stopping threads took: 0.0000430 seconds
197.195: Application time: 0.0389220 seconds
197.195: [GC [PSYoungGen: 7600K->304K(8192K)] 10771K->3595K(26112K), 0.0004090 secs] [Times: user=0.00 sys=0.00, real=0.00 secs] 
197.196: Total time for which application threads were stopped: 0.0005140 seconds, Stopping threads took: 0.0000420 seconds
197.235: Application time: 0.0391640 seconds
197.235: [GC [PSYoungGen: 7472K->256K(8192K)] 10763K->3667K(26112K), 0.0003750 secs] [Times: user=0.01 sys=0.00, real=0.00 secs] 
197.235: Total time for which application threads were stopped: 0.0004840 seconds, Stopping threads took: 0.0000490 seconds
197.275: Application time: 0.0391710 seconds
197.275: [GC [PSYoungGen: 7424K->240K(8192K)] 10835K->3651K(26112K), 0.0003940 secs] [Times: user=0.00 sys=0.00, real=0.00 secs] 
197.275: Total time for which application threads were stopped: 0.0005140 seconds, Stopping threads took: 0.0000450 seconds
197.313: Application time: 0.0382590 seconds
197.313: [GC [PSYoungGen: 7408K->240K(8192K)] 10819K->3651K(26112K), 0.0004290 secs] [Times: user=0.00 sys=0.00, real=0.00 secs] 
197.314: Total time for which application threads were stopped: 0.0005400 seconds, Stopping threads took: 0.0000390 seconds
197.351: Application time: 0.0374890 seconds
197.352: [GC [PSYoungGen: 7408K->352K(8192K)] 10819K->3763K(26112K), 0.0003800 secs] [Times: user=0.00 sys=0.00, real=0.00 secs] 
197.352: Total time for which application threads were stopped: 0.0004960 seconds, Stopping threads took: 0.0000520 seconds
197.390: Application time: 0.0383320 seconds
197.390: [GC [PSYoungGen: 7520K->368K(8192K)] 10931K->3779K(26112K), 0.0003880 secs] [Times: user=0.00 sys=0.00, real=0.00 secs] 
197.391: Total time for which application threads were stopped: 0.0005010 seconds, Stopping threads took: 0.0000480 seconds
197.429: Application time: 0.0385390 seconds
197.429: [GC [PSYoungGen: 7536K->512K(8192K)] 10947K->3923K(26112K), 0.0004550 secs] [Times: user=0.00 sys=0.00, real=0.00 secs] 
197.430: Total time for which application threads were stopped: 0.0005560 seconds, Stopping threads took: 0.0000380 seconds
197.469: Application time: 0.0389290 seconds
197.469: [GC [PSYoungGen: 7680K->464K(8192K)] 11091K->3875K(26112K), 0.0004330 secs] [Times: user=0.01 sys=0.00, real=0.01 secs] 
197.469: Total time for which application threads were stopped: 0.0005400 seconds, Stopping threads took: 0.0000430 seconds
197.508: Application time: 0.0388750 seconds
197.508: [GC [PSYoungGen: 7632K->448K(8192K)] 11043K->3859K(26112K), 0.0004200 secs] [Times: user=0.00 sys=0.00, real=0.00 secs] 
197.509: Total time for which application threads were stopped: 0.0005360 seconds, Stopping threads took: 0.0000530 seconds
197.548: Application time: 0.0390200 seconds
197.548: [GC [PSYoungGen: 7616K->528K(8192K)] 11027K->3939K(26112K), 0.0004120 secs] [Times: user=0.00 sys=0.00, real=0.00 secs] 
197.548: Total time for which application threads were stopped: 0.0005200 seconds, Stopping threads took: 0.0000490 seconds
197.588: Application time: 0.0396730 seconds
197.588: [GC [PSYoungGen: 7696K->464K(8192K)] 11107K->3875K(26112K), 0.0004210 secs] [Times: user=0.00 sys=0.00, real=0.00 secs] 
197.588: Total time for which application threads were stopped: 0.0005400 seconds, Stopping threads took: 0.0000570 seconds
197.627: Application time: 0.0388590 seconds
197.627: [GC [PSYoungGen: 7632K->496K(8192K)] 11043K->3907K(26112K), 0.0004040 secs] [Times: user=0.00 sys=0.00, real=0.00 secs] 
197.628: Total time for which application threads were stopped: 0.0005090 seconds, Stopping threads took: 0.0000430 seconds
197.667: Application time: 0.0391800 seconds
197.667: [GC [PSYoungGen: 7664K->480K(8192K)] 11075K->3891K(26112K), 0.0004740 secs] [Times: user=0.00 sys=0.00, real=0.00 secs] 
197.668: Total time for which application threads were stopped: 0.0005850 seconds, Stopping threads took: 0.0000410 seconds
197.706: Application time: 0.0387620 seconds
197.706: [GC [PSYoungGen: 7648K->496K(8192K)] 11059K->3907K(26112K), 0.0005200 secs] [Times: user=0.00 sys=0.00, real=0.00 secs] 
197.707: Total time for which application threads were stopped: 0.0006360 seconds, Stopping threads took: 0.0000530 seconds
197.746: Application time: 0.0387880 seconds
197.746: [GC [PSYoungGen: 7664K->448K(8192K)] 11075K->3859K(26112K), 0.0004500 secs] [Times: user=0.00 sys=0.00, real=0.00 secs] 
197.746: Total time for which application threads were stopped: 0.0005630 seconds, Stopping threads took: 0.0000500 seconds
197.785: Application time: 0.0388260 seconds
197.785: [GC [PSYoungGen: 7616K->496K(8192K)] 11027K->3907K(26112K), 0.0004190 secs] [Times: user=0.00 sys=0.00, real=0.00 secs] 
197.786: Total time for which application threads were stopped: 0.0005280 seconds, Stopping threads took: 0.0000360 seconds
197.825: Application time: 0.0388320 seconds
197.825: [GC [PSYoungGen: 7664K->496K(8192K)] 11075K->3907K(26112K), 0.0004640 secs] [Times: user=0.01 sys=0.00, real=0.00 secs] 
197.825: Total time for which application threads were stopped: 0.0005910 seconds, Stopping threads took: 0.0000610 seconds
197.864: Application time: 0.0388740 seconds
197.864: [GC [PSYoungGen: 7664K->480K(8192K)] 11075K->3891K(26112K), 0.0004230 secs] [Times: user=0.01 sys=0.00, real=0.00 secs] 
197.865: Total time for which application threads were stopped: 0.0005310 seconds, Stopping threads took: 0.0000430 seconds
197.903: Application time: 0.0388250 seconds
197.903: [GC [PSYoungGen: 7648K->480K(8192K)] 11059K->3947K(26112K), 0.0004480 secs] [Times: user=0.00 sys=0.00, real=0.00 secs] 
197.904: Total time for which application threads were stopped: 0.0005520 seconds, Stopping threads took: 0.0000460 seconds
197.943: Application time: 0.0390810 seconds
197.943: [GC [PSYoungGen: 7648K->368K(8192K)] 11115K->3947K(26112K), 0.0004160 secs] [Times: user=0.00 sys=0.00, real=0.00 secs] 
197.944: Total time for which application threads were stopped: 0.0005270 seconds, Stopping threads took: 0.0000480 seconds
197.983: Application time: 0.0392930 seconds
197.983: [GC [PSYoungGen: 7536K->336K(8192K)] 11115K->3963K(26112K), 0.0004190 secs] [Times: user=0.00 sys=0.00, real=0.00 secs] 
197.983: Total time for which application threads were stopped: 0.0005360 seconds, Stopping threads took: 0.0000550 seconds
198.022: Application time: 0.0389540 seconds
198.022: [GC [PSYoungGen: 7504K->256K(8192K)] 11131K->4019K(26112K), 0.0003790 secs] [Times: user=0.01 sys=0.00, real=0.00 secs] 
198.023: Total time for which application threads were stopped: 0.0004890 seconds, Stopping threads took: 0.0000480 seconds
198.062: Application time: 0.0390090 seconds
198.062: [GC [PSYoungGen: 7424K->256K(8192K)] 11187K->4019K(26112K), 0.0004030 secs] [Times: user=0.00 sys=0.00, real=0.00 secs] 
198.062: Total time for which application threads were stopped: 0.0005040 seconds, Stopping threads took: 0.0000410 seconds
198.100: Application time: 0.0377760 seconds
198.100: [GC [PSYoungGen: 7424K->288K(8192K)] 11187K->4052K(26112K), 0.0003940 secs] [Times: user=0.00 sys=0.00, real=0.00 secs] 
198.101: Total time for which application threads were stopped: 0.0005110 seconds, Stopping threads took: 0.0000540 seconds
198.139: Application time: 0.0381980 seconds
198.139: [GC [PSYoungGen: 7456K->384K(8192K)] 11220K->4148K(26112K), 0.0003740 secs] [Times: user=0.00 sys=0.00, real=0.00 secs] 
198.139: Total time for which application threads were stopped: 0.0004810 seconds, Stopping threads took: 0.0000450 seconds
198.178: Application time: 0.0384870 seconds
198.178: [GC [PSYoungGen: 7552K->368K(8192K)] 11316K->4132K(26112K), 0.0004040 secs] [Times: user=0.00 sys=0.00, real=0.00 secs] 
198.178: Total time for which application threads were stopped: 0.0005060 seconds, Stopping threads took: 0.0000390 seconds
198.216: Application time: 0.0373150 seconds
198.216: [GC [PSYoungGen: 7536K->512K(8192K)] 11300K->4276K(26112K), 0.0004100 secs] [Times: user=0.00 sys=0.00, real=0.00 secs] 
198.216: Total time for which application threads were stopped: 0.0005240 seconds, Stopping threads took: 0.0000500 seconds
198.255: Application time: 0.0391200 seconds
198.255: [GC [PSYoungGen: 7680K->496K(8192K)] 11444K->4260K(26112K), 0.0004230 secs] [Times: user=0.00 sys=0.00, real=0.00 secs] 
198.256: Total time for which application threads were stopped: 0.0005350 seconds, Stopping threads took: 0.0000500 seconds
198.295: Application time: 0.0388540 seconds
198.295: [GC [PSYoungGen: 7664K->480K(8192K)] 11428K->4244K(26112K), 0.0004170 secs] [Times: user=0.00 sys=0.00, real=0.00 secs] 
198.295: Total time for which application threads were stopped: 0.0005320 seconds, Stopping threads took: 0.0000450 seconds
198.334: Application time: 0.0389850 seconds
198.334: [GC [PSYoungGen: 7648K->512K(8192K)] 11412K->4276K(26112K), 0.0004280 secs] [Times: user=0.00 sys=0.00, real=0.00 secs] 
198.335: Total time for which application threads were stopped: 0.0005380 seconds, Stopping threads took: 0.0000470 seconds
198.374: Application time: 0.0392240 seconds
198.374: [GC [PSYoungGen: 7680K->528K(8192K)] 11444K->4292K(26112K), 0.0004260 secs] [Times: user=0.00 sys=0.00, real=0.00 secs] 
198.375: Total time for which application threads were stopped: 0.0005380 seconds, Stopping threads took: 0.0000500 seconds
198.414: Application time: 0.0391250 seconds
198.414: [GC [PSYoungGen: 7696K->512K(8192K)] 11460K->4276K(26112K), 0.0004550 secs] [Times: user=0.00 sys=0.00, real=0.00 secs] 
198.414: Total time for which application threads were stopped: 0.0005790 seconds, Stopping threads took: 0.0000610 seconds
198.454: Application time: 0.0393940 seconds
198.454: [GC [PSYoungGen: 7680K->512K(8192K)] 11444K->4276K(26112K), 0.0004620 secs] [Times: user=0.00 sys=0.00, real=0.00 secs] 
198.454: Total time for which application threads were stopped: 0.0005960 seconds, Stopping threads took: 0.0000700 seconds
198.493: Application time: 0.0389190 seconds
198.493: [GC [PSYoungGen: 7680K->512K(8192K)] 11444K->4276K(26112K), 0.0004110 secs] [Times: user=0.00 sys=0.00, real=0.00 secs] 
198.494: Total time for which application threads were stopped: 0.0005260 seconds, Stopping threads took: 0.0000520 seconds
198.533: Application time: 0.0391360 seconds
198.533: [GC [PSYoungGen: 7680K->496K(8192K)] 11444K->4260K(26112K), 0.0004260 secs] [Times: user=0.00 sys=0.00, real=0.00 secs] 
198.533: Total time for which application threads were stopped: 0.0005320 seconds, Stopping threads took: 0.0000440 seconds
198.572: Application time: 0.0387870 seconds
198.572: [GC [PSYoungGen: 7664K->496K(8192K)] 11428K->4260K(26112K), 0.0004200 secs] [Times: user=0.00 sys=0.00, real=0.00 secs] 
198.573: Total time for which application threads were stopped: 0.0005220 seconds, Stopping threads took: 0.0000420 seconds
198.611: Application time: 0.0387850 seconds
198.612: [GC [PSYoungGen: 7664K->528K(8192K)] 11428K->4291K(26112K), 0.0005080 secs] [Times: user=0.00 sys=0.00, real=0.00 secs] 
198.613: Total time for which application threads were stopped: 0.0017090 seconds, Stopping threads took: 0.0000520 seconds
198.652: Application time: 0.0390250 seconds
198.653: [GC [PSYoungGen: 7696K->496K(8192K)] 11459K->4259K(26112K), 0.0005830 secs] [Times: user=0.00 sys=0.00, real=0.00 secs] 
198.654: Total time for which application threads were stopped: 0.0015390 seconds, Stopping threads took: 0.0008850 seconds
198.693: Application time: 0.0394990 seconds
198.693: [GC [PSYoungGen: 7664K->368K(8192K)] 11427K->4220K(26112K), 0.0004270 secs] [Times: user=0.00 sys=0.00, real=0.00 secs] 
198.694: Total time for which application threads were stopped: 0.0005350 seconds, Stopping threads took: 0.0000410 seconds
198.733: Application time: 0.0390870 seconds
198.733: [GC [PSYoungGen: 7536K->368K(8192K)] 11388K->4308K(26112K), 0.0004120 secs] [Times: user=0.00 sys=0.01, real=0.00 secs] 
198.733: Total time for which application threads were stopped: 0.0005290 seconds, Stopping threads took: 0.0000510 seconds
198.772: Application time: 0.0388470 seconds
198.772: [GC [PSYoungGen: 7536K->304K(8192K)] 11476K->4284K(26112K), 0.0004380 secs] [Times: user=0.00 sys=0.00, real=0.00 secs] 
198.773: Total time for which application threads were stopped: 0.0005550 seconds, Stopping threads took: 0.0000540 seconds
198.812: Application time: 0.0388820 seconds
198.812: [GC [PSYoungGen: 7472K->224K(8192K)] 11452K->4320K(26112K), 0.0004440 secs] [Times: user=0.00 sys=0.00, real=0.00 secs] 
198.812: Total time for which application threads were stopped: 0.0005620 seconds, Stopping threads took: 0.0000490 seconds
198.851: Application time: 0.0384930 seconds
198.851: [GC [PSYoungGen: 7392K->272K(8192K)] 11488K->4368K(26112K), 0.0003720 secs] [Times: user=0.00 sys=0.00, real=0.00 secs] 
198.851: Total time for which application threads were stopped: 0.0004800 seconds, Stopping threads took: 0.0000460 seconds
198.890: Application time: 0.0385990 seconds
198.893: [GC [PSYoungGen: 7440K->320K(8192K)] 11536K->4416K(26112K), 0.0004470 secs] [Times: user=0.00 sys=0.00, real=0.00 secs] 
198.894: Total time for which application threads were stopped: 0.0037710 seconds, Stopping threads took: 0.0032620 seconds
198.931: Application time: 0.0379430 seconds
198.932: [GC [PSYoungGen: 7488K->400K(8192K)] 11584K->4496K(26112K), 0.0004300 secs] [Times: user=0.00 sys=0.00, real=0.00 secs] 
198.932: Total time for which application threads were stopped: 0.0005680 seconds, Stopping threads took: 0.0000680 seconds
198.969: Application time: 0.0372300 seconds
198.969: [GC [PSYoungGen: 7568K->480K(8192K)] 11664K->4576K(26112K), 0.0004710 secs] [Times: user=0.00 sys=0.00, real=0.00 secs] 
198.970: Total time for which application threads were stopped: 0.0005720 seconds, Stopping threads took: 0.0000380 seconds
199.009: Application time: 0.0387670 seconds
199.009: [GC [PSYoungGen: 7648K->496K(8192K)] 11744K->4592K(26112K), 0.0004270 secs] [Times: user=0.00 sys=0.00, real=0.01 secs] 
199.009: Total time for which application threads were stopped: 0.0005310 seconds, Stopping threads took: 0.0000430 seconds
199.048: Application time: 0.0389400 seconds
199.048: [GC [PSYoungGen: 7664K->496K(8192K)] 11760K->4592K(26112K), 0.0004690 secs] [Times: user=0.00 sys=0.00, real=0.00 secs] 
199.049: Total time for which application threads were stopped: 0.0005820 seconds, Stopping threads took: 0.0000500 seconds
199.088: Application time: 0.0389150 seconds
199.089: [GC [PSYoungGen: 7664K->464K(8192K)] 11760K->4560K(26112K), 0.0004260 secs] [Times: user=0.00 sys=0.00, real=0.00 secs] 
199.090: Total time for which application threads were stopped: 0.0019020 seconds, Stopping threads took: 0.0014110 seconds
199.129: Application time: 0.0394990 seconds
199.129: [GC [PSYoungGen: 7632K->544K(8192K)] 11728K->4640K(26112K), 0.0004270 secs] [Times: user=0.01 sys=0.00, real=0.00 secs] 
199.130: Total time for which application threads were stopped: 0.0005520 seconds, Stopping threads took: 0.0000590 seconds
199.169: Application time: 0.0389380 seconds
199.169: [GC [PSYoungGen: 7712K->480K(8192K)] 11808K->4576K(26112K), 0.0004330 secs] [Times: user=0.00 sys=0.00, real=0.01 secs] 
199.169: Total time for which application threads were stopped: 0.0005380 seconds, Stopping threads took: 0.0000430 seconds
199.208: Application time: 0.0389250 seconds
199.208: [GC [PSYoungGen: 7648K->512K(8192K)] 11744K->4608K(26112K), 0.0003990 secs] [Times: user=0.00 sys=0.00, real=0.00 secs] 
199.208: Total time for which application threads were stopped: 0.0005140 seconds, Stopping threads took: 0.0000510 seconds
199.247: Application time: 0.0387760 seconds
199.247: [GC [PSYoungGen: 7680K->480K(8192K)] 11776K->4576K(26112K), 0.0004140 secs] [Times: user=0.01 sys=0.00, real=0.00 secs] 
199.248: Total time for which application threads were stopped: 0.0005180 seconds, Stopping threads took: 0.0000430 seconds
199.287: Application time: 0.0388790 seconds
199.287: [GC [PSYoungGen: 7648K->512K(8192K)] 11744K->4608K(26112K), 0.0004470 secs] [Times: user=0.00 sys=0.00, real=0.00 secs] 
199.287: Total time for which application threads were stopped: 0.0005550 seconds, Stopping threads took: 0.0000450 seconds
199.326: Application time: 0.0388650 seconds
199.326: [GC [PSYoungGen: 7680K->528K(8192K)] 11776K->4624K(26112K), 0.0004680 secs] [Times: user=0.00 sys=0.00, real=0.00 secs] 
199.327: Total time for which application threads were stopped: 0.0005840 seconds, Stopping threads took: 0.0000460 seconds
199.365: Application time: 0.0385840 seconds
199.365: [GC [PSYoungGen: 7696K->512K(8192K)] 11792K->4608K(26112K), 0.0004130 secs] [Times: user=0.00 sys=0.00, real=0.00 secs] 
199.366: Total time for which application threads were stopped: 0.0005320 seconds, Stopping threads took: 0.0000580 seconds
199.405: Application time: 0.0389700 seconds
199.405: [GC [PSYoungGen: 7680K->512K(8192K)] 11776K->4608K(26112K), 0.0004210 secs] [Times: user=0.00 sys=0.00, real=0.00 secs] 
199.405: Total time for which application threads were stopped: 0.0005290 seconds, Stopping threads took: 0.0000470 seconds
199.444: Application time: 0.0391600 seconds
199.445: [GC [PSYoungGen: 7680K->464K(8192K)] 11776K->4608K(26112K), 0.0004290 secs] [Times: user=0.00 sys=0.00, real=0.00 secs] 
199.445: Total time for which application threads were stopped: 0.0005460 seconds, Stopping threads took: 0.0000520 seconds
199.484: Application time: 0.0391080 seconds
199.484: [GC [PSYoungGen: 7632K->448K(8192K)] 11776K->4632K(26112K), 0.0004370 secs] [Times: user=0.00 sys=0.00, real=0.00 secs] 
199.485: Total time for which application threads were stopped: 0.0005550 seconds, Stopping threads took: 0.0000490 seconds
199.524: Application time: 0.0388680 seconds
199.524: [GC [PSYoungGen: 7616K->384K(8192K)] 11800K->4656K(26112K), 0.0003950 secs] [Times: user=0.01 sys=0.00, real=0.00 secs] 
199.524: Total time for which application threads were stopped: 0.0005000 seconds, Stopping threads took: 0.0000460 seconds
199.563: Application time: 0.0390340 seconds
199.563: [GC [PSYoungGen: 7552K->256K(8192K)] 11824K->4640K(26112K), 0.0004320 secs] [Times: user=0.01 sys=0.00, real=0.00 secs] 
199.564: Total time for which application threads were stopped: 0.0005660 seconds, Stopping threads took: 0.0000670 seconds
199.603: Application time: 0.0388950 seconds
199.605: [GC [PSYoungGen: 7424K->256K(8192K)] 11808K->4672K(26112K), 0.0003860 secs] [Times: user=0.01 sys=0.00, real=0.00 secs] 
199.605: Total time for which application threads were stopped: 0.0029580 seconds, Stopping threads took: 0.0025090 seconds
199.644: Application time: 0.0388980 seconds
199.644: [GC [PSYoungGen: 7424K->272K(8192K)] 11840K->4688K(26112K), 0.0004160 secs] [Times: user=0.01 sys=0.00, real=0.00 secs] 
199.645: Total time for which application threads were stopped: 0.0005470 seconds, Stopping threads took: 0.0000550 seconds
199.683: Application time: 0.0377400 seconds
199.683: [GC [PSYoungGen: 7440K->304K(8192K)] 11856K->4720K(26112K), 0.0003890 secs] [Times: user=0.00 sys=0.00, real=0.00 secs] 
199.683: Total time for which application threads were stopped: 0.0005090 seconds, Stopping threads took: 0.0000560 seconds
199.721: Application time: 0.0382860 seconds
199.722: [GC [PSYoungGen: 7472K->352K(8192K)] 11888K->4768K(26112K), 0.0004280 secs] [Times: user=0.00 sys=0.00, real=0.00 secs] 
199.722: Total time for which application threads were stopped: 0.0005440 seconds, Stopping threads took: 0.0000520 seconds
199.759: Application time: 0.0373370 seconds
199.759: [GC [PSYoungGen: 7520K->512K(8192K)] 11936K->4928K(26112K), 0.0004460 secs] [Times: user=0.00 sys=0.00, real=0.00 secs] 
199.760: Total time for which application threads were stopped: 0.0005650 seconds, Stopping threads took: 0.0000530 seconds
199.799: Application time: 0.0388670 seconds
199.799: [GC [PSYoungGen: 7680K->496K(8192K)] 12096K->4912K(26112K), 0.0004300 secs] [Times: user=0.00 sys=0.00, real=0.00 secs] 
199.799: Total time for which application threads were stopped: 0.0005340 seconds, Stopping threads took: 0.0000400 seconds
199.838: Application time: 0.0389320 seconds
199.838: [GC [PSYoungGen: 7664K->512K(8192K)] 12080K->4928K(26112K), 0.0004400 secs] [Times: user=0.00 sys=0.00, real=0.00 secs] 
199.839: Total time for which application threads were stopped: 0.0005610 seconds, Stopping threads took: 0.0000480 seconds
199.878: Application time: 0.0391740 seconds
199.878: [GC [PSYoungGen: 7680K->480K(8192K)] 12096K->4896K(26112K), 0.0004380 secs] [Times: user=0.00 sys=0.00, real=0.00 secs] 
199.879: Total time for which application threads were stopped: 0.0005480 seconds, Stopping threads took: 0.0000490 seconds
199.918: Application time: 0.0391600 seconds
199.918: [GC [PSYoungGen: 7648K->496K(8192K)] 12064K->4912K(26112K), 0.0004260 secs] [Times: user=0.00 sys=0.00, real=0.00 secs] 
199.918: Total time for which application threads were stopped: 0.0005410 seconds, Stopping threads took: 0.0000540 seconds
199.957: Application time: 0.0390060 seconds
199.957: [GC [PSYoungGen: 7664K->496K(8192K)] 12080K->4912K(26112K), 0.0003990 secs] [Times: user=0.01 sys=0.00, real=0.00 secs] 
199.958: Total time for which application threads were stopped: 0.0005050 seconds, Stopping threads took: 0.0000440 seconds
199.997: Application time: 0.0388600 seconds
199.997: [GC [PSYoungGen: 7664K->512K(8192K)] 12080K->4928K(26112K), 0.0004910 secs] [Times: user=0.00 sys=0.00, real=0.00 secs] 
199.997: Total time for which application threads were stopped: 0.0006070 seconds, Stopping threads took: 0.0000530 seconds
200.036: Application time: 0.0390010 seconds
200.036: [GC [PSYoungGen: 7680K->464K(8192K)] 12096K->4880K(26112K), 0.0004210 secs] [Times: user=0.00 sys=0.00, real=0.00 secs] 
200.037: Total time for which application threads were stopped: 0.0005300 seconds, Stopping threads took: 0.0000470 seconds
200.076: Application time: 0.0387520 seconds
200.076: [GC [PSYoungGen: 7632K->496K(8192K)] 12048K->4912K(26112K), 0.0004320 secs] [Times: user=0.00 sys=0.00, real=0.00 secs] 
200.076: Total time for which application threads were stopped: 0.0005470 seconds, Stopping threads took: 0.0000510 seconds
200.115: Application time: 0.0387210 seconds
200.115: [GC [PSYoungGen: 7664K->512K(8192K)] 12080K->4928K(26112K), 0.0004260 secs] [Times: user=0.00 sys=0.00, real=0.00 secs] 
200.115: Total time for which application threads were stopped: 0.0005420 seconds, Stopping threads took: 0.0000520 seconds
200.154: Application time: 0.0389070 seconds
200.154: [GC [PSYoungGen: 7680K->480K(8192K)] 12096K->4896K(26112K), 0.0004170 secs] [Times: user=0.00 sys=0.00, real=0.00 secs] 
200.155: Total time for which application threads were stopped: 0.0005220 seconds, Stopping threads took: 0.0000420 seconds
200.194: Application time: 0.0389660 seconds
200.194: [GC [PSYoungGen: 7648K->448K(8192K)] 12064K->4864K(26112K), 0.0004220 secs] [Times: user=0.00 sys=0.00, real=0.00 secs] 
200.194: Total time for which application threads were stopped: 0.0005260 seconds, Stopping threads took: 0.0000400 seconds
200.233: Application time: 0.0388490 seconds
200.233: [GC [PSYoungGen: 7616K->464K(8192K)] 12032K->4928K(26112K), 0.0004540 secs] [Times: user=0.00 sys=0.00, real=0.00 secs] 
200.234: Total time for which application threads were stopped: 0.0005640 seconds, Stopping threads took: 0.0000480 seconds
200.273: Application time: 0.0390240 seconds
200.273: [GC [PSYoungGen: 7632K->400K(8192K)] 12096K->4952K(26112K), 0.0004220 secs] [Times: user=0.00 sys=0.01, real=0.00 secs] 
200.273: Total time for which application threads were stopped: 0.0005370 seconds, Stopping threads took: 0.0000530 seconds
200.312: Application time: 0.0388490 seconds
200.312: [GC [PSYoungGen: 7568K->320K(8192K)] 12120K->4952K(26112K), 0.0004050 secs] [Times: user=0.00 sys=0.00, real=0.00 secs] 
200.313: Total time for which application threads were stopped: 0.0005220 seconds, Stopping threads took: 0.0000530 seconds
200.351: Application time: 0.0388090 seconds
200.352: [GC [PSYoungGen: 7488K->256K(8192K)] 12120K->4992K(26112K), 0.0003910 secs] [Times: user=0.00 sys=0.00, real=0.00 secs] 
200.352: Total time for which application threads were stopped: 0.0005130 seconds, Stopping threads took: 0.0000510 seconds
200.391: Application time: 0.0388180 seconds
200.391: [GC [PSYoungGen: 7424K->256K(8192K)] 12160K->4992K(26112K), 0.0003710 secs] [Times: user=0.00 sys=0.00, real=0.00 secs] 
200.391: Total time for which application threads were stopped: 0.0004790 seconds, Stopping threads took: 0.0000480 seconds
200.430: Application time: 0.0385840 seconds
200.433: [GC [PSYoungGen: 7424K->272K(8192K)] 12160K->5008K(26112K), 0.0004210 secs] [Times: user=0.00 sys=0.00, real=0.00 secs] 
200.434: Total time for which application threads were stopped: 0.0036860 seconds, Stopping threads took: 0.0032040 seconds
200.471: Application time: 0.0374400 seconds
200.471: [GC [PSYoungGen: 7440K->384K(8192K)] 12176K->5120K(26112K), 0.0004020 secs] [Times: user=0.00 sys=0.00, real=0.00 secs] 
200.471: Total time for which application threads were stopped: 0.0005030 seconds, Stopping threads took: 0.0000380 seconds
200.509: Application time: 0.0379700 seconds
200.510: [GC [PSYoungGen: 7552K->432K(8192K)] 12288K->5168K(26112K), 0.0004030 secs] [Times: user=0.00 sys=0.00, real=0.00 secs] 
200.510: Total time for which application threads were stopped: 0.0005180 seconds, Stopping threads took: 0.0000510 seconds
200.548: Application time: 0.0380150 seconds
200.548: [GC [PSYoungGen: 7600K->512K(8192K)] 12336K->5248K(26112K), 0.0004150 secs] [Times: user=0.00 sys=0.00, real=0.00 secs] 
200.548: Total time for which application threads were stopped: 0.0005270 seconds, Stopping threads took: 0.0000490 seconds
200.587: Application time: 0.0389210 seconds
200.588: [GC [PSYoungGen: 7680K->496K(8192K)] 12416K->5232K(26112K), 0.0004390 secs] [Times: user=0.00 sys=0.00, real=0.00 secs] 
200.588: Total time for which application threads were stopped: 0.0005510 seconds, Stopping threads took: 0.0000510 seconds
200.627: Application time: 0.0389530 seconds
200.627: [GC [PSYoungGen: 7664K->544K(8192K)] 12400K->5280K(26112K), 0.0004040 secs] [Times: user=0.00 sys=0.00, real=0.00 secs] 
200.627: Total time for which application threads were stopped: 0.0005150 seconds, Stopping threads took: 0.0000480 seconds
200.667: Application time: 0.0394320 seconds
200.667: [GC [PSYoungGen: 7712K->496K(8192K)] 12448K->5232K(26112K), 0.0005010 secs] [Times: user=0.00 sys=0.00, real=0.00 secs] 
200.667: Total time for which application threads were stopped: 0.0006150 seconds, Stopping threads took: 0.0000480 seconds
200.707: Application time: 0.0391290 seconds
200.707: [GC [PSYoungGen: 7664K->528K(8192K)] 12400K->5264K(26112K), 0.0004280 secs] [Times: user=0.00 sys=0.00, real=0.00 secs] 
200.707: Total time for which application threads were stopped: 0.0005430 seconds, Stopping threads took: 0.0000510 seconds
200.746: Application time: 0.0389670 seconds
200.746: [GC [PSYoungGen: 7696K->496K(8192K)] 12432K->5232K(26112K), 0.0004700 secs] [Times: user=0.00 sys=0.00, real=0.00 secs] 
200.747: Total time for which application threads were stopped: 0.0005880 seconds, Stopping threads took: 0.0000560 seconds
200.786: Application time: 0.0388820 seconds
200.786: [GC [PSYoungGen: 7664K->544K(8192K)] 12400K->5280K(26112K), 0.0004220 secs] [Times: user=0.00 sys=0.00, real=0.00 secs] 
200.786: Total time for which application threads were stopped: 0.0005250 seconds, Stopping threads took: 0.0000420 seconds
200.825: Application time: 0.0390780 seconds
200.825: [GC [PSYoungGen: 7712K->512K(8192K)] 12448K->5248K(26112K), 0.0004060 secs] [Times: user=0.00 sys=0.00, real=0.00 secs] 
200.826: Total time for which application threads were stopped: 0.0005120 seconds, Stopping threads took: 0.0000450 seconds
200.864: Application time: 0.0386300 seconds
200.864: [GC [PSYoungGen: 7680K->512K(8192K)] 12416K->5248K(26112K), 0.0003930 secs] [Times: user=0.00 sys=0.00, real=0.00 secs] 
200.865: Total time for which application threads were stopped: 0.0005160 seconds, Stopping threads took: 0.0000520 seconds
200.904: Application time: 0.0386860 seconds
200.904: [GC [PSYoungGen: 7680K->512K(8192K)] 12416K->5248K(26112K), 0.0004160 secs] [Times: user=0.00 sys=0.00, real=0.00 secs] 
200.904: Total time for which application threads were stopped: 0.0005190 seconds, Stopping threads took: 0.0000420 seconds
200.943: Application time: 0.0388550 seconds
200.943: [GC [PSYoungGen: 7680K->512K(8192K)] 12416K->5248K(26112K), 0.0004220 secs] [Times: user=0.00 sys=0.00, real=0.00 secs] 
200.943: Total time for which application threads were stopped: 0.0005370 seconds, Stopping threads took: 0.0000530 seconds
200.983: Application time: 0.0392500 seconds
200.983: [GC [PSYoungGen: 7680K->496K(8192K)] 12416K->5232K(26112K), 0.0004310 secs] [Times: user=0.01 sys=0.00, real=0.00 secs] 
200.983: Total time for which application threads were stopped: 0.0005410 seconds, Stopping threads took: 0.0000490 seconds
201.022: Application time: 0.0390820 seconds
201.022: [GC [PSYoungGen: 7664K->480K(8192K)] 12400K->5264K(26112K), 0.0004340 secs] [Times: user=0.00 sys=0.00, real=0.00 secs] 
201.023: Total time for which application threads were stopped: 0.0005470 seconds, Stopping threads took: 0.0000480 seconds
201.062: Application time: 0.0390420 seconds
201.062: [GC [PSYoungGen: 7648K->336K(8192K)] 12432K->5240K(26112K), 0.0004590 secs] [Times: user=0.00 sys=0.00, real=0.00 secs] 
201.062: Total time for which application threads were stopped: 0.0005610 seconds, Stopping threads took: 0.0000400 seconds
201.101: Application time: 0.0389340 seconds
201.102: [GC [PSYoungGen: 7504K->288K(8192K)] 12408K->5288K(26112K), 0.0003960 secs] [Times: user=0.01 sys=0.00, real=0.00 secs] 
201.102: Total time for which application threads were stopped: 0.0005120 seconds, Stopping threads took: 0.0000470 seconds
201.141: Application time: 0.0390080 seconds
201.141: [GC [PSYoungGen: 7456K->256K(8192K)] 12456K->5344K(26112K), 0.0004060 secs] [Times: user=0.00 sys=0.00, real=0.00 secs] 
201.141: Total time for which application threads were stopped: 0.0005150 seconds, Stopping threads took: 0.0000470 seconds
201.180: Application time: 0.0385720 seconds
201.180: [GC [PSYoungGen: 7424K->256K(8192K)] 12512K->5345K(26112K), 0.0003890 secs] [Times: user=0.00 sys=0.00, real=0.00 secs] 
201.181: Total time for which application threads were stopped: 0.0005060 seconds, Stopping threads took: 0.0000570 seconds
201.219: Application time: 0.0388830 seconds
201.220: [GC [PSYoungGen: 7424K->272K(8192K)] 12513K->5361K(26112K), 0.0003970 secs] [Times: user=0.00 sys=0.00, real=0.00 secs] 
201.220: Total time for which application threads were stopped: 0.0004980 seconds, Stopping threads took: 0.0000390 seconds
201.257: Application time: 0.0373520 seconds
201.257: [GC [PSYoungGen: 7440K->368K(8192K)] 12529K->5457K(26112K), 0.0003980 secs] [Times: user=0.00 sys=0.00, real=0.00 secs] 
201.258: Total time for which application threads were stopped: 0.0005180 seconds, Stopping threads took: 0.0000570 seconds
201.295: Application time: 0.0373980 seconds
201.295: [GC [PSYoungGen: 7536K->480K(8192K)] 12625K->5569K(26112K), 0.0004790 secs] [Times: user=0.00 sys=0.00, real=0.00 secs] 
201.296: Total time for which application threads were stopped: 0.0005930 seconds, Stopping threads took: 0.0000520 seconds
201.334: Application time: 0.0386640 seconds
201.335: [GC [PSYoungGen: 7648K->464K(8192K)] 12737K->5553K(26112K), 0.0004760 secs] [Times: user=0.00 sys=0.00, real=0.00 secs] 
201.335: Total time for which application threads were stopped: 0.0005840 seconds, Stopping threads took: 0.0000440 seconds
201.374: Application time: 0.0389120 seconds
201.374: [GC [PSYoungGen: 7632K->528K(8192K)] 12721K->5617K(26112K), 0.0003970 secs] [Times: user=0.01 sys=0.00, real=0.00 secs] 
201.374: Total time for which application threads were stopped: 0.0005100 seconds, Stopping threads took: 0.0000350 seconds
201.414: Application time: 0.0392700 seconds
201.414: [GC [PSYoungGen: 7696K->464K(8192K)] 12785K->5553K(26112K), 0.0004610 secs] [Times: user=0.00 sys=0.00, real=0.00 secs] 
201.414: Total time for which application threads were stopped: 0.0005830 seconds, Stopping threads took: 0.0000560 seconds
201.453: Application time: 0.0389360 seconds
201.453: [GC [PSYoungGen: 7632K->528K(8192K)] 12721K->5617K(26112K), 0.0004240 secs] [Times: user=0.00 sys=0.00, real=0.00 secs] 
201.454: Total time for which application threads were stopped: 0.0005320 seconds, Stopping threads took: 0.0000460 seconds
201.493: Application time: 0.0392350 seconds
201.493: [GC [PSYoungGen: 7696K->544K(8192K)] 12785K->5633K(26112K), 0.0004250 secs] [Times: user=0.00 sys=0.00, real=0.00 secs] 
201.494: Total time for which application threads were stopped: 0.0005320 seconds, Stopping threads took: 0.0000440 seconds
201.532: Application time: 0.0388620 seconds
201.533: [GC [PSYoungGen: 7712K->496K(8192K)] 12801K->5585K(26112K), 0.0004020 secs] [Times: user=0.00 sys=0.00, real=0.00 secs] 
201.533: Total time for which application threads were stopped: 0.0005150 seconds, Stopping threads took: 0.0000520 seconds
201.572: Application time: 0.0388970 seconds
201.572: [GC [PSYoungGen: 7664K->464K(8192K)] 12753K->5553K(26112K), 0.0004340 secs] [Times: user=0.01 sys=0.00, real=0.00 secs] 
201.572: Total time for which application threads were stopped: 0.0005410 seconds, Stopping threads took: 0.0000430 seconds
201.611: Application time: 0.0388210 seconds
201.611: [GC [PSYoungGen: 7632K->448K(8192K)] 12721K->5537K(26112K), 0.0004080 secs] [Times: user=0.00 sys=0.00, real=0.00 secs] 
201.612: Total time for which application threads were stopped: 0.0005270 seconds, Stopping threads took: 0.0000560 seconds
201.651: Application time: 0.0391530 seconds
201.651: [GC [PSYoungGen: 7616K->512K(8192K)] 12705K->5601K(26112K), 0.0005200 secs] [Times: user=0.00 sys=0.00, real=0.00 secs] 
201.652: Total time for which application threads were stopped: 0.0006520 seconds, Stopping threads took: 0.0000560 seconds
201.690: Application time: 0.0384550 seconds
201.690: [GC [PSYoungGen: 7680K->480K(8192K)] 12769K->5569K(26112K), 0.0004650 secs] [Times: user=0.00 sys=0.00, real=0.00 secs] 
201.691: Total time for which application threads were stopped: 0.0005690 seconds, Stopping threads took: 0.0000410 seconds
201.729: Application time: 0.0387580 seconds
201.729: [GC [PSYoungGen: 7648K->544K(8192K)] 12737K->5633K(26112K), 0.0004640 secs] [Times: user=0.00 sys=0.00, real=0.00 secs] 
201.730: Total time for which application threads were stopped: 0.0005810 seconds, Stopping threads took: 0.0000520 seconds
201.769: Application time: 0.0391250 seconds
201.769: [GC [PSYoungGen: 7712K->496K(8192K)] 12801K->5641K(26112K), 0.0004170 secs] [Times: user=0.00 sys=0.00, real=0.00 secs] 
201.770: Total time for which application threads were stopped: 0.0005260 seconds, Stopping threads took: 0.0000450 seconds
201.809: Application time: 0.0390620 seconds
201.809: [GC [PSYoungGen: 7664K->448K(8192K)] 12809K->5593K(26112K), 0.0004500 secs] [Times: user=0.00 sys=0.00, real=0.01 secs] 
201.809: Total time for which application threads were stopped: 0.0005610 seconds, Stopping threads took: 0.0000480 seconds
201.848: Application time: 0.0388440 seconds
201.848: [GC [PSYoungGen: 7616K->352K(8192K)] 12761K->5617K(26112K), 0.0004100 secs] [Times: user=0.00 sys=0.00, real=0.00 secs] 
201.849: Total time for which application threads were stopped: 0.0005230 seconds, Stopping threads took: 0.0000520 seconds
201.887: Application time: 0.0388370 seconds
201.887: [GC [PSYoungGen: 7520K->256K(8192K)] 12785K->5633K(26112K), 0.0004170 secs] [Times: user=0.01 sys=0.00, real=0.00 secs] 
201.888: Total time for which application threads were stopped: 0.0005380 seconds, Stopping threads took: 0.0000520 seconds
201.927: Application time: 0.0388740 seconds
201.927: [GC [PSYoungGen: 7424K->256K(8192K)] 12801K->5689K(26112K), 0.0003790 secs] [Times: user=0.00 sys=0.00, real=0.00 secs] 
201.927: Total time for which application threads were stopped: 0.0004840 seconds, Stopping threads took: 0.0000430 seconds
201.966: Application time: 0.0384070 seconds
201.966: [GC [PSYoungGen: 7424K->272K(8192K)] 12857K->5705K(26112K), 0.0003740 secs] [Times: user=0.00 sys=0.00, real=0.00 secs] 
201.966: Total time for which application threads were stopped: 0.0004720 seconds, Stopping threads took: 0.0000370 seconds
202.004: Application time: 0.0382070 seconds
202.004: [GC [PSYoungGen: 7440K->288K(8192K)] 12873K->5721K(26112K), 0.0003800 secs] [Times: user=0.00 sys=0.00, real=0.00 secs] 
202.005: Total time for which application threads were stopped: 0.0004970 seconds, Stopping threads took: 0.0000560 seconds
202.043: Application time: 0.0384500 seconds
202.043: [GC [PSYoungGen: 7456K->384K(8192K)] 12889K->5817K(26112K), 0.0003840 secs] [Times: user=0.00 sys=0.00, real=0.00 secs] 
202.044: Total time for which application threads were stopped: 0.0004910 seconds, Stopping threads took: 0.0000460 seconds
202.081: Application time: 0.0376340 seconds
202.082: [GC [PSYoungGen: 7552K->480K(8192K)] 12985K->5913K(26112K), 0.0004260 secs] [Times: user=0.00 sys=0.00, real=0.00 secs] 
202.082: Total time for which application threads were stopped: 0.0005400 seconds, Stopping threads took: 0.0000500 seconds
202.121: Application time: 0.0385150 seconds
202.121: [GC [PSYoungGen: 7648K->528K(8192K)] 13081K->5961K(26112K), 0.0004150 secs] [Times: user=0.00 sys=0.00, real=0.01 secs] 
202.121: Total time for which application threads were stopped: 0.0005310 seconds, Stopping threads took: 0.0000530 seconds
202.160: Application time: 0.0389890 seconds
202.160: [GC [PSYoungGen: 7696K->496K(8192K)] 13129K->5929K(26112K), 0.0004920 secs] [Times: user=0.00 sys=0.00, real=0.00 secs] 
202.161: Total time for which application threads were stopped: 0.0006120 seconds, Stopping threads took: 0.0000580 seconds
202.200: Application time: 0.0390820 seconds
202.200: [GC [PSYoungGen: 7664K->496K(8192K)] 13097K->5929K(26112K), 0.0004340 secs] [Times: user=0.01 sys=0.00, real=0.00 secs] 
202.200: Total time for which application threads were stopped: 0.0005440 seconds, Stopping threads took: 0.0000470 seconds
202.239: Application time: 0.0387480 seconds
202.239: [GC [PSYoungGen: 7664K->512K(8192K)] 13097K->5945K(26112K), 0.0004930 secs] [Times: user=0.00 sys=0.00, real=0.00 secs] 
202.240: Total time for which application threads were stopped: 0.0006030 seconds, Stopping threads took: 0.0000470 seconds
202.279: Application time: 0.0393790 seconds
202.279: [GC [PSYoungGen: 7680K->528K(8192K)] 13113K->5961K(26112K), 0.0004190 secs] [Times: user=0.00 sys=0.00, real=0.00 secs] 
202.280: Total time for which application threads were stopped: 0.0005270 seconds, Stopping threads took: 0.0000480 seconds
202.318: Application time: 0.0388480 seconds
202.318: [GC [PSYoungGen: 7696K->528K(8192K)] 13129K->5961K(26112K), 0.0004960 secs] [Times: user=0.00 sys=0.00, real=0.00 secs] 
202.319: Total time for which application threads were stopped: 0.0006030 seconds, Stopping threads took: 0.0000430 seconds
202.358: Application time: 0.0388070 seconds
202.358: [GC [PSYoungGen: 7696K->480K(8192K)] 13129K->5913K(26112K), 0.0004240 secs] [Times: user=0.01 sys=0.00, real=0.00 secs] 
202.358: Total time for which application threads were stopped: 0.0005320 seconds, Stopping threads took: 0.0000480 seconds
202.397: Application time: 0.0387800 seconds
202.397: [GC [PSYoungGen: 7648K->496K(8192K)] 13081K->5929K(26112K), 0.0004140 secs] [Times: user=0.00 sys=0.00, real=0.00 secs] 
202.398: Total time for which application threads were stopped: 0.0005320 seconds, Stopping threads took: 0.0000490 seconds
202.436: Application time: 0.0384450 seconds
202.436: [GC [PSYoungGen: 7664K->480K(8192K)] 13097K->5913K(26112K), 0.0004780 secs] [Times: user=0.00 sys=0.00, real=0.00 secs] 
202.437: Total time for which application threads were stopped: 0.0005750 seconds, Stopping threads took: 0.0000390 seconds
202.476: Application time: 0.0389360 seconds
202.476: [GC [PSYoungGen: 7648K->512K(8192K)] 13081K->5945K(26112K), 0.0004270 secs] [Times: user=0.00 sys=0.00, real=0.00 secs] 
202.476: Total time for which application threads were stopped: 0.0005580 seconds, Stopping threads took: 0.0000680 seconds
202.515: Application time: 0.0389750 seconds
202.515: [GC [PSYoungGen: 7680K->528K(8192K)] 13113K->5961K(26112K), 0.0004030 secs] [Times: user=0.01 sys=0.00, real=0.00 secs] 
202.516: Total time for which application threads were stopped: 0.0005160 seconds, Stopping threads took: 0.0000510 seconds
202.555: Application time: 0.0388320 seconds
202.555: [GC [PSYoungGen: 7696K->448K(8192K)] 13129K->5937K(26112K), 0.0004140 secs] [Times: user=0.00 sys=0.00, real=0.00 secs] 
202.555: Total time for which application threads were stopped: 0.0005290 seconds, Stopping threads took: 0.0000530 seconds
202.594: Application time: 0.0389470 seconds
202.594: [GC [PSYoungGen: 7616K->384K(8192K)] 13105K->5921K(26112K), 0.0004000 secs] [Times: user=0.00 sys=0.00, real=0.00 secs] 
202.594: Total time for which application threads were stopped: 0.0005060 seconds, Stopping threads took: 0.0000440 seconds
202.633: Application time: 0.0389030 seconds
202.633: [GC [PSYoungGen: 7552K->352K(8192K)] 13089K->5985K(26112K), 0.0004450 secs] [Times: user=0.01 sys=0.00, real=0.00 secs] 
202.634: Total time for which application threads were stopped: 0.0005570 seconds, Stopping threads took: 0.0000510 seconds
202.673: Application time: 0.0392150 seconds
202.673: [GC [PSYoungGen: 7520K->256K(8192K)] 13153K->6005K(26112K), 0.0004720 secs] [Times: user=0.01 sys=0.00, real=0.00 secs] 
202.674: Total time for which application threads were stopped: 0.0005940 seconds, Stopping threads took: 0.0000530 seconds
202.713: Application time: 0.0393480 seconds
202.713: [GC [PSYoungGen: 7424K->256K(8192K)] 13173K->6061K(26112K), 0.0003800 secs] [Times: user=0.00 sys=0.00, real=0.00 secs] 
202.714: Total time for which application threads were stopped: 0.0005040 seconds, Stopping threads took: 0.0000500 seconds
202.752: Application time: 0.0384600 seconds
202.752: [GC [PSYoungGen: 7424K->272K(8192K)] 13229K->6077K(26112K), 0.0003850 secs] [Times: user=0.01 sys=0.00, real=0.00 secs] 
202.753: Total time for which application threads were stopped: 0.0004910 seconds, Stopping threads took: 0.0000460 seconds
202.791: Application time: 0.0386800 seconds
202.791: [GC [PSYoungGen: 7440K->288K(8192K)] 13245K->6093K(26112K), 0.0003830 secs] [Times: user=0.00 sys=0.00, real=0.00 secs] 
202.792: Total time for which application threads were stopped: 0.0004850 seconds, Stopping threads took: 0.0000420 seconds
202.829: Application time: 0.0370550 seconds
202.829: [GC [PSYoungGen: 7456K->480K(8192K)] 13261K->6285K(26112K), 0.0003940 secs] [Times: user=0.00 sys=0.00, real=0.01 secs] 
202.829: Total time for which application threads were stopped: 0.0005070 seconds, Stopping threads took: 0.0000480 seconds
202.867: Application time: 0.0379360 seconds
202.867: [GC [PSYoungGen: 7648K->496K(8192K)] 13453K->6301K(26112K), 0.0004300 secs] [Times: user=0.00 sys=0.00, real=0.00 secs] 
202.868: Total time for which application threads were stopped: 0.0005390 seconds, Stopping threads took: 0.0000460 seconds
202.907: Application time: 0.0389730 seconds
202.907: [GC [PSYoungGen: 7664K->544K(8192K)] 13469K->6349K(26112K), 0.0004220 secs] [Times: user=0.00 sys=0.00, real=0.00 secs] 
202.907: Total time for which application threads were stopped: 0.0005470 seconds, Stopping threads took: 0.0000500 seconds
202.947: Application time: 0.0392500 seconds
202.947: [GC [PSYoungGen: 7712K->512K(8192K)] 13517K->6317K(26112K), 0.0004270 secs] [Times: user=0.00 sys=0.00, real=0.00 secs] 
202.947: Total time for which application threads were stopped: 0.0005530 seconds, Stopping threads took: 0.0000630 seconds
202.986: Application time: 0.0389360 seconds
202.986: [GC [PSYoungGen: 7680K->512K(8192K)] 13485K->6317K(26112K), 0.0004240 secs] [Times: user=0.00 sys=0.00, real=0.00 secs] 
202.987: Total time for which application threads were stopped: 0.0005360 seconds, Stopping threads took: 0.0000480 seconds
203.025: Application time: 0.0388730 seconds
203.026: [GC [PSYoungGen: 7680K->512K(8192K)] 13485K->6317K(26112K), 0.0004220 secs] [Times: user=0.00 sys=0.00, real=0.00 secs] 
203.026: Total time for which application threads were stopped: 0.0005390 seconds, Stopping threads took: 0.0000530 seconds
203.065: Application time: 0.0392240 seconds
203.065: [GC [PSYoungGen: 7680K->512K(8192K)] 13485K->6317K(26112K), 0.0004070 secs] [Times: user=0.00 sys=0.00, real=0.00 secs] 
203.066: Total time for which application threads were stopped: 0.0005120 seconds, Stopping threads took: 0.0000390 seconds
203.105: Application time: 0.0395440 seconds
203.105: [GC [PSYoungGen: 7680K->480K(8192K)] 13485K->6285K(26112K), 0.0004160 secs] [Times: user=0.00 sys=0.00, real=0.00 secs] 
203.106: Total time for which application threads were stopped: 0.0005240 seconds, Stopping threads took: 0.0000460 seconds
203.145: Application time: 0.0389390 seconds
203.145: [GC [PSYoungGen: 7648K->480K(8192K)] 13453K->6285K(26112K), 0.0004740 secs] [Times: user=0.01 sys=0.00, real=0.00 secs] 
203.145: Total time for which application threads were stopped: 0.0006030 seconds, Stopping threads took: 0.0000650 seconds
203.184: Application time: 0.0389920 seconds
203.184: [GC [PSYoungGen: 7648K->480K(8192K)] 13453K->6285K(26112K), 0.0004170 secs] [Times: user=0.00 sys=0.00, real=0.00 secs] 
203.185: Total time for which application threads were stopped: 0.0005310 seconds, Stopping threads took: 0.0000490 seconds
203.224: Application time: 0.0389050 seconds
203.224: [GC [PSYoungGen: 7648K->448K(8192K)] 13453K->6253K(26112K), 0.0004210 secs] [Times: user=0.00 sys=0.00, real=0.00 secs] 
203.224: Total time for which application threads were stopped: 0.0005240 seconds, Stopping threads took: 0.0000380 seconds
203.263: Application time: 0.0388130 seconds
203.263: [GC [PSYoungGen: 7616K->496K(8192K)] 13421K->6301K(26112K), 0.0004640 secs] [Times: user=0.00 sys=0.00, real=0.00 secs] 
203.264: Total time for which application threads were stopped: 0.0005690 seconds, Stopping threads took: 0.0000430 seconds
203.303: Application time: 0.0388550 seconds
203.303: [GC [PSYoungGen: 7664K->480K(8192K)] 13469K->6285K(26112K), 0.0004840 secs] [Times: user=0.00 sys=0.00, real=0.00 secs] 
203.303: Total time for which application threads were stopped: 0.0005930 seconds, Stopping threads took: 0.0000460 seconds
203.342: Application time: 0.0389360 seconds
203.342: [GC [PSYoungGen: 7648K->480K(8192K)] 13453K->6341K(26112K), 0.0004130 secs] [Times: user=0.00 sys=0.00, real=0.00 secs] 
203.343: Total time for which application threads were stopped: 0.0005240 seconds, Stopping threads took: 0.0000500 seconds
203.382: Application time: 0.0389750 seconds
203.382: [GC [PSYoungGen: 7648K->416K(8192K)] 13509K->6325K(26112K), 0.0004500 secs] [Times: user=0.01 sys=0.00, real=0.00 secs] 
203.382: Total time for which application threads were stopped: 0.0005690 seconds, Stopping threads took: 0.0000530 seconds
203.422: Application time: 0.0397440 seconds
203.422: [GC [PSYoungGen: 7584K->288K(8192K)] 13493K->6357K(26112K), 0.0004130 secs] [Times: user=0.00 sys=0.00, real=0.00 secs] 
203.422: Total time for which application threads were stopped: 0.0005290 seconds, Stopping threads took: 0.0000410 seconds
203.461: Application time: 0.0388450 seconds
203.461: [GC [PSYoungGen: 7456K->256K(8192K)] 13525K->6421K(26112K), 0.0004360 secs] [Times: user=0.00 sys=0.00, real=0.00 secs] 
203.462: Total time for which application threads were stopped: 0.0005460 seconds, Stopping threads took: 0.0000480 seconds
203.500: Application time: 0.0384550 seconds
203.500: [GC [PSYoungGen: 7424K->272K(8192K)] 13589K->6437K(26112K), 0.0003670 secs] [Times: user=0.00 sys=0.00, real=0.00 secs] 
203.501: Total time for which application threads were stopped: 0.0004830 seconds, Stopping threads took: 0.0000550 seconds
203.540: Application time: 0.0390520 seconds
203.540: [GC [PSYoungGen: 7440K->272K(8192K)] 13605K->6437K(26112K), 0.0003740 secs] [Times: user=0.00 sys=0.00, real=0.00 secs] 
203.540: Total time for which application threads were stopped: 0.0004830 seconds, Stopping threads took: 0.0000490 seconds
203.579: Application time: 0.0385430 seconds
203.579: [GC [PSYoungGen: 7440K->288K(8192K)] 13605K->6453K(26112K), 0.0003770 secs] [Times: user=0.00 sys=0.00, real=0.00 secs] 
203.579: Total time for which application threads were stopped: 0.0004860 seconds, Stopping threads took: 0.0000470 seconds
203.616: Application time: 0.0366430 seconds
203.616: [GC [PSYoungGen: 7456K->432K(8192K)] 13621K->6597K(26112K), 0.0004310 secs] [Times: user=0.00 sys=0.00, real=0.00 secs] 
203.618: Total time for which application threads were stopped: 0.0016760 seconds, Stopping threads took: 0.0000530 seconds
203.656: Application time: 0.0383770 seconds
203.656: [GC [PSYoungGen: 7600K->528K(8192K)] 13765K->6693K(26112K), 0.0005100 secs] [Times: user=0.00 sys=0.00, real=0.00 secs] 
203.657: Total time for which application threads were stopped: 0.0006290 seconds, Stopping threads took: 0.0000460 seconds
203.696: Application time: 0.0389420 seconds
203.696: [GC [PSYoungGen: 7696K->464K(8192K)] 13861K->6629K(26112K), 0.0004450 secs] [Times: user=0.00 sys=0.00, real=0.00 secs] 
203.696: Total time for which application threads were stopped: 0.0005540 seconds, Stopping threads took: 0.0000460 seconds
203.735: Application time: 0.0388720 seconds
203.735: [GC [PSYoungGen: 7632K->528K(8192K)] 13797K->6693K(26112K), 0.0004220 secs] [Times: user=0.00 sys=0.00, real=0.00 secs] 
203.736: Total time for which application threads were stopped: 0.0005290 seconds, Stopping threads took: 0.0000440 seconds
203.775: Application time: 0.0391800 seconds
203.775: [GC [PSYoungGen: 7696K->512K(8192K)] 13861K->6677K(26112K), 0.0004570 secs] [Times: user=0.00 sys=0.00, real=0.00 secs] 
203.775: Total time for which application threads were stopped: 0.0005900 seconds, Stopping threads took: 0.0000670 seconds
203.815: Application time: 0.0393490 seconds
203.815: [GC [PSYoungGen: 7680K->512K(8192K)] 13845K->6677K(26112K), 0.0004220 secs] [Times: user=0.00 sys=0.00, real=0.00 secs] 
203.815: Total time for which application threads were stopped: 0.0005340 seconds, Stopping threads took: 0.0000500 seconds
203.854: Application time: 0.0389640 seconds
203.854: [GC [PSYoungGen: 7680K->512K(8192K)] 13845K->6677K(26112K), 0.0004160 secs] [Times: user=0.01 sys=0.00, real=0.00 secs] 
203.855: Total time for which application threads were stopped: 0.0005320 seconds, Stopping threads took: 0.0000500 seconds
203.894: Application time: 0.0388700 seconds
203.894: [GC [PSYoungGen: 7680K->496K(8192K)] 13845K->6661K(26112K), 0.0004490 secs] [Times: user=0.00 sys=0.00, real=0.00 secs] 
203.894: Total time for which application threads were stopped: 0.0005670 seconds, Stopping threads took: 0.0000540 seconds
203.933: Application time: 0.0389340 seconds
203.933: [GC [PSYoungGen: 7664K->528K(8192K)] 13829K->6693K(26112K), 0.0004640 secs] [Times: user=0.00 sys=0.00, real=0.00 secs] 
203.934: Total time for which application threads were stopped: 0.0005780 seconds, Stopping threads took: 0.0000420 seconds
203.972: Application time: 0.0387850 seconds
203.973: [GC [PSYoungGen: 7696K->544K(8192K)] 13861K->6709K(26112K), 0.0004150 secs] [Times: user=0.00 sys=0.00, real=0.00 secs] 
203.973: Total time for which application threads were stopped: 0.0005290 seconds, Stopping threads took: 0.0000450 seconds
204.012: Application time: 0.0386800 seconds
204.013: [GC [PSYoungGen: 7712K->544K(8192K)] 13877K->6709K(26112K), 0.0004470 secs] [Times: user=0.00 sys=0.00, real=0.00 secs] 
204.014: Total time for which application threads were stopped: 0.0018550 seconds, Stopping threads took: 0.0013440 seconds
204.052: Application time: 0.0388520 seconds
204.052: [GC [PSYoungGen: 7712K->512K(8192K)] 13877K->6677K(26112K), 0.0004220 secs] [Times: user=0.01 sys=0.00, real=0.00 secs] 
204.053: Total time for which application threads were stopped: 0.0005240 seconds, Stopping threads took: 0.0000430 seconds
204.092: Application time: 0.0388680 seconds
204.092: [GC [PSYoungGen: 7680K->448K(8192K)] 13845K->6669K(26112K), 0.0004140 secs] [Times: user=0.00 sys=0.00, real=0.00 secs] 
204.092: Total time for which application threads were stopped: 0.0005220 seconds, Stopping threads took: 0.0000430 seconds
204.132: Application time: 0.0393640 seconds
204.132: [GC [PSYoungGen: 7616K->416K(8192K)] 13837K->6637K(26112K), 0.0004330 secs] [Times: user=0.00 sys=0.00, real=0.00 secs] 
204.132: Total time for which application threads were stopped: 0.0005500 seconds, Stopping threads took: 0.0000540 seconds
204.171: Application time: 0.0389330 seconds
204.171: [GC [PSYoungGen: 7584K->416K(8192K)] 13805K->6685K(26112K), 0.0004470 secs] [Times: user=0.00 sys=0.00, real=0.00 secs] 
204.172: Total time for which application threads were stopped: 0.0005570 seconds, Stopping threads took: 0.0000490 seconds
204.211: Application time: 0.0388920 seconds
204.211: [GC [PSYoungGen: 7584K->288K(8192K)] 13853K->6717K(26112K), 0.0004350 secs] [Times: user=0.00 sys=0.00, real=0.00 secs] 
204.211: Total time for which application threads were stopped: 0.0005340 seconds, Stopping threads took: 0.0000410 seconds
204.250: Application time: 0.0390440 seconds
204.250: [GC [PSYoungGen: 7456K->256K(8192K)] 13885K->6774K(26112K), 0.0003690 secs] [Times: user=0.00 sys=0.00, real=0.00 secs] 
204.251: Total time for which application threads were stopped: 0.0004800 seconds, Stopping threads took: 0.0000470 seconds
204.289: Application time: 0.0384040 seconds
204.289: [GC [PSYoungGen: 7424K->272K(8192K)] 13942K->6790K(26112K), 0.0003680 secs] [Times: user=0.00 sys=0.00, real=0.00 secs] 
204.290: Total time for which application threads were stopped: 0.0004910 seconds, Stopping threads took: 0.0000600 seconds
204.328: Application time: 0.0388640 seconds
204.329: [GC [PSYoungGen: 7440K->272K(8192K)] 13958K->6790K(26112K), 0.0003990 secs] [Times: user=0.00 sys=0.00, real=0.00 secs] 
204.329: Total time for which application threads were stopped: 0.0005280 seconds, Stopping threads took: 0.0000610 seconds
204.366: Application time: 0.0375020 seconds
204.367: [GC [PSYoungGen: 7440K->336K(8192K)] 13958K->6854K(26112K), 0.0004080 secs] [Times: user=0.00 sys=0.00, real=0.00 secs] 
204.367: Total time for which application threads were stopped: 0.0005300 seconds, Stopping threads took: 0.0000600 seconds
204.404: Application time: 0.0372950 seconds
204.404: [GC [PSYoungGen: 7504K->464K(8192K)] 14022K->6982K(26112K), 0.0004530 secs] [Times: user=0.00 sys=0.00, real=0.00 secs] 
204.405: Total time for which application threads were stopped: 0.0005760 seconds, Stopping threads took: 0.0000580 seconds
204.443: Application time: 0.0385160 seconds
204.443: [GC [PSYoungGen: 7632K->512K(8192K)] 14150K->7030K(26112K), 0.0004470 secs] [Times: user=0.00 sys=0.00, real=0.00 secs] 
204.444: Total time for which application threads were stopped: 0.0005550 seconds, Stopping threads took: 0.0000400 seconds
204.483: Application time: 0.0389210 seconds
204.483: [GC [PSYoungGen: 7680K->544K(8192K)] 14198K->7062K(26112K), 0.0004710 secs] [Times: user=0.00 sys=0.00, real=0.00 secs] 
204.483: Total time for which application threads were stopped: 0.0005840 seconds, Stopping threads took: 0.0000500 seconds
204.523: Application time: 0.0395170 seconds
204.523: [GC [PSYoungGen: 7712K->480K(8192K)] 14230K->6998K(26112K), 0.0004220 secs] [Times: user=0.00 sys=0.00, real=0.00 secs] 
204.523: Total time for which application threads were stopped: 0.0005350 seconds, Stopping threads took: 0.0000500 seconds
204.562: Application time: 0.0389840 seconds
204.563: [GC [PSYoungGen: 7648K->496K(8192K)] 14166K->7014K(26112K), 0.0004550 secs] [Times: user=0.00 sys=0.00, real=0.00 secs] 
204.563: Total time for which application threads were stopped: 0.0005720 seconds, Stopping threads took: 0.0000560 seconds
204.602: Application time: 0.0389040 seconds
204.602: [GC [PSYoungGen: 7664K->496K(8192K)] 14182K->7014K(26112K), 0.0004280 secs] [Times: user=0.00 sys=0.00, real=0.00 secs] 
204.602: Total time for which application threads were stopped: 0.0005300 seconds, Stopping threads took: 0.0000400 seconds
204.642: Application time: 0.0390500 seconds
204.645: [GC [PSYoungGen: 7664K->464K(8192K)] 14182K->6982K(26112K), 0.0005010 secs] [Times: user=0.00 sys=0.00, real=0.00 secs] 
204.646: Total time for which application threads were stopped: 0.0040490 seconds, Stopping threads took: 0.0034750 seconds
204.685: Application time: 0.0392380 seconds
204.685: [GC [PSYoungGen: 7632K->512K(8192K)] 14150K->7030K(26112K), 0.0004630 secs] [Times: user=0.00 sys=0.00, real=0.00 secs] 
204.685: Total time for which application threads were stopped: 0.0005840 seconds, Stopping threads took: 0.0000550 seconds
204.725: Application time: 0.0392650 seconds
204.725: [GC [PSYoungGen: 7680K->528K(8192K)] 14198K->7046K(26112K), 0.0004120 secs] [Times: user=0.00 sys=0.00, real=0.00 secs] 
204.725: Total time for which application threads were stopped: 0.0005310 seconds, Stopping threads took: 0.0000540 seconds
204.764: Application time: 0.0384080 seconds
204.764: [GC [PSYoungGen: 7696K->496K(8192K)] 14214K->7014K(26112K), 0.0004320 secs] [Times: user=0.01 sys=0.00, real=0.00 secs] 
204.764: Total time for which application threads were stopped: 0.0005480 seconds, Stopping threads took: 0.0000530 seconds
204.803: Application time: 0.0388510 seconds
204.803: [GC [PSYoungGen: 7664K->512K(8192K)] 14182K->7030K(26112K), 0.0004460 secs] [Times: user=0.00 sys=0.00, real=0.00 secs] 
204.804: Total time for which application threads were stopped: 0.0005590 seconds, Stopping threads took: 0.0000470 seconds
204.843: Application time: 0.0392330 seconds
204.843: [GC [PSYoungGen: 7680K->496K(8192K)] 14198K->7014K(26112K), 0.0004180 secs] [Times: user=0.00 sys=0.00, real=0.00 secs] 
204.843: Total time for which application threads were stopped: 0.0005340 seconds, Stopping threads took: 0.0000540 seconds
204.882: Application time: 0.0389350 seconds
204.882: [GC [PSYoungGen: 7664K->480K(8192K)] 14182K->7046K(26112K), 0.0004260 secs] [Times: user=0.00 sys=0.00, real=0.00 secs] 
204.883: Total time for which application threads were stopped: 0.0005430 seconds, Stopping threads took: 0.0000490 seconds
204.922: Application time: 0.0388520 seconds
204.922: [GC [PSYoungGen: 7648K->464K(8192K)] 14214K->7030K(26112K), 0.0004400 secs] [Times: user=0.00 sys=0.00, real=0.00 secs] 
204.922: Total time for which application threads were stopped: 0.0005490 seconds, Stopping threads took: 0.0000460 seconds
204.962: Application time: 0.0393660 seconds
204.962: [GC [PSYoungGen: 7632K->384K(8192K)] 14198K->7078K(26112K), 0.0004130 secs] [Times: user=0.00 sys=0.00, real=0.00 secs] 
204.962: Total time for which application threads were stopped: 0.0005360 seconds, Stopping threads took: 0.0000470 seconds
205.001: Application time: 0.0392690 seconds
205.002: [GC [PSYoungGen: 7552K->272K(8192K)] 14246K->7078K(26112K), 0.0003850 secs] [Times: user=0.00 sys=0.00, real=0.00 secs] 
205.002: Total time for which application threads were stopped: 0.0004950 seconds, Stopping threads took: 0.0000490 seconds
205.041: Application time: 0.0389370 seconds
205.041: [GC [PSYoungGen: 7440K->256K(8192K)] 14246K->7118K(26112K), 0.0003790 secs] [Times: user=0.00 sys=0.00, real=0.01 secs] 
205.041: Total time for which application threads were stopped: 0.0004860 seconds, Stopping threads took: 0.0000420 seconds
205.080: Application time: 0.0384650 seconds
205.080: [GC [PSYoungGen: 7424K->272K(8192K)] 14286K->7134K(26112K), 0.0003790 secs] [Times: user=0.00 sys=0.00, real=0.00 secs] 
205.080: Total time for which application threads were stopped: 0.0005000 seconds, Stopping threads took: 0.0000570 seconds
205.119: Application time: 0.0383000 seconds
205.119: [GC [PSYoungGen: 7440K->336K(8192K)] 14302K->7198K(26112K), 0.0004250 secs] [Times: user=0.00 sys=0.00, real=0.00 secs] 
205.119: Total time for which application threads were stopped: 0.0005300 seconds, Stopping threads took: 0.0000430 seconds
205.157: Application time: 0.0374690 seconds
205.157: [GC [PSYoungGen: 7504K->368K(8192K)] 14366K->7230K(26112K), 0.0004210 secs] [Times: user=0.00 sys=0.00, real=0.00 secs] 
205.157: Total time for which application threads were stopped: 0.0005310 seconds, Stopping threads took: 0.0000450 seconds
205.195: Application time: 0.0374480 seconds
205.195: [GC [PSYoungGen: 7536K->480K(8192K)] 14398K->7342K(26112K), 0.0004170 secs] [Times: user=0.00 sys=0.00, real=0.00 secs] 
205.195: Total time for which application threads were stopped: 0.0005250 seconds, Stopping threads took: 0.0000440 seconds
205.234: Application time: 0.0390650 seconds
205.234: [GC [PSYoungGen: 7648K->496K(8192K)] 14510K->7358K(26112K), 0.0004290 secs] [Times: user=0.00 sys=0.00, real=0.00 secs] 
205.235: Total time for which application threads were stopped: 0.0005430 seconds, Stopping threads took: 0.0000470 seconds
205.274: Application time: 0.0390090 seconds
205.274: [GC [PSYoungGen: 7664K->480K(8192K)] 14526K->7342K(26112K), 0.0004240 secs] [Times: user=0.00 sys=0.00, real=0.00 secs] 
205.274: Total time for which application threads were stopped: 0.0005340 seconds, Stopping threads took: 0.0000460 seconds
205.313: Application time: 0.0390100 seconds
205.317: [GC [PSYoungGen: 7648K->512K(8192K)] 14510K->7374K(26112K), 0.0004450 secs] [Times: user=0.00 sys=0.00, real=0.00 secs] 
205.318: Total time for which application threads were stopped: 0.0042610 seconds, Stopping threads took: 0.0037490 seconds
205.356: Application time: 0.0389240 seconds
205.357: [GC [PSYoungGen: 7680K->528K(8192K)] 14542K->7390K(26112K), 0.0004350 secs] [Times: user=0.00 sys=0.00, real=0.00 secs] 
205.357: Total time for which application threads were stopped: 0.0005400 seconds, Stopping threads took: 0.0000420 seconds
205.396: Application time: 0.0387920 seconds
205.396: [GC [PSYoungGen: 7696K->512K(8192K)] 14558K->7374K(26112K), 0.0004310 secs] [Times: user=0.01 sys=0.00, real=0.00 secs] 
205.396: Total time for which application threads were stopped: 0.0005400 seconds, Stopping threads took: 0.0000460 seconds
205.435: Application time: 0.0388630 seconds
205.435: [GC [PSYoungGen: 7680K->496K(8192K)] 14542K->7358K(26112K), 0.0004320 secs] [Times: user=0.00 sys=0.00, real=0.00 secs] 
205.436: Total time for which application threads were stopped: 0.0005340 seconds, Stopping threads took: 0.0000420 seconds
205.475: Application time: 0.0388130 seconds
205.475: [GC [PSYoungGen: 7664K->496K(8192K)] 14526K->7358K(26112K), 0.0004020 secs] [Times: user=0.00 sys=0.00, real=0.00 secs] 
205.475: Total time for which application threads were stopped: 0.0005210 seconds, Stopping threads took: 0.0000450 seconds
205.514: Application time: 0.0388960 seconds
205.514: [GC [PSYoungGen: 7664K->512K(8192K)] 14526K->7374K(26112K), 0.0004350 secs] [Times: user=0.01 sys=0.00, real=0.00 secs] 
205.515: Total time for which application threads were stopped: 0.0005370 seconds, Stopping threads took: 0.0000390 seconds
205.553: Application time: 0.0388660 seconds
205.553: [GC [PSYoungGen: 7680K->496K(8192K)] 14542K->7358K(26112K), 0.0004170 secs] [Times: user=0.01 sys=0.00, real=0.00 secs] 
205.554: Total time for which application threads were stopped: 0.0005280 seconds, Stopping threads took: 0.0000430 seconds
205.593: Application time: 0.0388180 seconds
205.593: [GC [PSYoungGen: 7664K->464K(8192K)] 14526K->7326K(26112K), 0.0004290 secs] [Times: user=0.00 sys=0.00, real=0.00 secs] 
205.593: Total time for which application threads were stopped: 0.0005540 seconds, Stopping threads took: 0.0000590 seconds
205.632: Application time: 0.0388840 seconds
205.632: [GC [PSYoungGen: 7632K->512K(8192K)] 14494K->7374K(26112K), 0.0004690 secs] [Times: user=0.00 sys=0.00, real=0.00 secs] 
205.633: Total time for which application threads were stopped: 0.0005750 seconds, Stopping threads took: 0.0000450 seconds
205.672: Application time: 0.0394250 seconds
205.672: [GC [PSYoungGen: 7680K->480K(8192K)] 14542K->7398K(26112K), 0.0004640 secs] [Times: user=0.01 sys=0.00, real=0.00 secs] 
205.673: Total time for which application threads were stopped: 0.0005850 seconds, Stopping threads took: 0.0000520 seconds
205.712: Application time: 0.0391490 seconds
205.712: [GC [PSYoungGen: 7648K->448K(8192K)] 14566K->7414K(26112K), 0.0004760 secs] [Times: user=0.00 sys=0.00, real=0.00 secs] 
205.713: Total time for which application threads were stopped: 0.0005900 seconds, Stopping threads took: 0.0000510 seconds
205.751: Application time: 0.0388910 seconds
205.751: [GC [PSYoungGen: 7616K->288K(8192K)] 14582K->7374K(26112K), 0.0004370 secs] [Times: user=0.00 sys=0.00, real=0.00 secs] 
205.752: Total time for which application threads were stopped: 0.0005480 seconds, Stopping threads took: 0.0000460 seconds
205.791: Application time: 0.0390290 seconds
205.791: [GC [PSYoungGen: 7456K->256K(8192K)] 14542K->7470K(26112K), 0.0003870 secs] [Times: user=0.00 sys=0.00, real=0.00 secs] 
205.791: Total time for which application threads were stopped: 0.0005000 seconds, Stopping threads took: 0.0000500 seconds
205.830: Application time: 0.0387600 seconds
205.830: [GC [PSYoungGen: 7424K->272K(8192K)] 14638K->7486K(26112K), 0.0003880 secs] [Times: user=0.00 sys=0.00, real=0.00 secs] 
205.831: Total time for which application threads were stopped: 0.0004840 seconds, Stopping threads took: 0.0000350 seconds
205.870: Application time: 0.0388170 seconds
205.870: [GC [PSYoungGen: 7440K->272K(8192K)] 14654K->7486K(26112K), 0.0003800 secs] [Times: user=0.00 sys=0.00, real=0.00 secs] 
205.870: Total time for which application threads were stopped: 0.0004940 seconds, Stopping threads took: 0.0000500 seconds
205.909: Application time: 0.0385170 seconds
205.909: [GC [PSYoungGen: 7440K->256K(8192K)] 14654K->7470K(26112K), 0.0004110 secs] [Times: user=0.00 sys=0.00, real=0.01 secs] 
205.909: Total time for which application threads were stopped: 0.0005310 seconds, Stopping threads took: 0.0000550 seconds
205.947: Application time: 0.0375490 seconds
205.947: [GC [PSYoungGen: 7424K->368K(8192K)] 14638K->7582K(26112K), 0.0004040 secs] [Times: user=0.00 sys=0.00, real=0.00 secs] 
205.947: Total time for which application threads were stopped: 0.0005170 seconds, Stopping threads took: 0.0000510 seconds
205.985: Application time: 0.0376190 seconds
205.985: [GC [PSYoungGen: 7536K->512K(8192K)] 14750K->7726K(26112K), 0.0004390 secs] [Times: user=0.01 sys=0.00, real=0.00 secs] 
205.985: Total time for which application threads were stopped: 0.0005600 seconds, Stopping threads took: 0.0000480 seconds
206.024: Application time: 0.0389680 seconds
206.024: [GC [PSYoungGen: 7680K->528K(8192K)] 14894K->7742K(26112K), 0.0004080 secs] [Times: user=0.01 sys=0.00, real=0.00 secs] 
206.025: Total time for which application threads were stopped: 0.0005320 seconds, Stopping threads took: 0.0000580 seconds
206.064: Application time: 0.0389090 seconds
206.064: [GC [PSYoungGen: 7696K->464K(8192K)] 14910K->7678K(26112K), 0.0004140 secs] [Times: user=0.00 sys=0.00, real=0.00 secs] 
206.064: Total time for which application threads were stopped: 0.0005240 seconds, Stopping threads took: 0.0000460 seconds
206.103: Application time: 0.0390810 seconds
206.103: [GC [PSYoungGen: 7632K->496K(8192K)] 14846K->7710K(26112K), 0.0004830 secs] [Times: user=0.00 sys=0.00, real=0.00 secs] 
206.104: Total time for which application threads were stopped: 0.0005910 seconds, Stopping threads took: 0.0000460 seconds
206.143: Application time: 0.0389000 seconds
206.143: [GC [PSYoungGen: 7664K->464K(8192K)] 14878K->7678K(26112K), 0.0004770 secs] [Times: user=0.00 sys=0.00, real=0.00 secs] 
206.143: Total time for which application threads were stopped: 0.0005930 seconds, Stopping threads took: 0.0000510 seconds
206.182: Application time: 0.0388580 seconds
206.182: [GC [PSYoungGen: 7632K->528K(8192K)] 14846K->7742K(26112K), 0.0004800 secs] [Times: user=0.00 sys=0.00, real=0.00 secs] 
206.183: Total time for which application threads were stopped: 0.0005950 seconds, Stopping threads took: 0.0000530 seconds
206.222: Application time: 0.0388220 seconds
206.222: [GC [PSYoungGen: 7696K->496K(8192K)] 14910K->7710K(26112K), 0.0004170 secs] [Times: user=0.00 sys=0.00, real=0.00 secs] 
206.222: Total time for which application threads were stopped: 0.0005240 seconds, Stopping threads took: 0.0000460 seconds
206.261: Application time: 0.0390430 seconds
206.261: [GC [PSYoungGen: 7664K->496K(8192K)] 14878K->7710K(26112K), 0.0004120 secs] [Times: user=0.00 sys=0.00, real=0.00 secs] 
206.262: Total time for which application threads were stopped: 0.0005210 seconds, Stopping threads took: 0.0000450 seconds
206.300: Application time: 0.0386850 seconds
206.301: [GC [PSYoungGen: 7664K->496K(8192K)] 14878K->7710K(26112K), 0.0004330 secs] [Times: user=0.00 sys=0.00, real=0.01 secs] 
206.301: Total time for which application threads were stopped: 0.0005530 seconds, Stopping threads took: 0.0000550 seconds
206.340: Application time: 0.0387660 seconds
206.340: [GC [PSYoungGen: 7664K->464K(8192K)] 14878K->7678K(26112K), 0.0004590 secs] [Times: user=0.00 sys=0.00, real=0.00 secs] 
206.340: Total time for which application threads were stopped: 0.0005670 seconds, Stopping threads took: 0.0000450 seconds
206.379: Application time: 0.0388470 seconds
206.379: [GC [PSYoungGen: 7632K->496K(8192K)] 14846K->7710K(26112K), 0.0004010 secs] [Times: user=0.00 sys=0.00, real=0.00 secs] 
206.380: Total time for which application threads were stopped: 0.0005150 seconds, Stopping threads took: 0.0000510 seconds
206.419: Application time: 0.0394130 seconds
206.419: [GC [PSYoungGen: 7664K->464K(8192K)] 14878K->7726K(26112K), 0.0004490 secs] [Times: user=0.01 sys=0.00, real=0.00 secs] 
206.420: Total time for which application threads were stopped: 0.0005640 seconds, Stopping threads took: 0.0000520 seconds
206.459: Application time: 0.0390350 seconds
206.459: [GC [PSYoungGen: 7632K->480K(8192K)] 14894K->7742K(26112K), 0.0004180 secs] [Times: user=0.00 sys=0.00, real=0.00 secs] 
206.459: Total time for which application threads were stopped: 0.0005340 seconds, Stopping threads took: 0.0000530 seconds
206.498: Application time: 0.0388920 seconds
206.498: [GC [PSYoungGen: 7648K->368K(8192K)] 14910K->7718K(26112K), 0.0004210 secs] [Times: user=0.00 sys=0.00, real=0.00 secs] 
206.499: Total time for which application threads were stopped: 0.0005380 seconds, Stopping threads took: 0.0000380 seconds
206.538: Application time: 0.0388130 seconds
206.538: [GC [PSYoungGen: 7536K->304K(8192K)] 14886K->7734K(26112K), 0.0004370 secs] [Times: user=0.00 sys=0.00, real=0.00 secs] 
206.538: Total time for which application threads were stopped: 0.0005440 seconds, Stopping threads took: 0.0000460 seconds
206.577: Application time: 0.0389240 seconds
206.577: [GC [PSYoungGen: 7472K->256K(8192K)] 14902K->7806K(26112K), 0.0004190 secs] [Times: user=0.00 sys=0.00, real=0.00 secs] 
206.578: Total time for which application threads were stopped: 0.0005460 seconds, Stopping threads took: 0.0000630 seconds
206.616: Application time: 0.0387010 seconds
206.616: [GC [PSYoungGen: 7424K->272K(8192K)] 14974K->7822K(26112K), 0.0003890 secs] [Times: user=0.00 sys=0.00, real=0.00 secs] 
206.617: Total time for which application threads were stopped: 0.0004960 seconds, Stopping threads took: 0.0000440 seconds
206.656: Application time: 0.0390280 seconds
206.656: [GC [PSYoungGen: 7440K->272K(8192K)] 14990K->7822K(26112K), 0.0004280 secs] [Times: user=0.00 sys=0.00, real=0.00 secs] 
206.656: Total time for which application threads were stopped: 0.0005550 seconds, Stopping threads took: 0.0000530 seconds
206.694: Application time: 0.0373950 seconds
206.694: [GC [PSYoungGen: 7440K->352K(8192K)] 14990K->7902K(26112K), 0.0003710 secs] [Times: user=0.00 sys=0.00, real=0.00 secs] 
206.694: Total time for which application threads were stopped: 0.0005010 seconds, Stopping threads took: 0.0000660 seconds
206.733: Application time: 0.0385410 seconds
206.733: [GC [PSYoungGen: 7520K->432K(8192K)] 15070K->7982K(26112K), 0.0004220 secs] [Times: user=0.00 sys=0.00, real=0.00 secs] 
206.733: Total time for which application threads were stopped: 0.0005260 seconds, Stopping threads took: 0.0000420 seconds
206.771: Application time: 0.0375540 seconds
206.771: [GC [PSYoungGen: 7600K->464K(8192K)] 15150K->8014K(26112K), 0.0004200 secs] [Times: user=0.00 sys=0.00, real=0.00 secs] 
206.771: Total time for which application threads were stopped: 0.0005250 seconds, Stopping threads took: 0.0000410 seconds
206.810: Application time: 0.0388730 seconds
206.810: [GC [PSYoungGen: 7632K->496K(8192K)] 15182K->8046K(26112K), 0.0004170 secs] [Times: user=0.00 sys=0.00, real=0.00 secs] 
206.811: Total time for which application threads were stopped: 0.0005290 seconds, Stopping threads took: 0.0000510 seconds
206.850: Application time: 0.0390780 seconds
206.850: [GC [PSYoungGen: 7664K->512K(8192K)] 15214K->8062K(26112K), 0.0004670 secs] [Times: user=0.00 sys=0.00, real=0.00 secs] 
206.850: Total time for which application threads were stopped: 0.0005840 seconds, Stopping threads took: 0.0000550 seconds
206.890: Application time: 0.0392540 seconds
206.890: [GC [PSYoungGen: 7680K->528K(8192K)] 15230K->8078K(26112K), 0.0004820 secs] [Times: user=0.00 sys=0.00, real=0.00 secs] 
206.890: Total time for which application threads were stopped: 0.0005870 seconds, Stopping threads took: 0.0000400 seconds
206.930: Application time: 0.0391970 seconds
206.930: [GC [PSYoungGen: 7696K->512K(8192K)] 15246K->8062K(26112K), 0.0004150 secs] [Times: user=0.00 sys=0.00, real=0.00 secs] 
206.930: Total time for which application threads were stopped: 0.0005180 seconds, Stopping threads took: 0.0000390 seconds
206.969: Application time: 0.0389780 seconds
206.969: [GC [PSYoungGen: 7680K->480K(8192K)] 15230K->8030K(26112K), 0.0004280 secs] [Times: user=0.00 sys=0.00, real=0.00 secs] 
206.970: Total time for which application threads were stopped: 0.0005400 seconds, Stopping threads took: 0.0000510 seconds
207.008: Application time: 0.0388240 seconds
207.009: [GC [PSYoungGen: 7648K->496K(8192K)] 15198K->8046K(26112K), 0.0004560 secs] [Times: user=0.00 sys=0.00, real=0.00 secs] 
207.010: Total time for which application threads were stopped: 0.0011910 seconds, Stopping threads took: 0.0006640 seconds
207.049: Application time: 0.0395410 seconds
207.049: [GC [PSYoungGen: 7664K->496K(8192K)] 15214K->8046K(26112K), 0.0004500 secs] [Times: user=0.00 sys=0.00, real=0.00 secs] 
207.050: Total time for which application threads were stopped: 0.0005660 seconds, Stopping threads took: 0.0000540 seconds
207.088: Application time: 0.0386730 seconds
207.088: [GC [PSYoungGen: 7664K->512K(8192K)] 15214K->8062K(26112K), 0.0004170 secs] [Times: user=0.01 sys=0.00, real=0.00 secs] 
207.089: Total time for which application threads were stopped: 0.0005410 seconds, Stopping threads took: 0.0000620 seconds
207.128: Application time: 0.0390920 seconds
207.128: [GC [PSYoungGen: 7680K->480K(8192K)] 15230K->8030K(26112K), 0.0004290 secs] [Times: user=0.00 sys=0.00, real=0.00 secs] 
207.129: Total time for which application threads were stopped: 0.0005450 seconds, Stopping threads took: 0.0000530 seconds
207.167: Application time: 0.0388300 seconds
207.167: [GC [PSYoungGen: 7648K->512K(8192K)] 15198K->8062K(26112K), 0.0004410 secs] [Times: user=0.00 sys=0.00, real=0.00 secs] 
207.168: Total time for which application threads were stopped: 0.0005480 seconds, Stopping threads took: 0.0000450 seconds
207.207: Application time: 0.0389880 seconds
207.207: [GC [PSYoungGen: 7680K->480K(8192K)] 15230K->8078K(26112K), 0.0004200 secs] [Times: user=0.01 sys=0.00, real=0.00 secs] 
207.207: Total time for which application threads were stopped: 0.0005380 seconds, Stopping threads took: 0.0000550 seconds
207.246: Application time: 0.0388980 seconds
207.246: [GC [PSYoungGen: 7648K->496K(8192K)] 15246K->8094K(26112K), 0.0004180 secs] [Times: user=0.00 sys=0.00, real=0.00 secs] 
207.247: Total time for which application threads were stopped: 0.0005400 seconds, Stopping threads took: 0.0000560 seconds
207.286: Application time: 0.0390850 seconds
207.286: [GC [PSYoungGen: 7664K->368K(8192K)] 15262K->8086K(26112K), 0.0005100 secs] [Times: user=0.00 sys=0.00, real=0.00 secs] 
207.287: Total time for which application threads were stopped: 0.0006230 seconds, Stopping threads took: 0.0000450 seconds
207.326: Application time: 0.0389440 seconds
207.326: [GC [PSYoungGen: 7536K->320K(8192K)] 15254K->8118K(26112K), 0.0003850 secs] [Times: user=0.00 sys=0.00, real=0.00 secs] 
207.326: Total time for which application threads were stopped: 0.0004910 seconds, Stopping threads took: 0.0000470 seconds
207.365: Application time: 0.0390010 seconds
207.365: [GC [PSYoungGen: 7488K->256K(8192K)] 15286K->8143K(26112K), 0.0004280 secs] [Times: user=0.00 sys=0.00, real=0.00 secs] 
207.366: Total time for which application threads were stopped: 0.0005420 seconds, Stopping threads took: 0.0000510 seconds
207.404: Application time: 0.0383340 seconds
207.404: [GC [PSYoungGen: 7424K->272K(8192K)] 15311K->8159K(26112K), 0.0003680 secs] [Times: user=0.00 sys=0.00, real=0.00 secs] 
207.404: Total time for which application threads were stopped: 0.0004760 seconds, Stopping threads took: 0.0000480 seconds
207.444: Application time: 0.0393830 seconds
207.444: [GC [PSYoungGen: 7440K->288K(8192K)] 15327K->8175K(26112K), 0.0003980 secs] [Times: user=0.00 sys=0.00, real=0.00 secs] 
207.444: Total time for which application threads were stopped: 0.0005090 seconds, Stopping threads took: 0.0000490 seconds
207.482: Application time: 0.0372940 seconds
207.482: [GC [PSYoungGen: 7456K->352K(8192K)] 15343K->8239K(26112K), 0.0004060 secs] [Times: user=0.00 sys=0.00, real=0.00 secs] 
207.482: Total time for which application threads were stopped: 0.0005080 seconds, Stopping threads took: 0.0000400 seconds
207.520: Application time: 0.0374250 seconds
207.520: [GC [PSYoungGen: 7520K->448K(8192K)] 15407K->8335K(26112K), 0.0004100 secs] [Times: user=0.00 sys=0.00, real=0.00 secs] 
207.520: Total time for which application threads were stopped: 0.0005370 seconds, Stopping threads took: 0.0000550 seconds
207.558: Application time: 0.0382780 seconds
207.558: [GC [PSYoungGen: 7616K->480K(8192K)] 15503K->8367K(26112K), 0.0004660 secs] [Times: user=0.00 sys=0.00, real=0.00 secs] 
207.559: Total time for which application threads were stopped: 0.0005730 seconds, Stopping threads took: 0.0000470 seconds
207.598: Application time: 0.0388300 seconds
207.598: [GC [PSYoungGen: 7648K->496K(8192K)] 15535K->8383K(26112K), 0.0004360 secs] [Times: user=0.00 sys=0.00, real=0.00 secs] 
207.598: Total time for which application threads were stopped: 0.0005370 seconds, Stopping threads took: 0.0000400 seconds
207.638: Application time: 0.0393900 seconds
207.638: [GC [PSYoungGen: 7664K->544K(8192K)] 15551K->8431K(26112K), 0.0005520 secs] [Times: user=0.00 sys=0.00, real=0.00 secs] 
207.639: Total time for which application threads were stopped: 0.0011340 seconds, Stopping threads took: 0.0004990 seconds
207.678: Application time: 0.0388860 seconds
207.678: [GC [PSYoungGen: 7712K->512K(8192K)] 15599K->8399K(26112K), 0.0004280 secs] [Times: user=0.00 sys=0.00, real=0.00 secs] 
207.678: Total time for which application threads were stopped: 0.0005520 seconds, Stopping threads took: 0.0000540 seconds
207.717: Application time: 0.0389560 seconds
207.717: [GC [PSYoungGen: 7680K->512K(8192K)] 15567K->8399K(26112K), 0.0004180 secs] [Times: user=0.01 sys=0.00, real=0.00 secs] 
207.718: Total time for which application threads were stopped: 0.0005250 seconds, Stopping threads took: 0.0000430 seconds
207.757: Application time: 0.0391540 seconds
207.757: [GC [PSYoungGen: 7680K->512K(8192K)] 15567K->8399K(26112K), 0.0005540 secs] [Times: user=0.00 sys=0.00, real=0.00 secs] 
207.758: Total time for which application threads were stopped: 0.0006750 seconds, Stopping threads took: 0.0000560 seconds
207.797: Application time: 0.0389880 seconds
207.797: [GC [PSYoungGen: 7680K->528K(8192K)] 15567K->8415K(26112K), 0.0004320 secs] [Times: user=0.00 sys=0.00, real=0.00 secs] 
207.797: Total time for which application threads were stopped: 0.0005370 seconds, Stopping threads took: 0.0000420 seconds
207.836: Application time: 0.0391710 seconds
207.836: [GC [PSYoungGen: 7696K->496K(8192K)] 15583K->8383K(26112K), 0.0004170 secs] [Times: user=0.01 sys=0.00, real=0.00 secs] 
207.837: Total time for which application threads were stopped: 0.0005230 seconds, Stopping threads took: 0.0000440 seconds
207.876: Application time: 0.0387830 seconds
207.876: [GC [PSYoungGen: 7664K->512K(8192K)] 15551K->8399K(26112K), 0.0004160 secs] [Times: user=0.00 sys=0.00, real=0.00 secs] 
207.876: Total time for which application threads were stopped: 0.0005270 seconds, Stopping threads took: 0.0000480 seconds
207.915: Application time: 0.0387830 seconds
207.915: [GC [PSYoungGen: 7680K->512K(8192K)] 15567K->8399K(26112K), 0.0004160 secs] [Times: user=0.00 sys=0.00, real=0.00 secs] 
207.915: Total time for which application threads were stopped: 0.0005260 seconds, Stopping threads took: 0.0000470 seconds
207.954: Application time: 0.0388860 seconds
207.954: [GC [PSYoungGen: 7680K->528K(8192K)] 15567K->8415K(26112K), 0.0004950 secs] [Times: user=0.00 sys=0.00, real=0.00 secs] 
207.955: Total time for which application threads were stopped: 0.0006110 seconds, Stopping threads took: 0.0000530 seconds
207.994: Application time: 0.0389280 seconds
207.994: [GC [PSYoungGen: 7696K->480K(8192K)] 15583K->8415K(26112K), 0.0004620 secs] [Times: user=0.00 sys=0.00, real=0.00 secs] 
207.994: Total time for which application threads were stopped: 0.0005710 seconds, Stopping threads took: 0.0000470 seconds
208.033: Application time: 0.0388960 seconds
208.033: [GC [PSYoungGen: 7648K->448K(8192K)] 15583K->8383K(26112K), 0.0004580 secs] [Times: user=0.01 sys=0.00, real=0.00 secs] 
208.034: Total time for which application threads were stopped: 0.0005750 seconds, Stopping threads took: 0.0000430 seconds
208.073: Application time: 0.0389290 seconds
208.073: [GC [PSYoungGen: 7616K->368K(8192K)] 15551K->8439K(26112K), 0.0004200 secs] [Times: user=0.00 sys=0.00, real=0.00 secs] 
208.073: Total time for which application threads were stopped: 0.0005380 seconds, Stopping threads took: 0.0000540 seconds
208.112: Application time: 0.0390190 seconds
208.112: [GC [PSYoungGen: 7536K->288K(8192K)] 15607K->8471K(26112K), 0.0004030 secs] [Times: user=0.00 sys=0.00, real=0.00 secs] 
208.113: Total time for which application threads were stopped: 0.0005270 seconds, Stopping threads took: 0.0000540 seconds
208.152: Application time: 0.0389340 seconds
208.152: [GC [PSYoungGen: 7456K->256K(8192K)] 15639K->8495K(26112K), 0.0003680 secs] [Times: user=0.00 sys=0.00, real=0.00 secs] 
208.152: Total time for which application threads were stopped: 0.0004760 seconds, Stopping threads took: 0.0000480 seconds
208.191: Application time: 0.0385070 seconds
208.191: [GC [PSYoungGen: 7424K->272K(8192K)] 15663K->8511K(26112K), 0.0003750 secs] [Times: user=0.00 sys=0.00, real=0.00 secs] 
208.191: Total time for which application threads were stopped: 0.0004740 seconds, Stopping threads took: 0.0000370 seconds
208.230: Application time: 0.0388250 seconds
208.230: [GC [PSYoungGen: 7440K->272K(8192K)] 15679K->8511K(26112K), 0.0004140 secs] [Times: user=0.00 sys=0.00, real=0.00 secs] 
208.231: Total time for which application threads were stopped: 0.0005110 seconds, Stopping threads took: 0.0000360 seconds
208.268: Application time: 0.0368710 seconds
208.268: [GC [PSYoungGen: 7440K->400K(8192K)] 15679K->8639K(26112K), 0.0004030 secs] [Times: user=0.00 sys=0.00, real=0.00 secs] 
208.268: Total time for which application threads were stopped: 0.0005150 seconds, Stopping threads took: 0.0000480 seconds
208.306: Application time: 0.0378550 seconds
208.306: [GC [PSYoungGen: 7568K->464K(8192K)] 15807K->8703K(26112K), 0.0004260 secs] [Times: user=0.00 sys=0.00, real=0.00 secs] 
208.306: Total time for which application threads were stopped: 0.0005500 seconds, Stopping threads took: 0.0000600 seconds
208.345: Application time: 0.0386400 seconds
208.345: [GC [PSYoungGen: 7632K->512K(8192K)] 15871K->8751K(26112K), 0.0004440 secs] [Times: user=0.01 sys=0.00, real=0.00 secs] 
208.346: Total time for which application threads were stopped: 0.0005620 seconds, Stopping threads took: 0.0000550 seconds
208.385: Application time: 0.0388710 seconds
208.385: [GC [PSYoungGen: 7680K->480K(8192K)] 15919K->8719K(26112K), 0.0004190 secs] [Times: user=0.00 sys=0.00, real=0.00 secs] 
208.385: Total time for which application threads were stopped: 0.0005240 seconds, Stopping threads took: 0.0000440 seconds
208.424: Application time: 0.0390380 seconds
208.424: [GC [PSYoungGen: 7648K->512K(8192K)] 15887K->8751K(26112K), 0.0004220 secs] [Times: user=0.00 sys=0.00, real=0.00 secs] 
208.425: Total time for which application threads were stopped: 0.0005420 seconds, Stopping threads took: 0.0000560 seconds
208.464: Application time: 0.0389040 seconds
208.464: [GC [PSYoungGen: 7680K->512K(8192K)] 15919K->8751K(26112K), 0.0004360 secs] [Times: user=0.01 sys=0.00, real=0.00 secs] 
208.464: Total time for which application threads were stopped: 0.0005470 seconds, Stopping threads took: 0.0000500 seconds
208.503: Application time: 0.0393150 seconds
208.503: [GC [PSYoungGen: 7680K->528K(8192K)] 15919K->8767K(26112K), 0.0004180 secs] [Times: user=0.00 sys=0.00, real=0.00 secs] 
208.504: Total time for which application threads were stopped: 0.0005400 seconds, Stopping threads took: 0.0000550 seconds
208.543: Application time: 0.0388730 seconds
208.543: [GC [PSYoungGen: 7696K->512K(8192K)] 15935K->8751K(26112K), 0.0004120 secs] [Times: user=0.00 sys=0.00, real=0.00 secs] 
208.543: Total time for which application threads were stopped: 0.0005370 seconds, Stopping threads took: 0.0000530 seconds
208.582: Application time: 0.0390380 seconds
208.582: [GC [PSYoungGen: 7680K->480K(8192K)] 15919K->8719K(26112K), 0.0004380 secs] [Times: user=0.01 sys=0.00, real=0.00 secs] 
208.583: Total time for which application threads were stopped: 0.0005490 seconds, Stopping threads took: 0.0000490 seconds
208.622: Application time: 0.0388770 seconds
208.622: [GC [PSYoungGen: 7648K->528K(8192K)] 15887K->8767K(26112K), 0.0004720 secs] [Times: user=0.00 sys=0.00, real=0.00 secs] 
208.624: Total time for which application threads were stopped: 0.0017430 seconds, Stopping threads took: 0.0000460 seconds
208.662: Application time: 0.0388630 seconds
208.665: [GC [PSYoungGen: 7696K->448K(8192K)] 15935K->8687K(26112K), 0.0005260 secs] [Times: user=0.01 sys=0.00, real=0.00 secs] 
208.666: Total time for which application threads were stopped: 0.0032200 seconds, Stopping threads took: 0.0026240 seconds
208.704: Application time: 0.0387480 seconds
208.704: [GC [PSYoungGen: 7616K->464K(8192K)] 15855K->8703K(26112K), 0.0004290 secs] [Times: user=0.00 sys=0.00, real=0.00 secs] 
208.705: Total time for which application threads were stopped: 0.0005480 seconds, Stopping threads took: 0.0000530 seconds
208.744: Application time: 0.0389120 seconds
208.744: [GC [PSYoungGen: 7632K->512K(8192K)] 15871K->8751K(26112K), 0.0004310 secs] [Times: user=0.00 sys=0.00, real=0.00 secs] 
208.744: Total time for which application threads were stopped: 0.0005500 seconds, Stopping threads took: 0.0000570 seconds
208.783: Application time: 0.0388460 seconds
208.783: [GC [PSYoungGen: 7680K->480K(8192K)] 15919K->8767K(26112K), 0.0004360 secs] [Times: user=0.00 sys=0.00, real=0.00 secs] 
208.784: Total time for which application threads were stopped: 0.0005440 seconds, Stopping threads took: 0.0000440 seconds
208.824: Application time: 0.0400750 seconds
208.824: [GC [PSYoungGen: 7648K->448K(8192K)] 15935K->8735K(26112K), 0.0004230 secs] [Times: user=0.00 sys=0.00, real=0.00 secs] 
208.824: Total time for which application threads were stopped: 0.0005260 seconds, Stopping threads took: 0.0000400 seconds
208.863: Application time: 0.0388330 seconds
208.863: [GC [PSYoungGen: 7616K->304K(8192K)] 15903K->8735K(26112K), 0.0004250 secs] [Times: user=0.00 sys=0.00, real=0.00 secs] 
208.864: Total time for which application threads were stopped: 0.0005370 seconds, Stopping threads took: 0.0000500 seconds
208.903: Application time: 0.0389150 seconds
208.903: [GC [PSYoungGen: 7472K->272K(8192K)] 15903K->8799K(26112K), 0.0004000 secs] [Times: user=0.00 sys=0.00, real=0.00 secs] 
208.903: Total time for which application threads were stopped: 0.0005100 seconds, Stopping threads took: 0.0000460 seconds
208.943: Application time: 0.0395110 seconds
208.943: [GC [PSYoungGen: 7440K->256K(8192K)] 15967K->8831K(26112K), 0.0004060 secs] [Times: user=0.00 sys=0.00, real=0.00 secs] 
208.943: Total time for which application threads were stopped: 0.0005090 seconds, Stopping threads took: 0.0000430 seconds
208.982: Application time: 0.0383430 seconds
208.982: [GC [PSYoungGen: 7424K->272K(8192K)] 15999K->8847K(26112K), 0.0003680 secs] [Times: user=0.01 sys=0.00, real=0.00 secs] 
208.982: Total time for which application threads were stopped: 0.0004800 seconds, Stopping threads took: 0.0000510 seconds
209.020: Application time: 0.0381870 seconds
209.020: [GC [PSYoungGen: 7440K->336K(8192K)] 16015K->8911K(26112K), 0.0003960 secs] [Times: user=0.00 sys=0.00, real=0.00 secs] 
209.021: Total time for which application threads were stopped: 0.0005090 seconds, Stopping threads took: 0.0000510 seconds
209.058: Application time: 0.0376870 seconds
209.059: [GC [PSYoungGen: 7504K->368K(8192K)] 16079K->8943K(26112K), 0.0004050 secs] [Times: user=0.00 sys=0.00, real=0.00 secs] 
209.059: Total time for which application threads were stopped: 0.0005260 seconds, Stopping threads took: 0.0000480 seconds
209.096: Application time: 0.0374000 seconds
209.096: [GC [PSYoungGen: 7536K->560K(8192K)] 16111K->9135K(26112K), 0.0004640 secs] [Times: user=0.00 sys=0.00, real=0.00 secs] 
209.097: Total time for which application threads were stopped: 0.0005750 seconds, Stopping threads took: 0.0000490 seconds
209.136: Application time: 0.0395470 seconds
209.137: [GC [PSYoungGen: 7728K->528K(8192K)] 16303K->9103K(26112K), 0.0004140 secs] [Times: user=0.00 sys=0.00, real=0.00 secs] 
209.137: Total time for which application threads were stopped: 0.0005280 seconds, Stopping threads took: 0.0000450 seconds
209.176: Application time: 0.0390080 seconds
209.176: [GC [PSYoungGen: 7696K->528K(8192K)] 16271K->9103K(26112K), 0.0004210 secs] [Times: user=0.01 sys=0.00, real=0.00 secs] 
209.177: Total time for which application threads were stopped: 0.0005290 seconds, Stopping threads took: 0.0000460 seconds
209.215: Application time: 0.0388910 seconds
209.216: [GC [PSYoungGen: 7696K->512K(8192K)] 16271K->9087K(26112K), 0.0004410 secs] [Times: user=0.00 sys=0.00, real=0.00 secs] 
209.216: Total time for which application threads were stopped: 0.0005510 seconds, Stopping threads took: 0.0000490 seconds
209.255: Application time: 0.0388810 seconds
209.255: [GC [PSYoungGen: 7680K->496K(8192K)] 16255K->9071K(26112K), 0.0004470 secs] [Times: user=0.00 sys=0.00, real=0.00 secs] 
209.255: Total time for which application threads were stopped: 0.0005650 seconds, Stopping threads took: 0.0000560 seconds
209.295: Application time: 0.0396580 seconds
209.295: [GC [PSYoungGen: 7664K->496K(8192K)] 16239K->9071K(26112K), 0.0004550 secs] [Times: user=0.00 sys=0.00, real=0.00 secs] 
209.296: Total time for which application threads were stopped: 0.0005700 seconds, Stopping threads took: 0.0000480 seconds
209.338: Application time: 0.0427950 seconds
209.339: [GC [PSYoungGen: 7664K->496K(8192K)] 16239K->9071K(26112K), 0.0004530 secs] [Times: user=0.00 sys=0.00, real=0.00 secs] 
209.339: Total time for which application threads were stopped: 0.0005730 seconds, Stopping threads took: 0.0000530 seconds
209.382: Application time: 0.0429260 seconds
209.382: [GC [PSYoungGen: 7664K->528K(8192K)] 16239K->9103K(26112K), 0.0004520 secs] [Times: user=0.01 sys=0.00, real=0.00 secs] 
209.383: Total time for which application threads were stopped: 0.0005720 seconds, Stopping threads took: 0.0000560 seconds
209.425: Application time: 0.0426180 seconds
209.429: [GC [PSYoungGen: 7696K->496K(8192K)] 16271K->9071K(26112K), 0.0004610 secs] [Times: user=0.00 sys=0.00, real=0.00 secs] 
209.430: Total time for which application threads were stopped: 0.0043880 seconds, Stopping threads took: 0.0038610 seconds
209.472: Application time: 0.0427540 seconds
209.472: [GC [PSYoungGen: 7664K->496K(8192K)] 16239K->9071K(26112K), 0.0004360 secs] [Times: user=0.00 sys=0.00, real=0.00 secs] 
209.473: Total time for which application threads were stopped: 0.0005590 seconds, Stopping threads took: 0.0000560 seconds
209.516: Application time: 0.0426520 seconds
209.516: [GC [PSYoungGen: 7664K->528K(8192K)] 16239K->9103K(26112K), 0.0004280 secs] [Times: user=0.00 sys=0.00, real=0.00 secs] 
209.516: Total time for which application threads were stopped: 0.0005500 seconds, Stopping threads took: 0.0000560 seconds
209.559: Application time: 0.0428020 seconds
209.559: [GC [PSYoungGen: 7696K->512K(8192K)] 16271K->9087K(26112K), 0.0004270 secs] [Times: user=0.00 sys=0.00, real=0.00 secs] 
209.559: Total time for which application threads were stopped: 0.0005430 seconds, Stopping threads took: 0.0000450 seconds
209.602: Application time: 0.0427340 seconds
209.602: [GC [PSYoungGen: 7680K->480K(8192K)] 16255K->9111K(26112K), 0.0004420 secs] [Times: user=0.00 sys=0.00, real=0.00 secs] 
209.603: Total time for which application threads were stopped: 0.0005950 seconds, Stopping threads took: 0.0000880 seconds
209.647: Application time: 0.0438240 seconds
209.647: [GC [PSYoungGen: 7648K->368K(8192K)] 16279K->9095K(26112K), 0.0004810 secs] [Times: user=0.00 sys=0.00, real=0.00 secs] 
209.647: Total time for which application threads were stopped: 0.0006160 seconds, Stopping threads took: 0.0000600 seconds
209.690: Application time: 0.0428500 seconds
209.690: [GC [PSYoungGen: 7536K->368K(8192K)] 16263K->9191K(26112K), 0.0004360 secs] [Times: user=0.00 sys=0.00, real=0.00 secs] 
209.691: Total time for which application threads were stopped: 0.0005560 seconds, Stopping threads took: 0.0000520 seconds
209.733: Application time: 0.0428100 seconds
209.734: [GC [PSYoungGen: 7536K->240K(8192K)] 16359K->9171K(26112K), 0.0004540 secs] [Times: user=0.01 sys=0.00, real=0.00 secs] 
209.734: Total time for which application threads were stopped: 0.0005770 seconds, Stopping threads took: 0.0000540 seconds
209.777: Application time: 0.0426370 seconds
209.777: [GC [PSYoungGen: 7408K->304K(8192K)] 16339K->9235K(26112K), 0.0006200 secs] [Times: user=0.00 sys=0.00, real=0.00 secs] 
209.777: Total time for which application threads were stopped: 0.0007610 seconds, Stopping threads took: 0.0000690 seconds
209.820: Application time: 0.0427380 seconds
209.820: [GC [PSYoungGen: 7472K->272K(8192K)] 16403K->9203K(26112K), 0.0004730 secs] [Times: user=0.00 sys=0.00, real=0.00 secs] 
209.821: Total time for which application threads were stopped: 0.0005760 seconds, Stopping threads took: 0.0000420 seconds
209.862: Application time: 0.0417940 seconds
209.863: [GC [PSYoungGen: 7440K->320K(8192K)] 16371K->9251K(26112K), 0.0004140 secs] [Times: user=0.00 sys=0.00, real=0.00 secs] 
209.863: Total time for which application threads were stopped: 0.0005410 seconds, Stopping threads took: 0.0000590 seconds
209.904: Application time: 0.0411100 seconds
209.904: [GC [PSYoungGen: 7488K->464K(8192K)] 16419K->9395K(26112K), 0.0004290 secs] [Times: user=0.00 sys=0.00, real=0.00 secs] 
209.905: Total time for which application threads were stopped: 0.0005710 seconds, Stopping threads took: 0.0000770 seconds
209.947: Application time: 0.0425870 seconds
209.947: [GC [PSYoungGen: 7632K->512K(8192K)] 16563K->9443K(26112K), 0.0004890 secs] [Times: user=0.00 sys=0.00, real=0.00 secs] 
209.948: Total time for which application threads were stopped: 0.0006190 seconds, Stopping threads took: 0.0000640 seconds
209.991: Application time: 0.0428660 seconds
209.993: [GC [PSYoungGen: 7680K->496K(8192K)] 16611K->9427K(26112K), 0.0004650 secs] [Times: user=0.00 sys=0.00, real=0.00 secs] 
209.994: Total time for which application threads were stopped: 0.0027710 seconds, Stopping threads took: 0.0022360 seconds
210.037: Application time: 0.0432070 seconds
210.037: [GC [PSYoungGen: 7664K->496K(8192K)] 16595K->9427K(26112K), 0.0004520 secs] [Times: user=0.00 sys=0.00, real=0.00 secs] 
210.037: Total time for which application threads were stopped: 0.0005630 seconds, Stopping threads took: 0.0000440 seconds
210.080: Application time: 0.0428090 seconds
210.080: [GC [PSYoungGen: 7664K->480K(8192K)] 16595K->9411K(26112K), 0.0004710 secs] [Times: user=0.00 sys=0.00, real=0.00 secs] 
210.081: Total time for which application threads were stopped: 0.0005930 seconds, Stopping threads took: 0.0000400 seconds
210.123: Application time: 0.0427350 seconds
210.124: [GC [PSYoungGen: 7648K->432K(8192K)] 16579K->9363K(26112K), 0.0004500 secs] [Times: user=0.01 sys=0.00, real=0.00 secs] 
210.124: Total time for which application threads were stopped: 0.0005590 seconds, Stopping threads took: 0.0000460 seconds
210.167: Application time: 0.0431750 seconds
210.167: [GC [PSYoungGen: 7600K->512K(8192K)] 16531K->9443K(26112K), 0.0004320 secs] [Times: user=0.00 sys=0.00, real=0.00 secs] 
210.168: Total time for which application threads were stopped: 0.0005420 seconds, Stopping threads took: 0.0000450 seconds
210.210: Application time: 0.0424830 seconds
210.210: [GC [PSYoungGen: 7680K->544K(8192K)] 16611K->9475K(26112K), 0.0004940 secs] [Times: user=0.01 sys=0.00, real=0.00 secs] 
210.211: Total time for which application threads were stopped: 0.0006130 seconds, Stopping threads took: 0.0000520 seconds
210.254: Application time: 0.0431400 seconds
210.254: [GC [PSYoungGen: 7712K->512K(8192K)] 16643K->9443K(26112K), 0.0004520 secs] [Times: user=0.00 sys=0.00, real=0.00 secs] 
210.255: Total time for which application threads were stopped: 0.0005690 seconds, Stopping threads took: 0.0000500 seconds
210.297: Application time: 0.0426030 seconds
210.297: [GC [PSYoungGen: 7680K->512K(8192K)] 16611K->9443K(26112K), 0.0004450 secs] [Times: user=0.01 sys=0.00, real=0.00 secs] 
210.298: Total time for which application threads were stopped: 0.0005550 seconds, Stopping threads took: 0.0000430 seconds
210.340: Application time: 0.0422440 seconds
210.340: [GC [PSYoungGen: 7680K->496K(8192K)] 16611K->9427K(26112K), 0.0004820 secs] [Times: user=0.01 sys=0.00, real=0.00 secs] 
210.341: Total time for which application threads were stopped: 0.0005980 seconds, Stopping threads took: 0.0000500 seconds
210.384: Application time: 0.0429280 seconds
210.384: [GC [PSYoungGen: 7664K->464K(8192K)] 16595K->9395K(26112K), 0.0005720 secs] [Times: user=0.01 sys=0.00, real=0.00 secs] 
210.384: Total time for which application threads were stopped: 0.0007080 seconds, Stopping threads took: 0.0000500 seconds
210.427: Application time: 0.0428590 seconds
210.427: [GC [PSYoungGen: 7632K->496K(8192K)] 16563K->9491K(26112K), 0.0004400 secs] [Times: user=0.00 sys=0.00, real=0.00 secs] 
210.428: Total time for which application threads were stopped: 0.0005480 seconds, Stopping threads took: 0.0000440 seconds
210.470: Application time: 0.0428080 seconds
210.471: [GC [PSYoungGen: 7664K->448K(8192K)] 16659K->9443K(26112K), 0.0004470 secs] [Times: user=0.01 sys=0.00, real=0.00 secs] 
210.471: Total time for which application threads were stopped: 0.0005760 seconds, Stopping threads took: 0.0000660 seconds
210.514: Application time: 0.0426970 seconds
210.514: [GC [PSYoungGen: 7616K->400K(8192K)] 16611K->9523K(26112K), 0.0005120 secs] [Times: user=0.01 sys=0.00, real=0.00 secs] 
210.514: Total time for which application threads were stopped: 0.0006240 seconds, Stopping threads took: 0.0000440 seconds
210.559: Application time: 0.0446020 seconds
210.559: [GC [PSYoungGen: 7568K->272K(8192K)] 16691K->9516K(26112K), 0.0004270 secs] [Times: user=0.00 sys=0.00, real=0.00 secs] 
210.559: Total time for which application threads were stopped: 0.0005410 seconds, Stopping threads took: 0.0000480 seconds
210.603: Application time: 0.0432800 seconds
210.603: [GC [PSYoungGen: 7440K->256K(8192K)] 16684K->9556K(26112K), 0.0004000 secs] [Times: user=0.00 sys=0.00, real=0.00 secs] 
210.603: Total time for which application threads were stopped: 0.0005300 seconds, Stopping threads took: 0.0000540 seconds
210.646: Application time: 0.0426830 seconds
210.646: [GC [PSYoungGen: 7424K->272K(8192K)] 16724K->9572K(26112K), 0.0005010 secs] [Times: user=0.00 sys=0.00, real=0.00 secs] 
210.647: Total time for which application threads were stopped: 0.0006330 seconds, Stopping threads took: 0.0000550 seconds
210.690: Application time: 0.0434800 seconds
210.690: [GC [PSYoungGen: 7440K->272K(8192K)] 16740K->9572K(26112K), 0.0004000 secs] [Times: user=0.00 sys=0.00, real=0.00 secs] 
210.691: Total time for which application threads were stopped: 0.0005150 seconds, Stopping threads took: 0.0000500 seconds
210.732: Application time: 0.0411990 seconds
210.732: [GC [PSYoungGen: 7440K->384K(8192K)] 16740K->9684K(26112K), 0.0004150 secs] [Times: user=0.00 sys=0.00, real=0.00 secs] 
210.732: Total time for which application threads were stopped: 0.0005360 seconds, Stopping threads took: 0.0000560 seconds
210.773: Application time: 0.0410660 seconds
210.774: [GC [PSYoungGen: 7552K->480K(8192K)] 16852K->9780K(26112K), 0.0004480 secs] [Times: user=0.00 sys=0.00, real=0.00 secs] 
210.774: Total time for which application threads were stopped: 0.0005620 seconds, Stopping threads took: 0.0000500 seconds
210.816: Application time: 0.0424510 seconds
210.817: [GC [PSYoungGen: 7648K->512K(8192K)] 16948K->9812K(26112K), 0.0005050 secs] [Times: user=0.00 sys=0.00, real=0.00 secs] 
210.817: Total time for which application threads were stopped: 0.0006250 seconds, Stopping threads took: 0.0000520 seconds
210.860: Application time: 0.0428120 seconds
210.860: [GC [PSYoungGen: 7680K->512K(8192K)] 16980K->9812K(26112K), 0.0004470 secs] [Times: user=0.00 sys=0.00, real=0.00 secs] 
210.860: Total time for which application threads were stopped: 0.0005690 seconds, Stopping threads took: 0.0000560 seconds
210.903: Application time: 0.0429890 seconds
210.904: [GC [PSYoungGen: 7680K->528K(8192K)] 16980K->9828K(26112K), 0.0004430 secs] [Times: user=0.00 sys=0.00, real=0.00 secs] 
210.904: Total time for which application threads were stopped: 0.0005590 seconds, Stopping threads took: 0.0000510 seconds
210.947: Application time: 0.0430340 seconds
210.947: [GC [PSYoungGen: 7696K->480K(8192K)] 16996K->9780K(26112K), 0.0004750 secs] [Times: user=0.00 sys=0.00, real=0.00 secs] 
210.948: Total time for which application threads were stopped: 0.0005960 seconds, Stopping threads took: 0.0000540 seconds
210.991: Application time: 0.0430270 seconds
210.991: [GC [PSYoungGen: 7648K->464K(8192K)] 16948K->9764K(26112K), 0.0005170 secs] [Times: user=0.01 sys=0.00, real=0.00 secs] 
210.991: Total time for which application threads were stopped: 0.0006310 seconds, Stopping threads took: 0.0000490 seconds
211.034: Application time: 0.0429610 seconds
211.034: [GC [PSYoungGen: 7632K->480K(8192K)] 16932K->9780K(26112K), 0.0005500 secs] [Times: user=0.00 sys=0.00, real=0.00 secs] 
211.035: Total time for which application threads were stopped: 0.0006620 seconds, Stopping threads took: 0.0000460 seconds
211.078: Application time: 0.0426810 seconds
211.078: [GC [PSYoungGen: 7648K->432K(8192K)] 16948K->9732K(26112K), 0.0004880 secs] [Times: user=0.00 sys=0.00, real=0.00 secs] 
211.078: Total time for which application threads were stopped: 0.0006010 seconds, Stopping threads took: 0.0000470 seconds
211.121: Application time: 0.0427320 seconds
211.121: [GC [PSYoungGen: 7600K->512K(8192K)] 16900K->9812K(26112K), 0.0004410 secs] [Times: user=0.00 sys=0.00, real=0.00 secs] 
211.122: Total time for which application threads were stopped: 0.0005850 seconds, Stopping threads took: 0.0000670 seconds
211.164: Application time: 0.0425620 seconds
211.164: [GC [PSYoungGen: 7680K->496K(8192K)] 16980K->9796K(26112K), 0.0004350 secs] [Times: user=0.00 sys=0.00, real=0.00 secs] 
211.165: Total time for which application threads were stopped: 0.0005580 seconds, Stopping threads took: 0.0000550 seconds
211.207: Application time: 0.0426530 seconds
211.207: [GC [PSYoungGen: 7664K->560K(8192K)] 16964K->9860K(26112K), 0.0004920 secs] [Times: user=0.01 sys=0.00, real=0.00 secs] 
211.208: Total time for which application threads were stopped: 0.0006150 seconds, Stopping threads took: 0.0000570 seconds
211.251: Application time: 0.0427100 seconds
211.251: [GC [PSYoungGen: 7728K->496K(8192K)] 17028K->9796K(26112K), 0.0004370 secs] [Times: user=0.00 sys=0.00, real=0.00 secs] 
211.251: Total time for which application threads were stopped: 0.0005600 seconds, Stopping threads took: 0.0000550 seconds
211.294: Application time: 0.0427320 seconds
211.297: [GC [PSYoungGen: 7664K->464K(8192K)] 16964K->9820K(26112K), 0.0005070 secs] [Times: user=0.01 sys=0.00, real=0.00 secs] 
211.298: Total time for which application threads were stopped: 0.0036880 seconds, Stopping threads took: 0.0031130 seconds
211.341: Application time: 0.0432050 seconds
211.341: [GC [PSYoungGen: 7632K->416K(8192K)] 16988K->9772K(26112K), 0.0004600 secs] [Times: user=0.00 sys=0.01, real=0.01 secs] 
211.341: Total time for which application threads were stopped: 0.0005760 seconds, Stopping threads took: 0.0000500 seconds
211.384: Application time: 0.0426760 seconds
211.384: [GC [PSYoungGen: 7584K->352K(8192K)] 16940K->9828K(26112K), 0.0004900 secs] [Times: user=0.00 sys=0.00, real=0.00 secs] 
211.385: Total time for which application threads were stopped: 0.0006020 seconds, Stopping threads took: 0.0000460 seconds
211.427: Application time: 0.0427780 seconds
211.428: [GC [PSYoungGen: 7520K->240K(8192K)] 16996K->9836K(26112K), 0.0004460 secs] [Times: user=0.00 sys=0.00, real=0.00 secs] 
211.428: Total time for which application threads were stopped: 0.0005710 seconds, Stopping threads took: 0.0000580 seconds
211.471: Application time: 0.0428590 seconds
211.473: [GC [PSYoungGen: 7408K->256K(8192K)] 17004K->9916K(26112K), 0.0004450 secs] [Times: user=0.00 sys=0.00, real=0.00 secs] 
211.474: Total time for which application threads were stopped: 0.0026820 seconds, Stopping threads took: 0.0021700 seconds
211.516: Application time: 0.0424300 seconds
211.516: [GC [PSYoungGen: 7424K->256K(8192K)] 17084K->9916K(26112K), 0.0004610 secs] [Times: user=0.00 sys=0.00, real=0.00 secs] 
211.517: Total time for which application threads were stopped: 0.0005850 seconds, Stopping threads took: 0.0000560 seconds
211.559: Application time: 0.0428460 seconds
211.560: [GC [PSYoungGen: 7424K->256K(8192K)] 17084K->9916K(26112K), 0.0004290 secs] [Times: user=0.00 sys=0.00, real=0.00 secs] 
211.560: Total time for which application threads were stopped: 0.0005490 seconds, Stopping threads took: 0.0000530 seconds
211.601: Application time: 0.0407960 seconds
211.601: [GC [PSYoungGen: 7424K->400K(8192K)] 17084K->10060K(26112K), 0.0004410 secs] [Times: user=0.00 sys=0.00, real=0.01 secs] 
211.601: Total time for which application threads were stopped: 0.0005580 seconds, Stopping threads took: 0.0000540 seconds
211.643: Application time: 0.0415620 seconds
211.643: [GC [PSYoungGen: 7568K->496K(8192K)] 17228K->10156K(26112K), 0.0005960 secs] [Times: user=0.00 sys=0.00, real=0.00 secs] 
211.644: Total time for which application threads were stopped: 0.0007420 seconds, Stopping threads took: 0.0000590 seconds
211.686: Application time: 0.0426980 seconds
211.686: [GC [PSYoungGen: 7664K->496K(8192K)] 17324K->10156K(26112K), 0.0004990 secs] [Times: user=0.00 sys=0.00, real=0.00 secs] 
211.687: Total time for which application threads were stopped: 0.0006170 seconds, Stopping threads took: 0.0000500 seconds
211.730: Application time: 0.0428760 seconds
211.730: [GC [PSYoungGen: 7664K->496K(8192K)] 17324K->10156K(26112K), 0.0004450 secs] [Times: user=0.01 sys=0.00, real=0.00 secs] 
211.730: Total time for which application threads were stopped: 0.0005710 seconds, Stopping threads took: 0.0000560 seconds
211.773: Application time: 0.0428950 seconds
211.773: [GC [PSYoungGen: 7664K->560K(8192K)] 17324K->10220K(26112K), 0.0005350 secs] [Times: user=0.00 sys=0.00, real=0.00 secs] 
211.774: Total time for which application threads were stopped: 0.0006520 seconds, Stopping threads took: 0.0000520 seconds
211.817: Application time: 0.0428670 seconds
211.817: [GC [PSYoungGen: 7728K->528K(8192K)] 17388K->10188K(26112K), 0.0004790 secs] [Times: user=0.00 sys=0.00, real=0.00 secs] 
211.817: Total time for which application threads were stopped: 0.0006200 seconds, Stopping threads took: 0.0000720 seconds
211.861: Application time: 0.0431400 seconds
211.861: [GC [PSYoungGen: 7696K->496K(8192K)] 17356K->10156K(26112K), 0.0004560 secs] [Times: user=0.01 sys=0.00, real=0.01 secs] 
211.861: Total time for which application threads were stopped: 0.0005740 seconds, Stopping threads took: 0.0000500 seconds
211.904: Application time: 0.0430440 seconds
211.904: [GC [PSYoungGen: 7664K->464K(8192K)] 17324K->10124K(26112K), 0.0004730 secs] [Times: user=0.00 sys=0.00, real=0.00 secs] 
211.905: Total time for which application threads were stopped: 0.0005960 seconds, Stopping threads took: 0.0000540 seconds
211.948: Application time: 0.0427480 seconds
211.948: [GC [PSYoungGen: 7632K->464K(8192K)] 17292K->10124K(26112K), 0.0004610 secs] [Times: user=0.01 sys=0.00, real=0.00 secs] 
211.948: Total time for which application threads were stopped: 0.0005690 seconds, Stopping threads took: 0.0000450 seconds
211.991: Application time: 0.0427920 seconds
211.991: [GC [PSYoungGen: 7632K->512K(8192K)] 17292K->10172K(26112K), 0.0004580 secs] [Times: user=0.00 sys=0.00, real=0.00 secs] 
211.992: Total time for which application threads were stopped: 0.0005850 seconds, Stopping threads took: 0.0000630 seconds
212.034: Application time: 0.0429520 seconds
212.035: [GC [PSYoungGen: 7680K->528K(8192K)] 17340K->10188K(26112K), 0.0004600 secs] [Times: user=0.00 sys=0.00, real=0.00 secs] 
212.035: Total time for which application threads were stopped: 0.0005680 seconds, Stopping threads took: 0.0000430 seconds
212.078: Application time: 0.0428500 seconds
212.078: [GC [PSYoungGen: 7696K->464K(8192K)] 17356K->10124K(26112K), 0.0004910 secs] [Times: user=0.00 sys=0.00, real=0.00 secs] 
212.078: Total time for which application threads were stopped: 0.0006120 seconds, Stopping threads took: 0.0000520 seconds
212.121: Application time: 0.0427260 seconds
212.121: [GC [PSYoungGen: 7632K->480K(8192K)] 17292K->10140K(26112K), 0.0004960 secs] [Times: user=0.01 sys=0.00, real=0.00 secs] 
212.122: Total time for which application threads were stopped: 0.0005980 seconds, Stopping threads took: 0.0000380 seconds
212.165: Application time: 0.0426990 seconds
212.165: [GC [PSYoungGen: 7648K->464K(8192K)] 17308K->10188K(26112K), 0.0004570 secs] [Times: user=0.01 sys=0.00, real=0.00 secs] 
212.165: Total time for which application threads were stopped: 0.0005940 seconds, Stopping threads took: 0.0000520 seconds
212.209: Application time: 0.0440260 seconds
212.209: [GC [PSYoungGen: 7632K->496K(8192K)] 17356K->10220K(26112K), 0.0004750 secs] [Times: user=0.00 sys=0.00, real=0.00 secs] 
212.210: Total time for which application threads were stopped: 0.0006050 seconds, Stopping threads took: 0.0000640 seconds
212.252: Application time: 0.0427250 seconds
212.253: [GC [PSYoungGen: 7664K->304K(8192K)] 17388K->10184K(26112K), 0.0004550 secs] [Times: user=0.01 sys=0.00, real=0.00 secs] 
212.253: Total time for which application threads were stopped: 0.0005740 seconds, Stopping threads took: 0.0000520 seconds
212.296: Application time: 0.0427570 seconds
212.296: [GC [PSYoungGen: 7472K->256K(8192K)] 17352K->10260K(26112K), 0.0004060 secs] [Times: user=0.00 sys=0.00, real=0.00 secs] 
212.296: Total time for which application threads were stopped: 0.0005190 seconds, Stopping threads took: 0.0000470 seconds
212.339: Application time: 0.0427470 seconds
212.339: [GC [PSYoungGen: 7424K->256K(8192K)] 17428K->10260K(26112K), 0.0003920 secs] [Times: user=0.00 sys=0.00, real=0.00 secs] 
212.340: Total time for which application threads were stopped: 0.0005000 seconds, Stopping threads took: 0.0000460 seconds
212.382: Application time: 0.0425960 seconds
212.382: [GC [PSYoungGen: 7424K->256K(8192K)] 17428K->10260K(26112K), 0.0004790 secs] [Times: user=0.00 sys=0.00, real=0.00 secs] 
212.383: Total time for which application threads were stopped: 0.0006090 seconds, Stopping threads took: 0.0000630 seconds
212.425: Application time: 0.0418490 seconds
212.425: [GC [PSYoungGen: 7424K->320K(8192K)] 17428K->10324K(26112K), 0.0004400 secs] [Times: user=0.00 sys=0.00, real=0.00 secs] 
212.425: Total time for which application threads were stopped: 0.0005640 seconds, Stopping threads took: 0.0000580 seconds
212.467: Application time: 0.0415590 seconds
212.467: [GC [PSYoungGen: 7488K->400K(8192K)] 17492K->10404K(26112K), 0.0004310 secs] [Times: user=0.00 sys=0.00, real=0.00 secs] 
212.467: Total time for which application threads were stopped: 0.0005450 seconds, Stopping threads took: 0.0000500 seconds
212.509: Application time: 0.0413640 seconds
212.509: [GC [PSYoungGen: 7568K->496K(8192K)] 17572K->10500K(26112K), 0.0005030 secs] [Times: user=0.00 sys=0.00, real=0.01 secs] 
212.509: Total time for which application threads were stopped: 0.0006120 seconds, Stopping threads took: 0.0000420 seconds
212.552: Application time: 0.0426740 seconds
212.552: [GC [PSYoungGen: 7664K->528K(8192K)] 17668K->10532K(26112K), 0.0004840 secs] [Times: user=0.00 sys=0.00, real=0.00 secs] 
212.553: Total time for which application threads were stopped: 0.0006010 seconds, Stopping threads took: 0.0000510 seconds
212.596: Application time: 0.0431270 seconds
212.596: [GC [PSYoungGen: 7696K->528K(8192K)] 17700K->10532K(26112K), 0.0004370 secs] [Times: user=0.00 sys=0.00, real=0.00 secs] 
212.596: Total time for which application threads were stopped: 0.0005630 seconds, Stopping threads took: 0.0000480 seconds
212.639: Application time: 0.0430950 seconds
212.640: [GC [PSYoungGen: 7696K->512K(8192K)] 17700K->10516K(26112K), 0.0005160 secs] [Times: user=0.00 sys=0.00, real=0.00 secs] 
212.640: Total time for which application threads were stopped: 0.0007360 seconds, Stopping threads took: 0.0001380 seconds
212.683: Application time: 0.0429610 seconds
212.683: [GC [PSYoungGen: 7680K->512K(8192K)] 17684K->10516K(26112K), 0.0004540 secs] [Times: user=0.00 sys=0.00, real=0.00 secs] 
212.684: Total time for which application threads were stopped: 0.0005830 seconds, Stopping threads took: 0.0000500 seconds
212.726: Application time: 0.0427530 seconds
212.726: [GC [PSYoungGen: 7679K->496K(8192K)] 17684K->10500K(26112K), 0.0004400 secs] [Times: user=0.00 sys=0.00, real=0.00 secs] 
212.727: Total time for which application threads were stopped: 0.0005640 seconds, Stopping threads took: 0.0000550 seconds
212.770: Application time: 0.0430220 seconds
212.770: [GC [PSYoungGen: 7664K->512K(8192K)] 17668K->10516K(26112K), 0.0004600 secs] [Times: user=0.00 sys=0.00, real=0.00 secs] 
212.771: Total time for which application threads were stopped: 0.0005790 seconds, Stopping threads took: 0.0000530 seconds
212.813: Application time: 0.0427120 seconds
212.813: [GC [PSYoungGen: 7680K->480K(8192K)] 17684K->10484K(26112K), 0.0004540 secs] [Times: user=0.00 sys=0.00, real=0.00 secs] 
212.814: Total time for which application threads were stopped: 0.0005670 seconds, Stopping threads took: 0.0000470 seconds
212.857: Application time: 0.0426780 seconds
212.857: [GC [PSYoungGen: 7648K->544K(8192K)] 17652K->10548K(26112K), 0.0004550 secs] [Times: user=0.00 sys=0.00, real=0.00 secs] 
212.857: Total time for which application threads were stopped: 0.0005750 seconds, Stopping threads took: 0.0000510 seconds
212.900: Application time: 0.0426400 seconds
212.900: [GC [PSYoungGen: 7712K->496K(8192K)] 17716K->10500K(26112K), 0.0004940 secs] [Times: user=0.00 sys=0.00, real=0.00 secs] 
212.900: Total time for which application threads were stopped: 0.0006130 seconds, Stopping threads took: 0.0000540 seconds
212.943: Application time: 0.0425800 seconds
212.943: [GC [PSYoungGen: 7664K->512K(8192K)] 17668K->10516K(26112K), 0.0004490 secs] [Times: user=0.01 sys=0.00, real=0.00 secs] 
212.943: Total time for which application threads were stopped: 0.0005610 seconds, Stopping threads took: 0.0000470 seconds
212.987: Application time: 0.0430680 seconds
212.987: [GC [PSYoungGen: 7680K->512K(8192K)] 17684K->10516K(26112K), 0.0004530 secs] [Times: user=0.00 sys=0.00, real=0.00 secs] 
212.987: Total time for which application threads were stopped: 0.0005600 seconds, Stopping threads took: 0.0000410 seconds
213.030: Application time: 0.0428100 seconds
213.030: [GC [PSYoungGen: 7680K->464K(8192K)] 17684K->10516K(26112K), 0.0004340 secs] [Times: user=0.01 sys=0.00, real=0.00 secs] 
213.030: Total time for which application threads were stopped: 0.0005500 seconds, Stopping threads took: 0.0000510 seconds
213.074: Application time: 0.0431270 seconds
213.074: [GC [PSYoungGen: 7632K->432K(8192K)] 17684K->10588K(26112K), 0.0004570 secs] [Times: user=0.00 sys=0.00, real=0.00 secs] 
213.074: Total time for which application threads were stopped: 0.0005640 seconds, Stopping threads took: 0.0000400 seconds
213.117: Application time: 0.0430250 seconds
213.117: [GC [PSYoungGen: 7600K->336K(8192K)] 17756K->10572K(26112K), 0.0004100 secs] [Times: user=0.00 sys=0.00, real=0.00 secs] 
213.118: Total time for which application threads were stopped: 0.0005360 seconds, Stopping threads took: 0.0000610 seconds
213.161: Application time: 0.0429170 seconds
213.161: [GC [PSYoungGen: 7504K->256K(8192K)] 17740K->10612K(26112K), 0.0004420 secs] [Times: user=0.00 sys=0.00, real=0.01 secs] 
213.161: Total time for which application threads were stopped: 0.0005640 seconds, Stopping threads took: 0.0000550 seconds
213.204: Application time: 0.0429520 seconds
213.204: [GC [PSYoungGen: 7424K->256K(8192K)] 17780K->10612K(26112K), 0.0004050 secs] [Times: user=0.01 sys=0.00, real=0.00 secs] 
213.205: Total time for which application threads were stopped: 0.0005410 seconds, Stopping threads took: 0.0000590 seconds
213.247: Application time: 0.0422090 seconds
213.247: [GC [PSYoungGen: 7424K->272K(8192K)] 17780K->10628K(26112K), 0.0003940 secs] [Times: user=0.00 sys=0.00, real=0.00 secs] 
213.247: Total time for which application threads were stopped: 0.0005110 seconds, Stopping threads took: 0.0000540 seconds
213.288: Application time: 0.0408800 seconds
213.288: [GC [PSYoungGen: 7440K->352K(8192K)] 17796K->10708K(26112K), 0.0004340 secs] [Times: user=0.00 sys=0.00, real=0.00 secs] 
213.289: Total time for which application threads were stopped: 0.0005540 seconds, Stopping threads took: 0.0000580 seconds
213.328: Application time: 0.0386320 seconds
213.328: [GC [PSYoungGen: 7520K->384K(8192K)] 17876K->10740K(26112K), 0.0004200 secs] [Times: user=0.00 sys=0.00, real=0.00 secs] 
213.328: Total time for which application threads were stopped: 0.0005410 seconds, Stopping threads took: 0.0000500 seconds
213.366: Application time: 0.0375600 seconds
213.366: [GC [PSYoungGen: 7552K->512K(8192K)] 17908K->10868K(26112K), 0.0004280 secs] [Times: user=0.00 sys=0.00, real=0.00 secs] 
213.366: Total time for which application threads were stopped: 0.0005480 seconds, Stopping threads took: 0.0000560 seconds
213.406: Application time: 0.0396690 seconds
213.406: [GC [PSYoungGen: 7680K->448K(8192K)] 18036K->10804K(26112K), 0.0004290 secs] [Times: user=0.00 sys=0.00, real=0.00 secs] 
213.406: Total time for which application threads were stopped: 0.0005340 seconds, Stopping threads took: 0.0000420 seconds
213.445: Application time: 0.0389490 seconds
213.445: [GC [PSYoungGen: 7616K->528K(8192K)] 17972K->10884K(26112K), 0.0004360 secs] [Times: user=0.00 sys=0.00, real=0.00 secs] 
213.446: Total time for which application threads were stopped: 0.0005440 seconds, Stopping threads took: 0.0000420 seconds
213.485: Application time: 0.0391320 seconds
213.485: [GC [PSYoungGen: 7696K->496K(8192K)] 18052K->10852K(26112K), 0.0004240 secs] [Times: user=0.00 sys=0.00, real=0.00 secs] 
213.486: Total time for which application threads were stopped: 0.0005430 seconds, Stopping threads took: 0.0000550 seconds
213.525: Application time: 0.0389640 seconds
213.525: [GC [PSYoungGen: 7664K->496K(8192K)] 18020K->10852K(26112K), 0.0004180 secs] [Times: user=0.00 sys=0.00, real=0.00 secs] 
213.525: Total time for which application threads were stopped: 0.0005380 seconds, Stopping threads took: 0.0000540 seconds
213.565: Application time: 0.0397190 seconds
213.565: [GC [PSYoungGen: 7664K->480K(8192K)] 18020K->10836K(26112K), 0.0004330 secs] [Times: user=0.00 sys=0.00, real=0.00 secs] 
213.565: Total time for which application threads were stopped: 0.0005550 seconds, Stopping threads took: 0.0000590 seconds
213.604: Application time: 0.0388370 seconds
213.604: [GC [PSYoungGen: 7648K->528K(8192K)] 18004K->10884K(26112K), 0.0004930 secs] [Times: user=0.00 sys=0.00, real=0.00 secs] 
213.605: Total time for which application threads were stopped: 0.0006200 seconds, Stopping threads took: 0.0000650 seconds
213.644: Application time: 0.0390000 seconds
213.644: [GC [PSYoungGen: 7696K->480K(8192K)] 18052K->10836K(26112K), 0.0005490 secs] [Times: user=0.00 sys=0.00, real=0.00 secs] 
213.645: Total time for which application threads were stopped: 0.0016710 seconds, Stopping threads took: 0.0000460 seconds
213.684: Application time: 0.0387540 seconds
213.684: [GC [PSYoungGen: 7648K->448K(8192K)] 18004K->10804K(26112K), 0.0004580 secs] [Times: user=0.01 sys=0.00, real=0.00 secs] 
213.685: Total time for which application threads were stopped: 0.0005690 seconds, Stopping threads took: 0.0000450 seconds
213.724: Application time: 0.0388550 seconds
213.725: [GC [PSYoungGen: 7616K->496K(8192K)] 17972K->10852K(26112K), 0.0004490 secs] [Times: user=0.00 sys=0.00, real=0.00 secs] 
213.726: Total time for which application threads were stopped: 0.0018880 seconds, Stopping threads took: 0.0013700 seconds
213.764: Application time: 0.0388250 seconds
213.764: [GC [PSYoungGen: 7664K->512K(8192K)] 18020K->10868K(26112K), 0.0004350 secs] [Times: user=0.00 sys=0.00, real=0.00 secs] 
213.765: Total time for which application threads were stopped: 0.0005500 seconds, Stopping threads took: 0.0000530 seconds
213.804: Application time: 0.0395120 seconds
213.805: [GC [PSYoungGen: 7680K->480K(8192K)] 18036K->10836K(26112K), 0.0004150 secs] [Times: user=0.00 sys=0.00, real=0.00 secs] 
213.805: Total time for which application threads were stopped: 0.0005210 seconds, Stopping threads took: 0.0000410 seconds
213.844: Application time: 0.0388700 seconds
213.844: [GC [PSYoungGen: 7648K->480K(8192K)] 18004K->10892K(26112K), 0.0004150 secs] [Times: user=0.00 sys=0.00, real=0.00 secs] 
213.844: Total time for which application threads were stopped: 0.0005220 seconds, Stopping threads took: 0.0000440 seconds
213.883: Application time: 0.0388900 seconds
213.883: [GC [PSYoungGen: 7648K->352K(8192K)] 18060K->10893K(26112K), 0.0004520 secs] [Times: user=0.01 sys=0.00, real=0.00 secs] 
213.884: Total time for which application threads were stopped: 0.0005790 seconds, Stopping threads took: 0.0000570 seconds
213.923: Application time: 0.0388400 seconds
213.923: [GC [PSYoungGen: 7520K->304K(8192K)] 18061K->10901K(26112K), 0.0004220 secs] [Times: user=0.00 sys=0.00, real=0.00 secs] 
213.923: Total time for which application threads were stopped: 0.0005210 seconds, Stopping threads took: 0.0000400 seconds
213.962: Application time: 0.0389010 seconds
213.962: [GC [PSYoungGen: 7472K->240K(8192K)] 18069K->10925K(26112K), 0.0004130 secs] [Times: user=0.00 sys=0.00, real=0.00 secs] 
213.963: Total time for which application threads were stopped: 0.0005160 seconds, Stopping threads took: 0.0000420 seconds
214.001: Application time: 0.0384500 seconds
214.001: [GC [PSYoungGen: 7408K->272K(8192K)] 18093K->10957K(26112K), 0.0003680 secs] [Times: user=0.00 sys=0.00, real=0.00 secs] 
214.002: Total time for which application threads were stopped: 0.0004780 seconds, Stopping threads took: 0.0000480 seconds
214.040: Application time: 0.0388860 seconds
214.041: [GC [PSYoungGen: 7440K->272K(8192K)] 18125K->10957K(26112K), 0.0003660 secs] [Times: user=0.00 sys=0.00, real=0.00 secs] 
214.041: Total time for which application threads were stopped: 0.0004770 seconds, Stopping threads took: 0.0000490 seconds
214.078: Application time: 0.0369270 seconds
214.078: [GC [PSYoungGen: 7440K->384K(8192K)] 18125K->11069K(26112K), 0.0003980 secs] [Times: user=0.00 sys=0.00, real=0.00 secs] 
214.078: Total time for which application threads were stopped: 0.0005020 seconds, Stopping threads took: 0.0000400 seconds
214.116: Application time: 0.0377400 seconds
214.116: [GC [PSYoungGen: 7552K->448K(8192K)] 18237K->11133K(26112K), 0.0004240 secs] [Times: user=0.00 sys=0.00, real=0.00 secs] 
214.117: Total time for which application threads were stopped: 0.0005390 seconds, Stopping threads took: 0.0000490 seconds
214.155: Application time: 0.0386570 seconds
214.155: [GC [PSYoungGen: 7616K->496K(8192K)] 18301K->11181K(26112K), 0.0004660 secs] [Times: user=0.00 sys=0.00, real=0.00 secs] 
214.156: Total time for which application threads were stopped: 0.0005780 seconds, Stopping threads took: 0.0000510 seconds
214.195: Application time: 0.0389500 seconds
214.195: [GC [PSYoungGen: 7664K->496K(8192K)] 18349K->11181K(26112K), 0.0004720 secs] [Times: user=0.00 sys=0.00, real=0.00 secs] 
214.195: Total time for which application threads were stopped: 0.0005810 seconds, Stopping threads took: 0.0000470 seconds
214.234: Application time: 0.0390570 seconds
214.235: [GC [PSYoungGen: 7664K->464K(8192K)] 18349K->11149K(26112K), 0.0004550 secs] [Times: user=0.00 sys=0.00, real=0.00 secs] 
214.235: Total time for which application threads were stopped: 0.0005910 seconds, Stopping threads took: 0.0000590 seconds
214.274: Application time: 0.0388710 seconds
214.274: [GC [PSYoungGen: 7632K->512K(8192K)] 18317K->11197K(26112K), 0.0004300 secs] [Times: user=0.00 sys=0.00, real=0.00 secs] 
214.274: Total time for which application threads were stopped: 0.0005470 seconds, Stopping threads took: 0.0000570 seconds
214.314: Application time: 0.0394390 seconds
214.314: [GC [PSYoungGen: 7680K->496K(8192K)] 18365K->11181K(26112K), 0.0004960 secs] [Times: user=0.00 sys=0.00, real=0.00 secs] 
214.314: Total time for which application threads were stopped: 0.0005940 seconds, Stopping threads took: 0.0000370 seconds
214.353: Application time: 0.0388740 seconds
214.353: [GC [PSYoungGen: 7664K->464K(8192K)] 18349K->11149K(26112K), 0.0004630 secs] [Times: user=0.00 sys=0.00, real=0.00 secs] 
214.354: Total time for which application threads were stopped: 0.0005810 seconds, Stopping threads took: 0.0000540 seconds
214.393: Application time: 0.0390650 seconds
214.393: [GC [PSYoungGen: 7632K->464K(8192K)] 18317K->11149K(26112K), 0.0004060 secs] [Times: user=0.00 sys=0.00, real=0.00 secs] 
214.394: Total time for which application threads were stopped: 0.0005220 seconds, Stopping threads took: 0.0000510 seconds
214.432: Application time: 0.0389110 seconds
214.433: [GC [PSYoungGen: 7632K->448K(8192K)] 18317K->11133K(26112K), 0.0004440 secs] [Times: user=0.00 sys=0.00, real=0.00 secs] 
214.433: Total time for which application threads were stopped: 0.0005640 seconds, Stopping threads took: 0.0000510 seconds
214.472: Application time: 0.0388120 seconds
214.472: [GC [PSYoungGen: 7616K->544K(8192K)] 18301K->11229K(26112K), 0.0004260 secs] [Times: user=0.01 sys=0.00, real=0.00 secs] 
214.472: Total time for which application threads were stopped: 0.0005320 seconds, Stopping threads took: 0.0000440 seconds
214.511: Application time: 0.0388470 seconds
214.511: [GC [PSYoungGen: 7712K->496K(8192K)] 18397K->11181K(26112K), 0.0004630 secs] [Times: user=0.00 sys=0.00, real=0.00 secs] 
214.512: Total time for which application threads were stopped: 0.0005650 seconds, Stopping threads took: 0.0000430 seconds
214.551: Application time: 0.0388510 seconds
214.551: [GC [PSYoungGen: 7664K->496K(8192K)] 18349K->11181K(26112K), 0.0004450 secs] [Times: user=0.00 sys=0.00, real=0.00 secs] 
214.551: Total time for which application threads were stopped: 0.0005590 seconds, Stopping threads took: 0.0000510 seconds
214.590: Application time: 0.0389280 seconds
214.590: [GC [PSYoungGen: 7664K->496K(8192K)] 18349K->11229K(26112K), 0.0004620 secs] [Times: user=0.00 sys=0.00, real=0.00 secs] 
214.591: Total time for which application threads were stopped: 0.0005780 seconds, Stopping threads took: 0.0000530 seconds
214.630: Application time: 0.0394110 seconds
214.630: [GC [PSYoungGen: 7664K->496K(8192K)] 18397K->11229K(26112K), 0.0004230 secs] [Times: user=0.00 sys=0.00, real=0.00 secs] 
214.631: Total time for which application threads were stopped: 0.0005400 seconds, Stopping threads took: 0.0000510 seconds
214.670: Application time: 0.0390410 seconds
214.670: [GC [PSYoungGen: 7664K->320K(8192K)] 18397K->11197K(26112K), 0.0004810 secs] [Times: user=0.00 sys=0.00, real=0.00 secs] 
214.670: Total time for which application threads were stopped: 0.0006170 seconds, Stopping threads took: 0.0000660 seconds
214.709: Application time: 0.0390630 seconds
214.709: [GC [PSYoungGen: 7488K->304K(8192K)] 18365K->11269K(26112K), 0.0004030 secs] [Times: user=0.00 sys=0.00, real=0.00 secs] 
214.710: Total time for which application threads were stopped: 0.0005090 seconds, Stopping threads took: 0.0000410 seconds
214.749: Application time: 0.0390560 seconds
214.749: [GC [PSYoungGen: 7472K->256K(8192K)] 18437K->11261K(26112K), 0.0003780 secs] [Times: user=0.00 sys=0.00, real=0.00 secs] 
214.749: Total time for which application threads were stopped: 0.0004980 seconds, Stopping threads took: 0.0000500 seconds
214.788: Application time: 0.0384980 seconds
214.788: [GC [PSYoungGen: 7424K->304K(8192K)] 18429K->11309K(26112K), 0.0003760 secs] [Times: user=0.00 sys=0.00, real=0.00 secs] 
214.788: Total time for which application threads were stopped: 0.0004840 seconds, Stopping threads took: 0.0000430 seconds
214.827: Application time: 0.0387520 seconds
214.827: [GC [PSYoungGen: 7472K->272K(8192K)] 18477K->11277K(26112K), 0.0003750 secs] [Times: user=0.00 sys=0.00, real=0.00 secs] 
214.828: Total time for which application threads were stopped: 0.0004870 seconds, Stopping threads took: 0.0000530 seconds
214.865: Application time: 0.0371430 seconds
214.865: [GC [PSYoungGen: 7440K->432K(8192K)] 18445K->11437K(26112K), 0.0004150 secs] [Times: user=0.00 sys=0.00, real=0.00 secs] 
214.865: Total time for which application threads were stopped: 0.0005250 seconds, Stopping threads took: 0.0000470 seconds
214.903: Application time: 0.0374670 seconds
214.903: [GC [PSYoungGen: 7600K->480K(8192K)] 18605K->11485K(26112K), 0.0004740 secs] [Times: user=0.01 sys=0.00, real=0.00 secs] 
214.903: Total time for which application threads were stopped: 0.0005800 seconds, Stopping threads took: 0.0000440 seconds
214.942: Application time: 0.0389120 seconds
214.942: [GC [PSYoungGen: 7648K->496K(8192K)] 18653K->11501K(26112K), 0.0004110 secs] [Times: user=0.00 sys=0.00, real=0.00 secs] 
214.943: Total time for which application threads were stopped: 0.0005300 seconds, Stopping threads took: 0.0000490 seconds
214.982: Application time: 0.0393450 seconds
214.982: [GC [PSYoungGen: 7664K->464K(8192K)] 18669K->11469K(26112K), 0.0005350 secs] [Times: user=0.01 sys=0.00, real=0.00 secs] 
214.983: Total time for which application threads were stopped: 0.0006460 seconds, Stopping threads took: 0.0000480 seconds
215.022: Application time: 0.0390100 seconds
215.022: [GC [PSYoungGen: 7632K->496K(8192K)] 18637K->11501K(26112K), 0.0004180 secs] [Times: user=0.00 sys=0.00, real=0.00 secs] 
215.022: Total time for which application threads were stopped: 0.0005260 seconds, Stopping threads took: 0.0000460 seconds
215.062: Application time: 0.0391990 seconds
215.062: [GC [PSYoungGen: 7664K->480K(8192K)] 18669K->11485K(26112K), 0.0004300 secs] [Times: user=0.00 sys=0.00, real=0.00 secs] 
215.062: Total time for which application threads were stopped: 0.0005440 seconds, Stopping threads took: 0.0000510 seconds
215.101: Application time: 0.0389610 seconds
215.101: [GC [PSYoungGen: 7648K->512K(8192K)] 18653K->11517K(26112K), 0.0004240 secs] [Times: user=0.01 sys=0.00, real=0.00 secs] 
215.102: Total time for which application threads were stopped: 0.0005370 seconds, Stopping threads took: 0.0000520 seconds
215.141: Application time: 0.0391830 seconds
215.141: [GC [PSYoungGen: 7680K->528K(8192K)] 18685K->11533K(26112K), 0.0004150 secs] [Times: user=0.00 sys=0.00, real=0.01 secs] 
215.141: Total time for which application threads were stopped: 0.0005260 seconds, Stopping threads took: 0.0000500 seconds
215.180: Application time: 0.0389000 seconds
215.180: [GC [PSYoungGen: 7696K->496K(8192K)] 18701K->11501K(26112K), 0.0004160 secs] [Times: user=0.00 sys=0.00, real=0.00 secs] 
215.181: Total time for which application threads were stopped: 0.0005290 seconds, Stopping threads took: 0.0000520 seconds
215.219: Application time: 0.0387390 seconds
215.220: [GC [PSYoungGen: 7664K->512K(8192K)] 18669K->11517K(26112K), 0.0004180 secs] [Times: user=0.00 sys=0.00, real=0.00 secs] 
215.220: Total time for which application threads were stopped: 0.0005170 seconds, Stopping threads took: 0.0000380 seconds
215.259: Application time: 0.0387230 seconds
215.259: [GC [PSYoungGen: 7680K->512K(8192K)] 18685K->11517K(26112K), 0.0004210 secs] [Times: user=0.00 sys=0.00, real=0.00 secs] 
215.259: Total time for which application threads were stopped: 0.0005430 seconds, Stopping threads took: 0.0000490 seconds
215.298: Application time: 0.0387320 seconds
215.298: [GC [PSYoungGen: 7680K->544K(8192K)] 18685K->11549K(26112K), 0.0004350 secs] [Times: user=0.00 sys=0.00, real=0.00 secs] 
215.299: Total time for which application threads were stopped: 0.0005620 seconds, Stopping threads took: 0.0000610 seconds
215.337: Application time: 0.0388660 seconds
215.338: [GC [PSYoungGen: 7712K->528K(8192K)] 18717K->11533K(26112K), 0.0004250 secs] [Times: user=0.01 sys=0.00, real=0.00 secs] 
215.338: Total time for which application threads were stopped: 0.0005360 seconds, Stopping threads took: 0.0000490 seconds
215.377: Application time: 0.0388870 seconds
215.377: [GC [PSYoungGen: 7696K->464K(8192K)] 18701K->11509K(26112K), 0.0004500 secs] [Times: user=0.01 sys=0.00, real=0.00 secs] 
215.377: Total time for which application threads were stopped: 0.0005570 seconds, Stopping threads took: 0.0000440 seconds
215.416: Application time: 0.0389420 seconds
215.417: [GC [PSYoungGen: 7632K->464K(8192K)] 18677K->11509K(26112K), 0.0004300 secs] [Times: user=0.00 sys=0.00, real=0.00 secs] 
215.418: Total time for which application threads were stopped: 0.0011660 seconds, Stopping threads took: 0.0006750 seconds
215.457: Application time: 0.0389770 seconds
215.457: [GC [PSYoungGen: 7632K->304K(8192K)] 18677K->11501K(26112K), 0.0004300 secs] [Times: user=0.00 sys=0.00, real=0.00 secs] 
215.457: Total time for which application threads were stopped: 0.0005400 seconds, Stopping threads took: 0.0000470 seconds
215.496: Application time: 0.0391060 seconds
215.496: [GC [PSYoungGen: 7472K->256K(8192K)] 18669K->11573K(26112K), 0.0003940 secs] [Times: user=0.00 sys=0.00, real=0.00 secs] 
215.497: Total time for which application threads were stopped: 0.0005110 seconds, Stopping threads took: 0.0000480 seconds
215.536: Application time: 0.0390790 seconds
215.536: [GC [PSYoungGen: 7424K->256K(8192K)] 18741K->11573K(26112K), 0.0003880 secs] [Times: user=0.00 sys=0.00, real=0.00 secs] 
215.536: Total time for which application threads were stopped: 0.0005000 seconds, Stopping threads took: 0.0000500 seconds
215.575: Application time: 0.0384370 seconds
215.575: [GC [PSYoungGen: 7424K->272K(8192K)] 18741K->11589K(26112K), 0.0004140 secs] [Times: user=0.00 sys=0.00, real=0.00 secs] 
215.575: Total time for which application threads were stopped: 0.0005200 seconds, Stopping threads took: 0.0000460 seconds
215.613: Application time: 0.0379950 seconds
215.613: [GC [PSYoungGen: 7440K->320K(8192K)] 18757K->11637K(26112K), 0.0003970 secs] [Times: user=0.00 sys=0.00, real=0.00 secs] 
215.614: Total time for which application threads were stopped: 0.0005070 seconds, Stopping threads took: 0.0000490 seconds
215.652: Application time: 0.0384440 seconds
215.652: [GC [PSYoungGen: 7488K->384K(8192K)] 18805K->11701K(26112K), 0.0004650 secs] [Times: user=0.00 sys=0.00, real=0.00 secs] 
215.653: Total time for which application threads were stopped: 0.0005950 seconds, Stopping threads took: 0.0000590 seconds
215.690: Application time: 0.0373520 seconds
215.690: [GC [PSYoungGen: 7552K->480K(8192K)] 18869K->11797K(26112K), 0.0004300 secs] [Times: user=0.01 sys=0.00, real=0.00 secs] 
215.691: Total time for which application threads were stopped: 0.0005470 seconds, Stopping threads took: 0.0000500 seconds
215.730: Application time: 0.0389110 seconds
215.730: [GC [PSYoungGen: 7648K->528K(8192K)] 18965K->11845K(26112K), 0.0004630 secs] [Times: user=0.01 sys=0.00, real=0.00 secs] 
215.730: Total time for which application threads were stopped: 0.0005730 seconds, Stopping threads took: 0.0000490 seconds
215.769: Application time: 0.0392160 seconds
215.769: [GC [PSYoungGen: 7696K->464K(8192K)] 19013K->11781K(26112K), 0.0004620 secs] [Times: user=0.00 sys=0.00, real=0.00 secs] 
215.770: Total time for which application threads were stopped: 0.0005930 seconds, Stopping threads took: 0.0000560 seconds
215.809: Application time: 0.0388600 seconds
215.809: [GC [PSYoungGen: 7632K->512K(8192K)] 18949K->11829K(26112K), 0.0004740 secs] [Times: user=0.00 sys=0.00, real=0.01 secs] 
215.809: Total time for which application threads were stopped: 0.0005860 seconds, Stopping threads took: 0.0000520 seconds
215.849: Application time: 0.0393100 seconds
215.849: [GC [PSYoungGen: 7680K->480K(8192K)] 18997K->11797K(26112K), 0.0004400 secs] [Times: user=0.00 sys=0.00, real=0.01 secs] 
215.849: Total time for which application threads were stopped: 0.0005610 seconds, Stopping threads took: 0.0000560 seconds
215.888: Application time: 0.0388620 seconds
215.888: [GC [PSYoungGen: 7648K->464K(8192K)] 18965K->11781K(26112K), 0.0004830 secs] [Times: user=0.00 sys=0.00, real=0.00 secs] 
215.889: Total time for which application threads were stopped: 0.0006020 seconds, Stopping threads took: 0.0000530 seconds
215.928: Application time: 0.0394190 seconds
215.928: [GC [PSYoungGen: 7632K->528K(8192K)] 18949K->11845K(26112K), 0.0004250 secs] [Times: user=0.00 sys=0.00, real=0.00 secs] 
215.929: Total time for which application threads were stopped: 0.0005550 seconds, Stopping threads took: 0.0000640 seconds
215.968: Application time: 0.0388390 seconds
215.968: [GC [PSYoungGen: 7696K->528K(8192K)] 19013K->11845K(26112K), 0.0004190 secs] [Times: user=0.01 sys=0.00, real=0.00 secs] 
215.968: Total time for which application threads were stopped: 0.0005320 seconds, Stopping threads took: 0.0000510 seconds
216.007: Application time: 0.0386320 seconds
216.007: [GC [PSYoungGen: 7696K->512K(8192K)] 19013K->11829K(26112K), 0.0004240 secs] [Times: user=0.01 sys=0.00, real=0.00 secs] 
216.007: Total time for which application threads were stopped: 0.0005440 seconds, Stopping threads took: 0.0000550 seconds
216.046: Application time: 0.0390250 seconds
216.046: [GC [PSYoungGen: 7680K->512K(8192K)] 18997K->11829K(26112K), 0.0004370 secs] [Times: user=0.00 sys=0.00, real=0.00 secs] 
216.047: Total time for which application threads were stopped: 0.0005420 seconds, Stopping threads took: 0.0000430 seconds
216.086: Application time: 0.0388350 seconds
216.086: [GC [PSYoungGen: 7680K->480K(8192K)] 18997K->11797K(26112K), 0.0004510 secs] [Times: user=0.00 sys=0.00, real=0.00 secs] 
216.086: Total time for which application threads were stopped: 0.0005580 seconds, Stopping threads took: 0.0000430 seconds
216.125: Application time: 0.0389030 seconds
216.125: [GC [PSYoungGen: 7648K->512K(8192K)] 18965K->11829K(26112K), 0.0004260 secs] [Times: user=0.00 sys=0.00, real=0.00 secs] 
216.126: Total time for which application threads were stopped: 0.0005290 seconds, Stopping threads took: 0.0000400 seconds
216.165: Application time: 0.0390580 seconds
216.165: [GC [PSYoungGen: 7680K->480K(8192K)] 18997K->11845K(26112K), 0.0004100 secs] [Times: user=0.00 sys=0.00, real=0.00 secs] 
216.165: Total time for which application threads were stopped: 0.0005220 seconds, Stopping threads took: 0.0000510 seconds
216.204: Application time: 0.0388490 seconds
216.204: [GC [PSYoungGen: 7648K->400K(8192K)] 19013K->11861K(26112K), 0.0004620 secs] [Times: user=0.00 sys=0.00, real=0.00 secs] 
216.205: Total time for which application threads were stopped: 0.0005620 seconds, Stopping threads took: 0.0000390 seconds
216.243: Application time: 0.0388210 seconds
216.244: [GC [PSYoungGen: 7568K->304K(8192K)] 19029K->11845K(26112K), 0.0003900 secs] [Times: user=0.00 sys=0.00, real=0.00 secs] 
216.244: Total time for which application threads were stopped: 0.0005010 seconds, Stopping threads took: 0.0000510 seconds
216.283: Application time: 0.0393530 seconds
216.283: [GC [PSYoungGen: 7472K->256K(8192K)] 19013K->11917K(26112K), 0.0003940 secs] [Times: user=0.01 sys=0.00, real=0.00 secs] 
216.284: Total time for which application threads were stopped: 0.0005120 seconds, Stopping threads took: 0.0000420 seconds
216.322: Application time: 0.0382210 seconds
216.322: [GC [PSYoungGen: 7424K->288K(8192K)] 19085K->11949K(26112K), 0.0004070 secs] [Times: user=0.00 sys=0.00, real=0.00 secs] 
216.323: Total time for which application threads were stopped: 0.0005290 seconds, Stopping threads took: 0.0000590 seconds
216.362: Application time: 0.0394940 seconds
216.362: [GC [PSYoungGen: 7456K->272K(8192K)] 19117K->11933K(26112K), 0.0004120 secs] [Times: user=0.00 sys=0.00, real=0.00 secs] 
216.363: Total time for which application threads were stopped: 0.0005240 seconds, Stopping threads took: 0.0000520 seconds
216.400: Application time: 0.0373650 seconds
216.400: [GC [PSYoungGen: 7440K->320K(8192K)] 19101K->11981K(26112K), 0.0003850 secs] [Times: user=0.00 sys=0.00, real=0.00 secs] 
216.400: Total time for which application threads were stopped: 0.0004990 seconds, Stopping threads took: 0.0000510 seconds
216.438: Application time: 0.0375340 seconds
216.438: [GC [PSYoungGen: 7488K->480K(8192K)] 19149K->12141K(26112K), 0.0004650 secs] [Times: user=0.00 sys=0.00, real=0.00 secs] 
216.439: Total time for which application threads were stopped: 0.0005790 seconds, Stopping threads took: 0.0000490 seconds
216.477: Application time: 0.0382280 seconds
216.477: [GC [PSYoungGen: 7648K->512K(8192K)] 19309K->12173K(26112K), 0.0004340 secs] [Times: user=0.01 sys=0.00, real=0.00 secs] 
216.477: Total time for which application threads were stopped: 0.0005470 seconds, Stopping threads took: 0.0000490 seconds
216.516: Application time: 0.0390800 seconds
216.517: [GC [PSYoungGen: 7680K->512K(8192K)] 19341K->12173K(26112K), 0.0004600 secs] [Times: user=0.00 sys=0.00, real=0.00 secs] 
216.517: Total time for which application threads were stopped: 0.0005690 seconds, Stopping threads took: 0.0000480 seconds
216.556: Application time: 0.0388770 seconds
216.556: [GC [PSYoungGen: 7680K->512K(8192K)] 19341K->12173K(26112K), 0.0004350 secs] [Times: user=0.00 sys=0.00, real=0.00 secs] 
216.556: Total time for which application threads were stopped: 0.0005580 seconds, Stopping threads took: 0.0000520 seconds
216.596: Application time: 0.0392740 seconds
216.596: [GC [PSYoungGen: 7680K->512K(8192K)] 19341K->12173K(26112K), 0.0004330 secs] [Times: user=0.01 sys=0.00, real=0.00 secs] 
216.596: Total time for which application threads were stopped: 0.0005450 seconds, Stopping threads took: 0.0000510 seconds
216.635: Application time: 0.0388890 seconds
216.635: [GC [PSYoungGen: 7680K->528K(8192K)] 19341K->12189K(26112K), 0.0004220 secs] [Times: user=0.00 sys=0.00, real=0.00 secs] 
216.636: Total time for which application threads were stopped: 0.0005300 seconds, Stopping threads took: 0.0000460 seconds
216.675: Application time: 0.0392350 seconds
216.675: [GC [PSYoungGen: 7696K->528K(8192K)] 19357K->12189K(26112K), 0.0004680 secs] [Times: user=0.00 sys=0.00, real=0.00 secs] 
216.676: Total time for which application threads were stopped: 0.0005870 seconds, Stopping threads took: 0.0000510 seconds
216.715: Application time: 0.0391660 seconds
216.715: [GC [PSYoungGen: 7696K->512K(8192K)] 19357K->12173K(26112K), 0.0004520 secs] [Times: user=0.01 sys=0.00, real=0.00 secs] 
216.715: Total time for which application threads were stopped: 0.0005800 seconds, Stopping threads took: 0.0000590 seconds
216.754: Application time: 0.0388200 seconds
216.754: [GC [PSYoungGen: 7680K->448K(8192K)] 19341K->12109K(26112K), 0.0004180 secs] [Times: user=0.00 sys=0.00, real=0.00 secs] 
216.755: Total time for which application threads were stopped: 0.0005270 seconds, Stopping threads took: 0.0000460 seconds
216.793: Application time: 0.0387960 seconds
216.794: [GC [PSYoungGen: 7616K->496K(8192K)] 19277K->12157K(26112K), 0.0004420 secs] [Times: user=0.00 sys=0.00, real=0.00 secs] 
216.794: Total time for which application threads were stopped: 0.0005720 seconds, Stopping threads took: 0.0000530 seconds
216.833: Application time: 0.0389660 seconds
216.833: [GC [PSYoungGen: 7664K->528K(8192K)] 19325K->12189K(26112K), 0.0004290 secs] [Times: user=0.00 sys=0.00, real=0.00 secs] 
216.834: Total time for which application threads were stopped: 0.0005370 seconds, Stopping threads took: 0.0000440 seconds
216.872: Application time: 0.0387750 seconds
216.872: [GC [PSYoungGen: 7696K->496K(8192K)] 19357K->12157K(26112K), 0.0004310 secs] [Times: user=0.00 sys=0.00, real=0.00 secs] 
216.873: Total time for which application threads were stopped: 0.0005470 seconds, Stopping threads took: 0.0000530 seconds
216.912: Application time: 0.0388030 seconds
216.912: [GC [PSYoungGen: 7664K->480K(8192K)] 19325K->12181K(26112K), 0.0004250 secs] [Times: user=0.01 sys=0.00, real=0.00 secs] 
216.912: Total time for which application threads were stopped: 0.0005420 seconds, Stopping threads took: 0.0000530 seconds
216.951: Application time: 0.0389680 seconds
216.951: [GC [PSYoungGen: 7648K->464K(8192K)] 19349K->12165K(26112K), 0.0004170 secs] [Times: user=0.00 sys=0.00, real=0.00 secs] 
216.952: Total time for which application threads were stopped: 0.0005230 seconds, Stopping threads took: 0.0000430 seconds
216.991: Application time: 0.0392330 seconds
216.991: [GC [PSYoungGen: 7632K->336K(8192K)] 19333K->12157K(26112K), 0.0004240 secs] [Times: user=0.00 sys=0.00, real=0.00 secs] 
216.991: Total time for which application threads were stopped: 0.0005370 seconds, Stopping threads took: 0.0000490 seconds
217.030: Application time: 0.0389510 seconds
217.030: [GC [PSYoungGen: 7504K->288K(8192K)] 19325K->12206K(26112K), 0.0003970 secs] [Times: user=0.00 sys=0.00, real=0.00 secs] 
217.031: Total time for which application threads were stopped: 0.0005080 seconds, Stopping threads took: 0.0000480 seconds
217.070: Application time: 0.0387840 seconds
217.070: [GC [PSYoungGen: 7456K->240K(8192K)] 19374K->12254K(26112K), 0.0004140 secs] [Times: user=0.00 sys=0.00, real=0.00 secs] 
217.070: Total time for which application threads were stopped: 0.0005270 seconds, Stopping threads took: 0.0000490 seconds
217.109: Application time: 0.0385010 seconds
217.109: [GC [PSYoungGen: 7408K->272K(8192K)] 19422K->12286K(26112K), 0.0004370 secs] [Times: user=0.00 sys=0.00, real=0.01 secs] 
217.109: Total time for which application threads were stopped: 0.0005510 seconds, Stopping threads took: 0.0000500 seconds
217.148: Application time: 0.0383940 seconds
217.148: [GC [PSYoungGen: 7440K->272K(8192K)] 19454K->12286K(26112K), 0.0004030 secs] [Times: user=0.00 sys=0.00, real=0.00 secs] 
217.148: Total time for which application threads were stopped: 0.0005110 seconds, Stopping threads took: 0.0000470 seconds
217.185: Application time: 0.0372770 seconds
217.186: [GC [PSYoungGen: 7440K->384K(8192K)] 19454K->12398K(26112K), 0.0004430 secs] [Times: user=0.00 sys=0.00, real=0.00 secs] 
217.186: Total time for which application threads were stopped: 0.0005570 seconds, Stopping threads took: 0.0000510 seconds
217.224: Application time: 0.0379310 seconds
217.224: [GC [PSYoungGen: 7552K->464K(8192K)] 19566K->12478K(26112K), 0.0005430 secs] [Times: user=0.01 sys=0.00, real=0.00 secs] 
217.225: Total time for which application threads were stopped: 0.0006620 seconds, Stopping threads took: 0.0000540 seconds
217.263: Application time: 0.0386590 seconds
217.263: [GC [PSYoungGen: 7632K->512K(8192K)] 19646K->12526K(26112K), 0.0004400 secs] [Times: user=0.00 sys=0.00, real=0.00 secs] 
217.264: Total time for which application threads were stopped: 0.0005540 seconds, Stopping threads took: 0.0000510 seconds
217.303: Application time: 0.0391320 seconds
217.303: [GC [PSYoungGen: 7680K->512K(8192K)] 19694K->12526K(26112K), 0.0004290 secs] [Times: user=0.00 sys=0.00, real=0.00 secs] 
217.304: Total time for which application threads were stopped: 0.0005650 seconds, Stopping threads took: 0.0000570 seconds
217.343: Application time: 0.0390050 seconds
217.343: [GC [PSYoungGen: 7680K->512K(8192K)] 19694K->12526K(26112K), 0.0004210 secs] [Times: user=0.00 sys=0.00, real=0.00 secs] 
217.343: Total time for which application threads were stopped: 0.0005360 seconds, Stopping threads took: 0.0000490 seconds
217.382: Application time: 0.0392500 seconds
217.382: [GC [PSYoungGen: 7680K->544K(8192K)] 19694K->12558K(26112K), 0.0004260 secs] [Times: user=0.01 sys=0.00, real=0.00 secs] 
217.383: Total time for which application threads were stopped: 0.0005430 seconds, Stopping threads took: 0.0000540 seconds
217.422: Application time: 0.0391490 seconds
217.422: [GC [PSYoungGen: 7712K->528K(8192K)] 19726K->12542K(26112K), 0.0004330 secs] [Times: user=0.00 sys=0.00, real=0.00 secs] 
217.423: Total time for which application threads were stopped: 0.0005460 seconds, Stopping threads took: 0.0000470 seconds
217.461: Application time: 0.0388380 seconds
217.462: [GC [PSYoungGen: 7696K->480K(8192K)] 19710K->12494K(26112K), 0.0004280 secs] [Times: user=0.00 sys=0.00, real=0.00 secs] 
217.462: Total time for which application threads were stopped: 0.0005390 seconds, Stopping threads took: 0.0000470 seconds
217.501: Application time: 0.0388740 seconds
217.501: [GC [PSYoungGen: 7648K->496K(8192K)] 19662K->12510K(26112K), 0.0004680 secs] [Times: user=0.00 sys=0.01, real=0.01 secs] 
217.501: Total time for which application threads were stopped: 0.0005780 seconds, Stopping threads took: 0.0000470 seconds
217.540: Application time: 0.0387200 seconds
217.540: [GC [PSYoungGen: 7664K->496K(8192K)] 19678K->12510K(26112K), 0.0004180 secs] [Times: user=0.00 sys=0.00, real=0.00 secs] 
217.541: Total time for which application threads were stopped: 0.0005310 seconds, Stopping threads took: 0.0000480 seconds
217.579: Application time: 0.0387890 seconds
217.580: [GC [PSYoungGen: 7664K->496K(8192K)] 19678K->12510K(26112K), 0.0004620 secs] [Times: user=0.00 sys=0.00, real=0.00 secs] 
217.580: Total time for which application threads were stopped: 0.0005730 seconds, Stopping threads took: 0.0000450 seconds
217.619: Application time: 0.0388210 seconds
217.619: [GC [PSYoungGen: 7664K->496K(8192K)] 19678K->12510K(26112K), 0.0004310 secs] [Times: user=0.00 sys=0.00, real=0.00 secs] 
217.619: Total time for which application threads were stopped: 0.0005440 seconds, Stopping threads took: 0.0000470 seconds
217.659: Application time: 0.0391250 seconds
217.661: [GC [PSYoungGen: 7664K->480K(8192K)] 19678K->12494K(26112K), 0.0004930 secs] [Times: user=0.00 sys=0.00, real=0.00 secs] 
217.662: Total time for which application threads were stopped: 0.0030640 seconds, Stopping threads took: 0.0024980 seconds
217.700: Application time: 0.0388610 seconds
217.701: [GC [PSYoungGen: 7648K->464K(8192K)] 19662K->12534K(26112K), 0.0004470 secs] [Times: user=0.00 sys=0.00, real=0.01 secs] 
217.701: Total time for which application threads were stopped: 0.0005630 seconds, Stopping threads took: 0.0000500 seconds
217.740: Application time: 0.0392430 seconds
217.740: [GC [PSYoungGen: 7632K->448K(8192K)] 19702K->12558K(26112K), 0.0004220 secs] [Times: user=0.00 sys=0.00, real=0.00 secs] 
217.741: Total time for which application threads were stopped: 0.0005320 seconds, Stopping threads took: 0.0000470 seconds
217.780: Application time: 0.0392540 seconds
217.780: [GC [PSYoungGen: 7616K->320K(8192K)] 19726K->12566K(26112K), 0.0004200 secs] [Times: user=0.00 sys=0.00, real=0.00 secs] 
217.781: Total time for which application threads were stopped: 0.0005360 seconds, Stopping threads took: 0.0000530 seconds
217.819: Application time: 0.0388950 seconds
217.820: [GC [PSYoungGen: 7488K->272K(8192K)] 19734K->12606K(26112K), 0.0004530 secs] [Times: user=0.01 sys=0.00, real=0.00 secs] 
217.820: Total time for which application threads were stopped: 0.0005790 seconds, Stopping threads took: 0.0000540 seconds
217.859: Application time: 0.0388840 seconds
217.859: [GC [PSYoungGen: 7440K->256K(8192K)] 19774K->12670K(26112K), 0.0003760 secs] [Times: user=0.00 sys=0.00, real=0.00 secs] 
217.859: Total time for which application threads were stopped: 0.0004850 seconds, Stopping threads took: 0.0000490 seconds
217.898: Application time: 0.0385080 seconds
217.898: [GC [PSYoungGen: 7424K->304K(8192K)] 19838K->12718K(26112K), 0.0003750 secs] [Times: user=0.00 sys=0.00, real=0.00 secs] 
217.898: Total time for which application threads were stopped: 0.0004950 seconds, Stopping threads took: 0.0000570 seconds
217.937: Application time: 0.0386220 seconds
217.937: [GC [PSYoungGen: 7472K->272K(8192K)] 19886K->12686K(26112K), 0.0003800 secs] [Times: user=0.00 sys=0.00, real=0.00 secs] 
217.938: Total time for which application threads were stopped: 0.0005040 seconds, Stopping threads took: 0.0000590 seconds
217.975: Application time: 0.0373920 seconds
217.975: [GC [PSYoungGen: 7440K->400K(8192K)] 19854K->12814K(26112K), 0.0004000 secs] [Times: user=0.00 sys=0.00, real=0.00 secs] 
217.975: Total time for which application threads were stopped: 0.0005140 seconds, Stopping threads took: 0.0000490 seconds
218.014: Application time: 0.0381030 seconds
218.014: [GC [PSYoungGen: 7568K->464K(8192K)] 19982K->12878K(26112K), 0.0004070 secs] [Times: user=0.00 sys=0.00, real=0.00 secs] 
218.014: Total time for which application threads were stopped: 0.0005240 seconds, Stopping threads took: 0.0000540 seconds
218.052: Application time: 0.0383520 seconds
218.053: [GC [PSYoungGen: 7632K->480K(8192K)] 20046K->12894K(26112K), 0.0004270 secs] [Times: user=0.00 sys=0.00, real=0.00 secs] 
218.053: Total time for which application threads were stopped: 0.0005490 seconds, Stopping threads took: 0.0000560 seconds
218.092: Application time: 0.0388290 seconds
218.092: [GC [PSYoungGen: 7648K->528K(8192K)] 20062K->12942K(26112K), 0.0004720 secs] [Times: user=0.00 sys=0.00, real=0.00 secs] 
218.092: Total time for which application threads were stopped: 0.0005770 seconds, Stopping threads took: 0.0000450 seconds
218.132: Application time: 0.0393400 seconds
218.132: [GC [PSYoungGen: 7696K->480K(8192K)] 20110K->12894K(26112K), 0.0004330 secs] [Times: user=0.01 sys=0.00, real=0.00 secs] 
218.132: Total time for which application threads were stopped: 0.0005450 seconds, Stopping threads took: 0.0000500 seconds
218.171: Application time: 0.0388540 seconds
218.171: [GC [PSYoungGen: 7648K->496K(8192K)] 20062K->12910K(26112K), 0.0004360 secs] [Times: user=0.00 sys=0.00, real=0.00 secs] 
218.172: Total time for which application threads were stopped: 0.0005520 seconds, Stopping threads took: 0.0000450 seconds
218.211: Application time: 0.0397710 seconds
218.212: [GC [PSYoungGen: 7664K->496K(8192K)] 20078K->12910K(26112K), 0.0004330 secs] [Times: user=0.01 sys=0.00, real=0.00 secs] 
218.212: Total time for which application threads were stopped: 0.0005490 seconds, Stopping threads took: 0.0000540 seconds
218.251: Application time: 0.0389140 seconds
218.251: [GC [PSYoungGen: 7664K->464K(8192K)] 20078K->12878K(26112K), 0.0004250 secs] [Times: user=0.00 sys=0.00, real=0.00 secs] 
218.251: Total time for which application threads were stopped: 0.0005370 seconds, Stopping threads took: 0.0000510 seconds
218.290: Application time: 0.0387760 seconds
218.290: [GC [PSYoungGen: 7632K->528K(8192K)] 20046K->12942K(26112K), 0.0004350 secs] [Times: user=0.00 sys=0.00, real=0.00 secs] 
218.291: Total time for which application threads were stopped: 0.0005440 seconds, Stopping threads took: 0.0000490 seconds
218.329: Application time: 0.0386610 seconds
218.330: [GC [PSYoungGen: 7696K->448K(8192K)] 20110K->12862K(26112K), 0.0004210 secs] [Times: user=0.00 sys=0.00, real=0.00 secs] 
218.330: Total time for which application threads were stopped: 0.0005490 seconds, Stopping threads took: 0.0000560 seconds
218.369: Application time: 0.0387980 seconds
218.369: [GC [PSYoungGen: 7616K->480K(8192K)] 20030K->12894K(26112K), 0.0004420 secs] [Times: user=0.00 sys=0.00, real=0.01 secs] 
218.369: Total time for which application threads were stopped: 0.0005520 seconds, Stopping threads took: 0.0000500 seconds
218.408: Application time: 0.0387970 seconds
218.408: [GC [PSYoungGen: 7648K->512K(8192K)] 20062K->12926K(26112K), 0.0004140 secs] [Times: user=0.00 sys=0.00, real=0.00 secs] 
218.409: Total time for which application threads were stopped: 0.0005270 seconds, Stopping threads took: 0.0000510 seconds
218.448: Application time: 0.0388160 seconds
218.448: [GC [PSYoungGen: 7680K->496K(8192K)] 20094K->12910K(26112K), 0.0004580 secs] [Times: user=0.00 sys=0.00, real=0.00 secs] 
218.448: Total time for which application threads were stopped: 0.0005640 seconds, Stopping threads took: 0.0000440 seconds
218.487: Application time: 0.0389340 seconds
218.487: [GC [PSYoungGen: 7664K->464K(8192K)] 20078K->12934K(26112K), 0.0004630 secs] [Times: user=0.01 sys=0.00, real=0.00 secs] 
218.488: Total time for which application threads were stopped: 0.0005800 seconds, Stopping threads took: 0.0000520 seconds
218.527: Application time: 0.0391010 seconds
218.527: [GC [PSYoungGen: 7632K->448K(8192K)] 20102K->12982K(26112K), 0.0004020 secs] [Times: user=0.00 sys=0.00, real=0.00 secs] 
218.527: Total time for which application threads were stopped: 0.0005190 seconds, Stopping threads took: 0.0000520 seconds
218.566: Application time: 0.0389360 seconds
218.566: [GC [PSYoungGen: 7616K->304K(8192K)] 20150K->12950K(26112K), 0.0004090 secs] [Times: user=0.00 sys=0.00, real=0.00 secs] 
218.567: Total time for which application threads were stopped: 0.0005240 seconds, Stopping threads took: 0.0000520 seconds
218.606: Application time: 0.0390950 seconds
218.606: [GC [PSYoungGen: 7472K->272K(8192K)] 20118K->13006K(26112K), 0.0004010 secs] [Times: user=0.00 sys=0.00, real=0.00 secs] 
218.606: Total time for which application threads were stopped: 0.0005210 seconds, Stopping threads took: 0.0000560 seconds
218.646: Application time: 0.0394510 seconds
218.646: [GC [PSYoungGen: 7440K->208K(8192K)] 20174K->12998K(26112K), 0.0004770 secs] [Times: user=0.00 sys=0.00, real=0.00 secs] 
218.647: Total time for which application threads were stopped: 0.0017190 seconds, Stopping threads took: 0.0000560 seconds
218.686: Application time: 0.0384690 seconds
218.686: [GC [PSYoungGen: 7376K->272K(8192K)] 20166K->13062K(26112K), 0.0003910 secs] [Times: user=0.01 sys=0.00, real=0.00 secs] 
218.686: Total time for which application threads were stopped: 0.0004990 seconds, Stopping threads took: 0.0000440 seconds
218.724: Application time: 0.0378660 seconds
218.724: [GC [PSYoungGen: 7440K->320K(8192K)] 20230K->13110K(26112K), 0.0003820 secs] [Times: user=0.00 sys=0.00, real=0.00 secs] 
218.725: Total time for which application threads were stopped: 0.0005100 seconds, Stopping threads took: 0.0000650 seconds
218.763: Application time: 0.0378760 seconds
218.763: [GC [PSYoungGen: 7488K->368K(8192K)] 20278K->13158K(26112K), 0.0004050 secs] [Times: user=0.00 sys=0.00, real=0.00 secs] 
218.763: Total time for which application threads were stopped: 0.0005200 seconds, Stopping threads took: 0.0000530 seconds
218.801: Application time: 0.0373330 seconds
218.801: [GC [PSYoungGen: 7536K->480K(8192K)] 20326K->13270K(26112K), 0.0004730 secs] [Times: user=0.00 sys=0.00, real=0.01 secs] 
218.801: Total time for which application threads were stopped: 0.0005870 seconds, Stopping threads took: 0.0000480 seconds
218.840: Application time: 0.0390640 seconds
218.840: [GC [PSYoungGen: 7648K->512K(8192K)] 20438K->13302K(26112K), 0.0004370 secs] [Times: user=0.00 sys=0.00, real=0.00 secs] 
218.841: Total time for which application threads were stopped: 0.0005660 seconds, Stopping threads took: 0.0000580 seconds
218.880: Application time: 0.0390920 seconds
218.880: [GC [PSYoungGen: 7680K->528K(8192K)] 20470K->13318K(26112K), 0.0004170 secs] [Times: user=0.00 sys=0.00, real=0.00 secs] 
218.880: Total time for which application threads were stopped: 0.0005320 seconds, Stopping threads took: 0.0000520 seconds
218.919: Application time: 0.0390770 seconds
218.920: [GC [PSYoungGen: 7696K->496K(8192K)] 20486K->13286K(26112K), 0.0004310 secs] [Times: user=0.00 sys=0.00, real=0.00 secs] 
218.920: Total time for which application threads were stopped: 0.0005480 seconds, Stopping threads took: 0.0000570 seconds
218.959: Application time: 0.0388550 seconds
218.959: [GC [PSYoungGen: 7664K->480K(8192K)] 20454K->13270K(26112K), 0.0004220 secs] [Times: user=0.00 sys=0.00, real=0.00 secs] 
218.959: Total time for which application threads were stopped: 0.0005360 seconds, Stopping threads took: 0.0000520 seconds
218.998: Application time: 0.0388630 seconds
218.998: [GC [PSYoungGen: 7648K->512K(8192K)] 20438K->13302K(26112K), 0.0004190 secs] [Times: user=0.00 sys=0.00, real=0.00 secs] 
218.999: Total time for which application threads were stopped: 0.0005210 seconds, Stopping threads took: 0.0000420 seconds
219.038: Application time: 0.0388800 seconds
219.038: [GC [PSYoungGen: 7680K->496K(8192K)] 20470K->13286K(26112K), 0.0004680 secs] [Times: user=0.00 sys=0.00, real=0.00 secs] 
219.038: Total time for which application threads were stopped: 0.0005770 seconds, Stopping threads took: 0.0000470 seconds
219.077: Application time: 0.0388280 seconds
219.077: [GC [PSYoungGen: 7664K->528K(8192K)] 20454K->13318K(26112K), 0.0004210 secs] [Times: user=0.00 sys=0.00, real=0.00 secs] 
219.078: Total time for which application threads were stopped: 0.0005320 seconds, Stopping threads took: 0.0000500 seconds
219.116: Application time: 0.0388360 seconds
219.117: [GC [PSYoungGen: 7696K->496K(8192K)] 20486K->13286K(26112K), 0.0004620 secs] [Times: user=0.00 sys=0.00, real=0.00 secs] 
219.117: Total time for which application threads were stopped: 0.0005740 seconds, Stopping threads took: 0.0000490 seconds
219.156: Application time: 0.0388890 seconds
219.156: [GC [PSYoungGen: 7664K->512K(8192K)] 20454K->13302K(26112K), 0.0004650 secs] [Times: user=0.00 sys=0.00, real=0.00 secs] 
219.157: Total time for which application threads were stopped: 0.0005790 seconds, Stopping threads took: 0.0000510 seconds
219.195: Application time: 0.0388450 seconds
219.195: [GC [PSYoungGen: 7680K->528K(8192K)] 20470K->13318K(26112K), 0.0004600 secs] [Times: user=0.00 sys=0.00, real=0.00 secs] 
219.196: Total time for which application threads were stopped: 0.0005670 seconds, Stopping threads took: 0.0000450 seconds
219.235: Application time: 0.0392730 seconds
219.235: [GC [PSYoungGen: 7696K->560K(8192K)] 20486K->13350K(26112K), 0.0004340 secs] [Times: user=0.00 sys=0.00, real=0.00 secs] 
219.236: Total time for which application threads were stopped: 0.0005390 seconds, Stopping threads took: 0.0000430 seconds
219.275: Application time: 0.0389310 seconds
219.275: [GC [PSYoungGen: 7728K->464K(8192K)] 20518K->13318K(26112K), 0.0004950 secs] [Times: user=0.00 sys=0.00, real=0.00 secs] 
219.275: Total time for which application threads were stopped: 0.0006060 seconds, Stopping threads took: 0.0000500 seconds
219.314: Application time: 0.0390110 seconds
219.314: [GC [PSYoungGen: 7632K->400K(8192K)] 20486K->13350K(26112K), 0.0004290 secs] [Times: user=0.00 sys=0.00, real=0.00 secs] 
219.315: Total time for which application threads were stopped: 0.0005540 seconds, Stopping threads took: 0.0000630 seconds
219.354: Application time: 0.0389250 seconds
219.354: [GC [PSYoungGen: 7568K->320K(8192K)] 20518K->13350K(26112K), 0.0004170 secs] [Times: user=0.00 sys=0.00, real=0.00 secs] 
219.354: Total time for which application threads were stopped: 0.0005370 seconds, Stopping threads took: 0.0000490 seconds
219.394: Application time: 0.0397580 seconds
219.397: [GC [PSYoungGen: 7488K->256K(8192K)] 20518K->13406K(26112K), 0.0004520 secs] [Times: user=0.00 sys=0.00, real=0.00 secs] 
219.398: Total time for which application threads were stopped: 0.0034590 seconds, Stopping threads took: 0.0029420 seconds
219.436: Application time: 0.0388910 seconds
219.437: [GC [PSYoungGen: 7424K->256K(8192K)] 20574K->13406K(26112K), 0.0003830 secs] [Times: user=0.01 sys=0.00, real=0.00 secs] 
219.437: Total time for which application threads were stopped: 0.0005060 seconds, Stopping threads took: 0.0000550 seconds
219.476: Application time: 0.0387830 seconds
219.476: [GC [PSYoungGen: 7424K->272K(8192K)] 20574K->13422K(26112K), 0.0004180 secs] [Times: user=0.00 sys=0.00, real=0.00 secs] 
219.476: Total time for which application threads were stopped: 0.0005240 seconds, Stopping threads took: 0.0000450 seconds
219.513: Application time: 0.0369100 seconds
219.513: [GC [PSYoungGen: 7440K->400K(8192K)] 20590K->13550K(26112K), 0.0003980 secs] [Times: user=0.00 sys=0.00, real=0.00 secs] 
219.514: Total time for which application threads were stopped: 0.0005040 seconds, Stopping threads took: 0.0000450 seconds
219.552: Application time: 0.0382800 seconds
219.552: [GC [PSYoungGen: 7568K->464K(8192K)] 20718K->13614K(26112K), 0.0004610 secs] [Times: user=0.00 sys=0.00, real=0.00 secs] 
219.553: Total time for which application threads were stopped: 0.0005770 seconds, Stopping threads took: 0.0000500 seconds
219.591: Application time: 0.0383410 seconds
219.591: [GC [PSYoungGen: 7632K->480K(8192K)] 20782K->13630K(26112K), 0.0004470 secs] [Times: user=0.00 sys=0.00, real=0.00 secs] 
219.591: Total time for which application threads were stopped: 0.0005640 seconds, Stopping threads took: 0.0000550 seconds
219.630: Application time: 0.0388560 seconds
219.630: [GC [PSYoungGen: 7648K->496K(8192K)] 20798K->13646K(26112K), 0.0004390 secs] [Times: user=0.00 sys=0.00, real=0.00 secs] 
219.631: Total time for which application threads were stopped: 0.0005630 seconds, Stopping threads took: 0.0000610 seconds
219.670: Application time: 0.0395470 seconds
219.671: [GC [PSYoungGen: 7664K->464K(8192K)] 20814K->13614K(26112K), 0.0004940 secs] [Times: user=0.00 sys=0.00, real=0.00 secs] 
219.671: Total time for which application threads were stopped: 0.0006240 seconds, Stopping threads took: 0.0000600 seconds
219.710: Application time: 0.0392690 seconds
219.710: [GC [PSYoungGen: 7632K->464K(8192K)] 20782K->13614K(26112K), 0.0004430 secs] [Times: user=0.00 sys=0.00, real=0.00 secs] 
219.711: Total time for which application threads were stopped: 0.0005670 seconds, Stopping threads took: 0.0000580 seconds
219.750: Application time: 0.0389180 seconds
219.750: [GC [PSYoungGen: 7632K->528K(8192K)] 20782K->13678K(26112K), 0.0004680 secs] [Times: user=0.00 sys=0.00, real=0.00 secs] 
219.750: Total time for which application threads were stopped: 0.0005700 seconds, Stopping threads took: 0.0000400 seconds
219.789: Application time: 0.0388770 seconds
219.789: [GC [PSYoungGen: 7696K->464K(8192K)] 20846K->13614K(26112K), 0.0004330 secs] [Times: user=0.00 sys=0.00, real=0.00 secs] 
219.790: Total time for which application threads were stopped: 0.0005410 seconds, Stopping threads took: 0.0000400 seconds
219.829: Application time: 0.0388460 seconds
219.829: [GC [PSYoungGen: 7632K->496K(8192K)] 20782K->13646K(26112K), 0.0004310 secs] [Times: user=0.01 sys=0.00, real=0.01 secs] 
219.829: Total time for which application threads were stopped: 0.0005400 seconds, Stopping threads took: 0.0000440 seconds
219.868: Application time: 0.0390320 seconds
219.868: [GC [PSYoungGen: 7664K->512K(8192K)] 20814K->13662K(26112K), 0.0004240 secs] [Times: user=0.00 sys=0.00, real=0.00 secs] 
219.869: Total time for which application threads were stopped: 0.0005420 seconds, Stopping threads took: 0.0000430 seconds
219.907: Application time: 0.0385460 seconds
219.907: [GC [PSYoungGen: 7680K->560K(8192K)] 20830K->13710K(26112K), 0.0004580 secs] [Times: user=0.00 sys=0.00, real=0.00 secs] 
219.908: Total time for which application threads were stopped: 0.0005670 seconds, Stopping threads took: 0.0000460 seconds
219.947: Application time: 0.0387710 seconds
219.947: [GC [PSYoungGen: 7728K->496K(8192K)] 20878K->13646K(26112K), 0.0004260 secs] [Times: user=0.00 sys=0.00, real=0.00 secs] 
219.947: Total time for which application threads were stopped: 0.0005300 seconds, Stopping threads took: 0.0000420 seconds
219.986: Application time: 0.0388430 seconds
219.986: [GC [PSYoungGen: 7664K->512K(8192K)] 20814K->13662K(26112K), 0.0004200 secs] [Times: user=0.00 sys=0.00, real=0.00 secs] 
219.987: Total time for which application threads were stopped: 0.0005310 seconds, Stopping threads took: 0.0000470 seconds
220.026: Application time: 0.0389960 seconds
220.026: [GC [PSYoungGen: 7680K->512K(8192K)] 20830K->13662K(26112K), 0.0004230 secs] [Times: user=0.00 sys=0.00, real=0.00 secs] 
220.026: Total time for which application threads were stopped: 0.0005330 seconds, Stopping threads took: 0.0000490 seconds
220.065: Application time: 0.0391800 seconds
220.065: [GC [PSYoungGen: 7680K->432K(8192K)] 20830K->13630K(26112K), 0.0005050 secs] [Times: user=0.00 sys=0.00, real=0.00 secs] 
220.066: Total time for which application threads were stopped: 0.0006000 seconds, Stopping threads took: 0.0000350 seconds
220.105: Application time: 0.0388770 seconds
220.105: [GC [PSYoungGen: 7600K->304K(8192K)] 20798K->13647K(26112K), 0.0004310 secs] [Times: user=0.00 sys=0.00, real=0.00 secs] 
220.105: Total time for which application threads were stopped: 0.0005500 seconds, Stopping threads took: 0.0000570 seconds
220.144: Application time: 0.0389280 seconds
220.144: [GC [PSYoungGen: 7472K->288K(8192K)] 20815K->13679K(26112K), 0.0003920 secs] [Times: user=0.01 sys=0.00, real=0.00 secs] 
220.145: Total time for which application threads were stopped: 0.0004990 seconds, Stopping threads took: 0.0000460 seconds
220.184: Application time: 0.0390910 seconds
220.184: [GC [PSYoungGen: 7456K->240K(8192K)] 20847K->13719K(26112K), 0.0004490 secs] [Times: user=0.00 sys=0.00, real=0.00 secs] 
220.184: Total time for which application threads were stopped: 0.0005630 seconds, Stopping threads took: 0.0000530 seconds
220.223: Application time: 0.0382740 seconds
220.223: [GC [PSYoungGen: 7408K->272K(8192K)] 20887K->13751K(26112K), 0.0003860 secs] [Times: user=0.00 sys=0.00, real=0.00 secs] 
220.223: Total time for which application threads were stopped: 0.0004890 seconds, Stopping threads took: 0.0000410 seconds
220.261: Application time: 0.0381980 seconds
220.261: [GC [PSYoungGen: 7440K->288K(8192K)] 20919K->13767K(26112K), 0.0003950 secs] [Times: user=0.01 sys=0.00, real=0.00 secs] 
220.262: Total time for which application threads were stopped: 0.0005030 seconds, Stopping threads took: 0.0000480 seconds
220.300: Application time: 0.0384830 seconds
220.300: [GC [PSYoungGen: 7456K->352K(8192K)] 20935K->13831K(26112K), 0.0004120 secs] [Times: user=0.00 sys=0.00, real=0.00 secs] 
220.301: Total time for which application threads were stopped: 0.0005240 seconds, Stopping threads took: 0.0000490 seconds
220.338: Application time: 0.0374710 seconds
220.338: [GC [PSYoungGen: 7520K->496K(8192K)] 20999K->13975K(26112K), 0.0004880 secs] [Times: user=0.00 sys=0.00, real=0.00 secs] 
220.339: Total time for which application threads were stopped: 0.0006020 seconds, Stopping threads took: 0.0000490 seconds
220.377: Application time: 0.0382670 seconds
220.377: [GC [PSYoungGen: 7664K->512K(8192K)] 21143K->13991K(26112K), 0.0004320 secs] [Times: user=0.00 sys=0.00, real=0.00 secs] 
220.378: Total time for which application threads were stopped: 0.0005700 seconds, Stopping threads took: 0.0000650 seconds
220.417: Application time: 0.0391640 seconds
220.421: [GC [PSYoungGen: 7680K->496K(8192K)] 21159K->13975K(26112K), 0.0004420 secs] [Times: user=0.00 sys=0.00, real=0.00 secs] 
220.422: Total time for which application threads were stopped: 0.0046080 seconds, Stopping threads took: 0.0041020 seconds
220.460: Application time: 0.0389120 seconds
220.461: [GC [PSYoungGen: 7664K->496K(8192K)] 21143K->13975K(26112K), 0.0004320 secs] [Times: user=0.00 sys=0.00, real=0.00 secs] 
220.461: Total time for which application threads were stopped: 0.0005550 seconds, Stopping threads took: 0.0000510 seconds
220.500: Application time: 0.0392020 seconds
220.500: [GC [PSYoungGen: 7664K->512K(8192K)] 21143K->13991K(26112K), 0.0004250 secs] [Times: user=0.00 sys=0.00, real=0.00 secs] 
220.501: Total time for which application threads were stopped: 0.0005280 seconds, Stopping threads took: 0.0000430 seconds
220.540: Application time: 0.0390830 seconds
220.540: [GC [PSYoungGen: 7680K->496K(8192K)] 21159K->13975K(26112K), 0.0004060 secs] [Times: user=0.00 sys=0.00, real=0.00 secs] 
220.540: Total time for which application threads were stopped: 0.0005140 seconds, Stopping threads took: 0.0000480 seconds
220.579: Application time: 0.0391170 seconds
220.580: [GC [PSYoungGen: 7664K->480K(8192K)] 21143K->13959K(26112K), 0.0004300 secs] [Times: user=0.01 sys=0.00, real=0.00 secs] 
220.580: Total time for which application threads were stopped: 0.0005350 seconds, Stopping threads took: 0.0000450 seconds
220.619: Application time: 0.0390030 seconds
220.619: [GC [PSYoungGen: 7648K->448K(8192K)] 21127K->13927K(26112K), 0.0004120 secs] [Times: user=0.00 sys=0.00, real=0.00 secs] 
220.620: Total time for which application threads were stopped: 0.0005100 seconds, Stopping threads took: 0.0000360 seconds
220.659: Application time: 0.0390210 seconds
220.659: [GC [PSYoungGen: 7616K->496K(8192K)] 21095K->13975K(26112K), 0.0004980 secs] [Times: user=0.00 sys=0.00, real=0.00 secs] 
220.659: Total time for which application threads were stopped: 0.0006230 seconds, Stopping threads took: 0.0000550 seconds
220.698: Application time: 0.0388010 seconds
220.698: [GC [PSYoungGen: 7664K->528K(8192K)] 21143K->14007K(26112K), 0.0004400 secs] [Times: user=0.00 sys=0.00, real=0.00 secs] 
220.699: Total time for which application threads were stopped: 0.0005630 seconds, Stopping threads took: 0.0000580 seconds
220.737: Application time: 0.0387110 seconds
220.737: [GC [PSYoungGen: 7696K->496K(8192K)] 21175K->13975K(26112K), 0.0004200 secs] [Times: user=0.00 sys=0.00, real=0.00 secs] 
220.738: Total time for which application threads were stopped: 0.0005370 seconds, Stopping threads took: 0.0000530 seconds
220.777: Application time: 0.0390160 seconds
220.777: [GC [PSYoungGen: 7664K->496K(8192K)] 21143K->13975K(26112K), 0.0004430 secs] [Times: user=0.00 sys=0.00, real=0.00 secs] 
220.777: Total time for which application threads were stopped: 0.0005540 seconds, Stopping threads took: 0.0000490 seconds
220.817: Application time: 0.0392090 seconds
220.817: [GC [PSYoungGen: 7664K->464K(8192K)] 21143K->13999K(26112K), 0.0004340 secs] [Times: user=0.01 sys=0.00, real=0.00 secs] 
220.817: Total time for which application threads were stopped: 0.0005500 seconds, Stopping threads took: 0.0000540 seconds
220.856: Application time: 0.0388820 seconds
220.856: [GC [PSYoungGen: 7632K->352K(8192K)] 21167K->13935K(26112K), 0.0004170 secs] [Times: user=0.00 sys=0.00, real=0.00 secs] 
220.857: Total time for which application threads were stopped: 0.0005220 seconds, Stopping threads took: 0.0000430 seconds
220.895: Application time: 0.0388650 seconds
220.895: [GC [PSYoungGen: 7520K->336K(8192K)] 21103K->13991K(26112K), 0.0004400 secs] [Times: user=0.00 sys=0.00, real=0.00 secs] 
220.896: Total time for which application threads were stopped: 0.0005650 seconds, Stopping threads took: 0.0000550 seconds
220.935: Application time: 0.0391790 seconds
220.935: [GC [PSYoungGen: 7504K->272K(8192K)] 21159K->14047K(26112K), 0.0004110 secs] [Times: user=0.00 sys=0.00, real=0.00 secs] 
220.936: Total time for which application threads were stopped: 0.0005250 seconds, Stopping threads took: 0.0000520 seconds
220.975: Application time: 0.0388910 seconds
220.975: [GC [PSYoungGen: 7440K->256K(8192K)] 21215K->14087K(26112K), 0.0003610 secs] [Times: user=0.00 sys=0.00, real=0.00 secs] 
220.975: Total time for which application threads were stopped: 0.0004710 seconds, Stopping threads took: 0.0000510 seconds
221.013: Application time: 0.0383940 seconds
221.013: [GC [PSYoungGen: 7424K->240K(8192K)] 21255K->14071K(26112K), 0.0004040 secs] [Times: user=0.00 sys=0.00, real=0.00 secs] 
221.014: Total time for which application threads were stopped: 0.0005100 seconds, Stopping threads took: 0.0000450 seconds
221.052: Application time: 0.0385850 seconds
221.053: [GC [PSYoungGen: 7408K->288K(8192K)] 21239K->14119K(26112K), 0.0004110 secs] [Times: user=0.00 sys=0.00, real=0.00 secs] 
221.053: Total time for which application threads were stopped: 0.0005350 seconds, Stopping threads took: 0.0000610 seconds
221.091: Application time: 0.0374900 seconds
221.091: [GC [PSYoungGen: 7456K->352K(8192K)] 21287K->14183K(26112K), 0.0004400 secs] [Times: user=0.00 sys=0.00, real=0.00 secs] 
221.091: Total time for which application threads were stopped: 0.0005510 seconds, Stopping threads took: 0.0000490 seconds
221.129: Application time: 0.0381560 seconds
221.129: [GC [PSYoungGen: 7520K->464K(8192K)] 21351K->14295K(26112K), 0.0004220 secs] [Times: user=0.00 sys=0.00, real=0.00 secs] 
221.130: Total time for which application threads were stopped: 0.0005370 seconds, Stopping threads took: 0.0000500 seconds
221.168: Application time: 0.0383560 seconds
221.168: [GC [PSYoungGen: 7632K->528K(8192K)] 21463K->14359K(26112K), 0.0004900 secs] [Times: user=0.01 sys=0.00, real=0.00 secs] 
221.169: Total time for which application threads were stopped: 0.0006190 seconds, Stopping threads took: 0.0000640 seconds
221.208: Application time: 0.0391920 seconds
221.208: [GC [PSYoungGen: 7696K->512K(8192K)] 21527K->14343K(26112K), 0.0004330 secs] [Times: user=0.00 sys=0.00, real=0.00 secs] 
221.208: Total time for which application threads were stopped: 0.0005400 seconds, Stopping threads took: 0.0000440 seconds
221.247: Application time: 0.0388530 seconds
221.249: [GC [PSYoungGen: 7680K->464K(8192K)] 21511K->14295K(26112K), 0.0005010 secs] [Times: user=0.00 sys=0.00, real=0.00 secs] 
221.250: Total time for which application threads were stopped: 0.0022460 seconds, Stopping threads took: 0.0016830 seconds
221.288: Application time: 0.0388260 seconds
221.288: [GC [PSYoungGen: 7632K->464K(8192K)] 21463K->14295K(26112K), 0.0004390 secs] [Times: user=0.00 sys=0.00, real=0.00 secs] 
221.289: Total time for which application threads were stopped: 0.0005420 seconds, Stopping threads took: 0.0000410 seconds
221.328: Application time: 0.0392890 seconds
221.328: [GC [PSYoungGen: 7632K->576K(8192K)] 21463K->14407K(26112K), 0.0004320 secs] [Times: user=0.01 sys=0.00, real=0.00 secs] 
221.329: Total time for which application threads were stopped: 0.0005340 seconds, Stopping threads took: 0.0000420 seconds
221.368: Application time: 0.0390390 seconds
221.368: [GC [PSYoungGen: 7744K->496K(8192K)] 21575K->14327K(26112K), 0.0004180 secs] [Times: user=0.00 sys=0.00, real=0.00 secs] 
221.368: Total time for which application threads were stopped: 0.0005300 seconds, Stopping threads took: 0.0000460 seconds
221.408: Application time: 0.0393420 seconds
221.408: [GC [PSYoungGen: 7664K->496K(8192K)] 21495K->14327K(26112K), 0.0004410 secs] [Times: user=0.00 sys=0.00, real=0.00 secs] 
221.408: Total time for which application threads were stopped: 0.0005670 seconds, Stopping threads took: 0.0000460 seconds
221.447: Application time: 0.0392200 seconds
221.448: [GC [PSYoungGen: 7664K->480K(8192K)] 21495K->14311K(26112K), 0.0004330 secs] [Times: user=0.00 sys=0.00, real=0.00 secs] 
221.448: Total time for which application threads were stopped: 0.0005650 seconds, Stopping threads took: 0.0000690 seconds
221.487: Application time: 0.0388460 seconds
221.487: [GC [PSYoungGen: 7648K->464K(8192K)] 21479K->14295K(26112K), 0.0004670 secs] [Times: user=0.01 sys=0.00, real=0.00 secs] 
221.487: Total time for which application threads were stopped: 0.0005840 seconds, Stopping threads took: 0.0000560 seconds
221.526: Application time: 0.0387990 seconds
221.526: [GC [PSYoungGen: 7632K->512K(8192K)] 21463K->14343K(26112K), 0.0004350 secs] [Times: user=0.01 sys=0.00, real=0.00 secs] 
221.527: Total time for which application threads were stopped: 0.0005390 seconds, Stopping threads took: 0.0000420 seconds
221.566: Application time: 0.0388610 seconds
221.566: [GC [PSYoungGen: 7680K->496K(8192K)] 21511K->14327K(26112K), 0.0004250 secs] [Times: user=0.00 sys=0.00, real=0.00 secs] 
221.566: Total time for which application threads were stopped: 0.0005320 seconds, Stopping threads took: 0.0000440 seconds
221.606: Application time: 0.0396530 seconds
221.606: [GC [PSYoungGen: 7664K->528K(8192K)] 21495K->14407K(26112K), 0.0004890 secs] [Times: user=0.00 sys=0.00, real=0.00 secs] 
221.606: Total time for which application threads were stopped: 0.0006010 seconds, Stopping threads took: 0.0000490 seconds
221.646: Application time: 0.0393210 seconds
221.646: [GC [PSYoungGen: 7696K->448K(8192K)] 21575K->14383K(26112K), 0.0004830 secs] [Times: user=0.00 sys=0.00, real=0.00 secs] 
221.646: Total time for which application threads were stopped: 0.0006040 seconds, Stopping threads took: 0.0000470 seconds
221.685: Application time: 0.0389540 seconds
221.685: [GC [PSYoungGen: 7616K->320K(8192K)] 21551K->14375K(26112K), 0.0004330 secs] [Times: user=0.00 sys=0.00, real=0.00 secs] 
221.686: Total time for which application threads were stopped: 0.0005720 seconds, Stopping threads took: 0.0000750 seconds
221.725: Application time: 0.0387510 seconds
221.725: [GC [PSYoungGen: 7488K->272K(8192K)] 21543K->14435K(26112K), 0.0003980 secs] [Times: user=0.00 sys=0.00, real=0.00 secs] 
221.725: Total time for which application threads were stopped: 0.0005100 seconds, Stopping threads took: 0.0000500 seconds
221.764: Application time: 0.0387560 seconds
221.764: [GC [PSYoungGen: 7440K->256K(8192K)] 21603K->14467K(26112K), 0.0004170 secs] [Times: user=0.00 sys=0.00, real=0.00 secs] 
221.764: Total time for which application threads were stopped: 0.0005340 seconds, Stopping threads took: 0.0000540 seconds
221.803: Application time: 0.0389050 seconds
221.803: [GC [PSYoungGen: 7424K->240K(8192K)] 21635K->14451K(26112K), 0.0004580 secs] [Times: user=0.00 sys=0.00, real=0.00 secs] 
221.804: Total time for which application threads were stopped: 0.0005750 seconds, Stopping threads took: 0.0000540 seconds
221.842: Application time: 0.0382830 seconds
221.842: [GC [PSYoungGen: 7408K->336K(8192K)] 21619K->14547K(26112K), 0.0003990 secs] [Times: user=0.00 sys=0.00, real=0.00 secs] 
221.843: Total time for which application threads were stopped: 0.0005230 seconds, Stopping threads took: 0.0000580 seconds
221.881: Application time: 0.0379900 seconds
221.881: [GC [PSYoungGen: 7504K->384K(8192K)] 21715K->14595K(26112K), 0.0004110 secs] [Times: user=0.00 sys=0.00, real=0.01 secs] 
221.881: Total time for which application threads were stopped: 0.0005190 seconds, Stopping threads took: 0.0000430 seconds
221.919: Application time: 0.0373280 seconds
221.919: [GC [PSYoungGen: 7552K->464K(8192K)] 21763K->14675K(26112K), 0.0004360 secs] [Times: user=0.00 sys=0.00, real=0.00 secs] 
221.919: Total time for which application threads were stopped: 0.0005600 seconds, Stopping threads took: 0.0000560 seconds
221.958: Application time: 0.0388910 seconds
221.958: [GC [PSYoungGen: 7632K->544K(8192K)] 21843K->14755K(26112K), 0.0004390 secs] [Times: user=0.00 sys=0.00, real=0.00 secs] 
221.959: Total time for which application threads were stopped: 0.0005460 seconds, Stopping threads took: 0.0000460 seconds
221.998: Application time: 0.0393440 seconds
221.998: [GC [PSYoungGen: 7712K->464K(8192K)] 21923K->14675K(26112K), 0.0004790 secs] [Times: user=0.00 sys=0.00, real=0.00 secs] 
221.999: Total time for which application threads were stopped: 0.0005820 seconds, Stopping threads took: 0.0000440 seconds
222.038: Application time: 0.0392680 seconds
222.041: [GC [PSYoungGen: 7632K->512K(8192K)] 21843K->14723K(26112K), 0.0004810 secs] [Times: user=0.00 sys=0.00, real=0.00 secs] 
222.042: Total time for which application threads were stopped: 0.0037470 seconds, Stopping threads took: 0.0032010 seconds
222.081: Application time: 0.0389280 seconds
222.085: [GC [PSYoungGen: 7680K->512K(8192K)] 21891K->14723K(26112K), 0.0004840 secs] [Times: user=0.01 sys=0.00, real=0.00 secs] 
222.086: Total time for which application threads were stopped: 0.0050980 seconds, Stopping threads took: 0.0045510 seconds
222.125: Application time: 0.0389520 seconds
222.125: [GC [PSYoungGen: 7680K->512K(8192K)] 21891K->14723K(26112K), 0.0004440 secs] [Times: user=0.00 sys=0.00, real=0.00 secs] 
222.125: Total time for which application threads were stopped: 0.0005540 seconds, Stopping threads took: 0.0000450 seconds
222.164: Application time: 0.0388020 seconds
222.164: [GC [PSYoungGen: 7680K->512K(8192K)] 21891K->14723K(26112K), 0.0004340 secs] [Times: user=0.00 sys=0.00, real=0.00 secs] 
222.164: Total time for which application threads were stopped: 0.0005420 seconds, Stopping threads took: 0.0000450 seconds
222.204: Application time: 0.0393520 seconds
222.204: [GC [PSYoungGen: 7680K->464K(8192K)] 21891K->14675K(26112K), 0.0004350 secs] [Times: user=0.00 sys=0.00, real=0.00 secs] 
222.204: Total time for which application threads were stopped: 0.0005540 seconds, Stopping threads took: 0.0000570 seconds
222.243: Application time: 0.0387430 seconds
222.243: [GC [PSYoungGen: 7632K->512K(8192K)] 21843K->14723K(26112K), 0.0004240 secs] [Times: user=0.01 sys=0.00, real=0.00 secs] 
222.244: Total time for which application threads were stopped: 0.0005270 seconds, Stopping threads took: 0.0000380 seconds
222.282: Application time: 0.0387500 seconds
222.282: [GC [PSYoungGen: 7680K->480K(8192K)] 21891K->14691K(26112K), 0.0004730 secs] [Times: user=0.00 sys=0.00, real=0.00 secs] 
222.283: Total time for which application threads were stopped: 0.0005860 seconds, Stopping threads took: 0.0000460 seconds
222.322: Application time: 0.0387340 seconds
222.322: [GC [PSYoungGen: 7648K->496K(8192K)] 21859K->14707K(26112K), 0.0004650 secs] [Times: user=0.00 sys=0.00, real=0.00 secs] 
222.322: Total time for which application threads were stopped: 0.0005720 seconds, Stopping threads took: 0.0000450 seconds
222.362: Application time: 0.0395200 seconds
222.362: [GC [PSYoungGen: 7664K->480K(8192K)] 21875K->14747K(26112K), 0.0004710 secs] [Times: user=0.00 sys=0.00, real=0.00 secs] 
222.362: Total time for which application threads were stopped: 0.0005810 seconds, Stopping threads took: 0.0000480 seconds
222.401: Application time: 0.0388520 seconds
222.401: [GC [PSYoungGen: 7648K->448K(8192K)] 21915K->14715K(26112K), 0.0004750 secs] [Times: user=0.00 sys=0.00, real=0.00 secs] 
222.402: Total time for which application threads were stopped: 0.0005850 seconds, Stopping threads took: 0.0000510 seconds
222.441: Application time: 0.0390540 seconds
222.441: [GC [PSYoungGen: 7616K->368K(8192K)] 21883K->14723K(26112K), 0.0004090 secs] [Times: user=0.00 sys=0.00, real=0.01 secs] 
222.441: Total time for which application threads were stopped: 0.0005320 seconds, Stopping threads took: 0.0000530 seconds
222.480: Application time: 0.0388660 seconds
222.480: [GC [PSYoungGen: 7536K->320K(8192K)] 21891K->14755K(26112K), 0.0004040 secs] [Times: user=0.00 sys=0.00, real=0.00 secs] 
222.481: Total time for which application threads were stopped: 0.0005110 seconds, Stopping threads took: 0.0000470 seconds
222.520: Application time: 0.0393650 seconds
222.520: [GC [PSYoungGen: 7488K->256K(8192K)] 21923K->14795K(26112K), 0.0004240 secs] [Times: user=0.00 sys=0.00, real=0.00 secs] 
222.521: Total time for which application threads were stopped: 0.0005440 seconds, Stopping threads took: 0.0000570 seconds
222.559: Application time: 0.0381640 seconds
222.559: [GC [PSYoungGen: 7424K->272K(8192K)] 21963K->14811K(26112K), 0.0003670 secs] [Times: user=0.00 sys=0.00, real=0.00 secs] 
222.559: Total time for which application threads were stopped: 0.0004900 seconds, Stopping threads took: 0.0000620 seconds
222.599: Application time: 0.0394540 seconds
222.599: [GC [PSYoungGen: 7440K->256K(8192K)] 21979K->14795K(26112K), 0.0004080 secs] [Times: user=0.00 sys=0.00, real=0.00 secs] 
222.599: Total time for which application threads were stopped: 0.0005240 seconds, Stopping threads took: 0.0000530 seconds
222.637: Application time: 0.0373840 seconds
222.637: [GC [PSYoungGen: 7424K->384K(8192K)] 21963K->14923K(26112K), 0.0005630 secs] [Times: user=0.00 sys=0.00, real=0.00 secs] 
222.637: Total time for which application threads were stopped: 0.0006890 seconds, Stopping threads took: 0.0000560 seconds
222.676: Application time: 0.0381830 seconds
222.676: [GC [PSYoungGen: 7552K->432K(8192K)] 22091K->14971K(26112K), 0.0004630 secs] [Times: user=0.00 sys=0.00, real=0.00 secs] 
222.676: Total time for which application threads were stopped: 0.0005910 seconds, Stopping threads took: 0.0000590 seconds
222.714: Application time: 0.0380890 seconds
222.714: [GC [PSYoungGen: 7600K->480K(8192K)] 22139K->15019K(26112K), 0.0004600 secs] [Times: user=0.00 sys=0.00, real=0.00 secs] 
222.715: Total time for which application threads were stopped: 0.0005730 seconds, Stopping threads took: 0.0000480 seconds
222.754: Application time: 0.0390350 seconds
222.754: [GC [PSYoungGen: 7648K->528K(8192K)] 22187K->15067K(26112K), 0.0004360 secs] [Times: user=0.00 sys=0.00, real=0.00 secs] 
222.754: Total time for which application threads were stopped: 0.0005640 seconds, Stopping threads took: 0.0000650 seconds
222.793: Application time: 0.0390210 seconds
222.794: [GC [PSYoungGen: 7696K->480K(8192K)] 22235K->15019K(26112K), 0.0004580 secs] [Times: user=0.01 sys=0.00, real=0.00 secs] 
222.794: Total time for which application threads were stopped: 0.0005650 seconds, Stopping threads took: 0.0000450 seconds
222.833: Application time: 0.0389550 seconds
222.833: [GC [PSYoungGen: 7648K->496K(8192K)] 22187K->15035K(26112K), 0.0004760 secs] [Times: user=0.00 sys=0.00, real=0.00 secs] 
222.834: Total time for which application threads were stopped: 0.0005890 seconds, Stopping threads took: 0.0000480 seconds
222.873: Application time: 0.0390790 seconds
222.873: [GC [PSYoungGen: 7664K->480K(8192K)] 22203K->15019K(26112K), 0.0004250 secs] [Times: user=0.00 sys=0.00, real=0.00 secs] 
222.873: Total time for which application threads were stopped: 0.0005360 seconds, Stopping threads took: 0.0000460 seconds
222.912: Application time: 0.0389120 seconds
222.912: [GC [PSYoungGen: 7648K->496K(8192K)] 22187K->15035K(26112K), 0.0004310 secs] [Times: user=0.00 sys=0.00, real=0.00 secs] 
222.913: Total time for which application threads were stopped: 0.0005360 seconds, Stopping threads took: 0.0000440 seconds
222.951: Application time: 0.0387780 seconds
222.952: [GC [PSYoungGen: 7664K->496K(8192K)] 22203K->15035K(26112K), 0.0004430 secs] [Times: user=0.00 sys=0.00, real=0.00 secs] 
222.952: Total time for which application threads were stopped: 0.0005610 seconds, Stopping threads took: 0.0000460 seconds
222.991: Application time: 0.0387810 seconds
222.991: [GC [PSYoungGen: 7664K->480K(8192K)] 22203K->15019K(26112K), 0.0004680 secs] [Times: user=0.00 sys=0.00, real=0.00 secs] 
222.991: Total time for which application threads were stopped: 0.0005710 seconds, Stopping threads took: 0.0000380 seconds
223.030: Application time: 0.0389280 seconds
223.030: [GC [PSYoungGen: 7648K->528K(8192K)] 22187K->15067K(26112K), 0.0004420 secs] [Times: user=0.00 sys=0.00, real=0.00 secs] 
223.031: Total time for which application threads were stopped: 0.0005610 seconds, Stopping threads took: 0.0000490 seconds
223.070: Application time: 0.0387060 seconds
223.070: [GC [PSYoungGen: 7696K->544K(8192K)] 22235K->15083K(26112K), 0.0004290 secs] [Times: user=0.00 sys=0.00, real=0.00 secs] 
223.070: Total time for which application threads were stopped: 0.0005440 seconds, Stopping threads took: 0.0000530 seconds
223.109: Application time: 0.0388780 seconds
223.109: [GC [PSYoungGen: 7712K->512K(8192K)] 22251K->15051K(26112K), 0.0004770 secs] [Times: user=0.00 sys=0.00, real=0.00 secs] 
223.110: Total time for which application threads were stopped: 0.0005890 seconds, Stopping threads took: 0.0000490 seconds
223.148: Application time: 0.0388430 seconds
223.148: [GC [PSYoungGen: 7680K->464K(8192K)] 22219K->15051K(26112K), 0.0004260 secs] [Times: user=0.00 sys=0.00, real=0.00 secs] 
223.149: Total time for which application threads were stopped: 0.0005360 seconds, Stopping threads took: 0.0000490 seconds
223.188: Application time: 0.0390860 seconds
223.188: [GC [PSYoungGen: 7632K->480K(8192K)] 22219K->15067K(26112K), 0.0004220 secs] [Times: user=0.00 sys=0.00, real=0.00 secs] 
223.189: Total time for which application threads were stopped: 0.0005390 seconds, Stopping threads took: 0.0000540 seconds
223.228: Application time: 0.0389890 seconds
223.228: [GC [PSYoungGen: 7648K->320K(8192K)] 22235K->15028K(26112K), 0.0004240 secs] [Times: user=0.00 sys=0.00, real=0.00 secs] 
223.228: Total time for which application threads were stopped: 0.0005360 seconds, Stopping threads took: 0.0000490 seconds
223.267: Application time: 0.0389260 seconds
223.267: [GC [PSYoungGen: 7488K->288K(8192K)] 22196K->15084K(26112K), 0.0004550 secs] [Times: user=0.00 sys=0.00, real=0.00 secs] 
223.268: Total time for which application threads were stopped: 0.0005700 seconds, Stopping threads took: 0.0000540 seconds
223.306: Application time: 0.0388840 seconds
223.307: [GC [PSYoungGen: 7456K->272K(8192K)] 22252K->15164K(26112K), 0.0003910 secs] [Times: user=0.00 sys=0.00, real=0.00 secs] 
223.307: Total time for which application threads were stopped: 0.0005040 seconds, Stopping threads took: 0.0000530 seconds
223.346: Application time: 0.0385790 seconds
223.346: [GC [PSYoungGen: 7440K->240K(8192K)] 22332K->15132K(26112K), 0.0003980 secs] [Times: user=0.00 sys=0.00, real=0.00 secs] 
223.346: Total time for which application threads were stopped: 0.0005090 seconds, Stopping threads took: 0.0000480 seconds
223.384: Application time: 0.0382680 seconds
223.384: [GC [PSYoungGen: 7408K->288K(8192K)] 22300K->15180K(26112K), 0.0004010 secs] [Times: user=0.00 sys=0.00, real=0.00 secs] 
223.385: Total time for which application threads were stopped: 0.0005090 seconds, Stopping threads took: 0.0000450 seconds
223.423: Application time: 0.0385750 seconds
223.424: [GC [PSYoungGen: 7452K->368K(8192K)] 22344K->15260K(26112K), 0.0003960 secs] [Times: user=0.00 sys=0.00, real=0.00 secs] 
223.424: Total time for which application threads were stopped: 0.0005060 seconds, Stopping threads took: 0.0000480 seconds
223.461: Application time: 0.0374530 seconds
223.461: [GC [PSYoungGen: 7536K->448K(8192K)] 22428K->15340K(26112K), 0.0004610 secs] [Times: user=0.00 sys=0.00, real=0.00 secs] 
223.462: Total time for which application threads were stopped: 0.0005750 seconds, Stopping threads took: 0.0000430 seconds
223.500: Application time: 0.0381790 seconds
223.500: [GC [PSYoungGen: 7616K->496K(8192K)] 22508K->15388K(26112K), 0.0004160 secs] [Times: user=0.01 sys=0.00, real=0.00 secs] 
223.501: Total time for which application threads were stopped: 0.0005470 seconds, Stopping threads took: 0.0000670 seconds
223.540: Application time: 0.0392550 seconds
223.540: [GC [PSYoungGen: 7664K->512K(8192K)] 22556K->15404K(26112K), 0.0004260 secs] [Times: user=0.00 sys=0.00, real=0.00 secs] 
223.540: Total time for which application threads were stopped: 0.0005390 seconds, Stopping threads took: 0.0000480 seconds
223.579: Application time: 0.0388620 seconds
223.579: [GC [PSYoungGen: 7680K->496K(8192K)] 22572K->15388K(26112K), 0.0004390 secs] [Times: user=0.00 sys=0.00, real=0.00 secs] 
223.580: Total time for which application threads were stopped: 0.0005560 seconds, Stopping threads took: 0.0000530 seconds
223.619: Application time: 0.0390120 seconds
223.619: [GC [PSYoungGen: 7664K->480K(8192K)] 22556K->15372K(26112K), 0.0004510 secs] [Times: user=0.00 sys=0.00, real=0.00 secs] 
223.619: Total time for which application threads were stopped: 0.0005590 seconds, Stopping threads took: 0.0000460 seconds
223.659: Application time: 0.0392400 seconds
223.659: [GC [PSYoungGen: 7648K->496K(8192K)] 22540K->15388K(26112K), 0.0005050 secs] [Times: user=0.00 sys=0.00, real=0.00 secs] 
223.660: Total time for which application threads were stopped: 0.0016490 seconds, Stopping threads took: 0.0000570 seconds
223.699: Application time: 0.0390160 seconds
223.700: [GC [PSYoungGen: 7664K->464K(8192K)] 22556K->15356K(26112K), 0.0004630 secs] [Times: user=0.00 sys=0.00, real=0.00 secs] 
223.700: Total time for which application threads were stopped: 0.0006050 seconds, Stopping threads took: 0.0000770 seconds
223.739: Application time: 0.0388900 seconds
223.739: [GC [PSYoungGen: 7632K->528K(8192K)] 22524K->15420K(26112K), 0.0004340 secs] [Times: user=0.01 sys=0.00, real=0.00 secs] 
223.739: Total time for which application threads were stopped: 0.0005650 seconds, Stopping threads took: 0.0000650 seconds
223.778: Application time: 0.0387310 seconds
223.778: [GC [PSYoungGen: 7696K->496K(8192K)] 22588K->15388K(26112K), 0.0004290 secs] [Times: user=0.00 sys=0.00, real=0.00 secs] 
223.779: Total time for which application threads were stopped: 0.0005370 seconds, Stopping threads took: 0.0000460 seconds
223.817: Application time: 0.0386970 seconds
223.818: [GC [PSYoungGen: 7664K->512K(8192K)] 22556K->15404K(26112K), 0.0004330 secs] [Times: user=0.00 sys=0.00, real=0.00 secs] 
223.818: Total time for which application threads were stopped: 0.0005440 seconds, Stopping threads took: 0.0000460 seconds
223.857: Application time: 0.0388510 seconds
223.857: [GC [PSYoungGen: 7680K->544K(8192K)] 22572K->15436K(26112K), 0.0004800 secs] [Times: user=0.01 sys=0.00, real=0.00 secs] 
223.857: Total time for which application threads were stopped: 0.0005990 seconds, Stopping threads took: 0.0000570 seconds
223.896: Application time: 0.0390710 seconds
223.897: [GC [PSYoungGen: 7712K->528K(8192K)] 22604K->15420K(26112K), 0.0004440 secs] [Times: user=0.01 sys=0.00, real=0.00 secs] 
223.897: Total time for which application threads were stopped: 0.0005580 seconds, Stopping threads took: 0.0000510 seconds
223.936: Application time: 0.0387620 seconds
223.936: [GC [PSYoungGen: 7696K->480K(8192K)] 22588K->15412K(26112K), 0.0004240 secs] [Times: user=0.00 sys=0.00, real=0.00 secs] 
223.936: Total time for which application threads were stopped: 0.0005330 seconds, Stopping threads took: 0.0000450 seconds
223.975: Application time: 0.0390730 seconds
223.976: [GC [PSYoungGen: 7648K->432K(8192K)] 22580K->15412K(26112K), 0.0004250 secs] [Times: user=0.01 sys=0.00, real=0.00 secs] 
223.976: Total time for which application threads were stopped: 0.0005530 seconds, Stopping threads took: 0.0000570 seconds
224.015: Application time: 0.0393600 seconds
224.015: [GC [PSYoungGen: 7600K->336K(8192K)] 22580K->15404K(26112K), 0.0004170 secs] [Times: user=0.00 sys=0.00, real=0.00 secs] 
224.016: Total time for which application threads were stopped: 0.0005280 seconds, Stopping threads took: 0.0000480 seconds
224.055: Application time: 0.0389570 seconds
224.055: [GC [PSYoungGen: 7504K->272K(8192K)] 22572K->15460K(26112K), 0.0004170 secs] [Times: user=0.01 sys=0.00, real=0.00 secs] 
224.055: Total time for which application threads were stopped: 0.0005320 seconds, Stopping threads took: 0.0000510 seconds
224.094: Application time: 0.0388290 seconds
224.094: [GC [PSYoungGen: 7440K->224K(8192K)] 22628K->15460K(26112K), 0.0004650 secs] [Times: user=0.00 sys=0.00, real=0.00 secs] 
224.095: Total time for which application threads were stopped: 0.0005640 seconds, Stopping threads took: 0.0000390 seconds
224.133: Application time: 0.0386440 seconds
224.133: [GC [PSYoungGen: 7392K->304K(8192K)] 22628K->15540K(26112K), 0.0003960 secs] [Times: user=0.00 sys=0.00, real=0.00 secs] 
224.134: Total time for which application threads were stopped: 0.0005070 seconds, Stopping threads took: 0.0000490 seconds
224.173: Application time: 0.0385910 seconds
224.173: [GC [PSYoungGen: 7472K->288K(8192K)] 22708K->15524K(26112K), 0.0003900 secs] [Times: user=0.00 sys=0.00, real=0.00 secs] 
224.173: Total time for which application threads were stopped: 0.0005060 seconds, Stopping threads took: 0.0000510 seconds
224.211: Application time: 0.0376450 seconds
224.211: [GC [PSYoungGen: 7456K->416K(8192K)] 22692K->15652K(26112K), 0.0003980 secs] [Times: user=0.00 sys=0.00, real=0.00 secs] 
224.211: Total time for which application threads were stopped: 0.0005050 seconds, Stopping threads took: 0.0000400 seconds
224.249: Application time: 0.0382670 seconds
224.250: [GC [PSYoungGen: 7584K->432K(8192K)] 22820K->15668K(26112K), 0.0004410 secs] [Times: user=0.00 sys=0.00, real=0.00 secs] 
224.250: Total time for which application threads were stopped: 0.0005480 seconds, Stopping threads took: 0.0000450 seconds
224.288: Application time: 0.0380440 seconds
224.288: [GC [PSYoungGen: 7600K->480K(8192K)] 22836K->15716K(26112K), 0.0004280 secs] [Times: user=0.01 sys=0.00, real=0.00 secs] 
224.289: Total time for which application threads were stopped: 0.0005340 seconds, Stopping threads took: 0.0000430 seconds
224.327: Application time: 0.0388590 seconds
224.328: [GC [PSYoungGen: 7648K->512K(8192K)] 22884K->15748K(26112K), 0.0004570 secs] [Times: user=0.00 sys=0.00, real=0.00 secs] 
224.328: Total time for which application threads were stopped: 0.0005690 seconds, Stopping threads took: 0.0000520 seconds
224.367: Application time: 0.0391920 seconds
224.367: [GC [PSYoungGen: 7680K->512K(8192K)] 22916K->15748K(26112K), 0.0005030 secs] [Times: user=0.00 sys=0.00, real=0.00 secs] 
224.368: Total time for which application threads were stopped: 0.0006160 seconds, Stopping threads took: 0.0000490 seconds
224.407: Application time: 0.0392420 seconds
224.407: [GC [PSYoungGen: 7680K->512K(8192K)] 22916K->15748K(26112K), 0.0004340 secs] [Times: user=0.00 sys=0.00, real=0.00 secs] 
224.408: Total time for which application threads were stopped: 0.0005430 seconds, Stopping threads took: 0.0000470 seconds
224.446: Application time: 0.0389040 seconds
224.447: [GC [PSYoungGen: 7680K->432K(8192K)] 22916K->15668K(26112K), 0.0004910 secs] [Times: user=0.00 sys=0.00, real=0.00 secs] 
224.447: Total time for which application threads were stopped: 0.0006020 seconds, Stopping threads took: 0.0000490 seconds
224.486: Application time: 0.0388830 seconds
224.486: [GC [PSYoungGen: 7600K->480K(8192K)] 22836K->15716K(26112K), 0.0004340 secs] [Times: user=0.01 sys=0.00, real=0.00 secs] 
224.487: Total time for which application threads were stopped: 0.0005580 seconds, Stopping threads took: 0.0000520 seconds
224.525: Application time: 0.0388260 seconds
224.525: [GC [PSYoungGen: 7648K->512K(8192K)] 22884K->15748K(26112K), 0.0004310 secs] [Times: user=0.00 sys=0.00, real=0.00 secs] 
224.526: Total time for which application threads were stopped: 0.0005420 seconds, Stopping threads took: 0.0000500 seconds
224.565: Application time: 0.0388040 seconds
224.565: [GC [PSYoungGen: 7680K->512K(8192K)] 22916K->15748K(26112K), 0.0004340 secs] [Times: user=0.01 sys=0.00, real=0.00 secs] 
224.565: Total time for which application threads were stopped: 0.0005410 seconds, Stopping threads took: 0.0000440 seconds
224.604: Application time: 0.0388120 seconds
224.604: [GC [PSYoungGen: 7680K->544K(8192K)] 22916K->15780K(26112K), 0.0004680 secs] [Times: user=0.00 sys=0.00, real=0.00 secs] 
224.605: Total time for which application threads were stopped: 0.0005750 seconds, Stopping threads took: 0.0000460 seconds
224.644: Application time: 0.0391250 seconds
224.644: [GC [PSYoungGen: 7712K->480K(8192K)] 22948K->15716K(26112K), 0.0004880 secs] [Times: user=0.00 sys=0.00, real=0.00 secs] 
224.644: Total time for which application threads were stopped: 0.0006190 seconds, Stopping threads took: 0.0000520 seconds
224.683: Application time: 0.0388670 seconds
224.683: [GC [PSYoungGen: 7648K->480K(8192K)] 22884K->15716K(26112K), 0.0004470 secs] [Times: user=0.00 sys=0.00, real=0.00 secs] 
224.684: Total time for which application threads were stopped: 0.0005700 seconds, Stopping threads took: 0.0000550 seconds
224.723: Application time: 0.0388480 seconds
224.723: [GC [PSYoungGen: 7648K->480K(8192K)] 22884K->15772K(26112K), 0.0004260 secs] [Times: user=0.01 sys=0.00, real=0.00 secs] 
224.723: Total time for which application threads were stopped: 0.0005470 seconds, Stopping threads took: 0.0000550 seconds
224.762: Application time: 0.0390830 seconds
224.762: [GC [PSYoungGen: 7648K->416K(8192K)] 22940K->15756K(26112K), 0.0004100 secs] [Times: user=0.00 sys=0.00, real=0.00 secs] 
224.763: Total time for which application threads were stopped: 0.0005220 seconds, Stopping threads took: 0.0000500 seconds
224.802: Application time: 0.0391380 seconds
224.802: [GC [PSYoungGen: 7584K->352K(8192K)] 22924K->15812K(26112K), 0.0004350 secs] [Times: user=0.00 sys=0.00, real=0.00 secs] 
224.803: Total time for which application threads were stopped: 0.0005460 seconds, Stopping threads took: 0.0000510 seconds
224.841: Application time: 0.0388850 seconds
224.841: [GC [PSYoungGen: 7520K->272K(8192K)] 22980K->15820K(26112K), 0.0004190 secs] [Times: user=0.00 sys=0.00, real=0.00 secs] 
224.842: Total time for which application threads were stopped: 0.0005200 seconds, Stopping threads took: 0.0000370 seconds
224.880: Application time: 0.0384900 seconds
224.881: [GC [PSYoungGen: 7440K->288K(8192K)] 22988K->15892K(26112K), 0.0004380 secs] [Times: user=0.00 sys=0.00, real=0.00 secs] 
224.881: Total time for which application threads were stopped: 0.0005470 seconds, Stopping threads took: 0.0000460 seconds
224.921: Application time: 0.0400240 seconds
224.921: [GC [PSYoungGen: 7456K->272K(8192K)] 23060K->15876K(26112K), 0.0004300 secs] [Times: user=0.00 sys=0.00, real=0.00 secs] 
224.922: Total time for which application threads were stopped: 0.0005420 seconds, Stopping threads took: 0.0000510 seconds
224.959: Application time: 0.0377520 seconds
224.959: [GC [PSYoungGen: 7440K->336K(8192K)] 23044K->15940K(26112K), 0.0003970 secs] [Times: user=0.00 sys=0.00, real=0.00 secs] 
224.960: Total time for which application threads were stopped: 0.0005160 seconds, Stopping threads took: 0.0000560 seconds
224.997: Application time: 0.0374040 seconds
224.997: [GC [PSYoungGen: 7504K->416K(8192K)] 23108K->16020K(26112K), 0.0004110 secs] [Times: user=0.00 sys=0.00, real=0.00 secs] 
224.998: Total time for which application threads were stopped: 0.0005310 seconds, Stopping threads took: 0.0000480 seconds
225.036: Application time: 0.0382210 seconds
225.036: [GC [PSYoungGen: 7584K->480K(8192K)] 23188K->16084K(26112K), 0.0004180 secs] [Times: user=0.00 sys=0.00, real=0.00 secs] 
225.037: Total time for which application threads were stopped: 0.0005550 seconds, Stopping threads took: 0.0000750 seconds
225.076: Application time: 0.0391270 seconds
225.076: [GC [PSYoungGen: 7648K->480K(8192K)] 23252K->16084K(26112K), 0.0004320 secs] [Times: user=0.00 sys=0.00, real=0.00 secs] 
225.076: Total time for which application threads were stopped: 0.0005340 seconds, Stopping threads took: 0.0000410 seconds
225.115: Application time: 0.0388790 seconds
225.115: [GC [PSYoungGen: 7648K->480K(8192K)] 23252K->16084K(26112K), 0.0004290 secs] [Times: user=0.00 sys=0.00, real=0.00 secs] 
225.116: Total time for which application threads were stopped: 0.0005410 seconds, Stopping threads took: 0.0000490 seconds
225.155: Application time: 0.0392460 seconds
225.155: [GC [PSYoungGen: 7648K->528K(8192K)] 23252K->16132K(26112K), 0.0004710 secs] [Times: user=0.00 sys=0.00, real=0.00 secs] 
225.155: Total time for which application threads were stopped: 0.0005880 seconds, Stopping threads took: 0.0000530 seconds
225.194: Application time: 0.0389440 seconds
225.194: [GC [PSYoungGen: 7696K->496K(8192K)] 23300K->16100K(26112K), 0.0004960 secs] [Times: user=0.00 sys=0.00, real=0.00 secs] 
225.195: Total time for which application threads were stopped: 0.0006040 seconds, Stopping threads took: 0.0000450 seconds
225.234: Application time: 0.0389770 seconds
225.234: [GC [PSYoungGen: 7664K->496K(8192K)] 23268K->16100K(26112K), 0.0004380 secs] [Times: user=0.00 sys=0.00, real=0.00 secs] 
225.235: Total time for which application threads were stopped: 0.0005420 seconds, Stopping threads took: 0.0000410 seconds
225.273: Application time: 0.0388710 seconds
225.273: [GC [PSYoungGen: 7664K->496K(8192K)] 23268K->16100K(26112K), 0.0004940 secs] [Times: user=0.00 sys=0.00, real=0.00 secs] 
225.274: Total time for which application threads were stopped: 0.0006030 seconds, Stopping threads took: 0.0000480 seconds
225.313: Application time: 0.0391330 seconds
225.313: [GC [PSYoungGen: 7664K->512K(8192K)] 23268K->16116K(26112K), 0.0004820 secs] [Times: user=0.00 sys=0.00, real=0.00 secs] 
225.314: Total time for which application threads were stopped: 0.0005920 seconds, Stopping threads took: 0.0000480 seconds
225.353: Application time: 0.0389740 seconds
225.353: [GC [PSYoungGen: 7680K->448K(8192K)] 23284K->16052K(26112K), 0.0004090 secs] [Times: user=0.00 sys=0.00, real=0.00 secs] 
225.353: Total time for which application threads were stopped: 0.0005110 seconds, Stopping threads took: 0.0000390 seconds
225.392: Application time: 0.0386810 seconds
225.392: [GC [PSYoungGen: 7616K->496K(8192K)] 23220K->16100K(26112K), 0.0004760 secs] [Times: user=0.00 sys=0.00, real=0.00 secs] 
225.392: Total time for which application threads were stopped: 0.0005830 seconds, Stopping threads took: 0.0000460 seconds
225.431: Application time: 0.0388380 seconds
225.431: [GC [PSYoungGen: 7664K->480K(8192K)] 23268K->16084K(26112K), 0.0004220 secs] [Times: user=0.00 sys=0.00, real=0.00 secs] 
225.432: Total time for which application threads were stopped: 0.0005330 seconds, Stopping threads took: 0.0000480 seconds
225.471: Application time: 0.0389490 seconds
225.471: [GC [PSYoungGen: 7648K->480K(8192K)] 23252K->16148K(26112K), 0.0004350 secs] [Times: user=0.00 sys=0.00, real=0.00 secs] 
225.471: Total time for which application threads were stopped: 0.0005540 seconds, Stopping threads took: 0.0000520 seconds
225.511: Application time: 0.0391400 seconds
225.511: [GC [PSYoungGen: 7648K->448K(8192K)] 23316K->16116K(26112K), 0.0004300 secs] [Times: user=0.00 sys=0.00, real=0.00 secs] 
225.511: Total time for which application threads were stopped: 0.0005510 seconds, Stopping threads took: 0.0000460 seconds
225.550: Application time: 0.0389220 seconds
225.550: [GC [PSYoungGen: 7616K->400K(8192K)] 23284K->16148K(26112K), 0.0004400 secs] [Times: user=0.01 sys=0.00, real=0.00 secs] 
225.551: Total time for which application threads were stopped: 0.0005540 seconds, Stopping threads took: 0.0000520 seconds
225.589: Application time: 0.0389120 seconds
225.590: [GC [PSYoungGen: 7568K->288K(8192K)] 23316K->16168K(26112K), 0.0004010 secs] [Times: user=0.01 sys=0.00, real=0.00 secs] 
225.590: Total time for which application threads were stopped: 0.0005120 seconds, Stopping threads took: 0.0000490 seconds
225.629: Application time: 0.0388680 seconds
225.629: [GC [PSYoungGen: 7456K->256K(8192K)] 23336K->16232K(26112K), 0.0003790 secs] [Times: user=0.00 sys=0.00, real=0.01 secs] 
225.629: Total time for which application threads were stopped: 0.0004840 seconds, Stopping threads took: 0.0000450 seconds
225.668: Application time: 0.0388510 seconds
225.668: [GC [PSYoungGen: 7424K->288K(8192K)] 23400K->16264K(26112K), 0.0004380 secs] [Times: user=0.00 sys=0.00, real=0.00 secs] 
225.669: Total time for which application threads were stopped: 0.0005710 seconds, Stopping threads took: 0.0000620 seconds
225.708: Application time: 0.0390380 seconds
225.708: [GC [PSYoungGen: 7456K->272K(8192K)] 23432K->16248K(26112K), 0.0004240 secs] [Times: user=0.00 sys=0.00, real=0.00 secs] 
225.708: Total time for which application threads were stopped: 0.0005340 seconds, Stopping threads took: 0.0000470 seconds
225.746: Application time: 0.0375630 seconds
225.746: [GC [PSYoungGen: 7440K->336K(8192K)] 23416K->16312K(26112K), 0.0003930 secs] [Times: user=0.00 sys=0.00, real=0.00 secs] 
225.746: Total time for which application threads were stopped: 0.0004980 seconds, Stopping threads took: 0.0000400 seconds
225.784: Application time: 0.0374310 seconds
225.784: [GC [PSYoungGen: 7504K->432K(8192K)] 23480K->16408K(26112K), 0.0004300 secs] [Times: user=0.00 sys=0.00, real=0.00 secs] 
225.784: Total time for which application threads were stopped: 0.0005410 seconds, Stopping threads took: 0.0000470 seconds
225.823: Application time: 0.0384510 seconds
225.825: [GC [PSYoungGen: 7600K->480K(8192K)] 23576K->16456K(26112K), 0.0004420 secs] [Times: user=0.01 sys=0.00, real=0.00 secs] 
225.826: Total time for which application threads were stopped: 0.0027180 seconds, Stopping threads took: 0.0022120 seconds
225.865: Application time: 0.0395990 seconds
225.865: [GC [PSYoungGen: 7648K->480K(8192K)] 23624K->16456K(26112K), 0.0004770 secs] [Times: user=0.00 sys=0.00, real=0.00 secs] 
225.866: Total time for which application threads were stopped: 0.0005870 seconds, Stopping threads took: 0.0000440 seconds
225.905: Application time: 0.0388540 seconds
225.905: [GC [PSYoungGen: 7648K->496K(8192K)] 23624K->16472K(26112K), 0.0004710 secs] [Times: user=0.01 sys=0.00, real=0.00 secs] 
225.905: Total time for which application threads were stopped: 0.0005770 seconds, Stopping threads took: 0.0000400 seconds
225.944: Application time: 0.0388440 seconds
225.944: [GC [PSYoungGen: 7664K->480K(8192K)] 23640K->16456K(26112K), 0.0004970 secs] [Times: user=0.00 sys=0.00, real=0.00 secs] 
225.945: Total time for which application threads were stopped: 0.0005980 seconds, Stopping threads took: 0.0000420 seconds
225.983: Application time: 0.0388640 seconds
225.985: [GC [PSYoungGen: 7648K->480K(8192K)] 23624K->16456K(26112K), 0.0004170 secs] [Times: user=0.00 sys=0.00, real=0.00 secs] 
225.985: Total time for which application threads were stopped: 0.0020360 seconds, Stopping threads took: 0.0015570 seconds
226.024: Application time: 0.0389250 seconds
226.025: [GC [PSYoungGen: 7648K->480K(8192K)] 23624K->16456K(26112K), 0.0004540 secs] [Times: user=0.00 sys=0.00, real=0.00 secs] 
226.025: Total time for which application threads were stopped: 0.0005890 seconds, Stopping threads took: 0.0000570 seconds
226.065: Application time: 0.0397050 seconds
226.065: [GC [PSYoungGen: 7648K->496K(8192K)] 23624K->16472K(26112K), 0.0004410 secs] [Times: user=0.00 sys=0.00, real=0.00 secs] 
226.065: Total time for which application threads were stopped: 0.0005580 seconds, Stopping threads took: 0.0000540 seconds
226.104: Application time: 0.0389090 seconds
226.104: [GC [PSYoungGen: 7664K->480K(8192K)] 23640K->16456K(26112K), 0.0004760 secs] [Times: user=0.00 sys=0.00, real=0.00 secs] 
226.105: Total time for which application threads were stopped: 0.0005960 seconds, Stopping threads took: 0.0000550 seconds
226.143: Application time: 0.0387150 seconds
226.144: [GC [PSYoungGen: 7648K->496K(8192K)] 23624K->16472K(26112K), 0.0004430 secs] [Times: user=0.00 sys=0.00, real=0.00 secs] 
226.144: Total time for which application threads were stopped: 0.0005530 seconds, Stopping threads took: 0.0000470 seconds
226.183: Application time: 0.0387830 seconds
226.183: [GC [PSYoungGen: 7664K->512K(8192K)] 23640K->16488K(26112K), 0.0004970 secs] [Times: user=0.01 sys=0.00, real=0.00 secs] 
226.183: Total time for which application threads were stopped: 0.0006100 seconds, Stopping threads took: 0.0000510 seconds
226.222: Application time: 0.0388440 seconds
226.222: [GC [PSYoungGen: 7680K->544K(8192K)] 23656K->16520K(26112K), 0.0004250 secs] [Times: user=0.00 sys=0.00, real=0.00 secs] 
226.223: Total time for which application threads were stopped: 0.0005380 seconds, Stopping threads took: 0.0000510 seconds
226.262: Application time: 0.0389570 seconds
226.262: [GC [PSYoungGen: 7712K->480K(8192K)] 23688K->16496K(26112K), 0.0004630 secs] [Times: user=0.00 sys=0.00, real=0.00 secs] 
226.262: Total time for which application threads were stopped: 0.0005800 seconds, Stopping threads took: 0.0000490 seconds
226.301: Application time: 0.0389100 seconds
226.301: [GC [PSYoungGen: 7648K->464K(8192K)] 23664K->16480K(26112K), 0.0004280 secs] [Times: user=0.00 sys=0.00, real=0.00 secs] 
226.302: Total time for which application threads were stopped: 0.0005350 seconds, Stopping threads took: 0.0000460 seconds
226.341: Application time: 0.0389160 seconds
226.341: [GC [PSYoungGen: 7632K->352K(8192K)] 23648K->16489K(26112K), 0.0004450 secs] [Times: user=0.00 sys=0.00, real=0.01 secs] 
226.341: Total time for which application threads were stopped: 0.0005520 seconds, Stopping threads took: 0.0000440 seconds
226.380: Application time: 0.0388200 seconds
226.380: [GC [PSYoungGen: 7520K->272K(8192K)] 23657K->16521K(26112K), 0.0004120 secs] [Times: user=0.00 sys=0.00, real=0.00 secs] 
226.381: Total time for which application threads were stopped: 0.0005220 seconds, Stopping threads took: 0.0000490 seconds
226.420: Application time: 0.0394800 seconds
226.420: [GC [PSYoungGen: 7440K->224K(8192K)] 23689K->16521K(26112K), 0.0004240 secs] [Times: user=0.00 sys=0.00, real=0.00 secs] 
226.421: Total time for which application threads were stopped: 0.0005300 seconds, Stopping threads took: 0.0000450 seconds
226.459: Application time: 0.0384190 seconds
226.459: [GC [PSYoungGen: 7392K->272K(8192K)] 23689K->16569K(26112K), 0.0004430 secs] [Times: user=0.00 sys=0.00, real=0.00 secs] 
226.460: Total time for which application threads were stopped: 0.0005590 seconds, Stopping threads took: 0.0000500 seconds
226.499: Application time: 0.0392910 seconds
226.499: [GC [PSYoungGen: 7440K->272K(8192K)] 23737K->16569K(26112K), 0.0003800 secs] [Times: user=0.00 sys=0.00, real=0.00 secs] 
226.499: Total time for which application threads were stopped: 0.0004850 seconds, Stopping threads took: 0.0000430 seconds
226.537: Application time: 0.0373460 seconds
226.537: [GC [PSYoungGen: 7440K->368K(8192K)] 23737K->16665K(26112K), 0.0004620 secs] [Times: user=0.00 sys=0.00, real=0.00 secs] 
226.537: Total time for which application threads were stopped: 0.0005830 seconds, Stopping threads took: 0.0000490 seconds
226.575: Application time: 0.0377990 seconds
226.575: [GC [PSYoungGen: 7536K->496K(8192K)] 23833K->16793K(26112K), 0.0004350 secs] [Times: user=0.00 sys=0.00, real=0.00 secs] 
226.576: Total time for which application threads were stopped: 0.0005430 seconds, Stopping threads took: 0.0000430 seconds
226.614: Application time: 0.0380050 seconds
226.614: [GC [PSYoungGen: 7664K->464K(8192K)] 23961K->16761K(26112K), 0.0004150 secs] [Times: user=0.00 sys=0.00, real=0.00 secs] 
226.614: Total time for which application threads were stopped: 0.0005290 seconds, Stopping threads took: 0.0000510 seconds
226.654: Application time: 0.0396790 seconds
226.654: [GC [PSYoungGen: 7632K->464K(8192K)] 23929K->16761K(26112K), 0.0004740 secs] [Times: user=0.00 sys=0.00, real=0.00 secs] 
226.655: Total time for which application threads were stopped: 0.0006110 seconds, Stopping threads took: 0.0000620 seconds
226.693: Application time: 0.0389210 seconds
226.694: [GC [PSYoungGen: 7632K->480K(8192K)] 23929K->16777K(26112K), 0.0004440 secs] [Times: user=0.00 sys=0.00, real=0.00 secs] 
226.694: Total time for which application threads were stopped: 0.0005630 seconds, Stopping threads took: 0.0000530 seconds
226.733: Application time: 0.0389750 seconds
226.737: [GC [PSYoungGen: 7648K->496K(8192K)] 23945K->16793K(26112K), 0.0004580 secs] [Times: user=0.00 sys=0.00, real=0.00 secs] 
226.738: Total time for which application threads were stopped: 0.0045720 seconds, Stopping threads took: 0.0040500 seconds
226.777: Application time: 0.0393140 seconds
226.777: [GC [PSYoungGen: 7664K->528K(8192K)] 23961K->16825K(26112K), 0.0004480 secs] [Times: user=0.00 sys=0.00, real=0.00 secs] 
226.777: Total time for which application threads were stopped: 0.0005690 seconds, Stopping threads took: 0.0000580 seconds
226.817: Application time: 0.0391710 seconds
226.817: [GC [PSYoungGen: 7696K->512K(8192K)] 23993K->16809K(26112K), 0.0004460 secs] [Times: user=0.01 sys=0.00, real=0.00 secs] 
226.817: Total time for which application threads were stopped: 0.0005600 seconds, Stopping threads took: 0.0000500 seconds
226.856: Application time: 0.0390320 seconds
226.856: [GC [PSYoungGen: 7680K->496K(8192K)] 23977K->16793K(26112K), 0.0004420 secs] [Times: user=0.01 sys=0.00, real=0.00 secs] 
226.857: Total time for which application threads were stopped: 0.0005700 seconds, Stopping threads took: 0.0000660 seconds
226.896: Application time: 0.0388040 seconds
226.896: [GC [PSYoungGen: 7664K->464K(8192K)] 23961K->16761K(26112K), 0.0004150 secs] [Times: user=0.00 sys=0.00, real=0.00 secs] 
226.896: Total time for which application threads were stopped: 0.0005250 seconds, Stopping threads took: 0.0000500 seconds
226.935: Application time: 0.0387280 seconds
226.935: [GC [PSYoungGen: 7632K->528K(8192K)] 23929K->16825K(26112K), 0.0004200 secs] [Times: user=0.00 sys=0.00, real=0.00 secs] 
226.935: Total time for which application threads were stopped: 0.0005350 seconds, Stopping threads took: 0.0000500 seconds
226.974: Application time: 0.0388040 seconds
226.974: [GC [PSYoungGen: 7696K->480K(8192K)] 23993K->16777K(26112K), 0.0004230 secs] [Times: user=0.00 sys=0.00, real=0.00 secs] 
226.975: Total time for which application threads were stopped: 0.0005290 seconds, Stopping threads took: 0.0000440 seconds
227.014: Application time: 0.0388530 seconds
227.014: [GC [PSYoungGen: 7648K->480K(8192K)] 23945K->16777K(26112K), 0.0004760 secs] [Times: user=0.00 sys=0.00, real=0.00 secs] 
227.014: Total time for which application threads were stopped: 0.0006020 seconds, Stopping threads took: 0.0000630 seconds
227.053: Application time: 0.0389400 seconds
227.053: [GC [PSYoungGen: 7648K->464K(8192K)] 23945K->16817K(26112K), 0.0004540 secs] [Times: user=0.01 sys=0.00, real=0.00 secs] 
227.054: Total time for which application threads were stopped: 0.0005710 seconds, Stopping threads took: 0.0000440 seconds
227.093: Application time: 0.0389790 seconds
227.093: [GC [PSYoungGen: 7632K->448K(8192K)] 23985K->16801K(26112K), 0.0004360 secs] [Times: user=0.00 sys=0.00, real=0.00 secs] 
227.093: Total time for which application threads were stopped: 0.0005500 seconds, Stopping threads took: 0.0000510 seconds
227.133: Application time: 0.0393110 seconds
227.133: [GC [PSYoungGen: 7616K->336K(8192K)] 23969K->16785K(26112K), 0.0004800 secs] [Times: user=0.00 sys=0.00, real=0.00 secs] 
227.133: Total time for which application threads were stopped: 0.0005860 seconds, Stopping threads took: 0.0000420 seconds
227.172: Application time: 0.0388150 seconds
227.172: [GC [PSYoungGen: 7504K->272K(8192K)] 23953K->16833K(26112K), 0.0004470 secs] [Times: user=0.00 sys=0.00, real=0.00 secs] 
227.172: Total time for which application threads were stopped: 0.0005600 seconds, Stopping threads took: 0.0000540 seconds
227.211: Application time: 0.0388630 seconds
227.211: [GC [PSYoungGen: 7440K->256K(8192K)] 24001K->16877K(26112K), 0.0003730 secs] [Times: user=0.00 sys=0.00, real=0.00 secs] 
227.212: Total time for which application threads were stopped: 0.0004860 seconds, Stopping threads took: 0.0000530 seconds
227.250: Application time: 0.0383780 seconds
227.250: [GC [PSYoungGen: 7424K->240K(8192K)] 24045K->16861K(26112K), 0.0004410 secs] [Times: user=0.00 sys=0.00, real=0.00 secs] 
227.251: Total time for which application threads were stopped: 0.0005500 seconds, Stopping threads took: 0.0000460 seconds
227.289: Application time: 0.0379010 seconds
227.289: [GC [PSYoungGen: 7408K->288K(8192K)] 24029K->16909K(26112K), 0.0003940 secs] [Times: user=0.00 sys=0.00, real=0.01 secs] 
227.289: Total time for which application threads were stopped: 0.0005100 seconds, Stopping threads took: 0.0000520 seconds
227.326: Application time: 0.0372230 seconds
227.326: [GC [PSYoungGen: 7456K->400K(8192K)] 24077K->17021K(26112K), 0.0004110 secs] [Times: user=0.00 sys=0.00, real=0.00 secs] 
227.327: Total time for which application threads were stopped: 0.0005400 seconds, Stopping threads took: 0.0000560 seconds
227.365: Application time: 0.0378840 seconds
227.365: [GC [PSYoungGen: 7568K->528K(8192K)] 24189K->17149K(26112K), 0.0004300 secs] [Times: user=0.00 sys=0.00, real=0.00 secs] 
227.365: Total time for which application threads were stopped: 0.0005450 seconds, Stopping threads took: 0.0000520 seconds
227.404: Application time: 0.0389650 seconds
227.404: [GC [PSYoungGen: 7696K->528K(8192K)] 24317K->17149K(26112K), 0.0004330 secs] [Times: user=0.00 sys=0.00, real=0.00 secs] 
227.405: Total time for which application threads were stopped: 0.0005600 seconds, Stopping threads took: 0.0000640 seconds
227.444: Application time: 0.0392590 seconds
227.444: [GC [PSYoungGen: 7696K->512K(8192K)] 24317K->17133K(26112K), 0.0004770 secs] [Times: user=0.00 sys=0.00, real=0.00 secs] 
227.445: Total time for which application threads were stopped: 0.0005850 seconds, Stopping threads took: 0.0000470 seconds
227.484: Application time: 0.0389650 seconds
227.484: [GC [PSYoungGen: 7680K->480K(8192K)] 24301K->17101K(26112K), 0.0005060 secs] [Times: user=0.01 sys=0.00, real=0.00 secs] 
227.484: Total time for which application threads were stopped: 0.0006220 seconds, Stopping threads took: 0.0000510 seconds
227.523: Application time: 0.0388820 seconds
227.523: [GC [PSYoungGen: 7648K->464K(8192K)] 24269K->17085K(26112K), 0.0004380 secs] [Times: user=0.00 sys=0.00, real=0.00 secs] 
227.524: Total time for which application threads were stopped: 0.0005510 seconds, Stopping threads took: 0.0000490 seconds
227.563: Application time: 0.0389900 seconds
227.563: [GC [PSYoungGen: 7632K->528K(8192K)] 24253K->17149K(26112K), 0.0004920 secs] [Times: user=0.00 sys=0.00, real=0.00 secs] 
227.563: Total time for which application threads were stopped: 0.0006080 seconds, Stopping threads took: 0.0000420 seconds
227.603: Application time: 0.0397260 seconds
227.603: [GC [PSYoungGen: 7696K->528K(8192K)] 24317K->17149K(26112K), 0.0004690 secs] [Times: user=0.00 sys=0.00, real=0.00 secs] 
227.604: Total time for which application threads were stopped: 0.0005690 seconds, Stopping threads took: 0.0000390 seconds
227.643: Application time: 0.0389190 seconds
227.643: [GC [PSYoungGen: 7696K->496K(8192K)] 24317K->17117K(26112K), 0.0004920 secs] [Times: user=0.00 sys=0.00, real=0.00 secs] 
227.643: Total time for which application threads were stopped: 0.0006120 seconds, Stopping threads took: 0.0000500 seconds
227.682: Application time: 0.0388120 seconds
227.685: [GC [PSYoungGen: 7664K->480K(8192K)] 24285K->17101K(26112K), 0.0004640 secs] [Times: user=0.00 sys=0.00, real=0.00 secs] 
227.686: Total time for which application threads were stopped: 0.0035420 seconds, Stopping threads took: 0.0030150 seconds
227.728: Application time: 0.0428230 seconds
227.728: [GC [PSYoungGen: 7648K->496K(8192K)] 24269K->17117K(26112K), 0.0004450 secs] [Times: user=0.00 sys=0.00, real=0.00 secs] 
227.729: Total time for which application threads were stopped: 0.0005570 seconds, Stopping threads took: 0.0000490 seconds
227.768: Application time: 0.0387620 seconds
227.768: [GC [PSYoungGen: 7664K->512K(8192K)] 24285K->17133K(26112K), 0.0004410 secs] [Times: user=0.01 sys=0.00, real=0.00 secs] 
227.768: Total time for which application threads were stopped: 0.0005550 seconds, Stopping threads took: 0.0000490 seconds
227.807: Application time: 0.0389740 seconds
227.809: [GC [PSYoungGen: 7680K->464K(8192K)] 24301K->17085K(26112K), 0.0004290 secs] [Times: user=0.01 sys=0.00, real=0.00 secs] 
227.810: Total time for which application threads were stopped: 0.0022710 seconds, Stopping threads took: 0.0017760 seconds
227.848: Application time: 0.0388170 seconds
227.848: [GC [PSYoungGen: 7632K->464K(8192K)] 24253K->17141K(26112K), 0.0004330 secs] [Times: user=0.00 sys=0.00, real=0.00 secs] 
227.849: Total time for which application threads were stopped: 0.0005740 seconds, Stopping threads took: 0.0000790 seconds
227.888: Application time: 0.0393870 seconds
227.888: [GC [PSYoungGen: 7632K->384K(8192K)] 24309K->17149K(26112K), 0.0004220 secs] [Times: user=0.01 sys=0.00, real=0.00 secs] 
227.889: Total time for which application threads were stopped: 0.0005450 seconds, Stopping threads took: 0.0000510 seconds
227.928: Application time: 0.0391640 seconds
227.928: [GC [PSYoungGen: 7552K->288K(8192K)] 24317K->17165K(26112K), 0.0004140 secs] [Times: user=0.00 sys=0.00, real=0.00 secs] 
227.929: Total time for which application threads were stopped: 0.0005440 seconds, Stopping threads took: 0.0000680 seconds
227.967: Application time: 0.0387340 seconds
227.967: [GC [PSYoungGen: 7456K->256K(8192K)] 24333K->17221K(26112K), 0.0003890 secs] [Times: user=0.00 sys=0.00, real=0.00 secs] 
227.968: Total time for which application threads were stopped: 0.0005160 seconds, Stopping threads took: 0.0000610 seconds
228.006: Application time: 0.0384270 seconds
228.006: [GC [PSYoungGen: 7424K->272K(8192K)] 24389K->17237K(26112K), 0.0003840 secs] [Times: user=0.00 sys=0.00, real=0.00 secs] 
228.007: Total time for which application threads were stopped: 0.0004920 seconds, Stopping threads took: 0.0000420 seconds
228.046: Application time: 0.0390440 seconds
228.046: [GC [PSYoungGen: 7440K->256K(8192K)] 24405K->17221K(26112K), 0.0004020 secs] [Times: user=0.00 sys=0.00, real=0.00 secs] 
228.046: Total time for which application threads were stopped: 0.0005030 seconds, Stopping threads took: 0.0000380 seconds
228.084: Application time: 0.0375500 seconds
228.084: [GC [PSYoungGen: 7424K->352K(8192K)] 24389K->17317K(26112K), 0.0004210 secs] [Times: user=0.00 sys=0.00, real=0.00 secs] 
228.084: Total time for which application threads were stopped: 0.0005370 seconds, Stopping threads took: 0.0000420 seconds
228.122: Application time: 0.0377800 seconds
228.122: [GC [PSYoungGen: 7520K->400K(8192K)] 24485K->17365K(26112K), 0.0004240 secs] [Times: user=0.00 sys=0.00, real=0.00 secs] 
228.123: Total time for which application threads were stopped: 0.0005420 seconds, Stopping threads took: 0.0000520 seconds
228.161: Application time: 0.0381680 seconds
228.161: [GC [PSYoungGen: 7568K->448K(8192K)] 24533K->17413K(26112K), 0.0005180 secs] [Times: user=0.00 sys=0.00, real=0.01 secs] 
228.161: Total time for which application threads were stopped: 0.0006210 seconds, Stopping threads took: 0.0000420 seconds
228.201: Application time: 0.0390220 seconds
228.201: [GC [PSYoungGen: 7616K->512K(8192K)] 24581K->17477K(26112K), 0.0004750 secs] [Times: user=0.00 sys=0.00, real=0.01 secs] 
228.201: Total time for which application threads were stopped: 0.0005900 seconds, Stopping threads took: 0.0000530 seconds
228.240: Application time: 0.0388380 seconds
228.240: [GC [PSYoungGen: 7680K->512K(8192K)] 24645K->17477K(26112K), 0.0005260 secs] [Times: user=0.00 sys=0.00, real=0.00 secs] 
228.241: Total time for which application threads were stopped: 0.0006310 seconds, Stopping threads took: 0.0000460 seconds
228.279: Application time: 0.0388950 seconds
228.280: [GC [PSYoungGen: 7680K->496K(8192K)] 24645K->17461K(26112K), 0.0004380 secs] [Times: user=0.00 sys=0.00, real=0.00 secs] 
228.280: Total time for which application threads were stopped: 0.0005470 seconds, Stopping threads took: 0.0000490 seconds
228.319: Application time: 0.0393330 seconds
228.319: [GC [PSYoungGen: 7664K->528K(8192K)] 24629K->17493K(26112K), 0.0004560 secs] [Times: user=0.00 sys=0.00, real=0.00 secs] 
228.320: Total time for which application threads were stopped: 0.0005580 seconds, Stopping threads took: 0.0000410 seconds
228.359: Application time: 0.0392280 seconds
228.359: [GC [PSYoungGen: 7696K->512K(8192K)] 24661K->17477K(26112K), 0.0004610 secs] [Times: user=0.00 sys=0.00, real=0.00 secs] 
228.360: Total time for which application threads were stopped: 0.0005850 seconds, Stopping threads took: 0.0000640 seconds
228.399: Application time: 0.0390180 seconds
228.399: [GC [PSYoungGen: 7680K->528K(8192K)] 24645K->17493K(26112K), 0.0004980 secs] [Times: user=0.00 sys=0.00, real=0.00 secs] 
228.399: Total time for which application threads were stopped: 0.0006150 seconds, Stopping threads took: 0.0000540 seconds
228.438: Application time: 0.0388350 seconds
228.438: [GC [PSYoungGen: 7696K->480K(8192K)] 24661K->17445K(26112K), 0.0004410 secs] [Times: user=0.01 sys=0.00, real=0.00 secs] 
228.439: Total time for which application threads were stopped: 0.0005530 seconds, Stopping threads took: 0.0000510 seconds
228.478: Application time: 0.0387880 seconds
228.478: [GC [PSYoungGen: 7648K->496K(8192K)] 24613K->17461K(26112K), 0.0005030 secs] [Times: user=0.00 sys=0.00, real=0.00 secs] 
228.478: Total time for which application threads were stopped: 0.0006090 seconds, Stopping threads took: 0.0000420 seconds
228.517: Application time: 0.0387540 seconds
228.517: [GC [PSYoungGen: 7664K->512K(8192K)] 24629K->17477K(26112K), 0.0004470 secs] [Times: user=0.00 sys=0.00, real=0.00 secs] 
228.517: Total time for which application threads were stopped: 0.0005620 seconds, Stopping threads took: 0.0000460 seconds
228.556: Application time: 0.0387360 seconds
228.556: [GC [PSYoungGen: 7680K->480K(8192K)] 24645K->17445K(26112K), 0.0004720 secs] [Times: user=0.00 sys=0.00, real=0.00 secs] 
228.557: Total time for which application threads were stopped: 0.0005910 seconds, Stopping threads took: 0.0000550 seconds
228.596: Application time: 0.0388450 seconds
228.596: [GC [PSYoungGen: 7648K->448K(8192K)] 24613K->17461K(26112K), 0.0004250 secs] [Times: user=0.00 sys=0.00, real=0.00 secs] 
228.596: Total time for which application threads were stopped: 0.0005430 seconds, Stopping threads took: 0.0000460 seconds
228.635: Application time: 0.0388850 seconds
228.635: [GC [PSYoungGen: 7616K->448K(8192K)] 24629K->17461K(26112K), 0.0004330 secs] [Times: user=0.00 sys=0.00, real=0.00 secs] 
228.636: Total time for which application threads were stopped: 0.0005480 seconds, Stopping threads took: 0.0000510 seconds
228.675: Application time: 0.0389600 seconds
228.675: [GC [PSYoungGen: 7616K->336K(8192K)] 24629K->17457K(26112K), 0.0005320 secs] [Times: user=0.00 sys=0.00, real=0.00 secs] 
228.676: Total time for which application threads were stopped: 0.0016530 seconds, Stopping threads took: 0.0000580 seconds
228.715: Application time: 0.0390410 seconds
228.715: [GC [PSYoungGen: 7504K->288K(8192K)] 24625K->17497K(26112K), 0.0004610 secs] [Times: user=0.00 sys=0.00, real=0.00 secs] 
228.716: Total time for which application threads were stopped: 0.0006100 seconds, Stopping threads took: 0.0000820 seconds
228.755: Application time: 0.0392950 seconds
228.755: [GC [PSYoungGen: 7456K->256K(8192K)] 24665K->17553K(26112K), 0.0003940 secs] [Times: user=0.00 sys=0.00, real=0.00 secs] 
228.756: Total time for which application threads were stopped: 0.0005090 seconds, Stopping threads took: 0.0000510 seconds
228.794: Application time: 0.0382000 seconds
228.794: [GC [PSYoungGen: 7424K->304K(8192K)] 24721K->17601K(26112K), 0.0004070 secs] [Times: user=0.00 sys=0.00, real=0.00 secs] 
228.794: Total time for which application threads were stopped: 0.0005220 seconds, Stopping threads took: 0.0000520 seconds
228.833: Application time: 0.0390240 seconds
228.834: [GC [PSYoungGen: 7472K->256K(8192K)] 24769K->17553K(26112K), 0.0004140 secs] [Times: user=0.00 sys=0.00, real=0.00 secs] 
228.834: Total time for which application threads were stopped: 0.0005240 seconds, Stopping threads took: 0.0000490 seconds
228.872: Application time: 0.0376130 seconds
228.872: [GC [PSYoungGen: 7424K->400K(8192K)] 24721K->17697K(26112K), 0.0004010 secs] [Times: user=0.00 sys=0.00, real=0.00 secs] 
228.872: Total time for which application threads were stopped: 0.0005140 seconds, Stopping threads took: 0.0000470 seconds
228.910: Application time: 0.0377390 seconds
228.910: [GC [PSYoungGen: 7568K->432K(8192K)] 24865K->17729K(26112K), 0.0004570 secs] [Times: user=0.00 sys=0.00, real=0.00 secs] 
228.910: Total time for which application threads were stopped: 0.0005670 seconds, Stopping threads took: 0.0000500 seconds
228.949: Application time: 0.0381320 seconds
228.949: [GC [PSYoungGen: 7600K->496K(8192K)] 24897K->17793K(26112K), 0.0004720 secs] [Times: user=0.00 sys=0.00, real=0.01 secs] 
228.949: Total time for which application threads were stopped: 0.0005960 seconds, Stopping threads took: 0.0000490 seconds
228.988: Application time: 0.0389160 seconds
228.988: [GC [PSYoungGen: 7664K->496K(8192K)] 24961K->17793K(26112K), 0.0004450 secs] [Times: user=0.00 sys=0.00, real=0.00 secs] 
228.989: Total time for which application threads were stopped: 0.0005570 seconds, Stopping threads took: 0.0000520 seconds
229.028: Application time: 0.0391070 seconds
229.028: [GC [PSYoungGen: 7664K->528K(8192K)] 24961K->17825K(26112K), 0.0004420 secs] [Times: user=0.00 sys=0.00, real=0.00 secs] 
229.028: Total time for which application threads were stopped: 0.0005480 seconds, Stopping threads took: 0.0000450 seconds
229.067: Application time: 0.0390260 seconds
229.067: [GC [PSYoungGen: 7696K->512K(8192K)] 24993K->17809K(26112K), 0.0004840 secs] [Times: user=0.00 sys=0.00, real=0.00 secs] 
229.068: Total time for which application threads were stopped: 0.0006000 seconds, Stopping threads took: 0.0000530 seconds
229.107: Application time: 0.0389500 seconds
229.107: [GC [PSYoungGen: 7680K->528K(8192K)] 24977K->17825K(26112K), 0.0004790 secs] [Times: user=0.01 sys=0.00, real=0.00 secs] 
229.107: Total time for which application threads were stopped: 0.0006030 seconds, Stopping threads took: 0.0000490 seconds
229.147: Application time: 0.0398780 seconds
229.147: [GC [PSYoungGen: 7696K->464K(8192K)] 24993K->17761K(26112K), 0.0004240 secs] [Times: user=0.00 sys=0.00, real=0.00 secs] 
229.148: Total time for which application threads were stopped: 0.0005350 seconds, Stopping threads took: 0.0000500 seconds
229.187: Application time: 0.0388190 seconds
229.187: [GC [PSYoungGen: 7632K->560K(8192K)] 24929K->17857K(26112K), 0.0004370 secs] [Times: user=0.01 sys=0.00, real=0.00 secs] 
229.187: Total time for which application threads were stopped: 0.0005410 seconds, Stopping threads took: 0.0000430 seconds
229.226: Application time: 0.0388630 seconds
229.226: [GC [PSYoungGen: 7728K->480K(8192K)] 25025K->17777K(26112K), 0.0004700 secs] [Times: user=0.00 sys=0.00, real=0.00 secs] 
229.227: Total time for which application threads were stopped: 0.0005830 seconds, Stopping threads took: 0.0000510 seconds
229.265: Application time: 0.0385690 seconds
229.265: [GC [PSYoungGen: 7648K->528K(8192K)] 24945K->17825K(26112K), 0.0004440 secs] [Times: user=0.00 sys=0.00, real=0.00 secs] 
229.266: Total time for which application threads were stopped: 0.0005600 seconds, Stopping threads took: 0.0000490 seconds
229.304: Application time: 0.0386260 seconds
229.305: [GC [PSYoungGen: 7696K->480K(8192K)] 24993K->17777K(26112K), 0.0004750 secs] [Times: user=0.00 sys=0.00, real=0.00 secs] 
229.305: Total time for which application threads were stopped: 0.0005880 seconds, Stopping threads took: 0.0000500 seconds
229.347: Application time: 0.0421420 seconds
229.349: [GC [PSYoungGen: 7648K->512K(8192K)] 24945K->17809K(26112K), 0.0004850 secs] [Times: user=0.00 sys=0.00, real=0.00 secs] 
229.350: Total time for which application threads were stopped: 0.0024170 seconds, Stopping threads took: 0.0018660 seconds
229.392: Application time: 0.0428060 seconds
229.392: [GC [PSYoungGen: 7680K->464K(8192K)] 24977K->17825K(26112K), 0.0004460 secs] [Times: user=0.00 sys=0.00, real=0.00 secs] 
229.393: Total time for which application threads were stopped: 0.0005620 seconds, Stopping threads took: 0.0000510 seconds
229.436: Application time: 0.0427870 seconds
229.436: [GC [PSYoungGen: 7632K->496K(8192K)] 24993K->17857K(26112K), 0.0004520 secs] [Times: user=0.00 sys=0.00, real=0.00 secs] 
229.436: Total time for which application threads were stopped: 0.0005710 seconds, Stopping threads took: 0.0000550 seconds
229.479: Application time: 0.0430030 seconds
229.479: [GC [PSYoungGen: 7664K->352K(8192K)] 25025K->17826K(26112K), 0.0004570 secs] [Times: user=0.01 sys=0.00, real=0.00 secs] 
229.480: Total time for which application threads were stopped: 0.0005700 seconds, Stopping threads took: 0.0000460 seconds
229.523: Application time: 0.0429900 seconds
229.523: [GC [PSYoungGen: 7520K->288K(8192K)] 24994K->17854K(26112K), 0.0004360 secs] [Times: user=0.00 sys=0.00, real=0.00 secs] 
229.523: Total time for which application threads were stopped: 0.0005600 seconds, Stopping threads took: 0.0000560 seconds
229.567: Application time: 0.0433150 seconds
229.567: [GC [PSYoungGen: 7456K->256K(8192K)] 25022K->17894K(26112K), 0.0004050 secs] [Times: user=0.00 sys=0.00, real=0.00 secs] 
229.567: Total time for which application threads were stopped: 0.0005260 seconds, Stopping threads took: 0.0000540 seconds
229.610: Application time: 0.0424560 seconds
229.610: [GC [PSYoungGen: 7424K->272K(8192K)] 25062K->17910K(26112K), 0.0004130 secs] [Times: user=0.00 sys=0.00, real=0.00 secs] 
229.610: Total time for which application threads were stopped: 0.0005410 seconds, Stopping threads took: 0.0000520 seconds
229.653: Application time: 0.0429330 seconds
229.653: [GC [PSYoungGen: 7440K->256K(8192K)] 25078K->17894K(26112K), 0.0004860 secs] [Times: user=0.00 sys=0.00, real=0.00 secs] 
229.654: Total time for which application threads were stopped: 0.0006070 seconds, Stopping threads took: 0.0000470 seconds
229.694: Application time: 0.0403780 seconds
229.694: [GC [PSYoungGen: 7424K->352K(8192K)] 25062K->17990K(26112K), 0.0004520 secs] [Times: user=0.00 sys=0.00, real=0.00 secs] 
229.695: Total time for which application threads were stopped: 0.0005770 seconds, Stopping threads took: 0.0000580 seconds
229.737: Application time: 0.0418480 seconds
229.737: [GC [PSYoungGen: 7520K->416K(8192K)] 25158K->18054K(26112K), 0.0004410 secs] [Times: user=0.00 sys=0.00, real=0.00 secs] 
229.737: Total time for which application threads were stopped: 0.0005660 seconds, Stopping threads took: 0.0000560 seconds
229.780: Application time: 0.0423680 seconds
229.780: [GC [PSYoungGen: 7584K->496K(8192K)] 25222K->18134K(26112K), 0.0004750 secs] [Times: user=0.00 sys=0.00, real=0.00 secs] 
229.780: Total time for which application threads were stopped: 0.0005950 seconds, Stopping threads took: 0.0000540 seconds
229.823: Application time: 0.0428660 seconds
229.823: [GC [PSYoungGen: 7664K->464K(8192K)] 25302K->18102K(26112K), 0.0004670 secs] [Times: user=0.01 sys=0.00, real=0.00 secs] 
229.824: Total time for which application threads were stopped: 0.0005810 seconds, Stopping threads took: 0.0000500 seconds
229.867: Application time: 0.0430410 seconds
229.867: [GC [PSYoungGen: 7632K->496K(8192K)] 25270K->18134K(26112K), 0.0004940 secs] [Times: user=0.00 sys=0.00, real=0.00 secs] 
229.867: Total time for which application threads were stopped: 0.0006070 seconds, Stopping threads took: 0.0000480 seconds
229.910: Application time: 0.0428710 seconds
229.910: [GC [PSYoungGen: 7664K->480K(8192K)] 25302K->18118K(26112K), 0.0004860 secs] [Times: user=0.01 sys=0.00, real=0.00 secs] 
229.911: Total time for which application threads were stopped: 0.0006020 seconds, Stopping threads took: 0.0000490 seconds
229.954: Application time: 0.0431360 seconds
229.954: [GC [PSYoungGen: 7648K->512K(8192K)] 25286K->18150K(26112K), 0.0004700 secs] [Times: user=0.00 sys=0.00, real=0.00 secs] 
229.954: Total time for which application threads were stopped: 0.0005910 seconds, Stopping threads took: 0.0000560 seconds
229.997: Application time: 0.0428120 seconds
229.997: [GC [PSYoungGen: 7680K->432K(8192K)] 25318K->18070K(26112K), 0.0005120 secs] [Times: user=0.00 sys=0.00, real=0.00 secs] 
229.998: Total time for which application threads were stopped: 0.0006250 seconds, Stopping threads took: 0.0000460 seconds
230.041: Application time: 0.0427610 seconds
230.041: [GC [PSYoungGen: 7600K->496K(8192K)] 25238K->18134K(26112K), 0.0005000 secs] [Times: user=0.01 sys=0.00, real=0.01 secs] 
230.041: Total time for which application threads were stopped: 0.0006200 seconds, Stopping threads took: 0.0000530 seconds
230.084: Application time: 0.0427340 seconds
230.084: [GC [PSYoungGen: 7664K->480K(8192K)] 25302K->18118K(26112K), 0.0004570 secs] [Times: user=0.00 sys=0.00, real=0.00 secs] 
230.085: Total time for which application threads were stopped: 0.0005800 seconds, Stopping threads took: 0.0000580 seconds
230.127: Application time: 0.0426360 seconds
230.127: [GC [PSYoungGen: 7648K->480K(8192K)] 25286K->18118K(26112K), 0.0004660 secs] [Times: user=0.00 sys=0.00, real=0.00 secs] 
230.128: Total time for which application threads were stopped: 0.0005900 seconds, Stopping threads took: 0.0000500 seconds
230.171: Application time: 0.0426850 seconds
230.171: [GC [PSYoungGen: 7648K->512K(8192K)] 25286K->18150K(26112K), 0.0005500 secs] [Times: user=0.01 sys=0.00, real=0.00 secs] 
230.171: Total time for which application threads were stopped: 0.0006560 seconds, Stopping threads took: 0.0000400 seconds
230.214: Application time: 0.0428590 seconds
230.214: [GC [PSYoungGen: 7680K->496K(8192K)] 25318K->18134K(26112K), 0.0004580 secs] [Times: user=0.00 sys=0.00, real=0.00 secs] 
230.215: Total time for which application threads were stopped: 0.0005750 seconds, Stopping threads took: 0.0000510 seconds
230.258: Application time: 0.0429450 seconds
230.258: [GC [PSYoungGen: 7664K->480K(8192K)] 25302K->18182K(26112K), 0.0004830 secs] [Times: user=0.00 sys=0.00, real=0.00 secs] 
230.258: Total time for which application threads were stopped: 0.0006060 seconds, Stopping threads took: 0.0000530 seconds
230.301: Application time: 0.0427760 seconds
230.301: [GC [PSYoungGen: 7648K->448K(8192K)] 25350K->18150K(26112K), 0.0004450 secs] [Times: user=0.00 sys=0.00, real=0.00 secs] 
230.302: Total time for which application threads were stopped: 0.0005600 seconds, Stopping threads took: 0.0000500 seconds
230.344: Application time: 0.0427210 seconds
230.344: [GC [PSYoungGen: 7616K->320K(8192K)] 25318K->18174K(26112K), 0.0004430 secs] [Times: user=0.00 sys=0.00, real=0.00 secs] 
230.345: [Full GC [PSYoungGen: 320K->0K(8192K)] [ParOldGen: 17854K->2063K(17920K)] 18174K->2063K(26112K) [PSPermGen: 6075K->6075K(21504K)], 0.0061850 secs] [Times: user=0.03 sys=0.00, real=0.01 secs] 
230.351: Total time for which application threads were stopped: 0.0068110 seconds, Stopping threads took: 0.0000690 seconds
230.394: Application time: 0.0431410 seconds
230.394: [GC [PSYoungGen: 7168K->256K(8192K)] 9231K->2319K(26112K), 0.0004300 secs] [Times: user=0.00 sys=0.00, real=0.00 secs] 
230.395: Total time for which application threads were stopped: 0.0005560 seconds, Stopping threads took: 0.0000500 seconds
230.437: Application time: 0.0427150 seconds
230.438: [GC [PSYoungGen: 7424K->256K(8192K)] 9487K->2319K(26112K), 0.0003580 secs] [Times: user=0.00 sys=0.00, real=0.00 secs] 
230.438: Total time for which application threads were stopped: 0.0004720 seconds, Stopping threads took: 0.0000500 seconds
230.480: Application time: 0.0423610 seconds
230.480: [GC [PSYoungGen: 7424K->224K(8192K)] 9487K->2287K(26112K), 0.0003770 secs] [Times: user=0.00 sys=0.00, real=0.00 secs] 
230.481: Total time for which application threads were stopped: 0.0004840 seconds, Stopping threads took: 0.0000440 seconds
230.523: Application time: 0.0418030 seconds
230.523: [GC [PSYoungGen: 7391K->224K(8192K)] 9455K->2287K(26112K), 0.0004070 secs] [Times: user=0.00 sys=0.00, real=0.00 secs] 
230.523: Total time for which application threads were stopped: 0.0005150 seconds, Stopping threads took: 0.0000460 seconds
230.564: Application time: 0.0408660 seconds
230.564: [GC [PSYoungGen: 7392K->384K(8192K)] 9455K->2447K(26112K), 0.0004170 secs] [Times: user=0.00 sys=0.00, real=0.00 secs] 
230.565: Total time for which application threads were stopped: 0.0005330 seconds, Stopping threads took: 0.0000520 seconds
230.606: Application time: 0.0419290 seconds
230.607: [GC [PSYoungGen: 7552K->512K(8192K)] 9615K->2575K(26112K), 0.0005170 secs] [Times: user=0.00 sys=0.00, real=0.00 secs] 
230.607: Total time for which application threads were stopped: 0.0006310 seconds, Stopping threads took: 0.0000440 seconds
230.650: Application time: 0.0430330 seconds
230.650: [GC [PSYoungGen: 7680K->464K(8192K)] 9743K->2527K(26112K), 0.0004960 secs] [Times: user=0.00 sys=0.00, real=0.00 secs] 
230.651: Total time for which application threads were stopped: 0.0006550 seconds, Stopping threads took: 0.0000690 seconds
230.694: Application time: 0.0429390 seconds
230.694: [GC [PSYoungGen: 7632K->512K(8192K)] 9695K->2575K(26112K), 0.0005160 secs] [Times: user=0.00 sys=0.00, real=0.00 secs] 
230.694: Total time for which application threads were stopped: 0.0006340 seconds, Stopping threads took: 0.0000520 seconds
230.737: Application time: 0.0429460 seconds
230.737: [GC [PSYoungGen: 7680K->512K(8192K)] 9743K->2575K(26112K), 0.0005210 secs] [Times: user=0.00 sys=0.00, real=0.00 secs] 
230.738: Total time for which application threads were stopped: 0.0006320 seconds, Stopping threads took: 0.0000460 seconds
230.781: Application time: 0.0428150 seconds
230.781: [GC [PSYoungGen: 7680K->480K(8192K)] 9743K->2543K(26112K), 0.0004480 secs] [Times: user=0.00 sys=0.00, real=0.01 secs] 
230.781: Total time for which application threads were stopped: 0.0005660 seconds, Stopping threads took: 0.0000520 seconds
230.824: Application time: 0.0427510 seconds
230.824: [GC [PSYoungGen: 7648K->480K(8192K)] 9711K->2543K(26112K), 0.0004180 secs] [Times: user=0.00 sys=0.00, real=0.00 secs] 
230.825: Total time for which application threads were stopped: 0.0005300 seconds, Stopping threads took: 0.0000450 seconds
230.868: Application time: 0.0431000 seconds
230.868: [GC [PSYoungGen: 7648K->512K(8192K)] 9711K->2575K(26112K), 0.0004180 secs] [Times: user=0.01 sys=0.00, real=0.00 secs] 
230.868: Total time for which application threads were stopped: 0.0005350 seconds, Stopping threads took: 0.0000530 seconds
230.911: Application time: 0.0426600 seconds
230.911: [GC [PSYoungGen: 7680K->512K(8192K)] 9743K->2575K(26112K), 0.0004850 secs] [Times: user=0.00 sys=0.00, real=0.00 secs] 
230.911: Total time for which application threads were stopped: 0.0005950 seconds, Stopping threads took: 0.0000490 seconds
230.954: Application time: 0.0425660 seconds
230.954: [GC [PSYoungGen: 7680K->496K(8192K)] 9743K->2559K(26112K), 0.0004760 secs] [Times: user=0.00 sys=0.00, real=0.00 secs] 
230.955: Total time for which application threads were stopped: 0.0005890 seconds, Stopping threads took: 0.0000480 seconds
230.997: Application time: 0.0422270 seconds
230.997: [GC [PSYoungGen: 7664K->480K(8192K)] 9727K->2543K(26112K), 0.0004600 secs] [Times: user=0.00 sys=0.00, real=0.00 secs] 
230.997: Total time for which application threads were stopped: 0.0005810 seconds, Stopping threads took: 0.0000530 seconds
231.040: Application time: 0.0428380 seconds
231.040: [GC [PSYoungGen: 7648K->528K(8192K)] 9711K->2599K(26112K), 0.0004390 secs] [Times: user=0.01 sys=0.00, real=0.00 secs] 
231.041: Total time for which application threads were stopped: 0.0005470 seconds, Stopping threads took: 0.0000410 seconds
231.084: Application time: 0.0429550 seconds
231.084: [GC [PSYoungGen: 7696K->512K(8192K)] 9767K->2583K(26112K), 0.0004580 secs] [Times: user=0.00 sys=0.00, real=0.00 secs] 
231.084: Total time for which application threads were stopped: 0.0005890 seconds, Stopping threads took: 0.0000650 seconds
231.127: Application time: 0.0430100 seconds
231.127: [GC [PSYoungGen: 7680K->480K(8192K)] 9751K->2591K(26112K), 0.0004360 secs] [Times: user=0.01 sys=0.00, real=0.00 secs] 
231.128: Total time for which application threads were stopped: 0.0005520 seconds, Stopping threads took: 0.0000500 seconds
231.171: Application time: 0.0430940 seconds
231.171: [GC [PSYoungGen: 7648K->384K(8192K)] 9759K->2559K(26112K), 0.0004310 secs] [Times: user=0.00 sys=0.00, real=0.00 secs] 
231.172: Total time for which application threads were stopped: 0.0005540 seconds, Stopping threads took: 0.0000480 seconds
231.215: Application time: 0.0430520 seconds
231.215: [GC [PSYoungGen: 7552K->288K(8192K)] 9727K->2615K(26112K), 0.0004260 secs] [Times: user=0.00 sys=0.00, real=0.00 secs] 
231.215: Total time for which application threads were stopped: 0.0005380 seconds, Stopping threads took: 0.0000480 seconds
231.258: Application time: 0.0430620 seconds
231.258: [GC [PSYoungGen: 7456K->256K(8192K)] 9783K->2671K(26112K), 0.0004000 secs] [Times: user=0.00 sys=0.00, real=0.00 secs] 
231.259: Total time for which application threads were stopped: 0.0005170 seconds, Stopping threads took: 0.0000490 seconds
231.301: Application time: 0.0422320 seconds
231.301: [GC [PSYoungGen: 7424K->272K(8192K)] 9839K->2687K(26112K), 0.0003930 secs] [Times: user=0.00 sys=0.00, real=0.00 secs] 
231.302: Total time for which application threads were stopped: 0.0005140 seconds, Stopping threads took: 0.0000550 seconds
231.344: Application time: 0.0427090 seconds
231.344: [GC [PSYoungGen: 7440K->288K(8192K)] 9855K->2703K(26112K), 0.0003920 secs] [Times: user=0.00 sys=0.00, real=0.00 secs] 
231.345: Total time for which application threads were stopped: 0.0005200 seconds, Stopping threads took: 0.0000640 seconds
231.386: Application time: 0.0412230 seconds
231.386: [GC [PSYoungGen: 7456K->384K(8192K)] 9871K->2799K(26112K), 0.0004380 secs] [Times: user=0.00 sys=0.00, real=0.00 secs] 
231.387: Total time for which application threads were stopped: 0.0005650 seconds, Stopping threads took: 0.0000610 seconds
231.429: Application time: 0.0422780 seconds
231.429: [GC [PSYoungGen: 7552K->432K(8192K)] 9967K->2847K(26112K), 0.0004670 secs] [Times: user=0.00 sys=0.00, real=0.01 secs] 
231.429: Total time for which application threads were stopped: 0.0005850 seconds, Stopping threads took: 0.0000510 seconds
231.471: Application time: 0.0413660 seconds
231.471: [GC [PSYoungGen: 7600K->528K(8192K)] 10015K->2943K(26112K), 0.0004340 secs] [Times: user=0.00 sys=0.00, real=0.00 secs] 
231.471: Total time for which application threads were stopped: 0.0005580 seconds, Stopping threads took: 0.0000600 seconds
231.514: Application time: 0.0429080 seconds
231.514: [GC [PSYoungGen: 7696K->496K(8192K)] 10111K->2911K(26112K), 0.0004490 secs] [Times: user=0.00 sys=0.00, real=0.00 secs] 
231.515: Total time for which application threads were stopped: 0.0005700 seconds, Stopping threads took: 0.0000530 seconds
231.558: Application time: 0.0429260 seconds
231.558: [GC [PSYoungGen: 7664K->528K(8192K)] 10079K->2943K(26112K), 0.0004730 secs] [Times: user=0.00 sys=0.00, real=0.00 secs] 
231.558: Total time for which application threads were stopped: 0.0005810 seconds, Stopping threads took: 0.0000440 seconds
231.602: Application time: 0.0433700 seconds
231.602: [GC [PSYoungGen: 7696K->496K(8192K)] 10111K->2911K(26112K), 0.0004850 secs] [Times: user=0.01 sys=0.00, real=0.00 secs] 
231.602: Total time for which application threads were stopped: 0.0005960 seconds, Stopping threads took: 0.0000460 seconds
231.645: Application time: 0.0431000 seconds
231.645: [GC [PSYoungGen: 7664K->512K(8192K)] 10079K->2927K(26112K), 0.0005110 secs] [Times: user=0.00 sys=0.00, real=0.00 secs] 
231.646: Total time for which application threads were stopped: 0.0006330 seconds, Stopping threads took: 0.0000480 seconds
231.689: Application time: 0.0426860 seconds
231.689: [GC [PSYoungGen: 7680K->544K(8192K)] 10095K->2959K(26112K), 0.0005480 secs] [Times: user=0.00 sys=0.00, real=0.01 secs] 
231.689: Total time for which application threads were stopped: 0.0006880 seconds, Stopping threads took: 0.0000530 seconds
231.733: Application time: 0.0438210 seconds
231.733: [GC [PSYoungGen: 7712K->512K(8192K)] 10127K->2927K(26112K), 0.0004750 secs] [Times: user=0.00 sys=0.00, real=0.00 secs] 
231.734: Total time for which application threads were stopped: 0.0006080 seconds, Stopping threads took: 0.0000560 seconds
231.777: Application time: 0.0427890 seconds
231.777: [GC [PSYoungGen: 7680K->512K(8192K)] 10095K->2927K(26112K), 0.0004560 secs] [Times: user=0.00 sys=0.00, real=0.00 secs] 
231.777: Total time for which application threads were stopped: 0.0005770 seconds, Stopping threads took: 0.0000520 seconds
231.820: Application time: 0.0426920 seconds
231.820: [GC [PSYoungGen: 7680K->496K(8192K)] 10095K->2911K(26112K), 0.0004440 secs] [Times: user=0.00 sys=0.00, real=0.00 secs] 
231.820: Total time for which application threads were stopped: 0.0005610 seconds, Stopping threads took: 0.0000510 seconds
231.863: Application time: 0.0427510 seconds
231.863: [GC [PSYoungGen: 7664K->512K(8192K)] 10079K->2927K(26112K), 0.0004430 secs] [Times: user=0.00 sys=0.00, real=0.00 secs] 
231.864: Total time for which application threads were stopped: 0.0005760 seconds, Stopping threads took: 0.0000580 seconds
231.907: Application time: 0.0427180 seconds
231.907: [GC [PSYoungGen: 7680K->512K(8192K)] 10095K->2927K(26112K), 0.0004280 secs] [Times: user=0.00 sys=0.00, real=0.00 secs] 
231.907: Total time for which application threads were stopped: 0.0005470 seconds, Stopping threads took: 0.0000560 seconds
231.950: Application time: 0.0430950 seconds
231.950: [GC [PSYoungGen: 7680K->480K(8192K)] 10095K->2943K(26112K), 0.0004850 secs] [Times: user=0.00 sys=0.00, real=0.00 secs] 
231.951: Total time for which application threads were stopped: 0.0006050 seconds, Stopping threads took: 0.0000560 seconds
231.994: Application time: 0.0427620 seconds
231.994: [GC [PSYoungGen: 7648K->448K(8192K)] 10111K->2911K(26112K), 0.0004360 secs] [Times: user=0.00 sys=0.00, real=0.00 secs] 
231.994: Total time for which application threads were stopped: 0.0005490 seconds, Stopping threads took: 0.0000470 seconds
232.037: Application time: 0.0427930 seconds
232.037: [GC [PSYoungGen: 7616K->320K(8192K)] 10079K->2903K(26112K), 0.0004500 secs] [Times: user=0.00 sys=0.00, real=0.00 secs] 
232.037: Total time for which application threads were stopped: 0.0005720 seconds, Stopping threads took: 0.0000580 seconds
232.080: Application time: 0.0427680 seconds
232.080: [GC [PSYoungGen: 7488K->288K(8192K)] 10071K->2968K(26112K), 0.0004270 secs] [Times: user=0.01 sys=0.00, real=0.00 secs] 
232.081: Total time for which application threads were stopped: 0.0005310 seconds, Stopping threads took: 0.0000430 seconds
232.124: Application time: 0.0429990 seconds
232.124: [GC [PSYoungGen: 7456K->256K(8192K)] 10136K->3024K(26112K), 0.0004750 secs] [Times: user=0.00 sys=0.00, real=0.00 secs] 
232.124: Total time for which application threads were stopped: 0.0006040 seconds, Stopping threads took: 0.0000640 seconds
232.167: Application time: 0.0421540 seconds
232.167: [GC [PSYoungGen: 7424K->256K(8192K)] 10192K->3024K(26112K), 0.0004620 secs] [Times: user=0.00 sys=0.00, real=0.00 secs] 
232.167: Total time for which application threads were stopped: 0.0005750 seconds, Stopping threads took: 0.0000480 seconds
232.210: Application time: 0.0427700 seconds
232.210: [GC [PSYoungGen: 7424K->272K(8192K)] 10192K->3040K(26112K), 0.0004310 secs] [Times: user=0.00 sys=0.00, real=0.00 secs] 
232.210: Total time for which application threads were stopped: 0.0005520 seconds, Stopping threads took: 0.0000480 seconds
232.252: Application time: 0.0412540 seconds
232.252: [GC [PSYoungGen: 7440K->368K(8192K)] 10208K->3136K(26112K), 0.0004550 secs] [Times: user=0.00 sys=0.00, real=0.00 secs] 
232.252: Total time for which application threads were stopped: 0.0005900 seconds, Stopping threads took: 0.0000690 seconds
232.294: Application time: 0.0413410 seconds
232.294: [GC [PSYoungGen: 7536K->448K(8192K)] 10304K->3216K(26112K), 0.0004530 secs] [Times: user=0.00 sys=0.00, real=0.00 secs] 
232.294: Total time for which application threads were stopped: 0.0005660 seconds, Stopping threads took: 0.0000480 seconds
232.336: Application time: 0.0420870 seconds
232.336: [GC [PSYoungGen: 7616K->464K(8192K)] 10384K->3232K(26112K), 0.0004320 secs] [Times: user=0.01 sys=0.00, real=0.00 secs] 
232.337: Total time for which application threads were stopped: 0.0005550 seconds, Stopping threads took: 0.0000550 seconds
232.380: Application time: 0.0430400 seconds
232.380: [GC [PSYoungGen: 7632K->528K(8192K)] 10400K->3296K(26112K), 0.0005020 secs] [Times: user=0.00 sys=0.00, real=0.00 secs] 
232.380: Total time for which application threads were stopped: 0.0006160 seconds, Stopping threads took: 0.0000470 seconds
232.424: Application time: 0.0431580 seconds
232.424: [GC [PSYoungGen: 7696K->480K(8192K)] 10464K->3248K(26112K), 0.0004480 secs] [Times: user=0.00 sys=0.00, real=0.00 secs] 
232.424: Total time for which application threads were stopped: 0.0005640 seconds, Stopping threads took: 0.0000520 seconds
232.467: Application time: 0.0428160 seconds
232.467: [GC [PSYoungGen: 7648K->480K(8192K)] 10416K->3248K(26112K), 0.0004370 secs] [Times: user=0.00 sys=0.00, real=0.00 secs] 
232.468: Total time for which application threads were stopped: 0.0005630 seconds, Stopping threads took: 0.0000600 seconds
232.510: Application time: 0.0427610 seconds
232.510: [GC [PSYoungGen: 7648K->496K(8192K)] 10416K->3264K(26112K), 0.0004360 secs] [Times: user=0.00 sys=0.00, real=0.00 secs] 
232.511: Total time for which application threads were stopped: 0.0005550 seconds, Stopping threads took: 0.0000530 seconds
232.555: Application time: 0.0437620 seconds
232.555: [GC [PSYoungGen: 7664K->512K(8192K)] 10432K->3280K(26112K), 0.0004950 secs] [Times: user=0.00 sys=0.00, real=0.00 secs] 
232.555: Total time for which application threads were stopped: 0.0006300 seconds, Stopping threads took: 0.0000680 seconds
232.598: Application time: 0.0429100 seconds
232.598: [GC [PSYoungGen: 7680K->496K(8192K)] 10448K->3264K(26112K), 0.0004350 secs] [Times: user=0.00 sys=0.00, real=0.00 secs] 
232.599: Total time for which application threads were stopped: 0.0005500 seconds, Stopping threads took: 0.0000490 seconds
232.642: Application time: 0.0428280 seconds
232.642: [GC [PSYoungGen: 7664K->496K(8192K)] 10432K->3264K(26112K), 0.0005010 secs] [Times: user=0.00 sys=0.00, real=0.00 secs] 
232.642: Total time for which application threads were stopped: 0.0006220 seconds, Stopping threads took: 0.0000470 seconds
232.685: Application time: 0.0426570 seconds
232.685: [GC [PSYoungGen: 7664K->512K(8192K)] 10432K->3280K(26112K), 0.0004370 secs] [Times: user=0.00 sys=0.00, real=0.00 secs] 
232.685: Total time for which application threads were stopped: 0.0005570 seconds, Stopping threads took: 0.0000530 seconds
232.729: Application time: 0.0430850 seconds
232.729: [GC [PSYoungGen: 7680K->512K(8192K)] 10448K->3280K(26112K), 0.0004420 secs] [Times: user=0.00 sys=0.00, real=0.01 secs] 
232.729: Total time for which application threads were stopped: 0.0005700 seconds, Stopping threads took: 0.0000500 seconds
232.772: Application time: 0.0428380 seconds
232.772: [GC [PSYoungGen: 7680K->480K(8192K)] 10448K->3248K(26112K), 0.0004380 secs] [Times: user=0.00 sys=0.00, real=0.00 secs] 
232.772: Total time for which application threads were stopped: 0.0005780 seconds, Stopping threads took: 0.0000730 seconds
232.815: Application time: 0.0428140 seconds
232.815: [GC [PSYoungGen: 7648K->480K(8192K)] 10416K->3296K(26112K), 0.0004250 secs] [Times: user=0.01 sys=0.00, real=0.00 secs] 
232.816: Total time for which application threads were stopped: 0.0005410 seconds, Stopping threads took: 0.0000530 seconds
232.859: Application time: 0.0429340 seconds
232.859: [GC [PSYoungGen: 7648K->480K(8192K)] 10464K->3296K(26112K), 0.0004300 secs] [Times: user=0.01 sys=0.00, real=0.00 secs] 
232.859: Total time for which application threads were stopped: 0.0005490 seconds, Stopping threads took: 0.0000550 seconds
232.902: Application time: 0.0428800 seconds
232.902: [GC [PSYoungGen: 7648K->304K(8192K)] 10464K->3248K(26112K), 0.0004750 secs] [Times: user=0.00 sys=0.00, real=0.00 secs] 
232.903: Total time for which application threads were stopped: 0.0005950 seconds, Stopping threads took: 0.0000530 seconds
232.946: Application time: 0.0432100 seconds
232.949: [GC [PSYoungGen: 7472K->272K(8192K)] 10416K->3328K(26112K), 0.0004660 secs] [Times: user=0.01 sys=0.00, real=0.00 secs] 
232.950: Total time for which application threads were stopped: 0.0035200 seconds, Stopping threads took: 0.0029900 seconds
232.992: Application time: 0.0420950 seconds
232.992: [GC [PSYoungGen: 7440K->272K(8192K)] 10496K->3376K(26112K), 0.0004070 secs] [Times: user=0.00 sys=0.00, real=0.00 secs] 
232.992: Total time for which application threads were stopped: 0.0005280 seconds, Stopping threads took: 0.0000570 seconds
233.036: Application time: 0.0434140 seconds
233.036: [GC [PSYoungGen: 7440K->272K(8192K)] 10544K->3376K(26112K), 0.0003880 secs] [Times: user=0.00 sys=0.00, real=0.00 secs] 
233.036: Total time for which application threads were stopped: 0.0005060 seconds, Stopping threads took: 0.0000500 seconds
233.079: Application time: 0.0427670 seconds
233.079: [GC [PSYoungGen: 7440K->272K(8192K)] 10544K->3376K(26112K), 0.0004490 secs] [Times: user=0.00 sys=0.00, real=0.00 secs] 
233.079: Total time for which application threads were stopped: 0.0005560 seconds, Stopping threads took: 0.0000430 seconds
233.120: Application time: 0.0407720 seconds
233.121: [GC [PSYoungGen: 7440K->368K(8192K)] 10544K->3472K(26112K), 0.0004140 secs] [Times: user=0.00 sys=0.00, real=0.00 secs] 
233.122: Total time for which application threads were stopped: 0.0013030 seconds, Stopping threads took: 0.0008240 seconds
233.163: Application time: 0.0413990 seconds
233.163: [GC [PSYoungGen: 7536K->464K(8192K)] 10640K->3568K(26112K), 0.0004710 secs] [Times: user=0.00 sys=0.00, real=0.00 secs] 
233.163: Total time for which application threads were stopped: 0.0005960 seconds, Stopping threads took: 0.0000610 seconds
233.206: Application time: 0.0424870 seconds
233.209: [GC [PSYoungGen: 7632K->432K(8192K)] 10736K->3536K(26112K), 0.0006270 secs] [Times: user=0.00 sys=0.00, real=0.00 secs] 
233.210: Total time for which application threads were stopped: 0.0037290 seconds, Stopping threads took: 0.0030360 seconds
233.252: Application time: 0.0427440 seconds
233.253: [GC [PSYoungGen: 7600K->464K(8192K)] 10704K->3568K(26112K), 0.0005030 secs] [Times: user=0.00 sys=0.00, real=0.00 secs] 
233.253: Total time for which application threads were stopped: 0.0006290 seconds, Stopping threads took: 0.0000500 seconds
233.296: Application time: 0.0428030 seconds
233.296: [GC [PSYoungGen: 7632K->512K(8192K)] 10736K->3616K(26112K), 0.0004380 secs] [Times: user=0.00 sys=0.00, real=0.00 secs] 
233.296: Total time for which application threads were stopped: 0.0005540 seconds, Stopping threads took: 0.0000510 seconds
233.337: Application time: 0.0404680 seconds
233.337: [GC [PSYoungGen: 7680K->496K(8192K)] 10784K->3600K(26112K), 0.0004650 secs] [Times: user=0.00 sys=0.00, real=0.00 secs] 
233.338: Total time for which application threads were stopped: 0.0005830 seconds, Stopping threads took: 0.0000500 seconds
233.377: Application time: 0.0391360 seconds
233.377: [GC [PSYoungGen: 7664K->528K(8192K)] 10768K->3632K(26112K), 0.0004550 secs] [Times: user=0.00 sys=0.00, real=0.00 secs] 
233.377: Total time for which application threads were stopped: 0.0005670 seconds, Stopping threads took: 0.0000490 seconds
233.416: Application time: 0.0387360 seconds
233.416: [GC [PSYoungGen: 7696K->496K(8192K)] 10800K->3600K(26112K), 0.0003990 secs] [Times: user=0.00 sys=0.00, real=0.00 secs] 
233.416: Total time for which application threads were stopped: 0.0005110 seconds, Stopping threads took: 0.0000490 seconds
233.456: Application time: 0.0392300 seconds
233.456: [GC [PSYoungGen: 7664K->512K(8192K)] 10768K->3616K(26112K), 0.0004170 secs] [Times: user=0.00 sys=0.00, real=0.00 secs] 
233.456: Total time for which application threads were stopped: 0.0005270 seconds, Stopping threads took: 0.0000480 seconds
233.495: Application time: 0.0387950 seconds
233.495: [GC [PSYoungGen: 7680K->512K(8192K)] 10784K->3616K(26112K), 0.0004940 secs] [Times: user=0.01 sys=0.00, real=0.00 secs] 
233.496: Total time for which application threads were stopped: 0.0006080 seconds, Stopping threads took: 0.0000510 seconds
233.534: Application time: 0.0383490 seconds
233.534: [GC [PSYoungGen: 7680K->496K(8192K)] 10784K->3600K(26112K), 0.0003950 secs] [Times: user=0.00 sys=0.00, real=0.00 secs] 
233.534: Total time for which application threads were stopped: 0.0005070 seconds, Stopping threads took: 0.0000530 seconds
233.573: Application time: 0.0388650 seconds
233.573: [GC [PSYoungGen: 7664K->512K(8192K)] 10768K->3616K(26112K), 0.0004150 secs] [Times: user=0.00 sys=0.00, real=0.00 secs] 
233.574: Total time for which application threads were stopped: 0.0005440 seconds, Stopping threads took: 0.0000640 seconds
233.613: Application time: 0.0388490 seconds
233.613: [GC [PSYoungGen: 7680K->480K(8192K)] 10784K->3632K(26112K), 0.0004230 secs] [Times: user=0.00 sys=0.00, real=0.00 secs] 
233.613: Total time for which application threads were stopped: 0.0005380 seconds, Stopping threads took: 0.0000460 seconds
233.653: Application time: 0.0392230 seconds
233.653: [GC [PSYoungGen: 7648K->432K(8192K)] 10800K->3584K(26112K), 0.0004750 secs] [Times: user=0.00 sys=0.00, real=0.00 secs] 
233.653: Total time for which application threads were stopped: 0.0006050 seconds, Stopping threads took: 0.0000560 seconds
233.692: Application time: 0.0389290 seconds
233.692: [GC [PSYoungGen: 7600K->480K(8192K)] 10752K->3632K(26112K), 0.0004710 secs] [Times: user=0.00 sys=0.00, real=0.00 secs] 
233.694: Total time for which application threads were stopped: 0.0017510 seconds, Stopping threads took: 0.0000520 seconds
233.733: Application time: 0.0389850 seconds
233.733: [GC [PSYoungGen: 7648K->368K(8192K)] 10800K->3672K(26112K), 0.0004360 secs] [Times: user=0.00 sys=0.00, real=0.00 secs] 
233.733: Total time for which application threads were stopped: 0.0005370 seconds, Stopping threads took: 0.0000410 seconds
233.773: Application time: 0.0392170 seconds
233.773: [GC [PSYoungGen: 7536K->288K(8192K)] 10840K->3672K(26112K), 0.0004080 secs] [Times: user=0.01 sys=0.00, real=0.00 secs] 
233.773: Total time for which application threads were stopped: 0.0005310 seconds, Stopping threads took: 0.0000510 seconds
233.811: Application time: 0.0383270 seconds
233.811: [GC [PSYoungGen: 7456K->272K(8192K)] 10840K->3704K(26112K), 0.0003810 secs] [Times: user=0.00 sys=0.00, real=0.00 secs] 
233.812: Total time for which application threads were stopped: 0.0004930 seconds, Stopping threads took: 0.0000500 seconds
233.851: Application time: 0.0392440 seconds
233.851: [GC [PSYoungGen: 7440K->272K(8192K)] 10872K->3704K(26112K), 0.0003920 secs] [Times: user=0.00 sys=0.00, real=0.00 secs] 
233.852: Total time for which application threads were stopped: 0.0005040 seconds, Stopping threads took: 0.0000520 seconds
233.890: Application time: 0.0382000 seconds
233.890: [GC [PSYoungGen: 7440K->288K(8192K)] 10872K->3720K(26112K), 0.0003690 secs] [Times: user=0.00 sys=0.00, real=0.00 secs] 
233.890: Total time for which application threads were stopped: 0.0004820 seconds, Stopping threads took: 0.0000520 seconds
233.928: Application time: 0.0375650 seconds
233.928: [GC [PSYoungGen: 7456K->432K(8192K)] 10888K->3864K(26112K), 0.0003860 secs] [Times: user=0.00 sys=0.00, real=0.00 secs] 
233.928: Total time for which application threads were stopped: 0.0004970 seconds, Stopping threads took: 0.0000470 seconds
233.966: Application time: 0.0379180 seconds
233.966: [GC [PSYoungGen: 7600K->464K(8192K)] 11032K->3896K(26112K), 0.0004130 secs] [Times: user=0.00 sys=0.00, real=0.00 secs] 
233.967: Total time for which application threads were stopped: 0.0005190 seconds, Stopping threads took: 0.0000470 seconds
234.005: Application time: 0.0385540 seconds
234.005: [GC [PSYoungGen: 7632K->512K(8192K)] 11064K->3944K(26112K), 0.0004300 secs] [Times: user=0.00 sys=0.00, real=0.00 secs] 
234.006: Total time for which application threads were stopped: 0.0005440 seconds, Stopping threads took: 0.0000530 seconds
234.045: Application time: 0.0390710 seconds
234.045: [GC [PSYoungGen: 7680K->496K(8192K)] 11112K->3928K(26112K), 0.0004640 secs] [Times: user=0.00 sys=0.00, real=0.00 secs] 
234.046: Total time for which application threads were stopped: 0.0005790 seconds, Stopping threads took: 0.0000460 seconds
234.085: Application time: 0.0392590 seconds
234.085: [GC [PSYoungGen: 7664K->512K(8192K)] 11096K->3944K(26112K), 0.0004110 secs] [Times: user=0.00 sys=0.01, real=0.00 secs] 
234.085: Total time for which application threads were stopped: 0.0005300 seconds, Stopping threads took: 0.0000570 seconds
234.124: Application time: 0.0388760 seconds
234.124: [GC [PSYoungGen: 7680K->512K(8192K)] 11112K->3944K(26112K), 0.0004580 secs] [Times: user=0.00 sys=0.00, real=0.00 secs] 
234.125: Total time for which application threads were stopped: 0.0005740 seconds, Stopping threads took: 0.0000540 seconds
234.164: Application time: 0.0388910 seconds
234.164: [GC [PSYoungGen: 7680K->512K(8192K)] 11112K->3944K(26112K), 0.0004760 secs] [Times: user=0.01 sys=0.00, real=0.00 secs] 
234.164: Total time for which application threads were stopped: 0.0005890 seconds, Stopping threads took: 0.0000480 seconds
234.203: Application time: 0.0387580 seconds
234.203: [GC [PSYoungGen: 7680K->496K(8192K)] 11112K->3928K(26112K), 0.0004440 secs] [Times: user=0.00 sys=0.00, real=0.00 secs] 
234.204: Total time for which application threads were stopped: 0.0005530 seconds, Stopping threads took: 0.0000490 seconds
234.242: Application time: 0.0388520 seconds
234.243: [GC [PSYoungGen: 7664K->448K(8192K)] 11096K->3880K(26112K), 0.0004080 secs] [Times: user=0.00 sys=0.00, real=0.00 secs] 
234.243: Total time for which application threads were stopped: 0.0005100 seconds, Stopping threads took: 0.0000410 seconds
234.282: Application time: 0.0387870 seconds
234.285: [GC [PSYoungGen: 7616K->480K(8192K)] 11048K->3912K(26112K), 0.0004480 secs] [Times: user=0.00 sys=0.00, real=0.00 secs] 
234.286: Total time for which application threads were stopped: 0.0037600 seconds, Stopping threads took: 0.0032420 seconds
234.324: Application time: 0.0386590 seconds
234.324: [GC [PSYoungGen: 7648K->512K(8192K)] 11080K->3944K(26112K), 0.0004230 secs] [Times: user=0.00 sys=0.00, real=0.00 secs] 
234.325: Total time for which application threads were stopped: 0.0005480 seconds, Stopping threads took: 0.0000630 seconds
234.364: Application time: 0.0388150 seconds
234.364: [GC [PSYoungGen: 7680K->512K(8192K)] 11112K->3944K(26112K), 0.0004250 secs] [Times: user=0.00 sys=0.00, real=0.00 secs] 
234.364: Total time for which application threads were stopped: 0.0005420 seconds, Stopping threads took: 0.0000560 seconds
234.403: Application time: 0.0388790 seconds
234.403: [GC [PSYoungGen: 7680K->480K(8192K)] 11112K->3952K(26112K), 0.0004050 secs] [Times: user=0.01 sys=0.00, real=0.00 secs] 
234.404: Total time for which application threads were stopped: 0.0005170 seconds, Stopping threads took: 0.0000530 seconds
234.442: Application time: 0.0388730 seconds
234.442: [GC [PSYoungGen: 7648K->448K(8192K)] 11120K->3920K(26112K), 0.0004080 secs] [Times: user=0.00 sys=0.00, real=0.00 secs] 
234.443: Total time for which application threads were stopped: 0.0005150 seconds, Stopping threads took: 0.0000470 seconds
234.482: Application time: 0.0389530 seconds
234.482: [GC [PSYoungGen: 7616K->432K(8192K)] 11088K->3960K(26112K), 0.0004130 secs] [Times: user=0.00 sys=0.00, real=0.00 secs] 
234.482: Total time for which application threads were stopped: 0.0005270 seconds, Stopping threads took: 0.0000500 seconds
234.521: Application time: 0.0388520 seconds
234.521: [GC [PSYoungGen: 7600K->336K(8192K)] 11128K->3976K(26112K), 0.0004120 secs] [Times: user=0.01 sys=0.00, real=0.00 secs] 
234.522: Total time for which application threads were stopped: 0.0005170 seconds, Stopping threads took: 0.0000450 seconds
234.561: Application time: 0.0392380 seconds
234.561: [GC [PSYoungGen: 7504K->272K(8192K)] 11144K->3992K(26112K), 0.0003810 secs] [Times: user=0.00 sys=0.00, real=0.00 secs] 
234.561: Total time for which application threads were stopped: 0.0004880 seconds, Stopping threads took: 0.0000470 seconds
234.600: Application time: 0.0382480 seconds
234.600: [GC [PSYoungGen: 7440K->272K(8192K)] 11160K->4040K(26112K), 0.0003660 secs] [Times: user=0.00 sys=0.00, real=0.00 secs] 
234.600: Total time for which application threads were stopped: 0.0004670 seconds, Stopping threads took: 0.0000390 seconds
234.640: Application time: 0.0398110 seconds
234.640: [GC [PSYoungGen: 7440K->272K(8192K)] 11208K->4040K(26112K), 0.0004120 secs] [Times: user=0.00 sys=0.00, real=0.00 secs] 
234.641: Total time for which application threads were stopped: 0.0005450 seconds, Stopping threads took: 0.0000600 seconds
234.678: Application time: 0.0374210 seconds
234.678: [GC [PSYoungGen: 7440K->304K(8192K)] 11208K->4072K(26112K), 0.0003880 secs] [Times: user=0.00 sys=0.00, real=0.00 secs] 
234.678: Total time for which application threads were stopped: 0.0005000 seconds, Stopping threads took: 0.0000450 seconds
234.716: Application time: 0.0376480 seconds
234.716: [GC [PSYoungGen: 7472K->400K(8192K)] 11240K->4168K(26112K), 0.0004670 secs] [Times: user=0.00 sys=0.00, real=0.00 secs] 
234.717: Total time for which application threads were stopped: 0.0006040 seconds, Stopping threads took: 0.0000730 seconds
234.755: Application time: 0.0382140 seconds
234.755: [GC [PSYoungGen: 7568K->448K(8192K)] 11336K->4216K(26112K), 0.0004480 secs] [Times: user=0.01 sys=0.00, real=0.00 secs] 
234.756: Total time for which application threads were stopped: 0.0005600 seconds, Stopping threads took: 0.0000500 seconds
234.794: Application time: 0.0385350 seconds
234.794: [GC [PSYoungGen: 7616K->480K(8192K)] 11384K->4248K(26112K), 0.0004030 secs] [Times: user=0.00 sys=0.00, real=0.00 secs] 
234.795: Total time for which application threads were stopped: 0.0005290 seconds, Stopping threads took: 0.0000530 seconds
234.834: Application time: 0.0389700 seconds
234.834: [GC [PSYoungGen: 7648K->496K(8192K)] 11416K->4264K(26112K), 0.0004240 secs] [Times: user=0.00 sys=0.00, real=0.00 secs] 
234.834: Total time for which application threads were stopped: 0.0005320 seconds, Stopping threads took: 0.0000450 seconds
234.873: Application time: 0.0392320 seconds
234.873: [GC [PSYoungGen: 7664K->464K(8192K)] 11432K->4232K(26112K), 0.0004200 secs] [Times: user=0.00 sys=0.00, real=0.00 secs] 
234.874: Total time for which application threads were stopped: 0.0005280 seconds, Stopping threads took: 0.0000440 seconds
234.913: Application time: 0.0394860 seconds
234.913: [GC [PSYoungGen: 7632K->512K(8192K)] 11400K->4280K(26112K), 0.0004150 secs] [Times: user=0.00 sys=0.00, real=0.00 secs] 
234.914: Total time for which application threads were stopped: 0.0005460 seconds, Stopping threads took: 0.0000660 seconds
234.953: Application time: 0.0389670 seconds
234.953: [GC [PSYoungGen: 7680K->512K(8192K)] 11448K->4280K(26112K), 0.0004030 secs] [Times: user=0.00 sys=0.00, real=0.00 secs] 
234.953: Total time for which application threads were stopped: 0.0005170 seconds, Stopping threads took: 0.0000510 seconds
234.993: Application time: 0.0392940 seconds
234.993: [GC [PSYoungGen: 7680K->512K(8192K)] 11448K->4280K(26112K), 0.0004270 secs] [Times: user=0.00 sys=0.00, real=0.00 secs] 
234.993: Total time for which application threads were stopped: 0.0005440 seconds, Stopping threads took: 0.0000530 seconds
235.032: Application time: 0.0389130 seconds
235.032: [GC [PSYoungGen: 7680K->480K(8192K)] 11448K->4248K(26112K), 0.0004550 secs] [Times: user=0.00 sys=0.00, real=0.00 secs] 
235.033: Total time for which application threads were stopped: 0.0005640 seconds, Stopping threads took: 0.0000470 seconds
235.071: Application time: 0.0387940 seconds
235.072: [GC [PSYoungGen: 7648K->480K(8192K)] 11416K->4248K(26112K), 0.0004100 secs] [Times: user=0.00 sys=0.00, real=0.00 secs] 
235.072: Total time for which application threads were stopped: 0.0005140 seconds, Stopping threads took: 0.0000400 seconds
235.111: Application time: 0.0387320 seconds
235.111: [GC [PSYoungGen: 7648K->480K(8192K)] 11416K->4248K(26112K), 0.0004010 secs] [Times: user=0.00 sys=0.00, real=0.00 secs] 
235.111: Total time for which application threads were stopped: 0.0005160 seconds, Stopping threads took: 0.0000500 seconds
235.150: Application time: 0.0389240 seconds
235.153: [GC [PSYoungGen: 7648K->496K(8192K)] 11416K->4264K(26112K), 0.0004690 secs] [Times: user=0.00 sys=0.00, real=0.00 secs] 
235.154: Total time for which application threads were stopped: 0.0033800 seconds, Stopping threads took: 0.0028510 seconds
235.192: Application time: 0.0388530 seconds
235.192: [GC [PSYoungGen: 7664K->448K(8192K)] 11432K->4272K(26112K), 0.0004060 secs] [Times: user=0.00 sys=0.00, real=0.00 secs] 
235.193: Total time for which application threads were stopped: 0.0005070 seconds, Stopping threads took: 0.0000400 seconds
235.232: Application time: 0.0388980 seconds
235.232: [GC [PSYoungGen: 7616K->448K(8192K)] 11440K->4272K(26112K), 0.0004100 secs] [Times: user=0.00 sys=0.00, real=0.00 secs] 
235.232: Total time for which application threads were stopped: 0.0005350 seconds, Stopping threads took: 0.0000550 seconds
235.271: Application time: 0.0388780 seconds
235.271: [GC [PSYoungGen: 7616K->400K(8192K)] 11440K->4320K(26112K), 0.0004120 secs] [Times: user=0.01 sys=0.00, real=0.00 secs] 
235.272: Total time for which application threads were stopped: 0.0005200 seconds, Stopping threads took: 0.0000460 seconds
235.311: Application time: 0.0389280 seconds
235.311: [GC [PSYoungGen: 7568K->288K(8192K)] 11488K->4329K(26112K), 0.0004240 secs] [Times: user=0.00 sys=0.00, real=0.00 secs] 
235.311: Total time for which application threads were stopped: 0.0005460 seconds, Stopping threads took: 0.0000500 seconds
235.350: Application time: 0.0389010 seconds
235.350: [GC [PSYoungGen: 7456K->240K(8192K)] 11497K->4329K(26112K), 0.0003990 secs] [Times: user=0.00 sys=0.00, real=0.00 secs] 
235.351: Total time for which application threads were stopped: 0.0005040 seconds, Stopping threads took: 0.0000460 seconds
235.389: Application time: 0.0387070 seconds
235.389: [GC [PSYoungGen: 7408K->256K(8192K)] 11497K->4393K(26112K), 0.0003990 secs] [Times: user=0.00 sys=0.00, real=0.00 secs] 
235.390: Total time for which application threads were stopped: 0.0005110 seconds, Stopping threads took: 0.0000500 seconds
235.429: Application time: 0.0388060 seconds
235.429: [GC [PSYoungGen: 7424K->272K(8192K)] 11561K->4409K(26112K), 0.0003750 secs] [Times: user=0.00 sys=0.00, real=0.01 secs] 
235.429: Total time for which application threads were stopped: 0.0004930 seconds, Stopping threads took: 0.0000520 seconds
235.466: Application time: 0.0369040 seconds
235.466: [GC [PSYoungGen: 7440K->400K(8192K)] 11577K->4537K(26112K), 0.0003950 secs] [Times: user=0.00 sys=0.00, real=0.00 secs] 
235.467: Total time for which application threads were stopped: 0.0005050 seconds, Stopping threads took: 0.0000470 seconds
235.505: Application time: 0.0380380 seconds
235.505: [GC [PSYoungGen: 7568K->448K(8192K)] 11705K->4585K(26112K), 0.0004620 secs] [Times: user=0.00 sys=0.00, real=0.00 secs] 
235.505: Total time for which application threads were stopped: 0.0005780 seconds, Stopping threads took: 0.0000510 seconds
235.544: Application time: 0.0388920 seconds
235.544: [GC [PSYoungGen: 7616K->480K(8192K)] 11753K->4617K(26112K), 0.0004180 secs] [Times: user=0.01 sys=0.00, real=0.00 secs] 
235.545: Total time for which application threads were stopped: 0.0005230 seconds, Stopping threads took: 0.0000430 seconds
235.583: Application time: 0.0385390 seconds
235.583: [GC [PSYoungGen: 7648K->496K(8192K)] 11785K->4633K(26112K), 0.0004140 secs] [Times: user=0.00 sys=0.00, real=0.00 secs] 
235.584: Total time for which application threads were stopped: 0.0005320 seconds, Stopping threads took: 0.0000550 seconds
235.623: Application time: 0.0389450 seconds
235.623: [GC [PSYoungGen: 7664K->496K(8192K)] 11801K->4633K(26112K), 0.0003940 secs] [Times: user=0.00 sys=0.00, real=0.00 secs] 
235.623: Total time for which application threads were stopped: 0.0005100 seconds, Stopping threads took: 0.0000530 seconds
235.662: Application time: 0.0391880 seconds
235.662: [GC [PSYoungGen: 7664K->480K(8192K)] 11801K->4617K(26112K), 0.0004930 secs] [Times: user=0.00 sys=0.00, real=0.00 secs] 
235.663: Total time for which application threads were stopped: 0.0006190 seconds, Stopping threads took: 0.0000560 seconds
235.702: Application time: 0.0390790 seconds
235.702: [GC [PSYoungGen: 7648K->464K(8192K)] 11785K->4601K(26112K), 0.0004220 secs] [Times: user=0.00 sys=0.00, real=0.00 secs] 
235.703: Total time for which application threads were stopped: 0.0005360 seconds, Stopping threads took: 0.0000510 seconds
235.741: Application time: 0.0388270 seconds
235.741: [GC [PSYoungGen: 7632K->496K(8192K)] 11769K->4633K(26112K), 0.0004500 secs] [Times: user=0.00 sys=0.00, real=0.00 secs] 
235.742: Total time for which application threads were stopped: 0.0005600 seconds, Stopping threads took: 0.0000490 seconds
235.781: Application time: 0.0392170 seconds
235.781: [GC [PSYoungGen: 7664K->496K(8192K)] 11801K->4633K(26112K), 0.0004070 secs] [Times: user=0.00 sys=0.00, real=0.00 secs] 
235.782: Total time for which application threads were stopped: 0.0005240 seconds, Stopping threads took: 0.0000470 seconds
235.821: Application time: 0.0390220 seconds
235.821: [GC [PSYoungGen: 7664K->464K(8192K)] 11801K->4601K(26112K), 0.0004410 secs] [Times: user=0.00 sys=0.00, real=0.01 secs] 
235.821: Total time for which application threads were stopped: 0.0005700 seconds, Stopping threads took: 0.0000540 seconds
235.860: Application time: 0.0390810 seconds
235.860: [GC [PSYoungGen: 7632K->464K(8192K)] 11769K->4601K(26112K), 0.0004480 secs] [Times: user=0.00 sys=0.00, real=0.00 secs] 
235.861: Total time for which application threads were stopped: 0.0005600 seconds, Stopping threads took: 0.0000510 seconds
235.900: Application time: 0.0387730 seconds
235.900: [GC [PSYoungGen: 7632K->512K(8192K)] 11769K->4649K(26112K), 0.0004220 secs] [Times: user=0.00 sys=0.00, real=0.00 secs] 
235.900: Total time for which application threads were stopped: 0.0005330 seconds, Stopping threads took: 0.0000470 seconds
235.939: Application time: 0.0388500 seconds
235.939: [GC [PSYoungGen: 7680K->512K(8192K)] 11817K->4649K(26112K), 0.0004330 secs] [Times: user=0.00 sys=0.00, real=0.00 secs] 
235.940: Total time for which application threads were stopped: 0.0005390 seconds, Stopping threads took: 0.0000440 seconds
235.978: Application time: 0.0388300 seconds
235.979: [GC [PSYoungGen: 7680K->448K(8192K)] 11817K->4633K(26112K), 0.0004210 secs] [Times: user=0.01 sys=0.00, real=0.00 secs] 
235.979: Total time for which application threads were stopped: 0.0005280 seconds, Stopping threads took: 0.0000460 seconds
236.018: Application time: 0.0390520 seconds
236.018: [GC [PSYoungGen: 7616K->448K(8192K)] 11801K->4633K(26112K), 0.0004160 secs] [Times: user=0.00 sys=0.00, real=0.00 secs] 
236.019: Total time for which application threads were stopped: 0.0005170 seconds, Stopping threads took: 0.0000400 seconds
236.057: Application time: 0.0388130 seconds
236.057: [GC [PSYoungGen: 7616K->320K(8192K)] 11801K->4641K(26112K), 0.0004170 secs] [Times: user=0.00 sys=0.00, real=0.00 secs] 
236.058: Total time for which application threads were stopped: 0.0005300 seconds, Stopping threads took: 0.0000480 seconds
236.097: Application time: 0.0393490 seconds
236.097: [GC [PSYoungGen: 7488K->272K(8192K)] 11809K->4681K(26112K), 0.0003880 secs] [Times: user=0.01 sys=0.00, real=0.00 secs] 
236.098: Total time for which application threads were stopped: 0.0005070 seconds, Stopping threads took: 0.0000540 seconds
236.137: Application time: 0.0388760 seconds
236.137: [GC [PSYoungGen: 7440K->272K(8192K)] 11849K->4681K(26112K), 0.0003600 secs] [Times: user=0.00 sys=0.00, real=0.00 secs] 
236.137: Total time for which application threads were stopped: 0.0004760 seconds, Stopping threads took: 0.0000520 seconds
236.176: Application time: 0.0386470 seconds
236.176: [GC [PSYoungGen: 7440K->272K(8192K)] 11849K->4729K(26112K), 0.0003650 secs] [Times: user=0.00 sys=0.00, real=0.00 secs] 
236.176: Total time for which application threads were stopped: 0.0004810 seconds, Stopping threads took: 0.0000530 seconds
236.216: Application time: 0.0393120 seconds
236.216: [GC [PSYoungGen: 7440K->272K(8192K)] 11897K->4729K(26112K), 0.0004070 secs] [Times: user=0.00 sys=0.00, real=0.00 secs] 
236.216: Total time for which application threads were stopped: 0.0005200 seconds, Stopping threads took: 0.0000530 seconds
236.252: Application time: 0.0363550 seconds
236.253: [GC [PSYoungGen: 7440K->432K(8192K)] 11897K->4889K(26112K), 0.0004300 secs] [Times: user=0.00 sys=0.00, real=0.00 secs] 
236.253: Total time for which application threads were stopped: 0.0005330 seconds, Stopping threads took: 0.0000420 seconds
236.291: Application time: 0.0385180 seconds
236.292: [GC [PSYoungGen: 7600K->464K(8192K)] 12057K->4921K(26112K), 0.0004140 secs] [Times: user=0.00 sys=0.00, real=0.00 secs] 
236.292: Total time for which application threads were stopped: 0.0005300 seconds, Stopping threads took: 0.0000540 seconds
236.331: Application time: 0.0391750 seconds
236.331: [GC [PSYoungGen: 7632K->480K(8192K)] 12089K->4937K(26112K), 0.0004170 secs] [Times: user=0.00 sys=0.00, real=0.00 secs] 
236.332: Total time for which application threads were stopped: 0.0005400 seconds, Stopping threads took: 0.0000480 seconds
236.370: Application time: 0.0386080 seconds
236.370: [GC [PSYoungGen: 7648K->496K(8192K)] 12105K->4953K(26112K), 0.0004600 secs] [Times: user=0.01 sys=0.00, real=0.00 secs] 
236.371: Total time for which application threads were stopped: 0.0005710 seconds, Stopping threads took: 0.0000470 seconds
236.410: Application time: 0.0392450 seconds
236.410: [GC [PSYoungGen: 7664K->512K(8192K)] 12121K->4969K(26112K), 0.0004790 secs] [Times: user=0.00 sys=0.00, real=0.00 secs] 
236.411: Total time for which application threads were stopped: 0.0005920 seconds, Stopping threads took: 0.0000490 seconds
236.450: Application time: 0.0391410 seconds
236.450: [GC [PSYoungGen: 7680K->512K(8192K)] 12137K->4969K(26112K), 0.0004190 secs] [Times: user=0.01 sys=0.00, real=0.00 secs] 
236.450: Total time for which application threads were stopped: 0.0005330 seconds, Stopping threads took: 0.0000530 seconds
236.489: Application time: 0.0388710 seconds
236.489: [GC [PSYoungGen: 7680K->448K(8192K)] 12137K->4905K(26112K), 0.0004350 secs] [Times: user=0.00 sys=0.00, real=0.00 secs] 
236.490: Total time for which application threads were stopped: 0.0005520 seconds, Stopping threads took: 0.0000530 seconds
236.529: Application time: 0.0389860 seconds
236.529: [GC [PSYoungGen: 7616K->448K(8192K)] 12073K->4905K(26112K), 0.0004150 secs] [Times: user=0.00 sys=0.00, real=0.01 secs] 
236.529: Total time for which application threads were stopped: 0.0005220 seconds, Stopping threads took: 0.0000450 seconds
236.568: Application time: 0.0389090 seconds
236.568: [GC [PSYoungGen: 7616K->496K(8192K)] 12073K->4953K(26112K), 0.0004180 secs] [Times: user=0.00 sys=0.00, real=0.00 secs] 
236.569: Total time for which application threads were stopped: 0.0005280 seconds, Stopping threads took: 0.0000460 seconds
236.608: Application time: 0.0394010 seconds
236.608: [GC [PSYoungGen: 7664K->512K(8192K)] 12121K->4969K(26112K), 0.0004240 secs] [Times: user=0.00 sys=0.00, real=0.00 secs] 
236.609: Total time for which application threads were stopped: 0.0005510 seconds, Stopping threads took: 0.0000650 seconds
236.648: Application time: 0.0387480 seconds
236.648: [GC [PSYoungGen: 7680K->512K(8192K)] 12137K->4969K(26112K), 0.0004920 secs] [Times: user=0.00 sys=0.00, real=0.00 secs] 
236.648: Total time for which application threads were stopped: 0.0006120 seconds, Stopping threads took: 0.0000500 seconds
236.687: Application time: 0.0387950 seconds
236.687: [GC [PSYoungGen: 7680K->496K(8192K)] 12137K->4953K(26112K), 0.0004270 secs] [Times: user=0.01 sys=0.00, real=0.00 secs] 
236.687: Total time for which application threads were stopped: 0.0005330 seconds, Stopping threads took: 0.0000400 seconds
236.726: Application time: 0.0388980 seconds
236.726: [GC [PSYoungGen: 7664K->464K(8192K)] 12121K->4921K(26112K), 0.0004430 secs] [Times: user=0.00 sys=0.00, real=0.00 secs] 
236.727: Total time for which application threads were stopped: 0.0005450 seconds, Stopping threads took: 0.0000390 seconds
236.766: Application time: 0.0390660 seconds
236.766: [GC [PSYoungGen: 7632K->464K(8192K)] 12089K->4969K(26112K), 0.0004470 secs] [Times: user=0.00 sys=0.00, real=0.00 secs] 
236.767: Total time for which application threads were stopped: 0.0005650 seconds, Stopping threads took: 0.0000520 seconds
236.805: Application time: 0.0388830 seconds
236.805: [GC [PSYoungGen: 7632K->448K(8192K)] 12137K->4953K(26112K), 0.0004620 secs] [Times: user=0.01 sys=0.00, real=0.00 secs] 
236.806: Total time for which application threads were stopped: 0.0005650 seconds, Stopping threads took: 0.0000410 seconds
236.845: Application time: 0.0389310 seconds
236.845: [GC [PSYoungGen: 7616K->336K(8192K)] 12121K->5013K(26112K), 0.0004800 secs] [Times: user=0.00 sys=0.00, real=0.00 secs] 
236.846: Total time for which application threads were stopped: 0.0006260 seconds, Stopping threads took: 0.0000720 seconds
236.885: Application time: 0.0391520 seconds
236.885: [GC [PSYoungGen: 7504K->272K(8192K)] 12181K->5005K(26112K), 0.0003970 secs] [Times: user=0.00 sys=0.01, real=0.00 secs] 
236.885: Total time for which application threads were stopped: 0.0005120 seconds, Stopping threads took: 0.0000530 seconds
236.924: Application time: 0.0391800 seconds
236.924: [GC [PSYoungGen: 7440K->256K(8192K)] 12173K->4989K(26112K), 0.0004410 secs] [Times: user=0.00 sys=0.00, real=0.00 secs] 
236.925: Total time for which application threads were stopped: 0.0005550 seconds, Stopping threads took: 0.0000540 seconds
236.963: Application time: 0.0384650 seconds
236.963: [GC [PSYoungGen: 7424K->256K(8192K)] 12157K->5045K(26112K), 0.0004080 secs] [Times: user=0.00 sys=0.00, real=0.00 secs] 
236.964: Total time for which application threads were stopped: 0.0005220 seconds, Stopping threads took: 0.0000500 seconds
237.002: Application time: 0.0384920 seconds
237.003: [GC [PSYoungGen: 7424K->288K(8192K)] 12213K->5077K(26112K), 0.0003730 secs] [Times: user=0.01 sys=0.00, real=0.00 secs] 
237.003: Total time for which application threads were stopped: 0.0004840 seconds, Stopping threads took: 0.0000470 seconds
237.040: Application time: 0.0369410 seconds
237.040: [GC [PSYoungGen: 7456K->432K(8192K)] 12245K->5221K(26112K), 0.0004170 secs] [Times: user=0.00 sys=0.00, real=0.00 secs] 
237.040: Total time for which application threads were stopped: 0.0005390 seconds, Stopping threads took: 0.0000580 seconds
237.079: Application time: 0.0386080 seconds
237.079: [GC [PSYoungGen: 7600K->480K(8192K)] 12389K->5269K(26112K), 0.0004300 secs] [Times: user=0.00 sys=0.00, real=0.00 secs] 
237.080: Total time for which application threads were stopped: 0.0005290 seconds, Stopping threads took: 0.0000370 seconds
237.118: Application time: 0.0387160 seconds
237.118: [GC [PSYoungGen: 7648K->528K(8192K)] 12437K->5317K(26112K), 0.0004260 secs] [Times: user=0.00 sys=0.00, real=0.00 secs] 
237.119: Total time for which application threads were stopped: 0.0005320 seconds, Stopping threads took: 0.0000450 seconds
237.158: Application time: 0.0389590 seconds
237.158: [GC [PSYoungGen: 7696K->512K(8192K)] 12485K->5301K(26112K), 0.0004810 secs] [Times: user=0.00 sys=0.00, real=0.00 secs] 
237.158: Total time for which application threads were stopped: 0.0005870 seconds, Stopping threads took: 0.0000430 seconds
237.197: Application time: 0.0391640 seconds
237.198: [GC [PSYoungGen: 7680K->512K(8192K)] 12469K->5301K(26112K), 0.0004190 secs] [Times: user=0.00 sys=0.00, real=0.00 secs] 
237.198: Total time for which application threads were stopped: 0.0005320 seconds, Stopping threads took: 0.0000500 seconds
237.237: Application time: 0.0389550 seconds
237.237: [GC [PSYoungGen: 7680K->496K(8192K)] 12469K->5285K(26112K), 0.0004250 secs] [Times: user=0.00 sys=0.00, real=0.00 secs] 
237.238: Total time for which application threads were stopped: 0.0005330 seconds, Stopping threads took: 0.0000480 seconds
237.277: Application time: 0.0391600 seconds
237.277: [GC [PSYoungGen: 7664K->512K(8192K)] 12453K->5301K(26112K), 0.0004260 secs] [Times: user=0.01 sys=0.00, real=0.00 secs] 
237.277: Total time for which application threads were stopped: 0.0005420 seconds, Stopping threads took: 0.0000540 seconds
237.316: Application time: 0.0388530 seconds
237.316: [GC [PSYoungGen: 7680K->464K(8192K)] 12469K->5253K(26112K), 0.0004250 secs] [Times: user=0.00 sys=0.00, real=0.00 secs] 
237.317: Total time for which application threads were stopped: 0.0005340 seconds, Stopping threads took: 0.0000470 seconds
237.355: Application time: 0.0388720 seconds
237.356: [GC [PSYoungGen: 7632K->496K(8192K)] 12421K->5285K(26112K), 0.0004120 secs] [Times: user=0.00 sys=0.00, real=0.00 secs] 
237.356: Total time for which application threads were stopped: 0.0005370 seconds, Stopping threads took: 0.0000550 seconds
237.395: Application time: 0.0388590 seconds
237.395: [GC [PSYoungGen: 7664K->528K(8192K)] 12453K->5317K(26112K), 0.0004160 secs] [Times: user=0.00 sys=0.00, real=0.00 secs] 
237.395: Total time for which application threads were stopped: 0.0005410 seconds, Stopping threads took: 0.0000540 seconds
237.434: Application time: 0.0384850 seconds
237.434: [GC [PSYoungGen: 7696K->560K(8192K)] 12485K->5349K(26112K), 0.0004190 secs] [Times: user=0.00 sys=0.00, real=0.00 secs] 
237.434: Total time for which application threads were stopped: 0.0005330 seconds, Stopping threads took: 0.0000510 seconds
237.473: Application time: 0.0390000 seconds
237.474: [GC [PSYoungGen: 7728K->496K(8192K)] 12517K->5285K(26112K), 0.0004420 secs] [Times: user=0.00 sys=0.00, real=0.00 secs] 
237.474: Total time for which application threads were stopped: 0.0005480 seconds, Stopping threads took: 0.0000460 seconds
237.513: Application time: 0.0388480 seconds
237.513: [GC [PSYoungGen: 7664K->480K(8192K)] 12453K->5269K(26112K), 0.0004300 secs] [Times: user=0.00 sys=0.00, real=0.00 secs] 
237.513: Total time for which application threads were stopped: 0.0005390 seconds, Stopping threads took: 0.0000470 seconds
237.552: Application time: 0.0389130 seconds
237.552: [GC [PSYoungGen: 7648K->480K(8192K)] 12437K->5325K(26112K), 0.0004300 secs] [Times: user=0.00 sys=0.00, real=0.00 secs] 
237.553: Total time for which application threads were stopped: 0.0005320 seconds, Stopping threads took: 0.0000390 seconds
237.592: Application time: 0.0390820 seconds
237.592: [GC [PSYoungGen: 7648K->400K(8192K)] 12493K->5293K(26112K), 0.0004130 secs] [Times: user=0.00 sys=0.00, real=0.00 secs] 
237.592: Total time for which application threads were stopped: 0.0005280 seconds, Stopping threads took: 0.0000520 seconds
237.631: Application time: 0.0389280 seconds
237.631: [GC [PSYoungGen: 7568K->304K(8192K)] 12461K->5353K(26112K), 0.0004070 secs] [Times: user=0.01 sys=0.00, real=0.00 secs] 
237.632: Total time for which application threads were stopped: 0.0005110 seconds, Stopping threads took: 0.0000410 seconds
237.671: Application time: 0.0394990 seconds
237.671: [GC [PSYoungGen: 7472K->240K(8192K)] 12521K->5337K(26112K), 0.0004310 secs] [Times: user=0.00 sys=0.00, real=0.00 secs] 
237.672: Total time for which application threads were stopped: 0.0005550 seconds, Stopping threads took: 0.0000570 seconds
237.711: Application time: 0.0389880 seconds
237.711: [GC [PSYoungGen: 7408K->256K(8192K)] 12505K->5393K(26112K), 0.0003920 secs] [Times: user=0.00 sys=0.00, real=0.00 secs] 
237.711: Total time for which application threads were stopped: 0.0005070 seconds, Stopping threads took: 0.0000510 seconds
237.750: Application time: 0.0382240 seconds
237.750: [GC [PSYoungGen: 7424K->256K(8192K)] 12561K->5393K(26112K), 0.0004310 secs] [Times: user=0.00 sys=0.00, real=0.00 secs] 
237.750: Total time for which application threads were stopped: 0.0005510 seconds, Stopping threads took: 0.0000550 seconds
237.788: Application time: 0.0373160 seconds
237.788: [GC [PSYoungGen: 7419K->336K(8192K)] 12557K->5473K(26112K), 0.0003870 secs] [Times: user=0.00 sys=0.00, real=0.00 secs] 
237.788: Total time for which application threads were stopped: 0.0005030 seconds, Stopping threads took: 0.0000540 seconds
237.826: Application time: 0.0380530 seconds
237.826: [GC [PSYoungGen: 7504K->448K(8192K)] 12641K->5585K(26112K), 0.0004120 secs] [Times: user=0.01 sys=0.00, real=0.00 secs] 
237.827: Total time for which application threads were stopped: 0.0005270 seconds, Stopping threads took: 0.0000520 seconds
237.866: Application time: 0.0388820 seconds
237.866: [GC [PSYoungGen: 7616K->448K(8192K)] 12753K->5585K(26112K), 0.0004510 secs] [Times: user=0.00 sys=0.00, real=0.00 secs] 
237.866: Total time for which application threads were stopped: 0.0005610 seconds, Stopping threads took: 0.0000390 seconds
237.905: Application time: 0.0386830 seconds
237.905: [GC [PSYoungGen: 7616K->512K(8192K)] 12753K->5649K(26112K), 0.0004340 secs] [Times: user=0.00 sys=0.00, real=0.00 secs] 
237.905: Total time for which application threads were stopped: 0.0005410 seconds, Stopping threads took: 0.0000460 seconds
237.944: Application time: 0.0390650 seconds
237.944: [GC [PSYoungGen: 7680K->496K(8192K)] 12817K->5633K(26112K), 0.0004300 secs] [Times: user=0.00 sys=0.00, real=0.00 secs] 
237.945: Total time for which application threads were stopped: 0.0005310 seconds, Stopping threads took: 0.0000430 seconds
237.984: Application time: 0.0388820 seconds
237.984: [GC [PSYoungGen: 7664K->496K(8192K)] 12801K->5633K(26112K), 0.0004520 secs] [Times: user=0.00 sys=0.00, real=0.00 secs] 
237.984: Total time for which application threads were stopped: 0.0005620 seconds, Stopping threads took: 0.0000500 seconds
238.024: Application time: 0.0391740 seconds
238.024: [GC [PSYoungGen: 7664K->512K(8192K)] 12801K->5649K(26112K), 0.0004200 secs] [Times: user=0.00 sys=0.00, real=0.00 secs] 
238.024: Total time for which application threads were stopped: 0.0005260 seconds, Stopping threads took: 0.0000470 seconds
238.063: Application time: 0.0389870 seconds
238.063: [GC [PSYoungGen: 7680K->480K(8192K)] 12817K->5617K(26112K), 0.0004220 secs] [Times: user=0.00 sys=0.00, real=0.00 secs] 
238.064: Total time for which application threads were stopped: 0.0005290 seconds, Stopping threads took: 0.0000440 seconds
238.103: Application time: 0.0389550 seconds
238.103: [GC [PSYoungGen: 7648K->512K(8192K)] 12785K->5649K(26112K), 0.0004540 secs] [Times: user=0.00 sys=0.00, real=0.00 secs] 
238.103: Total time for which application threads were stopped: 0.0005700 seconds, Stopping threads took: 0.0000560 seconds
238.142: Application time: 0.0389320 seconds
238.142: [GC [PSYoungGen: 7680K->496K(8192K)] 12817K->5633K(26112K), 0.0004130 secs] [Times: user=0.00 sys=0.00, real=0.00 secs] 
238.143: Total time for which application threads were stopped: 0.0005170 seconds, Stopping threads took: 0.0000430 seconds
238.182: Application time: 0.0391990 seconds
238.182: [GC [PSYoungGen: 7664K->496K(8192K)] 12801K->5633K(26112K), 0.0004330 secs] [Times: user=0.00 sys=0.00, real=0.00 secs] 
238.182: Total time for which application threads were stopped: 0.0005310 seconds, Stopping threads took: 0.0000410 seconds
238.221: Application time: 0.0390410 seconds
238.221: [GC [PSYoungGen: 7664K->512K(8192K)] 12801K->5649K(26112K), 0.0004380 secs] [Times: user=0.00 sys=0.00, real=0.00 secs] 
238.222: Total time for which application threads were stopped: 0.0005620 seconds, Stopping threads took: 0.0000640 seconds
238.261: Application time: 0.0393400 seconds
238.261: [GC [PSYoungGen: 7680K->496K(8192K)] 12817K->5633K(26112K), 0.0004450 secs] [Times: user=0.00 sys=0.00, real=0.00 secs] 
238.262: Total time for which application threads were stopped: 0.0005550 seconds, Stopping threads took: 0.0000480 seconds
238.301: Application time: 0.0388240 seconds
238.301: [GC [PSYoungGen: 7664K->448K(8192K)] 12801K->5585K(26112K), 0.0004240 secs] [Times: user=0.00 sys=0.00, real=0.01 secs] 
238.301: Total time for which application threads were stopped: 0.0005330 seconds, Stopping threads took: 0.0000480 seconds
238.340: Application time: 0.0388520 seconds
238.340: [GC [PSYoungGen: 7616K->528K(8192K)] 12753K->5729K(26112K), 0.0004190 secs] [Times: user=0.00 sys=0.00, real=0.00 secs] 
238.341: Total time for which application threads were stopped: 0.0005340 seconds, Stopping threads took: 0.0000550 seconds
238.379: Application time: 0.0389690 seconds
238.380: [GC [PSYoungGen: 7696K->336K(8192K)] 12897K->5682K(26112K), 0.0004710 secs] [Times: user=0.01 sys=0.00, real=0.00 secs] 
238.380: Total time for which application threads were stopped: 0.0006080 seconds, Stopping threads took: 0.0000640 seconds
238.419: Application time: 0.0388800 seconds
238.419: [GC [PSYoungGen: 7504K->256K(8192K)] 12850K->5698K(26112K), 0.0004350 secs] [Times: user=0.00 sys=0.00, real=0.00 secs] 
238.420: Total time for which application threads were stopped: 0.0005380 seconds, Stopping threads took: 0.0000440 seconds
238.459: Application time: 0.0393450 seconds
238.459: [GC [PSYoungGen: 7424K->272K(8192K)] 12866K->5714K(26112K), 0.0003560 secs] [Times: user=0.00 sys=0.00, real=0.00 secs] 
238.459: Total time for which application threads were stopped: 0.0004540 seconds, Stopping threads took: 0.0000400 seconds
238.498: Application time: 0.0383180 seconds
238.498: [GC [PSYoungGen: 7440K->272K(8192K)] 12882K->5762K(26112K), 0.0003760 secs] [Times: user=0.00 sys=0.00, real=0.00 secs] 
238.498: Total time for which application threads were stopped: 0.0004830 seconds, Stopping threads took: 0.0000460 seconds
238.537: Application time: 0.0389770 seconds
238.537: [GC [PSYoungGen: 7440K->224K(8192K)] 12930K->5714K(26112K), 0.0004290 secs] [Times: user=0.01 sys=0.00, real=0.00 secs] 
238.538: Total time for which application threads were stopped: 0.0005430 seconds, Stopping threads took: 0.0000510 seconds
238.575: Application time: 0.0369950 seconds
238.575: [GC [PSYoungGen: 7392K->368K(8192K)] 12882K->5858K(26112K), 0.0003960 secs] [Times: user=0.00 sys=0.00, real=0.00 secs] 
238.575: Total time for which application threads were stopped: 0.0004980 seconds, Stopping threads took: 0.0000420 seconds
238.613: Application time: 0.0377790 seconds
238.613: [GC [PSYoungGen: 7536K->448K(8192K)] 13026K->5938K(26112K), 0.0003890 secs] [Times: user=0.00 sys=0.00, real=0.00 secs] 
238.613: Total time for which application threads were stopped: 0.0004910 seconds, Stopping threads took: 0.0000390 seconds
238.653: Application time: 0.0393190 seconds
238.653: [GC [PSYoungGen: 7616K->432K(8192K)] 13106K->5922K(26112K), 0.0004800 secs] [Times: user=0.00 sys=0.00, real=0.00 secs] 
238.653: Total time for which application threads were stopped: 0.0006200 seconds, Stopping threads took: 0.0000660 seconds
238.692: Application time: 0.0384820 seconds
238.692: [GC [PSYoungGen: 7600K->528K(8192K)] 13090K->6018K(26112K), 0.0004860 secs] [Times: user=0.00 sys=0.00, real=0.00 secs] 
238.694: Total time for which application threads were stopped: 0.0016860 seconds, Stopping threads took: 0.0000730 seconds
238.733: Application time: 0.0391480 seconds
238.733: [GC [PSYoungGen: 7696K->496K(8192K)] 13186K->5986K(26112K), 0.0004880 secs] [Times: user=0.00 sys=0.00, real=0.00 secs] 
238.733: Total time for which application threads were stopped: 0.0006040 seconds, Stopping threads took: 0.0000510 seconds
238.772: Application time: 0.0391810 seconds
238.773: [GC [PSYoungGen: 7664K->512K(8192K)] 13154K->6002K(26112K), 0.0004060 secs] [Times: user=0.00 sys=0.00, real=0.00 secs] 
238.773: Total time for which application threads were stopped: 0.0005280 seconds, Stopping threads took: 0.0000550 seconds
238.812: Application time: 0.0390230 seconds
238.812: [GC [PSYoungGen: 7680K->496K(8192K)] 13170K->5986K(26112K), 0.0004190 secs] [Times: user=0.00 sys=0.00, real=0.00 secs] 
238.813: Total time for which application threads were stopped: 0.0005240 seconds, Stopping threads took: 0.0000440 seconds
238.851: Application time: 0.0389520 seconds
238.852: [GC [PSYoungGen: 7664K->496K(8192K)] 13154K->5986K(26112K), 0.0005100 secs] [Times: user=0.00 sys=0.00, real=0.00 secs] 
238.852: Total time for which application threads were stopped: 0.0006170 seconds, Stopping threads took: 0.0000460 seconds
238.891: Application time: 0.0388850 seconds
238.891: [GC [PSYoungGen: 7664K->512K(8192K)] 13154K->6002K(26112K), 0.0004140 secs] [Times: user=0.00 sys=0.00, real=0.00 secs] 
238.892: Total time for which application threads were stopped: 0.0005340 seconds, Stopping threads took: 0.0000500 seconds
238.930: Application time: 0.0389350 seconds
238.931: [GC [PSYoungGen: 7680K->496K(8192K)] 13170K->5986K(26112K), 0.0004220 secs] [Times: user=0.01 sys=0.00, real=0.00 secs] 
238.931: Total time for which application threads were stopped: 0.0005310 seconds, Stopping threads took: 0.0000450 seconds
238.970: Application time: 0.0386930 seconds
238.970: [GC [PSYoungGen: 7664K->528K(8192K)] 13154K->6018K(26112K), 0.0004620 secs] [Times: user=0.01 sys=0.00, real=0.00 secs] 
238.970: Total time for which application threads were stopped: 0.0005750 seconds, Stopping threads took: 0.0000520 seconds
239.009: Application time: 0.0388190 seconds
239.009: [GC [PSYoungGen: 7696K->512K(8192K)] 13186K->6002K(26112K), 0.0004830 secs] [Times: user=0.00 sys=0.00, real=0.00 secs] 
239.010: Total time for which application threads were stopped: 0.0005940 seconds, Stopping threads took: 0.0000380 seconds
239.049: Application time: 0.0388580 seconds
239.049: [GC [PSYoungGen: 7680K->496K(8192K)] 13170K->5986K(26112K), 0.0004200 secs] [Times: user=0.00 sys=0.00, real=0.01 secs] 
239.049: Total time for which application threads were stopped: 0.0005290 seconds, Stopping threads took: 0.0000440 seconds
239.088: Application time: 0.0387580 seconds
239.088: [GC [PSYoungGen: 7664K->464K(8192K)] 13154K->6010K(26112K), 0.0004070 secs] [Times: user=0.00 sys=0.00, real=0.00 secs] 
239.088: Total time for which application threads were stopped: 0.0005190 seconds, Stopping threads took: 0.0000520 seconds
239.127: Application time: 0.0388680 seconds
239.127: [GC [PSYoungGen: 7632K->448K(8192K)] 13178K->5994K(26112K), 0.0004030 secs] [Times: user=0.01 sys=0.00, real=0.00 secs] 
239.128: Total time for which application threads were stopped: 0.0005210 seconds, Stopping threads took: 0.0000550 seconds
239.167: Application time: 0.0388390 seconds
239.167: [GC [PSYoungGen: 7616K->304K(8192K)] 13162K->5994K(26112K), 0.0004080 secs] [Times: user=0.00 sys=0.00, real=0.00 secs] 
239.167: Total time for which application threads were stopped: 0.0005230 seconds, Stopping threads took: 0.0000510 seconds
239.206: Application time: 0.0388380 seconds
239.206: [GC [PSYoungGen: 7472K->256K(8192K)] 13162K->6034K(26112K), 0.0004030 secs] [Times: user=0.00 sys=0.00, real=0.00 secs] 
239.206: Total time for which application threads were stopped: 0.0005070 seconds, Stopping threads took: 0.0000420 seconds
239.245: Application time: 0.0388420 seconds
239.245: [GC [PSYoungGen: 7424K->272K(8192K)] 13202K->6050K(26112K), 0.0003710 secs] [Times: user=0.00 sys=0.00, real=0.00 secs] 
239.246: Total time for which application threads were stopped: 0.0004810 seconds, Stopping threads took: 0.0000500 seconds
239.284: Application time: 0.0386360 seconds
239.285: [GC [PSYoungGen: 7440K->272K(8192K)] 13218K->6098K(26112K), 0.0003890 secs] [Times: user=0.00 sys=0.00, real=0.00 secs] 
239.285: Total time for which application threads were stopped: 0.0004980 seconds, Stopping threads took: 0.0000490 seconds
239.324: Application time: 0.0388980 seconds
239.324: [GC [PSYoungGen: 7440K->304K(8192K)] 13266K->6130K(26112K), 0.0003650 secs] [Times: user=0.00 sys=0.00, real=0.00 secs] 
239.324: Total time for which application threads were stopped: 0.0004760 seconds, Stopping threads took: 0.0000490 seconds
239.361: Application time: 0.0364270 seconds
239.361: [GC [PSYoungGen: 7472K->448K(8192K)] 13298K->6274K(26112K), 0.0003950 secs] [Times: user=0.00 sys=0.00, real=0.01 secs] 
239.361: Total time for which application threads were stopped: 0.0005130 seconds, Stopping threads took: 0.0000530 seconds
239.400: Application time: 0.0383610 seconds
239.400: [GC [PSYoungGen: 7616K->480K(8192K)] 13442K->6306K(26112K), 0.0004490 secs] [Times: user=0.00 sys=0.00, real=0.00 secs] 
239.400: Total time for which application threads were stopped: 0.0005640 seconds, Stopping threads took: 0.0000440 seconds
239.439: Application time: 0.0388490 seconds
239.439: [GC [PSYoungGen: 7648K->432K(8192K)] 13474K->6258K(26112K), 0.0003900 secs] [Times: user=0.00 sys=0.00, real=0.00 secs] 
239.440: Total time for which application threads were stopped: 0.0005050 seconds, Stopping threads took: 0.0000520 seconds
239.478: Application time: 0.0386840 seconds
239.478: [GC [PSYoungGen: 7600K->512K(8192K)] 13426K->6338K(26112K), 0.0004440 secs] [Times: user=0.00 sys=0.00, real=0.00 secs] 
239.479: Total time for which application threads were stopped: 0.0005570 seconds, Stopping threads took: 0.0000490 seconds
239.518: Application time: 0.0389800 seconds
239.518: [GC [PSYoungGen: 7680K->496K(8192K)] 13506K->6322K(26112K), 0.0004170 secs] [Times: user=0.00 sys=0.00, real=0.00 secs] 
239.518: Total time for which application threads were stopped: 0.0005300 seconds, Stopping threads took: 0.0000520 seconds
239.558: Application time: 0.0394100 seconds
239.558: [GC [PSYoungGen: 7664K->512K(8192K)] 13490K->6338K(26112K), 0.0004550 secs] [Times: user=0.00 sys=0.00, real=0.00 secs] 
239.558: Total time for which application threads were stopped: 0.0005650 seconds, Stopping threads took: 0.0000510 seconds
239.597: Application time: 0.0391820 seconds
239.601: [GC [PSYoungGen: 7680K->512K(8192K)] 13506K->6338K(26112K), 0.0004170 secs] [Times: user=0.00 sys=0.00, real=0.00 secs] 
239.601: Total time for which application threads were stopped: 0.0040560 seconds, Stopping threads took: 0.0035760 seconds
239.641: Application time: 0.0397040 seconds
239.641: [GC [PSYoungGen: 7680K->512K(8192K)] 13506K->6338K(26112K), 0.0004990 secs] [Times: user=0.00 sys=0.00, real=0.00 secs] 
239.642: Total time for which application threads were stopped: 0.0006250 seconds, Stopping threads took: 0.0000530 seconds
239.681: Application time: 0.0388300 seconds
239.681: [GC [PSYoungGen: 7680K->496K(8192K)] 13506K->6322K(26112K), 0.0004390 secs] [Times: user=0.00 sys=0.00, real=0.01 secs] 
239.681: Total time for which application threads were stopped: 0.0005510 seconds, Stopping threads took: 0.0000480 seconds
239.720: Application time: 0.0388280 seconds
239.720: [GC [PSYoungGen: 7664K->512K(8192K)] 13490K->6338K(26112K), 0.0004620 secs] [Times: user=0.00 sys=0.00, real=0.00 secs] 
239.721: Total time for which application threads were stopped: 0.0005710 seconds, Stopping threads took: 0.0000480 seconds
239.759: Application time: 0.0383720 seconds
239.759: [GC [PSYoungGen: 7680K->528K(8192K)] 13506K->6354K(26112K), 0.0004510 secs] [Times: user=0.00 sys=0.00, real=0.00 secs] 
239.760: Total time for which application threads were stopped: 0.0005650 seconds, Stopping threads took: 0.0000510 seconds
239.799: Application time: 0.0392300 seconds
239.799: [GC [PSYoungGen: 7696K->480K(8192K)] 13522K->6306K(26112K), 0.0004010 secs] [Times: user=0.01 sys=0.00, real=0.00 secs] 
239.799: Total time for which application threads were stopped: 0.0005070 seconds, Stopping threads took: 0.0000420 seconds
239.838: Application time: 0.0387820 seconds
239.838: [GC [PSYoungGen: 7648K->528K(8192K)] 13474K->6354K(26112K), 0.0004160 secs] [Times: user=0.00 sys=0.00, real=0.00 secs] 
239.839: Total time for which application threads were stopped: 0.0005290 seconds, Stopping threads took: 0.0000500 seconds
239.878: Application time: 0.0389040 seconds
239.878: [GC [PSYoungGen: 7696K->448K(8192K)] 13522K->6346K(26112K), 0.0004520 secs] [Times: user=0.00 sys=0.00, real=0.00 secs] 
239.878: Total time for which application threads were stopped: 0.0005620 seconds, Stopping threads took: 0.0000480 seconds
239.917: Application time: 0.0388540 seconds
239.917: [GC [PSYoungGen: 7616K->480K(8192K)] 13514K->6378K(26112K), 0.0003990 secs] [Times: user=0.00 sys=0.00, real=0.00 secs] 
239.917: Total time for which application threads were stopped: 0.0005230 seconds, Stopping threads took: 0.0000470 seconds
239.956: Application time: 0.0388240 seconds
239.956: [GC [PSYoungGen: 7648K->288K(8192K)] 13546K->6366K(26112K), 0.0004090 secs] [Times: user=0.00 sys=0.00, real=0.00 secs] 
239.957: Total time for which application threads were stopped: 0.0005320 seconds, Stopping threads took: 0.0000630 seconds
239.996: Application time: 0.0389590 seconds
239.996: [GC [PSYoungGen: 7456K->272K(8192K)] 13534K->6406K(26112K), 0.0004490 secs] [Times: user=0.00 sys=0.00, real=0.00 secs] 
239.996: Total time for which application threads were stopped: 0.0005500 seconds, Stopping threads took: 0.0000400 seconds
240.035: Application time: 0.0389630 seconds
240.035: [GC [PSYoungGen: 7440K->272K(8192K)] 13574K->6406K(26112K), 0.0003810 secs] [Times: user=0.00 sys=0.00, real=0.00 secs] 
240.036: Total time for which application threads were stopped: 0.0004880 seconds, Stopping threads took: 0.0000480 seconds
240.074: Application time: 0.0384370 seconds
240.074: [GC [PSYoungGen: 7440K->272K(8192K)] 13574K->6470K(26112K), 0.0003780 secs] [Times: user=0.00 sys=0.00, real=0.00 secs] 
240.075: Total time for which application threads were stopped: 0.0004860 seconds, Stopping threads took: 0.0000490 seconds
240.113: Application time: 0.0378870 seconds
240.113: [GC [PSYoungGen: 7440K->368K(8192K)] 13638K->6566K(26112K), 0.0004050 secs] [Times: user=0.00 sys=0.00, real=0.00 secs] 
240.113: Total time for which application threads were stopped: 0.0005210 seconds, Stopping threads took: 0.0000520 seconds
240.151: Application time: 0.0377210 seconds
240.151: [GC [PSYoungGen: 7536K->432K(8192K)] 13734K->6630K(26112K), 0.0003900 secs] [Times: user=0.00 sys=0.00, real=0.00 secs] 
240.151: Total time for which application threads were stopped: 0.0005060 seconds, Stopping threads took: 0.0000540 seconds
240.190: Application time: 0.0385270 seconds
240.190: [GC [PSYoungGen: 7600K->432K(8192K)] 13798K->6630K(26112K), 0.0004050 secs] [Times: user=0.00 sys=0.00, real=0.00 secs] 
240.190: Total time for which application threads were stopped: 0.0005170 seconds, Stopping threads took: 0.0000470 seconds
240.229: Application time: 0.0386540 seconds
240.229: [GC [PSYoungGen: 7600K->448K(8192K)] 13798K->6646K(26112K), 0.0004160 secs] [Times: user=0.00 sys=0.00, real=0.00 secs] 
240.230: Total time for which application threads were stopped: 0.0005170 seconds, Stopping threads took: 0.0000360 seconds
240.268: Application time: 0.0389120 seconds
240.269: [GC [PSYoungGen: 7616K->480K(8192K)] 13814K->6678K(26112K), 0.0004170 secs] [Times: user=0.00 sys=0.01, real=0.01 secs] 
240.269: Total time for which application threads were stopped: 0.0005310 seconds, Stopping threads took: 0.0000490 seconds
240.308: Application time: 0.0390510 seconds
240.308: [GC [PSYoungGen: 7648K->496K(8192K)] 13846K->6694K(26112K), 0.0004160 secs] [Times: user=0.00 sys=0.00, real=0.00 secs] 
240.309: Total time for which application threads were stopped: 0.0005350 seconds, Stopping threads took: 0.0000540 seconds
240.348: Application time: 0.0391760 seconds
240.348: [GC [PSYoungGen: 7664K->512K(8192K)] 13862K->6710K(26112K), 0.0004240 secs] [Times: user=0.00 sys=0.00, real=0.00 secs] 
240.348: Total time for which application threads were stopped: 0.0005410 seconds, Stopping threads took: 0.0000560 seconds
240.388: Application time: 0.0391900 seconds
240.388: [GC [PSYoungGen: 7680K->496K(8192K)] 13878K->6694K(26112K), 0.0004270 secs] [Times: user=0.00 sys=0.00, real=0.00 secs] 
240.388: Total time for which application threads were stopped: 0.0005310 seconds, Stopping threads took: 0.0000430 seconds
240.427: Application time: 0.0390350 seconds
240.427: [GC [PSYoungGen: 7664K->496K(8192K)] 13862K->6694K(26112K), 0.0004210 secs] [Times: user=0.00 sys=0.00, real=0.00 secs] 
240.428: Total time for which application threads were stopped: 0.0005440 seconds, Stopping threads took: 0.0000500 seconds
240.466: Application time: 0.0387730 seconds
240.466: [GC [PSYoungGen: 7664K->512K(8192K)] 13862K->6710K(26112K), 0.0003970 secs] [Times: user=0.00 sys=0.00, real=0.00 secs] 
240.467: Total time for which application threads were stopped: 0.0005070 seconds, Stopping threads took: 0.0000500 seconds
240.506: Application time: 0.0387170 seconds
240.506: [GC [PSYoungGen: 7680K->496K(8192K)] 13878K->6694K(26112K), 0.0004220 secs] [Times: user=0.00 sys=0.00, real=0.00 secs] 
240.506: Total time for which application threads were stopped: 0.0005290 seconds, Stopping threads took: 0.0000440 seconds
240.545: Application time: 0.0391610 seconds
240.549: [GC [PSYoungGen: 7664K->528K(8192K)] 13862K->6726K(26112K), 0.0004230 secs] [Times: user=0.01 sys=0.00, real=0.00 secs] 
240.550: Total time for which application threads were stopped: 0.0041880 seconds, Stopping threads took: 0.0037040 seconds
240.588: Application time: 0.0388580 seconds
240.588: [GC [PSYoungGen: 7696K->448K(8192K)] 13894K->6646K(26112K), 0.0004390 secs] [Times: user=0.00 sys=0.00, real=0.00 secs] 
240.589: Total time for which application threads were stopped: 0.0005590 seconds, Stopping threads took: 0.0000540 seconds
240.628: Application time: 0.0392920 seconds
240.628: [GC [PSYoungGen: 7616K->512K(8192K)] 13814K->6710K(26112K), 0.0004120 secs] [Times: user=0.01 sys=0.00, real=0.00 secs] 
240.629: Total time for which application threads were stopped: 0.0005370 seconds, Stopping threads took: 0.0000550 seconds
240.668: Application time: 0.0392100 seconds
240.668: [GC [PSYoungGen: 7680K->448K(8192K)] 13878K->6694K(26112K), 0.0004690 secs] [Times: user=0.00 sys=0.00, real=0.00 secs] 
240.669: Total time for which application threads were stopped: 0.0005960 seconds, Stopping threads took: 0.0000560 seconds
240.708: Application time: 0.0393240 seconds
240.709: [GC [PSYoungGen: 7616K->384K(8192K)] 13862K->6742K(26112K), 0.0004270 secs] [Times: user=0.00 sys=0.00, real=0.00 secs] 
240.710: Total time for which application threads were stopped: 0.0016320 seconds, Stopping threads took: 0.0011370 seconds
240.749: Application time: 0.0391430 seconds
240.749: [GC [PSYoungGen: 7552K->288K(8192K)] 13910K->6746K(26112K), 0.0004000 secs] [Times: user=0.00 sys=0.00, real=0.01 secs] 
240.749: Total time for which application threads were stopped: 0.0005050 seconds, Stopping threads took: 0.0000430 seconds
240.788: Application time: 0.0388690 seconds
240.788: [GC [PSYoungGen: 7456K->240K(8192K)] 13914K->6746K(26112K), 0.0004170 secs] [Times: user=0.00 sys=0.00, real=0.00 secs] 
240.789: Total time for which application threads were stopped: 0.0005290 seconds, Stopping threads took: 0.0000520 seconds
240.827: Application time: 0.0386590 seconds
240.827: [GC [PSYoungGen: 7408K->288K(8192K)] 13914K->6850K(26112K), 0.0003780 secs] [Times: user=0.00 sys=0.00, real=0.00 secs] 
240.828: Total time for which application threads were stopped: 0.0004920 seconds, Stopping threads took: 0.0000510 seconds
240.867: Application time: 0.0389370 seconds
240.867: [GC [PSYoungGen: 7456K->272K(8192K)] 14018K->6834K(26112K), 0.0004030 secs] [Times: user=0.00 sys=0.00, real=0.00 secs] 
240.867: Total time for which application threads were stopped: 0.0005180 seconds, Stopping threads took: 0.0000480 seconds
240.905: Application time: 0.0373840 seconds
240.905: [GC [PSYoungGen: 7440K->368K(8192K)] 14002K->6930K(26112K), 0.0003830 secs] [Times: user=0.00 sys=0.00, real=0.00 secs] 
240.905: Total time for which application threads were stopped: 0.0005020 seconds, Stopping threads took: 0.0000570 seconds
240.943: Application time: 0.0377310 seconds
240.943: [GC [PSYoungGen: 7536K->416K(8192K)] 14098K->6978K(26112K), 0.0004330 secs] [Times: user=0.01 sys=0.00, real=0.00 secs] 
240.943: Total time for which application threads were stopped: 0.0005540 seconds, Stopping threads took: 0.0000480 seconds
240.982: Application time: 0.0386700 seconds
240.982: [GC [PSYoungGen: 7584K->448K(8192K)] 14146K->7010K(26112K), 0.0004610 secs] [Times: user=0.01 sys=0.00, real=0.00 secs] 
240.983: Total time for which application threads were stopped: 0.0005650 seconds, Stopping threads took: 0.0000430 seconds
241.022: Application time: 0.0389900 seconds
241.022: [GC [PSYoungGen: 7616K->512K(8192K)] 14178K->7074K(26112K), 0.0004910 secs] [Times: user=0.00 sys=0.00, real=0.00 secs] 
241.022: Total time for which application threads were stopped: 0.0006060 seconds, Stopping threads took: 0.0000500 seconds
241.061: Application time: 0.0390140 seconds
241.061: [GC [PSYoungGen: 7680K->512K(8192K)] 14242K->7074K(26112K), 0.0004610 secs] [Times: user=0.00 sys=0.00, real=0.00 secs] 
241.062: Total time for which application threads were stopped: 0.0005730 seconds, Stopping threads took: 0.0000490 seconds
241.101: Application time: 0.0392210 seconds
241.101: [GC [PSYoungGen: 7680K->480K(8192K)] 14242K->7042K(26112K), 0.0004090 secs] [Times: user=0.00 sys=0.00, real=0.00 secs] 
241.102: Total time for which application threads were stopped: 0.0005240 seconds, Stopping threads took: 0.0000510 seconds
241.140: Application time: 0.0388270 seconds
241.140: [GC [PSYoungGen: 7648K->512K(8192K)] 14210K->7074K(26112K), 0.0004220 secs] [Times: user=0.01 sys=0.00, real=0.00 secs] 
241.141: Total time for which application threads were stopped: 0.0005330 seconds, Stopping threads took: 0.0000470 seconds
241.180: Application time: 0.0388950 seconds
241.180: [GC [PSYoungGen: 7680K->496K(8192K)] 14242K->7058K(26112K), 0.0004150 secs] [Times: user=0.00 sys=0.00, real=0.00 secs] 
241.180: Total time for which application threads were stopped: 0.0005350 seconds, Stopping threads took: 0.0000480 seconds
241.219: Application time: 0.0388550 seconds
241.219: [GC [PSYoungGen: 7664K->448K(8192K)] 14226K->7010K(26112K), 0.0004220 secs] [Times: user=0.00 sys=0.00, real=0.00 secs] 
241.220: Total time for which application threads were stopped: 0.0005340 seconds, Stopping threads took: 0.0000490 seconds
241.259: Application time: 0.0391830 seconds
241.259: [GC [PSYoungGen: 7616K->512K(8192K)] 14178K->7074K(26112K), 0.0004160 secs] [Times: user=0.01 sys=0.00, real=0.00 secs] 
241.259: Total time for which application threads were stopped: 0.0005290 seconds, Stopping threads took: 0.0000530 seconds
241.298: Application time: 0.0384850 seconds
241.298: [GC [PSYoungGen: 7680K->544K(8192K)] 14242K->7106K(26112K), 0.0004180 secs] [Times: user=0.00 sys=0.00, real=0.00 secs] 
241.298: Total time for which application threads were stopped: 0.0005330 seconds, Stopping threads took: 0.0000520 seconds
241.337: Application time: 0.0389430 seconds
241.337: [GC [PSYoungGen: 7712K->480K(8192K)] 14274K->7042K(26112K), 0.0004530 secs] [Times: user=0.01 sys=0.00, real=0.00 secs] 
241.338: Total time for which application threads were stopped: 0.0005680 seconds, Stopping threads took: 0.0000510 seconds
241.377: Application time: 0.0389940 seconds
241.377: [GC [PSYoungGen: 7648K->480K(8192K)] 14210K->7042K(26112K), 0.0004340 secs] [Times: user=0.00 sys=0.00, real=0.00 secs] 
241.378: Total time for which application threads were stopped: 0.0005500 seconds, Stopping threads took: 0.0000540 seconds
241.417: Application time: 0.0391420 seconds
241.417: [GC [PSYoungGen: 7648K->464K(8192K)] 14210K->7074K(26112K), 0.0004570 secs] [Times: user=0.00 sys=0.00, real=0.00 secs] 
241.417: Total time for which application threads were stopped: 0.0005720 seconds, Stopping threads took: 0.0000540 seconds
241.456: Application time: 0.0390630 seconds
241.456: [GC [PSYoungGen: 7632K->464K(8192K)] 14242K->7074K(26112K), 0.0004070 secs] [Times: user=0.00 sys=0.00, real=0.00 secs] 
241.457: Total time for which application threads were stopped: 0.0005240 seconds, Stopping threads took: 0.0000470 seconds
241.496: Application time: 0.0391150 seconds
241.496: [GC [PSYoungGen: 7632K->336K(8192K)] 14242K->7075K(26112K), 0.0004000 secs] [Times: user=0.00 sys=0.00, real=0.00 secs] 
241.496: Total time for which application threads were stopped: 0.0005030 seconds, Stopping threads took: 0.0000420 seconds
241.535: Application time: 0.0388630 seconds
241.535: [GC [PSYoungGen: 7503K->320K(8192K)] 14242K->7139K(26112K), 0.0003960 secs] [Times: user=0.00 sys=0.00, real=0.00 secs] 
241.536: Total time for which application threads were stopped: 0.0005140 seconds, Stopping threads took: 0.0000560 seconds
241.575: Application time: 0.0388060 seconds
241.575: [GC [PSYoungGen: 7488K->304K(8192K)] 14307K->7171K(26112K), 0.0003630 secs] [Times: user=0.01 sys=0.00, real=0.00 secs] 
241.575: Total time for which application threads were stopped: 0.0004730 seconds, Stopping threads took: 0.0000490 seconds
241.614: Application time: 0.0389390 seconds
241.614: [GC [PSYoungGen: 7472K->224K(8192K)] 14339K->7147K(26112K), 0.0004040 secs] [Times: user=0.00 sys=0.00, real=0.00 secs] 
241.615: Total time for which application threads were stopped: 0.0005220 seconds, Stopping threads took: 0.0000570 seconds
241.653: Application time: 0.0388080 seconds
241.653: [GC [PSYoungGen: 7392K->240K(8192K)] 14315K->7163K(26112K), 0.0005170 secs] [Times: user=0.00 sys=0.00, real=0.00 secs] 
241.654: Total time for which application threads were stopped: 0.0006530 seconds, Stopping threads took: 0.0000630 seconds
241.691: Application time: 0.0368110 seconds
241.691: [GC [PSYoungGen: 7408K->416K(8192K)] 14331K->7339K(26112K), 0.0004140 secs] [Times: user=0.00 sys=0.00, real=0.00 secs] 
241.691: Total time for which application threads were stopped: 0.0005280 seconds, Stopping threads took: 0.0000500 seconds
241.729: Application time: 0.0379900 seconds
241.729: [GC [PSYoungGen: 7584K->432K(8192K)] 14507K->7355K(26112K), 0.0004440 secs] [Times: user=0.00 sys=0.00, real=0.00 secs] 
241.730: Total time for which application threads were stopped: 0.0005740 seconds, Stopping threads took: 0.0000670 seconds
241.769: Application time: 0.0390090 seconds
241.769: [GC [PSYoungGen: 7600K->464K(8192K)] 14523K->7387K(26112K), 0.0004180 secs] [Times: user=0.00 sys=0.00, real=0.00 secs] 
241.769: Total time for which application threads were stopped: 0.0005340 seconds, Stopping threads took: 0.0000520 seconds
241.808: Application time: 0.0383440 seconds
241.808: [GC [PSYoungGen: 7632K->512K(8192K)] 14555K->7435K(26112K), 0.0004400 secs] [Times: user=0.00 sys=0.00, real=0.00 secs] 
241.808: Total time for which application threads were stopped: 0.0005500 seconds, Stopping threads took: 0.0000490 seconds
241.848: Application time: 0.0393080 seconds
241.848: [GC [PSYoungGen: 7680K->464K(8192K)] 14603K->7387K(26112K), 0.0004240 secs] [Times: user=0.01 sys=0.00, real=0.00 secs] 
241.848: Total time for which application threads were stopped: 0.0005390 seconds, Stopping threads took: 0.0000520 seconds
241.887: Application time: 0.0388570 seconds
241.889: [GC [PSYoungGen: 7632K->480K(8192K)] 14555K->7403K(26112K), 0.0004310 secs] [Times: user=0.00 sys=0.00, real=0.00 secs] 
241.890: Total time for which application threads were stopped: 0.0024310 seconds, Stopping threads took: 0.0019360 seconds
241.928: Application time: 0.0389700 seconds
241.929: [GC [PSYoungGen: 7648K->496K(8192K)] 14571K->7419K(26112K), 0.0004090 secs] [Times: user=0.00 sys=0.00, real=0.01 secs] 
241.929: Total time for which application threads were stopped: 0.0005430 seconds, Stopping threads took: 0.0000750 seconds
241.969: Application time: 0.0395070 seconds
241.969: [GC [PSYoungGen: 7664K->528K(8192K)] 14587K->7451K(26112K), 0.0004320 secs] [Times: user=0.00 sys=0.00, real=0.01 secs] 
241.969: Total time for which application threads were stopped: 0.0005820 seconds, Stopping threads took: 0.0000600 seconds
242.008: Application time: 0.0387460 seconds
242.008: [GC [PSYoungGen: 7696K->512K(8192K)] 14619K->7435K(26112K), 0.0004460 secs] [Times: user=0.00 sys=0.00, real=0.00 secs] 
242.008: Total time for which application threads were stopped: 0.0005620 seconds, Stopping threads took: 0.0000540 seconds
242.047: Application time: 0.0388250 seconds
242.047: [GC [PSYoungGen: 7680K->464K(8192K)] 14603K->7387K(26112K), 0.0004620 secs] [Times: user=0.00 sys=0.00, real=0.00 secs] 
242.048: Total time for which application threads were stopped: 0.0005660 seconds, Stopping threads took: 0.0000410 seconds
242.087: Application time: 0.0386820 seconds
242.087: [GC [PSYoungGen: 7632K->512K(8192K)] 14555K->7435K(26112K), 0.0004200 secs] [Times: user=0.00 sys=0.00, real=0.00 secs] 
242.087: Total time for which application threads were stopped: 0.0005300 seconds, Stopping threads took: 0.0000480 seconds
242.126: Application time: 0.0391610 seconds
242.126: [GC [PSYoungGen: 7680K->480K(8192K)] 14603K->7403K(26112K), 0.0004950 secs] [Times: user=0.00 sys=0.00, real=0.00 secs] 
242.127: Total time for which application threads were stopped: 0.0006030 seconds, Stopping threads took: 0.0000450 seconds
242.166: Application time: 0.0388660 seconds
242.166: [GC [PSYoungGen: 7648K->480K(8192K)] 14571K->7403K(26112K), 0.0005450 secs] [Times: user=0.00 sys=0.00, real=0.00 secs] 
242.166: Total time for which application threads were stopped: 0.0006600 seconds, Stopping threads took: 0.0000520 seconds
242.205: Application time: 0.0388860 seconds
242.205: [GC [PSYoungGen: 7648K->496K(8192K)] 14571K->7419K(26112K), 0.0004150 secs] [Times: user=0.00 sys=0.00, real=0.00 secs] 
242.206: Total time for which application threads were stopped: 0.0005240 seconds, Stopping threads took: 0.0000490 seconds
242.245: Application time: 0.0389080 seconds
242.245: [GC [PSYoungGen: 7664K->448K(8192K)] 14587K->7419K(26112K), 0.0004130 secs] [Times: user=0.00 sys=0.00, real=0.00 secs] 
242.245: Total time for which application threads were stopped: 0.0005330 seconds, Stopping threads took: 0.0000570 seconds
242.284: Application time: 0.0387940 seconds
242.284: [GC [PSYoungGen: 7616K->304K(8192K)] 14587K->7419K(26112K), 0.0004550 secs] [Times: user=0.01 sys=0.00, real=0.00 secs] 
242.285: Total time for which application threads were stopped: 0.0005690 seconds, Stopping threads took: 0.0000510 seconds
242.323: Application time: 0.0388580 seconds
242.324: [GC [PSYoungGen: 7472K->272K(8192K)] 14587K->7479K(26112K), 0.0003890 secs] [Times: user=0.00 sys=0.00, real=0.00 secs] 
242.324: Total time for which application threads were stopped: 0.0004980 seconds, Stopping threads took: 0.0000490 seconds
242.363: Application time: 0.0395700 seconds
242.364: [GC [PSYoungGen: 7440K->272K(8192K)] 14647K->7479K(26112K), 0.0004010 secs] [Times: user=0.00 sys=0.00, real=0.00 secs] 
242.364: Total time for which application threads were stopped: 0.0005280 seconds, Stopping threads took: 0.0000640 seconds
242.402: Application time: 0.0384340 seconds
242.403: [GC [PSYoungGen: 7440K->272K(8192K)] 14647K->7519K(26112K), 0.0003740 secs] [Times: user=0.00 sys=0.00, real=0.00 secs] 
242.403: Total time for which application threads were stopped: 0.0004890 seconds, Stopping threads took: 0.0000520 seconds
242.441: Application time: 0.0381490 seconds
242.441: [GC [PSYoungGen: 7440K->336K(8192K)] 14687K->7583K(26112K), 0.0003680 secs] [Times: user=0.01 sys=0.00, real=0.00 secs] 
242.442: Total time for which application threads were stopped: 0.0004760 seconds, Stopping threads took: 0.0000450 seconds
242.479: Application time: 0.0378410 seconds
242.480: [GC [PSYoungGen: 7504K->416K(8192K)] 14751K->7663K(26112K), 0.0003910 secs] [Times: user=0.01 sys=0.00, real=0.00 secs] 
242.480: Total time for which application threads were stopped: 0.0005120 seconds, Stopping threads took: 0.0000470 seconds
242.518: Application time: 0.0378870 seconds
242.518: [GC [PSYoungGen: 7584K->512K(8192K)] 14831K->7759K(26112K), 0.0003970 secs] [Times: user=0.00 sys=0.00, real=0.00 secs] 
242.518: Total time for which application threads were stopped: 0.0005070 seconds, Stopping threads took: 0.0000470 seconds
242.557: Application time: 0.0391520 seconds
242.558: [GC [PSYoungGen: 7680K->464K(8192K)] 14927K->7711K(26112K), 0.0004610 secs] [Times: user=0.00 sys=0.00, real=0.00 secs] 
242.558: Total time for which application threads were stopped: 0.0005770 seconds, Stopping threads took: 0.0000520 seconds
242.597: Application time: 0.0387310 seconds
242.597: [GC [PSYoungGen: 7632K->464K(8192K)] 14879K->7711K(26112K), 0.0004280 secs] [Times: user=0.00 sys=0.00, real=0.00 secs] 
242.597: Total time for which application threads were stopped: 0.0005210 seconds, Stopping threads took: 0.0000310 seconds
242.636: Application time: 0.0389490 seconds
242.636: [GC [PSYoungGen: 7632K->480K(8192K)] 14879K->7727K(26112K), 0.0004520 secs] [Times: user=0.00 sys=0.00, real=0.00 secs] 
242.637: Total time for which application threads were stopped: 0.0005790 seconds, Stopping threads took: 0.0000620 seconds
242.676: Application time: 0.0394250 seconds
242.676: [GC [PSYoungGen: 7648K->480K(8192K)] 14895K->7727K(26112K), 0.0004820 secs] [Times: user=0.00 sys=0.00, real=0.00 secs] 
242.677: Total time for which application threads were stopped: 0.0006240 seconds, Stopping threads took: 0.0000720 seconds
242.716: Application time: 0.0389120 seconds
242.717: [GC [PSYoungGen: 7648K->496K(8192K)] 14895K->7743K(26112K), 0.0004370 secs] [Times: user=0.00 sys=0.00, real=0.00 secs] 
242.718: Total time for which application threads were stopped: 0.0017210 seconds, Stopping threads took: 0.0012190 seconds
242.756: Application time: 0.0388750 seconds
242.756: [GC [PSYoungGen: 7664K->512K(8192K)] 14911K->7759K(26112K), 0.0004390 secs] [Times: user=0.00 sys=0.00, real=0.00 secs] 
242.757: Total time for which application threads were stopped: 0.0005550 seconds, Stopping threads took: 0.0000510 seconds
242.796: Application time: 0.0390420 seconds
242.796: [GC [PSYoungGen: 7680K->496K(8192K)] 14927K->7743K(26112K), 0.0004140 secs] [Times: user=0.00 sys=0.00, real=0.00 secs] 
242.797: Total time for which application threads were stopped: 0.0005330 seconds, Stopping threads took: 0.0000500 seconds
242.835: Application time: 0.0387750 seconds
242.835: [GC [PSYoungGen: 7664K->512K(8192K)] 14911K->7759K(26112K), 0.0004080 secs] [Times: user=0.00 sys=0.00, real=0.00 secs] 
242.836: Total time for which application threads were stopped: 0.0005130 seconds, Stopping threads took: 0.0000400 seconds
242.875: Application time: 0.0387550 seconds
242.875: [GC [PSYoungGen: 7680K->480K(8192K)] 14927K->7727K(26112K), 0.0004160 secs] [Times: user=0.01 sys=0.00, real=0.00 secs] 
242.875: Total time for which application threads were stopped: 0.0005240 seconds, Stopping threads took: 0.0000460 seconds
242.914: Application time: 0.0388260 seconds
242.914: [GC [PSYoungGen: 7648K->496K(8192K)] 14895K->7743K(26112K), 0.0004550 secs] [Times: user=0.00 sys=0.00, real=0.00 secs] 
242.915: Total time for which application threads were stopped: 0.0005660 seconds, Stopping threads took: 0.0000490 seconds
242.954: Application time: 0.0391530 seconds
242.954: [GC [PSYoungGen: 7664K->512K(8192K)] 14911K->7759K(26112K), 0.0004880 secs] [Times: user=0.00 sys=0.00, real=0.00 secs] 
242.954: Total time for which application threads were stopped: 0.0006060 seconds, Stopping threads took: 0.0000550 seconds
242.993: Application time: 0.0386990 seconds
242.993: [GC [PSYoungGen: 7680K->464K(8192K)] 14927K->7759K(26112K), 0.0004160 secs] [Times: user=0.01 sys=0.00, real=0.00 secs] 
242.994: Total time for which application threads were stopped: 0.0005430 seconds, Stopping threads took: 0.0000550 seconds
243.032: Application time: 0.0389530 seconds
243.033: [GC [PSYoungGen: 7632K->400K(8192K)] 14927K->7783K(26112K), 0.0004110 secs] [Times: user=0.00 sys=0.00, real=0.00 secs] 
243.033: Total time for which application threads were stopped: 0.0005350 seconds, Stopping threads took: 0.0000560 seconds
243.072: Application time: 0.0388710 seconds
243.072: [GC [PSYoungGen: 7568K->320K(8192K)] 14951K->7791K(26112K), 0.0004020 secs] [Times: user=0.00 sys=0.00, real=0.00 secs] 
243.072: Total time for which application threads were stopped: 0.0005220 seconds, Stopping threads took: 0.0000580 seconds
243.111: Application time: 0.0388410 seconds
243.111: [GC [PSYoungGen: 7488K->272K(8192K)] 14959K->7831K(26112K), 0.0003950 secs] [Times: user=0.00 sys=0.00, real=0.00 secs] 
243.112: Total time for which application threads were stopped: 0.0004990 seconds, Stopping threads took: 0.0000400 seconds
243.151: Application time: 0.0390900 seconds
243.151: [GC [PSYoungGen: 7440K->272K(8192K)] 14999K->7831K(26112K), 0.0003730 secs] [Times: user=0.00 sys=0.00, real=0.00 secs] 
243.151: Total time for which application threads were stopped: 0.0004820 seconds, Stopping threads took: 0.0000480 seconds
243.190: Application time: 0.0386550 seconds
243.190: [GC [PSYoungGen: 7440K->256K(8192K)] 14999K->7871K(26112K), 0.0004130 secs] [Times: user=0.00 sys=0.00, real=0.00 secs] 
243.191: Total time for which application threads were stopped: 0.0005360 seconds, Stopping threads took: 0.0000600 seconds
243.229: Application time: 0.0382700 seconds
243.229: [GC [PSYoungGen: 7424K->320K(8192K)] 15039K->7935K(26112K), 0.0003870 secs] [Times: user=0.00 sys=0.00, real=0.01 secs] 
243.229: Total time for which application threads were stopped: 0.0005010 seconds, Stopping threads took: 0.0000490 seconds
243.267: Application time: 0.0379140 seconds
243.267: [GC [PSYoungGen: 7488K->368K(8192K)] 15103K->7983K(26112K), 0.0003820 secs] [Times: user=0.00 sys=0.00, real=0.00 secs] 
243.268: Total time for which application threads were stopped: 0.0004960 seconds, Stopping threads took: 0.0000530 seconds
243.306: Application time: 0.0381170 seconds
243.306: [GC [PSYoungGen: 7536K->496K(8192K)] 15151K->8111K(26112K), 0.0004110 secs] [Times: user=0.00 sys=0.00, real=0.00 secs] 
243.306: Total time for which application threads were stopped: 0.0005180 seconds, Stopping threads took: 0.0000460 seconds
243.346: Application time: 0.0393460 seconds
243.346: [GC [PSYoungGen: 7664K->448K(8192K)] 15279K->8063K(26112K), 0.0004260 secs] [Times: user=0.00 sys=0.00, real=0.00 secs] 
243.346: Total time for which application threads were stopped: 0.0005420 seconds, Stopping threads took: 0.0000530 seconds
243.385: Application time: 0.0383460 seconds
243.385: [GC [PSYoungGen: 7616K->512K(8192K)] 15231K->8127K(26112K), 0.0004610 secs] [Times: user=0.00 sys=0.00, real=0.00 secs] 
243.385: Total time for which application threads were stopped: 0.0005720 seconds, Stopping threads took: 0.0000460 seconds
243.424: Application time: 0.0391850 seconds
243.424: [GC [PSYoungGen: 7680K->480K(8192K)] 15295K->8095K(26112K), 0.0004650 secs] [Times: user=0.00 sys=0.00, real=0.00 secs] 
243.425: Total time for which application threads were stopped: 0.0005740 seconds, Stopping threads took: 0.0000440 seconds
243.464: Application time: 0.0388270 seconds
243.464: [GC [PSYoungGen: 7648K->480K(8192K)] 15263K->8095K(26112K), 0.0004090 secs] [Times: user=0.00 sys=0.00, real=0.00 secs] 
243.464: Total time for which application threads were stopped: 0.0005120 seconds, Stopping threads took: 0.0000400 seconds
243.503: Application time: 0.0388280 seconds
243.503: [GC [PSYoungGen: 7648K->512K(8192K)] 15263K->8127K(26112K), 0.0004070 secs] [Times: user=0.01 sys=0.00, real=0.00 secs] 
243.504: Total time for which application threads were stopped: 0.0005210 seconds, Stopping threads took: 0.0000430 seconds
243.542: Application time: 0.0388750 seconds
243.543: [GC [PSYoungGen: 7680K->480K(8192K)] 15295K->8095K(26112K), 0.0004710 secs] [Times: user=0.00 sys=0.00, real=0.00 secs] 
243.543: Total time for which application threads were stopped: 0.0005820 seconds, Stopping threads took: 0.0000480 seconds
243.582: Application time: 0.0388380 seconds
243.582: [GC [PSYoungGen: 7648K->496K(8192K)] 15263K->8111K(26112K), 0.0004220 secs] [Times: user=0.00 sys=0.00, real=0.00 secs] 
243.582: Total time for which application threads were stopped: 0.0005270 seconds, Stopping threads took: 0.0000460 seconds
243.621: Application time: 0.0387600 seconds
243.621: [GC [PSYoungGen: 7664K->480K(8192K)] 15279K->8095K(26112K), 0.0004140 secs] [Times: user=0.00 sys=0.00, real=0.00 secs] 
243.622: Total time for which application threads were stopped: 0.0005300 seconds, Stopping threads took: 0.0000540 seconds
243.661: Application time: 0.0389970 seconds
243.661: [GC [PSYoungGen: 7648K->560K(8192K)] 15263K->8175K(26112K), 0.0005280 secs] [Times: user=0.00 sys=0.00, real=0.01 secs] 
243.661: Total time for which application threads were stopped: 0.0006570 seconds, Stopping threads took: 0.0000570 seconds
243.700: Application time: 0.0391000 seconds
243.701: [GC [PSYoungGen: 7728K->496K(8192K)] 15343K->8111K(26112K), 0.0004490 secs] [Times: user=0.00 sys=0.00, real=0.01 secs] 
243.702: Total time for which application threads were stopped: 0.0016270 seconds, Stopping threads took: 0.0000520 seconds
243.741: Application time: 0.0389330 seconds
243.741: [GC [PSYoungGen: 7664K->512K(8192K)] 15279K->8127K(26112K), 0.0004240 secs] [Times: user=0.00 sys=0.00, real=0.00 secs] 
243.742: Total time for which application threads were stopped: 0.0005550 seconds, Stopping threads took: 0.0000650 seconds
243.781: Application time: 0.0390490 seconds
243.781: [GC [PSYoungGen: 7680K->448K(8192K)] 15295K->8111K(26112K), 0.0004380 secs] [Times: user=0.00 sys=0.00, real=0.01 secs] 
243.781: Total time for which application threads were stopped: 0.0005610 seconds, Stopping threads took: 0.0000580 seconds
243.820: Application time: 0.0388450 seconds
243.821: [GC [PSYoungGen: 7616K->352K(8192K)] 15279K->8095K(26112K), 0.0004310 secs] [Times: user=0.00 sys=0.00, real=0.00 secs] 
243.822: Total time for which application threads were stopped: 0.0014710 seconds, Stopping threads took: 0.0009750 seconds
243.860: Application time: 0.0388330 seconds
243.860: [GC [PSYoungGen: 7520K->400K(8192K)] 15263K->8215K(26112K), 0.0004080 secs] [Times: user=0.01 sys=0.00, real=0.00 secs] 
243.861: Total time for which application threads were stopped: 0.0005130 seconds, Stopping threads took: 0.0000440 seconds
243.900: Application time: 0.0391540 seconds
243.900: [GC [PSYoungGen: 7568K->272K(8192K)] 15383K->8183K(26112K), 0.0004200 secs] [Times: user=0.01 sys=0.00, real=0.00 secs] 
243.901: Total time for which application threads were stopped: 0.0005340 seconds, Stopping threads took: 0.0000500 seconds
243.939: Application time: 0.0389290 seconds
243.940: [GC [PSYoungGen: 7440K->304K(8192K)] 15351K->8215K(26112K), 0.0003700 secs] [Times: user=0.00 sys=0.00, real=0.00 secs] 
243.940: Total time for which application threads were stopped: 0.0004790 seconds, Stopping threads took: 0.0000460 seconds
243.979: Application time: 0.0387320 seconds
243.979: [GC [PSYoungGen: 7472K->272K(8192K)] 15383K->8231K(26112K), 0.0003800 secs] [Times: user=0.01 sys=0.00, real=0.00 secs] 
243.979: Total time for which application threads were stopped: 0.0004890 seconds, Stopping threads took: 0.0000490 seconds
244.017: Application time: 0.0374150 seconds
244.017: [GC [PSYoungGen: 7440K->368K(8192K)] 15399K->8327K(26112K), 0.0004830 secs] [Times: user=0.00 sys=0.01, real=0.00 secs] 
244.017: Total time for which application threads were stopped: 0.0006100 seconds, Stopping threads took: 0.0000510 seconds
244.055: Application time: 0.0376270 seconds
244.055: [GC [PSYoungGen: 7536K->464K(8192K)] 15495K->8423K(26112K), 0.0004170 secs] [Times: user=0.00 sys=0.00, real=0.00 secs] 
244.055: Total time for which application threads were stopped: 0.0005340 seconds, Stopping threads took: 0.0000510 seconds
244.094: Application time: 0.0389750 seconds
244.094: [GC [PSYoungGen: 7632K->464K(8192K)] 15591K->8423K(26112K), 0.0005010 secs] [Times: user=0.00 sys=0.00, real=0.00 secs] 
244.095: Total time for which application threads were stopped: 0.0006150 seconds, Stopping threads took: 0.0000540 seconds
244.134: Application time: 0.0389080 seconds
244.134: [GC [PSYoungGen: 7632K->480K(8192K)] 15591K->8439K(26112K), 0.0004100 secs] [Times: user=0.01 sys=0.00, real=0.00 secs] 
244.134: Total time for which application threads were stopped: 0.0005230 seconds, Stopping threads took: 0.0000510 seconds
244.173: Application time: 0.0386240 seconds
244.173: [GC [PSYoungGen: 7648K->480K(8192K)] 15607K->8439K(26112K), 0.0004680 secs] [Times: user=0.00 sys=0.00, real=0.00 secs] 
244.174: Total time for which application threads were stopped: 0.0005820 seconds, Stopping threads took: 0.0000520 seconds
244.213: Application time: 0.0389620 seconds
244.213: [GC [PSYoungGen: 7648K->512K(8192K)] 15607K->8471K(26112K), 0.0004620 secs] [Times: user=0.00 sys=0.00, real=0.00 secs] 
244.213: Total time for which application threads were stopped: 0.0005790 seconds, Stopping threads took: 0.0000530 seconds
244.252: Application time: 0.0392860 seconds
244.253: [GC [PSYoungGen: 7680K->480K(8192K)] 15639K->8439K(26112K), 0.0004620 secs] [Times: user=0.00 sys=0.00, real=0.00 secs] 
244.253: Total time for which application threads were stopped: 0.0005940 seconds, Stopping threads took: 0.0000660 seconds
244.293: Application time: 0.0394730 seconds
244.293: [GC [PSYoungGen: 7648K->528K(8192K)] 15607K->8487K(26112K), 0.0004980 secs] [Times: user=0.00 sys=0.00, real=0.00 secs] 
244.293: Total time for which application threads were stopped: 0.0006050 seconds, Stopping threads took: 0.0000490 seconds
244.332: Application time: 0.0390030 seconds
244.332: [GC [PSYoungGen: 7696K->448K(8192K)] 15655K->8407K(26112K), 0.0004160 secs] [Times: user=0.00 sys=0.00, real=0.00 secs] 
244.333: Total time for which application threads were stopped: 0.0005290 seconds, Stopping threads took: 0.0000510 seconds
244.372: Application time: 0.0389180 seconds
244.373: [GC [PSYoungGen: 7616K->464K(8192K)] 15575K->8423K(26112K), 0.0004350 secs] [Times: user=0.00 sys=0.00, real=0.00 secs] 
244.374: Total time for which application threads were stopped: 0.0019530 seconds, Stopping threads took: 0.0014540 seconds
244.412: Application time: 0.0388240 seconds
244.412: [GC [PSYoungGen: 7632K->496K(8192K)] 15591K->8455K(26112K), 0.0004210 secs] [Times: user=0.01 sys=0.00, real=0.00 secs] 
244.413: Total time for which application threads were stopped: 0.0005330 seconds, Stopping threads took: 0.0000410 seconds
244.452: Application time: 0.0387890 seconds
244.452: [GC [PSYoungGen: 7664K->464K(8192K)] 15623K->8423K(26112K), 0.0004210 secs] [Times: user=0.00 sys=0.00, real=0.00 secs] 
244.452: Total time for which application threads were stopped: 0.0005360 seconds, Stopping threads took: 0.0000550 seconds
244.491: Application time: 0.0388870 seconds
244.491: [GC [PSYoungGen: 7632K->528K(8192K)] 15591K->8487K(26112K), 0.0004570 secs] [Times: user=0.00 sys=0.00, real=0.00 secs] 
244.492: Total time for which application threads were stopped: 0.0005720 seconds, Stopping threads took: 0.0000530 seconds
244.531: Application time: 0.0391080 seconds
244.531: [GC [PSYoungGen: 7696K->496K(8192K)] 15655K->8455K(26112K), 0.0004220 secs] [Times: user=0.01 sys=0.00, real=0.00 secs] 
244.531: Total time for which application threads were stopped: 0.0005380 seconds, Stopping threads took: 0.0000460 seconds
244.570: Application time: 0.0389630 seconds
244.570: [GC [PSYoungGen: 7664K->448K(8192K)] 15623K->8463K(26112K), 0.0004140 secs] [Times: user=0.00 sys=0.00, real=0.00 secs] 
244.571: Total time for which application threads were stopped: 0.0005110 seconds, Stopping threads took: 0.0000370 seconds
244.610: Application time: 0.0389960 seconds
244.610: [GC [PSYoungGen: 7616K->368K(8192K)] 15631K->8504K(26112K), 0.0004500 secs] [Times: user=0.00 sys=0.00, real=0.00 secs] 
244.610: Total time for which application threads were stopped: 0.0005580 seconds, Stopping threads took: 0.0000450 seconds
244.650: Application time: 0.0392160 seconds
244.650: [GC [PSYoungGen: 7536K->288K(8192K)] 15672K->8544K(26112K), 0.0004640 secs] [Times: user=0.01 sys=0.00, real=0.00 secs] 
244.650: Total time for which application threads were stopped: 0.0005990 seconds, Stopping threads took: 0.0000630 seconds
244.689: Application time: 0.0390470 seconds
244.689: [GC [PSYoungGen: 7456K->272K(8192K)] 15712K->8528K(26112K), 0.0003700 secs] [Times: user=0.00 sys=0.00, real=0.00 secs] 
244.690: Total time for which application threads were stopped: 0.0004800 seconds, Stopping threads took: 0.0000450 seconds
244.728: Application time: 0.0383710 seconds
244.728: [GC [PSYoungGen: 7440K->272K(8192K)] 15696K->8528K(26112K), 0.0004220 secs] [Times: user=0.00 sys=0.00, real=0.00 secs] 
244.729: Total time for which application threads were stopped: 0.0005350 seconds, Stopping threads took: 0.0000500 seconds
244.767: Application time: 0.0387280 seconds
244.767: [GC [PSYoungGen: 7440K->288K(8192K)] 15696K->8592K(26112K), 0.0003690 secs] [Times: user=0.00 sys=0.00, real=0.00 secs] 
244.768: Total time for which application threads were stopped: 0.0004880 seconds, Stopping threads took: 0.0000550 seconds
244.805: Application time: 0.0374670 seconds
244.805: [GC [PSYoungGen: 7456K->352K(8192K)] 15760K->8656K(26112K), 0.0004530 secs] [Times: user=0.00 sys=0.00, real=0.00 secs] 
244.806: Total time for which application threads were stopped: 0.0005900 seconds, Stopping threads took: 0.0000710 seconds
244.843: Application time: 0.0375570 seconds
244.844: [GC [PSYoungGen: 7520K->464K(8192K)] 15824K->8768K(26112K), 0.0004210 secs] [Times: user=0.00 sys=0.00, real=0.00 secs] 
244.844: Total time for which application threads were stopped: 0.0005310 seconds, Stopping threads took: 0.0000470 seconds
244.883: Application time: 0.0389620 seconds
244.883: [GC [PSYoungGen: 7632K->432K(8192K)] 15936K->8736K(26112K), 0.0004180 secs] [Times: user=0.00 sys=0.00, real=0.00 secs] 
244.883: Total time for which application threads were stopped: 0.0005260 seconds, Stopping threads took: 0.0000430 seconds
244.922: Application time: 0.0385290 seconds
244.922: [GC [PSYoungGen: 7600K->512K(8192K)] 15904K->8816K(26112K), 0.0004330 secs] [Times: user=0.00 sys=0.00, real=0.00 secs] 
244.923: Total time for which application threads were stopped: 0.0005520 seconds, Stopping threads took: 0.0000540 seconds
244.962: Application time: 0.0391390 seconds
244.962: [GC [PSYoungGen: 7680K->512K(8192K)] 15984K->8816K(26112K), 0.0004220 secs] [Times: user=0.00 sys=0.00, real=0.00 secs] 
244.962: Total time for which application threads were stopped: 0.0005340 seconds, Stopping threads took: 0.0000500 seconds
245.001: Application time: 0.0389380 seconds
245.001: [GC [PSYoungGen: 7680K->496K(8192K)] 15984K->8800K(26112K), 0.0004280 secs] [Times: user=0.00 sys=0.00, real=0.00 secs] 
245.002: Total time for which application threads were stopped: 0.0005370 seconds, Stopping threads took: 0.0000460 seconds
245.041: Application time: 0.0389550 seconds
245.041: [GC [PSYoungGen: 7664K->528K(8192K)] 15968K->8832K(26112K), 0.0004650 secs] [Times: user=0.00 sys=0.00, real=0.01 secs] 
245.041: Total time for which application threads were stopped: 0.0005840 seconds, Stopping threads took: 0.0000480 seconds
245.081: Application time: 0.0393920 seconds
245.081: [GC [PSYoungGen: 7696K->528K(8192K)] 16000K->8832K(26112K), 0.0004280 secs] [Times: user=0.00 sys=0.00, real=0.01 secs] 
245.081: Total time for which application threads were stopped: 0.0005310 seconds, Stopping threads took: 0.0000420 seconds
245.121: Application time: 0.0399200 seconds
245.121: [GC [PSYoungGen: 7696K->496K(8192K)] 16000K->8800K(26112K), 0.0004250 secs] [Times: user=0.00 sys=0.00, real=0.00 secs] 
245.122: Total time for which application threads were stopped: 0.0005380 seconds, Stopping threads took: 0.0000490 seconds
245.160: Application time: 0.0388540 seconds
245.161: [GC [PSYoungGen: 7664K->528K(8192K)] 15968K->8832K(26112K), 0.0004260 secs] [Times: user=0.00 sys=0.00, real=0.01 secs] 
245.161: Total time for which application threads were stopped: 0.0005380 seconds, Stopping threads took: 0.0000490 seconds
245.200: Application time: 0.0388280 seconds
245.200: [GC [PSYoungGen: 7696K->512K(8192K)] 16000K->8816K(26112K), 0.0004080 secs] [Times: user=0.00 sys=0.00, real=0.00 secs] 
245.200: Total time for which application threads were stopped: 0.0005130 seconds, Stopping threads took: 0.0000430 seconds
245.239: Application time: 0.0389340 seconds
245.239: [GC [PSYoungGen: 7680K->496K(8192K)] 15984K->8800K(26112K), 0.0004220 secs] [Times: user=0.01 sys=0.00, real=0.00 secs] 
245.240: Total time for which application threads were stopped: 0.0005270 seconds, Stopping threads took: 0.0000420 seconds
245.279: Application time: 0.0390750 seconds
245.279: [GC [PSYoungGen: 7664K->496K(8192K)] 15968K->8800K(26112K), 0.0004210 secs] [Times: user=0.00 sys=0.00, real=0.00 secs] 
245.279: Total time for which application threads were stopped: 0.0005290 seconds, Stopping threads took: 0.0000460 seconds
245.318: Application time: 0.0390440 seconds
245.319: [GC [PSYoungGen: 7664K->528K(8192K)] 15968K->8888K(26112K), 0.0004660 secs] [Times: user=0.00 sys=0.00, real=0.00 secs] 
245.319: Total time for which application threads were stopped: 0.0005790 seconds, Stopping threads took: 0.0000470 seconds
245.361: Application time: 0.0418680 seconds
245.361: [GC [PSYoungGen: 7696K->448K(8192K)] 16056K->8864K(26112K), 0.0004230 secs] [Times: user=0.00 sys=0.00, real=0.00 secs] 
245.361: Total time for which application threads were stopped: 0.0005440 seconds, Stopping threads took: 0.0000580 seconds
245.404: Application time: 0.0429010 seconds
245.404: [GC [PSYoungGen: 7616K->320K(8192K)] 16032K->8848K(26112K), 0.0004830 secs] [Times: user=0.00 sys=0.00, real=0.00 secs] 
245.405: Total time for which application threads were stopped: 0.0005980 seconds, Stopping threads took: 0.0000500 seconds
245.448: Application time: 0.0428580 seconds
245.448: [GC [PSYoungGen: 7488K->304K(8192K)] 16016K->8912K(26112K), 0.0004150 secs] [Times: user=0.00 sys=0.00, real=0.00 secs] 
245.448: Total time for which application threads were stopped: 0.0005340 seconds, Stopping threads took: 0.0000530 seconds
245.491: Application time: 0.0426980 seconds
245.491: [GC [PSYoungGen: 7472K->272K(8192K)] 16080K->8880K(26112K), 0.0003980 secs] [Times: user=0.00 sys=0.00, real=0.00 secs] 
245.492: Total time for which application threads were stopped: 0.0005160 seconds, Stopping threads took: 0.0000540 seconds
245.534: Application time: 0.0424020 seconds
245.534: [GC [PSYoungGen: 7440K->272K(8192K)] 16048K->8928K(26112K), 0.0004150 secs] [Times: user=0.00 sys=0.00, real=0.00 secs] 
245.535: Total time for which application threads were stopped: 0.0005360 seconds, Stopping threads took: 0.0000560 seconds
245.576: Application time: 0.0416100 seconds
245.576: [GC [PSYoungGen: 7440K->304K(8192K)] 16096K->8960K(26112K), 0.0004130 secs] [Times: user=0.01 sys=0.00, real=0.00 secs] 
245.577: Total time for which application threads were stopped: 0.0005500 seconds, Stopping threads took: 0.0000590 seconds
245.618: Application time: 0.0410630 seconds
245.618: [GC [PSYoungGen: 7472K->432K(8192K)] 16128K->9088K(26112K), 0.0004220 secs] [Times: user=0.01 sys=0.00, real=0.00 secs] 
245.618: Total time for which application threads were stopped: 0.0005400 seconds, Stopping threads took: 0.0000510 seconds
245.661: Application time: 0.0428010 seconds
245.661: [GC [PSYoungGen: 7600K->480K(8192K)] 16256K->9136K(26112K), 0.0004850 secs] [Times: user=0.00 sys=0.00, real=0.00 secs] 
245.662: Total time for which application threads were stopped: 0.0006110 seconds, Stopping threads took: 0.0000530 seconds
245.705: Application time: 0.0429000 seconds
245.705: [GC [PSYoungGen: 7648K->464K(8192K)] 16304K->9120K(26112K), 0.0004450 secs] [Times: user=0.00 sys=0.00, real=0.00 secs] 
245.705: Total time for which application threads were stopped: 0.0005650 seconds, Stopping threads took: 0.0000520 seconds
245.748: Application time: 0.0426330 seconds
245.749: [GC [PSYoungGen: 7632K->528K(8192K)] 16288K->9184K(26112K), 0.0004430 secs] [Times: user=0.00 sys=0.00, real=0.00 secs] 
245.750: Total time for which application threads were stopped: 0.0017150 seconds, Stopping threads took: 0.0012040 seconds
245.792: Application time: 0.0428820 seconds
245.793: [GC [PSYoungGen: 7696K->528K(8192K)] 16352K->9184K(26112K), 0.0005030 secs] [Times: user=0.00 sys=0.00, real=0.00 secs] 
245.793: Total time for which application threads were stopped: 0.0006240 seconds, Stopping threads took: 0.0000520 seconds
245.836: Application time: 0.0428070 seconds
245.836: [GC [PSYoungGen: 7696K->528K(8192K)] 16352K->9184K(26112K), 0.0004580 secs] [Times: user=0.00 sys=0.00, real=0.00 secs] 
245.836: Total time for which application threads were stopped: 0.0005730 seconds, Stopping threads took: 0.0000510 seconds
245.879: Application time: 0.0428200 seconds
245.879: [GC [PSYoungGen: 7696K->496K(8192K)] 16352K->9152K(26112K), 0.0004520 secs] [Times: user=0.01 sys=0.00, real=0.00 secs] 
245.880: Total time for which application threads were stopped: 0.0005610 seconds, Stopping threads took: 0.0000430 seconds
245.923: Application time: 0.0428920 seconds
245.923: [GC [PSYoungGen: 7664K->528K(8192K)] 16320K->9184K(26112K), 0.0004820 secs] [Times: user=0.00 sys=0.00, real=0.00 secs] 
245.923: Total time for which application threads were stopped: 0.0006090 seconds, Stopping threads took: 0.0000640 seconds
245.966: Application time: 0.0429430 seconds
245.966: [GC [PSYoungGen: 7696K->496K(8192K)] 16352K->9152K(26112K), 0.0004450 secs] [Times: user=0.01 sys=0.00, real=0.00 secs] 
245.967: Total time for which application threads were stopped: 0.0005620 seconds, Stopping threads took: 0.0000530 seconds
246.009: Application time: 0.0426390 seconds
246.010: [GC [PSYoungGen: 7664K->480K(8192K)] 16320K->9136K(26112K), 0.0004510 secs] [Times: user=0.00 sys=0.00, real=0.00 secs] 
246.010: Total time for which application threads were stopped: 0.0005760 seconds, Stopping threads took: 0.0000590 seconds
246.052: Application time: 0.0423680 seconds
246.052: [GC [PSYoungGen: 7648K->480K(8192K)] 16304K->9136K(26112K), 0.0004780 secs] [Times: user=0.00 sys=0.00, real=0.00 secs] 
246.053: Total time for which application threads were stopped: 0.0006050 seconds, Stopping threads took: 0.0000530 seconds
246.096: Application time: 0.0429570 seconds
246.096: [GC [PSYoungGen: 7648K->512K(8192K)] 16304K->9168K(26112K), 0.0004380 secs] [Times: user=0.01 sys=0.00, real=0.00 secs] 
246.097: Total time for which application threads were stopped: 0.0005800 seconds, Stopping threads took: 0.0000580 seconds
246.140: Application time: 0.0432170 seconds
246.140: [GC [PSYoungGen: 7680K->528K(8192K)] 16336K->9184K(26112K), 0.0004630 secs] [Times: user=0.00 sys=0.00, real=0.00 secs] 
246.140: Total time for which application threads were stopped: 0.0005840 seconds, Stopping threads took: 0.0000550 seconds
246.183: Application time: 0.0427160 seconds
246.183: [GC [PSYoungGen: 7696K->496K(8192K)] 16352K->9216K(26112K), 0.0004520 secs] [Times: user=0.01 sys=0.00, real=0.00 secs] 
246.184: Total time for which application threads were stopped: 0.0005750 seconds, Stopping threads took: 0.0000580 seconds
246.226: Application time: 0.0428500 seconds
246.227: [GC [PSYoungGen: 7664K->384K(8192K)] 16384K->9192K(26112K), 0.0004440 secs] [Times: user=0.00 sys=0.00, real=0.00 secs] 
246.227: Total time for which application threads were stopped: 0.0005580 seconds, Stopping threads took: 0.0000500 seconds
246.270: Application time: 0.0427310 seconds
246.273: [GC [PSYoungGen: 7552K->304K(8192K)] 16360K->9244K(26112K), 0.0004430 secs] [Times: user=0.00 sys=0.00, real=0.00 secs] 
246.274: Total time for which application threads were stopped: 0.0037630 seconds, Stopping threads took: 0.0032530 seconds
246.316: Application time: 0.0427620 seconds
246.316: [GC [PSYoungGen: 7472K->272K(8192K)] 16412K->9268K(26112K), 0.0004690 secs] [Times: user=0.00 sys=0.00, real=0.00 secs] 
246.317: Total time for which application threads were stopped: 0.0005970 seconds, Stopping threads took: 0.0000610 seconds
246.360: Application time: 0.0428850 seconds
246.360: [GC [PSYoungGen: 7440K->272K(8192K)] 16436K->9268K(26112K), 0.0004070 secs] [Times: user=0.00 sys=0.00, real=0.00 secs] 
246.360: Total time for which application threads were stopped: 0.0005250 seconds, Stopping threads took: 0.0000550 seconds
246.403: Application time: 0.0424190 seconds
246.403: [GC [PSYoungGen: 7440K->304K(8192K)] 16436K->9348K(26112K), 0.0004030 secs] [Times: user=0.00 sys=0.00, real=0.00 secs] 
246.403: Total time for which application threads were stopped: 0.0005140 seconds, Stopping threads took: 0.0000470 seconds
246.444: Application time: 0.0411550 seconds
246.445: [GC [PSYoungGen: 7472K->352K(8192K)] 16516K->9396K(26112K), 0.0004260 secs] [Times: user=0.00 sys=0.00, real=0.00 secs] 
246.445: Total time for which application threads were stopped: 0.0005400 seconds, Stopping threads took: 0.0000490 seconds
246.487: Application time: 0.0419540 seconds
246.487: [GC [PSYoungGen: 7520K->448K(8192K)] 16564K->9492K(26112K), 0.0004350 secs] [Times: user=0.00 sys=0.00, real=0.00 secs] 
246.487: Total time for which application threads were stopped: 0.0005540 seconds, Stopping threads took: 0.0000530 seconds
246.530: Application time: 0.0420680 seconds
246.530: [GC [PSYoungGen: 7616K->464K(8192K)] 16660K->9508K(26112K), 0.0004920 secs] [Times: user=0.00 sys=0.00, real=0.00 secs] 
246.530: Total time for which application threads were stopped: 0.0006090 seconds, Stopping threads took: 0.0000520 seconds
246.573: Application time: 0.0431450 seconds
246.573: [GC [PSYoungGen: 7632K->496K(8192K)] 16676K->9540K(26112K), 0.0004580 secs] [Times: user=0.00 sys=0.00, real=0.00 secs] 
246.574: Total time for which application threads were stopped: 0.0005920 seconds, Stopping threads took: 0.0000670 seconds
246.616: Application time: 0.0425280 seconds
246.617: [GC [PSYoungGen: 7664K->464K(8192K)] 16708K->9508K(26112K), 0.0004420 secs] [Times: user=0.00 sys=0.00, real=0.00 secs] 
246.617: Total time for which application threads were stopped: 0.0005780 seconds, Stopping threads took: 0.0000520 seconds
246.660: Application time: 0.0434040 seconds
246.661: [GC [PSYoungGen: 7632K->480K(8192K)] 16676K->9524K(26112K), 0.0005110 secs] [Times: user=0.01 sys=0.00, real=0.01 secs] 
246.661: Total time for which application threads were stopped: 0.0006710 seconds, Stopping threads took: 0.0000740 seconds
246.704: Application time: 0.0427920 seconds
246.704: [GC [PSYoungGen: 7648K->496K(8192K)] 16692K->9540K(26112K), 0.0004730 secs] [Times: user=0.00 sys=0.00, real=0.00 secs] 
246.704: Total time for which application threads were stopped: 0.0006050 seconds, Stopping threads took: 0.0000570 seconds
246.748: Application time: 0.0432070 seconds
246.748: [GC [PSYoungGen: 7664K->512K(8192K)] 16708K->9556K(26112K), 0.0004420 secs] [Times: user=0.00 sys=0.00, real=0.00 secs] 
246.748: Total time for which application threads were stopped: 0.0005640 seconds, Stopping threads took: 0.0000570 seconds
246.791: Application time: 0.0427760 seconds
246.791: [GC [PSYoungGen: 7680K->480K(8192K)] 16724K->9524K(26112K), 0.0004440 secs] [Times: user=0.00 sys=0.00, real=0.00 secs] 
246.792: Total time for which application threads were stopped: 0.0005600 seconds, Stopping threads took: 0.0000520 seconds
246.834: Application time: 0.0427370 seconds
246.834: [GC [PSYoungGen: 7648K->496K(8192K)] 16692K->9540K(26112K), 0.0004360 secs] [Times: user=0.00 sys=0.00, real=0.00 secs] 
246.835: Total time for which application threads were stopped: 0.0005420 seconds, Stopping threads took: 0.0000410 seconds
246.878: Application time: 0.0426430 seconds
246.878: [GC [PSYoungGen: 7664K->496K(8192K)] 16708K->9540K(26112K), 0.0005260 secs] [Times: user=0.00 sys=0.00, real=0.00 secs] 
246.878: Total time for which application threads were stopped: 0.0006680 seconds, Stopping threads took: 0.0000730 seconds
246.921: Application time: 0.0426050 seconds
246.921: [GC [PSYoungGen: 7664K->496K(8192K)] 16708K->9540K(26112K), 0.0004370 secs] [Times: user=0.00 sys=0.00, real=0.01 secs] 
246.921: Total time for which application threads were stopped: 0.0005500 seconds, Stopping threads took: 0.0000470 seconds
246.964: Application time: 0.0427500 seconds
246.964: [GC [PSYoungGen: 7664K->496K(8192K)] 16708K->9540K(26112K), 0.0004440 secs] [Times: user=0.00 sys=0.00, real=0.00 secs] 
246.965: Total time for which application threads were stopped: 0.0005650 seconds, Stopping threads took: 0.0000570 seconds
247.007: Application time: 0.0427580 seconds
247.008: [GC [PSYoungGen: 7664K->464K(8192K)] 16708K->9508K(26112K), 0.0004470 secs] [Times: user=0.00 sys=0.00, real=0.00 secs] 
247.008: Total time for which application threads were stopped: 0.0005570 seconds, Stopping threads took: 0.0000460 seconds
247.051: Application time: 0.0431070 seconds
247.051: [GC [PSYoungGen: 7632K->480K(8192K)] 16676K->9572K(26112K), 0.0004310 secs] [Times: user=0.00 sys=0.00, real=0.00 secs] 
247.052: Total time for which application threads were stopped: 0.0005520 seconds, Stopping threads took: 0.0000570 seconds
247.094: Application time: 0.0428110 seconds
247.095: [GC [PSYoungGen: 7648K->384K(8192K)] 16740K->9596K(26112K), 0.0004750 secs] [Times: user=0.00 sys=0.00, real=0.00 secs] 
247.095: Total time for which application threads were stopped: 0.0005860 seconds, Stopping threads took: 0.0000460 seconds
247.138: Application time: 0.0431710 seconds
247.138: [GC [PSYoungGen: 7552K->288K(8192K)] 16764K->9588K(26112K), 0.0004410 secs] [Times: user=0.00 sys=0.00, real=0.00 secs] 
247.139: Total time for which application threads were stopped: 0.0005710 seconds, Stopping threads took: 0.0000530 seconds
247.181: Application time: 0.0426680 seconds
247.182: [GC [PSYoungGen: 7456K->272K(8192K)] 16756K->9644K(26112K), 0.0004270 secs] [Times: user=0.00 sys=0.00, real=0.00 secs] 
247.182: Total time for which application threads were stopped: 0.0005320 seconds, Stopping threads took: 0.0000400 seconds
247.224: Application time: 0.0421780 seconds
247.224: [GC [PSYoungGen: 7440K->288K(8192K)] 16812K->9660K(26112K), 0.0003840 secs] [Times: user=0.01 sys=0.00, real=0.00 secs] 
247.225: Total time for which application threads were stopped: 0.0005070 seconds, Stopping threads took: 0.0000540 seconds
247.267: Application time: 0.0426740 seconds
247.267: [GC [PSYoungGen: 7456K->272K(8192K)] 16828K->9684K(26112K), 0.0004910 secs] [Times: user=0.00 sys=0.00, real=0.00 secs] 
247.268: Total time for which application threads were stopped: 0.0006000 seconds, Stopping threads took: 0.0000440 seconds
247.309: Application time: 0.0410130 seconds
247.309: [GC [PSYoungGen: 7440K->352K(8192K)] 16852K->9764K(26112K), 0.0004300 secs] [Times: user=0.00 sys=0.00, real=0.00 secs] 
247.310: Total time for which application threads were stopped: 0.0005510 seconds, Stopping threads took: 0.0000560 seconds
247.351: Application time: 0.0414750 seconds
247.351: [GC [PSYoungGen: 7520K->448K(8192K)] 16932K->9860K(26112K), 0.0004300 secs] [Times: user=0.00 sys=0.00, real=0.00 secs] 
247.352: Total time for which application threads were stopped: 0.0005510 seconds, Stopping threads took: 0.0000550 seconds
247.395: Application time: 0.0429780 seconds
247.395: [GC [PSYoungGen: 7616K->480K(8192K)] 17028K->9892K(26112K), 0.0004750 secs] [Times: user=0.01 sys=0.00, real=0.00 secs] 
247.395: Total time for which application threads were stopped: 0.0005900 seconds, Stopping threads took: 0.0000490 seconds
247.438: Application time: 0.0427750 seconds
247.438: [GC [PSYoungGen: 7648K->464K(8192K)] 17060K->9876K(26112K), 0.0004370 secs] [Times: user=0.00 sys=0.00, real=0.00 secs] 
247.438: Total time for which application threads were stopped: 0.0005530 seconds, Stopping threads took: 0.0000500 seconds
247.481: Application time: 0.0424890 seconds
247.481: [GC [PSYoungGen: 7632K->496K(8192K)] 17044K->9908K(26112K), 0.0005050 secs] [Times: user=0.00 sys=0.00, real=0.00 secs] 
247.482: Total time for which application threads were stopped: 0.0006240 seconds, Stopping threads took: 0.0000520 seconds
247.524: Application time: 0.0428130 seconds
247.524: [GC [PSYoungGen: 7664K->528K(8192K)] 17076K->9940K(26112K), 0.0004600 secs] [Times: user=0.00 sys=0.00, real=0.00 secs] 
247.525: Total time for which application threads were stopped: 0.0005750 seconds, Stopping threads took: 0.0000480 seconds
247.568: Application time: 0.0430130 seconds
247.569: [GC [PSYoungGen: 7696K->528K(8192K)] 17108K->9940K(26112K), 0.0004440 secs] [Times: user=0.00 sys=0.00, real=0.00 secs] 
247.570: Total time for which application threads were stopped: 0.0015610 seconds, Stopping threads took: 0.0010530 seconds
247.613: Application time: 0.0430650 seconds
247.613: [GC [PSYoungGen: 7696K->512K(8192K)] 17108K->9924K(26112K), 0.0004580 secs] [Times: user=0.00 sys=0.00, real=0.00 secs] 
247.613: Total time for which application threads were stopped: 0.0005670 seconds, Stopping threads took: 0.0000440 seconds
247.656: Application time: 0.0431740 seconds
247.656: [GC [PSYoungGen: 7680K->528K(8192K)] 17092K->9940K(26112K), 0.0005490 secs] [Times: user=0.00 sys=0.00, real=0.00 secs] 
247.657: Total time for which application threads were stopped: 0.0006870 seconds, Stopping threads took: 0.0000560 seconds
247.700: Application time: 0.0429630 seconds
247.700: [GC [PSYoungGen: 7696K->512K(8192K)] 17108K->9924K(26112K), 0.0004490 secs] [Times: user=0.00 sys=0.00, real=0.00 secs] 
247.701: Total time for which application threads were stopped: 0.0005580 seconds, Stopping threads took: 0.0000420 seconds
247.743: Application time: 0.0423390 seconds
247.743: [GC [PSYoungGen: 7680K->512K(8192K)] 17092K->9924K(26112K), 0.0004450 secs] [Times: user=0.00 sys=0.00, real=0.00 secs] 
247.743: Total time for which application threads were stopped: 0.0005560 seconds, Stopping threads took: 0.0000450 seconds
247.786: Application time: 0.0426030 seconds
247.786: [GC [PSYoungGen: 7680K->512K(8192K)] 17092K->9924K(26112K), 0.0004830 secs] [Times: user=0.00 sys=0.00, real=0.00 secs] 
247.787: Total time for which application threads were stopped: 0.0006070 seconds, Stopping threads took: 0.0000570 seconds
247.830: Application time: 0.0428840 seconds
247.830: [GC [PSYoungGen: 7680K->512K(8192K)] 17092K->9925K(26112K), 0.0004990 secs] [Times: user=0.00 sys=0.00, real=0.00 secs] 
247.830: Total time for which application threads were stopped: 0.0006080 seconds, Stopping threads took: 0.0000450 seconds
247.873: Application time: 0.0428020 seconds
247.873: [GC [PSYoungGen: 7680K->464K(8192K)] 17093K->9916K(26112K), 0.0004860 secs] [Times: user=0.00 sys=0.00, real=0.00 secs] 
247.874: Total time for which application threads were stopped: 0.0006050 seconds, Stopping threads took: 0.0000540 seconds
247.916: Application time: 0.0426410 seconds
247.916: [GC [PSYoungGen: 7632K->416K(8192K)] 17084K->9869K(26112K), 0.0004500 secs] [Times: user=0.00 sys=0.00, real=0.00 secs] 
247.917: Total time for which application threads were stopped: 0.0005550 seconds, Stopping threads took: 0.0000410 seconds
247.960: Application time: 0.0427510 seconds
247.960: [GC [PSYoungGen: 7584K->320K(8192K)] 17037K->9885K(26112K), 0.0004380 secs] [Times: user=0.01 sys=0.00, real=0.00 secs] 
247.960: Total time for which application threads were stopped: 0.0005480 seconds, Stopping threads took: 0.0000430 seconds
248.004: Application time: 0.0435970 seconds
248.004: [GC [PSYoungGen: 7488K->256K(8192K)] 17053K->9929K(26112K), 0.0004950 secs] [Times: user=0.00 sys=0.00, real=0.00 secs] 
248.004: Total time for which application threads were stopped: 0.0006050 seconds, Stopping threads took: 0.0000460 seconds
248.047: Application time: 0.0427410 seconds
248.049: [GC [PSYoungGen: 7424K->272K(8192K)] 17097K->9945K(26112K), 0.0004340 secs] [Times: user=0.00 sys=0.00, real=0.00 secs] 
248.050: Total time for which application threads were stopped: 0.0025510 seconds, Stopping threads took: 0.0020500 seconds
248.092: Application time: 0.0425810 seconds
248.092: [GC [PSYoungGen: 7440K->288K(8192K)] 17113K->9961K(26112K), 0.0004350 secs] [Times: user=0.00 sys=0.00, real=0.00 secs] 
248.093: Total time for which application threads were stopped: 0.0005660 seconds, Stopping threads took: 0.0000650 seconds
248.135: Application time: 0.0422880 seconds
248.135: [GC [PSYoungGen: 7456K->288K(8192K)] 17129K->10017K(26112K), 0.0004170 secs] [Times: user=0.00 sys=0.00, real=0.00 secs] 
248.136: Total time for which application threads were stopped: 0.0005290 seconds, Stopping threads took: 0.0000490 seconds
248.176: Application time: 0.0401690 seconds
248.176: [GC [PSYoungGen: 7456K->432K(8192K)] 17185K->10161K(26112K), 0.0004190 secs] [Times: user=0.00 sys=0.00, real=0.00 secs] 
248.176: Total time for which application threads were stopped: 0.0005460 seconds, Stopping threads took: 0.0000550 seconds
248.219: Application time: 0.0424030 seconds
248.219: [GC [PSYoungGen: 7600K->464K(8192K)] 17329K->10193K(26112K), 0.0004730 secs] [Times: user=0.01 sys=0.00, real=0.00 secs] 
248.219: Total time for which application threads were stopped: 0.0005910 seconds, Stopping threads took: 0.0000490 seconds
248.262: Application time: 0.0428960 seconds
248.262: [GC [PSYoungGen: 7632K->448K(8192K)] 17361K->10177K(26112K), 0.0005420 secs] [Times: user=0.00 sys=0.00, real=0.00 secs] 
248.263: Total time for which application threads were stopped: 0.0006590 seconds, Stopping threads took: 0.0000520 seconds
248.306: Application time: 0.0431150 seconds
248.306: [GC [PSYoungGen: 7616K->480K(8192K)] 17345K->10209K(26112K), 0.0004400 secs] [Times: user=0.00 sys=0.00, real=0.00 secs] 
248.306: Total time for which application threads were stopped: 0.0005650 seconds, Stopping threads took: 0.0000570 seconds
248.349: Application time: 0.0422200 seconds
248.349: [GC [PSYoungGen: 7648K->496K(8192K)] 17377K->10225K(26112K), 0.0004530 secs] [Times: user=0.00 sys=0.00, real=0.01 secs] 
248.349: Total time for which application threads were stopped: 0.0005690 seconds, Stopping threads took: 0.0000490 seconds
248.393: Application time: 0.0437030 seconds
248.393: [GC [PSYoungGen: 7664K->512K(8192K)] 17393K->10241K(26112K), 0.0004820 secs] [Times: user=0.00 sys=0.00, real=0.00 secs] 
248.394: Total time for which application threads were stopped: 0.0006020 seconds, Stopping threads took: 0.0000540 seconds
248.436: Application time: 0.0428680 seconds
248.437: [GC [PSYoungGen: 7680K->512K(8192K)] 17409K->10241K(26112K), 0.0005080 secs] [Times: user=0.00 sys=0.00, real=0.00 secs] 
248.437: Total time for which application threads were stopped: 0.0006380 seconds, Stopping threads took: 0.0000630 seconds
248.480: Application time: 0.0427340 seconds
248.480: [GC [PSYoungGen: 7680K->528K(8192K)] 17409K->10257K(26112K), 0.0005110 secs] [Times: user=0.00 sys=0.00, real=0.00 secs] 
248.480: Total time for which application threads were stopped: 0.0006340 seconds, Stopping threads took: 0.0000470 seconds
248.525: Application time: 0.0445760 seconds
248.525: [GC [PSYoungGen: 7696K->496K(8192K)] 17425K->10225K(26112K), 0.0004900 secs] [Times: user=0.00 sys=0.00, real=0.00 secs] 
248.526: Total time for which application threads were stopped: 0.0006080 seconds, Stopping threads took: 0.0000520 seconds
248.568: Application time: 0.0427470 seconds
248.568: [GC [PSYoungGen: 7664K->480K(8192K)] 17393K->10209K(26112K), 0.0004510 secs] [Times: user=0.01 sys=0.00, real=0.00 secs] 
248.569: Total time for which application threads were stopped: 0.0005670 seconds, Stopping threads took: 0.0000500 seconds
248.612: Application time: 0.0426020 seconds
248.612: [GC [PSYoungGen: 7648K->480K(8192K)] 17377K->10209K(26112K), 0.0004620 secs] [Times: user=0.00 sys=0.00, real=0.00 secs] 
248.612: Total time for which application threads were stopped: 0.0005740 seconds, Stopping threads took: 0.0000490 seconds
248.655: Application time: 0.0428190 seconds
248.655: [GC [PSYoungGen: 7648K->496K(8192K)] 17377K->10225K(26112K), 0.0005180 secs] [Times: user=0.00 sys=0.00, real=0.00 secs] 
248.656: Total time for which application threads were stopped: 0.0006560 seconds, Stopping threads took: 0.0000630 seconds
248.699: Application time: 0.0433790 seconds
248.699: [GC [PSYoungGen: 7664K->528K(8192K)] 17393K->10257K(26112K), 0.0004590 secs] [Times: user=0.01 sys=0.00, real=0.00 secs] 
248.700: Total time for which application threads were stopped: 0.0005820 seconds, Stopping threads took: 0.0000500 seconds
248.742: Application time: 0.0428390 seconds
248.743: [GC [PSYoungGen: 7696K->464K(8192K)] 17425K->10241K(26112K), 0.0005250 secs] [Times: user=0.00 sys=0.00, real=0.00 secs] 
248.744: Total time for which application threads were stopped: 0.0016700 seconds, Stopping threads took: 0.0000550 seconds
248.787: Application time: 0.0428440 seconds
248.787: [GC [PSYoungGen: 7632K->448K(8192K)] 17409K->10281K(26112K), 0.0004520 secs] [Times: user=0.01 sys=0.00, real=0.00 secs] 
248.788: Total time for which application threads were stopped: 0.0005830 seconds, Stopping threads took: 0.0000630 seconds
248.831: Application time: 0.0430360 seconds
248.831: [GC [PSYoungGen: 7616K->320K(8192K)] 17449K->10317K(26112K), 0.0004580 secs] [Times: user=0.00 sys=0.00, real=0.00 secs] 
248.831: Total time for which application threads were stopped: 0.0005710 seconds, Stopping threads took: 0.0000480 seconds
248.874: Application time: 0.0427990 seconds
248.874: [GC [PSYoungGen: 7488K->272K(8192K)] 17485K->10317K(26112K), 0.0004110 secs] [Times: user=0.00 sys=0.00, real=0.00 secs] 
248.874: Total time for which application threads were stopped: 0.0005170 seconds, Stopping threads took: 0.0000430 seconds
248.917: Application time: 0.0426740 seconds
248.917: [GC [PSYoungGen: 7440K->272K(8192K)] 17485K->10317K(26112K), 0.0004000 secs] [Times: user=0.00 sys=0.00, real=0.00 secs] 
248.918: Total time for which application threads were stopped: 0.0005170 seconds, Stopping threads took: 0.0000510 seconds
248.960: Application time: 0.0424260 seconds
248.960: [GC [PSYoungGen: 7439K->256K(8192K)] 17485K->10301K(26112K), 0.0004660 secs] [Times: user=0.00 sys=0.00, real=0.00 secs] 
248.961: Total time for which application threads were stopped: 0.0005830 seconds, Stopping threads took: 0.0000520 seconds
249.003: Application time: 0.0422120 seconds
249.003: [GC [PSYoungGen: 7424K->304K(8192K)] 17469K->10389K(26112K), 0.0004250 secs] [Times: user=0.00 sys=0.00, real=0.00 secs] 
249.003: Total time for which application threads were stopped: 0.0005440 seconds, Stopping threads took: 0.0000550 seconds
249.044: Application time: 0.0403810 seconds
249.044: [GC [PSYoungGen: 7472K->400K(8192K)] 17557K->10485K(26112K), 0.0004190 secs] [Times: user=0.00 sys=0.00, real=0.00 secs] 
249.044: Total time for which application threads were stopped: 0.0005400 seconds, Stopping threads took: 0.0000550 seconds
249.087: Application time: 0.0424180 seconds
249.087: [GC [PSYoungGen: 7568K->480K(8192K)] 17653K->10565K(26112K), 0.0004530 secs] [Times: user=0.01 sys=0.00, real=0.00 secs] 
249.087: Total time for which application threads were stopped: 0.0005700 seconds, Stopping threads took: 0.0000510 seconds
249.130: Application time: 0.0427890 seconds
249.130: [GC [PSYoungGen: 7648K->448K(8192K)] 17733K->10533K(26112K), 0.0004690 secs] [Times: user=0.00 sys=0.00, real=0.00 secs] 
249.131: Total time for which application threads were stopped: 0.0005860 seconds, Stopping threads took: 0.0000500 seconds
249.174: Application time: 0.0428430 seconds
249.174: [GC [PSYoungGen: 7616K->416K(8192K)] 17701K->10501K(26112K), 0.0004310 secs] [Times: user=0.00 sys=0.00, real=0.00 secs] 
249.174: Total time for which application threads were stopped: 0.0005500 seconds, Stopping threads took: 0.0000520 seconds
249.217: Application time: 0.0433350 seconds
249.218: [GC [PSYoungGen: 7584K->496K(8192K)] 17669K->10581K(26112K), 0.0004550 secs] [Times: user=0.01 sys=0.00, real=0.00 secs] 
249.218: Total time for which application threads were stopped: 0.0005950 seconds, Stopping threads took: 0.0000650 seconds
249.261: Application time: 0.0428450 seconds
249.261: [GC [PSYoungGen: 7664K->480K(8192K)] 17749K->10565K(26112K), 0.0004650 secs] [Times: user=0.00 sys=0.00, real=0.00 secs] 
249.261: Total time for which application threads were stopped: 0.0005900 seconds, Stopping threads took: 0.0000550 seconds
249.304: Application time: 0.0427850 seconds
249.304: [GC [PSYoungGen: 7648K->560K(8192K)] 17733K->10645K(26112K), 0.0004400 secs] [Times: user=0.00 sys=0.00, real=0.00 secs] 
249.305: Total time for which application threads were stopped: 0.0005630 seconds, Stopping threads took: 0.0000580 seconds
249.345: Application time: 0.0406570 seconds
249.346: [GC [PSYoungGen: 7728K->512K(8192K)] 17813K->10597K(26112K), 0.0004280 secs] [Times: user=0.00 sys=0.00, real=0.00 secs] 
249.346: Total time for which application threads were stopped: 0.0005350 seconds, Stopping threads took: 0.0000430 seconds
249.385: Application time: 0.0389170 seconds
249.385: [GC [PSYoungGen: 7680K->496K(8192K)] 17765K->10581K(26112K), 0.0004340 secs] [Times: user=0.00 sys=0.00, real=0.00 secs] 
249.385: Total time for which application threads were stopped: 0.0005500 seconds, Stopping threads took: 0.0000500 seconds
249.424: Application time: 0.0388480 seconds
249.424: [GC [PSYoungGen: 7664K->480K(8192K)] 17749K->10565K(26112K), 0.0004440 secs] [Times: user=0.01 sys=0.00, real=0.00 secs] 
249.425: Total time for which application threads were stopped: 0.0005630 seconds, Stopping threads took: 0.0000510 seconds
249.463: Application time: 0.0385610 seconds
249.464: [GC [PSYoungGen: 7648K->512K(8192K)] 17733K->10597K(26112K), 0.0004710 secs] [Times: user=0.00 sys=0.00, real=0.00 secs] 
249.464: Total time for which application threads were stopped: 0.0005940 seconds, Stopping threads took: 0.0000540 seconds
249.503: Application time: 0.0392840 seconds
249.503: [GC [PSYoungGen: 7680K->496K(8192K)] 17765K->10581K(26112K), 0.0004230 secs] [Times: user=0.00 sys=0.00, real=0.00 secs] 
249.504: Total time for which application threads were stopped: 0.0005350 seconds, Stopping threads took: 0.0000450 seconds
249.543: Application time: 0.0390900 seconds
249.543: [GC [PSYoungGen: 7664K->512K(8192K)] 17749K->10597K(26112K), 0.0004200 secs] [Times: user=0.00 sys=0.00, real=0.00 secs] 
249.544: Total time for which application threads were stopped: 0.0005370 seconds, Stopping threads took: 0.0000470 seconds
249.582: Application time: 0.0389320 seconds
249.583: [GC [PSYoungGen: 7680K->448K(8192K)] 17765K->10581K(26112K), 0.0004600 secs] [Times: user=0.00 sys=0.00, real=0.00 secs] 
249.583: Total time for which application threads were stopped: 0.0005820 seconds, Stopping threads took: 0.0000520 seconds
249.622: Application time: 0.0388950 seconds
249.622: [GC [PSYoungGen: 7616K->432K(8192K)] 17749K->10613K(26112K), 0.0004240 secs] [Times: user=0.00 sys=0.00, real=0.00 secs] 
249.622: Total time for which application threads were stopped: 0.0005520 seconds, Stopping threads took: 0.0000530 seconds
249.661: Application time: 0.0389540 seconds
249.662: [GC [PSYoungGen: 7600K->288K(8192K)] 17781K->10625K(26112K), 0.0004590 secs] [Times: user=0.01 sys=0.00, real=0.00 secs] 
249.662: Total time for which application threads were stopped: 0.0005930 seconds, Stopping threads took: 0.0000590 seconds
249.701: Application time: 0.0388390 seconds
249.701: [GC [PSYoungGen: 7456K->272K(8192K)] 17793K->10657K(26112K), 0.0004310 secs] [Times: user=0.00 sys=0.01, real=0.01 secs] 
249.701: Total time for which application threads were stopped: 0.0005570 seconds, Stopping threads took: 0.0000550 seconds
249.740: Application time: 0.0388560 seconds
249.740: [GC [PSYoungGen: 7440K->256K(8192K)] 17825K->10641K(26112K), 0.0004360 secs] [Times: user=0.00 sys=0.00, real=0.00 secs] 
249.741: Total time for which application threads were stopped: 0.0005690 seconds, Stopping threads took: 0.0000550 seconds
249.779: Application time: 0.0386320 seconds
249.780: [GC [PSYoungGen: 7424K->288K(8192K)] 17809K->10673K(26112K), 0.0005100 secs] [Times: user=0.00 sys=0.00, real=0.00 secs] 
249.780: Total time for which application threads were stopped: 0.0006230 seconds, Stopping threads took: 0.0000470 seconds
249.817: Application time: 0.0372930 seconds
249.818: [GC [PSYoungGen: 7456K->384K(8192K)] 17841K->10817K(26112K), 0.0003880 secs] [Times: user=0.00 sys=0.00, real=0.00 secs] 
249.818: Total time for which application threads were stopped: 0.0005130 seconds, Stopping threads took: 0.0000570 seconds
249.855: Application time: 0.0374570 seconds
249.855: [GC [PSYoungGen: 7552K->448K(8192K)] 17985K->10881K(26112K), 0.0004370 secs] [Times: user=0.00 sys=0.00, real=0.00 secs] 
249.856: Total time for which application threads were stopped: 0.0005560 seconds, Stopping threads took: 0.0000510 seconds
249.895: Application time: 0.0389950 seconds
249.895: [GC [PSYoungGen: 7616K->448K(8192K)] 18049K->10881K(26112K), 0.0004690 secs] [Times: user=0.00 sys=0.00, real=0.00 secs] 
249.896: Total time for which application threads were stopped: 0.0005770 seconds, Stopping threads took: 0.0000400 seconds
249.934: Application time: 0.0389750 seconds
249.935: [GC [PSYoungGen: 7616K->480K(8192K)] 18049K->10913K(26112K), 0.0004560 secs] [Times: user=0.01 sys=0.00, real=0.00 secs] 
249.935: Total time for which application threads were stopped: 0.0005620 seconds, Stopping threads took: 0.0000390 seconds
249.974: Application time: 0.0387100 seconds
249.974: [GC [PSYoungGen: 7648K->528K(8192K)] 18081K->10961K(26112K), 0.0004630 secs] [Times: user=0.00 sys=0.00, real=0.00 secs] 
249.974: Total time for which application threads were stopped: 0.0005850 seconds, Stopping threads took: 0.0000540 seconds
250.013: Application time: 0.0390750 seconds
250.014: [GC [PSYoungGen: 7696K->496K(8192K)] 18129K->10929K(26112K), 0.0004210 secs] [Times: user=0.00 sys=0.00, real=0.00 secs] 
250.014: Total time for which application threads were stopped: 0.0005420 seconds, Stopping threads took: 0.0000520 seconds
250.053: Application time: 0.0390630 seconds
250.053: [GC [PSYoungGen: 7664K->496K(8192K)] 18097K->10929K(26112K), 0.0004400 secs] [Times: user=0.00 sys=0.00, real=0.00 secs] 
250.054: Total time for which application threads were stopped: 0.0005500 seconds, Stopping threads took: 0.0000420 seconds
250.093: Application time: 0.0391100 seconds
250.093: [GC [PSYoungGen: 7664K->528K(8192K)] 18097K->10961K(26112K), 0.0004280 secs] [Times: user=0.01 sys=0.00, real=0.00 secs] 
250.093: Total time for which application threads were stopped: 0.0005630 seconds, Stopping threads took: 0.0000650 seconds
250.132: Application time: 0.0389240 seconds
250.132: [GC [PSYoungGen: 7696K->464K(8192K)] 18129K->10897K(26112K), 0.0004590 secs] [Times: user=0.00 sys=0.00, real=0.00 secs] 
250.133: Total time for which application threads were stopped: 0.0005800 seconds, Stopping threads took: 0.0000550 seconds
250.172: Application time: 0.0388620 seconds
250.173: [GC [PSYoungGen: 7632K->480K(8192K)] 18065K->10913K(26112K), 0.0004280 secs] [Times: user=0.00 sys=0.00, real=0.00 secs] 
250.174: Total time for which application threads were stopped: 0.0019120 seconds, Stopping threads took: 0.0014080 seconds
250.212: Application time: 0.0387970 seconds
250.212: [GC [PSYoungGen: 7648K->496K(8192K)] 18081K->10929K(26112K), 0.0004180 secs] [Times: user=0.00 sys=0.00, real=0.00 secs] 
250.213: Total time for which application threads were stopped: 0.0005540 seconds, Stopping threads took: 0.0000700 seconds
250.252: Application time: 0.0388730 seconds
250.252: [GC [PSYoungGen: 7664K->512K(8192K)] 18097K->10945K(26112K), 0.0004190 secs] [Times: user=0.00 sys=0.00, real=0.00 secs] 
250.252: Total time for which application threads were stopped: 0.0005520 seconds, Stopping threads took: 0.0000540 seconds
250.291: Application time: 0.0388400 seconds
250.291: [GC [PSYoungGen: 7680K->512K(8192K)] 18113K->10945K(26112K), 0.0004290 secs] [Times: user=0.01 sys=0.00, real=0.00 secs] 
250.292: Total time for which application threads were stopped: 0.0005580 seconds, Stopping threads took: 0.0000590 seconds
250.331: Application time: 0.0388850 seconds
250.331: [GC [PSYoungGen: 7680K->512K(8192K)] 18113K->10945K(26112K), 0.0004320 secs] [Times: user=0.00 sys=0.00, real=0.00 secs] 
250.331: Total time for which application threads were stopped: 0.0005540 seconds, Stopping threads took: 0.0000530 seconds
250.371: Application time: 0.0393510 seconds
250.371: [GC [PSYoungGen: 7680K->512K(8192K)] 18113K->10993K(26112K), 0.0004340 secs] [Times: user=0.01 sys=0.00, real=0.00 secs] 
250.371: Total time for which application threads were stopped: 0.0005600 seconds, Stopping threads took: 0.0000580 seconds
250.410: Application time: 0.0388410 seconds
250.410: [GC [PSYoungGen: 7680K->336K(8192K)] 18161K->10945K(26112K), 0.0004550 secs] [Times: user=0.00 sys=0.00, real=0.00 secs] 
250.410: Total time for which application threads were stopped: 0.0005700 seconds, Stopping threads took: 0.0000500 seconds
250.449: Application time: 0.0389720 seconds
250.450: [GC [PSYoungGen: 7504K->288K(8192K)] 18113K->11025K(26112K), 0.0003910 secs] [Times: user=0.00 sys=0.00, real=0.00 secs] 
250.450: Total time for which application threads were stopped: 0.0004960 seconds, Stopping threads took: 0.0000400 seconds
250.489: Application time: 0.0389370 seconds
250.489: [GC [PSYoungGen: 7456K->272K(8192K)] 18193K->11009K(26112K), 0.0003840 secs] [Times: user=0.00 sys=0.00, real=0.00 secs] 
250.489: Total time for which application threads were stopped: 0.0005070 seconds, Stopping threads took: 0.0000520 seconds
250.528: Application time: 0.0389250 seconds
250.528: [GC [PSYoungGen: 7440K->256K(8192K)] 18177K->10993K(26112K), 0.0004120 secs] [Times: user=0.00 sys=0.00, real=0.00 secs] 
250.529: Total time for which application threads were stopped: 0.0005280 seconds, Stopping threads took: 0.0000480 seconds
250.567: Application time: 0.0380520 seconds
250.569: [GC [PSYoungGen: 7424K->272K(8192K)] 18161K->11065K(26112K), 0.0004270 secs] [Times: user=0.00 sys=0.00, real=0.00 secs] 
250.570: Total time for which application threads were stopped: 0.0026050 seconds, Stopping threads took: 0.0021080 seconds
250.607: Application time: 0.0374370 seconds
250.607: [GC [PSYoungGen: 7440K->416K(8192K)] 18233K->11209K(26112K), 0.0003980 secs] [Times: user=0.00 sys=0.00, real=0.00 secs] 
250.607: Total time for which application threads were stopped: 0.0005100 seconds, Stopping threads took: 0.0000440 seconds
250.646: Application time: 0.0388380 seconds
250.646: [GC [PSYoungGen: 7584K->448K(8192K)] 18377K->11242K(26112K), 0.0004730 secs] [Times: user=0.00 sys=0.00, real=0.00 secs] 
250.647: Total time for which application threads were stopped: 0.0006010 seconds, Stopping threads took: 0.0000470 seconds
250.686: Application time: 0.0387580 seconds
250.686: [GC [PSYoungGen: 7616K->464K(8192K)] 18410K->11258K(26112K), 0.0004850 secs] [Times: user=0.00 sys=0.00, real=0.00 secs] 
250.686: Total time for which application threads were stopped: 0.0006180 seconds, Stopping threads took: 0.0000610 seconds
250.725: Application time: 0.0388680 seconds
250.725: [GC [PSYoungGen: 7632K->432K(8192K)] 18426K->11225K(26112K), 0.0004320 secs] [Times: user=0.00 sys=0.00, real=0.00 secs] 
250.726: Total time for which application threads were stopped: 0.0005430 seconds, Stopping threads took: 0.0000440 seconds
250.764: Application time: 0.0386340 seconds
250.764: [GC [PSYoungGen: 7600K->496K(8192K)] 18393K->11290K(26112K), 0.0004340 secs] [Times: user=0.00 sys=0.00, real=0.00 secs] 
250.765: Total time for which application threads were stopped: 0.0005610 seconds, Stopping threads took: 0.0000510 seconds
250.804: Application time: 0.0389410 seconds
250.805: [GC [PSYoungGen: 7664K->480K(8192K)] 18458K->11273K(26112K), 0.0004510 secs] [Times: user=0.00 sys=0.00, real=0.00 secs] 
250.806: Total time for which application threads were stopped: 0.0017260 seconds, Stopping threads took: 0.0012050 seconds
250.845: Application time: 0.0389840 seconds
250.845: [GC [PSYoungGen: 7648K->528K(8192K)] 18441K->11321K(26112K), 0.0005130 secs] [Times: user=0.00 sys=0.00, real=0.00 secs] 
250.845: Total time for which application threads were stopped: 0.0006340 seconds, Stopping threads took: 0.0000510 seconds
250.884: Application time: 0.0392690 seconds
250.885: [GC [PSYoungGen: 7696K->512K(8192K)] 18489K->11306K(26112K), 0.0004630 secs] [Times: user=0.00 sys=0.00, real=0.00 secs] 
250.885: Total time for which application threads were stopped: 0.0005780 seconds, Stopping threads took: 0.0000460 seconds
250.924: Application time: 0.0390410 seconds
250.924: [GC [PSYoungGen: 7680K->528K(8192K)] 18474K->11322K(26112K), 0.0004140 secs] [Times: user=0.00 sys=0.00, real=0.00 secs] 
250.925: Total time for which application threads were stopped: 0.0005280 seconds, Stopping threads took: 0.0000430 seconds
250.963: Application time: 0.0385250 seconds
250.963: [GC [PSYoungGen: 7696K->496K(8192K)] 18490K->11290K(26112K), 0.0004230 secs] [Times: user=0.00 sys=0.00, real=0.00 secs] 
250.964: Total time for which application threads were stopped: 0.0005420 seconds, Stopping threads took: 0.0000500 seconds
251.002: Application time: 0.0387280 seconds
251.002: [GC [PSYoungGen: 7664K->480K(8192K)] 18458K->11273K(26112K), 0.0004590 secs] [Times: user=0.00 sys=0.00, real=0.00 secs] 
251.003: Total time for which application threads were stopped: 0.0005670 seconds, Stopping threads took: 0.0000410 seconds
251.042: Application time: 0.0387190 seconds
251.042: [GC [PSYoungGen: 7648K->464K(8192K)] 18441K->11258K(26112K), 0.0004690 secs] [Times: user=0.00 sys=0.00, real=0.00 secs] 
251.042: Total time for which application threads were stopped: 0.0005790 seconds, Stopping threads took: 0.0000460 seconds
251.081: Application time: 0.0390580 seconds
251.081: [GC [PSYoungGen: 7632K->496K(8192K)] 18426K->11289K(26112K), 0.0005190 secs] [Times: user=0.00 sys=0.00, real=0.00 secs] 
251.082: Total time for which application threads were stopped: 0.0006480 seconds, Stopping threads took: 0.0000600 seconds
251.121: Application time: 0.0390570 seconds
251.121: [GC [PSYoungGen: 7664K->496K(8192K)] 18457K->11290K(26112K), 0.0005080 secs] [Times: user=0.00 sys=0.00, real=0.00 secs] 
251.122: Total time for which application threads were stopped: 0.0006270 seconds, Stopping threads took: 0.0000490 seconds
251.161: Application time: 0.0390260 seconds
251.161: [GC [PSYoungGen: 7664K->432K(8192K)] 18458K->11314K(26112K), 0.0004290 secs] [Times: user=0.00 sys=0.00, real=0.01 secs] 
251.161: Total time for which application threads were stopped: 0.0005450 seconds, Stopping threads took: 0.0000480 seconds
251.200: Application time: 0.0392400 seconds
251.201: [GC [PSYoungGen: 7600K->336K(8192K)] 18482K->11346K(26112K), 0.0004170 secs] [Times: user=0.00 sys=0.00, real=0.01 secs] 
251.201: Total time for which application threads were stopped: 0.0005340 seconds, Stopping threads took: 0.0000490 seconds
251.240: Application time: 0.0389090 seconds
251.240: [GC [PSYoungGen: 7504K->272K(8192K)] 18514K->11322K(26112K), 0.0004500 secs] [Times: user=0.00 sys=0.00, real=0.00 secs] 
251.241: Total time for which application threads were stopped: 0.0005690 seconds, Stopping threads took: 0.0000470 seconds
251.279: Application time: 0.0389060 seconds
251.280: [GC [PSYoungGen: 7440K->272K(8192K)] 18490K->11386K(26112K), 0.0003790 secs] [Times: user=0.00 sys=0.00, real=0.00 secs] 
251.280: Total time for which application threads were stopped: 0.0005080 seconds, Stopping threads took: 0.0000560 seconds
251.319: Application time: 0.0385900 seconds
251.319: [GC [PSYoungGen: 7440K->320K(8192K)] 18554K->11434K(26112K), 0.0003880 secs] [Times: user=0.00 sys=0.00, real=0.00 secs] 
251.319: Total time for which application threads were stopped: 0.0005020 seconds, Stopping threads took: 0.0000470 seconds
251.357: Application time: 0.0383270 seconds
251.357: [GC [PSYoungGen: 7488K->288K(8192K)] 18602K->11450K(26112K), 0.0004370 secs] [Times: user=0.00 sys=0.00, real=0.00 secs] 
251.358: Total time for which application threads were stopped: 0.0005550 seconds, Stopping threads took: 0.0000490 seconds
251.396: Application time: 0.0384660 seconds
251.396: [GC [PSYoungGen: 7456K->384K(8192K)] 18618K->11546K(26112K), 0.0003920 secs] [Times: user=0.00 sys=0.00, real=0.00 secs] 
251.397: Total time for which application threads were stopped: 0.0005050 seconds, Stopping threads took: 0.0000470 seconds
251.434: Application time: 0.0375500 seconds
251.435: [GC [PSYoungGen: 7552K->416K(8192K)] 18714K->11578K(26112K), 0.0004850 secs] [Times: user=0.01 sys=0.00, real=0.00 secs] 
251.435: Total time for which application threads were stopped: 0.0005920 seconds, Stopping threads took: 0.0000380 seconds
251.474: Application time: 0.0388040 seconds
251.474: [GC [PSYoungGen: 7584K->480K(8192K)] 18746K->11642K(26112K), 0.0004210 secs] [Times: user=0.00 sys=0.00, real=0.00 secs] 
251.474: Total time for which application threads were stopped: 0.0005330 seconds, Stopping threads took: 0.0000430 seconds
251.514: Application time: 0.0394430 seconds
251.514: [GC [PSYoungGen: 7648K->480K(8192K)] 18810K->11642K(26112K), 0.0004310 secs] [Times: user=0.00 sys=0.00, real=0.00 secs] 
251.514: Total time for which application threads were stopped: 0.0005540 seconds, Stopping threads took: 0.0000580 seconds
251.553: Application time: 0.0382270 seconds
251.553: [GC [PSYoungGen: 7648K->512K(8192K)] 18810K->11674K(26112K), 0.0004320 secs] [Times: user=0.00 sys=0.00, real=0.00 secs] 
251.553: Total time for which application threads were stopped: 0.0005470 seconds, Stopping threads took: 0.0000480 seconds
251.593: Application time: 0.0396350 seconds
251.593: [GC [PSYoungGen: 7680K->512K(8192K)] 18842K->11674K(26112K), 0.0004370 secs] [Times: user=0.00 sys=0.00, real=0.00 secs] 
251.593: Total time for which application threads were stopped: 0.0005480 seconds, Stopping threads took: 0.0000440 seconds
251.632: Application time: 0.0389010 seconds
251.632: [GC [PSYoungGen: 7680K->512K(8192K)] 18842K->11674K(26112K), 0.0004370 secs] [Times: user=0.00 sys=0.00, real=0.00 secs] 
251.633: Total time for which application threads were stopped: 0.0005520 seconds, Stopping threads took: 0.0000460 seconds
251.672: Application time: 0.0389800 seconds
251.672: [GC [PSYoungGen: 7680K->464K(8192K)] 18842K->11626K(26112K), 0.0004780 secs] [Times: user=0.00 sys=0.00, real=0.00 secs] 
251.672: Total time for which application threads were stopped: 0.0005990 seconds, Stopping threads took: 0.0000460 seconds
251.711: Application time: 0.0387610 seconds
251.711: [GC [PSYoungGen: 7632K->496K(8192K)] 18794K->11658K(26112K), 0.0004330 secs] [Times: user=0.00 sys=0.00, real=0.00 secs] 
251.712: Total time for which application threads were stopped: 0.0005560 seconds, Stopping threads took: 0.0000530 seconds
251.751: Application time: 0.0388560 seconds
251.751: [GC [PSYoungGen: 7664K->528K(8192K)] 18826K->11690K(26112K), 0.0004450 secs] [Times: user=0.00 sys=0.00, real=0.00 secs] 
251.751: Total time for which application threads were stopped: 0.0005580 seconds, Stopping threads took: 0.0000490 seconds
251.790: Application time: 0.0387950 seconds
251.790: [GC [PSYoungGen: 7696K->496K(8192K)] 18858K->11658K(26112K), 0.0004700 secs] [Times: user=0.00 sys=0.00, real=0.00 secs] 
251.790: Total time for which application threads were stopped: 0.0005960 seconds, Stopping threads took: 0.0000480 seconds
251.829: Application time: 0.0388410 seconds
251.829: [GC [PSYoungGen: 7664K->512K(8192K)] 18826K->11674K(26112K), 0.0004540 secs] [Times: user=0.00 sys=0.00, real=0.00 secs] 
251.830: Total time for which application threads were stopped: 0.0005740 seconds, Stopping threads took: 0.0000460 seconds
251.869: Application time: 0.0389870 seconds
251.869: [GC [PSYoungGen: 7680K->528K(8192K)] 18842K->11690K(26112K), 0.0004410 secs] [Times: user=0.00 sys=0.00, real=0.00 secs] 
251.869: Total time for which application threads were stopped: 0.0005590 seconds, Stopping threads took: 0.0000490 seconds
251.908: Application time: 0.0389120 seconds
251.908: [GC [PSYoungGen: 7696K->464K(8192K)] 18858K->11666K(26112K), 0.0004230 secs] [Times: user=0.00 sys=0.00, real=0.00 secs] 
251.909: Total time for which application threads were stopped: 0.0005410 seconds, Stopping threads took: 0.0000520 seconds
251.948: Application time: 0.0389080 seconds
251.948: [GC [PSYoungGen: 7632K->432K(8192K)] 18834K->11690K(26112K), 0.0004250 secs] [Times: user=0.00 sys=0.00, real=0.00 secs] 
251.948: Total time for which application threads were stopped: 0.0005540 seconds, Stopping threads took: 0.0000610 seconds
251.988: Application time: 0.0393470 seconds
251.988: [GC [PSYoungGen: 7600K->304K(8192K)] 18858K->11674K(26112K), 0.0004090 secs] [Times: user=0.00 sys=0.00, real=0.00 secs] 
251.988: Total time for which application threads were stopped: 0.0005190 seconds, Stopping threads took: 0.0000410 seconds
252.027: Application time: 0.0388950 seconds
252.027: [GC [PSYoungGen: 7472K->240K(8192K)] 18842K->11698K(26112K), 0.0004240 secs] [Times: user=0.00 sys=0.00, real=0.00 secs] 
252.028: Total time for which application threads were stopped: 0.0005510 seconds, Stopping threads took: 0.0000550 seconds
252.067: Application time: 0.0389240 seconds
252.067: [GC [PSYoungGen: 7408K->256K(8192K)] 18866K->11714K(26112K), 0.0004030 secs] [Times: user=0.00 sys=0.00, real=0.00 secs] 
252.067: Total time for which application threads were stopped: 0.0005150 seconds, Stopping threads took: 0.0000440 seconds
252.106: Application time: 0.0386740 seconds
252.106: [GC [PSYoungGen: 7424K->320K(8192K)] 18882K->11778K(26112K), 0.0004130 secs] [Times: user=0.00 sys=0.00, real=0.00 secs] 
252.106: Total time for which application threads were stopped: 0.0005330 seconds, Stopping threads took: 0.0000480 seconds
252.144: Application time: 0.0373670 seconds
252.144: [GC [PSYoungGen: 7488K->400K(8192K)] 18946K->11914K(26112K), 0.0004070 secs] [Times: user=0.00 sys=0.00, real=0.00 secs] 
252.144: Total time for which application threads were stopped: 0.0005280 seconds, Stopping threads took: 0.0000520 seconds
252.182: Application time: 0.0378710 seconds
252.182: [GC [PSYoungGen: 7568K->416K(8192K)] 19082K->11930K(26112K), 0.0004570 secs] [Times: user=0.00 sys=0.00, real=0.00 secs] 
252.183: Total time for which application threads were stopped: 0.0005720 seconds, Stopping threads took: 0.0000480 seconds
252.221: Application time: 0.0387760 seconds
252.222: [GC [PSYoungGen: 7584K->432K(8192K)] 19098K->11946K(26112K), 0.0004660 secs] [Times: user=0.00 sys=0.00, real=0.00 secs] 
252.222: Total time for which application threads were stopped: 0.0005920 seconds, Stopping threads took: 0.0000570 seconds
252.261: Application time: 0.0389190 seconds
252.261: [GC [PSYoungGen: 7600K->448K(8192K)] 19114K->11962K(26112K), 0.0004210 secs] [Times: user=0.00 sys=0.00, real=0.00 secs] 
252.262: Total time for which application threads were stopped: 0.0005360 seconds, Stopping threads took: 0.0000470 seconds
252.300: Application time: 0.0387600 seconds
252.300: [GC [PSYoungGen: 7616K->480K(8192K)] 19130K->11994K(26112K), 0.0004290 secs] [Times: user=0.00 sys=0.00, real=0.00 secs] 
252.301: Total time for which application threads were stopped: 0.0005620 seconds, Stopping threads took: 0.0000550 seconds
252.340: Application time: 0.0389520 seconds
252.340: [GC [PSYoungGen: 7648K->496K(8192K)] 19162K->12010K(26112K), 0.0004480 secs] [Times: user=0.01 sys=0.00, real=0.00 secs] 
252.340: Total time for which application threads were stopped: 0.0005600 seconds, Stopping threads took: 0.0000420 seconds
252.380: Application time: 0.0392490 seconds
252.380: [GC [PSYoungGen: 7664K->496K(8192K)] 19178K->12010K(26112K), 0.0004170 secs] [Times: user=0.00 sys=0.00, real=0.00 secs] 
252.380: Total time for which application threads were stopped: 0.0005390 seconds, Stopping threads took: 0.0000560 seconds
252.419: Application time: 0.0389130 seconds
252.419: [GC [PSYoungGen: 7664K->544K(8192K)] 19178K->12058K(26112K), 0.0004430 secs] [Times: user=0.00 sys=0.00, real=0.00 secs] 
252.420: Total time for which application threads were stopped: 0.0005590 seconds, Stopping threads took: 0.0000500 seconds
252.459: Application time: 0.0390560 seconds
252.461: [GC [PSYoungGen: 7712K->480K(8192K)] 19226K->11994K(26112K), 0.0004330 secs] [Times: user=0.00 sys=0.00, real=0.00 secs] 
252.462: Total time for which application threads were stopped: 0.0028490 seconds, Stopping threads took: 0.0023480 seconds
252.500: Application time: 0.0388030 seconds
252.500: [GC [PSYoungGen: 7648K->512K(8192K)] 19162K->12026K(26112K), 0.0004170 secs] [Times: user=0.00 sys=0.00, real=0.00 secs] 
252.501: Total time for which application threads were stopped: 0.0005270 seconds, Stopping threads took: 0.0000440 seconds
252.539: Application time: 0.0386370 seconds
252.540: [GC [PSYoungGen: 7680K->464K(8192K)] 19194K->11978K(26112K), 0.0004330 secs] [Times: user=0.00 sys=0.00, real=0.00 secs] 
252.540: Total time for which application threads were stopped: 0.0005490 seconds, Stopping threads took: 0.0000470 seconds
252.579: Application time: 0.0387880 seconds
252.579: [GC [PSYoungGen: 7632K->480K(8192K)] 19146K->11994K(26112K), 0.0004220 secs] [Times: user=0.01 sys=0.00, real=0.00 secs] 
252.579: Total time for which application threads were stopped: 0.0005350 seconds, Stopping threads took: 0.0000440 seconds
252.618: Application time: 0.0388760 seconds
252.618: [GC [PSYoungGen: 7648K->528K(8192K)] 19162K->12042K(26112K), 0.0004750 secs] [Times: user=0.00 sys=0.00, real=0.00 secs] 
252.619: Total time for which application threads were stopped: 0.0005910 seconds, Stopping threads took: 0.0000490 seconds
252.658: Application time: 0.0393620 seconds
252.658: [GC [PSYoungGen: 7696K->512K(8192K)] 19210K->12026K(26112K), 0.0005100 secs] [Times: user=0.00 sys=0.00, real=0.00 secs] 
252.659: Total time for which application threads were stopped: 0.0006470 seconds, Stopping threads took: 0.0000600 seconds
252.698: Application time: 0.0388970 seconds
252.698: [GC [PSYoungGen: 7680K->432K(8192K)] 19194K->11994K(26112K), 0.0004500 secs] [Times: user=0.00 sys=0.00, real=0.00 secs] 
252.698: Total time for which application threads were stopped: 0.0005650 seconds, Stopping threads took: 0.0000460 seconds
252.737: Application time: 0.0388780 seconds
252.737: [GC [PSYoungGen: 7600K->352K(8192K)] 19162K->12042K(26112K), 0.0004380 secs] [Times: user=0.00 sys=0.00, real=0.00 secs] 
252.738: Total time for which application threads were stopped: 0.0005470 seconds, Stopping threads took: 0.0000400 seconds
252.777: Application time: 0.0393480 seconds
252.777: [GC [PSYoungGen: 7520K->320K(8192K)] 19210K->12102K(26112K), 0.0004110 secs] [Times: user=0.00 sys=0.00, real=0.00 secs] 
252.778: Total time for which application threads were stopped: 0.0005280 seconds, Stopping threads took: 0.0000470 seconds
252.817: Application time: 0.0397220 seconds
252.817: [GC [PSYoungGen: 7488K->272K(8192K)] 19270K->12110K(26112K), 0.0003820 secs] [Times: user=0.00 sys=0.00, real=0.00 secs] 
252.818: Total time for which application threads were stopped: 0.0004910 seconds, Stopping threads took: 0.0000330 seconds
252.857: Application time: 0.0389480 seconds
252.857: [GC [PSYoungGen: 7440K->272K(8192K)] 19278K->12110K(26112K), 0.0003840 secs] [Times: user=0.00 sys=0.00, real=0.00 secs] 
252.857: Total time for which application threads were stopped: 0.0005090 seconds, Stopping threads took: 0.0000490 seconds
252.896: Application time: 0.0387950 seconds
252.896: [GC [PSYoungGen: 7440K->272K(8192K)] 19278K->12166K(26112K), 0.0003690 secs] [Times: user=0.01 sys=0.00, real=0.00 secs] 
252.897: Total time for which application threads were stopped: 0.0004930 seconds, Stopping threads took: 0.0000570 seconds
252.934: Application time: 0.0373960 seconds
252.934: [GC [PSYoungGen: 7440K->368K(8192K)] 19334K->12262K(26112K), 0.0003850 secs] [Times: user=0.01 sys=0.00, real=0.00 secs] 
252.934: Total time for which application threads were stopped: 0.0005050 seconds, Stopping threads took: 0.0000520 seconds
252.972: Application time: 0.0378880 seconds
252.972: [GC [PSYoungGen: 7536K->416K(8192K)] 19430K->12310K(26112K), 0.0004610 secs] [Times: user=0.00 sys=0.00, real=0.00 secs] 
252.973: Total time for which application threads were stopped: 0.0005790 seconds, Stopping threads took: 0.0000490 seconds
253.011: Application time: 0.0383530 seconds
253.011: [GC [PSYoungGen: 7584K->512K(8192K)] 19478K->12406K(26112K), 0.0004480 secs] [Times: user=0.01 sys=0.00, real=0.00 secs] 
253.012: Total time for which application threads were stopped: 0.0005660 seconds, Stopping threads took: 0.0000490 seconds
253.051: Application time: 0.0392970 seconds
253.051: [GC [PSYoungGen: 7680K->480K(8192K)] 19574K->12374K(26112K), 0.0004440 secs] [Times: user=0.00 sys=0.00, real=0.00 secs] 
253.052: Total time for which application threads were stopped: 0.0005660 seconds, Stopping threads took: 0.0000540 seconds
253.090: Application time: 0.0382880 seconds
253.090: [GC [PSYoungGen: 7648K->528K(8192K)] 19542K->12422K(26112K), 0.0004650 secs] [Times: user=0.00 sys=0.00, real=0.00 secs] 
253.091: Total time for which application threads were stopped: 0.0005890 seconds, Stopping threads took: 0.0000530 seconds
253.130: Application time: 0.0391120 seconds
253.130: [GC [PSYoungGen: 7696K->528K(8192K)] 19590K->12422K(26112K), 0.0004430 secs] [Times: user=0.00 sys=0.00, real=0.00 secs] 
253.130: Total time for which application threads were stopped: 0.0005600 seconds, Stopping threads took: 0.0000520 seconds
253.169: Application time: 0.0391050 seconds
253.169: [GC [PSYoungGen: 7696K->512K(8192K)] 19590K->12406K(26112K), 0.0004180 secs] [Times: user=0.00 sys=0.00, real=0.00 secs] 
253.170: Total time for which application threads were stopped: 0.0005410 seconds, Stopping threads took: 0.0000550 seconds
253.209: Application time: 0.0390690 seconds
253.209: [GC [PSYoungGen: 7680K->528K(8192K)] 19574K->12422K(26112K), 0.0004380 secs] [Times: user=0.00 sys=0.00, real=0.00 secs] 
253.210: Total time for which application threads were stopped: 0.0005550 seconds, Stopping threads took: 0.0000470 seconds
253.249: Application time: 0.0392010 seconds
253.249: [GC [PSYoungGen: 7696K->528K(8192K)] 19590K->12422K(26112K), 0.0004290 secs] [Times: user=0.01 sys=0.00, real=0.01 secs] 
253.249: Total time for which application threads were stopped: 0.0005420 seconds, Stopping threads took: 0.0000460 seconds
253.288: Application time: 0.0387720 seconds
253.288: [GC [PSYoungGen: 7696K->512K(8192K)] 19590K->12406K(26112K), 0.0004720 secs] [Times: user=0.00 sys=0.00, real=0.00 secs] 
253.289: Total time for which application threads were stopped: 0.0005930 seconds, Stopping threads took: 0.0000520 seconds
253.327: Application time: 0.0384690 seconds
253.327: [GC [PSYoungGen: 7680K->496K(8192K)] 19574K->12390K(26112K), 0.0004340 secs] [Times: user=0.00 sys=0.00, real=0.00 secs] 
253.328: Total time for which application threads were stopped: 0.0005600 seconds, Stopping threads took: 0.0000500 seconds
253.367: Application time: 0.0389970 seconds
253.367: [GC [PSYoungGen: 7664K->512K(8192K)] 19558K->12406K(26112K), 0.0004530 secs] [Times: user=0.00 sys=0.00, real=0.00 secs] 
253.367: Total time for which application threads were stopped: 0.0005850 seconds, Stopping threads took: 0.0000640 seconds
253.407: Application time: 0.0394390 seconds
253.407: [GC [PSYoungGen: 7680K->480K(8192K)] 19574K->12374K(26112K), 0.0004490 secs] [Times: user=0.00 sys=0.00, real=0.00 secs] 
253.407: Total time for which application threads were stopped: 0.0005750 seconds, Stopping threads took: 0.0000570 seconds
253.446: Application time: 0.0389740 seconds
253.446: [GC [PSYoungGen: 7648K->480K(8192K)] 19542K->12374K(26112K), 0.0004440 secs] [Times: user=0.00 sys=0.00, real=0.00 secs] 
253.447: Total time for which application threads were stopped: 0.0005700 seconds, Stopping threads took: 0.0000610 seconds
253.486: Application time: 0.0388870 seconds
253.486: [GC [PSYoungGen: 7648K->448K(8192K)] 19542K->12398K(26112K), 0.0004420 secs] [Times: user=0.00 sys=0.00, real=0.00 secs] 
253.486: Total time for which application threads were stopped: 0.0005640 seconds, Stopping threads took: 0.0000510 seconds
253.525: Application time: 0.0389060 seconds
253.525: [GC [PSYoungGen: 7616K->368K(8192K)] 19566K->12434K(26112K), 0.0004620 secs] [Times: user=0.00 sys=0.00, real=0.00 secs] 
253.526: Total time for which application threads were stopped: 0.0005740 seconds, Stopping threads took: 0.0000460 seconds
253.565: Application time: 0.0390500 seconds
253.565: [GC [PSYoungGen: 7536K->304K(8192K)] 19602K->12470K(26112K), 0.0004110 secs] [Times: user=0.00 sys=0.00, real=0.00 secs] 
253.565: Total time for which application threads were stopped: 0.0005330 seconds, Stopping threads took: 0.0000500 seconds
253.605: Application time: 0.0391940 seconds
253.605: [GC [PSYoungGen: 7472K->272K(8192K)] 19638K->12486K(26112K), 0.0003940 secs] [Times: user=0.01 sys=0.00, real=0.00 secs] 
253.605: Total time for which application threads were stopped: 0.0005240 seconds, Stopping threads took: 0.0000590 seconds
253.644: Application time: 0.0393350 seconds
253.645: [GC [PSYoungGen: 7440K->272K(8192K)] 19654K->12486K(26112K), 0.0004290 secs] [Times: user=0.00 sys=0.00, real=0.00 secs] 
253.645: Total time for which application threads were stopped: 0.0005600 seconds, Stopping threads took: 0.0000470 seconds
253.684: Application time: 0.0385200 seconds
253.684: [GC [PSYoungGen: 7440K->272K(8192K)] 19654K->12542K(26112K), 0.0003820 secs] [Times: user=0.00 sys=0.00, real=0.00 secs] 
253.684: Total time for which application threads were stopped: 0.0005060 seconds, Stopping threads took: 0.0000510 seconds
253.721: Application time: 0.0370390 seconds
253.721: [GC [PSYoungGen: 7440K->432K(8192K)] 19710K->12703K(26112K), 0.0004550 secs] [Times: user=0.00 sys=0.00, real=0.00 secs] 
253.722: Total time for which application threads were stopped: 0.0005660 seconds, Stopping threads took: 0.0000430 seconds
253.760: Application time: 0.0384460 seconds
253.760: [GC [PSYoungGen: 7600K->400K(8192K)] 19871K->12671K(26112K), 0.0004580 secs] [Times: user=0.00 sys=0.00, real=0.01 secs] 
253.762: Total time for which application threads were stopped: 0.0015670 seconds, Stopping threads took: 0.0000440 seconds
253.800: Application time: 0.0385760 seconds
253.800: [GC [PSYoungGen: 7568K->480K(8192K)] 19839K->12751K(26112K), 0.0004630 secs] [Times: user=0.01 sys=0.00, real=0.00 secs] 
253.801: Total time for which application threads were stopped: 0.0006060 seconds, Stopping threads took: 0.0000730 seconds
253.840: Application time: 0.0391090 seconds
253.840: [GC [PSYoungGen: 7648K->480K(8192K)] 19919K->12751K(26112K), 0.0004320 secs] [Times: user=0.00 sys=0.00, real=0.00 secs] 
253.841: Total time for which application threads were stopped: 0.0005720 seconds, Stopping threads took: 0.0000650 seconds
253.879: Application time: 0.0385620 seconds
253.879: [GC [PSYoungGen: 7648K->528K(8192K)] 19919K->12799K(26112K), 0.0004160 secs] [Times: user=0.01 sys=0.00, real=0.00 secs] 
253.880: Total time for which application threads were stopped: 0.0005350 seconds, Stopping threads took: 0.0000470 seconds
253.918: Application time: 0.0388580 seconds
253.919: [GC [PSYoungGen: 7696K->528K(8192K)] 19967K->12799K(26112K), 0.0004280 secs] [Times: user=0.00 sys=0.00, real=0.00 secs] 
253.919: Total time for which application threads were stopped: 0.0005490 seconds, Stopping threads took: 0.0000530 seconds
253.958: Application time: 0.0392460 seconds
253.958: [GC [PSYoungGen: 7696K->496K(8192K)] 19967K->12767K(26112K), 0.0004830 secs] [Times: user=0.00 sys=0.00, real=0.00 secs] 
253.959: Total time for which application threads were stopped: 0.0005990 seconds, Stopping threads took: 0.0000470 seconds
253.998: Application time: 0.0389350 seconds
253.998: [GC [PSYoungGen: 7664K->528K(8192K)] 19935K->12799K(26112K), 0.0004420 secs] [Times: user=0.00 sys=0.00, real=0.00 secs] 
253.998: Total time for which application threads were stopped: 0.0005550 seconds, Stopping threads took: 0.0000440 seconds
254.037: Application time: 0.0390520 seconds
254.038: [GC [PSYoungGen: 7696K->528K(8192K)] 19967K->12799K(26112K), 0.0004180 secs] [Times: user=0.00 sys=0.00, real=0.00 secs] 
254.038: Total time for which application threads were stopped: 0.0005320 seconds, Stopping threads took: 0.0000450 seconds
254.077: Application time: 0.0388160 seconds
254.077: [GC [PSYoungGen: 7696K->496K(8192K)] 19967K->12767K(26112K), 0.0004720 secs] [Times: user=0.00 sys=0.00, real=0.00 secs] 
254.077: Total time for which application threads were stopped: 0.0006000 seconds, Stopping threads took: 0.0000600 seconds
254.116: Application time: 0.0388360 seconds
254.116: [GC [PSYoungGen: 7664K->480K(8192K)] 19935K->12751K(26112K), 0.0004500 secs] [Times: user=0.00 sys=0.00, real=0.00 secs] 
254.117: Total time for which application threads were stopped: 0.0005940 seconds, Stopping threads took: 0.0000760 seconds
254.156: Application time: 0.0387990 seconds
254.157: [GC [PSYoungGen: 7648K->496K(8192K)] 19919K->12767K(26112K), 0.0004540 secs] [Times: user=0.00 sys=0.00, real=0.00 secs] 
254.158: Total time for which application threads were stopped: 0.0019470 seconds, Stopping threads took: 0.0014280 seconds
254.197: Application time: 0.0390250 seconds
254.197: [GC [PSYoungGen: 7664K->496K(8192K)] 19935K->12767K(26112K), 0.0004350 secs] [Times: user=0.00 sys=0.00, real=0.00 secs] 
254.197: Total time for which application threads were stopped: 0.0005730 seconds, Stopping threads took: 0.0000660 seconds
254.236: Application time: 0.0389380 seconds
254.236: [GC [PSYoungGen: 7664K->496K(8192K)] 19935K->12767K(26112K), 0.0004190 secs] [Times: user=0.00 sys=0.00, real=0.00 secs] 
254.237: Total time for which application threads were stopped: 0.0005390 seconds, Stopping threads took: 0.0000520 seconds
254.276: Application time: 0.0392790 seconds
254.276: [GC [PSYoungGen: 7664K->432K(8192K)] 19935K->12759K(26112K), 0.0004650 secs] [Times: user=0.01 sys=0.00, real=0.00 secs] 
254.276: Total time for which application threads were stopped: 0.0005810 seconds, Stopping threads took: 0.0000490 seconds
254.315: Application time: 0.0388650 seconds
254.315: [GC [PSYoungGen: 7600K->336K(8192K)] 19927K->12811K(26112K), 0.0004220 secs] [Times: user=0.00 sys=0.00, real=0.00 secs] 
254.316: Total time for which application threads were stopped: 0.0005400 seconds, Stopping threads took: 0.0000490 seconds
254.355: Application time: 0.0388310 seconds
254.355: [GC [PSYoungGen: 7504K->288K(8192K)] 19979K->12819K(26112K), 0.0004080 secs] [Times: user=0.00 sys=0.00, real=0.00 secs] 
254.355: Total time for which application threads were stopped: 0.0005300 seconds, Stopping threads took: 0.0000450 seconds
254.394: Application time: 0.0389950 seconds
254.394: [GC [PSYoungGen: 7456K->272K(8192K)] 19987K->12851K(26112K), 0.0003940 secs] [Times: user=0.00 sys=0.00, real=0.00 secs] 
254.395: Total time for which application threads were stopped: 0.0005120 seconds, Stopping threads took: 0.0000520 seconds
254.434: Application time: 0.0390830 seconds
254.434: [GC [PSYoungGen: 7440K->256K(8192K)] 20019K->12835K(26112K), 0.0004580 secs] [Times: user=0.01 sys=0.00, real=0.00 secs] 
254.434: Total time for which application threads were stopped: 0.0005750 seconds, Stopping threads took: 0.0000510 seconds
254.472: Application time: 0.0374090 seconds
254.472: [GC [PSYoungGen: 7424K->320K(8192K)] 20003K->12939K(26112K), 0.0004000 secs] [Times: user=0.00 sys=0.00, real=0.00 secs] 
254.472: Total time for which application threads were stopped: 0.0005290 seconds, Stopping threads took: 0.0000510 seconds
254.510: Application time: 0.0379520 seconds
254.510: [GC [PSYoungGen: 7488K->416K(8192K)] 20107K->13035K(26112K), 0.0004130 secs] [Times: user=0.00 sys=0.00, real=0.00 secs] 
254.511: Total time for which application threads were stopped: 0.0005300 seconds, Stopping threads took: 0.0000480 seconds
254.549: Application time: 0.0379180 seconds
254.549: [GC [PSYoungGen: 7584K->448K(8192K)] 20203K->13067K(26112K), 0.0004630 secs] [Times: user=0.00 sys=0.00, real=0.01 secs] 
254.549: Total time for which application threads were stopped: 0.0005810 seconds, Stopping threads took: 0.0000500 seconds
254.588: Application time: 0.0390620 seconds
254.589: [GC [PSYoungGen: 7616K->480K(8192K)] 20235K->13099K(26112K), 0.0004550 secs] [Times: user=0.00 sys=0.00, real=0.00 secs] 
254.589: Total time for which application threads were stopped: 0.0005700 seconds, Stopping threads took: 0.0000420 seconds
254.627: Application time: 0.0382970 seconds
254.627: [GC [PSYoungGen: 7648K->528K(8192K)] 20267K->13147K(26112K), 0.0004390 secs] [Times: user=0.00 sys=0.00, real=0.00 secs] 
254.628: Total time for which application threads were stopped: 0.0005620 seconds, Stopping threads took: 0.0000510 seconds
254.667: Application time: 0.0392150 seconds
254.667: [GC [PSYoungGen: 7696K->512K(8192K)] 20315K->13131K(26112K), 0.0004830 secs] [Times: user=0.00 sys=0.00, real=0.00 secs] 
254.668: Total time for which application threads were stopped: 0.0006220 seconds, Stopping threads took: 0.0000630 seconds
254.707: Application time: 0.0392450 seconds
254.707: [GC [PSYoungGen: 7680K->512K(8192K)] 20299K->13131K(26112K), 0.0004370 secs] [Times: user=0.00 sys=0.00, real=0.00 secs] 
254.708: Total time for which application threads were stopped: 0.0005740 seconds, Stopping threads took: 0.0000650 seconds
254.747: Application time: 0.0389860 seconds
254.747: [GC [PSYoungGen: 7680K->480K(8192K)] 20299K->13099K(26112K), 0.0004570 secs] [Times: user=0.00 sys=0.00, real=0.00 secs] 
254.747: Total time for which application threads were stopped: 0.0005740 seconds, Stopping threads took: 0.0000490 seconds
254.786: Application time: 0.0392300 seconds
254.786: [GC [PSYoungGen: 7648K->480K(8192K)] 20267K->13099K(26112K), 0.0004510 secs] [Times: user=0.00 sys=0.00, real=0.00 secs] 
254.787: Total time for which application threads were stopped: 0.0005760 seconds, Stopping threads took: 0.0000540 seconds
254.826: Application time: 0.0388940 seconds
254.826: [GC [PSYoungGen: 7648K->512K(8192K)] 20267K->13131K(26112K), 0.0004680 secs] [Times: user=0.00 sys=0.00, real=0.00 secs] 
254.826: Total time for which application threads were stopped: 0.0005870 seconds, Stopping threads took: 0.0000490 seconds
254.865: Application time: 0.0387050 seconds
254.865: [GC [PSYoungGen: 7680K->496K(8192K)] 20299K->13115K(26112K), 0.0004770 secs] [Times: user=0.00 sys=0.00, real=0.00 secs] 
254.866: Total time for which application threads were stopped: 0.0006130 seconds, Stopping threads took: 0.0000530 seconds
254.904: Application time: 0.0387290 seconds
254.905: [GC [PSYoungGen: 7664K->496K(8192K)] 20283K->13115K(26112K), 0.0004110 secs] [Times: user=0.01 sys=0.00, real=0.00 secs] 
254.905: Total time for which application threads were stopped: 0.0005310 seconds, Stopping threads took: 0.0000500 seconds
254.944: Application time: 0.0390770 seconds
254.944: [GC [PSYoungGen: 7664K->528K(8192K)] 20283K->13147K(26112K), 0.0004290 secs] [Times: user=0.00 sys=0.00, real=0.00 secs] 
254.945: Total time for which application threads were stopped: 0.0005630 seconds, Stopping threads took: 0.0000640 seconds
254.984: Application time: 0.0389230 seconds
254.984: [GC [PSYoungGen: 7696K->528K(8192K)] 20315K->13147K(26112K), 0.0004890 secs] [Times: user=0.01 sys=0.00, real=0.00 secs] 
254.984: Total time for which application threads were stopped: 0.0006070 seconds, Stopping threads took: 0.0000500 seconds
255.023: Application time: 0.0389020 seconds
255.023: [GC [PSYoungGen: 7696K->512K(8192K)] 20315K->13131K(26112K), 0.0004570 secs] [Times: user=0.00 sys=0.00, real=0.00 secs] 
255.024: Total time for which application threads were stopped: 0.0005770 seconds, Stopping threads took: 0.0000520 seconds
255.063: Application time: 0.0389120 seconds
255.063: [GC [PSYoungGen: 7680K->416K(8192K)] 20299K->13147K(26112K), 0.0004660 secs] [Times: user=0.00 sys=0.00, real=0.00 secs] 
255.063: Total time for which application threads were stopped: 0.0005860 seconds, Stopping threads took: 0.0000510 seconds
255.102: Application time: 0.0388290 seconds
255.102: [GC [PSYoungGen: 7584K->336K(8192K)] 20315K->13147K(26112K), 0.0004170 secs] [Times: user=0.00 sys=0.00, real=0.00 secs] 
255.102: Total time for which application threads were stopped: 0.0005320 seconds, Stopping threads took: 0.0000490 seconds
255.141: Application time: 0.0388230 seconds
255.141: [GC [PSYoungGen: 7504K->272K(8192K)] 20315K->13155K(26112K), 0.0003840 secs] [Times: user=0.01 sys=0.00, real=0.00 secs] 
255.142: Total time for which application threads were stopped: 0.0004920 seconds, Stopping threads took: 0.0000410 seconds
255.181: Application time: 0.0388170 seconds
255.181: [GC [PSYoungGen: 7440K->272K(8192K)] 20323K->13155K(26112K), 0.0004680 secs] [Times: user=0.00 sys=0.00, real=0.01 secs] 
255.181: Total time for which application threads were stopped: 0.0005780 seconds, Stopping threads took: 0.0000400 seconds
255.220: Application time: 0.0390460 seconds
255.220: [GC [PSYoungGen: 7440K->256K(8192K)] 20323K->13179K(26112K), 0.0003680 secs] [Times: user=0.00 sys=0.00, real=0.00 secs] 
255.221: Total time for which application threads were stopped: 0.0004800 seconds, Stopping threads took: 0.0000450 seconds
255.258: Application time: 0.0367870 seconds
255.258: [GC [PSYoungGen: 7424K->352K(8192K)] 20347K->13275K(26112K), 0.0005160 secs] [Times: user=0.00 sys=0.00, real=0.00 secs] 
255.258: Total time for which application threads were stopped: 0.0006310 seconds, Stopping threads took: 0.0000450 seconds
255.296: Application time: 0.0379220 seconds
255.296: [GC [PSYoungGen: 7520K->400K(8192K)] 20443K->13323K(26112K), 0.0004260 secs] [Times: user=0.00 sys=0.00, real=0.00 secs] 
255.297: Total time for which application threads were stopped: 0.0005370 seconds, Stopping threads took: 0.0000420 seconds
255.335: Application time: 0.0387260 seconds
255.335: [GC [PSYoungGen: 7568K->432K(8192K)] 20491K->13355K(26112K), 0.0004170 secs] [Times: user=0.01 sys=0.00, real=0.00 secs] 
255.336: Total time for which application threads were stopped: 0.0005400 seconds, Stopping threads took: 0.0000550 seconds
255.375: Application time: 0.0388600 seconds
255.375: [GC [PSYoungGen: 7600K->464K(8192K)] 20523K->13387K(26112K), 0.0004300 secs] [Times: user=0.00 sys=0.00, real=0.00 secs] 
255.375: Total time for which application threads were stopped: 0.0005560 seconds, Stopping threads took: 0.0000490 seconds
255.414: Application time: 0.0387220 seconds
255.414: [GC [PSYoungGen: 7632K->544K(8192K)] 20555K->13467K(26112K), 0.0004270 secs] [Times: user=0.00 sys=0.00, real=0.00 secs] 
255.415: Total time for which application threads were stopped: 0.0005400 seconds, Stopping threads took: 0.0000440 seconds
255.454: Application time: 0.0390450 seconds
255.454: [GC [PSYoungGen: 7712K->496K(8192K)] 20635K->13419K(26112K), 0.0004590 secs] [Times: user=0.00 sys=0.00, real=0.00 secs] 
255.454: Total time for which application threads were stopped: 0.0005730 seconds, Stopping threads took: 0.0000440 seconds
255.493: Application time: 0.0388890 seconds
255.493: [GC [PSYoungGen: 7664K->544K(8192K)] 20587K->13467K(26112K), 0.0004170 secs] [Times: user=0.00 sys=0.00, real=0.00 secs] 
255.494: Total time for which application threads were stopped: 0.0005300 seconds, Stopping threads took: 0.0000440 seconds
255.533: Application time: 0.0392960 seconds
255.533: [GC [PSYoungGen: 7712K->480K(8192K)] 20635K->13403K(26112K), 0.0004710 secs] [Times: user=0.00 sys=0.00, real=0.00 secs] 
255.533: Total time for which application threads were stopped: 0.0005940 seconds, Stopping threads took: 0.0000520 seconds
255.573: Application time: 0.0391430 seconds
255.573: [GC [PSYoungGen: 7648K->480K(8192K)] 20571K->13403K(26112K), 0.0004490 secs] [Times: user=0.00 sys=0.00, real=0.00 secs] 
255.573: Total time for which application threads were stopped: 0.0005700 seconds, Stopping threads took: 0.0000530 seconds
255.612: Application time: 0.0390290 seconds
255.612: [GC [PSYoungGen: 7648K->496K(8192K)] 20571K->13419K(26112K), 0.0004240 secs] [Times: user=0.00 sys=0.00, real=0.00 secs] 
255.613: Total time for which application threads were stopped: 0.0005470 seconds, Stopping threads took: 0.0000530 seconds
255.652: Application time: 0.0388540 seconds
255.652: [GC [PSYoungGen: 7664K->464K(8192K)] 20587K->13387K(26112K), 0.0004740 secs] [Times: user=0.00 sys=0.00, real=0.00 secs] 
255.652: Total time for which application threads were stopped: 0.0006140 seconds, Stopping threads took: 0.0000620 seconds
255.694: Application time: 0.0415420 seconds
255.694: [GC [PSYoungGen: 7632K->480K(8192K)] 20555K->13403K(26112K), 0.0004490 secs] [Times: user=0.01 sys=0.00, real=0.00 secs] 
255.694: Total time for which application threads were stopped: 0.0005810 seconds, Stopping threads took: 0.0000560 seconds
255.733: Application time: 0.0387950 seconds
255.733: [GC [PSYoungGen: 7648K->480K(8192K)] 20571K->13403K(26112K), 0.0004450 secs] [Times: user=0.00 sys=0.00, real=0.00 secs] 
255.734: Total time for which application threads were stopped: 0.0005620 seconds, Stopping threads took: 0.0000440 seconds
255.773: Application time: 0.0391490 seconds
255.773: [GC [PSYoungGen: 7648K->496K(8192K)] 20571K->13419K(26112K), 0.0004550 secs] [Times: user=0.00 sys=0.00, real=0.00 secs] 
255.773: Total time for which application threads were stopped: 0.0005700 seconds, Stopping threads took: 0.0000440 seconds
255.812: Application time: 0.0389480 seconds
255.813: [GC [PSYoungGen: 7664K->512K(8192K)] 20587K->13435K(26112K), 0.0004470 secs] [Times: user=0.00 sys=0.00, real=0.00 secs] 
255.813: Total time for which application threads were stopped: 0.0005850 seconds, Stopping threads took: 0.0000640 seconds
255.852: Application time: 0.0389470 seconds
255.852: [GC [PSYoungGen: 7680K->336K(8192K)] 20603K->13403K(26112K), 0.0004490 secs] [Times: user=0.00 sys=0.00, real=0.00 secs] 
255.853: Total time for which application threads were stopped: 0.0005640 seconds, Stopping threads took: 0.0000460 seconds
255.892: Application time: 0.0393580 seconds
255.892: [GC [PSYoungGen: 7504K->320K(8192K)] 20571K->13483K(26112K), 0.0003800 secs] [Times: user=0.00 sys=0.00, real=0.00 secs] 
255.892: Total time for which application threads were stopped: 0.0005130 seconds, Stopping threads took: 0.0000540 seconds
255.931: Application time: 0.0391140 seconds
255.932: [GC [PSYoungGen: 7488K->272K(8192K)] 20651K->13491K(26112K), 0.0004700 secs] [Times: user=0.00 sys=0.00, real=0.00 secs] 
255.932: Total time for which application threads were stopped: 0.0005850 seconds, Stopping threads took: 0.0000460 seconds
255.971: Application time: 0.0390300 seconds
255.971: [GC [PSYoungGen: 7440K->288K(8192K)] 20659K->13507K(26112K), 0.0003640 secs] [Times: user=0.00 sys=0.00, real=0.00 secs] 
255.972: Total time for which application threads were stopped: 0.0004760 seconds, Stopping threads took: 0.0000440 seconds
256.010: Application time: 0.0386050 seconds
256.010: [GC [PSYoungGen: 7456K->288K(8192K)] 20675K->13571K(26112K), 0.0004210 secs] [Times: user=0.00 sys=0.00, real=0.00 secs] 
256.011: Total time for which application threads were stopped: 0.0005390 seconds, Stopping threads took: 0.0000490 seconds
256.048: Application time: 0.0370500 seconds
256.048: [GC [PSYoungGen: 7456K->368K(8192K)] 20739K->13651K(26112K), 0.0004700 secs] [Times: user=0.00 sys=0.00, real=0.00 secs] 
256.048: Total time for which application threads were stopped: 0.0005950 seconds, Stopping threads took: 0.0000540 seconds
256.088: Application time: 0.0393100 seconds
256.088: [GC [PSYoungGen: 7536K->368K(8192K)] 20819K->13651K(26112K), 0.0004190 secs] [Times: user=0.00 sys=0.00, real=0.00 secs] 
256.088: Total time for which application threads were stopped: 0.0005420 seconds, Stopping threads took: 0.0000470 seconds
256.126: Application time: 0.0376940 seconds
256.126: [GC [PSYoungGen: 7536K->416K(8192K)] 20819K->13699K(26112K), 0.0004270 secs] [Times: user=0.01 sys=0.00, real=0.00 secs] 
256.126: Total time for which application threads were stopped: 0.0005480 seconds, Stopping threads took: 0.0000540 seconds
256.166: Application time: 0.0393770 seconds
256.166: [GC [PSYoungGen: 7584K->480K(8192K)] 20867K->13763K(26112K), 0.0004250 secs] [Times: user=0.00 sys=0.00, real=0.00 secs] 
256.166: Total time for which application threads were stopped: 0.0005440 seconds, Stopping threads took: 0.0000500 seconds
256.205: Application time: 0.0384680 seconds
256.205: [GC [PSYoungGen: 7648K->496K(8192K)] 20931K->13779K(26112K), 0.0004500 secs] [Times: user=0.01 sys=0.00, real=0.00 secs] 
256.205: Total time for which application threads were stopped: 0.0005600 seconds, Stopping threads took: 0.0000420 seconds
256.245: Application time: 0.0396250 seconds
256.245: [GC [PSYoungGen: 7664K->464K(8192K)] 20947K->13747K(26112K), 0.0004660 secs] [Times: user=0.00 sys=0.00, real=0.00 secs] 
256.246: Total time for which application threads were stopped: 0.0005830 seconds, Stopping threads took: 0.0000480 seconds
256.285: Application time: 0.0391740 seconds
256.285: [GC [PSYoungGen: 7632K->512K(8192K)] 20915K->13795K(26112K), 0.0004620 secs] [Times: user=0.00 sys=0.00, real=0.00 secs] 
256.285: Total time for which application threads were stopped: 0.0005840 seconds, Stopping threads took: 0.0000510 seconds
256.324: Application time: 0.0389460 seconds
256.324: [GC [PSYoungGen: 7680K->544K(8192K)] 20963K->13827K(26112K), 0.0004190 secs] [Times: user=0.00 sys=0.00, real=0.00 secs] 
256.325: Total time for which application threads were stopped: 0.0005510 seconds, Stopping threads took: 0.0000640 seconds
256.364: Application time: 0.0392830 seconds
256.364: [GC [PSYoungGen: 7712K->496K(8192K)] 20995K->13779K(26112K), 0.0004160 secs] [Times: user=0.01 sys=0.00, real=0.00 secs] 
256.365: Total time for which application threads were stopped: 0.0005470 seconds, Stopping threads took: 0.0000630 seconds
256.404: Application time: 0.0389920 seconds
256.404: [GC [PSYoungGen: 7664K->512K(8192K)] 20947K->13795K(26112K), 0.0004290 secs] [Times: user=0.00 sys=0.00, real=0.00 secs] 
256.404: Total time for which application threads were stopped: 0.0005620 seconds, Stopping threads took: 0.0000570 seconds
256.443: Application time: 0.0387590 seconds
256.443: [GC [PSYoungGen: 7680K->496K(8192K)] 20963K->13779K(26112K), 0.0004200 secs] [Times: user=0.00 sys=0.00, real=0.00 secs] 
256.444: Total time for which application threads were stopped: 0.0005410 seconds, Stopping threads took: 0.0000530 seconds
256.482: Application time: 0.0388920 seconds
256.483: [GC [PSYoungGen: 7664K->544K(8192K)] 20947K->13827K(26112K), 0.0004450 secs] [Times: user=0.00 sys=0.00, real=0.00 secs] 
256.483: Total time for which application threads were stopped: 0.0005630 seconds, Stopping threads took: 0.0000510 seconds
256.523: Application time: 0.0397620 seconds
256.525: [GC [PSYoungGen: 7712K->432K(8192K)] 20995K->13715K(26112K), 0.0007610 secs] [Times: user=0.00 sys=0.00, real=0.00 secs] 
256.526: Total time for which application threads were stopped: 0.0031290 seconds, Stopping threads took: 0.0022620 seconds
256.572: Application time: 0.0458300 seconds
256.572: [GC [PSYoungGen: 7600K->528K(8192K)] 20883K->13811K(26112K), 0.0005230 secs] [Times: user=0.00 sys=0.00, real=0.00 secs] 
256.572: Total time for which application threads were stopped: 0.0006680 seconds, Stopping threads took: 0.0000630 seconds
256.611: Application time: 0.0390100 seconds
256.612: [GC [PSYoungGen: 7696K->464K(8192K)] 20979K->13787K(26112K), 0.0004370 secs] [Times: user=0.00 sys=0.00, real=0.00 secs] 
256.612: Total time for which application threads were stopped: 0.0005500 seconds, Stopping threads took: 0.0000430 seconds
256.651: Application time: 0.0392230 seconds
256.651: [GC [PSYoungGen: 7632K->336K(8192K)] 20955K->13803K(26112K), 0.0004790 secs] [Times: user=0.00 sys=0.00, real=0.00 secs] 
256.652: Total time for which application threads were stopped: 0.0006250 seconds, Stopping threads took: 0.0000670 seconds
256.691: Application time: 0.0390670 seconds
256.691: [GC [PSYoungGen: 7504K->368K(8192K)] 20971K->13835K(26112K), 0.0004020 secs] [Times: user=0.01 sys=0.00, real=0.00 secs] 
256.691: Total time for which application threads were stopped: 0.0005430 seconds, Stopping threads took: 0.0000700 seconds
256.730: Application time: 0.0389810 seconds
256.731: [GC [PSYoungGen: 7536K->272K(8192K)] 21003K->13827K(26112K), 0.0004260 secs] [Times: user=0.00 sys=0.00, real=0.00 secs] 
256.732: Total time for which application threads were stopped: 0.0012550 seconds, Stopping threads took: 0.0007560 seconds
256.771: Application time: 0.0389750 seconds
256.771: [GC [PSYoungGen: 7440K->272K(8192K)] 20995K->13827K(26112K), 0.0004200 secs] [Times: user=0.00 sys=0.00, real=0.00 secs] 
256.771: Total time for which application threads were stopped: 0.0005360 seconds, Stopping threads took: 0.0000500 seconds
256.809: Application time: 0.0380580 seconds
256.809: [GC [PSYoungGen: 7440K->272K(8192K)] 20995K->13884K(26112K), 0.0003900 secs] [Times: user=0.00 sys=0.00, real=0.00 secs] 
256.810: Total time for which application threads were stopped: 0.0005030 seconds, Stopping threads took: 0.0000450 seconds
256.847: Application time: 0.0376400 seconds
256.848: [GC [PSYoungGen: 7440K->400K(8192K)] 21052K->14012K(26112K), 0.0004240 secs] [Times: user=0.01 sys=0.00, real=0.00 secs] 
256.848: Total time for which application threads were stopped: 0.0005400 seconds, Stopping threads took: 0.0000470 seconds
256.886: Application time: 0.0383900 seconds
256.886: [GC [PSYoungGen: 7568K->384K(8192K)] 21180K->13996K(26112K), 0.0004190 secs] [Times: user=0.00 sys=0.00, real=0.00 secs] 
256.887: Total time for which application threads were stopped: 0.0005520 seconds, Stopping threads took: 0.0000650 seconds
256.926: Application time: 0.0388130 seconds
256.926: [GC [PSYoungGen: 7552K->464K(8192K)] 21164K->14076K(26112K), 0.0004340 secs] [Times: user=0.00 sys=0.00, real=0.00 secs] 
256.926: Total time for which application threads were stopped: 0.0005610 seconds, Stopping threads took: 0.0000470 seconds
256.965: Application time: 0.0385620 seconds
256.965: [GC [PSYoungGen: 7632K->464K(8192K)] 21244K->14076K(26112K), 0.0004290 secs] [Times: user=0.00 sys=0.00, real=0.00 secs] 
256.965: Total time for which application threads were stopped: 0.0005430 seconds, Stopping threads took: 0.0000440 seconds
257.004: Application time: 0.0390120 seconds
257.004: [GC [PSYoungGen: 7632K->480K(8192K)] 21244K->14092K(26112K), 0.0004270 secs] [Times: user=0.00 sys=0.00, real=0.00 secs] 
257.005: Total time for which application threads were stopped: 0.0005450 seconds, Stopping threads took: 0.0000480 seconds
257.044: Application time: 0.0391400 seconds
257.044: [GC [PSYoungGen: 7648K->496K(8192K)] 21260K->14108K(26112K), 0.0004780 secs] [Times: user=0.00 sys=0.00, real=0.00 secs] 
257.045: Total time for which application threads were stopped: 0.0005910 seconds, Stopping threads took: 0.0000440 seconds
257.084: Application time: 0.0390400 seconds
257.084: [GC [PSYoungGen: 7664K->512K(8192K)] 21276K->14124K(26112K), 0.0004680 secs] [Times: user=0.00 sys=0.00, real=0.00 secs] 
257.084: Total time for which application threads were stopped: 0.0005890 seconds, Stopping threads took: 0.0000540 seconds
257.123: Application time: 0.0388840 seconds
257.123: [GC [PSYoungGen: 7680K->544K(8192K)] 21292K->14156K(26112K), 0.0004180 secs] [Times: user=0.00 sys=0.00, real=0.00 secs] 
257.124: Total time for which application threads were stopped: 0.0005400 seconds, Stopping threads took: 0.0000530 seconds
257.163: Application time: 0.0390450 seconds
257.163: [GC [PSYoungGen: 7712K->496K(8192K)] 21324K->14108K(26112K), 0.0004660 secs] [Times: user=0.00 sys=0.00, real=0.00 secs] 
257.163: Total time for which application threads were stopped: 0.0005820 seconds, Stopping threads took: 0.0000460 seconds
257.202: Application time: 0.0387410 seconds
257.202: [GC [PSYoungGen: 7664K->480K(8192K)] 21276K->14092K(26112K), 0.0004300 secs] [Times: user=0.01 sys=0.00, real=0.00 secs] 
257.203: Total time for which application threads were stopped: 0.0005470 seconds, Stopping threads took: 0.0000470 seconds
257.241: Application time: 0.0387810 seconds
257.242: [GC [PSYoungGen: 7648K->464K(8192K)] 21260K->14076K(26112K), 0.0004320 secs] [Times: user=0.01 sys=0.00, real=0.00 secs] 
257.242: Total time for which application threads were stopped: 0.0005460 seconds, Stopping threads took: 0.0000450 seconds
257.281: Application time: 0.0388640 seconds
257.281: [GC [PSYoungGen: 7632K->464K(8192K)] 21244K->14076K(26112K), 0.0004320 secs] [Times: user=0.00 sys=0.01, real=0.01 secs] 
257.281: Total time for which application threads were stopped: 0.0005500 seconds, Stopping threads took: 0.0000510 seconds
257.320: Application time: 0.0387900 seconds
257.320: [GC [PSYoungGen: 7632K->496K(8192K)] 21244K->14108K(26112K), 0.0004240 secs] [Times: user=0.00 sys=0.00, real=0.00 secs] 
257.321: Total time for which application threads were stopped: 0.0005400 seconds, Stopping threads took: 0.0000500 seconds
257.360: Application time: 0.0389690 seconds
257.360: [GC [PSYoungGen: 7664K->544K(8192K)] 21276K->14156K(26112K), 0.0004430 secs] [Times: user=0.00 sys=0.00, real=0.00 secs] 
257.360: Total time for which application threads were stopped: 0.0005620 seconds, Stopping threads took: 0.0000490 seconds
257.399: Application time: 0.0390590 seconds
257.399: [GC [PSYoungGen: 7712K->400K(8192K)] 21324K->14108K(26112K), 0.0004320 secs] [Times: user=0.01 sys=0.00, real=0.00 secs] 
257.400: Total time for which application threads were stopped: 0.0005510 seconds, Stopping threads took: 0.0000500 seconds
257.439: Application time: 0.0390810 seconds
257.439: [GC [PSYoungGen: 7568K->320K(8192K)] 21276K->14144K(26112K), 0.0004190 secs] [Times: user=0.00 sys=0.00, real=0.00 secs] 
257.440: Total time for which application threads were stopped: 0.0005400 seconds, Stopping threads took: 0.0000460 seconds
257.479: Application time: 0.0390730 seconds
257.479: [GC [PSYoungGen: 7488K->288K(8192K)] 21312K->14168K(26112K), 0.0004050 secs] [Times: user=0.00 sys=0.00, real=0.00 secs] 
257.479: Total time for which application threads were stopped: 0.0005280 seconds, Stopping threads took: 0.0000540 seconds
257.518: Application time: 0.0390790 seconds
257.518: [GC [PSYoungGen: 7456K->272K(8192K)] 21336K->14200K(26112K), 0.0003970 secs] [Times: user=0.01 sys=0.00, real=0.00 secs] 
257.519: Total time for which application threads were stopped: 0.0005010 seconds, Stopping threads took: 0.0000360 seconds
257.558: Application time: 0.0388520 seconds
257.558: [GC [PSYoungGen: 7440K->256K(8192K)] 21368K->14232K(26112K), 0.0003780 secs] [Times: user=0.00 sys=0.00, real=0.00 secs] 
257.558: Total time for which application threads were stopped: 0.0004850 seconds, Stopping threads took: 0.0000410 seconds
257.595: Application time: 0.0371790 seconds
257.595: [GC [PSYoungGen: 7424K->384K(8192K)] 21400K->14360K(26112K), 0.0003930 secs] [Times: user=0.00 sys=0.00, real=0.00 secs] 
257.596: Total time for which application threads were stopped: 0.0005040 seconds, Stopping threads took: 0.0000440 seconds
257.634: Application time: 0.0384710 seconds
257.634: [GC [PSYoungGen: 7552K->384K(8192K)] 21528K->14360K(26112K), 0.0004340 secs] [Times: user=0.00 sys=0.00, real=0.00 secs] 
257.635: Total time for which application threads were stopped: 0.0005520 seconds, Stopping threads took: 0.0000520 seconds
257.673: Application time: 0.0379960 seconds
257.673: [GC [PSYoungGen: 7552K->464K(8192K)] 21528K->14440K(26112K), 0.0004740 secs] [Times: user=0.00 sys=0.00, real=0.00 secs] 
257.673: Total time for which application threads were stopped: 0.0005970 seconds, Stopping threads took: 0.0000470 seconds
257.713: Application time: 0.0393370 seconds
257.713: [GC [PSYoungGen: 7632K->464K(8192K)] 21608K->14440K(26112K), 0.0004310 secs] [Times: user=0.00 sys=0.00, real=0.00 secs] 
257.713: Total time for which application threads were stopped: 0.0005610 seconds, Stopping threads took: 0.0000510 seconds
257.752: Application time: 0.0385890 seconds
257.752: [GC [PSYoungGen: 7632K->528K(8192K)] 21608K->14504K(26112K), 0.0004730 secs] [Times: user=0.00 sys=0.00, real=0.00 secs] 
257.752: Total time for which application threads were stopped: 0.0005900 seconds, Stopping threads took: 0.0000440 seconds
257.792: Application time: 0.0390830 seconds
257.792: [GC [PSYoungGen: 7696K->512K(8192K)] 21672K->14488K(26112K), 0.0004760 secs] [Times: user=0.00 sys=0.00, real=0.00 secs] 
257.792: Total time for which application threads were stopped: 0.0005970 seconds, Stopping threads took: 0.0000520 seconds
257.831: Application time: 0.0393000 seconds
257.831: [GC [PSYoungGen: 7680K->496K(8192K)] 21656K->14472K(26112K), 0.0004290 secs] [Times: user=0.00 sys=0.00, real=0.00 secs] 
257.832: Total time for which application threads were stopped: 0.0005390 seconds, Stopping threads took: 0.0000380 seconds
257.871: Application time: 0.0390150 seconds
257.871: [GC [PSYoungGen: 7664K->480K(8192K)] 21640K->14456K(26112K), 0.0004320 secs] [Times: user=0.00 sys=0.00, real=0.00 secs] 
257.872: Total time for which application threads were stopped: 0.0005510 seconds, Stopping threads took: 0.0000500 seconds
257.910: Application time: 0.0388980 seconds
257.913: [GC [PSYoungGen: 7648K->464K(8192K)] 21624K->14440K(26112K), 0.0004570 secs] [Times: user=0.00 sys=0.00, real=0.00 secs] 
257.914: Total time for which application threads were stopped: 0.0031520 seconds, Stopping threads took: 0.0026240 seconds
257.953: Application time: 0.0389950 seconds
257.953: [GC [PSYoungGen: 7632K->480K(8192K)] 21608K->14456K(26112K), 0.0004660 secs] [Times: user=0.01 sys=0.00, real=0.00 secs] 
257.953: Total time for which application threads were stopped: 0.0005940 seconds, Stopping threads took: 0.0000500 seconds
257.992: Application time: 0.0385740 seconds
257.992: [GC [PSYoungGen: 7648K->528K(8192K)] 21624K->14504K(26112K), 0.0004180 secs] [Times: user=0.01 sys=0.00, real=0.00 secs] 
257.992: Total time for which application threads were stopped: 0.0005430 seconds, Stopping threads took: 0.0000570 seconds
258.031: Application time: 0.0387920 seconds
258.031: [GC [PSYoungGen: 7696K->512K(8192K)] 21672K->14488K(26112K), 0.0004300 secs] [Times: user=0.00 sys=0.00, real=0.00 secs] 
258.032: Total time for which application threads were stopped: 0.0005490 seconds, Stopping threads took: 0.0000530 seconds
258.070: Application time: 0.0388740 seconds
258.071: [GC [PSYoungGen: 7680K->480K(8192K)] 21656K->14456K(26112K), 0.0004650 secs] [Times: user=0.00 sys=0.00, real=0.00 secs] 
258.071: Total time for which application threads were stopped: 0.0005870 seconds, Stopping threads took: 0.0000550 seconds
258.110: Application time: 0.0389000 seconds
258.110: [GC [PSYoungGen: 7648K->480K(8192K)] 21624K->14456K(26112K), 0.0004270 secs] [Times: user=0.00 sys=0.00, real=0.00 secs] 
258.111: Total time for which application threads were stopped: 0.0005470 seconds, Stopping threads took: 0.0000490 seconds
258.149: Application time: 0.0388500 seconds
258.149: [GC [PSYoungGen: 7648K->496K(8192K)] 21624K->14472K(26112K), 0.0004470 secs] [Times: user=0.00 sys=0.00, real=0.00 secs] 
258.150: Total time for which application threads were stopped: 0.0005640 seconds, Stopping threads took: 0.0000500 seconds
258.189: Application time: 0.0388620 seconds
258.189: [GC [PSYoungGen: 7664K->352K(8192K)] 21640K->14480K(26112K), 0.0004270 secs] [Times: user=0.01 sys=0.00, real=0.01 secs] 
258.189: Total time for which application threads were stopped: 0.0005420 seconds, Stopping threads took: 0.0000450 seconds
258.228: Application time: 0.0390350 seconds
258.228: [GC [PSYoungGen: 7520K->304K(8192K)] 21648K->14480K(26112K), 0.0004350 secs] [Times: user=0.00 sys=0.00, real=0.00 secs] 
258.229: Total time for which application threads were stopped: 0.0005560 seconds, Stopping threads took: 0.0000510 seconds
258.268: Application time: 0.0391590 seconds
258.268: [GC [PSYoungGen: 7472K->272K(8192K)] 21648K->14528K(26112K), 0.0004000 secs] [Times: user=0.00 sys=0.00, real=0.00 secs] 
258.269: Total time for which application threads were stopped: 0.0005200 seconds, Stopping threads took: 0.0000540 seconds
258.308: Application time: 0.0389150 seconds
258.309: [GC [PSYoungGen: 7440K->272K(8192K)] 21696K->14528K(26112K), 0.0004020 secs] [Times: user=0.00 sys=0.00, real=0.00 secs] 
258.309: Total time for which application threads were stopped: 0.0019480 seconds, Stopping threads took: 0.0014790 seconds
258.348: Application time: 0.0381350 seconds
258.348: [GC [PSYoungGen: 7440K->272K(8192K)] 21696K->14576K(26112K), 0.0003880 secs] [Times: user=0.00 sys=0.00, real=0.00 secs] 
258.348: Total time for which application threads were stopped: 0.0005140 seconds, Stopping threads took: 0.0000560 seconds
258.386: Application time: 0.0377110 seconds
258.386: [GC [PSYoungGen: 7440K->336K(8192K)] 21744K->14640K(26112K), 0.0004100 secs] [Times: user=0.00 sys=0.00, real=0.00 secs] 
258.386: Total time for which application threads were stopped: 0.0005240 seconds, Stopping threads took: 0.0000470 seconds
258.425: Application time: 0.0385500 seconds
258.425: [GC [PSYoungGen: 7504K->416K(8192K)] 21808K->14720K(26112K), 0.0004330 secs] [Times: user=0.00 sys=0.00, real=0.00 secs] 
258.425: Total time for which application threads were stopped: 0.0005510 seconds, Stopping threads took: 0.0000500 seconds
258.464: Application time: 0.0380930 seconds
258.464: [GC [PSYoungGen: 7584K->464K(8192K)] 21888K->14768K(26112K), 0.0004600 secs] [Times: user=0.00 sys=0.00, real=0.00 secs] 
258.464: Total time for which application threads were stopped: 0.0005850 seconds, Stopping threads took: 0.0000440 seconds
258.503: Application time: 0.0390670 seconds
258.503: [GC [PSYoungGen: 7632K->448K(8192K)] 21936K->14752K(26112K), 0.0004500 secs] [Times: user=0.00 sys=0.00, real=0.00 secs] 
258.504: Total time for which application threads were stopped: 0.0005630 seconds, Stopping threads took: 0.0000470 seconds
258.542: Application time: 0.0384960 seconds
258.542: [GC [PSYoungGen: 7616K->512K(8192K)] 21920K->14816K(26112K), 0.0004400 secs] [Times: user=0.01 sys=0.00, real=0.00 secs] 
258.543: Total time for which application threads were stopped: 0.0005570 seconds, Stopping threads took: 0.0000490 seconds
258.582: Application time: 0.0388280 seconds
258.582: [GC [PSYoungGen: 7680K->512K(8192K)] 21984K->14816K(26112K), 0.0004450 secs] [Times: user=0.00 sys=0.00, real=0.00 secs] 
258.582: Total time for which application threads were stopped: 0.0005630 seconds, Stopping threads took: 0.0000510 seconds
258.621: Application time: 0.0391770 seconds
258.622: [GC [PSYoungGen: 7680K->480K(8192K)] 21984K->14784K(26112K), 0.0004370 secs] [Times: user=0.00 sys=0.00, real=0.00 secs] 
258.622: Total time for which application threads were stopped: 0.0005450 seconds, Stopping threads took: 0.0000390 seconds
258.661: Application time: 0.0394400 seconds
258.662: [GC [PSYoungGen: 7648K->528K(8192K)] 21952K->14832K(26112K), 0.0004770 secs] [Times: user=0.01 sys=0.00, real=0.00 secs] 
258.662: Total time for which application threads were stopped: 0.0006080 seconds, Stopping threads took: 0.0000530 seconds
258.701: Application time: 0.0390230 seconds
258.701: [GC [PSYoungGen: 7696K->464K(8192K)] 22000K->14768K(26112K), 0.0004690 secs] [Times: user=0.00 sys=0.00, real=0.00 secs] 
258.702: Total time for which application threads were stopped: 0.0005810 seconds, Stopping threads took: 0.0000410 seconds
258.740: Application time: 0.0387630 seconds
258.740: [GC [PSYoungGen: 7632K->496K(8192K)] 21936K->14800K(26112K), 0.0004610 secs] [Times: user=0.00 sys=0.00, real=0.00 secs] 
258.741: Total time for which application threads were stopped: 0.0005940 seconds, Stopping threads took: 0.0000620 seconds
258.780: Application time: 0.0392900 seconds
258.780: [GC [PSYoungGen: 7664K->496K(8192K)] 21968K->14800K(26112K), 0.0004450 secs] [Times: user=0.00 sys=0.00, real=0.01 secs] 
258.782: Total time for which application threads were stopped: 0.0017370 seconds, Stopping threads took: 0.0000530 seconds
258.821: Application time: 0.0388630 seconds
258.821: [GC [PSYoungGen: 7664K->480K(8192K)] 21968K->14784K(26112K), 0.0004710 secs] [Times: user=0.00 sys=0.01, real=0.01 secs] 
258.821: Total time for which application threads were stopped: 0.0005950 seconds, Stopping threads took: 0.0000520 seconds
258.860: Application time: 0.0388570 seconds
258.860: [GC [PSYoungGen: 7648K->512K(8192K)] 21952K->14816K(26112K), 0.0004280 secs] [Times: user=0.00 sys=0.00, real=0.00 secs] 
258.861: Total time for which application threads were stopped: 0.0005630 seconds, Stopping threads took: 0.0000680 seconds
258.900: Application time: 0.0392380 seconds
258.900: [GC [PSYoungGen: 7680K->544K(8192K)] 21984K->14848K(26112K), 0.0004770 secs] [Times: user=0.00 sys=0.00, real=0.00 secs] 
258.901: Total time for which application threads were stopped: 0.0005920 seconds, Stopping threads took: 0.0000450 seconds
258.940: Application time: 0.0388500 seconds
258.941: [GC [PSYoungGen: 7712K->448K(8192K)] 22016K->14808K(26112K), 0.0004270 secs] [Times: user=0.00 sys=0.00, real=0.00 secs] 
258.942: Total time for which application threads were stopped: 0.0019250 seconds, Stopping threads took: 0.0014280 seconds
258.980: Application time: 0.0388850 seconds
258.981: [GC [PSYoungGen: 7616K->368K(8192K)] 21976K->14856K(26112K), 0.0004130 secs] [Times: user=0.00 sys=0.00, real=0.00 secs] 
258.981: Total time for which application threads were stopped: 0.0005530 seconds, Stopping threads took: 0.0000610 seconds
259.020: Application time: 0.0394000 seconds
259.020: [GC [PSYoungGen: 7536K->320K(8192K)] 22024K->14864K(26112K), 0.0003890 secs] [Times: user=0.01 sys=0.00, real=0.00 secs] 
259.021: Total time for which application threads were stopped: 0.0005060 seconds, Stopping threads took: 0.0000490 seconds
259.060: Application time: 0.0389220 seconds
259.060: [GC [PSYoungGen: 7488K->256K(8192K)] 22032K->14888K(26112K), 0.0004310 secs] [Times: user=0.00 sys=0.00, real=0.00 secs] 
259.060: Total time for which application threads were stopped: 0.0005620 seconds, Stopping threads took: 0.0000620 seconds
259.099: Application time: 0.0388960 seconds
259.099: [GC [PSYoungGen: 7424K->256K(8192K)] 22056K->14888K(26112K), 0.0004120 secs] [Times: user=0.00 sys=0.00, real=0.00 secs] 
259.100: Total time for which application threads were stopped: 0.0005340 seconds, Stopping threads took: 0.0000550 seconds
259.137: Application time: 0.0373200 seconds
259.137: [GC [PSYoungGen: 7424K->368K(8192K)] 22056K->15040K(26112K), 0.0004070 secs] [Times: user=0.00 sys=0.00, real=0.00 secs] 
259.138: Total time for which application threads were stopped: 0.0005230 seconds, Stopping threads took: 0.0000490 seconds
259.176: Application time: 0.0385110 seconds
259.176: [GC [PSYoungGen: 7536K->368K(8192K)] 22208K->15040K(26112K), 0.0004170 secs] [Times: user=0.00 sys=0.00, real=0.00 secs] 
259.177: Total time for which application threads were stopped: 0.0005350 seconds, Stopping threads took: 0.0000490 seconds
259.216: Application time: 0.0388710 seconds
259.216: [GC [PSYoungGen: 7536K->400K(8192K)] 22208K->15072K(26112K), 0.0004560 secs] [Times: user=0.00 sys=0.00, real=0.00 secs] 
259.216: Total time for which application threads were stopped: 0.0005720 seconds, Stopping threads took: 0.0000460 seconds
259.254: Application time: 0.0377510 seconds
259.254: [GC [PSYoungGen: 7568K->448K(8192K)] 22240K->15120K(26112K), 0.0004630 secs] [Times: user=0.00 sys=0.00, real=0.00 secs] 
259.254: Total time for which application threads were stopped: 0.0005740 seconds, Stopping threads took: 0.0000450 seconds
259.293: Application time: 0.0385070 seconds
259.293: [GC [PSYoungGen: 7616K->480K(8192K)] 22288K->15152K(26112K), 0.0004830 secs] [Times: user=0.00 sys=0.00, real=0.00 secs] 
259.294: Total time for which application threads were stopped: 0.0006170 seconds, Stopping threads took: 0.0000640 seconds
259.333: Application time: 0.0390870 seconds
259.333: [GC [PSYoungGen: 7648K->480K(8192K)] 22320K->15152K(26112K), 0.0004450 secs] [Times: user=0.00 sys=0.00, real=0.00 secs] 
259.333: Total time for which application threads were stopped: 0.0005580 seconds, Stopping threads took: 0.0000370 seconds
259.372: Application time: 0.0388940 seconds
259.372: [GC [PSYoungGen: 7648K->528K(8192K)] 22320K->15200K(26112K), 0.0004220 secs] [Times: user=0.01 sys=0.00, real=0.00 secs] 
259.373: Total time for which application threads were stopped: 0.0005420 seconds, Stopping threads took: 0.0000520 seconds
259.412: Application time: 0.0394200 seconds
259.412: [GC [PSYoungGen: 7696K->480K(8192K)] 22368K->15152K(26112K), 0.0004360 secs] [Times: user=0.00 sys=0.00, real=0.00 secs] 
259.413: Total time for which application threads were stopped: 0.0005560 seconds, Stopping threads took: 0.0000520 seconds
259.452: Application time: 0.0390490 seconds
259.452: [GC [PSYoungGen: 7648K->496K(8192K)] 22320K->15168K(26112K), 0.0004260 secs] [Times: user=0.00 sys=0.00, real=0.00 secs] 
259.452: Total time for which application threads were stopped: 0.0005430 seconds, Stopping threads took: 0.0000520 seconds
259.491: Application time: 0.0388360 seconds
259.493: [GC [PSYoungGen: 7664K->496K(8192K)] 22336K->15168K(26112K), 0.0004540 secs] [Times: user=0.00 sys=0.00, real=0.00 secs] 
259.494: Total time for which application threads were stopped: 0.0024820 seconds, Stopping threads took: 0.0019520 seconds
259.532: Application time: 0.0387480 seconds
259.532: [GC [PSYoungGen: 7664K->512K(8192K)] 22336K->15184K(26112K), 0.0004610 secs] [Times: user=0.00 sys=0.00, real=0.00 secs] 
259.533: Total time for which application threads were stopped: 0.0005730 seconds, Stopping threads took: 0.0000420 seconds
259.572: Application time: 0.0387310 seconds
259.572: [GC [PSYoungGen: 7680K->496K(8192K)] 22352K->15168K(26112K), 0.0004590 secs] [Times: user=0.01 sys=0.00, real=0.00 secs] 
259.572: Total time for which application threads were stopped: 0.0005740 seconds, Stopping threads took: 0.0000490 seconds
259.611: Application time: 0.0387630 seconds
259.611: [GC [PSYoungGen: 7664K->496K(8192K)] 22336K->15168K(26112K), 0.0004300 secs] [Times: user=0.00 sys=0.00, real=0.00 secs] 
259.611: Total time for which application threads were stopped: 0.0005410 seconds, Stopping threads took: 0.0000440 seconds
259.650: Application time: 0.0388780 seconds
259.650: [GC [PSYoungGen: 7664K->528K(8192K)] 22336K->15200K(26112K), 0.0005380 secs] [Times: user=0.00 sys=0.00, real=0.00 secs] 
259.651: Total time for which application threads were stopped: 0.0006590 seconds, Stopping threads took: 0.0000440 seconds
259.690: Application time: 0.0391850 seconds
259.690: [GC [PSYoungGen: 7696K->528K(8192K)] 22368K->15200K(26112K), 0.0004510 secs] [Times: user=0.00 sys=0.00, real=0.00 secs] 
259.691: Total time for which application threads were stopped: 0.0005590 seconds, Stopping threads took: 0.0000390 seconds
259.730: Application time: 0.0388570 seconds
259.730: [GC [PSYoungGen: 7696K->416K(8192K)] 22368K->15204K(26112K), 0.0005060 secs] [Times: user=0.01 sys=0.00, real=0.00 secs] 
259.730: Total time for which application threads were stopped: 0.0006380 seconds, Stopping threads took: 0.0000660 seconds
259.770: Application time: 0.0393230 seconds
259.770: [GC [PSYoungGen: 7584K->336K(8192K)] 22372K->15188K(26112K), 0.0004250 secs] [Times: user=0.00 sys=0.00, real=0.00 secs] 
259.770: Total time for which application threads were stopped: 0.0005310 seconds, Stopping threads took: 0.0000390 seconds
259.809: Application time: 0.0388450 seconds
259.809: [GC [PSYoungGen: 7504K->368K(8192K)] 22356K->15276K(26112K), 0.0004240 secs] [Times: user=0.00 sys=0.00, real=0.00 secs] 
259.810: Total time for which application threads were stopped: 0.0005470 seconds, Stopping threads took: 0.0000560 seconds
259.849: Application time: 0.0391840 seconds
259.849: [GC [PSYoungGen: 7536K->272K(8192K)] 22444K->15269K(26112K), 0.0003900 secs] [Times: user=0.00 sys=0.00, real=0.01 secs] 
259.849: Total time for which application threads were stopped: 0.0004980 seconds, Stopping threads took: 0.0000400 seconds
259.888: Application time: 0.0389660 seconds
259.888: [GC [PSYoungGen: 7440K->256K(8192K)] 22437K->15301K(26112K), 0.0003740 secs] [Times: user=0.00 sys=0.00, real=0.00 secs] 
259.889: Total time for which application threads were stopped: 0.0004870 seconds, Stopping threads took: 0.0000430 seconds
259.926: Application time: 0.0372800 seconds
259.926: [GC [PSYoungGen: 7424K->336K(8192K)] 22469K->15381K(26112K), 0.0003880 secs] [Times: user=0.00 sys=0.00, real=0.00 secs] 
259.926: Total time for which application threads were stopped: 0.0005040 seconds, Stopping threads took: 0.0000460 seconds
259.964: Application time: 0.0380320 seconds
259.965: [GC [PSYoungGen: 7504K->400K(8192K)] 22549K->15445K(26112K), 0.0004150 secs] [Times: user=0.01 sys=0.00, real=0.00 secs] 
259.965: Total time for which application threads were stopped: 0.0005390 seconds, Stopping threads took: 0.0000500 seconds
260.004: Application time: 0.0393270 seconds
260.005: [GC [PSYoungGen: 7568K->416K(8192K)] 22613K->15461K(26112K), 0.0004510 secs] [Times: user=0.00 sys=0.00, real=0.00 secs] 
260.006: Total time for which application threads were stopped: 0.0012260 seconds, Stopping threads took: 0.0006960 seconds
260.044: Application time: 0.0384760 seconds
260.044: [GC [PSYoungGen: 7584K->432K(8192K)] 22629K->15477K(26112K), 0.0004240 secs] [Times: user=0.00 sys=0.00, real=0.00 secs] 
260.045: Total time for which application threads were stopped: 0.0005450 seconds, Stopping threads took: 0.0000520 seconds
260.083: Application time: 0.0386330 seconds
260.083: [GC [PSYoungGen: 7600K->496K(8192K)] 22645K->15541K(26112K), 0.0004300 secs] [Times: user=0.00 sys=0.00, real=0.00 secs] 
260.084: Total time for which application threads were stopped: 0.0005540 seconds, Stopping threads took: 0.0000570 seconds
260.123: Application time: 0.0389030 seconds
260.123: [GC [PSYoungGen: 7664K->496K(8192K)] 22709K->15541K(26112K), 0.0004620 secs] [Times: user=0.00 sys=0.00, real=0.00 secs] 
260.123: Total time for which application threads were stopped: 0.0005760 seconds, Stopping threads took: 0.0000460 seconds
260.162: Application time: 0.0388280 seconds
260.162: [GC [PSYoungGen: 7664K->464K(8192K)] 22709K->15509K(26112K), 0.0004730 secs] [Times: user=0.01 sys=0.00, real=0.00 secs] 
260.163: Total time for which application threads were stopped: 0.0005950 seconds, Stopping threads took: 0.0000540 seconds
260.202: Application time: 0.0391550 seconds
260.202: [GC [PSYoungGen: 7632K->480K(8192K)] 22677K->15525K(26112K), 0.0004490 secs] [Times: user=0.00 sys=0.00, real=0.00 secs] 
260.202: Total time for which application threads were stopped: 0.0005690 seconds, Stopping threads took: 0.0000530 seconds
260.241: Application time: 0.0389310 seconds
260.241: [GC [PSYoungGen: 7648K->544K(8192K)] 22693K->15589K(26112K), 0.0004220 secs] [Times: user=0.00 sys=0.00, real=0.00 secs] 
260.242: Total time for which application threads were stopped: 0.0005390 seconds, Stopping threads took: 0.0000500 seconds
260.282: Application time: 0.0396120 seconds
260.282: [GC [PSYoungGen: 7712K->528K(8192K)] 22757K->15573K(26112K), 0.0004850 secs] [Times: user=0.00 sys=0.00, real=0.00 secs] 
260.282: Total time for which application threads were stopped: 0.0006030 seconds, Stopping threads took: 0.0000520 seconds
260.321: Application time: 0.0388330 seconds
260.321: [GC [PSYoungGen: 7696K->528K(8192K)] 22741K->15573K(26112K), 0.0004180 secs] [Times: user=0.00 sys=0.00, real=0.00 secs] 
260.321: Total time for which application threads were stopped: 0.0005390 seconds, Stopping threads took: 0.0000560 seconds
260.360: Application time: 0.0384810 seconds
260.360: [GC [PSYoungGen: 7696K->512K(8192K)] 22741K->15557K(26112K), 0.0004990 secs] [Times: user=0.00 sys=0.00, real=0.00 secs] 
260.361: Total time for which application threads were stopped: 0.0006410 seconds, Stopping threads took: 0.0000740 seconds
260.400: Application time: 0.0391290 seconds
260.400: [GC [PSYoungGen: 7680K->528K(8192K)] 22725K->15573K(26112K), 0.0004430 secs] [Times: user=0.00 sys=0.00, real=0.00 secs] 
260.400: Total time for which application threads were stopped: 0.0005550 seconds, Stopping threads took: 0.0000460 seconds
260.439: Application time: 0.0388580 seconds
260.439: [GC [PSYoungGen: 7696K->480K(8192K)] 22741K->15525K(26112K), 0.0004540 secs] [Times: user=0.00 sys=0.00, real=0.00 secs] 
260.440: Total time for which application threads were stopped: 0.0005840 seconds, Stopping threads took: 0.0000620 seconds
260.479: Application time: 0.0387880 seconds
260.479: [GC [PSYoungGen: 7648K->496K(8192K)] 22693K->15541K(26112K), 0.0004570 secs] [Times: user=0.01 sys=0.00, real=0.00 secs] 
260.479: Total time for which application threads were stopped: 0.0005710 seconds, Stopping threads took: 0.0000450 seconds
260.518: Application time: 0.0388460 seconds
260.518: [GC [PSYoungGen: 7664K->432K(8192K)] 22709K->15597K(26112K), 0.0004380 secs] [Times: user=0.00 sys=0.00, real=0.00 secs] 
260.519: Total time for which application threads were stopped: 0.0005920 seconds, Stopping threads took: 0.0000730 seconds
260.557: Application time: 0.0388830 seconds
260.558: [GC [PSYoungGen: 7600K->320K(8192K)] 22765K->15565K(26112K), 0.0004040 secs] [Times: user=0.00 sys=0.00, real=0.00 secs] 
260.558: Total time for which application threads were stopped: 0.0005100 seconds, Stopping threads took: 0.0000400 seconds
260.597: Application time: 0.0388980 seconds
260.597: [GC [PSYoungGen: 7488K->288K(8192K)] 22733K->15589K(26112K), 0.0004020 secs] [Times: user=0.00 sys=0.00, real=0.00 secs] 
260.597: Total time for which application threads were stopped: 0.0005280 seconds, Stopping threads took: 0.0000570 seconds
260.636: Application time: 0.0388510 seconds
260.636: [GC [PSYoungGen: 7456K->288K(8192K)] 22757K->15637K(26112K), 0.0003990 secs] [Times: user=0.01 sys=0.00, real=0.00 secs] 
260.637: Total time for which application threads were stopped: 0.0005200 seconds, Stopping threads took: 0.0000520 seconds
260.676: Application time: 0.0388440 seconds
260.676: [GC [PSYoungGen: 7456K->272K(8192K)] 22805K->15669K(26112K), 0.0004460 secs] [Times: user=0.01 sys=0.00, real=0.00 secs] 
260.676: Total time for which application threads were stopped: 0.0005790 seconds, Stopping threads took: 0.0000540 seconds
260.715: Application time: 0.0384750 seconds
260.715: [GC [PSYoungGen: 7440K->320K(8192K)] 22837K->15717K(26112K), 0.0003870 secs] [Times: user=0.00 sys=0.00, real=0.00 secs] 
260.715: Total time for which application threads were stopped: 0.0005110 seconds, Stopping threads took: 0.0000540 seconds
260.753: Application time: 0.0378410 seconds
260.757: [GC [PSYoungGen: 7488K->368K(8192K)] 22885K->15765K(26112K), 0.0004800 secs] [Times: user=0.00 sys=0.00, real=0.00 secs] 
260.758: Total time for which application threads were stopped: 0.0045940 seconds, Stopping threads took: 0.0040430 seconds
260.796: Application time: 0.0387030 seconds
260.796: [GC [PSYoungGen: 7536K->432K(8192K)] 22933K->15829K(26112K), 0.0004380 secs] [Times: user=0.00 sys=0.00, real=0.00 secs] 
260.797: Total time for which application threads were stopped: 0.0005570 seconds, Stopping threads took: 0.0000500 seconds
260.835: Application time: 0.0384720 seconds
260.835: [GC [PSYoungGen: 7600K->448K(8192K)] 22997K->15845K(26112K), 0.0004390 secs] [Times: user=0.00 sys=0.00, real=0.00 secs] 
260.836: Total time for which application threads were stopped: 0.0005710 seconds, Stopping threads took: 0.0000580 seconds
260.874: Application time: 0.0385110 seconds
260.875: [GC [PSYoungGen: 7616K->480K(8192K)] 23013K->15877K(26112K), 0.0004300 secs] [Times: user=0.00 sys=0.00, real=0.00 secs] 
260.875: Total time for which application threads were stopped: 0.0005510 seconds, Stopping threads took: 0.0000520 seconds
260.914: Application time: 0.0392790 seconds
260.914: [GC [PSYoungGen: 7648K->448K(8192K)] 23045K->15845K(26112K), 0.0004740 secs] [Times: user=0.01 sys=0.00, real=0.00 secs] 
260.915: Total time for which application threads were stopped: 0.0005890 seconds, Stopping threads took: 0.0000440 seconds
260.954: Application time: 0.0390070 seconds
260.957: [GC [PSYoungGen: 7616K->496K(8192K)] 23013K->15893K(26112K), 0.0004480 secs] [Times: user=0.00 sys=0.00, real=0.00 secs] 
260.958: Total time for which application threads were stopped: 0.0037300 seconds, Stopping threads took: 0.0032050 seconds
260.996: Application time: 0.0389200 seconds
260.997: [GC [PSYoungGen: 7664K->496K(8192K)] 23061K->15893K(26112K), 0.0004560 secs] [Times: user=0.00 sys=0.00, real=0.00 secs] 
260.997: Total time for which application threads were stopped: 0.0005720 seconds, Stopping threads took: 0.0000450 seconds
261.036: Application time: 0.0388170 seconds
261.036: [GC [PSYoungGen: 7664K->512K(8192K)] 23061K->15909K(26112K), 0.0004350 secs] [Times: user=0.00 sys=0.00, real=0.00 secs] 
261.036: Total time for which application threads were stopped: 0.0005640 seconds, Stopping threads took: 0.0000500 seconds
261.075: Application time: 0.0387890 seconds
261.075: [GC [PSYoungGen: 7680K->544K(8192K)] 23077K->15941K(26112K), 0.0004310 secs] [Times: user=0.00 sys=0.00, real=0.00 secs] 
261.076: Total time for which application threads were stopped: 0.0005530 seconds, Stopping threads took: 0.0000540 seconds
261.114: Application time: 0.0386580 seconds
261.115: [GC [PSYoungGen: 7712K->528K(8192K)] 23109K->15925K(26112K), 0.0004140 secs] [Times: user=0.00 sys=0.00, real=0.00 secs] 
261.115: Total time for which application threads were stopped: 0.0005260 seconds, Stopping threads took: 0.0000440 seconds
261.154: Application time: 0.0389210 seconds
261.154: [GC [PSYoungGen: 7696K->480K(8192K)] 23093K->15877K(26112K), 0.0004350 secs] [Times: user=0.00 sys=0.00, real=0.00 secs] 
261.154: Total time for which application threads were stopped: 0.0005520 seconds, Stopping threads took: 0.0000490 seconds
261.193: Application time: 0.0389710 seconds
261.194: [GC [PSYoungGen: 7648K->464K(8192K)] 23045K->15861K(26112K), 0.0004140 secs] [Times: user=0.00 sys=0.00, real=0.00 secs] 
261.194: Total time for which application threads were stopped: 0.0005270 seconds, Stopping threads took: 0.0000460 seconds
261.233: Application time: 0.0388150 seconds
261.233: [GC [PSYoungGen: 7632K->512K(8192K)] 23029K->15909K(26112K), 0.0004460 secs] [Times: user=0.00 sys=0.00, real=0.00 secs] 
261.233: Total time for which application threads were stopped: 0.0005800 seconds, Stopping threads took: 0.0000650 seconds
261.272: Application time: 0.0388150 seconds
261.272: [GC [PSYoungGen: 7680K->512K(8192K)] 23077K->15957K(26112K), 0.0004240 secs] [Times: user=0.01 sys=0.00, real=0.00 secs] 
261.273: Total time for which application threads were stopped: 0.0005360 seconds, Stopping threads took: 0.0000470 seconds
261.312: Application time: 0.0391810 seconds
261.312: [GC [PSYoungGen: 7680K->400K(8192K)] 23125K->15941K(26112K), 0.0004400 secs] [Times: user=0.00 sys=0.00, real=0.00 secs] 
261.312: Total time for which application threads were stopped: 0.0005750 seconds, Stopping threads took: 0.0000610 seconds
261.352: Application time: 0.0391240 seconds
261.352: [GC [PSYoungGen: 7568K->304K(8192K)] 23109K->15933K(26112K), 0.0004110 secs] [Times: user=0.00 sys=0.00, real=0.00 secs] 
261.352: Total time for which application threads were stopped: 0.0005270 seconds, Stopping threads took: 0.0000470 seconds
261.391: Application time: 0.0386920 seconds
261.391: [GC [PSYoungGen: 7472K->320K(8192K)] 23101K->16005K(26112K), 0.0003950 secs] [Times: user=0.00 sys=0.00, real=0.00 secs] 
261.391: Total time for which application threads were stopped: 0.0005180 seconds, Stopping threads took: 0.0000510 seconds
261.431: Application time: 0.0392930 seconds
261.433: [GC [PSYoungGen: 7488K->272K(8192K)] 23173K->16005K(26112K), 0.0004320 secs] [Times: user=0.00 sys=0.00, real=0.00 secs] 
261.434: Total time for which application threads were stopped: 0.0029020 seconds, Stopping threads took: 0.0023990 seconds
261.472: Application time: 0.0387280 seconds
261.472: [GC [PSYoungGen: 7440K->304K(8192K)] 23173K->16085K(26112K), 0.0004050 secs] [Times: user=0.00 sys=0.00, real=0.00 secs] 
261.473: Total time for which application threads were stopped: 0.0005180 seconds, Stopping threads took: 0.0000460 seconds
261.510: Application time: 0.0372960 seconds
261.510: [GC [PSYoungGen: 7472K->384K(8192K)] 23253K->16165K(26112K), 0.0004080 secs] [Times: user=0.00 sys=0.00, real=0.00 secs] 
261.511: Total time for which application threads were stopped: 0.0005240 seconds, Stopping threads took: 0.0000470 seconds
261.549: Application time: 0.0381890 seconds
261.549: [GC [PSYoungGen: 7552K->384K(8192K)] 23333K->16165K(26112K), 0.0004580 secs] [Times: user=0.00 sys=0.00, real=0.01 secs] 
261.549: Total time for which application threads were stopped: 0.0005910 seconds, Stopping threads took: 0.0000490 seconds
261.587: Application time: 0.0380730 seconds
261.588: [GC [PSYoungGen: 7552K->432K(8192K)] 23333K->16213K(26112K), 0.0004280 secs] [Times: user=0.00 sys=0.00, real=0.00 secs] 
261.588: Total time for which application threads were stopped: 0.0005450 seconds, Stopping threads took: 0.0000470 seconds
261.627: Application time: 0.0388790 seconds
261.627: [GC [PSYoungGen: 7600K->464K(8192K)] 23381K->16245K(26112K), 0.0004620 secs] [Times: user=0.00 sys=0.00, real=0.00 secs] 
261.627: Total time for which application threads were stopped: 0.0005800 seconds, Stopping threads took: 0.0000530 seconds
261.666: Application time: 0.0388350 seconds
261.666: [GC [PSYoungGen: 7632K->512K(8192K)] 23413K->16293K(26112K), 0.0004700 secs] [Times: user=0.00 sys=0.00, real=0.00 secs] 
261.667: Total time for which application threads were stopped: 0.0006060 seconds, Stopping threads took: 0.0000570 seconds
261.706: Application time: 0.0390710 seconds
261.706: [GC [PSYoungGen: 7680K->464K(8192K)] 23461K->16245K(26112K), 0.0005410 secs] [Times: user=0.00 sys=0.00, real=0.00 secs] 
261.707: Total time for which application threads were stopped: 0.0006490 seconds, Stopping threads took: 0.0000400 seconds
261.746: Application time: 0.0389480 seconds
261.746: [GC [PSYoungGen: 7632K->480K(8192K)] 23413K->16261K(26112K), 0.0004190 secs] [Times: user=0.00 sys=0.00, real=0.00 secs] 
261.746: Total time for which application threads were stopped: 0.0005330 seconds, Stopping threads took: 0.0000470 seconds
261.785: Application time: 0.0393530 seconds
261.786: [GC [PSYoungGen: 7648K->512K(8192K)] 23429K->16293K(26112K), 0.0004360 secs] [Times: user=0.00 sys=0.00, real=0.00 secs] 
261.786: Total time for which application threads were stopped: 0.0005530 seconds, Stopping threads took: 0.0000490 seconds
261.825: Application time: 0.0390270 seconds
261.825: [GC [PSYoungGen: 7680K->464K(8192K)] 23461K->16245K(26112K), 0.0004450 secs] [Times: user=0.00 sys=0.00, real=0.00 secs] 
261.826: Total time for which application threads were stopped: 0.0005590 seconds, Stopping threads took: 0.0000460 seconds
261.864: Application time: 0.0388550 seconds
261.865: [GC [PSYoungGen: 7632K->512K(8192K)] 23413K->16293K(26112K), 0.0004690 secs] [Times: user=0.00 sys=0.00, real=0.00 secs] 
261.865: Total time for which application threads were stopped: 0.0005870 seconds, Stopping threads took: 0.0000480 seconds
261.904: Application time: 0.0388680 seconds
261.905: [GC [PSYoungGen: 7680K->512K(8192K)] 23461K->16293K(26112K), 0.0004440 secs] [Times: user=0.00 sys=0.00, real=0.00 secs] 
261.906: Total time for which application threads were stopped: 0.0016030 seconds, Stopping threads took: 0.0010880 seconds
261.944: Application time: 0.0389510 seconds
261.945: [GC [PSYoungGen: 7680K->496K(8192K)] 23461K->16277K(26112K), 0.0004490 secs] [Times: user=0.00 sys=0.00, real=0.00 secs] 
261.945: Total time for which application threads were stopped: 0.0005720 seconds, Stopping threads took: 0.0000550 seconds
261.984: Application time: 0.0386530 seconds
261.984: [GC [PSYoungGen: 7664K->496K(8192K)] 23445K->16277K(26112K), 0.0004410 secs] [Times: user=0.00 sys=0.00, real=0.00 secs] 
261.984: Total time for which application threads were stopped: 0.0005620 seconds, Stopping threads took: 0.0000520 seconds
262.023: Application time: 0.0389220 seconds
262.023: [GC [PSYoungGen: 7664K->496K(8192K)] 23445K->16277K(26112K), 0.0004170 secs] [Times: user=0.00 sys=0.00, real=0.00 secs] 
262.024: Total time for which application threads were stopped: 0.0005270 seconds, Stopping threads took: 0.0000430 seconds
262.063: Application time: 0.0388350 seconds
262.063: [GC [PSYoungGen: 7664K->480K(8192K)] 23445K->16309K(26112K), 0.0004400 secs] [Times: user=0.00 sys=0.00, real=0.00 secs] 
262.063: Total time for which application threads were stopped: 0.0005680 seconds, Stopping threads took: 0.0000500 seconds
262.102: Application time: 0.0390100 seconds
262.102: [GC [PSYoungGen: 7648K->352K(8192K)] 23477K->16293K(26112K), 0.0004330 secs] [Times: user=0.01 sys=0.00, real=0.00 secs] 
262.103: Total time for which application threads were stopped: 0.0005480 seconds, Stopping threads took: 0.0000470 seconds
262.142: Application time: 0.0393820 seconds
262.145: [GC [PSYoungGen: 7520K->336K(8192K)] 23461K->16333K(26112K), 0.0004420 secs] [Times: user=0.00 sys=0.00, real=0.00 secs] 
262.146: Total time for which application threads were stopped: 0.0034590 seconds, Stopping threads took: 0.0029510 seconds
262.184: Application time: 0.0389100 seconds
262.185: [GC [PSYoungGen: 7504K->272K(8192K)] 23501K->16349K(26112K), 0.0004060 secs] [Times: user=0.00 sys=0.00, real=0.00 secs] 
262.185: Total time for which application threads were stopped: 0.0005170 seconds, Stopping threads took: 0.0000450 seconds
262.224: Application time: 0.0389410 seconds
262.224: [GC [PSYoungGen: 7440K->272K(8192K)] 23517K->16349K(26112K), 0.0003910 secs] [Times: user=0.01 sys=0.00, real=0.00 secs] 
262.224: Total time for which application threads were stopped: 0.0005130 seconds, Stopping threads took: 0.0000540 seconds
262.263: Application time: 0.0384770 seconds
262.263: [GC [PSYoungGen: 7440K->288K(8192K)] 23517K->16413K(26112K), 0.0003930 secs] [Times: user=0.00 sys=0.00, real=0.00 secs] 
262.263: Total time for which application threads were stopped: 0.0005020 seconds, Stopping threads took: 0.0000390 seconds
262.301: Application time: 0.0376350 seconds
262.301: [GC [PSYoungGen: 7456K->400K(8192K)] 23581K->16525K(26112K), 0.0004180 secs] [Times: user=0.00 sys=0.00, real=0.00 secs] 
262.302: Total time for which application threads were stopped: 0.0005480 seconds, Stopping threads took: 0.0000590 seconds
262.340: Application time: 0.0384170 seconds
262.340: [GC [PSYoungGen: 7568K->384K(8192K)] 23693K->16509K(26112K), 0.0004180 secs] [Times: user=0.00 sys=0.00, real=0.00 secs] 
262.341: Total time for which application threads were stopped: 0.0005370 seconds, Stopping threads took: 0.0000500 seconds
262.379: Application time: 0.0382590 seconds
262.379: [GC [PSYoungGen: 7552K->448K(8192K)] 23677K->16573K(26112K), 0.0004090 secs] [Times: user=0.00 sys=0.00, real=0.00 secs] 
262.379: Total time for which application threads were stopped: 0.0005200 seconds, Stopping threads took: 0.0000410 seconds
262.418: Application time: 0.0389590 seconds
262.418: [GC [PSYoungGen: 7616K->480K(8192K)] 23741K->16605K(26112K), 0.0004410 secs] [Times: user=0.00 sys=0.00, real=0.00 secs] 
262.419: Total time for which application threads were stopped: 0.0005590 seconds, Stopping threads took: 0.0000490 seconds
262.457: Application time: 0.0386360 seconds
262.458: [GC [PSYoungGen: 7648K->496K(8192K)] 23773K->16621K(26112K), 0.0004710 secs] [Times: user=0.00 sys=0.00, real=0.00 secs] 
262.458: Total time for which application threads were stopped: 0.0005880 seconds, Stopping threads took: 0.0000460 seconds
262.497: Application time: 0.0390130 seconds
262.497: [GC [PSYoungGen: 7664K->480K(8192K)] 23789K->16605K(26112K), 0.0004270 secs] [Times: user=0.01 sys=0.00, real=0.00 secs] 
262.498: Total time for which application threads were stopped: 0.0005380 seconds, Stopping threads took: 0.0000410 seconds
262.537: Application time: 0.0390780 seconds
262.537: [GC [PSYoungGen: 7648K->496K(8192K)] 23773K->16621K(26112K), 0.0004500 secs] [Times: user=0.00 sys=0.00, real=0.00 secs] 
262.537: Total time for which application threads were stopped: 0.0005710 seconds, Stopping threads took: 0.0000500 seconds
262.576: Application time: 0.0388840 seconds
262.576: [GC [PSYoungGen: 7664K->480K(8192K)] 23789K->16605K(26112K), 0.0004540 secs] [Times: user=0.00 sys=0.00, real=0.00 secs] 
262.577: Total time for which application threads were stopped: 0.0005930 seconds, Stopping threads took: 0.0000540 seconds
262.616: Application time: 0.0389620 seconds
262.616: [GC [PSYoungGen: 7648K->544K(8192K)] 23773K->16669K(26112K), 0.0004190 secs] [Times: user=0.00 sys=0.00, real=0.00 secs] 
262.616: Total time for which application threads were stopped: 0.0005390 seconds, Stopping threads took: 0.0000510 seconds
262.655: Application time: 0.0388950 seconds
262.655: [GC [PSYoungGen: 7712K->544K(8192K)] 23837K->16669K(26112K), 0.0004770 secs] [Times: user=0.01 sys=0.00, real=0.00 secs] 
262.656: Total time for which application threads were stopped: 0.0006090 seconds, Stopping threads took: 0.0000550 seconds
262.695: Application time: 0.0388340 seconds
262.695: [GC [PSYoungGen: 7712K->512K(8192K)] 23837K->16637K(26112K), 0.0004770 secs] [Times: user=0.00 sys=0.00, real=0.00 secs] 
262.695: Total time for which application threads were stopped: 0.0005950 seconds, Stopping threads took: 0.0000490 seconds
262.734: Application time: 0.0389960 seconds
262.734: [GC [PSYoungGen: 7680K->496K(8192K)] 23805K->16621K(26112K), 0.0004350 secs] [Times: user=0.00 sys=0.00, real=0.00 secs] 
262.735: Total time for which application threads were stopped: 0.0005550 seconds, Stopping threads took: 0.0000480 seconds
262.774: Application time: 0.0392690 seconds
262.774: [GC [PSYoungGen: 7664K->528K(8192K)] 23789K->16653K(26112K), 0.0004620 secs] [Times: user=0.00 sys=0.00, real=0.00 secs] 
262.775: Total time for which application threads were stopped: 0.0005910 seconds, Stopping threads took: 0.0000600 seconds
262.813: Application time: 0.0387640 seconds
262.813: [GC [PSYoungGen: 7696K->512K(8192K)] 23821K->16637K(26112K), 0.0004700 secs] [Times: user=0.00 sys=0.00, real=0.00 secs] 
262.814: Total time for which application threads were stopped: 0.0005930 seconds, Stopping threads took: 0.0000520 seconds
262.853: Application time: 0.0389510 seconds
262.853: [GC [PSYoungGen: 7680K->432K(8192K)] 23805K->16653K(26112K), 0.0004300 secs] [Times: user=0.00 sys=0.00, real=0.00 secs] 
262.853: Total time for which application threads were stopped: 0.0005640 seconds, Stopping threads took: 0.0000530 seconds
262.892: Application time: 0.0390070 seconds
262.893: [GC [PSYoungGen: 7600K->352K(8192K)] 23821K->16661K(26112K), 0.0004350 secs] [Times: user=0.00 sys=0.00, real=0.00 secs] 
262.893: Total time for which application threads were stopped: 0.0005770 seconds, Stopping threads took: 0.0000710 seconds
262.932: Application time: 0.0389780 seconds
262.932: [GC [PSYoungGen: 7520K->304K(8192K)] 23829K->16709K(26112K), 0.0004560 secs] [Times: user=0.00 sys=0.00, real=0.00 secs] 
262.933: Total time for which application threads were stopped: 0.0005650 seconds, Stopping threads took: 0.0000410 seconds
262.971: Application time: 0.0388200 seconds
262.972: [GC [PSYoungGen: 7472K->272K(8192K)] 23877K->16734K(26112K), 0.0003820 secs] [Times: user=0.00 sys=0.00, real=0.00 secs] 
262.972: Total time for which application threads were stopped: 0.0005010 seconds, Stopping threads took: 0.0000520 seconds
263.011: Application time: 0.0388250 seconds
263.011: [GC [PSYoungGen: 7440K->272K(8192K)] 23902K->16734K(26112K), 0.0004010 secs] [Times: user=0.00 sys=0.00, real=0.00 secs] 
263.011: Total time for which application threads were stopped: 0.0005170 seconds, Stopping threads took: 0.0000480 seconds
263.049: Application time: 0.0373360 seconds
263.049: [GC [PSYoungGen: 7440K->368K(8192K)] 23902K->16870K(26112K), 0.0004100 secs] [Times: user=0.00 sys=0.00, real=0.01 secs] 
263.049: Total time for which application threads were stopped: 0.0005280 seconds, Stopping threads took: 0.0000480 seconds
263.087: Application time: 0.0383170 seconds
263.088: [GC [PSYoungGen: 7536K->368K(8192K)] 24038K->16870K(26112K), 0.0004530 secs] [Times: user=0.01 sys=0.00, real=0.00 secs] 
263.088: Total time for which application threads were stopped: 0.0005840 seconds, Stopping threads took: 0.0000490 seconds
263.126: Application time: 0.0383280 seconds
263.126: [GC [PSYoungGen: 7536K->432K(8192K)] 24038K->16934K(26112K), 0.0004430 secs] [Times: user=0.00 sys=0.00, real=0.00 secs] 
263.127: Total time for which application threads were stopped: 0.0005540 seconds, Stopping threads took: 0.0000420 seconds
263.165: Application time: 0.0382700 seconds
263.165: [GC [PSYoungGen: 7600K->464K(8192K)] 24102K->16966K(26112K), 0.0004130 secs] [Times: user=0.00 sys=0.00, real=0.00 secs] 
263.166: Total time for which application threads were stopped: 0.0005550 seconds, Stopping threads took: 0.0000740 seconds
263.205: Application time: 0.0388770 seconds
263.205: [GC [PSYoungGen: 7632K->480K(8192K)] 24134K->16982K(26112K), 0.0004690 secs] [Times: user=0.00 sys=0.00, real=0.00 secs] 
263.205: Total time for which application threads were stopped: 0.0006110 seconds, Stopping threads took: 0.0000710 seconds
263.244: Application time: 0.0389750 seconds
263.244: [GC [PSYoungGen: 7648K->512K(8192K)] 24150K->17014K(26112K), 0.0004710 secs] [Times: user=0.00 sys=0.00, real=0.00 secs] 
263.245: Total time for which application threads were stopped: 0.0005770 seconds, Stopping threads took: 0.0000380 seconds
263.284: Application time: 0.0390040 seconds
263.284: [GC [PSYoungGen: 7680K->496K(8192K)] 24182K->16998K(26112K), 0.0004340 secs] [Times: user=0.01 sys=0.00, real=0.00 secs] 
263.284: Total time for which application threads were stopped: 0.0005510 seconds, Stopping threads took: 0.0000500 seconds
263.323: Application time: 0.0391270 seconds
263.324: [GC [PSYoungGen: 7664K->528K(8192K)] 24166K->17030K(26112K), 0.0004330 secs] [Times: user=0.00 sys=0.00, real=0.00 secs] 
263.324: Total time for which application threads were stopped: 0.0005450 seconds, Stopping threads took: 0.0000450 seconds
263.363: Application time: 0.0389790 seconds
263.363: [GC [PSYoungGen: 7696K->496K(8192K)] 24198K->16998K(26112K), 0.0004320 secs] [Times: user=0.00 sys=0.00, real=0.00 secs] 
263.364: Total time for which application threads were stopped: 0.0005450 seconds, Stopping threads took: 0.0000460 seconds
263.403: Application time: 0.0391360 seconds
263.403: [GC [PSYoungGen: 7664K->496K(8192K)] 24166K->16998K(26112K), 0.0004510 secs] [Times: user=0.00 sys=0.00, real=0.00 secs] 
263.403: Total time for which application threads were stopped: 0.0005640 seconds, Stopping threads took: 0.0000480 seconds
263.442: Application time: 0.0385450 seconds
263.442: [GC [PSYoungGen: 7664K->480K(8192K)] 24166K->16982K(26112K), 0.0004720 secs] [Times: user=0.00 sys=0.00, real=0.00 secs] 
263.442: Total time for which application threads were stopped: 0.0005960 seconds, Stopping threads took: 0.0000530 seconds
263.481: Application time: 0.0388020 seconds
263.481: [GC [PSYoungGen: 7648K->480K(8192K)] 24150K->16982K(26112K), 0.0004780 secs] [Times: user=0.00 sys=0.00, real=0.00 secs] 
263.482: Total time for which application threads were stopped: 0.0005910 seconds, Stopping threads took: 0.0000450 seconds
263.521: Application time: 0.0395220 seconds
263.521: [GC [PSYoungGen: 7648K->512K(8192K)] 24150K->17014K(26112K), 0.0004760 secs] [Times: user=0.00 sys=0.00, real=0.00 secs] 
263.522: Total time for which application threads were stopped: 0.0006030 seconds, Stopping threads took: 0.0000490 seconds
263.561: Application time: 0.0391660 seconds
263.561: [GC [PSYoungGen: 7680K->496K(8192K)] 24182K->16998K(26112K), 0.0004860 secs] [Times: user=0.00 sys=0.00, real=0.00 secs] 
263.562: Total time for which application threads were stopped: 0.0005960 seconds, Stopping threads took: 0.0000410 seconds
263.601: Application time: 0.0388660 seconds
263.601: [GC [PSYoungGen: 7664K->496K(8192K)] 24166K->16998K(26112K), 0.0004520 secs] [Times: user=0.00 sys=0.00, real=0.01 secs] 
263.601: Total time for which application threads were stopped: 0.0005690 seconds, Stopping threads took: 0.0000400 seconds
263.641: Application time: 0.0395960 seconds
263.641: [GC [PSYoungGen: 7664K->416K(8192K)] 24166K->17030K(26112K), 0.0005160 secs] [Times: user=0.00 sys=0.00, real=0.01 secs] 
263.641: Total time for which application threads were stopped: 0.0006810 seconds, Stopping threads took: 0.0000750 seconds
263.680: Application time: 0.0390470 seconds
263.681: [GC [PSYoungGen: 7584K->352K(8192K)] 24198K->17054K(26112K), 0.0004370 secs] [Times: user=0.00 sys=0.00, real=0.01 secs] 
263.681: Total time for which application threads were stopped: 0.0005620 seconds, Stopping threads took: 0.0000500 seconds
263.720: Application time: 0.0391140 seconds
263.720: [GC [PSYoungGen: 7520K->272K(8192K)] 24222K->17022K(26112K), 0.0004710 secs] [Times: user=0.00 sys=0.00, real=0.00 secs] 
263.721: Total time for which application threads were stopped: 0.0005980 seconds, Stopping threads took: 0.0000620 seconds
263.760: Application time: 0.0388660 seconds
263.760: [GC [PSYoungGen: 7440K->272K(8192K)] 24190K->17078K(26112K), 0.0004870 secs] [Times: user=0.01 sys=0.00, real=0.00 secs] 
263.760: Total time for which application threads were stopped: 0.0005990 seconds, Stopping threads took: 0.0000430 seconds
263.799: Application time: 0.0386980 seconds
263.799: [GC [PSYoungGen: 7440K->224K(8192K)] 24246K->17086K(26112K), 0.0005430 secs] [Times: user=0.00 sys=0.00, real=0.00 secs] 
263.801: Total time for which application threads were stopped: 0.0016540 seconds, Stopping threads took: 0.0000530 seconds
263.838: Application time: 0.0376920 seconds
263.838: [GC [PSYoungGen: 7392K->336K(8192K)] 24254K->17198K(26112K), 0.0004390 secs] [Times: user=0.00 sys=0.00, real=0.00 secs] 
263.839: Total time for which application threads were stopped: 0.0005520 seconds, Stopping threads took: 0.0000420 seconds
263.877: Application time: 0.0381180 seconds
263.877: [GC [PSYoungGen: 7504K->384K(8192K)] 24366K->17246K(26112K), 0.0004050 secs] [Times: user=0.00 sys=0.00, real=0.00 secs] 
263.877: Total time for which application threads were stopped: 0.0005350 seconds, Stopping threads took: 0.0000610 seconds
263.915: Application time: 0.0379550 seconds
263.916: [GC [PSYoungGen: 7552K->464K(8192K)] 24414K->17326K(26112K), 0.0004360 secs] [Times: user=0.00 sys=0.00, real=0.00 secs] 
263.916: Total time for which application threads were stopped: 0.0005490 seconds, Stopping threads took: 0.0000470 seconds
263.955: Application time: 0.0389980 seconds
263.955: [GC [PSYoungGen: 7632K->448K(8192K)] 24494K->17310K(26112K), 0.0004210 secs] [Times: user=0.00 sys=0.00, real=0.00 secs] 
263.956: Total time for which application threads were stopped: 0.0005330 seconds, Stopping threads took: 0.0000440 seconds
263.995: Application time: 0.0391970 seconds
263.995: [GC [PSYoungGen: 7616K->528K(8192K)] 24478K->17390K(26112K), 0.0004520 secs] [Times: user=0.00 sys=0.00, real=0.00 secs] 
263.995: Total time for which application threads were stopped: 0.0005730 seconds, Stopping threads took: 0.0000480 seconds
264.034: Application time: 0.0390680 seconds
264.034: [GC [PSYoungGen: 7696K->512K(8192K)] 24558K->17374K(26112K), 0.0004920 secs] [Times: user=0.00 sys=0.00, real=0.00 secs] 
264.035: Total time for which application threads were stopped: 0.0006050 seconds, Stopping threads took: 0.0000440 seconds
264.074: Application time: 0.0390000 seconds
264.074: [GC [PSYoungGen: 7680K->512K(8192K)] 24542K->17374K(26112K), 0.0004400 secs] [Times: user=0.00 sys=0.00, real=0.00 secs] 
264.075: Total time for which application threads were stopped: 0.0005560 seconds, Stopping threads took: 0.0000470 seconds
264.113: Application time: 0.0387970 seconds
264.113: [GC [PSYoungGen: 7680K->496K(8192K)] 24542K->17358K(26112K), 0.0004380 secs] [Times: user=0.00 sys=0.00, real=0.00 secs] 
264.114: Total time for which application threads were stopped: 0.0005630 seconds, Stopping threads took: 0.0000450 seconds
264.153: Application time: 0.0392540 seconds
264.153: [GC [PSYoungGen: 7664K->464K(8192K)] 24526K->17326K(26112K), 0.0004750 secs] [Times: user=0.00 sys=0.00, real=0.00 secs] 
264.154: Total time for which application threads were stopped: 0.0005790 seconds, Stopping threads took: 0.0000380 seconds
264.193: Application time: 0.0388690 seconds
264.193: [GC [PSYoungGen: 7632K->496K(8192K)] 24494K->17358K(26112K), 0.0004640 secs] [Times: user=0.01 sys=0.00, real=0.00 secs] 
264.193: Total time for which application threads were stopped: 0.0005830 seconds, Stopping threads took: 0.0000410 seconds
264.232: Application time: 0.0387450 seconds
264.232: [GC [PSYoungGen: 7664K->480K(8192K)] 24526K->17342K(26112K), 0.0004590 secs] [Times: user=0.00 sys=0.00, real=0.00 secs] 
264.232: Total time for which application threads were stopped: 0.0005670 seconds, Stopping threads took: 0.0000400 seconds
264.271: Application time: 0.0388470 seconds
264.271: [GC [PSYoungGen: 7648K->544K(8192K)] 24510K->17406K(26112K), 0.0004340 secs] [Times: user=0.00 sys=0.00, real=0.00 secs] 
264.272: Total time for which application threads were stopped: 0.0005460 seconds, Stopping threads took: 0.0000460 seconds
264.311: Application time: 0.0388070 seconds
264.311: [GC [PSYoungGen: 7712K->464K(8192K)] 24574K->17326K(26112K), 0.0004420 secs] [Times: user=0.00 sys=0.00, real=0.00 secs] 
264.311: Total time for which application threads were stopped: 0.0005530 seconds, Stopping threads took: 0.0000430 seconds
264.350: Application time: 0.0388970 seconds
264.350: [GC [PSYoungGen: 7632K->528K(8192K)] 24494K->17390K(26112K), 0.0004300 secs] [Times: user=0.01 sys=0.00, real=0.00 secs] 
264.351: Total time for which application threads were stopped: 0.0005560 seconds, Stopping threads took: 0.0000560 seconds
264.390: Application time: 0.0394220 seconds
264.390: [GC [PSYoungGen: 7696K->464K(8192K)] 24558K->17366K(26112K), 0.0004470 secs] [Times: user=0.00 sys=0.00, real=0.00 secs] 
264.391: Total time for which application threads were stopped: 0.0005680 seconds, Stopping threads took: 0.0000510 seconds
264.431: Application time: 0.0398430 seconds
264.431: [GC [PSYoungGen: 7632K->400K(8192K)] 24534K->17382K(26112K), 0.0004370 secs] [Times: user=0.01 sys=0.00, real=0.00 secs] 
264.431: Total time for which application threads were stopped: 0.0005430 seconds, Stopping threads took: 0.0000370 seconds
264.470: Application time: 0.0389290 seconds
264.470: [GC [PSYoungGen: 7568K->288K(8192K)] 24550K->17350K(26112K), 0.0004620 secs] [Times: user=0.00 sys=0.00, real=0.00 secs] 
264.471: Total time for which application threads were stopped: 0.0005980 seconds, Stopping threads took: 0.0000630 seconds
264.509: Application time: 0.0388620 seconds
264.510: [GC [PSYoungGen: 7456K->272K(8192K)] 24518K->17422K(26112K), 0.0004510 secs] [Times: user=0.00 sys=0.00, real=0.00 secs] 
264.510: Total time for which application threads were stopped: 0.0005610 seconds, Stopping threads took: 0.0000420 seconds
264.550: Application time: 0.0395530 seconds
264.553: [GC [PSYoungGen: 7440K->272K(8192K)] 24590K->17422K(26112K), 0.0004160 secs] [Times: user=0.01 sys=0.00, real=0.00 secs] 
264.554: Total time for which application threads were stopped: 0.0039220 seconds, Stopping threads took: 0.0034360 seconds
264.592: Application time: 0.0382640 seconds
264.592: [GC [PSYoungGen: 7440K->256K(8192K)] 24590K->17454K(26112K), 0.0004370 secs] [Times: user=0.00 sys=0.00, real=0.00 secs] 
264.592: Total time for which application threads were stopped: 0.0005620 seconds, Stopping threads took: 0.0000590 seconds
264.629: Application time: 0.0368250 seconds
264.629: [GC [PSYoungGen: 7424K->400K(8192K)] 24622K->17598K(26112K), 0.0004080 secs] [Times: user=0.00 sys=0.00, real=0.00 secs] 
264.630: Total time for which application threads were stopped: 0.0005400 seconds, Stopping threads took: 0.0000500 seconds
264.669: Application time: 0.0396350 seconds
264.669: [GC [PSYoungGen: 7568K->352K(8192K)] 24766K->17550K(26112K), 0.0004540 secs] [Times: user=0.01 sys=0.00, real=0.00 secs] 
264.670: Total time for which application threads were stopped: 0.0005890 seconds, Stopping threads took: 0.0000580 seconds
264.708: Application time: 0.0379180 seconds
264.708: [GC [PSYoungGen: 7520K->464K(8192K)] 24718K->17662K(26112K), 0.0004370 secs] [Times: user=0.00 sys=0.00, real=0.00 secs] 
264.708: Total time for which application threads were stopped: 0.0005510 seconds, Stopping threads took: 0.0000440 seconds
264.747: Application time: 0.0389630 seconds
264.747: [GC [PSYoungGen: 7632K->464K(8192K)] 24830K->17662K(26112K), 0.0004280 secs] [Times: user=0.01 sys=0.00, real=0.00 secs] 
264.748: Total time for which application threads were stopped: 0.0005430 seconds, Stopping threads took: 0.0000460 seconds
264.786: Application time: 0.0383810 seconds
264.786: [GC [PSYoungGen: 7632K->528K(8192K)] 24830K->17726K(26112K), 0.0004440 secs] [Times: user=0.00 sys=0.00, real=0.00 secs] 
264.787: Total time for which application threads were stopped: 0.0005640 seconds, Stopping threads took: 0.0000510 seconds
264.826: Application time: 0.0391370 seconds
264.826: [GC [PSYoungGen: 7696K->544K(8192K)] 24894K->17742K(26112K), 0.0004230 secs] [Times: user=0.00 sys=0.00, real=0.00 secs] 
264.827: Total time for which application threads were stopped: 0.0005450 seconds, Stopping threads took: 0.0000540 seconds
264.866: Application time: 0.0389970 seconds
264.866: [GC [PSYoungGen: 7712K->544K(8192K)] 24910K->17742K(26112K), 0.0004430 secs] [Times: user=0.00 sys=0.00, real=0.00 secs] 
264.866: Total time for which application threads were stopped: 0.0005610 seconds, Stopping threads took: 0.0000500 seconds
264.905: Application time: 0.0393110 seconds
264.906: [GC [PSYoungGen: 7712K->544K(8192K)] 24910K->17742K(26112K), 0.0004470 secs] [Times: user=0.00 sys=0.00, real=0.00 secs] 
264.906: Total time for which application threads were stopped: 0.0005650 seconds, Stopping threads took: 0.0000510 seconds
264.945: Application time: 0.0388750 seconds
264.945: [GC [PSYoungGen: 7712K->528K(8192K)] 24910K->17726K(26112K), 0.0004390 secs] [Times: user=0.00 sys=0.00, real=0.00 secs] 
264.945: Total time for which application threads were stopped: 0.0005540 seconds, Stopping threads took: 0.0000480 seconds
264.985: Application time: 0.0392080 seconds
264.985: [GC [PSYoungGen: 7696K->480K(8192K)] 24894K->17678K(26112K), 0.0004280 secs] [Times: user=0.00 sys=0.00, real=0.00 secs] 
264.985: Total time for which application threads were stopped: 0.0005470 seconds, Stopping threads took: 0.0000510 seconds
265.024: Application time: 0.0387240 seconds
265.024: [GC [PSYoungGen: 7648K->496K(8192K)] 24846K->17694K(26112K), 0.0005180 secs] [Times: user=0.01 sys=0.00, real=0.00 secs] 
265.025: Total time for which application threads were stopped: 0.0006320 seconds, Stopping threads took: 0.0000460 seconds
265.063: Application time: 0.0388400 seconds
265.063: [GC [PSYoungGen: 7664K->512K(8192K)] 24862K->17710K(26112K), 0.0004710 secs] [Times: user=0.00 sys=0.00, real=0.00 secs] 
265.064: Total time for which application threads were stopped: 0.0005920 seconds, Stopping threads took: 0.0000520 seconds
265.103: Application time: 0.0388270 seconds
265.103: [GC [PSYoungGen: 7680K->528K(8192K)] 24878K->17726K(26112K), 0.0004270 secs] [Times: user=0.01 sys=0.00, real=0.00 secs] 
265.103: Total time for which application threads were stopped: 0.0005510 seconds, Stopping threads took: 0.0000530 seconds
265.142: Application time: 0.0390020 seconds
265.142: [GC [PSYoungGen: 7696K->512K(8192K)] 24894K->17710K(26112K), 0.0004280 secs] [Times: user=0.00 sys=0.00, real=0.00 secs] 
265.143: Total time for which application threads were stopped: 0.0005590 seconds, Stopping threads took: 0.0000490 seconds
265.182: Application time: 0.0388550 seconds
265.182: [GC [PSYoungGen: 7680K->448K(8192K)] 24878K->17694K(26112K), 0.0004320 secs] [Times: user=0.00 sys=0.00, real=0.00 secs] 
265.182: Total time for which application threads were stopped: 0.0005460 seconds, Stopping threads took: 0.0000420 seconds
265.221: Application time: 0.0391090 seconds
265.222: [GC [PSYoungGen: 7616K->336K(8192K)] 24862K->17726K(26112K), 0.0004510 secs] [Times: user=0.00 sys=0.00, real=0.00 secs] 
265.222: Total time for which application threads were stopped: 0.0005700 seconds, Stopping threads took: 0.0000510 seconds
265.261: Application time: 0.0388780 seconds
265.261: [GC [PSYoungGen: 7504K->336K(8192K)] 24894K->17726K(26112K), 0.0004040 secs] [Times: user=0.00 sys=0.00, real=0.01 secs] 
265.261: Total time for which application threads were stopped: 0.0005390 seconds, Stopping threads took: 0.0000570 seconds
265.301: Application time: 0.0391200 seconds
265.301: [GC [PSYoungGen: 7504K->304K(8192K)] 24894K->17782K(26112K), 0.0004040 secs] [Times: user=0.00 sys=0.00, real=0.01 secs] 
265.301: Total time for which application threads were stopped: 0.0005230 seconds, Stopping threads took: 0.0000490 seconds
265.340: Application time: 0.0393010 seconds
265.340: [GC [PSYoungGen: 7472K->272K(8192K)] 24950K->17750K(26112K), 0.0003980 secs] [Times: user=0.00 sys=0.00, real=0.00 secs] 
265.341: Total time for which application threads were stopped: 0.0005230 seconds, Stopping threads took: 0.0000570 seconds
265.378: Application time: 0.0373910 seconds
265.378: [GC [PSYoungGen: 7440K->320K(8192K)] 24918K->17854K(26112K), 0.0004240 secs] [Times: user=0.00 sys=0.00, real=0.00 secs] 
265.379: Total time for which application threads were stopped: 0.0005350 seconds, Stopping threads took: 0.0000440 seconds
265.417: Application time: 0.0379360 seconds
265.417: [GC [PSYoungGen: 7488K->352K(8192K)] 25022K->17886K(26112K), 0.0004660 secs] [Times: user=0.00 sys=0.00, real=0.00 secs] 
265.417: Total time for which application threads were stopped: 0.0005810 seconds, Stopping threads took: 0.0000450 seconds
265.456: Application time: 0.0391130 seconds
265.457: [GC [PSYoungGen: 7520K->384K(8192K)] 25054K->17918K(26112K), 0.0004100 secs] [Times: user=0.00 sys=0.00, real=0.00 secs] 
265.457: Total time for which application threads were stopped: 0.0005210 seconds, Stopping threads took: 0.0000430 seconds
265.495: Application time: 0.0379970 seconds
265.495: [GC [PSYoungGen: 7552K->448K(8192K)] 25086K->17982K(26112K), 0.0004390 secs] [Times: user=0.00 sys=0.00, real=0.00 secs] 
265.496: Total time for which application threads were stopped: 0.0005510 seconds, Stopping threads took: 0.0000430 seconds
265.534: Application time: 0.0389820 seconds
265.535: [GC [PSYoungGen: 7616K->448K(8192K)] 25150K->17982K(26112K), 0.0004290 secs] [Times: user=0.01 sys=0.00, real=0.00 secs] 
265.535: Total time for which application threads were stopped: 0.0005410 seconds, Stopping threads took: 0.0000460 seconds
265.574: Application time: 0.0386750 seconds
265.574: [GC [PSYoungGen: 7616K->528K(8192K)] 25150K->18062K(26112K), 0.0004270 secs] [Times: user=0.01 sys=0.00, real=0.00 secs] 
265.574: Total time for which application threads were stopped: 0.0005500 seconds, Stopping threads took: 0.0000510 seconds
265.613: Application time: 0.0391140 seconds
265.613: [GC [PSYoungGen: 7696K->528K(8192K)] 25230K->18062K(26112K), 0.0004310 secs] [Times: user=0.00 sys=0.00, real=0.00 secs] 
265.614: Total time for which application threads were stopped: 0.0005530 seconds, Stopping threads took: 0.0000530 seconds
265.653: Application time: 0.0395560 seconds
265.654: [GC [PSYoungGen: 7696K->480K(8192K)] 25230K->18014K(26112K), 0.0005220 secs] [Times: user=0.00 sys=0.00, real=0.00 secs] 
265.654: Total time for which application threads were stopped: 0.0006790 seconds, Stopping threads took: 0.0000660 seconds
265.693: Application time: 0.0389070 seconds
265.693: [GC [PSYoungGen: 7648K->480K(8192K)] 25182K->18014K(26112K), 0.0004400 secs] [Times: user=0.00 sys=0.00, real=0.00 secs] 
265.694: Total time for which application threads were stopped: 0.0005650 seconds, Stopping threads took: 0.0000530 seconds
265.733: Application time: 0.0390490 seconds
265.733: [GC [PSYoungGen: 7648K->528K(8192K)] 25182K->18062K(26112K), 0.0004650 secs] [Times: user=0.01 sys=0.00, real=0.00 secs] 
265.733: Total time for which application threads were stopped: 0.0005850 seconds, Stopping threads took: 0.0000530 seconds
265.772: Application time: 0.0386930 seconds
265.772: [GC [PSYoungGen: 7696K->528K(8192K)] 25230K->18062K(26112K), 0.0004910 secs] [Times: user=0.00 sys=0.00, real=0.00 secs] 
265.773: Total time for which application threads were stopped: 0.0006080 seconds, Stopping threads took: 0.0000480 seconds
265.812: Application time: 0.0390300 seconds
265.812: [GC [PSYoungGen: 7696K->480K(8192K)] 25230K->18014K(26112K), 0.0004640 secs] [Times: user=0.01 sys=0.00, real=0.00 secs] 
265.812: Total time for which application threads were stopped: 0.0005870 seconds, Stopping threads took: 0.0000490 seconds
265.851: Application time: 0.0388410 seconds
265.851: [GC [PSYoungGen: 7648K->464K(8192K)] 25182K->17998K(26112K), 0.0004280 secs] [Times: user=0.00 sys=0.00, real=0.00 secs] 
265.852: Total time for which application threads were stopped: 0.0005460 seconds, Stopping threads took: 0.0000510 seconds
265.890: Application time: 0.0388380 seconds
265.891: [GC [PSYoungGen: 7632K->480K(8192K)] 25166K->18014K(26112K), 0.0004740 secs] [Times: user=0.00 sys=0.00, real=0.00 secs] 
265.891: Total time for which application threads were stopped: 0.0005890 seconds, Stopping threads took: 0.0000480 seconds
265.930: Application time: 0.0389170 seconds
265.930: [GC [PSYoungGen: 7648K->544K(8192K)] 25182K->18078K(26112K), 0.0004650 secs] [Times: user=0.00 sys=0.00, real=0.00 secs] 
265.931: Total time for which application threads were stopped: 0.0005950 seconds, Stopping threads took: 0.0000560 seconds
265.970: Application time: 0.0398740 seconds
265.971: [GC [PSYoungGen: 7712K->400K(8192K)] 25246K->18054K(26112K), 0.0004760 secs] [Times: user=0.00 sys=0.00, real=0.00 secs] 
265.971: Total time for which application threads were stopped: 0.0006050 seconds, Stopping threads took: 0.0000590 seconds
266.010: Application time: 0.0389040 seconds
266.010: [GC [PSYoungGen: 7568K->304K(8192K)] 25222K->18038K(26112K), 0.0004510 secs] [Times: user=0.00 sys=0.00, real=0.00 secs] 
266.011: [Full GC [PSYoungGen: 304K->0K(8192K)] [ParOldGen: 17734K->2073K(17920K)] 18038K->2073K(26112K) [PSPermGen: 6075K->6075K(21504K)], 0.0057560 secs] [Times: user=0.02 sys=0.00, real=0.00 secs] 
266.016: Total time for which application threads were stopped: 0.0063710 seconds, Stopping threads took: 0.0000520 seconds
266.055: Application time: 0.0389080 seconds
266.055: [GC [PSYoungGen: 7168K->256K(8192K)] 9241K->2329K(26112K), 0.0004000 secs] [Times: user=0.00 sys=0.00, real=0.00 secs] 
266.056: Total time for which application threads were stopped: 0.0005220 seconds, Stopping threads took: 0.0000480 seconds
266.095: Application time: 0.0388010 seconds
266.095: [GC [PSYoungGen: 7424K->256K(8192K)] 9497K->2329K(26112K), 0.0003380 secs] [Times: user=0.00 sys=0.00, real=0.00 secs] 
266.095: Total time for which application threads were stopped: 0.0004580 seconds, Stopping threads took: 0.0000540 seconds
266.134: Application time: 0.0388370 seconds
266.134: [GC [PSYoungGen: 7424K->224K(8192K)] 9497K->2297K(26112K), 0.0003490 secs] [Times: user=0.00 sys=0.00, real=0.00 secs] 
266.134: Total time for which application threads were stopped: 0.0004760 seconds, Stopping threads took: 0.0000590 seconds
266.172: Application time: 0.0374090 seconds
266.172: [GC [PSYoungGen: 7392K->272K(8192K)] 9465K->2345K(26112K), 0.0003940 secs] [Times: user=0.00 sys=0.00, real=0.00 secs] 
266.172: Total time for which application threads were stopped: 0.0005030 seconds, Stopping threads took: 0.0000370 seconds
266.211: Application time: 0.0383110 seconds
266.211: [GC [PSYoungGen: 7440K->320K(8192K)] 9513K->2393K(26112K), 0.0004720 secs] [Times: user=0.00 sys=0.00, real=0.00 secs] 
266.211: Total time for which application threads were stopped: 0.0005830 seconds, Stopping threads took: 0.0000490 seconds
266.249: Application time: 0.0382850 seconds
266.249: [GC [PSYoungGen: 7488K->432K(8192K)] 9561K->2505K(26112K), 0.0004190 secs] [Times: user=0.00 sys=0.00, real=0.00 secs] 
266.250: Total time for which application threads were stopped: 0.0005240 seconds, Stopping threads took: 0.0000410 seconds
266.289: Application time: 0.0385770 seconds
266.289: [GC [PSYoungGen: 7600K->448K(8192K)] 9673K->2521K(26112K), 0.0004180 secs] [Times: user=0.01 sys=0.00, real=0.01 secs] 
266.289: Total time for which application threads were stopped: 0.0005310 seconds, Stopping threads took: 0.0000480 seconds
266.328: Application time: 0.0390260 seconds
266.328: [GC [PSYoungGen: 7616K->464K(8192K)] 9689K->2537K(26112K), 0.0004100 secs] [Times: user=0.00 sys=0.00, real=0.00 secs] 
266.329: Total time for which application threads were stopped: 0.0005410 seconds, Stopping threads took: 0.0000540 seconds
266.367: Application time: 0.0385130 seconds
266.367: [GC [PSYoungGen: 7632K->464K(8192K)] 9705K->2537K(26112K), 0.0004110 secs] [Times: user=0.00 sys=0.00, real=0.00 secs] 
266.368: Total time for which application threads were stopped: 0.0005300 seconds, Stopping threads took: 0.0000540 seconds
266.407: Application time: 0.0389840 seconds
266.407: [GC [PSYoungGen: 7632K->528K(8192K)] 9705K->2601K(26112K), 0.0004190 secs] [Times: user=0.00 sys=0.00, real=0.00 secs] 
266.407: Total time for which application threads were stopped: 0.0005350 seconds, Stopping threads took: 0.0000470 seconds
266.446: Application time: 0.0392430 seconds
266.447: [GC [PSYoungGen: 7696K->512K(8192K)] 9769K->2585K(26112K), 0.0004600 secs] [Times: user=0.00 sys=0.00, real=0.00 secs] 
266.447: Total time for which application threads were stopped: 0.0005650 seconds, Stopping threads took: 0.0000380 seconds
266.486: Application time: 0.0389250 seconds
266.486: [GC [PSYoungGen: 7680K->544K(8192K)] 9753K->2617K(26112K), 0.0004360 secs] [Times: user=0.00 sys=0.00, real=0.00 secs] 
266.486: Total time for which application threads were stopped: 0.0005560 seconds, Stopping threads took: 0.0000480 seconds
266.526: Application time: 0.0391400 seconds
266.526: [GC [PSYoungGen: 7712K->496K(8192K)] 9785K->2569K(26112K), 0.0004530 secs] [Times: user=0.00 sys=0.00, real=0.00 secs] 
266.526: Total time for which application threads were stopped: 0.0005660 seconds, Stopping threads took: 0.0000450 seconds
266.565: Application time: 0.0387460 seconds
266.565: [GC [PSYoungGen: 7664K->528K(8192K)] 9737K->2601K(26112K), 0.0004220 secs] [Times: user=0.00 sys=0.00, real=0.00 secs] 
266.565: Total time for which application threads were stopped: 0.0005360 seconds, Stopping threads took: 0.0000450 seconds
266.604: Application time: 0.0385330 seconds
266.604: [GC [PSYoungGen: 7696K->496K(8192K)] 9769K->2569K(26112K), 0.0004180 secs] [Times: user=0.00 sys=0.00, real=0.00 secs] 
266.605: Total time for which application threads were stopped: 0.0005430 seconds, Stopping threads took: 0.0000570 seconds
266.644: Application time: 0.0391810 seconds
266.644: [GC [PSYoungGen: 7664K->496K(8192K)] 9737K->2617K(26112K), 0.0004610 secs] [Times: user=0.00 sys=0.00, real=0.00 secs] 
266.644: Total time for which application threads were stopped: 0.0005970 seconds, Stopping threads took: 0.0000570 seconds
266.683: Application time: 0.0389330 seconds
266.683: [GC [PSYoungGen: 7664K->480K(8192K)] 9785K->2601K(26112K), 0.0004340 secs] [Times: user=0.00 sys=0.00, real=0.00 secs] 
266.684: Total time for which application threads were stopped: 0.0005530 seconds, Stopping threads took: 0.0000420 seconds
266.723: Application time: 0.0387870 seconds
266.723: [GC [PSYoungGen: 7648K->480K(8192K)] 9769K->2601K(26112K), 0.0004000 secs] [Times: user=0.00 sys=0.00, real=0.00 secs] 
266.723: Total time for which application threads were stopped: 0.0005210 seconds, Stopping threads took: 0.0000500 seconds
266.762: Application time: 0.0392530 seconds
266.762: [GC [PSYoungGen: 7648K->400K(8192K)] 9769K->2633K(26112K), 0.0004300 secs] [Times: user=0.00 sys=0.00, real=0.00 secs] 
266.763: Total time for which application threads were stopped: 0.0005450 seconds, Stopping threads took: 0.0000470 seconds
266.802: Application time: 0.0389120 seconds
266.802: [GC [PSYoungGen: 7568K->336K(8192K)] 9801K->2649K(26112K), 0.0003940 secs] [Times: user=0.00 sys=0.00, real=0.00 secs] 
266.802: Total time for which application threads were stopped: 0.0005090 seconds, Stopping threads took: 0.0000460 seconds
266.841: Application time: 0.0389620 seconds
266.841: [GC [PSYoungGen: 7504K->288K(8192K)] 9817K->2650K(26112K), 0.0004130 secs] [Times: user=0.00 sys=0.00, real=0.00 secs] 
266.842: Total time for which application threads were stopped: 0.0005290 seconds, Stopping threads took: 0.0000470 seconds
266.881: Application time: 0.0390980 seconds
266.881: [GC [PSYoungGen: 7456K->272K(8192K)] 9818K->2698K(26112K), 0.0003990 secs] [Times: user=0.00 sys=0.00, real=0.00 secs] 
266.881: Total time for which application threads were stopped: 0.0005190 seconds, Stopping threads took: 0.0000530 seconds
266.920: Application time: 0.0387130 seconds
266.920: [GC [PSYoungGen: 7440K->320K(8192K)] 9866K->2746K(26112K), 0.0004170 secs] [Times: user=0.00 sys=0.00, real=0.00 secs] 
266.921: Total time for which application threads were stopped: 0.0005270 seconds, Stopping threads took: 0.0000370 seconds
266.959: Application time: 0.0378930 seconds
266.959: [GC [PSYoungGen: 7488K->384K(8192K)] 9914K->2866K(26112K), 0.0004020 secs] [Times: user=0.00 sys=0.00, real=0.00 secs] 
266.959: Total time for which application threads were stopped: 0.0005290 seconds, Stopping threads took: 0.0000590 seconds
266.997: Application time: 0.0380970 seconds
266.997: [GC [PSYoungGen: 7552K->416K(8192K)] 10034K->2898K(26112K), 0.0003760 secs] [Times: user=0.00 sys=0.00, real=0.00 secs] 
266.998: Total time for which application threads were stopped: 0.0005000 seconds, Stopping threads took: 0.0000570 seconds
267.036: Application time: 0.0384090 seconds
267.036: [GC [PSYoungGen: 7584K->432K(8192K)] 10066K->2914K(26112K), 0.0004170 secs] [Times: user=0.00 sys=0.00, real=0.00 secs] 
267.037: Total time for which application threads were stopped: 0.0005380 seconds, Stopping threads took: 0.0000520 seconds
267.075: Application time: 0.0385260 seconds
267.075: [GC [PSYoungGen: 7600K->464K(8192K)] 10082K->2946K(26112K), 0.0004130 secs] [Times: user=0.00 sys=0.00, real=0.00 secs] 
267.076: Total time for which application threads were stopped: 0.0005330 seconds, Stopping threads took: 0.0000490 seconds
267.114: Application time: 0.0383510 seconds
267.114: [GC [PSYoungGen: 7632K->496K(8192K)] 10114K->2978K(26112K), 0.0004120 secs] [Times: user=0.01 sys=0.00, real=0.00 secs] 
267.115: Total time for which application threads were stopped: 0.0005340 seconds, Stopping threads took: 0.0000530 seconds
267.154: Application time: 0.0392030 seconds
267.154: [GC [PSYoungGen: 7664K->544K(8192K)] 10146K->3026K(26112K), 0.0004060 secs] [Times: user=0.00 sys=0.00, real=0.00 secs] 
267.154: Total time for which application threads were stopped: 0.0005290 seconds, Stopping threads took: 0.0000560 seconds
267.193: Application time: 0.0388590 seconds
267.193: [GC [PSYoungGen: 7712K->480K(8192K)] 10194K->2962K(26112K), 0.0004750 secs] [Times: user=0.00 sys=0.00, real=0.00 secs] 
267.194: Total time for which application threads were stopped: 0.0006050 seconds, Stopping threads took: 0.0000560 seconds
267.233: Application time: 0.0392240 seconds
267.233: [GC [PSYoungGen: 7648K->528K(8192K)] 10130K->3010K(26112K), 0.0004560 secs] [Times: user=0.00 sys=0.00, real=0.00 secs] 
267.234: Total time for which application threads were stopped: 0.0005680 seconds, Stopping threads took: 0.0000450 seconds
267.273: Application time: 0.0389900 seconds
267.277: [GC [PSYoungGen: 7696K->496K(8192K)] 10178K->2978K(26112K), 0.0004660 secs] [Times: user=0.00 sys=0.00, real=0.00 secs] 
267.278: Total time for which application threads were stopped: 0.0049640 seconds, Stopping threads took: 0.0044300 seconds
267.316: Application time: 0.0388670 seconds
267.317: [GC [PSYoungGen: 7664K->464K(8192K)] 10146K->2946K(26112K), 0.0004710 secs] [Times: user=0.00 sys=0.00, real=0.00 secs] 
267.317: Total time for which application threads were stopped: 0.0005810 seconds, Stopping threads took: 0.0000400 seconds
267.356: Application time: 0.0387700 seconds
267.357: [GC [PSYoungGen: 7632K->512K(8192K)] 10114K->2994K(26112K), 0.0004530 secs] [Times: user=0.01 sys=0.00, real=0.00 secs] 
267.358: Total time for which application threads were stopped: 0.0017460 seconds, Stopping threads took: 0.0012250 seconds
267.396: Application time: 0.0388590 seconds
267.397: [GC [PSYoungGen: 7680K->544K(8192K)] 10162K->3026K(26112K), 0.0004400 secs] [Times: user=0.00 sys=0.00, real=0.00 secs] 
267.397: Total time for which application threads were stopped: 0.0005630 seconds, Stopping threads took: 0.0000530 seconds
267.436: Application time: 0.0387120 seconds
267.436: [GC [PSYoungGen: 7712K->512K(8192K)] 10194K->2994K(26112K), 0.0004370 secs] [Times: user=0.00 sys=0.00, real=0.00 secs] 
267.436: Total time for which application threads were stopped: 0.0005600 seconds, Stopping threads took: 0.0000530 seconds
267.475: Application time: 0.0388530 seconds
267.475: [GC [PSYoungGen: 7680K->512K(8192K)] 10162K->2994K(26112K), 0.0004100 secs] [Times: user=0.00 sys=0.00, real=0.00 secs] 
267.476: Total time for which application threads were stopped: 0.0005270 seconds, Stopping threads took: 0.0000490 seconds
267.514: Application time: 0.0388120 seconds
267.515: [GC [PSYoungGen: 7680K->416K(8192K)] 10162K->2954K(26112K), 0.0004100 secs] [Times: user=0.00 sys=0.00, real=0.00 secs] 
267.515: Total time for which application threads were stopped: 0.0005160 seconds, Stopping threads took: 0.0000390 seconds
267.554: Application time: 0.0389060 seconds
267.554: [GC [PSYoungGen: 7584K->400K(8192K)] 10122K->3026K(26112K), 0.0004330 secs] [Times: user=0.00 sys=0.00, real=0.00 secs] 
267.554: Total time for which application threads were stopped: 0.0005630 seconds, Stopping threads took: 0.0000610 seconds
267.594: Application time: 0.0394440 seconds
267.594: [GC [PSYoungGen: 7568K->320K(8192K)] 10194K->3018K(26112K), 0.0003960 secs] [Times: user=0.00 sys=0.00, real=0.00 secs] 
267.594: Total time for which application threads were stopped: 0.0005180 seconds, Stopping threads took: 0.0000540 seconds
267.633: Application time: 0.0390630 seconds
267.634: [GC [PSYoungGen: 7488K->320K(8192K)] 10186K->3082K(26112K), 0.0004020 secs] [Times: user=0.01 sys=0.00, real=0.00 secs] 
267.634: Total time for which application threads were stopped: 0.0005150 seconds, Stopping threads took: 0.0000440 seconds
267.673: Application time: 0.0391660 seconds
267.673: [GC [PSYoungGen: 7488K->304K(8192K)] 10250K->3106K(26112K), 0.0004290 secs] [Times: user=0.00 sys=0.00, real=0.00 secs] 
267.674: Total time for which application threads were stopped: 0.0005620 seconds, Stopping threads took: 0.0000570 seconds
267.712: Application time: 0.0379420 seconds
267.712: [GC [PSYoungGen: 7472K->320K(8192K)] 10274K->3170K(26112K), 0.0003930 secs] [Times: user=0.01 sys=0.00, real=0.00 secs] 
267.712: Total time for which application threads were stopped: 0.0005250 seconds, Stopping threads took: 0.0000520 seconds
267.750: Application time: 0.0374580 seconds
267.750: [GC [PSYoungGen: 7488K->368K(8192K)] 10338K->3218K(26112K), 0.0004070 secs] [Times: user=0.00 sys=0.00, real=0.00 secs] 
267.750: Total time for which application threads were stopped: 0.0005190 seconds, Stopping threads took: 0.0000450 seconds
267.789: Application time: 0.0392300 seconds
267.793: [GC [PSYoungGen: 7536K->384K(8192K)] 10386K->3234K(26112K), 0.0004740 secs] [Times: user=0.01 sys=0.00, real=0.00 secs] 
267.794: Total time for which application threads were stopped: 0.0042070 seconds, Stopping threads took: 0.0036600 seconds
267.832: Application time: 0.0384970 seconds
267.832: [GC [PSYoungGen: 7552K->448K(8192K)] 10402K->3298K(26112K), 0.0004120 secs] [Times: user=0.00 sys=0.00, real=0.00 secs] 
267.833: Total time for which application threads were stopped: 0.0005430 seconds, Stopping threads took: 0.0000630 seconds
267.872: Application time: 0.0388940 seconds
267.872: [GC [PSYoungGen: 7616K->416K(8192K)] 10466K->3266K(26112K), 0.0004140 secs] [Times: user=0.00 sys=0.00, real=0.00 secs] 
267.872: Total time for which application threads were stopped: 0.0005200 seconds, Stopping threads took: 0.0000390 seconds
267.911: Application time: 0.0386720 seconds
267.911: [GC [PSYoungGen: 7584K->528K(8192K)] 10434K->3378K(26112K), 0.0004230 secs] [Times: user=0.00 sys=0.00, real=0.00 secs] 
267.911: Total time for which application threads were stopped: 0.0005380 seconds, Stopping threads took: 0.0000500 seconds
267.950: Application time: 0.0389320 seconds
267.950: [GC [PSYoungGen: 7696K->560K(8192K)] 10546K->3410K(26112K), 0.0004070 secs] [Times: user=0.01 sys=0.00, real=0.00 secs] 
267.951: Total time for which application threads were stopped: 0.0005330 seconds, Stopping threads took: 0.0000490 seconds
267.990: Application time: 0.0390310 seconds
267.990: [GC [PSYoungGen: 7728K->496K(8192K)] 10578K->3346K(26112K), 0.0004240 secs] [Times: user=0.00 sys=0.00, real=0.00 secs] 
267.990: Total time for which application threads were stopped: 0.0005480 seconds, Stopping threads took: 0.0000540 seconds
268.029: Application time: 0.0390480 seconds
268.029: [GC [PSYoungGen: 7664K->528K(8192K)] 10514K->3378K(26112K), 0.0004170 secs] [Times: user=0.00 sys=0.00, real=0.00 secs] 
268.030: Total time for which application threads were stopped: 0.0005360 seconds, Stopping threads took: 0.0000500 seconds
268.069: Application time: 0.0391100 seconds
268.069: [GC [PSYoungGen: 7696K->496K(8192K)] 10546K->3346K(26112K), 0.0004090 secs] [Times: user=0.00 sys=0.00, real=0.00 secs] 
268.070: Total time for which application threads were stopped: 0.0005240 seconds, Stopping threads took: 0.0000430 seconds
268.108: Application time: 0.0388890 seconds
268.109: [GC [PSYoungGen: 7664K->480K(8192K)] 10514K->3330K(26112K), 0.0004520 secs] [Times: user=0.00 sys=0.00, real=0.00 secs] 
268.109: Total time for which application threads were stopped: 0.0005720 seconds, Stopping threads took: 0.0000480 seconds
268.148: Application time: 0.0385680 seconds
268.148: [GC [PSYoungGen: 7648K->512K(8192K)] 10498K->3362K(26112K), 0.0004160 secs] [Times: user=0.00 sys=0.00, real=0.00 secs] 
268.148: Total time for which application threads were stopped: 0.0005360 seconds, Stopping threads took: 0.0000520 seconds
268.187: Application time: 0.0390570 seconds
268.187: [GC [PSYoungGen: 7680K->544K(8192K)] 10530K->3394K(26112K), 0.0004140 secs] [Times: user=0.00 sys=0.00, real=0.00 secs] 
268.188: Total time for which application threads were stopped: 0.0005340 seconds, Stopping threads took: 0.0000530 seconds
268.226: Application time: 0.0387380 seconds
268.227: [GC [PSYoungGen: 7712K->512K(8192K)] 10562K->3362K(26112K), 0.0004180 secs] [Times: user=0.00 sys=0.00, real=0.00 secs] 
268.227: Total time for which application threads were stopped: 0.0005540 seconds, Stopping threads took: 0.0000560 seconds
268.266: Application time: 0.0392000 seconds
268.266: [GC [PSYoungGen: 7680K->480K(8192K)] 10530K->3330K(26112K), 0.0004590 secs] [Times: user=0.00 sys=0.00, real=0.00 secs] 
268.267: Total time for which application threads were stopped: 0.0005660 seconds, Stopping threads took: 0.0000390 seconds
268.306: Application time: 0.0388830 seconds
268.306: [GC [PSYoungGen: 7648K->432K(8192K)] 10498K->3362K(26112K), 0.0004210 secs] [Times: user=0.01 sys=0.00, real=0.00 secs] 
268.306: Total time for which application threads were stopped: 0.0005310 seconds, Stopping threads took: 0.0000420 seconds
268.345: Application time: 0.0390310 seconds
268.345: [GC [PSYoungGen: 7600K->288K(8192K)] 10530K->3334K(26112K), 0.0004750 secs] [Times: user=0.00 sys=0.00, real=0.00 secs] 
268.346: Total time for which application threads were stopped: 0.0005990 seconds, Stopping threads took: 0.0000570 seconds
268.385: Application time: 0.0388680 seconds
268.385: [GC [PSYoungGen: 7456K->304K(8192K)] 10502K->3350K(26112K), 0.0004100 secs] [Times: user=0.00 sys=0.00, real=0.00 secs] 
268.385: Total time for which application threads were stopped: 0.0005350 seconds, Stopping threads took: 0.0000570 seconds
268.424: Application time: 0.0388100 seconds
268.424: [GC [PSYoungGen: 7472K->304K(8192K)] 10518K->3438K(26112K), 0.0003920 secs] [Times: user=0.00 sys=0.00, real=0.00 secs] 
268.425: Total time for which application threads were stopped: 0.0005010 seconds, Stopping threads took: 0.0000440 seconds
268.464: Application time: 0.0391180 seconds
268.464: [GC [PSYoungGen: 7472K->272K(8192K)] 10606K->3406K(26112K), 0.0004130 secs] [Times: user=0.00 sys=0.00, real=0.00 secs] 
268.464: Total time for which application threads were stopped: 0.0005300 seconds, Stopping threads took: 0.0000500 seconds
268.502: Application time: 0.0374590 seconds
268.502: [GC [PSYoungGen: 7440K->288K(8192K)] 10574K->3478K(26112K), 0.0004280 secs] [Times: user=0.01 sys=0.00, real=0.00 secs] 
268.502: Total time for which application threads were stopped: 0.0005440 seconds, Stopping threads took: 0.0000440 seconds
268.540: Application time: 0.0378210 seconds
268.540: [GC [PSYoungGen: 7456K->384K(8192K)] 10646K->3574K(26112K), 0.0004050 secs] [Times: user=0.00 sys=0.00, real=0.00 secs] 
268.541: Total time for which application threads were stopped: 0.0005170 seconds, Stopping threads took: 0.0000440 seconds
268.579: Application time: 0.0389340 seconds
268.580: [GC [PSYoungGen: 7552K->368K(8192K)] 10742K->3558K(26112K), 0.0003910 secs] [Times: user=0.00 sys=0.00, real=0.00 secs] 
268.580: Total time for which application threads were stopped: 0.0005110 seconds, Stopping threads took: 0.0000520 seconds
268.618: Application time: 0.0382170 seconds
268.618: [GC [PSYoungGen: 7536K->448K(8192K)] 10726K->3638K(26112K), 0.0004210 secs] [Times: user=0.00 sys=0.00, real=0.00 secs] 
268.619: Total time for which application threads were stopped: 0.0005380 seconds, Stopping threads took: 0.0000480 seconds
268.658: Application time: 0.0393270 seconds
268.658: [GC [PSYoungGen: 7616K->480K(8192K)] 10806K->3670K(26112K), 0.0004910 secs] [Times: user=0.00 sys=0.00, real=0.00 secs] 
268.659: Total time for which application threads were stopped: 0.0006210 seconds, Stopping threads took: 0.0000520 seconds
268.697: Application time: 0.0382590 seconds
268.697: [GC [PSYoungGen: 7648K->480K(8192K)] 10838K->3670K(26112K), 0.0004180 secs] [Times: user=0.00 sys=0.00, real=0.00 secs] 
268.697: Total time for which application threads were stopped: 0.0005400 seconds, Stopping threads took: 0.0000440 seconds
268.737: Application time: 0.0391160 seconds
268.737: [GC [PSYoungGen: 7648K->496K(8192K)] 10838K->3686K(26112K), 0.0004310 secs] [Times: user=0.00 sys=0.00, real=0.00 secs] 
268.737: Total time for which application threads were stopped: 0.0005610 seconds, Stopping threads took: 0.0000500 seconds
268.776: Application time: 0.0390420 seconds
268.776: [GC [PSYoungGen: 7664K->528K(8192K)] 10854K->3718K(26112K), 0.0004050 secs] [Times: user=0.00 sys=0.00, real=0.00 secs] 
268.777: Total time for which application threads were stopped: 0.0005250 seconds, Stopping threads took: 0.0000520 seconds
268.816: Application time: 0.0389560 seconds
268.816: [GC [PSYoungGen: 7696K->512K(8192K)] 10886K->3702K(26112K), 0.0004520 secs] [Times: user=0.00 sys=0.00, real=0.00 secs] 
268.816: Total time for which application threads were stopped: 0.0005700 seconds, Stopping threads took: 0.0000480 seconds
268.855: Application time: 0.0388660 seconds
268.855: [GC [PSYoungGen: 7680K->496K(8192K)] 10870K->3686K(26112K), 0.0004650 secs] [Times: user=0.00 sys=0.00, real=0.00 secs] 
268.856: Total time for which application threads were stopped: 0.0005860 seconds, Stopping threads took: 0.0000530 seconds
268.895: Application time: 0.0388080 seconds
268.895: [GC [PSYoungGen: 7664K->528K(8192K)] 10854K->3718K(26112K), 0.0004190 secs] [Times: user=0.00 sys=0.00, real=0.00 secs] 
268.895: Total time for which application threads were stopped: 0.0005330 seconds, Stopping threads took: 0.0000450 seconds
268.934: Application time: 0.0388880 seconds
268.934: [GC [PSYoungGen: 7696K->528K(8192K)] 10886K->3718K(26112K), 0.0004290 secs] [Times: user=0.00 sys=0.00, real=0.00 secs] 
268.934: Total time for which application threads were stopped: 0.0005480 seconds, Stopping threads took: 0.0000490 seconds
268.973: Application time: 0.0385200 seconds
268.973: [GC [PSYoungGen: 7696K->528K(8192K)] 10886K->3718K(26112K), 0.0004120 secs] [Times: user=0.00 sys=0.00, real=0.00 secs] 
268.974: Total time for which application threads were stopped: 0.0005340 seconds, Stopping threads took: 0.0000520 seconds
269.013: Application time: 0.0391190 seconds
269.013: [GC [PSYoungGen: 7696K->512K(8192K)] 10886K->3702K(26112K), 0.0004130 secs] [Times: user=0.01 sys=0.00, real=0.00 secs] 
269.013: Total time for which application threads were stopped: 0.0005350 seconds, Stopping threads took: 0.0000530 seconds
269.052: Application time: 0.0392860 seconds
269.053: [GC [PSYoungGen: 7680K->464K(8192K)] 10870K->3654K(26112K), 0.0004280 secs] [Times: user=0.00 sys=0.00, real=0.00 secs] 
269.053: Total time for which application threads were stopped: 0.0005390 seconds, Stopping threads took: 0.0000420 seconds
269.093: Application time: 0.0395040 seconds
269.093: [GC [PSYoungGen: 7632K->416K(8192K)] 10822K->3726K(26112K), 0.0004310 secs] [Times: user=0.00 sys=0.00, real=0.00 secs] 
269.093: Total time for which application threads were stopped: 0.0005460 seconds, Stopping threads took: 0.0000470 seconds
269.132: Application time: 0.0389420 seconds
269.132: [GC [PSYoungGen: 7584K->336K(8192K)] 10894K->3742K(26112K), 0.0004250 secs] [Times: user=0.00 sys=0.00, real=0.00 secs] 
269.133: Total time for which application threads were stopped: 0.0005430 seconds, Stopping threads took: 0.0000530 seconds
269.171: Application time: 0.0387820 seconds
269.171: [GC [PSYoungGen: 7504K->336K(8192K)] 10910K->3742K(26112K), 0.0004450 secs] [Times: user=0.00 sys=0.00, real=0.00 secs] 
269.172: Total time for which application threads were stopped: 0.0005560 seconds, Stopping threads took: 0.0000450 seconds
269.211: Application time: 0.0389020 seconds
269.211: [GC [PSYoungGen: 7504K->272K(8192K)] 10910K->3766K(26112K), 0.0004160 secs] [Times: user=0.00 sys=0.00, real=0.00 secs] 
269.211: Total time for which application threads were stopped: 0.0005240 seconds, Stopping threads took: 0.0000420 seconds
269.250: Application time: 0.0387410 seconds
269.250: [GC [PSYoungGen: 7440K->288K(8192K)] 10934K->3782K(26112K), 0.0003960 secs] [Times: user=0.01 sys=0.00, real=0.00 secs] 
269.251: Total time for which application threads were stopped: 0.0005140 seconds, Stopping threads took: 0.0000460 seconds
269.289: Application time: 0.0380140 seconds
269.289: [GC [PSYoungGen: 7456K->320K(8192K)] 10950K->3854K(26112K), 0.0003850 secs] [Times: user=0.01 sys=0.00, real=0.01 secs] 
269.289: Total time for which application threads were stopped: 0.0004960 seconds, Stopping threads took: 0.0000420 seconds
269.327: Application time: 0.0378440 seconds
269.327: [GC [PSYoungGen: 7488K->384K(8192K)] 11022K->3918K(26112K), 0.0004150 secs] [Times: user=0.00 sys=0.00, real=0.00 secs] 
269.327: Total time for which application threads were stopped: 0.0005300 seconds, Stopping threads took: 0.0000490 seconds
269.368: Application time: 0.0402750 seconds
269.368: [GC [PSYoungGen: 7552K->384K(8192K)] 11086K->3918K(26112K), 0.0004220 secs] [Times: user=0.00 sys=0.00, real=0.00 secs] 
269.368: Total time for which application threads were stopped: 0.0005500 seconds, Stopping threads took: 0.0000570 seconds
269.411: Application time: 0.0421950 seconds
269.411: [GC [PSYoungGen: 7552K->448K(8192K)] 11086K->3982K(26112K), 0.0004470 secs] [Times: user=0.00 sys=0.00, real=0.00 secs] 
269.411: Total time for which application threads were stopped: 0.0005610 seconds, Stopping threads took: 0.0000440 seconds
269.453: Application time: 0.0422350 seconds
269.453: [GC [PSYoungGen: 7616K->560K(8192K)] 11150K->4094K(26112K), 0.0005410 secs] [Times: user=0.00 sys=0.00, real=0.00 secs] 
269.455: Total time for which application threads were stopped: 0.0017310 seconds, Stopping threads took: 0.0000530 seconds
269.498: Application time: 0.0430220 seconds
269.498: [GC [PSYoungGen: 7728K->496K(8192K)] 11262K->4030K(26112K), 0.0004640 secs] [Times: user=0.00 sys=0.00, real=0.00 secs] 
269.499: Total time for which application threads were stopped: 0.0006070 seconds, Stopping threads took: 0.0000750 seconds
269.542: Application time: 0.0429900 seconds
269.542: [GC [PSYoungGen: 7664K->480K(8192K)] 11198K->4014K(26112K), 0.0004500 secs] [Times: user=0.01 sys=0.00, real=0.00 secs] 
269.542: Total time for which application threads were stopped: 0.0005720 seconds, Stopping threads took: 0.0000530 seconds
269.585: Application time: 0.0427740 seconds
269.585: [GC [PSYoungGen: 7648K->544K(8192K)] 11182K->4078K(26112K), 0.0004890 secs] [Times: user=0.00 sys=0.00, real=0.00 secs] 
269.586: Total time for which application threads were stopped: 0.0006040 seconds, Stopping threads took: 0.0000400 seconds
269.629: Application time: 0.0431070 seconds
269.629: [GC [PSYoungGen: 7712K->464K(8192K)] 11246K->3998K(26112K), 0.0004440 secs] [Times: user=0.00 sys=0.00, real=0.01 secs] 
269.629: Total time for which application threads were stopped: 0.0005610 seconds, Stopping threads took: 0.0000470 seconds
269.672: Application time: 0.0430570 seconds
269.672: [GC [PSYoungGen: 7632K->496K(8192K)] 11166K->4030K(26112K), 0.0004870 secs] [Times: user=0.00 sys=0.00, real=0.00 secs] 
269.673: Total time for which application threads were stopped: 0.0006340 seconds, Stopping threads took: 0.0000680 seconds
269.716: Application time: 0.0428720 seconds
269.716: [GC [PSYoungGen: 7664K->496K(8192K)] 11198K->4030K(26112K), 0.0004610 secs] [Times: user=0.00 sys=0.00, real=0.00 secs] 
269.716: Total time for which application threads were stopped: 0.0005900 seconds, Stopping threads took: 0.0000540 seconds
269.759: Application time: 0.0427360 seconds
269.759: [GC [PSYoungGen: 7664K->496K(8192K)] 11198K->4030K(26112K), 0.0004500 secs] [Times: user=0.01 sys=0.00, real=0.00 secs] 
269.760: Total time for which application threads were stopped: 0.0005990 seconds, Stopping threads took: 0.0000700 seconds
269.803: Application time: 0.0427970 seconds
269.803: [GC [PSYoungGen: 7664K->496K(8192K)] 11198K->4030K(26112K), 0.0004620 secs] [Times: user=0.00 sys=0.00, real=0.00 secs] 
269.803: Total time for which application threads were stopped: 0.0005870 seconds, Stopping threads took: 0.0000520 seconds
269.846: Application time: 0.0427780 seconds
269.848: [GC [PSYoungGen: 7664K->496K(8192K)] 11198K->4030K(26112K), 0.0004580 secs] [Times: user=0.00 sys=0.00, real=0.00 secs] 
269.849: Total time for which application threads were stopped: 0.0026220 seconds, Stopping threads took: 0.0020920 seconds
269.891: Application time: 0.0427120 seconds
269.891: [GC [PSYoungGen: 7664K->464K(8192K)] 11198K->4054K(26112K), 0.0005420 secs] [Times: user=0.00 sys=0.00, real=0.00 secs] 
269.892: Total time for which application threads were stopped: 0.0006620 seconds, Stopping threads took: 0.0000510 seconds
269.935: Application time: 0.0428010 seconds
269.935: [GC [PSYoungGen: 7632K->400K(8192K)] 11222K->4094K(26112K), 0.0004220 secs] [Times: user=0.00 sys=0.00, real=0.00 secs] 
269.935: Total time for which application threads were stopped: 0.0005410 seconds, Stopping threads took: 0.0000490 seconds
269.979: Application time: 0.0434200 seconds
269.979: [GC [PSYoungGen: 7568K->336K(8192K)] 11262K->4119K(26112K), 0.0004660 secs] [Times: user=0.01 sys=0.00, real=0.00 secs] 
269.979: Total time for which application threads were stopped: 0.0005910 seconds, Stopping threads took: 0.0000530 seconds
270.023: Application time: 0.0433100 seconds
270.023: [GC [PSYoungGen: 7504K->304K(8192K)] 11287K->4087K(26112K), 0.0004310 secs] [Times: user=0.00 sys=0.00, real=0.00 secs] 
270.023: Total time for which application threads were stopped: 0.0005690 seconds, Stopping threads took: 0.0000650 seconds
270.066: Application time: 0.0428200 seconds
270.066: [GC [PSYoungGen: 7472K->272K(8192K)] 11255K->4151K(26112K), 0.0004150 secs] [Times: user=0.00 sys=0.00, real=0.00 secs] 
270.067: Total time for which application threads were stopped: 0.0005440 seconds, Stopping threads took: 0.0000590 seconds
270.109: Application time: 0.0425160 seconds
270.109: [GC [PSYoungGen: 7440K->272K(8192K)] 11319K->4207K(26112K), 0.0003980 secs] [Times: user=0.00 sys=0.00, real=0.00 secs] 
270.110: Total time for which application threads were stopped: 0.0005230 seconds, Stopping threads took: 0.0000550 seconds
270.151: Application time: 0.0413020 seconds
270.151: [GC [PSYoungGen: 7440K->288K(8192K)] 11375K->4223K(26112K), 0.0004420 secs] [Times: user=0.00 sys=0.00, real=0.00 secs] 
270.151: Total time for which application threads were stopped: 0.0005610 seconds, Stopping threads took: 0.0000490 seconds
270.194: Application time: 0.0420730 seconds
270.194: [GC [PSYoungGen: 7456K->416K(8192K)] 11391K->4351K(26112K), 0.0004280 secs] [Times: user=0.00 sys=0.00, real=0.00 secs] 
270.194: Total time for which application threads were stopped: 0.0005510 seconds, Stopping threads took: 0.0000530 seconds
270.236: Application time: 0.0421530 seconds
270.236: [GC [PSYoungGen: 7584K->416K(8192K)] 11519K->4351K(26112K), 0.0004420 secs] [Times: user=0.00 sys=0.00, real=0.00 secs] 
270.237: Total time for which application threads were stopped: 0.0005580 seconds, Stopping threads took: 0.0000440 seconds
270.279: Application time: 0.0421770 seconds
270.279: [GC [PSYoungGen: 7584K->464K(8192K)] 11519K->4399K(26112K), 0.0004520 secs] [Times: user=0.00 sys=0.00, real=0.00 secs] 
270.280: Total time for which application threads were stopped: 0.0005850 seconds, Stopping threads took: 0.0000470 seconds
270.322: Application time: 0.0425390 seconds
270.322: [GC [PSYoungGen: 7632K->512K(8192K)] 11567K->4447K(26112K), 0.0004800 secs] [Times: user=0.00 sys=0.00, real=0.00 secs] 
270.323: Total time for which application threads were stopped: 0.0006020 seconds, Stopping threads took: 0.0000520 seconds
270.366: Application time: 0.0434690 seconds
270.366: [GC [PSYoungGen: 7680K->496K(8192K)] 11615K->4431K(26112K), 0.0004250 secs] [Times: user=0.00 sys=0.00, real=0.00 secs] 
270.367: Total time for which application threads were stopped: 0.0005690 seconds, Stopping threads took: 0.0000710 seconds
270.410: Application time: 0.0430520 seconds
270.413: [GC [PSYoungGen: 7664K->512K(8192K)] 11599K->4447K(26112K), 0.0005750 secs] [Times: user=0.00 sys=0.00, real=0.00 secs] 
270.414: Total time for which application threads were stopped: 0.0039410 seconds, Stopping threads took: 0.0032750 seconds
270.457: Application time: 0.0429710 seconds
270.457: [GC [PSYoungGen: 7680K->512K(8192K)] 11615K->4447K(26112K), 0.0004780 secs] [Times: user=0.00 sys=0.00, real=0.00 secs] 
270.457: Total time for which application threads were stopped: 0.0006220 seconds, Stopping threads took: 0.0000730 seconds
270.500: Application time: 0.0429760 seconds
270.500: [GC [PSYoungGen: 7680K->496K(8192K)] 11615K->4431K(26112K), 0.0004370 secs] [Times: user=0.00 sys=0.00, real=0.00 secs] 
270.501: Total time for which application threads were stopped: 0.0005620 seconds, Stopping threads took: 0.0000520 seconds
270.544: Application time: 0.0427160 seconds
270.544: [GC [PSYoungGen: 7664K->512K(8192K)] 11599K->4447K(26112K), 0.0004950 secs] [Times: user=0.00 sys=0.00, real=0.00 secs] 
270.544: Total time for which application threads were stopped: 0.0005970 seconds, Stopping threads took: 0.0000350 seconds
270.587: Application time: 0.0426430 seconds
270.587: [GC [PSYoungGen: 7680K->496K(8192K)] 11615K->4431K(26112K), 0.0004510 secs] [Times: user=0.00 sys=0.00, real=0.00 secs] 
270.587: Total time for which application threads were stopped: 0.0005710 seconds, Stopping threads took: 0.0000500 seconds
270.630: Application time: 0.0427780 seconds
270.630: [GC [PSYoungGen: 7664K->528K(8192K)] 11599K->4463K(26112K), 0.0004470 secs] [Times: user=0.00 sys=0.00, real=0.00 secs] 
270.631: Total time for which application threads were stopped: 0.0005630 seconds, Stopping threads took: 0.0000460 seconds
270.674: Application time: 0.0436490 seconds
270.675: [GC [PSYoungGen: 7696K->480K(8192K)] 11631K->4415K(26112K), 0.0005270 secs] [Times: user=0.01 sys=0.00, real=0.00 secs] 
270.675: Total time for which application threads were stopped: 0.0006570 seconds, Stopping threads took: 0.0000560 seconds
270.718: Application time: 0.0428220 seconds
270.718: [GC [PSYoungGen: 7648K->496K(8192K)] 11583K->4431K(26112K), 0.0004450 secs] [Times: user=0.00 sys=0.00, real=0.00 secs] 
270.718: Total time for which application threads were stopped: 0.0005710 seconds, Stopping threads took: 0.0000530 seconds
270.761: Application time: 0.0427960 seconds
270.761: [GC [PSYoungGen: 7664K->464K(8192K)] 11599K->4463K(26112K), 0.0004960 secs] [Times: user=0.00 sys=0.00, real=0.00 secs] 
270.762: Total time for which application threads were stopped: 0.0006200 seconds, Stopping threads took: 0.0000520 seconds
270.805: Application time: 0.0434860 seconds
270.805: [GC [PSYoungGen: 7632K->416K(8192K)] 11631K->4503K(26112K), 0.0004280 secs] [Times: user=0.00 sys=0.00, real=0.00 secs] 
270.806: Total time for which application threads were stopped: 0.0005690 seconds, Stopping threads took: 0.0000600 seconds
270.849: Application time: 0.0431770 seconds
270.849: [GC [PSYoungGen: 7584K->320K(8192K)] 11671K->4495K(26112K), 0.0005550 secs] [Times: user=0.00 sys=0.00, real=0.00 secs] 
270.850: Total time for which application threads were stopped: 0.0006790 seconds, Stopping threads took: 0.0000520 seconds
270.893: Application time: 0.0429040 seconds
270.893: [GC [PSYoungGen: 7488K->288K(8192K)] 11663K->4527K(26112K), 0.0003970 secs] [Times: user=0.00 sys=0.00, real=0.00 secs] 
270.893: Total time for which application threads were stopped: 0.0005130 seconds, Stopping threads took: 0.0000450 seconds
270.936: Application time: 0.0427160 seconds
270.936: [GC [PSYoungGen: 7456K->256K(8192K)] 11695K->4559K(26112K), 0.0004910 secs] [Times: user=0.00 sys=0.00, real=0.00 secs] 
270.937: Total time for which application threads were stopped: 0.0006140 seconds, Stopping threads took: 0.0000510 seconds
270.979: Application time: 0.0426760 seconds
270.979: [GC [PSYoungGen: 7424K->272K(8192K)] 11727K->4631K(26112K), 0.0004330 secs] [Times: user=0.00 sys=0.00, real=0.00 secs] 
270.980: Total time for which application threads were stopped: 0.0005590 seconds, Stopping threads took: 0.0000560 seconds
271.021: Application time: 0.0412270 seconds
271.021: [GC [PSYoungGen: 7440K->352K(8192K)] 11799K->4711K(26112K), 0.0004390 secs] [Times: user=0.00 sys=0.00, real=0.00 secs] 
271.022: Total time for which application threads were stopped: 0.0005600 seconds, Stopping threads took: 0.0000480 seconds
271.064: Application time: 0.0423480 seconds
271.064: [GC [PSYoungGen: 7520K->384K(8192K)] 11879K->4743K(26112K), 0.0004070 secs] [Times: user=0.00 sys=0.00, real=0.00 secs] 
271.064: Total time for which application threads were stopped: 0.0005340 seconds, Stopping threads took: 0.0000530 seconds
271.106: Application time: 0.0414730 seconds
271.106: [GC [PSYoungGen: 7552K->416K(8192K)] 11911K->4775K(26112K), 0.0004410 secs] [Times: user=0.00 sys=0.00, real=0.00 secs] 
271.107: Total time for which application threads were stopped: 0.0005730 seconds, Stopping threads took: 0.0000570 seconds
271.149: Application time: 0.0425760 seconds
271.149: [GC [PSYoungGen: 7584K->496K(8192K)] 11943K->4855K(26112K), 0.0004870 secs] [Times: user=0.00 sys=0.00, real=0.00 secs] 
271.150: Total time for which application threads were stopped: 0.0006120 seconds, Stopping threads took: 0.0000510 seconds
271.192: Application time: 0.0427460 seconds
271.193: [GC [PSYoungGen: 7664K->528K(8192K)] 12023K->4887K(26112K), 0.0004510 secs] [Times: user=0.00 sys=0.00, real=0.00 secs] 
271.193: Total time for which application threads were stopped: 0.0005810 seconds, Stopping threads took: 0.0000570 seconds
271.236: Application time: 0.0432250 seconds
271.236: [GC [PSYoungGen: 7696K->480K(8192K)] 12055K->4839K(26112K), 0.0004380 secs] [Times: user=0.00 sys=0.00, real=0.00 secs] 
271.237: Total time for which application threads were stopped: 0.0005530 seconds, Stopping threads took: 0.0000480 seconds
271.280: Application time: 0.0431360 seconds
271.280: [GC [PSYoungGen: 7648K->496K(8192K)] 12007K->4855K(26112K), 0.0004820 secs] [Times: user=0.01 sys=0.00, real=0.00 secs] 
271.281: Total time for which application threads were stopped: 0.0006070 seconds, Stopping threads took: 0.0000550 seconds
271.323: Application time: 0.0428970 seconds
271.324: [GC [PSYoungGen: 7664K->496K(8192K)] 12023K->4855K(26112K), 0.0004940 secs] [Times: user=0.00 sys=0.00, real=0.00 secs] 
271.324: Total time for which application threads were stopped: 0.0006220 seconds, Stopping threads took: 0.0000490 seconds
271.367: Application time: 0.0427990 seconds
271.367: [GC [PSYoungGen: 7664K->496K(8192K)] 12023K->4855K(26112K), 0.0004450 secs] [Times: user=0.00 sys=0.00, real=0.00 secs] 
271.367: Total time for which application threads were stopped: 0.0005680 seconds, Stopping threads took: 0.0000460 seconds
271.410: Application time: 0.0428780 seconds
271.410: [GC [PSYoungGen: 7664K->480K(8192K)] 12023K->4839K(26112K), 0.0004870 secs] [Times: user=0.00 sys=0.00, real=0.00 secs] 
271.411: Total time for which application threads were stopped: 0.0006300 seconds, Stopping threads took: 0.0000690 seconds
271.454: Application time: 0.0427460 seconds
271.454: [GC [PSYoungGen: 7648K->496K(8192K)] 12007K->4855K(26112K), 0.0004880 secs] [Times: user=0.00 sys=0.00, real=0.00 secs] 
271.454: Total time for which application threads were stopped: 0.0006080 seconds, Stopping threads took: 0.0000560 seconds
271.497: Application time: 0.0429710 seconds
271.497: [GC [PSYoungGen: 7664K->496K(8192K)] 12023K->4855K(26112K), 0.0004410 secs] [Times: user=0.00 sys=0.00, real=0.00 secs] 
271.498: Total time for which application threads were stopped: 0.0005590 seconds, Stopping threads took: 0.0000470 seconds
271.540: Application time: 0.0425750 seconds
271.541: [GC [PSYoungGen: 7664K->496K(8192K)] 12023K->4855K(26112K), 0.0004870 secs] [Times: user=0.00 sys=0.00, real=0.01 secs] 
271.541: Total time for which application threads were stopped: 0.0006050 seconds, Stopping threads took: 0.0000470 seconds
271.585: Application time: 0.0439090 seconds
271.585: [GC [PSYoungGen: 7664K->480K(8192K)] 12023K->4839K(26112K), 0.0005000 secs] [Times: user=0.01 sys=0.00, real=0.00 secs] 
271.586: Total time for which application threads were stopped: 0.0006220 seconds, Stopping threads took: 0.0000470 seconds
271.628: Application time: 0.0428790 seconds
271.629: [GC [PSYoungGen: 7648K->464K(8192K)] 12007K->4871K(26112K), 0.0004860 secs] [Times: user=0.00 sys=0.00, real=0.01 secs] 
271.629: Total time for which application threads were stopped: 0.0006090 seconds, Stopping threads took: 0.0000540 seconds
271.672: Application time: 0.0432000 seconds
271.672: [GC [PSYoungGen: 7632K->384K(8192K)] 12039K->4911K(26112K), 0.0004740 secs] [Times: user=0.01 sys=0.00, real=0.00 secs] 
271.673: Total time for which application threads were stopped: 0.0006110 seconds, Stopping threads took: 0.0000580 seconds
271.716: Application time: 0.0429580 seconds
271.716: [GC [PSYoungGen: 7552K->336K(8192K)] 12079K->4911K(26112K), 0.0004150 secs] [Times: user=0.00 sys=0.00, real=0.00 secs] 
271.716: Total time for which application threads were stopped: 0.0005560 seconds, Stopping threads took: 0.0000670 seconds
271.760: Application time: 0.0432300 seconds
271.760: [GC [PSYoungGen: 7504K->288K(8192K)] 12079K->4943K(26112K), 0.0004460 secs] [Times: user=0.00 sys=0.00, real=0.00 secs] 
271.760: Total time for which application threads were stopped: 0.0005670 seconds, Stopping threads took: 0.0000530 seconds
271.803: Application time: 0.0427260 seconds
271.803: [GC [PSYoungGen: 7456K->256K(8192K)] 12111K->4951K(26112K), 0.0004100 secs] [Times: user=0.00 sys=0.00, real=0.00 secs] 
271.803: Total time for which application threads were stopped: 0.0005250 seconds, Stopping threads took: 0.0000460 seconds
271.845: Application time: 0.0411930 seconds
271.845: [GC [PSYoungGen: 7424K->304K(8192K)] 12119K->4999K(26112K), 0.0004050 secs] [Times: user=0.00 sys=0.00, real=0.00 secs] 
271.845: Total time for which application threads were stopped: 0.0005490 seconds, Stopping threads took: 0.0000630 seconds
271.887: Application time: 0.0416290 seconds
271.887: [GC [PSYoungGen: 7472K->368K(8192K)] 12167K->5063K(26112K), 0.0004300 secs] [Times: user=0.01 sys=0.00, real=0.00 secs] 
271.887: Total time for which application threads were stopped: 0.0005560 seconds, Stopping threads took: 0.0000570 seconds
271.930: Application time: 0.0429440 seconds
271.930: [GC [PSYoungGen: 7536K->416K(8192K)] 12231K->5111K(26112K), 0.0004290 secs] [Times: user=0.00 sys=0.00, real=0.00 secs] 
271.931: Total time for which application threads were stopped: 0.0005540 seconds, Stopping threads took: 0.0000550 seconds
271.973: Application time: 0.0417370 seconds
271.973: [GC [PSYoungGen: 7584K->480K(8192K)] 12279K->5175K(26112K), 0.0004420 secs] [Times: user=0.01 sys=0.00, real=0.00 secs] 
271.973: Total time for which application threads were stopped: 0.0005680 seconds, Stopping threads took: 0.0000460 seconds
272.016: Application time: 0.0424300 seconds
272.016: [GC [PSYoungGen: 7648K->512K(8192K)] 12343K->5207K(26112K), 0.0004440 secs] [Times: user=0.00 sys=0.00, real=0.00 secs] 
272.016: Total time for which application threads were stopped: 0.0005690 seconds, Stopping threads took: 0.0000550 seconds
272.059: Application time: 0.0429850 seconds
272.059: [GC [PSYoungGen: 7680K->528K(8192K)] 12375K->5223K(26112K), 0.0004920 secs] [Times: user=0.00 sys=0.00, real=0.00 secs] 
272.060: Total time for which application threads were stopped: 0.0006110 seconds, Stopping threads took: 0.0000460 seconds
272.103: Application time: 0.0428330 seconds
272.103: [GC [PSYoungGen: 7696K->528K(8192K)] 12391K->5223K(26112K), 0.0004880 secs] [Times: user=0.00 sys=0.00, real=0.00 secs] 
272.103: Total time for which application threads were stopped: 0.0006140 seconds, Stopping threads took: 0.0000560 seconds
272.146: Application time: 0.0431760 seconds
272.146: [GC [PSYoungGen: 7696K->528K(8192K)] 12391K->5223K(26112K), 0.0004850 secs] [Times: user=0.00 sys=0.00, real=0.00 secs] 
272.147: Total time for which application threads were stopped: 0.0006030 seconds, Stopping threads took: 0.0000430 seconds
272.190: Application time: 0.0428220 seconds
272.190: [GC [PSYoungGen: 7696K->496K(8192K)] 12391K->5191K(26112K), 0.0004700 secs] [Times: user=0.00 sys=0.00, real=0.00 secs] 
272.190: Total time for which application threads were stopped: 0.0005900 seconds, Stopping threads took: 0.0000520 seconds
272.233: Application time: 0.0425970 seconds
272.233: [GC [PSYoungGen: 7664K->512K(8192K)] 12359K->5207K(26112K), 0.0004300 secs] [Times: user=0.01 sys=0.00, real=0.00 secs] 
272.234: Total time for which application threads were stopped: 0.0005520 seconds, Stopping threads took: 0.0000500 seconds
272.276: Application time: 0.0425370 seconds
272.276: [GC [PSYoungGen: 7680K->544K(8192K)] 12375K->5239K(26112K), 0.0005530 secs] [Times: user=0.00 sys=0.00, real=0.00 secs] 
272.277: Total time for which application threads were stopped: 0.0006760 seconds, Stopping threads took: 0.0000510 seconds
272.320: Application time: 0.0428480 seconds
272.320: [GC [PSYoungGen: 7712K->496K(8192K)] 12407K->5191K(26112K), 0.0004430 secs] [Times: user=0.00 sys=0.00, real=0.00 secs] 
272.320: Total time for which application threads were stopped: 0.0005640 seconds, Stopping threads took: 0.0000500 seconds
272.363: Application time: 0.0429020 seconds
272.363: [GC [PSYoungGen: 7664K->512K(8192K)] 12359K->5207K(26112K), 0.0004700 secs] [Times: user=0.00 sys=0.00, real=0.00 secs] 
272.364: Total time for which application threads were stopped: 0.0006040 seconds, Stopping threads took: 0.0000560 seconds
272.406: Application time: 0.0425470 seconds
272.406: [GC [PSYoungGen: 7680K->480K(8192K)] 12375K->5175K(26112K), 0.0004540 secs] [Times: user=0.00 sys=0.00, real=0.00 secs] 
272.407: Total time for which application threads were stopped: 0.0005820 seconds, Stopping threads took: 0.0000570 seconds
272.450: Application time: 0.0431300 seconds
272.450: [GC [PSYoungGen: 7648K->512K(8192K)] 12343K->5207K(26112K), 0.0004650 secs] [Times: user=0.00 sys=0.00, real=0.00 secs] 
272.451: Total time for which application threads were stopped: 0.0005850 seconds, Stopping threads took: 0.0000470 seconds
272.493: Application time: 0.0427670 seconds
272.493: [GC [PSYoungGen: 7680K->400K(8192K)] 12375K->5219K(26112K), 0.0004400 secs] [Times: user=0.00 sys=0.00, real=0.00 secs] 
272.494: Total time for which application threads were stopped: 0.0005570 seconds, Stopping threads took: 0.0000480 seconds
272.537: Application time: 0.0427750 seconds
272.537: [GC [PSYoungGen: 7568K->336K(8192K)] 12387K->5243K(26112K), 0.0004300 secs] [Times: user=0.00 sys=0.01, real=0.00 secs] 
272.537: Total time for which application threads were stopped: 0.0005540 seconds, Stopping threads took: 0.0000550 seconds
272.580: Application time: 0.0430310 seconds
272.580: [GC [PSYoungGen: 7504K->336K(8192K)] 12411K->5243K(26112K), 0.0004280 secs] [Times: user=0.00 sys=0.00, real=0.00 secs] 
272.581: Total time for which application threads were stopped: 0.0005550 seconds, Stopping threads took: 0.0000560 seconds
272.624: Application time: 0.0427750 seconds
272.624: [GC [PSYoungGen: 7504K->304K(8192K)] 12411K->5299K(26112K), 0.0004160 secs] [Times: user=0.00 sys=0.00, real=0.00 secs] 
272.624: Total time for which application threads were stopped: 0.0005360 seconds, Stopping threads took: 0.0000530 seconds
272.668: Application time: 0.0434770 seconds
272.668: [GC [PSYoungGen: 7472K->256K(8192K)] 12467K->5299K(26112K), 0.0004390 secs] [Times: user=0.01 sys=0.00, real=0.00 secs] 
272.668: Total time for which application threads were stopped: 0.0005720 seconds, Stopping threads took: 0.0000540 seconds
272.709: Application time: 0.0410900 seconds
272.709: [GC [PSYoungGen: 7424K->304K(8192K)] 12467K->5347K(26112K), 0.0004300 secs] [Times: user=0.01 sys=0.00, real=0.00 secs] 
272.710: Total time for which application threads were stopped: 0.0005710 seconds, Stopping threads took: 0.0000700 seconds
272.751: Application time: 0.0414050 seconds
272.751: [GC [PSYoungGen: 7472K->400K(8192K)] 12515K->5443K(26112K), 0.0004630 secs] [Times: user=0.00 sys=0.00, real=0.00 secs] 
272.752: Total time for which application threads were stopped: 0.0005760 seconds, Stopping threads took: 0.0000420 seconds
272.794: Application time: 0.0425020 seconds
272.794: [GC [PSYoungGen: 7568K->400K(8192K)] 12611K->5443K(26112K), 0.0004320 secs] [Times: user=0.00 sys=0.00, real=0.00 secs] 
272.795: Total time for which application threads were stopped: 0.0005480 seconds, Stopping threads took: 0.0000450 seconds
272.837: Application time: 0.0421610 seconds
272.837: [GC [PSYoungGen: 7568K->496K(8192K)] 12611K->5539K(26112K), 0.0004430 secs] [Times: user=0.00 sys=0.00, real=0.00 secs] 
272.838: Total time for which application threads were stopped: 0.0005620 seconds, Stopping threads took: 0.0000490 seconds
272.881: Application time: 0.0432090 seconds
272.881: [GC [PSYoungGen: 7664K->480K(8192K)] 12707K->5523K(26112K), 0.0004930 secs] [Times: user=0.00 sys=0.00, real=0.01 secs] 
272.881: Total time for which application threads were stopped: 0.0006390 seconds, Stopping threads took: 0.0000650 seconds
272.924: Application time: 0.0428130 seconds
272.924: [GC [PSYoungGen: 7648K->512K(8192K)] 12691K->5555K(26112K), 0.0004340 secs] [Times: user=0.00 sys=0.00, real=0.00 secs] 
272.925: Total time for which application threads were stopped: 0.0005630 seconds, Stopping threads took: 0.0000580 seconds
272.968: Application time: 0.0428440 seconds
272.968: [GC [PSYoungGen: 7680K->480K(8192K)] 12723K->5523K(26112K), 0.0004290 secs] [Times: user=0.00 sys=0.00, real=0.00 secs] 
272.968: Total time for which application threads were stopped: 0.0005530 seconds, Stopping threads took: 0.0000530 seconds
273.011: Application time: 0.0431110 seconds
273.011: [GC [PSYoungGen: 7648K->496K(8192K)] 12691K->5539K(26112K), 0.0004550 secs] [Times: user=0.00 sys=0.00, real=0.00 secs] 
273.012: Total time for which application threads were stopped: 0.0005830 seconds, Stopping threads took: 0.0000560 seconds
273.055: Application time: 0.0427380 seconds
273.055: [GC [PSYoungGen: 7664K->496K(8192K)] 12707K->5539K(26112K), 0.0005420 secs] [Times: user=0.00 sys=0.00, real=0.00 secs] 
273.055: Total time for which application threads were stopped: 0.0006570 seconds, Stopping threads took: 0.0000470 seconds
273.098: Application time: 0.0429210 seconds
273.098: [GC [PSYoungGen: 7664K->496K(8192K)] 12707K->5539K(26112K), 0.0004760 secs] [Times: user=0.00 sys=0.00, real=0.00 secs] 
273.099: Total time for which application threads were stopped: 0.0005950 seconds, Stopping threads took: 0.0000480 seconds
273.141: Application time: 0.0424150 seconds
273.141: [GC [PSYoungGen: 7664K->464K(8192K)] 12707K->5507K(26112K), 0.0004160 secs] [Times: user=0.00 sys=0.00, real=0.00 secs] 
273.142: Total time for which application threads were stopped: 0.0005390 seconds, Stopping threads took: 0.0000520 seconds
273.185: Application time: 0.0427840 seconds
273.185: [GC [PSYoungGen: 7632K->512K(8192K)] 12675K->5555K(26112K), 0.0004580 secs] [Times: user=0.00 sys=0.00, real=0.00 secs] 
273.185: Total time for which application threads were stopped: 0.0005890 seconds, Stopping threads took: 0.0000560 seconds
273.228: Application time: 0.0428240 seconds
273.228: [GC [PSYoungGen: 7680K->512K(8192K)] 12723K->5555K(26112K), 0.0004300 secs] [Times: user=0.01 sys=0.00, real=0.00 secs] 
273.229: Total time for which application threads were stopped: 0.0005460 seconds, Stopping threads took: 0.0000430 seconds
273.271: Application time: 0.0426990 seconds
273.271: [GC [PSYoungGen: 7680K->496K(8192K)] 12723K->5539K(26112K), 0.0004650 secs] [Times: user=0.00 sys=0.00, real=0.00 secs] 
273.272: Total time for which application threads were stopped: 0.0005760 seconds, Stopping threads took: 0.0000410 seconds
273.315: Application time: 0.0427920 seconds
273.315: [GC [PSYoungGen: 7664K->480K(8192K)] 12707K->5523K(26112K), 0.0004420 secs] [Times: user=0.00 sys=0.00, real=0.00 secs] 
273.315: Total time for which application threads were stopped: 0.0005570 seconds, Stopping threads took: 0.0000470 seconds
273.357: Application time: 0.0419940 seconds
273.357: [GC [PSYoungGen: 7648K->400K(8192K)] 12691K->5555K(26112K), 0.0004540 secs] [Times: user=0.00 sys=0.00, real=0.00 secs] 
273.358: Total time for which application threads were stopped: 0.0005680 seconds, Stopping threads took: 0.0000450 seconds
273.397: Application time: 0.0388310 seconds
273.397: [GC [PSYoungGen: 7568K->320K(8192K)] 12723K->5556K(26112K), 0.0004020 secs] [Times: user=0.00 sys=0.00, real=0.00 secs] 
273.397: Total time for which application threads were stopped: 0.0005350 seconds, Stopping threads took: 0.0000560 seconds
273.437: Application time: 0.0394360 seconds
273.437: [GC [PSYoungGen: 7488K->320K(8192K)] 12724K->5604K(26112K), 0.0004160 secs] [Times: user=0.00 sys=0.00, real=0.00 secs] 
273.437: Total time for which application threads were stopped: 0.0005380 seconds, Stopping threads took: 0.0000530 seconds
273.476: Application time: 0.0389560 seconds
273.476: [GC [PSYoungGen: 7488K->304K(8192K)] 12772K->5636K(26112K), 0.0003790 secs] [Times: user=0.00 sys=0.00, real=0.00 secs] 
273.477: Total time for which application threads were stopped: 0.0004960 seconds, Stopping threads took: 0.0000490 seconds
273.515: Application time: 0.0387130 seconds
273.515: [GC [PSYoungGen: 7472K->272K(8192K)] 12804K->5652K(26112K), 0.0003860 secs] [Times: user=0.00 sys=0.00, real=0.00 secs] 
273.516: Total time for which application threads were stopped: 0.0005090 seconds, Stopping threads took: 0.0000580 seconds
273.553: Application time: 0.0375390 seconds
273.553: [GC [PSYoungGen: 7440K->384K(8192K)] 12820K->5764K(26112K), 0.0003830 secs] [Times: user=0.01 sys=0.00, real=0.00 secs] 
273.554: Total time for which application threads were stopped: 0.0004970 seconds, Stopping threads took: 0.0000450 seconds
273.592: Application time: 0.0385960 seconds
273.592: [GC [PSYoungGen: 7552K->384K(8192K)] 12932K->5764K(26112K), 0.0004000 secs] [Times: user=0.00 sys=0.00, real=0.00 secs] 
273.593: Total time for which application threads were stopped: 0.0005250 seconds, Stopping threads took: 0.0000600 seconds
273.631: Application time: 0.0383300 seconds
273.631: [GC [PSYoungGen: 7552K->432K(8192K)] 12932K->5812K(26112K), 0.0004090 secs] [Times: user=0.00 sys=0.00, real=0.00 secs] 
273.632: Total time for which application threads were stopped: 0.0005160 seconds, Stopping threads took: 0.0000390 seconds
273.670: Application time: 0.0385500 seconds
273.670: [GC [PSYoungGen: 7600K->480K(8192K)] 12980K->5860K(26112K), 0.0004670 secs] [Times: user=0.00 sys=0.00, real=0.00 secs] 
273.671: Total time for which application threads were stopped: 0.0005940 seconds, Stopping threads took: 0.0000540 seconds
273.710: Application time: 0.0390640 seconds
273.710: [GC [PSYoungGen: 7648K->512K(8192K)] 13028K->5892K(26112K), 0.0004990 secs] [Times: user=0.00 sys=0.00, real=0.00 secs] 
273.711: Total time for which application threads were stopped: 0.0006170 seconds, Stopping threads took: 0.0000400 seconds
273.750: Application time: 0.0394710 seconds
273.750: [GC [PSYoungGen: 7680K->496K(8192K)] 13060K->5876K(26112K), 0.0004630 secs] [Times: user=0.00 sys=0.00, real=0.00 secs] 
273.751: Total time for which application threads were stopped: 0.0005870 seconds, Stopping threads took: 0.0000550 seconds
273.790: Application time: 0.0388500 seconds
273.790: [GC [PSYoungGen: 7664K->496K(8192K)] 13044K->5876K(26112K), 0.0004200 secs] [Times: user=0.00 sys=0.00, real=0.00 secs] 
273.790: Total time for which application threads were stopped: 0.0005430 seconds, Stopping threads took: 0.0000540 seconds
273.829: Application time: 0.0389870 seconds
273.829: [GC [PSYoungGen: 7664K->496K(8192K)] 13044K->5876K(26112K), 0.0004110 secs] [Times: user=0.00 sys=0.00, real=0.00 secs] 
273.830: Total time for which application threads were stopped: 0.0005360 seconds, Stopping threads took: 0.0000560 seconds
273.869: Application time: 0.0389390 seconds
273.869: [GC [PSYoungGen: 7664K->496K(8192K)] 13044K->5876K(26112K), 0.0004520 secs] [Times: user=0.00 sys=0.00, real=0.01 secs] 
273.869: Total time for which application threads were stopped: 0.0005630 seconds, Stopping threads took: 0.0000420 seconds
273.908: Application time: 0.0388960 seconds
273.908: [GC [PSYoungGen: 7664K->464K(8192K)] 13044K->5844K(26112K), 0.0004050 secs] [Times: user=0.00 sys=0.00, real=0.00 secs] 
273.909: Total time for which application threads were stopped: 0.0005390 seconds, Stopping threads took: 0.0000590 seconds
273.947: Application time: 0.0386860 seconds
273.947: [GC [PSYoungGen: 7632K->512K(8192K)] 13012K->5892K(26112K), 0.0004370 secs] [Times: user=0.00 sys=0.00, real=0.00 secs] 
273.948: Total time for which application threads were stopped: 0.0005510 seconds, Stopping threads took: 0.0000490 seconds
273.987: Application time: 0.0388070 seconds
273.987: [GC [PSYoungGen: 7680K->512K(8192K)] 13060K->5892K(26112K), 0.0004110 secs] [Times: user=0.01 sys=0.00, real=0.00 secs] 
273.987: Total time for which application threads were stopped: 0.0005330 seconds, Stopping threads took: 0.0000520 seconds
274.026: Application time: 0.0386870 seconds
274.026: [GC [PSYoungGen: 7680K->496K(8192K)] 13060K->5876K(26112K), 0.0004510 secs] [Times: user=0.00 sys=0.00, real=0.00 secs] 
274.026: Total time for which application threads were stopped: 0.0005710 seconds, Stopping threads took: 0.0000520 seconds
274.065: Application time: 0.0391120 seconds
274.066: [GC [PSYoungGen: 7664K->480K(8192K)] 13044K->5860K(26112K), 0.0005140 secs] [Times: user=0.00 sys=0.00, real=0.00 secs] 
274.066: Total time for which application threads were stopped: 0.0006300 seconds, Stopping threads took: 0.0000450 seconds
274.105: Application time: 0.0390990 seconds
274.109: [GC [PSYoungGen: 7648K->496K(8192K)] 13028K->5924K(26112K), 0.0004200 secs] [Times: user=0.00 sys=0.00, real=0.00 secs] 
274.110: Total time for which application threads were stopped: 0.0043040 seconds, Stopping threads took: 0.0038140 seconds
274.149: Application time: 0.0396800 seconds
274.149: [GC [PSYoungGen: 7664K->336K(8192K)] 13092K->5876K(26112K), 0.0004280 secs] [Times: user=0.01 sys=0.00, real=0.00 secs] 
274.150: Total time for which application threads were stopped: 0.0005540 seconds, Stopping threads took: 0.0000600 seconds
274.189: Application time: 0.0389990 seconds
274.189: [GC [PSYoungGen: 7504K->304K(8192K)] 13044K->5884K(26112K), 0.0004070 secs] [Times: user=0.01 sys=0.00, real=0.01 secs] 
274.189: Total time for which application threads were stopped: 0.0005490 seconds, Stopping threads took: 0.0000710 seconds
274.228: Application time: 0.0390140 seconds
274.228: [GC [PSYoungGen: 7472K->272K(8192K)] 13052K->5908K(26112K), 0.0004470 secs] [Times: user=0.00 sys=0.00, real=0.00 secs] 
274.229: Total time for which application threads were stopped: 0.0005790 seconds, Stopping threads took: 0.0000650 seconds
274.268: Application time: 0.0389160 seconds
274.268: [GC [PSYoungGen: 7440K->256K(8192K)] 13076K->5980K(26112K), 0.0004030 secs] [Times: user=0.00 sys=0.00, real=0.00 secs] 
274.268: Total time for which application threads were stopped: 0.0005230 seconds, Stopping threads took: 0.0000550 seconds
274.306: Application time: 0.0380880 seconds
274.307: [GC [PSYoungGen: 7423K->320K(8192K)] 13148K->6044K(26112K), 0.0004130 secs] [Times: user=0.00 sys=0.00, real=0.00 secs] 
274.307: Total time for which application threads were stopped: 0.0005360 seconds, Stopping threads took: 0.0000520 seconds
274.344: Application time: 0.0373970 seconds
274.344: [GC [PSYoungGen: 7488K->416K(8192K)] 13212K->6140K(26112K), 0.0004010 secs] [Times: user=0.00 sys=0.00, real=0.00 secs] 
274.345: Total time for which application threads were stopped: 0.0005250 seconds, Stopping threads took: 0.0000560 seconds
274.384: Application time: 0.0389650 seconds
274.384: [GC [PSYoungGen: 7584K->384K(8192K)] 13308K->6108K(26112K), 0.0003960 secs] [Times: user=0.00 sys=0.00, real=0.00 secs] 
274.384: Total time for which application threads were stopped: 0.0005190 seconds, Stopping threads took: 0.0000550 seconds
274.422: Application time: 0.0377230 seconds
274.422: [GC [PSYoungGen: 7552K->448K(8192K)] 13276K->6172K(26112K), 0.0004070 secs] [Times: user=0.00 sys=0.00, real=0.00 secs] 
274.423: Total time for which application threads were stopped: 0.0005380 seconds, Stopping threads took: 0.0000500 seconds
274.461: Application time: 0.0386590 seconds
274.461: [GC [PSYoungGen: 7616K->496K(8192K)] 13340K->6220K(26112K), 0.0004420 secs] [Times: user=0.00 sys=0.00, real=0.00 secs] 
274.463: Total time for which application threads were stopped: 0.0015860 seconds, Stopping threads took: 0.0000420 seconds
274.502: Application time: 0.0392170 seconds
274.502: [GC [PSYoungGen: 7664K->480K(8192K)] 13388K->6204K(26112K), 0.0004620 secs] [Times: user=0.00 sys=0.00, real=0.00 secs] 
274.503: Total time for which application threads were stopped: 0.0005800 seconds, Stopping threads took: 0.0000490 seconds
274.542: Application time: 0.0390350 seconds
274.542: [GC [PSYoungGen: 7648K->496K(8192K)] 13372K->6220K(26112K), 0.0004240 secs] [Times: user=0.00 sys=0.00, real=0.00 secs] 
274.542: Total time for which application threads were stopped: 0.0005400 seconds, Stopping threads took: 0.0000480 seconds
274.581: Application time: 0.0389410 seconds
274.581: [GC [PSYoungGen: 7664K->528K(8192K)] 13388K->6252K(26112K), 0.0004170 secs] [Times: user=0.00 sys=0.00, real=0.00 secs] 
274.582: Total time for which application threads were stopped: 0.0005570 seconds, Stopping threads took: 0.0000690 seconds
274.621: Application time: 0.0390540 seconds
274.621: [GC [PSYoungGen: 7696K->528K(8192K)] 13420K->6252K(26112K), 0.0004910 secs] [Times: user=0.00 sys=0.00, real=0.01 secs] 
274.621: Total time for which application threads were stopped: 0.0006150 seconds, Stopping threads took: 0.0000530 seconds
274.661: Application time: 0.0392690 seconds
274.661: [GC [PSYoungGen: 7696K->528K(8192K)] 13420K->6252K(26112K), 0.0005110 secs] [Times: user=0.00 sys=0.00, real=0.01 secs] 
274.661: Total time for which application threads were stopped: 0.0006470 seconds, Stopping threads took: 0.0000540 seconds
274.700: Application time: 0.0386830 seconds
274.700: [GC [PSYoungGen: 7696K->512K(8192K)] 13420K->6236K(26112K), 0.0004260 secs] [Times: user=0.00 sys=0.00, real=0.00 secs] 
274.701: Total time for which application threads were stopped: 0.0005430 seconds, Stopping threads took: 0.0000480 seconds
274.739: Application time: 0.0385380 seconds
274.739: [GC [PSYoungGen: 7680K->512K(8192K)] 13404K->6236K(26112K), 0.0004260 secs] [Times: user=0.00 sys=0.00, real=0.00 secs] 
274.740: Total time for which application threads were stopped: 0.0005510 seconds, Stopping threads took: 0.0000550 seconds
274.779: Application time: 0.0393480 seconds
274.779: [GC [PSYoungGen: 7680K->496K(8192K)] 13404K->6220K(26112K), 0.0004130 secs] [Times: user=0.00 sys=0.00, real=0.00 secs] 
274.780: Total time for which application threads were stopped: 0.0005350 seconds, Stopping threads took: 0.0000530 seconds
274.818: Application time: 0.0388530 seconds
274.818: [GC [PSYoungGen: 7664K->496K(8192K)] 13388K->6220K(26112K), 0.0004510 secs] [Times: user=0.00 sys=0.00, real=0.00 secs] 
274.819: Total time for which application threads were stopped: 0.0005650 seconds, Stopping threads took: 0.0000450 seconds
274.858: Application time: 0.0387000 seconds
274.858: [GC [PSYoungGen: 7664K->528K(8192K)] 13388K->6252K(26112K), 0.0004190 secs] [Times: user=0.00 sys=0.00, real=0.00 secs] 
274.858: Total time for which application threads were stopped: 0.0005510 seconds, Stopping threads took: 0.0000640 seconds
274.897: Application time: 0.0392090 seconds
274.898: [GC [PSYoungGen: 7696K->400K(8192K)] 13420K->6204K(26112K), 0.0004340 secs] [Times: user=0.00 sys=0.00, real=0.00 secs] 
274.898: Total time for which application threads were stopped: 0.0005660 seconds, Stopping threads took: 0.0000640 seconds
274.937: Application time: 0.0389690 seconds
274.937: [GC [PSYoungGen: 7568K->304K(8192K)] 13372K->6228K(26112K), 0.0003980 secs] [Times: user=0.00 sys=0.00, real=0.00 secs] 
274.937: Total time for which application threads were stopped: 0.0005180 seconds, Stopping threads took: 0.0000440 seconds
274.977: Application time: 0.0390110 seconds
274.977: [GC [PSYoungGen: 7472K->336K(8192K)] 13396K->6260K(26112K), 0.0003810 secs] [Times: user=0.01 sys=0.00, real=0.00 secs] 
274.977: Total time for which application threads were stopped: 0.0005040 seconds, Stopping threads took: 0.0000490 seconds
275.016: Application time: 0.0387680 seconds
275.016: [GC [PSYoungGen: 7504K->256K(8192K)] 13428K->6268K(26112K), 0.0004120 secs] [Times: user=0.00 sys=0.00, real=0.00 secs] 
275.016: Total time for which application threads were stopped: 0.0005290 seconds, Stopping threads took: 0.0000520 seconds
275.055: Application time: 0.0389600 seconds
275.055: [GC [PSYoungGen: 7424K->256K(8192K)] 13436K->6324K(26112K), 0.0003720 secs] [Times: user=0.00 sys=0.00, real=0.00 secs] 
275.056: Total time for which application threads were stopped: 0.0004860 seconds, Stopping threads took: 0.0000500 seconds
275.094: Application time: 0.0383190 seconds
275.094: [GC [PSYoungGen: 7424K->288K(8192K)] 13492K->6356K(26112K), 0.0003850 secs] [Times: user=0.00 sys=0.00, real=0.00 secs] 
275.095: Total time for which application threads were stopped: 0.0005050 seconds, Stopping threads took: 0.0000520 seconds
275.132: Application time: 0.0374070 seconds
275.132: [GC [PSYoungGen: 7456K->352K(8192K)] 13524K->6420K(26112K), 0.0004050 secs] [Times: user=0.00 sys=0.00, real=0.00 secs] 
275.133: Total time for which application threads were stopped: 0.0005180 seconds, Stopping threads took: 0.0000450 seconds
275.171: Application time: 0.0389000 seconds
275.172: [GC [PSYoungGen: 7520K->384K(8192K)] 13588K->6452K(26112K), 0.0004030 secs] [Times: user=0.00 sys=0.00, real=0.00 secs] 
275.172: Total time for which application threads were stopped: 0.0005250 seconds, Stopping threads took: 0.0000540 seconds
275.210: Application time: 0.0383610 seconds
275.210: [GC [PSYoungGen: 7552K->464K(8192K)] 13620K->6532K(26112K), 0.0004200 secs] [Times: user=0.00 sys=0.00, real=0.00 secs] 
275.211: Total time for which application threads were stopped: 0.0005420 seconds, Stopping threads took: 0.0000540 seconds
275.249: Application time: 0.0383660 seconds
275.249: [GC [PSYoungGen: 7632K->544K(8192K)] 13700K->6612K(26112K), 0.0004400 secs] [Times: user=0.00 sys=0.00, real=0.00 secs] 
275.250: Total time for which application threads were stopped: 0.0005600 seconds, Stopping threads took: 0.0000510 seconds
275.289: Application time: 0.0392680 seconds
275.289: [GC [PSYoungGen: 7712K->512K(8192K)] 13780K->6580K(26112K), 0.0004250 secs] [Times: user=0.00 sys=0.00, real=0.00 secs] 
275.290: Total time for which application threads were stopped: 0.0005310 seconds, Stopping threads took: 0.0000400 seconds
275.329: Application time: 0.0389260 seconds
275.333: [GC [PSYoungGen: 7680K->480K(8192K)] 13748K->6548K(26112K), 0.0004640 secs] [Times: user=0.00 sys=0.00, real=0.00 secs] 
275.334: Total time for which application threads were stopped: 0.0050610 seconds, Stopping threads took: 0.0045170 seconds
275.373: Application time: 0.0389950 seconds
275.373: [GC [PSYoungGen: 7648K->496K(8192K)] 13716K->6564K(26112K), 0.0004540 secs] [Times: user=0.00 sys=0.00, real=0.00 secs] 
275.373: Total time for which application threads were stopped: 0.0005890 seconds, Stopping threads took: 0.0000640 seconds
275.412: Application time: 0.0388860 seconds
275.412: [GC [PSYoungGen: 7664K->496K(8192K)] 13732K->6564K(26112K), 0.0004340 secs] [Times: user=0.00 sys=0.00, real=0.00 secs] 
275.413: Total time for which application threads were stopped: 0.0005570 seconds, Stopping threads took: 0.0000540 seconds
275.451: Application time: 0.0388890 seconds
275.452: [GC [PSYoungGen: 7664K->528K(8192K)] 13732K->6596K(26112K), 0.0004080 secs] [Times: user=0.01 sys=0.00, real=0.00 secs] 
275.452: Total time for which application threads were stopped: 0.0005280 seconds, Stopping threads took: 0.0000440 seconds
275.491: Application time: 0.0387720 seconds
275.491: [GC [PSYoungGen: 7696K->528K(8192K)] 13764K->6596K(26112K), 0.0004250 secs] [Times: user=0.00 sys=0.00, real=0.00 secs] 
275.491: Total time for which application threads were stopped: 0.0005430 seconds, Stopping threads took: 0.0000490 seconds
275.530: Application time: 0.0388350 seconds
275.530: [GC [PSYoungGen: 7696K->464K(8192K)] 13764K->6532K(26112K), 0.0004300 secs] [Times: user=0.00 sys=0.00, real=0.00 secs] 
275.531: Total time for which application threads were stopped: 0.0005500 seconds, Stopping threads took: 0.0000500 seconds
275.570: Application time: 0.0389660 seconds
275.570: [GC [PSYoungGen: 7632K->464K(8192K)] 13700K->6532K(26112K), 0.0004190 secs] [Times: user=0.00 sys=0.00, real=0.00 secs] 
275.570: Total time for which application threads were stopped: 0.0005390 seconds, Stopping threads took: 0.0000510 seconds
275.609: Application time: 0.0387440 seconds
275.609: [GC [PSYoungGen: 7632K->528K(8192K)] 13700K->6596K(26112K), 0.0004070 secs] [Times: user=0.00 sys=0.00, real=0.00 secs] 
275.610: Total time for which application threads were stopped: 0.0005320 seconds, Stopping threads took: 0.0000550 seconds
275.649: Application time: 0.0393120 seconds
275.649: [GC [PSYoungGen: 7696K->496K(8192K)] 13764K->6564K(26112K), 0.0004810 secs] [Times: user=0.00 sys=0.01, real=0.01 secs] 
275.649: Total time for which application threads were stopped: 0.0006210 seconds, Stopping threads took: 0.0000580 seconds
275.689: Application time: 0.0392380 seconds
275.689: [GC [PSYoungGen: 7664K->416K(8192K)] 13732K->6556K(26112K), 0.0004380 secs] [Times: user=0.00 sys=0.00, real=0.01 secs] 
275.689: Total time for which application threads were stopped: 0.0005600 seconds, Stopping threads took: 0.0000500 seconds
275.728: Application time: 0.0390160 seconds
275.728: [GC [PSYoungGen: 7584K->304K(8192K)] 13724K->6572K(26112K), 0.0004110 secs] [Times: user=0.00 sys=0.00, real=0.00 secs] 
275.729: Total time for which application threads were stopped: 0.0005390 seconds, Stopping threads took: 0.0000560 seconds
275.768: Application time: 0.0388460 seconds
275.768: [GC [PSYoungGen: 7472K->304K(8192K)] 13740K->6572K(26112K), 0.0003910 secs] [Times: user=0.00 sys=0.00, real=0.00 secs] 
275.768: Total time for which application threads were stopped: 0.0005010 seconds, Stopping threads took: 0.0000420 seconds
275.807: Application time: 0.0391440 seconds
275.807: [GC [PSYoungGen: 7472K->272K(8192K)] 13740K->6628K(26112K), 0.0003810 secs] [Times: user=0.01 sys=0.00, real=0.00 secs] 
275.808: Total time for which application threads were stopped: 0.0004920 seconds, Stopping threads took: 0.0000430 seconds
275.847: Application time: 0.0388230 seconds
275.847: [GC [PSYoungGen: 7440K->256K(8192K)] 13796K->6668K(26112K), 0.0003500 secs] [Times: user=0.00 sys=0.00, real=0.00 secs] 
275.847: Total time for which application threads were stopped: 0.0004740 seconds, Stopping threads took: 0.0000560 seconds
275.885: Application time: 0.0377040 seconds
275.885: [GC [PSYoungGen: 7424K->304K(8192K)] 13836K->6716K(26112K), 0.0004130 secs] [Times: user=0.00 sys=0.00, real=0.00 secs] 
275.885: Total time for which application threads were stopped: 0.0005240 seconds, Stopping threads took: 0.0000450 seconds
275.923: Application time: 0.0379540 seconds
275.923: [GC [PSYoungGen: 7472K->384K(8192K)] 13884K->6796K(26112K), 0.0004330 secs] [Times: user=0.01 sys=0.00, real=0.00 secs] 
275.924: Total time for which application threads were stopped: 0.0005420 seconds, Stopping threads took: 0.0000440 seconds
275.962: Application time: 0.0383140 seconds
275.962: [GC [PSYoungGen: 7552K->384K(8192K)] 13964K->6796K(26112K), 0.0004050 secs] [Times: user=0.00 sys=0.00, real=0.00 secs] 
275.963: Total time for which application threads were stopped: 0.0005400 seconds, Stopping threads took: 0.0000580 seconds
276.001: Application time: 0.0385070 seconds
276.001: [GC [PSYoungGen: 7552K->432K(8192K)] 13964K->6844K(26112K), 0.0004280 secs] [Times: user=0.00 sys=0.00, real=0.00 secs] 
276.002: Total time for which application threads were stopped: 0.0005370 seconds, Stopping threads took: 0.0000400 seconds
276.040: Application time: 0.0386920 seconds
276.041: [GC [PSYoungGen: 7600K->480K(8192K)] 14012K->6892K(26112K), 0.0005270 secs] [Times: user=0.01 sys=0.00, real=0.01 secs] 
276.041: Total time for which application threads were stopped: 0.0006470 seconds, Stopping threads took: 0.0000490 seconds
276.080: Application time: 0.0391060 seconds
276.080: [GC [PSYoungGen: 7648K->544K(8192K)] 14060K->6956K(26112K), 0.0004820 secs] [Times: user=0.01 sys=0.00, real=0.00 secs] 
276.081: Total time for which application threads were stopped: 0.0006130 seconds, Stopping threads took: 0.0000630 seconds
276.120: Application time: 0.0390230 seconds
276.120: [GC [PSYoungGen: 7712K->496K(8192K)] 14124K->6908K(26112K), 0.0004220 secs] [Times: user=0.00 sys=0.00, real=0.00 secs] 
276.120: Total time for which application threads were stopped: 0.0005420 seconds, Stopping threads took: 0.0000530 seconds
276.159: Application time: 0.0389340 seconds
276.159: [GC [PSYoungGen: 7664K->496K(8192K)] 14076K->6908K(26112K), 0.0004070 secs] [Times: user=0.00 sys=0.00, real=0.00 secs] 
276.160: Total time for which application threads were stopped: 0.0005290 seconds, Stopping threads took: 0.0000530 seconds
276.199: Application time: 0.0390670 seconds
276.199: [GC [PSYoungGen: 7664K->528K(8192K)] 14076K->6940K(26112K), 0.0004230 secs] [Times: user=0.01 sys=0.00, real=0.00 secs] 
276.199: Total time for which application threads were stopped: 0.0005330 seconds, Stopping threads took: 0.0000390 seconds
276.239: Application time: 0.0392770 seconds
276.239: [GC [PSYoungGen: 7696K->528K(8192K)] 14108K->6940K(26112K), 0.0004250 secs] [Times: user=0.00 sys=0.00, real=0.00 secs] 
276.239: Total time for which application threads were stopped: 0.0005400 seconds, Stopping threads took: 0.0000490 seconds
276.278: Application time: 0.0384250 seconds
276.281: [GC [PSYoungGen: 7696K->544K(8192K)] 14108K->6956K(26112K), 0.0004390 secs] [Times: user=0.00 sys=0.00, real=0.00 secs] 
276.282: Total time for which application threads were stopped: 0.0038760 seconds, Stopping threads took: 0.0033700 seconds
276.321: Application time: 0.0391950 seconds
276.321: [GC [PSYoungGen: 7712K->464K(8192K)] 14124K->6876K(26112K), 0.0004480 secs] [Times: user=0.00 sys=0.00, real=0.01 secs] 
276.321: Total time for which application threads were stopped: 0.0005830 seconds, Stopping threads took: 0.0000660 seconds
276.360: Application time: 0.0388470 seconds
276.360: [GC [PSYoungGen: 7632K->496K(8192K)] 14044K->6908K(26112K), 0.0004260 secs] [Times: user=0.00 sys=0.00, real=0.00 secs] 
276.361: Total time for which application threads were stopped: 0.0005460 seconds, Stopping threads took: 0.0000490 seconds
276.400: Application time: 0.0389070 seconds
276.400: [GC [PSYoungGen: 7664K->496K(8192K)] 14076K->6908K(26112K), 0.0004200 secs] [Times: user=0.00 sys=0.00, real=0.00 secs] 
276.400: Total time for which application threads were stopped: 0.0005510 seconds, Stopping threads took: 0.0000630 seconds
276.439: Application time: 0.0388160 seconds
276.439: [GC [PSYoungGen: 7664K->496K(8192K)] 14076K->6908K(26112K), 0.0004250 secs] [Times: user=0.00 sys=0.00, real=0.00 secs] 
276.440: Total time for which application threads were stopped: 0.0005550 seconds, Stopping threads took: 0.0000620 seconds
276.479: Application time: 0.0390180 seconds
276.481: [GC [PSYoungGen: 7664K->416K(8192K)] 14076K->6940K(26112K), 0.0004560 secs] [Times: user=0.00 sys=0.00, real=0.00 secs] 
276.482: Total time for which application threads were stopped: 0.0030080 seconds, Stopping threads took: 0.0024690 seconds
276.521: Application time: 0.0389910 seconds
276.521: [GC [PSYoungGen: 7584K->336K(8192K)] 14108K->6953K(26112K), 0.0004330 secs] [Times: user=0.00 sys=0.00, real=0.01 secs] 
276.521: Total time for which application threads were stopped: 0.0005410 seconds, Stopping threads took: 0.0000410 seconds
276.560: Application time: 0.0390200 seconds
276.560: [GC [PSYoungGen: 7504K->288K(8192K)] 14121K->6961K(26112K), 0.0003890 secs] [Times: user=0.00 sys=0.00, real=0.00 secs] 
276.561: Total time for which application threads were stopped: 0.0005160 seconds, Stopping threads took: 0.0000610 seconds
276.599: Application time: 0.0387890 seconds
276.601: [GC [PSYoungGen: 7456K->272K(8192K)] 14129K->6993K(26112K), 0.0004000 secs] [Times: user=0.00 sys=0.00, real=0.00 secs] 
276.601: Total time for which application threads were stopped: 0.0020440 seconds, Stopping threads took: 0.0015780 seconds
276.640: Application time: 0.0386090 seconds
276.641: [GC [PSYoungGen: 7440K->272K(8192K)] 14161K->7041K(26112K), 0.0004330 secs] [Times: user=0.00 sys=0.00, real=0.00 secs] 
276.642: Total time for which application threads were stopped: 0.0014620 seconds, Stopping threads took: 0.0009510 seconds
276.679: Application time: 0.0371390 seconds
276.679: [GC [PSYoungGen: 7440K->352K(8192K)] 14209K->7121K(26112K), 0.0004530 secs] [Times: user=0.00 sys=0.00, real=0.00 secs] 
276.679: Total time for which application threads were stopped: 0.0005770 seconds, Stopping threads took: 0.0000530 seconds
276.718: Application time: 0.0388910 seconds
276.718: [GC [PSYoungGen: 7520K->368K(8192K)] 14289K->7137K(26112K), 0.0004630 secs] [Times: user=0.00 sys=0.00, real=0.00 secs] 
276.719: Total time for which application threads were stopped: 0.0005820 seconds, Stopping threads took: 0.0000510 seconds
276.757: Application time: 0.0381170 seconds
276.757: [GC [PSYoungGen: 7536K->416K(8192K)] 14305K->7185K(26112K), 0.0004250 secs] [Times: user=0.00 sys=0.00, real=0.00 secs] 
276.757: Total time for which application threads were stopped: 0.0005520 seconds, Stopping threads took: 0.0000540 seconds
276.796: Application time: 0.0389190 seconds
276.796: [GC [PSYoungGen: 7584K->432K(8192K)] 14353K->7201K(26112K), 0.0004100 secs] [Times: user=0.00 sys=0.00, real=0.00 secs] 
276.797: Total time for which application threads were stopped: 0.0005340 seconds, Stopping threads took: 0.0000540 seconds
276.836: Application time: 0.0387260 seconds
276.836: [GC [PSYoungGen: 7600K->528K(8192K)] 14369K->7297K(26112K), 0.0004220 secs] [Times: user=0.00 sys=0.00, real=0.00 secs] 
276.836: Total time for which application threads were stopped: 0.0005450 seconds, Stopping threads took: 0.0000560 seconds
276.875: Application time: 0.0389160 seconds
276.875: [GC [PSYoungGen: 7696K->496K(8192K)] 14465K->7265K(26112K), 0.0004560 secs] [Times: user=0.01 sys=0.00, real=0.00 secs] 
276.876: Total time for which application threads were stopped: 0.0005750 seconds, Stopping threads took: 0.0000500 seconds
276.915: Application time: 0.0390710 seconds
276.915: [GC [PSYoungGen: 7664K->496K(8192K)] 14433K->7265K(26112K), 0.0004240 secs] [Times: user=0.01 sys=0.00, real=0.00 secs] 
276.915: Total time for which application threads were stopped: 0.0005390 seconds, Stopping threads took: 0.0000470 seconds
276.954: Application time: 0.0389140 seconds
276.954: [GC [PSYoungGen: 7664K->512K(8192K)] 14433K->7281K(26112K), 0.0003980 secs] [Times: user=0.00 sys=0.00, real=0.00 secs] 
276.955: Total time for which application threads were stopped: 0.0005260 seconds, Stopping threads took: 0.0000530 seconds
276.994: Application time: 0.0390120 seconds
276.994: [GC [PSYoungGen: 7680K->496K(8192K)] 14449K->7265K(26112K), 0.0004350 secs] [Times: user=0.00 sys=0.00, real=0.00 secs] 
276.994: Total time for which application threads were stopped: 0.0005530 seconds, Stopping threads took: 0.0000380 seconds
277.033: Application time: 0.0388380 seconds
277.033: [GC [PSYoungGen: 7664K->496K(8192K)] 14433K->7265K(26112K), 0.0004200 secs] [Times: user=0.00 sys=0.00, real=0.00 secs] 
277.034: Total time for which application threads were stopped: 0.0005330 seconds, Stopping threads took: 0.0000460 seconds
277.072: Application time: 0.0383500 seconds
277.072: [GC [PSYoungGen: 7664K->496K(8192K)] 14433K->7265K(26112K), 0.0004180 secs] [Times: user=0.00 sys=0.00, real=0.00 secs] 
277.073: Total time for which application threads were stopped: 0.0005330 seconds, Stopping threads took: 0.0000470 seconds
277.112: Application time: 0.0393460 seconds
277.112: [GC [PSYoungGen: 7664K->512K(8192K)] 14433K->7281K(26112K), 0.0004300 secs] [Times: user=0.00 sys=0.00, real=0.00 secs] 
277.112: Total time for which application threads were stopped: 0.0005670 seconds, Stopping threads took: 0.0000690 seconds
277.151: Application time: 0.0385270 seconds
277.151: [GC [PSYoungGen: 7680K->528K(8192K)] 14449K->7297K(26112K), 0.0004520 secs] [Times: user=0.01 sys=0.00, real=0.00 secs] 
277.152: Total time for which application threads were stopped: 0.0005660 seconds, Stopping threads took: 0.0000460 seconds
277.190: Application time: 0.0388630 seconds
277.191: [GC [PSYoungGen: 7696K->528K(8192K)] 14465K->7297K(26112K), 0.0004840 secs] [Times: user=0.00 sys=0.00, real=0.00 secs] 
277.191: Total time for which application threads were stopped: 0.0006170 seconds, Stopping threads took: 0.0000590 seconds
277.230: Application time: 0.0389190 seconds
277.230: [GC [PSYoungGen: 7696K->496K(8192K)] 14465K->7313K(26112K), 0.0004270 secs] [Times: user=0.00 sys=0.00, real=0.00 secs] 
277.230: Total time for which application threads were stopped: 0.0005520 seconds, Stopping threads took: 0.0000570 seconds
277.270: Application time: 0.0394960 seconds
277.270: [GC [PSYoungGen: 7664K->336K(8192K)] 14481K->7313K(26112K), 0.0004170 secs] [Times: user=0.00 sys=0.00, real=0.00 secs] 
277.271: Total time for which application threads were stopped: 0.0005640 seconds, Stopping threads took: 0.0000740 seconds
277.311: Application time: 0.0399770 seconds
277.311: [GC [PSYoungGen: 7504K->320K(8192K)] 14481K->7297K(26112K), 0.0004050 secs] [Times: user=0.00 sys=0.00, real=0.00 secs] 
277.311: Total time for which application threads were stopped: 0.0005290 seconds, Stopping threads took: 0.0000540 seconds
277.350: Application time: 0.0389720 seconds
277.350: [GC [PSYoungGen: 7488K->272K(8192K)] 14465K->7345K(26112K), 0.0004080 secs] [Times: user=0.00 sys=0.00, real=0.00 secs] 
277.351: Total time for which application threads were stopped: 0.0005230 seconds, Stopping threads took: 0.0000430 seconds
277.390: Application time: 0.0390710 seconds
277.390: [GC [PSYoungGen: 7440K->272K(8192K)] 14513K->7345K(26112K), 0.0004290 secs] [Times: user=0.00 sys=0.00, real=0.00 secs] 
277.390: Total time for which application threads were stopped: 0.0005450 seconds, Stopping threads took: 0.0000470 seconds
277.428: Application time: 0.0373310 seconds
277.428: [GC [PSYoungGen: 7440K->336K(8192K)] 14513K->7473K(26112K), 0.0003950 secs] [Times: user=0.01 sys=0.00, real=0.00 secs] 
277.428: Total time for which application threads were stopped: 0.0005090 seconds, Stopping threads took: 0.0000440 seconds
277.466: Application time: 0.0381320 seconds
277.466: [GC [PSYoungGen: 7504K->416K(8192K)] 14641K->7553K(26112K), 0.0004170 secs] [Times: user=0.00 sys=0.00, real=0.00 secs] 
277.467: Total time for which application threads were stopped: 0.0005340 seconds, Stopping threads took: 0.0000460 seconds
277.506: Application time: 0.0389310 seconds
277.506: [GC [PSYoungGen: 7584K->384K(8192K)] 14721K->7521K(26112K), 0.0004390 secs] [Times: user=0.01 sys=0.00, real=0.00 secs] 
277.506: Total time for which application threads were stopped: 0.0005660 seconds, Stopping threads took: 0.0000420 seconds
277.545: Application time: 0.0385960 seconds
277.545: [GC [PSYoungGen: 7552K->464K(8192K)] 14689K->7601K(26112K), 0.0004070 secs] [Times: user=0.01 sys=0.00, real=0.00 secs] 
277.545: Total time for which application threads were stopped: 0.0005230 seconds, Stopping threads took: 0.0000450 seconds
277.583: Application time: 0.0380470 seconds
277.583: [GC [PSYoungGen: 7632K->512K(8192K)] 14769K->7649K(26112K), 0.0004680 secs] [Times: user=0.00 sys=0.00, real=0.00 secs] 
277.584: Total time for which application threads were stopped: 0.0005890 seconds, Stopping threads took: 0.0000470 seconds
277.623: Application time: 0.0389000 seconds
277.623: [GC [PSYoungGen: 7680K->496K(8192K)] 14817K->7633K(26112K), 0.0004190 secs] [Times: user=0.00 sys=0.00, real=0.00 secs] 
277.623: Total time for which application threads were stopped: 0.0005360 seconds, Stopping threads took: 0.0000470 seconds
277.663: Application time: 0.0395110 seconds
277.663: [GC [PSYoungGen: 7664K->480K(8192K)] 14801K->7617K(26112K), 0.0004780 secs] [Times: user=0.00 sys=0.00, real=0.00 secs] 
277.664: Total time for which application threads were stopped: 0.0006170 seconds, Stopping threads took: 0.0000610 seconds
277.703: Application time: 0.0391220 seconds
277.703: [GC [PSYoungGen: 7648K->496K(8192K)] 14785K->7633K(26112K), 0.0004340 secs] [Times: user=0.00 sys=0.00, real=0.00 secs] 
277.703: Total time for which application threads were stopped: 0.0005460 seconds, Stopping threads took: 0.0000410 seconds
277.742: Application time: 0.0388320 seconds
277.742: [GC [PSYoungGen: 7664K->496K(8192K)] 14801K->7633K(26112K), 0.0004600 secs] [Times: user=0.00 sys=0.00, real=0.00 secs] 
277.743: Total time for which application threads were stopped: 0.0005970 seconds, Stopping threads took: 0.0000700 seconds
277.781: Application time: 0.0388780 seconds
277.782: [GC [PSYoungGen: 7664K->480K(8192K)] 14801K->7617K(26112K), 0.0004220 secs] [Times: user=0.00 sys=0.00, real=0.00 secs] 
277.782: Total time for which application threads were stopped: 0.0005370 seconds, Stopping threads took: 0.0000450 seconds
277.821: Application time: 0.0388220 seconds
277.821: [GC [PSYoungGen: 7648K->464K(8192K)] 14785K->7601K(26112K), 0.0004860 secs] [Times: user=0.00 sys=0.00, real=0.01 secs] 
277.821: Total time for which application threads were stopped: 0.0006000 seconds, Stopping threads took: 0.0000460 seconds
277.860: Application time: 0.0387540 seconds
277.860: [GC [PSYoungGen: 7632K->480K(8192K)] 14769K->7617K(26112K), 0.0004500 secs] [Times: user=0.00 sys=0.00, real=0.00 secs] 
277.861: Total time for which application threads were stopped: 0.0005700 seconds, Stopping threads took: 0.0000530 seconds
277.900: Application time: 0.0389080 seconds
277.900: [GC [PSYoungGen: 7648K->480K(8192K)] 14785K->7617K(26112K), 0.0004660 secs] [Times: user=0.00 sys=0.00, real=0.00 secs] 
277.900: Total time for which application threads were stopped: 0.0005910 seconds, Stopping threads took: 0.0000600 seconds
277.940: Application time: 0.0392610 seconds
277.940: [GC [PSYoungGen: 7648K->528K(8192K)] 14785K->7665K(26112K), 0.0004450 secs] [Times: user=0.00 sys=0.00, real=0.00 secs] 
277.940: Total time for which application threads were stopped: 0.0005570 seconds, Stopping threads took: 0.0000460 seconds
277.979: Application time: 0.0388060 seconds
277.979: [GC [PSYoungGen: 7696K->480K(8192K)] 14833K->7617K(26112K), 0.0004610 secs] [Times: user=0.00 sys=0.00, real=0.00 secs] 
277.979: Total time for which application threads were stopped: 0.0005690 seconds, Stopping threads took: 0.0000380 seconds
278.019: Application time: 0.0394960 seconds
278.019: [GC [PSYoungGen: 7648K->400K(8192K)] 14785K->7653K(26112K), 0.0004260 secs] [Times: user=0.00 sys=0.00, real=0.00 secs] 
278.020: Total time for which application threads were stopped: 0.0005550 seconds, Stopping threads took: 0.0000520 seconds
278.058: Application time: 0.0389090 seconds
278.059: [GC [PSYoungGen: 7568K->320K(8192K)] 14821K->7661K(26112K), 0.0004420 secs] [Times: user=0.00 sys=0.00, real=0.00 secs] 
278.059: Total time for which application threads were stopped: 0.0005610 seconds, Stopping threads took: 0.0000530 seconds
278.098: Application time: 0.0388530 seconds
278.098: [GC [PSYoungGen: 7488K->368K(8192K)] 14829K->7709K(26112K), 0.0003880 secs] [Times: user=0.01 sys=0.00, real=0.00 secs] 
278.098: Total time for which application threads were stopped: 0.0005040 seconds, Stopping threads took: 0.0000490 seconds
278.137: Application time: 0.0391200 seconds
278.138: [GC [PSYoungGen: 7536K->288K(8192K)] 14877K->7685K(26112K), 0.0004250 secs] [Times: user=0.00 sys=0.00, real=0.00 secs] 
278.138: Total time for which application threads were stopped: 0.0005310 seconds, Stopping threads took: 0.0000390 seconds
278.177: Application time: 0.0390530 seconds
278.177: [GC [PSYoungGen: 7456K->224K(8192K)] 14853K->7701K(26112K), 0.0004170 secs] [Times: user=0.00 sys=0.00, real=0.00 secs] 
278.178: Total time for which application threads were stopped: 0.0005270 seconds, Stopping threads took: 0.0000420 seconds
278.214: Application time: 0.0366280 seconds
278.214: [GC [PSYoungGen: 7392K->368K(8192K)] 14869K->7845K(26112K), 0.0003950 secs] [Times: user=0.00 sys=0.00, real=0.00 secs] 
278.215: Total time for which application threads were stopped: 0.0005140 seconds, Stopping threads took: 0.0000500 seconds
278.253: Application time: 0.0386250 seconds
278.253: [GC [PSYoungGen: 7536K->416K(8192K)] 15013K->7893K(26112K), 0.0004020 secs] [Times: user=0.00 sys=0.00, real=0.00 secs] 
278.254: Total time for which application threads were stopped: 0.0005110 seconds, Stopping threads took: 0.0000410 seconds
278.293: Application time: 0.0392950 seconds
278.293: [GC [PSYoungGen: 7584K->384K(8192K)] 15061K->7861K(26112K), 0.0004120 secs] [Times: user=0.00 sys=0.00, real=0.00 secs] 
278.294: Total time for which application threads were stopped: 0.0005230 seconds, Stopping threads took: 0.0000470 seconds
278.332: Application time: 0.0381250 seconds
278.332: [GC [PSYoungGen: 7552K->448K(8192K)] 15029K->7925K(26112K), 0.0004040 secs] [Times: user=0.00 sys=0.00, real=0.00 secs] 
278.332: Total time for which application threads were stopped: 0.0005250 seconds, Stopping threads took: 0.0000530 seconds
278.371: Application time: 0.0388940 seconds
278.371: [GC [PSYoungGen: 7616K->464K(8192K)] 15093K->7941K(26112K), 0.0004680 secs] [Times: user=0.00 sys=0.00, real=0.00 secs] 
278.372: Total time for which application threads were stopped: 0.0005730 seconds, Stopping threads took: 0.0000380 seconds
278.410: Application time: 0.0384620 seconds
278.410: [GC [PSYoungGen: 7632K->528K(8192K)] 15109K->8005K(26112K), 0.0004210 secs] [Times: user=0.00 sys=0.00, real=0.00 secs] 
278.411: Total time for which application threads were stopped: 0.0005320 seconds, Stopping threads took: 0.0000420 seconds
278.450: Application time: 0.0390770 seconds
278.450: [GC [PSYoungGen: 7696K->512K(8192K)] 15173K->7989K(26112K), 0.0004530 secs] [Times: user=0.00 sys=0.00, real=0.00 secs] 
278.450: Total time for which application threads were stopped: 0.0005750 seconds, Stopping threads took: 0.0000520 seconds
278.490: Application time: 0.0390310 seconds
278.490: [GC [PSYoungGen: 7680K->512K(8192K)] 15157K->7989K(26112K), 0.0004230 secs] [Times: user=0.00 sys=0.00, real=0.00 secs] 
278.490: Total time for which application threads were stopped: 0.0005340 seconds, Stopping threads took: 0.0000460 seconds
278.529: Application time: 0.0391880 seconds
278.529: [GC [PSYoungGen: 7680K->480K(8192K)] 15157K->7957K(26112K), 0.0004820 secs] [Times: user=0.01 sys=0.00, real=0.00 secs] 
278.530: Total time for which application threads were stopped: 0.0006120 seconds, Stopping threads took: 0.0000570 seconds
278.569: Application time: 0.0389050 seconds
278.569: [GC [PSYoungGen: 7648K->544K(8192K)] 15125K->8021K(26112K), 0.0004930 secs] [Times: user=0.00 sys=0.00, real=0.01 secs] 
278.569: Total time for which application threads were stopped: 0.0006100 seconds, Stopping threads took: 0.0000510 seconds
278.608: Application time: 0.0388610 seconds
278.608: [GC [PSYoungGen: 7712K->496K(8192K)] 15189K->7973K(26112K), 0.0004750 secs] [Times: user=0.00 sys=0.00, real=0.00 secs] 
278.609: Total time for which application threads were stopped: 0.0005900 seconds, Stopping threads took: 0.0000470 seconds
278.648: Application time: 0.0395270 seconds
278.648: [GC [PSYoungGen: 7664K->496K(8192K)] 15141K->7973K(26112K), 0.0004820 secs] [Times: user=0.00 sys=0.00, real=0.00 secs] 
278.649: Total time for which application threads were stopped: 0.0006150 seconds, Stopping threads took: 0.0000530 seconds
278.688: Application time: 0.0388930 seconds
278.688: [GC [PSYoungGen: 7664K->528K(8192K)] 15141K->8005K(26112K), 0.0004400 secs] [Times: user=0.01 sys=0.00, real=0.00 secs] 
278.688: Total time for which application threads were stopped: 0.0005500 seconds, Stopping threads took: 0.0000410 seconds
278.727: Application time: 0.0388350 seconds
278.727: [GC [PSYoungGen: 7696K->544K(8192K)] 15173K->8021K(26112K), 0.0004230 secs] [Times: user=0.01 sys=0.00, real=0.00 secs] 
278.728: Total time for which application threads were stopped: 0.0005460 seconds, Stopping threads took: 0.0000530 seconds
278.767: Application time: 0.0387980 seconds
278.767: [GC [PSYoungGen: 7712K->560K(8192K)] 15189K->8037K(26112K), 0.0004180 secs] [Times: user=0.00 sys=0.00, real=0.00 secs] 
278.767: Total time for which application threads were stopped: 0.0005310 seconds, Stopping threads took: 0.0000470 seconds
278.806: Application time: 0.0391430 seconds
278.806: [GC [PSYoungGen: 7728K->336K(8192K)] 15205K->7973K(26112K), 0.0004970 secs] [Times: user=0.00 sys=0.00, real=0.00 secs] 
278.807: Total time for which application threads were stopped: 0.0006120 seconds, Stopping threads took: 0.0000480 seconds
278.846: Application time: 0.0388500 seconds
278.846: [GC [PSYoungGen: 7504K->336K(8192K)] 15141K->8029K(26112K), 0.0004130 secs] [Times: user=0.00 sys=0.00, real=0.00 secs] 
278.846: Total time for which application threads were stopped: 0.0005320 seconds, Stopping threads took: 0.0000490 seconds
278.886: Application time: 0.0392840 seconds
278.886: [GC [PSYoungGen: 7504K->304K(8192K)] 15197K->7997K(26112K), 0.0004290 secs] [Times: user=0.01 sys=0.00, real=0.00 secs] 
278.886: Total time for which application threads were stopped: 0.0005440 seconds, Stopping threads took: 0.0000470 seconds
278.925: Application time: 0.0389300 seconds
278.925: [GC [PSYoungGen: 7472K->272K(8192K)] 15165K->8053K(26112K), 0.0003920 secs] [Times: user=0.00 sys=0.00, real=0.00 secs] 
278.926: Total time for which application threads were stopped: 0.0005210 seconds, Stopping threads took: 0.0000630 seconds
278.964: Application time: 0.0382090 seconds
278.964: [GC [PSYoungGen: 7426K->272K(8192K)] 15208K->8053K(26112K), 0.0004190 secs] [Times: user=0.01 sys=0.00, real=0.00 secs] 
278.964: Total time for which application threads were stopped: 0.0005400 seconds, Stopping threads took: 0.0000510 seconds
279.002: Application time: 0.0372940 seconds
279.002: [GC [PSYoungGen: 7440K->368K(8192K)] 15221K->8197K(26112K), 0.0003980 secs] [Times: user=0.01 sys=0.00, real=0.00 secs] 
279.002: Total time for which application threads were stopped: 0.0005190 seconds, Stopping threads took: 0.0000510 seconds
279.041: Application time: 0.0384900 seconds
279.041: [GC [PSYoungGen: 7536K->400K(8192K)] 15365K->8229K(26112K), 0.0004120 secs] [Times: user=0.00 sys=0.00, real=0.01 secs] 
279.041: Total time for which application threads were stopped: 0.0005380 seconds, Stopping threads took: 0.0000480 seconds
279.081: Application time: 0.0394600 seconds
279.081: [GC [PSYoungGen: 7568K->368K(8192K)] 15397K->8197K(26112K), 0.0004130 secs] [Times: user=0.00 sys=0.00, real=0.01 secs] 
279.081: Total time for which application threads were stopped: 0.0005290 seconds, Stopping threads took: 0.0000490 seconds
279.119: Application time: 0.0382030 seconds
279.119: [GC [PSYoungGen: 7536K->432K(8192K)] 15365K->8261K(26112K), 0.0004110 secs] [Times: user=0.01 sys=0.00, real=0.00 secs] 
279.120: Total time for which application threads were stopped: 0.0005290 seconds, Stopping threads took: 0.0000430 seconds
279.158: Application time: 0.0380870 seconds
279.158: [GC [PSYoungGen: 7600K->512K(8192K)] 15429K->8341K(26112K), 0.0004080 secs] [Times: user=0.00 sys=0.00, real=0.00 secs] 
279.159: Total time for which application threads were stopped: 0.0005310 seconds, Stopping threads took: 0.0000530 seconds
279.198: Application time: 0.0394510 seconds
279.198: [GC [PSYoungGen: 7680K->496K(8192K)] 15509K->8325K(26112K), 0.0005080 secs] [Times: user=0.00 sys=0.00, real=0.00 secs] 
279.199: Total time for which application threads were stopped: 0.0006170 seconds, Stopping threads took: 0.0000410 seconds
279.238: Application time: 0.0389280 seconds
279.238: [GC [PSYoungGen: 7664K->512K(8192K)] 15493K->8341K(26112K), 0.0005070 secs] [Times: user=0.00 sys=0.00, real=0.00 secs] 
279.238: Total time for which application threads were stopped: 0.0006110 seconds, Stopping threads took: 0.0000410 seconds
279.277: Application time: 0.0392670 seconds
279.277: [GC [PSYoungGen: 7680K->496K(8192K)] 15509K->8325K(26112K), 0.0004280 secs] [Times: user=0.00 sys=0.00, real=0.00 secs] 
279.278: Total time for which application threads were stopped: 0.0005450 seconds, Stopping threads took: 0.0000480 seconds
279.317: Application time: 0.0389220 seconds
279.317: [GC [PSYoungGen: 7664K->464K(8192K)] 15493K->8293K(26112K), 0.0004130 secs] [Times: user=0.00 sys=0.00, real=0.00 secs] 
279.317: Total time for which application threads were stopped: 0.0005240 seconds, Stopping threads took: 0.0000450 seconds
279.356: Application time: 0.0388700 seconds
279.356: [GC [PSYoungGen: 7632K->480K(8192K)] 15461K->8309K(26112K), 0.0004250 secs] [Times: user=0.00 sys=0.00, real=0.00 secs] 
279.357: Total time for which application threads were stopped: 0.0005510 seconds, Stopping threads took: 0.0000580 seconds
279.396: Application time: 0.0388290 seconds
279.396: [GC [PSYoungGen: 7648K->512K(8192K)] 15477K->8341K(26112K), 0.0005060 secs] [Times: user=0.00 sys=0.00, real=0.00 secs] 
279.396: Total time for which application threads were stopped: 0.0006120 seconds, Stopping threads took: 0.0000430 seconds
279.435: Application time: 0.0388500 seconds
279.435: [GC [PSYoungGen: 7680K->480K(8192K)] 15509K->8309K(26112K), 0.0004220 secs] [Times: user=0.00 sys=0.00, real=0.00 secs] 
279.436: Total time for which application threads were stopped: 0.0005340 seconds, Stopping threads took: 0.0000430 seconds
279.475: Application time: 0.0390530 seconds
279.475: [GC [PSYoungGen: 7648K->512K(8192K)] 15477K->8341K(26112K), 0.0004750 secs] [Times: user=0.00 sys=0.00, real=0.00 secs] 
279.476: Total time for which application threads were stopped: 0.0016180 seconds, Stopping threads took: 0.0000540 seconds
279.516: Application time: 0.0392760 seconds
279.516: [GC [PSYoungGen: 7680K->528K(8192K)] 15509K->8357K(26112K), 0.0004350 secs] [Times: user=0.00 sys=0.00, real=0.00 secs] 
279.516: Total time for which application threads were stopped: 0.0005600 seconds, Stopping threads took: 0.0000590 seconds
279.555: Application time: 0.0389090 seconds
279.555: [GC [PSYoungGen: 7696K->480K(8192K)] 15525K->8365K(26112K), 0.0004760 secs] [Times: user=0.01 sys=0.00, real=0.00 secs] 
279.556: Total time for which application threads were stopped: 0.0005930 seconds, Stopping threads took: 0.0000440 seconds
279.595: Application time: 0.0388820 seconds
279.595: [GC [PSYoungGen: 7648K->352K(8192K)] 15533K->8366K(26112K), 0.0004050 secs] [Times: user=0.00 sys=0.00, real=0.00 secs] 
279.595: Total time for which application threads were stopped: 0.0005180 seconds, Stopping threads took: 0.0000480 seconds
279.634: Application time: 0.0391260 seconds
279.634: [GC [PSYoungGen: 7520K->304K(8192K)] 15534K->8374K(26112K), 0.0004280 secs] [Times: user=0.00 sys=0.00, real=0.00 secs] 
279.635: Total time for which application threads were stopped: 0.0005480 seconds, Stopping threads took: 0.0000520 seconds
279.674: Application time: 0.0391470 seconds
279.674: [GC [PSYoungGen: 7472K->304K(8192K)] 15542K->8374K(26112K), 0.0005520 secs] [Times: user=0.00 sys=0.00, real=0.00 secs] 
279.675: Total time for which application threads were stopped: 0.0006840 seconds, Stopping threads took: 0.0000550 seconds
279.714: Application time: 0.0391970 seconds
279.714: [GC [PSYoungGen: 7472K->320K(8192K)] 15542K->8438K(26112K), 0.0003960 secs] [Times: user=0.00 sys=0.00, real=0.00 secs] 
279.714: Total time for which application threads were stopped: 0.0005140 seconds, Stopping threads took: 0.0000480 seconds
279.752: Application time: 0.0380520 seconds
279.752: [GC [PSYoungGen: 7488K->272K(8192K)] 15606K->8454K(26112K), 0.0004180 secs] [Times: user=0.00 sys=0.00, real=0.00 secs] 
279.753: Total time for which application threads were stopped: 0.0005320 seconds, Stopping threads took: 0.0000490 seconds
279.792: Application time: 0.0389560 seconds
279.792: [GC [PSYoungGen: 7440K->368K(8192K)] 15622K->8550K(26112K), 0.0004340 secs] [Times: user=0.00 sys=0.00, real=0.00 secs] 
279.792: Total time for which application threads were stopped: 0.0005490 seconds, Stopping threads took: 0.0000450 seconds
279.831: Application time: 0.0385090 seconds
279.831: [GC [PSYoungGen: 7536K->400K(8192K)] 15718K->8582K(26112K), 0.0003830 secs] [Times: user=0.00 sys=0.00, real=0.00 secs] 
279.831: Total time for which application threads were stopped: 0.0005020 seconds, Stopping threads took: 0.0000510 seconds
279.870: Application time: 0.0390800 seconds
279.871: [GC [PSYoungGen: 7561K->384K(8192K)] 15743K->8566K(26112K), 0.0004580 secs] [Times: user=0.01 sys=0.00, real=0.00 secs] 
279.871: Total time for which application threads were stopped: 0.0006120 seconds, Stopping threads took: 0.0000820 seconds
279.909: Application time: 0.0380760 seconds
279.909: [GC [PSYoungGen: 7552K->432K(8192K)] 15734K->8614K(26112K), 0.0004770 secs] [Times: user=0.00 sys=0.00, real=0.00 secs] 
279.910: Total time for which application threads were stopped: 0.0006050 seconds, Stopping threads took: 0.0000540 seconds
279.948: Application time: 0.0383110 seconds
279.948: [GC [PSYoungGen: 7600K->496K(8192K)] 15782K->8678K(26112K), 0.0004510 secs] [Times: user=0.00 sys=0.00, real=0.00 secs] 
279.949: Total time for which application threads were stopped: 0.0005620 seconds, Stopping threads took: 0.0000440 seconds
279.988: Application time: 0.0388890 seconds
279.988: [GC [PSYoungGen: 7664K->512K(8192K)] 15846K->8694K(26112K), 0.0004390 secs] [Times: user=0.00 sys=0.00, real=0.00 secs] 
279.988: Total time for which application threads were stopped: 0.0005610 seconds, Stopping threads took: 0.0000560 seconds
280.027: Application time: 0.0393230 seconds
280.027: [GC [PSYoungGen: 7680K->480K(8192K)] 15862K->8662K(26112K), 0.0004200 secs] [Times: user=0.00 sys=0.00, real=0.00 secs] 
280.028: Total time for which application threads were stopped: 0.0005290 seconds, Stopping threads took: 0.0000420 seconds
280.067: Application time: 0.0388540 seconds
280.067: [GC [PSYoungGen: 7648K->480K(8192K)] 15830K->8662K(26112K), 0.0004280 secs] [Times: user=0.01 sys=0.00, real=0.00 secs] 
280.067: Total time for which application threads were stopped: 0.0005450 seconds, Stopping threads took: 0.0000400 seconds
280.106: Application time: 0.0388710 seconds
280.106: [GC [PSYoungGen: 7648K->528K(8192K)] 15830K->8710K(26112K), 0.0004310 secs] [Times: user=0.00 sys=0.00, real=0.00 secs] 
280.107: Total time for which application threads were stopped: 0.0005460 seconds, Stopping threads took: 0.0000480 seconds
280.146: Application time: 0.0389030 seconds
280.146: [GC [PSYoungGen: 7696K->480K(8192K)] 15878K->8662K(26112K), 0.0004140 secs] [Times: user=0.00 sys=0.00, real=0.00 secs] 
280.146: Total time for which application threads were stopped: 0.0005290 seconds, Stopping threads took: 0.0000490 seconds
280.185: Application time: 0.0387810 seconds
280.185: [GC [PSYoungGen: 7648K->480K(8192K)] 15830K->8662K(26112K), 0.0004230 secs] [Times: user=0.00 sys=0.00, real=0.00 secs] 
280.186: Total time for which application threads were stopped: 0.0005360 seconds, Stopping threads took: 0.0000460 seconds
280.226: Application time: 0.0402310 seconds
280.226: [GC [PSYoungGen: 7648K->496K(8192K)] 15830K->8678K(26112K), 0.0005180 secs] [Times: user=0.00 sys=0.00, real=0.00 secs] 
280.226: Total time for which application threads were stopped: 0.0006710 seconds, Stopping threads took: 0.0000870 seconds
280.265: Application time: 0.0387700 seconds
280.265: [GC [PSYoungGen: 7664K->496K(8192K)] 15846K->8678K(26112K), 0.0004620 secs] [Times: user=0.00 sys=0.00, real=0.00 secs] 
280.266: Total time for which application threads were stopped: 0.0005740 seconds, Stopping threads took: 0.0000450 seconds
280.305: Application time: 0.0390160 seconds
280.305: [GC [PSYoungGen: 7664K->464K(8192K)] 15846K->8646K(26112K), 0.0004310 secs] [Times: user=0.00 sys=0.00, real=0.00 secs] 
280.305: Total time for which application threads were stopped: 0.0005480 seconds, Stopping threads took: 0.0000500 seconds
280.344: Application time: 0.0389060 seconds
280.344: [GC [PSYoungGen: 7632K->400K(8192K)] 15814K->8674K(26112K), 0.0004050 secs] [Times: user=0.00 sys=0.00, real=0.00 secs] 
280.345: Total time for which application threads were stopped: 0.0005120 seconds, Stopping threads took: 0.0000400 seconds
280.384: Application time: 0.0388910 seconds
280.384: [GC [PSYoungGen: 7568K->352K(8192K)] 15842K->8714K(26112K), 0.0004010 secs] [Times: user=0.01 sys=0.00, real=0.00 secs] 
280.384: Total time for which application threads were stopped: 0.0005250 seconds, Stopping threads took: 0.0000560 seconds
280.423: Application time: 0.0389450 seconds
280.423: [GC [PSYoungGen: 7520K->320K(8192K)] 15882K->8738K(26112K), 0.0003960 secs] [Times: user=0.00 sys=0.00, real=0.00 secs] 
280.424: Total time for which application threads were stopped: 0.0005200 seconds, Stopping threads took: 0.0000560 seconds
280.463: Application time: 0.0388840 seconds
280.463: [GC [PSYoungGen: 7488K->320K(8192K)] 15906K->8746K(26112K), 0.0004510 secs] [Times: user=0.00 sys=0.00, real=0.00 secs] 
280.463: Total time for which application threads were stopped: 0.0005690 seconds, Stopping threads took: 0.0000510 seconds
280.502: Application time: 0.0392070 seconds
280.502: [GC [PSYoungGen: 7488K->272K(8192K)] 15914K->8786K(26112K), 0.0003910 secs] [Times: user=0.00 sys=0.00, real=0.00 secs] 
280.503: Total time for which application threads were stopped: 0.0005060 seconds, Stopping threads took: 0.0000480 seconds
280.540: Application time: 0.0370770 seconds
280.540: [GC [PSYoungGen: 7439K->304K(8192K)] 15953K->8866K(26112K), 0.0004290 secs] [Times: user=0.00 sys=0.00, real=0.00 secs] 
280.540: Total time for which application threads were stopped: 0.0005420 seconds, Stopping threads took: 0.0000440 seconds
280.579: Application time: 0.0383150 seconds
280.581: [GC [PSYoungGen: 7472K->368K(8192K)] 16034K->8930K(26112K), 0.0004940 secs] [Times: user=0.00 sys=0.00, real=0.00 secs] 
280.582: Total time for which application threads were stopped: 0.0028570 seconds, Stopping threads took: 0.0022850 seconds
280.620: Application time: 0.0388580 seconds
280.621: [GC [PSYoungGen: 7536K->384K(8192K)] 16098K->8946K(26112K), 0.0004110 secs] [Times: user=0.00 sys=0.00, real=0.00 secs] 
280.621: Total time for which application threads were stopped: 0.0005320 seconds, Stopping threads took: 0.0000520 seconds
280.660: Application time: 0.0387690 seconds
280.660: [GC [PSYoungGen: 7552K->400K(8192K)] 16114K->8962K(26112K), 0.0004570 secs] [Times: user=0.00 sys=0.00, real=0.00 secs] 
280.660: Total time for which application threads were stopped: 0.0005850 seconds, Stopping threads took: 0.0000540 seconds
280.699: Application time: 0.0385300 seconds
280.699: [GC [PSYoungGen: 7568K->512K(8192K)] 16130K->9074K(26112K), 0.0004440 secs] [Times: user=0.01 sys=0.00, real=0.00 secs] 
280.699: Total time for which application threads were stopped: 0.0005720 seconds, Stopping threads took: 0.0000560 seconds
280.738: Application time: 0.0390400 seconds
280.739: [GC [PSYoungGen: 7680K->448K(8192K)] 16242K->9010K(26112K), 0.0004490 secs] [Times: user=0.00 sys=0.00, real=0.00 secs] 
280.739: Total time for which application threads were stopped: 0.0005720 seconds, Stopping threads took: 0.0000480 seconds
280.778: Application time: 0.0389540 seconds
280.778: [GC [PSYoungGen: 7616K->512K(8192K)] 16178K->9074K(26112K), 0.0004450 secs] [Times: user=0.00 sys=0.00, real=0.00 secs] 
280.779: Total time for which application threads were stopped: 0.0005750 seconds, Stopping threads took: 0.0000630 seconds
280.818: Application time: 0.0389510 seconds
280.818: [GC [PSYoungGen: 7680K->480K(8192K)] 16242K->9042K(26112K), 0.0004740 secs] [Times: user=0.00 sys=0.00, real=0.00 secs] 
280.818: Total time for which application threads were stopped: 0.0006060 seconds, Stopping threads took: 0.0000640 seconds
280.857: Application time: 0.0389230 seconds
280.857: [GC [PSYoungGen: 7648K->512K(8192K)] 16210K->9074K(26112K), 0.0004510 secs] [Times: user=0.00 sys=0.00, real=0.00 secs] 
280.858: Total time for which application threads were stopped: 0.0005650 seconds, Stopping threads took: 0.0000450 seconds
280.897: Application time: 0.0393750 seconds
280.897: [GC [PSYoungGen: 7680K->544K(8192K)] 16242K->9106K(26112K), 0.0004290 secs] [Times: user=0.01 sys=0.00, real=0.00 secs] 
280.898: Total time for which application threads were stopped: 0.0005500 seconds, Stopping threads took: 0.0000520 seconds
280.936: Application time: 0.0383730 seconds
280.936: [GC [PSYoungGen: 7712K->496K(8192K)] 16274K->9058K(26112K), 0.0004220 secs] [Times: user=0.00 sys=0.00, real=0.00 secs] 
280.937: Total time for which application threads were stopped: 0.0005540 seconds, Stopping threads took: 0.0000630 seconds
280.976: Application time: 0.0391530 seconds
280.976: [GC [PSYoungGen: 7664K->496K(8192K)] 16226K->9058K(26112K), 0.0004200 secs] [Times: user=0.01 sys=0.00, real=0.00 secs] 
280.976: Total time for which application threads were stopped: 0.0005360 seconds, Stopping threads took: 0.0000490 seconds
281.015: Application time: 0.0388910 seconds
281.015: [GC [PSYoungGen: 7664K->512K(8192K)] 16226K->9074K(26112K), 0.0004290 secs] [Times: user=0.00 sys=0.00, real=0.00 secs] 
281.016: Total time for which application threads were stopped: 0.0005670 seconds, Stopping threads took: 0.0000670 seconds
281.054: Application time: 0.0387400 seconds
281.054: [GC [PSYoungGen: 7680K->512K(8192K)] 16242K->9074K(26112K), 0.0004420 secs] [Times: user=0.00 sys=0.00, real=0.00 secs] 
281.055: Total time for which application threads were stopped: 0.0005590 seconds, Stopping threads took: 0.0000480 seconds
281.094: Application time: 0.0388160 seconds
281.094: [GC [PSYoungGen: 7680K->448K(8192K)] 16242K->9010K(26112K), 0.0004390 secs] [Times: user=0.00 sys=0.00, real=0.00 secs] 
281.094: Total time for which application threads were stopped: 0.0005790 seconds, Stopping threads took: 0.0000630 seconds
281.133: Application time: 0.0388970 seconds
281.133: [GC [PSYoungGen: 7616K->384K(8192K)] 16178K->9094K(26112K), 0.0004690 secs] [Times: user=0.01 sys=0.00, real=0.00 secs] 
281.134: Total time for which application threads were stopped: 0.0005890 seconds, Stopping threads took: 0.0000520 seconds
281.173: Application time: 0.0393450 seconds
281.173: [GC [PSYoungGen: 7552K->336K(8192K)] 16262K->9102K(26112K), 0.0003950 secs] [Times: user=0.00 sys=0.00, real=0.00 secs] 
281.174: Total time for which application threads were stopped: 0.0005110 seconds, Stopping threads took: 0.0000480 seconds
281.213: Application time: 0.0391410 seconds
281.213: [GC [PSYoungGen: 7504K->368K(8192K)] 16270K->9134K(26112K), 0.0003780 secs] [Times: user=0.00 sys=0.00, real=0.00 secs] 
281.213: Total time for which application threads were stopped: 0.0005100 seconds, Stopping threads took: 0.0000620 seconds
281.252: Application time: 0.0389310 seconds
281.252: [GC [PSYoungGen: 7536K->288K(8192K)] 16302K->9102K(26112K), 0.0003900 secs] [Times: user=0.00 sys=0.00, real=0.00 secs] 
281.253: Total time for which application threads were stopped: 0.0005130 seconds, Stopping threads took: 0.0000530 seconds
281.292: Application time: 0.0390230 seconds
281.292: [GC [PSYoungGen: 7456K->256K(8192K)] 16270K->9158K(26112K), 0.0003930 secs] [Times: user=0.00 sys=0.00, real=0.00 secs] 
281.292: Total time for which application threads were stopped: 0.0005060 seconds, Stopping threads took: 0.0000460 seconds
281.329: Application time: 0.0368730 seconds
281.329: [GC [PSYoungGen: 7424K->320K(8192K)] 16326K->9222K(26112K), 0.0003990 secs] [Times: user=0.00 sys=0.00, real=0.00 secs] 
281.330: Total time for which application threads were stopped: 0.0005230 seconds, Stopping threads took: 0.0000530 seconds
281.368: Application time: 0.0384020 seconds
281.368: [GC [PSYoungGen: 7488K->384K(8192K)] 16390K->9286K(26112K), 0.0004520 secs] [Times: user=0.00 sys=0.00, real=0.00 secs] 
281.369: Total time for which application threads were stopped: 0.0005580 seconds, Stopping threads took: 0.0000400 seconds
281.408: Application time: 0.0390780 seconds
281.408: [GC [PSYoungGen: 7552K->400K(8192K)] 16454K->9302K(26112K), 0.0004110 secs] [Times: user=0.00 sys=0.00, real=0.00 secs] 
