Java HotSpot(TM) 64-Bit Server VM (24.80-b11) for linux-amd64 JRE (1.7.0_80-b15), built on Apr 10 2015 19:53:14 by "java_re" with gcc 4.3.0 20080428 (Red Hat 4.3.0-8)
Memory: 4k page, physical 8000092k(5928696k free), swap 8218620k(8218620k free)
CommandLine flags: -XX:InitialHeapSize=9365504 -XX:MaxHeapSize=9365504 -XX:MaxNewSize=2797568 -XX:MaxTenuringThreshold=6 -XX:NewSize=2797568 -XX:OldPLABSize=16 -XX:OldSize=5591040 -XX:+PrintGC -XX:+PrintGCApplicationConcurrentTime -XX:+PrintGCApplicationStoppedTime -XX:+PrintGCDetails -XX:+PrintGCTimeStamps -XX:-UseAdaptiveSizePolicy -XX:+UseCompressedOops -XX:+UseConcMarkSweepGC -XX:+UseParNewGC 
0.078: Application time: 0.0561760 seconds
0.078: [GC0.078: [ParNew: 2176K->256K(2432K), 0.0017090 secs] 2176K->894K(8896K), 0.0017520 secs] [Times: user=0.01 sys=0.00, real=0.00 secs] 
0.080: Total time for which application threads were stopped: 0.0018180 seconds, Stopping threads took: 0.0000090 seconds
0.105: Application time: 0.0249040 seconds
0.105: [GC0.105: [ParNew: 2418K->256K(2432K), 0.0021650 secs] 3057K->1869K(8896K), 0.0021950 secs] [Times: user=0.01 sys=0.00, real=0.00 secs] 
0.107: Total time for which application threads were stopped: 0.0022530 seconds, Stopping threads took: 0.0000110 seconds
1.107: Application time: 1.0000670 seconds
1.107: Total time for which application threads were stopped: 0.0000610 seconds, Stopping threads took: 0.0000200 seconds
4.027: Application time: 2.9199870 seconds
4.027: Total time for which application threads were stopped: 0.0000700 seconds, Stopping threads took: 0.0000110 seconds
15.272: Application time: 11.2449940 seconds
15.272: Total time for which application threads were stopped: 0.0000230 seconds, Stopping threads took: 0.0000080 seconds
15.273: Application time: 0.0000770 seconds
15.273: Total time for which application threads were stopped: 0.0000240 seconds, Stopping threads took: 0.0000170 seconds
15.274: Application time: 0.0014410 seconds
15.274: Total time for which application threads were stopped: 0.0000110 seconds, Stopping threads took: 0.0000050 seconds
15.276: Application time: 0.0022590 seconds
15.276: [GC15.276: [ParNew: 2404K->256K(2432K), 0.0010640 secs] 4018K->2624K(8896K), 0.0010860 secs] [Times: user=0.01 sys=0.01, real=0.00 secs] 
15.277: Total time for which application threads were stopped: 0.0011250 seconds, Stopping threads took: 0.0000040 seconds
15.277: Application time: 0.0000860 seconds
15.278: Total time for which application threads were stopped: 0.0000240 seconds, Stopping threads took: 0.0000160 seconds
15.278: Application time: 0.0000260 seconds
15.278: Total time for which application threads were stopped: 0.0000190 seconds, Stopping threads took: 0.0000140 seconds
15.278: Application time: 0.0000170 seconds
15.278: Total time for which application threads were stopped: 0.0000100 seconds, Stopping threads took: 0.0000050 seconds
15.278: Application time: 0.0000160 seconds
15.278: Total time for which application threads were stopped: 0.0000140 seconds, Stopping threads took: 0.0000090 seconds
15.278: Application time: 0.0000160 seconds
15.278: Total time for which application threads were stopped: 0.0000160 seconds, Stopping threads took: 0.0000120 seconds
15.278: Application time: 0.0000170 seconds
15.278: Total time for which application threads were stopped: 0.0000140 seconds, Stopping threads took: 0.0000100 seconds
15.278: Application time: 0.0000150 seconds
15.278: Total time for which application threads were stopped: 0.0000150 seconds, Stopping threads took: 0.0000110 seconds
15.278: Application time: 0.0000150 seconds
15.278: Total time for which application threads were stopped: 0.0000130 seconds, Stopping threads took: 0.0000090 seconds
15.278: Application time: 0.0000140 seconds
15.278: Total time for which application threads were stopped: 0.0000160 seconds, Stopping threads took: 0.0000110 seconds
15.278: Application time: 0.0000140 seconds
15.278: Total time for which application threads were stopped: 0.0000080 seconds, Stopping threads took: 0.0000040 seconds
15.278: Application time: 0.0000160 seconds
15.278: Total time for which application threads were stopped: 0.0000090 seconds, Stopping threads took: 0.0000050 seconds
15.278: Application time: 0.0000140 seconds
15.278: Total time for which application threads were stopped: 0.0000130 seconds, Stopping threads took: 0.0000090 seconds
15.278: Application time: 0.0000140 seconds
15.278: Total time for which application threads were stopped: 0.0000080 seconds, Stopping threads took: 0.0000040 seconds
15.278: Application time: 0.0000140 seconds
15.278: Total time for which application threads were stopped: 0.0000080 seconds, Stopping threads took: 0.0000040 seconds
15.278: Application time: 0.0000140 seconds
15.278: Total time for which application threads were stopped: 0.0000080 seconds, Stopping threads took: 0.0000050 seconds
15.278: Application time: 0.0000140 seconds
15.278: Total time for which application threads were stopped: 0.0000110 seconds, Stopping threads took: 0.0000080 seconds
15.278: Application time: 0.0000140 seconds
15.278: Total time for which application threads were stopped: 0.0000090 seconds, Stopping threads took: 0.0000050 seconds
15.278: Application time: 0.0000110 seconds
15.278: Total time for which application threads were stopped: 0.0000080 seconds, Stopping threads took: 0.0000040 seconds
15.278: Application time: 0.0000100 seconds
15.278: Total time for which application threads were stopped: 0.0000080 seconds, Stopping threads took: 0.0000050 seconds
15.278: Application time: 0.0000110 seconds
15.278: Total time for which application threads were stopped: 0.0000190 seconds, Stopping threads took: 0.0000040 seconds
15.278: Application time: 0.0000150 seconds
15.278: Total time for which application threads were stopped: 0.0000080 seconds, Stopping threads took: 0.0000040 seconds
15.294: Application time: 0.0158990 seconds
15.294: Total time for which application threads were stopped: 0.0000330 seconds, Stopping threads took: 0.0000080 seconds
15.301: Application time: 0.0067850 seconds
15.301: [GC15.301: [ParNew: 2432K->256K(2432K), 0.0008360 secs] 4800K->3160K(8896K), 0.0008670 secs] [Times: user=0.01 sys=0.00, real=0.00 secs] 
15.302: Total time for which application threads were stopped: 0.0009040 seconds, Stopping threads took: 0.0000030 seconds
15.302: Application time: 0.0000340 seconds
15.302: Total time for which application threads were stopped: 0.0000190 seconds, Stopping threads took: 0.0000110 seconds
15.302: Application time: 0.0000140 seconds
15.302: Total time for which application threads were stopped: 0.0000100 seconds, Stopping threads took: 0.0000070 seconds
15.302: Application time: 0.0000120 seconds
15.302: Total time for which application threads were stopped: 0.0000170 seconds, Stopping threads took: 0.0000130 seconds
15.302: Application time: 0.0000110 seconds
15.302: Total time for which application threads were stopped: 0.0000160 seconds, Stopping threads took: 0.0000120 seconds
15.302: Application time: 0.0000100 seconds
15.302: Total time for which application threads were stopped: 0.0000260 seconds, Stopping threads took: 0.0000220 seconds
15.302: Application time: 0.0000100 seconds
15.302: Total time for which application threads were stopped: 0.0000080 seconds, Stopping threads took: 0.0000040 seconds
15.302: Application time: 0.0000100 seconds
15.302: Total time for which application threads were stopped: 0.0000130 seconds, Stopping threads took: 0.0000090 seconds
15.302: Application time: 0.0000100 seconds
15.302: Total time for which application threads were stopped: 0.0000150 seconds, Stopping threads took: 0.0000110 seconds
15.302: Application time: 0.0000100 seconds
15.302: Total time for which application threads were stopped: 0.0000140 seconds, Stopping threads took: 0.0000100 seconds
15.302: Application time: 0.0000100 seconds
15.302: Total time for which application threads were stopped: 0.0000120 seconds, Stopping threads took: 0.0000090 seconds
15.302: Application time: 0.0000100 seconds
15.302: Total time for which application threads were stopped: 0.0000120 seconds, Stopping threads took: 0.0000080 seconds
15.302: Application time: 0.0000100 seconds
15.302: Total time for which application threads were stopped: 0.0000120 seconds, Stopping threads took: 0.0000090 seconds
15.302: Application time: 0.0000090 seconds
15.302: Total time for which application threads were stopped: 0.0000120 seconds, Stopping threads took: 0.0000080 seconds
15.302: Application time: 0.0000100 seconds
15.302: Total time for which application threads were stopped: 0.0000150 seconds, Stopping threads took: 0.0000110 seconds
15.302: Application time: 0.0000090 seconds
15.302: Total time for which application threads were stopped: 0.0000070 seconds, Stopping threads took: 0.0000030 seconds
15.302: Application time: 0.0000100 seconds
15.302: Total time for which application threads were stopped: 0.0000190 seconds, Stopping threads took: 0.0000150 seconds
15.302: Application time: 0.0000200 seconds
15.302: Total time for which application threads were stopped: 0.0000120 seconds, Stopping threads took: 0.0000080 seconds
15.302: Application time: 0.0000110 seconds
15.302: Total time for which application threads were stopped: 0.0000130 seconds, Stopping threads took: 0.0000090 seconds
15.302: Application time: 0.0000100 seconds
15.302: Total time for which application threads were stopped: 0.0000130 seconds, Stopping threads took: 0.0000090 seconds
15.302: Application time: 0.0000110 seconds
15.302: Total time for which application threads were stopped: 0.0000280 seconds, Stopping threads took: 0.0000110 seconds
15.309: Application time: 0.0070500 seconds
15.309: [Full GC15.309: [CMS: 2904K->1563K(6464K), 0.0063910 secs] 3510K->1563K(8896K), [CMS Perm : 5077K->5076K(21248K)], 0.0064310 secs] [Times: user=0.01 sys=0.00, real=0.01 secs] 
15.316: Total time for which application threads were stopped: 0.0064780 seconds, Stopping threads took: 0.0000030 seconds
15.316: Application time: 0.0000580 seconds
15.316: [Full GC15.316: [CMS: 1563K->1563K(6464K), 0.0054920 secs] 1563K->1563K(8896K), [CMS Perm : 5076K->5076K(21248K)], 0.0055230 secs] [Times: user=0.00 sys=0.00, real=0.00 secs] 
15.321: Total time for which application threads were stopped: 0.0055840 seconds, Stopping threads took: 0.0000150 seconds
15.325: Application time: 0.0033300 seconds
15.325: Total time for which application threads were stopped: 0.0000150 seconds, Stopping threads took: 0.0000060 seconds
17.028: Application time: 1.7029130 seconds
17.028: Total time for which application threads were stopped: 0.0000440 seconds, Stopping threads took: 0.0000240 seconds
17.047: Application time: 0.0190420 seconds
17.047: [GC17.047: [ParNew: 2176K->256K(2432K), 0.0008310 secs] 3739K->2223K(8896K), 0.0008560 secs] [Times: user=0.01 sys=0.00, real=0.00 secs] 
17.048: Total time for which application threads were stopped: 0.0009200 seconds, Stopping threads took: 0.0000120 seconds
17.048: Application time: 0.0000970 seconds
17.048: Total time for which application threads were stopped: 0.0000240 seconds, Stopping threads took: 0.0000160 seconds
17.048: Application time: 0.0000770 seconds
17.048: Total time for which application threads were stopped: 0.0000120 seconds, Stopping threads took: 0.0000050 seconds
17.048: Application time: 0.0000630 seconds
17.048: Total time for which application threads were stopped: 0.0000440 seconds, Stopping threads took: 0.0000350 seconds
17.063: Application time: 0.0154730 seconds
17.064: Total time for which application threads were stopped: 0.0000420 seconds, Stopping threads took: 0.0000100 seconds
17.085: Application time: 0.0213790 seconds
17.085: [GC17.085: [ParNew: 2432K->256K(2432K), 0.0009670 secs] 4399K->2990K(8896K), 0.0009920 secs] [Times: user=0.00 sys=0.01, real=0.00 secs] 
17.086: Total time for which application threads were stopped: 0.0010560 seconds, Stopping threads took: 0.0000190 seconds
17.117: Application time: 0.0313850 seconds
17.117: [GC17.117: [ParNew: 2432K->256K(2432K), 0.0010090 secs] 5166K->3774K(8896K), 0.0010360 secs] [Times: user=0.01 sys=0.00, real=0.00 secs] 
17.118: Total time for which application threads were stopped: 0.0010930 seconds, Stopping threads took: 0.0000190 seconds
17.119: Application time: 0.0000620 seconds
17.119: [GC [1 CMS-initial-mark: 3518K(6464K)] 3801K(8896K), 0.0002560 secs] [Times: user=0.00 sys=0.00, real=0.00 secs] 
17.119: Total time for which application threads were stopped: 0.0003200 seconds, Stopping threads took: 0.0000470 seconds
17.119: [CMS-concurrent-mark-start]
17.123: [CMS-concurrent-mark: 0.003/0.004 secs] [Times: user=0.01 sys=0.00, real=0.01 secs] 
17.123: [CMS-concurrent-preclean-start]
17.123: [CMS-concurrent-preclean: 0.000/0.000 secs] [Times: user=0.00 sys=0.00, real=0.00 secs] 
17.123: Application time: 0.0045070 seconds
17.123: [GC[YG occupancy: 1254 K (2432 K)]17.123: [Rescan (parallel) , 0.0004830 secs]17.124: [weak refs processing, 0.0000130 secs]17.124: [scrub string table, 0.0001070 secs] [1 CMS-remark: 3518K(6464K)] 4772K(8896K), 0.0006290 secs] [Times: user=0.01 sys=0.00, real=0.00 secs] 
17.124: Total time for which application threads were stopped: 0.0006930 seconds, Stopping threads took: 0.0000460 seconds
17.124: [CMS-concurrent-sweep-start]
17.124: Application time: 0.0000780 seconds
17.124: Total time for which application threads were stopped: 0.0000370 seconds, Stopping threads took: 0.0000190 seconds
17.125: [CMS-concurrent-sweep: 0.001/0.001 secs] [Times: user=0.00 sys=0.00, real=0.00 secs] 
17.125: [CMS-concurrent-reset-start]
17.125: [CMS-concurrent-reset: 0.000/0.000 secs] [Times: user=0.00 sys=0.00, real=0.00 secs] 
17.139: Application time: 0.0148640 seconds
17.139: [GC17.139: [ParNew: 2411K->256K(2432K), 0.0008410 secs] 5066K->3409K(8896K), 0.0008660 secs] [Times: user=0.00 sys=0.00, real=0.00 secs] 
17.140: Total time for which application threads were stopped: 0.0009260 seconds, Stopping threads took: 0.0000090 seconds
17.191: Application time: 0.0509630 seconds
17.191: [GC17.191: [ParNew: 2432K->256K(2432K), 0.0014900 secs] 5585K->4301K(8896K), 0.0015200 secs] [Times: user=0.00 sys=0.00, real=0.00 secs] 
17.192: Total time for which application threads were stopped: 0.0015760 seconds, Stopping threads took: 0.0000090 seconds
17.226: Application time: 0.0330530 seconds
17.226: [GC17.226: [ParNew: 2414K->256K(2432K), 0.0017900 secs] 6460K->4892K(8896K), 0.0018200 secs] [Times: user=0.01 sys=0.00, real=0.00 secs] 
17.227: Total time for which application threads were stopped: 0.0018930 seconds, Stopping threads took: 0.0000120 seconds
17.228: Application time: 0.0001060 seconds
17.228: Total time for which application threads were stopped: 0.0000520 seconds, Stopping threads took: 0.0000380 seconds
17.228: Application time: 0.0000480 seconds
17.228: Total time for which application threads were stopped: 0.0000240 seconds, Stopping threads took: 0.0000130 seconds
17.252: Application time: 0.0241150 seconds
17.252: [GC17.252: [ParNew: 1566K->256K(2432K), 0.0020360 secs] 6203K->5175K(8896K), 0.0020620 secs] [Times: user=0.01 sys=0.00, real=0.00 secs] 
17.254: Total time for which application threads were stopped: 0.0021230 seconds, Stopping threads took: 0.0000140 seconds
17.254: Application time: 0.0000930 seconds
17.254: Total time for which application threads were stopped: 0.0002280 seconds, Stopping threads took: 0.0002070 seconds
17.254: Application time: 0.0000340 seconds
17.254: Total time for which application threads were stopped: 0.0000180 seconds, Stopping threads took: 0.0000080 seconds
17.256: Application time: 0.0018040 seconds
17.256: [GC17.256: [ParNew (promotion failed): 2432K->2308K(2432K), 0.0010520 secs]17.257: [CMS: 4919K->5918K(6464K), 0.0165440 secs] 7351K->5918K(8896K), [CMS Perm : 12441K->12438K(21248K)], 0.0176580 secs] [Times: user=0.04 sys=0.01, real=0.02 secs] 
17.274: Total time for which application threads were stopped: 0.0177170 seconds, Stopping threads took: 0.0000090 seconds
17.294: Application time: 0.0199770 seconds
17.294: [GC17.294: [ParNew: 2176K->139K(2432K), 0.0007040 secs] 8094K->6058K(9984K), 0.0007240 secs] [Times: user=0.01 sys=0.00, real=0.00 secs] 
17.295: Total time for which application threads were stopped: 0.0007800 seconds, Stopping threads took: 0.0000120 seconds
17.299: Application time: 0.0046000 seconds
17.299: [GC17.299: [ParNew: 2312K->46K(2432K), 0.0004430 secs] 8231K->5965K(9984K), 0.0004610 secs] [Times: user=0.00 sys=0.00, real=0.00 secs] 
17.300: Total time for which application threads were stopped: 0.0005080 seconds, Stopping threads took: 0.0000190 seconds
17.304: Application time: 0.0044830 seconds
17.304: [GC17.304: [ParNew: 2215K->40K(2432K), 0.0004050 secs] 8134K->5958K(9984K), 0.0004200 secs] [Times: user=0.00 sys=0.00, real=0.00 secs] 
17.305: Total time for which application threads were stopped: 0.0004670 seconds, Stopping threads took: 0.0000180 seconds
17.316: Application time: 0.0116030 seconds
17.316: [GC17.316: [ParNew: 1869K->75K(2432K), 0.0004930 secs] 7788K->5994K(9984K), 0.0005110 secs] [Times: user=0.00 sys=0.00, real=0.00 secs] 
17.317: Total time for which application threads were stopped: 0.0005780 seconds, Stopping threads took: 0.0000190 seconds
17.317: Application time: 0.0001190 seconds
17.317: Total time for which application threads were stopped: 0.0001500 seconds, Stopping threads took: 0.0001130 seconds
17.317: Application time: 0.0000510 seconds
17.317: Total time for which application threads were stopped: 0.0000150 seconds, Stopping threads took: 0.0000060 seconds
17.320: Application time: 0.0030000 seconds
17.320: [GC17.320: [ParNew (promotion failed): 2251K->2251K(2432K), 0.0007310 secs]17.321: [CMS: 5920K->5655K(7552K), 0.0150210 secs] 8170K->5655K(9984K), [CMS Perm : 12559K->12558K(21248K)], 0.0157940 secs] [Times: user=0.01 sys=0.00, real=0.02 secs] 
17.336: Total time for which application threads were stopped: 0.0158580 seconds, Stopping threads took: 0.0000170 seconds
17.346: Application time: 0.0099760 seconds
17.346: [GC17.346: [ParNew: 2167K->55K(2432K), 0.0004890 secs] 7822K->5710K(9984K), 0.0005090 secs] [Times: user=0.01 sys=0.00, real=0.00 secs] 
17.347: Total time for which application threads were stopped: 0.0005540 seconds, Stopping threads took: 0.0000080 seconds
17.352: Application time: 0.0052110 seconds
17.352: [GC17.352: [ParNew: 2222K->35K(2432K), 0.0004080 secs] 7878K->5690K(9984K), 0.0004240 secs] [Times: user=0.00 sys=0.00, real=0.00 secs] 
17.352: Total time for which application threads were stopped: 0.0004670 seconds, Stopping threads took: 0.0000170 seconds
17.357: Application time: 0.0043580 seconds
17.357: [GC17.357: [ParNew: 2208K->33K(2432K), 0.0005410 secs] 7863K->5688K(9984K), 0.0005560 secs] [Times: user=0.00 sys=0.00, real=0.00 secs] 
17.357: Total time for which application threads were stopped: 0.0005990 seconds, Stopping threads took: 0.0000180 seconds
17.380: Application time: 0.0224370 seconds
17.380: [GC17.380: [ParNew: 2209K->107K(2432K), 0.0005260 secs] 7864K->5976K(9984K), 0.0005450 secs] [Times: user=0.00 sys=0.00, real=0.00 secs] 
17.380: Total time for which application threads were stopped: 0.0005950 seconds, Stopping threads took: 0.0000090 seconds
17.380: Application time: 0.0001060 seconds
17.380: Total time for which application threads were stopped: 0.0000320 seconds, Stopping threads took: 0.0000150 seconds
17.380: Application time: 0.0000520 seconds
17.380: Total time for which application threads were stopped: 0.0000180 seconds, Stopping threads took: 0.0000060 seconds
17.381: Application time: 0.0000620 seconds
17.381: Total time for which application threads were stopped: 0.0000140 seconds, Stopping threads took: 0.0000050 seconds
17.393: Application time: 0.0127500 seconds
17.393: Total time for which application threads were stopped: 0.0000140 seconds, Stopping threads took: 0.0000060 seconds
Heap
 par new generation   total 2432K, used 1190K [0x00000000fa400000, 0x00000000fa6a0000, 0x00000000fa6a0000)
  eden space 2176K,  49% used [0x00000000fa400000, 0x00000000fa50e8d0, 0x00000000fa620000)
  from space 256K,  42% used [0x00000000fa660000, 0x00000000fa67afd0, 0x00000000fa6a0000)
  to   space 256K,   0% used [0x00000000fa620000, 0x00000000fa620000, 0x00000000fa660000)
 concurrent mark-sweep generation total 7552K, used 5868K [0x00000000fa6a0000, 0x00000000fae00000, 0x00000000fae00000)
 concurrent-mark-sweep perm gen total 21248K, used 12824K [0x00000000fae00000, 0x00000000fc2c0000, 0x0000000100000000)
17.393: Application time: 0.0001810 seconds
