Java HotSpot(TM) 64-Bit Server VM (24.80-b11) for linux-amd64 JRE (1.7.0_80-b15), built on Apr 10 2015 19:53:14 by "java_re" with gcc 4.3.0 20080428 (Red Hat 4.3.0-8)
Memory: 4k page, physical 8000092k(5928204k free), swap 8218620k(8218620k free)
CommandLine flags: -XX:InitialHeapSize=417779712 -XX:MaxHeapSize=417779712 -XX:MaxNewSize=139112448 -XX:MaxTenuringThreshold=6 -XX:NewSize=139112448 -XX:OldPLABSize=16 -XX:OldSize=278220800 -XX:+PrintGC -XX:+PrintGCApplicationConcurrentTime -XX:+PrintGCApplicationStoppedTime -XX:+PrintGCDetails -XX:+PrintGCTimeStamps -XX:-UseAdaptiveSizePolicy -XX:+UseCompressedOops -XX:+UseConcMarkSweepGC -XX:+UseParNewGC 
1.008: Application time: 0.9855100 seconds
1.008: Total time for which application threads were stopped: 0.0000420 seconds, Stopping threads took: 0.0000100 seconds
4.028: Application time: 3.0199470 seconds
4.028: Total time for which application threads were stopped: 0.0000650 seconds, Stopping threads took: 0.0000100 seconds
14.991: Application time: 10.9629990 seconds
14.991: Total time for which application threads were stopped: 0.0000230 seconds, Stopping threads took: 0.0000080 seconds
14.991: Application time: 0.0000750 seconds
14.991: Total time for which application threads were stopped: 0.0000240 seconds, Stopping threads took: 0.0000170 seconds
14.992: Application time: 0.0014810 seconds
14.992: Total time for which application threads were stopped: 0.0000110 seconds, Stopping threads took: 0.0000050 seconds
15.010: Application time: 0.0178470 seconds
15.010: Total time for which application threads were stopped: 0.0000380 seconds, Stopping threads took: 0.0000090 seconds
15.023: Application time: 0.0124240 seconds
15.023: [Full GC15.023: [CMS: 0K->3177K(272192K), 0.0113140 secs] 15275K->3177K(394432K), [CMS Perm : 5077K->5076K(21248K)], 0.0113710 secs] [Times: user=0.00 sys=0.00, real=0.02 secs] 
15.034: Total time for which application threads were stopped: 0.0114450 seconds, Stopping threads took: 0.0000180 seconds
15.034: Application time: 0.0000820 seconds
15.034: [Full GC15.034: [CMS: 3177K->3177K(272192K), 0.0073990 secs] 3177K->3177K(394432K), [CMS Perm : 5076K->5076K(21248K)], 0.0074380 secs] [Times: user=0.01 sys=0.00, real=0.00 secs] 
15.042: Total time for which application threads were stopped: 0.0075110 seconds, Stopping threads took: 0.0000200 seconds
15.042: Application time: 0.0002150 seconds
15.042: Total time for which application threads were stopped: 0.0001140 seconds, Stopping threads took: 0.0000780 seconds
15.042: Application time: 0.0000840 seconds
15.042: Total time for which application threads were stopped: 0.0000270 seconds, Stopping threads took: 0.0000200 seconds
15.042: Application time: 0.0000830 seconds
15.042: Total time for which application threads were stopped: 0.0000230 seconds, Stopping threads took: 0.0000170 seconds
15.042: Application time: 0.0000290 seconds
15.042: Total time for which application threads were stopped: 0.0000140 seconds, Stopping threads took: 0.0000110 seconds
15.042: Application time: 0.0000340 seconds
15.042: Total time for which application threads were stopped: 0.0000160 seconds, Stopping threads took: 0.0000130 seconds
15.042: Application time: 0.0000240 seconds
15.042: Total time for which application threads were stopped: 0.0000150 seconds, Stopping threads took: 0.0000120 seconds
15.042: Application time: 0.0000200 seconds
15.042: Total time for which application threads were stopped: 0.0000130 seconds, Stopping threads took: 0.0000100 seconds
15.042: Application time: 0.0000100 seconds
15.042: Total time for which application threads were stopped: 0.0000140 seconds, Stopping threads took: 0.0000110 seconds
15.042: Application time: 0.0000100 seconds
15.042: Total time for which application threads were stopped: 0.0000120 seconds, Stopping threads took: 0.0000090 seconds
15.043: Application time: 0.0000100 seconds
15.043: Total time for which application threads were stopped: 0.0000120 seconds, Stopping threads took: 0.0000080 seconds
15.043: Application time: 0.0000100 seconds
15.043: Total time for which application threads were stopped: 0.0000160 seconds, Stopping threads took: 0.0000130 seconds
15.043: Application time: 0.0000100 seconds
15.043: Total time for which application threads were stopped: 0.0000110 seconds, Stopping threads took: 0.0000080 seconds
15.043: Application time: 0.0000100 seconds
15.043: Total time for which application threads were stopped: 0.0000120 seconds, Stopping threads took: 0.0000090 seconds
15.043: Application time: 0.0000100 seconds
15.043: Total time for which application threads were stopped: 0.0000120 seconds, Stopping threads took: 0.0000090 seconds
15.043: Application time: 0.0000100 seconds
15.043: Total time for which application threads were stopped: 0.0000120 seconds, Stopping threads took: 0.0000090 seconds
15.043: Application time: 0.0000100 seconds
15.043: Total time for which application threads were stopped: 0.0000120 seconds, Stopping threads took: 0.0000090 seconds
15.043: Application time: 0.0000100 seconds
15.043: Total time for which application threads were stopped: 0.0000110 seconds, Stopping threads took: 0.0000080 seconds
15.043: Application time: 0.0000100 seconds
15.043: Total time for which application threads were stopped: 0.0000120 seconds, Stopping threads took: 0.0000090 seconds
15.043: Application time: 0.0000100 seconds
15.043: Total time for which application threads were stopped: 0.0000120 seconds, Stopping threads took: 0.0000090 seconds
15.043: Application time: 0.0000100 seconds
15.043: Total time for which application threads were stopped: 0.0000160 seconds, Stopping threads took: 0.0000050 seconds
15.440: Application time: 0.3971990 seconds
15.440: Total time for which application threads were stopped: 0.0000580 seconds, Stopping threads took: 0.0000090 seconds
15.584: Application time: 0.1436690 seconds
15.584: [GC15.584: [ParNew: 108531K->13567K(122240K), 0.0149150 secs] 111708K->26964K(394432K), 0.0149720 secs] [Times: user=0.05 sys=0.00, real=0.02 secs] 
15.599: Total time for which application threads were stopped: 0.0150840 seconds, Stopping threads took: 0.0000210 seconds
15.599: Application time: 0.0001520 seconds
15.599: Total time for which application threads were stopped: 0.0000610 seconds, Stopping threads took: 0.0000410 seconds
15.599: Application time: 0.0000430 seconds
15.599: Total time for which application threads were stopped: 0.0000350 seconds, Stopping threads took: 0.0000240 seconds
15.599: Application time: 0.0000180 seconds
15.599: Total time for which application threads were stopped: 0.0000230 seconds, Stopping threads took: 0.0000150 seconds
15.599: Application time: 0.0000480 seconds
15.599: Total time for which application threads were stopped: 0.0000320 seconds, Stopping threads took: 0.0000180 seconds
15.599: Application time: 0.0000180 seconds
15.599: Total time for which application threads were stopped: 0.0000220 seconds, Stopping threads took: 0.0000160 seconds
15.599: Application time: 0.0000130 seconds
15.599: Total time for which application threads were stopped: 0.0000210 seconds, Stopping threads took: 0.0000160 seconds
15.599: Application time: 0.0000130 seconds
15.599: Total time for which application threads were stopped: 0.0000200 seconds, Stopping threads took: 0.0000160 seconds
15.599: Application time: 0.0000130 seconds
15.599: Total time for which application threads were stopped: 0.0000170 seconds, Stopping threads took: 0.0000120 seconds
15.599: Application time: 0.0000120 seconds
15.599: Total time for which application threads were stopped: 0.0000190 seconds, Stopping threads took: 0.0000150 seconds
15.599: Application time: 0.0000120 seconds
15.599: Total time for which application threads were stopped: 0.0000240 seconds, Stopping threads took: 0.0000150 seconds
15.599: Application time: 0.0000130 seconds
15.599: Total time for which application threads were stopped: 0.0000200 seconds, Stopping threads took: 0.0000150 seconds
15.599: Application time: 0.0000130 seconds
15.599: Total time for which application threads were stopped: 0.0000180 seconds, Stopping threads took: 0.0000130 seconds
15.599: Application time: 0.0000130 seconds
15.599: Total time for which application threads were stopped: 0.0000150 seconds, Stopping threads took: 0.0000100 seconds
15.599: Application time: 0.0000120 seconds
15.600: Total time for which application threads were stopped: 0.0000260 seconds, Stopping threads took: 0.0000140 seconds
15.600: Application time: 0.0000130 seconds
15.600: Total time for which application threads were stopped: 0.0000180 seconds, Stopping threads took: 0.0000140 seconds
15.600: Application time: 0.0000120 seconds
15.600: Total time for which application threads were stopped: 0.0000200 seconds, Stopping threads took: 0.0000150 seconds
15.600: Application time: 0.0000120 seconds
15.600: Total time for which application threads were stopped: 0.0000170 seconds, Stopping threads took: 0.0000130 seconds
15.600: Application time: 0.0000110 seconds
15.600: Total time for which application threads were stopped: 0.0000280 seconds, Stopping threads took: 0.0000150 seconds
15.600: Application time: 0.0000120 seconds
15.600: Total time for which application threads were stopped: 0.0000170 seconds, Stopping threads took: 0.0000120 seconds
15.600: Application time: 0.0000110 seconds
15.600: Total time for which application threads were stopped: 0.0000180 seconds, Stopping threads took: 0.0000130 seconds
15.600: Application time: 0.0000120 seconds
15.600: Total time for which application threads were stopped: 0.0000240 seconds, Stopping threads took: 0.0000150 seconds
15.600: Application time: 0.0000120 seconds
15.600: Total time for which application threads were stopped: 0.0000170 seconds, Stopping threads took: 0.0000130 seconds
15.600: Application time: 0.0000120 seconds
15.600: Total time for which application threads were stopped: 0.0000190 seconds, Stopping threads took: 0.0000150 seconds
15.600: Application time: 0.0000100 seconds
15.600: Total time for which application threads were stopped: 0.0000180 seconds, Stopping threads took: 0.0000150 seconds
15.600: Application time: 0.0000120 seconds
15.600: Total time for which application threads were stopped: 0.0000260 seconds, Stopping threads took: 0.0000130 seconds
15.600: Application time: 0.0000120 seconds
15.600: Total time for which application threads were stopped: 0.0000210 seconds, Stopping threads took: 0.0000130 seconds
15.600: Application time: 0.0000130 seconds
15.600: Total time for which application threads were stopped: 0.0000240 seconds, Stopping threads took: 0.0000160 seconds
15.600: Application time: 0.0000140 seconds
15.600: Total time for which application threads were stopped: 0.0000240 seconds, Stopping threads took: 0.0000160 seconds
15.600: Application time: 0.0000120 seconds
15.600: Total time for which application threads were stopped: 0.0000260 seconds, Stopping threads took: 0.0000110 seconds
15.600: Application time: 0.0000160 seconds
15.600: Total time for which application threads were stopped: 0.0000250 seconds, Stopping threads took: 0.0000150 seconds
15.600: Application time: 0.0000160 seconds
15.600: Total time for which application threads were stopped: 0.0000240 seconds, Stopping threads took: 0.0000130 seconds
15.600: Application time: 0.0000170 seconds
15.600: Total time for which application threads were stopped: 0.0000280 seconds, Stopping threads took: 0.0000140 seconds
15.600: Application time: 0.0000240 seconds
15.600: Total time for which application threads were stopped: 0.0000320 seconds, Stopping threads took: 0.0000240 seconds
15.600: Application time: 0.0000110 seconds
15.600: Total time for which application threads were stopped: 0.0000330 seconds, Stopping threads took: 0.0000200 seconds
15.600: Application time: 0.0000260 seconds
15.600: Total time for which application threads were stopped: 0.0000300 seconds, Stopping threads took: 0.0000140 seconds
15.600: Application time: 0.0000130 seconds
15.600: Total time for which application threads were stopped: 0.0000230 seconds, Stopping threads took: 0.0000130 seconds
15.600: Application time: 0.0000150 seconds
15.600: Total time for which application threads were stopped: 0.0000210 seconds, Stopping threads took: 0.0000130 seconds
15.600: Application time: 0.0000350 seconds
15.600: Total time for which application threads were stopped: 0.0000190 seconds, Stopping threads took: 0.0000090 seconds
15.600: Application time: 0.0000220 seconds
15.601: Total time for which application threads were stopped: 0.0000230 seconds, Stopping threads took: 0.0000150 seconds
15.601: Application time: 0.0000130 seconds
15.601: Total time for which application threads were stopped: 0.0000310 seconds, Stopping threads took: 0.0000120 seconds
15.613: Application time: 0.0122060 seconds
15.613: Total time for which application threads were stopped: 0.0000910 seconds, Stopping threads took: 0.0000570 seconds
16.420: Application time: 0.8074110 seconds
16.420: Total time for which application threads were stopped: 0.0001160 seconds, Stopping threads took: 0.0000190 seconds
16.608: Application time: 0.1872890 seconds
16.608: Total time for which application threads were stopped: 0.0001110 seconds, Stopping threads took: 0.0000250 seconds
16.842: Application time: 0.2338670 seconds
16.842: [GC16.842: [ParNew: 122239K->13568K(122240K), 0.0560930 secs] 135636K->53018K(394432K), 0.0561480 secs] [Times: user=0.23 sys=0.04, real=0.06 secs] 
16.898: Total time for which application threads were stopped: 0.0562960 seconds, Stopping threads took: 0.0000160 seconds
16.898: Application time: 0.0002270 seconds
16.898: Total time for which application threads were stopped: 0.0000650 seconds, Stopping threads took: 0.0000340 seconds
16.898: Application time: 0.0000280 seconds
16.898: Total time for which application threads were stopped: 0.0000410 seconds, Stopping threads took: 0.0000200 seconds
16.898: Application time: 0.0000230 seconds
16.898: Total time for which application threads were stopped: 0.0000350 seconds, Stopping threads took: 0.0000160 seconds
16.898: Application time: 0.0000140 seconds
16.898: Total time for which application threads were stopped: 0.0000290 seconds, Stopping threads took: 0.0000130 seconds
16.898: Application time: 0.0000130 seconds
16.898: Total time for which application threads were stopped: 0.0000260 seconds, Stopping threads took: 0.0000110 seconds
16.898: Application time: 0.0000140 seconds
16.899: Total time for which application threads were stopped: 0.0000250 seconds, Stopping threads took: 0.0000100 seconds
16.899: Application time: 0.0000150 seconds
16.899: Total time for which application threads were stopped: 0.0000240 seconds, Stopping threads took: 0.0000120 seconds
16.899: Application time: 0.0000130 seconds
16.899: Total time for which application threads were stopped: 0.0000300 seconds, Stopping threads took: 0.0000110 seconds
16.899: Application time: 0.0000120 seconds
16.899: Total time for which application threads were stopped: 0.0000250 seconds, Stopping threads took: 0.0000110 seconds
16.899: Application time: 0.0000120 seconds
16.899: Total time for which application threads were stopped: 0.0000320 seconds, Stopping threads took: 0.0000120 seconds
16.899: Application time: 0.0000120 seconds
16.899: Total time for which application threads were stopped: 0.0000290 seconds, Stopping threads took: 0.0000140 seconds
17.319: Application time: 0.4204220 seconds
17.319: Total time for which application threads were stopped: 0.0001770 seconds, Stopping threads took: 0.0000180 seconds
17.766: Application time: 0.4469180 seconds
17.766: Total time for which application threads were stopped: 0.0001320 seconds, Stopping threads took: 0.0000180 seconds
17.811: Application time: 0.0448390 seconds
17.811: Total time for which application threads were stopped: 0.0000740 seconds, Stopping threads took: 0.0000240 seconds
17.818: Application time: 0.0069450 seconds
17.818: Total time for which application threads were stopped: 0.0000580 seconds, Stopping threads took: 0.0000370 seconds
17.872: Application time: 0.0540870 seconds
17.873: [GC17.873: [ParNew: 122240K->13568K(122240K), 0.0263470 secs] 161690K->75094K(394432K), 0.0263990 secs] [Times: user=0.16 sys=0.01, real=0.03 secs] 
17.899: Total time for which application threads were stopped: 0.0265660 seconds, Stopping threads took: 0.0000510 seconds
17.901: Application time: 0.0016460 seconds
17.901: Total time for which application threads were stopped: 0.0001510 seconds, Stopping threads took: 0.0001130 seconds
17.901: Application time: 0.0000350 seconds
17.901: Total time for which application threads were stopped: 0.0000850 seconds, Stopping threads took: 0.0000680 seconds
17.901: Application time: 0.0000180 seconds
17.901: Total time for which application threads were stopped: 0.0000580 seconds, Stopping threads took: 0.0000410 seconds
17.901: Application time: 0.0000130 seconds
17.901: Total time for which application threads were stopped: 0.0000420 seconds, Stopping threads took: 0.0000240 seconds
17.901: Application time: 0.0000130 seconds
17.901: Total time for which application threads were stopped: 0.0000300 seconds, Stopping threads took: 0.0000180 seconds
17.901: Application time: 0.0000140 seconds
17.901: Total time for which application threads were stopped: 0.0000390 seconds, Stopping threads took: 0.0000270 seconds
17.901: Application time: 0.0000170 seconds
17.901: Total time for which application threads were stopped: 0.0000350 seconds, Stopping threads took: 0.0000240 seconds
17.901: Application time: 0.0000160 seconds
17.901: Total time for which application threads were stopped: 0.0000340 seconds, Stopping threads took: 0.0000230 seconds
18.016: Application time: 0.1144020 seconds
18.016: [GC18.016: [ParNew: 122240K->13568K(122240K), 0.0475660 secs] 183766K->118236K(394432K), 0.0476160 secs] [Times: user=0.30 sys=0.01, real=0.04 secs] 
18.063: Total time for which application threads were stopped: 0.0477730 seconds, Stopping threads took: 0.0000830 seconds
18.219: Application time: 0.1558870 seconds
18.219: [GC18.219: [ParNew: 122240K->13568K(122240K), 0.0442470 secs] 226908K->155208K(394432K), 0.0443080 secs] [Times: user=0.29 sys=0.02, real=0.04 secs] 
18.264: Total time for which application threads were stopped: 0.0444990 seconds, Stopping threads took: 0.0000690 seconds
18.265: Application time: 0.0015560 seconds
18.265: [GC [1 CMS-initial-mark: 141640K(272192K)] 157786K(394432K), 0.0103940 secs] [Times: user=0.01 sys=0.00, real=0.01 secs] 
18.276: Total time for which application threads were stopped: 0.0105200 seconds, Stopping threads took: 0.0000770 seconds
18.276: [CMS-concurrent-mark-start]
18.505: Application time: 0.2289770 seconds
18.505: [GC18.505: [ParNew: 122240K->13568K(122240K), 0.0662930 secs] 263880K->202265K(394432K), 0.0663470 secs] [Times: user=0.45 sys=0.01, real=0.06 secs] 
18.571: Total time for which application threads were stopped: 0.0666010 seconds, Stopping threads took: 0.0000620 seconds
18.713: [CMS-concurrent-mark: 0.282/0.437 secs] [Times: user=3.28 sys=0.01, real=0.43 secs] 
18.713: [CMS-concurrent-preclean-start]
18.904: Application time: 0.3330110 seconds
18.905: Total time for which application threads were stopped: 0.0002440 seconds, Stopping threads took: 0.0000980 seconds
18.905: Application time: 0.0002660 seconds
18.905: Total time for which application threads were stopped: 0.0000540 seconds, Stopping threads took: 0.0000400 seconds
18.924: [CMS-concurrent-preclean: 0.207/0.211 secs] [Times: user=1.61 sys=0.00, real=0.21 secs] 
18.924: [CMS-concurrent-abortable-preclean-start]
19.143: Application time: 0.2378580 seconds
19.143: [GC19.143: [ParNew: 122240K->13568K(122240K), 0.0419230 secs] 310937K->224261K(394432K), 0.0419740 secs] [Times: user=0.29 sys=0.00, real=0.05 secs] 
19.185: Total time for which application threads were stopped: 0.0421980 seconds, Stopping threads took: 0.0000990 seconds
19.496: [CMS-concurrent-abortable-preclean: 0.508/0.573 secs] [Times: user=4.40 sys=0.02, real=0.58 secs] 
19.497: Application time: 0.3114710 seconds
19.497: [GC[YG occupancy: 69847 K (122240 K)]19.497: [Rescan (parallel) , 0.0161340 secs]19.513: [weak refs processing, 0.0000090 secs]19.513: [scrub string table, 0.0001800 secs] [1 CMS-remark: 210693K(272192K)] 280540K(394432K), 0.0163740 secs] [Times: user=0.12 sys=0.01, real=0.02 secs] 
19.513: Total time for which application threads were stopped: 0.0165890 seconds, Stopping threads took: 0.0000960 seconds
19.513: [CMS-concurrent-sweep-start]
19.606: [CMS-concurrent-sweep: 0.093/0.093 secs] [Times: user=0.73 sys=0.00, real=0.09 secs] 
19.606: [CMS-concurrent-reset-start]
19.607: [CMS-concurrent-reset: 0.001/0.001 secs] [Times: user=0.00 sys=0.00, real=0.00 secs] 
19.831: Application time: 0.3178460 seconds
19.831: [GC19.831: [ParNew: 122240K->13562K(122240K), 0.0330500 secs] 304496K->209121K(396032K), 0.0331020 secs] [Times: user=0.20 sys=0.01, real=0.03 secs] 
19.864: Total time for which application threads were stopped: 0.0333940 seconds, Stopping threads took: 0.0000900 seconds
19.865: Application time: 0.0007180 seconds
19.865: [GC [1 CMS-initial-mark: 195559K(273792K)] 210736K(396032K), 0.0091660 secs] [Times: user=0.01 sys=0.00, real=0.01 secs] 
19.874: Total time for which application threads were stopped: 0.0093220 seconds, Stopping threads took: 0.0001100 seconds
19.874: [CMS-concurrent-mark-start]
20.205: [CMS-concurrent-mark: 0.280/0.330 secs] [Times: user=2.58 sys=0.00, real=0.33 secs] 
20.205: [CMS-concurrent-preclean-start]
20.232: Application time: 0.3578110 seconds
20.232: [GC20.232: [ParNew: 122234K->12000K(122240K), 0.0246590 secs] 317793K->215152K(396032K), 0.0247130 secs] [Times: user=0.19 sys=0.00, real=0.03 secs] 
20.257: Total time for which application threads were stopped: 0.0249400 seconds, Stopping threads took: 0.0000660 seconds
20.257: [CMS-concurrent-preclean: 0.027/0.053 secs] [Times: user=0.39 sys=0.00, real=0.05 secs] 
20.259: Application time: 0.0020740 seconds
20.259: [GC[YG occupancy: 14175 K (122240 K)]20.259: [Rescan (parallel) , 0.0245890 secs]20.284: [weak refs processing, 0.0000130 secs]20.284: [scrub string table, 0.0001740 secs] [1 CMS-remark: 203151K(273792K)] 217327K(396032K), 0.0248320 secs] [Times: user=0.19 sys=0.00, real=0.02 secs] 
20.284: Total time for which application threads were stopped: 0.0249720 seconds, Stopping threads took: 0.0000940 seconds
20.284: [CMS-concurrent-sweep-start]
20.400: [CMS-concurrent-sweep: 0.116/0.116 secs] [Times: user=0.87 sys=0.00, real=0.12 secs] 
20.400: [CMS-concurrent-reset-start]
20.401: [CMS-concurrent-reset: 0.001/0.001 secs] [Times: user=0.00 sys=0.00, real=0.00 secs] 
20.501: Application time: 0.2172450 seconds
20.505: [GC20.505: [ParNew: 120672K->13568K(122240K), 0.0192590 secs] 281044K->180383K(396032K), 0.0193060 secs] [Times: user=0.14 sys=0.00, real=0.01 secs] 
20.524: Total time for which application threads were stopped: 0.0227980 seconds, Stopping threads took: 0.0033520 seconds
20.671: Application time: 0.1468970 seconds
20.671: [GC20.671: [ParNew: 122240K->13568K(122240K), 0.0316290 secs] 289055K->196251K(396032K), 0.0316760 secs] [Times: user=0.21 sys=0.01, real=0.03 secs] 
20.703: Total time for which application threads were stopped: 0.0318440 seconds, Stopping threads took: 0.0000770 seconds
20.703: Application time: 0.0003730 seconds
20.704: [GC [1 CMS-initial-mark: 182683K(273792K)] 198550K(396032K), 0.0078550 secs] [Times: user=0.00 sys=0.00, real=0.01 secs] 
20.711: Total time for which application threads were stopped: 0.0079770 seconds, Stopping threads took: 0.0000840 seconds
20.711: [CMS-concurrent-mark-start]
20.711: Application time: 0.0000540 seconds
20.711: Total time for which application threads were stopped: 0.0000560 seconds, Stopping threads took: 0.0000380 seconds
20.815: Application time: 0.1031740 seconds
20.815: [GC20.815: [ParNew: 122240K->13568K(122240K), 0.0411550 secs] 304923K->225390K(396032K), 0.0412040 secs] [Times: user=0.29 sys=0.00, real=0.04 secs] 
20.856: Total time for which application threads were stopped: 0.0413980 seconds, Stopping threads took: 0.0000440 seconds
20.856: Application time: 0.0001560 seconds
20.856: Total time for which application threads were stopped: 0.0001010 seconds, Stopping threads took: 0.0000740 seconds
20.940: Application time: 0.0836370 seconds
20.941: [GC20.941: [ParNew: 122240K->13568K(122240K), 0.0422320 secs] 334062K->255102K(396032K), 0.0422820 secs] [Times: user=0.28 sys=0.01, real=0.04 secs] 
20.983: Total time for which application threads were stopped: 0.0432350 seconds, Stopping threads took: 0.0008390 seconds
20.996: Application time: 0.0131290 seconds
20.996: Total time for which application threads were stopped: 0.0001520 seconds, Stopping threads took: 0.0000970 seconds
20.997: Application time: 0.0000280 seconds
20.997: Total time for which application threads were stopped: 0.0000570 seconds, Stopping threads took: 0.0000420 seconds
20.997: Application time: 0.0000140 seconds
20.997: Total time for which application threads were stopped: 0.0000480 seconds, Stopping threads took: 0.0000260 seconds
20.997: Application time: 0.0000140 seconds
20.997: Total time for which application threads were stopped: 0.0000480 seconds, Stopping threads took: 0.0000200 seconds
21.041: Application time: 0.0441470 seconds
21.041: [GC21.041: [ParNew: 122240K->122240K(122240K), 0.0000220 secs]21.041: [CMS21.070: [CMS-concurrent-mark: 0.213/0.359 secs] [Times: user=2.53 sys=0.01, real=0.36 secs] 
 (concurrent mode failure): 241534K->135065K(273792K), 0.3268690 secs] 363774K->135065K(396032K), [CMS Perm : 8897K->8884K(21248K)], 0.3269590 secs] [Times: user=0.36 sys=0.00, real=0.33 secs] 
21.368: Total time for which application threads were stopped: 0.3271460 seconds, Stopping threads took: 0.0000840 seconds
21.449: Application time: 0.0810740 seconds
21.449: [GC21.449: [ParNew: 108672K->13568K(122240K), 0.0422010 secs] 243737K->178111K(396032K), 0.0422510 secs] [Times: user=0.29 sys=0.00, real=0.04 secs] 
21.492: Total time for which application threads were stopped: 0.0424800 seconds, Stopping threads took: 0.0001010 seconds
21.493: Application time: 0.0012240 seconds
21.493: [GC [1 CMS-initial-mark: 164543K(273792K)] 180581K(396032K), 0.0114640 secs] [Times: user=0.01 sys=0.00, real=0.00 secs] 
21.504: Total time for which application threads were stopped: 0.0116240 seconds, Stopping threads took: 0.0000790 seconds
21.504: [CMS-concurrent-mark-start]
21.639: Application time: 0.1345800 seconds
21.639: [GC21.639: [ParNew: 122240K->13568K(122240K), 0.0374310 secs] 286783K->198014K(396032K), 0.0374840 secs] [Times: user=0.26 sys=0.00, real=0.04 secs] 
21.677: Total time for which application threads were stopped: 0.0377540 seconds, Stopping threads took: 0.0000870 seconds
21.827: Application time: 0.1498020 seconds
21.827: [GC21.827: [ParNew: 122240K->12935K(122240K), 0.0280110 secs] 306686K->209409K(396032K), 0.0280720 secs] [Times: user=0.20 sys=0.00, real=0.03 secs] 
21.855: Total time for which application threads were stopped: 0.0282550 seconds, Stopping threads took: 0.0000850 seconds
21.989: Application time: 0.1340160 seconds
21.989: [GC21.989: [ParNew: 121607K->12649K(122240K), 0.0299830 secs] 318081K->216581K(396032K), 0.0300420 secs] [Times: user=0.22 sys=0.00, real=0.03 secs] 
22.019: Total time for which application threads were stopped: 0.0303250 seconds, Stopping threads took: 0.0001820 seconds
22.064: [CMS-concurrent-mark: 0.373/0.559 secs] [Times: user=4.32 sys=0.01, real=0.56 secs] 
22.064: [CMS-concurrent-preclean-start]
22.167: Application time: 0.1480860 seconds
22.167: [GC22.167: [ParNew: 121321K->13568K(122240K), 0.0267360 secs] 325253K->225284K(396032K), 0.0268030 secs] [Times: user=0.21 sys=0.00, real=0.03 secs] 
22.194: Total time for which application threads were stopped: 0.0270360 seconds, Stopping threads took: 0.0001040 seconds
22.310: Application time: 0.1153100 seconds
22.310: [GC22.310: [ParNew: 122240K->13568K(122240K), 0.0287040 secs] 333956K->241028K(396032K), 0.0287540 secs] [Times: user=0.21 sys=0.00, real=0.03 secs] 
22.339: Total time for which application threads were stopped: 0.0290470 seconds, Stopping threads took: 0.0002090 seconds
22.339: Application time: 0.0001470 seconds
22.339: Total time for which application threads were stopped: 0.0001170 seconds, Stopping threads took: 0.0000810 seconds
22.412: Application time: 0.0727190 seconds
22.412: [GC22.412: [ParNew: 122240K->13568K(122240K), 0.0374990 secs] 349700K->267769K(396032K), 0.0375610 secs] [Times: user=0.26 sys=0.00, real=0.04 secs] 
22.449: Total time for which application threads were stopped: 0.0376930 seconds, Stopping threads took: 0.0000480 seconds
22.449: Application time: 0.0001550 seconds
22.450: Total time for which application threads were stopped: 0.0001120 seconds, Stopping threads took: 0.0000830 seconds
22.450: Application time: 0.0000180 seconds
22.450: Total time for which application threads were stopped: 0.0000280 seconds, Stopping threads took: 0.0000160 seconds
22.450: Application time: 0.0000440 seconds
22.450: Total time for which application threads were stopped: 0.0000760 seconds, Stopping threads took: 0.0000640 seconds
22.495: Application time: 0.0455020 seconds
22.495: [GC22.495: [ParNew: 122167K->122167K(122240K), 0.0000130 secs]22.495: [CMS22.581: [CMS-concurrent-preclean: 0.419/0.517 secs] [Times: user=3.34 sys=0.02, real=0.52 secs] 
 (concurrent mode failure): 254201K->121459K(273792K), 0.3380840 secs] 376368K->121459K(396032K), [CMS Perm : 8960K->8959K(21248K)], 0.3381530 secs] [Times: user=0.34 sys=0.00, real=0.34 secs] 
22.834: Total time for which application threads were stopped: 0.3383100 seconds, Stopping threads took: 0.0000840 seconds
22.885: Application time: 0.0509470 seconds
22.885: [GC22.885: [ParNew: 108672K->13568K(122240K), 0.0337860 secs] 230131K->162849K(396032K), 0.0338400 secs] [Times: user=0.24 sys=0.01, real=0.04 secs] 
22.919: Total time for which application threads were stopped: 0.0340620 seconds, Stopping threads took: 0.0001310 seconds
22.919: Application time: 0.0001060 seconds
22.919: [GC [1 CMS-initial-mark: 149281K(273792K)] 163940K(396032K), 0.0144000 secs] [Times: user=0.02 sys=0.00, real=0.02 secs] 
22.933: Total time for which application threads were stopped: 0.0145310 seconds, Stopping threads took: 0.0000790 seconds
22.933: [CMS-concurrent-mark-start]
23.026: Application time: 0.0928090 seconds
23.026: [GC23.026: [ParNew: 122240K->13568K(122240K), 0.0460440 secs] 271521K->191790K(396032K), 0.0460980 secs] [Times: user=0.32 sys=0.00, real=0.04 secs] 
23.072: Total time for which application threads were stopped: 0.0462780 seconds, Stopping threads took: 0.0000960 seconds
23.085: Application time: 0.0125090 seconds
23.086: Total time for which application threads were stopped: 0.0012540 seconds, Stopping threads took: 0.0010890 seconds
23.179: Application time: 0.0925880 seconds
23.179: [GC23.179: [ParNew: 122240K->13568K(122240K), 0.0337860 secs] 300462K->208054K(396032K), 0.0338410 secs] [Times: user=0.25 sys=0.00, real=0.03 secs] 
23.213: Total time for which application threads were stopped: 0.0340120 seconds, Stopping threads took: 0.0000910 seconds
23.319: Application time: 0.1061650 seconds
23.319: [GC23.319: [ParNew: 122240K->12266K(122240K), 0.0242420 secs] 316726K->218085K(396032K), 0.0242930 secs] [Times: user=0.17 sys=0.00, real=0.02 secs] 
23.343: Total time for which application threads were stopped: 0.0244880 seconds, Stopping threads took: 0.0001100 seconds
23.453: Application time: 0.1096600 seconds
23.454: [GC23.454: [ParNew: 120938K->12278K(122240K), 0.0270310 secs] 326757K->225424K(396032K), 0.0270850 secs] [Times: user=0.20 sys=0.00, real=0.02 secs] 
23.481: Total time for which application threads were stopped: 0.0277680 seconds, Stopping threads took: 0.0005750 seconds
23.508: [CMS-concurrent-mark: 0.396/0.575 secs] [Times: user=4.45 sys=0.01, real=0.57 secs] 
23.508: [CMS-concurrent-preclean-start]
23.571: Application time: 0.0902370 seconds
23.573: [GC23.573: [ParNew: 120949K->13568K(122240K), 0.0312140 secs] 334094K->241446K(396032K), 0.0312640 secs] [Times: user=0.23 sys=0.00, real=0.02 secs] 
23.604: Total time for which application threads were stopped: 0.0332440 seconds, Stopping threads took: 0.0018870 seconds
23.682: Application time: 0.0780400 seconds
23.682: [GC23.682: [ParNew: 122240K->13568K(122240K), 0.0328060 secs] 350118K->263262K(396032K), 0.0328560 secs] [Times: user=0.23 sys=0.00, real=0.04 secs] 
23.715: Total time for which application threads were stopped: 0.0330370 seconds, Stopping threads took: 0.0000940 seconds
23.778: Application time: 0.0628480 seconds
23.778: [GC23.778: [ParNew: 122240K->122240K(122240K), 0.0000210 secs]23.778: [CMS23.918: [CMS-concurrent-preclean: 0.341/0.409 secs] [Times: user=2.25 sys=0.01, real=0.41 secs] 
 (concurrent mode failure): 249694K->134008K(273792K), 0.4443780 secs] 371934K->134008K(396032K), [CMS Perm : 8993K->8992K(21248K)], 0.4444630 secs] [Times: user=0.48 sys=0.00, real=0.44 secs] 
24.223: Total time for which application threads were stopped: 0.4446490 seconds, Stopping threads took: 0.0001010 seconds
24.293: Application time: 0.0706480 seconds
24.294: [GC24.294: [ParNew: 108672K->13568K(122240K), 0.0257350 secs] 242680K->163742K(396032K), 0.0258010 secs] [Times: user=0.19 sys=0.00, real=0.02 secs] 
24.320: Total time for which application threads were stopped: 0.0261080 seconds, Stopping threads took: 0.0001810 seconds
24.365: Application time: 0.0453860 seconds
24.365: [GC24.365: [ParNew: 122240K->13568K(122240K), 0.0428940 secs] 272414K->198335K(396032K), 0.0429470 secs] [Times: user=0.29 sys=0.00, real=0.04 secs] 
24.408: Total time for which application threads were stopped: 0.0431310 seconds, Stopping threads took: 0.0000950 seconds
24.415: Application time: 0.0066350 seconds
24.415: [GC [1 CMS-initial-mark: 184767K(273792K)] 208789K(396032K), 0.0151120 secs] [Times: user=0.01 sys=0.00, real=0.01 secs] 
24.430: Total time for which application threads were stopped: 0.0153330 seconds, Stopping threads took: 0.0001700 seconds
24.430: [CMS-concurrent-mark-start]
24.502: Application time: 0.0717380 seconds
24.503: [GC24.503: [ParNew: 122240K->13568K(122240K), 0.0417930 secs] 307007K->226779K(396032K), 0.0418430 secs] [Times: user=0.29 sys=0.00, real=0.05 secs] 
24.545: Total time for which application threads were stopped: 0.0430190 seconds, Stopping threads took: 0.0011040 seconds
24.641: Application time: 0.0960540 seconds
24.641: [GC24.641: [ParNew: 122240K->13568K(122240K), 0.0311020 secs] 335451K->240179K(396032K), 0.0311510 secs] [Times: user=0.23 sys=0.00, real=0.03 secs] 
24.672: Total time for which application threads were stopped: 0.0313990 seconds, Stopping threads took: 0.0001750 seconds
24.753: [CMS-concurrent-mark: 0.242/0.322 secs] [Times: user=2.48 sys=0.00, real=0.32 secs] 
24.753: [CMS-concurrent-preclean-start]
24.771: Application time: 0.0985920 seconds
24.773: [GC24.773: [ParNew: 122240K->12074K(122240K), 0.0244850 secs] 348851K->249744K(396032K), 0.0245350 secs] [Times: user=0.18 sys=0.00, real=0.02 secs] 
24.797: Total time for which application threads were stopped: 0.0265360 seconds, Stopping threads took: 0.0019260 seconds
24.893: Application time: 0.0952390 seconds
24.893: [GC24.893: [ParNew: 120746K->13568K(122240K), 0.0202900 secs] 358416K->258721K(396032K), 0.0203450 secs] [Times: user=0.15 sys=0.00, real=0.02 secs] 
24.913: Total time for which application threads were stopped: 0.0205920 seconds, Stopping threads took: 0.0000900 seconds
24.990: Application time: 0.0771170 seconds
24.991: [GC24.991: [ParNew: 122240K->13568K(122240K), 0.0305710 secs] 367393K->276921K(396032K), 0.0306280 secs] [Times: user=0.21 sys=0.01, real=0.03 secs] 
25.021: Total time for which application threads were stopped: 0.0307840 seconds, Stopping threads took: 0.0000660 seconds
25.079: Application time: 0.0579280 seconds
25.079: [GC25.079: [ParNew: 122240K->122240K(122240K), 0.0000210 secs]25.079: [CMS25.181: [CMS-concurrent-preclean: 0.347/0.428 secs] [Times: user=2.66 sys=0.01, real=0.43 secs] 
 (concurrent mode failure): 263353K->127525K(273792K), 0.3659010 secs] 385593K->127525K(396032K), [CMS Perm : 9002K->9001K(21248K)], 0.3659890 secs] [Times: user=0.39 sys=0.00, real=0.37 secs] 
25.445: Total time for which application threads were stopped: 0.3661880 seconds, Stopping threads took: 0.0001070 seconds
25.509: Application time: 0.0635250 seconds
25.509: [GC25.509: [ParNew: 108672K->13568K(122240K), 0.0290270 secs] 236197K->161142K(396032K), 0.0290780 secs] [Times: user=0.21 sys=0.00, real=0.03 secs] 
25.538: Total time for which application threads were stopped: 0.0292820 seconds, Stopping threads took: 0.0001020 seconds
25.596: Application time: 0.0574840 seconds
25.597: [GC25.597: [ParNew: 122240K->13568K(122240K), 0.0408990 secs] 269814K->190137K(396032K), 0.0409470 secs] [Times: user=0.27 sys=0.00, real=0.04 secs] 
25.638: Total time for which application threads were stopped: 0.0423180 seconds, Stopping threads took: 0.0012240 seconds
25.645: Application time: 0.0069250 seconds
25.645: [GC [1 CMS-initial-mark: 176569K(273792K)] 202427K(396032K), 0.0170170 secs] [Times: user=0.02 sys=0.00, real=0.01 secs] 
25.662: Total time for which application threads were stopped: 0.0174480 seconds, Stopping threads took: 0.0003820 seconds
25.662: [CMS-concurrent-mark-start]
25.728: Application time: 0.0660620 seconds
25.729: [GC25.729: [ParNew: 122240K->13568K(122240K), 0.0374270 secs] 298809K->214407K(396032K), 0.0374730 secs] [Times: user=0.26 sys=0.00, real=0.04 secs] 
25.766: Total time for which application threads were stopped: 0.0376580 seconds, Stopping threads took: 0.0001010 seconds
25.849: Application time: 0.0829550 seconds
25.849: [GC25.849: [ParNew: 122240K->13568K(122240K), 0.0349240 secs] 323079K->232928K(396032K), 0.0349950 secs] [Times: user=0.25 sys=0.00, real=0.03 secs] 
25.884: Total time for which application threads were stopped: 0.0352420 seconds, Stopping threads took: 0.0000950 seconds
25.973: Application time: 0.0884850 seconds
25.973: [GC25.973: [ParNew: 122240K->13568K(122240K), 0.0307160 secs] 341600K->248262K(396032K), 0.0307670 secs] [Times: user=0.22 sys=0.00, real=0.02 secs] 
26.004: Total time for which application threads were stopped: 0.0309270 seconds, Stopping threads took: 0.0000850 seconds
26.092: Application time: 0.0882570 seconds
26.092: [GC26.092: [ParNew: 122240K->13568K(122240K), 0.0256850 secs] 356934K->259820K(396032K), 0.0257360 secs] [Times: user=0.18 sys=0.00, real=0.03 secs] 
26.118: Total time for which application threads were stopped: 0.0259600 seconds, Stopping threads took: 0.0000730 seconds
26.144: [CMS-concurrent-mark: 0.342/0.482 secs] [Times: user=3.70 sys=0.00, real=0.48 secs] 
26.144: [CMS-concurrent-preclean-start]
26.196: Application time: 0.0780000 seconds
26.196: [GC26.196: [ParNew: 122240K->13568K(122240K), 0.0268660 secs] 368492K->275385K(396032K), 0.0269140 secs] [Times: user=0.20 sys=0.00, real=0.02 secs] 
26.223: Total time for which application threads were stopped: 0.0270300 seconds, Stopping threads took: 0.0000390 seconds
26.274: Application time: 0.0508270 seconds
26.274: [GC26.274: [ParNew: 122240K->122240K(122240K), 0.0000170 secs]26.274: [CMS26.408: [CMS-concurrent-preclean: 0.235/0.264 secs] [Times: user=1.18 sys=0.00, real=0.27 secs] 
 (concurrent mode failure): 261817K->121427K(273792K), 0.3890570 secs] 384057K->121427K(396032K), [CMS Perm : 9010K->9010K(21248K)], 0.3891310 secs] [Times: user=0.41 sys=0.00, real=0.38 secs] 
26.663: Total time for which application threads were stopped: 0.3893400 seconds, Stopping threads took: 0.0000770 seconds
26.721: Application time: 0.0581630 seconds
26.721: [GC26.722: [ParNew: 108672K->13568K(122240K), 0.0322670 secs] 230099K->158649K(396032K), 0.0323190 secs] [Times: user=0.23 sys=0.00, real=0.04 secs] 
26.754: Total time for which application threads were stopped: 0.0325940 seconds, Stopping threads took: 0.0001410 seconds
26.813: Application time: 0.0589690 seconds
26.813: [GC26.813: [ParNew: 122240K->13568K(122240K), 0.0348400 secs] 267321K->183045K(396032K), 0.0348920 secs] [Times: user=0.24 sys=0.00, real=0.03 secs] 
26.848: Total time for which application threads were stopped: 0.0350350 seconds, Stopping threads took: 0.0000710 seconds
26.848: Application time: 0.0000590 seconds
26.848: [GC [1 CMS-initial-mark: 169477K(273792K)] 183858K(396032K), 0.0107590 secs] [Times: user=0.01 sys=0.00, real=0.01 secs] 
26.859: Total time for which application threads were stopped: 0.0108760 seconds, Stopping threads took: 0.0000720 seconds
26.859: [CMS-concurrent-mark-start]
26.922: Application time: 0.0635230 seconds
26.922: [GC26.922: [ParNew: 122240K->13568K(122240K), 0.0346850 secs] 291717K->206274K(396032K), 0.0347480 secs] [Times: user=0.24 sys=0.00, real=0.04 secs] 
26.957: Total time for which application threads were stopped: 0.0349040 seconds, Stopping threads took: 0.0000780 seconds
27.059: Application time: 0.1014890 seconds
27.061: [GC27.061: [ParNew: 122240K->13568K(122240K), 0.0334740 secs] 314946K->225398K(396032K), 0.0335240 secs] [Times: user=0.23 sys=0.00, real=0.04 secs] 
27.095: Total time for which application threads were stopped: 0.0358150 seconds, Stopping threads took: 0.0021530 seconds
27.168: [CMS-concurrent-mark: 0.236/0.309 secs] [Times: user=2.36 sys=0.01, real=0.31 secs] 
27.168: [CMS-concurrent-preclean-start]
27.175: Application time: 0.0802250 seconds
27.175: [GC27.175: [ParNew: 122240K->13554K(122240K), 0.0269460 secs] 334070K->238131K(396032K), 0.0269960 secs] [Times: user=0.19 sys=0.00, real=0.02 secs] 
27.202: Total time for which application threads were stopped: 0.0271260 seconds, Stopping threads took: 0.0000590 seconds
27.266: Application time: 0.0645040 seconds
27.267: [GC27.267: [ParNew: 122226K->13568K(122240K), 0.0261760 secs] 346803K->251915K(396032K), 0.0262300 secs] [Times: user=0.19 sys=0.00, real=0.03 secs] 
27.293: Total time for which application threads were stopped: 0.0265200 seconds, Stopping threads took: 0.0001100 seconds
27.369: Application time: 0.0762100 seconds
27.369: [GC27.369: [ParNew: 122240K->13568K(122240K), 0.0284640 secs] 360587K->267975K(396032K), 0.0285130 secs] [Times: user=0.20 sys=0.00, real=0.03 secs] 
27.398: Total time for which application threads were stopped: 0.0286990 seconds, Stopping threads took: 0.0001160 seconds
27.455: Application time: 0.0573930 seconds
27.455: [GC27.455: [ParNew: 122240K->122240K(122240K), 0.0000130 secs]27.455: [CMS27.559: [CMS-concurrent-preclean: 0.306/0.391 secs] [Times: user=2.33 sys=0.00, real=0.39 secs] 
 (concurrent mode failure): 254407K->123477K(273792K), 0.3859880 secs] 376647K->123477K(396032K), [CMS Perm : 9012K->9012K(21248K)], 0.3860610 secs] [Times: user=0.39 sys=0.00, real=0.38 secs] 
27.841: Total time for which application threads were stopped: 0.3862220 seconds, Stopping threads took: 0.0000740 seconds
27.898: Application time: 0.0564510 seconds
27.898: [GC27.898: [ParNew: 108672K->13568K(122240K), 0.0239240 secs] 232149K->152814K(396032K), 0.0239770 secs] [Times: user=0.18 sys=0.00, real=0.02 secs] 
27.922: Total time for which application threads were stopped: 0.0242110 seconds, Stopping threads took: 0.0001430 seconds
27.973: Application time: 0.0510860 seconds
27.973: [GC27.973: [ParNew: 122240K->13568K(122240K), 0.0367570 secs] 261486K->181327K(396032K), 0.0368050 secs] [Times: user=0.25 sys=0.00, real=0.03 secs] 
28.010: Total time for which application threads were stopped: 0.0369870 seconds, Stopping threads took: 0.0001040 seconds
28.017: Application time: 0.0067100 seconds
28.017: [GC [1 CMS-initial-mark: 167759K(273792K)] 198963K(396032K), 0.0195420 secs] [Times: user=0.02 sys=0.00, real=0.02 secs] 
28.037: Total time for which application threads were stopped: 0.0198180 seconds, Stopping threads took: 0.0002010 seconds
28.037: [CMS-concurrent-mark-start]
28.092: Application time: 0.0553870 seconds
28.092: [GC28.092: [ParNew: 122240K->13568K(122240K), 0.0423150 secs] 289999K->212397K(396032K), 0.0423690 secs] [Times: user=0.29 sys=0.00, real=0.05 secs] 
28.135: Total time for which application threads were stopped: 0.0425380 seconds, Stopping threads took: 0.0000830 seconds
28.208: Application time: 0.0731020 seconds
28.208: [GC28.208: [ParNew: 122240K->13568K(122240K), 0.0294730 secs] 321069K->227649K(396032K), 0.0295220 secs] [Times: user=0.20 sys=0.00, real=0.03 secs] 
28.237: Total time for which application threads were stopped: 0.0296730 seconds, Stopping threads took: 0.0000730 seconds
28.309: Application time: 0.0710920 seconds
28.309: [GC28.309: [ParNew: 122240K->13568K(122240K), 0.0315150 secs] 336321K->246488K(396032K), 0.0315630 secs] [Times: user=0.22 sys=0.00, real=0.03 secs] 
28.340: Total time for which application threads were stopped: 0.0317490 seconds, Stopping threads took: 0.0001040 seconds
28.393: [CMS-concurrent-mark: 0.250/0.357 secs] [Times: user=2.72 sys=0.00, real=0.36 secs] 
28.393: [CMS-concurrent-preclean-start]
28.421: Application time: 0.0811210 seconds
28.422: [GC28.422: [ParNew: 122240K->13568K(122240K), 0.0240400 secs] 355160K->258599K(396032K), 0.0240920 secs] [Times: user=0.17 sys=0.00, real=0.03 secs] 
28.446: Total time for which application threads were stopped: 0.0242740 seconds, Stopping threads took: 0.0000840 seconds
28.517: Application time: 0.0711240 seconds
28.517: [GC28.517: [ParNew: 122240K->13568K(122240K), 0.0278150 secs] 367271K->273714K(396032K), 0.0278650 secs] [Times: user=0.20 sys=0.00, real=0.02 secs] 
28.545: Total time for which application threads were stopped: 0.0279980 seconds, Stopping threads took: 0.0000580 seconds
28.602: Application time: 0.0576500 seconds
28.603: [GC28.603: [ParNew: 122240K->122240K(122240K), 0.0000150 secs]28.603: [CMS28.761: [CMS-concurrent-preclean: 0.312/0.367 secs] [Times: user=1.78 sys=0.01, real=0.36 secs] 
 (concurrent mode failure): 260146K->115477K(273792K), 0.4098270 secs] 382386K->115477K(396032K), [CMS Perm : 9016K->9016K(21248K)], 0.4098980 secs] [Times: user=0.41 sys=0.00, real=0.41 secs] 
29.013: Total time for which application threads were stopped: 0.4100740 seconds, Stopping threads took: 0.0000990 seconds
29.055: Application time: 0.0422890 seconds
29.055: [GC29.055: [ParNew: 108672K->13568K(122240K), 0.0230490 secs] 224149K->145072K(396032K), 0.0230980 secs] [Times: user=0.15 sys=0.00, real=0.02 secs] 
29.078: Total time for which application threads were stopped: 0.0233070 seconds, Stopping threads took: 0.0001270 seconds
29.125: Application time: 0.0470270 seconds
29.125: [GC29.125: [ParNew: 122240K->13568K(122240K), 0.0398170 secs] 253744K->178437K(396032K), 0.0398670 secs] [Times: user=0.27 sys=0.00, real=0.04 secs] 
29.165: Total time for which application threads were stopped: 0.0401420 seconds, Stopping threads took: 0.0001810 seconds
29.165: Application time: 0.0000570 seconds
29.165: [GC [1 CMS-initial-mark: 164869K(273792K)] 179149K(396032K), 0.0115070 secs] [Times: user=0.01 sys=0.00, real=0.01 secs] 
29.177: Total time for which application threads were stopped: 0.0116580 seconds, Stopping threads took: 0.0001070 seconds
29.177: [CMS-concurrent-mark-start]
29.223: Application time: 0.0457500 seconds
29.223: [GC29.223: [ParNew: 122240K->13568K(122240K), 0.0398700 secs] 287109K->205872K(396032K), 0.0399170 secs] [Times: user=0.27 sys=0.00, real=0.04 secs] 
29.263: Total time for which application threads were stopped: 0.0400640 seconds, Stopping threads took: 0.0000770 seconds
29.323: Application time: 0.0600390 seconds
29.323: [GC29.323: [ParNew: 122240K->13568K(122240K), 0.0360750 secs] 314544K->227897K(396032K), 0.0361210 secs] [Times: user=0.25 sys=0.00, real=0.04 secs] 
29.359: Total time for which application threads were stopped: 0.0362570 seconds, Stopping threads took: 0.0000640 seconds
29.420: Application time: 0.0606570 seconds
29.420: [GC29.420: [ParNew: 122240K->13568K(122240K), 0.0333970 secs] 336569K->245045K(396032K), 0.0334460 secs] [Times: user=0.24 sys=0.00, real=0.04 secs] 
29.453: Total time for which application threads were stopped: 0.0336020 seconds, Stopping threads took: 0.0000840 seconds
29.526: Application time: 0.0727320 seconds
29.526: [GC29.526: [ParNew: 122240K->13568K(122240K), 0.0291040 secs] 353717K->260871K(396032K), 0.0291540 secs] [Times: user=0.20 sys=0.01, real=0.03 secs] 
29.555: Total time for which application threads were stopped: 0.0292910 seconds, Stopping threads took: 0.0000640 seconds
29.612: Application time: 0.0564170 seconds
29.612: [GC29.612: [ParNew: 122240K->13568K(122240K), 0.0292680 secs] 369543K->277200K(396032K), 0.0293170 secs] [Times: user=0.21 sys=0.00, real=0.03 secs] 
29.641: Total time for which application threads were stopped: 0.0295150 seconds, Stopping threads took: 0.0001170 seconds
29.713: Application time: 0.0721260 seconds
29.714: [GC29.714: [ParNew: 122240K->122240K(122240K), 0.0000140 secs]29.714: [CMS29.723: [CMS-concurrent-mark: 0.367/0.546 secs] [Times: user=4.13 sys=0.01, real=0.54 secs] 
 (concurrent mode failure): 263632K->122416K(273792K), 0.2807610 secs] 385872K->122416K(396032K), [CMS Perm : 9023K->9023K(21248K)], 0.2808410 secs] [Times: user=0.28 sys=0.00, real=0.28 secs] 
29.994: Total time for which application threads were stopped: 0.2809920 seconds, Stopping threads took: 0.0000780 seconds
30.039: Application time: 0.0444610 seconds
30.039: [GC30.039: [ParNew: 108672K->13568K(122240K), 0.0185850 secs] 231088K->148224K(396032K), 0.0186330 secs] [Times: user=0.13 sys=0.00, real=0.02 secs] 
30.058: Total time for which application threads were stopped: 0.0189020 seconds, Stopping threads took: 0.0001770 seconds
30.105: Application time: 0.0473630 seconds
30.105: [GC30.105: [ParNew: 122240K->13568K(122240K), 0.0346000 secs] 256896K->176772K(396032K), 0.0346500 secs] [Times: user=0.23 sys=0.00, real=0.03 secs] 
30.140: Total time for which application threads were stopped: 0.0348640 seconds, Stopping threads took: 0.0001420 seconds
30.140: Application time: 0.0000530 seconds
30.140: [GC [1 CMS-initial-mark: 163204K(273792K)] 177526K(396032K), 0.0112290 secs] [Times: user=0.02 sys=0.00, real=0.01 secs] 
30.151: Total time for which application threads were stopped: 0.0113510 seconds, Stopping threads took: 0.0000660 seconds
30.152: [CMS-concurrent-mark-start]
30.206: Application time: 0.0547820 seconds
30.206: [GC30.206: [ParNew: 122240K->13568K(122240K), 0.0335620 secs] 285444K->197976K(396032K), 0.0336080 secs] [Times: user=0.23 sys=0.00, real=0.03 secs] 
30.240: Total time for which application threads were stopped: 0.0337500 seconds, Stopping threads took: 0.0000730 seconds
30.297: Application time: 0.0574250 seconds
30.298: [GC30.298: [ParNew: 122240K->13566K(122240K), 0.0356430 secs] 306648K->222339K(396032K), 0.0356920 secs] [Times: user=0.25 sys=0.00, real=0.04 secs] 
30.333: Total time for which application threads were stopped: 0.0358540 seconds, Stopping threads took: 0.0000920 seconds
30.391: Application time: 0.0574650 seconds
30.391: [GC30.391: [ParNew: 122238K->13566K(122240K), 0.0411680 secs] 331011K->249993K(396032K), 0.0412190 secs] [Times: user=0.28 sys=0.00, real=0.04 secs] 
30.432: Total time for which application threads were stopped: 0.0413860 seconds, Stopping threads took: 0.0000900 seconds
30.501: Application time: 0.0692140 seconds
30.502: [GC30.502: [ParNew: 122238K->13566K(122240K), 0.0280630 secs] 358665K->265746K(396032K), 0.0281150 secs] [Times: user=0.20 sys=0.00, real=0.03 secs] 
30.530: Total time for which application threads were stopped: 0.0283120 seconds, Stopping threads took: 0.0001260 seconds
30.561: [CMS-concurrent-mark: 0.267/0.409 secs] [Times: user=3.09 sys=0.00, real=0.41 secs] 
30.561: [CMS-concurrent-preclean-start]
30.590: Application time: 0.0599520 seconds
30.590: [GC30.590: [ParNew: 122238K->122238K(122240K), 0.0000160 secs]30.590: [CMS30.757: [CMS-concurrent-preclean: 0.194/0.196 secs] [Times: user=0.40 sys=0.00, real=0.20 secs] 
 (concurrent mode failure): 252179K->144441K(273792K), 0.4803130 secs] 374418K->144441K(396032K), [CMS Perm : 9024K->9024K(21248K)], 0.4803840 secs] [Times: user=0.48 sys=0.00, real=0.48 secs] 
31.070: Total time for which application threads were stopped: 0.4805540 seconds, Stopping threads took: 0.0001000 seconds
31.134: Application time: 0.0633580 seconds
31.134: [GC31.134: [ParNew: 108672K->13568K(122240K), 0.0117550 secs] 253113K->158012K(396032K), 0.0118040 secs] [Times: user=0.09 sys=0.00, real=0.01 secs] 
31.146: Total time for which application threads were stopped: 0.0120470 seconds, Stopping threads took: 0.0001080 seconds
31.211: Application time: 0.0652740 seconds
31.212: [GC31.212: [ParNew: 122240K->13568K(122240K), 0.0235530 secs] 266684K->173383K(396032K), 0.0236000 secs] [Times: user=0.17 sys=0.00, real=0.03 secs] 
31.236: Total time for which application threads were stopped: 0.0248840 seconds, Stopping threads took: 0.0011930 seconds
31.279: Application time: 0.0432010 seconds
31.279: [GC31.279: [ParNew: 122240K->13568K(122240K), 0.0360230 secs] 282055K->203618K(396032K), 0.0360830 secs] [Times: user=0.25 sys=0.00, real=0.04 secs] 
31.315: Total time for which application threads were stopped: 0.0363520 seconds, Stopping threads took: 0.0001710 seconds
31.315: Application time: 0.0001140 seconds
31.316: [GC [1 CMS-initial-mark: 190050K(273792K)] 205345K(396032K), 0.0116950 secs] [Times: user=0.01 sys=0.00, real=0.01 secs] 
31.327: Total time for which application threads were stopped: 0.0118330 seconds, Stopping threads took: 0.0000980 seconds
31.327: [CMS-concurrent-mark-start]
31.384: Application time: 0.0572040 seconds
31.385: [GC31.385: [ParNew: 122232K->13568K(122240K), 0.0303440 secs] 312283K->223181K(396032K), 0.0303950 secs] [Times: user=0.21 sys=0.00, real=0.04 secs] 
31.415: Total time for which application threads were stopped: 0.0305660 seconds, Stopping threads took: 0.0000980 seconds
31.472: Application time: 0.0567260 seconds
31.472: [GC31.472: [ParNew: 122240K->13568K(122240K), 0.0421690 secs] 331853K->250959K(396032K), 0.0422190 secs] [Times: user=0.29 sys=0.00, real=0.05 secs] 
31.514: Total time for which application threads were stopped: 0.0423020 seconds, Stopping threads took: 0.0000150 seconds
31.570: Application time: 0.0556600 seconds
31.570: [GC31.570: [ParNew: 122240K->13568K(122240K), 0.0344360 secs] 359631K->272280K(396032K), 0.0344820 secs] [Times: user=0.24 sys=0.00, real=0.03 secs] 
31.604: Total time for which application threads were stopped: 0.0346480 seconds, Stopping threads took: 0.0000920 seconds
31.660: Application time: 0.0556230 seconds
31.660: [GC31.660: [ParNew: 122240K->122240K(122240K), 0.0000150 secs]31.660: [CMS31.680: [CMS-concurrent-mark: 0.242/0.352 secs] [Times: user=2.57 sys=0.01, real=0.35 secs] 
 (concurrent mode failure): 258712K->133314K(273792K), 0.3184410 secs] 380952K->133314K(396032K), [CMS Perm : 9026K->9026K(21248K)], 0.3185150 secs] [Times: user=0.33 sys=0.00, real=0.32 secs] 
31.979: Total time for which application threads were stopped: 0.3186690 seconds, Stopping threads took: 0.0000670 seconds
32.023: Application time: 0.0445850 seconds
32.024: [GC32.024: [ParNew: 108672K->13568K(122240K), 0.0254550 secs] 241986K->163841K(396032K), 0.0255020 secs] [Times: user=0.18 sys=0.00, real=0.03 secs] 
32.049: Total time for which application threads were stopped: 0.0258310 seconds, Stopping threads took: 0.0002630 seconds
32.116: Application time: 0.0673870 seconds
32.117: [GC32.117: [ParNew: 122240K->13566K(122240K), 0.0286710 secs] 272513K->177568K(396032K), 0.0287140 secs] [Times: user=0.20 sys=0.00, real=0.03 secs] 
32.146: Total time for which application threads were stopped: 0.0291520 seconds, Stopping threads took: 0.0003620 seconds
32.146: Application time: 0.0001120 seconds
32.146: [GC [1 CMS-initial-mark: 164001K(273792K)] 178558K(396032K), 0.0122880 secs] [Times: user=0.02 sys=0.00, real=0.01 secs] 
32.158: Total time for which application threads were stopped: 0.0124340 seconds, Stopping threads took: 0.0000940 seconds
32.158: [CMS-concurrent-mark-start]
32.230: Application time: 0.0713310 seconds
32.230: [GC32.230: [ParNew: 122238K->13568K(122240K), 0.0297900 secs] 286240K->193530K(396032K), 0.0298390 secs] [Times: user=0.22 sys=0.00, real=0.03 secs] 
32.260: Total time for which application threads were stopped: 0.0300250 seconds, Stopping threads took: 0.0000960 seconds
32.319: Application time: 0.0597120 seconds
32.319: [GC32.319: [ParNew: 122201K->13568K(122240K), 0.0313140 secs] 302163K->213567K(396032K), 0.0313640 secs] [Times: user=0.22 sys=0.00, real=0.03 secs] 
32.351: Total time for which application threads were stopped: 0.0315700 seconds, Stopping threads took: 0.0001300 seconds
32.417: Application time: 0.0657650 seconds
32.417: [GC32.417: [ParNew: 122240K->13568K(122240K), 0.0324270 secs] 322239K->233919K(396032K), 0.0324750 secs] [Times: user=0.22 sys=0.00, real=0.03 secs] 
32.449: Total time for which application threads were stopped: 0.0326680 seconds, Stopping threads took: 0.0001020 seconds
32.513: Application time: 0.0632590 seconds
32.513: [GC32.513: [ParNew: 122240K->13568K(122240K), 0.0332170 secs] 342591K->256859K(396032K), 0.0332740 secs] [Times: user=0.23 sys=0.00, real=0.04 secs] 
32.546: Total time for which application threads were stopped: 0.0334290 seconds, Stopping threads took: 0.0000800 seconds
32.597: [CMS-concurrent-mark: 0.308/0.439 secs] [Times: user=3.36 sys=0.01, real=0.44 secs] 
32.597: [CMS-concurrent-preclean-start]
32.605: Application time: 0.0594890 seconds
32.606: [GC32.606: [ParNew: 122240K->13568K(122240K), 0.0378170 secs] 365531K->282133K(396032K), 0.0378660 secs] [Times: user=0.27 sys=0.00, real=0.03 secs] 
32.644: Total time for which application threads were stopped: 0.0380440 seconds, Stopping threads took: 0.0001050 seconds
32.701: Application time: 0.0573410 seconds
32.701: [GC32.701: [ParNew: 122240K->122240K(122240K), 0.0000150 secs]32.701: [CMS32.876: [CMS-concurrent-preclean: 0.239/0.279 secs] [Times: user=0.97 sys=0.00, real=0.28 secs] 
 (concurrent mode failure): 268565K->130405K(273792K), 0.4748170 secs] 390805K->130405K(396032K), [CMS Perm : 9030K->9030K(21248K)], 0.4748900 secs] [Times: user=0.48 sys=0.00, real=0.48 secs] 
33.176: Total time for which application threads were stopped: 0.4750650 seconds, Stopping threads took: 0.0001040 seconds
33.221: Application time: 0.0455350 seconds
33.222: [GC33.222: [ParNew: 108672K->13568K(122240K), 0.0179050 secs] 239077K->154932K(396032K), 0.0179540 secs] [Times: user=0.13 sys=0.00, real=0.02 secs] 
33.240: Total time for which application threads were stopped: 0.0182220 seconds, Stopping threads took: 0.0001880 seconds
33.304: Application time: 0.0640260 seconds
33.304: [GC33.304: [ParNew: 122240K->13567K(122240K), 0.0286780 secs] 263604K->170942K(396032K), 0.0287280 secs] [Times: user=0.20 sys=0.00, real=0.03 secs] 
33.333: Total time for which application threads were stopped: 0.0289870 seconds, Stopping threads took: 0.0001630 seconds
33.377: Application time: 0.0440210 seconds
33.377: [GC33.377: [ParNew: 122239K->13567K(122240K), 0.0317520 secs] 279614K->195325K(396032K), 0.0317990 secs] [Times: user=0.21 sys=0.00, real=0.03 secs] 
33.409: Total time for which application threads were stopped: 0.0319490 seconds, Stopping threads took: 0.0000810 seconds
33.409: Application time: 0.0001200 seconds
33.409: [GC [1 CMS-initial-mark: 181757K(273792K)] 196953K(396032K), 0.0097700 secs] [Times: user=0.01 sys=0.01, real=0.01 secs] 
33.419: Total time for which application threads were stopped: 0.0099110 seconds, Stopping threads took: 0.0000980 seconds
33.419: [CMS-concurrent-mark-start]
33.467: Application time: 0.0486650 seconds
33.469: [GC33.469: [ParNew: 122239K->13566K(122240K), 0.0367840 secs] 303997K->222453K(396032K), 0.0368350 secs] [Times: user=0.25 sys=0.00, real=0.04 secs] 
33.505: Total time for which application threads were stopped: 0.0380240 seconds, Stopping threads took: 0.0011190 seconds
33.575: Application time: 0.0694510 seconds
33.575: [GC33.575: [ParNew: 122238K->13566K(122240K), 0.0330450 secs] 331125K->241981K(396032K), 0.0330950 secs] [Times: user=0.24 sys=0.00, real=0.03 secs] 
33.608: Total time for which application threads were stopped: 0.0332480 seconds, Stopping threads took: 0.0000860 seconds
33.655: Application time: 0.0467350 seconds
33.655: [GC33.655: [ParNew: 122238K->13568K(122240K), 0.0367950 secs] 350653K->266717K(396032K), 0.0368430 secs] [Times: user=0.26 sys=0.00, real=0.03 secs] 
33.692: Total time for which application threads were stopped: 0.0369770 seconds, Stopping threads took: 0.0000640 seconds
33.745: Application time: 0.0533710 seconds
33.745: [GC33.745: [ParNew: 122240K->122240K(122240K), 0.0000120 secs]33.745: [CMS33.778: [CMS-concurrent-mark: 0.247/0.359 secs] [Times: user=2.54 sys=0.01, real=0.36 secs] 
 (concurrent mode failure): 253149K->148510K(273792K), 0.3485040 secs] 375389K->148510K(396032K), [CMS Perm : 9035K->9035K(21248K)], 0.3485680 secs] [Times: user=0.37 sys=0.00, real=0.35 secs] 
34.094: Total time for which application threads were stopped: 0.3487260 seconds, Stopping threads took: 0.0000700 seconds
34.150: Application time: 0.0564800 seconds
34.151: [GC34.151: [ParNew: 108672K->13568K(122240K), 0.0146930 secs] 257182K->165351K(396032K), 0.0147420 secs] [Times: user=0.11 sys=0.00, real=0.02 secs] 
34.165: Total time for which application threads were stopped: 0.0149360 seconds, Stopping threads took: 0.0001230 seconds
34.218: Application time: 0.0524290 seconds
34.218: [GC34.218: [ParNew: 122240K->13568K(122240K), 0.0286530 secs] 274023K->186815K(396032K), 0.0287030 secs] [Times: user=0.20 sys=0.00, real=0.03 secs] 
34.247: Total time for which application threads were stopped: 0.0289320 seconds, Stopping threads took: 0.0001540 seconds
34.247: Application time: 0.0001730 seconds
34.247: [GC [1 CMS-initial-mark: 173247K(273792K)] 188341K(396032K), 0.0112660 secs] [Times: user=0.01 sys=0.00, real=0.01 secs] 
34.258: Total time for which application threads were stopped: 0.0113860 seconds, Stopping threads took: 0.0000680 seconds
34.258: [CMS-concurrent-mark-start]
34.316: Application time: 0.0577790 seconds
34.316: [GC34.316: [ParNew: 122240K->13568K(122240K), 0.0303600 secs] 295487K->205325K(396032K), 0.0304050 secs] [Times: user=0.22 sys=0.00, real=0.03 secs] 
34.347: Total time for which application threads were stopped: 0.0305610 seconds, Stopping threads took: 0.0000860 seconds
34.407: Application time: 0.0603150 seconds
34.407: [GC34.407: [ParNew: 122240K->13568K(122240K), 0.0305620 secs] 313997K->223832K(396032K), 0.0306070 secs] [Times: user=0.21 sys=0.00, real=0.03 secs] 
34.438: Total time for which application threads were stopped: 0.0307810 seconds, Stopping threads took: 0.0001030 seconds
34.490: Application time: 0.0525920 seconds
34.493: [GC34.493: [ParNew: 122240K->13568K(122240K), 0.0367320 secs] 332504K->250073K(396032K), 0.0367780 secs] [Times: user=0.26 sys=0.00, real=0.03 secs] 
34.530: Total time for which application threads were stopped: 0.0393800 seconds, Stopping threads took: 0.0025340 seconds
34.600: Application time: 0.0697940 seconds
34.600: [GC34.600: [ParNew: 122240K->13568K(122240K), 0.0300930 secs] 358745K->267049K(396032K), 0.0301390 secs] [Times: user=0.22 sys=0.00, real=0.03 secs] 
34.630: Total time for which application threads were stopped: 0.0302850 seconds, Stopping threads took: 0.0000770 seconds
34.663: [CMS-concurrent-mark: 0.265/0.405 secs] [Times: user=3.07 sys=0.00, real=0.40 secs] 
34.663: [CMS-concurrent-preclean-start]
34.680: Application time: 0.0502830 seconds
34.680: [GC34.680: [ParNew: 122240K->122240K(122240K), 0.0000130 secs]34.680: [CMS34.826: [CMS-concurrent-preclean: 0.161/0.163 secs] [Times: user=0.29 sys=0.00, real=0.17 secs] 
 (concurrent mode failure): 253481K->129272K(273792K), 0.4226830 secs] 375721K->129272K(396032K), [CMS Perm : 9039K->9039K(21248K)], 0.4227530 secs] [Times: user=0.42 sys=0.00, real=0.42 secs] 
35.103: Total time for which application threads were stopped: 0.4229050 seconds, Stopping threads took: 0.0000850 seconds
35.149: Application time: 0.0457720 seconds
35.149: [GC35.149: [ParNew: 108672K->13568K(122240K), 0.0238980 secs] 237944K->159322K(396032K), 0.0239430 secs] [Times: user=0.17 sys=0.00, real=0.03 secs] 
35.173: Total time for which application threads were stopped: 0.0242680 seconds, Stopping threads took: 0.0002200 seconds
35.224: Application time: 0.0506510 seconds
35.224: [GC35.224: [ParNew: 122240K->13568K(122240K), 0.0327310 secs] 267994K->181851K(396032K), 0.0327820 secs] [Times: user=0.22 sys=0.00, real=0.04 secs] 
35.257: Total time for which application threads were stopped: 0.0329680 seconds, Stopping threads took: 0.0001130 seconds
35.257: Application time: 0.0001360 seconds
35.257: [GC [1 CMS-initial-mark: 168283K(273792K)] 183580K(396032K), 0.0112950 secs] [Times: user=0.01 sys=0.00, real=0.01 secs] 
35.268: Total time for which application threads were stopped: 0.0114130 seconds, Stopping threads took: 0.0000730 seconds
35.268: [CMS-concurrent-mark-start]
35.326: Application time: 0.0577920 seconds
35.326: [GC35.326: [ParNew: 122240K->13568K(122240K), 0.0296280 secs] 290523K->199098K(396032K), 0.0296850 secs] [Times: user=0.20 sys=0.00, real=0.03 secs] 
35.356: Total time for which application threads were stopped: 0.0298430 seconds, Stopping threads took: 0.0000860 seconds
35.409: Application time: 0.0535230 seconds
35.410: [GC35.410: [ParNew: 122240K->13568K(122240K), 0.0368880 secs] 307770K->225084K(396032K), 0.0369340 secs] [Times: user=0.26 sys=0.00, real=0.04 secs] 
35.446: Total time for which application threads were stopped: 0.0371030 seconds, Stopping threads took: 0.0001020 seconds
35.501: Application time: 0.0543400 seconds
35.502: [GC35.502: [ParNew: 122240K->13568K(122240K), 0.0324030 secs] 333756K->244943K(396032K), 0.0324600 secs] [Times: user=0.23 sys=0.00, real=0.04 secs] 
35.536: Total time for which application threads were stopped: 0.0352240 seconds, Stopping threads took: 0.0010820 seconds
35.605: Application time: 0.0686640 seconds
35.605: [GC35.605: [ParNew: 122240K->13566K(122240K), 0.0276580 secs] 353615K->259571K(396032K), 0.0277070 secs] [Times: user=0.19 sys=0.00, real=0.02 secs] 
35.633: Total time for which application threads were stopped: 0.0278440 seconds, Stopping threads took: 0.0000690 seconds
35.691: Application time: 0.0585300 seconds
35.691: [GC35.691: [ParNew: 122238K->13568K(122240K), 0.0314900 secs] 368243K->278932K(396032K), 0.0315400 secs] [Times: user=0.22 sys=0.00, real=0.03 secs] 
35.723: Total time for which application threads were stopped: 0.0317240 seconds, Stopping threads took: 0.0001030 seconds
35.762: [CMS-concurrent-mark: 0.305/0.494 secs] [Times: user=3.76 sys=0.00, real=0.49 secs] 
35.762: [CMS-concurrent-preclean-start]
35.783: Application time: 0.0604820 seconds
35.783: [GC35.783: [ParNew: 122240K->122240K(122240K), 0.0000120 secs]35.783: [CMS35.964: [CMS-concurrent-preclean: 0.199/0.201 secs] [Times: user=0.36 sys=0.00, real=0.20 secs] 
 (concurrent mode failure): 265364K->130753K(273792K), 0.4645920 secs] 387604K->130753K(396032K), [CMS Perm : 9046K->9046K(21248K)], 0.4646580 secs] [Times: user=0.46 sys=0.00, real=0.47 secs] 
36.248: Total time for which application threads were stopped: 0.4648280 seconds, Stopping threads took: 0.0001030 seconds
36.292: Application time: 0.0441460 seconds
36.292: [GC36.292: [ParNew: 108672K->13568K(122240K), 0.0204080 secs] 239425K->158728K(396032K), 0.0204530 secs] [Times: user=0.14 sys=0.00, real=0.03 secs] 
36.313: Total time for which application threads were stopped: 0.0205990 seconds, Stopping threads took: 0.0000620 seconds
36.352: Application time: 0.0389980 seconds
36.352: [GC36.352: [ParNew: 122240K->13568K(122240K), 0.0340500 secs] 267400K->187523K(396032K), 0.0340980 secs] [Times: user=0.23 sys=0.00, real=0.04 secs] 
36.386: Total time for which application threads were stopped: 0.0342680 seconds, Stopping threads took: 0.0001020 seconds
36.386: Application time: 0.0000860 seconds
36.386: [GC [1 CMS-initial-mark: 173955K(273792K)] 188723K(396032K), 0.0108990 secs] [Times: user=0.01 sys=0.00, real=0.01 secs] 
36.397: Total time for which application threads were stopped: 0.0110060 seconds, Stopping threads took: 0.0000650 seconds
36.397: [CMS-concurrent-mark-start]
36.466: Application time: 0.0689920 seconds
36.466: [GC36.466: [ParNew: 122240K->13568K(122240K), 0.0342230 secs] 296195K->206740K(396032K), 0.0342720 secs] [Times: user=0.24 sys=0.01, real=0.03 secs] 
36.501: Total time for which application threads were stopped: 0.0344810 seconds, Stopping threads took: 0.0001390 seconds
36.562: Application time: 0.0611190 seconds
36.562: [GC36.562: [ParNew: 122240K->13568K(122240K), 0.0283400 secs] 315412K->222321K(396032K), 0.0283860 secs] [Times: user=0.20 sys=0.00, real=0.03 secs] 
36.590: Total time for which application threads were stopped: 0.0285420 seconds, Stopping threads took: 0.0000870 seconds
36.649: Application time: 0.0590130 seconds
36.650: [GC36.650: [ParNew: 122240K->13568K(122240K), 0.0306200 secs] 330993K->241276K(396032K), 0.0306690 secs] [Times: user=0.22 sys=0.00, real=0.03 secs] 
36.680: Total time for which application threads were stopped: 0.0308250 seconds, Stopping threads took: 0.0000770 seconds
36.731: [CMS-concurrent-mark: 0.237/0.334 secs] [Times: user=2.55 sys=0.01, real=0.33 secs] 
36.731: [CMS-concurrent-preclean-start]
36.732: Application time: 0.0521260 seconds
36.737: [GC36.737: [ParNew: 122240K->13568K(122240K), 0.0362140 secs] 349948K->265835K(396032K), 0.0362560 secs] [Times: user=0.25 sys=0.00, real=0.04 secs] 
36.773: Total time for which application threads were stopped: 0.0407780 seconds, Stopping threads took: 0.0044560 seconds
36.831: Application time: 0.0580030 seconds
36.831: [GC36.831: [ParNew: 122240K->122240K(122240K), 0.0000150 secs]36.831: [CMS36.975: [CMS-concurrent-preclean: 0.201/0.243 secs] [Times: user=0.88 sys=0.01, real=0.25 secs] 
 (concurrent mode failure): 252267K->135330K(273792K), 0.4595930 secs] 374507K->135330K(396032K), [CMS Perm : 9049K->9049K(21248K)], 0.4596650 secs] [Times: user=0.46 sys=0.00, real=0.46 secs] 
37.291: Total time for which application threads were stopped: 0.4599090 seconds, Stopping threads took: 0.0001600 seconds
37.341: Application time: 0.0503730 seconds
37.342: [GC37.342: [ParNew: 108672K->13568K(122240K), 0.0187630 secs] 244002K->159011K(396032K), 0.0188110 secs] [Times: user=0.14 sys=0.00, real=0.02 secs] 
37.360: Total time for which application threads were stopped: 0.0189680 seconds, Stopping threads took: 0.0000770 seconds
37.408: Application time: 0.0474070 seconds
37.409: [GC37.409: [ParNew: 122240K->13568K(122240K), 0.0317760 secs] 267683K->183081K(396032K), 0.0318230 secs] [Times: user=0.22 sys=0.00, real=0.03 secs] 
37.441: Total time for which application threads were stopped: 0.0330970 seconds, Stopping threads took: 0.0011830 seconds
37.441: Application time: 0.0000940 seconds
37.441: [GC [1 CMS-initial-mark: 169513K(273792K)] 184330K(396032K), 0.0118270 secs] [Times: user=0.01 sys=0.00, real=0.02 secs] 
37.453: Total time for which application threads were stopped: 0.0119670 seconds, Stopping threads took: 0.0000950 seconds
37.453: [CMS-concurrent-mark-start]
37.504: Application time: 0.0508610 seconds
37.504: [GC37.504: [ParNew: 122240K->13568K(122240K), 0.0346050 secs] 291753K->206607K(396032K), 0.0346540 secs] [Times: user=0.24 sys=0.00, real=0.04 secs] 
37.539: Total time for which application threads were stopped: 0.0348110 seconds, Stopping threads took: 0.0000830 seconds
37.594: Application time: 0.0558100 seconds
37.595: [GC37.595: [ParNew: 122240K->13568K(122240K), 0.0379630 secs] 315279K->232287K(396032K), 0.0380110 secs] [Times: user=0.26 sys=0.00, real=0.03 secs] 
37.633: Total time for which application threads were stopped: 0.0383130 seconds, Stopping threads took: 0.0002030 seconds
37.703: Application time: 0.0698220 seconds
37.703: [GC37.703: [ParNew: 122240K->13568K(122240K), 0.0283400 secs] 340959K->247651K(396032K), 0.0283880 secs] [Times: user=0.20 sys=0.00, real=0.03 secs] 
37.731: Total time for which application threads were stopped: 0.0285420 seconds, Stopping threads took: 0.0000840 seconds
37.782: Application time: 0.0506310 seconds
37.782: [GC37.782: [ParNew: 122240K->13568K(122240K), 0.0357340 secs] 356323K->271924K(396032K), 0.0357810 secs] [Times: user=0.24 sys=0.00, real=0.04 secs] 
37.818: Total time for which application threads were stopped: 0.0359180 seconds, Stopping threads took: 0.0000710 seconds
37.866: [CMS-concurrent-mark: 0.275/0.413 secs] [Times: user=3.14 sys=0.01, real=0.41 secs] 
37.866: [CMS-concurrent-preclean-start]
37.883: Application time: 0.0657560 seconds
37.884: [GC37.884: [ParNew: 122240K->122240K(122240K), 0.0000130 secs]37.884: [CMS38.046: [CMS-concurrent-preclean: 0.178/0.180 secs] [Times: user=0.31 sys=0.00, real=0.18 secs] 
 (concurrent mode failure): 258356K->135974K(273792K), 0.4826300 secs] 380596K->135974K(396032K), [CMS Perm : 9049K->9049K(21248K)], 0.4826970 secs] [Times: user=0.48 sys=0.00, real=0.49 secs] 
38.366: Total time for which application threads were stopped: 0.4828580 seconds, Stopping threads took: 0.0000850 seconds
38.419: Application time: 0.0526100 seconds
38.419: [GC38.419: [ParNew: 108672K->13568K(122240K), 0.0139440 secs] 244646K->153362K(396032K), 0.0140030 secs] [Times: user=0.10 sys=0.00, real=0.02 secs] 
38.433: Total time for which application threads were stopped: 0.0142760 seconds, Stopping threads took: 0.0001900 seconds
38.486: Application time: 0.0522980 seconds
38.486: [GC38.486: [ParNew: 122240K->13568K(122240K), 0.0313460 secs] 262034K->178324K(396032K), 0.0313990 secs] [Times: user=0.22 sys=0.00, real=0.03 secs] 
38.517: Total time for which application threads were stopped: 0.0317080 seconds, Stopping threads took: 0.0002160 seconds
38.529: Application time: 0.0116560 seconds
38.531: [GC [1 CMS-initial-mark: 164756K(273792K)] 207501K(396032K), 0.0274610 secs] [Times: user=0.03 sys=0.00, real=0.03 secs] 
38.558: Total time for which application threads were stopped: 0.0291130 seconds, Stopping threads took: 0.0015800 seconds
38.558: [CMS-concurrent-mark-start]
38.600: Application time: 0.0424670 seconds
38.601: [GC38.601: [ParNew: 122240K->13568K(122240K), 0.0323820 secs] 286996K->200427K(396032K), 0.0324280 secs] [Times: user=0.22 sys=0.00, real=0.04 secs] 
38.633: Total time for which application threads were stopped: 0.0325630 seconds, Stopping threads took: 0.0000650 seconds
38.675: Application time: 0.0418370 seconds
38.675: [GC38.675: [ParNew: 122240K->13568K(122240K), 0.0413380 secs] 309099K->231513K(396032K), 0.0413870 secs] [Times: user=0.29 sys=0.00, real=0.04 secs] 
38.716: Total time for which application threads were stopped: 0.0415760 seconds, Stopping threads took: 0.0001180 seconds
38.789: Application time: 0.0723350 seconds
38.789: [GC38.789: [ParNew: 122240K->13568K(122240K), 0.0335560 secs] 340185K->248892K(396032K), 0.0336040 secs] [Times: user=0.24 sys=0.00, real=0.03 secs] 
38.823: Total time for which application threads were stopped: 0.0337310 seconds, Stopping threads took: 0.0000600 seconds
38.890: Application time: 0.0679070 seconds
38.891: [GC38.891: [ParNew: 122240K->13568K(122240K), 0.0266390 secs] 357564K->262499K(396032K), 0.0266870 secs] [Times: user=0.19 sys=0.00, real=0.03 secs] 
38.917: Total time for which application threads were stopped: 0.0268370 seconds, Stopping threads took: 0.0000790 seconds
38.969: Application time: 0.0514250 seconds
38.969: [GC38.969: [ParNew: 122240K->122240K(122240K), 0.0000140 secs]38.969: [CMS38.986: [CMS-concurrent-mark: 0.291/0.428 secs] [Times: user=3.16 sys=0.02, real=0.43 secs] 
 (concurrent mode failure): 248931K->119674K(273792K), 0.2733790 secs] 371171K->119674K(396032K), [CMS Perm : 9052K->9052K(21248K)], 0.2734470 secs] [Times: user=0.29 sys=0.00, real=0.27 secs] 
39.242: Total time for which application threads were stopped: 0.2735960 seconds, Stopping threads took: 0.0000600 seconds
39.284: Application time: 0.0415070 seconds
39.284: [GC39.284: [ParNew: 108672K->13568K(122240K), 0.0251130 secs] 228346K->151674K(396032K), 0.0251630 secs] [Times: user=0.18 sys=0.00, real=0.03 secs] 
39.309: Total time for which application threads were stopped: 0.0253600 seconds, Stopping threads took: 0.0001260 seconds
39.360: Application time: 0.0510370 seconds
39.360: [GC39.360: [ParNew: 122240K->13568K(122240K), 0.0376830 secs] 260346K->177572K(396032K), 0.0377340 secs] [Times: user=0.25 sys=0.00, real=0.04 secs] 
39.398: Total time for which application threads were stopped: 0.0379510 seconds, Stopping threads took: 0.0001450 seconds
39.398: Application time: 0.0001030 seconds
39.398: [GC [1 CMS-initial-mark: 164004K(273792K)] 179086K(396032K), 0.0114730 secs] [Times: user=0.02 sys=0.00, real=0.01 secs] 
39.410: Total time for which application threads were stopped: 0.0115880 seconds, Stopping threads took: 0.0000710 seconds
39.410: [CMS-concurrent-mark-start]
39.475: Application time: 0.0650250 seconds
39.475: [GC39.475: [ParNew: 122240K->13568K(122240K), 0.0284200 secs] 286244K->192188K(396032K), 0.0284690 secs] [Times: user=0.20 sys=0.00, real=0.02 secs] 
39.504: Total time for which application threads were stopped: 0.0286190 seconds, Stopping threads took: 0.0000650 seconds
39.556: Application time: 0.0521590 seconds
39.556: [GC39.556: [ParNew: 122240K->13568K(122240K), 0.0352590 secs] 300860K->216224K(396032K), 0.0353180 secs] [Times: user=0.24 sys=0.00, real=0.03 secs] 
39.591: Total time for which application threads were stopped: 0.0354740 seconds, Stopping threads took: 0.0000840 seconds
39.649: Application time: 0.0575320 seconds
39.649: [GC39.649: [ParNew: 122240K->13568K(122240K), 0.0387890 secs] 324896K->243277K(396032K), 0.0388360 secs] [Times: user=0.27 sys=0.00, real=0.04 secs] 
39.688: Total time for which application threads were stopped: 0.0389960 seconds, Stopping threads took: 0.0000820 seconds
39.744: Application time: 0.0565380 seconds
39.744: [GC39.744: [ParNew: 122240K->13568K(122240K), 0.0386760 secs] 351949K->268052K(396032K), 0.0387250 secs] [Times: user=0.27 sys=0.00, real=0.04 secs] 
39.783: Total time for which application threads were stopped: 0.0388740 seconds, Stopping threads took: 0.0000770 seconds
39.845: Application time: 0.0615960 seconds
39.845: [GC39.845: [ParNew: 122240K->122240K(122240K), 0.0000150 secs]39.845: [CMS39.861: [CMS-concurrent-mark: 0.292/0.451 secs] [Times: user=3.35 sys=0.00, real=0.45 secs] 
 (concurrent mode failure): 254484K->134047K(273792K), 0.3117420 secs] 376724K->134047K(396032K), [CMS Perm : 9056K->9056K(21248K)], 0.3118140 secs] [Times: user=0.32 sys=0.00, real=0.31 secs] 
40.157: Total time for which application threads were stopped: 0.3120150 seconds, Stopping threads took: 0.0001310 seconds
40.205: Application time: 0.0484100 seconds
40.205: [GC40.205: [ParNew: 108672K->13568K(122240K), 0.0151200 secs] 242719K->155031K(396032K), 0.0151670 secs] [Times: user=0.11 sys=0.00, real=0.01 secs] 
40.220: Total time for which application threads were stopped: 0.0153260 seconds, Stopping threads took: 0.0000790 seconds
40.272: Application time: 0.0516990 seconds
40.272: [GC40.272: [ParNew: 122240K->13568K(122240K), 0.0315130 secs] 263703K->178443K(396032K), 0.0315630 secs] [Times: user=0.22 sys=0.00, real=0.03 secs] 
40.304: Total time for which application threads were stopped: 0.0317130 seconds, Stopping threads took: 0.0000790 seconds
40.304: Application time: 0.0000450 seconds
40.304: [GC [1 CMS-initial-mark: 164875K(273792K)] 179396K(396032K), 0.0118580 secs] [Times: user=0.01 sys=0.00, real=0.02 secs] 
40.316: Total time for which application threads were stopped: 0.0119870 seconds, Stopping threads took: 0.0000850 seconds
40.316: [CMS-concurrent-mark-start]
40.378: Application time: 0.0625200 seconds
40.379: [GC40.379: [ParNew: 122240K->13567K(122240K), 0.0317070 secs] 287115K->197604K(396032K), 0.0317560 secs] [Times: user=0.22 sys=0.00, real=0.03 secs] 
40.410: Total time for which application threads were stopped: 0.0319370 seconds, Stopping threads took: 0.0001110 seconds
40.463: Application time: 0.0524990 seconds
40.463: [GC40.463: [ParNew: 122239K->13568K(122240K), 0.0353250 secs] 306276K->222640K(396032K), 0.0353720 secs] [Times: user=0.24 sys=0.00, real=0.04 secs] 
40.498: Total time for which application threads were stopped: 0.0355410 seconds, Stopping threads took: 0.0001000 seconds
40.556: Application time: 0.0572810 seconds
40.556: [GC40.556: [ParNew: 122240K->13567K(122240K), 0.0366030 secs] 331312K->245482K(396032K), 0.0366600 secs] [Times: user=0.25 sys=0.00, real=0.03 secs] 
40.592: Total time for which application threads were stopped: 0.0367960 seconds, Stopping threads took: 0.0000630 seconds
40.636: Application time: 0.0439230 seconds
40.637: [GC40.637: [ParNew: 122239K->13566K(122240K), 0.0379980 secs] 354154K->272429K(396032K), 0.0380480 secs] [Times: user=0.26 sys=0.00, real=0.04 secs] 
40.675: Total time for which application threads were stopped: 0.0382300 seconds, Stopping threads took: 0.0001120 seconds
40.742: Application time: 0.0673780 seconds
40.742: [GC40.742: [ParNew: 122238K->122238K(122240K), 0.0000140 secs]40.742: [CMS40.761: [CMS-concurrent-mark: 0.297/0.445 secs] [Times: user=3.27 sys=0.00, real=0.44 secs] 
 (concurrent mode failure): 258862K->138043K(273792K), 0.3178690 secs] 381101K->138043K(396032K), [CMS Perm : 9060K->9060K(21248K)], 0.3179480 secs] [Times: user=0.34 sys=0.00, real=0.32 secs] 
41.060: Total time for which application threads were stopped: 0.3181170 seconds, Stopping threads took: 0.0000930 seconds
41.111: Application time: 0.0510840 seconds
41.111: [GC41.111: [ParNew: 108672K->13566K(122240K), 0.0154510 secs] 246715K->157946K(396032K), 0.0154970 secs] [Times: user=0.12 sys=0.00, real=0.02 secs] 
41.127: Total time for which application threads were stopped: 0.0156770 seconds, Stopping threads took: 0.0001130 seconds
41.179: Application time: 0.0525140 seconds
41.180: [GC41.180: [ParNew: 122238K->13566K(122240K), 0.0294390 secs] 266618K->179591K(396032K), 0.0294870 secs] [Times: user=0.20 sys=0.00, real=0.03 secs] 
41.209: Total time for which application threads were stopped: 0.0296640 seconds, Stopping threads took: 0.0001070 seconds
41.209: Application time: 0.0001110 seconds
41.209: [GC [1 CMS-initial-mark: 166024K(273792K)] 181130K(396032K), 0.0110790 secs] [Times: user=0.01 sys=0.00, real=0.01 secs] 
41.220: Total time for which application threads were stopped: 0.0112180 seconds, Stopping threads took: 0.0000970 seconds
41.220: [CMS-concurrent-mark-start]
41.275: Application time: 0.0544940 seconds
41.275: [GC41.275: [ParNew: 122225K->13566K(122240K), 0.0339760 secs] 288250K->201899K(396032K), 0.0340210 secs] [Times: user=0.23 sys=0.00, real=0.03 secs] 
41.309: Total time for which application threads were stopped: 0.0341860 seconds, Stopping threads took: 0.0000850 seconds
41.372: Application time: 0.0629650 seconds
41.372: [GC41.372: [ParNew: 122238K->13568K(122240K), 0.0301500 secs] 310571K->220257K(396032K), 0.0301960 secs] [Times: user=0.21 sys=0.00, real=0.03 secs] 
41.402: Total time for which application threads were stopped: 0.0303360 seconds, Stopping threads took: 0.0000700 seconds
41.455: Application time: 0.0526540 seconds
41.455: [GC41.455: [ParNew: 122240K->13568K(122240K), 0.0375690 secs] 328929K->246340K(396032K), 0.0376190 secs] [Times: user=0.26 sys=0.00, real=0.04 secs] 
41.493: Total time for which application threads were stopped: 0.0377940 seconds, Stopping threads took: 0.0001040 seconds
41.568: Application time: 0.0746620 seconds
41.568: [GC41.568: [ParNew: 122240K->13568K(122240K), 0.0279300 secs] 355012K->259848K(396032K), 0.0279770 secs] [Times: user=0.21 sys=0.00, real=0.03 secs] 
41.596: Total time for which application threads were stopped: 0.0280830 seconds, Stopping threads took: 0.0000360 seconds
41.618: [CMS-concurrent-mark: 0.265/0.398 secs] [Times: user=3.03 sys=0.00, real=0.40 secs] 
41.618: [CMS-concurrent-preclean-start]
41.656: Application time: 0.0601680 seconds
41.656: [GC41.656: [ParNew: 122187K->122187K(122240K), 0.0000130 secs]41.656: [CMS41.803: [CMS-concurrent-preclean: 0.182/0.184 secs] [Times: user=0.45 sys=0.01, real=0.18 secs] 
 (concurrent mode failure): 246280K->119522K(273792K), 0.4037000 secs] 368467K->119522K(396032K), [CMS Perm : 9060K->9060K(21248K)], 0.4037690 secs] [Times: user=0.41 sys=0.00, real=0.40 secs] 
42.060: Total time for which application threads were stopped: 0.4039330 seconds, Stopping threads took: 0.0000940 seconds
42.102: Application time: 0.0424900 seconds
42.102: [GC42.102: [ParNew: 108672K->13568K(122240K), 0.0226700 secs] 228194K->149664K(396032K), 0.0227200 secs] [Times: user=0.16 sys=0.00, real=0.03 secs] 
42.125: Total time for which application threads were stopped: 0.0229590 seconds, Stopping threads took: 0.0001580 seconds
42.170: Application time: 0.0447820 seconds
42.170: [GC42.170: [ParNew: 122240K->13568K(122240K), 0.0397740 secs] 258336K->181281K(396032K), 0.0398260 secs] [Times: user=0.28 sys=0.00, real=0.04 secs] 
42.210: Total time for which application threads were stopped: 0.0400620 seconds, Stopping threads took: 0.0001420 seconds
42.221: Application time: 0.0108100 seconds
42.221: [GC [1 CMS-initial-mark: 167713K(273792K)] 204609K(396032K), 0.0229920 secs] [Times: user=0.03 sys=0.00, real=0.02 secs] 
42.244: Total time for which application threads were stopped: 0.0232780 seconds, Stopping threads took: 0.0002320 seconds
42.244: [CMS-concurrent-mark-start]
42.287: Application time: 0.0429890 seconds
42.287: [GC42.287: [ParNew: 122240K->13568K(122240K), 0.0364520 secs] 289953K->203797K(396032K), 0.0365100 secs] [Times: user=0.25 sys=0.00, real=0.03 secs] 
42.324: Total time for which application threads were stopped: 0.0366450 seconds, Stopping threads took: 0.0000610 seconds
42.387: Application time: 0.0635280 seconds
42.387: [GC42.387: [ParNew: 122240K->13568K(122240K), 0.0261550 secs] 312469K->217398K(396032K), 0.0262020 secs] [Times: user=0.19 sys=0.00, real=0.03 secs] 
42.414: Total time for which application threads were stopped: 0.0263730 seconds, Stopping threads took: 0.0001020 seconds
42.469: Application time: 0.0556810 seconds
42.470: [GC42.470: [ParNew: 122240K->13568K(122240K), 0.0344110 secs] 326070K->239364K(396032K), 0.0344570 secs] [Times: user=0.24 sys=0.00, real=0.04 secs] 
42.505: Total time for which application threads were stopped: 0.0356120 seconds, Stopping threads took: 0.0010890 seconds
42.567: Application time: 0.0621080 seconds
42.567: [GC42.567: [ParNew: 122240K->13568K(122240K), 0.0350050 secs] 348036K->261290K(396032K), 0.0350520 secs] [Times: user=0.24 sys=0.00, real=0.03 secs] 
42.602: Total time for which application threads were stopped: 0.0351730 seconds, Stopping threads took: 0.0000520 seconds
42.665: Application time: 0.0626550 seconds
42.665: [GC42.665: [ParNew: 122240K->122240K(122240K), 0.0000130 secs]42.665: [CMS42.666: [CMS-concurrent-mark: 0.286/0.422 secs] [Times: user=3.21 sys=0.00, real=0.43 secs] 
 (concurrent mode failure): 247722K->134340K(273792K), 0.2886510 secs] 369962K->134340K(396032K), [CMS Perm : 9062K->9062K(21248K)], 0.2887190 secs] [Times: user=0.29 sys=0.00, real=0.29 secs] 
42.954: Total time for which application threads were stopped: 0.2888670 seconds, Stopping threads took: 0.0000660 seconds
43.005: Application time: 0.0517430 seconds
43.006: [GC43.006: [ParNew: 108672K->13568K(122240K), 0.0149590 secs] 243012K->152651K(396032K), 0.0150010 secs] [Times: user=0.12 sys=0.00, real=0.01 secs] 
43.021: Total time for which application threads were stopped: 0.0151650 seconds, Stopping threads took: 0.0000750 seconds
43.060: Application time: 0.0392360 seconds
43.060: [GC43.060: [ParNew: 122240K->13568K(122240K), 0.0370040 secs] 261323K->185224K(396032K), 0.0370540 secs] [Times: user=0.25 sys=0.00, real=0.04 secs] 
43.097: Total time for which application threads were stopped: 0.0373230 seconds, Stopping threads took: 0.0001950 seconds
43.105: Application time: 0.0076460 seconds
43.105: [GC [1 CMS-initial-mark: 171656K(273792K)] 209997K(396032K), 0.0177680 secs] [Times: user=0.02 sys=0.00, real=0.01 secs] 
43.123: Total time for which application threads were stopped: 0.0182110 seconds, Stopping threads took: 0.0003710 seconds
43.123: [CMS-concurrent-mark-start]
43.164: Application time: 0.0405950 seconds
43.164: [GC43.164: [ParNew: 122240K->13568K(122240K), 0.0414170 secs] 293896K->215390K(396032K), 0.0414650 secs] [Times: user=0.29 sys=0.00, real=0.05 secs] 
43.205: Total time for which application threads were stopped: 0.0416530 seconds, Stopping threads took: 0.0001070 seconds
43.273: Application time: 0.0680690 seconds
43.274: [GC43.274: [ParNew: 122240K->13568K(122240K), 0.0372740 secs] 324062K->235759K(396032K), 0.0373240 secs] [Times: user=0.26 sys=0.00, real=0.03 secs] 
43.311: Total time for which application threads were stopped: 0.0374830 seconds, Stopping threads took: 0.0000720 seconds
43.364: Application time: 0.0526160 seconds
43.364: [GC43.364: [ParNew: 122240K->13568K(122240K), 0.0318680 secs] 344431K->254938K(396032K), 0.0319180 secs] [Times: user=0.23 sys=0.00, real=0.04 secs] 
43.396: Total time for which application threads were stopped: 0.0320890 seconds, Stopping threads took: 0.0001000 seconds
43.458: Application time: 0.0624570 seconds
43.458: [GC43.458: [ParNew: 122240K->13567K(122240K), 0.0337990 secs] 363610K->276265K(396032K), 0.0338460 secs] [Times: user=0.24 sys=0.00, real=0.03 secs] 
43.492: Total time for which application threads were stopped: 0.0340190 seconds, Stopping threads took: 0.0000940 seconds
43.563: Application time: 0.0704190 seconds
43.564: [GC43.564: [ParNew: 122239K->122239K(122240K), 0.0000120 secs]43.564: [CMS43.569: [CMS-concurrent-mark: 0.282/0.446 secs] [Times: user=3.37 sys=0.00, real=0.45 secs] 
 (concurrent mode failure): 262698K->132397K(273792K), 0.2998520 secs] 384937K->132397K(396032K), [CMS Perm : 9065K->9065K(21248K)], 0.2999170 secs] [Times: user=0.31 sys=0.00, real=0.30 secs] 
43.864: Total time for which application threads were stopped: 0.3011440 seconds, Stopping threads took: 0.0010990 seconds
43.917: Application time: 0.0532210 seconds
43.921: [GC43.921: [ParNew: 108601K->13567K(122240K), 0.0122660 secs] 240998K->149160K(396032K), 0.0123140 secs] [Times: user=0.09 sys=0.00, real=0.02 secs] 
43.933: Total time for which application threads were stopped: 0.0165010 seconds, Stopping threads took: 0.0040850 seconds
43.979: Application time: 0.0459020 seconds
43.979: [GC43.979: [ParNew: 122239K->13566K(122240K), 0.0322950 secs] 257832K->176444K(396032K), 0.0323440 secs] [Times: user=0.22 sys=0.00, real=0.03 secs] 
44.012: Total time for which application threads were stopped: 0.0324890 seconds, Stopping threads took: 0.0000730 seconds
44.012: Application time: 0.0000800 seconds
44.012: [GC [1 CMS-initial-mark: 162877K(273792K)] 177921K(396032K), 0.0111710 secs] [Times: user=0.01 sys=0.00, real=0.01 secs] 
44.023: Total time for which application threads were stopped: 0.0113040 seconds, Stopping threads took: 0.0000840 seconds
44.023: [CMS-concurrent-mark-start]
44.078: Application time: 0.0552720 seconds
44.079: [GC44.079: [ParNew: 122238K->13567K(122240K), 0.0367550 secs] 285116K->200657K(396032K), 0.0368010 secs] [Times: user=0.25 sys=0.00, real=0.04 secs] 
44.115: Total time for which application threads were stopped: 0.0369460 seconds, Stopping threads took: 0.0000760 seconds
44.160: Application time: 0.0446960 seconds
44.160: [GC44.160: [ParNew: 122239K->13566K(122240K), 0.0356400 secs] 309329K->226032K(396032K), 0.0356900 secs] [Times: user=0.24 sys=0.00, real=0.04 secs] 
44.196: Total time for which application threads were stopped: 0.0358310 seconds, Stopping threads took: 0.0000690 seconds
44.246: Application time: 0.0503120 seconds
44.247: [GC44.247: [ParNew: 122238K->13566K(122240K), 0.0475960 secs] 334704K->261722K(396032K), 0.0476480 secs] [Times: user=0.32 sys=0.00, real=0.05 secs] 
44.295: Total time for which application threads were stopped: 0.0487910 seconds, Stopping threads took: 0.0010710 seconds
44.371: Application time: 0.0758900 seconds
44.371: [GC44.371: [ParNew: 122238K->122238K(122240K), 0.0000130 secs]44.371: [CMS44.394: [CMS-concurrent-mark: 0.246/0.371 secs] [Times: user=2.67 sys=0.00, real=0.38 secs] 
 (concurrent mode failure): 248156K->138103K(273792K), 0.3237460 secs] 370394K->138103K(396032K), [CMS Perm : 9066K->9066K(21248K)], 0.3238120 secs] [Times: user=0.35 sys=0.00, real=0.33 secs] 
44.695: Total time for which application threads were stopped: 0.3240640 seconds, Stopping threads took: 0.0001610 seconds
44.744: Application time: 0.0489280 seconds
44.744: [GC44.744: [ParNew: 108672K->13568K(122240K), 0.0164570 secs] 246775K->161013K(396032K), 0.0165070 secs] [Times: user=0.12 sys=0.00, real=0.02 secs] 
44.761: Total time for which application threads were stopped: 0.0166760 seconds, Stopping threads took: 0.0000850 seconds
44.809: Application time: 0.0484680 seconds
44.809: [GC44.809: [ParNew: 122240K->13568K(122240K), 0.0302910 secs] 269685K->184003K(396032K), 0.0303370 secs] [Times: user=0.21 sys=0.00, real=0.03 secs] 
44.840: Total time for which application threads were stopped: 0.0305510 seconds, Stopping threads took: 0.0001200 seconds
44.849: Application time: 0.0092360 seconds
44.849: [GC [1 CMS-initial-mark: 170435K(273792K)] 200708K(396032K), 0.0264150 secs] [Times: user=0.02 sys=0.00, real=0.03 secs] 
44.875: Total time for which application threads were stopped: 0.0265820 seconds, Stopping threads took: 0.0001150 seconds
44.875: [CMS-concurrent-mark-start]
44.931: Application time: 0.0550930 seconds
44.931: [GC44.931: [ParNew: 122240K->13567K(122240K), 0.0304810 secs] 292675K->200704K(396032K), 0.0305380 secs] [Times: user=0.22 sys=0.00, real=0.03 secs] 
44.961: Total time for which application threads were stopped: 0.0307180 seconds, Stopping threads took: 0.0001100 seconds
45.019: Application time: 0.0573830 seconds
45.019: [GC45.019: [ParNew: 122239K->13568K(122240K), 0.0302350 secs] 309376K->218967K(396032K), 0.0302810 secs] [Times: user=0.21 sys=0.00, real=0.03 secs] 
45.049: Total time for which application threads were stopped: 0.0304190 seconds, Stopping threads took: 0.0000690 seconds
45.106: Application time: 0.0572540 seconds
45.108: [GC45.108: [ParNew: 122240K->13568K(122240K), 0.0332620 secs] 327639K->240444K(396032K), 0.0333110 secs] [Times: user=0.24 sys=0.00, real=0.03 secs] 
45.141: Total time for which application threads were stopped: 0.0347740 seconds, Stopping threads took: 0.0013930 seconds
45.189: Application time: 0.0480890 seconds
45.189: [GC45.189: [ParNew: 122240K->13568K(122240K), 0.0383250 secs] 349116K->269321K(396032K), 0.0383720 secs] [Times: user=0.26 sys=0.00, real=0.04 secs] 
45.228: Total time for which application threads were stopped: 0.0385860 seconds, Stopping threads took: 0.0001210 seconds
45.277: Application time: 0.0494730 seconds
45.277: [GC45.277: [ParNew: 122240K->122240K(122240K), 0.0000120 secs]45.277: [CMS45.284: [CMS-concurrent-mark: 0.272/0.408 secs] [Times: user=3.07 sys=0.00, real=0.40 secs] 
 (concurrent mode failure): 255753K->147464K(273792K), 0.3113150 secs] 377993K->147464K(396032K), [CMS Perm : 9067K->9066K(21248K)], 0.3113900 secs] [Times: user=0.32 sys=0.00, real=0.31 secs] 
45.590: Total time for which application threads were stopped: 0.3130610 seconds, Stopping threads took: 0.0000520 seconds
45.643: Application time: 0.0531420 seconds
45.644: [GC45.644: [ParNew: 108672K->13568K(122240K), 0.0177550 secs] 256136K->167086K(396032K), 0.0178010 secs] [Times: user=0.13 sys=0.00, real=0.02 secs] 
45.662: Total time for which application threads were stopped: 0.0180360 seconds, Stopping threads took: 0.0001480 seconds
45.719: Application time: 0.0574370 seconds
45.719: [GC45.719: [ParNew: 122236K->13568K(122240K), 0.0246310 secs] 275755K->182155K(396032K), 0.0246790 secs] [Times: user=0.18 sys=0.00, real=0.02 secs] 
45.744: Total time for which application threads were stopped: 0.0249050 seconds, Stopping threads took: 0.0001340 seconds
45.761: Application time: 0.0169570 seconds
45.765: [GC [1 CMS-initial-mark: 168587K(273792K)] 218193K(396032K), 0.0306520 secs] [Times: user=0.03 sys=0.00, real=0.03 secs] 
45.796: Total time for which application threads were stopped: 0.0347340 seconds, Stopping threads took: 0.0040300 seconds
45.796: [CMS-concurrent-mark-start]
45.840: Application time: 0.0449300 seconds
45.841: [GC45.841: [ParNew: 122240K->13568K(122240K), 0.0242320 secs] 290827K->195049K(396032K), 0.0242790 secs] [Times: user=0.17 sys=0.00, real=0.03 secs] 
45.865: Total time for which application threads were stopped: 0.0244630 seconds, Stopping threads took: 0.0001010 seconds
45.920: Application time: 0.0551650 seconds
45.920: [GC45.920: [ParNew: 122240K->13568K(122240K), 0.0331500 secs] 303721K->217676K(396032K), 0.0332010 secs] [Times: user=0.23 sys=0.00, real=0.04 secs] 
45.954: Total time for which application threads were stopped: 0.0333940 seconds, Stopping threads took: 0.0001190 seconds
46.013: Application time: 0.0594180 seconds
46.013: [GC46.013: [ParNew: 122240K->13568K(122240K), 0.0338180 secs] 326348K->239355K(396032K), 0.0338670 secs] [Times: user=0.23 sys=0.00, real=0.03 secs] 
46.047: Total time for which application threads were stopped: 0.0340340 seconds, Stopping threads took: 0.0001010 seconds
46.103: Application time: 0.0561240 seconds
46.103: [GC46.103: [ParNew: 122240K->13568K(122240K), 0.0365290 secs] 348027K->264066K(396032K), 0.0365800 secs] [Times: user=0.26 sys=0.00, real=0.04 secs] 
46.140: Total time for which application threads were stopped: 0.0367510 seconds, Stopping threads took: 0.0000980 seconds
46.182: Application time: 0.0417930 seconds
46.182: [GC46.182: [ParNew: 122240K->122240K(122240K), 0.0000150 secs]46.182: [CMS46.195: [CMS-concurrent-mark: 0.265/0.399 secs] [Times: user=2.97 sys=0.00, real=0.40 secs] 
 (concurrent mode failure): 250498K->136325K(273792K), 0.2914010 secs] 372738K->136325K(396032K), [CMS Perm : 9068K->9068K(21248K)], 0.2914790 secs] [Times: user=0.31 sys=0.00, real=0.30 secs] 
46.473: Total time for which application threads were stopped: 0.2916090 seconds, Stopping threads took: 0.0000610 seconds
46.522: Application time: 0.0485070 seconds
46.522: [GC46.522: [ParNew: 108672K->13568K(122240K), 0.0299640 secs] 244997K->169954K(396032K), 0.0300130 secs] [Times: user=0.22 sys=0.00, real=0.03 secs] 
46.552: Total time for which application threads were stopped: 0.0302230 seconds, Stopping threads took: 0.0001270 seconds
46.552: Application time: 0.0000450 seconds
46.552: [GC [1 CMS-initial-mark: 156386K(273792K)] 170374K(396032K), 0.0110140 secs] [Times: user=0.01 sys=0.00, real=0.01 secs] 
46.563: Total time for which application threads were stopped: 0.0110970 seconds, Stopping threads took: 0.0000380 seconds
46.563: [CMS-concurrent-mark-start]
46.637: Application time: 0.0739160 seconds
46.637: [GC46.637: [ParNew: 122240K->13564K(122240K), 0.0277540 secs] 278626K->183068K(396032K), 0.0278010 secs] [Times: user=0.20 sys=0.00, real=0.03 secs] 
46.665: Total time for which application threads were stopped: 0.0279060 seconds, Stopping threads took: 0.0000380 seconds
46.724: Application time: 0.0590730 seconds
46.724: [GC46.724: [ParNew: 122236K->13568K(122240K), 0.0277570 secs] 291740K->198773K(396032K), 0.0278050 secs] [Times: user=0.20 sys=0.00, real=0.03 secs] 
46.752: Total time for which application threads were stopped: 0.0279770 seconds, Stopping threads took: 0.0000900 seconds
46.808: [CMS-concurrent-mark: 0.187/0.245 secs] [Times: user=1.89 sys=0.00, real=0.25 secs] 
46.808: [CMS-concurrent-preclean-start]
46.824: Application time: 0.0720860 seconds
46.824: [GC46.824: [ParNew: 122240K->12979K(122240K), 0.0247250 secs] 307445K->209989K(396032K), 0.0247740 secs] [Times: user=0.18 sys=0.00, real=0.03 secs] 
46.849: Total time for which application threads were stopped: 0.0249800 seconds, Stopping threads took: 0.0001370 seconds
46.908: Application time: 0.0589550 seconds
46.908: [GC46.908: [ParNew: 121651K->13568K(122240K), 0.0275710 secs] 318661K->225700K(396032K), 0.0276190 secs] [Times: user=0.20 sys=0.00, real=0.03 secs] 
46.936: Total time for which application threads were stopped: 0.0277020 seconds, Stopping threads took: 0.0000130 seconds
46.989: Application time: 0.0537670 seconds
46.990: [GC46.990: [ParNew: 122240K->13568K(122240K), 0.0322590 secs] 334372K->247316K(396032K), 0.0323030 secs] [Times: user=0.22 sys=0.00, real=0.03 secs] 
47.022: Total time for which application threads were stopped: 0.0324360 seconds, Stopping threads took: 0.0000610 seconds
47.058: Application time: 0.0363960 seconds
47.058: [GC47.058: [ParNew: 122145K->13568K(122240K), 0.0430850 secs] 355894K->282479K(396032K), 0.0431300 secs] [Times: user=0.29 sys=0.00, real=0.04 secs] 
47.102: Total time for which application threads were stopped: 0.0432760 seconds, Stopping threads took: 0.0000640 seconds
47.140: Application time: 0.0388270 seconds
47.141: [GC47.141: [ParNew: 122240K->122240K(122240K), 0.0000120 secs]47.141: [CMS47.291: [CMS-concurrent-preclean: 0.352/0.483 secs] [Times: user=2.68 sys=0.00, real=0.48 secs] 
 (concurrent mode failure): 268911K->138780K(273792K), 0.4349980 secs] 391151K->138780K(396032K), [CMS Perm : 9069K->9069K(21248K)], 0.4350670 secs] [Times: user=0.43 sys=0.00, real=0.44 secs] 
47.576: Total time for which application threads were stopped: 0.4351800 seconds, Stopping threads took: 0.0000380 seconds
47.622: Application time: 0.0465680 seconds
47.622: [GC47.622: [ParNew: 108672K->13568K(122240K), 0.0336160 secs] 247452K->176287K(396032K), 0.0336680 secs] [Times: user=0.23 sys=0.00, real=0.04 secs] 
47.656: Total time for which application threads were stopped: 0.0338280 seconds, Stopping threads took: 0.0000720 seconds
47.656: Application time: 0.0001250 seconds
47.656: [GC [1 CMS-initial-mark: 162719K(273792K)] 177651K(396032K), 0.0109400 secs] [Times: user=0.01 sys=0.00, real=0.01 secs] 
47.667: Total time for which application threads were stopped: 0.0110460 seconds, Stopping threads took: 0.0000620 seconds
47.667: [CMS-concurrent-mark-start]
47.741: Application time: 0.0736390 seconds
47.741: [GC47.741: [ParNew: 122240K->13555K(122240K), 0.0285080 secs] 284959K->188823K(396032K), 0.0285550 secs] [Times: user=0.20 sys=0.00, real=0.03 secs] 
47.770: Total time for which application threads were stopped: 0.0287150 seconds, Stopping threads took: 0.0000930 seconds
47.842: Application time: 0.0726420 seconds
47.842: [GC47.842: [ParNew: 122227K->13568K(122240K), 0.0227720 secs] 297495K->199404K(396032K), 0.0228190 secs] [Times: user=0.17 sys=0.00, real=0.03 secs] 
47.865: Total time for which application threads were stopped: 0.0230030 seconds, Stopping threads took: 0.0001170 seconds
47.923: Application time: 0.0578540 seconds
47.923: [GC47.923: [ParNew: 122240K->13568K(122240K), 0.0273580 secs] 308076K->214568K(396032K), 0.0274040 secs] [Times: user=0.19 sys=0.00, real=0.03 secs] 
47.951: Total time for which application threads were stopped: 0.0275500 seconds, Stopping threads took: 0.0000760 seconds
47.951: [CMS-concurrent-mark: 0.204/0.284 secs] [Times: user=2.19 sys=0.01, real=0.28 secs] 
47.951: [CMS-concurrent-preclean-start]
48.015: Application time: 0.0642780 seconds
48.015: [GC48.015: [ParNew: 122240K->13568K(122240K), 0.0259950 secs] 323240K->227322K(396032K), 0.0260430 secs] [Times: user=0.18 sys=0.00, real=0.02 secs] 
48.041: Total time for which application threads were stopped: 0.0261990 seconds, Stopping threads took: 0.0000890 seconds
48.092: Application time: 0.0513030 seconds
48.093: [GC48.093: [ParNew: 122240K->13568K(122240K), 0.0303450 secs] 335994K->246569K(396032K), 0.0303920 secs] [Times: user=0.22 sys=0.00, real=0.03 secs] 
48.123: Total time for which application threads were stopped: 0.0305510 seconds, Stopping threads took: 0.0000880 seconds
48.163: Application time: 0.0402380 seconds
48.163: [GC48.163: [ParNew: 122240K->13568K(122240K), 0.0422270 secs] 355241K->281099K(396032K), 0.0422740 secs] [Times: user=0.29 sys=0.00, real=0.05 secs] 
48.206: Total time for which application threads were stopped: 0.0425020 seconds, Stopping threads took: 0.0001460 seconds
48.246: Application time: 0.0407260 seconds
48.247: [GC48.247: [ParNew: 122240K->122240K(122240K), 0.0000130 secs]48.247: [CMS48.419: [CMS-concurrent-preclean: 0.367/0.468 secs] [Times: user=2.42 sys=0.00, real=0.47 secs] 
 (concurrent mode failure): 267531K->135226K(273792K), 0.4766220 secs] 389771K->135226K(396032K), [CMS Perm : 9069K->9069K(21248K)], 0.4766880 secs] [Times: user=0.47 sys=0.00, real=0.47 secs] 
48.723: Total time for which application threads were stopped: 0.4768040 seconds, Stopping threads took: 0.0000450 seconds
48.768: Application time: 0.0449180 seconds
48.768: [GC48.768: [ParNew: 108672K->13568K(122240K), 0.0267560 secs] 243898K->167687K(396032K), 0.0268050 secs] [Times: user=0.18 sys=0.00, real=0.03 secs] 
48.795: Total time for which application threads were stopped: 0.0270070 seconds, Stopping threads took: 0.0001140 seconds
48.844: Application time: 0.0486900 seconds
48.844: [GC48.844: [ParNew: 122240K->13568K(122240K), 0.0341270 secs] 276359K->190693K(396032K), 0.0341740 secs] [Times: user=0.24 sys=0.00, real=0.04 secs] 
48.878: Total time for which application threads were stopped: 0.0344180 seconds, Stopping threads took: 0.0001510 seconds
48.878: Application time: 0.0000840 seconds
48.878: [GC [1 CMS-initial-mark: 177125K(273792K)] 191935K(396032K), 0.0122840 secs] [Times: user=0.01 sys=0.00, real=0.01 secs] 
48.891: Total time for which application threads were stopped: 0.0124120 seconds, Stopping threads took: 0.0000810 seconds
48.891: [CMS-concurrent-mark-start]
48.960: Application time: 0.0692100 seconds
48.960: [GC48.960: [ParNew: 122240K->13568K(122240K), 0.0271070 secs] 299365K->203941K(396032K), 0.0271620 secs] [Times: user=0.19 sys=0.00, real=0.03 secs] 
48.987: Total time for which application threads were stopped: 0.0273160 seconds, Stopping threads took: 0.0000830 seconds
49.060: Application time: 0.0723310 seconds
49.060: [GC49.060: [ParNew: 122240K->12241K(122240K), 0.0230140 secs] 312613K->213802K(396032K), 0.0230590 secs] [Times: user=0.16 sys=0.00, real=0.02 secs] 
49.083: Total time for which application threads were stopped: 0.0232140 seconds, Stopping threads took: 0.0000890 seconds
49.143: Application time: 0.0597630 seconds
49.143: [GC49.143: [ParNew: 120913K->13568K(122240K), 0.0210990 secs] 322474K->223869K(396032K), 0.0211470 secs] [Times: user=0.15 sys=0.00, real=0.02 secs] 
49.164: Total time for which application threads were stopped: 0.0212780 seconds, Stopping threads took: 0.0000600 seconds
49.205: Application time: 0.0411170 seconds
49.205: [GC49.205: [ParNew: 122240K->13568K(122240K), 0.0371340 secs] 332541K->251887K(396032K), 0.0371820 secs] [Times: user=0.26 sys=0.00, real=0.03 secs] 
49.242: Total time for which application threads were stopped: 0.0373330 seconds, Stopping threads took: 0.0000790 seconds
49.286: Application time: 0.0438270 seconds
49.286: [GC49.286: [ParNew: 122240K->122240K(122240K), 0.0000130 secs]49.286: [CMS49.321: [CMS-concurrent-mark: 0.316/0.431 secs] [Times: user=3.12 sys=0.01, real=0.43 secs] 
 (concurrent mode failure): 238319K->121360K(273792K), 0.2900080 secs] 360559K->121360K(396032K), [CMS Perm : 9071K->9071K(21248K)], 0.2900770 secs] [Times: user=0.33 sys=0.00, real=0.29 secs] 
49.576: Total time for which application threads were stopped: 0.2902580 seconds, Stopping threads took: 0.0001000 seconds
49.614: Application time: 0.0377440 seconds
49.614: [GC49.614: [ParNew: 108672K->13568K(122240K), 0.0255420 secs] 230032K->155747K(396032K), 0.0255910 secs] [Times: user=0.18 sys=0.00, real=0.02 secs] 
49.640: Total time for which application threads were stopped: 0.0257270 seconds, Stopping threads took: 0.0000640 seconds
49.692: Application time: 0.0522810 seconds
49.692: [GC49.692: [ParNew: 122240K->13568K(122240K), 0.0374140 secs] 264419K->181044K(396032K), 0.0374640 secs] [Times: user=0.26 sys=0.00, real=0.04 secs] 
49.730: Total time for which application threads were stopped: 0.0376040 seconds, Stopping threads took: 0.0000680 seconds
49.730: Application time: 0.0000720 seconds
49.730: [GC [1 CMS-initial-mark: 167476K(273792K)] 182222K(396032K), 0.0125170 secs] [Times: user=0.01 sys=0.00, real=0.01 secs] 
49.743: Total time for which application threads were stopped: 0.0126770 seconds, Stopping threads took: 0.0001120 seconds
49.743: [CMS-concurrent-mark-start]
49.804: Application time: 0.0618790 seconds
49.805: [GC49.805: [ParNew: 122240K->13568K(122240K), 0.0339910 secs] 289716K->201042K(396032K), 0.0340400 secs] [Times: user=0.24 sys=0.00, real=0.04 secs] 
49.839: Total time for which application threads were stopped: 0.0342410 seconds, Stopping threads took: 0.0001190 seconds
49.908: Application time: 0.0690430 seconds
49.908: [GC49.908: [ParNew: 122240K->13568K(122240K), 0.0259550 secs] 309714K->214667K(396032K), 0.0260020 secs] [Times: user=0.19 sys=0.00, real=0.03 secs] 
49.934: Total time for which application threads were stopped: 0.0261470 seconds, Stopping threads took: 0.0000750 seconds
49.994: Application time: 0.0596420 seconds
49.994: [GC49.994: [ParNew: 122240K->13568K(122240K), 0.0302800 secs] 323339K->231130K(396032K), 0.0303290 secs] [Times: user=0.22 sys=0.00, real=0.02 secs] 
50.024: Total time for which application threads were stopped: 0.0304800 seconds, Stopping threads took: 0.0000830 seconds
50.075: [CMS-concurrent-mark: 0.228/0.333 secs] [Times: user=2.55 sys=0.00, real=0.34 secs] 
50.075: [CMS-concurrent-preclean-start]
50.091: Application time: 0.0672040 seconds
50.091: [GC50.091: [ParNew: 122037K->13568K(122240K), 0.0260140 secs] 339600K->245249K(396032K), 0.0260600 secs] [Times: user=0.19 sys=0.00, real=0.03 secs] 
50.117: Total time for which application threads were stopped: 0.0262100 seconds, Stopping threads took: 0.0000810 seconds
50.174: Application time: 0.0561060 seconds
50.174: [GC50.174: [ParNew: 122240K->13568K(122240K), 0.0294860 secs] 353921K->262868K(396032K), 0.0295420 secs] [Times: user=0.21 sys=0.00, real=0.02 secs] 
50.203: Total time for which application threads were stopped: 0.0296860 seconds, Stopping threads took: 0.0000740 seconds
50.252: Application time: 0.0490830 seconds
50.252: [GC50.252: [ParNew: 122240K->13568K(122240K), 0.0326880 secs] 371540K->283944K(396032K), 0.0327370 secs] [Times: user=0.23 sys=0.00, real=0.04 secs] 
50.285: Total time for which application threads were stopped: 0.0329170 seconds, Stopping threads took: 0.0001070 seconds
50.328: Application time: 0.0426310 seconds
50.328: [GC50.328: [ParNew: 122240K->122240K(122240K), 0.0000140 secs]50.328: [CMS50.490: [CMS-concurrent-preclean: 0.323/0.414 secs] [Times: user=2.10 sys=0.01, real=0.41 secs] 
 (concurrent mode failure): 270376K->128718K(273792K), 0.4313090 secs] 392616K->128718K(396032K), [CMS Perm : 9072K->9072K(21248K)], 0.4313870 secs] [Times: user=0.43 sys=0.00, real=0.43 secs] 
50.759: Total time for which application threads were stopped: 0.4316260 seconds, Stopping threads took: 0.0001450 seconds
50.805: Application time: 0.0451530 seconds
50.805: [GC50.805: [ParNew: 108672K->13568K(122240K), 0.0287630 secs] 237390K->164434K(396032K), 0.0288060 secs] [Times: user=0.20 sys=0.00, real=0.04 secs] 
50.834: Total time for which application threads were stopped: 0.0289380 seconds, Stopping threads took: 0.0000650 seconds
50.876: Application time: 0.0427320 seconds
50.877: [GC50.877: [ParNew: 122240K->13568K(122240K), 0.0370120 secs] 273106K->190915K(396032K), 0.0370590 secs] [Times: user=0.25 sys=0.01, real=0.04 secs] 
50.914: Total time for which application threads were stopped: 0.0373020 seconds, Stopping threads took: 0.0001400 seconds
50.929: Application time: 0.0152060 seconds
50.929: [GC [1 CMS-initial-mark: 177347K(273792K)] 219698K(396032K), 0.0317380 secs] [Times: user=0.03 sys=0.00, real=0.03 secs] 
50.961: Total time for which application threads were stopped: 0.0319150 seconds, Stopping threads took: 0.0001230 seconds
50.961: [CMS-concurrent-mark-start]
51.006: Application time: 0.0447900 seconds
51.006: [GC51.006: [ParNew: 122240K->13568K(122240K), 0.0344850 secs] 299587K->211212K(396032K), 0.0345350 secs] [Times: user=0.24 sys=0.00, real=0.03 secs] 
51.040: Total time for which application threads were stopped: 0.0346920 seconds, Stopping threads took: 0.0000860 seconds
51.106: Application time: 0.0659290 seconds
51.106: [GC51.106: [ParNew: 122240K->13568K(122240K), 0.0289790 secs] 319884K->226602K(396032K), 0.0290260 secs] [Times: user=0.20 sys=0.00, real=0.03 secs] 
51.135: Total time for which application threads were stopped: 0.0291610 seconds, Stopping threads took: 0.0000670 seconds
51.201: Application time: 0.0653580 seconds
51.201: [GC51.201: [ParNew: 122240K->13163K(122240K), 0.0239930 secs] 335274K->238436K(396032K), 0.0240380 secs] [Times: user=0.17 sys=0.00, real=0.03 secs] 
51.225: Total time for which application threads were stopped: 0.0241750 seconds, Stopping threads took: 0.0000600 seconds
51.281: Application time: 0.0565680 seconds
51.282: [GC51.282: [ParNew: 121835K->13568K(122240K), 0.0240570 secs] 347108K->251097K(396032K), 0.0241050 secs] [Times: user=0.17 sys=0.00, real=0.03 secs] 
51.306: Total time for which application threads were stopped: 0.0242500 seconds, Stopping threads took: 0.0000750 seconds
51.359: Application time: 0.0529760 seconds
51.359: [GC51.359: [ParNew: 122240K->13568K(122240K), 0.0344870 secs] 359769K->274450K(396032K), 0.0345310 secs] [Times: user=0.23 sys=0.00, real=0.04 secs] 
51.393: Total time for which application threads were stopped: 0.0346760 seconds, Stopping threads took: 0.0000760 seconds
51.447: Application time: 0.0536380 seconds
51.447: [GC51.447: [ParNew: 122240K->122240K(122240K), 0.0000130 secs]51.447: [CMS51.463: [CMS-concurrent-mark: 0.348/0.502 secs] [Times: user=3.77 sys=0.00, real=0.50 secs] 
 (concurrent mode failure): 260882K->130303K(273792K), 0.3119760 secs] 383122K->130303K(396032K), [CMS Perm : 9074K->9074K(21248K)], 0.3120430 secs] [Times: user=0.33 sys=0.00, real=0.31 secs] 
51.759: Total time for which application threads were stopped: 0.3122230 seconds, Stopping threads took: 0.0000980 seconds
51.801: Application time: 0.0421370 seconds
51.802: [GC51.802: [ParNew: 108672K->13568K(122240K), 0.0261000 secs] 238975K->164254K(396032K), 0.0261500 secs] [Times: user=0.18 sys=0.00, real=0.03 secs] 
51.828: Total time for which application threads were stopped: 0.0263600 seconds, Stopping threads took: 0.0001290 seconds
51.875: Application time: 0.0476940 seconds
51.876: [GC51.876: [ParNew: 122240K->13568K(122240K), 0.0354200 secs] 272926K->188904K(396032K), 0.0354680 secs] [Times: user=0.24 sys=0.00, real=0.03 secs] 
51.911: Total time for which application threads were stopped: 0.0357090 seconds, Stopping threads took: 0.0001700 seconds
51.911: Application time: 0.0000680 seconds
51.911: [GC [1 CMS-initial-mark: 175336K(273792K)] 189863K(396032K), 0.0108830 secs] [Times: user=0.01 sys=0.00, real=0.01 secs] 
51.922: Total time for which application threads were stopped: 0.0109860 seconds, Stopping threads took: 0.0000580 seconds
51.922: [CMS-concurrent-mark-start]
51.996: Application time: 0.0741370 seconds
51.996: [GC51.996: [ParNew: 122240K->13568K(122240K), 0.0276960 secs] 297576K->202838K(396032K), 0.0277450 secs] [Times: user=0.20 sys=0.00, real=0.02 secs] 
52.024: Total time for which application threads were stopped: 0.0279010 seconds, Stopping threads took: 0.0000770 seconds
52.080: Application time: 0.0556750 seconds
52.080: [GC52.080: [ParNew: 122240K->13568K(122240K), 0.0298940 secs] 311510K->219719K(396032K), 0.0299420 secs] [Times: user=0.21 sys=0.00, real=0.03 secs] 
52.110: Total time for which application threads were stopped: 0.0301040 seconds, Stopping threads took: 0.0000930 seconds
52.172: Application time: 0.0618540 seconds
52.172: [GC52.172: [ParNew: 122240K->13568K(122240K), 0.0325920 secs] 328391K->240090K(396032K), 0.0326430 secs] [Times: user=0.23 sys=0.00, real=0.03 secs] 
52.205: Total time for which application threads were stopped: 0.0327790 seconds, Stopping threads took: 0.0000640 seconds
52.261: Application time: 0.0565750 seconds
52.261: [GC52.261: [ParNew: 122240K->13568K(122240K), 0.0318060 secs] 348762K->259720K(396032K), 0.0318540 secs] [Times: user=0.22 sys=0.00, real=0.04 secs] 
52.293: Total time for which application threads were stopped: 0.0320140 seconds, Stopping threads took: 0.0000920 seconds
52.341: [CMS-concurrent-mark: 0.293/0.419 secs] [Times: user=3.22 sys=0.00, real=0.42 secs] 
52.341: [CMS-concurrent-preclean-start]
52.357: Application time: 0.0633970 seconds
52.357: [GC52.357: [ParNew: 122240K->13568K(122240K), 0.0298210 secs] 368392K->277233K(396032K), 0.0298670 secs] [Times: user=0.21 sys=0.00, real=0.03 secs] 
52.387: Total time for which application threads were stopped: 0.0300020 seconds, Stopping threads took: 0.0000670 seconds
52.434: Application time: 0.0478420 seconds
52.435: [GC52.435: [ParNew: 122240K->122240K(122240K), 0.0000160 secs]52.435: [CMS52.589: [CMS-concurrent-preclean: 0.216/0.248 secs] [Times: user=0.87 sys=0.00, real=0.25 secs] 
 (concurrent mode failure): 263665K->127781K(273792K), 0.4254740 secs] 385905K->127781K(396032K), [CMS Perm : 9075K->9075K(21248K)], 0.4255460 secs] [Times: user=0.43 sys=0.00, real=0.42 secs] 
52.860: Total time for which application threads were stopped: 0.4256780 seconds, Stopping threads took: 0.0000620 seconds
52.903: Application time: 0.0428930 seconds
52.903: [GC52.903: [ParNew: 108672K->13568K(122240K), 0.0225080 secs] 236453K->157366K(396032K), 0.0225560 secs] [Times: user=0.16 sys=0.00, real=0.03 secs] 
52.926: Total time for which application threads were stopped: 0.0227090 seconds, Stopping threads took: 0.0000720 seconds
52.975: Application time: 0.0493780 seconds
52.975: [GC52.975: [ParNew: 122240K->13568K(122240K), 0.0320770 secs] 266038K->179182K(396032K), 0.0321230 secs] [Times: user=0.22 sys=0.00, real=0.03 secs] 
53.007: Total time for which application threads were stopped: 0.0322860 seconds, Stopping threads took: 0.0000860 seconds
53.017: Application time: 0.0094010 seconds
53.017: [GC [1 CMS-initial-mark: 165614K(273792K)] 198613K(396032K), 0.0231340 secs] [Times: user=0.02 sys=0.00, real=0.02 secs] 
53.040: Total time for which application threads were stopped: 0.0234140 seconds, Stopping threads took: 0.0002270 seconds
53.040: [CMS-concurrent-mark-start]
53.090: Application time: 0.0500120 seconds
53.090: [GC53.090: [ParNew: 122240K->13568K(122240K), 0.0338610 secs] 287854K->200102K(396032K), 0.0339140 secs] [Times: user=0.23 sys=0.00, real=0.03 secs] 
53.124: Total time for which application threads were stopped: 0.0340730 seconds, Stopping threads took: 0.0000880 seconds
53.181: Application time: 0.0563870 seconds
53.181: [GC53.181: [ParNew: 122240K->13568K(122240K), 0.0363780 secs] 308774K->224955K(396032K), 0.0364270 secs] [Times: user=0.25 sys=0.00, real=0.04 secs] 
53.217: Total time for which application threads were stopped: 0.0365730 seconds, Stopping threads took: 0.0000740 seconds
53.273: Application time: 0.0553490 seconds
53.273: [GC53.273: [ParNew: 122240K->13568K(122240K), 0.0280750 secs] 333627K->240316K(396032K), 0.0281200 secs] [Times: user=0.20 sys=0.00, real=0.02 secs] 
53.301: Total time for which application threads were stopped: 0.0282770 seconds, Stopping threads took: 0.0000790 seconds
53.355: Application time: 0.0539800 seconds
53.355: [GC53.355: [ParNew: 122240K->13567K(122240K), 0.0366640 secs] 348988K->265970K(396032K), 0.0367080 secs] [Times: user=0.25 sys=0.00, real=0.03 secs] 
53.392: Total time for which application threads were stopped: 0.0368590 seconds, Stopping threads took: 0.0000820 seconds
53.466: Application time: 0.0739320 seconds
53.466: [GC53.466: [ParNew: 122239K->122239K(122240K), 0.0000140 secs]53.466: [CMS53.470: [CMS-concurrent-mark: 0.292/0.430 secs] [Times: user=3.24 sys=0.02, real=0.43 secs] 
 (concurrent mode failure): 252403K->126502K(273792K), 0.3073020 secs] 374642K->126502K(396032K), [CMS Perm : 9075K->9075K(21248K)], 0.3073730 secs] [Times: user=0.31 sys=0.00, real=0.31 secs] 
53.773: Total time for which application threads were stopped: 0.3075300 seconds, Stopping threads took: 0.0000780 seconds
53.824: Application time: 0.0510170 seconds
53.824: [GC53.824: [ParNew: 108672K->13567K(122240K), 0.0130680 secs] 235174K->144304K(396032K), 0.0131130 secs] [Times: user=0.10 sys=0.00, real=0.02 secs] 
53.838: Total time for which application threads were stopped: 0.0132510 seconds, Stopping threads took: 0.0000720 seconds
53.884: Application time: 0.0464920 seconds
53.884: [GC53.884: [ParNew: 122239K->13567K(122240K), 0.0333490 secs] 252976K->173008K(396032K), 0.0334020 secs] [Times: user=0.23 sys=0.00, real=0.04 secs] 
53.918: Total time for which application threads were stopped: 0.0336280 seconds, Stopping threads took: 0.0001520 seconds
53.925: Application time: 0.0072410 seconds
53.925: [GC [1 CMS-initial-mark: 159441K(273792K)] 191882K(396032K), 0.0191260 secs] [Times: user=0.02 sys=0.00, real=0.01 secs] 
53.944: Total time for which application threads were stopped: 0.0192750 seconds, Stopping threads took: 0.0000970 seconds
53.944: [CMS-concurrent-mark-start]
53.993: Application time: 0.0486330 seconds
53.993: [GC53.993: [ParNew: 122239K->13568K(122240K), 0.0345340 secs] 281680K->196310K(396032K), 0.0345820 secs] [Times: user=0.24 sys=0.01, real=0.03 secs] 
54.028: Total time for which application threads were stopped: 0.0347300 seconds, Stopping threads took: 0.0000670 seconds
54.081: Application time: 0.0539150 seconds
54.082: [GC54.082: [ParNew: 122240K->13568K(122240K), 0.0406140 secs] 304982K->224669K(396032K), 0.0406640 secs] [Times: user=0.28 sys=0.00, real=0.04 secs] 
54.122: Total time for which application threads were stopped: 0.0408550 seconds, Stopping threads took: 0.0001200 seconds
54.175: Application time: 0.0530880 seconds
54.175: [GC54.176: [ParNew: 122240K->13568K(122240K), 0.0413030 secs] 333341K->252996K(396032K), 0.0413600 secs] [Times: user=0.29 sys=0.00, real=0.04 secs] 
54.217: Total time for which application threads were stopped: 0.0414840 seconds, Stopping threads took: 0.0000580 seconds
54.274: Application time: 0.0573490 seconds
54.274: [GC54.274: [ParNew: 122240K->122240K(122240K), 0.0000160 secs]54.274: [CMS54.287: [CMS-concurrent-mark: 0.223/0.342 secs] [Times: user=2.51 sys=0.02, real=0.35 secs] 
 (concurrent mode failure): 239428K->149591K(273792K), 0.3287360 secs] 361668K->149591K(396032K), [CMS Perm : 9076K->9076K(21248K)], 0.3288070 secs] [Times: user=0.34 sys=0.00, real=0.32 secs] 
54.603: Total time for which application threads were stopped: 0.3289550 seconds, Stopping threads took: 0.0000780 seconds
54.662: Application time: 0.0589490 seconds
54.662: [GC54.662: [ParNew: 108672K->13568K(122240K), 0.0130250 secs] 258263K->163399K(396032K), 0.0130690 secs] [Times: user=0.11 sys=0.00, real=0.02 secs] 
54.675: Total time for which application threads were stopped: 0.0132960 seconds, Stopping threads took: 0.0001300 seconds
54.725: Application time: 0.0500180 seconds
54.726: [GC54.726: [ParNew: 122240K->13568K(122240K), 0.0281210 secs] 272071K->183954K(396032K), 0.0281710 secs] [Times: user=0.19 sys=0.00, real=0.03 secs] 
54.754: Total time for which application threads were stopped: 0.0284470 seconds, Stopping threads took: 0.0001840 seconds
54.769: Application time: 0.0149150 seconds
54.773: [GC [1 CMS-initial-mark: 170386K(273792K)] 211445K(396032K), 0.0331590 secs] [Times: user=0.04 sys=0.00, real=0.03 secs] 
54.806: Total time for which application threads were stopped: 0.0373490 seconds, Stopping threads took: 0.0041200 seconds
54.806: [CMS-concurrent-mark-start]
54.864: Application time: 0.0581860 seconds
54.865: [GC54.865: [ParNew: 122240K->13568K(122240K), 0.0269740 secs] 292626K->197140K(396032K), 0.0270210 secs] [Times: user=0.19 sys=0.00, real=0.03 secs] 
54.892: Total time for which application threads were stopped: 0.0272240 seconds, Stopping threads took: 0.0001150 seconds
54.949: Application time: 0.0578890 seconds
54.950: [GC54.950: [ParNew: 122240K->13568K(122240K), 0.0304550 secs] 305812K->216446K(396032K), 0.0305040 secs] [Times: user=0.21 sys=0.00, real=0.03 secs] 
54.980: Total time for which application threads were stopped: 0.0306690 seconds, Stopping threads took: 0.0000930 seconds
55.025: Application time: 0.0451890 seconds
55.025: [GC55.025: [ParNew: 122240K->13568K(122240K), 0.0392400 secs] 325118K->247220K(396032K), 0.0392840 secs] [Times: user=0.27 sys=0.00, real=0.03 secs] 
55.065: Total time for which application threads were stopped: 0.0393990 seconds, Stopping threads took: 0.0000470 seconds
55.115: Application time: 0.0503990 seconds
55.115: [GC55.115: [ParNew: 122240K->13568K(122240K), 0.0388010 secs] 355892K->275016K(396032K), 0.0388480 secs] [Times: user=0.27 sys=0.00, real=0.04 secs] 
55.154: Total time for which application threads were stopped: 0.0390290 seconds, Stopping threads took: 0.0001100 seconds
55.161: [CMS-concurrent-mark: 0.218/0.354 secs] [Times: user=2.64 sys=0.00, real=0.35 secs] 
55.161: [CMS-concurrent-preclean-start]
55.202: Application time: 0.0473180 seconds
55.205: [GC55.205: [ParNew: 122240K->122240K(122240K), 0.0000160 secs]55.205: [CMS55.365: [CMS-concurrent-preclean: 0.199/0.204 secs] [Times: user=0.48 sys=0.00, real=0.21 secs] 
 (concurrent mode failure): 261448K->150692K(273792K), 0.4757650 secs] 383688K->150692K(396032K), [CMS Perm : 9076K->9076K(21248K)], 0.4758380 secs] [Times: user=0.48 sys=0.00, real=0.47 secs] 
55.681: Total time for which application threads were stopped: 0.4792730 seconds, Stopping threads took: 0.0033410 seconds
55.729: Application time: 0.0482510 seconds
55.729: [GC55.729: [ParNew: 108672K->13568K(122240K), 0.0186850 secs] 259364K->173932K(396032K), 0.0187330 secs] [Times: user=0.14 sys=0.00, real=0.02 secs] 
55.748: Total time for which application threads were stopped: 0.0189070 seconds, Stopping threads took: 0.0000910 seconds
55.805: Application time: 0.0567770 seconds
55.805: [GC55.806: [ParNew: 122240K->13568K(122240K), 0.0280350 secs] 282604K->191186K(396032K), 0.0296130 secs] [Times: user=0.20 sys=0.00, real=0.03 secs] 
55.835: Total time for which application threads were stopped: 0.0298080 seconds, Stopping threads took: 0.0001200 seconds
55.835: Application time: 0.0001220 seconds
55.835: [GC [1 CMS-initial-mark: 177618K(273792K)] 192937K(396032K), 0.0110870 secs] [Times: user=0.01 sys=0.00, real=0.01 secs] 
55.846: Total time for which application threads were stopped: 0.0112060 seconds, Stopping threads took: 0.0000740 seconds
55.846: [CMS-concurrent-mark-start]
55.923: Application time: 0.0767160 seconds
55.923: [GC55.923: [ParNew: 122240K->12954K(122240K), 0.0251190 secs] 299858K->202416K(396032K), 0.0251660 secs] [Times: user=0.19 sys=0.00, real=0.03 secs] 
55.948: Total time for which application threads were stopped: 0.0253000 seconds, Stopping threads took: 0.0000660 seconds
56.018: Application time: 0.0703680 seconds
56.018: [GC56.018: [ParNew: 121626K->10735K(122240K), 0.0198050 secs] 311088K->208105K(396032K), 0.0198490 secs] [Times: user=0.15 sys=0.00, real=0.02 secs] 
56.038: Total time for which application threads were stopped: 0.0199950 seconds, Stopping threads took: 0.0000780 seconds
56.084: [CMS-concurrent-mark: 0.192/0.238 secs] [Times: user=1.85 sys=0.00, real=0.23 secs] 
56.084: [CMS-concurrent-preclean-start]
56.091: Application time: 0.0530730 seconds
56.091: [GC56.091: [ParNew: 119335K->13568K(122240K), 0.0290310 secs] 316705K->229656K(396032K), 0.0290800 secs] [Times: user=0.21 sys=0.00, real=0.03 secs] 
56.121: Total time for which application threads were stopped: 0.0292330 seconds, Stopping threads took: 0.0000800 seconds
56.160: Application time: 0.0397170 seconds
56.160: [GC56.160: [ParNew: 122240K->13568K(122240K), 0.0394500 secs] 338328K->262528K(396032K), 0.0394990 secs] [Times: user=0.27 sys=0.00, real=0.04 secs] 
56.200: Total time for which application threads were stopped: 0.0396310 seconds, Stopping threads took: 0.0000590 seconds
56.252: Application time: 0.0520760 seconds
56.252: [GC56.252: [ParNew: 122240K->122240K(122240K), 0.0000150 secs]56.252: [CMS56.387: [CMS-concurrent-preclean: 0.232/0.303 secs] [Times: user=1.41 sys=0.00, real=0.31 secs] 
 (concurrent mode failure): 248960K->133645K(273792K), 0.4202880 secs] 371200K->133645K(396032K), [CMS Perm : 9077K->9077K(21248K)], 0.4203590 secs] [Times: user=0.42 sys=0.00, real=0.42 secs] 
56.673: Total time for which application threads were stopped: 0.4205390 seconds, Stopping threads took: 0.0000960 seconds
56.714: Application time: 0.0410620 seconds
56.714: [GC56.714: [ParNew: 108672K->13568K(122240K), 0.0190140 secs] 242317K->160819K(396032K), 0.0190630 secs] [Times: user=0.13 sys=0.00, real=0.02 secs] 
56.733: Total time for which application threads were stopped: 0.0192800 seconds, Stopping threads took: 0.0001480 seconds
56.773: Application time: 0.0401670 seconds
56.773: [GC56.773: [ParNew: 122240K->13568K(122240K), 0.0374270 secs] 269491K->194006K(396032K), 0.0374760 secs] [Times: user=0.24 sys=0.01, real=0.03 secs] 
56.811: Total time for which application threads were stopped: 0.0377190 seconds, Stopping threads took: 0.0001370 seconds
56.833: Application time: 0.0220500 seconds
56.833: [GC [1 CMS-initial-mark: 180438K(273792K)] 244414K(396032K), 0.0427120 secs] [Times: user=0.04 sys=0.00, real=0.04 secs] 
56.876: Total time for which application threads were stopped: 0.0428740 seconds, Stopping threads took: 0.0001110 seconds
56.876: [CMS-concurrent-mark-start]
56.914: Application time: 0.0383280 seconds
56.914: [GC56.914: [ParNew: 122240K->13568K(122240K), 0.0383520 secs] 302678K->217104K(396032K), 0.0383980 secs] [Times: user=0.27 sys=0.00, real=0.03 secs] 
56.953: Total time for which application threads were stopped: 0.0385380 seconds, Stopping threads took: 0.0000690 seconds
57.024: Application time: 0.0711290 seconds
57.024: [GC57.024: [ParNew: 122240K->13563K(122240K), 0.0254810 secs] 325776K->230201K(396032K), 0.0255290 secs] [Times: user=0.18 sys=0.00, real=0.03 secs] 
57.049: Total time for which application threads were stopped: 0.0256990 seconds, Stopping threads took: 0.0001030 seconds
57.128: Application time: 0.0782150 seconds
57.128: [GC57.128: [ParNew: 122235K->12647K(122240K), 0.0204730 secs] 338873K->236597K(396032K), 0.0205300 secs] [Times: user=0.15 sys=0.00, real=0.02 secs] 
57.148: Total time for which application threads were stopped: 0.0206830 seconds, Stopping threads took: 0.0000890 seconds
57.192: [CMS-concurrent-mark: 0.230/0.316 secs] [Times: user=2.44 sys=0.00, real=0.31 secs] 
57.192: [CMS-concurrent-preclean-start]
57.213: Application time: 0.0644800 seconds
57.213: [GC57.213: [ParNew: 121319K->13568K(122240K), 0.0224500 secs] 345269K->247932K(396032K), 0.0224980 secs] [Times: user=0.16 sys=0.00, real=0.02 secs] 
57.235: Total time for which application threads were stopped: 0.0226210 seconds, Stopping threads took: 0.0000480 seconds
57.281: Application time: 0.0456150 seconds
57.281: [GC57.281: [ParNew: 122240K->13568K(122240K), 0.0380470 secs] 356604K->275370K(396032K), 0.0380940 secs] [Times: user=0.26 sys=0.00, real=0.04 secs] 
57.319: Total time for which application threads were stopped: 0.0382550 seconds, Stopping threads took: 0.0000770 seconds
57.359: Application time: 0.0401670 seconds
57.360: [GC57.360: [ParNew: 122240K->122240K(122240K), 0.0000130 secs]57.360: [CMS57.510: [CMS-concurrent-preclean: 0.255/0.318 secs] [Times: user=1.44 sys=0.00, real=0.32 secs] 
 (concurrent mode failure): 261802K->126451K(273792K), 0.4164460 secs] 384042K->126451K(396032K), [CMS Perm : 9079K->9079K(21248K)], 0.4165150 secs] [Times: user=0.42 sys=0.00, real=0.42 secs] 
57.776: Total time for which application threads were stopped: 0.4166760 seconds, Stopping threads took: 0.0000940 seconds
57.822: Application time: 0.0457930 seconds
57.822: [GC57.822: [ParNew: 108672K->13568K(122240K), 0.0271470 secs] 235123K->159502K(396032K), 0.0271960 secs] [Times: user=0.19 sys=0.00, real=0.03 secs] 
57.849: Total time for which application threads were stopped: 0.0273800 seconds, Stopping threads took: 0.0001060 seconds
57.892: Application time: 0.0425620 seconds
57.892: [GC57.892: [ParNew: 122240K->13568K(122240K), 0.0378900 secs] 268174K->188523K(396032K), 0.0379400 secs] [Times: user=0.25 sys=0.00, real=0.04 secs] 
57.930: Total time for which application threads were stopped: 0.0381370 seconds, Stopping threads took: 0.0001300 seconds
57.930: Application time: 0.0000840 seconds
57.930: [GC [1 CMS-initial-mark: 174955K(273792K)] 189650K(396032K), 0.0116300 secs] [Times: user=0.01 sys=0.00, real=0.01 secs] 
57.942: Total time for which application threads were stopped: 0.0117480 seconds, Stopping threads took: 0.0000750 seconds
57.942: [CMS-concurrent-mark-start]
58.005: Application time: 0.0632360 seconds
58.005: [GC58.005: [ParNew: 122137K->13568K(122240K), 0.0320160 secs] 297093K->208528K(396032K), 0.0320620 secs] [Times: user=0.22 sys=0.00, real=0.03 secs] 
58.037: Total time for which application threads were stopped: 0.0321900 seconds, Stopping threads took: 0.0000590 seconds
58.102: Application time: 0.0651250 seconds
58.103: [GC58.103: [ParNew: 122240K->13568K(122240K), 0.0374180 secs] 317200K->230777K(396032K), 0.0374660 secs] [Times: user=0.27 sys=0.00, real=0.04 secs] 
58.140: Total time for which application threads were stopped: 0.0376290 seconds, Stopping threads took: 0.0000930 seconds
58.213: [CMS-concurrent-mark: 0.201/0.271 secs] [Times: user=2.08 sys=0.00, real=0.28 secs] 
58.213: [CMS-concurrent-preclean-start]
58.217: Application time: 0.0770820 seconds
58.221: [GC58.221: [ParNew: 122240K->13422K(122240K), 0.0246490 secs] 339449K->243149K(396032K), 0.0246970 secs] [Times: user=0.17 sys=0.00, real=0.03 secs] 
58.246: Total time for which application threads were stopped: 0.0284800 seconds, Stopping threads took: 0.0037180 seconds
58.300: Application time: 0.0547060 seconds
58.300: [GC58.300: [ParNew: 122094K->13568K(122240K), 0.0250180 secs] 351821K->256301K(396032K), 0.0250660 secs] [Times: user=0.18 sys=0.00, real=0.03 secs] 
58.326: Total time for which application threads were stopped: 0.0252030 seconds, Stopping threads took: 0.0000670 seconds
58.389: Application time: 0.0632780 seconds
58.389: [GC58.389: [ParNew: 122240K->13568K(122240K), 0.0268000 secs] 364973K->270682K(396032K), 0.0268600 secs] [Times: user=0.19 sys=0.00, real=0.03 secs] 
58.416: Total time for which application threads were stopped: 0.0270310 seconds, Stopping threads took: 0.0000890 seconds
58.457: Application time: 0.0415820 seconds
58.458: [GC58.458: [ParNew: 122240K->122240K(122240K), 0.0000150 secs]58.458: [CMS58.576: [CMS-concurrent-preclean: 0.280/0.363 secs] [Times: user=1.97 sys=0.01, real=0.36 secs] 
 (concurrent mode failure): 257114K->126052K(273792K), 0.3801520 secs] 379354K->126052K(396032K), [CMS Perm : 9079K->9079K(21248K)], 0.3802230 secs] [Times: user=0.38 sys=0.00, real=0.38 secs] 
58.838: Total time for which application threads were stopped: 0.3804010 seconds, Stopping threads took: 0.0001080 seconds
58.885: Application time: 0.0473380 seconds
58.885: [GC58.885: [ParNew: 108672K->13568K(122240K), 0.0287890 secs] 234724K->158779K(396032K), 0.0288380 secs] [Times: user=0.21 sys=0.00, real=0.03 secs] 
58.914: Total time for which application threads were stopped: 0.0289830 seconds, Stopping threads took: 0.0000740 seconds
58.957: Application time: 0.0427030 seconds
58.957: [GC58.957: [ParNew: 122240K->13568K(122240K), 0.0353040 secs] 267451K->184158K(396032K), 0.0353560 secs] [Times: user=0.24 sys=0.00, real=0.03 secs] 
58.992: Total time for which application threads were stopped: 0.0355520 seconds, Stopping threads took: 0.0001120 seconds
58.992: Application time: 0.0000440 seconds
58.993: [GC [1 CMS-initial-mark: 170590K(273792K)] 184425K(396032K), 0.0106370 secs] [Times: user=0.01 sys=0.00, real=0.01 secs] 
59.003: Total time for which application threads were stopped: 0.0107300 seconds, Stopping threads took: 0.0000490 seconds
59.003: [CMS-concurrent-mark-start]
59.056: Application time: 0.0528170 seconds
59.056: [GC59.056: [ParNew: 122240K->13568K(122240K), 0.0367840 secs] 292830K->208443K(396032K), 0.0368290 secs] [Times: user=0.25 sys=0.00, real=0.04 secs] 
59.093: Total time for which application threads were stopped: 0.0369900 seconds, Stopping threads took: 0.0000910 seconds
59.148: Application time: 0.0552460 seconds
59.148: [GC59.148: [ParNew: 122240K->13568K(122240K), 0.0327230 secs] 317115K->228824K(396032K), 0.0327700 secs] [Times: user=0.23 sys=0.00, real=0.03 secs] 
59.181: Total time for which application threads were stopped: 0.0329090 seconds, Stopping threads took: 0.0000700 seconds
59.245: Application time: 0.0643020 seconds
59.246: [GC59.246: [ParNew: 122240K->13568K(122240K), 0.0295660 secs] 337496K->245029K(396032K), 0.0296120 secs] [Times: user=0.21 sys=0.00, real=0.03 secs] 
59.275: Total time for which application threads were stopped: 0.0297340 seconds, Stopping threads took: 0.0000510 seconds
59.341: Application time: 0.0662470 seconds
59.342: [GC59.342: [ParNew: 122240K->13568K(122240K), 0.0272510 secs] 353701K->258649K(396032K), 0.0272990 secs] [Times: user=0.19 sys=0.00, real=0.03 secs] 
59.369: Total time for which application threads were stopped: 0.0274680 seconds, Stopping threads took: 0.0000980 seconds
59.426: Application time: 0.0568180 seconds
59.426: [GC59.426: [ParNew: 122240K->13568K(122240K), 0.0266420 secs] 367321K->273162K(396032K), 0.0266920 secs] [Times: user=0.19 sys=0.00, real=0.02 secs] 
59.453: Total time for which application threads were stopped: 0.0268320 seconds, Stopping threads took: 0.0000700 seconds
59.501: Application time: 0.0487550 seconds
59.501: [GC59.501: [ParNew: 122228K->122228K(122240K), 0.0000140 secs]59.502: [CMS59.507: [CMS-concurrent-mark: 0.342/0.504 secs] [Times: user=3.82 sys=0.01, real=0.51 secs] 
 (concurrent mode failure): 259594K->125615K(273792K), 0.2663550 secs] 381822K->125615K(396032K), [CMS Perm : 9081K->9081K(21248K)], 0.2664270 secs] [Times: user=0.27 sys=0.00, real=0.27 secs] 
59.768: Total time for which application threads were stopped: 0.2666030 seconds, Stopping threads took: 0.0000920 seconds
59.814: Application time: 0.0459250 seconds
59.814: [GC59.814: [ParNew: 108672K->13568K(122240K), 0.0259780 secs] 234287K->157256K(396032K), 0.0260340 secs] [Times: user=0.18 sys=0.00, real=0.02 secs] 
59.840: Total time for which application threads were stopped: 0.0262140 seconds, Stopping threads took: 0.0001100 seconds
59.892: Application time: 0.0518010 seconds
59.892: [GC59.892: [ParNew: 122240K->13568K(122240K), 0.0308410 secs] 265928K->176499K(396032K), 0.0308890 secs] [Times: user=0.21 sys=0.00, real=0.03 secs] 
59.923: Total time for which application threads were stopped: 0.0310560 seconds, Stopping threads took: 0.0000960 seconds
59.933: Application time: 0.0099500 seconds
59.934: [GC [1 CMS-initial-mark: 162931K(273792K)] 203438K(396032K), 0.0238640 secs] [Times: user=0.03 sys=0.00, real=0.02 secs] 
59.958: Total time for which application threads were stopped: 0.0251850 seconds, Stopping threads took: 0.0012680 seconds
59.958: [CMS-concurrent-mark-start]
59.999: Application time: 0.0408370 seconds
60.000: [GC60.000: [ParNew: 122240K->13568K(122240K), 0.0345990 secs] 285171K->200629K(396032K), 0.0346450 secs] [Times: user=0.23 sys=0.00, real=0.04 secs] 
60.035: Total time for which application threads were stopped: 0.0358250 seconds, Stopping threads took: 0.0010910 seconds
60.095: Application time: 0.0606880 seconds
60.096: [GC60.096: [ParNew: 122240K->13568K(122240K), 0.0337640 secs] 309301K->222407K(396032K), 0.0338100 secs] [Times: user=0.23 sys=0.00, real=0.03 secs] 
60.129: Total time for which application threads were stopped: 0.0339430 seconds, Stopping threads took: 0.0000520 seconds
60.185: Application time: 0.0553570 seconds
60.185: [GC60.185: [ParNew: 122240K->13568K(122240K), 0.0329590 secs] 331079K->243021K(396032K), 0.0330060 secs] [Times: user=0.23 sys=0.00, real=0.03 secs] 
60.218: Total time for which application threads were stopped: 0.0331560 seconds, Stopping threads took: 0.0000810 seconds
60.275: Application time: 0.0574000 seconds
60.275: [GC60.275: [ParNew: 122240K->13568K(122240K), 0.0313360 secs] 351693K->260941K(396032K), 0.0313840 secs] [Times: user=0.22 sys=0.00, real=0.03 secs] 
60.307: Total time for which application threads were stopped: 0.0315330 seconds, Stopping threads took: 0.0000790 seconds
60.363: Application time: 0.0557880 seconds
60.363: [GC60.363: [ParNew: 122240K->13568K(122240K), 0.0293710 secs] 369613K->278056K(396032K), 0.0294190 secs] [Times: user=0.21 sys=0.00, real=0.03 secs] 
60.392: Total time for which application threads were stopped: 0.0295750 seconds, Stopping threads took: 0.0000840 seconds
60.442: Application time: 0.0497730 seconds
60.442: [GC60.442: [ParNew: 122240K->122240K(122240K), 0.0000150 secs]60.442: [CMS60.460: [CMS-concurrent-mark: 0.323/0.502 secs] [Times: user=3.69 sys=0.03, real=0.50 secs] 
 (concurrent mode failure): 264488K->133021K(273792K), 0.2990660 secs] 386728K->133021K(396032K), [CMS Perm : 9083K->9083K(21248K)], 0.2991350 secs] [Times: user=0.32 sys=0.00, real=0.30 secs] 
60.741: Total time for which application threads were stopped: 0.2992670 seconds, Stopping threads took: 0.0000640 seconds
60.791: Application time: 0.0500160 seconds
60.791: [GC60.791: [ParNew: 108518K->13568K(122240K), 0.0290170 secs] 241540K->167663K(396032K), 0.0290790 secs] [Times: user=0.20 sys=0.01, real=0.03 secs] 
60.822: Total time for which application threads were stopped: 0.0308380 seconds, Stopping threads took: 0.0000990 seconds
60.877: Application time: 0.0552390 seconds
60.877: [GC60.878: [ParNew: 122240K->13568K(122240K), 0.0309470 secs] 276335K->183861K(396032K), 0.0309980 secs] [Times: user=0.22 sys=0.00, real=0.03 secs] 
60.909: Total time for which application threads were stopped: 0.0311760 seconds, Stopping threads took: 0.0001070 seconds
60.909: Application time: 0.0000440 seconds
60.909: [GC [1 CMS-initial-mark: 170293K(273792K)] 184763K(396032K), 0.0109510 secs] [Times: user=0.01 sys=0.00, real=0.01 secs] 
60.920: Total time for which application threads were stopped: 0.0110570 seconds, Stopping threads took: 0.0000630 seconds
60.920: [CMS-concurrent-mark-start]
60.980: Application time: 0.0607840 seconds
60.981: [GC60.981: [ParNew: 122240K->13568K(122240K), 0.0278360 secs] 292533K->199444K(396032K), 0.0278960 secs] [Times: user=0.19 sys=0.00, real=0.03 secs] 
61.008: Total time for which application threads were stopped: 0.0280750 seconds, Stopping threads took: 0.0001100 seconds
61.071: Application time: 0.0622640 seconds
61.071: [GC61.071: [ParNew: 122240K->13568K(122240K), 0.0309480 secs] 308116K->219363K(396032K), 0.0309950 secs] [Times: user=0.21 sys=0.00, real=0.03 secs] 
61.102: Total time for which application threads were stopped: 0.0311210 seconds, Stopping threads took: 0.0000550 seconds
61.161: Application time: 0.0591760 seconds
61.161: [GC61.161: [ParNew: 122240K->13568K(122240K), 0.0288960 secs] 328035K->236947K(396032K), 0.0289460 secs] [Times: user=0.21 sys=0.00, real=0.03 secs] 
61.190: Total time for which application threads were stopped: 0.0291010 seconds, Stopping threads took: 0.0000860 seconds
61.237: [CMS-concurrent-mark: 0.229/0.318 secs] [Times: user=2.44 sys=0.00, real=0.32 secs] 
61.237: [CMS-concurrent-preclean-start]
61.242: Application time: 0.0515290 seconds
61.242: [GC61.242: [ParNew: 122240K->13568K(122240K), 0.0422680 secs] 345619K->268467K(396032K), 0.0423200 secs] [Times: user=0.29 sys=0.00, real=0.04 secs] 
61.284: Total time for which application threads were stopped: 0.0424750 seconds, Stopping threads took: 0.0000830 seconds
61.342: Application time: 0.0580030 seconds
61.342: [GC61.342: [ParNew: 122240K->122240K(122240K), 0.0000160 secs]61.342: [CMS61.486: [CMS-concurrent-preclean: 0.204/0.248 secs] [Times: user=0.94 sys=0.00, real=0.25 secs] 
 (concurrent mode failure): 254899K->133806K(273792K), 0.4498800 secs] 377139K->133806K(396032K), [CMS Perm : 9084K->9084K(21248K)], 0.4499510 secs] [Times: user=0.45 sys=0.00, real=0.45 secs] 
61.792: Total time for which application threads were stopped: 0.4501150 seconds, Stopping threads took: 0.0000800 seconds
61.842: Application time: 0.0493830 seconds
61.842: [GC61.842: [ParNew: 108672K->13568K(122240K), 0.0176400 secs] 242478K->156491K(396032K), 0.0176880 secs] [Times: user=0.13 sys=0.00, real=0.02 secs] 
61.860: Total time for which application threads were stopped: 0.0178700 seconds, Stopping threads took: 0.0001140 seconds
61.898: Application time: 0.0383570 seconds
61.898: [GC61.898: [ParNew: 122230K->13568K(122240K), 0.0357400 secs] 265153K->189213K(396032K), 0.0357860 secs] [Times: user=0.24 sys=0.00, real=0.04 secs] 
61.934: Total time for which application threads were stopped: 0.0359680 seconds, Stopping threads took: 0.0000860 seconds
61.934: Application time: 0.0000520 seconds
61.934: [GC [1 CMS-initial-mark: 175645K(273792K)] 189553K(396032K), 0.0103820 secs] [Times: user=0.01 sys=0.00, real=0.00 secs] 
61.944: Total time for which application threads were stopped: 0.0104740 seconds, Stopping threads took: 0.0000490 seconds
61.944: [CMS-concurrent-mark-start]
62.007: Application time: 0.0625070 seconds
62.007: [GC62.007: [ParNew: 122240K->13568K(122240K), 0.0344550 secs] 297885K->210355K(396032K), 0.0345030 secs] [Times: user=0.25 sys=0.00, real=0.03 secs] 
62.042: Total time for which application threads were stopped: 0.0346500 seconds, Stopping threads took: 0.0000810 seconds
62.109: Application time: 0.0675580 seconds
62.109: [GC62.109: [ParNew: 122052K->13566K(122240K), 0.0329240 secs] 318840K->228353K(396032K), 0.0329730 secs] [Times: user=0.23 sys=0.00, real=0.03 secs] 
62.142: Total time for which application threads were stopped: 0.0331350 seconds, Stopping threads took: 0.0000920 seconds
62.195: [CMS-concurrent-mark: 0.182/0.250 secs] [Times: user=1.92 sys=0.00, real=0.26 secs] 
62.195: [CMS-concurrent-preclean-start]
62.208: Application time: 0.0656910 seconds
62.208: [GC62.208: [ParNew: 122238K->13566K(122240K), 0.0294350 secs] 337025K->245384K(396032K), 0.0294830 secs] [Times: user=0.20 sys=0.00, real=0.03 secs] 
62.238: Total time for which application threads were stopped: 0.0296320 seconds, Stopping threads took: 0.0000800 seconds
62.288: Application time: 0.0500050 seconds
62.288: [GC62.288: [ParNew: 122238K->13568K(122240K), 0.0342110 secs] 354056K->267492K(396032K), 0.0342690 secs] [Times: user=0.24 sys=0.00, real=0.03 secs] 
62.322: Total time for which application threads were stopped: 0.0345460 seconds, Stopping threads took: 0.0002030 seconds
62.375: Application time: 0.0533200 seconds
62.376: [GC62.376: [ParNew: 122240K->122240K(122240K), 0.0000130 secs]62.376: [CMS62.511: [CMS-concurrent-preclean: 0.250/0.316 secs] [Times: user=1.52 sys=0.00, real=0.31 secs] 
 (concurrent mode failure): 253924K->136394K(273792K), 0.4345150 secs] 376164K->136394K(396032K), [CMS Perm : 9087K->9087K(21248K)], 0.4345780 secs] [Times: user=0.43 sys=0.00, real=0.43 secs] 
62.810: Total time for which application threads were stopped: 0.4347340 seconds, Stopping threads took: 0.0000870 seconds
62.860: Application time: 0.0494700 seconds
62.860: [GC62.860: [ParNew: 108672K->13568K(122240K), 0.0145130 secs] 245066K->155808K(396032K), 0.0145600 secs] [Times: user=0.11 sys=0.00, real=0.02 secs] 
62.874: Total time for which application threads were stopped: 0.0147530 seconds, Stopping threads took: 0.0001150 seconds
62.925: Application time: 0.0506590 seconds
62.925: [GC62.925: [ParNew: 122240K->13568K(122240K), 0.0314240 secs] 264480K->179365K(396032K), 0.0314860 secs] [Times: user=0.22 sys=0.01, real=0.03 secs] 
62.957: Total time for which application threads were stopped: 0.0317370 seconds, Stopping threads took: 0.0001600 seconds
62.957: Application time: 0.0001270 seconds
62.957: [GC [1 CMS-initial-mark: 165797K(273792K)] 180820K(396032K), 0.0115940 secs] [Times: user=0.01 sys=0.00, real=0.01 secs] 
62.969: Total time for which application threads were stopped: 0.0116870 seconds, Stopping threads took: 0.0000530 seconds
62.969: [CMS-concurrent-mark-start]
63.031: Application time: 0.0621240 seconds
63.031: [GC63.031: [ParNew: 122240K->13568K(122240K), 0.0342230 secs] 288037K->200746K(396032K), 0.0342650 secs] [Times: user=0.23 sys=0.00, real=0.04 secs] 
63.065: Total time for which application threads were stopped: 0.0344280 seconds, Stopping threads took: 0.0000980 seconds
63.112: Application time: 0.0472240 seconds
63.113: [GC63.113: [ParNew: 122240K->13566K(122240K), 0.0367760 secs] 309418K->227270K(396032K), 0.0368240 secs] [Times: user=0.25 sys=0.00, real=0.04 secs] 
63.149: Total time for which application threads were stopped: 0.0369780 seconds, Stopping threads took: 0.0000810 seconds
63.216: Application time: 0.0668430 seconds
63.216: [GC63.216: [ParNew: 122238K->13566K(122240K), 0.0347720 secs] 335942K->248032K(396032K), 0.0348190 secs] [Times: user=0.25 sys=0.00, real=0.03 secs] 
63.251: Total time for which application threads were stopped: 0.0349640 seconds, Stopping threads took: 0.0000770 seconds
63.298: [CMS-concurrent-mark: 0.223/0.330 secs] [Times: user=2.51 sys=0.00, real=0.33 secs] 
63.298: [CMS-concurrent-preclean-start]
63.325: Application time: 0.0735850 seconds
63.325: [GC63.325: [ParNew: 122238K->13566K(122240K), 0.0249560 secs] 356704K->260881K(396032K), 0.0249990 secs] [Times: user=0.18 sys=0.00, real=0.02 secs] 
63.350: Total time for which application threads were stopped: 0.0250770 seconds, Stopping threads took: 0.0000120 seconds
63.393: Application time: 0.0429710 seconds
63.393: [GC63.393: [ParNew: 122238K->122238K(122240K), 0.0000150 secs]63.393: [CMS63.523: [CMS-concurrent-preclean: 0.198/0.224 secs] [Times: user=0.84 sys=0.00, real=0.22 secs] 
 (concurrent mode failure): 247314K->127080K(273792K), 0.3932800 secs] 369553K->127080K(396032K), [CMS Perm : 9087K->9087K(21248K)], 0.3933510 secs] [Times: user=0.39 sys=0.00, real=0.39 secs] 
63.786: Total time for which application threads were stopped: 0.3934890 seconds, Stopping threads took: 0.0000580 seconds
63.828: Application time: 0.0420280 seconds
63.829: [GC63.829: [ParNew: 108672K->13568K(122240K), 0.0283230 secs] 235752K->161307K(396032K), 0.0283710 secs] [Times: user=0.19 sys=0.01, real=0.03 secs] 
63.857: Total time for which application threads were stopped: 0.0285180 seconds, Stopping threads took: 0.0000770 seconds
63.909: Application time: 0.0521590 seconds
63.909: [GC63.909: [ParNew: 122240K->13568K(122240K), 0.0350400 secs] 269979K->183243K(396032K), 0.0350990 secs] [Times: user=0.25 sys=0.00, real=0.03 secs] 
63.944: Total time for which application threads were stopped: 0.0353720 seconds, Stopping threads took: 0.0001650 seconds
63.953: Application time: 0.0083910 seconds
63.953: [GC [1 CMS-initial-mark: 169675K(273792K)] 199819K(396032K), 0.0223960 secs] [Times: user=0.03 sys=0.00, real=0.02 secs] 
63.975: Total time for which application threads were stopped: 0.0226440 seconds, Stopping threads took: 0.0001980 seconds
63.976: [CMS-concurrent-mark-start]
64.041: Application time: 0.0654760 seconds
64.041: [GC64.041: [ParNew: 122240K->13426K(122240K), 0.0274860 secs] 291915K->196105K(396032K), 0.0275320 secs] [Times: user=0.19 sys=0.00, real=0.03 secs] 
64.069: Total time for which application threads were stopped: 0.0276650 seconds, Stopping threads took: 0.0000660 seconds
64.124: Application time: 0.0549930 seconds
64.124: [GC64.124: [ParNew: 122098K->13568K(122240K), 0.0274820 secs] 304777K->212967K(396032K), 0.0275300 secs] [Times: user=0.19 sys=0.00, real=0.03 secs] 
64.151: Total time for which application threads were stopped: 0.0276600 seconds, Stopping threads took: 0.0000630 seconds
64.209: Application time: 0.0572880 seconds
64.209: [GC64.209: [ParNew: 122240K->13568K(122240K), 0.0362380 secs] 321639K->238960K(396032K), 0.0362850 secs] [Times: user=0.25 sys=0.00, real=0.04 secs] 
64.245: Total time for which application threads were stopped: 0.0364210 seconds, Stopping threads took: 0.0000650 seconds
64.283: [CMS-concurrent-mark: 0.215/0.307 secs] [Times: user=2.34 sys=0.00, real=0.30 secs] 
64.283: [CMS-concurrent-preclean-start]
64.306: Application time: 0.0608330 seconds
64.306: [GC64.306: [ParNew: 122240K->13568K(122240K), 0.0339800 secs] 347632K->258922K(396032K), 0.0340270 secs] [Times: user=0.24 sys=0.00, real=0.03 secs] 
64.340: Total time for which application threads were stopped: 0.0341890 seconds, Stopping threads took: 0.0000950 seconds
64.398: Application time: 0.0575830 seconds
64.398: [GC64.398: [ParNew: 122240K->13568K(122240K), 0.0276980 secs] 367594K->274556K(396032K), 0.0277420 secs] [Times: user=0.19 sys=0.00, real=0.03 secs] 
64.425: Total time for which application threads were stopped: 0.0278830 seconds, Stopping threads took: 0.0000740 seconds
64.473: Application time: 0.0470630 seconds
64.473: [GC64.473: [ParNew: 122240K->122240K(122240K), 0.0000130 secs]64.473: [CMS64.619: [CMS-concurrent-preclean: 0.272/0.336 secs] [Times: user=1.61 sys=0.00, real=0.34 secs] 
 (concurrent mode failure): 260988K->123565K(273792K), 0.4082460 secs] 383228K->123565K(396032K), [CMS Perm : 9087K->9087K(21248K)], 0.4083100 secs] [Times: user=0.41 sys=0.00, real=0.41 secs] 
64.881: Total time for which application threads were stopped: 0.4084790 seconds, Stopping threads took: 0.0000890 seconds
64.919: Application time: 0.0378880 seconds
64.919: [GC64.919: [ParNew: 108672K->13568K(122240K), 0.0230130 secs] 232237K->155029K(396032K), 0.0230600 secs] [Times: user=0.16 sys=0.00, real=0.02 secs] 
64.942: Total time for which application threads were stopped: 0.0233070 seconds, Stopping threads took: 0.0001580 seconds
64.990: Application time: 0.0478610 seconds
64.990: [GC64.990: [ParNew: 122240K->13568K(122240K), 0.0390720 secs] 263701K->185343K(396032K), 0.0391200 secs] [Times: user=0.27 sys=0.00, real=0.04 secs] 
65.029: Total time for which application threads were stopped: 0.0393740 seconds, Stopping threads took: 0.0001530 seconds
65.030: Application time: 0.0000700 seconds
65.030: [GC [1 CMS-initial-mark: 171775K(273792K)] 186520K(396032K), 0.0114620 secs] [Times: user=0.01 sys=0.00, real=0.01 secs] 
65.041: Total time for which application threads were stopped: 0.0115660 seconds, Stopping threads took: 0.0000580 seconds
65.041: [CMS-concurrent-mark-start]
65.111: Application time: 0.0701380 seconds
65.111: [GC65.111: [ParNew: 122240K->13568K(122240K), 0.0283600 secs] 294015K->198910K(396032K), 0.0284160 secs] [Times: user=0.20 sys=0.00, real=0.03 secs] 
65.140: Total time for which application threads were stopped: 0.0285760 seconds, Stopping threads took: 0.0000920 seconds
65.208: Application time: 0.0684010 seconds
65.208: [GC65.208: [ParNew: 122240K->13568K(122240K), 0.0232940 secs] 307582K->210319K(396032K), 0.0233410 secs] [Times: user=0.16 sys=0.00, real=0.02 secs] 
65.232: Total time for which application threads were stopped: 0.0235150 seconds, Stopping threads took: 0.0001030 seconds
65.293: [CMS-concurrent-mark: 0.199/0.252 secs] [Times: user=1.94 sys=0.00, real=0.25 secs] 
65.293: [CMS-concurrent-preclean-start]
65.294: Application time: 0.0626380 seconds
65.295: [GC65.295: [ParNew: 122240K->13568K(122240K), 0.0304920 secs] 318991K->228762K(396032K), 0.0305350 secs] [Times: user=0.19 sys=0.03, real=0.03 secs] 
65.325: Total time for which application threads were stopped: 0.0306680 seconds, Stopping threads took: 0.0000680 seconds
65.375: Application time: 0.0495580 seconds
65.375: [GC65.375: [ParNew: 122240K->13568K(122240K), 0.0350090 secs] 337434K->251781K(396032K), 0.0350590 secs] [Times: user=0.24 sys=0.00, real=0.03 secs] 
65.410: Total time for which application threads were stopped: 0.0352200 seconds, Stopping threads took: 0.0000880 seconds
65.466: Application time: 0.0561400 seconds
65.466: [GC65.466: [ParNew: 122240K->13568K(122240K), 0.0346990 secs] 360453K->273430K(396032K), 0.0347470 secs] [Times: user=0.24 sys=0.00, real=0.03 secs] 
65.501: Total time for which application threads were stopped: 0.0348970 seconds, Stopping threads took: 0.0000780 seconds
65.549: Application time: 0.0484350 seconds
65.549: [GC65.549: [ParNew: 122240K->122240K(122240K), 0.0000150 secs]65.550: [CMS65.697: [CMS-concurrent-preclean: 0.301/0.404 secs] [Times: user=2.08 sys=0.03, real=0.41 secs] 
 (concurrent mode failure): 259862K->137654K(273792K), 0.4487810 secs] 382102K->137654K(396032K), [CMS Perm : 9088K->9088K(21248K)], 0.4488590 secs] [Times: user=0.45 sys=0.00, real=0.45 secs] 
65.998: Total time for which application threads were stopped: 0.4490400 seconds, Stopping threads took: 0.0000850 seconds
66.051: Application time: 0.0529110 seconds
66.051: [GC66.051: [ParNew: 108672K->13568K(122240K), 0.0196430 secs] 246326K->160664K(396032K), 0.0196920 secs] [Times: user=0.15 sys=0.00, real=0.02 secs] 
66.071: Total time for which application threads were stopped: 0.0198980 seconds, Stopping threads took: 0.0001240 seconds
66.115: Application time: 0.0433900 seconds
66.115: [GC66.115: [ParNew: 122144K->13568K(122240K), 0.0334620 secs] 269241K->187545K(396032K), 0.0335120 secs] [Times: user=0.23 sys=0.00, real=0.03 secs] 
66.148: Total time for which application threads were stopped: 0.0337630 seconds, Stopping threads took: 0.0001680 seconds
66.148: Application time: 0.0000970 seconds
66.149: [GC [1 CMS-initial-mark: 173977K(273792K)] 188998K(396032K), 0.0106120 secs] [Times: user=0.01 sys=0.00, real=0.01 secs] 
66.159: Total time for which application threads were stopped: 0.0107550 seconds, Stopping threads took: 0.0001000 seconds
66.159: [CMS-concurrent-mark-start]
66.219: Application time: 0.0595320 seconds
66.219: [GC66.219: [ParNew: 122240K->13568K(122240K), 0.0339810 secs] 296217K->209789K(396032K), 0.0340280 secs] [Times: user=0.24 sys=0.00, real=0.04 secs] 
66.253: Total time for which application threads were stopped: 0.0341970 seconds, Stopping threads took: 0.0000970 seconds
66.313: Application time: 0.0602650 seconds
66.313: [GC66.313: [ParNew: 122240K->13568K(122240K), 0.0335140 secs] 318461K->229430K(396032K), 0.0335630 secs] [Times: user=0.23 sys=0.00, real=0.03 secs] 
66.347: Total time for which application threads were stopped: 0.0337330 seconds, Stopping threads took: 0.0001000 seconds
66.416: Application time: 0.0686730 seconds
66.416: [GC66.416: [ParNew: 122240K->13568K(122240K), 0.0294700 secs] 338102K->245355K(396032K), 0.0295210 secs] [Times: user=0.21 sys=0.00, real=0.03 secs] 
66.445: Total time for which application threads were stopped: 0.0296730 seconds, Stopping threads took: 0.0000810 seconds
66.478: [CMS-concurrent-mark: 0.220/0.319 secs] [Times: user=2.45 sys=0.00, real=0.32 secs] 
66.478: [CMS-concurrent-preclean-start]
66.507: Application time: 0.0618000 seconds
66.507: [GC66.507: [ParNew: 122240K->13568K(122240K), 0.0265030 secs] 354027K->259431K(396032K), 0.0265510 secs] [Times: user=0.19 sys=0.00, real=0.03 secs] 
66.534: Total time for which application threads were stopped: 0.0267040 seconds, Stopping threads took: 0.0000820 seconds
66.580: Application time: 0.0459960 seconds
66.580: [GC66.580: [ParNew (promotion failed): 122240K->122240K(122240K), 0.0585700 secs]66.639: [CMS66.783: [CMS-concurrent-preclean: 0.218/0.305 secs] [Times: user=1.21 sys=0.00, real=0.30 secs] 
 (concurrent mode failure): 270613K->121166K(273792K), 0.4017660 secs] 368103K->121166K(396032K), [CMS Perm : 9088K->9088K(21248K)], 0.4604120 secs] [Times: user=0.68 sys=0.00, real=0.46 secs] 
67.040: Total time for which application threads were stopped: 0.4605690 seconds, Stopping threads took: 0.0000740 seconds
67.082: Application time: 0.0418980 seconds
67.082: [GC67.082: [ParNew: 108672K->13568K(122240K), 0.0253880 secs] 229838K->154183K(396032K), 0.0254360 secs] [Times: user=0.17 sys=0.00, real=0.03 secs] 
67.108: Total time for which application threads were stopped: 0.0256400 seconds, Stopping threads took: 0.0001190 seconds
67.163: Application time: 0.0547350 seconds
67.163: [GC67.163: [ParNew: 122240K->13568K(122240K), 0.0326410 secs] 262855K->174693K(396032K), 0.0326910 secs] [Times: user=0.23 sys=0.00, real=0.04 secs] 
67.195: Total time for which application threads were stopped: 0.0328480 seconds, Stopping threads took: 0.0000880 seconds
67.209: Application time: 0.0133480 seconds
67.209: [GC [1 CMS-initial-mark: 161125K(273792K)] 198677K(396032K), 0.0305050 secs] [Times: user=0.03 sys=0.00, real=0.03 secs] 
67.240: Total time for which application threads were stopped: 0.0306520 seconds, Stopping threads took: 0.0000950 seconds
67.240: [CMS-concurrent-mark-start]
67.282: Application time: 0.0428030 seconds
67.282: [GC67.282: [ParNew: 122240K->13568K(122240K), 0.0325010 secs] 283365K->194450K(396032K), 0.0325480 secs] [Times: user=0.22 sys=0.00, real=0.04 secs] 
67.315: Total time for which application threads were stopped: 0.0326910 seconds, Stopping threads took: 0.0000750 seconds
67.369: Application time: 0.0542030 seconds
67.370: [GC67.370: [ParNew: 122240K->13568K(122240K), 0.0344100 secs] 303122K->219319K(396032K), 0.0344730 secs] [Times: user=0.24 sys=0.00, real=0.04 secs] 
67.405: Total time for which application threads were stopped: 0.0356310 seconds, Stopping threads took: 0.0010860 seconds
67.462: Application time: 0.0574800 seconds
67.462: [GC67.462: [ParNew: 122240K->13568K(122240K), 0.0346280 secs] 327991K->239587K(396032K), 0.0346740 secs] [Times: user=0.24 sys=0.00, real=0.04 secs] 
67.497: Total time for which application threads were stopped: 0.0348120 seconds, Stopping threads took: 0.0000690 seconds
67.558: Application time: 0.0607640 seconds
67.558: [GC67.558: [ParNew: 122240K->13568K(122240K), 0.0291270 secs] 348259K->256195K(396032K), 0.0291760 secs] [Times: user=0.20 sys=0.00, real=0.03 secs] 
67.587: Total time for which application threads were stopped: 0.0293240 seconds, Stopping threads took: 0.0000780 seconds
67.652: Application time: 0.0648840 seconds
67.652: [GC67.652: [ParNew: 122240K->13568K(122240K), 0.0267410 secs] 364867K->271521K(396032K), 0.0267880 secs] [Times: user=0.19 sys=0.00, real=0.03 secs] 
67.679: Total time for which application threads were stopped: 0.0269290 seconds, Stopping threads took: 0.0000550 seconds
67.734: Application time: 0.0549480 seconds
67.734: [GC67.734: [ParNew: 122240K->122240K(122240K), 0.0000150 secs]67.734: [CMS67.737: [CMS-concurrent-mark: 0.334/0.497 secs] [Times: user=3.76 sys=0.02, real=0.50 secs] 
 (concurrent mode failure): 257953K->116196K(273792K), 0.2537600 secs] 380193K->116196K(396032K), [CMS Perm : 9089K->9089K(21248K)], 0.2538310 secs] [Times: user=0.26 sys=0.00, real=0.25 secs] 
67.988: Total time for which application threads were stopped: 0.2539690 seconds, Stopping threads took: 0.0000690 seconds
68.031: Application time: 0.0426400 seconds
68.031: [GC68.031: [ParNew: 108672K->13568K(122240K), 0.0246320 secs] 224868K->147934K(396032K), 0.0246920 secs] [Times: user=0.17 sys=0.00, real=0.03 secs] 
68.056: Total time for which application threads were stopped: 0.0250030 seconds, Stopping threads took: 0.0002180 seconds
68.103: Application time: 0.0472050 seconds
68.103: [GC68.103: [ParNew: 122240K->13568K(122240K), 0.0372520 secs] 256606K->176529K(396032K), 0.0373010 secs] [Times: user=0.26 sys=0.00, real=0.04 secs] 
68.140: Total time for which application threads were stopped: 0.0374960 seconds, Stopping threads took: 0.0001230 seconds
68.140: Application time: 0.0001200 seconds
68.141: [GC [1 CMS-initial-mark: 162961K(273792K)] 177877K(396032K), 0.0111290 secs] [Times: user=0.01 sys=0.00, real=0.01 secs] 
68.152: Total time for which application threads were stopped: 0.0112480 seconds, Stopping threads took: 0.0000760 seconds
68.152: [CMS-concurrent-mark-start]
68.217: Application time: 0.0649390 seconds
68.217: [GC68.217: [ParNew: 122240K->13568K(122240K), 0.0325380 secs] 285201K->195054K(396032K), 0.0325900 secs] [Times: user=0.22 sys=0.00, real=0.03 secs] 
68.249: Total time for which application threads were stopped: 0.0327470 seconds, Stopping threads took: 0.0000750 seconds
68.303: Application time: 0.0539140 seconds
68.303: [GC68.303: [ParNew: 122240K->13568K(122240K), 0.0362630 secs] 303726K->219657K(396032K), 0.0363130 secs] [Times: user=0.26 sys=0.00, real=0.04 secs] 
68.340: Total time for which application threads were stopped: 0.0364670 seconds, Stopping threads took: 0.0000740 seconds
68.399: Application time: 0.0592810 seconds
68.399: [GC68.399: [ParNew: 122240K->13568K(122240K), 0.0317790 secs] 328329K->239788K(396032K), 0.0318270 secs] [Times: user=0.22 sys=0.00, real=0.03 secs] 
68.431: Total time for which application threads were stopped: 0.0319800 seconds, Stopping threads took: 0.0000860 seconds
68.478: [CMS-concurrent-mark: 0.225/0.327 secs] [Times: user=2.48 sys=0.00, real=0.33 secs] 
68.478: [CMS-concurrent-preclean-start]
68.486: Application time: 0.0550940 seconds
68.486: [GC68.486: [ParNew: 122240K->13568K(122240K), 0.0364750 secs] 348460K->263943K(396032K), 0.0365240 secs] [Times: user=0.25 sys=0.00, real=0.03 secs] 
68.523: Total time for which application threads were stopped: 0.0366720 seconds, Stopping threads took: 0.0000780 seconds
68.591: Application time: 0.0682780 seconds
68.591: [GC68.591: [ParNew: 122240K->122240K(122240K), 0.0000160 secs]68.591: [CMS68.740: [CMS-concurrent-preclean: 0.223/0.262 secs] [Times: user=1.02 sys=0.00, real=0.26 secs] 
 (concurrent mode failure): 250375K->136682K(273792K), 0.4495620 secs] 372615K->136682K(396032K), [CMS Perm : 9089K->9089K(21248K)], 0.4496330 secs] [Times: user=0.45 sys=0.00, real=0.45 secs] 
69.041: Total time for which application threads were stopped: 0.4497990 seconds, Stopping threads took: 0.0000960 seconds
69.093: Application time: 0.0524900 seconds
69.093: [GC69.094: [ParNew: 108558K->13567K(122240K), 0.0127200 secs] 245240K->154094K(396032K), 0.0127660 secs] [Times: user=0.09 sys=0.01, real=0.01 secs] 
69.106: Total time for which application threads were stopped: 0.0129150 seconds, Stopping threads took: 0.0000680 seconds
69.161: Application time: 0.0551560 seconds
69.162: [GC69.162: [ParNew: 122239K->13567K(122240K), 0.0261630 secs] 262766K->171943K(396032K), 0.0262120 secs] [Times: user=0.19 sys=0.00, real=0.03 secs] 
69.188: Total time for which application threads were stopped: 0.0263560 seconds, Stopping threads took: 0.0000730 seconds
69.226: Application time: 0.0386750 seconds
69.227: [GC69.227: [ParNew: 122239K->13568K(122240K), 0.0360290 secs] 280615K->201747K(396032K), 0.0360790 secs] [Times: user=0.25 sys=0.00, real=0.03 secs] 
69.263: Total time for which application threads were stopped: 0.0363030 seconds, Stopping threads took: 0.0001450 seconds
69.263: Application time: 0.0000540 seconds
69.263: [GC [1 CMS-initial-mark: 188179K(273792K)] 202660K(396032K), 0.0102960 secs] [Times: user=0.01 sys=0.00, real=0.02 secs] 
69.273: Total time for which application threads were stopped: 0.0104040 seconds, Stopping threads took: 0.0000630 seconds
69.273: [CMS-concurrent-mark-start]
69.329: Application time: 0.0553950 seconds
69.329: [GC69.329: [ParNew: 122240K->13568K(122240K), 0.0367290 secs] 310419K->226363K(396032K), 0.0367740 secs] [Times: user=0.25 sys=0.00, real=0.04 secs] 
69.366: Total time for which application threads were stopped: 0.0368530 seconds, Stopping threads took: 0.0000120 seconds
69.430: Application time: 0.0641140 seconds
69.430: [GC69.430: [ParNew: 122240K->13568K(122240K), 0.0343540 secs] 335035K->247476K(396032K), 0.0344000 secs] [Times: user=0.24 sys=0.00, real=0.03 secs] 
69.464: Total time for which application threads were stopped: 0.0345430 seconds, Stopping threads took: 0.0000760 seconds
69.506: Application time: 0.0415070 seconds
69.506: [GC69.506: [ParNew: 122240K->13568K(122240K), 0.0392810 secs] 356148K->277225K(396032K), 0.0393270 secs] [Times: user=0.27 sys=0.00, real=0.04 secs] 
69.545: Total time for which application threads were stopped: 0.0394950 seconds, Stopping threads took: 0.0001000 seconds
69.613: Application time: 0.0676290 seconds
69.613: [GC69.613: [ParNew: 122240K->122240K(122240K), 0.0000150 secs]69.613: [CMS69.616: [CMS-concurrent-mark: 0.231/0.343 secs] [Times: user=2.57 sys=0.00, real=0.34 secs] 
 (concurrent mode failure): 263657K->139648K(273792K), 0.3293740 secs] 385897K->139648K(396032K), [CMS Perm : 9090K->9090K(21248K)], 0.3294450 secs] [Times: user=0.33 sys=0.00, real=0.32 secs] 
69.942: Total time for which application threads were stopped: 0.3296030 seconds, Stopping threads took: 0.0000760 seconds
69.993: Application time: 0.0510410 seconds
69.994: [GC69.994: [ParNew: 108672K->13566K(122240K), 0.0144040 secs] 248320K->158296K(396032K), 0.0144550 secs] [Times: user=0.10 sys=0.00, real=0.01 secs] 
70.008: Total time for which application threads were stopped: 0.0146740 seconds, Stopping threads took: 0.0001380 seconds
70.065: Application time: 0.0566730 seconds
70.065: [GC70.065: [ParNew: 122222K->13566K(122240K), 0.0260890 secs] 266952K->176062K(396032K), 0.0261370 secs] [Times: user=0.18 sys=0.00, real=0.02 secs] 
70.091: Total time for which application threads were stopped: 0.0263890 seconds, Stopping threads took: 0.0001710 seconds
70.101: Application time: 0.0096860 seconds
70.101: [GC [1 CMS-initial-mark: 162495K(273792K)] 197186K(396032K), 0.0257540 secs] [Times: user=0.03 sys=0.00, real=0.03 secs] 
70.127: Total time for which application threads were stopped: 0.0259380 seconds, Stopping threads took: 0.0001340 seconds
70.127: [CMS-concurrent-mark-start]
70.177: Application time: 0.0499810 seconds
70.177: [GC70.177: [ParNew: 122115K->13568K(122240K), 0.0289110 secs] 284611K->194168K(396032K), 0.0289580 secs] [Times: user=0.21 sys=0.00, real=0.03 secs] 
70.206: Total time for which application threads were stopped: 0.0291150 seconds, Stopping threads took: 0.0000790 seconds
70.268: Application time: 0.0615950 seconds
70.268: [GC70.268: [ParNew: 122240K->13568K(122240K), 0.0355190 secs] 302840K->218131K(396032K), 0.0355650 secs] [Times: user=0.25 sys=0.00, real=0.03 secs] 
70.303: Total time for which application threads were stopped: 0.0357160 seconds, Stopping threads took: 0.0000820 seconds
70.366: Application time: 0.0631830 seconds
70.367: [GC70.367: [ParNew: 122240K->13568K(122240K), 0.0292730 secs] 326803K->234477K(396032K), 0.0293220 secs] [Times: user=0.21 sys=0.00, real=0.03 secs] 
70.396: Total time for which application threads were stopped: 0.0294830 seconds, Stopping threads took: 0.0000910 seconds
70.442: Application time: 0.0457540 seconds
70.442: [GC70.442: [ParNew: 122240K->13568K(122240K), 0.0379860 secs] 343149K->262999K(396032K), 0.0380320 secs] [Times: user=0.26 sys=0.00, real=0.04 secs] 
70.480: Total time for which application threads were stopped: 0.0381620 seconds, Stopping threads took: 0.0000600 seconds
70.525: Application time: 0.0452640 seconds
70.525: [GC70.525: [ParNew: 122240K->122240K(122240K), 0.0000140 secs]70.525: [CMS70.532: [CMS-concurrent-mark: 0.271/0.405 secs] [Times: user=3.04 sys=0.01, real=0.40 secs] 
 (concurrent mode failure): 249431K->137308K(273792K), 0.3050520 secs] 371671K->137308K(396032K), [CMS Perm : 9090K->9090K(21248K)], 0.3051330 secs] [Times: user=0.32 sys=0.00, real=0.30 secs] 
70.830: Total time for which application threads were stopped: 0.3052840 seconds, Stopping threads took: 0.0000820 seconds
70.880: Application time: 0.0492720 seconds
70.880: [GC70.880: [ParNew: 108672K->13568K(122240K), 0.0262620 secs] 245980K->167898K(396032K), 0.0263100 secs] [Times: user=0.18 sys=0.00, real=0.03 secs] 
70.906: Total time for which application threads were stopped: 0.0265180 seconds, Stopping threads took: 0.0001250 seconds
70.965: Application time: 0.0584440 seconds
70.965: [GC70.965: [ParNew: 122240K->13568K(122240K), 0.0262220 secs] 276570K->181185K(396032K), 0.0262690 secs] [Times: user=0.19 sys=0.00, real=0.03 secs] 
70.991: Total time for which application threads were stopped: 0.0264210 seconds, Stopping threads took: 0.0000820 seconds
70.991: Application time: 0.0001290 seconds
70.991: [GC [1 CMS-initial-mark: 167617K(273792K)] 182687K(396032K), 0.0094760 secs] [Times: user=0.01 sys=0.00, real=0.01 secs] 
71.001: Total time for which application threads were stopped: 0.0095980 seconds, Stopping threads took: 0.0000690 seconds
71.001: [CMS-concurrent-mark-start]
71.077: Application time: 0.0758250 seconds
71.077: [GC71.077: [ParNew: 122240K->13568K(122240K), 0.0226990 secs] 289857K->191545K(396032K), 0.0227480 secs] [Times: user=0.16 sys=0.00, real=0.02 secs] 
71.099: Total time for which application threads were stopped: 0.0228800 seconds, Stopping threads took: 0.0000640 seconds
71.156: Application time: 0.0560880 seconds
71.156: [GC71.156: [ParNew: 122240K->13568K(122240K), 0.0324100 secs] 300217K->213746K(396032K), 0.0324560 secs] [Times: user=0.22 sys=0.00, real=0.03 secs] 
71.188: Total time for which application threads were stopped: 0.0326340 seconds, Stopping threads took: 0.0001120 seconds
71.228: [CMS-concurrent-mark: 0.171/0.227 secs] [Times: user=1.73 sys=0.01, real=0.23 secs] 
71.228: [CMS-concurrent-preclean-start]
71.248: Application time: 0.0600660 seconds
71.248: [GC71.248: [ParNew: 122240K->13568K(122240K), 0.0331590 secs] 322418K->234926K(396032K), 0.0332080 secs] [Times: user=0.23 sys=0.00, real=0.03 secs] 
71.282: Total time for which application threads were stopped: 0.0333440 seconds, Stopping threads took: 0.0000650 seconds
71.335: Application time: 0.0537870 seconds
71.336: [GC71.336: [ParNew: 122240K->13568K(122240K), 0.0332500 secs] 343598K->255450K(396032K), 0.0332970 secs] [Times: user=0.23 sys=0.00, real=0.03 secs] 
71.369: Total time for which application threads were stopped: 0.0334420 seconds, Stopping threads took: 0.0000760 seconds
71.411: Application time: 0.0423040 seconds
71.411: [GC71.411: [ParNew (promotion failed): 122240K->122240K(122240K), 0.0660700 secs]71.477: [CMS71.616: [CMS-concurrent-preclean: 0.253/0.388 secs] [Times: user=1.86 sys=0.01, real=0.39 secs] 
 (concurrent mode failure): 270355K->123160K(273792K), 0.3943240 secs] 364122K->123160K(396032K), [CMS Perm : 9091K->9091K(21248K)], 0.4604670 secs] [Times: user=0.72 sys=0.00, real=0.46 secs] 
71.872: Total time for which application threads were stopped: 0.4606320 seconds, Stopping threads took: 0.0000820 seconds
71.911: Application time: 0.0388910 seconds
71.911: [GC71.911: [ParNew: 108672K->13568K(122240K), 0.0248140 secs] 231832K->156018K(396032K), 0.0248620 secs] [Times: user=0.17 sys=0.00, real=0.03 secs] 
71.936: Total time for which application threads were stopped: 0.0250360 seconds, Stopping threads took: 0.0001050 seconds
71.936: Application time: 0.0000400 seconds
71.936: [GC [1 CMS-initial-mark: 142450K(273792K)] 156493K(396032K), 0.0111150 secs] [Times: user=0.01 sys=0.00, real=0.01 secs] 
71.947: Total time for which application threads were stopped: 0.0112160 seconds, Stopping threads took: 0.0000410 seconds
71.947: [CMS-concurrent-mark-start]
72.003: Application time: 0.0563070 seconds
72.003: [GC72.003: [ParNew: 122240K->13568K(122240K), 0.0390960 secs] 264690K->182959K(396032K), 0.0391530 secs] [Times: user=0.28 sys=0.00, real=0.04 secs] 
72.043: Total time for which application threads were stopped: 0.0392950 seconds, Stopping threads took: 0.0000710 seconds
72.112: Application time: 0.0699090 seconds
72.113: [GC72.113: [ParNew: 122240K->13567K(122240K), 0.0335020 secs] 291631K->200372K(396032K), 0.0335480 secs] [Times: user=0.24 sys=0.00, real=0.04 secs] 
72.146: Total time for which application threads were stopped: 0.0336900 seconds, Stopping threads took: 0.0000740 seconds
72.220: Application time: 0.0739480 seconds
72.220: [GC72.220: [ParNew: 122239K->13568K(122240K), 0.0241040 secs] 309044K->212257K(396032K), 0.0241540 secs] [Times: user=0.17 sys=0.00, real=0.02 secs] 
72.244: Total time for which application threads were stopped: 0.0243070 seconds, Stopping threads took: 0.0000810 seconds
72.273: [CMS-concurrent-mark: 0.228/0.326 secs] [Times: user=2.50 sys=0.00, real=0.33 secs] 
72.273: [CMS-concurrent-preclean-start]
72.295: Application time: 0.0509060 seconds
72.296: [GC72.296: [ParNew: 122195K->13568K(122240K), 0.0297750 secs] 320884K->231257K(396032K), 0.0298270 secs] [Times: user=0.21 sys=0.00, real=0.03 secs] 
72.325: Total time for which application threads were stopped: 0.0300080 seconds, Stopping threads took: 0.0001100 seconds
72.384: Application time: 0.0588110 seconds
72.384: [GC72.384: [ParNew: 122240K->13568K(122240K), 0.0310010 secs] 339929K->249493K(396032K), 0.0310500 secs] [Times: user=0.22 sys=0.00, real=0.04 secs] 
72.415: Total time for which application threads were stopped: 0.0312040 seconds, Stopping threads took: 0.0000840 seconds
72.475: Application time: 0.0594760 seconds
72.475: [GC72.475: [ParNew: 122087K->13568K(122240K), 0.0265220 secs] 358012K->263563K(396032K), 0.0265710 secs] [Times: user=0.19 sys=0.00, real=0.02 secs] 
72.502: Total time for which application threads were stopped: 0.0267630 seconds, Stopping threads took: 0.0001120 seconds
72.550: Application time: 0.0482740 seconds
72.550: [GC72.550: [ParNew (promotion failed): 122240K->122240K(122240K), 1.4386130 secs]73.989: [CMS74.138: [CMS-concurrent-preclean: 0.336/1.865 secs] [Times: user=4.37 sys=0.31, real=1.86 secs] 
 (concurrent mode failure): 271312K->125412K(273792K), 0.4430770 secs] 372235K->125412K(396032K), [CMS Perm : 9091K->9091K(21248K)], 1.8817660 secs] [Times: user=2.54 sys=0.31, real=1.88 secs] 
74.432: Total time for which application threads were stopped: 1.8819170 seconds, Stopping threads took: 0.0000800 seconds
74.478: Application time: 0.0463020 seconds
74.478: [GC74.478: [ParNew: 108672K->13568K(122240K), 0.0234700 secs] 234084K->155807K(396032K), 0.0235180 secs] [Times: user=0.16 sys=0.00, real=0.02 secs] 
74.502: Total time for which application threads were stopped: 0.0237240 seconds, Stopping threads took: 0.0001270 seconds
74.536: Application time: 0.0344450 seconds
74.537: [GC74.537: [ParNew: 122240K->13568K(122240K), 0.0366840 secs] 264479K->188714K(396032K), 0.0367360 secs] [Times: user=0.24 sys=0.00, real=0.04 secs] 
74.573: Total time for which application threads were stopped: 0.0370000 seconds, Stopping threads took: 0.0001930 seconds
74.585: Application time: 0.0115320 seconds
74.586: [GC [1 CMS-initial-mark: 175146K(273792K)] 223632K(396032K), 0.0237270 secs] [Times: user=0.02 sys=0.00, real=0.02 secs] 
74.609: Total time for which application threads were stopped: 0.0244920 seconds, Stopping threads took: 0.0007150 seconds
74.609: [CMS-concurrent-mark-start]
74.651: Application time: 0.0411790 seconds
74.651: [GC74.651: [ParNew: 122240K->13568K(122240K), 0.0449240 secs] 297386K->218639K(396032K), 0.0449720 secs] [Times: user=0.31 sys=0.00, real=0.05 secs] 
74.696: Total time for which application threads were stopped: 0.0451210 seconds, Stopping threads took: 0.0000880 seconds
74.770: Application time: 0.0741920 seconds
74.770: [GC74.770: [ParNew: 122240K->13566K(122240K), 0.0284230 secs] 327311K->231780K(396032K), 0.0284800 secs] [Times: user=0.21 sys=0.00, real=0.03 secs] 
74.798: Total time for which application threads were stopped: 0.0286030 seconds, Stopping threads took: 0.0000540 seconds
74.870: Application time: 0.0712430 seconds
74.870: [GC74.870: [ParNew: 122238K->13568K(122240K), 0.0216360 secs] 340452K->241231K(396032K), 0.0216830 secs] [Times: user=0.16 sys=0.00, real=0.02 secs] 
74.892: Total time for which application threads were stopped: 0.0218130 seconds, Stopping threads took: 0.0000600 seconds
74.926: [CMS-concurrent-mark: 0.219/0.317 secs] [Times: user=2.43 sys=0.01, real=0.32 secs] 
74.926: [CMS-concurrent-preclean-start]
74.945: Application time: 0.0537990 seconds
74.945: [GC74.945: [ParNew: 122240K->13568K(122240K), 0.0345410 secs] 349903K->264035K(396032K), 0.0345910 secs] [Times: user=0.24 sys=0.00, real=0.03 secs] 
74.980: Total time for which application threads were stopped: 0.0347810 seconds, Stopping threads took: 0.0001200 seconds
75.036: Application time: 0.0560050 seconds
75.036: [GC75.036: [ParNew: 122240K->122240K(122240K), 0.0000130 secs]75.036: [CMS75.170: [CMS-concurrent-preclean: 0.206/0.243 secs] [Times: user=0.98 sys=0.00, real=0.24 secs] 
 (concurrent mode failure): 250467K->124446K(273792K), 0.4233800 secs] 372707K->124446K(396032K), [CMS Perm : 9092K->9092K(21248K)], 0.4234460 secs] [Times: user=0.42 sys=0.00, real=0.42 secs] 
75.460: Total time for which application threads were stopped: 0.4236220 seconds, Stopping threads took: 0.0000930 seconds
75.504: Application time: 0.0437930 seconds
75.504: [GC75.504: [ParNew: 108672K->13568K(122240K), 0.0187440 secs] 233118K->149726K(396032K), 0.0187900 secs] [Times: user=0.13 sys=0.00, real=0.02 secs] 
75.522: Total time for which application threads were stopped: 0.0189550 seconds, Stopping threads took: 0.0000860 seconds
75.572: Application time: 0.0490770 seconds
75.572: [GC75.572: [ParNew: 122240K->13568K(122240K), 0.0331330 secs] 258398K->175739K(396032K), 0.0331800 secs] [Times: user=0.23 sys=0.00, real=0.04 secs] 
75.605: Total time for which application threads were stopped: 0.0334520 seconds, Stopping threads took: 0.0001690 seconds
75.613: Application time: 0.0078640 seconds
75.613: [GC [1 CMS-initial-mark: 162171K(273792K)] 196753K(396032K), 0.0207430 secs] [Times: user=0.02 sys=0.00, real=0.02 secs] 
75.634: Total time for which application threads were stopped: 0.0209940 seconds, Stopping threads took: 0.0002000 seconds
75.634: [CMS-concurrent-mark-start]
75.678: Application time: 0.0438250 seconds
75.678: [GC75.678: [ParNew: 122240K->13568K(122240K), 0.0368040 secs] 284411K->199847K(396032K), 0.0368530 secs] [Times: user=0.25 sys=0.00, real=0.04 secs] 
75.715: Total time for which application threads were stopped: 0.0370240 seconds, Stopping threads took: 0.0001010 seconds
75.774: Application time: 0.0592050 seconds
75.775: [GC75.775: [ParNew: 122240K->13568K(122240K), 0.0337890 secs] 308519K->221467K(396032K), 0.0338370 secs] [Times: user=0.23 sys=0.00, real=0.03 secs] 
75.809: Total time for which application threads were stopped: 0.0349220 seconds, Stopping threads took: 0.0010220 seconds
75.880: Application time: 0.0711330 seconds
75.880: [GC75.880: [ParNew: 122240K->13568K(122240K), 0.0274070 secs] 330139K->235214K(396032K), 0.0274540 secs] [Times: user=0.19 sys=0.00, real=0.03 secs] 
75.908: Total time for which application threads were stopped: 0.0276000 seconds, Stopping threads took: 0.0000780 seconds
75.948: [CMS-concurrent-mark: 0.215/0.314 secs] [Times: user=2.38 sys=0.00, real=0.31 secs] 
75.948: [CMS-concurrent-preclean-start]
75.963: Application time: 0.0551370 seconds
75.963: [GC75.963: [ParNew: 122240K->13568K(122240K), 0.0354310 secs] 343886K->258182K(396032K), 0.0354800 secs] [Times: user=0.25 sys=0.00, real=0.04 secs] 
75.998: Total time for which application threads were stopped: 0.0356420 seconds, Stopping threads took: 0.0000940 seconds
76.052: Application time: 0.0540250 seconds
76.053: [GC76.053: [ParNew: 122240K->13568K(122240K), 0.0348750 secs] 366854K->280265K(396032K), 0.0349310 secs] [Times: user=0.23 sys=0.00, real=0.04 secs] 
76.088: Total time for which application threads were stopped: 0.0351410 seconds, Stopping threads took: 0.0001100 seconds
76.146: Application time: 0.0583860 seconds
76.146: [GC76.146: [ParNew: 122240K->122240K(122240K), 0.0000160 secs]76.146: [CMS76.292: [CMS-concurrent-preclean: 0.271/0.344 secs] [Times: user=1.65 sys=0.00, real=0.34 secs] 
 (concurrent mode failure): 266697K->135706K(273792K), 0.4462780 secs] 388937K->135706K(396032K), [CMS Perm : 9093K->9093K(21248K)], 0.4463520 secs] [Times: user=0.44 sys=0.00, real=0.44 secs] 
76.592: Total time for which application threads were stopped: 0.4465470 seconds, Stopping threads took: 0.0001110 seconds
76.644: Application time: 0.0520080 seconds
76.648: [GC76.648: [ParNew: 108672K->13568K(122240K), 0.0157070 secs] 244378K->156085K(396032K), 0.0157560 secs] [Times: user=0.11 sys=0.00, real=0.01 secs] 
76.664: Total time for which application threads were stopped: 0.0190040 seconds, Stopping threads took: 0.0031470 seconds
76.714: Application time: 0.0507380 seconds
76.714: [GC76.714: [ParNew: 122240K->13568K(122240K), 0.0280450 secs] 264757K->176939K(396032K), 0.0280940 secs] [Times: user=0.20 sys=0.00, real=0.02 secs] 
76.743: Total time for which application threads were stopped: 0.0283180 seconds, Stopping threads took: 0.0001320 seconds
76.743: Application time: 0.0001080 seconds
76.743: [GC [1 CMS-initial-mark: 163371K(273792K)] 178681K(396032K), 0.0107900 secs] [Times: user=0.01 sys=0.00, real=0.02 secs] 
76.754: Total time for which application threads were stopped: 0.0109490 seconds, Stopping threads took: 0.0001100 seconds
76.754: [CMS-concurrent-mark-start]
76.800: Application time: 0.0467380 seconds
76.801: [GC76.801: [ParNew: 122240K->13568K(122240K), 0.0368490 secs] 285611K->205329K(396032K), 0.0368970 secs] [Times: user=0.25 sys=0.00, real=0.04 secs] 
76.837: Total time for which application threads were stopped: 0.0370870 seconds, Stopping threads took: 0.0001190 seconds
76.896: Application time: 0.0588870 seconds
76.896: [GC76.896: [ParNew: 122240K->13568K(122240K), 0.0374950 secs] 314001K->230412K(396032K), 0.0375430 secs] [Times: user=0.26 sys=0.00, real=0.04 secs] 
76.934: Total time for which application threads were stopped: 0.0376630 seconds, Stopping threads took: 0.0000520 seconds
76.988: Application time: 0.0543780 seconds
76.988: [GC76.988: [ParNew: 122240K->13568K(122240K), 0.0339180 secs] 339084K->252116K(396032K), 0.0339640 secs] [Times: user=0.23 sys=0.00, real=0.03 secs] 
77.022: Total time for which application threads were stopped: 0.0340680 seconds, Stopping threads took: 0.0000350 seconds
77.070: Application time: 0.0477040 seconds
77.070: [GC77.070: [ParNew: 122240K->13567K(122240K), 0.0351260 secs] 360788K->276668K(396032K), 0.0351720 secs] [Times: user=0.24 sys=0.00, real=0.04 secs] 
77.105: Total time for which application threads were stopped: 0.0353300 seconds, Stopping threads took: 0.0000900 seconds
77.171: Application time: 0.0656240 seconds
77.171: [GC77.171: [ParNew: 122239K->122239K(122240K), 0.0000150 secs]77.171: [CMS77.176: [CMS-concurrent-mark: 0.276/0.423 secs] [Times: user=3.18 sys=0.00, real=0.42 secs] 
 (concurrent mode failure): 263100K->138847K(273792K), 0.3209360 secs] 385340K->138847K(396032K), [CMS Perm : 9093K->9093K(21248K)], 0.3210070 secs] [Times: user=0.32 sys=0.00, real=0.32 secs] 
77.492: Total time for which application threads were stopped: 0.3211830 seconds, Stopping threads took: 0.0000930 seconds
77.545: Application time: 0.0522140 seconds
77.545: [GC77.545: [ParNew: 108672K->13567K(122240K), 0.0130690 secs] 247519K->156312K(396032K), 0.0131170 secs] [Times: user=0.10 sys=0.00, real=0.02 secs] 
77.558: Total time for which application threads were stopped: 0.0133020 seconds, Stopping threads took: 0.0001160 seconds
77.616: Application time: 0.0579450 seconds
77.616: [GC77.616: [ParNew: 122239K->13566K(122240K), 0.0256270 secs] 264984K->171745K(396032K), 0.0256730 secs] [Times: user=0.18 sys=0.00, real=0.02 secs] 
77.642: Total time for which application threads were stopped: 0.0259740 seconds, Stopping threads took: 0.0002110 seconds
77.690: Application time: 0.0482050 seconds
77.690: [GC77.690: [ParNew: 122238K->13568K(122240K), 0.0267600 secs] 280417K->188771K(396032K), 0.0268150 secs] [Times: user=0.19 sys=0.00, real=0.03 secs] 
77.717: Total time for which application threads were stopped: 0.0269720 seconds, Stopping threads took: 0.0000730 seconds
77.717: Application time: 0.0000900 seconds
77.717: [GC [1 CMS-initial-mark: 175203K(273792K)] 189770K(396032K), 0.0097970 secs] [Times: user=0.01 sys=0.00, real=0.01 secs] 
77.727: Total time for which application threads were stopped: 0.0099090 seconds, Stopping threads took: 0.0000700 seconds
77.727: [CMS-concurrent-mark-start]
77.783: Application time: 0.0563100 seconds
77.783: [GC77.783: [ParNew: 122240K->13568K(122240K), 0.0345280 secs] 297443K->214204K(396032K), 0.0345780 secs] [Times: user=0.24 sys=0.00, real=0.04 secs] 
77.818: Total time for which application threads were stopped: 0.0347600 seconds, Stopping threads took: 0.0001130 seconds
77.878: Application time: 0.0601350 seconds
77.878: [GC77.878: [ParNew: 122240K->13568K(122240K), 0.0402500 secs] 322876K->240067K(396032K), 0.0402980 secs] [Times: user=0.28 sys=0.00, real=0.04 secs] 
77.919: Total time for which application threads were stopped: 0.0404710 seconds, Stopping threads took: 0.0000990 seconds
77.965: Application time: 0.0468700 seconds
77.966: [GC77.966: [ParNew: 122240K->13568K(122240K), 0.0385610 secs] 348739K->266396K(396032K), 0.0386100 secs] [Times: user=0.26 sys=0.00, real=0.03 secs] 
78.004: Total time for which application threads were stopped: 0.0387490 seconds, Stopping threads took: 0.0000690 seconds
78.063: Application time: 0.0587180 seconds
78.063: [GC78.063: [ParNew: 122240K->122240K(122240K), 0.0000120 secs]78.063: [CMS78.064: [CMS-concurrent-mark: 0.222/0.337 secs] [Times: user=2.56 sys=0.00, real=0.33 secs] 
 (concurrent mode failure): 252828K->138580K(273792K), 0.2922480 secs] 375068K->138580K(396032K), [CMS Perm : 9094K->9094K(21248K)], 0.2923150 secs] [Times: user=0.29 sys=0.00, real=0.30 secs] 
78.355: Total time for which application threads were stopped: 0.2924190 seconds, Stopping threads took: 0.0000330 seconds
78.402: Application time: 0.0462490 seconds
78.402: [GC78.402: [ParNew: 108450K->13568K(122240K), 0.0206150 secs] 247031K->165539K(396032K), 0.0206660 secs] [Times: user=0.15 sys=0.00, real=0.02 secs] 
78.423: Total time for which application threads were stopped: 0.0208740 seconds, Stopping threads took: 0.0001210 seconds
78.471: Application time: 0.0485630 seconds
78.471: [GC78.471: [ParNew: 122240K->13566K(122240K), 0.0318280 secs] 274211K->187767K(396032K), 0.0318770 secs] [Times: user=0.22 sys=0.00, real=0.03 secs] 
78.503: Total time for which application threads were stopped: 0.0320550 seconds, Stopping threads took: 0.0001080 seconds
78.503: Application time: 0.0000870 seconds
78.503: [GC [1 CMS-initial-mark: 174201K(273792K)] 188437K(396032K), 0.0124350 secs] [Times: user=0.02 sys=0.00, real=0.02 secs] 
78.516: Total time for which application threads were stopped: 0.0125320 seconds, Stopping threads took: 0.0000540 seconds
78.516: [CMS-concurrent-mark-start]
78.591: Application time: 0.0752700 seconds
78.591: [GC78.591: [ParNew: 122238K->13566K(122240K), 0.0266270 secs] 296439K->200704K(396032K), 0.0266750 secs] [Times: user=0.19 sys=0.00, real=0.03 secs] 
78.618: Total time for which application threads were stopped: 0.0267530 seconds, Stopping threads took: 0.0000120 seconds
78.696: Application time: 0.0786260 seconds
78.697: [GC78.697: [ParNew: 122238K->11912K(122240K), 0.0234220 secs] 309376K->209970K(396032K), 0.0234680 secs] [Times: user=0.17 sys=0.00, real=0.02 secs] 
78.720: Total time for which application threads were stopped: 0.0236030 seconds, Stopping threads took: 0.0000710 seconds
78.721: [CMS-concurrent-mark: 0.155/0.205 secs] [Times: user=1.59 sys=0.00, real=0.20 secs] 
78.721: [CMS-concurrent-preclean-start]
78.776: Application time: 0.0559150 seconds
78.776: [GC78.776: [ParNew: 120584K->13568K(122240K), 0.0247190 secs] 318642K->224230K(396032K), 0.0247750 secs] [Times: user=0.17 sys=0.00, real=0.02 secs] 
78.801: Total time for which application threads were stopped: 0.0249240 seconds, Stopping threads took: 0.0000790 seconds
78.845: Application time: 0.0442010 seconds
78.845: [GC78.845: [ParNew: 121971K->13568K(122240K), 0.0368180 secs] 332633K->252210K(396032K), 0.0368660 secs] [Times: user=0.25 sys=0.00, real=0.03 secs] 
78.882: Total time for which application threads were stopped: 0.0370460 seconds, Stopping threads took: 0.0001120 seconds
78.919: Application time: 0.0371140 seconds
78.919: [GC78.919: [ParNew (promotion failed): 122240K->122240K(122240K), 0.2326090 secs]79.152: [CMS79.296: [CMS-concurrent-preclean: 0.278/0.575 secs] [Times: user=2.25 sys=0.07, real=0.58 secs] 
 (concurrent mode failure): 270250K->128391K(273792K), 0.4090740 secs] 360882K->128391K(396032K), [CMS Perm : 9094K->9094K(21248K)], 0.6417530 secs] [Times: user=1.00 sys=0.06, real=0.64 secs] 
79.561: Total time for which application threads were stopped: 0.6419160 seconds, Stopping threads took: 0.0000820 seconds
79.602: Application time: 0.0407470 seconds
79.602: [GC79.602: [ParNew: 108672K->13568K(122240K), 0.0293290 secs] 237063K->164822K(396032K), 0.0293770 secs] [Times: user=0.20 sys=0.00, real=0.03 secs] 
79.631: Total time for which application threads were stopped: 0.0295660 seconds, Stopping threads took: 0.0001100 seconds
79.632: Application time: 0.0000940 seconds
79.632: [GC [1 CMS-initial-mark: 151254K(273792K)] 165881K(396032K), 0.0121100 secs] [Times: user=0.01 sys=0.00, real=0.01 secs] 
79.644: Total time for which application threads were stopped: 0.0122520 seconds, Stopping threads took: 0.0000980 seconds
79.644: [CMS-concurrent-mark-start]
79.700: Application time: 0.0559950 seconds
79.700: [GC79.700: [ParNew: 122240K->13568K(122240K), 0.0377030 secs] 273494K->189451K(396032K), 0.0377520 secs] [Times: user=0.26 sys=0.00, real=0.04 secs] 
79.738: Total time for which application threads were stopped: 0.0378950 seconds, Stopping threads took: 0.0000740 seconds
79.799: Application time: 0.0611760 seconds
79.799: [GC79.799: [ParNew: 122240K->13568K(122240K), 0.0351410 secs] 298123K->211464K(396032K), 0.0351920 secs] [Times: user=0.24 sys=0.00, real=0.04 secs] 
79.834: Total time for which application threads were stopped: 0.0353600 seconds, Stopping threads took: 0.0000960 seconds
79.905: Application time: 0.0706700 seconds
79.905: [GC79.905: [ParNew: 122240K->13568K(122240K), 0.0288980 secs] 320136K->225171K(396032K), 0.0289430 secs] [Times: user=0.21 sys=0.00, real=0.03 secs] 
79.934: Total time for which application threads were stopped: 0.0291270 seconds, Stopping threads took: 0.0001160 seconds
80.003: [CMS-concurrent-mark: 0.257/0.359 secs] [Times: user=2.75 sys=0.01, real=0.36 secs] 
80.003: Application time: 0.0692860 seconds
80.003: [GC80.003: [ParNew: 122240K->12499K(122240K), 0.0235250 secs] 333843K->235688K(396032K), 0.0235610 secs] [Times: user=0.17 sys=0.00, real=0.03 secs] 
80.027: Total time for which application threads were stopped: 0.0237010 seconds, Stopping threads took: 0.0000770 seconds
80.027: [CMS-concurrent-preclean-start]
80.085: Application time: 0.0578440 seconds
80.085: [GC80.085: [ParNew: 121171K->13568K(122240K), 0.0222750 secs] 344360K->247223K(396032K), 0.0223220 secs] [Times: user=0.16 sys=0.00, real=0.02 secs] 
80.107: Total time for which application threads were stopped: 0.0224540 seconds, Stopping threads took: 0.0000630 seconds
80.159: Application time: 0.0512950 seconds
80.159: [GC80.159: [ParNew: 122240K->13568K(122240K), 0.0331810 secs] 355895K->269706K(396032K), 0.0332290 secs] [Times: user=0.23 sys=0.00, real=0.03 secs] 
80.192: Total time for which application threads were stopped: 0.0333740 seconds, Stopping threads took: 0.0000650 seconds
80.234: Application time: 0.0419540 seconds
80.234: [GC80.234: [ParNew: 122240K->122240K(122240K), 0.0000130 secs]80.234: [CMS80.384: [CMS-concurrent-preclean: 0.299/0.357 secs] [Times: user=1.74 sys=0.00, real=0.35 secs] 
 (concurrent mode failure): 256138K->120925K(273792K), 0.4017430 secs] 378378K->120925K(396032K), [CMS Perm : 9094K->9094K(21248K)], 0.4018090 secs] [Times: user=0.40 sys=0.00, real=0.40 secs] 
80.636: Total time for which application threads were stopped: 0.4019520 seconds, Stopping threads took: 0.0000730 seconds
80.676: Application time: 0.0403880 seconds
80.677: [GC80.677: [ParNew: 108672K->13568K(122240K), 0.0262510 secs] 229597K->154286K(396032K), 0.0262980 secs] [Times: user=0.19 sys=0.00, real=0.02 secs] 
80.703: Total time for which application threads were stopped: 0.0265170 seconds, Stopping threads took: 0.0001170 seconds
80.753: Application time: 0.0505010 seconds
80.753: [GC80.753: [ParNew: 122240K->13568K(122240K), 0.0346230 secs] 262958K->178087K(396032K), 0.0346730 secs] [Times: user=0.24 sys=0.00, real=0.03 secs] 
80.788: Total time for which application threads were stopped: 0.0348400 seconds, Stopping threads took: 0.0000950 seconds
80.797: Application time: 0.0087660 seconds
80.797: [GC [1 CMS-initial-mark: 164519K(273792K)] 200190K(396032K), 0.0253890 secs] [Times: user=0.02 sys=0.00, real=0.02 secs] 
80.823: Total time for which application threads were stopped: 0.0256760 seconds, Stopping threads took: 0.0002370 seconds
80.823: [CMS-concurrent-mark-start]
80.868: Application time: 0.0451950 seconds
80.868: [GC80.868: [ParNew: 122240K->13568K(122240K), 0.0334260 secs] 286759K->199296K(396032K), 0.0334750 secs] [Times: user=0.23 sys=0.00, real=0.03 secs] 
80.901: Total time for which application threads were stopped: 0.0336150 seconds, Stopping threads took: 0.0000670 seconds
80.962: Application time: 0.0607300 seconds
80.962: [GC80.962: [ParNew: 122084K->13568K(122240K), 0.0395260 secs] 307812K->226172K(396032K), 0.0395760 secs] [Times: user=0.28 sys=0.00, real=0.04 secs] 
81.002: Total time for which application threads were stopped: 0.0397180 seconds, Stopping threads took: 0.0000700 seconds
81.072: Application time: 0.0697860 seconds
81.072: [GC81.072: [ParNew: 122240K->13568K(122240K), 0.0291990 secs] 334844K->240289K(396032K), 0.0292540 secs] [Times: user=0.21 sys=0.00, real=0.03 secs] 
81.103: Total time for which application threads were stopped: 0.0308750 seconds, Stopping threads took: 0.0000760 seconds
81.154: [CMS-concurrent-mark: 0.227/0.332 secs] [Times: user=2.53 sys=0.00, real=0.34 secs] 
81.154: [CMS-concurrent-preclean-start]
81.171: Application time: 0.0685070 seconds
81.171: [GC81.171: [ParNew: 122240K->13568K(122240K), 0.0239760 secs] 348961K->251823K(396032K), 0.0240230 secs] [Times: user=0.17 sys=0.00, real=0.03 secs] 
81.195: Total time for which application threads were stopped: 0.0241880 seconds, Stopping threads took: 0.0000970 seconds
81.250: Application time: 0.0545170 seconds
81.250: [GC81.250: [ParNew: 122240K->13568K(122240K), 0.0307590 secs] 360495K->270627K(396032K), 0.0308050 secs] [Times: user=0.21 sys=0.00, real=0.03 secs] 
81.281: Total time for which application threads were stopped: 0.0309640 seconds, Stopping threads took: 0.0000800 seconds
81.338: Application time: 0.0569100 seconds
81.338: [GC81.338: [ParNew: 122240K->122240K(122240K), 0.0000140 secs]81.338: [CMS81.481: [CMS-concurrent-preclean: 0.269/0.326 secs] [Times: user=1.56 sys=0.00, real=0.32 secs] 
 (concurrent mode failure): 257059K->121779K(273792K), 0.4308240 secs] 379299K->121779K(396032K), [CMS Perm : 9094K->9094K(21248K)], 0.4308950 secs] [Times: user=0.44 sys=0.00, real=0.43 secs] 
81.769: Total time for which application threads were stopped: 0.4310890 seconds, Stopping threads took: 0.0001250 seconds
81.811: Application time: 0.0425820 seconds
81.811: [GC81.811: [ParNew: 108672K->13568K(122240K), 0.0194860 secs] 230451K->148723K(396032K), 0.0195340 secs] [Times: user=0.14 sys=0.00, real=0.02 secs] 
81.831: Total time for which application threads were stopped: 0.0196850 seconds, Stopping threads took: 0.0000690 seconds
81.874: Application time: 0.0426640 seconds
81.874: [GC81.874: [ParNew: 122240K->13568K(122240K), 0.0403660 secs] 257395K->184351K(396032K), 0.0404140 secs] [Times: user=0.27 sys=0.00, real=0.04 secs] 
81.914: Total time for which application threads were stopped: 0.0406020 seconds, Stopping threads took: 0.0001080 seconds
81.914: Application time: 0.0001260 seconds
81.915: [GC [1 CMS-initial-mark: 170783K(273792K)] 185959K(396032K), 0.0111280 secs] [Times: user=0.01 sys=0.00, real=0.01 secs] 
81.926: Total time for which application threads were stopped: 0.0112560 seconds, Stopping threads took: 0.0000850 seconds
81.926: [CMS-concurrent-mark-start]
81.984: Application time: 0.0588210 seconds
81.985: [GC81.985: [ParNew: 122240K->13568K(122240K), 0.0329190 secs] 293023K->204738K(396032K), 0.0329650 secs] [Times: user=0.23 sys=0.00, real=0.04 secs] 
82.018: Total time for which application threads were stopped: 0.0331290 seconds, Stopping threads took: 0.0000970 seconds
82.074: Application time: 0.0564460 seconds
82.074: [GC82.074: [ParNew: 122240K->13568K(122240K), 0.0319110 secs] 313410K->224551K(396032K), 0.0319580 secs] [Times: user=0.22 sys=0.00, real=0.03 secs] 
82.106: Total time for which application threads were stopped: 0.0320920 seconds, Stopping threads took: 0.0000620 seconds
82.167: Application time: 0.0606750 seconds
82.168: [GC82.168: [ParNew: 122240K->13568K(122240K), 0.0370810 secs] 333223K->248255K(396032K), 0.0371290 secs] [Times: user=0.26 sys=0.00, real=0.04 secs] 
82.205: Total time for which application threads were stopped: 0.0382920 seconds, Stopping threads took: 0.0010920 seconds
82.276: Application time: 0.0713450 seconds
82.277: [GC82.277: [ParNew: 122240K->13568K(122240K), 0.0257080 secs] 356927K->261467K(396032K), 0.0257540 secs] [Times: user=0.18 sys=0.00, real=0.02 secs] 
82.302: Total time for which application threads were stopped: 0.0258990 seconds, Stopping threads took: 0.0000790 seconds
82.306: [CMS-concurrent-mark: 0.249/0.380 secs] [Times: user=2.89 sys=0.00, real=0.38 secs] 
82.306: [CMS-concurrent-preclean-start]
82.357: Application time: 0.0541420 seconds
82.357: [GC82.357: [ParNew: 122240K->122240K(122240K), 0.0000130 secs]82.357: [CMS82.500: [CMS-concurrent-preclean: 0.192/0.194 secs] [Times: user=0.56 sys=0.00, real=0.19 secs] 
 (concurrent mode failure): 247899K->129033K(273792K), 0.4220760 secs] 370139K->129033K(396032K), [CMS Perm : 9094K->9094K(21248K)], 0.4221430 secs] [Times: user=0.43 sys=0.00, real=0.42 secs] 
82.779: Total time for which application threads were stopped: 0.4222990 seconds, Stopping threads took: 0.0000750 seconds
82.832: Application time: 0.0534990 seconds
82.832: [GC82.833: [ParNew: 108672K->13568K(122240K), 0.0152340 secs] 237705K->148298K(396032K), 0.0152820 secs] [Times: user=0.12 sys=0.00, real=0.02 secs] 
82.848: Total time for which application threads were stopped: 0.0154610 seconds, Stopping threads took: 0.0001100 seconds
82.893: Application time: 0.0455950 seconds
82.894: [GC82.894: [ParNew: 122240K->13568K(122240K), 0.0336980 secs] 256970K->176243K(396032K), 0.0337450 secs] [Times: user=0.23 sys=0.00, real=0.03 secs] 
82.927: Total time for which application threads were stopped: 0.0338790 seconds, Stopping threads took: 0.0000550 seconds
82.927: Application time: 0.0000770 seconds
82.927: [GC [1 CMS-initial-mark: 162675K(273792K)] 177503K(396032K), 0.0106190 secs] [Times: user=0.02 sys=0.00, real=0.01 secs] 
82.938: Total time for which application threads were stopped: 0.0107300 seconds, Stopping threads took: 0.0000680 seconds
82.938: [CMS-concurrent-mark-start]
82.991: Application time: 0.0530020 seconds
82.991: [GC82.991: [ParNew: 122240K->13568K(122240K), 0.0330430 secs] 284915K->199139K(396032K), 0.0330910 secs] [Times: user=0.22 sys=0.00, real=0.03 secs] 
83.024: Total time for which application threads were stopped: 0.0332460 seconds, Stopping threads took: 0.0000850 seconds
83.073: Application time: 0.0488020 seconds
83.073: [GC83.073: [ParNew: 122240K->13568K(122240K), 0.0439630 secs] 307811K->232457K(396032K), 0.0440120 secs] [Times: user=0.29 sys=0.00, real=0.04 secs] 
83.117: Total time for which application threads were stopped: 0.0441860 seconds, Stopping threads took: 0.0000990 seconds
83.183: Application time: 0.0652390 seconds
83.183: [GC83.183: [ParNew: 122240K->13568K(122240K), 0.0364690 secs] 341129K->254568K(396032K), 0.0365260 secs] [Times: user=0.26 sys=0.00, real=0.04 secs] 
83.219: Total time for which application threads were stopped: 0.0366560 seconds, Stopping threads took: 0.0000590 seconds
83.283: [CMS-concurrent-mark: 0.230/0.345 secs] [Times: user=2.60 sys=0.01, real=0.34 secs] 
83.283: [CMS-concurrent-preclean-start]
83.288: Application time: 0.0683240 seconds
83.288: [GC83.288: [ParNew: 122240K->122240K(122240K), 0.0000160 secs]83.288: [CMS83.430: [CMS-concurrent-preclean: 0.145/0.147 secs] [Times: user=0.19 sys=0.00, real=0.15 secs] 
 (concurrent mode failure): 241000K->138195K(273792K), 0.4379970 secs] 363240K->138195K(396032K), [CMS Perm : 9094K->9094K(21248K)], 0.4380690 secs] [Times: user=0.43 sys=0.00, real=0.44 secs] 
83.726: Total time for which application threads were stopped: 0.4382520 seconds, Stopping threads took: 0.0001120 seconds
83.781: Application time: 0.0551100 seconds
83.781: [GC83.781: [ParNew: 108672K->13568K(122240K), 0.0178710 secs] 246867K->159888K(396032K), 0.0179260 secs] [Times: user=0.13 sys=0.00, real=0.02 secs] 
83.799: Total time for which application threads were stopped: 0.0181600 seconds, Stopping threads took: 0.0001460 seconds
83.849: Application time: 0.0504100 seconds
83.850: [GC83.850: [ParNew: 122240K->13567K(122240K), 0.0292560 secs] 268560K->181534K(396032K), 0.0293040 secs] [Times: user=0.21 sys=0.00, real=0.03 secs] 
83.879: Total time for which application threads were stopped: 0.0294630 seconds, Stopping threads took: 0.0000840 seconds
83.879: Application time: 0.0001020 seconds
83.879: [GC [1 CMS-initial-mark: 167967K(273792K)] 183299K(396032K), 0.0115410 secs] [Times: user=0.01 sys=0.00, real=0.01 secs] 
83.891: Total time for which application threads were stopped: 0.0116600 seconds, Stopping threads took: 0.0000740 seconds
83.891: [CMS-concurrent-mark-start]
83.955: Application time: 0.0646280 seconds
83.955: [GC83.955: [ParNew: 122239K->13567K(122240K), 0.0265470 secs] 290206K->194930K(396032K), 0.0265930 secs] [Times: user=0.19 sys=0.00, real=0.02 secs] 
83.982: Total time for which application threads were stopped: 0.0267350 seconds, Stopping threads took: 0.0000740 seconds
84.041: Application time: 0.0591030 seconds
84.041: [GC84.041: [ParNew: 122239K->13568K(122240K), 0.0316450 secs] 303602K->214114K(396032K), 0.0316950 secs] [Times: user=0.22 sys=0.00, real=0.04 secs] 
84.073: Total time for which application threads were stopped: 0.0319880 seconds, Stopping threads took: 0.0002100 seconds
84.133: Application time: 0.0601000 seconds
84.133: [GC84.133: [ParNew: 122240K->13568K(122240K), 0.0341310 secs] 322786K->235946K(396032K), 0.0341810 secs] [Times: user=0.24 sys=0.00, real=0.03 secs] 
84.168: Total time for which application threads were stopped: 0.0343380 seconds, Stopping threads took: 0.0000870 seconds
84.216: Application time: 0.0486870 seconds
84.216: [GC84.216: [ParNew: 122240K->13568K(122240K), 0.0364900 secs] 344618K->262340K(396032K), 0.0365320 secs] [Times: user=0.24 sys=0.01, real=0.04 secs] 
84.253: Total time for which application threads were stopped: 0.0366630 seconds, Stopping threads took: 0.0000630 seconds
84.257: [CMS-concurrent-mark: 0.237/0.367 secs] [Times: user=2.78 sys=0.01, real=0.37 secs] 
84.258: [CMS-concurrent-preclean-start]
84.305: Application time: 0.0517510 seconds
84.305: [GC84.305: [ParNew: 122240K->122240K(122240K), 0.0000150 secs]84.305: [CMS84.448: [CMS-concurrent-preclean: 0.189/0.191 secs] [Times: user=0.53 sys=0.00, real=0.19 secs] 
 (concurrent mode failure): 248772K->136747K(273792K), 0.4562150 secs] 371012K->136747K(396032K), [CMS Perm : 9094K->9094K(21248K)], 0.4562850 secs] [Times: user=0.45 sys=0.00, real=0.45 secs] 
84.761: Total time for which application threads were stopped: 0.4564310 seconds, Stopping threads took: 0.0000650 seconds
84.807: Application time: 0.0462460 seconds
84.808: [GC84.808: [ParNew: 108672K->13568K(122240K), 0.0198450 secs] 245419K->162212K(396032K), 0.0198950 secs] [Times: user=0.14 sys=0.00, real=0.02 secs] 
84.828: Total time for which application threads were stopped: 0.0201090 seconds, Stopping threads took: 0.0001240 seconds
84.884: Application time: 0.0562920 seconds
84.884: [GC84.884: [ParNew: 122240K->13568K(122240K), 0.0275460 secs] 270884K->177938K(396032K), 0.0275950 secs] [Times: user=0.20 sys=0.00, real=0.03 secs] 
84.912: Total time for which application threads were stopped: 0.0277550 seconds, Stopping threads took: 0.0000920 seconds
84.912: Application time: 0.0002450 seconds
84.912: [GC [1 CMS-initial-mark: 164370K(273792K)] 179443K(396032K), 0.0118510 secs] [Times: user=0.01 sys=0.00, real=0.01 secs] 
84.924: Total time for which application threads were stopped: 0.0119530 seconds, Stopping threads took: 0.0000620 seconds
84.924: [CMS-concurrent-mark-start]
84.976: Application time: 0.0519070 seconds
84.976: [GC84.976: [ParNew: 122240K->13567K(122240K), 0.0337910 secs] 286610K->202133K(396032K), 0.0338370 secs] [Times: user=0.24 sys=0.00, real=0.03 secs] 
85.010: Total time for which application threads were stopped: 0.0339580 seconds, Stopping threads took: 0.0000530 seconds
85.078: Application time: 0.0679720 seconds
85.078: [GC85.078: [ParNew: 122239K->13568K(122240K), 0.0259290 secs] 310805K->216763K(396032K), 0.0259760 secs] [Times: user=0.19 sys=0.00, real=0.02 secs] 
85.104: Total time for which application threads were stopped: 0.0261230 seconds, Stopping threads took: 0.0000770 seconds
85.161: Application time: 0.0574020 seconds
85.161: [GC85.161: [ParNew: 122240K->13568K(122240K), 0.0366510 secs] 325435K->240307K(396032K), 0.0367000 secs] [Times: user=0.25 sys=0.00, real=0.04 secs] 
85.198: Total time for which application threads were stopped: 0.0368550 seconds, Stopping threads took: 0.0000840 seconds
85.250: [CMS-concurrent-mark: 0.229/0.326 secs] [Times: user=2.49 sys=0.01, real=0.33 secs] 
85.250: [CMS-concurrent-preclean-start]
85.261: Application time: 0.0624990 seconds
85.261: [GC85.261: [ParNew: 122240K->13568K(122240K), 0.0309150 secs] 348979K->258771K(396032K), 0.0309640 secs] [Times: user=0.22 sys=0.00, real=0.03 secs] 
85.292: Total time for which application threads were stopped: 0.0311050 seconds, Stopping threads took: 0.0000700 seconds
85.339: Application time: 0.0469180 seconds
85.339: [GC85.339: [ParNew: 122240K->13568K(122240K), 0.0359220 secs] 367443K->283451K(396032K), 0.0359670 secs] [Times: user=0.25 sys=0.00, real=0.04 secs] 
85.375: Total time for which application threads were stopped: 0.0361300 seconds, Stopping threads took: 0.0000840 seconds
85.418: Application time: 0.0435720 seconds
85.418: [GC85.418: [ParNew: 122240K->122240K(122240K), 0.0000120 secs]85.418: [CMS85.575: [CMS-concurrent-preclean: 0.255/0.324 secs] [Times: user=1.44 sys=0.00, real=0.33 secs] 
 (concurrent mode failure): 269883K->133182K(273792K), 0.4495400 secs] 392123K->133182K(396032K), [CMS Perm : 9094K->9094K(21248K)], 0.4496080 secs] [Times: user=0.45 sys=0.00, real=0.45 secs] 
85.868: Total time for which application threads were stopped: 0.4497480 seconds, Stopping threads took: 0.0000680 seconds
85.913: Application time: 0.0446330 seconds
85.913: [GC85.913: [ParNew: 108672K->13568K(122240K), 0.0267610 secs] 241854K->165406K(396032K), 0.0268110 secs] [Times: user=0.18 sys=0.00, real=0.02 secs] 
85.940: Total time for which application threads were stopped: 0.0270210 seconds, Stopping threads took: 0.0001210 seconds
85.996: Application time: 0.0567840 seconds
85.997: [GC85.997: [ParNew: 122240K->13568K(122240K), 0.0303440 secs] 274078K->180973K(396032K), 0.0303930 secs] [Times: user=0.21 sys=0.00, real=0.03 secs] 
86.027: Total time for which application threads were stopped: 0.0306400 seconds, Stopping threads took: 0.0001540 seconds
86.037: Application time: 0.0097340 seconds
86.039: [GC [1 CMS-initial-mark: 167405K(273792K)] 197988K(396032K), 0.0249470 secs] [Times: user=0.03 sys=0.00, real=0.02 secs] 
86.064: Total time for which application threads were stopped: 0.0270150 seconds, Stopping threads took: 0.0020180 seconds
86.064: [CMS-concurrent-mark-start]
86.118: Application time: 0.0544970 seconds
86.118: [GC86.120: [ParNew: 122240K->13568K(122240K), 0.0263450 secs] 289645K->194534K(396032K), 0.0278810 secs] [Times: user=0.19 sys=0.00, real=0.03 secs] 
86.146: Total time for which application threads were stopped: 0.0280240 seconds, Stopping threads took: 0.0000740 seconds
86.207: Application time: 0.0608330 seconds
86.207: [GC86.207: [ParNew: 122240K->13568K(122240K), 0.0260510 secs] 303206K->208729K(396032K), 0.0260980 secs] [Times: user=0.18 sys=0.00, real=0.03 secs] 
86.233: Total time for which application threads were stopped: 0.0262410 seconds, Stopping threads took: 0.0000750 seconds
86.293: Application time: 0.0591920 seconds
86.293: [GC86.293: [ParNew: 122240K->13568K(122240K), 0.0295890 secs] 317401K->226938K(396032K), 0.0296340 secs] [Times: user=0.20 sys=0.00, real=0.03 secs] 
86.322: Total time for which application threads were stopped: 0.0297670 seconds, Stopping threads took: 0.0000660 seconds
86.368: Application time: 0.0454940 seconds
86.368: [GC86.368: [ParNew: 122240K->13568K(122240K), 0.0381180 secs] 335610K->255878K(396032K), 0.0381640 secs] [Times: user=0.26 sys=0.00, real=0.04 secs] 
86.406: Total time for which application threads were stopped: 0.0383110 seconds, Stopping threads took: 0.0000790 seconds
86.465: Application time: 0.0586310 seconds
86.465: [GC86.465: [ParNew: 122240K->122240K(122240K), 0.0000160 secs]86.465: [CMS86.476: [CMS-concurrent-mark: 0.284/0.412 secs] [Times: user=3.08 sys=0.00, real=0.42 secs] 
 (concurrent mode failure): 242310K->128767K(273792K), 0.2854640 secs] 364550K->128767K(396032K), [CMS Perm : 9097K->9097K(21248K)], 0.2855350 secs] [Times: user=0.30 sys=0.00, real=0.28 secs] 
86.751: Total time for which application threads were stopped: 0.2857260 seconds, Stopping threads took: 0.0001080 seconds
86.795: Application time: 0.0444670 seconds
86.795: [GC86.795: [ParNew: 108672K->13568K(122240K), 0.0170930 secs] 237439K->153046K(396032K), 0.0171410 secs] [Times: user=0.12 sys=0.00, real=0.01 secs] 
86.812: Total time for which application threads were stopped: 0.0173100 seconds, Stopping threads took: 0.0001000 seconds
86.856: Application time: 0.0437860 seconds
86.856: [GC86.856: [ParNew: 122240K->13568K(122240K), 0.0361160 secs] 261718K->183645K(396032K), 0.0361650 secs] [Times: user=0.24 sys=0.00, real=0.03 secs] 
86.893: Total time for which application threads were stopped: 0.0363550 seconds, Stopping threads took: 0.0001140 seconds
86.893: Application time: 0.0000490 seconds
86.893: [GC [1 CMS-initial-mark: 170077K(273792K)] 184354K(396032K), 0.0121050 secs] [Times: user=0.01 sys=0.00, real=0.01 secs] 
86.905: Total time for which application threads were stopped: 0.0122000 seconds, Stopping threads took: 0.0000510 seconds
86.905: [CMS-concurrent-mark-start]
86.963: Application time: 0.0581900 seconds
86.965: [GC86.965: [ParNew: 122240K->13568K(122240K), 0.0329660 secs] 292317K->204114K(396032K), 0.0330150 secs] [Times: user=0.23 sys=0.00, real=0.03 secs] 
86.998: Total time for which application threads were stopped: 0.0349660 seconds, Stopping threads took: 0.0018790 seconds
87.055: Application time: 0.0569690 seconds
87.055: [GC87.055: [ParNew: 122240K->13568K(122240K), 0.0372590 secs] 312786K->227903K(396032K), 0.0373070 secs] [Times: user=0.26 sys=0.00, real=0.03 secs] 
87.092: Total time for which application threads were stopped: 0.0374980 seconds, Stopping threads took: 0.0001050 seconds
87.168: Application time: 0.0756530 seconds
87.168: [GC87.168: [ParNew: 122240K->13568K(122240K), 0.0282950 secs] 336575K->241790K(396032K), 0.0283420 secs] [Times: user=0.21 sys=0.00, real=0.03 secs] 
87.197: Total time for which application threads were stopped: 0.0284830 seconds, Stopping threads took: 0.0000730 seconds
87.221: [CMS-concurrent-mark: 0.216/0.317 secs] [Times: user=2.40 sys=0.01, real=0.31 secs] 
87.222: [CMS-concurrent-preclean-start]
87.261: Application time: 0.0641890 seconds
87.261: [GC87.261: [ParNew: 122240K->13568K(122240K), 0.0250240 secs] 350462K->254269K(396032K), 0.0250690 secs] [Times: user=0.18 sys=0.00, real=0.03 secs] 
87.286: Total time for which application threads were stopped: 0.0252220 seconds, Stopping threads took: 0.0000750 seconds
87.325: Application time: 0.0388520 seconds
87.325: [GC87.325: [ParNew: 122181K->13568K(122240K), 0.0367990 secs] 362882K->281367K(396032K), 0.0368470 secs] [Times: user=0.25 sys=0.00, real=0.03 secs] 
87.362: Total time for which application threads were stopped: 0.0370180 seconds, Stopping threads took: 0.0001000 seconds
87.421: Application time: 0.0594050 seconds
87.421: [GC87.421: [ParNew: 122240K->122240K(122240K), 0.0000140 secs]87.421: [CMS87.568: [CMS-concurrent-preclean: 0.282/0.347 secs] [Times: user=1.68 sys=0.00, real=0.35 secs] 
 (concurrent mode failure): 267799K->139876K(273792K), 0.4601000 secs] 390039K->139876K(396032K), [CMS Perm : 9097K->9097K(21248K)], 0.4601700 secs] [Times: user=0.46 sys=0.00, real=0.46 secs] 
87.882: Total time for which application threads were stopped: 0.4603290 seconds, Stopping threads took: 0.0000890 seconds
87.934: Application time: 0.0520130 seconds
87.934: [GC87.934: [ParNew: 108672K->13568K(122240K), 0.0128720 secs] 248548K->156781K(396032K), 0.0129200 secs] [Times: user=0.10 sys=0.00, real=0.01 secs] 
87.947: Total time for which application threads were stopped: 0.0131650 seconds, Stopping threads took: 0.0001680 seconds
87.995: Application time: 0.0483890 seconds
87.995: [GC87.995: [ParNew: 122240K->13568K(122240K), 0.0322060 secs] 265453K->183745K(396032K), 0.0322560 secs] [Times: user=0.22 sys=0.00, real=0.03 secs] 
88.028: Total time for which application threads were stopped: 0.0324340 seconds, Stopping threads took: 0.0001040 seconds
88.028: Application time: 0.0000780 seconds
88.028: [GC [1 CMS-initial-mark: 170177K(273792K)] 184710K(396032K), 0.0109050 secs] [Times: user=0.01 sys=0.00, real=0.01 secs] 
88.039: Total time for which application threads were stopped: 0.0110490 seconds, Stopping threads took: 0.0000990 seconds
88.039: [CMS-concurrent-mark-start]
88.083: Application time: 0.0447380 seconds
88.084: [GC88.084: [ParNew: 122240K->13568K(122240K), 0.0412110 secs] 292417K->215906K(396032K), 0.0412560 secs] [Times: user=0.28 sys=0.00, real=0.05 secs] 
88.125: Total time for which application threads were stopped: 0.0414170 seconds, Stopping threads took: 0.0000930 seconds
88.184: Application time: 0.0596210 seconds
88.185: [GC88.185: [ParNew: 122240K->13568K(122240K), 0.0331090 secs] 324578K->235427K(396032K), 0.0331560 secs] [Times: user=0.23 sys=0.00, real=0.04 secs] 
88.218: Total time for which application threads were stopped: 0.0333030 seconds, Stopping threads took: 0.0000730 seconds
88.290: Application time: 0.0719930 seconds
88.290: [GC88.290: [ParNew: 122213K->13567K(122240K), 0.0267640 secs] 344072K->249382K(396032K), 0.0268120 secs] [Times: user=0.19 sys=0.00, real=0.03 secs] 
88.317: Total time for which application threads were stopped: 0.0269550 seconds, Stopping threads took: 0.0000740 seconds
88.379: [CMS-concurrent-mark: 0.237/0.340 secs] [Times: user=2.59 sys=0.02, real=0.34 secs] 
88.379: [CMS-concurrent-preclean-start]
88.380: Application time: 0.0635340 seconds
88.380: [GC88.380: [ParNew: 122239K->13568K(122240K), 0.0294400 secs] 358054K->266872K(396032K), 0.0294840 secs] [Times: user=0.20 sys=0.00, real=0.03 secs] 
88.410: Total time for which application threads were stopped: 0.0296300 seconds, Stopping threads took: 0.0000760 seconds
88.461: Application time: 0.0512770 seconds
88.461: [GC88.461: [ParNew: 122240K->122240K(122240K), 0.0000150 secs]88.461: [CMS88.597: [CMS-concurrent-preclean: 0.187/0.219 secs] [Times: user=0.76 sys=0.00, real=0.22 secs] 
 (concurrent mode failure): 253304K->126505K(273792K), 0.4080010 secs] 375544K->126505K(396032K), [CMS Perm : 9099K->9099K(21248K)], 0.4080740 secs] [Times: user=0.40 sys=0.00, real=0.41 secs] 
88.869: Total time for which application threads were stopped: 0.4082490 seconds, Stopping threads took: 0.0000960 seconds
88.916: Application time: 0.0463810 seconds
88.916: [GC88.916: [ParNew: 108672K->13568K(122240K), 0.0239630 secs] 235177K->156011K(396032K), 0.0240120 secs] [Times: user=0.17 sys=0.00, real=0.02 secs] 
88.940: Total time for which application threads were stopped: 0.0242240 seconds, Stopping threads took: 0.0001210 seconds
88.992: Application time: 0.0517160 seconds
88.992: [GC88.992: [ParNew: 122240K->13568K(122240K), 0.0294860 secs] 264683K->174288K(396032K), 0.0295330 secs] [Times: user=0.21 sys=0.00, real=0.03 secs] 
89.021: Total time for which application threads were stopped: 0.0297170 seconds, Stopping threads took: 0.0001020 seconds
89.022: Application time: 0.0001530 seconds
89.022: [GC [1 CMS-initial-mark: 160720K(273792K)] 176043K(396032K), 0.0113350 secs] [Times: user=0.01 sys=0.00, real=0.02 secs] 
89.033: Total time for which application threads were stopped: 0.0114380 seconds, Stopping threads took: 0.0000590 seconds
89.033: [CMS-concurrent-mark-start]
89.083: Application time: 0.0502180 seconds
89.083: [GC89.083: [ParNew: 122240K->13568K(122240K), 0.0341110 secs] 282960K->197631K(396032K), 0.0341620 secs] [Times: user=0.24 sys=0.00, real=0.04 secs] 
89.118: Total time for which application threads were stopped: 0.0343320 seconds, Stopping threads took: 0.0001000 seconds
89.170: Application time: 0.0519550 seconds
89.170: [GC89.170: [ParNew: 122240K->13568K(122240K), 0.0378730 secs] 306303K->224382K(396032K), 0.0379210 secs] [Times: user=0.26 sys=0.00, real=0.04 secs] 
89.208: Total time for which application threads were stopped: 0.0380660 seconds, Stopping threads took: 0.0000770 seconds
89.256: Application time: 0.0485040 seconds
89.257: [GC89.257: [ParNew: 122240K->13568K(122240K), 0.0377260 secs] 333054K->249006K(396032K), 0.0377750 secs] [Times: user=0.26 sys=0.00, real=0.04 secs] 
89.295: Total time for which application threads were stopped: 0.0385760 seconds, Stopping threads took: 0.0007320 seconds
89.355: Application time: 0.0602920 seconds
89.355: [GC89.355: [ParNew: 122240K->13566K(122240K), 0.0330150 secs] 357678K->269715K(396032K), 0.0330650 secs] [Times: user=0.23 sys=0.00, real=0.03 secs] 
89.388: Total time for which application threads were stopped: 0.0332320 seconds, Stopping threads took: 0.0001060 seconds
89.458: Application time: 0.0701650 seconds
89.459: [GC89.459: [ParNew: 122238K->122238K(122240K), 0.0000150 secs]89.459: [CMS89.483: [CMS-concurrent-mark: 0.304/0.450 secs] [Times: user=3.26 sys=0.02, real=0.44 secs] 
 (concurrent mode failure): 256148K->139887K(273792K), 0.3532940 secs] 378387K->139887K(396032K), [CMS Perm : 9099K->9099K(21248K)], 0.3533650 secs] [Times: user=0.37 sys=0.00, real=0.35 secs] 
89.812: Total time for which application threads were stopped: 0.3535030 seconds, Stopping threads took: 0.0000700 seconds
89.866: Application time: 0.0540560 seconds
89.866: [GC89.866: [ParNew: 108672K->13566K(122240K), 0.0110630 secs] 248559K->154378K(396032K), 0.0111090 secs] [Times: user=0.09 sys=0.00, real=0.01 secs] 
89.877: Total time for which application threads were stopped: 0.0112980 seconds, Stopping threads took: 0.0001090 seconds
89.924: Application time: 0.0469740 seconds
89.924: [GC89.924: [ParNew: 122238K->13568K(122240K), 0.0295970 secs] 263050K->178796K(396032K), 0.0296450 secs] [Times: user=0.21 sys=0.00, real=0.04 secs] 
89.954: Total time for which application threads were stopped: 0.0298500 seconds, Stopping threads took: 0.0001320 seconds
89.961: Application time: 0.0067370 seconds
89.961: [GC [1 CMS-initial-mark: 165228K(273792K)] 193776K(396032K), 0.0186120 secs] [Times: user=0.02 sys=0.00, real=0.02 secs] 
89.980: Total time for which application threads were stopped: 0.0188540 seconds, Stopping threads took: 0.0001920 seconds
89.980: [CMS-concurrent-mark-start]
90.036: Application time: 0.0565390 seconds
90.036: [GC90.036: [ParNew: 122240K->13568K(122240K), 0.0309750 secs] 287468K->196657K(396032K), 0.0310210 secs] [Times: user=0.22 sys=0.00, real=0.03 secs] 
90.067: Total time for which application threads were stopped: 0.0311830 seconds, Stopping threads took: 0.0000900 seconds
90.116: Application time: 0.0488550 seconds
90.116: [GC90.116: [ParNew: 122240K->13568K(122240K), 0.0389980 secs] 305329K->225591K(396032K), 0.0390560 secs] [Times: user=0.27 sys=0.00, real=0.04 secs] 
90.155: Total time for which application threads were stopped: 0.0391810 seconds, Stopping threads took: 0.0000520 seconds
90.217: Application time: 0.0611270 seconds
90.217: [GC90.217: [ParNew: 122240K->13568K(122240K), 0.0367280 secs] 334263K->248971K(396032K), 0.0367880 secs] [Times: user=0.26 sys=0.00, real=0.04 secs] 
90.254: Total time for which application threads were stopped: 0.0369480 seconds, Stopping threads took: 0.0000880 seconds
90.302: Application time: 0.0483190 seconds
90.302: [GC90.302: [ParNew: 122240K->13568K(122240K), 0.0412290 secs] 357643K->278366K(396032K), 0.0412790 secs] [Times: user=0.28 sys=0.00, real=0.04 secs] 
90.343: Total time for which application threads were stopped: 0.0414530 seconds, Stopping threads took: 0.0001040 seconds
90.389: Application time: 0.0460090 seconds
90.389: [GC90.390: [ParNew: 122240K->122240K(122240K), 0.0000150 secs]90.390: [CMS90.404: [CMS-concurrent-mark: 0.273/0.424 secs] [Times: user=3.12 sys=0.01, real=0.42 secs] 
 (concurrent mode failure): 264798K->154783K(273792K), 0.3408450 secs] 387038K->154783K(396032K), [CMS Perm : 9099K->9099K(21248K)], 0.3409160 secs] [Times: user=0.36 sys=0.00, real=0.34 secs] 
90.730: Total time for which application threads were stopped: 0.3410700 seconds, Stopping threads took: 0.0000750 seconds
90.787: Application time: 0.0565520 seconds
90.787: [GC90.787: [ParNew: 108672K->13566K(122240K), 0.0160270 secs] 263455K->171058K(396032K), 0.0160750 secs] [Times: user=0.12 sys=0.00, real=0.01 secs] 
90.803: Total time for which application threads were stopped: 0.0163060 seconds, Stopping threads took: 0.0001410 seconds
90.859: Application time: 0.0552690 seconds
90.859: [GC90.859: [ParNew: 122238K->13566K(122240K), 0.0255810 secs] 279730K->187689K(396032K), 0.0256300 secs] [Times: user=0.19 sys=0.00, real=0.02 secs] 
90.884: Total time for which application threads were stopped: 0.0258630 seconds, Stopping threads took: 0.0001610 seconds
90.884: Application time: 0.0000450 seconds
90.885: [GC [1 CMS-initial-mark: 174123K(273792K)] 187897K(396032K), 0.0103750 secs] [Times: user=0.01 sys=0.00, real=0.02 secs] 
90.895: Total time for which application threads were stopped: 0.0104440 seconds, Stopping threads took: 0.0000290 seconds
90.895: [CMS-concurrent-mark-start]
90.955: Application time: 0.0599250 seconds
90.955: [GC90.955: [ParNew: 122238K->13568K(122240K), 0.0280920 secs] 296361K->203957K(396032K), 0.0281390 secs] [Times: user=0.20 sys=0.00, real=0.02 secs] 
90.983: Total time for which application threads were stopped: 0.0283260 seconds, Stopping threads took: 0.0001080 seconds
91.050: Application time: 0.0669670 seconds
91.050: [GC91.050: [ParNew: 122240K->13568K(122240K), 0.0275420 secs] 312629K->219085K(396032K), 0.0275910 secs] [Times: user=0.20 sys=0.00, real=0.03 secs] 
91.078: Total time for which application threads were stopped: 0.0277790 seconds, Stopping threads took: 0.0001190 seconds
91.139: Application time: 0.0608150 seconds
91.139: [GC91.139: [ParNew: 122240K->13568K(122240K), 0.0339780 secs] 327757K->241708K(396032K), 0.0340290 secs] [Times: user=0.24 sys=0.00, real=0.04 secs] 
91.173: Total time for which application threads were stopped: 0.0341590 seconds, Stopping threads took: 0.0000590 seconds
91.221: Application time: 0.0480920 seconds
91.221: [GC91.221: [ParNew: 122240K->13568K(122240K), 0.0373770 secs] 350380K->268860K(396032K), 0.0374220 secs] [Times: user=0.25 sys=0.00, real=0.04 secs] 
91.259: Total time for which application threads were stopped: 0.0375830 seconds, Stopping threads took: 0.0000920 seconds
91.296: [CMS-concurrent-mark: 0.272/0.401 secs] [Times: user=3.03 sys=0.01, real=0.40 secs] 
91.296: [CMS-concurrent-preclean-start]
91.305: Application time: 0.0466950 seconds
91.305: [GC91.305: [ParNew: 122240K->122240K(122240K), 0.0000130 secs]91.305: [CMS91.458: [CMS-concurrent-preclean: 0.160/0.162 secs] [Times: user=0.24 sys=0.00, real=0.16 secs] 
 (concurrent mode failure): 255292K->142442K(273792K), 0.4649000 secs] 377532K->142442K(396032K), [CMS Perm : 9099K->9099K(21248K)], 0.4649670 secs] [Times: user=0.46 sys=0.00, real=0.46 secs] 
91.770: Total time for which application threads were stopped: 0.4651260 seconds, Stopping threads took: 0.0000910 seconds
91.816: Application time: 0.0460190 seconds
91.817: [GC91.817: [ParNew: 108672K->13568K(122240K), 0.0238820 secs] 251114K->172570K(396032K), 0.0239320 secs] [Times: user=0.16 sys=0.01, real=0.02 secs] 
91.841: Total time for which application threads were stopped: 0.0241010 seconds, Stopping threads took: 0.0000830 seconds
91.887: Application time: 0.0465090 seconds
91.887: [GC91.887: [ParNew: 122240K->13568K(122240K), 0.0330780 secs] 281242K->195307K(396032K), 0.0331270 secs] [Times: user=0.23 sys=0.00, real=0.03 secs] 
91.920: Total time for which application threads were stopped: 0.0333810 seconds, Stopping threads took: 0.0001850 seconds
91.929: Application time: 0.0083860 seconds
91.929: [GC [1 CMS-initial-mark: 181739K(273792K)] 210791K(396032K), 0.0216640 secs] [Times: user=0.02 sys=0.00, real=0.02 secs] 
91.951: Total time for which application threads were stopped: 0.0219060 seconds, Stopping threads took: 0.0001910 seconds
91.951: [CMS-concurrent-mark-start]
92.015: Application time: 0.0643880 seconds
92.015: [GC92.015: [ParNew: 122240K->13568K(122240K), 0.0262020 secs] 303979K->208061K(396032K), 0.0262490 secs] [Times: user=0.19 sys=0.00, real=0.02 secs] 
92.042: Total time for which application threads were stopped: 0.0263890 seconds, Stopping threads took: 0.0000690 seconds
92.118: Application time: 0.0767400 seconds
92.118: [GC92.118: [ParNew: 122240K->12591K(122240K), 0.0236440 secs] 316733K->218860K(396032K), 0.0236950 secs] [Times: user=0.17 sys=0.00, real=0.02 secs] 
92.142: Total time for which application threads were stopped: 0.0238480 seconds, Stopping threads took: 0.0000860 seconds
92.184: [CMS-concurrent-mark: 0.183/0.234 secs] [Times: user=1.81 sys=0.00, real=0.23 secs] 
92.185: [CMS-concurrent-preclean-start]
92.204: Application time: 0.0620520 seconds
92.204: [GC92.204: [ParNew: 121263K->13568K(122240K), 0.0219290 secs] 327532K->229770K(396032K), 0.0219760 secs] [Times: user=0.15 sys=0.00, real=0.03 secs] 
92.226: Total time for which application threads were stopped: 0.0221440 seconds, Stopping threads took: 0.0001000 seconds
92.273: Application time: 0.0469020 seconds
92.273: [GC92.273: [ParNew: 122240K->13568K(122240K), 0.0374220 secs] 338442K->257598K(396032K), 0.0374700 secs] [Times: user=0.25 sys=0.00, real=0.03 secs] 
92.311: Total time for which application threads were stopped: 0.0376170 seconds, Stopping threads took: 0.0000770 seconds
92.357: Application time: 0.0464310 seconds
92.357: [GC92.357: [ParNew: 122240K->122240K(122240K), 0.0000140 secs]92.357: [CMS92.480: [CMS-concurrent-preclean: 0.234/0.296 secs] [Times: user=1.46 sys=0.00, real=0.30 secs] 
 (concurrent mode failure): 244030K->119961K(273792K), 0.3759280 secs] 366270K->119961K(396032K), [CMS Perm : 9099K->9099K(21248K)], 0.3759930 secs] [Times: user=0.37 sys=0.00, real=0.38 secs] 
92.733: Total time for which application threads were stopped: 0.3761310 seconds, Stopping threads took: 0.0000590 seconds
92.777: Application time: 0.0436310 seconds
92.777: [GC92.777: [ParNew: 108672K->13568K(122240K), 0.0266550 secs] 228633K->153625K(396032K), 0.0267080 secs] [Times: user=0.19 sys=0.00, real=0.02 secs] 
92.804: Total time for which application threads were stopped: 0.0270140 seconds, Stopping threads took: 0.0002120 seconds
92.846: Application time: 0.0414950 seconds
92.846: [GC92.846: [ParNew: 122240K->13568K(122240K), 0.0369790 secs] 262297K->182571K(396032K), 0.0370290 secs] [Times: user=0.25 sys=0.00, real=0.03 secs] 
92.883: Total time for which application threads were stopped: 0.0372200 seconds, Stopping threads took: 0.0001200 seconds
92.885: Application time: 0.0020730 seconds
92.885: [GC [1 CMS-initial-mark: 169003K(273792K)] 188123K(396032K), 0.0127320 secs] [Times: user=0.01 sys=0.00, real=0.01 secs] 
92.898: Total time for which application threads were stopped: 0.0129040 seconds, Stopping threads took: 0.0001000 seconds
92.898: [CMS-concurrent-mark-start]
92.950: Application time: 0.0522810 seconds
92.950: [GC92.950: [ParNew: 122240K->13568K(122240K), 0.0411010 secs] 291243K->210823K(396032K), 0.0411460 secs] [Times: user=0.28 sys=0.00, real=0.04 secs] 
92.991: Total time for which application threads were stopped: 0.0412850 seconds, Stopping threads took: 0.0000710 seconds
93.049: Application time: 0.0578140 seconds
93.049: [GC93.049: [ParNew: 122240K->13568K(122240K), 0.0319270 secs] 319495K->228330K(396032K), 0.0319750 secs] [Times: user=0.22 sys=0.00, real=0.03 secs] 
93.081: Total time for which application threads were stopped: 0.0321390 seconds, Stopping threads took: 0.0000970 seconds
93.158: Application time: 0.0768140 seconds
93.158: [GC93.158: [ParNew: 122240K->13222K(122240K), 0.0261520 secs] 337002K->240585K(396032K), 0.0262000 secs] [Times: user=0.19 sys=0.00, real=0.02 secs] 
93.184: Total time for which application threads were stopped: 0.0263520 seconds, Stopping threads took: 0.0000800 seconds
93.241: [CMS-concurrent-mark: 0.244/0.344 secs] [Times: user=2.64 sys=0.00, real=0.34 secs] 
93.241: [CMS-concurrent-preclean-start]
93.257: Application time: 0.0721770 seconds
93.257: [GC93.257: [ParNew: 121894K->13500K(122240K), 0.0202540 secs] 349257K->249068K(396032K), 0.0203070 secs] [Times: user=0.15 sys=0.01, real=0.02 secs] 
93.277: Total time for which application threads were stopped: 0.0204790 seconds, Stopping threads took: 0.0001060 seconds
93.324: Application time: 0.0467230 seconds
93.324: [GC93.324: [ParNew: 122172K->13568K(122240K), 0.0298130 secs] 357740K->267740K(396032K), 0.0298600 secs] [Times: user=0.21 sys=0.00, real=0.04 secs] 
93.354: Total time for which application threads were stopped: 0.0299930 seconds, Stopping threads took: 0.0000620 seconds
93.395: Application time: 0.0408980 seconds
93.395: [GC93.395: [ParNew: 122240K->122240K(122240K), 0.0000150 secs]93.395: [CMS93.533: [CMS-concurrent-preclean: 0.239/0.291 secs] [Times: user=1.31 sys=0.01, real=0.29 secs] 
 (concurrent mode failure): 254172K->119690K(273792K), 0.3866120 secs] 376412K->119690K(396032K), [CMS Perm : 9099K->9099K(21248K)], 0.3866820 secs] [Times: user=0.39 sys=0.00, real=0.38 secs] 
93.782: Total time for which application threads were stopped: 0.3868500 seconds, Stopping threads took: 0.0000860 seconds
93.822: Application time: 0.0402500 seconds
93.822: [GC93.822: [ParNew: 108672K->13568K(122240K), 0.0271450 secs] 228362K->154164K(396032K), 0.0271910 secs] [Times: user=0.18 sys=0.00, real=0.03 secs] 
93.849: Total time for which application threads were stopped: 0.0273470 seconds, Stopping threads took: 0.0000870 seconds
93.897: Application time: 0.0481240 seconds
93.897: [GC93.898: [ParNew: 122240K->13568K(122240K), 0.0387240 secs] 262836K->182829K(396032K), 0.0387680 secs] [Times: user=0.26 sys=0.00, real=0.04 secs] 
93.936: Total time for which application threads were stopped: 0.0389890 seconds, Stopping threads took: 0.0001210 seconds
93.949: Application time: 0.0125540 seconds
93.951: [GC [1 CMS-initial-mark: 169261K(273792K)] 212249K(396032K), 0.0275900 secs] [Times: user=0.03 sys=0.00, real=0.03 secs] 
93.979: Total time for which application threads were stopped: 0.0301560 seconds, Stopping threads took: 0.0025110 seconds
93.979: [CMS-concurrent-mark-start]
94.028: Application time: 0.0493970 seconds
94.029: [GC94.029: [ParNew: 122240K->13568K(122240K), 0.0327410 secs] 291501K->200876K(396032K), 0.0327990 secs] [Times: user=0.24 sys=0.00, real=0.03 secs] 
94.061: Total time for which application threads were stopped: 0.0329550 seconds, Stopping threads took: 0.0000790 seconds
94.116: Application time: 0.0551290 seconds
94.117: [GC94.117: [ParNew: 122240K->13568K(122240K), 0.0341480 secs] 309548K->223427K(396032K), 0.0341960 secs] [Times: user=0.24 sys=0.00, real=0.03 secs] 
94.151: Total time for which application threads were stopped: 0.0342810 seconds, Stopping threads took: 0.0000130 seconds
94.216: Application time: 0.0656390 seconds
94.217: [GC94.217: [ParNew: 122240K->13568K(122240K), 0.0278400 secs] 332099K->239157K(396032K), 0.0278950 secs] [Times: user=0.20 sys=0.00, real=0.02 secs] 
94.244: Total time for which application threads were stopped: 0.0280430 seconds, Stopping threads took: 0.0000800 seconds
94.314: [CMS-concurrent-mark: 0.240/0.335 secs] [Times: user=2.56 sys=0.00, real=0.34 secs] 
94.314: [CMS-concurrent-preclean-start]
94.318: Application time: 0.0733410 seconds
94.318: [GC94.318: [ParNew: 122240K->13568K(122240K), 0.0255990 secs] 347829K->251454K(396032K), 0.0256440 secs] [Times: user=0.19 sys=0.00, real=0.02 secs] 
94.344: Total time for which application threads were stopped: 0.0257480 seconds, Stopping threads took: 0.0000370 seconds
94.398: Application time: 0.0543020 seconds
94.398: [GC94.398: [ParNew: 122240K->13568K(122240K), 0.0300020 secs] 360126K->268743K(396032K), 0.0300510 secs] [Times: user=0.21 sys=0.00, real=0.03 secs] 
94.428: Total time for which application threads were stopped: 0.0302100 seconds, Stopping threads took: 0.0000770 seconds
94.470: Application time: 0.0423150 seconds
94.471: [GC94.471: [ParNew: 122240K->122240K(122240K), 0.0000140 secs]94.471: [CMS94.612: [CMS-concurrent-preclean: 0.240/0.298 secs] [Times: user=1.34 sys=0.00, real=0.29 secs] 
 (concurrent mode failure): 255175K->127403K(273792K), 0.4773940 secs] 377415K->127403K(396032K), [CMS Perm : 9099K->9099K(21248K)], 0.4774700 secs] [Times: user=0.48 sys=0.00, real=0.48 secs] 
94.948: Total time for which application threads were stopped: 0.4776550 seconds, Stopping threads took: 0.0001100 seconds
94.993: Application time: 0.0449350 seconds
94.993: [GC94.993: [ParNew: 108672K->13568K(122240K), 0.0245600 secs] 236075K->157679K(396032K), 0.0246060 secs] [Times: user=0.18 sys=0.00, real=0.02 secs] 
95.018: Total time for which application threads were stopped: 0.0247630 seconds, Stopping threads took: 0.0000750 seconds
95.065: Application time: 0.0473490 seconds
95.065: [GC95.065: [ParNew: 122240K->13568K(122240K), 0.0330700 secs] 266351K->181814K(396032K), 0.0331200 secs] [Times: user=0.23 sys=0.00, real=0.03 secs] 
95.098: Total time for which application threads were stopped: 0.0333150 seconds, Stopping threads took: 0.0001250 seconds
95.105: Application time: 0.0064550 seconds
95.105: [GC [1 CMS-initial-mark: 168246K(273792K)] 198530K(396032K), 0.0185950 secs] [Times: user=0.02 sys=0.00, real=0.01 secs] 
95.124: Total time for which application threads were stopped: 0.0187500 seconds, Stopping threads took: 0.0001020 seconds
95.124: [CMS-concurrent-mark-start]
95.174: Application time: 0.0504040 seconds
95.174: [GC95.174: [ParNew: 122240K->13568K(122240K), 0.0340280 secs] 290486K->203599K(396032K), 0.0340740 secs] [Times: user=0.24 sys=0.00, real=0.03 secs] 
95.208: Total time for which application threads were stopped: 0.0342000 seconds, Stopping threads took: 0.0000570 seconds
95.280: Application time: 0.0712980 seconds
95.280: [GC95.280: [ParNew: 122240K->13568K(122240K), 0.0290480 secs] 312271K->218184K(396032K), 0.0290970 secs] [Times: user=0.20 sys=0.00, real=0.03 secs] 
95.309: Total time for which application threads were stopped: 0.0293470 seconds, Stopping threads took: 0.0001590 seconds
95.359: Application time: 0.0504200 seconds
95.359: [GC95.359: [ParNew: 122240K->13568K(122240K), 0.0340850 secs] 326856K->240940K(396032K), 0.0341310 secs] [Times: user=0.23 sys=0.00, real=0.04 secs] 
95.394: Total time for which application threads were stopped: 0.0342830 seconds, Stopping threads took: 0.0000820 seconds
95.438: [CMS-concurrent-mark: 0.216/0.314 secs] [Times: user=2.40 sys=0.00, real=0.32 secs] 
95.438: [CMS-concurrent-preclean-start]
95.458: Application time: 0.0648060 seconds
95.458: [GC95.459: [ParNew: 122240K->13568K(122240K), 0.0309920 secs] 349612K->259119K(396032K), 0.0310380 secs] [Times: user=0.21 sys=0.00, real=0.03 secs] 
95.490: Total time for which application threads were stopped: 0.0311770 seconds, Stopping threads took: 0.0000700 seconds
95.540: Application time: 0.0502800 seconds
95.540: [GC95.540: [ParNew: 121996K->13568K(122240K), 0.0317000 secs] 367547K->279473K(396032K), 0.0317550 secs] [Times: user=0.22 sys=0.00, real=0.03 secs] 
95.572: Total time for which application threads were stopped: 0.0319280 seconds, Stopping threads took: 0.0000880 seconds
95.614: Application time: 0.0423060 seconds
95.614: [GC95.614: [ParNew: 122240K->122240K(122240K), 0.0000160 secs]95.614: [CMS95.752: [CMS-concurrent-preclean: 0.249/0.314 secs] [Times: user=1.48 sys=0.00, real=0.31 secs] 
 (concurrent mode failure): 265905K->142377K(273792K), 0.4580620 secs] 388145K->142377K(396032K), [CMS Perm : 9099K->9099K(21248K)], 0.4581350 secs] [Times: user=0.46 sys=0.00, real=0.45 secs] 
96.072: Total time for which application threads were stopped: 0.4583150 seconds, Stopping threads took: 0.0001110 seconds
96.129: Application time: 0.0568330 seconds
96.133: [GC96.133: [ParNew: 108672K->13568K(122240K), 0.0194730 secs] 251049K->163226K(396032K), 0.0195200 secs] [Times: user=0.15 sys=0.00, real=0.01 secs] 
96.153: Total time for which application threads were stopped: 0.0233840 seconds, Stopping threads took: 0.0037650 seconds
96.206: Application time: 0.0529820 seconds
96.206: [GC96.206: [ParNew: 122240K->13568K(122240K), 0.0266490 secs] 271898K->178508K(396032K), 0.0267030 secs] [Times: user=0.19 sys=0.00, real=0.02 secs] 
96.233: Total time for which application threads were stopped: 0.0269320 seconds, Stopping threads took: 0.0001570 seconds
96.278: Application time: 0.0456510 seconds
96.278: [GC96.278: [ParNew: 122240K->13568K(122240K), 0.0320960 secs] 287180K->204076K(396032K), 0.0321440 secs] [Times: user=0.22 sys=0.00, real=0.03 secs] 
96.310: Total time for which application threads were stopped: 0.0322820 seconds, Stopping threads took: 0.0000680 seconds
96.311: Application time: 0.0000710 seconds
96.311: [GC [1 CMS-initial-mark: 190508K(273792K)] 205271K(396032K), 0.0102930 secs] [Times: user=0.01 sys=0.00, real=0.01 secs] 
96.321: Total time for which application threads were stopped: 0.0104040 seconds, Stopping threads took: 0.0000680 seconds
96.321: [CMS-concurrent-mark-start]
96.369: Application time: 0.0482590 seconds
96.369: [GC96.369: [ParNew: 122240K->13568K(122240K), 0.0365460 secs] 312748K->229052K(396032K), 0.0365900 secs] [Times: user=0.25 sys=0.00, real=0.04 secs] 
96.406: Total time for which application threads were stopped: 0.0366900 seconds, Stopping threads took: 0.0000320 seconds
96.464: Application time: 0.0582040 seconds
96.464: [GC96.464: [ParNew: 122240K->13568K(122240K), 0.0343290 secs] 337724K->250396K(396032K), 0.0343790 secs] [Times: user=0.24 sys=0.00, real=0.04 secs] 
96.499: Total time for which application threads were stopped: 0.0346160 seconds, Stopping threads took: 0.0001480 seconds
96.557: Application time: 0.0583960 seconds
96.557: [GC96.557: [ParNew: 122240K->13568K(122240K), 0.0360640 secs] 359068K->273497K(396032K), 0.0361120 secs] [Times: user=0.25 sys=0.00, real=0.04 secs] 
96.593: Total time for which application threads were stopped: 0.0362480 seconds, Stopping threads took: 0.0000680 seconds
96.660: Application time: 0.0668370 seconds
96.660: [GC96.660: [ParNew: 122240K->122240K(122240K), 0.0000130 secs]96.660: [CMS96.668: [CMS-concurrent-mark: 0.239/0.347 secs] [Times: user=2.60 sys=0.01, real=0.35 secs] 
 (concurrent mode failure): 259929K->133468K(273792K), 0.3233170 secs] 382169K->133468K(396032K), [CMS Perm : 9099K->9099K(21248K)], 0.3233860 secs] [Times: user=0.32 sys=0.01, real=0.32 secs] 
96.984: Total time for which application threads were stopped: 0.3235380 seconds, Stopping threads took: 0.0000710 seconds
97.031: Application time: 0.0475590 seconds
97.031: [GC97.031: [ParNew: 108672K->13568K(122240K), 0.0163750 secs] 242140K->155136K(396032K), 0.0164230 secs] [Times: user=0.11 sys=0.00, real=0.02 secs] 
97.048: Total time for which application threads were stopped: 0.0165950 seconds, Stopping threads took: 0.0001050 seconds
97.094: Application time: 0.0463180 seconds
97.094: [GC97.094: [ParNew: 122240K->13568K(122240K), 0.0328900 secs] 263808K->181629K(396032K), 0.0329480 secs] [Times: user=0.23 sys=0.00, real=0.03 secs] 
97.127: Total time for which application threads were stopped: 0.0331630 seconds, Stopping threads took: 0.0001440 seconds
97.127: Application time: 0.0000710 seconds
97.128: [GC [1 CMS-initial-mark: 168061K(273792K)] 182817K(396032K), 0.0107400 secs] [Times: user=0.01 sys=0.00, real=0.01 secs] 
97.138: Total time for which application threads were stopped: 0.0108670 seconds, Stopping threads took: 0.0000860 seconds
97.138: [CMS-concurrent-mark-start]
97.201: Application time: 0.0628090 seconds
97.201: [GC97.201: [ParNew: 122240K->13568K(122240K), 0.0276080 secs] 290301K->197747K(396032K), 0.0276560 secs] [Times: user=0.19 sys=0.00, real=0.03 secs] 
97.229: Total time for which application threads were stopped: 0.0278240 seconds, Stopping threads took: 0.0000880 seconds
97.292: Application time: 0.0626500 seconds
97.292: [GC97.292: [ParNew: 122240K->13568K(122240K), 0.0352300 secs] 306419K->220259K(396032K), 0.0352760 secs] [Times: user=0.25 sys=0.00, real=0.04 secs] 
97.327: Total time for which application threads were stopped: 0.0354190 seconds, Stopping threads took: 0.0000760 seconds
97.386: Application time: 0.0592330 seconds
97.386: [GC97.386: [ParNew: 122240K->13567K(122240K), 0.0330990 secs] 328931K->240831K(396032K), 0.0331460 secs] [Times: user=0.24 sys=0.00, real=0.03 secs] 
97.420: Total time for which application threads were stopped: 0.0332770 seconds, Stopping threads took: 0.0000630 seconds
97.422: [CMS-concurrent-mark: 0.187/0.283 secs] [Times: user=2.16 sys=0.00, real=0.28 secs] 
97.422: [CMS-concurrent-preclean-start]
97.457: Application time: 0.0374900 seconds
97.457: [GC97.457: [ParNew: 122239K->13566K(122240K), 0.0393960 secs] 349503K->272566K(396032K), 0.0394440 secs] [Times: user=0.26 sys=0.00, real=0.04 secs] 
97.497: Total time for which application threads were stopped: 0.0395980 seconds, Stopping threads took: 0.0000830 seconds
97.552: Application time: 0.0548770 seconds
97.552: [GC97.552: [ParNew: 122238K->122238K(122240K), 0.0000120 secs]97.552: [CMS97.702: [CMS-concurrent-preclean: 0.238/0.280 secs] [Times: user=1.14 sys=0.00, real=0.28 secs] 
 (concurrent mode failure): 259000K->152479K(273792K), 0.4788010 secs] 381238K->152479K(396032K), [CMS Perm : 9099K->9099K(21248K)], 0.4788650 secs] [Times: user=0.48 sys=0.00, real=0.48 secs] 
98.031: Total time for which application threads were stopped: 0.4790340 seconds, Stopping threads took: 0.0001010 seconds
98.080: Application time: 0.0495830 seconds
98.080: [GC98.080: [ParNew: 108672K->13566K(122240K), 0.0115450 secs] 261151K->168225K(396032K), 0.0115920 secs] [Times: user=0.09 sys=0.00, real=0.01 secs] 
98.092: Total time for which application threads were stopped: 0.0117850 seconds, Stopping threads took: 0.0001120 seconds
98.149: Application time: 0.0569530 seconds
98.149: [GC98.149: [ParNew: 122238K->13566K(122240K), 0.0252850 secs] 276897K->185396K(396032K), 0.0253340 secs] [Times: user=0.18 sys=0.00, real=0.03 secs] 
98.175: Total time for which application threads were stopped: 0.0256060 seconds, Stopping threads took: 0.0002020 seconds
98.175: Application time: 0.0000860 seconds
98.175: [GC [1 CMS-initial-mark: 171830K(273792K)] 187215K(396032K), 0.0112790 secs] [Times: user=0.01 sys=0.00, real=0.01 secs] 
98.186: Total time for which application threads were stopped: 0.0114090 seconds, Stopping threads took: 0.0000850 seconds
98.186: [CMS-concurrent-mark-start]
98.262: Application time: 0.0757490 seconds
98.262: [GC98.262: [ParNew: 122238K->13568K(122240K), 0.0253670 secs] 294068K->198122K(396032K), 0.0254140 secs] [Times: user=0.18 sys=0.00, real=0.03 secs] 
98.287: Total time for which application threads were stopped: 0.0255720 seconds, Stopping threads took: 0.0000910 seconds
98.345: Application time: 0.0575930 seconds
98.345: [GC98.345: [ParNew: 122240K->13568K(122240K), 0.0271140 secs] 306794K->214066K(396032K), 0.0271600 secs] [Times: user=0.20 sys=0.00, real=0.02 secs] 
98.372: Total time for which application threads were stopped: 0.0273270 seconds, Stopping threads took: 0.0000970 seconds
98.408: [CMS-concurrent-mark: 0.169/0.222 secs] [Times: user=1.71 sys=0.00, real=0.22 secs] 
98.408: [CMS-concurrent-preclean-start]
98.427: Application time: 0.0544750 seconds
98.427: [GC98.427: [ParNew: 122240K->13568K(122240K), 0.0344420 secs] 322738K->238245K(396032K), 0.0344890 secs] [Times: user=0.24 sys=0.00, real=0.03 secs] 
98.461: Total time for which application threads were stopped: 0.0346270 seconds, Stopping threads took: 0.0000680 seconds
98.509: Application time: 0.0480170 seconds
98.510: [GC98.510: [ParNew: 122240K->13568K(122240K), 0.0380650 secs] 346917K->265080K(396032K), 0.0381150 secs] [Times: user=0.26 sys=0.00, real=0.04 secs] 
98.548: Total time for which application threads were stopped: 0.0382790 seconds, Stopping threads took: 0.0000920 seconds
98.585: Application time: 0.0376050 seconds
98.585: [GC98.585: [ParNew: 122240K->122240K(122240K), 0.0000150 secs]98.585: [CMS98.704: [CMS-concurrent-preclean: 0.220/0.295 secs] [Times: user=1.45 sys=0.01, real=0.29 secs] 
 (concurrent mode failure): 251512K->135308K(273792K), 0.4357560 secs] 373752K->135308K(396032K), [CMS Perm : 9100K->9100K(21248K)], 0.4358300 secs] [Times: user=0.44 sys=0.00, real=0.43 secs] 
99.021: Total time for which application threads were stopped: 0.4360000 seconds, Stopping threads took: 0.0000850 seconds
99.067: Application time: 0.0452600 seconds
99.067: [GC99.067: [ParNew: 108672K->13568K(122240K), 0.0308230 secs] 243980K->170993K(396032K), 0.0308720 secs] [Times: user=0.21 sys=0.00, real=0.03 secs] 
99.098: Total time for which application threads were stopped: 0.0310740 seconds, Stopping threads took: 0.0001300 seconds
99.157: Application time: 0.0596530 seconds
99.157: [GC99.157: [ParNew: 122240K->13568K(122240K), 0.0277860 secs] 279665K->184199K(396032K), 0.0278340 secs] [Times: user=0.20 sys=0.00, real=0.03 secs] 
99.185: Total time for which application threads were stopped: 0.0280200 seconds, Stopping threads took: 0.0001030 seconds
99.185: Application time: 0.0000350 seconds
99.185: [GC [1 CMS-initial-mark: 170631K(273792K)] 184467K(396032K), 0.0123040 secs] [Times: user=0.01 sys=0.00, real=0.01 secs] 
99.198: Total time for which application threads were stopped: 0.0123870 seconds, Stopping threads took: 0.0000400 seconds
99.198: [CMS-concurrent-mark-start]
99.275: Application time: 0.0776090 seconds
99.275: [GC99.275: [ParNew: 122240K->12706K(122240K), 0.0239620 secs] 292871K->195411K(396032K), 0.0240100 secs] [Times: user=0.17 sys=0.00, real=0.02 secs] 
99.300: Total time for which application threads were stopped: 0.0241720 seconds, Stopping threads took: 0.0000920 seconds
99.362: Application time: 0.0628210 seconds
99.363: [GC99.363: [ParNew: 121378K->13568K(122240K), 0.0221100 secs] 304083K->205913K(396032K), 0.0221580 secs] [Times: user=0.16 sys=0.00, real=0.02 secs] 
99.385: Total time for which application threads were stopped: 0.0223490 seconds, Stopping threads took: 0.0001220 seconds
99.434: Application time: 0.0489350 seconds
99.434: [GC99.434: [ParNew: 122240K->13568K(122240K), 0.0332060 secs] 314585K->230272K(396032K), 0.0332540 secs] [Times: user=0.23 sys=0.00, real=0.03 secs] 
99.467: Total time for which application threads were stopped: 0.0333960 seconds, Stopping threads took: 0.0000740 seconds
99.472: [CMS-concurrent-mark: 0.195/0.275 secs] [Times: user=2.11 sys=0.00, real=0.27 secs] 
99.472: [CMS-concurrent-preclean-start]
99.520: Application time: 0.0531250 seconds
99.520: [GC99.520: [ParNew: 122240K->13568K(122240K), 0.0411840 secs] 338944K->259417K(396032K), 0.0412300 secs] [Times: user=0.28 sys=0.00, real=0.04 secs] 
99.561: Total time for which application threads were stopped: 0.0413130 seconds, Stopping threads took: 0.0000130 seconds
99.615: Application time: 0.0536160 seconds
99.615: [GC99.615: [ParNew: 122240K->122240K(122240K), 0.0000130 secs]99.615: [CMS99.744: [CMS-concurrent-preclean: 0.228/0.271 secs] [Times: user=1.23 sys=0.00, real=0.27 secs] 
 (concurrent mode failure): 245849K->131062K(273792K), 0.4297190 secs] 368089K->131062K(396032K), [CMS Perm : 9100K->9100K(21248K)], 0.4297850 secs] [Times: user=0.43 sys=0.00, real=0.43 secs] 
100.045: Total time for which application threads were stopped: 0.4299570 seconds, Stopping threads took: 0.0000970 seconds
100.091: Application time: 0.0464510 seconds
100.092: [GC100.092: [ParNew: 108672K->13568K(122240K), 0.0200590 secs] 239734K->158037K(396032K), 0.0201110 secs] [Times: user=0.14 sys=0.00, real=0.02 secs] 
100.112: Total time for which application threads were stopped: 0.0202870 seconds, Stopping threads took: 0.0000910 seconds
100.146: Application time: 0.0343560 seconds
100.146: [GC100.146: [ParNew: 122240K->13568K(122240K), 0.0365880 secs] 266709K->191789K(396032K), 0.0366370 secs] [Times: user=0.24 sys=0.00, real=0.03 secs] 
100.183: Total time for which application threads were stopped: 0.0369060 seconds, Stopping threads took: 0.0001980 seconds
100.201: Application time: 0.0177580 seconds
100.203: [GC [1 CMS-initial-mark: 178221K(273792K)] 238315K(396032K), 0.0334560 secs] [Times: user=0.03 sys=0.00, real=0.04 secs] 
100.236: Total time for which application threads were stopped: 0.0352570 seconds, Stopping threads took: 0.0017510 seconds
100.236: [CMS-concurrent-mark-start]
100.278: Application time: 0.0418310 seconds
100.278: [GC100.278: [ParNew: 122240K->13568K(122240K), 0.0403110 secs] 300461K->218266K(396032K), 0.0403580 secs] [Times: user=0.28 sys=0.00, real=0.04 secs] 
100.318: Total time for which application threads were stopped: 0.0405380 seconds, Stopping threads took: 0.0001150 seconds
100.392: Application time: 0.0739780 seconds
100.393: [GC100.393: [ParNew: 122240K->13568K(122240K), 0.0298330 secs] 326938K->231798K(396032K), 0.0298810 secs] [Times: user=0.21 sys=0.01, real=0.03 secs] 
100.423: Total time for which application threads were stopped: 0.0301450 seconds, Stopping threads took: 0.0001750 seconds
100.491: [CMS-concurrent-mark: 0.184/0.254 secs] [Times: user=1.95 sys=0.01, real=0.25 secs] 
100.491: [CMS-concurrent-preclean-start]
100.494: Application time: 0.0710920 seconds
100.497: [GC100.497: [ParNew: 122240K->13568K(122240K), 0.0226170 secs] 340470K->242421K(396032K), 0.0226670 secs] [Times: user=0.16 sys=0.00, real=0.02 secs] 
100.520: Total time for which application threads were stopped: 0.0259080 seconds, Stopping threads took: 0.0031700 seconds
100.572: Application time: 0.0524660 seconds
100.572: [GC100.572: [ParNew: 122240K->13568K(122240K), 0.0290090 secs] 351093K->260001K(396032K), 0.0290580 secs] [Times: user=0.20 sys=0.00, real=0.03 secs] 
100.601: Total time for which application threads were stopped: 0.0292050 seconds, Stopping threads took: 0.0000770 seconds
100.646: Application time: 0.0451630 seconds
100.647: [GC100.647: [ParNew (promotion failed): 122240K->122240K(122240K), 0.7986100 secs]101.445: [CMS101.590: [CMS-concurrent-preclean: 0.244/1.099 secs] [Times: user=2.58 sys=0.16, real=1.10 secs] 
 (concurrent mode failure): 271027K->129439K(273792K), 0.4196730 secs] 368673K->129439K(396032K), [CMS Perm : 9100K->9100K(21248K)], 1.2183630 secs] [Times: user=1.68 sys=0.16, real=1.22 secs] 
101.865: Total time for which application threads were stopped: 1.2185420 seconds, Stopping threads took: 0.0001000 seconds
101.911: Application time: 0.0458980 seconds
101.911: [GC101.911: [ParNew: 108554K->13568K(122240K), 0.0263550 secs] 237993K->162066K(396032K), 0.0264010 secs] [Times: user=0.19 sys=0.00, real=0.03 secs] 
101.937: Total time for which application threads were stopped: 0.0266010 seconds, Stopping threads took: 0.0001180 seconds
101.980: Application time: 0.0428510 seconds
101.980: [GC101.980: [ParNew: 121982K->13568K(122240K), 0.0338790 secs] 270480K->186918K(396032K), 0.0339260 secs] [Times: user=0.23 sys=0.00, real=0.04 secs] 
102.014: Total time for which application threads were stopped: 0.0340860 seconds, Stopping threads took: 0.0000900 seconds
102.029: Application time: 0.0144440 seconds
102.032: [GC [1 CMS-initial-mark: 173350K(273792K)] 221546K(396032K), 0.0299400 secs] [Times: user=0.03 sys=0.00, real=0.03 secs] 
102.061: Total time for which application threads were stopped: 0.0326300 seconds, Stopping threads took: 0.0026370 seconds
102.062: [CMS-concurrent-mark-start]
102.099: Application time: 0.0380000 seconds
102.100: [GC102.100: [ParNew: 122240K->13568K(122240K), 0.0384470 secs] 295590K->213410K(396032K), 0.0385010 secs] [Times: user=0.27 sys=0.00, real=0.04 secs] 
102.138: Total time for which application threads were stopped: 0.0386650 seconds, Stopping threads took: 0.0000940 seconds
102.199: Application time: 0.0605240 seconds
102.199: [GC102.199: [ParNew: 122240K->13568K(122240K), 0.0333150 secs] 322082K->232320K(396032K), 0.0333630 secs] [Times: user=0.24 sys=0.00, real=0.03 secs] 
102.232: Total time for which application threads were stopped: 0.0335230 seconds, Stopping threads took: 0.0000890 seconds
102.306: Application time: 0.0733620 seconds
102.306: [GC102.306: [ParNew: 122240K->13555K(122240K), 0.0250270 secs] 340992K->245390K(396032K), 0.0250750 secs] [Times: user=0.18 sys=0.00, real=0.02 secs] 
102.331: Total time for which application threads were stopped: 0.0252280 seconds, Stopping threads took: 0.0000840 seconds
102.399: Application time: 0.0679390 seconds
102.399: [GC102.399: [ParNew: 122227K->13568K(122240K), 0.0211120 secs] 354062K->254310K(396032K), 0.0211610 secs] [Times: user=0.15 sys=0.00, real=0.02 secs] 
102.420: Total time for which application threads were stopped: 0.0213620 seconds, Stopping threads took: 0.0001300 seconds
102.426: [CMS-concurrent-mark: 0.245/0.364 secs] [Times: user=2.79 sys=0.00, real=0.37 secs] 
102.426: [CMS-concurrent-preclean-start]
102.474: Application time: 0.0542480 seconds
102.474: [GC102.474: [ParNew: 122240K->13568K(122240K), 0.0325690 secs] 362982K->275600K(396032K), 0.0326150 secs] [Times: user=0.22 sys=0.00, real=0.03 secs] 
102.507: Total time for which application threads were stopped: 0.0327630 seconds, Stopping threads took: 0.0000650 seconds
102.550: Application time: 0.0433530 seconds
102.553: [GC102.553: [ParNew: 122240K->122240K(122240K), 0.0000150 secs]102.553: [CMS102.696: [CMS-concurrent-preclean: 0.234/0.271 secs] [Times: user=1.10 sys=0.01, real=0.27 secs] 
 (concurrent mode failure): 262032K->128108K(273792K), 0.4208670 secs] 384272K->128108K(396032K), [CMS Perm : 9101K->9101K(21248K)], 0.4209360 secs] [Times: user=0.42 sys=0.00, real=0.42 secs] 
102.974: Total time for which application threads were stopped: 0.4233580 seconds, Stopping threads took: 0.0023530 seconds
103.023: Application time: 0.0493640 seconds
103.023: [GC103.023: [ParNew: 108672K->13568K(122240K), 0.0247690 secs] 236780K->156325K(396032K), 0.0248190 secs] [Times: user=0.18 sys=0.00, real=0.03 secs] 
103.048: Total time for which application threads were stopped: 0.0249750 seconds, Stopping threads took: 0.0000680 seconds
103.095: Application time: 0.0464110 seconds
103.095: [GC103.095: [ParNew: 122240K->13568K(122240K), 0.0327080 secs] 264997K->179495K(396032K), 0.0327590 secs] [Times: user=0.23 sys=0.00, real=0.03 secs] 
103.128: Total time for which application threads were stopped: 0.0329280 seconds, Stopping threads took: 0.0000950 seconds
103.128: Application time: 0.0000800 seconds
103.128: [GC [1 CMS-initial-mark: 165927K(273792K)] 180808K(396032K), 0.0104550 secs] [Times: user=0.01 sys=0.00, real=0.01 secs] 
103.138: Total time for which application threads were stopped: 0.0105880 seconds, Stopping threads took: 0.0000900 seconds
103.138: [CMS-concurrent-mark-start]
103.184: Application time: 0.0458470 seconds
103.184: [GC103.184: [ParNew: 122240K->13568K(122240K), 0.0368400 secs] 288167K->208656K(396032K), 0.0368870 secs] [Times: user=0.25 sys=0.00, real=0.04 secs] 
103.221: Total time for which application threads were stopped: 0.0370520 seconds, Stopping threads took: 0.0000980 seconds
103.281: Application time: 0.0596210 seconds
103.281: [GC103.281: [ParNew: 122240K->13568K(122240K), 0.0392190 secs] 317328K->234906K(396032K), 0.0392670 secs] [Times: user=0.27 sys=0.00, real=0.04 secs] 
103.320: Total time for which application threads were stopped: 0.0393980 seconds, Stopping threads took: 0.0000630 seconds
103.394: Application time: 0.0739360 seconds
103.394: [GC103.394: [ParNew: 122240K->13568K(122240K), 0.0293520 secs] 343578K->248406K(396032K), 0.0294080 secs] [Times: user=0.21 sys=0.00, real=0.02 secs] 
103.424: Total time for which application threads were stopped: 0.0295710 seconds, Stopping threads took: 0.0000950 seconds
103.461: [CMS-concurrent-mark: 0.216/0.323 secs] [Times: user=2.45 sys=0.01, real=0.32 secs] 
103.461: [CMS-concurrent-preclean-start]
103.492: Application time: 0.0687660 seconds
103.493: [GC103.493: [ParNew: 122240K->13568K(122240K), 0.0238260 secs] 357078K->259652K(396032K), 0.0238750 secs] [Times: user=0.17 sys=0.00, real=0.03 secs] 
103.516: Total time for which application threads were stopped: 0.0240430 seconds, Stopping threads took: 0.0001000 seconds
103.567: Application time: 0.0501870 seconds
103.567: [GC103.567: [ParNew: 122240K->122240K(122240K), 0.0000170 secs]103.567: [CMS103.693: [CMS-concurrent-preclean: 0.206/0.232 secs] [Times: user=0.94 sys=0.01, real=0.23 secs] 
 (concurrent mode failure): 246084K->116537K(273792K), 0.3904640 secs] 368324K->116537K(396032K), [CMS Perm : 9101K->9101K(21248K)], 0.3905360 secs] [Times: user=0.39 sys=0.00, real=0.39 secs] 
103.957: Total time for which application threads were stopped: 0.3906950 seconds, Stopping threads took: 0.0000780 seconds
103.995: Application time: 0.0380830 seconds
103.996: [GC103.996: [ParNew: 108672K->13568K(122240K), 0.0242480 secs] 225209K->149467K(396032K), 0.0242950 secs] [Times: user=0.17 sys=0.00, real=0.02 secs] 
104.020: Total time for which application threads were stopped: 0.0244390 seconds, Stopping threads took: 0.0000710 seconds
104.070: Application time: 0.0498410 seconds
104.070: [GC104.070: [ParNew: 122240K->13568K(122240K), 0.0368490 secs] 258139K->176730K(396032K), 0.0368970 secs] [Times: user=0.26 sys=0.00, real=0.04 secs] 
104.107: Total time for which application threads were stopped: 0.0371100 seconds, Stopping threads took: 0.0001290 seconds
104.107: Application time: 0.0001500 seconds
104.107: [GC [1 CMS-initial-mark: 163162K(273792K)] 178476K(396032K), 0.0114540 secs] [Times: user=0.01 sys=0.00, real=0.01 secs] 
104.119: Total time for which application threads were stopped: 0.0116180 seconds, Stopping threads took: 0.0001170 seconds
104.119: [CMS-concurrent-mark-start]
104.192: Application time: 0.0736400 seconds
104.193: [GC104.193: [ParNew: 122240K->13568K(122240K), 0.0284970 secs] 285402K->190354K(396032K), 0.0285450 secs] [Times: user=0.20 sys=0.00, real=0.02 secs] 
104.221: Total time for which application threads were stopped: 0.0292170 seconds, Stopping threads took: 0.0006030 seconds
104.272: Application time: 0.0505640 seconds
104.272: [GC104.272: [ParNew: 122240K->13568K(122240K), 0.0329430 secs] 299026K->212753K(396032K), 0.0329880 secs] [Times: user=0.22 sys=0.00, real=0.04 secs] 
104.305: Total time for which application threads were stopped: 0.0331640 seconds, Stopping threads took: 0.0001080 seconds
104.355: Application time: 0.0502240 seconds
104.355: [GC104.356: [ParNew: 122240K->13568K(122240K), 0.0397530 secs] 321425K->242035K(396032K), 0.0398000 secs] [Times: user=0.28 sys=0.00, real=0.04 secs] 
104.395: Total time for which application threads were stopped: 0.0399200 seconds, Stopping threads took: 0.0000500 seconds
104.453: [CMS-concurrent-mark: 0.232/0.334 secs] [Times: user=2.53 sys=0.01, real=0.33 secs] 
104.453: [CMS-concurrent-preclean-start]
104.454: Application time: 0.0587040 seconds
104.454: [GC104.454: [ParNew: 122240K->13568K(122240K), 0.0363110 secs] 350707K->264496K(396032K), 0.0363540 secs] [Times: user=0.26 sys=0.00, real=0.03 secs] 
104.491: Total time for which application threads were stopped: 0.0364750 seconds, Stopping threads took: 0.0000550 seconds
104.550: Application time: 0.0595470 seconds
104.550: [GC104.550: [ParNew: 122240K->122240K(122240K), 0.0000130 secs]104.550: [CMS104.715: [CMS-concurrent-preclean: 0.223/0.262 secs] [Times: user=0.93 sys=0.00, real=0.27 secs] 
 (concurrent mode failure): 250928K->134053K(273792K), 0.4563450 secs] 373168K->134053K(396032K), [CMS Perm : 9101K->9101K(21248K)], 0.4564220 secs] [Times: user=0.46 sys=0.00, real=0.46 secs] 
105.007: Total time for which application threads were stopped: 0.4565740 seconds, Stopping threads took: 0.0000830 seconds
105.059: Application time: 0.0524290 seconds
105.059: [GC105.059: [ParNew: 108672K->13568K(122240K), 0.0143480 secs] 242725K->151881K(396032K), 0.0143960 secs] [Times: user=0.11 sys=0.00, real=0.02 secs] 
105.074: Total time for which application threads were stopped: 0.0145530 seconds, Stopping threads took: 0.0000740 seconds
105.124: Application time: 0.0506020 seconds
105.124: [GC105.124: [ParNew: 122240K->13568K(122240K), 0.0283560 secs] 260553K->173251K(396032K), 0.0284040 secs] [Times: user=0.20 sys=0.00, real=0.04 secs] 
105.153: Total time for which application threads were stopped: 0.0285810 seconds, Stopping threads took: 0.0000910 seconds
105.165: Application time: 0.0120640 seconds
105.169: [GC [1 CMS-initial-mark: 159683K(273792K)] 201251K(396032K), 0.0275170 secs] [Times: user=0.02 sys=0.00, real=0.03 secs] 
105.196: Total time for which application threads were stopped: 0.0312740 seconds, Stopping threads took: 0.0037060 seconds
105.196: [CMS-concurrent-mark-start]
105.241: Application time: 0.0447040 seconds
105.241: [GC105.241: [ParNew: 121882K->13568K(122240K), 0.0336470 secs] 281566K->195689K(396032K), 0.0336950 secs] [Times: user=0.24 sys=0.00, real=0.04 secs] 
105.275: Total time for which application threads were stopped: 0.0338660 seconds, Stopping threads took: 0.0001010 seconds
105.319: Application time: 0.0442670 seconds
105.319: [GC105.319: [ParNew: 122240K->13568K(122240K), 0.0393590 secs] 304361K->225179K(396032K), 0.0394070 secs] [Times: user=0.27 sys=0.00, real=0.04 secs] 
105.359: Total time for which application threads were stopped: 0.0395410 seconds, Stopping threads took: 0.0000660 seconds
105.410: Application time: 0.0514820 seconds
105.410: [GC105.410: [ParNew: 122215K->13568K(122240K), 0.0348330 secs] 333827K->247711K(396032K), 0.0348790 secs] [Times: user=0.24 sys=0.00, real=0.04 secs] 
105.445: Total time for which application threads were stopped: 0.0350230 seconds, Stopping threads took: 0.0000750 seconds
105.509: Application time: 0.0643440 seconds
105.510: [GC105.510: [ParNew: 122240K->13568K(122240K), 0.0378580 secs] 356383K->269707K(396032K), 0.0379040 secs] [Times: user=0.27 sys=0.00, real=0.04 secs] 
105.547: Total time for which application threads were stopped: 0.0380420 seconds, Stopping threads took: 0.0000680 seconds
105.608: Application time: 0.0602430 seconds
105.608: [GC105.608: [ParNew: 122240K->122240K(122240K), 0.0000160 secs]105.608: [CMS105.628: [CMS-concurrent-mark: 0.284/0.432 secs] [Times: user=3.15 sys=0.02, real=0.43 secs] 
 (concurrent mode failure): 256139K->131491K(273792K), 0.2990800 secs] 378379K->131491K(396032K), [CMS Perm : 9101K->9101K(21248K)], 0.2991540 secs] [Times: user=0.31 sys=0.00, real=0.30 secs] 
105.907: Total time for which application threads were stopped: 0.2993260 seconds, Stopping threads took: 0.0000910 seconds
105.956: Application time: 0.0490220 seconds
105.956: [GC105.956: [ParNew: 108672K->13568K(122240K), 0.0207180 secs] 240163K->156138K(396032K), 0.0207630 secs] [Times: user=0.15 sys=0.00, real=0.02 secs] 
105.977: Total time for which application threads were stopped: 0.0209310 seconds, Stopping threads took: 0.0001010 seconds
106.025: Application time: 0.0480810 seconds
106.025: [GC106.025: [ParNew: 122240K->13568K(122240K), 0.0300530 secs] 264810K->177482K(396032K), 0.0301020 secs] [Times: user=0.21 sys=0.00, real=0.03 secs] 
106.055: Total time for which application threads were stopped: 0.0302340 seconds, Stopping threads took: 0.0000610 seconds
106.055: Application time: 0.0000660 seconds
106.055: [GC [1 CMS-initial-mark: 163914K(273792K)] 178691K(396032K), 0.0118580 secs] [Times: user=0.01 sys=0.00, real=0.01 secs] 
106.067: Total time for which application threads were stopped: 0.0119940 seconds, Stopping threads took: 0.0000890 seconds
106.067: [CMS-concurrent-mark-start]
106.131: Application time: 0.0639670 seconds
106.131: [GC106.131: [ParNew: 122240K->13568K(122240K), 0.0260800 secs] 286154K->190840K(396032K), 0.0261360 secs] [Times: user=0.19 sys=0.00, real=0.03 secs] 
106.158: Total time for which application threads were stopped: 0.0262900 seconds, Stopping threads took: 0.0000720 seconds
106.225: Application time: 0.0670730 seconds
106.225: [GC106.225: [ParNew: 122208K->13568K(122240K), 0.0257460 secs] 299480K->204451K(396032K), 0.0257930 secs] [Times: user=0.18 sys=0.00, real=0.02 secs] 
106.251: Total time for which application threads were stopped: 0.0260140 seconds, Stopping threads took: 0.0001300 seconds
106.295: Application time: 0.0439950 seconds
106.295: [GC106.295: [ParNew: 122240K->13568K(122240K), 0.0384610 secs] 313123K->235844K(396032K), 0.0385070 secs] [Times: user=0.26 sys=0.00, real=0.04 secs] 
106.333: Total time for which application threads were stopped: 0.0386270 seconds, Stopping threads took: 0.0000500 seconds
106.387: [CMS-concurrent-mark: 0.229/0.320 secs] [Times: user=2.44 sys=0.01, real=0.32 secs] 
106.387: [CMS-concurrent-preclean-start]
106.388: Application time: 0.0546720 seconds
106.388: [GC106.388: [ParNew: 122240K->13568K(122240K), 0.0385060 secs] 344516K->262774K(396032K), 0.0385470 secs] [Times: user=0.26 sys=0.00, real=0.04 secs] 
106.427: Total time for which application threads were stopped: 0.0386960 seconds, Stopping threads took: 0.0000800 seconds
106.477: Application time: 0.0501930 seconds
106.477: [GC106.477: [ParNew: 122240K->122240K(122240K), 0.0000150 secs]106.477: [CMS106.622: [CMS-concurrent-preclean: 0.194/0.235 secs] [Times: user=0.83 sys=0.00, real=0.23 secs] 
 (concurrent mode failure): 249206K->144295K(273792K), 0.4545720 secs] 371446K->144295K(396032K), [CMS Perm : 9101K->9101K(21248K)], 0.4546450 secs] [Times: user=0.46 sys=0.00, real=0.45 secs] 
106.932: Total time for which application threads were stopped: 0.4547840 seconds, Stopping threads took: 0.0000700 seconds
106.983: Application time: 0.0516460 seconds
106.984: [GC106.984: [ParNew: 108672K->13568K(122240K), 0.0167860 secs] 252967K->165514K(396032K), 0.0168330 secs] [Times: user=0.13 sys=0.00, real=0.02 secs] 
107.000: Total time for which application threads were stopped: 0.0170490 seconds, Stopping threads took: 0.0001350 seconds
107.051: Application time: 0.0504980 seconds
107.051: [GC107.051: [ParNew: 122240K->13568K(122240K), 0.0299640 secs] 274186K->186954K(396032K), 0.0300100 secs] [Times: user=0.21 sys=0.00, real=0.03 secs] 
107.081: Total time for which application threads were stopped: 0.0302330 seconds, Stopping threads took: 0.0001430 seconds
107.081: Application time: 0.0001070 seconds
107.081: [GC [1 CMS-initial-mark: 173386K(273792K)] 188692K(396032K), 0.0111830 secs] [Times: user=0.01 sys=0.00, real=0.01 secs] 
107.093: Total time for which application threads were stopped: 0.0113140 seconds, Stopping threads took: 0.0000890 seconds
107.093: [CMS-concurrent-mark-start]
107.149: Application time: 0.0562500 seconds
107.149: [GC107.149: [ParNew: 122240K->13568K(122240K), 0.0349880 secs] 295626K->211106K(396032K), 0.0350370 secs] [Times: user=0.24 sys=0.00, real=0.03 secs] 
107.184: Total time for which application threads were stopped: 0.0352160 seconds, Stopping threads took: 0.0001090 seconds
107.249: Application time: 0.0648320 seconds
107.249: [GC107.249: [ParNew: 122240K->13566K(122240K), 0.0316710 secs] 319778K->228808K(396032K), 0.0317220 secs] [Times: user=0.23 sys=0.01, real=0.03 secs] 
107.281: Total time for which application threads were stopped: 0.0319050 seconds, Stopping threads took: 0.0001130 seconds
107.349: Application time: 0.0680790 seconds
107.349: [GC107.349: [ParNew: 122238K->13568K(122240K), 0.0255580 secs] 337480K->242171K(396032K), 0.0256050 secs] [Times: user=0.18 sys=0.00, real=0.03 secs] 
107.375: Total time for which application threads were stopped: 0.0257370 seconds, Stopping threads took: 0.0000640 seconds
107.376: [CMS-concurrent-mark: 0.190/0.283 secs] [Times: user=2.15 sys=0.01, real=0.29 secs] 
107.376: [CMS-concurrent-preclean-start]
107.425: Application time: 0.0501590 seconds
107.425: [GC107.425: [ParNew: 122240K->13568K(122240K), 0.0339480 secs] 350843K->265080K(396032K), 0.0339940 secs] [Times: user=0.24 sys=0.00, real=0.03 secs] 
107.459: Total time for which application threads were stopped: 0.0341280 seconds, Stopping threads took: 0.0000650 seconds
107.499: Application time: 0.0404140 seconds
107.499: [GC107.499: [ParNew: 122240K->122240K(122240K), 0.0000130 secs]107.499: [CMS107.623: [CMS-concurrent-preclean: 0.211/0.247 secs] [Times: user=1.05 sys=0.03, real=0.24 secs] 
 (concurrent mode failure): 251512K->134359K(273792K), 0.4000570 secs] 373752K->134359K(396032K), [CMS Perm : 9101K->9101K(21248K)], 0.4001240 secs] [Times: user=0.40 sys=0.00, real=0.40 secs] 
107.900: Total time for which application threads were stopped: 0.4002730 seconds, Stopping threads took: 0.0000690 seconds
107.946: Application time: 0.0459910 seconds
107.948: [GC107.948: [ParNew: 108672K->13568K(122240K), 0.0278250 secs] 243031K->167656K(396032K), 0.0278780 secs] [Times: user=0.19 sys=0.00, real=0.03 secs] 
107.976: Total time for which application threads were stopped: 0.0305510 seconds, Stopping threads took: 0.0025760 seconds
108.030: Application time: 0.0535990 seconds
108.030: [GC108.030: [ParNew: 122240K->13568K(122240K), 0.0306600 secs] 276328K->184607K(396032K), 0.0307130 secs] [Times: user=0.22 sys=0.00, real=0.03 secs] 
108.061: Total time for which application threads were stopped: 0.0309150 seconds, Stopping threads took: 0.0001140 seconds
108.061: Application time: 0.0000560 seconds
108.061: [GC [1 CMS-initial-mark: 171039K(273792K)] 185868K(396032K), 0.0115270 secs] [Times: user=0.01 sys=0.00, real=0.01 secs] 
108.072: Total time for which application threads were stopped: 0.0116360 seconds, Stopping threads took: 0.0000610 seconds
108.072: [CMS-concurrent-mark-start]
108.139: Application time: 0.0663180 seconds
108.139: [GC108.139: [ParNew: 122205K->13568K(122240K), 0.0285740 secs] 293245K->200730K(396032K), 0.0286240 secs] [Times: user=0.20 sys=0.00, real=0.03 secs] 
108.167: Total time for which application threads were stopped: 0.0288020 seconds, Stopping threads took: 0.0001090 seconds
108.223: Application time: 0.0552630 seconds
108.223: [GC108.223: [ParNew: 122240K->13568K(122240K), 0.0349920 secs] 309402K->225093K(396032K), 0.0350370 secs] [Times: user=0.24 sys=0.00, real=0.04 secs] 
108.258: Total time for which application threads were stopped: 0.0351490 seconds, Stopping threads took: 0.0000400 seconds
108.327: [CMS-concurrent-mark: 0.191/0.255 secs] [Times: user=1.95 sys=0.01, real=0.26 secs] 
108.327: [CMS-concurrent-preclean-start]
108.331: Application time: 0.0732520 seconds
108.331: [GC108.331: [ParNew: 122240K->13568K(122240K), 0.0283680 secs] 333765K->238897K(396032K), 0.0284140 secs] [Times: user=0.20 sys=0.00, real=0.03 secs] 
108.360: Total time for which application threads were stopped: 0.0285210 seconds, Stopping threads took: 0.0000380 seconds
108.416: Application time: 0.0565020 seconds
108.416: [GC108.416: [ParNew: 122240K->13568K(122240K), 0.0277970 secs] 347569K->255079K(396032K), 0.0278430 secs] [Times: user=0.20 sys=0.00, real=0.02 secs] 
108.444: Total time for which application threads were stopped: 0.0280020 seconds, Stopping threads took: 0.0000890 seconds
108.485: Application time: 0.0404510 seconds
108.485: [GC108.485: [ParNew (promotion failed): 122240K->122240K(122240K), 0.1000530 secs]108.585: [CMS108.725: [CMS-concurrent-preclean: 0.239/0.398 secs] [Times: user=1.78 sys=0.04, real=0.39 secs] 
 (concurrent mode failure): 270686K->126561K(273792K), 0.4035070 secs] 363751K->126561K(396032K), [CMS Perm : 9101K->9101K(21248K)], 0.5036350 secs] [Times: user=0.82 sys=0.04, real=0.51 secs] 
108.988: Total time for which application threads were stopped: 0.5038130 seconds, Stopping threads took: 0.0001100 seconds
109.027: Application time: 0.0388850 seconds
109.027: [GC109.027: [ParNew: 108672K->13568K(122240K), 0.0286100 secs] 235233K->162633K(396032K), 0.0286600 secs] [Times: user=0.20 sys=0.00, real=0.03 secs] 
109.056: Total time for which application threads were stopped: 0.0288610 seconds, Stopping threads took: 0.0001090 seconds
109.056: Application time: 0.0000600 seconds
109.056: [GC [1 CMS-initial-mark: 149065K(273792K)] 163647K(396032K), 0.0111960 secs] [Times: user=0.01 sys=0.00, real=0.01 secs] 
109.068: Total time for which application threads were stopped: 0.0113270 seconds, Stopping threads took: 0.0000860 seconds
109.068: [CMS-concurrent-mark-start]
109.135: Application time: 0.0675070 seconds
109.135: [GC109.135: [ParNew: 122240K->13568K(122240K), 0.0378360 secs] 271305K->185126K(396032K), 0.0378850 secs] [Times: user=0.27 sys=0.00, real=0.04 secs] 
109.173: Total time for which application threads were stopped: 0.0380200 seconds, Stopping threads took: 0.0000630 seconds
109.253: Application time: 0.0798530 seconds
109.253: [GC109.253: [ParNew: 122240K->13548K(122240K), 0.0264760 secs] 293798K->198360K(396032K), 0.0265230 secs] [Times: user=0.19 sys=0.00, real=0.02 secs] 
109.280: Total time for which application threads were stopped: 0.0266780 seconds, Stopping threads took: 0.0000870 seconds
109.315: [CMS-concurrent-mark: 0.182/0.247 secs] [Times: user=1.89 sys=0.01, real=0.25 secs] 
109.315: [CMS-concurrent-preclean-start]
109.339: Application time: 0.0594140 seconds
109.339: [GC109.339: [ParNew: 122220K->13568K(122240K), 0.0259080 secs] 307032K->212148K(396032K), 0.0259540 secs] [Times: user=0.19 sys=0.00, real=0.03 secs] 
109.365: Total time for which application threads were stopped: 0.0261000 seconds, Stopping threads took: 0.0000760 seconds
109.417: Application time: 0.0521890 seconds
109.421: [GC109.421: [ParNew: 122240K->13568K(122240K), 0.0342670 secs] 320820K->234657K(396032K), 0.0343160 secs] [Times: user=0.24 sys=0.00, real=0.04 secs] 
109.455: Total time for which application threads were stopped: 0.0378790 seconds, Stopping threads took: 0.0034940 seconds
109.519: Application time: 0.0634290 seconds
109.519: [GC109.519: [ParNew: 122240K->13568K(122240K), 0.0284120 secs] 343329K->249953K(396032K), 0.0284610 secs] [Times: user=0.20 sys=0.00, real=0.03 secs] 
109.547: Total time for which application threads were stopped: 0.0285950 seconds, Stopping threads took: 0.0000640 seconds
109.600: Application time: 0.0527080 seconds
109.600: [GC109.600: [ParNew: 122240K->13568K(122240K), 0.0318470 secs] 358625K->269854K(396032K), 0.0318960 secs] [Times: user=0.22 sys=0.00, real=0.03 secs] 
109.632: Total time for which application threads were stopped: 0.0320370 seconds, Stopping threads took: 0.0000520 seconds
109.672: Application time: 0.0395410 seconds
109.672: [GC109.672: [ParNew: 122240K->122240K(122240K), 0.0000130 secs]109.672: [CMS109.808: [CMS-concurrent-preclean: 0.366/0.493 secs] [Times: user=2.85 sys=0.01, real=0.49 secs] 
 (concurrent mode failure): 256286K->126997K(273792K), 0.4174290 secs] 378526K->126997K(396032K), [CMS Perm : 9102K->9102K(21248K)], 0.4174950 secs] [Times: user=0.42 sys=0.00, real=0.42 secs] 
110.089: Total time for which application threads were stopped: 0.4176350 seconds, Stopping threads took: 0.0000730 seconds
110.130: Application time: 0.0405830 seconds
110.130: [GC110.130: [ParNew: 108672K->13568K(122240K), 0.0351650 secs] 235669K->170177K(396032K), 0.0352120 secs] [Times: user=0.24 sys=0.00, real=0.04 secs] 
110.165: Total time for which application threads were stopped: 0.0354260 seconds, Stopping threads took: 0.0001120 seconds
110.169: Application time: 0.0036880 seconds
110.169: [GC [1 CMS-initial-mark: 156609K(273792K)] 178318K(396032K), 0.0173750 secs] [Times: user=0.02 sys=0.00, real=0.02 secs] 
110.186: Total time for which application threads were stopped: 0.0175270 seconds, Stopping threads took: 0.0001020 seconds
110.186: [CMS-concurrent-mark-start]
110.238: Application time: 0.0515910 seconds
110.238: [GC110.238: [ParNew: 122240K->13568K(122240K), 0.0406970 secs] 278849K->196861K(396032K), 0.0407420 secs] [Times: user=0.29 sys=0.00, real=0.04 secs] 
110.279: Total time for which application threads were stopped: 0.0408640 seconds, Stopping threads took: 0.0000530 seconds
110.354: Application time: 0.0756230 seconds
110.355: [GC110.355: [ParNew: 122240K->13560K(122240K), 0.0258330 secs] 305533K->209648K(396032K), 0.0258900 secs] [Times: user=0.19 sys=0.00, real=0.02 secs] 
110.381: Total time for which application threads were stopped: 0.0260930 seconds, Stopping threads took: 0.0001320 seconds
110.454: [CMS-concurrent-mark: 0.201/0.268 secs] [Times: user=2.07 sys=0.00, real=0.27 secs] 
110.454: [CMS-concurrent-preclean-start]
110.457: Application time: 0.0759810 seconds
110.457: [GC110.457: [ParNew: 122232K->11996K(122240K), 0.0209340 secs] 318320K->217264K(396032K), 0.0209780 secs] [Times: user=0.16 sys=0.00, real=0.02 secs] 
110.478: Total time for which application threads were stopped: 0.0211060 seconds, Stopping threads took: 0.0000590 seconds
110.532: Application time: 0.0539070 seconds
110.532: [GC110.532: [ParNew: 120668K->13568K(122240K), 0.0242010 secs] 325936K->230900K(396032K), 0.0242510 secs] [Times: user=0.18 sys=0.00, real=0.03 secs] 
110.556: Total time for which application threads were stopped: 0.0244040 seconds, Stopping threads took: 0.0000820 seconds
110.606: Application time: 0.0502730 seconds
110.606: [GC110.606: [ParNew: 122240K->13568K(122240K), 0.0356030 secs] 339572K->255263K(396032K), 0.0356530 secs] [Times: user=0.24 sys=0.00, real=0.03 secs] 
110.642: Total time for which application threads were stopped: 0.0357750 seconds, Stopping threads took: 0.0000500 seconds
110.692: Application time: 0.0502160 seconds
110.692: [GC110.692: [ParNew: 122240K->13568K(122240K), 0.0353510 secs] 363935K->277566K(396032K), 0.0354010 secs] [Times: user=0.24 sys=0.00, real=0.04 secs] 
110.728: Total time for which application threads were stopped: 0.0355740 seconds, Stopping threads took: 0.0000940 seconds
110.775: Application time: 0.0474730 seconds
110.775: [GC110.775: [ParNew: 122047K->122047K(122240K), 0.0000130 secs]110.775: [CMS110.934: [CMS-concurrent-preclean: 0.360/0.479 secs] [Times: user=2.60 sys=0.01, real=0.48 secs] 
 (concurrent mode failure): 263998K->120920K(273792K), 0.4147620 secs] 386045K->120920K(396032K), [CMS Perm : 9102K->9102K(21248K)], 0.4148290 secs] [Times: user=0.41 sys=0.00, real=0.41 secs] 
111.190: Total time for which application threads were stopped: 0.4149990 seconds, Stopping threads took: 0.0001010 seconds
111.228: Application time: 0.0380570 seconds
111.228: [GC111.229: [ParNew: 108672K->13568K(122240K), 0.0243490 secs] 229592K->153877K(396032K), 0.0244000 secs] [Times: user=0.16 sys=0.00, real=0.03 secs] 
111.253: Total time for which application threads were stopped: 0.0245670 seconds, Stopping threads took: 0.0000830 seconds
111.300: Application time: 0.0467610 seconds
111.300: [GC111.300: [ParNew: 122240K->13568K(122240K), 0.0409920 secs] 262549K->186461K(396032K), 0.0410390 secs] [Times: user=0.28 sys=0.00, real=0.04 secs] 
111.341: Total time for which application threads were stopped: 0.0412080 seconds, Stopping threads took: 0.0001000 seconds
111.341: Application time: 0.0001310 seconds
111.341: [GC [1 CMS-initial-mark: 172893K(273792K)] 188525K(396032K), 0.0114170 secs] [Times: user=0.01 sys=0.00, real=0.01 secs] 
111.353: Total time for which application threads were stopped: 0.0115830 seconds, Stopping threads took: 0.0001210 seconds
111.353: [CMS-concurrent-mark-start]
111.412: Application time: 0.0596910 seconds
111.412: [GC111.412: [ParNew: 122240K->13568K(122240K), 0.0343840 secs] 295133K->206222K(396032K), 0.0344310 secs] [Times: user=0.23 sys=0.00, real=0.04 secs] 
111.447: Total time for which application threads were stopped: 0.0346020 seconds, Stopping threads took: 0.0001040 seconds
111.521: Application time: 0.0742640 seconds
111.521: [GC111.521: [ParNew: 122240K->13565K(122240K), 0.0257860 secs] 314894K->219109K(396032K), 0.0258350 secs] [Times: user=0.18 sys=0.00, real=0.03 secs] 
111.547: Total time for which application threads were stopped: 0.0259760 seconds, Stopping threads took: 0.0000730 seconds
111.601: [CMS-concurrent-mark: 0.188/0.249 secs] [Times: user=1.92 sys=0.00, real=0.25 secs] 
111.601: [CMS-concurrent-preclean-start]
111.616: Application time: 0.0688340 seconds
111.616: [GC111.616: [ParNew: 122237K->13568K(122240K), 0.0231210 secs] 327781K->229755K(396032K), 0.0231690 secs] [Times: user=0.17 sys=0.00, real=0.02 secs] 
111.639: Total time for which application threads were stopped: 0.0233270 seconds, Stopping threads took: 0.0000890 seconds
111.689: Application time: 0.0501240 seconds
111.690: [GC111.690: [ParNew: 122198K->13568K(122240K), 0.0341500 secs] 338385K->252355K(396032K), 0.0341970 secs] [Times: user=0.23 sys=0.00, real=0.03 secs] 
111.724: Total time for which application threads were stopped: 0.0343550 seconds, Stopping threads took: 0.0000890 seconds
111.781: Application time: 0.0572930 seconds
111.781: [GC111.781: [ParNew: 122240K->13568K(122240K), 0.0313210 secs] 361027K->270965K(396032K), 0.0313670 secs] [Times: user=0.22 sys=0.00, real=0.03 secs] 
111.813: Total time for which application threads were stopped: 0.0315200 seconds, Stopping threads took: 0.0000710 seconds
111.863: Application time: 0.0507280 seconds
111.863: [GC111.863: [ParNew: 122240K->122240K(122240K), 0.0000150 secs]111.864: [CMS112.011: [CMS-concurrent-preclean: 0.318/0.409 secs] [Times: user=2.14 sys=0.01, real=0.41 secs] 
 (concurrent mode failure): 257397K->130772K(273792K), 0.4303060 secs] 379637K->130772K(396032K), [CMS Perm : 9102K->9102K(21248K)], 0.4303800 secs] [Times: user=0.43 sys=0.00, real=0.44 secs] 
112.294: Total time for which application threads were stopped: 0.4305140 seconds, Stopping threads took: 0.0000650 seconds
112.340: Application time: 0.0460270 seconds
112.340: [GC112.340: [ParNew: 108672K->13568K(122240K), 0.0210790 secs] 239444K->157871K(396032K), 0.0211260 secs] [Times: user=0.15 sys=0.00, real=0.02 secs] 
112.361: Total time for which application threads were stopped: 0.0212840 seconds, Stopping threads took: 0.0000800 seconds
112.400: Application time: 0.0387000 seconds
112.400: [GC112.400: [ParNew: 122240K->13568K(122240K), 0.0381310 secs] 266543K->191222K(396032K), 0.0381800 secs] [Times: user=0.25 sys=0.00, real=0.04 secs] 
112.438: Total time for which application threads were stopped: 0.0383560 seconds, Stopping threads took: 0.0001050 seconds
112.438: Application time: 0.0001660 seconds
112.439: [GC [1 CMS-initial-mark: 177654K(273792K)] 192693K(396032K), 0.0103250 secs] [Times: user=0.01 sys=0.00, real=0.01 secs] 
112.449: Total time for which application threads were stopped: 0.0104520 seconds, Stopping threads took: 0.0000840 seconds
112.449: [CMS-concurrent-mark-start]
112.503: Application time: 0.0539200 seconds
112.503: [GC112.503: [ParNew: 122240K->13568K(122240K), 0.0418020 secs] 299894K->219908K(396032K), 0.0418490 secs] [Times: user=0.28 sys=0.00, real=0.04 secs] 
112.545: Total time for which application threads were stopped: 0.0420080 seconds, Stopping threads took: 0.0000770 seconds
112.615: Application time: 0.0701920 seconds
112.615: [GC112.615: [ParNew: 122240K->13568K(122240K), 0.0289930 secs] 328580K->234817K(396032K), 0.0290420 secs] [Times: user=0.20 sys=0.00, real=0.02 secs] 
112.644: Total time for which application threads were stopped: 0.0291670 seconds, Stopping threads took: 0.0000540 seconds
112.718: [CMS-concurrent-mark: 0.197/0.269 secs] [Times: user=2.06 sys=0.00, real=0.27 secs] 
112.718: [CMS-concurrent-preclean-start]
112.722: Application time: 0.0774630 seconds
112.722: [GC112.722: [ParNew: 122240K->12369K(122240K), 0.0253980 secs] 343489K->244993K(396032K), 0.0254450 secs] [Times: user=0.19 sys=0.00, real=0.03 secs] 
112.747: Total time for which application threads were stopped: 0.0255670 seconds, Stopping threads took: 0.0000540 seconds
112.804: Application time: 0.0568400 seconds
112.804: [GC112.804: [ParNew: 121041K->13568K(122240K), 0.0249970 secs] 353665K->258664K(396032K), 0.0250440 secs] [Times: user=0.18 sys=0.00, real=0.03 secs] 
112.829: Total time for which application threads were stopped: 0.0251950 seconds, Stopping threads took: 0.0000810 seconds
112.883: Application time: 0.0537010 seconds
112.883: [GC112.883: [ParNew: 122240K->13568K(122240K), 0.0356310 secs] 367336K->282373K(396032K), 0.0356880 secs] [Times: user=0.25 sys=0.00, real=0.04 secs] 
112.919: Total time for which application threads were stopped: 0.0358090 seconds, Stopping threads took: 0.0000380 seconds
112.973: Application time: 0.0537770 seconds
112.973: [GC112.973: [ParNew: 122240K->122240K(122240K), 0.0000130 secs]112.973: [CMS113.119: [CMS-concurrent-preclean: 0.312/0.402 secs] [Times: user=2.11 sys=0.00, real=0.40 secs] 
 (concurrent mode failure): 268805K->113932K(273792K), 0.4157480 secs] 391045K->113932K(396032K), [CMS Perm : 9102K->9102K(21248K)], 0.4158140 secs] [Times: user=0.42 sys=0.00, real=0.42 secs] 
113.388: Total time for which application threads were stopped: 0.4159510 seconds, Stopping threads took: 0.0000650 seconds
113.427: Application time: 0.0389430 seconds
113.428: [GC113.428: [ParNew: 108672K->13568K(122240K), 0.0222710 secs] 222604K->144678K(396032K), 0.0223220 secs] [Times: user=0.15 sys=0.00, real=0.02 secs] 
113.450: Total time for which application threads were stopped: 0.0226030 seconds, Stopping threads took: 0.0001750 seconds
113.499: Application time: 0.0486230 seconds
113.499: [GC113.499: [ParNew: 122240K->13568K(122240K), 0.0374150 secs] 253350K->174224K(396032K), 0.0374620 secs] [Times: user=0.25 sys=0.00, real=0.04 secs] 
113.536: Total time for which application threads were stopped: 0.0376850 seconds, Stopping threads took: 0.0001450 seconds
113.536: Application time: 0.0000910 seconds
113.537: [GC [1 CMS-initial-mark: 160656K(273792K)] 175719K(396032K), 0.0113660 secs] [Times: user=0.01 sys=0.00, real=0.01 secs] 
113.548: Total time for which application threads were stopped: 0.0114850 seconds, Stopping threads took: 0.0000740 seconds
113.548: [CMS-concurrent-mark-start]
113.593: Application time: 0.0451610 seconds
113.593: [GC113.593: [ParNew: 122240K->13568K(122240K), 0.0385900 secs] 282896K->200810K(396032K), 0.0386390 secs] [Times: user=0.26 sys=0.00, real=0.03 secs] 
113.632: Total time for which application threads were stopped: 0.0388040 seconds, Stopping threads took: 0.0000950 seconds
113.694: Application time: 0.0624420 seconds
113.694: [GC113.694: [ParNew: 122240K->13568K(122240K), 0.0387740 secs] 309482K->226489K(396032K), 0.0388210 secs] [Times: user=0.27 sys=0.00, real=0.04 secs] 
113.733: Total time for which application threads were stopped: 0.0389580 seconds, Stopping threads took: 0.0000670 seconds
113.805: Application time: 0.0720590 seconds
113.809: [GC113.809: [ParNew: 122240K->13565K(122240K), 0.0256940 secs] 335161K->239431K(396032K), 0.0257420 secs] [Times: user=0.18 sys=0.00, real=0.03 secs] 
113.835: Total time for which application threads were stopped: 0.0292820 seconds, Stopping threads took: 0.0034720 seconds
113.881: [CMS-concurrent-mark: 0.226/0.333 secs] [Times: user=2.52 sys=0.00, real=0.33 secs] 
113.881: [CMS-concurrent-preclean-start]
113.908: Application time: 0.0738260 seconds
113.909: [GC113.909: [ParNew: 122237K->12573K(122240K), 0.0208840 secs] 348103K->248369K(396032K), 0.0209290 secs] [Times: user=0.15 sys=0.00, real=0.02 secs] 
113.930: Total time for which application threads were stopped: 0.0211170 seconds, Stopping threads took: 0.0001190 seconds
113.976: Application time: 0.0462770 seconds
113.976: [GC113.976: [ParNew: 121245K->13568K(122240K), 0.0316670 secs] 357041K->269797K(396032K), 0.0317150 secs] [Times: user=0.21 sys=0.00, real=0.03 secs] 
114.008: Total time for which application threads were stopped: 0.0318950 seconds, Stopping threads took: 0.0001000 seconds
114.060: Application time: 0.0520010 seconds
114.060: [GC114.060: [ParNew: 122129K->122129K(122240K), 0.0000120 secs]114.060: [CMS114.205: [CMS-concurrent-preclean: 0.269/0.324 secs] [Times: user=1.53 sys=0.00, real=0.33 secs] 
 (concurrent mode failure): 256229K->123151K(273792K), 0.4104760 secs] 378358K->123151K(396032K), [CMS Perm : 9102K->9102K(21248K)], 0.4105420 secs] [Times: user=0.41 sys=0.00, real=0.41 secs] 
114.470: Total time for which application threads were stopped: 0.4107120 seconds, Stopping threads took: 0.0001000 seconds
114.510: Application time: 0.0392640 seconds
114.510: [GC114.510: [ParNew: 108672K->13568K(122240K), 0.0206650 secs] 231823K->152015K(396032K), 0.0207240 secs] [Times: user=0.13 sys=0.01, real=0.02 secs] 
114.531: Total time for which application threads were stopped: 0.0209160 seconds, Stopping threads took: 0.0001030 seconds
114.582: Application time: 0.0518000 seconds
114.583: [GC114.583: [ParNew: 122240K->13568K(122240K), 0.0364500 secs] 260687K->179816K(396032K), 0.0364990 secs] [Times: user=0.25 sys=0.00, real=0.04 secs] 
114.619: Total time for which application threads were stopped: 0.0366850 seconds, Stopping threads took: 0.0000920 seconds
114.619: Application time: 0.0001340 seconds
114.619: [GC [1 CMS-initial-mark: 166248K(273792K)] 181569K(396032K), 0.0115440 secs] [Times: user=0.01 sys=0.00, real=0.01 secs] 
114.631: Total time for which application threads were stopped: 0.0116670 seconds, Stopping threads took: 0.0000800 seconds
114.631: [CMS-concurrent-mark-start]
114.699: Application time: 0.0676500 seconds
114.699: [GC114.699: [ParNew: 122240K->13568K(122240K), 0.0295540 secs] 288488K->195141K(396032K), 0.0296010 secs] [Times: user=0.21 sys=0.00, real=0.03 secs] 
114.728: Total time for which application threads were stopped: 0.0297310 seconds, Stopping threads took: 0.0000610 seconds
114.779: Application time: 0.0504630 seconds
114.779: [GC114.779: [ParNew: 122240K->13568K(122240K), 0.0337880 secs] 303813K->218742K(396032K), 0.0338520 secs] [Times: user=0.23 sys=0.00, real=0.04 secs] 
114.813: Total time for which application threads were stopped: 0.0340010 seconds, Stopping threads took: 0.0000760 seconds
114.872: Application time: 0.0594860 seconds
114.872: [GC114.872: [ParNew: 122240K->13568K(122240K), 0.0386410 secs] 327414K->244403K(396032K), 0.0386890 secs] [Times: user=0.26 sys=0.01, real=0.04 secs] 
114.911: Total time for which application threads were stopped: 0.0388350 seconds, Stopping threads took: 0.0000770 seconds
114.974: Application time: 0.0626990 seconds
114.975: [GC114.975: [ParNew: 122181K->13568K(122240K), 0.0272680 secs] 353017K->258404K(396032K), 0.0273170 secs] [Times: user=0.19 sys=0.00, real=0.02 secs] 
115.002: Total time for which application threads were stopped: 0.0284790 seconds, Stopping threads took: 0.0010950 seconds
115.029: [CMS-concurrent-mark: 0.267/0.398 secs] [Times: user=3.03 sys=0.01, real=0.40 secs] 
115.029: [CMS-concurrent-preclean-start]
115.063: Application time: 0.0605070 seconds
115.063: [GC115.063: [ParNew: 122240K->122240K(122240K), 0.0000140 secs]115.063: [CMS115.222: [CMS-concurrent-preclean: 0.191/0.193 secs] [Times: user=0.43 sys=0.00, real=0.19 secs] 
 (concurrent mode failure): 244836K->132130K(273792K), 0.4441860 secs] 367076K->132130K(396032K), [CMS Perm : 9102K->9102K(21248K)], 0.4442590 secs] [Times: user=0.44 sys=0.00, real=0.45 secs] 
115.507: Total time for which application threads were stopped: 0.4444190 seconds, Stopping threads took: 0.0000710 seconds
115.557: Application time: 0.0500520 seconds
115.558: [GC115.558: [ParNew: 108672K->13568K(122240K), 0.0136770 secs] 240802K->150316K(396032K), 0.0137270 secs] [Times: user=0.11 sys=0.00, real=0.01 secs] 
115.571: Total time for which application threads were stopped: 0.0139770 seconds, Stopping threads took: 0.0001590 seconds
115.620: Application time: 0.0485760 seconds
115.620: [GC115.620: [ParNew: 122240K->13568K(122240K), 0.0317160 secs] 258988K->176564K(396032K), 0.0317640 secs] [Times: user=0.22 sys=0.00, real=0.03 secs] 
115.652: Total time for which application threads were stopped: 0.0319710 seconds, Stopping threads took: 0.0001270 seconds
115.652: Application time: 0.0001030 seconds
115.652: [GC [1 CMS-initial-mark: 162996K(273792K)] 177563K(396032K), 0.0119340 secs] [Times: user=0.01 sys=0.00, real=0.01 secs] 
115.664: Total time for which application threads were stopped: 0.0120640 seconds, Stopping threads took: 0.0000860 seconds
115.664: [CMS-concurrent-mark-start]
115.724: Application time: 0.0603040 seconds
115.724: [GC115.724: [ParNew: 122240K->13568K(122240K), 0.0304120 secs] 285236K->195153K(396032K), 0.0304670 secs] [Times: user=0.21 sys=0.00, real=0.04 secs] 
115.755: Total time for which application threads were stopped: 0.0305920 seconds, Stopping threads took: 0.0000540 seconds
115.803: Application time: 0.0478370 seconds
115.803: [GC115.803: [ParNew: 122240K->13568K(122240K), 0.0360430 secs] 303825K->220190K(396032K), 0.0360910 secs] [Times: user=0.25 sys=0.00, real=0.04 secs] 
115.839: Total time for which application threads were stopped: 0.0362340 seconds, Stopping threads took: 0.0000720 seconds
115.893: Application time: 0.0537050 seconds
115.893: [GC115.893: [ParNew: 122240K->13568K(122240K), 0.0364980 secs] 328862K->244201K(396032K), 0.0365470 secs] [Times: user=0.26 sys=0.00, real=0.03 secs] 
115.929: Total time for which application threads were stopped: 0.0367130 seconds, Stopping threads took: 0.0000960 seconds
115.977: Application time: 0.0477070 seconds
115.977: [GC115.977: [ParNew: 122093K->13568K(122240K), 0.0389810 secs] 352727K->271718K(396032K), 0.0390290 secs] [Times: user=0.26 sys=0.00, real=0.04 secs] 
116.016: Total time for which application threads were stopped: 0.0391660 seconds, Stopping threads took: 0.0000680 seconds
116.087: Application time: 0.0705520 seconds
116.087: [GC116.087: [ParNew: 122240K->122240K(122240K), 0.0000140 secs]116.087: [CMS116.109: [CMS-concurrent-mark: 0.301/0.445 secs] [Times: user=3.26 sys=0.01, real=0.45 secs] 
 (concurrent mode failure): 258150K->141723K(273792K), 0.3318610 secs] 380390K->141723K(396032K), [CMS Perm : 9102K->9102K(21248K)], 0.3319320 secs] [Times: user=0.35 sys=0.00, real=0.33 secs] 
116.419: Total time for which application threads were stopped: 0.3321210 seconds, Stopping threads took: 0.0001200 seconds
116.471: Application time: 0.0516520 seconds
116.471: [GC116.471: [ParNew: 108672K->13568K(122240K), 0.0129110 secs] 250395K->158972K(396032K), 0.0129590 secs] [Times: user=0.10 sys=0.00, real=0.01 secs] 
116.484: Total time for which application threads were stopped: 0.0131530 seconds, Stopping threads took: 0.0001130 seconds
116.540: Application time: 0.0559240 seconds
116.540: [GC116.540: [ParNew: 122240K->13568K(122240K), 0.0254140 secs] 267644K->176673K(396032K), 0.0254590 secs] [Times: user=0.18 sys=0.00, real=0.03 secs] 
116.565: Total time for which application threads were stopped: 0.0256330 seconds, Stopping threads took: 0.0001050 seconds
116.565: Application time: 0.0001080 seconds
116.566: [GC [1 CMS-initial-mark: 163105K(273792K)] 178459K(396032K), 0.0108930 secs] [Times: user=0.01 sys=0.00, real=0.01 secs] 
116.576: Total time for which application threads were stopped: 0.0110170 seconds, Stopping threads took: 0.0000820 seconds
116.576: [CMS-concurrent-mark-start]
116.638: Application time: 0.0612860 seconds
116.638: [GC116.638: [ParNew: 122240K->13568K(122240K), 0.0306430 secs] 285345K->195059K(396032K), 0.0306940 secs] [Times: user=0.21 sys=0.00, real=0.03 secs] 
116.669: Total time for which application threads were stopped: 0.0308890 seconds, Stopping threads took: 0.0001220 seconds
116.728: Application time: 0.0593870 seconds
116.728: [GC116.728: [ParNew: 122240K->13568K(122240K), 0.0342420 secs] 303731K->218552K(396032K), 0.0342920 secs] [Times: user=0.24 sys=0.00, real=0.03 secs] 
116.762: Total time for which application threads were stopped: 0.0344440 seconds, Stopping threads took: 0.0000830 seconds
116.814: [CMS-concurrent-mark: 0.173/0.238 secs] [Times: user=1.81 sys=0.00, real=0.24 secs] 
116.815: [CMS-concurrent-preclean-start]
116.821: Application time: 0.0583370 seconds
116.821: [GC116.821: [ParNew: 122240K->13568K(122240K), 0.0366890 secs] 327224K->243217K(396032K), 0.0367350 secs] [Times: user=0.25 sys=0.00, real=0.04 secs] 
116.858: Total time for which application threads were stopped: 0.0369210 seconds, Stopping threads took: 0.0001180 seconds
116.904: Application time: 0.0459440 seconds
116.904: [GC116.904: [ParNew: 122240K->13568K(122240K), 0.0366430 secs] 351889K->268971K(396032K), 0.0366900 secs] [Times: user=0.25 sys=0.00, real=0.04 secs] 
116.941: Total time for which application threads were stopped: 0.0368200 seconds, Stopping threads took: 0.0000490 seconds
116.988: Application time: 0.0470720 seconds
116.988: [GC116.988: [ParNew: 122240K->122240K(122240K), 0.0000140 secs]116.988: [CMS117.115: [CMS-concurrent-preclean: 0.224/0.300 secs] [Times: user=1.43 sys=0.01, real=0.30 secs] 
 (concurrent mode failure): 255403K->134785K(273792K), 0.4318570 secs] 377643K->134785K(396032K), [CMS Perm : 9102K->9102K(21248K)], 0.4319370 secs] [Times: user=0.43 sys=0.00, real=0.43 secs] 
117.421: Total time for which application threads were stopped: 0.4336690 seconds, Stopping threads took: 0.0001070 seconds
117.470: Application time: 0.0484710 seconds
117.470: [GC117.470: [ParNew: 108672K->13568K(122240K), 0.0249360 secs] 243457K->164420K(396032K), 0.0249860 secs] [Times: user=0.18 sys=0.00, real=0.03 secs] 
117.495: Total time for which application threads were stopped: 0.0251570 seconds, Stopping threads took: 0.0000890 seconds
117.548: Application time: 0.0530490 seconds
117.548: [GC117.548: [ParNew: 122240K->13567K(122240K), 0.0278740 secs] 273092K->181452K(396032K), 0.0279230 secs] [Times: user=0.19 sys=0.00, real=0.03 secs] 
117.576: Total time for which application threads were stopped: 0.0282640 seconds, Stopping threads took: 0.0002370 seconds
117.576: Application time: 0.0000440 seconds
117.576: [GC [1 CMS-initial-mark: 167885K(273792K)] 182005K(396032K), 0.0110810 secs] [Times: user=0.01 sys=0.00, real=0.01 secs] 
117.587: Total time for which application threads were stopped: 0.0111690 seconds, Stopping threads took: 0.0000450 seconds
117.587: [CMS-concurrent-mark-start]
117.652: Application time: 0.0647050 seconds
117.652: [GC117.652: [ParNew: 122239K->13568K(122240K), 0.0303390 secs] 290124K->199262K(396032K), 0.0303870 secs] [Times: user=0.21 sys=0.00, real=0.03 secs] 
117.683: Total time for which application threads were stopped: 0.0305370 seconds, Stopping threads took: 0.0000820 seconds
117.745: Application time: 0.0626350 seconds
117.745: [GC117.745: [ParNew: 122240K->13568K(122240K), 0.0303050 secs] 307934K->216747K(396032K), 0.0303530 secs] [Times: user=0.21 sys=0.00, real=0.03 secs] 
117.776: Total time for which application threads were stopped: 0.0304730 seconds, Stopping threads took: 0.0000480 seconds
117.828: Application time: 0.0522780 seconds
117.828: [GC117.828: [ParNew: 122240K->13568K(122240K), 0.0382900 secs] 325419K->245351K(396032K), 0.0383410 secs] [Times: user=0.26 sys=0.00, real=0.04 secs] 
117.867: Total time for which application threads were stopped: 0.0385030 seconds, Stopping threads took: 0.0000910 seconds
117.921: [CMS-concurrent-mark: 0.233/0.333 secs] [Times: user=2.54 sys=0.00, real=0.33 secs] 
117.921: [CMS-concurrent-preclean-start]
117.930: Application time: 0.0633360 seconds
117.930: [GC117.930: [ParNew: 122240K->13568K(122240K), 0.0316920 secs] 354023K->264646K(396032K), 0.0317410 secs] [Times: user=0.22 sys=0.00, real=0.03 secs] 
117.962: Total time for which application threads were stopped: 0.0319180 seconds, Stopping threads took: 0.0001070 seconds
118.016: Application time: 0.0536960 seconds
118.016: [GC118.016: [ParNew: 122240K->122240K(122240K), 0.0000150 secs]118.016: [CMS118.166: [CMS-concurrent-preclean: 0.212/0.246 secs] [Times: user=0.89 sys=0.00, real=0.25 secs] 
 (concurrent mode failure): 251078K->136780K(273792K), 0.4436790 secs] 373318K->136780K(396032K), [CMS Perm : 9102K->9102K(21248K)], 0.4437510 secs] [Times: user=0.44 sys=0.00, real=0.44 secs] 
118.459: Total time for which application threads were stopped: 0.4438940 seconds, Stopping threads took: 0.0000730 seconds
118.511: Application time: 0.0513070 seconds
118.511: [GC118.511: [ParNew: 108672K->13568K(122240K), 0.0167150 secs] 245452K->158332K(396032K), 0.0167620 secs] [Times: user=0.12 sys=0.00, real=0.02 secs] 
118.528: Total time for which application threads were stopped: 0.0169740 seconds, Stopping threads took: 0.0001220 seconds
118.569: Application time: 0.0414970 seconds
118.570: [GC118.570: [ParNew: 122240K->13567K(122240K), 0.0368390 secs] 267004K->190766K(396032K), 0.0368990 secs] [Times: user=0.25 sys=0.00, real=0.04 secs] 
118.606: Total time for which application threads were stopped: 0.0372340 seconds, Stopping threads took: 0.0002420 seconds
118.616: Application time: 0.0091720 seconds
118.616: [GC [1 CMS-initial-mark: 177198K(273792K)] 214669K(396032K), 0.0221030 secs] [Times: user=0.02 sys=0.00, real=0.02 secs] 
118.638: Total time for which application threads were stopped: 0.0224020 seconds, Stopping threads took: 0.0002480 seconds
118.638: [CMS-concurrent-mark-start]
118.686: Application time: 0.0484380 seconds
118.687: [GC118.687: [ParNew: 122239K->13567K(122240K), 0.0337660 secs] 299438K->211993K(396032K), 0.0338150 secs] [Times: user=0.24 sys=0.00, real=0.03 secs] 
118.720: Total time for which application threads were stopped: 0.0339600 seconds, Stopping threads took: 0.0000760 seconds
118.783: Application time: 0.0626020 seconds
118.783: [GC118.783: [ParNew: 122239K->13566K(122240K), 0.0342170 secs] 320665K->232813K(396032K), 0.0342630 secs] [Times: user=0.24 sys=0.00, real=0.04 secs] 
118.817: Total time for which application threads were stopped: 0.0343610 seconds, Stopping threads took: 0.0000320 seconds
118.894: Application time: 0.0765900 seconds
118.894: [GC118.894: [ParNew: 122238K->13568K(122240K), 0.0255410 secs] 341485K->245648K(396032K), 0.0255870 secs] [Times: user=0.18 sys=0.00, real=0.02 secs] 
118.920: Total time for which application threads were stopped: 0.0257030 seconds, Stopping threads took: 0.0000480 seconds
118.944: [CMS-concurrent-mark: 0.211/0.306 secs] [Times: user=2.33 sys=0.00, real=0.30 secs] 
118.944: [CMS-concurrent-preclean-start]
118.977: Application time: 0.0576160 seconds
118.977: [GC118.977: [ParNew: 122240K->13568K(122240K), 0.0255450 secs] 354320K->259577K(396032K), 0.0255930 secs] [Times: user=0.19 sys=0.00, real=0.02 secs] 
119.003: Total time for which application threads were stopped: 0.0257710 seconds, Stopping threads took: 0.0001080 seconds
119.047: Application time: 0.0438620 seconds
119.047: [GC119.047: [ParNew (promotion failed): 122240K->122240K(122240K), 0.4464500 secs]119.494: [CMS119.641: [CMS-concurrent-preclean: 0.223/0.697 secs] [Times: user=1.80 sys=0.07, real=0.70 secs] 
 (concurrent mode failure): 270837K->126943K(273792K), 0.4383790 secs] 368249K->126943K(396032K), [CMS Perm : 9105K->9105K(21248K)], 0.8849010 secs] [Times: user=1.27 sys=0.07, real=0.88 secs] 
119.932: Total time for which application threads were stopped: 0.8850960 seconds, Stopping threads took: 0.0001120 seconds
119.979: Application time: 0.0474620 seconds
119.980: [GC119.980: [ParNew: 108612K->13568K(122240K), 0.0265570 secs] 235556K->158450K(396032K), 0.0266040 secs] [Times: user=0.19 sys=0.00, real=0.03 secs] 
120.006: Total time for which application threads were stopped: 0.0269620 seconds, Stopping threads took: 0.0002790 seconds
120.050: Application time: 0.0437970 seconds
120.050: [GC120.050: [ParNew: 122240K->13568K(122240K), 0.0351030 secs] 267122K->184248K(396032K), 0.0351510 secs] [Times: user=0.24 sys=0.00, real=0.04 secs] 
120.086: Total time for which application threads were stopped: 0.0353470 seconds, Stopping threads took: 0.0001250 seconds
120.086: Application time: 0.0001320 seconds
120.086: [GC [1 CMS-initial-mark: 170680K(273792K)] 186080K(396032K), 0.0109800 secs] [Times: user=0.01 sys=0.00, real=0.01 secs] 
120.097: Total time for which application threads were stopped: 0.0111320 seconds, Stopping threads took: 0.0001070 seconds
120.097: [CMS-concurrent-mark-start]
120.161: Application time: 0.0636790 seconds
120.161: [GC120.161: [ParNew: 122240K->13568K(122240K), 0.0327050 secs] 292920K->204047K(396032K), 0.0327510 secs] [Times: user=0.22 sys=0.00, real=0.04 secs] 
120.193: Total time for which application threads were stopped: 0.0329180 seconds, Stopping threads took: 0.0000970 seconds
120.254: Application time: 0.0606600 seconds
120.254: [GC120.254: [ParNew: 122240K->13568K(122240K), 0.0337280 secs] 312719K->225301K(396032K), 0.0337750 secs] [Times: user=0.23 sys=0.00, real=0.03 secs] 
120.288: Total time for which application threads were stopped: 0.0339380 seconds, Stopping threads took: 0.0000830 seconds
120.353: Application time: 0.0645700 seconds
120.353: [GC120.353: [ParNew: 122240K->13568K(122240K), 0.0278660 secs] 333973K->241697K(396032K), 0.0279130 secs] [Times: user=0.20 sys=0.00, real=0.02 secs] 
120.381: Total time for which application threads were stopped: 0.0280670 seconds, Stopping threads took: 0.0000800 seconds
120.385: [CMS-concurrent-mark: 0.193/0.288 secs] [Times: user=2.18 sys=0.02, real=0.29 secs] 
120.385: [CMS-concurrent-preclean-start]
120.436: Application time: 0.0548660 seconds
120.436: [GC120.436: [ParNew: 122240K->13568K(122240K), 0.0294390 secs] 350369K->259204K(396032K), 0.0294860 secs] [Times: user=0.21 sys=0.00, real=0.03 secs] 
120.465: Total time for which application threads were stopped: 0.0296160 seconds, Stopping threads took: 0.0000590 seconds
120.529: Application time: 0.0638400 seconds
120.529: [GC120.529: [ParNew: 122070K->13568K(122240K), 0.0246860 secs] 367707K->272370K(396032K), 0.0247320 secs] [Times: user=0.17 sys=0.00, real=0.03 secs] 
120.554: Total time for which application threads were stopped: 0.0249160 seconds, Stopping threads took: 0.0001020 seconds
120.602: Application time: 0.0482640 seconds
120.602: [GC120.602: [ParNew: 122240K->122240K(122240K), 0.0000150 secs]120.602: [CMS120.722: [CMS-concurrent-preclean: 0.279/0.336 secs] [Times: user=1.81 sys=0.00, real=0.33 secs] 
 (concurrent mode failure): 258802K->115653K(273792K), 0.3691090 secs] 381042K->115653K(396032K), [CMS Perm : 9105K->9105K(21248K)], 0.3691810 secs] [Times: user=0.37 sys=0.00, real=0.37 secs] 
120.972: Total time for which application threads were stopped: 0.3693500 seconds, Stopping threads took: 0.0001000 seconds
121.014: Application time: 0.0419730 seconds
121.014: [GC121.014: [ParNew: 108672K->13568K(122240K), 0.0225060 secs] 224325K->145207K(396032K), 0.0225560 secs] [Times: user=0.16 sys=0.00, real=0.02 secs] 
121.036: Total time for which application threads were stopped: 0.0227530 seconds, Stopping threads took: 0.0001260 seconds
121.083: Application time: 0.0467020 seconds
121.083: [GC121.083: [ParNew: 122240K->13568K(122240K), 0.0385180 secs] 253879K->176284K(396032K), 0.0385660 secs] [Times: user=0.26 sys=0.00, real=0.04 secs] 
121.122: Total time for which application threads were stopped: 0.0387830 seconds, Stopping threads took: 0.0001320 seconds
121.122: Application time: 0.0000740 seconds
121.122: [GC [1 CMS-initial-mark: 162716K(273792K)] 176782K(396032K), 0.0110980 secs] [Times: user=0.01 sys=0.00, real=0.02 secs] 
121.133: Total time for which application threads were stopped: 0.0112110 seconds, Stopping threads took: 0.0000680 seconds
121.133: [CMS-concurrent-mark-start]
121.185: Application time: 0.0515810 seconds
121.185: [GC121.185: [ParNew: 122240K->13568K(122240K), 0.0337770 secs] 284956K->198547K(396032K), 0.0338270 secs] [Times: user=0.23 sys=0.00, real=0.03 secs] 
121.219: Total time for which application threads were stopped: 0.0339810 seconds, Stopping threads took: 0.0000770 seconds
121.265: Application time: 0.0468090 seconds
121.266: [GC121.266: [ParNew: 122240K->13568K(122240K), 0.0425580 secs] 307219K->229976K(396032K), 0.0426060 secs] [Times: user=0.29 sys=0.00, real=0.04 secs] 
121.308: Total time for which application threads were stopped: 0.0427380 seconds, Stopping threads took: 0.0000640 seconds
121.379: Application time: 0.0708790 seconds
121.379: [GC121.379: [ParNew: 122240K->13568K(122240K), 0.0294130 secs] 338648K->244990K(396032K), 0.0294630 secs] [Times: user=0.21 sys=0.00, real=0.03 secs] 
121.409: Total time for which application threads were stopped: 0.0296400 seconds, Stopping threads took: 0.0001090 seconds
121.476: [CMS-concurrent-mark: 0.236/0.342 secs] [Times: user=2.60 sys=0.01, real=0.34 secs] 
121.476: [CMS-concurrent-preclean-start]
121.477: Application time: 0.0677980 seconds
121.477: [GC121.477: [ParNew: 122240K->13568K(122240K), 0.0281970 secs] 353662K->259499K(396032K), 0.0282390 secs] [Times: user=0.21 sys=0.00, real=0.03 secs] 
121.505: Total time for which application threads were stopped: 0.0284000 seconds, Stopping threads took: 0.0000870 seconds
121.563: Application time: 0.0581750 seconds
121.563: [GC121.563: [ParNew: 122240K->122240K(122240K), 0.0000140 secs]121.563: [CMS121.723: [CMS-concurrent-preclean: 0.217/0.247 secs] [Times: user=0.85 sys=0.00, real=0.24 secs] 
 (concurrent mode failure): 245931K->129217K(273792K), 0.4422800 secs] 368171K->129217K(396032K), [CMS Perm : 9105K->9105K(21248K)], 0.4423480 secs] [Times: user=0.44 sys=0.00, real=0.45 secs] 
122.006: Total time for which application threads were stopped: 0.4425410 seconds, Stopping threads took: 0.0001250 seconds
122.049: Application time: 0.0436320 seconds
122.049: [GC122.050: [ParNew: 108672K->13568K(122240K), 0.0175720 secs] 237889K->153354K(396032K), 0.0176210 secs] [Times: user=0.12 sys=0.00, real=0.02 secs] 
122.067: Total time for which application threads were stopped: 0.0178410 seconds, Stopping threads took: 0.0001410 seconds
122.107: Application time: 0.0396220 seconds
122.107: [GC122.107: [ParNew: 122240K->13568K(122240K), 0.0340690 secs] 262026K->183194K(396032K), 0.0341180 secs] [Times: user=0.23 sys=0.00, real=0.03 secs] 
122.141: Total time for which application threads were stopped: 0.0343270 seconds, Stopping threads took: 0.0001380 seconds
122.141: Application time: 0.0000370 seconds
122.141: [GC [1 CMS-initial-mark: 169626K(273792K)] 183362K(396032K), 0.0119970 secs] [Times: user=0.01 sys=0.00, real=0.02 secs] 
122.153: Total time for which application threads were stopped: 0.0120950 seconds, Stopping threads took: 0.0000550 seconds
122.153: [CMS-concurrent-mark-start]
122.219: Application time: 0.0657700 seconds
122.219: [GC122.219: [ParNew: 122240K->13568K(122240K), 0.0350710 secs] 291866K->204981K(396032K), 0.0351190 secs] [Times: user=0.24 sys=0.00, real=0.04 secs] 
122.254: Total time for which application threads were stopped: 0.0352550 seconds, Stopping threads took: 0.0000660 seconds
122.314: Application time: 0.0596720 seconds
122.314: [GC122.314: [ParNew: 122240K->13568K(122240K), 0.0307590 secs] 313653K->222543K(396032K), 0.0308050 secs] [Times: user=0.21 sys=0.00, real=0.03 secs] 
122.345: Total time for which application threads were stopped: 0.0309630 seconds, Stopping threads took: 0.0000890 seconds
122.401: Application time: 0.0556570 seconds
122.401: [GC122.401: [ParNew: 122240K->13568K(122240K), 0.0323080 secs] 331215K->243349K(396032K), 0.0323610 secs] [Times: user=0.22 sys=0.00, real=0.04 secs] 
122.435: Total time for which application threads were stopped: 0.0339780 seconds, Stopping threads took: 0.0000810 seconds
122.481: [CMS-concurrent-mark: 0.228/0.328 secs] [Times: user=2.50 sys=0.01, real=0.32 secs] 
122.481: [CMS-concurrent-preclean-start]
122.498: Application time: 0.0634690 seconds
122.501: [GC122.501: [ParNew: 122240K->13568K(122240K), 0.0311590 secs] 352021K->262339K(396032K), 0.0312100 secs] [Times: user=0.22 sys=0.00, real=0.03 secs] 
122.532: Total time for which application threads were stopped: 0.0340780 seconds, Stopping threads took: 0.0028000 seconds
122.580: Application time: 0.0482690 seconds
122.581: [GC122.581: [ParNew (promotion failed): 122240K->122240K(122240K), 1.4556260 secs]124.036: [CMS124.189: [CMS-concurrent-preclean: 0.216/1.707 secs] [Times: user=3.05 sys=0.30, real=1.71 secs] 
 (concurrent mode failure): 271573K->133749K(273792K), 0.4358330 secs] 371011K->133749K(396032K), [CMS Perm : 9105K->9105K(21248K)], 1.8915330 secs] [Times: user=2.59 sys=0.30, real=1.89 secs] 
124.472: Total time for which application threads were stopped: 1.8917110 seconds, Stopping threads took: 0.0000950 seconds
124.523: Application time: 0.0508600 seconds
124.523: [GC124.523: [ParNew: 108672K->13568K(122240K), 0.0216000 secs] 242421K->159793K(396032K), 0.0216500 secs] [Times: user=0.16 sys=0.00, real=0.02 secs] 
124.545: Total time for which application threads were stopped: 0.0218690 seconds, Stopping threads took: 0.0001220 seconds
124.590: Application time: 0.0454630 seconds
124.590: [GC124.590: [ParNew: 122240K->13568K(122240K), 0.0302080 secs] 268465K->182472K(396032K), 0.0302630 secs] [Times: user=0.21 sys=0.00, real=0.03 secs] 
124.621: Total time for which application threads were stopped: 0.0304280 seconds, Stopping threads took: 0.0000940 seconds
124.664: Application time: 0.0433650 seconds
124.664: [GC124.664: [ParNew: 122240K->13568K(122240K), 0.0364820 secs] 291144K->211548K(396032K), 0.0365330 secs] [Times: user=0.24 sys=0.00, real=0.04 secs] 
124.701: Total time for which application threads were stopped: 0.0367180 seconds, Stopping threads took: 0.0001030 seconds
124.701: Application time: 0.0000910 seconds
124.701: [GC [1 CMS-initial-mark: 197980K(273792K)] 213016K(396032K), 0.0114330 secs] [Times: user=0.01 sys=0.00, real=0.01 secs] 
124.712: Total time for which application threads were stopped: 0.0115560 seconds, Stopping threads took: 0.0000780 seconds
124.712: [CMS-concurrent-mark-start]
124.782: Application time: 0.0695660 seconds
124.782: [GC124.782: [ParNew: 122240K->13568K(122240K), 0.0312310 secs] 320220K->227850K(396032K), 0.0312760 secs] [Times: user=0.22 sys=0.00, real=0.04 secs] 
124.813: Total time for which application threads were stopped: 0.0314160 seconds, Stopping threads took: 0.0000720 seconds
124.883: Application time: 0.0692700 seconds
124.883: [GC124.883: [ParNew: 122126K->13568K(122240K), 0.0288320 secs] 336409K->243360K(396032K), 0.0288830 secs] [Times: user=0.21 sys=0.00, real=0.03 secs] 
124.912: Total time for which application threads were stopped: 0.0290190 seconds, Stopping threads took: 0.0000620 seconds
124.953: [CMS-concurrent-mark: 0.180/0.240 secs] [Times: user=1.85 sys=0.00, real=0.24 secs] 
124.953: [CMS-concurrent-preclean-start]
124.973: Application time: 0.0614630 seconds
124.973: [GC124.973: [ParNew: 122240K->13568K(122240K), 0.0297770 secs] 352032K->260417K(396032K), 0.0298230 secs] [Times: user=0.21 sys=0.00, real=0.02 secs] 
125.003: Total time for which application threads were stopped: 0.0299780 seconds, Stopping threads took: 0.0000870 seconds
125.058: Application time: 0.0545530 seconds
125.058: [GC125.058: [ParNew: 122240K->13568K(122240K), 0.0296190 secs] 369089K->278045K(396032K), 0.0296680 secs] [Times: user=0.20 sys=0.00, real=0.03 secs] 
125.088: Total time for which application threads were stopped: 0.0298430 seconds, Stopping threads took: 0.0000900 seconds
125.127: Application time: 0.0390450 seconds
125.127: [GC125.127: [ParNew: 122240K->122240K(122240K), 0.0000150 secs]125.127: [CMS125.239: [CMS-concurrent-preclean: 0.224/0.286 secs] [Times: user=1.45 sys=0.01, real=0.29 secs] 
 (concurrent mode failure): 264477K->121389K(273792K), 0.3640680 secs] 386717K->121389K(396032K), [CMS Perm : 9105K->9105K(21248K)], 0.3641370 secs] [Times: user=0.37 sys=0.00, real=0.36 secs] 
125.491: Total time for which application threads were stopped: 0.3643000 seconds, Stopping threads took: 0.0000930 seconds
125.536: Application time: 0.0448250 seconds
125.536: [GC125.536: [ParNew: 108672K->13568K(122240K), 0.0323920 secs] 230061K->161105K(396032K), 0.0324400 secs] [Times: user=0.23 sys=0.00, real=0.03 secs] 
125.568: Total time for which application threads were stopped: 0.0325810 seconds, Stopping threads took: 0.0000670 seconds
125.610: Application time: 0.0416410 seconds
125.610: [GC125.610: [ParNew: 122240K->13568K(122240K), 0.0366570 secs] 269777K->187293K(396032K), 0.0367050 secs] [Times: user=0.25 sys=0.00, real=0.04 secs] 
125.647: Total time for which application threads were stopped: 0.0368930 seconds, Stopping threads took: 0.0001040 seconds
125.661: Application time: 0.0139850 seconds
125.661: [GC [1 CMS-initial-mark: 173725K(273792K)] 220840K(396032K), 0.0329550 secs] [Times: user=0.04 sys=0.00, real=0.04 secs] 
125.694: Total time for which application threads were stopped: 0.0331060 seconds, Stopping threads took: 0.0001010 seconds
125.694: [CMS-concurrent-mark-start]
125.744: Application time: 0.0499380 seconds
125.744: [GC125.744: [ParNew: 122240K->13568K(122240K), 0.0348330 secs] 295965K->207862K(396032K), 0.0348780 secs] [Times: user=0.24 sys=0.00, real=0.04 secs] 
125.779: Total time for which application threads were stopped: 0.0350820 seconds, Stopping threads took: 0.0001260 seconds
125.853: Application time: 0.0744150 seconds
125.853: [GC125.854: [ParNew: 122240K->13564K(122240K), 0.0247660 secs] 316534K->220932K(396032K), 0.0248130 secs] [Times: user=0.17 sys=0.00, real=0.02 secs] 
125.878: Total time for which application threads were stopped: 0.0249370 seconds, Stopping threads took: 0.0000550 seconds
125.947: Application time: 0.0688790 seconds
125.947: [GC125.947: [ParNew: 122236K->13568K(122240K), 0.0211440 secs] 329604K->229823K(396032K), 0.0211910 secs] [Times: user=0.16 sys=0.00, real=0.02 secs] 
125.969: Total time for which application threads were stopped: 0.0213360 seconds, Stopping threads took: 0.0000760 seconds
125.978: [CMS-concurrent-mark: 0.202/0.284 secs] [Times: user=2.18 sys=0.00, real=0.28 secs] 
125.978: [CMS-concurrent-preclean-start]
126.015: Application time: 0.0463110 seconds
126.015: [GC126.015: [ParNew: 122240K->13568K(122240K), 0.0323790 secs] 338495K->251848K(396032K), 0.0324270 secs] [Times: user=0.22 sys=0.00, real=0.03 secs] 
126.047: Total time for which application threads were stopped: 0.0325740 seconds, Stopping threads took: 0.0000750 seconds
126.096: Application time: 0.0488420 seconds
126.096: [GC126.096: [ParNew: 122240K->13568K(122240K), 0.0404120 secs] 360520K->281345K(396032K), 0.0404600 secs] [Times: user=0.28 sys=0.00, real=0.04 secs] 
126.137: Total time for which application threads were stopped: 0.0406020 seconds, Stopping threads took: 0.0000700 seconds
126.183: Application time: 0.0465650 seconds
126.184: [GC126.184: [ParNew: 122240K->122240K(122240K), 0.0000120 secs]126.184: [CMS126.326: [CMS-concurrent-preclean: 0.273/0.348 secs] [Times: user=1.70 sys=0.00, real=0.35 secs] 
 (concurrent mode failure): 267777K->142984K(273792K), 0.4712030 secs] 390017K->142984K(396032K), [CMS Perm : 9105K->9105K(21248K)], 0.4712720 secs] [Times: user=0.47 sys=0.00, real=0.48 secs] 
126.655: Total time for which application threads were stopped: 0.4714370 seconds, Stopping threads took: 0.0000860 seconds
126.708: Application time: 0.0534140 seconds
126.708: [GC126.709: [ParNew: 108672K->13568K(122240K), 0.0183820 secs] 251656K->164282K(396032K), 0.0184290 secs] [Times: user=0.14 sys=0.00, real=0.02 secs] 
126.727: Total time for which application threads were stopped: 0.0186290 seconds, Stopping threads took: 0.0001010 seconds
126.780: Application time: 0.0527810 seconds
126.780: [GC126.780: [ParNew: 122240K->13568K(122240K), 0.0260910 secs] 272954K->180486K(396032K), 0.0261370 secs] [Times: user=0.19 sys=0.00, real=0.03 secs] 
126.806: Total time for which application threads were stopped: 0.0262850 seconds, Stopping threads took: 0.0000780 seconds
126.806: Application time: 0.0000940 seconds
126.806: [GC [1 CMS-initial-mark: 166918K(273792K)] 181777K(396032K), 0.0129830 secs] [Times: user=0.01 sys=0.00, real=0.01 secs] 
126.819: Total time for which application threads were stopped: 0.0132030 seconds, Stopping threads took: 0.0001590 seconds
126.819: [CMS-concurrent-mark-start]
126.863: Application time: 0.0441650 seconds
126.864: [GC126.864: [ParNew: 122237K->13568K(122240K), 0.0410210 secs] 289155K->214901K(396032K), 0.0410720 secs] [Times: user=0.28 sys=0.00, real=0.04 secs] 
126.905: Total time for which application threads were stopped: 0.0412650 seconds, Stopping threads took: 0.0001180 seconds
126.975: Application time: 0.0704570 seconds
126.975: [GC126.975: [ParNew: 122240K->13568K(122240K), 0.0308050 secs] 323573K->232247K(396032K), 0.0308490 secs] [Times: user=0.21 sys=0.00, real=0.03 secs] 
127.006: Total time for which application threads were stopped: 0.0310010 seconds, Stopping threads took: 0.0000890 seconds
127.084: [CMS-concurrent-mark: 0.192/0.264 secs] [Times: user=2.02 sys=0.00, real=0.26 secs] 
127.084: [CMS-concurrent-preclean-start]
127.085: Application time: 0.0787540 seconds
127.085: [GC127.085: [ParNew: 122240K->13568K(122240K), 0.0279730 secs] 340919K->245708K(396032K), 0.0280140 secs] [Times: user=0.20 sys=0.00, real=0.03 secs] 
127.113: Total time for which application threads were stopped: 0.0281210 seconds, Stopping threads took: 0.0000340 seconds
127.168: Application time: 0.0547790 seconds
127.169: [GC127.169: [ParNew: 122240K->13568K(122240K), 0.0272940 secs] 354380K->260816K(396032K), 0.0273410 secs] [Times: user=0.19 sys=0.00, real=0.03 secs] 
127.196: Total time for which application threads were stopped: 0.0284900 seconds, Stopping threads took: 0.0010570 seconds
127.247: Application time: 0.0511120 seconds
127.248: [GC127.248: [ParNew: 122240K->13568K(122240K), 0.0328770 secs] 369488K->281881K(396032K), 0.0329260 secs] [Times: user=0.23 sys=0.00, real=0.03 secs] 
127.281: Total time for which application threads were stopped: 0.0331010 seconds, Stopping threads took: 0.0000930 seconds
127.331: Application time: 0.0509070 seconds
127.332: [GC127.332: [ParNew: 122202K->122202K(122240K), 0.0000150 secs]127.332: [CMS127.461: [CMS-concurrent-preclean: 0.285/0.378 secs] [Times: user=2.02 sys=0.01, real=0.38 secs] 
 (concurrent mode failure): 268313K->116589K(273792K), 0.3841640 secs] 390515K->116589K(396032K), [CMS Perm : 9105K->9105K(21248K)], 0.3842400 secs] [Times: user=0.38 sys=0.00, real=0.39 secs] 
127.716: Total time for which application threads were stopped: 0.3844270 seconds, Stopping threads took: 0.0001150 seconds
127.755: Application time: 0.0390480 seconds
127.755: [GC127.755: [ParNew: 108672K->13568K(122240K), 0.0221170 secs] 225261K->147116K(396032K), 0.0221630 secs] [Times: user=0.16 sys=0.00, real=0.02 secs] 
127.777: Total time for which application threads were stopped: 0.0223120 seconds, Stopping threads took: 0.0000700 seconds
127.823: Application time: 0.0457820 seconds
127.823: [GC127.823: [ParNew: 122240K->13568K(122240K), 0.0397550 secs] 255788K->179057K(396032K), 0.0398050 secs] [Times: user=0.27 sys=0.00, real=0.04 secs] 
127.863: Total time for which application threads were stopped: 0.0399840 seconds, Stopping threads took: 0.0001080 seconds
127.863: Application time: 0.0001050 seconds
127.863: [GC [1 CMS-initial-mark: 165489K(273792K)] 180453K(396032K), 0.0113790 secs] [Times: user=0.01 sys=0.00, real=0.02 secs] 
127.875: Total time for which application threads were stopped: 0.0114990 seconds, Stopping threads took: 0.0000760 seconds
127.875: [CMS-concurrent-mark-start]
127.922: Application time: 0.0471860 seconds
127.922: [GC127.922: [ParNew: 122240K->13568K(122240K), 0.0378730 secs] 287729K->202968K(396032K), 0.0379220 secs] [Times: user=0.26 sys=0.00, real=0.04 secs] 
127.960: Total time for which application threads were stopped: 0.0380820 seconds, Stopping threads took: 0.0000890 seconds
128.023: Application time: 0.0634080 seconds
128.023: [GC128.023: [ParNew: 122240K->13568K(122240K), 0.0356320 secs] 311640K->225247K(396032K), 0.0356820 secs] [Times: user=0.25 sys=0.00, real=0.04 secs] 
128.059: Total time for which application threads were stopped: 0.0358350 seconds, Stopping threads took: 0.0000850 seconds
128.136: Application time: 0.0766000 seconds
128.136: [GC128.136: [ParNew: 122240K->13565K(122240K), 0.0261550 secs] 333919K->238448K(396032K), 0.0262030 secs] [Times: user=0.19 sys=0.00, real=0.02 secs] 
128.162: Total time for which application threads were stopped: 0.0263730 seconds, Stopping threads took: 0.0001020 seconds
128.212: [CMS-concurrent-mark: 0.237/0.337 secs] [Times: user=2.57 sys=0.00, real=0.33 secs] 
128.212: [CMS-concurrent-preclean-start]
128.225: Application time: 0.0624780 seconds
128.225: [GC128.225: [ParNew: 122237K->13568K(122240K), 0.0242110 secs] 347120K->250514K(396032K), 0.0242600 secs] [Times: user=0.17 sys=0.00, real=0.03 secs] 
128.249: Total time for which application threads were stopped: 0.0243780 seconds, Stopping threads took: 0.0000490 seconds
128.306: Application time: 0.0572940 seconds
128.306: [GC128.306: [ParNew: 122240K->13568K(122240K), 0.0298590 secs] 359186K->269001K(396032K), 0.0299050 secs] [Times: user=0.20 sys=0.00, real=0.03 secs] 
128.336: Total time for which application threads were stopped: 0.0300490 seconds, Stopping threads took: 0.0000630 seconds
128.381: Application time: 0.0448670 seconds
128.381: [GC128.381: [ParNew: 122240K->122240K(122240K), 0.0000130 secs]128.381: [CMS128.519: [CMS-concurrent-preclean: 0.250/0.307 secs] [Times: user=1.45 sys=0.00, real=0.31 secs] 
 (concurrent mode failure): 255433K->127961K(273792K), 0.4310110 secs] 377673K->127961K(396032K), [CMS Perm : 9105K->9105K(21248K)], 0.4310860 secs] [Times: user=0.43 sys=0.00, real=0.43 secs] 
128.812: Total time for which application threads were stopped: 0.4312240 seconds, Stopping threads took: 0.0000690 seconds
128.860: Application time: 0.0474830 seconds
128.860: [GC128.860: [ParNew: 108672K->13568K(122240K), 0.0207800 secs] 236633K->153970K(396032K), 0.0208310 secs] [Times: user=0.16 sys=0.00, real=0.02 secs] 
128.881: Total time for which application threads were stopped: 0.0210600 seconds, Stopping threads took: 0.0001300 seconds
128.929: Application time: 0.0482200 seconds
128.929: [GC128.929: [ParNew: 122240K->13568K(122240K), 0.0333360 secs] 262642K->178760K(396032K), 0.0333880 secs] [Times: user=0.23 sys=0.00, real=0.03 secs] 
128.963: Total time for which application threads were stopped: 0.0336160 seconds, Stopping threads took: 0.0001340 seconds
128.963: Application time: 0.0000620 seconds
128.963: [GC [1 CMS-initial-mark: 165192K(273792K)] 179966K(396032K), 0.0111840 secs] [Times: user=0.01 sys=0.00, real=0.02 secs] 
128.974: Total time for which application threads were stopped: 0.0113180 seconds, Stopping threads took: 0.0000910 seconds
128.974: [CMS-concurrent-mark-start]
129.026: Application time: 0.0522080 seconds
129.027: [GC129.027: [ParNew: 122240K->13568K(122240K), 0.0344980 secs] 287432K->202877K(396032K), 0.0345450 secs] [Times: user=0.23 sys=0.00, real=0.03 secs] 
129.061: Total time for which application threads were stopped: 0.0346800 seconds, Stopping threads took: 0.0000670 seconds
129.118: Application time: 0.0567230 seconds
129.118: [GC129.118: [ParNew: 122240K->13568K(122240K), 0.0380910 secs] 311549K->228932K(396032K), 0.0381370 secs] [Times: user=0.26 sys=0.00, real=0.04 secs] 
129.156: Total time for which application threads were stopped: 0.0382800 seconds, Stopping threads took: 0.0000730 seconds
129.220: Application time: 0.0634660 seconds
129.220: [GC129.220: [ParNew: 122240K->13568K(122240K), 0.0329660 secs] 337604K->247821K(396032K), 0.0330130 secs] [Times: user=0.23 sys=0.00, real=0.03 secs] 
129.253: Total time for which application threads were stopped: 0.0331450 seconds, Stopping threads took: 0.0000630 seconds
129.308: [CMS-concurrent-mark: 0.228/0.334 secs] [Times: user=2.53 sys=0.01, real=0.33 secs] 
129.309: [CMS-concurrent-preclean-start]
129.326: Application time: 0.0730770 seconds
129.326: [GC129.326: [ParNew: 122240K->13062K(122240K), 0.0252170 secs] 356493K->259894K(396032K), 0.0252640 secs] [Times: user=0.18 sys=0.00, real=0.02 secs] 
129.351: Total time for which application threads were stopped: 0.0254010 seconds, Stopping threads took: 0.0000700 seconds
129.412: Application time: 0.0610580 seconds
129.412: [GC129.412: [ParNew: 121625K->121625K(122240K), 0.0000160 secs]129.412: [CMS129.543: [CMS-concurrent-preclean: 0.207/0.235 secs] [Times: user=0.96 sys=0.00, real=0.23 secs] 
 (concurrent mode failure): 246831K->111290K(273792K), 0.3808250 secs] 368457K->111290K(396032K), [CMS Perm : 9105K->9105K(21248K)], 0.3808960 secs] [Times: user=0.39 sys=0.00, real=0.39 secs] 
129.793: Total time for which application threads were stopped: 0.3810630 seconds, Stopping threads took: 0.0000810 seconds
129.836: Application time: 0.0422050 seconds
129.836: [GC129.836: [ParNew: 108672K->13568K(122240K), 0.0175400 secs] 219962K->136531K(396032K), 0.0175860 secs] [Times: user=0.13 sys=0.00, real=0.02 secs] 
129.853: Total time for which application threads were stopped: 0.0177330 seconds, Stopping threads took: 0.0000810 seconds
129.896: Application time: 0.0431010 seconds
129.897: [GC129.897: [ParNew: 122240K->13568K(122240K), 0.0402770 secs] 245203K->172774K(396032K), 0.0403230 secs] [Times: user=0.27 sys=0.00, real=0.04 secs] 
129.937: Total time for which application threads were stopped: 0.0404730 seconds, Stopping threads took: 0.0000700 seconds
129.937: Application time: 0.0000980 seconds
129.937: [GC [1 CMS-initial-mark: 159206K(273792K)] 174237K(396032K), 0.0138440 secs] [Times: user=0.01 sys=0.00, real=0.01 secs] 
129.951: Total time for which application threads were stopped: 0.0139770 seconds, Stopping threads took: 0.0000770 seconds
129.951: [CMS-concurrent-mark-start]
129.993: Application time: 0.0416690 seconds
129.993: [GC129.993: [ParNew: 122240K->13568K(122240K), 0.0392520 secs] 281446K->199650K(396032K), 0.0392980 secs] [Times: user=0.27 sys=0.00, real=0.04 secs] 
130.032: Total time for which application threads were stopped: 0.0394540 seconds, Stopping threads took: 0.0000870 seconds
130.086: Application time: 0.0539750 seconds
130.086: [GC130.086: [ParNew: 122240K->13568K(122240K), 0.0415220 secs] 308322K->228543K(396032K), 0.0415680 secs] [Times: user=0.28 sys=0.00, real=0.04 secs] 
130.128: Total time for which application threads were stopped: 0.0417330 seconds, Stopping threads took: 0.0000960 seconds
130.197: Application time: 0.0696610 seconds
130.198: [GC130.198: [ParNew: 122240K->13568K(122240K), 0.0335560 secs] 337215K->248384K(396032K), 0.0336010 secs] [Times: user=0.23 sys=0.00, real=0.03 secs] 
130.231: Total time for which application threads were stopped: 0.0337660 seconds, Stopping threads took: 0.0000970 seconds
130.294: Application time: 0.0628760 seconds
130.295: [GC130.295: [ParNew: 122240K->13568K(122240K), 0.0319350 secs] 357056K->266844K(396032K), 0.0319830 secs] [Times: user=0.22 sys=0.00, real=0.03 secs] 
130.327: Total time for which application threads were stopped: 0.0331460 seconds, Stopping threads took: 0.0010930 seconds
130.374: [CMS-concurrent-mark: 0.275/0.423 secs] [Times: user=3.20 sys=0.00, real=0.43 secs] 
130.374: [CMS-concurrent-preclean-start]
130.392: Application time: 0.0645760 seconds
130.392: [GC130.392: [ParNew: 122240K->122240K(122240K), 0.0000130 secs]130.392: [CMS130.558: [CMS-concurrent-preclean: 0.182/0.184 secs] [Times: user=0.32 sys=0.00, real=0.18 secs] 
 (concurrent mode failure): 253276K->139465K(273792K), 0.4684580 secs] 375516K->139465K(396032K), [CMS Perm : 9105K->9105K(21248K)], 0.4685260 secs] [Times: user=0.47 sys=0.00, real=0.47 secs] 
130.860: Total time for which application threads were stopped: 0.4686570 seconds, Stopping threads took: 0.0000630 seconds
130.913: Application time: 0.0523500 seconds
130.913: [GC130.913: [ParNew: 108672K->13568K(122240K), 0.0114670 secs] 248137K->154778K(396032K), 0.0115150 secs] [Times: user=0.09 sys=0.00, real=0.00 secs] 
130.925: Total time for which application threads were stopped: 0.0116660 seconds, Stopping threads took: 0.0000670 seconds
130.976: Application time: 0.0512280 seconds
130.976: [GC130.976: [ParNew: 122240K->13568K(122240K), 0.0294050 secs] 263450K->178078K(396032K), 0.0294530 secs] [Times: user=0.20 sys=0.00, real=0.03 secs] 
131.005: Total time for which application threads were stopped: 0.0296730 seconds, Stopping threads took: 0.0001320 seconds
131.006: Application time: 0.0001220 seconds
131.006: [GC [1 CMS-initial-mark: 164510K(273792K)] 179621K(396032K), 0.0109690 secs] [Times: user=0.01 sys=0.00, real=0.01 secs] 
131.017: Total time for which application threads were stopped: 0.0110770 seconds, Stopping threads took: 0.0000630 seconds
131.017: [CMS-concurrent-mark-start]
131.074: Application time: 0.0570230 seconds
131.074: [GC131.074: [ParNew: 122240K->13566K(122240K), 0.0329260 secs] 286750K->200092K(396032K), 0.0329730 secs] [Times: user=0.23 sys=0.00, real=0.03 secs] 
131.107: Total time for which application threads were stopped: 0.0331170 seconds, Stopping threads took: 0.0000730 seconds
131.165: Application time: 0.0582440 seconds
131.165: [GC131.165: [ParNew: 122238K->13568K(122240K), 0.0355710 secs] 308764K->224648K(396032K), 0.0356200 secs] [Times: user=0.24 sys=0.00, real=0.03 secs] 
131.201: Total time for which application threads were stopped: 0.0358050 seconds, Stopping threads took: 0.0000960 seconds
131.249: Application time: 0.0482780 seconds
131.249: [GC131.249: [ParNew: 122240K->13567K(122240K), 0.0374830 secs] 333320K->250822K(396032K), 0.0375390 secs] [Times: user=0.25 sys=0.00, real=0.04 secs] 
131.287: Total time for which application threads were stopped: 0.0376970 seconds, Stopping threads took: 0.0000860 seconds
131.343: [CMS-concurrent-mark: 0.220/0.326 secs] [Times: user=2.47 sys=0.00, real=0.32 secs] 
131.343: [CMS-concurrent-preclean-start]
131.349: Application time: 0.0623050 seconds
131.349: [GC131.349: [ParNew: 122239K->13566K(122240K), 0.0365920 secs] 359494K->274596K(396032K), 0.0366380 secs] [Times: user=0.26 sys=0.00, real=0.04 secs] 
131.386: Total time for which application threads were stopped: 0.0367830 seconds, Stopping threads took: 0.0000780 seconds
131.442: Application time: 0.0561120 seconds
131.442: [GC131.442: [ParNew: 122238K->122238K(122240K), 0.0000130 secs]131.442: [CMS131.583: [CMS-concurrent-preclean: 0.201/0.240 secs] [Times: user=0.91 sys=0.00, real=0.24 secs] 
 (concurrent mode failure): 261030K->137945K(273792K), 0.4380650 secs] 383268K->137945K(396032K), [CMS Perm : 9105K->9105K(21248K)], 0.4381310 secs] [Times: user=0.43 sys=0.00, real=0.44 secs] 
131.880: Total time for which application threads were stopped: 0.4382920 seconds, Stopping threads took: 0.0000800 seconds
131.934: Application time: 0.0536520 seconds
131.934: [GC131.934: [ParNew: 108672K->13566K(122240K), 0.0151190 secs] 246617K->156098K(396032K), 0.0151660 secs] [Times: user=0.11 sys=0.00, real=0.01 secs] 
131.949: Total time for which application threads were stopped: 0.0153350 seconds, Stopping threads took: 0.0000990 seconds
131.995: Application time: 0.0456030 seconds
131.995: [GC131.995: [ParNew: 122238K->13568K(122240K), 0.0291010 secs] 264770K->178560K(396032K), 0.0291520 secs] [Times: user=0.20 sys=0.01, real=0.02 secs] 
132.024: Total time for which application threads were stopped: 0.0293900 seconds, Stopping threads took: 0.0001540 seconds
132.025: Application time: 0.0003080 seconds
132.025: [GC [1 CMS-initial-mark: 164992K(273792K)] 180276K(396032K), 0.0110750 secs] [Times: user=0.01 sys=0.00, real=0.02 secs] 
132.036: Total time for which application threads were stopped: 0.0111900 seconds, Stopping threads took: 0.0000690 seconds
132.036: [CMS-concurrent-mark-start]
132.092: Application time: 0.0564160 seconds
132.093: [GC132.093: [ParNew: 122240K->13568K(122240K), 0.0386080 secs] 287232K->206808K(396032K), 0.0386560 secs] [Times: user=0.27 sys=0.00, real=0.03 secs] 
132.132: Total time for which application threads were stopped: 0.0393520 seconds, Stopping threads took: 0.0006250 seconds
132.187: Application time: 0.0552670 seconds
132.187: [GC132.187: [ParNew: 122240K->13568K(122240K), 0.0390000 secs] 315480K->232836K(396032K), 0.0390490 secs] [Times: user=0.27 sys=0.00, real=0.04 secs] 
132.226: Total time for which application threads were stopped: 0.0391890 seconds, Stopping threads took: 0.0000690 seconds
132.282: Application time: 0.0563020 seconds
132.282: [GC132.282: [ParNew: 122240K->13568K(122240K), 0.0315370 secs] 341508K->251470K(396032K), 0.0315850 secs] [Times: user=0.22 sys=0.00, real=0.04 secs] 
132.314: Total time for which application threads were stopped: 0.0317310 seconds, Stopping threads took: 0.0000780 seconds
132.375: Application time: 0.0614490 seconds
132.376: [GC132.376: [ParNew: 122240K->13568K(122240K), 0.0330690 secs] 360142K->271320K(396032K), 0.0331180 secs] [Times: user=0.23 sys=0.00, real=0.03 secs] 
132.409: Total time for which application threads were stopped: 0.0332480 seconds, Stopping threads took: 0.0000580 seconds
132.461: [CMS-concurrent-mark: 0.280/0.425 secs] [Times: user=3.23 sys=0.00, real=0.42 secs] 
132.461: [CMS-concurrent-preclean-start]
132.467: Application time: 0.0581470 seconds
132.467: [GC132.467: [ParNew: 122240K->122240K(122240K), 0.0000140 secs]132.467: [CMS132.633: [CMS-concurrent-preclean: 0.171/0.172 secs] [Times: user=0.22 sys=0.00, real=0.18 secs] 
 (concurrent mode failure): 257752K->131185K(273792K), 0.4737400 secs] 379992K->131185K(396032K), [CMS Perm : 9106K->9106K(21248K)], 0.4738240 secs] [Times: user=0.47 sys=0.00, real=0.47 secs] 
132.942: Total time for which application threads were stopped: 0.4755640 seconds, Stopping threads took: 0.0001180 seconds
132.985: Application time: 0.0429400 seconds
132.986: [GC132.986: [ParNew: 108672K->13568K(122240K), 0.0207720 secs] 239857K->158789K(396032K), 0.0208210 secs] [Times: user=0.14 sys=0.00, real=0.02 secs] 
133.006: Total time for which application threads were stopped: 0.0210480 seconds, Stopping threads took: 0.0001250 seconds
133.060: Application time: 0.0534140 seconds
133.060: [GC133.060: [ParNew: 122240K->13568K(122240K), 0.0325380 secs] 267461K->179753K(396032K), 0.0325890 secs] [Times: user=0.22 sys=0.00, real=0.03 secs] 
133.093: Total time for which application threads were stopped: 0.0327990 seconds, Stopping threads took: 0.0001380 seconds
133.101: Application time: 0.0081580 seconds
133.101: [GC [1 CMS-initial-mark: 166185K(273792K)] 195254K(396032K), 0.0248720 secs] [Times: user=0.02 sys=0.00, real=0.03 secs] 
133.126: Total time for which application threads were stopped: 0.0251080 seconds, Stopping threads took: 0.0001860 seconds
133.126: [CMS-concurrent-mark-start]
133.175: Application time: 0.0491780 seconds
133.175: [GC133.175: [ParNew: 122240K->13568K(122240K), 0.0276860 secs] 288425K->194993K(396032K), 0.0277330 secs] [Times: user=0.20 sys=0.00, real=0.02 secs] 
133.203: Total time for which application threads were stopped: 0.0278840 seconds, Stopping threads took: 0.0000810 seconds
133.266: Application time: 0.0628340 seconds
133.266: [GC133.266: [ParNew: 122240K->13568K(122240K), 0.0306890 secs] 303665K->214139K(396032K), 0.0307390 secs] [Times: user=0.21 sys=0.00, real=0.03 secs] 
133.297: Total time for which application threads were stopped: 0.0308860 seconds, Stopping threads took: 0.0000770 seconds
133.347: Application time: 0.0502080 seconds
133.347: [GC133.347: [ParNew: 122240K->13568K(122240K), 0.0347360 secs] 322811K->237811K(396032K), 0.0347830 secs] [Times: user=0.24 sys=0.00, real=0.03 secs] 
133.382: Total time for which application threads were stopped: 0.0349370 seconds, Stopping threads took: 0.0000850 seconds
133.444: Application time: 0.0623010 seconds
133.444: [GC133.444: [ParNew: 122240K->13568K(122240K), 0.0341290 secs] 346483K->259500K(396032K), 0.0341800 secs] [Times: user=0.24 sys=0.00, real=0.04 secs] 
133.479: Total time for which application threads were stopped: 0.0343310 seconds, Stopping threads took: 0.0000770 seconds
133.520: [CMS-concurrent-mark: 0.266/0.394 secs] [Times: user=2.98 sys=0.02, real=0.39 secs] 
133.521: [CMS-concurrent-preclean-start]
133.541: Application time: 0.0621200 seconds
133.541: [GC133.541: [ParNew: 122240K->13568K(122240K), 0.0325940 secs] 368172K->279282K(396032K), 0.0326470 secs] [Times: user=0.21 sys=0.01, real=0.04 secs] 
133.573: Total time for which application threads were stopped: 0.0328000 seconds, Stopping threads took: 0.0000690 seconds
133.620: Application time: 0.0466740 seconds
133.620: [GC133.620: [ParNew: 122240K->122240K(122240K), 0.0000130 secs]133.620: [CMS133.786: [CMS-concurrent-preclean: 0.231/0.266 secs] [Times: user=0.92 sys=0.02, real=0.27 secs] 
 (concurrent mode failure): 265714K->120644K(273792K), 0.4214190 secs] 387954K->120644K(396032K), [CMS Perm : 9106K->9106K(21248K)], 0.4214830 secs] [Times: user=0.43 sys=0.00, real=0.42 secs] 
134.042: Total time for which application threads were stopped: 0.4216080 seconds, Stopping threads took: 0.0000570 seconds
134.080: Application time: 0.0383650 seconds
134.080: [GC134.080: [ParNew: 108672K->13568K(122240K), 0.0236940 secs] 229316K->153410K(396032K), 0.0237430 secs] [Times: user=0.16 sys=0.00, real=0.02 secs] 
134.104: Total time for which application threads were stopped: 0.0238980 seconds, Stopping threads took: 0.0000710 seconds
134.155: Application time: 0.0513260 seconds
134.155: [GC134.156: [ParNew: 122240K->13568K(122240K), 0.0375070 secs] 262082K->179484K(396032K), 0.0375570 secs] [Times: user=0.26 sys=0.00, real=0.04 secs] 
134.193: Total time for which application threads were stopped: 0.0377560 seconds, Stopping threads took: 0.0001190 seconds
134.193: Application time: 0.0000550 seconds
134.193: [GC [1 CMS-initial-mark: 165916K(273792K)] 180689K(396032K), 0.0114150 secs] [Times: user=0.02 sys=0.00, real=0.00 secs] 
134.205: Total time for which application threads were stopped: 0.0115190 seconds, Stopping threads took: 0.0000600 seconds
134.205: [CMS-concurrent-mark-start]
134.281: Application time: 0.0759010 seconds
134.281: [GC134.281: [ParNew: 122240K->13562K(122240K), 0.0266430 secs] 288156K->192729K(396032K), 0.0266880 secs] [Times: user=0.19 sys=0.00, real=0.03 secs] 
134.307: Total time for which application threads were stopped: 0.0268370 seconds, Stopping threads took: 0.0000790 seconds
134.372: Application time: 0.0645140 seconds
134.372: [GC134.372: [ParNew: 122234K->13568K(122240K), 0.0224360 secs] 301401K->203024K(396032K), 0.0224820 secs] [Times: user=0.16 sys=0.00, real=0.03 secs] 
134.395: Total time for which application threads were stopped: 0.0226230 seconds, Stopping threads took: 0.0000740 seconds
134.444: [CMS-concurrent-mark: 0.190/0.240 secs] [Times: user=1.86 sys=0.01, real=0.24 secs] 
134.445: Application time: 0.0499590 seconds
134.445: [GC134.445: [ParNew: 122240K->13568K(122240K), 0.0370530 secs] 311696K->229113K(396032K), 0.0370880 secs] [Times: user=0.26 sys=0.00, real=0.04 secs] 
134.482: Total time for which application threads were stopped: 0.0371980 seconds, Stopping threads took: 0.0000430 seconds
134.482: [CMS-concurrent-preclean-start]
134.536: Application time: 0.0541670 seconds
134.536: [GC134.536: [ParNew: 122240K->13568K(122240K), 0.0326140 secs] 337785K->249026K(396032K), 0.0326620 secs] [Times: user=0.22 sys=0.00, real=0.03 secs] 
134.569: Total time for which application threads were stopped: 0.0328230 seconds, Stopping threads took: 0.0000910 seconds
134.624: Application time: 0.0557710 seconds
134.625: [GC134.625: [ParNew: 122240K->13568K(122240K), 0.0332270 secs] 357698K->269865K(396032K), 0.0332760 secs] [Times: user=0.23 sys=0.00, real=0.04 secs] 
134.658: Total time for which application threads were stopped: 0.0334280 seconds, Stopping threads took: 0.0000740 seconds
134.707: Application time: 0.0495020 seconds
134.708: [GC134.708: [ParNew: 122240K->122240K(122240K), 0.0000130 secs]134.708: [CMS134.839: [CMS-concurrent-preclean: 0.289/0.358 secs] [Times: user=1.85 sys=0.02, real=0.36 secs] 
 (concurrent mode failure): 256297K->119841K(273792K), 0.4064600 secs] 378537K->119841K(396032K), [CMS Perm : 9106K->9106K(21248K)], 0.4065260 secs] [Times: user=0.40 sys=0.00, real=0.41 secs] 
135.114: Total time for which application threads were stopped: 0.4066930 seconds, Stopping threads took: 0.0000990 seconds
135.152: Application time: 0.0379370 seconds
135.152: [GC135.152: [ParNew: 108672K->13568K(122240K), 0.0205710 secs] 228513K->149005K(396032K), 0.0206190 secs] [Times: user=0.14 sys=0.00, real=0.03 secs] 
135.173: Total time for which application threads were stopped: 0.0208150 seconds, Stopping threads took: 0.0001150 seconds
135.217: Application time: 0.0442150 seconds
135.217: [GC135.217: [ParNew: 122240K->13568K(122240K), 0.0410100 secs] 257677K->183440K(396032K), 0.0410580 secs] [Times: user=0.27 sys=0.00, real=0.04 secs] 
135.258: Total time for which application threads were stopped: 0.0413960 seconds, Stopping threads took: 0.0002470 seconds
135.259: Application time: 0.0000960 seconds
135.259: [GC [1 CMS-initial-mark: 169872K(273792K)] 184347K(396032K), 0.0112320 secs] [Times: user=0.01 sys=0.00, real=0.01 secs] 
135.270: Total time for which application threads were stopped: 0.0113350 seconds, Stopping threads took: 0.0000590 seconds
135.270: [CMS-concurrent-mark-start]
135.342: Application time: 0.0717280 seconds
135.342: [GC135.342: [ParNew: 122240K->13566K(122240K), 0.0282040 secs] 292112K->197013K(396032K), 0.0282510 secs] [Times: user=0.20 sys=0.00, real=0.03 secs] 
135.370: Total time for which application threads were stopped: 0.0283910 seconds, Stopping threads took: 0.0000720 seconds
135.434: Application time: 0.0640020 seconds
135.434: [GC135.434: [ParNew: 122238K->13568K(122240K), 0.0301500 secs] 305685K->214146K(396032K), 0.0302070 secs] [Times: user=0.22 sys=0.00, real=0.02 secs] 
135.464: Total time for which application threads were stopped: 0.0303480 seconds, Stopping threads took: 0.0000700 seconds
135.513: [CMS-concurrent-mark: 0.184/0.243 secs] [Times: user=1.88 sys=0.00, real=0.25 secs] 
135.513: [CMS-concurrent-preclean-start]
135.532: Application time: 0.0677760 seconds
135.532: [GC135.532: [ParNew: 122240K->13568K(122240K), 0.0257190 secs] 322818K->227618K(396032K), 0.0257670 secs] [Times: user=0.18 sys=0.00, real=0.03 secs] 
135.558: Total time for which application threads were stopped: 0.0259260 seconds, Stopping threads took: 0.0000890 seconds
135.606: Application time: 0.0477650 seconds
135.606: [GC135.606: [ParNew: 122240K->13568K(122240K), 0.0322160 secs] 336290K->248899K(396032K), 0.0322650 secs] [Times: user=0.23 sys=0.00, real=0.03 secs] 
135.638: Total time for which application threads were stopped: 0.0324010 seconds, Stopping threads took: 0.0000650 seconds
135.685: Application time: 0.0466640 seconds
135.685: [GC135.685: [ParNew: 122240K->13568K(122240K), 0.0379020 secs] 357571K->275387K(396032K), 0.0379510 secs] [Times: user=0.26 sys=0.00, real=0.03 secs] 
135.723: Total time for which application threads were stopped: 0.0381350 seconds, Stopping threads took: 0.0000990 seconds
135.783: Application time: 0.0603870 seconds
135.784: [GC135.784: [ParNew: 122240K->122240K(122240K), 0.0000150 secs]135.784: [CMS135.927: [CMS-concurrent-preclean: 0.315/0.414 secs] [Times: user=2.20 sys=0.00, real=0.41 secs] 
 (concurrent mode failure): 261819K->124142K(273792K), 0.4317440 secs] 384059K->124142K(396032K), [CMS Perm : 9106K->9106K(21248K)], 0.4318150 secs] [Times: user=0.43 sys=0.00, real=0.44 secs] 
136.215: Total time for which application threads were stopped: 0.4319220 seconds, Stopping threads took: 0.0000350 seconds
136.258: Application time: 0.0427560 seconds
136.258: [GC136.258: [ParNew: 108436K->13568K(122240K), 0.0183850 secs] 232579K->149864K(396032K), 0.0184340 secs] [Times: user=0.13 sys=0.00, real=0.02 secs] 
136.277: Total time for which application threads were stopped: 0.0186660 seconds, Stopping threads took: 0.0001310 seconds
136.328: Application time: 0.0515120 seconds
136.328: [GC136.328: [ParNew: 122240K->13568K(122240K), 0.0331520 secs] 258536K->174585K(396032K), 0.0332000 secs] [Times: user=0.23 sys=0.00, real=0.03 secs] 
136.362: Total time for which application threads were stopped: 0.0333310 seconds, Stopping threads took: 0.0000610 seconds
136.362: Application time: 0.0001000 seconds
136.362: [GC [1 CMS-initial-mark: 161017K(273792K)] 175729K(396032K), 0.0124850 secs] [Times: user=0.01 sys=0.00, real=0.02 secs] 
136.374: Total time for which application threads were stopped: 0.0126180 seconds, Stopping threads took: 0.0000930 seconds
136.374: [CMS-concurrent-mark-start]
136.431: Application time: 0.0561920 seconds
136.431: [GC136.431: [ParNew: 122240K->13568K(122240K), 0.0317730 secs] 283257K->194244K(396032K), 0.0318230 secs] [Times: user=0.22 sys=0.00, real=0.03 secs] 
136.463: Total time for which application threads were stopped: 0.0319970 seconds, Stopping threads took: 0.0001040 seconds
136.530: Application time: 0.0669680 seconds
136.530: [GC136.530: [ParNew: 122240K->13566K(122240K), 0.0330000 secs] 302916K->213818K(396032K), 0.0330470 secs] [Times: user=0.23 sys=0.00, real=0.03 secs] 
136.563: Total time for which application threads were stopped: 0.0331800 seconds, Stopping threads took: 0.0000640 seconds
136.620: Application time: 0.0575340 seconds
136.620: [GC136.620: [ParNew: 122238K->13567K(122240K), 0.0321990 secs] 322490K->233963K(396032K), 0.0322490 secs] [Times: user=0.22 sys=0.00, real=0.03 secs] 
136.653: Total time for which application threads were stopped: 0.0324010 seconds, Stopping threads took: 0.0000800 seconds
136.683: [CMS-concurrent-mark: 0.211/0.308 secs] [Times: user=2.35 sys=0.00, real=0.30 secs] 
136.683: [CMS-concurrent-preclean-start]
136.708: Application time: 0.0552470 seconds
136.708: [GC136.708: [ParNew: 122239K->13566K(122240K), 0.0326820 secs] 342635K->255902K(396032K), 0.0327310 secs] [Times: user=0.23 sys=0.00, real=0.03 secs] 
136.741: Total time for which application threads were stopped: 0.0329020 seconds, Stopping threads took: 0.0000860 seconds
136.787: Application time: 0.0466180 seconds
136.788: [GC136.788: [ParNew (promotion failed): 122238K->122238K(122240K), 0.1114030 secs]136.899: [CMS137.052: [CMS-concurrent-preclean: 0.223/0.369 secs] [Times: user=1.35 sys=0.02, real=0.37 secs] 
 (concurrent mode failure): 270662K->143968K(273792K), 0.4586370 secs] 364574K->143968K(396032K), [CMS Perm : 9106K->9106K(21248K)], 0.5701140 secs] [Times: user=0.86 sys=0.01, real=0.57 secs] 
137.358: Total time for which application threads were stopped: 0.5702960 seconds, Stopping threads took: 0.0001020 seconds
137.408: Application time: 0.0504430 seconds
137.408: [GC137.408: [ParNew: 108672K->13568K(122240K), 0.0180750 secs] 252640K->166355K(396032K), 0.0181230 secs] [Times: user=0.13 sys=0.00, real=0.02 secs] 
137.426: Total time for which application threads were stopped: 0.0182900 seconds, Stopping threads took: 0.0000830 seconds
137.480: Application time: 0.0530740 seconds
137.480: [GC137.480: [ParNew: 122240K->13568K(122240K), 0.0279640 secs] 275027K->184108K(396032K), 0.0280140 secs] [Times: user=0.19 sys=0.00, real=0.03 secs] 
137.508: Total time for which application threads were stopped: 0.0281910 seconds, Stopping threads took: 0.0001060 seconds
137.508: Application time: 0.0001330 seconds
137.508: [GC [1 CMS-initial-mark: 170540K(273792K)] 185512K(396032K), 0.0116740 secs] [Times: user=0.02 sys=0.00, real=0.01 secs] 
137.520: Total time for which application threads were stopped: 0.0118160 seconds, Stopping threads took: 0.0000990 seconds
137.520: [CMS-concurrent-mark-start]
137.574: Application time: 0.0540810 seconds
137.574: [GC137.574: [ParNew: 122240K->13568K(122240K), 0.0317260 secs] 292780K->204674K(396032K), 0.0317740 secs] [Times: user=0.22 sys=0.00, real=0.03 secs] 
137.606: Total time for which application threads were stopped: 0.0319440 seconds, Stopping threads took: 0.0001020 seconds
137.669: Application time: 0.0631700 seconds
137.669: [GC137.669: [ParNew: 122240K->13568K(122240K), 0.0280540 secs] 313346K->221104K(396032K), 0.0280990 secs] [Times: user=0.20 sys=0.00, real=0.03 secs] 
137.697: Total time for which application threads were stopped: 0.0282560 seconds, Stopping threads took: 0.0000900 seconds
137.760: Application time: 0.0625160 seconds
137.760: [GC137.760: [ParNew: 122240K->13568K(122240K), 0.0315600 secs] 329776K->240673K(396032K), 0.0316090 secs] [Times: user=0.22 sys=0.00, real=0.03 secs] 
137.791: Total time for which application threads were stopped: 0.0317550 seconds, Stopping threads took: 0.0000790 seconds
137.836: Application time: 0.0447130 seconds
137.836: [GC137.836: [ParNew: 122240K->13568K(122240K), 0.0346920 secs] 349345K->265487K(396032K), 0.0347400 secs] [Times: user=0.23 sys=0.00, real=0.03 secs] 
137.871: Total time for which application threads were stopped: 0.0348800 seconds, Stopping threads took: 0.0000710 seconds
137.924: Application time: 0.0530750 seconds
137.924: [GC137.924: [ParNew: 122240K->122240K(122240K), 0.0000130 secs]137.924: [CMS137.934: [CMS-concurrent-mark: 0.286/0.415 secs] [Times: user=3.11 sys=0.01, real=0.42 secs] 
 (concurrent mode failure): 251919K->142707K(273792K), 0.3150120 secs] 374159K->142707K(396032K), [CMS Perm : 9106K->9106K(21248K)], 0.3150880 secs] [Times: user=0.32 sys=0.00, real=0.32 secs] 
138.239: Total time for which application threads were stopped: 0.3152490 seconds, Stopping threads took: 0.0000630 seconds
138.290: Application time: 0.0510550 seconds
138.291: [GC138.291: [ParNew: 108672K->13566K(122240K), 0.0169910 secs] 251379K->163910K(396032K), 0.0170390 secs] [Times: user=0.13 sys=0.00, real=0.02 secs] 
138.308: Total time for which application threads were stopped: 0.0172690 seconds, Stopping threads took: 0.0001390 seconds
138.355: Application time: 0.0472790 seconds
138.355: [GC138.355: [ParNew: 122238K->13568K(122240K), 0.0324110 secs] 272582K->189816K(396032K), 0.0324670 secs] [Times: user=0.22 sys=0.00, real=0.03 secs] 
138.388: Total time for which application threads were stopped: 0.0326490 seconds, Stopping threads took: 0.0001100 seconds
138.397: Application time: 0.0092850 seconds
138.397: [GC [1 CMS-initial-mark: 176248K(273792K)] 213941K(396032K), 0.0239010 secs] [Times: user=0.02 sys=0.00, real=0.02 secs] 
138.421: Total time for which application threads were stopped: 0.0242390 seconds, Stopping threads took: 0.0002870 seconds
138.421: [CMS-concurrent-mark-start]
138.469: Application time: 0.0480150 seconds
138.469: [GC138.469: [ParNew: 122240K->13567K(122240K), 0.0344010 secs] 298488K->211578K(396032K), 0.0344460 secs] [Times: user=0.24 sys=0.00, real=0.03 secs] 
138.504: Total time for which application threads were stopped: 0.0346820 seconds, Stopping threads took: 0.0001470 seconds
138.576: Application time: 0.0723470 seconds
138.576: [GC138.576: [ParNew: 122239K->13567K(122240K), 0.0274210 secs] 320250K->225892K(396032K), 0.0274690 secs] [Times: user=0.20 sys=0.00, real=0.02 secs] 
138.604: Total time for which application threads were stopped: 0.0276190 seconds, Stopping threads took: 0.0000810 seconds
138.661: Application time: 0.0568190 seconds
138.661: [GC138.661: [ParNew: 122239K->13568K(122240K), 0.0283640 secs] 334564K->241597K(396032K), 0.0284220 secs] [Times: user=0.20 sys=0.01, real=0.03 secs] 
138.689: Total time for which application threads were stopped: 0.0285750 seconds, Stopping threads took: 0.0000820 seconds
138.748: Application time: 0.0589170 seconds
138.748: [GC138.748: [ParNew: 122240K->13568K(122240K), 0.0310140 secs] 350269K->261073K(396032K), 0.0310630 secs] [Times: user=0.21 sys=0.00, real=0.03 secs] 
138.779: Total time for which application threads were stopped: 0.0312020 seconds, Stopping threads took: 0.0000690 seconds
138.781: [CMS-concurrent-mark: 0.237/0.360 secs] [Times: user=2.73 sys=0.02, real=0.36 secs] 
138.781: [CMS-concurrent-preclean-start]
138.841: Application time: 0.0620370 seconds
138.842: [GC138.842: [ParNew: 122240K->13568K(122240K), 0.0262710 secs] 369745K->275241K(396032K), 0.0263210 secs] [Times: user=0.19 sys=0.00, real=0.03 secs] 
138.868: Total time for which application threads were stopped: 0.0265080 seconds, Stopping threads took: 0.0001150 seconds
138.931: Application time: 0.0627420 seconds
138.931: [GC138.931: [ParNew: 122240K->122240K(122240K), 0.0000150 secs]138.931: [CMS139.047: [CMS-concurrent-preclean: 0.237/0.266 secs] [Times: user=1.25 sys=0.00, real=0.27 secs] 
 (concurrent mode failure): 261673K->114679K(273792K), 0.3760220 secs] 383913K->114679K(396032K), [CMS Perm : 9106K->9106K(21248K)], 0.3760910 secs] [Times: user=0.38 sys=0.00, real=0.38 secs] 
139.307: Total time for which application threads were stopped: 0.3762120 seconds, Stopping threads took: 0.0000520 seconds
139.392: Application time: 0.0848860 seconds
139.392: [GC139.392: [ParNew: 108672K->13568K(122240K), 0.0108460 secs] 223351K->128247K(396032K), 0.0108900 secs] [Times: user=0.09 sys=0.00, real=0.01 secs] 
139.403: Total time for which application threads were stopped: 0.0110450 seconds, Stopping threads took: 0.0000650 seconds
139.515: Application time: 0.1124770 seconds
139.515: Total time for which application threads were stopped: 0.0000480 seconds, Stopping threads took: 0.0000200 seconds
139.526: Application time: 0.0109120 seconds
139.526: [GC139.526: [ParNew: 122240K->13568K(122240K), 0.0246300 secs] 236919K->147014K(396032K), 0.0246800 secs] [Times: user=0.18 sys=0.00, real=0.02 secs] 
139.551: Total time for which application threads were stopped: 0.0248340 seconds, Stopping threads took: 0.0000800 seconds
139.578: Application time: 0.0269800 seconds
139.578: [GC139.578: [ParNew: 122240K->13568K(122240K), 0.0411100 secs] 255686K->190141K(396032K), 0.0411600 secs] [Times: user=0.27 sys=0.00, real=0.04 secs] 
139.619: Total time for which application threads were stopped: 0.0413370 seconds, Stopping threads took: 0.0000970 seconds
139.621: Application time: 0.0014540 seconds
139.621: [GC [1 CMS-initial-mark: 176573K(273792K)] 196199K(396032K), 0.0109240 secs] [Times: user=0.01 sys=0.00, real=0.01 secs] 
139.632: Total time for which application threads were stopped: 0.0110540 seconds, Stopping threads took: 0.0000830 seconds
139.632: [CMS-concurrent-mark-start]
139.659: Application time: 0.0272460 seconds
139.659: [GC139.659: [ParNew: 122240K->13568K(122240K), 0.0389050 secs] 298813K->222614K(396032K), 0.0389490 secs] [Times: user=0.26 sys=0.00, real=0.04 secs] 
139.698: Total time for which application threads were stopped: 0.0391030 seconds, Stopping threads took: 0.0000860 seconds
139.746: Application time: 0.0473890 seconds
139.746: [GC139.746: [ParNew: 122240K->13568K(122240K), 0.0631580 secs] 331286K->269729K(396032K), 0.0632040 secs] [Times: user=0.43 sys=0.00, real=0.06 secs] 
139.809: Total time for which application threads were stopped: 0.0634610 seconds, Stopping threads took: 0.0001900 seconds
139.882: Application time: 0.0730380 seconds
139.882: [GC139.882: [ParNew: 122240K->122240K(122240K), 0.0000120 secs]139.882: [CMS139.914: [CMS-concurrent-mark: 0.179/0.282 secs] [Times: user=1.93 sys=0.00, real=0.29 secs] 
 (concurrent mode failure): 256161K->164445K(273792K), 0.3887720 secs] 378401K->164445K(396032K), [CMS Perm : 9130K->9130K(21248K)], 0.3888400 secs] [Times: user=0.42 sys=0.00, real=0.39 secs] 
140.271: Total time for which application threads were stopped: 0.3889930 seconds, Stopping threads took: 0.0000850 seconds
140.333: Application time: 0.0618810 seconds
140.333: [GC140.333: [ParNew: 108672K->13557K(122240K), 0.0093010 secs] 273117K->178002K(396032K), 0.0093480 secs] [Times: user=0.07 sys=0.00, real=0.00 secs] 
140.343: Total time for which application threads were stopped: 0.0096680 seconds, Stopping threads took: 0.0002210 seconds
140.405: Application time: 0.0618660 seconds
140.405: [GC140.405: [ParNew: 122229K->9550K(122240K), 0.0188720 secs] 286674K->183538K(396032K), 0.0189210 secs] [Times: user=0.14 sys=0.00, real=0.02 secs] 
140.424: Total time for which application threads were stopped: 0.0191140 seconds, Stopping threads took: 0.0001220 seconds
140.483: Application time: 0.0589790 seconds
140.483: [GC140.483: [ParNew: 118222K->13568K(122240K), 0.0187280 secs] 292210K->194722K(396032K), 0.0187770 secs] [Times: user=0.13 sys=0.00, real=0.02 secs] 
140.502: Total time for which application threads were stopped: 0.0189550 seconds, Stopping threads took: 0.0001080 seconds
140.502: Application time: 0.0000690 seconds
140.502: [GC [1 CMS-initial-mark: 181154K(273792K)] 196538K(396032K), 0.0083990 secs] [Times: user=0.01 sys=0.00, real=0.01 secs] 
140.510: Total time for which application threads were stopped: 0.0085060 seconds, Stopping threads took: 0.0000710 seconds
140.510: [CMS-concurrent-mark-start]
140.566: Application time: 0.0559980 seconds
140.566: [GC140.566: [ParNew: 122240K->13568K(122240K), 0.0234530 secs] 303394K->207312K(396032K), 0.0235040 secs] [Times: user=0.17 sys=0.00, real=0.02 secs] 
140.590: Total time for which application threads were stopped: 0.0236850 seconds, Stopping threads took: 0.0001100 seconds
140.627: Application time: 0.0375510 seconds
140.628: [GC140.628: [ParNew: 122240K->13568K(122240K), 0.0406370 secs] 315984K->244036K(396032K), 0.0406880 secs] [Times: user=0.28 sys=0.00, real=0.04 secs] 
140.668: Total time for which application threads were stopped: 0.0408640 seconds, Stopping threads took: 0.0001040 seconds
140.714: Application time: 0.0456850 seconds
140.714: [GC140.714: [ParNew: 122240K->122240K(122240K), 0.0000130 secs]140.714: [CMS140.753: [CMS-concurrent-mark: 0.177/0.242 secs] [Times: user=1.63 sys=0.00, real=0.24 secs] 
 (concurrent mode failure): 230468K->124475K(273792K), 0.2996490 secs] 352708K->124475K(396032K), [CMS Perm : 9130K->9130K(21248K)], 0.2997140 secs] [Times: user=0.34 sys=0.00, real=0.30 secs] 
141.014: Total time for which application threads were stopped: 0.2998110 seconds, Stopping threads took: 0.0000260 seconds
141.053: Application time: 0.0389270 seconds
141.053: [GC141.053: [ParNew: 108672K->13568K(122240K), 0.0495100 secs] 233147K->164469K(396032K), 0.0495690 secs] [Times: user=0.33 sys=0.00, real=0.04 secs] 
141.103: Total time for which application threads were stopped: 0.0498030 seconds, Stopping threads took: 0.0001280 seconds
141.103: Application time: 0.0000460 seconds
141.103: [GC [1 CMS-initial-mark: 150901K(273792K)] 165152K(396032K), 0.0143130 secs] [Times: user=0.02 sys=0.00, real=0.02 secs] 
141.117: Total time for which application threads were stopped: 0.0144330 seconds, Stopping threads took: 0.0000730 seconds
141.117: [CMS-concurrent-mark-start]
141.175: Application time: 0.0581540 seconds
141.175: [GC141.175: [ParNew: 122240K->13568K(122240K), 0.0406240 secs] 273141K->190857K(396032K), 0.0406730 secs] [Times: user=0.28 sys=0.00, real=0.04 secs] 
141.216: Total time for which application threads were stopped: 0.0408120 seconds, Stopping threads took: 0.0000700 seconds
141.282: Application time: 0.0664640 seconds
141.283: [GC141.283: [ParNew: 122240K->13568K(122240K), 0.0351560 secs] 299529K->210799K(396032K), 0.0352030 secs] [Times: user=0.25 sys=0.00, real=0.04 secs] 
141.318: Total time for which application threads were stopped: 0.0353680 seconds, Stopping threads took: 0.0000940 seconds
141.391: [CMS-concurrent-mark: 0.198/0.274 secs] [Times: user=2.08 sys=0.00, real=0.27 secs] 
141.391: [CMS-concurrent-preclean-start]
141.395: Application time: 0.0771110 seconds
141.395: [GC141.395: [ParNew: 122240K->13562K(122240K), 0.0258400 secs] 319471K->223899K(396032K), 0.0258880 secs] [Times: user=0.18 sys=0.00, real=0.02 secs] 
141.421: Total time for which application threads were stopped: 0.0260060 seconds, Stopping threads took: 0.0000470 seconds
141.486: Application time: 0.0653520 seconds
141.486: [GC141.486: [ParNew: 122234K->13568K(122240K), 0.0209290 secs] 332571K->232257K(396032K), 0.0209760 secs] [Times: user=0.16 sys=0.00, real=0.02 secs] 
141.507: Total time for which application threads were stopped: 0.0211410 seconds, Stopping threads took: 0.0000980 seconds
141.564: Application time: 0.0565710 seconds
141.564: [GC141.564: [ParNew: 122240K->13568K(122240K), 0.0265890 secs] 340929K->246812K(396032K), 0.0266330 secs] [Times: user=0.19 sys=0.00, real=0.03 secs] 
141.591: Total time for which application threads were stopped: 0.0268070 seconds, Stopping threads took: 0.0000930 seconds
141.646: Application time: 0.0551740 seconds
141.646: [GC141.646: [ParNew: 122212K->13568K(122240K), 0.0312300 secs] 355457K->265950K(396032K), 0.0312770 secs] [Times: user=0.21 sys=0.00, real=0.03 secs] 
141.677: Total time for which application threads were stopped: 0.0314260 seconds, Stopping threads took: 0.0000770 seconds
141.726: Application time: 0.0485620 seconds
141.726: [GC141.726: [ParNew: 122240K->122240K(122240K), 0.0000130 secs]141.726: [CMS141.861: [CMS-concurrent-preclean: 0.362/0.470 secs] [Times: user=2.72 sys=0.01, real=0.47 secs] 
 (concurrent mode failure): 252382K->113956K(273792K), 0.3851190 secs] 374622K->113956K(396032K), [CMS Perm : 9130K->9130K(21248K)], 0.3851880 secs] [Times: user=0.39 sys=0.00, real=0.38 secs] 
142.111: Total time for which application threads were stopped: 0.3853550 seconds, Stopping threads took: 0.0000960 seconds
142.151: Application time: 0.0398870 seconds
142.151: [GC142.151: [ParNew: 108672K->13568K(122240K), 0.0252670 secs] 222628K->147630K(396032K), 0.0253170 secs] [Times: user=0.18 sys=0.00, real=0.03 secs] 
142.177: Total time for which application threads were stopped: 0.0255600 seconds, Stopping threads took: 0.0001260 seconds
142.214: Application time: 0.0369230 seconds
142.214: [GC142.214: [ParNew: 122240K->13568K(122240K), 0.0402170 secs] 256302K->182428K(396032K), 0.0402690 secs] [Times: user=0.27 sys=0.00, real=0.04 secs] 
142.254: Total time for which application threads were stopped: 0.0404860 seconds, Stopping threads took: 0.0001450 seconds
142.254: Application time: 0.0001690 seconds
142.255: [GC [1 CMS-initial-mark: 168860K(273792K)] 183929K(396032K), 0.0123660 secs] [Times: user=0.02 sys=0.00, real=0.01 secs] 
142.267: Total time for which application threads were stopped: 0.0125280 seconds, Stopping threads took: 0.0001120 seconds
142.267: [CMS-concurrent-mark-start]
142.319: Application time: 0.0517350 seconds
142.319: [GC142.319: [ParNew: 122240K->13568K(122240K), 0.0372960 secs] 291100K->207002K(396032K), 0.0373480 secs] [Times: user=0.26 sys=0.00, real=0.04 secs] 
142.356: Total time for which application threads were stopped: 0.0375020 seconds, Stopping threads took: 0.0000840 seconds
142.427: Application time: 0.0711710 seconds
142.427: [GC142.427: [ParNew: 122240K->13568K(122240K), 0.0344330 secs] 315674K->225370K(396032K), 0.0344810 secs] [Times: user=0.24 sys=0.00, real=0.03 secs] 
142.462: Total time for which application threads were stopped: 0.0346000 seconds, Stopping threads took: 0.0000470 seconds
142.534: [CMS-concurrent-mark: 0.195/0.267 secs] [Times: user=2.05 sys=0.00, real=0.27 secs] 
142.534: [CMS-concurrent-preclean-start]
142.538: Application time: 0.0760500 seconds
142.538: [GC142.538: [ParNew: 122240K->13564K(122240K), 0.0260840 secs] 334042K->238701K(396032K), 0.0261310 secs] [Times: user=0.19 sys=0.00, real=0.02 secs] 
142.564: Total time for which application threads were stopped: 0.0262780 seconds, Stopping threads took: 0.0000750 seconds
142.619: Application time: 0.0548910 seconds
142.619: [GC142.619: [ParNew: 122236K->13568K(122240K), 0.0234650 secs] 347373K->250123K(396032K), 0.0235130 secs] [Times: user=0.17 sys=0.00, real=0.02 secs] 
142.643: Total time for which application threads were stopped: 0.0236640 seconds, Stopping threads took: 0.0000820 seconds
142.696: Application time: 0.0533810 seconds
142.696: [GC142.696: [ParNew: 122240K->13568K(122240K), 0.0321300 secs] 358795K->271027K(396032K), 0.0321800 secs] [Times: user=0.22 sys=0.00, real=0.03 secs] 
142.729: Total time for which application threads were stopped: 0.0323710 seconds, Stopping threads took: 0.0001060 seconds
142.777: Application time: 0.0485030 seconds
142.777: [GC142.777: [ParNew: 122240K->122240K(122240K), 0.0000130 secs]142.777: [CMS142.914: [CMS-concurrent-preclean: 0.295/0.379 secs] [Times: user=2.00 sys=0.00, real=0.38 secs] 
 (concurrent mode failure): 257459K->128952K(273792K), 0.4156620 secs] 379699K->128952K(396032K), [CMS Perm : 9130K->9130K(21248K)], 0.4157270 secs] [Times: user=0.41 sys=0.00, real=0.42 secs] 
143.193: Total time for which application threads were stopped: 0.4158510 seconds, Stopping threads took: 0.0000560 seconds
143.241: Application time: 0.0481610 seconds
143.241: [GC143.241: [ParNew: 108672K->13568K(122240K), 0.0206690 secs] 237624K->154636K(396032K), 0.0207200 secs] [Times: user=0.15 sys=0.00, real=0.02 secs] 
143.262: Total time for which application threads were stopped: 0.0209460 seconds, Stopping threads took: 0.0001350 seconds
143.308: Application time: 0.0464300 seconds
143.309: [GC143.309: [ParNew: 122240K->13568K(122240K), 0.0320910 secs] 263308K->179467K(396032K), 0.0321410 secs] [Times: user=0.22 sys=0.00, real=0.03 secs] 
143.341: Total time for which application threads were stopped: 0.0323220 seconds, Stopping threads took: 0.0000920 seconds
143.349: Application time: 0.0080560 seconds
143.349: [GC [1 CMS-initial-mark: 165899K(273792K)] 203516K(396032K), 0.0208730 secs] [Times: user=0.02 sys=0.00, real=0.02 secs] 
143.370: Total time for which application threads were stopped: 0.0210540 seconds, Stopping threads took: 0.0001280 seconds
143.370: [CMS-concurrent-mark-start]
143.405: Application time: 0.0348880 seconds
143.405: [GC143.405: [ParNew: 122240K->13568K(122240K), 0.0413970 secs] 288139K->212712K(396032K), 0.0414450 secs] [Times: user=0.28 sys=0.00, real=0.04 secs] 
143.446: Total time for which application threads were stopped: 0.0415890 seconds, Stopping threads took: 0.0000760 seconds
143.499: Application time: 0.0525710 seconds
143.499: [GC143.499: [ParNew: 122240K->13568K(122240K), 0.0372300 secs] 321384K->237050K(396032K), 0.0372770 secs] [Times: user=0.26 sys=0.00, real=0.04 secs] 
143.536: Total time for which application threads were stopped: 0.0374170 seconds, Stopping threads took: 0.0000630 seconds
143.609: Application time: 0.0723740 seconds
143.609: [GC143.609: [ParNew: 122240K->13568K(122240K), 0.0294040 secs] 345722K->251069K(396032K), 0.0294500 secs] [Times: user=0.21 sys=0.00, real=0.03 secs] 
143.638: Total time for which application threads were stopped: 0.0295850 seconds, Stopping threads took: 0.0000660 seconds
143.706: Application time: 0.0679110 seconds
143.706: [GC143.706: [ParNew: 122240K->13568K(122240K), 0.0259180 secs] 359741K->264531K(396032K), 0.0259650 secs] [Times: user=0.19 sys=0.00, real=0.02 secs] 
143.732: Total time for which application threads were stopped: 0.0261270 seconds, Stopping threads took: 0.0000920 seconds
143.758: [CMS-concurrent-mark: 0.253/0.388 secs] [Times: user=2.95 sys=0.00, real=0.39 secs] 
143.758: [CMS-concurrent-preclean-start]
143.798: Application time: 0.0655530 seconds
143.798: [GC143.798: [ParNew: 122240K->122240K(122240K), 0.0000120 secs]143.798: [CMS143.962: [CMS-concurrent-preclean: 0.203/0.205 secs] [Times: user=0.49 sys=0.00, real=0.20 secs] 
 (concurrent mode failure): 250963K->121805K(273792K), 0.4542410 secs] 373203K->121805K(396032K), [CMS Perm : 9130K->9130K(21248K)], 0.4543090 secs] [Times: user=0.45 sys=0.00, real=0.45 secs] 
144.252: Total time for which application threads were stopped: 0.4544840 seconds, Stopping threads took: 0.0000880 seconds
144.297: Application time: 0.0448750 seconds
144.297: [GC144.297: [ParNew: 108672K->13568K(122240K), 0.0160050 secs] 230477K->144670K(396032K), 0.0160530 secs] [Times: user=0.12 sys=0.00, real=0.02 secs] 
144.314: Total time for which application threads were stopped: 0.0162460 seconds, Stopping threads took: 0.0001250 seconds
144.361: Application time: 0.0470340 seconds
144.361: [GC144.361: [ParNew: 122240K->13568K(122240K), 0.0328700 secs] 253342K->171776K(396032K), 0.0329200 secs] [Times: user=0.23 sys=0.01, real=0.04 secs] 
144.394: Total time for which application threads were stopped: 0.0331000 seconds, Stopping threads took: 0.0000970 seconds
144.405: Application time: 0.0112160 seconds
144.407: [GC [1 CMS-initial-mark: 158208K(273792K)] 197210K(396032K), 0.0250030 secs] [Times: user=0.02 sys=0.00, real=0.02 secs] 
144.432: Total time for which application threads were stopped: 0.0271010 seconds, Stopping threads took: 0.0020460 seconds
144.432: [CMS-concurrent-mark-start]
144.473: Application time: 0.0408730 seconds
144.473: [GC144.473: [ParNew: 122240K->13568K(122240K), 0.0383380 secs] 280448K->197706K(396032K), 0.0383860 secs] [Times: user=0.26 sys=0.00, real=0.03 secs] 
144.511: Total time for which application threads were stopped: 0.0385330 seconds, Stopping threads took: 0.0000750 seconds
144.556: Application time: 0.0445280 seconds
144.556: [GC144.556: [ParNew: 122240K->13568K(122240K), 0.0413060 secs] 306378K->228912K(396032K), 0.0413530 secs] [Times: user=0.28 sys=0.00, real=0.04 secs] 
144.597: Total time for which application threads were stopped: 0.0415210 seconds, Stopping threads took: 0.0001040 seconds
144.646: Application time: 0.0481850 seconds
144.646: [GC144.646: [ParNew: 122240K->13568K(122240K), 0.0377650 secs] 337584K->254701K(396032K), 0.0378150 secs] [Times: user=0.25 sys=0.00, real=0.03 secs] 
144.684: Total time for which application threads were stopped: 0.0379810 seconds, Stopping threads took: 0.0000960 seconds
144.751: Application time: 0.0673740 seconds
144.751: [GC144.751: [ParNew: 122240K->122240K(122240K), 0.0000150 secs]144.751: [CMS144.796: [CMS-concurrent-mark: 0.245/0.364 secs] [Times: user=2.50 sys=0.00, real=0.37 secs] 
 (concurrent mode failure): 241133K->151591K(273792K), 0.3668560 secs] 363373K->151591K(396032K), [CMS Perm : 9130K->9130K(21248K)], 0.3669280 secs] [Times: user=0.41 sys=0.00, real=0.37 secs] 
145.118: Total time for which application threads were stopped: 0.3670800 seconds, Stopping threads took: 0.0000800 seconds
145.179: Application time: 0.0605600 seconds
145.179: [GC145.179: [ParNew: 108672K->13543K(122240K), 0.0104640 secs] 260263K->165135K(396032K), 0.0105190 secs] [Times: user=0.08 sys=0.00, real=0.01 secs] 
145.189: Total time for which application threads were stopped: 0.0107200 seconds, Stopping threads took: 0.0001210 seconds
145.243: Application time: 0.0536450 seconds
145.243: [GC145.243: [ParNew: 122215K->13568K(122240K), 0.0212470 secs] 273807K->177173K(396032K), 0.0212960 secs] [Times: user=0.15 sys=0.00, real=0.02 secs] 
145.265: Total time for which application threads were stopped: 0.0215070 seconds, Stopping threads took: 0.0001190 seconds
145.319: Application time: 0.0540980 seconds
145.319: [GC145.319: [ParNew: 122240K->13568K(122240K), 0.0263040 secs] 285845K->193683K(396032K), 0.0263520 secs] [Times: user=0.19 sys=0.00, real=0.03 secs] 
145.345: Total time for which application threads were stopped: 0.0265160 seconds, Stopping threads took: 0.0000940 seconds
145.345: Application time: 0.0001120 seconds
145.345: [GC [1 CMS-initial-mark: 180115K(273792K)] 195472K(396032K), 0.0110240 secs] [Times: user=0.01 sys=0.00, real=0.01 secs] 
145.356: Total time for which application threads were stopped: 0.0111320 seconds, Stopping threads took: 0.0000630 seconds
145.356: [CMS-concurrent-mark-start]
145.413: Application time: 0.0567120 seconds
145.414: [GC145.414: [ParNew: 122240K->13568K(122240K), 0.0301600 secs] 302355K->213436K(396032K), 0.0302090 secs] [Times: user=0.21 sys=0.00, real=0.02 secs] 
145.444: Total time for which application threads were stopped: 0.0313640 seconds, Stopping threads took: 0.0010830 seconds
145.499: Application time: 0.0544700 seconds
145.499: [GC145.499: [ParNew: 122240K->13568K(122240K), 0.0366540 secs] 322108K->239843K(396032K), 0.0367000 secs] [Times: user=0.26 sys=0.00, real=0.04 secs] 
145.536: Total time for which application threads were stopped: 0.0368950 seconds, Stopping threads took: 0.0001230 seconds
145.573: Application time: 0.0370990 seconds
145.573: [GC145.573: [ParNew: 122240K->13568K(122240K), 0.0429890 secs] 348515K->272295K(396032K), 0.0430370 secs] [Times: user=0.29 sys=0.01, real=0.04 secs] 
145.616: Total time for which application threads were stopped: 0.0431750 seconds, Stopping threads took: 0.0000670 seconds
145.655: Application time: 0.0391000 seconds
145.655: [GC145.655: [ParNew: 122240K->122240K(122240K), 0.0000120 secs]145.655: [CMS145.690: [CMS-concurrent-mark: 0.221/0.334 secs] [Times: user=2.32 sys=0.01, real=0.33 secs] 
 (concurrent mode failure): 258727K->148081K(273792K), 0.3388480 secs] 380967K->148081K(396032K), [CMS Perm : 9130K->9130K(21248K)], 0.3389160 secs] [Times: user=0.37 sys=0.00, real=0.34 secs] 
145.994: Total time for which application threads were stopped: 0.3390530 seconds, Stopping threads took: 0.0000670 seconds
146.044: Application time: 0.0499050 seconds
146.044: [GC146.044: [ParNew: 108672K->13568K(122240K), 0.0293690 secs] 256753K->179092K(396032K), 0.0294150 secs] [Times: user=0.21 sys=0.00, real=0.04 secs] 
146.074: Total time for which application threads were stopped: 0.0296850 seconds, Stopping threads took: 0.0001650 seconds
146.074: Application time: 0.0001500 seconds
146.074: [GC [1 CMS-initial-mark: 165524K(273792K)] 180758K(396032K), 0.0145080 secs] [Times: user=0.02 sys=0.00, real=0.01 secs] 
146.089: Total time for which application threads were stopped: 0.0146360 seconds, Stopping threads took: 0.0000870 seconds
146.089: [CMS-concurrent-mark-start]
146.164: Application time: 0.0754680 seconds
146.164: [GC146.164: [ParNew: 122240K->13566K(122240K), 0.0273690 secs] 287764K->192500K(396032K), 0.0274170 secs] [Times: user=0.20 sys=0.00, real=0.03 secs] 
146.192: Total time for which application threads were stopped: 0.0275820 seconds, Stopping threads took: 0.0000950 seconds
146.257: Application time: 0.0655030 seconds
146.257: [GC146.257: [ParNew: 122238K->13568K(122240K), 0.0270820 secs] 301172K->207851K(396032K), 0.0271280 secs] [Times: user=0.20 sys=0.00, real=0.02 secs] 
146.285: Total time for which application threads were stopped: 0.0273130 seconds, Stopping threads took: 0.0001180 seconds
146.325: [CMS-concurrent-mark: 0.181/0.236 secs] [Times: user=1.82 sys=0.00, real=0.23 secs] 
146.325: [CMS-concurrent-preclean-start]
146.355: Application time: 0.0707560 seconds
146.355: [GC146.355: [ParNew: 122240K->12827K(122240K), 0.0249150 secs] 316523K->219942K(396032K), 0.0249630 secs] [Times: user=0.18 sys=0.00, real=0.02 secs] 
146.380: Total time for which application threads were stopped: 0.0251170 seconds, Stopping threads took: 0.0000830 seconds
146.433: Application time: 0.0523280 seconds
146.433: [GC146.433: [ParNew: 121499K->13568K(122240K), 0.0265100 secs] 328614K->235416K(396032K), 0.0265590 secs] [Times: user=0.18 sys=0.00, real=0.02 secs] 
146.459: Total time for which application threads were stopped: 0.0267250 seconds, Stopping threads took: 0.0000960 seconds
146.510: Application time: 0.0508260 seconds
146.510: [GC146.510: [ParNew: 122240K->13568K(122240K), 0.0356590 secs] 344088K->260958K(396032K), 0.0357080 secs] [Times: user=0.25 sys=0.00, real=0.04 secs] 
146.546: Total time for which application threads were stopped: 0.0358540 seconds, Stopping threads took: 0.0000760 seconds
146.604: Application time: 0.0581130 seconds
146.604: [GC146.604: [ParNew: 122240K->122240K(122240K), 0.0000150 secs]146.604: [CMS146.745: [CMS-concurrent-preclean: 0.331/0.421 secs] [Times: user=2.30 sys=0.01, real=0.43 secs] 
 (concurrent mode failure): 247390K->109080K(273792K), 0.3875560 secs] 369630K->109080K(396032K), [CMS Perm : 9130K->9130K(21248K)], 0.3876300 secs] [Times: user=0.39 sys=0.00, real=0.39 secs] 
146.992: Total time for which application threads were stopped: 0.3877870 seconds, Stopping threads took: 0.0000750 seconds
147.027: Application time: 0.0346590 seconds
147.027: [GC147.027: [ParNew: 108672K->13568K(122240K), 0.0243510 secs] 217752K->144709K(396032K), 0.0243990 secs] [Times: user=0.17 sys=0.00, real=0.02 secs] 
147.051: Total time for which application threads were stopped: 0.0245720 seconds, Stopping threads took: 0.0001030 seconds
147.086: Application time: 0.0351830 seconds
147.087: [GC147.087: [ParNew: 122240K->13568K(122240K), 0.0386130 secs] 253381K->179170K(396032K), 0.0386650 secs] [Times: user=0.26 sys=0.00, real=0.04 secs] 
147.125: Total time for which application threads were stopped: 0.0388320 seconds, Stopping threads took: 0.0000980 seconds
147.141: Application time: 0.0155160 seconds
147.141: [GC [1 CMS-initial-mark: 165602K(273792K)] 214316K(396032K), 0.0365100 secs] [Times: user=0.04 sys=0.00, real=0.04 secs] 
147.178: Total time for which application threads were stopped: 0.0366850 seconds, Stopping threads took: 0.0001100 seconds
147.178: [CMS-concurrent-mark-start]
147.227: Application time: 0.0491200 seconds
147.227: [GC147.227: [ParNew: 122240K->13568K(122240K), 0.0441480 secs] 287842K->206189K(396032K), 0.0441940 secs] [Times: user=0.31 sys=0.00, real=0.04 secs] 
147.271: Total time for which application threads were stopped: 0.0443240 seconds, Stopping threads took: 0.0000640 seconds
147.333: Application time: 0.0618770 seconds
147.333: [GC147.333: [ParNew: 122240K->13565K(122240K), 0.0276950 secs] 314861K->219385K(396032K), 0.0277440 secs] [Times: user=0.20 sys=0.00, real=0.02 secs] 
147.361: Total time for which application threads were stopped: 0.0279090 seconds, Stopping threads took: 0.0001000 seconds
147.428: Application time: 0.0675780 seconds
147.428: [GC147.428: [ParNew: 122237K->13568K(122240K), 0.0274030 secs] 328057K->234702K(396032K), 0.0274490 secs] [Times: user=0.19 sys=0.00, real=0.03 secs] 
147.456: Total time for which application threads were stopped: 0.0275780 seconds, Stopping threads took: 0.0000590 seconds
147.521: Application time: 0.0646950 seconds
147.521: [GC147.521: [ParNew: 122240K->13276K(122240K), 0.0245050 secs] 343374K->246707K(396032K), 0.0245520 secs] [Times: user=0.17 sys=0.00, real=0.03 secs] 
147.545: Total time for which application threads were stopped: 0.0246830 seconds, Stopping threads took: 0.0000610 seconds
147.594: [CMS-concurrent-mark: 0.292/0.417 secs] [Times: user=3.20 sys=0.01, real=0.42 secs] 
147.594: [CMS-concurrent-preclean-start]
147.616: Application time: 0.0707380 seconds
147.616: [GC147.616: [ParNew: 121948K->13568K(122240K), 0.0197920 secs] 355379K->255600K(396032K), 0.0198390 secs] [Times: user=0.14 sys=0.00, real=0.02 secs] 
147.636: Total time for which application threads were stopped: 0.0200010 seconds, Stopping threads took: 0.0000940 seconds
147.677: Application time: 0.0409980 seconds
147.677: [GC147.677: [ParNew: 122195K->13568K(122240K), 0.0353700 secs] 364228K->280519K(396032K), 0.0354200 secs] [Times: user=0.24 sys=0.00, real=0.03 secs] 
147.713: Total time for which application threads were stopped: 0.0356130 seconds, Stopping threads took: 0.0001140 seconds
147.751: Application time: 0.0388230 seconds
147.752: [GC147.752: [ParNew: 122240K->122240K(122240K), 0.0000150 secs]147.752: [CMS147.919: [CMS-concurrent-preclean: 0.267/0.325 secs] [Times: user=1.37 sys=0.00, real=0.32 secs] 
 (concurrent mode failure): 266951K->122450K(273792K), 0.4197980 secs] 389191K->122450K(396032K), [CMS Perm : 9130K->9130K(21248K)], 0.4198690 secs] [Times: user=0.42 sys=0.00, real=0.42 secs] 
148.172: Total time for which application threads were stopped: 0.4200500 seconds, Stopping threads took: 0.0001090 seconds
148.210: Application time: 0.0380690 seconds
148.210: [GC148.210: [ParNew: 108672K->13568K(122240K), 0.0341880 secs] 231122K->164893K(396032K), 0.0342340 secs] [Times: user=0.24 sys=0.00, real=0.03 secs] 
148.244: Total time for which application threads were stopped: 0.0344250 seconds, Stopping threads took: 0.0001080 seconds
148.257: Application time: 0.0127880 seconds
148.261: [GC [1 CMS-initial-mark: 151325K(273792K)] 200858K(396032K), 0.0307740 secs] [Times: user=0.03 sys=0.00, real=0.03 secs] 
148.291: Total time for which application threads were stopped: 0.0345260 seconds, Stopping threads took: 0.0036730 seconds
148.291: [CMS-concurrent-mark-start]
148.329: Application time: 0.0380260 seconds
148.330: [GC148.330: [ParNew: 122240K->13568K(122240K), 0.0412810 secs] 273565K->191064K(396032K), 0.0413310 secs] [Times: user=0.28 sys=0.00, real=0.04 secs] 
148.371: Total time for which application threads were stopped: 0.0415880 seconds, Stopping threads took: 0.0001660 seconds
148.438: Application time: 0.0674600 seconds
148.441: [GC148.441: [ParNew: 122240K->13568K(122240K), 0.0313920 secs] 299736K->208014K(396032K), 0.0314410 secs] [Times: user=0.22 sys=0.00, real=0.03 secs] 
148.472: Total time for which application threads were stopped: 0.0340280 seconds, Stopping threads took: 0.0024950 seconds
148.537: Application time: 0.0645550 seconds
148.537: [GC148.537: [ParNew: 122240K->13568K(122240K), 0.0321070 secs] 316686K->226430K(396032K), 0.0321530 secs] [Times: user=0.23 sys=0.00, real=0.03 secs] 
148.569: Total time for which application threads were stopped: 0.0323010 seconds, Stopping threads took: 0.0000800 seconds
148.626: [CMS-concurrent-mark: 0.226/0.334 secs] [Times: user=2.55 sys=0.00, real=0.34 secs] 
148.626: [CMS-concurrent-preclean-start]
148.644: Application time: 0.0743830 seconds
148.644: [GC148.644: [ParNew: 122240K->13564K(122240K), 0.0251400 secs] 335102K->239286K(396032K), 0.0251880 secs] [Times: user=0.18 sys=0.00, real=0.03 secs] 
148.669: Total time for which application threads were stopped: 0.0253270 seconds, Stopping threads took: 0.0000690 seconds
148.729: Application time: 0.0598070 seconds
148.729: [GC148.729: [ParNew: 122236K->13568K(122240K), 0.0221080 secs] 347958K->249046K(396032K), 0.0221560 secs] [Times: user=0.17 sys=0.00, real=0.02 secs] 
148.751: Total time for which application threads were stopped: 0.0222980 seconds, Stopping threads took: 0.0000560 seconds
148.797: Application time: 0.0455130 seconds
148.797: [GC148.797: [ParNew: 122240K->13568K(122240K), 0.0350760 secs] 357718K->273125K(396032K), 0.0351260 secs] [Times: user=0.24 sys=0.00, real=0.03 secs] 
148.832: Total time for which application threads were stopped: 0.0352940 seconds, Stopping threads took: 0.0000890 seconds
148.880: Application time: 0.0481870 seconds
148.880: [GC148.880: [ParNew: 122240K->122240K(122240K), 0.0000130 secs]148.880: [CMS149.037: [CMS-concurrent-preclean: 0.326/0.411 secs] [Times: user=2.11 sys=0.00, real=0.41 secs] 
 (concurrent mode failure): 259557K->131609K(273792K), 0.4390010 secs] 381797K->131609K(396032K), [CMS Perm : 9130K->9130K(21248K)], 0.4390760 secs] [Times: user=0.43 sys=0.00, real=0.44 secs] 
149.319: Total time for which application threads were stopped: 0.4392300 seconds, Stopping threads took: 0.0000850 seconds
149.367: Application time: 0.0477330 seconds
149.367: [GC149.367: [ParNew: 108649K->13568K(122240K), 0.0220380 secs] 240259K->159093K(396032K), 0.0220850 secs] [Times: user=0.15 sys=0.01, real=0.02 secs] 
149.389: Total time for which application threads were stopped: 0.0222980 seconds, Stopping threads took: 0.0001300 seconds
149.437: Application time: 0.0470960 seconds
149.437: [GC149.437: [ParNew: 122240K->13568K(122240K), 0.0321400 secs] 267765K->182132K(396032K), 0.0321870 secs] [Times: user=0.22 sys=0.00, real=0.03 secs] 
149.469: Total time for which application threads were stopped: 0.0323790 seconds, Stopping threads took: 0.0001220 seconds
149.469: Application time: 0.0001580 seconds
149.469: [GC [1 CMS-initial-mark: 168564K(273792K)] 183960K(396032K), 0.0119540 secs] [Times: user=0.01 sys=0.00, real=0.01 secs] 
149.481: Total time for which application threads were stopped: 0.0121120 seconds, Stopping threads took: 0.0001180 seconds
149.481: [CMS-concurrent-mark-start]
149.530: Application time: 0.0493250 seconds
149.531: [GC149.531: [ParNew: 122240K->13568K(122240K), 0.0369980 secs] 290804K->207678K(396032K), 0.0370470 secs] [Times: user=0.25 sys=0.00, real=0.04 secs] 
149.568: Total time for which application threads were stopped: 0.0372050 seconds, Stopping threads took: 0.0000850 seconds
149.619: Application time: 0.0512950 seconds
149.619: [GC149.619: [ParNew: 122240K->13568K(122240K), 0.0362750 secs] 316350K->231535K(396032K), 0.0363220 secs] [Times: user=0.25 sys=0.00, real=0.04 secs] 
149.656: Total time for which application threads were stopped: 0.0364950 seconds, Stopping threads took: 0.0000800 seconds
149.723: Application time: 0.0673420 seconds
149.723: [GC149.723: [ParNew: 122240K->13566K(122240K), 0.0291790 secs] 340207K->247666K(396032K), 0.0292270 secs] [Times: user=0.20 sys=0.00, real=0.03 secs] 
149.752: Total time for which application threads were stopped: 0.0293710 seconds, Stopping threads took: 0.0000710 seconds
149.818: Application time: 0.0653280 seconds
149.818: [GC149.818: [ParNew: 122238K->13568K(122240K), 0.0268580 secs] 356338K->262598K(396032K), 0.0269060 secs] [Times: user=0.18 sys=0.00, real=0.02 secs] 
149.845: Total time for which application threads were stopped: 0.0270790 seconds, Stopping threads took: 0.0001040 seconds
149.904: [CMS-concurrent-mark: 0.292/0.423 secs] [Times: user=3.22 sys=0.00, real=0.42 secs] 
149.904: [CMS-concurrent-preclean-start]
149.912: Application time: 0.0669600 seconds
149.912: [GC149.912: [ParNew: 122240K->122240K(122240K), 0.0000130 secs]149.912: [CMS150.070: [CMS-concurrent-preclean: 0.165/0.167 secs] [Times: user=0.24 sys=0.00, real=0.17 secs] 
 (concurrent mode failure): 249030K->124718K(273792K), 0.4315620 secs] 371270K->124718K(396032K), [CMS Perm : 9130K->9130K(21248K)], 0.4316290 secs] [Times: user=0.43 sys=0.00, real=0.43 secs] 
150.343: Total time for which application threads were stopped: 0.4318110 seconds, Stopping threads took: 0.0001040 seconds
150.388: Application time: 0.0442110 seconds
150.388: [GC150.388: [ParNew: 108672K->13568K(122240K), 0.0162320 secs] 233390K->147928K(396032K), 0.0162810 secs] [Times: user=0.11 sys=0.00, real=0.01 secs] 
150.404: Total time for which application threads were stopped: 0.0164590 seconds, Stopping threads took: 0.0001060 seconds
150.452: Application time: 0.0474650 seconds
150.452: [GC150.452: [ParNew: 122240K->13568K(122240K), 0.0347980 secs] 256600K->176723K(396032K), 0.0348470 secs] [Times: user=0.24 sys=0.00, real=0.04 secs] 
150.487: Total time for which application threads were stopped: 0.0350180 seconds, Stopping threads took: 0.0000910 seconds
150.487: Application time: 0.0002280 seconds
150.487: [GC [1 CMS-initial-mark: 163155K(273792K)] 178616K(396032K), 0.0112070 secs] [Times: user=0.01 sys=0.00, real=0.01 secs] 
150.498: Total time for which application threads were stopped: 0.0113420 seconds, Stopping threads took: 0.0000880 seconds
150.498: [CMS-concurrent-mark-start]
150.555: Application time: 0.0566740 seconds
150.555: [GC150.555: [ParNew: 122240K->13568K(122240K), 0.0370630 secs] 285395K->199979K(396032K), 0.0371160 secs] [Times: user=0.26 sys=0.00, real=0.03 secs] 
150.592: Total time for which application threads were stopped: 0.0373010 seconds, Stopping threads took: 0.0001120 seconds
150.645: Application time: 0.0524840 seconds
150.645: [GC150.645: [ParNew: 122240K->13568K(122240K), 0.0343430 secs] 308651K->222046K(396032K), 0.0343920 secs] [Times: user=0.24 sys=0.00, real=0.04 secs] 
150.679: Total time for which application threads were stopped: 0.0345390 seconds, Stopping threads took: 0.0000770 seconds
150.733: Application time: 0.0534530 seconds
150.733: [GC150.733: [ParNew: 122240K->13568K(122240K), 0.0359110 secs] 330718K->246117K(396032K), 0.0359580 secs] [Times: user=0.25 sys=0.00, real=0.04 secs] 
150.769: Total time for which application threads were stopped: 0.0361120 seconds, Stopping threads took: 0.0000850 seconds
150.833: Application time: 0.0639790 seconds
150.833: [GC150.833: [ParNew: 122240K->13568K(122240K), 0.0311270 secs] 354789K->264724K(396032K), 0.0311760 secs] [Times: user=0.21 sys=0.00, real=0.02 secs] 
150.864: Total time for which application threads were stopped: 0.0313300 seconds, Stopping threads took: 0.0000830 seconds
150.908: [CMS-concurrent-mark: 0.271/0.410 secs] [Times: user=3.10 sys=0.01, real=0.41 secs] 
150.908: [CMS-concurrent-preclean-start]
150.930: Application time: 0.0660160 seconds
150.930: [GC150.930: [ParNew: 122240K->122240K(122240K), 0.0000120 secs]150.930: [CMS151.092: [CMS-concurrent-preclean: 0.182/0.184 secs] [Times: user=0.36 sys=0.00, real=0.18 secs] 
 (concurrent mode failure): 251156K->135469K(273792K), 0.4571340 secs] 373396K->135469K(396032K), [CMS Perm : 9130K->9130K(21248K)], 0.4572030 secs] [Times: user=0.46 sys=0.00, real=0.46 secs] 
151.387: Total time for which application threads were stopped: 0.4573590 seconds, Stopping threads took: 0.0000870 seconds
151.439: Application time: 0.0516840 seconds
151.439: [GC151.439: [ParNew: 108672K->13568K(122240K), 0.0116400 secs] 244141K->151313K(396032K), 0.0116860 secs] [Times: user=0.09 sys=0.00, real=0.01 secs] 
151.451: Total time for which application threads were stopped: 0.0118470 seconds, Stopping threads took: 0.0000790 seconds
151.491: Application time: 0.0396840 seconds
151.491: [GC151.491: [ParNew: 122240K->13568K(122240K), 0.0352350 secs] 259985K->184116K(396032K), 0.0352880 secs] [Times: user=0.24 sys=0.00, real=0.04 secs] 
151.526: Total time for which application threads were stopped: 0.0355900 seconds, Stopping threads took: 0.0002070 seconds
151.526: Application time: 0.0000810 seconds
151.526: [GC [1 CMS-initial-mark: 170548K(273792K)] 185071K(396032K), 0.0106300 secs] [Times: user=0.01 sys=0.00, real=0.01 secs] 
151.537: Total time for which application threads were stopped: 0.0107520 seconds, Stopping threads took: 0.0000780 seconds
151.537: [CMS-concurrent-mark-start]
151.593: Application time: 0.0554490 seconds
151.593: [GC151.593: [ParNew: 122240K->13568K(122240K), 0.0301030 secs] 292788K->203502K(396032K), 0.0301510 secs] [Times: user=0.20 sys=0.00, real=0.03 secs] 
151.623: Total time for which application threads were stopped: 0.0303060 seconds, Stopping threads took: 0.0000830 seconds
151.688: Application time: 0.0652920 seconds
151.688: [GC151.688: [ParNew: 122240K->13568K(122240K), 0.0391430 secs] 312174K->227907K(396032K), 0.0391920 secs] [Times: user=0.27 sys=0.00, real=0.04 secs] 
151.727: Total time for which application threads were stopped: 0.0393510 seconds, Stopping threads took: 0.0000880 seconds
151.786: Application time: 0.0589780 seconds
151.787: [GC151.787: [ParNew: 122240K->13568K(122240K), 0.0353580 secs] 336579K->250229K(396032K), 0.0354130 secs] [Times: user=0.24 sys=0.00, real=0.03 secs] 
151.822: Total time for which application threads were stopped: 0.0355150 seconds, Stopping threads took: 0.0000360 seconds
151.823: [CMS-concurrent-mark: 0.180/0.286 secs] [Times: user=2.15 sys=0.00, real=0.28 secs] 
151.823: [CMS-concurrent-preclean-start]
151.870: Application time: 0.0480360 seconds
151.870: [GC151.870: [ParNew: 122240K->13566K(122240K), 0.0374940 secs] 358901K->276575K(396032K), 0.0375410 secs] [Times: user=0.25 sys=0.00, real=0.04 secs] 
151.908: Total time for which application threads were stopped: 0.0376730 seconds, Stopping threads took: 0.0000630 seconds
151.958: Application time: 0.0507420 seconds
151.959: [GC151.959: [ParNew: 122238K->122238K(122240K), 0.0000140 secs]151.959: [CMS152.092: [CMS-concurrent-preclean: 0.229/0.269 secs] [Times: user=1.18 sys=0.00, real=0.27 secs] 
 (concurrent mode failure): 263008K->145144K(273792K), 0.4688750 secs] 385247K->145144K(396032K), [CMS Perm : 9130K->9130K(21248K)], 0.4689490 secs] [Times: user=0.47 sys=0.00, real=0.47 secs] 
152.428: Total time for which application threads were stopped: 0.4691310 seconds, Stopping threads took: 0.0000990 seconds
152.480: Application time: 0.0522310 seconds
152.480: [GC152.480: [ParNew: 108672K->13566K(122240K), 0.0158890 secs] 253816K->164132K(396032K), 0.0159350 secs] [Times: user=0.11 sys=0.00, real=0.02 secs] 
152.496: Total time for which application threads were stopped: 0.0161270 seconds, Stopping threads took: 0.0001100 seconds
152.551: Application time: 0.0551230 seconds
152.551: [GC152.551: [ParNew: 122238K->13568K(122240K), 0.0239650 secs] 272804K->179070K(396032K), 0.0240160 secs] [Times: user=0.17 sys=0.00, real=0.03 secs] 
152.575: Total time for which application threads were stopped: 0.0242060 seconds, Stopping threads took: 0.0001200 seconds
152.627: Application time: 0.0516500 seconds
152.627: [GC152.627: [ParNew: 122240K->13568K(122240K), 0.0254470 secs] 287742K->194089K(396032K), 0.0254990 secs] [Times: user=0.19 sys=0.00, real=0.02 secs] 
152.653: Total time for which application threads were stopped: 0.0256600 seconds, Stopping threads took: 0.0000880 seconds
152.653: Application time: 0.0001200 seconds
152.653: [GC [1 CMS-initial-mark: 180521K(273792K)] 195873K(396032K), 0.0111010 secs] [Times: user=0.01 sys=0.01, real=0.00 secs] 
152.664: Total time for which application threads were stopped: 0.0112510 seconds, Stopping threads took: 0.0001010 seconds
152.664: [CMS-concurrent-mark-start]
152.718: Application time: 0.0540580 seconds
152.718: [GC152.718: [ParNew: 122240K->13568K(122240K), 0.0354280 secs] 302761K->219918K(396032K), 0.0354760 secs] [Times: user=0.24 sys=0.00, real=0.04 secs] 
152.754: Total time for which application threads were stopped: 0.0356440 seconds, Stopping threads took: 0.0000970 seconds
152.817: Application time: 0.0633880 seconds
152.817: [GC152.817: [ParNew: 122240K->13568K(122240K), 0.0305300 secs] 328590K->239543K(396032K), 0.0305800 secs] [Times: user=0.21 sys=0.00, real=0.03 secs] 
152.848: Total time for which application threads were stopped: 0.0307320 seconds, Stopping threads took: 0.0000840 seconds
152.891: Application time: 0.0432970 seconds
152.891: [GC152.891: [ParNew: 122240K->13568K(122240K), 0.0407470 secs] 348215K->270679K(396032K), 0.0407960 secs] [Times: user=0.28 sys=0.00, real=0.04 secs] 
152.932: Total time for which application threads were stopped: 0.0409410 seconds, Stopping threads took: 0.0000750 seconds
152.984: Application time: 0.0518200 seconds
152.984: [GC152.984: [ParNew: 122240K->122240K(122240K), 0.0000120 secs]152.984: [CMS152.987: [CMS-concurrent-mark: 0.214/0.323 secs] [Times: user=2.43 sys=0.00, real=0.33 secs] 
 (concurrent mode failure): 257111K->143358K(273792K), 0.3026170 secs] 379351K->143358K(396032K), [CMS Perm : 9130K->9130K(21248K)], 0.3026840 secs] [Times: user=0.30 sys=0.00, real=0.31 secs] 
153.287: Total time for which application threads were stopped: 0.3028430 seconds, Stopping threads took: 0.0000800 seconds
153.337: Application time: 0.0504200 seconds
153.337: [GC153.337: [ParNew: 108672K->13568K(122240K), 0.0231610 secs] 252030K->168969K(396032K), 0.0232220 secs] [Times: user=0.16 sys=0.00, real=0.02 secs] 
153.361: Total time for which application threads were stopped: 0.0235270 seconds, Stopping threads took: 0.0002130 seconds
153.409: Application time: 0.0485080 seconds
153.409: [GC153.409: [ParNew: 122240K->13568K(122240K), 0.0285330 secs] 277641K->188197K(396032K), 0.0285840 secs] [Times: user=0.20 sys=0.00, real=0.03 secs] 
153.438: Total time for which application threads were stopped: 0.0287890 seconds, Stopping threads took: 0.0001340 seconds
153.438: Application time: 0.0000890 seconds
153.438: [GC [1 CMS-initial-mark: 174629K(273792K)] 189589K(396032K), 0.0113160 secs] [Times: user=0.02 sys=0.00, real=0.01 secs] 
153.449: Total time for which application threads were stopped: 0.0114340 seconds, Stopping threads took: 0.0000740 seconds
153.449: [CMS-concurrent-mark-start]
153.523: Application time: 0.0733720 seconds
153.523: [GC153.523: [ParNew: 122240K->13568K(122240K), 0.0277400 secs] 296869K->202068K(396032K), 0.0277890 secs] [Times: user=0.20 sys=0.00, real=0.03 secs] 
153.551: Total time for which application threads were stopped: 0.0279910 seconds, Stopping threads took: 0.0001210 seconds
153.612: Application time: 0.0616310 seconds
153.613: [GC153.613: [ParNew: 122232K->13568K(122240K), 0.0283130 secs] 310732K->217791K(396032K), 0.0283580 secs] [Times: user=0.20 sys=0.00, real=0.03 secs] 
153.641: Total time for which application threads were stopped: 0.0284900 seconds, Stopping threads took: 0.0000640 seconds
153.686: [CMS-concurrent-mark: 0.180/0.236 secs] [Times: user=1.83 sys=0.00, real=0.24 secs] 
153.686: [CMS-concurrent-preclean-start]
153.706: Application time: 0.0648900 seconds
153.706: [GC153.706: [ParNew: 122240K->13568K(122240K), 0.0273880 secs] 326463K->233581K(396032K), 0.0274340 secs] [Times: user=0.19 sys=0.00, real=0.03 secs] 
153.733: Total time for which application threads were stopped: 0.0275920 seconds, Stopping threads took: 0.0000890 seconds
153.776: Application time: 0.0426330 seconds
153.776: [GC153.776: [ParNew: 122240K->13568K(122240K), 0.0359070 secs] 342253K->260515K(396032K), 0.0359550 secs] [Times: user=0.25 sys=0.00, real=0.03 secs] 
153.812: Total time for which application threads were stopped: 0.0361090 seconds, Stopping threads took: 0.0000840 seconds
153.857: Application time: 0.0447460 seconds
153.857: [GC153.857: [ParNew: 122240K->122240K(122240K), 0.0000130 secs]153.857: [CMS153.975: [CMS-concurrent-preclean: 0.223/0.289 secs] [Times: user=1.42 sys=0.00, real=0.29 secs] 
 (concurrent mode failure): 246947K->141530K(273792K), 0.4169430 secs] 369187K->141530K(396032K), [CMS Perm : 9130K->9130K(21248K)], 0.4170100 secs] [Times: user=0.42 sys=0.00, real=0.42 secs] 
154.274: Total time for which application threads were stopped: 0.4172430 seconds, Stopping threads took: 0.0001420 seconds
154.321: Application time: 0.0466560 seconds
154.321: [GC154.321: [ParNew: 108672K->13568K(122240K), 0.0240720 secs] 250202K->170744K(396032K), 0.0241200 secs] [Times: user=0.17 sys=0.00, real=0.03 secs] 
154.345: Total time for which application threads were stopped: 0.0243350 seconds, Stopping threads took: 0.0001330 seconds
154.399: Application time: 0.0536190 seconds
154.399: [GC154.399: [ParNew: 122240K->13568K(122240K), 0.0296730 secs] 279416K->187111K(396032K), 0.0297210 secs] [Times: user=0.22 sys=0.00, real=0.03 secs] 
154.429: Total time for which application threads were stopped: 0.0298430 seconds, Stopping threads took: 0.0000510 seconds
154.429: Application time: 0.0000720 seconds
154.429: [GC [1 CMS-initial-mark: 173543K(273792K)] 188677K(396032K), 0.0116220 secs] [Times: user=0.01 sys=0.00, real=0.01 secs] 
154.441: Total time for which application threads were stopped: 0.0118310 seconds, Stopping threads took: 0.0001440 seconds
154.441: [CMS-concurrent-mark-start]
154.500: Application time: 0.0596890 seconds
154.500: [GC154.500: [ParNew: 122240K->13568K(122240K), 0.0306820 secs] 295783K->206217K(396032K), 0.0307300 secs] [Times: user=0.21 sys=0.00, real=0.03 secs] 
154.531: Total time for which application threads were stopped: 0.0309120 seconds, Stopping threads took: 0.0001110 seconds
154.589: Application time: 0.0578330 seconds
154.589: [GC154.589: [ParNew: 122240K->13568K(122240K), 0.0332290 secs] 314889K->228414K(396032K), 0.0332790 secs] [Times: user=0.23 sys=0.00, real=0.03 secs] 
154.622: Total time for which application threads were stopped: 0.0334870 seconds, Stopping threads took: 0.0001360 seconds
154.682: Application time: 0.0597350 seconds
154.682: [GC154.682: [ParNew: 122240K->13568K(122240K), 0.0357320 secs] 337086K->251489K(396032K), 0.0357780 secs] [Times: user=0.25 sys=0.00, real=0.04 secs] 
154.718: Total time for which application threads were stopped: 0.0359070 seconds, Stopping threads took: 0.0000620 seconds
154.778: Application time: 0.0601330 seconds
154.778: [GC154.778: [ParNew: 122240K->13568K(122240K), 0.0269730 secs] 360161K->265408K(396032K), 0.0270200 secs] [Times: user=0.19 sys=0.00, real=0.03 secs] 
154.805: Total time for which application threads were stopped: 0.0271960 seconds, Stopping threads took: 0.0001060 seconds
154.834: [CMS-concurrent-mark: 0.265/0.393 secs] [Times: user=2.99 sys=0.01, real=0.40 secs] 
154.834: [CMS-concurrent-preclean-start]
154.871: Application time: 0.0651010 seconds
154.871: [GC154.871: [ParNew: 122240K->122240K(122240K), 0.0000140 secs]154.871: [CMS155.020: [CMS-concurrent-preclean: 0.184/0.186 secs] [Times: user=0.45 sys=0.00, real=0.18 secs] 
 (concurrent mode failure): 251840K->131209K(273792K), 0.4581830 secs] 374080K->131209K(396032K), [CMS Perm : 9130K->9130K(21248K)], 0.4582510 secs] [Times: user=0.46 sys=0.00, real=0.46 secs] 
155.329: Total time for which application threads were stopped: 0.4584180 seconds, Stopping threads took: 0.0000830 seconds
155.380: Application time: 0.0514300 seconds
155.381: [GC155.381: [ParNew: 108672K->13568K(122240K), 0.0125760 secs] 239881K->148321K(396032K), 0.0126240 secs] [Times: user=0.09 sys=0.00, real=0.02 secs] 
155.393: Total time for which application threads were stopped: 0.0128180 seconds, Stopping threads took: 0.0001130 seconds
155.434: Application time: 0.0409750 seconds
155.434: [GC155.434: [ParNew: 122240K->13568K(122240K), 0.0351640 secs] 256993K->180859K(396032K), 0.0352130 secs] [Times: user=0.23 sys=0.00, real=0.03 secs] 
155.470: Total time for which application threads were stopped: 0.0353820 seconds, Stopping threads took: 0.0000970 seconds
155.470: Application time: 0.0001530 seconds
155.470: [GC [1 CMS-initial-mark: 167291K(273792K)] 182249K(396032K), 0.0102770 secs] [Times: user=0.01 sys=0.00, real=0.01 secs] 
155.480: Total time for which application threads were stopped: 0.0104480 seconds, Stopping threads took: 0.0001220 seconds
155.480: [CMS-concurrent-mark-start]
155.525: Application time: 0.0446960 seconds
155.525: [GC155.525: [ParNew: 122240K->13568K(122240K), 0.0415730 secs] 289531K->211122K(396032K), 0.0416230 secs] [Times: user=0.29 sys=0.00, real=0.04 secs] 
155.567: Total time for which application threads were stopped: 0.0418150 seconds, Stopping threads took: 0.0001210 seconds
155.627: Application time: 0.0604130 seconds
155.627: [GC155.627: [ParNew: 122240K->13568K(122240K), 0.0355820 secs] 319794K->232299K(396032K), 0.0356330 secs] [Times: user=0.25 sys=0.00, real=0.03 secs] 
155.663: Total time for which application threads were stopped: 0.0357810 seconds, Stopping threads took: 0.0000790 seconds
155.713: Application time: 0.0496770 seconds
155.713: [GC155.713: [ParNew: 122240K->13568K(122240K), 0.0348120 secs] 340971K->255551K(396032K), 0.0348620 secs] [Times: user=0.24 sys=0.00, real=0.04 secs] 
155.748: Total time for which application threads were stopped: 0.0350230 seconds, Stopping threads took: 0.0000910 seconds
155.809: Application time: 0.0616810 seconds
155.809: [GC155.809: [ParNew: 122240K->13568K(122240K), 0.0352610 secs] 364223K->278290K(396032K), 0.0353130 secs] [Times: user=0.24 sys=0.00, real=0.03 secs] 
155.845: Total time for which application threads were stopped: 0.0354930 seconds, Stopping threads took: 0.0000890 seconds
155.907: [CMS-concurrent-mark: 0.279/0.427 secs] [Times: user=3.22 sys=0.01, real=0.43 secs] 
155.907: [CMS-concurrent-preclean-start]
155.918: Application time: 0.0730100 seconds
155.918: [GC155.918: [ParNew: 122240K->122240K(122240K), 0.0000190 secs]155.918: [CMS156.093: [CMS-concurrent-preclean: 0.184/0.186 secs] [Times: user=0.28 sys=0.00, real=0.19 secs] 
 (concurrent mode failure): 264722K->136798K(273792K), 0.4795670 secs] 386962K->136798K(396032K), [CMS Perm : 9131K->9131K(21248K)], 0.4796420 secs] [Times: user=0.48 sys=0.00, real=0.48 secs] 
156.398: Total time for which application threads were stopped: 0.4797700 seconds, Stopping threads took: 0.0000380 seconds
156.452: Application time: 0.0543220 seconds
156.453: [GC156.453: [ParNew: 108672K->13568K(122240K), 0.0146270 secs] 245470K->155120K(396032K), 0.0146790 secs] [Times: user=0.11 sys=0.00, real=0.01 secs] 
156.468: Total time for which application threads were stopped: 0.0158740 seconds, Stopping threads took: 0.0010900 seconds
156.528: Application time: 0.0600640 seconds
156.528: [GC156.528: [ParNew: 122240K->13566K(122240K), 0.0246630 secs] 263792K->170228K(396032K), 0.0247080 secs] [Times: user=0.18 sys=0.00, real=0.03 secs] 
156.553: Total time for which application threads were stopped: 0.0250860 seconds, Stopping threads took: 0.0002850 seconds
156.601: Application time: 0.0482930 seconds
156.601: [GC156.601: [ParNew: 122238K->13568K(122240K), 0.0272410 secs] 278900K->187815K(396032K), 0.0272910 secs] [Times: user=0.20 sys=0.00, real=0.03 secs] 
156.629: Total time for which application threads were stopped: 0.0274260 seconds, Stopping threads took: 0.0000590 seconds
156.629: Application time: 0.0000710 seconds
156.629: [GC [1 CMS-initial-mark: 174247K(273792K)] 189225K(396032K), 0.0117940 secs] [Times: user=0.00 sys=0.01, real=0.01 secs] 
156.641: Total time for which application threads were stopped: 0.0119500 seconds, Stopping threads took: 0.0001110 seconds
156.641: [CMS-concurrent-mark-start]
156.692: Application time: 0.0510330 seconds
156.692: [GC156.692: [ParNew: 122240K->13568K(122240K), 0.0355430 secs] 296487K->213987K(396032K), 0.0355910 secs] [Times: user=0.24 sys=0.00, real=0.04 secs] 
156.727: Total time for which application threads were stopped: 0.0357390 seconds, Stopping threads took: 0.0000800 seconds
156.784: Application time: 0.0562540 seconds
156.784: [GC156.784: [ParNew: 122240K->13568K(122240K), 0.0388460 secs] 322659K->240216K(396032K), 0.0388930 secs] [Times: user=0.27 sys=0.00, real=0.04 secs] 
156.823: Total time for which application threads were stopped: 0.0390310 seconds, Stopping threads took: 0.0000700 seconds
156.876: Application time: 0.0528830 seconds
156.876: [GC156.876: [ParNew: 122240K->13568K(122240K), 0.0337410 secs] 348888K->263309K(396032K), 0.0337890 secs] [Times: user=0.23 sys=0.00, real=0.03 secs] 
156.910: Total time for which application threads were stopped: 0.0339440 seconds, Stopping threads took: 0.0000860 seconds
156.949: Application time: 0.0398620 seconds
156.950: [GC156.950: [ParNew: 122240K->122240K(122240K), 0.0000130 secs]156.950: [CMS156.979: [CMS-concurrent-mark: 0.228/0.338 secs] [Times: user=2.39 sys=0.01, real=0.34 secs] 
 (concurrent mode failure): 249741K->144150K(273792K), 0.3455360 secs] 371981K->144150K(396032K), [CMS Perm : 9131K->9131K(21248K)], 0.3456030 secs] [Times: user=0.37 sys=0.00, real=0.35 secs] 
157.295: Total time for which application threads were stopped: 0.3457330 seconds, Stopping threads took: 0.0000590 seconds
157.345: Application time: 0.0493370 seconds
157.346: [GC157.346: [ParNew: 108672K->13568K(122240K), 0.0298760 secs] 252822K->179137K(396032K), 0.0299270 secs] [Times: user=0.21 sys=0.00, real=0.03 secs] 
157.376: Total time for which application threads were stopped: 0.0316920 seconds, Stopping threads took: 0.0016650 seconds
157.376: Application time: 0.0000880 seconds
157.376: [GC [1 CMS-initial-mark: 165569K(273792K)] 180246K(396032K), 0.0114970 secs] [Times: user=0.01 sys=0.00, real=0.01 secs] 
157.388: Total time for which application threads were stopped: 0.0116760 seconds, Stopping threads took: 0.0001220 seconds
157.388: [CMS-concurrent-mark-start]
157.458: Application time: 0.0697310 seconds
157.458: [GC157.458: [ParNew: 122240K->13568K(122240K), 0.0306840 secs] 287809K->194611K(396032K), 0.0307330 secs] [Times: user=0.22 sys=0.00, real=0.03 secs] 
157.489: Total time for which application threads were stopped: 0.0309160 seconds, Stopping threads took: 0.0001140 seconds
157.560: Application time: 0.0718320 seconds
157.561: [GC157.561: [ParNew: 122240K->13568K(122240K), 0.0235000 secs] 303283K->206128K(396032K), 0.0235470 secs] [Times: user=0.17 sys=0.00, real=0.02 secs] 
157.584: Total time for which application threads were stopped: 0.0236660 seconds, Stopping threads took: 0.0000470 seconds
157.646: [CMS-concurrent-mark: 0.203/0.258 secs] [Times: user=2.01 sys=0.00, real=0.26 secs] 
157.646: [CMS-concurrent-preclean-start]
157.648: Application time: 0.0634710 seconds
157.648: [GC157.648: [ParNew: 122240K->13568K(122240K), 0.0227660 secs] 314800K->216585K(396032K), 0.0228100 secs] [Times: user=0.16 sys=0.00, real=0.02 secs] 
157.671: Total time for which application threads were stopped: 0.0229550 seconds, Stopping threads took: 0.0000750 seconds
157.718: Application time: 0.0477580 seconds
157.718: [GC157.718: [ParNew: 122240K->13568K(122240K), 0.0345700 secs] 325257K->241613K(396032K), 0.0346180 secs] [Times: user=0.24 sys=0.00, real=0.04 secs] 
157.753: Total time for which application threads were stopped: 0.0347890 seconds, Stopping threads took: 0.0001030 seconds
157.810: Application time: 0.0568020 seconds
157.810: [GC157.810: [ParNew: 122240K->13568K(122240K), 0.0325950 secs] 350285K->261144K(396032K), 0.0326420 secs] [Times: user=0.23 sys=0.00, real=0.03 secs] 
157.843: Total time for which application threads were stopped: 0.0327660 seconds, Stopping threads took: 0.0000540 seconds
157.890: Application time: 0.0477720 seconds
157.891: [GC157.891: [ParNew: 122240K->13568K(122240K), 0.0349520 secs] 369816K->284435K(396032K), 0.0350000 secs] [Times: user=0.24 sys=0.00, real=0.04 secs] 
157.926: Total time for which application threads were stopped: 0.0351720 seconds, Stopping threads took: 0.0000850 seconds
157.963: Application time: 0.0376100 seconds
157.963: [GC157.963: [ParNew: 122240K->122240K(122240K), 0.0000150 secs]157.963: [CMS158.106: [CMS-concurrent-preclean: 0.333/0.460 secs] [Times: user=2.55 sys=0.01, real=0.46 secs] 
 (concurrent mode failure): 270867K->136196K(273792K), 0.4433560 secs] 393107K->136196K(396032K), [CMS Perm : 9131K->9131K(21248K)], 0.4434360 secs] [Times: user=0.45 sys=0.00, real=0.45 secs] 
158.407: Total time for which application threads were stopped: 0.4436230 seconds, Stopping threads took: 0.0001010 seconds
158.455: Application time: 0.0478590 seconds
158.455: [GC158.455: [ParNew: 108672K->13568K(122240K), 0.0320560 secs] 244868K->171444K(396032K), 0.0321060 secs] [Times: user=0.23 sys=0.00, real=0.03 secs] 
158.487: Total time for which application threads were stopped: 0.0322700 seconds, Stopping threads took: 0.0000780 seconds
158.543: Application time: 0.0564000 seconds
158.544: [GC158.544: [ParNew: 122240K->13568K(122240K), 0.0277050 secs] 280116K->184894K(396032K), 0.0277560 secs] [Times: user=0.19 sys=0.00, real=0.03 secs] 
158.571: Total time for which application threads were stopped: 0.0279350 seconds, Stopping threads took: 0.0000860 seconds
158.571: Application time: 0.0001210 seconds
158.572: [GC [1 CMS-initial-mark: 171326K(273792K)] 186428K(396032K), 0.0109750 secs] [Times: user=0.01 sys=0.00, real=0.01 secs] 
158.583: Total time for which application threads were stopped: 0.0110880 seconds, Stopping threads took: 0.0000700 seconds
158.583: [CMS-concurrent-mark-start]
158.652: Application time: 0.0690880 seconds
158.652: [GC158.652: [ParNew: 122240K->13568K(122240K), 0.0259360 secs] 293566K->198659K(396032K), 0.0259790 secs] [Times: user=0.18 sys=0.00, real=0.03 secs] 
158.678: Total time for which application threads were stopped: 0.0261190 seconds, Stopping threads took: 0.0000660 seconds
158.743: Application time: 0.0653820 seconds
158.743: [GC158.743: [ParNew: 122240K->13568K(122240K), 0.0291250 secs] 307331K->215394K(396032K), 0.0291750 secs] [Times: user=0.20 sys=0.00, real=0.03 secs] 
158.772: Total time for which application threads were stopped: 0.0293050 seconds, Stopping threads took: 0.0000590 seconds
158.827: [CMS-concurrent-mark: 0.189/0.244 secs] [Times: user=1.89 sys=0.00, real=0.25 secs] 
158.827: [CMS-concurrent-preclean-start]
158.828: Application time: 0.0554380 seconds
158.828: [GC158.828: [ParNew: 122240K->13568K(122240K), 0.0341530 secs] 324066K->237881K(396032K), 0.0341910 secs] [Times: user=0.24 sys=0.00, real=0.03 secs] 
158.862: Total time for which application threads were stopped: 0.0343400 seconds, Stopping threads took: 0.0000840 seconds
158.918: Application time: 0.0559290 seconds
158.918: [GC158.918: [ParNew: 122216K->13568K(122240K), 0.0287280 secs] 346529K->254494K(396032K), 0.0287770 secs] [Times: user=0.20 sys=0.00, real=0.03 secs] 
158.947: Total time for which application threads were stopped: 0.0289370 seconds, Stopping threads took: 0.0000880 seconds
158.993: Application time: 0.0461570 seconds
158.993: [GC158.993: [ParNew: 122240K->13568K(122240K), 0.0369990 secs] 363166K->280917K(396032K), 0.0370470 secs] [Times: user=0.25 sys=0.00, real=0.03 secs] 
159.030: Total time for which application threads were stopped: 0.0372370 seconds, Stopping threads took: 0.0001110 seconds
159.074: Application time: 0.0439010 seconds
159.075: [GC159.075: [ParNew: 122240K->122240K(122240K), 0.0000150 secs]159.075: [CMS159.210: [CMS-concurrent-preclean: 0.280/0.383 secs] [Times: user=2.00 sys=0.00, real=0.38 secs] 
 (concurrent mode failure): 267349K->136350K(273792K), 0.4434000 secs] 389589K->136350K(396032K), [CMS Perm : 9131K->9131K(21248K)], 0.4434720 secs] [Times: user=0.44 sys=0.00, real=0.44 secs] 
159.518: Total time for which application threads were stopped: 0.4436350 seconds, Stopping threads took: 0.0000910 seconds
159.567: Application time: 0.0485520 seconds
159.567: [GC159.567: [ParNew: 108672K->13568K(122240K), 0.0239040 secs] 245022K->165390K(396032K), 0.0239540 secs] [Times: user=0.17 sys=0.00, real=0.02 secs] 
159.591: Total time for which application threads were stopped: 0.0241440 seconds, Stopping threads took: 0.0001060 seconds
159.638: Application time: 0.0476500 seconds
159.639: [GC159.639: [ParNew: 122240K->13568K(122240K), 0.0297820 secs] 274062K->185270K(396032K), 0.0298310 secs] [Times: user=0.21 sys=0.00, real=0.03 secs] 
159.668: Total time for which application threads were stopped: 0.0300610 seconds, Stopping threads took: 0.0001600 seconds
159.669: Application time: 0.0000800 seconds
159.669: [GC [1 CMS-initial-mark: 171702K(273792K)] 186734K(396032K), 0.0123020 secs] [Times: user=0.01 sys=0.00, real=0.01 secs] 
159.681: Total time for which application threads were stopped: 0.0124210 seconds, Stopping threads took: 0.0000750 seconds
159.681: [CMS-concurrent-mark-start]
159.745: Application time: 0.0645160 seconds
159.746: [GC159.746: [ParNew: 122240K->13568K(122240K), 0.0270120 secs] 293942K->199265K(396032K), 0.0270590 secs] [Times: user=0.19 sys=0.00, real=0.02 secs] 
159.773: Total time for which application threads were stopped: 0.0272000 seconds, Stopping threads took: 0.0000710 seconds
159.832: Application time: 0.0595030 seconds
159.832: [GC159.832: [ParNew: 122240K->13568K(122240K), 0.0309370 secs] 307937K->217533K(396032K), 0.0309850 secs] [Times: user=0.22 sys=0.00, real=0.03 secs] 
159.863: Total time for which application threads were stopped: 0.0311710 seconds, Stopping threads took: 0.0001150 seconds
159.922: Application time: 0.0586340 seconds
159.922: [GC159.922: [ParNew: 122240K->13568K(122240K), 0.0294660 secs] 326205K->235442K(396032K), 0.0295150 secs] [Times: user=0.21 sys=0.00, real=0.03 secs] 
159.952: Total time for which application threads were stopped: 0.0296440 seconds, Stopping threads took: 0.0000590 seconds
160.019: [CMS-concurrent-mark: 0.248/0.338 secs] [Times: user=2.60 sys=0.00, real=0.34 secs] 
160.019: [CMS-concurrent-preclean-start]
160.021: Application time: 0.0692170 seconds
160.021: [GC160.021: [ParNew: 122240K->13568K(122240K), 0.0271700 secs] 344114K->249324K(396032K), 0.0272230 secs] [Times: user=0.20 sys=0.00, real=0.03 secs] 
160.048: Total time for which application threads were stopped: 0.0273540 seconds, Stopping threads took: 0.0000600 seconds
160.097: Application time: 0.0492230 seconds
160.098: [GC160.098: [ParNew: 122240K->13568K(122240K), 0.0332130 secs] 357996K->271770K(396032K), 0.0332590 secs] [Times: user=0.23 sys=0.00, real=0.03 secs] 
160.131: Total time for which application threads were stopped: 0.0334350 seconds, Stopping threads took: 0.0000960 seconds
160.173: Application time: 0.0421520 seconds
160.173: [GC160.173: [ParNew: 122173K->122173K(122240K), 0.0000130 secs]160.173: [CMS160.311: [CMS-concurrent-preclean: 0.230/0.292 secs] [Times: user=1.32 sys=0.01, real=0.29 secs] 
 (concurrent mode failure): 258202K->126428K(273792K), 0.4252520 secs] 380376K->126428K(396032K), [CMS Perm : 9131K->9131K(21248K)], 0.4253170 secs] [Times: user=0.42 sys=0.00, real=0.42 secs] 
160.598: Total time for which application threads were stopped: 0.4254580 seconds, Stopping threads took: 0.0000730 seconds
160.638: Application time: 0.0393650 seconds
160.638: [GC160.638: [ParNew: 108672K->13568K(122240K), 0.0265440 secs] 235100K->161656K(396032K), 0.0265950 secs] [Times: user=0.18 sys=0.00, real=0.02 secs] 
160.665: Total time for which application threads were stopped: 0.0267940 seconds, Stopping threads took: 0.0001150 seconds
160.708: Application time: 0.0437920 seconds
160.709: [GC160.709: [ParNew: 122240K->13568K(122240K), 0.0378350 secs] 270328K->189817K(396032K), 0.0378870 secs] [Times: user=0.25 sys=0.00, real=0.04 secs] 
160.747: Total time for which application threads were stopped: 0.0380770 seconds, Stopping threads took: 0.0001160 seconds
160.747: Application time: 0.0001210 seconds
160.747: [GC [1 CMS-initial-mark: 176249K(273792K)] 191482K(396032K), 0.0112910 secs] [Times: user=0.01 sys=0.00, real=0.01 secs] 
160.758: Total time for which application threads were stopped: 0.0114290 seconds, Stopping threads took: 0.0000930 seconds
160.758: [CMS-concurrent-mark-start]
160.832: Application time: 0.0737590 seconds
160.832: [GC160.832: [ParNew: 122240K->13568K(122240K), 0.0285430 secs] 298489K->203997K(396032K), 0.0285910 secs] [Times: user=0.20 sys=0.00, real=0.03 secs] 
160.861: Total time for which application threads were stopped: 0.0287670 seconds, Stopping threads took: 0.0001070 seconds
160.923: Application time: 0.0623740 seconds
160.923: [GC160.923: [ParNew: 122240K->13568K(122240K), 0.0283020 secs] 312669K->219804K(396032K), 0.0283500 secs] [Times: user=0.20 sys=0.00, real=0.03 secs] 
160.951: Total time for which application threads were stopped: 0.0284960 seconds, Stopping threads took: 0.0000820 seconds
160.998: [CMS-concurrent-mark: 0.182/0.240 secs] [Times: user=1.86 sys=0.00, real=0.24 secs] 
160.998: [CMS-concurrent-preclean-start]
161.005: Application time: 0.0537510 seconds
161.005: [GC161.005: [ParNew: 122240K->13568K(122240K), 0.0316750 secs] 328476K->240580K(396032K), 0.0317250 secs] [Times: user=0.22 sys=0.00, real=0.03 secs] 
161.037: Total time for which application threads were stopped: 0.0318510 seconds, Stopping threads took: 0.0000550 seconds
161.103: Application time: 0.0663360 seconds
161.104: [GC161.104: [ParNew: 122240K->13568K(122240K), 0.0263330 secs] 349252K->253649K(396032K), 0.0263810 secs] [Times: user=0.19 sys=0.00, real=0.03 secs] 
161.130: Total time for which application threads were stopped: 0.0265210 seconds, Stopping threads took: 0.0000700 seconds
161.196: Application time: 0.0663310 seconds
161.196: [GC161.196: [ParNew: 122240K->13568K(122240K), 0.0242940 secs] 362321K->265690K(396032K), 0.0243440 secs] [Times: user=0.17 sys=0.00, real=0.02 secs] 
161.221: Total time for which application threads were stopped: 0.0244830 seconds, Stopping threads took: 0.0000540 seconds
161.263: Application time: 0.0417350 seconds
161.263: [GC161.263: [ParNew (promotion failed): 122240K->122240K(122240K), 3.0824620 secs]164.345: [CMS164.474: [CMS-concurrent-preclean: 0.309/3.477 secs] [Times: user=6.51 sys=0.48, real=3.48 secs] 
 (concurrent mode failure): 271641K->101083K(273792K), 0.3432690 secs] 374362K->101083K(396032K), [CMS Perm : 9131K->9131K(21248K)], 3.4258170 secs] [Times: user=4.69 sys=0.47, real=3.43 secs] 
164.689: Total time for which application threads were stopped: 3.4259870 seconds, Stopping threads took: 0.0000990 seconds
164.721: Application time: 0.0329480 seconds
164.722: [GC164.722: [ParNew: 108672K->13568K(122240K), 0.0283750 secs] 209755K->139981K(396032K), 0.0284250 secs] [Times: user=0.19 sys=0.00, real=0.03 secs] 
164.750: Total time for which application threads were stopped: 0.0286150 seconds, Stopping threads took: 0.0001110 seconds
164.794: Application time: 0.0443460 seconds
164.797: [GC164.797: [ParNew: 122240K->13568K(122240K), 0.0450780 secs] 248653K->175027K(396032K), 0.0451250 secs] [Times: user=0.31 sys=0.00, real=0.04 secs] 
164.842: Total time for which application threads were stopped: 0.0476040 seconds, Stopping threads took: 0.0024100 seconds
164.890: Application time: 0.0477760 seconds
164.890: [GC164.890: [ParNew: 122240K->13568K(122240K), 0.0315230 secs] 283699K->193410K(396032K), 0.0315710 secs] [Times: user=0.22 sys=0.00, real=0.03 secs] 
164.922: Total time for which application threads were stopped: 0.0317370 seconds, Stopping threads took: 0.0000940 seconds
164.922: Application time: 0.0000430 seconds
164.922: [GC [1 CMS-initial-mark: 179842K(273792K)] 193943K(396032K), 0.0110590 secs] [Times: user=0.01 sys=0.00, real=0.01 secs] 
164.933: Total time for which application threads were stopped: 0.0111480 seconds, Stopping threads took: 0.0000460 seconds
164.933: [CMS-concurrent-mark-start]
165.001: Application time: 0.0682140 seconds
165.001: [GC165.001: [ParNew: 122240K->13568K(122240K), 0.0304060 secs] 302082K->211798K(396032K), 0.0304540 secs] [Times: user=0.22 sys=0.00, real=0.03 secs] 
165.032: Total time for which application threads were stopped: 0.0305570 seconds, Stopping threads took: 0.0000330 seconds
165.089: Application time: 0.0576500 seconds
165.089: [GC165.089: [ParNew: 122240K->13568K(122240K), 0.0316050 secs] 320470K->231832K(396032K), 0.0316500 secs] [Times: user=0.21 sys=0.00, real=0.03 secs] 
165.121: Total time for which application threads were stopped: 0.0318530 seconds, Stopping threads took: 0.0001340 seconds
165.190: Application time: 0.0690550 seconds
165.191: [GC165.191: [ParNew: 122240K->13568K(122240K), 0.0301260 secs] 340504K->248326K(396032K), 0.0301760 secs] [Times: user=0.21 sys=0.00, real=0.03 secs] 
165.221: Total time for which application threads were stopped: 0.0313470 seconds, Stopping threads took: 0.0011010 seconds
165.222: [CMS-concurrent-mark: 0.195/0.289 secs] [Times: user=2.18 sys=0.02, real=0.29 secs] 
165.222: [CMS-concurrent-preclean-start]
165.291: Application time: 0.0693080 seconds
165.291: [GC165.291: [ParNew: 122240K->13530K(122240K), 0.0259710 secs] 356998K->261427K(396032K), 0.0260160 secs] [Times: user=0.18 sys=0.00, real=0.03 secs] 
165.317: Total time for which application threads were stopped: 0.0261740 seconds, Stopping threads took: 0.0000790 seconds
165.370: Application time: 0.0535330 seconds
165.371: [GC165.371: [ParNew: 122202K->13568K(122240K), 0.0252930 secs] 370099K->275107K(396032K), 0.0253410 secs] [Times: user=0.17 sys=0.01, real=0.03 secs] 
165.396: Total time for which application threads were stopped: 0.0255230 seconds, Stopping threads took: 0.0001100 seconds
165.439: Application time: 0.0430810 seconds
165.439: [GC165.439: [ParNew: 122240K->122240K(122240K), 0.0000130 secs]165.439: [CMS165.553: [CMS-concurrent-preclean: 0.277/0.331 secs] [Times: user=1.80 sys=0.01, real=0.34 secs] 
 (concurrent mode failure): 261539K->114100K(273792K), 0.3576470 secs] 383779K->114100K(396032K), [CMS Perm : 9131K->9131K(21248K)], 0.3577130 secs] [Times: user=0.36 sys=0.00, real=0.36 secs] 
165.797: Total time for which application threads were stopped: 0.3578550 seconds, Stopping threads took: 0.0000640 seconds
165.835: Application time: 0.0382820 seconds
165.835: [GC165.835: [ParNew: 108672K->13568K(122240K), 0.0306170 secs] 222772K->151907K(396032K), 0.0306700 secs] [Times: user=0.21 sys=0.00, real=0.03 secs] 
165.866: Total time for which application threads were stopped: 0.0309860 seconds, Stopping threads took: 0.0002290 seconds
165.917: Application time: 0.0506110 seconds
165.917: [GC165.917: [ParNew: 122240K->13568K(122240K), 0.0402200 secs] 260579K->180116K(396032K), 0.0402670 secs] [Times: user=0.28 sys=0.00, real=0.04 secs] 
165.957: Total time for which application threads were stopped: 0.0403990 seconds, Stopping threads took: 0.0000650 seconds
165.957: Application time: 0.0000620 seconds
165.957: [GC [1 CMS-initial-mark: 166548K(273792K)] 181039K(396032K), 0.0112190 secs] [Times: user=0.01 sys=0.00, real=0.01 secs] 
165.969: Total time for which application threads were stopped: 0.0113620 seconds, Stopping threads took: 0.0000970 seconds
165.969: [CMS-concurrent-mark-start]
166.029: Application time: 0.0607450 seconds
166.029: [GC166.029: [ParNew: 122240K->13568K(122240K), 0.0295250 secs] 288788K->195656K(396032K), 0.0295740 secs] [Times: user=0.21 sys=0.00, real=0.03 secs] 
166.059: Total time for which application threads were stopped: 0.0297150 seconds, Stopping threads took: 0.0000690 seconds
166.124: Application time: 0.0652130 seconds
166.124: [GC166.124: [ParNew: 122240K->13568K(122240K), 0.0294120 secs] 304328K->213169K(396032K), 0.0294560 secs] [Times: user=0.20 sys=0.00, real=0.04 secs] 
166.154: Total time for which application threads were stopped: 0.0296080 seconds, Stopping threads took: 0.0000830 seconds
166.205: Application time: 0.0505990 seconds
166.205: [GC166.205: [ParNew: 122240K->13568K(122240K), 0.0352670 secs] 321841K->236918K(396032K), 0.0353150 secs] [Times: user=0.25 sys=0.00, real=0.04 secs] 
166.240: Total time for which application threads were stopped: 0.0354620 seconds, Stopping threads took: 0.0000760 seconds
166.296: [CMS-concurrent-mark: 0.232/0.328 secs] [Times: user=2.50 sys=0.00, real=0.33 secs] 
166.296: [CMS-concurrent-preclean-start]
166.314: Application time: 0.0735440 seconds
166.314: [GC166.314: [ParNew: 122240K->13568K(122240K), 0.0272400 secs] 345590K->249688K(396032K), 0.0272880 secs] [Times: user=0.19 sys=0.00, real=0.02 secs] 
166.341: Total time for which application threads were stopped: 0.0274340 seconds, Stopping threads took: 0.0000760 seconds
166.406: Application time: 0.0645850 seconds
166.406: [GC166.406: [ParNew: 122240K->13568K(122240K), 0.0236580 secs] 358360K->261632K(396032K), 0.0237060 secs] [Times: user=0.17 sys=0.00, real=0.02 secs] 
166.429: Total time for which application threads were stopped: 0.0238610 seconds, Stopping threads took: 0.0000770 seconds
166.475: Application time: 0.0454980 seconds
166.475: [GC166.475: [ParNew: 122240K->13568K(122240K), 0.0320410 secs] 370304K->282916K(396032K), 0.0320870 secs] [Times: user=0.22 sys=0.00, real=0.03 secs] 
166.507: Total time for which application threads were stopped: 0.0322350 seconds, Stopping threads took: 0.0000770 seconds
166.554: Application time: 0.0467560 seconds
166.554: [GC166.554: [ParNew: 122240K->122240K(122240K), 0.0000130 secs]166.554: [CMS166.712: [CMS-concurrent-preclean: 0.330/0.416 secs] [Times: user=2.15 sys=0.00, real=0.41 secs] 
 (concurrent mode failure): 269348K->121605K(273792K), 0.4241280 secs] 391588K->121605K(396032K), [CMS Perm : 9132K->9132K(21248K)], 0.4241930 secs] [Times: user=0.43 sys=0.00, real=0.42 secs] 
166.978: Total time for which application threads were stopped: 0.4243510 seconds, Stopping threads took: 0.0000890 seconds
167.017: Application time: 0.0383290 seconds
167.017: [GC167.017: [ParNew: 108672K->13568K(122240K), 0.0241300 secs] 230277K->154330K(396032K), 0.0241780 secs] [Times: user=0.17 sys=0.00, real=0.02 secs] 
167.041: Total time for which application threads were stopped: 0.0243380 seconds, Stopping threads took: 0.0000800 seconds
167.086: Application time: 0.0454540 seconds
167.087: [GC167.087: [ParNew: 122240K->13568K(122240K), 0.0375990 secs] 263002K->182867K(396032K), 0.0376560 secs] [Times: user=0.26 sys=0.00, real=0.03 secs] 
167.124: Total time for which application threads were stopped: 0.0378330 seconds, Stopping threads took: 0.0001030 seconds
167.124: Application time: 0.0001080 seconds
167.124: [GC [1 CMS-initial-mark: 169299K(273792K)] 184521K(396032K), 0.0121460 secs] [Times: user=0.01 sys=0.00, real=0.02 secs] 
167.137: Total time for which application threads were stopped: 0.0122870 seconds, Stopping threads took: 0.0000930 seconds
167.137: [CMS-concurrent-mark-start]
167.203: Application time: 0.0666470 seconds
167.203: [GC167.203: [ParNew: 122240K->13568K(122240K), 0.0321300 secs] 291539K->201603K(396032K), 0.0321780 secs] [Times: user=0.22 sys=0.00, real=0.04 secs] 
167.236: Total time for which application threads were stopped: 0.0323230 seconds, Stopping threads took: 0.0000750 seconds
167.288: Application time: 0.0527370 seconds
167.288: [GC167.288: [ParNew: 122240K->13568K(122240K), 0.0375850 secs] 310275K->226761K(396032K), 0.0376320 secs] [Times: user=0.26 sys=0.00, real=0.04 secs] 
167.326: Total time for which application threads were stopped: 0.0377270 seconds, Stopping threads took: 0.0000260 seconds
167.401: Application time: 0.0746000 seconds
167.401: [GC167.401: [ParNew: 122240K->13568K(122240K), 0.0274650 secs] 335433K->239836K(396032K), 0.0275140 secs] [Times: user=0.19 sys=0.00, real=0.03 secs] 
167.428: Total time for which application threads were stopped: 0.0276970 seconds, Stopping threads took: 0.0001130 seconds
167.450: [CMS-concurrent-mark: 0.216/0.314 secs] [Times: user=2.39 sys=0.01, real=0.31 secs] 
167.450: [CMS-concurrent-preclean-start]
167.493: Application time: 0.0644440 seconds
167.493: [GC167.493: [ParNew: 122240K->12724K(122240K), 0.0250220 secs] 348508K->250847K(396032K), 0.0250700 secs] [Times: user=0.18 sys=0.00, real=0.02 secs] 
167.518: Total time for which application threads were stopped: 0.0252400 seconds, Stopping threads took: 0.0001030 seconds
167.571: Application time: 0.0532020 seconds
167.571: [GC167.571: [ParNew: 121396K->13568K(122240K), 0.0257700 secs] 359519K->265874K(396032K), 0.0258180 secs] [Times: user=0.19 sys=0.00, real=0.03 secs] 
167.597: Total time for which application threads were stopped: 0.0260020 seconds, Stopping threads took: 0.0001020 seconds
167.646: Application time: 0.0483670 seconds
167.646: [GC167.646: [ParNew (promotion failed): 121823K->121823K(122240K), 4.3428290 secs]171.989: [CMS172.145: [CMS-concurrent-preclean: 0.299/4.695 secs] [Times: user=7.81 sys=0.82, real=4.70 secs] 
 (concurrent mode failure): 271906K->117143K(273792K), 0.4227730 secs] 374130K->117143K(396032K), [CMS Perm : 9132K->9132K(21248K)], 4.7656780 secs] [Times: user=6.56 sys=0.81, real=4.76 secs] 
172.411: Total time for which application threads were stopped: 4.7658550 seconds, Stopping threads took: 0.0001070 seconds
172.454: Application time: 0.0428860 seconds
172.455: [GC172.455: [ParNew: 108672K->13568K(122240K), 0.0218870 secs] 225815K->146347K(396032K), 0.0219410 secs] [Times: user=0.15 sys=0.00, real=0.02 secs] 
172.477: Total time for which application threads were stopped: 0.0222540 seconds, Stopping threads took: 0.0002030 seconds
172.522: Application time: 0.0452090 seconds
172.522: [GC172.522: [ParNew: 122240K->13568K(122240K), 0.0376190 secs] 255019K->176678K(396032K), 0.0376700 secs] [Times: user=0.25 sys=0.00, real=0.04 secs] 
172.560: Total time for which application threads were stopped: 0.0379220 seconds, Stopping threads took: 0.0001680 seconds
172.601: Application time: 0.0415600 seconds
172.601: [GC172.601: [ParNew: 122240K->13568K(122240K), 0.0350970 secs] 285350K->201435K(396032K), 0.0351490 secs] [Times: user=0.24 sys=0.00, real=0.04 secs] 
172.637: Total time for which application threads were stopped: 0.0353190 seconds, Stopping threads took: 0.0000940 seconds
172.637: Application time: 0.0000950 seconds
172.637: [GC [1 CMS-initial-mark: 187867K(273792K)] 202882K(396032K), 0.0104990 secs] [Times: user=0.01 sys=0.00, real=0.01 secs] 
172.647: Total time for which application threads were stopped: 0.0106300 seconds, Stopping threads took: 0.0000750 seconds
172.647: [CMS-concurrent-mark-start]
172.702: Application time: 0.0546520 seconds
172.702: [GC172.702: [ParNew: 122240K->13568K(122240K), 0.0409650 secs] 310107K->230336K(396032K), 0.0410110 secs] [Times: user=0.28 sys=0.00, real=0.04 secs] 
172.743: Total time for which application threads were stopped: 0.0411930 seconds, Stopping threads took: 0.0000960 seconds
172.810: Application time: 0.0666600 seconds
172.810: [GC172.810: [ParNew: 122240K->13568K(122240K), 0.0328360 secs] 339008K->247588K(396032K), 0.0328820 secs] [Times: user=0.23 sys=0.00, real=0.03 secs] 
172.843: Total time for which application threads were stopped: 0.0330010 seconds, Stopping threads took: 0.0000490 seconds
172.920: Application time: 0.0767320 seconds
172.920: [GC172.920: [ParNew: 122240K->13558K(122240K), 0.0254470 secs] 356260K->260709K(396032K), 0.0254950 secs] [Times: user=0.18 sys=0.00, real=0.03 secs] 
172.945: Total time for which application threads were stopped: 0.0256270 seconds, Stopping threads took: 0.0000630 seconds
172.975: [CMS-concurrent-mark: 0.228/0.328 secs] [Times: user=2.51 sys=0.00, real=0.33 secs] 
172.975: [CMS-concurrent-preclean-start]
173.015: Application time: 0.0701690 seconds
173.016: [GC173.016: [ParNew: 122230K->122230K(122240K), 0.0000150 secs]173.016: [CMS173.144: [CMS-concurrent-preclean: 0.166/0.168 secs] [Times: user=0.46 sys=0.00, real=0.16 secs] 
 (concurrent mode failure): 247150K->113700K(273792K), 0.3817170 secs] 369381K->113700K(396032K), [CMS Perm : 9132K->9132K(21248K)], 0.3817880 secs] [Times: user=0.38 sys=0.00, real=0.38 secs] 
173.397: Total time for which application threads were stopped: 0.3819690 seconds, Stopping threads took: 0.0001000 seconds
173.442: Application time: 0.0448550 seconds
173.442: [GC173.442: [ParNew: 108672K->13568K(122240K), 0.0173040 secs] 222372K->138649K(396032K), 0.0173520 secs] [Times: user=0.12 sys=0.00, real=0.02 secs] 
173.460: Total time for which application threads were stopped: 0.0175340 seconds, Stopping threads took: 0.0001120 seconds
173.504: Application time: 0.0439740 seconds
173.504: [GC173.504: [ParNew: 122240K->13568K(122240K), 0.0388510 secs] 247321K->172388K(396032K), 0.0389010 secs] [Times: user=0.26 sys=0.00, real=0.04 secs] 
173.543: Total time for which application threads were stopped: 0.0391070 seconds, Stopping threads took: 0.0001330 seconds
173.543: Application time: 0.0001340 seconds
173.543: [GC [1 CMS-initial-mark: 158820K(273792K)] 174156K(396032K), 0.0109570 secs] [Times: user=0.02 sys=0.00, real=0.02 secs] 
173.554: Total time for which application threads were stopped: 0.0111230 seconds, Stopping threads took: 0.0001080 seconds
173.554: [CMS-concurrent-mark-start]
173.607: Application time: 0.0527650 seconds
173.607: [GC173.607: [ParNew: 122240K->13568K(122240K), 0.0398670 secs] 281060K->199171K(396032K), 0.0399140 secs] [Times: user=0.26 sys=0.01, real=0.04 secs] 
173.647: Total time for which application threads were stopped: 0.0400550 seconds, Stopping threads took: 0.0000720 seconds
173.704: Application time: 0.0568450 seconds
173.704: [GC173.704: [ParNew: 122240K->13568K(122240K), 0.0374510 secs] 307843K->223249K(396032K), 0.0374970 secs] [Times: user=0.25 sys=0.00, real=0.04 secs] 
173.741: Total time for which application threads were stopped: 0.0376400 seconds, Stopping threads took: 0.0000750 seconds
173.794: Application time: 0.0524650 seconds
173.794: [GC173.794: [ParNew: 122240K->13568K(122240K), 0.0395970 secs] 331921K->250877K(396032K), 0.0396430 secs] [Times: user=0.27 sys=0.00, real=0.04 secs] 
173.834: Total time for which application threads were stopped: 0.0397920 seconds, Stopping threads took: 0.0000800 seconds
173.899: [CMS-concurrent-mark: 0.227/0.345 secs] [Times: user=2.59 sys=0.02, real=0.34 secs] 
173.899: [CMS-concurrent-preclean-start]
173.899: Application time: 0.0654340 seconds
173.899: [GC173.899: [ParNew: 122240K->13568K(122240K), 0.0319920 secs] 359549K->269671K(396032K), 0.0320400 secs] [Times: user=0.22 sys=0.00, real=0.03 secs] 
173.931: Total time for which application threads were stopped: 0.0321970 seconds, Stopping threads took: 0.0000920 seconds
173.992: Application time: 0.0603560 seconds
173.992: [GC173.992: [ParNew: 122240K->122240K(122240K), 0.0000130 secs]173.992: [CMS174.141: [CMS-concurrent-preclean: 0.208/0.242 secs] [Times: user=0.86 sys=0.00, real=0.24 secs] 
 (concurrent mode failure): 256103K->142896K(273792K), 0.4616550 secs] 378343K->142896K(396032K), [CMS Perm : 9132K->9132K(21248K)], 0.4617190 secs] [Times: user=0.46 sys=0.00, real=0.47 secs] 
174.454: Total time for which application threads were stopped: 0.4618670 seconds, Stopping threads took: 0.0000780 seconds
174.512: Application time: 0.0580830 seconds
174.512: [GC174.512: [ParNew: 108672K->13500K(122240K), 0.0100900 secs] 251568K->156397K(396032K), 0.0101340 secs] [Times: user=0.08 sys=0.00, real=0.01 secs] 
174.522: Total time for which application threads were stopped: 0.0103440 seconds, Stopping threads took: 0.0001290 seconds
174.571: Application time: 0.0488060 seconds
174.571: [GC174.571: [ParNew: 122172K->13568K(122240K), 0.0230950 secs] 265069K->172076K(396032K), 0.0231440 secs] [Times: user=0.16 sys=0.00, real=0.03 secs] 
174.594: Total time for which application threads were stopped: 0.0233190 seconds, Stopping threads took: 0.0001070 seconds
174.641: Application time: 0.0466650 seconds
174.645: [GC174.645: [ParNew: 122240K->13568K(122240K), 0.0357070 secs] 280748K->201735K(396032K), 0.0357560 secs] [Times: user=0.24 sys=0.00, real=0.03 secs] 
174.681: Total time for which application threads were stopped: 0.0398750 seconds, Stopping threads took: 0.0040450 seconds
174.681: Application time: 0.0000620 seconds
174.681: [GC [1 CMS-initial-mark: 188167K(273792K)] 202457K(396032K), 0.0110850 secs] [Times: user=0.01 sys=0.01, real=0.01 secs] 
174.692: Total time for which application threads were stopped: 0.0111820 seconds, Stopping threads took: 0.0000530 seconds
174.692: [CMS-concurrent-mark-start]
174.742: Application time: 0.0502890 seconds
174.742: [GC174.742: [ParNew: 122240K->13568K(122240K), 0.0366980 secs] 310407K->227509K(396032K), 0.0367430 secs] [Times: user=0.26 sys=0.00, real=0.04 secs] 
174.779: Total time for which application threads were stopped: 0.0368950 seconds, Stopping threads took: 0.0000810 seconds
174.829: Application time: 0.0497450 seconds
174.829: [GC174.829: [ParNew: 122240K->13568K(122240K), 0.0444670 secs] 336181K->260000K(396032K), 0.0445140 secs] [Times: user=0.31 sys=0.00, real=0.05 secs] 
174.873: Total time for which application threads were stopped: 0.0445960 seconds, Stopping threads took: 0.0000130 seconds
174.934: Application time: 0.0601470 seconds
174.934: [GC174.934: [ParNew: 122240K->122240K(122240K), 0.0000160 secs]174.934: [CMS174.958: [CMS-concurrent-mark: 0.184/0.266 secs] [Times: user=1.87 sys=0.00, real=0.27 secs] 
 (concurrent mode failure): 246432K->148661K(273792K), 0.3559280 secs] 368672K->148661K(396032K), [CMS Perm : 9132K->9132K(21248K)], 0.3559990 secs] [Times: user=0.38 sys=0.00, real=0.35 secs] 
175.290: Total time for which application threads were stopped: 0.3561150 seconds, Stopping threads took: 0.0000460 seconds
175.349: Application time: 0.0593570 seconds
175.349: [GC175.349: [ParNew: 108672K->13568K(122240K), 0.0124560 secs] 257333K->162439K(396032K), 0.0125080 secs] [Times: user=0.09 sys=0.00, real=0.01 secs] 
175.362: Total time for which application threads were stopped: 0.0128770 seconds, Stopping threads took: 0.0002680 seconds
175.406: Application time: 0.0440720 seconds
175.406: [GC175.406: [ParNew: 122240K->13568K(122240K), 0.0312230 secs] 271111K->188271K(396032K), 0.0312720 secs] [Times: user=0.22 sys=0.00, real=0.03 secs] 
175.438: Total time for which application threads were stopped: 0.0315490 seconds, Stopping threads took: 0.0001860 seconds
175.445: Application time: 0.0072970 seconds
175.445: [GC [1 CMS-initial-mark: 174703K(273792K)] 205999K(396032K), 0.0201690 secs] [Times: user=0.02 sys=0.00, real=0.02 secs] 
175.465: Total time for which application threads were stopped: 0.0203400 seconds, Stopping threads took: 0.0001120 seconds
175.465: [CMS-concurrent-mark-start]
175.523: Application time: 0.0581580 seconds
175.523: [GC175.524: [ParNew: 122240K->13568K(122240K), 0.0301250 secs] 296943K->205703K(396032K), 0.0301680 secs] [Times: user=0.21 sys=0.00, real=0.04 secs] 
175.554: Total time for which application threads were stopped: 0.0303110 seconds, Stopping threads took: 0.0000750 seconds
175.605: Application time: 0.0509410 seconds
175.605: [GC175.605: [ParNew: 122240K->13568K(122240K), 0.0302320 secs] 314375K->223031K(396032K), 0.0302910 secs] [Times: user=0.21 sys=0.01, real=0.04 secs] 
175.635: Total time for which application threads were stopped: 0.0304420 seconds, Stopping threads took: 0.0000750 seconds
175.695: Application time: 0.0599500 seconds
175.695: [GC175.695: [ParNew: 122240K->13568K(122240K), 0.0301250 secs] 331703K->241065K(396032K), 0.0301750 secs] [Times: user=0.21 sys=0.00, real=0.03 secs] 
175.725: Total time for which application threads were stopped: 0.0303540 seconds, Stopping threads took: 0.0001090 seconds
175.771: Application time: 0.0451270 seconds
175.771: [GC175.771: [ParNew: 122240K->13568K(122240K), 0.0387920 secs] 349737K->270067K(396032K), 0.0388380 secs] [Times: user=0.27 sys=0.00, real=0.04 secs] 
175.809: Total time for which application threads were stopped: 0.0389730 seconds, Stopping threads took: 0.0000660 seconds
175.864: Application time: 0.0545540 seconds
175.864: [GC175.864: [ParNew: 122240K->122240K(122240K), 0.0000150 secs]175.864: [CMS175.879: [CMS-concurrent-mark: 0.282/0.414 secs] [Times: user=3.07 sys=0.01, real=0.41 secs] 
 (concurrent mode failure): 256499K->144059K(273792K), 0.3372630 secs] 378739K->144059K(396032K), [CMS Perm : 9132K->9132K(21248K)], 0.3373350 secs] [Times: user=0.35 sys=0.00, real=0.34 secs] 
176.202: Total time for which application threads were stopped: 0.3375050 seconds, Stopping threads took: 0.0000890 seconds
176.251: Application time: 0.0496380 seconds
176.251: [GC176.251: [ParNew: 108672K->13568K(122240K), 0.0170130 secs] 252731K->165661K(396032K), 0.0170610 secs] [Times: user=0.13 sys=0.00, real=0.02 secs] 
176.268: Total time for which application threads were stopped: 0.0172800 seconds, Stopping threads took: 0.0001520 seconds
176.316: Application time: 0.0471780 seconds
176.316: [GC176.316: [ParNew: 122240K->13568K(122240K), 0.0305480 secs] 274333K->188931K(396032K), 0.0305970 secs] [Times: user=0.22 sys=0.00, real=0.03 secs] 
176.346: Total time for which application threads were stopped: 0.0307750 seconds, Stopping threads took: 0.0001010 seconds
176.347: Application time: 0.0001360 seconds
176.347: [GC [1 CMS-initial-mark: 175363K(273792K)] 190361K(396032K), 0.0111640 secs] [Times: user=0.01 sys=0.00, real=0.01 secs] 
176.358: Total time for which application threads were stopped: 0.0112710 seconds, Stopping threads took: 0.0000680 seconds
176.358: [CMS-concurrent-mark-start]
176.422: Application time: 0.0639720 seconds
176.422: [GC176.422: [ParNew: 122240K->13567K(122240K), 0.0331000 secs] 297603K->209070K(396032K), 0.0331480 secs] [Times: user=0.23 sys=0.00, real=0.04 secs] 
176.455: Total time for which application threads were stopped: 0.0333010 seconds, Stopping threads took: 0.0000670 seconds
176.517: Application time: 0.0623280 seconds
176.518: [GC176.518: [ParNew: 122239K->13566K(122240K), 0.0283330 secs] 317742K->225386K(396032K), 0.0283800 secs] [Times: user=0.20 sys=0.00, real=0.03 secs] 
176.546: Total time for which application threads were stopped: 0.0285370 seconds, Stopping threads took: 0.0000880 seconds
176.614: Application time: 0.0682310 seconds
176.614: [GC176.614: [ParNew: 122238K->13568K(122240K), 0.0254980 secs] 334058K->238613K(396032K), 0.0255460 secs] [Times: user=0.18 sys=0.00, real=0.02 secs] 
176.640: Total time for which application threads were stopped: 0.0257140 seconds, Stopping threads took: 0.0001000 seconds
176.645: [CMS-concurrent-mark: 0.200/0.287 secs] [Times: user=2.20 sys=0.00, real=0.29 secs] 
176.645: [CMS-concurrent-preclean-start]
176.694: Application time: 0.0543310 seconds
176.694: [GC176.694: [ParNew: 122240K->13568K(122240K), 0.0287020 secs] 347285K->255805K(396032K), 0.0287480 secs] [Times: user=0.20 sys=0.00, real=0.02 secs] 
176.723: Total time for which application threads were stopped: 0.0289310 seconds, Stopping threads took: 0.0001150 seconds
176.766: Application time: 0.0431120 seconds
176.766: [GC176.766: [ParNew: 122240K->13568K(122240K), 0.0361520 secs] 364477K->283098K(396032K), 0.0362020 secs] [Times: user=0.25 sys=0.00, real=0.03 secs] 
176.803: Total time for which application threads were stopped: 0.0363630 seconds, Stopping threads took: 0.0000900 seconds
176.859: Application time: 0.0562850 seconds
176.859: [GC176.859: [ParNew: 122240K->122240K(122240K), 0.0000150 secs]176.859: [CMS177.001: [CMS-concurrent-preclean: 0.288/0.356 secs] [Times: user=1.78 sys=0.00, real=0.35 secs] 
 (concurrent mode failure): 269530K->125905K(273792K), 0.4300130 secs] 391770K->125905K(396032K), [CMS Perm : 9132K->9132K(21248K)], 0.4300830 secs] [Times: user=0.43 sys=0.00, real=0.43 secs] 
177.289: Total time for which application threads were stopped: 0.4302590 seconds, Stopping threads took: 0.0001060 seconds
177.332: Application time: 0.0428280 seconds
177.333: [GC177.333: [ParNew: 108672K->13568K(122240K), 0.0181360 secs] 234577K->150970K(396032K), 0.0181850 secs] [Times: user=0.13 sys=0.00, real=0.01 secs] 
177.351: Total time for which application threads were stopped: 0.0192000 seconds, Stopping threads took: 0.0009120 seconds
177.400: Application time: 0.0487590 seconds
177.400: [GC177.400: [ParNew: 122240K->13568K(122240K), 0.0341490 secs] 259642K->178346K(396032K), 0.0341960 secs] [Times: user=0.23 sys=0.00, real=0.04 secs] 
177.434: Total time for which application threads were stopped: 0.0344390 seconds, Stopping threads took: 0.0001720 seconds
177.441: Application time: 0.0063930 seconds
177.441: [GC [1 CMS-initial-mark: 164778K(273792K)] 193141K(396032K), 0.0191550 secs] [Times: user=0.02 sys=0.00, real=0.02 secs] 
177.460: Total time for which application threads were stopped: 0.0193980 seconds, Stopping threads took: 0.0001920 seconds
177.460: [CMS-concurrent-mark-start]
177.515: Application time: 0.0545510 seconds
177.515: [GC177.515: [ParNew: 122240K->13568K(122240K), 0.0287650 secs] 287018K->194971K(396032K), 0.0288120 secs] [Times: user=0.20 sys=0.00, real=0.02 secs] 
177.544: Total time for which application threads were stopped: 0.0289270 seconds, Stopping threads took: 0.0000460 seconds
177.602: Application time: 0.0582890 seconds
177.602: [GC177.602: [ParNew: 122240K->13568K(122240K), 0.0377610 secs] 303643K->220326K(396032K), 0.0378090 secs] [Times: user=0.27 sys=0.00, real=0.04 secs] 
177.640: Total time for which application threads were stopped: 0.0379630 seconds, Stopping threads took: 0.0000820 seconds
177.704: Application time: 0.0641270 seconds
177.704: [GC177.704: [ParNew: 122240K->13568K(122240K), 0.0331560 secs] 328998K->239021K(396032K), 0.0332030 secs] [Times: user=0.24 sys=0.00, real=0.04 secs] 
177.737: Total time for which application threads were stopped: 0.0333600 seconds, Stopping threads took: 0.0000900 seconds
177.783: [CMS-concurrent-mark: 0.222/0.323 secs] [Times: user=2.46 sys=0.00, real=0.32 secs] 
177.783: [CMS-concurrent-preclean-start]
177.801: Application time: 0.0631530 seconds
177.801: [GC177.801: [ParNew: 122240K->13568K(122240K), 0.0275060 secs] 347693K->254712K(396032K), 0.0275550 secs] [Times: user=0.20 sys=0.00, real=0.03 secs] 
177.828: Total time for which application threads were stopped: 0.0277260 seconds, Stopping threads took: 0.0000960 seconds
177.878: Application time: 0.0494790 seconds
177.878: [GC177.878: [ParNew: 122240K->13568K(122240K), 0.0366750 secs] 363384K->279721K(396032K), 0.0367240 secs] [Times: user=0.25 sys=0.00, real=0.04 secs] 
177.915: Total time for which application threads were stopped: 0.0368790 seconds, Stopping threads took: 0.0000750 seconds
177.961: Application time: 0.0459480 seconds
177.961: [GC177.961: [ParNew: 122240K->122240K(122240K), 0.0000140 secs]177.961: [CMS178.125: [CMS-concurrent-preclean: 0.275/0.342 secs] [Times: user=1.52 sys=0.00, real=0.35 secs] 
 (concurrent mode failure): 266153K->130168K(273792K), 0.4407820 secs] 388393K->130168K(396032K), [CMS Perm : 9132K->9132K(21248K)], 0.4408630 secs] [Times: user=0.44 sys=0.00, real=0.44 secs] 
178.402: Total time for which application threads were stopped: 0.4409960 seconds, Stopping threads took: 0.0000550 seconds
178.446: Application time: 0.0439820 seconds
178.446: [GC178.446: [ParNew: 108672K->13568K(122240K), 0.0256580 secs] 238840K->162387K(396032K), 0.0257060 secs] [Times: user=0.18 sys=0.00, real=0.02 secs] 
178.472: Total time for which application threads were stopped: 0.0260040 seconds, Stopping threads took: 0.0002160 seconds
178.527: Application time: 0.0548880 seconds
178.527: [GC178.527: [ParNew: 122240K->13568K(122240K), 0.0306850 secs] 271059K->178802K(396032K), 0.0307340 secs] [Times: user=0.22 sys=0.00, real=0.03 secs] 
178.558: Total time for which application threads were stopped: 0.0310440 seconds, Stopping threads took: 0.0002180 seconds
178.573: Application time: 0.0152190 seconds
178.577: [GC [1 CMS-initial-mark: 165234K(273792K)] 206777K(396032K), 0.0334980 secs] [Times: user=0.03 sys=0.00, real=0.03 secs] 
178.611: Total time for which application threads were stopped: 0.0376660 seconds, Stopping threads took: 0.0041150 seconds
178.611: [CMS-concurrent-mark-start]
178.667: Application time: 0.0568230 seconds
178.667: [GC178.667: [ParNew: 122240K->13419K(122240K), 0.0253130 secs] 287474K->191700K(396032K), 0.0253580 secs] [Times: user=0.18 sys=0.00, real=0.03 secs] 
178.693: Total time for which application threads were stopped: 0.0255290 seconds, Stopping threads took: 0.0000920 seconds
178.752: Application time: 0.0591160 seconds
178.752: [GC178.752: [ParNew: 122091K->13568K(122240K), 0.0236990 secs] 300372K->203601K(396032K), 0.0237470 secs] [Times: user=0.17 sys=0.00, real=0.03 secs] 
178.776: Total time for which application threads were stopped: 0.0238540 seconds, Stopping threads took: 0.0000370 seconds
178.831: Application time: 0.0555340 seconds
178.832: [GC178.832: [ParNew: 122240K->13568K(122240K), 0.0340580 secs] 312273K->228854K(396032K), 0.0341050 secs] [Times: user=0.23 sys=0.00, real=0.04 secs] 
178.866: Total time for which application threads were stopped: 0.0343210 seconds, Stopping threads took: 0.0000810 seconds
178.912: [CMS-concurrent-mark: 0.216/0.301 secs] [Times: user=2.31 sys=0.00, real=0.30 secs] 
178.912: [CMS-concurrent-preclean-start]
178.925: Application time: 0.0589020 seconds
178.925: [GC178.925: [ParNew: 122240K->13568K(122240K), 0.0336660 secs] 337526K->250182K(396032K), 0.0337130 secs] [Times: user=0.23 sys=0.00, real=0.04 secs] 
178.958: Total time for which application threads were stopped: 0.0338620 seconds, Stopping threads took: 0.0000800 seconds
179.000: Application time: 0.0419800 seconds
179.001: [GC179.001: [ParNew: 122240K->13568K(122240K), 0.0386260 secs] 358854K->278222K(396032K), 0.0386750 secs] [Times: user=0.25 sys=0.01, real=0.04 secs] 
179.039: Total time for which application threads were stopped: 0.0388560 seconds, Stopping threads took: 0.0000940 seconds
179.081: Application time: 0.0413580 seconds
179.081: [GC179.081: [ParNew: 122240K->122240K(122240K), 0.0000130 secs]179.081: [CMS179.226: [CMS-concurrent-preclean: 0.239/0.314 secs] [Times: user=1.41 sys=0.01, real=0.32 secs] 
 (concurrent mode failure): 264654K->136253K(273792K), 0.4463260 secs] 386894K->136253K(396032K), [CMS Perm : 9133K->9133K(21248K)], 0.4464030 secs] [Times: user=0.44 sys=0.00, real=0.45 secs] 
179.527: Total time for which application threads were stopped: 0.4465350 seconds, Stopping threads took: 0.0000620 seconds
179.572: Application time: 0.0447170 seconds
179.572: [GC179.572: [ParNew: 108672K->13568K(122240K), 0.0257770 secs] 244925K->168796K(396032K), 0.0258270 secs] [Times: user=0.18 sys=0.01, real=0.03 secs] 
179.598: Total time for which application threads were stopped: 0.0261850 seconds, Stopping threads took: 0.0002470 seconds
179.654: Application time: 0.0563000 seconds
179.655: [GC179.655: [ParNew: 122240K->13568K(122240K), 0.0318790 secs] 277468K->185377K(396032K), 0.0319280 secs] [Times: user=0.22 sys=0.00, real=0.03 secs] 
179.687: Total time for which application threads were stopped: 0.0322230 seconds, Stopping threads took: 0.0002190 seconds
179.701: Application time: 0.0142070 seconds
179.704: [GC [1 CMS-initial-mark: 171809K(273792K)] 211541K(396032K), 0.0328180 secs] [Times: user=0.03 sys=0.00, real=0.04 secs] 
179.737: Total time for which application threads were stopped: 0.0360780 seconds, Stopping threads took: 0.0031870 seconds
179.737: [CMS-concurrent-mark-start]
179.793: Application time: 0.0564200 seconds
179.794: [GC179.794: [ParNew: 122240K->13554K(122240K), 0.0258130 secs] 294049K->198513K(396032K), 0.0258590 secs] [Times: user=0.18 sys=0.00, real=0.02 secs] 
179.819: Total time for which application threads were stopped: 0.0260840 seconds, Stopping threads took: 0.0001330 seconds
179.891: Application time: 0.0714530 seconds
179.891: [GC179.891: [ParNew: 122226K->13568K(122240K), 0.0200550 secs] 307185K->206408K(396032K), 0.0201010 secs] [Times: user=0.15 sys=0.00, real=0.02 secs] 
179.911: Total time for which application threads were stopped: 0.0202860 seconds, Stopping threads took: 0.0001190 seconds
179.957: [CMS-concurrent-mark: 0.173/0.220 secs] [Times: user=1.71 sys=0.00, real=0.22 secs] 
179.957: [CMS-concurrent-preclean-start]
179.970: Application time: 0.0592650 seconds
179.971: [GC179.971: [ParNew: 122240K->13568K(122240K), 0.0306760 secs] 315080K->225537K(396032K), 0.0307250 secs] [Times: user=0.21 sys=0.00, real=0.03 secs] 
180.001: Total time for which application threads were stopped: 0.0309340 seconds, Stopping threads took: 0.0001420 seconds
180.059: Application time: 0.0576460 seconds
180.059: [GC180.059: [ParNew: 122240K->13568K(122240K), 0.0289790 secs] 334209K->242085K(396032K), 0.0290280 secs] [Times: user=0.21 sys=0.00, real=0.03 secs] 
180.088: Total time for which application threads were stopped: 0.0291500 seconds, Stopping threads took: 0.0000490 seconds
180.133: Application time: 0.0450690 seconds
180.133: [GC180.133: [ParNew: 122240K->13568K(122240K), 0.0391500 secs] 350757K->271798K(396032K), 0.0391980 secs] [Times: user=0.27 sys=0.00, real=0.03 secs] 
180.173: Total time for which application threads were stopped: 0.0393920 seconds, Stopping threads took: 0.0001140 seconds
180.211: Application time: 0.0385080 seconds
180.211: [GC180.211: [ParNew: 122240K->122240K(122240K), 0.0000130 secs]180.211: [CMS180.355: [CMS-concurrent-preclean: 0.296/0.398 secs] [Times: user=2.06 sys=0.01, real=0.40 secs] 
 (concurrent mode failure): 258230K->126844K(273792K), 0.4049690 secs] 380470K->126844K(396032K), [CMS Perm : 9133K->9133K(21248K)], 0.4050450 secs] [Times: user=0.40 sys=0.00, real=0.41 secs] 
180.616: Total time for which application threads were stopped: 0.4051670 seconds, Stopping threads took: 0.0000370 seconds
180.653: Application time: 0.0371100 seconds
180.654: [GC180.654: [ParNew: 108672K->13568K(122240K), 0.0326250 secs] 235516K->167839K(396032K), 0.0326780 secs] [Times: user=0.23 sys=0.00, real=0.03 secs] 
180.686: Total time for which application threads were stopped: 0.0328970 seconds, Stopping threads took: 0.0001290 seconds
180.687: Application time: 0.0001850 seconds
180.687: [GC [1 CMS-initial-mark: 154271K(273792K)] 169255K(396032K), 0.0133030 secs] [Times: user=0.01 sys=0.00, real=0.01 secs] 
180.700: Total time for which application threads were stopped: 0.0135330 seconds, Stopping threads took: 0.0001830 seconds
180.700: [CMS-concurrent-mark-start]
180.761: Application time: 0.0604950 seconds
180.761: [GC180.761: [ParNew: 122240K->13568K(122240K), 0.0353400 secs] 276511K->188559K(396032K), 0.0353900 secs] [Times: user=0.24 sys=0.00, real=0.04 secs] 
180.796: Total time for which application threads were stopped: 0.0355280 seconds, Stopping threads took: 0.0000660 seconds
180.864: Application time: 0.0674990 seconds
180.864: [GC180.864: [ParNew: 122240K->13568K(122240K), 0.0286800 secs] 297231K->202057K(396032K), 0.0287390 secs] [Times: user=0.21 sys=0.00, real=0.03 secs] 
180.893: Total time for which application threads were stopped: 0.0289790 seconds, Stopping threads took: 0.0001480 seconds
180.969: Application time: 0.0762820 seconds
180.969: [GC180.969: [ParNew: 122240K->12486K(122240K), 0.0241190 secs] 310729K->212510K(396032K), 0.0241660 secs] [Times: user=0.17 sys=0.00, real=0.03 secs] 
180.993: Total time for which application threads were stopped: 0.0242800 seconds, Stopping threads took: 0.0000440 seconds
181.022: [CMS-concurrent-mark: 0.233/0.322 secs] [Times: user=2.49 sys=0.00, real=0.32 secs] 
181.022: [CMS-concurrent-preclean-start]
181.054: Application time: 0.0611760 seconds
181.054: [GC181.054: [ParNew: 121158K->13568K(122240K), 0.0214610 secs] 321182K->222290K(396032K), 0.0215100 secs] [Times: user=0.15 sys=0.00, real=0.02 secs] 
181.076: Total time for which application threads were stopped: 0.0216550 seconds, Stopping threads took: 0.0000750 seconds
181.131: Application time: 0.0549870 seconds
181.131: [GC181.131: [ParNew: 122240K->13568K(122240K), 0.0312480 secs] 330962K->242559K(396032K), 0.0312980 secs] [Times: user=0.21 sys=0.00, real=0.03 secs] 
181.162: Total time for which application threads were stopped: 0.0314850 seconds, Stopping threads took: 0.0001150 seconds
181.207: Application time: 0.0445990 seconds
181.207: [GC181.207: [ParNew: 122240K->13568K(122240K), 0.0328410 secs] 351231K->264268K(396032K), 0.0328920 secs] [Times: user=0.23 sys=0.00, real=0.03 secs] 
181.240: Total time for which application threads were stopped: 0.0330860 seconds, Stopping threads took: 0.0001100 seconds
181.282: Application time: 0.0417260 seconds
181.282: [GC181.282: [ParNew: 122240K->122240K(122240K), 0.0000150 secs]181.282: [CMS181.430: [CMS-concurrent-preclean: 0.319/0.408 secs] [Times: user=2.13 sys=0.01, real=0.41 secs] 
 (concurrent mode failure): 250700K->128716K(273792K), 0.4351720 secs] 372940K->128716K(396032K), [CMS Perm : 9133K->9133K(21248K)], 0.4352450 secs] [Times: user=0.44 sys=0.00, real=0.44 secs] 
181.717: Total time for which application threads were stopped: 0.4354280 seconds, Stopping threads took: 0.0001160 seconds
181.759: Application time: 0.0412560 seconds
181.761: [GC181.761: [ParNew: 108672K->13568K(122240K), 0.0244500 secs] 237388K->160332K(396032K), 0.0244980 secs] [Times: user=0.17 sys=0.00, real=0.03 secs] 
181.786: Total time for which application threads were stopped: 0.0270900 seconds, Stopping threads took: 0.0024900 seconds
181.827: Application time: 0.0414940 seconds
181.827: [GC181.827: [ParNew: 122240K->13568K(122240K), 0.0415350 secs] 269004K->194441K(396032K), 0.0415810 secs] [Times: user=0.28 sys=0.00, real=0.04 secs] 
181.869: Total time for which application threads were stopped: 0.0417550 seconds, Stopping threads took: 0.0001050 seconds
181.885: Application time: 0.0159320 seconds
181.889: [GC [1 CMS-initial-mark: 180873K(273792K)] 233326K(396032K), 0.0347950 secs] [Times: user=0.04 sys=0.00, real=0.03 secs] 
181.924: Total time for which application threads were stopped: 0.0389170 seconds, Stopping threads took: 0.0040700 seconds
181.924: [CMS-concurrent-mark-start]
181.974: Application time: 0.0498990 seconds
181.974: [GC181.974: [ParNew: 122240K->13568K(122240K), 0.0317940 secs] 303113K->211792K(396032K), 0.0318390 secs] [Times: user=0.22 sys=0.00, real=0.03 secs] 
182.006: Total time for which application threads were stopped: 0.0319750 seconds, Stopping threads took: 0.0000690 seconds
182.085: Application time: 0.0794460 seconds
182.085: [GC182.085: [ParNew: 122240K->13568K(122240K), 0.0261470 secs] 320464K->224193K(396032K), 0.0261920 secs] [Times: user=0.19 sys=0.00, real=0.02 secs] 
182.111: Total time for which application threads were stopped: 0.0263790 seconds, Stopping threads took: 0.0001180 seconds
182.172: [CMS-concurrent-mark: 0.189/0.248 secs] [Times: user=1.91 sys=0.00, real=0.25 secs] 
182.172: [CMS-concurrent-preclean-start]
182.183: Application time: 0.0713860 seconds
182.183: [GC182.183: [ParNew: 122240K->11843K(122240K), 0.0216610 secs] 332865K->231787K(396032K), 0.0217180 secs] [Times: user=0.16 sys=0.00, real=0.02 secs] 
182.205: Total time for which application threads were stopped: 0.0218940 seconds, Stopping threads took: 0.0001080 seconds
182.261: Application time: 0.0558220 seconds
182.261: [GC182.261: [ParNew: 120515K->13568K(122240K), 0.0218010 secs] 340459K->243155K(396032K), 0.0218500 secs] [Times: user=0.16 sys=0.00, real=0.02 secs] 
182.283: Total time for which application threads were stopped: 0.0220230 seconds, Stopping threads took: 0.0001030 seconds
182.326: Application time: 0.0432330 seconds
182.326: [GC182.326: [ParNew: 122240K->13568K(122240K), 0.0358740 secs] 351827K->268592K(396032K), 0.0359210 secs] [Times: user=0.24 sys=0.00, real=0.03 secs] 
182.362: Total time for which application threads were stopped: 0.0360970 seconds, Stopping threads took: 0.0000960 seconds
182.404: Application time: 0.0416660 seconds
182.404: [GC182.404: [ParNew: 122240K->122240K(122240K), 0.0000150 secs]182.404: [CMS182.551: [CMS-concurrent-preclean: 0.297/0.379 secs] [Times: user=1.93 sys=0.01, real=0.38 secs] 
 (concurrent mode failure): 255024K->126045K(273792K), 0.4343350 secs] 377264K->126045K(396032K), [CMS Perm : 9133K->9133K(21248K)], 0.4344060 secs] [Times: user=0.43 sys=0.00, real=0.44 secs] 
182.838: Total time for which application threads were stopped: 0.4346580 seconds, Stopping threads took: 0.0001800 seconds
182.879: Application time: 0.0408410 seconds
182.879: [GC182.879: [ParNew: 108672K->13568K(122240K), 0.0261590 secs] 234717K->159718K(396032K), 0.0262060 secs] [Times: user=0.18 sys=0.00, real=0.03 secs] 
182.906: Total time for which application threads were stopped: 0.0264500 seconds, Stopping threads took: 0.0001600 seconds
182.952: Application time: 0.0460030 seconds
182.952: [GC182.952: [ParNew: 122240K->13568K(122240K), 0.0372830 secs] 268390K->187833K(396032K), 0.0373270 secs] [Times: user=0.25 sys=0.00, real=0.04 secs] 
182.989: Total time for which application threads were stopped: 0.0375090 seconds, Stopping threads took: 0.0001140 seconds
182.989: Application time: 0.0002370 seconds
182.989: [GC [1 CMS-initial-mark: 174265K(273792K)] 189446K(396032K), 0.0120310 secs] [Times: user=0.02 sys=0.00, real=0.01 secs] 
183.001: Total time for which application threads were stopped: 0.0121480 seconds, Stopping threads took: 0.0000760 seconds
183.001: [CMS-concurrent-mark-start]
183.058: Application time: 0.0569890 seconds
183.059: [GC183.059: [ParNew: 122240K->13568K(122240K), 0.0354070 secs] 296505K->208589K(396032K), 0.0354540 secs] [Times: user=0.25 sys=0.00, real=0.04 secs] 
183.094: Total time for which application threads were stopped: 0.0355940 seconds, Stopping threads took: 0.0000700 seconds
183.155: Application time: 0.0611490 seconds
183.155: [GC183.155: [ParNew: 122240K->13568K(122240K), 0.0310050 secs] 317261K->226321K(396032K), 0.0310520 secs] [Times: user=0.21 sys=0.00, real=0.03 secs] 
183.186: Total time for which application threads were stopped: 0.0312170 seconds, Stopping threads took: 0.0000970 seconds
183.265: Application time: 0.0782270 seconds
183.265: [GC183.265: [ParNew: 122240K->13568K(122240K), 0.0246790 secs] 334993K->239045K(396032K), 0.0247250 secs] [Times: user=0.17 sys=0.00, real=0.03 secs] 
183.290: Total time for which application threads were stopped: 0.0248710 seconds, Stopping threads took: 0.0000780 seconds
183.324: [CMS-concurrent-mark: 0.231/0.323 secs] [Times: user=2.46 sys=0.00, real=0.32 secs] 
183.324: [CMS-concurrent-preclean-start]
183.356: Application time: 0.0669440 seconds
183.357: [GC183.357: [ParNew: 122240K->13568K(122240K), 0.0210970 secs] 347717K->248447K(396032K), 0.0211440 secs] [Times: user=0.15 sys=0.00, real=0.02 secs] 
183.378: Total time for which application threads were stopped: 0.0213070 seconds, Stopping threads took: 0.0000930 seconds
183.425: Application time: 0.0469220 seconds
183.425: [GC183.425: [ParNew: 122240K->13568K(122240K), 0.0322030 secs] 357119K->269832K(396032K), 0.0322590 secs] [Times: user=0.22 sys=0.00, real=0.03 secs] 
183.457: Total time for which application threads were stopped: 0.0324530 seconds, Stopping threads took: 0.0001050 seconds
183.500: Application time: 0.0428760 seconds
183.500: [GC183.500: [ParNew: 122240K->122240K(122240K), 0.0000160 secs] 378504K->378504K(396032K), 0.0000440 secs] [Times: user=0.00 sys=0.00, real=0.00 secs] 
183.500: [Full GC183.500: [CMS183.635: [CMS-concurrent-preclean: 0.255/0.311 secs] [Times: user=1.50 sys=0.01, real=0.32 secs] 
 (concurrent mode failure): 256264K->129096K(273792K), 0.4425550 secs] 378504K->129096K(396032K), [CMS Perm : 9133K->9130K(21248K)], 0.4425910 secs] [Times: user=0.44 sys=0.00, real=0.44 secs] 
183.943: Total time for which application threads were stopped: 0.4428410 seconds, Stopping threads took: 0.0001150 seconds
183.993: Application time: 0.0499850 seconds
183.993: [GC183.993: [ParNew: 108672K->13568K(122240K), 0.0220780 secs] 237768K->154832K(396032K), 0.0221280 secs] [Times: user=0.16 sys=0.00, real=0.02 secs] 
184.015: Total time for which application threads were stopped: 0.0224050 seconds, Stopping threads took: 0.0001720 seconds
184.058: Application time: 0.0428830 seconds
184.058: [GC184.058: [ParNew: 122240K->13568K(122240K), 0.0347140 secs] 263504K->182693K(396032K), 0.0347600 secs] [Times: user=0.24 sys=0.00, real=0.04 secs] 
184.093: Total time for which application threads were stopped: 0.0349620 seconds, Stopping threads took: 0.0001120 seconds
184.093: Application time: 0.0000740 seconds
184.093: [GC [1 CMS-initial-mark: 169125K(273792K)] 183666K(396032K), 0.0102030 secs] [Times: user=0.01 sys=0.00, real=0.00 secs] 
184.103: Total time for which application threads were stopped: 0.0102980 seconds, Stopping threads took: 0.0000530 seconds
184.104: [CMS-concurrent-mark-start]
184.149: Application time: 0.0450880 seconds
184.149: [GC184.149: [ParNew: 122240K->13568K(122240K), 0.0360400 secs] 291365K->210119K(396032K), 0.0361010 secs] [Times: user=0.24 sys=0.01, real=0.04 secs] 
184.185: Total time for which application threads were stopped: 0.0362600 seconds, Stopping threads took: 0.0000890 seconds
184.246: Application time: 0.0608150 seconds
184.246: [GC184.246: [ParNew: 122240K->13568K(122240K), 0.0427320 secs] 318791K->238214K(396032K), 0.0427810 secs] [Times: user=0.30 sys=0.00, real=0.04 secs] 
184.289: Total time for which application threads were stopped: 0.0429310 seconds, Stopping threads took: 0.0000800 seconds
184.362: Application time: 0.0737090 seconds
184.362: [GC184.362: [ParNew: 122240K->13563K(122240K), 0.0272960 secs] 346886K->251145K(396032K), 0.0273440 secs] [Times: user=0.20 sys=0.00, real=0.03 secs] 
184.390: Total time for which application threads were stopped: 0.0274980 seconds, Stopping threads took: 0.0000810 seconds
184.432: [CMS-concurrent-mark: 0.221/0.328 secs] [Times: user=2.48 sys=0.01, real=0.33 secs] 
184.432: [CMS-concurrent-preclean-start]
184.459: Application time: 0.0687820 seconds
184.459: [GC184.459: [ParNew: 122235K->13568K(122240K), 0.0216430 secs] 359817K->260940K(396032K), 0.0216890 secs] [Times: user=0.15 sys=0.00, real=0.02 secs] 
184.480: Total time for which application threads were stopped: 0.0217990 seconds, Stopping threads took: 0.0000380 seconds
184.527: Application time: 0.0464910 seconds
184.527: [GC184.527: [ParNew: 122240K->122240K(122240K), 0.0000120 secs]184.527: [CMS184.665: [CMS-concurrent-preclean: 0.210/0.233 secs] [Times: user=0.89 sys=0.00, real=0.24 secs] 
 (concurrent mode failure): 247372K->130861K(273792K), 0.4400760 secs] 369612K->130861K(396032K), [CMS Perm : 9130K->9130K(21248K)], 0.4401420 secs] [Times: user=0.44 sys=0.00, real=0.44 secs] 
184.967: Total time for which application threads were stopped: 0.4402990 seconds, Stopping threads took: 0.0000770 seconds
185.020: Application time: 0.0528660 seconds
185.020: [GC185.020: [ParNew: 108672K->13568K(122240K), 0.0189800 secs] 239533K->153367K(396032K), 0.0190290 secs] [Times: user=0.14 sys=0.00, real=0.02 secs] 
185.039: Total time for which application threads were stopped: 0.0193030 seconds, Stopping threads took: 0.0001820 seconds
185.086: Application time: 0.0468730 seconds
185.086: [GC185.087: [ParNew: 122240K->13568K(122240K), 0.0299020 secs] 262039K->174991K(396032K), 0.0299620 secs] [Times: user=0.21 sys=0.00, real=0.03 secs] 
185.116: Total time for which application threads were stopped: 0.0302520 seconds, Stopping threads took: 0.0001920 seconds
185.125: Application time: 0.0084120 seconds
185.125: [GC [1 CMS-initial-mark: 161423K(273792K)] 195804K(396032K), 0.0210530 secs] [Times: user=0.02 sys=0.00, real=0.02 secs] 
185.146: Total time for which application threads were stopped: 0.0212070 seconds, Stopping threads took: 0.0001010 seconds
185.146: [CMS-concurrent-mark-start]
185.187: Application time: 0.0409760 seconds
185.187: [GC185.187: [ParNew: 122240K->13568K(122240K), 0.0399130 secs] 283663K->205773K(396032K), 0.0399630 secs] [Times: user=0.28 sys=0.00, real=0.04 secs] 
185.227: Total time for which application threads were stopped: 0.0401260 seconds, Stopping threads took: 0.0000920 seconds
185.284: Application time: 0.0572170 seconds
185.285: [GC185.285: [ParNew: 122240K->13568K(122240K), 0.0369600 secs] 314445K->229261K(396032K), 0.0370090 secs] [Times: user=0.26 sys=0.00, real=0.04 secs] 
185.322: Total time for which application threads were stopped: 0.0371230 seconds, Stopping threads took: 0.0000420 seconds
185.379: Application time: 0.0574380 seconds
185.379: [GC185.379: [ParNew: 122240K->13568K(122240K), 0.0327170 secs] 337933K->249768K(396032K), 0.0327680 secs] [Times: user=0.22 sys=0.00, real=0.03 secs] 
185.412: Total time for which application threads were stopped: 0.0329390 seconds, Stopping threads took: 0.0000960 seconds
185.469: Application time: 0.0567180 seconds
185.469: [GC185.469: [ParNew: 122240K->13568K(122240K), 0.0377620 secs] 358440K->274032K(396032K), 0.0378100 secs] [Times: user=0.26 sys=0.00, real=0.04 secs] 
185.507: Total time for which application threads were stopped: 0.0379700 seconds, Stopping threads took: 0.0000830 seconds
185.563: [CMS-concurrent-mark: 0.268/0.417 secs] [Times: user=3.16 sys=0.00, real=0.41 secs] 
185.563: [CMS-concurrent-preclean-start]
185.575: Application time: 0.0679740 seconds
185.575: [GC185.575: [ParNew: 122240K->122240K(122240K), 0.0000130 secs]185.575: [CMS185.753: [CMS-concurrent-preclean: 0.188/0.190 secs] [Times: user=0.28 sys=0.00, real=0.19 secs] 
 (concurrent mode failure): 260464K->124713K(273792K), 0.4625500 secs] 382704K->124713K(396032K), [CMS Perm : 9130K->9130K(21248K)], 0.4626170 secs] [Times: user=0.46 sys=0.00, real=0.46 secs] 
186.037: Total time for which application threads were stopped: 0.4627460 seconds, Stopping threads took: 0.0000610 seconds
186.082: Application time: 0.0442010 seconds
186.082: [GC186.082: [ParNew: 108672K->13567K(122240K), 0.0172650 secs] 233385K->149356K(396032K), 0.0173140 secs] [Times: user=0.13 sys=0.00, real=0.02 secs] 
186.099: Total time for which application threads were stopped: 0.0174920 seconds, Stopping threads took: 0.0000960 seconds
186.154: Application time: 0.0549580 seconds
186.154: [GC186.154: [ParNew: 122239K->13566K(122240K), 0.0324590 secs] 258028K->171616K(396032K), 0.0325100 secs] [Times: user=0.23 sys=0.00, real=0.03 secs] 
186.187: Total time for which application threads were stopped: 0.0327760 seconds, Stopping threads took: 0.0001720 seconds
186.197: Application time: 0.0100630 seconds
186.199: [GC [1 CMS-initial-mark: 158049K(273792K)] 190399K(396032K), 0.0269500 secs] [Times: user=0.03 sys=0.00, real=0.03 secs] 
186.226: Total time for which application threads were stopped: 0.0287120 seconds, Stopping threads took: 0.0017100 seconds
186.226: [CMS-concurrent-mark-start]
186.271: Application time: 0.0454610 seconds
186.271: [GC186.271: [ParNew: 122067K->13567K(122240K), 0.0311330 secs] 280116K->190438K(396032K), 0.0311820 secs] [Times: user=0.22 sys=0.00, real=0.03 secs] 
186.302: Total time for which application threads were stopped: 0.0313740 seconds, Stopping threads took: 0.0001220 seconds
186.355: Application time: 0.0528310 seconds
186.355: [GC186.355: [ParNew: 122239K->13568K(122240K), 0.0382870 secs] 299110K->219090K(396032K), 0.0383440 secs] [Times: user=0.26 sys=0.00, real=0.04 secs] 
186.394: Total time for which application threads were stopped: 0.0385220 seconds, Stopping threads took: 0.0001130 seconds
186.461: Application time: 0.0668400 seconds
186.461: [GC186.461: [ParNew: 122240K->13568K(122240K), 0.0344550 secs] 327762K->239305K(396032K), 0.0345050 secs] [Times: user=0.23 sys=0.00, real=0.04 secs] 
186.495: Total time for which application threads were stopped: 0.0346380 seconds, Stopping threads took: 0.0000600 seconds
186.554: [CMS-concurrent-mark: 0.224/0.329 secs] [Times: user=2.49 sys=0.01, real=0.33 secs] 
186.554: [CMS-concurrent-preclean-start]
186.561: Application time: 0.0654090 seconds
186.561: [GC186.561: [ParNew: 122240K->13568K(122240K), 0.0262410 secs] 347977K->253361K(396032K), 0.0262890 secs] [Times: user=0.19 sys=0.00, real=0.03 secs] 
186.587: Total time for which application threads were stopped: 0.0264010 seconds, Stopping threads took: 0.0000370 seconds
186.630: Application time: 0.0431620 seconds
186.630: [GC186.630: [ParNew: 122202K->13568K(122240K), 0.0347970 secs] 361996K->278962K(396032K), 0.0348440 secs] [Times: user=0.24 sys=0.00, real=0.04 secs] 
186.665: Total time for which application threads were stopped: 0.0350110 seconds, Stopping threads took: 0.0000830 seconds
186.719: Application time: 0.0533080 seconds
186.719: [GC186.719: [ParNew: 122240K->122240K(122240K), 0.0000160 secs]186.719: [CMS186.902: [CMS-concurrent-preclean: 0.284/0.348 secs] [Times: user=1.43 sys=0.01, real=0.34 secs] 
 (concurrent mode failure): 265394K->142828K(273792K), 0.4959950 secs] 387634K->142828K(396032K), [CMS Perm : 9130K->9130K(21248K)], 0.4960690 secs] [Times: user=0.50 sys=0.00, real=0.50 secs] 
187.215: Total time for which application threads were stopped: 0.4962330 seconds, Stopping threads took: 0.0000940 seconds
187.273: Application time: 0.0580440 seconds
187.273: [GC187.273: [ParNew: 108672K->13549K(122240K), 0.0096080 secs] 251500K->156378K(396032K), 0.0096500 secs] [Times: user=0.07 sys=0.00, real=0.00 secs] 
187.283: Total time for which application threads were stopped: 0.0098050 seconds, Stopping threads took: 0.0000750 seconds
187.326: Application time: 0.0438500 seconds
187.327: [GC187.327: [ParNew: 122221K->13568K(122240K), 0.0288270 secs] 265050K->180137K(396032K), 0.0288780 secs] [Times: user=0.20 sys=0.00, real=0.03 secs] 
187.356: Total time for which application threads were stopped: 0.0290650 seconds, Stopping threads took: 0.0001130 seconds
187.356: Application time: 0.0001440 seconds
187.356: [GC [1 CMS-initial-mark: 166569K(273792K)] 182301K(396032K), 0.0098150 secs] [Times: user=0.01 sys=0.00, real=0.01 secs] 
187.366: Total time for which application threads were stopped: 0.0100640 seconds, Stopping threads took: 0.0002120 seconds
187.366: [CMS-concurrent-mark-start]
187.411: Application time: 0.0456040 seconds
187.412: [GC187.412: [ParNew: 122240K->13568K(122240K), 0.0355590 secs] 288809K->206529K(396032K), 0.0356090 secs] [Times: user=0.24 sys=0.00, real=0.04 secs] 
187.447: Total time for which application threads were stopped: 0.0358180 seconds, Stopping threads took: 0.0001150 seconds
187.515: Application time: 0.0673310 seconds
187.515: [GC187.515: [ParNew: 122240K->13568K(122240K), 0.0347970 secs] 315201K->227001K(396032K), 0.0348470 secs] [Times: user=0.25 sys=0.01, real=0.03 secs] 
187.549: Total time for which application threads were stopped: 0.0349580 seconds, Stopping threads took: 0.0000400 seconds
187.604: Application time: 0.0541750 seconds
187.604: [GC187.604: [ParNew: 122240K->13568K(122240K), 0.0356790 secs] 335673K->250361K(396032K), 0.0357290 secs] [Times: user=0.25 sys=0.00, real=0.04 secs] 
187.640: Total time for which application threads were stopped: 0.0358930 seconds, Stopping threads took: 0.0000920 seconds
187.697: Application time: 0.0577180 seconds
187.697: [GC187.697: [ParNew: 122240K->13568K(122240K), 0.0356450 secs] 359033K->274191K(396032K), 0.0357020 secs] [Times: user=0.25 sys=0.00, real=0.04 secs] 
187.733: Total time for which application threads were stopped: 0.0359010 seconds, Stopping threads took: 0.0001290 seconds
187.778: [CMS-concurrent-mark: 0.269/0.412 secs] [Times: user=3.12 sys=0.01, real=0.41 secs] 
187.778: [CMS-concurrent-preclean-start]
187.788: Application time: 0.0549450 seconds
187.788: [GC187.788: [ParNew: 122240K->122240K(122240K), 0.0000120 secs]187.788: [CMS187.946: [CMS-concurrent-preclean: 0.167/0.169 secs] [Times: user=0.25 sys=0.00, real=0.17 secs] 
 (concurrent mode failure): 260623K->144785K(273792K), 0.4662760 secs] 382863K->144785K(396032K), [CMS Perm : 9130K->9130K(21248K)], 0.4663430 secs] [Times: user=0.47 sys=0.00, real=0.47 secs] 
188.255: Total time for which application threads were stopped: 0.4665060 seconds, Stopping threads took: 0.0000840 seconds
188.305: Application time: 0.0498970 seconds
188.305: [GC188.305: [ParNew: 108672K->13568K(122240K), 0.0169240 secs] 253457K->166472K(396032K), 0.0169720 secs] [Times: user=0.13 sys=0.00, real=0.02 secs] 
188.322: Total time for which application threads were stopped: 0.0171720 seconds, Stopping threads took: 0.0001150 seconds
188.378: Application time: 0.0567950 seconds
188.379: [GC188.379: [ParNew: 122240K->13566K(122240K), 0.0250820 secs] 275144K->181029K(396032K), 0.0251300 secs] [Times: user=0.18 sys=0.00, real=0.02 secs] 
188.404: Total time for which application threads were stopped: 0.0252740 seconds, Stopping threads took: 0.0000750 seconds
188.463: Application time: 0.0591950 seconds
188.463: [GC188.463: [ParNew: 122238K->13568K(122240K), 0.0221680 secs] 289701K->192612K(396032K), 0.0222160 secs] [Times: user=0.16 sys=0.00, real=0.03 secs] 
188.485: Total time for which application threads were stopped: 0.0223520 seconds, Stopping threads took: 0.0000630 seconds
188.485: Application time: 0.0000750 seconds
188.486: [GC [1 CMS-initial-mark: 179044K(273792K)] 194180K(396032K), 0.0094320 secs] [Times: user=0.01 sys=0.00, real=0.01 secs] 
188.495: Total time for which application threads were stopped: 0.0095580 seconds, Stopping threads took: 0.0000940 seconds
188.495: [CMS-concurrent-mark-start]
188.550: Application time: 0.0547110 seconds
188.550: [GC188.550: [ParNew: 122240K->13568K(122240K), 0.0294000 secs] 301284K->212137K(396032K), 0.0294510 secs] [Times: user=0.21 sys=0.00, real=0.03 secs] 
188.579: Total time for which application threads were stopped: 0.0295670 seconds, Stopping threads took: 0.0000430 seconds
188.631: Application time: 0.0518660 seconds
188.631: [GC188.631: [ParNew: 122240K->13568K(122240K), 0.0386220 secs] 320809K->241320K(396032K), 0.0386670 secs] [Times: user=0.27 sys=0.00, real=0.04 secs] 
188.670: Total time for which application threads were stopped: 0.0388110 seconds, Stopping threads took: 0.0000740 seconds
188.725: Application time: 0.0549030 seconds
188.725: [GC188.725: [ParNew: 122240K->13568K(122240K), 0.0401100 secs] 349992K->268631K(396032K), 0.0401560 secs] [Times: user=0.28 sys=0.00, real=0.04 secs] 
188.765: Total time for which application threads were stopped: 0.0402620 seconds, Stopping threads took: 0.0000380 seconds
188.820: [CMS-concurrent-mark: 0.216/0.325 secs] [Times: user=2.44 sys=0.02, real=0.32 secs] 
188.820: [CMS-concurrent-preclean-start]
188.820: Application time: 0.0550610 seconds
188.820: [GC188.820: [ParNew: 122240K->122240K(122240K), 0.0000130 secs]188.820: [CMS188.964: [CMS-concurrent-preclean: 0.142/0.144 secs] [Times: user=0.17 sys=0.00, real=0.14 secs] 
 (concurrent mode failure): 255063K->121302K(273792K), 0.4040420 secs] 377303K->121302K(396032K), [CMS Perm : 9130K->9130K(21248K)], 0.4041020 secs] [Times: user=0.41 sys=0.00, real=0.40 secs] 
189.224: Total time for which application threads were stopped: 0.4042710 seconds, Stopping threads took: 0.0000900 seconds
189.262: Application time: 0.0378250 seconds
189.263: [GC189.263: [ParNew: 108672K->13568K(122240K), 0.0290920 secs] 229974K->160104K(396032K), 0.0291410 secs] [Times: user=0.19 sys=0.00, real=0.03 secs] 
189.292: Total time for which application threads were stopped: 0.0295190 seconds, Stopping threads took: 0.0002780 seconds
189.292: Application time: 0.0001220 seconds
189.292: [GC [1 CMS-initial-mark: 146536K(273792K)] 161027K(396032K), 0.0106120 secs] [Times: user=0.01 sys=0.00, real=0.01 secs] 
189.303: Total time for which application threads were stopped: 0.0108100 seconds, Stopping threads took: 0.0001310 seconds
189.303: [CMS-concurrent-mark-start]
189.361: Application time: 0.0581420 seconds
189.361: [GC189.361: [ParNew: 122240K->13568K(122240K), 0.0376980 secs] 268776K->185108K(396032K), 0.0377460 secs] [Times: user=0.27 sys=0.00, real=0.04 secs] 
189.399: Total time for which application threads were stopped: 0.0379160 seconds, Stopping threads took: 0.0000650 seconds
189.474: Application time: 0.0753950 seconds
189.474: [GC189.474: [ParNew: 122240K->13568K(122240K), 0.0282680 secs] 293780K->198571K(396032K), 0.0283190 secs] [Times: user=0.20 sys=0.00, real=0.02 secs] 
189.503: Total time for which application threads were stopped: 0.0284960 seconds, Stopping threads took: 0.0001080 seconds
189.558: [CMS-concurrent-mark: 0.188/0.255 secs] [Times: user=1.95 sys=0.01, real=0.26 secs] 
189.558: [CMS-concurrent-preclean-start]
189.575: Application time: 0.0726320 seconds
189.575: [GC189.575: [ParNew: 122240K->11790K(122240K), 0.0223520 secs] 307243K->207514K(396032K), 0.0223990 secs] [Times: user=0.16 sys=0.00, real=0.02 secs] 
189.598: Total time for which application threads were stopped: 0.0225520 seconds, Stopping threads took: 0.0000830 seconds
189.654: Application time: 0.0559880 seconds
189.654: [GC189.654: [ParNew: 120462K->13568K(122240K), 0.0236020 secs] 316186K->220632K(396032K), 0.0236520 secs] [Times: user=0.17 sys=0.00, real=0.02 secs] 
189.678: Total time for which application threads were stopped: 0.0238260 seconds, Stopping threads took: 0.0001010 seconds
189.735: Application time: 0.0577670 seconds
189.736: [GC189.736: [ParNew: 122240K->13568K(122240K), 0.0284230 secs] 329304K->237725K(396032K), 0.0284730 secs] [Times: user=0.20 sys=0.00, real=0.02 secs] 
189.764: Total time for which application threads were stopped: 0.0286060 seconds, Stopping threads took: 0.0000630 seconds
189.803: Application time: 0.0392290 seconds
189.803: [GC189.803: [ParNew: 122240K->13568K(122240K), 0.0392440 secs] 346397K->267754K(396032K), 0.0392920 secs] [Times: user=0.27 sys=0.00, real=0.04 secs] 
189.843: Total time for which application threads were stopped: 0.0394480 seconds, Stopping threads took: 0.0000850 seconds
189.884: Application time: 0.0412250 seconds
189.884: [GC189.884: [ParNew: 122240K->122240K(122240K), 0.0000130 secs]189.884: [CMS190.033: [CMS-concurrent-preclean: 0.358/0.476 secs] [Times: user=2.63 sys=0.01, real=0.48 secs] 
 (concurrent mode failure): 254186K->135157K(273792K), 0.4306050 secs] 376426K->135157K(396032K), [CMS Perm : 9130K->9130K(21248K)], 0.4306720 secs] [Times: user=0.44 sys=0.00, real=0.44 secs] 
190.315: Total time for which application threads were stopped: 0.4308100 seconds, Stopping threads took: 0.0000600 seconds
190.358: Application time: 0.0435410 seconds
190.359: [GC190.359: [ParNew: 108672K->13568K(122240K), 0.0267760 secs] 243829K->168485K(396032K), 0.0268280 secs] [Times: user=0.19 sys=0.00, real=0.03 secs] 
190.385: Total time for which application threads were stopped: 0.0271520 seconds, Stopping threads took: 0.0002330 seconds
190.437: Application time: 0.0512420 seconds
190.441: [GC190.441: [ParNew: 122240K->13568K(122240K), 0.0331060 secs] 277157K->188763K(396032K), 0.0331540 secs] [Times: user=0.23 sys=0.00, real=0.04 secs] 
190.474: Total time for which application threads were stopped: 0.0373840 seconds, Stopping threads took: 0.0041270 seconds
190.474: Application time: 0.0000570 seconds
190.474: [GC [1 CMS-initial-mark: 175195K(273792K)] 189385K(396032K), 0.0112290 secs] [Times: user=0.01 sys=0.00, real=0.01 secs] 
190.485: Total time for which application threads were stopped: 0.0113160 seconds, Stopping threads took: 0.0000440 seconds
190.486: [CMS-concurrent-mark-start]
190.563: Application time: 0.0771480 seconds
190.563: [GC190.563: [ParNew: 122240K->13568K(122240K), 0.0266860 secs] 297435K->201459K(396032K), 0.0267440 secs] [Times: user=0.19 sys=0.00, real=0.03 secs] 
190.590: Total time for which application threads were stopped: 0.0268900 seconds, Stopping threads took: 0.0000730 seconds
190.652: Application time: 0.0629150 seconds
190.653: [GC190.653: [ParNew: 122240K->13568K(122240K), 0.0268100 secs] 310131K->215805K(396032K), 0.0268580 secs] [Times: user=0.19 sys=0.00, real=0.03 secs] 
190.679: Total time for which application threads were stopped: 0.0270160 seconds, Stopping threads took: 0.0000910 seconds
190.713: [CMS-concurrent-mark: 0.174/0.228 secs] [Times: user=1.77 sys=0.00, real=0.23 secs] 
190.715: [CMS-concurrent-preclean-start]
190.748: Application time: 0.0683860 seconds
190.748: [GC190.748: [ParNew: 122240K->13568K(122240K), 0.0249170 secs] 324477K->228484K(396032K), 0.0249640 secs] [Times: user=0.18 sys=0.00, real=0.03 secs] 
190.773: Total time for which application threads were stopped: 0.0251180 seconds, Stopping threads took: 0.0000850 seconds
190.829: Application time: 0.0565370 seconds
190.830: [GC190.830: [ParNew: 122240K->13568K(122240K), 0.0268540 secs] 337156K->243495K(396032K), 0.0269010 secs] [Times: user=0.19 sys=0.00, real=0.03 secs] 
190.857: Total time for which application threads were stopped: 0.0270370 seconds, Stopping threads took: 0.0000670 seconds
190.897: Application time: 0.0404460 seconds
190.897: [GC190.897: [ParNew: 122240K->13568K(122240K), 0.0414370 secs] 352167K->277578K(396032K), 0.0414830 secs] [Times: user=0.28 sys=0.00, real=0.04 secs] 
190.939: Total time for which application threads were stopped: 0.0416800 seconds, Stopping threads took: 0.0001290 seconds
190.980: Application time: 0.0416770 seconds
190.981: [GC190.981: [ParNew: 122240K->122240K(122240K), 0.0000160 secs]190.981: [CMS191.122: [CMS-concurrent-preclean: 0.311/0.407 secs] [Times: user=2.18 sys=0.01, real=0.40 secs] 
 (concurrent mode failure): 264010K->130882K(273792K), 0.4175290 secs] 386250K->130882K(396032K), [CMS Perm : 9130K->9130K(21248K)], 0.4175990 secs] [Times: user=0.42 sys=0.00, real=0.42 secs] 
191.398: Total time for which application threads were stopped: 0.4177860 seconds, Stopping threads took: 0.0001020 seconds
191.440: Application time: 0.0422950 seconds
191.441: [GC191.441: [ParNew: 108672K->13568K(122240K), 0.0317250 secs] 239554K->169641K(396032K), 0.0317740 secs] [Times: user=0.22 sys=0.00, real=0.03 secs] 
191.472: Total time for which application threads were stopped: 0.0319670 seconds, Stopping threads took: 0.0001200 seconds
191.481: Application time: 0.0085160 seconds
191.481: [GC [1 CMS-initial-mark: 156073K(273792K)] 191865K(396032K), 0.0237180 secs] [Times: user=0.02 sys=0.00, real=0.03 secs] 
191.505: Total time for which application threads were stopped: 0.0241470 seconds, Stopping threads took: 0.0003650 seconds
191.505: [CMS-concurrent-mark-start]
191.553: Application time: 0.0483330 seconds
191.554: [GC191.554: [ParNew: 122240K->13568K(122240K), 0.0364970 secs] 278313K->193111K(396032K), 0.0365460 secs] [Times: user=0.25 sys=0.00, real=0.03 secs] 
191.590: Total time for which application threads were stopped: 0.0367130 seconds, Stopping threads took: 0.0000980 seconds
191.656: Application time: 0.0657500 seconds
191.656: [GC191.656: [ParNew: 122240K->13568K(122240K), 0.0282540 secs] 301783K->207623K(396032K), 0.0283030 secs] [Times: user=0.20 sys=0.00, real=0.02 secs] 
191.684: Total time for which application threads were stopped: 0.0284640 seconds, Stopping threads took: 0.0000890 seconds
191.747: Application time: 0.0623850 seconds
191.747: [GC191.747: [ParNew: 122240K->13568K(122240K), 0.0272870 secs] 316295K->222685K(396032K), 0.0273330 secs] [Times: user=0.19 sys=0.00, real=0.03 secs] 
191.774: Total time for which application threads were stopped: 0.0274730 seconds, Stopping threads took: 0.0000700 seconds
191.831: [CMS-concurrent-mark: 0.233/0.326 secs] [Times: user=2.51 sys=0.00, real=0.32 secs] 
191.831: [CMS-concurrent-preclean-start]
191.845: Application time: 0.0711820 seconds
191.846: [GC191.846: [ParNew: 122240K->13568K(122240K), 0.0245590 secs] 331357K->235864K(396032K), 0.0246140 secs] [Times: user=0.18 sys=0.00, real=0.02 secs] 
191.870: Total time for which application threads were stopped: 0.0247790 seconds, Stopping threads took: 0.0000960 seconds
191.936: Application time: 0.0661240 seconds
191.936: [GC191.936: [ParNew: 122240K->13568K(122240K), 0.0240790 secs] 344536K->246736K(396032K), 0.0241270 secs] [Times: user=0.18 sys=0.00, real=0.02 secs] 
191.961: Total time for which application threads were stopped: 0.0242790 seconds, Stopping threads took: 0.0000800 seconds
192.009: Application time: 0.0483340 seconds
192.013: [GC192.013: [ParNew: 122240K->13568K(122240K), 0.0313630 secs] 355408K->267227K(396032K), 0.0314120 secs] [Times: user=0.22 sys=0.00, real=0.02 secs] 
192.044: Total time for which application threads were stopped: 0.0354070 seconds, Stopping threads took: 0.0039130 seconds
192.081: Application time: 0.0368310 seconds
192.081: [GC192.081: [ParNew: 122240K->122240K(122240K), 0.0000130 secs]192.081: [CMS192.219: [CMS-concurrent-preclean: 0.301/0.388 secs] [Times: user=2.03 sys=0.01, real=0.39 secs] 
 (concurrent mode failure): 253659K->118350K(273792K), 0.3790520 secs] 375899K->118350K(396032K), [CMS Perm : 9130K->9130K(21248K)], 0.3791200 secs] [Times: user=0.38 sys=0.00, real=0.38 secs] 
192.460: Total time for which application threads were stopped: 0.3793200 seconds, Stopping threads took: 0.0001300 seconds
192.499: Application time: 0.0383170 seconds
192.499: [GC192.499: [ParNew: 108672K->13568K(122240K), 0.0317910 secs] 227022K->157776K(396032K), 0.0318410 secs] [Times: user=0.22 sys=0.00, real=0.03 secs] 
192.531: Total time for which application threads were stopped: 0.0320240 seconds, Stopping threads took: 0.0001130 seconds
192.572: Application time: 0.0408630 seconds
192.573: [GC192.573: [ParNew: 122240K->13568K(122240K), 0.0416470 secs] 266448K->189691K(396032K), 0.0416980 secs] [Times: user=0.28 sys=0.00, real=0.04 secs] 
192.615: Total time for which application threads were stopped: 0.0429430 seconds, Stopping threads took: 0.0011610 seconds
192.615: Application time: 0.0000520 seconds
192.615: [GC [1 CMS-initial-mark: 176123K(273792K)] 190276K(396032K), 0.0112450 secs] [Times: user=0.01 sys=0.00, real=0.01 secs] 
192.626: Total time for which application threads were stopped: 0.0113480 seconds, Stopping threads took: 0.0000580 seconds
192.626: [CMS-concurrent-mark-start]
192.692: Application time: 0.0662870 seconds
192.692: [GC192.692: [ParNew: 122240K->13568K(122240K), 0.0309770 secs] 298363K->206635K(396032K), 0.0310230 secs] [Times: user=0.22 sys=0.00, real=0.03 secs] 
192.723: Total time for which application threads were stopped: 0.0311410 seconds, Stopping threads took: 0.0000490 seconds
192.789: Application time: 0.0651010 seconds
192.789: [GC192.789: [ParNew: 122068K->13568K(122240K), 0.0274990 secs] 315135K->220361K(396032K), 0.0275480 secs] [Times: user=0.19 sys=0.01, real=0.03 secs] 
192.816: Total time for which application threads were stopped: 0.0276940 seconds, Stopping threads took: 0.0000750 seconds
192.885: Application time: 0.0692220 seconds
192.886: [GC192.886: [ParNew: 122240K->13568K(122240K), 0.0254080 secs] 329033K->234482K(396032K), 0.0254580 secs] [Times: user=0.18 sys=0.00, real=0.02 secs] 
192.911: Total time for which application threads were stopped: 0.0256090 seconds, Stopping threads took: 0.0000830 seconds
192.914: [CMS-concurrent-mark: 0.203/0.288 secs] [Times: user=2.22 sys=0.01, real=0.29 secs] 
192.914: [CMS-concurrent-preclean-start]
192.977: Application time: 0.0657690 seconds
192.977: [GC192.977: [ParNew: 122240K->13568K(122240K), 0.0260710 secs] 343154K->247131K(396032K), 0.0261210 secs] [Times: user=0.19 sys=0.00, real=0.02 secs] 
193.003: Total time for which application threads were stopped: 0.0262590 seconds, Stopping threads took: 0.0000680 seconds
193.057: Application time: 0.0535210 seconds
193.057: [GC193.057: [ParNew: 122240K->13568K(122240K), 0.0302470 secs] 355803K->264652K(396032K), 0.0303140 secs] [Times: user=0.21 sys=0.00, real=0.03 secs] 
193.087: Total time for which application threads were stopped: 0.0304590 seconds, Stopping threads took: 0.0000740 seconds
193.129: Application time: 0.0414360 seconds
193.129: [GC193.129: [ParNew (promotion failed): 122240K->122240K(122240K), 5.6279980 secs]198.757: [CMS198.900: [CMS-concurrent-preclean: 0.300/5.986 secs] [Times: user=10.08 sys=0.90, real=5.98 secs] 
 (concurrent mode failure): 271588K->126259K(273792K), 0.4137200 secs] 373324K->126259K(396032K), [CMS Perm : 9130K->9130K(21248K)], 6.0417910 secs] [Times: user=8.69 sys=0.90, real=6.04 secs] 
199.171: Total time for which application threads were stopped: 6.0419540 seconds, Stopping threads took: 0.0000800 seconds
199.217: Application time: 0.0465500 seconds
199.217: [GC199.217: [ParNew: 108672K->13568K(122240K), 0.0277350 secs] 234931K->160242K(396032K), 0.0277840 secs] [Times: user=0.19 sys=0.00, real=0.03 secs] 
199.245: Total time for which application threads were stopped: 0.0279520 seconds, Stopping threads took: 0.0000870 seconds
199.284: Application time: 0.0392340 seconds
199.284: [GC199.284: [ParNew: 122136K->13568K(122240K), 0.0360750 secs] 268810K->189171K(396032K), 0.0361240 secs] [Times: user=0.24 sys=0.00, real=0.04 secs] 
199.321: Total time for which application threads were stopped: 0.0362780 seconds, Stopping threads took: 0.0000830 seconds
199.374: Application time: 0.0530880 seconds
199.374: [GC199.374: [ParNew: 122240K->13568K(122240K), 0.0344240 secs] 297843K->211871K(396032K), 0.0344770 secs] [Times: user=0.24 sys=0.00, real=0.03 secs] 
199.408: Total time for which application threads were stopped: 0.0346880 seconds, Stopping threads took: 0.0001340 seconds
199.408: Application time: 0.0000610 seconds
199.408: [GC [1 CMS-initial-mark: 198303K(273792K)] 212603K(396032K), 0.0114970 secs] [Times: user=0.02 sys=0.00, real=0.01 secs] 
199.420: Total time for which application threads were stopped: 0.0116070 seconds, Stopping threads took: 0.0000610 seconds
199.420: [CMS-concurrent-mark-start]
199.482: Application time: 0.0616190 seconds
199.482: [GC199.482: [ParNew: 122240K->13566K(122240K), 0.0319580 secs] 320543K->230454K(396032K), 0.0320070 secs] [Times: user=0.22 sys=0.00, real=0.04 secs] 
199.514: Total time for which application threads were stopped: 0.0322740 seconds, Stopping threads took: 0.0001960 seconds
199.574: Application time: 0.0597800 seconds
199.574: [GC199.574: [ParNew: 122238K->13568K(122240K), 0.0299060 secs] 339126K->248720K(396032K), 0.0299550 secs] [Times: user=0.21 sys=0.00, real=0.02 secs] 
199.604: Total time for which application threads were stopped: 0.0301810 seconds, Stopping threads took: 0.0001530 seconds
199.674: Application time: 0.0702470 seconds
199.674: [GC199.674: [ParNew: 122240K->13566K(122240K), 0.0261360 secs] 357392K->262208K(396032K), 0.0261830 secs] [Times: user=0.19 sys=0.00, real=0.02 secs] 
199.700: Total time for which application threads were stopped: 0.0263670 seconds, Stopping threads took: 0.0001130 seconds
199.724: [CMS-concurrent-mark: 0.215/0.304 secs] [Times: user=2.32 sys=0.00, real=0.30 secs] 
199.724: [CMS-concurrent-preclean-start]
199.761: Application time: 0.0602350 seconds
199.761: [GC199.761: [ParNew: 122238K->13568K(122240K), 0.0301650 secs] 370880K->279813K(396032K), 0.0302130 secs] [Times: user=0.22 sys=0.00, real=0.03 secs] 
199.791: Total time for which application threads were stopped: 0.0303770 seconds, Stopping threads took: 0.0000780 seconds
199.843: Application time: 0.0520950 seconds
199.843: [GC199.843: [ParNew: 122181K->122181K(122240K), 0.0000130 secs]199.843: [CMS199.963: [CMS-concurrent-preclean: 0.207/0.240 secs] [Times: user=1.05 sys=0.01, real=0.24 secs] 
 (concurrent mode failure): 266245K->126355K(273792K), 0.3942830 secs] 388427K->126355K(396032K), [CMS Perm : 9130K->9130K(21248K)], 0.3943510 secs] [Times: user=0.40 sys=0.00, real=0.40 secs] 
200.238: Total time for which application threads were stopped: 0.3944980 seconds, Stopping threads took: 0.0000780 seconds
200.285: Application time: 0.0472110 seconds
200.289: [GC200.289: [ParNew: 108598K->13568K(122240K), 0.0206160 secs] 234953K->151764K(396032K), 0.0206730 secs] [Times: user=0.15 sys=0.00, real=0.02 secs] 
200.310: Total time for which application threads were stopped: 0.0248420 seconds, Stopping threads took: 0.0040650 seconds
200.359: Application time: 0.0490210 seconds
200.359: [GC200.359: [ParNew: 122240K->13568K(122240K), 0.0300060 secs] 260436K->172358K(396032K), 0.0300550 secs] [Times: user=0.20 sys=0.01, real=0.03 secs] 
200.389: Total time for which application threads were stopped: 0.0303280 seconds, Stopping threads took: 0.0002030 seconds
200.389: Application time: 0.0000740 seconds
200.389: [GC [1 CMS-initial-mark: 158790K(273792K)] 173334K(396032K), 0.0113260 secs] [Times: user=0.01 sys=0.00, real=0.01 secs] 
200.401: Total time for which application threads were stopped: 0.0114240 seconds, Stopping threads took: 0.0000540 seconds
200.401: [CMS-concurrent-mark-start]
200.459: Application time: 0.0582270 seconds
200.459: [GC200.459: [ParNew: 122090K->13568K(122240K), 0.0355220 secs] 280880K->197647K(396032K), 0.0355680 secs] [Times: user=0.24 sys=0.00, real=0.04 secs] 
200.495: Total time for which application threads were stopped: 0.0357390 seconds, Stopping threads took: 0.0001010 seconds
200.546: Application time: 0.0514090 seconds
200.546: [GC200.546: [ParNew: 122240K->13568K(122240K), 0.0369760 secs] 306319K->223554K(396032K), 0.0370250 secs] [Times: user=0.26 sys=0.00, real=0.03 secs] 
200.583: Total time for which application threads were stopped: 0.0371340 seconds, Stopping threads took: 0.0000410 seconds
200.638: Application time: 0.0549810 seconds
200.638: [GC200.638: [ParNew: 122240K->13568K(122240K), 0.0319200 secs] 332226K->242922K(396032K), 0.0319660 secs] [Times: user=0.22 sys=0.00, real=0.03 secs] 
200.670: Total time for which application threads were stopped: 0.0320970 seconds, Stopping threads took: 0.0000620 seconds
200.734: Application time: 0.0634540 seconds
200.734: [GC200.734: [ParNew: 122240K->13567K(122240K), 0.0351210 secs] 351594K->264230K(396032K), 0.0351670 secs] [Times: user=0.25 sys=0.00, real=0.03 secs] 
200.769: Total time for which application threads were stopped: 0.0353080 seconds, Stopping threads took: 0.0000700 seconds
200.805: [CMS-concurrent-mark: 0.264/0.404 secs] [Times: user=3.07 sys=0.00, real=0.41 secs] 
200.805: [CMS-concurrent-preclean-start]
200.832: Application time: 0.0635450 seconds
200.833: [GC200.833: [ParNew: 122239K->122239K(122240K), 0.0000150 secs]200.833: [CMS200.997: [CMS-concurrent-preclean: 0.190/0.192 secs] [Times: user=0.39 sys=0.00, real=0.19 secs] 
 (concurrent mode failure): 250663K->118715K(273792K), 0.4474010 secs] 372902K->118715K(396032K), [CMS Perm : 9130K->9130K(21248K)], 0.4474750 secs] [Times: user=0.45 sys=0.00, real=0.45 secs] 
201.280: Total time for which application threads were stopped: 0.4476750 seconds, Stopping threads took: 0.0001200 seconds
201.319: Application time: 0.0390150 seconds
201.319: [GC201.319: [ParNew: 108672K->13568K(122240K), 0.0208480 secs] 227387K->148586K(396032K), 0.0209010 secs] [Times: user=0.15 sys=0.00, real=0.02 secs] 
201.340: Total time for which application threads were stopped: 0.0210710 seconds, Stopping threads took: 0.0000770 seconds
201.390: Application time: 0.0493490 seconds
201.390: [GC201.390: [ParNew: 122240K->13568K(122240K), 0.0368050 secs] 257258K->177179K(396032K), 0.0368540 secs] [Times: user=0.25 sys=0.00, real=0.04 secs] 
201.427: Total time for which application threads were stopped: 0.0370860 seconds, Stopping threads took: 0.0001500 seconds
201.427: Application time: 0.0000870 seconds
201.427: [GC [1 CMS-initial-mark: 163611K(273792K)] 178703K(396032K), 0.0111340 secs] [Times: user=0.01 sys=0.00, real=0.01 secs] 
201.438: Total time for which application threads were stopped: 0.0112420 seconds, Stopping threads took: 0.0000650 seconds
201.438: [CMS-concurrent-mark-start]
201.511: Application time: 0.0734150 seconds
201.512: [GC201.512: [ParNew: 122240K->13567K(122240K), 0.0267260 secs] 285851K->190396K(396032K), 0.0267720 secs] [Times: user=0.19 sys=0.00, real=0.03 secs] 
201.538: Total time for which application threads were stopped: 0.0269340 seconds, Stopping threads took: 0.0000930 seconds
201.591: Application time: 0.0523090 seconds
201.591: [GC201.591: [ParNew: 122239K->13568K(122240K), 0.0279380 secs] 299068K->207118K(396032K), 0.0279880 secs] [Times: user=0.19 sys=0.00, real=0.03 secs] 
201.619: Total time for which application threads were stopped: 0.0281700 seconds, Stopping threads took: 0.0001120 seconds
201.670: Application time: 0.0514100 seconds
201.670: [GC201.670: [ParNew: 122240K->13568K(122240K), 0.0393760 secs] 315790K->236607K(396032K), 0.0394220 secs] [Times: user=0.26 sys=0.00, real=0.04 secs] 
201.710: Total time for which application threads were stopped: 0.0395620 seconds, Stopping threads took: 0.0000720 seconds
201.761: [CMS-concurrent-mark: 0.228/0.323 secs] [Times: user=2.46 sys=0.00, real=0.32 secs] 
201.761: [CMS-concurrent-preclean-start]
201.773: Application time: 0.0636110 seconds
201.774: [GC201.774: [ParNew: 122240K->13568K(122240K), 0.0318830 secs] 345279K->255361K(396032K), 0.0319270 secs] [Times: user=0.23 sys=0.00, real=0.03 secs] 
201.806: Total time for which application threads were stopped: 0.0320640 seconds, Stopping threads took: 0.0000690 seconds
201.854: Application time: 0.0482810 seconds
201.857: [GC201.857: [ParNew: 122240K->13568K(122240K), 0.0357450 secs] 364033K->279003K(396032K), 0.0357940 secs] [Times: user=0.25 sys=0.00, real=0.03 secs] 
201.893: Total time for which application threads were stopped: 0.0389050 seconds, Stopping threads took: 0.0030410 seconds
201.957: Application time: 0.0640630 seconds
201.957: [GC201.957: [ParNew: 122240K->122240K(122240K), 0.0000120 secs]201.957: [CMS202.109: [CMS-concurrent-preclean: 0.275/0.348 secs] [Times: user=1.63 sys=0.02, real=0.35 secs] 
 (concurrent mode failure): 265435K->129971K(273792K), 0.4416070 secs] 387675K->129971K(396032K), [CMS Perm : 9130K->9130K(21248K)], 0.4416730 secs] [Times: user=0.45 sys=0.00, real=0.44 secs] 
202.399: Total time for which application threads were stopped: 0.4418250 seconds, Stopping threads took: 0.0000710 seconds
202.447: Application time: 0.0478950 seconds
202.447: [GC202.447: [ParNew: 108672K->13568K(122240K), 0.0178840 secs] 238643K->153545K(396032K), 0.0179340 secs] [Times: user=0.13 sys=0.00, real=0.01 secs] 
202.465: Total time for which application threads were stopped: 0.0181960 seconds, Stopping threads took: 0.0001790 seconds
202.504: Application time: 0.0395130 seconds
202.504: [GC202.504: [ParNew: 122240K->13568K(122240K), 0.0344330 secs] 262217K->184302K(396032K), 0.0344870 secs] [Times: user=0.23 sys=0.00, real=0.04 secs] 
202.539: Total time for which application threads were stopped: 0.0346920 seconds, Stopping threads took: 0.0001170 seconds
202.539: Application time: 0.0000370 seconds
202.539: [GC [1 CMS-initial-mark: 170734K(273792K)] 184530K(396032K), 0.0106790 secs] [Times: user=0.01 sys=0.00, real=0.01 secs] 
202.550: Total time for which application threads were stopped: 0.0107700 seconds, Stopping threads took: 0.0000470 seconds
202.550: [CMS-concurrent-mark-start]
202.618: Application time: 0.0684200 seconds
202.618: [GC202.618: [ParNew: 122240K->13567K(122240K), 0.0347370 secs] 292974K->204585K(396032K), 0.0347840 secs] [Times: user=0.24 sys=0.00, real=0.04 secs] 
202.653: Total time for which application threads were stopped: 0.0349280 seconds, Stopping threads took: 0.0000760 seconds
202.718: Application time: 0.0654060 seconds
202.719: [GC202.719: [ParNew: 122239K->13567K(122240K), 0.0294640 secs] 313257K->220913K(396032K), 0.0295120 secs] [Times: user=0.21 sys=0.00, real=0.03 secs] 
202.748: Total time for which application threads were stopped: 0.0296490 seconds, Stopping threads took: 0.0000660 seconds
202.791: [CMS-concurrent-mark: 0.177/0.241 secs] [Times: user=1.85 sys=0.01, real=0.24 secs] 
202.791: [CMS-concurrent-preclean-start]
202.797: Application time: 0.0492330 seconds
202.798: [GC202.798: [ParNew: 122239K->13568K(122240K), 0.0378510 secs] 329585K->248390K(396032K), 0.0379070 secs] [Times: user=0.26 sys=0.00, real=0.04 secs] 
202.835: Total time for which application threads were stopped: 0.0380830 seconds, Stopping threads took: 0.0001060 seconds
202.884: Application time: 0.0485320 seconds
202.884: [GC202.884: [ParNew: 122240K->13568K(122240K), 0.0383090 secs] 357062K->274074K(396032K), 0.0383540 secs] [Times: user=0.26 sys=0.00, real=0.04 secs] 
202.923: Total time for which application threads were stopped: 0.0385240 seconds, Stopping threads took: 0.0001020 seconds
202.983: Application time: 0.0604510 seconds
202.983: [GC202.983: [ParNew: 122240K->122240K(122240K), 0.0000150 secs]202.983: [CMS203.119: [CMS-concurrent-preclean: 0.249/0.328 secs] [Times: user=1.59 sys=0.00, real=0.33 secs] 
 (concurrent mode failure): 260506K->144195K(273792K), 0.4799690 secs] 382746K->144195K(396032K), [CMS Perm : 9130K->9130K(21248K)], 0.4800410 secs] [Times: user=0.48 sys=0.00, real=0.48 secs] 
203.463: Total time for which application threads were stopped: 0.4802220 seconds, Stopping threads took: 0.0001090 seconds
203.520: Application time: 0.0570490 seconds
203.520: [GC203.520: [ParNew: 108672K->13568K(122240K), 0.0100220 secs] 252867K->157766K(396032K), 0.0100670 secs] [Times: user=0.07 sys=0.00, real=0.01 secs] 
203.530: Total time for which application threads were stopped: 0.0102180 seconds, Stopping threads took: 0.0000770 seconds
203.576: Application time: 0.0458170 seconds
203.576: [GC203.576: [ParNew: 122240K->13568K(122240K), 0.0277750 secs] 266438K->180120K(396032K), 0.0278260 secs] [Times: user=0.19 sys=0.00, real=0.02 secs] 
203.604: Total time for which application threads were stopped: 0.0280300 seconds, Stopping threads took: 0.0001310 seconds
203.611: Application time: 0.0066650 seconds
203.611: [GC [1 CMS-initial-mark: 166552K(273792K)] 195624K(396032K), 0.0187010 secs] [Times: user=0.01 sys=0.00, real=0.02 secs] 
203.630: Total time for which application threads were stopped: 0.0189320 seconds, Stopping threads took: 0.0001790 seconds
203.630: [CMS-concurrent-mark-start]
203.677: Application time: 0.0466360 seconds
203.677: [GC203.677: [ParNew: 122240K->13568K(122240K), 0.0354340 secs] 288792K->206210K(396032K), 0.0354850 secs] [Times: user=0.24 sys=0.01, real=0.03 secs] 
203.712: Total time for which application threads were stopped: 0.0356690 seconds, Stopping threads took: 0.0001100 seconds
203.780: Application time: 0.0679180 seconds
203.780: [GC203.780: [ParNew: 122240K->13568K(122240K), 0.0344070 secs] 314882K->226257K(396032K), 0.0344600 secs] [Times: user=0.23 sys=0.00, real=0.04 secs] 
203.815: Total time for which application threads were stopped: 0.0345960 seconds, Stopping threads took: 0.0000640 seconds
203.871: Application time: 0.0558120 seconds
203.871: [GC203.871: [ParNew: 122240K->13568K(122240K), 0.0347170 secs] 334929K->248637K(396032K), 0.0347630 secs] [Times: user=0.24 sys=0.00, real=0.04 secs] 
203.906: Total time for which application threads were stopped: 0.0349220 seconds, Stopping threads took: 0.0000910 seconds
203.945: [CMS-concurrent-mark: 0.209/0.315 secs] [Times: user=2.37 sys=0.01, real=0.31 secs] 
203.945: [CMS-concurrent-preclean-start]
203.951: Application time: 0.0456750 seconds
203.953: [GC203.953: [ParNew: 122240K->13568K(122240K), 0.0402950 secs] 357309K->279328K(396032K), 0.0403440 secs] [Times: user=0.27 sys=0.00, real=0.04 secs] 
203.993: Total time for which application threads were stopped: 0.0420700 seconds, Stopping threads took: 0.0016570 seconds
204.047: Application time: 0.0538660 seconds
204.047: [GC204.047: [ParNew: 122240K->122240K(122240K), 0.0000130 secs]204.047: [CMS204.200: [CMS-concurrent-preclean: 0.211/0.255 secs] [Times: user=0.93 sys=0.00, real=0.26 secs] 
 (concurrent mode failure): 265760K->151222K(273792K), 0.5051450 secs] 388000K->151222K(396032K), [CMS Perm : 9130K->9130K(21248K)], 0.5052140 secs] [Times: user=0.51 sys=0.00, real=0.50 secs] 
204.553: Total time for which application threads were stopped: 0.5054130 seconds, Stopping threads took: 0.0000970 seconds
204.612: Application time: 0.0597350 seconds
204.612: [GC204.612: [ParNew: 108672K->13547K(122240K), 0.0097090 secs] 259894K->164769K(396032K), 0.0097640 secs] [Times: user=0.08 sys=0.00, real=0.01 secs] 
204.622: Total time for which application threads were stopped: 0.0099700 seconds, Stopping threads took: 0.0001260 seconds
204.670: Application time: 0.0481050 seconds
204.671: [GC204.671: [ParNew: 122219K->13568K(122240K), 0.0263030 secs] 273441K->183058K(396032K), 0.0263530 secs] [Times: user=0.19 sys=0.00, real=0.03 secs] 
204.697: Total time for which application threads were stopped: 0.0266200 seconds, Stopping threads took: 0.0001760 seconds
204.697: Application time: 0.0001370 seconds
204.697: [GC [1 CMS-initial-mark: 169490K(273792K)] 184760K(396032K), 0.0108060 secs] [Times: user=0.01 sys=0.00, real=0.01 secs] 
204.708: Total time for which application threads were stopped: 0.0109590 seconds, Stopping threads took: 0.0001140 seconds
204.708: [CMS-concurrent-mark-start]
204.761: Application time: 0.0529460 seconds
204.761: [GC204.761: [ParNew: 122240K->13568K(122240K), 0.0358510 secs] 291730K->209943K(396032K), 0.0358970 secs] [Times: user=0.24 sys=0.00, real=0.04 secs] 
204.797: Total time for which application threads were stopped: 0.0360730 seconds, Stopping threads took: 0.0001080 seconds
204.861: Application time: 0.0641190 seconds
204.861: [GC204.861: [ParNew: 122240K->13568K(122240K), 0.0325750 secs] 318615K->228776K(396032K), 0.0326220 secs] [Times: user=0.23 sys=0.00, real=0.04 secs] 
204.894: Total time for which application threads were stopped: 0.0327390 seconds, Stopping threads took: 0.0000470 seconds
204.962: Application time: 0.0682260 seconds
204.962: [GC204.962: [ParNew: 122240K->13568K(122240K), 0.0323170 secs] 337448K->246332K(396032K), 0.0323650 secs] [Times: user=0.22 sys=0.00, real=0.04 secs] 
204.995: Total time for which application threads were stopped: 0.0324900 seconds, Stopping threads took: 0.0000520 seconds
205.001: [CMS-concurrent-mark: 0.192/0.293 secs] [Times: user=2.18 sys=0.00, real=0.29 secs] 
205.001: [CMS-concurrent-preclean-start]
205.052: Application time: 0.0572690 seconds
205.052: [GC205.052: [ParNew: 122223K->13568K(122240K), 0.0297450 secs] 354988K->264221K(396032K), 0.0297910 secs] [Times: user=0.21 sys=0.00, real=0.03 secs] 
205.082: Total time for which application threads were stopped: 0.0299500 seconds, Stopping threads took: 0.0000890 seconds
205.131: Application time: 0.0495320 seconds
205.132: [GC205.132: [ParNew (promotion failed): 122240K->122240K(122240K), 1.5065310 secs]206.638: [CMS206.773: [CMS-concurrent-preclean: 0.233/1.771 secs] [Times: user=3.32 sys=0.33, real=1.77 secs] 
 (concurrent mode failure): 271941K->128855K(273792K), 0.4160890 secs] 372893K->128855K(396032K), [CMS Perm : 9130K->9130K(21248K)], 1.9226970 secs] [Times: user=2.60 sys=0.32, real=1.93 secs] 
207.054: Total time for which application threads were stopped: 1.9228820 seconds, Stopping threads took: 0.0001090 seconds
207.100: Application time: 0.0461560 seconds
207.101: [GC207.101: [ParNew: 108672K->13568K(122240K), 0.0199850 secs] 237527K->154671K(396032K), 0.0200330 secs] [Times: user=0.15 sys=0.00, real=0.02 secs] 
207.121: Total time for which application threads were stopped: 0.0202050 seconds, Stopping threads took: 0.0000870 seconds
207.170: Application time: 0.0491260 seconds
207.170: [GC207.170: [ParNew: 122240K->13568K(122240K), 0.0328550 secs] 263343K->178950K(396032K), 0.0329040 secs] [Times: user=0.23 sys=0.00, real=0.03 secs] 
207.203: Total time for which application threads were stopped: 0.0331740 seconds, Stopping threads took: 0.0001970 seconds
207.254: Application time: 0.0513340 seconds
207.254: [GC207.254: [ParNew: 122152K->13568K(122240K), 0.0295660 secs] 287535K->197409K(396032K), 0.0296150 secs] [Times: user=0.21 sys=0.00, real=0.02 secs] 
207.284: Total time for which application threads were stopped: 0.0297960 seconds, Stopping threads took: 0.0001070 seconds
207.289: Application time: 0.0047720 seconds
207.289: [GC [1 CMS-initial-mark: 183841K(273792K)] 208017K(396032K), 0.0167430 secs] [Times: user=0.01 sys=0.00, real=0.02 secs] 
207.306: Total time for which application threads were stopped: 0.0170160 seconds, Stopping threads took: 0.0002230 seconds
207.306: [CMS-concurrent-mark-start]
207.359: Application time: 0.0530910 seconds
207.359: [GC207.359: [ParNew: 122240K->13566K(122240K), 0.0337560 secs] 306081K->219267K(396032K), 0.0338010 secs] [Times: user=0.23 sys=0.00, real=0.04 secs] 
207.393: Total time for which application threads were stopped: 0.0339490 seconds, Stopping threads took: 0.0000790 seconds
207.442: Application time: 0.0491640 seconds
207.442: [GC207.442: [ParNew: 122238K->13568K(122240K), 0.0315730 secs] 327939K->240661K(396032K), 0.0316190 secs] [Times: user=0.21 sys=0.00, real=0.04 secs] 
207.474: Total time for which application threads were stopped: 0.0317630 seconds, Stopping threads took: 0.0000750 seconds
207.533: Application time: 0.0591280 seconds
207.533: [GC207.533: [ParNew: 122240K->13567K(122240K), 0.0391030 secs] 349333K->268152K(396032K), 0.0391510 secs] [Times: user=0.27 sys=0.00, real=0.03 secs] 
207.572: Total time for which application threads were stopped: 0.0392990 seconds, Stopping threads took: 0.0000790 seconds
207.637: Application time: 0.0642450 seconds
207.637: [GC207.637: [ParNew: 122239K->122239K(122240K), 0.0000120 secs]207.637: [CMS207.642: [CMS-concurrent-mark: 0.230/0.336 secs] [Times: user=2.54 sys=0.00, real=0.33 secs] 
 (concurrent mode failure): 254585K->138273K(273792K), 0.3343740 secs] 376824K->138273K(396032K), [CMS Perm : 9130K->9130K(21248K)], 0.3344420 secs] [Times: user=0.34 sys=0.00, real=0.33 secs] 
207.971: Total time for which application threads were stopped: 0.3345970 seconds, Stopping threads took: 0.0000710 seconds
208.022: Application time: 0.0507920 seconds
208.025: [GC208.025: [ParNew: 108672K->13568K(122240K), 0.0172970 secs] 246945K->159604K(396032K), 0.0173460 secs] [Times: user=0.12 sys=0.00, real=0.01 secs] 
208.042: Total time for which application threads were stopped: 0.0203980 seconds, Stopping threads took: 0.0029620 seconds
208.087: Application time: 0.0443560 seconds
208.087: [GC208.087: [ParNew: 122240K->13568K(122240K), 0.0318850 secs] 268276K->185330K(396032K), 0.0319320 secs] [Times: user=0.21 sys=0.00, real=0.03 secs] 
208.119: Total time for which application threads were stopped: 0.0320640 seconds, Stopping threads took: 0.0000620 seconds
208.120: Application time: 0.0012490 seconds
208.120: [GC [1 CMS-initial-mark: 171762K(273792K)] 188165K(396032K), 0.0121520 secs] [Times: user=0.01 sys=0.00, real=0.01 secs] 
208.132: Total time for which application threads were stopped: 0.0122870 seconds, Stopping threads took: 0.0000850 seconds
208.132: [CMS-concurrent-mark-start]
208.191: Application time: 0.0590220 seconds
208.191: [GC208.191: [ParNew: 122240K->13568K(122240K), 0.0328220 secs] 294002K->205514K(396032K), 0.0328700 secs] [Times: user=0.23 sys=0.00, real=0.03 secs] 
208.224: Total time for which application threads were stopped: 0.0330190 seconds, Stopping threads took: 0.0000690 seconds
208.288: Application time: 0.0639470 seconds
208.288: [GC208.288: [ParNew: 122240K->13568K(122240K), 0.0326230 secs] 314186K->224620K(396032K), 0.0326720 secs] [Times: user=0.22 sys=0.01, real=0.03 secs] 
208.321: Total time for which application threads were stopped: 0.0328440 seconds, Stopping threads took: 0.0000990 seconds
208.383: Application time: 0.0616530 seconds
208.383: [GC208.383: [ParNew: 122240K->13568K(122240K), 0.0306860 secs] 333292K->243594K(396032K), 0.0307310 secs] [Times: user=0.21 sys=0.00, real=0.04 secs] 
208.414: Total time for which application threads were stopped: 0.0308820 seconds, Stopping threads took: 0.0000840 seconds
208.455: [CMS-concurrent-mark: 0.226/0.322 secs] [Times: user=2.47 sys=0.01, real=0.33 secs] 
208.455: [CMS-concurrent-preclean-start]
208.475: Application time: 0.0610570 seconds
208.475: [GC208.475: [ParNew: 122142K->13568K(122240K), 0.0295820 secs] 352169K->261451K(396032K), 0.0296300 secs] [Times: user=0.21 sys=0.00, real=0.02 secs] 
208.505: Total time for which application threads were stopped: 0.0298230 seconds, Stopping threads took: 0.0001150 seconds
208.550: Application time: 0.0452810 seconds
208.550: [GC208.550: [ParNew (promotion failed): 122240K->122238K(122240K), 0.3353940 secs]208.885: [CMS209.030: [CMS-concurrent-preclean: 0.207/0.575 secs] [Times: user=1.58 sys=0.09, real=0.57 secs] 
 (concurrent mode failure): 271295K->135366K(273792K), 0.4319630 secs] 370123K->135366K(396032K), [CMS Perm : 9130K->9130K(21248K)], 0.7674350 secs] [Times: user=1.13 sys=0.09, real=0.77 secs] 
209.317: Total time for which application threads were stopped: 0.7675940 seconds, Stopping threads took: 0.0000910 seconds
209.369: Application time: 0.0517890 seconds
209.369: [GC209.369: [ParNew: 108672K->13566K(122240K), 0.0217440 secs] 244038K->160850K(396032K), 0.0217930 secs] [Times: user=0.16 sys=0.00, real=0.02 secs] 
209.391: Total time for which application threads were stopped: 0.0219650 seconds, Stopping threads took: 0.0000910 seconds
209.449: Application time: 0.0576040 seconds
209.449: [GC209.449: [ParNew: 122238K->13566K(122240K), 0.0240510 secs] 269522K->174395K(396032K), 0.0240970 secs] [Times: user=0.17 sys=0.00, real=0.03 secs] 
209.473: Total time for which application threads were stopped: 0.0243360 seconds, Stopping threads took: 0.0001680 seconds
209.516: Application time: 0.0430950 seconds
209.516: [GC209.516: [ParNew: 122238K->13568K(122240K), 0.0304140 secs] 283067K->197925K(396032K), 0.0304630 secs] [Times: user=0.21 sys=0.00, real=0.03 secs] 
209.547: Total time for which application threads were stopped: 0.0306100 seconds, Stopping threads took: 0.0000770 seconds
209.547: Application time: 0.0000480 seconds
209.547: [GC [1 CMS-initial-mark: 184357K(273792K)] 198673K(396032K), 0.0107380 secs] [Times: user=0.01 sys=0.00, real=0.01 secs] 
209.558: Total time for which application threads were stopped: 0.0108300 seconds, Stopping threads took: 0.0000490 seconds
209.558: [CMS-concurrent-mark-start]
209.610: Application time: 0.0518380 seconds
209.610: [GC209.610: [ParNew: 122240K->13568K(122240K), 0.0363610 secs] 306597K->224415K(396032K), 0.0364110 secs] [Times: user=0.25 sys=0.00, real=0.04 secs] 
209.646: Total time for which application threads were stopped: 0.0365870 seconds, Stopping threads took: 0.0001030 seconds
209.702: Application time: 0.0555790 seconds
209.702: [GC209.702: [ParNew: 122240K->13568K(122240K), 0.0383650 secs] 333087K->249854K(396032K), 0.0384130 secs] [Times: user=0.27 sys=0.00, real=0.04 secs] 
209.740: Total time for which application threads were stopped: 0.0385580 seconds, Stopping threads took: 0.0000740 seconds
209.804: Application time: 0.0635230 seconds
209.804: [GC209.804: [ParNew: 122240K->13568K(122240K), 0.0333350 secs] 358526K->269468K(396032K), 0.0333800 secs] [Times: user=0.24 sys=0.00, real=0.04 secs] 
209.837: Total time for which application threads were stopped: 0.0335480 seconds, Stopping threads took: 0.0000990 seconds
209.892: [CMS-concurrent-mark: 0.226/0.334 secs] [Times: user=2.53 sys=0.01, real=0.33 secs] 
209.892: Application time: 0.0547770 seconds
209.892: [GC209.892: [ParNew: 122240K->122240K(122240K), 0.0000120 secs]209.892: [CMS (concurrent mode failure): 255900K->144553K(273792K), 0.3070630 secs] 378140K->144553K(396032K), [CMS Perm : 9130K->9130K(21248K)], 0.3071210 secs] [Times: user=0.31 sys=0.00, real=0.31 secs] 
210.199: Total time for which application threads were stopped: 0.3073060 seconds, Stopping threads took: 0.0001100 seconds
210.248: Application time: 0.0485920 seconds
210.248: [GC210.248: [ParNew: 108672K->13568K(122240K), 0.0158210 secs] 253225K->165760K(396032K), 0.0158660 secs] [Times: user=0.12 sys=0.00, real=0.01 secs] 
210.264: Total time for which application threads were stopped: 0.0160260 seconds, Stopping threads took: 0.0000900 seconds
210.322: Application time: 0.0577420 seconds
210.322: [GC210.322: [ParNew: 122240K->13568K(122240K), 0.0245940 secs] 274432K->179619K(396032K), 0.0246430 secs] [Times: user=0.18 sys=0.00, real=0.03 secs] 
210.347: Total time for which application threads were stopped: 0.0247930 seconds, Stopping threads took: 0.0000700 seconds
210.347: Application time: 0.0000780 seconds
210.347: [GC [1 CMS-initial-mark: 166051K(273792K)] 181082K(396032K), 0.0104740 secs] [Times: user=0.01 sys=0.00, real=0.01 secs] 
210.357: Total time for which application threads were stopped: 0.0106000 seconds, Stopping threads took: 0.0000830 seconds
210.357: [CMS-concurrent-mark-start]
210.423: Application time: 0.0660230 seconds
210.424: [GC210.424: [ParNew: 122115K->13568K(122240K), 0.0248660 secs] 288167K->192793K(396032K), 0.0249140 secs] [Times: user=0.17 sys=0.00, real=0.03 secs] 
210.448: Total time for which application threads were stopped: 0.0251300 seconds, Stopping threads took: 0.0001320 seconds
210.498: Application time: 0.0494120 seconds
210.501: [GC210.501: [ParNew: 122240K->13568K(122240K), 0.0340120 secs] 301465K->218256K(396032K), 0.0340610 secs] [Times: user=0.23 sys=0.00, real=0.04 secs] 
210.535: Total time for which application threads were stopped: 0.0370680 seconds, Stopping threads took: 0.0029370 seconds
210.586: Application time: 0.0512070 seconds
210.586: [GC210.586: [ParNew: 122240K->13568K(122240K), 0.0415360 secs] 326928K->248727K(396032K), 0.0415840 secs] [Times: user=0.29 sys=0.00, real=0.04 secs] 
210.628: Total time for which application threads were stopped: 0.0417510 seconds, Stopping threads took: 0.0000940 seconds
210.684: Application time: 0.0559730 seconds
210.684: [GC210.684: [ParNew: 122240K->122240K(122240K), 0.0000150 secs]210.684: [CMS210.691: [CMS-concurrent-mark: 0.229/0.334 secs] [Times: user=2.49 sys=0.00, real=0.33 secs] 
 (concurrent mode failure): 235159K->137045K(273792K), 0.3200000 secs] 357399K->137045K(396032K), [CMS Perm : 9130K->9130K(21248K)], 0.3200710 secs] [Times: user=0.33 sys=0.00, real=0.32 secs] 
211.004: Total time for which application threads were stopped: 0.3202390 seconds, Stopping threads took: 0.0000970 seconds
211.053: Application time: 0.0487220 seconds
211.053: [GC211.053: [ParNew: 108672K->13568K(122240K), 0.0158390 secs] 245717K->156112K(396032K), 0.0158870 secs] [Times: user=0.12 sys=0.00, real=0.01 secs] 
211.069: Total time for which application threads were stopped: 0.0160430 seconds, Stopping threads took: 0.0000780 seconds
211.113: Application time: 0.0443560 seconds
211.114: [GC211.114: [ParNew: 122240K->13568K(122240K), 0.0355740 secs] 264784K->187513K(396032K), 0.0356210 secs] [Times: user=0.24 sys=0.00, real=0.03 secs] 
211.149: Total time for which application threads were stopped: 0.0358740 seconds, Stopping threads took: 0.0001620 seconds
211.161: Application time: 0.0117400 seconds
211.161: [GC [1 CMS-initial-mark: 173945K(273792K)] 214542K(396032K), 0.0256110 secs] [Times: user=0.03 sys=0.00, real=0.03 secs] 
211.187: Total time for which application threads were stopped: 0.0257910 seconds, Stopping threads took: 0.0001280 seconds
211.187: [CMS-concurrent-mark-start]
211.231: Application time: 0.0442520 seconds
211.231: [GC211.231: [ParNew: 122240K->13568K(122240K), 0.0308040 secs] 296185K->205813K(396032K), 0.0308510 secs] [Times: user=0.22 sys=0.00, real=0.03 secs] 
211.262: Total time for which application threads were stopped: 0.0310170 seconds, Stopping threads took: 0.0000950 seconds
211.326: Application time: 0.0643510 seconds
211.326: [GC211.326: [ParNew: 122240K->13568K(122240K), 0.0356930 secs] 314485K->227533K(396032K), 0.0357390 secs] [Times: user=0.25 sys=0.00, real=0.03 secs] 
211.362: Total time for which application threads were stopped: 0.0358570 seconds, Stopping threads took: 0.0000490 seconds
211.440: Application time: 0.0783040 seconds
211.441: [GC211.441: [ParNew: 122240K->13538K(122240K), 0.0259130 secs] 336205K->240622K(396032K), 0.0259610 secs] [Times: user=0.19 sys=0.00, real=0.03 secs] 
211.467: Total time for which application threads were stopped: 0.0261120 seconds, Stopping threads took: 0.0000820 seconds
211.502: [CMS-concurrent-mark: 0.222/0.315 secs] [Times: user=2.42 sys=0.00, real=0.31 secs] 
211.502: [CMS-concurrent-preclean-start]
211.525: Application time: 0.0579210 seconds
211.525: [GC211.525: [ParNew: 122210K->13568K(122240K), 0.0257550 secs] 349294K->254994K(396032K), 0.0258110 secs] [Times: user=0.18 sys=0.00, real=0.03 secs] 
211.551: Total time for which application threads were stopped: 0.0259900 seconds, Stopping threads took: 0.0001080 seconds
211.592: Application time: 0.0418620 seconds
211.593: [GC211.593: [ParNew: 122240K->13568K(122240K), 0.0374840 secs] 363666K->282779K(396032K), 0.0375300 secs] [Times: user=0.25 sys=0.00, real=0.04 secs] 
211.630: Total time for which application threads were stopped: 0.0377370 seconds, Stopping threads took: 0.0001280 seconds
211.686: Application time: 0.0563610 seconds
211.687: [GC211.687: [ParNew: 122240K->122240K(122240K), 0.0000130 secs]211.687: [CMS211.836: [CMS-concurrent-preclean: 0.268/0.334 secs] [Times: user=1.56 sys=0.00, real=0.34 secs] 
 (concurrent mode failure): 269211K->128141K(273792K), 0.4300590 secs] 391451K->128141K(396032K), [CMS Perm : 9130K->9130K(21248K)], 0.4301290 secs] [Times: user=0.43 sys=0.00, real=0.43 secs] 
212.117: Total time for which application threads were stopped: 0.4303230 seconds, Stopping threads took: 0.0001130 seconds
212.160: Application time: 0.0434720 seconds
212.160: [GC212.160: [ParNew: 108672K->13568K(122240K), 0.0180340 secs] 236813K->152914K(396032K), 0.0180830 secs] [Times: user=0.13 sys=0.00, real=0.02 secs] 
212.179: Total time for which application threads were stopped: 0.0182680 seconds, Stopping threads took: 0.0001020 seconds
212.233: Application time: 0.0540210 seconds
212.233: [GC212.233: [ParNew: 122240K->13568K(122240K), 0.0320910 secs] 261586K->175973K(396032K), 0.0321390 secs] [Times: user=0.22 sys=0.00, real=0.04 secs] 
212.265: Total time for which application threads were stopped: 0.0323040 seconds, Stopping threads took: 0.0000940 seconds
212.269: Application time: 0.0039860 seconds
212.269: [GC [1 CMS-initial-mark: 162405K(273792K)] 183385K(396032K), 0.0161100 secs] [Times: user=0.01 sys=0.00, real=0.02 secs] 
212.285: Total time for which application threads were stopped: 0.0162300 seconds, Stopping threads took: 0.0000690 seconds
212.285: [CMS-concurrent-mark-start]
212.332: Application time: 0.0469870 seconds
212.332: [GC212.332: [ParNew: 122240K->13568K(122240K), 0.0364130 secs] 284645K->201126K(396032K), 0.0364630 secs] [Times: user=0.25 sys=0.00, real=0.04 secs] 
212.369: Total time for which application threads were stopped: 0.0365950 seconds, Stopping threads took: 0.0000590 seconds
212.425: Application time: 0.0558640 seconds
212.425: [GC212.425: [ParNew: 122240K->13568K(122240K), 0.0391190 secs] 309798K->228375K(396032K), 0.0391680 secs] [Times: user=0.27 sys=0.00, real=0.04 secs] 
212.464: Total time for which application threads were stopped: 0.0393310 seconds, Stopping threads took: 0.0000950 seconds
212.538: Application time: 0.0743150 seconds
212.538: [GC212.538: [ParNew: 122240K->13568K(122240K), 0.0277370 secs] 337047K->241769K(396032K), 0.0277850 secs] [Times: user=0.20 sys=0.00, real=0.03 secs] 
212.566: Total time for which application threads were stopped: 0.0279350 seconds, Stopping threads took: 0.0000810 seconds
212.606: [CMS-concurrent-mark: 0.217/0.321 secs] [Times: user=2.45 sys=0.00, real=0.32 secs] 
212.607: [CMS-concurrent-preclean-start]
212.634: Application time: 0.0679150 seconds
212.634: [GC212.634: [ParNew: 122240K->13568K(122240K), 0.0220560 secs] 350441K->251733K(396032K), 0.0221040 secs] [Times: user=0.16 sys=0.00, real=0.02 secs] 
212.656: Total time for which application threads were stopped: 0.0222690 seconds, Stopping threads took: 0.0000950 seconds
212.703: Application time: 0.0466230 seconds
212.703: [GC212.703: [ParNew: 122240K->13568K(122240K), 0.0327890 secs] 360405K->273831K(396032K), 0.0328380 secs] [Times: user=0.23 sys=0.00, real=0.04 secs] 
212.736: Total time for which application threads were stopped: 0.0329920 seconds, Stopping threads took: 0.0000690 seconds
212.775: Application time: 0.0392540 seconds
212.775: [GC212.775: [ParNew: 122240K->122240K(122240K), 0.0000140 secs]212.775: [CMS212.915: [CMS-concurrent-preclean: 0.251/0.308 secs] [Times: user=1.44 sys=0.00, real=0.31 secs] 
 (concurrent mode failure): 260263K->140394K(273792K), 0.4322100 secs] 382503K->140394K(396032K), [CMS Perm : 9130K->9130K(21248K)], 0.4322900 secs] [Times: user=0.43 sys=0.00, real=0.43 secs] 
213.208: Total time for which application threads were stopped: 0.4324740 seconds, Stopping threads took: 0.0001120 seconds
213.261: Application time: 0.0534570 seconds
213.261: [GC213.261: [ParNew: 108672K->13568K(122240K), 0.0218900 secs] 249066K->163659K(396032K), 0.0219400 secs] [Times: user=0.16 sys=0.00, real=0.02 secs] 
213.283: Total time for which application threads were stopped: 0.0221220 seconds, Stopping threads took: 0.0001020 seconds
213.338: Application time: 0.0548840 seconds
213.338: [GC213.338: [ParNew: 122077K->13568K(122240K), 0.0247620 secs] 272169K->178011K(396032K), 0.0248130 secs] [Times: user=0.18 sys=0.00, real=0.02 secs] 
213.363: Total time for which application threads were stopped: 0.0249880 seconds, Stopping threads took: 0.0001040 seconds
213.401: Application time: 0.0383070 seconds
213.402: [GC213.402: [ParNew: 122240K->13568K(122240K), 0.0341570 secs] 286683K->207638K(396032K), 0.0342080 secs] [Times: user=0.24 sys=0.00, real=0.04 secs] 
213.436: Total time for which application threads were stopped: 0.0343590 seconds, Stopping threads took: 0.0000800 seconds
213.449: Application time: 0.0130340 seconds
213.449: [GC [1 CMS-initial-mark: 194070K(273792K)] 245898K(396032K), 0.0259550 secs] [Times: user=0.03 sys=0.00, real=0.03 secs] 
213.475: Total time for which application threads were stopped: 0.0261350 seconds, Stopping threads took: 0.0001300 seconds
213.475: [CMS-concurrent-mark-start]
213.514: Application time: 0.0386840 seconds
213.514: [GC213.514: [ParNew: 122240K->13568K(122240K), 0.0429920 secs] 316310K->237967K(396032K), 0.0430470 secs] [Times: user=0.29 sys=0.00, real=0.04 secs] 
213.557: Total time for which application threads were stopped: 0.0431890 seconds, Stopping threads took: 0.0000710 seconds
213.623: Application time: 0.0662910 seconds
213.623: [GC213.623: [ParNew: 122240K->13568K(122240K), 0.0348520 secs] 346639K->257187K(396032K), 0.0349020 secs] [Times: user=0.25 sys=0.00, real=0.04 secs] 
213.658: Total time for which application threads were stopped: 0.0351000 seconds, Stopping threads took: 0.0001270 seconds
213.731: Application time: 0.0730410 seconds
213.731: [GC213.731: [ParNew: 122240K->122240K(122240K), 0.0000130 secs]213.731: [CMS213.737: [CMS-concurrent-mark: 0.183/0.262 secs] [Times: user=1.97 sys=0.00, real=0.26 secs] 
 (concurrent mode failure): 243619K->124452K(273792K), 0.3015070 secs] 365859K->124452K(396032K), [CMS Perm : 9130K->9130K(21248K)], 0.3015760 secs] [Times: user=0.31 sys=0.00, real=0.31 secs] 
214.033: Total time for which application threads were stopped: 0.3017310 seconds, Stopping threads took: 0.0000750 seconds
214.077: Application time: 0.0436020 seconds
214.077: [GC214.077: [ParNew: 108672K->13568K(122240K), 0.0177060 secs] 233124K->150044K(396032K), 0.0177540 secs] [Times: user=0.13 sys=0.01, real=0.02 secs] 
214.095: Total time for which application threads were stopped: 0.0179280 seconds, Stopping threads took: 0.0000880 seconds
214.133: Application time: 0.0386160 seconds
214.133: [GC214.133: [ParNew: 122240K->13568K(122240K), 0.0395120 secs] 258716K->186644K(396032K), 0.0395620 secs] [Times: user=0.26 sys=0.00, real=0.04 secs] 
214.173: Total time for which application threads were stopped: 0.0398780 seconds, Stopping threads took: 0.0002440 seconds
214.173: Application time: 0.0000950 seconds
214.173: [GC [1 CMS-initial-mark: 173076K(273792K)] 187951K(396032K), 0.0109180 secs] [Times: user=0.01 sys=0.00, real=0.00 secs] 
214.184: Total time for which application threads were stopped: 0.0110520 seconds, Stopping threads took: 0.0000900 seconds
214.184: [CMS-concurrent-mark-start]
214.244: Application time: 0.0594960 seconds
214.245: [GC214.245: [ParNew: 122240K->13568K(122240K), 0.0351130 secs] 295316K->207722K(396032K), 0.0351710 secs] [Times: user=0.24 sys=0.00, real=0.03 secs] 
214.280: Total time for which application threads were stopped: 0.0363880 seconds, Stopping threads took: 0.0011460 seconds
214.349: Application time: 0.0691630 seconds
214.349: [GC214.349: [ParNew: 122240K->13568K(122240K), 0.0278330 secs] 316394K->221815K(396032K), 0.0278820 secs] [Times: user=0.20 sys=0.00, real=0.03 secs] 
214.377: Total time for which application threads were stopped: 0.0280550 seconds, Stopping threads took: 0.0001040 seconds
214.429: Application time: 0.0516490 seconds
214.429: [GC214.429: [ParNew: 122240K->13568K(122240K), 0.0344420 secs] 330487K->244513K(396032K), 0.0344900 secs] [Times: user=0.23 sys=0.00, real=0.03 secs] 
214.464: Total time for which application threads were stopped: 0.0347210 seconds, Stopping threads took: 0.0001510 seconds
214.507: [CMS-concurrent-mark: 0.223/0.323 secs] [Times: user=2.46 sys=0.00, real=0.33 secs] 
214.507: [CMS-concurrent-preclean-start]
214.531: Application time: 0.0676080 seconds
214.531: [GC214.531: [ParNew: 122240K->13568K(122240K), 0.0290690 secs] 353185K->260050K(396032K), 0.0291170 secs] [Times: user=0.21 sys=0.00, real=0.03 secs] 
214.561: Total time for which application threads were stopped: 0.0292650 seconds, Stopping threads took: 0.0000780 seconds
214.610: Application time: 0.0490010 seconds
214.610: [GC214.610: [ParNew: 122240K->13568K(122240K), 0.0338490 secs] 368722K->282280K(396032K), 0.0338970 secs] [Times: user=0.24 sys=0.00, real=0.03 secs] 
214.644: Total time for which application threads were stopped: 0.0340280 seconds, Stopping threads took: 0.0000430 seconds
214.689: Application time: 0.0458640 seconds
214.690: [GC214.690: [ParNew: 122240K->122240K(122240K), 0.0000120 secs]214.690: [CMS214.856: [CMS-concurrent-preclean: 0.283/0.348 secs] [Times: user=1.57 sys=0.00, real=0.35 secs] 
 (concurrent mode failure): 268712K->141254K(273792K), 0.4658600 secs] 390952K->141254K(396032K), [CMS Perm : 9130K->9130K(21248K)], 0.4659230 secs] [Times: user=0.47 sys=0.00, real=0.47 secs] 
215.156: Total time for which application threads were stopped: 0.4660660 seconds, Stopping threads took: 0.0000750 seconds
215.213: Application time: 0.0570310 seconds
215.213: [GC215.213: [ParNew: 108672K->13568K(122240K), 0.0205290 secs] 249926K->162871K(396032K), 0.0205880 secs] [Times: user=0.14 sys=0.00, real=0.03 secs] 
215.233: Total time for which application threads were stopped: 0.0208010 seconds, Stopping threads took: 0.0001290 seconds
215.291: Application time: 0.0575090 seconds
215.291: [GC215.291: [ParNew: 122240K->13551K(122240K), 0.0239880 secs] 271543K->177343K(396032K), 0.0240340 secs] [Times: user=0.18 sys=0.00, real=0.03 secs] 
215.315: Total time for which application threads were stopped: 0.0241810 seconds, Stopping threads took: 0.0000760 seconds
215.358: Application time: 0.0430690 seconds
215.358: [GC215.358: [ParNew: 122223K->13568K(122240K), 0.0286420 secs] 286015K->198321K(396032K), 0.0286890 secs] [Times: user=0.20 sys=0.00, real=0.03 secs] 
215.387: Total time for which application threads were stopped: 0.0288400 seconds, Stopping threads took: 0.0000790 seconds
215.387: Application time: 0.0000940 seconds
215.387: [GC [1 CMS-initial-mark: 184753K(273792K)] 200074K(396032K), 0.0104940 secs] [Times: user=0.01 sys=0.00, real=0.01 secs] 
215.398: Total time for which application threads were stopped: 0.0106190 seconds, Stopping threads took: 0.0000790 seconds
215.398: [CMS-concurrent-mark-start]
215.441: Application time: 0.0431020 seconds
215.441: [GC215.441: [ParNew: 122240K->13568K(122240K), 0.0396890 secs] 306993K->229951K(396032K), 0.0397360 secs] [Times: user=0.27 sys=0.00, real=0.04 secs] 
215.481: Total time for which application threads were stopped: 0.0398990 seconds, Stopping threads took: 0.0000920 seconds
215.536: Application time: 0.0552940 seconds
215.536: [GC215.536: [ParNew: 122109K->13568K(122240K), 0.0428540 secs] 338492K->258952K(396032K), 0.0429010 secs] [Times: user=0.29 sys=0.00, real=0.04 secs] 
215.579: Total time for which application threads were stopped: 0.0430570 seconds, Stopping threads took: 0.0000870 seconds
215.643: Application time: 0.0643910 seconds
215.644: [GC215.644: [ParNew: 122240K->122240K(122240K), 0.0000160 secs]215.644: [CMS215.674: [CMS-concurrent-mark: 0.192/0.276 secs] [Times: user=1.91 sys=0.02, real=0.28 secs] 
 (concurrent mode failure): 245384K->146494K(273792K), 0.3444840 secs] 367624K->146494K(396032K), [CMS Perm : 9130K->9130K(21248K)], 0.3445610 secs] [Times: user=0.38 sys=0.00, real=0.35 secs] 
215.988: Total time for which application threads were stopped: 0.3447130 seconds, Stopping threads took: 0.0000830 seconds
216.047: Application time: 0.0590760 seconds
216.047: [GC216.047: [ParNew: 108672K->13530K(122240K), 0.0106480 secs] 255166K->160024K(396032K), 0.0106960 secs] [Times: user=0.08 sys=0.00, real=0.01 secs] 
216.058: Total time for which application threads were stopped: 0.0109470 seconds, Stopping threads took: 0.0001560 seconds
216.100: Application time: 0.0419210 seconds
216.100: [GC216.100: [ParNew: 122202K->13568K(122240K), 0.0307870 secs] 268696K->186437K(396032K), 0.0308360 secs] [Times: user=0.21 sys=0.00, real=0.03 secs] 
216.131: Total time for which application threads were stopped: 0.0310680 seconds, Stopping threads took: 0.0001400 seconds
216.141: Application time: 0.0096460 seconds
216.142: [GC [1 CMS-initial-mark: 172869K(273792K)] 212527K(396032K), 0.0242210 secs] [Times: user=0.02 sys=0.00, real=0.03 secs] 
216.166: Total time for which application threads were stopped: 0.0251220 seconds, Stopping threads took: 0.0008290 seconds
216.166: [CMS-concurrent-mark-start]
216.209: Application time: 0.0434370 seconds
216.210: [GC216.210: [ParNew: 122240K->13568K(122240K), 0.0411660 secs] 295109K->216850K(396032K), 0.0412150 secs] [Times: user=0.28 sys=0.00, real=0.04 secs] 
216.251: Total time for which application threads were stopped: 0.0414330 seconds, Stopping threads took: 0.0001250 seconds
216.324: Application time: 0.0732660 seconds
216.324: [GC216.324: [ParNew: 122240K->13568K(122240K), 0.0283250 secs] 325522K->230835K(396032K), 0.0283730 secs] [Times: user=0.21 sys=0.00, real=0.03 secs] 
216.353: Total time for which application threads were stopped: 0.0285050 seconds, Stopping threads took: 0.0000630 seconds
216.409: Application time: 0.0564050 seconds
216.409: [GC216.409: [ParNew: 122240K->13568K(122240K), 0.0292970 secs] 339507K->247960K(396032K), 0.0293380 secs] [Times: user=0.21 sys=0.00, real=0.03 secs] 
216.439: Total time for which application threads were stopped: 0.0295190 seconds, Stopping threads took: 0.0001080 seconds
216.488: [CMS-concurrent-mark: 0.222/0.322 secs] [Times: user=2.46 sys=0.00, real=0.32 secs] 
216.488: [CMS-concurrent-preclean-start]
216.491: Application time: 0.0526830 seconds
216.491: [GC216.491: [ParNew: 122240K->13568K(122240K), 0.0377890 secs] 356632K->274790K(396032K), 0.0378370 secs] [Times: user=0.26 sys=0.00, real=0.04 secs] 
216.529: Total time for which application threads were stopped: 0.0379990 seconds, Stopping threads took: 0.0000920 seconds
216.570: Application time: 0.0411600 seconds
216.571: [GC216.571: [ParNew: 122240K->122240K(122240K), 0.0000140 secs]216.571: [CMS216.712: [CMS-concurrent-preclean: 0.184/0.224 secs] [Times: user=0.77 sys=0.00, real=0.22 secs] 
 (concurrent mode failure): 261222K->140513K(273792K), 0.4317860 secs] 383462K->140513K(396032K), [CMS Perm : 9130K->9130K(21248K)], 0.4318540 secs] [Times: user=0.43 sys=0.00, real=0.43 secs] 
217.002: Total time for which application threads were stopped: 0.4320240 seconds, Stopping threads took: 0.0000900 seconds
217.051: Application time: 0.0485570 seconds
217.051: [GC217.051: [ParNew: 108672K->13568K(122240K), 0.0260510 secs] 249185K->169275K(396032K), 0.0260990 secs] [Times: user=0.19 sys=0.00, real=0.03 secs] 
217.077: Total time for which application threads were stopped: 0.0262720 seconds, Stopping threads took: 0.0001040 seconds
217.136: Application time: 0.0591410 seconds
217.137: [GC217.137: [ParNew: 122240K->13546K(122240K), 0.0251850 secs] 277947K->182600K(396032K), 0.0252330 secs] [Times: user=0.18 sys=0.00, real=0.02 secs] 
217.162: Total time for which application threads were stopped: 0.0254320 seconds, Stopping threads took: 0.0001110 seconds
217.173: Application time: 0.0110130 seconds
217.177: [GC [1 CMS-initial-mark: 169053K(273792K)] 205162K(396032K), 0.0242320 secs] [Times: user=0.03 sys=0.00, real=0.02 secs] 
217.201: Total time for which application threads were stopped: 0.0283070 seconds, Stopping threads took: 0.0040220 seconds
217.201: [CMS-concurrent-mark-start]
217.253: Application time: 0.0519350 seconds
217.253: [GC217.253: [ParNew: 122218K->13568K(122240K), 0.0227270 secs] 291272K->193562K(396032K), 0.0227740 secs] [Times: user=0.17 sys=0.00, real=0.02 secs] 
217.276: Total time for which application threads were stopped: 0.0229830 seconds, Stopping threads took: 0.0001360 seconds
217.330: Application time: 0.0544220 seconds
217.331: [GC217.331: [ParNew: 122240K->13568K(122240K), 0.0365340 secs] 302234K->221369K(396032K), 0.0365810 secs] [Times: user=0.25 sys=0.00, real=0.04 secs] 
217.367: Total time for which application threads were stopped: 0.0367410 seconds, Stopping threads took: 0.0000930 seconds
217.434: Application time: 0.0671110 seconds
217.434: [GC217.435: [ParNew: 122240K->13568K(122240K), 0.0280400 secs] 330041K->236176K(396032K), 0.0280850 secs] [Times: user=0.20 sys=0.00, real=0.02 secs] 
217.463: Total time for which application threads were stopped: 0.0282510 seconds, Stopping threads took: 0.0000980 seconds
217.513: [CMS-concurrent-mark: 0.224/0.312 secs] [Times: user=2.40 sys=0.00, real=0.32 secs] 
217.513: [CMS-concurrent-preclean-start]
217.515: Application time: 0.0523480 seconds
217.515: [GC217.515: [ParNew: 122240K->13568K(122240K), 0.0349970 secs] 344848K->260145K(396032K), 0.0350420 secs] [Times: user=0.24 sys=0.00, real=0.03 secs] 
217.550: Total time for which application threads were stopped: 0.0352200 seconds, Stopping threads took: 0.0001080 seconds
217.606: Application time: 0.0562840 seconds
217.607: [GC217.607: [ParNew: 122240K->122240K(122240K), 0.0000150 secs]217.607: [CMS217.746: [CMS-concurrent-preclean: 0.196/0.233 secs] [Times: user=0.85 sys=0.00, real=0.23 secs] 
 (concurrent mode failure): 246577K->126765K(273792K), 0.4306880 secs] 368817K->126765K(396032K), [CMS Perm : 9130K->9130K(21248K)], 0.4307580 secs] [Times: user=0.43 sys=0.00, real=0.43 secs] 
218.037: Total time for which application threads were stopped: 0.4309060 seconds, Stopping threads took: 0.0000800 seconds
218.079: Application time: 0.0418510 seconds
218.079: [GC218.079: [ParNew: 108659K->13568K(122240K), 0.0214180 secs] 235424K->155909K(396032K), 0.0214670 secs] [Times: user=0.15 sys=0.00, real=0.02 secs] 
218.101: Total time for which application threads were stopped: 0.0216530 seconds, Stopping threads took: 0.0001040 seconds
218.145: Application time: 0.0440750 seconds
218.147: [GC218.147: [ParNew: 122240K->13568K(122240K), 0.0356370 secs] 264581K->184463K(396032K), 0.0356860 secs] [Times: user=0.24 sys=0.01, real=0.03 secs] 
218.183: Total time for which application threads were stopped: 0.0376970 seconds, Stopping threads took: 0.0019240 seconds
218.183: Application time: 0.0000810 seconds
218.183: [GC [1 CMS-initial-mark: 170895K(273792K)] 185757K(396032K), 0.0111250 secs] [Times: user=0.01 sys=0.00, real=0.02 secs] 
218.194: Total time for which application threads were stopped: 0.0112470 seconds, Stopping threads took: 0.0000830 seconds
218.194: [CMS-concurrent-mark-start]
218.256: Application time: 0.0625010 seconds
218.257: [GC218.257: [ParNew: 122240K->13568K(122240K), 0.0371640 secs] 293135K->207215K(396032K), 0.0372100 secs] [Times: user=0.26 sys=0.00, real=0.04 secs] 
218.294: Total time for which application threads were stopped: 0.0373570 seconds, Stopping threads took: 0.0000800 seconds
218.354: Application time: 0.0598260 seconds
218.354: [GC218.354: [ParNew: 122240K->13568K(122240K), 0.0294330 secs] 315887K->224053K(396032K), 0.0294810 secs] [Times: user=0.21 sys=0.00, real=0.02 secs] 
218.383: Total time for which application threads were stopped: 0.0296230 seconds, Stopping threads took: 0.0000740 seconds
218.450: Application time: 0.0668910 seconds
218.450: [GC218.450: [ParNew: 122240K->13568K(122240K), 0.0284520 secs] 332725K->240818K(396032K), 0.0285060 secs] [Times: user=0.20 sys=0.00, real=0.03 secs] 
218.479: Total time for which application threads were stopped: 0.0286430 seconds, Stopping threads took: 0.0000680 seconds
218.481: [CMS-concurrent-mark: 0.191/0.287 secs] [Times: user=2.19 sys=0.00, real=0.28 secs] 
218.481: [CMS-concurrent-preclean-start]
218.538: Application time: 0.0595580 seconds
218.539: [GC218.539: [ParNew: 122240K->13566K(122240K), 0.0304490 secs] 349490K->258395K(396032K), 0.0304980 secs] [Times: user=0.22 sys=0.00, real=0.03 secs] 
218.569: Total time for which application threads were stopped: 0.0306580 seconds, Stopping threads took: 0.0000900 seconds
218.622: Application time: 0.0526450 seconds
218.622: [GC218.622: [ParNew: 122238K->13568K(122240K), 0.0293450 secs] 367067K->275856K(396032K), 0.0293950 secs] [Times: user=0.21 sys=0.00, real=0.03 secs] 
218.651: Total time for which application threads were stopped: 0.0296010 seconds, Stopping threads took: 0.0001210 seconds
218.694: Application time: 0.0422730 seconds
218.694: [GC218.694: [ParNew: 122240K->122240K(122240K), 0.0000120 secs]218.694: [CMS218.823: [CMS-concurrent-preclean: 0.279/0.342 secs] [Times: user=1.77 sys=0.00, real=0.34 secs] 
 (concurrent mode failure): 262288K->137722K(273792K), 0.4400850 secs] 384528K->137722K(396032K), [CMS Perm : 9130K->9130K(21248K)], 0.4401580 secs] [Times: user=0.44 sys=0.00, real=0.44 secs] 
219.134: Total time for which application threads were stopped: 0.4403350 seconds, Stopping threads took: 0.0000970 seconds
219.188: Application time: 0.0545800 seconds
219.189: [GC219.189: [ParNew: 108672K->13568K(122240K), 0.0208100 secs] 246394K->161568K(396032K), 0.0208600 secs] [Times: user=0.15 sys=0.01, real=0.02 secs] 
219.210: Total time for which application threads were stopped: 0.0211130 seconds, Stopping threads took: 0.0001720 seconds
219.256: Application time: 0.0466710 seconds
219.256: [GC219.256: [ParNew: 122240K->13568K(122240K), 0.0301970 secs] 270240K->182882K(396032K), 0.0302450 secs] [Times: user=0.20 sys=0.00, real=0.03 secs] 
219.287: Total time for which application threads were stopped: 0.0304540 seconds, Stopping threads took: 0.0001370 seconds
219.297: Application time: 0.0101440 seconds
219.298: [GC [1 CMS-initial-mark: 169314K(273792K)] 205673K(396032K), 0.0260520 secs] [Times: user=0.03 sys=0.00, real=0.02 secs] 
219.324: Total time for which application threads were stopped: 0.0275930 seconds, Stopping threads took: 0.0014880 seconds
219.325: [CMS-concurrent-mark-start]
219.374: Application time: 0.0495110 seconds
219.374: [GC219.374: [ParNew: 122240K->13568K(122240K), 0.0344960 secs] 291554K->205660K(396032K), 0.0345470 secs] [Times: user=0.24 sys=0.00, real=0.03 secs] 
219.409: Total time for which application threads were stopped: 0.0347350 seconds, Stopping threads took: 0.0001190 seconds
219.480: Application time: 0.0711100 seconds
219.481: [GC219.481: [ParNew: 122240K->13568K(122240K), 0.0254290 secs] 314332K->218772K(396032K), 0.0254770 secs] [Times: user=0.18 sys=0.00, real=0.03 secs] 
219.506: Total time for which application threads were stopped: 0.0265250 seconds, Stopping threads took: 0.0009790 seconds
219.561: [CMS-concurrent-mark: 0.175/0.236 secs] [Times: user=1.80 sys=0.02, real=0.24 secs] 
219.561: [CMS-concurrent-preclean-start]
219.562: Application time: 0.0555960 seconds
219.562: [GC219.562: [ParNew: 121861K->13568K(122240K), 0.0337760 secs] 327065K->241109K(396032K), 0.0338160 secs] [Times: user=0.24 sys=0.00, real=0.04 secs] 
219.596: Total time for which application threads were stopped: 0.0339720 seconds, Stopping threads took: 0.0000870 seconds
219.643: Application time: 0.0468050 seconds
219.643: [GC219.643: [ParNew: 122240K->13568K(122240K), 0.0366820 secs] 349781K->267159K(396032K), 0.0367300 secs] [Times: user=0.25 sys=0.00, real=0.04 secs] 
219.680: Total time for which application threads were stopped: 0.0368720 seconds, Stopping threads took: 0.0000690 seconds
219.739: Application time: 0.0590870 seconds
219.739: [GC219.739: [ParNew: 122240K->122240K(122240K), 0.0000150 secs]219.739: [CMS219.866: [CMS-concurrent-preclean: 0.232/0.305 secs] [Times: user=1.47 sys=0.00, real=0.31 secs] 
 (concurrent mode failure): 253591K->128279K(273792K), 0.4082570 secs] 375831K->128279K(396032K), [CMS Perm : 9130K->9130K(21248K)], 0.4083360 secs] [Times: user=0.40 sys=0.00, real=0.41 secs] 
220.147: Total time for which application threads were stopped: 0.4084870 seconds, Stopping threads took: 0.0000720 seconds
220.191: Application time: 0.0434270 seconds
220.191: [GC220.191: [ParNew: 108672K->13568K(122240K), 0.0198580 secs] 236951K->155392K(396032K), 0.0199050 secs] [Times: user=0.14 sys=0.00, real=0.02 secs] 
220.211: Total time for which application threads were stopped: 0.0201630 seconds, Stopping threads took: 0.0001770 seconds
220.256: Application time: 0.0450040 seconds
220.256: [GC220.256: [ParNew: 122240K->13568K(122240K), 0.0334320 secs] 264064K->181899K(396032K), 0.0334830 secs] [Times: user=0.23 sys=0.00, real=0.03 secs] 
220.289: Total time for which application threads were stopped: 0.0336450 seconds, Stopping threads took: 0.0000720 seconds
220.290: Application time: 0.0000630 seconds
220.290: [GC [1 CMS-initial-mark: 168331K(273792K)] 183061K(396032K), 0.0111370 secs] [Times: user=0.01 sys=0.00, real=0.01 secs] 
220.301: Total time for which application threads were stopped: 0.0112460 seconds, Stopping threads took: 0.0000620 seconds
220.301: [CMS-concurrent-mark-start]
220.351: Application time: 0.0506950 seconds
220.352: [GC220.352: [ParNew: 122240K->13568K(122240K), 0.0416580 secs] 290571K->212016K(396032K), 0.0417040 secs] [Times: user=0.28 sys=0.00, real=0.05 secs] 
220.393: Total time for which application threads were stopped: 0.0418800 seconds, Stopping threads took: 0.0001060 seconds
220.453: Application time: 0.0599120 seconds
220.453: [GC220.453: [ParNew: 122240K->13566K(122240K), 0.0307150 secs] 320688K->228736K(396032K), 0.0307630 secs] [Times: user=0.22 sys=0.00, real=0.02 secs] 
220.484: Total time for which application threads were stopped: 0.0309420 seconds, Stopping threads took: 0.0001060 seconds
220.556: Application time: 0.0713810 seconds
220.556: [GC220.556: [ParNew: 122238K->13568K(122240K), 0.0265730 secs] 337408K->241704K(396032K), 0.0266210 secs] [Times: user=0.19 sys=0.00, real=0.02 secs] 
220.582: Total time for which application threads were stopped: 0.0267980 seconds, Stopping threads took: 0.0001080 seconds
220.640: Application time: 0.0579770 seconds
220.640: [GC220.640: [ParNew: 122240K->13568K(122240K), 0.0289520 secs] 350376K->259412K(396032K), 0.0290060 secs] [Times: user=0.20 sys=0.00, real=0.03 secs] 
220.670: Total time for which application threads were stopped: 0.0291420 seconds, Stopping threads took: 0.0000620 seconds
220.728: [CMS-concurrent-mark: 0.298/0.427 secs] [Times: user=3.27 sys=0.00, real=0.43 secs] 
220.728: Application time: 0.0581410 seconds
220.728: [GC220.728: [ParNew: 122240K->13568K(122240K), 0.0355240 secs] 368084K->282287K(396032K), 0.0355640 secs] [Times: user=0.25 sys=0.00, real=0.03 secs] 
220.763: Total time for which application threads were stopped: 0.0357020 seconds, Stopping threads took: 0.0000690 seconds
220.763: [CMS-concurrent-preclean-start]
220.819: Application time: 0.0554390 seconds
220.819: [GC220.819: [ParNew: 122240K->122240K(122240K), 0.0000130 secs]220.819: [CMS220.988: [CMS-concurrent-preclean: 0.222/0.224 secs] [Times: user=0.61 sys=0.00, real=0.23 secs] 
 (concurrent mode failure): 268719K->113844K(273792K), 0.4178620 secs] 390959K->113844K(396032K), [CMS Perm : 9130K->9130K(21248K)], 0.4179290 secs] [Times: user=0.42 sys=0.00, real=0.42 secs] 
221.237: Total time for which application threads were stopped: 0.4180660 seconds, Stopping threads took: 0.0000540 seconds
221.276: Application time: 0.0389950 seconds
221.276: [GC221.276: [ParNew: 108672K->13568K(122240K), 0.0219300 secs] 222516K->144110K(396032K), 0.0219780 secs] [Times: user=0.15 sys=0.00, real=0.02 secs] 
221.298: Total time for which application threads were stopped: 0.0222000 seconds, Stopping threads took: 0.0001220 seconds
221.345: Application time: 0.0472610 seconds
221.346: [GC221.346: [ParNew: 122240K->13568K(122240K), 0.0399920 secs] 252782K->176744K(396032K), 0.0400430 secs] [Times: user=0.27 sys=0.00, real=0.04 secs] 
221.386: Total time for which application threads were stopped: 0.0403460 seconds, Stopping threads took: 0.0002000 seconds
221.389: Application time: 0.0031740 seconds
221.389: [GC [1 CMS-initial-mark: 163176K(273792K)] 182972K(396032K), 0.0180410 secs] [Times: user=0.02 sys=0.00, real=0.02 secs] 
221.407: Total time for which application threads were stopped: 0.0181860 seconds, Stopping threads took: 0.0000930 seconds
221.407: [CMS-concurrent-mark-start]
221.463: Application time: 0.0560210 seconds
221.463: [GC221.463: [ParNew: 122240K->13568K(122240K), 0.0346100 secs] 285416K->196962K(396032K), 0.0346590 secs] [Times: user=0.24 sys=0.00, real=0.04 secs] 
221.498: Total time for which application threads were stopped: 0.0348120 seconds, Stopping threads took: 0.0000790 seconds
221.561: Application time: 0.0627090 seconds
221.561: [GC221.561: [ParNew: 122240K->13568K(122240K), 0.0303350 secs] 305634K->215070K(396032K), 0.0303840 secs] [Times: user=0.21 sys=0.01, real=0.03 secs] 
221.591: Total time for which application threads were stopped: 0.0305590 seconds, Stopping threads took: 0.0001040 seconds
221.653: Application time: 0.0618100 seconds
221.653: [GC221.653: [ParNew: 122240K->13568K(122240K), 0.0327710 secs] 323742K->235538K(396032K), 0.0328200 secs] [Times: user=0.23 sys=0.00, real=0.03 secs] 
221.686: Total time for which application threads were stopped: 0.0330030 seconds, Stopping threads took: 0.0001140 seconds
221.733: [CMS-concurrent-mark: 0.228/0.326 secs] [Times: user=2.49 sys=0.01, real=0.33 secs] 
221.733: [CMS-concurrent-preclean-start]
221.740: Application time: 0.0541130 seconds
221.740: [GC221.740: [ParNew: 122175K->13568K(122240K), 0.0362920 secs] 344145K->260217K(396032K), 0.0363400 secs] [Times: user=0.25 sys=0.00, real=0.04 secs] 
221.777: Total time for which application threads were stopped: 0.0364860 seconds, Stopping threads took: 0.0000760 seconds
221.836: Application time: 0.0596520 seconds
221.836: [GC221.836: [ParNew: 122240K->122240K(122240K), 0.0000150 secs]221.836: [CMS221.985: [CMS-concurrent-preclean: 0.213/0.252 secs] [Times: user=0.93 sys=0.00, real=0.25 secs] 
 (concurrent mode failure): 246649K->144350K(273792K), 0.4823070 secs] 368889K->144350K(396032K), [CMS Perm : 9130K->9130K(21248K)], 0.4823790 secs] [Times: user=0.48 sys=0.00, real=0.48 secs] 
222.319: Total time for which application threads were stopped: 0.4825480 seconds, Stopping threads took: 0.0000990 seconds
222.377: Application time: 0.0586950 seconds
222.378: [GC222.378: [ParNew: 108672K->13528K(122240K), 0.0096680 secs] 253022K->157879K(396032K), 0.0097170 secs] [Times: user=0.07 sys=0.00, real=0.01 secs] 
222.387: Total time for which application threads were stopped: 0.0099910 seconds, Stopping threads took: 0.0001720 seconds
222.435: Application time: 0.0480040 seconds
222.436: [GC222.436: [ParNew: 122200K->13568K(122240K), 0.0241330 secs] 266551K->174710K(396032K), 0.0241810 secs] [Times: user=0.17 sys=0.00, real=0.02 secs] 
222.460: Total time for which application threads were stopped: 0.0243780 seconds, Stopping threads took: 0.0001240 seconds
222.506: Application time: 0.0458970 seconds
222.506: [GC222.506: [ParNew: 122240K->13568K(122240K), 0.0356900 secs] 283382K->202871K(396032K), 0.0357410 secs] [Times: user=0.25 sys=0.00, real=0.03 secs] 
222.542: Total time for which application threads were stopped: 0.0359340 seconds, Stopping threads took: 0.0001200 seconds
222.542: Application time: 0.0000610 seconds
222.542: [GC [1 CMS-initial-mark: 189303K(273792K)] 203946K(396032K), 0.0110810 secs] [Times: user=0.01 sys=0.00, real=0.02 secs] 
222.553: Total time for which application threads were stopped: 0.0112430 seconds, Stopping threads took: 0.0001190 seconds
222.553: [CMS-concurrent-mark-start]
222.600: Application time: 0.0469740 seconds
222.600: [GC222.600: [ParNew: 122240K->13568K(122240K), 0.0406220 secs] 311543K->230402K(396032K), 0.0406800 secs] [Times: user=0.28 sys=0.00, real=0.04 secs] 
222.641: Total time for which application threads were stopped: 0.0408260 seconds, Stopping threads took: 0.0000650 seconds
222.695: Application time: 0.0545420 seconds
222.695: [GC222.695: [ParNew: 122240K->13568K(122240K), 0.0390010 secs] 339074K->256752K(396032K), 0.0390490 secs] [Times: user=0.27 sys=0.00, real=0.04 secs] 
222.735: Total time for which application threads were stopped: 0.0391860 seconds, Stopping threads took: 0.0000650 seconds
222.793: Application time: 0.0584860 seconds
222.793: [GC222.793: [ParNew: 122164K->122164K(122240K), 0.0000150 secs]222.793: [CMS222.827: [CMS-concurrent-mark: 0.193/0.274 secs] [Times: user=1.89 sys=0.00, real=0.27 secs] 
 (concurrent mode failure): 243184K->136240K(273792K), 0.3437120 secs] 365348K->136240K(396032K), [CMS Perm : 9130K->9130K(21248K)], 0.3437820 secs] [Times: user=0.37 sys=0.00, real=0.34 secs] 
223.137: Total time for which application threads were stopped: 0.3439670 seconds, Stopping threads took: 0.0001160 seconds
223.183: Application time: 0.0457730 seconds
223.183: [GC223.183: [ParNew: 108672K->13568K(122240K), 0.0181930 secs] 244912K->159870K(396032K), 0.0182410 secs] [Times: user=0.13 sys=0.00, real=0.02 secs] 
223.201: Total time for which application threads were stopped: 0.0185220 seconds, Stopping threads took: 0.0001980 seconds
223.254: Application time: 0.0530130 seconds
223.254: [GC223.255: [ParNew: 122240K->13568K(122240K), 0.0309060 secs] 268542K->181609K(396032K), 0.0309530 secs] [Times: user=0.21 sys=0.00, real=0.03 secs] 
223.285: Total time for which application threads were stopped: 0.0311790 seconds, Stopping threads took: 0.0001340 seconds
223.286: Application time: 0.0001120 seconds
223.286: [GC [1 CMS-initial-mark: 168041K(273792K)] 183291K(396032K), 0.0117190 secs] [Times: user=0.01 sys=0.00, real=0.01 secs] 
223.297: Total time for which application threads were stopped: 0.0118280 seconds, Stopping threads took: 0.0000690 seconds
223.297: [CMS-concurrent-mark-start]
223.365: Application time: 0.0674450 seconds
223.365: [GC223.365: [ParNew: 122240K->13568K(122240K), 0.0257340 secs] 290281K->195107K(396032K), 0.0257820 secs] [Times: user=0.18 sys=0.00, real=0.02 secs] 
223.391: Total time for which application threads were stopped: 0.0259170 seconds, Stopping threads took: 0.0000650 seconds
223.450: Application time: 0.0594250 seconds
223.450: [GC223.450: [ParNew: 122240K->13568K(122240K), 0.0305550 secs] 303779K->213815K(396032K), 0.0306000 secs] [Times: user=0.21 sys=0.00, real=0.03 secs] 
223.481: Total time for which application threads were stopped: 0.0307570 seconds, Stopping threads took: 0.0000780 seconds
223.541: Application time: 0.0601790 seconds
223.541: [GC223.541: [ParNew: 122240K->13568K(122240K), 0.0271930 secs] 322487K->228799K(396032K), 0.0272410 secs] [Times: user=0.20 sys=0.00, real=0.03 secs] 
223.569: Total time for which application threads were stopped: 0.0273900 seconds, Stopping threads took: 0.0000790 seconds
223.620: [CMS-concurrent-mark: 0.239/0.323 secs] [Times: user=2.48 sys=0.00, real=0.32 secs] 
223.620: [CMS-concurrent-preclean-start]
223.630: Application time: 0.0614850 seconds
223.630: [GC223.630: [ParNew: 122240K->13568K(122240K), 0.0292840 secs] 337471K->246605K(396032K), 0.0293290 secs] [Times: user=0.20 sys=0.00, real=0.03 secs] 
223.660: Total time for which application threads were stopped: 0.0294710 seconds, Stopping threads took: 0.0000720 seconds
223.706: Application time: 0.0466090 seconds
223.706: [GC223.706: [ParNew: 122240K->13568K(122240K), 0.0402350 secs] 355277K->276900K(396032K), 0.0402850 secs] [Times: user=0.27 sys=0.00, real=0.04 secs] 
223.747: Total time for which application threads were stopped: 0.0404720 seconds, Stopping threads took: 0.0001040 seconds
223.791: Application time: 0.0446800 seconds
223.791: [GC223.791: [ParNew: 122240K->122240K(122240K), 0.0000140 secs]223.791: [CMS223.951: [CMS-concurrent-preclean: 0.259/0.331 secs] [Times: user=1.47 sys=0.01, real=0.33 secs] 
 (concurrent mode failure): 263332K->129719K(273792K), 0.4440870 secs] 385572K->129719K(396032K), [CMS Perm : 9130K->9130K(21248K)], 0.4441700 secs] [Times: user=0.44 sys=0.00, real=0.45 secs] 
224.237: Total time for which application threads were stopped: 0.4458360 seconds, Stopping threads took: 0.0001020 seconds
224.280: Application time: 0.0429390 seconds
224.280: [GC224.280: [ParNew: 108672K->13568K(122240K), 0.0252410 secs] 238391K->161621K(396032K), 0.0252890 secs] [Times: user=0.17 sys=0.00, real=0.03 secs] 
224.305: Total time for which application threads were stopped: 0.0254300 seconds, Stopping threads took: 0.0000550 seconds
224.356: Application time: 0.0505760 seconds
224.356: [GC224.356: [ParNew: 122240K->13568K(122240K), 0.0337510 secs] 270293K->184017K(396032K), 0.0338000 secs] [Times: user=0.24 sys=0.00, real=0.03 secs] 
224.390: Total time for which application threads were stopped: 0.0339870 seconds, Stopping threads took: 0.0001060 seconds
224.390: Application time: 0.0000790 seconds
224.390: [GC [1 CMS-initial-mark: 170449K(273792K)] 185460K(396032K), 0.0116100 secs] [Times: user=0.01 sys=0.00, real=0.01 secs] 
224.402: Total time for which application threads were stopped: 0.0117860 seconds, Stopping threads took: 0.0001360 seconds
224.402: [CMS-concurrent-mark-start]
224.461: Application time: 0.0591790 seconds
224.461: [GC224.461: [ParNew: 122240K->13567K(122240K), 0.0305490 secs] 292689K->202104K(396032K), 0.0306020 secs] [Times: user=0.21 sys=0.00, real=0.03 secs] 
224.492: Total time for which application threads were stopped: 0.0307590 seconds, Stopping threads took: 0.0000870 seconds
224.552: Application time: 0.0597650 seconds
224.552: [GC224.552: [ParNew: 122239K->13567K(122240K), 0.0349540 secs] 310776K->225038K(396032K), 0.0350030 secs] [Times: user=0.24 sys=0.00, real=0.04 secs] 
224.587: Total time for which application threads were stopped: 0.0351160 seconds, Stopping threads took: 0.0000430 seconds
224.660: Application time: 0.0727760 seconds
224.660: [GC224.660: [ParNew: 122239K->13566K(122240K), 0.0261810 secs] 333710K->238230K(396032K), 0.0262290 secs] [Times: user=0.19 sys=0.00, real=0.03 secs] 
224.686: Total time for which application threads were stopped: 0.0263390 seconds, Stopping threads took: 0.0000380 seconds
224.727: [CMS-concurrent-mark: 0.232/0.325 secs] [Times: user=2.50 sys=0.00, real=0.33 secs] 
224.727: [CMS-concurrent-preclean-start]
224.752: Application time: 0.0657980 seconds
224.752: [GC224.752: [ParNew: 122172K->13568K(122240K), 0.0234200 secs] 346835K->249350K(396032K), 0.0234680 secs] [Times: user=0.16 sys=0.00, real=0.03 secs] 
224.775: Total time for which application threads were stopped: 0.0236210 seconds, Stopping threads took: 0.0000790 seconds
224.826: Application time: 0.0503970 seconds
224.826: [GC224.826: [ParNew: 122240K->13568K(122240K), 0.0341540 secs] 358022K->272232K(396032K), 0.0342060 secs] [Times: user=0.24 sys=0.00, real=0.03 secs] 
224.860: Total time for which application threads were stopped: 0.0343820 seconds, Stopping threads took: 0.0000920 seconds
224.902: Application time: 0.0424060 seconds
224.903: [GC224.903: [ParNew: 122240K->122240K(122240K), 0.0000160 secs]224.903: [CMS225.044: [CMS-concurrent-preclean: 0.258/0.318 secs] [Times: user=1.49 sys=0.01, real=0.31 secs] 
 (concurrent mode failure): 258664K->117974K(273792K), 0.3911830 secs] 380904K->117974K(396032K), [CMS Perm : 9130K->9130K(21248K)], 0.3912500 secs] [Times: user=0.39 sys=0.00, real=0.40 secs] 
225.294: Total time for which application threads were stopped: 0.3914520 seconds, Stopping threads took: 0.0001320 seconds
225.332: Application time: 0.0379750 seconds
225.332: [GC225.332: [ParNew: 108672K->13568K(122240K), 0.0302970 secs] 226646K->156775K(396032K), 0.0303480 secs] [Times: user=0.21 sys=0.00, real=0.03 secs] 
225.362: Total time for which application threads were stopped: 0.0305460 seconds, Stopping threads took: 0.0001100 seconds
225.410: Application time: 0.0480270 seconds
225.411: [GC225.411: [ParNew: 122240K->13568K(122240K), 0.0388270 secs] 265447K->182292K(396032K), 0.0388830 secs] [Times: user=0.27 sys=0.00, real=0.04 secs] 
225.450: Total time for which application threads were stopped: 0.0390750 seconds, Stopping threads took: 0.0001240 seconds
225.469: Application time: 0.0192760 seconds
225.473: [GC [1 CMS-initial-mark: 168724K(273792K)] 221532K(396032K), 0.0398690 secs] [Times: user=0.04 sys=0.00, real=0.04 secs] 
225.513: Total time for which application threads were stopped: 0.0439970 seconds, Stopping threads took: 0.0040770 seconds
225.513: [CMS-concurrent-mark-start]
225.552: Application time: 0.0389010 seconds
225.552: [GC225.552: [ParNew: 122240K->13568K(122240K), 0.0334380 secs] 290964K->201578K(396032K), 0.0334850 secs] [Times: user=0.23 sys=0.00, real=0.04 secs] 
225.585: Total time for which application threads were stopped: 0.0336370 seconds, Stopping threads took: 0.0000850 seconds
225.648: Application time: 0.0623100 seconds
225.648: [GC225.648: [ParNew: 122240K->13568K(122240K), 0.0308110 secs] 310250K->220110K(396032K), 0.0308600 secs] [Times: user=0.22 sys=0.00, real=0.03 secs] 
225.679: Total time for which application threads were stopped: 0.0310130 seconds, Stopping threads took: 0.0000820 seconds
225.742: Application time: 0.0631230 seconds
225.742: [GC225.742: [ParNew: 122240K->13568K(122240K), 0.0273380 secs] 328782K->234611K(396032K), 0.0273850 secs] [Times: user=0.20 sys=0.00, real=0.03 secs] 
225.769: Total time for which application threads were stopped: 0.0275220 seconds, Stopping threads took: 0.0000690 seconds
225.843: [CMS-concurrent-mark: 0.238/0.331 secs] [Times: user=2.54 sys=0.00, real=0.32 secs] 
225.843: [CMS-concurrent-preclean-start]
225.845: Application time: 0.0751540 seconds
225.845: [GC225.845: [ParNew: 122240K->12453K(122240K), 0.0229660 secs] 343283K->244489K(396032K), 0.0230060 secs] [Times: user=0.17 sys=0.00, real=0.03 secs] 
225.868: Total time for which application threads were stopped: 0.0231660 seconds, Stopping threads took: 0.0000790 seconds
225.918: Application time: 0.0498270 seconds
225.918: [GC225.918: [ParNew: 121125K->13568K(122240K), 0.0294050 secs] 353161K->263808K(396032K), 0.0294540 secs] [Times: user=0.21 sys=0.00, real=0.03 secs] 
225.947: Total time for which application threads were stopped: 0.0296030 seconds, Stopping threads took: 0.0000770 seconds
225.992: Application time: 0.0453240 seconds
225.993: [GC225.993: [ParNew (promotion failed): 122227K->122227K(122240K), 3.7580430 secs]229.751: [CMS229.905: [CMS-concurrent-preclean: 0.249/4.062 secs] [Times: user=6.50 sys=0.84, real=4.07 secs] 
 (concurrent mode failure): 270727K->128320K(273792K), 0.4276550 secs] 372467K->128320K(396032K), [CMS Perm : 9130K->9130K(21248K)], 4.1857740 secs] [Times: user=5.62 sys=0.84, real=4.19 secs] 
230.178: Total time for which application threads were stopped: 4.1859680 seconds, Stopping threads took: 0.0001230 seconds
230.226: Application time: 0.0472810 seconds
230.226: [GC230.226: [ParNew: 108672K->13568K(122240K), 0.0219090 secs] 236992K->155602K(396032K), 0.0219590 secs] [Times: user=0.16 sys=0.00, real=0.02 secs] 
230.248: Total time for which application threads were stopped: 0.0221290 seconds, Stopping threads took: 0.0000900 seconds
230.296: Application time: 0.0486350 seconds
230.297: [GC230.297: [ParNew: 122240K->13568K(122240K), 0.0322920 secs] 264274K->178862K(396032K), 0.0323400 secs] [Times: user=0.22 sys=0.00, real=0.03 secs] 
230.329: Total time for which application threads were stopped: 0.0325170 seconds, Stopping threads took: 0.0001060 seconds
230.370: Application time: 0.0408300 seconds
230.370: [GC230.370: [ParNew: 122240K->13568K(122240K), 0.0356850 secs] 287534K->206884K(396032K), 0.0357330 secs] [Times: user=0.24 sys=0.00, real=0.04 secs] 
230.406: Total time for which application threads were stopped: 0.0358970 seconds, Stopping threads took: 0.0000930 seconds
230.406: Application time: 0.0000390 seconds
230.406: [GC [1 CMS-initial-mark: 193316K(273792K)] 207669K(396032K), 0.0109790 secs] [Times: user=0.01 sys=0.00, real=0.01 secs] 
230.417: Total time for which application threads were stopped: 0.0110660 seconds, Stopping threads took: 0.0000430 seconds
230.417: [CMS-concurrent-mark-start]
230.481: Application time: 0.0644480 seconds
230.481: [GC230.481: [ParNew: 122240K->13568K(122240K), 0.0334330 secs] 315556K->226718K(396032K), 0.0334840 secs] [Times: user=0.23 sys=0.00, real=0.04 secs] 
230.515: Total time for which application threads were stopped: 0.0336450 seconds, Stopping threads took: 0.0000910 seconds
230.574: Application time: 0.0590440 seconds
230.574: [GC230.574: [ParNew: 122240K->13568K(122240K), 0.0309410 secs] 335390K->245169K(396032K), 0.0309890 secs] [Times: user=0.22 sys=0.00, real=0.03 secs] 
230.605: Total time for which application threads were stopped: 0.0311670 seconds, Stopping threads took: 0.0001080 seconds
230.669: Application time: 0.0639000 seconds
230.669: [GC230.669: [ParNew: 122240K->13568K(122240K), 0.0292750 secs] 353841K->262381K(396032K), 0.0293210 secs] [Times: user=0.20 sys=0.00, real=0.03 secs] 
230.699: Total time for which application threads were stopped: 0.0294770 seconds, Stopping threads took: 0.0000870 seconds
230.726: [CMS-concurrent-mark: 0.214/0.309 secs] [Times: user=2.37 sys=0.00, real=0.31 secs] 
230.726: [CMS-concurrent-preclean-start]
230.757: Application time: 0.0587410 seconds
230.757: [GC230.757: [ParNew: 122240K->13568K(122240K), 0.0296070 secs] 371053K->280433K(396032K), 0.0296530 secs] [Times: user=0.21 sys=0.00, real=0.03 secs] 
230.787: Total time for which application threads were stopped: 0.0298320 seconds, Stopping threads took: 0.0000980 seconds
230.846: Application time: 0.0592490 seconds
230.846: [GC230.846: [ParNew: 122240K->122240K(122240K), 0.0000130 secs]230.846: [CMS230.970: [CMS-concurrent-preclean: 0.212/0.244 secs] [Times: user=1.05 sys=0.01, real=0.24 secs] 
 (concurrent mode failure): 266865K->134660K(273792K), 0.4192660 secs] 389105K->134660K(396032K), [CMS Perm : 9130K->9130K(21248K)], 0.4193320 secs] [Times: user=0.42 sys=0.00, real=0.42 secs] 
231.266: Total time for which application threads were stopped: 0.4194770 seconds, Stopping threads took: 0.0000770 seconds
231.318: Application time: 0.0525290 seconds
231.319: [GC231.319: [ParNew: 108672K->13566K(122240K), 0.0121590 secs] 243332K->150331K(396032K), 0.0122080 secs] [Times: user=0.09 sys=0.00, real=0.01 secs] 
231.331: Total time for which application threads were stopped: 0.0123970 seconds, Stopping threads took: 0.0001080 seconds
231.374: Application time: 0.0435190 seconds
231.375: [GC231.375: [ParNew: 122238K->13567K(122240K), 0.0347870 secs] 259003K->182259K(396032K), 0.0348340 secs] [Times: user=0.23 sys=0.00, real=0.03 secs] 
231.409: Total time for which application threads were stopped: 0.0351250 seconds, Stopping threads took: 0.0002110 seconds
231.417: Application time: 0.0074800 seconds
231.417: [GC [1 CMS-initial-mark: 168692K(273792K)] 201821K(396032K), 0.0191010 secs] [Times: user=0.02 sys=0.00, real=0.02 secs] 
231.436: Total time for which application threads were stopped: 0.0193480 seconds, Stopping threads took: 0.0001970 seconds
231.436: [CMS-concurrent-mark-start]
231.482: Application time: 0.0452950 seconds
231.482: [GC231.482: [ParNew: 122239K->13566K(122240K), 0.0369240 secs] 290931K->207577K(396032K), 0.0369690 secs] [Times: user=0.26 sys=0.00, real=0.04 secs] 
231.519: Total time for which application threads were stopped: 0.0371470 seconds, Stopping threads took: 0.0001060 seconds
231.567: Application time: 0.0485750 seconds
231.567: [GC231.567: [ParNew: 122238K->13566K(122240K), 0.0383300 secs] 316249K->233921K(396032K), 0.0383750 secs] [Times: user=0.26 sys=0.00, real=0.04 secs] 
231.606: Total time for which application threads were stopped: 0.0385300 seconds, Stopping threads took: 0.0000860 seconds
231.679: Application time: 0.0732330 seconds
231.679: [GC231.679: [ParNew: 122238K->13566K(122240K), 0.0309290 secs] 342593K->250491K(396032K), 0.0309750 secs] [Times: user=0.22 sys=0.00, real=0.03 secs] 
231.710: Total time for which application threads were stopped: 0.0311100 seconds, Stopping threads took: 0.0000600 seconds
231.766: [CMS-concurrent-mark: 0.223/0.330 secs] [Times: user=2.52 sys=0.00, real=0.33 secs] 
231.767: [CMS-concurrent-preclean-start]
231.769: Application time: 0.0587610 seconds
231.769: [GC231.769: [ParNew: 122238K->13568K(122240K), 0.0331950 secs] 359163K->270853K(396032K), 0.0332440 secs] [Times: user=0.23 sys=0.00, real=0.03 secs] 
231.802: Total time for which application threads were stopped: 0.0334010 seconds, Stopping threads took: 0.0000870 seconds
231.862: Application time: 0.0596120 seconds
231.862: [GC231.862: [ParNew: 122240K->122240K(122240K), 0.0000150 secs]231.862: [CMS232.004: [CMS-concurrent-preclean: 0.202/0.238 secs] [Times: user=0.88 sys=0.00, real=0.23 secs] 
 (concurrent mode failure): 257285K->128874K(273792K), 0.4233020 secs] 379525K->128874K(396032K), [CMS Perm : 9130K->9130K(21248K)], 0.4233710 secs] [Times: user=0.43 sys=0.00, real=0.43 secs] 
232.285: Total time for which application threads were stopped: 0.4235300 seconds, Stopping threads took: 0.0000800 seconds
232.331: Application time: 0.0459540 seconds
232.333: [GC232.333: [ParNew: 108672K->13568K(122240K), 0.0186850 secs] 237546K->153783K(396032K), 0.0187330 secs] [Times: user=0.13 sys=0.00, real=0.01 secs] 
232.352: Total time for which application threads were stopped: 0.0203140 seconds, Stopping threads took: 0.0014900 seconds
232.407: Application time: 0.0556920 seconds
232.408: [GC232.408: [ParNew: 122240K->13568K(122240K), 0.0276310 secs] 262455K->170118K(396032K), 0.0276790 secs] [Times: user=0.20 sys=0.00, real=0.03 secs] 
232.435: Total time for which application threads were stopped: 0.0279300 seconds, Stopping threads took: 0.0001450 seconds
232.485: Application time: 0.0495600 seconds
232.485: [GC232.485: [ParNew: 122240K->13568K(122240K), 0.0274400 secs] 278790K->187802K(396032K), 0.0274910 secs] [Times: user=0.19 sys=0.00, real=0.02 secs] 
232.513: Total time for which application threads were stopped: 0.0276470 seconds, Stopping threads took: 0.0000820 seconds
232.513: Application time: 0.0001110 seconds
232.513: [GC [1 CMS-initial-mark: 174234K(273792K)] 189295K(396032K), 0.0104250 secs] [Times: user=0.01 sys=0.00, real=0.00 secs] 
232.523: Total time for which application threads were stopped: 0.0105580 seconds, Stopping threads took: 0.0000810 seconds
232.523: [CMS-concurrent-mark-start]
232.566: Application time: 0.0430920 seconds
232.566: [GC232.566: [ParNew: 122240K->13568K(122240K), 0.0417550 secs] 296474K->223408K(396032K), 0.0418010 secs] [Times: user=0.28 sys=0.00, real=0.04 secs] 
232.608: Total time for which application threads were stopped: 0.0419270 seconds, Stopping threads took: 0.0000580 seconds
232.660: Application time: 0.0513540 seconds
232.660: [GC232.660: [ParNew: 122240K->13568K(122240K), 0.0420960 secs] 332080K->251686K(396032K), 0.0421430 secs] [Times: user=0.29 sys=0.00, real=0.04 secs] 
232.702: Total time for which application threads were stopped: 0.0422920 seconds, Stopping threads took: 0.0000800 seconds
232.761: Application time: 0.0591880 seconds
232.761: [GC232.761: [ParNew: 122240K->122240K(122240K), 0.0000140 secs]232.761: [CMS232.803: [CMS-concurrent-mark: 0.194/0.279 secs] [Times: user=1.87 sys=0.01, real=0.28 secs] 
 (concurrent mode failure): 238118K->141961K(273792K), 0.3408170 secs] 360358K->141961K(396032K), [CMS Perm : 9130K->9130K(21248K)], 0.3408830 secs] [Times: user=0.38 sys=0.00, real=0.34 secs] 
233.102: Total time for which application threads were stopped: 0.3410410 seconds, Stopping threads took: 0.0000880 seconds
233.155: Application time: 0.0529700 seconds
233.155: [GC233.155: [ParNew: 108672K->13568K(122240K), 0.0169660 secs] 250633K->163262K(396032K), 0.0170140 secs] [Times: user=0.13 sys=0.00, real=0.01 secs] 
233.172: Total time for which application threads were stopped: 0.0173460 seconds, Stopping threads took: 0.0002250 seconds
233.226: Application time: 0.0531020 seconds
233.226: [GC233.226: [ParNew: 122240K->13566K(122240K), 0.0281080 secs] 271934K->181314K(396032K), 0.0281650 secs] [Times: user=0.20 sys=0.00, real=0.03 secs] 
233.254: Total time for which application threads were stopped: 0.0283630 seconds, Stopping threads took: 0.0001280 seconds
233.269: Application time: 0.0149140 seconds
233.269: [GC [1 CMS-initial-mark: 167748K(273792K)] 214331K(396032K), 0.0296970 secs] [Times: user=0.03 sys=0.00, real=0.03 secs] 
233.299: Total time for which application threads were stopped: 0.0298400 seconds, Stopping threads took: 0.0000900 seconds
233.299: [CMS-concurrent-mark-start]
233.338: Application time: 0.0397990 seconds
233.339: [GC233.339: [ParNew: 122238K->13566K(122240K), 0.0284590 secs] 289986K->198809K(396032K), 0.0285070 secs] [Times: user=0.20 sys=0.00, real=0.03 secs] 
233.367: Total time for which application threads were stopped: 0.0286440 seconds, Stopping threads took: 0.0000670 seconds
233.432: Application time: 0.0652490 seconds
233.433: [GC233.433: [ParNew: 122238K->13568K(122240K), 0.0275440 secs] 307481K->214377K(396032K), 0.0275920 secs] [Times: user=0.19 sys=0.00, real=0.03 secs] 
233.460: Total time for which application threads were stopped: 0.0277490 seconds, Stopping threads took: 0.0000880 seconds
233.508: Application time: 0.0480050 seconds
233.508: [GC233.508: [ParNew: 122240K->13568K(122240K), 0.0364890 secs] 323049K->241813K(396032K), 0.0365530 secs] [Times: user=0.24 sys=0.01, real=0.04 secs] 
233.545: Total time for which application threads were stopped: 0.0366850 seconds, Stopping threads took: 0.0000620 seconds
233.592: Application time: 0.0473560 seconds
233.592: [GC233.592: [ParNew: 122240K->13568K(122240K), 0.0401010 secs] 350485K->271116K(396032K), 0.0401500 secs] [Times: user=0.28 sys=0.00, real=0.04 secs] 
233.633: Total time for which application threads were stopped: 0.0403140 seconds, Stopping threads took: 0.0000940 seconds
233.686: Application time: 0.0535870 seconds
233.686: [GC233.686: [ParNew: 122240K->122240K(122240K), 0.0000140 secs]233.686: [CMS233.706: [CMS-concurrent-mark: 0.273/0.408 secs] [Times: user=2.97 sys=0.02, real=0.41 secs] 
 (concurrent mode failure): 257548K->136197K(273792K), 0.3336850 secs] 379788K->136197K(396032K), [CMS Perm : 9130K->9130K(21248K)], 0.3337550 secs] [Times: user=0.35 sys=0.00, real=0.33 secs] 
234.020: Total time for which application threads were stopped: 0.3338490 seconds, Stopping threads took: 0.0000130 seconds
234.064: Application time: 0.0444350 seconds
234.065: [GC234.065: [ParNew: 108672K->13568K(122240K), 0.0216370 secs] 244869K->163894K(396032K), 0.0216870 secs] [Times: user=0.15 sys=0.00, real=0.03 secs] 
234.086: Total time for which application threads were stopped: 0.0218660 seconds, Stopping threads took: 0.0001100 seconds
234.142: Application time: 0.0559010 seconds
234.142: [GC234.142: [ParNew: 122240K->13568K(122240K), 0.0280180 secs] 272566K->180137K(396032K), 0.0280670 secs] [Times: user=0.20 sys=0.00, real=0.03 secs] 
234.170: Total time for which application threads were stopped: 0.0283040 seconds, Stopping threads took: 0.0001660 seconds
234.171: Application time: 0.0001110 seconds
234.171: [GC [1 CMS-initial-mark: 166569K(273792K)] 181862K(396032K), 0.0126130 secs] [Times: user=0.02 sys=0.00, real=0.01 secs] 
234.183: Total time for which application threads were stopped: 0.0127440 seconds, Stopping threads took: 0.0000870 seconds
234.183: [CMS-concurrent-mark-start]
234.244: Application time: 0.0606590 seconds
234.244: [GC234.244: [ParNew: 122240K->13568K(122240K), 0.0311520 secs] 288809K->199127K(396032K), 0.0311990 secs] [Times: user=0.22 sys=0.00, real=0.04 secs] 
234.275: Total time for which application threads were stopped: 0.0313660 seconds, Stopping threads took: 0.0000840 seconds
234.348: Application time: 0.0729270 seconds
234.348: [GC234.348: [ParNew: 122240K->13568K(122240K), 0.0250140 secs] 307799K->212017K(396032K), 0.0250590 secs] [Times: user=0.18 sys=0.00, real=0.03 secs] 
234.373: Total time for which application threads were stopped: 0.0252100 seconds, Stopping threads took: 0.0000800 seconds
234.440: [CMS-concurrent-mark: 0.200/0.256 secs] [Times: user=1.97 sys=0.00, real=0.26 secs] 
234.440: Application time: 0.0664000 seconds
234.440: [GC234.440: [ParNew: 122240K->13568K(122240K), 0.0248710 secs] 320689K->224275K(396032K), 0.0249070 secs] [Times: user=0.18 sys=0.00, real=0.03 secs] 
234.465: Total time for which application threads were stopped: 0.0250280 seconds, Stopping threads took: 0.0000530 seconds
234.465: [CMS-concurrent-preclean-start]
234.508: Application time: 0.0435350 seconds
234.509: [GC234.509: [ParNew: 122240K->13568K(122240K), 0.0355700 secs] 332947K->251452K(396032K), 0.0356200 secs] [Times: user=0.24 sys=0.00, real=0.03 secs] 
234.544: Total time for which application threads were stopped: 0.0357930 seconds, Stopping threads took: 0.0001020 seconds
234.589: Application time: 0.0449180 seconds
234.589: [GC234.589: [ParNew (promotion failed): 122240K->122240K(122240K), 0.0688240 secs]234.658: [CMS234.808: [CMS-concurrent-preclean: 0.237/0.343 secs] [Times: user=1.42 sys=0.01, real=0.34 secs] 
 (concurrent mode failure): 269953K->128492K(273792K), 0.4223130 secs] 360124K->128492K(396032K), [CMS Perm : 9130K->9130K(21248K)], 0.4912130 secs] [Times: user=0.75 sys=0.01, real=0.49 secs] 
235.081: Total time for which application threads were stopped: 0.4913530 seconds, Stopping threads took: 0.0000710 seconds
235.125: Application time: 0.0447830 seconds
235.129: [GC235.129: [ParNew: 108672K->13568K(122240K), 0.0219630 secs] 237164K->156107K(396032K), 0.0220120 secs] [Times: user=0.15 sys=0.00, real=0.02 secs] 
235.151: Total time for which application threads were stopped: 0.0256230 seconds, Stopping threads took: 0.0035290 seconds
235.197: Application time: 0.0456840 seconds
235.201: [GC235.201: [ParNew: 122240K->13568K(122240K), 0.0358470 secs] 264779K->184490K(396032K), 0.0358950 secs] [Times: user=0.25 sys=0.00, real=0.04 secs] 
235.237: Total time for which application threads were stopped: 0.0403920 seconds, Stopping threads took: 0.0044040 seconds
235.237: Application time: 0.0000460 seconds
235.237: [GC [1 CMS-initial-mark: 170922K(273792K)] 185213K(396032K), 0.0109480 secs] [Times: user=0.01 sys=0.00, real=0.01 secs] 
235.248: Total time for which application threads were stopped: 0.0110420 seconds, Stopping threads took: 0.0000510 seconds
235.248: [CMS-concurrent-mark-start]
235.305: Application time: 0.0567380 seconds
235.305: [GC235.305: [ParNew: 122240K->13568K(122240K), 0.0382300 secs] 293162K->210123K(396032K), 0.0382790 secs] [Times: user=0.27 sys=0.00, real=0.03 secs] 
235.343: Total time for which application threads were stopped: 0.0384020 seconds, Stopping threads took: 0.0000540 seconds
235.405: Application time: 0.0616030 seconds
235.405: [GC235.405: [ParNew: 122240K->13566K(122240K), 0.0324030 secs] 318795K->229396K(396032K), 0.0324490 secs] [Times: user=0.23 sys=0.00, real=0.03 secs] 
235.437: Total time for which application threads were stopped: 0.0326070 seconds, Stopping threads took: 0.0000900 seconds
235.514: Application time: 0.0765620 seconds
235.514: [GC235.514: [ParNew: 122238K->13566K(122240K), 0.0262860 secs] 338068K->242478K(396032K), 0.0263350 secs] [Times: user=0.19 sys=0.00, real=0.02 secs] 
235.541: Total time for which application threads were stopped: 0.0265100 seconds, Stopping threads took: 0.0001050 seconds
235.569: [CMS-concurrent-mark: 0.224/0.321 secs] [Times: user=2.46 sys=0.01, real=0.32 secs] 
235.569: [CMS-concurrent-preclean-start]
235.608: Application time: 0.0670050 seconds
235.608: [GC235.608: [ParNew: 122238K->13568K(122240K), 0.0218660 secs] 351150K->252647K(396032K), 0.0219160 secs] [Times: user=0.16 sys=0.00, real=0.02 secs] 
235.630: Total time for which application threads were stopped: 0.0220970 seconds, Stopping threads took: 0.0001100 seconds
235.685: Application time: 0.0553810 seconds
235.685: [GC235.685: [ParNew: 122240K->13568K(122240K), 0.0258670 secs] 361319K->267360K(396032K), 0.0259170 secs] [Times: user=0.19 sys=0.00, real=0.02 secs] 
235.711: Total time for which application threads were stopped: 0.0261050 seconds, Stopping threads took: 0.0001020 seconds
235.765: Application time: 0.0533970 seconds
235.765: [GC235.765: [ParNew: 122240K->122240K(122240K), 0.0000150 secs]235.765: [CMS235.897: [CMS-concurrent-preclean: 0.277/0.327 secs] [Times: user=1.65 sys=0.00, real=0.33 secs] 
 (concurrent mode failure): 253792K->102324K(273792K), 0.3598760 secs] 376032K->102324K(396032K), [CMS Perm : 9130K->9130K(21248K)], 0.3599570 secs] [Times: user=0.37 sys=0.00, real=0.36 secs] 
236.125: Total time for which application threads were stopped: 0.3601090 seconds, Stopping threads took: 0.0000810 seconds
236.160: Application time: 0.0356710 seconds
236.160: [GC236.160: [ParNew: 108672K->13568K(122240K), 0.0251960 secs] 210996K->137405K(396032K), 0.0252450 secs] [Times: user=0.17 sys=0.00, real=0.03 secs] 
236.186: Total time for which application threads were stopped: 0.0254270 seconds, Stopping threads took: 0.0001110 seconds
236.222: Application time: 0.0360000 seconds
236.222: [GC236.222: [ParNew: 122240K->13568K(122240K), 0.0410170 secs] 246077K->173446K(396032K), 0.0410650 secs] [Times: user=0.27 sys=0.00, real=0.04 secs] 
236.263: Total time for which application threads were stopped: 0.0413650 seconds, Stopping threads took: 0.0001980 seconds
236.263: Application time: 0.0001200 seconds
236.263: [GC [1 CMS-initial-mark: 159878K(273792K)] 174532K(396032K), 0.0110580 secs] [Times: user=0.01 sys=0.00, real=0.02 secs] 
236.274: Total time for which application threads were stopped: 0.0111980 seconds, Stopping threads took: 0.0001000 seconds
236.274: [CMS-concurrent-mark-start]
236.327: Application time: 0.0527530 seconds
236.327: [GC236.327: [ParNew: 122240K->13568K(122240K), 0.0407370 secs] 282118K->201181K(396032K), 0.0407830 secs] [Times: user=0.28 sys=0.00, real=0.04 secs] 
236.368: Total time for which application threads were stopped: 0.0409200 seconds, Stopping threads took: 0.0000670 seconds
236.428: Application time: 0.0603290 seconds
236.429: [GC236.429: [ParNew: 122240K->13568K(122240K), 0.0457400 secs] 309853K->230236K(396032K), 0.0457860 secs] [Times: user=0.31 sys=0.00, real=0.05 secs] 
236.474: Total time for which application threads were stopped: 0.0459260 seconds, Stopping threads took: 0.0000730 seconds
236.550: Application time: 0.0753540 seconds
236.550: [GC236.550: [ParNew: 122240K->13560K(122240K), 0.0265330 secs] 338908K->243411K(396032K), 0.0265830 secs] [Times: user=0.19 sys=0.00, real=0.03 secs] 
236.576: Total time for which application threads were stopped: 0.0267380 seconds, Stopping threads took: 0.0000840 seconds
236.608: [CMS-concurrent-mark: 0.220/0.334 secs] [Times: user=2.50 sys=0.00, real=0.33 secs] 
236.609: [CMS-concurrent-preclean-start]
236.649: Application time: 0.0726280 seconds
236.649: [GC236.649: [ParNew: 122232K->11250K(122240K), 0.0197240 secs] 352083K->249285K(396032K), 0.0197690 secs] [Times: user=0.15 sys=0.00, real=0.02 secs] 
236.669: Total time for which application threads were stopped: 0.0199290 seconds, Stopping threads took: 0.0000940 seconds
236.724: Application time: 0.0544800 seconds
236.724: [GC236.724: [ParNew: 119922K->13568K(122240K), 0.0248310 secs] 357957K->264420K(396032K), 0.0248790 secs] [Times: user=0.18 sys=0.00, real=0.03 secs] 
236.749: Total time for which application threads were stopped: 0.0250390 seconds, Stopping threads took: 0.0000790 seconds
236.800: Application time: 0.0518690 seconds
236.801: [GC236.801: [ParNew: 122240K->122240K(122240K), 0.0000140 secs]236.801: [CMS236.947: [CMS-concurrent-preclean: 0.291/0.339 secs] [Times: user=1.66 sys=0.00, real=0.34 secs] 
 (concurrent mode failure): 250852K->131591K(273792K), 0.4367600 secs] 373092K->131591K(396032K), [CMS Perm : 9130K->9130K(21248K)], 0.4368280 secs] [Times: user=0.44 sys=0.00, real=0.44 secs] 
237.237: Total time for which application threads were stopped: 0.4369370 seconds, Stopping threads took: 0.0000400 seconds
237.295: Application time: 0.0571440 seconds
237.295: [GC237.295: [ParNew: 108672K->13568K(122240K), 0.0120450 secs] 240263K->145385K(396032K), 0.0120900 secs] [Times: user=0.10 sys=0.00, real=0.01 secs] 
237.307: Total time for which application threads were stopped: 0.0122830 seconds, Stopping threads took: 0.0001050 seconds
237.343: Application time: 0.0365770 seconds
237.344: [GC237.344: [ParNew: 122240K->13568K(122240K), 0.0377900 secs] 254057K->181353K(396032K), 0.0378370 secs] [Times: user=0.25 sys=0.00, real=0.04 secs] 
237.381: Total time for which application threads were stopped: 0.0380160 seconds, Stopping threads took: 0.0001080 seconds
237.381: Application time: 0.0000580 seconds
237.382: [GC [1 CMS-initial-mark: 167785K(273792K)] 182298K(396032K), 0.0106220 secs] [Times: user=0.01 sys=0.00, real=0.01 secs] 
237.392: Total time for which application threads were stopped: 0.0107170 seconds, Stopping threads took: 0.0000530 seconds
237.392: [CMS-concurrent-mark-start]
237.438: Application time: 0.0456450 seconds
237.438: [GC237.438: [ParNew: 122240K->13568K(122240K), 0.0418690 secs] 290025K->214314K(396032K), 0.0419170 secs] [Times: user=0.28 sys=0.00, real=0.04 secs] 
237.480: Total time for which application threads were stopped: 0.0420430 seconds, Stopping threads took: 0.0000550 seconds
237.526: Application time: 0.0462660 seconds
237.526: [GC237.526: [ParNew: 122240K->13568K(122240K), 0.0518370 secs] 322986K->251412K(396032K), 0.0518870 secs] [Times: user=0.35 sys=0.00, real=0.05 secs] 
237.578: Total time for which application threads were stopped: 0.0521920 seconds, Stopping threads took: 0.0002110 seconds
237.641: Application time: 0.0629480 seconds
237.641: [GC237.641: [ParNew: 122240K->122240K(122240K), 0.0000160 secs]237.641: [CMS237.679: [CMS-concurrent-mark: 0.192/0.287 secs] [Times: user=1.95 sys=0.00, real=0.29 secs] 
 (concurrent mode failure): 237844K->153378K(273792K), 0.3652180 secs] 360084K->153378K(396032K), [CMS Perm : 9130K->9130K(21248K)], 0.3652880 secs] [Times: user=0.40 sys=0.00, real=0.37 secs] 
238.007: Total time for which application threads were stopped: 0.3654320 seconds, Stopping threads took: 0.0000750 seconds
238.071: Application time: 0.0639070 seconds
238.071: [GC238.071: [ParNew: 108672K->13549K(122240K), 0.0101150 secs] 262050K->166927K(396032K), 0.0101630 secs] [Times: user=0.08 sys=0.00, real=0.01 secs] 
238.081: Total time for which application threads were stopped: 0.0104210 seconds, Stopping threads took: 0.0001740 seconds
238.141: Application time: 0.0594770 seconds
238.141: [GC238.141: [ParNew: 122221K->12038K(122240K), 0.0193150 secs] 275599K->175207K(396032K), 0.0193620 secs] [Times: user=0.14 sys=0.00, real=0.02 secs] 
238.160: Total time for which application threads were stopped: 0.0195210 seconds, Stopping threads took: 0.0000960 seconds
238.210: Application time: 0.0497130 seconds
238.210: [GC238.210: [ParNew: 120710K->13568K(122240K), 0.0235690 secs] 283879K->190882K(396032K), 0.0236170 secs] [Times: user=0.17 sys=0.00, real=0.03 secs] 
238.234: Total time for which application threads were stopped: 0.0237880 seconds, Stopping threads took: 0.0001000 seconds
238.234: Application time: 0.0000730 seconds
238.234: [GC [1 CMS-initial-mark: 177314K(273792K)] 192360K(396032K), 0.0102460 secs] [Times: user=0.01 sys=0.00, real=0.00 secs] 
238.244: Total time for which application threads were stopped: 0.0103540 seconds, Stopping threads took: 0.0000680 seconds
238.244: [CMS-concurrent-mark-start]
238.298: Application time: 0.0537870 seconds
238.298: [GC238.298: [ParNew: 122240K->13568K(122240K), 0.0374590 secs] 299554K->219103K(396032K), 0.0375110 secs] [Times: user=0.26 sys=0.00, real=0.04 secs] 
238.335: Total time for which application threads were stopped: 0.0376710 seconds, Stopping threads took: 0.0000870 seconds
238.388: Application time: 0.0526810 seconds
238.388: [GC238.388: [ParNew: 122240K->13568K(122240K), 0.0357580 secs] 327775K->243246K(396032K), 0.0358050 secs] [Times: user=0.24 sys=0.00, real=0.03 secs] 
238.424: Total time for which application threads were stopped: 0.0359370 seconds, Stopping threads took: 0.0000630 seconds
238.466: Application time: 0.0415910 seconds
238.466: [GC238.466: [ParNew: 122240K->13568K(122240K), 0.0436590 secs] 351918K->279470K(396032K), 0.0437040 secs] [Times: user=0.29 sys=0.00, real=0.04 secs] 
238.510: Total time for which application threads were stopped: 0.0438560 seconds, Stopping threads took: 0.0000830 seconds
238.558: Application time: 0.0483840 seconds
238.558: [GC238.558: [ParNew: 122240K->122240K(122240K), 0.0000140 secs]238.558: [CMS238.581: [CMS-concurrent-mark: 0.218/0.337 secs] [Times: user=2.40 sys=0.01, real=0.34 secs] 
 (concurrent mode failure): 265902K->158818K(273792K), 0.3609660 secs] 388142K->158818K(396032K), [CMS Perm : 9130K->9130K(21248K)], 0.3610380 secs] [Times: user=0.38 sys=0.00, real=0.36 secs] 
238.919: Total time for which application threads were stopped: 0.3611790 seconds, Stopping threads took: 0.0000760 seconds
238.973: Application time: 0.0543800 seconds
238.974: [GC238.974: [ParNew: 108672K->13568K(122240K), 0.0128090 secs] 267490K->174012K(396032K), 0.0128570 secs] [Times: user=0.09 sys=0.00, real=0.01 secs] 
238.987: Total time for which application threads were stopped: 0.0130490 seconds, Stopping threads took: 0.0000910 seconds
239.039: Application time: 0.0527290 seconds
239.039: [GC239.040: [ParNew: 122240K->13568K(122240K), 0.0285350 secs] 282684K->194552K(396032K), 0.0285860 secs] [Times: user=0.19 sys=0.00, real=0.03 secs] 
239.068: Total time for which application threads were stopped: 0.0288690 seconds, Stopping threads took: 0.0001890 seconds
239.068: Application time: 0.0001480 seconds
239.068: [GC [1 CMS-initial-mark: 180984K(273792K)] 196243K(396032K), 0.0105720 secs] [Times: user=0.01 sys=0.00, real=0.01 secs] 
239.079: Total time for which application threads were stopped: 0.0107340 seconds, Stopping threads took: 0.0001160 seconds
239.079: [CMS-concurrent-mark-start]
239.153: Application time: 0.0736620 seconds
239.153: [GC239.153: [ParNew: 122240K->12778K(122240K), 0.0246670 secs] 303224K->205358K(396032K), 0.0247250 secs] [Times: user=0.17 sys=0.00, real=0.03 secs] 
239.178: Total time for which application threads were stopped: 0.0248550 seconds, Stopping threads took: 0.0000590 seconds
239.253: Application time: 0.0756440 seconds
239.253: [GC239.253: [ParNew: 121450K->13250K(122240K), 0.0209540 secs] 314030K->215070K(396032K), 0.0210000 secs] [Times: user=0.15 sys=0.00, real=0.02 secs] 
239.274: Total time for which application threads were stopped: 0.0211780 seconds, Stopping threads took: 0.0001110 seconds
239.278: [CMS-concurrent-mark: 0.153/0.199 secs] [Times: user=1.54 sys=0.00, real=0.20 secs] 
239.278: [CMS-concurrent-preclean-start]
239.322: Application time: 0.0477050 seconds
239.322: [GC239.322: [ParNew: 121922K->13568K(122240K), 0.0291790 secs] 323742K->234076K(396032K), 0.0292270 secs] [Times: user=0.20 sys=0.00, real=0.03 secs] 
239.351: Total time for which application threads were stopped: 0.0293720 seconds, Stopping threads took: 0.0000730 seconds
239.394: Application time: 0.0421120 seconds
239.394: [GC239.394: [ParNew: 122240K->13568K(122240K), 0.0377320 secs] 342748K->263815K(396032K), 0.0377790 secs] [Times: user=0.26 sys=0.00, real=0.03 secs] 
239.431: Total time for which application threads were stopped: 0.0379240 seconds, Stopping threads took: 0.0000760 seconds
239.473: Application time: 0.0418790 seconds
239.473: [GC239.473: [ParNew: 122240K->122240K(122240K), 0.0000150 secs]239.474: [CMS239.609: [CMS-concurrent-preclean: 0.261/0.331 secs] [Times: user=1.62 sys=0.01, real=0.33 secs] 
 (concurrent mode failure): 250247K->128168K(273792K), 0.4021170 secs] 372487K->128168K(396032K), [CMS Perm : 9130K->9130K(21248K)], 0.4021870 secs] [Times: user=0.40 sys=0.00, real=0.40 secs] 
239.876: Total time for which application threads were stopped: 0.4023280 seconds, Stopping threads took: 0.0000710 seconds
239.915: Application time: 0.0389370 seconds
239.915: [GC239.915: [ParNew: 108672K->13568K(122240K), 0.0232400 secs] 236840K->158916K(396032K), 0.0232880 secs] [Times: user=0.16 sys=0.00, real=0.02 secs] 
239.938: Total time for which application threads were stopped: 0.0235780 seconds, Stopping threads took: 0.0002090 seconds
239.987: Application time: 0.0491750 seconds
239.988: [GC239.988: [ParNew: 122240K->13568K(122240K), 0.0365210 secs] 267588K->185052K(396032K), 0.0365820 secs] [Times: user=0.25 sys=0.00, real=0.03 secs] 
240.024: Total time for which application threads were stopped: 0.0367700 seconds, Stopping threads took: 0.0000930 seconds
240.024: Application time: 0.0001330 seconds
240.024: [GC [1 CMS-initial-mark: 171484K(273792K)] 186761K(396032K), 0.0128210 secs] [Times: user=0.01 sys=0.00, real=0.02 secs] 
240.037: Total time for which application threads were stopped: 0.0129690 seconds, Stopping threads took: 0.0001000 seconds
240.037: [CMS-concurrent-mark-start]
240.093: Application time: 0.0558090 seconds
240.093: [GC240.093: [ParNew: 122240K->13568K(122240K), 0.0339480 secs] 293724K->205467K(396032K), 0.0340000 secs] [Times: user=0.23 sys=0.00, real=0.03 secs] 
240.127: Total time for which application threads were stopped: 0.0341480 seconds, Stopping threads took: 0.0000750 seconds
240.198: Application time: 0.0711690 seconds
240.199: [GC240.199: [ParNew: 122240K->13568K(122240K), 0.0266600 secs] 314139K->218922K(396032K), 0.0267050 secs] [Times: user=0.19 sys=0.00, real=0.03 secs] 
240.225: Total time for which application threads were stopped: 0.0268460 seconds, Stopping threads took: 0.0000720 seconds
240.297: Application time: 0.0716520 seconds
240.297: [GC240.297: [ParNew: 122240K->12327K(122240K), 0.0240930 secs] 327594K->228963K(396032K), 0.0241400 secs] [Times: user=0.17 sys=0.00, real=0.02 secs] 
240.321: Total time for which application threads were stopped: 0.0243020 seconds, Stopping threads took: 0.0000920 seconds
240.371: [CMS-concurrent-mark: 0.248/0.333 secs] [Times: user=2.58 sys=0.00, real=0.33 secs] 
240.371: [CMS-concurrent-preclean-start]
240.375: Application time: 0.0540750 seconds
240.375: [GC240.375: [ParNew: 120999K->13568K(122240K), 0.0283910 secs] 337635K->247201K(396032K), 0.0284400 secs] [Times: user=0.20 sys=0.00, real=0.02 secs] 
240.404: Total time for which application threads were stopped: 0.0285860 seconds, Stopping threads took: 0.0000760 seconds
240.451: Application time: 0.0470000 seconds
240.451: [GC240.451: [ParNew: 122240K->13568K(122240K), 0.0343910 secs] 355873K->271243K(396032K), 0.0344380 secs] [Times: user=0.23 sys=0.00, real=0.04 secs] 
240.485: Total time for which application threads were stopped: 0.0346230 seconds, Stopping threads took: 0.0001010 seconds
240.540: Application time: 0.0548210 seconds
240.540: [GC240.540: [ParNew: 122088K->122088K(122240K), 0.0000160 secs]240.540: [CMS240.694: [CMS-concurrent-preclean: 0.257/0.323 secs] [Times: user=1.45 sys=0.00, real=0.33 secs] 
 (concurrent mode failure): 257675K->127510K(273792K), 0.4317470 secs] 379764K->127510K(396032K), [CMS Perm : 9130K->9130K(21248K)], 0.4318200 secs] [Times: user=0.43 sys=0.00, real=0.43 secs] 
240.972: Total time for which application threads were stopped: 0.4319780 seconds, Stopping threads took: 0.0000890 seconds
241.017: Application time: 0.0442110 seconds
241.021: [GC241.021: [ParNew: 108672K->13568K(122240K), 0.0171450 secs] 236182K->151306K(396032K), 0.0171930 secs] [Times: user=0.12 sys=0.00, real=0.02 secs] 
241.038: Total time for which application threads were stopped: 0.0217840 seconds, Stopping threads took: 0.0045130 seconds
241.079: Application time: 0.0407060 seconds
241.079: [GC241.079: [ParNew: 122240K->13568K(122240K), 0.0395620 secs] 259978K->188062K(396032K), 0.0396120 secs] [Times: user=0.26 sys=0.00, real=0.04 secs] 
241.119: Total time for which application threads were stopped: 0.0398920 seconds, Stopping threads took: 0.0001870 seconds
241.119: Application time: 0.0001240 seconds
241.119: [GC [1 CMS-initial-mark: 174494K(273792K)] 189710K(396032K), 0.0107160 secs] [Times: user=0.01 sys=0.00, real=0.01 secs] 
241.130: Total time for which application threads were stopped: 0.0108400 seconds, Stopping threads took: 0.0000790 seconds
241.130: [CMS-concurrent-mark-start]
241.182: Application time: 0.0524450 seconds
241.182: [GC241.182: [ParNew: 122240K->13568K(122240K), 0.0410550 secs] 296734K->216230K(396032K), 0.0411120 secs] [Times: user=0.29 sys=0.00, real=0.04 secs] 
241.224: Total time for which application threads were stopped: 0.0412850 seconds, Stopping threads took: 0.0001040 seconds
241.290: Application time: 0.0664520 seconds
241.290: [GC241.290: [ParNew: 122240K->13568K(122240K), 0.0324010 secs] 324902K->233892K(396032K), 0.0324500 secs] [Times: user=0.23 sys=0.00, real=0.03 secs] 
241.323: Total time for which application threads were stopped: 0.0325840 seconds, Stopping threads took: 0.0000640 seconds
241.399: Application time: 0.0765720 seconds
241.399: [GC241.399: [ParNew: 122240K->13432K(122240K), 0.0249280 secs] 342564K->246418K(396032K), 0.0249780 secs] [Times: user=0.17 sys=0.00, real=0.02 secs] 
241.424: Total time for which application threads were stopped: 0.0251420 seconds, Stopping threads took: 0.0000930 seconds
241.453: [CMS-concurrent-mark: 0.224/0.323 secs] [Times: user=2.48 sys=0.00, real=0.33 secs] 
241.453: [CMS-concurrent-preclean-start]
241.482: Application time: 0.0571720 seconds
241.482: [GC241.482: [ParNew: 122104K->13568K(122240K), 0.0250260 secs] 355090K->259547K(396032K), 0.0250730 secs] [Times: user=0.18 sys=0.00, real=0.03 secs] 
241.507: Total time for which application threads were stopped: 0.0252790 seconds, Stopping threads took: 0.0001350 seconds
241.562: Application time: 0.0555800 seconds
241.563: [GC241.563: [ParNew: 122240K->13568K(122240K), 0.0313330 secs] 368219K->278949K(396032K), 0.0313820 secs] [Times: user=0.21 sys=0.00, real=0.04 secs] 
241.594: Total time for which application threads were stopped: 0.0315790 seconds, Stopping threads took: 0.0001080 seconds
241.648: Application time: 0.0543700 seconds
241.648: [GC241.649: [ParNew: 122240K->122240K(122240K), 0.0000150 secs]241.649: [CMS241.792: [CMS-concurrent-preclean: 0.280/0.339 secs] [Times: user=1.65 sys=0.00, real=0.33 secs] 
 (concurrent mode failure): 265381K->126388K(273792K), 0.4320780 secs] 387621K->126388K(396032K), [CMS Perm : 9130K->9130K(21248K)], 0.4321510 secs] [Times: user=0.43 sys=0.00, real=0.43 secs] 
242.081: Total time for which application threads were stopped: 0.4323280 seconds, Stopping threads took: 0.0001050 seconds
242.129: Application time: 0.0483260 seconds
242.129: [GC242.129: [ParNew: 108672K->13568K(122240K), 0.0178890 secs] 235060K->149791K(396032K), 0.0179370 secs] [Times: user=0.14 sys=0.00, real=0.02 secs] 
242.147: Total time for which application threads were stopped: 0.0181480 seconds, Stopping threads took: 0.0001100 seconds
242.187: Application time: 0.0402780 seconds
242.188: [GC242.188: [ParNew: 122240K->13568K(122240K), 0.0352780 secs] 258463K->180813K(396032K), 0.0353290 secs] [Times: user=0.23 sys=0.00, real=0.03 secs] 
242.223: Total time for which application threads were stopped: 0.0354810 seconds, Stopping threads took: 0.0000790 seconds
242.223: Application time: 0.0000840 seconds
242.223: [GC [1 CMS-initial-mark: 167245K(273792K)] 182048K(396032K), 0.0105950 secs] [Times: user=0.01 sys=0.00, real=0.02 secs] 
242.234: Total time for which application threads were stopped: 0.0107540 seconds, Stopping threads took: 0.0001120 seconds
242.234: [CMS-concurrent-mark-start]
242.279: Application time: 0.0448460 seconds
242.279: [GC242.279: [ParNew: 122240K->13568K(122240K), 0.0389740 secs] 289485K->209918K(396032K), 0.0390200 secs] [Times: user=0.26 sys=0.00, real=0.04 secs] 
242.318: Total time for which application threads were stopped: 0.0391520 seconds, Stopping threads took: 0.0000660 seconds
242.377: Application time: 0.0591920 seconds
242.377: [GC242.377: [ParNew: 122240K->13568K(122240K), 0.0404050 secs] 318590K->236001K(396032K), 0.0404510 secs] [Times: user=0.28 sys=0.00, real=0.04 secs] 
242.418: Total time for which application threads were stopped: 0.0406060 seconds, Stopping threads took: 0.0000850 seconds
242.488: Application time: 0.0709300 seconds
242.489: [GC242.489: [ParNew: 122240K->13568K(122240K), 0.0306630 secs] 344673K->251992K(396032K), 0.0307100 secs] [Times: user=0.21 sys=0.01, real=0.03 secs] 
242.519: Total time for which application threads were stopped: 0.0308310 seconds, Stopping threads took: 0.0000420 seconds
242.574: [CMS-concurrent-mark: 0.230/0.341 secs] [Times: user=2.58 sys=0.01, real=0.34 secs] 
242.574: [CMS-concurrent-preclean-start]
242.582: Application time: 0.0622080 seconds
242.582: [GC242.582: [ParNew: 122240K->13568K(122240K), 0.0282480 secs] 360664K->267930K(396032K), 0.0282960 secs] [Times: user=0.20 sys=0.00, real=0.03 secs] 
242.610: Total time for which application threads were stopped: 0.0284500 seconds, Stopping threads took: 0.0000850 seconds
242.677: Application time: 0.0668190 seconds
242.677: [GC242.677: [ParNew: 122240K->122240K(122240K), 0.0000130 secs]242.677: [CMS242.812: [CMS-concurrent-preclean: 0.207/0.238 secs] [Times: user=0.94 sys=0.00, real=0.23 secs] 
 (concurrent mode failure): 254362K->125129K(273792K), 0.4391270 secs] 376602K->125129K(396032K), [CMS Perm : 9130K->9130K(21248K)], 0.4391940 secs] [Times: user=0.44 sys=0.00, real=0.44 secs] 
243.116: Total time for which application threads were stopped: 0.4393870 seconds, Stopping threads took: 0.0001170 seconds
243.163: Application time: 0.0466440 seconds
243.163: [GC243.163: [ParNew: 108672K->13568K(122240K), 0.0160340 secs] 233801K->147715K(396032K), 0.0160860 secs] [Times: user=0.12 sys=0.00, real=0.02 secs] 
243.179: Total time for which application threads were stopped: 0.0163430 seconds, Stopping threads took: 0.0001780 seconds
243.226: Application time: 0.0470750 seconds
243.226: [GC243.227: [ParNew: 122240K->13568K(122240K), 0.0330990 secs] 256387K->175124K(396032K), 0.0331480 secs] [Times: user=0.23 sys=0.00, real=0.03 secs] 
243.260: Total time for which application threads were stopped: 0.0333990 seconds, Stopping threads took: 0.0001690 seconds
243.260: Application time: 0.0000420 seconds
243.260: [GC [1 CMS-initial-mark: 161556K(273792K)] 175657K(396032K), 0.0107720 secs] [Times: user=0.01 sys=0.00, real=0.01 secs] 
243.271: Total time for which application threads were stopped: 0.0108680 seconds, Stopping threads took: 0.0000510 seconds
243.271: [CMS-concurrent-mark-start]
243.334: Application time: 0.0637890 seconds
243.335: [GC243.335: [ParNew: 122240K->13568K(122240K), 0.0312590 secs] 283796K->193493K(396032K), 0.0313090 secs] [Times: user=0.22 sys=0.00, real=0.03 secs] 
243.366: Total time for which application threads were stopped: 0.0314930 seconds, Stopping threads took: 0.0001150 seconds
243.412: Application time: 0.0460310 seconds
243.412: [GC243.412: [ParNew: 122240K->13568K(122240K), 0.0415390 secs] 302165K->225955K(396032K), 0.0415870 secs] [Times: user=0.28 sys=0.00, real=0.05 secs] 
243.454: Total time for which application threads were stopped: 0.0417580 seconds, Stopping threads took: 0.0001030 seconds
243.500: Application time: 0.0467900 seconds
243.501: [GC243.501: [ParNew: 122240K->13568K(122240K), 0.0440920 secs] 334627K->258601K(396032K), 0.0441390 secs] [Times: user=0.30 sys=0.00, real=0.04 secs] 
243.545: Total time for which application threads were stopped: 0.0442880 seconds, Stopping threads took: 0.0000800 seconds
243.613: Application time: 0.0682150 seconds
243.613: [GC243.613: [ParNew: 122240K->122240K(122240K), 0.0000140 secs]243.613: [CMS243.617: [CMS-concurrent-mark: 0.227/0.346 secs] [Times: user=2.59 sys=0.01, real=0.35 secs] 
 (concurrent mode failure): 245033K->151883K(273792K), 0.3295970 secs] 367273K->151883K(396032K), [CMS Perm : 9130K->9130K(21248K)], 0.3296670 secs] [Times: user=0.33 sys=0.00, real=0.32 secs] 
243.943: Total time for which application threads were stopped: 0.3298240 seconds, Stopping threads took: 0.0000900 seconds
244.000: Application time: 0.0571190 seconds
244.000: [GC244.000: [ParNew: 108672K->13566K(122240K), 0.0098260 secs] 260555K->165450K(396032K), 0.0098720 secs] [Times: user=0.07 sys=0.00, real=0.01 secs] 
244.010: Total time for which application threads were stopped: 0.0100630 seconds, Stopping threads took: 0.0001140 seconds
244.063: Application time: 0.0531180 seconds
244.064: [GC244.064: [ParNew: 122238K->13568K(122240K), 0.0242560 secs] 274122K->181239K(396032K), 0.0243200 secs] [Times: user=0.17 sys=0.00, real=0.03 secs] 
244.088: Total time for which application threads were stopped: 0.0250510 seconds, Stopping threads took: 0.0006470 seconds
244.088: Application time: 0.0000440 seconds
244.088: [GC [1 CMS-initial-mark: 167671K(273792K)] 182024K(396032K), 0.0111800 secs] [Times: user=0.01 sys=0.00, real=0.01 secs] 
244.099: Total time for which application threads were stopped: 0.0112890 seconds, Stopping threads took: 0.0000590 seconds
244.100: [CMS-concurrent-mark-start]
244.158: Application time: 0.0582420 seconds
244.158: [GC244.158: [ParNew: 122240K->13568K(122240K), 0.0334540 secs] 289911K->204611K(396032K), 0.0335050 secs] [Times: user=0.23 sys=0.00, real=0.03 secs] 
244.191: Total time for which application threads were stopped: 0.0337100 seconds, Stopping threads took: 0.0001340 seconds
244.258: Application time: 0.0668830 seconds
244.260: [GC244.260: [ParNew: 122240K->13568K(122240K), 0.0264810 secs] 313283K->218494K(396032K), 0.0265280 secs] [Times: user=0.19 sys=0.00, real=0.03 secs] 
244.286: Total time for which application threads were stopped: 0.0278170 seconds, Stopping threads took: 0.0011990 seconds
244.343: Application time: 0.0573450 seconds
244.344: [GC244.344: [ParNew: 122240K->13568K(122240K), 0.0322590 secs] 327166K->239497K(396032K), 0.0323100 secs] [Times: user=0.22 sys=0.00, real=0.04 secs] 
244.376: Total time for which application threads were stopped: 0.0324310 seconds, Stopping threads took: 0.0000490 seconds
244.381: [CMS-concurrent-mark: 0.187/0.281 secs] [Times: user=2.12 sys=0.00, real=0.28 secs] 
244.381: [CMS-concurrent-preclean-start]
244.419: Application time: 0.0435140 seconds
244.420: [GC244.420: [ParNew: 122240K->13568K(122240K), 0.0388650 secs] 348169K->268970K(396032K), 0.0389110 secs] [Times: user=0.26 sys=0.00, real=0.04 secs] 
244.459: Total time for which application threads were stopped: 0.0390750 seconds, Stopping threads took: 0.0000940 seconds
244.501: Application time: 0.0427350 seconds
244.501: [GC244.501: [ParNew: 122240K->122240K(122240K), 0.0000150 secs]244.501: [CMS244.633: [CMS-concurrent-preclean: 0.211/0.252 secs] [Times: user=1.07 sys=0.00, real=0.26 secs] 
 (concurrent mode failure): 255402K->135323K(273792K), 0.4177630 secs] 377642K->135323K(396032K), [CMS Perm : 9130K->9130K(21248K)], 0.4178350 secs] [Times: user=0.41 sys=0.00, real=0.42 secs] 
244.919: Total time for which application threads were stopped: 0.4180000 seconds, Stopping threads took: 0.0000820 seconds
244.963: Application time: 0.0438800 seconds
244.963: [GC244.963: [ParNew: 108672K->13568K(122240K), 0.0271710 secs] 243995K->167843K(396032K), 0.0272220 secs] [Times: user=0.19 sys=0.00, real=0.03 secs] 
244.991: Total time for which application threads were stopped: 0.0274120 seconds, Stopping threads took: 0.0001180 seconds
245.049: Application time: 0.0586760 seconds
245.049: [GC245.049: [ParNew: 122240K->13568K(122240K), 0.0295770 secs] 276515K->182188K(396032K), 0.0296260 secs] [Times: user=0.21 sys=0.00, real=0.03 secs] 
245.079: Total time for which application threads were stopped: 0.0298340 seconds, Stopping threads took: 0.0001270 seconds
245.079: Application time: 0.0000450 seconds
245.079: [GC [1 CMS-initial-mark: 168620K(273792K)] 182948K(396032K), 0.0116380 secs] [Times: user=0.02 sys=0.00, real=0.01 secs] 
245.091: Total time for which application threads were stopped: 0.0117260 seconds, Stopping threads took: 0.0000470 seconds
245.091: [CMS-concurrent-mark-start]
245.157: Application time: 0.0665500 seconds
245.158: [GC245.158: [ParNew: 122240K->13568K(122240K), 0.0263570 secs] 290860K->196023K(396032K), 0.0264080 secs] [Times: user=0.19 sys=0.00, real=0.02 secs] 
245.184: Total time for which application threads were stopped: 0.0265830 seconds, Stopping threads took: 0.0001050 seconds
245.250: Application time: 0.0660660 seconds
245.250: [GC245.250: [ParNew: 122240K->13568K(122240K), 0.0263110 secs] 304695K->210518K(396032K), 0.0263590 secs] [Times: user=0.19 sys=0.00, real=0.03 secs] 
245.277: Total time for which application threads were stopped: 0.0265050 seconds, Stopping threads took: 0.0000750 seconds
245.330: [CMS-concurrent-mark: 0.186/0.239 secs] [Times: user=1.85 sys=0.00, real=0.24 secs] 
245.330: [CMS-concurrent-preclean-start]
245.346: Application time: 0.0699460 seconds
245.347: [GC245.347: [ParNew: 122240K->13568K(122240K), 0.0233280 secs] 319190K->222477K(396032K), 0.0233720 secs] [Times: user=0.17 sys=0.00, real=0.02 secs] 
245.370: Total time for which application threads were stopped: 0.0235370 seconds, Stopping threads took: 0.0000960 seconds
245.411: Application time: 0.0406840 seconds
245.411: [GC245.411: [ParNew: 122240K->13568K(122240K), 0.0356980 secs] 331149K->250284K(396032K), 0.0357430 secs] [Times: user=0.24 sys=0.00, real=0.04 secs] 
245.447: Total time for which application threads were stopped: 0.0358890 seconds, Stopping threads took: 0.0000760 seconds
245.499: Application time: 0.0525060 seconds
245.499: [GC245.499: [ParNew: 122240K->13568K(122240K), 0.0401360 secs] 358956K->278463K(396032K), 0.0401840 secs] [Times: user=0.28 sys=0.00, real=0.04 secs] 
245.539: Total time for which application threads were stopped: 0.0403640 seconds, Stopping threads took: 0.0001110 seconds
245.588: Application time: 0.0484690 seconds
245.588: [GC245.588: [ParNew: 122240K->122240K(122240K), 0.0000130 secs]245.588: [CMS245.719: [CMS-concurrent-preclean: 0.287/0.389 secs] [Times: user=2.09 sys=0.01, real=0.39 secs] 
 (concurrent mode failure): 264895K->120196K(273792K), 0.3875380 secs] 387135K->120196K(396032K), [CMS Perm : 9130K->9130K(21248K)], 0.3876070 secs] [Times: user=0.38 sys=0.00, real=0.39 secs] 
245.976: Total time for which application threads were stopped: 0.3877690 seconds, Stopping threads took: 0.0000820 seconds
246.015: Application time: 0.0395220 seconds
246.016: [GC246.016: [ParNew: 108672K->13568K(122240K), 0.0253570 secs] 228868K->154450K(396032K), 0.0254050 secs] [Times: user=0.17 sys=0.00, real=0.02 secs] 
246.041: Total time for which application threads were stopped: 0.0257740 seconds, Stopping threads took: 0.0003000 seconds
246.089: Application time: 0.0475270 seconds
246.089: [GC246.089: [ParNew: 122240K->13568K(122240K), 0.0376400 secs] 263122K->182415K(396032K), 0.0376880 secs] [Times: user=0.26 sys=0.00, real=0.04 secs] 
246.126: Total time for which application threads were stopped: 0.0378470 seconds, Stopping threads took: 0.0000790 seconds
246.127: Application time: 0.0000880 seconds
246.127: [GC [1 CMS-initial-mark: 168847K(273792K)] 183777K(396032K), 0.0112750 secs] [Times: user=0.01 sys=0.00, real=0.01 secs] 
246.138: Total time for which application threads were stopped: 0.0113940 seconds, Stopping threads took: 0.0000770 seconds
246.138: [CMS-concurrent-mark-start]
246.208: Application time: 0.0703670 seconds
246.208: [GC246.208: [ParNew: 122240K->13568K(122240K), 0.0304040 secs] 291087K->198430K(396032K), 0.0304500 secs] [Times: user=0.22 sys=0.00, real=0.03 secs] 
246.239: Total time for which application threads were stopped: 0.0306520 seconds, Stopping threads took: 0.0001330 seconds
246.303: Application time: 0.0637990 seconds
246.303: [GC246.303: [ParNew: 122240K->13568K(122240K), 0.0311950 secs] 307102K->216575K(396032K), 0.0312400 secs] [Times: user=0.21 sys=0.00, real=0.04 secs] 
246.334: Total time for which application threads were stopped: 0.0313820 seconds, Stopping threads took: 0.0000740 seconds
246.387: [CMS-concurrent-mark: 0.187/0.249 secs] [Times: user=1.92 sys=0.00, real=0.25 secs] 
246.387: [CMS-concurrent-preclean-start]
246.401: Application time: 0.0667180 seconds
246.401: [GC246.401: [ParNew: 122240K->13568K(122240K), 0.0242300 secs] 325247K->229445K(396032K), 0.0242770 secs] [Times: user=0.17 sys=0.00, real=0.03 secs] 
246.425: Total time for which application threads were stopped: 0.0244470 seconds, Stopping threads took: 0.0001000 seconds
246.477: Application time: 0.0514720 seconds
246.477: [GC246.477: [ParNew: 122240K->13568K(122240K), 0.0282230 secs] 338117K->246643K(396032K), 0.0282680 secs] [Times: user=0.19 sys=0.00, real=0.03 secs] 
246.505: Total time for which application threads were stopped: 0.0284260 seconds, Stopping threads took: 0.0000790 seconds
246.558: Application time: 0.0528530 seconds
246.558: [GC246.558: [ParNew: 122240K->13568K(122240K), 0.0376620 secs] 355315K->271635K(396032K), 0.0377110 secs] [Times: user=0.26 sys=0.00, real=0.04 secs] 
246.596: Total time for which application threads were stopped: 0.0378480 seconds, Stopping threads took: 0.0000660 seconds
246.649: Application time: 0.0535660 seconds
246.650: [GC246.650: [ParNew: 122240K->122240K(122240K), 0.0000140 secs]246.650: [CMS246.785: [CMS-concurrent-preclean: 0.304/0.397 secs] [Times: user=2.13 sys=0.02, real=0.40 secs] 
 (concurrent mode failure): 258067K->122328K(273792K), 0.4251790 secs] 380307K->122328K(396032K), [CMS Perm : 9130K->9130K(21248K)], 0.4252500 secs] [Times: user=0.42 sys=0.00, real=0.43 secs] 
247.075: Total time for which application threads were stopped: 0.4254270 seconds, Stopping threads took: 0.0000950 seconds
247.116: Application time: 0.0414430 seconds
247.116: [GC247.116: [ParNew: 108672K->13568K(122240K), 0.0216640 secs] 231000K->152003K(396032K), 0.0217100 secs] [Times: user=0.15 sys=0.00, real=0.02 secs] 
247.138: Total time for which application threads were stopped: 0.0218820 seconds, Stopping threads took: 0.0001030 seconds
247.180: Application time: 0.0415260 seconds
247.180: [GC247.180: [ParNew: 122240K->13568K(122240K), 0.0396700 secs] 260675K->185949K(396032K), 0.0397190 secs] [Times: user=0.27 sys=0.00, real=0.04 secs] 
247.220: Total time for which application threads were stopped: 0.0399120 seconds, Stopping threads took: 0.0001080 seconds
247.220: Application time: 0.0001930 seconds
247.220: [GC [1 CMS-initial-mark: 172381K(273792K)] 187541K(396032K), 0.0121960 secs] [Times: user=0.02 sys=0.00, real=0.01 secs] 
247.232: Total time for which application threads were stopped: 0.0123010 seconds, Stopping threads took: 0.0000610 seconds
247.232: [CMS-concurrent-mark-start]
247.290: Application time: 0.0580080 seconds
247.290: [GC247.290: [ParNew: 122240K->13568K(122240K), 0.0382700 secs] 294621K->210122K(396032K), 0.0383180 secs] [Times: user=0.26 sys=0.00, real=0.04 secs] 
247.329: Total time for which application threads were stopped: 0.0384550 seconds, Stopping threads took: 0.0000680 seconds
247.391: Application time: 0.0628340 seconds
247.392: [GC247.392: [ParNew: 122240K->13568K(122240K), 0.0327820 secs] 318794K->229431K(396032K), 0.0328310 secs] [Times: user=0.23 sys=0.00, real=0.03 secs] 
247.424: Total time for which application threads were stopped: 0.0329980 seconds, Stopping threads took: 0.0000970 seconds
247.493: Application time: 0.0685340 seconds
247.493: [GC247.493: [ParNew: 122240K->13568K(122240K), 0.0251460 secs] 338103K->242521K(396032K), 0.0251940 secs] [Times: user=0.18 sys=0.00, real=0.02 secs] 
247.518: Total time for which application threads were stopped: 0.0253380 seconds, Stopping threads took: 0.0000750 seconds
247.564: [CMS-concurrent-mark: 0.235/0.331 secs] [Times: user=2.53 sys=0.00, real=0.33 secs] 
247.564: [CMS-concurrent-preclean-start]
247.580: Application time: 0.0619660 seconds
247.580: [GC247.580: [ParNew: 122240K->13568K(122240K), 0.0287520 secs] 351193K->258576K(396032K), 0.0288000 secs] [Times: user=0.20 sys=0.00, real=0.03 secs] 
247.609: Total time for which application threads were stopped: 0.0289410 seconds, Stopping threads took: 0.0000710 seconds
247.667: Application time: 0.0576170 seconds
247.667: [GC247.667: [ParNew: 122240K->13568K(122240K), 0.0268080 secs] 367248K->273264K(396032K), 0.0268570 secs] [Times: user=0.19 sys=0.00, real=0.03 secs] 
247.694: Total time for which application threads were stopped: 0.0269920 seconds, Stopping threads took: 0.0000620 seconds
247.753: Application time: 0.0594110 seconds
247.756: [GC247.756: [ParNew: 122240K->122240K(122240K), 0.0000130 secs]247.756: [CMS247.910: [CMS-concurrent-preclean: 0.286/0.346 secs] [Times: user=1.63 sys=0.01, real=0.35 secs] 
 (concurrent mode failure): 259696K->110518K(273792K), 0.4245090 secs] 381936K->110518K(396032K), [CMS Perm : 9130K->9130K(21248K)], 0.4245790 secs] [Times: user=0.42 sys=0.00, real=0.42 secs] 
248.180: Total time for which application threads were stopped: 0.4269640 seconds, Stopping threads took: 0.0022890 seconds
248.220: Application time: 0.0397050 seconds
248.220: [GC248.220: [ParNew: 108672K->13568K(122240K), 0.0210720 secs] 219190K->140692K(396032K), 0.0211190 secs] [Times: user=0.15 sys=0.00, real=0.02 secs] 
248.241: Total time for which application threads were stopped: 0.0212780 seconds, Stopping threads took: 0.0000890 seconds
248.274: Application time: 0.0330350 seconds
248.277: [GC248.277: [ParNew: 122240K->13568K(122240K), 0.0374210 secs] 249364K->176480K(396032K), 0.0374690 secs] [Times: user=0.24 sys=0.00, real=0.04 secs] 
248.315: Total time for which application threads were stopped: 0.0402560 seconds, Stopping threads took: 0.0026900 seconds
248.315: Application time: 0.0001540 seconds
248.315: [GC [1 CMS-initial-mark: 162912K(273792K)] 177977K(396032K), 0.0108490 secs] [Times: user=0.02 sys=0.00, real=0.01 secs] 
248.326: Total time for which application threads were stopped: 0.0110240 seconds, Stopping threads took: 0.0001320 seconds
248.326: [CMS-concurrent-mark-start]
248.380: Application time: 0.0542360 seconds
248.380: [GC248.380: [ParNew: 122240K->13568K(122240K), 0.0485370 secs] 285152K->210344K(396032K), 0.0485870 secs] [Times: user=0.33 sys=0.00, real=0.05 secs] 
248.429: Total time for which application threads were stopped: 0.0487390 seconds, Stopping threads took: 0.0000830 seconds
248.497: Application time: 0.0681430 seconds
248.497: [GC248.497: [ParNew: 122240K->13568K(122240K), 0.0282220 secs] 319016K->224421K(396032K), 0.0282690 secs] [Times: user=0.20 sys=0.00, real=0.03 secs] 
248.525: Total time for which application threads were stopped: 0.0284610 seconds, Stopping threads took: 0.0001250 seconds
248.584: Application time: 0.0587250 seconds
248.585: [GC248.585: [ParNew: 122149K->13568K(122240K), 0.0315630 secs] 333002K->244268K(396032K), 0.0316120 secs] [Times: user=0.22 sys=0.00, real=0.03 secs] 
248.617: Total time for which application threads were stopped: 0.0324870 seconds, Stopping threads took: 0.0008060 seconds
248.661: [CMS-concurrent-mark: 0.226/0.335 secs] [Times: user=2.53 sys=0.02, real=0.33 secs] 
248.661: [CMS-concurrent-preclean-start]
248.679: Application time: 0.0626690 seconds
248.679: [GC248.679: [ParNew: 122240K->13568K(122240K), 0.0316460 secs] 352940K->263131K(396032K), 0.0316910 secs] [Times: user=0.23 sys=0.00, real=0.03 secs] 
248.711: Total time for which application threads were stopped: 0.0318720 seconds, Stopping threads took: 0.0001090 seconds
248.770: Application time: 0.0590670 seconds
248.770: [GC248.770: [ParNew: 122240K->122240K(122240K), 0.0000150 secs]248.770: [CMS248.914: [CMS-concurrent-preclean: 0.219/0.253 secs] [Times: user=0.98 sys=0.01, real=0.26 secs] 
 (concurrent mode failure): 249563K->128813K(273792K), 0.4306610 secs] 371803K->128813K(396032K), [CMS Perm : 9130K->9130K(21248K)], 0.4307310 secs] [Times: user=0.42 sys=0.01, real=0.43 secs] 
249.201: Total time for which application threads were stopped: 0.4308790 seconds, Stopping threads took: 0.0000790 seconds
249.254: Application time: 0.0530790 seconds
249.254: [GC249.254: [ParNew: 108672K->13568K(122240K), 0.0143850 secs] 237485K->146772K(396032K), 0.0144330 secs] [Times: user=0.11 sys=0.00, real=0.01 secs] 
249.269: Total time for which application threads were stopped: 0.0146740 seconds, Stopping threads took: 0.0001390 seconds
249.311: Application time: 0.0423020 seconds
249.311: [GC249.311: [ParNew: 122240K->13568K(122240K), 0.0340740 secs] 255444K->176562K(396032K), 0.0341210 secs] [Times: user=0.24 sys=0.00, real=0.04 secs] 
249.345: Total time for which application threads were stopped: 0.0342670 seconds, Stopping threads took: 0.0000740 seconds
249.345: Application time: 0.0001140 seconds
249.346: [GC [1 CMS-initial-mark: 162994K(273792K)] 178012K(396032K), 0.0116110 secs] [Times: user=0.01 sys=0.00, real=0.01 secs] 
249.357: Total time for which application threads were stopped: 0.0117510 seconds, Stopping threads took: 0.0000970 seconds
249.357: [CMS-concurrent-mark-start]
249.416: Application time: 0.0591690 seconds
249.421: [GC249.421: [ParNew: 122240K->13568K(122240K), 0.0372240 secs] 285234K->202184K(396032K), 0.0372790 secs] [Times: user=0.26 sys=0.00, real=0.04 secs] 
249.458: Total time for which application threads were stopped: 0.0417830 seconds, Stopping threads took: 0.0044350 seconds
249.517: Application time: 0.0589020 seconds
249.517: [GC249.517: [ParNew: 122240K->13568K(122240K), 0.0387560 secs] 310856K->227485K(396032K), 0.0388020 secs] [Times: user=0.26 sys=0.00, real=0.04 secs] 
249.556: Total time for which application threads were stopped: 0.0389130 seconds, Stopping threads took: 0.0000410 seconds
249.610: Application time: 0.0543000 seconds
249.610: [GC249.610: [ParNew: 122179K->13568K(122240K), 0.0335650 secs] 336096K->249307K(396032K), 0.0336120 secs] [Times: user=0.23 sys=0.00, real=0.03 secs] 
249.644: Total time for which application threads were stopped: 0.0337650 seconds, Stopping threads took: 0.0000830 seconds
249.695: [CMS-concurrent-mark: 0.223/0.338 secs] [Times: user=2.51 sys=0.02, real=0.34 secs] 
249.695: [CMS-concurrent-preclean-start]
249.702: Application time: 0.0581450 seconds
249.702: [GC249.702: [ParNew: 122240K->13568K(122240K), 0.0356290 secs] 357979K->272651K(396032K), 0.0356760 secs] [Times: user=0.24 sys=0.00, real=0.04 secs] 
249.738: Total time for which application threads were stopped: 0.0358470 seconds, Stopping threads took: 0.0001030 seconds
249.797: Application time: 0.0592330 seconds
249.797: [GC249.797: [ParNew: 122240K->122240K(122240K), 0.0000160 secs]249.797: [CMS249.943: [CMS-concurrent-preclean: 0.210/0.248 secs] [Times: user=0.93 sys=0.00, real=0.24 secs] 
 (concurrent mode failure): 259083K->136842K(273792K), 0.4456390 secs] 381323K->136842K(396032K), [CMS Perm : 9130K->9130K(21248K)], 0.4457200 secs] [Times: user=0.45 sys=0.00, real=0.44 secs] 
250.245: Total time for which application threads were stopped: 0.4474370 seconds, Stopping threads took: 0.0000950 seconds
250.298: Application time: 0.0530410 seconds
250.298: [GC250.298: [ParNew: 108672K->13566K(122240K), 0.0152110 secs] 245514K->155447K(396032K), 0.0152600 secs] [Times: user=0.11 sys=0.00, real=0.02 secs] 
250.313: Total time for which application threads were stopped: 0.0154480 seconds, Stopping threads took: 0.0001030 seconds
250.362: Application time: 0.0492090 seconds
250.363: [GC250.363: [ParNew: 122238K->13568K(122240K), 0.0276640 secs] 264119K->175690K(396032K), 0.0277150 secs] [Times: user=0.19 sys=0.00, real=0.03 secs] 
250.390: Total time for which application threads were stopped: 0.0278930 seconds, Stopping threads took: 0.0001080 seconds
250.405: Application time: 0.0145140 seconds
250.409: [GC [1 CMS-initial-mark: 162122K(273792K)] 203505K(396032K), 0.0305800 secs] [Times: user=0.03 sys=0.00, real=0.03 secs] 
250.439: Total time for which application threads were stopped: 0.0346100 seconds, Stopping threads took: 0.0039790 seconds
250.439: [CMS-concurrent-mark-start]
250.488: Application time: 0.0484880 seconds
250.488: [GC250.488: [ParNew: 122240K->13568K(122240K), 0.0301900 secs] 284362K->194201K(396032K), 0.0302380 secs] [Times: user=0.21 sys=0.00, real=0.03 secs] 
250.518: Total time for which application threads were stopped: 0.0303740 seconds, Stopping threads took: 0.0000640 seconds
250.567: Application time: 0.0490310 seconds
250.567: [GC250.567: [ParNew: 122240K->13568K(122240K), 0.0359710 secs] 302873K->220619K(396032K), 0.0360190 secs] [Times: user=0.24 sys=0.00, real=0.03 secs] 
250.604: Total time for which application threads were stopped: 0.0361670 seconds, Stopping threads took: 0.0000770 seconds
250.666: Application time: 0.0622920 seconds
250.666: [GC250.666: [ParNew: 122240K->13568K(122240K), 0.0353250 secs] 329291K->243773K(396032K), 0.0353740 secs] [Times: user=0.25 sys=0.00, real=0.03 secs] 
250.701: Total time for which application threads were stopped: 0.0355150 seconds, Stopping threads took: 0.0000690 seconds
250.758: [CMS-concurrent-mark: 0.217/0.319 secs] [Times: user=2.42 sys=0.02, real=0.32 secs] 
250.759: [CMS-concurrent-preclean-start]
250.762: Application time: 0.0603600 seconds
250.762: [GC250.762: [ParNew: 122240K->13568K(122240K), 0.0358610 secs] 352445K->265907K(396032K), 0.0359080 secs] [Times: user=0.25 sys=0.00, real=0.04 secs] 
250.798: Total time for which application threads were stopped: 0.0360860 seconds, Stopping threads took: 0.0001080 seconds
250.841: Application time: 0.0430260 seconds
250.841: [GC250.841: [ParNew: 122240K->122240K(122240K), 0.0000140 secs]250.841: [CMS250.978: [CMS-concurrent-preclean: 0.182/0.220 secs] [Times: user=0.75 sys=0.00, real=0.22 secs] 
 (concurrent mode failure): 252339K->140922K(273792K), 0.4284080 secs] 374579K->140922K(396032K), [CMS Perm : 9130K->9130K(21248K)], 0.4284760 secs] [Times: user=0.43 sys=0.00, real=0.43 secs] 
251.269: Total time for which application threads were stopped: 0.4286250 seconds, Stopping threads took: 0.0000700 seconds
251.322: Application time: 0.0528450 seconds
251.322: [GC251.322: [ParNew: 108672K->13568K(122240K), 0.0229020 secs] 249594K->165705K(396032K), 0.0229490 secs] [Times: user=0.16 sys=0.00, real=0.03 secs] 
251.345: Total time for which application threads were stopped: 0.0231530 seconds, Stopping threads took: 0.0001150 seconds
251.395: Application time: 0.0494030 seconds
251.395: [GC251.395: [ParNew: 122240K->13568K(122240K), 0.0284020 secs] 274377K->184282K(396032K), 0.0284530 secs] [Times: user=0.20 sys=0.00, real=0.02 secs] 
251.424: Total time for which application threads were stopped: 0.0286630 seconds, Stopping threads took: 0.0001260 seconds
251.424: Application time: 0.0001080 seconds
251.424: [GC [1 CMS-initial-mark: 170714K(273792K)] 185539K(396032K), 0.0107700 secs] [Times: user=0.01 sys=0.00, real=0.02 secs] 
251.435: Total time for which application threads were stopped: 0.0109140 seconds, Stopping threads took: 0.0000970 seconds
251.435: [CMS-concurrent-mark-start]
251.506: Application time: 0.0718930 seconds
251.507: [GC251.507: [ParNew: 122240K->13568K(122240K), 0.0281360 secs] 292954K->199340K(396032K), 0.0281850 secs] [Times: user=0.20 sys=0.00, real=0.03 secs] 
251.535: Total time for which application threads were stopped: 0.0283360 seconds, Stopping threads took: 0.0000810 seconds
251.580: Application time: 0.0448970 seconds
251.580: [GC251.580: [ParNew: 122240K->13568K(122240K), 0.0363540 secs] 308012K->227647K(396032K), 0.0364020 secs] [Times: user=0.25 sys=0.00, real=0.04 secs] 
251.616: Total time for which application threads were stopped: 0.0365600 seconds, Stopping threads took: 0.0000870 seconds
251.677: Application time: 0.0608030 seconds
251.677: [GC251.677: [ParNew: 122240K->13568K(122240K), 0.0393990 secs] 336319K->254470K(396032K), 0.0394490 secs] [Times: user=0.27 sys=0.00, real=0.04 secs] 
251.717: Total time for which application threads were stopped: 0.0396120 seconds, Stopping threads took: 0.0000910 seconds
251.763: [CMS-concurrent-mark: 0.223/0.328 secs] [Times: user=2.49 sys=0.01, real=0.32 secs] 
251.763: [CMS-concurrent-preclean-start]
251.785: Application time: 0.0686710 seconds
251.785: [GC251.785: [ParNew: 122240K->122240K(122240K), 0.0000150 secs]251.785: [CMS251.940: [CMS-concurrent-preclean: 0.175/0.177 secs] [Times: user=0.35 sys=0.00, real=0.18 secs] 
 (concurrent mode failure): 240902K->130513K(273792K), 0.4388840 secs] 363142K->130513K(396032K), [CMS Perm : 9130K->9130K(21248K)], 0.4389560 secs] [Times: user=0.44 sys=0.00, real=0.43 secs] 
252.224: Total time for which application threads were stopped: 0.4390940 seconds, Stopping threads took: 0.0000690 seconds
252.275: Application time: 0.0509710 seconds
252.276: [GC252.276: [ParNew: 108672K->13568K(122240K), 0.0152920 secs] 239185K->150638K(396032K), 0.0153400 secs] [Times: user=0.11 sys=0.00, real=0.01 secs] 
252.291: Total time for which application threads were stopped: 0.0155910 seconds, Stopping threads took: 0.0001490 seconds
252.333: Application time: 0.0419160 seconds
252.333: [GC252.333: [ParNew: 122240K->13568K(122240K), 0.0350800 secs] 259310K->181861K(396032K), 0.0351410 secs] [Times: user=0.24 sys=0.00, real=0.03 secs] 
252.368: Total time for which application threads were stopped: 0.0352840 seconds, Stopping threads took: 0.0000690 seconds
252.381: Application time: 0.0126290 seconds
252.384: [GC [1 CMS-initial-mark: 168293K(273792K)] 212920K(396032K), 0.0283270 secs] [Times: user=0.03 sys=0.00, real=0.03 secs] 
252.412: Total time for which application threads were stopped: 0.0311350 seconds, Stopping threads took: 0.0027440 seconds
252.412: [CMS-concurrent-mark-start]
252.462: Application time: 0.0504320 seconds
252.463: [GC252.463: [ParNew: 122240K->13566K(122240K), 0.0304920 secs] 290533K->199110K(396032K), 0.0305380 secs] [Times: user=0.21 sys=0.01, real=0.04 secs] 
252.493: Total time for which application threads were stopped: 0.0307250 seconds, Stopping threads took: 0.0001160 seconds
252.554: Application time: 0.0611100 seconds
252.554: [GC252.554: [ParNew: 122238K->13566K(122240K), 0.0316820 secs] 307782K->218018K(396032K), 0.0317290 secs] [Times: user=0.22 sys=0.00, real=0.03 secs] 
252.586: Total time for which application threads were stopped: 0.0318680 seconds, Stopping threads took: 0.0000700 seconds
252.647: Application time: 0.0604160 seconds
252.647: [GC252.647: [ParNew: 122238K->13566K(122240K), 0.0316440 secs] 326690K->238207K(396032K), 0.0316940 secs] [Times: user=0.22 sys=0.00, real=0.03 secs] 
252.678: Total time for which application threads were stopped: 0.0318440 seconds, Stopping threads took: 0.0000780 seconds
252.711: [CMS-concurrent-mark: 0.205/0.299 secs] [Times: user=2.27 sys=0.01, real=0.30 secs] 
252.711: [CMS-concurrent-preclean-start]
252.743: Application time: 0.0651180 seconds
252.744: [GC252.744: [ParNew: 122238K->13566K(122240K), 0.0267220 secs] 346879K->253030K(396032K), 0.0267710 secs] [Times: user=0.19 sys=0.00, real=0.03 secs] 
252.770: Total time for which application threads were stopped: 0.0269340 seconds, Stopping threads took: 0.0000940 seconds
252.815: Application time: 0.0450310 seconds
252.816: [GC252.816: [ParNew: 122238K->13568K(122240K), 0.0352000 secs] 361702K->277126K(396032K), 0.0352510 secs] [Times: user=0.24 sys=0.00, real=0.03 secs] 
252.851: Total time for which application threads were stopped: 0.0354310 seconds, Stopping threads took: 0.0000920 seconds
252.902: Application time: 0.0512780 seconds
252.902: [GC252.902: [ParNew: 122240K->122240K(122240K), 0.0000150 secs]252.902: [CMS253.041: [CMS-concurrent-preclean: 0.266/0.330 secs] [Times: user=1.60 sys=0.01, real=0.33 secs] 
 (concurrent mode failure): 263558K->132689K(273792K), 0.4301020 secs] 385798K->132689K(396032K), [CMS Perm : 9130K->9130K(21248K)], 0.4301740 secs] [Times: user=0.43 sys=0.00, real=0.43 secs] 
253.333: Total time for which application threads were stopped: 0.4303260 seconds, Stopping threads took: 0.0000820 seconds
253.377: Application time: 0.0440790 seconds
253.377: [GC253.377: [ParNew: 108481K->13568K(122240K), 0.0217470 secs] 241170K->161634K(396032K), 0.0217940 secs] [Times: user=0.15 sys=0.00, real=0.02 secs] 
253.399: Total time for which application threads were stopped: 0.0219630 seconds, Stopping threads took: 0.0000890 seconds
253.439: Application time: 0.0403030 seconds
253.439: [GC253.439: [ParNew: 122240K->13568K(122240K), 0.0362440 secs] 270306K->190899K(396032K), 0.0362960 secs] [Times: user=0.24 sys=0.00, real=0.04 secs] 
253.475: Total time for which application threads were stopped: 0.0365450 seconds, Stopping threads took: 0.0001760 seconds
253.476: Application time: 0.0001020 seconds
253.476: [GC [1 CMS-initial-mark: 177331K(273792K)] 192104K(396032K), 0.0119650 secs] [Times: user=0.01 sys=0.00, real=0.01 secs] 
253.488: Total time for which application threads were stopped: 0.0121080 seconds, Stopping threads took: 0.0000970 seconds
253.488: [CMS-concurrent-mark-start]
253.549: Application time: 0.0614500 seconds
253.549: [GC253.549: [ParNew: 122240K->13568K(122240K), 0.0343860 secs] 299571K->209586K(396032K), 0.0344380 secs] [Times: user=0.23 sys=0.00, real=0.03 secs] 
253.584: Total time for which application threads were stopped: 0.0346480 seconds, Stopping threads took: 0.0001300 seconds
253.650: Application time: 0.0661260 seconds
253.650: [GC253.650: [ParNew: 122240K->13568K(122240K), 0.0261050 secs] 318258K->223175K(396032K), 0.0261530 secs] [Times: user=0.18 sys=0.00, real=0.03 secs] 
253.676: Total time for which application threads were stopped: 0.0263140 seconds, Stopping threads took: 0.0000920 seconds
253.740: Application time: 0.0641830 seconds
253.740: [GC253.740: [ParNew: 122240K->13568K(122240K), 0.0298940 secs] 331847K->241225K(396032K), 0.0299410 secs] [Times: user=0.21 sys=0.00, real=0.03 secs] 
253.770: Total time for which application threads were stopped: 0.0300870 seconds, Stopping threads took: 0.0000770 seconds
253.810: [CMS-concurrent-mark: 0.231/0.322 secs] [Times: user=2.45 sys=0.02, real=0.32 secs] 
253.810: [CMS-concurrent-preclean-start]
253.830: Application time: 0.0591620 seconds
253.830: [GC253.830: [ParNew: 122240K->13568K(122240K), 0.0315480 secs] 349897K->259814K(396032K), 0.0315970 secs] [Times: user=0.23 sys=0.00, real=0.03 secs] 
253.861: Total time for which application threads were stopped: 0.0317520 seconds, Stopping threads took: 0.0000850 seconds
253.912: Application time: 0.0509370 seconds
253.912: [GC253.912: [ParNew: 122240K->13568K(122240K), 0.0308150 secs] 368486K->279802K(396032K), 0.0308630 secs] [Times: user=0.22 sys=0.00, real=0.03 secs] 
253.943: Total time for which application threads were stopped: 0.0310050 seconds, Stopping threads took: 0.0000660 seconds
253.995: Application time: 0.0519340 seconds
253.995: [GC253.995: [ParNew: 122240K->122240K(122240K), 0.0000120 secs]253.995: [CMS254.133: [CMS-concurrent-preclean: 0.259/0.324 secs] [Times: user=1.56 sys=0.00, real=0.33 secs] 
 (concurrent mode failure): 266234K->130463K(273792K), 0.4284930 secs] 388474K->130463K(396032K), [CMS Perm : 9130K->9130K(21248K)], 0.4285600 secs] [Times: user=0.43 sys=0.00, real=0.42 secs] 
254.424: Total time for which application threads were stopped: 0.4287010 seconds, Stopping threads took: 0.0000730 seconds
254.472: Application time: 0.0484030 seconds
254.473: [GC254.473: [ParNew: 108672K->13568K(122240K), 0.0171530 secs] 239135K->153013K(396032K), 0.0172020 secs] [Times: user=0.12 sys=0.00, real=0.02 secs] 
254.490: Total time for which application threads were stopped: 0.0173900 seconds, Stopping threads took: 0.0001030 seconds
254.529: Application time: 0.0393930 seconds
254.529: [GC254.529: [ParNew: 122240K->13568K(122240K), 0.0370120 secs] 261685K->186177K(396032K), 0.0370600 secs] [Times: user=0.24 sys=0.00, real=0.04 secs] 
254.566: Total time for which application threads were stopped: 0.0372170 seconds, Stopping threads took: 0.0000850 seconds
254.566: Application time: 0.0000950 seconds
254.567: [GC [1 CMS-initial-mark: 172609K(273792K)] 187085K(396032K), 0.0105900 secs] [Times: user=0.01 sys=0.00, real=0.01 secs] 
254.577: Total time for which application threads were stopped: 0.0106970 seconds, Stopping threads took: 0.0000660 seconds
254.577: [CMS-concurrent-mark-start]
254.634: Application time: 0.0571940 seconds
254.634: [GC254.634: [ParNew: 122240K->13568K(122240K), 0.0368390 secs] 294849K->210247K(396032K), 0.0368890 secs] [Times: user=0.26 sys=0.00, real=0.03 secs] 
254.671: Total time for which application threads were stopped: 0.0370310 seconds, Stopping threads took: 0.0000730 seconds
254.747: Application time: 0.0752790 seconds
254.747: [GC254.747: [ParNew: 122240K->13568K(122240K), 0.0291360 secs] 318919K->224303K(396032K), 0.0291850 secs] [Times: user=0.21 sys=0.00, real=0.03 secs] 
254.776: Total time for which application threads were stopped: 0.0293550 seconds, Stopping threads took: 0.0001000 seconds
254.825: [CMS-concurrent-mark: 0.182/0.248 secs] [Times: user=1.92 sys=0.00, real=0.25 secs] 
254.825: [CMS-concurrent-preclean-start]
254.841: Application time: 0.0648390 seconds
254.841: [GC254.841: [ParNew: 122240K->13568K(122240K), 0.0269410 secs] 332975K->238425K(396032K), 0.0269870 secs] [Times: user=0.19 sys=0.00, real=0.03 secs] 
254.868: Total time for which application threads were stopped: 0.0271710 seconds, Stopping threads took: 0.0001040 seconds
254.927: Application time: 0.0587800 seconds
254.927: [GC254.927: [ParNew: 122240K->13568K(122240K), 0.0279730 secs] 347097K->254842K(396032K), 0.0280200 secs] [Times: user=0.20 sys=0.00, real=0.03 secs] 
254.955: Total time for which application threads were stopped: 0.0281930 seconds, Stopping threads took: 0.0001030 seconds
254.994: Application time: 0.0393110 seconds
254.994: [GC254.994: [ParNew: 122240K->13568K(122240K), 0.0402950 secs] 363514K->284617K(396032K), 0.0403420 secs] [Times: user=0.27 sys=0.00, real=0.04 secs] 
255.035: Total time for which application threads were stopped: 0.0405200 seconds, Stopping threads took: 0.0000940 seconds
255.088: Application time: 0.0527700 seconds
255.088: [GC255.088: [ParNew: 122240K->122240K(122240K), 0.0000130 secs]255.088: [CMS255.227: [CMS-concurrent-preclean: 0.303/0.401 secs] [Times: user=2.13 sys=0.00, real=0.40 secs] 
 (concurrent mode failure): 271049K->140447K(273792K), 0.4478990 secs] 393289K->140447K(396032K), [CMS Perm : 9130K->9130K(21248K)], 0.4479670 secs] [Times: user=0.45 sys=0.00, real=0.45 secs] 
255.536: Total time for which application threads were stopped: 0.4481220 seconds, Stopping threads took: 0.0000860 seconds
255.582: Application time: 0.0466190 seconds
255.582: [GC255.583: [ParNew: 108672K->13568K(122240K), 0.0161410 secs] 249119K->162233K(396032K), 0.0161880 secs] [Times: user=0.12 sys=0.00, real=0.02 secs] 
255.599: Total time for which application threads were stopped: 0.0163530 seconds, Stopping threads took: 0.0000810 seconds
255.644: Application time: 0.0451760 seconds
255.644: [GC255.644: [ParNew: 122240K->13568K(122240K), 0.0317050 secs] 270905K->187858K(396032K), 0.0317540 secs] [Times: user=0.22 sys=0.00, real=0.04 secs] 
255.676: Total time for which application threads were stopped: 0.0319320 seconds, Stopping threads took: 0.0001090 seconds
255.676: Application time: 0.0001280 seconds
255.676: [GC [1 CMS-initial-mark: 174290K(273792K)] 189579K(396032K), 0.0121340 secs] [Times: user=0.01 sys=0.00, real=0.01 secs] 
255.688: Total time for which application threads were stopped: 0.0122840 seconds, Stopping threads took: 0.0001060 seconds
255.688: [CMS-concurrent-mark-start]
255.755: Application time: 0.0666000 seconds
255.755: [GC255.755: [ParNew: 122240K->13568K(122240K), 0.0299550 secs] 296530K->204335K(396032K), 0.0300010 secs] [Times: user=0.21 sys=0.00, real=0.03 secs] 
255.785: Total time for which application threads were stopped: 0.0301260 seconds, Stopping threads took: 0.0000540 seconds
255.842: Application time: 0.0569720 seconds
255.842: [GC255.842: [ParNew: 122240K->13568K(122240K), 0.0333070 secs] 313007K->226231K(396032K), 0.0333540 secs] [Times: user=0.23 sys=0.00, real=0.04 secs] 
255.875: Total time for which application threads were stopped: 0.0334990 seconds, Stopping threads took: 0.0000760 seconds
255.933: [CMS-concurrent-mark: 0.181/0.245 secs] [Times: user=1.89 sys=0.00, real=0.25 secs] 
255.933: [CMS-concurrent-preclean-start]
255.944: Application time: 0.0685580 seconds
255.944: [GC255.944: [ParNew: 122240K->13568K(122240K), 0.0317070 secs] 334903K->244485K(396032K), 0.0317540 secs] [Times: user=0.23 sys=0.00, real=0.04 secs] 
255.976: Total time for which application threads were stopped: 0.0318870 seconds, Stopping threads took: 0.0000630 seconds
256.027: Application time: 0.0515680 seconds
256.028: [GC256.028: [ParNew: 122240K->13568K(122240K), 0.0289030 secs] 353157K->262605K(396032K), 0.0289530 secs] [Times: user=0.20 sys=0.00, real=0.03 secs] 
256.057: Total time for which application threads were stopped: 0.0291340 seconds, Stopping threads took: 0.0001070 seconds
256.098: Application time: 0.0415330 seconds
256.098: [GC256.098: [ParNew (promotion failed): 122240K->122240K(122240K), 1.0934430 secs]257.192: [CMS257.327: [CMS-concurrent-preclean: 0.238/1.394 secs] [Times: user=3.16 sys=0.31, real=1.39 secs] 
 (concurrent mode failure): 271345K->133298K(273792K), 0.4099110 secs] 371277K->133298K(396032K), [CMS Perm : 9130K->9130K(21248K)], 1.5034340 secs] [Times: user=2.17 sys=0.31, real=1.50 secs] 
257.602: Total time for which application threads were stopped: 1.5036640 seconds, Stopping threads took: 0.0001500 seconds
257.650: Application time: 0.0477860 seconds
257.650: [GC257.650: [ParNew: 108672K->13568K(122240K), 0.0290350 secs] 241970K->166068K(396032K), 0.0290840 secs] [Times: user=0.21 sys=0.00, real=0.03 secs] 
257.679: Total time for which application threads were stopped: 0.0293260 seconds, Stopping threads took: 0.0001410 seconds
257.735: Application time: 0.0557210 seconds
257.735: [GC257.735: [ParNew: 122240K->13568K(122240K), 0.0283370 secs] 274740K->179701K(396032K), 0.0283850 secs] [Times: user=0.20 sys=0.00, real=0.02 secs] 
257.763: Total time for which application threads were stopped: 0.0285820 seconds, Stopping threads took: 0.0001270 seconds
257.812: Application time: 0.0491560 seconds
257.813: [GC257.813: [ParNew: 122240K->13568K(122240K), 0.0269060 secs] 288373K->196679K(396032K), 0.0269540 secs] [Times: user=0.19 sys=0.00, real=0.03 secs] 
257.840: Total time for which application threads were stopped: 0.0271220 seconds, Stopping threads took: 0.0000960 seconds
257.845: Application time: 0.0053960 seconds
257.845: [GC [1 CMS-initial-mark: 183111K(273792K)] 207706K(396032K), 0.0166050 secs] [Times: user=0.02 sys=0.00, real=0.01 secs] 
257.862: Total time for which application threads were stopped: 0.0167450 seconds, Stopping threads took: 0.0000900 seconds
257.862: [CMS-concurrent-mark-start]
257.916: Application time: 0.0546570 seconds
257.916: [GC257.916: [ParNew: 122240K->13568K(122240K), 0.0334690 secs] 305351K->218635K(396032K), 0.0335200 secs] [Times: user=0.24 sys=0.00, real=0.03 secs] 
257.950: Total time for which application threads were stopped: 0.0336880 seconds, Stopping threads took: 0.0000950 seconds
258.004: Application time: 0.0536500 seconds
258.004: [GC258.004: [ParNew: 122240K->13568K(122240K), 0.0348940 secs] 327307K->242228K(396032K), 0.0349430 secs] [Times: user=0.24 sys=0.00, real=0.04 secs] 
258.039: Total time for which application threads were stopped: 0.0350900 seconds, Stopping threads took: 0.0000780 seconds
258.103: Application time: 0.0638050 seconds
258.103: [GC258.103: [ParNew: 122240K->13568K(122240K), 0.0329050 secs] 350900K->262897K(396032K), 0.0329570 secs] [Times: user=0.23 sys=0.00, real=0.04 secs] 
258.136: Total time for which application threads were stopped: 0.0331140 seconds, Stopping threads took: 0.0000860 seconds
258.190: [CMS-concurrent-mark: 0.226/0.328 secs] [Times: user=2.49 sys=0.01, real=0.33 secs] 
258.190: [CMS-concurrent-preclean-start]
258.193: Application time: 0.0577970 seconds
258.194: [GC258.194: [ParNew: 122240K->122240K(122240K), 0.0000130 secs]258.194: [CMS258.345: [CMS-concurrent-preclean: 0.153/0.155 secs] [Times: user=0.19 sys=0.00, real=0.16 secs] 
 (concurrent mode failure): 249329K->128597K(273792K), 0.4457090 secs] 371569K->128597K(396032K), [CMS Perm : 9130K->9130K(21248K)], 0.4457750 secs] [Times: user=0.45 sys=0.00, real=0.44 secs] 
258.639: Total time for which application threads were stopped: 0.4459240 seconds, Stopping threads took: 0.0000670 seconds
258.686: Application time: 0.0465530 seconds
258.686: [GC258.686: [ParNew: 108672K->13568K(122240K), 0.0204950 secs] 237269K->155826K(396032K), 0.0205450 secs] [Times: user=0.14 sys=0.00, real=0.02 secs] 
258.707: Total time for which application threads were stopped: 0.0208180 seconds, Stopping threads took: 0.0001810 seconds
258.750: Application time: 0.0428100 seconds
258.750: [GC258.750: [ParNew: 122240K->13566K(122240K), 0.0371110 secs] 264498K->186924K(396032K), 0.0371580 secs] [Times: user=0.25 sys=0.00, real=0.04 secs] 
258.787: Total time for which application threads were stopped: 0.0373830 seconds, Stopping threads took: 0.0001170 seconds
258.787: Application time: 0.0000940 seconds
258.787: [GC [1 CMS-initial-mark: 173357K(273792K)] 188351K(396032K), 0.0113120 secs] [Times: user=0.01 sys=0.00, real=0.01 secs] 
258.799: Total time for which application threads were stopped: 0.0114320 seconds, Stopping threads took: 0.0000720 seconds
258.799: [CMS-concurrent-mark-start]
258.862: Application time: 0.0634960 seconds
258.862: [GC258.862: [ParNew: 122238K->13568K(122240K), 0.0325610 secs] 295596K->204295K(396032K), 0.0326100 secs] [Times: user=0.23 sys=0.00, real=0.04 secs] 
258.895: Total time for which application threads were stopped: 0.0327440 seconds, Stopping threads took: 0.0000620 seconds
258.972: Application time: 0.0774310 seconds
258.972: [GC258.972: [ParNew: 122240K->13566K(122240K), 0.0252770 secs] 312967K->217482K(396032K), 0.0253230 secs] [Times: user=0.18 sys=0.00, real=0.03 secs] 
258.998: Total time for which application threads were stopped: 0.0254730 seconds, Stopping threads took: 0.0000820 seconds
259.053: [CMS-concurrent-mark: 0.196/0.254 secs] [Times: user=1.96 sys=0.00, real=0.25 secs] 
259.053: [CMS-concurrent-preclean-start]
259.073: Application time: 0.0751980 seconds
259.073: [GC259.073: [ParNew: 122238K->10992K(122240K), 0.0196690 secs] 326154K->222877K(396032K), 0.0197170 secs] [Times: user=0.15 sys=0.00, real=0.01 secs] 
259.093: Total time for which application threads were stopped: 0.0198970 seconds, Stopping threads took: 0.0001110 seconds
259.138: Application time: 0.0457300 seconds
259.139: [GC259.139: [ParNew: 119664K->13568K(122240K), 0.0316070 secs] 331549K->245812K(396032K), 0.0316550 secs] [Times: user=0.22 sys=0.00, real=0.03 secs] 
259.170: Total time for which application threads were stopped: 0.0318230 seconds, Stopping threads took: 0.0000970 seconds
259.209: Application time: 0.0384870 seconds
259.209: [GC259.209: [ParNew: 122240K->13568K(122240K), 0.0431940 secs] 354484K->280577K(396032K), 0.0432430 secs] [Times: user=0.29 sys=0.00, real=0.04 secs] 
259.252: Total time for which application threads were stopped: 0.0434010 seconds, Stopping threads took: 0.0000880 seconds
259.298: Application time: 0.0458920 seconds
259.298: [GC259.298: [ParNew: 122240K->122240K(122240K), 0.0000120 secs]259.298: [CMS259.458: [CMS-concurrent-preclean: 0.308/0.406 secs] [Times: user=2.01 sys=0.02, real=0.41 secs] 
 (concurrent mode failure): 267009K->136655K(273792K), 0.4556220 secs] 389249K->136655K(396032K), [CMS Perm : 9130K->9130K(21248K)], 0.4556900 secs] [Times: user=0.45 sys=0.00, real=0.46 secs] 
259.754: Total time for which application threads were stopped: 0.4558770 seconds, Stopping threads took: 0.0001070 seconds
259.799: Application time: 0.0454470 seconds
259.800: [GC259.800: [ParNew: 108672K->13568K(122240K), 0.0206360 secs] 245327K->163407K(396032K), 0.0206860 secs] [Times: user=0.15 sys=0.00, real=0.02 secs] 
259.820: Total time for which application threads were stopped: 0.0209410 seconds, Stopping threads took: 0.0001520 seconds
259.866: Application time: 0.0460640 seconds
259.867: [GC259.867: [ParNew: 122240K->13568K(122240K), 0.0331830 secs] 272079K->188671K(396032K), 0.0332330 secs] [Times: user=0.22 sys=0.00, real=0.03 secs] 
259.900: Total time for which application threads were stopped: 0.0334370 seconds, Stopping threads took: 0.0001110 seconds
259.900: Application time: 0.0002270 seconds
259.900: [GC [1 CMS-initial-mark: 175103K(273792K)] 190366K(396032K), 0.0109270 secs] [Times: user=0.01 sys=0.00, real=0.01 secs] 
259.911: Total time for which application threads were stopped: 0.0110240 seconds, Stopping threads took: 0.0000560 seconds
259.911: [CMS-concurrent-mark-start]
259.973: Application time: 0.0614140 seconds
259.973: [GC259.973: [ParNew: 122240K->13568K(122240K), 0.0337370 secs] 297343K->209209K(396032K), 0.0337830 secs] [Times: user=0.23 sys=0.00, real=0.04 secs] 
260.006: Total time for which application threads were stopped: 0.0339310 seconds, Stopping threads took: 0.0000790 seconds
260.080: Application time: 0.0736610 seconds
260.080: [GC260.080: [ParNew: 122240K->13568K(122240K), 0.0270010 secs] 317881K->222130K(396032K), 0.0270490 secs] [Times: user=0.19 sys=0.00, real=0.03 secs] 
260.107: Total time for which application threads were stopped: 0.0271960 seconds, Stopping threads took: 0.0000760 seconds
260.154: [CMS-concurrent-mark: 0.181/0.243 secs] [Times: user=1.86 sys=0.00, real=0.25 secs] 
260.154: [CMS-concurrent-preclean-start]
260.182: Application time: 0.0742620 seconds
260.182: [GC260.182: [ParNew: 122240K->12581K(122240K), 0.0239360 secs] 330802K->232987K(396032K), 0.0239820 secs] [Times: user=0.18 sys=0.00, real=0.03 secs] 
260.206: Total time for which application threads were stopped: 0.0241180 seconds, Stopping threads took: 0.0000700 seconds
260.262: Application time: 0.0558370 seconds
260.262: [GC260.262: [ParNew: 121253K->13568K(122240K), 0.0244150 secs] 341659K->246309K(396032K), 0.0244610 secs] [Times: user=0.17 sys=0.00, real=0.03 secs] 
260.286: Total time for which application threads were stopped: 0.0246030 seconds, Stopping threads took: 0.0000750 seconds
260.332: Application time: 0.0460940 seconds
260.332: [GC260.332: [ParNew: 122240K->13568K(122240K), 0.0353660 secs] 354981K->271317K(396032K), 0.0354140 secs] [Times: user=0.24 sys=0.00, real=0.04 secs] 
260.368: Total time for which application threads were stopped: 0.0355980 seconds, Stopping threads took: 0.0001010 seconds
260.408: Application time: 0.0403490 seconds
260.408: [GC260.408: [ParNew: 122240K->122240K(122240K), 0.0000130 secs]260.408: [CMS260.536: [CMS-concurrent-preclean: 0.295/0.382 secs] [Times: user=2.09 sys=0.01, real=0.38 secs] 
 (concurrent mode failure): 257749K->120484K(273792K), 0.3765690 secs] 379989K->120484K(396032K), [CMS Perm : 9130K->9130K(21248K)], 0.3766350 secs] [Times: user=0.37 sys=0.00, real=0.38 secs] 
260.785: Total time for which application threads were stopped: 0.3767660 seconds, Stopping threads took: 0.0000580 seconds
260.822: Application time: 0.0372740 seconds
260.822: [GC260.822: [ParNew: 108672K->13568K(122240K), 0.0267480 secs] 229156K->155323K(396032K), 0.0267960 secs] [Times: user=0.18 sys=0.00, real=0.03 secs] 
260.849: Total time for which application threads were stopped: 0.0269560 seconds, Stopping threads took: 0.0000900 seconds
260.895: Application time: 0.0457300 seconds
260.895: [GC260.895: [ParNew: 122240K->13568K(122240K), 0.0417240 secs] 263995K->187436K(396032K), 0.0417720 secs] [Times: user=0.29 sys=0.00, real=0.04 secs] 
260.937: Total time for which application threads were stopped: 0.0419870 seconds, Stopping threads took: 0.0001070 seconds
260.937: Application time: 0.0000580 seconds
260.937: [GC [1 CMS-initial-mark: 173868K(273792K)] 188069K(396032K), 0.0113180 secs] [Times: user=0.01 sys=0.00, real=0.01 secs] 
260.948: Total time for which application threads were stopped: 0.0114070 seconds, Stopping threads took: 0.0000430 seconds
260.948: [CMS-concurrent-mark-start]
261.012: Application time: 0.0633800 seconds
261.012: [GC261.012: [ParNew: 122240K->13568K(122240K), 0.0295880 secs] 296108K->201909K(396032K), 0.0296370 secs] [Times: user=0.21 sys=0.00, real=0.03 secs] 
261.042: Total time for which application threads were stopped: 0.0297890 seconds, Stopping threads took: 0.0000820 seconds
261.114: Application time: 0.0723540 seconds
261.114: [GC261.114: [ParNew: 122240K->13568K(122240K), 0.0252360 secs] 310581K->213607K(396032K), 0.0252840 secs] [Times: user=0.19 sys=0.00, real=0.02 secs] 
261.139: Total time for which application threads were stopped: 0.0254120 seconds, Stopping threads took: 0.0000600 seconds
261.203: Application time: 0.0634530 seconds
261.203: [GC261.203: [ParNew: 122240K->13568K(122240K), 0.0290130 secs] 322279K->230362K(396032K), 0.0290650 secs] [Times: user=0.20 sys=0.00, real=0.03 secs] 
261.232: Total time for which application threads were stopped: 0.0292080 seconds, Stopping threads took: 0.0000710 seconds
261.261: [CMS-concurrent-mark: 0.228/0.312 secs] [Times: user=2.38 sys=0.01, real=0.31 secs] 
261.261: [CMS-concurrent-preclean-start]
261.293: Application time: 0.0612020 seconds
261.293: [GC261.293: [ParNew: 122240K->13568K(122240K), 0.0273110 secs] 339034K->246088K(396032K), 0.0273600 secs] [Times: user=0.19 sys=0.01, real=0.02 secs] 
261.321: Total time for which application threads were stopped: 0.0275100 seconds, Stopping threads took: 0.0000820 seconds
261.371: Application time: 0.0506510 seconds
261.372: [GC261.372: [ParNew: 122240K->13568K(122240K), 0.0352420 secs] 354760K->269620K(396032K), 0.0353000 secs] [Times: user=0.24 sys=0.00, real=0.04 secs] 
261.407: Total time for which application threads were stopped: 0.0354790 seconds, Stopping threads took: 0.0001100 seconds
261.456: Application time: 0.0492930 seconds
261.456: [GC261.456: [ParNew: 122240K->122240K(122240K), 0.0000140 secs]261.456: [CMS261.595: [CMS-concurrent-preclean: 0.269/0.335 secs] [Times: user=1.64 sys=0.02, real=0.34 secs] 
 (concurrent mode failure): 256052K->124548K(273792K), 0.4255370 secs] 378292K->124548K(396032K), [CMS Perm : 9130K->9130K(21248K)], 0.4256060 secs] [Times: user=0.43 sys=0.00, real=0.42 secs] 
261.882: Total time for which application threads were stopped: 0.4257510 seconds, Stopping threads took: 0.0000660 seconds
261.925: Application time: 0.0434490 seconds
261.926: [GC261.926: [ParNew: 108672K->13568K(122240K), 0.0230740 secs] 233220K->154525K(396032K), 0.0231240 secs] [Times: user=0.16 sys=0.00, real=0.02 secs] 
261.949: Total time for which application threads were stopped: 0.0233450 seconds, Stopping threads took: 0.0001290 seconds
261.994: Application time: 0.0457820 seconds
261.995: [GC261.995: [ParNew: 122240K->13568K(122240K), 0.0361860 secs] 263197K->181727K(396032K), 0.0362370 secs] [Times: user=0.24 sys=0.01, real=0.03 secs] 
262.031: Total time for which application threads were stopped: 0.0364210 seconds, Stopping threads took: 0.0000980 seconds
262.045: Application time: 0.0139250 seconds
262.049: [GC [1 CMS-initial-mark: 168159K(273792K)] 216868K(396032K), 0.0280990 secs] [Times: user=0.03 sys=0.00, real=0.03 secs] 
262.077: Total time for which application threads were stopped: 0.0321830 seconds, Stopping threads took: 0.0040320 seconds
262.077: [CMS-concurrent-mark-start]
262.120: Application time: 0.0425840 seconds
262.120: [GC262.120: [ParNew: 122240K->13568K(122240K), 0.0314150 secs] 290399K->201237K(396032K), 0.0314620 secs] [Times: user=0.22 sys=0.00, real=0.03 secs] 
262.151: Total time for which application threads were stopped: 0.0316360 seconds, Stopping threads took: 0.0001060 seconds
262.200: Application time: 0.0483980 seconds
262.200: [GC262.200: [ParNew: 122240K->13568K(122240K), 0.0406780 secs] 309909K->229820K(396032K), 0.0407290 secs] [Times: user=0.28 sys=0.00, real=0.04 secs] 
262.241: Total time for which application threads were stopped: 0.0408800 seconds, Stopping threads took: 0.0000740 seconds
262.312: Application time: 0.0714510 seconds
262.312: [GC262.312: [ParNew: 122240K->13567K(122240K), 0.0291230 secs] 338492K->244742K(396032K), 0.0291680 secs] [Times: user=0.21 sys=0.00, real=0.03 secs] 
262.341: Total time for which application threads were stopped: 0.0293340 seconds, Stopping threads took: 0.0000990 seconds
262.409: Application time: 0.0674010 seconds
262.409: [GC262.409: [ParNew: 122239K->13568K(122240K), 0.0261390 secs] 353414K->256343K(396032K), 0.0261860 secs] [Times: user=0.19 sys=0.00, real=0.03 secs] 
262.435: Total time for which application threads were stopped: 0.0263350 seconds, Stopping threads took: 0.0000810 seconds
262.484: [CMS-concurrent-mark: 0.279/0.407 secs] [Times: user=3.08 sys=0.03, real=0.40 secs] 
262.484: [CMS-concurrent-preclean-start]
262.498: Application time: 0.0629490 seconds
262.498: [GC262.498: [ParNew: 122240K->13568K(122240K), 0.0299670 secs] 365015K->273964K(396032K), 0.0300150 secs] [Times: user=0.22 sys=0.00, real=0.03 secs] 
262.528: Total time for which application threads were stopped: 0.0301740 seconds, Stopping threads took: 0.0000760 seconds
262.579: Application time: 0.0512450 seconds
262.580: [GC262.580: [ParNew: 122240K->122240K(122240K), 0.0000150 secs]262.580: [CMS262.752: [CMS-concurrent-preclean: 0.236/0.268 secs] [Times: user=0.92 sys=0.00, real=0.27 secs] 
 (concurrent mode failure): 260396K->113290K(273792K), 0.4259840 secs] 382636K->113290K(396032K), [CMS Perm : 9130K->9130K(21248K)], 0.4260560 secs] [Times: user=0.42 sys=0.01, real=0.43 secs] 
263.006: Total time for which application threads were stopped: 0.4262300 seconds, Stopping threads took: 0.0000950 seconds
263.045: Application time: 0.0395560 seconds
263.045: [GC263.045: [ParNew: 108672K->13568K(122240K), 0.0267920 secs] 221962K->148802K(396032K), 0.0268460 secs] [Times: user=0.18 sys=0.00, real=0.02 secs] 
263.072: Total time for which application threads were stopped: 0.0270150 seconds, Stopping threads took: 0.0000860 seconds
263.115: Application time: 0.0427110 seconds
263.115: [GC263.115: [ParNew: 122206K->13568K(122240K), 0.0373180 secs] 257440K->177912K(396032K), 0.0373720 secs] [Times: user=0.25 sys=0.01, real=0.03 secs] 
263.153: Total time for which application threads were stopped: 0.0375390 seconds, Stopping threads took: 0.0000970 seconds
263.153: Application time: 0.0001070 seconds
263.153: [GC [1 CMS-initial-mark: 164344K(273792K)] 179826K(396032K), 0.0111720 secs] [Times: user=0.01 sys=0.00, real=0.01 secs] 
263.164: Total time for which application threads were stopped: 0.0113340 seconds, Stopping threads took: 0.0001230 seconds
263.164: [CMS-concurrent-mark-start]
263.216: Application time: 0.0524340 seconds
263.217: [GC263.217: [ParNew: 122240K->13568K(122240K), 0.0391000 secs] 286584K->203189K(396032K), 0.0391500 secs] [Times: user=0.27 sys=0.00, real=0.04 secs] 
263.256: Total time for which application threads were stopped: 0.0393310 seconds, Stopping threads took: 0.0001080 seconds
263.309: Application time: 0.0537060 seconds
263.310: [GC263.310: [ParNew: 122240K->13568K(122240K), 0.0404220 secs] 311861K->231593K(396032K), 0.0404670 secs] [Times: user=0.28 sys=0.00, real=0.04 secs] 
263.350: Total time for which application threads were stopped: 0.0406190 seconds, Stopping threads took: 0.0000850 seconds
263.419: Application time: 0.0689210 seconds
263.419: [GC263.419: [ParNew: 122240K->13568K(122240K), 0.0314590 secs] 340265K->248833K(396032K), 0.0315090 secs] [Times: user=0.22 sys=0.00, real=0.03 secs] 
263.451: Total time for which application threads were stopped: 0.0316610 seconds, Stopping threads took: 0.0000830 seconds
263.507: Application time: 0.0560450 seconds
263.507: [GC263.507: [ParNew: 122240K->13568K(122240K), 0.0286640 secs] 357505K->265044K(396032K), 0.0287120 secs] [Times: user=0.20 sys=0.00, real=0.03 secs] 
263.536: Total time for which application threads were stopped: 0.0288660 seconds, Stopping threads took: 0.0000860 seconds
263.583: [CMS-concurrent-mark: 0.279/0.419 secs] [Times: user=3.18 sys=0.00, real=0.42 secs] 
263.583: [CMS-concurrent-preclean-start]
263.607: Application time: 0.0714130 seconds
263.607: [GC263.607: [ParNew: 122240K->122240K(122240K), 0.0000150 secs]263.607: [CMS263.772: [CMS-concurrent-preclean: 0.186/0.188 secs] [Times: user=0.37 sys=0.00, real=0.19 secs] 
 (concurrent mode failure): 251476K->132418K(273792K), 0.4626500 secs] 373716K->132418K(396032K), [CMS Perm : 9130K->9130K(21248K)], 0.4627220 secs] [Times: user=0.46 sys=0.00, real=0.46 secs] 
264.070: Total time for which application threads were stopped: 0.4628960 seconds, Stopping threads took: 0.0000920 seconds
264.130: Application time: 0.0606320 seconds
264.131: [GC264.131: [ParNew: 108672K->13402K(122240K), 0.0094190 secs] 241090K->145821K(396032K), 0.0094630 secs] [Times: user=0.08 sys=0.00, real=0.01 secs] 
264.140: Total time for which application threads were stopped: 0.0097850 seconds, Stopping threads took: 0.0002240 seconds
264.187: Application time: 0.0468300 seconds
264.187: [GC264.187: [ParNew: 122074K->13568K(122240K), 0.0271040 secs] 254493K->166150K(396032K), 0.0271520 secs] [Times: user=0.19 sys=0.00, real=0.03 secs] 
264.215: Total time for which application threads were stopped: 0.0274380 seconds, Stopping threads took: 0.0001930 seconds
264.257: Application time: 0.0419860 seconds
264.257: [GC264.257: [ParNew: 122240K->13568K(122240K), 0.0336890 secs] 274822K->193687K(396032K), 0.0337360 secs] [Times: user=0.23 sys=0.00, real=0.03 secs] 
264.290: Total time for which application threads were stopped: 0.0338670 seconds, Stopping threads took: 0.0000580 seconds
264.290: Application time: 0.0000710 seconds
264.291: [GC [1 CMS-initial-mark: 180119K(273792K)] 194830K(396032K), 0.0102510 secs] [Times: user=0.01 sys=0.00, real=0.01 secs] 
264.301: Total time for which application threads were stopped: 0.0103940 seconds, Stopping threads took: 0.0000960 seconds
264.301: [CMS-concurrent-mark-start]
264.347: Application time: 0.0460770 seconds
264.347: [GC264.347: [ParNew: 122240K->13568K(122240K), 0.0421210 secs] 302359K->226294K(396032K), 0.0421670 secs] [Times: user=0.28 sys=0.00, real=0.04 secs] 
264.389: Total time for which application threads were stopped: 0.0423010 seconds, Stopping threads took: 0.0000610 seconds
264.426: Application time: 0.0369030 seconds
264.426: [GC264.426: [ParNew: 122240K->13568K(122240K), 0.0426190 secs] 334966K->258861K(396032K), 0.0426670 secs] [Times: user=0.28 sys=0.00, real=0.04 secs] 
264.469: Total time for which application threads were stopped: 0.0428080 seconds, Stopping threads took: 0.0000720 seconds
264.534: Application time: 0.0646820 seconds
264.534: [GC264.534: [ParNew: 122240K->122240K(122240K), 0.0000120 secs]264.534: [CMS264.575: [CMS-concurrent-mark: 0.188/0.274 secs] [Times: user=1.81 sys=0.00, real=0.28 secs] 
 (concurrent mode failure): 245293K->155355K(273792K), 0.3754700 secs] 367533K->155355K(396032K), [CMS Perm : 9130K->9130K(21248K)], 0.3755350 secs] [Times: user=0.42 sys=0.00, real=0.37 secs] 
264.909: Total time for which application threads were stopped: 0.3756770 seconds, Stopping threads took: 0.0000740 seconds
264.959: Application time: 0.0499960 seconds
264.959: [GC264.960: [ParNew: 108672K->13568K(122240K), 0.0126960 secs] 264027K->172738K(396032K), 0.0127450 secs] [Times: user=0.10 sys=0.00, real=0.01 secs] 
264.972: Total time for which application threads were stopped: 0.0129310 seconds, Stopping threads took: 0.0001030 seconds
265.031: Application time: 0.0582920 seconds
265.031: [GC265.031: [ParNew: 122240K->13568K(122240K), 0.0248540 secs] 281410K->187939K(396032K), 0.0249030 secs] [Times: user=0.18 sys=0.00, real=0.03 secs] 
265.056: Total time for which application threads were stopped: 0.0251210 seconds, Stopping threads took: 0.0001470 seconds
265.057: Application time: 0.0011290 seconds
265.057: [GC [1 CMS-initial-mark: 174371K(273792K)] 190392K(396032K), 0.0133150 secs] [Times: user=0.02 sys=0.00, real=0.01 secs] 
265.070: Total time for which application threads were stopped: 0.0134790 seconds, Stopping threads took: 0.0001150 seconds
265.070: [CMS-concurrent-mark-start]
265.134: Application time: 0.0638290 seconds
265.134: [GC265.134: [ParNew: 122240K->12846K(122240K), 0.0243470 secs] 296611K->199250K(396032K), 0.0243940 secs] [Times: user=0.17 sys=0.00, real=0.02 secs] 
265.159: Total time for which application threads were stopped: 0.0245280 seconds, Stopping threads took: 0.0000650 seconds
265.220: Application time: 0.0609240 seconds
265.220: [GC265.220: [ParNew: 121422K->13568K(122240K), 0.0209270 secs] 307826K->208991K(396032K), 0.0209740 secs] [Times: user=0.15 sys=0.00, real=0.02 secs] 
265.241: Total time for which application threads were stopped: 0.0211660 seconds, Stopping threads took: 0.0001230 seconds
265.299: Application time: 0.0584590 seconds
265.299: [GC265.299: [ParNew: 122240K->13568K(122240K), 0.0327190 secs] 317663K->232025K(396032K), 0.0327670 secs] [Times: user=0.23 sys=0.00, real=0.03 secs] 
265.332: Total time for which application threads were stopped: 0.0328490 seconds, Stopping threads took: 0.0000120 seconds
265.372: Application time: 0.0398660 seconds
265.372: [GC265.372: [ParNew: 122240K->13568K(122240K), 0.0412320 secs] 340697K->265272K(396032K), 0.0412800 secs] [Times: user=0.28 sys=0.00, real=0.05 secs] 
265.413: Total time for which application threads were stopped: 0.0414240 seconds, Stopping threads took: 0.0000740 seconds
265.457: Application time: 0.0434570 seconds
265.457: [GC265.457: [ParNew: 122240K->122240K(122240K), 0.0000130 secs]265.457: [CMS265.479: [CMS-concurrent-mark: 0.288/0.409 secs] [Times: user=2.98 sys=0.02, real=0.41 secs] 
 (concurrent mode failure): 251704K->140954K(273792K), 0.3134900 secs] 373944K->140954K(396032K), [CMS Perm : 9130K->9130K(21248K)], 0.3135550 secs] [Times: user=0.33 sys=0.00, real=0.31 secs] 
265.771: Total time for which application threads were stopped: 0.3137090 seconds, Stopping threads took: 0.0000850 seconds
265.815: Application time: 0.0446870 seconds
265.815: [GC265.815: [ParNew: 108672K->13568K(122240K), 0.0222180 secs] 249626K->169529K(396032K), 0.0222650 secs] [Times: user=0.16 sys=0.00, real=0.02 secs] 
265.838: Total time for which application threads were stopped: 0.0224350 seconds, Stopping threads took: 0.0000770 seconds
265.886: Application time: 0.0481250 seconds
265.886: [GC265.886: [ParNew: 122240K->13568K(122240K), 0.0327360 secs] 278201K->193230K(396032K), 0.0327850 secs] [Times: user=0.22 sys=0.00, real=0.03 secs] 
265.919: Total time for which application threads were stopped: 0.0330020 seconds, Stopping threads took: 0.0001250 seconds
265.919: Application time: 0.0000410 seconds
265.919: [GC [1 CMS-initial-mark: 179662K(273792K)] 193619K(396032K), 0.0111710 secs] [Times: user=0.01 sys=0.00, real=0.01 secs] 
265.930: Total time for which application threads were stopped: 0.0112470 seconds, Stopping threads took: 0.0000330 seconds
265.930: [CMS-concurrent-mark-start]
265.996: Application time: 0.0661000 seconds
265.996: [GC265.996: [ParNew: 122240K->13568K(122240K), 0.0270510 secs] 301902K->207747K(396032K), 0.0270990 secs] [Times: user=0.19 sys=0.00, real=0.02 secs] 
266.023: Total time for which application threads were stopped: 0.0272330 seconds, Stopping threads took: 0.0000640 seconds
266.086: Application time: 0.0628510 seconds
266.086: [GC266.086: [ParNew: 122240K->13568K(122240K), 0.0269940 secs] 316419K->221337K(396032K), 0.0270420 secs] [Times: user=0.20 sys=0.00, real=0.03 secs] 
266.113: Total time for which application threads were stopped: 0.0272060 seconds, Stopping threads took: 0.0000950 seconds
266.186: Application time: 0.0722910 seconds
266.186: [GC266.186: [ParNew: 122240K->12768K(122240K), 0.0249160 secs] 330009K->232680K(396032K), 0.0249610 secs] [Times: user=0.18 sys=0.00, real=0.02 secs] 
266.211: Total time for which application threads were stopped: 0.0251110 seconds, Stopping threads took: 0.0000820 seconds
266.245: [CMS-concurrent-mark: 0.236/0.315 secs] [Times: user=2.44 sys=0.00, real=0.32 secs] 
266.246: [CMS-concurrent-preclean-start]
266.266: Application time: 0.0555250 seconds
266.266: [GC266.267: [ParNew: 121440K->13568K(122240K), 0.0268300 secs] 341352K->249290K(396032K), 0.0268750 secs] [Times: user=0.19 sys=0.00, real=0.03 secs] 
266.293: Total time for which application threads were stopped: 0.0269890 seconds, Stopping threads took: 0.0000460 seconds
266.334: Application time: 0.0401950 seconds
266.334: [GC266.334: [ParNew: 122240K->13568K(122240K), 0.0379660 secs] 357962K->279808K(396032K), 0.0380130 secs] [Times: user=0.26 sys=0.00, real=0.03 secs] 
266.372: Total time for which application threads were stopped: 0.0381690 seconds, Stopping threads took: 0.0000750 seconds
266.414: Application time: 0.0417740 seconds
266.414: [GC266.414: [ParNew: 122240K->122240K(122240K), 0.0000120 secs]266.414: [CMS266.564: [CMS-concurrent-preclean: 0.250/0.318 secs] [Times: user=1.42 sys=0.01, real=0.31 secs] 
 (concurrent mode failure): 266240K->140059K(273792K), 0.4423700 secs] 388480K->140059K(396032K), [CMS Perm : 9130K->9130K(21248K)], 0.4424360 secs] [Times: user=0.44 sys=0.00, real=0.44 secs] 
266.856: Total time for which application threads were stopped: 0.4425970 seconds, Stopping threads took: 0.0000930 seconds
266.899: Application time: 0.0425640 seconds
266.899: [GC266.899: [ParNew: 108672K->13568K(122240K), 0.0273990 secs] 248731K->174580K(396032K), 0.0274470 secs] [Times: user=0.19 sys=0.00, real=0.03 secs] 
266.926: Total time for which application threads were stopped: 0.0276420 seconds, Stopping threads took: 0.0001110 seconds
266.974: Application time: 0.0474590 seconds
266.974: [GC266.974: [ParNew: 122240K->13568K(122240K), 0.0345360 secs] 283252K->197647K(396032K), 0.0345950 secs] [Times: user=0.24 sys=0.00, real=0.03 secs] 
267.009: Total time for which application threads were stopped: 0.0348650 seconds, Stopping threads took: 0.0001790 seconds
267.021: Application time: 0.0121450 seconds
267.024: [GC [1 CMS-initial-mark: 184079K(273792K)] 220765K(396032K), 0.0274930 secs] [Times: user=0.03 sys=0.00, real=0.03 secs] 
267.051: Total time for which application threads were stopped: 0.0305060 seconds, Stopping threads took: 0.0029600 seconds
267.051: [CMS-concurrent-mark-start]
267.114: Application time: 0.0629840 seconds
267.114: [GC267.115: [ParNew: 122240K->13568K(122240K), 0.0316520 secs] 306319K->210282K(396032K), 0.0317000 secs] [Times: user=0.21 sys=0.00, real=0.03 secs] 
267.146: Total time for which application threads were stopped: 0.0319040 seconds, Stopping threads took: 0.0001130 seconds
267.220: Application time: 0.0734150 seconds
267.220: [GC267.220: [ParNew: 122240K->13568K(122240K), 0.0216650 secs] 318954K->220203K(396032K), 0.0217120 secs] [Times: user=0.15 sys=0.00, real=0.02 secs] 
267.242: Total time for which application threads were stopped: 0.0218540 seconds, Stopping threads took: 0.0000750 seconds
267.292: [CMS-concurrent-mark: 0.187/0.241 secs] [Times: user=1.81 sys=0.02, real=0.24 secs] 
267.292: [CMS-concurrent-preclean-start]
267.302: Application time: 0.0602260 seconds
267.302: [GC267.302: [ParNew: 122240K->13568K(122240K), 0.0263270 secs] 328875K->234399K(396032K), 0.0263770 secs] [Times: user=0.19 sys=0.00, real=0.03 secs] 
267.328: Total time for which application threads were stopped: 0.0265670 seconds, Stopping threads took: 0.0001180 seconds
267.382: Application time: 0.0534530 seconds
267.382: [GC267.382: [ParNew: 122104K->13568K(122240K), 0.0325880 secs] 342936K->255614K(396032K), 0.0326380 secs] [Times: user=0.23 sys=0.00, real=0.04 secs] 
267.415: Total time for which application threads were stopped: 0.0328180 seconds, Stopping threads took: 0.0001090 seconds
267.456: Application time: 0.0417460 seconds
267.456: [GC267.456: [ParNew (promotion failed): 122240K->122240K(122240K), 0.0882630 secs]267.545: [CMS267.686: [CMS-concurrent-preclean: 0.244/0.394 secs] [Times: user=1.75 sys=0.03, real=0.40 secs] 
 (concurrent mode failure): 270404K->132200K(273792K), 0.4220620 secs] 364286K->132200K(396032K), [CMS Perm : 9130K->9130K(21248K)], 0.5104040 secs] [Times: user=0.78 sys=0.02, real=0.51 secs] 
267.967: Total time for which application threads were stopped: 0.5105800 seconds, Stopping threads took: 0.0000920 seconds
268.018: Application time: 0.0511540 seconds
268.018: [GC268.018: [ParNew: 108672K->13568K(122240K), 0.0232440 secs] 240872K->159621K(396032K), 0.0232920 secs] [Times: user=0.17 sys=0.00, real=0.02 secs] 
268.042: Total time for which application threads were stopped: 0.0235320 seconds, Stopping threads took: 0.0001400 seconds
268.085: Application time: 0.0437800 seconds
268.086: [GC268.086: [ParNew: 122227K->13568K(122240K), 0.0331540 secs] 268281K->185095K(396032K), 0.0332110 secs] [Times: user=0.23 sys=0.00, real=0.03 secs] 
268.120: Total time for which application threads were stopped: 0.0348400 seconds, Stopping threads took: 0.0001060 seconds
268.129: Application time: 0.0085950 seconds
268.129: [GC [1 CMS-initial-mark: 171527K(273792K)] 206869K(396032K), 0.0205960 secs] [Times: user=0.02 sys=0.00, real=0.02 secs] 
268.150: Total time for which application threads were stopped: 0.0210210 seconds, Stopping threads took: 0.0003730 seconds
268.150: [CMS-concurrent-mark-start]
268.200: Application time: 0.0499680 seconds
268.200: [GC268.200: [ParNew: 122240K->13568K(122240K), 0.0368750 secs] 293767K->210196K(396032K), 0.0369230 secs] [Times: user=0.26 sys=0.00, real=0.04 secs] 
268.237: Total time for which application threads were stopped: 0.0370710 seconds, Stopping threads took: 0.0000810 seconds
268.304: Application time: 0.0673100 seconds
268.304: [GC268.304: [ParNew: 122240K->13568K(122240K), 0.0302580 secs] 318868K->226383K(396032K), 0.0303060 secs] [Times: user=0.22 sys=0.00, real=0.04 secs] 
268.335: Total time for which application threads were stopped: 0.0304920 seconds, Stopping threads took: 0.0001080 seconds
268.399: Application time: 0.0643640 seconds
268.399: [GC268.399: [ParNew: 122240K->13568K(122240K), 0.0316020 secs] 335055K->245153K(396032K), 0.0316490 secs] [Times: user=0.22 sys=0.00, real=0.03 secs] 
268.431: Total time for which application threads were stopped: 0.0318140 seconds, Stopping threads took: 0.0000970 seconds
268.434: [CMS-concurrent-mark: 0.185/0.284 secs] [Times: user=2.16 sys=0.00, real=0.29 secs] 
268.434: [CMS-concurrent-preclean-start]
268.485: Application time: 0.0543770 seconds
268.485: [GC268.485: [ParNew: 122240K->13568K(122240K), 0.0294760 secs] 353825K->263048K(396032K), 0.0295240 secs] [Times: user=0.20 sys=0.00, real=0.03 secs] 
268.515: Total time for which application threads were stopped: 0.0297050 seconds, Stopping threads took: 0.0001100 seconds
268.568: Application time: 0.0526710 seconds
268.568: [GC268.568: [ParNew (promotion failed): 122240K->122240K(122240K), 0.7471170 secs]269.315: [CMS269.454: [CMS-concurrent-preclean: 0.241/1.020 secs] [Times: user=2.41 sys=0.15, real=1.02 secs] 
 (concurrent mode failure): 271516K->133850K(273792K), 0.4365910 secs] 371720K->133850K(396032K), [CMS Perm : 9130K->9130K(21248K)], 1.1837840 secs] [Times: user=1.66 sys=0.14, real=1.18 secs] 
269.752: Total time for which application threads were stopped: 1.1839600 seconds, Stopping threads took: 0.0000920 seconds
269.797: Application time: 0.0451630 seconds
269.797: [GC269.797: [ParNew: 108646K->13568K(122240K), 0.0191360 secs] 242497K->159566K(396032K), 0.0191830 secs] [Times: user=0.13 sys=0.00, real=0.02 secs] 
269.816: Total time for which application threads were stopped: 0.0193920 seconds, Stopping threads took: 0.0001260 seconds
269.864: Application time: 0.0476340 seconds
269.864: [GC269.864: [ParNew: 122240K->13568K(122240K), 0.0323320 secs] 268238K->184409K(396032K), 0.0323770 secs] [Times: user=0.23 sys=0.00, real=0.04 secs] 
269.896: Total time for which application threads were stopped: 0.0325400 seconds, Stopping threads took: 0.0000950 seconds
269.897: Application time: 0.0002220 seconds
269.897: [GC [1 CMS-initial-mark: 170841K(273792K)] 186183K(396032K), 0.0111880 secs] [Times: user=0.01 sys=0.00, real=0.01 secs] 
269.908: Total time for which application threads were stopped: 0.0113030 seconds, Stopping threads took: 0.0000700 seconds
269.908: [CMS-concurrent-mark-start]
269.968: Application time: 0.0597610 seconds
269.968: [GC269.968: [ParNew: 122240K->13568K(122240K), 0.0351400 secs] 293081K->206553K(396032K), 0.0351890 secs] [Times: user=0.25 sys=0.00, real=0.03 secs] 
270.003: Total time for which application threads were stopped: 0.0353480 seconds, Stopping threads took: 0.0000880 seconds
270.074: Application time: 0.0706140 seconds
270.074: [GC270.074: [ParNew: 122240K->13566K(122240K), 0.0265330 secs] 315225K->220907K(396032K), 0.0265800 secs] [Times: user=0.18 sys=0.00, real=0.02 secs] 
270.100: Total time for which application threads were stopped: 0.0267240 seconds, Stopping threads took: 0.0000750 seconds
270.153: Application time: 0.0530130 seconds
270.153: [GC270.153: [ParNew: 122238K->13567K(122240K), 0.0329250 secs] 329579K->243110K(396032K), 0.0329710 secs] [Times: user=0.22 sys=0.00, real=0.03 secs] 
270.186: Total time for which application threads were stopped: 0.0331400 seconds, Stopping threads took: 0.0001020 seconds
270.191: [CMS-concurrent-mark: 0.188/0.283 secs] [Times: user=2.15 sys=0.00, real=0.28 secs] 
270.191: [CMS-concurrent-preclean-start]
270.238: Application time: 0.0514020 seconds
270.238: [GC270.238: [ParNew: 122239K->13568K(122240K), 0.0397480 secs] 351782K->271641K(396032K), 0.0397930 secs] [Times: user=0.27 sys=0.00, real=0.04 secs] 
270.278: Total time for which application threads were stopped: 0.0399420 seconds, Stopping threads took: 0.0000790 seconds
270.342: Application time: 0.0639670 seconds
270.342: [GC270.342: [ParNew: 122240K->122240K(122240K), 0.0000140 secs]270.342: [CMS270.478: [CMS-concurrent-preclean: 0.244/0.287 secs] [Times: user=1.30 sys=0.01, real=0.29 secs] 
 (concurrent mode failure): 258073K->124297K(273792K), 0.4376600 secs] 380313K->124297K(396032K), [CMS Perm : 9130K->9130K(21248K)], 0.4377330 secs] [Times: user=0.44 sys=0.00, real=0.44 secs] 
270.780: Total time for which application threads were stopped: 0.4379110 seconds, Stopping threads took: 0.0000960 seconds
270.824: Application time: 0.0446810 seconds
270.825: [GC270.825: [ParNew: 108606K->13568K(122240K), 0.0171160 secs] 232904K->148727K(396032K), 0.0171630 secs] [Times: user=0.12 sys=0.00, real=0.02 secs] 
270.842: Total time for which application threads were stopped: 0.0173240 seconds, Stopping threads took: 0.0000910 seconds
270.884: Application time: 0.0418370 seconds
270.884: [GC270.884: [ParNew: 122240K->13566K(122240K), 0.0357610 secs] 257399K->179901K(396032K), 0.0358090 secs] [Times: user=0.24 sys=0.00, real=0.04 secs] 
270.920: Total time for which application threads were stopped: 0.0360450 seconds, Stopping threads took: 0.0001300 seconds
270.920: Application time: 0.0000480 seconds
270.920: [GC [1 CMS-initial-mark: 166335K(273792K)] 180451K(396032K), 0.0108390 secs] [Times: user=0.01 sys=0.00, real=0.01 secs] 
270.931: Total time for which application threads were stopped: 0.0109280 seconds, Stopping threads took: 0.0000500 seconds
270.931: [CMS-concurrent-mark-start]
270.996: Application time: 0.0650250 seconds
270.996: [GC270.996: [ParNew: 122238K->13566K(122240K), 0.0346790 secs] 288573K->200218K(396032K), 0.0347270 secs] [Times: user=0.24 sys=0.00, real=0.03 secs] 
271.030: Total time for which application threads were stopped: 0.0348640 seconds, Stopping threads took: 0.0000680 seconds
271.087: Application time: 0.0564020 seconds
271.087: [GC271.087: [ParNew: 122238K->13568K(122240K), 0.0321210 secs] 308890K->219789K(396032K), 0.0321680 secs] [Times: user=0.22 sys=0.00, real=0.03 secs] 
271.119: Total time for which application threads were stopped: 0.0323120 seconds, Stopping threads took: 0.0000740 seconds
271.174: Application time: 0.0550250 seconds
271.174: [GC271.174: [ParNew: 122240K->13567K(122240K), 0.0365370 secs] 328461K->245195K(396032K), 0.0365840 secs] [Times: user=0.25 sys=0.00, real=0.03 secs] 
271.211: Total time for which application threads were stopped: 0.0367090 seconds, Stopping threads took: 0.0000560 seconds
271.264: Application time: 0.0528550 seconds
271.264: [GC271.264: [ParNew: 122239K->13568K(122240K), 0.0335200 secs] 353867K->265962K(396032K), 0.0335690 secs] [Times: user=0.24 sys=0.00, real=0.04 secs] 
271.298: Total time for which application threads were stopped: 0.0337230 seconds, Stopping threads took: 0.0000830 seconds
271.343: [CMS-concurrent-mark: 0.275/0.412 secs] [Times: user=3.12 sys=0.01, real=0.41 secs] 
271.343: [CMS-concurrent-preclean-start]
271.352: Application time: 0.0541760 seconds
271.352: [GC271.352: [ParNew: 122240K->122240K(122240K), 0.0000160 secs]271.352: [CMS271.522: [CMS-concurrent-preclean: 0.177/0.179 secs] [Times: user=0.25 sys=0.00, real=0.18 secs] 
 (concurrent mode failure): 252394K->147414K(273792K), 0.4970130 secs] 374634K->147414K(396032K), [CMS Perm : 9130K->9130K(21248K)], 0.4970820 secs] [Times: user=0.49 sys=0.00, real=0.50 secs] 
271.849: Total time for which application threads were stopped: 0.4972470 seconds, Stopping threads took: 0.0000950 seconds
271.907: Application time: 0.0581270 seconds
271.907: [GC271.907: [ParNew: 108672K->13568K(122240K), 0.0127160 secs] 256086K->161487K(396032K), 0.0127630 secs] [Times: user=0.10 sys=0.00, real=0.01 secs] 
271.920: Total time for which application threads were stopped: 0.0130020 seconds, Stopping threads took: 0.0001390 seconds
271.972: Application time: 0.0515440 seconds
271.972: [GC271.972: [ParNew: 122240K->13568K(122240K), 0.0265120 secs] 270159K->180605K(396032K), 0.0265600 secs] [Times: user=0.18 sys=0.00, real=0.03 secs] 
271.998: Total time for which application threads were stopped: 0.0268510 seconds, Stopping threads took: 0.0001970 seconds
271.999: Application time: 0.0001720 seconds
271.999: [GC [1 CMS-initial-mark: 167037K(273792K)] 182148K(396032K), 0.0102800 secs] [Times: user=0.01 sys=0.00, real=0.01 secs] 
272.009: Total time for which application threads were stopped: 0.0105680 seconds, Stopping threads took: 0.0002340 seconds
272.009: [CMS-concurrent-mark-start]
272.064: Application time: 0.0552340 seconds
272.065: [GC272.065: [ParNew: 122240K->13568K(122240K), 0.0361520 secs] 289277K->207608K(396032K), 0.0362020 secs] [Times: user=0.25 sys=0.00, real=0.04 secs] 
272.101: Total time for which application threads were stopped: 0.0363510 seconds, Stopping threads took: 0.0000650 seconds
272.161: Application time: 0.0600470 seconds
272.161: [GC272.161: [ParNew: 122240K->13568K(122240K), 0.0304230 secs] 316280K->225799K(396032K), 0.0304710 secs] [Times: user=0.21 sys=0.00, real=0.03 secs] 
272.191: Total time for which application threads were stopped: 0.0306010 seconds, Stopping threads took: 0.0000610 seconds
272.250: Application time: 0.0587800 seconds
272.250: [GC272.250: [ParNew: 122240K->13568K(122240K), 0.0313270 secs] 334471K->245923K(396032K), 0.0313720 secs] [Times: user=0.22 sys=0.00, real=0.03 secs] 
272.282: Total time for which application threads were stopped: 0.0315040 seconds, Stopping threads took: 0.0000630 seconds
272.321: [CMS-concurrent-mark: 0.213/0.312 secs] [Times: user=2.37 sys=0.01, real=0.31 secs] 
272.321: [CMS-concurrent-preclean-start]
272.351: Application time: 0.0691020 seconds
272.351: [GC272.351: [ParNew: 122240K->13568K(122240K), 0.0275580 secs] 354595K->259926K(396032K), 0.0276050 secs] [Times: user=0.19 sys=0.00, real=0.03 secs] 
272.379: Total time for which application threads were stopped: 0.0276990 seconds, Stopping threads took: 0.0000250 seconds
272.428: Application time: 0.0498230 seconds
272.429: [GC272.429: [ParNew: 122240K->13568K(122240K), 0.0312800 secs] 368598K->279531K(396032K), 0.0313270 secs] [Times: user=0.22 sys=0.00, real=0.03 secs] 
272.460: Total time for which application threads were stopped: 0.0314870 seconds, Stopping threads took: 0.0000740 seconds
272.505: Application time: 0.0449520 seconds
272.505: [GC272.505: [ParNew: 122240K->122240K(122240K), 0.0000120 secs]272.505: [CMS272.631: [CMS-concurrent-preclean: 0.249/0.310 secs] [Times: user=1.53 sys=0.01, real=0.31 secs] 
 (concurrent mode failure): 265963K->126649K(273792K), 0.3954600 secs] 388203K->126649K(396032K), [CMS Perm : 9130K->9130K(21248K)], 0.3955260 secs] [Times: user=0.39 sys=0.00, real=0.39 secs] 
272.900: Total time for which application threads were stopped: 0.3956800 seconds, Stopping threads took: 0.0000870 seconds
272.946: Application time: 0.0454010 seconds
272.946: [GC272.946: [ParNew: 108672K->13568K(122240K), 0.0237400 secs] 235321K->156087K(396032K), 0.0237880 secs] [Times: user=0.17 sys=0.00, real=0.02 secs] 
272.970: Total time for which application threads were stopped: 0.0239630 seconds, Stopping threads took: 0.0000830 seconds
273.019: Application time: 0.0494580 seconds
273.020: [GC273.020: [ParNew: 122240K->13568K(122240K), 0.0305520 secs] 264759K->176345K(396032K), 0.0306000 secs] [Times: user=0.21 sys=0.00, real=0.03 secs] 
273.050: Total time for which application threads were stopped: 0.0308380 seconds, Stopping threads took: 0.0001460 seconds
273.057: Application time: 0.0067190 seconds
273.057: [GC [1 CMS-initial-mark: 162777K(273792K)] 190874K(396032K), 0.0188890 secs] [Times: user=0.02 sys=0.00, real=0.02 secs] 
273.076: Total time for which application threads were stopped: 0.0191350 seconds, Stopping threads took: 0.0001940 seconds
273.076: [CMS-concurrent-mark-start]
273.129: Application time: 0.0530770 seconds
273.129: [GC273.129: [ParNew: 122240K->13568K(122240K), 0.0292740 secs] 285017K->194672K(396032K), 0.0293250 secs] [Times: user=0.20 sys=0.00, real=0.03 secs] 
273.159: Total time for which application threads were stopped: 0.0295290 seconds, Stopping threads took: 0.0001140 seconds
273.211: Application time: 0.0522310 seconds
273.211: [GC273.211: [ParNew: 122240K->13568K(122240K), 0.0422280 secs] 303344K->226333K(396032K), 0.0422730 secs] [Times: user=0.29 sys=0.00, real=0.05 secs] 
273.253: Total time for which application threads were stopped: 0.0424500 seconds, Stopping threads took: 0.0001000 seconds
273.317: Application time: 0.0639390 seconds
273.317: [GC273.317: [ParNew: 122240K->13568K(122240K), 0.0311850 secs] 335005K->244365K(396032K), 0.0312340 secs] [Times: user=0.22 sys=0.00, real=0.03 secs] 
273.349: Total time for which application threads were stopped: 0.0313460 seconds, Stopping threads took: 0.0000420 seconds
273.403: [CMS-concurrent-mark: 0.223/0.326 secs] [Times: user=2.48 sys=0.02, real=0.32 secs] 
273.403: [CMS-concurrent-preclean-start]
273.417: Application time: 0.0688320 seconds
273.418: [GC273.418: [ParNew: 122240K->13566K(122240K), 0.0262030 secs] 353037K->258232K(396032K), 0.0262540 secs] [Times: user=0.19 sys=0.00, real=0.02 secs] 
273.444: Total time for which application threads were stopped: 0.0264340 seconds, Stopping threads took: 0.0001100 seconds
273.499: Application time: 0.0552530 seconds
273.499: [GC273.499: [ParNew: 122238K->13568K(122240K), 0.0298950 secs] 366904K->275816K(396032K), 0.0299430 secs] [Times: user=0.21 sys=0.00, real=0.03 secs] 
273.529: Total time for which application threads were stopped: 0.0301140 seconds, Stopping threads took: 0.0000870 seconds
273.576: Application time: 0.0468680 seconds
273.576: [GC273.576: [ParNew: 122240K->122240K(122240K), 0.0000140 secs]273.576: [CMS273.717: [CMS-concurrent-preclean: 0.256/0.315 secs] [Times: user=1.47 sys=0.00, real=0.32 secs] 
 (concurrent mode failure): 262248K->128025K(273792K), 0.4188080 secs] 384488K->128025K(396032K), [CMS Perm : 9130K->9130K(21248K)], 0.4188800 secs] [Times: user=0.42 sys=0.00, real=0.42 secs] 
273.995: Total time for which application threads were stopped: 0.4190590 seconds, Stopping threads took: 0.0001080 seconds
274.038: Application time: 0.0427200 seconds
274.038: [GC274.038: [ParNew: 108672K->13568K(122240K), 0.0243810 secs] 236697K->158618K(396032K), 0.0244440 secs] [Times: user=0.17 sys=0.00, real=0.02 secs] 
274.063: Total time for which application threads were stopped: 0.0246810 seconds, Stopping threads took: 0.0001290 seconds
274.113: Application time: 0.0502500 seconds
274.117: [GC274.117: [ParNew: 122240K->13568K(122240K), 0.0337070 secs] 267290K->181671K(396032K), 0.0337590 secs] [Times: user=0.24 sys=0.00, real=0.03 secs] 
274.151: Total time for which application threads were stopped: 0.0379940 seconds, Stopping threads took: 0.0041520 seconds
274.161: Application time: 0.0100430 seconds
274.161: [GC [1 CMS-initial-mark: 168103K(273792K)] 204240K(396032K), 0.0248050 secs] [Times: user=0.02 sys=0.00, real=0.03 secs] 
274.186: Total time for which application threads were stopped: 0.0250610 seconds, Stopping threads took: 0.0001830 seconds
274.186: [CMS-concurrent-mark-start]
274.237: Application time: 0.0515360 seconds
274.238: [GC274.238: [ParNew: 122240K->13568K(122240K), 0.0332270 secs] 290343K->201308K(396032K), 0.0332740 secs] [Times: user=0.24 sys=0.00, real=0.03 secs] 
274.271: Total time for which application threads were stopped: 0.0334180 seconds, Stopping threads took: 0.0000740 seconds
274.333: Application time: 0.0624760 seconds
274.333: [GC274.334: [ParNew: 122240K->13568K(122240K), 0.0292590 secs] 309980K->218444K(396032K), 0.0293080 secs] [Times: user=0.21 sys=0.00, real=0.02 secs] 
274.363: Total time for which application threads were stopped: 0.0294520 seconds, Stopping threads took: 0.0000750 seconds
274.422: Application time: 0.0586980 seconds
274.422: [GC274.422: [ParNew: 122240K->13568K(122240K), 0.0314420 secs] 327116K->238377K(396032K), 0.0314900 secs] [Times: user=0.22 sys=0.00, real=0.04 secs] 
274.453: Total time for which application threads were stopped: 0.0316610 seconds, Stopping threads took: 0.0001030 seconds
274.511: Application time: 0.0574020 seconds
274.511: [GC274.511: [ParNew: 122240K->13567K(122240K), 0.0282420 secs] 347049K->254537K(396032K), 0.0282920 secs] [Times: user=0.20 sys=0.00, real=0.03 secs] 
274.539: Total time for which application threads were stopped: 0.0284660 seconds, Stopping threads took: 0.0001050 seconds
274.577: [CMS-concurrent-mark: 0.268/0.391 secs] [Times: user=2.98 sys=0.02, real=0.39 secs] 
274.577: [CMS-concurrent-preclean-start]
274.584: Application time: 0.0450080 seconds
274.584: [GC274.584: [ParNew: 122239K->13568K(122240K), 0.0365950 secs] 363209K->281728K(396032K), 0.0366390 secs] [Times: user=0.24 sys=0.01, real=0.04 secs] 
274.621: Total time for which application threads were stopped: 0.0367960 seconds, Stopping threads took: 0.0000760 seconds
274.675: Application time: 0.0540210 seconds
274.675: [GC274.675: [ParNew: 122240K->122240K(122240K), 0.0000120 secs]274.675: [CMS274.842: [CMS-concurrent-preclean: 0.226/0.265 secs] [Times: user=0.90 sys=0.01, real=0.26 secs] 
 (concurrent mode failure): 268160K->142599K(273792K), 0.4980630 secs] 390400K->142599K(396032K), [CMS Perm : 9130K->9130K(21248K)], 0.4981300 secs] [Times: user=0.49 sys=0.00, real=0.50 secs] 
275.173: Total time for which application threads were stopped: 0.4982930 seconds, Stopping threads took: 0.0000960 seconds
275.223: Application time: 0.0502820 seconds
275.224: [GC275.224: [ParNew: 108667K->13568K(122240K), 0.0152130 secs] 251267K->162567K(396032K), 0.0152640 secs] [Times: user=0.12 sys=0.00, real=0.02 secs] 
275.239: Total time for which application threads were stopped: 0.0154600 seconds, Stopping threads took: 0.0001150 seconds
275.294: Application time: 0.0555290 seconds
275.295: [GC275.295: [ParNew: 122240K->13568K(122240K), 0.0258650 secs] 271239K->179337K(396032K), 0.0259150 secs] [Times: user=0.18 sys=0.00, real=0.02 secs] 
275.321: Total time for which application threads were stopped: 0.0261890 seconds, Stopping threads took: 0.0001820 seconds
275.370: Application time: 0.0494540 seconds
275.370: [GC275.370: [ParNew: 122240K->13568K(122240K), 0.0280240 secs] 288009K->196732K(396032K), 0.0280740 secs] [Times: user=0.20 sys=0.00, real=0.03 secs] 
275.398: Total time for which application threads were stopped: 0.0282260 seconds, Stopping threads took: 0.0000810 seconds
275.399: Application time: 0.0002710 seconds
275.399: [GC [1 CMS-initial-mark: 183164K(273792K)] 198674K(396032K), 0.0100530 secs] [Times: user=0.01 sys=0.00, real=0.01 secs] 
275.409: Total time for which application threads were stopped: 0.0101990 seconds, Stopping threads took: 0.0001040 seconds
275.409: [CMS-concurrent-mark-start]
275.457: Application time: 0.0485580 seconds
275.458: [GC275.458: [ParNew: 122240K->13568K(122240K), 0.0375700 secs] 305404K->225974K(396032K), 0.0376180 secs] [Times: user=0.26 sys=0.00, real=0.04 secs] 
275.495: Total time for which application threads were stopped: 0.0377820 seconds, Stopping threads took: 0.0000950 seconds
275.555: Application time: 0.0600190 seconds
275.555: [GC275.555: [ParNew: 122240K->13568K(122240K), 0.0357970 secs] 334646K->249020K(396032K), 0.0358440 secs] [Times: user=0.25 sys=0.00, real=0.03 secs] 
275.591: Total time for which application threads were stopped: 0.0360300 seconds, Stopping threads took: 0.0001190 seconds
275.656: Application time: 0.0649130 seconds
275.656: [GC275.656: [ParNew: 122240K->13568K(122240K), 0.0337490 secs] 357692K->268334K(396032K), 0.0337960 secs] [Times: user=0.24 sys=0.00, real=0.03 secs] 
275.690: Total time for which application threads were stopped: 0.0339000 seconds, Stopping threads took: 0.0000370 seconds
275.737: [CMS-concurrent-mark: 0.221/0.328 secs] [Times: user=2.50 sys=0.01, real=0.33 secs] 
275.737: [CMS-concurrent-preclean-start]
275.750: Application time: 0.0601260 seconds
275.750: [GC275.750: [ParNew: 122240K->122240K(122240K), 0.0000150 secs]275.750: [CMS275.885: [CMS-concurrent-preclean: 0.146/0.147 secs] [Times: user=0.24 sys=0.00, real=0.15 secs] 
 (concurrent mode failure): 254766K->120669K(273792K), 0.4060660 secs] 377006K->120669K(396032K), [CMS Perm : 9130K->9130K(21248K)], 0.4061330 secs] [Times: user=0.41 sys=0.00, real=0.41 secs] 
276.156: Total time for which application threads were stopped: 0.4062680 seconds, Stopping threads took: 0.0000570 seconds
276.198: Application time: 0.0415050 seconds
276.198: [GC276.198: [ParNew: 108672K->13568K(122240K), 0.0246700 secs] 229341K->153774K(396032K), 0.0247260 secs] [Times: user=0.17 sys=0.00, real=0.02 secs] 
276.223: Total time for which application threads were stopped: 0.0249130 seconds, Stopping threads took: 0.0001060 seconds
276.271: Application time: 0.0483180 seconds
276.271: [GC276.271: [ParNew: 122073K->13568K(122240K), 0.0321010 secs] 262280K->175396K(396032K), 0.0321520 secs] [Times: user=0.22 sys=0.00, real=0.03 secs] 
276.304: Total time for which application threads were stopped: 0.0323440 seconds, Stopping threads took: 0.0001040 seconds
276.304: Application time: 0.0001240 seconds
276.304: [GC [1 CMS-initial-mark: 161828K(273792K)] 177298K(396032K), 0.0110660 secs] [Times: user=0.01 sys=0.00, real=0.02 secs] 
276.315: Total time for which application threads were stopped: 0.0112530 seconds, Stopping threads took: 0.0001440 seconds
276.315: [CMS-concurrent-mark-start]
276.380: Application time: 0.0646610 seconds
276.380: [GC276.380: [ParNew: 122240K->13568K(122240K), 0.0279460 secs] 284068K->191127K(396032K), 0.0279950 secs] [Times: user=0.20 sys=0.00, real=0.03 secs] 
276.408: Total time for which application threads were stopped: 0.0281640 seconds, Stopping threads took: 0.0001000 seconds
276.462: Application time: 0.0540460 seconds
276.462: [GC276.462: [ParNew: 122240K->13568K(122240K), 0.0352650 secs] 299799K->215228K(396032K), 0.0353110 secs] [Times: user=0.24 sys=0.00, real=0.04 secs] 
276.497: Total time for which application threads were stopped: 0.0354710 seconds, Stopping threads took: 0.0000890 seconds
276.566: Application time: 0.0690560 seconds
276.566: [GC276.566: [ParNew: 122240K->13568K(122240K), 0.0279150 secs] 323900K->229974K(396032K), 0.0279630 secs] [Times: user=0.20 sys=0.00, real=0.03 secs] 
276.594: Total time for which application threads were stopped: 0.0280670 seconds, Stopping threads took: 0.0000340 seconds
276.627: [CMS-concurrent-mark: 0.221/0.312 secs] [Times: user=2.39 sys=0.00, real=0.31 secs] 
276.627: [CMS-concurrent-preclean-start]
276.647: Application time: 0.0525040 seconds
276.647: [GC276.647: [ParNew: 122240K->13568K(122240K), 0.0351790 secs] 338646K->253483K(396032K), 0.0352260 secs] [Times: user=0.24 sys=0.00, real=0.03 secs] 
276.682: Total time for which application threads were stopped: 0.0353600 seconds, Stopping threads took: 0.0000620 seconds
276.736: Application time: 0.0541430 seconds
276.736: [GC276.737: [ParNew: 122240K->13568K(122240K), 0.0335790 secs] 362155K->274670K(396032K), 0.0336280 secs] [Times: user=0.23 sys=0.00, real=0.03 secs] 
276.770: Total time for which application threads were stopped: 0.0337610 seconds, Stopping threads took: 0.0000620 seconds
276.823: Application time: 0.0526700 seconds
276.823: [GC276.823: [ParNew: 122187K->122187K(122240K), 0.0000150 secs]276.823: [CMS276.967: [CMS-concurrent-preclean: 0.268/0.339 secs] [Times: user=1.64 sys=0.01, real=0.34 secs] 
 (concurrent mode failure): 261102K->125553K(273792K), 0.4318130 secs] 383290K->125553K(396032K), [CMS Perm : 9130K->9130K(21248K)], 0.4318920 secs] [Times: user=0.44 sys=0.00, real=0.44 secs] 
277.255: Total time for which application threads were stopped: 0.4320870 seconds, Stopping threads took: 0.0001120 seconds
277.298: Application time: 0.0429470 seconds
277.298: [GC277.298: [ParNew: 108672K->13568K(122240K), 0.0185680 secs] 234225K->150906K(396032K), 0.0186190 secs] [Times: user=0.13 sys=0.00, real=0.02 secs] 
277.317: Total time for which application threads were stopped: 0.0188240 seconds, Stopping threads took: 0.0001330 seconds
277.366: Application time: 0.0498020 seconds
277.367: [GC277.367: [ParNew: 122240K->13568K(122240K), 0.0345000 secs] 259578K->177781K(396032K), 0.0345520 secs] [Times: user=0.24 sys=0.00, real=0.03 secs] 
277.401: Total time for which application threads were stopped: 0.0347350 seconds, Stopping threads took: 0.0000910 seconds
277.401: Application time: 0.0000460 seconds
277.401: [GC [1 CMS-initial-mark: 164213K(273792K)] 178239K(396032K), 0.0116410 secs] [Times: user=0.01 sys=0.00, real=0.02 secs] 
277.413: Total time for which application threads were stopped: 0.0117480 seconds, Stopping threads took: 0.0000550 seconds
277.413: [CMS-concurrent-mark-start]
277.473: Application time: 0.0595570 seconds
277.473: [GC277.473: [ParNew: 122240K->13567K(122240K), 0.0301470 secs] 286453K->196163K(396032K), 0.0301950 secs] [Times: user=0.21 sys=0.00, real=0.03 secs] 
277.503: Total time for which application threads were stopped: 0.0303440 seconds, Stopping threads took: 0.0000800 seconds
277.573: Application time: 0.0698860 seconds
277.573: [GC277.573: [ParNew: 122239K->13566K(122240K), 0.0304470 secs] 304835K->213582K(396032K), 0.0304950 secs] [Times: user=0.21 sys=0.01, real=0.02 secs] 
277.603: Total time for which application threads were stopped: 0.0306110 seconds, Stopping threads took: 0.0000460 seconds
277.661: Application time: 0.0572000 seconds
277.661: [GC277.661: [ParNew: 122238K->13568K(122240K), 0.0309290 secs] 322254K->232223K(396032K), 0.0309850 secs] [Times: user=0.22 sys=0.00, real=0.03 secs] 
277.692: Total time for which application threads were stopped: 0.0311360 seconds, Stopping threads took: 0.0000800 seconds
277.693: [CMS-concurrent-mark: 0.187/0.279 secs] [Times: user=2.12 sys=0.01, real=0.27 secs] 
277.693: [CMS-concurrent-preclean-start]
277.744: Application time: 0.0518970 seconds
277.744: [GC277.744: [ParNew: 122240K->13568K(122240K), 0.0357450 secs] 340895K->257356K(396032K), 0.0357960 secs] [Times: user=0.25 sys=0.00, real=0.04 secs] 
277.780: Total time for which application threads were stopped: 0.0359790 seconds, Stopping threads took: 0.0001110 seconds
277.828: Application time: 0.0485270 seconds
277.828: [GC277.828: [ParNew: 122240K->13568K(122240K), 0.0372590 secs] 366028K->282546K(396032K), 0.0373080 secs] [Times: user=0.26 sys=0.00, real=0.04 secs] 
277.866: Total time for which application threads were stopped: 0.0374760 seconds, Stopping threads took: 0.0000950 seconds
277.926: Application time: 0.0599110 seconds
277.926: [GC277.926: [ParNew: 122240K->122240K(122240K), 0.0000150 secs]277.926: [CMS278.066: [CMS-concurrent-preclean: 0.297/0.373 secs] [Times: user=1.91 sys=0.01, real=0.38 secs] 
 (concurrent mode failure): 268978K->138645K(273792K), 0.4458830 secs] 391218K->138645K(396032K), [CMS Perm : 9130K->9130K(21248K)], 0.4459610 secs] [Times: user=0.45 sys=0.00, real=0.44 secs] 
278.372: Total time for which application threads were stopped: 0.4461550 seconds, Stopping threads took: 0.0000970 seconds
278.424: Application time: 0.0524420 seconds
278.424: [GC278.424: [ParNew: 108672K->13568K(122240K), 0.0126800 secs] 247317K->156058K(396032K), 0.0127300 secs] [Times: user=0.10 sys=0.00, real=0.02 secs] 
278.437: Total time for which application threads were stopped: 0.0129090 seconds, Stopping threads took: 0.0001090 seconds
278.483: Application time: 0.0459970 seconds
278.483: [GC278.483: [ParNew: 122240K->13568K(122240K), 0.0319230 secs] 264730K->183032K(396032K), 0.0319720 secs] [Times: user=0.22 sys=0.00, real=0.04 secs] 
278.515: Total time for which application threads were stopped: 0.0321840 seconds, Stopping threads took: 0.0001330 seconds
278.517: Application time: 0.0015550 seconds
278.517: [GC [1 CMS-initial-mark: 169464K(273792K)] 186530K(396032K), 0.0127700 secs] [Times: user=0.01 sys=0.00, real=0.01 secs] 
278.530: Total time for which application threads were stopped: 0.0128830 seconds, Stopping threads took: 0.0000660 seconds
278.530: [CMS-concurrent-mark-start]
278.585: Application time: 0.0553500 seconds
278.585: [GC278.585: [ParNew: 122240K->13567K(122240K), 0.0333460 secs] 291704K->204712K(396032K), 0.0333940 secs] [Times: user=0.23 sys=0.00, real=0.03 secs] 
278.619: Total time for which application threads were stopped: 0.0335370 seconds, Stopping threads took: 0.0000730 seconds
278.675: Application time: 0.0566660 seconds
278.675: [GC278.675: [ParNew: 122239K->13566K(122240K), 0.0341800 secs] 313384K->226574K(396032K), 0.0342300 secs] [Times: user=0.23 sys=0.00, real=0.03 secs] 
278.710: Total time for which application threads were stopped: 0.0344170 seconds, Stopping threads took: 0.0001140 seconds
278.770: Application time: 0.0607620 seconds
278.771: [GC278.771: [ParNew: 122238K->13568K(122240K), 0.0344650 secs] 335246K->247746K(396032K), 0.0345220 secs] [Times: user=0.24 sys=0.00, real=0.04 secs] 
278.805: Total time for which application threads were stopped: 0.0346900 seconds, Stopping threads took: 0.0000960 seconds
278.847: Application time: 0.0423160 seconds
278.848: [GC278.848: [ParNew: 122240K->13568K(122240K), 0.0413840 secs] 356418K->279570K(396032K), 0.0414330 secs] [Times: user=0.28 sys=0.00, real=0.04 secs] 
278.889: Total time for which application threads were stopped: 0.0415750 seconds, Stopping threads took: 0.0000730 seconds
278.944: Application time: 0.0544910 seconds
278.944: [GC278.944: [ParNew: 122240K->122240K(122240K), 0.0000140 secs]278.944: [CMS278.945: [CMS-concurrent-mark: 0.270/0.415 secs] [Times: user=3.14 sys=0.00, real=0.42 secs] 
 (concurrent mode failure): 266002K->153695K(273792K), 0.3244960 secs] 388242K->153695K(396032K), [CMS Perm : 9130K->9130K(21248K)], 0.3245660 secs] [Times: user=0.33 sys=0.00, real=0.33 secs] 
279.268: Total time for which application threads were stopped: 0.3247150 seconds, Stopping threads took: 0.0000800 seconds
279.325: Application time: 0.0565470 seconds
279.325: [GC279.325: [ParNew: 108672K->13568K(122240K), 0.0152850 secs] 262367K->169872K(396032K), 0.0153300 secs] [Times: user=0.11 sys=0.00, real=0.01 secs] 
279.340: Total time for which application threads were stopped: 0.0155080 seconds, Stopping threads took: 0.0000990 seconds
279.400: Application time: 0.0594200 seconds
279.400: [GC279.400: [ParNew: 122240K->13564K(122240K), 0.0236930 secs] 278544K->185422K(396032K), 0.0237420 secs] [Times: user=0.17 sys=0.00, real=0.02 secs] 
279.424: Total time for which application threads were stopped: 0.0239460 seconds, Stopping threads took: 0.0001320 seconds
279.424: Application time: 0.0000800 seconds
279.424: [GC [1 CMS-initial-mark: 171858K(273792K)] 186981K(396032K), 0.0075510 secs] [Times: user=0.00 sys=0.00, real=0.01 secs] 
279.431: Total time for which application threads were stopped: 0.0076560 seconds, Stopping threads took: 0.0000690 seconds
279.431: [CMS-concurrent-mark-start]
279.489: Application time: 0.0578950 seconds
279.489: [GC279.489: [ParNew: 122236K->13568K(122240K), 0.0252930 secs] 294094K->199372K(396032K), 0.0253420 secs] [Times: user=0.18 sys=0.00, real=0.03 secs] 
279.515: Total time for which application threads were stopped: 0.0254880 seconds, Stopping threads took: 0.0000750 seconds
279.574: Application time: 0.0590250 seconds
279.574: [GC279.574: [ParNew: 122240K->13568K(122240K), 0.0335140 secs] 308044K->222776K(396032K), 0.0335620 secs] [Times: user=0.23 sys=0.00, real=0.03 secs] 
279.608: Total time for which application threads were stopped: 0.0336920 seconds, Stopping threads took: 0.0000580 seconds
279.667: Application time: 0.0599260 seconds
279.668: [GC279.668: [ParNew: 122240K->13568K(122240K), 0.0318320 secs] 331448K->242553K(396032K), 0.0318800 secs] [Times: user=0.23 sys=0.00, real=0.03 secs] 
279.699: Total time for which application threads were stopped: 0.0319960 seconds, Stopping threads took: 0.0000420 seconds
279.734: [CMS-concurrent-mark: 0.212/0.303 secs] [Times: user=2.32 sys=0.01, real=0.31 secs] 
279.735: [CMS-concurrent-preclean-start]
279.754: Application time: 0.0544910 seconds
279.754: [GC279.754: [ParNew: 122240K->13568K(122240K), 0.0324990 secs] 351225K->264032K(396032K), 0.0325470 secs] [Times: user=0.23 sys=0.00, real=0.03 secs] 
279.787: Total time for which application threads were stopped: 0.0326950 seconds, Stopping threads took: 0.0000760 seconds
279.835: Application time: 0.0486040 seconds
279.835: [GC279.835: [ParNew: 122203K->122203K(122240K), 0.0000140 secs]279.835: [CMS279.966: [CMS-concurrent-preclean: 0.197/0.232 secs] [Times: user=0.90 sys=0.01, real=0.23 secs] 
 (concurrent mode failure): 250464K->121365K(273792K), 0.3827670 secs] 372668K->121365K(396032K), [CMS Perm : 9130K->9130K(21248K)], 0.3828370 secs] [Times: user=0.38 sys=0.00, real=0.38 secs] 
280.218: Total time for which application threads were stopped: 0.3830100 seconds, Stopping threads took: 0.0000830 seconds
280.255: Application time: 0.0371340 seconds
280.256: [GC280.256: [ParNew: 108672K->13568K(122240K), 0.0270810 secs] 230037K->158273K(396032K), 0.0271290 secs] [Times: user=0.19 sys=0.00, real=0.02 secs] 
280.283: Total time for which application threads were stopped: 0.0273910 seconds, Stopping threads took: 0.0001920 seconds
280.333: Application time: 0.0506690 seconds
280.334: [GC280.334: [ParNew: 122240K->13568K(122240K), 0.0383420 secs] 266945K->184167K(396032K), 0.0383930 secs] [Times: user=0.27 sys=0.00, real=0.03 secs] 
280.372: Total time for which application threads were stopped: 0.0386990 seconds, Stopping threads took: 0.0002130 seconds
280.372: Application time: 0.0001080 seconds
280.372: [GC [1 CMS-initial-mark: 170599K(273792K)] 185783K(396032K), 0.0113800 secs] [Times: user=0.01 sys=0.00, real=0.01 secs] 
280.384: Total time for which application threads were stopped: 0.0115540 seconds, Stopping threads took: 0.0001170 seconds
280.384: [CMS-concurrent-mark-start]
280.462: Application time: 0.0779490 seconds
280.462: [GC280.462: [ParNew: 122240K->13566K(122240K), 0.0259000 secs] 292839K->197388K(396032K), 0.0259500 secs] [Times: user=0.18 sys=0.00, real=0.03 secs] 
280.488: Total time for which application threads were stopped: 0.0261160 seconds, Stopping threads took: 0.0000960 seconds
280.564: Application time: 0.0763680 seconds
280.564: [GC280.564: [ParNew: 122238K->12491K(122240K), 0.0201110 secs] 306060K->204671K(396032K), 0.0201580 secs] [Times: user=0.15 sys=0.00, real=0.02 secs] 
280.585: Total time for which application threads were stopped: 0.0202830 seconds, Stopping threads took: 0.0000570 seconds
280.589: [CMS-concurrent-mark: 0.159/0.206 secs] [Times: user=1.59 sys=0.01, real=0.21 secs] 
280.590: [CMS-concurrent-preclean-start]
280.637: Application time: 0.0527850 seconds
280.637: [GC280.637: [ParNew: 121147K->13568K(122240K), 0.0266050 secs] 313327K->221203K(396032K), 0.0266540 secs] [Times: user=0.18 sys=0.00, real=0.02 secs] 
280.664: Total time for which application threads were stopped: 0.0267920 seconds, Stopping threads took: 0.0000650 seconds
280.712: Application time: 0.0476210 seconds
280.712: [GC280.712: [ParNew: 122152K->13568K(122240K), 0.0382350 secs] 329787K->248452K(396032K), 0.0382840 secs] [Times: user=0.27 sys=0.00, real=0.04 secs] 
280.750: Total time for which application threads were stopped: 0.0384490 seconds, Stopping threads took: 0.0000930 seconds
280.806: Application time: 0.0556780 seconds
280.806: [GC280.806: [ParNew: 122240K->13568K(122240K), 0.0332040 secs] 357124K->267581K(396032K), 0.0332520 secs] [Times: user=0.24 sys=0.00, real=0.03 secs] 
280.839: Total time for which application threads were stopped: 0.0334010 seconds, Stopping threads took: 0.0000780 seconds
280.882: Application time: 0.0431950 seconds
280.885: [GC280.885: [ParNew: 122230K->122230K(122240K), 0.0000160 secs]280.885: [CMS281.020: [CMS-concurrent-preclean: 0.327/0.431 secs] [Times: user=2.38 sys=0.00, real=0.43 secs] 
 (concurrent mode failure): 254013K->119838K(273792K), 0.3909510 secs] 376243K->119838K(396032K), [CMS Perm : 9130K->9130K(21248K)], 0.3910260 secs] [Times: user=0.39 sys=0.00, real=0.39 secs] 
281.276: Total time for which application threads were stopped: 0.3934210 seconds, Stopping threads took: 0.0023100 seconds
281.313: Application time: 0.0373770 seconds
281.316: [GC281.316: [ParNew: 108672K->13568K(122240K), 0.0257200 secs] 228510K->154027K(396032K), 0.0257710 secs] [Times: user=0.18 sys=0.00, real=0.02 secs] 
281.342: Total time for which application threads were stopped: 0.0285130 seconds, Stopping threads took: 0.0026500 seconds
281.395: Application time: 0.0530510 seconds
281.395: [GC281.395: [ParNew: 122240K->13568K(122240K), 0.0382760 secs] 262699K->178423K(396032K), 0.0383270 secs] [Times: user=0.27 sys=0.00, real=0.04 secs] 
281.433: Total time for which application threads were stopped: 0.0385830 seconds, Stopping threads took: 0.0001720 seconds
281.445: Application time: 0.0113760 seconds
281.447: [GC [1 CMS-initial-mark: 164855K(273792K)] 199146K(396032K), 0.0287200 secs] [Times: user=0.03 sys=0.00, real=0.03 secs] 
281.476: Total time for which application threads were stopped: 0.0307390 seconds, Stopping threads took: 0.0019680 seconds
281.476: [CMS-concurrent-mark-start]
281.534: Application time: 0.0587120 seconds
281.534: [GC281.534: [ParNew: 122240K->13568K(122240K), 0.0265940 secs] 287095K->191985K(396032K), 0.0266420 secs] [Times: user=0.19 sys=0.00, real=0.02 secs] 
281.561: Total time for which application threads were stopped: 0.0268020 seconds, Stopping threads took: 0.0000920 seconds
281.623: Application time: 0.0615370 seconds
281.623: [GC281.623: [ParNew: 122240K->13568K(122240K), 0.0233830 secs] 300657K->203359K(396032K), 0.0234310 secs] [Times: user=0.17 sys=0.00, real=0.03 secs] 
281.646: Total time for which application threads were stopped: 0.0235910 seconds, Stopping threads took: 0.0000970 seconds
281.712: Application time: 0.0658790 seconds
281.712: [GC281.712: [ParNew: 122240K->13568K(122240K), 0.0287720 secs] 312031K->219933K(396032K), 0.0288210 secs] [Times: user=0.20 sys=0.00, real=0.03 secs] 
281.741: Total time for which application threads were stopped: 0.0289840 seconds, Stopping threads took: 0.0000920 seconds
281.742: [CMS-concurrent-mark: 0.187/0.266 secs] [Times: user=2.05 sys=0.00, real=0.26 secs] 
281.742: [CMS-concurrent-preclean-start]
281.790: Application time: 0.0487100 seconds
281.790: [GC281.790: [ParNew: 122239K->13568K(122240K), 0.0346630 secs] 328605K->242673K(396032K), 0.0347100 secs] [Times: user=0.24 sys=0.00, real=0.03 secs] 
281.825: Total time for which application threads were stopped: 0.0348820 seconds, Stopping threads took: 0.0001000 seconds
281.869: Application time: 0.0438790 seconds
281.869: [GC281.869: [ParNew: 122112K->13568K(122240K), 0.0381530 secs] 351218K->271050K(396032K), 0.0382010 secs] [Times: user=0.26 sys=0.00, real=0.04 secs] 
281.907: Total time for which application threads were stopped: 0.0383410 seconds, Stopping threads took: 0.0000690 seconds
281.960: Application time: 0.0535640 seconds
281.961: [GC281.961: [ParNew: 122240K->122240K(122240K), 0.0000150 secs]281.961: [CMS282.118: [CMS-concurrent-preclean: 0.301/0.376 secs] [Times: user=1.80 sys=0.03, real=0.38 secs] 
 (concurrent mode failure): 257482K->130343K(273792K), 0.4416650 secs] 379722K->130343K(396032K), [CMS Perm : 9130K->9130K(21248K)], 0.4417350 secs] [Times: user=0.44 sys=0.01, real=0.44 secs] 
282.402: Total time for which application threads were stopped: 0.4418510 seconds, Stopping threads took: 0.0000360 seconds
282.443: Application time: 0.0404800 seconds
282.443: [GC282.443: [ParNew: 108582K->13568K(122240K), 0.0223870 secs] 238925K->160369K(396032K), 0.0224360 secs] [Times: user=0.15 sys=0.00, real=0.03 secs] 
282.466: Total time for which application threads were stopped: 0.0227160 seconds, Stopping threads took: 0.0001880 seconds
282.508: Application time: 0.0421440 seconds
282.508: [GC282.508: [ParNew: 122240K->13568K(122240K), 0.0360280 secs] 269041K->188800K(396032K), 0.0360770 secs] [Times: user=0.24 sys=0.00, real=0.03 secs] 
282.544: Total time for which application threads were stopped: 0.0363220 seconds, Stopping threads took: 0.0001380 seconds
282.544: Application time: 0.0001060 seconds
282.544: [GC [1 CMS-initial-mark: 175232K(273792K)] 190301K(396032K), 0.0110800 secs] [Times: user=0.01 sys=0.00, real=0.02 secs] 
282.555: Total time for which application threads were stopped: 0.0112170 seconds, Stopping threads took: 0.0000920 seconds
282.555: [CMS-concurrent-mark-start]
282.625: Application time: 0.0698570 seconds
282.625: [GC282.625: [ParNew: 122240K->13566K(122240K), 0.0293700 secs] 297472K->202691K(396032K), 0.0294190 secs] [Times: user=0.21 sys=0.00, real=0.03 secs] 
282.655: Total time for which application threads were stopped: 0.0295430 seconds, Stopping threads took: 0.0000510 seconds
282.728: Application time: 0.0736660 seconds
282.729: [GC282.729: [ParNew: 122238K->13435K(122240K), 0.0248330 secs] 311363K->215559K(396032K), 0.0248780 secs] [Times: user=0.18 sys=0.00, real=0.03 secs] 
282.753: Total time for which application threads were stopped: 0.0250550 seconds, Stopping threads took: 0.0001100 seconds
282.819: [CMS-concurrent-mark: 0.209/0.264 secs] [Times: user=2.05 sys=0.00, real=0.26 secs] 
282.819: [CMS-concurrent-preclean-start]
282.825: Application time: 0.0719620 seconds
282.826: [GC282.826: [ParNew: 122107K->13548K(122240K), 0.0190320 secs] 324231K->223075K(396032K), 0.0190750 secs] [Times: user=0.14 sys=0.00, real=0.01 secs] 
282.845: Total time for which application threads were stopped: 0.0192170 seconds, Stopping threads took: 0.0000740 seconds
282.880: Application time: 0.0350170 seconds
282.880: [GC282.880: [ParNew: 122220K->13568K(122240K), 0.0384690 secs] 331747K->252784K(396032K), 0.0385160 secs] [Times: user=0.27 sys=0.00, real=0.04 secs] 
282.918: Total time for which application threads were stopped: 0.0386480 seconds, Stopping threads took: 0.0000630 seconds
282.954: Application time: 0.0357180 seconds
282.954: [GC282.954: [ParNew: 122240K->122240K(122240K), 0.0000150 secs]282.954: [CMS283.078: [CMS-concurrent-preclean: 0.199/0.259 secs] [Times: user=1.15 sys=0.01, real=0.26 secs] 
 (concurrent mode failure): 239216K->131484K(273792K), 0.3899820 secs] 361456K->131484K(396032K), [CMS Perm : 9130K->9130K(21248K)], 0.3900520 secs] [Times: user=0.39 sys=0.00, real=0.38 secs] 
283.344: Total time for which application threads were stopped: 0.3902040 seconds, Stopping threads took: 0.0000810 seconds
283.395: Application time: 0.0505490 seconds
283.395: [GC283.395: [ParNew: 108672K->13568K(122240K), 0.0352730 secs] 240156K->167106K(396032K), 0.0353290 secs] [Times: user=0.24 sys=0.00, real=0.03 secs] 
283.430: Total time for which application threads were stopped: 0.0356470 seconds, Stopping threads took: 0.0002100 seconds
283.477: Application time: 0.0464500 seconds
283.477: [GC283.477: [ParNew: 122206K->13568K(122240K), 0.0300920 secs] 275744K->185500K(396032K), 0.0301390 secs] [Times: user=0.21 sys=0.00, real=0.03 secs] 
283.507: Total time for which application threads were stopped: 0.0303480 seconds, Stopping threads took: 0.0001180 seconds
283.507: Application time: 0.0001270 seconds
283.508: [GC [1 CMS-initial-mark: 171932K(273792K)] 187041K(396032K), 0.0110380 secs] [Times: user=0.01 sys=0.00, real=0.01 secs] 
283.519: Total time for which application threads were stopped: 0.0112260 seconds, Stopping threads took: 0.0001440 seconds
283.519: [CMS-concurrent-mark-start]
283.582: Application time: 0.0630440 seconds
283.583: [GC283.583: [ParNew: 122240K->13568K(122240K), 0.0302370 secs] 294172K->204825K(396032K), 0.0302850 secs] [Times: user=0.21 sys=0.00, real=0.04 secs] 
283.613: Total time for which application threads were stopped: 0.0315530 seconds, Stopping threads took: 0.0011980 seconds
283.673: Application time: 0.0599270 seconds
283.673: [GC283.673: [ParNew: 122240K->13568K(122240K), 0.0317230 secs] 313497K->224421K(396032K), 0.0317690 secs] [Times: user=0.22 sys=0.00, real=0.03 secs] 
283.705: Total time for which application threads were stopped: 0.0319500 seconds, Stopping threads took: 0.0001130 seconds
283.767: [CMS-concurrent-mark: 0.184/0.248 secs] [Times: user=1.90 sys=0.00, real=0.25 secs] 
283.767: [CMS-concurrent-preclean-start]
283.776: Application time: 0.0709920 seconds
283.776: [GC283.776: [ParNew: 122240K->13568K(122240K), 0.0279700 secs] 333093K->238423K(396032K), 0.0280150 secs] [Times: user=0.20 sys=0.00, real=0.02 secs] 
283.804: Total time for which application threads were stopped: 0.0281680 seconds, Stopping threads took: 0.0000830 seconds
283.859: Application time: 0.0550820 seconds
283.859: [GC283.859: [ParNew: 122240K->13568K(122240K), 0.0276430 secs] 347095K->254030K(396032K), 0.0276940 secs] [Times: user=0.20 sys=0.00, real=0.03 secs] 
283.887: Total time for which application threads were stopped: 0.0278590 seconds, Stopping threads took: 0.0000970 seconds
283.932: Application time: 0.0449850 seconds
283.932: [GC283.932: [ParNew: 122240K->13568K(122240K), 0.0358640 secs] 362702K->280295K(396032K), 0.0359230 secs] [Times: user=0.24 sys=0.00, real=0.04 secs] 
283.968: Total time for which application threads were stopped: 0.0360960 seconds, Stopping threads took: 0.0000940 seconds
284.024: Application time: 0.0555040 seconds
284.024: [GC284.024: [ParNew: 122240K->122240K(122240K), 0.0000160 secs]284.024: [CMS284.159: [CMS-concurrent-preclean: 0.297/0.392 secs] [Times: user=2.11 sys=0.00, real=0.39 secs] 
 (concurrent mode failure): 266727K->136137K(273792K), 0.4417600 secs] 388967K->136137K(396032K), [CMS Perm : 9130K->9130K(21248K)], 0.4418310 secs] [Times: user=0.44 sys=0.00, real=0.45 secs] 
284.466: Total time for which application threads were stopped: 0.4419670 seconds, Stopping threads took: 0.0000670 seconds
284.513: Application time: 0.0474970 seconds
284.513: [GC284.513: [ParNew: 108672K->13568K(122240K), 0.0173510 secs] 244809K->159348K(396032K), 0.0174000 secs] [Times: user=0.12 sys=0.00, real=0.01 secs] 
284.531: Total time for which application threads were stopped: 0.0176480 seconds, Stopping threads took: 0.0001540 seconds
284.572: Application time: 0.0412680 seconds
284.572: [GC284.572: [ParNew: 122240K->13568K(122240K), 0.0330960 secs] 268020K->187387K(396032K), 0.0331460 secs] [Times: user=0.23 sys=0.00, real=0.04 secs] 
284.605: Total time for which application threads were stopped: 0.0333300 seconds, Stopping threads took: 0.0001110 seconds
284.617: Application time: 0.0113320 seconds
284.617: [GC [1 CMS-initial-mark: 173819K(273792K)] 212708K(396032K), 0.0252060 secs] [Times: user=0.02 sys=0.00, real=0.02 secs] 
284.642: Total time for which application threads were stopped: 0.0253870 seconds, Stopping threads took: 0.0001280 seconds
284.642: [CMS-concurrent-mark-start]
284.696: Application time: 0.0542560 seconds
284.697: [GC284.697: [ParNew: 122240K->13568K(122240K), 0.0297080 secs] 296059K->204019K(396032K), 0.0297590 secs] [Times: user=0.21 sys=0.00, real=0.03 secs] 
284.726: Total time for which application threads were stopped: 0.0299330 seconds, Stopping threads took: 0.0001010 seconds
284.785: Application time: 0.0584370 seconds
284.785: [GC284.785: [ParNew: 122240K->13568K(122240K), 0.0329240 secs] 312691K->224573K(396032K), 0.0329730 secs] [Times: user=0.23 sys=0.00, real=0.03 secs] 
284.818: Total time for which application threads were stopped: 0.0331320 seconds, Stopping threads took: 0.0000890 seconds
284.876: Application time: 0.0582360 seconds
284.876: [GC284.876: [ParNew: 122240K->13568K(122240K), 0.0345620 secs] 333245K->246647K(396032K), 0.0346090 secs] [Times: user=0.24 sys=0.00, real=0.03 secs] 
284.911: Total time for which application threads were stopped: 0.0347180 seconds, Stopping threads took: 0.0000370 seconds
284.964: [CMS-concurrent-mark: 0.224/0.322 secs] [Times: user=2.45 sys=0.01, real=0.32 secs] 
284.964: [CMS-concurrent-preclean-start]
284.970: Application time: 0.0591840 seconds
284.970: [GC284.970: [ParNew: 122240K->13568K(122240K), 0.0349490 secs] 355319K->268781K(396032K), 0.0349990 secs] [Times: user=0.25 sys=0.00, real=0.04 secs] 
285.005: Total time for which application threads were stopped: 0.0351730 seconds, Stopping threads took: 0.0001040 seconds
285.054: Application time: 0.0491370 seconds
285.055: [GC285.055: [ParNew: 122240K->122240K(122240K), 0.0000150 secs]285.055: [CMS285.207: [CMS-concurrent-preclean: 0.206/0.243 secs] [Times: user=0.85 sys=0.00, real=0.25 secs] 
 (concurrent mode failure): 255213K->141456K(273792K), 0.4627740 secs] 377453K->141456K(396032K), [CMS Perm : 9130K->9130K(21248K)], 0.4628450 secs] [Times: user=0.46 sys=0.00, real=0.46 secs] 
285.517: Total time for which application threads were stopped: 0.4630520 seconds, Stopping threads took: 0.0001250 seconds
285.571: Application time: 0.0532540 seconds
285.571: [GC285.571: [ParNew: 108672K->13568K(122240K), 0.0169260 secs] 250128K->162250K(396032K), 0.0169770 secs] [Times: user=0.12 sys=0.00, real=0.02 secs] 
285.588: Total time for which application threads were stopped: 0.0172110 seconds, Stopping threads took: 0.0001400 seconds
285.638: Application time: 0.0496310 seconds
285.641: [GC285.641: [ParNew: 122240K->13568K(122240K), 0.0284730 secs] 270922K->182364K(396032K), 0.0285290 secs] [Times: user=0.20 sys=0.00, real=0.03 secs] 
285.670: Total time for which application threads were stopped: 0.0319580 seconds, Stopping threads took: 0.0033380 seconds
285.677: Application time: 0.0073230 seconds
285.677: [GC [1 CMS-initial-mark: 168796K(273792K)] 200474K(396032K), 0.0196630 secs] [Times: user=0.01 sys=0.00, real=0.02 secs] 
285.697: Total time for which application threads were stopped: 0.0199470 seconds, Stopping threads took: 0.0002310 seconds
285.697: [CMS-concurrent-mark-start]
285.746: Application time: 0.0489460 seconds
285.746: [GC285.746: [ParNew: 122240K->13568K(122240K), 0.0334470 secs] 291036K->205149K(396032K), 0.0334950 secs] [Times: user=0.23 sys=0.00, real=0.03 secs] 
285.779: Total time for which application threads were stopped: 0.0336690 seconds, Stopping threads took: 0.0001050 seconds
285.842: Application time: 0.0628870 seconds
285.842: [GC285.842: [ParNew: 122240K->13568K(122240K), 0.0343700 secs] 313821K->226321K(396032K), 0.0344140 secs] [Times: user=0.24 sys=0.00, real=0.04 secs] 
285.877: Total time for which application threads were stopped: 0.0345370 seconds, Stopping threads took: 0.0000540 seconds
285.928: Application time: 0.0516090 seconds
285.929: [GC285.929: [ParNew: 122240K->13568K(122240K), 0.0360220 secs] 334993K->251228K(396032K), 0.0360670 secs] [Times: user=0.24 sys=0.00, real=0.03 secs] 
285.965: Total time for which application threads were stopped: 0.0362170 seconds, Stopping threads took: 0.0000830 seconds
286.026: [CMS-concurrent-mark: 0.224/0.329 secs] [Times: user=2.51 sys=0.00, real=0.33 secs] 
286.026: [CMS-concurrent-preclean-start]
286.027: Application time: 0.0625360 seconds
286.027: [GC286.027: [ParNew: 122240K->13568K(122240K), 0.0321300 secs] 359900K->271692K(396032K), 0.0321730 secs] [Times: user=0.23 sys=0.00, real=0.03 secs] 
286.060: Total time for which application threads were stopped: 0.0323430 seconds, Stopping threads took: 0.0001040 seconds
286.115: Application time: 0.0551490 seconds
286.115: [GC286.115: [ParNew: 122240K->122240K(122240K), 0.0000140 secs]286.115: [CMS286.254: [CMS-concurrent-preclean: 0.194/0.228 secs] [Times: user=0.81 sys=0.01, real=0.23 secs] 
 (concurrent mode failure): 258124K->135275K(273792K), 0.4525020 secs] 380364K->135275K(396032K), [CMS Perm : 9130K->9130K(21248K)], 0.4525700 secs] [Times: user=0.46 sys=0.00, real=0.45 secs] 
286.567: Total time for which application threads were stopped: 0.4527170 seconds, Stopping threads took: 0.0000590 seconds
286.617: Application time: 0.0496700 seconds
286.617: [GC286.617: [ParNew: 108320K->13568K(122240K), 0.0175850 secs] 243596K->157339K(396032K), 0.0176320 secs] [Times: user=0.13 sys=0.00, real=0.02 secs] 
286.635: Total time for which application threads were stopped: 0.0178850 seconds, Stopping threads took: 0.0001740 seconds
286.683: Application time: 0.0482860 seconds
286.683: [GC286.683: [ParNew: 122240K->13568K(122240K), 0.0301270 secs] 266011K->179557K(396032K), 0.0301780 secs] [Times: user=0.20 sys=0.00, real=0.04 secs] 
286.714: Total time for which application threads were stopped: 0.0303690 seconds, Stopping threads took: 0.0001180 seconds
286.714: Application time: 0.0001600 seconds
286.714: [GC [1 CMS-initial-mark: 165989K(273792K)] 181330K(396032K), 0.0116420 secs] [Times: user=0.01 sys=0.00, real=0.01 secs] 
286.726: Total time for which application threads were stopped: 0.0118080 seconds, Stopping threads took: 0.0001060 seconds
286.726: [CMS-concurrent-mark-start]
286.789: Application time: 0.0629790 seconds
286.789: [GC286.789: [ParNew: 122240K->13568K(122240K), 0.0314200 secs] 288229K->199015K(396032K), 0.0314670 secs] [Times: user=0.22 sys=0.00, real=0.03 secs] 
286.820: Total time for which application threads were stopped: 0.0316180 seconds, Stopping threads took: 0.0000810 seconds
286.894: Application time: 0.0735860 seconds
286.894: [GC286.894: [ParNew: 122240K->13568K(122240K), 0.0289510 secs] 307687K->213206K(396032K), 0.0289970 secs] [Times: user=0.21 sys=0.00, real=0.02 secs] 
286.923: Total time for which application threads were stopped: 0.0290780 seconds, Stopping threads took: 0.0000120 seconds
286.966: [CMS-concurrent-mark: 0.180/0.240 secs] [Times: user=1.85 sys=0.00, real=0.24 secs] 
286.966: [CMS-concurrent-preclean-start]
286.972: Application time: 0.0489550 seconds
286.972: [GC286.972: [ParNew: 122240K->13568K(122240K), 0.0355890 secs] 321878K->238232K(396032K), 0.0356380 secs] [Times: user=0.25 sys=0.00, real=0.04 secs] 
287.008: Total time for which application threads were stopped: 0.0358000 seconds, Stopping threads took: 0.0000920 seconds
287.055: Application time: 0.0470840 seconds
287.055: [GC287.055: [ParNew: 122240K->13568K(122240K), 0.0405740 secs] 346904K->267462K(396032K), 0.0406230 secs] [Times: user=0.28 sys=0.00, real=0.04 secs] 
287.096: Total time for which application threads were stopped: 0.0407810 seconds, Stopping threads took: 0.0000860 seconds
287.148: Application time: 0.0525340 seconds
287.148: [GC287.148: [ParNew: 122240K->122240K(122240K), 0.0000120 secs]287.148: [CMS287.275: [CMS-concurrent-preclean: 0.230/0.309 secs] [Times: user=1.49 sys=0.01, real=0.31 secs] 
 (concurrent mode failure): 253894K->132874K(273792K), 0.4066940 secs] 376134K->132874K(396032K), [CMS Perm : 9130K->9130K(21248K)], 0.4067630 secs] [Times: user=0.40 sys=0.00, real=0.41 secs] 
287.555: Total time for which application threads were stopped: 0.4069410 seconds, Stopping threads took: 0.0000980 seconds
287.601: Application time: 0.0458900 seconds
287.601: [GC287.601: [ParNew: 108672K->13568K(122240K), 0.0196880 secs] 241546K->157985K(396032K), 0.0197490 secs] [Times: user=0.14 sys=0.00, real=0.02 secs] 
287.621: Total time for which application threads were stopped: 0.0199230 seconds, Stopping threads took: 0.0000840 seconds
287.673: Application time: 0.0521150 seconds
287.673: [GC287.673: [ParNew: 122240K->13568K(122240K), 0.0295650 secs] 266657K->177932K(396032K), 0.0296160 secs] [Times: user=0.21 sys=0.00, real=0.02 secs] 
287.703: Total time for which application threads were stopped: 0.0299150 seconds, Stopping threads took: 0.0001930 seconds
287.713: Application time: 0.0100030 seconds
287.714: [GC [1 CMS-initial-mark: 164364K(273792K)] 203843K(396032K), 0.0255950 secs] [Times: user=0.03 sys=0.00, real=0.02 secs] 
287.740: Total time for which application threads were stopped: 0.0266650 seconds, Stopping threads took: 0.0010200 seconds
287.740: [CMS-concurrent-mark-start]
287.780: Application time: 0.0407310 seconds
287.780: [GC287.780: [ParNew: 122240K->13566K(122240K), 0.0377450 secs] 286604K->205113K(396032K), 0.0377920 secs] [Times: user=0.26 sys=0.00, real=0.04 secs] 
287.818: Total time for which application threads were stopped: 0.0379810 seconds, Stopping threads took: 0.0001190 seconds
287.887: Application time: 0.0687280 seconds
287.887: [GC287.887: [ParNew: 122238K->13568K(122240K), 0.0260460 secs] 313785K->218054K(396032K), 0.0260920 secs] [Times: user=0.18 sys=0.00, real=0.03 secs] 
287.913: Total time for which application threads were stopped: 0.0261970 seconds, Stopping threads took: 0.0000360 seconds
287.971: Application time: 0.0575310 seconds
287.972: [GC287.972: [ParNew: 122240K->13568K(122240K), 0.0293250 secs] 326726K->235370K(396032K), 0.0293730 secs] [Times: user=0.21 sys=0.00, real=0.03 secs] 
288.001: Total time for which application threads were stopped: 0.0305590 seconds, Stopping threads took: 0.0011170 seconds
288.061: Application time: 0.0595390 seconds
288.061: [GC288.061: [ParNew: 122240K->13568K(122240K), 0.0363090 secs] 344042K->258510K(396032K), 0.0363680 secs] [Times: user=0.25 sys=0.00, real=0.04 secs] 
288.097: Total time for which application threads were stopped: 0.0365990 seconds, Stopping threads took: 0.0001550 seconds
288.137: [CMS-concurrent-mark: 0.266/0.397 secs] [Times: user=3.01 sys=0.01, real=0.40 secs] 
288.137: [CMS-concurrent-preclean-start]
288.156: Application time: 0.0587880 seconds
288.156: [GC288.156: [ParNew: 122240K->13568K(122240K), 0.0298140 secs] 367182K->275907K(396032K), 0.0298700 secs] [Times: user=0.21 sys=0.00, real=0.03 secs] 
288.186: Total time for which application threads were stopped: 0.0300240 seconds, Stopping threads took: 0.0000840 seconds
288.230: Application time: 0.0440230 seconds
288.230: [GC288.230: [ParNew: 122240K->122240K(122240K), 0.0000130 secs]288.230: [CMS288.385: [CMS-concurrent-preclean: 0.216/0.248 secs] [Times: user=0.87 sys=0.00, real=0.25 secs] 
 (concurrent mode failure): 262339K->135800K(273792K), 0.4605490 secs] 384579K->135800K(396032K), [CMS Perm : 9130K->9130K(21248K)], 0.4606200 secs] [Times: user=0.46 sys=0.00, real=0.46 secs] 
288.691: Total time for which application threads were stopped: 0.4607870 seconds, Stopping threads took: 0.0000710 seconds
288.744: Application time: 0.0532600 seconds
288.745: [GC288.745: [ParNew: 108672K->13568K(122240K), 0.0213440 secs] 244472K->159261K(396032K), 0.0213930 secs] [Times: user=0.16 sys=0.00, real=0.03 secs] 
288.766: Total time for which application threads were stopped: 0.0216610 seconds, Stopping threads took: 0.0001660 seconds
288.815: Application time: 0.0493020 seconds
288.815: [GC288.815: [ParNew: 122240K->13568K(122240K), 0.0302560 secs] 267933K->179281K(396032K), 0.0303020 secs] [Times: user=0.21 sys=0.00, real=0.03 secs] 
288.846: Total time for which application threads were stopped: 0.0304270 seconds, Stopping threads took: 0.0000520 seconds
288.846: Application time: 0.0001030 seconds
288.846: [GC [1 CMS-initial-mark: 165713K(273792K)] 180700K(396032K), 0.0105690 secs] [Times: user=0.01 sys=0.00, real=0.01 secs] 
288.857: Total time for which application threads were stopped: 0.0106970 seconds, Stopping threads took: 0.0000830 seconds
288.857: [CMS-concurrent-mark-start]
288.910: Application time: 0.0532980 seconds
288.910: [GC288.910: [ParNew: 122240K->13568K(122240K), 0.0335300 secs] 287953K->203619K(396032K), 0.0335780 secs] [Times: user=0.23 sys=0.00, real=0.03 secs] 
288.944: Total time for which application threads were stopped: 0.0337470 seconds, Stopping threads took: 0.0001000 seconds
288.998: Application time: 0.0539960 seconds
288.998: [GC288.998: [ParNew: 122240K->13568K(122240K), 0.0366150 secs] 312291K->227281K(396032K), 0.0366590 secs] [Times: user=0.25 sys=0.00, real=0.04 secs] 
289.034: Total time for which application threads were stopped: 0.0367970 seconds, Stopping threads took: 0.0000700 seconds
289.089: Application time: 0.0543260 seconds
289.089: [GC289.089: [ParNew: 122240K->13568K(122240K), 0.0308380 secs] 335953K->245806K(396032K), 0.0308850 secs] [Times: user=0.21 sys=0.00, real=0.03 secs] 
289.120: Total time for which application threads were stopped: 0.0310310 seconds, Stopping threads took: 0.0000670 seconds
289.176: Application time: 0.0565130 seconds
289.176: [GC289.176: [ParNew: 122240K->13568K(122240K), 0.0354680 secs] 354478K->269288K(396032K), 0.0355160 secs] [Times: user=0.25 sys=0.00, real=0.03 secs] 
289.212: Total time for which application threads were stopped: 0.0356610 seconds, Stopping threads took: 0.0000770 seconds
289.265: Application time: 0.0535050 seconds
289.266: [GC289.266: [ParNew: 122240K->122240K(122240K), 0.0000130 secs]289.266: [CMS289.288: [CMS-concurrent-mark: 0.293/0.431 secs] [Times: user=3.15 sys=0.01, real=0.43 secs] 
 (concurrent mode failure): 255720K->134987K(273792K), 0.3053410 secs] 377960K->134987K(396032K), [CMS Perm : 9130K->9130K(21248K)], 0.3054110 secs] [Times: user=0.32 sys=0.00, real=0.30 secs] 
289.571: Total time for which application threads were stopped: 0.3055620 seconds, Stopping threads took: 0.0000720 seconds
289.619: Application time: 0.0481930 seconds
289.619: [GC289.619: [ParNew: 108672K->13568K(122240K), 0.0203210 secs] 243659K->160097K(396032K), 0.0203710 secs] [Times: user=0.15 sys=0.00, real=0.02 secs] 
289.640: Total time for which application threads were stopped: 0.0205610 seconds, Stopping threads took: 0.0001200 seconds
289.693: Application time: 0.0534660 seconds
289.693: [GC289.693: [ParNew: 122240K->13567K(122240K), 0.0268690 secs] 268769K->175879K(396032K), 0.0269270 secs] [Times: user=0.19 sys=0.00, real=0.02 secs] 
289.720: Total time for which application threads were stopped: 0.0272010 seconds, Stopping threads took: 0.0002030 seconds
289.720: Application time: 0.0000760 seconds
289.721: [GC [1 CMS-initial-mark: 162312K(273792K)] 177273K(396032K), 0.0112830 secs] [Times: user=0.01 sys=0.00, real=0.01 secs] 
289.732: Total time for which application threads were stopped: 0.0113990 seconds, Stopping threads took: 0.0000720 seconds
289.732: [CMS-concurrent-mark-start]
289.797: Application time: 0.0652760 seconds
289.797: [GC289.797: [ParNew: 122239K->13566K(122240K), 0.0289380 secs] 284551K->193392K(396032K), 0.0289890 secs] [Times: user=0.21 sys=0.00, real=0.03 secs] 
289.826: Total time for which application threads were stopped: 0.0291590 seconds, Stopping threads took: 0.0000830 seconds
289.888: Application time: 0.0615810 seconds
289.888: [GC289.888: [ParNew: 122238K->13568K(122240K), 0.0285090 secs] 302064K->210199K(396032K), 0.0285560 secs] [Times: user=0.20 sys=0.00, real=0.03 secs] 
289.917: Total time for which application threads were stopped: 0.0286920 seconds, Stopping threads took: 0.0000670 seconds
289.966: Application time: 0.0496110 seconds
289.966: [GC289.966: [ParNew: 122240K->13568K(122240K), 0.0373330 secs] 318871K->238800K(396032K), 0.0373790 secs] [Times: user=0.26 sys=0.00, real=0.03 secs] 
290.004: Total time for which application threads were stopped: 0.0374840 seconds, Stopping threads took: 0.0000360 seconds
290.048: Application time: 0.0439560 seconds
290.048: [GC290.048: [ParNew: 122142K->13568K(122240K), 0.0424730 secs] 347375K->270569K(396032K), 0.0425200 secs] [Times: user=0.28 sys=0.00, real=0.04 secs] 
290.090: Total time for which application threads were stopped: 0.0426930 seconds, Stopping threads took: 0.0001050 seconds
290.094: [CMS-concurrent-mark: 0.224/0.362 secs] [Times: user=2.73 sys=0.01, real=0.37 secs] 
290.094: [CMS-concurrent-preclean-start]
290.145: Application time: 0.0547680 seconds
290.145: [GC290.145: [ParNew: 122240K->122240K(122240K), 0.0000140 secs]290.145: [CMS290.313: [CMS-concurrent-preclean: 0.217/0.219 secs] [Times: user=0.58 sys=0.00, real=0.22 secs] 
 (concurrent mode failure): 257001K->150939K(273792K), 0.5156650 secs] 379241K->150939K(396032K), [CMS Perm : 9130K->9130K(21248K)], 0.5157310 secs] [Times: user=0.52 sys=0.00, real=0.51 secs] 
290.661: Total time for which application threads were stopped: 0.5158750 seconds, Stopping threads took: 0.0000750 seconds
290.719: Application time: 0.0582330 seconds
290.719: [GC290.719: [ParNew: 108672K->13557K(122240K), 0.0106650 secs] 259611K->164496K(396032K), 0.0107110 secs] [Times: user=0.08 sys=0.00, real=0.01 secs] 
290.730: Total time for which application threads were stopped: 0.0109150 seconds, Stopping threads took: 0.0001030 seconds
290.778: Application time: 0.0478860 seconds
290.778: [GC290.778: [ParNew: 122229K->13568K(122240K), 0.0266300 secs] 273168K->184193K(396032K), 0.0266780 secs] [Times: user=0.17 sys=0.01, real=0.03 secs] 
290.805: Total time for which application threads were stopped: 0.0268250 seconds, Stopping threads took: 0.0000740 seconds
290.805: Application time: 0.0000430 seconds
290.805: [GC [1 CMS-initial-mark: 170625K(273792K)] 184828K(396032K), 0.0111240 secs] [Times: user=0.01 sys=0.00, real=0.01 secs] 
290.816: Total time for which application threads were stopped: 0.0112630 seconds, Stopping threads took: 0.0000970 seconds
290.816: [CMS-concurrent-mark-start]
290.877: Application time: 0.0609030 seconds
290.877: [GC290.877: [ParNew: 122240K->13568K(122240K), 0.0282980 secs] 292865K->202122K(396032K), 0.0283420 secs] [Times: user=0.20 sys=0.00, real=0.03 secs] 
290.906: Total time for which application threads were stopped: 0.0284760 seconds, Stopping threads took: 0.0000670 seconds
290.979: Application time: 0.0732820 seconds
290.979: [GC290.979: [ParNew: 122240K->13568K(122240K), 0.0288600 secs] 310794K->216520K(396032K), 0.0289090 secs] [Times: user=0.21 sys=0.00, real=0.03 secs] 
291.008: Total time for which application threads were stopped: 0.0290650 seconds, Stopping threads took: 0.0000750 seconds
291.053: [CMS-concurrent-mark: 0.179/0.237 secs] [Times: user=1.84 sys=0.01, real=0.24 secs] 
291.053: [CMS-concurrent-preclean-start]
291.064: Application time: 0.0564980 seconds
291.065: [GC291.065: [ParNew: 122240K->13568K(122240K), 0.0315240 secs] 325192K->236313K(396032K), 0.0315730 secs] [Times: user=0.21 sys=0.00, real=0.04 secs] 
291.096: Total time for which application threads were stopped: 0.0317670 seconds, Stopping threads took: 0.0001190 seconds
291.132: Application time: 0.0354580 seconds
291.132: [GC291.132: [ParNew: 122240K->13568K(122240K), 0.0387390 secs] 344985K->269396K(396032K), 0.0387840 secs] [Times: user=0.26 sys=0.00, real=0.04 secs] 
291.171: Total time for which application threads were stopped: 0.0389120 seconds, Stopping threads took: 0.0000560 seconds
291.215: Application time: 0.0443660 seconds
291.215: [GC291.215: [ParNew: 122240K->122240K(122240K), 0.0000130 secs]291.215: [CMS291.348: [CMS-concurrent-preclean: 0.221/0.295 secs] [Times: user=1.34 sys=0.00, real=0.29 secs] 
 (concurrent mode failure): 255828K->142432K(273792K), 0.4274960 secs] 378068K->142432K(396032K), [CMS Perm : 9130K->9130K(21248K)], 0.4275630 secs] [Times: user=0.42 sys=0.00, real=0.42 secs] 
291.643: Total time for which application threads were stopped: 0.4277130 seconds, Stopping threads took: 0.0000820 seconds
291.688: Application time: 0.0452870 seconds
291.688: [GC291.688: [ParNew: 108672K->13568K(122240K), 0.0245740 secs] 251104K->172219K(396032K), 0.0246250 secs] [Times: user=0.18 sys=0.00, real=0.02 secs] 
291.713: Total time for which application threads were stopped: 0.0248800 seconds, Stopping threads took: 0.0001290 seconds
291.771: Application time: 0.0578550 seconds
291.771: [GC291.771: [ParNew: 122240K->13568K(122240K), 0.0269470 secs] 280891K->185300K(396032K), 0.0269940 secs] [Times: user=0.19 sys=0.00, real=0.03 secs] 
291.798: Total time for which application threads were stopped: 0.0271320 seconds, Stopping threads took: 0.0000700 seconds
291.798: Application time: 0.0001010 seconds
291.798: [GC [1 CMS-initial-mark: 171732K(273792K)] 186978K(396032K), 0.0122090 secs] [Times: user=0.02 sys=0.00, real=0.01 secs] 
291.810: Total time for which application threads were stopped: 0.0123370 seconds, Stopping threads took: 0.0000840 seconds
291.810: [CMS-concurrent-mark-start]
291.881: Application time: 0.0707310 seconds
291.881: [GC291.881: [ParNew: 121940K->13568K(122240K), 0.0248950 secs] 293672K->197580K(396032K), 0.0249430 secs] [Times: user=0.18 sys=0.00, real=0.03 secs] 
291.906: Total time for which application threads were stopped: 0.0251000 seconds, Stopping threads took: 0.0000850 seconds
291.972: Application time: 0.0660110 seconds
291.972: [GC291.972: [ParNew: 122240K->13568K(122240K), 0.0263210 secs] 306252K->212252K(396032K), 0.0263680 secs] [Times: user=0.18 sys=0.00, real=0.03 secs] 
291.999: Total time for which application threads were stopped: 0.0265260 seconds, Stopping threads took: 0.0000870 seconds
292.040: [CMS-concurrent-mark: 0.178/0.230 secs] [Times: user=1.76 sys=0.00, real=0.23 secs] 
292.040: [CMS-concurrent-preclean-start]
292.070: Application time: 0.0709330 seconds
292.070: [GC292.070: [ParNew: 122240K->13143K(122240K), 0.0233170 secs] 320924K->223824K(396032K), 0.0233630 secs] [Times: user=0.17 sys=0.00, real=0.03 secs] 
292.093: Total time for which application threads were stopped: 0.0235500 seconds, Stopping threads took: 0.0001170 seconds
292.140: Application time: 0.0471720 seconds
292.140: [GC292.140: [ParNew: 121815K->13568K(122240K), 0.0306280 secs] 332496K->245185K(396032K), 0.0306780 secs] [Times: user=0.21 sys=0.00, real=0.03 secs] 
292.171: Total time for which application threads were stopped: 0.0308310 seconds, Stopping threads took: 0.0000800 seconds
292.215: Application time: 0.0440330 seconds
292.215: [GC292.215: [ParNew: 122240K->13568K(122240K), 0.0397390 secs] 353857K->276255K(396032K), 0.0397840 secs] [Times: user=0.28 sys=0.00, real=0.04 secs] 
292.255: Total time for which application threads were stopped: 0.0399600 seconds, Stopping threads took: 0.0000840 seconds
292.299: Application time: 0.0441870 seconds
292.299: [GC292.299: [ParNew: 122240K->122240K(122240K), 0.0000130 secs]292.299: [CMS292.439: [CMS-concurrent-preclean: 0.301/0.399 secs] [Times: user=2.12 sys=0.01, real=0.40 secs] 
 (concurrent mode failure): 262687K->125620K(273792K), 0.4022400 secs] 384927K->125620K(396032K), [CMS Perm : 9130K->9130K(21248K)], 0.4023060 secs] [Times: user=0.40 sys=0.00, real=0.40 secs] 
292.702: Total time for which application threads were stopped: 0.4024670 seconds, Stopping threads took: 0.0000930 seconds
292.741: Application time: 0.0389820 seconds
292.741: [GC292.741: [ParNew: 108672K->13568K(122240K), 0.0272020 secs] 234292K->161400K(396032K), 0.0272530 secs] [Times: user=0.19 sys=0.00, real=0.03 secs] 
292.768: Total time for which application threads were stopped: 0.0274690 seconds, Stopping threads took: 0.0001340 seconds
292.818: Application time: 0.0499220 seconds
292.818: [GC292.818: [ParNew: 122240K->13568K(122240K), 0.0372980 secs] 270072K->186410K(396032K), 0.0373470 secs] [Times: user=0.26 sys=0.00, real=0.04 secs] 
292.856: Total time for which application threads were stopped: 0.0376040 seconds, Stopping threads took: 0.0001870 seconds
292.869: Application time: 0.0130830 seconds
292.872: [GC [1 CMS-initial-mark: 172842K(273792K)] 211320K(396032K), 0.0286330 secs] [Times: user=0.03 sys=0.00, real=0.03 secs] 
292.901: Total time for which application threads were stopped: 0.0319810 seconds, Stopping threads took: 0.0032970 seconds
292.901: [CMS-concurrent-mark-start]
292.953: Application time: 0.0519600 seconds
292.953: [GC292.953: [ParNew: 122240K->13568K(122240K), 0.0282130 secs] 295082K->200667K(396032K), 0.0282620 secs] [Times: user=0.20 sys=0.00, real=0.02 secs] 
292.981: Total time for which application threads were stopped: 0.0284260 seconds, Stopping threads took: 0.0000980 seconds
293.047: Application time: 0.0657140 seconds
293.047: [GC293.047: [ParNew: 122115K->13568K(122240K), 0.0285090 secs] 309214K->216472K(396032K), 0.0285570 secs] [Times: user=0.20 sys=0.00, real=0.03 secs] 
293.076: Total time for which application threads were stopped: 0.0287280 seconds, Stopping threads took: 0.0001000 seconds
293.144: [CMS-concurrent-mark: 0.186/0.243 secs] [Times: user=1.87 sys=0.00, real=0.24 secs] 
293.144: [CMS-concurrent-preclean-start]
293.148: Application time: 0.0726310 seconds
293.148: [GC293.148: [ParNew: 122240K->13568K(122240K), 0.0253610 secs] 325144K->229519K(396032K), 0.0254080 secs] [Times: user=0.17 sys=0.01, real=0.03 secs] 
293.174: Total time for which application threads were stopped: 0.0255750 seconds, Stopping threads took: 0.0000970 seconds
293.230: Application time: 0.0556690 seconds
293.230: [GC293.230: [ParNew: 122240K->13568K(122240K), 0.0280310 secs] 338191K->245972K(396032K), 0.0280780 secs] [Times: user=0.20 sys=0.00, real=0.03 secs] 
293.258: Total time for which application threads were stopped: 0.0281840 seconds, Stopping threads took: 0.0000360 seconds
293.309: Application time: 0.0514170 seconds
293.309: [GC293.309: [ParNew: 122240K->13568K(122240K), 0.0340910 secs] 354644K->268737K(396032K), 0.0341430 secs] [Times: user=0.24 sys=0.00, real=0.03 secs] 
293.343: Total time for which application threads were stopped: 0.0343300 seconds, Stopping threads took: 0.0001020 seconds
293.390: Application time: 0.0464870 seconds
293.390: [GC293.390: [ParNew: 122240K->122240K(122240K), 0.0000150 secs]293.390: [CMS293.563: [CMS-concurrent-preclean: 0.328/0.419 secs] [Times: user=2.05 sys=0.02, real=0.42 secs] 
 (concurrent mode failure): 255169K->129575K(273792K), 0.4470830 secs] 377409K->129575K(396032K), [CMS Perm : 9130K->9130K(21248K)], 0.4471570 secs] [Times: user=0.45 sys=0.00, real=0.45 secs] 
293.837: Total time for which application threads were stopped: 0.4473880 seconds, Stopping threads took: 0.0001270 seconds
293.883: Application time: 0.0460820 seconds
293.884: [GC293.884: [ParNew: 108638K->13568K(122240K), 0.0249820 secs] 238214K->160463K(396032K), 0.0250420 secs] [Times: user=0.18 sys=0.00, real=0.03 secs] 
293.909: Total time for which application threads were stopped: 0.0252560 seconds, Stopping threads took: 0.0001090 seconds
293.951: Application time: 0.0420190 seconds
293.951: [GC293.951: [ParNew: 122240K->13568K(122240K), 0.0358220 secs] 269135K->188314K(396032K), 0.0358700 secs] [Times: user=0.24 sys=0.00, real=0.04 secs] 
293.987: Total time for which application threads were stopped: 0.0360580 seconds, Stopping threads took: 0.0001160 seconds
294.001: Application time: 0.0140570 seconds
294.005: [GC [1 CMS-initial-mark: 174746K(273792K)] 224812K(396032K), 0.0292770 secs] [Times: user=0.03 sys=0.00, real=0.03 secs] 
294.034: Total time for which application threads were stopped: 0.0333180 seconds, Stopping threads took: 0.0039890 seconds
294.034: [CMS-concurrent-mark-start]
294.076: Application time: 0.0416490 seconds
294.076: [GC294.076: [ParNew: 122240K->13568K(122240K), 0.0361550 secs] 296986K->212026K(396032K), 0.0362040 secs] [Times: user=0.25 sys=0.00, real=0.03 secs] 
294.112: Total time for which application threads were stopped: 0.0363730 seconds, Stopping threads took: 0.0001000 seconds
294.176: Application time: 0.0638880 seconds
294.176: [GC294.176: [ParNew: 122240K->13568K(122240K), 0.0297630 secs] 320698K->228252K(396032K), 0.0298100 secs] [Times: user=0.21 sys=0.00, real=0.03 secs] 
294.206: Total time for which application threads were stopped: 0.0299310 seconds, Stopping threads took: 0.0000520 seconds
294.274: Application time: 0.0684180 seconds
294.275: [GC294.275: [ParNew: 122163K->13568K(122240K), 0.0274340 secs] 336848K->243256K(396032K), 0.0274800 secs] [Times: user=0.19 sys=0.00, real=0.02 secs] 
294.302: Total time for which application threads were stopped: 0.0276380 seconds, Stopping threads took: 0.0000890 seconds
294.358: [CMS-concurrent-mark: 0.230/0.324 secs] [Times: user=2.47 sys=0.01, real=0.32 secs] 
294.359: [CMS-concurrent-preclean-start]
294.363: Application time: 0.0611160 seconds
294.363: [GC294.363: [ParNew: 122240K->13568K(122240K), 0.0325580 secs] 351928K->262418K(396032K), 0.0326070 secs] [Times: user=0.23 sys=0.00, real=0.04 secs] 
294.396: Total time for which application threads were stopped: 0.0327380 seconds, Stopping threads took: 0.0000590 seconds
294.451: Application time: 0.0551950 seconds
294.453: [GC294.453: [ParNew: 122170K->13568K(122240K), 0.0295840 secs] 371020K->280230K(396032K), 0.0296320 secs] [Times: user=0.21 sys=0.00, real=0.02 secs] 
294.483: Total time for which application threads were stopped: 0.0314160 seconds, Stopping threads took: 0.0017020 seconds
294.524: Application time: 0.0411650 seconds
294.524: [GC294.524: [ParNew: 122240K->122240K(122240K), 0.0000150 secs]294.524: [CMS294.658: [CMS-concurrent-preclean: 0.234/0.299 secs] [Times: user=1.39 sys=0.00, real=0.30 secs] 
 (concurrent mode failure): 266662K->133606K(273792K), 0.4195400 secs] 388902K->133606K(396032K), [CMS Perm : 9130K->9130K(21248K)], 0.4196100 secs] [Times: user=0.42 sys=0.00, real=0.42 secs] 
294.943: Total time for which application threads were stopped: 0.4197160 seconds, Stopping threads took: 0.0000340 seconds
294.994: Application time: 0.0507010 seconds
294.994: [GC294.994: [ParNew: 108409K->13568K(122240K), 0.0278460 secs] 242016K->165023K(396032K), 0.0278960 secs] [Times: user=0.20 sys=0.00, real=0.02 secs] 
295.022: Total time for which application threads were stopped: 0.0281620 seconds, Stopping threads took: 0.0001650 seconds
295.073: Application time: 0.0505130 seconds
295.073: [GC295.073: [ParNew: 122240K->13568K(122240K), 0.0303060 secs] 273695K->183177K(396032K), 0.0303530 secs] [Times: user=0.21 sys=0.00, real=0.02 secs] 
295.103: Total time for which application threads were stopped: 0.0305730 seconds, Stopping threads took: 0.0001280 seconds
295.113: Application time: 0.0094610 seconds
295.113: [GC [1 CMS-initial-mark: 169609K(273792K)] 210598K(396032K), 0.0250330 secs] [Times: user=0.03 sys=0.00, real=0.02 secs] 
295.138: Total time for which application threads were stopped: 0.0254040 seconds, Stopping threads took: 0.0002980 seconds
295.138: [CMS-concurrent-mark-start]
295.175: Application time: 0.0364860 seconds
295.175: [GC295.175: [ParNew: 122240K->13568K(122240K), 0.0369190 secs] 291849K->211597K(396032K), 0.0369780 secs] [Times: user=0.25 sys=0.00, real=0.03 secs] 
295.212: Total time for which application threads were stopped: 0.0371540 seconds, Stopping threads took: 0.0000840 seconds
295.282: Application time: 0.0704690 seconds
295.282: [GC295.282: [ParNew: 122240K->13568K(122240K), 0.0313400 secs] 320269K->228791K(396032K), 0.0313870 secs] [Times: user=0.23 sys=0.00, real=0.04 secs] 
295.314: Total time for which application threads were stopped: 0.0315230 seconds, Stopping threads took: 0.0000650 seconds
295.383: Application time: 0.0692570 seconds
295.383: [GC295.383: [ParNew: 122240K->13568K(122240K), 0.0270860 secs] 337463K->242358K(396032K), 0.0271340 secs] [Times: user=0.19 sys=0.00, real=0.03 secs] 
295.410: Total time for which application threads were stopped: 0.0272820 seconds, Stopping threads took: 0.0000780 seconds
295.464: [CMS-concurrent-mark: 0.230/0.326 secs] [Times: user=2.49 sys=0.00, real=0.32 secs] 
295.464: [CMS-concurrent-preclean-start]
295.473: Application time: 0.0626190 seconds
295.473: [GC295.473: [ParNew: 122240K->13568K(122240K), 0.0253800 secs] 351030K->256154K(396032K), 0.0254280 secs] [Times: user=0.18 sys=0.00, real=0.02 secs] 
295.499: Total time for which application threads were stopped: 0.0255740 seconds, Stopping threads took: 0.0000790 seconds
295.545: Application time: 0.0467970 seconds
295.546: [GC295.546: [ParNew: 122177K->13568K(122240K), 0.0393170 secs] 364763K->284279K(396032K), 0.0393640 secs] [Times: user=0.27 sys=0.00, real=0.04 secs] 
295.585: Total time for which application threads were stopped: 0.0395220 seconds, Stopping threads took: 0.0000770 seconds
295.632: Application time: 0.0471610 seconds
295.632: [GC295.632: [ParNew: 122240K->122240K(122240K), 0.0000150 secs]295.632: [CMS295.774: [CMS-concurrent-preclean: 0.243/0.310 secs] [Times: user=1.42 sys=0.00, real=0.32 secs] 
 (concurrent mode failure): 270711K->132557K(273792K), 0.4290120 secs] 392951K->132557K(396032K), [CMS Perm : 9130K->9130K(21248K)], 0.4290860 secs] [Times: user=0.43 sys=0.00, real=0.43 secs] 
296.061: Total time for which application threads were stopped: 0.4291950 seconds, Stopping threads took: 0.0000360 seconds
296.109: Application time: 0.0479990 seconds
296.110: [GC296.110: [ParNew: 108672K->13568K(122240K), 0.0215730 secs] 241229K->158978K(396032K), 0.0216220 secs] [Times: user=0.16 sys=0.00, real=0.02 secs] 
296.131: Total time for which application threads were stopped: 0.0219000 seconds, Stopping threads took: 0.0001760 seconds
296.181: Application time: 0.0500940 seconds
296.182: [GC296.182: [ParNew: 122240K->13568K(122240K), 0.0317820 secs] 267650K->180707K(396032K), 0.0318310 secs] [Times: user=0.22 sys=0.00, real=0.04 secs] 
296.213: Total time for which application threads were stopped: 0.0320400 seconds, Stopping threads took: 0.0001280 seconds
296.213: Application time: 0.0000590 seconds
296.214: [GC [1 CMS-initial-mark: 167139K(273792K)] 181401K(396032K), 0.0111060 secs] [Times: user=0.01 sys=0.00, real=0.00 secs] 
296.225: Total time for which application threads were stopped: 0.0112230 seconds, Stopping threads took: 0.0000710 seconds
296.225: [CMS-concurrent-mark-start]
296.279: Application time: 0.0547400 seconds
296.279: [GC296.279: [ParNew: 122240K->13568K(122240K), 0.0316280 secs] 289379K->201150K(396032K), 0.0316770 secs] [Times: user=0.22 sys=0.00, real=0.03 secs] 
296.311: Total time for which application threads were stopped: 0.0317950 seconds, Stopping threads took: 0.0000490 seconds
296.378: Application time: 0.0667200 seconds
296.378: [GC296.378: [ParNew: 122240K->13568K(122240K), 0.0319720 secs] 309822K->220103K(396032K), 0.0320190 secs] [Times: user=0.23 sys=0.00, real=0.03 secs] 
296.410: Total time for which application threads were stopped: 0.0321630 seconds, Stopping threads took: 0.0000730 seconds
296.475: Application time: 0.0646550 seconds
296.475: [GC296.475: [ParNew: 122240K->13568K(122240K), 0.0324000 secs] 328775K->238141K(396032K), 0.0324550 secs] [Times: user=0.23 sys=0.00, real=0.03 secs] 
296.507: Total time for which application threads were stopped: 0.0325870 seconds, Stopping threads took: 0.0000630 seconds
296.548: [CMS-concurrent-mark: 0.226/0.323 secs] [Times: user=2.47 sys=0.00, real=0.33 secs] 
296.548: [CMS-concurrent-preclean-start]
296.567: Application time: 0.0593640 seconds
296.567: [GC296.567: [ParNew: 122240K->13568K(122240K), 0.0286670 secs] 346813K->255373K(396032K), 0.0287130 secs] [Times: user=0.20 sys=0.00, real=0.03 secs] 
296.596: Total time for which application threads were stopped: 0.0288980 seconds, Stopping threads took: 0.0001150 seconds
296.639: Application time: 0.0435980 seconds
296.639: [GC296.639: [ParNew (promotion failed): 122240K->122240K(122240K), 0.0653740 secs]296.705: [CMS296.854: [CMS-concurrent-preclean: 0.210/0.306 secs] [Times: user=1.18 sys=0.01, real=0.31 secs] 
 (concurrent mode failure): 270478K->136182K(273792K), 0.4357640 secs] 364045K->136182K(396032K), [CMS Perm : 9130K->9130K(21248K)], 0.5012160 secs] [Times: user=0.75 sys=0.01, real=0.50 secs] 
297.141: Total time for which application threads were stopped: 0.5013860 seconds, Stopping threads took: 0.0000880 seconds
297.190: Application time: 0.0495330 seconds
297.190: [GC297.190: [ParNew: 108672K->13568K(122240K), 0.0231190 secs] 244854K->163755K(396032K), 0.0231660 secs] [Times: user=0.17 sys=0.00, real=0.03 secs] 
297.213: Total time for which application threads were stopped: 0.0233470 seconds, Stopping threads took: 0.0001020 seconds
297.257: Application time: 0.0434680 seconds
297.257: [GC297.257: [ParNew: 122240K->13568K(122240K), 0.0327380 secs] 272427K->188466K(396032K), 0.0327870 secs] [Times: user=0.23 sys=0.00, real=0.03 secs] 
297.290: Total time for which application threads were stopped: 0.0329610 seconds, Stopping threads took: 0.0001040 seconds
297.305: Application time: 0.0149170 seconds
297.308: [GC [1 CMS-initial-mark: 174898K(273792K)] 220527K(396032K), 0.0306790 secs] [Times: user=0.03 sys=0.00, real=0.03 secs] 
297.338: Total time for which application threads were stopped: 0.0335020 seconds, Stopping threads took: 0.0027710 seconds
297.338: [CMS-concurrent-mark-start]
297.391: Application time: 0.0525450 seconds
297.391: [GC297.391: [ParNew: 122240K->13566K(122240K), 0.0292550 secs] 297138K->204514K(396032K), 0.0293030 secs] [Times: user=0.21 sys=0.00, real=0.03 secs] 
297.420: Total time for which application threads were stopped: 0.0294510 seconds, Stopping threads took: 0.0000790 seconds
297.492: Application time: 0.0712870 seconds
297.492: [GC297.492: [ParNew: 122238K->13568K(122240K), 0.0268490 secs] 313186K->218603K(396032K), 0.0268950 secs] [Times: user=0.19 sys=0.00, real=0.03 secs] 
297.519: Total time for which application threads were stopped: 0.0270500 seconds, Stopping threads took: 0.0000860 seconds
297.571: [CMS-concurrent-mark: 0.176/0.232 secs] [Times: user=1.79 sys=0.00, real=0.23 secs] 
297.571: [CMS-concurrent-preclean-start]
297.575: Application time: 0.0560120 seconds
297.575: [GC297.575: [ParNew: 121923K->13568K(122240K), 0.0288230 secs] 326958K->237328K(396032K), 0.0288700 secs] [Times: user=0.20 sys=0.00, real=0.02 secs] 
297.604: Total time for which application threads were stopped: 0.0290140 seconds, Stopping threads took: 0.0000750 seconds
297.651: Application time: 0.0470460 seconds
297.651: [GC297.651: [ParNew: 122240K->13568K(122240K), 0.0374510 secs] 346000K->264216K(396032K), 0.0374990 secs] [Times: user=0.25 sys=0.00, real=0.04 secs] 
297.688: Total time for which application threads were stopped: 0.0376570 seconds, Stopping threads took: 0.0000860 seconds
297.744: Application time: 0.0556220 seconds
297.744: [GC297.744: [ParNew: 122240K->122240K(122240K), 0.0000150 secs]297.744: [CMS297.870: [CMS-concurrent-preclean: 0.230/0.300 secs] [Times: user=1.44 sys=0.00, real=0.30 secs] 
 (concurrent mode failure): 250648K->131965K(273792K), 0.4332360 secs] 372888K->131965K(396032K), [CMS Perm : 9130K->9130K(21248K)], 0.4333140 secs] [Times: user=0.43 sys=0.00, real=0.44 secs] 
298.178: Total time for which application threads were stopped: 0.4334850 seconds, Stopping threads took: 0.0000910 seconds
298.221: Application time: 0.0433060 seconds
298.221: [GC298.221: [ParNew: 108672K->13568K(122240K), 0.0206560 secs] 240637K->159729K(396032K), 0.0207030 secs] [Times: user=0.15 sys=0.00, real=0.02 secs] 
298.242: Total time for which application threads were stopped: 0.0208880 seconds, Stopping threads took: 0.0001040 seconds
298.289: Application time: 0.0470870 seconds
298.289: [GC298.289: [ParNew: 122240K->13568K(122240K), 0.0344150 secs] 268401K->185935K(396032K), 0.0344600 secs] [Times: user=0.23 sys=0.01, real=0.03 secs] 
298.323: Total time for which application threads were stopped: 0.0346670 seconds, Stopping threads took: 0.0001240 seconds
298.324: Application time: 0.0000530 seconds
298.324: [GC [1 CMS-initial-mark: 172367K(273792K)] 186861K(396032K), 0.0127590 secs] [Times: user=0.02 sys=0.00, real=0.02 secs] 
298.336: Total time for which application threads were stopped: 0.0128910 seconds, Stopping threads took: 0.0000870 seconds
298.336: [CMS-concurrent-mark-start]
298.394: Application time: 0.0575710 seconds
298.394: [GC298.394: [ParNew: 122240K->13568K(122240K), 0.0355160 secs] 294607K->208549K(396032K), 0.0355650 secs] [Times: user=0.24 sys=0.00, real=0.03 secs] 
298.430: Total time for which application threads were stopped: 0.0357330 seconds, Stopping threads took: 0.0000950 seconds
298.492: Application time: 0.0620350 seconds
298.492: [GC298.492: [ParNew: 122240K->13568K(122240K), 0.0352120 secs] 317221K->230794K(396032K), 0.0352610 secs] [Times: user=0.24 sys=0.00, real=0.04 secs] 
298.527: Total time for which application threads were stopped: 0.0354090 seconds, Stopping threads took: 0.0000760 seconds
298.599: Application time: 0.0716080 seconds
298.599: [GC298.599: [ParNew: 122240K->13563K(122240K), 0.0257690 secs] 339466K->243623K(396032K), 0.0258170 secs] [Times: user=0.18 sys=0.00, real=0.02 secs] 
298.625: Total time for which application threads were stopped: 0.0259770 seconds, Stopping threads took: 0.0000920 seconds
298.679: Application time: 0.0540370 seconds
298.679: [GC298.679: [ParNew: 122235K->13568K(122240K), 0.0265240 secs] 352295K->258582K(396032K), 0.0265740 secs] [Times: user=0.19 sys=0.00, real=0.03 secs] 
298.706: Total time for which application threads were stopped: 0.0267200 seconds, Stopping threads took: 0.0000730 seconds
298.707: [CMS-concurrent-mark: 0.246/0.370 secs] [Times: user=2.82 sys=0.01, real=0.37 secs] 
298.707: [CMS-concurrent-preclean-start]
298.764: Application time: 0.0589520 seconds
298.765: [GC298.765: [ParNew: 122240K->13568K(122240K), 0.0279060 secs] 367254K->274981K(396032K), 0.0279550 secs] [Times: user=0.19 sys=0.00, real=0.03 secs] 
298.793: Total time for which application threads were stopped: 0.0281100 seconds, Stopping threads took: 0.0000850 seconds
298.848: Application time: 0.0554820 seconds
298.848: [GC298.848: [ParNew: 122240K->122240K(122240K), 0.0016050 secs]298.850: [CMS298.996: [CMS-concurrent-preclean: 0.258/0.289 secs] [Times: user=1.25 sys=0.00, real=0.29 secs] 
 (concurrent mode failure): 261413K->119949K(273792K), 0.4267550 secs] 383653K->119949K(396032K), [CMS Perm : 9130K->9130K(21248K)], 0.4284250 secs] [Times: user=0.43 sys=0.00, real=0.43 secs] 
299.277: Total time for which application threads were stopped: 0.4285920 seconds, Stopping threads took: 0.0000850 seconds
299.318: Application time: 0.0409650 seconds
299.318: [GC299.318: [ParNew: 108672K->13568K(122240K), 0.0198110 secs] 228621K->147793K(396032K), 0.0198620 secs] [Times: user=0.14 sys=0.00, real=0.02 secs] 
299.338: Total time for which application threads were stopped: 0.0201220 seconds, Stopping threads took: 0.0001680 seconds
299.375: Application time: 0.0369960 seconds
299.375: [GC299.375: [ParNew: 122240K->13568K(122240K), 0.0362620 secs] 256465K->180288K(396032K), 0.0363130 secs] [Times: user=0.24 sys=0.00, real=0.03 secs] 
299.411: Total time for which application threads were stopped: 0.0366040 seconds, Stopping threads took: 0.0001910 seconds
299.411: Application time: 0.0000430 seconds
299.411: [GC [1 CMS-initial-mark: 166720K(273792K)] 180726K(396032K), 0.0119020 secs] [Times: user=0.02 sys=0.00, real=0.01 secs] 
299.423: Total time for which application threads were stopped: 0.0119910 seconds, Stopping threads took: 0.0000480 seconds
299.423: [CMS-concurrent-mark-start]
299.482: Application time: 0.0586940 seconds
299.482: [GC299.482: [ParNew: 122240K->13568K(122240K), 0.0390360 secs] 288960K->206124K(396032K), 0.0390850 secs] [Times: user=0.27 sys=0.00, real=0.04 secs] 
299.521: Total time for which application threads were stopped: 0.0392190 seconds, Stopping threads took: 0.0000630 seconds
299.593: Application time: 0.0719800 seconds
299.593: [GC299.593: [ParNew: 122240K->13568K(122240K), 0.0337200 secs] 314796K->223590K(396032K), 0.0337680 secs] [Times: user=0.24 sys=0.00, real=0.03 secs] 
299.627: Total time for which application threads were stopped: 0.0339130 seconds, Stopping threads took: 0.0000760 seconds
299.682: [CMS-concurrent-mark: 0.185/0.258 secs] [Times: user=1.98 sys=0.00, real=0.26 secs] 
299.682: [CMS-concurrent-preclean-start]
299.687: Application time: 0.0598940 seconds
299.687: [GC299.687: [ParNew: 122240K->13568K(122240K), 0.0284690 secs] 332262K->239607K(396032K), 0.0285140 secs] [Times: user=0.20 sys=0.00, real=0.03 secs] 
299.716: Total time for which application threads were stopped: 0.0286910 seconds, Stopping threads took: 0.0001110 seconds
299.774: Application time: 0.0585530 seconds
299.774: [GC299.774: [ParNew: 122240K->13568K(122240K), 0.0300770 secs] 348279K->257924K(396032K), 0.0301350 secs] [Times: user=0.21 sys=0.00, real=0.02 secs] 
299.805: Total time for which application threads were stopped: 0.0302810 seconds, Stopping threads took: 0.0000730 seconds
299.864: Application time: 0.0595410 seconds
299.864: [GC299.864: [ParNew: 122240K->13568K(122240K), 0.0298660 secs] 366596K->274365K(396032K), 0.0299160 secs] [Times: user=0.21 sys=0.00, real=0.04 secs] 
299.894: Total time for which application threads were stopped: 0.0300700 seconds, Stopping threads took: 0.0000830 seconds
299.945: Application time: 0.0502830 seconds
299.945: [GC299.945: [ParNew: 122240K->122240K(122240K), 0.0000130 secs]299.945: [CMS300.073: [CMS-concurrent-preclean: 0.300/0.391 secs] [Times: user=2.14 sys=0.01, real=0.40 secs] 
 (concurrent mode failure): 260797K->122926K(273792K), 0.4123430 secs] 383037K->122926K(396032K), [CMS Perm : 9130K->9130K(21248K)], 0.4124130 secs] [Times: user=0.41 sys=0.00, real=0.42 secs] 
300.357: Total time for which application threads were stopped: 0.4125750 seconds, Stopping threads took: 0.0000800 seconds
300.403: Application time: 0.0458030 seconds
300.403: [GC300.403: [ParNew: 108672K->13568K(122240K), 0.0240420 secs] 231598K->153071K(396032K), 0.0240930 secs] [Times: user=0.18 sys=0.00, real=0.03 secs] 
300.427: Total time for which application threads were stopped: 0.0243070 seconds, Stopping threads took: 0.0001220 seconds
300.472: Application time: 0.0445130 seconds
300.472: [GC300.472: [ParNew: 122240K->13568K(122240K), 0.0341030 secs] 261743K->178682K(396032K), 0.0341550 secs] [Times: user=0.23 sys=0.00, real=0.04 secs] 
300.506: Total time for which application threads were stopped: 0.0343440 seconds, Stopping threads took: 0.0001000 seconds
300.506: Application time: 0.0001140 seconds
300.506: [GC [1 CMS-initial-mark: 165114K(273792K)] 180127K(396032K), 0.0111440 secs] [Times: user=0.02 sys=0.00, real=0.01 secs] 
300.518: Total time for which application threads were stopped: 0.0113120 seconds, Stopping threads took: 0.0001220 seconds
300.518: [CMS-concurrent-mark-start]
300.570: Application time: 0.0521780 seconds
300.570: [GC300.570: [ParNew: 122240K->13568K(122240K), 0.0359730 secs] 287354K->203254K(396032K), 0.0360210 secs] [Times: user=0.25 sys=0.00, real=0.04 secs] 
300.606: Total time for which application threads were stopped: 0.0362260 seconds, Stopping threads took: 0.0001350 seconds
300.665: Application time: 0.0589250 seconds
300.665: [GC300.665: [ParNew: 122240K->13568K(122240K), 0.0362790 secs] 311926K->226941K(396032K), 0.0363360 secs] [Times: user=0.25 sys=0.01, real=0.03 secs] 
300.701: Total time for which application threads were stopped: 0.0364600 seconds, Stopping threads took: 0.0000560 seconds
300.770: Application time: 0.0686170 seconds
300.770: [GC300.770: [ParNew: 122240K->13568K(122240K), 0.0315160 secs] 335613K->244622K(396032K), 0.0315650 secs] [Times: user=0.22 sys=0.00, real=0.03 secs] 
300.802: Total time for which application threads were stopped: 0.0317360 seconds, Stopping threads took: 0.0001000 seconds
300.844: [CMS-concurrent-mark: 0.222/0.327 secs] [Times: user=2.47 sys=0.01, real=0.32 secs] 
300.844: [CMS-concurrent-preclean-start]
300.858: Application time: 0.0567080 seconds
300.858: [GC300.858: [ParNew: 122240K->13568K(122240K), 0.0361760 secs] 353294K->268247K(396032K), 0.0362210 secs] [Times: user=0.25 sys=0.00, real=0.04 secs] 
300.895: Total time for which application threads were stopped: 0.0363450 seconds, Stopping threads took: 0.0000560 seconds
300.952: Application time: 0.0573520 seconds
300.952: [GC300.952: [ParNew: 122240K->122240K(122240K), 0.0000140 secs]300.952: [CMS301.093: [CMS-concurrent-preclean: 0.210/0.248 secs] [Times: user=0.98 sys=0.00, real=0.25 secs] 
 (concurrent mode failure): 254679K->133998K(273792K), 0.4373280 secs] 376919K->133998K(396032K), [CMS Perm : 9130K->9130K(21248K)], 0.4373980 secs] [Times: user=0.43 sys=0.00, real=0.44 secs] 
301.390: Total time for which application threads were stopped: 0.4375270 seconds, Stopping threads took: 0.0000600 seconds
301.440: Application time: 0.0505570 seconds
301.440: [GC301.440: [ParNew: 108672K->13568K(122240K), 0.0177350 secs] 242670K->155847K(396032K), 0.0177820 secs] [Times: user=0.14 sys=0.00, real=0.02 secs] 
301.458: Total time for which application threads were stopped: 0.0179870 seconds, Stopping threads took: 0.0001270 seconds
301.508: Application time: 0.0496940 seconds
301.508: [GC301.508: [ParNew: 122240K->13567K(122240K), 0.0289480 secs] 264519K->176963K(396032K), 0.0289940 secs] [Times: user=0.20 sys=0.00, real=0.03 secs] 
301.537: Total time for which application threads were stopped: 0.0291320 seconds, Stopping threads took: 0.0000690 seconds
301.537: Application time: 0.0000650 seconds
301.537: [GC [1 CMS-initial-mark: 163396K(273792K)] 177932K(396032K), 0.0110180 secs] [Times: user=0.02 sys=0.00, real=0.01 secs] 
301.548: Total time for which application threads were stopped: 0.0111230 seconds, Stopping threads took: 0.0000610 seconds
301.548: [CMS-concurrent-mark-start]
301.604: Application time: 0.0554510 seconds
301.604: [GC301.604: [ParNew: 122239K->13567K(122240K), 0.0344640 secs] 285635K->200960K(396032K), 0.0345130 secs] [Times: user=0.23 sys=0.00, real=0.04 secs] 
301.638: Total time for which application threads were stopped: 0.0347000 seconds, Stopping threads took: 0.0001170 seconds
301.698: Application time: 0.0598080 seconds
301.698: [GC301.698: [ParNew: 122239K->13568K(122240K), 0.0367610 secs] 309632K->225224K(396032K), 0.0368080 secs] [Times: user=0.26 sys=0.00, real=0.04 secs] 
301.735: Total time for which application threads were stopped: 0.0369430 seconds, Stopping threads took: 0.0000660 seconds
301.794: Application time: 0.0593680 seconds
301.795: [GC301.795: [ParNew: 122240K->13568K(122240K), 0.0287240 secs] 333896K->241771K(396032K), 0.0287720 secs] [Times: user=0.20 sys=0.00, real=0.02 secs] 
301.823: Total time for which application threads were stopped: 0.0289080 seconds, Stopping threads took: 0.0000670 seconds
301.861: [CMS-concurrent-mark: 0.212/0.313 secs] [Times: user=2.38 sys=0.00, real=0.31 secs] 
301.861: [CMS-concurrent-preclean-start]
301.882: Application time: 0.0581840 seconds
301.882: [GC301.882: [ParNew: 122240K->13568K(122240K), 0.0315470 secs] 350443K->261876K(396032K), 0.0315950 secs] [Times: user=0.21 sys=0.00, real=0.04 secs] 
301.913: Total time for which application threads were stopped: 0.0318130 seconds, Stopping threads took: 0.0001380 seconds
301.965: Application time: 0.0521310 seconds
301.966: [GC301.966: [ParNew: 122240K->13568K(122240K), 0.0339960 secs] 370548K->283484K(396032K), 0.0340540 secs] [Times: user=0.24 sys=0.00, real=0.03 secs] 
302.000: Total time for which application threads were stopped: 0.0342060 seconds, Stopping threads took: 0.0000660 seconds
302.041: Application time: 0.0412070 seconds
302.041: [GC302.041: [ParNew: 122240K->122240K(122240K), 0.0000120 secs]302.041: [CMS302.178: [CMS-concurrent-preclean: 0.248/0.316 secs] [Times: user=1.50 sys=0.00, real=0.32 secs] 
 (concurrent mode failure): 269916K->143458K(273792K), 0.4336080 secs] 392156K->143458K(396032K), [CMS Perm : 9130K->9130K(21248K)], 0.4336750 secs] [Times: user=0.43 sys=0.00, real=0.44 secs] 
302.475: Total time for which application threads were stopped: 0.4338540 seconds, Stopping threads took: 0.0001110 seconds
302.529: Application time: 0.0541710 seconds
302.529: [GC302.529: [ParNew: 108672K->13567K(122240K), 0.0208990 secs] 252130K->166138K(396032K), 0.0209460 secs] [Times: user=0.16 sys=0.00, real=0.02 secs] 
302.550: Total time for which application threads were stopped: 0.0211120 seconds, Stopping threads took: 0.0000830 seconds
302.610: Application time: 0.0597760 seconds
302.610: [GC302.610: [ParNew: 122239K->13557K(122240K), 0.0246960 secs] 274810K->180608K(396032K), 0.0247420 secs] [Times: user=0.17 sys=0.00, real=0.03 secs] 
302.635: Total time for which application threads were stopped: 0.0249500 seconds, Stopping threads took: 0.0001190 seconds
302.684: Application time: 0.0495130 seconds
302.689: [GC302.689: [ParNew: 122229K->13568K(122240K), 0.0240260 secs] 289280K->194074K(396032K), 0.0240760 secs] [Times: user=0.17 sys=0.00, real=0.03 secs] 
302.713: Total time for which application threads were stopped: 0.0287060 seconds, Stopping threads took: 0.0045590 seconds
302.713: Application time: 0.0000390 seconds
302.713: [GC [1 CMS-initial-mark: 180506K(273792K)] 194606K(396032K), 0.0103510 secs] [Times: user=0.01 sys=0.00, real=0.00 secs] 
302.723: Total time for which application threads were stopped: 0.0104450 seconds, Stopping threads took: 0.0000500 seconds
302.724: [CMS-concurrent-mark-start]
302.774: Application time: 0.0503240 seconds
302.774: [GC302.774: [ParNew: 122012K->13568K(122240K), 0.0344820 secs] 302518K->220430K(396032K), 0.0345310 secs] [Times: user=0.23 sys=0.00, real=0.03 secs] 
302.809: Total time for which application threads were stopped: 0.0346830 seconds, Stopping threads took: 0.0000810 seconds
302.874: Application time: 0.0651770 seconds
302.874: [GC302.874: [ParNew: 122240K->13568K(122240K), 0.0366700 secs] 329102K->243482K(396032K), 0.0367170 secs] [Times: user=0.25 sys=0.00, real=0.03 secs] 
302.911: Total time for which application threads were stopped: 0.0368500 seconds, Stopping threads took: 0.0000660 seconds
302.968: Application time: 0.0571520 seconds
302.968: [GC302.968: [ParNew: 122220K->13568K(122240K), 0.0303570 secs] 352134K->261367K(396032K), 0.0304060 secs] [Times: user=0.21 sys=0.00, real=0.03 secs] 
302.998: Total time for which application threads were stopped: 0.0305730 seconds, Stopping threads took: 0.0000970 seconds
303.042: [CMS-concurrent-mark: 0.216/0.319 secs] [Times: user=2.42 sys=0.01, real=0.32 secs] 
303.042: [CMS-concurrent-preclean-start]
303.053: Application time: 0.0544720 seconds
303.053: [GC303.053: [ParNew: 122240K->122240K(122240K), 0.0000150 secs]303.053: [CMS303.180: [CMS-concurrent-preclean: 0.136/0.138 secs] [Times: user=0.22 sys=0.00, real=0.14 secs] 
 (concurrent mode failure): 247799K->131982K(273792K), 0.4309140 secs] 370039K->131982K(396032K), [CMS Perm : 9130K->9130K(21248K)], 0.4309850 secs] [Times: user=0.43 sys=0.00, real=0.42 secs] 
303.484: Total time for which application threads were stopped: 0.4311470 seconds, Stopping threads took: 0.0000770 seconds
303.530: Application time: 0.0458620 seconds
303.530: [GC303.530: [ParNew: 108672K->13568K(122240K), 0.0177050 secs] 240654K->155618K(396032K), 0.0177520 secs] [Times: user=0.13 sys=0.00, real=0.02 secs] 
303.548: Total time for which application threads were stopped: 0.0179580 seconds, Stopping threads took: 0.0001280 seconds
303.590: Application time: 0.0421690 seconds
303.590: [GC303.590: [ParNew: 122240K->13568K(122240K), 0.0352460 secs] 264290K->185853K(396032K), 0.0352950 secs] [Times: user=0.24 sys=0.00, real=0.04 secs] 
303.625: Total time for which application threads were stopped: 0.0354800 seconds, Stopping threads took: 0.0001020 seconds
303.625: Application time: 0.0000940 seconds
303.626: [GC [1 CMS-initial-mark: 172285K(273792K)] 187537K(396032K), 0.0108300 secs] [Times: user=0.01 sys=0.00, real=0.01 secs] 
303.636: Total time for which application threads were stopped: 0.0109440 seconds, Stopping threads took: 0.0000690 seconds
303.636: [CMS-concurrent-mark-start]
303.705: Application time: 0.0687470 seconds
303.705: [GC303.705: [ParNew: 122240K->13566K(122240K), 0.0291080 secs] 294525K->201526K(396032K), 0.0291570 secs] [Times: user=0.21 sys=0.00, real=0.03 secs] 
303.734: Total time for which application threads were stopped: 0.0293090 seconds, Stopping threads took: 0.0000840 seconds
303.792: Application time: 0.0580280 seconds
303.793: [GC303.793: [ParNew: 122238K->13567K(122240K), 0.0323820 secs] 310198K->222167K(396032K), 0.0324290 secs] [Times: user=0.22 sys=0.00, real=0.04 secs] 
303.825: Total time for which application threads were stopped: 0.0325580 seconds, Stopping threads took: 0.0000600 seconds
303.883: Application time: 0.0575720 seconds
303.883: [GC303.883: [ParNew: 122239K->13566K(122240K), 0.0361030 secs] 330839K->246806K(396032K), 0.0361500 secs] [Times: user=0.25 sys=0.00, real=0.04 secs] 
303.919: Total time for which application threads were stopped: 0.0362880 seconds, Stopping threads took: 0.0000690 seconds
303.930: [CMS-concurrent-mark: 0.195/0.293 secs] [Times: user=2.23 sys=0.00, real=0.29 secs] 
303.930: [CMS-concurrent-preclean-start]
303.976: Application time: 0.0572350 seconds
303.976: [GC303.976: [ParNew: 122238K->13566K(122240K), 0.0305700 secs] 355478K->263708K(396032K), 0.0306150 secs] [Times: user=0.22 sys=0.00, real=0.03 secs] 
304.007: Total time for which application threads were stopped: 0.0307620 seconds, Stopping threads took: 0.0000770 seconds
304.072: Application time: 0.0652250 seconds
304.072: [GC304.072: [ParNew: 122238K->122238K(122240K), 0.0000120 secs]304.072: [CMS304.191: [CMS-concurrent-preclean: 0.229/0.261 secs] [Times: user=1.24 sys=0.00, real=0.26 secs] 
 (concurrent mode failure): 250142K->127798K(273792K), 0.3999040 secs] 372380K->127798K(396032K), [CMS Perm : 9130K->9130K(21248K)], 0.3999710 secs] [Times: user=0.40 sys=0.00, real=0.40 secs] 
304.472: Total time for which application threads were stopped: 0.4001050 seconds, Stopping threads took: 0.0000640 seconds
304.523: Application time: 0.0508080 seconds
304.523: [GC304.523: [ParNew: 108672K->13566K(122240K), 0.0140120 secs] 236470K->146227K(396032K), 0.0140570 secs] [Times: user=0.11 sys=0.00, real=0.02 secs] 
304.537: Total time for which application threads were stopped: 0.0142390 seconds, Stopping threads took: 0.0001000 seconds
304.584: Application time: 0.0463920 seconds
304.584: [GC304.584: [ParNew: 122238K->13568K(122240K), 0.0328870 secs] 254899K->174081K(396032K), 0.0329370 secs] [Times: user=0.22 sys=0.00, real=0.04 secs] 
304.617: Total time for which application threads were stopped: 0.0331630 seconds, Stopping threads took: 0.0001530 seconds
304.617: Application time: 0.0000710 seconds
304.617: [GC [1 CMS-initial-mark: 160513K(273792K)] 174830K(396032K), 0.0102200 secs] [Times: user=0.01 sys=0.00, real=0.01 secs] 
304.627: Total time for which application threads were stopped: 0.0103540 seconds, Stopping threads took: 0.0000880 seconds
304.627: [CMS-concurrent-mark-start]
304.669: Application time: 0.0413790 seconds
304.669: [GC304.669: [ParNew: 122240K->13567K(122240K), 0.0386380 secs] 282753K->203678K(396032K), 0.0386860 secs] [Times: user=0.27 sys=0.00, real=0.04 secs] 
304.708: Total time for which application threads were stopped: 0.0388470 seconds, Stopping threads took: 0.0000810 seconds
304.758: Application time: 0.0500150 seconds
304.758: [GC304.758: [ParNew: 122239K->13567K(122240K), 0.0411350 secs] 312350K->231744K(396032K), 0.0411930 secs] [Times: user=0.28 sys=0.00, real=0.04 secs] 
304.799: Total time for which application threads were stopped: 0.0413350 seconds, Stopping threads took: 0.0000720 seconds
304.860: Application time: 0.0613240 seconds
304.860: [GC304.860: [ParNew: 122239K->13566K(122240K), 0.0329370 secs] 340416K->251202K(396032K), 0.0329820 secs] [Times: user=0.23 sys=0.00, real=0.04 secs] 
304.893: Total time for which application threads were stopped: 0.0331370 seconds, Stopping threads took: 0.0000840 seconds
304.954: Application time: 0.0611330 seconds
304.955: [GC304.955: [ParNew: 122238K->13568K(122240K), 0.0311660 secs] 359874K->270753K(396032K), 0.0312120 secs] [Times: user=0.21 sys=0.00, real=0.03 secs] 
304.986: Total time for which application threads were stopped: 0.0313410 seconds, Stopping threads took: 0.0000610 seconds
305.043: Application time: 0.0570850 seconds
305.043: [GC305.043: [ParNew: 122240K->122240K(122240K), 0.0000140 secs]305.043: [CMS305.055: [CMS-concurrent-mark: 0.282/0.428 secs] [Times: user=3.17 sys=0.01, real=0.43 secs] 
 (concurrent mode failure): 257185K->148807K(273792K), 0.3286840 secs] 379425K->148807K(396032K), [CMS Perm : 9130K->9130K(21248K)], 0.3287550 secs] [Times: user=0.34 sys=0.00, real=0.33 secs] 
305.372: Total time for which application threads were stopped: 0.3289030 seconds, Stopping threads took: 0.0000580 seconds
305.431: Application time: 0.0587940 seconds
305.431: [GC305.431: [ParNew: 108672K->13550K(122240K), 0.0119920 secs] 257479K->162357K(396032K), 0.0120410 secs] [Times: user=0.09 sys=0.00, real=0.01 secs] 
305.443: Total time for which application threads were stopped: 0.0122080 seconds, Stopping threads took: 0.0000980 seconds
305.498: Application time: 0.0555250 seconds
305.499: [GC305.499: [ParNew: 122222K->13568K(122240K), 0.0235780 secs] 271029K->176906K(396032K), 0.0236270 secs] [Times: user=0.17 sys=0.00, real=0.02 secs] 
305.522: Total time for which application threads were stopped: 0.0238330 seconds, Stopping threads took: 0.0001360 seconds
305.574: Application time: 0.0519660 seconds
305.574: [GC305.574: [ParNew: 122240K->13568K(122240K), 0.0259050 secs] 285578K->193129K(396032K), 0.0259540 secs] [Times: user=0.18 sys=0.01, real=0.02 secs] 
305.600: Total time for which application threads were stopped: 0.0260970 seconds, Stopping threads took: 0.0000580 seconds
305.600: Application time: 0.0001080 seconds
305.600: [GC [1 CMS-initial-mark: 179561K(273792K)] 194697K(396032K), 0.0109320 secs] [Times: user=0.01 sys=0.00, real=0.01 secs] 
305.611: Total time for which application threads were stopped: 0.0110500 seconds, Stopping threads took: 0.0000720 seconds
305.611: [CMS-concurrent-mark-start]
305.661: Application time: 0.0491600 seconds
305.661: [GC305.661: [ParNew: 122240K->13568K(122240K), 0.0346100 secs] 301801K->218117K(396032K), 0.0346560 secs] [Times: user=0.24 sys=0.00, real=0.04 secs] 
305.695: Total time for which application threads were stopped: 0.0347970 seconds, Stopping threads took: 0.0000700 seconds
305.735: Application time: 0.0400400 seconds
305.736: [GC305.736: [ParNew: 122240K->13568K(122240K), 0.0426500 secs] 326789K->253401K(396032K), 0.0426950 secs] [Times: user=0.28 sys=0.00, real=0.04 secs] 
305.778: Total time for which application threads were stopped: 0.0428220 seconds, Stopping threads took: 0.0000590 seconds
305.837: Application time: 0.0583430 seconds
305.837: [GC305.837: [ParNew: 122240K->122240K(122240K), 0.0000150 secs]305.837: [CMS305.882: [CMS-concurrent-mark: 0.191/0.270 secs] [Times: user=1.79 sys=0.00, real=0.27 secs] 
 (concurrent mode failure): 239833K->144413K(273792K), 0.3499510 secs] 362073K->144413K(396032K), [CMS Perm : 9130K->9130K(21248K)], 0.3500240 secs] [Times: user=0.39 sys=0.00, real=0.35 secs] 
306.187: Total time for which application threads were stopped: 0.3502020 seconds, Stopping threads took: 0.0001070 seconds
306.237: Application time: 0.0500990 seconds
306.237: [GC306.237: [ParNew: 108437K->13568K(122240K), 0.0144600 secs] 252850K->162880K(396032K), 0.0145150 secs] [Times: user=0.11 sys=0.00, real=0.01 secs] 
306.252: Total time for which application threads were stopped: 0.0148200 seconds, Stopping threads took: 0.0002070 seconds
306.303: Application time: 0.0515000 seconds
306.303: [GC306.303: [ParNew: 122240K->13568K(122240K), 0.0287200 secs] 271552K->183323K(396032K), 0.0287720 secs] [Times: user=0.20 sys=0.00, real=0.03 secs] 
306.332: Total time for which application threads were stopped: 0.0289410 seconds, Stopping threads took: 0.0000950 seconds
306.333: Application time: 0.0006600 seconds
306.333: [GC [1 CMS-initial-mark: 169755K(273792K)] 185020K(396032K), 0.0129220 secs] [Times: user=0.01 sys=0.00, real=0.01 secs] 
306.346: Total time for which application threads were stopped: 0.0130520 seconds, Stopping threads took: 0.0000850 seconds
306.346: [CMS-concurrent-mark-start]
306.412: Application time: 0.0663440 seconds
306.412: [GC306.412: [ParNew: 122240K->13568K(122240K), 0.0283890 secs] 291995K->199235K(396032K), 0.0284540 secs] [Times: user=0.20 sys=0.01, real=0.03 secs] 
306.441: Total time for which application threads were stopped: 0.0286220 seconds, Stopping threads took: 0.0000990 seconds
306.507: Application time: 0.0662470 seconds
306.507: [GC306.507: [ParNew: 122240K->13568K(122240K), 0.0283050 secs] 307907K->215309K(396032K), 0.0283510 secs] [Times: user=0.20 sys=0.00, real=0.03 secs] 
306.536: Total time for which application threads were stopped: 0.0284600 seconds, Stopping threads took: 0.0000380 seconds
306.578: [CMS-concurrent-mark: 0.175/0.232 secs] [Times: user=1.79 sys=0.01, real=0.23 secs] 
306.578: [CMS-concurrent-preclean-start]
306.592: Application time: 0.0564850 seconds
306.592: [GC306.592: [ParNew: 122240K->13568K(122240K), 0.0291370 secs] 323981K->232909K(396032K), 0.0291860 secs] [Times: user=0.21 sys=0.00, real=0.03 secs] 
306.621: Total time for which application threads were stopped: 0.0293290 seconds, Stopping threads took: 0.0000700 seconds
306.673: Application time: 0.0521200 seconds
306.674: [GC306.674: [ParNew: 122240K->13568K(122240K), 0.0336790 secs] 341581K->255894K(396032K), 0.0337280 secs] [Times: user=0.24 sys=0.00, real=0.03 secs] 
306.707: Total time for which application threads were stopped: 0.0338370 seconds, Stopping threads took: 0.0000390 seconds
306.760: Application time: 0.0531780 seconds
306.761: [GC306.761: [ParNew: 122240K->13568K(122240K), 0.0343000 secs] 364566K->277289K(396032K), 0.0343470 secs] [Times: user=0.24 sys=0.00, real=0.04 secs] 
306.795: Total time for which application threads were stopped: 0.0345230 seconds, Stopping threads took: 0.0000880 seconds
306.841: Application time: 0.0458470 seconds
306.841: [GC306.841: [ParNew: 122240K->122240K(122240K), 0.0000130 secs]306.841: [CMS306.971: [CMS-concurrent-preclean: 0.293/0.393 secs] [Times: user=2.12 sys=0.00, real=0.39 secs] 
 (concurrent mode failure): 263721K->124969K(273792K), 0.3911760 secs] 385961K->124969K(396032K), [CMS Perm : 9130K->9130K(21248K)], 0.3912440 secs] [Times: user=0.40 sys=0.00, real=0.39 secs] 
307.232: Total time for which application threads were stopped: 0.3913760 seconds, Stopping threads took: 0.0000610 seconds
307.269: Application time: 0.0364440 seconds
307.269: [GC307.269: [ParNew: 108672K->13568K(122240K), 0.0239780 secs] 233641K->157597K(396032K), 0.0240250 secs] [Times: user=0.17 sys=0.00, real=0.03 secs] 
307.293: Total time for which application threads were stopped: 0.0242760 seconds, Stopping threads took: 0.0001500 seconds
307.345: Application time: 0.0524540 seconds
307.346: [GC307.346: [ParNew: 122240K->13566K(122240K), 0.0389290 secs] 266269K->185243K(396032K), 0.0389810 secs] [Times: user=0.27 sys=0.00, real=0.03 secs] 
307.385: Total time for which application threads were stopped: 0.0391750 seconds, Stopping threads took: 0.0001230 seconds
307.385: Application time: 0.0000550 seconds
307.385: [GC [1 CMS-initial-mark: 171676K(273792K)] 186182K(396032K), 0.0115570 secs] [Times: user=0.01 sys=0.00, real=0.02 secs] 
307.396: Total time for which application threads were stopped: 0.0116800 seconds, Stopping threads took: 0.0000690 seconds
307.396: [CMS-concurrent-mark-start]
307.463: Application time: 0.0664340 seconds
307.463: [GC307.463: [ParNew: 122238K->13566K(122240K), 0.0264430 secs] 293915K->198521K(396032K), 0.0264880 secs] [Times: user=0.19 sys=0.00, real=0.03 secs] 
307.490: Total time for which application threads were stopped: 0.0267110 seconds, Stopping threads took: 0.0001570 seconds
307.546: Application time: 0.0566220 seconds
307.546: [GC307.546: [ParNew: 122238K->13568K(122240K), 0.0283810 secs] 307193K->215366K(396032K), 0.0284300 secs] [Times: user=0.20 sys=0.00, real=0.03 secs] 
307.575: Total time for which application threads were stopped: 0.0285850 seconds, Stopping threads took: 0.0000850 seconds
307.636: Application time: 0.0612110 seconds
307.636: [GC307.636: [ParNew: 122240K->13568K(122240K), 0.0312580 secs] 324038K->234540K(396032K), 0.0313070 secs] [Times: user=0.22 sys=0.00, real=0.03 secs] 
307.667: Total time for which application threads were stopped: 0.0314790 seconds, Stopping threads took: 0.0001010 seconds
307.722: [CMS-concurrent-mark: 0.239/0.326 secs] [Times: user=2.50 sys=0.00, real=0.32 secs] 
307.722: [CMS-concurrent-preclean-start]
307.735: Application time: 0.0679400 seconds
307.735: [GC307.735: [ParNew: 122240K->13568K(122240K), 0.0261860 secs] 343212K->247880K(396032K), 0.0262350 secs] [Times: user=0.18 sys=0.00, real=0.02 secs] 
307.762: Total time for which application threads were stopped: 0.0263840 seconds, Stopping threads took: 0.0000780 seconds
307.817: Application time: 0.0549890 seconds
307.817: [GC307.817: [ParNew: 122240K->13568K(122240K), 0.0277500 secs] 356552K->264469K(396032K), 0.0277990 secs] [Times: user=0.19 sys=0.00, real=0.02 secs] 
307.845: Total time for which application threads were stopped: 0.0279770 seconds, Stopping threads took: 0.0000970 seconds
307.887: Application time: 0.0422240 seconds
307.887: [GC307.887: [ParNew (promotion failed): 122240K->122240K(122240K), 2.9943470 secs]310.881: [CMS311.028: [CMS-concurrent-preclean: 0.255/3.305 secs] [Times: user=5.65 sys=0.61, real=3.31 secs] 
 (concurrent mode failure): 271378K->121703K(273792K), 0.4035980 secs] 373141K->121703K(396032K), [CMS Perm : 9130K->9130K(21248K)], 3.3980180 secs] [Times: user=4.67 sys=0.58, real=3.40 secs] 
311.285: Total time for which application threads were stopped: 3.3981810 seconds, Stopping threads took: 0.0000920 seconds
311.327: Application time: 0.0421380 seconds
311.327: [GC311.327: [ParNew: 108672K->13568K(122240K), 0.0260940 secs] 230375K->154314K(396032K), 0.0261380 secs] [Times: user=0.19 sys=0.00, real=0.03 secs] 
311.354: Total time for which application threads were stopped: 0.0263080 seconds, Stopping threads took: 0.0000890 seconds
311.398: Application time: 0.0445580 seconds
311.398: [GC311.398: [ParNew: 122240K->13568K(122240K), 0.0383040 secs] 262986K->183339K(396032K), 0.0383550 secs] [Times: user=0.27 sys=0.00, real=0.04 secs] 
311.437: Total time for which application threads were stopped: 0.0385720 seconds, Stopping threads took: 0.0001430 seconds
311.488: Application time: 0.0513640 seconds
311.489: [GC311.489: [ParNew: 122240K->13568K(122240K), 0.0316530 secs] 292011K->202190K(396032K), 0.0317050 secs] [Times: user=0.22 sys=0.00, real=0.03 secs] 
311.521: Total time for which application threads were stopped: 0.0325500 seconds, Stopping threads took: 0.0007760 seconds
311.521: Application time: 0.0000760 seconds
311.521: [GC [1 CMS-initial-mark: 188622K(273792K)] 203164K(396032K), 0.0112840 secs] [Times: user=0.01 sys=0.00, real=0.01 secs] 
311.532: Total time for which application threads were stopped: 0.0113840 seconds, Stopping threads took: 0.0000550 seconds
311.532: [CMS-concurrent-mark-start]
311.594: Application time: 0.0619800 seconds
311.594: [GC311.594: [ParNew: 122240K->13568K(122240K), 0.0289570 secs] 310862K->219180K(396032K), 0.0290070 secs] [Times: user=0.21 sys=0.00, real=0.02 secs] 
311.623: Total time for which application threads were stopped: 0.0291840 seconds, Stopping threads took: 0.0000980 seconds
311.695: Application time: 0.0719250 seconds
311.695: [GC311.695: [ParNew: 122240K->13568K(122240K), 0.0249020 secs] 327852K->231883K(396032K), 0.0249500 secs] [Times: user=0.18 sys=0.00, real=0.02 secs] 
311.720: Total time for which application threads were stopped: 0.0251320 seconds, Stopping threads took: 0.0001120 seconds
311.771: [CMS-concurrent-mark: 0.184/0.239 secs] [Times: user=1.84 sys=0.00, real=0.24 secs] 
311.771: [CMS-concurrent-preclean-start]
311.790: Application time: 0.0700320 seconds
311.791: [GC311.791: [ParNew: 122240K->13568K(122240K), 0.0244540 secs] 340555K->243107K(396032K), 0.0245010 secs] [Times: user=0.18 sys=0.00, real=0.03 secs] 
311.815: Total time for which application threads were stopped: 0.0247240 seconds, Stopping threads took: 0.0001530 seconds
311.863: Application time: 0.0476000 seconds
311.863: [GC311.863: [ParNew: 122240K->13568K(122240K), 0.0312030 secs] 351779K->263555K(396032K), 0.0312480 secs] [Times: user=0.22 sys=0.00, real=0.04 secs] 
311.894: Total time for which application threads were stopped: 0.0314020 seconds, Stopping threads took: 0.0000720 seconds
311.933: Application time: 0.0393700 seconds
311.934: [GC311.934: [ParNew: 122240K->122240K(122240K), 0.0000130 secs]311.934: [CMS312.043: [CMS-concurrent-preclean: 0.213/0.272 secs] [Times: user=1.36 sys=0.00, real=0.27 secs] 
 (concurrent mode failure): 249987K->121088K(273792K), 0.3590930 secs] 372227K->121088K(396032K), [CMS Perm : 9130K->9130K(21248K)], 0.3591730 secs] [Times: user=0.36 sys=0.01, real=0.36 secs] 
312.293: Total time for which application threads were stopped: 0.3593810 seconds, Stopping threads took: 0.0001390 seconds
312.332: Application time: 0.0396570 seconds
312.333: [GC312.333: [ParNew: 108672K->13568K(122240K), 0.0280770 secs] 229760K->157208K(396032K), 0.0281250 secs] [Times: user=0.19 sys=0.00, real=0.03 secs] 
312.361: Total time for which application threads were stopped: 0.0282600 seconds, Stopping threads took: 0.0000650 seconds
312.408: Application time: 0.0475510 seconds
312.408: [GC312.408: [ParNew: 122240K->13568K(122240K), 0.0388710 secs] 265880K->184930K(396032K), 0.0389200 secs] [Times: user=0.27 sys=0.00, real=0.04 secs] 
312.447: Total time for which application threads were stopped: 0.0391040 seconds, Stopping threads took: 0.0001010 seconds
312.448: Application time: 0.0001170 seconds
312.448: [GC [1 CMS-initial-mark: 171362K(273792K)] 186553K(396032K), 0.0122240 secs] [Times: user=0.01 sys=0.00, real=0.01 secs] 
312.460: Total time for which application threads were stopped: 0.0123620 seconds, Stopping threads took: 0.0000920 seconds
312.460: [CMS-concurrent-mark-start]
312.523: Application time: 0.0630600 seconds
312.523: [GC312.523: [ParNew: 122240K->13568K(122240K), 0.0297600 secs] 293602K->201081K(396032K), 0.0298070 secs] [Times: user=0.21 sys=0.00, real=0.04 secs] 
312.553: Total time for which application threads were stopped: 0.0299520 seconds, Stopping threads took: 0.0000780 seconds
312.605: Application time: 0.0524590 seconds
312.605: [GC312.605: [ParNew: 122240K->13568K(122240K), 0.0371830 secs] 309753K->226618K(396032K), 0.0372270 secs] [Times: user=0.25 sys=0.00, real=0.03 secs] 
312.643: Total time for which application threads were stopped: 0.0373540 seconds, Stopping threads took: 0.0000610 seconds
312.718: Application time: 0.0751650 seconds
312.718: [GC312.718: [ParNew: 122240K->13568K(122240K), 0.0260840 secs] 335290K->239943K(396032K), 0.0261310 secs] [Times: user=0.19 sys=0.00, real=0.02 secs] 
312.744: Total time for which application threads were stopped: 0.0263070 seconds, Stopping threads took: 0.0001070 seconds
312.789: [CMS-concurrent-mark: 0.235/0.329 secs] [Times: user=2.54 sys=0.00, real=0.33 secs] 
312.789: [CMS-concurrent-preclean-start]
312.816: Application time: 0.0714600 seconds
312.816: [GC312.816: [ParNew: 122240K->13568K(122240K), 0.0237010 secs] 348615K->251887K(396032K), 0.0237470 secs] [Times: user=0.17 sys=0.00, real=0.02 secs] 
312.840: Total time for which application threads were stopped: 0.0239430 seconds, Stopping threads took: 0.0001170 seconds
312.891: Application time: 0.0515740 seconds
312.891: [GC312.891: [ParNew: 122240K->13568K(122240K), 0.0258730 secs] 360559K->266312K(396032K), 0.0259200 secs] [Times: user=0.18 sys=0.00, real=0.03 secs] 
312.917: Total time for which application threads were stopped: 0.0260810 seconds, Stopping threads took: 0.0000920 seconds
312.969: Application time: 0.0521090 seconds
312.970: [GC312.970: [ParNew (promotion failed): 122240K->122240K(122240K), 3.7555300 secs]316.725: [CMS316.914: [CMS-concurrent-preclean: 0.317/4.125 secs] [Times: user=6.98 sys=0.57, real=4.13 secs] 
 (concurrent mode failure): 271676K->115183K(273792K), 0.4401920 secs] 374984K->115183K(396032K), [CMS Perm : 9130K->9130K(21248K)], 4.1957950 secs] [Times: user=5.84 sys=0.57, real=4.20 secs] 
317.165: Total time for which application threads were stopped: 4.1959610 seconds, Stopping threads took: 0.0000870 seconds
317.207: Application time: 0.0414480 seconds
317.207: [GC317.207: [ParNew: 108672K->13568K(122240K), 0.0235310 secs] 223855K->146518K(396032K), 0.0235780 secs] [Times: user=0.16 sys=0.00, real=0.02 secs] 
317.231: Total time for which application threads were stopped: 0.0237320 seconds, Stopping threads took: 0.0000690 seconds
317.279: Application time: 0.0480760 seconds
317.279: [GC317.279: [ParNew: 122240K->13568K(122240K), 0.0348090 secs] 255190K->172586K(396032K), 0.0348570 secs] [Times: user=0.24 sys=0.00, real=0.04 secs] 
317.314: Total time for which application threads were stopped: 0.0349990 seconds, Stopping threads took: 0.0000680 seconds
317.350: Application time: 0.0368050 seconds
317.351: [GC317.351: [ParNew: 122240K->13568K(122240K), 0.0376190 secs] 281258K->202316K(396032K), 0.0376680 secs] [Times: user=0.25 sys=0.00, real=0.04 secs] 
317.388: Total time for which application threads were stopped: 0.0378450 seconds, Stopping threads took: 0.0001030 seconds
317.388: Application time: 0.0001210 seconds
317.389: [GC [1 CMS-initial-mark: 188748K(273792K)] 203652K(396032K), 0.0106980 secs] [Times: user=0.01 sys=0.00, real=0.01 secs] 
317.399: Total time for which application threads were stopped: 0.0108410 seconds, Stopping threads took: 0.0000960 seconds
317.399: [CMS-concurrent-mark-start]
317.444: Application time: 0.0446940 seconds
317.444: [GC317.444: [ParNew: 122240K->13568K(122240K), 0.0464980 secs] 310988K->236557K(396032K), 0.0465460 secs] [Times: user=0.32 sys=0.00, real=0.05 secs] 
317.491: Total time for which application threads were stopped: 0.0467250 seconds, Stopping threads took: 0.0000890 seconds
317.566: Application time: 0.0751240 seconds
317.566: [GC317.566: [ParNew: 122240K->13566K(122240K), 0.0301770 secs] 345229K->250322K(396032K), 0.0302230 secs] [Times: user=0.22 sys=0.00, real=0.03 secs] 
317.596: Total time for which application threads were stopped: 0.0303460 seconds, Stopping threads took: 0.0000520 seconds
317.674: Application time: 0.0782170 seconds
317.674: [GC317.674: [ParNew: 122238K->122238K(122240K), 0.0000120 secs]317.674: [CMS317.679: [CMS-concurrent-mark: 0.202/0.280 secs] [Times: user=2.13 sys=0.00, real=0.28 secs] 
 (concurrent mode failure): 236755K->132380K(273792K), 0.3312610 secs] 358994K->132380K(396032K), [CMS Perm : 9130K->9130K(21248K)], 0.3313300 secs] [Times: user=0.34 sys=0.00, real=0.33 secs] 
318.006: Total time for which application threads were stopped: 0.3314600 seconds, Stopping threads took: 0.0000580 seconds
318.055: Application time: 0.0494850 seconds
318.056: [GC318.056: [ParNew: 108672K->13568K(122240K), 0.0150000 secs] 241052K->152507K(396032K), 0.0150490 secs] [Times: user=0.10 sys=0.00, real=0.01 secs] 
318.071: Total time for which application threads were stopped: 0.0152940 seconds, Stopping threads took: 0.0001660 seconds
318.117: Application time: 0.0467680 seconds
318.118: [GC318.118: [ParNew: 122240K->13568K(122240K), 0.0321380 secs] 261179K->178908K(396032K), 0.0321890 secs] [Times: user=0.22 sys=0.00, real=0.03 secs] 
318.150: Total time for which application threads were stopped: 0.0324710 seconds, Stopping threads took: 0.0001910 seconds
318.161: Application time: 0.0109880 seconds
318.163: [GC [1 CMS-initial-mark: 165340K(273792K)] 200826K(396032K), 0.0260320 secs] [Times: user=0.03 sys=0.00, real=0.03 secs] 
318.189: Total time for which application threads were stopped: 0.0278700 seconds, Stopping threads took: 0.0017870 seconds
318.189: [CMS-concurrent-mark-start]
318.237: Application time: 0.0478520 seconds
318.238: [GC318.238: [ParNew: 122240K->13568K(122240K), 0.0312270 secs] 287580K->196952K(396032K), 0.0312790 secs] [Times: user=0.21 sys=0.00, real=0.03 secs] 
318.269: Total time for which application threads were stopped: 0.0325840 seconds, Stopping threads took: 0.0012130 seconds
318.325: Application time: 0.0561640 seconds
318.325: [GC318.325: [ParNew: 122240K->13568K(122240K), 0.0351510 secs] 305624K->221088K(396032K), 0.0352030 secs] [Times: user=0.25 sys=0.00, real=0.03 secs] 
318.361: Total time for which application threads were stopped: 0.0353180 seconds, Stopping threads took: 0.0000410 seconds
318.412: Application time: 0.0514580 seconds
318.412: [GC318.412: [ParNew: 122240K->13568K(122240K), 0.0334170 secs] 329760K->244431K(396032K), 0.0334620 secs] [Times: user=0.23 sys=0.00, real=0.04 secs] 
318.446: Total time for which application threads were stopped: 0.0336300 seconds, Stopping threads took: 0.0000990 seconds
318.490: Application time: 0.0442290 seconds
318.490: [GC318.490: [ParNew: 122240K->13568K(122240K), 0.0400830 secs] 353103K->274401K(396032K), 0.0401300 secs] [Times: user=0.28 sys=0.00, real=0.04 secs] 
318.530: Total time for which application threads were stopped: 0.0403300 seconds, Stopping threads took: 0.0001300 seconds
318.587: Application time: 0.0571410 seconds
318.588: [GC318.588: [ParNew: 122240K->122240K(122240K), 0.0000120 secs]318.588: [CMS318.606: [CMS-concurrent-mark: 0.274/0.417 secs] [Times: user=3.04 sys=0.01, real=0.42 secs] 
 (concurrent mode failure): 260833K->152139K(273792K), 0.3943000 secs] 383073K->152139K(396032K), [CMS Perm : 9130K->9130K(21248K)], 0.3943690 secs] [Times: user=0.41 sys=0.00, real=0.39 secs] 
318.982: Total time for which application threads were stopped: 0.3945050 seconds, Stopping threads took: 0.0000440 seconds
319.042: Application time: 0.0597030 seconds
319.042: [GC319.042: [ParNew: 108672K->13568K(122240K), 0.0144630 secs] 260811K->166235K(396032K), 0.0145070 secs] [Times: user=0.11 sys=0.00, real=0.02 secs] 
319.056: Total time for which application threads were stopped: 0.0146850 seconds, Stopping threads took: 0.0001130 seconds
319.106: Application time: 0.0495240 seconds
319.106: [GC319.106: [ParNew: 122240K->13568K(122240K), 0.0274100 secs] 274907K->185928K(396032K), 0.0274580 secs] [Times: user=0.19 sys=0.00, real=0.03 secs] 
319.134: Total time for which application threads were stopped: 0.0276550 seconds, Stopping threads took: 0.0000910 seconds
319.134: Application time: 0.0000620 seconds
319.134: [GC [1 CMS-initial-mark: 172360K(273792K)] 187099K(396032K), 0.0106720 secs] [Times: user=0.01 sys=0.00, real=0.00 secs] 
319.144: Total time for which application threads were stopped: 0.0107710 seconds, Stopping threads took: 0.0000570 seconds
319.144: [CMS-concurrent-mark-start]
319.218: Application time: 0.0739520 seconds
319.218: [GC319.218: [ParNew: 122240K->13568K(122240K), 0.0245960 secs] 294600K->198445K(396032K), 0.0246440 secs] [Times: user=0.18 sys=0.00, real=0.02 secs] 
319.243: Total time for which application threads were stopped: 0.0248220 seconds, Stopping threads took: 0.0001100 seconds
319.303: Application time: 0.0599290 seconds
319.303: [GC319.303: [ParNew: 122240K->13568K(122240K), 0.0297490 secs] 307117K->216166K(396032K), 0.0297950 secs] [Times: user=0.21 sys=0.00, real=0.04 secs] 
319.333: Total time for which application threads were stopped: 0.0299760 seconds, Stopping threads took: 0.0001190 seconds
319.368: [CMS-concurrent-mark: 0.168/0.223 secs] [Times: user=1.71 sys=0.00, real=0.23 secs] 
319.368: [CMS-concurrent-preclean-start]
319.388: Application time: 0.0550960 seconds
319.388: [GC319.388: [ParNew: 122240K->13568K(122240K), 0.0347660 secs] 324838K->241012K(396032K), 0.0348200 secs] [Times: user=0.23 sys=0.01, real=0.03 secs] 
319.423: Total time for which application threads were stopped: 0.0349980 seconds, Stopping threads took: 0.0001080 seconds
319.462: Application time: 0.0389710 seconds
319.462: [GC319.462: [ParNew: 122240K->13568K(122240K), 0.0381600 secs] 349684K->270080K(396032K), 0.0382060 secs] [Times: user=0.26 sys=0.00, real=0.04 secs] 
319.500: Total time for which application threads were stopped: 0.0383700 seconds, Stopping threads took: 0.0000940 seconds
319.553: Application time: 0.0525500 seconds
319.553: [GC319.553: [ParNew: 122240K->122240K(122240K), 0.0000130 secs]319.553: [CMS319.690: [CMS-concurrent-preclean: 0.246/0.323 secs] [Times: user=1.54 sys=0.01, real=0.32 secs] 
 (concurrent mode failure): 256512K->145666K(273792K), 0.4563210 secs] 378752K->145666K(396032K), [CMS Perm : 9130K->9130K(21248K)], 0.4563880 secs] [Times: user=0.45 sys=0.00, real=0.45 secs] 
320.010: Total time for which application threads were stopped: 0.4565310 seconds, Stopping threads took: 0.0000750 seconds
320.060: Application time: 0.0509250 seconds
320.061: [GC320.061: [ParNew: 108672K->13568K(122240K), 0.0148890 secs] 254338K->163958K(396032K), 0.0149360 secs] [Times: user=0.11 sys=0.00, real=0.02 secs] 
320.076: Total time for which application threads were stopped: 0.0150990 seconds, Stopping threads took: 0.0000840 seconds
320.119: Application time: 0.0437170 seconds
320.120: [GC320.120: [ParNew: 122240K->13568K(122240K), 0.0313600 secs] 272630K->189877K(396032K), 0.0314070 secs] [Times: user=0.21 sys=0.00, real=0.03 secs] 
320.151: Total time for which application threads were stopped: 0.0316960 seconds, Stopping threads took: 0.0001980 seconds
320.165: Application time: 0.0138240 seconds
320.165: [GC [1 CMS-initial-mark: 176309K(273792K)] 215551K(396032K), 0.0289380 secs] [Times: user=0.03 sys=0.00, real=0.03 secs] 
320.194: Total time for which application threads were stopped: 0.0290870 seconds, Stopping threads took: 0.0000970 seconds
320.194: [CMS-concurrent-mark-start]
320.248: Application time: 0.0542480 seconds
320.248: [GC320.248: [ParNew: 122240K->13568K(122240K), 0.0312790 secs] 298549K->206860K(396032K), 0.0313270 secs] [Times: user=0.22 sys=0.00, real=0.03 secs] 
320.280: Total time for which application threads were stopped: 0.0314880 seconds, Stopping threads took: 0.0000930 seconds
320.340: Application time: 0.0605180 seconds
320.340: [GC320.340: [ParNew: 122240K->13567K(122240K), 0.0331780 secs] 315532K->227287K(396032K), 0.0332220 secs] [Times: user=0.23 sys=0.00, real=0.04 secs] 
320.374: Total time for which application threads were stopped: 0.0333650 seconds, Stopping threads took: 0.0000760 seconds
320.437: Application time: 0.0632950 seconds
320.437: [GC320.437: [ParNew: 122239K->13566K(122240K), 0.0345630 secs] 335959K->249304K(396032K), 0.0346110 secs] [Times: user=0.24 sys=0.00, real=0.03 secs] 
320.472: Total time for which application threads were stopped: 0.0347640 seconds, Stopping threads took: 0.0000820 seconds
320.507: [CMS-concurrent-mark: 0.213/0.313 secs] [Times: user=2.38 sys=0.00, real=0.31 secs] 
320.507: [CMS-concurrent-preclean-start]
320.539: Application time: 0.0675560 seconds
320.539: [GC320.539: [ParNew: 122238K->13567K(122240K), 0.0258070 secs] 357976K->262760K(396032K), 0.0258520 secs] [Times: user=0.18 sys=0.00, real=0.03 secs] 
320.565: Total time for which application threads were stopped: 0.0260150 seconds, Stopping threads took: 0.0000950 seconds
320.605: Application time: 0.0393350 seconds
320.605: [GC320.605: [ParNew: 122239K->122239K(122240K), 0.0000190 secs]320.605: [CMS320.746: [CMS-concurrent-preclean: 0.212/0.239 secs] [Times: user=0.91 sys=0.00, real=0.24 secs] 
 (concurrent mode failure): 249193K->129291K(273792K), 0.4303230 secs] 371432K->129291K(396032K), [CMS Perm : 9130K->9130K(21248K)], 0.4304010 secs] [Times: user=0.43 sys=0.00, real=0.44 secs] 
321.035: Total time for which application threads were stopped: 0.4305870 seconds, Stopping threads took: 0.0000960 seconds
321.086: Application time: 0.0507670 seconds
321.086: [GC321.086: [ParNew: 108672K->13568K(122240K), 0.0281330 secs] 237963K->160531K(396032K), 0.0281890 secs] [Times: user=0.19 sys=0.00, real=0.03 secs] 
321.114: Total time for which application threads were stopped: 0.0283480 seconds, Stopping threads took: 0.0000750 seconds
321.160: Application time: 0.0456210 seconds
321.160: [GC321.160: [ParNew: 122182K->13568K(122240K), 0.0317290 secs] 269146K->181327K(396032K), 0.0317800 secs] [Times: user=0.22 sys=0.00, real=0.03 secs] 
321.192: Total time for which application threads were stopped: 0.0319830 seconds, Stopping threads took: 0.0001170 seconds
321.192: Application time: 0.0001450 seconds
321.192: [GC [1 CMS-initial-mark: 167759K(273792K)] 182860K(396032K), 0.0114540 secs] [Times: user=0.01 sys=0.00, real=0.01 secs] 
321.204: Total time for which application threads were stopped: 0.0116450 seconds, Stopping threads took: 0.0001450 seconds
321.204: [CMS-concurrent-mark-start]
321.262: Application time: 0.0587290 seconds
321.265: [GC321.265: [ParNew: 122240K->13568K(122240K), 0.0341490 secs] 289999K->203973K(396032K), 0.0341970 secs] [Times: user=0.24 sys=0.00, real=0.03 secs] 
321.299: Total time for which application threads were stopped: 0.0367910 seconds, Stopping threads took: 0.0025240 seconds
321.368: Application time: 0.0685900 seconds
321.368: [GC321.368: [ParNew: 122240K->13568K(122240K), 0.0268610 secs] 312645K->217953K(396032K), 0.0269080 secs] [Times: user=0.19 sys=0.00, real=0.03 secs] 
321.395: Total time for which application threads were stopped: 0.0270710 seconds, Stopping threads took: 0.0000930 seconds
321.450: Application time: 0.0548100 seconds
321.450: [GC321.450: [ParNew: 122240K->13568K(122240K), 0.0338990 secs] 326625K->240569K(396032K), 0.0339480 secs] [Times: user=0.23 sys=0.00, real=0.03 secs] 
321.484: Total time for which application threads were stopped: 0.0340770 seconds, Stopping threads took: 0.0000590 seconds
321.518: [CMS-concurrent-mark: 0.216/0.314 secs] [Times: user=2.39 sys=0.01, real=0.32 secs] 
321.518: [CMS-concurrent-preclean-start]
321.546: Application time: 0.0624060 seconds
321.546: [GC321.546: [ParNew: 122240K->13568K(122240K), 0.0299470 secs] 349241K->257982K(396032K), 0.0299970 secs] [Times: user=0.21 sys=0.00, real=0.03 secs] 
321.576: Total time for which application threads were stopped: 0.0301660 seconds, Stopping threads took: 0.0000960 seconds
321.625: Application time: 0.0484320 seconds
321.625: [GC321.625: [ParNew: 122240K->13568K(122240K), 0.0338830 secs] 366654K->280029K(396032K), 0.0339310 secs] [Times: user=0.23 sys=0.00, real=0.03 secs] 
321.659: Total time for which application threads were stopped: 0.0340910 seconds, Stopping threads took: 0.0000870 seconds
321.720: Application time: 0.0607480 seconds
321.720: [GC321.720: [ParNew: 122240K->122240K(122240K), 0.0000130 secs]321.720: [CMS321.856: [CMS-concurrent-preclean: 0.272/0.338 secs] [Times: user=1.66 sys=0.03, real=0.34 secs] 
 (concurrent mode failure): 266461K->125266K(273792K), 0.4388310 secs] 388701K->125266K(396032K), [CMS Perm : 9130K->9130K(21248K)], 0.4388980 secs] [Times: user=0.44 sys=0.00, real=0.44 secs] 
322.159: Total time for which application threads were stopped: 0.4390540 seconds, Stopping threads took: 0.0000750 seconds
322.204: Application time: 0.0451600 seconds
322.204: [GC322.204: [ParNew: 108672K->13568K(122240K), 0.0160300 secs] 233938K->147890K(396032K), 0.0160800 secs] [Times: user=0.12 sys=0.00, real=0.02 secs] 
322.220: Total time for which application threads were stopped: 0.0163100 seconds, Stopping threads took: 0.0001600 seconds
322.267: Application time: 0.0465430 seconds
322.267: [GC322.267: [ParNew: 122240K->13568K(122240K), 0.0360100 secs] 256562K->178639K(396032K), 0.0360580 secs] [Times: user=0.24 sys=0.00, real=0.03 secs] 
322.303: Total time for which application threads were stopped: 0.0362950 seconds, Stopping threads took: 0.0001350 seconds
322.305: Application time: 0.0018600 seconds
322.305: [GC [1 CMS-initial-mark: 165071K(273792K)] 181219K(396032K), 0.0124730 secs] [Times: user=0.02 sys=0.00, real=0.01 secs] 
322.317: Total time for which application threads were stopped: 0.0125790 seconds, Stopping threads took: 0.0000580 seconds
322.317: [CMS-concurrent-mark-start]
322.369: Application time: 0.0512950 seconds
322.369: [GC322.369: [ParNew: 122240K->13568K(122240K), 0.0394680 secs] 287311K->205442K(396032K), 0.0395180 secs] [Times: user=0.27 sys=0.00, real=0.04 secs] 
322.408: Total time for which application threads were stopped: 0.0396670 seconds, Stopping threads took: 0.0000800 seconds
322.475: Application time: 0.0667750 seconds
322.475: [GC322.475: [ParNew: 122240K->13568K(122240K), 0.0299490 secs] 314114K->222429K(396032K), 0.0300000 secs] [Times: user=0.20 sys=0.00, real=0.03 secs] 
322.505: Total time for which application threads were stopped: 0.0301390 seconds, Stopping threads took: 0.0000700 seconds
322.572: Application time: 0.0666760 seconds
322.573: [GC322.573: [ParNew: 122240K->13568K(122240K), 0.0284930 secs] 331101K->238287K(396032K), 0.0285390 secs] [Times: user=0.20 sys=0.00, real=0.02 secs] 
322.601: Total time for which application threads were stopped: 0.0295070 seconds, Stopping threads took: 0.0008980 seconds
322.632: [CMS-concurrent-mark: 0.215/0.315 secs] [Times: user=2.36 sys=0.01, real=0.31 secs] 
322.632: [CMS-concurrent-preclean-start]
322.647: Application time: 0.0453280 seconds
322.647: [GC322.647: [ParNew: 122240K->13568K(122240K), 0.0407360 secs] 346959K->268113K(396032K), 0.0407850 secs] [Times: user=0.28 sys=0.00, real=0.04 secs] 
322.688: Total time for which application threads were stopped: 0.0409610 seconds, Stopping threads took: 0.0001040 seconds
322.751: Application time: 0.0630410 seconds
322.751: [GC322.751: [ParNew: 122240K->122240K(122240K), 0.0000150 secs]322.751: [CMS322.899: [CMS-concurrent-preclean: 0.223/0.267 secs] [Times: user=1.07 sys=0.00, real=0.27 secs] 
 (concurrent mode failure): 254545K->136500K(273792K), 0.4478560 secs] 376785K->136500K(396032K), [CMS Perm : 9130K->9130K(21248K)], 0.4479280 secs] [Times: user=0.45 sys=0.00, real=0.45 secs] 
323.199: Total time for which application threads were stopped: 0.4480570 seconds, Stopping threads took: 0.0000580 seconds
323.248: Application time: 0.0489750 seconds
323.248: [GC323.248: [ParNew: 108672K->13568K(122240K), 0.0152660 secs] 245172K->157141K(396032K), 0.0153120 secs] [Times: user=0.11 sys=0.00, real=0.01 secs] 
323.263: Total time for which application threads were stopped: 0.0154710 seconds, Stopping threads took: 0.0000770 seconds
323.316: Application time: 0.0529100 seconds
323.316: [GC323.316: [ParNew: 122240K->13568K(122240K), 0.0260690 secs] 265813K->174909K(396032K), 0.0261160 secs] [Times: user=0.18 sys=0.01, real=0.02 secs] 
323.343: Total time for which application threads were stopped: 0.0262830 seconds, Stopping threads took: 0.0000870 seconds
323.343: Application time: 0.0001160 seconds
323.343: [GC [1 CMS-initial-mark: 161341K(273792K)] 176410K(396032K), 0.0106960 secs] [Times: user=0.01 sys=0.00, real=0.02 secs] 
323.353: Total time for which application threads were stopped: 0.0108400 seconds, Stopping threads took: 0.0000990 seconds
323.353: [CMS-concurrent-mark-start]
323.401: Application time: 0.0476180 seconds
323.401: [GC323.401: [ParNew: 122240K->13568K(122240K), 0.0348020 secs] 283581K->200648K(396032K), 0.0348510 secs] [Times: user=0.24 sys=0.00, real=0.04 secs] 
323.436: Total time for which application threads were stopped: 0.0350090 seconds, Stopping threads took: 0.0000880 seconds
323.492: Application time: 0.0562350 seconds
323.492: [GC323.492: [ParNew: 122240K->13568K(122240K), 0.0361960 secs] 309320K->225186K(396032K), 0.0362450 secs] [Times: user=0.25 sys=0.00, real=0.04 secs] 
323.529: Total time for which application threads were stopped: 0.0364120 seconds, Stopping threads took: 0.0000950 seconds
323.585: Application time: 0.0559260 seconds
323.585: [GC323.585: [ParNew: 122240K->13568K(122240K), 0.0383160 secs] 333858K->250203K(396032K), 0.0383730 secs] [Times: user=0.26 sys=0.00, real=0.03 secs] 
323.623: Total time for which application threads were stopped: 0.0385200 seconds, Stopping threads took: 0.0000720 seconds
323.694: Application time: 0.0705590 seconds
323.694: [GC323.694: [ParNew: 122240K->13568K(122240K), 0.0266760 secs] 358875K->263483K(396032K), 0.0267250 secs] [Times: user=0.19 sys=0.00, real=0.02 secs] 
323.721: Total time for which application threads were stopped: 0.0268960 seconds, Stopping threads took: 0.0001040 seconds
323.752: [CMS-concurrent-mark: 0.262/0.399 secs] [Times: user=3.01 sys=0.01, real=0.39 secs] 
323.753: [CMS-concurrent-preclean-start]
323.778: Application time: 0.0577700 seconds
323.779: [GC323.779: [ParNew: 122240K->122240K(122240K), 0.0000150 secs]323.779: [CMS323.931: [CMS-concurrent-preclean: 0.177/0.178 secs] [Times: user=0.37 sys=0.00, real=0.18 secs] 
 (concurrent mode failure): 249915K->115647K(273792K), 0.3996560 secs] 372155K->115647K(396032K), [CMS Perm : 9130K->9130K(21248K)], 0.3997250 secs] [Times: user=0.40 sys=0.00, real=0.40 secs] 
324.178: Total time for which application threads were stopped: 0.3998730 seconds, Stopping threads took: 0.0000680 seconds
324.218: Application time: 0.0399340 seconds
324.218: [GC324.218: [ParNew: 108672K->13568K(122240K), 0.0218750 secs] 224319K->145283K(396032K), 0.0219250 secs] [Times: user=0.16 sys=0.00, real=0.02 secs] 
324.240: Total time for which application threads were stopped: 0.0221100 seconds, Stopping threads took: 0.0001130 seconds
324.296: Application time: 0.0557640 seconds
324.296: [GC324.296: [ParNew: 122240K->13568K(122240K), 0.0329380 secs] 253955K->166412K(396032K), 0.0329870 secs] [Times: user=0.24 sys=0.00, real=0.03 secs] 
324.329: Total time for which application threads were stopped: 0.0332100 seconds, Stopping threads took: 0.0001410 seconds
324.341: Application time: 0.0114870 seconds
324.344: [GC [1 CMS-initial-mark: 152844K(273792K)] 188672K(396032K), 0.0267170 secs] [Times: user=0.03 sys=0.00, real=0.03 secs] 
324.371: Total time for which application threads were stopped: 0.0299960 seconds, Stopping threads took: 0.0032250 seconds
324.371: [CMS-concurrent-mark-start]
324.419: Application time: 0.0481770 seconds
324.419: [GC324.419: [ParNew: 122240K->13568K(122240K), 0.0304740 secs] 275084K->183665K(396032K), 0.0305210 secs] [Times: user=0.21 sys=0.00, real=0.03 secs] 
324.450: Total time for which application threads were stopped: 0.0307880 seconds, Stopping threads took: 0.0001980 seconds
324.493: Application time: 0.0434180 seconds
324.493: [GC324.493: [ParNew: 122240K->13568K(122240K), 0.0390380 secs] 292337K->215278K(396032K), 0.0390850 secs] [Times: user=0.26 sys=0.00, real=0.03 secs] 
324.532: Total time for which application threads were stopped: 0.0392680 seconds, Stopping threads took: 0.0001140 seconds
324.591: Application time: 0.0589800 seconds
324.592: [GC324.592: [ParNew: 122240K->13568K(122240K), 0.0371480 secs] 323950K->240075K(396032K), 0.0372160 secs] [Times: user=0.25 sys=0.00, real=0.04 secs] 
324.629: Total time for which application threads were stopped: 0.0373710 seconds, Stopping threads took: 0.0000890 seconds
324.697: Application time: 0.0677250 seconds
324.697: [GC324.697: [ParNew: 122240K->13568K(122240K), 0.0328050 secs] 348747K->257260K(396032K), 0.0328550 secs] [Times: user=0.23 sys=0.00, real=0.03 secs] 
324.730: Total time for which application threads were stopped: 0.0329920 seconds, Stopping threads took: 0.0000680 seconds
324.735: [CMS-concurrent-mark: 0.223/0.364 secs] [Times: user=2.73 sys=0.01, real=0.37 secs] 
324.735: [CMS-concurrent-preclean-start]
324.780: Application time: 0.0500990 seconds
324.780: [GC324.780: [ParNew: 122240K->13568K(122240K), 0.0328040 secs] 365932K->278505K(396032K), 0.0328540 secs] [Times: user=0.23 sys=0.00, real=0.03 secs] 
324.813: Total time for which application threads were stopped: 0.0330390 seconds, Stopping threads took: 0.0001130 seconds
324.872: Application time: 0.0594450 seconds
324.872: [GC324.872: [ParNew: 122240K->122240K(122240K), 0.0000130 secs]324.872: [CMS325.022: [CMS-concurrent-preclean: 0.252/0.287 secs] [Times: user=1.22 sys=0.00, real=0.28 secs] 
 (concurrent mode failure): 264937K->140131K(273792K), 0.4784320 secs] 387177K->140131K(396032K), [CMS Perm : 9130K->9130K(21248K)], 0.4785080 secs] [Times: user=0.48 sys=0.00, real=0.48 secs] 
325.351: Total time for which application threads were stopped: 0.4786540 seconds, Stopping threads took: 0.0000630 seconds
325.406: Application time: 0.0551220 seconds
325.409: [GC325.409: [ParNew: 108672K->13568K(122240K), 0.0102310 secs] 248803K->153840K(396032K), 0.0102780 secs] [Times: user=0.08 sys=0.00, real=0.01 secs] 
325.419: Total time for which application threads were stopped: 0.0133790 seconds, Stopping threads took: 0.0030060 seconds
325.468: Application time: 0.0489120 seconds
325.468: [GC325.468: [ParNew: 122240K->13568K(122240K), 0.0274440 secs] 262512K->175729K(396032K), 0.0274920 secs] [Times: user=0.19 sys=0.00, real=0.03 secs] 
325.496: Total time for which application threads were stopped: 0.0277340 seconds, Stopping threads took: 0.0001690 seconds
325.505: Application time: 0.0089060 seconds
325.506: [GC [1 CMS-initial-mark: 162161K(273792K)] 195780K(396032K), 0.0244490 secs] [Times: user=0.03 sys=0.00, real=0.02 secs] 
325.531: Total time for which application threads were stopped: 0.0258410 seconds, Stopping threads took: 0.0013390 seconds
325.531: [CMS-concurrent-mark-start]
325.576: Application time: 0.0454180 seconds
325.576: [GC325.576: [ParNew: 122240K->13568K(122240K), 0.0338620 secs] 284401K->198329K(396032K), 0.0339090 secs] [Times: user=0.23 sys=0.00, real=0.03 secs] 
325.610: Total time for which application threads were stopped: 0.0340190 seconds, Stopping threads took: 0.0000370 seconds
325.659: Application time: 0.0484230 seconds
325.659: [GC325.659: [ParNew: 122188K->13568K(122240K), 0.0392030 secs] 306949K->227794K(396032K), 0.0392470 secs] [Times: user=0.27 sys=0.00, real=0.04 secs] 
325.698: Total time for which application threads were stopped: 0.0393900 seconds, Stopping threads took: 0.0000740 seconds
325.747: Application time: 0.0493080 seconds
325.747: [GC325.747: [ParNew: 122240K->13568K(122240K), 0.0410340 secs] 336466K->256806K(396032K), 0.0410840 secs] [Times: user=0.28 sys=0.00, real=0.04 secs] 
325.789: Total time for which application threads were stopped: 0.0412270 seconds, Stopping threads took: 0.0000740 seconds
325.853: Application time: 0.0649320 seconds
325.854: [GC325.854: [ParNew: 122240K->122240K(122240K), 0.0000150 secs]325.854: [CMS325.875: [CMS-concurrent-mark: 0.228/0.344 secs] [Times: user=2.48 sys=0.00, real=0.35 secs] 
 (concurrent mode failure): 243238K->132387K(273792K), 0.3026750 secs] 365478K->132387K(396032K), [CMS Perm : 9130K->9130K(21248K)], 0.3027520 secs] [Times: user=0.32 sys=0.00, real=0.30 secs] 
326.158: Total time for which application threads were stopped: 0.3044130 seconds, Stopping threads took: 0.0000470 seconds
326.198: Application time: 0.0399250 seconds
326.198: [GC326.198: [ParNew: 108672K->13568K(122240K), 0.0209230 secs] 241059K->161156K(396032K), 0.0209740 secs] [Times: user=0.15 sys=0.00, real=0.02 secs] 
326.219: Total time for which application threads were stopped: 0.0212900 seconds, Stopping threads took: 0.0002120 seconds
326.273: Application time: 0.0538620 seconds
326.273: [GC326.273: [ParNew: 122240K->13568K(122240K), 0.0341670 secs] 269828K->184976K(396032K), 0.0342170 secs] [Times: user=0.24 sys=0.00, real=0.03 secs] 
326.307: Total time for which application threads were stopped: 0.0344660 seconds, Stopping threads took: 0.0001790 seconds
326.308: Application time: 0.0001870 seconds
326.308: [GC [1 CMS-initial-mark: 171408K(273792K)] 186617K(396032K), 0.0125470 secs] [Times: user=0.02 sys=0.00, real=0.01 secs] 
326.320: Total time for which application threads were stopped: 0.0126540 seconds, Stopping threads took: 0.0000660 seconds
326.320: [CMS-concurrent-mark-start]
326.389: Application time: 0.0690190 seconds
326.389: [GC326.389: [ParNew: 122240K->13564K(122240K), 0.0258130 secs] 293648K->198018K(396032K), 0.0258710 secs] [Times: user=0.18 sys=0.00, real=0.03 secs] 
326.415: Total time for which application threads were stopped: 0.0260640 seconds, Stopping threads took: 0.0001030 seconds
326.481: Application time: 0.0658530 seconds
326.481: [GC326.481: [ParNew: 122236K->13568K(122240K), 0.0221970 secs] 306690K->207647K(396032K), 0.0222470 secs] [Times: user=0.16 sys=0.00, real=0.02 secs] 
326.504: Total time for which application threads were stopped: 0.0224160 seconds, Stopping threads took: 0.0000970 seconds
326.552: Application time: 0.0481520 seconds
326.552: [GC326.552: [ParNew: 122240K->13568K(122240K), 0.0389480 secs] 316319K->237399K(396032K), 0.0389950 secs] [Times: user=0.27 sys=0.00, real=0.04 secs] 
326.591: Total time for which application threads were stopped: 0.0391210 seconds, Stopping threads took: 0.0000590 seconds
326.642: [CMS-concurrent-mark: 0.234/0.322 secs] [Times: user=2.47 sys=0.00, real=0.32 secs] 
326.642: [CMS-concurrent-preclean-start]
326.652: Application time: 0.0615850 seconds
326.653: [GC326.653: [ParNew: 122240K->13568K(122240K), 0.0359370 secs] 346071K->259847K(396032K), 0.0359880 secs] [Times: user=0.25 sys=0.00, real=0.04 secs] 
326.689: Total time for which application threads were stopped: 0.0361630 seconds, Stopping threads took: 0.0001060 seconds
326.748: Application time: 0.0598550 seconds
326.749: [GC326.749: [ParNew: 122206K->122206K(122240K), 0.0000150 secs]326.749: [CMS326.889: [CMS-concurrent-preclean: 0.209/0.247 secs] [Times: user=0.96 sys=0.00, real=0.25 secs] 
 (concurrent mode failure): 246279K->116130K(273792K), 0.4087160 secs] 368486K->116130K(396032K), [CMS Perm : 9130K->9130K(21248K)], 0.4087880 secs] [Times: user=0.41 sys=0.00, real=0.41 secs] 
327.157: Total time for which application threads were stopped: 0.4089570 seconds, Stopping threads took: 0.0000860 seconds
327.201: Application time: 0.0433760 seconds
327.201: [GC327.201: [ParNew: 108672K->13568K(122240K), 0.0187790 secs] 224802K->141811K(396032K), 0.0188300 secs] [Times: user=0.13 sys=0.00, real=0.02 secs] 
327.220: Total time for which application threads were stopped: 0.0191390 seconds, Stopping threads took: 0.0002390 seconds
327.260: Application time: 0.0403070 seconds
327.260: [GC327.260: [ParNew: 122240K->13568K(122240K), 0.0414290 secs] 250483K->179766K(396032K), 0.0414760 secs] [Times: user=0.28 sys=0.00, real=0.04 secs] 
327.302: Total time for which application threads were stopped: 0.0416590 seconds, Stopping threads took: 0.0000990 seconds
327.302: Application time: 0.0000590 seconds
327.302: [GC [1 CMS-initial-mark: 166198K(273792K)] 180940K(396032K), 0.0127270 secs] [Times: user=0.01 sys=0.00, real=0.02 secs] 
327.315: Total time for which application threads were stopped: 0.0128290 seconds, Stopping threads took: 0.0000630 seconds
327.315: [CMS-concurrent-mark-start]
327.360: Application time: 0.0456450 seconds
327.361: [GC327.361: [ParNew: 122240K->13568K(122240K), 0.0367400 secs] 288438K->204488K(396032K), 0.0367900 secs] [Times: user=0.25 sys=0.00, real=0.04 secs] 
327.397: Total time for which application threads were stopped: 0.0369440 seconds, Stopping threads took: 0.0000840 seconds
327.470: Application time: 0.0728780 seconds
327.470: [GC327.470: [ParNew: 122240K->13568K(122240K), 0.0312560 secs] 313160K->220477K(396032K), 0.0313040 secs] [Times: user=0.22 sys=0.00, real=0.03 secs] 
327.502: Total time for which application threads were stopped: 0.0314580 seconds, Stopping threads took: 0.0000850 seconds
327.566: Application time: 0.0640520 seconds
327.566: [GC327.566: [ParNew: 122240K->13568K(122240K), 0.0276180 secs] 329149K->234187K(396032K), 0.0276660 secs] [Times: user=0.20 sys=0.00, real=0.03 secs] 
327.594: Total time for which application threads were stopped: 0.0278310 seconds, Stopping threads took: 0.0000950 seconds
327.650: Application time: 0.0566650 seconds
327.650: [GC327.651: [ParNew: 122240K->13568K(122240K), 0.0322520 secs] 342859K->254576K(396032K), 0.0322980 secs] [Times: user=0.22 sys=0.00, real=0.03 secs] 
327.683: Total time for which application threads were stopped: 0.0324810 seconds, Stopping threads took: 0.0001130 seconds
327.737: Application time: 0.0546560 seconds
327.738: [GC327.738: [ParNew: 122240K->13568K(122240K), 0.0373790 secs] 363248K->280223K(396032K), 0.0374330 secs] [Times: user=0.25 sys=0.00, real=0.04 secs] 
327.775: Total time for which application threads were stopped: 0.0375100 seconds, Stopping threads took: 0.0000120 seconds
327.778: [CMS-concurrent-mark: 0.297/0.464 secs] [Times: user=3.52 sys=0.00, real=0.46 secs] 
327.778: [CMS-concurrent-preclean-start]
327.835: Application time: 0.0603640 seconds
327.836: [GC327.836: [ParNew: 122240K->122240K(122240K), 0.0000140 secs]327.836: [CMS328.010: [CMS-concurrent-preclean: 0.229/0.231 secs] [Times: user=0.64 sys=0.00, real=0.23 secs] 
 (concurrent mode failure): 266655K->128221K(273792K), 0.4692810 secs] 388895K->128221K(396032K), [CMS Perm : 9130K->9130K(21248K)], 0.4693520 secs] [Times: user=0.47 sys=0.00, real=0.47 secs] 
328.305: Total time for which application threads were stopped: 0.4695590 seconds, Stopping threads took: 0.0001220 seconds
328.351: Application time: 0.0464090 seconds
328.351: [GC328.352: [ParNew: 108672K->13568K(122240K), 0.0164370 secs] 236893K->150844K(396032K), 0.0164850 secs] [Times: user=0.12 sys=0.00, real=0.02 secs] 
328.368: Total time for which application threads were stopped: 0.0166770 seconds, Stopping threads took: 0.0001130 seconds
328.411: Application time: 0.0426760 seconds
328.411: [GC328.411: [ParNew: 122240K->13568K(122240K), 0.0371370 secs] 259516K->183493K(396032K), 0.0371860 secs] [Times: user=0.25 sys=0.00, real=0.04 secs] 
328.448: Total time for which application threads were stopped: 0.0374190 seconds, Stopping threads took: 0.0001380 seconds
328.457: Application time: 0.0087740 seconds
328.457: [GC [1 CMS-initial-mark: 169925K(273792K)] 207018K(396032K), 0.0222850 secs] [Times: user=0.03 sys=0.00, real=0.02 secs] 
328.479: Total time for which application threads were stopped: 0.0225110 seconds, Stopping threads took: 0.0001710 seconds
328.479: [CMS-concurrent-mark-start]
328.525: Application time: 0.0455580 seconds
328.525: [GC328.525: [ParNew: 122240K->13568K(122240K), 0.0363600 secs] 292165K->207228K(396032K), 0.0364110 secs] [Times: user=0.25 sys=0.00, real=0.03 secs] 
328.562: Total time for which application threads were stopped: 0.0366650 seconds, Stopping threads took: 0.0001600 seconds
328.621: Application time: 0.0589600 seconds
328.621: [GC328.621: [ParNew: 122240K->13568K(122240K), 0.0368850 secs] 315900K->230093K(396032K), 0.0369320 secs] [Times: user=0.26 sys=0.00, real=0.04 secs] 
328.658: Total time for which application threads were stopped: 0.0370840 seconds, Stopping threads took: 0.0000820 seconds
328.732: Application time: 0.0738670 seconds
328.732: [GC328.732: [ParNew: 122240K->13568K(122240K), 0.0277870 secs] 338765K->243163K(396032K), 0.0278340 secs] [Times: user=0.20 sys=0.00, real=0.03 secs] 
328.760: Total time for which application threads were stopped: 0.0279780 seconds, Stopping threads took: 0.0000720 seconds
328.796: [CMS-concurrent-mark: 0.214/0.316 secs] [Times: user=2.41 sys=0.00, real=0.32 secs] 
328.796: [CMS-concurrent-preclean-start]
328.812: Application time: 0.0522890 seconds
328.812: [GC328.812: [ParNew: 122240K->13568K(122240K), 0.0322760 secs] 351835K->264433K(396032K), 0.0323250 secs] [Times: user=0.22 sys=0.00, real=0.03 secs] 
328.844: Total time for which application threads were stopped: 0.0325080 seconds, Stopping threads took: 0.0001140 seconds
328.893: Application time: 0.0487280 seconds
328.893: [GC328.893: [ParNew: 122240K->122240K(122240K), 0.0000150 secs]328.893: [CMS329.043: [CMS-concurrent-preclean: 0.213/0.247 secs] [Times: user=0.90 sys=0.00, real=0.24 secs] 
 (concurrent mode failure): 250865K->140667K(273792K), 0.4536180 secs] 373105K->140667K(396032K), [CMS Perm : 9130K->9130K(21248K)], 0.4536900 secs] [Times: user=0.46 sys=0.00, real=0.45 secs] 
329.347: Total time for which application threads were stopped: 0.4538450 seconds, Stopping threads took: 0.0000730 seconds
329.401: Application time: 0.0544380 seconds
329.401: [GC329.402: [ParNew: 108672K->13568K(122240K), 0.0174290 secs] 249339K->159919K(396032K), 0.0174860 secs] [Times: user=0.13 sys=0.00, real=0.02 secs] 
329.419: Total time for which application threads were stopped: 0.0176730 seconds, Stopping threads took: 0.0001080 seconds
329.469: Application time: 0.0498520 seconds
329.469: [GC329.469: [ParNew: 122240K->13568K(122240K), 0.0273960 secs] 268591K->179078K(396032K), 0.0274470 secs] [Times: user=0.19 sys=0.00, real=0.03 secs] 
329.496: Total time for which application threads were stopped: 0.0276180 seconds, Stopping threads took: 0.0001010 seconds
329.497: Application time: 0.0001280 seconds
329.497: [GC [1 CMS-initial-mark: 165510K(273792K)] 180823K(396032K), 0.0103450 secs] [Times: user=0.01 sys=0.00, real=0.01 secs] 
329.507: Total time for which application threads were stopped: 0.0104820 seconds, Stopping threads took: 0.0000930 seconds
329.507: [CMS-concurrent-mark-start]
329.563: Application time: 0.0562980 seconds
329.564: [GC329.564: [ParNew: 122240K->13568K(122240K), 0.0321740 secs] 287750K->201521K(396032K), 0.0322210 secs] [Times: user=0.22 sys=0.00, real=0.04 secs] 
329.596: Total time for which application threads were stopped: 0.0323990 seconds, Stopping threads took: 0.0001020 seconds
329.654: Application time: 0.0579010 seconds
329.654: [GC329.654: [ParNew: 122240K->13568K(122240K), 0.0351550 secs] 310193K->224560K(396032K), 0.0351970 secs] [Times: user=0.24 sys=0.00, real=0.03 secs] 
329.689: Total time for which application threads were stopped: 0.0353260 seconds, Stopping threads took: 0.0000620 seconds
329.737: Application time: 0.0475590 seconds
329.737: [GC329.737: [ParNew: 122240K->13566K(122240K), 0.0388000 secs] 333232K->251752K(396032K), 0.0388480 secs] [Times: user=0.26 sys=0.00, real=0.04 secs] 
329.776: Total time for which application threads were stopped: 0.0389940 seconds, Stopping threads took: 0.0000730 seconds
329.833: Application time: 0.0573970 seconds
329.833: [GC329.833: [ParNew: 122111K->13566K(122240K), 0.0336890 secs] 360296K->272651K(396032K), 0.0337370 secs] [Times: user=0.24 sys=0.00, real=0.03 secs] 
329.867: Total time for which application threads were stopped: 0.0339410 seconds, Stopping threads took: 0.0001330 seconds
329.931: Application time: 0.0638740 seconds
329.932: [GC329.932: [ParNew: 122238K->122238K(122240K), 0.0000120 secs]329.932: [CMS329.943: [CMS-concurrent-mark: 0.294/0.436 secs] [Times: user=3.24 sys=0.01, real=0.43 secs] 
 (concurrent mode failure): 259084K->127161K(273792K), 0.2862760 secs] 381323K->127161K(396032K), [CMS Perm : 9130K->9130K(21248K)], 0.2863440 secs] [Times: user=0.29 sys=0.00, real=0.29 secs] 
330.218: Total time for which application threads were stopped: 0.2875130 seconds, Stopping threads took: 0.0010910 seconds
330.263: Application time: 0.0448710 seconds
330.263: [GC330.263: [ParNew: 108672K->13566K(122240K), 0.0182800 secs] 235833K->151446K(396032K), 0.0183260 secs] [Times: user=0.13 sys=0.00, real=0.02 secs] 
330.282: Total time for which application threads were stopped: 0.0185950 seconds, Stopping threads took: 0.0001790 seconds
330.339: Application time: 0.0574600 seconds
330.339: [GC330.339: [ParNew: 122238K->13566K(122240K), 0.0280320 secs] 260118K->168317K(396032K), 0.0280790 secs] [Times: user=0.20 sys=0.00, real=0.03 secs] 
330.368: Total time for which application threads were stopped: 0.0282410 seconds, Stopping threads took: 0.0000920 seconds
330.370: Application time: 0.0022840 seconds
330.370: [GC [1 CMS-initial-mark: 154751K(273792K)] 171906K(396032K), 0.0151890 secs] [Times: user=0.01 sys=0.00, real=0.02 secs] 
330.385: Total time for which application threads were stopped: 0.0153420 seconds, Stopping threads took: 0.0001030 seconds
330.385: [CMS-concurrent-mark-start]
330.448: Application time: 0.0632160 seconds
330.448: [GC330.448: [ParNew: 122238K->13568K(122240K), 0.0281510 secs] 276989K->184791K(396032K), 0.0281990 secs] [Times: user=0.20 sys=0.00, real=0.03 secs] 
330.477: Total time for which application threads were stopped: 0.0283570 seconds, Stopping threads took: 0.0000780 seconds
330.530: Application time: 0.0532810 seconds
330.530: [GC330.530: [ParNew: 122240K->13568K(122240K), 0.0371430 secs] 293463K->212014K(396032K), 0.0372000 secs] [Times: user=0.26 sys=0.00, real=0.04 secs] 
330.567: Total time for which application threads were stopped: 0.0373620 seconds, Stopping threads took: 0.0000930 seconds
330.621: Application time: 0.0540980 seconds
330.622: [GC330.622: [ParNew: 122240K->13568K(122240K), 0.0360050 secs] 320686K->235725K(396032K), 0.0360530 secs] [Times: user=0.25 sys=0.00, real=0.04 secs] 
330.658: Total time for which application threads were stopped: 0.0361960 seconds, Stopping threads took: 0.0000720 seconds
330.705: Application time: 0.0472220 seconds
330.705: [GC330.705: [ParNew: 122240K->13568K(122240K), 0.0419470 secs] 344397K->267548K(396032K), 0.0419950 secs] [Times: user=0.29 sys=0.00, real=0.04 secs] 
330.747: Total time for which application threads were stopped: 0.0421740 seconds, Stopping threads took: 0.0001120 seconds
330.752: [CMS-concurrent-mark: 0.223/0.367 secs] [Times: user=2.75 sys=0.01, real=0.36 secs] 
330.752: [CMS-concurrent-preclean-start]
330.799: Application time: 0.0523560 seconds
330.800: [GC330.800: [ParNew: 122240K->122240K(122240K), 0.0000130 secs]330.800: [CMS330.956: [CMS-concurrent-preclean: 0.201/0.204 secs] [Times: user=0.54 sys=0.00, real=0.21 secs] 
 (concurrent mode failure): 253980K->145948K(273792K), 0.4651870 secs] 376220K->145948K(396032K), [CMS Perm : 9130K->9130K(21248K)], 0.4652630 secs] [Times: user=0.46 sys=0.00, real=0.47 secs] 
331.265: Total time for which application threads were stopped: 0.4654010 seconds, Stopping threads took: 0.0000660 seconds
331.316: Application time: 0.0512460 seconds
331.316: [GC331.316: [ParNew: 108672K->13568K(122240K), 0.0148950 secs] 254620K->165058K(396032K), 0.0149450 secs] [Times: user=0.12 sys=0.00, real=0.01 secs] 
331.331: Total time for which application threads were stopped: 0.0151400 seconds, Stopping threads took: 0.0001180 seconds
331.386: Application time: 0.0550260 seconds
331.389: [GC331.389: [ParNew: 122240K->13568K(122240K), 0.0270990 secs] 273730K->183345K(396032K), 0.0271470 secs] [Times: user=0.19 sys=0.00, real=0.03 secs] 
331.416: Total time for which application threads were stopped: 0.0298550 seconds, Stopping threads took: 0.0026150 seconds
331.416: Application time: 0.0000450 seconds
331.416: [GC [1 CMS-initial-mark: 169777K(273792K)] 184053K(396032K), 0.0103230 secs] [Times: user=0.01 sys=0.00, real=0.01 secs] 
331.427: Total time for which application threads were stopped: 0.0104350 seconds, Stopping threads took: 0.0000680 seconds
331.427: [CMS-concurrent-mark-start]
331.494: Application time: 0.0673580 seconds
331.494: [GC331.494: [ParNew: 122240K->13568K(122240K), 0.0243620 secs] 292017K->195930K(396032K), 0.0244060 secs] [Times: user=0.17 sys=0.00, real=0.02 secs] 
331.518: Total time for which application threads were stopped: 0.0245410 seconds, Stopping threads took: 0.0000660 seconds
331.573: Application time: 0.0541730 seconds
331.573: [GC331.573: [ParNew: 122240K->13568K(122240K), 0.0315650 secs] 304602K->216706K(396032K), 0.0316120 secs] [Times: user=0.22 sys=0.00, real=0.02 secs] 
331.604: Total time for which application threads were stopped: 0.0318110 seconds, Stopping threads took: 0.0001280 seconds
331.664: Application time: 0.0590840 seconds
331.664: [GC331.664: [ParNew: 122240K->13568K(122240K), 0.0304660 secs] 325378K->235697K(396032K), 0.0305170 secs] [Times: user=0.21 sys=0.00, real=0.04 secs] 
331.694: Total time for which application threads were stopped: 0.0306830 seconds, Stopping threads took: 0.0000960 seconds
331.738: [CMS-concurrent-mark: 0.224/0.311 secs] [Times: user=2.38 sys=0.01, real=0.31 secs] 
331.738: [CMS-concurrent-preclean-start]
331.747: Application time: 0.0525010 seconds
331.747: [GC331.747: [ParNew: 122240K->13568K(122240K), 0.0358070 secs] 344369K->261497K(396032K), 0.0358600 secs] [Times: user=0.25 sys=0.00, real=0.03 secs] 
331.783: Total time for which application threads were stopped: 0.0360120 seconds, Stopping threads took: 0.0000780 seconds
331.828: Application time: 0.0455240 seconds
331.828: [GC331.828: [ParNew: 122209K->122209K(122240K), 0.0000120 secs]331.828: [CMS331.969: [CMS-concurrent-preclean: 0.193/0.231 secs] [Times: user=0.83 sys=0.00, real=0.23 secs] 
 (concurrent mode failure): 247929K->135479K(273792K), 0.4279760 secs] 370139K->135479K(396032K), [CMS Perm : 9130K->9130K(21248K)], 0.4280540 secs] [Times: user=0.43 sys=0.00, real=0.43 secs] 
332.256: Total time for which application threads were stopped: 0.4282130 seconds, Stopping threads took: 0.0000700 seconds
332.303: Application time: 0.0463630 seconds
332.303: [GC332.303: [ParNew: 108672K->13568K(122240K), 0.0207810 secs] 244151K->161402K(396032K), 0.0208310 secs] [Times: user=0.15 sys=0.00, real=0.02 secs] 
332.324: Total time for which application threads were stopped: 0.0210440 seconds, Stopping threads took: 0.0001410 seconds
332.366: Application time: 0.0424720 seconds
332.367: [GC332.367: [ParNew: 122240K->13568K(122240K), 0.0370010 secs] 270074K->191398K(396032K), 0.0370500 secs] [Times: user=0.25 sys=0.00, real=0.03 secs] 
332.404: Total time for which application threads were stopped: 0.0373330 seconds, Stopping threads took: 0.0001780 seconds
332.413: Application time: 0.0091120 seconds
332.413: [GC [1 CMS-initial-mark: 177830K(273792K)] 212444K(396032K), 0.0222070 secs] [Times: user=0.02 sys=0.00, real=0.02 secs] 
332.435: Total time for which application threads were stopped: 0.0224470 seconds, Stopping threads took: 0.0001870 seconds
332.435: [CMS-concurrent-mark-start]
332.494: Application time: 0.0589140 seconds
332.494: [GC332.494: [ParNew: 122240K->13568K(122240K), 0.0322020 secs] 300070K->208614K(396032K), 0.0322500 secs] [Times: user=0.22 sys=0.00, real=0.03 secs] 
332.527: Total time for which application threads were stopped: 0.0324190 seconds, Stopping threads took: 0.0001010 seconds
332.596: Application time: 0.0698830 seconds
332.597: [GC332.597: [ParNew: 122240K->13568K(122240K), 0.0264690 secs] 317286K->222332K(396032K), 0.0265180 secs] [Times: user=0.19 sys=0.00, real=0.02 secs] 
332.623: Total time for which application threads were stopped: 0.0266530 seconds, Stopping threads took: 0.0000640 seconds
332.687: [CMS-concurrent-mark: 0.192/0.251 secs] [Times: user=1.95 sys=0.00, real=0.25 secs] 
332.687: [CMS-concurrent-preclean-start]
332.688: Application time: 0.0653350 seconds
332.689: [GC332.689: [ParNew: 122240K->13568K(122240K), 0.0304650 secs] 331004K->239768K(396032K), 0.0305120 secs] [Times: user=0.22 sys=0.00, real=0.03 secs] 
332.719: Total time for which application threads were stopped: 0.0306730 seconds, Stopping threads took: 0.0000910 seconds
332.768: Application time: 0.0490590 seconds
332.768: [GC332.768: [ParNew: 122240K->13568K(122240K), 0.0317200 secs] 348440K->260142K(396032K), 0.0317710 secs] [Times: user=0.22 sys=0.00, real=0.03 secs] 
332.800: Total time for which application threads were stopped: 0.0319310 seconds, Stopping threads took: 0.0000900 seconds
332.844: Application time: 0.0435400 seconds
332.844: [GC332.844: [ParNew (promotion failed): 122240K->122240K(122240K), 1.4611020 secs]334.305: [CMS334.446: [CMS-concurrent-preclean: 0.234/1.759 secs] [Times: user=3.55 sys=0.24, real=1.76 secs] 
 (concurrent mode failure): 270870K->136329K(273792K), 0.4276540 secs] 368814K->136329K(396032K), [CMS Perm : 9130K->9130K(21248K)], 1.8888290 secs] [Times: user=2.64 sys=0.23, real=1.89 secs] 
334.733: Total time for which application threads were stopped: 1.8889720 seconds, Stopping threads took: 0.0000740 seconds
334.784: Application time: 0.0510120 seconds
334.784: [GC334.784: [ParNew: 108672K->13568K(122240K), 0.0206570 secs] 245001K->160838K(396032K), 0.0207050 secs] [Times: user=0.16 sys=0.00, real=0.02 secs] 
334.805: Total time for which application threads were stopped: 0.0209200 seconds, Stopping threads took: 0.0001100 seconds
334.857: Application time: 0.0518930 seconds
334.857: [GC334.857: [ParNew: 122240K->13568K(122240K), 0.0311850 secs] 269510K->180929K(396032K), 0.0312450 secs] [Times: user=0.22 sys=0.00, real=0.03 secs] 
334.888: Total time for which application threads were stopped: 0.0314020 seconds, Stopping threads took: 0.0000860 seconds
334.937: Application time: 0.0490110 seconds
334.941: [GC334.941: [ParNew: 122240K->13568K(122240K), 0.0282580 secs] 289601K->199092K(396032K), 0.0283050 secs] [Times: user=0.20 sys=0.00, real=0.03 secs] 
334.969: Total time for which application threads were stopped: 0.0324690 seconds, Stopping threads took: 0.0040750 seconds
334.970: Application time: 0.0001380 seconds
334.970: [GC [1 CMS-initial-mark: 185524K(273792K)] 200054K(396032K), 0.0107380 secs] [Times: user=0.01 sys=0.00, real=0.01 secs] 
334.980: Total time for which application threads were stopped: 0.0108760 seconds, Stopping threads took: 0.0000940 seconds
334.980: [CMS-concurrent-mark-start]
335.033: Application time: 0.0521700 seconds
335.033: [GC335.033: [ParNew: 122240K->13568K(122240K), 0.0384260 secs] 307764K->227271K(396032K), 0.0384760 secs] [Times: user=0.26 sys=0.00, real=0.04 secs] 
335.071: Total time for which application threads were stopped: 0.0386560 seconds, Stopping threads took: 0.0001090 seconds
335.137: Application time: 0.0653130 seconds
335.137: [GC335.137: [ParNew: 122240K->13568K(122240K), 0.0358380 secs] 335943K->248081K(396032K), 0.0358860 secs] [Times: user=0.25 sys=0.00, real=0.03 secs] 
335.173: Total time for which application threads were stopped: 0.0360320 seconds, Stopping threads took: 0.0000750 seconds
335.245: Application time: 0.0719610 seconds
335.245: [GC335.245: [ParNew: 122240K->13568K(122240K), 0.0259810 secs] 356753K->261569K(396032K), 0.0260240 secs] [Times: user=0.18 sys=0.00, real=0.03 secs] 
335.271: Total time for which application threads were stopped: 0.0261620 seconds, Stopping threads took: 0.0000720 seconds
335.274: [CMS-concurrent-mark: 0.193/0.294 secs] [Times: user=2.22 sys=0.01, real=0.30 secs] 
335.274: [CMS-concurrent-preclean-start]
335.328: Application time: 0.0573910 seconds
335.328: [GC335.328: [ParNew: 122240K->122240K(122240K), 0.0000120 secs]335.328: [CMS335.436: [CMS-concurrent-preclean: 0.160/0.162 secs] [Times: user=0.55 sys=0.00, real=0.16 secs] 
 (concurrent mode failure): 248001K->121412K(273792K), 0.3877480 secs] 370241K->121412K(396032K), [CMS Perm : 9130K->9130K(21248K)], 0.3878160 secs] [Times: user=0.39 sys=0.00, real=0.39 secs] 
335.716: Total time for which application threads were stopped: 0.3879890 seconds, Stopping threads took: 0.0000900 seconds
335.758: Application time: 0.0417080 seconds
335.758: [GC335.758: [ParNew: 108672K->13568K(122240K), 0.0185340 secs] 230084K->147346K(396032K), 0.0185850 secs] [Times: user=0.13 sys=0.00, real=0.02 secs] 
335.777: Total time for which application threads were stopped: 0.0187540 seconds, Stopping threads took: 0.0000980 seconds
335.821: Application time: 0.0441710 seconds
335.821: [GC335.821: [ParNew: 122240K->13568K(122240K), 0.0377600 secs] 256018K->179137K(396032K), 0.0378100 secs] [Times: user=0.25 sys=0.00, real=0.04 secs] 
335.859: Total time for which application threads were stopped: 0.0379970 seconds, Stopping threads took: 0.0001160 seconds
335.859: Application time: 0.0001080 seconds
335.859: [GC [1 CMS-initial-mark: 165569K(273792K)] 180768K(396032K), 0.0114850 secs] [Times: user=0.01 sys=0.00, real=0.01 secs] 
335.870: Total time for which application threads were stopped: 0.0116030 seconds, Stopping threads took: 0.0000690 seconds
335.870: [CMS-concurrent-mark-start]
335.932: Application time: 0.0616280 seconds
335.932: [GC335.932: [ParNew: 122240K->13568K(122240K), 0.0350630 secs] 287809K->200420K(396032K), 0.0351110 secs] [Times: user=0.24 sys=0.00, real=0.04 secs] 
335.967: Total time for which application threads were stopped: 0.0353050 seconds, Stopping threads took: 0.0001130 seconds
336.038: Application time: 0.0704860 seconds
336.038: [GC336.038: [ParNew: 122240K->13568K(122240K), 0.0285300 secs] 309092K->214849K(396032K), 0.0285760 secs] [Times: user=0.20 sys=0.00, real=0.03 secs] 
336.067: Total time for which application threads were stopped: 0.0287240 seconds, Stopping threads took: 0.0000800 seconds
336.121: [CMS-concurrent-mark: 0.186/0.251 secs] [Times: user=1.93 sys=0.00, real=0.25 secs] 
336.121: Application time: 0.0545420 seconds
336.121: [GC336.121: [ParNew: 122240K->13568K(122240K), 0.0336290 secs] 323521K->236864K(396032K), 0.0336690 secs] [Times: user=0.23 sys=0.00, real=0.04 secs] 
336.155: Total time for which application threads were stopped: 0.0337910 seconds, Stopping threads took: 0.0000530 seconds
336.155: [CMS-concurrent-preclean-start]
336.209: Application time: 0.0540700 seconds
336.209: [GC336.209: [ParNew: 122240K->13568K(122240K), 0.0329350 secs] 345536K->258088K(396032K), 0.0329800 secs] [Times: user=0.23 sys=0.00, real=0.03 secs] 
336.242: Total time for which application threads were stopped: 0.0331280 seconds, Stopping threads took: 0.0000800 seconds
336.287: Application time: 0.0447040 seconds
336.287: [GC336.287: [ParNew: 122240K->13568K(122240K), 0.0345800 secs] 366760K->281677K(396032K), 0.0346280 secs] [Times: user=0.23 sys=0.00, real=0.03 secs] 
336.322: Total time for which application threads were stopped: 0.0347870 seconds, Stopping threads took: 0.0000900 seconds
336.385: Application time: 0.0637920 seconds
336.386: [GC336.386: [ParNew: 122240K->122240K(122240K), 0.0000140 secs]336.386: [CMS336.526: [CMS-concurrent-preclean: 0.301/0.371 secs] [Times: user=1.90 sys=0.00, real=0.37 secs] 
 (concurrent mode failure): 268109K->134936K(273792K), 0.4409350 secs] 390349K->134936K(396032K), [CMS Perm : 9130K->9130K(21248K)], 0.4410010 secs] [Times: user=0.44 sys=0.00, real=0.44 secs] 
336.827: Total time for which application threads were stopped: 0.4411470 seconds, Stopping threads took: 0.0000670 seconds
336.875: Application time: 0.0486660 seconds
336.875: [GC336.875: [ParNew: 108672K->13568K(122240K), 0.0133450 secs] 243608K->153805K(396032K), 0.0134010 secs] [Times: user=0.10 sys=0.00, real=0.01 secs] 
336.889: Total time for which application threads were stopped: 0.0135620 seconds, Stopping threads took: 0.0000910 seconds
336.932: Application time: 0.0428760 seconds
336.933: [GC336.933: [ParNew: 122240K->13568K(122240K), 0.0341450 secs] 262477K->183976K(396032K), 0.0341940 secs] [Times: user=0.23 sys=0.00, real=0.03 secs] 
336.967: Total time for which application threads were stopped: 0.0353190 seconds, Stopping threads took: 0.0010340 seconds
336.967: Application time: 0.0000560 seconds
336.967: [GC [1 CMS-initial-mark: 170408K(273792K)] 184564K(396032K), 0.0108050 secs] [Times: user=0.01 sys=0.00, real=0.01 secs] 
336.978: Total time for which application threads were stopped: 0.0109020 seconds, Stopping threads took: 0.0000550 seconds
336.978: [CMS-concurrent-mark-start]
337.030: Application time: 0.0524540 seconds
337.031: [GC337.031: [ParNew: 122240K->13568K(122240K), 0.0390750 secs] 292648K->211122K(396032K), 0.0391220 secs] [Times: user=0.27 sys=0.00, real=0.04 secs] 
337.070: Total time for which application threads were stopped: 0.0392880 seconds, Stopping threads took: 0.0000960 seconds
337.126: Application time: 0.0563660 seconds
337.126: [GC337.126: [ParNew: 122240K->13568K(122240K), 0.0384300 secs] 319794K->236094K(396032K), 0.0384780 secs] [Times: user=0.26 sys=0.00, real=0.03 secs] 
337.165: Total time for which application threads were stopped: 0.0386210 seconds, Stopping threads took: 0.0000720 seconds
337.235: Application time: 0.0705340 seconds
337.235: [GC337.235: [ParNew: 122240K->13568K(122240K), 0.0306610 secs] 344766K->251512K(396032K), 0.0307080 secs] [Times: user=0.22 sys=0.00, real=0.03 secs] 
337.266: Total time for which application threads were stopped: 0.0308520 seconds, Stopping threads took: 0.0000820 seconds
337.307: [CMS-concurrent-mark: 0.220/0.329 secs] [Times: user=2.49 sys=0.01, real=0.33 secs] 
337.307: [CMS-concurrent-preclean-start]
337.328: Application time: 0.0617040 seconds
337.328: [GC337.328: [ParNew: 122240K->13568K(122240K), 0.0279660 secs] 360184K->267273K(396032K), 0.0280150 secs] [Times: user=0.20 sys=0.00, real=0.03 secs] 
337.356: Total time for which application threads were stopped: 0.0281810 seconds, Stopping threads took: 0.0000840 seconds
337.398: Application time: 0.0423910 seconds
337.399: [GC337.399: [ParNew: 122240K->122240K(122240K), 0.0000150 secs]337.399: [CMS337.528: [CMS-concurrent-preclean: 0.191/0.221 secs] [Times: user=0.84 sys=0.00, real=0.22 secs] 
 (concurrent mode failure): 253705K->138255K(273792K), 0.4165630 secs] 375945K->138255K(396032K), [CMS Perm : 9130K->9130K(21248K)], 0.4166350 secs] [Times: user=0.42 sys=0.00, real=0.42 secs] 
337.815: Total time for which application threads were stopped: 0.4167920 seconds, Stopping threads took: 0.0000870 seconds
337.868: Application time: 0.0530430 seconds
337.868: [GC337.868: [ParNew: 108672K->13568K(122240K), 0.0219450 secs] 246927K->161772K(396032K), 0.0219920 secs] [Times: user=0.16 sys=0.00, real=0.02 secs] 
337.890: Total time for which application threads were stopped: 0.0221510 seconds, Stopping threads took: 0.0000760 seconds
337.950: Application time: 0.0595590 seconds
337.950: [GC337.950: [ParNew: 122240K->13542K(122240K), 0.0248990 secs] 270444K->176202K(396032K), 0.0249490 secs] [Times: user=0.18 sys=0.01, real=0.03 secs] 
337.975: Total time for which application threads were stopped: 0.0251310 seconds, Stopping threads took: 0.0001120 seconds
338.021: Application time: 0.0461490 seconds
338.021: [GC338.021: [ParNew: 121964K->13568K(122240K), 0.0256970 secs] 284624K->192677K(396032K), 0.0257460 secs] [Times: user=0.18 sys=0.00, real=0.03 secs] 
338.047: Total time for which application threads were stopped: 0.0258940 seconds, Stopping threads took: 0.0000790 seconds
338.065: Application time: 0.0176980 seconds
338.069: [GC [1 CMS-initial-mark: 179109K(273792K)] 241319K(396032K), 0.0330620 secs] [Times: user=0.04 sys=0.00, real=0.03 secs] 
338.102: Total time for which application threads were stopped: 0.0374190 seconds, Stopping threads took: 0.0043050 seconds
338.102: [CMS-concurrent-mark-start]
338.128: Application time: 0.0255920 seconds
338.128: [GC338.128: [ParNew: 122240K->13568K(122240K), 0.0344660 secs] 301349K->219941K(396032K), 0.0345130 secs] [Times: user=0.24 sys=0.00, real=0.03 secs] 
338.163: Total time for which application threads were stopped: 0.0346910 seconds, Stopping threads took: 0.0000890 seconds
338.214: Application time: 0.0516380 seconds
338.214: [GC338.214: [ParNew: 122240K->13568K(122240K), 0.0449260 secs] 328613K->253472K(396032K), 0.0449750 secs] [Times: user=0.31 sys=0.00, real=0.04 secs] 
338.259: Total time for which application threads were stopped: 0.0451220 seconds, Stopping threads took: 0.0000740 seconds
338.319: Application time: 0.0600830 seconds
338.319: [GC338.320: [ParNew: 122240K->122240K(122240K), 0.0000130 secs]338.320: [CMS338.360: [CMS-concurrent-mark: 0.176/0.257 secs] [Times: user=1.71 sys=0.00, real=0.26 secs] 
 (concurrent mode failure): 239904K->147089K(273792K), 0.3487360 secs] 362144K->147089K(396032K), [CMS Perm : 9130K->9130K(21248K)], 0.3488030 secs] [Times: user=0.39 sys=0.00, real=0.35 secs] 
338.668: Total time for which application threads were stopped: 0.3489430 seconds, Stopping threads took: 0.0000710 seconds
338.720: Application time: 0.0514620 seconds
338.720: [GC338.720: [ParNew: 108672K->13568K(122240K), 0.0138860 secs] 255761K->164839K(396032K), 0.0139320 secs] [Times: user=0.11 sys=0.00, real=0.02 secs] 
338.734: Total time for which application threads were stopped: 0.0141020 seconds, Stopping threads took: 0.0000910 seconds
338.784: Application time: 0.0499570 seconds
338.785: [GC338.785: [ParNew: 122240K->13568K(122240K), 0.0308650 secs] 273511K->188735K(396032K), 0.0309140 secs] [Times: user=0.22 sys=0.00, real=0.03 secs] 
338.816: Total time for which application threads were stopped: 0.0320910 seconds, Stopping threads took: 0.0011050 seconds
338.816: Application time: 0.0001060 seconds
338.816: [GC [1 CMS-initial-mark: 175167K(273792K)] 190034K(396032K), 0.0122400 secs] [Times: user=0.01 sys=0.00, real=0.01 secs] 
338.829: Total time for which application threads were stopped: 0.0124710 seconds, Stopping threads took: 0.0001640 seconds
338.829: [CMS-concurrent-mark-start]
338.883: Application time: 0.0544110 seconds
338.884: [GC338.884: [ParNew: 122240K->13568K(122240K), 0.0362080 secs] 297407K->213749K(396032K), 0.0362680 secs] [Times: user=0.26 sys=0.00, real=0.04 secs] 
338.920: Total time for which application threads were stopped: 0.0374470 seconds, Stopping threads took: 0.0011070 seconds
338.991: Application time: 0.0704360 seconds
338.991: [GC338.991: [ParNew: 122240K->13568K(122240K), 0.0278780 secs] 322421K->228113K(396032K), 0.0279250 secs] [Times: user=0.20 sys=0.00, real=0.03 secs] 
339.019: Total time for which application threads were stopped: 0.0281010 seconds, Stopping threads took: 0.0001070 seconds
339.078: [CMS-concurrent-mark: 0.184/0.250 secs] [Times: user=1.91 sys=0.00, real=0.25 secs] 
339.078: [CMS-concurrent-preclean-start]
339.092: Application time: 0.0731260 seconds
339.092: [GC339.092: [ParNew: 122240K->13568K(122240K), 0.0251600 secs] 336785K->240052K(396032K), 0.0252080 secs] [Times: user=0.18 sys=0.00, real=0.03 secs] 
339.117: Total time for which application threads were stopped: 0.0253840 seconds, Stopping threads took: 0.0001060 seconds
339.163: Application time: 0.0450960 seconds
339.163: [GC339.163: [ParNew: 122240K->13568K(122240K), 0.0333700 secs] 348724K->262527K(396032K), 0.0334210 secs] [Times: user=0.23 sys=0.00, real=0.04 secs] 
339.196: Total time for which application threads were stopped: 0.0335450 seconds, Stopping threads took: 0.0000530 seconds
339.242: Application time: 0.0454460 seconds
339.242: [GC339.242: [ParNew: 122218K->122218K(122240K), 0.0000130 secs]339.242: [CMS339.364: [CMS-concurrent-preclean: 0.224/0.285 secs] [Times: user=1.38 sys=0.00, real=0.28 secs] 
 (concurrent mode failure): 248959K->126927K(273792K), 0.3832740 secs] 371178K->126927K(396032K), [CMS Perm : 9130K->9130K(21248K)], 0.3833410 secs] [Times: user=0.39 sys=0.00, real=0.39 secs] 
339.625: Total time for which application threads were stopped: 0.3835740 seconds, Stopping threads took: 0.0001500 seconds
339.666: Application time: 0.0404060 seconds
339.666: [GC339.666: [ParNew: 108672K->13568K(122240K), 0.0251910 secs] 235599K->159288K(396032K), 0.0252420 secs] [Times: user=0.18 sys=0.00, real=0.02 secs] 
339.691: Total time for which application threads were stopped: 0.0254090 seconds, Stopping threads took: 0.0000940 seconds
339.748: Application time: 0.0571080 seconds
339.748: [GC339.748: [ParNew: 122240K->13568K(122240K), 0.0308040 secs] 267960K->176961K(396032K), 0.0308540 secs] [Times: user=0.22 sys=0.00, real=0.03 secs] 
339.779: Total time for which application threads were stopped: 0.0310070 seconds, Stopping threads took: 0.0000660 seconds
339.779: Application time: 0.0000610 seconds
339.779: [GC [1 CMS-initial-mark: 163393K(273792K)] 178088K(396032K), 0.0127720 secs] [Times: user=0.01 sys=0.00, real=0.01 secs] 
339.792: Total time for which application threads were stopped: 0.0129010 seconds, Stopping threads took: 0.0000820 seconds
339.792: [CMS-concurrent-mark-start]
339.862: Application time: 0.0704360 seconds
339.863: [GC339.863: [ParNew: 122240K->13568K(122240K), 0.0258060 secs] 285633K->190162K(396032K), 0.0258580 secs] [Times: user=0.18 sys=0.00, real=0.03 secs] 
339.888: Total time for which application threads were stopped: 0.0260200 seconds, Stopping threads took: 0.0000930 seconds
339.948: Application time: 0.0597500 seconds
339.948: [GC339.948: [ParNew: 122240K->13568K(122240K), 0.0304750 secs] 298834K->209140K(396032K), 0.0305230 secs] [Times: user=0.21 sys=0.00, real=0.03 secs] 
339.979: Total time for which application threads were stopped: 0.0306900 seconds, Stopping threads took: 0.0000950 seconds
340.026: [CMS-concurrent-mark: 0.177/0.233 secs] [Times: user=1.81 sys=0.00, real=0.24 secs] 
340.026: [CMS-concurrent-preclean-start]
340.036: Application time: 0.0569340 seconds
340.036: [GC340.036: [ParNew: 122240K->13568K(122240K), 0.0332400 secs] 317812K->231063K(396032K), 0.0332870 secs] [Times: user=0.23 sys=0.00, real=0.03 secs] 
340.069: Total time for which application threads were stopped: 0.0334600 seconds, Stopping threads took: 0.0001020 seconds
340.126: Application time: 0.0566290 seconds
340.126: [GC340.126: [ParNew: 122240K->13568K(122240K), 0.0324380 secs] 339735K->250657K(396032K), 0.0324950 secs] [Times: user=0.23 sys=0.00, real=0.03 secs] 
340.159: Total time for which application threads were stopped: 0.0326290 seconds, Stopping threads took: 0.0000620 seconds
340.210: Application time: 0.0513430 seconds
340.210: [GC340.210: [ParNew: 122240K->13568K(122240K), 0.0336380 secs] 359329K->272568K(396032K), 0.0336860 secs] [Times: user=0.23 sys=0.00, real=0.03 secs] 
340.244: Total time for which application threads were stopped: 0.0338480 seconds, Stopping threads took: 0.0000900 seconds
340.283: Application time: 0.0391570 seconds
340.283: [GC340.283: [ParNew: 122240K->122240K(122240K), 0.0000120 secs]340.283: [CMS340.412: [CMS-concurrent-preclean: 0.285/0.387 secs] [Times: user=2.08 sys=0.00, real=0.38 secs] 
 (concurrent mode failure): 259000K->128616K(273792K), 0.3955230 secs] 381240K->128616K(396032K), [CMS Perm : 9130K->9130K(21248K)], 0.3955920 secs] [Times: user=0.40 sys=0.00, real=0.40 secs] 
340.679: Total time for which application threads were stopped: 0.3957430 seconds, Stopping threads took: 0.0000700 seconds
340.724: Application time: 0.0455410 seconds
340.724: [GC340.724: [ParNew: 108672K->13568K(122240K), 0.0298710 secs] 237288K->164324K(396032K), 0.0299220 secs] [Times: user=0.21 sys=0.00, real=0.04 secs] 
340.754: Total time for which application threads were stopped: 0.0301270 seconds, Stopping threads took: 0.0001330 seconds
340.803: Application time: 0.0482960 seconds
340.803: [GC340.803: [ParNew: 122240K->13566K(122240K), 0.0318750 secs] 272996K->183959K(396032K), 0.0319250 secs] [Times: user=0.22 sys=0.00, real=0.04 secs] 
340.835: Total time for which application threads were stopped: 0.0321240 seconds, Stopping threads took: 0.0001140 seconds
340.849: Application time: 0.0140580 seconds
340.853: [GC [1 CMS-initial-mark: 170392K(273792K)] 210647K(396032K), 0.0298900 secs] [Times: user=0.03 sys=0.00, real=0.02 secs] 
340.883: Total time for which application threads were stopped: 0.0339210 seconds, Stopping threads took: 0.0039790 seconds
340.883: [CMS-concurrent-mark-start]
340.941: Application time: 0.0579890 seconds
340.941: [GC340.941: [ParNew: 122238K->13566K(122240K), 0.0268510 secs] 292631K->197525K(396032K), 0.0269050 secs] [Times: user=0.20 sys=0.00, real=0.03 secs] 
340.969: Total time for which application threads were stopped: 0.0285890 seconds, Stopping threads took: 0.0000830 seconds
341.024: Application time: 0.0543070 seconds
341.024: [GC341.024: [ParNew: 122238K->13568K(122240K), 0.0266450 secs] 306197K->212588K(396032K), 0.0266910 secs] [Times: user=0.19 sys=0.00, real=0.03 secs] 
341.050: Total time for which application threads were stopped: 0.0268170 seconds, Stopping threads took: 0.0000560 seconds
341.113: Application time: 0.0628110 seconds
341.113: [GC341.113: [ParNew: 122240K->13568K(122240K), 0.0319330 secs] 321260K->233355K(396032K), 0.0319840 secs] [Times: user=0.22 sys=0.00, real=0.03 secs] 
341.145: Total time for which application threads were stopped: 0.0321230 seconds, Stopping threads took: 0.0000670 seconds
341.200: Application time: 0.0549130 seconds
341.205: [GC341.205: [ParNew: 122240K->13568K(122240K), 0.0399670 secs] 342027K->261060K(396032K), 0.0400160 secs] [Times: user=0.28 sys=0.00, real=0.04 secs] 
341.245: Total time for which application threads were stopped: 0.0446420 seconds, Stopping threads took: 0.0045530 seconds
341.287: [CMS-concurrent-mark: 0.272/0.404 secs] [Times: user=3.03 sys=0.02, real=0.41 secs] 
341.287: [CMS-concurrent-preclean-start]
341.306: Application time: 0.0609420 seconds
341.306: [GC341.306: [ParNew: 122240K->122240K(122240K), 0.0000130 secs]341.306: [CMS341.488: [CMS-concurrent-preclean: 0.199/0.201 secs] [Times: user=0.34 sys=0.00, real=0.20 secs] 
 (concurrent mode failure): 247492K->122194K(273792K), 0.4517530 secs] 369732K->122194K(396032K), [CMS Perm : 9130K->9130K(21248K)], 0.4518200 secs] [Times: user=0.45 sys=0.00, real=0.45 secs] 
341.758: Total time for which application threads were stopped: 0.4519930 seconds, Stopping threads took: 0.0000830 seconds
341.799: Application time: 0.0414630 seconds
341.800: [GC341.800: [ParNew: 108672K->13568K(122240K), 0.0212700 secs] 230866K->151327K(396032K), 0.0213160 secs] [Times: user=0.15 sys=0.00, real=0.02 secs] 
341.821: Total time for which application threads were stopped: 0.0216270 seconds, Stopping threads took: 0.0002190 seconds
341.867: Application time: 0.0459250 seconds
341.867: [GC341.867: [ParNew: 122240K->13568K(122240K), 0.0379130 secs] 259999K->181987K(396032K), 0.0379600 secs] [Times: user=0.26 sys=0.00, real=0.04 secs] 
341.905: Total time for which application threads were stopped: 0.0381740 seconds, Stopping threads took: 0.0001090 seconds
341.905: Application time: 0.0000580 seconds
341.905: [GC [1 CMS-initial-mark: 168419K(273792K)] 182835K(396032K), 0.0113610 secs] [Times: user=0.01 sys=0.00, real=0.01 secs] 
341.917: Total time for which application threads were stopped: 0.0114680 seconds, Stopping threads took: 0.0000630 seconds
341.917: [CMS-concurrent-mark-start]
341.975: Application time: 0.0581610 seconds
341.975: [GC341.975: [ParNew: 122240K->13566K(122240K), 0.0299460 secs] 290659K->199689K(396032K), 0.0299920 secs] [Times: user=0.21 sys=0.00, real=0.03 secs] 
342.005: Total time for which application threads were stopped: 0.0301450 seconds, Stopping threads took: 0.0000850 seconds
342.071: Application time: 0.0660830 seconds
342.071: [GC342.071: [ParNew: 122238K->13568K(122240K), 0.0325410 secs] 308361K->219969K(396032K), 0.0325870 secs] [Times: user=0.23 sys=0.00, real=0.03 secs] 
342.104: Total time for which application threads were stopped: 0.0326930 seconds, Stopping threads took: 0.0000360 seconds
342.171: Application time: 0.0673070 seconds
342.171: [GC342.171: [ParNew: 122240K->13568K(122240K), 0.0271300 secs] 328641K->233349K(396032K), 0.0271790 secs] [Times: user=0.20 sys=0.00, real=0.03 secs] 
342.198: Total time for which application threads were stopped: 0.0273140 seconds, Stopping threads took: 0.0000660 seconds
342.255: Application time: 0.0562510 seconds
342.255: [GC342.255: [ParNew: 122240K->13568K(122240K), 0.0285200 secs] 342021K->249470K(396032K), 0.0285720 secs] [Times: user=0.20 sys=0.00, real=0.02 secs] 
342.283: Total time for which application threads were stopped: 0.0287420 seconds, Stopping threads took: 0.0000990 seconds
342.285: [CMS-concurrent-mark: 0.249/0.368 secs] [Times: user=2.81 sys=0.00, real=0.37 secs] 
342.285: [CMS-concurrent-preclean-start]
342.333: Application time: 0.0501360 seconds
342.334: [GC342.334: [ParNew: 122240K->13568K(122240K), 0.0365630 secs] 358142K->274363K(396032K), 0.0366100 secs] [Times: user=0.25 sys=0.00, real=0.03 secs] 
342.370: Total time for which application threads were stopped: 0.0367440 seconds, Stopping threads took: 0.0000640 seconds
342.420: Application time: 0.0500730 seconds
342.420: [GC342.420: [ParNew: 122240K->122240K(122240K), 0.0000150 secs]342.420: [CMS342.574: [CMS-concurrent-preclean: 0.250/0.289 secs] [Times: user=1.19 sys=0.01, real=0.29 secs] 
 (concurrent mode failure): 260795K->121077K(273792K), 0.4150540 secs] 383035K->121077K(396032K), [CMS Perm : 9130K->9130K(21248K)], 0.4151240 secs] [Times: user=0.41 sys=0.00, real=0.42 secs] 
342.836: Total time for which application threads were stopped: 0.4152580 seconds, Stopping threads took: 0.0000500 seconds
342.874: Application time: 0.0388930 seconds
342.875: [GC342.875: [ParNew: 108672K->13568K(122240K), 0.0249100 secs] 229749K->154295K(396032K), 0.0249590 secs] [Times: user=0.17 sys=0.00, real=0.02 secs] 
342.900: Total time for which application threads were stopped: 0.0252160 seconds, Stopping threads took: 0.0001650 seconds
342.947: Application time: 0.0478100 seconds
342.948: [GC342.948: [ParNew: 122240K->13568K(122240K), 0.0376900 secs] 262967K->182535K(396032K), 0.0377370 secs] [Times: user=0.26 sys=0.00, real=0.04 secs] 
342.985: Total time for which application threads were stopped: 0.0379710 seconds, Stopping threads took: 0.0001510 seconds
342.986: Application time: 0.0000530 seconds
342.986: [GC [1 CMS-initial-mark: 168967K(273792K)] 183235K(396032K), 0.0113580 secs] [Times: user=0.01 sys=0.00, real=0.01 secs] 
342.997: Total time for which application threads were stopped: 0.0114560 seconds, Stopping threads took: 0.0000550 seconds
342.997: [CMS-concurrent-mark-start]
343.063: Application time: 0.0656930 seconds
343.063: [GC343.063: [ParNew: 122240K->13568K(122240K), 0.0312000 secs] 291207K->199829K(396032K), 0.0312510 secs] [Times: user=0.22 sys=0.00, real=0.04 secs] 
343.094: Total time for which application threads were stopped: 0.0313850 seconds, Stopping threads took: 0.0000580 seconds
343.166: Application time: 0.0716890 seconds
343.166: [GC343.166: [ParNew: 122240K->13568K(122240K), 0.0265030 secs] 308501K->213829K(396032K), 0.0265510 secs] [Times: user=0.19 sys=0.00, real=0.02 secs] 
343.192: Total time for which application threads were stopped: 0.0267120 seconds, Stopping threads took: 0.0000920 seconds
343.236: [CMS-concurrent-mark: 0.180/0.239 secs] [Times: user=1.83 sys=0.00, real=0.24 secs] 
343.236: [CMS-concurrent-preclean-start]
343.245: Application time: 0.0529670 seconds
343.246: [GC343.246: [ParNew: 122240K->13568K(122240K), 0.0355350 secs] 322501K->237323K(396032K), 0.0355800 secs] [Times: user=0.24 sys=0.00, real=0.03 secs] 
343.281: Total time for which application threads were stopped: 0.0357490 seconds, Stopping threads took: 0.0000990 seconds
343.337: Application time: 0.0562890 seconds
343.338: [GC343.338: [ParNew: 122240K->13568K(122240K), 0.0326760 secs] 345995K->257524K(396032K), 0.0327220 secs] [Times: user=0.23 sys=0.00, real=0.03 secs] 
343.370: Total time for which application threads were stopped: 0.0328710 seconds, Stopping threads took: 0.0000780 seconds
343.422: Application time: 0.0513860 seconds
343.422: [GC343.422: [ParNew: 122240K->13568K(122240K), 0.0319830 secs] 366196K->276872K(396032K), 0.0320300 secs] [Times: user=0.22 sys=0.00, real=0.04 secs] 
343.454: Total time for which application threads were stopped: 0.0321660 seconds, Stopping threads took: 0.0000670 seconds
343.506: Application time: 0.0518470 seconds
343.506: [GC343.506: [ParNew: 122240K->122240K(122240K), 0.0000150 secs]343.506: [CMS343.642: [CMS-concurrent-preclean: 0.303/0.406 secs] [Times: user=2.20 sys=0.00, real=0.40 secs] 
 (concurrent mode failure): 263304K->135680K(273792K), 0.4299120 secs] 385544K->135680K(396032K), [CMS Perm : 9130K->9130K(21248K)], 0.4299800 secs] [Times: user=0.43 sys=0.00, real=0.43 secs] 
343.936: Total time for which application threads were stopped: 0.4301410 seconds, Stopping threads took: 0.0000770 seconds
343.985: Application time: 0.0494060 seconds
343.989: [GC343.989: [ParNew: 108672K->13568K(122240K), 0.0179810 secs] 244352K->157314K(396032K), 0.0180280 secs] [Times: user=0.13 sys=0.00, real=0.02 secs] 
344.007: Total time for which application threads were stopped: 0.0216320 seconds, Stopping threads took: 0.0035380 seconds
344.065: Application time: 0.0579870 seconds
344.065: [GC344.065: [ParNew: 122240K->13568K(122240K), 0.0252220 secs] 265986K->172381K(396032K), 0.0252690 secs] [Times: user=0.18 sys=0.00, real=0.02 secs] 
344.090: Total time for which application threads were stopped: 0.0254420 seconds, Stopping threads took: 0.0000690 seconds
344.133: Application time: 0.0425650 seconds
344.133: [GC344.133: [ParNew: 122240K->13568K(122240K), 0.0311090 secs] 281053K->195910K(396032K), 0.0311590 secs] [Times: user=0.21 sys=0.00, real=0.02 secs] 
344.164: Total time for which application threads were stopped: 0.0313310 seconds, Stopping threads took: 0.0001010 seconds
344.164: Application time: 0.0001030 seconds
344.164: [GC [1 CMS-initial-mark: 182342K(273792K)] 197197K(396032K), 0.0107530 secs] [Times: user=0.01 sys=0.00, real=0.02 secs] 
344.175: Total time for which application threads were stopped: 0.0108830 seconds, Stopping threads took: 0.0000830 seconds
344.175: [CMS-concurrent-mark-start]
344.228: Application time: 0.0530500 seconds
344.228: [GC344.228: [ParNew: 122240K->13568K(122240K), 0.0394870 secs] 304582K->225151K(396032K), 0.0395440 secs] [Times: user=0.28 sys=0.00, real=0.04 secs] 
344.268: Total time for which application threads were stopped: 0.0396740 seconds, Stopping threads took: 0.0000570 seconds
344.328: Application time: 0.0597910 seconds
344.328: [GC344.328: [ParNew: 122240K->13568K(122240K), 0.0295220 secs] 333823K->242157K(396032K), 0.0295670 secs] [Times: user=0.21 sys=0.00, real=0.03 secs] 
344.358: Total time for which application threads were stopped: 0.0297370 seconds, Stopping threads took: 0.0001000 seconds
344.413: Application time: 0.0557510 seconds
344.413: [GC344.413: [ParNew: 122240K->13568K(122240K), 0.0394720 secs] 350829K->269364K(396032K), 0.0395180 secs] [Times: user=0.27 sys=0.00, real=0.04 secs] 
344.453: Total time for which application threads were stopped: 0.0396300 seconds, Stopping threads took: 0.0000490 seconds
344.510: [CMS-concurrent-mark: 0.225/0.335 secs] [Times: user=2.55 sys=0.00, real=0.33 secs] 
344.510: [CMS-concurrent-preclean-start]
344.515: Application time: 0.0621590 seconds
344.515: [GC344.515: [ParNew: 122240K->122240K(122240K), 0.0000150 secs]344.515: [CMS344.671: [CMS-concurrent-preclean: 0.159/0.161 secs] [Times: user=0.20 sys=0.00, real=0.16 secs] 
 (concurrent mode failure): 255796K->131025K(273792K), 0.4599320 secs] 378036K->131025K(396032K), [CMS Perm : 9130K->9130K(21248K)], 0.4600030 secs] [Times: user=0.46 sys=0.00, real=0.46 secs] 
344.975: Total time for which application threads were stopped: 0.4601430 seconds, Stopping threads took: 0.0000680 seconds
345.016: Application time: 0.0408870 seconds
345.016: [GC345.016: [ParNew: 108672K->13568K(122240K), 0.0201430 secs] 239697K->158982K(396032K), 0.0201940 secs] [Times: user=0.15 sys=0.00, real=0.02 secs] 
345.037: Total time for which application threads were stopped: 0.0203940 seconds, Stopping threads took: 0.0000980 seconds
345.088: Application time: 0.0512690 seconds
345.088: [GC345.088: [ParNew: 122240K->13566K(122240K), 0.0330430 secs] 267654K->183281K(396032K), 0.0330910 secs] [Times: user=0.23 sys=0.00, real=0.03 secs] 
345.121: Total time for which application threads were stopped: 0.0332650 seconds, Stopping threads took: 0.0001040 seconds
345.121: Application time: 0.0000610 seconds
345.121: [GC [1 CMS-initial-mark: 169715K(273792K)] 184513K(396032K), 0.0131010 secs] [Times: user=0.01 sys=0.00, real=0.02 secs] 
345.134: Total time for which application threads were stopped: 0.0132270 seconds, Stopping threads took: 0.0000850 seconds
345.134: [CMS-concurrent-mark-start]
345.204: Application time: 0.0696440 seconds
345.204: [GC345.204: [ParNew: 122238K->13566K(122240K), 0.0290850 secs] 291953K->198712K(396032K), 0.0291320 secs] [Times: user=0.21 sys=0.00, real=0.04 secs] 
345.233: Total time for which application threads were stopped: 0.0293190 seconds, Stopping threads took: 0.0001170 seconds
345.293: Application time: 0.0598770 seconds
345.293: [GC345.293: [ParNew: 122238K->13568K(122240K), 0.0343090 secs] 307384K->220987K(396032K), 0.0343580 secs] [Times: user=0.24 sys=0.00, real=0.03 secs] 
345.328: Total time for which application threads were stopped: 0.0344690 seconds, Stopping threads took: 0.0000390 seconds
345.391: Application time: 0.0633780 seconds
345.391: [GC345.391: [ParNew: 122240K->13568K(122240K), 0.0278770 secs] 329659K->236649K(396032K), 0.0279240 secs] [Times: user=0.20 sys=0.00, real=0.03 secs] 
345.419: Total time for which application threads were stopped: 0.0280740 seconds, Stopping threads took: 0.0000810 seconds
345.465: [CMS-concurrent-mark: 0.239/0.331 secs] [Times: user=2.53 sys=0.01, real=0.33 secs] 
345.465: [CMS-concurrent-preclean-start]
345.485: Application time: 0.0660870 seconds
345.485: [GC345.485: [ParNew: 122240K->13568K(122240K), 0.0264360 secs] 345321K->250190K(396032K), 0.0264830 secs] [Times: user=0.19 sys=0.00, real=0.02 secs] 
345.512: Total time for which application threads were stopped: 0.0266500 seconds, Stopping threads took: 0.0000970 seconds
345.556: Application time: 0.0442740 seconds
345.556: [GC345.556: [ParNew: 122240K->13568K(122240K), 0.0352370 secs] 358862K->274991K(396032K), 0.0352900 secs] [Times: user=0.24 sys=0.00, real=0.03 secs] 
345.592: Total time for which application threads were stopped: 0.0354410 seconds, Stopping threads took: 0.0000620 seconds
345.634: Application time: 0.0423300 seconds
345.634: [GC345.634: [ParNew: 122240K->122240K(122240K), 0.0000120 secs]345.634: [CMS345.784: [CMS-concurrent-preclean: 0.254/0.319 secs] [Times: user=1.43 sys=0.00, real=0.31 secs] 
 (concurrent mode failure): 261423K->141647K(273792K), 0.4719810 secs] 383663K->141647K(396032K), [CMS Perm : 9130K->9130K(21248K)], 0.4720580 secs] [Times: user=0.47 sys=0.00, real=0.47 secs] 
346.106: Total time for which application threads were stopped: 0.4721970 seconds, Stopping threads took: 0.0000590 seconds
346.157: Application time: 0.0507830 seconds
346.157: [GC346.157: [ParNew: 108672K->13568K(122240K), 0.0199190 secs] 250319K->164841K(396032K), 0.0199670 secs] [Times: user=0.15 sys=0.00, real=0.02 secs] 
346.177: Total time for which application threads were stopped: 0.0201640 seconds, Stopping threads took: 0.0001170 seconds
346.227: Application time: 0.0497490 seconds
346.229: [GC346.229: [ParNew: 122240K->13568K(122240K), 0.0277520 secs] 273513K->183180K(396032K), 0.0278040 secs] [Times: user=0.19 sys=0.00, real=0.03 secs] 
346.257: Total time for which application threads were stopped: 0.0299450 seconds, Stopping threads took: 0.0020680 seconds
346.257: Application time: 0.0000990 seconds
346.257: [GC [1 CMS-initial-mark: 169612K(273792K)] 184462K(396032K), 0.0111280 secs] [Times: user=0.01 sys=0.00, real=0.01 secs] 
346.268: Total time for which application threads were stopped: 0.0112650 seconds, Stopping threads took: 0.0000880 seconds
346.268: [CMS-concurrent-mark-start]
346.332: Application time: 0.0639960 seconds
346.332: [GC346.332: [ParNew: 122232K->13568K(122240K), 0.0318840 secs] 291845K->204192K(396032K), 0.0319350 secs] [Times: user=0.23 sys=0.00, real=0.03 secs] 
346.364: Total time for which application threads were stopped: 0.0320800 seconds, Stopping threads took: 0.0000710 seconds
346.420: Application time: 0.0555730 seconds
346.420: [GC346.420: [ParNew: 122240K->13568K(122240K), 0.0385940 secs] 312864K->231399K(396032K), 0.0386420 secs] [Times: user=0.27 sys=0.00, real=0.04 secs] 
346.459: Total time for which application threads were stopped: 0.0387870 seconds, Stopping threads took: 0.0000780 seconds
346.519: Application time: 0.0607410 seconds
346.519: [GC346.519: [ParNew: 122240K->13568K(122240K), 0.0308720 secs] 340071K->249512K(396032K), 0.0309230 secs] [Times: user=0.22 sys=0.00, real=0.03 secs] 
346.550: Total time for which application threads were stopped: 0.0311090 seconds, Stopping threads took: 0.0001160 seconds
346.584: [CMS-concurrent-mark: 0.214/0.316 secs] [Times: user=2.39 sys=0.01, real=0.31 secs] 
346.584: [CMS-concurrent-preclean-start]
346.619: Application time: 0.0682840 seconds
346.619: [GC346.619: [ParNew: 122240K->13568K(122240K), 0.0264180 secs] 358184K->263374K(396032K), 0.0264620 secs] [Times: user=0.18 sys=0.00, real=0.03 secs] 
346.645: Total time for which application threads were stopped: 0.0266340 seconds, Stopping threads took: 0.0001020 seconds
346.699: Application time: 0.0534950 seconds
346.699: [GC346.699: [ParNew: 122240K->122240K(122240K), 0.0000130 secs]346.699: [CMS346.821: [CMS-concurrent-preclean: 0.209/0.237 secs] [Times: user=1.03 sys=0.00, real=0.24 secs] 
 (concurrent mode failure): 249806K->114578K(273792K), 0.3683160 secs] 372046K->114578K(396032K), [CMS Perm : 9130K->9130K(21248K)], 0.3683810 secs] [Times: user=0.37 sys=0.00, real=0.37 secs] 
347.067: Total time for which application threads were stopped: 0.3685510 seconds, Stopping threads took: 0.0000910 seconds
347.105: Application time: 0.0379290 seconds
347.105: [GC347.105: [ParNew: 108672K->13568K(122240K), 0.0203760 secs] 223250K->143406K(396032K), 0.0204260 secs] [Times: user=0.15 sys=0.00, real=0.02 secs] 
347.126: Total time for which application threads were stopped: 0.0206000 seconds, Stopping threads took: 0.0001040 seconds
347.176: Application time: 0.0498210 seconds
347.177: [GC347.177: [ParNew: 122240K->13568K(122240K), 0.0391470 secs] 252078K->174509K(396032K), 0.0392070 secs] [Times: user=0.26 sys=0.00, real=0.04 secs] 
347.216: Total time for which application threads were stopped: 0.0405340 seconds, Stopping threads took: 0.0012320 seconds
347.225: Application time: 0.0085520 seconds
347.225: [GC [1 CMS-initial-mark: 160941K(273792K)] 193524K(396032K), 0.0219690 secs] [Times: user=0.02 sys=0.00, real=0.02 secs] 
347.247: Total time for which application threads were stopped: 0.0222570 seconds, Stopping threads took: 0.0002220 seconds
347.247: [CMS-concurrent-mark-start]
347.294: Application time: 0.0465900 seconds
347.294: [GC347.294: [ParNew: 122240K->13568K(122240K), 0.0317530 secs] 283181K->194165K(396032K), 0.0317980 secs] [Times: user=0.22 sys=0.00, real=0.03 secs] 
347.326: Total time for which application threads were stopped: 0.0319490 seconds, Stopping threads took: 0.0000830 seconds
347.388: Application time: 0.0625540 seconds
347.388: [GC347.388: [ParNew: 122240K->13568K(122240K), 0.0321910 secs] 302837K->214206K(396032K), 0.0322390 secs] [Times: user=0.22 sys=0.00, real=0.03 secs] 
347.421: Total time for which application threads were stopped: 0.0323250 seconds, Stopping threads took: 0.0000120 seconds
347.483: Application time: 0.0629810 seconds
347.484: [GC347.484: [ParNew: 122240K->13568K(122240K), 0.0281740 secs] 322878K->230241K(396032K), 0.0282230 secs] [Times: user=0.20 sys=0.00, real=0.03 secs] 
347.512: Total time for which application threads were stopped: 0.0283630 seconds, Stopping threads took: 0.0000710 seconds
347.559: [CMS-concurrent-mark: 0.219/0.312 secs] [Times: user=2.38 sys=0.00, real=0.31 secs] 
347.559: [CMS-concurrent-preclean-start]
347.560: Application time: 0.0485680 seconds
347.561: [GC347.561: [ParNew: 122240K->13568K(122240K), 0.0386190 secs] 338913K->258094K(396032K), 0.0386630 secs] [Times: user=0.26 sys=0.00, real=0.04 secs] 
347.599: Total time for which application threads were stopped: 0.0388260 seconds, Stopping threads took: 0.0000960 seconds
347.663: Application time: 0.0638160 seconds
347.663: [GC347.663: [ParNew: 122240K->122240K(122240K), 0.0000130 secs]347.663: [CMS347.806: [CMS-concurrent-preclean: 0.205/0.247 secs] [Times: user=0.94 sys=0.00, real=0.25 secs] 
 (concurrent mode failure): 244526K->140396K(273792K), 0.4490920 secs] 366766K->140396K(396032K), [CMS Perm : 9130K->9130K(21248K)], 0.4491590 secs] [Times: user=0.45 sys=0.00, real=0.45 secs] 
348.112: Total time for which application threads were stopped: 0.4493210 seconds, Stopping threads took: 0.0000920 seconds
348.168: Application time: 0.0557610 seconds
348.168: [GC348.168: [ParNew: 108672K->13568K(122240K), 0.0104740 secs] 249068K->154078K(396032K), 0.0105200 secs] [Times: user=0.08 sys=0.00, real=0.01 secs] 
348.179: Total time for which application threads were stopped: 0.0106900 seconds, Stopping threads took: 0.0000890 seconds
348.222: Application time: 0.0429180 seconds
348.222: [GC348.222: [ParNew: 122240K->13568K(122240K), 0.0328650 secs] 262750K->183619K(396032K), 0.0329140 secs] [Times: user=0.22 sys=0.00, real=0.04 secs] 
348.255: Total time for which application threads were stopped: 0.0330910 seconds, Stopping threads took: 0.0001030 seconds
348.255: Application time: 0.0000430 seconds
348.255: [GC [1 CMS-initial-mark: 170051K(273792K)] 184119K(396032K), 0.0104130 secs] [Times: user=0.01 sys=0.00, real=0.01 secs] 
348.265: Total time for which application threads were stopped: 0.0105050 seconds, Stopping threads took: 0.0000500 seconds
348.265: [CMS-concurrent-mark-start]
348.320: Application time: 0.0548420 seconds
348.320: [GC348.320: [ParNew: 122240K->13568K(122240K), 0.0373390 secs] 292291K->209437K(396032K), 0.0373890 secs] [Times: user=0.26 sys=0.00, real=0.04 secs] 
348.358: Total time for which application threads were stopped: 0.0375520 seconds, Stopping threads took: 0.0000940 seconds
348.419: Application time: 0.0615470 seconds
348.420: [GC348.420: [ParNew: 122240K->13568K(122240K), 0.0398920 secs] 318109K->234291K(396032K), 0.0399490 secs] [Times: user=0.28 sys=0.00, real=0.04 secs] 
348.459: Total time for which application threads were stopped: 0.0401330 seconds, Stopping threads took: 0.0001110 seconds
348.534: [CMS-concurrent-mark: 0.191/0.269 secs] [Times: user=2.06 sys=0.00, real=0.27 secs] 
348.534: [CMS-concurrent-preclean-start]
348.537: Application time: 0.0774360 seconds
348.537: [GC348.537: [ParNew: 122240K->13534K(122240K), 0.0256700 secs] 342963K->247035K(396032K), 0.0257160 secs] [Times: user=0.18 sys=0.00, real=0.02 secs] 
348.563: Total time for which application threads were stopped: 0.0258400 seconds, Stopping threads took: 0.0000540 seconds
348.611: Application time: 0.0484970 seconds
348.611: [GC348.611: [ParNew: 121928K->13568K(122240K), 0.0303460 secs] 355429K->265892K(396032K), 0.0303920 secs] [Times: user=0.21 sys=0.00, real=0.03 secs] 
348.642: Total time for which application threads were stopped: 0.0305620 seconds, Stopping threads took: 0.0001000 seconds
348.683: Application time: 0.0410830 seconds
348.683: [GC348.683: [ParNew: 122146K->122146K(122240K), 0.0000150 secs]348.683: [CMS348.805: [CMS-concurrent-preclean: 0.212/0.271 secs] [Times: user=1.25 sys=0.01, real=0.27 secs] 
 (concurrent mode failure): 252324K->131792K(273792K), 0.4213010 secs] 374470K->131792K(396032K), [CMS Perm : 9130K->9130K(21248K)], 0.4213710 secs] [Times: user=0.42 sys=0.00, real=0.42 secs] 
349.104: Total time for which application threads were stopped: 0.4215570 seconds, Stopping threads took: 0.0001040 seconds
349.154: Application time: 0.0491460 seconds
349.154: [GC349.154: [ParNew: 108672K->13568K(122240K), 0.0228020 secs] 240464K->159067K(396032K), 0.0228530 secs] [Times: user=0.17 sys=0.00, real=0.02 secs] 
349.177: Total time for which application threads were stopped: 0.0230540 seconds, Stopping threads took: 0.0001300 seconds
349.234: Application time: 0.0572690 seconds
349.234: [GC349.234: [ParNew: 122240K->13568K(122240K), 0.0278880 secs] 267739K->174219K(396032K), 0.0279380 secs] [Times: user=0.20 sys=0.00, real=0.02 secs] 
349.262: Total time for which application threads were stopped: 0.0281460 seconds, Stopping threads took: 0.0001230 seconds
349.312: Application time: 0.0494580 seconds
349.312: [GC349.312: [ParNew: 122240K->13568K(122240K), 0.0271860 secs] 282891K->192000K(396032K), 0.0272300 secs] [Times: user=0.19 sys=0.00, real=0.03 secs] 
349.339: Total time for which application threads were stopped: 0.0273760 seconds, Stopping threads took: 0.0000750 seconds
349.353: Application time: 0.0138770 seconds
349.357: [GC [1 CMS-initial-mark: 178432K(273792K)] 236919K(396032K), 0.0281030 secs] [Times: user=0.03 sys=0.00, real=0.03 secs] 
349.385: Total time for which application threads were stopped: 0.0323170 seconds, Stopping threads took: 0.0041420 seconds
349.385: [CMS-concurrent-mark-start]
349.410: Application time: 0.0247400 seconds
349.410: [GC349.410: [ParNew: 122186K->13568K(122240K), 0.0380550 secs] 300618K->224499K(396032K), 0.0381030 secs] [Times: user=0.26 sys=0.00, real=0.04 secs] 
349.448: Total time for which application threads were stopped: 0.0382430 seconds, Stopping threads took: 0.0000690 seconds
349.505: Application time: 0.0564590 seconds
349.505: [GC349.505: [ParNew: 122240K->13568K(122240K), 0.0393120 secs] 333171K->250914K(396032K), 0.0393590 secs] [Times: user=0.27 sys=0.00, real=0.04 secs] 
349.544: Total time for which application threads were stopped: 0.0395110 seconds, Stopping threads took: 0.0000820 seconds
349.611: Application time: 0.0673630 seconds
349.612: [GC349.612: [ParNew: 122240K->13568K(122240K), 0.0300320 secs] 359586K->264981K(396032K), 0.0300800 secs] [Times: user=0.22 sys=0.00, real=0.03 secs] 
349.642: Total time for which application threads were stopped: 0.0302350 seconds, Stopping threads took: 0.0000840 seconds
349.699: Application time: 0.0570690 seconds
349.699: [GC349.699: [ParNew: 122240K->122240K(122240K), 0.0000150 secs]349.699: [CMS349.723: [CMS-concurrent-mark: 0.229/0.338 secs] [Times: user=2.42 sys=0.00, real=0.33 secs] 
 (concurrent mode failure): 251413K->128898K(273792K), 0.2962650 secs] 373653K->128898K(396032K), [CMS Perm : 9130K->9130K(21248K)], 0.2963460 secs] [Times: user=0.32 sys=0.00, real=0.30 secs] 
349.995: Total time for which application threads were stopped: 0.2964830 seconds, Stopping threads took: 0.0000670 seconds
350.040: Application time: 0.0444950 seconds
350.040: [GC350.040: [ParNew: 108672K->13568K(122240K), 0.0234740 secs] 237570K->158302K(396032K), 0.0235310 secs] [Times: user=0.16 sys=0.00, real=0.02 secs] 
350.064: Total time for which application threads were stopped: 0.0237440 seconds, Stopping threads took: 0.0001230 seconds
350.112: Application time: 0.0489060 seconds
350.113: [GC350.113: [ParNew: 122240K->13568K(122240K), 0.0321330 secs] 266974K->180548K(396032K), 0.0321800 secs] [Times: user=0.22 sys=0.00, real=0.03 secs] 
350.145: Total time for which application threads were stopped: 0.0323650 seconds, Stopping threads took: 0.0001000 seconds
350.161: Application time: 0.0160360 seconds
350.161: [GC [1 CMS-initial-mark: 166980K(273792K)] 215718K(396032K), 0.0316440 secs] [Times: user=0.03 sys=0.00, real=0.03 secs] 
350.193: Total time for which application threads were stopped: 0.0318460 seconds, Stopping threads took: 0.0001480 seconds
350.193: [CMS-concurrent-mark-start]
350.237: Application time: 0.0439740 seconds
350.237: [GC350.237: [ParNew: 122240K->13568K(122240K), 0.0335840 secs] 289220K->200107K(396032K), 0.0336330 secs] [Times: user=0.23 sys=0.00, real=0.03 secs] 
350.270: Total time for which application threads were stopped: 0.0337990 seconds, Stopping threads took: 0.0000890 seconds
350.332: Application time: 0.0615410 seconds
350.332: [GC350.332: [ParNew: 122240K->13568K(122240K), 0.0274450 secs] 308779K->215350K(396032K), 0.0274960 secs] [Times: user=0.19 sys=0.00, real=0.03 secs] 
350.360: Total time for which application threads were stopped: 0.0276450 seconds, Stopping threads took: 0.0000760 seconds
350.411: Application time: 0.0516050 seconds
350.411: [GC350.411: [ParNew: 122240K->13568K(122240K), 0.0371410 secs] 324022K->242099K(396032K), 0.0371920 secs] [Times: user=0.26 sys=0.00, real=0.04 secs] 
350.449: Total time for which application threads were stopped: 0.0373420 seconds, Stopping threads took: 0.0000800 seconds
350.508: Application time: 0.0592860 seconds
350.508: [GC350.508: [ParNew: 122240K->13568K(122240K), 0.0347610 secs] 350771K->264594K(396032K), 0.0348090 secs] [Times: user=0.25 sys=0.00, real=0.03 secs] 
350.543: Total time for which application threads were stopped: 0.0349560 seconds, Stopping threads took: 0.0000760 seconds
350.601: Application time: 0.0581310 seconds
350.601: [GC350.601: [ParNew: 122240K->122240K(122240K), 0.0000150 secs]350.601: [CMS350.603: [CMS-concurrent-mark: 0.275/0.410 secs] [Times: user=3.12 sys=0.00, real=0.41 secs] 
 (concurrent mode failure): 251026K->145627K(273792K), 0.3152740 secs] 373266K->145627K(396032K), [CMS Perm : 9130K->9130K(21248K)], 0.3153450 secs] [Times: user=0.31 sys=0.00, real=0.32 secs] 
350.916: Total time for which application threads were stopped: 0.3154860 seconds, Stopping threads took: 0.0000590 seconds
350.976: Application time: 0.0594430 seconds
350.976: [GC350.976: [ParNew: 108672K->13546K(122240K), 0.0113470 secs] 254299K->159173K(396032K), 0.0113900 secs] [Times: user=0.08 sys=0.00, real=0.01 secs] 
350.987: Total time for which application threads were stopped: 0.0115550 seconds, Stopping threads took: 0.0000990 seconds
351.037: Application time: 0.0491970 seconds
351.041: [GC351.041: [ParNew: 122189K->13568K(122240K), 0.0276960 secs] 267817K->179260K(396032K), 0.0277470 secs] [Times: user=0.19 sys=0.00, real=0.03 secs] 
351.069: Total time for which application threads were stopped: 0.0319570 seconds, Stopping threads took: 0.0041420 seconds
351.069: Application time: 0.0000440 seconds
351.069: [GC [1 CMS-initial-mark: 165692K(273792K)] 179324K(396032K), 0.0100950 secs] [Times: user=0.01 sys=0.00, real=0.01 secs] 
351.079: Total time for which application threads were stopped: 0.0101770 seconds, Stopping threads took: 0.0000320 seconds
351.079: [CMS-concurrent-mark-start]
351.128: Application time: 0.0496350 seconds
351.129: [GC351.129: [ParNew: 122240K->13568K(122240K), 0.0407650 secs] 287932K->211651K(396032K), 0.0408180 secs] [Times: user=0.28 sys=0.00, real=0.04 secs] 
351.169: Total time for which application threads were stopped: 0.0409680 seconds, Stopping threads took: 0.0000710 seconds
351.222: Application time: 0.0520660 seconds
351.222: [GC351.222: [ParNew: 122240K->13568K(122240K), 0.0394230 secs] 320323K->238010K(396032K), 0.0394730 secs] [Times: user=0.27 sys=0.00, real=0.04 secs] 
351.261: Total time for which application threads were stopped: 0.0395990 seconds, Stopping threads took: 0.0000510 seconds
351.337: Application time: 0.0761270 seconds
351.337: [GC351.337: [ParNew: 122240K->13568K(122240K), 0.0276980 secs] 346682K->251343K(396032K), 0.0277450 secs] [Times: user=0.20 sys=0.00, real=0.03 secs] 
351.365: Total time for which application threads were stopped: 0.0278930 seconds, Stopping threads took: 0.0000790 seconds
351.404: [CMS-concurrent-mark: 0.216/0.325 secs] [Times: user=2.47 sys=0.00, real=0.32 secs] 
351.404: [CMS-concurrent-preclean-start]
351.427: Application time: 0.0615430 seconds
351.427: [GC351.427: [ParNew: 122240K->13568K(122240K), 0.0282170 secs] 360015K->266730K(396032K), 0.0282670 secs] [Times: user=0.20 sys=0.00, real=0.03 secs] 
351.455: Total time for which application threads were stopped: 0.0284320 seconds, Stopping threads took: 0.0000930 seconds
351.507: Application time: 0.0521020 seconds
351.507: [GC351.507: [ParNew: 122240K->122240K(122240K), 0.0000150 secs]351.507: [CMS351.637: [CMS-concurrent-preclean: 0.203/0.233 secs] [Times: user=0.94 sys=0.00, real=0.24 secs] 
 (concurrent mode failure): 253162K->122356K(273792K), 0.3945470 secs] 375402K->122356K(396032K), [CMS Perm : 9130K->9130K(21248K)], 0.3946180 secs] [Times: user=0.40 sys=0.00, real=0.39 secs] 
351.902: Total time for which application threads were stopped: 0.3947920 seconds, Stopping threads took: 0.0001050 seconds
351.946: Application time: 0.0437700 seconds
351.946: [GC351.946: [ParNew: 108672K->13568K(122240K), 0.0202840 secs] 231028K->149103K(396032K), 0.0203320 secs] [Times: user=0.14 sys=0.00, real=0.02 secs] 
351.966: Total time for which application threads were stopped: 0.0205670 seconds, Stopping threads took: 0.0001560 seconds
352.016: Application time: 0.0492420 seconds
352.016: [GC352.016: [ParNew: 122240K->13568K(122240K), 0.0328510 secs] 257775K->173383K(396032K), 0.0328980 secs] [Times: user=0.22 sys=0.00, real=0.03 secs] 
352.049: Total time for which application threads were stopped: 0.0330860 seconds, Stopping threads took: 0.0001170 seconds
352.049: Application time: 0.0000590 seconds
352.049: [GC [1 CMS-initial-mark: 159815K(273792K)] 174321K(396032K), 0.0112880 secs] [Times: user=0.01 sys=0.01, real=0.01 secs] 
352.060: Total time for which application threads were stopped: 0.0113940 seconds, Stopping threads took: 0.0000640 seconds
352.060: [CMS-concurrent-mark-start]
352.116: Application time: 0.0560740 seconds
352.116: [GC352.116: [ParNew: 122240K->13568K(122240K), 0.0329520 secs] 282055K->194764K(396032K), 0.0329980 secs] [Times: user=0.22 sys=0.00, real=0.03 secs] 
352.149: Total time for which application threads were stopped: 0.0331510 seconds, Stopping threads took: 0.0000830 seconds
352.207: Application time: 0.0572300 seconds
352.207: [GC352.207: [ParNew: 122240K->13568K(122240K), 0.0377960 secs] 303436K->220686K(396032K), 0.0378450 secs] [Times: user=0.26 sys=0.00, real=0.03 secs] 
352.245: Total time for which application threads were stopped: 0.0379750 seconds, Stopping threads took: 0.0000600 seconds
352.305: Application time: 0.0603620 seconds
352.305: [GC352.305: [ParNew: 122211K->13568K(122240K), 0.0321570 secs] 329330K->240436K(396032K), 0.0322030 secs] [Times: user=0.22 sys=0.00, real=0.03 secs] 
352.337: Total time for which application threads were stopped: 0.0323530 seconds, Stopping threads took: 0.0000860 seconds
352.386: [CMS-concurrent-mark: 0.222/0.326 secs] [Times: user=2.48 sys=0.00, real=0.33 secs] 
352.386: [CMS-concurrent-preclean-start]
352.395: Application time: 0.0580450 seconds
352.395: [GC352.396: [ParNew: 122240K->13568K(122240K), 0.0360750 secs] 349108K->263812K(396032K), 0.0361230 secs] [Times: user=0.26 sys=0.00, real=0.03 secs] 
352.432: Total time for which application threads were stopped: 0.0362890 seconds, Stopping threads took: 0.0000980 seconds
352.487: Application time: 0.0553480 seconds
352.487: [GC352.487: [ParNew: 122240K->122240K(122240K), 0.0000130 secs]352.487: [CMS352.628: [CMS-concurrent-preclean: 0.204/0.242 secs] [Times: user=0.92 sys=0.00, real=0.24 secs] 
 (concurrent mode failure): 250244K->135165K(273792K), 0.4315900 secs] 372484K->135165K(396032K), [CMS Perm : 9130K->9130K(21248K)], 0.4316550 secs] [Times: user=0.44 sys=0.00, real=0.43 secs] 
352.919: Total time for which application threads were stopped: 0.4318110 seconds, Stopping threads took: 0.0000720 seconds
352.974: Application time: 0.0551750 seconds
352.974: [GC352.974: [ParNew: 108672K->13566K(122240K), 0.0145680 secs] 243837K->151653K(396032K), 0.0146170 secs] [Times: user=0.11 sys=0.00, real=0.01 secs] 
352.989: Total time for which application threads were stopped: 0.0148580 seconds, Stopping threads took: 0.0001510 seconds
353.033: Application time: 0.0439690 seconds
353.033: [GC353.033: [ParNew: 122238K->13566K(122240K), 0.0330270 secs] 260325K->178438K(396032K), 0.0330730 secs] [Times: user=0.22 sys=0.00, real=0.03 secs] 
353.066: Total time for which application threads were stopped: 0.0333130 seconds, Stopping threads took: 0.0001610 seconds
353.066: Application time: 0.0000560 seconds
353.066: [GC [1 CMS-initial-mark: 164872K(273792K)] 179400K(396032K), 0.0106410 secs] [Times: user=0.02 sys=0.00, real=0.01 secs] 
353.077: Total time for which application threads were stopped: 0.0107610 seconds, Stopping threads took: 0.0000750 seconds
353.077: [CMS-concurrent-mark-start]
353.127: Application time: 0.0503450 seconds
353.127: [GC353.127: [ParNew: 122238K->13566K(122240K), 0.0356720 secs] 287110K->204192K(396032K), 0.0357200 secs] [Times: user=0.24 sys=0.00, real=0.03 secs] 
353.163: Total time for which application threads were stopped: 0.0358730 seconds, Stopping threads took: 0.0000840 seconds
353.235: Application time: 0.0722470 seconds
353.236: [GC353.236: [ParNew: 122238K->13568K(122240K), 0.0326590 secs] 312864K->221587K(396032K), 0.0327080 secs] [Times: user=0.23 sys=0.00, real=0.03 secs] 
353.268: Total time for which application threads were stopped: 0.0328240 seconds, Stopping threads took: 0.0000480 seconds
353.316: Application time: 0.0482050 seconds
353.317: [GC353.317: [ParNew: 122220K->13568K(122240K), 0.0403820 secs] 330239K->250681K(396032K), 0.0404280 secs] [Times: user=0.27 sys=0.00, real=0.04 secs] 
353.357: Total time for which application threads were stopped: 0.0405910 seconds, Stopping threads took: 0.0000960 seconds
353.407: [CMS-concurrent-mark: 0.221/0.330 secs] [Times: user=2.49 sys=0.01, real=0.33 secs] 
353.407: [CMS-concurrent-preclean-start]
353.410: Application time: 0.0529530 seconds
353.410: [GC353.410: [ParNew: 122240K->122240K(122240K), 0.0000130 secs]353.410: [CMS353.546: [CMS-concurrent-preclean: 0.137/0.139 secs] [Times: user=0.17 sys=0.00, real=0.14 secs] 
 (concurrent mode failure): 237113K->142377K(273792K), 0.4353130 secs] 359353K->142377K(396032K), [CMS Perm : 9130K->9130K(21248K)], 0.4353790 secs] [Times: user=0.43 sys=0.00, real=0.44 secs] 
353.846: Total time for which application threads were stopped: 0.4355320 seconds, Stopping threads took: 0.0000850 seconds
353.894: Application time: 0.0487390 seconds
353.894: [GC353.894: [ParNew: 108672K->13568K(122240K), 0.0187430 secs] 251049K->165102K(396032K), 0.0187900 secs] [Times: user=0.14 sys=0.00, real=0.02 secs] 
353.913: Total time for which application threads were stopped: 0.0189650 seconds, Stopping threads took: 0.0000860 seconds
353.971: Application time: 0.0573280 seconds
353.971: [GC353.971: [ParNew: 122240K->13568K(122240K), 0.0274800 secs] 273774K->181033K(396032K), 0.0275390 secs] [Times: user=0.19 sys=0.00, real=0.03 secs] 
353.998: Total time for which application threads were stopped: 0.0277140 seconds, Stopping threads took: 0.0001040 seconds
354.009: Application time: 0.0105210 seconds
354.012: [GC [1 CMS-initial-mark: 167465K(273792K)] 203451K(396032K), 0.0264180 secs] [Times: user=0.03 sys=0.00, real=0.03 secs] 
354.038: Total time for which application threads were stopped: 0.0296290 seconds, Stopping threads took: 0.0031350 seconds
354.038: [CMS-concurrent-mark-start]
354.090: Application time: 0.0517940 seconds
354.090: [GC354.090: [ParNew: 122240K->13568K(122240K), 0.0306120 secs] 289705K->199655K(396032K), 0.0306610 secs] [Times: user=0.21 sys=0.00, real=0.03 secs] 
354.121: Total time for which application threads were stopped: 0.0309120 seconds, Stopping threads took: 0.0001820 seconds
354.183: Application time: 0.0620220 seconds
354.183: [GC354.183: [ParNew: 122240K->13568K(122240K), 0.0265940 secs] 308327K->214083K(396032K), 0.0266400 secs] [Times: user=0.19 sys=0.00, real=0.03 secs] 
354.210: Total time for which application threads were stopped: 0.0268070 seconds, Stopping threads took: 0.0000980 seconds
354.271: Application time: 0.0611040 seconds
354.271: [GC354.271: [ParNew: 122240K->13568K(122240K), 0.0315300 secs] 322755K->234741K(396032K), 0.0315790 secs] [Times: user=0.22 sys=0.00, real=0.03 secs] 
354.303: Total time for which application threads were stopped: 0.0317300 seconds, Stopping threads took: 0.0000830 seconds
354.347: [CMS-concurrent-mark: 0.219/0.309 secs] [Times: user=2.35 sys=0.01, real=0.31 secs] 
354.347: [CMS-concurrent-preclean-start]
354.358: Application time: 0.0551530 seconds
354.358: [GC354.358: [ParNew: 122240K->13568K(122240K), 0.0323500 secs] 343413K->256203K(396032K), 0.0323990 secs] [Times: user=0.22 sys=0.00, real=0.03 secs] 
354.391: Total time for which application threads were stopped: 0.0325520 seconds, Stopping threads took: 0.0000830 seconds
354.433: Application time: 0.0424430 seconds
354.433: [GC354.433: [ParNew (promotion failed): 122240K->122240K(122240K), 0.0878570 secs]354.521: [CMS354.682: [CMS-concurrent-preclean: 0.213/0.335 secs] [Times: user=1.16 sys=0.02, real=0.33 secs] 
 (concurrent mode failure): 269954K->127109K(273792K), 0.4347330 secs] 364875K->127109K(396032K), [CMS Perm : 9130K->9130K(21248K)], 0.5226670 secs] [Times: user=0.79 sys=0.01, real=0.52 secs] 
354.956: Total time for which application threads were stopped: 0.5228290 seconds, Stopping threads took: 0.0000810 seconds
354.998: Application time: 0.0426190 seconds
354.999: [GC354.999: [ParNew: 108672K->13568K(122240K), 0.0265890 secs] 235781K->160641K(396032K), 0.0266390 secs] [Times: user=0.18 sys=0.00, real=0.03 secs] 
355.025: Total time for which application threads were stopped: 0.0268450 seconds, Stopping threads took: 0.0001230 seconds
355.069: Application time: 0.0435030 seconds
355.069: [GC355.069: [ParNew: 122240K->13568K(122240K), 0.0380380 secs] 269313K->190284K(396032K), 0.0380880 secs] [Times: user=0.26 sys=0.00, real=0.04 secs] 
355.107: Total time for which application threads were stopped: 0.0382650 seconds, Stopping threads took: 0.0001060 seconds
355.107: Application time: 0.0000730 seconds
355.107: [GC [1 CMS-initial-mark: 176716K(273792K)] 191361K(396032K), 0.0115710 secs] [Times: user=0.01 sys=0.00, real=0.01 secs] 
355.119: Total time for which application threads were stopped: 0.0117010 seconds, Stopping threads took: 0.0000900 seconds
355.119: [CMS-concurrent-mark-start]
355.188: Application time: 0.0688190 seconds
355.188: [GC355.188: [ParNew: 122240K->13567K(122240K), 0.0313370 secs] 298956K->207094K(396032K), 0.0313830 secs] [Times: user=0.22 sys=0.00, real=0.03 secs] 
355.219: Total time for which application threads were stopped: 0.0314940 seconds, Stopping threads took: 0.0000400 seconds
355.281: Application time: 0.0621230 seconds
355.281: [GC355.281: [ParNew: 122239K->13568K(122240K), 0.0276680 secs] 315766K->221347K(396032K), 0.0277160 secs] [Times: user=0.20 sys=0.00, real=0.03 secs] 
355.309: Total time for which application threads were stopped: 0.0279110 seconds, Stopping threads took: 0.0001140 seconds
355.381: [CMS-concurrent-mark: 0.202/0.262 secs] [Times: user=2.02 sys=0.00, real=0.26 secs] 
355.381: [CMS-concurrent-preclean-start]
355.383: Application time: 0.0733430 seconds
355.383: [GC355.383: [ParNew: 122240K->13568K(122240K), 0.0265680 secs] 330019K->235289K(396032K), 0.0266130 secs] [Times: user=0.19 sys=0.00, real=0.03 secs] 
355.409: Total time for which application threads were stopped: 0.0267550 seconds, Stopping threads took: 0.0000750 seconds
355.475: Application time: 0.0653510 seconds
355.475: [GC355.475: [ParNew: 122240K->13121K(122240K), 0.0241100 secs] 343961K->247339K(396032K), 0.0241580 secs] [Times: user=0.17 sys=0.00, real=0.02 secs] 
355.499: Total time for which application threads were stopped: 0.0243330 seconds, Stopping threads took: 0.0001060 seconds
355.541: Application time: 0.0419870 seconds
355.545: [GC355.545: [ParNew: 121793K->13568K(122240K), 0.0347610 secs] 356011K->271362K(396032K), 0.0348110 secs] [Times: user=0.24 sys=0.00, real=0.03 secs] 
355.580: Total time for which application threads were stopped: 0.0387470 seconds, Stopping threads took: 0.0038530 seconds
355.619: Application time: 0.0391900 seconds
355.619: [GC355.619: [ParNew: 122240K->122240K(122240K), 0.0000150 secs]355.619: [CMS355.766: [CMS-concurrent-preclean: 0.293/0.385 secs] [Times: user=1.95 sys=0.00, real=0.39 secs] 
 (concurrent mode failure): 257794K->128603K(273792K), 0.4133270 secs] 380034K->128603K(396032K), [CMS Perm : 9130K->9130K(21248K)], 0.4134010 secs] [Times: user=0.41 sys=0.00, real=0.41 secs] 
356.032: Total time for which application threads were stopped: 0.4135770 seconds, Stopping threads took: 0.0001060 seconds
356.078: Application time: 0.0457200 seconds
356.078: [GC356.078: [ParNew: 108672K->13568K(122240K), 0.0290260 secs] 237275K->162334K(396032K), 0.0290760 secs] [Times: user=0.21 sys=0.00, real=0.03 secs] 
356.107: Total time for which application threads were stopped: 0.0292830 seconds, Stopping threads took: 0.0000970 seconds
356.154: Application time: 0.0468790 seconds
356.155: [GC356.155: [ParNew: 122240K->13568K(122240K), 0.0348270 secs] 271006K->185214K(396032K), 0.0348890 secs] [Times: user=0.24 sys=0.00, real=0.03 secs] 
356.191: Total time for which application threads were stopped: 0.0366200 seconds, Stopping threads took: 0.0001090 seconds
356.201: Application time: 0.0098940 seconds
356.202: [GC [1 CMS-initial-mark: 171646K(273792K)] 209930K(396032K), 0.0223390 secs] [Times: user=0.02 sys=0.00, real=0.02 secs] 
356.224: Total time for which application threads were stopped: 0.0230340 seconds, Stopping threads took: 0.0006190 seconds
356.224: [CMS-concurrent-mark-start]
356.270: Application time: 0.0457000 seconds
356.270: [GC356.270: [ParNew: 122240K->13568K(122240K), 0.0383090 secs] 293886K->210919K(396032K), 0.0383590 secs] [Times: user=0.26 sys=0.00, real=0.04 secs] 
356.308: Total time for which application threads were stopped: 0.0385680 seconds, Stopping threads took: 0.0001170 seconds
356.382: Application time: 0.0734580 seconds
356.382: [GC356.382: [ParNew: 122240K->13536K(122240K), 0.0272290 secs] 319591K->223554K(396032K), 0.0272770 secs] [Times: user=0.20 sys=0.00, real=0.03 secs] 
356.409: Total time for which application threads were stopped: 0.0274420 seconds, Stopping threads took: 0.0000980 seconds
356.475: Application time: 0.0660760 seconds
356.475: [GC356.475: [ParNew: 122208K->13568K(122240K), 0.0218090 secs] 332226K->233473K(396032K), 0.0218590 secs] [Times: user=0.16 sys=0.00, real=0.02 secs] 
356.497: Total time for which application threads were stopped: 0.0219950 seconds, Stopping threads took: 0.0000670 seconds
356.541: [CMS-concurrent-mark: 0.229/0.317 secs] [Times: user=2.45 sys=0.01, real=0.32 secs] 
356.541: [CMS-concurrent-preclean-start]
356.560: Application time: 0.0625030 seconds
356.560: [GC356.560: [ParNew: 122240K->13568K(122240K), 0.0297940 secs] 342145K->250591K(396032K), 0.0298500 secs] [Times: user=0.21 sys=0.00, real=0.03 secs] 
356.590: Total time for which application threads were stopped: 0.0300130 seconds, Stopping threads took: 0.0000940 seconds
356.631: Application time: 0.0415980 seconds
356.631: [GC356.631: [ParNew: 122240K->13568K(122240K), 0.0390460 secs] 359263K->279787K(396032K), 0.0390940 secs] [Times: user=0.26 sys=0.00, real=0.04 secs] 
356.671: Total time for which application threads were stopped: 0.0392760 seconds, Stopping threads took: 0.0000980 seconds
356.711: Application time: 0.0403240 seconds
356.711: [GC356.711: [ParNew: 122240K->122240K(122240K), 0.0000130 secs]356.711: [CMS356.856: [CMS-concurrent-preclean: 0.244/0.315 secs] [Times: user=1.42 sys=0.00, real=0.32 secs] 
 (concurrent mode failure): 266219K->141801K(273792K), 0.4397660 secs] 388459K->141801K(396032K), [CMS Perm : 9130K->9130K(21248K)], 0.4398330 secs] [Times: user=0.44 sys=0.00, real=0.44 secs] 
357.151: Total time for which application threads were stopped: 0.4400090 seconds, Stopping threads took: 0.0001050 seconds
357.201: Application time: 0.0503100 seconds
357.205: [GC357.205: [ParNew: 108672K->13568K(122240K), 0.0248790 secs] 250473K->170549K(396032K), 0.0249280 secs] [Times: user=0.18 sys=0.00, real=0.02 secs] 
357.230: Total time for which application threads were stopped: 0.0286330 seconds, Stopping threads took: 0.0036260 seconds
357.282: Application time: 0.0519840 seconds
357.282: [GC357.282: [ParNew: 122240K->13568K(122240K), 0.0301950 secs] 279221K->188994K(396032K), 0.0302460 secs] [Times: user=0.21 sys=0.00, real=0.03 secs] 
357.312: Total time for which application threads were stopped: 0.0304670 seconds, Stopping threads took: 0.0001500 seconds
357.317: Application time: 0.0045110 seconds
357.317: [GC [1 CMS-initial-mark: 175426K(273792K)] 197476K(396032K), 0.0163550 secs] [Times: user=0.02 sys=0.00, real=0.02 secs] 
357.333: Total time for which application threads were stopped: 0.0165740 seconds, Stopping threads took: 0.0001670 seconds
357.333: [CMS-concurrent-mark-start]
357.393: Application time: 0.0593020 seconds
357.393: [GC357.393: [ParNew: 122240K->13568K(122240K), 0.0283780 secs] 297666K->205026K(396032K), 0.0284270 secs] [Times: user=0.20 sys=0.00, real=0.02 secs] 
357.421: Total time for which application threads were stopped: 0.0285850 seconds, Stopping threads took: 0.0000850 seconds
357.483: Application time: 0.0621380 seconds
357.484: [GC357.484: [ParNew: 122240K->13568K(122240K), 0.0288860 secs] 313698K->222329K(396032K), 0.0289370 secs] [Times: user=0.21 sys=0.00, real=0.03 secs] 
357.513: Total time for which application threads were stopped: 0.0291480 seconds, Stopping threads took: 0.0001170 seconds
357.577: Application time: 0.0639940 seconds
357.577: [GC357.577: [ParNew: 122240K->13568K(122240K), 0.0301780 secs] 331001K->240098K(396032K), 0.0302270 secs] [Times: user=0.21 sys=0.00, real=0.03 secs] 
357.607: Total time for which application threads were stopped: 0.0303550 seconds, Stopping threads took: 0.0000560 seconds
357.610: [CMS-concurrent-mark: 0.189/0.277 secs] [Times: user=2.09 sys=0.03, real=0.27 secs] 
357.611: [CMS-concurrent-preclean-start]
357.666: Application time: 0.0585750 seconds
357.666: [GC357.666: [ParNew: 122240K->13568K(122240K), 0.0266810 secs] 348770K->255216K(396032K), 0.0267300 secs] [Times: user=0.19 sys=0.00, real=0.02 secs] 
357.692: Total time for which application threads were stopped: 0.0268810 seconds, Stopping threads took: 0.0000810 seconds
357.739: Application time: 0.0469770 seconds
357.740: [GC357.740: [ParNew: 122082K->13568K(122240K), 0.0350150 secs] 363730K->280483K(396032K), 0.0350610 secs] [Times: user=0.25 sys=0.00, real=0.04 secs] 
357.775: Total time for which application threads were stopped: 0.0352360 seconds, Stopping threads took: 0.0000930 seconds
357.828: Application time: 0.0532330 seconds
357.828: [GC357.828: [ParNew: 122240K->122240K(122240K), 0.0000130 secs]357.828: [CMS357.962: [CMS-concurrent-preclean: 0.287/0.351 secs] [Times: user=1.80 sys=0.01, real=0.35 secs] 
 (concurrent mode failure): 266915K->122606K(273792K), 0.4003420 secs] 389155K->122606K(396032K), [CMS Perm : 9130K->9130K(21248K)], 0.4004070 secs] [Times: user=0.40 sys=0.00, real=0.40 secs] 
358.228: Total time for which application threads were stopped: 0.4005460 seconds, Stopping threads took: 0.0000720 seconds
358.267: Application time: 0.0388470 seconds
358.267: [GC358.267: [ParNew: 108672K->13568K(122240K), 0.0248100 secs] 231278K->156799K(396032K), 0.0248560 secs] [Times: user=0.17 sys=0.00, real=0.02 secs] 
358.292: Total time for which application threads were stopped: 0.0249970 seconds, Stopping threads took: 0.0000540 seconds
358.336: Application time: 0.0433370 seconds
358.336: [GC358.336: [ParNew: 122240K->13568K(122240K), 0.0366890 secs] 265471K->185515K(396032K), 0.0367390 secs] [Times: user=0.25 sys=0.00, real=0.03 secs] 
358.373: Total time for which application threads were stopped: 0.0368980 seconds, Stopping threads took: 0.0000810 seconds
358.373: Application time: 0.0001130 seconds
358.373: [GC [1 CMS-initial-mark: 171947K(273792K)] 186958K(396032K), 0.0118810 secs] [Times: user=0.01 sys=0.00, real=0.01 secs] 
358.385: Total time for which application threads were stopped: 0.0120060 seconds, Stopping threads took: 0.0000800 seconds
358.385: [CMS-concurrent-mark-start]
358.456: Application time: 0.0714270 seconds
358.456: [GC358.456: [ParNew: 122240K->13568K(122240K), 0.0291720 secs] 294187K->199044K(396032K), 0.0292180 secs] [Times: user=0.21 sys=0.00, real=0.03 secs] 
358.485: Total time for which application threads were stopped: 0.0293830 seconds, Stopping threads took: 0.0000950 seconds
358.555: Application time: 0.0695350 seconds
358.555: [GC358.555: [ParNew: 122240K->13568K(122240K), 0.0247360 secs] 307716K->211272K(396032K), 0.0247860 secs] [Times: user=0.17 sys=0.02, real=0.02 secs] 
358.580: Total time for which application threads were stopped: 0.0249260 seconds, Stopping threads took: 0.0000700 seconds
358.620: [CMS-concurrent-mark: 0.181/0.235 secs] [Times: user=1.80 sys=0.02, real=0.24 secs] 
358.620: [CMS-concurrent-preclean-start]
358.643: Application time: 0.0628350 seconds
358.643: [GC358.643: [ParNew: 122240K->13568K(122240K), 0.0245610 secs] 319944K->224834K(396032K), 0.0246100 secs] [Times: user=0.17 sys=0.00, real=0.03 secs] 
358.668: Total time for which application threads were stopped: 0.0247670 seconds, Stopping threads took: 0.0000870 seconds
358.710: Application time: 0.0427460 seconds
358.710: [GC358.710: [ParNew: 122240K->13568K(122240K), 0.0425730 secs] 333506K->257491K(396032K), 0.0426210 secs] [Times: user=0.29 sys=0.00, real=0.05 secs] 
358.753: Total time for which application threads were stopped: 0.0427060 seconds, Stopping threads took: 0.0000130 seconds
358.803: Application time: 0.0500730 seconds
358.803: [GC358.803: [ParNew: 122240K->122240K(122240K), 0.0000120 secs]358.803: [CMS358.931: [CMS-concurrent-preclean: 0.240/0.311 secs] [Times: user=1.53 sys=0.00, real=0.31 secs] 
 (concurrent mode failure): 243923K->142361K(273792K), 0.4446340 secs] 366163K->142361K(396032K), [CMS Perm : 9130K->9130K(21248K)], 0.4447050 secs] [Times: user=0.44 sys=0.00, real=0.45 secs] 
359.248: Total time for which application threads were stopped: 0.4449050 seconds, Stopping threads took: 0.0001210 seconds
359.302: Application time: 0.0540710 seconds
359.302: [GC359.302: [ParNew: 108672K->13568K(122240K), 0.0126290 secs] 251033K->157401K(396032K), 0.0126780 secs] [Times: user=0.09 sys=0.00, real=0.02 secs] 
359.315: Total time for which application threads were stopped: 0.0128940 seconds, Stopping threads took: 0.0001440 seconds
359.355: Application time: 0.0401290 seconds
359.355: [GC359.355: [ParNew: 122240K->13568K(122240K), 0.0337020 secs] 266073K->188099K(396032K), 0.0337490 secs] [Times: user=0.23 sys=0.00, real=0.03 secs] 
359.389: Total time for which application threads were stopped: 0.0339310 seconds, Stopping threads took: 0.0000990 seconds
359.389: Application time: 0.0000600 seconds
359.389: [GC [1 CMS-initial-mark: 174531K(273792K)] 189098K(396032K), 0.0099700 secs] [Times: user=0.01 sys=0.00, real=0.01 secs] 
359.399: Total time for which application threads were stopped: 0.0100930 seconds, Stopping threads took: 0.0000690 seconds
359.399: [CMS-concurrent-mark-start]
359.445: Application time: 0.0462670 seconds
359.446: [GC359.446: [ParNew: 122240K->13568K(122240K), 0.0408180 secs] 296771K->219245K(396032K), 0.0408660 secs] [Times: user=0.27 sys=0.00, real=0.04 secs] 
359.486: Total time for which application threads were stopped: 0.0409940 seconds, Stopping threads took: 0.0000600 seconds
359.552: Application time: 0.0651500 seconds
359.552: [GC359.552: [ParNew: 122240K->13568K(122240K), 0.0348710 secs] 327917K->237443K(396032K), 0.0349200 secs] [Times: user=0.25 sys=0.00, real=0.04 secs] 
359.587: Total time for which application threads were stopped: 0.0350770 seconds, Stopping threads took: 0.0000850 seconds
359.661: Application time: 0.0746130 seconds
359.661: [GC359.661: [ParNew: 122240K->13567K(122240K), 0.0273020 secs] 346115K->250749K(396032K), 0.0273510 secs] [Times: user=0.20 sys=0.00, real=0.03 secs] 
359.689: Total time for which application threads were stopped: 0.0274770 seconds, Stopping threads took: 0.0000570 seconds
359.738: [CMS-concurrent-mark: 0.235/0.339 secs] [Times: user=2.58 sys=0.00, real=0.34 secs] 
359.738: [CMS-concurrent-preclean-start]
359.749: Application time: 0.0603990 seconds
359.749: [GC359.749: [ParNew: 122239K->13568K(122240K), 0.0268750 secs] 359421K->265808K(396032K), 0.0269260 secs] [Times: user=0.19 sys=0.01, real=0.03 secs] 
359.776: Total time for which application threads were stopped: 0.0270560 seconds, Stopping threads took: 0.0000570 seconds
359.820: Application time: 0.0435190 seconds
359.820: [GC359.820: [ParNew: 122240K->122240K(122240K), 0.0000150 secs]359.820: [CMS359.948: [CMS-concurrent-preclean: 0.181/0.210 secs] [Times: user=0.75 sys=0.01, real=0.21 secs] 
 (concurrent mode failure): 252240K->131664K(273792K), 0.4058460 secs] 374480K->131664K(396032K), [CMS Perm : 9130K->9130K(21248K)], 0.4059150 secs] [Times: user=0.41 sys=0.00, real=0.41 secs] 
360.226: Total time for which application threads were stopped: 0.4060710 seconds, Stopping threads took: 0.0000880 seconds
360.277: Application time: 0.0516280 seconds
360.278: [GC360.278: [ParNew: 108672K->13568K(122240K), 0.0232660 secs] 240336K->158155K(396032K), 0.0233150 secs] [Times: user=0.17 sys=0.00, real=0.02 secs] 
360.301: Total time for which application threads were stopped: 0.0235140 seconds, Stopping threads took: 0.0000970 seconds
360.346: Application time: 0.0446750 seconds
360.346: [GC360.346: [ParNew: 122240K->13568K(122240K), 0.0297100 secs] 266827K->179273K(396032K), 0.0297610 secs] [Times: user=0.20 sys=0.00, real=0.03 secs] 
360.376: Total time for which application threads were stopped: 0.0300120 seconds, Stopping threads took: 0.0001600 seconds
360.376: Application time: 0.0002630 seconds
360.376: [GC [1 CMS-initial-mark: 165705K(273792K)] 180972K(396032K), 0.0108990 secs] [Times: user=0.01 sys=0.00, real=0.01 secs] 
360.387: Total time for which application threads were stopped: 0.0110220 seconds, Stopping threads took: 0.0000790 seconds
360.387: [CMS-concurrent-mark-start]
360.450: Application time: 0.0628030 seconds
360.450: [GC360.450: [ParNew: 122240K->13568K(122240K), 0.0323260 secs] 287945K->201183K(396032K), 0.0323750 secs] [Times: user=0.22 sys=0.00, real=0.03 secs] 
360.482: Total time for which application threads were stopped: 0.0325370 seconds, Stopping threads took: 0.0000940 seconds
360.530: Application time: 0.0479980 seconds
360.530: [GC360.530: [ParNew: 122240K->13568K(122240K), 0.0368470 secs] 309855K->226859K(396032K), 0.0368950 secs] [Times: user=0.26 sys=0.00, real=0.04 secs] 
360.567: Total time for which application threads were stopped: 0.0370320 seconds, Stopping threads took: 0.0000660 seconds
360.625: Application time: 0.0574630 seconds
360.625: [GC360.625: [ParNew: 122240K->13568K(122240K), 0.0394170 secs] 335531K->252998K(396032K), 0.0394670 secs] [Times: user=0.27 sys=0.00, real=0.03 secs] 
360.664: Total time for which application threads were stopped: 0.0396170 seconds, Stopping threads took: 0.0000780 seconds
360.726: Application time: 0.0620980 seconds
360.727: [GC360.727: [ParNew: 122240K->13567K(122240K), 0.0323850 secs] 361670K->270364K(396032K), 0.0324420 secs] [Times: user=0.23 sys=0.00, real=0.03 secs] 
360.759: Total time for which application threads were stopped: 0.0326440 seconds, Stopping threads took: 0.0001110 seconds
360.806: [CMS-concurrent-mark: 0.277/0.419 secs] [Times: user=3.19 sys=0.01, real=0.42 secs] 
360.806: [CMS-concurrent-preclean-start]
360.824: Application time: 0.0653150 seconds
360.825: [GC360.825: [ParNew: 122239K->122239K(122240K), 0.0000150 secs]360.825: [CMS360.992: [CMS-concurrent-preclean: 0.185/0.186 secs] [Times: user=0.32 sys=0.00, real=0.18 secs] 
 (concurrent mode failure): 256797K->120486K(273792K), 0.4546460 secs] 379036K->120486K(396032K), [CMS Perm : 9130K->9130K(21248K)], 0.4547270 secs] [Times: user=0.46 sys=0.00, real=0.46 secs] 
361.281: Total time for which application threads were stopped: 0.4565100 seconds, Stopping threads took: 0.0001110 seconds
361.321: Application time: 0.0400910 seconds
361.321: [GC361.321: [ParNew: 108556K->13568K(122240K), 0.0207790 secs] 229042K->149388K(396032K), 0.0208300 secs] [Times: user=0.15 sys=0.00, real=0.02 secs] 
361.342: Total time for which application threads were stopped: 0.0211070 seconds, Stopping threads took: 0.0002030 seconds
361.392: Application time: 0.0496420 seconds
361.392: [GC361.392: [ParNew: 122240K->13568K(122240K), 0.0367250 secs] 258060K->177443K(396032K), 0.0367920 secs] [Times: user=0.24 sys=0.01, real=0.04 secs] 
361.429: Total time for which application threads were stopped: 0.0370430 seconds, Stopping threads took: 0.0001430 seconds
361.441: Application time: 0.0119940 seconds
361.443: [GC [1 CMS-initial-mark: 163875K(273792K)] 198670K(396032K), 0.0259400 secs] [Times: user=0.03 sys=0.00, real=0.03 secs] 
361.469: Total time for which application threads were stopped: 0.0280970 seconds, Stopping threads took: 0.0021060 seconds
361.469: [CMS-concurrent-mark-start]
361.528: Application time: 0.0586160 seconds
361.528: [GC361.528: [ParNew: 122240K->13568K(122240K), 0.0270760 secs] 286115K->190627K(396032K), 0.0271250 secs] [Times: user=0.19 sys=0.00, real=0.03 secs] 
361.555: Total time for which application threads were stopped: 0.0272940 seconds, Stopping threads took: 0.0000970 seconds
361.616: Application time: 0.0615300 seconds
361.617: [GC361.617: [ParNew: 122240K->13568K(122240K), 0.0260710 secs] 299299K->205379K(396032K), 0.0261210 secs] [Times: user=0.18 sys=0.00, real=0.02 secs] 
361.643: Total time for which application threads were stopped: 0.0262920 seconds, Stopping threads took: 0.0001030 seconds
361.686: Application time: 0.0438330 seconds
361.687: [GC361.687: [ParNew: 122240K->13568K(122240K), 0.0385860 secs] 314051K->235141K(396032K), 0.0386310 secs] [Times: user=0.27 sys=0.00, real=0.04 secs] 
361.725: Total time for which application threads were stopped: 0.0387780 seconds, Stopping threads took: 0.0000780 seconds
361.778: [CMS-concurrent-mark: 0.217/0.309 secs] [Times: user=2.36 sys=0.00, real=0.31 secs] 
361.778: [CMS-concurrent-preclean-start]
361.793: Application time: 0.0680650 seconds
361.793: [GC361.793: [ParNew: 122240K->13568K(122240K), 0.0346500 secs] 343813K->255476K(396032K), 0.0347010 secs] [Times: user=0.24 sys=0.00, real=0.03 secs] 
361.828: Total time for which application threads were stopped: 0.0348370 seconds, Stopping threads took: 0.0000670 seconds
361.880: Application time: 0.0516440 seconds
361.880: [GC361.880: [ParNew: 122240K->13568K(122240K), 0.0336050 secs] 364148K->276200K(396032K), 0.0336510 secs] [Times: user=0.24 sys=0.00, real=0.04 secs] 
361.914: Total time for which application threads were stopped: 0.0338030 seconds, Stopping threads took: 0.0000830 seconds
361.973: Application time: 0.0589260 seconds
361.973: [GC361.973: [ParNew: 122240K->122240K(122240K), 0.0000150 secs]361.973: [CMS362.115: [CMS-concurrent-preclean: 0.266/0.336 secs] [Times: user=1.63 sys=0.00, real=0.34 secs] 
 (concurrent mode failure): 262632K->131159K(273792K), 0.4349820 secs] 384872K->131159K(396032K), [CMS Perm : 9130K->9130K(21248K)], 0.4350510 secs] [Times: user=0.43 sys=0.00, real=0.44 secs] 
362.408: Total time for which application threads were stopped: 0.4351820 seconds, Stopping threads took: 0.0000480 seconds
362.455: Application time: 0.0471230 seconds
362.455: [GC362.455: [ParNew: 108672K->13568K(122240K), 0.0153410 secs] 239831K->152506K(396032K), 0.0153890 secs] [Times: user=0.11 sys=0.00, real=0.01 secs] 
362.470: Total time for which application threads were stopped: 0.0155250 seconds, Stopping threads took: 0.0000640 seconds
362.513: Application time: 0.0426120 seconds
362.513: [GC362.513: [ParNew: 122240K->13568K(122240K), 0.0348810 secs] 261178K->183230K(396032K), 0.0349320 secs] [Times: user=0.24 sys=0.00, real=0.03 secs] 
362.548: Total time for which application threads were stopped: 0.0350840 seconds, Stopping threads took: 0.0000720 seconds
362.548: Application time: 0.0000980 seconds
362.548: [GC [1 CMS-initial-mark: 169662K(273792K)] 184607K(396032K), 0.0107280 secs] [Times: user=0.01 sys=0.00, real=0.01 secs] 
362.559: Total time for which application threads were stopped: 0.0108500 seconds, Stopping threads took: 0.0000740 seconds
362.559: [CMS-concurrent-mark-start]
362.617: Application time: 0.0582850 seconds
362.617: [GC362.617: [ParNew: 122240K->13567K(122240K), 0.0343690 secs] 291902K->203974K(396032K), 0.0344200 secs] [Times: user=0.24 sys=0.00, real=0.03 secs] 
362.652: Total time for which application threads were stopped: 0.0345790 seconds, Stopping threads took: 0.0000870 seconds
362.703: Application time: 0.0514320 seconds
362.703: [GC362.703: [ParNew: 122233K->13567K(122240K), 0.0330370 secs] 312640K->225279K(396032K), 0.0330870 secs] [Times: user=0.23 sys=0.00, real=0.04 secs] 
362.737: Total time for which application threads were stopped: 0.0332300 seconds, Stopping threads took: 0.0000710 seconds
362.788: Application time: 0.0512140 seconds
362.788: [GC362.788: [ParNew: 122239K->13566K(122240K), 0.0365380 secs] 333951K->251793K(396032K), 0.0365880 secs] [Times: user=0.25 sys=0.00, real=0.03 secs] 
362.825: Total time for which application threads were stopped: 0.0367200 seconds, Stopping threads took: 0.0000630 seconds
362.897: Application time: 0.0721090 seconds
362.897: [GC362.897: [ParNew: 122238K->13566K(122240K), 0.0330070 secs] 360465K->269104K(396032K), 0.0330620 secs] [Times: user=0.23 sys=0.00, real=0.03 secs] 
362.930: Total time for which application threads were stopped: 0.0332140 seconds, Stopping threads took: 0.0000830 seconds
362.978: [CMS-concurrent-mark: 0.281/0.419 secs] [Times: user=3.18 sys=0.01, real=0.42 secs] 
362.978: [CMS-concurrent-preclean-start]
362.989: Application time: 0.0586600 seconds
362.989: [GC362.989: [ParNew: 122238K->122238K(122240K), 0.0000130 secs]362.989: [CMS363.158: [CMS-concurrent-preclean: 0.178/0.180 secs] [Times: user=0.26 sys=0.00, real=0.18 secs] 
 (concurrent mode failure): 255538K->130971K(273792K), 0.4466090 secs] 377776K->130971K(396032K), [CMS Perm : 9130K->9130K(21248K)], 0.4466780 secs] [Times: user=0.45 sys=0.00, real=0.45 secs] 
363.435: Total time for which application threads were stopped: 0.4468390 seconds, Stopping threads took: 0.0000890 seconds
363.484: Application time: 0.0482220 seconds
363.484: [GC363.484: [ParNew: 108672K->13568K(122240K), 0.0209590 secs] 239643K->156792K(396032K), 0.0210190 secs] [Times: user=0.16 sys=0.00, real=0.03 secs] 
363.505: Total time for which application threads were stopped: 0.0212340 seconds, Stopping threads took: 0.0001100 seconds
363.562: Application time: 0.0574300 seconds
363.562: [GC363.562: [ParNew: 122240K->13562K(122240K), 0.0246050 secs] 265464K->169714K(396032K), 0.0246510 secs] [Times: user=0.17 sys=0.00, real=0.03 secs] 
363.587: Total time for which application threads were stopped: 0.0247840 seconds, Stopping threads took: 0.0000630 seconds
363.637: Application time: 0.0503770 seconds
363.638: [GC363.638: [ParNew: 122145K->13568K(122240K), 0.0255680 secs] 278298K->185333K(396032K), 0.0256270 secs] [Times: user=0.19 sys=0.00, real=0.02 secs] 
363.663: Total time for which application threads were stopped: 0.0258010 seconds, Stopping threads took: 0.0001020 seconds
363.663: Application time: 0.0000790 seconds
363.663: [GC [1 CMS-initial-mark: 171765K(273792K)] 186805K(396032K), 0.0111050 secs] [Times: user=0.01 sys=0.00, real=0.02 secs] 
363.675: Total time for which application threads were stopped: 0.0112450 seconds, Stopping threads took: 0.0000910 seconds
363.675: [CMS-concurrent-mark-start]
363.724: Application time: 0.0490700 seconds
363.724: [GC363.724: [ParNew: 122240K->13568K(122240K), 0.0399350 secs] 294005K->217580K(396032K), 0.0399830 secs] [Times: user=0.27 sys=0.00, real=0.04 secs] 
363.764: Total time for which application threads were stopped: 0.0401160 seconds, Stopping threads took: 0.0000630 seconds
363.816: Application time: 0.0521850 seconds
363.816: [GC363.816: [ParNew: 122240K->13568K(122240K), 0.0358010 secs] 326252K->241091K(396032K), 0.0358500 secs] [Times: user=0.25 sys=0.00, real=0.03 secs] 
363.852: Total time for which application threads were stopped: 0.0360050 seconds, Stopping threads took: 0.0000810 seconds
363.903: Application time: 0.0509130 seconds
363.903: [GC363.903: [ParNew: 122240K->13568K(122240K), 0.0387240 secs] 349763K->266789K(396032K), 0.0387740 secs] [Times: user=0.27 sys=0.00, real=0.04 secs] 
363.942: Total time for which application threads were stopped: 0.0389420 seconds, Stopping threads took: 0.0000980 seconds
364.004: Application time: 0.0618760 seconds
364.004: [GC364.004: [ParNew: 122240K->122240K(122240K), 0.0000160 secs]364.004: [CMS364.024: [CMS-concurrent-mark: 0.233/0.349 secs] [Times: user=2.53 sys=0.01, real=0.34 secs] 
 (concurrent mode failure): 253221K->139615K(273792K), 0.3437910 secs] 375461K->139615K(396032K), [CMS Perm : 9130K->9130K(21248K)], 0.3438590 secs] [Times: user=0.36 sys=0.00, real=0.35 secs] 
364.348: Total time for which application threads were stopped: 0.3439990 seconds, Stopping threads took: 0.0000580 seconds
364.399: Application time: 0.0511340 seconds
364.399: [GC364.399: [ParNew: 108672K->13568K(122240K), 0.0160310 secs] 248287K->159533K(396032K), 0.0160810 secs] [Times: user=0.12 sys=0.00, real=0.02 secs] 
364.415: Total time for which application threads were stopped: 0.0162610 seconds, Stopping threads took: 0.0001120 seconds
364.461: Application time: 0.0463670 seconds
364.462: [GC364.462: [ParNew: 122240K->13568K(122240K), 0.0311420 secs] 268205K->184412K(396032K), 0.0311920 secs] [Times: user=0.22 sys=0.00, real=0.03 secs] 
364.493: Total time for which application threads were stopped: 0.0313590 seconds, Stopping threads took: 0.0000770 seconds
364.493: Application time: 0.0000780 seconds
364.493: [GC [1 CMS-initial-mark: 170844K(273792K)] 185835K(396032K), 0.0107410 secs] [Times: user=0.01 sys=0.00, real=0.00 secs] 
364.504: Total time for which application threads were stopped: 0.0108580 seconds, Stopping threads took: 0.0000730 seconds
364.504: [CMS-concurrent-mark-start]
364.571: Application time: 0.0676480 seconds
364.572: [GC364.572: [ParNew: 122240K->13566K(122240K), 0.0270810 secs] 293084K->199239K(396032K), 0.0271280 secs] [Times: user=0.19 sys=0.00, real=0.03 secs] 
364.599: Total time for which application threads were stopped: 0.0272810 seconds, Stopping threads took: 0.0000750 seconds
364.657: Application time: 0.0579420 seconds
364.657: [GC364.657: [ParNew: 122238K->13568K(122240K), 0.0351080 secs] 307911K->222037K(396032K), 0.0351560 secs] [Times: user=0.25 sys=0.00, real=0.03 secs] 
364.692: Total time for which application threads were stopped: 0.0352700 seconds, Stopping threads took: 0.0000440 seconds
364.745: Application time: 0.0533980 seconds
364.745: [GC364.745: [ParNew: 122240K->13568K(122240K), 0.0335530 secs] 330709K->244935K(396032K), 0.0336030 secs] [Times: user=0.23 sys=0.00, real=0.03 secs] 
364.779: Total time for which application threads were stopped: 0.0337850 seconds, Stopping threads took: 0.0001140 seconds
364.819: [CMS-concurrent-mark: 0.219/0.315 secs] [Times: user=2.40 sys=0.00, real=0.32 secs] 
364.819: [CMS-concurrent-preclean-start]
364.826: Application time: 0.0466050 seconds
364.826: [GC364.826: [ParNew: 122240K->13568K(122240K), 0.0408680 secs] 353607K->275698K(396032K), 0.0409190 secs] [Times: user=0.28 sys=0.01, real=0.04 secs] 
364.867: Total time for which application threads were stopped: 0.0411330 seconds, Stopping threads took: 0.0001430 seconds
364.918: Application time: 0.0510480 seconds
364.918: [GC364.918: [ParNew: 122240K->122240K(122240K), 0.0000160 secs]364.918: [CMS365.068: [CMS-concurrent-preclean: 0.205/0.249 secs] [Times: user=0.90 sys=0.01, real=0.25 secs] 
 (concurrent mode failure): 262130K->151764K(273792K), 0.5013490 secs] 384370K->151764K(396032K), [CMS Perm : 9130K->9130K(21248K)], 0.5014200 secs] [Times: user=0.50 sys=0.00, real=0.50 secs] 
365.419: Total time for which application threads were stopped: 0.5015770 seconds, Stopping threads took: 0.0000850 seconds
365.478: Application time: 0.0586510 seconds
365.478: [GC365.478: [ParNew: 108672K->13568K(122240K), 0.0133910 secs] 260436K->165844K(396032K), 0.0134400 secs] [Times: user=0.10 sys=0.00, real=0.01 secs] 
365.492: Total time for which application threads were stopped: 0.0136010 seconds, Stopping threads took: 0.0000790 seconds
365.548: Application time: 0.0564470 seconds
365.549: [GC365.549: [ParNew: 122240K->13568K(122240K), 0.0235900 secs] 274516K->180244K(396032K), 0.0236390 secs] [Times: user=0.16 sys=0.01, real=0.02 secs] 
365.573: Total time for which application threads were stopped: 0.0245650 seconds, Stopping threads took: 0.0008530 seconds
365.618: Application time: 0.0449640 seconds
365.618: [GC365.618: [ParNew: 122240K->13568K(122240K), 0.0301180 secs] 288916K->202842K(396032K), 0.0301670 secs] [Times: user=0.21 sys=0.00, real=0.03 secs] 
365.648: Total time for which application threads were stopped: 0.0303330 seconds, Stopping threads took: 0.0000930 seconds
365.648: Application time: 0.0001380 seconds
365.648: [GC [1 CMS-initial-mark: 189274K(273792K)] 204512K(396032K), 0.0105050 secs] [Times: user=0.01 sys=0.00, real=0.01 secs] 
365.659: Total time for which application threads were stopped: 0.0106360 seconds, Stopping threads took: 0.0000800 seconds
365.659: [CMS-concurrent-mark-start]
365.727: Application time: 0.0678300 seconds
365.727: [GC365.727: [ParNew: 122240K->13568K(122240K), 0.0300630 secs] 311514K->220060K(396032K), 0.0301130 secs] [Times: user=0.21 sys=0.00, real=0.03 secs] 
365.757: Total time for which application threads were stopped: 0.0302540 seconds, Stopping threads took: 0.0000720 seconds
365.813: Application time: 0.0564780 seconds
365.813: [GC365.814: [ParNew: 122240K->13568K(122240K), 0.0311720 secs] 328732K->239591K(396032K), 0.0312220 secs] [Times: user=0.22 sys=0.00, real=0.02 secs] 
365.845: Total time for which application threads were stopped: 0.0313700 seconds, Stopping threads took: 0.0000790 seconds
365.889: Application time: 0.0445830 seconds
365.889: [GC365.889: [ParNew: 122240K->13568K(122240K), 0.0355080 secs] 348263K->267318K(396032K), 0.0355530 secs] [Times: user=0.24 sys=0.00, real=0.04 secs] 
365.925: Total time for which application threads were stopped: 0.0357140 seconds, Stopping threads took: 0.0000940 seconds
365.971: [CMS-concurrent-mark: 0.215/0.312 secs] [Times: user=2.36 sys=0.01, real=0.31 secs] 
365.971: [CMS-concurrent-preclean-start]
365.981: Application time: 0.0561490 seconds
365.981: [GC365.981: [ParNew: 122240K->122240K(122240K), 0.0000120 secs]365.981: [CMS366.121: [CMS-concurrent-preclean: 0.147/0.150 secs] [Times: user=0.24 sys=0.00, real=0.15 secs] 
 (concurrent mode failure): 253750K->143135K(273792K), 0.4449910 secs] 375990K->143135K(396032K), [CMS Perm : 9130K->9130K(21248K)], 0.4450630 secs] [Times: user=0.44 sys=0.00, real=0.45 secs] 
366.428: Total time for which application threads were stopped: 0.4467790 seconds, Stopping threads took: 0.0000790 seconds
366.476: Application time: 0.0479080 seconds
366.477: [GC366.477: [ParNew: 108672K->13568K(122240K), 0.0168820 secs] 251807K->165596K(396032K), 0.0169310 secs] [Times: user=0.13 sys=0.00, real=0.02 secs] 
366.494: Total time for which application threads were stopped: 0.0181270 seconds, Stopping threads took: 0.0010960 seconds
366.541: Application time: 0.0470860 seconds
366.541: [GC366.541: [ParNew: 122240K->13568K(122240K), 0.0329030 secs] 274268K->191205K(396032K), 0.0329520 secs] [Times: user=0.23 sys=0.00, real=0.04 secs] 
366.574: Total time for which application threads were stopped: 0.0331410 seconds, Stopping threads took: 0.0001060 seconds
366.574: Application time: 0.0000680 seconds
366.574: [GC [1 CMS-initial-mark: 177637K(273792K)] 192351K(396032K), 0.0112270 secs] [Times: user=0.01 sys=0.00, real=0.01 secs] 
366.586: Total time for which application threads were stopped: 0.0113350 seconds, Stopping threads took: 0.0000680 seconds
366.586: [CMS-concurrent-mark-start]
366.657: Application time: 0.0708850 seconds
366.657: [GC366.657: [ParNew: 122240K->13566K(122240K), 0.0277280 secs] 299877K->205328K(396032K), 0.0277770 secs] [Times: user=0.20 sys=0.00, real=0.02 secs] 
366.684: Total time for which application threads were stopped: 0.0278970 seconds, Stopping threads took: 0.0000480 seconds
366.752: Application time: 0.0673540 seconds
366.752: [GC366.752: [ParNew: 122238K->13568K(122240K), 0.0258830 secs] 314000K->219061K(396032K), 0.0259300 secs] [Times: user=0.18 sys=0.00, real=0.03 secs] 
366.778: Total time for which application threads were stopped: 0.0260840 seconds, Stopping threads took: 0.0000850 seconds
366.820: [CMS-concurrent-mark: 0.180/0.234 secs] [Times: user=1.81 sys=0.01, real=0.23 secs] 
366.820: [CMS-concurrent-preclean-start]
366.839: Application time: 0.0612600 seconds
366.839: [GC366.839: [ParNew: 122240K->13568K(122240K), 0.0315890 secs] 327733K->237705K(396032K), 0.0316300 secs] [Times: user=0.22 sys=0.00, real=0.03 secs] 
366.871: Total time for which application threads were stopped: 0.0317900 seconds, Stopping threads took: 0.0000900 seconds
366.921: Application time: 0.0498080 seconds
366.921: [GC366.921: [ParNew: 122240K->13568K(122240K), 0.0356960 secs] 346377K->261915K(396032K), 0.0357460 secs] [Times: user=0.24 sys=0.00, real=0.04 secs] 
366.957: Total time for which application threads were stopped: 0.0359010 seconds, Stopping threads took: 0.0000870 seconds
367.000: Application time: 0.0433180 seconds
367.000: [GC367.000: [ParNew: 122240K->122240K(122240K), 0.0000130 secs]367.000: [CMS367.122: [CMS-concurrent-preclean: 0.232/0.302 secs] [Times: user=1.49 sys=0.00, real=0.30 secs] 
 (concurrent mode failure): 248347K->134118K(273792K), 0.4046020 secs] 370587K->134118K(396032K), [CMS Perm : 9130K->9130K(21248K)], 0.4046700 secs] [Times: user=0.40 sys=0.01, real=0.41 secs] 
367.405: Total time for which application threads were stopped: 0.4048480 seconds, Stopping threads took: 0.0000950 seconds
367.454: Application time: 0.0495260 seconds
367.455: [GC367.455: [ParNew: 108672K->13568K(122240K), 0.0244980 secs] 242790K->163578K(396032K), 0.0245490 secs] [Times: user=0.17 sys=0.00, real=0.02 secs] 
367.479: Total time for which application threads were stopped: 0.0248530 seconds, Stopping threads took: 0.0002010 seconds
367.526: Application time: 0.0465880 seconds
367.526: [GC367.526: [ParNew: 122240K->13568K(122240K), 0.0342350 secs] 272250K->187704K(396032K), 0.0342870 secs] [Times: user=0.23 sys=0.00, real=0.03 secs] 
367.560: Total time for which application threads were stopped: 0.0345100 seconds, Stopping threads took: 0.0001480 seconds
367.560: Application time: 0.0000620 seconds
367.560: [GC [1 CMS-initial-mark: 174136K(273792K)] 188486K(396032K), 0.0111020 secs] [Times: user=0.02 sys=0.00, real=0.01 secs] 
367.572: Total time for which application threads were stopped: 0.0112110 seconds, Stopping threads took: 0.0000660 seconds
367.572: [CMS-concurrent-mark-start]
367.634: Application time: 0.0628960 seconds
367.635: [GC367.635: [ParNew: 122240K->13568K(122240K), 0.0289830 secs] 296376K->204828K(396032K), 0.0290310 secs] [Times: user=0.20 sys=0.00, real=0.02 secs] 
367.664: Total time for which application threads were stopped: 0.0291740 seconds, Stopping threads took: 0.0000760 seconds
367.728: Application time: 0.0639080 seconds
367.728: [GC367.728: [ParNew: 122240K->13568K(122240K), 0.0363540 secs] 313500K->227780K(396032K), 0.0364110 secs] [Times: user=0.26 sys=0.00, real=0.03 secs] 
367.764: Total time for which application threads were stopped: 0.0365830 seconds, Stopping threads took: 0.0001020 seconds
367.836: [CMS-concurrent-mark: 0.199/0.265 secs] [Times: user=2.03 sys=0.00, real=0.27 secs] 
367.836: [CMS-concurrent-preclean-start]
367.838: Application time: 0.0739630 seconds
367.838: [GC367.838: [ParNew: 122240K->13466K(122240K), 0.0261390 secs] 336452K->240600K(396032K), 0.0262030 secs] [Times: user=0.18 sys=0.00, real=0.02 secs] 
367.864: Total time for which application threads were stopped: 0.0263500 seconds, Stopping threads took: 0.0000770 seconds
367.918: Application time: 0.0533450 seconds
367.918: [GC367.918: [ParNew: 122138K->13568K(122240K), 0.0255480 secs] 349272K->254296K(396032K), 0.0255990 secs] [Times: user=0.18 sys=0.00, real=0.02 secs] 
367.944: Total time for which application threads were stopped: 0.0257480 seconds, Stopping threads took: 0.0000770 seconds
367.984: Application time: 0.0404330 seconds
367.984: [GC367.984: [ParNew: 122240K->13568K(122240K), 0.0364550 secs] 362968K->281762K(396032K), 0.0365080 secs] [Times: user=0.24 sys=0.00, real=0.04 secs] 
368.021: Total time for which application threads were stopped: 0.0367080 seconds, Stopping threads took: 0.0001150 seconds
368.080: Application time: 0.0590020 seconds
368.080: [GC368.080: [ParNew: 122240K->122240K(122240K), 0.0000160 secs]368.080: [CMS368.266: [CMS-concurrent-preclean: 0.338/0.429 secs] [Times: user=2.05 sys=0.00, real=0.43 secs] 
 (concurrent mode failure): 268194K->128215K(273792K), 0.4987260 secs] 390434K->128215K(396032K), [CMS Perm : 9130K->9130K(21248K)], 0.4987970 secs] [Times: user=0.50 sys=0.00, real=0.50 secs] 
368.579: Total time for which application threads were stopped: 0.4989220 seconds, Stopping threads took: 0.0000540 seconds
368.619: Application time: 0.0407310 seconds
368.620: [GC368.620: [ParNew: 108672K->13568K(122240K), 0.0192300 secs] 236887K->155792K(396032K), 0.0192800 secs] [Times: user=0.13 sys=0.00, real=0.02 secs] 
368.639: Total time for which application threads were stopped: 0.0195110 seconds, Stopping threads took: 0.0001280 seconds
368.682: Application time: 0.0430020 seconds
368.682: [GC368.682: [ParNew: 122240K->13568K(122240K), 0.0358550 secs] 264464K->186927K(396032K), 0.0359030 secs] [Times: user=0.24 sys=0.00, real=0.04 secs] 
368.718: Total time for which application threads were stopped: 0.0361150 seconds, Stopping threads took: 0.0001220 seconds
368.718: Application time: 0.0000740 seconds
368.718: [GC [1 CMS-initial-mark: 173359K(273792K)] 188106K(396032K), 0.0110680 secs] [Times: user=0.01 sys=0.00, real=0.01 secs] 
368.729: Total time for which application threads were stopped: 0.0111890 seconds, Stopping threads took: 0.0000780 seconds
368.729: [CMS-concurrent-mark-start]
368.779: Application time: 0.0495470 seconds
368.779: [GC368.779: [ParNew: 122240K->13568K(122240K), 0.0393710 secs] 295599K->212766K(396032K), 0.0394160 secs] [Times: user=0.27 sys=0.00, real=0.04 secs] 
368.818: Total time for which application threads were stopped: 0.0395460 seconds, Stopping threads took: 0.0000620 seconds
368.879: Application time: 0.0603600 seconds
368.879: [GC368.879: [ParNew: 122240K->13568K(122240K), 0.0328960 secs] 321438K->233365K(396032K), 0.0329420 secs] [Times: user=0.23 sys=0.00, real=0.03 secs] 
368.912: Total time for which application threads were stopped: 0.0330930 seconds, Stopping threads took: 0.0000820 seconds
368.986: Application time: 0.0739060 seconds
368.986: [GC368.986: [ParNew: 122240K->13568K(122240K), 0.0266200 secs] 342037K->246269K(396032K), 0.0266700 secs] [Times: user=0.19 sys=0.00, real=0.02 secs] 
369.013: Total time for which application threads were stopped: 0.0268220 seconds, Stopping threads took: 0.0000840 seconds
369.062: [CMS-concurrent-mark: 0.233/0.333 secs] [Times: user=2.55 sys=0.00, real=0.33 secs] 
369.062: [CMS-concurrent-preclean-start]
369.079: Application time: 0.0666010 seconds
369.079: [GC369.079: [ParNew: 122240K->13568K(122240K), 0.0240750 secs] 354941K->257881K(396032K), 0.0241230 secs] [Times: user=0.17 sys=0.00, real=0.02 secs] 
369.103: Total time for which application threads were stopped: 0.0242730 seconds, Stopping threads took: 0.0000830 seconds
369.162: Application time: 0.0588090 seconds
369.162: [GC369.162: [ParNew: 122240K->13568K(122240K), 0.0288670 secs] 366553K->274589K(396032K), 0.0289160 secs] [Times: user=0.21 sys=0.00, real=0.03 secs] 
369.191: Total time for which application threads were stopped: 0.0290860 seconds, Stopping threads took: 0.0000890 seconds
369.236: Application time: 0.0447900 seconds
369.236: [GC369.236: [ParNew: 122240K->122240K(122240K), 0.0000160 secs]369.236: [CMS369.371: [CMS-concurrent-preclean: 0.253/0.309 secs] [Times: user=1.48 sys=0.00, real=0.31 secs] 
 (concurrent mode failure): 261021K->116328K(273792K), 0.4077790 secs] 383261K->116328K(396032K), [CMS Perm : 9130K->9130K(21248K)], 0.4078540 secs] [Times: user=0.41 sys=0.00, real=0.40 secs] 
369.644: Total time for which application threads were stopped: 0.4080640 seconds, Stopping threads took: 0.0001350 seconds
369.687: Application time: 0.0431230 seconds
369.688: [GC369.688: [ParNew: 108672K->13568K(122240K), 0.0249340 secs] 225000K->148273K(396032K), 0.0249840 secs] [Times: user=0.17 sys=0.00, real=0.02 secs] 
369.713: Total time for which application threads were stopped: 0.0252150 seconds, Stopping threads took: 0.0001320 seconds
369.757: Application time: 0.0444290 seconds
369.757: [GC369.757: [ParNew: 122240K->13568K(122240K), 0.0383760 secs] 256945K->178256K(396032K), 0.0384270 secs] [Times: user=0.27 sys=0.00, real=0.04 secs] 
369.796: Total time for which application threads were stopped: 0.0386220 seconds, Stopping threads took: 0.0001230 seconds
369.796: Application time: 0.0000630 seconds
369.796: [GC [1 CMS-initial-mark: 164688K(273792K)] 178709K(396032K), 0.0112530 secs] [Times: user=0.01 sys=0.00, real=0.01 secs] 
369.807: Total time for which application threads were stopped: 0.0113470 seconds, Stopping threads took: 0.0000480 seconds
369.807: [CMS-concurrent-mark-start]
369.858: Application time: 0.0511520 seconds
369.858: [GC369.858: [ParNew: 122240K->13568K(122240K), 0.0372700 secs] 286928K->203654K(396032K), 0.0373190 secs] [Times: user=0.25 sys=0.00, real=0.04 secs] 
369.896: Total time for which application threads were stopped: 0.0375220 seconds, Stopping threads took: 0.0001330 seconds
369.957: Application time: 0.0611410 seconds
369.957: [GC369.957: [ParNew: 122240K->13568K(122240K), 0.0334520 secs] 312326K->223496K(396032K), 0.0335030 secs] [Times: user=0.23 sys=0.00, real=0.03 secs] 
369.990: Total time for which application threads were stopped: 0.0336800 seconds, Stopping threads took: 0.0001070 seconds
370.052: Application time: 0.0617130 seconds
370.052: [GC370.052: [ParNew: 122240K->13568K(122240K), 0.0323400 secs] 332168K->241288K(396032K), 0.0323880 secs] [Times: user=0.23 sys=0.00, real=0.03 secs] 
370.085: Total time for which application threads were stopped: 0.0325360 seconds, Stopping threads took: 0.0000820 seconds
370.149: [CMS-concurrent-mark: 0.238/0.342 secs] [Times: user=2.61 sys=0.01, real=0.34 secs] 
370.149: [CMS-concurrent-preclean-start]
370.158: Application time: 0.0732010 seconds
370.158: [GC370.158: [ParNew: 122240K->13354K(122240K), 0.0245680 secs] 349960K->253815K(396032K), 0.0246150 secs] [Times: user=0.18 sys=0.00, real=0.02 secs] 
370.183: Total time for which application threads were stopped: 0.0247780 seconds, Stopping threads took: 0.0000940 seconds
370.240: Application time: 0.0573180 seconds
370.240: [GC370.240: [ParNew: 122026K->13568K(122240K), 0.0239860 secs] 362487K->266058K(396032K), 0.0240360 secs] [Times: user=0.18 sys=0.00, real=0.02 secs] 
370.264: Total time for which application threads were stopped: 0.0242170 seconds, Stopping threads took: 0.0000990 seconds
370.314: Application time: 0.0494710 seconds
370.314: [GC370.314: [ParNew: 122240K->122240K(122240K), 0.0000150 secs]370.314: [CMS370.447: [CMS-concurrent-preclean: 0.247/0.298 secs] [Times: user=1.40 sys=0.00, real=0.30 secs] 
 (concurrent mode failure): 252490K->122514K(273792K), 0.4035000 secs] 374730K->122514K(396032K), [CMS Perm : 9130K->9130K(21248K)], 0.4035780 secs] [Times: user=0.40 sys=0.00, real=0.40 secs] 
370.717: Total time for which application threads were stopped: 0.4037180 seconds, Stopping threads took: 0.0000710 seconds
370.763: Application time: 0.0459580 seconds
370.764: [GC370.764: [ParNew: 108672K->13568K(122240K), 0.0228930 secs] 231186K->152354K(396032K), 0.0229410 secs] [Times: user=0.16 sys=0.00, real=0.03 secs] 
370.787: Total time for which application threads were stopped: 0.0230890 seconds, Stopping threads took: 0.0000600 seconds
370.826: Application time: 0.0392590 seconds
370.826: [GC370.826: [ParNew: 122240K->13568K(122240K), 0.0351710 secs] 261026K->181285K(396032K), 0.0352190 secs] [Times: user=0.24 sys=0.00, real=0.03 secs] 
370.861: Total time for which application threads were stopped: 0.0355020 seconds, Stopping threads took: 0.0001910 seconds
370.861: Application time: 0.0000580 seconds
370.861: [GC [1 CMS-initial-mark: 167717K(273792K)] 182384K(396032K), 0.0108110 secs] [Times: user=0.01 sys=0.00, real=0.01 secs] 
370.872: Total time for which application threads were stopped: 0.0109240 seconds, Stopping threads took: 0.0000660 seconds
370.872: [CMS-concurrent-mark-start]
370.938: Application time: 0.0657700 seconds
370.938: [GC370.938: [ParNew: 122240K->13568K(122240K), 0.0363790 secs] 289957K->203453K(396032K), 0.0364280 secs] [Times: user=0.25 sys=0.00, real=0.04 secs] 
370.975: Total time for which application threads were stopped: 0.0365630 seconds, Stopping threads took: 0.0000650 seconds
371.024: Application time: 0.0492100 seconds
371.024: [GC371.024: [ParNew: 122240K->13568K(122240K), 0.0393900 secs] 312125K->230289K(396032K), 0.0394380 secs] [Times: user=0.26 sys=0.00, real=0.04 secs] 
371.063: Total time for which application threads were stopped: 0.0395710 seconds, Stopping threads took: 0.0000620 seconds
371.131: Application time: 0.0674420 seconds
371.131: [GC371.131: [ParNew: 122240K->13568K(122240K), 0.0308180 secs] 338961K->248141K(396032K), 0.0308640 secs] [Times: user=0.22 sys=0.00, real=0.03 secs] 
371.162: Total time for which application threads were stopped: 0.0310340 seconds, Stopping threads took: 0.0001000 seconds
371.190: [CMS-concurrent-mark: 0.211/0.318 secs] [Times: user=2.42 sys=0.00, real=0.32 secs] 
371.190: [CMS-concurrent-preclean-start]
371.222: Application time: 0.0601370 seconds
371.222: [GC371.222: [ParNew: 122240K->13566K(122240K), 0.0316530 secs] 356813K->266194K(396032K), 0.0317000 secs] [Times: user=0.22 sys=0.00, real=0.04 secs] 
371.254: Total time for which application threads were stopped: 0.0318470 seconds, Stopping threads took: 0.0000780 seconds
371.316: Application time: 0.0622340 seconds
371.316: [GC371.316: [ParNew: 122238K->122238K(122240K), 0.0000120 secs]371.316: [CMS371.449: [CMS-concurrent-preclean: 0.225/0.259 secs] [Times: user=1.11 sys=0.00, real=0.26 secs] 
 (concurrent mode failure): 252627K->115233K(273792K), 0.3867430 secs] 374866K->115233K(396032K), [CMS Perm : 9130K->9130K(21248K)], 0.3868100 secs] [Times: user=0.39 sys=0.00, real=0.38 secs] 
371.703: Total time for which application threads were stopped: 0.3870220 seconds, Stopping threads took: 0.0001300 seconds
371.745: Application time: 0.0423210 seconds
371.746: [GC371.746: [ParNew: 108672K->13566K(122240K), 0.0176760 secs] 223905K->140183K(396032K), 0.0177260 secs] [Times: user=0.12 sys=0.00, real=0.01 secs] 
371.763: Total time for which application threads were stopped: 0.0180220 seconds, Stopping threads took: 0.0002060 seconds
371.812: Application time: 0.0482390 seconds
371.812: [GC371.812: [ParNew: 122238K->13568K(122240K), 0.0364770 secs] 248855K->170298K(396032K), 0.0365250 secs] [Times: user=0.25 sys=0.00, real=0.04 secs] 
371.848: Total time for which application threads were stopped: 0.0366880 seconds, Stopping threads took: 0.0000920 seconds
371.849: Application time: 0.0001080 seconds
371.849: [GC [1 CMS-initial-mark: 156730K(273792K)] 171694K(396032K), 0.0110500 secs] [Times: user=0.01 sys=0.00, real=0.01 secs] 
371.860: Total time for which application threads were stopped: 0.0111710 seconds, Stopping threads took: 0.0000660 seconds
371.860: [CMS-concurrent-mark-start]
371.922: Application time: 0.0619560 seconds
371.922: [GC371.922: [ParNew: 122240K->13568K(122240K), 0.0292740 secs] 278970K->186849K(396032K), 0.0293240 secs] [Times: user=0.20 sys=0.00, real=0.03 secs] 
371.951: Total time for which application threads were stopped: 0.0294660 seconds, Stopping threads took: 0.0000710 seconds
372.005: Application time: 0.0543520 seconds
372.006: [GC372.006: [ParNew: 122191K->13568K(122240K), 0.0376400 secs] 295473K->213428K(396032K), 0.0376860 secs] [Times: user=0.26 sys=0.00, real=0.03 secs] 
372.043: Total time for which application threads were stopped: 0.0378500 seconds, Stopping threads took: 0.0000960 seconds
372.093: Application time: 0.0494290 seconds
372.093: [GC372.093: [ParNew: 122240K->13568K(122240K), 0.0400220 secs] 322100K->241826K(396032K), 0.0400700 secs] [Times: user=0.27 sys=0.00, real=0.04 secs] 
372.133: Total time for which application threads were stopped: 0.0402280 seconds, Stopping threads took: 0.0000860 seconds
372.192: Application time: 0.0589880 seconds
372.192: [GC372.192: [ParNew: 122240K->13568K(122240K), 0.0400130 secs] 350498K->268019K(396032K), 0.0400620 secs] [Times: user=0.28 sys=0.00, real=0.04 secs] 
372.232: Total time for which application threads were stopped: 0.0402020 seconds, Stopping threads took: 0.0000670 seconds
372.273: [CMS-concurrent-mark: 0.265/0.413 secs] [Times: user=3.14 sys=0.00, real=0.42 secs] 
372.273: [CMS-concurrent-preclean-start]
372.294: Application time: 0.0613470 seconds
372.294: [GC372.294: [ParNew: 122240K->122240K(122240K), 0.0000150 secs]372.294: [CMS372.462: [CMS-concurrent-preclean: 0.187/0.189 secs] [Times: user=0.33 sys=0.00, real=0.18 secs] 
 (concurrent mode failure): 254451K->146111K(273792K), 0.4816740 secs] 376691K->146111K(396032K), [CMS Perm : 9130K->9130K(21248K)], 0.4817420 secs] [Times: user=0.48 sys=0.00, real=0.48 secs] 
372.775: Total time for which application threads were stopped: 0.4818650 seconds, Stopping threads took: 0.0000510 seconds
372.828: Application time: 0.0526730 seconds
372.828: [GC372.828: [ParNew: 108550K->13568K(122240K), 0.0127600 secs] 254661K->162798K(396032K), 0.0128050 secs] [Times: user=0.09 sys=0.00, real=0.01 secs] 
372.841: Total time for which application threads were stopped: 0.0130670 seconds, Stopping threads took: 0.0001600 seconds
372.886: Application time: 0.0452640 seconds
372.887: [GC372.887: [ParNew: 122240K->13566K(122240K), 0.0318280 secs] 271470K->189745K(396032K), 0.0318770 secs] [Times: user=0.21 sys=0.01, real=0.03 secs] 
372.918: Total time for which application threads were stopped: 0.0320300 seconds, Stopping threads took: 0.0000810 seconds
372.919: Application time: 0.0001080 seconds
372.919: [GC [1 CMS-initial-mark: 176178K(273792K)] 191182K(396032K), 0.0111710 secs] [Times: user=0.01 sys=0.00, real=0.01 secs] 
372.930: Total time for which application threads were stopped: 0.0113070 seconds, Stopping threads took: 0.0000880 seconds
372.930: [CMS-concurrent-mark-start]
372.996: Application time: 0.0659640 seconds
372.996: [GC372.996: [ParNew: 122238K->13566K(122240K), 0.0285590 secs] 298417K->204105K(396032K), 0.0286070 secs] [Times: user=0.21 sys=0.00, real=0.02 secs] 
373.025: Total time for which application threads were stopped: 0.0287170 seconds, Stopping threads took: 0.0000410 seconds
373.097: Application time: 0.0724760 seconds
373.097: [GC373.097: [ParNew: 122238K->13568K(122240K), 0.0252170 secs] 312777K->217345K(396032K), 0.0252660 secs] [Times: user=0.18 sys=0.00, real=0.02 secs] 
373.122: Total time for which application threads were stopped: 0.0253900 seconds, Stopping threads took: 0.0000540 seconds
373.172: [CMS-concurrent-mark: 0.188/0.242 secs] [Times: user=1.87 sys=0.00, real=0.24 secs] 
373.172: [CMS-concurrent-preclean-start]
373.175: Application time: 0.0530110 seconds
373.176: [GC373.176: [ParNew: 122240K->13568K(122240K), 0.0303930 secs] 326017K->236825K(396032K), 0.0304400 secs] [Times: user=0.21 sys=0.00, real=0.03 secs] 
373.206: Total time for which application threads were stopped: 0.0306230 seconds, Stopping threads took: 0.0001110 seconds
373.249: Application time: 0.0426470 seconds
373.249: [GC373.249: [ParNew: 122240K->13568K(122240K), 0.0390110 secs] 345497K->266663K(396032K), 0.0390600 secs] [Times: user=0.27 sys=0.00, real=0.04 secs] 
373.288: Total time for which application threads were stopped: 0.0392230 seconds, Stopping threads took: 0.0000910 seconds
373.333: Application time: 0.0447510 seconds
373.333: [GC373.333: [ParNew: 122240K->122240K(122240K), 0.0000130 secs]373.333: [CMS373.461: [CMS-concurrent-preclean: 0.217/0.289 secs] [Times: user=1.34 sys=0.00, real=0.29 secs] 
 (concurrent mode failure): 253095K->142088K(273792K), 0.4257820 secs] 375335K->142088K(396032K), [CMS Perm : 9130K->9130K(21248K)], 0.4258500 secs] [Times: user=0.42 sys=0.00, real=0.42 secs] 
373.759: Total time for which application threads were stopped: 0.4259950 seconds, Stopping threads took: 0.0000580 seconds
373.811: Application time: 0.0521180 seconds
373.811: [GC373.811: [ParNew: 108672K->13568K(122240K), 0.0205060 secs] 250760K->164406K(396032K), 0.0205520 secs] [Times: user=0.15 sys=0.00, real=0.02 secs] 
373.832: Total time for which application threads were stopped: 0.0207130 seconds, Stopping threads took: 0.0000920 seconds
373.874: Application time: 0.0420860 seconds
373.874: [GC373.874: [ParNew: 122240K->13568K(122240K), 0.0335810 secs] 273078K->191310K(396032K), 0.0336300 secs] [Times: user=0.23 sys=0.00, real=0.03 secs] 
373.907: Total time for which application threads were stopped: 0.0337970 seconds, Stopping threads took: 0.0000770 seconds
373.908: Application time: 0.0001220 seconds
373.908: [GC [1 CMS-initial-mark: 177742K(273792K)] 192690K(396032K), 0.0102960 secs] [Times: user=0.01 sys=0.00, real=0.01 secs] 
373.918: Total time for which application threads were stopped: 0.0104590 seconds, Stopping threads took: 0.0001190 seconds
373.918: [CMS-concurrent-mark-start]
373.968: Application time: 0.0504720 seconds
373.969: [GC373.969: [ParNew: 122240K->13568K(122240K), 0.0415850 secs] 299982K->221827K(396032K), 0.0416310 secs] [Times: user=0.29 sys=0.00, real=0.04 secs] 
374.010: Total time for which application threads were stopped: 0.0418040 seconds, Stopping threads took: 0.0000930 seconds
374.080: Application time: 0.0699120 seconds
374.080: [GC374.080: [ParNew: 122240K->13568K(122240K), 0.0278340 secs] 330499K->234951K(396032K), 0.0278860 secs] [Times: user=0.20 sys=0.00, real=0.03 secs] 
374.108: Total time for which application threads were stopped: 0.0280770 seconds, Stopping threads took: 0.0001190 seconds
374.182: Application time: 0.0741300 seconds
374.182: [GC374.183: [ParNew: 122240K->12213K(122240K), 0.0225650 secs] 343623K->244822K(396032K), 0.0226090 secs] [Times: user=0.16 sys=0.00, real=0.03 secs] 
374.205: Total time for which application threads were stopped: 0.0227510 seconds, Stopping threads took: 0.0000750 seconds
374.265: [CMS-concurrent-mark: 0.254/0.347 secs] [Times: user=2.68 sys=0.00, real=0.35 secs] 
374.265: [CMS-concurrent-preclean-start]
374.266: Application time: 0.0612680 seconds
374.267: [GC374.267: [ParNew: 120885K->13568K(122240K), 0.0260540 secs] 353494K->260420K(396032K), 0.0260970 secs] [Times: user=0.19 sys=0.00, real=0.02 secs] 
374.293: Total time for which application threads were stopped: 0.0262490 seconds, Stopping threads took: 0.0000860 seconds
374.343: Application time: 0.0505730 seconds
374.343: [GC374.343: [ParNew (promotion failed): 122240K->122240K(122240K), 1.3161420 secs]375.660: [CMS375.799: [CMS-concurrent-preclean: 0.190/1.534 secs] [Times: user=2.71 sys=0.23, real=1.53 secs] 
 (concurrent mode failure): 270680K->117697K(273792K), 0.4026680 secs] 369092K->117697K(396032K), [CMS Perm : 9130K->9130K(21248K)], 1.7188880 secs] [Times: user=2.40 sys=0.22, real=1.72 secs] 
376.062: Total time for which application threads were stopped: 1.7190540 seconds, Stopping threads took: 0.0000620 seconds
376.104: Application time: 0.0412420 seconds
376.104: [GC376.104: [ParNew: 108456K->13568K(122240K), 0.0223750 secs] 226154K->147982K(396032K), 0.0224210 secs] [Times: user=0.15 sys=0.00, real=0.03 secs] 
376.126: Total time for which application threads were stopped: 0.0226150 seconds, Stopping threads took: 0.0001120 seconds
376.172: Application time: 0.0454150 seconds
376.172: [GC376.172: [ParNew: 122240K->13568K(122240K), 0.0373610 secs] 256654K->176996K(396032K), 0.0374100 secs] [Times: user=0.25 sys=0.00, real=0.04 secs] 
376.209: Total time for which application threads were stopped: 0.0376190 seconds, Stopping threads took: 0.0001400 seconds
376.221: Application time: 0.0116560 seconds
376.222: [GC [1 CMS-initial-mark: 163428K(273792K)] 200245K(396032K), 0.0272750 secs] [Times: user=0.03 sys=0.00, real=0.03 secs] 
376.250: Total time for which application threads were stopped: 0.0288920 seconds, Stopping threads took: 0.0015430 seconds
376.250: [CMS-concurrent-mark-start]
376.303: Application time: 0.0528080 seconds
376.303: [GC376.303: [ParNew: 122240K->13568K(122240K), 0.0320890 secs] 285668K->195377K(396032K), 0.0321400 secs] [Times: user=0.22 sys=0.00, real=0.04 secs] 
376.335: Total time for which application threads were stopped: 0.0322790 seconds, Stopping threads took: 0.0000670 seconds
376.389: Application time: 0.0546600 seconds
376.390: [GC376.390: [ParNew: 122240K->13568K(122240K), 0.0353560 secs] 304049K->218731K(396032K), 0.0354030 secs] [Times: user=0.24 sys=0.00, real=0.04 secs] 
376.425: Total time for which application threads were stopped: 0.0355240 seconds, Stopping threads took: 0.0000540 seconds
376.483: Application time: 0.0583900 seconds
376.483: [GC376.483: [ParNew: 122240K->13568K(122240K), 0.0342860 secs] 327403K->240440K(396032K), 0.0343360 secs] [Times: user=0.22 sys=0.01, real=0.04 secs] 
376.518: Total time for which application threads were stopped: 0.0344260 seconds, Stopping threads took: 0.0000190 seconds
376.585: Application time: 0.0673650 seconds
376.585: [GC376.585: [ParNew: 122240K->13568K(122240K), 0.0297010 secs] 349112K->256143K(396032K), 0.0297490 secs] [Times: user=0.22 sys=0.00, real=0.03 secs] 
376.615: Total time for which application threads were stopped: 0.0298870 seconds, Stopping threads took: 0.0000710 seconds
376.645: [CMS-concurrent-mark: 0.263/0.395 secs] [Times: user=3.00 sys=0.01, real=0.40 secs] 
376.647: [CMS-concurrent-preclean-start]
376.675: Application time: 0.0594540 seconds
376.675: [GC376.675: [ParNew: 122240K->13568K(122240K), 0.0268080 secs] 364815K->271048K(396032K), 0.0268550 secs] [Times: user=0.19 sys=0.00, real=0.02 secs] 
376.702: Total time for which application threads were stopped: 0.0270160 seconds, Stopping threads took: 0.0000780 seconds
376.755: Application time: 0.0534740 seconds
376.755: [GC376.755: [ParNew: 122240K->122240K(122240K), 0.0000140 secs]376.755: [CMS376.912: [CMS-concurrent-preclean: 0.237/0.265 secs] [Times: user=1.01 sys=0.00, real=0.26 secs] 
 (concurrent mode failure): 257480K->128779K(273792K), 0.4560920 secs] 379720K->128779K(396032K), [CMS Perm : 9130K->9130K(21248K)], 0.4561640 secs] [Times: user=0.46 sys=0.00, real=0.45 secs] 
377.211: Total time for which application threads were stopped: 0.4562570 seconds, Stopping threads took: 0.0000240 seconds
377.260: Application time: 0.0487330 seconds
377.260: [GC377.260: [ParNew: 108672K->13568K(122240K), 0.0206860 secs] 237451K->154798K(396032K), 0.0207330 secs] [Times: user=0.15 sys=0.00, real=0.02 secs] 
377.281: Total time for which application threads were stopped: 0.0209840 seconds, Stopping threads took: 0.0001480 seconds
377.324: Application time: 0.0429670 seconds
377.324: [GC377.324: [ParNew: 122240K->13568K(122240K), 0.0340010 secs] 263470K->181608K(396032K), 0.0340500 secs] [Times: user=0.24 sys=0.00, real=0.04 secs] 
377.358: Total time for which application threads were stopped: 0.0342600 seconds, Stopping threads took: 0.0001310 seconds
377.358: Application time: 0.0000560 seconds
377.358: [GC [1 CMS-initial-mark: 168040K(273792K)] 182388K(396032K), 0.0107500 secs] [Times: user=0.01 sys=0.00, real=0.01 secs] 
377.369: Total time for which application threads were stopped: 0.0108590 seconds, Stopping threads took: 0.0000670 seconds
377.369: [CMS-concurrent-mark-start]
377.426: Application time: 0.0572550 seconds
377.427: [GC377.427: [ParNew: 122240K->13568K(122240K), 0.0381080 secs] 290280K->208039K(396032K), 0.0381570 secs] [Times: user=0.26 sys=0.00, real=0.03 secs] 
377.465: Total time for which application threads were stopped: 0.0383260 seconds, Stopping threads took: 0.0000970 seconds
377.523: Application time: 0.0580040 seconds
377.523: [GC377.523: [ParNew: 122240K->13568K(122240K), 0.0358600 secs] 316711K->230803K(396032K), 0.0359050 secs] [Times: user=0.25 sys=0.00, real=0.04 secs] 
377.559: Total time for which application threads were stopped: 0.0360300 seconds, Stopping threads took: 0.0000570 seconds
377.608: Application time: 0.0490660 seconds
377.608: [GC377.608: [ParNew: 122240K->13568K(122240K), 0.0374410 secs] 339475K->256159K(396032K), 0.0374900 secs] [Times: user=0.25 sys=0.00, real=0.04 secs] 
377.646: Total time for which application threads were stopped: 0.0376600 seconds, Stopping threads took: 0.0000990 seconds
377.713: Application time: 0.0670120 seconds
377.713: [GC377.713: [ParNew: 122240K->13567K(122240K), 0.0278090 secs] 364831K->271310K(396032K), 0.0278550 secs] [Times: user=0.20 sys=0.00, real=0.03 secs] 
377.741: Total time for which application threads were stopped: 0.0280160 seconds, Stopping threads took: 0.0000920 seconds
377.774: [CMS-concurrent-mark: 0.264/0.405 secs] [Times: user=3.05 sys=0.02, real=0.41 secs] 
377.774: [CMS-concurrent-preclean-start]
377.800: Application time: 0.0595730 seconds
377.800: [GC377.800: [ParNew: 122239K->122239K(122240K), 0.0000140 secs]377.800: [CMS377.958: [CMS-concurrent-preclean: 0.182/0.184 secs] [Times: user=0.38 sys=0.00, real=0.18 secs] 
 (concurrent mode failure): 257743K->137661K(273792K), 0.4834730 secs] 379982K->137661K(396032K), [CMS Perm : 9130K->9130K(21248K)], 0.4835420 secs] [Times: user=0.48 sys=0.00, real=0.48 secs] 
378.284: Total time for which application threads were stopped: 0.4836890 seconds, Stopping threads took: 0.0000640 seconds
378.339: Application time: 0.0548720 seconds
378.339: [GC378.339: [ParNew: 108323K->13568K(122240K), 0.0150480 secs] 245985K->155191K(396032K), 0.0150940 secs] [Times: user=0.12 sys=0.00, real=0.02 secs] 
378.354: Total time for which application threads were stopped: 0.0154550 seconds, Stopping threads took: 0.0002630 seconds
378.404: Application time: 0.0497520 seconds
378.404: [GC378.404: [ParNew: 122240K->13568K(122240K), 0.0276490 secs] 263863K->174611K(396032K), 0.0276990 secs] [Times: user=0.20 sys=0.00, real=0.03 secs] 
378.432: Total time for which application threads were stopped: 0.0278830 seconds, Stopping threads took: 0.0001120 seconds
378.432: Application time: 0.0000430 seconds
378.432: [GC [1 CMS-initial-mark: 161043K(273792K)] 175123K(396032K), 0.0110310 secs] [Times: user=0.01 sys=0.00, real=0.01 secs] 
378.443: Total time for which application threads were stopped: 0.0111160 seconds, Stopping threads took: 0.0000430 seconds
378.443: [CMS-concurrent-mark-start]
378.502: Application time: 0.0592840 seconds
378.502: [GC378.502: [ParNew: 122240K->13568K(122240K), 0.0318490 secs] 283283K->196294K(396032K), 0.0318980 secs] [Times: user=0.22 sys=0.00, real=0.04 secs] 
378.534: Total time for which application threads were stopped: 0.0320490 seconds, Stopping threads took: 0.0000810 seconds
378.581: Application time: 0.0465940 seconds
378.581: [GC378.581: [ParNew: 122240K->13568K(122240K), 0.0381240 secs] 304966K->224851K(396032K), 0.0381780 secs] [Times: user=0.26 sys=0.01, real=0.04 secs] 
378.619: Total time for which application threads were stopped: 0.0383390 seconds, Stopping threads took: 0.0000890 seconds
378.676: Application time: 0.0572090 seconds
378.677: [GC378.677: [ParNew: 122240K->13568K(122240K), 0.0387260 secs] 333523K->250975K(396032K), 0.0387840 secs] [Times: user=0.27 sys=0.00, real=0.04 secs] 
378.715: Total time for which application threads were stopped: 0.0389570 seconds, Stopping threads took: 0.0001010 seconds
378.764: Application time: 0.0481340 seconds
378.764: [GC378.764: [ParNew: 122240K->13568K(122240K), 0.0398250 secs] 359647K->278817K(396032K), 0.0398710 secs] [Times: user=0.27 sys=0.00, real=0.04 secs] 
378.804: Total time for which application threads were stopped: 0.0400180 seconds, Stopping threads took: 0.0000740 seconds
378.859: Application time: 0.0555680 seconds
378.859: [GC378.859: [ParNew: 122240K->122240K(122240K), 0.0000150 secs]378.859: [CMS378.876: [CMS-concurrent-mark: 0.282/0.433 secs] [Times: user=3.18 sys=0.01, real=0.44 secs] 
 (concurrent mode failure): 265249K->149502K(273792K), 0.3580450 secs] 387489K->149502K(396032K), [CMS Perm : 9130K->9130K(21248K)], 0.3581130 secs] [Times: user=0.38 sys=0.00, real=0.36 secs] 
379.217: Total time for which application threads were stopped: 0.3582680 seconds, Stopping threads took: 0.0000650 seconds
379.268: Application time: 0.0507740 seconds
379.268: [GC379.268: [ParNew: 108672K->13566K(122240K), 0.0149210 secs] 258174K->169006K(396032K), 0.0149700 secs] [Times: user=0.11 sys=0.00, real=0.01 secs] 
379.283: Total time for which application threads were stopped: 0.0151560 seconds, Stopping threads took: 0.0001250 seconds
379.341: Application time: 0.0573000 seconds
379.341: [GC379.341: [ParNew: 122238K->13566K(122240K), 0.0259910 secs] 277678K->184920K(396032K), 0.0260420 secs] [Times: user=0.19 sys=0.00, real=0.03 secs] 
379.367: Total time for which application threads were stopped: 0.0262340 seconds, Stopping threads took: 0.0001110 seconds
379.380: Application time: 0.0131340 seconds
379.381: [GC [1 CMS-initial-mark: 171354K(273792K)] 207524K(396032K), 0.0265870 secs] [Times: user=0.03 sys=0.00, real=0.03 secs] 
379.407: Total time for which application threads were stopped: 0.0274980 seconds, Stopping threads took: 0.0008450 seconds
379.408: [CMS-concurrent-mark-start]
379.468: Application time: 0.0602870 seconds
379.468: [GC379.468: [ParNew: 122238K->12881K(122240K), 0.0241180 secs] 293592K->196025K(396032K), 0.0241640 secs] [Times: user=0.17 sys=0.00, real=0.02 secs] 
379.492: Total time for which application threads were stopped: 0.0243180 seconds, Stopping threads took: 0.0000830 seconds
379.551: Application time: 0.0589440 seconds
379.551: [GC379.551: [ParNew: 121553K->13568K(122240K), 0.0247680 secs] 304697K->210524K(396032K), 0.0248150 secs] [Times: user=0.18 sys=0.00, real=0.03 secs] 
379.576: Total time for which application threads were stopped: 0.0250040 seconds, Stopping threads took: 0.0001200 seconds
379.625: Application time: 0.0484600 seconds
379.625: [GC379.625: [ParNew: 122240K->13568K(122240K), 0.0404660 secs] 319196K->243532K(396032K), 0.0405130 secs] [Times: user=0.28 sys=0.00, real=0.05 secs] 
379.665: Total time for which application threads were stopped: 0.0406720 seconds, Stopping threads took: 0.0000870 seconds
379.707: [CMS-concurrent-mark: 0.210/0.300 secs] [Times: user=2.29 sys=0.00, real=0.30 secs] 
379.707: [CMS-concurrent-preclean-start]
379.716: Application time: 0.0503520 seconds
379.716: [GC379.716: [ParNew: 122240K->13568K(122240K), 0.0400720 secs] 352204K->270863K(396032K), 0.0401200 secs] [Times: user=0.28 sys=0.00, real=0.04 secs] 
379.756: Total time for which application threads were stopped: 0.0402620 seconds, Stopping threads took: 0.0000740 seconds
379.811: Application time: 0.0552080 seconds
379.811: [GC379.811: [ParNew: 122240K->122240K(122240K), 0.0000150 secs]379.811: [CMS379.974: [CMS-concurrent-preclean: 0.224/0.267 secs] [Times: user=0.95 sys=0.00, real=0.27 secs] 
 (concurrent mode failure): 257295K->116372K(273792K), 0.4149540 secs] 379535K->116372K(396032K), [CMS Perm : 9130K->9130K(21248K)], 0.4150250 secs] [Times: user=0.42 sys=0.00, real=0.42 secs] 
380.226: Total time for which application threads were stopped: 0.4152100 seconds, Stopping threads took: 0.0001140 seconds
380.264: Application time: 0.0381190 seconds
380.265: [GC380.265: [ParNew: 108672K->13568K(122240K), 0.0215370 secs] 225044K->146940K(396032K), 0.0215970 secs] [Times: user=0.14 sys=0.01, real=0.03 secs] 
380.286: Total time for which application threads were stopped: 0.0218850 seconds, Stopping threads took: 0.0001840 seconds
380.340: Application time: 0.0533340 seconds
380.340: [GC380.340: [ParNew: 122240K->13568K(122240K), 0.0375910 secs] 255612K->175179K(396032K), 0.0376400 secs] [Times: user=0.26 sys=0.00, real=0.04 secs] 
380.377: Total time for which application threads were stopped: 0.0378540 seconds, Stopping threads took: 0.0001210 seconds
380.378: Application time: 0.0000760 seconds
380.378: [GC [1 CMS-initial-mark: 161611K(273792K)] 176364K(396032K), 0.0114920 secs] [Times: user=0.01 sys=0.00, real=0.01 secs] 
380.389: Total time for which application threads were stopped: 0.0116070 seconds, Stopping threads took: 0.0000710 seconds
380.389: [CMS-concurrent-mark-start]
380.463: Application time: 0.0738210 seconds
380.463: [GC380.463: [ParNew: 122240K->13563K(122240K), 0.0265560 secs] 283851K->188417K(396032K), 0.0266030 secs] [Times: user=0.19 sys=0.00, real=0.03 secs] 
380.490: Total time for which application threads were stopped: 0.0267610 seconds, Stopping threads took: 0.0000900 seconds
380.561: [CMS-concurrent-mark: 0.145/0.172 secs] [Times: user=1.35 sys=0.00, real=0.17 secs] 
380.561: [CMS-concurrent-preclean-start]
380.564: Application time: 0.0746380 seconds
380.564: [GC380.564: [ParNew: 122235K->12822K(122240K), 0.0190160 secs] 297089K->195012K(396032K), 0.0190610 secs] [Times: user=0.14 sys=0.00, real=0.02 secs] 
380.584: Total time for which application threads were stopped: 0.0191870 seconds, Stopping threads took: 0.0000580 seconds
380.684: Application time: 0.1002860 seconds
380.684: [GC380.684: [ParNew: 121494K->13568K(122240K), 0.0188540 secs] 303684K->203723K(396032K), 0.0188990 secs] [Times: user=0.14 sys=0.00, real=0.02 secs] 
380.703: Total time for which application threads were stopped: 0.0189740 seconds, Stopping threads took: 0.0000130 seconds
380.774: [CMS-concurrent-preclean: 0.173/0.213 secs] [Times: user=0.92 sys=0.01, real=0.22 secs] 
380.774: [CMS-concurrent-abortable-preclean-start]
381.028: Application time: 0.3249340 seconds
381.028: Total time for which application threads were stopped: 0.0000670 seconds, Stopping threads took: 0.0000160 seconds
381.044: Application time: 0.0164280 seconds
381.044: Total time for which application threads were stopped: 0.0001960 seconds, Stopping threads took: 0.0000120 seconds
381.300: [CMS-concurrent-abortable-preclean: 0.420/0.526 secs] [Times: user=1.16 sys=0.06, real=0.52 secs] 
381.301: Application time: 0.2561180 seconds
381.301: [GC[YG occupancy: 71020 K (122240 K)]381.301: [Rescan (parallel) , 0.0072820 secs]381.308: [weak refs processing, 0.0000110 secs]381.308: [scrub string table, 0.0002750 secs] [1 CMS-remark: 190155K(273792K)] 261176K(396032K), 0.0076130 secs] [Times: user=0.06 sys=0.00, real=0.01 secs] 
381.308: Total time for which application threads were stopped: 0.0076770 seconds, Stopping threads took: 0.0000160 seconds
381.308: [CMS-concurrent-sweep-start]
381.369: [CMS-concurrent-sweep: 0.060/0.060 secs] [Times: user=0.19 sys=0.00, real=0.06 secs] 
381.369: [CMS-concurrent-reset-start]
381.369: [CMS-concurrent-reset: 0.000/0.000 secs] [Times: user=0.01 sys=0.00, real=0.00 secs] 
381.431: Application time: 0.1230420 seconds
381.431: Total time for which application threads were stopped: 0.0000520 seconds, Stopping threads took: 0.0000130 seconds
381.431: Application time: 0.0000450 seconds
381.431: [GC [1 CMS-initial-mark: 154307K(273792K)] 236922K(396032K), 0.0276230 secs] [Times: user=0.03 sys=0.00, real=0.03 secs] 
381.459: Total time for which application threads were stopped: 0.0276740 seconds, Stopping threads took: 0.0000070 seconds
381.459: [CMS-concurrent-mark-start]
Heap
 par new generation   total 122240K, used 83049K [0x00000000e1e00000, 0x00000000ea2a0000, 0x00000000ea2a0000)
  eden space 108672K,  63% used [0x00000000e1e00000, 0x00000000e61da6c0, 0x00000000e8820000)
  from space 13568K, 100% used [0x00000000e9560000, 0x00000000ea2a0000, 0x00000000ea2a0000)
  to   space 13568K,   0% used [0x00000000e8820000, 0x00000000e8820000, 0x00000000e9560000)
 concurrent mark-sweep generation total 273792K, used 154307K [0x00000000ea2a0000, 0x00000000fae00000, 0x00000000fae00000)
 concurrent-mark-sweep perm gen total 27364K, used 16673K [0x00000000fae00000, 0x00000000fc8b9000, 0x0000000100000000)
381.459: Application time: 0.0003820 seconds
