Java HotSpot(TM) 64-Bit Server VM (24.80-b11) for linux-amd64 JRE (1.7.0_80-b15), built on Apr 10 2015 19:53:14 by "java_re" with gcc 4.3.0 20080428 (Red Hat 4.3.0-8)
Memory: 4k page, physical 8000092k(5414544k free), swap 8218620k(8218620k free)
CommandLine flags: -XX:InitialHeapSize=109798400 -XX:MaxHeapSize=109798400 -XX:+PrintGC -XX:+PrintGCApplicationConcurrentTime -XX:+PrintGCApplicationStoppedTime -XX:+PrintGCDetails -XX:+PrintGCTimeStamps -XX:-UseAdaptiveSizePolicy -XX:+UseCompressedOops -XX:+UseG1GC 
4.029: Application time: 4.0052690 seconds
4.029: Total time for which application threads were stopped: 0.0000780 seconds, Stopping threads took: 0.0000100 seconds
14.600: Application time: 10.5712310 seconds
14.600: Total time for which application threads were stopped: 0.0000350 seconds, Stopping threads took: 0.0000180 seconds
14.600: Application time: 0.0000640 seconds
14.600: Total time for which application threads were stopped: 0.0000240 seconds, Stopping threads took: 0.0000180 seconds
14.602: Application time: 0.0014700 seconds
14.602: Total time for which application threads were stopped: 0.0000120 seconds, Stopping threads took: 0.0000050 seconds
14.624: Application time: 0.0217870 seconds
14.624: Total time for which application threads were stopped: 0.0000440 seconds, Stopping threads took: 0.0000120 seconds
14.634: Application time: 0.0108230 seconds
14.634: [GC pause (young), 0.0024760 secs]
   [Parallel Time: 1.4 ms, GC Workers: 8]
      [GC Worker Start (ms): Min: 14634.5, Avg: 14634.6, Max: 14634.6, Diff: 0.1]
      [Ext Root Scanning (ms): Min: 0.4, Avg: 0.5, Max: 0.6, Diff: 0.2, Sum: 3.8]
      [Update RS (ms): Min: 0.0, Avg: 0.0, Max: 0.0, Diff: 0.0, Sum: 0.0]
         [Processed Buffers: Min: 0, Avg: 2.2, Max: 18, Diff: 18, Sum: 18]
      [Scan RS (ms): Min: 0.0, Avg: 0.0, Max: 0.0, Diff: 0.0, Sum: 0.0]
      [Code Root Scanning (ms): Min: 0.0, Avg: 0.0, Max: 0.0, Diff: 0.0, Sum: 0.0]
      [Object Copy (ms): Min: 0.7, Avg: 0.8, Max: 1.0, Diff: 0.2, Sum: 6.6]
      [Termination (ms): Min: 0.0, Avg: 0.0, Max: 0.0, Diff: 0.0, Sum: 0.0]
      [GC Worker Other (ms): Min: 0.0, Avg: 0.0, Max: 0.0, Diff: 0.0, Sum: 0.1]
      [GC Worker Total (ms): Min: 1.3, Avg: 1.3, Max: 1.4, Diff: 0.1, Sum: 10.6]
      [GC Worker End (ms): Min: 14635.9, Avg: 14635.9, Max: 14635.9, Diff: 0.0]
   [Code Root Fixup: 0.0 ms]
   [Code Root Migration: 0.0 ms]
   [Clear CT: 0.4 ms]
   [Other: 0.6 ms]
      [Choose CSet: 0.0 ms]
      [Ref Proc: 0.6 ms]
      [Ref Enq: 0.0 ms]
      [Free CSet: 0.0 ms]
   [Eden: 9216.0K(9216.0K)->0.0B(23.0M) Survivors: 0.0B->2048.0K Heap: 9216.0K(105.0M)->3364.5K(105.0M)]
 [Times: user=0.01 sys=0.00, real=0.00 secs] 
14.637: Total time for which application threads were stopped: 0.0025910 seconds, Stopping threads took: 0.0000180 seconds
14.637: Application time: 0.0001100 seconds
14.637: Total time for which application threads were stopped: 0.0000600 seconds, Stopping threads took: 0.0000470 seconds
14.637: Application time: 0.0000350 seconds
14.637: Total time for which application threads were stopped: 0.0000360 seconds, Stopping threads took: 0.0000310 seconds
14.637: Application time: 0.0000280 seconds
14.637: Total time for which application threads were stopped: 0.0000100 seconds, Stopping threads took: 0.0000060 seconds
14.637: Application time: 0.0000370 seconds
14.637: Total time for which application threads were stopped: 0.0000150 seconds, Stopping threads took: 0.0000110 seconds
14.637: Application time: 0.0000110 seconds
14.637: Total time for which application threads were stopped: 0.0000260 seconds, Stopping threads took: 0.0000210 seconds
14.637: Application time: 0.0000170 seconds
14.637: Total time for which application threads were stopped: 0.0000140 seconds, Stopping threads took: 0.0000100 seconds
14.637: Application time: 0.0000170 seconds
14.637: Total time for which application threads were stopped: 0.0000170 seconds, Stopping threads took: 0.0000130 seconds
14.637: Application time: 0.0000140 seconds
14.638: Total time for which application threads were stopped: 0.0000150 seconds, Stopping threads took: 0.0000110 seconds
14.638: Application time: 0.0000150 seconds
14.638: Total time for which application threads were stopped: 0.0000170 seconds, Stopping threads took: 0.0000140 seconds
14.638: Application time: 0.0000350 seconds
14.638: Total time for which application threads were stopped: 0.0000160 seconds, Stopping threads took: 0.0000130 seconds
14.638: Application time: 0.0001100 seconds
14.638: Total time for which application threads were stopped: 0.0000150 seconds, Stopping threads took: 0.0000100 seconds
14.638: Application time: 0.0000140 seconds
14.638: Total time for which application threads were stopped: 0.0000140 seconds, Stopping threads took: 0.0000100 seconds
14.638: Application time: 0.0000130 seconds
14.638: Total time for which application threads were stopped: 0.0000070 seconds, Stopping threads took: 0.0000040 seconds
14.638: Application time: 0.0000130 seconds
14.638: Total time for which application threads were stopped: 0.0000140 seconds, Stopping threads took: 0.0000100 seconds
14.638: Application time: 0.0000130 seconds
14.638: Total time for which application threads were stopped: 0.0000220 seconds, Stopping threads took: 0.0000100 seconds
14.638: Application time: 0.0000150 seconds
14.638: Total time for which application threads were stopped: 0.0000120 seconds, Stopping threads took: 0.0000080 seconds
14.638: Application time: 0.0001210 seconds
14.638: Total time for which application threads were stopped: 0.0000170 seconds, Stopping threads took: 0.0000120 seconds
14.638: Application time: 0.0000150 seconds
14.638: Total time for which application threads were stopped: 0.0000080 seconds, Stopping threads took: 0.0000040 seconds
14.638: Application time: 0.0000140 seconds
14.638: Total time for which application threads were stopped: 0.0000090 seconds, Stopping threads took: 0.0000060 seconds
14.638: Application time: 0.0000130 seconds
14.638: Total time for which application threads were stopped: 0.0000160 seconds, Stopping threads took: 0.0000120 seconds
14.638: Application time: 0.0000130 seconds
14.638: Total time for which application threads were stopped: 0.0000270 seconds, Stopping threads took: 0.0000090 seconds
14.639: Application time: 0.0012880 seconds
14.639: [Full GC 3469K->2132K(105M), 0.0074740 secs]
   [Eden: 1024.0K(23.0M)->0.0B(25.0M) Survivors: 2048.0K->0.0B Heap: 3469.5K(105.0M)->2132.1K(105.0M)], [Perm: 5076K->5076K(20480K)]
 [Times: user=0.01 sys=0.00, real=0.01 secs] 
14.647: Total time for which application threads were stopped: 0.0075390 seconds, Stopping threads took: 0.0000030 seconds
14.647: Application time: 0.0000890 seconds
14.647: [Full GC 2132K->2132K(105M), 0.0072940 secs]
   [Eden: 0.0B(25.0M)->0.0B(25.0M) Survivors: 0.0B->0.0B Heap: 2132.1K(105.0M)->2132.1K(105.0M)], [Perm: 5076K->5076K(20480K)]
 [Times: user=0.01 sys=0.00, real=0.01 secs] 
14.654: Total time for which application threads were stopped: 0.0073800 seconds, Stopping threads took: 0.0000190 seconds
14.655: Application time: 0.0001290 seconds
14.655: Total time for which application threads were stopped: 0.0000410 seconds, Stopping threads took: 0.0000280 seconds
14.655: Application time: 0.0000820 seconds
14.655: Total time for which application threads were stopped: 0.0000990 seconds, Stopping threads took: 0.0000650 seconds
14.655: Application time: 0.0000410 seconds
14.655: Total time for which application threads were stopped: 0.0000280 seconds, Stopping threads took: 0.0000220 seconds
14.655: Application time: 0.0000380 seconds
14.655: Total time for which application threads were stopped: 0.0000210 seconds, Stopping threads took: 0.0000150 seconds
14.655: Application time: 0.0000300 seconds
14.655: Total time for which application threads were stopped: 0.0000170 seconds, Stopping threads took: 0.0000120 seconds
14.655: Application time: 0.0000300 seconds
14.655: Total time for which application threads were stopped: 0.0000180 seconds, Stopping threads took: 0.0000130 seconds
14.655: Application time: 0.0000300 seconds
14.655: Total time for which application threads were stopped: 0.0000260 seconds, Stopping threads took: 0.0000210 seconds
14.655: Application time: 0.0000240 seconds
14.655: Total time for which application threads were stopped: 0.0000180 seconds, Stopping threads took: 0.0000130 seconds
14.655: Application time: 0.0000110 seconds
14.655: Total time for which application threads were stopped: 0.0000170 seconds, Stopping threads took: 0.0000120 seconds
14.655: Application time: 0.0000120 seconds
14.655: Total time for which application threads were stopped: 0.0000160 seconds, Stopping threads took: 0.0000110 seconds
14.655: Application time: 0.0000120 seconds
14.655: Total time for which application threads were stopped: 0.0000170 seconds, Stopping threads took: 0.0000120 seconds
14.655: Application time: 0.0000120 seconds
14.655: Total time for which application threads were stopped: 0.0000160 seconds, Stopping threads took: 0.0000110 seconds
14.683: Application time: 0.0275540 seconds
14.683: Total time for which application threads were stopped: 0.0000790 seconds, Stopping threads took: 0.0000540 seconds
14.686: Application time: 0.0030060 seconds
14.686: Total time for which application threads were stopped: 0.0000690 seconds, Stopping threads took: 0.0000500 seconds
14.686: Application time: 0.0001250 seconds
14.686: Total time for which application threads were stopped: 0.0000280 seconds, Stopping threads took: 0.0000220 seconds
14.687: Application time: 0.0005560 seconds
14.687: Total time for which application threads were stopped: 0.0000290 seconds, Stopping threads took: 0.0000210 seconds
14.687: Application time: 0.0007460 seconds
14.687: Total time for which application threads were stopped: 0.0000230 seconds, Stopping threads took: 0.0000180 seconds
14.688: Application time: 0.0005600 seconds
14.688: Total time for which application threads were stopped: 0.0000460 seconds, Stopping threads took: 0.0000100 seconds
14.691: Application time: 0.0028970 seconds
14.691: Total time for which application threads were stopped: 0.0000350 seconds, Stopping threads took: 0.0000280 seconds
14.691: Application time: 0.0004960 seconds
14.692: Total time for which application threads were stopped: 0.0000500 seconds, Stopping threads took: 0.0000430 seconds
14.693: Application time: 0.0010830 seconds
14.693: Total time for which application threads were stopped: 0.0000260 seconds, Stopping threads took: 0.0000180 seconds
14.693: Application time: 0.0006110 seconds
14.693: Total time for which application threads were stopped: 0.0000230 seconds, Stopping threads took: 0.0000160 seconds
14.693: Application time: 0.0001100 seconds
14.693: Total time for which application threads were stopped: 0.0000520 seconds, Stopping threads took: 0.0000160 seconds
14.696: Application time: 0.0027800 seconds
14.696: Total time for which application threads were stopped: 0.0000470 seconds, Stopping threads took: 0.0000330 seconds
14.696: Application time: 0.0000410 seconds
14.696: Total time for which application threads were stopped: 0.0000330 seconds, Stopping threads took: 0.0000230 seconds
14.696: Application time: 0.0000500 seconds
14.696: Total time for which application threads were stopped: 0.0000310 seconds, Stopping threads took: 0.0000180 seconds
14.697: Application time: 0.0000520 seconds
14.697: Total time for which application threads were stopped: 0.0000150 seconds, Stopping threads took: 0.0000070 seconds
14.856: Application time: 0.1595670 seconds
14.857: [GC pause (young), 0.0018220 secs]
   [Parallel Time: 1.6 ms, GC Workers: 8]
      [GC Worker Start (ms): Min: 14857.1, Avg: 14857.1, Max: 14857.2, Diff: 0.1]
      [Ext Root Scanning (ms): Min: 0.7, Avg: 0.8, Max: 0.9, Diff: 0.3, Sum: 6.6]
      [Update RS (ms): Min: 0.2, Avg: 0.3, Max: 0.3, Diff: 0.1, Sum: 2.2]
         [Processed Buffers: Min: 4, Avg: 4.8, Max: 6, Diff: 2, Sum: 38]
      [Scan RS (ms): Min: 0.0, Avg: 0.0, Max: 0.1, Diff: 0.1, Sum: 0.2]
      [Code Root Scanning (ms): Min: 0.0, Avg: 0.0, Max: 0.0, Diff: 0.0, Sum: 0.0]
      [Object Copy (ms): Min: 0.3, Avg: 0.4, Max: 0.5, Diff: 0.2, Sum: 3.2]
      [Termination (ms): Min: 0.0, Avg: 0.0, Max: 0.0, Diff: 0.0, Sum: 0.0]
      [GC Worker Other (ms): Min: 0.0, Avg: 0.0, Max: 0.0, Diff: 0.0, Sum: 0.1]
      [GC Worker Total (ms): Min: 1.5, Avg: 1.5, Max: 1.6, Diff: 0.1, Sum: 12.1]
      [GC Worker End (ms): Min: 14858.6, Avg: 14858.6, Max: 14858.7, Diff: 0.0]
   [Code Root Fixup: 0.0 ms]
   [Code Root Migration: 0.0 ms]
   [Clear CT: 0.0 ms]
   [Other: 0.2 ms]
      [Choose CSet: 0.0 ms]
      [Ref Proc: 0.1 ms]
      [Ref Enq: 0.0 ms]
      [Free CSet: 0.0 ms]
   [Eden: 25.0M(25.0M)->0.0B(50.0M) Survivors: 0.0B->3072.0K Heap: 48.1M(105.0M)->25.9M(105.0M)]
 [Times: user=0.01 sys=0.00, real=0.00 secs] 
14.859: Total time for which application threads were stopped: 0.0028340 seconds, Stopping threads took: 0.0008610 seconds
14.859: Application time: 0.0001100 seconds
14.859: Total time for which application threads were stopped: 0.0000430 seconds, Stopping threads took: 0.0000270 seconds
14.859: Application time: 0.0000150 seconds
14.859: Total time for which application threads were stopped: 0.0000100 seconds, Stopping threads took: 0.0000050 seconds
14.859: Application time: 0.0000100 seconds
14.859: Total time for which application threads were stopped: 0.0000090 seconds, Stopping threads took: 0.0000040 seconds
14.859: Application time: 0.0000090 seconds
14.859: Total time for which application threads were stopped: 0.0000100 seconds, Stopping threads took: 0.0000050 seconds
14.859: Application time: 0.0000080 seconds
14.859: Total time for which application threads were stopped: 0.0000090 seconds, Stopping threads took: 0.0000040 seconds
14.859: Application time: 0.0000080 seconds
14.859: Total time for which application threads were stopped: 0.0000090 seconds, Stopping threads took: 0.0000050 seconds
14.859: Application time: 0.0000080 seconds
14.859: Total time for which application threads were stopped: 0.0000100 seconds, Stopping threads took: 0.0000050 seconds
14.859: Application time: 0.0000080 seconds
14.859: Total time for which application threads were stopped: 0.0000680 seconds, Stopping threads took: 0.0000050 seconds
14.859: Application time: 0.0000290 seconds
14.859: Total time for which application threads were stopped: 0.0000100 seconds, Stopping threads took: 0.0000050 seconds
14.919: Application time: 0.0594840 seconds
14.919: [GC pause (young) (initial-mark), 0.0017460 secs]
   [Parallel Time: 1.5 ms, GC Workers: 8]
      [GC Worker Start (ms): Min: 14919.0, Avg: 14919.3, Max: 14920.4, Diff: 1.4]
      [Ext Root Scanning (ms): Min: 0.0, Avg: 0.4, Max: 0.6, Diff: 0.6, Sum: 3.2]
      [Code Root Marking (ms): Min: 0.0, Avg: 0.0, Max: 0.1, Diff: 0.1, Sum: 0.1]
      [Update RS (ms): Min: 0.0, Avg: 0.1, Max: 0.2, Diff: 0.2, Sum: 0.8]
         [Processed Buffers: Min: 0, Avg: 2.1, Max: 5, Diff: 5, Sum: 17]
      [Scan RS (ms): Min: 0.0, Avg: 0.0, Max: 0.1, Diff: 0.1, Sum: 0.2]
      [Code Root Scanning (ms): Min: 0.0, Avg: 0.0, Max: 0.0, Diff: 0.0, Sum: 0.0]
      [Object Copy (ms): Min: 0.0, Avg: 0.4, Max: 0.6, Diff: 0.6, Sum: 3.3]
      [Termination (ms): Min: 0.0, Avg: 0.1, Max: 0.2, Diff: 0.2, Sum: 1.0]
      [GC Worker Other (ms): Min: 0.0, Avg: 0.0, Max: 0.0, Diff: 0.0, Sum: 0.0]
      [GC Worker Total (ms): Min: 0.0, Avg: 1.1, Max: 1.5, Diff: 1.4, Sum: 8.7]
      [GC Worker End (ms): Min: 14920.4, Avg: 14920.4, Max: 14920.4, Diff: 0.0]
   [Code Root Fixup: 0.0 ms]
   [Code Root Migration: 0.0 ms]
   [Clear CT: 0.0 ms]
   [Other: 0.2 ms]
      [Choose CSet: 0.0 ms]
      [Ref Proc: 0.2 ms]
      [Ref Enq: 0.0 ms]
      [Free CSet: 0.0 ms]
   [Eden: 12.0M(50.0M)->0.0B(38.0M) Survivors: 3072.0K->2048.0K Heap: 58.9M(105.0M)->45.4M(105.0M)]
 [Times: user=0.01 sys=0.01, real=0.00 secs] 
14.921: Total time for which application threads were stopped: 0.0019250 seconds, Stopping threads took: 0.0000670 seconds
14.921: [GC concurrent-root-region-scan-start]
14.921: [GC concurrent-root-region-scan-end, 0.0007510 secs]
14.921: [GC concurrent-mark-start]
14.925: [GC concurrent-mark-end, 0.0030910 secs]
14.925: Application time: 0.0038790 seconds
14.925: [GC remark 14.925: [GC ref-proc, 0.0001150 secs], 0.0006390 secs]
 [Times: user=0.00 sys=0.00, real=0.00 secs] 
14.925: Total time for which application threads were stopped: 0.0007240 seconds, Stopping threads took: 0.0000500 seconds
14.925: Application time: 0.0000250 seconds
14.925: [GC cleanup 49M->32M(105M), 0.0002210 secs]
 [Times: user=0.00 sys=0.00, real=0.00 secs] 
14.926: Total time for which application threads were stopped: 0.0002700 seconds, Stopping threads took: 0.0000250 seconds
14.926: [GC concurrent-cleanup-start]
14.926: [GC concurrent-cleanup-end, 0.0000220 secs]
14.977: Application time: 0.0516760 seconds
14.977: [GC pause (young), 0.0019060 secs]
   [Parallel Time: 1.6 ms, GC Workers: 8]
      [GC Worker Start (ms): Min: 14977.5, Avg: 14977.7, Max: 14979.1, Diff: 1.6]
      [Ext Root Scanning (ms): Min: 0.0, Avg: 0.5, Max: 0.6, Diff: 0.6, Sum: 3.6]
      [Update RS (ms): Min: 0.0, Avg: 0.4, Max: 0.5, Diff: 0.5, Sum: 3.5]
         [Processed Buffers: Min: 0, Avg: 7.9, Max: 10, Diff: 10, Sum: 63]
      [Scan RS (ms): Min: 0.0, Avg: 0.0, Max: 0.1, Diff: 0.1, Sum: 0.2]
      [Code Root Scanning (ms): Min: 0.0, Avg: 0.0, Max: 0.0, Diff: 0.0, Sum: 0.0]
      [Object Copy (ms): Min: 0.0, Avg: 0.4, Max: 0.5, Diff: 0.5, Sum: 2.9]
      [Termination (ms): Min: 0.0, Avg: 0.1, Max: 0.1, Diff: 0.1, Sum: 0.6]
      [GC Worker Other (ms): Min: 0.0, Avg: 0.0, Max: 0.0, Diff: 0.0, Sum: 0.1]
      [GC Worker Total (ms): Min: 0.0, Avg: 1.4, Max: 1.6, Diff: 1.6, Sum: 10.9]
      [GC Worker End (ms): Min: 14979.1, Avg: 14979.1, Max: 14979.1, Diff: 0.0]
   [Code Root Fixup: 0.0 ms]
   [Code Root Migration: 0.0 ms]
   [Clear CT: 0.1 ms]
   [Other: 0.2 ms]
      [Choose CSet: 0.0 ms]
      [Ref Proc: 0.1 ms]
      [Ref Enq: 0.0 ms]
      [Free CSet: 0.0 ms]
   [Eden: 16.0M(38.0M)->0.0B(25.0M) Survivors: 2048.0K->2048.0K Heap: 78.2M(105.0M)->62.8M(105.0M)]
 [Times: user=0.02 sys=0.00, real=0.00 secs] 
14.979: Total time for which application threads were stopped: 0.0021770 seconds, Stopping threads took: 0.0001190 seconds
14.985: Application time: 0.0059820 seconds
14.986: [GC pause (young) (initial-mark), 0.0017500 secs]
   [Parallel Time: 1.3 ms, GC Workers: 8]
      [GC Worker Start (ms): Min: 14985.6, Avg: 14985.8, Max: 14986.8, Diff: 1.2]
      [Ext Root Scanning (ms): Min: 0.0, Avg: 0.4, Max: 0.6, Diff: 0.6, Sum: 3.0]
      [Code Root Marking (ms): Min: 0.0, Avg: 0.0, Max: 0.0, Diff: 0.0, Sum: 0.1]
      [Update RS (ms): Min: 0.0, Avg: 0.1, Max: 0.1, Diff: 0.1, Sum: 0.7]
         [Processed Buffers: Min: 0, Avg: 1.8, Max: 3, Diff: 3, Sum: 14]
      [Scan RS (ms): Min: 0.0, Avg: 0.0, Max: 0.1, Diff: 0.1, Sum: 0.1]
      [Code Root Scanning (ms): Min: 0.0, Avg: 0.0, Max: 0.0, Diff: 0.0, Sum: 0.0]
      [Object Copy (ms): Min: 0.0, Avg: 0.4, Max: 0.5, Diff: 0.5, Sum: 3.4]
      [Termination (ms): Min: 0.0, Avg: 0.1, Max: 0.1, Diff: 0.1, Sum: 0.6]
      [GC Worker Other (ms): Min: 0.0, Avg: 0.0, Max: 0.0, Diff: 0.0, Sum: 0.0]
      [GC Worker Total (ms): Min: 0.0, Avg: 1.0, Max: 1.2, Diff: 1.2, Sum: 8.0]
      [GC Worker End (ms): Min: 14986.8, Avg: 14986.8, Max: 14986.8, Diff: 0.0]
   [Code Root Fixup: 0.0 ms]
   [Code Root Migration: 0.0 ms]
   [Clear CT: 0.1 ms]
   [Other: 0.4 ms]
      [Choose CSet: 0.0 ms]
      [Ref Proc: 0.3 ms]
      [Ref Enq: 0.0 ms]
      [Free CSet: 0.0 ms]
   [Eden: 1024.0K(25.0M)->0.0B(17.0M) Survivors: 2048.0K->2048.0K Heap: 71.4M(105.0M)->70.4M(105.0M)]
 [Times: user=0.02 sys=0.00, real=0.00 secs] 
14.987: [GC concurrent-root-region-scan-start]
14.987: Total time for which application threads were stopped: 0.0018670 seconds, Stopping threads took: 0.0000170 seconds
14.988: [GC concurrent-root-region-scan-end, 0.0010200 secs]
14.988: [GC concurrent-mark-start]
14.992: [GC concurrent-mark-end, 0.0034830 secs]
14.992: Application time: 0.0045330 seconds
14.992: [GC remark 14.992: [GC ref-proc, 0.0001170 secs], 0.0007030 secs]
 [Times: user=0.00 sys=0.00, real=0.00 secs] 
14.993: Total time for which application threads were stopped: 0.0007870 seconds, Stopping threads took: 0.0000480 seconds
14.993: Application time: 0.0000280 seconds
14.993: [GC cleanup 78M->57M(105M), 0.0001990 secs]
 [Times: user=0.01 sys=0.00, real=0.00 secs] 
14.993: Total time for which application threads were stopped: 0.0002520 seconds, Stopping threads took: 0.0000330 seconds
14.993: [GC concurrent-cleanup-start]
14.993: [GC concurrent-cleanup-end, 0.0000210 secs]
15.016: Application time: 0.0226830 seconds
15.016: [GC pause (young), 0.0014000 secs]
   [Parallel Time: 1.2 ms, GC Workers: 8]
      [GC Worker Start (ms): Min: 15015.8, Avg: 15015.8, Max: 15015.9, Diff: 0.1]
      [Ext Root Scanning (ms): Min: 0.4, Avg: 0.6, Max: 1.1, Diff: 0.7, Sum: 4.6]
      [Update RS (ms): Min: 0.0, Avg: 0.1, Max: 0.2, Diff: 0.2, Sum: 0.9]
         [Processed Buffers: Min: 0, Avg: 2.1, Max: 3, Diff: 3, Sum: 17]
      [Scan RS (ms): Min: 0.0, Avg: 0.0, Max: 0.0, Diff: 0.0, Sum: 0.1]
      [Code Root Scanning (ms): Min: 0.0, Avg: 0.0, Max: 0.0, Diff: 0.0, Sum: 0.0]
      [Object Copy (ms): Min: 0.0, Avg: 0.3, Max: 0.4, Diff: 0.4, Sum: 2.7]
      [Termination (ms): Min: 0.0, Avg: 0.1, Max: 0.1, Diff: 0.1, Sum: 0.6]
      [GC Worker Other (ms): Min: 0.0, Avg: 0.0, Max: 0.0, Diff: 0.0, Sum: 0.0]
      [GC Worker Total (ms): Min: 1.1, Avg: 1.1, Max: 1.1, Diff: 0.1, Sum: 8.9]
      [GC Worker End (ms): Min: 15016.9, Avg: 15016.9, Max: 15016.9, Diff: 0.0]
   [Code Root Fixup: 0.0 ms]
   [Code Root Migration: 0.0 ms]
   [Clear CT: 0.0 ms]
   [Other: 0.1 ms]
      [Choose CSet: 0.0 ms]
      [Ref Proc: 0.1 ms]
      [Ref Enq: 0.0 ms]
      [Free CSet: 0.0 ms]
   [Eden: 12.0M(17.0M)->0.0B(23.0M) Survivors: 2048.0K->2048.0K Heap: 76.6M(105.0M)->64.7M(105.0M)]
 [Times: user=0.02 sys=0.00, real=0.00 secs] 
15.017: Total time for which application threads were stopped: 0.0016100 seconds, Stopping threads took: 0.0000860 seconds
15.019: Application time: 0.0022260 seconds
15.020: [GC pause (young) (initial-mark), 0.0017810 secs]
   [Parallel Time: 1.6 ms, GC Workers: 8]
      [GC Worker Start (ms): Min: 15019.6, Avg: 15019.6, Max: 15019.6, Diff: 0.0]
      [Ext Root Scanning (ms): Min: 0.4, Avg: 0.6, Max: 1.5, Diff: 1.1, Sum: 4.8]
      [Code Root Marking (ms): Min: 0.0, Avg: 0.0, Max: 0.0, Diff: 0.0, Sum: 0.1]
      [Update RS (ms): Min: 0.0, Avg: 0.5, Max: 0.6, Diff: 0.6, Sum: 3.7]
         [Processed Buffers: Min: 0, Avg: 7.9, Max: 10, Diff: 10, Sum: 63]
      [Scan RS (ms): Min: 0.0, Avg: 0.0, Max: 0.0, Diff: 0.0, Sum: 0.0]
      [Code Root Scanning (ms): Min: 0.0, Avg: 0.0, Max: 0.0, Diff: 0.0, Sum: 0.0]
      [Object Copy (ms): Min: 0.0, Avg: 0.4, Max: 0.5, Diff: 0.5, Sum: 3.2]
      [Termination (ms): Min: 0.0, Avg: 0.1, Max: 0.1, Diff: 0.1, Sum: 0.5]
      [GC Worker Other (ms): Min: 0.0, Avg: 0.0, Max: 0.0, Diff: 0.0, Sum: 0.0]
      [GC Worker Total (ms): Min: 1.5, Avg: 1.5, Max: 1.6, Diff: 0.0, Sum: 12.3]
      [GC Worker End (ms): Min: 15021.1, Avg: 15021.1, Max: 15021.1, Diff: 0.0]
   [Code Root Fixup: 0.0 ms]
   [Code Root Migration: 0.0 ms]
   [Clear CT: 0.0 ms]
   [Other: 0.1 ms]
      [Choose CSet: 0.0 ms]
      [Ref Proc: 0.1 ms]
      [Ref Enq: 0.0 ms]
      [Free CSet: 0.0 ms]
   [Eden: 2048.0K(23.0M)->0.0B(15.0M) Survivors: 2048.0K->2048.0K Heap: 73.4M(105.0M)->72.4M(105.0M)]
 [Times: user=0.01 sys=0.00, real=0.00 secs] 
15.021: [GC concurrent-root-region-scan-start]
15.021: Total time for which application threads were stopped: 0.0019230 seconds, Stopping threads took: 0.0000490 seconds
15.022: [GC concurrent-root-region-scan-end, 0.0008280 secs]
15.022: [GC concurrent-mark-start]
15.027: [GC concurrent-mark-end, 0.0050280 secs]
15.027: Application time: 0.0058910 seconds
15.027: [GC remark 15.027: [GC ref-proc, 0.0001160 secs], 0.0006740 secs]
 [Times: user=0.00 sys=0.00, real=0.00 secs] 
15.028: Total time for which application threads were stopped: 0.0007480 seconds, Stopping threads took: 0.0000370 seconds
15.028: Application time: 0.0000290 seconds
15.028: [GC cleanup 84M->72M(105M), 0.0001700 secs]
 [Times: user=0.00 sys=0.00, real=0.00 secs] 
15.028: Total time for which application threads were stopped: 0.0002330 seconds, Stopping threads took: 0.0000430 seconds
15.028: [GC concurrent-cleanup-start]
15.028: [GC concurrent-cleanup-end, 0.0000140 secs]
15.041: Application time: 0.0126200 seconds
15.041: [GC pause (young), 0.0013080 secs]
   [Parallel Time: 1.1 ms, GC Workers: 8]
      [GC Worker Start (ms): Min: 15041.1, Avg: 15041.1, Max: 15041.1, Diff: 0.1]
      [Ext Root Scanning (ms): Min: 0.5, Avg: 0.5, Max: 0.5, Diff: 0.1, Sum: 4.1]
      [Update RS (ms): Min: 0.1, Avg: 0.2, Max: 0.2, Diff: 0.1, Sum: 1.4]
         [Processed Buffers: Min: 2, Avg: 2.9, Max: 4, Diff: 2, Sum: 23]
      [Scan RS (ms): Min: 0.0, Avg: 0.0, Max: 0.0, Diff: 0.0, Sum: 0.0]
      [Code Root Scanning (ms): Min: 0.0, Avg: 0.0, Max: 0.0, Diff: 0.0, Sum: 0.0]
      [Object Copy (ms): Min: 0.3, Avg: 0.4, Max: 0.4, Diff: 0.1, Sum: 2.9]
      [Termination (ms): Min: 0.0, Avg: 0.0, Max: 0.0, Diff: 0.0, Sum: 0.0]
      [GC Worker Other (ms): Min: 0.0, Avg: 0.0, Max: 0.0, Diff: 0.0, Sum: 0.1]
      [GC Worker Total (ms): Min: 1.0, Avg: 1.1, Max: 1.1, Diff: 0.1, Sum: 8.5]
      [GC Worker End (ms): Min: 15042.1, Avg: 15042.1, Max: 15042.1, Diff: 0.0]
   [Code Root Fixup: 0.0 ms]
   [Code Root Migration: 0.0 ms]
   [Clear CT: 0.0 ms]
   [Other: 0.1 ms]
      [Choose CSet: 0.0 ms]
      [Ref Proc: 0.1 ms]
      [Ref Enq: 0.0 ms]
      [Free CSet: 0.0 ms]
   [Eden: 15.0M(15.0M)->0.0B(19.0M) Survivors: 2048.0K->2048.0K Heap: 83.6M(105.0M)->68.3M(105.0M)]
 [Times: user=0.01 sys=0.00, real=0.01 secs] 
15.042: Total time for which application threads were stopped: 0.0014870 seconds, Stopping threads took: 0.0000690 seconds
15.042: Application time: 0.0000210 seconds
15.042: [Full GC 68M->63M(106M), 0.0093280 secs]
   [Eden: 1024.0K(19.0M)->0.0B(27.0M) Survivors: 2048.0K->0.0B Heap: 68.4M(105.0M)->64.0M(106.0M)], [Perm: 5818K->5818K(20480K)]
 [Times: user=0.02 sys=0.00, real=0.00 secs] 
15.052: Total time for which application threads were stopped: 0.0094320 seconds, Stopping threads took: 0.0000300 seconds
15.055: Application time: 0.0029740 seconds
15.056: [GC pause (young) (initial-mark), 0.0023280 secs]
   [Parallel Time: 2.0 ms, GC Workers: 8]
      [GC Worker Start (ms): Min: 15056.1, Avg: 15056.1, Max: 15056.1, Diff: 0.1]
      [Ext Root Scanning (ms): Min: 0.6, Avg: 0.7, Max: 0.8, Diff: 0.2, Sum: 5.6]
      [Code Root Marking (ms): Min: 0.0, Avg: 0.0, Max: 0.0, Diff: 0.0, Sum: 0.1]
      [Update RS (ms): Min: 1.0, Avg: 1.0, Max: 1.0, Diff: 0.1, Sum: 8.0]
         [Processed Buffers: Min: 15, Avg: 16.4, Max: 19, Diff: 4, Sum: 131]
      [Scan RS (ms): Min: 0.0, Avg: 0.0, Max: 0.0, Diff: 0.0, Sum: 0.0]
      [Code Root Scanning (ms): Min: 0.0, Avg: 0.0, Max: 0.0, Diff: 0.0, Sum: 0.0]
      [Object Copy (ms): Min: 0.1, Avg: 0.2, Max: 0.2, Diff: 0.1, Sum: 1.2]
      [Termination (ms): Min: 0.0, Avg: 0.0, Max: 0.0, Diff: 0.0, Sum: 0.2]
      [GC Worker Other (ms): Min: 0.0, Avg: 0.0, Max: 0.0, Diff: 0.0, Sum: 0.0]
      [GC Worker Total (ms): Min: 1.9, Avg: 1.9, Max: 1.9, Diff: 0.1, Sum: 15.1]
      [GC Worker End (ms): Min: 15058.0, Avg: 15058.0, Max: 15058.0, Diff: 0.0]
   [Code Root Fixup: 0.0 ms]
   [Code Root Migration: 0.0 ms]
   [Clear CT: 0.1 ms]
   [Other: 0.3 ms]
      [Choose CSet: 0.0 ms]
      [Ref Proc: 0.1 ms]
      [Ref Enq: 0.0 ms]
      [Free CSet: 0.0 ms]
   [Eden: 3072.0K(27.0M)->0.0B(10.0M) Survivors: 0.0B->1024.0K Heap: 81.5M(106.0M)->79.8M(106.0M)]
 [Times: user=0.02 sys=0.00, real=0.00 secs] 
15.058: [GC concurrent-root-region-scan-start]
15.058: Total time for which application threads were stopped: 0.0034390 seconds, Stopping threads took: 0.0010060 seconds
15.058: [GC concurrent-root-region-scan-end, 0.0000330 secs]
15.058: [GC concurrent-mark-start]
15.058: Application time: 0.0000470 seconds
15.058: [GC pause (young), 0.0005530 secs]
   [Parallel Time: 0.4 ms, GC Workers: 8]
      [GC Worker Start (ms): Min: 15058.4, Avg: 15058.4, Max: 15058.4, Diff: 0.0]
      [Ext Root Scanning (ms): Min: 0.3, Avg: 0.3, Max: 0.3, Diff: 0.0, Sum: 2.6]
      [SATB Filtering (ms): Min: 0.0, Avg: 0.0, Max: 0.0, Diff: 0.0, Sum: 0.0]
      [Update RS (ms): Min: 0.0, Avg: 0.0, Max: 0.0, Diff: 0.0, Sum: 0.0]
         [Processed Buffers: Min: 0, Avg: 0.5, Max: 2, Diff: 2, Sum: 4]
      [Scan RS (ms): Min: 0.0, Avg: 0.0, Max: 0.0, Diff: 0.0, Sum: 0.0]
      [Code Root Scanning (ms): Min: 0.0, Avg: 0.0, Max: 0.0, Diff: 0.0, Sum: 0.0]
      [Object Copy (ms): Min: 0.0, Avg: 0.0, Max: 0.0, Diff: 0.0, Sum: 0.2]
      [Termination (ms): Min: 0.0, Avg: 0.0, Max: 0.0, Diff: 0.0, Sum: 0.2]
      [GC Worker Other (ms): Min: 0.0, Avg: 0.0, Max: 0.0, Diff: 0.0, Sum: 0.0]
      [GC Worker Total (ms): Min: 0.4, Avg: 0.4, Max: 0.4, Diff: 0.0, Sum: 3.1]
      [GC Worker End (ms): Min: 15058.8, Avg: 15058.8, Max: 15058.8, Diff: 0.0]
   [Code Root Fixup: 0.0 ms]
   [Code Root Migration: 0.0 ms]
   [Clear CT: 0.0 ms]
   [Other: 0.1 ms]
      [Choose CSet: 0.0 ms]
      [Ref Proc: 0.1 ms]
      [Ref Enq: 0.0 ms]
      [Free CSet: 0.0 ms]
   [Eden: 0.0B(10.0M)->0.0B(10.0M) Survivors: 1024.0K->1024.0K Heap: 79.8M(106.0M)->79.4M(106.0M)]
 [Times: user=0.00 sys=0.00, real=0.00 secs] 
15.059: Total time for which application threads were stopped: 0.0006390 seconds, Stopping threads took: 0.0000110 seconds
15.059: Application time: 0.0000330 seconds
15.059: [Full GC 79M->71M(106M), 0.0091170 secs]
   [Eden: 0.0B(10.0M)->0.0B(19.0M) Survivors: 1024.0K->0.0B Heap: 79.4M(106.0M)->71.6M(106.0M)], [Perm: 5818K->5798K(20480K)]
 [Times: user=0.01 sys=0.00, real=0.01 secs] 
15.068: [Full GC 71M->70M(106M), 0.0074900 secs]
   [Eden: 0.0B(19.0M)->0.0B(20.0M) Survivors: 0.0B->0.0B Heap: 71.6M(106.0M)->70.4M(106.0M)], [Perm: 5798K->5798K(20480K)]
 [Times: user=0.02 sys=0.00, real=0.01 secs] 
15.076: Total time for which application threads were stopped: 0.0167310 seconds, Stopping threads took: 0.0000040 seconds
15.076: [GC concurrent-mark-abort]
15.076: Application time: 0.0000940 seconds
15.076: Total time for which application threads were stopped: 0.0000880 seconds, Stopping threads took: 0.0000670 seconds
15.157: Application time: 0.0807430 seconds
15.157: [GC pause (young) (initial-mark), 0.0027170 secs]
   [Parallel Time: 2.1 ms, GC Workers: 8]
      [GC Worker Start (ms): Min: 15156.9, Avg: 15156.9, Max: 15156.9, Diff: 0.1]
      [Ext Root Scanning (ms): Min: 0.8, Avg: 1.1, Max: 2.0, Diff: 1.2, Sum: 9.2]
      [Code Root Marking (ms): Min: 0.0, Avg: 0.0, Max: 0.1, Diff: 0.1, Sum: 0.1]
      [Update RS (ms): Min: 0.0, Avg: 0.0, Max: 0.1, Diff: 0.1, Sum: 0.1]
         [Processed Buffers: Min: 0, Avg: 1.2, Max: 4, Diff: 4, Sum: 10]
      [Scan RS (ms): Min: 0.0, Avg: 0.0, Max: 0.0, Diff: 0.0, Sum: 0.0]
      [Code Root Scanning (ms): Min: 0.0, Avg: 0.0, Max: 0.0, Diff: 0.0, Sum: 0.0]
      [Object Copy (ms): Min: 0.0, Avg: 0.2, Max: 0.4, Diff: 0.4, Sum: 1.6]
      [Termination (ms): Min: 0.0, Avg: 0.7, Max: 0.8, Diff: 0.8, Sum: 5.6]
      [GC Worker Other (ms): Min: 0.0, Avg: 0.0, Max: 0.0, Diff: 0.0, Sum: 0.0]
      [GC Worker Total (ms): Min: 2.1, Avg: 2.1, Max: 2.1, Diff: 0.1, Sum: 16.6]
      [GC Worker End (ms): Min: 15159.0, Avg: 15159.0, Max: 15159.0, Diff: 0.0]
   [Code Root Fixup: 0.0 ms]
   [Code Root Migration: 0.0 ms]
   [Clear CT: 0.1 ms]
   [Other: 0.5 ms]
      [Choose CSet: 0.0 ms]
      [Ref Proc: 0.5 ms]
      [Ref Enq: 0.0 ms]
      [Free CSet: 0.0 ms]
   [Eden: 6144.0K(20.0M)->0.0B(19.0M) Survivors: 0.0B->1024.0K Heap: 75.8M(106.0M)->70.7M(106.0M)]
 [Times: user=0.02 sys=0.00, real=0.00 secs] 
15.160: [GC concurrent-root-region-scan-start]
15.160: Total time for which application threads were stopped: 0.0029500 seconds, Stopping threads took: 0.0000720 seconds
15.160: Application time: 0.0001340 seconds
15.160: 15.160: [GC pause (young)[GC concurrent-root-region-scan-end, 0.0002010 secs]
15.160: [GC concurrent-mark-start]
, 0.0009460 secs]
   [Parallel Time: 0.8 ms, GC Workers: 8]
      [GC Worker Start (ms): Min: 15159.8, Avg: 15159.8, Max: 15159.9, Diff: 0.0]
      [Ext Root Scanning (ms): Min: 0.4, Avg: 0.5, Max: 0.7, Diff: 0.3, Sum: 4.4]
      [SATB Filtering (ms): Min: 0.0, Avg: 0.0, Max: 0.0, Diff: 0.0, Sum: 0.0]
      [Update RS (ms): Min: 0.0, Avg: 0.0, Max: 0.0, Diff: 0.0, Sum: 0.1]
         [Processed Buffers: Min: 0, Avg: 0.9, Max: 4, Diff: 4, Sum: 7]
      [Scan RS (ms): Min: 0.0, Avg: 0.0, Max: 0.0, Diff: 0.0, Sum: 0.0]
      [Code Root Scanning (ms): Min: 0.0, Avg: 0.0, Max: 0.0, Diff: 0.0, Sum: 0.0]
      [Object Copy (ms): Min: 0.0, Avg: 0.1, Max: 0.2, Diff: 0.1, Sum: 0.7]
      [Termination (ms): Min: 0.0, Avg: 0.1, Max: 0.1, Diff: 0.1, Sum: 0.5]
      [GC Worker Other (ms): Min: 0.0, Avg: 0.0, Max: 0.0, Diff: 0.0, Sum: 0.0]
      [GC Worker Total (ms): Min: 0.7, Avg: 0.7, Max: 0.7, Diff: 0.0, Sum: 5.6]
      [GC Worker End (ms): Min: 15160.5, Avg: 15160.6, Max: 15160.6, Diff: 0.0]
   [Code Root Fixup: 0.0 ms]
   [Code Root Migration: 0.0 ms]
   [Clear CT: 0.0 ms]
   [Other: 0.1 ms]
      [Choose CSet: 0.0 ms]
      [Ref Proc: 0.1 ms]
      [Ref Enq: 0.0 ms]
      [Free CSet: 0.0 ms]
   [Eden: 1024.0K(19.0M)->0.0B(19.0M) Survivors: 1024.0K->1024.0K Heap: 70.7M(106.0M)->70.7M(106.0M)]
 [Times: user=0.01 sys=0.00, real=0.00 secs] 
15.161: Total time for which application threads were stopped: 0.0010640 seconds, Stopping threads took: 0.0000290 seconds
15.161: Application time: 0.0000530 seconds
15.161: [Full GC 70M->70M(106M), 0.0089590 secs]
   [Eden: 0.0B(19.0M)->0.0B(20.0M) Survivors: 1024.0K->0.0B Heap: 70.7M(106.0M)->70.6M(106.0M)], [Perm: 5860K->5860K(20480K)]
 [Times: user=0.02 sys=0.00, real=0.01 secs] 
15.170: [Full GC 70M->70M(106M), 0.0078540 secs]
   [Eden: 0.0B(20.0M)->0.0B(20.0M) Survivors: 0.0B->0.0B Heap: 70.6M(106.0M)->70.4M(106.0M)], [Perm: 5860K->5860K(20480K)]
 [Times: user=0.02 sys=0.00, real=0.01 secs] 
15.178: Total time for which application threads were stopped: 0.0169570 seconds, Stopping threads took: 0.0000090 seconds
15.178: [GC concurrent-mark-abort]
15.178: Application time: 0.0000870 seconds
15.178: Total time for which application threads were stopped: 0.0000700 seconds, Stopping threads took: 0.0000440 seconds
15.178: Application time: 0.0001410 seconds
15.178: [GC pause (young), 0.0012510 secs]
   [Parallel Time: 1.0 ms, GC Workers: 8]
      [GC Worker Start (ms): Min: 15178.2, Avg: 15178.2, Max: 15178.3, Diff: 0.0]
      [Ext Root Scanning (ms): Min: 0.8, Avg: 0.9, Max: 1.0, Diff: 0.2, Sum: 7.2]
      [Update RS (ms): Min: 0.0, Avg: 0.0, Max: 0.0, Diff: 0.0, Sum: 0.0]
         [Processed Buffers: Min: 0, Avg: 0.8, Max: 4, Diff: 4, Sum: 6]
      [Scan RS (ms): Min: 0.0, Avg: 0.0, Max: 0.0, Diff: 0.0, Sum: 0.0]
      [Code Root Scanning (ms): Min: 0.0, Avg: 0.0, Max: 0.0, Diff: 0.0, Sum: 0.0]
      [Object Copy (ms): Min: 0.0, Avg: 0.0, Max: 0.1, Diff: 0.1, Sum: 0.4]
      [Termination (ms): Min: 0.0, Avg: 0.1, Max: 0.1, Diff: 0.1, Sum: 0.5]
      [GC Worker Other (ms): Min: 0.0, Avg: 0.0, Max: 0.0, Diff: 0.0, Sum: 0.0]
      [GC Worker Total (ms): Min: 1.0, Avg: 1.0, Max: 1.0, Diff: 0.0, Sum: 8.1]
      [GC Worker End (ms): Min: 15179.3, Avg: 15179.3, Max: 15179.3, Diff: 0.0]
   [Code Root Fixup: 0.0 ms]
   [Code Root Migration: 0.0 ms]
   [Clear CT: 0.0 ms]
   [Other: 0.2 ms]
      [Choose CSet: 0.0 ms]
      [Ref Proc: 0.1 ms]
      [Ref Enq: 0.0 ms]
      [Free CSet: 0.0 ms]
   [Eden: 1024.0K(20.0M)->0.0B(19.0M) Survivors: 0.0B->1024.0K Heap: 70.6M(106.0M)->70.6M(106.0M)]
 [Times: user=0.01 sys=0.00, real=0.00 secs] 
15.180: Total time for which application threads were stopped: 0.0013720 seconds, Stopping threads took: 0.0000410 seconds
15.180: Application time: 0.0000790 seconds
15.180: [Full GC 70M->70M(106M), 0.0091500 secs]
   [Eden: 1024.0K(19.0M)->0.0B(20.0M) Survivors: 1024.0K->0.0B Heap: 70.6M(106.0M)->70.4M(106.0M)], [Perm: 5860K->5763K(20480K)]
 [Times: user=0.02 sys=0.00, real=0.01 secs] 
15.189: [Full GC 70M->70M(106M), 0.0082660 secs]
   [Eden: 0.0B(20.0M)->0.0B(20.0M) Survivors: 0.0B->0.0B Heap: 70.4M(106.0M)->70.4M(106.0M)], [Perm: 5763K->5763K(20480K)]
 [Times: user=0.02 sys=0.00, real=0.01 secs] 
15.197: Total time for which application threads were stopped: 0.0175690 seconds, Stopping threads took: 0.0000220 seconds
15.218: Application time: 0.0210970 seconds
15.218: [GC pause (young) (initial-mark), 0.0016190 secs]
   [Parallel Time: 1.2 ms, GC Workers: 8]
      [GC Worker Start (ms): Min: 15218.4, Avg: 15218.6, Max: 15219.5, Diff: 1.1]
      [Ext Root Scanning (ms): Min: 0.0, Avg: 0.7, Max: 0.9, Diff: 0.9, Sum: 5.2]
      [Code Root Marking (ms): Min: 0.0, Avg: 0.0, Max: 0.1, Diff: 0.1, Sum: 0.1]
      [Update RS (ms): Min: 0.0, Avg: 0.0, Max: 0.0, Diff: 0.0, Sum: 0.1]
         [Processed Buffers: Min: 0, Avg: 1.0, Max: 3, Diff: 3, Sum: 8]
      [Scan RS (ms): Min: 0.0, Avg: 0.0, Max: 0.0, Diff: 0.0, Sum: 0.0]
      [Code Root Scanning (ms): Min: 0.0, Avg: 0.0, Max: 0.0, Diff: 0.0, Sum: 0.0]
      [Object Copy (ms): Min: 0.0, Avg: 0.2, Max: 0.3, Diff: 0.3, Sum: 1.5]
      [Termination (ms): Min: 0.0, Avg: 0.1, Max: 0.1, Diff: 0.1, Sum: 0.6]
      [GC Worker Other (ms): Min: 0.0, Avg: 0.0, Max: 0.0, Diff: 0.0, Sum: 0.0]
      [GC Worker Total (ms): Min: 0.0, Avg: 0.9, Max: 1.1, Diff: 1.1, Sum: 7.5]
      [GC Worker End (ms): Min: 15219.5, Avg: 15219.5, Max: 15219.5, Diff: 0.0]
   [Code Root Fixup: 0.0 ms]
   [Code Root Migration: 0.0 ms]
   [Clear CT: 0.1 ms]
   [Other: 0.4 ms]
      [Choose CSet: 0.0 ms]
      [Ref Proc: 0.3 ms]
      [Ref Enq: 0.0 ms]
      [Free CSet: 0.0 ms]
   [Eden: 6144.0K(20.0M)->0.0B(19.0M) Survivors: 0.0B->1024.0K Heap: 76.4M(106.0M)->70.6M(106.0M)]
 [Times: user=0.01 sys=0.00, real=0.00 secs] 
15.220: [GC concurrent-root-region-scan-start]
15.220: Total time for which application threads were stopped: 0.0018300 seconds, Stopping threads took: 0.0000210 seconds
15.220: Application time: 0.0000270 seconds
15.220: [GC pause (young)15.220: [GC concurrent-root-region-scan-end, 0.0001160 secs]
15.220: [GC concurrent-mark-start]
, 0.0008720 secs]
   [Root Region Scan Waiting: 0.0 ms]
   [Parallel Time: 0.6 ms, GC Workers: 8]
      [GC Worker Start (ms): Min: 15220.2, Avg: 15220.4, Max: 15220.8, Diff: 0.6]
      [Ext Root Scanning (ms): Min: 0.0, Avg: 0.3, Max: 0.4, Diff: 0.4, Sum: 2.2]
      [Update RS (ms): Min: 0.0, Avg: 0.0, Max: 0.0, Diff: 0.0, Sum: 0.1]
         [Processed Buffers: Min: 0, Avg: 0.6, Max: 3, Diff: 3, Sum: 5]
      [Scan RS (ms): Min: 0.0, Avg: 0.0, Max: 0.0, Diff: 0.0, Sum: 0.0]
      [Code Root Scanning (ms): Min: 0.0, Avg: 0.0, Max: 0.0, Diff: 0.0, Sum: 0.0]
      [Object Copy (ms): Min: 0.0, Avg: 0.1, Max: 0.1, Diff: 0.1, Sum: 0.6]
      [Termination (ms): Min: 0.0, Avg: 0.1, Max: 0.1, Diff: 0.1, Sum: 0.5]
      [GC Worker Other (ms): Min: 0.0, Avg: 0.0, Max: 0.0, Diff: 0.0, Sum: 0.0]
      [GC Worker Total (ms): Min: 0.0, Avg: 0.4, Max: 0.6, Diff: 0.6, Sum: 3.4]
      [GC Worker End (ms): Min: 15220.8, Avg: 15220.8, Max: 15220.8, Diff: 0.0]
   [Code Root Fixup: 0.0 ms]
   [Code Root Migration: 0.0 ms]
   [Clear CT: 0.1 ms]
   [Other: 0.2 ms]
      [Choose CSet: 0.0 ms]
      [Ref Proc: 0.1 ms]
      [Ref Enq: 0.0 ms]
      [Free CSet: 0.0 ms]
   [Eden: 0.0B(19.0M)->0.0B(18.0M) Survivors: 1024.0K->1024.0K Heap: 70.6M(106.0M)->70.6M(106.0M)]
 [Times: user=0.01 sys=0.00, real=0.00 secs] 
15.221: Total time for which application threads were stopped: 0.0009600 seconds, Stopping threads took: 0.0000110 seconds
15.221: Application time: 0.0000360 seconds
15.221: [Full GC 70M->70M(106M), 0.0082890 secs]
   [Eden: 0.0B(18.0M)->0.0B(20.0M) Survivors: 1024.0K->0.0B Heap: 70.6M(106.0M)->70.6M(106.0M)], [Perm: 5838K->5838K(20480K)]
 [Times: user=0.02 sys=0.00, real=0.01 secs] 
15.229: [Full GC 70M->70M(106M), 0.0063770 secs]
   [Eden: 0.0B(20.0M)->0.0B(20.0M) Survivors: 0.0B->0.0B Heap: 70.6M(106.0M)->70.5M(106.0M)], [Perm: 5838K->5838K(20480K)]
 [Times: user=0.00 sys=0.00, real=0.01 secs] 
15.236: Total time for which application threads were stopped: 0.0147950 seconds, Stopping threads took: 0.0000100 seconds
15.236: [GC concurrent-mark-abort]
15.236: Application time: 0.0002150 seconds
15.236: Total time for which application threads were stopped: 0.0000860 seconds, Stopping threads took: 0.0000450 seconds
15.237: Application time: 0.0007830 seconds
15.237: [GC pause (young), 0.0010980 secs]
   [Parallel Time: 0.9 ms, GC Workers: 8]
      [GC Worker Start (ms): Min: 15237.1, Avg: 15237.2, Max: 15237.2, Diff: 0.1]
      [Ext Root Scanning (ms): Min: 0.7, Avg: 0.8, Max: 0.8, Diff: 0.1, Sum: 6.0]
      [Update RS (ms): Min: 0.0, Avg: 0.0, Max: 0.1, Diff: 0.1, Sum: 0.1]
         [Processed Buffers: Min: 0, Avg: 1.1, Max: 5, Diff: 5, Sum: 9]
      [Scan RS (ms): Min: 0.0, Avg: 0.0, Max: 0.0, Diff: 0.0, Sum: 0.0]
      [Code Root Scanning (ms): Min: 0.0, Avg: 0.0, Max: 0.0, Diff: 0.0, Sum: 0.0]
      [Object Copy (ms): Min: 0.0, Avg: 0.1, Max: 0.1, Diff: 0.1, Sum: 0.4]
      [Termination (ms): Min: 0.0, Avg: 0.0, Max: 0.0, Diff: 0.0, Sum: 0.2]
      [GC Worker Other (ms): Min: 0.0, Avg: 0.0, Max: 0.0, Diff: 0.0, Sum: 0.0]
      [GC Worker Total (ms): Min: 0.8, Avg: 0.8, Max: 0.9, Diff: 0.1, Sum: 6.7]
      [GC Worker End (ms): Min: 15238.0, Avg: 15238.0, Max: 15238.0, Diff: 0.0]
   [Code Root Fixup: 0.0 ms]
   [Code Root Migration: 0.0 ms]
   [Clear CT: 0.0 ms]
   [Other: 0.1 ms]
      [Choose CSet: 0.0 ms]
      [Ref Proc: 0.1 ms]
      [Ref Enq: 0.0 ms]
      [Free CSet: 0.0 ms]
   [Eden: 1024.0K(20.0M)->0.0B(19.0M) Survivors: 0.0B->1024.0K Heap: 70.7M(106.0M)->70.6M(106.0M)]
 [Times: user=0.01 sys=0.00, real=0.00 secs] 
15.238: Total time for which application threads were stopped: 0.0012560 seconds, Stopping threads took: 0.0000610 seconds
15.238: Application time: 0.0000170 seconds
15.238: [Full GC 70M->70M(106M), 0.0075810 secs]
   [Eden: 0.0B(19.0M)->0.0B(20.0M) Survivors: 1024.0K->0.0B Heap: 70.6M(106.0M)->70.5M(106.0M)], [Perm: 5846K->5771K(20480K)]
 [Times: user=0.01 sys=0.00, real=0.01 secs] 
15.246: [Full GC 70M->70M(106M), 0.0068010 secs]
   [Eden: 0.0B(20.0M)->0.0B(20.0M) Survivors: 0.0B->0.0B Heap: 70.5M(106.0M)->70.5M(106.0M)], [Perm: 5771K->5771K(20480K)]
 [Times: user=0.01 sys=0.00, real=0.00 secs] 
15.253: Total time for which application threads were stopped: 0.0145440 seconds, Stopping threads took: 0.0000420 seconds
15.301: Application time: 0.0480220 seconds
15.301: [GC pause (young) (initial-mark), 0.0014740 secs]
   [Parallel Time: 1.2 ms, GC Workers: 8]
      [GC Worker Start (ms): Min: 15300.9, Avg: 15301.0, Max: 15301.0, Diff: 0.1]
      [Ext Root Scanning (ms): Min: 0.7, Avg: 0.9, Max: 1.1, Diff: 0.4, Sum: 6.9]
      [Code Root Marking (ms): Min: 0.0, Avg: 0.0, Max: 0.1, Diff: 0.1, Sum: 0.1]
      [Update RS (ms): Min: 0.0, Avg: 0.0, Max: 0.1, Diff: 0.1, Sum: 0.1]
         [Processed Buffers: Min: 0, Avg: 1.1, Max: 3, Diff: 3, Sum: 9]
      [Scan RS (ms): Min: 0.0, Avg: 0.0, Max: 0.0, Diff: 0.0, Sum: 0.0]
      [Code Root Scanning (ms): Min: 0.0, Avg: 0.0, Max: 0.0, Diff: 0.0, Sum: 0.0]
      [Object Copy (ms): Min: 0.0, Avg: 0.2, Max: 0.3, Diff: 0.3, Sum: 1.3]
      [Termination (ms): Min: 0.0, Avg: 0.1, Max: 0.1, Diff: 0.1, Sum: 0.6]
      [GC Worker Other (ms): Min: 0.0, Avg: 0.0, Max: 0.0, Diff: 0.0, Sum: 0.0]
      [GC Worker Total (ms): Min: 1.1, Avg: 1.1, Max: 1.2, Diff: 0.1, Sum: 9.1]
      [GC Worker End (ms): Min: 15302.1, Avg: 15302.1, Max: 15302.1, Diff: 0.0]
   [Code Root Fixup: 0.0 ms]
   [Code Root Migration: 0.0 ms]
   [Clear CT: 0.0 ms]
   [Other: 0.2 ms]
      [Choose CSet: 0.0 ms]
      [Ref Proc: 0.2 ms]
      [Ref Enq: 0.0 ms]
      [Free CSet: 0.0 ms]
   [Eden: 9216.0K(20.0M)->0.0B(19.0M) Survivors: 0.0B->1024.0K Heap: 79.2M(106.0M)->70.6M(106.0M)]
 [Times: user=0.01 sys=0.00, real=0.01 secs] 
15.302: [GC concurrent-root-region-scan-start]
15.302: Total time for which application threads were stopped: 0.0016090 seconds, Stopping threads took: 0.0000320 seconds
15.302: Application time: 0.0000240 seconds
15.303: [GC pause (young)15.303: [GC concurrent-root-region-scan-end, 0.0001090 secs]
15.303: [GC concurrent-mark-start]
, 0.0007510 secs]
   [Root Region Scan Waiting: 0.0 ms]
   [Parallel Time: 0.5 ms, GC Workers: 8]
      [GC Worker Start (ms): Min: 15302.6, Avg: 15302.7, Max: 15303.0, Diff: 0.4]
      [Ext Root Scanning (ms): Min: 0.0, Avg: 0.3, Max: 0.4, Diff: 0.4, Sum: 2.2]
      [Update RS (ms): Min: 0.0, Avg: 0.0, Max: 0.0, Diff: 0.0, Sum: 0.0]
         [Processed Buffers: Min: 0, Avg: 0.5, Max: 2, Diff: 2, Sum: 4]
      [Scan RS (ms): Min: 0.0, Avg: 0.0, Max: 0.0, Diff: 0.0, Sum: 0.0]
      [Code Root Scanning (ms): Min: 0.0, Avg: 0.0, Max: 0.0, Diff: 0.0, Sum: 0.0]
      [Object Copy (ms): Min: 0.0, Avg: 0.1, Max: 0.1, Diff: 0.1, Sum: 0.6]
      [Termination (ms): Min: 0.0, Avg: 0.0, Max: 0.0, Diff: 0.0, Sum: 0.0]
      [GC Worker Other (ms): Min: 0.0, Avg: 0.0, Max: 0.0, Diff: 0.0, Sum: 0.0]
      [GC Worker Total (ms): Min: 0.0, Avg: 0.4, Max: 0.5, Diff: 0.4, Sum: 2.8]
      [GC Worker End (ms): Min: 15303.0, Avg: 15303.0, Max: 15303.0, Diff: 0.0]
   [Code Root Fixup: 0.0 ms]
   [Code Root Migration: 0.0 ms]
   [Clear CT: 0.0 ms]
   [Other: 0.1 ms]
      [Choose CSet: 0.0 ms]
      [Ref Proc: 0.1 ms]
      [Ref Enq: 0.0 ms]
      [Free CSet: 0.0 ms]
   [Eden: 0.0B(19.0M)->0.0B(19.0M) Survivors: 1024.0K->1024.0K Heap: 70.6M(106.0M)->70.6M(106.0M)]
 [Times: user=0.01 sys=0.00, real=0.00 secs] 
15.303: Total time for which application threads were stopped: 0.0008350 seconds, Stopping threads took: 0.0000090 seconds
15.303: Application time: 0.0000400 seconds
15.303: [Full GC 70M->70M(106M), 0.0072460 secs]
   [Eden: 1024.0K(19.0M)->0.0B(20.0M) Survivors: 1024.0K->0.0B Heap: 70.7M(106.0M)->70.6M(106.0M)], [Perm: 5831K->5831K(20480K)]
 [Times: user=0.01 sys=0.00, real=0.00 secs] 
15.311: [Full GC 70M->70M(106M), 0.0063670 secs]
   [Eden: 0.0B(20.0M)->0.0B(20.0M) Survivors: 0.0B->0.0B Heap: 70.6M(106.0M)->70.5M(106.0M)], [Perm: 5831K->5831K(20480K)]
 [Times: user=0.01 sys=0.00, real=0.01 secs] 
15.317: Total time for which application threads were stopped: 0.0137440 seconds, Stopping threads took: 0.0000170 seconds
15.317: Application time: 0.0000470 seconds
15.317: Total time for which application threads were stopped: 0.0000540 seconds, Stopping threads took: 0.0000260 seconds
15.317: [GC concurrent-mark-abort]
15.317: Application time: 0.0002140 seconds
15.317: [GC pause (young), 0.0011590 secs]
   [Parallel Time: 0.9 ms, GC Workers: 8]
      [GC Worker Start (ms): Min: 15317.5, Avg: 15317.5, Max: 15317.6, Diff: 0.0]
      [Ext Root Scanning (ms): Min: 0.6, Avg: 0.7, Max: 0.8, Diff: 0.2, Sum: 5.5]
      [Update RS (ms): Min: 0.0, Avg: 0.0, Max: 0.0, Diff: 0.0, Sum: 0.0]
         [Processed Buffers: Min: 0, Avg: 0.8, Max: 3, Diff: 3, Sum: 6]
      [Scan RS (ms): Min: 0.0, Avg: 0.0, Max: 0.0, Diff: 0.0, Sum: 0.0]
      [Code Root Scanning (ms): Min: 0.0, Avg: 0.0, Max: 0.0, Diff: 0.0, Sum: 0.0]
      [Object Copy (ms): Min: 0.0, Avg: 0.0, Max: 0.1, Diff: 0.1, Sum: 0.3]
      [Termination (ms): Min: 0.0, Avg: 0.1, Max: 0.1, Diff: 0.1, Sum: 0.7]
      [GC Worker Other (ms): Min: 0.0, Avg: 0.0, Max: 0.0, Diff: 0.0, Sum: 0.0]
      [GC Worker Total (ms): Min: 0.8, Avg: 0.8, Max: 0.8, Diff: 0.0, Sum: 6.6]
      [GC Worker End (ms): Min: 15318.3, Avg: 15318.4, Max: 15318.4, Diff: 0.0]
   [Code Root Fixup: 0.0 ms]
   [Code Root Migration: 0.0 ms]
   [Clear CT: 0.0 ms]
   [Other: 0.2 ms]
      [Choose CSet: 0.0 ms]
      [Ref Proc: 0.2 ms]
      [Ref Enq: 0.0 ms]
      [Free CSet: 0.0 ms]
   [Eden: 1024.0K(20.0M)->0.0B(19.0M) Survivors: 0.0B->1024.0K Heap: 70.7M(106.0M)->70.6M(106.0M)]
 [Times: user=0.01 sys=0.00, real=0.00 secs] 
15.319: Total time for which application threads were stopped: 0.0012720 seconds, Stopping threads took: 0.0000280 seconds
15.319: Application time: 0.0002990 seconds
15.319: [Full GC 70M->70M(106M), 0.0075260 secs]
   [Eden: 1024.0K(19.0M)->0.0B(20.0M) Survivors: 1024.0K->0.0B Heap: 70.7M(106.0M)->70.5M(106.0M)], [Perm: 5831K->5804K(20480K)]
 [Times: user=0.01 sys=0.00, real=0.01 secs] 
15.327: [Full GC 70M->70M(106M), 0.0072080 secs]
   [Eden: 0.0B(20.0M)->0.0B(20.0M) Survivors: 0.0B->0.0B Heap: 70.5M(106.0M)->70.5M(106.0M)], [Perm: 5804K->5804K(20480K)]
 [Times: user=0.01 sys=0.00, real=0.01 secs] 
15.334: Total time for which application threads were stopped: 0.0149180 seconds, Stopping threads took: 0.0000310 seconds
15.338: Application time: 0.0043600 seconds
15.338: [GC pause (young) (initial-mark), 0.0015670 secs]
   [Parallel Time: 1.3 ms, GC Workers: 8]
      [GC Worker Start (ms): Min: 15338.5, Avg: 15338.8, Max: 15339.6, Diff: 1.1]
      [Ext Root Scanning (ms): Min: 0.0, Avg: 0.6, Max: 0.9, Diff: 0.9, Sum: 4.8]
      [Code Root Marking (ms): Min: 0.0, Avg: 0.0, Max: 0.1, Diff: 0.1, Sum: 0.1]
      [Update RS (ms): Min: 0.0, Avg: 0.0, Max: 0.0, Diff: 0.0, Sum: 0.1]
         [Processed Buffers: Min: 0, Avg: 1.0, Max: 6, Diff: 6, Sum: 8]
      [Scan RS (ms): Min: 0.0, Avg: 0.0, Max: 0.0, Diff: 0.0, Sum: 0.0]
      [Code Root Scanning (ms): Min: 0.0, Avg: 0.0, Max: 0.0, Diff: 0.0, Sum: 0.0]
      [Object Copy (ms): Min: 0.0, Avg: 0.1, Max: 0.2, Diff: 0.2, Sum: 1.2]
      [Termination (ms): Min: 0.0, Avg: 0.1, Max: 0.1, Diff: 0.1, Sum: 0.7]
      [GC Worker Other (ms): Min: 0.0, Avg: 0.0, Max: 0.0, Diff: 0.0, Sum: 0.0]
      [GC Worker Total (ms): Min: 0.0, Avg: 0.9, Max: 1.2, Diff: 1.2, Sum: 6.8]
      [GC Worker End (ms): Min: 15339.6, Avg: 15339.7, Max: 15339.7, Diff: 0.0]
   [Code Root Fixup: 0.0 ms]
   [Code Root Migration: 0.0 ms]
   [Clear CT: 0.0 ms]
   [Other: 0.2 ms]
      [Choose CSet: 0.0 ms]
      [Ref Proc: 0.2 ms]
      [Ref Enq: 0.0 ms]
      [Free CSet: 0.0 ms]
   [Eden: 3072.0K(20.0M)->0.0B(19.0M) Survivors: 0.0B->1024.0K Heap: 73.1M(106.0M)->70.6M(106.0M)]
 [Times: user=0.01 sys=0.00, real=0.00 secs] 
15.340: [GC concurrent-root-region-scan-start]
15.340: Total time for which application threads were stopped: 0.0018070 seconds, Stopping threads took: 0.0001260 seconds
15.340: Application time: 0.0000240 seconds
15.340: [GC pause (young)15.340: [GC concurrent-root-region-scan-end, 0.0000700 secs]
15.340: [GC concurrent-mark-start]
, 0.0006720 secs]
   [Parallel Time: 0.5 ms, GC Workers: 8]
      [GC Worker Start (ms): Min: 15340.2, Avg: 15340.2, Max: 15340.6, Diff: 0.4]
      [Ext Root Scanning (ms): Min: 0.0, Avg: 0.3, Max: 0.4, Diff: 0.4, Sum: 2.3]
      [SATB Filtering (ms): Min: 0.0, Avg: 0.0, Max: 0.0, Diff: 0.0, Sum: 0.0]
      [Update RS (ms): Min: 0.0, Avg: 0.0, Max: 0.0, Diff: 0.0, Sum: 0.0]
         [Processed Buffers: Min: 0, Avg: 0.4, Max: 1, Diff: 1, Sum: 3]
      [Scan RS (ms): Min: 0.0, Avg: 0.0, Max: 0.0, Diff: 0.0, Sum: 0.0]
      [Code Root Scanning (ms): Min: 0.0, Avg: 0.0, Max: 0.0, Diff: 0.0, Sum: 0.0]
      [Object Copy (ms): Min: 0.0, Avg: 0.0, Max: 0.1, Diff: 0.1, Sum: 0.3]
      [Termination (ms): Min: 0.0, Avg: 0.1, Max: 0.1, Diff: 0.1, Sum: 0.5]
      [GC Worker Other (ms): Min: -0.0, Avg: 0.0, Max: 0.0, Diff: 0.0, Sum: 0.0]
      [GC Worker Total (ms): Min: 0.0, Avg: 0.4, Max: 0.5, Diff: 0.4, Sum: 3.1]
      [GC Worker End (ms): Min: 15340.6, Avg: 15340.6, Max: 15340.6, Diff: 0.0]
   [Code Root Fixup: 0.0 ms]
   [Code Root Migration: 0.0 ms]
   [Clear CT: 0.0 ms]
   [Other: 0.1 ms]
      [Choose CSet: 0.0 ms]
      [Ref Proc: 0.1 ms]
      [Ref Enq: 0.0 ms]
      [Free CSet: 0.0 ms]
   [Eden: 0.0B(19.0M)->0.0B(19.0M) Survivors: 1024.0K->1024.0K Heap: 70.6M(106.0M)->70.6M(106.0M)]
 [Times: user=0.00 sys=0.00, real=0.00 secs] 
15.341: Total time for which application threads were stopped: 0.0007520 seconds, Stopping threads took: 0.0000130 seconds
15.341: Application time: 0.0000400 seconds
15.341: [Full GC 70M->70M(106M), 0.0069840 secs]
   [Eden: 1024.0K(19.0M)->0.0B(20.0M) Survivors: 1024.0K->0.0B Heap: 70.6M(106.0M)->70.6M(106.0M)], [Perm: 5815K->5815K(20480K)]
 [Times: user=0.02 sys=0.00, real=0.01 secs] 
15.348: [Full GC 70M->70M(106M), 0.0073730 secs]
   [Eden: 0.0B(20.0M)->0.0B(20.0M) Survivors: 0.0B->0.0B Heap: 70.6M(106.0M)->70.6M(106.0M)], [Perm: 5815K->5815K(20480K)]
 [Times: user=0.01 sys=0.00, real=0.01 secs] 
15.355: Total time for which application threads were stopped: 0.0145000 seconds, Stopping threads took: 0.0000260 seconds
15.355: [GC concurrent-mark-abort]
15.356: Application time: 0.0001530 seconds
15.356: Total time for which application threads were stopped: 0.0001250 seconds, Stopping threads took: 0.0000790 seconds
15.356: Application time: 0.0002010 seconds
15.356: [GC pause (young), 0.0010870 secs]
   [Parallel Time: 0.9 ms, GC Workers: 8]
      [GC Worker Start (ms): Min: 15356.0, Avg: 15356.0, Max: 15356.1, Diff: 0.1]
      [Ext Root Scanning (ms): Min: 0.6, Avg: 0.7, Max: 0.7, Diff: 0.1, Sum: 5.5]
      [Update RS (ms): Min: 0.0, Avg: 0.0, Max: 0.0, Diff: 0.0, Sum: 0.1]
         [Processed Buffers: Min: 0, Avg: 1.0, Max: 4, Diff: 4, Sum: 8]
      [Scan RS (ms): Min: 0.0, Avg: 0.0, Max: 0.0, Diff: 0.0, Sum: 0.0]
      [Code Root Scanning (ms): Min: 0.0, Avg: 0.0, Max: 0.0, Diff: 0.0, Sum: 0.0]
      [Object Copy (ms): Min: 0.0, Avg: 0.0, Max: 0.1, Diff: 0.1, Sum: 0.4]
      [Termination (ms): Min: 0.0, Avg: 0.0, Max: 0.1, Diff: 0.1, Sum: 0.4]
      [GC Worker Other (ms): Min: 0.0, Avg: 0.0, Max: 0.0, Diff: 0.0, Sum: 0.0]
      [GC Worker Total (ms): Min: 0.8, Avg: 0.8, Max: 0.8, Diff: 0.1, Sum: 6.4]
      [GC Worker End (ms): Min: 15356.8, Avg: 15356.8, Max: 15356.8, Diff: 0.0]
   [Code Root Fixup: 0.0 ms]
   [Code Root Migration: 0.0 ms]
   [Clear CT: 0.1 ms]
   [Other: 0.1 ms]
      [Choose CSet: 0.0 ms]
      [Ref Proc: 0.1 ms]
      [Ref Enq: 0.0 ms]
      [Free CSet: 0.0 ms]
   [Eden: 1024.0K(20.0M)->0.0B(19.0M) Survivors: 0.0B->1024.0K Heap: 70.7M(106.0M)->70.6M(106.0M)]
 [Times: user=0.01 sys=0.00, real=0.00 secs] 
15.357: Total time for which application threads were stopped: 0.0012320 seconds, Stopping threads took: 0.0000500 seconds
15.357: Application time: 0.0000320 seconds
15.357: [Full GC 70M->70M(106M), 0.0078710 secs]
   [Eden: 1024.0K(19.0M)->0.0B(20.0M) Survivors: 1024.0K->0.0B Heap: 70.6M(106.0M)->70.6M(106.0M)], [Perm: 5815K->5804K(20480K)]
 [Times: user=0.01 sys=0.00, real=0.01 secs] 
15.365: [Full GC 70M->70M(106M), 0.0077280 secs]
   [Eden: 0.0B(20.0M)->0.0B(20.0M) Survivors: 0.0B->0.0B Heap: 70.6M(106.0M)->70.6M(106.0M)], [Perm: 5804K->5804K(20480K)]
 [Times: user=0.01 sys=0.00, real=0.00 secs] 
15.373: Total time for which application threads were stopped: 0.0157600 seconds, Stopping threads took: 0.0000330 seconds
15.374: Application time: 0.0011280 seconds
15.374: [GC pause (young) (initial-mark), 0.0012750 secs]
   [Parallel Time: 0.9 ms, GC Workers: 8]
      [GC Worker Start (ms): Min: 15374.2, Avg: 15374.2, Max: 15374.2, Diff: 0.1]
      [Ext Root Scanning (ms): Min: 0.7, Avg: 0.7, Max: 0.7, Diff: 0.1, Sum: 5.6]
      [Code Root Marking (ms): Min: 0.0, Avg: 0.0, Max: 0.1, Diff: 0.1, Sum: 0.1]
      [Update RS (ms): Min: 0.0, Avg: 0.0, Max: 0.0, Diff: 0.0, Sum: 0.1]
         [Processed Buffers: Min: 0, Avg: 1.1, Max: 3, Diff: 3, Sum: 9]
      [Scan RS (ms): Min: 0.0, Avg: 0.0, Max: 0.0, Diff: 0.0, Sum: 0.0]
      [Code Root Scanning (ms): Min: 0.0, Avg: 0.0, Max: 0.0, Diff: 0.0, Sum: 0.0]
      [Object Copy (ms): Min: 0.1, Avg: 0.1, Max: 0.2, Diff: 0.1, Sum: 1.0]
      [Termination (ms): Min: 0.0, Avg: 0.0, Max: 0.0, Diff: 0.0, Sum: 0.0]
      [GC Worker Other (ms): Min: 0.0, Avg: 0.0, Max: 0.0, Diff: 0.0, Sum: 0.1]
      [GC Worker Total (ms): Min: 0.8, Avg: 0.9, Max: 0.9, Diff: 0.1, Sum: 6.9]
      [GC Worker End (ms): Min: 15375.1, Avg: 15375.1, Max: 15375.1, Diff: 0.0]
   [Code Root Fixup: 0.0 ms]
   [Code Root Migration: 0.0 ms]
   [Clear CT: 0.1 ms]
   [Other: 0.2 ms]
      [Choose CSet: 0.0 ms]
      [Ref Proc: 0.2 ms]
      [Ref Enq: 0.0 ms]
      [Free CSet: 0.0 ms]
   [Eden: 1024.0K(20.0M)->0.0B(19.0M) Survivors: 0.0B->1024.0K Heap: 71.1M(106.0M)->70.6M(106.0M)]
 [Times: user=0.01 sys=0.00, real=0.00 secs] 
15.376: Total time for which application threads were stopped: 0.0014560 seconds, Stopping threads took: 0.0000820 seconds
15.376: [GC concurrent-root-region-scan-start]
15.376: Application time: 0.0000310 seconds
15.376: [GC concurrent-root-region-scan-end, 0.0000790 secs]
15.376: 15.376: [GC concurrent-mark-start]
[GC pause (young), 0.0006520 secs]
   [Parallel Time: 0.5 ms, GC Workers: 8]
      [GC Worker Start (ms): Min: 15375.6, Avg: 15375.6, Max: 15375.6, Diff: 0.0]
      [Ext Root Scanning (ms): Min: 0.4, Avg: 0.4, Max: 0.4, Diff: 0.0, Sum: 3.0]
      [SATB Filtering (ms): Min: 0.0, Avg: 0.0, Max: 0.0, Diff: 0.0, Sum: 0.0]
      [Update RS (ms): Min: 0.0, Avg: 0.0, Max: 0.0, Diff: 0.0, Sum: 0.1]
         [Processed Buffers: Min: 0, Avg: 0.8, Max: 2, Diff: 2, Sum: 6]
      [Scan RS (ms): Min: 0.0, Avg: 0.0, Max: 0.0, Diff: 0.0, Sum: 0.0]
      [Code Root Scanning (ms): Min: 0.0, Avg: 0.0, Max: 0.0, Diff: 0.0, Sum: 0.0]
      [Object Copy (ms): Min: 0.0, Avg: 0.0, Max: 0.1, Diff: 0.0, Sum: 0.3]
      [Termination (ms): Min: 0.0, Avg: 0.0, Max: 0.0, Diff: 0.0, Sum: 0.1]
      [GC Worker Other (ms): Min: 0.0, Avg: 0.0, Max: 0.0, Diff: 0.0, Sum: 0.0]
      [GC Worker Total (ms): Min: 0.4, Avg: 0.4, Max: 0.5, Diff: 0.0, Sum: 3.5]
      [GC Worker End (ms): Min: 15376.1, Avg: 15376.1, Max: 15376.1, Diff: 0.0]
   [Code Root Fixup: 0.0 ms]
   [Code Root Migration: 0.0 ms]
   [Clear CT: 0.1 ms]
   [Other: 0.1 ms]
      [Choose CSet: 0.0 ms]
      [Ref Proc: 0.1 ms]
      [Ref Enq: 0.0 ms]
      [Free CSet: 0.0 ms]
   [Eden: 1024.0K(19.0M)->0.0B(19.0M) Survivors: 1024.0K->1024.0K Heap: 70.7M(106.0M)->70.6M(106.0M)]
 [Times: user=0.00 sys=0.00, real=0.00 secs] 
15.376: Total time for which application threads were stopped: 0.0007730 seconds, Stopping threads took: 0.0000370 seconds
15.376: Application time: 0.0000410 seconds
15.376: [Full GC 70M->70M(106M), 0.0084980 secs]
   [Eden: 1024.0K(19.0M)->0.0B(20.0M) Survivors: 1024.0K->0.0B Heap: 70.7M(106.0M)->70.6M(106.0M)], [Perm: 5811K->5811K(20480K)]
 [Times: user=0.01 sys=0.00, real=0.01 secs] 
15.385: [Full GC 70M->70M(106M), 0.0084670 secs]
   [Eden: 0.0B(20.0M)->0.0B(20.0M) Survivors: 0.0B->0.0B Heap: 70.6M(106.0M)->70.6M(106.0M)], [Perm: 5811K->5811K(20480K)]
 [Times: user=0.01 sys=0.00, real=0.00 secs] 
15.393: Total time for which application threads were stopped: 0.0171210 seconds, Stopping threads took: 0.0000210 seconds
15.394: [GC concurrent-mark-abort]
15.394: Application time: 0.0004110 seconds
15.394: Total time for which application threads were stopped: 0.0000370 seconds, Stopping threads took: 0.0000120 seconds
15.394: Application time: 0.0001610 seconds
15.394: [GC pause (young), 0.0015910 secs]
   [Parallel Time: 1.0 ms, GC Workers: 8]
      [GC Worker Start (ms): Min: 15394.2, Avg: 15394.2, Max: 15394.2, Diff: 0.1]
      [Ext Root Scanning (ms): Min: 0.6, Avg: 0.7, Max: 0.7, Diff: 0.1, Sum: 5.2]
      [Update RS (ms): Min: 0.0, Avg: 0.0, Max: 0.0, Diff: 0.0, Sum: 0.1]
         [Processed Buffers: Min: 0, Avg: 1.0, Max: 3, Diff: 3, Sum: 8]
      [Scan RS (ms): Min: 0.0, Avg: 0.0, Max: 0.0, Diff: 0.0, Sum: 0.0]
      [Code Root Scanning (ms): Min: 0.0, Avg: 0.0, Max: 0.0, Diff: 0.0, Sum: 0.0]
      [Object Copy (ms): Min: 0.0, Avg: 0.0, Max: 0.1, Diff: 0.0, Sum: 0.4]
      [Termination (ms): Min: 0.0, Avg: 0.0, Max: 0.0, Diff: 0.0, Sum: 0.1]
      [GC Worker Other (ms): Min: 0.0, Avg: 0.0, Max: 0.0, Diff: 0.0, Sum: 0.1]
      [GC Worker Total (ms): Min: 0.7, Avg: 0.7, Max: 0.8, Diff: 0.1, Sum: 5.8]
      [GC Worker End (ms): Min: 15394.9, Avg: 15394.9, Max: 15394.9, Diff: 0.0]
   [Code Root Fixup: 0.0 ms]
   [Code Root Migration: 0.0 ms]
   [Clear CT: 0.2 ms]
   [Other: 0.4 ms]
      [Choose CSet: 0.0 ms]
      [Ref Proc: 0.3 ms]
      [Ref Enq: 0.0 ms]
      [Free CSet: 0.0 ms]
   [Eden: 1024.0K(20.0M)->0.0B(19.0M) Survivors: 0.0B->1024.0K Heap: 70.7M(106.0M)->70.6M(106.0M)]
 [Times: user=0.00 sys=0.00, real=0.00 secs] 
15.396: Total time for which application threads were stopped: 0.0017060 seconds, Stopping threads took: 0.0000250 seconds
15.396: Application time: 0.0000680 seconds
15.396: [Full GC 70M->70M(106M), 0.0086110 secs]
   [Eden: 0.0B(19.0M)->0.0B(20.0M) Survivors: 1024.0K->0.0B Heap: 70.6M(106.0M)->70.6M(106.0M)], [Perm: 5817K->5786K(20480K)]
 [Times: user=0.02 sys=0.00, real=0.01 secs] 
15.405: [Full GC 70M->70M(106M), 0.0087670 secs]
   [Eden: 0.0B(20.0M)->0.0B(20.0M) Survivors: 0.0B->0.0B Heap: 70.6M(106.0M)->70.6M(106.0M)], [Perm: 5786K->5786K(20480K)]
 [Times: user=0.01 sys=0.00, real=0.00 secs] 
15.413: Total time for which application threads were stopped: 0.0175430 seconds, Stopping threads took: 0.0000260 seconds
15.433: Application time: 0.0198160 seconds
15.433: [GC pause (young) (initial-mark), 0.0015350 secs]
   [Parallel Time: 1.2 ms, GC Workers: 8]
      [GC Worker Start (ms): Min: 15433.5, Avg: 15433.5, Max: 15433.5, Diff: 0.1]
      [Ext Root Scanning (ms): Min: 0.7, Avg: 0.8, Max: 0.9, Diff: 0.2, Sum: 6.4]
      [Code Root Marking (ms): Min: 0.0, Avg: 0.0, Max: 0.1, Diff: 0.1, Sum: 0.1]
      [Update RS (ms): Min: 0.0, Avg: 0.0, Max: 0.0, Diff: 0.0, Sum: 0.1]
         [Processed Buffers: Min: 0, Avg: 1.1, Max: 3, Diff: 3, Sum: 9]
      [Scan RS (ms): Min: 0.0, Avg: 0.0, Max: 0.0, Diff: 0.0, Sum: 0.0]
      [Code Root Scanning (ms): Min: 0.0, Avg: 0.0, Max: 0.0, Diff: 0.0, Sum: 0.0]
      [Object Copy (ms): Min: 0.1, Avg: 0.2, Max: 0.3, Diff: 0.1, Sum: 1.5]
      [Termination (ms): Min: 0.0, Avg: 0.0, Max: 0.0, Diff: 0.0, Sum: 0.1]
      [GC Worker Other (ms): Min: 0.0, Avg: 0.0, Max: 0.0, Diff: 0.0, Sum: 0.1]
      [GC Worker Total (ms): Min: 1.0, Avg: 1.0, Max: 1.1, Diff: 0.1, Sum: 8.3]
      [GC Worker End (ms): Min: 15434.5, Avg: 15434.5, Max: 15434.5, Diff: 0.0]
   [Code Root Fixup: 0.0 ms]
   [Code Root Migration: 0.0 ms]
   [Clear CT: 0.1 ms]
   [Other: 0.2 ms]
      [Choose CSet: 0.0 ms]
      [Ref Proc: 0.2 ms]
      [Ref Enq: 0.0 ms]
      [Free CSet: 0.0 ms]
   [Eden: 14.0M(20.0M)->0.0B(19.0M) Survivors: 0.0B->1024.0K Heap: 84.0M(106.0M)->70.7M(106.0M)]
 [Times: user=0.01 sys=0.00, real=0.01 secs] 
15.435: [GC concurrent-root-region-scan-start]
15.435: Total time for which application threads were stopped: 0.0017520 seconds, Stopping threads took: 0.0000890 seconds
15.435: Application time: 0.0000160 seconds
15.435: [GC pause (young)15.435: [GC concurrent-root-region-scan-end, 0.0001160 secs]
15.435: [GC concurrent-mark-start]
, 0.0006250 secs]
   [Root Region Scan Waiting: 0.1 ms]
   [Parallel Time: 0.4 ms, GC Workers: 8]
      [GC Worker Start (ms): Min: 15435.1, Avg: 15435.1, Max: 15435.1, Diff: 0.0]
      [Ext Root Scanning (ms): Min: 0.3, Avg: 0.3, Max: 0.3, Diff: 0.0, Sum: 2.4]
      [SATB Filtering (ms): Min: 0.0, Avg: 0.0, Max: 0.0, Diff: 0.0, Sum: 0.0]
      [Update RS (ms): Min: 0.0, Avg: 0.0, Max: 0.0, Diff: 0.0, Sum: 0.1]
         [Processed Buffers: Min: 0, Avg: 1.0, Max: 3, Diff: 3, Sum: 8]
      [Scan RS (ms): Min: 0.0, Avg: 0.0, Max: 0.0, Diff: 0.0, Sum: 0.0]
      [Code Root Scanning (ms): Min: 0.0, Avg: 0.0, Max: 0.0, Diff: 0.0, Sum: 0.0]
      [Object Copy (ms): Min: 0.0, Avg: 0.1, Max: 0.1, Diff: 0.0, Sum: 0.5]
      [Termination (ms): Min: 0.0, Avg: 0.0, Max: 0.0, Diff: 0.0, Sum: 0.0]
      [GC Worker Other (ms): Min: 0.0, Avg: 0.0, Max: 0.0, Diff: 0.0, Sum: 0.0]
      [GC Worker Total (ms): Min: 0.4, Avg: 0.4, Max: 0.4, Diff: 0.0, Sum: 3.0]
      [GC Worker End (ms): Min: 15435.5, Avg: 15435.5, Max: 15435.5, Diff: 0.0]
   [Code Root Fixup: 0.0 ms]
   [Code Root Migration: 0.0 ms]
   [Clear CT: 0.0 ms]
   [Other: 0.1 ms]
      [Choose CSet: 0.0 ms]
      [Ref Proc: 0.1 ms]
      [Ref Enq: 0.0 ms]
      [Free CSet: 0.0 ms]
   [Eden: 1024.0K(19.0M)->0.0B(19.0M) Survivors: 1024.0K->1024.0K Heap: 70.7M(106.0M)->70.7M(106.0M)]
 [Times: user=0.00 sys=0.00, real=0.00 secs] 
15.436: Total time for which application threads were stopped: 0.0007010 seconds, Stopping threads took: 0.0000180 seconds
15.436: Application time: 0.0000360 seconds
15.436: [Full GC 70M->70M(106M), 0.0069750 secs]
   [Eden: 1024.0K(19.0M)->0.0B(19.0M) Survivors: 1024.0K->0.0B Heap: 70.8M(106.0M)->70.7M(106.0M)], [Perm: 5876K->5876K(20480K)]
 [Times: user=0.01 sys=0.00, real=0.01 secs] 
15.443: [Full GC 70M->70M(106M), 0.0065520 secs]
   [Eden: 0.0B(19.0M)->0.0B(20.0M) Survivors: 0.0B->0.0B Heap: 70.7M(106.0M)->70.6M(106.0M)], [Perm: 5876K->5876K(20480K)]
 [Times: user=0.01 sys=0.00, real=0.00 secs] 
15.449: Total time for which application threads were stopped: 0.0136660 seconds, Stopping threads took: 0.0000290 seconds
15.449: [GC concurrent-mark-abort]
15.449: Application time: 0.0000470 seconds
15.450: Total time for which application threads were stopped: 0.0000880 seconds, Stopping threads took: 0.0000620 seconds
15.450: Application time: 0.0001910 seconds
15.450: [GC pause (young), 0.0008640 secs]
   [Parallel Time: 0.6 ms, GC Workers: 8]
      [GC Worker Start (ms): Min: 15449.8, Avg: 15449.8, Max: 15449.9, Diff: 0.1]
      [Ext Root Scanning (ms): Min: 0.5, Avg: 0.5, Max: 0.6, Diff: 0.1, Sum: 4.2]
      [Update RS (ms): Min: 0.0, Avg: 0.0, Max: 0.0, Diff: 0.0, Sum: 0.0]
         [Processed Buffers: Min: 0, Avg: 0.9, Max: 3, Diff: 3, Sum: 7]
      [Scan RS (ms): Min: 0.0, Avg: 0.0, Max: 0.0, Diff: 0.0, Sum: 0.0]
      [Code Root Scanning (ms): Min: 0.0, Avg: 0.0, Max: 0.0, Diff: 0.0, Sum: 0.0]
      [Object Copy (ms): Min: 0.0, Avg: 0.0, Max: 0.1, Diff: 0.1, Sum: 0.3]
      [Termination (ms): Min: 0.0, Avg: 0.0, Max: 0.0, Diff: 0.0, Sum: 0.1]
      [GC Worker Other (ms): Min: 0.0, Avg: 0.0, Max: 0.0, Diff: 0.0, Sum: 0.0]
      [GC Worker Total (ms): Min: 0.6, Avg: 0.6, Max: 0.6, Diff: 0.1, Sum: 4.7]
      [GC Worker End (ms): Min: 15450.4, Avg: 15450.4, Max: 15450.4, Diff: 0.0]
   [Code Root Fixup: 0.0 ms]
   [Code Root Migration: 0.0 ms]
   [Clear CT: 0.1 ms]
   [Other: 0.1 ms]
      [Choose CSet: 0.0 ms]
      [Ref Proc: 0.1 ms]
      [Ref Enq: 0.0 ms]
      [Free CSet: 0.0 ms]
   [Eden: 1024.0K(20.0M)->0.0B(19.0M) Survivors: 0.0B->1024.0K Heap: 70.8M(106.0M)->70.7M(106.0M)]
 [Times: user=0.01 sys=0.00, real=0.00 secs] 
15.451: Total time for which application threads were stopped: 0.0009830 seconds, Stopping threads took: 0.0000310 seconds
15.451: Application time: 0.0000300 seconds
15.451: [Full GC 70M->70M(106M), 0.0070350 secs]
   [Eden: 1024.0K(19.0M)->0.0B(20.0M) Survivors: 1024.0K->0.0B Heap: 70.7M(106.0M)->70.6M(106.0M)], [Perm: 5876K->5802K(20480K)]
 [Times: user=0.01 sys=0.00, real=0.01 secs] 
15.458: [Full GC 70M->70M(106M), 0.0071970 secs]
   [Eden: 0.0B(20.0M)->0.0B(20.0M) Survivors: 0.0B->0.0B Heap: 70.6M(106.0M)->70.6M(106.0M)], [Perm: 5802K->5802K(20480K)]
 [Times: user=0.01 sys=0.00, real=0.01 secs] 
15.465: Total time for which application threads were stopped: 0.0143700 seconds, Stopping threads took: 0.0000140 seconds
15.488: Application time: 0.0230840 seconds
15.488: [GC pause (young), 0.0014440 secs]
   [Parallel Time: 1.1 ms, GC Workers: 8]
      [GC Worker Start (ms): Min: 15488.5, Avg: 15488.5, Max: 15488.6, Diff: 0.1]
      [Ext Root Scanning (ms): Min: 0.8, Avg: 0.9, Max: 1.0, Diff: 0.1, Sum: 7.3]
      [Update RS (ms): Min: 0.0, Avg: 0.0, Max: 0.1, Diff: 0.1, Sum: 0.1]
         [Processed Buffers: Min: 0, Avg: 1.1, Max: 5, Diff: 5, Sum: 9]
      [Scan RS (ms): Min: 0.0, Avg: 0.0, Max: 0.0, Diff: 0.0, Sum: 0.1]
      [Code Root Scanning (ms): Min: 0.0, Avg: 0.0, Max: 0.0, Diff: 0.0, Sum: 0.0]
      [Object Copy (ms): Min: 0.1, Avg: 0.1, Max: 0.1, Diff: 0.1, Sum: 0.6]
      [Termination (ms): Min: 0.0, Avg: 0.0, Max: 0.0, Diff: 0.0, Sum: 0.2]
      [GC Worker Other (ms): Min: 0.0, Avg: 0.0, Max: 0.0, Diff: 0.0, Sum: 0.1]
      [GC Worker Total (ms): Min: 1.0, Avg: 1.0, Max: 1.1, Diff: 0.1, Sum: 8.3]
      [GC Worker End (ms): Min: 15489.6, Avg: 15489.6, Max: 15489.6, Diff: 0.0]
   [Code Root Fixup: 0.0 ms]
   [Code Root Migration: 0.0 ms]
   [Clear CT: 0.1 ms]
   [Other: 0.2 ms]
      [Choose CSet: 0.0 ms]
      [Ref Proc: 0.2 ms]
      [Ref Enq: 0.0 ms]
      [Free CSet: 0.0 ms]
   [Eden: 20.0M(20.0M)->0.0B(18.0M) Survivors: 0.0B->1024.0K Heap: 90.6M(106.0M)->70.7M(106.0M)]
 [Times: user=0.00 sys=0.00, real=0.00 secs] 
15.490: Total time for which application threads were stopped: 0.0017230 seconds, Stopping threads took: 0.0001650 seconds
15.508: Application time: 0.0179330 seconds
15.508: [GC pause (young) (initial-mark), 0.0009950 secs]
   [Parallel Time: 0.8 ms, GC Workers: 8]
      [GC Worker Start (ms): Min: 15508.0, Avg: 15508.0, Max: 15508.1, Diff: 0.1]
      [Ext Root Scanning (ms): Min: 0.5, Avg: 0.5, Max: 0.6, Diff: 0.1, Sum: 4.2]
      [Code Root Marking (ms): Min: 0.0, Avg: 0.0, Max: 0.1, Diff: 0.1, Sum: 0.1]
      [Update RS (ms): Min: 0.0, Avg: 0.0, Max: 0.0, Diff: 0.0, Sum: 0.1]
         [Processed Buffers: Min: 0, Avg: 1.2, Max: 4, Diff: 4, Sum: 10]
      [Scan RS (ms): Min: 0.0, Avg: 0.0, Max: 0.0, Diff: 0.0, Sum: 0.0]
      [Code Root Scanning (ms): Min: 0.0, Avg: 0.0, Max: 0.0, Diff: 0.0, Sum: 0.0]
      [Object Copy (ms): Min: 0.1, Avg: 0.1, Max: 0.2, Diff: 0.1, Sum: 1.2]
      [Termination (ms): Min: 0.0, Avg: 0.0, Max: 0.0, Diff: 0.0, Sum: 0.0]
      [GC Worker Other (ms): Min: 0.0, Avg: 0.0, Max: 0.0, Diff: 0.0, Sum: 0.1]
      [GC Worker Total (ms): Min: 0.7, Avg: 0.7, Max: 0.7, Diff: 0.1, Sum: 5.7]
      [GC Worker End (ms): Min: 15508.8, Avg: 15508.8, Max: 15508.8, Diff: 0.0]
   [Code Root Fixup: 0.0 ms]
   [Code Root Migration: 0.0 ms]
   [Clear CT: 0.1 ms]
   [Other: 0.2 ms]
      [Choose CSet: 0.0 ms]
      [Ref Proc: 0.1 ms]
      [Ref Enq: 0.0 ms]
      [Free CSet: 0.0 ms]
   [Eden: 18.0M(18.0M)->0.0B(18.0M) Survivors: 1024.0K->1024.0K Heap: 88.7M(106.0M)->70.7M(106.0M)]
 [Times: user=0.00 sys=0.00, real=0.00 secs] 
15.509: 15.509: [GC concurrent-root-region-scan-start]
Total time for which application threads were stopped: 0.0011710 seconds, Stopping threads took: 0.0000710 seconds
15.509: [GC concurrent-root-region-scan-end, 0.0000790 secs]
15.509: [GC concurrent-mark-start]
15.511: [GC concurrent-mark-end, 0.0017900 secs]
15.511: Application time: 0.0018920 seconds
15.511: [GC remark 15.511: [GC ref-proc, 0.0001140 secs], 0.0006250 secs]
 [Times: user=0.00 sys=0.00, real=0.00 secs] 
15.512: Total time for which application threads were stopped: 0.0009350 seconds, Stopping threads took: 0.0002870 seconds
15.512: Application time: 0.0000190 seconds
15.512: [GC pause (young), 0.0007230 secs]
   [Parallel Time: 0.5 ms, GC Workers: 8]
      [GC Worker Start (ms): Min: 15511.9, Avg: 15512.0, Max: 15512.0, Diff: 0.0]
      [Ext Root Scanning (ms): Min: 0.4, Avg: 0.4, Max: 0.4, Diff: 0.1, Sum: 3.3]
      [SATB Filtering (ms): Min: 0.0, Avg: 0.0, Max: 0.0, Diff: 0.0, Sum: 0.0]
      [Update RS (ms): Min: 0.0, Avg: 0.0, Max: 0.0, Diff: 0.0, Sum: 0.1]
         [Processed Buffers: Min: 0, Avg: 1.8, Max: 5, Diff: 5, Sum: 14]
      [Scan RS (ms): Min: 0.0, Avg: 0.0, Max: 0.0, Diff: 0.0, Sum: 0.0]
      [Code Root Scanning (ms): Min: 0.0, Avg: 0.0, Max: 0.0, Diff: 0.0, Sum: 0.0]
      [Object Copy (ms): Min: 0.0, Avg: 0.1, Max: 0.1, Diff: 0.0, Sum: 0.5]
      [Termination (ms): Min: 0.0, Avg: 0.0, Max: 0.0, Diff: 0.0, Sum: 0.0]
      [GC Worker Other (ms): Min: 0.0, Avg: 0.0, Max: 0.0, Diff: 0.0, Sum: 0.1]
      [GC Worker Total (ms): Min: 0.5, Avg: 0.5, Max: 0.5, Diff: 0.0, Sum: 4.0]
      [GC Worker End (ms): Min: 15512.4, Avg: 15512.5, Max: 15512.5, Diff: 0.0]
   [Code Root Fixup: 0.0 ms]
   [Code Root Migration: 0.0 ms]
   [Clear CT: 0.0 ms]
   [Other: 0.1 ms]
      [Choose CSet: 0.0 ms]
      [Ref Proc: 0.1 ms]
      [Ref Enq: 0.0 ms]
      [Free CSet: 0.0 ms]
   [Eden: 2048.0K(18.0M)->0.0B(18.0M) Survivors: 1024.0K->1024.0K Heap: 71.9M(106.0M)->70.7M(106.0M)]
 [Times: user=0.00 sys=0.00, real=0.00 secs] 
15.513: Total time for which application threads were stopped: 0.0008070 seconds, Stopping threads took: 0.0000230 seconds
15.513: Application time: 0.0000130 seconds
15.513: [Full GC 70M->70M(106M), 0.0070370 secs]
   [Eden: 1024.0K(18.0M)->0.0B(19.0M) Survivors: 1024.0K->0.0B Heap: 70.8M(106.0M)->70.7M(106.0M)], [Perm: 5836K->5836K(20480K)]
 [Times: user=0.01 sys=0.00, real=0.01 secs] 
15.520: [Full GC 70M->70M(106M), 0.0065040 secs]
   [Eden: 0.0B(19.0M)->0.0B(20.0M) Survivors: 0.0B->0.0B Heap: 70.7M(106.0M)->70.6M(106.0M)], [Perm: 5836K->5836K(20480K)]
 [Times: user=0.01 sys=0.00, real=0.01 secs] 
15.526: Total time for which application threads were stopped: 0.0136720 seconds, Stopping threads took: 0.0000230 seconds
15.526: Application time: 0.0000580 seconds
15.527: [GC cleanup, 0.0000070 secs]
 [Times: user=0.00 sys=0.00, real=0.00 secs] 
15.527: Total time for which application threads were stopped: 0.0001190 seconds, Stopping threads took: 0.0000630 seconds
15.527: [GC concurrent-mark-abort]
15.527: Application time: 0.0001590 seconds
15.527: [GC pause (young), 0.0010020 secs]
   [Parallel Time: 0.8 ms, GC Workers: 8]
      [GC Worker Start (ms): Min: 15526.8, Avg: 15526.9, Max: 15526.9, Diff: 0.1]
      [Ext Root Scanning (ms): Min: 0.5, Avg: 0.6, Max: 0.6, Diff: 0.1, Sum: 4.7]
      [Update RS (ms): Min: 0.0, Avg: 0.0, Max: 0.0, Diff: 0.0, Sum: 0.0]
         [Processed Buffers: Min: 0, Avg: 0.9, Max: 7, Diff: 7, Sum: 7]
      [Scan RS (ms): Min: 0.0, Avg: 0.0, Max: 0.0, Diff: 0.0, Sum: 0.0]
      [Code Root Scanning (ms): Min: 0.0, Avg: 0.0, Max: 0.0, Diff: 0.0, Sum: 0.0]
      [Object Copy (ms): Min: 0.0, Avg: 0.0, Max: 0.1, Diff: 0.0, Sum: 0.3]
      [Termination (ms): Min: 0.0, Avg: 0.0, Max: 0.0, Diff: 0.0, Sum: 0.2]
      [GC Worker Other (ms): Min: 0.0, Avg: 0.0, Max: 0.0, Diff: 0.0, Sum: 0.0]
      [GC Worker Total (ms): Min: 0.6, Avg: 0.7, Max: 0.7, Diff: 0.1, Sum: 5.3]
      [GC Worker End (ms): Min: 15527.5, Avg: 15527.6, Max: 15527.6, Diff: 0.0]
   [Code Root Fixup: 0.0 ms]
   [Code Root Migration: 0.0 ms]
   [Clear CT: 0.1 ms]
   [Other: 0.1 ms]
      [Choose CSet: 0.0 ms]
      [Ref Proc: 0.1 ms]
      [Ref Enq: 0.0 ms]
      [Free CSet: 0.0 ms]
   [Eden: 1024.0K(20.0M)->0.0B(19.0M) Survivors: 0.0B->1024.0K Heap: 70.8M(106.0M)->70.7M(106.0M)]
 [Times: user=0.01 sys=0.01, real=0.00 secs] 
15.528: Total time for which application threads were stopped: 0.0011510 seconds, Stopping threads took: 0.0000560 seconds
15.528: Application time: 0.0000330 seconds
15.528: [Full GC 70M->70M(106M), 0.0071770 secs]
   [Eden: 1024.0K(19.0M)->0.0B(20.0M) Survivors: 1024.0K->0.0B Heap: 70.7M(106.0M)->70.6M(106.0M)], [Perm: 5836K->5787K(20480K)]
 [Times: user=0.01 sys=0.00, real=0.01 secs] 
15.535: [Full GC 70M->70M(106M), 0.0076830 secs]
   [Eden: 0.0B(20.0M)->0.0B(20.0M) Survivors: 0.0B->0.0B Heap: 70.6M(106.0M)->70.6M(106.0M)], [Perm: 5787K->5787K(20480K)]
 [Times: user=0.01 sys=0.00, real=0.01 secs] 
15.543: Total time for which application threads were stopped: 0.0150200 seconds, Stopping threads took: 0.0000330 seconds
15.559: Application time: 0.0162080 seconds
15.559: [GC pause (young) (initial-mark), 0.0015690 secs]
   [Parallel Time: 1.2 ms, GC Workers: 8]
      [GC Worker Start (ms): Min: 15559.4, Avg: 15559.4, Max: 15559.5, Diff: 0.1]
      [Ext Root Scanning (ms): Min: 0.7, Avg: 0.9, Max: 1.0, Diff: 0.2, Sum: 7.0]
      [Code Root Marking (ms): Min: 0.0, Avg: 0.0, Max: 0.0, Diff: 0.0, Sum: 0.1]
      [Update RS (ms): Min: 0.0, Avg: 0.0, Max: 0.0, Diff: 0.0, Sum: 0.1]
         [Processed Buffers: Min: 0, Avg: 1.0, Max: 2, Diff: 2, Sum: 8]
      [Scan RS (ms): Min: 0.0, Avg: 0.0, Max: 0.0, Diff: 0.0, Sum: 0.0]
      [Code Root Scanning (ms): Min: 0.0, Avg: 0.0, Max: 0.0, Diff: 0.0, Sum: 0.0]
      [Object Copy (ms): Min: 0.1, Avg: 0.2, Max: 0.3, Diff: 0.2, Sum: 1.4]
      [Termination (ms): Min: 0.0, Avg: 0.0, Max: 0.0, Diff: 0.0, Sum: 0.1]
      [GC Worker Other (ms): Min: 0.0, Avg: 0.0, Max: 0.0, Diff: 0.0, Sum: 0.1]
      [GC Worker Total (ms): Min: 1.0, Avg: 1.1, Max: 1.2, Diff: 0.1, Sum: 8.8]
      [GC Worker End (ms): Min: 15560.5, Avg: 15560.5, Max: 15560.5, Diff: 0.0]
   [Code Root Fixup: 0.0 ms]
   [Code Root Migration: 0.0 ms]
   [Clear CT: 0.1 ms]
   [Other: 0.3 ms]
      [Choose CSet: 0.0 ms]
      [Ref Proc: 0.2 ms]
      [Ref Enq: 0.0 ms]
      [Free CSet: 0.0 ms]
   [Eden: 11.0M(20.0M)->0.0B(19.0M) Survivors: 0.0B->1024.0K Heap: 81.6M(106.0M)->70.7M(106.0M)]
 [Times: user=0.01 sys=0.00, real=0.00 secs] 
15.561: Total time for which application threads were stopped: 0.0018290 seconds, Stopping threads took: 0.0001340 seconds
15.561: [GC concurrent-root-region-scan-start]
15.561: Application time: 0.0000200 seconds
15.561: [GC pause (young)15.561: [GC concurrent-root-region-scan-end, 0.0000930 secs]
15.561: [GC concurrent-mark-start]
, 0.0005730 secs]
   [Root Region Scan Waiting: 0.0 ms]
   [Parallel Time: 0.4 ms, GC Workers: 8]
      [GC Worker Start (ms): Min: 15561.1, Avg: 15561.1, Max: 15561.1, Diff: 0.0]
      [Ext Root Scanning (ms): Min: 0.3, Avg: 0.3, Max: 0.3, Diff: 0.1, Sum: 2.4]
      [SATB Filtering (ms): Min: 0.0, Avg: 0.0, Max: 0.0, Diff: 0.0, Sum: 0.0]
      [Update RS (ms): Min: 0.0, Avg: 0.0, Max: 0.0, Diff: 0.0, Sum: 0.1]
         [Processed Buffers: Min: 0, Avg: 0.9, Max: 4, Diff: 4, Sum: 7]
      [Scan RS (ms): Min: 0.0, Avg: 0.0, Max: 0.0, Diff: 0.0, Sum: 0.0]
      [Code Root Scanning (ms): Min: 0.0, Avg: 0.0, Max: 0.0, Diff: 0.0, Sum: 0.0]
      [Object Copy (ms): Min: 0.0, Avg: 0.1, Max: 0.1, Diff: 0.0, Sum: 0.5]
      [Termination (ms): Min: 0.0, Avg: 0.0, Max: 0.0, Diff: 0.0, Sum: 0.0]
      [GC Worker Other (ms): Min: 0.0, Avg: 0.0, Max: 0.0, Diff: 0.0, Sum: 0.0]
      [GC Worker Total (ms): Min: 0.4, Avg: 0.4, Max: 0.4, Diff: 0.0, Sum: 3.0]
      [GC Worker End (ms): Min: 15561.5, Avg: 15561.5, Max: 15561.5, Diff: 0.0]
   [Code Root Fixup: 0.0 ms]
   [Code Root Migration: 0.0 ms]
   [Clear CT: 0.0 ms]
   [Other: 0.1 ms]
      [Choose CSet: 0.0 ms]
      [Ref Proc: 0.1 ms]
      [Ref Enq: 0.0 ms]
      [Free CSet: 0.0 ms]
   [Eden: 0.0B(19.0M)->0.0B(19.0M) Survivors: 1024.0K->1024.0K Heap: 70.7M(106.0M)->70.7M(106.0M)]
 [Times: user=0.00 sys=0.01, real=0.00 secs] 
15.562: Total time for which application threads were stopped: 0.0006620 seconds, Stopping threads took: 0.0000200 seconds
15.562: Application time: 0.0000280 seconds
15.562: [Full GC 70M->70M(106M), 0.0068580 secs]
   [Eden: 1024.0K(19.0M)->0.0B(19.0M) Survivors: 1024.0K->0.0B Heap: 70.8M(106.0M)->70.7M(106.0M)], [Perm: 5856K->5856K(20480K)]
 [Times: user=0.01 sys=0.00, real=0.01 secs] 
15.569: [Full GC 70M->70M(106M), 0.0065920 secs]
   [Eden: 0.0B(19.0M)->0.0B(20.0M) Survivors: 0.0B->0.0B Heap: 70.7M(106.0M)->70.6M(106.0M)], [Perm: 5856K->5856K(20480K)]
 [Times: user=0.01 sys=0.00, real=0.01 secs] 
15.575: Total time for which application threads were stopped: 0.0135720 seconds, Stopping threads took: 0.0000110 seconds
15.575: [GC concurrent-mark-abort]
15.587: Application time: 0.0120980 seconds
15.588: [GC pause (young) (initial-mark), 0.0018440 secs]
   [Parallel Time: 1.1 ms, GC Workers: 8]
      [GC Worker Start (ms): Min: 15587.6, Avg: 15587.6, Max: 15587.7, Diff: 0.1]
      [Ext Root Scanning (ms): Min: 0.7, Avg: 0.9, Max: 0.9, Diff: 0.2, Sum: 6.9]
      [Code Root Marking (ms): Min: 0.0, Avg: 0.0, Max: 0.0, Diff: 0.0, Sum: 0.1]
      [Update RS (ms): Min: 0.0, Avg: 0.0, Max: 0.0, Diff: 0.0, Sum: 0.1]
         [Processed Buffers: Min: 0, Avg: 1.0, Max: 3, Diff: 3, Sum: 8]
      [Scan RS (ms): Min: 0.0, Avg: 0.0, Max: 0.0, Diff: 0.0, Sum: 0.0]
      [Code Root Scanning (ms): Min: 0.0, Avg: 0.0, Max: 0.0, Diff: 0.0, Sum: 0.0]
      [Object Copy (ms): Min: 0.1, Avg: 0.2, Max: 0.2, Diff: 0.2, Sum: 1.3]
      [Termination (ms): Min: 0.0, Avg: 0.0, Max: 0.0, Diff: 0.0, Sum: 0.0]
      [GC Worker Other (ms): Min: 0.0, Avg: 0.0, Max: 0.0, Diff: 0.0, Sum: 0.1]
      [GC Worker Total (ms): Min: 1.0, Avg: 1.1, Max: 1.1, Diff: 0.1, Sum: 8.4]
      [GC Worker End (ms): Min: 15588.7, Avg: 15588.7, Max: 15588.7, Diff: 0.0]
   [Code Root Fixup: 0.0 ms]
   [Code Root Migration: 0.0 ms]
   [Clear CT: 0.4 ms]
   [Other: 0.3 ms]
      [Choose CSet: 0.0 ms]
      [Ref Proc: 0.2 ms]
      [Ref Enq: 0.0 ms]
      [Free CSet: 0.0 ms]
   [Eden: 8192.0K(20.0M)->0.0B(19.0M) Survivors: 0.0B->1024.0K Heap: 78.0M(106.0M)->70.7M(106.0M)]
 [Times: user=0.01 sys=0.00, real=0.00 secs] 
15.589: Total time for which application threads were stopped: 0.0020740 seconds, Stopping threads took: 0.0001090 seconds
15.589: [GC concurrent-root-region-scan-start]
15.589: Application time: 0.0000350 seconds
15.589: [GC pause (young)15.590: [GC concurrent-root-region-scan-end, 0.0001230 secs]
15.590: [GC concurrent-mark-start]
, 0.0006490 secs]
   [Root Region Scan Waiting: 0.1 ms]
   [Parallel Time: 0.4 ms, GC Workers: 8]
      [GC Worker Start (ms): Min: 15589.6, Avg: 15589.6, Max: 15589.6, Diff: 0.0]
      [Ext Root Scanning (ms): Min: 0.3, Avg: 0.3, Max: 0.3, Diff: 0.1, Sum: 2.4]
      [SATB Filtering (ms): Min: 0.0, Avg: 0.0, Max: 0.0, Diff: 0.0, Sum: 0.0]
      [Update RS (ms): Min: 0.0, Avg: 0.0, Max: 0.0, Diff: 0.0, Sum: 0.0]
         [Processed Buffers: Min: 0, Avg: 0.9, Max: 4, Diff: 4, Sum: 7]
      [Scan RS (ms): Min: 0.0, Avg: 0.0, Max: 0.0, Diff: 0.0, Sum: 0.0]
      [Code Root Scanning (ms): Min: 0.0, Avg: 0.0, Max: 0.0, Diff: 0.0, Sum: 0.0]
      [Object Copy (ms): Min: 0.0, Avg: 0.1, Max: 0.1, Diff: 0.0, Sum: 0.5]
      [Termination (ms): Min: 0.0, Avg: 0.0, Max: 0.0, Diff: 0.0, Sum: 0.0]
      [GC Worker Other (ms): Min: 0.0, Avg: 0.0, Max: 0.0, Diff: 0.0, Sum: 0.0]
      [GC Worker Total (ms): Min: 0.4, Avg: 0.4, Max: 0.4, Diff: 0.0, Sum: 3.0]
      [GC Worker End (ms): Min: 15590.0, Avg: 15590.0, Max: 15590.0, Diff: 0.0]
   [Code Root Fixup: 0.0 ms]
   [Code Root Migration: 0.0 ms]
   [Clear CT: 0.1 ms]
   [Other: 0.1 ms]
      [Choose CSet: 0.0 ms]
      [Ref Proc: 0.1 ms]
      [Ref Enq: 0.0 ms]
      [Free CSet: 0.0 ms]
   [Eden: 0.0B(19.0M)->0.0B(19.0M) Survivors: 1024.0K->1024.0K Heap: 70.7M(106.0M)->70.7M(106.0M)]
 [Times: user=0.00 sys=0.00, real=0.00 secs] 
15.590: Total time for which application threads were stopped: 0.0007320 seconds, Stopping threads took: 0.0000090 seconds
15.590: Application time: 0.0000310 seconds
15.590: [Full GC 70M->70M(106M), 0.0069630 secs]
   [Eden: 1024.0K(19.0M)->0.0B(20.0M) Survivors: 1024.0K->0.0B Heap: 70.8M(106.0M)->70.6M(106.0M)], [Perm: 5924K->5832K(20480K)]
 [Times: user=0.01 sys=0.00, real=0.01 secs] 
15.597: [Full GC 70M->70M(106M), 0.0065690 secs]
   [Eden: 0.0B(20.0M)->0.0B(20.0M) Survivors: 0.0B->0.0B Heap: 70.6M(106.0M)->70.5M(106.0M)], [Perm: 5832K->5832K(20480K)]
 [Times: user=0.01 sys=0.00, real=0.01 secs] 
15.604: Total time for which application threads were stopped: 0.0136640 seconds, Stopping threads took: 0.0000230 seconds
15.604: [GC concurrent-mark-abort]
15.604: Application time: 0.0001410 seconds
15.604: [GC pause (young), 0.0008600 secs]
   [Parallel Time: 0.7 ms, GC Workers: 8]
      [GC Worker Start (ms): Min: 15604.2, Avg: 15604.2, Max: 15604.2, Diff: 0.1]
      [Ext Root Scanning (ms): Min: 0.5, Avg: 0.5, Max: 0.5, Diff: 0.1, Sum: 4.0]
      [Update RS (ms): Min: 0.0, Avg: 0.0, Max: 0.0, Diff: 0.0, Sum: 0.0]
         [Processed Buffers: Min: 0, Avg: 0.8, Max: 3, Diff: 3, Sum: 6]
      [Scan RS (ms): Min: 0.0, Avg: 0.0, Max: 0.0, Diff: 0.0, Sum: 0.0]
      [Code Root Scanning (ms): Min: 0.0, Avg: 0.0, Max: 0.0, Diff: 0.0, Sum: 0.0]
      [Object Copy (ms): Min: 0.0, Avg: 0.0, Max: 0.1, Diff: 0.0, Sum: 0.3]
      [Termination (ms): Min: 0.0, Avg: 0.0, Max: 0.0, Diff: 0.0, Sum: 0.2]
      [GC Worker Other (ms): Min: 0.0, Avg: 0.0, Max: 0.0, Diff: 0.0, Sum: 0.0]
      [GC Worker Total (ms): Min: 0.5, Avg: 0.6, Max: 0.6, Diff: 0.1, Sum: 4.6]
      [GC Worker End (ms): Min: 15604.8, Avg: 15604.8, Max: 15604.8, Diff: 0.0]
   [Code Root Fixup: 0.0 ms]
   [Code Root Migration: 0.0 ms]
   [Clear CT: 0.1 ms]
   [Other: 0.1 ms]
      [Choose CSet: 0.0 ms]
      [Ref Proc: 0.1 ms]
      [Ref Enq: 0.0 ms]
      [Free CSet: 0.0 ms]
   [Eden: 1024.0K(20.0M)->0.0B(19.0M) Survivors: 0.0B->1024.0K Heap: 70.6M(106.0M)->70.6M(106.0M)]
 [Times: user=0.01 sys=0.00, real=0.00 secs] 
15.605: Total time for which application threads were stopped: 0.0010040 seconds, Stopping threads took: 0.0000740 seconds
15.605: Application time: 0.0000570 seconds
15.605: [Full GC 70M->70M(106M), 0.0065780 secs]
   [Eden: 1024.0K(19.0M)->0.0B(20.0M) Survivors: 1024.0K->0.0B Heap: 70.6M(106.0M)->70.5M(106.0M)], [Perm: 5832K->5832K(20480K)]
 [Times: user=0.01 sys=0.00, real=0.00 secs] 
15.612: [Full GC 70M->70M(106M), 0.0068040 secs]
   [Eden: 0.0B(20.0M)->0.0B(20.0M) Survivors: 0.0B->0.0B Heap: 70.5M(106.0M)->70.5M(106.0M)], [Perm: 5832K->5832K(20480K)]
 [Times: user=0.01 sys=0.00, real=0.01 secs] 
15.619: Total time for which application threads were stopped: 0.0135200 seconds, Stopping threads took: 0.0000250 seconds
15.626: Application time: 0.0069100 seconds
15.626: [GC pause (young) (initial-mark), 0.0016880 secs]
   [Parallel Time: 1.0 ms, GC Workers: 8]
      [GC Worker Start (ms): Min: 15625.7, Avg: 15625.8, Max: 15625.8, Diff: 0.1]
      [Ext Root Scanning (ms): Min: 0.7, Avg: 0.8, Max: 0.8, Diff: 0.2, Sum: 6.2]
      [Code Root Marking (ms): Min: 0.0, Avg: 0.0, Max: 0.1, Diff: 0.1, Sum: 0.1]
      [Update RS (ms): Min: 0.0, Avg: 0.0, Max: 0.0, Diff: 0.0, Sum: 0.1]
         [Processed Buffers: Min: 0, Avg: 0.9, Max: 2, Diff: 2, Sum: 7]
      [Scan RS (ms): Min: 0.0, Avg: 0.0, Max: 0.0, Diff: 0.0, Sum: 0.0]
      [Code Root Scanning (ms): Min: 0.0, Avg: 0.0, Max: 0.0, Diff: 0.0, Sum: 0.0]
      [Object Copy (ms): Min: 0.1, Avg: 0.2, Max: 0.3, Diff: 0.1, Sum: 1.4]
      [Termination (ms): Min: 0.0, Avg: 0.0, Max: 0.0, Diff: 0.0, Sum: 0.0]
      [GC Worker Other (ms): Min: 0.0, Avg: 0.0, Max: 0.0, Diff: 0.0, Sum: 0.1]
      [GC Worker Total (ms): Min: 1.0, Avg: 1.0, Max: 1.0, Diff: 0.1, Sum: 7.9]
      [GC Worker End (ms): Min: 15626.7, Avg: 15626.7, Max: 15626.8, Diff: 0.0]
   [Code Root Fixup: 0.0 ms]
   [Code Root Migration: 0.0 ms]
   [Clear CT: 0.3 ms]
   [Other: 0.3 ms]
      [Choose CSet: 0.0 ms]
      [Ref Proc: 0.3 ms]
      [Ref Enq: 0.0 ms]
      [Free CSet: 0.0 ms]
   [Eden: 4096.0K(20.0M)->0.0B(19.0M) Survivors: 0.0B->1024.0K Heap: 73.7M(106.0M)->70.6M(106.0M)]
 [Times: user=0.01 sys=0.00, real=0.00 secs] 
15.627: [GC concurrent-root-region-scan-start]
15.627: Total time for which application threads were stopped: 0.0019210 seconds, Stopping threads took: 0.0001170 seconds
15.627: Application time: 0.0000350 seconds
15.628: [GC pause (young)15.628: [GC concurrent-root-region-scan-end, 0.0001690 secs]
15.628: [GC concurrent-mark-start]
, 0.0009110 secs]
   [Root Region Scan Waiting: 0.1 ms]
   [Parallel Time: 0.6 ms, GC Workers: 8]
      [GC Worker Start (ms): Min: 15627.6, Avg: 15627.7, Max: 15627.7, Diff: 0.1]
      [Ext Root Scanning (ms): Min: 0.3, Avg: 0.3, Max: 0.4, Diff: 0.1, Sum: 2.8]
      [SATB Filtering (ms): Min: 0.0, Avg: 0.0, Max: 0.0, Diff: 0.0, Sum: 0.0]
      [Update RS (ms): Min: 0.0, Avg: 0.0, Max: 0.0, Diff: 0.0, Sum: 0.1]
         [Processed Buffers: Min: 0, Avg: 1.2, Max: 3, Diff: 3, Sum: 10]
      [Scan RS (ms): Min: 0.0, Avg: 0.0, Max: 0.0, Diff: 0.0, Sum: 0.0]
      [Code Root Scanning (ms): Min: 0.0, Avg: 0.0, Max: 0.0, Diff: 0.0, Sum: 0.0]
      [Object Copy (ms): Min: 0.1, Avg: 0.1, Max: 0.1, Diff: 0.1, Sum: 0.7]
      [Termination (ms): Min: 0.0, Avg: 0.0, Max: 0.0, Diff: 0.0, Sum: 0.0]
      [GC Worker Other (ms): Min: 0.0, Avg: 0.0, Max: 0.0, Diff: 0.0, Sum: 0.1]
      [GC Worker Total (ms): Min: 0.4, Avg: 0.5, Max: 0.5, Diff: 0.1, Sum: 3.6]
      [GC Worker End (ms): Min: 15628.1, Avg: 15628.1, Max: 15628.2, Diff: 0.0]
   [Code Root Fixup: 0.0 ms]
   [Code Root Migration: 0.0 ms]
   [Clear CT: 0.1 ms]
   [Other: 0.1 ms]
      [Choose CSet: 0.0 ms]
      [Ref Proc: 0.1 ms]
      [Ref Enq: 0.0 ms]
      [Free CSet: 0.0 ms]
   [Eden: 1024.0K(19.0M)->0.0B(18.0M) Survivors: 1024.0K->1024.0K Heap: 70.7M(106.0M)->70.7M(106.0M)]
 [Times: user=0.01 sys=0.00, real=0.00 secs] 
15.629: Total time for which application threads were stopped: 0.0010070 seconds, Stopping threads took: 0.0000270 seconds
15.629: Application time: 0.0000350 seconds
15.629: [Full GC 70M->70M(106M), 0.0068410 secs]
   [Eden: 1024.0K(18.0M)->0.0B(20.0M) Survivors: 1024.0K->0.0B Heap: 70.7M(106.0M)->70.5M(106.0M)], [Perm: 5909K->5834K(20480K)]
 [Times: user=0.01 sys=0.00, real=0.01 secs] 
15.635: [Full GC 70M->70M(106M), 0.0067940 secs]
   [Eden: 0.0B(20.0M)->0.0B(20.0M) Survivors: 0.0B->0.0B Heap: 70.5M(106.0M)->70.4M(106.0M)], [Perm: 5834K->5834K(20480K)]
 [Times: user=0.01 sys=0.00, real=0.01 secs] 
15.642: Total time for which application threads were stopped: 0.0137620 seconds, Stopping threads took: 0.0000170 seconds
15.642: [GC concurrent-mark-abort]
15.643: Application time: 0.0002080 seconds
15.643: [GC pause (young), 0.0013100 secs]
   [Parallel Time: 0.9 ms, GC Workers: 8]
      [GC Worker Start (ms): Min: 15642.6, Avg: 15642.6, Max: 15642.7, Diff: 0.1]
      [Ext Root Scanning (ms): Min: 0.5, Avg: 0.6, Max: 0.6, Diff: 0.1, Sum: 4.5]
      [Update RS (ms): Min: 0.0, Avg: 0.0, Max: 0.0, Diff: 0.0, Sum: 0.0]
         [Processed Buffers: Min: 0, Avg: 0.6, Max: 2, Diff: 2, Sum: 5]
      [Scan RS (ms): Min: 0.0, Avg: 0.0, Max: 0.0, Diff: 0.0, Sum: 0.0]
      [Code Root Scanning (ms): Min: 0.0, Avg: 0.0, Max: 0.0, Diff: 0.0, Sum: 0.0]
      [Object Copy (ms): Min: 0.0, Avg: 0.0, Max: 0.1, Diff: 0.1, Sum: 0.3]
      [Termination (ms): Min: 0.0, Avg: 0.0, Max: 0.0, Diff: 0.0, Sum: 0.3]
      [GC Worker Other (ms): Min: 0.0, Avg: 0.0, Max: 0.0, Diff: 0.0, Sum: 0.0]
      [GC Worker Total (ms): Min: 0.6, Avg: 0.6, Max: 0.7, Diff: 0.1, Sum: 5.2]
      [GC Worker End (ms): Min: 15643.3, Avg: 15643.3, Max: 15643.3, Diff: 0.0]
   [Code Root Fixup: 0.0 ms]
   [Code Root Migration: 0.0 ms]
   [Clear CT: 0.2 ms]
   [Other: 0.2 ms]
      [Choose CSet: 0.0 ms]
      [Ref Proc: 0.1 ms]
      [Ref Enq: 0.0 ms]
      [Free CSet: 0.0 ms]
   [Eden: 1024.0K(20.0M)->0.0B(19.0M) Survivors: 0.0B->1024.0K Heap: 70.5M(106.0M)->70.5M(106.0M)]
 [Times: user=0.00 sys=0.00, real=0.00 secs] 
15.644: Total time for which application threads were stopped: 0.0014020 seconds, Stopping threads took: 0.0000180 seconds
15.644: Application time: 0.0000690 seconds
15.644: [Full GC 70M->70M(106M), 0.0068040 secs]
   [Eden: 1024.0K(19.0M)->0.0B(20.0M) Survivors: 1024.0K->0.0B Heap: 70.6M(106.0M)->70.4M(106.0M)], [Perm: 5834K->5834K(20480K)]
 [Times: user=0.01 sys=0.00, real=0.00 secs] 
15.651: [Full GC 70M->70M(106M), 0.0067020 secs]
   [Eden: 0.0B(20.0M)->0.0B(20.0M) Survivors: 0.0B->0.0B Heap: 70.4M(106.0M)->70.4M(106.0M)], [Perm: 5834K->5834K(20480K)]
 [Times: user=0.01 sys=0.00, real=0.01 secs] 
15.658: Total time for which application threads were stopped: 0.0136390 seconds, Stopping threads took: 0.0000170 seconds
15.664: Application time: 0.0068620 seconds
15.665: [GC pause (young) (initial-mark), 0.0019880 secs]
   [Parallel Time: 1.1 ms, GC Workers: 8]
      [GC Worker Start (ms): Min: 15664.7, Avg: 15664.8, Max: 15664.8, Diff: 0.1]
      [Ext Root Scanning (ms): Min: 0.7, Avg: 0.7, Max: 0.8, Diff: 0.1, Sum: 5.9]
      [Code Root Marking (ms): Min: 0.0, Avg: 0.0, Max: 0.0, Diff: 0.0, Sum: 0.1]
      [Update RS (ms): Min: 0.0, Avg: 0.0, Max: 0.1, Diff: 0.1, Sum: 0.1]
         [Processed Buffers: Min: 0, Avg: 0.8, Max: 2, Diff: 2, Sum: 6]
      [Scan RS (ms): Min: 0.0, Avg: 0.0, Max: 0.0, Diff: 0.0, Sum: 0.0]
      [Code Root Scanning (ms): Min: 0.0, Avg: 0.0, Max: 0.0, Diff: 0.0, Sum: 0.0]
      [Object Copy (ms): Min: 0.1, Avg: 0.2, Max: 0.3, Diff: 0.2, Sum: 1.4]
      [Termination (ms): Min: 0.0, Avg: 0.0, Max: 0.0, Diff: 0.0, Sum: 0.0]
      [GC Worker Other (ms): Min: 0.0, Avg: 0.0, Max: 0.0, Diff: 0.0, Sum: 0.1]
      [GC Worker Total (ms): Min: 0.9, Avg: 1.0, Max: 1.0, Diff: 0.1, Sum: 7.7]
      [GC Worker End (ms): Min: 15665.8, Avg: 15665.8, Max: 15665.8, Diff: 0.0]
   [Code Root Fixup: 0.0 ms]
   [Code Root Migration: 0.0 ms]
   [Clear CT: 0.4 ms]
   [Other: 0.5 ms]
      [Choose CSet: 0.0 ms]
      [Ref Proc: 0.4 ms]
      [Ref Enq: 0.0 ms]
      [Free CSet: 0.0 ms]
   [Eden: 2048.0K(20.0M)->0.0B(19.0M) Survivors: 0.0B->1024.0K Heap: 71.9M(106.0M)->70.6M(106.0M)]
 [Times: user=0.01 sys=0.00, real=0.00 secs] 
15.667: Total time for which application threads were stopped: 0.0022700 seconds, Stopping threads took: 0.0001320 seconds
15.667: [GC concurrent-root-region-scan-start]
15.667: Application time: 0.0000410 seconds
15.667: [GC pause (young)15.667: [GC concurrent-root-region-scan-end, 0.0001770 secs]
15.667: [GC concurrent-mark-start]
, 0.0032450 secs]
   [Root Region Scan Waiting: 0.1 ms]
   [Parallel Time: 3.0 ms, GC Workers: 8]
      [GC Worker Start (ms): Min: 15667.0, Avg: 15667.4, Max: 15669.8, Diff: 2.9]
      [Ext Root Scanning (ms): Min: 0.0, Avg: 0.3, Max: 0.4, Diff: 0.4, Sum: 2.4]
      [SATB Filtering (ms): Min: 0.0, Avg: 0.0, Max: 0.0, Diff: 0.0, Sum: 0.0]
      [Update RS (ms): Min: 0.0, Avg: 0.0, Max: 0.0, Diff: 0.0, Sum: 0.1]
         [Processed Buffers: Min: 0, Avg: 1.1, Max: 3, Diff: 3, Sum: 9]
      [Scan RS (ms): Min: 0.0, Avg: 0.0, Max: 0.0, Diff: 0.0, Sum: 0.0]
      [Code Root Scanning (ms): Min: 0.0, Avg: 0.0, Max: 0.0, Diff: 0.0, Sum: 0.0]
      [Object Copy (ms): Min: 0.0, Avg: 0.1, Max: 0.1, Diff: 0.1, Sum: 0.8]
      [Termination (ms): Min: 0.0, Avg: 2.1, Max: 2.4, Diff: 2.4, Sum: 16.7]
      [GC Worker Other (ms): Min: 0.0, Avg: 0.0, Max: 0.0, Diff: 0.0, Sum: 0.0]
      [GC Worker Total (ms): Min: 0.0, Avg: 2.5, Max: 2.9, Diff: 2.9, Sum: 20.0]
      [GC Worker End (ms): Min: 15669.9, Avg: 15669.9, Max: 15669.9, Diff: 0.0]
   [Code Root Fixup: 0.0 ms]
   [Code Root Migration: 0.0 ms]
   [Clear CT: 0.1 ms]
   [Other: 0.1 ms]
      [Choose CSet: 0.0 ms]
      [Ref Proc: 0.1 ms]
      [Ref Enq: 0.0 ms]
      [Free CSet: 0.0 ms]
   [Eden: 1024.0K(19.0M)->0.0B(19.0M) Survivors: 1024.0K->1024.0K Heap: 70.6M(106.0M)->70.6M(106.0M)]
 [Times: user=0.02 sys=0.00, real=0.00 secs] 
15.670: Total time for which application threads were stopped: 0.0033780 seconds, Stopping threads took: 0.0000500 seconds
15.670: Application time: 0.0000450 seconds
15.670: [Full GC 70M->70M(106M), 0.0077390 secs]
   [Eden: 1024.0K(19.0M)->0.0B(20.0M) Survivors: 1024.0K->0.0B Heap: 70.6M(106.0M)->70.5M(106.0M)], [Perm: 5906K->5829K(20480K)]
 [Times: user=0.01 sys=0.00, real=0.01 secs] 
15.678: [Full GC 70M->70M(106M), 0.0067220 secs]
   [Eden: 0.0B(20.0M)->0.0B(20.0M) Survivors: 0.0B->0.0B Heap: 70.5M(106.0M)->70.4M(106.0M)], [Perm: 5829K->5829K(20480K)]
 [Times: user=0.01 sys=0.00, real=0.01 secs] 
15.685: Total time for which application threads were stopped: 0.0146000 seconds, Stopping threads took: 0.0000220 seconds
15.685: [GC concurrent-mark-abort]
15.685: Application time: 0.0001830 seconds
15.685: [GC pause (young), 0.0007480 secs]
   [Parallel Time: 0.6 ms, GC Workers: 8]
      [GC Worker Start (ms): Min: 15685.1, Avg: 15685.1, Max: 15685.1, Diff: 0.0]
      [Ext Root Scanning (ms): Min: 0.4, Avg: 0.5, Max: 0.5, Diff: 0.1, Sum: 3.8]
      [Update RS (ms): Min: 0.0, Avg: 0.0, Max: 0.0, Diff: 0.0, Sum: 0.0]
         [Processed Buffers: Min: 0, Avg: 0.5, Max: 4, Diff: 4, Sum: 4]
      [Scan RS (ms): Min: 0.0, Avg: 0.0, Max: 0.0, Diff: 0.0, Sum: 0.0]
      [Code Root Scanning (ms): Min: 0.0, Avg: 0.0, Max: 0.0, Diff: 0.0, Sum: 0.0]
      [Object Copy (ms): Min: 0.0, Avg: 0.0, Max: 0.1, Diff: 0.0, Sum: 0.3]
      [Termination (ms): Min: 0.0, Avg: 0.0, Max: 0.0, Diff: 0.0, Sum: 0.1]
      [GC Worker Other (ms): Min: 0.0, Avg: 0.0, Max: 0.0, Diff: 0.0, Sum: 0.0]
      [GC Worker Total (ms): Min: 0.5, Avg: 0.5, Max: 0.6, Diff: 0.0, Sum: 4.2]
      [GC Worker End (ms): Min: 15685.6, Avg: 15685.6, Max: 15685.6, Diff: 0.0]
   [Code Root Fixup: 0.0 ms]
   [Code Root Migration: 0.0 ms]
   [Clear CT: 0.1 ms]
   [Other: 0.1 ms]
      [Choose CSet: 0.0 ms]
      [Ref Proc: 0.1 ms]
      [Ref Enq: 0.0 ms]
      [Free CSet: 0.0 ms]
   [Eden: 1024.0K(20.0M)->0.0B(19.0M) Survivors: 0.0B->1024.0K Heap: 70.5M(106.0M)->70.5M(106.0M)]
 [Times: user=0.00 sys=0.00, real=0.00 secs] 
15.686: Total time for which application threads were stopped: 0.0008570 seconds, Stopping threads took: 0.0000260 seconds
15.686: Application time: 0.0000280 seconds
15.686: [Full GC 70M->70M(106M), 0.0063340 secs]
   [Eden: 0.0B(19.0M)->0.0B(20.0M) Survivors: 1024.0K->0.0B Heap: 70.5M(106.0M)->70.4M(106.0M)], [Perm: 5831K->5831K(20480K)]
 [Times: user=0.01 sys=0.00, real=0.00 secs] 
15.692: [Full GC 70M->70M(106M), 0.0065820 secs]
   [Eden: 0.0B(20.0M)->0.0B(20.0M) Survivors: 0.0B->0.0B Heap: 70.4M(106.0M)->70.4M(106.0M)], [Perm: 5831K->5831K(20480K)]
 [Times: user=0.01 sys=0.00, real=0.01 secs] 
15.699: Total time for which application threads were stopped: 0.0130430 seconds, Stopping threads took: 0.0000130 seconds
15.703: Application time: 0.0036190 seconds
15.703: [GC pause (young) (initial-mark), 0.0018570 secs]
   [Parallel Time: 1.1 ms, GC Workers: 8]
      [GC Worker Start (ms): Min: 15702.7, Avg: 15702.7, Max: 15702.8, Diff: 0.1]
      [Ext Root Scanning (ms): Min: 0.6, Avg: 0.7, Max: 0.7, Diff: 0.1, Sum: 5.5]
      [Code Root Marking (ms): Min: 0.0, Avg: 0.0, Max: 0.0, Diff: 0.0, Sum: 0.1]
      [Update RS (ms): Min: 0.0, Avg: 0.0, Max: 0.0, Diff: 0.0, Sum: 0.1]
         [Processed Buffers: Min: 0, Avg: 0.5, Max: 1, Diff: 1, Sum: 4]
      [Scan RS (ms): Min: 0.0, Avg: 0.0, Max: 0.0, Diff: 0.0, Sum: 0.0]
      [Code Root Scanning (ms): Min: 0.0, Avg: 0.0, Max: 0.0, Diff: 0.0, Sum: 0.0]
      [Object Copy (ms): Min: 0.1, Avg: 0.1, Max: 0.2, Diff: 0.1, Sum: 1.1]
      [Termination (ms): Min: 0.0, Avg: 0.0, Max: 0.0, Diff: 0.0, Sum: 0.0]
      [GC Worker Other (ms): Min: 0.0, Avg: 0.0, Max: 0.0, Diff: 0.0, Sum: 0.1]
      [GC Worker Total (ms): Min: 0.8, Avg: 0.8, Max: 0.9, Diff: 0.1, Sum: 6.8]
      [GC Worker End (ms): Min: 15703.5, Avg: 15703.5, Max: 15703.6, Diff: 0.0]
   [Code Root Fixup: 0.0 ms]
   [Code Root Migration: 0.0 ms]
   [Clear CT: 0.4 ms]
   [Other: 0.4 ms]
      [Choose CSet: 0.0 ms]
      [Ref Proc: 0.3 ms]
      [Ref Enq: 0.0 ms]
      [Free CSet: 0.0 ms]
   [Eden: 2048.0K(20.0M)->0.0B(19.0M) Survivors: 0.0B->1024.0K Heap: 71.5M(106.0M)->70.5M(106.0M)]
 [Times: user=0.01 sys=0.00, real=0.00 secs] 
15.705: Total time for which application threads were stopped: 0.0019800 seconds, Stopping threads took: 0.0000230 seconds
15.705: [GC concurrent-root-region-scan-start]
15.705: Application time: 0.0000380 seconds
15.705: [GC pause (young)15.705: [GC concurrent-root-region-scan-end, 0.0000770 secs]
15.705: [GC concurrent-mark-start]
, 0.0008240 secs]
   [Root Region Scan Waiting: 0.0 ms]
   [Parallel Time: 0.5 ms, GC Workers: 8]
      [GC Worker Start (ms): Min: 15704.7, Avg: 15704.7, Max: 15704.7, Diff: 0.0]
      [Ext Root Scanning (ms): Min: 0.3, Avg: 0.3, Max: 0.3, Diff: 0.0, Sum: 2.2]
      [SATB Filtering (ms): Min: 0.0, Avg: 0.0, Max: 0.0, Diff: 0.0, Sum: 0.0]
      [Update RS (ms): Min: 0.0, Avg: 0.0, Max: 0.0, Diff: 0.0, Sum: 0.0]
         [Processed Buffers: Min: 0, Avg: 1.0, Max: 4, Diff: 4, Sum: 8]
      [Scan RS (ms): Min: 0.0, Avg: 0.0, Max: 0.0, Diff: 0.0, Sum: 0.0]
      [Code Root Scanning (ms): Min: 0.0, Avg: 0.0, Max: 0.0, Diff: 0.0, Sum: 0.0]
      [Object Copy (ms): Min: 0.0, Avg: 0.0, Max: 0.1, Diff: 0.0, Sum: 0.4]
      [Termination (ms): Min: 0.0, Avg: 0.0, Max: 0.0, Diff: 0.0, Sum: 0.0]
      [GC Worker Other (ms): Min: 0.0, Avg: 0.0, Max: 0.0, Diff: 0.0, Sum: 0.1]
      [GC Worker Total (ms): Min: 0.3, Avg: 0.3, Max: 0.4, Diff: 0.0, Sum: 2.7]
      [GC Worker End (ms): Min: 15705.0, Avg: 15705.0, Max: 15705.0, Diff: 0.0]
   [Code Root Fixup: 0.0 ms]
   [Code Root Migration: 0.0 ms]
   [Clear CT: 0.1 ms]
   [Other: 0.2 ms]
      [Choose CSet: 0.0 ms]
      [Ref Proc: 0.2 ms]
      [Ref Enq: 0.0 ms]
      [Free CSet: 0.0 ms]
   [Eden: 1024.0K(19.0M)->0.0B(19.0M) Survivors: 1024.0K->1024.0K Heap: 70.5M(106.0M)->70.5M(106.0M)]
 [Times: user=0.00 sys=0.00, real=0.00 secs] 
15.705: Total time for which application threads were stopped: 0.0009080 seconds, Stopping threads took: 0.0000200 seconds
15.706: Application time: 0.0000350 seconds
15.706: [Full GC 70M->70M(106M), 0.0070590 secs]
   [Eden: 1024.0K(19.0M)->0.0B(20.0M) Survivors: 1024.0K->0.0B Heap: 70.5M(106.0M)->70.4M(106.0M)], [Perm: 5855K->5832K(20480K)]
 [Times: user=0.01 sys=0.00, real=0.00 secs] 
15.713: [Full GC 70M->70M(106M), 0.0074350 secs]
   [Eden: 0.0B(20.0M)->0.0B(20.0M) Survivors: 0.0B->0.0B Heap: 70.4M(106.0M)->70.3M(106.0M)], [Perm: 5832K->5832K(20480K)]
 [Times: user=0.01 sys=0.00, real=0.01 secs] 
15.720: Total time for which application threads were stopped: 0.0146360 seconds, Stopping threads took: 0.0000230 seconds
15.720: [GC concurrent-mark-abort]
15.720: Application time: 0.0001890 seconds
15.720: [GC pause (young), 0.0012340 secs]
   [Parallel Time: 0.9 ms, GC Workers: 8]
      [GC Worker Start (ms): Min: 15720.4, Avg: 15720.5, Max: 15721.0, Diff: 0.6]
      [Ext Root Scanning (ms): Min: 0.0, Avg: 0.5, Max: 0.6, Diff: 0.6, Sum: 3.9]
      [Update RS (ms): Min: 0.0, Avg: 0.0, Max: 0.0, Diff: 0.0, Sum: 0.0]
         [Processed Buffers: Min: 0, Avg: 0.4, Max: 2, Diff: 2, Sum: 3]
      [Scan RS (ms): Min: 0.0, Avg: 0.0, Max: 0.0, Diff: 0.0, Sum: 0.0]
      [Code Root Scanning (ms): Min: 0.0, Avg: 0.0, Max: 0.0, Diff: 0.0, Sum: 0.0]
      [Object Copy (ms): Min: 0.0, Avg: 0.0, Max: 0.1, Diff: 0.1, Sum: 0.3]
      [Termination (ms): Min: 0.0, Avg: 0.1, Max: 0.1, Diff: 0.1, Sum: 0.5]
      [GC Worker Other (ms): Min: 0.0, Avg: 0.0, Max: 0.0, Diff: 0.0, Sum: 0.0]
      [GC Worker Total (ms): Min: 0.1, Avg: 0.6, Max: 0.7, Diff: 0.6, Sum: 4.8]
      [GC Worker End (ms): Min: 15721.1, Avg: 15721.1, Max: 15721.1, Diff: 0.0]
   [Code Root Fixup: 0.0 ms]
   [Code Root Migration: 0.0 ms]
   [Clear CT: 0.1 ms]
   [Other: 0.2 ms]
      [Choose CSet: 0.0 ms]
      [Ref Proc: 0.1 ms]
      [Ref Enq: 0.0 ms]
      [Free CSet: 0.0 ms]
   [Eden: 1024.0K(20.0M)->0.0B(19.0M) Survivors: 0.0B->1024.0K Heap: 70.4M(106.0M)->70.3M(106.0M)]
 [Times: user=0.01 sys=0.00, real=0.00 secs] 
15.722: Total time for which application threads were stopped: 0.0013590 seconds, Stopping threads took: 0.0000180 seconds
15.722: Application time: 0.0000460 seconds
15.722: [Full GC 70M->70M(106M), 0.0084040 secs]
   [Eden: 0.0B(19.0M)->0.0B(20.0M) Survivors: 1024.0K->0.0B Heap: 70.3M(106.0M)->70.3M(106.0M)], [Perm: 5832K->5832K(20480K)]
 [Times: user=0.01 sys=0.00, real=0.01 secs] 
15.730: [Full GC 70M->70M(106M), 0.0083900 secs]
   [Eden: 0.0B(20.0M)->0.0B(20.0M) Survivors: 0.0B->0.0B Heap: 70.3M(106.0M)->70.3M(106.0M)], [Perm: 5832K->5832K(20480K)]
 [Times: user=0.01 sys=0.00, real=0.01 secs] 
15.739: Total time for which application threads were stopped: 0.0169300 seconds, Stopping threads took: 0.0000100 seconds
15.744: Application time: 0.0057770 seconds
15.745: [GC pause (young) (initial-mark), 0.0012810 secs]
   [Parallel Time: 0.9 ms, GC Workers: 8]
      [GC Worker Start (ms): Min: 15744.6, Avg: 15744.6, Max: 15744.7, Diff: 0.1]
      [Ext Root Scanning (ms): Min: 0.6, Avg: 0.7, Max: 0.8, Diff: 0.2, Sum: 5.3]
      [Code Root Marking (ms): Min: 0.0, Avg: 0.0, Max: 0.0, Diff: 0.0, Sum: 0.1]
      [Update RS (ms): Min: 0.0, Avg: 0.0, Max: 0.1, Diff: 0.1, Sum: 0.1]
         [Processed Buffers: Min: 0, Avg: 0.4, Max: 1, Diff: 1, Sum: 3]
      [Scan RS (ms): Min: 0.0, Avg: 0.0, Max: 0.0, Diff: 0.0, Sum: 0.0]
      [Code Root Scanning (ms): Min: 0.0, Avg: 0.0, Max: 0.0, Diff: 0.0, Sum: 0.0]
      [Object Copy (ms): Min: 0.1, Avg: 0.2, Max: 0.2, Diff: 0.2, Sum: 1.3]
      [Termination (ms): Min: 0.0, Avg: 0.0, Max: 0.0, Diff: 0.0, Sum: 0.0]
      [GC Worker Other (ms): Min: 0.0, Avg: 0.0, Max: 0.0, Diff: 0.0, Sum: 0.1]
      [GC Worker Total (ms): Min: 0.8, Avg: 0.9, Max: 0.9, Diff: 0.1, Sum: 6.8]
      [GC Worker End (ms): Min: 15745.5, Avg: 15745.5, Max: 15745.5, Diff: 0.0]
   [Code Root Fixup: 0.0 ms]
   [Code Root Migration: 0.0 ms]
   [Clear CT: 0.1 ms]
   [Other: 0.2 ms]
      [Choose CSet: 0.0 ms]
      [Ref Proc: 0.2 ms]
      [Ref Enq: 0.0 ms]
      [Free CSet: 0.0 ms]
   [Eden: 1024.0K(20.0M)->0.0B(19.0M) Survivors: 0.0B->1024.0K Heap: 71.3M(106.0M)->70.4M(106.0M)]
 [Times: user=0.01 sys=0.00, real=0.00 secs] 
15.746: Total time for which application threads were stopped: 0.0014070 seconds, Stopping threads took: 0.0000260 seconds
15.746: [GC concurrent-root-region-scan-start]
15.746: Application time: 0.0001850 seconds
15.746: [GC concurrent-root-region-scan-end, 0.0001900 secs]
15.746: [GC concurrent-mark-start]
15.746: [GC pause (young), 0.0006630 secs]
   [Parallel Time: 0.5 ms, GC Workers: 8]
      [GC Worker Start (ms): Min: 15746.1, Avg: 15746.2, Max: 15746.6, Diff: 0.5]
      [Ext Root Scanning (ms): Min: 0.0, Avg: 0.3, Max: 0.3, Diff: 0.3, Sum: 2.1]
      [SATB Filtering (ms): Min: 0.0, Avg: 0.0, Max: 0.0, Diff: 0.0, Sum: 0.0]
      [Update RS (ms): Min: 0.0, Avg: 0.0, Max: 0.0, Diff: 0.0, Sum: 0.1]
         [Processed Buffers: Min: 0, Avg: 1.1, Max: 3, Diff: 3, Sum: 9]
      [Scan RS (ms): Min: 0.0, Avg: 0.0, Max: 0.0, Diff: 0.0, Sum: 0.0]
      [Code Root Scanning (ms): Min: 0.0, Avg: 0.0, Max: 0.0, Diff: 0.0, Sum: 0.0]
      [Object Copy (ms): Min: 0.0, Avg: 0.1, Max: 0.1, Diff: 0.1, Sum: 0.6]
      [Termination (ms): Min: 0.0, Avg: 0.1, Max: 0.1, Diff: 0.1, Sum: 0.5]
      [GC Worker Other (ms): Min: 0.0, Avg: 0.0, Max: 0.0, Diff: 0.0, Sum: 0.0]
      [GC Worker Total (ms): Min: 0.0, Avg: 0.4, Max: 0.5, Diff: 0.5, Sum: 3.3]
      [GC Worker End (ms): Min: 15746.6, Avg: 15746.6, Max: 15746.6, Diff: 0.0]
   [Code Root Fixup: 0.0 ms]
   [Code Root Migration: 0.0 ms]
   [Clear CT: 0.0 ms]
   [Other: 0.1 ms]
      [Choose CSet: 0.0 ms]
      [Ref Proc: 0.1 ms]
      [Ref Enq: 0.0 ms]
      [Free CSet: 0.0 ms]
   [Eden: 0.0B(19.0M)->0.0B(19.0M) Survivors: 1024.0K->1024.0K Heap: 70.4M(106.0M)->70.4M(106.0M)]
 [Times: user=0.01 sys=0.00, real=0.00 secs] 
15.747: Total time for which application threads were stopped: 0.0007450 seconds, Stopping threads took: 0.0000110 seconds
15.747: Application time: 0.0000260 seconds
15.747: [Full GC 70M->70M(106M), 0.0067010 secs]
   [Eden: 0.0B(19.0M)->0.0B(20.0M) Survivors: 1024.0K->0.0B Heap: 70.4M(106.0M)->70.3M(106.0M)], [Perm: 5888K->5825K(20480K)]
 [Times: user=0.01 sys=0.00, real=0.00 secs] 
15.754: [Full GC 70M->70M(106M), 0.0063930 secs]
   [Eden: 0.0B(20.0M)->0.0B(20.0M) Survivors: 0.0B->0.0B Heap: 70.3M(106.0M)->70.3M(106.0M)], [Perm: 5825K->5825K(20480K)]
 [Times: user=0.01 sys=0.00, real=0.01 secs] 
15.760: Total time for which application threads were stopped: 0.0132170 seconds, Stopping threads took: 0.0000070 seconds
15.760: [GC concurrent-mark-abort]
15.760: Application time: 0.0001720 seconds
15.760: [GC pause (young), 0.0010430 secs]
   [Parallel Time: 0.7 ms, GC Workers: 8]
      [GC Worker Start (ms): Min: 15760.3, Avg: 15760.4, Max: 15760.9, Diff: 0.7]
      [Ext Root Scanning (ms): Min: 0.0, Avg: 0.5, Max: 0.6, Diff: 0.6, Sum: 3.8]
      [Update RS (ms): Min: 0.0, Avg: 0.0, Max: 0.0, Diff: 0.0, Sum: 0.0]
         [Processed Buffers: Min: 0, Avg: 0.2, Max: 1, Diff: 1, Sum: 2]
      [Scan RS (ms): Min: 0.0, Avg: 0.0, Max: 0.0, Diff: 0.0, Sum: 0.0]
      [Code Root Scanning (ms): Min: 0.0, Avg: 0.0, Max: 0.0, Diff: 0.0, Sum: 0.0]
      [Object Copy (ms): Min: 0.0, Avg: 0.0, Max: 0.1, Diff: 0.1, Sum: 0.3]
      [Termination (ms): Min: 0.0, Avg: 0.0, Max: 0.1, Diff: 0.1, Sum: 0.4]
      [GC Worker Other (ms): Min: 0.0, Avg: 0.0, Max: 0.0, Diff: 0.0, Sum: 0.0]
      [GC Worker Total (ms): Min: 0.0, Avg: 0.6, Max: 0.7, Diff: 0.7, Sum: 4.5]
      [GC Worker End (ms): Min: 15761.0, Avg: 15761.0, Max: 15761.0, Diff: 0.0]
   [Code Root Fixup: 0.0 ms]
   [Code Root Migration: 0.0 ms]
   [Clear CT: 0.1 ms]
   [Other: 0.2 ms]
      [Choose CSet: 0.0 ms]
      [Ref Proc: 0.2 ms]
      [Ref Enq: 0.0 ms]
      [Free CSet: 0.0 ms]
   [Eden: 1024.0K(20.0M)->0.0B(19.0M) Survivors: 0.0B->1024.0K Heap: 70.3M(106.0M)->70.3M(106.0M)]
 [Times: user=0.00 sys=0.00, real=0.00 secs] 
15.761: Total time for which application threads were stopped: 0.0011810 seconds, Stopping threads took: 0.0000210 seconds
15.761: Application time: 0.0000340 seconds
15.761: [Full GC 70M->70M(106M), 0.0079860 secs]
   [Eden: 0.0B(19.0M)->0.0B(20.0M) Survivors: 1024.0K->0.0B Heap: 70.3M(106.0M)->70.3M(106.0M)], [Perm: 5825K->5825K(20480K)]
 [Times: user=0.02 sys=0.00, real=0.01 secs] 
15.770: [Full GC 70M->70M(106M), 0.0068590 secs]
   [Eden: 0.0B(20.0M)->0.0B(20.0M) Survivors: 0.0B->0.0B Heap: 70.3M(106.0M)->70.3M(106.0M)], [Perm: 5825K->5825K(20480K)]
 [Times: user=0.01 sys=0.00, real=0.01 secs] 
15.776: Total time for which application threads were stopped: 0.0149780 seconds, Stopping threads took: 0.0000100 seconds
15.784: Application time: 0.0079560 seconds
15.784: [GC pause (young) (initial-mark), 0.0013310 secs]
   [Parallel Time: 1.1 ms, GC Workers: 8]
      [GC Worker Start (ms): Min: 15784.5, Avg: 15784.6, Max: 15785.5, Diff: 1.1]
      [Ext Root Scanning (ms): Min: 0.0, Avg: 0.7, Max: 0.9, Diff: 0.9, Sum: 5.4]
      [Code Root Marking (ms): Min: 0.0, Avg: 0.0, Max: 0.1, Diff: 0.1, Sum: 0.1]
      [Update RS (ms): Min: 0.0, Avg: 0.0, Max: 0.0, Diff: 0.0, Sum: 0.1]
         [Processed Buffers: Min: 0, Avg: 0.2, Max: 1, Diff: 1, Sum: 2]
      [Scan RS (ms): Min: 0.0, Avg: 0.0, Max: 0.0, Diff: 0.0, Sum: 0.0]
      [Code Root Scanning (ms): Min: 0.0, Avg: 0.0, Max: 0.0, Diff: 0.0, Sum: 0.0]
      [Object Copy (ms): Min: 0.0, Avg: 0.1, Max: 0.3, Diff: 0.3, Sum: 1.1]
      [Termination (ms): Min: 0.0, Avg: 0.1, Max: 0.1, Diff: 0.1, Sum: 0.6]
      [GC Worker Other (ms): Min: 0.0, Avg: 0.0, Max: 0.0, Diff: 0.0, Sum: 0.0]
      [GC Worker Total (ms): Min: 0.0, Avg: 0.9, Max: 1.1, Diff: 1.1, Sum: 7.2]
      [GC Worker End (ms): Min: 15785.5, Avg: 15785.5, Max: 15785.5, Diff: 0.0]
   [Code Root Fixup: 0.0 ms]
   [Code Root Migration: 0.0 ms]
   [Clear CT: 0.1 ms]
   [Other: 0.1 ms]
      [Choose CSet: 0.0 ms]
      [Ref Proc: 0.1 ms]
      [Ref Enq: 0.0 ms]
      [Free CSet: 0.0 ms]
   [Eden: 2048.0K(20.0M)->0.0B(19.0M) Survivors: 0.0B->1024.0K Heap: 71.8M(106.0M)->70.3M(106.0M)]
 [Times: user=0.01 sys=0.00, real=0.00 secs] 
15.786: [GC concurrent-root-region-scan-start]
15.786: Total time for which application threads were stopped: 0.0014490 seconds, Stopping threads took: 0.0000150 seconds
15.786: [GC concurrent-root-region-scan-end, 0.0000360 secs]
15.786: [GC concurrent-mark-start]
15.786: Application time: 0.0000370 seconds
15.786: [GC pause (young), 0.0005180 secs]
   [Parallel Time: 0.4 ms, GC Workers: 8]
      [GC Worker Start (ms): Min: 15785.9, Avg: 15785.9, Max: 15786.0, Diff: 0.0]
      [Ext Root Scanning (ms): Min: 0.3, Avg: 0.3, Max: 0.3, Diff: 0.1, Sum: 2.4]
      [SATB Filtering (ms): Min: 0.0, Avg: 0.0, Max: 0.0, Diff: 0.0, Sum: 0.0]
      [Update RS (ms): Min: 0.0, Avg: 0.0, Max: 0.0, Diff: 0.0, Sum: 0.0]
         [Processed Buffers: Min: 0, Avg: 0.6, Max: 2, Diff: 2, Sum: 5]
      [Scan RS (ms): Min: 0.0, Avg: 0.0, Max: 0.0, Diff: 0.0, Sum: 0.0]
      [Code Root Scanning (ms): Min: 0.0, Avg: 0.0, Max: 0.0, Diff: 0.0, Sum: 0.0]
      [Object Copy (ms): Min: 0.0, Avg: 0.0, Max: 0.1, Diff: 0.0, Sum: 0.3]
      [Termination (ms): Min: 0.0, Avg: 0.0, Max: 0.0, Diff: 0.0, Sum: 0.1]
      [GC Worker Other (ms): Min: 0.0, Avg: 0.0, Max: 0.0, Diff: 0.0, Sum: 0.0]
      [GC Worker Total (ms): Min: 0.3, Avg: 0.4, Max: 0.4, Diff: 0.1, Sum: 2.8]
      [GC Worker End (ms): Min: 15786.3, Avg: 15786.3, Max: 15786.3, Diff: 0.0]
   [Code Root Fixup: 0.0 ms]
   [Code Root Migration: 0.0 ms]
   [Clear CT: 0.0 ms]
   [Other: 0.1 ms]
      [Choose CSet: 0.0 ms]
      [Ref Proc: 0.1 ms]
      [Ref Enq: 0.0 ms]
      [Free CSet: 0.0 ms]
   [Eden: 0.0B(19.0M)->0.0B(19.0M) Survivors: 1024.0K->1024.0K Heap: 70.3M(106.0M)->70.3M(106.0M)]
 [Times: user=0.00 sys=0.01, real=0.00 secs] 
15.786: Total time for which application threads were stopped: 0.0005960 seconds, Stopping threads took: 0.0000100 seconds
15.786: Application time: 0.0000270 seconds
15.787: [Full GC 70M->70M(106M), 0.0062700 secs]
   [Eden: 0.0B(19.0M)->0.0B(20.0M) Survivors: 1024.0K->0.0B Heap: 70.3M(106.0M)->70.2M(106.0M)], [Perm: 5841K->5832K(20480K)]
 [Times: user=0.01 sys=0.00, real=0.00 secs] 
15.793: [Full GC 70M->70M(106M), 0.0069410 secs]
   [Eden: 0.0B(20.0M)->0.0B(20.0M) Survivors: 0.0B->0.0B Heap: 70.2M(106.0M)->70.2M(106.0M)], [Perm: 5832K->5832K(20480K)]
 [Times: user=0.00 sys=0.00, real=0.01 secs] 
15.800: Total time for which application threads were stopped: 0.0133270 seconds, Stopping threads took: 0.0000050 seconds
15.800: [GC concurrent-mark-abort]
15.800: Application time: 0.0001990 seconds
15.800: [GC pause (young), 0.0010270 secs]
   [Parallel Time: 0.7 ms, GC Workers: 8]
      [GC Worker Start (ms): Min: 15800.1, Avg: 15800.1, Max: 15800.2, Diff: 0.1]
      [Ext Root Scanning (ms): Min: 0.4, Avg: 0.5, Max: 0.5, Diff: 0.2, Sum: 4.0]
      [Update RS (ms): Min: 0.0, Avg: 0.0, Max: 0.0, Diff: 0.0, Sum: 0.0]
         [Processed Buffers: Min: 0, Avg: 0.1, Max: 1, Diff: 1, Sum: 1]
      [Scan RS (ms): Min: 0.0, Avg: 0.0, Max: 0.0, Diff: 0.0, Sum: 0.0]
      [Code Root Scanning (ms): Min: 0.0, Avg: 0.0, Max: 0.0, Diff: 0.0, Sum: 0.0]
      [Object Copy (ms): Min: 0.0, Avg: 0.0, Max: 0.1, Diff: 0.0, Sum: 0.2]
      [Termination (ms): Min: 0.0, Avg: 0.0, Max: 0.1, Diff: 0.1, Sum: 0.3]
      [GC Worker Other (ms): Min: 0.0, Avg: 0.0, Max: 0.0, Diff: 0.0, Sum: 0.0]
      [GC Worker Total (ms): Min: 0.5, Avg: 0.6, Max: 0.6, Diff: 0.1, Sum: 4.6]
      [GC Worker End (ms): Min: 15800.7, Avg: 15800.7, Max: 15800.7, Diff: 0.0]
   [Code Root Fixup: 0.0 ms]
   [Code Root Migration: 0.0 ms]
   [Clear CT: 0.2 ms]
   [Other: 0.2 ms]
      [Choose CSet: 0.0 ms]
      [Ref Proc: 0.2 ms]
      [Ref Enq: 0.0 ms]
      [Free CSet: 0.0 ms]
   [Eden: 1024.0K(20.0M)->0.0B(20.0M) Survivors: 0.0B->0.0B Heap: 70.2M(106.0M)->70.2M(106.0M)]
 [Times: user=0.01 sys=0.00, real=0.00 secs] 
15.801: Total time for which application threads were stopped: 0.0011160 seconds, Stopping threads took: 0.0000110 seconds
15.801: Application time: 0.0000260 seconds
15.801: [Full GC 70M->70M(106M), 0.0070610 secs]
   [Eden: 0.0B(20.0M)->0.0B(20.0M) Survivors: 0.0B->0.0B Heap: 70.2M(106.0M)->70.2M(106.0M)], [Perm: 5832K->5832K(20480K)]
 [Times: user=0.01 sys=0.00, real=0.01 secs] 
15.808: [Full GC 70M->70M(106M), 0.0090230 secs]
   [Eden: 0.0B(20.0M)->0.0B(20.0M) Survivors: 0.0B->0.0B Heap: 70.2M(106.0M)->70.2M(106.0M)], [Perm: 5832K->5832K(20480K)]
 [Times: user=0.01 sys=0.00, real=0.01 secs] 
15.817: Total time for which application threads were stopped: 0.0162330 seconds, Stopping threads took: 0.0000070 seconds
15.851: Application time: 0.0340080 seconds
15.851: Total time for which application threads were stopped: 0.0000690 seconds, Stopping threads took: 0.0000140 seconds
15.900: Application time: 0.0486030 seconds
15.900: Total time for which application threads were stopped: 0.0000560 seconds, Stopping threads took: 0.0000080 seconds
16.025: Application time: 0.1247700 seconds
16.025: [GC pause (young) (initial-mark), 0.0078900 secs]
   [Parallel Time: 2.7 ms, GC Workers: 8]
      [GC Worker Start (ms): Min: 16025.0, Avg: 16025.4, Max: 16027.6, Diff: 2.6]
      [Ext Root Scanning (ms): Min: 0.0, Avg: 1.0, Max: 1.3, Diff: 1.3, Sum: 7.9]
      [Code Root Marking (ms): Min: 0.0, Avg: 0.0, Max: 0.1, Diff: 0.1, Sum: 0.1]
      [Update RS (ms): Min: 0.0, Avg: 0.0, Max: 0.1, Diff: 0.1, Sum: 0.3]
         [Processed Buffers: Min: 0, Avg: 2.8, Max: 12, Diff: 12, Sum: 22]
      [Scan RS (ms): Min: 0.0, Avg: 0.0, Max: 0.0, Diff: 0.0, Sum: 0.0]
      [Code Root Scanning (ms): Min: 0.0, Avg: 0.0, Max: 0.0, Diff: 0.0, Sum: 0.0]
      [Object Copy (ms): Min: 0.0, Avg: 1.1, Max: 1.5, Diff: 1.5, Sum: 8.7]
      [Termination (ms): Min: 0.0, Avg: 0.1, Max: 0.1, Diff: 0.1, Sum: 0.7]
      [GC Worker Other (ms): Min: 0.0, Avg: 0.0, Max: 0.0, Diff: 0.0, Sum: 0.0]
      [GC Worker Total (ms): Min: 0.0, Avg: 2.2, Max: 2.6, Diff: 2.6, Sum: 17.7]
      [GC Worker End (ms): Min: 16027.6, Avg: 16027.6, Max: 16027.6, Diff: 0.0]
   [Code Root Fixup: 0.0 ms]
   [Code Root Migration: 0.0 ms]
   [Clear CT: 0.2 ms]
   [Other: 5.1 ms]
      [Choose CSet: 0.0 ms]
      [Ref Proc: 5.0 ms]
      [Ref Enq: 0.0 ms]
      [Free CSet: 0.0 ms]
   [Eden: 14.0M(20.0M)->0.0B(14.0M) Survivors: 0.0B->3072.0K Heap: 84.1M(106.0M)->74.1M(106.0M)]
 [Times: user=0.06 sys=0.00, real=0.00 secs] 
16.033: [GC concurrent-root-region-scan-start]
16.033: Total time for which application threads were stopped: 0.0080330 seconds, Stopping threads took: 0.0000140 seconds
16.034: Application time: 0.0006450 seconds
16.034: Total time for which application threads were stopped: 0.0000760 seconds, Stopping threads took: 0.0000270 seconds
16.034: Application time: 0.0000380 seconds
16.034: Total time for which application threads were stopped: 0.0000460 seconds, Stopping threads took: 0.0000250 seconds
16.034: Application time: 0.0000360 seconds
16.034: Total time for which application threads were stopped: 0.0000450 seconds, Stopping threads took: 0.0000250 seconds
16.034: Application time: 0.0000220 seconds
16.034: Total time for which application threads were stopped: 0.0000260 seconds, Stopping threads took: 0.0000090 seconds
16.035: [GC concurrent-root-region-scan-end, 0.0016220 secs]
16.035: [GC concurrent-mark-start]
16.036: [GC concurrent-mark-end, 0.0018580 secs]
16.036: Application time: 0.0025520 seconds
16.036: [GC remark 16.043: [GC ref-proc, 0.0001170 secs], 0.0072640 secs]
 [Times: user=0.05 sys=0.00, real=0.01 secs] 
16.044: Total time for which application threads were stopped: 0.0073080 seconds, Stopping threads took: 0.0000150 seconds
16.044: Application time: 0.0000280 seconds
16.044: [GC cleanup 76M->76M(106M), 0.0001840 secs]
 [Times: user=0.00 sys=0.00, real=0.00 secs] 
16.044: Total time for which application threads were stopped: 0.0002110 seconds, Stopping threads took: 0.0000090 seconds
16.044: Application time: 0.0000440 seconds
16.044: Total time for which application threads were stopped: 0.0000650 seconds, Stopping threads took: 0.0000480 seconds
16.112: Application time: 0.0678190 seconds
16.112: [GC pause (young), 0.0023800 secs]
   [Parallel Time: 2.2 ms, GC Workers: 8]
      [GC Worker Start (ms): Min: 16112.0, Avg: 16112.1, Max: 16112.1, Diff: 0.1]
      [Ext Root Scanning (ms): Min: 0.7, Avg: 0.8, Max: 1.1, Diff: 0.4, Sum: 6.7]
      [Update RS (ms): Min: 0.0, Avg: 0.0, Max: 0.1, Diff: 0.1, Sum: 0.3]
         [Processed Buffers: Min: 0, Avg: 1.6, Max: 5, Diff: 5, Sum: 13]
      [Scan RS (ms): Min: 0.0, Avg: 0.0, Max: 0.0, Diff: 0.0, Sum: 0.0]
      [Code Root Scanning (ms): Min: 0.0, Avg: 0.0, Max: 0.0, Diff: 0.0, Sum: 0.0]
      [Object Copy (ms): Min: 0.9, Avg: 1.1, Max: 1.2, Diff: 0.3, Sum: 9.1]
      [Termination (ms): Min: 0.0, Avg: 0.0, Max: 0.0, Diff: 0.0, Sum: 0.0]
      [GC Worker Other (ms): Min: 0.0, Avg: 0.0, Max: 0.0, Diff: 0.0, Sum: 0.1]
      [GC Worker Total (ms): Min: 2.0, Avg: 2.0, Max: 2.1, Diff: 0.1, Sum: 16.3]
      [GC Worker End (ms): Min: 16114.1, Avg: 16114.1, Max: 16114.1, Diff: 0.0]
   [Code Root Fixup: 0.0 ms]
   [Code Root Migration: 0.0 ms]
   [Clear CT: 0.0 ms]
   [Other: 0.2 ms]
      [Choose CSet: 0.0 ms]
      [Ref Proc: 0.1 ms]
      [Ref Enq: 0.0 ms]
      [Free CSet: 0.0 ms]
   [Eden: 14.0M(14.0M)->0.0B(7168.0K) Survivors: 3072.0K->2048.0K Heap: 92.2M(106.0M)->79.2M(106.0M)]
 [Times: user=0.01 sys=0.00, real=0.01 secs] 
16.114: Total time for which application threads were stopped: 0.0024860 seconds, Stopping threads took: 0.0000100 seconds
16.114: Application time: 0.0000490 seconds
16.115: Total time for which application threads were stopped: 0.0000380 seconds, Stopping threads took: 0.0000220 seconds
16.115: Application time: 0.0000120 seconds
16.115: Total time for which application threads were stopped: 0.0000250 seconds, Stopping threads took: 0.0000130 seconds
16.115: Application time: 0.0000230 seconds
16.115: Total time for which application threads were stopped: 0.0000160 seconds, Stopping threads took: 0.0000060 seconds
16.115: Application time: 0.0000280 seconds
16.115: Total time for which application threads were stopped: 0.0000180 seconds, Stopping threads took: 0.0000060 seconds
16.145: Application time: 0.0302820 seconds
16.145: Total time for which application threads were stopped: 0.0000200 seconds, Stopping threads took: 0.0000070 seconds
Heap
 garbage-first heap   total 108544K, used 84140K [0x00000000f4400000, 0x00000000fae00000, 0x00000000fae00000)
  region size 1024K, 6 young (6144K), 2 survivors (2048K)
 compacting perm gen  total 20480K, used 13315K [0x00000000fae00000, 0x00000000fc200000, 0x0000000100000000)
   the space 20480K,  65% used [0x00000000fae00000, 0x00000000fbb00d48, 0x00000000fbb00e00, 0x00000000fc200000)
No shared spaces configured.
16.145: Application time: 0.0001650 seconds
