Java HotSpot(TM) 64-Bit Server VM (24.80-b11) for linux-amd64 JRE (1.7.0_80-b15), built on Apr 10 2015 19:53:14 by "java_re" with gcc 4.3.0 20080428 (Red Hat 4.3.0-8)
Memory: 4k page, physical 8000092k(5510444k free), swap 8218620k(8218620k free)
CommandLine flags: -XX:InitialHeapSize=267878400 -XX:MaxHeapSize=267878400 -XX:+PrintGC -XX:+PrintGCApplicationConcurrentTime -XX:+PrintGCApplicationStoppedTime -XX:+PrintGCDetails -XX:+PrintGCTimeStamps -XX:-UseAdaptiveSizePolicy -XX:+UseCompressedOops -XX:+UseG1GC 
4.027: Application time: 4.0054830 seconds
4.027: Total time for which application threads were stopped: 0.0000800 seconds, Stopping threads took: 0.0000100 seconds
14.667: Application time: 10.6398890 seconds
14.667: Total time for which application threads were stopped: 0.0000220 seconds, Stopping threads took: 0.0000080 seconds
14.667: Application time: 0.0000140 seconds
14.667: Total time for which application threads were stopped: 0.0000070 seconds, Stopping threads took: 0.0000030 seconds
14.668: Application time: 0.0013920 seconds
14.668: Total time for which application threads were stopped: 0.0000110 seconds, Stopping threads took: 0.0000050 seconds
14.690: Application time: 0.0210750 seconds
14.690: Total time for which application threads were stopped: 0.0000450 seconds, Stopping threads took: 0.0000120 seconds
14.702: Application time: 0.0124410 seconds
14.702: [Full GC 9300K->3145K(256M), 0.0104590 secs]
   [Eden: 10.0M(12.0M)->0.0B(12.0M) Survivors: 0.0B->0.0B Heap: 9300.5K(256.0M)->3145.8K(256.0M)], [Perm: 5076K->5076K(20480K)]
 [Times: user=0.02 sys=0.00, real=0.01 secs] 
14.713: Total time for which application threads were stopped: 0.0105430 seconds, Stopping threads took: 0.0000080 seconds
14.713: Application time: 0.0000370 seconds
14.713: [Full GC 3145K->3145K(256M), 0.0089690 secs]
   [Eden: 0.0B(12.0M)->0.0B(12.0M) Survivors: 0.0B->0.0B Heap: 3145.8K(256.0M)->3145.8K(256.0M)], [Perm: 5076K->5076K(20480K)]
 [Times: user=0.01 sys=0.01, real=0.01 secs] 
14.722: Total time for which application threads were stopped: 0.0090510 seconds, Stopping threads took: 0.0000070 seconds
14.722: Application time: 0.0002510 seconds
14.722: Total time for which application threads were stopped: 0.0000670 seconds, Stopping threads took: 0.0000430 seconds
14.722: Application time: 0.0001280 seconds
14.722: Total time for which application threads were stopped: 0.0000470 seconds, Stopping threads took: 0.0000410 seconds
14.722: Application time: 0.0000280 seconds
14.722: Total time for which application threads were stopped: 0.0000260 seconds, Stopping threads took: 0.0000220 seconds
14.722: Application time: 0.0000270 seconds
14.722: Total time for which application threads were stopped: 0.0000420 seconds, Stopping threads took: 0.0000370 seconds
14.722: Application time: 0.0000210 seconds
14.722: Total time for which application threads were stopped: 0.0000130 seconds, Stopping threads took: 0.0000080 seconds
14.722: Application time: 0.0000240 seconds
14.722: Total time for which application threads were stopped: 0.0000260 seconds, Stopping threads took: 0.0000210 seconds
14.722: Application time: 0.0000120 seconds
14.722: Total time for which application threads were stopped: 0.0000160 seconds, Stopping threads took: 0.0000110 seconds
14.722: Application time: 0.0000130 seconds
14.722: Total time for which application threads were stopped: 0.0000220 seconds, Stopping threads took: 0.0000180 seconds
14.722: Application time: 0.0000130 seconds
14.722: Total time for which application threads were stopped: 0.0000190 seconds, Stopping threads took: 0.0000150 seconds
14.722: Application time: 0.0000130 seconds
14.722: Total time for which application threads were stopped: 0.0000210 seconds, Stopping threads took: 0.0000160 seconds
14.722: Application time: 0.0000140 seconds
14.723: Total time for which application threads were stopped: 0.0000100 seconds, Stopping threads took: 0.0000050 seconds
14.723: Application time: 0.0000130 seconds
14.723: Total time for which application threads were stopped: 0.0000200 seconds, Stopping threads took: 0.0000150 seconds
14.723: Application time: 0.0000130 seconds
14.723: Total time for which application threads were stopped: 0.0000210 seconds, Stopping threads took: 0.0000170 seconds
14.723: Application time: 0.0000120 seconds
14.723: Total time for which application threads were stopped: 0.0000190 seconds, Stopping threads took: 0.0000140 seconds
14.723: Application time: 0.0000130 seconds
14.723: Total time for which application threads were stopped: 0.0000190 seconds, Stopping threads took: 0.0000150 seconds
14.723: Application time: 0.0000130 seconds
14.723: Total time for which application threads were stopped: 0.0000180 seconds, Stopping threads took: 0.0000130 seconds
14.723: Application time: 0.0000120 seconds
14.723: Total time for which application threads were stopped: 0.0000160 seconds, Stopping threads took: 0.0000120 seconds
14.723: Application time: 0.0000120 seconds
14.723: Total time for which application threads were stopped: 0.0000170 seconds, Stopping threads took: 0.0000120 seconds
14.723: Application time: 0.0000110 seconds
14.723: Total time for which application threads were stopped: 0.0000160 seconds, Stopping threads took: 0.0000120 seconds
14.723: Application time: 0.0000110 seconds
14.723: Total time for which application threads were stopped: 0.0000300 seconds, Stopping threads took: 0.0000150 seconds
14.726: Application time: 0.0031140 seconds
14.726: Total time for which application threads were stopped: 0.0000580 seconds, Stopping threads took: 0.0000470 seconds
14.726: Application time: 0.0001300 seconds
14.726: Total time for which application threads were stopped: 0.0000760 seconds, Stopping threads took: 0.0000600 seconds
14.727: Application time: 0.0006870 seconds
14.727: Total time for which application threads were stopped: 0.0000430 seconds, Stopping threads took: 0.0000270 seconds
14.729: Application time: 0.0020170 seconds
14.729: [GC pause (young), 0.0037460 secs]
   [Parallel Time: 3.6 ms, GC Workers: 8]
      [GC Worker Start (ms): Min: 14729.0, Avg: 14729.0, Max: 14729.1, Diff: 0.1]
      [Ext Root Scanning (ms): Min: 0.8, Avg: 0.9, Max: 1.0, Diff: 0.2, Sum: 6.9]
      [Update RS (ms): Min: 0.0, Avg: 0.1, Max: 0.3, Diff: 0.3, Sum: 0.4]
         [Processed Buffers: Min: 0, Avg: 1.0, Max: 3, Diff: 3, Sum: 8]
      [Scan RS (ms): Min: 0.0, Avg: 0.0, Max: 0.0, Diff: 0.0, Sum: 0.0]
      [Code Root Scanning (ms): Min: 0.0, Avg: 0.0, Max: 0.0, Diff: 0.0, Sum: 0.0]
      [Object Copy (ms): Min: 2.2, Avg: 2.5, Max: 2.6, Diff: 0.4, Sum: 19.7]
      [Termination (ms): Min: 0.0, Avg: 0.1, Max: 0.1, Diff: 0.1, Sum: 0.7]
      [GC Worker Other (ms): Min: 0.0, Avg: 0.0, Max: 0.0, Diff: 0.0, Sum: 0.1]
      [GC Worker Total (ms): Min: 3.4, Avg: 3.5, Max: 3.5, Diff: 0.1, Sum: 27.9]
      [GC Worker End (ms): Min: 14732.5, Avg: 14732.5, Max: 14732.5, Diff: 0.0]
   [Code Root Fixup: 0.0 ms]
   [Code Root Migration: 0.0 ms]
   [Clear CT: 0.0 ms]
   [Other: 0.1 ms]
      [Choose CSet: 0.0 ms]
      [Ref Proc: 0.1 ms]
      [Ref Enq: 0.0 ms]
      [Free CSet: 0.0 ms]
   [Eden: 12.0M(12.0M)->0.0B(14.0M) Survivors: 0.0B->2048.0K Heap: 15.1M(256.0M)->14.8M(256.0M)]
 [Times: user=0.01 sys=0.01, real=0.00 secs] 
14.733: Total time for which application threads were stopped: 0.0038940 seconds, Stopping threads took: 0.0000120 seconds
14.733: Application time: 0.0001470 seconds
14.733: Total time for which application threads were stopped: 0.0001600 seconds, Stopping threads took: 0.0001390 seconds
14.733: Application time: 0.0000230 seconds
14.733: Total time for which application threads were stopped: 0.0000120 seconds, Stopping threads took: 0.0000050 seconds
14.733: Application time: 0.0000150 seconds
14.733: Total time for which application threads were stopped: 0.0001530 seconds, Stopping threads took: 0.0001450 seconds
14.733: Application time: 0.0000140 seconds
14.734: Total time for which application threads were stopped: 0.0001550 seconds, Stopping threads took: 0.0001470 seconds
14.734: Application time: 0.0000120 seconds
14.734: Total time for which application threads were stopped: 0.0001600 seconds, Stopping threads took: 0.0001500 seconds
14.734: Application time: 0.0000140 seconds
14.734: Total time for which application threads were stopped: 0.0001530 seconds, Stopping threads took: 0.0001450 seconds
14.734: Application time: 0.0000120 seconds
14.734: Total time for which application threads were stopped: 0.0000090 seconds, Stopping threads took: 0.0000040 seconds
14.734: Application time: 0.0000170 seconds
14.734: Total time for which application threads were stopped: 0.0001610 seconds, Stopping threads took: 0.0001530 seconds
14.734: Application time: 0.0000120 seconds
14.734: Total time for which application threads were stopped: 0.0001560 seconds, Stopping threads took: 0.0001480 seconds
14.734: Application time: 0.0000120 seconds
14.734: Total time for which application threads were stopped: 0.0000100 seconds, Stopping threads took: 0.0000030 seconds
14.735: Application time: 0.0009810 seconds
14.735: [GC pause (young), 0.0046210 secs]
   [Parallel Time: 4.5 ms, GC Workers: 8]
      [GC Worker Start (ms): Min: 14735.3, Avg: 14735.3, Max: 14735.4, Diff: 0.1]
      [Ext Root Scanning (ms): Min: 0.4, Avg: 0.5, Max: 0.5, Diff: 0.1, Sum: 3.8]
      [Update RS (ms): Min: 0.0, Avg: 0.0, Max: 0.0, Diff: 0.0, Sum: 0.1]
         [Processed Buffers: Min: 0, Avg: 0.9, Max: 3, Diff: 3, Sum: 7]
      [Scan RS (ms): Min: 0.0, Avg: 0.0, Max: 0.0, Diff: 0.0, Sum: 0.0]
      [Code Root Scanning (ms): Min: 0.0, Avg: 0.0, Max: 0.0, Diff: 0.0, Sum: 0.0]
      [Object Copy (ms): Min: 3.8, Avg: 3.8, Max: 3.9, Diff: 0.1, Sum: 30.7]
      [Termination (ms): Min: 0.0, Avg: 0.1, Max: 0.1, Diff: 0.1, Sum: 0.5]
      [GC Worker Other (ms): Min: 0.0, Avg: 0.0, Max: 0.0, Diff: 0.0, Sum: 0.1]
      [GC Worker Total (ms): Min: 4.4, Avg: 4.4, Max: 4.4, Diff: 0.1, Sum: 35.2]
      [GC Worker End (ms): Min: 14739.7, Avg: 14739.7, Max: 14739.7, Diff: 0.0]
   [Code Root Fixup: 0.0 ms]
   [Code Root Migration: 0.0 ms]
   [Clear CT: 0.0 ms]
   [Other: 0.1 ms]
      [Choose CSet: 0.0 ms]
      [Ref Proc: 0.1 ms]
      [Ref Enq: 0.0 ms]
      [Free CSet: 0.0 ms]
   [Eden: 14.0M(14.0M)->0.0B(24.0M) Survivors: 2048.0K->2048.0K Heap: 28.8M(256.0M)->28.7M(256.0M)]
 [Times: user=0.03 sys=0.00, real=0.01 secs] 
14.740: Total time for which application threads were stopped: 0.0047330 seconds, Stopping threads took: 0.0000070 seconds
14.744: Application time: 0.0035290 seconds
14.744: [GC pause (young), 0.0070310 secs]
   [Parallel Time: 6.9 ms, GC Workers: 8]
      [GC Worker Start (ms): Min: 14743.6, Avg: 14743.6, Max: 14743.6, Diff: 0.0]
      [Ext Root Scanning (ms): Min: 0.4, Avg: 0.4, Max: 0.5, Diff: 0.1, Sum: 3.6]
      [Update RS (ms): Min: 0.0, Avg: 0.1, Max: 0.1, Diff: 0.1, Sum: 0.7]
         [Processed Buffers: Min: 1, Avg: 2.1, Max: 4, Diff: 3, Sum: 17]
      [Scan RS (ms): Min: 0.0, Avg: 0.0, Max: 0.0, Diff: 0.0, Sum: 0.1]
      [Code Root Scanning (ms): Min: 0.0, Avg: 0.0, Max: 0.0, Diff: 0.0, Sum: 0.0]
      [Object Copy (ms): Min: 6.2, Avg: 6.3, Max: 6.3, Diff: 0.1, Sum: 50.0]
      [Termination (ms): Min: 0.0, Avg: 0.0, Max: 0.0, Diff: 0.0, Sum: 0.0]
      [GC Worker Other (ms): Min: 0.0, Avg: 0.0, Max: 0.0, Diff: 0.0, Sum: 0.1]
      [GC Worker Total (ms): Min: 6.8, Avg: 6.8, Max: 6.8, Diff: 0.1, Sum: 54.5]
      [GC Worker End (ms): Min: 14750.4, Avg: 14750.4, Max: 14750.4, Diff: 0.0]
   [Code Root Fixup: 0.0 ms]
   [Code Root Migration: 0.0 ms]
   [Clear CT: 0.0 ms]
   [Other: 0.1 ms]
      [Choose CSet: 0.0 ms]
      [Ref Proc: 0.1 ms]
      [Ref Enq: 0.0 ms]
      [Free CSet: 0.0 ms]
   [Eden: 24.0M(24.0M)->0.0B(33.0M) Survivors: 2048.0K->4096.0K Heap: 52.7M(256.0M)->52.9M(256.0M)]
 [Times: user=0.04 sys=0.02, real=0.01 secs] 
14.751: Total time for which application threads were stopped: 0.0071540 seconds, Stopping threads took: 0.0000130 seconds
14.756: Application time: 0.0052900 seconds
14.756: [GC pause (young), 0.0094290 secs]
   [Parallel Time: 9.2 ms, GC Workers: 8]
      [GC Worker Start (ms): Min: 14756.1, Avg: 14756.5, Max: 14759.4, Diff: 3.3]
      [Ext Root Scanning (ms): Min: 0.0, Avg: 0.4, Max: 0.5, Diff: 0.5, Sum: 3.2]
      [Update RS (ms): Min: 0.0, Avg: 0.1, Max: 0.2, Diff: 0.2, Sum: 0.6]
         [Processed Buffers: Min: 0, Avg: 2.1, Max: 5, Diff: 5, Sum: 17]
      [Scan RS (ms): Min: 0.0, Avg: 0.0, Max: 0.0, Diff: 0.0, Sum: 0.1]
      [Code Root Scanning (ms): Min: 0.0, Avg: 0.0, Max: 0.0, Diff: 0.0, Sum: 0.0]
      [Object Copy (ms): Min: 5.8, Avg: 8.2, Max: 8.6, Diff: 2.8, Sum: 65.8]
      [Termination (ms): Min: 0.0, Avg: 0.0, Max: 0.0, Diff: 0.0, Sum: 0.0]
      [GC Worker Other (ms): Min: 0.0, Avg: 0.0, Max: 0.0, Diff: 0.0, Sum: 0.1]
      [GC Worker Total (ms): Min: 5.8, Avg: 8.7, Max: 9.2, Diff: 3.3, Sum: 69.9]
      [GC Worker End (ms): Min: 14765.2, Avg: 14765.2, Max: 14765.2, Diff: 0.0]
   [Code Root Fixup: 0.0 ms]
   [Code Root Migration: 0.0 ms]
   [Clear CT: 0.0 ms]
   [Other: 0.2 ms]
      [Choose CSet: 0.0 ms]
      [Ref Proc: 0.1 ms]
      [Ref Enq: 0.0 ms]
      [Free CSet: 0.0 ms]
   [Eden: 33.0M(33.0M)->0.0B(42.0M) Survivors: 4096.0K->5120.0K Heap: 85.9M(256.0M)->86.1M(256.0M)]
 [Times: user=0.05 sys=0.03, real=0.01 secs] 
14.766: Total time for which application threads were stopped: 0.0095910 seconds, Stopping threads took: 0.0000480 seconds
14.773: Application time: 0.0071750 seconds
14.773: [GC pause (young), 0.0112890 secs]
   [Parallel Time: 11.1 ms, GC Workers: 8]
      [GC Worker Start (ms): Min: 14772.8, Avg: 14772.9, Max: 14773.5, Diff: 0.7]
      [Ext Root Scanning (ms): Min: 0.0, Avg: 0.4, Max: 0.6, Diff: 0.6, Sum: 3.5]
      [Update RS (ms): Min: 0.0, Avg: 0.1, Max: 0.2, Diff: 0.2, Sum: 0.8]
         [Processed Buffers: Min: 0, Avg: 2.1, Max: 3, Diff: 3, Sum: 17]
      [Scan RS (ms): Min: 0.0, Avg: 0.0, Max: 0.0, Diff: 0.0, Sum: 0.1]
      [Code Root Scanning (ms): Min: 0.0, Avg: 0.0, Max: 0.0, Diff: 0.0, Sum: 0.0]
      [Object Copy (ms): Min: 10.3, Avg: 10.4, Max: 10.4, Diff: 0.1, Sum: 83.0]
      [Termination (ms): Min: 0.0, Avg: 0.0, Max: 0.0, Diff: 0.0, Sum: 0.0]
      [GC Worker Other (ms): Min: 0.0, Avg: 0.0, Max: 0.0, Diff: 0.0, Sum: 0.1]
      [GC Worker Total (ms): Min: 10.4, Avg: 11.0, Max: 11.1, Diff: 0.7, Sum: 87.6]
      [GC Worker End (ms): Min: 14783.9, Avg: 14783.9, Max: 14783.9, Diff: 0.0]
   [Code Root Fixup: 0.0 ms]
   [Code Root Migration: 0.0 ms]
   [Clear CT: 0.0 ms]
   [Other: 0.1 ms]
      [Choose CSet: 0.0 ms]
      [Ref Proc: 0.1 ms]
      [Ref Enq: 0.0 ms]
      [Free CSet: 0.0 ms]
   [Eden: 42.0M(42.0M)->0.0B(50.0M) Survivors: 5120.0K->6144.0K Heap: 128.1M(256.0M)->128.0M(256.0M)]
 [Times: user=0.05 sys=0.04, real=0.01 secs] 
14.784: Total time for which application threads were stopped: 0.0114180 seconds, Stopping threads took: 0.0000140 seconds
14.793: Application time: 0.0089180 seconds
14.793: [GC pause (young) (initial-mark), 0.0133700 secs]
   [Parallel Time: 13.2 ms, GC Workers: 8]
      [GC Worker Start (ms): Min: 14793.2, Avg: 14793.3, Max: 14793.9, Diff: 0.7]
      [Ext Root Scanning (ms): Min: 0.0, Avg: 0.4, Max: 0.6, Diff: 0.6, Sum: 3.3]
      [Code Root Marking (ms): Min: 0.0, Avg: 0.0, Max: 0.0, Diff: 0.0, Sum: 0.1]
      [Update RS (ms): Min: 0.1, Avg: 0.1, Max: 0.2, Diff: 0.2, Sum: 1.2]
         [Processed Buffers: Min: 1, Avg: 2.1, Max: 3, Diff: 2, Sum: 17]
      [Scan RS (ms): Min: 0.0, Avg: 0.0, Max: 0.0, Diff: 0.0, Sum: 0.1]
      [Code Root Scanning (ms): Min: 0.0, Avg: 0.0, Max: 0.0, Diff: 0.0, Sum: 0.0]
      [Object Copy (ms): Min: 12.3, Avg: 12.4, Max: 12.5, Diff: 0.3, Sum: 99.3]
      [Termination (ms): Min: 0.0, Avg: 0.0, Max: 0.0, Diff: 0.0, Sum: 0.0]
      [GC Worker Other (ms): Min: 0.0, Avg: 0.0, Max: 0.0, Diff: 0.0, Sum: 0.1]
      [GC Worker Total (ms): Min: 12.4, Avg: 13.0, Max: 13.1, Diff: 0.7, Sum: 104.1]
      [GC Worker End (ms): Min: 14806.3, Avg: 14806.3, Max: 14806.3, Diff: 0.0]
   [Code Root Fixup: 0.0 ms]
   [Code Root Migration: 0.0 ms]
   [Clear CT: 0.0 ms]
   [Other: 0.2 ms]
      [Choose CSet: 0.0 ms]
      [Ref Proc: 0.1 ms]
      [Ref Enq: 0.0 ms]
      [Free CSet: 0.0 ms]
   [Eden: 50.0M(50.0M)->0.0B(25.0M) Survivors: 6144.0K->7168.0K Heap: 178.0M(256.0M)->178.0M(256.0M)]
 [Times: user=0.06 sys=0.03, real=0.01 secs] 
14.807: [GC concurrent-root-region-scan-start]
14.807: Total time for which application threads were stopped: 0.0135430 seconds, Stopping threads took: 0.0000420 seconds
14.807: [GC concurrent-root-region-scan-end, 0.0000530 secs]
14.807: [GC concurrent-mark-start]
14.811: Application time: 0.0046850 seconds
14.811: [GC pause (young), 0.0098230 secs]
   [Parallel Time: 9.6 ms, GC Workers: 8]
      [GC Worker Start (ms): Min: 14811.4, Avg: 14811.4, Max: 14811.4, Diff: 0.1]
      [Ext Root Scanning (ms): Min: 0.5, Avg: 0.5, Max: 0.5, Diff: 0.1, Sum: 3.9]
      [SATB Filtering (ms): Min: 0.0, Avg: 0.0, Max: 0.0, Diff: 0.0, Sum: 0.0]
      [Update RS (ms): Min: 0.0, Avg: 0.1, Max: 0.2, Diff: 0.1, Sum: 0.8]
         [Processed Buffers: Min: 1, Avg: 2.0, Max: 4, Diff: 3, Sum: 16]
      [Scan RS (ms): Min: 0.0, Avg: 0.0, Max: 0.0, Diff: 0.0, Sum: 0.1]
      [Code Root Scanning (ms): Min: 0.0, Avg: 0.0, Max: 0.0, Diff: 0.0, Sum: 0.0]
      [Object Copy (ms): Min: 8.9, Avg: 8.9, Max: 9.0, Diff: 0.1, Sum: 71.2]
      [Termination (ms): Min: 0.0, Avg: 0.0, Max: 0.0, Diff: 0.0, Sum: 0.0]
      [GC Worker Other (ms): Min: 0.0, Avg: 0.0, Max: 0.0, Diff: 0.0, Sum: 0.1]
      [GC Worker Total (ms): Min: 9.5, Avg: 9.5, Max: 9.5, Diff: 0.1, Sum: 76.1]
      [GC Worker End (ms): Min: 14820.9, Avg: 14820.9, Max: 14820.9, Diff: 0.0]
   [Code Root Fixup: 0.0 ms]
   [Code Root Migration: 0.0 ms]
   [Clear CT: 0.0 ms]
   [Other: 0.2 ms]
      [Choose CSet: 0.0 ms]
      [Ref Proc: 0.1 ms]
      [Ref Enq: 0.0 ms]
      [Free CSet: 0.0 ms]
   [Eden: 25.0M(25.0M)->0.0B(13.0M) Survivors: 7168.0K->4096.0K Heap: 203.0M(256.0M)->203.0M(256.0M)]
 [Times: user=0.07 sys=0.00, real=0.01 secs] 
14.821: Total time for which application threads were stopped: 0.0099620 seconds, Stopping threads took: 0.0000160 seconds
14.824: Application time: 0.0024490 seconds
14.824: [GC pause (young), 0.0054760 secs]
   [Parallel Time: 5.3 ms, GC Workers: 8]
      [GC Worker Start (ms): Min: 14823.8, Avg: 14823.8, Max: 14823.8, Diff: 0.1]
      [Ext Root Scanning (ms): Min: 0.4, Avg: 0.5, Max: 0.5, Diff: 0.1, Sum: 3.6]
      [SATB Filtering (ms): Min: 0.0, Avg: 0.0, Max: 0.0, Diff: 0.0, Sum: 0.0]
      [Update RS (ms): Min: 0.0, Avg: 0.0, Max: 0.1, Diff: 0.1, Sum: 0.4]
         [Processed Buffers: Min: 0, Avg: 1.6, Max: 3, Diff: 3, Sum: 13]
      [Scan RS (ms): Min: 0.0, Avg: 0.0, Max: 0.0, Diff: 0.0, Sum: 0.0]
      [Code Root Scanning (ms): Min: 0.0, Avg: 0.0, Max: 0.0, Diff: 0.0, Sum: 0.0]
      [Object Copy (ms): Min: 4.7, Avg: 4.7, Max: 4.8, Diff: 0.1, Sum: 37.8]
      [Termination (ms): Min: 0.0, Avg: 0.0, Max: 0.0, Diff: 0.0, Sum: 0.0]
      [GC Worker Other (ms): Min: 0.0, Avg: 0.0, Max: 0.0, Diff: 0.0, Sum: 0.1]
      [GC Worker Total (ms): Min: 5.2, Avg: 5.3, Max: 5.3, Diff: 0.1, Sum: 42.1]
      [GC Worker End (ms): Min: 14829.0, Avg: 14829.0, Max: 14829.1, Diff: 0.0]
   [Code Root Fixup: 0.0 ms]
   [Code Root Migration: 0.0 ms]
   [Clear CT: 0.0 ms]
   [Other: 0.1 ms]
      [Choose CSet: 0.0 ms]
      [Ref Proc: 0.1 ms]
      [Ref Enq: 0.0 ms]
      [Free CSet: 0.0 ms]
   [Eden: 13.0M(13.0M)->0.0B(9216.0K) Survivors: 4096.0K->3072.0K Heap: 216.0M(256.0M)->216.0M(256.0M)]
 [Times: user=0.04 sys=0.01, real=0.01 secs] 
14.829: Total time for which application threads were stopped: 0.0055960 seconds, Stopping threads took: 0.0000110 seconds
14.831: Application time: 0.0015410 seconds
14.831: [GC pause (young), 0.0039950 secs]
   [Parallel Time: 3.8 ms, GC Workers: 8]
      [GC Worker Start (ms): Min: 14830.9, Avg: 14830.9, Max: 14830.9, Diff: 0.0]
      [Ext Root Scanning (ms): Min: 0.4, Avg: 0.5, Max: 0.5, Diff: 0.1, Sum: 3.8]
      [SATB Filtering (ms): Min: 0.0, Avg: 0.0, Max: 0.0, Diff: 0.0, Sum: 0.0]
      [Update RS (ms): Min: 0.0, Avg: 0.0, Max: 0.1, Diff: 0.1, Sum: 0.3]
         [Processed Buffers: Min: 0, Avg: 1.8, Max: 5, Diff: 5, Sum: 14]
      [Scan RS (ms): Min: 0.0, Avg: 0.0, Max: 0.0, Diff: 0.0, Sum: 0.0]
      [Code Root Scanning (ms): Min: 0.0, Avg: 0.0, Max: 0.0, Diff: 0.0, Sum: 0.0]
      [Object Copy (ms): Min: 3.1, Avg: 3.2, Max: 3.2, Diff: 0.1, Sum: 25.6]
      [Termination (ms): Min: 0.0, Avg: 0.0, Max: 0.0, Diff: 0.0, Sum: 0.0]
      [GC Worker Other (ms): Min: 0.0, Avg: 0.0, Max: 0.0, Diff: 0.0, Sum: 0.1]
      [GC Worker Total (ms): Min: 3.7, Avg: 3.7, Max: 3.8, Diff: 0.0, Sum: 29.9]
      [GC Worker End (ms): Min: 14834.6, Avg: 14834.7, Max: 14834.7, Diff: 0.0]
   [Code Root Fixup: 0.0 ms]
   [Code Root Migration: 0.0 ms]
   [Clear CT: 0.0 ms]
   [Other: 0.2 ms]
      [Choose CSet: 0.0 ms]
      [Ref Proc: 0.1 ms]
      [Ref Enq: 0.0 ms]
      [Free CSet: 0.0 ms]
   [Eden: 9216.0K(9216.0K)->0.0B(10.0M) Survivors: 3072.0K->2048.0K Heap: 225.0M(256.0M)->224.9M(256.0M)]
 [Times: user=0.03 sys=0.00, real=0.00 secs] 
14.835: Total time for which application threads were stopped: 0.0041220 seconds, Stopping threads took: 0.0000110 seconds
14.837: Application time: 0.0020160 seconds
14.837: [GC pause (young), 0.0034410 secs]
   [Parallel Time: 3.3 ms, GC Workers: 8]
      [GC Worker Start (ms): Min: 14837.1, Avg: 14837.1, Max: 14837.1, Diff: 0.1]
      [Ext Root Scanning (ms): Min: 0.4, Avg: 0.5, Max: 0.5, Diff: 0.1, Sum: 3.7]
      [SATB Filtering (ms): Min: 0.0, Avg: 0.0, Max: 0.0, Diff: 0.0, Sum: 0.0]
      [Update RS (ms): Min: 0.0, Avg: 0.1, Max: 0.5, Diff: 0.5, Sum: 1.0]
         [Processed Buffers: Min: 0, Avg: 1.6, Max: 5, Diff: 5, Sum: 13]
      [Scan RS (ms): Min: 0.0, Avg: 0.0, Max: 0.0, Diff: 0.0, Sum: 0.0]
      [Code Root Scanning (ms): Min: 0.0, Avg: 0.0, Max: 0.0, Diff: 0.0, Sum: 0.0]
      [Object Copy (ms): Min: 2.3, Avg: 2.6, Max: 2.7, Diff: 0.5, Sum: 21.0]
      [Termination (ms): Min: 0.0, Avg: 0.0, Max: 0.0, Diff: 0.0, Sum: 0.0]
      [GC Worker Other (ms): Min: 0.0, Avg: 0.0, Max: 0.0, Diff: 0.0, Sum: 0.1]
      [GC Worker Total (ms): Min: 3.2, Avg: 3.2, Max: 3.2, Diff: 0.0, Sum: 25.8]
      [GC Worker End (ms): Min: 14840.3, Avg: 14840.3, Max: 14840.3, Diff: 0.0]
   [Code Root Fixup: 0.0 ms]
   [Code Root Migration: 0.0 ms]
   [Clear CT: 0.0 ms]
   [Other: 0.1 ms]
      [Choose CSet: 0.0 ms]
      [Ref Proc: 0.1 ms]
      [Ref Enq: 0.0 ms]
      [Free CSet: 0.0 ms]
   [Eden: 10.0M(10.0M)->0.0B(10.0M) Survivors: 2048.0K->2048.0K Heap: 234.9M(256.0M)->234.9M(256.0M)]
 [Times: user=0.02 sys=0.00, real=0.01 secs] 
14.841: Total time for which application threads were stopped: 0.0035810 seconds, Stopping threads took: 0.0000350 seconds
14.842: [GC concurrent-mark-end, 0.0352670 secs]
14.842: Application time: 0.0014040 seconds
14.842: [GC remark 14.842: [GC ref-proc, 0.0001130 secs], 0.0007170 secs]
 [Times: user=0.00 sys=0.00, real=0.00 secs] 
14.843: Total time for which application threads were stopped: 0.0008420 seconds, Stopping threads took: 0.0000900 seconds
14.843: Application time: 0.0005160 seconds
14.843: [GC cleanup 243M->243M(256M), 0.0003100 secs]
 [Times: user=0.01 sys=0.00, real=0.00 secs] 
14.844: Total time for which application threads were stopped: 0.0003760 seconds, Stopping threads took: 0.0000410 seconds
14.844: Application time: 0.0002240 seconds
14.844: [GC pause (young) (to-space exhausted), 0.0032770 secs]
   [Parallel Time: 3.0 ms, GC Workers: 8]
      [GC Worker Start (ms): Min: 14844.0, Avg: 14844.0, Max: 14844.0, Diff: 0.0]
      [Ext Root Scanning (ms): Min: 0.4, Avg: 0.4, Max: 0.5, Diff: 0.1, Sum: 3.5]
      [Update RS (ms): Min: 0.0, Avg: 0.1, Max: 0.3, Diff: 0.3, Sum: 1.1]
         [Processed Buffers: Min: 1, Avg: 1.8, Max: 4, Diff: 3, Sum: 14]
      [Scan RS (ms): Min: 0.0, Avg: 0.0, Max: 0.0, Diff: 0.0, Sum: 0.0]
      [Code Root Scanning (ms): Min: 0.0, Avg: 0.0, Max: 0.0, Diff: 0.0, Sum: 0.0]
      [Object Copy (ms): Min: 2.2, Avg: 2.4, Max: 2.5, Diff: 0.3, Sum: 19.2]
      [Termination (ms): Min: 0.0, Avg: 0.0, Max: 0.0, Diff: 0.0, Sum: 0.0]
      [GC Worker Other (ms): Min: 0.0, Avg: 0.0, Max: 0.0, Diff: 0.0, Sum: 0.1]
      [GC Worker Total (ms): Min: 3.0, Avg: 3.0, Max: 3.0, Diff: 0.0, Sum: 23.9]
      [GC Worker End (ms): Min: 14847.0, Avg: 14847.0, Max: 14847.0, Diff: 0.0]
   [Code Root Fixup: 0.0 ms]
   [Code Root Migration: 0.0 ms]
   [Clear CT: 0.0 ms]
   [Other: 0.2 ms]
      [Choose CSet: 0.0 ms]
      [Ref Proc: 0.1 ms]
      [Ref Enq: 0.0 ms]
      [Free CSet: 0.0 ms]
   [Eden: 10.0M(10.0M)->0.0B(10.0M) Survivors: 2048.0K->2048.0K Heap: 244.9M(256.0M)->252.1M(256.0M)]
 [Times: user=0.02 sys=0.00, real=0.01 secs] 
14.847: Total time for which application threads were stopped: 0.0034030 seconds, Stopping threads took: 0.0000270 seconds
14.848: Application time: 0.0005330 seconds
14.848: [GC pause (young) (to-space exhausted), 0.0008040 secs]
   [Parallel Time: 0.6 ms, GC Workers: 8]
      [GC Worker Start (ms): Min: 14847.9, Avg: 14847.9, Max: 14848.0, Diff: 0.0]
      [Ext Root Scanning (ms): Min: 0.3, Avg: 0.4, Max: 0.4, Diff: 0.1, Sum: 3.0]
      [Update RS (ms): Min: 0.0, Avg: 0.1, Max: 0.1, Diff: 0.1, Sum: 0.5]
         [Processed Buffers: Min: 0, Avg: 2.2, Max: 5, Diff: 5, Sum: 18]
      [Scan RS (ms): Min: 0.0, Avg: 0.0, Max: 0.0, Diff: 0.0, Sum: 0.0]
      [Code Root Scanning (ms): Min: 0.0, Avg: 0.0, Max: 0.0, Diff: 0.0, Sum: 0.0]
      [Object Copy (ms): Min: 0.1, Avg: 0.2, Max: 0.2, Diff: 0.1, Sum: 1.3]
      [Termination (ms): Min: 0.0, Avg: 0.0, Max: 0.0, Diff: 0.0, Sum: 0.1]
      [GC Worker Other (ms): Min: 0.0, Avg: 0.0, Max: 0.0, Diff: 0.0, Sum: 0.0]
      [GC Worker Total (ms): Min: 0.6, Avg: 0.6, Max: 0.6, Diff: 0.0, Sum: 4.9]
      [GC Worker End (ms): Min: 14848.5, Avg: 14848.6, Max: 14848.6, Diff: 0.0]
   [Code Root Fixup: 0.0 ms]
   [Code Root Migration: 0.0 ms]
   [Clear CT: 0.0 ms]
   [Other: 0.1 ms]
      [Choose CSet: 0.0 ms]
      [Ref Proc: 0.1 ms]
      [Ref Enq: 0.0 ms]
      [Free CSet: 0.0 ms]
   [Eden: 3072.0K(10.0M)->0.0B(12.0M) Survivors: 2048.0K->0.0B Heap: 255.1M(256.0M)->255.1M(256.0M)]
 [Times: user=0.00 sys=0.00, real=0.00 secs] 
14.849: Total time for which application threads were stopped: 0.0009010 seconds, Stopping threads took: 0.0000290 seconds
14.849: Application time: 0.0000480 seconds
14.849: [Full GC 255M->241M(256M), 0.0608550 secs]
   [Eden: 0.0B(12.0M)->0.0B(12.0M) Survivors: 0.0B->0.0B Heap: 255.1M(256.0M)->241.8M(256.0M)], [Perm: 5105K->5105K(20480K)]
 [Times: user=0.06 sys=0.00, real=0.06 secs] 
14.910: Total time for which application threads were stopped: 0.0609490 seconds, Stopping threads took: 0.0000200 seconds
14.912: Application time: 0.0025890 seconds
14.912: [GC pause (young) (to-space exhausted), 0.0015870 secs]
   [Parallel Time: 1.3 ms, GC Workers: 8]
      [GC Worker Start (ms): Min: 14912.5, Avg: 14912.6, Max: 14913.4, Diff: 0.9]
      [Ext Root Scanning (ms): Min: 0.0, Avg: 0.7, Max: 0.8, Diff: 0.8, Sum: 5.3]
      [Update RS (ms): Min: 0.0, Avg: 0.1, Max: 0.2, Diff: 0.2, Sum: 0.5]
         [Processed Buffers: Min: 0, Avg: 0.6, Max: 2, Diff: 2, Sum: 5]
      [Scan RS (ms): Min: 0.0, Avg: 0.0, Max: 0.0, Diff: 0.0, Sum: 0.0]
      [Code Root Scanning (ms): Min: 0.0, Avg: 0.0, Max: 0.0, Diff: 0.0, Sum: 0.0]
      [Object Copy (ms): Min: 0.3, Avg: 0.3, Max: 0.4, Diff: 0.2, Sum: 2.7]
      [Termination (ms): Min: 0.0, Avg: 0.1, Max: 0.1, Diff: 0.1, Sum: 0.4]
      [GC Worker Other (ms): Min: 0.0, Avg: 0.0, Max: 0.0, Diff: 0.0, Sum: 0.1]
      [GC Worker Total (ms): Min: 0.4, Avg: 1.1, Max: 1.3, Diff: 0.9, Sum: 9.0]
      [GC Worker End (ms): Min: 14913.8, Avg: 14913.8, Max: 14913.8, Diff: 0.0]
   [Code Root Fixup: 0.0 ms]
   [Code Root Migration: 0.0 ms]
   [Clear CT: 0.0 ms]
   [Other: 0.2 ms]
      [Choose CSet: 0.0 ms]
      [Ref Proc: 0.1 ms]
      [Ref Enq: 0.0 ms]
      [Free CSet: 0.0 ms]
   [Eden: 10.0M(12.0M)->0.0B(12.0M) Survivors: 0.0B->0.0B Heap: 251.8M(256.0M)->251.8M(256.0M)]
 [Times: user=0.01 sys=0.00, real=0.00 secs] 
14.914: Total time for which application threads were stopped: 0.0017860 seconds, Stopping threads took: 0.0000830 seconds
14.914: Application time: 0.0000190 seconds
14.914: [Full GC 251M->251M(256M), 0.0125480 secs]
   [Eden: 0.0B(12.0M)->0.0B(12.0M) Survivors: 0.0B->0.0B Heap: 251.8M(256.0M)->251.7M(256.0M)], [Perm: 5105K->5100K(20480K)]
 [Times: user=0.02 sys=0.01, real=0.01 secs] 
14.927: [Full GC 251M->251M(256M), 0.0106630 secs]
   [Eden: 0.0B(12.0M)->0.0B(12.0M) Survivors: 0.0B->0.0B Heap: 251.7M(256.0M)->251.7M(256.0M)], [Perm: 5100K->5100K(20480K)]
 [Times: user=0.02 sys=0.00, real=0.01 secs] 
14.938: Total time for which application threads were stopped: 0.0233760 seconds, Stopping threads took: 0.0000240 seconds
14.938: Application time: 0.0000380 seconds
14.938: [GC pause (young), 0.0008700 secs]
   [Parallel Time: 0.7 ms, GC Workers: 8]
      [GC Worker Start (ms): Min: 14937.8, Avg: 14937.8, Max: 14937.9, Diff: 0.1]
      [Ext Root Scanning (ms): Min: 0.5, Avg: 0.5, Max: 0.5, Diff: 0.1, Sum: 4.0]
      [Update RS (ms): Min: 0.0, Avg: 0.0, Max: 0.0, Diff: 0.0, Sum: 0.0]
         [Processed Buffers: Min: 0, Avg: 0.1, Max: 1, Diff: 1, Sum: 1]
      [Scan RS (ms): Min: 0.0, Avg: 0.0, Max: 0.0, Diff: 0.0, Sum: 0.0]
      [Code Root Scanning (ms): Min: 0.0, Avg: 0.0, Max: 0.0, Diff: 0.0, Sum: 0.0]
      [Object Copy (ms): Min: 0.0, Avg: 0.0, Max: 0.1, Diff: 0.0, Sum: 0.2]
      [Termination (ms): Min: 0.0, Avg: 0.0, Max: 0.1, Diff: 0.1, Sum: 0.3]
      [GC Worker Other (ms): Min: 0.0, Avg: 0.0, Max: 0.0, Diff: 0.0, Sum: 0.0]
      [GC Worker Total (ms): Min: 0.5, Avg: 0.6, Max: 0.6, Diff: 0.1, Sum: 4.6]
      [GC Worker End (ms): Min: 14938.4, Avg: 14938.4, Max: 14938.4, Diff: 0.0]
   [Code Root Fixup: 0.0 ms]
   [Code Root Migration: 0.0 ms]
   [Clear CT: 0.1 ms]
   [Other: 0.1 ms]
      [Choose CSet: 0.0 ms]
      [Ref Proc: 0.1 ms]
      [Ref Enq: 0.0 ms]
      [Free CSet: 0.0 ms]
   [Eden: 0.0B(12.0M)->0.0B(12.0M) Survivors: 0.0B->0.0B Heap: 251.7M(256.0M)->251.7M(256.0M)]
 [Times: user=0.00 sys=0.00, real=0.00 secs] 
14.939: Total time for which application threads were stopped: 0.0011020 seconds, Stopping threads took: 0.0001230 seconds
14.939: Application time: 0.0000150 seconds
14.939: [Full GC 251M->224M(256M), 0.0560060 secs]
   [Eden: 0.0B(12.0M)->0.0B(12.0M) Survivors: 0.0B->0.0B Heap: 251.7M(256.0M)->224.6M(256.0M)], [Perm: 5100K->5100K(20480K)]
 [Times: user=0.06 sys=0.00, real=0.06 secs] 
14.995: Total time for which application threads were stopped: 0.0560950 seconds, Stopping threads took: 0.0000170 seconds
15.017: Application time: 0.0227080 seconds
15.018: [GC pause (young), 0.0044350 secs]
   [Parallel Time: 4.2 ms, GC Workers: 8]
      [GC Worker Start (ms): Min: 15017.8, Avg: 15017.8, Max: 15017.9, Diff: 0.1]
      [Ext Root Scanning (ms): Min: 0.7, Avg: 0.9, Max: 1.5, Diff: 0.8, Sum: 7.4]
      [Update RS (ms): Min: 0.0, Avg: 0.1, Max: 0.6, Diff: 0.6, Sum: 0.6]
         [Processed Buffers: Min: 0, Avg: 0.4, Max: 1, Diff: 1, Sum: 3]
      [Scan RS (ms): Min: 0.0, Avg: 0.0, Max: 0.0, Diff: 0.0, Sum: 0.0]
      [Code Root Scanning (ms): Min: 0.0, Avg: 0.0, Max: 0.0, Diff: 0.0, Sum: 0.0]
      [Object Copy (ms): Min: 2.6, Avg: 3.1, Max: 3.3, Diff: 0.7, Sum: 24.9]
      [Termination (ms): Min: 0.0, Avg: 0.0, Max: 0.0, Diff: 0.0, Sum: 0.0]
      [GC Worker Other (ms): Min: 0.0, Avg: 0.0, Max: 0.0, Diff: 0.0, Sum: 0.1]
      [GC Worker Total (ms): Min: 4.1, Avg: 4.1, Max: 4.2, Diff: 0.1, Sum: 33.2]
      [GC Worker End (ms): Min: 15021.9, Avg: 15022.0, Max: 15022.0, Diff: 0.0]
   [Code Root Fixup: 0.0 ms]
   [Code Root Migration: 0.0 ms]
   [Clear CT: 0.1 ms]
   [Other: 0.1 ms]
      [Choose CSet: 0.0 ms]
      [Ref Proc: 0.1 ms]
      [Ref Enq: 0.0 ms]
      [Free CSet: 0.0 ms]
   [Eden: 12.0M(12.0M)->0.0B(10.0M) Survivors: 0.0B->2048.0K Heap: 236.6M(256.0M)->236.5M(256.0M)]
 [Times: user=0.03 sys=0.00, real=0.01 secs] 
15.022: Total time for which application threads were stopped: 0.0047180 seconds, Stopping threads took: 0.0001670 seconds
15.022: Application time: 0.0001710 seconds
15.024: [GC pause (young) (initial-mark) (to-space exhausted), 0.0028370 secs]
   [Parallel Time: 2.6 ms, GC Workers: 8]
      [GC Worker Start (ms): Min: 15024.1, Avg: 15024.1, Max: 15024.1, Diff: 0.0]
      [Ext Root Scanning (ms): Min: 0.4, Avg: 0.5, Max: 0.6, Diff: 0.2, Sum: 3.9]
      [Code Root Marking (ms): Min: 0.0, Avg: 0.0, Max: 0.1, Diff: 0.1, Sum: 0.1]
      [Update RS (ms): Min: 0.0, Avg: 0.1, Max: 0.5, Diff: 0.5, Sum: 0.6]
         [Processed Buffers: Min: 0, Avg: 0.8, Max: 2, Diff: 2, Sum: 6]
      [Scan RS (ms): Min: 0.0, Avg: 0.0, Max: 0.0, Diff: 0.0, Sum: 0.0]
      [Code Root Scanning (ms): Min: 0.0, Avg: 0.0, Max: 0.0, Diff: 0.0, Sum: 0.0]
      [Object Copy (ms): Min: 1.5, Avg: 2.0, Max: 2.2, Diff: 0.7, Sum: 15.8]
      [Termination (ms): Min: 0.0, Avg: 0.0, Max: 0.0, Diff: 0.0, Sum: 0.1]
      [GC Worker Other (ms): Min: 0.0, Avg: 0.0, Max: 0.0, Diff: 0.0, Sum: 0.0]
      [GC Worker Total (ms): Min: 2.5, Avg: 2.6, Max: 2.6, Diff: 0.0, Sum: 20.5]
      [GC Worker End (ms): Min: 15026.6, Avg: 15026.6, Max: 15026.6, Diff: 0.0]
   [Code Root Fixup: 0.0 ms]
   [Code Root Migration: 0.0 ms]
   [Clear CT: 0.0 ms]
   [Other: 0.2 ms]
      [Choose CSet: 0.0 ms]
      [Ref Proc: 0.1 ms]
      [Ref Enq: 0.0 ms]
      [Free CSet: 0.0 ms]
   [Eden: 10.0M(10.0M)->0.0B(10.0M) Survivors: 2048.0K->2048.0K Heap: 246.5M(256.0M)->250.6M(256.0M)]
 [Times: user=0.02 sys=0.00, real=0.00 secs] 
15.027: [GC concurrent-root-region-scan-start]
15.027: Total time for which application threads were stopped: 0.0045450 seconds, Stopping threads took: 0.0015830 seconds
15.027: [GC concurrent-root-region-scan-end, 0.0000230 secs]
15.027: [GC concurrent-mark-start]
15.027: Application time: 0.0001230 seconds
15.027: [GC pause (young) (to-space exhausted), 0.0008180 secs]
   [Parallel Time: 0.7 ms, GC Workers: 8]
      [GC Worker Start (ms): Min: 15027.4, Avg: 15027.4, Max: 15027.4, Diff: 0.0]
      [Ext Root Scanning (ms): Min: 0.4, Avg: 0.4, Max: 0.4, Diff: 0.1, Sum: 3.2]
      [SATB Filtering (ms): Min: 0.0, Avg: 0.0, Max: 0.0, Diff: 0.0, Sum: 0.0]
      [Update RS (ms): Min: 0.0, Avg: 0.1, Max: 0.2, Diff: 0.2, Sum: 0.5]
         [Processed Buffers: Min: 0, Avg: 1.6, Max: 5, Diff: 5, Sum: 13]
      [Scan RS (ms): Min: 0.0, Avg: 0.0, Max: 0.0, Diff: 0.0, Sum: 0.0]
      [Code Root Scanning (ms): Min: 0.0, Avg: 0.0, Max: 0.0, Diff: 0.0, Sum: 0.0]
      [Object Copy (ms): Min: 0.0, Avg: 0.1, Max: 0.2, Diff: 0.2, Sum: 1.0]
      [Termination (ms): Min: 0.0, Avg: 0.0, Max: 0.0, Diff: 0.0, Sum: 0.1]
      [GC Worker Other (ms): Min: 0.0, Avg: 0.0, Max: 0.0, Diff: 0.0, Sum: 0.0]
      [GC Worker Total (ms): Min: 0.6, Avg: 0.6, Max: 0.6, Diff: 0.0, Sum: 4.9]
      [GC Worker End (ms): Min: 15028.0, Avg: 15028.0, Max: 15028.0, Diff: 0.0]
   [Code Root Fixup: 0.0 ms]
   [Code Root Migration: 0.0 ms]
   [Clear CT: 0.0 ms]
   [Other: 0.1 ms]
      [Choose CSet: 0.0 ms]
      [Ref Proc: 0.1 ms]
      [Ref Enq: 0.0 ms]
      [Free CSet: 0.0 ms]
   [Eden: 2048.0K(10.0M)->0.0B(12.0M) Survivors: 2048.0K->0.0B Heap: 252.6M(256.0M)->252.6M(256.0M)]
 [Times: user=0.01 sys=0.00, real=0.00 secs] 
15.028: Total time for which application threads were stopped: 0.0011430 seconds, Stopping threads took: 0.0002460 seconds
15.028: Application time: 0.0000650 seconds
15.028: [Full GC 252M->248M(256M), 0.0145520 secs]
   [Eden: 0.0B(12.0M)->0.0B(12.0M) Survivors: 0.0B->0.0B Heap: 252.6M(256.0M)->248.2M(256.0M)], [Perm: 5128K->5128K(20480K)]
 [Times: user=0.01 sys=0.00, real=0.01 secs] 
15.043: Total time for which application threads were stopped: 0.0146600 seconds, Stopping threads took: 0.0000320 seconds
15.043: [GC concurrent-mark-abort]
15.047: Application time: 0.0044230 seconds
15.048: [GC pause (young) (to-space exhausted), 0.0014090 secs]
   [Parallel Time: 1.2 ms, GC Workers: 8]
      [GC Worker Start (ms): Min: 15047.6, Avg: 15047.6, Max: 15047.7, Diff: 0.1]
      [Ext Root Scanning (ms): Min: 0.8, Avg: 0.8, Max: 0.9, Diff: 0.1, Sum: 6.7]
      [Update RS (ms): Min: 0.0, Avg: 0.0, Max: 0.1, Diff: 0.1, Sum: 0.1]
         [Processed Buffers: Min: 0, Avg: 0.2, Max: 1, Diff: 1, Sum: 2]
      [Scan RS (ms): Min: 0.0, Avg: 0.0, Max: 0.0, Diff: 0.0, Sum: 0.0]
      [Code Root Scanning (ms): Min: 0.0, Avg: 0.0, Max: 0.0, Diff: 0.0, Sum: 0.0]
      [Object Copy (ms): Min: 0.2, Avg: 0.2, Max: 0.2, Diff: 0.1, Sum: 1.5]
      [Termination (ms): Min: 0.0, Avg: 0.0, Max: 0.0, Diff: 0.0, Sum: 0.2]
      [GC Worker Other (ms): Min: 0.0, Avg: 0.0, Max: 0.0, Diff: 0.0, Sum: 0.0]
      [GC Worker Total (ms): Min: 1.0, Avg: 1.1, Max: 1.1, Diff: 0.1, Sum: 8.5]
      [GC Worker End (ms): Min: 15048.7, Avg: 15048.7, Max: 15048.7, Diff: 0.0]
   [Code Root Fixup: 0.0 ms]
   [Code Root Migration: 0.0 ms]
   [Clear CT: 0.0 ms]
   [Other: 0.2 ms]
      [Choose CSet: 0.0 ms]
      [Ref Proc: 0.1 ms]
      [Ref Enq: 0.0 ms]
      [Free CSet: 0.0 ms]
   [Eden: 4096.0K(12.0M)->0.0B(12.0M) Survivors: 0.0B->0.0B Heap: 252.2M(256.0M)->252.2M(256.0M)]
 [Times: user=0.01 sys=0.00, real=0.00 secs] 
15.049: Total time for which application threads were stopped: 0.0016140 seconds, Stopping threads took: 0.0000980 seconds
15.051: Application time: 0.0023580 seconds
15.051: [Full GC 252M->252M(256M), 0.0118780 secs]
   [Eden: 0.0B(12.0M)->0.0B(12.0M) Survivors: 0.0B->0.0B Heap: 252.2M(256.0M)->252.1M(256.0M)], [Perm: 5128K->5128K(20480K)]
 [Times: user=0.02 sys=0.00, real=0.01 secs] 
15.063: [Full GC 252M->252M(256M), 0.0143080 secs]
   [Eden: 0.0B(12.0M)->0.0B(12.0M) Survivors: 0.0B->0.0B Heap: 252.1M(256.0M)->252.0M(256.0M)], [Perm: 5128K->5128K(20480K)]
 [Times: user=0.02 sys=0.00, real=0.01 secs] 
15.078: Total time for which application threads were stopped: 0.0264030 seconds, Stopping threads took: 0.0000700 seconds
15.079: Application time: 0.0015720 seconds
15.079: [GC pause (young), 0.0017410 secs]
   [Parallel Time: 1.3 ms, GC Workers: 8]
      [GC Worker Start (ms): Min: 15079.5, Avg: 15079.6, Max: 15079.6, Diff: 0.1]
      [Ext Root Scanning (ms): Min: 0.7, Avg: 0.8, Max: 0.9, Diff: 0.1, Sum: 6.6]
      [Update RS (ms): Min: 0.0, Avg: 0.0, Max: 0.0, Diff: 0.0, Sum: 0.0]
         [Processed Buffers: Min: 0, Avg: 0.2, Max: 1, Diff: 1, Sum: 2]
      [Scan RS (ms): Min: 0.0, Avg: 0.0, Max: 0.0, Diff: 0.0, Sum: 0.0]
      [Code Root Scanning (ms): Min: 0.0, Avg: 0.0, Max: 0.0, Diff: 0.0, Sum: 0.0]
      [Object Copy (ms): Min: 0.0, Avg: 0.0, Max: 0.1, Diff: 0.0, Sum: 0.3]
      [Termination (ms): Min: 0.0, Avg: 0.0, Max: 0.0, Diff: 0.0, Sum: 0.2]
      [GC Worker Other (ms): Min: 0.0, Avg: 0.0, Max: 0.0, Diff: 0.0, Sum: 0.0]
      [GC Worker Total (ms): Min: 0.8, Avg: 0.9, Max: 0.9, Diff: 0.1, Sum: 7.1]
      [GC Worker End (ms): Min: 15080.4, Avg: 15080.4, Max: 15080.4, Diff: 0.0]
   [Code Root Fixup: 0.0 ms]
   [Code Root Migration: 0.0 ms]
   [Clear CT: 0.2 ms]
   [Other: 0.3 ms]
      [Choose CSet: 0.0 ms]
      [Ref Proc: 0.3 ms]
      [Ref Enq: 0.0 ms]
      [Free CSet: 0.0 ms]
   [Eden: 0.0B(12.0M)->0.0B(12.0M) Survivors: 0.0B->0.0B Heap: 252.0M(256.0M)->252.0M(256.0M)]
 [Times: user=0.01 sys=0.00, real=0.00 secs] 
15.081: Total time for which application threads were stopped: 0.0019530 seconds, Stopping threads took: 0.0000900 seconds
15.087: Application time: 0.0060710 seconds
15.087: [GC pause (young), 0.0009540 secs]
   [Parallel Time: 0.7 ms, GC Workers: 8]
      [GC Worker Start (ms): Min: 15087.5, Avg: 15087.5, Max: 15087.6, Diff: 0.1]
      [Ext Root Scanning (ms): Min: 0.4, Avg: 0.5, Max: 0.6, Diff: 0.1, Sum: 4.1]
      [Update RS (ms): Min: 0.0, Avg: 0.0, Max: 0.0, Diff: 0.0, Sum: 0.0]
         [Processed Buffers: Min: 0, Avg: 0.1, Max: 1, Diff: 1, Sum: 1]
      [Scan RS (ms): Min: 0.0, Avg: 0.0, Max: 0.0, Diff: 0.0, Sum: 0.0]
      [Code Root Scanning (ms): Min: 0.0, Avg: 0.0, Max: 0.0, Diff: 0.0, Sum: 0.0]
      [Object Copy (ms): Min: 0.0, Avg: 0.0, Max: 0.1, Diff: 0.0, Sum: 0.3]
      [Termination (ms): Min: 0.0, Avg: 0.0, Max: 0.0, Diff: 0.0, Sum: 0.2]
      [GC Worker Other (ms): Min: 0.0, Avg: 0.0, Max: 0.0, Diff: 0.0, Sum: 0.0]
      [GC Worker Total (ms): Min: 0.5, Avg: 0.6, Max: 0.6, Diff: 0.1, Sum: 4.6]
      [GC Worker End (ms): Min: 15088.1, Avg: 15088.1, Max: 15088.1, Diff: 0.0]
   [Code Root Fixup: 0.0 ms]
   [Code Root Migration: 0.0 ms]
   [Clear CT: 0.1 ms]
   [Other: 0.1 ms]
      [Choose CSet: 0.0 ms]
      [Ref Proc: 0.1 ms]
      [Ref Enq: 0.0 ms]
      [Free CSet: 0.0 ms]
   [Eden: 0.0B(12.0M)->0.0B(12.0M) Survivors: 0.0B->0.0B Heap: 252.0M(256.0M)->252.0M(256.0M)]
 [Times: user=0.00 sys=0.00, real=0.00 secs] 
15.088: Total time for which application threads were stopped: 0.0011210 seconds, Stopping threads took: 0.0000600 seconds
15.091: Application time: 0.0028770 seconds
15.091: [Full GC 252M->225M(256M), 0.0092870 secs]
   [Eden: 0.0B(12.0M)->0.0B(12.0M) Survivors: 0.0B->0.0B Heap: 252.0M(256.0M)->225.5M(256.0M)], [Perm: 5128K->5128K(20480K)]
 [Times: user=0.01 sys=0.00, real=0.01 secs] 
15.101: Total time for which application threads were stopped: 0.0094430 seconds, Stopping threads took: 0.0000660 seconds
15.104: Application time: 0.0034630 seconds
15.104: [GC pause (young), 0.0045360 secs]
   [Parallel Time: 4.3 ms, GC Workers: 8]
      [GC Worker Start (ms): Min: 15104.4, Avg: 15104.5, Max: 15104.6, Diff: 0.1]
      [Ext Root Scanning (ms): Min: 0.8, Avg: 0.8, Max: 0.9, Diff: 0.1, Sum: 6.7]
      [Update RS (ms): Min: 0.0, Avg: 0.0, Max: 0.0, Diff: 0.0, Sum: 0.0]
         [Processed Buffers: Min: 0, Avg: 0.1, Max: 1, Diff: 1, Sum: 1]
      [Scan RS (ms): Min: 0.0, Avg: 0.0, Max: 0.0, Diff: 0.0, Sum: 0.0]
      [Code Root Scanning (ms): Min: 0.0, Avg: 0.0, Max: 0.0, Diff: 0.0, Sum: 0.0]
      [Object Copy (ms): Min: 3.3, Avg: 3.3, Max: 3.4, Diff: 0.1, Sum: 26.4]
      [Termination (ms): Min: 0.0, Avg: 0.0, Max: 0.0, Diff: 0.0, Sum: 0.1]
      [GC Worker Other (ms): Min: 0.0, Avg: 0.0, Max: 0.0, Diff: 0.0, Sum: 0.1]
      [GC Worker Total (ms): Min: 4.1, Avg: 4.2, Max: 4.2, Diff: 0.1, Sum: 33.3]
      [GC Worker End (ms): Min: 15108.7, Avg: 15108.7, Max: 15108.7, Diff: 0.0]
   [Code Root Fixup: 0.0 ms]
   [Code Root Migration: 0.0 ms]
   [Clear CT: 0.1 ms]
   [Other: 0.2 ms]
      [Choose CSet: 0.0 ms]
      [Ref Proc: 0.1 ms]
      [Ref Enq: 0.0 ms]
      [Free CSet: 0.0 ms]
   [Eden: 12.0M(12.0M)->0.0B(10.0M) Survivors: 0.0B->2048.0K Heap: 237.5M(256.0M)->237.5M(256.0M)]
 [Times: user=0.03 sys=0.00, real=0.01 secs] 
15.109: Total time for which application threads were stopped: 0.0047530 seconds, Stopping threads took: 0.0000880 seconds
15.111: Application time: 0.0024620 seconds
15.112: [GC pause (young) (initial-mark) (to-space exhausted), 0.0025570 secs]
   [Parallel Time: 2.3 ms, GC Workers: 8]
      [GC Worker Start (ms): Min: 15111.6, Avg: 15111.7, Max: 15111.7, Diff: 0.1]
      [Ext Root Scanning (ms): Min: 0.3, Avg: 0.5, Max: 0.5, Diff: 0.2, Sum: 3.8]
      [Code Root Marking (ms): Min: 0.0, Avg: 0.0, Max: 0.0, Diff: 0.0, Sum: 0.1]
      [Update RS (ms): Min: 0.0, Avg: 0.0, Max: 0.0, Diff: 0.0, Sum: 0.0]
         [Processed Buffers: Min: 0, Avg: 0.2, Max: 1, Diff: 1, Sum: 2]
      [Scan RS (ms): Min: 0.0, Avg: 0.0, Max: 0.0, Diff: 0.0, Sum: 0.0]
      [Code Root Scanning (ms): Min: 0.0, Avg: 0.0, Max: 0.0, Diff: 0.0, Sum: 0.0]
      [Object Copy (ms): Min: 1.7, Avg: 1.8, Max: 1.9, Diff: 0.2, Sum: 14.1]
      [Termination (ms): Min: 0.0, Avg: 0.0, Max: 0.0, Diff: 0.0, Sum: 0.1]
      [GC Worker Other (ms): Min: 0.0, Avg: 0.0, Max: 0.0, Diff: 0.0, Sum: 0.0]
      [GC Worker Total (ms): Min: 2.2, Avg: 2.3, Max: 2.3, Diff: 0.1, Sum: 18.3]
      [GC Worker End (ms): Min: 15113.9, Avg: 15113.9, Max: 15113.9, Diff: 0.0]
   [Code Root Fixup: 0.0 ms]
   [Code Root Migration: 0.0 ms]
   [Clear CT: 0.0 ms]
   [Other: 0.2 ms]
      [Choose CSet: 0.0 ms]
      [Ref Proc: 0.1 ms]
      [Ref Enq: 0.0 ms]
      [Free CSet: 0.0 ms]
   [Eden: 10.0M(10.0M)->0.0B(10.0M) Survivors: 2048.0K->2048.0K Heap: 247.5M(256.0M)->250.5M(256.0M)]
 [Times: user=0.02 sys=0.00, real=0.00 secs] 
15.114: [GC concurrent-root-region-scan-start]
15.114: Total time for which application threads were stopped: 0.0027300 seconds, Stopping threads took: 0.0000670 seconds
15.114: [GC concurrent-root-region-scan-end, 0.0000220 secs]
15.114: [GC concurrent-mark-start]
15.115: Application time: 0.0005250 seconds
15.115: [GC pause (young) (to-space exhausted), 0.0007770 secs]
   [Parallel Time: 0.6 ms, GC Workers: 8]
      [GC Worker Start (ms): Min: 15114.8, Avg: 15114.9, Max: 15114.9, Diff: 0.0]
      [Ext Root Scanning (ms): Min: 0.3, Avg: 0.4, Max: 0.4, Diff: 0.1, Sum: 3.1]
      [SATB Filtering (ms): Min: 0.0, Avg: 0.0, Max: 0.0, Diff: 0.0, Sum: 0.0]
      [Update RS (ms): Min: 0.0, Avg: 0.0, Max: 0.1, Diff: 0.1, Sum: 0.2]
         [Processed Buffers: Min: 0, Avg: 1.4, Max: 4, Diff: 4, Sum: 11]
      [Scan RS (ms): Min: 0.0, Avg: 0.0, Max: 0.0, Diff: 0.0, Sum: 0.0]
      [Code Root Scanning (ms): Min: 0.0, Avg: 0.0, Max: 0.0, Diff: 0.0, Sum: 0.0]
      [Object Copy (ms): Min: 0.1, Avg: 0.2, Max: 0.2, Diff: 0.0, Sum: 1.3]
      [Termination (ms): Min: 0.0, Avg: 0.0, Max: 0.0, Diff: 0.0, Sum: 0.1]
      [GC Worker Other (ms): Min: 0.0, Avg: 0.0, Max: 0.0, Diff: 0.0, Sum: 0.0]
      [GC Worker Total (ms): Min: 0.6, Avg: 0.6, Max: 0.6, Diff: 0.0, Sum: 4.7]
      [GC Worker End (ms): Min: 15115.4, Avg: 15115.4, Max: 15115.4, Diff: 0.0]
   [Code Root Fixup: 0.0 ms]
   [Code Root Migration: 0.0 ms]
   [Clear CT: 0.0 ms]
   [Other: 0.1 ms]
      [Choose CSet: 0.0 ms]
      [Ref Proc: 0.0 ms]
      [Ref Enq: 0.0 ms]
      [Free CSet: 0.0 ms]
   [Eden: 2048.0K(10.0M)->0.0B(12.0M) Survivors: 2048.0K->0.0B Heap: 252.5M(256.0M)->252.5M(256.0M)]
 [Times: user=0.01 sys=0.00, real=0.00 secs] 
15.116: Total time for which application threads were stopped: 0.0008980 seconds, Stopping threads took: 0.0000490 seconds
15.116: Application time: 0.0000360 seconds
15.116: [Full GC 252M->249M(256M), 0.0517110 secs]
   [Eden: 0.0B(12.0M)->0.0B(12.0M) Survivors: 0.0B->0.0B Heap: 252.5M(256.0M)->249.1M(256.0M)], [Perm: 5128K->5128K(20480K)]
 [Times: user=0.05 sys=0.00, real=0.06 secs] 
15.168: Total time for which application threads were stopped: 0.0518070 seconds, Stopping threads took: 0.0000270 seconds
15.168: [GC concurrent-mark-abort]
15.168: Application time: 0.0009570 seconds
15.169: [GC pause (young) (to-space exhausted), 0.0012000 secs]
   [Parallel Time: 1.0 ms, GC Workers: 8]
      [GC Worker Start (ms): Min: 15168.6, Avg: 15168.6, Max: 15168.6, Diff: 0.1]
      [Ext Root Scanning (ms): Min: 0.7, Avg: 0.7, Max: 0.8, Diff: 0.0, Sum: 5.9]
      [Update RS (ms): Min: 0.0, Avg: 0.0, Max: 0.0, Diff: 0.0, Sum: 0.0]
         [Processed Buffers: Min: 0, Avg: 0.2, Max: 1, Diff: 1, Sum: 2]
      [Scan RS (ms): Min: 0.0, Avg: 0.0, Max: 0.0, Diff: 0.0, Sum: 0.0]
      [Code Root Scanning (ms): Min: 0.0, Avg: 0.0, Max: 0.0, Diff: 0.0, Sum: 0.0]
      [Object Copy (ms): Min: 0.1, Avg: 0.1, Max: 0.2, Diff: 0.0, Sum: 1.0]
      [Termination (ms): Min: 0.0, Avg: 0.0, Max: 0.0, Diff: 0.0, Sum: 0.2]
      [GC Worker Other (ms): Min: 0.0, Avg: 0.0, Max: 0.0, Diff: 0.0, Sum: 0.0]
      [GC Worker Total (ms): Min: 0.9, Avg: 0.9, Max: 0.9, Diff: 0.1, Sum: 7.2]
      [GC Worker End (ms): Min: 15169.5, Avg: 15169.5, Max: 15169.5, Diff: 0.0]
   [Code Root Fixup: 0.0 ms]
   [Code Root Migration: 0.0 ms]
   [Clear CT: 0.0 ms]
   [Other: 0.1 ms]
      [Choose CSet: 0.0 ms]
      [Ref Proc: 0.1 ms]
      [Ref Enq: 0.0 ms]
      [Free CSet: 0.0 ms]
   [Eden: 3072.0K(12.0M)->0.0B(12.0M) Survivors: 0.0B->0.0B Heap: 252.1M(256.0M)->252.1M(256.0M)]
 [Times: user=0.01 sys=0.00, real=0.00 secs] 
15.170: Total time for which application threads were stopped: 0.0013190 seconds, Stopping threads took: 0.0000390 seconds
15.170: Application time: 0.0000360 seconds
15.170: [Full GC 252M->252M(256M), 0.0106600 secs]
   [Eden: 0.0B(12.0M)->0.0B(12.0M) Survivors: 0.0B->0.0B Heap: 252.1M(256.0M)->252.1M(256.0M)], [Perm: 5128K->5128K(20480K)]
 [Times: user=0.02 sys=0.00, real=0.01 secs] 
15.181: [Full GC 252M->252M(256M), 0.0094830 secs]
   [Eden: 0.0B(12.0M)->0.0B(12.0M) Survivors: 0.0B->0.0B Heap: 252.1M(256.0M)->252.1M(256.0M)], [Perm: 5128K->5128K(20480K)]
 [Times: user=0.01 sys=0.00, real=0.01 secs] 
15.190: Total time for which application threads were stopped: 0.0202930 seconds, Stopping threads took: 0.0000270 seconds
15.190: Application time: 0.0001000 seconds
15.190: [GC pause (young), 0.0007500 secs]
   [Parallel Time: 0.6 ms, GC Workers: 8]
      [GC Worker Start (ms): Min: 15190.3, Avg: 15190.3, Max: 15190.4, Diff: 0.0]
      [Ext Root Scanning (ms): Min: 0.5, Avg: 0.5, Max: 0.5, Diff: 0.1, Sum: 3.8]
      [Update RS (ms): Min: 0.0, Avg: 0.0, Max: 0.0, Diff: 0.0, Sum: 0.0]
         [Processed Buffers: Min: 0, Avg: 0.1, Max: 1, Diff: 1, Sum: 1]
      [Scan RS (ms): Min: 0.0, Avg: 0.0, Max: 0.0, Diff: 0.0, Sum: 0.0]
      [Code Root Scanning (ms): Min: 0.0, Avg: 0.0, Max: 0.0, Diff: 0.0, Sum: 0.0]
      [Object Copy (ms): Min: 0.0, Avg: 0.0, Max: 0.0, Diff: 0.0, Sum: 0.2]
      [Termination (ms): Min: 0.0, Avg: 0.0, Max: 0.0, Diff: 0.0, Sum: 0.1]
      [GC Worker Other (ms): Min: 0.0, Avg: 0.0, Max: 0.0, Diff: 0.0, Sum: 0.0]
      [GC Worker Total (ms): Min: 0.5, Avg: 0.5, Max: 0.5, Diff: 0.0, Sum: 4.2]
      [GC Worker End (ms): Min: 15190.9, Avg: 15190.9, Max: 15190.9, Diff: 0.0]
   [Code Root Fixup: 0.0 ms]
   [Code Root Migration: 0.0 ms]
   [Clear CT: 0.0 ms]
   [Other: 0.1 ms]
      [Choose CSet: 0.0 ms]
      [Ref Proc: 0.1 ms]
      [Ref Enq: 0.0 ms]
      [Free CSet: 0.0 ms]
   [Eden: 0.0B(12.0M)->0.0B(12.0M) Survivors: 0.0B->0.0B Heap: 252.1M(256.0M)->252.1M(256.0M)]
 [Times: user=0.00 sys=0.01, real=0.00 secs] 
15.191: Total time for which application threads were stopped: 0.0008860 seconds, Stopping threads took: 0.0000480 seconds
15.191: Application time: 0.0000550 seconds
15.191: [Full GC 252M->219M(256M), 0.0560870 secs]
   [Eden: 0.0B(12.0M)->0.0B(12.0M) Survivors: 0.0B->0.0B Heap: 252.1M(256.0M)->219.8M(256.0M)], [Perm: 5128K->5128K(20480K)]
 [Times: user=0.06 sys=0.00, real=0.06 secs] 
15.247: Total time for which application threads were stopped: 0.0561940 seconds, Stopping threads took: 0.0000310 seconds
15.251: Application time: 0.0034630 seconds
15.251: [GC pause (young), 0.0045340 secs]
   [Parallel Time: 4.3 ms, GC Workers: 8]
      [GC Worker Start (ms): Min: 15251.0, Avg: 15251.0, Max: 15251.0, Diff: 0.1]
      [Ext Root Scanning (ms): Min: 0.8, Avg: 0.9, Max: 0.9, Diff: 0.1, Sum: 6.9]
      [Update RS (ms): Min: 0.0, Avg: 0.0, Max: 0.1, Diff: 0.1, Sum: 0.2]
         [Processed Buffers: Min: 0, Avg: 0.4, Max: 1, Diff: 1, Sum: 3]
      [Scan RS (ms): Min: 0.0, Avg: 0.0, Max: 0.0, Diff: 0.0, Sum: 0.0]
      [Code Root Scanning (ms): Min: 0.0, Avg: 0.0, Max: 0.0, Diff: 0.0, Sum: 0.0]
      [Object Copy (ms): Min: 3.2, Avg: 3.2, Max: 3.2, Diff: 0.1, Sum: 25.6]
      [Termination (ms): Min: 0.0, Avg: 0.0, Max: 0.0, Diff: 0.0, Sum: 0.0]
      [GC Worker Other (ms): Min: 0.0, Avg: 0.0, Max: 0.0, Diff: 0.0, Sum: 0.1]
      [GC Worker Total (ms): Min: 4.1, Avg: 4.1, Max: 4.2, Diff: 0.1, Sum: 32.9]
      [GC Worker End (ms): Min: 15255.1, Avg: 15255.1, Max: 15255.1, Diff: 0.0]
   [Code Root Fixup: 0.0 ms]
   [Code Root Migration: 0.0 ms]
   [Clear CT: 0.1 ms]
   [Other: 0.2 ms]
      [Choose CSet: 0.0 ms]
      [Ref Proc: 0.1 ms]
      [Ref Enq: 0.0 ms]
      [Free CSet: 0.0 ms]
   [Eden: 12.0M(12.0M)->0.0B(10.0M) Survivors: 0.0B->2048.0K Heap: 231.8M(256.0M)->231.7M(256.0M)]
 [Times: user=0.02 sys=0.00, real=0.00 secs] 
15.256: Total time for which application threads were stopped: 0.0047230 seconds, Stopping threads took: 0.0000780 seconds
15.258: Application time: 0.0020260 seconds
15.258: [GC pause (young) (initial-mark) (to-space exhausted), 0.0037900 secs]
   [Parallel Time: 3.6 ms, GC Workers: 8]
      [GC Worker Start (ms): Min: 15257.7, Avg: 15257.7, Max: 15257.8, Diff: 0.1]
      [Ext Root Scanning (ms): Min: 0.3, Avg: 0.5, Max: 0.6, Diff: 0.3, Sum: 3.9]
      [Code Root Marking (ms): Min: 0.0, Avg: 0.0, Max: 0.1, Diff: 0.1, Sum: 0.2]
      [Update RS (ms): Min: 0.0, Avg: 0.0, Max: 0.0, Diff: 0.0, Sum: 0.2]
         [Processed Buffers: Min: 0, Avg: 1.2, Max: 3, Diff: 3, Sum: 10]
      [Scan RS (ms): Min: 0.0, Avg: 0.0, Max: 0.0, Diff: 0.0, Sum: 0.0]
      [Code Root Scanning (ms): Min: 0.0, Avg: 0.0, Max: 0.0, Diff: 0.0, Sum: 0.0]
      [Object Copy (ms): Min: 2.9, Avg: 3.0, Max: 3.1, Diff: 0.2, Sum: 23.7]
      [Termination (ms): Min: 0.0, Avg: 0.0, Max: 0.0, Diff: 0.0, Sum: 0.0]
      [GC Worker Other (ms): Min: 0.0, Avg: 0.0, Max: 0.0, Diff: 0.0, Sum: 0.1]
      [GC Worker Total (ms): Min: 3.5, Avg: 3.5, Max: 3.5, Diff: 0.1, Sum: 28.1]
      [GC Worker End (ms): Min: 15261.2, Avg: 15261.2, Max: 15261.2, Diff: 0.0]
   [Code Root Fixup: 0.0 ms]
   [Code Root Migration: 0.0 ms]
   [Clear CT: 0.0 ms]
   [Other: 0.2 ms]
      [Choose CSet: 0.0 ms]
      [Ref Proc: 0.1 ms]
      [Ref Enq: 0.0 ms]
      [Free CSet: 0.0 ms]
   [Eden: 10.0M(10.0M)->0.0B(10.0M) Survivors: 2048.0K->2048.0K Heap: 241.7M(256.0M)->246.8M(256.0M)]
 [Times: user=0.03 sys=0.00, real=0.01 secs] 
15.262: [GC concurrent-root-region-scan-start]
15.262: Total time for which application threads were stopped: 0.0039720 seconds, Stopping threads took: 0.0000590 seconds
15.262: [GC concurrent-root-region-scan-end, 0.0000600 secs]
15.262: [GC concurrent-mark-start]
15.262: Application time: 0.0008870 seconds
15.263: [GC pause (young) (to-space exhausted), 0.0009210 secs]
   [Parallel Time: 0.7 ms, GC Workers: 8]
      [GC Worker Start (ms): Min: 15262.5, Avg: 15262.5, Max: 15262.6, Diff: 0.0]
      [Ext Root Scanning (ms): Min: 0.3, Avg: 0.5, Max: 0.5, Diff: 0.2, Sum: 3.7]
      [SATB Filtering (ms): Min: 0.0, Avg: 0.0, Max: 0.0, Diff: 0.0, Sum: 0.0]
      [Update RS (ms): Min: 0.0, Avg: 0.0, Max: 0.1, Diff: 0.1, Sum: 0.2]
         [Processed Buffers: Min: 0, Avg: 2.0, Max: 7, Diff: 7, Sum: 16]
      [Scan RS (ms): Min: 0.0, Avg: 0.0, Max: 0.0, Diff: 0.0, Sum: 0.0]
      [Code Root Scanning (ms): Min: 0.0, Avg: 0.0, Max: 0.0, Diff: 0.0, Sum: 0.0]
      [Object Copy (ms): Min: 0.2, Avg: 0.2, Max: 0.3, Diff: 0.1, Sum: 1.6]
      [Termination (ms): Min: 0.0, Avg: 0.0, Max: 0.0, Diff: 0.0, Sum: 0.1]
      [GC Worker Other (ms): Min: 0.0, Avg: 0.0, Max: 0.0, Diff: 0.0, Sum: 0.0]
      [GC Worker Total (ms): Min: 0.7, Avg: 0.7, Max: 0.7, Diff: 0.0, Sum: 5.6]
      [GC Worker End (ms): Min: 15263.2, Avg: 15263.2, Max: 15263.2, Diff: 0.0]
   [Code Root Fixup: 0.0 ms]
   [Code Root Migration: 0.0 ms]
   [Clear CT: 0.0 ms]
   [Other: 0.1 ms]
      [Choose CSet: 0.0 ms]
      [Ref Proc: 0.1 ms]
      [Ref Enq: 0.0 ms]
      [Free CSet: 0.0 ms]
   [Eden: 5120.0K(10.0M)->0.0B(12.0M) Survivors: 2048.0K->0.0B Heap: 251.8M(256.0M)->251.8M(256.0M)]
 [Times: user=0.00 sys=0.00, real=0.00 secs] 
15.263: Total time for which application threads were stopped: 0.0010440 seconds, Stopping threads took: 0.0000500 seconds
15.268: Application time: 0.0042330 seconds
15.268: [Full GC 251M->246M(256M), 0.0147990 secs]
   [Eden: 0.0B(12.0M)->0.0B(12.0M) Survivors: 0.0B->0.0B Heap: 251.8M(256.0M)->246.3M(256.0M)], [Perm: 5128K->5128K(20480K)]
 [Times: user=0.02 sys=0.01, real=0.01 secs] 
15.283: Total time for which application threads were stopped: 0.0149350 seconds, Stopping threads took: 0.0000480 seconds
15.283: [GC concurrent-mark-abort]
15.284: Application time: 0.0013020 seconds
15.284: [GC pause (young) (to-space exhausted), 0.0012370 secs]
   [Parallel Time: 1.1 ms, GC Workers: 8]
      [GC Worker Start (ms): Min: 15284.1, Avg: 15284.1, Max: 15284.1, Diff: 0.1]
      [Ext Root Scanning (ms): Min: 0.7, Avg: 0.8, Max: 0.8, Diff: 0.1, Sum: 6.1]
      [Update RS (ms): Min: 0.0, Avg: 0.0, Max: 0.0, Diff: 0.0, Sum: 0.1]
         [Processed Buffers: Min: 0, Avg: 0.5, Max: 2, Diff: 2, Sum: 4]
      [Scan RS (ms): Min: 0.0, Avg: 0.0, Max: 0.0, Diff: 0.0, Sum: 0.0]
      [Code Root Scanning (ms): Min: 0.0, Avg: 0.0, Max: 0.0, Diff: 0.0, Sum: 0.0]
      [Object Copy (ms): Min: 0.1, Avg: 0.2, Max: 0.2, Diff: 0.2, Sum: 1.4]
      [Termination (ms): Min: 0.0, Avg: 0.0, Max: 0.0, Diff: 0.0, Sum: 0.2]
      [GC Worker Other (ms): Min: 0.0, Avg: 0.0, Max: 0.0, Diff: 0.0, Sum: 0.0]
      [GC Worker Total (ms): Min: 0.9, Avg: 1.0, Max: 1.0, Diff: 0.1, Sum: 7.7]
      [GC Worker End (ms): Min: 15285.1, Avg: 15285.1, Max: 15285.1, Diff: 0.0]
   [Code Root Fixup: 0.0 ms]
   [Code Root Migration: 0.0 ms]
   [Clear CT: 0.0 ms]
   [Other: 0.1 ms]
      [Choose CSet: 0.0 ms]
      [Ref Proc: 0.1 ms]
      [Ref Enq: 0.0 ms]
      [Free CSet: 0.0 ms]
   [Eden: 6144.0K(12.0M)->0.0B(12.0M) Survivors: 0.0B->0.0B Heap: 252.3M(256.0M)->252.3M(256.0M)]
 [Times: user=0.01 sys=0.00, real=0.00 secs] 
15.285: Total time for which application threads were stopped: 0.0013580 seconds, Stopping threads took: 0.0000400 seconds
15.285: Application time: 0.0000410 seconds
15.285: [Full GC 252M->252M(256M), 0.0109010 secs]
   [Eden: 0.0B(12.0M)->0.0B(12.0M) Survivors: 0.0B->0.0B Heap: 252.3M(256.0M)->252.2M(256.0M)], [Perm: 5128K->5128K(20480K)]
 [Times: user=0.01 sys=0.00, real=0.01 secs] 
15.296: [Full GC 252M->252M(256M), 0.0094930 secs]
   [Eden: 0.0B(12.0M)->0.0B(12.0M) Survivors: 0.0B->0.0B Heap: 252.2M(256.0M)->252.2M(256.0M)], [Perm: 5128K->5128K(20480K)]
 [Times: user=0.02 sys=0.00, real=0.01 secs] 
15.306: Total time for which application threads were stopped: 0.0205510 seconds, Stopping threads took: 0.0000210 seconds
15.306: Application time: 0.0001050 seconds
15.306: [GC pause (young), 0.0009330 secs]
   [Parallel Time: 0.7 ms, GC Workers: 8]
      [GC Worker Start (ms): Min: 15306.1, Avg: 15306.2, Max: 15306.2, Diff: 0.1]
      [Ext Root Scanning (ms): Min: 0.4, Avg: 0.5, Max: 0.5, Diff: 0.1, Sum: 3.9]
      [Update RS (ms): Min: 0.0, Avg: 0.0, Max: 0.0, Diff: 0.0, Sum: 0.0]
         [Processed Buffers: Min: 0, Avg: 0.1, Max: 1, Diff: 1, Sum: 1]
      [Scan RS (ms): Min: 0.0, Avg: 0.0, Max: 0.0, Diff: 0.0, Sum: 0.0]
      [Code Root Scanning (ms): Min: 0.0, Avg: 0.0, Max: 0.0, Diff: 0.0, Sum: 0.0]
      [Object Copy (ms): Min: 0.0, Avg: 0.0, Max: 0.1, Diff: 0.0, Sum: 0.3]
      [Termination (ms): Min: 0.0, Avg: 0.0, Max: 0.1, Diff: 0.1, Sum: 0.2]
      [GC Worker Other (ms): Min: 0.0, Avg: 0.0, Max: 0.0, Diff: 0.0, Sum: 0.0]
      [GC Worker Total (ms): Min: 0.5, Avg: 0.5, Max: 0.6, Diff: 0.1, Sum: 4.4]
      [GC Worker End (ms): Min: 15306.7, Avg: 15306.7, Max: 15306.8, Diff: 0.0]
   [Code Root Fixup: 0.0 ms]
   [Code Root Migration: 0.0 ms]
   [Clear CT: 0.1 ms]
   [Other: 0.1 ms]
      [Choose CSet: 0.0 ms]
      [Ref Proc: 0.1 ms]
      [Ref Enq: 0.0 ms]
      [Free CSet: 0.0 ms]
   [Eden: 0.0B(12.0M)->0.0B(12.0M) Survivors: 0.0B->0.0B Heap: 252.2M(256.0M)->252.2M(256.0M)]
 [Times: user=0.00 sys=0.00, real=0.00 secs] 
15.307: Total time for which application threads were stopped: 0.0010640 seconds, Stopping threads took: 0.0000410 seconds
15.307: Application time: 0.0000590 seconds
15.307: [GC pause (young), 0.0005970 secs]
   [Parallel Time: 0.4 ms, GC Workers: 8]
      [GC Worker Start (ms): Min: 15307.2, Avg: 15307.2, Max: 15307.2, Diff: 0.0]
      [Ext Root Scanning (ms): Min: 0.3, Avg: 0.3, Max: 0.4, Diff: 0.1, Sum: 2.6]
      [Update RS (ms): Min: 0.0, Avg: 0.0, Max: 0.0, Diff: 0.0, Sum: 0.0]
         [Processed Buffers: Min: 0, Avg: 0.1, Max: 1, Diff: 1, Sum: 1]
      [Scan RS (ms): Min: 0.0, Avg: 0.0, Max: 0.0, Diff: 0.0, Sum: 0.0]
      [Code Root Scanning (ms): Min: 0.0, Avg: 0.0, Max: 0.0, Diff: 0.0, Sum: 0.0]
      [Object Copy (ms): Min: 0.0, Avg: 0.0, Max: 0.0, Diff: 0.0, Sum: 0.2]
      [Termination (ms): Min: 0.0, Avg: 0.0, Max: 0.1, Diff: 0.1, Sum: 0.4]
      [GC Worker Other (ms): Min: 0.0, Avg: 0.0, Max: 0.0, Diff: 0.0, Sum: 0.0]
      [GC Worker Total (ms): Min: 0.4, Avg: 0.4, Max: 0.4, Diff: 0.0, Sum: 3.3]
      [GC Worker End (ms): Min: 15307.6, Avg: 15307.6, Max: 15307.6, Diff: 0.0]
   [Code Root Fixup: 0.0 ms]
   [Code Root Migration: 0.0 ms]
   [Clear CT: 0.1 ms]
   [Other: 0.1 ms]
      [Choose CSet: 0.0 ms]
      [Ref Proc: 0.1 ms]
      [Ref Enq: 0.0 ms]
      [Free CSet: 0.0 ms]
   [Eden: 0.0B(12.0M)->0.0B(12.0M) Survivors: 0.0B->0.0B Heap: 252.2M(256.0M)->252.2M(256.0M)]
 [Times: user=0.01 sys=0.00, real=0.01 secs] 
15.308: Total time for which application threads were stopped: 0.0006910 seconds, Stopping threads took: 0.0000250 seconds
15.308: Application time: 0.0000520 seconds
15.308: [GC pause (young), 0.0005970 secs]
   [Parallel Time: 0.4 ms, GC Workers: 8]
      [GC Worker Start (ms): Min: 15307.9, Avg: 15308.0, Max: 15308.0, Diff: 0.0]
      [Ext Root Scanning (ms): Min: 0.3, Avg: 0.3, Max: 0.3, Diff: 0.1, Sum: 2.5]
      [Update RS (ms): Min: 0.0, Avg: 0.0, Max: 0.0, Diff: 0.0, Sum: 0.0]
         [Processed Buffers: Min: 0, Avg: 0.1, Max: 1, Diff: 1, Sum: 1]
      [Scan RS (ms): Min: 0.0, Avg: 0.0, Max: 0.0, Diff: 0.0, Sum: 0.0]
      [Code Root Scanning (ms): Min: 0.0, Avg: 0.0, Max: 0.0, Diff: 0.0, Sum: 0.0]
      [Object Copy (ms): Min: 0.0, Avg: 0.0, Max: 0.0, Diff: 0.0, Sum: 0.2]
      [Termination (ms): Min: 0.0, Avg: 0.0, Max: 0.1, Diff: 0.1, Sum: 0.4]
      [GC Worker Other (ms): Min: 0.0, Avg: 0.0, Max: 0.0, Diff: 0.0, Sum: 0.0]
      [GC Worker Total (ms): Min: 0.4, Avg: 0.4, Max: 0.4, Diff: 0.0, Sum: 3.1]
      [GC Worker End (ms): Min: 15308.3, Avg: 15308.3, Max: 15308.4, Diff: 0.0]
   [Code Root Fixup: 0.0 ms]
   [Code Root Migration: 0.0 ms]
   [Clear CT: 0.0 ms]
   [Other: 0.1 ms]
      [Choose CSet: 0.0 ms]
      [Ref Proc: 0.1 ms]
      [Ref Enq: 0.0 ms]
      [Free CSet: 0.0 ms]
   [Eden: 0.0B(12.0M)->0.0B(12.0M) Survivors: 0.0B->0.0B Heap: 252.2M(256.0M)->252.2M(256.0M)]
 [Times: user=0.00 sys=0.00, real=0.00 secs] 
15.309: Total time for which application threads were stopped: 0.0007020 seconds, Stopping threads took: 0.0000260 seconds
15.309: Application time: 0.0000380 seconds
15.309: [Full GC 252M->248M(256M), 0.0164240 secs]
   [Eden: 0.0B(12.0M)->0.0B(12.0M) Survivors: 0.0B->0.0B Heap: 252.2M(256.0M)->248.8M(256.0M)], [Perm: 5128K->5128K(20480K)]
 [Times: user=0.02 sys=0.00, real=0.01 secs] 
15.325: Total time for which application threads were stopped: 0.0165280 seconds, Stopping threads took: 0.0000230 seconds
15.326: Application time: 0.0008160 seconds
15.326: [GC pause (young) (to-space exhausted), 0.0011590 secs]
   [Parallel Time: 1.0 ms, GC Workers: 8]
      [GC Worker Start (ms): Min: 15326.1, Avg: 15326.1, Max: 15326.1, Diff: 0.1]
      [Ext Root Scanning (ms): Min: 0.7, Avg: 0.7, Max: 0.8, Diff: 0.1, Sum: 5.8]
      [Update RS (ms): Min: 0.0, Avg: 0.0, Max: 0.0, Diff: 0.0, Sum: 0.1]
         [Processed Buffers: Min: 0, Avg: 0.6, Max: 2, Diff: 2, Sum: 5]
      [Scan RS (ms): Min: 0.0, Avg: 0.0, Max: 0.0, Diff: 0.0, Sum: 0.0]
      [Code Root Scanning (ms): Min: 0.0, Avg: 0.0, Max: 0.0, Diff: 0.0, Sum: 0.0]
      [Object Copy (ms): Min: 0.1, Avg: 0.1, Max: 0.2, Diff: 0.0, Sum: 1.2]
      [Termination (ms): Min: 0.0, Avg: 0.0, Max: 0.0, Diff: 0.0, Sum: 0.1]
      [GC Worker Other (ms): Min: 0.0, Avg: 0.0, Max: 0.0, Diff: 0.0, Sum: 0.0]
      [GC Worker Total (ms): Min: 0.9, Avg: 0.9, Max: 0.9, Diff: 0.1, Sum: 7.2]
      [GC Worker End (ms): Min: 15327.0, Avg: 15327.0, Max: 15327.0, Diff: 0.0]
   [Code Root Fixup: 0.0 ms]
   [Code Root Migration: 0.0 ms]
   [Clear CT: 0.1 ms]
   [Other: 0.1 ms]
      [Choose CSet: 0.0 ms]
      [Ref Proc: 0.1 ms]
      [Ref Enq: 0.0 ms]
      [Free CSet: 0.0 ms]
   [Eden: 3072.0K(12.0M)->0.0B(12.0M) Survivors: 0.0B->0.0B Heap: 251.8M(256.0M)->251.8M(256.0M)]
 [Times: user=0.01 sys=0.00, real=0.00 secs] 
15.327: Total time for which application threads were stopped: 0.0012770 seconds, Stopping threads took: 0.0000470 seconds
15.327: Application time: 0.0000340 seconds
15.327: [GC pause (young), 0.0004720 secs]
   [Parallel Time: 0.4 ms, GC Workers: 8]
      [GC Worker Start (ms): Min: 15327.3, Avg: 15327.4, Max: 15327.4, Diff: 0.0]
      [Ext Root Scanning (ms): Min: 0.2, Avg: 0.3, Max: 0.3, Diff: 0.1, Sum: 2.0]
      [Update RS (ms): Min: 0.0, Avg: 0.0, Max: 0.0, Diff: 0.0, Sum: 0.1]
         [Processed Buffers: Min: 0, Avg: 1.1, Max: 6, Diff: 6, Sum: 9]
      [Scan RS (ms): Min: 0.0, Avg: 0.0, Max: 0.0, Diff: 0.0, Sum: 0.0]
      [Code Root Scanning (ms): Min: 0.0, Avg: 0.0, Max: 0.0, Diff: 0.0, Sum: 0.0]
      [Object Copy (ms): Min: 0.0, Avg: 0.0, Max: 0.0, Diff: 0.0, Sum: 0.2]
      [Termination (ms): Min: 0.0, Avg: 0.0, Max: 0.1, Diff: 0.1, Sum: 0.3]
      [GC Worker Other (ms): Min: 0.0, Avg: 0.0, Max: 0.0, Diff: 0.0, Sum: 0.0]
      [GC Worker Total (ms): Min: 0.3, Avg: 0.3, Max: 0.3, Diff: 0.0, Sum: 2.6]
      [GC Worker End (ms): Min: 15327.7, Avg: 15327.7, Max: 15327.7, Diff: 0.0]
   [Code Root Fixup: 0.0 ms]
   [Code Root Migration: 0.0 ms]
   [Clear CT: 0.0 ms]
   [Other: 0.1 ms]
      [Choose CSet: 0.0 ms]
      [Ref Proc: 0.0 ms]
      [Ref Enq: 0.0 ms]
      [Free CSet: 0.0 ms]
   [Eden: 0.0B(12.0M)->0.0B(12.0M) Survivors: 0.0B->0.0B Heap: 251.8M(256.0M)->251.8M(256.0M)]
 [Times: user=0.00 sys=0.00, real=0.00 secs] 
15.328: Total time for which application threads were stopped: 0.0005520 seconds, Stopping threads took: 0.0000270 seconds
15.328: Application time: 0.0000320 seconds
15.328: [Full GC 251M->251M(256M), 0.0521710 secs]
   [Eden: 0.0B(12.0M)->0.0B(12.0M) Survivors: 0.0B->0.0B Heap: 251.8M(256.0M)->251.6M(256.0M)], [Perm: 5128K->5128K(20480K)]
 [Times: user=0.06 sys=0.00, real=0.05 secs] 
15.380: [Full GC 251M->251M(256M), 0.0090770 secs]
   [Eden: 0.0B(12.0M)->0.0B(12.0M) Survivors: 0.0B->0.0B Heap: 251.6M(256.0M)->251.6M(256.0M)], [Perm: 5128K->5128K(20480K)]
 [Times: user=0.01 sys=0.00, real=0.01 secs] 
15.389: Total time for which application threads were stopped: 0.0613830 seconds, Stopping threads took: 0.0000140 seconds
15.389: Application time: 0.0001000 seconds
15.389: [GC pause (young), 0.0009290 secs]
   [Parallel Time: 0.7 ms, GC Workers: 8]
      [GC Worker Start (ms): Min: 15389.4, Avg: 15389.5, Max: 15389.5, Diff: 0.1]
      [Ext Root Scanning (ms): Min: 0.4, Avg: 0.4, Max: 0.5, Diff: 0.1, Sum: 3.6]
      [Update RS (ms): Min: 0.0, Avg: 0.0, Max: 0.0, Diff: 0.0, Sum: 0.0]
         [Processed Buffers: Min: 0, Avg: 0.0, Max: 0, Diff: 0, Sum: 0]
      [Scan RS (ms): Min: 0.0, Avg: 0.0, Max: 0.0, Diff: 0.0, Sum: 0.0]
      [Code Root Scanning (ms): Min: 0.0, Avg: 0.0, Max: 0.0, Diff: 0.0, Sum: 0.0]
      [Object Copy (ms): Min: 0.0, Avg: 0.0, Max: 0.0, Diff: 0.0, Sum: 0.2]
      [Termination (ms): Min: 0.0, Avg: 0.0, Max: 0.0, Diff: 0.0, Sum: 0.2]
      [GC Worker Other (ms): Min: 0.0, Avg: 0.0, Max: 0.0, Diff: 0.0, Sum: 0.0]
      [GC Worker Total (ms): Min: 0.5, Avg: 0.5, Max: 0.5, Diff: 0.1, Sum: 4.0]
      [GC Worker End (ms): Min: 15390.0, Avg: 15390.0, Max: 15390.0, Diff: 0.0]
   [Code Root Fixup: 0.0 ms]
   [Code Root Migration: 0.0 ms]
   [Clear CT: 0.1 ms]
   [Other: 0.2 ms]
      [Choose CSet: 0.0 ms]
      [Ref Proc: 0.2 ms]
      [Ref Enq: 0.0 ms]
      [Free CSet: 0.0 ms]
   [Eden: 0.0B(12.0M)->0.0B(12.0M) Survivors: 0.0B->0.0B Heap: 251.6M(256.0M)->251.6M(256.0M)]
 [Times: user=0.01 sys=0.00, real=0.00 secs] 
15.390: Total time for which application threads were stopped: 0.0010190 seconds, Stopping threads took: 0.0000290 seconds
15.390: Application time: 0.0000500 seconds
15.390: [GC pause (young), 0.0004670 secs]
   [Parallel Time: 0.4 ms, GC Workers: 8]
      [GC Worker Start (ms): Min: 15390.5, Avg: 15390.5, Max: 15390.5, Diff: 0.0]
      [Ext Root Scanning (ms): Min: 0.2, Avg: 0.2, Max: 0.3, Diff: 0.1, Sum: 1.9]
      [Update RS (ms): Min: 0.0, Avg: 0.0, Max: 0.0, Diff: 0.0, Sum: 0.0]
         [Processed Buffers: Min: 0, Avg: 0.1, Max: 1, Diff: 1, Sum: 1]
      [Scan RS (ms): Min: 0.0, Avg: 0.0, Max: 0.0, Diff: 0.0, Sum: 0.0]
      [Code Root Scanning (ms): Min: 0.0, Avg: 0.0, Max: 0.0, Diff: 0.0, Sum: 0.0]
      [Object Copy (ms): Min: 0.0, Avg: 0.0, Max: 0.0, Diff: 0.0, Sum: 0.2]
      [Termination (ms): Min: 0.0, Avg: 0.0, Max: 0.1, Diff: 0.1, Sum: 0.4]
      [GC Worker Other (ms): Min: 0.0, Avg: 0.0, Max: 0.0, Diff: 0.0, Sum: 0.0]
      [GC Worker Total (ms): Min: 0.3, Avg: 0.3, Max: 0.3, Diff: 0.0, Sum: 2.5]
      [GC Worker End (ms): Min: 15390.8, Avg: 15390.8, Max: 15390.8, Diff: 0.0]
   [Code Root Fixup: 0.0 ms]
   [Code Root Migration: 0.0 ms]
   [Clear CT: 0.0 ms]
   [Other: 0.1 ms]
      [Choose CSet: 0.0 ms]
      [Ref Proc: 0.1 ms]
      [Ref Enq: 0.0 ms]
      [Free CSet: 0.0 ms]
   [Eden: 0.0B(12.0M)->0.0B(12.0M) Survivors: 0.0B->0.0B Heap: 251.6M(256.0M)->251.6M(256.0M)]
 [Times: user=0.00 sys=0.00, real=0.00 secs] 
15.391: Total time for which application threads were stopped: 0.0005350 seconds, Stopping threads took: 0.0000140 seconds
15.391: Application time: 0.0000270 seconds
15.391: [Full GC 251M->217M(256M), 0.0552650 secs]
   [Eden: 0.0B(12.0M)->0.0B(12.0M) Survivors: 0.0B->0.0B Heap: 251.6M(256.0M)->217.5M(256.0M)], [Perm: 5128K->5128K(20480K)]
 [Times: user=0.06 sys=0.00, real=0.05 secs] 
15.446: Total time for which application threads were stopped: 0.0553420 seconds, Stopping threads took: 0.0000120 seconds
15.449: Application time: 0.0022450 seconds
15.449: [GC pause (young), 0.0043860 secs]
   [Parallel Time: 4.2 ms, GC Workers: 8]
      [GC Worker Start (ms): Min: 15448.7, Avg: 15448.7, Max: 15448.7, Diff: 0.1]
      [Ext Root Scanning (ms): Min: 0.8, Avg: 0.8, Max: 0.8, Diff: 0.1, Sum: 6.5]
      [Update RS (ms): Min: 0.0, Avg: 0.1, Max: 0.7, Diff: 0.7, Sum: 0.9]
         [Processed Buffers: Min: 0, Avg: 0.8, Max: 2, Diff: 2, Sum: 6]
      [Scan RS (ms): Min: 0.0, Avg: 0.0, Max: 0.0, Diff: 0.0, Sum: 0.0]
      [Code Root Scanning (ms): Min: 0.0, Avg: 0.0, Max: 0.0, Diff: 0.0, Sum: 0.0]
      [Object Copy (ms): Min: 2.6, Avg: 3.2, Max: 3.3, Diff: 0.7, Sum: 25.4]
      [Termination (ms): Min: 0.0, Avg: 0.0, Max: 0.0, Diff: 0.0, Sum: 0.0]
      [GC Worker Other (ms): Min: 0.0, Avg: 0.0, Max: 0.0, Diff: 0.0, Sum: 0.1]
      [GC Worker Total (ms): Min: 4.1, Avg: 4.1, Max: 4.1, Diff: 0.1, Sum: 32.9]
      [GC Worker End (ms): Min: 15452.8, Avg: 15452.8, Max: 15452.8, Diff: 0.0]
   [Code Root Fixup: 0.0 ms]
   [Code Root Migration: 0.0 ms]
   [Clear CT: 0.1 ms]
   [Other: 0.1 ms]
      [Choose CSet: 0.0 ms]
      [Ref Proc: 0.1 ms]
      [Ref Enq: 0.0 ms]
      [Free CSet: 0.0 ms]
   [Eden: 12.0M(12.0M)->0.0B(10.0M) Survivors: 0.0B->2048.0K Heap: 229.5M(256.0M)->229.6M(256.0M)]
 [Times: user=0.03 sys=0.00, real=0.00 secs] 
15.453: Total time for which application threads were stopped: 0.0045380 seconds, Stopping threads took: 0.0000330 seconds
15.455: Application time: 0.0015650 seconds
15.455: [GC pause (young) (initial-mark), 0.0042250 secs]
   [Parallel Time: 4.1 ms, GC Workers: 8]
      [GC Worker Start (ms): Min: 15454.8, Avg: 15454.8, Max: 15454.8, Diff: 0.0]
      [Ext Root Scanning (ms): Min: 0.4, Avg: 0.5, Max: 0.6, Diff: 0.2, Sum: 3.9]
      [Code Root Marking (ms): Min: 0.0, Avg: 0.0, Max: 0.1, Diff: 0.1, Sum: 0.2]
      [Update RS (ms): Min: 0.0, Avg: 0.1, Max: 0.5, Diff: 0.5, Sum: 0.7]
         [Processed Buffers: Min: 0, Avg: 1.4, Max: 3, Diff: 3, Sum: 11]
      [Scan RS (ms): Min: 0.0, Avg: 0.0, Max: 0.0, Diff: 0.0, Sum: 0.0]
      [Code Root Scanning (ms): Min: 0.0, Avg: 0.0, Max: 0.0, Diff: 0.0, Sum: 0.0]
      [Object Copy (ms): Min: 2.9, Avg: 3.4, Max: 3.5, Diff: 0.6, Sum: 26.9]
      [Termination (ms): Min: 0.0, Avg: 0.0, Max: 0.0, Diff: 0.0, Sum: 0.0]
      [GC Worker Other (ms): Min: 0.0, Avg: 0.0, Max: 0.0, Diff: 0.0, Sum: 0.1]
      [GC Worker Total (ms): Min: 4.0, Avg: 4.0, Max: 4.0, Diff: 0.1, Sum: 31.9]
      [GC Worker End (ms): Min: 15458.8, Avg: 15458.8, Max: 15458.8, Diff: 0.0]
   [Code Root Fixup: 0.0 ms]
   [Code Root Migration: 0.0 ms]
   [Clear CT: 0.0 ms]
   [Other: 0.1 ms]
      [Choose CSet: 0.0 ms]
      [Ref Proc: 0.1 ms]
      [Ref Enq: 0.0 ms]
      [Free CSet: 0.0 ms]
   [Eden: 10.0M(10.0M)->0.0B(10.0M) Survivors: 2048.0K->2048.0K Heap: 239.6M(256.0M)->239.6M(256.0M)]
 [Times: user=0.03 sys=0.00, real=0.00 secs] 
15.459: [GC concurrent-root-region-scan-start]
15.459: Total time for which application threads were stopped: 0.0043510 seconds, Stopping threads took: 0.0000130 seconds
15.459: [GC concurrent-root-region-scan-end, 0.0000500 secs]
15.459: [GC concurrent-mark-start]
15.461: Application time: 0.0016690 seconds
15.461: [GC pause (young) (to-space exhausted), 0.0017880 secs]
   [Parallel Time: 1.6 ms, GC Workers: 8]
      [GC Worker Start (ms): Min: 15460.8, Avg: 15460.8, Max: 15460.8, Diff: 0.0]
      [Ext Root Scanning (ms): Min: 0.4, Avg: 0.5, Max: 0.5, Diff: 0.1, Sum: 3.9]
      [SATB Filtering (ms): Min: 0.0, Avg: 0.0, Max: 0.0, Diff: 0.0, Sum: 0.0]
      [Update RS (ms): Min: 0.0, Avg: 0.1, Max: 0.8, Diff: 0.8, Sum: 1.1]
         [Processed Buffers: Min: 0, Avg: 1.8, Max: 3, Diff: 3, Sum: 14]
      [Scan RS (ms): Min: 0.0, Avg: 0.0, Max: 0.0, Diff: 0.0, Sum: 0.0]
      [Code Root Scanning (ms): Min: 0.0, Avg: 0.0, Max: 0.0, Diff: 0.0, Sum: 0.0]
      [Object Copy (ms): Min: 0.2, Avg: 0.9, Max: 1.0, Diff: 0.8, Sum: 7.3]
      [Termination (ms): Min: 0.0, Avg: 0.0, Max: 0.0, Diff: 0.0, Sum: 0.1]
      [GC Worker Other (ms): Min: 0.0, Avg: 0.0, Max: 0.0, Diff: 0.0, Sum: 0.0]
      [GC Worker Total (ms): Min: 1.5, Avg: 1.5, Max: 1.6, Diff: 0.0, Sum: 12.4]
      [GC Worker End (ms): Min: 15462.3, Avg: 15462.3, Max: 15462.3, Diff: 0.0]
   [Code Root Fixup: 0.0 ms]
   [Code Root Migration: 0.0 ms]
   [Clear CT: 0.0 ms]
   [Other: 0.1 ms]
      [Choose CSet: 0.0 ms]
      [Ref Proc: 0.1 ms]
      [Ref Enq: 0.0 ms]
      [Free CSet: 0.0 ms]
   [Eden: 10.0M(10.0M)->0.0B(10.0M) Survivors: 2048.0K->2048.0K Heap: 249.6M(256.0M)->252.5M(256.0M)]
 [Times: user=0.01 sys=0.00, real=0.00 secs] 
15.463: Total time for which application threads were stopped: 0.0019010 seconds, Stopping threads took: 0.0000130 seconds
15.463: Application time: 0.0000330 seconds
15.463: [Full GC 252M->248M(256M), 0.0202110 secs]
   [Eden: 0.0B(10.0M)->0.0B(12.0M) Survivors: 2048.0K->0.0B Heap: 252.5M(256.0M)->249.0M(256.0M)], [Perm: 5129K->5129K(20480K)]
 [Times: user=0.03 sys=0.00, real=0.02 secs] 
15.483: Total time for which application threads were stopped: 0.0202830 seconds, Stopping threads took: 0.0000050 seconds
15.483: [GC concurrent-mark-abort]
15.483: Application time: 0.0004850 seconds
15.483: [GC pause (young) (to-space exhausted), 0.0011210 secs]
   [Parallel Time: 1.0 ms, GC Workers: 8]
      [GC Worker Start (ms): Min: 15483.5, Avg: 15483.5, Max: 15483.5, Diff: 0.1]
      [Ext Root Scanning (ms): Min: 0.7, Avg: 0.7, Max: 0.8, Diff: 0.1, Sum: 5.8]
      [Update RS (ms): Min: 0.0, Avg: 0.0, Max: 0.1, Diff: 0.1, Sum: 0.1]
         [Processed Buffers: Min: 0, Avg: 0.8, Max: 2, Diff: 2, Sum: 6]
      [Scan RS (ms): Min: 0.0, Avg: 0.0, Max: 0.0, Diff: 0.0, Sum: 0.0]
      [Code Root Scanning (ms): Min: 0.0, Avg: 0.0, Max: 0.0, Diff: 0.0, Sum: 0.0]
      [Object Copy (ms): Min: 0.1, Avg: 0.1, Max: 0.2, Diff: 0.1, Sum: 1.1]
      [Termination (ms): Min: 0.0, Avg: 0.0, Max: 0.0, Diff: 0.0, Sum: 0.1]
      [GC Worker Other (ms): Min: 0.0, Avg: 0.0, Max: 0.0, Diff: 0.0, Sum: 0.0]
      [GC Worker Total (ms): Min: 0.9, Avg: 0.9, Max: 0.9, Diff: 0.1, Sum: 7.1]
      [GC Worker End (ms): Min: 15484.4, Avg: 15484.4, Max: 15484.4, Diff: 0.0]
   [Code Root Fixup: 0.0 ms]
   [Code Root Migration: 0.0 ms]
   [Clear CT: 0.0 ms]
   [Other: 0.1 ms]
      [Choose CSet: 0.0 ms]
      [Ref Proc: 0.1 ms]
      [Ref Enq: 0.0 ms]
      [Free CSet: 0.0 ms]
   [Eden: 3072.0K(12.0M)->0.0B(12.0M) Survivors: 0.0B->0.0B Heap: 252.0M(256.0M)->252.0M(256.0M)]
 [Times: user=0.01 sys=0.00, real=0.00 secs] 
15.485: Total time for which application threads were stopped: 0.0012120 seconds, Stopping threads took: 0.0000110 seconds
15.485: Application time: 0.0000410 seconds
15.485: [Full GC 251M->251M(256M), 0.0100110 secs]
   [Eden: 0.0B(12.0M)->0.0B(12.0M) Survivors: 0.0B->0.0B Heap: 252.0M(256.0M)->251.9M(256.0M)], [Perm: 5129K->5129K(20480K)]
 [Times: user=0.02 sys=0.00, real=0.01 secs] 
15.495: [Full GC 251M->251M(256M), 0.0115780 secs]
   [Eden: 0.0B(12.0M)->0.0B(12.0M) Survivors: 0.0B->0.0B Heap: 251.9M(256.0M)->251.9M(256.0M)], [Perm: 5129K->5129K(20480K)]
 [Times: user=0.01 sys=0.00, real=0.01 secs] 
15.506: Total time for which application threads were stopped: 0.0217280 seconds, Stopping threads took: 0.0000040 seconds
15.506: Application time: 0.0000890 seconds
15.507: [GC pause (young), 0.0010390 secs]
   [Parallel Time: 0.7 ms, GC Workers: 8]
      [GC Worker Start (ms): Min: 15506.5, Avg: 15506.6, Max: 15506.6, Diff: 0.1]
      [Ext Root Scanning (ms): Min: 0.5, Avg: 0.5, Max: 0.5, Diff: 0.1, Sum: 4.0]
      [Update RS (ms): Min: 0.0, Avg: 0.0, Max: 0.0, Diff: 0.0, Sum: 0.0]
         [Processed Buffers: Min: 0, Avg: 0.0, Max: 0, Diff: 0, Sum: 0]
      [Scan RS (ms): Min: 0.0, Avg: 0.0, Max: 0.0, Diff: 0.0, Sum: 0.0]
      [Code Root Scanning (ms): Min: 0.0, Avg: 0.0, Max: 0.0, Diff: 0.0, Sum: 0.0]
      [Object Copy (ms): Min: 0.0, Avg: 0.0, Max: 0.0, Diff: 0.0, Sum: 0.3]
      [Termination (ms): Min: 0.0, Avg: 0.0, Max: 0.1, Diff: 0.1, Sum: 0.2]
      [GC Worker Other (ms): Min: 0.0, Avg: 0.0, Max: 0.0, Diff: 0.0, Sum: 0.0]
      [GC Worker Total (ms): Min: 0.5, Avg: 0.6, Max: 0.6, Diff: 0.1, Sum: 4.5]
      [GC Worker End (ms): Min: 15507.1, Avg: 15507.1, Max: 15507.2, Diff: 0.0]
   [Code Root Fixup: 0.0 ms]
   [Code Root Migration: 0.0 ms]
   [Clear CT: 0.2 ms]
   [Other: 0.2 ms]
      [Choose CSet: 0.0 ms]
      [Ref Proc: 0.1 ms]
      [Ref Enq: 0.0 ms]
      [Free CSet: 0.0 ms]
   [Eden: 0.0B(12.0M)->0.0B(12.0M) Survivors: 0.0B->0.0B Heap: 251.9M(256.0M)->251.9M(256.0M)]
 [Times: user=0.01 sys=0.00, real=0.01 secs] 
15.508: Total time for which application threads were stopped: 0.0011400 seconds, Stopping threads took: 0.0000070 seconds
15.508: Application time: 0.0000620 seconds
15.508: [GC pause (young), 0.0007170 secs]
   [Parallel Time: 0.5 ms, GC Workers: 8]
      [GC Worker Start (ms): Min: 15507.7, Avg: 15507.8, Max: 15507.8, Diff: 0.0]
      [Ext Root Scanning (ms): Min: 0.3, Avg: 0.3, Max: 0.4, Diff: 0.1, Sum: 2.6]
      [Update RS (ms): Min: 0.0, Avg: 0.0, Max: 0.0, Diff: 0.0, Sum: 0.0]
         [Processed Buffers: Min: 0, Avg: 0.1, Max: 1, Diff: 1, Sum: 1]
      [Scan RS (ms): Min: 0.0, Avg: 0.0, Max: 0.0, Diff: 0.0, Sum: 0.0]
      [Code Root Scanning (ms): Min: 0.0, Avg: 0.0, Max: 0.0, Diff: 0.0, Sum: 0.0]
      [Object Copy (ms): Min: 0.0, Avg: 0.0, Max: 0.0, Diff: 0.0, Sum: 0.2]
      [Termination (ms): Min: 0.0, Avg: 0.1, Max: 0.1, Diff: 0.1, Sum: 0.5]
      [GC Worker Other (ms): Min: 0.0, Avg: 0.0, Max: 0.0, Diff: 0.0, Sum: 0.0]
      [GC Worker Total (ms): Min: 0.4, Avg: 0.4, Max: 0.4, Diff: 0.0, Sum: 3.3]
      [GC Worker End (ms): Min: 15508.2, Avg: 15508.2, Max: 15508.2, Diff: 0.0]
   [Code Root Fixup: 0.0 ms]
   [Code Root Migration: 0.0 ms]
   [Clear CT: 0.1 ms]
   [Other: 0.2 ms]
      [Choose CSet: 0.0 ms]
      [Ref Proc: 0.2 ms]
      [Ref Enq: 0.0 ms]
      [Free CSet: 0.0 ms]
   [Eden: 0.0B(12.0M)->0.0B(12.0M) Survivors: 0.0B->0.0B Heap: 251.9M(256.0M)->251.9M(256.0M)]
 [Times: user=0.00 sys=0.00, real=0.00 secs] 
15.508: Total time for which application threads were stopped: 0.0007960 seconds, Stopping threads took: 0.0000060 seconds
15.509: Application time: 0.0000260 seconds
15.509: [Full GC 251M->206M(256M), 0.0533500 secs]
   [Eden: 0.0B(12.0M)->0.0B(13.0M) Survivors: 0.0B->0.0B Heap: 251.9M(256.0M)->206.7M(256.0M)], [Perm: 5129K->5129K(20480K)]
 [Times: user=0.06 sys=0.00, real=0.05 secs] 
15.562: Total time for which application threads were stopped: 0.0534230 seconds, Stopping threads took: 0.0000050 seconds
15.565: Application time: 0.0029710 seconds
15.565: [GC pause (young), 0.0047570 secs]
   [Parallel Time: 4.5 ms, GC Workers: 8]
      [GC Worker Start (ms): Min: 15565.0, Avg: 15565.2, Max: 15566.0, Diff: 1.0]
      [Ext Root Scanning (ms): Min: 0.0, Avg: 0.7, Max: 0.9, Diff: 0.9, Sum: 5.6]
      [Update RS (ms): Min: 0.0, Avg: 0.1, Max: 0.4, Diff: 0.4, Sum: 1.0]
         [Processed Buffers: Min: 0, Avg: 0.8, Max: 2, Diff: 2, Sum: 6]
      [Scan RS (ms): Min: 0.0, Avg: 0.0, Max: 0.0, Diff: 0.0, Sum: 0.0]
      [Code Root Scanning (ms): Min: 0.0, Avg: 0.0, Max: 0.0, Diff: 0.0, Sum: 0.0]
      [Object Copy (ms): Min: 3.3, Avg: 3.5, Max: 3.6, Diff: 0.3, Sum: 27.8]
      [Termination (ms): Min: 0.0, Avg: 0.0, Max: 0.0, Diff: 0.0, Sum: 0.0]
      [GC Worker Other (ms): Min: 0.0, Avg: 0.0, Max: 0.0, Diff: 0.0, Sum: 0.1]
      [GC Worker Total (ms): Min: 3.5, Avg: 4.3, Max: 4.5, Diff: 1.0, Sum: 34.6]
      [GC Worker End (ms): Min: 15569.5, Avg: 15569.5, Max: 15569.5, Diff: 0.0]
   [Code Root Fixup: 0.0 ms]
   [Code Root Migration: 0.0 ms]
   [Clear CT: 0.1 ms]
   [Other: 0.2 ms]
      [Choose CSet: 0.0 ms]
      [Ref Proc: 0.2 ms]
      [Ref Enq: 0.0 ms]
      [Free CSet: 0.0 ms]
   [Eden: 13.0M(13.0M)->0.0B(10.0M) Survivors: 0.0B->2048.0K Heap: 219.7M(256.0M)->219.7M(256.0M)]
 [Times: user=0.04 sys=0.00, real=0.01 secs] 
15.570: Total time for which application threads were stopped: 0.0048980 seconds, Stopping threads took: 0.0000160 seconds
15.572: Application time: 0.0017140 seconds
15.572: [GC pause (young), 0.0040980 secs]
   [Parallel Time: 3.9 ms, GC Workers: 8]
      [GC Worker Start (ms): Min: 15571.6, Avg: 15571.6, Max: 15571.7, Diff: 0.1]
      [Ext Root Scanning (ms): Min: 0.5, Avg: 0.5, Max: 0.6, Diff: 0.1, Sum: 4.1]
      [Update RS (ms): Min: 0.0, Avg: 0.2, Max: 0.4, Diff: 0.4, Sum: 1.3]
         [Processed Buffers: Min: 0, Avg: 1.5, Max: 5, Diff: 5, Sum: 12]
      [Scan RS (ms): Min: 0.0, Avg: 0.0, Max: 0.0, Diff: 0.0, Sum: 0.0]
      [Code Root Scanning (ms): Min: 0.0, Avg: 0.0, Max: 0.0, Diff: 0.0, Sum: 0.0]
      [Object Copy (ms): Min: 2.9, Avg: 3.2, Max: 3.3, Diff: 0.4, Sum: 25.4]
      [Termination (ms): Min: 0.0, Avg: 0.0, Max: 0.0, Diff: 0.0, Sum: 0.0]
      [GC Worker Other (ms): Min: 0.0, Avg: 0.0, Max: 0.0, Diff: 0.0, Sum: 0.1]
      [GC Worker Total (ms): Min: 3.8, Avg: 3.9, Max: 3.9, Diff: 0.1, Sum: 31.0]
      [GC Worker End (ms): Min: 15575.5, Avg: 15575.5, Max: 15575.5, Diff: 0.0]
   [Code Root Fixup: 0.0 ms]
   [Code Root Migration: 0.0 ms]
   [Clear CT: 0.0 ms]
   [Other: 0.1 ms]
      [Choose CSet: 0.0 ms]
      [Ref Proc: 0.1 ms]
      [Ref Enq: 0.0 ms]
      [Free CSet: 0.0 ms]
   [Eden: 10.0M(10.0M)->0.0B(10.0M) Survivors: 2048.0K->2048.0K Heap: 229.7M(256.0M)->229.7M(256.0M)]
 [Times: user=0.04 sys=0.00, real=0.00 secs] 
15.576: Total time for which application threads were stopped: 0.0042390 seconds, Stopping threads took: 0.0000270 seconds
15.577: Application time: 0.0016910 seconds
15.578: [GC pause (young) (initial-mark), 0.0041980 secs]
   [Parallel Time: 4.0 ms, GC Workers: 8]
      [GC Worker Start (ms): Min: 15577.6, Avg: 15577.6, Max: 15577.6, Diff: 0.1]
      [Ext Root Scanning (ms): Min: 0.4, Avg: 0.5, Max: 0.6, Diff: 0.2, Sum: 3.9]
      [Code Root Marking (ms): Min: 0.0, Avg: 0.0, Max: 0.1, Diff: 0.1, Sum: 0.1]
      [Update RS (ms): Min: 0.0, Avg: 0.2, Max: 0.4, Diff: 0.4, Sum: 1.3]
         [Processed Buffers: Min: 0, Avg: 1.8, Max: 4, Diff: 4, Sum: 14]
      [Scan RS (ms): Min: 0.0, Avg: 0.0, Max: 0.0, Diff: 0.0, Sum: 0.0]
      [Code Root Scanning (ms): Min: 0.0, Avg: 0.0, Max: 0.0, Diff: 0.0, Sum: 0.0]
      [Object Copy (ms): Min: 2.9, Avg: 3.2, Max: 3.5, Diff: 0.5, Sum: 26.0]
      [Termination (ms): Min: 0.0, Avg: 0.1, Max: 0.1, Diff: 0.1, Sum: 0.4]
      [GC Worker Other (ms): Min: 0.0, Avg: 0.0, Max: 0.0, Diff: 0.0, Sum: 0.1]
      [GC Worker Total (ms): Min: 4.0, Avg: 4.0, Max: 4.0, Diff: 0.1, Sum: 31.9]
      [GC Worker End (ms): Min: 15581.6, Avg: 15581.6, Max: 15581.6, Diff: 0.0]
   [Code Root Fixup: 0.0 ms]
   [Code Root Migration: 0.0 ms]
   [Clear CT: 0.0 ms]
   [Other: 0.1 ms]
      [Choose CSet: 0.0 ms]
      [Ref Proc: 0.1 ms]
      [Ref Enq: 0.0 ms]
      [Free CSet: 0.0 ms]
   [Eden: 10.0M(10.0M)->0.0B(10.0M) Survivors: 2048.0K->2048.0K Heap: 239.7M(256.0M)->239.7M(256.0M)]
 [Times: user=0.03 sys=0.00, real=0.01 secs] 
15.582: [GC concurrent-root-region-scan-start]
15.582: Total time for which application threads were stopped: 0.0043500 seconds, Stopping threads took: 0.0000320 seconds
15.582: [GC concurrent-root-region-scan-end, 0.0000810 secs]
15.582: [GC concurrent-mark-start]
15.584: Application time: 0.0021550 seconds
15.584: [GC pause (young) (to-space exhausted), 0.0018570 secs]
   [Parallel Time: 1.7 ms, GC Workers: 8]
      [GC Worker Start (ms): Min: 15584.1, Avg: 15584.4, Max: 15585.5, Diff: 1.4]
      [Ext Root Scanning (ms): Min: 0.0, Avg: 0.4, Max: 0.5, Diff: 0.5, Sum: 2.9]
      [SATB Filtering (ms): Min: 0.0, Avg: 0.0, Max: 0.0, Diff: 0.0, Sum: 0.0]
      [Update RS (ms): Min: 0.0, Avg: 0.1, Max: 0.5, Diff: 0.5, Sum: 0.7]
         [Processed Buffers: Min: 0, Avg: 1.6, Max: 4, Diff: 4, Sum: 13]
      [Scan RS (ms): Min: 0.0, Avg: 0.0, Max: 0.0, Diff: 0.0, Sum: 0.0]
      [Code Root Scanning (ms): Min: 0.0, Avg: 0.0, Max: 0.0, Diff: 0.0, Sum: 0.0]
      [Object Copy (ms): Min: 0.2, Avg: 0.8, Max: 1.1, Diff: 0.9, Sum: 6.5]
      [Termination (ms): Min: 0.0, Avg: 0.0, Max: 0.0, Diff: 0.0, Sum: 0.0]
      [GC Worker Other (ms): Min: 0.0, Avg: 0.0, Max: 0.0, Diff: 0.0, Sum: 0.0]
      [GC Worker Total (ms): Min: 0.2, Avg: 1.3, Max: 1.7, Diff: 1.4, Sum: 10.3]
      [GC Worker End (ms): Min: 15585.7, Avg: 15585.7, Max: 15585.7, Diff: 0.0]
   [Code Root Fixup: 0.0 ms]
   [Code Root Migration: 0.0 ms]
   [Clear CT: 0.0 ms]
   [Other: 0.1 ms]
      [Choose CSet: 0.0 ms]
      [Ref Proc: 0.1 ms]
      [Ref Enq: 0.0 ms]
      [Free CSet: 0.0 ms]
   [Eden: 10.0M(10.0M)->0.0B(10.0M) Survivors: 2048.0K->2048.0K Heap: 249.7M(256.0M)->252.7M(256.0M)]
 [Times: user=0.01 sys=0.00, real=0.00 secs] 
15.586: Total time for which application threads were stopped: 0.0019720 seconds, Stopping threads took: 0.0000100 seconds
15.586: Application time: 0.0000370 seconds
15.586: [GC pause (young) (to-space exhausted), 0.0006570 secs]
   [Parallel Time: 0.5 ms, GC Workers: 8]
      [GC Worker Start (ms): Min: 15586.0, Avg: 15586.1, Max: 15586.4, Diff: 0.4]
      [Ext Root Scanning (ms): Min: 0.0, Avg: 0.2, Max: 0.4, Diff: 0.4, Sum: 2.0]
      [SATB Filtering (ms): Min: 0.0, Avg: 0.0, Max: 0.0, Diff: 0.0, Sum: 0.0]
      [Update RS (ms): Min: 0.0, Avg: 0.0, Max: 0.0, Diff: 0.0, Sum: 0.1]
         [Processed Buffers: Min: 0, Avg: 1.9, Max: 5, Diff: 5, Sum: 15]
      [Scan RS (ms): Min: 0.0, Avg: 0.0, Max: 0.0, Diff: 0.0, Sum: 0.0]
      [Code Root Scanning (ms): Min: 0.0, Avg: 0.0, Max: 0.0, Diff: 0.0, Sum: 0.0]
      [Object Copy (ms): Min: 0.1, Avg: 0.1, Max: 0.1, Diff: 0.1, Sum: 0.7]
      [Termination (ms): Min: 0.0, Avg: 0.0, Max: 0.0, Diff: 0.0, Sum: 0.1]
      [GC Worker Other (ms): Min: 0.0, Avg: 0.0, Max: 0.0, Diff: 0.0, Sum: 0.0]
      [GC Worker Total (ms): Min: 0.1, Avg: 0.4, Max: 0.5, Diff: 0.4, Sum: 2.9]
      [GC Worker End (ms): Min: 15586.5, Avg: 15586.5, Max: 15586.5, Diff: 0.0]
   [Code Root Fixup: 0.0 ms]
   [Code Root Migration: 0.0 ms]
   [Clear CT: 0.0 ms]
   [Other: 0.1 ms]
      [Choose CSet: 0.0 ms]
      [Ref Proc: 0.1 ms]
      [Ref Enq: 0.0 ms]
      [Free CSet: 0.0 ms]
   [Eden: 0.0B(10.0M)->0.0B(12.0M) Survivors: 2048.0K->0.0B Heap: 252.7M(256.0M)->252.7M(256.0M)]
 [Times: user=0.00 sys=0.00, real=0.00 secs] 
15.587: Total time for which application threads were stopped: 0.0007280 seconds, Stopping threads took: 0.0000060 seconds
15.587: Application time: 0.0003410 seconds
15.587: [Full GC 252M->249M(256M), 0.0177980 secs]
   [Eden: 0.0B(12.0M)->0.0B(12.0M) Survivors: 0.0B->0.0B Heap: 252.7M(256.0M)->249.0M(256.0M)], [Perm: 5129K->5129K(20480K)]
 [Times: user=0.03 sys=0.00, real=0.02 secs] 
15.605: Total time for which application threads were stopped: 0.0178700 seconds, Stopping threads took: 0.0000040 seconds
15.605: [GC concurrent-mark-abort]
15.605: Application time: 0.0003950 seconds
15.606: [GC pause (young) (to-space exhausted), 0.0012090 secs]
   [Parallel Time: 1.0 ms, GC Workers: 8]
      [GC Worker Start (ms): Min: 15605.5, Avg: 15605.6, Max: 15605.6, Diff: 0.1]
      [Ext Root Scanning (ms): Min: 0.7, Avg: 0.7, Max: 0.7, Diff: 0.1, Sum: 5.8]
      [Update RS (ms): Min: 0.0, Avg: 0.0, Max: 0.0, Diff: 0.0, Sum: 0.1]
         [Processed Buffers: Min: 0, Avg: 0.8, Max: 2, Diff: 2, Sum: 6]
      [Scan RS (ms): Min: 0.0, Avg: 0.0, Max: 0.0, Diff: 0.0, Sum: 0.0]
      [Code Root Scanning (ms): Min: 0.0, Avg: 0.0, Max: 0.0, Diff: 0.0, Sum: 0.0]
      [Object Copy (ms): Min: 0.1, Avg: 0.1, Max: 0.2, Diff: 0.0, Sum: 1.1]
      [Termination (ms): Min: 0.0, Avg: 0.0, Max: 0.0, Diff: 0.0, Sum: 0.1]
      [GC Worker Other (ms): Min: 0.0, Avg: 0.0, Max: 0.0, Diff: 0.0, Sum: 0.0]
      [GC Worker Total (ms): Min: 0.9, Avg: 0.9, Max: 0.9, Diff: 0.0, Sum: 7.2]
      [GC Worker End (ms): Min: 15606.5, Avg: 15606.5, Max: 15606.5, Diff: 0.0]
   [Code Root Fixup: 0.0 ms]
   [Code Root Migration: 0.0 ms]
   [Clear CT: 0.1 ms]
   [Other: 0.2 ms]
      [Choose CSet: 0.0 ms]
      [Ref Proc: 0.1 ms]
      [Ref Enq: 0.0 ms]
      [Free CSet: 0.0 ms]
   [Eden: 3072.0K(12.0M)->0.0B(12.0M) Survivors: 0.0B->0.0B Heap: 252.0M(256.0M)->252.0M(256.0M)]
 [Times: user=0.01 sys=0.00, real=0.00 secs] 
15.607: Total time for which application threads were stopped: 0.0014450 seconds, Stopping threads took: 0.0001500 seconds
15.607: Application time: 0.0000500 seconds
15.607: [Full GC 252M->251M(256M), 0.0104300 secs]
   [Eden: 0.0B(12.0M)->0.0B(12.0M) Survivors: 0.0B->0.0B Heap: 252.0M(256.0M)->251.9M(256.0M)], [Perm: 5132K->5132K(20480K)]
 [Times: user=0.01 sys=0.00, real=0.01 secs] 
15.617: [Full GC 251M->251M(256M), 0.0170570 secs]
   [Eden: 0.0B(12.0M)->0.0B(12.0M) Survivors: 0.0B->0.0B Heap: 251.9M(256.0M)->251.8M(256.0M)], [Perm: 5132K->5132K(20480K)]
 [Times: user=0.03 sys=0.00, real=0.02 secs] 
15.634: Total time for which application threads were stopped: 0.0276310 seconds, Stopping threads took: 0.0000090 seconds
15.635: Application time: 0.0001170 seconds
15.635: [GC pause (young), 0.0011710 secs]
   [Parallel Time: 1.0 ms, GC Workers: 8]
      [GC Worker Start (ms): Min: 15634.6, Avg: 15634.7, Max: 15634.7, Diff: 0.1]
      [Ext Root Scanning (ms): Min: 0.7, Avg: 0.8, Max: 0.8, Diff: 0.1, Sum: 6.2]
      [Update RS (ms): Min: 0.0, Avg: 0.0, Max: 0.0, Diff: 0.0, Sum: 0.0]
         [Processed Buffers: Min: 0, Avg: 0.1, Max: 1, Diff: 1, Sum: 1]
      [Scan RS (ms): Min: 0.0, Avg: 0.0, Max: 0.0, Diff: 0.0, Sum: 0.0]
      [Code Root Scanning (ms): Min: 0.0, Avg: 0.0, Max: 0.0, Diff: 0.0, Sum: 0.0]
      [Object Copy (ms): Min: 0.0, Avg: 0.0, Max: 0.1, Diff: 0.0, Sum: 0.3]
      [Termination (ms): Min: 0.0, Avg: 0.0, Max: 0.0, Diff: 0.0, Sum: 0.2]
      [GC Worker Other (ms): Min: 0.0, Avg: 0.0, Max: 0.0, Diff: 0.0, Sum: 0.0]
      [GC Worker Total (ms): Min: 0.8, Avg: 0.8, Max: 0.9, Diff: 0.1, Sum: 6.7]
      [GC Worker End (ms): Min: 15635.5, Avg: 15635.5, Max: 15635.5, Diff: 0.0]
   [Code Root Fixup: 0.0 ms]
   [Code Root Migration: 0.0 ms]
   [Clear CT: 0.1 ms]
   [Other: 0.1 ms]
      [Choose CSet: 0.0 ms]
      [Ref Proc: 0.1 ms]
      [Ref Enq: 0.0 ms]
      [Free CSet: 0.0 ms]
   [Eden: 0.0B(12.0M)->0.0B(12.0M) Survivors: 0.0B->0.0B Heap: 251.8M(256.0M)->251.8M(256.0M)]
 [Times: user=0.01 sys=0.00, real=0.00 secs] 
15.636: Total time for which application threads were stopped: 0.0012660 seconds, Stopping threads took: 0.0000110 seconds
15.636: Application time: 0.0000270 seconds
15.636: [GC pause (young), 0.0004870 secs]
   [Parallel Time: 0.4 ms, GC Workers: 8]
      [GC Worker Start (ms): Min: 15635.9, Avg: 15635.9, Max: 15635.9, Diff: 0.0]
      [Ext Root Scanning (ms): Min: 0.2, Avg: 0.2, Max: 0.3, Diff: 0.1, Sum: 2.0]
      [Update RS (ms): Min: 0.0, Avg: 0.0, Max: 0.0, Diff: 0.0, Sum: 0.0]
         [Processed Buffers: Min: 0, Avg: 0.1, Max: 1, Diff: 1, Sum: 1]
      [Scan RS (ms): Min: 0.0, Avg: 0.0, Max: 0.0, Diff: 0.0, Sum: 0.0]
      [Code Root Scanning (ms): Min: 0.0, Avg: 0.0, Max: 0.0, Diff: 0.0, Sum: 0.0]
      [Object Copy (ms): Min: 0.0, Avg: 0.0, Max: 0.0, Diff: 0.0, Sum: 0.1]
      [Termination (ms): Min: 0.0, Avg: 0.1, Max: 0.1, Diff: 0.1, Sum: 0.4]
      [GC Worker Other (ms): Min: 0.0, Avg: 0.0, Max: 0.0, Diff: 0.0, Sum: 0.0]
      [GC Worker Total (ms): Min: 0.3, Avg: 0.3, Max: 0.3, Diff: 0.0, Sum: 2.6]
      [GC Worker End (ms): Min: 15636.2, Avg: 15636.2, Max: 15636.3, Diff: 0.0]
   [Code Root Fixup: 0.0 ms]
   [Code Root Migration: 0.0 ms]
   [Clear CT: 0.0 ms]
   [Other: 0.1 ms]
      [Choose CSet: 0.0 ms]
      [Ref Proc: 0.1 ms]
      [Ref Enq: 0.0 ms]
      [Free CSet: 0.0 ms]
   [Eden: 0.0B(12.0M)->0.0B(12.0M) Survivors: 0.0B->0.0B Heap: 251.8M(256.0M)->251.8M(256.0M)]
 [Times: user=0.00 sys=0.00, real=0.00 secs] 
15.636: Total time for which application threads were stopped: 0.0005510 seconds, Stopping threads took: 0.0000050 seconds
15.636: Application time: 0.0000450 seconds
15.636: [GC pause (young), 0.0004310 secs]
   [Parallel Time: 0.3 ms, GC Workers: 8]
      [GC Worker Start (ms): Min: 15636.5, Avg: 15636.5, Max: 15636.5, Diff: 0.0]
      [Ext Root Scanning (ms): Min: 0.2, Avg: 0.2, Max: 0.3, Diff: 0.1, Sum: 1.8]
      [Update RS (ms): Min: 0.0, Avg: 0.0, Max: 0.0, Diff: 0.0, Sum: 0.0]
         [Processed Buffers: Min: 0, Avg: 0.2, Max: 2, Diff: 2, Sum: 2]
      [Scan RS (ms): Min: 0.0, Avg: 0.0, Max: 0.0, Diff: 0.0, Sum: 0.0]
      [Code Root Scanning (ms): Min: 0.0, Avg: 0.0, Max: 0.0, Diff: 0.0, Sum: 0.0]
      [Object Copy (ms): Min: 0.0, Avg: 0.0, Max: 0.0, Diff: 0.0, Sum: 0.1]
      [Termination (ms): Min: 0.0, Avg: 0.0, Max: 0.1, Diff: 0.1, Sum: 0.3]
      [GC Worker Other (ms): Min: 0.0, Avg: 0.0, Max: 0.0, Diff: 0.0, Sum: 0.0]
      [GC Worker Total (ms): Min: 0.3, Avg: 0.3, Max: 0.3, Diff: 0.0, Sum: 2.3]
      [GC Worker End (ms): Min: 15636.8, Avg: 15636.8, Max: 15636.8, Diff: 0.0]
   [Code Root Fixup: 0.0 ms]
   [Code Root Migration: 0.0 ms]
   [Clear CT: 0.0 ms]
   [Other: 0.1 ms]
      [Choose CSet: 0.0 ms]
      [Ref Proc: 0.0 ms]
      [Ref Enq: 0.0 ms]
      [Free CSet: 0.0 ms]
   [Eden: 0.0B(12.0M)->0.0B(12.0M) Survivors: 0.0B->0.0B Heap: 251.8M(256.0M)->251.8M(256.0M)]
 [Times: user=0.00 sys=0.00, real=0.00 secs] 
15.637: Total time for which application threads were stopped: 0.0004970 seconds, Stopping threads took: 0.0000040 seconds
15.637: Application time: 0.0000250 seconds
15.637: [GC pause (young), 0.0004180 secs]
   [Parallel Time: 0.3 ms, GC Workers: 8]
      [GC Worker Start (ms): Min: 15637.0, Avg: 15637.0, Max: 15637.0, Diff: 0.0]
      [Ext Root Scanning (ms): Min: 0.2, Avg: 0.2, Max: 0.3, Diff: 0.0, Sum: 1.8]
      [Update RS (ms): Min: 0.0, Avg: 0.0, Max: 0.0, Diff: 0.0, Sum: 0.0]
         [Processed Buffers: Min: 0, Avg: 0.1, Max: 1, Diff: 1, Sum: 1]
      [Scan RS (ms): Min: 0.0, Avg: 0.0, Max: 0.0, Diff: 0.0, Sum: 0.0]
      [Code Root Scanning (ms): Min: 0.0, Avg: 0.0, Max: 0.0, Diff: 0.0, Sum: 0.0]
      [Object Copy (ms): Min: 0.0, Avg: 0.0, Max: 0.0, Diff: 0.0, Sum: 0.1]
      [Termination (ms): Min: 0.0, Avg: 0.0, Max: 0.1, Diff: 0.1, Sum: 0.3]
      [GC Worker Other (ms): Min: 0.0, Avg: 0.0, Max: 0.0, Diff: 0.0, Sum: 0.0]
      [GC Worker Total (ms): Min: 0.3, Avg: 0.3, Max: 0.3, Diff: 0.0, Sum: 2.2]
      [GC Worker End (ms): Min: 15637.3, Avg: 15637.3, Max: 15637.3, Diff: 0.0]
   [Code Root Fixup: 0.0 ms]
   [Code Root Migration: 0.0 ms]
   [Clear CT: 0.0 ms]
   [Other: 0.1 ms]
      [Choose CSet: 0.0 ms]
      [Ref Proc: 0.1 ms]
      [Ref Enq: 0.0 ms]
      [Free CSet: 0.0 ms]
   [Eden: 0.0B(12.0M)->0.0B(12.0M) Survivors: 0.0B->0.0B Heap: 251.8M(256.0M)->251.8M(256.0M)]
 [Times: user=0.00 sys=0.00, real=0.00 secs] 
15.637: Total time for which application threads were stopped: 0.0004720 seconds, Stopping threads took: 0.0000040 seconds
15.637: Application time: 0.0000220 seconds
15.637: [GC pause (young), 0.0004270 secs]
   [Parallel Time: 0.3 ms, GC Workers: 8]
      [GC Worker Start (ms): Min: 15637.5, Avg: 15637.5, Max: 15637.5, Diff: 0.0]
      [Ext Root Scanning (ms): Min: 0.2, Avg: 0.2, Max: 0.3, Diff: 0.1, Sum: 1.8]
      [Update RS (ms): Min: 0.0, Avg: 0.0, Max: 0.0, Diff: 0.0, Sum: 0.0]
         [Processed Buffers: Min: 0, Avg: 0.1, Max: 1, Diff: 1, Sum: 1]
      [Scan RS (ms): Min: 0.0, Avg: 0.0, Max: 0.0, Diff: 0.0, Sum: 0.0]
      [Code Root Scanning (ms): Min: 0.0, Avg: 0.0, Max: 0.0, Diff: 0.0, Sum: 0.0]
      [Object Copy (ms): Min: 0.0, Avg: 0.0, Max: 0.0, Diff: 0.0, Sum: 0.1]
      [Termination (ms): Min: 0.0, Avg: 0.0, Max: 0.1, Diff: 0.1, Sum: 0.2]
      [GC Worker Other (ms): Min: 0.0, Avg: 0.0, Max: 0.0, Diff: 0.0, Sum: 0.0]
      [GC Worker Total (ms): Min: 0.3, Avg: 0.3, Max: 0.3, Diff: 0.0, Sum: 2.2]
      [GC Worker End (ms): Min: 15637.8, Avg: 15637.8, Max: 15637.8, Diff: 0.0]
   [Code Root Fixup: 0.0 ms]
   [Code Root Migration: 0.0 ms]
   [Clear CT: 0.0 ms]
   [Other: 0.1 ms]
      [Choose CSet: 0.0 ms]
      [Ref Proc: 0.1 ms]
      [Ref Enq: 0.0 ms]
      [Free CSet: 0.0 ms]
   [Eden: 0.0B(12.0M)->0.0B(12.0M) Survivors: 0.0B->0.0B Heap: 251.8M(256.0M)->251.8M(256.0M)]
 [Times: user=0.01 sys=0.00, real=0.00 secs] 
15.638: Total time for which application threads were stopped: 0.0004830 seconds, Stopping threads took: 0.0000030 seconds
15.638: Application time: 0.0000220 seconds
15.638: [Full GC 251M->243M(256M), 0.0159810 secs]
   [Eden: 0.0B(12.0M)->0.0B(12.0M) Survivors: 0.0B->0.0B Heap: 251.8M(256.0M)->243.5M(256.0M)], [Perm: 5132K->5132K(20480K)]
 [Times: user=0.02 sys=0.00, real=0.02 secs] 
15.654: Total time for which application threads were stopped: 0.0160500 seconds, Stopping threads took: 0.0000040 seconds
15.656: Application time: 0.0019680 seconds
15.656: [GC pause (young) (to-space exhausted), 0.0014260 secs]
   [Parallel Time: 1.2 ms, GC Workers: 8]
      [GC Worker Start (ms): Min: 15656.1, Avg: 15656.2, Max: 15656.2, Diff: 0.1]
      [Ext Root Scanning (ms): Min: 0.8, Avg: 0.8, Max: 0.8, Diff: 0.1, Sum: 6.4]
      [Update RS (ms): Min: 0.0, Avg: 0.0, Max: 0.0, Diff: 0.0, Sum: 0.1]
         [Processed Buffers: Min: 0, Avg: 0.6, Max: 2, Diff: 2, Sum: 5]
      [Scan RS (ms): Min: 0.0, Avg: 0.0, Max: 0.0, Diff: 0.0, Sum: 0.0]
      [Code Root Scanning (ms): Min: 0.0, Avg: 0.0, Max: 0.0, Diff: 0.0, Sum: 0.0]
      [Object Copy (ms): Min: 0.3, Avg: 0.3, Max: 0.3, Diff: 0.1, Sum: 2.5]
      [Termination (ms): Min: 0.0, Avg: 0.0, Max: 0.0, Diff: 0.0, Sum: 0.1]
      [GC Worker Other (ms): Min: 0.0, Avg: 0.0, Max: 0.0, Diff: 0.0, Sum: 0.0]
      [GC Worker Total (ms): Min: 1.1, Avg: 1.1, Max: 1.2, Diff: 0.1, Sum: 9.2]
      [GC Worker End (ms): Min: 15657.3, Avg: 15657.3, Max: 15657.3, Diff: 0.0]
   [Code Root Fixup: 0.0 ms]
   [Code Root Migration: 0.0 ms]
   [Clear CT: 0.0 ms]
   [Other: 0.1 ms]
      [Choose CSet: 0.0 ms]
      [Ref Proc: 0.1 ms]
      [Ref Enq: 0.0 ms]
      [Free CSet: 0.0 ms]
   [Eden: 8192.0K(12.0M)->0.0B(12.0M) Survivors: 0.0B->0.0B Heap: 251.5M(256.0M)->251.5M(256.0M)]
 [Times: user=0.01 sys=0.00, real=0.00 secs] 
15.658: Total time for which application threads were stopped: 0.0015590 seconds, Stopping threads took: 0.0000340 seconds
15.658: Application time: 0.0000370 seconds
15.658: [Full GC 251M->251M(256M), 0.0547530 secs]
   [Eden: 0.0B(12.0M)->0.0B(12.0M) Survivors: 0.0B->0.0B Heap: 251.5M(256.0M)->251.3M(256.0M)], [Perm: 5133K->5133K(20480K)]
 [Times: user=0.06 sys=0.00, real=0.06 secs] 
15.712: Total time for which application threads were stopped: 0.0548470 seconds, Stopping threads took: 0.0000220 seconds
15.713: Application time: 0.0003000 seconds
15.713: [GC pause (young) (to-space exhausted), 0.0011370 secs]
   [Parallel Time: 0.9 ms, GC Workers: 8]
      [GC Worker Start (ms): Min: 15712.9, Avg: 15712.9, Max: 15712.9, Diff: 0.1]
      [Ext Root Scanning (ms): Min: 0.7, Avg: 0.7, Max: 0.8, Diff: 0.1, Sum: 5.9]
      [Update RS (ms): Min: 0.0, Avg: 0.0, Max: 0.0, Diff: 0.0, Sum: 0.0]
         [Processed Buffers: Min: 0, Avg: 0.4, Max: 1, Diff: 1, Sum: 3]
      [Scan RS (ms): Min: 0.0, Avg: 0.0, Max: 0.0, Diff: 0.0, Sum: 0.0]
      [Code Root Scanning (ms): Min: 0.0, Avg: 0.0, Max: 0.0, Diff: 0.0, Sum: 0.0]
      [Object Copy (ms): Min: 0.1, Avg: 0.1, Max: 0.1, Diff: 0.1, Sum: 0.7]
      [Termination (ms): Min: 0.0, Avg: 0.0, Max: 0.1, Diff: 0.1, Sum: 0.3]
      [GC Worker Other (ms): Min: 0.0, Avg: 0.0, Max: 0.0, Diff: 0.0, Sum: 0.0]
      [GC Worker Total (ms): Min: 0.8, Avg: 0.9, Max: 0.9, Diff: 0.1, Sum: 6.9]
      [GC Worker End (ms): Min: 15713.8, Avg: 15713.8, Max: 15713.8, Diff: 0.0]
   [Code Root Fixup: 0.0 ms]
   [Code Root Migration: 0.0 ms]
   [Clear CT: 0.1 ms]
   [Other: 0.2 ms]
      [Choose CSet: 0.0 ms]
      [Ref Proc: 0.1 ms]
      [Ref Enq: 0.0 ms]
      [Free CSet: 0.0 ms]
   [Eden: 1024.0K(12.0M)->0.0B(12.0M) Survivors: 0.0B->0.0B Heap: 252.3M(256.0M)->252.3M(256.0M)]
 [Times: user=0.01 sys=0.00, real=0.00 secs] 
15.714: Total time for which application threads were stopped: 0.0012870 seconds, Stopping threads took: 0.0000630 seconds
15.714: Application time: 0.0001680 seconds
15.714: [Full GC 252M->252M(256M), 0.0091100 secs]
   [Eden: 0.0B(12.0M)->0.0B(12.0M) Survivors: 0.0B->0.0B Heap: 252.3M(256.0M)->252.3M(256.0M)], [Perm: 5133K->5133K(20480K)]
 [Times: user=0.01 sys=0.00, real=0.01 secs] 
15.723: [Full GC 252M->252M(256M), 0.0087910 secs]
   [Eden: 0.0B(12.0M)->0.0B(12.0M) Survivors: 0.0B->0.0B Heap: 252.3M(256.0M)->252.3M(256.0M)], [Perm: 5133K->5133K(20480K)]
 [Times: user=0.01 sys=0.01, real=0.01 secs] 
15.732: Total time for which application threads were stopped: 0.0180370 seconds, Stopping threads took: 0.0000190 seconds
15.732: Application time: 0.0000350 seconds
15.732: [GC pause (young), 0.0008290 secs]
   [Parallel Time: 0.6 ms, GC Workers: 8]
      [GC Worker Start (ms): Min: 15732.4, Avg: 15732.4, Max: 15732.4, Diff: 0.1]
      [Ext Root Scanning (ms): Min: 0.4, Avg: 0.4, Max: 0.4, Diff: 0.1, Sum: 3.3]
      [Update RS (ms): Min: 0.0, Avg: 0.0, Max: 0.0, Diff: 0.0, Sum: 0.0]
         [Processed Buffers: Min: 0, Avg: 0.0, Max: 0, Diff: 0, Sum: 0]
      [Scan RS (ms): Min: 0.0, Avg: 0.0, Max: 0.0, Diff: 0.0, Sum: 0.0]
      [Code Root Scanning (ms): Min: 0.0, Avg: 0.0, Max: 0.0, Diff: 0.0, Sum: 0.0]
      [Object Copy (ms): Min: 0.0, Avg: 0.0, Max: 0.0, Diff: 0.0, Sum: 0.2]
      [Termination (ms): Min: 0.0, Avg: 0.0, Max: 0.0, Diff: 0.0, Sum: 0.1]
      [GC Worker Other (ms): Min: 0.0, Avg: 0.0, Max: 0.0, Diff: 0.0, Sum: 0.0]
      [GC Worker Total (ms): Min: 0.4, Avg: 0.5, Max: 0.5, Diff: 0.1, Sum: 3.7]
      [GC Worker End (ms): Min: 15732.9, Avg: 15732.9, Max: 15732.9, Diff: 0.0]
   [Code Root Fixup: 0.0 ms]
   [Code Root Migration: 0.0 ms]
   [Clear CT: 0.1 ms]
   [Other: 0.1 ms]
      [Choose CSet: 0.0 ms]
      [Ref Proc: 0.1 ms]
      [Ref Enq: 0.0 ms]
      [Free CSet: 0.0 ms]
   [Eden: 0.0B(12.0M)->0.0B(12.0M) Survivors: 0.0B->0.0B Heap: 252.3M(256.0M)->252.3M(256.0M)]
 [Times: user=0.00 sys=0.00, real=0.00 secs] 
15.733: Total time for which application threads were stopped: 0.0009450 seconds, Stopping threads took: 0.0000460 seconds
15.733: Application time: 0.0000250 seconds
15.733: [Full GC 252M->229M(256M), 0.0208650 secs]
   [Eden: 0.0B(12.0M)->0.0B(12.0M) Survivors: 0.0B->0.0B Heap: 252.3M(256.0M)->229.5M(256.0M)], [Perm: 5133K->5133K(20480K)]
 [Times: user=0.03 sys=0.00, real=0.02 secs] 
15.754: Total time for which application threads were stopped: 0.0209590 seconds, Stopping threads took: 0.0000240 seconds
15.757: Application time: 0.0025220 seconds
15.757: [GC pause (young) (to-space exhausted), 0.0040840 secs]
   [Parallel Time: 3.9 ms, GC Workers: 8]
      [GC Worker Start (ms): Min: 15756.8, Avg: 15756.9, Max: 15757.2, Diff: 0.3]
      [Ext Root Scanning (ms): Min: 0.8, Avg: 0.8, Max: 0.8, Diff: 0.0, Sum: 6.2]
      [Update RS (ms): Min: 0.0, Avg: 0.1, Max: 0.2, Diff: 0.2, Sum: 0.5]
         [Processed Buffers: Min: 0, Avg: 0.4, Max: 1, Diff: 1, Sum: 3]
      [Scan RS (ms): Min: 0.0, Avg: 0.0, Max: 0.0, Diff: 0.0, Sum: 0.0]
      [Code Root Scanning (ms): Min: 0.0, Avg: 0.0, Max: 0.0, Diff: 0.0, Sum: 0.0]
      [Object Copy (ms): Min: 2.7, Avg: 2.9, Max: 3.0, Diff: 0.3, Sum: 23.5]
      [Termination (ms): Min: 0.0, Avg: 0.0, Max: 0.0, Diff: 0.0, Sum: 0.2]
      [GC Worker Other (ms): Min: 0.0, Avg: 0.0, Max: 0.0, Diff: 0.0, Sum: 0.1]
      [GC Worker Total (ms): Min: 3.6, Avg: 3.8, Max: 3.9, Diff: 0.3, Sum: 30.4]
      [GC Worker End (ms): Min: 15760.7, Avg: 15760.7, Max: 15760.7, Diff: 0.0]
   [Code Root Fixup: 0.0 ms]
   [Code Root Migration: 0.0 ms]
   [Clear CT: 0.0 ms]
   [Other: 0.2 ms]
      [Choose CSet: 0.0 ms]
      [Ref Proc: 0.1 ms]
      [Ref Enq: 0.0 ms]
      [Free CSet: 0.0 ms]
   [Eden: 12.0M(12.0M)->0.0B(10.0M) Survivors: 0.0B->2048.0K Heap: 241.5M(256.0M)->244.5M(256.0M)]
 [Times: user=0.03 sys=0.00, real=0.01 secs] 
15.761: Total time for which application threads were stopped: 0.0042390 seconds, Stopping threads took: 0.0000380 seconds
15.763: Application time: 0.0015360 seconds
15.763: [GC pause (young) (initial-mark) (to-space exhausted), 0.0014480 secs]
   [Parallel Time: 1.1 ms, GC Workers: 8]
      [GC Worker Start (ms): Min: 15762.6, Avg: 15762.7, Max: 15763.3, Diff: 0.7]
      [Ext Root Scanning (ms): Min: 0.0, Avg: 0.4, Max: 0.6, Diff: 0.6, Sum: 3.4]
      [Code Root Marking (ms): Min: 0.0, Avg: 0.0, Max: 0.1, Diff: 0.1, Sum: 0.1]
      [Update RS (ms): Min: 0.0, Avg: 0.0, Max: 0.1, Diff: 0.1, Sum: 0.2]
         [Processed Buffers: Min: 0, Avg: 1.4, Max: 3, Diff: 3, Sum: 11]
      [Scan RS (ms): Min: 0.0, Avg: 0.0, Max: 0.0, Diff: 0.0, Sum: 0.0]
      [Code Root Scanning (ms): Min: 0.0, Avg: 0.0, Max: 0.0, Diff: 0.0, Sum: 0.0]
      [Object Copy (ms): Min: 0.3, Avg: 0.4, Max: 0.6, Diff: 0.3, Sum: 3.4]
      [Termination (ms): Min: 0.0, Avg: 0.1, Max: 0.1, Diff: 0.1, Sum: 0.5]
      [GC Worker Other (ms): Min: 0.0, Avg: 0.0, Max: 0.0, Diff: 0.0, Sum: 0.0]
      [GC Worker Total (ms): Min: 0.4, Avg: 1.0, Max: 1.1, Diff: 0.7, Sum: 7.8]
      [GC Worker End (ms): Min: 15763.7, Avg: 15763.7, Max: 15763.7, Diff: 0.0]
   [Code Root Fixup: 0.0 ms]
   [Code Root Migration: 0.0 ms]
   [Clear CT: 0.0 ms]
   [Other: 0.3 ms]
      [Choose CSet: 0.0 ms]
      [Ref Proc: 0.2 ms]
      [Ref Enq: 0.0 ms]
      [Free CSet: 0.0 ms]
   [Eden: 8192.0K(10.0M)->0.0B(12.0M) Survivors: 2048.0K->0.0B Heap: 252.5M(256.0M)->252.5M(256.0M)]
 [Times: user=0.01 sys=0.00, real=0.00 secs] 
15.764: 15.764: [GC concurrent-root-region-scan-start]
15.764: Total time for which application threads were stopped: 0.0015880 seconds, Stopping threads took: 0.0000300 seconds
[GC concurrent-root-region-scan-end, 0.0000040 secs]
15.764: [GC concurrent-mark-start]
15.767: Application time: 0.0032450 seconds
15.767: [Full GC 252M->249M(256M), 0.0532450 secs]
   [Eden: 0.0B(12.0M)->0.0B(12.0M) Survivors: 0.0B->0.0B Heap: 252.5M(256.0M)->249.2M(256.0M)], [Perm: 5133K->5133K(20480K)]
 [Times: user=0.07 sys=0.00, real=0.05 secs] 
15.821: Total time for which application threads were stopped: 0.0533550 seconds, Stopping threads took: 0.0000290 seconds
15.821: [GC concurrent-mark-abort]
15.822: Application time: 0.0007980 seconds
15.822: [GC pause (young) (to-space exhausted), 0.0012440 secs]
   [Parallel Time: 1.0 ms, GC Workers: 8]
      [GC Worker Start (ms): Min: 15821.6, Avg: 15821.6, Max: 15821.7, Diff: 0.1]
      [Ext Root Scanning (ms): Min: 0.7, Avg: 0.7, Max: 0.8, Diff: 0.1, Sum: 6.0]
      [Update RS (ms): Min: 0.0, Avg: 0.0, Max: 0.1, Diff: 0.1, Sum: 0.1]
         [Processed Buffers: Min: 0, Avg: 0.2, Max: 1, Diff: 1, Sum: 2]
      [Scan RS (ms): Min: 0.0, Avg: 0.0, Max: 0.0, Diff: 0.0, Sum: 0.0]
      [Code Root Scanning (ms): Min: 0.0, Avg: 0.0, Max: 0.0, Diff: 0.0, Sum: 0.0]
      [Object Copy (ms): Min: 0.1, Avg: 0.1, Max: 0.2, Diff: 0.1, Sum: 1.1]
      [Termination (ms): Min: 0.0, Avg: 0.0, Max: 0.0, Diff: 0.0, Sum: 0.1]
      [GC Worker Other (ms): Min: 0.0, Avg: 0.0, Max: 0.0, Diff: 0.0, Sum: 0.0]
      [GC Worker Total (ms): Min: 0.9, Avg: 0.9, Max: 0.9, Diff: 0.1, Sum: 7.3]
      [GC Worker End (ms): Min: 15822.5, Avg: 15822.6, Max: 15822.6, Diff: 0.0]
   [Code Root Fixup: 0.0 ms]
   [Code Root Migration: 0.0 ms]
   [Clear CT: 0.1 ms]
   [Other: 0.2 ms]
      [Choose CSet: 0.0 ms]
      [Ref Proc: 0.1 ms]
      [Ref Enq: 0.0 ms]
      [Free CSet: 0.0 ms]
   [Eden: 3072.0K(12.0M)->0.0B(12.0M) Survivors: 0.0B->0.0B Heap: 252.2M(256.0M)->252.2M(256.0M)]
 [Times: user=0.01 sys=0.00, real=0.00 secs] 
15.823: Total time for which application threads were stopped: 0.0013550 seconds, Stopping threads took: 0.0000360 seconds
15.823: Application time: 0.0000330 seconds
15.823: [Full GC 252M->252M(256M), 0.0092260 secs]
   [Eden: 0.0B(12.0M)->0.0B(12.0M) Survivors: 0.0B->0.0B Heap: 252.2M(256.0M)->252.1M(256.0M)], [Perm: 5133K->5133K(20480K)]
 [Times: user=0.01 sys=0.00, real=0.01 secs] 
15.832: [Full GC 252M->252M(256M), 0.0096810 secs]
   [Eden: 0.0B(12.0M)->0.0B(12.0M) Survivors: 0.0B->0.0B Heap: 252.1M(256.0M)->252.1M(256.0M)], [Perm: 5133K->5133K(20480K)]
 [Times: user=0.02 sys=0.00, real=0.01 secs] 
15.842: Total time for which application threads were stopped: 0.0190510 seconds, Stopping threads took: 0.0000250 seconds
15.842: Application time: 0.0000780 seconds
15.842: [GC pause (young), 0.0007700 secs]
   [Parallel Time: 0.6 ms, GC Workers: 8]
      [GC Worker Start (ms): Min: 15842.1, Avg: 15842.2, Max: 15842.2, Diff: 0.1]
      [Ext Root Scanning (ms): Min: 0.4, Avg: 0.4, Max: 0.5, Diff: 0.0, Sum: 3.6]
      [Update RS (ms): Min: 0.0, Avg: 0.0, Max: 0.0, Diff: 0.0, Sum: 0.0]
         [Processed Buffers: Min: 0, Avg: 0.0, Max: 0, Diff: 0, Sum: 0]
      [Scan RS (ms): Min: 0.0, Avg: 0.0, Max: 0.0, Diff: 0.0, Sum: 0.0]
      [Code Root Scanning (ms): Min: 0.0, Avg: 0.0, Max: 0.0, Diff: 0.0, Sum: 0.0]
      [Object Copy (ms): Min: 0.0, Avg: 0.0, Max: 0.1, Diff: 0.0, Sum: 0.2]
      [Termination (ms): Min: 0.0, Avg: 0.0, Max: 0.0, Diff: 0.0, Sum: 0.1]
      [GC Worker Other (ms): Min: 0.0, Avg: 0.0, Max: 0.0, Diff: 0.0, Sum: 0.0]
      [GC Worker Total (ms): Min: 0.5, Avg: 0.5, Max: 0.5, Diff: 0.1, Sum: 3.9]
      [GC Worker End (ms): Min: 15842.7, Avg: 15842.7, Max: 15842.7, Diff: 0.0]
   [Code Root Fixup: 0.0 ms]
   [Code Root Migration: 0.0 ms]
   [Clear CT: 0.1 ms]
   [Other: 0.1 ms]
      [Choose CSet: 0.0 ms]
      [Ref Proc: 0.1 ms]
      [Ref Enq: 0.0 ms]
      [Free CSet: 0.0 ms]
   [Eden: 0.0B(12.0M)->0.0B(12.0M) Survivors: 0.0B->0.0B Heap: 252.1M(256.0M)->252.1M(256.0M)]
 [Times: user=0.00 sys=0.00, real=0.00 secs] 
15.843: Total time for which application threads were stopped: 0.0009330 seconds, Stopping threads took: 0.0000620 seconds
15.843: Application time: 0.0000380 seconds
15.843: [GC pause (young), 0.0006640 secs]
   [Parallel Time: 0.5 ms, GC Workers: 8]
      [GC Worker Start (ms): Min: 15843.1, Avg: 15843.1, Max: 15843.1, Diff: 0.0]
      [Ext Root Scanning (ms): Min: 0.3, Avg: 0.4, Max: 0.4, Diff: 0.1, Sum: 3.0]
      [Update RS (ms): Min: 0.0, Avg: 0.0, Max: 0.0, Diff: 0.0, Sum: 0.0]
         [Processed Buffers: Min: 0, Avg: 0.1, Max: 1, Diff: 1, Sum: 1]
      [Scan RS (ms): Min: 0.0, Avg: 0.0, Max: 0.0, Diff: 0.0, Sum: 0.0]
      [Code Root Scanning (ms): Min: 0.0, Avg: 0.0, Max: 0.0, Diff: 0.0, Sum: 0.0]
      [Object Copy (ms): Min: 0.0, Avg: 0.0, Max: 0.0, Diff: 0.0, Sum: 0.2]
      [Termination (ms): Min: 0.0, Avg: 0.1, Max: 0.1, Diff: 0.1, Sum: 0.4]
      [GC Worker Other (ms): Min: 0.0, Avg: 0.0, Max: 0.0, Diff: 0.0, Sum: 0.0]
      [GC Worker Total (ms): Min: 0.4, Avg: 0.5, Max: 0.5, Diff: 0.0, Sum: 3.7]
      [GC Worker End (ms): Min: 15843.5, Avg: 15843.6, Max: 15843.6, Diff: 0.0]
   [Code Root Fixup: 0.0 ms]
   [Code Root Migration: 0.0 ms]
   [Clear CT: 0.1 ms]
   [Other: 0.1 ms]
      [Choose CSet: 0.0 ms]
      [Ref Proc: 0.1 ms]
      [Ref Enq: 0.0 ms]
      [Free CSet: 0.0 ms]
   [Eden: 0.0B(12.0M)->0.0B(12.0M) Survivors: 0.0B->0.0B Heap: 252.1M(256.0M)->252.1M(256.0M)]
 [Times: user=0.01 sys=0.00, real=0.00 secs] 
15.844: Total time for which application threads were stopped: 0.0007840 seconds, Stopping threads took: 0.0000410 seconds
15.844: Application time: 0.0000390 seconds
15.844: [Full GC 252M->193M(256M), 0.0520000 secs]
   [Eden: 0.0B(12.0M)->0.0B(25.0M) Survivors: 0.0B->0.0B Heap: 252.1M(256.0M)->193.4M(256.0M)], [Perm: 5133K->5133K(20480K)]
 [Times: user=0.05 sys=0.00, real=0.05 secs] 
15.896: Total time for which application threads were stopped: 0.0521030 seconds, Stopping threads took: 0.0000330 seconds
15.912: Application time: 0.0160310 seconds
15.912: [GC pause (young), 0.0078320 secs]
   [Parallel Time: 7.6 ms, GC Workers: 8]
      [GC Worker Start (ms): Min: 15912.2, Avg: 15912.2, Max: 15912.3, Diff: 0.1]
      [Ext Root Scanning (ms): Min: 0.7, Avg: 0.7, Max: 0.8, Diff: 0.1, Sum: 5.7]
      [Update RS (ms): Min: 0.0, Avg: 0.0, Max: 0.0, Diff: 0.0, Sum: 0.0]
         [Processed Buffers: Min: 0, Avg: 0.1, Max: 1, Diff: 1, Sum: 1]
      [Scan RS (ms): Min: 0.0, Avg: 0.0, Max: 0.0, Diff: 0.0, Sum: 0.1]
      [Code Root Scanning (ms): Min: 0.0, Avg: 0.0, Max: 0.0, Diff: 0.0, Sum: 0.0]
      [Object Copy (ms): Min: 6.8, Avg: 6.8, Max: 6.8, Diff: 0.0, Sum: 54.3]
      [Termination (ms): Min: 0.0, Avg: 0.0, Max: 0.0, Diff: 0.0, Sum: 0.0]
      [GC Worker Other (ms): Min: 0.0, Avg: 0.0, Max: 0.0, Diff: 0.0, Sum: 0.1]
      [GC Worker Total (ms): Min: 7.5, Avg: 7.5, Max: 7.6, Diff: 0.1, Sum: 60.2]
      [GC Worker End (ms): Min: 15919.7, Avg: 15919.7, Max: 15919.8, Diff: 0.0]
   [Code Root Fixup: 0.0 ms]
   [Code Root Migration: 0.0 ms]
   [Clear CT: 0.0 ms]
   [Other: 0.1 ms]
      [Choose CSet: 0.0 ms]
      [Ref Proc: 0.1 ms]
      [Ref Enq: 0.0 ms]
      [Free CSet: 0.0 ms]
   [Eden: 25.0M(25.0M)->0.0B(8192.0K) Survivors: 0.0B->4096.0K Heap: 218.4M(256.0M)->218.4M(256.0M)]
 [Times: user=0.06 sys=0.00, real=0.01 secs] 
15.920: Total time for which application threads were stopped: 0.0080710 seconds, Stopping threads took: 0.0001260 seconds
15.945: Application time: 0.0246350 seconds
15.945: [GC pause (young) (initial-mark), 0.0068180 secs]
   [Parallel Time: 6.6 ms, GC Workers: 8]
      [GC Worker Start (ms): Min: 15944.8, Avg: 15944.9, Max: 15944.9, Diff: 0.1]
      [Ext Root Scanning (ms): Min: 0.4, Avg: 1.2, Max: 3.3, Diff: 2.9, Sum: 9.7]
      [Code Root Marking (ms): Min: 0.0, Avg: 0.0, Max: 0.1, Diff: 0.1, Sum: 0.1]
      [Update RS (ms): Min: 0.0, Avg: 0.0, Max: 0.1, Diff: 0.1, Sum: 0.1]
         [Processed Buffers: Min: 0, Avg: 0.8, Max: 2, Diff: 2, Sum: 6]
      [Scan RS (ms): Min: 0.0, Avg: 0.0, Max: 0.0, Diff: 0.0, Sum: 0.0]
      [Code Root Scanning (ms): Min: 0.0, Avg: 0.0, Max: 0.0, Diff: 0.0, Sum: 0.0]
      [Object Copy (ms): Min: 3.3, Avg: 3.4, Max: 3.5, Diff: 0.2, Sum: 27.2]
      [Termination (ms): Min: 0.0, Avg: 1.9, Max: 2.6, Diff: 2.6, Sum: 15.3]
      [GC Worker Other (ms): Min: 0.0, Avg: 0.0, Max: 0.0, Diff: 0.0, Sum: 0.1]
      [GC Worker Total (ms): Min: 6.5, Avg: 6.6, Max: 6.6, Diff: 0.1, Sum: 52.6]
      [GC Worker End (ms): Min: 15951.4, Avg: 15951.4, Max: 15951.4, Diff: 0.0]
   [Code Root Fixup: 0.0 ms]
   [Code Root Migration: 0.0 ms]
   [Clear CT: 0.0 ms]
   [Other: 0.1 ms]
      [Choose CSet: 0.0 ms]
      [Ref Proc: 0.1 ms]
      [Ref Enq: 0.0 ms]
      [Free CSet: 0.0 ms]
   [Eden: 8192.0K(8192.0K)->0.0B(10.0M) Survivors: 4096.0K->2048.0K Heap: 226.4M(256.0M)->226.4M(256.0M)]
 [Times: user=0.05 sys=0.00, real=0.01 secs] 
15.952: [GC concurrent-root-region-scan-start]
15.952: Total time for which application threads were stopped: 0.0069930 seconds, Stopping threads took: 0.0000470 seconds
15.952: [GC concurrent-root-region-scan-end, 0.0000480 secs]
15.952: [GC concurrent-mark-start]
15.958: Application time: 0.0062430 seconds
15.958: [GC pause (young), 0.0042740 secs]
   [Parallel Time: 4.1 ms, GC Workers: 8]
      [GC Worker Start (ms): Min: 15958.1, Avg: 15958.1, Max: 15958.2, Diff: 0.1]
      [Ext Root Scanning (ms): Min: 0.5, Avg: 0.5, Max: 0.6, Diff: 0.1, Sum: 4.1]
      [SATB Filtering (ms): Min: 0.0, Avg: 0.0, Max: 0.0, Diff: 0.0, Sum: 0.0]
      [Update RS (ms): Min: 0.0, Avg: 0.0, Max: 0.2, Diff: 0.2, Sum: 0.3]
         [Processed Buffers: Min: 0, Avg: 1.0, Max: 2, Diff: 2, Sum: 8]
      [Scan RS (ms): Min: 0.0, Avg: 0.0, Max: 0.0, Diff: 0.0, Sum: 0.0]
      [Code Root Scanning (ms): Min: 0.0, Avg: 0.0, Max: 0.0, Diff: 0.0, Sum: 0.0]
      [Object Copy (ms): Min: 3.3, Avg: 3.4, Max: 3.5, Diff: 0.2, Sum: 27.4]
      [Termination (ms): Min: 0.0, Avg: 0.0, Max: 0.0, Diff: 0.0, Sum: 0.1]
      [GC Worker Other (ms): Min: 0.0, Avg: 0.0, Max: 0.0, Diff: 0.0, Sum: 0.1]
      [GC Worker Total (ms): Min: 3.9, Avg: 4.0, Max: 4.0, Diff: 0.1, Sum: 32.0]
      [GC Worker End (ms): Min: 15962.1, Avg: 15962.1, Max: 15962.1, Diff: 0.0]
   [Code Root Fixup: 0.0 ms]
   [Code Root Migration: 0.0 ms]
   [Clear CT: 0.1 ms]
   [Other: 0.2 ms]
      [Choose CSet: 0.0 ms]
      [Ref Proc: 0.1 ms]
      [Ref Enq: 0.0 ms]
      [Free CSet: 0.0 ms]
   [Eden: 10.0M(10.0M)->0.0B(10.0M) Survivors: 2048.0K->2048.0K Heap: 236.4M(256.0M)->236.4M(256.0M)]
 [Times: user=0.03 sys=0.00, real=0.01 secs] 
15.962: Total time for which application threads were stopped: 0.0044820 seconds, Stopping threads took: 0.0000910 seconds
15.969: Application time: 0.0069780 seconds
15.970: [GC pause (young) (to-space exhausted), 0.0027860 secs]
   [Parallel Time: 2.6 ms, GC Workers: 8]
      [GC Worker Start (ms): Min: 15969.6, Avg: 15969.6, Max: 15969.7, Diff: 0.1]
      [Ext Root Scanning (ms): Min: 0.5, Avg: 0.5, Max: 0.6, Diff: 0.2, Sum: 4.0]
      [SATB Filtering (ms): Min: 0.0, Avg: 0.0, Max: 0.0, Diff: 0.0, Sum: 0.0]
      [Update RS (ms): Min: 0.0, Avg: 0.1, Max: 0.7, Diff: 0.7, Sum: 0.9]
         [Processed Buffers: Min: 0, Avg: 1.0, Max: 2, Diff: 2, Sum: 8]
      [Scan RS (ms): Min: 0.0, Avg: 0.0, Max: 0.0, Diff: 0.0, Sum: 0.0]
      [Code Root Scanning (ms): Min: 0.0, Avg: 0.0, Max: 0.0, Diff: 0.0, Sum: 0.0]
      [Object Copy (ms): Min: 1.3, Avg: 1.9, Max: 2.0, Diff: 0.8, Sum: 15.1]
      [Termination (ms): Min: 0.0, Avg: 0.0, Max: 0.0, Diff: 0.0, Sum: 0.1]
      [GC Worker Other (ms): Min: 0.0, Avg: 0.0, Max: 0.0, Diff: 0.0, Sum: 0.1]
      [GC Worker Total (ms): Min: 2.5, Avg: 2.5, Max: 2.6, Diff: 0.1, Sum: 20.2]
      [GC Worker End (ms): Min: 15972.2, Avg: 15972.2, Max: 15972.2, Diff: 0.0]
   [Code Root Fixup: 0.0 ms]
   [Code Root Migration: 0.0 ms]
   [Clear CT: 0.0 ms]
   [Other: 0.1 ms]
      [Choose CSet: 0.0 ms]
      [Ref Proc: 0.1 ms]
      [Ref Enq: 0.0 ms]
      [Free CSet: 0.0 ms]
   [Eden: 10.0M(10.0M)->0.0B(10.0M) Survivors: 2048.0K->2048.0K Heap: 246.4M(256.0M)->248.4M(256.0M)]
 [Times: user=0.02 sys=0.00, real=0.00 secs] 
15.972: Total time for which application threads were stopped: 0.0030290 seconds, Stopping threads took: 0.0001180 seconds
15.975: Application time: 0.0028920 seconds
15.976: [GC pause (young) (to-space exhausted), 0.0009950 secs]
   [Parallel Time: 0.8 ms, GC Workers: 8]
      [GC Worker Start (ms): Min: 15975.5, Avg: 15975.6, Max: 15975.6, Diff: 0.1]
      [Ext Root Scanning (ms): Min: 0.5, Avg: 0.5, Max: 0.6, Diff: 0.1, Sum: 4.0]
      [SATB Filtering (ms): Min: 0.0, Avg: 0.0, Max: 0.0, Diff: 0.0, Sum: 0.0]
      [Update RS (ms): Min: 0.0, Avg: 0.0, Max: 0.1, Diff: 0.1, Sum: 0.2]
         [Processed Buffers: Min: 0, Avg: 1.4, Max: 5, Diff: 5, Sum: 11]
      [Scan RS (ms): Min: 0.0, Avg: 0.0, Max: 0.0, Diff: 0.0, Sum: 0.0]
      [Code Root Scanning (ms): Min: 0.0, Avg: 0.0, Max: 0.0, Diff: 0.0, Sum: 0.0]
      [Object Copy (ms): Min: 0.2, Avg: 0.2, Max: 0.2, Diff: 0.0, Sum: 1.6]
      [Termination (ms): Min: 0.0, Avg: 0.0, Max: 0.0, Diff: 0.0, Sum: 0.0]
      [GC Worker Other (ms): Min: 0.0, Avg: 0.0, Max: 0.0, Diff: 0.0, Sum: 0.1]
      [GC Worker Total (ms): Min: 0.7, Avg: 0.7, Max: 0.8, Diff: 0.1, Sum: 6.0]
      [GC Worker End (ms): Min: 15976.3, Avg: 15976.3, Max: 15976.3, Diff: 0.0]
   [Code Root Fixup: 0.0 ms]
   [Code Root Migration: 0.0 ms]
   [Clear CT: 0.0 ms]
   [Other: 0.1 ms]
      [Choose CSet: 0.0 ms]
      [Ref Proc: 0.0 ms]
      [Ref Enq: 0.0 ms]
      [Free CSet: 0.0 ms]
   [Eden: 4096.0K(10.0M)->0.0B(12.0M) Survivors: 2048.0K->0.0B Heap: 252.4M(256.0M)->252.4M(256.0M)]
 [Times: user=0.01 sys=0.00, real=0.00 secs] 
15.977: Total time for which application threads were stopped: 0.0012280 seconds, Stopping threads took: 0.0001300 seconds
15.977: Application time: 0.0000440 seconds
15.977: [Full GC 252M->249M(256M), 0.0203110 secs]
   [Eden: 0.0B(12.0M)->0.0B(12.0M) Survivors: 0.0B->0.0B Heap: 252.4M(256.0M)->249.6M(256.0M)], [Perm: 5133K->5133K(20480K)]
 [Times: user=0.02 sys=0.00, real=0.02 secs] 
15.997: Total time for which application threads were stopped: 0.0204330 seconds, Stopping threads took: 0.0000530 seconds
15.997: [GC concurrent-mark-abort]
15.998: Application time: 0.0013500 seconds
15.999: [GC pause (young) (to-space exhausted), 0.0012880 secs]
   [Parallel Time: 1.1 ms, GC Workers: 8]
      [GC Worker Start (ms): Min: 15998.5, Avg: 15998.6, Max: 15998.6, Diff: 0.1]
      [Ext Root Scanning (ms): Min: 0.8, Avg: 0.8, Max: 0.9, Diff: 0.1, Sum: 6.4]
      [Update RS (ms): Min: 0.0, Avg: 0.0, Max: 0.0, Diff: 0.0, Sum: 0.0]
         [Processed Buffers: Min: 0, Avg: 0.1, Max: 1, Diff: 1, Sum: 1]
      [Scan RS (ms): Min: 0.0, Avg: 0.0, Max: 0.0, Diff: 0.0, Sum: 0.0]
      [Code Root Scanning (ms): Min: 0.0, Avg: 0.0, Max: 0.0, Diff: 0.0, Sum: 0.0]
      [Object Copy (ms): Min: 0.1, Avg: 0.1, Max: 0.2, Diff: 0.1, Sum: 0.9]
      [Termination (ms): Min: 0.0, Avg: 0.0, Max: 0.1, Diff: 0.1, Sum: 0.2]
      [GC Worker Other (ms): Min: 0.0, Avg: 0.0, Max: 0.0, Diff: 0.0, Sum: 0.0]
      [GC Worker Total (ms): Min: 0.9, Avg: 1.0, Max: 1.0, Diff: 0.1, Sum: 7.7]
      [GC Worker End (ms): Min: 15999.5, Avg: 15999.5, Max: 15999.5, Diff: 0.0]
   [Code Root Fixup: 0.0 ms]
   [Code Root Migration: 0.0 ms]
   [Clear CT: 0.0 ms]
   [Other: 0.2 ms]
      [Choose CSet: 0.0 ms]
      [Ref Proc: 0.1 ms]
      [Ref Enq: 0.0 ms]
      [Free CSet: 0.0 ms]
   [Eden: 2048.0K(12.0M)->0.0B(12.0M) Survivors: 0.0B->0.0B Heap: 251.6M(256.0M)->251.6M(256.0M)]
 [Times: user=0.01 sys=0.00, real=0.01 secs] 
16.000: Total time for which application threads were stopped: 0.0014490 seconds, Stopping threads took: 0.0000810 seconds
16.000: Application time: 0.0000690 seconds
16.000: [Full GC 251M->251M(256M), 0.0096870 secs]
   [Eden: 0.0B(12.0M)->0.0B(12.0M) Survivors: 0.0B->0.0B Heap: 251.6M(256.0M)->251.5M(256.0M)], [Perm: 5133K->5133K(20480K)]
 [Times: user=0.02 sys=0.00, real=0.01 secs] 
16.010: [Full GC 251M->251M(256M), 0.0099820 secs]
   [Eden: 0.0B(12.0M)->0.0B(12.0M) Survivors: 0.0B->0.0B Heap: 251.5M(256.0M)->251.5M(256.0M)], [Perm: 5133K->5133K(20480K)]
 [Times: user=0.01 sys=0.00, real=0.01 secs] 
16.020: Total time for which application threads were stopped: 0.0198220 seconds, Stopping threads took: 0.0000380 seconds
16.020: Application time: 0.0001960 seconds
16.020: [GC pause (young), 0.0008350 secs]
   [Parallel Time: 0.6 ms, GC Workers: 8]
      [GC Worker Start (ms): Min: 16020.1, Avg: 16020.1, Max: 16020.1, Diff: 0.1]
      [Ext Root Scanning (ms): Min: 0.4, Avg: 0.5, Max: 0.5, Diff: 0.1, Sum: 3.7]
      [Update RS (ms): Min: 0.0, Avg: 0.0, Max: 0.0, Diff: 0.0, Sum: 0.0]
         [Processed Buffers: Min: 0, Avg: 0.0, Max: 0, Diff: 0, Sum: 0]
      [Scan RS (ms): Min: 0.0, Avg: 0.0, Max: 0.0, Diff: 0.0, Sum: 0.0]
      [Code Root Scanning (ms): Min: 0.0, Avg: 0.0, Max: 0.0, Diff: 0.0, Sum: 0.0]
      [Object Copy (ms): Min: 0.0, Avg: 0.0, Max: 0.0, Diff: 0.0, Sum: 0.2]
      [Termination (ms): Min: 0.0, Avg: 0.0, Max: 0.0, Diff: 0.0, Sum: 0.1]
      [GC Worker Other (ms): Min: 0.0, Avg: 0.0, Max: 0.0, Diff: 0.0, Sum: 0.0]
      [GC Worker Total (ms): Min: 0.5, Avg: 0.5, Max: 0.5, Diff: 0.1, Sum: 4.0]
      [GC Worker End (ms): Min: 16020.6, Avg: 16020.6, Max: 16020.6, Diff: 0.0]
   [Code Root Fixup: 0.0 ms]
   [Code Root Migration: 0.0 ms]
   [Clear CT: 0.1 ms]
   [Other: 0.2 ms]
      [Choose CSet: 0.0 ms]
      [Ref Proc: 0.2 ms]
      [Ref Enq: 0.0 ms]
      [Free CSet: 0.0 ms]
   [Eden: 0.0B(12.0M)->0.0B(12.0M) Survivors: 0.0B->0.0B Heap: 251.5M(256.0M)->251.5M(256.0M)]
 [Times: user=0.01 sys=0.00, real=0.00 secs] 
16.021: Total time for which application threads were stopped: 0.0009850 seconds, Stopping threads took: 0.0000640 seconds
16.021: Application time: 0.0000870 seconds
16.021: [GC pause (young), 0.0006160 secs]
   [Parallel Time: 0.5 ms, GC Workers: 8]
      [GC Worker Start (ms): Min: 16021.1, Avg: 16021.1, Max: 16021.1, Diff: 0.0]
      [Ext Root Scanning (ms): Min: 0.3, Avg: 0.3, Max: 0.3, Diff: 0.0, Sum: 2.6]
      [Update RS (ms): Min: 0.0, Avg: 0.0, Max: 0.0, Diff: 0.0, Sum: 0.0]
         [Processed Buffers: Min: 0, Avg: 0.1, Max: 1, Diff: 1, Sum: 1]
      [Scan RS (ms): Min: 0.0, Avg: 0.0, Max: 0.0, Diff: 0.0, Sum: 0.0]
      [Code Root Scanning (ms): Min: 0.0, Avg: 0.0, Max: 0.0, Diff: 0.0, Sum: 0.0]
      [Object Copy (ms): Min: 0.0, Avg: 0.0, Max: 0.0, Diff: 0.0, Sum: 0.2]
      [Termination (ms): Min: 0.0, Avg: 0.0, Max: 0.1, Diff: 0.1, Sum: 0.4]
      [GC Worker Other (ms): Min: 0.0, Avg: 0.0, Max: 0.0, Diff: 0.0, Sum: 0.0]
      [GC Worker Total (ms): Min: 0.4, Avg: 0.4, Max: 0.4, Diff: 0.0, Sum: 3.2]
      [GC Worker End (ms): Min: 16021.5, Avg: 16021.5, Max: 16021.5, Diff: 0.0]
   [Code Root Fixup: 0.0 ms]
   [Code Root Migration: 0.0 ms]
   [Clear CT: 0.1 ms]
   [Other: 0.1 ms]
      [Choose CSet: 0.0 ms]
      [Ref Proc: 0.1 ms]
      [Ref Enq: 0.0 ms]
      [Free CSet: 0.0 ms]
   [Eden: 0.0B(12.0M)->0.0B(12.0M) Survivors: 0.0B->0.0B Heap: 251.5M(256.0M)->251.5M(256.0M)]
 [Times: user=0.00 sys=0.00, real=0.00 secs] 
16.022: Total time for which application threads were stopped: 0.0007460 seconds, Stopping threads took: 0.0000550 seconds
16.022: Application time: 0.0000800 seconds
16.022: [Full GC 251M->193M(256M), 0.0092180 secs]
   [Eden: 0.0B(12.0M)->0.0B(21.0M) Survivors: 0.0B->0.0B Heap: 251.5M(256.0M)->193.4M(256.0M)], [Perm: 5133K->5133K(20480K)]
 [Times: user=0.01 sys=0.00, real=0.01 secs] 
16.031: Total time for which application threads were stopped: 0.0093290 seconds, Stopping threads took: 0.0000460 seconds
40.071: Application time: 24.0396260 seconds
40.095: [GC pause (young), 0.0070410 secs]
   [Parallel Time: 6.7 ms, GC Workers: 8]
      [GC Worker Start (ms): Min: 40095.3, Avg: 40095.3, Max: 40095.3, Diff: 0.1]
      [Ext Root Scanning (ms): Min: 0.6, Avg: 0.7, Max: 0.7, Diff: 0.1, Sum: 5.4]
      [Update RS (ms): Min: 0.0, Avg: 0.3, Max: 1.0, Diff: 1.0, Sum: 2.1]
         [Processed Buffers: Min: 0, Avg: 0.5, Max: 2, Diff: 2, Sum: 4]
      [Scan RS (ms): Min: 0.0, Avg: 0.0, Max: 0.0, Diff: 0.0, Sum: 0.1]
      [Code Root Scanning (ms): Min: 0.0, Avg: 0.0, Max: 0.0, Diff: 0.0, Sum: 0.0]
      [Object Copy (ms): Min: 5.0, Avg: 5.7, Max: 5.9, Diff: 1.0, Sum: 45.3]
      [Termination (ms): Min: 0.0, Avg: 0.0, Max: 0.0, Diff: 0.0, Sum: 0.1]
      [GC Worker Other (ms): Min: 0.0, Avg: 0.0, Max: 0.0, Diff: 0.0, Sum: 0.1]
      [GC Worker Total (ms): Min: 6.6, Avg: 6.6, Max: 6.7, Diff: 0.1, Sum: 53.0]
      [GC Worker End (ms): Min: 40101.9, Avg: 40101.9, Max: 40101.9, Diff: 0.0]
   [Code Root Fixup: 0.0 ms]
   [Code Root Migration: 0.0 ms]
   [Clear CT: 0.1 ms]
   [Other: 0.2 ms]
      [Choose CSet: 0.0 ms]
      [Ref Proc: 0.2 ms]
      [Ref Enq: 0.0 ms]
      [Free CSet: 0.0 ms]
   [Eden: 21.0M(21.0M)->0.0B(9216.0K) Survivors: 0.0B->3072.0K Heap: 214.4M(256.0M)->214.3M(256.0M)]
 [Times: user=0.05 sys=0.00, real=0.01 secs] 
40.102: Total time for which application threads were stopped: 0.0315420 seconds, Stopping threads took: 0.0243690 seconds
40.104: Application time: 0.0017850 seconds
40.104: [GC pause (young) (initial-mark), 0.0043550 secs]
   [Parallel Time: 4.1 ms, GC Workers: 8]
      [GC Worker Start (ms): Min: 40104.2, Avg: 40104.3, Max: 40104.9, Diff: 0.7]
      [Ext Root Scanning (ms): Min: 0.0, Avg: 0.4, Max: 0.6, Diff: 0.5, Sum: 3.2]
      [Code Root Marking (ms): Min: 0.0, Avg: 0.0, Max: 0.1, Diff: 0.1, Sum: 0.1]
      [Update RS (ms): Min: 0.0, Avg: 0.0, Max: 0.0, Diff: 0.0, Sum: 0.0]
         [Processed Buffers: Min: 0, Avg: 0.6, Max: 2, Diff: 2, Sum: 5]
      [Scan RS (ms): Min: 0.0, Avg: 0.0, Max: 0.0, Diff: 0.0, Sum: 0.0]
      [Code Root Scanning (ms): Min: 0.0, Avg: 0.0, Max: 0.0, Diff: 0.0, Sum: 0.0]
      [Object Copy (ms): Min: 3.3, Avg: 3.5, Max: 3.6, Diff: 0.3, Sum: 28.2]
      [Termination (ms): Min: 0.0, Avg: 0.0, Max: 0.1, Diff: 0.1, Sum: 0.4]
      [GC Worker Other (ms): Min: 0.0, Avg: 0.0, Max: 0.0, Diff: 0.0, Sum: 0.0]
      [GC Worker Total (ms): Min: 3.4, Avg: 4.0, Max: 4.1, Diff: 0.7, Sum: 32.0]
      [GC Worker End (ms): Min: 40108.3, Avg: 40108.3, Max: 40108.4, Diff: 0.0]
   [Code Root Fixup: 0.0 ms]
   [Code Root Migration: 0.0 ms]
   [Clear CT: 0.1 ms]
   [Other: 0.2 ms]
      [Choose CSet: 0.0 ms]
      [Ref Proc: 0.1 ms]
      [Ref Enq: 0.0 ms]
      [Free CSet: 0.0 ms]
   [Eden: 9216.0K(9216.0K)->0.0B(10.0M) Survivors: 3072.0K->2048.0K Heap: 223.3M(256.0M)->223.3M(256.0M)]
 [Times: user=0.03 sys=0.00, real=0.01 secs] 
40.109: [GC concurrent-root-region-scan-start]
40.109: Total time for which application threads were stopped: 0.0044990 seconds, Stopping threads took: 0.0000390 seconds
40.109: [GC concurrent-root-region-scan-end, 0.0000380 secs]
40.109: [GC concurrent-mark-start]
40.113: [GC concurrent-mark-end, 0.0039150 secs]
40.113: Application time: 0.0039870 seconds
40.113: [GC remark 40.113: [GC ref-proc, 0.0001520 secs], 0.0008730 secs]
 [Times: user=0.01 sys=0.00, real=0.00 secs] 
40.114: Total time for which application threads were stopped: 0.0009680 seconds, Stopping threads took: 0.0000570 seconds
40.114: Application time: 0.0000270 seconds
40.114: [GC cleanup 225M->225M(256M), 0.0003010 secs]
 [Times: user=0.00 sys=0.00, real=0.00 secs] 
40.114: Total time for which application threads were stopped: 0.0003470 seconds, Stopping threads took: 0.0000270 seconds
40.128: Application time: 0.0136980 seconds
40.131: [GC pause (young), 0.0036860 secs]
   [Parallel Time: 3.5 ms, GC Workers: 8]
      [GC Worker Start (ms): Min: 40131.2, Avg: 40131.2, Max: 40131.3, Diff: 0.1]
      [Ext Root Scanning (ms): Min: 0.3, Avg: 0.4, Max: 0.4, Diff: 0.1, Sum: 3.0]
      [Update RS (ms): Min: 0.0, Avg: 0.0, Max: 0.1, Diff: 0.1, Sum: 0.3]
         [Processed Buffers: Min: 0, Avg: 1.0, Max: 2, Diff: 2, Sum: 8]
      [Scan RS (ms): Min: 0.0, Avg: 0.0, Max: 0.0, Diff: 0.0, Sum: 0.0]
      [Code Root Scanning (ms): Min: 0.0, Avg: 0.0, Max: 0.0, Diff: 0.0, Sum: 0.0]
      [Object Copy (ms): Min: 2.9, Avg: 3.0, Max: 3.0, Diff: 0.1, Sum: 23.8]
      [Termination (ms): Min: 0.0, Avg: 0.0, Max: 0.0, Diff: 0.0, Sum: 0.0]
      [GC Worker Other (ms): Min: 0.0, Avg: 0.0, Max: 0.0, Diff: 0.0, Sum: 0.1]
      [GC Worker Total (ms): Min: 3.4, Avg: 3.4, Max: 3.4, Diff: 0.1, Sum: 27.3]
      [GC Worker End (ms): Min: 40134.6, Avg: 40134.6, Max: 40134.6, Diff: 0.0]
   [Code Root Fixup: 0.0 ms]
   [Code Root Migration: 0.0 ms]
   [Clear CT: 0.1 ms]
   [Other: 0.1 ms]
      [Choose CSet: 0.0 ms]
      [Ref Proc: 0.1 ms]
      [Ref Enq: 0.0 ms]
      [Free CSet: 0.0 ms]
   [Eden: 10.0M(10.0M)->0.0B(10.0M) Survivors: 2048.0K->2048.0K Heap: 233.3M(256.0M)->233.4M(256.0M)]
 [Times: user=0.03 sys=0.00, real=0.00 secs] 
40.135: Total time for which application threads were stopped: 0.0072630 seconds, Stopping threads took: 0.0034570 seconds
40.138: Application time: 0.0026480 seconds
40.138: [GC pause (mixed) (to-space exhausted), 0.0036130 secs]
   [Parallel Time: 3.3 ms, GC Workers: 8]
      [GC Worker Start (ms): Min: 40137.7, Avg: 40137.7, Max: 40137.7, Diff: 0.0]
      [Ext Root Scanning (ms): Min: 0.4, Avg: 0.4, Max: 0.4, Diff: 0.0, Sum: 3.4]
      [Update RS (ms): Min: 0.0, Avg: 0.0, Max: 0.1, Diff: 0.1, Sum: 0.1]
         [Processed Buffers: Min: 0, Avg: 0.9, Max: 2, Diff: 2, Sum: 7]
      [Scan RS (ms): Min: 0.0, Avg: 0.0, Max: 0.0, Diff: 0.0, Sum: 0.2]
      [Code Root Scanning (ms): Min: 0.0, Avg: 0.0, Max: 0.0, Diff: 0.0, Sum: 0.0]
      [Object Copy (ms): Min: 2.8, Avg: 2.8, Max: 2.8, Diff: 0.0, Sum: 22.4]
      [Termination (ms): Min: 0.0, Avg: 0.0, Max: 0.0, Diff: 0.0, Sum: 0.1]
      [GC Worker Other (ms): Min: 0.0, Avg: 0.0, Max: 0.0, Diff: 0.0, Sum: 0.0]
      [GC Worker Total (ms): Min: 3.3, Avg: 3.3, Max: 3.3, Diff: 0.0, Sum: 26.3]
      [GC Worker End (ms): Min: 40141.0, Avg: 40141.0, Max: 40141.0, Diff: 0.0]
   [Code Root Fixup: 0.0 ms]
   [Code Root Migration: 0.0 ms]
   [Clear CT: 0.0 ms]
   [Other: 0.2 ms]
      [Choose CSet: 0.0 ms]
      [Ref Proc: 0.1 ms]
      [Ref Enq: 0.0 ms]
      [Free CSet: 0.0 ms]
   [Eden: 10.0M(10.0M)->0.0B(11.0M) Survivors: 2048.0K->1024.0K Heap: 243.4M(256.0M)->241.3M(256.0M)]
 [Times: user=0.02 sys=0.00, real=0.01 secs] 
40.141: Total time for which application threads were stopped: 0.0037490 seconds, Stopping threads took: 0.0000410 seconds
40.145: Application time: 0.0031680 seconds
40.145: [GC pause (mixed) (to-space exhausted), 0.0016340 secs]
   [Parallel Time: 1.4 ms, GC Workers: 8]
      [GC Worker Start (ms): Min: 40144.6, Avg: 40144.6, Max: 40144.7, Diff: 0.1]
      [Ext Root Scanning (ms): Min: 0.4, Avg: 0.4, Max: 0.4, Diff: 0.1, Sum: 3.2]
      [Update RS (ms): Min: 0.0, Avg: 0.2, Max: 0.4, Diff: 0.4, Sum: 1.7]
         [Processed Buffers: Min: 1, Avg: 1.8, Max: 4, Diff: 3, Sum: 14]
      [Scan RS (ms): Min: 0.0, Avg: 0.0, Max: 0.0, Diff: 0.0, Sum: 0.1]
      [Code Root Scanning (ms): Min: 0.0, Avg: 0.0, Max: 0.0, Diff: 0.0, Sum: 0.0]
      [Object Copy (ms): Min: 0.5, Avg: 0.7, Max: 0.8, Diff: 0.3, Sum: 5.6]
      [Termination (ms): Min: 0.0, Avg: 0.0, Max: 0.0, Diff: 0.0, Sum: 0.1]
      [GC Worker Other (ms): Min: 0.0, Avg: 0.0, Max: 0.0, Diff: 0.0, Sum: 0.0]
      [GC Worker Total (ms): Min: 1.3, Avg: 1.3, Max: 1.4, Diff: 0.0, Sum: 10.7]
      [GC Worker End (ms): Min: 40146.0, Avg: 40146.0, Max: 40146.0, Diff: 0.0]
   [Code Root Fixup: 0.0 ms]
   [Code Root Migration: 0.0 ms]
   [Clear CT: 0.0 ms]
   [Other: 0.2 ms]
      [Choose CSet: 0.0 ms]
      [Ref Proc: 0.1 ms]
      [Ref Enq: 0.0 ms]
      [Free CSet: 0.0 ms]
   [Eden: 11.0M(11.0M)->0.0B(12.0M) Survivors: 1024.0K->0.0B Heap: 252.3M(256.0M)->253.3M(256.0M)]
 [Times: user=0.01 sys=0.00, real=0.00 secs] 
40.146: Total time for which application threads were stopped: 0.0017640 seconds, Stopping threads took: 0.0000460 seconds
40.146: Application time: 0.0000230 seconds
40.146: [Full GC 253M->189M(256M), 0.0494890 secs]
   [Eden: 0.0B(12.0M)->0.0B(21.0M) Survivors: 0.0B->0.0B Heap: 253.3M(256.0M)->189.2M(256.0M)], [Perm: 5144K->5144K(20480K)]
 [Times: user=0.06 sys=0.00, real=0.05 secs] 
40.196: Total time for which application threads were stopped: 0.0495830 seconds, Stopping threads took: 0.0000260 seconds
40.208: Application time: 0.0123060 seconds
40.208: [GC pause (young), 0.0066520 secs]
   [Parallel Time: 6.5 ms, GC Workers: 8]
      [GC Worker Start (ms): Min: 40208.3, Avg: 40208.4, Max: 40208.4, Diff: 0.1]
      [Ext Root Scanning (ms): Min: 0.6, Avg: 0.7, Max: 0.7, Diff: 0.1, Sum: 5.4]
      [Update RS (ms): Min: 0.0, Avg: 0.1, Max: 0.5, Diff: 0.5, Sum: 0.5]
         [Processed Buffers: Min: 0, Avg: 0.2, Max: 1, Diff: 1, Sum: 2]
      [Scan RS (ms): Min: 0.0, Avg: 0.0, Max: 0.0, Diff: 0.0, Sum: 0.0]
      [Code Root Scanning (ms): Min: 0.0, Avg: 0.0, Max: 0.0, Diff: 0.0, Sum: 0.0]
      [Object Copy (ms): Min: 5.1, Avg: 5.6, Max: 5.6, Diff: 0.5, Sum: 44.5]
      [Termination (ms): Min: 0.0, Avg: 0.0, Max: 0.0, Diff: 0.0, Sum: 0.0]
      [GC Worker Other (ms): Min: 0.0, Avg: 0.0, Max: 0.0, Diff: 0.0, Sum: 0.1]
      [GC Worker Total (ms): Min: 6.3, Avg: 6.3, Max: 6.4, Diff: 0.1, Sum: 50.6]
      [GC Worker End (ms): Min: 40214.7, Avg: 40214.7, Max: 40214.7, Diff: 0.0]
   [Code Root Fixup: 0.0 ms]
   [Code Root Migration: 0.0 ms]
   [Clear CT: 0.1 ms]
   [Other: 0.1 ms]
      [Choose CSet: 0.0 ms]
      [Ref Proc: 0.1 ms]
      [Ref Enq: 0.0 ms]
      [Free CSet: 0.0 ms]
   [Eden: 21.0M(21.0M)->0.0B(9216.0K) Survivors: 0.0B->3072.0K Heap: 210.2M(256.0M)->210.1M(256.0M)]
 [Times: user=0.06 sys=0.00, real=0.00 secs] 
40.215: Total time for which application threads were stopped: 0.0068300 seconds, Stopping threads took: 0.0000590 seconds
40.218: Application time: 0.0027600 seconds
40.218: [GC pause (young) (initial-mark), 0.0040300 secs]
   [Parallel Time: 3.9 ms, GC Workers: 8]
      [GC Worker Start (ms): Min: 40217.9, Avg: 40217.9, Max: 40218.0, Diff: 0.1]
      [Ext Root Scanning (ms): Min: 0.3, Avg: 0.4, Max: 0.5, Diff: 0.2, Sum: 3.3]
      [Code Root Marking (ms): Min: 0.0, Avg: 0.0, Max: 0.0, Diff: 0.0, Sum: 0.1]
      [Update RS (ms): Min: 0.0, Avg: 0.0, Max: 0.2, Diff: 0.2, Sum: 0.3]
         [Processed Buffers: Min: 0, Avg: 0.6, Max: 1, Diff: 1, Sum: 5]
      [Scan RS (ms): Min: 0.0, Avg: 0.0, Max: 0.0, Diff: 0.0, Sum: 0.0]
      [Code Root Scanning (ms): Min: 0.0, Avg: 0.0, Max: 0.0, Diff: 0.0, Sum: 0.0]
      [Object Copy (ms): Min: 3.1, Avg: 3.3, Max: 3.4, Diff: 0.3, Sum: 26.3]
      [Termination (ms): Min: 0.0, Avg: 0.0, Max: 0.0, Diff: 0.0, Sum: 0.1]
      [GC Worker Other (ms): Min: 0.0, Avg: 0.0, Max: 0.0, Diff: 0.0, Sum: 0.1]
      [GC Worker Total (ms): Min: 3.7, Avg: 3.8, Max: 3.8, Diff: 0.1, Sum: 30.2]
      [GC Worker End (ms): Min: 40221.7, Avg: 40221.7, Max: 40221.7, Diff: 0.0]
   [Code Root Fixup: 0.0 ms]
   [Code Root Migration: 0.0 ms]
   [Clear CT: 0.0 ms]
   [Other: 0.1 ms]
      [Choose CSet: 0.0 ms]
      [Ref Proc: 0.1 ms]
      [Ref Enq: 0.0 ms]
      [Free CSet: 0.0 ms]
   [Eden: 9216.0K(9216.0K)->0.0B(10.0M) Survivors: 3072.0K->2048.0K Heap: 219.1M(256.0M)->219.1M(256.0M)]
 [Times: user=0.03 sys=0.00, real=0.01 secs] 
40.222: [GC concurrent-root-region-scan-start]
40.222: Total time for which application threads were stopped: 0.0041940 seconds, Stopping threads took: 0.0000500 seconds
40.222: [GC concurrent-root-region-scan-end, 0.0000560 secs]
40.222: [GC concurrent-mark-start]
40.228: [GC concurrent-mark-end, 0.0060810 secs]
40.228: Application time: 0.0062290 seconds
40.228: [GC remark 40.228: [GC ref-proc, 0.0001120 secs], 0.0006320 secs]
 [Times: user=0.00 sys=0.00, real=0.00 secs] 
40.229: Total time for which application threads were stopped: 0.0007400 seconds, Stopping threads took: 0.0000680 seconds
40.229: Application time: 0.0000340 seconds
40.229: [GC cleanup 226M->203M(256M), 0.0002460 secs]
 [Times: user=0.00 sys=0.00, real=0.00 secs] 
40.229: Total time for which application threads were stopped: 0.0002990 seconds, Stopping threads took: 0.0000300 seconds
40.229: [GC concurrent-cleanup-start]
40.229: [GC concurrent-cleanup-end, 0.0000310 secs]
40.248: Application time: 0.0185620 seconds
43.619: [GC pause (young), 0.0043570 secs]
   [Parallel Time: 4.0 ms, GC Workers: 8]
      [GC Worker Start (ms): Min: 43618.7, Avg: 43618.8, Max: 43618.8, Diff: 0.1]
      [Ext Root Scanning (ms): Min: 0.4, Avg: 0.5, Max: 0.5, Diff: 0.1, Sum: 3.6]
      [Update RS (ms): Min: 0.0, Avg: 0.2, Max: 0.4, Diff: 0.4, Sum: 1.4]
         [Processed Buffers: Min: 0, Avg: 1.2, Max: 2, Diff: 2, Sum: 10]
      [Scan RS (ms): Min: 0.0, Avg: 0.0, Max: 0.0, Diff: 0.0, Sum: 0.0]
      [Code Root Scanning (ms): Min: 0.0, Avg: 0.0, Max: 0.0, Diff: 0.0, Sum: 0.0]
      [Object Copy (ms): Min: 3.1, Avg: 3.3, Max: 3.5, Diff: 0.4, Sum: 26.1]
      [Termination (ms): Min: 0.0, Avg: 0.0, Max: 0.0, Diff: 0.0, Sum: 0.0]
      [GC Worker Other (ms): Min: 0.0, Avg: 0.0, Max: 0.0, Diff: 0.0, Sum: 0.1]
      [GC Worker Total (ms): Min: 3.9, Avg: 3.9, Max: 4.0, Diff: 0.1, Sum: 31.3]
      [GC Worker End (ms): Min: 43622.7, Avg: 43622.7, Max: 43622.7, Diff: 0.0]
   [Code Root Fixup: 0.0 ms]
   [Code Root Migration: 0.0 ms]
   [Clear CT: 0.1 ms]
   [Other: 0.2 ms]
      [Choose CSet: 0.0 ms]
      [Ref Proc: 0.2 ms]
      [Ref Enq: 0.0 ms]
      [Free CSet: 0.0 ms]
   [Eden: 10.0M(10.0M)->0.0B(10.0M) Survivors: 2048.0K->2048.0K Heap: 206.4M(256.0M)->206.4M(256.0M)]
 [Times: user=0.02 sys=0.01, real=0.01 secs] 
43.623: Total time for which application threads were stopped: 3.3752590 seconds, Stopping threads took: 3.3707650 seconds
43.626: Application time: 0.0030590 seconds
43.626: [GC pause (mixed), 0.0050230 secs]
   [Parallel Time: 4.8 ms, GC Workers: 8]
      [GC Worker Start (ms): Min: 43626.3, Avg: 43626.4, Max: 43626.4, Diff: 0.1]
      [Ext Root Scanning (ms): Min: 0.4, Avg: 0.5, Max: 0.5, Diff: 0.1, Sum: 3.6]
      [Update RS (ms): Min: 0.0, Avg: 0.0, Max: 0.1, Diff: 0.1, Sum: 0.2]
         [Processed Buffers: Min: 0, Avg: 1.0, Max: 3, Diff: 3, Sum: 8]
      [Scan RS (ms): Min: 0.0, Avg: 0.0, Max: 0.0, Diff: 0.0, Sum: 0.2]
      [Code Root Scanning (ms): Min: 0.0, Avg: 0.0, Max: 0.0, Diff: 0.0, Sum: 0.0]
      [Object Copy (ms): Min: 4.2, Avg: 4.2, Max: 4.2, Diff: 0.0, Sum: 33.8]
      [Termination (ms): Min: 0.0, Avg: 0.0, Max: 0.0, Diff: 0.0, Sum: 0.1]
      [GC Worker Other (ms): Min: 0.0, Avg: 0.0, Max: 0.0, Diff: 0.0, Sum: 0.1]
      [GC Worker Total (ms): Min: 4.7, Avg: 4.8, Max: 4.8, Diff: 0.1, Sum: 38.0]
      [GC Worker End (ms): Min: 43631.1, Avg: 43631.1, Max: 43631.1, Diff: 0.0]
   [Code Root Fixup: 0.0 ms]
   [Code Root Migration: 0.0 ms]
   [Clear CT: 0.0 ms]
   [Other: 0.1 ms]
      [Choose CSet: 0.0 ms]
      [Ref Proc: 0.1 ms]
      [Ref Enq: 0.0 ms]
      [Free CSet: 0.0 ms]
   [Eden: 10.0M(10.0M)->0.0B(11.0M) Survivors: 2048.0K->2048.0K Heap: 216.4M(256.0M)->203.9M(256.0M)]
 [Times: user=0.04 sys=0.00, real=0.01 secs] 
43.631: Total time for which application threads were stopped: 0.0051950 seconds, Stopping threads took: 0.0000570 seconds
43.635: Application time: 0.0035020 seconds
43.635: [GC pause (young), 0.0043230 secs]
   [Parallel Time: 4.2 ms, GC Workers: 8]
      [GC Worker Start (ms): Min: 43635.0, Avg: 43635.0, Max: 43635.1, Diff: 0.1]
      [Ext Root Scanning (ms): Min: 0.4, Avg: 0.5, Max: 0.5, Diff: 0.1, Sum: 3.8]
      [Update RS (ms): Min: 0.0, Avg: 0.2, Max: 0.6, Diff: 0.6, Sum: 1.5]
         [Processed Buffers: Min: 0, Avg: 1.2, Max: 2, Diff: 2, Sum: 10]
      [Scan RS (ms): Min: 0.0, Avg: 0.0, Max: 0.0, Diff: 0.0, Sum: 0.0]
      [Code Root Scanning (ms): Min: 0.0, Avg: 0.0, Max: 0.0, Diff: 0.0, Sum: 0.0]
      [Object Copy (ms): Min: 3.1, Avg: 3.4, Max: 3.6, Diff: 0.6, Sum: 27.4]
      [Termination (ms): Min: 0.0, Avg: 0.0, Max: 0.0, Diff: 0.0, Sum: 0.0]
      [GC Worker Other (ms): Min: 0.0, Avg: 0.0, Max: 0.0, Diff: 0.0, Sum: 0.1]
      [GC Worker Total (ms): Min: 4.1, Avg: 4.1, Max: 4.1, Diff: 0.1, Sum: 32.8]
      [GC Worker End (ms): Min: 43639.1, Avg: 43639.1, Max: 43639.1, Diff: 0.0]
   [Code Root Fixup: 0.0 ms]
   [Code Root Migration: 0.0 ms]
   [Clear CT: 0.0 ms]
   [Other: 0.1 ms]
      [Choose CSet: 0.0 ms]
      [Ref Proc: 0.1 ms]
      [Ref Enq: 0.0 ms]
      [Free CSet: 0.0 ms]
   [Eden: 11.0M(11.0M)->0.0B(10.0M) Survivors: 2048.0K->2048.0K Heap: 214.9M(256.0M)->215.0M(256.0M)]
 [Times: user=0.04 sys=0.00, real=0.01 secs] 
43.639: Total time for which application threads were stopped: 0.0044910 seconds, Stopping threads took: 0.0000510 seconds
54.720: Application time: 11.0806350 seconds
54.720: [GC pause (young) (initial-mark), 0.0043920 secs]
   [Parallel Time: 3.6 ms, GC Workers: 8]
      [GC Worker Start (ms): Min: 54720.1, Avg: 54720.3, Max: 54721.6, Diff: 1.5]
      [Ext Root Scanning (ms): Min: 0.0, Avg: 0.6, Max: 2.7, Diff: 2.7, Sum: 5.0]
      [Code Root Marking (ms): Min: 0.0, Avg: 0.0, Max: 0.1, Diff: 0.1, Sum: 0.1]
      [Update RS (ms): Min: 0.0, Avg: 0.1, Max: 0.4, Diff: 0.4, Sum: 0.8]
         [Processed Buffers: Min: 0, Avg: 1.2, Max: 2, Diff: 2, Sum: 10]
      [Scan RS (ms): Min: 0.0, Avg: 0.0, Max: 0.0, Diff: 0.0, Sum: 0.0]
      [Code Root Scanning (ms): Min: 0.0, Avg: 0.0, Max: 0.0, Diff: 0.0, Sum: 0.0]
      [Object Copy (ms): Min: 0.7, Avg: 2.5, Max: 3.0, Diff: 2.3, Sum: 20.4]
      [Termination (ms): Min: 0.0, Avg: 0.0, Max: 0.0, Diff: 0.0, Sum: 0.0]
      [GC Worker Other (ms): Min: 0.0, Avg: 0.0, Max: 0.0, Diff: 0.0, Sum: 0.1]
      [GC Worker Total (ms): Min: 2.0, Avg: 3.3, Max: 3.5, Diff: 1.5, Sum: 26.5]
      [GC Worker End (ms): Min: 54723.6, Avg: 54723.6, Max: 54723.7, Diff: 0.0]
   [Code Root Fixup: 0.0 ms]
   [Code Root Migration: 0.0 ms]
   [Clear CT: 0.4 ms]
   [Other: 0.4 ms]
      [Choose CSet: 0.0 ms]
      [Ref Proc: 0.4 ms]
      [Ref Enq: 0.0 ms]
      [Free CSet: 0.0 ms]
   [Eden: 10.0M(10.0M)->0.0B(10.0M) Survivors: 2048.0K->2048.0K Heap: 225.0M(256.0M)->224.1M(256.0M)]
 [Times: user=0.03 sys=0.00, real=0.00 secs] 
54.725: Total time for which application threads were stopped: 0.0045520 seconds, Stopping threads took: 0.0000140 seconds
54.725: [GC concurrent-root-region-scan-start]
54.725: Application time: 0.0001140 seconds
54.725: Total time for which application threads were stopped: 0.0000890 seconds, Stopping threads took: 0.0000620 seconds
54.725: Application time: 0.0000430 seconds
54.725: [GC concurrent-root-region-scan-end, 0.0002780 secs]
54.725: [GC concurrent-mark-start]
54.725: Total time for which application threads were stopped: 0.0000640 seconds, Stopping threads took: 0.0000480 seconds
54.725: Application time: 0.0000430 seconds
54.725: Total time for which application threads were stopped: 0.0000430 seconds, Stopping threads took: 0.0000320 seconds
54.725: Application time: 0.0000380 seconds
54.725: Total time for which application threads were stopped: 0.0000290 seconds, Stopping threads took: 0.0000220 seconds
54.725: Application time: 0.0000480 seconds
54.725: Total time for which application threads were stopped: 0.0000240 seconds, Stopping threads took: 0.0000150 seconds
54.725: Application time: 0.0000420 seconds
54.725: Total time for which application threads were stopped: 0.0000260 seconds, Stopping threads took: 0.0000180 seconds
54.725: Application time: 0.0000510 seconds
54.725: Total time for which application threads were stopped: 0.0000200 seconds, Stopping threads took: 0.0000120 seconds
54.725: Application time: 0.0000350 seconds
54.725: Total time for which application threads were stopped: 0.0000140 seconds, Stopping threads took: 0.0000070 seconds
54.725: Application time: 0.0000380 seconds
54.725: Total time for which application threads were stopped: 0.0000290 seconds, Stopping threads took: 0.0000210 seconds
54.725: Application time: 0.0000280 seconds
54.725: Total time for which application threads were stopped: 0.0000190 seconds, Stopping threads took: 0.0000120 seconds
54.725: Application time: 0.0000230 seconds
54.725: Total time for which application threads were stopped: 0.0000230 seconds, Stopping threads took: 0.0000160 seconds
54.725: Application time: 0.0000290 seconds
54.726: Total time for which application threads were stopped: 0.0000200 seconds, Stopping threads took: 0.0000130 seconds
54.726: Application time: 0.0000440 seconds
54.726: Total time for which application threads were stopped: 0.0000190 seconds, Stopping threads took: 0.0000120 seconds
54.726: Application time: 0.0000420 seconds
54.726: Total time for which application threads were stopped: 0.0000220 seconds, Stopping threads took: 0.0000150 seconds
54.726: Application time: 0.0000310 seconds
54.726: Total time for which application threads were stopped: 0.0000190 seconds, Stopping threads took: 0.0000120 seconds
54.726: Application time: 0.0000300 seconds
54.726: Total time for which application threads were stopped: 0.0000230 seconds, Stopping threads took: 0.0000160 seconds
54.727: [GC concurrent-mark-end, 0.0026170 secs]
54.727: Application time: 0.0017390 seconds
54.728: [GC remark 54.732: [GC ref-proc, 0.0001090 secs], 0.0052760 secs]
 [Times: user=0.04 sys=0.00, real=0.00 secs] 
54.733: Total time for which application threads were stopped: 0.0053110 seconds, Stopping threads took: 0.0000150 seconds
54.733: Application time: 0.0000260 seconds
54.733: [GC cleanup 224M->23M(256M), 0.0003240 secs]
 [Times: user=0.00 sys=0.00, real=0.00 secs] 
54.733: Total time for which application threads were stopped: 0.0003600 seconds, Stopping threads took: 0.0000140 seconds
54.733: [GC concurrent-cleanup-start]
54.733: Application time: 0.0000220 seconds
54.733: Total time for which application threads were stopped: 0.0000260 seconds, Stopping threads took: 0.0000150 seconds
54.733: Application time: 0.0000410 seconds
54.733: Total time for which application threads were stopped: 0.0000360 seconds, Stopping threads took: 0.0000140 seconds
54.733: [GC concurrent-cleanup-end, 0.0001270 secs]
54.754: Application time: 0.0204860 seconds
54.754: Total time for which application threads were stopped: 0.0000430 seconds, Stopping threads took: 0.0000080 seconds
54.877: Application time: 0.1232760 seconds
54.877: [GC pause (young), 0.0024140 secs]
   [Parallel Time: 1.8 ms, GC Workers: 8]
      [GC Worker Start (ms): Min: 54877.2, Avg: 54877.3, Max: 54877.3, Diff: 0.1]
      [Ext Root Scanning (ms): Min: 0.6, Avg: 0.7, Max: 0.9, Diff: 0.4, Sum: 5.7]
      [Update RS (ms): Min: 0.0, Avg: 0.0, Max: 0.1, Diff: 0.1, Sum: 0.2]
         [Processed Buffers: Min: 0, Avg: 2.6, Max: 11, Diff: 11, Sum: 21]
      [Scan RS (ms): Min: 0.0, Avg: 0.1, Max: 0.2, Diff: 0.2, Sum: 0.7]
      [Code Root Scanning (ms): Min: 0.0, Avg: 0.0, Max: 0.0, Diff: 0.0, Sum: 0.0]
      [Object Copy (ms): Min: 0.7, Avg: 0.8, Max: 0.9, Diff: 0.2, Sum: 6.7]
      [Termination (ms): Min: 0.0, Avg: 0.0, Max: 0.0, Diff: 0.0, Sum: 0.0]
      [GC Worker Other (ms): Min: 0.0, Avg: 0.0, Max: 0.0, Diff: 0.0, Sum: 0.1]
      [GC Worker Total (ms): Min: 1.6, Avg: 1.7, Max: 1.7, Diff: 0.1, Sum: 13.4]
      [GC Worker End (ms): Min: 54878.9, Avg: 54878.9, Max: 54878.9, Diff: 0.0]
   [Code Root Fixup: 0.0 ms]
   [Code Root Migration: 0.0 ms]
   [Clear CT: 0.1 ms]
   [Other: 0.5 ms]
      [Choose CSet: 0.0 ms]
      [Ref Proc: 0.5 ms]
      [Ref Enq: 0.0 ms]
      [Free CSet: 0.0 ms]
   [Eden: 10.0M(10.0M)->0.0B(109.0M) Survivors: 2048.0K->2048.0K Heap: 33.2M(256.0M)->24.8M(256.0M)]
 [Times: user=0.01 sys=0.00, real=0.01 secs] 
54.880: Total time for which application threads were stopped: 0.0025490 seconds, Stopping threads took: 0.0000140 seconds
54.880: Application time: 0.0000880 seconds
54.880: Total time for which application threads were stopped: 0.0000550 seconds, Stopping threads took: 0.0000360 seconds
54.880: Application time: 0.0000310 seconds
54.880: Total time for which application threads were stopped: 0.0000240 seconds, Stopping threads took: 0.0000180 seconds
54.880: Application time: 0.0000290 seconds
54.880: Total time for which application threads were stopped: 0.0000430 seconds, Stopping threads took: 0.0000160 seconds
54.880: Application time: 0.0000120 seconds
54.880: Total time for which application threads were stopped: 0.0000210 seconds, Stopping threads took: 0.0000150 seconds
54.880: Application time: 0.0000110 seconds
54.880: Total time for which application threads were stopped: 0.0000100 seconds, Stopping threads took: 0.0000060 seconds
54.880: Application time: 0.0000110 seconds
54.880: Total time for which application threads were stopped: 0.0000180 seconds, Stopping threads took: 0.0000130 seconds
54.880: Application time: 0.0000110 seconds
54.880: Total time for which application threads were stopped: 0.0000150 seconds, Stopping threads took: 0.0000100 seconds
54.880: Application time: 0.0000110 seconds
54.880: Total time for which application threads were stopped: 0.0000180 seconds, Stopping threads took: 0.0000130 seconds
54.880: Application time: 0.0000110 seconds
54.880: Total time for which application threads were stopped: 0.0000170 seconds, Stopping threads took: 0.0000120 seconds
54.880: Application time: 0.0000100 seconds
54.880: Total time for which application threads were stopped: 0.0000130 seconds, Stopping threads took: 0.0000080 seconds
54.880: Application time: 0.0000100 seconds
54.880: Total time for which application threads were stopped: 0.0000260 seconds, Stopping threads took: 0.0000210 seconds
54.880: Application time: 0.0000110 seconds
54.880: Total time for which application threads were stopped: 0.0000200 seconds, Stopping threads took: 0.0000150 seconds
54.880: Application time: 0.0000120 seconds
54.880: Total time for which application threads were stopped: 0.0000150 seconds, Stopping threads took: 0.0000110 seconds
54.880: Application time: 0.0000110 seconds
54.880: Total time for which application threads were stopped: 0.0000190 seconds, Stopping threads took: 0.0000140 seconds
54.880: Application time: 0.0000110 seconds
54.880: Total time for which application threads were stopped: 0.0000190 seconds, Stopping threads took: 0.0000140 seconds
54.880: Application time: 0.0000100 seconds
54.880: Total time for which application threads were stopped: 0.0000190 seconds, Stopping threads took: 0.0000130 seconds
54.880: Application time: 0.0000120 seconds
54.880: Total time for which application threads were stopped: 0.0000180 seconds, Stopping threads took: 0.0000130 seconds
54.880: Application time: 0.0000110 seconds
54.880: Total time for which application threads were stopped: 0.0000190 seconds, Stopping threads took: 0.0000140 seconds
54.880: Application time: 0.0000100 seconds
54.880: Total time for which application threads were stopped: 0.0000180 seconds, Stopping threads took: 0.0000120 seconds
54.880: Application time: 0.0000110 seconds
54.880: Total time for which application threads were stopped: 0.0000180 seconds, Stopping threads took: 0.0000130 seconds
54.880: Application time: 0.0000100 seconds
54.880: Total time for which application threads were stopped: 0.0000160 seconds, Stopping threads took: 0.0000110 seconds
54.880: Application time: 0.0000100 seconds
54.881: Total time for which application threads were stopped: 0.0000160 seconds, Stopping threads took: 0.0000110 seconds
54.881: Application time: 0.0000100 seconds
54.881: Total time for which application threads were stopped: 0.0000390 seconds, Stopping threads took: 0.0000110 seconds
55.039: Application time: 0.1585220 seconds
55.039: Total time for which application threads were stopped: 0.0000360 seconds, Stopping threads took: 0.0000100 seconds
Heap
 garbage-first heap   total 262144K, used 49031K [0x00000000eae00000, 0x00000000fae00000, 0x00000000fae00000)
  region size 1024K, 22 young (22528K), 2 survivors (2048K)
 compacting perm gen  total 20480K, used 12677K [0x00000000fae00000, 0x00000000fc200000, 0x0000000100000000)
   the space 20480K,  61% used [0x00000000fae00000, 0x00000000fba61418, 0x00000000fba61600, 0x00000000fc200000)
No shared spaces configured.
55.039: Application time: 0.0001560 seconds
